<?xml version="1.0" ?>

<verbosegc xmlns="http://www.ibm.com/j9/verbosegc" version="25b0271_CMPRSS">

<initialized id="1" timestamp="2019-07-02T20:35:41.420">
  <attribute name="gcPolicy" value="-Xgcpolicy:balanced" />
  <attribute name="GC Util" value="0" />
  <attribute name="CPU Util" value="0" />
  <attribute name="Time Running"value="0"/>
  <attribute name="Number of cores"value="0"/>
  <attribute name="maxHeapSize" value="0x7cb00000" />
  <attribute name="initialHeapSize" value="0x800000" />
  <attribute name="compressedRefs" value="true" />
  <attribute name="compressedRefsDisplacement" value="0x0" />
  <attribute name="compressedRefsShift" value="0x0" />
  <attribute name="pageSize" value="0x1000" />
  <attribute name="pageType" value="not used" />
  <attribute name="requestedPageSize" value="0x1000" />
  <attribute name="requestedPageType" value="not used" />
  <attribute name="gcthreads" value="4" />
  <attribute name="packetListSplit" value="4" />
  <attribute name="cacheListSplit" value="4" />
  <attribute name="splitFreeListSplitAmount" value="1" />
  <attribute name="numaNodes" value="0" />
  <region>
    <attribute name="regionSize" value="1048576" />
    <attribute name="regionCount" value="1995" />
    <attribute name="arrayletLeafSize" value="1048576" />
  </region>
  <system>
    <attribute name="physicalMemory" value="8370962432" />
    <attribute name="numCPUs" value="4" />
    <attribute name="architecture" value="amd64" />
    <attribute name="os" value="Linux" />
    <attribute name="osVersion" value="4.4.0-148-generic" />
  </system>
  <vmargs>
    <vmarg name="-Xoptionsfile=/vagrant/jdk/lib/options.default" />
    <vmarg name="-Xlockword:mode=default,noLockword=java/lang/String,noLockword=java/util/MapEntry,noLockword=java/util/HashMap$Entry,noLockword..." />
    <vmarg name="-Xjcl:jclse11_29" />
    <vmarg name="-Dcom.ibm.oti.vm.bootstrap.library.path=/vagrant/jdk/lib/compressedrefs:/vagrant/jdk/lib" />
    <vmarg name="-Dsun.boot.library.path=/vagrant/jdk/lib/compressedrefs:/vagrant/jdk/lib" />
    <vmarg name="-Djava.library.path=/vagrant/jdk/lib/compressedrefs:/vagrant/jdk/lib:/usr/lib64:/usr/lib" />
    <vmarg name="-Djava.home=/vagrant/jdk" />
    <vmarg name="-Duser.dir=/vagrant" />
    <vmarg name="-Xgcpolicy:balanced" />
    <vmarg name="-verbose:gc" />
    <vmarg name="-Xloggc:default-Balanced-jdkF-verbose2jython.txt" />
    <vmarg name="-Djava.class.path=dacapo-9.12-MR1-bach.jar" />
    <vmarg name="-Dsun.java.command=dacapo-9.12-MR1-bach.jar jython --size=default" />
    <vmarg name="-Dsun.java.launcher=SUN_STANDARD" />
    <vmarg name="-Dsun.java.launcher.pid=21247" />
  </vmargs>
</initialized>

<exclusive-start id="2" timestamp="2019-07-02T20:35:43.086" intervalms="1665.768">
  <response-info timems="0.023" idlems="0.023" threads="0" lastid="0000000001777700" lastname="main" />
</exclusive-start>
<allocation-taxation id="3" taxation-threshold="8388608" timestamp="2019-07-02T20:35:43.087" intervalms="1666.029" />
<cycle-start id="4" type="partial gc" contextid="0" timestamp="2019-07-02T20:35:43.087" intervalms="1666.438" />
  <attribute name="GC Util" value="0" />
  <attribute name="CPU Util" value="121" />
  <attribute name="Time Running"value="0"/>
  <attribute name="Number of cores"value="4"/>
<gc-start id="5" type="partial gc" contextid="4" timestamp="2019-07-02T20:35:43.087">
  <mem-info id="6" free="0" total="8388608" percent="0">
    <mem type="eden" free="0" total="8388608" percent="0" />
    <remembered-set count="0" freebytes="334848" totalbytes="334848" percent="100" regionsoverflowed="0" regionsstable="0" regionsrebuilding="0"/>
  </mem-info>
</gc-start>
<allocation-stats totalBytes="8310312" >
  <allocated-bytes non-tlh="314512" tlh="7995800" arrayletleaf="0"/>
  <largest-consumer threadName="main" threadId="0000000001777700" bytes="8234624" />
</allocation-stats>
<gc-op id="7" type="mark" timems="2.956" contextid="4" timestamp="2019-07-02T20:35:43.091">
  <trace-info objectcount="17648" scancount="13961" scanbytes="458964" />
  <remembered-set-cleared processed="0" cleared="0" durationms="0.044" />
  <finalization candidates="19" enqueued="1" />
  <references type="soft" candidates="63" cleared="0" enqueued="0" dynamicThreshold="32" maxThreshold="32" />
  <references type="weak" candidates="567" cleared="402" enqueued="362" />
  <references type="phantom" candidates="105" cleared="44" enqueued="44" />
  <stringconstants candidates="2393" cleared="0"  />
  <warning details="Mark for calibration purposes" />
</gc-op>
<gc-op id="8" type="classunload" timems="0.141" contextid="4" timestamp="2019-07-02T20:35:43.091">
  <classunload-info classloadercandidates="5" classloadersunloaded="0" classesunloaded="0" anonymousclassesunloaded="0" quiescems="0.000" setupms="0.141" scanms="0.000" postms="0.000" />
</gc-op>
<gc-op id="9" type="sweep" timems="0.726" contextid="4" timestamp="2019-07-02T20:35:43.092" />
<gc-op id="10" type="compact" timems="4.443" contextid="4" timestamp="2019-07-02T20:35:43.097">
  <compact-info movecount="17648" movebytes="960720" />
  <remembered-set-cleared processed="0" cleared="0" durationms="0.068" />
</gc-op>
<gc-end id="11" type="partial gc" contextid="4" durationms="11.073" usertimems="8.000" systemtimems="4.000" timestamp="2019-07-02T20:35:43.098" activeThreads="4">
  <mem-info id="12" free="7340032" total="8388608" percent="87">
    <mem type="eden" free="87856" total="1048576" percent="8" />
    <pending-finalizers system="1" default="0" reference="406" classloader="0" />
    <remembered-set count="0" freebytes="334848" totalbytes="334848" percent="100" regionsoverflowed="0" regionsstable="0" regionsrebuilding="0"/>
  </mem-info>
</gc-end>
<cycle-end id="13" type="partial gc" contextid="4" timestamp="2019-07-02T20:35:43.099">
  <attribute name="GC Util" value="18" />
  <attribute name="CPU Util" value="15283426339842" />
  <attribute name="Time Running"value="1578"/>
  <attribute name="Number of cores"value="4"/>
</cycle-end>
<exclusive-end id="14" timestamp="2019-07-02T20:35:43.099" durationms="12.606" />

<exclusive-start id="15" timestamp="2019-07-02T20:35:43.640" intervalms="553.936">
  <response-info timems="0.016" idlems="0.016" threads="0" lastid="0000000001777700" lastname="main" />
</exclusive-start>
<allocation-taxation id="16" taxation-threshold="7340032" timestamp="2019-07-02T20:35:43.640" intervalms="553.862" />
<cycle-start id="17" type="partial gc" contextid="0" timestamp="2019-07-02T20:35:43.641" intervalms="553.627" />
  <attribute name="GC Util" value="18" />
  <attribute name="CPU Util" value="15283426339842" />
  <attribute name="Time Running"value="1578"/>
  <attribute name="Number of cores"value="4"/>
<gc-start id="18" type="partial gc" contextid="17" timestamp="2019-07-02T20:35:43.641">
  <mem-info id="19" free="0" total="8388608" percent="0">
    <mem type="eden" free="87856" total="8388608" percent="1" />
    <remembered-set count="0" freebytes="334848" totalbytes="334848" percent="100" regionsoverflowed="0" regionsstable="0" regionsrebuilding="0"/>
  </mem-info>
</gc-start>
<allocation-stats totalBytes="7317136" >
  <allocated-bytes non-tlh="557448" tlh="6759688" arrayletleaf="0"/>
  <largest-consumer threadName="main" threadId="0000000001777700" bytes="7308856" />
</allocation-stats>
<gc-op id="20" type="mark" timems="2.167" contextid="17" timestamp="2019-07-02T20:35:43.644">
  <trace-info objectcount="20221" scancount="16083" scanbytes="548060" />
  <remembered-set-cleared processed="0" cleared="0" durationms="0.037" />
  <finalization candidates="55" enqueued="0" />
  <ownableSynchronizers candidates="17" cleared="0" />
  <references type="soft" candidates="67" cleared="0" enqueued="0" dynamicThreshold="28" maxThreshold="32" />
  <references type="weak" candidates="828" cleared="372" enqueued="262" />
  <references type="phantom" candidates="88" cleared="2" enqueued="2" />
  <stringconstants candidates="2636" cleared="0"  />
  <warning details="Mark invoked due to insufficient free space for Copy-Forward" />
</gc-op>
<gc-op id="21" type="classunload" timems="0.001" contextid="17" timestamp="2019-07-02T20:35:43.644">
  <classunload-info classloadercandidates="6" classloadersunloaded="0" classesunloaded="0" anonymousclassesunloaded="0" quiescems="0.000" setupms="0.001" scanms="0.000" postms="0.000" />
</gc-op>
<gc-op id="22" type="sweep" timems="0.332" contextid="17" timestamp="2019-07-02T20:35:43.644" />
<gc-op id="23" type="compact" timems="4.381" contextid="17" timestamp="2019-07-02T20:35:43.649">
  <compact-info movecount="20221" movebytes="1545448" />
  <remembered-set-cleared processed="0" cleared="0" durationms="0.037" />
</gc-op>
<gc-end id="24" type="partial gc" contextid="17" durationms="8.347" usertimems="8.000" systemtimems="0.000" timestamp="2019-07-02T20:35:43.649" activeThreads="4">
  <mem-info id="25" free="6291456" total="8388608" percent="75">
    <mem type="eden" free="551704" total="2097152" percent="26" />
    <pending-finalizers system="0" default="0" reference="264" classloader="0" />
    <remembered-set count="1024" freebytes="330752" totalbytes="334848" percent="98" regionsoverflowed="0" regionsstable="0" regionsrebuilding="0"/>
  </mem-info>
</gc-end>
<cycle-end id="26" type="partial gc" contextid="17" timestamp="2019-07-02T20:35:43.649">
  <attribute name="GC Util" value="13" />
  <attribute name="CPU Util" value="30488923827895" />
  <attribute name="Time Running"value="2130"/>
  <attribute name="Number of cores"value="4"/>
</cycle-end>
<exclusive-end id="27" timestamp="2019-07-02T20:35:43.650" durationms="9.447" />

<exclusive-start id="28" timestamp="2019-07-02T20:35:43.748" intervalms="108.094">
  <response-info timems="0.010" idlems="0.010" threads="0" lastid="0000000001777700" lastname="main" />
</exclusive-start>
<allocation-taxation id="29" taxation-threshold="3145728" timestamp="2019-07-02T20:35:43.748" intervalms="108.012" />
<cycle-start id="30" type="global mark phase" contextid="0" timestamp="2019-07-02T20:35:43.749" intervalms="2328.048" />
  <attribute name="GC Util" value="13" />
  <attribute name="CPU Util" value="30488923827895" />
  <attribute name="Time Running"value="2130"/>
  <attribute name="Number of cores"value="4"/>
<gc-start id="31" type="global mark phase" contextid="30" timestamp="2019-07-02T20:35:43.749">
  <mem-info id="32" free="3145728" total="8388608" percent="37">
    <remembered-set count="544" freebytes="332672" totalbytes="334848" percent="99" regionsoverflowed="0" regionsstable="0" regionsrebuilding="0"/>
  </mem-info>
</gc-start>
<gc-op id="33" type="mark increment" timems="0.994" contextid="30" timestamp="2019-07-02T20:35:43.750">
  <trace-info objectcount="120" scancount="0" scanbytes="0" />
</gc-op>
<gc-end id="34" type="global mark phase" contextid="30" durationms="1.116" usertimems="0.000" systemtimems="0.000" timestamp="2019-07-02T20:35:43.750" activeThreads="4">
  <mem-info id="35" free="3145728" total="8388608" percent="37">
    <remembered-set count="544" freebytes="332672" totalbytes="334848" percent="99" regionsoverflowed="0" regionsstable="0" regionsrebuilding="0"/>
  </mem-info>
</gc-end>
<concurrent-start id="36" type="GMP work packet processing" contextid="30" timestamp="2019-07-02T20:35:43.750">
  <concurrent-mark-start scanTarget="18446744073709551615" />
</concurrent-start>
<concurrent-end id="37" type="GMP work packet processing" contextid="30" timestamp="2019-07-02T20:35:43.752">
  <concurrent-mark-end bytesScanned="790772" reasonForTermination="Completed all work in GC phase" />
</concurrent-end>

<exclusive-end id="38" timestamp="2019-07-02T20:35:43.752" durationms="3.696" />

<exclusive-start id="39" timestamp="2019-07-02T20:35:46.784" intervalms="3035.623">
  <response-info timems="0.020" idlems="0.020" threads="0" lastid="0000000001777700" lastname="main" />
</exclusive-start>
<allocation-taxation id="40" taxation-threshold="3145728" timestamp="2019-07-02T20:35:46.784" intervalms="3035.613" />
<cycle-start id="41" type="partial gc" contextid="0" timestamp="2019-07-02T20:35:46.784" intervalms="3143.602" />
  <attribute name="GC Util" value="141" />
  <attribute name="CPU Util" value="33739456290630" />
  <attribute name="Time Running"value="2235"/>
  <attribute name="Number of cores"value="4"/>
<gc-start id="42" type="partial gc" contextid="41" timestamp="2019-07-02T20:35:46.784">
  <mem-info id="43" free="0" total="8388608" percent="0">
    <mem type="eden" free="0" total="6291456" percent="0" />
    <remembered-set count="544" freebytes="332672" totalbytes="334848" percent="99" regionsoverflowed="0" regionsstable="0" regionsrebuilding="0"/>
  </mem-info>
</gc-start>
<allocation-stats totalBytes="6278624" >
  <allocated-bytes non-tlh="267424" tlh="6011200" arrayletleaf="0"/>
  <largest-consumer threadName="main" threadId="0000000001777700" bytes="3143584" />
</allocation-stats>
<gc-op id="44" type="mark" timems="2.807" contextid="41" timestamp="2019-07-02T20:35:46.788">
  <trace-info objectcount="21398" scancount="17198" scanbytes="578880" />
  <cardclean-info objects="698" bytes="30420" />
  <remembered-set-cleared processed="276" cleared="276" durationms="0.047" />
  <finalization candidates="46" enqueued="1" />
  <ownableSynchronizers candidates="17" cleared="0" />
  <references type="soft" candidates="487" cleared="0" enqueued="0" dynamicThreshold="12" maxThreshold="32" />
  <references type="weak" candidates="1244" cleared="155" enqueued="143" />
  <references type="phantom" candidates="43" cleared="6" enqueued="6" />
  <stringconstants candidates="4692" cleared="0"  />
  <warning details="Mark invoked due to insufficient free space for Copy-Forward" />
</gc-op>
<gc-op id="45" type="classunload" timems="0.002" contextid="41" timestamp="2019-07-02T20:35:46.788">
  <classunload-info classloadercandidates="10" classloadersunloaded="0" classesunloaded="0" anonymousclassesunloaded="0" quiescems="0.000" setupms="0.002" scanms="0.000" postms="0.000" />
</gc-op>
<gc-op id="46" type="sweep" timems="0.335" contextid="41" timestamp="2019-07-02T20:35:46.788" />
<gc-op id="47" type="compact" timems="5.264" contextid="41" timestamp="2019-07-02T20:35:46.794">
  <compact-info movecount="21395" movebytes="1419112" />
  <remembered-set-cleared processed="3548" cleared="3548" durationms="0.058" />
</gc-op>
<gc-end id="48" type="partial gc" contextid="41" durationms="9.767" usertimems="8.000" systemtimems="0.000" timestamp="2019-07-02T20:35:46.794" activeThreads="4">
  <mem-info id="49" free="5242880" total="8388608" percent="62">
    <mem type="eden" free="383024" total="1048576" percent="36" />
    <pending-finalizers system="1" default="0" reference="149" classloader="0" />
    <remembered-set count="2560" freebytes="324608" totalbytes="334848" percent="96" regionsoverflowed="0" regionsstable="0" regionsrebuilding="0"/>
  </mem-info>
</gc-end>
<cycle-end id="50" type="partial gc" contextid="41" timestamp="2019-07-02T20:35:46.794">
  <attribute name="GC Util" value="14" />
  <attribute name="CPU Util" value="30325375675924" />
  <attribute name="Time Running"value="5274"/>
  <attribute name="Number of cores"value="4"/>
</cycle-end>
<exclusive-end id="51" timestamp="2019-07-02T20:35:46.795" durationms="10.675" />

<exclusive-start id="52" timestamp="2019-07-02T20:35:46.843" intervalms="58.984">
  <response-info timems="0.022" idlems="0.022" threads="0" lastid="0000000001777700" lastname="main" />
</exclusive-start>
<allocation-taxation id="53" taxation-threshold="2097152" timestamp="2019-07-02T20:35:46.843" intervalms="58.977" />
<gc-start id="54" type="global mark phase" contextid="30" timestamp="2019-07-02T20:35:46.843">
  <mem-info id="55" free="3145728" total="8388608" percent="37">
    <remembered-set count="2144" freebytes="326272" totalbytes="334848" percent="97" regionsoverflowed="0" regionsstable="0" regionsrebuilding="0"/>
  </mem-info>
</gc-start>
<gc-op id="56" type="mark increment" timems="2.767" contextid="30" timestamp="2019-07-02T20:35:46.846">
  <trace-info objectcount="22867" scancount="18481" scanbytes="630916" />
  <cardclean-info objects="891" bytes="38716" />
  <finalization candidates="66" enqueued="0" />
  <ownableSynchronizers candidates="17" cleared="0" />
  <references type="soft" candidates="586" cleared="0" enqueued="0" dynamicThreshold="20" maxThreshold="32" />
  <references type="weak" candidates="1439" cleared="13" enqueued="13" />
  <references type="phantom" candidates="95" cleared="0" enqueued="0" />
  <stringconstants candidates="4934" cleared="0"  />
</gc-op>
<gc-op id="57" type="classunload" timems="0.003" contextid="30" timestamp="2019-07-02T20:35:46.846">
  <classunload-info classloadercandidates="10" classloadersunloaded="0" classesunloaded="0" anonymousclassesunloaded="0" quiescems="0.000" setupms="0.003" scanms="0.000" postms="0.000" />
</gc-op>
<gc-end id="58" type="global mark phase" contextid="30" durationms="3.008" usertimems="4.000" systemtimems="0.000" timestamp="2019-07-02T20:35:46.846" activeThreads="4">
  <mem-info id="59" free="3145728" total="8388608" percent="37">
    <pending-finalizers system="0" default="0" reference="13" classloader="0" />
    <remembered-set count="2144" freebytes="326272" totalbytes="334848" percent="97" regionsoverflowed="0" regionsstable="0" regionsrebuilding="0"/>
  </mem-info>
</gc-end>
<cycle-end id="60" type="global mark phase" contextid="30" timestamp="2019-07-02T20:35:46.846">
  <attribute name="GC Util" value="1" />
  <attribute name="CPU Util" value="13670279916463" />
  <attribute name="Time Running"value="5331"/>
  <attribute name="Number of cores"value="4"/>
</cycle-end>
<exclusive-end id="61" timestamp="2019-07-02T20:35:46.846" durationms="3.318" />

<exclusive-start id="62" timestamp="2019-07-02T20:35:46.900" intervalms="56.741">
  <response-info timems="0.010" idlems="0.010" threads="0" lastid="0000000001777700" lastname="main" />
</exclusive-start>
<allocation-taxation id="63" taxation-threshold="2097152" timestamp="2019-07-02T20:35:46.900" intervalms="56.740" />
<cycle-start id="64" type="partial gc" contextid="0" timestamp="2019-07-02T20:35:46.900" intervalms="115.642" />
  <attribute name="GC Util" value="1" />
  <attribute name="CPU Util" value="13670279916463" />
  <attribute name="Time Running"value="5331"/>
  <attribute name="Number of cores"value="4"/>
<gc-start id="65" type="partial gc" contextid="64" timestamp="2019-07-02T20:35:46.900">
  <mem-info id="66" free="1048576" total="8388608" percent="12">
    <mem type="eden" free="0" total="4194304" percent="0" />
    <remembered-set count="2144" freebytes="326272" totalbytes="334848" percent="97" regionsoverflowed="0" regionsstable="0" regionsrebuilding="0"/>
  </mem-info>
</gc-start>
<allocation-stats totalBytes="4177312" >
  <allocated-bytes non-tlh="93304" tlh="4084008" arrayletleaf="0"/>
  <largest-consumer threadName="main" threadId="0000000001777700" bytes="2095032" />
</allocation-stats>
<gc-op id="67" type="sweep" timems="0.381" contextid="64" timestamp="2019-07-02T20:35:46.901" />
<gc-op id="68" type="copy forward" timems="5.342" contextid="64" timestamp="2019-07-02T20:35:46.907">
  <memory-copied type="eden" objects="2656" bytes="120304" bytesdiscarded="12279" />
  <memory-copied type="other" objects="19464" bytes="755672" bytesdiscarded="44105" />
  <memory-cardclean objects="626" bytes="34464" />
  <remembered-set-cleared processed="1709" cleared="1505" durationms="0.058" />
  <finalization candidates="11" enqueued="0" />
  <references type="soft" candidates="562" cleared="0" enqueued="0" dynamicThreshold="12" maxThreshold="32" />
  <references type="weak" candidates="1300" cleared="14" enqueued="14" />
  <references type="phantom" candidates="10" cleared="1" enqueued="1" />
  <stringconstants candidates="5186" cleared="0"  />
  <heap-resize type="expand" space="default" amount="1048576" count="1" timems="0.180" reason="continue current collection" />
</gc-op>
<gc-op id="69" type="classunload" timems="0.003" contextid="64" timestamp="2019-07-02T20:35:46.907">
  <classunload-info classloadercandidates="10" classloadersunloaded="0" classesunloaded="0" anonymousclassesunloaded="0" quiescems="0.000" setupms="0.002" scanms="0.000" postms="0.000" />
</gc-op>
<gc-end id="70" type="partial gc" contextid="64" durationms="6.847" usertimems="0.000" systemtimems="4.000" timestamp="2019-07-02T20:35:46.907" activeThreads="4">
  <mem-info id="71" free="5242880" total="9437184" percent="55">
    <mem type="eden" free="791472" total="1048576" percent="75" />
    <pending-finalizers system="0" default="0" reference="15" classloader="0" />
    <remembered-set count="3808" freebytes="361472" totalbytes="376704" percent="95" regionsoverflowed="0" regionsstable="0" regionsrebuilding="0"/>
  </mem-info>
</gc-end>
<cycle-end id="72" type="partial gc" contextid="64" timestamp="2019-07-02T20:35:46.907">
  <attribute name="GC Util" value="31" />
  <attribute name="CPU Util" value="73271147403860" />
  <attribute name="Time Running"value="5387"/>
  <attribute name="Number of cores"value="4"/>
</cycle-end>
<exclusive-end id="73" timestamp="2019-07-02T20:35:46.907" durationms="7.435" />

<exclusive-start id="74" timestamp="2019-07-02T20:35:46.956" intervalms="56.535">
  <response-info timems="0.021" idlems="0.021" threads="0" lastid="0000000001777700" lastname="main" />
</exclusive-start>
<allocation-taxation id="75" taxation-threshold="2097152" timestamp="2019-07-02T20:35:46.956" intervalms="56.546" />
<cycle-start id="76" type="global mark phase" contextid="0" timestamp="2019-07-02T20:35:46.956" intervalms="3207.842" />
  <attribute name="GC Util" value="31" />
  <attribute name="CPU Util" value="73271147403860" />
  <attribute name="Time Running"value="5387"/>
  <attribute name="Number of cores"value="4"/>
<gc-start id="77" type="global mark phase" contextid="76" timestamp="2019-07-02T20:35:46.956">
  <mem-info id="78" free="3145728" total="9437184" percent="33">
    <remembered-set count="3392" freebytes="363136" totalbytes="376704" percent="96" regionsoverflowed="0" regionsstable="0" regionsrebuilding="0"/>
  </mem-info>
</gc-start>
<gc-op id="79" type="mark increment" timems="0.492" contextid="76" timestamp="2019-07-02T20:35:46.957">
  <trace-info objectcount="127" scancount="0" scanbytes="0" />
</gc-op>
<gc-end id="80" type="global mark phase" contextid="76" durationms="0.722" usertimems="0.000" systemtimems="0.000" timestamp="2019-07-02T20:35:46.957" activeThreads="4">
  <mem-info id="81" free="3145728" total="9437184" percent="33">
    <remembered-set count="3392" freebytes="363136" totalbytes="376704" percent="96" regionsoverflowed="0" regionsstable="0" regionsrebuilding="0"/>
  </mem-info>
</gc-end>
<concurrent-start id="82" type="GMP work packet processing" contextid="76" timestamp="2019-07-02T20:35:46.957">
  <concurrent-mark-start scanTarget="18446744073709551615" />
</concurrent-start>
<concurrent-end id="83" type="GMP work packet processing" contextid="76" timestamp="2019-07-02T20:35:46.961">
  <concurrent-mark-end bytesScanned="1254472" reasonForTermination="Completed all work in GC phase" />
</concurrent-end>

<exclusive-end id="84" timestamp="2019-07-02T20:35:46.961" durationms="4.661" />

<exclusive-start id="85" timestamp="2019-07-02T20:35:47.006" intervalms="49.572">
  <response-info timems="0.069" idlems="0.069" threads="0" lastid="0000000001777700" lastname="main" />
</exclusive-start>
<allocation-taxation id="86" taxation-threshold="2097152" timestamp="2019-07-02T20:35:47.006" intervalms="49.656" />
<cycle-start id="87" type="partial gc" contextid="0" timestamp="2019-07-02T20:35:47.006" intervalms="106.281" />
  <attribute name="GC Util" value="97" />
  <attribute name="CPU Util" value="33391519174406" />
  <attribute name="Time Running"value="5443"/>
  <attribute name="Number of cores"value="4"/>
<gc-start id="88" type="partial gc" contextid="87" timestamp="2019-07-02T20:35:47.006">
  <mem-info id="89" free="1048576" total="9437184" percent="11">
    <mem type="eden" free="0" total="4194304" percent="0" />
    <remembered-set count="3392" freebytes="363136" totalbytes="376704" percent="96" regionsoverflowed="0" regionsstable="0" regionsrebuilding="0"/>
  </mem-info>
</gc-start>
<allocation-stats totalBytes="4128712" >
  <allocated-bytes non-tlh="374304" tlh="3754408" arrayletleaf="0"/>
  <largest-consumer threadName="main" threadId="0000000001777700" bytes="1972160" />
</allocation-stats>
<gc-op id="90" type="copy forward" timems="4.494" contextid="87" timestamp="2019-07-02T20:35:47.012">
  <memory-copied type="eden" objects="11309" bytes="814304" bytesdiscarded="27016" />
  <memory-copied type="other" objects="4429" bytes="223336" bytesdiscarded="9896" />
  <memory-cardclean objects="1699" bytes="83992" />
  <remembered-set-cleared processed="2190" cleared="872" durationms="0.076" />
  <finalization candidates="17" enqueued="0" />
  <ownableSynchronizers candidates="4" cleared="0" />
  <references type="soft" candidates="406" cleared="0" enqueued="0" dynamicThreshold="10" maxThreshold="32" />
  <references type="weak" candidates="2219" cleared="449" enqueued="301" />
  <references type="phantom" candidates="7" cleared="2" enqueued="2" />
  <stringconstants candidates="6145" cleared="0"  />
  <heap-resize type="expand" space="default" amount="1048576" count="1" timems="0.064" reason="continue current collection" />
</gc-op>
<gc-op id="91" type="classunload" timems="0.003" contextid="87" timestamp="2019-07-02T20:35:47.012">
  <classunload-info classloadercandidates="11" classloadersunloaded="0" classesunloaded="0" anonymousclassesunloaded="0" quiescems="0.000" setupms="0.002" scanms="0.000" postms="0.000" />
</gc-op>
<gc-end id="92" type="partial gc" contextid="87" durationms="5.662" usertimems="4.000" systemtimems="0.000" timestamp="2019-07-02T20:35:47.012" activeThreads="4">
  <mem-info id="93" free="5242880" total="10485760" percent="50">
    <mem type="eden" free="205792" total="1048576" percent="19" />
    <pending-finalizers system="0" default="0" reference="303" classloader="0" />
    <remembered-set count="5088" freebytes="398208" totalbytes="418560" percent="95" regionsoverflowed="0" regionsstable="0" regionsrebuilding="0"/>
  </mem-info>
</gc-end>
<cycle-end id="94" type="partial gc" contextid="87" timestamp="2019-07-02T20:35:47.012">
  <attribute name="GC Util" value="37" />
  <attribute name="CPU Util" value="83459989003998" />
  <attribute name="Time Running"value="5493"/>
  <attribute name="Number of cores"value="4"/>
</cycle-end>
<exclusive-end id="95" timestamp="2019-07-02T20:35:47.013" durationms="6.783" />

<exclusive-start id="96" timestamp="2019-07-02T20:35:47.050" intervalms="44.198">
  <response-info timems="0.012" idlems="0.012" threads="0" lastid="0000000001777700" lastname="main" />
</exclusive-start>
<allocation-taxation id="97" taxation-threshold="2097152" timestamp="2019-07-02T20:35:47.050" intervalms="44.159" />
<gc-start id="98" type="global mark phase" contextid="76" timestamp="2019-07-02T20:35:47.050">
  <mem-info id="99" free="3145728" total="10485760" percent="30">
    <remembered-set count="4768" freebytes="399488" totalbytes="418560" percent="95" regionsoverflowed="0" regionsstable="0" regionsrebuilding="0"/>
  </mem-info>
</gc-start>
<gc-op id="100" type="mark increment" timems="2.367" contextid="76" timestamp="2019-07-02T20:35:47.053">
  <trace-info objectcount="8104" scancount="6698" scanbytes="249612" />
  <cardclean-info objects="3625" bytes="162776" />
  <finalization candidates="80" enqueued="0" />
  <ownableSynchronizers candidates="21" cleared="0" />
  <references type="soft" candidates="968" cleared="0" enqueued="0" dynamicThreshold="16" maxThreshold="32" />
  <references type="weak" candidates="2976" cleared="8" enqueued="8" />
  <references type="phantom" candidates="104" cleared="2" enqueued="2" />
  <stringconstants candidates="6400" cleared="0"  />
</gc-op>
<gc-op id="101" type="classunload" timems="0.005" contextid="76" timestamp="2019-07-02T20:35:47.053">
  <classunload-info classloadercandidates="11" classloadersunloaded="0" classesunloaded="0" anonymousclassesunloaded="0" quiescems="0.000" setupms="0.005" scanms="0.000" postms="0.000" />
</gc-op>
<gc-end id="102" type="global mark phase" contextid="76" durationms="2.803" usertimems="4.000" systemtimems="0.000" timestamp="2019-07-02T20:35:47.053" activeThreads="4">
  <mem-info id="103" free="3145728" total="10485760" percent="30">
    <pending-finalizers system="0" default="0" reference="10" classloader="0" />
    <remembered-set count="4768" freebytes="399488" totalbytes="418560" percent="95" regionsoverflowed="0" regionsstable="0" regionsrebuilding="0"/>
  </mem-info>
</gc-end>
<cycle-end id="104" type="global mark phase" contextid="76" timestamp="2019-07-02T20:35:47.053">
  <attribute name="GC Util" value="3" />
  <attribute name="CPU Util" value="34975501582311" />
  <attribute name="Time Running"value="5537"/>
  <attribute name="Number of cores"value="4"/>
</cycle-end>
<exclusive-end id="105" timestamp="2019-07-02T20:35:47.053" durationms="3.257" />

<exclusive-start id="106" timestamp="2019-07-02T20:35:47.094" intervalms="44.134">
  <response-info timems="0.009" idlems="0.009" threads="0" lastid="0000000001777700" lastname="main" />
</exclusive-start>
<allocation-taxation id="107" taxation-threshold="2097152" timestamp="2019-07-02T20:35:47.094" intervalms="44.135" />
<cycle-start id="108" type="partial gc" contextid="0" timestamp="2019-07-02T20:35:47.094" intervalms="88.270" />
  <attribute name="GC Util" value="3" />
  <attribute name="CPU Util" value="34975501582311" />
  <attribute name="Time Running"value="5537"/>
  <attribute name="Number of cores"value="4"/>
<gc-start id="109" type="partial gc" contextid="108" timestamp="2019-07-02T20:35:47.095">
  <mem-info id="110" free="1048576" total="10485760" percent="10">
    <mem type="eden" free="0" total="4194304" percent="0" />
    <remembered-set count="4768" freebytes="399488" totalbytes="418560" percent="95" regionsoverflowed="0" regionsstable="0" regionsrebuilding="0"/>
  </mem-info>
</gc-start>
<allocation-stats totalBytes="4059584" >
  <allocated-bytes non-tlh="1204920" tlh="2854664" arrayletleaf="0"/>
  <largest-consumer threadName="main" threadId="0000000001777700" bytes="2067832" />
</allocation-stats>
<gc-op id="111" type="sweep" timems="0.427" contextid="108" timestamp="2019-07-02T20:35:47.095" />
<gc-op id="112" type="copy forward" timems="3.725" contextid="108" timestamp="2019-07-02T20:35:47.099">
  <memory-copied type="eden" objects="2084" bytes="72080" bytesdiscarded="1141" />
  <memory-copied type="other" objects="12420" bytes="1334448" bytesdiscarded="34211" />
  <memory-cardclean objects="934" bytes="61072" />
  <remembered-set-cleared processed="3644" cleared="1662" durationms="0.090" />
  <finalization candidates="14" enqueued="0" />
  <ownableSynchronizers candidates="4" cleared="0" />
  <references type="soft" candidates="339" cleared="0" enqueued="0" dynamicThreshold="9" maxThreshold="32" />
  <references type="weak" candidates="1281" cleared="2" enqueued="2" />
  <references type="phantom" candidates="6" cleared="0" enqueued="0" />
  <stringconstants candidates="6639" cleared="0"  />
  <heap-resize type="expand" space="default" amount="1048576" count="1" timems="0.067" reason="continue current collection" />
</gc-op>
<gc-op id="113" type="classunload" timems="0.003" contextid="108" timestamp="2019-07-02T20:35:47.100">
  <classunload-info classloadercandidates="11" classloadersunloaded="0" classesunloaded="0" anonymousclassesunloaded="0" quiescems="0.000" setupms="0.003" scanms="0.000" postms="0.000" />
</gc-op>
<gc-op id="114" type="compact" timems="1.257" contextid="108" timestamp="2019-07-02T20:35:47.101">
  <compact-info movecount="0" movebytes="0" />
  <remembered-set-cleared processed="7575" cleared="1662" durationms="0.090" />
</gc-op>
<gc-end id="115" type="partial gc" contextid="108" durationms="6.923" usertimems="8.000" systemtimems="0.000" timestamp="2019-07-02T20:35:47.101" activeThreads="4">
  <mem-info id="116" free="5242880" total="11534336" percent="45">
    <mem type="eden" free="378216" total="1048576" percent="36" />
    <pending-finalizers system="0" default="0" reference="2" classloader="0" />
    <remembered-set count="4320" freebytes="443136" totalbytes="460416" percent="96" regionsoverflowed="0" regionsstable="0" regionsrebuilding="0"/>
  </mem-info>
</gc-end>
<cycle-end id="117" type="partial gc" contextid="108" timestamp="2019-07-02T20:35:47.102">
  <attribute name="GC Util" value="61" />
  <attribute name="CPU Util" value="4419634130945" />
  <attribute name="Time Running"value="5585"/>
  <attribute name="Number of cores"value="4"/>
</cycle-end>
<exclusive-end id="118" timestamp="2019-07-02T20:35:47.102" durationms="7.764" />

<exclusive-start id="119" timestamp="2019-07-02T20:35:47.168" intervalms="74.080">
  <response-info timems="0.010" idlems="0.010" threads="0" lastid="0000000001777700" lastname="main" />
</exclusive-start>
<allocation-taxation id="120" taxation-threshold="2097152" timestamp="2019-07-02T20:35:47.168" intervalms="74.063" />
<cycle-start id="121" type="global mark phase" contextid="0" timestamp="2019-07-02T20:35:47.168" intervalms="212.013" />
  <attribute name="GC Util" value="61" />
  <attribute name="CPU Util" value="4419634130945" />
  <attribute name="Time Running"value="5585"/>
  <attribute name="Number of cores"value="4"/>
<gc-start id="122" type="global mark phase" contextid="121" timestamp="2019-07-02T20:35:47.168">
  <mem-info id="123" free="3145728" total="11534336" percent="27">
    <remembered-set count="4320" freebytes="443136" totalbytes="460416" percent="96" regionsoverflowed="0" regionsstable="0" regionsrebuilding="0"/>
  </mem-info>
</gc-start>
<gc-op id="124" type="mark increment" timems="0.622" contextid="121" timestamp="2019-07-02T20:35:47.169">
  <trace-info objectcount="218" scancount="0" scanbytes="0" />
</gc-op>
<gc-end id="125" type="global mark phase" contextid="121" durationms="0.737" usertimems="0.000" systemtimems="0.000" timestamp="2019-07-02T20:35:47.169" activeThreads="4">
  <mem-info id="126" free="3145728" total="11534336" percent="27">
    <remembered-set count="4320" freebytes="443136" totalbytes="460416" percent="96" regionsoverflowed="0" regionsstable="0" regionsrebuilding="0"/>
  </mem-info>
</gc-end>
<concurrent-start id="127" type="GMP work packet processing" contextid="121" timestamp="2019-07-02T20:35:47.169">
  <concurrent-mark-start scanTarget="18446744073709551615" />
</concurrent-start>
<concurrent-end id="128" type="GMP work packet processing" contextid="121" timestamp="2019-07-02T20:35:47.174">
  <concurrent-mark-end bytesScanned="1743900" reasonForTermination="Completed all work in GC phase" />
</concurrent-end>

<exclusive-end id="129" timestamp="2019-07-02T20:35:47.174" durationms="6.343" />

<exclusive-start id="130" timestamp="2019-07-02T20:35:47.222" intervalms="53.773">
  <response-info timems="0.011" idlems="0.011" threads="0" lastid="0000000001777700" lastname="main" />
</exclusive-start>
<allocation-taxation id="131" taxation-threshold="2097152" timestamp="2019-07-02T20:35:47.222" intervalms="53.730" />
<cycle-start id="132" type="partial gc" contextid="0" timestamp="2019-07-02T20:35:47.222" intervalms="127.734" />
  <attribute name="GC Util" value="138" />
  <attribute name="CPU Util" value="39290859201116" />
  <attribute name="Time Running"value="5655"/>
  <attribute name="Number of cores"value="4"/>
<gc-start id="133" type="partial gc" contextid="132" timestamp="2019-07-02T20:35:47.222">
  <mem-info id="134" free="1048576" total="11534336" percent="9">
    <mem type="eden" free="0" total="4194304" percent="0" />
    <remembered-set count="4320" freebytes="443136" totalbytes="460416" percent="96" regionsoverflowed="0" regionsstable="0" regionsrebuilding="0"/>
  </mem-info>
</gc-start>
<allocation-stats totalBytes="4184280" >
  <allocated-bytes non-tlh="71504" tlh="4112776" arrayletleaf="0"/>
  <largest-consumer threadName="main" threadId="0000000001777700" bytes="2092424" />
</allocation-stats>
<gc-op id="135" type="copy forward" timems="3.625" contextid="132" timestamp="2019-07-02T20:35:47.226">
  <memory-copied type="eden" objects="7428" bytes="365664" bytesdiscarded="1128" />
  <memory-copied type="other" objects="3324" bytes="648600" bytesdiscarded="0" />
  <memory-cardclean objects="584" bytes="38024" />
  <remembered-set-cleared processed="3907" cleared="326" durationms="0.091" />
  <references type="soft" candidates="66" cleared="0" enqueued="0" dynamicThreshold="8" maxThreshold="32" />
  <references type="weak" candidates="481" cleared="0" enqueued="0" />
  <references type="phantom" candidates="3" cleared="0" enqueued="0" />
  <stringconstants candidates="7158" cleared="0"  />
  <heap-resize type="expand" space="default" amount="1048576" count="1" timems="0.064" reason="continue current collection" />
</gc-op>
<gc-op id="136" type="classunload" timems="0.003" contextid="132" timestamp="2019-07-02T20:35:47.227">
  <classunload-info classloadercandidates="11" classloadersunloaded="0" classesunloaded="0" anonymousclassesunloaded="0" quiescems="0.000" setupms="0.003" scanms="0.000" postms="0.000" />
</gc-op>
<gc-op id="137" type="compact" timems="1.300" contextid="132" timestamp="2019-07-02T20:35:47.228">
  <compact-info movecount="0" movebytes="0" />
  <remembered-set-cleared processed="9042" cleared="326" durationms="0.091" />
</gc-op>
<gc-end id="138" type="partial gc" contextid="132" durationms="6.174" usertimems="8.000" systemtimems="0.000" timestamp="2019-07-02T20:35:47.228" activeThreads="4">
  <mem-info id="139" free="5242880" total="12582912" percent="41">
    <mem type="eden" free="681392" total="1048576" percent="64" />
    <remembered-set count="5984" freebytes="478336" totalbytes="502272" percent="95" regionsoverflowed="0" regionsstable="0" regionsrebuilding="0"/>
  </mem-info>
</gc-end>
<cycle-end id="140" type="partial gc" contextid="132" timestamp="2019-07-02T20:35:47.229">
  <attribute name="GC Util" value="60" />
  <attribute name="CPU Util" value="4506419438894" />
  <attribute name="Time Running"value="5712"/>
  <attribute name="Number of cores"value="4"/>
</cycle-end>
<exclusive-end id="141" timestamp="2019-07-02T20:35:47.229" durationms="6.894" />

<exclusive-start id="142" timestamp="2019-07-02T20:35:47.276" intervalms="54.452">
  <response-info timems="0.024" idlems="0.024" threads="0" lastid="0000000001777700" lastname="main" />
</exclusive-start>
<allocation-taxation id="143" taxation-threshold="2097152" timestamp="2019-07-02T20:35:47.276" intervalms="54.448" />
<gc-start id="144" type="global mark phase" contextid="121" timestamp="2019-07-02T20:35:47.277">
  <mem-info id="145" free="3145728" total="12582912" percent="25">
    <remembered-set count="5536" freebytes="480128" totalbytes="502272" percent="95" regionsoverflowed="0" regionsstable="0" regionsrebuilding="0"/>
  </mem-info>
</gc-start>
<gc-op id="146" type="mark increment" timems="2.081" contextid="121" timestamp="2019-07-02T20:35:47.279">
  <trace-info objectcount="4153" scancount="3608" scanbytes="135468" />
  <cardclean-info objects="2243" bytes="112320" />
  <finalization candidates="80" enqueued="0" />
  <ownableSynchronizers candidates="21" cleared="0" />
  <references type="soft" candidates="1022" cleared="0" enqueued="0" dynamicThreshold="13" maxThreshold="32" />
  <references type="weak" candidates="3617" cleared="0" enqueued="0" />
  <references type="phantom" candidates="101" cleared="0" enqueued="0" />
  <stringconstants candidates="7318" cleared="0"  />
</gc-op>
<gc-op id="147" type="classunload" timems="0.005" contextid="121" timestamp="2019-07-02T20:35:47.279">
  <classunload-info classloadercandidates="11" classloadersunloaded="0" classesunloaded="0" anonymousclassesunloaded="0" quiescems="0.000" setupms="0.005" scanms="0.000" postms="0.000" />
</gc-op>
<gc-end id="148" type="global mark phase" contextid="121" durationms="2.415" usertimems="4.000" systemtimems="0.000" timestamp="2019-07-02T20:35:47.279" activeThreads="4">
  <mem-info id="149" free="3145728" total="12582912" percent="25">
    <remembered-set count="5536" freebytes="480128" totalbytes="502272" percent="95" regionsoverflowed="0" regionsstable="0" regionsrebuilding="0"/>
  </mem-info>
</gc-end>
<cycle-end id="150" type="global mark phase" contextid="121" timestamp="2019-07-02T20:35:47.279">
  <attribute name="GC Util" value="4" />
  <attribute name="CPU Util" value="52090905686953" />
  <attribute name="Time Running"value="5763"/>
  <attribute name="Number of cores"value="4"/>
</cycle-end>
<exclusive-end id="151" timestamp="2019-07-02T20:35:47.279" durationms="2.816" />

<exclusive-start id="152" timestamp="2019-07-02T20:35:47.308" intervalms="31.327">
  <response-info timems="0.056" idlems="0.056" threads="0" lastid="0000000001777700" lastname="main" />
</exclusive-start>
<allocation-taxation id="153" taxation-threshold="2097152" timestamp="2019-07-02T20:35:47.308" intervalms="31.385" />
<cycle-start id="154" type="partial gc" contextid="0" timestamp="2019-07-02T20:35:47.308" intervalms="85.870" />
  <attribute name="GC Util" value="4" />
  <attribute name="CPU Util" value="52090905686953" />
  <attribute name="Time Running"value="5763"/>
  <attribute name="Number of cores"value="4"/>
<gc-start id="155" type="partial gc" contextid="154" timestamp="2019-07-02T20:35:47.308">
  <mem-info id="156" free="1048576" total="12582912" percent="8">
    <mem type="eden" free="0" total="4194304" percent="0" />
    <remembered-set count="5536" freebytes="480128" totalbytes="502272" percent="95" regionsoverflowed="0" regionsstable="0" regionsrebuilding="0"/>
  </mem-info>
</gc-start>
<allocation-stats totalBytes="4192120" >
  <allocated-bytes non-tlh="60424" tlh="4131696" arrayletleaf="0"/>
  <largest-consumer threadName="main" threadId="0000000001777700" bytes="2096848" />
</allocation-stats>
<gc-op id="157" type="sweep" timems="0.420" contextid="154" timestamp="2019-07-02T20:35:47.309" />
<gc-op id="158" type="copy forward" timems="3.012" contextid="154" timestamp="2019-07-02T20:35:47.313">
  <memory-copied type="eden" objects="2944" bytes="109200" bytesdiscarded="0" />
  <memory-copied type="other" objects="9477" bytes="438656" bytesdiscarded="0" />
  <memory-cardclean objects="412" bytes="22096" />
  <remembered-set-cleared processed="5115" cleared="1304" durationms="0.092" />
  <references type="soft" candidates="54" cleared="0" enqueued="0" dynamicThreshold="8" maxThreshold="32" />
  <references type="weak" candidates="788" cleared="0" enqueued="0" />
  <stringconstants candidates="7371" cleared="0"  />
  <heap-resize type="expand" space="default" amount="1048576" count="1" timems="0.055" reason="continue current collection" />
</gc-op>
<gc-op id="159" type="classunload" timems="0.002" contextid="154" timestamp="2019-07-02T20:35:47.313">
  <classunload-info classloadercandidates="11" classloadersunloaded="0" classesunloaded="0" anonymousclassesunloaded="0" quiescems="0.000" setupms="0.002" scanms="0.000" postms="0.000" />
</gc-op>
<gc-op id="160" type="compact" timems="1.235" contextid="154" timestamp="2019-07-02T20:35:47.314">
  <compact-info movecount="0" movebytes="0" />
  <remembered-set-cleared processed="11158" cleared="1304" durationms="0.092" />
</gc-op>
<gc-end id="161" type="partial gc" contextid="154" durationms="6.280" usertimems="8.000" systemtimems="0.000" timestamp="2019-07-02T20:35:47.314" activeThreads="4">
  <mem-info id="162" free="5242880" total="13631488" percent="38">
    <mem type="eden" free="850872" total="1048576" percent="81" />
    <remembered-set count="6496" freebytes="518144" totalbytes="544128" percent="95" regionsoverflowed="0" regionsstable="0" regionsrebuilding="0"/>
  </mem-info>
</gc-end>
<cycle-end id="163" type="partial gc" contextid="154" timestamp="2019-07-02T20:35:47.315">
  <attribute name="GC Util" value="48" />
  <attribute name="CPU Util" value="5375244934993" />
  <attribute name="Time Running"value="5798"/>
  <attribute name="Number of cores"value="4"/>
</cycle-end>
<exclusive-end id="164" timestamp="2019-07-02T20:35:47.315" durationms="7.113" />

<exclusive-start id="165" timestamp="2019-07-02T20:35:47.341" intervalms="33.429">
  <response-info timems="0.009" idlems="0.009" threads="0" lastid="0000000001777700" lastname="main" />
</exclusive-start>
<allocation-taxation id="166" taxation-threshold="2097152" timestamp="2019-07-02T20:35:47.341" intervalms="33.434" />
<cycle-start id="167" type="global mark phase" contextid="0" timestamp="2019-07-02T20:35:47.341" intervalms="173.016" />
  <attribute name="GC Util" value="48" />
  <attribute name="CPU Util" value="5375244934993" />
  <attribute name="Time Running"value="5798"/>
  <attribute name="Number of cores"value="4"/>
<gc-start id="168" type="global mark phase" contextid="167" timestamp="2019-07-02T20:35:47.342">
  <mem-info id="169" free="3145728" total="13631488" percent="23">
    <remembered-set count="6496" freebytes="518144" totalbytes="544128" percent="95" regionsoverflowed="0" regionsstable="0" regionsrebuilding="0"/>
  </mem-info>
</gc-start>
<gc-op id="170" type="mark increment" timems="0.497" contextid="167" timestamp="2019-07-02T20:35:47.342">
  <trace-info objectcount="212" scancount="0" scanbytes="0" />
</gc-op>
<gc-end id="171" type="global mark phase" contextid="167" durationms="0.743" usertimems="0.000" systemtimems="0.000" timestamp="2019-07-02T20:35:47.342" activeThreads="4">
  <mem-info id="172" free="3145728" total="13631488" percent="23">
    <remembered-set count="6496" freebytes="518144" totalbytes="544128" percent="95" regionsoverflowed="0" regionsstable="0" regionsrebuilding="0"/>
  </mem-info>
</gc-end>
<concurrent-start id="173" type="GMP work packet processing" contextid="167" timestamp="2019-07-02T20:35:47.342">
  <concurrent-mark-start scanTarget="18446744073709551615" />
</concurrent-start>
<exclusive-end id="174" timestamp="2019-07-02T20:35:47.346" durationms="4.942" />

<concurrent-end id="175" type="GMP work packet processing" contextid="167" timestamp="2019-07-02T20:35:47.346">
  <concurrent-mark-end bytesScanned="2053392" reasonForTermination="Completed all work in GC phase" />
</concurrent-end>

<exclusive-start id="176" timestamp="2019-07-02T20:35:47.382" intervalms="40.676">
  <response-info timems="0.010" idlems="0.010" threads="0" lastid="0000000001777700" lastname="main" />
</exclusive-start>
<allocation-taxation id="177" taxation-threshold="2097152" timestamp="2019-07-02T20:35:47.382" intervalms="40.642" />
<cycle-start id="178" type="partial gc" contextid="0" timestamp="2019-07-02T20:35:47.382" intervalms="74.086" />
  <attribute name="GC Util" value="97" />
  <attribute name="CPU Util" value="33310900756564" />
  <attribute name="Time Running"value="5828"/>
  <attribute name="Number of cores"value="4"/>
<gc-start id="179" type="partial gc" contextid="178" timestamp="2019-07-02T20:35:47.382">
  <mem-info id="180" free="1048576" total="13631488" percent="7">
    <mem type="eden" free="0" total="4194304" percent="0" />
    <remembered-set count="6496" freebytes="518144" totalbytes="544128" percent="95" regionsoverflowed="0" regionsstable="0" regionsrebuilding="0"/>
  </mem-info>
</gc-start>
<allocation-stats totalBytes="4191952" >
  <allocated-bytes non-tlh="20600" tlh="4171352" arrayletleaf="0"/>
  <largest-consumer threadName="main" threadId="0000000001777700" bytes="2096368" />
</allocation-stats>
<gc-op id="181" type="copy forward" timems="3.396" contextid="178" timestamp="2019-07-02T20:35:47.386">
  <memory-copied type="eden" objects="5580" bytes="213872" bytesdiscarded="7336" />
  <memory-copied type="other" objects="4988" bytes="193040" bytesdiscarded="3040" />
  <memory-cardclean objects="2809" bytes="140920" />
  <remembered-set-cleared processed="5917" cleared="1315" durationms="0.083" />
  <references type="weak" candidates="486" cleared="0" enqueued="0" />
  <stringconstants candidates="7489" cleared="0"  />
  <heap-resize type="expand" space="default" amount="1048576" count="1" timems="0.065" reason="continue current collection" />
</gc-op>
<gc-op id="182" type="classunload" timems="0.003" contextid="178" timestamp="2019-07-02T20:35:47.386">
  <classunload-info classloadercandidates="11" classloadersunloaded="0" classesunloaded="0" anonymousclassesunloaded="0" quiescems="0.000" setupms="0.003" scanms="0.000" postms="0.000" />
</gc-op>
<gc-op id="183" type="compact" timems="1.255" contextid="178" timestamp="2019-07-02T20:35:47.388">
  <compact-info movecount="0" movebytes="0" />
  <remembered-set-cleared processed="12793" cleared="1315" durationms="0.083" />
</gc-op>
<heap-resize id="184" type="expand" space="default" amount="1048576" count="1" timems="0.064" reason="insufficient free space following gc" timestamp="2019-07-02T20:35:47.388" />
<gc-end id="185" type="partial gc" contextid="178" durationms="6.092" usertimems="8.000" systemtimems="0.000" timestamp="2019-07-02T20:35:47.388" activeThreads="4">
  <mem-info id="186" free="6291456" total="15728640" percent="40">
    <mem type="eden" free="827248" total="1048576" percent="78" />
    <remembered-set count="7776" freebytes="596736" totalbytes="627840" percent="95" regionsoverflowed="0" regionsstable="0" regionsrebuilding="0"/>
  </mem-info>
</gc-end>
<cycle-end id="187" type="partial gc" contextid="178" timestamp="2019-07-02T20:35:47.389">
  <attribute name="GC Util" value="116" />
  <attribute name="CPU Util" value="4967827054059" />
  <attribute name="Time Running"value="5872"/>
  <attribute name="Number of cores"value="4"/>
</cycle-end>
<exclusive-end id="188" timestamp="2019-07-02T20:35:47.389" durationms="7.028" />

<exclusive-start id="189" timestamp="2019-07-02T20:35:47.445" intervalms="63.573">
  <response-info timems="0.032" idlems="0.032" threads="0" lastid="0000000001777700" lastname="main" />
</exclusive-start>
<allocation-taxation id="190" taxation-threshold="3145728" timestamp="2019-07-02T20:35:47.445" intervalms="63.592" />
<gc-start id="191" type="global mark phase" contextid="167" timestamp="2019-07-02T20:35:47.446">
  <mem-info id="192" free="3145728" total="15728640" percent="20">
    <remembered-set count="7776" freebytes="596736" totalbytes="627840" percent="95" regionsoverflowed="0" regionsstable="0" regionsrebuilding="0"/>
  </mem-info>
</gc-start>
<gc-op id="193" type="mark increment" timems="2.433" contextid="167" timestamp="2019-07-02T20:35:47.448">
  <trace-info objectcount="8270" scancount="6793" scanbytes="282068" />
  <cardclean-info objects="3025" bytes="146892" />
  <finalization candidates="80" enqueued="0" />
  <ownableSynchronizers candidates="21" cleared="0" />
  <references type="soft" candidates="1024" cleared="0" enqueued="0" dynamicThreshold="12" maxThreshold="32" />
  <references type="weak" candidates="3782" cleared="5" enqueued="5" />
  <references type="phantom" candidates="101" cleared="0" enqueued="0" />
  <stringconstants candidates="7619" cleared="0"  />
</gc-op>
<gc-op id="194" type="classunload" timems="0.006" contextid="167" timestamp="2019-07-02T20:35:47.448">
  <classunload-info classloadercandidates="11" classloadersunloaded="0" classesunloaded="0" anonymousclassesunloaded="0" quiescems="0.000" setupms="0.005" scanms="0.000" postms="0.000" />
</gc-op>
<gc-end id="195" type="global mark phase" contextid="167" durationms="2.811" usertimems="4.000" systemtimems="0.000" timestamp="2019-07-02T20:35:47.448" activeThreads="4">
  <mem-info id="196" free="3145728" total="15728640" percent="20">
    <pending-finalizers system="0" default="0" reference="5" classloader="0" />
    <remembered-set count="7776" freebytes="596736" totalbytes="627840" percent="95" regionsoverflowed="0" regionsstable="0" regionsrebuilding="0"/>
  </mem-info>
</gc-end>
<cycle-end id="197" type="global mark phase" contextid="167" timestamp="2019-07-02T20:35:47.449">
  <attribute name="GC Util" value="106" />
  <attribute name="CPU Util" value="30414374713860" />
  <attribute name="Time Running"value="5933"/>
  <attribute name="Number of cores"value="4"/>
</cycle-end>
<exclusive-end id="198" timestamp="2019-07-02T20:35:47.449" durationms="3.314" />

<exclusive-start id="199" timestamp="2019-07-02T20:35:47.500" intervalms="54.517">
  <response-info timems="0.011" idlems="0.011" threads="0" lastid="0000000001777700" lastname="main" />
</exclusive-start>
<allocation-taxation id="200" taxation-threshold="3145728" timestamp="2019-07-02T20:35:47.500" intervalms="54.473" />
<cycle-start id="201" type="partial gc" contextid="0" timestamp="2019-07-02T20:35:47.500" intervalms="118.019" />
  <attribute name="GC Util" value="106" />
  <attribute name="CPU Util" value="30414374713860" />
  <attribute name="Time Running"value="5933"/>
  <attribute name="Number of cores"value="4"/>
<gc-start id="202" type="partial gc" contextid="201" timestamp="2019-07-02T20:35:47.500">
  <mem-info id="203" free="0" total="15728640" percent="0">
    <mem type="eden" free="0" total="6291456" percent="0" />
    <remembered-set count="7776" freebytes="596736" totalbytes="627840" percent="95" regionsoverflowed="0" regionsstable="0" regionsrebuilding="0"/>
  </mem-info>
</gc-start>
<allocation-stats totalBytes="6289208" >
  <allocated-bytes non-tlh="393880" tlh="5895328" arrayletleaf="0"/>
  <largest-consumer threadName="main" threadId="0000000001777700" bytes="3144536" />
</allocation-stats>
<gc-op id="204" type="sweep" timems="0.915" contextid="201" timestamp="2019-07-02T20:35:47.501" />
<gc-op id="205" type="mark" timems="1.802" contextid="201" timestamp="2019-07-02T20:35:47.504">
  <trace-info objectcount="13288" scancount="11857" scanbytes="522616" />
  <cardclean-info objects="2030" bytes="112932" />
  <remembered-set-cleared processed="6727" cleared="1199" durationms="0.172" />
  <references type="soft" candidates="73" cleared="0" enqueued="0" dynamicThreshold="6" maxThreshold="32" />
  <references type="weak" candidates="238" cleared="0" enqueued="0" />
  <references type="phantom" candidates="1" cleared="0" enqueued="0" />
  <stringconstants candidates="7801" cleared="0"  />
  <warning details="Mark invoked due to insufficient free space for Copy-Forward" />
</gc-op>
<gc-op id="206" type="classunload" timems="0.003" contextid="201" timestamp="2019-07-02T20:35:47.504">
  <classunload-info classloadercandidates="12" classloadersunloaded="0" classesunloaded="0" anonymousclassesunloaded="0" quiescems="0.000" setupms="0.003" scanms="0.000" postms="0.000" />
</gc-op>
<gc-op id="207" type="sweep" timems="0.418" contextid="201" timestamp="2019-07-02T20:35:47.504" />
<gc-op id="208" type="compact" timems="2.891" contextid="201" timestamp="2019-07-02T20:35:47.508">
  <compact-info movecount="13288" movebytes="989216" />
  <remembered-set-cleared processed="15615" cleared="4510" durationms="0.172" />
</gc-op>
<heap-resize id="209" type="expand" space="default" amount="1048576" count="1" timems="0.063" reason="insufficient free space following gc" timestamp="2019-07-02T20:35:47.508" />
<gc-end id="210" type="partial gc" contextid="201" durationms="7.689" usertimems="16.000" systemtimems="0.000" timestamp="2019-07-02T20:35:47.508" activeThreads="4">
  <mem-info id="211" free="6291456" total="16777216" percent="37">
    <mem type="eden" free="266784" total="1048576" percent="25" />
    <remembered-set count="9056" freebytes="633472" totalbytes="669696" percent="94" regionsoverflowed="0" regionsstable="0" regionsrebuilding="0"/>
  </mem-info>
</gc-end>
<cycle-end id="212" type="partial gc" contextid="201" timestamp="2019-07-02T20:35:47.508">
  <attribute name="GC Util" value="68" />
  <attribute name="CPU Util" value="28472733995129" />
  <attribute name="Time Running"value="5990"/>
  <attribute name="Number of cores"value="4"/>
</cycle-end>
<exclusive-end id="213" timestamp="2019-07-02T20:35:47.508" durationms="8.510" />

<exclusive-start id="214" timestamp="2019-07-02T20:35:47.535" intervalms="35.413">
  <response-info timems="0.019" idlems="0.010" threads="1" lastid="000000000177B300" lastname="JIT Compilation Thread-0" />
</exclusive-start>
<allocation-taxation id="215" taxation-threshold="3145728" timestamp="2019-07-02T20:35:47.535" intervalms="35.439" />
<cycle-start id="216" type="global mark phase" contextid="0" timestamp="2019-07-02T20:35:47.536" intervalms="194.131" />
  <attribute name="GC Util" value="68" />
  <attribute name="CPU Util" value="28472733995129" />
  <attribute name="Time Running"value="5990"/>
  <attribute name="Number of cores"value="4"/>
<gc-start id="217" type="global mark phase" contextid="216" timestamp="2019-07-02T20:35:47.536">
  <mem-info id="218" free="3145728" total="16777216" percent="18">
    <remembered-set count="8864" freebytes="634240" totalbytes="669696" percent="94" regionsoverflowed="0" regionsstable="0" regionsrebuilding="0"/>
  </mem-info>
</gc-start>
<gc-op id="219" type="mark increment" timems="1.206" contextid="216" timestamp="2019-07-02T20:35:47.537">
  <trace-info objectcount="283" scancount="0" scanbytes="0" />
</gc-op>
<gc-end id="220" type="global mark phase" contextid="216" durationms="1.433" usertimems="0.000" systemtimems="4.000" timestamp="2019-07-02T20:35:47.537" activeThreads="4">
  <mem-info id="221" free="3145728" total="16777216" percent="18">
    <remembered-set count="8864" freebytes="634240" totalbytes="669696" percent="94" regionsoverflowed="0" regionsstable="0" regionsrebuilding="0"/>
  </mem-info>
</gc-end>
<concurrent-start id="222" type="GMP work packet processing" contextid="216" timestamp="2019-07-02T20:35:47.537">
  <concurrent-mark-start scanTarget="18446744073709551615" />
</concurrent-start>
<exclusive-end id="223" timestamp="2019-07-02T20:35:47.537" durationms="1.957" />

<concurrent-end id="224" type="GMP work packet processing" contextid="216" timestamp="2019-07-02T20:35:47.549">
  <concurrent-mark-end bytesScanned="2133472" reasonForTermination="Completed all work in GC phase" />
</concurrent-end>

<exclusive-start id="225" timestamp="2019-07-02T20:35:47.562" intervalms="27.149">
  <response-info timems="0.061" idlems="0.061" threads="0" lastid="0000000001777700" lastname="main" />
</exclusive-start>
<allocation-taxation id="226" taxation-threshold="3145728" timestamp="2019-07-02T20:35:47.563" intervalms="27.168" />
<cycle-start id="227" type="partial gc" contextid="0" timestamp="2019-07-02T20:35:47.563" intervalms="62.668" />
  <attribute name="GC Util" value="178" />
  <attribute name="CPU Util" value="25184953072944" />
  <attribute name="Time Running"value="6023"/>
  <attribute name="Number of cores"value="4"/>
<gc-start id="228" type="partial gc" contextid="227" timestamp="2019-07-02T20:35:47.563">
  <mem-info id="229" free="0" total="16777216" percent="0">
    <mem type="eden" free="0" total="6291456" percent="0" />
    <remembered-set count="8864" freebytes="634240" totalbytes="669696" percent="94" regionsoverflowed="0" regionsstable="0" regionsrebuilding="0"/>
  </mem-info>
</gc-start>
<allocation-stats totalBytes="6290360" >
  <allocated-bytes non-tlh="4944" tlh="6285416" arrayletleaf="0"/>
  <largest-consumer threadName="main" threadId="0000000001777700" bytes="3145360" />
</allocation-stats>
<gc-op id="230" type="mark" timems="2.219" contextid="227" timestamp="2019-07-02T20:35:47.566">
  <trace-info objectcount="17101" scancount="15307" scanbytes="652696" />
  <cardclean-info objects="726" bytes="51264" />
  <remembered-set-cleared processed="7479" cleared="970" durationms="0.096" />
  <references type="soft" candidates="73" cleared="0" enqueued="0" dynamicThreshold="6" maxThreshold="32" />
  <references type="weak" candidates="132" cleared="0" enqueued="0" />
  <references type="phantom" candidates="1" cleared="0" enqueued="0" />
  <stringconstants candidates="7828" cleared="0"  />
  <warning details="Mark invoked due to insufficient free space for Copy-Forward" />
</gc-op>
<gc-op id="231" type="classunload" timems="0.003" contextid="227" timestamp="2019-07-02T20:35:47.566">
  <classunload-info classloadercandidates="12" classloadersunloaded="0" classesunloaded="0" anonymousclassesunloaded="0" quiescems="0.000" setupms="0.003" scanms="0.000" postms="0.000" />
</gc-op>
<gc-op id="232" type="sweep" timems="0.580" contextid="227" timestamp="2019-07-02T20:35:47.567" />
<gc-op id="233" type="compact" timems="2.644" contextid="227" timestamp="2019-07-02T20:35:47.570">
  <compact-info movecount="15190" movebytes="982256" />
  <remembered-set-cleared processed="18021" cleared="4975" durationms="0.204" />
</gc-op>
<heap-resize id="234" type="expand" space="default" amount="2097152" count="1" timems="0.072" reason="insufficient free space following gc" timestamp="2019-07-02T20:35:47.570" />
<gc-end id="235" type="partial gc" contextid="227" durationms="7.076" usertimems="8.000" systemtimems="0.000" timestamp="2019-07-02T20:35:47.570" activeThreads="4">
  <mem-info id="236" free="7340032" total="18874368" percent="38">
    <mem type="eden" free="680672" total="1048576" percent="64" />
    <remembered-set count="11136" freebytes="708864" totalbytes="753408" percent="94" regionsoverflowed="0" regionsstable="0" regionsrebuilding="0"/>
  </mem-info>
</gc-end>
<cycle-end id="237" type="partial gc" contextid="227" timestamp="2019-07-02T20:35:47.570">
  <attribute name="GC Util" value="76" />
  <attribute name="CPU Util" value="21652734550773" />
  <attribute name="Time Running"value="6053"/>
  <attribute name="Number of cores"value="4"/>
</cycle-end>
<exclusive-end id="238" timestamp="2019-07-02T20:35:47.570" durationms="7.934" />

<exclusive-start id="239" timestamp="2019-07-02T20:35:47.595" intervalms="32.540">
  <response-info timems="0.113" idlems="0.113" threads="0" lastid="0000000001777700" lastname="main" />
</exclusive-start>
<allocation-taxation id="240" taxation-threshold="3145728" timestamp="2019-07-02T20:35:47.595" intervalms="32.547" />
<gc-start id="241" type="global mark phase" contextid="216" timestamp="2019-07-02T20:35:47.595">
  <mem-info id="242" free="4194304" total="18874368" percent="22">
    <remembered-set count="10720" freebytes="710528" totalbytes="753408" percent="94" regionsoverflowed="0" regionsstable="0" regionsrebuilding="0"/>
  </mem-info>
</gc-start>
<gc-op id="243" type="mark increment" timems="2.937" contextid="216" timestamp="2019-07-02T20:35:47.598">
  <trace-info objectcount="20901" scancount="18093" scanbytes="697620" />
  <cardclean-info objects="528" bytes="39368" />
  <finalization candidates="80" enqueued="0" />
  <ownableSynchronizers candidates="21" cleared="0" />
  <references type="soft" candidates="1095" cleared="57" enqueued="56" dynamicThreshold="12" maxThreshold="32" />
  <references type="weak" candidates="3877" cleared="0" enqueued="0" />
  <references type="phantom" candidates="100" cleared="0" enqueued="0" />
  <stringconstants candidates="7844" cleared="0"  />
</gc-op>
<gc-op id="244" type="classunload" timems="0.005" contextid="216" timestamp="2019-07-02T20:35:47.598">
  <classunload-info classloadercandidates="12" classloadersunloaded="0" classesunloaded="0" anonymousclassesunloaded="0" quiescems="0.000" setupms="0.004" scanms="0.000" postms="0.000" />
</gc-op>
<gc-end id="245" type="global mark phase" contextid="216" durationms="3.338" usertimems="4.000" systemtimems="0.000" timestamp="2019-07-02T20:35:47.599" activeThreads="4">
  <mem-info id="246" free="4194304" total="18874368" percent="22">
    <pending-finalizers system="0" default="0" reference="56" classloader="0" />
    <remembered-set count="10720" freebytes="710528" totalbytes="753408" percent="94" regionsoverflowed="0" regionsstable="0" regionsrebuilding="0"/>
  </mem-info>
</gc-end>
<cycle-end id="247" type="global mark phase" contextid="216" timestamp="2019-07-02T20:35:47.599">
  <attribute name="GC Util" value="109" />
  <attribute name="CPU Util" value="16775303178525" />
  <attribute name="Time Running"value="6083"/>
  <attribute name="Number of cores"value="4"/>
</cycle-end>
<exclusive-end id="248" timestamp="2019-07-02T20:35:47.599" durationms="3.869" />

<exclusive-start id="249" timestamp="2019-07-02T20:35:47.656" intervalms="61.306">
  <response-info timems="0.031" idlems="0.031" threads="0" lastid="0000000001777700" lastname="main" />
</exclusive-start>
<allocation-taxation id="250" taxation-threshold="3145728" timestamp="2019-07-02T20:35:47.656" intervalms="61.267" />
<cycle-start id="251" type="partial gc" contextid="0" timestamp="2019-07-02T20:35:47.656" intervalms="93.768" />
  <attribute name="GC Util" value="109" />
  <attribute name="CPU Util" value="16775303178525" />
  <attribute name="Time Running"value="6083"/>
  <attribute name="Number of cores"value="4"/>
<gc-start id="252" type="partial gc" contextid="251" timestamp="2019-07-02T20:35:47.657">
  <mem-info id="253" free="1048576" total="18874368" percent="5">
    <mem type="eden" free="101768" total="6291456" percent="1" />
    <remembered-set count="10720" freebytes="710528" totalbytes="753408" percent="94" regionsoverflowed="0" regionsstable="0" regionsrebuilding="0"/>
  </mem-info>
</gc-start>
<allocation-stats totalBytes="6186448" >
  <allocated-bytes non-tlh="58872" tlh="6127576" arrayletleaf="0"/>
  <largest-consumer threadName="main" threadId="0000000001777700" bytes="3037328" />
</allocation-stats>
<gc-op id="254" type="sweep" timems="1.237" contextid="251" timestamp="2019-07-02T20:35:47.658" />
<gc-op id="255" type="copy forward" timems="4.661" contextid="251" timestamp="2019-07-02T20:35:47.664">
  <memory-copied type="eden" objects="5757" bytes="308512" bytesdiscarded="36661" />
  <memory-copied type="other" objects="12594" bytes="488016" bytesdiscarded="26771" />
  <memory-cardclean objects="1576" bytes="88960" />
  <remembered-set-cleared processed="9127" cleared="1950" durationms="0.097" />
  <references type="soft" candidates="224" cleared="0" enqueued="0" dynamicThreshold="7" maxThreshold="32" />
  <references type="weak" candidates="442" cleared="8" enqueued="7" />
  <references type="phantom" candidates="1" cleared="0" enqueued="0" />
  <stringconstants candidates="8277" cleared="0"  />
  <heap-resize type="expand" space="default" amount="1048576" count="1" timems="0.139" reason="continue current collection" />
</gc-op>
<gc-op id="256" type="classunload" timems="0.003" contextid="251" timestamp="2019-07-02T20:35:47.664">
  <classunload-info classloadercandidates="14" classloadersunloaded="0" classesunloaded="0" anonymousclassesunloaded="0" quiescems="0.000" setupms="0.003" scanms="0.000" postms="0.000" />
</gc-op>
<gc-op id="257" type="compact" timems="1.232" contextid="251" timestamp="2019-07-02T20:35:47.665">
  <compact-info movecount="0" movebytes="0" />
  <remembered-set-cleared processed="19611" cleared="1950" durationms="0.097" />
</gc-op>
<heap-resize id="258" type="expand" space="default" amount="2097152" count="1" timems="0.067" reason="insufficient free space following gc" timestamp="2019-07-02T20:35:47.666" />
<gc-end id="259" type="partial gc" contextid="251" durationms="8.869" usertimems="0.000" systemtimems="12.000" timestamp="2019-07-02T20:35:47.666" activeThreads="4">
  <mem-info id="260" free="9437184" total="22020096" percent="42">
    <mem type="eden" free="568240" total="1048576" percent="54" />
    <pending-finalizers system="0" default="0" reference="7" classloader="0" />
    <remembered-set count="11296" freebytes="833792" totalbytes="878976" percent="94" regionsoverflowed="0" regionsstable="0" regionsrebuilding="0"/>
  </mem-info>
</gc-end>
<cycle-end id="261" type="partial gc" contextid="251" timestamp="2019-07-02T20:35:47.666">
  <attribute name="GC Util" value="114" />
  <attribute name="CPU Util" value="3664657085530" />
  <attribute name="Time Running"value="6149"/>
  <attribute name="Number of cores"value="4"/>
</cycle-end>
<exclusive-end id="262" timestamp="2019-07-02T20:35:47.666" durationms="9.634" />

<exclusive-start id="263" timestamp="2019-07-02T20:35:47.697" intervalms="41.166">
  <response-info timems="0.071" idlems="0.071" threads="0" lastid="0000000001777700" lastname="main" />
</exclusive-start>
<allocation-taxation id="264" taxation-threshold="4194304" timestamp="2019-07-02T20:35:47.698" intervalms="41.279" />
<cycle-start id="265" type="global mark phase" contextid="0" timestamp="2019-07-02T20:35:47.698" intervalms="162.322" />
  <attribute name="GC Util" value="114" />
  <attribute name="CPU Util" value="3664657085530" />
  <attribute name="Time Running"value="6149"/>
  <attribute name="Number of cores"value="4"/>
<gc-start id="266" type="global mark phase" contextid="265" timestamp="2019-07-02T20:35:47.698">
  <mem-info id="267" free="5242880" total="22020096" percent="23">
    <remembered-set count="11296" freebytes="833792" totalbytes="878976" percent="94" regionsoverflowed="0" regionsstable="0" regionsrebuilding="0"/>
  </mem-info>
</gc-start>
<gc-op id="268" type="mark increment" timems="1.039" contextid="265" timestamp="2019-07-02T20:35:47.699">
  <trace-info objectcount="228" scancount="0" scanbytes="0" />
</gc-op>
<gc-end id="269" type="global mark phase" contextid="265" durationms="1.354" usertimems="4.000" systemtimems="0.000" timestamp="2019-07-02T20:35:47.699" activeThreads="4">
  <mem-info id="270" free="5242880" total="22020096" percent="23">
    <remembered-set count="11296" freebytes="833792" totalbytes="878976" percent="94" regionsoverflowed="0" regionsstable="0" regionsrebuilding="0"/>
  </mem-info>
</gc-end>
<concurrent-start id="271" type="GMP work packet processing" contextid="265" timestamp="2019-07-02T20:35:47.700">
  <concurrent-mark-start scanTarget="18446744073709551615" />
</concurrent-start>
<exclusive-end id="272" timestamp="2019-07-02T20:35:47.700" durationms="2.277" />

<concurrent-end id="273" type="GMP work packet processing" contextid="265" timestamp="2019-07-02T20:35:47.703">
  <concurrent-mark-end bytesScanned="2266796" reasonForTermination="Completed all work in GC phase" />
</concurrent-end>

<exclusive-start id="274" timestamp="2019-07-02T20:35:47.738" intervalms="40.473">
  <response-info timems="0.024" idlems="0.024" threads="0" lastid="0000000001777700" lastname="main" />
</exclusive-start>
<allocation-taxation id="275" taxation-threshold="4194304" timestamp="2019-07-02T20:35:47.738" intervalms="40.424" />
<cycle-start id="276" type="partial gc" contextid="0" timestamp="2019-07-02T20:35:47.738" intervalms="81.768" />
  <attribute name="GC Util" value="112" />
  <attribute name="CPU Util" value="18293571981248" />
  <attribute name="Time Running"value="6185"/>
  <attribute name="Number of cores"value="4"/>
<gc-start id="277" type="partial gc" contextid="276" timestamp="2019-07-02T20:35:47.739">
  <mem-info id="278" free="1048576" total="22020096" percent="4">
    <mem type="eden" free="0" total="8388608" percent="0" />
    <remembered-set count="11296" freebytes="833792" totalbytes="878976" percent="94" regionsoverflowed="0" regionsstable="0" regionsrebuilding="0"/>
  </mem-info>
</gc-start>
<allocation-stats totalBytes="8387392" >
  <allocated-bytes non-tlh="300912" tlh="8086480" arrayletleaf="0"/>
  <largest-consumer threadName="main" threadId="0000000001777700" bytes="4193600" />
</allocation-stats>
<gc-op id="279" type="copy forward" timems="3.122" contextid="276" timestamp="2019-07-02T20:35:47.743">
  <memory-copied type="eden" objects="5161" bytes="285664" bytesdiscarded="74704" />
  <memory-copied type="other" objects="8979" bytes="394832" bytesdiscarded="33784" />
  <memory-cardclean objects="701" bytes="56000" />
  <remembered-set-cleared processed="10348" cleared="1727" durationms="0.102" />
  <references type="soft" candidates="224" cleared="0" enqueued="0" dynamicThreshold="7" maxThreshold="32" />
  <references type="weak" candidates="410" cleared="0" enqueued="0" />
  <stringconstants candidates="8292" cleared="0"  />
  <heap-resize type="expand" space="default" amount="1048576" count="1" timems="0.062" reason="continue current collection" />
</gc-op>
<gc-op id="280" type="classunload" timems="0.003" contextid="276" timestamp="2019-07-02T20:35:47.743">
  <classunload-info classloadercandidates="14" classloadersunloaded="0" classesunloaded="0" anonymousclassesunloaded="0" quiescems="0.000" setupms="0.003" scanms="0.000" postms="0.000" />
</gc-op>
<gc-op id="281" type="compact" timems="0.937" contextid="276" timestamp="2019-07-02T20:35:47.744">
  <compact-info movecount="0" movebytes="0" />
  <remembered-set-cleared processed="21057" cleared="1727" durationms="0.102" />
</gc-op>
<gc-end id="282" type="partial gc" contextid="276" durationms="5.471" usertimems="8.000" systemtimems="4.000" timestamp="2019-07-02T20:35:47.744" activeThreads="4">
  <mem-info id="283" free="9437184" total="23068672" percent="40">
    <mem type="eden" free="688192" total="1048576" percent="65" />
    <remembered-set count="12160" freebytes="872192" totalbytes="920832" percent="94" regionsoverflowed="0" regionsstable="0" regionsrebuilding="0"/>
  </mem-info>
</gc-end>
<cycle-end id="284" type="partial gc" contextid="276" timestamp="2019-07-02T20:35:47.744">
  <attribute name="GC Util" value="130" />
  <attribute name="CPU Util" value="5304814388848" />
  <attribute name="Time Running"value="6228"/>
  <attribute name="Number of cores"value="4"/>
</cycle-end>
<exclusive-end id="285" timestamp="2019-07-02T20:35:47.744" durationms="6.527" />

<exclusive-start id="286" timestamp="2019-07-02T20:35:47.801" intervalms="62.775">
  <response-info timems="0.019" idlems="0.019" threads="0" lastid="0000000001777700" lastname="main" />
</exclusive-start>
<sys-start reason="explicit" id="287" timestamp="2019-07-02T20:35:47.801" intervalms="6380.357" />
<cycle-continue id="288" oldtype="global mark phase" newtype="global garbage collect" contextid="265" timestamp="2019-07-02T20:35:47.801" />
<gc-start id="289" type="global garbage collect" contextid="265" timestamp="2019-07-02T20:35:47.801">
  <mem-info id="290" free="5561360" total="23068672" percent="24">
    <mem type="eden" free="318480" total="4194304" percent="7" />
    <remembered-set count="12160" freebytes="872192" totalbytes="920832" percent="94" regionsoverflowed="0" regionsstable="0" regionsrebuilding="0"/>
  </mem-info>
</gc-start>
<allocation-stats totalBytes="3870136" >
  <allocated-bytes non-tlh="556496" tlh="3313640" arrayletleaf="0"/>
  <largest-consumer threadName="main" threadId="0000000001777700" bytes="3870136" />
</allocation-stats>
<gc-op id="291" type="global mark" timems="2.661" contextid="265" timestamp="2019-07-02T20:35:47.804">
  <trace-info objectcount="5980" scancount="5516" scanbytes="192776" />
  <cardclean-info objects="2245" bytes="110160" />
  <finalization candidates="80" enqueued="0" />
  <ownableSynchronizers candidates="21" cleared="0" />
  <references type="soft" candidates="1583" cleared="0" enqueued="0" dynamicThreshold="13" maxThreshold="32" />
  <references type="weak" candidates="4547" cleared="31" enqueued="29" />
  <references type="phantom" candidates="102" cleared="2" enqueued="2" />
  <stringconstants candidates="8662" cleared="4"  />
</gc-op>
<gc-op id="292" type="classunload" timems="0.556" contextid="265" timestamp="2019-07-02T20:35:47.805">
  <classunload-info classloadercandidates="17" classloadersunloaded="1" classesunloaded="1" anonymousclassesunloaded="0" quiescems="0.000" setupms="0.546" scanms="0.007" postms="0.003" />
</gc-op>
<gc-op id="293" type="sweep" timems="0.835" contextid="265" timestamp="2019-07-02T20:35:47.806" />
<gc-op id="294" type="compact" timems="5.557" contextid="265" timestamp="2019-07-02T20:35:47.812">
  <compact-info movecount="73170" movebytes="4164496" />
  <remembered-set-cleared processed="16454" cleared="16454" durationms="0.087" />
</gc-op>
<gc-end id="295" type="global garbage collect" contextid="265" durationms="10.726" usertimems="24.000" systemtimems="0.000" timestamp="2019-07-02T20:35:47.812" activeThreads="4">
  <mem-info id="296" free="8388608" total="23068672" percent="36">
    <pending-finalizers system="0" default="0" reference="31" classloader="0" />
    <remembered-set count="10240" freebytes="879872" totalbytes="920832" percent="95" regionsoverflowed="0" regionsstable="0" regionsrebuilding="0"/>
  </mem-info>
</gc-end>
<cycle-end id="297" type="global garbage collect" contextid="265" timestamp="2019-07-02T20:35:47.812">
  <attribute name="GC Util" value="142" />
  <attribute name="CPU Util" value="16767526574548" />
  <attribute name="Time Running"value="6292"/>
  <attribute name="Number of cores"value="4"/>
</cycle-end>
<sys-end id="298" timestamp="2019-07-02T20:35:47.812" />
<exclusive-end id="299" timestamp="2019-07-02T20:35:47.813" durationms="11.841" />

<exclusive-start id="300" timestamp="2019-07-02T20:35:47.854" intervalms="53.736">
  <response-info timems="0.057" idlems="0.057" threads="0" lastid="0000000001777700" lastname="main" />
</exclusive-start>
<allocation-taxation id="301" taxation-threshold="8388608" timestamp="2019-07-02T20:35:47.855" intervalms="116.523" />
<cycle-start id="302" type="partial gc" contextid="0" timestamp="2019-07-02T20:35:47.855" intervalms="116.557" />
  <attribute name="GC Util" value="142" />
  <attribute name="CPU Util" value="16767526574548" />
  <attribute name="Time Running"value="6292"/>
  <attribute name="Number of cores"value="4"/>
<gc-start id="303" type="partial gc" contextid="302" timestamp="2019-07-02T20:35:47.855">
  <mem-info id="304" free="0" total="23068672" percent="0">
    <mem type="eden" free="0" total="8388608" percent="0" />
    <remembered-set count="9984" freebytes="880896" totalbytes="920832" percent="95" regionsoverflowed="0" regionsstable="0" regionsrebuilding="0"/>
  </mem-info>
</gc-start>
<allocation-stats totalBytes="8386848" >
  <allocated-bytes non-tlh="529208" tlh="7857640" arrayletleaf="0"/>
  <largest-consumer threadName="main" threadId="0000000001777700" bytes="8386848" />
</allocation-stats>
<gc-op id="305" type="mark" timems="2.521" contextid="302" timestamp="2019-07-02T20:35:47.858">
  <trace-info objectcount="17662" scancount="15882" scanbytes="692276" />
  <cardclean-info objects="494" bytes="20928" />
  <remembered-set-cleared processed="7842" cleared="95" durationms="0.177" />
  <references type="weak" candidates="6" cleared="6" enqueued="6" />
  <references type="phantom" candidates="6" cleared="2" enqueued="2" />
  <stringconstants candidates="8668" cleared="0"  />
  <warning details="Mark invoked due to insufficient free space for Copy-Forward" />
</gc-op>
<gc-op id="306" type="classunload" timems="0.003" contextid="302" timestamp="2019-07-02T20:35:47.859">
  <classunload-info classloadercandidates="16" classloadersunloaded="0" classesunloaded="0" anonymousclassesunloaded="0" quiescems="0.000" setupms="0.003" scanms="0.000" postms="0.000" />
</gc-op>
<gc-op id="307" type="sweep" timems="0.559" contextid="302" timestamp="2019-07-02T20:35:47.859" />
<gc-op id="308" type="compact" timems="2.743" contextid="302" timestamp="2019-07-02T20:35:47.862">
  <compact-info movecount="17662" movebytes="1350728" />
  <remembered-set-cleared processed="18365" cleared="2858" durationms="0.177" />
</gc-op>
<heap-resize id="309" type="expand" space="default" amount="3145728" count="1" timems="0.083" reason="insufficient free space following gc" timestamp="2019-07-02T20:35:47.863" />
<gc-end id="310" type="partial gc" contextid="302" durationms="7.649" usertimems="12.000" systemtimems="0.000" timestamp="2019-07-02T20:35:47.863" activeThreads="4">
  <mem-info id="311" free="9437184" total="26214400" percent="36">
    <mem type="eden" free="746176" total="2097152" percent="35" />
    <pending-finalizers system="0" default="0" reference="8" classloader="0" />
    <remembered-set count="11840" freebytes="999040" totalbytes="1046400" percent="95" regionsoverflowed="0" regionsstable="0" regionsrebuilding="0"/>
  </mem-info>
</gc-end>
<cycle-end id="312" type="partial gc" contextid="302" timestamp="2019-07-02T20:35:47.863">
  <attribute name="GC Util" value="112" />
  <attribute name="CPU Util" value="22122350462504" />
  <attribute name="Time Running"value="6345"/>
  <attribute name="Number of cores"value="4"/>
</cycle-end>
<exclusive-end id="313" timestamp="2019-07-02T20:35:47.863" durationms="8.880" />

<exclusive-start id="314" timestamp="2019-07-02T20:35:47.928" intervalms="73.602">
  <response-info timems="0.057" idlems="0.057" threads="0" lastid="0000000001777700" lastname="main" />
</exclusive-start>
<allocation-taxation id="315" taxation-threshold="9437184" timestamp="2019-07-02T20:35:47.928" intervalms="73.607" />
<cycle-start id="316" type="partial gc" contextid="0" timestamp="2019-07-02T20:35:47.928" intervalms="73.616" />
  <attribute name="GC Util" value="112" />
  <attribute name="CPU Util" value="22122350462504" />
  <attribute name="Time Running"value="6345"/>
  <attribute name="Number of cores"value="4"/>
<gc-start id="317" type="partial gc" contextid="316" timestamp="2019-07-02T20:35:47.929">
  <mem-info id="318" free="0" total="26214400" percent="0">
    <mem type="eden" free="0" total="9437184" percent="0" />
    <remembered-set count="11840" freebytes="999040" totalbytes="1046400" percent="95" regionsoverflowed="0" regionsstable="0" regionsrebuilding="0"/>
  </mem-info>
</gc-start>
<allocation-stats totalBytes="9434832" >
  <allocated-bytes non-tlh="340624" tlh="9094208" arrayletleaf="0"/>
  <largest-consumer threadName="main" threadId="0000000001777700" bytes="9434832" />
</allocation-stats>
<gc-op id="319" type="mark" timems="1.575" contextid="316" timestamp="2019-07-02T20:35:47.931">
  <trace-info objectcount="16320" scancount="12043" scanbytes="399792" />
  <cardclean-info objects="1020" bytes="50336" />
  <remembered-set-cleared processed="9308" cleared="1825" durationms="0.142" />
  <references type="soft" candidates="68" cleared="0" enqueued="0" dynamicThreshold="11" maxThreshold="32" />
  <references type="weak" candidates="123" cleared="19" enqueued="16" />
  <references type="phantom" candidates="4" cleared="0" enqueued="0" />
  <stringconstants candidates="10877" cleared="0"  />
  <warning details="Mark invoked due to insufficient free space for Copy-Forward" />
</gc-op>
<gc-op id="320" type="classunload" timems="0.004" contextid="316" timestamp="2019-07-02T20:35:47.931">
  <classunload-info classloadercandidates="17" classloadersunloaded="0" classesunloaded="0" anonymousclassesunloaded="0" quiescems="0.000" setupms="0.003" scanms="0.000" postms="0.000" />
</gc-op>
<gc-op id="321" type="sweep" timems="0.401" contextid="316" timestamp="2019-07-02T20:35:47.932" />
<gc-op id="322" type="compact" timems="2.575" contextid="316" timestamp="2019-07-02T20:35:47.935">
  <compact-info movecount="16320" movebytes="1249264" />
  <remembered-set-cleared processed="19525" cleared="4469" durationms="0.142" />
</gc-op>
<gc-end id="323" type="partial gc" contextid="316" durationms="6.062" usertimems="8.000" systemtimems="0.000" timestamp="2019-07-02T20:35:47.935" activeThreads="4">
  <mem-info id="324" free="9437184" total="26214400" percent="36">
    <mem type="eden" free="87408" total="1048576" percent="8" />
    <pending-finalizers system="0" default="0" reference="16" classloader="0" />
    <remembered-set count="10528" freebytes="1004288" totalbytes="1046400" percent="95" regionsoverflowed="0" regionsstable="0" regionsrebuilding="0"/>
  </mem-info>
</gc-end>
<cycle-end id="325" type="partial gc" contextid="316" timestamp="2019-07-02T20:35:47.935">
  <attribute name="GC Util" value="27" />
  <attribute name="CPU Util" value="25633615081225" />
  <attribute name="Time Running"value="6418"/>
  <attribute name="Number of cores"value="4"/>
</cycle-end>
<exclusive-end id="326" timestamp="2019-07-02T20:35:47.935" durationms="7.299" />

<exclusive-start id="327" timestamp="2019-07-02T20:35:47.979" intervalms="50.981">
  <response-info timems="0.049" idlems="0.049" threads="0" lastid="0000000001777700" lastname="main" />
</exclusive-start>
<allocation-taxation id="328" taxation-threshold="9437184" timestamp="2019-07-02T20:35:47.979" intervalms="50.935" />
<cycle-start id="329" type="partial gc" contextid="0" timestamp="2019-07-02T20:35:47.979" intervalms="50.854" />
  <attribute name="GC Util" value="27" />
  <attribute name="CPU Util" value="25633615081225" />
  <attribute name="Time Running"value="6418"/>
  <attribute name="Number of cores"value="4"/>
<gc-start id="330" type="partial gc" contextid="329" timestamp="2019-07-02T20:35:47.980">
  <mem-info id="331" free="0" total="26214400" percent="0">
    <mem type="eden" free="87408" total="10485760" percent="0" />
    <remembered-set count="10080" freebytes="1006080" totalbytes="1046400" percent="96" regionsoverflowed="0" regionsstable="0" regionsrebuilding="0"/>
  </mem-info>
</gc-start>
<allocation-stats totalBytes="9434896" >
  <allocated-bytes non-tlh="219656" tlh="9215240" arrayletleaf="0"/>
  <largest-consumer threadName="main" threadId="0000000001777700" bytes="9434896" />
</allocation-stats>
<gc-op id="332" type="mark" timems="1.982" contextid="329" timestamp="2019-07-02T20:35:47.982">
  <trace-info objectcount="20412" scancount="15668" scanbytes="519348" />
  <cardclean-info objects="411" bytes="40040" />
  <remembered-set-cleared processed="8618" cleared="999" durationms="0.138" />
  <references type="soft" candidates="100" cleared="0" enqueued="0" dynamicThreshold="11" maxThreshold="32" />
  <references type="weak" candidates="112" cleared="2" enqueued="2" />
  <references type="phantom" candidates="1" cleared="0" enqueued="0" />
  <stringconstants candidates="10986" cleared="0"  />
  <warning details="Mark invoked due to insufficient free space for Copy-Forward" />
</gc-op>
<gc-op id="333" type="classunload" timems="0.004" contextid="329" timestamp="2019-07-02T20:35:47.982">
  <classunload-info classloadercandidates="18" classloadersunloaded="0" classesunloaded="0" anonymousclassesunloaded="0" quiescems="0.000" setupms="0.003" scanms="0.000" postms="0.000" />
</gc-op>
<gc-op id="334" type="sweep" timems="0.423" contextid="329" timestamp="2019-07-02T20:35:47.983" />
<gc-op id="335" type="compact" timems="2.446" contextid="329" timestamp="2019-07-02T20:35:47.986">
  <compact-info movecount="20412" movebytes="1087752" />
  <remembered-set-cleared processed="19947" cleared="4702" durationms="0.138" />
</gc-op>
<heap-resize id="336" type="expand" space="default" amount="3145728" count="1" timems="0.079" reason="insufficient free space following gc" timestamp="2019-07-02T20:35:47.986" />
<gc-end id="337" type="partial gc" contextid="329" durationms="6.455" usertimems="8.000" systemtimems="0.000" timestamp="2019-07-02T20:35:47.986" activeThreads="4">
  <mem-info id="338" free="11534336" total="29360128" percent="39">
    <mem type="eden" free="1009400" total="2097152" percent="48" />
    <pending-finalizers system="0" default="0" reference="2" classloader="0" />
    <remembered-set count="12256" freebytes="1122944" totalbytes="1171968" percent="95" regionsoverflowed="0" regionsstable="0" regionsrebuilding="0"/>
  </mem-info>
</gc-end>
<cycle-end id="339" type="partial gc" contextid="329" timestamp="2019-07-02T20:35:47.986">
  <attribute name="GC Util" value="29" />
  <attribute name="CPU Util" value="27093220143807" />
  <attribute name="Time Running"value="6469"/>
  <attribute name="Number of cores"value="4"/>
</cycle-end>
<exclusive-end id="340" timestamp="2019-07-02T20:35:47.986" durationms="7.400" />

<exclusive-start id="341" timestamp="2019-07-02T20:35:48.026" intervalms="47.418">
  <response-info timems="0.059" idlems="0.059" threads="0" lastid="0000000001777700" lastname="main" />
</exclusive-start>
<allocation-taxation id="342" taxation-threshold="11534336" timestamp="2019-07-02T20:35:48.027" intervalms="47.455" />
<cycle-start id="343" type="partial gc" contextid="0" timestamp="2019-07-02T20:35:48.027" intervalms="47.543" />
  <attribute name="GC Util" value="29" />
  <attribute name="CPU Util" value="27093220143807" />
  <attribute name="Time Running"value="6469"/>
  <attribute name="Number of cores"value="4"/>
<gc-start id="344" type="partial gc" contextid="343" timestamp="2019-07-02T20:35:48.027">
  <mem-info id="345" free="0" total="29360128" percent="0">
    <mem type="eden" free="0" total="11534336" percent="0" />
    <remembered-set count="11776" freebytes="1124864" totalbytes="1171968" percent="95" regionsoverflowed="0" regionsstable="0" regionsrebuilding="0"/>
  </mem-info>
</gc-start>
<allocation-stats totalBytes="11532608" >
  <allocated-bytes non-tlh="217800" tlh="11314808" arrayletleaf="0"/>
  <largest-consumer threadName="main" threadId="0000000001777700" bytes="11524360" />
</allocation-stats>
<gc-op id="346" type="mark" timems="1.714" contextid="343" timestamp="2019-07-02T20:35:48.029">
  <trace-info objectcount="13952" scancount="12708" scanbytes="569436" />
  <cardclean-info objects="506" bytes="33384" />
  <remembered-set-cleared processed="9312" cleared="1024" durationms="0.128" />
  <references type="soft" candidates="35" cleared="0" enqueued="0" dynamicThreshold="12" maxThreshold="32" />
  <references type="weak" candidates="54" cleared="4" enqueued="4" />
  <references type="phantom" candidates="1" cleared="0" enqueued="0" />
  <stringconstants candidates="11050" cleared="0"  />
  <warning details="Mark invoked due to insufficient free space for Copy-Forward" />
</gc-op>
<gc-op id="347" type="classunload" timems="0.004" contextid="343" timestamp="2019-07-02T20:35:48.030">
  <classunload-info classloadercandidates="19" classloadersunloaded="0" classesunloaded="0" anonymousclassesunloaded="0" quiescems="0.000" setupms="0.003" scanms="0.000" postms="0.000" />
</gc-op>
<gc-op id="348" type="sweep" timems="0.450" contextid="343" timestamp="2019-07-02T20:35:48.030" />
<gc-op id="349" type="compact" timems="1.938" contextid="343" timestamp="2019-07-02T20:35:48.032">
  <compact-info movecount="13952" movebytes="947544" />
  <remembered-set-cleared processed="20305" cleared="3657" durationms="0.128" />
</gc-op>
<heap-resize id="350" type="expand" space="default" amount="5242880" count="1" timems="0.079" reason="excessive time being spent in gc" timestamp="2019-07-02T20:35:48.033" />
<gc-end id="351" type="partial gc" contextid="343" durationms="5.496" usertimems="8.000" systemtimems="0.000" timestamp="2019-07-02T20:35:48.033" activeThreads="4">
  <mem-info id="352" free="15728640" total="34603008" percent="45">
    <mem type="eden" free="140832" total="1048576" percent="13" />
    <pending-finalizers system="0" default="0" reference="4" classloader="0" />
    <remembered-set count="12096" freebytes="1332864" totalbytes="1381248" percent="96" regionsoverflowed="0" regionsstable="0" regionsrebuilding="0"/>
  </mem-info>
</gc-end>
<cycle-end id="353" type="partial gc" contextid="343" timestamp="2019-07-02T20:35:48.033">
  <attribute name="GC Util" value="33" />
  <attribute name="CPU Util" value="27218627101822" />
  <attribute name="Time Running"value="6516"/>
  <attribute name="Number of cores"value="4"/>
</cycle-end>
<exclusive-end id="354" timestamp="2019-07-02T20:35:48.033" durationms="6.523" />

<exclusive-start id="355" timestamp="2019-07-02T20:35:48.101" intervalms="74.631">
  <response-info timems="0.054" idlems="0.054" threads="0" lastid="0000000001777700" lastname="main" />
</exclusive-start>
<allocation-taxation id="356" taxation-threshold="15728640" timestamp="2019-07-02T20:35:48.101" intervalms="74.629" />
<cycle-start id="357" type="partial gc" contextid="0" timestamp="2019-07-02T20:35:48.101" intervalms="74.623" />
  <attribute name="GC Util" value="33" />
  <attribute name="CPU Util" value="27218627101822" />
  <attribute name="Time Running"value="6516"/>
  <attribute name="Number of cores"value="4"/>
<gc-start id="358" type="partial gc" contextid="357" timestamp="2019-07-02T20:35:48.102">
  <mem-info id="359" free="0" total="34603008" percent="0">
    <mem type="eden" free="0" total="15728640" percent="0" />
    <remembered-set count="12096" freebytes="1332864" totalbytes="1381248" percent="96" regionsoverflowed="0" regionsstable="0" regionsrebuilding="0"/>
  </mem-info>
</gc-start>
<allocation-stats totalBytes="15725936" >
  <allocated-bytes non-tlh="482648" tlh="15243288" arrayletleaf="0"/>
  <largest-consumer threadName="main" threadId="0000000001777700" bytes="15725936" />
</allocation-stats>
<gc-op id="360" type="mark" timems="1.519" contextid="357" timestamp="2019-07-02T20:35:48.104">
  <trace-info objectcount="11422" scancount="10440" scanbytes="516348" />
  <cardclean-info objects="483" bytes="33716" />
  <remembered-set-cleared processed="9882" cleared="1448" durationms="0.144" />
  <references type="soft" candidates="14" cleared="0" enqueued="0" dynamicThreshold="14" maxThreshold="32" />
  <references type="weak" candidates="257" cleared="0" enqueued="0" />
  <references type="phantom" candidates="1" cleared="0" enqueued="0" />
  <stringconstants candidates="11300" cleared="0"  />
  <warning details="Mark invoked due to insufficient free space for Copy-Forward" />
</gc-op>
<gc-op id="361" type="classunload" timems="0.003" contextid="357" timestamp="2019-07-02T20:35:48.104">
  <classunload-info classloadercandidates="21" classloadersunloaded="0" classesunloaded="0" anonymousclassesunloaded="0" quiescems="0.000" setupms="0.003" scanms="0.000" postms="0.000" />
</gc-op>
<gc-op id="362" type="sweep" timems="0.405" contextid="357" timestamp="2019-07-02T20:35:48.105" />
<gc-op id="363" type="compact" timems="2.079" contextid="357" timestamp="2019-07-02T20:35:48.107">
  <compact-info movecount="11422" movebytes="884160" />
  <remembered-set-cleared processed="20063" cleared="3155" durationms="0.144" />
</gc-op>
<gc-end id="364" type="partial gc" contextid="357" durationms="5.408" usertimems="8.000" systemtimems="0.000" timestamp="2019-07-02T20:35:48.107" activeThreads="4">
  <mem-info id="365" free="14680064" total="34603008" percent="42">
    <mem type="eden" free="195872" total="1048576" percent="18" />
    <remembered-set count="11168" freebytes="1336576" totalbytes="1381248" percent="96" regionsoverflowed="0" regionsstable="0" regionsrebuilding="0"/>
  </mem-info>
</gc-end>
<cycle-end id="366" type="partial gc" contextid="357" timestamp="2019-07-02T20:35:48.107">
  <attribute name="GC Util" value="29" />
  <attribute name="CPU Util" value="27597575849384" />
  <attribute name="Time Running"value="6590"/>
  <attribute name="Number of cores"value="4"/>
</cycle-end>
<exclusive-end id="367" timestamp="2019-07-02T20:35:48.107" durationms="6.414" />

<exclusive-start id="368" timestamp="2019-07-02T20:35:48.138" intervalms="36.992">
  <response-info timems="0.056" idlems="0.056" threads="0" lastid="0000000001777700" lastname="main" />
</exclusive-start>
<allocation-taxation id="369" taxation-threshold="14680064" timestamp="2019-07-02T20:35:48.138" intervalms="37.047" />
<cycle-start id="370" type="partial gc" contextid="0" timestamp="2019-07-02T20:35:48.139" intervalms="37.089" />
  <attribute name="GC Util" value="29" />
  <attribute name="CPU Util" value="27597575849384" />
  <attribute name="Time Running"value="6590"/>
  <attribute name="Number of cores"value="4"/>
<gc-start id="371" type="partial gc" contextid="370" timestamp="2019-07-02T20:35:48.139">
  <mem-info id="372" free="0" total="34603008" percent="0">
    <mem type="eden" free="0" total="14680064" percent="0" />
    <remembered-set count="11168" freebytes="1336576" totalbytes="1381248" percent="96" regionsoverflowed="0" regionsstable="0" regionsrebuilding="0"/>
  </mem-info>
</gc-start>
<allocation-stats totalBytes="14678656" >
  <allocated-bytes non-tlh="0" tlh="14678656" arrayletleaf="0"/>
  <largest-consumer threadName="main" threadId="0000000001777700" bytes="14678656" />
</allocation-stats>
<gc-op id="373" type="mark" timems="2.308" contextid="370" timestamp="2019-07-02T20:35:48.142">
  <trace-info objectcount="31575" scancount="28401" scanbytes="1200100" />
  <cardclean-info objects="130" bytes="20076" />
  <remembered-set-cleared processed="9356" cleared="638" durationms="0.139" />
  <references type="soft" candidates="11" cleared="0" enqueued="0" dynamicThreshold="13" maxThreshold="32" />
  <references type="weak" candidates="211" cleared="0" enqueued="0" />
  <references type="phantom" candidates="1" cleared="0" enqueued="0" />
  <stringconstants candidates="11300" cleared="0"  />
  <warning details="Mark invoked due to insufficient free space for Copy-Forward" />
</gc-op>
<gc-op id="374" type="classunload" timems="0.003" contextid="370" timestamp="2019-07-02T20:35:48.142">
  <classunload-info classloadercandidates="21" classloadersunloaded="0" classesunloaded="0" anonymousclassesunloaded="0" quiescems="0.000" setupms="0.003" scanms="0.000" postms="0.000" />
</gc-op>
<gc-op id="375" type="sweep" timems="0.481" contextid="370" timestamp="2019-07-02T20:35:48.142" />
<gc-op id="376" type="compact" timems="2.501" contextid="370" timestamp="2019-07-02T20:35:48.145">
  <compact-info movecount="29233" movebytes="1197944" />
  <remembered-set-cleared processed="23701" cleared="6265" durationms="0.139" />
</gc-op>
<gc-end id="377" type="partial gc" contextid="370" durationms="6.639" usertimems="12.000" systemtimems="0.000" timestamp="2019-07-02T20:35:48.145" activeThreads="4">
  <mem-info id="378" free="13631488" total="34603008" percent="39">
    <mem type="eden" free="295360" total="1048576" percent="28" />
    <remembered-set count="15680" freebytes="1318528" totalbytes="1381248" percent="95" regionsoverflowed="0" regionsstable="0" regionsrebuilding="0"/>
  </mem-info>
</gc-end>
<cycle-end id="379" type="partial gc" contextid="370" timestamp="2019-07-02T20:35:48.146">
  <attribute name="GC Util" value="39" />
  <attribute name="CPU Util" value="24776028219703" />
  <attribute name="Time Running"value="6628"/>
  <attribute name="Number of cores"value="4"/>
</cycle-end>
<exclusive-end id="380" timestamp="2019-07-02T20:35:48.146" durationms="7.706" />

<exclusive-start id="381" timestamp="2019-07-02T20:35:48.276" intervalms="137.592">
  <response-info timems="0.063" idlems="0.063" threads="0" lastid="0000000001777700" lastname="main" />
</exclusive-start>
<allocation-taxation id="382" taxation-threshold="13631488" timestamp="2019-07-02T20:35:48.276" intervalms="137.559" />
<cycle-start id="383" type="partial gc" contextid="0" timestamp="2019-07-02T20:35:48.276" intervalms="137.480" />
  <attribute name="GC Util" value="39" />
  <attribute name="CPU Util" value="24776028219703" />
  <attribute name="Time Running"value="6628"/>
  <attribute name="Number of cores"value="4"/>
<gc-start id="384" type="partial gc" contextid="383" timestamp="2019-07-02T20:35:48.276">
  <mem-info id="385" free="0" total="34603008" percent="0">
    <mem type="eden" free="295360" total="14680064" percent="2" />
    <remembered-set count="15264" freebytes="1320192" totalbytes="1381248" percent="95" regionsoverflowed="0" regionsstable="0" regionsrebuilding="0"/>
  </mem-info>
</gc-start>
<allocation-stats totalBytes="13628048" >
  <allocated-bytes non-tlh="704016" tlh="12924032" arrayletleaf="0"/>
  <largest-consumer threadName="main" threadId="0000000001777700" bytes="13628048" />
</allocation-stats>
<gc-op id="386" type="mark" timems="1.955" contextid="383" timestamp="2019-07-02T20:35:48.279">
  <trace-info objectcount="30585" scancount="27351" scanbytes="1089144" />
  <cardclean-info objects="3310" bytes="165160" />
  <remembered-set-cleared processed="12720" cleared="3858" durationms="0.119" />
  <finalization candidates="1" enqueued="1" />
  <references type="soft" candidates="25" cleared="0" enqueued="0" dynamicThreshold="12" maxThreshold="32" />
  <references type="weak" candidates="381" cleared="13" enqueued="13" />
  <references type="phantom" candidates="1" cleared="0" enqueued="0" />
  <stringconstants candidates="11650" cleared="0"  />
  <warning details="Mark invoked due to insufficient free space for Copy-Forward" />
</gc-op>
<gc-op id="387" type="classunload" timems="0.004" contextid="383" timestamp="2019-07-02T20:35:48.279">
  <classunload-info classloadercandidates="26" classloadersunloaded="0" classesunloaded="0" anonymousclassesunloaded="0" quiescems="0.000" setupms="0.004" scanms="0.000" postms="0.000" />
</gc-op>
<gc-op id="388" type="sweep" timems="0.392" contextid="383" timestamp="2019-07-02T20:35:48.280" />
<gc-op id="389" type="compact" timems="2.931" contextid="383" timestamp="2019-07-02T20:35:48.283">
  <compact-info movecount="29499" movebytes="1509856" />
  <remembered-set-cleared processed="30535" cleared="12691" durationms="0.119" />
</gc-op>
<gc-end id="390" type="partial gc" contextid="383" durationms="6.677" usertimems="12.000" systemtimems="0.000" timestamp="2019-07-02T20:35:48.283" activeThreads="4">
  <mem-info id="391" free="12582912" total="34603008" percent="36">
    <mem type="eden" free="545168" total="2097152" percent="25" />
    <pending-finalizers system="0" default="1" reference="13" classloader="0" />
    <remembered-set count="16640" freebytes="1314688" totalbytes="1381248" percent="95" regionsoverflowed="0" regionsstable="0" regionsrebuilding="0"/>
  </mem-info>
</gc-end>
<cycle-end id="392" type="partial gc" contextid="383" timestamp="2019-07-02T20:35:48.283">
  <attribute name="GC Util" value="29" />
  <attribute name="CPU Util" value="28451171869987" />
  <attribute name="Time Running"value="6765"/>
  <attribute name="Number of cores"value="4"/>
</cycle-end>
<exclusive-end id="393" timestamp="2019-07-02T20:35:48.283" durationms="7.663" />

<exclusive-start id="394" timestamp="2019-07-02T20:35:48.343" intervalms="67.248">
  <response-info timems="0.024" idlems="0.024" threads="0" lastid="0000000001777700" lastname="main" />
</exclusive-start>
<allocation-taxation id="395" taxation-threshold="12582912" timestamp="2019-07-02T20:35:48.343" intervalms="67.183" />
<cycle-start id="396" type="partial gc" contextid="0" timestamp="2019-07-02T20:35:48.343" intervalms="67.133" />
  <attribute name="GC Util" value="29" />
  <attribute name="CPU Util" value="28451171869987" />
  <attribute name="Time Running"value="6765"/>
  <attribute name="Number of cores"value="4"/>
<gc-start id="397" type="partial gc" contextid="396" timestamp="2019-07-02T20:35:48.344">
  <mem-info id="398" free="0" total="34603008" percent="0">
    <mem type="eden" free="127664" total="12582912" percent="1" />
    <remembered-set count="16640" freebytes="1314688" totalbytes="1381248" percent="95" regionsoverflowed="0" regionsstable="0" regionsrebuilding="0"/>
  </mem-info>
</gc-start>
<allocation-stats totalBytes="12391656" >
  <allocated-bytes non-tlh="682128" tlh="11709528" arrayletleaf="0"/>
  <largest-consumer threadName="main" threadId="0000000001777700" bytes="12383344" />
</allocation-stats>
<gc-op id="399" type="mark" timems="1.563" contextid="396" timestamp="2019-07-02T20:35:48.346">
  <trace-info objectcount="6790" scancount="6110" scanbytes="244096" />
  <cardclean-info objects="1321" bytes="78464" />
  <remembered-set-cleared processed="14701" cleared="2090" durationms="0.149" />
  <references type="soft" candidates="50" cleared="0" enqueued="0" dynamicThreshold="11" maxThreshold="32" />
  <references type="weak" candidates="379" cleared="2" enqueued="2" />
  <references type="phantom" candidates="2" cleared="0" enqueued="0" />
  <stringconstants candidates="11776" cleared="6"  />
  <warning details="Mark invoked due to insufficient free space for Copy-Forward" />
</gc-op>
<gc-op id="400" type="classunload" timems="0.352" contextid="396" timestamp="2019-07-02T20:35:48.346">
  <classunload-info classloadercandidates="28" classloadersunloaded="1" classesunloaded="1" anonymousclassesunloaded="0" quiescems="0.000" setupms="0.341" scanms="0.007" postms="0.004" />
</gc-op>
<gc-op id="401" type="sweep" timems="0.392" contextid="396" timestamp="2019-07-02T20:35:48.347" />
<gc-op id="402" type="compact" timems="1.543" contextid="396" timestamp="2019-07-02T20:35:48.348">
  <compact-info movecount="6788" movebytes="917704" />
  <remembered-set-cleared processed="31266" cleared="6040" durationms="0.149" />
</gc-op>
<heap-resize id="403" type="expand" space="default" amount="2097152" count="1" timems="0.075" reason="insufficient free space following gc" timestamp="2019-07-02T20:35:48.349" />
<gc-end id="404" type="partial gc" contextid="396" durationms="5.381" usertimems="4.000" systemtimems="4.000" timestamp="2019-07-02T20:35:48.349" activeThreads="4">
  <mem-info id="405" free="13631488" total="36700160" percent="37">
    <mem type="eden" free="333680" total="1048576" percent="31" />
    <pending-finalizers system="0" default="0" reference="2" classloader="0" />
    <remembered-set count="17664" freebytes="1394304" totalbytes="1464960" percent="95" regionsoverflowed="0" regionsstable="0" regionsrebuilding="0"/>
  </mem-info>
</gc-end>
<cycle-end id="406" type="partial gc" contextid="396" timestamp="2019-07-02T20:35:48.349">
  <attribute name="GC Util" value="29" />
  <attribute name="CPU Util" value="28230678541111" />
  <attribute name="Time Running"value="6832"/>
  <attribute name="Number of cores"value="4"/>
</cycle-end>
<exclusive-end id="407" timestamp="2019-07-02T20:35:48.349" durationms="6.231" />

<exclusive-start id="408" timestamp="2019-07-02T20:35:48.410" intervalms="67.541">
  <response-info timems="0.022" idlems="0.022" threads="0" lastid="0000000001777700" lastname="main" />
</exclusive-start>
<allocation-taxation id="409" taxation-threshold="13631488" timestamp="2019-07-02T20:35:48.411" intervalms="67.498" />
<cycle-start id="410" type="partial gc" contextid="0" timestamp="2019-07-02T20:35:48.411" intervalms="67.466" />
  <attribute name="GC Util" value="29" />
  <attribute name="CPU Util" value="28230678541111" />
  <attribute name="Time Running"value="6832"/>
  <attribute name="Number of cores"value="4"/>
<gc-start id="411" type="partial gc" contextid="410" timestamp="2019-07-02T20:35:48.411">
  <mem-info id="412" free="0" total="36700160" percent="0">
    <mem type="eden" free="0" total="13631488" percent="0" />
    <remembered-set count="17664" freebytes="1394304" totalbytes="1464960" percent="95" regionsoverflowed="0" regionsstable="0" regionsrebuilding="0"/>
  </mem-info>
</gc-start>
<allocation-stats totalBytes="13622696" >
  <allocated-bytes non-tlh="235336" tlh="13387360" arrayletleaf="0"/>
  <largest-consumer threadName="main" threadId="0000000001777700" bytes="13622696" />
</allocation-stats>
<gc-op id="413" type="mark" timems="1.374" contextid="410" timestamp="2019-07-02T20:35:48.413">
  <trace-info objectcount="6240" scancount="5383" scanbytes="213476" />
  <cardclean-info objects="495" bytes="31416" />
  <remembered-set-cleared processed="15010" cleared="512" durationms="0.127" />
  <references type="soft" candidates="115" cleared="0" enqueued="0" dynamicThreshold="11" maxThreshold="32" />
  <references type="weak" candidates="207" cleared="9" enqueued="9" />
  <references type="phantom" candidates="1" cleared="0" enqueued="0" />
  <stringconstants candidates="11954" cleared="1"  />
  <warning details="Mark invoked due to insufficient free space for Copy-Forward" />
</gc-op>
<gc-op id="414" type="classunload" timems="0.003" contextid="410" timestamp="2019-07-02T20:35:48.413">
  <classunload-info classloadercandidates="28" classloadersunloaded="0" classesunloaded="0" anonymousclassesunloaded="0" quiescems="0.000" setupms="0.003" scanms="0.000" postms="0.000" />
</gc-op>
<gc-op id="415" type="sweep" timems="0.360" contextid="410" timestamp="2019-07-02T20:35:48.413" />
<gc-op id="416" type="compact" timems="1.431" contextid="410" timestamp="2019-07-02T20:35:48.415">
  <compact-info movecount="5649" movebytes="540624" />
  <remembered-set-cleared processed="31598" cleared="2572" durationms="0.127" />
</gc-op>
<heap-resize id="417" type="expand" space="default" amount="1048576" count="1" timems="0.064" reason="insufficient free space following gc" timestamp="2019-07-02T20:35:48.415" />
<gc-end id="418" type="partial gc" contextid="410" durationms="4.441" usertimems="8.000" systemtimems="0.000" timestamp="2019-07-02T20:35:48.415" activeThreads="4">
  <mem-info id="419" free="13631488" total="37748736" percent="36">
    <mem type="eden" free="871496" total="1048576" percent="83" />
    <pending-finalizers system="0" default="0" reference="9" classloader="0" />
    <remembered-set count="18016" freebytes="1434752" totalbytes="1506816" percent="95" regionsoverflowed="0" regionsstable="0" regionsrebuilding="0"/>
  </mem-info>
</gc-end>
<cycle-end id="420" type="partial gc" contextid="410" timestamp="2019-07-02T20:35:48.415">
  <attribute name="GC Util" value="33" />
  <attribute name="CPU Util" value="29624757577953" />
  <attribute name="Time Running"value="6899"/>
  <attribute name="Number of cores"value="4"/>
</cycle-end>
<exclusive-end id="421" timestamp="2019-07-02T20:35:48.416" durationms="5.153" />

<exclusive-start id="422" timestamp="2019-07-02T20:35:48.471" intervalms="60.488">
  <response-info timems="0.028" idlems="0.028" threads="0" lastid="0000000001777700" lastname="main" />
</exclusive-start>
<allocation-taxation id="423" taxation-threshold="13631488" timestamp="2019-07-02T20:35:48.471" intervalms="60.502" />
<cycle-start id="424" type="partial gc" contextid="0" timestamp="2019-07-02T20:35:48.471" intervalms="60.578" />
  <attribute name="GC Util" value="33" />
  <attribute name="CPU Util" value="29624757577953" />
  <attribute name="Time Running"value="6899"/>
  <attribute name="Number of cores"value="4"/>
<gc-start id="425" type="partial gc" contextid="424" timestamp="2019-07-02T20:35:48.471">
  <mem-info id="426" free="0" total="37748736" percent="0">
    <mem type="eden" free="0" total="13631488" percent="0" />
    <remembered-set count="18016" freebytes="1434752" totalbytes="1506816" percent="95" regionsoverflowed="0" regionsstable="0" regionsrebuilding="0"/>
  </mem-info>
</gc-start>
<allocation-stats totalBytes="13629880" >
  <allocated-bytes non-tlh="822416" tlh="12807464" arrayletleaf="0"/>
  <largest-consumer threadName="main" threadId="0000000001777700" bytes="13629880" />
</allocation-stats>
<gc-op id="427" type="mark" timems="1.779" contextid="424" timestamp="2019-07-02T20:35:48.474">
  <trace-info objectcount="10631" scancount="9548" scanbytes="340636" />
  <cardclean-info objects="1885" bytes="102284" />
  <remembered-set-cleared processed="15628" cleared="789" durationms="0.145" />
  <references type="soft" candidates="93" cleared="0" enqueued="0" dynamicThreshold="11" maxThreshold="32" />
  <references type="weak" candidates="245" cleared="1" enqueued="1" />
  <references type="phantom" candidates="1" cleared="0" enqueued="0" />
  <stringconstants candidates="12282" cleared="2"  />
  <warning details="Mark invoked due to insufficient free space for Copy-Forward" />
</gc-op>
<gc-op id="428" type="classunload" timems="0.373" contextid="424" timestamp="2019-07-02T20:35:48.474">
  <classunload-info classloadercandidates="33" classloadersunloaded="1" classesunloaded="1" anonymousclassesunloaded="0" quiescems="0.000" setupms="0.362" scanms="0.006" postms="0.005" />
</gc-op>
<gc-op id="429" type="sweep" timems="0.420" contextid="424" timestamp="2019-07-02T20:35:48.475" />
<gc-op id="430" type="compact" timems="1.674" contextid="424" timestamp="2019-07-02T20:35:48.477">
  <compact-info movecount="10510" movebytes="669560" />
  <remembered-set-cleared processed="34077" cleared="4372" durationms="0.145" />
</gc-op>
<gc-end id="431" type="partial gc" contextid="424" durationms="5.575" usertimems="8.000" systemtimems="0.000" timestamp="2019-07-02T20:35:48.477" activeThreads="4">
  <mem-info id="432" free="12582912" total="37748736" percent="33">
    <mem type="eden" free="492248" total="1048576" percent="46" />
    <pending-finalizers system="0" default="0" reference="1" classloader="0" />
    <remembered-set count="19456" freebytes="1428992" totalbytes="1506816" percent="94" regionsoverflowed="0" regionsstable="0" regionsrebuilding="0"/>
  </mem-info>
</gc-end>
<cycle-end id="433" type="partial gc" contextid="424" timestamp="2019-07-02T20:35:48.477">
  <attribute name="GC Util" value="35" />
  <attribute name="CPU Util" value="27037268250979" />
  <attribute name="Time Running"value="6961"/>
  <attribute name="Number of cores"value="4"/>
</cycle-end>
<exclusive-end id="434" timestamp="2019-07-02T20:35:48.477" durationms="6.337" />

<exclusive-start id="435" timestamp="2019-07-02T20:35:48.534" intervalms="63.090">
  <response-info timems="0.020" idlems="0.020" threads="0" lastid="0000000001777700" lastname="main" />
</exclusive-start>
<allocation-taxation id="436" taxation-threshold="12582912" timestamp="2019-07-02T20:35:48.534" intervalms="63.149" />
<cycle-start id="437" type="partial gc" contextid="0" timestamp="2019-07-02T20:35:48.534" intervalms="63.156" />
  <attribute name="GC Util" value="35" />
  <attribute name="CPU Util" value="27037268250979" />
  <attribute name="Time Running"value="6961"/>
  <attribute name="Number of cores"value="4"/>
<gc-start id="438" type="partial gc" contextid="437" timestamp="2019-07-02T20:35:48.535">
  <mem-info id="439" free="0" total="37748736" percent="0">
    <mem type="eden" free="0" total="12582912" percent="0" />
    <remembered-set count="19456" freebytes="1428992" totalbytes="1506816" percent="94" regionsoverflowed="0" regionsstable="0" regionsrebuilding="0"/>
  </mem-info>
</gc-start>
<allocation-stats totalBytes="12580960" >
  <allocated-bytes non-tlh="420904" tlh="12160056" arrayletleaf="0"/>
  <largest-consumer threadName="main" threadId="0000000001777700" bytes="12580960" />
</allocation-stats>
<gc-op id="440" type="mark" timems="1.617" contextid="437" timestamp="2019-07-02T20:35:48.537">
  <trace-info objectcount="8122" scancount="7187" scanbytes="242612" />
  <cardclean-info objects="996" bytes="56748" />
  <remembered-set-cleared processed="16793" cleared="1452" durationms="0.154" />
  <references type="soft" candidates="22" cleared="0" enqueued="0" dynamicThreshold="10" maxThreshold="32" />
  <references type="weak" candidates="127" cleared="2" enqueued="2" />
  <stringconstants candidates="12421" cleared="0"  />
  <warning details="Mark invoked due to insufficient free space for Copy-Forward" />
</gc-op>
<gc-op id="441" type="classunload" timems="0.004" contextid="437" timestamp="2019-07-02T20:35:48.537">
  <classunload-info classloadercandidates="35" classloadersunloaded="0" classesunloaded="0" anonymousclassesunloaded="0" quiescems="0.000" setupms="0.003" scanms="0.000" postms="0.000" />
</gc-op>
<gc-op id="442" type="sweep" timems="0.326" contextid="437" timestamp="2019-07-02T20:35:48.537" />
<gc-op id="443" type="compact" timems="1.793" contextid="437" timestamp="2019-07-02T20:35:48.540">
  <compact-info movecount="7992" movebytes="310408" />
  <remembered-set-cleared processed="35428" cleared="4661" durationms="0.154" />
</gc-op>
<heap-resize id="444" type="expand" space="default" amount="2097152" count="1" timems="0.074" reason="insufficient free space following gc" timestamp="2019-07-02T20:35:48.540" />
<gc-end id="445" type="partial gc" contextid="437" durationms="5.354" usertimems="4.000" systemtimems="4.000" timestamp="2019-07-02T20:35:48.540" activeThreads="4">
  <mem-info id="446" free="13631488" total="39845888" percent="34">
    <mem type="eden" free="987080" total="1048576" percent="94" />
    <pending-finalizers system="0" default="0" reference="2" classloader="0" />
    <remembered-set count="19520" freebytes="1512448" totalbytes="1590528" percent="95" regionsoverflowed="0" regionsstable="0" regionsrebuilding="0"/>
  </mem-info>
</gc-end>
<cycle-end id="447" type="partial gc" contextid="437" timestamp="2019-07-02T20:35:48.540">
  <attribute name="GC Util" value="32" />
  <attribute name="CPU Util" value="31705732696655" />
  <attribute name="Time Running"value="7023"/>
  <attribute name="Number of cores"value="4"/>
</cycle-end>
<exclusive-end id="448" timestamp="2019-07-02T20:35:48.540" durationms="6.457" />

<exclusive-start id="449" timestamp="2019-07-02T20:35:48.571" intervalms="36.901">
  <response-info timems="0.055" idlems="0.055" threads="0" lastid="0000000001777700" lastname="main" />
</exclusive-start>
<allocation-taxation id="450" taxation-threshold="13631488" timestamp="2019-07-02T20:35:48.571" intervalms="36.915" />
<cycle-start id="451" type="partial gc" contextid="0" timestamp="2019-07-02T20:35:48.571" intervalms="36.954" />
  <attribute name="GC Util" value="32" />
  <attribute name="CPU Util" value="31705732696655" />
  <attribute name="Time Running"value="7023"/>
  <attribute name="Number of cores"value="4"/>
<gc-start id="452" type="partial gc" contextid="451" timestamp="2019-07-02T20:35:48.572">
  <mem-info id="453" free="0" total="39845888" percent="0">
    <mem type="eden" free="0" total="13631488" percent="0" />
    <remembered-set count="19520" freebytes="1512448" totalbytes="1590528" percent="95" regionsoverflowed="0" regionsstable="0" regionsrebuilding="0"/>
  </mem-info>
</gc-start>
<allocation-stats totalBytes="13629728" >
  <allocated-bytes non-tlh="402024" tlh="13227704" arrayletleaf="0"/>
  <largest-consumer threadName="main" threadId="0000000001777700" bytes="13625632" />
</allocation-stats>
<gc-op id="454" type="mark" timems="1.904" contextid="451" timestamp="2019-07-02T20:35:48.574">
  <trace-info objectcount="21159" scancount="19073" scanbytes="849712" />
  <cardclean-info objects="283" bytes="26196" />
  <remembered-set-cleared processed="17392" cleared="754" durationms="0.162" />
  <references type="soft" candidates="37" cleared="0" enqueued="0" dynamicThreshold="10" maxThreshold="32" />
  <references type="weak" candidates="81" cleared="0" enqueued="0" />
  <references type="phantom" candidates="1" cleared="0" enqueued="0" />
  <stringconstants candidates="12453" cleared="0"  />
  <warning details="Mark invoked due to insufficient free space for Copy-Forward" />
</gc-op>
<gc-op id="455" type="classunload" timems="0.004" contextid="451" timestamp="2019-07-02T20:35:48.574">
  <classunload-info classloadercandidates="36" classloadersunloaded="0" classesunloaded="0" anonymousclassesunloaded="0" quiescems="0.000" setupms="0.004" scanms="0.000" postms="0.000" />
</gc-op>
<gc-op id="456" type="sweep" timems="0.416" contextid="451" timestamp="2019-07-02T20:35:48.575" />
<gc-op id="457" type="compact" timems="2.386" contextid="451" timestamp="2019-07-02T20:35:48.577">
  <compact-info movecount="20601" movebytes="1150440" />
  <remembered-set-cleared processed="37944" cleared="4639" durationms="0.162" />
</gc-op>
<heap-resize id="458" type="expand" space="default" amount="3145728" count="1" timems="0.080" reason="insufficient free space following gc" timestamp="2019-07-02T20:35:48.578" />
<gc-end id="459" type="partial gc" contextid="451" durationms="6.213" usertimems="12.000" systemtimems="0.000" timestamp="2019-07-02T20:35:48.578" activeThreads="4">
  <mem-info id="460" free="14680064" total="42991616" percent="34">
    <mem type="eden" free="979832" total="2097152" percent="46" />
    <remembered-set count="22240" freebytes="1627136" totalbytes="1716096" percent="94" regionsoverflowed="0" regionsstable="0" regionsrebuilding="0"/>
  </mem-info>
</gc-end>
<cycle-end id="461" type="partial gc" contextid="451" timestamp="2019-07-02T20:35:48.578">
  <attribute name="GC Util" value="31" />
  <attribute name="CPU Util" value="27268115869435" />
  <attribute name="Time Running"value="7061"/>
  <attribute name="Number of cores"value="4"/>
</cycle-end>
<exclusive-end id="462" timestamp="2019-07-02T20:35:48.578" durationms="7.240" />

<exclusive-start id="463" timestamp="2019-07-02T20:35:48.619" intervalms="48.326">
  <response-info timems="0.055" idlems="0.055" threads="0" lastid="0000000001777700" lastname="main" />
</exclusive-start>
<allocation-taxation id="464" taxation-threshold="14680064" timestamp="2019-07-02T20:35:48.619" intervalms="48.337" />
<cycle-start id="465" type="partial gc" contextid="0" timestamp="2019-07-02T20:35:48.620" intervalms="48.334" />
  <attribute name="GC Util" value="31" />
  <attribute name="CPU Util" value="27268115869435" />
  <attribute name="Time Running"value="7061"/>
  <attribute name="Number of cores"value="4"/>
<gc-start id="466" type="partial gc" contextid="465" timestamp="2019-07-02T20:35:48.620">
  <mem-info id="467" free="0" total="42991616" percent="0">
    <mem type="eden" free="0" total="14680064" percent="0" />
    <remembered-set count="22240" freebytes="1627136" totalbytes="1716096" percent="94" regionsoverflowed="0" regionsstable="0" regionsrebuilding="0"/>
  </mem-info>
</gc-start>
<allocation-stats totalBytes="14678112" >
  <allocated-bytes non-tlh="266328" tlh="14411784" arrayletleaf="0"/>
  <largest-consumer threadName="main" threadId="0000000001777700" bytes="14678112" />
</allocation-stats>
<gc-op id="468" type="mark" timems="2.134" contextid="465" timestamp="2019-07-02T20:35:48.623">
  <trace-info objectcount="21410" scancount="19265" scanbytes="818036" />
  <cardclean-info objects="4484" bytes="210344" />
  <remembered-set-cleared processed="18194" cleared="4760" durationms="0.184" />
  <references type="soft" candidates="30" cleared="0" enqueued="0" dynamicThreshold="10" maxThreshold="32" />
  <references type="weak" candidates="204" cleared="0" enqueued="0" />
  <references type="phantom" candidates="1" cleared="0" enqueued="0" />
  <stringconstants candidates="12464" cleared="0"  />
  <warning details="Mark invoked due to insufficient free space for Copy-Forward" />
</gc-op>
<gc-op id="469" type="classunload" timems="0.003" contextid="465" timestamp="2019-07-02T20:35:48.623">
  <classunload-info classloadercandidates="37" classloadersunloaded="0" classesunloaded="0" anonymousclassesunloaded="0" quiescems="0.000" setupms="0.003" scanms="0.000" postms="0.000" />
</gc-op>
<gc-op id="470" type="sweep" timems="0.417" contextid="465" timestamp="2019-07-02T20:35:48.623" />
<gc-op id="471" type="compact" timems="2.402" contextid="465" timestamp="2019-07-02T20:35:48.626">
  <compact-info movecount="21245" movebytes="1272312" />
  <remembered-set-cleared processed="37784" cleared="10911" durationms="0.184" />
</gc-op>
<heap-resize id="472" type="expand" space="default" amount="1048576" count="1" timems="0.065" reason="insufficient free space following gc" timestamp="2019-07-02T20:35:48.626" />
<gc-end id="473" type="partial gc" contextid="465" durationms="6.532" usertimems="12.000" systemtimems="0.000" timestamp="2019-07-02T20:35:48.627" activeThreads="4">
  <mem-info id="474" free="14680064" total="44040192" percent="33">
    <mem type="eden" free="1007184" total="2097152" percent="48" />
    <remembered-set count="21056" freebytes="1673728" totalbytes="1757952" percent="95" regionsoverflowed="0" regionsstable="0" regionsrebuilding="0"/>
  </mem-info>
</gc-end>
<cycle-end id="475" type="partial gc" contextid="465" timestamp="2019-07-02T20:35:48.627">
  <attribute name="GC Util" value="32" />
  <attribute name="CPU Util" value="27009794124201" />
  <attribute name="Time Running"value="7109"/>
  <attribute name="Number of cores"value="4"/>
</cycle-end>
<exclusive-end id="476" timestamp="2019-07-02T20:35:48.627" durationms="7.596" />

<exclusive-start id="477" timestamp="2019-07-02T20:35:48.662" intervalms="42.382">
  <response-info timems="0.049" idlems="0.049" threads="0" lastid="0000000001777700" lastname="main" />
</exclusive-start>
<allocation-taxation id="478" taxation-threshold="14680064" timestamp="2019-07-02T20:35:48.662" intervalms="42.367" />
<cycle-start id="479" type="partial gc" contextid="0" timestamp="2019-07-02T20:35:48.662" intervalms="42.380" />
  <attribute name="GC Util" value="32" />
  <attribute name="CPU Util" value="27009794124201" />
  <attribute name="Time Running"value="7109"/>
  <attribute name="Number of cores"value="4"/>
<gc-start id="480" type="partial gc" contextid="479" timestamp="2019-07-02T20:35:48.662">
  <mem-info id="481" free="0" total="44040192" percent="0">
    <mem type="eden" free="0" total="14680064" percent="0" />
    <remembered-set count="21056" freebytes="1673728" totalbytes="1757952" percent="95" regionsoverflowed="0" regionsstable="0" regionsrebuilding="0"/>
  </mem-info>
</gc-start>
<allocation-stats totalBytes="14678464" >
  <allocated-bytes non-tlh="200400" tlh="14478064" arrayletleaf="0"/>
  <largest-consumer threadName="main" threadId="0000000001777700" bytes="14678464" />
</allocation-stats>
<gc-op id="482" type="mark" timems="1.811" contextid="479" timestamp="2019-07-02T20:35:48.665">
  <trace-info objectcount="12441" scancount="11280" scanbytes="477740" />
  <cardclean-info objects="4376" bytes="206248" />
  <remembered-set-cleared processed="17600" cleared="3875" durationms="0.170" />
  <references type="soft" candidates="13" cleared="0" enqueued="0" dynamicThreshold="10" maxThreshold="32" />
  <references type="weak" candidates="207" cleared="0" enqueued="0" />
  <references type="phantom" candidates="1" cleared="0" enqueued="0" />
  <stringconstants candidates="12469" cleared="0"  />
  <warning details="Mark invoked due to insufficient free space for Copy-Forward" />
</gc-op>
<gc-op id="483" type="classunload" timems="0.004" contextid="479" timestamp="2019-07-02T20:35:48.665">
  <classunload-info classloadercandidates="38" classloadersunloaded="0" classesunloaded="0" anonymousclassesunloaded="0" quiescems="0.000" setupms="0.004" scanms="0.000" postms="0.000" />
</gc-op>
<gc-op id="484" type="sweep" timems="0.481" contextid="479" timestamp="2019-07-02T20:35:48.666" />
<gc-op id="485" type="compact" timems="1.777" contextid="479" timestamp="2019-07-02T20:35:48.668">
  <compact-info movecount="9629" movebytes="662096" />
  <remembered-set-cleared processed="36182" cleared="8728" durationms="0.170" />
</gc-op>
<heap-resize id="486" type="expand" space="default" amount="8388608" count="1" timems="0.107" reason="excessive time being spent in gc" timestamp="2019-07-02T20:35:48.668" />
<gc-end id="487" type="partial gc" contextid="479" durationms="5.635" usertimems="8.000" systemtimems="4.000" timestamp="2019-07-02T20:35:48.668" activeThreads="4">
  <mem-info id="488" free="23068672" total="52428800" percent="44">
    <mem type="eden" free="392200" total="1048576" percent="37" />
    <remembered-set count="20928" freebytes="2009088" totalbytes="2092800" percent="96" regionsoverflowed="0" regionsstable="0" regionsrebuilding="0"/>
  </mem-info>
</gc-end>
<cycle-end id="489" type="partial gc" contextid="479" timestamp="2019-07-02T20:35:48.668">
  <attribute name="GC Util" value="32" />
  <attribute name="CPU Util" value="25245408210020" />
  <attribute name="Time Running"value="7151"/>
  <attribute name="Number of cores"value="4"/>
</cycle-end>
<exclusive-end id="490" timestamp="2019-07-02T20:35:48.668" durationms="6.681" />

<exclusive-start id="491" timestamp="2019-07-02T20:35:48.720" intervalms="58.003">
  <response-info timems="0.055" idlems="0.055" threads="0" lastid="0000000001777700" lastname="main" />
</exclusive-start>
<allocation-taxation id="492" taxation-threshold="19922944" timestamp="2019-07-02T20:35:48.720" intervalms="58.012" />
<cycle-start id="493" type="partial gc" contextid="0" timestamp="2019-07-02T20:35:48.720" intervalms="57.958" />
  <attribute name="GC Util" value="32" />
  <attribute name="CPU Util" value="25245408210020" />
  <attribute name="Time Running"value="7151"/>
  <attribute name="Number of cores"value="4"/>
<gc-start id="494" type="partial gc" contextid="493" timestamp="2019-07-02T20:35:48.720">
  <mem-info id="495" free="3145728" total="52428800" percent="6">
    <mem type="eden" free="0" total="19922944" percent="0" />
    <remembered-set count="20928" freebytes="2009088" totalbytes="2092800" percent="96" regionsoverflowed="0" regionsstable="0" regionsrebuilding="0"/>
  </mem-info>
</gc-start>
<allocation-stats totalBytes="19918984" >
  <allocated-bytes non-tlh="402496" tlh="19516488" arrayletleaf="0"/>
  <largest-consumer threadName="main" threadId="0000000001777700" bytes="19918984" />
</allocation-stats>
<gc-op id="496" type="copy forward" timems="3.442" contextid="493" timestamp="2019-07-02T20:35:48.724">
  <memory-copied type="eden" objects="9261" bytes="698544" bytesdiscarded="113432" />
  <memory-copied type="other" objects="1005" bytes="31648" bytesdiscarded="1632" />
  <memory-cardclean objects="122" bytes="12688" />
  <remembered-set-cleared processed="18053" cleared="1113" durationms="0.153" />
  <references type="soft" candidates="4" cleared="0" enqueued="0" dynamicThreshold="14" maxThreshold="32" />
  <references type="weak" candidates="30" cleared="0" enqueued="0" />
  <references type="phantom" candidates="1" cleared="0" enqueued="0" />
  <stringconstants candidates="12488" cleared="0"  />
</gc-op>
<gc-op id="497" type="classunload" timems="0.003" contextid="493" timestamp="2019-07-02T20:35:48.724">
  <classunload-info classloadercandidates="40" classloadersunloaded="0" classesunloaded="0" anonymousclassesunloaded="0" quiescems="0.000" setupms="0.003" scanms="0.000" postms="0.000" />
</gc-op>
<heap-resize id="498" type="expand" space="default" amount="9437184" count="1" timems="0.114" reason="excessive time being spent in gc" timestamp="2019-07-02T20:35:48.725" />
<gc-end id="499" type="partial gc" contextid="493" durationms="4.572" usertimems="8.000" systemtimems="0.000" timestamp="2019-07-02T20:35:48.725" activeThreads="4">
  <mem-info id="500" free="31457280" total="61865984" percent="50">
    <mem type="eden" free="236520" total="1048576" percent="22" />
    <remembered-set count="20640" freebytes="2386944" totalbytes="2469504" percent="96" regionsoverflowed="0" regionsstable="0" regionsrebuilding="0"/>
  </mem-info>
</gc-end>
<cycle-end id="501" type="partial gc" contextid="493" timestamp="2019-07-02T20:35:48.725">
  <attribute name="GC Util" value="69" />
  <attribute name="CPU Util" value="78636656018759" />
  <attribute name="Time Running"value="7206"/>
  <attribute name="Number of cores"value="4"/>
</cycle-end>
<exclusive-end id="502" timestamp="2019-07-02T20:35:48.725" durationms="5.423" />

<exclusive-start id="503" timestamp="2019-07-02T20:35:48.767" intervalms="47.037">
  <response-info timems="0.057" idlems="0.057" threads="0" lastid="0000000001777700" lastname="main" />
</exclusive-start>
<allocation-taxation id="504" taxation-threshold="22020096" timestamp="2019-07-02T20:35:48.767" intervalms="47.021" />
<cycle-start id="505" type="partial gc" contextid="0" timestamp="2019-07-02T20:35:48.767" intervalms="47.024" />
  <attribute name="GC Util" value="69" />
  <attribute name="CPU Util" value="78636656018759" />
  <attribute name="Time Running"value="7206"/>
  <attribute name="Number of cores"value="4"/>
<gc-start id="506" type="partial gc" contextid="505" timestamp="2019-07-02T20:35:48.767">
  <mem-info id="507" free="9437184" total="61865984" percent="15">
    <mem type="eden" free="0" total="22020096" percent="0" />
    <remembered-set count="20160" freebytes="2388864" totalbytes="2469504" percent="96" regionsoverflowed="0" regionsstable="0" regionsrebuilding="0"/>
  </mem-info>
</gc-start>
<allocation-stats totalBytes="22017368" >
  <allocated-bytes non-tlh="401360" tlh="21616008" arrayletleaf="0"/>
  <largest-consumer threadName="main" threadId="0000000001777700" bytes="22017368" />
</allocation-stats>
<gc-op id="508" type="copy forward" timems="4.205" contextid="505" timestamp="2019-07-02T20:35:48.772">
  <memory-copied type="eden" objects="3488" bytes="153448" bytesdiscarded="29744" />
  <memory-copied type="other" objects="21020" bytes="763792" bytesdiscarded="18120" />
  <memory-cardclean objects="748" bytes="42400" />
  <remembered-set-cleared processed="17594" cleared="3890" durationms="0.134" />
  <references type="soft" candidates="4" cleared="0" enqueued="0" dynamicThreshold="16" maxThreshold="32" />
  <references type="weak" candidates="26" cleared="0" enqueued="0" />
  <stringconstants candidates="12511" cleared="0"  />
</gc-op>
<gc-op id="509" type="classunload" timems="0.004" contextid="505" timestamp="2019-07-02T20:35:48.772">
  <classunload-info classloadercandidates="42" classloadersunloaded="0" classesunloaded="0" anonymousclassesunloaded="0" quiescems="0.000" setupms="0.004" scanms="0.000" postms="0.000" />
</gc-op>
<heap-resize id="510" type="expand" space="default" amount="11534336" count="1" timems="0.125" reason="excessive time being spent in gc" timestamp="2019-07-02T20:35:48.773" />
<gc-end id="511" type="partial gc" contextid="505" durationms="5.461" usertimems="12.000" systemtimems="0.000" timestamp="2019-07-02T20:35:48.773" activeThreads="4">
  <mem-info id="512" free="41943040" total="73400320" percent="57">
    <mem type="eden" free="865336" total="1048576" percent="82" />
    <remembered-set count="20800" freebytes="2846720" totalbytes="2929920" percent="97" regionsoverflowed="0" regionsstable="0" regionsrebuilding="0"/>
  </mem-info>
</gc-end>
<cycle-end id="513" type="partial gc" contextid="505" timestamp="2019-07-02T20:35:48.773">
  <attribute name="GC Util" value="66" />
  <attribute name="CPU Util" value="78101952856750" />
  <attribute name="Time Running"value="7254"/>
  <attribute name="Number of cores"value="4"/>
</cycle-end>
<exclusive-end id="514" timestamp="2019-07-02T20:35:48.773" durationms="6.323" />

<exclusive-start id="515" timestamp="2019-07-02T20:35:48.824" intervalms="57.682">
  <response-info timems="0.014" idlems="0.014" threads="0" lastid="0000000001777700" lastname="main" />
</exclusive-start>
<allocation-taxation id="516" taxation-threshold="25165824" timestamp="2019-07-02T20:35:48.824" intervalms="57.601" />
<cycle-start id="517" type="partial gc" contextid="0" timestamp="2019-07-02T20:35:48.825" intervalms="57.523" />
  <attribute name="GC Util" value="66" />
  <attribute name="CPU Util" value="78101952856750" />
  <attribute name="Time Running"value="7254"/>
  <attribute name="Number of cores"value="4"/>
<gc-start id="518" type="partial gc" contextid="517" timestamp="2019-07-02T20:35:48.825">
  <mem-info id="519" free="16777216" total="73400320" percent="22">
    <mem type="eden" free="0" total="25165824" percent="0" />
    <remembered-set count="20384" freebytes="2848384" totalbytes="2929920" percent="97" regionsoverflowed="0" regionsstable="0" regionsrebuilding="0"/>
  </mem-info>
</gc-start>
<allocation-stats totalBytes="25160088" >
  <allocated-bytes non-tlh="401200" tlh="24758888" arrayletleaf="0"/>
  <largest-consumer threadName="main" threadId="0000000001777700" bytes="25160088" />
</allocation-stats>
<gc-op id="520" type="copy forward" timems="2.261" contextid="517" timestamp="2019-07-02T20:35:48.828">
  <memory-copied type="eden" objects="527" bytes="54832" bytesdiscarded="7936" />
  <memory-copied type="other" objects="12982" bytes="484424" bytesdiscarded="22488" />
  <memory-cardclean objects="1425" bytes="77320" />
  <remembered-set-cleared processed="17056" cleared="2034" durationms="0.145" />
  <references type="soft" candidates="73" cleared="0" enqueued="0" dynamicThreshold="18" maxThreshold="32" />
  <references type="weak" candidates="131" cleared="0" enqueued="0" />
  <references type="phantom" candidates="1" cleared="0" enqueued="0" />
  <stringconstants candidates="12526" cleared="0"  />
</gc-op>
<gc-op id="521" type="classunload" timems="0.004" contextid="517" timestamp="2019-07-02T20:35:48.828">
  <classunload-info classloadercandidates="45" classloadersunloaded="0" classesunloaded="0" anonymousclassesunloaded="0" quiescems="0.000" setupms="0.004" scanms="0.000" postms="0.000" />
</gc-op>
<gc-end id="522" type="partial gc" contextid="517" durationms="3.166" usertimems="4.000" systemtimems="0.000" timestamp="2019-07-02T20:35:48.828" activeThreads="4">
  <mem-info id="523" free="40894464" total="73400320" percent="55">
    <mem type="eden" free="985696" total="1048576" percent="94" />
    <remembered-set count="20320" freebytes="2848640" totalbytes="2929920" percent="97" regionsoverflowed="0" regionsstable="0" regionsrebuilding="0"/>
  </mem-info>
</gc-end>
<cycle-end id="524" type="partial gc" contextid="517" timestamp="2019-07-02T20:35:48.828">
  <attribute name="GC Util" value="65" />
  <attribute name="CPU Util" value="78993602488929" />
  <attribute name="Time Running"value="7311"/>
  <attribute name="Number of cores"value="4"/>
</cycle-end>
<exclusive-end id="525" timestamp="2019-07-02T20:35:48.828" durationms="3.872" />

<exclusive-start id="526" timestamp="2019-07-02T20:35:48.889" intervalms="64.795">
  <response-info timems="0.016" idlems="0.016" threads="0" lastid="0000000001777700" lastname="main" />
</exclusive-start>
<allocation-taxation id="527" taxation-threshold="25165824" timestamp="2019-07-02T20:35:48.889" intervalms="64.806" />
<cycle-start id="528" type="partial gc" contextid="0" timestamp="2019-07-02T20:35:48.889" intervalms="64.807" />
  <attribute name="GC Util" value="65" />
  <attribute name="CPU Util" value="78993602488929" />
  <attribute name="Time Running"value="7311"/>
  <attribute name="Number of cores"value="4"/>
<gc-start id="529" type="partial gc" contextid="528" timestamp="2019-07-02T20:35:48.890">
  <mem-info id="530" free="15728640" total="73400320" percent="21">
    <mem type="eden" free="0" total="25165824" percent="0" />
    <remembered-set count="20192" freebytes="2849152" totalbytes="2929920" percent="97" regionsoverflowed="0" regionsstable="0" regionsrebuilding="0"/>
  </mem-info>
</gc-start>
<allocation-stats totalBytes="25162552" >
  <allocated-bytes non-tlh="1002448" tlh="24160104" arrayletleaf="0"/>
  <largest-consumer threadName="main" threadId="0000000001777700" bytes="25162552" />
</allocation-stats>
<gc-op id="531" type="copy forward" timems="1.340" contextid="528" timestamp="2019-07-02T20:35:48.892">
  <memory-copied type="eden" objects="655" bytes="21968" bytesdiscarded="1560" />
  <memory-copied type="other" objects="484" bytes="17232" bytesdiscarded="1392" />
  <memory-cardclean objects="148" bytes="13640" />
  <remembered-set-cleared processed="16959" cleared="260" durationms="0.132" />
  <references type="soft" candidates="6" cleared="0" enqueued="0" dynamicThreshold="17" maxThreshold="32" />
  <references type="weak" candidates="39" cleared="0" enqueued="0" />
  <stringconstants candidates="12560" cleared="4"  />
</gc-op>
<gc-op id="532" type="classunload" timems="0.411" contextid="528" timestamp="2019-07-02T20:35:48.892">
  <classunload-info classloadercandidates="50" classloadersunloaded="2" classesunloaded="2" anonymousclassesunloaded="0" quiescems="0.000" setupms="0.398" scanms="0.009" postms="0.004" />
</gc-op>
<gc-end id="533" type="partial gc" contextid="528" durationms="2.685" usertimems="4.000" systemtimems="0.000" timestamp="2019-07-02T20:35:48.892" activeThreads="4">
  <mem-info id="534" free="39845888" total="73400320" percent="54">
    <mem type="eden" free="1024976" total="1048576" percent="97" />
    <remembered-set count="20800" freebytes="2846720" totalbytes="2929920" percent="97" regionsoverflowed="0" regionsstable="0" regionsrebuilding="0"/>
  </mem-info>
</gc-end>
<cycle-end id="535" type="partial gc" contextid="528" timestamp="2019-07-02T20:35:48.892">
  <attribute name="GC Util" value="61" />
  <attribute name="CPU Util" value="77279709929436" />
  <attribute name="Time Running"value="7376"/>
  <attribute name="Number of cores"value="4"/>
</cycle-end>
<exclusive-end id="536" timestamp="2019-07-02T20:35:48.893" durationms="3.430" />

<exclusive-start id="537" timestamp="2019-07-02T20:35:48.937" intervalms="47.639">
  <response-info timems="0.103" idlems="0.103" threads="0" lastid="0000000001777700" lastname="main" />
</exclusive-start>
<allocation-taxation id="538" taxation-threshold="25165824" timestamp="2019-07-02T20:35:48.937" intervalms="47.721" />
<cycle-start id="539" type="partial gc" contextid="0" timestamp="2019-07-02T20:35:48.937" intervalms="47.780" />
  <attribute name="GC Util" value="61" />
  <attribute name="CPU Util" value="77279709929436" />
  <attribute name="Time Running"value="7376"/>
  <attribute name="Number of cores"value="4"/>
<gc-start id="540" type="partial gc" contextid="539" timestamp="2019-07-02T20:35:48.937">
  <mem-info id="541" free="14680064" total="73400320" percent="20">
    <mem type="eden" free="0" total="25165824" percent="0" />
    <remembered-set count="20384" freebytes="2848384" totalbytes="2929920" percent="97" regionsoverflowed="0" regionsstable="0" regionsrebuilding="0"/>
  </mem-info>
</gc-start>
<allocation-stats totalBytes="25162864" >
  <allocated-bytes non-tlh="466776" tlh="24696088" arrayletleaf="0"/>
  <largest-consumer threadName="main" threadId="0000000001777700" bytes="25162864" />
</allocation-stats>
<gc-op id="542" type="copy forward" timems="2.160" contextid="539" timestamp="2019-07-02T20:35:48.940">
  <memory-copied type="eden" objects="13912" bytes="906360" bytesdiscarded="104960" />
  <memory-copied type="other" objects="651" bytes="21872" bytesdiscarded="1264" />
  <memory-cardclean objects="146" bytes="13712" />
  <remembered-set-cleared processed="17195" cleared="286" durationms="0.155" />
  <references type="soft" candidates="4" cleared="0" enqueued="0" dynamicThreshold="17" maxThreshold="32" />
  <references type="weak" candidates="40" cleared="0" enqueued="0" />
  <references type="phantom" candidates="1" cleared="0" enqueued="0" />
  <stringconstants candidates="12580" cleared="0"  />
</gc-op>
<gc-op id="543" type="classunload" timems="0.004" contextid="539" timestamp="2019-07-02T20:35:48.940">
  <classunload-info classloadercandidates="49" classloadersunloaded="0" classesunloaded="0" anonymousclassesunloaded="0" quiescems="0.000" setupms="0.003" scanms="0.000" postms="0.000" />
</gc-op>
<gc-end id="544" type="partial gc" contextid="539" durationms="3.267" usertimems="8.000" systemtimems="0.000" timestamp="2019-07-02T20:35:48.941" activeThreads="4">
  <mem-info id="545" free="38797312" total="73400320" percent="52">
    <mem type="eden" free="37200" total="1048576" percent="3" />
    <remembered-set count="21120" freebytes="2845440" totalbytes="2929920" percent="97" regionsoverflowed="0" regionsstable="0" regionsrebuilding="0"/>
  </mem-info>
</gc-end>
<cycle-end id="546" type="partial gc" contextid="539" timestamp="2019-07-02T20:35:48.941">
  <attribute name="GC Util" value="62" />
  <attribute name="CPU Util" value="75328806162413" />
  <attribute name="Time Running"value="7424"/>
  <attribute name="Number of cores"value="4"/>
</cycle-end>
<exclusive-end id="547" timestamp="2019-07-02T20:35:48.941" durationms="4.140" />

<exclusive-start id="548" timestamp="2019-07-02T20:35:48.980" intervalms="43.484">
  <response-info timems="0.071" idlems="0.071" threads="0" lastid="0000000001777700" lastname="main" />
</exclusive-start>
<allocation-taxation id="549" taxation-threshold="25165824" timestamp="2019-07-02T20:35:48.980" intervalms="43.497" />
<cycle-start id="550" type="partial gc" contextid="0" timestamp="2019-07-02T20:35:48.981" intervalms="43.508" />
  <attribute name="GC Util" value="62" />
  <attribute name="CPU Util" value="75328806162413" />
  <attribute name="Time Running"value="7424"/>
  <attribute name="Number of cores"value="4"/>
<gc-start id="551" type="partial gc" contextid="550" timestamp="2019-07-02T20:35:48.981">
  <mem-info id="552" free="13631488" total="73400320" percent="18">
    <mem type="eden" free="0" total="25165824" percent="0" />
    <remembered-set count="20864" freebytes="2846464" totalbytes="2929920" percent="97" regionsoverflowed="0" regionsstable="0" regionsrebuilding="0"/>
  </mem-info>
</gc-start>
<allocation-stats totalBytes="25163336" >
  <allocated-bytes non-tlh="200688" tlh="24962648" arrayletleaf="0"/>
  <largest-consumer threadName="main" threadId="0000000001777700" bytes="25163336" />
</allocation-stats>
<gc-op id="553" type="copy forward" timems="2.283" contextid="550" timestamp="2019-07-02T20:35:48.984">
  <memory-copied type="eden" objects="14856" bytes="607688" bytesdiscarded="77904" />
  <memory-copied type="other" objects="386" bytes="13192" bytesdiscarded="9528" />
  <memory-cardclean objects="132" bytes="13936" />
  <remembered-set-cleared processed="18236" cleared="1085" durationms="0.156" />
  <references type="soft" candidates="2" cleared="0" enqueued="0" dynamicThreshold="16" maxThreshold="32" />
  <references type="weak" candidates="26" cleared="0" enqueued="0" />
  <stringconstants candidates="12590" cleared="0"  />
</gc-op>
<gc-op id="554" type="classunload" timems="0.003" contextid="550" timestamp="2019-07-02T20:35:48.984">
  <classunload-info classloadercandidates="50" classloadersunloaded="0" classesunloaded="0" anonymousclassesunloaded="0" quiescems="0.000" setupms="0.003" scanms="0.000" postms="0.000" />
</gc-op>
<gc-end id="555" type="partial gc" contextid="550" durationms="3.284" usertimems="4.000" systemtimems="0.000" timestamp="2019-07-02T20:35:48.984" activeThreads="4">
  <mem-info id="556" free="37748736" total="73400320" percent="51">
    <mem type="eden" free="362960" total="1048576" percent="34" />
    <remembered-set count="21824" freebytes="2842624" totalbytes="2929920" percent="97" regionsoverflowed="0" regionsstable="0" regionsrebuilding="0"/>
  </mem-info>
</gc-end>
<cycle-end id="557" type="partial gc" contextid="550" timestamp="2019-07-02T20:35:48.984">
  <attribute name="GC Util" value="57" />
  <attribute name="CPU Util" value="59501403255101" />
  <attribute name="Time Running"value="7467"/>
  <attribute name="Number of cores"value="4"/>
</cycle-end>
<exclusive-end id="558" timestamp="2019-07-02T20:35:48.984" durationms="4.208" />

<exclusive-start id="559" timestamp="2019-07-02T20:35:49.099" intervalms="119.188">
  <response-info timems="0.064" idlems="0.064" threads="0" lastid="0000000001777700" lastname="main" />
</exclusive-start>
<allocation-taxation id="560" taxation-threshold="25165824" timestamp="2019-07-02T20:35:49.100" intervalms="119.190" />
<cycle-start id="561" type="partial gc" contextid="0" timestamp="2019-07-02T20:35:49.100" intervalms="119.199" />
  <attribute name="GC Util" value="57" />
  <attribute name="CPU Util" value="59501403255101" />
  <attribute name="Time Running"value="7467"/>
  <attribute name="Number of cores"value="4"/>
<gc-start id="562" type="partial gc" contextid="561" timestamp="2019-07-02T20:35:49.100">
  <mem-info id="563" free="12582912" total="73400320" percent="17">
    <mem type="eden" free="0" total="25165824" percent="0" />
    <remembered-set count="21568" freebytes="2843648" totalbytes="2929920" percent="97" regionsoverflowed="0" regionsstable="0" regionsrebuilding="0"/>
  </mem-info>
</gc-start>
<allocation-stats totalBytes="25159976" >
  <allocated-bytes non-tlh="852464" tlh="24307512" arrayletleaf="0"/>
  <largest-consumer threadName="main" threadId="0000000001777700" bytes="25159976" />
</allocation-stats>
<gc-op id="564" type="copy forward" timems="2.504" contextid="561" timestamp="2019-07-02T20:35:49.103">
  <memory-copied type="eden" objects="16563" bytes="940960" bytesdiscarded="23824" />
  <memory-copied type="other" objects="225" bytes="7648" bytesdiscarded="1328" />
  <memory-cardclean objects="497" bytes="37832" />
  <remembered-set-cleared processed="18689" cleared="1779" durationms="0.146" />
  <references type="soft" candidates="779" cleared="0" enqueued="0" dynamicThreshold="16" maxThreshold="32" />
  <references type="weak" candidates="140" cleared="20" enqueued="20" />
  <references type="phantom" candidates="1" cleared="0" enqueued="0" />
  <stringconstants candidates="13240" cleared="0"  />
</gc-op>
<gc-op id="565" type="classunload" timems="0.004" contextid="561" timestamp="2019-07-02T20:35:49.103">
  <classunload-info classloadercandidates="54" classloadersunloaded="0" classesunloaded="0" anonymousclassesunloaded="0" quiescems="0.000" setupms="0.004" scanms="0.000" postms="0.000" />
</gc-op>
<gc-end id="566" type="partial gc" contextid="561" durationms="3.484" usertimems="4.000" systemtimems="0.000" timestamp="2019-07-02T20:35:49.104" activeThreads="4">
  <mem-info id="567" free="36700160" total="73400320" percent="50">
    <mem type="eden" free="83384" total="1048576" percent="7" />
    <pending-finalizers system="0" default="0" reference="20" classloader="0" />
    <remembered-set count="22880" freebytes="2838400" totalbytes="2929920" percent="96" regionsoverflowed="0" regionsstable="0" regionsrebuilding="0"/>
  </mem-info>
</gc-end>
<cycle-end id="568" type="partial gc" contextid="561" timestamp="2019-07-02T20:35:49.104">
  <attribute name="GC Util" value="69" />
  <attribute name="CPU Util" value="102512095441689" />
  <attribute name="Time Running"value="7586"/>
  <attribute name="Number of cores"value="4"/>
</cycle-end>
<exclusive-end id="569" timestamp="2019-07-02T20:35:49.104" durationms="4.476" />

<exclusive-start id="570" timestamp="2019-07-02T20:35:49.318" intervalms="218.119">
  <response-info timems="0.056" idlems="0.056" threads="0" lastid="0000000001777700" lastname="main" />
</exclusive-start>
<allocation-taxation id="571" taxation-threshold="25165824" timestamp="2019-07-02T20:35:49.318" intervalms="218.131" />
<cycle-start id="572" type="partial gc" contextid="0" timestamp="2019-07-02T20:35:49.318" intervalms="218.147" />
  <attribute name="GC Util" value="69" />
  <attribute name="CPU Util" value="102512095441689" />
  <attribute name="Time Running"value="7586"/>
  <attribute name="Number of cores"value="4"/>
<gc-start id="573" type="partial gc" contextid="572" timestamp="2019-07-02T20:35:49.318">
  <mem-info id="574" free="11534336" total="73400320" percent="15">
    <mem type="eden" free="0" total="25165824" percent="0" />
    <arraylet-primitive objects="1" leaves="1" largest="1" />
    <remembered-set count="22656" freebytes="2839296" totalbytes="2929920" percent="96" regionsoverflowed="0" regionsstable="0" regionsrebuilding="0"/>
  </mem-info>
</gc-start>
<allocation-stats totalBytes="25138112" >
  <allocated-bytes non-tlh="1865600" tlh="22223936" arrayletleaf="1048576"/>
  <largest-consumer threadName="main" threadId="0000000001777700" bytes="25138112" />
</allocation-stats>
<gc-op id="575" type="copy forward" timems="3.996" contextid="572" timestamp="2019-07-02T20:35:49.323">
  <memory-copied type="eden" objects="36430" bytes="1842116" bytesdiscarded="116728" />
  <memory-copied type="other" objects="10187" bytes="431104" bytesdiscarded="35040" />
  <memory-cardclean objects="1954" bytes="98576" />
  <remembered-set-cleared processed="19036" cleared="3478" durationms="0.149" />
  <finalization candidates="3" enqueued="2" />
  <references type="soft" candidates="804" cleared="0" enqueued="0" dynamicThreshold="16" maxThreshold="32" />
  <references type="weak" candidates="173" cleared="3" enqueued="3" />
  <references type="phantom" candidates="2" cleared="0" enqueued="0" />
  <stringconstants candidates="13302" cleared="0"  />
</gc-op>
<gc-op id="576" type="classunload" timems="0.004" contextid="572" timestamp="2019-07-02T20:35:49.323">
  <classunload-info classloadercandidates="55" classloadersunloaded="0" classesunloaded="0" anonymousclassesunloaded="0" quiescems="0.000" setupms="0.004" scanms="0.000" postms="0.000" />
</gc-op>
<heap-resize id="577" type="contract" space="default" amount="4194304" count="1" timems="0.148" reason="insufficient time being spent in gc" timestamp="2019-07-02T20:35:49.324" />
<gc-end id="578" type="partial gc" contextid="572" durationms="5.499" usertimems="8.000" systemtimems="0.000" timestamp="2019-07-02T20:35:49.324" activeThreads="4">
  <mem-info id="579" free="29360128" total="69206016" percent="42">
    <mem type="eden" free="138224" total="3145728" percent="4" />
    <arraylet-primitive objects="1" leaves="1" largest="1" />
    <pending-finalizers system="0" default="2" reference="3" classloader="0" />
    <remembered-set count="24960" freebytes="2830080" totalbytes="2929920" percent="96" regionsoverflowed="0" regionsstable="0" regionsrebuilding="0"/>
  </mem-info>
</gc-end>
<cycle-end id="580" type="partial gc" contextid="572" timestamp="2019-07-02T20:35:49.324">
  <attribute name="GC Util" value="50" />
  <attribute name="CPU Util" value="66484815856372" />
  <attribute name="Time Running"value="7805"/>
  <attribute name="Number of cores"value="4"/>
</cycle-end>
<exclusive-end id="581" timestamp="2019-07-02T20:35:49.324" durationms="6.683" />

<exclusive-start id="582" timestamp="2019-07-02T20:35:49.428" intervalms="110.362">
  <response-info timems="0.059" idlems="0.059" threads="0" lastid="0000000001777700" lastname="main" />
</exclusive-start>
<allocation-taxation id="583" taxation-threshold="24117248" timestamp="2019-07-02T20:35:49.428" intervalms="110.419" />
<cycle-start id="584" type="partial gc" contextid="0" timestamp="2019-07-02T20:35:49.428" intervalms="110.468" />
  <attribute name="GC Util" value="50" />
  <attribute name="CPU Util" value="66484815856372" />
  <attribute name="Time Running"value="7805"/>
  <attribute name="Number of cores"value="4"/>
<gc-start id="585" type="partial gc" contextid="584" timestamp="2019-07-02T20:35:49.429">
  <mem-info id="586" free="5242880" total="69206016" percent="7">
    <mem type="eden" free="0" total="24117248" percent="0" />
    <arraylet-primitive objects="1" leaves="1" largest="1" />
    <remembered-set count="24640" freebytes="2831360" totalbytes="2929920" percent="96" regionsoverflowed="0" regionsstable="0" regionsrebuilding="0"/>
  </mem-info>
</gc-start>
<allocation-stats totalBytes="24089976" >
  <allocated-bytes non-tlh="0" tlh="24089976" arrayletleaf="0"/>
  <largest-consumer threadName="main" threadId="0000000001777700" bytes="24085880" />
</allocation-stats>
<gc-op id="587" type="copy forward" timems="5.061" contextid="584" timestamp="2019-07-02T20:35:49.435">
  <memory-copied type="eden" objects="49594" bytes="1268360" bytesdiscarded="64568" />
  <memory-copied type="other" objects="35728" bytes="1798620" bytesdiscarded="76088" />
  <memory-cardclean objects="169" bytes="18240" />
  <remembered-set-cleared processed="20970" cleared="2538" durationms="0.163" />
  <finalization candidates="1" enqueued="0" />
  <references type="soft" candidates="1" cleared="0" enqueued="0" dynamicThreshold="13" maxThreshold="32" />
  <references type="weak" candidates="47" cleared="0" enqueued="0" />
  <references type="phantom" candidates="2" cleared="0" enqueued="0" />
  <stringconstants candidates="13302" cleared="0"  />
</gc-op>
<gc-op id="588" type="classunload" timems="0.005" contextid="584" timestamp="2019-07-02T20:35:49.435">
  <classunload-info classloadercandidates="55" classloadersunloaded="0" classesunloaded="0" anonymousclassesunloaded="0" quiescems="0.000" setupms="0.005" scanms="0.000" postms="0.000" />
</gc-op>
<heap-resize id="589" type="contract" space="default" amount="4194304" count="1" timems="0.231" reason="insufficient time being spent in gc" timestamp="2019-07-02T20:35:49.435" />
<gc-end id="590" type="partial gc" contextid="584" durationms="6.739" usertimems="16.000" systemtimems="0.000" timestamp="2019-07-02T20:35:49.436" activeThreads="4">
  <mem-info id="591" free="23068672" total="65011712" percent="35">
    <mem type="eden" free="764224" total="2097152" percent="36" />
    <arraylet-primitive objects="1" leaves="1" largest="1" />
    <remembered-set count="27520" freebytes="2652416" totalbytes="2762496" percent="96" regionsoverflowed="0" regionsstable="0" regionsrebuilding="0"/>
  </mem-info>
</gc-end>
<cycle-end id="592" type="partial gc" contextid="584" timestamp="2019-07-02T20:35:49.436">
  <attribute name="GC Util" value="37" />
  <attribute name="CPU Util" value="42861825880367" />
  <attribute name="Time Running"value="7915"/>
  <attribute name="Number of cores"value="4"/>
</cycle-end>
<exclusive-end id="593" timestamp="2019-07-02T20:35:49.436" durationms="7.938" />

<exclusive-start id="594" timestamp="2019-07-02T20:35:49.471" intervalms="42.912">
  <response-info timems="0.058" idlems="0.058" threads="0" lastid="0000000001777700" lastname="main" />
</exclusive-start>
<allocation-taxation id="595" taxation-threshold="11534336" timestamp="2019-07-02T20:35:49.471" intervalms="42.893" />
<cycle-start id="596" type="global mark phase" contextid="0" timestamp="2019-07-02T20:35:49.471" intervalms="1773.481" />
  <attribute name="GC Util" value="37" />
  <attribute name="CPU Util" value="42861825880367" />
  <attribute name="Time Running"value="7915"/>
  <attribute name="Number of cores"value="4"/>
<gc-start id="597" type="global mark phase" contextid="596" timestamp="2019-07-02T20:35:49.471">
  <mem-info id="598" free="11534336" total="65011712" percent="17">
    <remembered-set count="27040" freebytes="2654336" totalbytes="2762496" percent="96" regionsoverflowed="0" regionsstable="0" regionsrebuilding="0"/>
  </mem-info>
</gc-start>
<gc-op id="599" type="mark increment" timems="1.065" contextid="596" timestamp="2019-07-02T20:35:49.473">
  <trace-info objectcount="6097" scancount="1205" scanbytes="49308" />
</gc-op>
<gc-end id="600" type="global mark phase" contextid="596" durationms="1.323" usertimems="0.000" systemtimems="0.000" timestamp="2019-07-02T20:35:49.473" activeThreads="4">
  <mem-info id="601" free="11534336" total="65011712" percent="17">
    <remembered-set count="27040" freebytes="2654336" totalbytes="2762496" percent="96" regionsoverflowed="0" regionsstable="0" regionsrebuilding="0"/>
  </mem-info>
</gc-end>
<concurrent-start id="602" type="GMP work packet processing" contextid="596" timestamp="2019-07-02T20:35:49.473">
  <concurrent-mark-start scanTarget="1048576" />
</concurrent-start>
<exclusive-end id="603" timestamp="2019-07-02T20:35:49.474" durationms="3.059" />

<concurrent-end id="604" type="GMP work packet processing" contextid="596" timestamp="2019-07-02T20:35:49.474">
  <concurrent-mark-end bytesScanned="1113100" reasonForTermination="Work target met" />
</concurrent-end>

<exclusive-start id="605" timestamp="2019-07-02T20:35:49.506" intervalms="35.191">
  <response-info timems="0.075" idlems="0.075" threads="0" lastid="0000000001777700" lastname="main" />
</exclusive-start>
<allocation-taxation id="606" taxation-threshold="11534336" timestamp="2019-07-02T20:35:49.506" intervalms="35.151" />
<cycle-start id="607" type="partial gc" contextid="0" timestamp="2019-07-02T20:35:49.506" intervalms="78.050" />
  <attribute name="GC Util" value="219" />
  <attribute name="CPU Util" value="29454467706585" />
  <attribute name="Time Running"value="7958"/>
  <attribute name="Number of cores"value="4"/>
<gc-start id="608" type="partial gc" contextid="607" timestamp="2019-07-02T20:35:49.507">
  <mem-info id="609" free="0" total="65011712" percent="0">
    <mem type="eden" free="0" total="23068672" percent="0" />
    <arraylet-primitive objects="1" leaves="1" largest="1" />
    <remembered-set count="27040" freebytes="2654336" totalbytes="2762496" percent="96" regionsoverflowed="0" regionsstable="0" regionsrebuilding="0"/>
  </mem-info>
</gc-start>
<allocation-stats totalBytes="23039968" >
  <allocated-bytes non-tlh="0" tlh="23039968" arrayletleaf="0"/>
  <largest-consumer threadName="main" threadId="0000000001777700" bytes="11520040" />
</allocation-stats>
<gc-op id="610" type="mark" timems="3.960" contextid="607" timestamp="2019-07-02T20:35:49.512">
  <trace-info objectcount="125592" scancount="107689" scanbytes="2578708" />
  <cardclean-info objects="17500" bytes="678668" />
  <remembered-set-cleared processed="18295" cleared="6709" durationms="0.192" />
  <finalization candidates="1" enqueued="0" />
  <stringconstants candidates="13302" cleared="0"  />
  <warning details="Mark invoked due to insufficient free space for Copy-Forward" />
</gc-op>
<gc-op id="611" type="classunload" timems="0.005" contextid="607" timestamp="2019-07-02T20:35:49.512">
  <classunload-info classloadercandidates="55" classloadersunloaded="0" classesunloaded="0" anonymousclassesunloaded="0" quiescems="0.000" setupms="0.005" scanms="0.000" postms="0.000" />
</gc-op>
<gc-op id="612" type="sweep" timems="0.499" contextid="607" timestamp="2019-07-02T20:35:49.512" />
<gc-op id="613" type="compact" timems="6.111" contextid="607" timestamp="2019-07-02T20:35:49.519">
  <compact-info movecount="124989" movebytes="3130552" />
  <remembered-set-cleared processed="63124" cleared="33371" durationms="0.244" />
</gc-op>
<heap-resize id="614" type="expand" space="default" amount="1048576" count="1" timems="0.058" reason="insufficient free space following gc" timestamp="2019-07-02T20:35:49.519" />
<gc-end id="615" type="partial gc" contextid="607" durationms="12.660" usertimems="28.000" systemtimems="0.000" timestamp="2019-07-02T20:35:49.519" activeThreads="4">
  <mem-info id="616" free="22020096" total="66060288" percent="33">
    <mem type="eden" free="966816" total="2097152" percent="46" />
    <arraylet-primitive objects="1" leaves="1" largest="1" />
    <remembered-set count="36032" freebytes="2492800" totalbytes="2636928" percent="94" regionsoverflowed="0" regionsstable="0" regionsrebuilding="0"/>
  </mem-info>
</gc-end>
<cycle-end id="617" type="partial gc" contextid="607" timestamp="2019-07-02T20:35:49.520">
  <attribute name="GC Util" value="36" />
  <attribute name="CPU Util" value="22022360562189" />
  <attribute name="Time Running"value="7998"/>
  <attribute name="Number of cores"value="4"/>
</cycle-end>
<exclusive-end id="618" timestamp="2019-07-02T20:35:49.520" durationms="13.869" />

<exclusive-start id="619" timestamp="2019-07-02T20:35:49.546" intervalms="40.165">
  <response-info timems="0.072" idlems="0.072" threads="0" lastid="0000000001777700" lastname="main" />
</exclusive-start>
<allocation-taxation id="620" taxation-threshold="10485760" timestamp="2019-07-02T20:35:49.546" intervalms="40.231" />
<gc-start id="621" type="global mark phase" contextid="596" timestamp="2019-07-02T20:35:49.547">
  <mem-info id="622" free="11534336" total="66060288" percent="17">
    <remembered-set count="35680" freebytes="2494208" totalbytes="2636928" percent="94" regionsoverflowed="0" regionsstable="0" regionsrebuilding="0"/>
  </mem-info>
</gc-start>
<gc-end id="623" type="global mark phase" contextid="596" durationms="0.219" usertimems="0.000" systemtimems="0.000" timestamp="2019-07-02T20:35:49.547" activeThreads="4">
  <mem-info id="624" free="11534336" total="66060288" percent="17">
    <remembered-set count="35680" freebytes="2494208" totalbytes="2636928" percent="94" regionsoverflowed="0" regionsstable="0" regionsrebuilding="0"/>
  </mem-info>
</gc-end>
<concurrent-start id="625" type="GMP work packet processing" contextid="596" timestamp="2019-07-02T20:35:49.547">
  <concurrent-mark-start scanTarget="18446744073709551615" />
</concurrent-start>
<exclusive-end id="626" timestamp="2019-07-02T20:35:49.549" durationms="3.171" />

<concurrent-end id="627" type="GMP work packet processing" contextid="596" timestamp="2019-07-02T20:35:49.552">
  <concurrent-mark-end bytesScanned="5362656" reasonForTermination="Completed all work in GC phase" />
</concurrent-end>

<exclusive-start id="628" timestamp="2019-07-02T20:35:49.576" intervalms="29.613">
  <response-info timems="0.080" idlems="0.080" threads="0" lastid="0000000001777700" lastname="main" />
</exclusive-start>
<allocation-taxation id="629" taxation-threshold="10485760" timestamp="2019-07-02T20:35:49.576" intervalms="29.538" />
<cycle-start id="630" type="partial gc" contextid="0" timestamp="2019-07-02T20:35:49.576" intervalms="69.797" />
  <attribute name="GC Util" value="54" />
  <attribute name="CPU Util" value="532806407068" />
  <attribute name="Time Running"value="8033"/>
  <attribute name="Number of cores"value="4"/>
<gc-start id="631" type="partial gc" contextid="630" timestamp="2019-07-02T20:35:49.577">
  <mem-info id="632" free="1048576" total="66060288" percent="1">
    <mem type="eden" free="0" total="20971520" percent="0" />
    <arraylet-primitive objects="1" leaves="1" largest="1" />
    <remembered-set count="35680" freebytes="2494208" totalbytes="2636928" percent="94" regionsoverflowed="0" regionsstable="0" regionsrebuilding="0"/>
  </mem-info>
</gc-start>
<allocation-stats totalBytes="20943696" >
  <allocated-bytes non-tlh="65544" tlh="20878152" arrayletleaf="0"/>
  <largest-consumer threadName="main" threadId="0000000001777700" bytes="10473424" />
</allocation-stats>
<gc-op id="633" type="copy forward" timems="6.623" contextid="630" timestamp="2019-07-02T20:35:49.584">
  <memory-copied type="eden" objects="44915" bytes="1249048" bytesdiscarded="117784" />
  <memory-copied type="other" objects="51415" bytes="2166732" bytesdiscarded="90368" />
  <memory-cardclean objects="6712" bytes="282440" />
  <remembered-set-cleared processed="31661" cleared="10051" durationms="0.190" />
  <references type="soft" candidates="1" cleared="0" enqueued="0" dynamicThreshold="5" maxThreshold="32" />
  <references type="weak" candidates="47" cleared="0" enqueued="0" />
  <references type="phantom" candidates="2" cleared="0" enqueued="0" />
  <stringconstants candidates="13302" cleared="0"  />
  <heap-resize type="expand" space="default" amount="4194304" count="4" timems="0.273" reason="continue current collection" />
</gc-op>
<gc-op id="634" type="classunload" timems="0.007" contextid="630" timestamp="2019-07-02T20:35:49.584">
  <classunload-info classloadercandidates="55" classloadersunloaded="0" classesunloaded="0" anonymousclassesunloaded="0" quiescems="0.000" setupms="0.007" scanms="0.000" postms="0.000" />
</gc-op>
<gc-op id="635" type="compact" timems="2.068" contextid="630" timestamp="2019-07-02T20:35:49.586">
  <compact-info movecount="0" movebytes="0" />
  <remembered-set-cleared processed="60867" cleared="10051" durationms="0.190" />
</gc-op>
<heap-resize id="636" type="expand" space="default" amount="12582912" count="1" timems="0.104" reason="excessive time being spent in gc" timestamp="2019-07-02T20:35:49.587" />
<gc-end id="637" type="partial gc" contextid="630" durationms="10.224" usertimems="24.000" systemtimems="0.000" timestamp="2019-07-02T20:35:49.587" activeThreads="4">
  <mem-info id="638" free="36700160" total="82837504" percent="44">
    <mem type="eden" free="730320" total="2097152" percent="34" />
    <arraylet-primitive objects="1" leaves="1" largest="1" />
    <remembered-set count="33280" freebytes="3173504" totalbytes="3306624" percent="95" regionsoverflowed="0" regionsstable="0" regionsrebuilding="0"/>
  </mem-info>
</gc-end>
<cycle-end id="639" type="partial gc" contextid="630" timestamp="2019-07-02T20:35:49.587">
  <attribute name="GC Util" value="187" />
  <attribute name="CPU Util" value="2641318141594" />
  <attribute name="Time Running"value="8070"/>
  <attribute name="Number of cores"value="4"/>
</cycle-end>
<exclusive-end id="640" timestamp="2019-07-02T20:35:49.587" durationms="11.480" />

<exclusive-start id="641" timestamp="2019-07-02T20:35:49.621" intervalms="45.639">
  <response-info timems="0.083" idlems="0.083" threads="0" lastid="0000000001777700" lastname="main" />
</exclusive-start>
<allocation-taxation id="642" taxation-threshold="13631488" timestamp="2019-07-02T20:35:49.622" intervalms="45.692" />
<gc-start id="643" type="global mark phase" contextid="596" timestamp="2019-07-02T20:35:49.622">
  <mem-info id="644" free="23068672" total="82837504" percent="27">
    <remembered-set count="33280" freebytes="3173504" totalbytes="3306624" percent="95" regionsoverflowed="0" regionsstable="0" regionsrebuilding="0"/>
  </mem-info>
</gc-start>
<gc-op id="645" type="mark increment" timems="4.324" contextid="596" timestamp="2019-07-02T20:35:49.626">
  <trace-info objectcount="58777" scancount="49655" scanbytes="1294928" />
  <cardclean-info objects="76223" bytes="2132628" />
  <finalization candidates="81" enqueued="0" />
  <ownableSynchronizers candidates="21" cleared="0" />
  <references type="soft" candidates="2670" cleared="204" enqueued="199" dynamicThreshold="14" maxThreshold="32" />
  <references type="weak" candidates="5479" cleared="1" enqueued="1" />
  <references type="phantom" candidates="105" cleared="3" enqueued="3" />
  <stringconstants candidates="13302" cleared="12"  />
</gc-op>
<gc-op id="646" type="classunload" timems="0.008" contextid="596" timestamp="2019-07-02T20:35:49.627">
  <classunload-info classloadercandidates="55" classloadersunloaded="0" classesunloaded="0" anonymousclassesunloaded="0" quiescems="0.000" setupms="0.008" scanms="0.000" postms="0.000" />
</gc-op>
<gc-end id="647" type="global mark phase" contextid="596" durationms="4.749" usertimems="12.000" systemtimems="0.000" timestamp="2019-07-02T20:35:49.627" activeThreads="4">
  <mem-info id="648" free="23068672" total="82837504" percent="27">
    <pending-finalizers system="0" default="0" reference="203" classloader="0" />
    <remembered-set count="33280" freebytes="3173504" totalbytes="3306624" percent="95" regionsoverflowed="0" regionsstable="0" regionsrebuilding="0"/>
  </mem-info>
</gc-end>
<cycle-end id="649" type="global mark phase" contextid="596" timestamp="2019-07-02T20:35:49.627">
  <attribute name="GC Util" value="178" />
  <attribute name="CPU Util" value="14867390122765" />
  <attribute name="Time Running"value="8111"/>
  <attribute name="Number of cores"value="4"/>
</cycle-end>
<exclusive-end id="650" timestamp="2019-07-02T20:35:49.627" durationms="5.560" />

<exclusive-start id="651" timestamp="2019-07-02T20:35:49.661" intervalms="39.732">
  <response-info timems="0.090" idlems="0.090" threads="0" lastid="0000000001777700" lastname="main" />
</exclusive-start>
<allocation-taxation id="652" taxation-threshold="13631488" timestamp="2019-07-02T20:35:49.661" intervalms="39.753" />
<cycle-start id="653" type="partial gc" contextid="0" timestamp="2019-07-02T20:35:49.662" intervalms="85.412" />
  <attribute name="GC Util" value="178" />
  <attribute name="CPU Util" value="14867390122765" />
  <attribute name="Time Running"value="8111"/>
  <attribute name="Number of cores"value="4"/>
<gc-start id="654" type="partial gc" contextid="653" timestamp="2019-07-02T20:35:49.662">
  <mem-info id="655" free="9437184" total="82837504" percent="11">
    <mem type="eden" free="0" total="27262976" percent="0" />
    <arraylet-primitive objects="1" leaves="1" largest="1" />
    <remembered-set count="33280" freebytes="3173504" totalbytes="3306624" percent="95" regionsoverflowed="0" regionsstable="0" regionsrebuilding="0"/>
  </mem-info>
</gc-start>
<allocation-stats totalBytes="27231344" >
  <allocated-bytes non-tlh="0" tlh="27231344" arrayletleaf="0"/>
  <largest-consumer threadName="main" threadId="0000000001777700" bytes="13611984" />
</allocation-stats>
<gc-op id="656" type="sweep" timems="1.013" contextid="653" timestamp="2019-07-02T20:35:49.664" />
<gc-op id="657" type="copy forward" timems="6.189" contextid="653" timestamp="2019-07-02T20:35:49.670">
  <memory-copied type="eden" objects="27556" bytes="674672" bytesdiscarded="15292" />
  <memory-copied type="other" objects="72782" bytes="1930856" bytesdiscarded="60804" />
  <memory-cardclean objects="6301" bytes="246568" />
  <remembered-set-cleared processed="28810" cleared="6478" durationms="0.182" />
  <references type="soft" candidates="1" cleared="0" enqueued="0" dynamicThreshold="8" maxThreshold="32" />
  <stringconstants candidates="13290" cleared="0"  />
</gc-op>
<gc-op id="658" type="classunload" timems="0.007" contextid="653" timestamp="2019-07-02T20:35:49.671">
  <classunload-info classloadercandidates="55" classloadersunloaded="0" classesunloaded="0" anonymousclassesunloaded="0" quiescems="0.000" setupms="0.007" scanms="0.000" postms="0.000" />
</gc-op>
<heap-resize id="659" type="expand" space="default" amount="14680064" count="1" timems="0.130" reason="excessive time being spent in gc" timestamp="2019-07-02T20:35:49.671" />
<gc-end id="660" type="partial gc" contextid="653" durationms="9.076" usertimems="16.000" systemtimems="4.000" timestamp="2019-07-02T20:35:49.671" activeThreads="4">
  <mem-info id="661" free="50331648" total="97517568" percent="51">
    <mem type="eden" free="710040" total="2097152" percent="33" />
    <arraylet-primitive objects="1" leaves="1" largest="1" />
    <remembered-set count="33792" freebytes="3757440" totalbytes="3892608" percent="96" regionsoverflowed="0" regionsstable="0" regionsrebuilding="0"/>
  </mem-info>
</gc-end>
<cycle-end id="662" type="partial gc" contextid="653" timestamp="2019-07-02T20:35:49.671">
  <attribute name="GC Util" value="167" />
  <attribute name="CPU Util" value="57322026506222" />
  <attribute name="Time Running"value="8150"/>
  <attribute name="Number of cores"value="4"/>
</cycle-end>
<exclusive-end id="663" timestamp="2019-07-02T20:35:49.672" durationms="10.407" />

<exclusive-start id="664" timestamp="2019-07-02T20:35:49.744" intervalms="82.631">
  <response-info timems="0.074" idlems="0.074" threads="0" lastid="0000000001777700" lastname="main" />
</exclusive-start>
<allocation-taxation id="665" taxation-threshold="30408704" timestamp="2019-07-02T20:35:49.744" intervalms="82.624" />
<cycle-start id="666" type="partial gc" contextid="0" timestamp="2019-07-02T20:35:49.744" intervalms="82.631" />
  <attribute name="GC Util" value="167" />
  <attribute name="CPU Util" value="57322026506222" />
  <attribute name="Time Running"value="8150"/>
  <attribute name="Number of cores"value="4"/>
<gc-start id="667" type="partial gc" contextid="666" timestamp="2019-07-02T20:35:49.745">
  <mem-info id="668" free="19922944" total="97517568" percent="20">
    <mem type="eden" free="0" total="30408704" percent="0" />
    <arraylet-primitive objects="1" leaves="1" largest="1" />
    <remembered-set count="33792" freebytes="3757440" totalbytes="3892608" percent="96" regionsoverflowed="0" regionsstable="0" regionsrebuilding="0"/>
  </mem-info>
</gc-start>
<allocation-stats totalBytes="30374872" >
  <allocated-bytes non-tlh="0" tlh="30374872" arrayletleaf="0"/>
  <largest-consumer threadName="main" threadId="0000000001777700" bytes="30374872" />
</allocation-stats>
<gc-op id="669" type="copy forward" timems="6.541" contextid="666" timestamp="2019-07-02T20:35:49.752">
  <memory-copied type="eden" objects="60898" bytes="1479624" bytesdiscarded="89680" />
  <memory-copied type="other" objects="64055" bytes="1734128" bytesdiscarded="30952" />
  <memory-cardclean objects="15083" bytes="636064" />
  <remembered-set-cleared processed="27664" cleared="9919" durationms="0.191" />
  <references type="soft" candidates="111" cleared="0" enqueued="0" dynamicThreshold="16" maxThreshold="32" />
  <references type="weak" candidates="1022" cleared="0" enqueued="0" />
  <stringconstants candidates="13290" cleared="36"  />
</gc-op>
<gc-op id="670" type="classunload" timems="0.006" contextid="666" timestamp="2019-07-02T20:35:49.752">
  <classunload-info classloadercandidates="55" classloadersunloaded="0" classesunloaded="0" anonymousclassesunloaded="0" quiescems="0.000" setupms="0.006" scanms="0.000" postms="0.000" />
</gc-op>
<heap-resize id="671" type="expand" space="default" amount="10485760" count="1" timems="0.107" reason="excessive time being spent in gc" timestamp="2019-07-02T20:35:49.753" />
<gc-end id="672" type="partial gc" contextid="666" durationms="8.142" usertimems="20.000" systemtimems="0.000" timestamp="2019-07-02T20:35:49.753" activeThreads="4">
  <mem-info id="673" free="65011712" total="108003328" percent="60">
    <mem type="eden" free="527848" total="2097152" percent="25" />
    <arraylet-primitive objects="1" leaves="1" largest="1" />
    <remembered-set count="35808" freebytes="4167936" totalbytes="4311168" percent="96" regionsoverflowed="0" regionsstable="0" regionsrebuilding="0"/>
  </mem-info>
</gc-end>
<cycle-end id="674" type="partial gc" contextid="666" timestamp="2019-07-02T20:35:49.753">
  <attribute name="GC Util" value="217" />
  <attribute name="CPU Util" value="52940644428905" />
  <attribute name="Time Running"value="8231"/>
  <attribute name="Number of cores"value="4"/>
</cycle-end>
<exclusive-end id="675" timestamp="2019-07-02T20:35:49.754" durationms="9.684" />

<exclusive-start id="676" timestamp="2019-07-02T20:35:49.834" intervalms="90.604">
  <response-info timems="0.090" idlems="0.090" threads="0" lastid="0000000001777700" lastname="main" />
</exclusive-start>
<allocation-taxation id="677" taxation-threshold="33554432" timestamp="2019-07-02T20:35:49.835" intervalms="90.593" />
<cycle-start id="678" type="partial gc" contextid="0" timestamp="2019-07-02T20:35:49.835" intervalms="90.588" />
  <attribute name="GC Util" value="217" />
  <attribute name="CPU Util" value="52940644428905" />
  <attribute name="Time Running"value="8231"/>
  <attribute name="Number of cores"value="4"/>
<gc-start id="679" type="partial gc" contextid="678" timestamp="2019-07-02T20:35:49.835">
  <mem-info id="680" free="31457280" total="108003328" percent="29">
    <mem type="eden" free="0" total="33554432" percent="0" />
    <arraylet-primitive objects="1" leaves="1" largest="1" />
    <remembered-set count="35328" freebytes="4169856" totalbytes="4311168" percent="96" regionsoverflowed="0" regionsstable="0" regionsrebuilding="0"/>
  </mem-info>
</gc-start>
<allocation-stats totalBytes="33513736" >
  <allocated-bytes non-tlh="262160" tlh="33251576" arrayletleaf="0"/>
  <largest-consumer threadName="main" threadId="0000000001777700" bytes="33513736" />
</allocation-stats>
<gc-op id="681" type="copy forward" timems="7.024" contextid="678" timestamp="2019-07-02T20:35:49.843">
  <memory-copied type="eden" objects="70439" bytes="2038120" bytesdiscarded="69096" />
  <memory-copied type="other" objects="79110" bytes="2030888" bytesdiscarded="130312" />
  <memory-cardclean objects="19915" bytes="758536" />
  <remembered-set-cleared processed="29825" cleared="8866" durationms="0.222" />
  <finalization candidates="3" enqueued="0" />
  <references type="soft" candidates="58" cleared="0" enqueued="0" dynamicThreshold="19" maxThreshold="32" />
  <references type="weak" candidates="510" cleared="0" enqueued="0" />
  <references type="phantom" candidates="1" cleared="0" enqueued="0" />
  <stringconstants candidates="13254" cleared="9"  />
</gc-op>
<gc-op id="682" type="classunload" timems="0.007" contextid="678" timestamp="2019-07-02T20:35:49.843">
  <classunload-info classloadercandidates="55" classloadersunloaded="0" classesunloaded="0" anonymousclassesunloaded="0" quiescems="0.000" setupms="0.007" scanms="0.000" postms="0.000" />
</gc-op>
<gc-end id="683" type="partial gc" contextid="678" durationms="8.290" usertimems="20.000" systemtimems="0.000" timestamp="2019-07-02T20:35:49.844" activeThreads="4">
  <mem-info id="684" free="63963136" total="108003328" percent="59">
    <mem type="eden" free="1038512" total="3145728" percent="33" />
    <arraylet-primitive objects="1" leaves="1" largest="1" />
    <remembered-set count="41248" freebytes="4146176" totalbytes="4311168" percent="96" regionsoverflowed="0" regionsstable="0" regionsrebuilding="0"/>
  </mem-info>
</gc-end>
<cycle-end id="685" type="partial gc" contextid="678" timestamp="2019-07-02T20:35:49.844">
  <attribute name="GC Util" value="66" />
  <attribute name="CPU Util" value="76692390623429" />
  <attribute name="Time Running"value="8322"/>
  <attribute name="Number of cores"value="4"/>
</cycle-end>
<exclusive-end id="686" timestamp="2019-07-02T20:35:49.844" durationms="9.684" />

<exclusive-start id="687" timestamp="2019-07-02T20:35:49.950" intervalms="115.167">
  <response-info timems="0.087" idlems="0.087" threads="0" lastid="0000000001777700" lastname="main" />
</exclusive-start>
<allocation-taxation id="688" taxation-threshold="33554432" timestamp="2019-07-02T20:35:49.950" intervalms="115.162" />
<cycle-start id="689" type="partial gc" contextid="0" timestamp="2019-07-02T20:35:49.950" intervalms="115.149" />
  <attribute name="GC Util" value="66" />
  <attribute name="CPU Util" value="76692390623429" />
  <attribute name="Time Running"value="8322"/>
  <attribute name="Number of cores"value="4"/>
<gc-start id="690" type="partial gc" contextid="689" timestamp="2019-07-02T20:35:49.950">
  <mem-info id="691" free="30408704" total="108003328" percent="28">
    <mem type="eden" free="0" total="33554432" percent="0" />
    <arraylet-primitive objects="2" leaves="2" largest="1" />
    <remembered-set count="41216" freebytes="4146304" totalbytes="4311168" percent="96" regionsoverflowed="0" regionsstable="0" regionsrebuilding="0"/>
  </mem-info>
</gc-start>
<allocation-stats totalBytes="33527128" >
  <allocated-bytes non-tlh="760960" tlh="31717592" arrayletleaf="1048576"/>
  <largest-consumer threadName="main" threadId="0000000001777700" bytes="33527128" />
</allocation-stats>
<gc-op id="692" type="copy forward" timems="7.317" contextid="689" timestamp="2019-07-02T20:35:49.959">
  <memory-copied type="eden" objects="69031" bytes="1863332" bytesdiscarded="57040" />
  <memory-copied type="other" objects="98309" bytes="2797056" bytesdiscarded="70464" />
  <memory-cardclean objects="31036" bytes="1154320" />
  <remembered-set-cleared processed="33057" cleared="13676" durationms="0.202" />
  <finalization candidates="1" enqueued="1" />
  <references type="soft" candidates="337" cleared="0" enqueued="0" dynamicThreshold="18" maxThreshold="32" />
  <references type="weak" candidates="429" cleared="0" enqueued="0" />
  <stringconstants candidates="13245" cleared="0"  />
</gc-op>
<gc-op id="693" type="classunload" timems="0.007" contextid="689" timestamp="2019-07-02T20:35:49.959">
  <classunload-info classloadercandidates="55" classloadersunloaded="0" classesunloaded="0" anonymousclassesunloaded="0" quiescems="0.000" setupms="0.006" scanms="0.000" postms="0.000" />
</gc-op>
<gc-end id="694" type="partial gc" contextid="689" durationms="8.606" usertimems="20.000" systemtimems="0.000" timestamp="2019-07-02T20:35:49.959" activeThreads="4">
  <mem-info id="695" free="63963136" total="108003328" percent="59">
    <mem type="eden" free="176752" total="3145728" percent="5" />
    <arraylet-primitive objects="2" leaves="2" largest="1" />
    <pending-finalizers system="0" default="1" reference="0" classloader="0" />
    <remembered-set count="44096" freebytes="4134784" totalbytes="4311168" percent="95" regionsoverflowed="0" regionsstable="0" regionsrebuilding="0"/>
  </mem-info>
</gc-end>
<cycle-end id="696" type="partial gc" contextid="689" timestamp="2019-07-02T20:35:49.959">
  <attribute name="GC Util" value="78" />
  <attribute name="CPU Util" value="81712789854177" />
  <attribute name="Time Running"value="8437"/>
  <attribute name="Number of cores"value="4"/>
</cycle-end>
<exclusive-end id="697" timestamp="2019-07-02T20:35:49.959" durationms="9.798" />

<exclusive-start id="698" timestamp="2019-07-02T20:35:50.123" intervalms="173.046">
  <response-info timems="0.075" idlems="0.075" threads="0" lastid="0000000001777700" lastname="main" />
</exclusive-start>
<allocation-taxation id="699" taxation-threshold="33554432" timestamp="2019-07-02T20:35:50.123" intervalms="173.020" />
<cycle-start id="700" type="partial gc" contextid="0" timestamp="2019-07-02T20:35:50.123" intervalms="173.007" />
  <attribute name="GC Util" value="78" />
  <attribute name="CPU Util" value="81712789854177" />
  <attribute name="Time Running"value="8437"/>
  <attribute name="Number of cores"value="4"/>
<gc-start id="701" type="partial gc" contextid="700" timestamp="2019-07-02T20:35:50.123">
  <mem-info id="702" free="30408704" total="108003328" percent="28">
    <mem type="eden" free="0" total="33554432" percent="0" />
    <arraylet-primitive objects="2" leaves="2" largest="1" />
    <remembered-set count="43744" freebytes="4136192" totalbytes="4311168" percent="95" regionsoverflowed="0" regionsstable="0" regionsrebuilding="0"/>
  </mem-info>
</gc-start>
<allocation-stats totalBytes="33551016" >
  <allocated-bytes non-tlh="214920" tlh="33336096" arrayletleaf="0"/>
  <largest-consumer threadName="main" threadId="0000000001777700" bytes="33551016" />
</allocation-stats>
<gc-op id="703" type="copy forward" timems="7.865" contextid="700" timestamp="2019-07-02T20:35:50.132">
  <memory-copied type="eden" objects="66967" bytes="1690928" bytesdiscarded="75096" />
  <memory-copied type="other" objects="115880" bytes="2906672" bytesdiscarded="118720" />
  <memory-cardclean objects="11746" bytes="654704" />
  <remembered-set-cleared processed="38892" cleared="10562" durationms="0.212" />
  <references type="soft" candidates="2367" cleared="0" enqueued="0" dynamicThreshold="18" maxThreshold="32" />
  <references type="weak" candidates="434" cleared="4" enqueued="3" />
  <stringconstants candidates="13704" cleared="5"  />
</gc-op>
<gc-op id="704" type="classunload" timems="0.007" contextid="700" timestamp="2019-07-02T20:35:50.132">
  <classunload-info classloadercandidates="55" classloadersunloaded="0" classesunloaded="0" anonymousclassesunloaded="0" quiescems="0.000" setupms="0.007" scanms="0.000" postms="0.000" />
</gc-op>
<gc-end id="705" type="partial gc" contextid="700" durationms="9.106" usertimems="20.000" systemtimems="0.000" timestamp="2019-07-02T20:35:50.133" activeThreads="4">
  <mem-info id="706" free="62914560" total="108003328" percent="58">
    <mem type="eden" free="331104" total="2097152" percent="15" />
    <arraylet-primitive objects="1" leaves="1" largest="1" />
    <pending-finalizers system="0" default="0" reference="3" classloader="0" />
    <remembered-set count="47904" freebytes="4119552" totalbytes="4311168" percent="95" regionsoverflowed="0" regionsstable="0" regionsrebuilding="0"/>
  </mem-info>
</gc-end>
<cycle-end id="707" type="partial gc" contextid="700" timestamp="2019-07-02T20:35:50.133">
  <attribute name="GC Util" value="54" />
  <attribute name="CPU Util" value="76275384216053" />
  <attribute name="Time Running"value="8610"/>
  <attribute name="Number of cores"value="4"/>
</cycle-end>
<exclusive-end id="708" timestamp="2019-07-02T20:35:50.133" durationms="10.292" />

<exclusive-start id="709" timestamp="2019-07-02T20:35:50.857" intervalms="734.541">
  <response-info timems="0.062" idlems="0.062" threads="0" lastid="0000000001777700" lastname="main" />
</exclusive-start>
<allocation-taxation id="710" taxation-threshold="33554432" timestamp="2019-07-02T20:35:50.857" intervalms="734.581" />
<cycle-start id="711" type="partial gc" contextid="0" timestamp="2019-07-02T20:35:50.858" intervalms="734.581" />
  <attribute name="GC Util" value="54" />
  <attribute name="CPU Util" value="76275384216053" />
  <attribute name="Time Running"value="8610"/>
  <attribute name="Number of cores"value="4"/>
<gc-start id="712" type="partial gc" contextid="711" timestamp="2019-07-02T20:35:50.858">
  <mem-info id="713" free="29360128" total="108003328" percent="27">
    <mem type="eden" free="0" total="33554432" percent="0" />
    <arraylet-primitive objects="1" leaves="1" largest="1" />
    <remembered-set count="47520" freebytes="4121088" totalbytes="4311168" percent="95" regionsoverflowed="0" regionsstable="0" regionsrebuilding="0"/>
  </mem-info>
</gc-start>
<allocation-stats totalBytes="33497848" >
  <allocated-bytes non-tlh="64" tlh="33497784" arrayletleaf="0"/>
  <largest-consumer threadName="main" threadId="0000000001777700" bytes="33497848" />
</allocation-stats>
<gc-op id="714" type="copy forward" timems="4.550" contextid="711" timestamp="2019-07-02T20:35:50.864">
  <memory-copied type="eden" objects="94" bytes="3528" bytesdiscarded="42088" />
  <memory-copied type="other" objects="100007" bytes="2519104" bytesdiscarded="94400" />
  <memory-cardclean objects="9549" bytes="437536" />
  <remembered-set-cleared processed="43060" cleared="7186" durationms="0.203" />
  <references type="soft" candidates="2208" cleared="0" enqueued="0" dynamicThreshold="18" maxThreshold="32" />
  <references type="weak" candidates="497" cleared="0" enqueued="0" />
  <stringconstants candidates="13700" cleared="0"  />
</gc-op>
<gc-op id="715" type="classunload" timems="0.019" contextid="711" timestamp="2019-07-02T20:35:50.864">
  <classunload-info classloadercandidates="55" classloadersunloaded="0" classesunloaded="0" anonymousclassesunloaded="0" quiescems="0.000" setupms="0.018" scanms="0.000" postms="0.000" />
</gc-op>
<heap-resize id="716" type="contract" space="default" amount="6291456" count="1" timems="0.187" reason="insufficient time being spent in gc" timestamp="2019-07-02T20:35:50.864" />
<gc-end id="717" type="partial gc" contextid="711" durationms="6.229" usertimems="12.000" systemtimems="0.000" timestamp="2019-07-02T20:35:50.864" activeThreads="4">
  <mem-info id="718" free="56623104" total="101711872" percent="55">
    <mem type="eden" free="1002960" total="1048576" percent="95" />
    <arraylet-primitive objects="1" leaves="1" largest="1" />
    <remembered-set count="47520" freebytes="4121088" totalbytes="4311168" percent="95" regionsoverflowed="0" regionsstable="0" regionsrebuilding="0"/>
  </mem-info>
</gc-end>
<cycle-end id="719" type="partial gc" contextid="711" timestamp="2019-07-02T20:35:50.865">
  <attribute name="GC Util" value="59" />
  <attribute name="CPU Util" value="75034041848720" />
  <attribute name="Time Running"value="9344"/>
  <attribute name="Number of cores"value="4"/>
</cycle-end>
<exclusive-end id="720" timestamp="2019-07-02T20:35:50.865" durationms="7.627" />

<exclusive-start id="721" timestamp="2019-07-02T20:35:50.884" intervalms="26.537">
  <response-info timems="0.049" idlems="0.049" threads="0" lastid="0000000001777700" lastname="main" />
</exclusive-start>
<allocation-taxation id="722" taxation-threshold="31457280" timestamp="2019-07-02T20:35:50.884" intervalms="26.460" />
<cycle-start id="723" type="partial gc" contextid="0" timestamp="2019-07-02T20:35:50.884" intervalms="26.446" />
  <attribute name="GC Util" value="59" />
  <attribute name="CPU Util" value="75034041848720" />
  <attribute name="Time Running"value="9344"/>
  <attribute name="Number of cores"value="4"/>
<gc-start id="724" type="partial gc" contextid="723" timestamp="2019-07-02T20:35:50.884">
  <mem-info id="725" free="25165824" total="101711872" percent="24">
    <mem type="eden" free="0" total="31457280" percent="0" />
    <arraylet-primitive objects="1" leaves="1" largest="1" />
    <remembered-set count="47040" freebytes="4123008" totalbytes="4311168" percent="95" regionsoverflowed="0" regionsstable="0" regionsrebuilding="0"/>
  </mem-info>
</gc-start>
<allocation-stats totalBytes="31339616" >
  <allocated-bytes non-tlh="0" tlh="31339616" arrayletleaf="0"/>
  <largest-consumer threadName="main" threadId="0000000001777700" bytes="31339616" />
</allocation-stats>
<gc-op id="726" type="copy forward" timems="3.792" contextid="723" timestamp="2019-07-02T20:35:50.889">
  <memory-copied type="eden" objects="0" bytes="0" bytesdiscarded="0" />
  <memory-copied type="other" objects="7818" bytes="469920" bytesdiscarded="38192" />
  <memory-cardclean objects="103031" bytes="3600088" />
  <remembered-set-cleared processed="33238" cleared="10169" durationms="0.215" />
  <references type="soft" candidates="3" cleared="0" enqueued="0" dynamicThreshold="17" maxThreshold="32" />
  <references type="weak" candidates="61" cleared="0" enqueued="0" />
  <references type="phantom" candidates="3" cleared="0" enqueued="0" />
  <stringconstants candidates="13700" cleared="0"  />
</gc-op>
<gc-op id="727" type="classunload" timems="0.004" contextid="723" timestamp="2019-07-02T20:35:50.890">
  <classunload-info classloadercandidates="55" classloadersunloaded="0" classesunloaded="0" anonymousclassesunloaded="0" quiescems="0.000" setupms="0.004" scanms="0.000" postms="0.000" />
</gc-op>
<heap-resize id="728" type="contract" space="default" amount="5242880" count="1" timems="0.097" reason="insufficient time being spent in gc" timestamp="2019-07-02T20:35:50.890" />
<gc-end id="729" type="partial gc" contextid="723" durationms="5.676" usertimems="0.000" systemtimems="8.000" timestamp="2019-07-02T20:35:50.890" activeThreads="4">
  <mem-info id="730" free="52428800" total="96468992" percent="54">
    <arraylet-primitive objects="1" leaves="1" largest="1" />
    <remembered-set count="47168" freebytes="3871360" totalbytes="4060032" percent="95" regionsoverflowed="0" regionsstable="0" regionsrebuilding="0"/>
  </mem-info>
</gc-end>
<cycle-end id="731" type="partial gc" contextid="723" timestamp="2019-07-02T20:35:50.890">
  <attribute name="GC Util" value="27" />
  <attribute name="CPU Util" value="31352871321813" />
  <attribute name="Time Running"value="9371"/>
  <attribute name="Number of cores"value="4"/>
</cycle-end>
<exclusive-end id="732" timestamp="2019-07-02T20:35:50.891" durationms="6.810" />

<exclusive-start id="733" timestamp="2019-07-02T20:35:50.909" intervalms="25.322">
  <response-info timems="0.072" idlems="0.072" threads="0" lastid="0000000001777700" lastname="main" />
</exclusive-start>
<allocation-taxation id="734" taxation-threshold="30408704" timestamp="2019-07-02T20:35:50.909" intervalms="25.262" />
<cycle-start id="735" type="partial gc" contextid="0" timestamp="2019-07-02T20:35:50.909" intervalms="25.270" />
  <attribute name="GC Util" value="27" />
  <attribute name="CPU Util" value="31352871321813" />
  <attribute name="Time Running"value="9371"/>
  <attribute name="Number of cores"value="4"/>
<gc-start id="736" type="partial gc" contextid="735" timestamp="2019-07-02T20:35:50.910">
  <mem-info id="737" free="22020096" total="96468992" percent="22">
    <mem type="eden" free="0" total="30408704" percent="0" />
    <arraylet-primitive objects="1" leaves="1" largest="1" />
    <remembered-set count="42944" freebytes="3888256" totalbytes="4060032" percent="95" regionsoverflowed="0" regionsstable="1" regionsrebuilding="0"/>
  </mem-info>
</gc-start>
<allocation-stats totalBytes="30303088" >
  <allocated-bytes non-tlh="0" tlh="30303088" arrayletleaf="0"/>
  <largest-consumer threadName="main" threadId="0000000001777700" bytes="30303088" />
</allocation-stats>
<gc-op id="738" type="copy forward" timems="3.540" contextid="735" timestamp="2019-07-02T20:35:50.914">
  <memory-copied type="eden" objects="1" bytes="24" bytesdiscarded="0" />
  <memory-copied type="other" objects="22097" bytes="674664" bytesdiscarded="26288" />
  <memory-cardclean objects="57026" bytes="2366728" />
  <remembered-set-cleared processed="30557" cleared="3973" durationms="0.179" />
  <references type="soft" candidates="868" cleared="0" enqueued="0" dynamicThreshold="17" maxThreshold="32" />
  <references type="weak" candidates="263" cleared="0" enqueued="0" />
  <stringconstants candidates="13700" cleared="0"  />
</gc-op>
<gc-op id="739" type="classunload" timems="0.004" contextid="735" timestamp="2019-07-02T20:35:50.914">
  <classunload-info classloadercandidates="55" classloadersunloaded="0" classesunloaded="0" anonymousclassesunloaded="0" quiescems="0.000" setupms="0.004" scanms="0.000" postms="0.000" />
</gc-op>
<heap-resize id="740" type="contract" space="default" amount="5242880" count="1" timems="0.056" reason="insufficient time being spent in gc" timestamp="2019-07-02T20:35:50.915" />
<gc-end id="741" type="partial gc" contextid="735" durationms="5.113" usertimems="12.000" systemtimems="0.000" timestamp="2019-07-02T20:35:50.915" activeThreads="4">
  <mem-info id="742" free="47185920" total="91226112" percent="51">
    <mem type="eden" free="1048552" total="1048576" percent="99" />
    <arraylet-primitive objects="1" leaves="1" largest="1" />
    <remembered-set count="43328" freebytes="3677440" totalbytes="3850752" percent="95" regionsoverflowed="0" regionsstable="1" regionsrebuilding="0"/>
  </mem-info>
</gc-end>
<cycle-end id="743" type="partial gc" contextid="735" timestamp="2019-07-02T20:35:50.915">
  <attribute name="GC Util" value="37" />
  <attribute name="CPU Util" value="37835982352320" />
  <attribute name="Time Running"value="9396"/>
  <attribute name="Number of cores"value="4"/>
</cycle-end>
<exclusive-end id="744" timestamp="2019-07-02T20:35:50.915" durationms="6.067" />

<exclusive-start id="745" timestamp="2019-07-02T20:35:50.933" intervalms="23.546">
  <response-info timems="0.072" idlems="0.072" threads="0" lastid="0000000001777700" lastname="main" />
</exclusive-start>
<allocation-taxation id="746" taxation-threshold="29360128" timestamp="2019-07-02T20:35:50.933" intervalms="23.622" />
<cycle-start id="747" type="partial gc" contextid="0" timestamp="2019-07-02T20:35:50.933" intervalms="23.613" />
  <attribute name="GC Util" value="37" />
  <attribute name="CPU Util" value="37835982352320" />
  <attribute name="Time Running"value="9396"/>
  <attribute name="Number of cores"value="4"/>
<gc-start id="748" type="partial gc" contextid="747" timestamp="2019-07-02T20:35:50.933">
  <mem-info id="749" free="17825792" total="91226112" percent="19">
    <mem type="eden" free="1048552" total="30408704" percent="3" />
    <arraylet-primitive objects="1" leaves="1" largest="1" />
    <remembered-set count="43104" freebytes="3678336" totalbytes="3850752" percent="95" regionsoverflowed="0" regionsstable="1" regionsrebuilding="0"/>
  </mem-info>
</gc-start>
<allocation-stats totalBytes="29261544" >
  <allocated-bytes non-tlh="0" tlh="29261544" arrayletleaf="0"/>
  <largest-consumer threadName="main" threadId="0000000001777700" bytes="29261544" />
</allocation-stats>
<gc-op id="750" type="copy forward" timems="4.250" contextid="747" timestamp="2019-07-02T20:35:50.939">
  <memory-copied type="eden" objects="1" bytes="24" bytesdiscarded="0" />
  <memory-copied type="other" objects="73431" bytes="2135888" bytesdiscarded="93880" />
  <memory-cardclean objects="13843" bytes="663168" />
  <remembered-set-cleared processed="38294" cleared="7145" durationms="0.207" />
  <finalization candidates="1" enqueued="0" />
  <references type="weak" candidates="19" cleared="0" enqueued="0" />
  <references type="phantom" candidates="2" cleared="0" enqueued="0" />
  <stringconstants candidates="13700" cleared="0"  />
</gc-op>
<gc-op id="751" type="classunload" timems="0.004" contextid="747" timestamp="2019-07-02T20:35:50.939">
  <classunload-info classloadercandidates="55" classloadersunloaded="0" classesunloaded="0" anonymousclassesunloaded="0" quiescems="0.000" setupms="0.004" scanms="0.000" postms="0.000" />
</gc-op>
<heap-resize id="752" type="expand" space="default" amount="15728640" count="1" timems="0.083" reason="excessive time being spent in gc" timestamp="2019-07-02T20:35:50.939" />
<gc-end id="753" type="partial gc" contextid="747" durationms="5.899" usertimems="12.000" systemtimems="0.000" timestamp="2019-07-02T20:35:50.939" activeThreads="4">
  <mem-info id="754" free="63963136" total="106954752" percent="59">
    <mem type="eden" free="1048552" total="1048576" percent="99" />
    <arraylet-primitive objects="1" leaves="1" largest="1" />
    <remembered-set count="42720" freebytes="4098432" totalbytes="4269312" percent="95" regionsoverflowed="0" regionsstable="1" regionsrebuilding="0"/>
  </mem-info>
</gc-end>
<cycle-end id="755" type="partial gc" contextid="747" timestamp="2019-07-02T20:35:50.939">
  <attribute name="GC Util" value="29" />
  <attribute name="CPU Util" value="41925656928444" />
  <attribute name="Time Running"value="9420"/>
  <attribute name="Number of cores"value="4"/>
</cycle-end>
<exclusive-end id="756" timestamp="2019-07-02T20:35:50.940" durationms="6.917" />

<exclusive-start id="757" timestamp="2019-07-02T20:35:50.948" intervalms="15.185">
  <response-info timems="0.103" idlems="0.103" threads="0" lastid="0000000001777700" lastname="main" />
</exclusive-start>
<allocation-taxation id="758" taxation-threshold="16777216" timestamp="2019-07-02T20:35:50.948" intervalms="15.190" />
<cycle-start id="759" type="global mark phase" contextid="0" timestamp="2019-07-02T20:35:50.948" intervalms="1476.865" />
  <attribute name="GC Util" value="29" />
  <attribute name="CPU Util" value="41925656928444" />
  <attribute name="Time Running"value="9420"/>
  <attribute name="Number of cores"value="4"/>
<gc-start id="760" type="global mark phase" contextid="759" timestamp="2019-07-02T20:35:50.948">
  <mem-info id="761" free="47185920" total="106954752" percent="44">
    <remembered-set count="42720" freebytes="4098432" totalbytes="4269312" percent="95" regionsoverflowed="0" regionsstable="1" regionsrebuilding="0"/>
  </mem-info>
</gc-start>
<gc-op id="762" type="mark increment" timems="1.417" contextid="759" timestamp="2019-07-02T20:35:50.950">
  <trace-info objectcount="173" scancount="0" scanbytes="0" />
</gc-op>
<gc-end id="763" type="global mark phase" contextid="759" durationms="1.683" usertimems="0.000" systemtimems="4.000" timestamp="2019-07-02T20:35:50.950" activeThreads="4">
  <mem-info id="764" free="47185920" total="106954752" percent="44">
    <remembered-set count="42720" freebytes="4098432" totalbytes="4269312" percent="95" regionsoverflowed="0" regionsstable="0" regionsrebuilding="1"/>
  </mem-info>
</gc-end>
<concurrent-start id="765" type="GMP work packet processing" contextid="759" timestamp="2019-07-02T20:35:50.950">
  <concurrent-mark-start scanTarget="1713339" />
</concurrent-start>
<exclusive-end id="766" timestamp="2019-07-02T20:35:50.952" durationms="4.413" />

<concurrent-end id="767" type="GMP work packet processing" contextid="759" timestamp="2019-07-02T20:35:50.952">
  <concurrent-mark-end bytesScanned="1777880" reasonForTermination="Work target met" />
</concurrent-end>

<exclusive-start id="768" timestamp="2019-07-02T20:35:50.961" intervalms="13.086">
  <response-info timems="0.080" idlems="0.080" threads="0" lastid="0000000001777700" lastname="main" />
</exclusive-start>
<allocation-taxation id="769" taxation-threshold="16777216" timestamp="2019-07-02T20:35:50.961" intervalms="13.057" />
<cycle-start id="770" type="partial gc" contextid="0" timestamp="2019-07-02T20:35:50.961" intervalms="28.190" />
  <attribute name="GC Util" value="166" />
  <attribute name="CPU Util" value="20476247260870" />
  <attribute name="Time Running"value="9436"/>
  <attribute name="Number of cores"value="4"/>
<gc-start id="771" type="partial gc" contextid="770" timestamp="2019-07-02T20:35:50.961">
  <mem-info id="772" free="30408704" total="106954752" percent="28">
    <mem type="eden" free="1048552" total="34603008" percent="3" />
    <arraylet-primitive objects="1" leaves="1" largest="1" />
    <remembered-set count="42816" freebytes="4098048" totalbytes="4269312" percent="95" regionsoverflowed="0" regionsstable="0" regionsrebuilding="1"/>
  </mem-info>
</gc-start>
<allocation-stats totalBytes="33442120" >
  <allocated-bytes non-tlh="0" tlh="33442120" arrayletleaf="0"/>
  <largest-consumer threadName="main" threadId="0000000001777700" bytes="16722304" />
</allocation-stats>
<gc-op id="773" type="copy forward" timems="5.342" contextid="770" timestamp="2019-07-02T20:35:50.968">
  <memory-copied type="eden" objects="1" bytes="24" bytesdiscarded="0" />
  <memory-copied type="other" objects="86176" bytes="2491520" bytesdiscarded="94832" />
  <memory-cardclean objects="44102" bytes="1823912" />
  <remembered-set-cleared processed="34540" cleared="12660" durationms="0.229" />
  <finalization candidates="14" enqueued="0" />
  <ownableSynchronizers candidates="4" cleared="0" />
  <references type="soft" candidates="228" cleared="0" enqueued="0" dynamicThreshold="14" maxThreshold="32" />
  <references type="weak" candidates="1109" cleared="0" enqueued="0" />
  <references type="phantom" candidates="4" cleared="0" enqueued="0" />
  <stringconstants candidates="13700" cleared="8"  />
</gc-op>
<gc-op id="774" type="classunload" timems="0.006" contextid="770" timestamp="2019-07-02T20:35:50.968">
  <classunload-info classloadercandidates="55" classloadersunloaded="0" classesunloaded="0" anonymousclassesunloaded="0" quiescems="0.000" setupms="0.006" scanms="0.000" postms="0.000" />
</gc-op>
<gc-end id="775" type="partial gc" contextid="770" durationms="6.442" usertimems="12.000" systemtimems="0.000" timestamp="2019-07-02T20:35:50.968" activeThreads="4">
  <mem-info id="776" free="65011712" total="106954752" percent="60">
    <mem type="eden" free="1048552" total="1048576" percent="99" />
    <arraylet-primitive objects="1" leaves="1" largest="1" />
    <remembered-set count="45728" freebytes="4086400" totalbytes="4269312" percent="95" regionsoverflowed="0" regionsstable="0" regionsrebuilding="1"/>
  </mem-info>
</gc-end>
<cycle-end id="777" type="partial gc" contextid="770" timestamp="2019-07-02T20:35:50.968">
  <attribute name="GC Util" value="69" />
  <attribute name="CPU Util" value="84655759733766" />
  <attribute name="Time Running"value="9448"/>
  <attribute name="Number of cores"value="4"/>
</cycle-end>
<exclusive-end id="778" timestamp="2019-07-02T20:35:50.968" durationms="7.398" />

<exclusive-start id="779" timestamp="2019-07-02T20:35:50.977" intervalms="15.870">
  <response-info timems="0.077" idlems="0.077" threads="0" lastid="0000000001777700" lastname="main" />
</exclusive-start>
<allocation-taxation id="780" taxation-threshold="16777216" timestamp="2019-07-02T20:35:50.977" intervalms="15.822" />
<gc-start id="781" type="global mark phase" contextid="759" timestamp="2019-07-02T20:35:50.977">
  <mem-info id="782" free="48234496" total="106954752" percent="45">
    <remembered-set count="45344" freebytes="4087936" totalbytes="4269312" percent="95" regionsoverflowed="0" regionsstable="0" regionsrebuilding="1"/>
  </mem-info>
</gc-start>
<gc-end id="783" type="global mark phase" contextid="759" durationms="0.117" usertimems="0.000" systemtimems="0.000" timestamp="2019-07-02T20:35:50.977" activeThreads="4">
  <mem-info id="784" free="48234496" total="106954752" percent="45">
    <remembered-set count="45344" freebytes="4087936" totalbytes="4269312" percent="95" regionsoverflowed="0" regionsstable="0" regionsrebuilding="1"/>
  </mem-info>
</gc-end>
<concurrent-start id="785" type="GMP work packet processing" contextid="759" timestamp="2019-07-02T20:35:50.977">
  <concurrent-mark-start scanTarget="1713339" />
</concurrent-start>
<exclusive-end id="786" timestamp="2019-07-02T20:35:50.978" durationms="0.804" />

<concurrent-end id="787" type="GMP work packet processing" contextid="759" timestamp="2019-07-02T20:35:50.979">
  <concurrent-mark-end bytesScanned="1752352" reasonForTermination="Work target met" />
</concurrent-end>

<exclusive-start id="788" timestamp="2019-07-02T20:35:50.987" intervalms="10.345">
  <response-info timems="0.102" idlems="0.102" threads="0" lastid="0000000001777700" lastname="main" />
</exclusive-start>
<allocation-taxation id="789" taxation-threshold="16777216" timestamp="2019-07-02T20:35:50.987" intervalms="10.386" />
<cycle-start id="790" type="partial gc" contextid="0" timestamp="2019-07-02T20:35:50.987" intervalms="26.266" />
  <attribute name="GC Util" value="96" />
  <attribute name="CPU Util" value="1203823523286" />
  <attribute name="Time Running"value="9463"/>
  <attribute name="Number of cores"value="4"/>
<gc-start id="791" type="partial gc" contextid="790" timestamp="2019-07-02T20:35:50.988">
  <mem-info id="792" free="31457280" total="106954752" percent="29">
    <mem type="eden" free="1048552" total="34603008" percent="3" />
    <arraylet-primitive objects="1" leaves="1" largest="1" />
    <remembered-set count="46656" freebytes="4082688" totalbytes="4269312" percent="95" regionsoverflowed="0" regionsstable="0" regionsrebuilding="1"/>
  </mem-info>
</gc-start>
<allocation-stats totalBytes="33442096" >
  <allocated-bytes non-tlh="0" tlh="33442096" arrayletleaf="0"/>
  <largest-consumer threadName="main" threadId="0000000001777700" bytes="16722280" />
</allocation-stats>
<gc-op id="793" type="copy forward" timems="4.957" contextid="790" timestamp="2019-07-02T20:35:50.993">
  <memory-copied type="eden" objects="1" bytes="24" bytesdiscarded="0" />
  <memory-copied type="other" objects="94216" bytes="2494704" bytesdiscarded="79552" />
  <memory-cardclean objects="12472" bytes="639080" />
  <remembered-set-cleared processed="42125" cleared="9207" durationms="0.208" />
  <references type="soft" candidates="411" cleared="0" enqueued="0" dynamicThreshold="14" maxThreshold="32" />
  <references type="weak" candidates="1117" cleared="0" enqueued="0" />
  <references type="phantom" candidates="7" cleared="0" enqueued="0" />
  <stringconstants candidates="13692" cleared="0"  />
</gc-op>
<gc-op id="794" type="classunload" timems="0.004" contextid="790" timestamp="2019-07-02T20:35:50.994">
  <classunload-info classloadercandidates="55" classloadersunloaded="0" classesunloaded="0" anonymousclassesunloaded="0" quiescems="0.000" setupms="0.004" scanms="0.000" postms="0.000" />
</gc-op>
<gc-end id="795" type="partial gc" contextid="790" durationms="6.067" usertimems="12.000" systemtimems="0.000" timestamp="2019-07-02T20:35:50.994" activeThreads="4">
  <mem-info id="796" free="66060288" total="106954752" percent="61">
    <mem type="eden" free="1048552" total="1048576" percent="99" />
    <arraylet-primitive objects="1" leaves="1" largest="1" />
    <remembered-set count="46880" freebytes="4081792" totalbytes="4269312" percent="95" regionsoverflowed="0" regionsstable="0" regionsrebuilding="1"/>
  </mem-info>
</gc-end>
<cycle-end id="797" type="partial gc" contextid="790" timestamp="2019-07-02T20:35:50.994">
  <attribute name="GC Util" value="56" />
  <attribute name="CPU Util" value="90775859750044" />
  <attribute name="Time Running"value="9474"/>
  <attribute name="Number of cores"value="4"/>
</cycle-end>
<exclusive-end id="798" timestamp="2019-07-02T20:35:50.994" durationms="7.095" />

<exclusive-start id="799" timestamp="2019-07-02T20:35:51.003" intervalms="15.625">
  <response-info timems="0.069" idlems="0.069" threads="0" lastid="0000000001777700" lastname="main" />
</exclusive-start>
<allocation-taxation id="800" taxation-threshold="16777216" timestamp="2019-07-02T20:35:51.003" intervalms="15.628" />
<gc-start id="801" type="global mark phase" contextid="759" timestamp="2019-07-02T20:35:51.003">
  <mem-info id="802" free="49283072" total="106954752" percent="46">
    <remembered-set count="46624" freebytes="4082816" totalbytes="4269312" percent="95" regionsoverflowed="0" regionsstable="0" regionsrebuilding="1"/>
  </mem-info>
</gc-start>
<gc-end id="803" type="global mark phase" contextid="759" durationms="0.202" usertimems="0.000" systemtimems="0.000" timestamp="2019-07-02T20:35:51.003" activeThreads="4">
  <mem-info id="804" free="49283072" total="106954752" percent="46">
    <remembered-set count="46624" freebytes="4082816" totalbytes="4269312" percent="95" regionsoverflowed="0" regionsstable="0" regionsrebuilding="1"/>
  </mem-info>
</gc-end>
<concurrent-start id="805" type="GMP work packet processing" contextid="759" timestamp="2019-07-02T20:35:51.003">
  <concurrent-mark-start scanTarget="1713339" />
</concurrent-start>
<exclusive-end id="806" timestamp="2019-07-02T20:35:51.004" durationms="0.959" />

<concurrent-end id="807" type="GMP work packet processing" contextid="759" timestamp="2019-07-02T20:35:51.005">
  <concurrent-mark-end bytesScanned="1736776" reasonForTermination="Work target met" />
</concurrent-end>

<exclusive-start id="808" timestamp="2019-07-02T20:35:51.013" intervalms="10.279">
  <response-info timems="0.073" idlems="0.073" threads="0" lastid="0000000001777700" lastname="main" />
</exclusive-start>
<allocation-taxation id="809" taxation-threshold="16777216" timestamp="2019-07-02T20:35:51.013" intervalms="10.239" />
<cycle-start id="810" type="partial gc" contextid="0" timestamp="2019-07-02T20:35:51.013" intervalms="25.882" />
  <attribute name="GC Util" value="83" />
  <attribute name="CPU Util" value="1216181725286" />
  <attribute name="Time Running"value="9489"/>
  <attribute name="Number of cores"value="4"/>
<gc-start id="811" type="partial gc" contextid="810" timestamp="2019-07-02T20:35:51.014">
  <mem-info id="812" free="32505856" total="106954752" percent="30">
    <mem type="eden" free="1048552" total="34603008" percent="3" />
    <arraylet-primitive objects="1" leaves="1" largest="1" />
    <remembered-set count="48032" freebytes="4077184" totalbytes="4269312" percent="95" regionsoverflowed="0" regionsstable="0" regionsrebuilding="1"/>
  </mem-info>
</gc-start>
<allocation-stats totalBytes="33442120" >
  <allocated-bytes non-tlh="0" tlh="33442120" arrayletleaf="0"/>
  <largest-consumer threadName="main" threadId="0000000001777700" bytes="16722280" />
</allocation-stats>
<gc-op id="813" type="copy forward" timems="6.786" contextid="810" timestamp="2019-07-02T20:35:51.021">
  <memory-copied type="eden" objects="1" bytes="24" bytesdiscarded="0" />
  <memory-copied type="other" objects="51233" bytes="1405688" bytesdiscarded="130416" />
  <memory-cardclean objects="183796" bytes="6481432" />
  <remembered-set-cleared processed="29163" cleared="17198" durationms="0.188" />
  <finalization candidates="8" enqueued="0" />
  <references type="soft" candidates="625" cleared="0" enqueued="0" dynamicThreshold="14" maxThreshold="32" />
  <references type="weak" candidates="976" cleared="0" enqueued="0" />
  <references type="phantom" candidates="13" cleared="0" enqueued="0" />
  <stringconstants candidates="13692" cleared="0"  />
</gc-op>
<gc-op id="814" type="classunload" timems="0.005" contextid="810" timestamp="2019-07-02T20:35:51.021">
  <classunload-info classloadercandidates="55" classloadersunloaded="0" classesunloaded="0" anonymousclassesunloaded="0" quiescems="0.000" setupms="0.005" scanms="0.000" postms="0.000" />
</gc-op>
<heap-resize id="815" type="contract" space="default" amount="6291456" count="1" timems="0.172" reason="excess free space following gc" timestamp="2019-07-02T20:35:51.022" />
<gc-end id="816" type="partial gc" contextid="810" durationms="8.167" usertimems="16.000" systemtimems="0.000" timestamp="2019-07-02T20:35:51.022" activeThreads="4">
  <mem-info id="817" free="63963136" total="100663296" percent="63">
    <mem type="eden" free="1048552" total="1048576" percent="99" />
    <remembered-set count="46880" freebytes="4081792" totalbytes="4269312" percent="95" regionsoverflowed="0" regionsstable="0" regionsrebuilding="1"/>
  </mem-info>
</gc-end>
<cycle-end id="818" type="partial gc" contextid="810" timestamp="2019-07-02T20:35:51.022">
  <attribute name="GC Util" value="48" />
  <attribute name="CPU Util" value="76927141975595" />
  <attribute name="Time Running"value="9500"/>
  <attribute name="Number of cores"value="4"/>
</cycle-end>
<exclusive-end id="819" timestamp="2019-07-02T20:35:51.022" durationms="9.174" />

<exclusive-start id="820" timestamp="2019-07-02T20:35:51.030" intervalms="17.259">
  <response-info timems="0.069" idlems="0.069" threads="0" lastid="0000000001777700" lastname="main" />
</exclusive-start>
<allocation-taxation id="821" taxation-threshold="15728640" timestamp="2019-07-02T20:35:51.030" intervalms="17.303" />
<gc-start id="822" type="global mark phase" contextid="759" timestamp="2019-07-02T20:35:51.031">
  <mem-info id="823" free="48234496" total="100663296" percent="47">
    <remembered-set count="42144" freebytes="4100736" totalbytes="4269312" percent="96" regionsoverflowed="0" regionsstable="1" regionsrebuilding="1"/>
  </mem-info>
</gc-start>
<gc-end id="824" type="global mark phase" contextid="759" durationms="0.202" usertimems="0.000" systemtimems="0.000" timestamp="2019-07-02T20:35:51.031" activeThreads="4">
  <mem-info id="825" free="48234496" total="100663296" percent="47">
    <remembered-set count="42144" freebytes="4100736" totalbytes="4269312" percent="96" regionsoverflowed="0" regionsstable="1" regionsrebuilding="1"/>
  </mem-info>
</gc-end>
<concurrent-start id="826" type="GMP work packet processing" contextid="759" timestamp="2019-07-02T20:35:51.031">
  <concurrent-mark-start scanTarget="1713339" />
</concurrent-start>
<exclusive-end id="827" timestamp="2019-07-02T20:35:51.031" durationms="0.874" />

<concurrent-end id="828" type="GMP work packet processing" contextid="759" timestamp="2019-07-02T20:35:51.032">
  <concurrent-mark-end bytesScanned="1743388" reasonForTermination="Work target met" />
</concurrent-end>

<exclusive-start id="829" timestamp="2019-07-02T20:35:51.040" intervalms="9.621">
  <response-info timems="0.082" idlems="0.082" threads="0" lastid="0000000001777700" lastname="main" />
</exclusive-start>
<allocation-taxation id="830" taxation-threshold="15728640" timestamp="2019-07-02T20:35:51.040" intervalms="9.647" />
<cycle-start id="831" type="partial gc" contextid="0" timestamp="2019-07-02T20:35:51.040" intervalms="26.944" />
  <attribute name="GC Util" value="107" />
  <attribute name="CPU Util" value="1102204984963" />
  <attribute name="Time Running"value="9517"/>
  <attribute name="Number of cores"value="4"/>
<gc-start id="832" type="partial gc" contextid="831" timestamp="2019-07-02T20:35:51.041">
  <mem-info id="833" free="32505856" total="100663296" percent="32">
    <mem type="eden" free="1048552" total="32505856" percent="3" />
    <remembered-set count="42176" freebytes="4100608" totalbytes="4269312" percent="96" regionsoverflowed="0" regionsstable="1" regionsrebuilding="1"/>
  </mem-info>
</gc-start>
<allocation-stats totalBytes="31351832" >
  <allocated-bytes non-tlh="0" tlh="31351832" arrayletleaf="0"/>
  <largest-consumer threadName="main" threadId="0000000001777700" bytes="15677160" />
</allocation-stats>
<gc-op id="834" type="copy forward" timems="4.541" contextid="831" timestamp="2019-07-02T20:35:51.046">
  <memory-copied type="eden" objects="1" bytes="24" bytesdiscarded="0" />
  <memory-copied type="other" objects="68095" bytes="2009720" bytesdiscarded="51048" />
  <memory-cardclean objects="42657" bytes="1396848" />
  <remembered-set-cleared processed="33703" cleared="7532" durationms="0.186" />
  <stringconstants candidates="13692" cleared="0"  />
</gc-op>
<gc-op id="835" type="classunload" timems="0.004" contextid="831" timestamp="2019-07-02T20:35:51.046">
  <classunload-info classloadercandidates="55" classloadersunloaded="0" classesunloaded="0" anonymousclassesunloaded="0" quiescems="0.000" setupms="0.004" scanms="0.000" postms="0.000" />
</gc-op>
<heap-resize id="836" type="contract" space="default" amount="3145728" count="1" timems="0.120" reason="excess free space following gc" timestamp="2019-07-02T20:35:51.047" />
<gc-end id="837" type="partial gc" contextid="831" durationms="6.122" usertimems="12.000" systemtimems="0.000" timestamp="2019-07-02T20:35:51.047" activeThreads="4">
  <mem-info id="838" free="59768832" total="97517568" percent="61">
    <mem type="eden" free="1048552" total="1048576" percent="99" />
    <remembered-set count="41024" freebytes="3854080" totalbytes="4018176" percent="95" regionsoverflowed="0" regionsstable="1" regionsrebuilding="1"/>
  </mem-info>
</gc-end>
<cycle-end id="839" type="partial gc" contextid="831" timestamp="2019-07-02T20:35:51.047">
  <attribute name="GC Util" value="32" />
  <attribute name="CPU Util" value="38128547940953" />
  <attribute name="Time Running"value="9527"/>
  <attribute name="Number of cores"value="4"/>
</cycle-end>
<exclusive-end id="840" timestamp="2019-07-02T20:35:51.047" durationms="7.180" />

<exclusive-start id="841" timestamp="2019-07-02T20:35:51.054" intervalms="14.552">
  <response-info timems="0.068" idlems="0.068" threads="0" lastid="0000000001777700" lastname="main" />
</exclusive-start>
<allocation-taxation id="842" taxation-threshold="14680064" timestamp="2019-07-02T20:35:51.055" intervalms="14.517" />
<gc-start id="843" type="global mark phase" contextid="759" timestamp="2019-07-02T20:35:51.055">
  <mem-info id="844" free="45088768" total="97517568" percent="46">
    <remembered-set count="40608" freebytes="3855744" totalbytes="4018176" percent="95" regionsoverflowed="0" regionsstable="1" regionsrebuilding="1"/>
  </mem-info>
</gc-start>
<gc-end id="845" type="global mark phase" contextid="759" durationms="0.204" usertimems="0.000" systemtimems="0.000" timestamp="2019-07-02T20:35:51.055" activeThreads="4">
  <mem-info id="846" free="45088768" total="97517568" percent="46">
    <remembered-set count="40608" freebytes="3855744" totalbytes="4018176" percent="95" regionsoverflowed="0" regionsstable="1" regionsrebuilding="1"/>
  </mem-info>
</gc-end>
<concurrent-start id="847" type="GMP work packet processing" contextid="759" timestamp="2019-07-02T20:35:51.055">
  <concurrent-mark-start scanTarget="1713339" />
</concurrent-start>
<exclusive-end id="848" timestamp="2019-07-02T20:35:51.055" durationms="0.887" />

<concurrent-end id="849" type="GMP work packet processing" contextid="759" timestamp="2019-07-02T20:35:51.056">
  <concurrent-mark-end bytesScanned="1757372" reasonForTermination="Work target met" />
</concurrent-end>

<exclusive-start id="850" timestamp="2019-07-02T20:35:51.064" intervalms="9.184">
  <response-info timems="0.073" idlems="0.073" threads="0" lastid="0000000001777700" lastname="main" />
</exclusive-start>
<allocation-taxation id="851" taxation-threshold="14680064" timestamp="2019-07-02T20:35:51.064" intervalms="9.219" />
<cycle-start id="852" type="partial gc" contextid="0" timestamp="2019-07-02T20:35:51.064" intervalms="23.739" />
  <attribute name="GC Util" value="91" />
  <attribute name="CPU Util" value="1345478278964" />
  <attribute name="Time Running"value="9541"/>
  <attribute name="Number of cores"value="4"/>
<gc-start id="853" type="partial gc" contextid="852" timestamp="2019-07-02T20:35:51.064">
  <mem-info id="854" free="30408704" total="97517568" percent="31">
    <mem type="eden" free="1048552" total="30408704" percent="3" />
    <remembered-set count="41664" freebytes="3851520" totalbytes="4018176" percent="95" regionsoverflowed="0" regionsstable="1" regionsrebuilding="1"/>
  </mem-info>
</gc-start>
<allocation-stats totalBytes="29261544" >
  <allocated-bytes non-tlh="0" tlh="29261544" arrayletleaf="0"/>
  <largest-consumer threadName="main" threadId="0000000001777700" bytes="14632016" />
</allocation-stats>
<gc-op id="855" type="copy forward" timems="4.280" contextid="852" timestamp="2019-07-02T20:35:51.070">
  <memory-copied type="eden" objects="1" bytes="24" bytesdiscarded="0" />
  <memory-copied type="other" objects="79013" bytes="2088224" bytesdiscarded="98464" />
  <memory-cardclean objects="12048" bytes="542368" />
  <remembered-set-cleared processed="38406" cleared="5921" durationms="0.208" />
  <references type="soft" candidates="2139" cleared="0" enqueued="0" dynamicThreshold="14" maxThreshold="32" />
  <references type="weak" candidates="80" cleared="0" enqueued="0" />
  <stringconstants candidates="13692" cleared="0"  />
</gc-op>
<gc-op id="856" type="classunload" timems="0.005" contextid="852" timestamp="2019-07-02T20:35:51.070">
  <classunload-info classloadercandidates="55" classloadersunloaded="0" classesunloaded="0" anonymousclassesunloaded="0" quiescems="0.000" setupms="0.005" scanms="0.000" postms="0.000" />
</gc-op>
<gc-end id="857" type="partial gc" contextid="852" durationms="5.700" usertimems="12.000" systemtimems="0.000" timestamp="2019-07-02T20:35:51.070" activeThreads="4">
  <mem-info id="858" free="59768832" total="97517568" percent="61">
    <mem type="eden" free="1048552" total="1048576" percent="99" />
    <remembered-set count="41600" freebytes="3726208" totalbytes="3892608" percent="95" regionsoverflowed="0" regionsstable="1" regionsrebuilding="1"/>
  </mem-info>
</gc-end>
<cycle-end id="859" type="partial gc" contextid="852" timestamp="2019-07-02T20:35:51.070">
  <attribute name="GC Util" value="31" />
  <attribute name="CPU Util" value="36312917096580" />
  <attribute name="Time Running"value="9551"/>
  <attribute name="Number of cores"value="4"/>
</cycle-end>
<exclusive-end id="860" timestamp="2019-07-02T20:35:51.070" durationms="6.761" />

<exclusive-start id="861" timestamp="2019-07-02T20:35:51.078" intervalms="14.148">
  <response-info timems="0.077" idlems="0.077" threads="0" lastid="0000000001777700" lastname="main" />
</exclusive-start>
<allocation-taxation id="862" taxation-threshold="14680064" timestamp="2019-07-02T20:35:51.078" intervalms="14.116" />
<gc-start id="863" type="global mark phase" contextid="759" timestamp="2019-07-02T20:35:51.078">
  <mem-info id="864" free="45088768" total="97517568" percent="46">
    <remembered-set count="41568" freebytes="3726336" totalbytes="3892608" percent="95" regionsoverflowed="0" regionsstable="1" regionsrebuilding="1"/>
  </mem-info>
</gc-start>
<gc-end id="865" type="global mark phase" contextid="759" durationms="0.204" usertimems="0.000" systemtimems="0.000" timestamp="2019-07-02T20:35:51.078" activeThreads="4">
  <mem-info id="866" free="45088768" total="97517568" percent="46">
    <remembered-set count="41568" freebytes="3726336" totalbytes="3892608" percent="95" regionsoverflowed="0" regionsstable="1" regionsrebuilding="1"/>
  </mem-info>
</gc-end>
<concurrent-start id="867" type="GMP work packet processing" contextid="759" timestamp="2019-07-02T20:35:51.078">
  <concurrent-mark-start scanTarget="1713339" />
</concurrent-start>
<exclusive-end id="868" timestamp="2019-07-02T20:35:51.079" durationms="0.901" />

<concurrent-end id="869" type="GMP work packet processing" contextid="759" timestamp="2019-07-02T20:35:51.080">
  <concurrent-mark-end bytesScanned="1745152" reasonForTermination="Work target met" />
</concurrent-end>

<exclusive-start id="870" timestamp="2019-07-02T20:35:51.087" intervalms="9.092">
  <response-info timems="0.072" idlems="0.072" threads="0" lastid="0000000001777700" lastname="main" />
</exclusive-start>
<allocation-taxation id="871" taxation-threshold="14680064" timestamp="2019-07-02T20:35:51.087" intervalms="9.083" />
<cycle-start id="872" type="partial gc" contextid="0" timestamp="2019-07-02T20:35:51.087" intervalms="23.248" />
  <attribute name="GC Util" value="84" />
  <attribute name="CPU Util" value="1390762066797" />
  <attribute name="Time Running"value="9564"/>
  <attribute name="Number of cores"value="4"/>
<gc-start id="873" type="partial gc" contextid="872" timestamp="2019-07-02T20:35:51.088">
  <mem-info id="874" free="30408704" total="97517568" percent="31">
    <mem type="eden" free="1048552" total="30408704" percent="3" />
    <remembered-set count="42912" freebytes="3720960" totalbytes="3892608" percent="95" regionsoverflowed="0" regionsstable="1" regionsrebuilding="1"/>
  </mem-info>
</gc-start>
<allocation-stats totalBytes="29261520" >
  <allocated-bytes non-tlh="0" tlh="29261520" arrayletleaf="0"/>
  <largest-consumer threadName="main" threadId="0000000001777700" bytes="14631992" />
</allocation-stats>
<gc-op id="875" type="copy forward" timems="3.885" contextid="872" timestamp="2019-07-02T20:35:51.092">
  <memory-copied type="eden" objects="1" bytes="24" bytesdiscarded="0" />
  <memory-copied type="other" objects="68993" bytes="1743864" bytesdiscarded="51808" />
  <memory-cardclean objects="9182" bytes="529416" />
  <remembered-set-cleared processed="39079" cleared="6023" durationms="0.206" />
  <finalization candidates="1" enqueued="0" />
  <references type="soft" candidates="1" cleared="0" enqueued="0" dynamicThreshold="14" maxThreshold="32" />
  <references type="weak" candidates="43" cleared="0" enqueued="0" />
  <references type="phantom" candidates="2" cleared="0" enqueued="0" />
  <stringconstants candidates="13692" cleared="0"  />
</gc-op>
<gc-op id="876" type="classunload" timems="0.005" contextid="872" timestamp="2019-07-02T20:35:51.092">
  <classunload-info classloadercandidates="55" classloadersunloaded="0" classesunloaded="0" anonymousclassesunloaded="0" quiescems="0.000" setupms="0.004" scanms="0.000" postms="0.000" />
</gc-op>
<gc-end id="877" type="partial gc" contextid="872" durationms="4.961" usertimems="12.000" systemtimems="0.000" timestamp="2019-07-02T20:35:51.092" activeThreads="4">
  <mem-info id="878" free="59768832" total="97517568" percent="61">
    <mem type="eden" free="1048552" total="1048576" percent="99" />
    <remembered-set count="41760" freebytes="3725568" totalbytes="3892608" percent="95" regionsoverflowed="0" regionsstable="1" regionsrebuilding="1"/>
  </mem-info>
</gc-end>
<cycle-end id="879" type="partial gc" contextid="872" timestamp="2019-07-02T20:35:51.093">
  <attribute name="GC Util" value="60" />
  <attribute name="CPU Util" value="96756100147152" />
  <attribute name="Time Running"value="9574"/>
  <attribute name="Number of cores"value="4"/>
</cycle-end>
<exclusive-end id="880" timestamp="2019-07-02T20:35:51.093" durationms="6.018" />

<exclusive-start id="881" timestamp="2019-07-02T20:35:51.102" intervalms="14.984">
  <response-info timems="0.069" idlems="0.069" threads="0" lastid="0000000001777700" lastname="main" />
</exclusive-start>
<allocation-taxation id="882" taxation-threshold="14680064" timestamp="2019-07-02T20:35:51.102" intervalms="14.996" />
<gc-start id="883" type="global mark phase" contextid="759" timestamp="2019-07-02T20:35:51.102">
  <mem-info id="884" free="45088768" total="97517568" percent="46">
    <remembered-set count="41760" freebytes="3725568" totalbytes="3892608" percent="95" regionsoverflowed="0" regionsstable="1" regionsrebuilding="1"/>
  </mem-info>
</gc-start>
<gc-end id="885" type="global mark phase" contextid="759" durationms="0.188" usertimems="0.000" systemtimems="0.000" timestamp="2019-07-02T20:35:51.102" activeThreads="4">
  <mem-info id="886" free="45088768" total="97517568" percent="46">
    <remembered-set count="41760" freebytes="3725568" totalbytes="3892608" percent="95" regionsoverflowed="0" regionsstable="1" regionsrebuilding="1"/>
  </mem-info>
</gc-end>
<concurrent-start id="887" type="GMP work packet processing" contextid="759" timestamp="2019-07-02T20:35:51.103">
  <concurrent-mark-start scanTarget="1713339" />
</concurrent-start>
<exclusive-end id="888" timestamp="2019-07-02T20:35:51.104" durationms="1.920" />

<concurrent-end id="889" type="GMP work packet processing" contextid="759" timestamp="2019-07-02T20:35:51.104">
  <concurrent-mark-end bytesScanned="1761520" reasonForTermination="Work target met" />
</concurrent-end>

<exclusive-start id="890" timestamp="2019-07-02T20:35:51.114" intervalms="11.701">
  <response-info timems="0.069" idlems="0.069" threads="0" lastid="0000000001777700" lastname="main" />
</exclusive-start>
<allocation-taxation id="891" taxation-threshold="14680064" timestamp="2019-07-02T20:35:51.114" intervalms="11.688" />
<cycle-start id="892" type="partial gc" contextid="0" timestamp="2019-07-02T20:35:51.114" intervalms="26.589" />
  <attribute name="GC Util" value="71" />
  <attribute name="CPU Util" value="1280519773654" />
  <attribute name="Time Running"value="9588"/>
  <attribute name="Number of cores"value="4"/>
<gc-start id="893" type="partial gc" contextid="892" timestamp="2019-07-02T20:35:51.114">
  <mem-info id="894" free="30408704" total="97517568" percent="31">
    <mem type="eden" free="1048552" total="30408704" percent="3" />
    <remembered-set count="48928" freebytes="3696896" totalbytes="3892608" percent="94" regionsoverflowed="0" regionsstable="1" regionsrebuilding="1"/>
  </mem-info>
</gc-start>
<allocation-stats totalBytes="29203832" >
  <allocated-bytes non-tlh="0" tlh="29203832" arrayletleaf="0"/>
  <largest-consumer threadName="main" threadId="0000000001777700" bytes="14582360" />
</allocation-stats>
<gc-op id="895" type="copy forward" timems="4.493" contextid="892" timestamp="2019-07-02T20:35:51.119">
  <memory-copied type="eden" objects="27" bytes="1920" bytesdiscarded="1080" />
  <memory-copied type="other" objects="84857" bytes="2076976" bytesdiscarded="54176" />
  <memory-cardclean objects="17032" bytes="842768" />
  <remembered-set-cleared processed="44896" cleared="7575" durationms="0.285" />
  <references type="weak" candidates="6" cleared="0" enqueued="0" />
  <stringconstants candidates="13692" cleared="0"  />
</gc-op>
<gc-op id="896" type="classunload" timems="0.005" contextid="892" timestamp="2019-07-02T20:35:51.119">
  <classunload-info classloadercandidates="55" classloadersunloaded="0" classesunloaded="0" anonymousclassesunloaded="0" quiescems="0.000" setupms="0.005" scanms="0.000" postms="0.000" />
</gc-op>
<gc-end id="897" type="partial gc" contextid="892" durationms="5.610" usertimems="8.000" systemtimems="0.000" timestamp="2019-07-02T20:35:51.120" activeThreads="4">
  <mem-info id="898" free="59768832" total="97517568" percent="61">
    <mem type="eden" free="1045576" total="1048576" percent="99" />
    <remembered-set count="48480" freebytes="3698688" totalbytes="3892608" percent="95" regionsoverflowed="0" regionsstable="1" regionsrebuilding="1"/>
  </mem-info>
</gc-end>
<cycle-end id="899" type="partial gc" contextid="892" timestamp="2019-07-02T20:35:51.120">
  <attribute name="GC Util" value="57" />
  <attribute name="CPU Util" value="90198393275260" />
  <attribute name="Time Running"value="9600"/>
  <attribute name="Number of cores"value="4"/>
</cycle-end>
<exclusive-end id="900" timestamp="2019-07-02T20:35:51.120" durationms="6.523" />

<exclusive-start id="901" timestamp="2019-07-02T20:35:51.129" intervalms="15.776">
  <response-info timems="0.067" idlems="0.067" threads="0" lastid="0000000001777700" lastname="main" />
</exclusive-start>
<allocation-taxation id="902" taxation-threshold="14680064" timestamp="2019-07-02T20:35:51.129" intervalms="15.808" />
<gc-start id="903" type="global mark phase" contextid="759" timestamp="2019-07-02T20:35:51.130">
  <mem-info id="904" free="45088768" total="97517568" percent="46">
    <remembered-set count="48000" freebytes="3700608" totalbytes="3892608" percent="95" regionsoverflowed="0" regionsstable="1" regionsrebuilding="1"/>
  </mem-info>
</gc-start>
<gc-end id="905" type="global mark phase" contextid="759" durationms="0.188" usertimems="0.000" systemtimems="0.000" timestamp="2019-07-02T20:35:51.130" activeThreads="4">
  <mem-info id="906" free="45088768" total="97517568" percent="46">
    <remembered-set count="48000" freebytes="3700608" totalbytes="3892608" percent="95" regionsoverflowed="0" regionsstable="1" regionsrebuilding="1"/>
  </mem-info>
</gc-end>
<concurrent-start id="907" type="GMP work packet processing" contextid="759" timestamp="2019-07-02T20:35:51.130">
  <concurrent-mark-start scanTarget="1713339" />
</concurrent-start>
<exclusive-end id="908" timestamp="2019-07-02T20:35:51.130" durationms="0.836" />

<concurrent-end id="909" type="GMP work packet processing" contextid="759" timestamp="2019-07-02T20:35:51.131">
  <concurrent-mark-end bytesScanned="1286232" reasonForTermination="Completed all work in GC phase" />
</concurrent-end>

<exclusive-start id="910" timestamp="2019-07-02T20:35:51.140" intervalms="10.744">
  <response-info timems="0.052" idlems="0.052" threads="0" lastid="0000000001777700" lastname="main" />
</exclusive-start>
<allocation-taxation id="911" taxation-threshold="14680064" timestamp="2019-07-02T20:35:51.140" intervalms="10.719" />
<cycle-start id="912" type="partial gc" contextid="0" timestamp="2019-07-02T20:35:51.140" intervalms="26.527" />
  <attribute name="GC Util" value="76" />
  <attribute name="CPU Util" value="1209003151745" />
  <attribute name="Time Running"value="9616"/>
  <attribute name="Number of cores"value="4"/>
<gc-start id="913" type="partial gc" contextid="912" timestamp="2019-07-02T20:35:51.141">
  <mem-info id="914" free="30408704" total="97517568" percent="31">
    <mem type="eden" free="0" total="29360128" percent="0" />
    <remembered-set count="51392" freebytes="3687040" totalbytes="3892608" percent="94" regionsoverflowed="0" regionsstable="1" regionsrebuilding="1"/>
  </mem-info>
</gc-start>
<allocation-stats totalBytes="29164800" >
  <allocated-bytes non-tlh="0" tlh="29164800" arrayletleaf="0"/>
  <largest-consumer threadName="main" threadId="0000000001777700" bytes="14582400" />
</allocation-stats>
<gc-op id="915" type="copy forward" timems="5.365" contextid="912" timestamp="2019-07-02T20:35:51.147">
  <memory-copied type="eden" objects="0" bytes="0" bytesdiscarded="0" />
  <memory-copied type="other" objects="78969" bytes="2036408" bytesdiscarded="91648" />
  <memory-cardclean objects="15100" bytes="673840" />
  <remembered-set-cleared processed="47251" cleared="8478" durationms="0.300" />
  <references type="soft" candidates="2139" cleared="0" enqueued="0" dynamicThreshold="14" maxThreshold="32" />
  <references type="weak" candidates="74" cleared="0" enqueued="0" />
  <stringconstants candidates="13692" cleared="0"  />
</gc-op>
<gc-op id="916" type="classunload" timems="0.005" contextid="912" timestamp="2019-07-02T20:35:51.147">
  <classunload-info classloadercandidates="55" classloadersunloaded="0" classesunloaded="0" anonymousclassesunloaded="0" quiescems="0.000" setupms="0.005" scanms="0.000" postms="0.000" />
</gc-op>
<gc-end id="917" type="partial gc" contextid="912" durationms="6.516" usertimems="12.000" systemtimems="4.000" timestamp="2019-07-02T20:35:51.147" activeThreads="4">
  <mem-info id="918" free="59768832" total="97517568" percent="61">
    <remembered-set count="49984" freebytes="3692672" totalbytes="3892608" percent="94" regionsoverflowed="0" regionsstable="1" regionsrebuilding="1"/>
  </mem-info>
</gc-end>
<cycle-end id="919" type="partial gc" contextid="912" timestamp="2019-07-02T20:35:51.147">
  <attribute name="GC Util" value="57" />
  <attribute name="CPU Util" value="79613059720643" />
  <attribute name="Time Running"value="9627"/>
  <attribute name="Number of cores"value="4"/>
</cycle-end>
<exclusive-end id="920" timestamp="2019-07-02T20:35:51.148" durationms="7.486" />

<exclusive-start id="921" timestamp="2019-07-02T20:35:51.157" intervalms="16.768">
  <response-info timems="0.069" idlems="0.069" threads="0" lastid="0000000001777700" lastname="main" />
</exclusive-start>
<allocation-taxation id="922" taxation-threshold="14680064" timestamp="2019-07-02T20:35:51.157" intervalms="16.766" />
<gc-start id="923" type="global mark phase" contextid="759" timestamp="2019-07-02T20:35:51.157">
  <mem-info id="924" free="45088768" total="97517568" percent="46">
    <remembered-set count="49664" freebytes="3693952" totalbytes="3892608" percent="94" regionsoverflowed="0" regionsstable="1" regionsrebuilding="1"/>
  </mem-info>
</gc-start>
<gc-op id="925" type="mark increment" timems="6.127" contextid="759" timestamp="2019-07-02T20:35:51.163">
  <trace-info objectcount="54" scancount="45" scanbytes="345416" />
  <cardclean-info objects="297610" bytes="8166444" />
  <finalization candidates="81" enqueued="1" />
  <ownableSynchronizers candidates="21" cleared="0" />
  <references type="soft" candidates="4604" cleared="0" enqueued="0" dynamicThreshold="19" maxThreshold="32" />
  <references type="weak" candidates="5525" cleared="0" enqueued="0" />
  <references type="phantom" candidates="102" cleared="0" enqueued="0" />
  <stringconstants candidates="13692" cleared="6"  />
</gc-op>
<gc-op id="926" type="classunload" timems="0.327" contextid="759" timestamp="2019-07-02T20:35:51.164">
  <classunload-info classloadercandidates="55" classloadersunloaded="1" classesunloaded="1" anonymousclassesunloaded="0" quiescems="0.000" setupms="0.315" scanms="0.008" postms="0.004" />
</gc-op>
<gc-end id="927" type="global mark phase" contextid="759" durationms="6.753" usertimems="16.000" systemtimems="0.000" timestamp="2019-07-02T20:35:51.164" activeThreads="4">
  <mem-info id="928" free="45088768" total="97517568" percent="46">
    <pending-finalizers system="0" default="1" reference="0" classloader="0" />
    <remembered-set count="52736" freebytes="3681664" totalbytes="3892608" percent="94" regionsoverflowed="0" regionsstable="1" regionsrebuilding="0"/>
  </mem-info>
</gc-end>
<cycle-end id="929" type="global mark phase" contextid="759" timestamp="2019-07-02T20:35:51.164">
  <attribute name="GC Util" value="75" />
  <attribute name="CPU Util" value="51532831788947" />
  <attribute name="Time Running"value="9648"/>
  <attribute name="Number of cores"value="4"/>
</cycle-end>
<exclusive-end id="930" timestamp="2019-07-02T20:35:51.164" durationms="7.324" />

<exclusive-start id="931" timestamp="2019-07-02T20:35:51.174" intervalms="16.771">
  <response-info timems="0.069" idlems="0.069" threads="0" lastid="0000000001777700" lastname="main" />
</exclusive-start>
<allocation-taxation id="932" taxation-threshold="14680064" timestamp="2019-07-02T20:35:51.174" intervalms="16.774" />
<cycle-start id="933" type="partial gc" contextid="0" timestamp="2019-07-02T20:35:51.174" intervalms="33.547" />
  <attribute name="GC Util" value="75" />
  <attribute name="CPU Util" value="51532831788947" />
  <attribute name="Time Running"value="9648"/>
  <attribute name="Number of cores"value="4"/>
<gc-start id="934" type="partial gc" contextid="933" timestamp="2019-07-02T20:35:51.174">
  <mem-info id="935" free="30408704" total="97517568" percent="31">
    <mem type="eden" free="0" total="29360128" percent="0" />
    <remembered-set count="52256" freebytes="3683584" totalbytes="3892608" percent="94" regionsoverflowed="0" regionsstable="1" regionsrebuilding="0"/>
  </mem-info>
</gc-start>
<allocation-stats totalBytes="29172360" >
  <allocated-bytes non-tlh="0" tlh="29172360" arrayletleaf="0"/>
  <largest-consumer threadName="main" threadId="0000000001777700" bytes="14588040" />
</allocation-stats>
<gc-op id="936" type="sweep" timems="0.648" contextid="933" timestamp="2019-07-02T20:35:51.175" />
<gc-op id="937" type="copy forward" timems="1.680" contextid="933" timestamp="2019-07-02T20:35:51.178">
  <memory-copied type="eden" objects="1" bytes="24" bytesdiscarded="0" />
  <memory-copied type="other" objects="27" bytes="1920" bytesdiscarded="864" />
  <memory-cardclean objects="45" bytes="1872" />
  <remembered-set-cleared processed="49499" cleared="45" durationms="0.197" />
  <stringconstants candidates="13686" cleared="0"  />
</gc-op>
<gc-op id="938" type="classunload" timems="0.003" contextid="933" timestamp="2019-07-02T20:35:51.178">
  <classunload-info classloadercandidates="54" classloadersunloaded="0" classesunloaded="0" anonymousclassesunloaded="0" quiescems="0.000" setupms="0.003" scanms="0.000" postms="0.000" />
</gc-op>
<gc-end id="939" type="partial gc" contextid="933" durationms="3.884" usertimems="8.000" systemtimems="0.000" timestamp="2019-07-02T20:35:51.178" activeThreads="4">
  <mem-info id="940" free="58720256" total="97517568" percent="60">
    <mem type="eden" free="1048552" total="1048576" percent="99" />
    <remembered-set count="53248" freebytes="3679616" totalbytes="3892608" percent="94" regionsoverflowed="0" regionsstable="1" regionsrebuilding="0"/>
  </mem-info>
</gc-end>
<cycle-end id="941" type="partial gc" contextid="933" timestamp="2019-07-02T20:35:51.178">
  <attribute name="GC Util" value="170" />
  <attribute name="CPU Util" value="57779871513798" />
  <attribute name="Time Running"value="9661"/>
  <attribute name="Number of cores"value="4"/>
</cycle-end>
<exclusive-end id="942" timestamp="2019-07-02T20:35:51.178" durationms="4.786" />

<exclusive-start id="943" timestamp="2019-07-02T20:35:51.193" intervalms="19.815">
  <response-info timems="0.096" idlems="0.096" threads="0" lastid="0000000001777700" lastname="main" />
</exclusive-start>
<allocation-taxation id="944" taxation-threshold="30408704" timestamp="2019-07-02T20:35:51.194" intervalms="19.839" />
<cycle-start id="945" type="partial gc" contextid="0" timestamp="2019-07-02T20:35:51.194" intervalms="19.884" />
  <attribute name="GC Util" value="170" />
  <attribute name="CPU Util" value="57779871513798" />
  <attribute name="Time Running"value="9661"/>
  <attribute name="Number of cores"value="4"/>
<gc-start id="946" type="partial gc" contextid="945" timestamp="2019-07-02T20:35:51.194">
  <mem-info id="947" free="28311552" total="97517568" percent="29">
    <mem type="eden" free="1048552" total="31457280" percent="3" />
    <remembered-set count="52800" freebytes="3681408" totalbytes="3892608" percent="94" regionsoverflowed="0" regionsstable="1" regionsrebuilding="0"/>
  </mem-info>
</gc-start>
<allocation-stats totalBytes="30218112" >
  <allocated-bytes non-tlh="0" tlh="30218112" arrayletleaf="0"/>
  <largest-consumer threadName="main" threadId="0000000001777700" bytes="30218112" />
</allocation-stats>
<gc-op id="948" type="copy forward" timems="2.115" contextid="945" timestamp="2019-07-02T20:35:51.197">
  <memory-copied type="eden" objects="1" bytes="24" bytesdiscarded="0" />
  <memory-copied type="other" objects="1376" bytes="40640" bytesdiscarded="2296" />
  <memory-cardclean objects="1903" bytes="64496" />
  <remembered-set-cleared processed="49310" cleared="878" durationms="0.235" />
  <references type="soft" candidates="19" cleared="0" enqueued="0" dynamicThreshold="19" maxThreshold="32" />
  <references type="weak" candidates="43" cleared="0" enqueued="0" />
  <stringconstants candidates="13686" cleared="0"  />
</gc-op>
<gc-op id="949" type="classunload" timems="0.003" contextid="945" timestamp="2019-07-02T20:35:51.197">
  <classunload-info classloadercandidates="54" classloadersunloaded="0" classesunloaded="0" anonymousclassesunloaded="0" quiescems="0.000" setupms="0.003" scanms="0.000" postms="0.000" />
</gc-op>
<heap-resize id="950" type="contract" space="default" amount="3145728" count="1" timems="0.083" reason="excess free space following gc" timestamp="2019-07-02T20:35:51.198" />
<gc-end id="951" type="partial gc" contextid="945" durationms="3.597" usertimems="8.000" systemtimems="0.000" timestamp="2019-07-02T20:35:51.198" activeThreads="4">
  <mem-info id="952" free="57671680" total="94371840" percent="61">
    <mem type="eden" free="1048552" total="1048576" percent="99" />
    <remembered-set count="51872" freebytes="3685120" totalbytes="3892608" percent="94" regionsoverflowed="0" regionsstable="1" regionsrebuilding="0"/>
  </mem-info>
</gc-end>
<cycle-end id="953" type="partial gc" contextid="945" timestamp="2019-07-02T20:35:51.198">
  <attribute name="GC Util" value="172" />
  <attribute name="CPU Util" value="56486858742874" />
  <attribute name="Time Running"value="9680"/>
  <attribute name="Number of cores"value="4"/>
</cycle-end>
<exclusive-end id="954" timestamp="2019-07-02T20:35:51.198" durationms="4.711" />

<exclusive-start id="955" timestamp="2019-07-02T20:35:51.214" intervalms="20.201">
  <response-info timems="0.096" idlems="0.096" threads="0" lastid="0000000001777700" lastname="main" />
</exclusive-start>
<allocation-taxation id="956" taxation-threshold="30408704" timestamp="2019-07-02T20:35:51.214" intervalms="20.165" />
<cycle-start id="957" type="partial gc" contextid="0" timestamp="2019-07-02T20:35:51.214" intervalms="20.141" />
  <attribute name="GC Util" value="172" />
  <attribute name="CPU Util" value="56486858742874" />
  <attribute name="Time Running"value="9680"/>
  <attribute name="Number of cores"value="4"/>
<gc-start id="958" type="partial gc" contextid="957" timestamp="2019-07-02T20:35:51.214">
  <mem-info id="959" free="27262976" total="94371840" percent="28">
    <mem type="eden" free="1048552" total="31457280" percent="3" />
    <remembered-set count="51872" freebytes="3685120" totalbytes="3892608" percent="94" regionsoverflowed="0" regionsstable="1" regionsrebuilding="0"/>
  </mem-info>
</gc-start>
<allocation-stats totalBytes="30218088" >
  <allocated-bytes non-tlh="0" tlh="30218088" arrayletleaf="0"/>
  <largest-consumer threadName="main" threadId="0000000001777700" bytes="30218088" />
</allocation-stats>
<gc-op id="960" type="copy forward" timems="2.775" contextid="957" timestamp="2019-07-02T20:35:51.218">
  <memory-copied type="eden" objects="1" bytes="24" bytesdiscarded="0" />
  <memory-copied type="other" objects="9055" bytes="192816" bytesdiscarded="3632" />
  <memory-cardclean objects="29162" bytes="1142352" />
  <remembered-set-cleared processed="39976" cleared="7363" durationms="0.211" />
  <references type="soft" candidates="5" cleared="0" enqueued="0" dynamicThreshold="19" maxThreshold="32" />
  <references type="weak" candidates="27" cleared="0" enqueued="0" />
  <stringconstants candidates="13686" cleared="0"  />
</gc-op>
<gc-op id="961" type="classunload" timems="0.004" contextid="957" timestamp="2019-07-02T20:35:51.218">
  <classunload-info classloadercandidates="54" classloadersunloaded="0" classesunloaded="0" anonymousclassesunloaded="0" quiescems="0.000" setupms="0.004" scanms="0.000" postms="0.000" />
</gc-op>
<heap-resize id="962" type="contract" space="default" amount="5242880" count="1" timems="0.118" reason="excess free space following gc" timestamp="2019-07-02T20:35:51.219" />
<gc-end id="963" type="partial gc" contextid="957" durationms="4.529" usertimems="8.000" systemtimems="0.000" timestamp="2019-07-02T20:35:51.219" activeThreads="4">
  <mem-info id="964" free="54525952" total="89128960" percent="61">
    <mem type="eden" free="1048552" total="1048576" percent="99" />
    <remembered-set count="41536" freebytes="3600896" totalbytes="3767040" percent="95" regionsoverflowed="0" regionsstable="1" regionsrebuilding="0"/>
  </mem-info>
</gc-end>
<cycle-end id="965" type="partial gc" contextid="957" timestamp="2019-07-02T20:35:51.219">
  <attribute name="GC Util" value="100" />
  <attribute name="CPU Util" value="28928400155073" />
  <attribute name="Time Running"value="9701"/>
  <attribute name="Number of cores"value="4"/>
</cycle-end>
<exclusive-end id="966" timestamp="2019-07-02T20:35:51.219" durationms="5.556" />

<exclusive-start id="967" timestamp="2019-07-02T20:35:51.233" intervalms="19.568">
  <response-info timems="0.074" idlems="0.074" threads="0" lastid="0000000001777700" lastname="main" />
</exclusive-start>
<allocation-taxation id="968" taxation-threshold="28311552" timestamp="2019-07-02T20:35:51.233" intervalms="19.608" />
<cycle-start id="969" type="partial gc" contextid="0" timestamp="2019-07-02T20:35:51.234" intervalms="19.630" />
  <attribute name="GC Util" value="100" />
  <attribute name="CPU Util" value="28928400155073" />
  <attribute name="Time Running"value="9701"/>
  <attribute name="Number of cores"value="4"/>
<gc-start id="970" type="partial gc" contextid="969" timestamp="2019-07-02T20:35:51.234">
  <mem-info id="971" free="26214400" total="89128960" percent="29">
    <mem type="eden" free="1048552" total="29360128" percent="3" />
    <remembered-set count="41536" freebytes="3600896" totalbytes="3767040" percent="95" regionsoverflowed="0" regionsstable="1" regionsrebuilding="0"/>
  </mem-info>
</gc-start>
<allocation-stats totalBytes="28134072" >
  <allocated-bytes non-tlh="0" tlh="28134072" arrayletleaf="0"/>
  <largest-consumer threadName="main" threadId="0000000001777700" bytes="28134072" />
</allocation-stats>
<gc-op id="972" type="copy forward" timems="3.124" contextid="969" timestamp="2019-07-02T20:35:51.238">
  <memory-copied type="eden" objects="1" bytes="24" bytesdiscarded="0" />
  <memory-copied type="other" objects="12845" bytes="372488" bytesdiscarded="11800" />
  <memory-cardclean objects="3051" bytes="254464" />
  <remembered-set-cleared processed="38617" cleared="2509" durationms="0.187" />
  <references type="soft" candidates="225" cleared="0" enqueued="0" dynamicThreshold="19" maxThreshold="32" />
  <references type="weak" candidates="447" cleared="0" enqueued="0" />
  <stringconstants candidates="13686" cleared="0"  />
</gc-op>
<gc-op id="973" type="classunload" timems="0.004" contextid="969" timestamp="2019-07-02T20:35:51.238">
  <classunload-info classloadercandidates="54" classloadersunloaded="0" classesunloaded="0" anonymousclassesunloaded="0" quiescems="0.000" setupms="0.003" scanms="0.000" postms="0.000" />
</gc-op>
<heap-resize id="974" type="contract" space="default" amount="5242880" count="1" timems="0.083" reason="excess free space following gc" timestamp="2019-07-02T20:35:51.238" />
<gc-end id="975" type="partial gc" contextid="969" durationms="4.729" usertimems="4.000" systemtimems="4.000" timestamp="2019-07-02T20:35:51.239" activeThreads="4">
  <mem-info id="976" free="53477376" total="83886080" percent="63">
    <mem type="eden" free="1048552" total="1048576" percent="99" />
    <remembered-set count="41728" freebytes="3390848" totalbytes="3557760" percent="95" regionsoverflowed="0" regionsstable="1" regionsrebuilding="0"/>
  </mem-info>
</gc-end>
<cycle-end id="977" type="partial gc" contextid="969" timestamp="2019-07-02T20:35:51.239">
  <attribute name="GC Util" value="100" />
  <attribute name="CPU Util" value="32093461517004" />
  <attribute name="Time Running"value="9720"/>
  <attribute name="Number of cores"value="4"/>
</cycle-end>
<exclusive-end id="978" timestamp="2019-07-02T20:35:51.239" durationms="5.775" />

<exclusive-start id="979" timestamp="2019-07-02T20:35:51.276" intervalms="42.477">
  <response-info timems="0.056" idlems="0.056" threads="0" lastid="0000000001777700" lastname="main" />
</exclusive-start>
<allocation-taxation id="980" taxation-threshold="27262976" timestamp="2019-07-02T20:35:51.276" intervalms="42.468" />
<cycle-start id="981" type="partial gc" contextid="0" timestamp="2019-07-02T20:35:51.276" intervalms="42.438" />
  <attribute name="GC Util" value="100" />
  <attribute name="CPU Util" value="32093461517004" />
  <attribute name="Time Running"value="9720"/>
  <attribute name="Number of cores"value="4"/>
<gc-start id="982" type="partial gc" contextid="981" timestamp="2019-07-02T20:35:51.276">
  <mem-info id="983" free="26214400" total="83886080" percent="31">
    <mem type="eden" free="1048552" total="28311552" percent="3" />
    <remembered-set count="40768" freebytes="3394688" totalbytes="3557760" percent="95" regionsoverflowed="0" regionsstable="2" regionsrebuilding="0"/>
  </mem-info>
</gc-start>
<allocation-stats totalBytes="27253992" >
  <allocated-bytes non-tlh="0" tlh="27253992" arrayletleaf="0"/>
  <largest-consumer threadName="main" threadId="0000000001777700" bytes="27253992" />
</allocation-stats>
<gc-op id="984" type="copy forward" timems="2.698" contextid="981" timestamp="2019-07-02T20:35:51.280">
  <memory-copied type="eden" objects="156" bytes="5128" bytesdiscarded="0" />
  <memory-copied type="other" objects="22807" bytes="661912" bytesdiscarded="13104" />
  <memory-cardclean objects="1611" bytes="199624" />
  <remembered-set-cleared processed="38169" cleared="2203" durationms="0.227" />
  <references type="soft" candidates="778" cleared="0" enqueued="0" dynamicThreshold="20" maxThreshold="32" />
  <references type="weak" candidates="102" cleared="0" enqueued="0" />
  <stringconstants candidates="13686" cleared="0"  />
</gc-op>
<gc-op id="985" type="classunload" timems="0.004" contextid="981" timestamp="2019-07-02T20:35:51.280">
  <classunload-info classloadercandidates="54" classloadersunloaded="0" classesunloaded="0" anonymousclassesunloaded="0" quiescems="0.000" setupms="0.004" scanms="0.000" postms="0.000" />
</gc-op>
<heap-resize id="986" type="contract" space="default" amount="4194304" count="1" timems="0.194" reason="excess free space following gc" timestamp="2019-07-02T20:35:51.280" />
<gc-end id="987" type="partial gc" contextid="981" durationms="4.201" usertimems="4.000" systemtimems="4.000" timestamp="2019-07-02T20:35:51.281" activeThreads="4">
  <mem-info id="988" free="50331648" total="79691776" percent="63">
    <mem type="eden" free="1043448" total="1048576" percent="99" />
    <remembered-set count="40832" freebytes="3185152" totalbytes="3348480" percent="95" regionsoverflowed="0" regionsstable="2" regionsrebuilding="0"/>
  </mem-info>
</gc-end>
<cycle-end id="989" type="partial gc" contextid="981" timestamp="2019-07-02T20:35:51.281">
  <attribute name="GC Util" value="32" />
  <attribute name="CPU Util" value="41309562885423" />
  <attribute name="Time Running"value="9763"/>
  <attribute name="Number of cores"value="4"/>
</cycle-end>
<exclusive-end id="990" timestamp="2019-07-02T20:35:51.281" durationms="5.188" />

<exclusive-start id="991" timestamp="2019-07-02T20:35:51.407" intervalms="131.778">
  <response-info timems="0.062" idlems="0.062" threads="0" lastid="0000000001777700" lastname="main" />
</exclusive-start>
<allocation-taxation id="992" taxation-threshold="26214400" timestamp="2019-07-02T20:35:51.408" intervalms="131.821" />
<cycle-start id="993" type="partial gc" contextid="0" timestamp="2019-07-02T20:35:51.408" intervalms="131.820" />
  <attribute name="GC Util" value="32" />
  <attribute name="CPU Util" value="41309562885423" />
  <attribute name="Time Running"value="9763"/>
  <attribute name="Number of cores"value="4"/>
<gc-start id="994" type="partial gc" contextid="993" timestamp="2019-07-02T20:35:51.408">
  <mem-info id="995" free="24117248" total="79691776" percent="30">
    <mem type="eden" free="0" total="26214400" percent="0" />
    <remembered-set count="39808" freebytes="3189248" totalbytes="3348480" percent="95" regionsoverflowed="0" regionsstable="3" regionsrebuilding="0"/>
  </mem-info>
</gc-start>
<allocation-stats totalBytes="26210584" >
  <allocated-bytes non-tlh="0" tlh="26210584" arrayletleaf="0"/>
  <largest-consumer threadName="main" threadId="0000000001777700" bytes="26210584" />
</allocation-stats>
<gc-op id="996" type="copy forward" timems="3.009" contextid="993" timestamp="2019-07-02T20:35:51.412">
  <memory-copied type="eden" objects="236" bytes="7720" bytesdiscarded="1184" />
  <memory-copied type="other" objects="31823" bytes="917712" bytesdiscarded="34736" />
  <memory-cardclean objects="13171" bytes="811744" />
  <remembered-set-cleared processed="36371" cleared="5812" durationms="0.188" />
  <finalization candidates="8" enqueued="0" />
  <references type="soft" candidates="417" cleared="0" enqueued="0" dynamicThreshold="20" maxThreshold="32" />
  <references type="weak" candidates="799" cleared="0" enqueued="0" />
  <stringconstants candidates="13686" cleared="0"  />
</gc-op>
<gc-op id="997" type="classunload" timems="0.005" contextid="993" timestamp="2019-07-02T20:35:51.412">
  <classunload-info classloadercandidates="54" classloadersunloaded="0" classesunloaded="0" anonymousclassesunloaded="0" quiescems="0.000" setupms="0.005" scanms="0.000" postms="0.000" />
</gc-op>
<heap-resize id="998" type="contract" space="default" amount="4194304" count="1" timems="0.223" reason="excess free space following gc" timestamp="2019-07-02T20:35:51.413" />
<gc-end id="999" type="partial gc" contextid="993" durationms="4.720" usertimems="8.000" systemtimems="0.000" timestamp="2019-07-02T20:35:51.413" activeThreads="4">
  <mem-info id="1000" free="46137344" total="75497472" percent="61">
    <mem type="eden" free="1039624" total="1048576" percent="99" />
    <remembered-set count="40416" freebytes="3019392" totalbytes="3181056" percent="94" regionsoverflowed="0" regionsstable="3" regionsrebuilding="0"/>
  </mem-info>
</gc-end>
<cycle-end id="1001" type="partial gc" contextid="993" timestamp="2019-07-02T20:35:51.413">
  <attribute name="GC Util" value="30" />
  <attribute name="CPU Util" value="39677755447617" />
  <attribute name="Time Running"value="9895"/>
  <attribute name="Number of cores"value="4"/>
</cycle-end>
<exclusive-end id="1002" timestamp="2019-07-02T20:35:51.413" durationms="5.825" />

<exclusive-start id="1003" timestamp="2019-07-02T20:35:51.440" intervalms="33.002">
  <response-info timems="0.087" idlems="0.087" threads="0" lastid="0000000001777700" lastname="main" />
</exclusive-start>
<allocation-taxation id="1004" taxation-threshold="12582912" timestamp="2019-07-02T20:35:51.441" intervalms="32.978" />
<cycle-start id="1005" type="global mark phase" contextid="0" timestamp="2019-07-02T20:35:51.441" intervalms="492.639" />
  <attribute name="GC Util" value="30" />
  <attribute name="CPU Util" value="39677755447617" />
  <attribute name="Time Running"value="9895"/>
  <attribute name="Number of cores"value="4"/>
<gc-start id="1006" type="global mark phase" contextid="1005" timestamp="2019-07-02T20:35:51.441">
  <mem-info id="1007" free="33554432" total="75497472" percent="44">
    <remembered-set count="39616" freebytes="3022592" totalbytes="3181056" percent="95" regionsoverflowed="0" regionsstable="4" regionsrebuilding="0"/>
  </mem-info>
</gc-start>
<gc-op id="1008" type="mark increment" timems="0.795" contextid="1005" timestamp="2019-07-02T20:35:51.442">
  <trace-info objectcount="191" scancount="0" scanbytes="0" />
</gc-op>
<gc-end id="1009" type="global mark phase" contextid="1005" durationms="1.019" usertimems="0.000" systemtimems="0.000" timestamp="2019-07-02T20:35:51.442" activeThreads="4">
  <mem-info id="1010" free="33554432" total="75497472" percent="44">
    <remembered-set count="39616" freebytes="3022592" totalbytes="3181056" percent="95" regionsoverflowed="0" regionsstable="0" regionsrebuilding="4"/>
  </mem-info>
</gc-end>
<concurrent-start id="1011" type="GMP work packet processing" contextid="1005" timestamp="2019-07-02T20:35:51.442">
  <concurrent-mark-start scanTarget="2167343" />
</concurrent-start>
<exclusive-end id="1012" timestamp="2019-07-02T20:35:51.443" durationms="2.093" />

<concurrent-end id="1013" type="GMP work packet processing" contextid="1005" timestamp="2019-07-02T20:35:51.445">
  <concurrent-mark-end bytesScanned="2250704" reasonForTermination="Work target met" />
</concurrent-end>

<exclusive-start id="1014" timestamp="2019-07-02T20:35:51.465" intervalms="24.324">
  <response-info timems="0.073" idlems="0.073" threads="0" lastid="0000000001777700" lastname="main" />
</exclusive-start>
<allocation-taxation id="1015" taxation-threshold="12582912" timestamp="2019-07-02T20:35:51.465" intervalms="24.270" />
<cycle-start id="1016" type="partial gc" contextid="0" timestamp="2019-07-02T20:35:51.465" intervalms="57.257" />
  <attribute name="GC Util" value="138" />
  <attribute name="CPU Util" value="25813722163392" />
  <attribute name="Time Running"value="9928"/>
  <attribute name="Number of cores"value="4"/>
<gc-start id="1017" type="partial gc" contextid="1016" timestamp="2019-07-02T20:35:51.465">
  <mem-info id="1018" free="20971520" total="75497472" percent="27">
    <mem type="eden" free="0" total="25165824" percent="0" />
    <remembered-set count="41184" freebytes="3016320" totalbytes="3181056" percent="94" regionsoverflowed="0" regionsstable="0" regionsrebuilding="4"/>
  </mem-info>
</gc-start>
<allocation-stats totalBytes="25156400" >
  <allocated-bytes non-tlh="0" tlh="25156400" arrayletleaf="0"/>
  <largest-consumer threadName="main" threadId="0000000001777700" bytes="12575016" />
</allocation-stats>
<gc-op id="1019" type="copy forward" timems="2.673" contextid="1016" timestamp="2019-07-02T20:35:51.469">
  <memory-copied type="eden" objects="22" bytes="840" bytesdiscarded="0" />
  <memory-copied type="other" objects="27979" bytes="658512" bytesdiscarded="19232" />
  <memory-cardclean objects="9740" bytes="685408" />
  <remembered-set-cleared processed="37957" cleared="2296" durationms="0.204" />
  <references type="weak" candidates="37" cleared="7" enqueued="3" />
  <stringconstants candidates="13686" cleared="0"  />
</gc-op>
<gc-op id="1020" type="classunload" timems="0.004" contextid="1016" timestamp="2019-07-02T20:35:51.469">
  <classunload-info classloadercandidates="54" classloadersunloaded="0" classesunloaded="0" anonymousclassesunloaded="0" quiescems="0.000" setupms="0.004" scanms="0.000" postms="0.000" />
</gc-op>
<gc-end id="1021" type="partial gc" contextid="1016" durationms="3.966" usertimems="8.000" systemtimems="0.000" timestamp="2019-07-02T20:35:51.469" activeThreads="4">
  <mem-info id="1022" free="45088768" total="75497472" percent="59">
    <mem type="eden" free="1047736" total="1048576" percent="99" />
    <pending-finalizers system="0" default="0" reference="3" classloader="0" />
    <remembered-set count="40416" freebytes="2851968" totalbytes="3013632" percent="94" regionsoverflowed="0" regionsstable="0" regionsrebuilding="4"/>
  </mem-info>
</gc-end>
<cycle-end id="1023" type="partial gc" contextid="1016" timestamp="2019-07-02T20:35:51.469">
  <attribute name="GC Util" value="33" />
  <attribute name="CPU Util" value="46034802950056" />
  <attribute name="Time Running"value="9952"/>
  <attribute name="Number of cores"value="4"/>
</cycle-end>
<exclusive-end id="1024" timestamp="2019-07-02T20:35:51.470" durationms="4.882" />

<exclusive-start id="1025" timestamp="2019-07-02T20:35:51.485" intervalms="20.411">
  <response-info timems="0.055" idlems="0.055" threads="0" lastid="0000000001777700" lastname="main" />
</exclusive-start>
<allocation-taxation id="1026" taxation-threshold="12582912" timestamp="2019-07-02T20:35:51.485" intervalms="20.435" />
<gc-start id="1027" type="global mark phase" contextid="1005" timestamp="2019-07-02T20:35:51.486">
  <mem-info id="1028" free="32505856" total="75497472" percent="43">
    <remembered-set count="39776" freebytes="2854528" totalbytes="3013632" percent="94" regionsoverflowed="0" regionsstable="1" regionsrebuilding="4"/>
  </mem-info>
</gc-start>
<gc-end id="1029" type="global mark phase" contextid="1005" durationms="0.162" usertimems="0.000" systemtimems="0.000" timestamp="2019-07-02T20:35:51.486" activeThreads="4">
  <mem-info id="1030" free="32505856" total="75497472" percent="43">
    <remembered-set count="39776" freebytes="2854528" totalbytes="3013632" percent="94" regionsoverflowed="0" regionsstable="1" regionsrebuilding="4"/>
  </mem-info>
</gc-end>
<concurrent-start id="1031" type="GMP work packet processing" contextid="1005" timestamp="2019-07-02T20:35:51.486">
  <concurrent-mark-start scanTarget="2167343" />
</concurrent-start>
<exclusive-end id="1032" timestamp="2019-07-02T20:35:51.486" durationms="0.834" />

<concurrent-end id="1033" type="GMP work packet processing" contextid="1005" timestamp="2019-07-02T20:35:51.487">
  <concurrent-mark-end bytesScanned="2212908" reasonForTermination="Work target met" />
</concurrent-end>

<exclusive-start id="1034" timestamp="2019-07-02T20:35:51.501" intervalms="15.655">
  <response-info timems="0.073" idlems="0.073" threads="0" lastid="0000000001777700" lastname="main" />
</exclusive-start>
<allocation-taxation id="1035" taxation-threshold="12582912" timestamp="2019-07-02T20:35:51.501" intervalms="15.659" />
<cycle-start id="1036" type="partial gc" contextid="0" timestamp="2019-07-02T20:35:51.501" intervalms="36.126" />
  <attribute name="GC Util" value="35" />
  <attribute name="CPU Util" value="935957819556" />
  <attribute name="Time Running"value="9971"/>
  <attribute name="Number of cores"value="4"/>
<gc-start id="1037" type="partial gc" contextid="1036" timestamp="2019-07-02T20:35:51.501">
  <mem-info id="1038" free="19922944" total="75497472" percent="26">
    <mem type="eden" free="0" total="25165824" percent="0" />
    <remembered-set count="40800" freebytes="2850432" totalbytes="3013632" percent="94" regionsoverflowed="0" regionsstable="1" regionsrebuilding="4"/>
  </mem-info>
</gc-start>
<allocation-stats totalBytes="25152464" >
  <allocated-bytes non-tlh="0" tlh="25152464" arrayletleaf="0"/>
  <largest-consumer threadName="main" threadId="0000000001777700" bytes="12576616" />
</allocation-stats>
<gc-op id="1039" type="copy forward" timems="2.543" contextid="1036" timestamp="2019-07-02T20:35:51.505">
  <memory-copied type="eden" objects="6" bytes="888" bytesdiscarded="0" />
  <memory-copied type="other" objects="31433" bytes="690360" bytesdiscarded="19296" />
  <memory-cardclean objects="6016" bytes="293664" />
  <remembered-set-cleared processed="38547" cleared="1947" durationms="0.187" />
  <references type="soft" candidates="404" cleared="0" enqueued="0" dynamicThreshold="13" maxThreshold="32" />
  <references type="weak" candidates="4" cleared="0" enqueued="0" />
  <stringconstants candidates="13686" cleared="0"  />
</gc-op>
<gc-op id="1040" type="classunload" timems="0.004" contextid="1036" timestamp="2019-07-02T20:35:51.505">
  <classunload-info classloadercandidates="54" classloadersunloaded="0" classesunloaded="0" anonymousclassesunloaded="0" quiescems="0.000" setupms="0.003" scanms="0.000" postms="0.000" />
</gc-op>
<gc-end id="1041" type="partial gc" contextid="1036" durationms="3.604" usertimems="4.000" systemtimems="0.000" timestamp="2019-07-02T20:35:51.505" activeThreads="4">
  <mem-info id="1042" free="44040192" total="75497472" percent="58">
    <mem type="eden" free="1047688" total="1048576" percent="99" />
    <remembered-set count="41472" freebytes="2847744" totalbytes="3013632" percent="94" regionsoverflowed="0" regionsstable="1" regionsrebuilding="4"/>
  </mem-info>
</gc-end>
<cycle-end id="1043" type="partial gc" contextid="1036" timestamp="2019-07-02T20:35:51.505">
  <attribute name="GC Util" value="63" />
  <attribute name="CPU Util" value="80843657116548" />
  <attribute name="Time Running"value="9988"/>
  <attribute name="Number of cores"value="4"/>
</cycle-end>
<exclusive-end id="1044" timestamp="2019-07-02T20:35:51.505" durationms="4.668" />

<exclusive-start id="1045" timestamp="2019-07-02T20:35:51.518" intervalms="17.488">
  <response-info timems="0.083" idlems="0.083" threads="0" lastid="0000000001777700" lastname="main" />
</exclusive-start>
<allocation-taxation id="1046" taxation-threshold="12582912" timestamp="2019-07-02T20:35:51.518" intervalms="17.456" />
<gc-start id="1047" type="global mark phase" contextid="1005" timestamp="2019-07-02T20:35:51.519">
  <mem-info id="1048" free="31457280" total="75497472" percent="41">
    <remembered-set count="40576" freebytes="2851328" totalbytes="3013632" percent="94" regionsoverflowed="0" regionsstable="2" regionsrebuilding="4"/>
  </mem-info>
</gc-start>
<gc-end id="1049" type="global mark phase" contextid="1005" durationms="0.207" usertimems="0.000" systemtimems="0.000" timestamp="2019-07-02T20:35:51.519" activeThreads="4">
  <mem-info id="1050" free="31457280" total="75497472" percent="41">
    <remembered-set count="40576" freebytes="2851328" totalbytes="3013632" percent="94" regionsoverflowed="0" regionsstable="2" regionsrebuilding="4"/>
  </mem-info>
</gc-end>
<concurrent-start id="1051" type="GMP work packet processing" contextid="1005" timestamp="2019-07-02T20:35:51.519">
  <concurrent-mark-start scanTarget="2167343" />
</concurrent-start>
<exclusive-end id="1052" timestamp="2019-07-02T20:35:51.519" durationms="0.897" />

<concurrent-end id="1053" type="GMP work packet processing" contextid="1005" timestamp="2019-07-02T20:35:51.521">
  <concurrent-mark-end bytesScanned="2199280" reasonForTermination="Work target met" />
</concurrent-end>

<exclusive-start id="1054" timestamp="2019-07-02T20:35:51.534" intervalms="15.409">
  <response-info timems="0.567" idlems="0.567" threads="0" lastid="0000000001777700" lastname="main" />
</exclusive-start>
<allocation-taxation id="1055" taxation-threshold="12582912" timestamp="2019-07-02T20:35:51.534" intervalms="15.432" />
<cycle-start id="1056" type="partial gc" contextid="0" timestamp="2019-07-02T20:35:51.534" intervalms="32.873" />
  <attribute name="GC Util" value="37" />
  <attribute name="CPU Util" value="1091499158238" />
  <attribute name="Time Running"value="10005"/>
  <attribute name="Number of cores"value="4"/>
<gc-start id="1057" type="partial gc" contextid="1056" timestamp="2019-07-02T20:35:51.534">
  <mem-info id="1058" free="18874368" total="75497472" percent="25">
    <mem type="eden" free="0" total="25165824" percent="0" />
    <remembered-set count="43104" freebytes="2841216" totalbytes="3013632" percent="94" regionsoverflowed="0" regionsstable="2" regionsrebuilding="4"/>
  </mem-info>
</gc-start>
<allocation-stats totalBytes="25152616" >
  <allocated-bytes non-tlh="0" tlh="25152616" arrayletleaf="0"/>
  <largest-consumer threadName="main" threadId="0000000001777700" bytes="12576648" />
</allocation-stats>
<gc-op id="1059" type="copy forward" timems="3.537" contextid="1056" timestamp="2019-07-02T20:35:51.539">
  <memory-copied type="eden" objects="8" bytes="192" bytesdiscarded="0" />
  <memory-copied type="other" objects="40689" bytes="996280" bytesdiscarded="41160" />
  <memory-cardclean objects="10428" bytes="520552" />
  <remembered-set-cleared processed="40114" cleared="3378" durationms="0.190" />
  <references type="weak" candidates="6" cleared="0" enqueued="0" />
  <stringconstants candidates="13686" cleared="0"  />
</gc-op>
<gc-op id="1060" type="classunload" timems="0.004" contextid="1056" timestamp="2019-07-02T20:35:51.539">
  <classunload-info classloadercandidates="54" classloadersunloaded="0" classesunloaded="0" anonymousclassesunloaded="0" quiescems="0.000" setupms="0.003" scanms="0.000" postms="0.000" />
</gc-op>
<gc-end id="1061" type="partial gc" contextid="1056" durationms="4.733" usertimems="8.000" systemtimems="0.000" timestamp="2019-07-02T20:35:51.539" activeThreads="4">
  <mem-info id="1062" free="42991616" total="75497472" percent="56">
    <mem type="eden" free="1048384" total="1048576" percent="99" />
    <remembered-set count="44224" freebytes="2836736" totalbytes="3013632" percent="94" regionsoverflowed="0" regionsstable="2" regionsrebuilding="4"/>
  </mem-info>
</gc-end>
<cycle-end id="1063" type="partial gc" contextid="1056" timestamp="2019-07-02T20:35:51.539">
  <attribute name="GC Util" value="164" />
  <attribute name="CPU Util" value="54773707520899" />
  <attribute name="Time Running"value="10021"/>
  <attribute name="Number of cores"value="4"/>
</cycle-end>
<exclusive-end id="1064" timestamp="2019-07-02T20:35:51.539" durationms="5.759" />

<exclusive-start id="1065" timestamp="2019-07-02T20:35:51.552" intervalms="18.584">
  <response-info timems="0.081" idlems="0.081" threads="0" lastid="0000000001777700" lastname="main" />
</exclusive-start>
<allocation-taxation id="1066" taxation-threshold="12582912" timestamp="2019-07-02T20:35:51.552" intervalms="18.587" />
<gc-start id="1067" type="global mark phase" contextid="1005" timestamp="2019-07-02T20:35:51.553">
  <mem-info id="1068" free="30408704" total="75497472" percent="40">
    <remembered-set count="42560" freebytes="2843392" totalbytes="3013632" percent="94" regionsoverflowed="0" regionsstable="4" regionsrebuilding="4"/>
  </mem-info>
</gc-start>
<gc-end id="1069" type="global mark phase" contextid="1005" durationms="0.155" usertimems="4.000" systemtimems="0.000" timestamp="2019-07-02T20:35:51.553" activeThreads="4">
  <mem-info id="1070" free="30408704" total="75497472" percent="40">
    <remembered-set count="42560" freebytes="2843392" totalbytes="3013632" percent="94" regionsoverflowed="0" regionsstable="4" regionsrebuilding="4"/>
  </mem-info>
</gc-end>
<concurrent-start id="1071" type="GMP work packet processing" contextid="1005" timestamp="2019-07-02T20:35:51.553">
  <concurrent-mark-start scanTarget="2167343" />
</concurrent-start>
<exclusive-end id="1072" timestamp="2019-07-02T20:35:51.553" durationms="0.865" />

<concurrent-end id="1073" type="GMP work packet processing" contextid="1005" timestamp="2019-07-02T20:35:51.554">
  <concurrent-mark-end bytesScanned="2199720" reasonForTermination="Work target met" />
</concurrent-end>

<exclusive-start id="1074" timestamp="2019-07-02T20:35:51.567" intervalms="14.782">
  <response-info timems="0.073" idlems="0.073" threads="0" lastid="0000000001777700" lastname="main" />
</exclusive-start>
<allocation-taxation id="1075" taxation-threshold="12582912" timestamp="2019-07-02T20:35:51.567" intervalms="14.768" />
<cycle-start id="1076" type="partial gc" contextid="0" timestamp="2019-07-02T20:35:51.567" intervalms="33.345" />
  <attribute name="GC Util" value="50" />
  <attribute name="CPU Util" value="1029143629521" />
  <attribute name="Time Running"value="10039"/>
  <attribute name="Number of cores"value="4"/>
<gc-start id="1077" type="partial gc" contextid="1076" timestamp="2019-07-02T20:35:51.568">
  <mem-info id="1078" free="17825792" total="75497472" percent="23">
    <mem type="eden" free="1048384" total="26214400" percent="3" />
    <remembered-set count="42720" freebytes="2842752" totalbytes="3013632" percent="94" regionsoverflowed="0" regionsstable="4" regionsrebuilding="4"/>
  </mem-info>
</gc-start>
<allocation-stats totalBytes="25152536" >
  <allocated-bytes non-tlh="0" tlh="25152536" arrayletleaf="0"/>
  <largest-consumer threadName="main" threadId="0000000001777700" bytes="12576808" />
</allocation-stats>
<gc-op id="1079" type="copy forward" timems="3.353" contextid="1076" timestamp="2019-07-02T20:35:51.572">
  <memory-copied type="eden" objects="5" bytes="208" bytesdiscarded="0" />
  <memory-copied type="other" objects="35493" bytes="992408" bytesdiscarded="23120" />
  <memory-cardclean objects="4566" bytes="117056" />
  <remembered-set-cleared processed="39603" cleared="2568" durationms="0.175" />
  <references type="soft" candidates="2139" cleared="0" enqueued="0" dynamicThreshold="12" maxThreshold="32" />
  <references type="weak" candidates="74" cleared="0" enqueued="0" />
  <stringconstants candidates="13686" cleared="0"  />
</gc-op>
<gc-op id="1080" type="classunload" timems="0.004" contextid="1076" timestamp="2019-07-02T20:35:51.572">
  <classunload-info classloadercandidates="54" classloadersunloaded="0" classesunloaded="0" anonymousclassesunloaded="0" quiescems="0.000" setupms="0.004" scanms="0.000" postms="0.000" />
</gc-op>
<heap-resize id="1081" type="expand" space="default" amount="6291456" count="1" timems="0.071" reason="excessive time being spent in gc" timestamp="2019-07-02T20:35:51.572" />
<gc-end id="1082" type="partial gc" contextid="1076" durationms="4.766" usertimems="8.000" systemtimems="0.000" timestamp="2019-07-02T20:35:51.572" activeThreads="4">
  <mem-info id="1083" free="49283072" total="81788928" percent="60">
    <mem type="eden" free="1048368" total="1048576" percent="99" />
    <remembered-set count="42848" freebytes="3093376" totalbytes="3264768" percent="94" regionsoverflowed="0" regionsstable="4" regionsrebuilding="4"/>
  </mem-info>
</gc-end>
<cycle-end id="1084" type="partial gc" contextid="1076" timestamp="2019-07-02T20:35:51.573">
  <attribute name="GC Util" value="161" />
  <attribute name="CPU Util" value="53140736874910" />
  <attribute name="Time Running"value="10054"/>
  <attribute name="Number of cores"value="4"/>
</cycle-end>
<exclusive-end id="1085" timestamp="2019-07-02T20:35:51.573" durationms="5.802" />

<exclusive-start id="1086" timestamp="2019-07-02T20:35:51.587" intervalms="19.677">
  <response-info timems="0.086" idlems="0.086" threads="0" lastid="0000000001777700" lastname="main" />
</exclusive-start>
<allocation-taxation id="1087" taxation-threshold="13631488" timestamp="2019-07-02T20:35:51.587" intervalms="19.663" />
<gc-start id="1088" type="global mark phase" contextid="1005" timestamp="2019-07-02T20:35:51.587">
  <mem-info id="1089" free="35651584" total="81788928" percent="43">
    <remembered-set count="41600" freebytes="3098368" totalbytes="3264768" percent="94" regionsoverflowed="0" regionsstable="5" regionsrebuilding="4"/>
  </mem-info>
</gc-start>
<gc-end id="1090" type="global mark phase" contextid="1005" durationms="0.219" usertimems="0.000" systemtimems="0.000" timestamp="2019-07-02T20:35:51.587" activeThreads="4">
  <mem-info id="1091" free="35651584" total="81788928" percent="43">
    <remembered-set count="41600" freebytes="3098368" totalbytes="3264768" percent="94" regionsoverflowed="0" regionsstable="5" regionsrebuilding="4"/>
  </mem-info>
</gc-end>
<concurrent-start id="1092" type="GMP work packet processing" contextid="1005" timestamp="2019-07-02T20:35:51.588">
  <concurrent-mark-start scanTarget="2167343" />
</concurrent-start>
<concurrent-end id="1093" type="GMP work packet processing" contextid="1005" timestamp="2019-07-02T20:35:51.589">
  <concurrent-mark-end bytesScanned="2213920" reasonForTermination="Work target met" />
</concurrent-end>

<exclusive-end id="1094" timestamp="2019-07-02T20:35:51.589" durationms="2.345" />

<exclusive-start id="1095" timestamp="2019-07-02T20:35:51.603" intervalms="16.299">
  <response-info timems="0.077" idlems="0.077" threads="0" lastid="0000000001777700" lastname="main" />
</exclusive-start>
<allocation-taxation id="1096" taxation-threshold="13631488" timestamp="2019-07-02T20:35:51.603" intervalms="16.323" />
<cycle-start id="1097" type="partial gc" contextid="0" timestamp="2019-07-02T20:35:51.603" intervalms="36.001" />
  <attribute name="GC Util" value="44" />
  <attribute name="CPU Util" value="965897839951" />
  <attribute name="Time Running"value="10073"/>
  <attribute name="Number of cores"value="4"/>
<gc-start id="1098" type="partial gc" contextid="1097" timestamp="2019-07-02T20:35:51.604">
  <mem-info id="1099" free="22020096" total="81788928" percent="26">
    <mem type="eden" free="1048368" total="28311552" percent="3" />
    <remembered-set count="49280" freebytes="3067648" totalbytes="3264768" percent="93" regionsoverflowed="0" regionsstable="5" regionsrebuilding="4"/>
  </mem-info>
</gc-start>
<allocation-stats totalBytes="27248456" >
  <allocated-bytes non-tlh="0" tlh="27248456" arrayletleaf="0"/>
  <largest-consumer threadName="main" threadId="0000000001777700" bytes="13624744" />
</allocation-stats>
<gc-op id="1100" type="copy forward" timems="1.813" contextid="1097" timestamp="2019-07-02T20:35:51.606">
  <memory-copied type="eden" objects="8" bytes="640" bytesdiscarded="0" />
  <memory-copied type="other" objects="0" bytes="0" bytesdiscarded="0" />
  <memory-cardclean objects="16" bytes="528" />
  <remembered-set-cleared processed="47227" cleared="7" durationms="0.181" />
  <stringconstants candidates="13686" cleared="0"  />
</gc-op>
<gc-op id="1101" type="classunload" timems="0.004" contextid="1097" timestamp="2019-07-02T20:35:51.606">
  <classunload-info classloadercandidates="54" classloadersunloaded="0" classesunloaded="0" anonymousclassesunloaded="0" quiescems="0.000" setupms="0.004" scanms="0.000" postms="0.000" />
</gc-op>
<gc-end id="1102" type="partial gc" contextid="1097" durationms="2.912" usertimems="4.000" systemtimems="0.000" timestamp="2019-07-02T20:35:51.607" activeThreads="4">
  <mem-info id="1103" free="49283072" total="81788928" percent="60">
    <mem type="eden" free="1047936" total="1048576" percent="99" />
    <remembered-set count="49088" freebytes="3068416" totalbytes="3264768" percent="93" regionsoverflowed="0" regionsstable="5" regionsrebuilding="4"/>
  </mem-info>
</gc-end>
<cycle-end id="1104" type="partial gc" contextid="1097" timestamp="2019-07-02T20:35:51.607">
  <attribute name="GC Util" value="61" />
  <attribute name="CPU Util" value="80159669701820" />
  <attribute name="Time Running"value="10090"/>
  <attribute name="Number of cores"value="4"/>
</cycle-end>
<exclusive-end id="1105" timestamp="2019-07-02T20:35:51.607" durationms="3.943" />

<exclusive-start id="1106" timestamp="2019-07-02T20:35:51.623" intervalms="20.020">
  <response-info timems="0.078" idlems="0.078" threads="0" lastid="0000000001777700" lastname="main" />
</exclusive-start>
<allocation-taxation id="1107" taxation-threshold="13631488" timestamp="2019-07-02T20:35:51.623" intervalms="20.028" />
<gc-start id="1108" type="global mark phase" contextid="1005" timestamp="2019-07-02T20:35:51.623">
  <mem-info id="1109" free="35651584" total="81788928" percent="43">
    <remembered-set count="48032" freebytes="3072640" totalbytes="3264768" percent="94" regionsoverflowed="0" regionsstable="6" regionsrebuilding="4"/>
  </mem-info>
</gc-start>
<gc-end id="1110" type="global mark phase" contextid="1005" durationms="0.198" usertimems="0.000" systemtimems="0.000" timestamp="2019-07-02T20:35:51.624" activeThreads="4">
  <mem-info id="1111" free="35651584" total="81788928" percent="43">
    <remembered-set count="48032" freebytes="3072640" totalbytes="3264768" percent="94" regionsoverflowed="0" regionsstable="6" regionsrebuilding="4"/>
  </mem-info>
</gc-end>
<concurrent-start id="1112" type="GMP work packet processing" contextid="1005" timestamp="2019-07-02T20:35:51.624">
  <concurrent-mark-start scanTarget="2167343" />
</concurrent-start>
<exclusive-end id="1113" timestamp="2019-07-02T20:35:51.624" durationms="0.899" />

<concurrent-end id="1114" type="GMP work packet processing" contextid="1005" timestamp="2019-07-02T20:35:51.626">
  <concurrent-mark-end bytesScanned="2193524" reasonForTermination="Work target met" />
</concurrent-end>

<exclusive-start id="1115" timestamp="2019-07-02T20:35:51.645" intervalms="21.461">
  <response-info timems="0.099" idlems="0.099" threads="0" lastid="0000000001777700" lastname="main" />
</exclusive-start>
<allocation-taxation id="1116" taxation-threshold="13631488" timestamp="2019-07-02T20:35:51.645" intervalms="21.489" />
<cycle-start id="1117" type="partial gc" contextid="0" timestamp="2019-07-02T20:35:51.645" intervalms="41.475" />
  <attribute name="GC Util" value="23" />
  <attribute name="CPU Util" value="947357770936" />
  <attribute name="Time Running"value="10109"/>
  <attribute name="Number of cores"value="4"/>
<gc-start id="1118" type="partial gc" contextid="1117" timestamp="2019-07-02T20:35:51.645">
  <mem-info id="1119" free="22020096" total="81788928" percent="26">
    <mem type="eden" free="1047936" total="28311552" percent="3" />
    <remembered-set count="54272" freebytes="3047680" totalbytes="3264768" percent="93" regionsoverflowed="0" regionsstable="6" regionsrebuilding="4"/>
  </mem-info>
</gc-start>
<allocation-stats totalBytes="27243344" >
  <allocated-bytes non-tlh="0" tlh="27243344" arrayletleaf="0"/>
  <largest-consumer threadName="main" threadId="0000000001777700" bytes="13619496" />
</allocation-stats>
<gc-op id="1120" type="copy forward" timems="1.705" contextid="1117" timestamp="2019-07-02T20:35:51.648">
  <memory-copied type="eden" objects="28" bytes="1176" bytesdiscarded="320" />
  <memory-copied type="other" objects="0" bytes="0" bytesdiscarded="0" />
  <memory-cardclean objects="80" bytes="2384" />
  <remembered-set-cleared processed="52763" cleared="24" durationms="0.208" />
  <stringconstants candidates="13686" cleared="0"  />
</gc-op>
<gc-op id="1121" type="classunload" timems="0.004" contextid="1117" timestamp="2019-07-02T20:35:51.648">
  <classunload-info classloadercandidates="54" classloadersunloaded="0" classesunloaded="0" anonymousclassesunloaded="0" quiescems="0.000" setupms="0.004" scanms="0.000" postms="0.000" />
</gc-op>
<gc-end id="1122" type="partial gc" contextid="1117" durationms="2.797" usertimems="4.000" systemtimems="0.000" timestamp="2019-07-02T20:35:51.648" activeThreads="4">
  <mem-info id="1123" free="49283072" total="81788928" percent="60">
    <mem type="eden" free="1047080" total="1048576" percent="99" />
    <remembered-set count="55104" freebytes="3044352" totalbytes="3264768" percent="93" regionsoverflowed="0" regionsstable="6" regionsrebuilding="4"/>
  </mem-info>
</gc-end>
<cycle-end id="1124" type="partial gc" contextid="1117" timestamp="2019-07-02T20:35:51.648">
  <attribute name="GC Util" value="65" />
  <attribute name="CPU Util" value="77502443078836" />
  <attribute name="Time Running"value="10131"/>
  <attribute name="Number of cores"value="4"/>
</cycle-end>
<exclusive-end id="1125" timestamp="2019-07-02T20:35:51.648" durationms="3.908" />

<exclusive-start id="1126" timestamp="2019-07-02T20:35:51.662" intervalms="17.600">
  <response-info timems="0.089" idlems="0.089" threads="0" lastid="0000000001777700" lastname="main" />
</exclusive-start>
<allocation-taxation id="1127" taxation-threshold="13631488" timestamp="2019-07-02T20:35:51.662" intervalms="17.525" />
<gc-start id="1128" type="global mark phase" contextid="1005" timestamp="2019-07-02T20:35:51.662">
  <mem-info id="1129" free="35651584" total="81788928" percent="43">
    <remembered-set count="54624" freebytes="3046272" totalbytes="3264768" percent="93" regionsoverflowed="0" regionsstable="6" regionsrebuilding="4"/>
  </mem-info>
</gc-start>
<gc-end id="1130" type="global mark phase" contextid="1005" durationms="0.207" usertimems="0.000" systemtimems="0.000" timestamp="2019-07-02T20:35:51.663" activeThreads="4">
  <mem-info id="1131" free="35651584" total="81788928" percent="43">
    <remembered-set count="54624" freebytes="3046272" totalbytes="3264768" percent="93" regionsoverflowed="0" regionsstable="6" regionsrebuilding="4"/>
  </mem-info>
</gc-end>
<concurrent-start id="1132" type="GMP work packet processing" contextid="1005" timestamp="2019-07-02T20:35:51.663">
  <concurrent-mark-start scanTarget="2167343" />
</concurrent-start>
<exclusive-end id="1133" timestamp="2019-07-02T20:35:51.663" durationms="0.866" />

<concurrent-end id="1134" type="GMP work packet processing" contextid="1005" timestamp="2019-07-02T20:35:51.663">
  <concurrent-mark-end bytesScanned="292944" reasonForTermination="Completed all work in GC phase" />
</concurrent-end>

<exclusive-start id="1135" timestamp="2019-07-02T20:35:51.689" intervalms="26.879">
  <response-info timems="0.076" idlems="0.076" threads="0" lastid="0000000001777700" lastname="main" />
</exclusive-start>
<allocation-taxation id="1136" taxation-threshold="13631488" timestamp="2019-07-02T20:35:51.689" intervalms="26.909" />
<cycle-start id="1137" type="partial gc" contextid="0" timestamp="2019-07-02T20:35:51.689" intervalms="44.476" />
  <attribute name="GC Util" value="22" />
  <attribute name="CPU Util" value="1084881463279" />
  <attribute name="Time Running"value="10148"/>
  <attribute name="Number of cores"value="4"/>
<gc-start id="1138" type="partial gc" contextid="1137" timestamp="2019-07-02T20:35:51.690">
  <mem-info id="1139" free="22020096" total="81788928" percent="26">
    <mem type="eden" free="0" total="27262976" percent="0" />
    <remembered-set count="55168" freebytes="3044096" totalbytes="3264768" percent="93" regionsoverflowed="0" regionsstable="6" regionsrebuilding="4"/>
  </mem-info>
</gc-start>
<allocation-stats totalBytes="27242072" >
  <allocated-bytes non-tlh="0" tlh="27242072" arrayletleaf="0"/>
  <largest-consumer threadName="main" threadId="0000000001777700" bytes="13622888" />
</allocation-stats>
<gc-op id="1140" type="copy forward" timems="2.218" contextid="1137" timestamp="2019-07-02T20:35:51.693">
  <memory-copied type="eden" objects="46" bytes="1912" bytesdiscarded="0" />
  <memory-copied type="other" objects="12" bytes="560" bytesdiscarded="320" />
  <memory-cardclean objects="82" bytes="2992" />
  <remembered-set-cleared processed="52841" cleared="52" durationms="0.202" />
  <stringconstants candidates="13686" cleared="0"  />
</gc-op>
<gc-op id="1141" type="classunload" timems="0.004" contextid="1137" timestamp="2019-07-02T20:35:51.693">
  <classunload-info classloadercandidates="54" classloadersunloaded="0" classesunloaded="0" anonymousclassesunloaded="0" quiescems="0.000" setupms="0.003" scanms="0.000" postms="0.000" />
</gc-op>
<gc-end id="1142" type="partial gc" contextid="1137" durationms="3.469" usertimems="4.000" systemtimems="0.000" timestamp="2019-07-02T20:35:51.693" activeThreads="4">
  <mem-info id="1143" free="48234496" total="81788928" percent="58">
    <mem type="eden" free="1046664" total="1048576" percent="99" />
    <remembered-set count="55104" freebytes="3044352" totalbytes="3264768" percent="93" regionsoverflowed="0" regionsstable="6" regionsrebuilding="4"/>
  </mem-info>
</gc-end>
<cycle-end id="1144" type="partial gc" contextid="1137" timestamp="2019-07-02T20:35:51.693">
  <attribute name="GC Util" value="155" />
  <attribute name="CPU Util" value="55182025100850" />
  <attribute name="Time Running"value="10176"/>
  <attribute name="Number of cores"value="4"/>
</cycle-end>
<exclusive-end id="1145" timestamp="2019-07-02T20:35:51.693" durationms="4.474" />

<exclusive-start id="1146" timestamp="2019-07-02T20:35:51.730" intervalms="40.589">
  <response-info timems="0.056" idlems="0.056" threads="0" lastid="0000000001777700" lastname="main" />
</exclusive-start>
<allocation-taxation id="1147" taxation-threshold="13631488" timestamp="2019-07-02T20:35:51.730" intervalms="40.561" />
<gc-start id="1148" type="global mark phase" contextid="1005" timestamp="2019-07-02T20:35:51.730">
  <mem-info id="1149" free="34603008" total="81788928" percent="42">
    <remembered-set count="55104" freebytes="3044352" totalbytes="3264768" percent="93" regionsoverflowed="0" regionsstable="6" regionsrebuilding="4"/>
  </mem-info>
</gc-start>
<gc-op id="1150" type="mark increment" timems="2.479" contextid="1005" timestamp="2019-07-02T20:35:51.732">
  <trace-info objectcount="56" scancount="56" scanbytes="346292" />
  <cardclean-info objects="34574" bytes="912484" />
  <finalization candidates="80" enqueued="0" />
  <ownableSynchronizers candidates="21" cleared="0" />
  <references type="soft" candidates="4604" cleared="0" enqueued="0" dynamicThreshold="18" maxThreshold="32" />
  <references type="weak" candidates="5547" cleared="0" enqueued="0" />
  <references type="phantom" candidates="102" cleared="1" enqueued="1" />
  <stringconstants candidates="13686" cleared="0"  />
</gc-op>
<gc-op id="1151" type="classunload" timems="0.005" contextid="1005" timestamp="2019-07-02T20:35:51.733">
  <classunload-info classloadercandidates="54" classloadersunloaded="0" classesunloaded="0" anonymousclassesunloaded="0" quiescems="0.000" setupms="0.005" scanms="0.000" postms="0.000" />
</gc-op>
<gc-end id="1152" type="global mark phase" contextid="1005" durationms="2.849" usertimems="4.000" systemtimems="0.000" timestamp="2019-07-02T20:35:51.733" activeThreads="4">
  <mem-info id="1153" free="34603008" total="81788928" percent="42">
    <pending-finalizers system="0" default="0" reference="1" classloader="0" />
    <remembered-set count="55616" freebytes="3042304" totalbytes="3264768" percent="93" regionsoverflowed="0" regionsstable="6" regionsrebuilding="0"/>
  </mem-info>
</gc-end>
<cycle-end id="1154" type="global mark phase" contextid="1005" timestamp="2019-07-02T20:35:51.733">
  <attribute name="GC Util" value="166" />
  <attribute name="CPU Util" value="45570807766253" />
  <attribute name="Time Running"value="10217"/>
  <attribute name="Number of cores"value="4"/>
</cycle-end>
<exclusive-end id="1155" timestamp="2019-07-02T20:35:51.733" durationms="3.411" />

<exclusive-start id="1156" timestamp="2019-07-02T20:35:51.765" intervalms="35.719">
  <response-info timems="0.060" idlems="0.060" threads="0" lastid="0000000001777700" lastname="main" />
</exclusive-start>
<allocation-taxation id="1157" taxation-threshold="13631488" timestamp="2019-07-02T20:35:51.765" intervalms="35.717" />
<cycle-start id="1158" type="partial gc" contextid="0" timestamp="2019-07-02T20:35:51.766" intervalms="76.210" />
  <attribute name="GC Util" value="166" />
  <attribute name="CPU Util" value="45570807766253" />
  <attribute name="Time Running"value="10217"/>
  <attribute name="Number of cores"value="4"/>
<gc-start id="1159" type="partial gc" contextid="1158" timestamp="2019-07-02T20:35:51.766">
  <mem-info id="1160" free="20971520" total="81788928" percent="25">
    <mem type="eden" free="0" total="27262976" percent="0" />
    <remembered-set count="52672" freebytes="3054080" totalbytes="3264768" percent="93" regionsoverflowed="0" regionsstable="9" regionsrebuilding="0"/>
  </mem-info>
</gc-start>
<allocation-stats totalBytes="27256752" >
  <allocated-bytes non-tlh="0" tlh="27256752" arrayletleaf="0"/>
  <largest-consumer threadName="main" threadId="0000000001777700" bytes="13628616" />
</allocation-stats>
<gc-op id="1161" type="sweep" timems="0.969" contextid="1158" timestamp="2019-07-02T20:35:51.767" />
<gc-op id="1162" type="copy forward" timems="1.731" contextid="1158" timestamp="2019-07-02T20:35:51.770">
  <memory-copied type="eden" objects="20" bytes="904" bytesdiscarded="0" />
  <memory-copied type="other" objects="25" bytes="744" bytesdiscarded="0" />
  <memory-cardclean objects="78" bytes="3352" />
  <remembered-set-cleared processed="50962" cleared="54" durationms="0.201" />
  <stringconstants candidates="13686" cleared="0"  />
</gc-op>
<gc-op id="1163" type="classunload" timems="0.003" contextid="1158" timestamp="2019-07-02T20:35:51.770">
  <classunload-info classloadercandidates="54" classloadersunloaded="0" classesunloaded="0" anonymousclassesunloaded="0" quiescems="0.000" setupms="0.003" scanms="0.000" postms="0.000" />
</gc-op>
<gc-end id="1164" type="partial gc" contextid="1158" durationms="4.315" usertimems="8.000" systemtimems="0.000" timestamp="2019-07-02T20:35:51.770" activeThreads="4">
  <mem-info id="1165" free="47185920" total="81788928" percent="57">
    <mem type="eden" free="1047672" total="1048576" percent="99" />
    <remembered-set count="53536" freebytes="3050624" totalbytes="3264768" percent="93" regionsoverflowed="0" regionsstable="9" regionsrebuilding="0"/>
  </mem-info>
</gc-end>
<cycle-end id="1166" type="partial gc" contextid="1158" timestamp="2019-07-02T20:35:51.770">
  <attribute name="GC Util" value="169" />
  <attribute name="CPU Util" value="56022643786929" />
  <attribute name="Time Running"value="10254"/>
  <attribute name="Number of cores"value="4"/>
</cycle-end>
<exclusive-end id="1167" timestamp="2019-07-02T20:35:51.771" durationms="5.317" />

<exclusive-start id="1168" timestamp="2019-07-02T20:35:52.408" intervalms="642.967">
  <response-info timems="0.083" idlems="0.083" threads="0" lastid="0000000001777700" lastname="main" />
</exclusive-start>
<allocation-taxation id="1169" taxation-threshold="27262976" timestamp="2019-07-02T20:35:52.408" intervalms="643.035" />
<cycle-start id="1170" type="partial gc" contextid="0" timestamp="2019-07-02T20:35:52.409" intervalms="643.132" />
  <attribute name="GC Util" value="169" />
  <attribute name="CPU Util" value="56022643786929" />
  <attribute name="Time Running"value="10254"/>
  <attribute name="Number of cores"value="4"/>
<gc-start id="1171" type="partial gc" contextid="1170" timestamp="2019-07-02T20:35:52.409">
  <mem-info id="1172" free="19922944" total="81788928" percent="24">
    <mem type="eden" free="1047672" total="28311552" percent="3" />
    <remembered-set count="53056" freebytes="3052544" totalbytes="3264768" percent="93" regionsoverflowed="0" regionsstable="9" regionsrebuilding="0"/>
  </mem-info>
</gc-start>
<allocation-stats totalBytes="26186048" >
  <allocated-bytes non-tlh="0" tlh="26186048" arrayletleaf="0"/>
  <largest-consumer threadName="main" threadId="0000000001777700" bytes="26186048" />
</allocation-stats>
<gc-op id="1173" type="copy forward" timems="2.741" contextid="1170" timestamp="2019-07-02T20:35:52.413">
  <memory-copied type="eden" objects="105" bytes="41328" bytesdiscarded="0" />
  <memory-copied type="other" objects="8535" bytes="167912" bytesdiscarded="8840" />
  <memory-cardclean objects="4289" bytes="252328" />
  <remembered-set-cleared processed="50686" cleared="1106" durationms="0.213" />
  <references type="weak" candidates="6" cleared="0" enqueued="0" />
  <stringconstants candidates="13686" cleared="0"  />
</gc-op>
<gc-op id="1174" type="classunload" timems="0.006" contextid="1170" timestamp="2019-07-02T20:35:52.413">
  <classunload-info classloadercandidates="54" classloadersunloaded="0" classesunloaded="0" anonymousclassesunloaded="0" quiescems="0.000" setupms="0.006" scanms="0.000" postms="0.000" />
</gc-op>
<heap-resize id="1175" type="contract" space="default" amount="4194304" count="1" timems="0.068" reason="insufficient time being spent in gc" timestamp="2019-07-02T20:35:52.413" />
<gc-end id="1176" type="partial gc" contextid="1170" durationms="4.266" usertimems="0.000" systemtimems="4.000" timestamp="2019-07-02T20:35:52.413" activeThreads="4">
  <mem-info id="1177" free="46137344" total="77594624" percent="59">
    <mem type="eden" free="1007248" total="1048576" percent="96" />
    <remembered-set count="52416" freebytes="3055104" totalbytes="3264768" percent="93" regionsoverflowed="0" regionsstable="9" regionsrebuilding="0"/>
  </mem-info>
</gc-end>
<cycle-end id="1178" type="partial gc" contextid="1170" timestamp="2019-07-02T20:35:52.414">
  <attribute name="GC Util" value="156" />
  <attribute name="CPU Util" value="51425372619984" />
  <attribute name="Time Running"value="10896"/>
  <attribute name="Number of cores"value="4"/>
</cycle-end>
<exclusive-end id="1179" timestamp="2019-07-02T20:35:52.414" durationms="5.678" />

<exclusive-start id="1180" timestamp="2019-07-02T20:35:52.767" intervalms="359.022">
  <response-info timems="0.054" idlems="0.054" threads="0" lastid="0000000001777700" lastname="main" />
</exclusive-start>
<allocation-taxation id="1181" taxation-threshold="26214400" timestamp="2019-07-02T20:35:52.768" intervalms="359.148" />
<cycle-start id="1182" type="partial gc" contextid="0" timestamp="2019-07-02T20:35:52.768" intervalms="359.708" />
  <attribute name="GC Util" value="156" />
  <attribute name="CPU Util" value="51425372619984" />
  <attribute name="Time Running"value="10896"/>
  <attribute name="Number of cores"value="4"/>
<gc-start id="1183" type="partial gc" contextid="1182" timestamp="2019-07-02T20:35:52.769">
  <mem-info id="1184" free="19922944" total="77594624" percent="25">
    <mem type="eden" free="0" total="26214400" percent="0" />
    <remembered-set count="52416" freebytes="3055104" totalbytes="3264768" percent="93" regionsoverflowed="0" regionsstable="9" regionsrebuilding="0"/>
  </mem-info>
</gc-start>
<allocation-stats totalBytes="26212088" >
  <allocated-bytes non-tlh="0" tlh="26212088" arrayletleaf="0"/>
  <largest-consumer threadName="main" threadId="0000000001777700" bytes="26212088" />
</allocation-stats>
<gc-op id="1185" type="copy forward" timems="3.350" contextid="1182" timestamp="2019-07-02T20:35:52.773">
  <memory-copied type="eden" objects="49" bytes="1488" bytesdiscarded="0" />
  <memory-copied type="other" objects="8801" bytes="312392" bytesdiscarded="22696" />
  <memory-cardclean objects="27574" bytes="996072" />
  <remembered-set-cleared processed="39746" cleared="9656" durationms="0.220" />
  <references type="soft" candidates="249" cleared="0" enqueued="0" dynamicThreshold="19" maxThreshold="32" />
  <references type="weak" candidates="509" cleared="0" enqueued="0" />
  <stringconstants candidates="13686" cleared="0"  />
</gc-op>
<gc-op id="1186" type="classunload" timems="0.004" contextid="1182" timestamp="2019-07-02T20:35:52.773">
  <classunload-info classloadercandidates="54" classloadersunloaded="0" classesunloaded="0" anonymousclassesunloaded="0" quiescems="0.000" setupms="0.003" scanms="0.000" postms="0.000" />
</gc-op>
<heap-resize id="1187" type="contract" space="default" amount="4194304" count="1" timems="0.158" reason="insufficient time being spent in gc" timestamp="2019-07-02T20:35:52.774" />
<gc-end id="1188" type="partial gc" contextid="1182" durationms="5.111" usertimems="4.000" systemtimems="4.000" timestamp="2019-07-02T20:35:52.774" activeThreads="4">
  <mem-info id="1189" free="41943040" total="73400320" percent="57">
    <mem type="eden" free="1047088" total="1048576" percent="99" />
    <remembered-set count="41568" freebytes="2931072" totalbytes="3097344" percent="94" regionsoverflowed="0" regionsstable="9" regionsrebuilding="0"/>
  </mem-info>
</gc-end>
<cycle-end id="1190" type="partial gc" contextid="1182" timestamp="2019-07-02T20:35:52.774">
  <attribute name="GC Util" value="38" />
  <attribute name="CPU Util" value="35967188987654" />
  <attribute name="Time Running"value="11255"/>
  <attribute name="Number of cores"value="4"/>
</cycle-end>
<exclusive-end id="1191" timestamp="2019-07-02T20:35:52.774" durationms="7.084" />

<exclusive-start id="1192" timestamp="2019-07-02T20:35:52.840" intervalms="72.701">
  <response-info timems="0.022" idlems="0.022" threads="0" lastid="0000000001777700" lastname="main" />
</exclusive-start>
<allocation-taxation id="1193" taxation-threshold="25165824" timestamp="2019-07-02T20:35:52.840" intervalms="72.633" />
<cycle-start id="1194" type="partial gc" contextid="0" timestamp="2019-07-02T20:35:52.840" intervalms="72.040" />
  <attribute name="GC Util" value="38" />
  <attribute name="CPU Util" value="35967188987654" />
  <attribute name="Time Running"value="11255"/>
  <attribute name="Number of cores"value="4"/>
<gc-start id="1195" type="partial gc" contextid="1194" timestamp="2019-07-02T20:35:52.841">
  <mem-info id="1196" free="16777216" total="73400320" percent="22">
    <mem type="eden" free="0" total="25165824" percent="0" />
    <remembered-set count="30848" freebytes="2973952" totalbytes="3097344" percent="96" regionsoverflowed="0" regionsstable="11" regionsrebuilding="0"/>
  </mem-info>
</gc-start>
<allocation-stats totalBytes="25162376" >
  <allocated-bytes non-tlh="32" tlh="25162344" arrayletleaf="0"/>
  <largest-consumer threadName="main" threadId="0000000001777700" bytes="25162376" />
</allocation-stats>
<gc-op id="1197" type="copy forward" timems="2.650" contextid="1194" timestamp="2019-07-02T20:35:52.845">
  <memory-copied type="eden" objects="47" bytes="1488" bytesdiscarded="0" />
  <memory-copied type="other" objects="32737" bytes="761512" bytesdiscarded="16792" />
  <memory-cardclean objects="2780" bytes="353736" />
  <remembered-set-cleared processed="28920" cleared="1261" durationms="0.162" />
  <stringconstants candidates="13687" cleared="0"  />
</gc-op>
<gc-op id="1198" type="classunload" timems="0.004" contextid="1194" timestamp="2019-07-02T20:35:52.845">
  <classunload-info classloadercandidates="54" classloadersunloaded="0" classesunloaded="0" anonymousclassesunloaded="0" quiescems="0.000" setupms="0.004" scanms="0.000" postms="0.000" />
</gc-op>
<heap-resize id="1199" type="contract" space="default" amount="4194304" count="1" timems="0.232" reason="insufficient time being spent in gc" timestamp="2019-07-02T20:35:52.845" />
<gc-end id="1200" type="partial gc" contextid="1194" durationms="4.446" usertimems="0.000" systemtimems="8.000" timestamp="2019-07-02T20:35:52.845" activeThreads="4">
  <mem-info id="1201" free="37748736" total="69206016" percent="54">
    <mem type="eden" free="1047088" total="1048576" percent="99" />
    <remembered-set count="31136" freebytes="2805376" totalbytes="2929920" percent="95" regionsoverflowed="0" regionsstable="11" regionsrebuilding="0"/>
  </mem-info>
</gc-end>
<cycle-end id="1202" type="partial gc" contextid="1194" timestamp="2019-07-02T20:35:52.846">
  <attribute name="GC Util" value="35" />
  <attribute name="CPU Util" value="39247222392552" />
  <attribute name="Time Running"value="11327"/>
  <attribute name="Number of cores"value="4"/>
</cycle-end>
<exclusive-end id="1203" timestamp="2019-07-02T20:35:52.846" durationms="5.755" />

<exclusive-start id="1204" timestamp="2019-07-02T20:35:52.888" intervalms="48.022">
  <response-info timems="3.830" idlems="1.943" threads="1" lastid="000000000179CF00" lastname="IProfiler" />
</exclusive-start>
<allocation-taxation id="1205" taxation-threshold="11534336" timestamp="2019-07-02T20:35:52.888" intervalms="47.964" />
<cycle-start id="1206" type="global mark phase" contextid="0" timestamp="2019-07-02T20:35:52.888" intervalms="1447.596" />
  <attribute name="GC Util" value="35" />
  <attribute name="CPU Util" value="39247222392552" />
  <attribute name="Time Running"value="11327"/>
  <attribute name="Number of cores"value="4"/>
<gc-start id="1207" type="global mark phase" contextid="1206" timestamp="2019-07-02T20:35:52.889">
  <mem-info id="1208" free="26214400" total="69206016" percent="37">
    <remembered-set count="29824" freebytes="2810624" totalbytes="2929920" percent="95" regionsoverflowed="0" regionsstable="12" regionsrebuilding="0"/>
  </mem-info>
</gc-start>
<gc-op id="1209" type="mark increment" timems="1.168" contextid="1206" timestamp="2019-07-02T20:35:52.890">
  <trace-info objectcount="7954" scancount="1633" scanbytes="54236" />
</gc-op>
<gc-end id="1210" type="global mark phase" contextid="1206" durationms="1.422" usertimems="0.000" systemtimems="4.000" timestamp="2019-07-02T20:35:52.890" activeThreads="4">
  <mem-info id="1211" free="26214400" total="69206016" percent="37">
    <remembered-set count="30848" freebytes="2806528" totalbytes="2929920" percent="95" regionsoverflowed="0" regionsstable="0" regionsrebuilding="12"/>
  </mem-info>
</gc-end>
<concurrent-start id="1212" type="GMP work packet processing" contextid="1206" timestamp="2019-07-02T20:35:52.890">
  <concurrent-mark-start scanTarget="1772710" />
</concurrent-start>
<concurrent-end id="1213" type="GMP work packet processing" contextid="1206" timestamp="2019-07-02T20:35:52.892">
  <concurrent-mark-end bytesScanned="1816524" reasonForTermination="Work target met" />
</concurrent-end>

<exclusive-end id="1214" timestamp="2019-07-02T20:35:52.892" durationms="3.913" />

<exclusive-start id="1215" timestamp="2019-07-02T20:35:52.918" intervalms="29.945">
  <response-info timems="0.083" idlems="0.083" threads="0" lastid="0000000001777700" lastname="main" />
</exclusive-start>
<allocation-taxation id="1216" taxation-threshold="11534336" timestamp="2019-07-02T20:35:52.918" intervalms="29.926" />
<cycle-start id="1217" type="partial gc" contextid="0" timestamp="2019-07-02T20:35:52.918" intervalms="77.831" />
  <attribute name="GC Util" value="168" />
  <attribute name="CPU Util" value="20739098791448" />
  <attribute name="Time Running"value="11376"/>
  <attribute name="Number of cores"value="4"/>
<gc-start id="1218" type="partial gc" contextid="1217" timestamp="2019-07-02T20:35:52.919">
  <mem-info id="1219" free="14680064" total="69206016" percent="21">
    <mem type="eden" free="0" total="23068672" percent="0" />
    <remembered-set count="33248" freebytes="2796928" totalbytes="2929920" percent="95" regionsoverflowed="0" regionsstable="0" regionsrebuilding="12"/>
  </mem-info>
</gc-start>
<allocation-stats totalBytes="23062816" >
  <allocated-bytes non-tlh="0" tlh="23062816" arrayletleaf="0"/>
  <largest-consumer threadName="main" threadId="0000000001777700" bytes="11531008" />
</allocation-stats>
<gc-op id="1220" type="copy forward" timems="4.886" contextid="1217" timestamp="2019-07-02T20:35:52.925">
  <memory-copied type="eden" objects="20" bytes="632" bytesdiscarded="0" />
  <memory-copied type="other" objects="26976" bytes="624040" bytesdiscarded="14736" />
  <memory-cardclean objects="109292" bytes="3739448" />
  <remembered-set-cleared processed="20400" cleared="6130" durationms="0.189" />
  <stringconstants candidates="13687" cleared="0"  />
</gc-op>
<gc-op id="1221" type="classunload" timems="0.004" contextid="1217" timestamp="2019-07-02T20:35:52.925">
  <classunload-info classloadercandidates="54" classloadersunloaded="0" classesunloaded="0" anonymousclassesunloaded="0" quiescems="0.000" setupms="0.004" scanms="0.000" postms="0.000" />
</gc-op>
<gc-end id="1222" type="partial gc" contextid="1217" durationms="6.211" usertimems="16.000" systemtimems="0.000" timestamp="2019-07-02T20:35:52.925" activeThreads="4">
  <mem-info id="1223" free="37748736" total="69206016" percent="54">
    <mem type="eden" free="1047944" total="1048576" percent="99" />
    <remembered-set count="36256" freebytes="2617472" totalbytes="2762496" percent="94" regionsoverflowed="0" regionsstable="0" regionsrebuilding="12"/>
  </mem-info>
</gc-end>
<cycle-end id="1224" type="partial gc" contextid="1217" timestamp="2019-07-02T20:35:52.925">
  <attribute name="GC Util" value="40" />
  <attribute name="CPU Util" value="39079766421477" />
  <attribute name="Time Running"value="11405"/>
  <attribute name="Number of cores"value="4"/>
</cycle-end>
<exclusive-end id="1225" timestamp="2019-07-02T20:35:52.925" durationms="7.090" />

<exclusive-start id="1226" timestamp="2019-07-02T20:35:52.943" intervalms="25.412">
  <response-info timems="0.078" idlems="0.078" threads="0" lastid="0000000001777700" lastname="main" />
</exclusive-start>
<allocation-taxation id="1227" taxation-threshold="11534336" timestamp="2019-07-02T20:35:52.944" intervalms="25.425" />
<gc-start id="1228" type="global mark phase" contextid="1206" timestamp="2019-07-02T20:35:52.944">
  <mem-info id="1229" free="26214400" total="69206016" percent="37">
    <remembered-set count="36000" freebytes="2618496" totalbytes="2762496" percent="94" regionsoverflowed="0" regionsstable="0" regionsrebuilding="12"/>
  </mem-info>
</gc-start>
<gc-end id="1230" type="global mark phase" contextid="1206" durationms="0.128" usertimems="0.000" systemtimems="0.000" timestamp="2019-07-02T20:35:52.944" activeThreads="4">
  <mem-info id="1231" free="26214400" total="69206016" percent="37">
    <remembered-set count="36000" freebytes="2618496" totalbytes="2762496" percent="94" regionsoverflowed="0" regionsstable="0" regionsrebuilding="12"/>
  </mem-info>
</gc-end>
<concurrent-start id="1232" type="GMP work packet processing" contextid="1206" timestamp="2019-07-02T20:35:52.944">
  <concurrent-mark-start scanTarget="1772710" />
</concurrent-start>
<exclusive-end id="1233" timestamp="2019-07-02T20:35:52.945" durationms="1.832" />

<concurrent-end id="1234" type="GMP work packet processing" contextid="1206" timestamp="2019-07-02T20:35:52.945">
  <concurrent-mark-end bytesScanned="1802480" reasonForTermination="Work target met" />
</concurrent-end>

<exclusive-start id="1235" timestamp="2019-07-02T20:35:52.997" intervalms="54.094">
  <response-info timems="0.082" idlems="0.082" threads="0" lastid="0000000001777700" lastname="main" />
</exclusive-start>
<allocation-taxation id="1236" taxation-threshold="11534336" timestamp="2019-07-02T20:35:52.998" intervalms="54.131" />
<cycle-start id="1237" type="partial gc" contextid="0" timestamp="2019-07-02T20:35:52.998" intervalms="79.615" />
  <attribute name="GC Util" value="53" />
  <attribute name="CPU Util" value="750849178575" />
  <attribute name="Time Running"value="11430"/>
  <attribute name="Number of cores"value="4"/>
<gc-start id="1238" type="partial gc" contextid="1237" timestamp="2019-07-02T20:35:52.998">
  <mem-info id="1239" free="14680064" total="69206016" percent="21">
    <mem type="eden" free="0" total="23068672" percent="0" />
    <remembered-set count="37344" freebytes="2613120" totalbytes="2762496" percent="94" regionsoverflowed="0" regionsstable="0" regionsrebuilding="12"/>
  </mem-info>
</gc-start>
<allocation-stats totalBytes="23060920" >
  <allocated-bytes non-tlh="0" tlh="23060920" arrayletleaf="0"/>
  <largest-consumer threadName="main" threadId="0000000001777700" bytes="11531176" />
</allocation-stats>
<gc-op id="1240" type="copy forward" timems="3.732" contextid="1237" timestamp="2019-07-02T20:35:53.003">
  <memory-copied type="eden" objects="31" bytes="936" bytesdiscarded="0" />
  <memory-copied type="other" objects="31838" bytes="1407000" bytesdiscarded="146368" />
  <memory-cardclean objects="20187" bytes="1025552" />
  <remembered-set-cleared processed="32533" cleared="6869" durationms="0.195" />
  <finalization candidates="37" enqueued="0" />
  <ownableSynchronizers candidates="17" cleared="0" />
  <references type="soft" candidates="875" cleared="0" enqueued="0" dynamicThreshold="12" maxThreshold="32" />
  <references type="weak" candidates="324" cleared="0" enqueued="0" />
  <references type="phantom" candidates="29" cleared="0" enqueued="0" />
  <stringconstants candidates="13687" cleared="0"  />
</gc-op>
<gc-op id="1241" type="classunload" timems="0.004" contextid="1237" timestamp="2019-07-02T20:35:53.003">
  <classunload-info classloadercandidates="54" classloadersunloaded="0" classesunloaded="0" anonymousclassesunloaded="0" quiescems="0.000" setupms="0.004" scanms="0.000" postms="0.000" />
</gc-op>
<gc-end id="1242" type="partial gc" contextid="1237" durationms="4.853" usertimems="8.000" systemtimems="0.000" timestamp="2019-07-02T20:35:53.003" activeThreads="4">
  <mem-info id="1243" free="36700160" total="69206016" percent="53">
    <mem type="eden" free="1047640" total="1048576" percent="99" />
    <remembered-set count="37600" freebytes="2612096" totalbytes="2762496" percent="94" regionsoverflowed="0" regionsstable="0" regionsrebuilding="12"/>
  </mem-info>
</gc-end>
<cycle-end id="1244" type="partial gc" contextid="1237" timestamp="2019-07-02T20:35:53.003">
  <attribute name="GC Util" value="61" />
  <attribute name="CPU Util" value="73146505132361" />
  <attribute name="Time Running"value="11484"/>
  <attribute name="Number of cores"value="4"/>
</cycle-end>
<exclusive-end id="1245" timestamp="2019-07-02T20:35:53.003" durationms="5.888" />

<exclusive-start id="1246" timestamp="2019-07-02T20:35:53.035" intervalms="37.342">
  <response-info timems="0.078" idlems="0.078" threads="0" lastid="0000000001777700" lastname="main" />
</exclusive-start>
<allocation-taxation id="1247" taxation-threshold="11534336" timestamp="2019-07-02T20:35:53.035" intervalms="37.289" />
<gc-start id="1248" type="global mark phase" contextid="1206" timestamp="2019-07-02T20:35:53.035">
  <mem-info id="1249" free="25165824" total="69206016" percent="36">
    <remembered-set count="23008" freebytes="2670464" totalbytes="2762496" percent="96" regionsoverflowed="0" regionsstable="1" regionsrebuilding="12"/>
  </mem-info>
</gc-start>
<gc-end id="1250" type="global mark phase" contextid="1206" durationms="0.167" usertimems="0.000" systemtimems="0.000" timestamp="2019-07-02T20:35:53.035" activeThreads="4">
  <mem-info id="1251" free="25165824" total="69206016" percent="36">
    <remembered-set count="23008" freebytes="2670464" totalbytes="2762496" percent="96" regionsoverflowed="0" regionsstable="1" regionsrebuilding="12"/>
  </mem-info>
</gc-end>
<concurrent-start id="1252" type="GMP work packet processing" contextid="1206" timestamp="2019-07-02T20:35:53.035">
  <concurrent-mark-start scanTarget="1772710" />
</concurrent-start>
<exclusive-end id="1253" timestamp="2019-07-02T20:35:53.036" durationms="0.833" />

<concurrent-end id="1254" type="GMP work packet processing" contextid="1206" timestamp="2019-07-02T20:35:53.037">
  <concurrent-mark-end bytesScanned="1803624" reasonForTermination="Work target met" />
</concurrent-end>

<exclusive-start id="1255" timestamp="2019-07-02T20:35:53.068" intervalms="33.161">
  <response-info timems="0.057" idlems="0.057" threads="0" lastid="0000000001777700" lastname="main" />
</exclusive-start>
<allocation-taxation id="1256" taxation-threshold="11534336" timestamp="2019-07-02T20:35:53.068" intervalms="33.158" />
<cycle-start id="1257" type="partial gc" contextid="0" timestamp="2019-07-02T20:35:53.068" intervalms="70.396" />
  <attribute name="GC Util" value="25" />
  <attribute name="CPU Util" value="503659355297" />
  <attribute name="Time Running"value="11521"/>
  <attribute name="Number of cores"value="4"/>
<gc-start id="1258" type="partial gc" contextid="1257" timestamp="2019-07-02T20:35:53.069">
  <mem-info id="1259" free="13631488" total="69206016" percent="19">
    <mem type="eden" free="0" total="23068672" percent="0" />
    <remembered-set count="28352" freebytes="2649088" totalbytes="2762496" percent="95" regionsoverflowed="0" regionsstable="1" regionsrebuilding="12"/>
  </mem-info>
</gc-start>
<allocation-stats totalBytes="23065744" >
  <allocated-bytes non-tlh="0" tlh="23065744" arrayletleaf="0"/>
  <largest-consumer threadName="main" threadId="0000000001777700" bytes="11532992" />
</allocation-stats>
<gc-op id="1260" type="copy forward" timems="1.706" contextid="1257" timestamp="2019-07-02T20:35:53.071">
  <memory-copied type="eden" objects="37" bytes="1072" bytesdiscarded="0" />
  <memory-copied type="other" objects="7" bytes="160" bytesdiscarded="0" />
  <memory-cardclean objects="62" bytes="2192" />
  <remembered-set-cleared processed="26376" cleared="30" durationms="0.158" />
  <stringconstants candidates="13687" cleared="0"  />
</gc-op>
<gc-op id="1261" type="classunload" timems="0.004" contextid="1257" timestamp="2019-07-02T20:35:53.071">
  <classunload-info classloadercandidates="54" classloadersunloaded="0" classesunloaded="0" anonymousclassesunloaded="0" quiescems="0.000" setupms="0.003" scanms="0.000" postms="0.000" />
</gc-op>
<gc-end id="1262" type="partial gc" contextid="1257" durationms="2.833" usertimems="0.000" systemtimems="4.000" timestamp="2019-07-02T20:35:53.071" activeThreads="4">
  <mem-info id="1263" free="35651584" total="69206016" percent="51">
    <mem type="eden" free="1047504" total="1048576" percent="99" />
    <remembered-set count="28928" freebytes="2646784" totalbytes="2762496" percent="95" regionsoverflowed="0" regionsstable="1" regionsrebuilding="12"/>
  </mem-info>
</gc-end>
<cycle-end id="1264" type="partial gc" contextid="1257" timestamp="2019-07-02T20:35:53.072">
  <attribute name="GC Util" value="50" />
  <attribute name="CPU Util" value="71263396528799" />
  <attribute name="Time Running"value="11555"/>
  <attribute name="Number of cores"value="4"/>
</cycle-end>
<exclusive-end id="1265" timestamp="2019-07-02T20:35:53.072" durationms="3.828" />

<exclusive-start id="1266" timestamp="2019-07-02T20:35:53.097" intervalms="28.796">
  <response-info timems="0.084" idlems="0.084" threads="0" lastid="0000000001777700" lastname="main" />
</exclusive-start>
<allocation-taxation id="1267" taxation-threshold="11534336" timestamp="2019-07-02T20:35:53.097" intervalms="28.833" />
<gc-start id="1268" type="global mark phase" contextid="1206" timestamp="2019-07-02T20:35:53.097">
  <mem-info id="1269" free="24117248" total="69206016" percent="34">
    <remembered-set count="28544" freebytes="2648320" totalbytes="2762496" percent="95" regionsoverflowed="0" regionsstable="1" regionsrebuilding="12"/>
  </mem-info>
</gc-start>
<gc-end id="1270" type="global mark phase" contextid="1206" durationms="0.064" usertimems="0.000" systemtimems="0.000" timestamp="2019-07-02T20:35:53.097" activeThreads="4">
  <mem-info id="1271" free="24117248" total="69206016" percent="34">
    <remembered-set count="28544" freebytes="2648320" totalbytes="2762496" percent="95" regionsoverflowed="0" regionsstable="1" regionsrebuilding="12"/>
  </mem-info>
</gc-end>
<concurrent-start id="1272" type="GMP work packet processing" contextid="1206" timestamp="2019-07-02T20:35:53.097">
  <concurrent-mark-start scanTarget="1772710" />
</concurrent-start>
<exclusive-end id="1273" timestamp="2019-07-02T20:35:53.098" durationms="0.956" />

<concurrent-end id="1274" type="GMP work packet processing" contextid="1206" timestamp="2019-07-02T20:35:53.099">
  <concurrent-mark-end bytesScanned="1795288" reasonForTermination="Work target met" />
</concurrent-end>

<exclusive-start id="1275" timestamp="2019-07-02T20:35:53.126" intervalms="28.773">
  <response-info timems="0.132" idlems="0.132" threads="0" lastid="0000000001777700" lastname="main" />
</exclusive-start>
<allocation-taxation id="1276" taxation-threshold="11534336" timestamp="2019-07-02T20:35:53.126" intervalms="28.748" />
<cycle-start id="1277" type="partial gc" contextid="0" timestamp="2019-07-02T20:35:53.126" intervalms="57.577" />
  <attribute name="GC Util" value="13" />
  <attribute name="CPU Util" value="651188702726" />
  <attribute name="Time Running"value="11583"/>
  <attribute name="Number of cores"value="4"/>
<gc-start id="1278" type="partial gc" contextid="1277" timestamp="2019-07-02T20:35:53.126">
  <mem-info id="1279" free="12582912" total="69206016" percent="18">
    <mem type="eden" free="0" total="23068672" percent="0" />
    <remembered-set count="30752" freebytes="2639488" totalbytes="2762496" percent="95" regionsoverflowed="0" regionsstable="1" regionsrebuilding="12"/>
  </mem-info>
</gc-start>
<allocation-stats totalBytes="23064800" >
  <allocated-bytes non-tlh="0" tlh="23064800" arrayletleaf="0"/>
  <largest-consumer threadName="main" threadId="0000000001777700" bytes="11532880" />
</allocation-stats>
<gc-op id="1280" type="copy forward" timems="1.596" contextid="1277" timestamp="2019-07-02T20:35:53.128">
  <memory-copied type="eden" objects="5" bytes="128" bytesdiscarded="0" />
  <memory-copied type="other" objects="31" bytes="928" bytesdiscarded="0" />
  <memory-cardclean objects="50" bytes="2000" />
  <remembered-set-cleared processed="27842" cleared="33" durationms="0.154" />
  <stringconstants candidates="13687" cleared="0"  />
</gc-op>
<gc-op id="1281" type="classunload" timems="0.004" contextid="1277" timestamp="2019-07-02T20:35:53.129">
  <classunload-info classloadercandidates="54" classloadersunloaded="0" classesunloaded="0" anonymousclassesunloaded="0" quiescems="0.000" setupms="0.004" scanms="0.000" postms="0.000" />
</gc-op>
<gc-end id="1282" type="partial gc" contextid="1277" durationms="2.674" usertimems="4.000" systemtimems="0.000" timestamp="2019-07-02T20:35:53.129" activeThreads="4">
  <mem-info id="1283" free="34603008" total="69206016" percent="50">
    <mem type="eden" free="1048448" total="1048576" percent="99" />
    <remembered-set count="30496" freebytes="2640512" totalbytes="2762496" percent="95" regionsoverflowed="0" regionsstable="1" regionsrebuilding="12"/>
  </mem-info>
</gc-end>
<cycle-end id="1284" type="partial gc" contextid="1277" timestamp="2019-07-02T20:35:53.129">
  <attribute name="GC Util" value="61" />
  <attribute name="CPU Util" value="73988223893183" />
  <attribute name="Time Running"value="11612"/>
  <attribute name="Number of cores"value="4"/>
</cycle-end>
<exclusive-end id="1285" timestamp="2019-07-02T20:35:53.129" durationms="3.496" />

<exclusive-start id="1286" timestamp="2019-07-02T20:35:53.216" intervalms="90.162">
  <response-info timems="0.134" idlems="0.134" threads="0" lastid="0000000001777700" lastname="main" />
</exclusive-start>
<allocation-taxation id="1287" taxation-threshold="11534336" timestamp="2019-07-02T20:35:53.216" intervalms="90.165" />
<gc-start id="1288" type="global mark phase" contextid="1206" timestamp="2019-07-02T20:35:53.216">
  <mem-info id="1289" free="23068672" total="69206016" percent="33">
    <remembered-set count="30144" freebytes="2641920" totalbytes="2762496" percent="95" regionsoverflowed="0" regionsstable="1" regionsrebuilding="12"/>
  </mem-info>
</gc-start>
<gc-end id="1290" type="global mark phase" contextid="1206" durationms="0.139" usertimems="0.000" systemtimems="0.000" timestamp="2019-07-02T20:35:53.216" activeThreads="4">
  <mem-info id="1291" free="23068672" total="69206016" percent="33">
    <remembered-set count="30144" freebytes="2641920" totalbytes="2762496" percent="95" regionsoverflowed="0" regionsstable="1" regionsrebuilding="12"/>
  </mem-info>
</gc-end>
<concurrent-start id="1292" type="GMP work packet processing" contextid="1206" timestamp="2019-07-02T20:35:53.216">
  <concurrent-mark-start scanTarget="1772710" />
</concurrent-start>
<exclusive-end id="1293" timestamp="2019-07-02T20:35:53.217" durationms="1.583" />

<concurrent-end id="1294" type="GMP work packet processing" contextid="1206" timestamp="2019-07-02T20:35:53.218">
  <concurrent-mark-end bytesScanned="1801116" reasonForTermination="Work target met" />
</concurrent-end>

<exclusive-start id="1295" timestamp="2019-07-02T20:35:53.400" intervalms="184.635">
  <response-info timems="0.066" idlems="0.066" threads="0" lastid="0000000001777700" lastname="main" />
</exclusive-start>
<allocation-taxation id="1296" taxation-threshold="11534336" timestamp="2019-07-02T20:35:53.401" intervalms="184.738" />
<cycle-start id="1297" type="partial gc" contextid="0" timestamp="2019-07-02T20:35:53.401" intervalms="275.006" />
  <attribute name="GC Util" value="4" />
  <attribute name="CPU Util" value="205869241906" />
  <attribute name="Time Running"value="11702"/>
  <attribute name="Number of cores"value="4"/>
<gc-start id="1298" type="partial gc" contextid="1297" timestamp="2019-07-02T20:35:53.401">
  <mem-info id="1299" free="11534336" total="69206016" percent="16">
    <mem type="eden" free="1048448" total="24117248" percent="4" />
    <remembered-set count="36160" freebytes="2617856" totalbytes="2762496" percent="94" regionsoverflowed="0" regionsstable="1" regionsrebuilding="12"/>
  </mem-info>
</gc-start>
<allocation-stats totalBytes="23067704" >
  <allocated-bytes non-tlh="0" tlh="23067704" arrayletleaf="0"/>
  <largest-consumer threadName="main" threadId="0000000001777700" bytes="11533768" />
</allocation-stats>
<gc-op id="1300" type="copy forward" timems="1.797" contextid="1297" timestamp="2019-07-02T20:35:53.404">
  <memory-copied type="eden" objects="35" bytes="968" bytesdiscarded="696" />
  <memory-copied type="other" objects="0" bytes="0" bytesdiscarded="0" />
  <memory-cardclean objects="105" bytes="3480" />
  <remembered-set-cleared processed="33955" cleared="40" durationms="0.173" />
  <stringconstants candidates="13687" cleared="0"  />
</gc-op>
<gc-op id="1301" type="classunload" timems="0.004" contextid="1297" timestamp="2019-07-02T20:35:53.404">
  <classunload-info classloadercandidates="54" classloadersunloaded="0" classesunloaded="0" anonymousclassesunloaded="0" quiescems="0.000" setupms="0.004" scanms="0.000" postms="0.000" />
</gc-op>
<heap-resize id="1302" type="contract" space="default" amount="4194304" count="1" timems="0.222" reason="insufficient time being spent in gc" timestamp="2019-07-02T20:35:53.405" />
<gc-end id="1303" type="partial gc" contextid="1297" durationms="3.515" usertimems="4.000" systemtimems="0.000" timestamp="2019-07-02T20:35:53.405" activeThreads="4">
  <mem-info id="1304" free="30408704" total="65011712" percent="46">
    <mem type="eden" free="1046912" total="1048576" percent="99" />
    <remembered-set count="36800" freebytes="2615296" totalbytes="2762496" percent="94" regionsoverflowed="0" regionsstable="1" regionsrebuilding="12"/>
  </mem-info>
</gc-end>
<cycle-end id="1305" type="partial gc" contextid="1297" timestamp="2019-07-02T20:35:53.405">
  <attribute name="GC Util" value="62" />
  <attribute name="CPU Util" value="64148530862613" />
  <attribute name="Time Running"value="11888"/>
  <attribute name="Number of cores"value="4"/>
</cycle-end>
<exclusive-end id="1306" timestamp="2019-07-02T20:35:53.405" durationms="5.001" />

<exclusive-start id="1307" timestamp="2019-07-02T20:35:53.753" intervalms="352.476">
  <response-info timems="0.026" idlems="0.026" threads="0" lastid="0000000001777700" lastname="main" />
</exclusive-start>
<allocation-taxation id="1308" taxation-threshold="11534336" timestamp="2019-07-02T20:35:53.753" intervalms="352.402" />
<gc-start id="1309" type="global mark phase" contextid="1206" timestamp="2019-07-02T20:35:53.753">
  <mem-info id="1310" free="18874368" total="65011712" percent="29">
    <remembered-set count="36352" freebytes="2617088" totalbytes="2762496" percent="94" regionsoverflowed="0" regionsstable="1" regionsrebuilding="12"/>
  </mem-info>
</gc-start>
<gc-end id="1311" type="global mark phase" contextid="1206" durationms="0.226" usertimems="0.000" systemtimems="0.000" timestamp="2019-07-02T20:35:53.753" activeThreads="4">
  <mem-info id="1312" free="18874368" total="65011712" percent="29">
    <remembered-set count="36352" freebytes="2617088" totalbytes="2762496" percent="94" regionsoverflowed="0" regionsstable="1" regionsrebuilding="12"/>
  </mem-info>
</gc-end>
<concurrent-start id="1313" type="GMP work packet processing" contextid="1206" timestamp="2019-07-02T20:35:53.754">
  <concurrent-mark-start scanTarget="1772710" />
</concurrent-start>
<concurrent-end id="1314" type="GMP work packet processing" contextid="1206" timestamp="2019-07-02T20:35:53.755">
  <concurrent-mark-end bytesScanned="1813056" reasonForTermination="Work target met" />
</concurrent-end>

<exclusive-end id="1315" timestamp="2019-07-02T20:35:53.755" durationms="2.187" />

<exclusive-start id="1316" timestamp="2019-07-02T20:35:53.910" intervalms="157.196">
  <response-info timems="0.064" idlems="0.064" threads="0" lastid="0000000001777700" lastname="main" />
</exclusive-start>
<allocation-taxation id="1317" taxation-threshold="11534336" timestamp="2019-07-02T20:35:53.910" intervalms="157.271" />
<cycle-start id="1318" type="partial gc" contextid="0" timestamp="2019-07-02T20:35:53.911" intervalms="509.656" />
  <attribute name="GC Util" value="1" />
  <attribute name="CPU Util" value="52477343536" />
  <attribute name="Time Running"value="12239"/>
  <attribute name="Number of cores"value="4"/>
<gc-start id="1319" type="partial gc" contextid="1318" timestamp="2019-07-02T20:35:53.911">
  <mem-info id="1320" free="7340032" total="65011712" percent="11">
    <mem type="eden" free="0" total="23068672" percent="0" />
    <remembered-set count="43488" freebytes="2588544" totalbytes="2762496" percent="93" regionsoverflowed="0" regionsstable="1" regionsrebuilding="12"/>
  </mem-info>
</gc-start>
<allocation-stats totalBytes="23054864" >
  <allocated-bytes non-tlh="0" tlh="23054864" arrayletleaf="0"/>
  <largest-consumer threadName="main" threadId="0000000001777700" bytes="11533624" />
</allocation-stats>
<gc-op id="1321" type="copy forward" timems="4.292" contextid="1318" timestamp="2019-07-02T20:35:53.916">
  <memory-copied type="eden" objects="45" bytes="1208" bytesdiscarded="0" />
  <memory-copied type="other" objects="22" bytes="504" bytesdiscarded="696" />
  <memory-cardclean objects="100472" bytes="3259576" />
  <remembered-set-cleared processed="25748" cleared="14198" durationms="0.197" />
  <references type="weak" candidates="2" cleared="0" enqueued="0" />
  <stringconstants candidates="13687" cleared="0"  />
</gc-op>
<gc-op id="1322" type="classunload" timems="0.004" contextid="1318" timestamp="2019-07-02T20:35:53.917">
  <classunload-info classloadercandidates="54" classloadersunloaded="0" classesunloaded="0" anonymousclassesunloaded="0" quiescems="0.000" setupms="0.004" scanms="0.000" postms="0.000" />
</gc-op>
<heap-resize id="1323" type="contract" space="default" amount="4194304" count="1" timems="0.258" reason="insufficient time being spent in gc" timestamp="2019-07-02T20:35:53.917" />
<gc-end id="1324" type="partial gc" contextid="1318" durationms="6.223" usertimems="8.000" systemtimems="4.000" timestamp="2019-07-02T20:35:53.917" activeThreads="4">
  <mem-info id="1325" free="25165824" total="60817408" percent="41">
    <mem type="eden" free="1047368" total="1048576" percent="99" />
    <remembered-set count="31296" freebytes="2469888" totalbytes="2595072" percent="95" regionsoverflowed="0" regionsstable="1" regionsrebuilding="12"/>
  </mem-info>
</gc-end>
<cycle-end id="1326" type="partial gc" contextid="1318" timestamp="2019-07-02T20:35:53.917">
  <attribute name="GC Util" value="47" />
  <attribute name="CPU Util" value="37844210208341" />
  <attribute name="Time Running"value="12398"/>
  <attribute name="Number of cores"value="4"/>
</cycle-end>
<exclusive-end id="1327" timestamp="2019-07-02T20:35:53.918" durationms="7.611" />

<exclusive-start id="1328" timestamp="2019-07-02T20:35:53.946" intervalms="35.789">
  <response-info timems="0.066" idlems="0.066" threads="0" lastid="0000000001777700" lastname="main" />
</exclusive-start>
<allocation-taxation id="1329" taxation-threshold="10485760" timestamp="2019-07-02T20:35:53.946" intervalms="35.715" />
<gc-start id="1330" type="global mark phase" contextid="1206" timestamp="2019-07-02T20:35:53.946">
  <mem-info id="1331" free="14680064" total="60817408" percent="24">
    <remembered-set count="30976" freebytes="2471168" totalbytes="2595072" percent="95" regionsoverflowed="0" regionsstable="2" regionsrebuilding="12"/>
  </mem-info>
</gc-start>
<gc-end id="1332" type="global mark phase" contextid="1206" durationms="0.169" usertimems="0.000" systemtimems="0.000" timestamp="2019-07-02T20:35:53.946" activeThreads="4">
  <mem-info id="1333" free="14680064" total="60817408" percent="24">
    <remembered-set count="30976" freebytes="2471168" totalbytes="2595072" percent="95" regionsoverflowed="0" regionsstable="2" regionsrebuilding="12"/>
  </mem-info>
</gc-end>
<concurrent-start id="1334" type="GMP work packet processing" contextid="1206" timestamp="2019-07-02T20:35:53.947">
  <concurrent-mark-start scanTarget="1772710" />
</concurrent-start>
<concurrent-end id="1335" type="GMP work packet processing" contextid="1206" timestamp="2019-07-02T20:35:53.948">
  <concurrent-mark-end bytesScanned="1815988" reasonForTermination="Work target met" />
</concurrent-end>

<exclusive-end id="1336" timestamp="2019-07-02T20:35:53.948" durationms="2.230" />

<exclusive-start id="1337" timestamp="2019-07-02T20:35:53.991" intervalms="45.522">
  <response-info timems="0.093" idlems="0.093" threads="0" lastid="0000000001777700" lastname="main" />
</exclusive-start>
<allocation-taxation id="1338" taxation-threshold="10485760" timestamp="2019-07-02T20:35:53.991" intervalms="45.483" />
<cycle-start id="1339" type="partial gc" contextid="0" timestamp="2019-07-02T20:35:53.992" intervalms="81.125" />
  <attribute name="GC Util" value="31" />
  <attribute name="CPU Util" value="531646274706" />
  <attribute name="Time Running"value="12432"/>
  <attribute name="Number of cores"value="4"/>
<gc-start id="1340" type="partial gc" contextid="1339" timestamp="2019-07-02T20:35:53.992">
  <mem-info id="1341" free="4194304" total="60817408" percent="6">
    <mem type="eden" free="0" total="20971520" percent="0" />
    <remembered-set count="41984" freebytes="2427136" totalbytes="2595072" percent="93" regionsoverflowed="0" regionsstable="2" regionsrebuilding="12"/>
  </mem-info>
</gc-start>
<allocation-stats totalBytes="20969832" >
  <allocated-bytes non-tlh="0" tlh="20969832" arrayletleaf="0"/>
  <largest-consumer threadName="main" threadId="0000000001777700" bytes="10484824" />
</allocation-stats>
<gc-op id="1342" type="copy forward" timems="1.864" contextid="1339" timestamp="2019-07-02T20:35:53.995">
  <memory-copied type="eden" objects="31" bytes="912" bytesdiscarded="0" />
  <memory-copied type="other" objects="30" bytes="704" bytesdiscarded="0" />
  <memory-cardclean objects="557" bytes="18944" />
  <remembered-set-cleared processed="39030" cleared="36" durationms="0.225" />
  <references type="weak" candidates="2" cleared="0" enqueued="0" />
  <stringconstants candidates="13687" cleared="0"  />
</gc-op>
<gc-op id="1343" type="classunload" timems="0.003" contextid="1339" timestamp="2019-07-02T20:35:53.995">
  <classunload-info classloadercandidates="54" classloadersunloaded="0" classesunloaded="0" anonymousclassesunloaded="0" quiescems="0.000" setupms="0.003" scanms="0.000" postms="0.000" />
</gc-op>
<heap-resize id="1344" type="contract" space="default" amount="3145728" count="1" timems="0.217" reason="insufficient time being spent in gc" timestamp="2019-07-02T20:35:53.995" />
<gc-end id="1345" type="partial gc" contextid="1339" durationms="3.592" usertimems="8.000" systemtimems="0.000" timestamp="2019-07-02T20:35:53.996" activeThreads="4">
  <mem-info id="1346" free="20971520" total="57671680" percent="36">
    <mem type="eden" free="1047664" total="1048576" percent="99" />
    <remembered-set count="41856" freebytes="2260224" totalbytes="2427648" percent="93" regionsoverflowed="0" regionsstable="2" regionsrebuilding="12"/>
  </mem-info>
</gc-end>
<cycle-end id="1347" type="partial gc" contextid="1339" timestamp="2019-07-02T20:35:53.996">
  <attribute name="GC Util" value="30" />
  <attribute name="CPU Util" value="40099699532647" />
  <attribute name="Time Running"value="12478"/>
  <attribute name="Number of cores"value="4"/>
</cycle-end>
<exclusive-end id="1348" timestamp="2019-07-02T20:35:53.996" durationms="4.610" />

<exclusive-start id="1349" timestamp="2019-07-02T20:35:54.035" intervalms="44.031">
  <response-info timems="0.068" idlems="0.068" threads="0" lastid="0000000001777700" lastname="main" />
</exclusive-start>
<allocation-taxation id="1350" taxation-threshold="10485760" timestamp="2019-07-02T20:35:54.036" intervalms="44.043" />
<gc-start id="1351" type="global mark phase" contextid="1206" timestamp="2019-07-02T20:35:54.036">
  <mem-info id="1352" free="10485760" total="57671680" percent="18">
    <remembered-set count="41472" freebytes="2261760" totalbytes="2427648" percent="93" regionsoverflowed="0" regionsstable="2" regionsrebuilding="12"/>
  </mem-info>
</gc-start>
<gc-end id="1353" type="global mark phase" contextid="1206" durationms="0.166" usertimems="0.000" systemtimems="0.000" timestamp="2019-07-02T20:35:54.036" activeThreads="4">
  <mem-info id="1354" free="10485760" total="57671680" percent="18">
    <remembered-set count="41472" freebytes="2261760" totalbytes="2427648" percent="93" regionsoverflowed="0" regionsstable="2" regionsrebuilding="12"/>
  </mem-info>
</gc-end>
<concurrent-start id="1355" type="GMP work packet processing" contextid="1206" timestamp="2019-07-02T20:35:54.036">
  <concurrent-mark-start scanTarget="1772710" />
</concurrent-start>
<concurrent-end id="1356" type="GMP work packet processing" contextid="1206" timestamp="2019-07-02T20:35:54.037">
  <concurrent-mark-end bytesScanned="863928" reasonForTermination="Completed all work in GC phase" />
</concurrent-end>

<exclusive-end id="1357" timestamp="2019-07-02T20:35:54.037" durationms="1.609" />

<exclusive-start id="1358" timestamp="2019-07-02T20:35:54.087" intervalms="51.368">
  <response-info timems="0.149" idlems="0.149" threads="0" lastid="0000000001777700" lastname="main" />
</exclusive-start>
<allocation-taxation id="1359" taxation-threshold="10485760" timestamp="2019-07-02T20:35:54.087" intervalms="51.419" />
<cycle-start id="1360" type="partial gc" contextid="0" timestamp="2019-07-02T20:35:54.087" intervalms="95.496" />
  <attribute name="GC Util" value="10" />
  <attribute name="CPU Util" value="425811481588" />
  <attribute name="Time Running"value="12522"/>
  <attribute name="Number of cores"value="4"/>
<gc-start id="1361" type="partial gc" contextid="1360" timestamp="2019-07-02T20:35:54.087">
  <mem-info id="1362" free="0" total="57671680" percent="0">
    <mem type="eden" free="0" total="20971520" percent="0" />
    <remembered-set count="49728" freebytes="2228736" totalbytes="2427648" percent="91" regionsoverflowed="0" regionsstable="2" regionsrebuilding="12"/>
  </mem-info>
</gc-start>
<allocation-stats totalBytes="20970088" >
  <allocated-bytes non-tlh="0" tlh="20970088" arrayletleaf="0"/>
  <largest-consumer threadName="main" threadId="0000000001777700" bytes="10485152" />
</allocation-stats>
<gc-op id="1363" type="mark" timems="2.324" contextid="1360" timestamp="2019-07-02T20:35:54.091">
  <trace-info objectcount="34" scancount="34" scanbytes="115688" />
  <cardclean-info objects="23051" bytes="714436" />
  <remembered-set-cleared processed="42218" cleared="5265" durationms="0.278" />
  <references type="weak" candidates="2" cleared="0" enqueued="0" />
  <stringconstants candidates="13687" cleared="0"  />
  <warning details="Mark invoked due to insufficient free space for Copy-Forward" />
</gc-op>
<gc-op id="1364" type="classunload" timems="0.006" contextid="1360" timestamp="2019-07-02T20:35:54.091">
  <classunload-info classloadercandidates="54" classloadersunloaded="0" classesunloaded="0" anonymousclassesunloaded="0" quiescems="0.000" setupms="0.005" scanms="0.000" postms="0.000" />
</gc-op>
<gc-op id="1365" type="sweep" timems="0.358" contextid="1360" timestamp="2019-07-02T20:35:54.091" />
<gc-op id="1366" type="compact" timems="1.363" contextid="1360" timestamp="2019-07-02T20:35:54.093">
  <compact-info movecount="34" movebytes="1016" />
  <remembered-set-cleared processed="83556" cleared="5304" durationms="0.278" />
</gc-op>
<gc-end id="1367" type="partial gc" contextid="1360" durationms="5.796" usertimems="8.000" systemtimems="0.000" timestamp="2019-07-02T20:35:54.093" activeThreads="4">
  <mem-info id="1368" free="19922944" total="57671680" percent="34">
    <mem type="eden" free="1047720" total="1048576" percent="99" />
    <remembered-set count="44992" freebytes="2122112" totalbytes="2302080" percent="92" regionsoverflowed="0" regionsstable="2" regionsrebuilding="12"/>
  </mem-info>
</gc-end>
<cycle-end id="1369" type="partial gc" contextid="1360" timestamp="2019-07-02T20:35:54.093">
  <attribute name="GC Util" value="29" />
  <attribute name="CPU Util" value="29912604068056" />
  <attribute name="Time Running"value="12577"/>
  <attribute name="Number of cores"value="4"/>
</cycle-end>
<exclusive-end id="1370" timestamp="2019-07-02T20:35:54.094" durationms="6.956" />

<exclusive-start id="1371" timestamp="2019-07-02T20:35:54.133" intervalms="46.580">
  <response-info timems="0.133" idlems="0.133" threads="0" lastid="0000000001777700" lastname="main" />
</exclusive-start>
<allocation-taxation id="1372" taxation-threshold="9437184" timestamp="2019-07-02T20:35:54.133" intervalms="46.535" />
<gc-start id="1373" type="global mark phase" contextid="1206" timestamp="2019-07-02T20:35:54.134">
  <mem-info id="1374" free="10485760" total="57671680" percent="18">
    <remembered-set count="44544" freebytes="2123904" totalbytes="2302080" percent="92" regionsoverflowed="0" regionsstable="2" regionsrebuilding="12"/>
  </mem-info>
</gc-start>
<gc-op id="1375" type="mark increment" timems="5.538" contextid="1206" timestamp="2019-07-02T20:35:54.139">
  <trace-info objectcount="54" scancount="53" scanbytes="345740" />
  <cardclean-info objects="261026" bytes="6777924" />
  <finalization candidates="80" enqueued="0" />
  <ownableSynchronizers candidates="21" cleared="0" />
  <references type="soft" candidates="4604" cleared="0" enqueued="0" dynamicThreshold="11" maxThreshold="32" />
  <references type="weak" candidates="5551" cleared="0" enqueued="0" />
  <references type="phantom" candidates="101" cleared="0" enqueued="0" />
  <stringconstants candidates="13687" cleared="0"  />
</gc-op>
<gc-op id="1376" type="classunload" timems="0.008" contextid="1206" timestamp="2019-07-02T20:35:54.139">
  <classunload-info classloadercandidates="54" classloadersunloaded="0" classesunloaded="0" anonymousclassesunloaded="0" quiescems="0.000" setupms="0.008" scanms="0.000" postms="0.000" />
</gc-op>
<gc-end id="1377" type="global mark phase" contextid="1206" durationms="5.969" usertimems="12.000" systemtimems="0.000" timestamp="2019-07-02T20:35:54.140" activeThreads="4">
  <mem-info id="1378" free="10485760" total="57671680" percent="18">
    <remembered-set count="54784" freebytes="2082944" totalbytes="2302080" percent="90" regionsoverflowed="0" regionsstable="2" regionsrebuilding="0"/>
  </mem-info>
</gc-end>
<cycle-end id="1379" type="global mark phase" contextid="1206" timestamp="2019-07-02T20:35:54.140">
  <attribute name="GC Util" value="144" />
  <attribute name="CPU Util" value="42301090107518" />
  <attribute name="Time Running"value="12624"/>
  <attribute name="Number of cores"value="4"/>
</cycle-end>
<exclusive-end id="1380" timestamp="2019-07-02T20:35:54.140" durationms="6.614" />

<exclusive-start id="1381" timestamp="2019-07-02T20:35:54.177" intervalms="43.351">
  <response-info timems="0.115" idlems="0.115" threads="0" lastid="0000000001777700" lastname="main" />
</exclusive-start>
<allocation-taxation id="1382" taxation-threshold="9437184" timestamp="2019-07-02T20:35:54.177" intervalms="43.348" />
<cycle-start id="1383" type="partial gc" contextid="0" timestamp="2019-07-02T20:35:54.177" intervalms="89.870" />
  <attribute name="GC Util" value="144" />
  <attribute name="CPU Util" value="42301090107518" />
  <attribute name="Time Running"value="12624"/>
  <attribute name="Number of cores"value="4"/>
<gc-start id="1384" type="partial gc" contextid="1383" timestamp="2019-07-02T20:35:54.177">
  <mem-info id="1385" free="1048576" total="57671680" percent="1">
    <mem type="eden" free="1047720" total="19922944" percent="5" />
    <remembered-set count="15872" freebytes="2238592" totalbytes="2302080" percent="97" regionsoverflowed="0" regionsstable="14" regionsrebuilding="0"/>
  </mem-info>
</gc-start>
<allocation-stats totalBytes="18872848" >
  <allocated-bytes non-tlh="0" tlh="18872848" arrayletleaf="0"/>
  <largest-consumer threadName="main" threadId="0000000001777700" bytes="9436488" />
</allocation-stats>
<gc-op id="1386" type="sweep" timems="0.720" contextid="1383" timestamp="2019-07-02T20:35:54.178" />
<gc-op id="1387" type="copy forward" timems="1.528" contextid="1383" timestamp="2019-07-02T20:35:54.181">
  <memory-copied type="eden" objects="8" bytes="224" bytesdiscarded="0" />
  <memory-copied type="other" objects="20" bytes="656" bytesdiscarded="584" />
  <memory-cardclean objects="38" bytes="9608" />
  <remembered-set-cleared processed="13653" cleared="14" durationms="0.141" />
  <references type="weak" candidates="2" cleared="0" enqueued="0" />
  <stringconstants candidates="13687" cleared="0"  />
</gc-op>
<gc-op id="1388" type="classunload" timems="0.003" contextid="1383" timestamp="2019-07-02T20:35:54.181">
  <classunload-info classloadercandidates="54" classloadersunloaded="0" classesunloaded="0" anonymousclassesunloaded="0" quiescems="0.000" setupms="0.003" scanms="0.000" postms="0.000" />
</gc-op>
<gc-end id="1389" type="partial gc" contextid="1383" durationms="3.893" usertimems="4.000" systemtimems="0.000" timestamp="2019-07-02T20:35:54.181" activeThreads="4">
  <mem-info id="1390" free="18874368" total="57671680" percent="32">
    <mem type="eden" free="2095688" total="2097152" percent="99" />
    <remembered-set count="16128" freebytes="2237568" totalbytes="2302080" percent="97" regionsoverflowed="0" regionsstable="14" regionsrebuilding="0"/>
  </mem-info>
</gc-end>
<cycle-end id="1391" type="partial gc" contextid="1383" timestamp="2019-07-02T20:35:54.181">
  <attribute name="GC Util" value="50" />
  <attribute name="CPU Util" value="65175931793732" />
  <attribute name="Time Running"value="12665"/>
  <attribute name="Number of cores"value="4"/>
</cycle-end>
<exclusive-end id="1392" timestamp="2019-07-02T20:35:54.181" durationms="4.819" />

<exclusive-start id="1393" timestamp="2019-07-02T20:35:54.433" intervalms="256.187">
  <response-info timems="0.076" idlems="0.076" threads="0" lastid="0000000001777700" lastname="main" />
</exclusive-start>
<allocation-taxation id="1394" taxation-threshold="9437184" timestamp="2019-07-02T20:35:54.433" intervalms="256.200" />
<cycle-start id="1395" type="global mark phase" contextid="0" timestamp="2019-07-02T20:35:54.433" intervalms="1544.732" />
  <attribute name="GC Util" value="50" />
  <attribute name="CPU Util" value="65175931793732" />
  <attribute name="Time Running"value="12665"/>
  <attribute name="Number of cores"value="4"/>
<gc-start id="1396" type="global mark phase" contextid="1395" timestamp="2019-07-02T20:35:54.433">
  <mem-info id="1397" free="9437184" total="57671680" percent="16">
    <remembered-set count="15648" freebytes="2239488" totalbytes="2302080" percent="97" regionsoverflowed="0" regionsstable="14" regionsrebuilding="0"/>
  </mem-info>
</gc-start>
<gc-op id="1398" type="mark increment" timems="0.646" contextid="1395" timestamp="2019-07-02T20:35:54.434">
  <trace-info objectcount="173" scancount="0" scanbytes="0" />
</gc-op>
<gc-end id="1399" type="global mark phase" contextid="1395" durationms="0.920" usertimems="4.000" systemtimems="0.000" timestamp="2019-07-02T20:35:54.434" activeThreads="4">
  <mem-info id="1400" free="9437184" total="57671680" percent="16">
    <remembered-set count="15648" freebytes="2239488" totalbytes="2302080" percent="97" regionsoverflowed="0" regionsstable="0" regionsrebuilding="14"/>
  </mem-info>
</gc-end>
<concurrent-start id="1401" type="GMP work packet processing" contextid="1395" timestamp="2019-07-02T20:35:54.434">
  <concurrent-mark-start scanTarget="18446744073709551615" />
</concurrent-start>
<exclusive-end id="1402" timestamp="2019-07-02T20:35:54.437" durationms="4.317" />

<concurrent-end id="1403" type="GMP work packet processing" contextid="1395" timestamp="2019-07-02T20:35:54.443">
  <concurrent-mark-end bytesScanned="13458888" reasonForTermination="Completed all work in GC phase" />
</concurrent-end>

<exclusive-start id="1404" timestamp="2019-07-02T20:35:54.479" intervalms="46.279">
  <response-info timems="0.079" idlems="0.079" threads="0" lastid="0000000001777700" lastname="main" />
</exclusive-start>
<allocation-taxation id="1405" taxation-threshold="9437184" timestamp="2019-07-02T20:35:54.479" intervalms="46.341" />
<cycle-start id="1406" type="partial gc" contextid="0" timestamp="2019-07-02T20:35:54.480" intervalms="302.580" />
  <attribute name="GC Util" value="125" />
  <attribute name="CPU Util" value="24577831512975" />
  <attribute name="Time Running"value="12920"/>
  <attribute name="Number of cores"value="4"/>
<gc-start id="1407" type="partial gc" contextid="1406" timestamp="2019-07-02T20:35:54.480">
  <mem-info id="1408" free="0" total="57671680" percent="0">
    <mem type="eden" free="1048352" total="19922944" percent="5" />
    <remembered-set count="117088" freebytes="1833728" totalbytes="2302080" percent="79" regionsoverflowed="0" regionsstable="0" regionsrebuilding="14"/>
  </mem-info>
</gc-start>
<allocation-stats totalBytes="18862328" >
  <allocated-bytes non-tlh="360" tlh="18861968" arrayletleaf="0"/>
  <largest-consumer threadName="main" threadId="0000000001777700" bytes="9427472" />
</allocation-stats>
<gc-op id="1409" type="mark" timems="2.260" contextid="1406" timestamp="2019-07-02T20:35:54.483">
  <trace-info objectcount="82" scancount="71" scanbytes="1784" />
  <cardclean-info objects="94" bytes="11604" />
  <remembered-set-cleared processed="114659" cleared="110" durationms="0.451" />
  <references type="weak" candidates="4" cleared="0" enqueued="0" />
  <stringconstants candidates="13693" cleared="0"  />
  <warning details="Mark invoked due to insufficient free space for Copy-Forward" />
</gc-op>
<gc-op id="1410" type="classunload" timems="0.004" contextid="1406" timestamp="2019-07-02T20:35:54.483">
  <classunload-info classloadercandidates="54" classloadersunloaded="0" classesunloaded="0" anonymousclassesunloaded="0" quiescems="0.000" setupms="0.003" scanms="0.000" postms="0.000" />
</gc-op>
<gc-op id="1411" type="sweep" timems="0.671" contextid="1406" timestamp="2019-07-02T20:35:54.484" />
<gc-op id="1412" type="compact" timems="5.750" contextid="1406" timestamp="2019-07-02T20:35:54.490">
  <compact-info movecount="25948" movebytes="1079448" />
  <remembered-set-cleared processed="220448" cleared="13784" durationms="0.521" />
</gc-op>
<gc-end id="1413" type="partial gc" contextid="1406" durationms="10.362" usertimems="16.000" systemtimems="4.000" timestamp="2019-07-02T20:35:54.490" activeThreads="4">
  <mem-info id="1414" free="19922944" total="57671680" percent="34">
    <mem type="eden" free="1045248" total="1048576" percent="99" />
    <remembered-set count="112896" freebytes="1850496" totalbytes="2302080" percent="80" regionsoverflowed="0" regionsstable="0" regionsrebuilding="14"/>
  </mem-info>
</gc-end>
<cycle-end id="1415" type="partial gc" contextid="1406" timestamp="2019-07-02T20:35:54.491">
  <attribute name="GC Util" value="85" />
  <attribute name="CPU Util" value="19704081091415" />
  <attribute name="Time Running"value="12970"/>
  <attribute name="Number of cores"value="4"/>
</cycle-end>
<exclusive-end id="1416" timestamp="2019-07-02T20:35:54.491" durationms="11.637" />

<exclusive-start id="1417" timestamp="2019-07-02T20:35:54.520" intervalms="40.920">
  <response-info timems="0.140" idlems="0.140" threads="0" lastid="0000000001777700" lastname="main" />
</exclusive-start>
<allocation-taxation id="1418" taxation-threshold="9437184" timestamp="2019-07-02T20:35:54.520" intervalms="40.832" />
<gc-start id="1419" type="global mark phase" contextid="1395" timestamp="2019-07-02T20:35:54.520">
  <mem-info id="1420" free="10485760" total="57671680" percent="18">
    <remembered-set count="103712" freebytes="1887232" totalbytes="2302080" percent="81" regionsoverflowed="0" regionsstable="1" regionsrebuilding="14"/>
  </mem-info>
</gc-start>
<gc-op id="1421" type="mark increment" timems="4.607" contextid="1395" timestamp="2019-07-02T20:35:54.525">
  <trace-info objectcount="28867" scancount="25257" scanbytes="859316" />
  <cardclean-info objects="184690" bytes="4067104" />
  <finalization candidates="80" enqueued="0" />
  <ownableSynchronizers candidates="21" cleared="0" />
  <references type="soft" candidates="4604" cleared="2" enqueued="1" dynamicThreshold="11" maxThreshold="32" />
  <references type="weak" candidates="5549" cleared="0" enqueued="0" />
  <references type="phantom" candidates="101" cleared="0" enqueued="0" />
  <stringconstants candidates="13693" cleared="0"  />
</gc-op>
<gc-op id="1422" type="classunload" timems="0.006" contextid="1395" timestamp="2019-07-02T20:35:54.525">
  <classunload-info classloadercandidates="54" classloadersunloaded="0" classesunloaded="0" anonymousclassesunloaded="0" quiescems="0.000" setupms="0.006" scanms="0.000" postms="0.000" />
</gc-op>
<gc-end id="1423" type="global mark phase" contextid="1395" durationms="5.040" usertimems="4.000" systemtimems="4.000" timestamp="2019-07-02T20:35:54.525" activeThreads="4">
  <mem-info id="1424" free="10485760" total="57671680" percent="18">
    <pending-finalizers system="0" default="0" reference="1" classloader="0" />
    <remembered-set count="111904" freebytes="1854464" totalbytes="2302080" percent="80" regionsoverflowed="0" regionsstable="1" regionsrebuilding="0"/>
  </mem-info>
</gc-end>
<cycle-end id="1425" type="global mark phase" contextid="1395" timestamp="2019-07-02T20:35:54.526">
  <attribute name="GC Util" value="167" />
  <attribute name="CPU Util" value="27023919981259" />
  <attribute name="Time Running"value="13010"/>
  <attribute name="Number of cores"value="4"/>
</cycle-end>
<exclusive-end id="1426" timestamp="2019-07-02T20:35:54.526" durationms="5.717" />

<exclusive-start id="1427" timestamp="2019-07-02T20:35:54.554" intervalms="33.487">
  <response-info timems="0.076" idlems="0.076" threads="0" lastid="0000000001777700" lastname="main" />
</exclusive-start>
<allocation-taxation id="1428" taxation-threshold="9437184" timestamp="2019-07-02T20:35:54.554" intervalms="33.495" />
<cycle-start id="1429" type="partial gc" contextid="0" timestamp="2019-07-02T20:35:54.554" intervalms="74.286" />
  <attribute name="GC Util" value="167" />
  <attribute name="CPU Util" value="27023919981259" />
  <attribute name="Time Running"value="13010"/>
  <attribute name="Number of cores"value="4"/>
<gc-start id="1430" type="partial gc" contextid="1429" timestamp="2019-07-02T20:35:54.554">
  <mem-info id="1431" free="1048576" total="57671680" percent="1">
    <mem type="eden" free="0" total="18874368" percent="0" />
    <remembered-set count="6944" freebytes="2274304" totalbytes="2302080" percent="98" regionsoverflowed="0" regionsstable="15" regionsrebuilding="0"/>
  </mem-info>
</gc-start>
<allocation-stats totalBytes="18860424" >
  <allocated-bytes non-tlh="0" tlh="18860424" arrayletleaf="0"/>
  <largest-consumer threadName="main" threadId="0000000001777700" bytes="9426728" />
</allocation-stats>
<gc-op id="1432" type="sweep" timems="0.700" contextid="1429" timestamp="2019-07-02T20:35:54.555" />
<gc-op id="1433" type="copy forward" timems="1.427" contextid="1429" timestamp="2019-07-02T20:35:54.558">
  <memory-copied type="eden" objects="2" bytes="544" bytesdiscarded="0" />
  <memory-copied type="other" objects="64" bytes="2528" bytesdiscarded="136" />
  <memory-cardclean objects="69" bytes="10584" />
  <remembered-set-cleared processed="5053" cleared="17" durationms="0.121" />
  <references type="weak" candidates="4" cleared="0" enqueued="0" />
  <stringconstants candidates="13693" cleared="0"  />
</gc-op>
<gc-op id="1434" type="classunload" timems="0.003" contextid="1429" timestamp="2019-07-02T20:35:54.558">
  <classunload-info classloadercandidates="54" classloadersunloaded="0" classesunloaded="0" anonymousclassesunloaded="0" quiescems="0.000" setupms="0.003" scanms="0.000" postms="0.000" />
</gc-op>
<heap-resize id="1435" type="expand" space="default" amount="10485760" count="1" timems="0.075" reason="excessive time being spent in gc" timestamp="2019-07-02T20:35:54.558" />
<gc-end id="1436" type="partial gc" contextid="1429" durationms="3.816" usertimems="4.000" systemtimems="0.000" timestamp="2019-07-02T20:35:54.558" activeThreads="4">
  <mem-info id="1437" free="29360128" total="68157440" percent="43">
    <mem type="eden" free="1048032" total="1048576" percent="99" />
    <remembered-set count="7584" freebytes="2690304" totalbytes="2720640" percent="98" regionsoverflowed="0" regionsstable="15" regionsrebuilding="0"/>
  </mem-info>
</gc-end>
<cycle-end id="1438" type="partial gc" contextid="1429" timestamp="2019-07-02T20:35:54.558">
  <attribute name="GC Util" value="47" />
  <attribute name="CPU Util" value="65633929195557" />
  <attribute name="Time Running"value="13042"/>
  <attribute name="Number of cores"value="4"/>
</cycle-end>
<exclusive-end id="1439" timestamp="2019-07-02T20:35:54.559" durationms="5.008" />

<exclusive-start id="1440" timestamp="2019-07-02T20:35:54.642" intervalms="88.576">
  <response-info timems="0.078" idlems="0.078" threads="0" lastid="0000000001777700" lastname="main" />
</exclusive-start>
<allocation-taxation id="1441" taxation-threshold="11534336" timestamp="2019-07-02T20:35:54.642" intervalms="88.611" />
<cycle-start id="1442" type="global mark phase" contextid="0" timestamp="2019-07-02T20:35:54.642" intervalms="209.338" />
  <attribute name="GC Util" value="47" />
  <attribute name="CPU Util" value="65633929195557" />
  <attribute name="Time Running"value="13042"/>
  <attribute name="Number of cores"value="4"/>
<gc-start id="1443" type="global mark phase" contextid="1442" timestamp="2019-07-02T20:35:54.643">
  <mem-info id="1444" free="17825792" total="68157440" percent="26">
    <remembered-set count="7200" freebytes="2691840" totalbytes="2720640" percent="98" regionsoverflowed="0" regionsstable="15" regionsrebuilding="0"/>
  </mem-info>
</gc-start>
<gc-op id="1445" type="mark increment" timems="0.567" contextid="1442" timestamp="2019-07-02T20:35:54.643">
  <trace-info objectcount="178" scancount="0" scanbytes="0" />
</gc-op>
<gc-end id="1446" type="global mark phase" contextid="1442" durationms="0.862" usertimems="0.000" systemtimems="0.000" timestamp="2019-07-02T20:35:54.644" activeThreads="4">
  <mem-info id="1447" free="17825792" total="68157440" percent="26">
    <remembered-set count="7200" freebytes="2691840" totalbytes="2720640" percent="98" regionsoverflowed="0" regionsstable="0" regionsrebuilding="15"/>
  </mem-info>
</gc-end>
<concurrent-start id="1448" type="GMP work packet processing" contextid="1442" timestamp="2019-07-02T20:35:54.644">
  <concurrent-mark-start scanTarget="18446744073709551615" />
</concurrent-start>
<exclusive-end id="1449" timestamp="2019-07-02T20:35:54.644" durationms="1.908" />

<concurrent-end id="1450" type="GMP work packet processing" contextid="1442" timestamp="2019-07-02T20:35:54.666">
  <concurrent-mark-end bytesScanned="13466504" reasonForTermination="Completed all work in GC phase" />
</concurrent-end>

<exclusive-start id="1451" timestamp="2019-07-02T20:35:54.717" intervalms="75.103">
  <response-info timems="0.093" idlems="0.093" threads="0" lastid="0000000001777700" lastname="main" />
</exclusive-start>
<allocation-taxation id="1452" taxation-threshold="11534336" timestamp="2019-07-02T20:35:54.717" intervalms="75.114" />
<cycle-start id="1453" type="partial gc" contextid="0" timestamp="2019-07-02T20:35:54.718" intervalms="163.732" />
  <attribute name="GC Util" value="131" />
  <attribute name="CPU Util" value="31569537924434" />
  <attribute name="Time Running"value="13129"/>
  <attribute name="Number of cores"value="4"/>
<gc-start id="1454" type="partial gc" contextid="1453" timestamp="2019-07-02T20:35:54.718">
  <mem-info id="1455" free="6291456" total="68157440" percent="9">
    <mem type="eden" free="0" total="23068672" percent="0" />
    <remembered-set count="124352" freebytes="2223232" totalbytes="2720640" percent="81" regionsoverflowed="0" regionsstable="0" regionsrebuilding="15"/>
  </mem-info>
</gc-start>
<allocation-stats totalBytes="23059776" >
  <allocated-bytes non-tlh="0" tlh="23059776" arrayletleaf="0"/>
  <largest-consumer threadName="main" threadId="0000000001777700" bytes="11531184" />
</allocation-stats>
<gc-op id="1456" type="copy forward" timems="3.834" contextid="1453" timestamp="2019-07-02T20:35:54.723">
  <memory-copied type="eden" objects="47" bytes="1928" bytesdiscarded="400" />
  <memory-copied type="other" objects="35723" bytes="916120" bytesdiscarded="40024" />
  <memory-cardclean objects="8759" bytes="529912" />
  <remembered-set-cleared processed="120508" cleared="13473" durationms="0.510" />
  <references type="soft" candidates="5" cleared="1" enqueued="1" dynamicThreshold="8" maxThreshold="32" />
  <references type="weak" candidates="74" cleared="0" enqueued="0" />
  <references type="phantom" candidates="26" cleared="0" enqueued="0" />
  <stringconstants candidates="13693" cleared="0"  />
</gc-op>
<gc-op id="1457" type="classunload" timems="0.004" contextid="1453" timestamp="2019-07-02T20:35:54.723">
  <classunload-info classloadercandidates="54" classloadersunloaded="0" classesunloaded="0" anonymousclassesunloaded="0" quiescems="0.000" setupms="0.004" scanms="0.000" postms="0.000" />
</gc-op>
<gc-end id="1458" type="partial gc" contextid="1453" durationms="5.209" usertimems="8.000" systemtimems="0.000" timestamp="2019-07-02T20:35:54.723" activeThreads="4">
  <mem-info id="1459" free="30408704" total="68157440" percent="44">
    <mem type="eden" free="1046248" total="1048576" percent="99" />
    <pending-finalizers system="0" default="0" reference="1" classloader="0" />
    <remembered-set count="115808" freebytes="2257408" totalbytes="2720640" percent="82" regionsoverflowed="0" regionsstable="0" regionsrebuilding="15"/>
  </mem-info>
</gc-end>
<cycle-end id="1460" type="partial gc" contextid="1453" timestamp="2019-07-02T20:35:54.723">
  <attribute name="GC Util" value="58" />
  <attribute name="CPU Util" value="68674566444245" />
  <attribute name="Time Running"value="13204"/>
  <attribute name="Number of cores"value="4"/>
</cycle-end>
<exclusive-end id="1461" timestamp="2019-07-02T20:35:54.724" durationms="6.338" />

<exclusive-start id="1462" timestamp="2019-07-02T20:35:54.733" intervalms="15.837">
  <response-info timems="0.069" idlems="0.069" threads="0" lastid="0000000001777700" lastname="main" />
</exclusive-start>
<allocation-taxation id="1463" taxation-threshold="11534336" timestamp="2019-07-02T20:35:54.733" intervalms="15.775" />
<gc-start id="1464" type="global mark phase" contextid="1442" timestamp="2019-07-02T20:35:54.733">
  <mem-info id="1465" free="18874368" total="68157440" percent="27">
    <remembered-set count="115584" freebytes="2258304" totalbytes="2720640" percent="83" regionsoverflowed="0" regionsstable="0" regionsrebuilding="15"/>
  </mem-info>
</gc-start>
<gc-op id="1466" type="mark increment" timems="1.943" contextid="1442" timestamp="2019-07-02T20:35:54.735">
  <trace-info objectcount="36" scancount="34" scanbytes="230388" />
  <cardclean-info objects="11827" bytes="377864" />
  <finalization candidates="80" enqueued="0" />
  <ownableSynchronizers candidates="21" cleared="0" />
  <references type="soft" candidates="4601" cleared="989" enqueued="984" dynamicThreshold="14" maxThreshold="32" />
  <references type="weak" candidates="5559" cleared="0" enqueued="0" />
  <references type="phantom" candidates="101" cleared="0" enqueued="0" />
  <stringconstants candidates="13693" cleared="0"  />
</gc-op>
<gc-op id="1467" type="classunload" timems="0.004" contextid="1442" timestamp="2019-07-02T20:35:54.736">
  <classunload-info classloadercandidates="54" classloadersunloaded="0" classesunloaded="0" anonymousclassesunloaded="0" quiescems="0.000" setupms="0.004" scanms="0.000" postms="0.000" />
</gc-op>
<gc-end id="1468" type="global mark phase" contextid="1442" durationms="2.339" usertimems="4.000" systemtimems="0.000" timestamp="2019-07-02T20:35:54.736" activeThreads="4">
  <mem-info id="1469" free="18874368" total="68157440" percent="27">
    <pending-finalizers system="0" default="0" reference="984" classloader="0" />
    <remembered-set count="119680" freebytes="2241920" totalbytes="2720640" percent="82" regionsoverflowed="0" regionsstable="0" regionsrebuilding="0"/>
  </mem-info>
</gc-end>
<cycle-end id="1470" type="global mark phase" contextid="1442" timestamp="2019-07-02T20:35:54.736">
  <attribute name="GC Util" value="102" />
  <attribute name="CPU Util" value="78103605958511" />
  <attribute name="Time Running"value="13220"/>
  <attribute name="Number of cores"value="4"/>
</cycle-end>
<exclusive-end id="1471" timestamp="2019-07-02T20:35:54.736" durationms="3.021" />

<exclusive-start id="1472" timestamp="2019-07-02T20:35:54.746" intervalms="12.525">
  <response-info timems="0.090" idlems="0.090" threads="0" lastid="0000000001777700" lastname="main" />
</exclusive-start>
<allocation-taxation id="1473" taxation-threshold="11534336" timestamp="2019-07-02T20:35:54.746" intervalms="12.541" />
<cycle-start id="1474" type="partial gc" contextid="0" timestamp="2019-07-02T20:35:54.746" intervalms="28.293" />
  <attribute name="GC Util" value="102" />
  <attribute name="CPU Util" value="78103605958511" />
  <attribute name="Time Running"value="13220"/>
  <attribute name="Number of cores"value="4"/>
<gc-start id="1475" type="partial gc" contextid="1474" timestamp="2019-07-02T20:35:54.746">
  <mem-info id="1476" free="7340032" total="68157440" percent="10">
    <mem type="eden" free="0" total="23068672" percent="0" />
    <remembered-set count="62816" freebytes="2469376" totalbytes="2720640" percent="90" regionsoverflowed="0" regionsstable="13" regionsrebuilding="0"/>
  </mem-info>
</gc-start>
<allocation-stats totalBytes="23034944" >
  <allocated-bytes non-tlh="0" tlh="23034944" arrayletleaf="0"/>
  <largest-consumer threadName="main" threadId="0000000001777700" bytes="11472808" />
</allocation-stats>
<gc-op id="1477" type="sweep" timems="0.637" contextid="1474" timestamp="2019-07-02T20:35:54.747" />
<gc-op id="1478" type="copy forward" timems="3.796" contextid="1474" timestamp="2019-07-02T20:35:54.752">
  <memory-copied type="eden" objects="5" bytes="3144" bytesdiscarded="696" />
  <memory-copied type="other" objects="39740" bytes="946816" bytesdiscarded="245864" />
  <memory-cardclean objects="31764" bytes="1460040" />
  <remembered-set-cleared processed="58116" cleared="9682" durationms="0.458" />
  <finalization candidates="9" enqueued="0" />
  <references type="soft" candidates="2" cleared="0" enqueued="0" dynamicThreshold="8" maxThreshold="32" />
  <references type="weak" candidates="102" cleared="0" enqueued="0" />
  <references type="phantom" candidates="3" cleared="0" enqueued="0" />
  <stringconstants candidates="13693" cleared="0"  />
</gc-op>
<gc-op id="1479" type="classunload" timems="0.003" contextid="1474" timestamp="2019-07-02T20:35:54.752">
  <classunload-info classloadercandidates="54" classloadersunloaded="0" classesunloaded="0" anonymousclassesunloaded="0" quiescems="0.000" setupms="0.003" scanms="0.000" postms="0.000" />
</gc-op>
<gc-end id="1480" type="partial gc" contextid="1474" durationms="5.825" usertimems="8.000" systemtimems="0.000" timestamp="2019-07-02T20:35:54.752" activeThreads="4">
  <mem-info id="1481" free="29360128" total="68157440" percent="43">
    <mem type="eden" free="1044736" total="1048576" percent="99" />
    <remembered-set count="56352" freebytes="2495232" totalbytes="2720640" percent="91" regionsoverflowed="0" regionsstable="13" regionsrebuilding="0"/>
  </mem-info>
</gc-end>
<cycle-end id="1482" type="partial gc" contextid="1474" timestamp="2019-07-02T20:35:54.752">
  <attribute name="GC Util" value="54" />
  <attribute name="CPU Util" value="91123381426146" />
  <attribute name="Time Running"value="13233"/>
  <attribute name="Number of cores"value="4"/>
</cycle-end>
<exclusive-end id="1483" timestamp="2019-07-02T20:35:54.752" durationms="6.800" />

<exclusive-start id="1484" timestamp="2019-07-02T20:35:54.771" intervalms="25.600">
  <response-info timems="0.077" idlems="0.077" threads="0" lastid="0000000001777700" lastname="main" />
</exclusive-start>
<allocation-taxation id="1485" taxation-threshold="24117248" timestamp="2019-07-02T20:35:54.771" intervalms="25.592" />
<cycle-start id="1486" type="partial gc" contextid="0" timestamp="2019-07-02T20:35:54.772" intervalms="25.590" />
  <attribute name="GC Util" value="54" />
  <attribute name="CPU Util" value="91123381426146" />
  <attribute name="Time Running"value="13233"/>
  <attribute name="Number of cores"value="4"/>
<gc-start id="1487" type="partial gc" contextid="1486" timestamp="2019-07-02T20:35:54.772">
  <mem-info id="1488" free="5242880" total="68157440" percent="7">
    <mem type="eden" free="0" total="24117248" percent="0" />
    <remembered-set count="1344" freebytes="2715264" totalbytes="2720640" percent="99" regionsoverflowed="0" regionsstable="18" regionsrebuilding="0"/>
  </mem-info>
</gc-start>
<allocation-stats totalBytes="24074504" >
  <allocated-bytes non-tlh="0" tlh="24074504" arrayletleaf="0"/>
  <largest-consumer threadName="main" threadId="0000000001777700" bytes="24074504" />
</allocation-stats>
<gc-op id="1489" type="copy forward" timems="1.312" contextid="1486" timestamp="2019-07-02T20:35:54.774">
  <memory-copied type="eden" objects="5" bytes="128" bytesdiscarded="0" />
  <memory-copied type="other" objects="1981" bytes="41000" bytesdiscarded="1752" />
  <memory-cardclean objects="842" bytes="25352" />
  <remembered-set-cleared processed="43" cleared="3" durationms="0.086" />
  <stringconstants candidates="13693" cleared="0"  />
</gc-op>
<gc-op id="1490" type="classunload" timems="0.003" contextid="1486" timestamp="2019-07-02T20:35:54.774">
  <classunload-info classloadercandidates="54" classloadersunloaded="0" classesunloaded="0" anonymousclassesunloaded="0" quiescems="0.000" setupms="0.003" scanms="0.000" postms="0.000" />
</gc-op>
<heap-resize id="1491" type="expand" space="default" amount="12582912" count="1" timems="0.081" reason="excessive time being spent in gc" timestamp="2019-07-02T20:35:54.774" />
<gc-end id="1492" type="partial gc" contextid="1486" durationms="2.533" usertimems="4.000" systemtimems="0.000" timestamp="2019-07-02T20:35:54.774" activeThreads="4">
  <mem-info id="1493" free="41943040" total="80740352" percent="51">
    <mem type="eden" free="1048448" total="1048576" percent="99" />
    <remembered-set count="2304" freebytes="3213696" totalbytes="3222912" percent="99" regionsoverflowed="0" regionsstable="18" regionsrebuilding="0"/>
  </mem-info>
</gc-end>
<cycle-end id="1494" type="partial gc" contextid="1486" timestamp="2019-07-02T20:35:54.774">
  <attribute name="GC Util" value="63" />
  <attribute name="CPU Util" value="73640872368074" />
  <attribute name="Time Running"value="13258"/>
  <attribute name="Number of cores"value="4"/>
</cycle-end>
<exclusive-end id="1495" timestamp="2019-07-02T20:35:54.775" durationms="3.473" />

<exclusive-start id="1496" timestamp="2019-07-02T20:35:54.794" intervalms="22.839">
  <response-info timems="0.079" idlems="0.079" threads="0" lastid="0000000001777700" lastname="main" />
</exclusive-start>
<allocation-taxation id="1497" taxation-threshold="27262976" timestamp="2019-07-02T20:35:54.794" intervalms="22.829" />
<cycle-start id="1498" type="partial gc" contextid="0" timestamp="2019-07-02T20:35:54.794" intervalms="22.830" />
  <attribute name="GC Util" value="63" />
  <attribute name="CPU Util" value="73640872368074" />
  <attribute name="Time Running"value="13258"/>
  <attribute name="Number of cores"value="4"/>
<gc-start id="1499" type="partial gc" contextid="1498" timestamp="2019-07-02T20:35:54.795">
  <mem-info id="1500" free="14680064" total="80740352" percent="18">
    <mem type="eden" free="1048448" total="28311552" percent="3" />
    <remembered-set count="1824" freebytes="3215616" totalbytes="3222912" percent="99" regionsoverflowed="0" regionsstable="18" regionsrebuilding="0"/>
  </mem-info>
</gc-start>
<allocation-stats totalBytes="27215008" >
  <allocated-bytes non-tlh="0" tlh="27215008" arrayletleaf="0"/>
  <largest-consumer threadName="main" threadId="0000000001777700" bytes="27215008" />
</allocation-stats>
<gc-op id="1501" type="copy forward" timems="1.267" contextid="1498" timestamp="2019-07-02T20:35:54.797">
  <memory-copied type="eden" objects="4" bytes="96" bytesdiscarded="0" />
  <memory-copied type="other" objects="7" bytes="160" bytesdiscarded="0" />
  <memory-cardclean objects="40" bytes="1336" />
  <remembered-set-cleared processed="98" cleared="8" durationms="0.104" />
  <stringconstants candidates="13693" cleared="0"  />
</gc-op>
<gc-op id="1502" type="classunload" timems="0.003" contextid="1498" timestamp="2019-07-02T20:35:54.797">
  <classunload-info classloadercandidates="54" classloadersunloaded="0" classesunloaded="0" anonymousclassesunloaded="0" quiescems="0.000" setupms="0.003" scanms="0.000" postms="0.000" />
</gc-op>
<heap-resize id="1503" type="expand" space="default" amount="14680064" count="1" timems="0.076" reason="excessive time being spent in gc" timestamp="2019-07-02T20:35:54.797" />
<gc-end id="1504" type="partial gc" contextid="1498" durationms="2.489" usertimems="4.000" systemtimems="0.000" timestamp="2019-07-02T20:35:54.797" activeThreads="4">
  <mem-info id="1505" free="56623104" total="95420416" percent="59">
    <mem type="eden" free="1048480" total="1048576" percent="99" />
    <remembered-set count="1856" freebytes="3801472" totalbytes="3808896" percent="99" regionsoverflowed="0" regionsstable="18" regionsrebuilding="0"/>
  </mem-info>
</gc-end>
<cycle-end id="1506" type="partial gc" contextid="1498" timestamp="2019-07-02T20:35:54.797">
  <attribute name="GC Util" value="62" />
  <attribute name="CPU Util" value="73936623583674" />
  <attribute name="Time Running"value="13281"/>
  <attribute name="Number of cores"value="4"/>
</cycle-end>
<exclusive-end id="1507" timestamp="2019-07-02T20:35:54.797" durationms="3.281" />

<exclusive-start id="1508" timestamp="2019-07-02T20:35:54.880" intervalms="86.316">
  <response-info timems="0.069" idlems="0.069" threads="0" lastid="0000000001777700" lastname="main" />
</exclusive-start>
<allocation-taxation id="1509" taxation-threshold="30408704" timestamp="2019-07-02T20:35:54.881" intervalms="86.371" />
<cycle-start id="1510" type="partial gc" contextid="0" timestamp="2019-07-02T20:35:54.881" intervalms="86.359" />
  <attribute name="GC Util" value="62" />
  <attribute name="CPU Util" value="73936623583674" />
  <attribute name="Time Running"value="13281"/>
  <attribute name="Number of cores"value="4"/>
<gc-start id="1511" type="partial gc" contextid="1510" timestamp="2019-07-02T20:35:54.881">
  <mem-info id="1512" free="26214400" total="95420416" percent="27">
    <mem type="eden" free="1048480" total="31457280" percent="3" />
    <remembered-set count="1376" freebytes="3803392" totalbytes="3808896" percent="99" regionsoverflowed="0" regionsstable="18" regionsrebuilding="0"/>
  </mem-info>
</gc-start>
<allocation-stats totalBytes="30360384" >
  <allocated-bytes non-tlh="0" tlh="30360384" arrayletleaf="0"/>
  <largest-consumer threadName="main" threadId="0000000001777700" bytes="30360384" />
</allocation-stats>
<gc-op id="1513" type="copy forward" timems="1.544" contextid="1510" timestamp="2019-07-02T20:35:54.883">
  <memory-copied type="eden" objects="36" bytes="1480" bytesdiscarded="400" />
  <memory-copied type="other" objects="15" bytes="368" bytesdiscarded="720" />
  <memory-cardclean objects="145" bytes="5264" />
  <remembered-set-cleared processed="95" cleared="16" durationms="0.109" />
  <stringconstants candidates="13693" cleared="0"  />
</gc-op>
<gc-op id="1514" type="classunload" timems="0.004" contextid="1510" timestamp="2019-07-02T20:35:54.883">
  <classunload-info classloadercandidates="54" classloadersunloaded="0" classesunloaded="0" anonymousclassesunloaded="0" quiescems="0.000" setupms="0.003" scanms="0.000" postms="0.000" />
</gc-op>
<gc-end id="1515" type="partial gc" contextid="1510" durationms="2.624" usertimems="4.000" systemtimems="0.000" timestamp="2019-07-02T20:35:54.884" activeThreads="4">
  <mem-info id="1516" free="56623104" total="95420416" percent="59">
    <mem type="eden" free="1046696" total="1048576" percent="99" />
    <remembered-set count="2208" freebytes="3800064" totalbytes="3808896" percent="99" regionsoverflowed="0" regionsstable="18" regionsrebuilding="0"/>
  </mem-info>
</gc-end>
<cycle-end id="1517" type="partial gc" contextid="1510" timestamp="2019-07-02T20:35:54.884">
  <attribute name="GC Util" value="57" />
  <attribute name="CPU Util" value="69710316544799" />
  <attribute name="Time Running"value="13367"/>
  <attribute name="Number of cores"value="4"/>
</cycle-end>
<exclusive-end id="1518" timestamp="2019-07-02T20:35:54.884" durationms="3.628" />

<exclusive-start id="1519" timestamp="2019-07-02T20:35:54.943" intervalms="63.071">
  <response-info timems="0.081" idlems="0.081" threads="0" lastid="0000000001777700" lastname="main" />
</exclusive-start>
<allocation-taxation id="1520" taxation-threshold="30408704" timestamp="2019-07-02T20:35:54.944" intervalms="63.094" />
<cycle-start id="1521" type="partial gc" contextid="0" timestamp="2019-07-02T20:35:54.944" intervalms="63.105" />
  <attribute name="GC Util" value="57" />
  <attribute name="CPU Util" value="69710316544799" />
  <attribute name="Time Running"value="13367"/>
  <attribute name="Number of cores"value="4"/>
<gc-start id="1522" type="partial gc" contextid="1521" timestamp="2019-07-02T20:35:54.944">
  <mem-info id="1523" free="26214400" total="95420416" percent="27">
    <mem type="eden" free="0" total="30408704" percent="0" />
    <remembered-set count="2016" freebytes="3800832" totalbytes="3808896" percent="99" regionsoverflowed="0" regionsstable="18" regionsrebuilding="0"/>
  </mem-info>
</gc-start>
<allocation-stats totalBytes="30376392" >
  <allocated-bytes non-tlh="0" tlh="30376392" arrayletleaf="0"/>
  <largest-consumer threadName="main" threadId="0000000001777700" bytes="30376392" />
</allocation-stats>
<gc-op id="1524" type="copy forward" timems="1.333" contextid="1521" timestamp="2019-07-02T20:35:54.946">
  <memory-copied type="eden" objects="29" bytes="1504" bytesdiscarded="0" />
  <memory-copied type="other" objects="23" bytes="1024" bytesdiscarded="496" />
  <memory-cardclean objects="108" bytes="3944" />
  <remembered-set-cleared processed="95" cleared="4" durationms="0.086" />
  <stringconstants candidates="13693" cleared="0"  />
</gc-op>
<gc-op id="1525" type="classunload" timems="0.004" contextid="1521" timestamp="2019-07-02T20:35:54.946">
  <classunload-info classloadercandidates="54" classloadersunloaded="0" classesunloaded="0" anonymousclassesunloaded="0" quiescems="0.000" setupms="0.004" scanms="0.000" postms="0.000" />
</gc-op>
<gc-end id="1526" type="partial gc" contextid="1521" durationms="2.389" usertimems="4.000" systemtimems="0.000" timestamp="2019-07-02T20:35:54.947" activeThreads="4">
  <mem-info id="1527" free="55574528" total="95420416" percent="58">
    <mem type="eden" free="1047072" total="1048576" percent="99" />
    <remembered-set count="2368" freebytes="3799424" totalbytes="3808896" percent="99" regionsoverflowed="0" regionsstable="18" regionsrebuilding="0"/>
  </mem-info>
</gc-end>
<cycle-end id="1528" type="partial gc" contextid="1521" timestamp="2019-07-02T20:35:54.947">
  <attribute name="GC Util" value="62" />
  <attribute name="CPU Util" value="86425899380364" />
  <attribute name="Time Running"value="13430"/>
  <attribute name="Number of cores"value="4"/>
</cycle-end>
<exclusive-end id="1529" timestamp="2019-07-02T20:35:54.947" durationms="3.437" />

<exclusive-start id="1530" timestamp="2019-07-02T20:35:55.001" intervalms="57.558">
  <response-info timems="0.027" idlems="0.027" threads="0" lastid="0000000001777700" lastname="main" />
</exclusive-start>
<allocation-taxation id="1531" taxation-threshold="30408704" timestamp="2019-07-02T20:35:55.001" intervalms="57.521" />
<cycle-start id="1532" type="partial gc" contextid="0" timestamp="2019-07-02T20:35:55.001" intervalms="57.549" />
  <attribute name="GC Util" value="62" />
  <attribute name="CPU Util" value="86425899380364" />
  <attribute name="Time Running"value="13430"/>
  <attribute name="Number of cores"value="4"/>
<gc-start id="1533" type="partial gc" contextid="1532" timestamp="2019-07-02T20:35:55.002">
  <mem-info id="1534" free="25165824" total="95420416" percent="26">
    <mem type="eden" free="0" total="30408704" percent="0" />
    <remembered-set count="1888" freebytes="3801344" totalbytes="3808896" percent="99" regionsoverflowed="0" regionsstable="18" regionsrebuilding="0"/>
  </mem-info>
</gc-start>
<allocation-stats totalBytes="30384384" >
  <allocated-bytes non-tlh="25896" tlh="30358488" arrayletleaf="0"/>
  <largest-consumer threadName="main" threadId="0000000001777700" bytes="30384384" />
</allocation-stats>
<gc-op id="1535" type="copy forward" timems="1.572" contextid="1532" timestamp="2019-07-02T20:35:55.004">
  <memory-copied type="eden" objects="1380" bytes="104208" bytesdiscarded="2504" />
  <memory-copied type="other" objects="46" bytes="1056" bytesdiscarded="736" />
  <memory-cardclean objects="384" bytes="31200" />
  <remembered-set-cleared processed="95" cleared="15" durationms="0.105" />
  <references type="soft" candidates="15" cleared="0" enqueued="0" dynamicThreshold="18" maxThreshold="32" />
  <references type="weak" candidates="64" cleared="10" enqueued="7" />
  <stringconstants candidates="13735" cleared="0"  />
</gc-op>
<gc-op id="1536" type="classunload" timems="0.003" contextid="1532" timestamp="2019-07-02T20:35:55.004">
  <classunload-info classloadercandidates="54" classloadersunloaded="0" classesunloaded="0" anonymousclassesunloaded="0" quiescems="0.000" setupms="0.003" scanms="0.000" postms="0.000" />
</gc-op>
<heap-resize id="1537" type="contract" space="default" amount="5242880" count="1" timems="0.052" reason="insufficient time being spent in gc" timestamp="2019-07-02T20:35:55.004" />
<gc-end id="1538" type="partial gc" contextid="1532" durationms="2.882" usertimems="4.000" systemtimems="0.000" timestamp="2019-07-02T20:35:55.005" activeThreads="4">
  <mem-info id="1539" free="49283072" total="90177536" percent="54">
    <mem type="eden" free="941856" total="1048576" percent="89" />
    <pending-finalizers system="0" default="0" reference="7" classloader="0" />
    <remembered-set count="2144" freebytes="3800320" totalbytes="3808896" percent="99" regionsoverflowed="0" regionsstable="18" regionsrebuilding="0"/>
  </mem-info>
</gc-end>
<cycle-end id="1540" type="partial gc" contextid="1532" timestamp="2019-07-02T20:35:55.005">
  <attribute name="GC Util" value="59" />
  <attribute name="CPU Util" value="73054386466203" />
  <attribute name="Time Running"value="13488"/>
  <attribute name="Number of cores"value="4"/>
</cycle-end>
<exclusive-end id="1541" timestamp="2019-07-02T20:35:55.005" durationms="3.915" />

<exclusive-start id="1542" timestamp="2019-07-02T20:35:55.072" intervalms="71.025">
  <response-info timems="0.075" idlems="0.075" threads="0" lastid="0000000001777700" lastname="main" />
</exclusive-start>
<allocation-taxation id="1543" taxation-threshold="29360128" timestamp="2019-07-02T20:35:55.072" intervalms="71.037" />
<cycle-start id="1544" type="partial gc" contextid="0" timestamp="2019-07-02T20:35:55.072" intervalms="71.006" />
  <attribute name="GC Util" value="59" />
  <attribute name="CPU Util" value="73054386466203" />
  <attribute name="Time Running"value="13488"/>
  <attribute name="Number of cores"value="4"/>
<gc-start id="1545" type="partial gc" contextid="1544" timestamp="2019-07-02T20:35:55.073">
  <mem-info id="1546" free="19922944" total="90177536" percent="22">
    <mem type="eden" free="0" total="29360128" percent="0" />
    <remembered-set count="1664" freebytes="3802240" totalbytes="3808896" percent="99" regionsoverflowed="0" regionsstable="18" regionsrebuilding="0"/>
  </mem-info>
</gc-start>
<allocation-stats totalBytes="29310808" >
  <allocated-bytes non-tlh="0" tlh="29310808" arrayletleaf="0"/>
  <largest-consumer threadName="main" threadId="0000000001777700" bytes="29310808" />
</allocation-stats>
<gc-op id="1547" type="copy forward" timems="1.533" contextid="1544" timestamp="2019-07-02T20:35:55.075">
  <memory-copied type="eden" objects="2" bytes="1048" bytesdiscarded="0" />
  <memory-copied type="other" objects="1417" bytes="103120" bytesdiscarded="6312" />
  <memory-cardclean objects="216" bytes="20992" />
  <remembered-set-cleared processed="96" cleared="18" durationms="0.109" />
  <references type="soft" candidates="15" cleared="0" enqueued="0" dynamicThreshold="17" maxThreshold="32" />
  <references type="weak" candidates="52" cleared="0" enqueued="0" />
  <stringconstants candidates="13735" cleared="0"  />
</gc-op>
<gc-op id="1548" type="classunload" timems="0.003" contextid="1544" timestamp="2019-07-02T20:35:55.075">
  <classunload-info classloadercandidates="54" classloadersunloaded="0" classesunloaded="0" anonymousclassesunloaded="0" quiescems="0.000" setupms="0.003" scanms="0.000" postms="0.000" />
</gc-op>
<gc-end id="1549" type="partial gc" contextid="1544" durationms="2.931" usertimems="4.000" systemtimems="0.000" timestamp="2019-07-02T20:35:55.076" activeThreads="4">
  <mem-info id="1550" free="48234496" total="90177536" percent="53">
    <mem type="eden" free="1047528" total="1048576" percent="99" />
    <remembered-set count="2624" freebytes="3589120" totalbytes="3599616" percent="99" regionsoverflowed="0" regionsstable="18" regionsrebuilding="0"/>
  </mem-info>
</gc-end>
<cycle-end id="1551" type="partial gc" contextid="1544" timestamp="2019-07-02T20:35:55.076">
  <attribute name="GC Util" value="30" />
  <attribute name="CPU Util" value="34565177565293" />
  <attribute name="Time Running"value="13559"/>
  <attribute name="Number of cores"value="4"/>
</cycle-end>
<exclusive-end id="1552" timestamp="2019-07-02T20:35:55.076" durationms="3.962" />

<exclusive-start id="1553" timestamp="2019-07-02T20:35:55.300" intervalms="228.129">
  <response-info timems="0.075" idlems="0.075" threads="0" lastid="0000000001777700" lastname="main" />
</exclusive-start>
<allocation-taxation id="1554" taxation-threshold="29360128" timestamp="2019-07-02T20:35:55.300" intervalms="228.149" />
<cycle-start id="1555" type="partial gc" contextid="0" timestamp="2019-07-02T20:35:55.301" intervalms="228.198" />
  <attribute name="GC Util" value="30" />
  <attribute name="CPU Util" value="34565177565293" />
  <attribute name="Time Running"value="13559"/>
  <attribute name="Number of cores"value="4"/>
<gc-start id="1556" type="partial gc" contextid="1555" timestamp="2019-07-02T20:35:55.301">
  <mem-info id="1557" free="18874368" total="90177536" percent="20">
    <mem type="eden" free="1047528" total="30408704" percent="3" />
    <remembered-set count="2144" freebytes="3591040" totalbytes="3599616" percent="99" regionsoverflowed="0" regionsstable="18" regionsrebuilding="0"/>
  </mem-info>
</gc-start>
<allocation-stats totalBytes="29351576" >
  <allocated-bytes non-tlh="0" tlh="29351576" arrayletleaf="0"/>
  <largest-consumer threadName="main" threadId="0000000001777700" bytes="29351576" />
</allocation-stats>
<gc-op id="1558" type="copy forward" timems="1.519" contextid="1555" timestamp="2019-07-02T20:35:55.303">
  <memory-copied type="eden" objects="62" bytes="1936" bytesdiscarded="424" />
  <memory-copied type="other" objects="58" bytes="1448" bytesdiscarded="288" />
  <memory-cardclean objects="193" bytes="15656" />
  <remembered-set-cleared processed="125" cleared="21" durationms="0.089" />
  <references type="weak" candidates="38" cleared="0" enqueued="0" />
  <stringconstants candidates="13735" cleared="0"  />
</gc-op>
<gc-op id="1559" type="classunload" timems="0.004" contextid="1555" timestamp="2019-07-02T20:35:55.303">
  <classunload-info classloadercandidates="54" classloadersunloaded="0" classesunloaded="0" anonymousclassesunloaded="0" quiescems="0.000" setupms="0.004" scanms="0.000" postms="0.000" />
</gc-op>
<heap-resize id="1560" type="contract" space="default" amount="5242880" count="1" timems="0.063" reason="insufficient time being spent in gc" timestamp="2019-07-02T20:35:55.304" />
<gc-end id="1561" type="partial gc" contextid="1555" durationms="2.872" usertimems="0.000" systemtimems="0.000" timestamp="2019-07-02T20:35:55.304" activeThreads="4">
  <mem-info id="1562" free="42991616" total="84934656" percent="50">
    <mem type="eden" free="1046216" total="1048576" percent="99" />
    <remembered-set count="2208" freebytes="3590784" totalbytes="3599616" percent="99" regionsoverflowed="0" regionsstable="18" regionsrebuilding="0"/>
  </mem-info>
</gc-end>
<cycle-end id="1563" type="partial gc" contextid="1555" timestamp="2019-07-02T20:35:55.304">
  <attribute name="GC Util" value="50" />
  <attribute name="CPU Util" value="63152801852296" />
  <attribute name="Time Running"value="13787"/>
  <attribute name="Number of cores"value="4"/>
</cycle-end>
<exclusive-end id="1564" timestamp="2019-07-02T20:35:55.304" durationms="4.227" />

<exclusive-start id="1565" timestamp="2019-07-02T20:35:55.386" intervalms="85.700">
  <response-info timems="0.106" idlems="0.106" threads="0" lastid="0000000001777700" lastname="main" />
</exclusive-start>
<allocation-taxation id="1566" taxation-threshold="28311552" timestamp="2019-07-02T20:35:55.386" intervalms="85.708" />
<cycle-start id="1567" type="partial gc" contextid="0" timestamp="2019-07-02T20:35:55.386" intervalms="85.736" />
  <attribute name="GC Util" value="50" />
  <attribute name="CPU Util" value="63152801852296" />
  <attribute name="Time Running"value="13787"/>
  <attribute name="Number of cores"value="4"/>
<gc-start id="1568" type="partial gc" contextid="1567" timestamp="2019-07-02T20:35:55.387">
  <mem-info id="1569" free="14680064" total="84934656" percent="17">
    <mem type="eden" free="0" total="28311552" percent="0" />
    <remembered-set count="1856" freebytes="3592192" totalbytes="3599616" percent="99" regionsoverflowed="0" regionsstable="18" regionsrebuilding="0"/>
  </mem-info>
</gc-start>
<allocation-stats totalBytes="28306280" >
  <allocated-bytes non-tlh="0" tlh="28306280" arrayletleaf="0"/>
  <largest-consumer threadName="main" threadId="0000000001777700" bytes="28306280" />
</allocation-stats>
<gc-op id="1570" type="copy forward" timems="1.434" contextid="1567" timestamp="2019-07-02T20:35:55.389">
  <memory-copied type="eden" objects="10" bytes="344" bytesdiscarded="0" />
  <memory-copied type="other" objects="71" bytes="2160" bytesdiscarded="1360" />
  <memory-cardclean objects="73" bytes="11048" />
  <remembered-set-cleared processed="125" cleared="16" durationms="0.094" />
  <references type="weak" candidates="36" cleared="0" enqueued="0" />
  <stringconstants candidates="13735" cleared="0"  />
</gc-op>
<gc-op id="1571" type="classunload" timems="0.003" contextid="1567" timestamp="2019-07-02T20:35:55.389">
  <classunload-info classloadercandidates="54" classloadersunloaded="0" classesunloaded="0" anonymousclassesunloaded="0" quiescems="0.000" setupms="0.003" scanms="0.000" postms="0.000" />
</gc-op>
<heap-resize id="1572" type="contract" space="default" amount="5242880" count="1" timems="0.062" reason="insufficient time being spent in gc" timestamp="2019-07-02T20:35:55.390" />
<gc-end id="1573" type="partial gc" contextid="1567" durationms="3.175" usertimems="0.000" systemtimems="0.000" timestamp="2019-07-02T20:35:55.390" activeThreads="4">
  <mem-info id="1574" free="36700160" total="79691776" percent="46">
    <mem type="eden" free="1048232" total="1048576" percent="99" />
    <remembered-set count="2304" freebytes="3381120" totalbytes="3390336" percent="99" regionsoverflowed="0" regionsstable="18" regionsrebuilding="0"/>
  </mem-info>
</gc-end>
<cycle-end id="1575" type="partial gc" contextid="1567" timestamp="2019-07-02T20:35:55.390">
  <attribute name="GC Util" value="31" />
  <attribute name="CPU Util" value="37523202305609" />
  <attribute name="Time Running"value="13873"/>
  <attribute name="Number of cores"value="4"/>
</cycle-end>
<exclusive-end id="1576" timestamp="2019-07-02T20:35:55.390" durationms="4.516" />

<exclusive-start id="1577" timestamp="2019-07-02T20:35:55.457" intervalms="70.899">
  <response-info timems="0.107" idlems="0.107" threads="0" lastid="0000000001777700" lastname="main" />
</exclusive-start>
<allocation-taxation id="1578" taxation-threshold="26214400" timestamp="2019-07-02T20:35:55.457" intervalms="70.952" />
<cycle-start id="1579" type="partial gc" contextid="0" timestamp="2019-07-02T20:35:55.457" intervalms="70.980" />
  <attribute name="GC Util" value="31" />
  <attribute name="CPU Util" value="37523202305609" />
  <attribute name="Time Running"value="13873"/>
  <attribute name="Number of cores"value="4"/>
<gc-start id="1580" type="partial gc" contextid="1579" timestamp="2019-07-02T20:35:55.458">
  <mem-info id="1581" free="10485760" total="79691776" percent="13">
    <mem type="eden" free="1048232" total="27262976" percent="3" />
    <remembered-set count="1824" freebytes="3383040" totalbytes="3390336" percent="99" regionsoverflowed="0" regionsstable="18" regionsrebuilding="0"/>
  </mem-info>
</gc-start>
<allocation-stats totalBytes="26209248" >
  <allocated-bytes non-tlh="0" tlh="26209248" arrayletleaf="0"/>
  <largest-consumer threadName="main" threadId="0000000001777700" bytes="26209248" />
</allocation-stats>
<gc-op id="1582" type="copy forward" timems="1.472" contextid="1579" timestamp="2019-07-02T20:35:55.460">
  <memory-copied type="eden" objects="5" bytes="240" bytesdiscarded="0" />
  <memory-copied type="other" objects="43" bytes="1480" bytesdiscarded="656" />
  <memory-cardclean objects="50" bytes="2248" />
  <remembered-set-cleared processed="130" cleared="5" durationms="0.092" />
  <stringconstants candidates="13735" cleared="0"  />
</gc-op>
<gc-op id="1583" type="classunload" timems="0.004" contextid="1579" timestamp="2019-07-02T20:35:55.460">
  <classunload-info classloadercandidates="54" classloadersunloaded="0" classesunloaded="0" anonymousclassesunloaded="0" quiescems="0.000" setupms="0.004" scanms="0.000" postms="0.000" />
</gc-op>
<heap-resize id="1584" type="contract" space="default" amount="4194304" count="1" timems="0.063" reason="insufficient time being spent in gc" timestamp="2019-07-02T20:35:55.461" />
<gc-end id="1585" type="partial gc" contextid="1579" durationms="3.169" usertimems="0.000" systemtimems="0.000" timestamp="2019-07-02T20:35:55.461" activeThreads="4">
  <mem-info id="1586" free="34603008" total="75497472" percent="45">
    <mem type="eden" free="1048336" total="1048576" percent="99" />
    <remembered-set count="1952" freebytes="3173248" totalbytes="3181056" percent="99" regionsoverflowed="0" regionsstable="18" regionsrebuilding="0"/>
  </mem-info>
</gc-end>
<cycle-end id="1587" type="partial gc" contextid="1579" timestamp="2019-07-02T20:35:55.461">
  <attribute name="GC Util" value="32" />
  <attribute name="CPU Util" value="37286487502038" />
  <attribute name="Time Running"value="13944"/>
  <attribute name="Number of cores"value="4"/>
</cycle-end>
<exclusive-end id="1588" timestamp="2019-07-02T20:35:55.461" durationms="4.617" />

<exclusive-start id="1589" timestamp="2019-07-02T20:35:55.493" intervalms="35.800">
  <response-info timems="0.106" idlems="0.106" threads="0" lastid="0000000001777700" lastname="main" />
</exclusive-start>
<allocation-taxation id="1590" taxation-threshold="12582912" timestamp="2019-07-02T20:35:55.493" intervalms="35.761" />
<cycle-start id="1591" type="global mark phase" contextid="0" timestamp="2019-07-02T20:35:55.493" intervalms="850.480" />
  <attribute name="GC Util" value="32" />
  <attribute name="CPU Util" value="37286487502038" />
  <attribute name="Time Running"value="13944"/>
  <attribute name="Number of cores"value="4"/>
<gc-start id="1592" type="global mark phase" contextid="1591" timestamp="2019-07-02T20:35:55.493">
  <mem-info id="1593" free="22020096" total="75497472" percent="29">
    <remembered-set count="1568" freebytes="3174784" totalbytes="3181056" percent="99" regionsoverflowed="0" regionsstable="18" regionsrebuilding="0"/>
  </mem-info>
</gc-start>
<gc-op id="1594" type="mark increment" timems="0.644" contextid="1591" timestamp="2019-07-02T20:35:55.494">
  <trace-info objectcount="170" scancount="0" scanbytes="0" />
</gc-op>
<gc-end id="1595" type="global mark phase" contextid="1591" durationms="0.895" usertimems="4.000" systemtimems="0.000" timestamp="2019-07-02T20:35:55.494" activeThreads="4">
  <mem-info id="1596" free="22020096" total="75497472" percent="29">
    <remembered-set count="1568" freebytes="3174784" totalbytes="3181056" percent="99" regionsoverflowed="0" regionsstable="0" regionsrebuilding="18"/>
  </mem-info>
</gc-end>
<concurrent-start id="1597" type="GMP work packet processing" contextid="1591" timestamp="2019-07-02T20:35:55.494">
  <concurrent-mark-start scanTarget="2112230" />
</concurrent-start>
<exclusive-end id="1598" timestamp="2019-07-02T20:35:55.496" durationms="3.804" />

<concurrent-end id="1599" type="GMP work packet processing" contextid="1591" timestamp="2019-07-02T20:35:55.497">
  <concurrent-mark-end bytesScanned="2145588" reasonForTermination="Work target met" />
</concurrent-end>

<exclusive-start id="1600" timestamp="2019-07-02T20:35:55.528" intervalms="35.791">
  <response-info timems="0.079" idlems="0.079" threads="0" lastid="0000000001777700" lastname="main" />
</exclusive-start>
<allocation-taxation id="1601" taxation-threshold="12582912" timestamp="2019-07-02T20:35:55.529" intervalms="35.786" />
<cycle-start id="1602" type="partial gc" contextid="0" timestamp="2019-07-02T20:35:55.529" intervalms="71.499" />
  <attribute name="GC Util" value="143" />
  <attribute name="CPU Util" value="31843931946189" />
  <attribute name="Time Running"value="13980"/>
  <attribute name="Number of cores"value="4"/>
<gc-start id="1603" type="partial gc" contextid="1602" timestamp="2019-07-02T20:35:55.529">
  <mem-info id="1604" free="9437184" total="75497472" percent="12">
    <mem type="eden" free="1048336" total="26214400" percent="3" />
    <remembered-set count="21792" freebytes="3093888" totalbytes="3181056" percent="97" regionsoverflowed="0" regionsstable="0" regionsrebuilding="18"/>
  </mem-info>
</gc-start>
<allocation-stats totalBytes="25161264" >
  <allocated-bytes non-tlh="0" tlh="25161264" arrayletleaf="0"/>
  <largest-consumer threadName="main" threadId="0000000001777700" bytes="12580824" />
</allocation-stats>
<gc-op id="1605" type="copy forward" timems="1.695" contextid="1602" timestamp="2019-07-02T20:35:55.532">
  <memory-copied type="eden" objects="9" bytes="336" bytesdiscarded="0" />
  <memory-copied type="other" objects="0" bytes="0" bytesdiscarded="0" />
  <memory-cardclean objects="21" bytes="824" />
  <remembered-set-cleared processed="19537" cleared="22" durationms="0.144" />
  <stringconstants candidates="13735" cleared="0"  />
</gc-op>
<gc-op id="1606" type="classunload" timems="0.004" contextid="1602" timestamp="2019-07-02T20:35:55.532">
  <classunload-info classloadercandidates="54" classloadersunloaded="0" classesunloaded="0" anonymousclassesunloaded="0" quiescems="0.000" setupms="0.004" scanms="0.000" postms="0.000" />
</gc-op>
<gc-end id="1607" type="partial gc" contextid="1602" durationms="3.128" usertimems="4.000" systemtimems="0.000" timestamp="2019-07-02T20:35:55.532" activeThreads="4">
  <mem-info id="1608" free="34603008" total="75497472" percent="45">
    <mem type="eden" free="1048240" total="1048576" percent="99" />
    <remembered-set count="22016" freebytes="2925568" totalbytes="3013632" percent="97" regionsoverflowed="0" regionsstable="0" regionsrebuilding="18"/>
  </mem-info>
</gc-end>
<cycle-end id="1609" type="partial gc" contextid="1602" timestamp="2019-07-02T20:35:55.533">
  <attribute name="GC Util" value="74" />
  <attribute name="CPU Util" value="42598933478165" />
  <attribute name="Time Running"value="14016"/>
  <attribute name="Number of cores"value="4"/>
</cycle-end>
<exclusive-end id="1610" timestamp="2019-07-02T20:35:55.533" durationms="4.405" />

<exclusive-start id="1611" timestamp="2019-07-02T20:35:55.554" intervalms="25.803">
  <response-info timems="0.085" idlems="0.085" threads="0" lastid="0000000001777700" lastname="main" />
</exclusive-start>
<allocation-taxation id="1612" taxation-threshold="12582912" timestamp="2019-07-02T20:35:55.554" intervalms="25.796" />
<gc-start id="1613" type="global mark phase" contextid="1591" timestamp="2019-07-02T20:35:55.555">
  <mem-info id="1614" free="22020096" total="75497472" percent="29">
    <remembered-set count="21536" freebytes="2927488" totalbytes="3013632" percent="97" regionsoverflowed="0" regionsstable="0" regionsrebuilding="18"/>
  </mem-info>
</gc-start>
<gc-end id="1615" type="global mark phase" contextid="1591" durationms="0.181" usertimems="0.000" systemtimems="0.000" timestamp="2019-07-02T20:35:55.555" activeThreads="4">
  <mem-info id="1616" free="22020096" total="75497472" percent="29">
    <remembered-set count="21536" freebytes="2927488" totalbytes="3013632" percent="97" regionsoverflowed="0" regionsstable="0" regionsrebuilding="18"/>
  </mem-info>
</gc-end>
<concurrent-start id="1617" type="GMP work packet processing" contextid="1591" timestamp="2019-07-02T20:35:55.555">
  <concurrent-mark-start scanTarget="2112230" />
</concurrent-start>
<concurrent-end id="1618" type="GMP work packet processing" contextid="1591" timestamp="2019-07-02T20:35:55.557">
  <concurrent-mark-end bytesScanned="2142380" reasonForTermination="Work target met" />
</concurrent-end>

<exclusive-end id="1619" timestamp="2019-07-02T20:35:55.557" durationms="2.668" />

<exclusive-start id="1620" timestamp="2019-07-02T20:35:55.568" intervalms="14.084">
  <response-info timems="0.064" idlems="0.064" threads="0" lastid="0000000001777700" lastname="main" />
</exclusive-start>
<allocation-taxation id="1621" taxation-threshold="12582912" timestamp="2019-07-02T20:35:55.568" intervalms="14.035" />
<cycle-start id="1622" type="partial gc" contextid="0" timestamp="2019-07-02T20:35:55.569" intervalms="39.829" />
  <attribute name="GC Util" value="18" />
  <attribute name="CPU Util" value="742346374418" />
  <attribute name="Time Running"value="14041"/>
  <attribute name="Number of cores"value="4"/>
<gc-start id="1623" type="partial gc" contextid="1622" timestamp="2019-07-02T20:35:55.569">
  <mem-info id="1624" free="9437184" total="75497472" percent="12">
    <mem type="eden" free="1048240" total="26214400" percent="3" />
    <remembered-set count="39264" freebytes="2856576" totalbytes="3013632" percent="94" regionsoverflowed="0" regionsstable="0" regionsrebuilding="18"/>
  </mem-info>
</gc-start>
<allocation-stats totalBytes="25134648" >
  <allocated-bytes non-tlh="0" tlh="25134648" arrayletleaf="0"/>
  <largest-consumer threadName="main" threadId="0000000001777700" bytes="12564776" />
</allocation-stats>
<gc-op id="1625" type="copy forward" timems="1.590" contextid="1622" timestamp="2019-07-02T20:35:55.571">
  <memory-copied type="eden" objects="28" bytes="1376" bytesdiscarded="696" />
  <memory-copied type="other" objects="0" bytes="0" bytesdiscarded="0" />
  <memory-cardclean objects="64" bytes="2352" />
  <remembered-set-cleared processed="36689" cleared="62" durationms="0.179" />
  <stringconstants candidates="13735" cleared="0"  />
</gc-op>
<gc-op id="1626" type="classunload" timems="0.003" contextid="1622" timestamp="2019-07-02T20:35:55.571">
  <classunload-info classloadercandidates="54" classloadersunloaded="0" classesunloaded="0" anonymousclassesunloaded="0" quiescems="0.000" setupms="0.003" scanms="0.000" postms="0.000" />
</gc-op>
<heap-resize id="1627" type="expand" space="default" amount="13631488" count="1" timems="0.075" reason="excessive time being spent in gc" timestamp="2019-07-02T20:35:55.572" />
<gc-end id="1628" type="partial gc" contextid="1622" durationms="2.714" usertimems="4.000" systemtimems="0.000" timestamp="2019-07-02T20:35:55.572" activeThreads="4">
  <mem-info id="1629" free="48234496" total="89128960" percent="54">
    <mem type="eden" free="1046504" total="1048576" percent="99" />
    <remembered-set count="40000" freebytes="3397760" totalbytes="3557760" percent="95" regionsoverflowed="0" regionsstable="0" regionsrebuilding="18"/>
  </mem-info>
</gc-end>
<cycle-end id="1630" type="partial gc" contextid="1622" timestamp="2019-07-02T20:35:55.572">
  <attribute name="GC Util" value="68" />
  <attribute name="CPU Util" value="80535882820416" />
  <attribute name="Time Running"value="14055"/>
  <attribute name="Number of cores"value="4"/>
</cycle-end>
<exclusive-end id="1631" timestamp="2019-07-02T20:35:55.572" durationms="3.881" />

<exclusive-start id="1632" timestamp="2019-07-02T20:35:55.584" intervalms="16.139">
  <response-info timems="0.067" idlems="0.067" threads="0" lastid="0000000001777700" lastname="main" />
</exclusive-start>
<allocation-taxation id="1633" taxation-threshold="13631488" timestamp="2019-07-02T20:35:55.585" intervalms="16.146" />
<gc-start id="1634" type="global mark phase" contextid="1591" timestamp="2019-07-02T20:35:55.585">
  <mem-info id="1635" free="34603008" total="89128960" percent="38">
    <remembered-set count="39520" freebytes="3399680" totalbytes="3557760" percent="95" regionsoverflowed="0" regionsstable="0" regionsrebuilding="18"/>
  </mem-info>
</gc-start>
<gc-end id="1636" type="global mark phase" contextid="1591" durationms="0.199" usertimems="0.000" systemtimems="0.000" timestamp="2019-07-02T20:35:55.585" activeThreads="4">
  <mem-info id="1637" free="34603008" total="89128960" percent="38">
    <remembered-set count="39520" freebytes="3399680" totalbytes="3557760" percent="95" regionsoverflowed="0" regionsstable="0" regionsrebuilding="18"/>
  </mem-info>
</gc-end>
<concurrent-start id="1638" type="GMP work packet processing" contextid="1591" timestamp="2019-07-02T20:35:55.585">
  <concurrent-mark-start scanTarget="2112230" />
</concurrent-start>
<exclusive-end id="1639" timestamp="2019-07-02T20:35:55.585" durationms="0.885" />

<concurrent-end id="1640" type="GMP work packet processing" contextid="1591" timestamp="2019-07-02T20:35:55.587">
  <concurrent-mark-end bytesScanned="2139956" reasonForTermination="Work target met" />
</concurrent-end>

<exclusive-start id="1641" timestamp="2019-07-02T20:35:55.597" intervalms="12.666">
  <response-info timems="0.070" idlems="0.070" threads="0" lastid="0000000001777700" lastname="main" />
</exclusive-start>
<allocation-taxation id="1642" taxation-threshold="13631488" timestamp="2019-07-02T20:35:55.597" intervalms="12.581" />
<cycle-start id="1643" type="partial gc" contextid="0" timestamp="2019-07-02T20:35:55.597" intervalms="28.594" />
  <attribute name="GC Util" value="24" />
  <attribute name="CPU Util" value="1186300661752" />
  <attribute name="Time Running"value="14071"/>
  <attribute name="Number of cores"value="4"/>
<gc-start id="1644" type="partial gc" contextid="1643" timestamp="2019-07-02T20:35:55.597">
  <mem-info id="1645" free="20971520" total="89128960" percent="23">
    <mem type="eden" free="0" total="27262976" percent="0" />
    <remembered-set count="58784" freebytes="3322624" totalbytes="3557760" percent="93" regionsoverflowed="0" regionsstable="0" regionsrebuilding="18"/>
  </mem-info>
</gc-start>
<allocation-stats totalBytes="27225744" >
  <allocated-bytes non-tlh="0" tlh="27225744" arrayletleaf="0"/>
  <largest-consumer threadName="main" threadId="0000000001777700" bytes="13612680" />
</allocation-stats>
<gc-op id="1646" type="copy forward" timems="1.654" contextid="1643" timestamp="2019-07-02T20:35:55.600">
  <memory-copied type="eden" objects="4" bytes="96" bytesdiscarded="696" />
  <memory-copied type="other" objects="23" bytes="1256" bytesdiscarded="1320" />
  <memory-cardclean objects="49" bytes="2112" />
  <remembered-set-cleared processed="55705" cleared="44" durationms="0.227" />
  <stringconstants candidates="13735" cleared="0"  />
</gc-op>
<gc-op id="1647" type="classunload" timems="0.003" contextid="1643" timestamp="2019-07-02T20:35:55.600">
  <classunload-info classloadercandidates="54" classloadersunloaded="0" classesunloaded="0" anonymousclassesunloaded="0" quiescems="0.000" setupms="0.003" scanms="0.000" postms="0.000" />
</gc-op>
<heap-resize id="1648" type="expand" space="default" amount="15728640" count="1" timems="0.088" reason="excessive time being spent in gc" timestamp="2019-07-02T20:35:55.600" />
<gc-end id="1649" type="partial gc" contextid="1643" durationms="2.994" usertimems="4.000" systemtimems="0.000" timestamp="2019-07-02T20:35:55.600" activeThreads="4">
  <mem-info id="1650" free="62914560" total="104857600" percent="60">
    <mem type="eden" free="1047784" total="1048576" percent="99" />
    <remembered-set count="59168" freebytes="3948928" totalbytes="4185600" percent="94" regionsoverflowed="0" regionsstable="0" regionsrebuilding="18"/>
  </mem-info>
</gc-end>
<cycle-end id="1651" type="partial gc" contextid="1643" timestamp="2019-07-02T20:35:55.601">
  <attribute name="GC Util" value="69" />
  <attribute name="CPU Util" value="77519378892338" />
  <attribute name="Time Running"value="14084"/>
  <attribute name="Number of cores"value="4"/>
</cycle-end>
<exclusive-end id="1652" timestamp="2019-07-02T20:35:55.601" durationms="3.911" />

<exclusive-start id="1653" timestamp="2019-07-02T20:35:55.613" intervalms="15.982">
  <response-info timems="0.090" idlems="0.090" threads="0" lastid="0000000001777700" lastname="main" />
</exclusive-start>
<allocation-taxation id="1654" taxation-threshold="15728640" timestamp="2019-07-02T20:35:55.613" intervalms="16.011" />
<gc-start id="1655" type="global mark phase" contextid="1591" timestamp="2019-07-02T20:35:55.613">
  <mem-info id="1656" free="47185920" total="104857600" percent="45">
    <remembered-set count="58688" freebytes="3950848" totalbytes="4185600" percent="94" regionsoverflowed="0" regionsstable="0" regionsrebuilding="18"/>
  </mem-info>
</gc-start>
<gc-end id="1657" type="global mark phase" contextid="1591" durationms="0.192" usertimems="0.000" systemtimems="0.000" timestamp="2019-07-02T20:35:55.613" activeThreads="4">
  <mem-info id="1658" free="47185920" total="104857600" percent="45">
    <remembered-set count="58688" freebytes="3950848" totalbytes="4185600" percent="94" regionsoverflowed="0" regionsstable="0" regionsrebuilding="18"/>
  </mem-info>
</gc-end>
<concurrent-start id="1659" type="GMP work packet processing" contextid="1591" timestamp="2019-07-02T20:35:55.614">
  <concurrent-mark-start scanTarget="2112230" />
</concurrent-start>
<exclusive-end id="1660" timestamp="2019-07-02T20:35:55.614" durationms="0.846" />

<concurrent-end id="1661" type="GMP work packet processing" contextid="1591" timestamp="2019-07-02T20:35:55.615">
  <concurrent-mark-end bytesScanned="2154832" reasonForTermination="Work target met" />
</concurrent-end>

<exclusive-start id="1662" timestamp="2019-07-02T20:35:55.627" intervalms="14.210">
  <response-info timems="0.073" idlems="0.073" threads="0" lastid="0000000001777700" lastname="main" />
</exclusive-start>
<allocation-taxation id="1663" taxation-threshold="15728640" timestamp="2019-07-02T20:35:55.627" intervalms="14.223" />
<cycle-start id="1664" type="partial gc" contextid="0" timestamp="2019-07-02T20:35:55.628" intervalms="30.358" />
  <attribute name="GC Util" value="25" />
  <attribute name="CPU Util" value="1188540802588" />
  <attribute name="Time Running"value="14099"/>
  <attribute name="Number of cores"value="4"/>
<gc-start id="1665" type="partial gc" contextid="1664" timestamp="2019-07-02T20:35:55.628">
  <mem-info id="1666" free="31457280" total="104857600" percent="30">
    <mem type="eden" free="1047784" total="32505856" percent="3" />
    <remembered-set count="73056" freebytes="3893376" totalbytes="4185600" percent="93" regionsoverflowed="0" regionsstable="0" regionsrebuilding="18"/>
  </mem-info>
</gc-start>
<allocation-stats totalBytes="31413888" >
  <allocated-bytes non-tlh="0" tlh="31413888" arrayletleaf="0"/>
  <largest-consumer threadName="main" threadId="0000000001777700" bytes="15706944" />
</allocation-stats>
<gc-op id="1667" type="copy forward" timems="1.708" contextid="1664" timestamp="2019-07-02T20:35:55.630">
  <memory-copied type="eden" objects="4" bytes="96" bytesdiscarded="0" />
  <memory-copied type="other" objects="0" bytes="0" bytesdiscarded="0" />
  <memory-cardclean objects="6" bytes="152" />
  <remembered-set-cleared processed="70423" cleared="9" durationms="0.302" />
  <stringconstants candidates="13735" cleared="0"  />
</gc-op>
<gc-op id="1668" type="classunload" timems="0.003" contextid="1664" timestamp="2019-07-02T20:35:55.630">
  <classunload-info classloadercandidates="54" classloadersunloaded="0" classesunloaded="0" anonymousclassesunloaded="0" quiescems="0.000" setupms="0.003" scanms="0.000" postms="0.000" />
</gc-op>
<gc-end id="1669" type="partial gc" contextid="1664" durationms="2.775" usertimems="4.000" systemtimems="0.000" timestamp="2019-07-02T20:35:55.631" activeThreads="4">
  <mem-info id="1670" free="62914560" total="104857600" percent="60">
    <mem type="eden" free="1048480" total="1048576" percent="99" />
    <remembered-set count="73216" freebytes="3892736" totalbytes="4185600" percent="93" regionsoverflowed="0" regionsstable="0" regionsrebuilding="18"/>
  </mem-info>
</gc-end>
<cycle-end id="1671" type="partial gc" contextid="1664" timestamp="2019-07-02T20:35:55.631">
  <attribute name="GC Util" value="54" />
  <attribute name="CPU Util" value="89179327815066" />
  <attribute name="Time Running"value="14114"/>
  <attribute name="Number of cores"value="4"/>
</cycle-end>
<exclusive-end id="1672" timestamp="2019-07-02T20:35:55.631" durationms="3.625" />

</verbosegc>

