<?xml version="1.0" ?>

<verbosegc xmlns="http://www.ibm.com/j9/verbosegc" version="25b0271_CMPRSS">

<initialized id="1" timestamp="2019-07-02T20:36:38.708">
  <attribute name="gcPolicy" value="-Xgcpolicy:balanced" />
  <attribute name="GC Util" value="0" />
  <attribute name="CPU Util" value="0" />
  <attribute name="Time Running"value="0"/>
  <attribute name="Number of cores"value="0"/>
  <attribute name="maxHeapSize" value="0x7cb00000" />
  <attribute name="initialHeapSize" value="0x800000" />
  <attribute name="compressedRefs" value="true" />
  <attribute name="compressedRefsDisplacement" value="0x0" />
  <attribute name="compressedRefsShift" value="0x0" />
  <attribute name="pageSize" value="0x1000" />
  <attribute name="pageType" value="not used" />
  <attribute name="requestedPageSize" value="0x1000" />
  <attribute name="requestedPageType" value="not used" />
  <attribute name="gcthreads" value="4" />
  <attribute name="packetListSplit" value="4" />
  <attribute name="cacheListSplit" value="4" />
  <attribute name="splitFreeListSplitAmount" value="1" />
  <attribute name="numaNodes" value="0" />
  <region>
    <attribute name="regionSize" value="1048576" />
    <attribute name="regionCount" value="1995" />
    <attribute name="arrayletLeafSize" value="1048576" />
  </region>
  <system>
    <attribute name="physicalMemory" value="8370962432" />
    <attribute name="numCPUs" value="4" />
    <attribute name="architecture" value="amd64" />
    <attribute name="os" value="Linux" />
    <attribute name="osVersion" value="4.4.0-148-generic" />
  </system>
  <vmargs>
    <vmarg name="-Xoptionsfile=/vagrant/jdk/lib/options.default" />
    <vmarg name="-Xlockword:mode=default,noLockword=java/lang/String,noLockword=java/util/MapEntry,noLockword=java/util/HashMap$Entry,noLockword..." />
    <vmarg name="-Xjcl:jclse11_29" />
    <vmarg name="-Dcom.ibm.oti.vm.bootstrap.library.path=/vagrant/jdk/lib/compressedrefs:/vagrant/jdk/lib" />
    <vmarg name="-Dsun.boot.library.path=/vagrant/jdk/lib/compressedrefs:/vagrant/jdk/lib" />
    <vmarg name="-Djava.library.path=/vagrant/jdk/lib/compressedrefs:/vagrant/jdk/lib:/usr/lib64:/usr/lib" />
    <vmarg name="-Djava.home=/vagrant/jdk" />
    <vmarg name="-Duser.dir=/vagrant" />
    <vmarg name="-Xgcpolicy:balanced" />
    <vmarg name="-verbose:gc" />
    <vmarg name="-Xloggc:default-Balanced-jdkF-verbose6jython.txt" />
    <vmarg name="-Djava.class.path=dacapo-9.12-MR1-bach.jar" />
    <vmarg name="-Dsun.java.command=dacapo-9.12-MR1-bach.jar jython --size=default" />
    <vmarg name="-Dsun.java.launcher=SUN_STANDARD" />
    <vmarg name="-Dsun.java.launcher.pid=21383" />
  </vmargs>
</initialized>

<exclusive-start id="2" timestamp="2019-07-02T20:36:40.398" intervalms="1690.292">
  <response-info timems="0.022" idlems="0.022" threads="0" lastid="000000000074D700" lastname="main" />
</exclusive-start>
<allocation-taxation id="3" taxation-threshold="8388608" timestamp="2019-07-02T20:36:40.398" intervalms="1690.726" />
<cycle-start id="4" type="partial gc" contextid="0" timestamp="2019-07-02T20:36:40.399" intervalms="1691.186" />
  <attribute name="GC Util" value="0" />
  <attribute name="CPU Util" value="120" />
  <attribute name="Time Running"value="0"/>
  <attribute name="Number of cores"value="4"/>
<gc-start id="5" type="partial gc" contextid="4" timestamp="2019-07-02T20:36:40.399">
  <mem-info id="6" free="0" total="8388608" percent="0">
    <mem type="eden" free="0" total="8388608" percent="0" />
    <remembered-set count="0" freebytes="334848" totalbytes="334848" percent="100" regionsoverflowed="0" regionsstable="0" regionsrebuilding="0"/>
  </mem-info>
</gc-start>
<allocation-stats totalBytes="8314064" >
  <allocated-bytes non-tlh="314512" tlh="7999552" arrayletleaf="0"/>
  <largest-consumer threadName="main" threadId="000000000074D700" bytes="8238376" />
</allocation-stats>
<gc-op id="7" type="mark" timems="3.165" contextid="4" timestamp="2019-07-02T20:36:40.403">
  <trace-info objectcount="17648" scancount="13961" scanbytes="458964" />
  <remembered-set-cleared processed="0" cleared="0" durationms="0.054" />
  <finalization candidates="19" enqueued="1" />
  <references type="soft" candidates="63" cleared="0" enqueued="0" dynamicThreshold="32" maxThreshold="32" />
  <references type="weak" candidates="567" cleared="402" enqueued="362" />
  <references type="phantom" candidates="105" cleared="44" enqueued="44" />
  <stringconstants candidates="2393" cleared="0"  />
  <warning details="Mark for calibration purposes" />
</gc-op>
<gc-op id="8" type="classunload" timems="0.147" contextid="4" timestamp="2019-07-02T20:36:40.404">
  <classunload-info classloadercandidates="5" classloadersunloaded="0" classesunloaded="0" anonymousclassesunloaded="0" quiescems="0.000" setupms="0.146" scanms="0.000" postms="0.000" />
</gc-op>
<gc-op id="9" type="sweep" timems="0.751" contextid="4" timestamp="2019-07-02T20:36:40.405" />
<gc-op id="10" type="compact" timems="4.452" contextid="4" timestamp="2019-07-02T20:36:40.410">
  <compact-info movecount="17648" movebytes="960648" />
  <remembered-set-cleared processed="0" cleared="0" durationms="0.054" />
</gc-op>
<gc-end id="11" type="partial gc" contextid="4" durationms="11.081" usertimems="12.000" systemtimems="0.000" timestamp="2019-07-02T20:36:40.410" activeThreads="4">
  <mem-info id="12" free="7340032" total="8388608" percent="87">
    <mem type="eden" free="87928" total="1048576" percent="8" />
    <pending-finalizers system="1" default="0" reference="406" classloader="0" />
    <remembered-set count="0" freebytes="334848" totalbytes="334848" percent="100" regionsoverflowed="0" regionsstable="0" regionsrebuilding="0"/>
  </mem-info>
</gc-end>
<cycle-end id="13" type="partial gc" contextid="4" timestamp="2019-07-02T20:36:40.410">
  <attribute name="GC Util" value="23" />
  <attribute name="CPU Util" value="14853455526265" />
  <attribute name="Time Running"value="1602"/>
  <attribute name="Number of cores"value="4"/>
</cycle-end>
<exclusive-end id="14" timestamp="2019-07-02T20:36:40.411" durationms="12.689" />

<exclusive-start id="15" timestamp="2019-07-02T20:36:40.937" intervalms="538.760">
  <response-info timems="0.022" idlems="0.022" threads="0" lastid="000000000074D700" lastname="main" />
</exclusive-start>
<allocation-taxation id="16" taxation-threshold="7340032" timestamp="2019-07-02T20:36:40.937" intervalms="538.422" />
<cycle-start id="17" type="partial gc" contextid="0" timestamp="2019-07-02T20:36:40.937" intervalms="538.191" />
  <attribute name="GC Util" value="23" />
  <attribute name="CPU Util" value="14853455526265" />
  <attribute name="Time Running"value="1602"/>
  <attribute name="Number of cores"value="4"/>
<gc-start id="18" type="partial gc" contextid="17" timestamp="2019-07-02T20:36:40.937">
  <mem-info id="19" free="0" total="8388608" percent="0">
    <mem type="eden" free="87928" total="8388608" percent="1" />
    <remembered-set count="0" freebytes="334848" totalbytes="334848" percent="100" regionsoverflowed="0" regionsstable="0" regionsrebuilding="0"/>
  </mem-info>
</gc-start>
<allocation-stats totalBytes="7333368" >
  <allocated-bytes non-tlh="426104" tlh="6907264" arrayletleaf="0"/>
  <largest-consumer threadName="main" threadId="000000000074D700" bytes="7325088" />
</allocation-stats>
<gc-op id="20" type="mark" timems="1.768" contextid="17" timestamp="2019-07-02T20:36:40.939">
  <trace-info objectcount="20336" scancount="16182" scanbytes="551648" />
  <remembered-set-cleared processed="0" cleared="0" durationms="0.043" />
  <finalization candidates="56" enqueued="1" />
  <ownableSynchronizers candidates="17" cleared="0" />
  <references type="soft" candidates="68" cleared="0" enqueued="0" dynamicThreshold="28" maxThreshold="32" />
  <references type="weak" candidates="835" cleared="378" enqueued="268" />
  <references type="phantom" candidates="91" cleared="3" enqueued="3" />
  <stringconstants candidates="2640" cleared="0"  />
  <warning details="Mark invoked due to insufficient free space for Copy-Forward" />
</gc-op>
<gc-op id="21" type="classunload" timems="0.002" contextid="17" timestamp="2019-07-02T20:36:40.940">
  <classunload-info classloadercandidates="6" classloadersunloaded="0" classesunloaded="0" anonymousclassesunloaded="0" quiescems="0.000" setupms="0.001" scanms="0.000" postms="0.000" />
</gc-op>
<gc-op id="22" type="sweep" timems="0.375" contextid="17" timestamp="2019-07-02T20:36:40.940" />
<gc-op id="23" type="compact" timems="3.902" contextid="17" timestamp="2019-07-02T20:36:40.944">
  <compact-info movecount="20336" movebytes="1544784" />
  <remembered-set-cleared processed="0" cleared="0" durationms="0.045" />
</gc-op>
<gc-end id="24" type="partial gc" contextid="17" durationms="7.312" usertimems="4.000" systemtimems="4.000" timestamp="2019-07-02T20:36:40.944" activeThreads="4">
  <mem-info id="25" free="6291456" total="8388608" percent="75">
    <mem type="eden" free="552368" total="2097152" percent="26" />
    <pending-finalizers system="1" default="0" reference="271" classloader="0" />
    <remembered-set count="1536" freebytes="328704" totalbytes="334848" percent="98" regionsoverflowed="0" regionsstable="0" regionsrebuilding="0"/>
  </mem-info>
</gc-end>
<cycle-end id="26" type="partial gc" contextid="17" timestamp="2019-07-02T20:36:40.945">
  <attribute name="GC Util" value="21" />
  <attribute name="CPU Util" value="31163883506697" />
  <attribute name="Time Running"value="2137"/>
  <attribute name="Number of cores"value="4"/>
</cycle-end>
<exclusive-end id="27" timestamp="2019-07-02T20:36:40.945" durationms="8.361" />

<exclusive-start id="28" timestamp="2019-07-02T20:36:41.030" intervalms="92.974">
  <response-info timems="0.027" idlems="0.014" threads="2" lastid="0000000000758B00" lastname="JIT Compilation Thread-2" />
</exclusive-start>
<allocation-taxation id="29" taxation-threshold="3145728" timestamp="2019-07-02T20:36:41.030" intervalms="92.963" />
<cycle-start id="30" type="global mark phase" contextid="0" timestamp="2019-07-02T20:36:41.030" intervalms="2322.228" />
  <attribute name="GC Util" value="21" />
  <attribute name="CPU Util" value="31163883506697" />
  <attribute name="Time Running"value="2137"/>
  <attribute name="Number of cores"value="4"/>
<gc-start id="31" type="global mark phase" contextid="30" timestamp="2019-07-02T20:36:41.030">
  <mem-info id="32" free="3145728" total="8388608" percent="37">
    <remembered-set count="1376" freebytes="329344" totalbytes="334848" percent="98" regionsoverflowed="0" regionsstable="0" regionsrebuilding="0"/>
  </mem-info>
</gc-start>
<gc-op id="33" type="mark increment" timems="0.768" contextid="30" timestamp="2019-07-02T20:36:41.031">
  <trace-info objectcount="121" scancount="0" scanbytes="0" />
</gc-op>
<gc-end id="34" type="global mark phase" contextid="30" durationms="0.870" usertimems="4.000" systemtimems="0.000" timestamp="2019-07-02T20:36:41.031" activeThreads="4">
  <mem-info id="35" free="3145728" total="8388608" percent="37">
    <remembered-set count="1376" freebytes="329344" totalbytes="334848" percent="98" regionsoverflowed="0" regionsstable="0" regionsrebuilding="0"/>
  </mem-info>
</gc-end>
<concurrent-start id="36" type="GMP work packet processing" contextid="30" timestamp="2019-07-02T20:36:41.031">
  <concurrent-mark-start scanTarget="18446744073709551615" />
</concurrent-start>
<exclusive-end id="37" timestamp="2019-07-02T20:36:41.031" durationms="1.391" />

<concurrent-end id="38" type="GMP work packet processing" contextid="30" timestamp="2019-07-02T20:36:41.032">
  <concurrent-mark-end bytesScanned="794888" reasonForTermination="Completed all work in GC phase" />
</concurrent-end>

<exclusive-start id="39" timestamp="2019-07-02T20:36:44.104" intervalms="3074.418">
  <response-info timems="0.017" idlems="0.017" threads="0" lastid="000000000074D700" lastname="main" />
</exclusive-start>
<allocation-taxation id="40" taxation-threshold="3145728" timestamp="2019-07-02T20:36:44.104" intervalms="3074.466" />
<cycle-start id="41" type="partial gc" contextid="0" timestamp="2019-07-02T20:36:44.104" intervalms="3167.333" />
  <attribute name="GC Util" value="187" />
  <attribute name="CPU Util" value="39720388169176" />
  <attribute name="Time Running"value="2228"/>
  <attribute name="Number of cores"value="4"/>
<gc-start id="42" type="partial gc" contextid="41" timestamp="2019-07-02T20:36:44.105">
  <mem-info id="43" free="0" total="8388608" percent="0">
    <mem type="eden" free="0" total="6291456" percent="0" />
    <remembered-set count="1376" freebytes="329344" totalbytes="334848" percent="98" regionsoverflowed="0" regionsstable="0" regionsrebuilding="0"/>
  </mem-info>
</gc-start>
<allocation-stats totalBytes="6279224" >
  <allocated-bytes non-tlh="316560" tlh="5962664" arrayletleaf="0"/>
  <largest-consumer threadName="main" threadId="000000000074D700" bytes="3138624" />
</allocation-stats>
<gc-op id="44" type="mark" timems="1.893" contextid="41" timestamp="2019-07-02T20:36:44.107">
  <trace-info objectcount="21697" scancount="17488" scanbytes="585752" />
  <cardclean-info objects="667" bytes="30080" />
  <remembered-set-cleared processed="289" cleared="289" durationms="0.046" />
  <finalization candidates="45" enqueued="0" />
  <ownableSynchronizers candidates="17" cleared="0" />
  <references type="soft" candidates="493" cleared="0" enqueued="0" dynamicThreshold="12" maxThreshold="32" />
  <references type="weak" candidates="1239" cleared="149" enqueued="137" />
  <references type="phantom" candidates="42" cleared="5" enqueued="5" />
  <stringconstants candidates="4698" cleared="0"  />
  <warning details="Mark invoked due to insufficient free space for Copy-Forward" />
</gc-op>
<gc-op id="45" type="classunload" timems="0.002" contextid="41" timestamp="2019-07-02T20:36:44.107">
  <classunload-info classloadercandidates="10" classloadersunloaded="0" classesunloaded="0" anonymousclassesunloaded="0" quiescems="0.000" setupms="0.002" scanms="0.000" postms="0.000" />
</gc-op>
<gc-op id="46" type="sweep" timems="0.340" contextid="41" timestamp="2019-07-02T20:36:44.108" />
<gc-op id="47" type="compact" timems="2.646" contextid="41" timestamp="2019-07-02T20:36:44.111">
  <compact-info movecount="21630" movebytes="1433064" />
  <remembered-set-cleared processed="3653" cleared="3653" durationms="0.059" />
</gc-op>
<gc-end id="48" type="partial gc" contextid="41" durationms="6.440" usertimems="8.000" systemtimems="0.000" timestamp="2019-07-02T20:36:44.111" activeThreads="4">
  <mem-info id="49" free="5242880" total="8388608" percent="62">
    <mem type="eden" free="370152" total="1048576" percent="35" />
    <pending-finalizers system="0" default="0" reference="142" classloader="0" />
    <remembered-set count="3072" freebytes="322560" totalbytes="334848" percent="96" regionsoverflowed="0" regionsstable="0" regionsrebuilding="0"/>
  </mem-info>
</gc-end>
<cycle-end id="50" type="partial gc" contextid="41" timestamp="2019-07-02T20:36:44.111">
  <attribute name="GC Util" value="20" />
  <attribute name="CPU Util" value="30609940729499" />
  <attribute name="Time Running"value="5305"/>
  <attribute name="Number of cores"value="4"/>
</cycle-end>
<exclusive-end id="51" timestamp="2019-07-02T20:36:44.112" durationms="7.649" />

<exclusive-start id="52" timestamp="2019-07-02T20:36:44.158" intervalms="54.477">
  <response-info timems="0.010" idlems="0.010" threads="0" lastid="000000000074D700" lastname="main" />
</exclusive-start>
<allocation-taxation id="53" taxation-threshold="2097152" timestamp="2019-07-02T20:36:44.159" intervalms="54.426" />
<gc-start id="54" type="global mark phase" contextid="30" timestamp="2019-07-02T20:36:44.159">
  <mem-info id="55" free="3145728" total="8388608" percent="37">
    <remembered-set count="2656" freebytes="324224" totalbytes="334848" percent="96" regionsoverflowed="0" regionsstable="0" regionsrebuilding="0"/>
  </mem-info>
</gc-start>
<gc-op id="56" type="mark increment" timems="1.919" contextid="30" timestamp="2019-07-02T20:36:44.161">
  <trace-info objectcount="22888" scancount="18493" scanbytes="631076" />
  <cardclean-info objects="999" bytes="47240" />
  <finalization candidates="66" enqueued="0" />
  <ownableSynchronizers candidates="17" cleared="0" />
  <references type="soft" candidates="586" cleared="0" enqueued="0" dynamicThreshold="20" maxThreshold="32" />
  <references type="weak" candidates="1438" cleared="13" enqueued="13" />
  <references type="phantom" candidates="94" cleared="0" enqueued="0" />
  <stringconstants candidates="4934" cleared="0"  />
</gc-op>
<gc-op id="57" type="classunload" timems="0.004" contextid="30" timestamp="2019-07-02T20:36:44.161">
  <classunload-info classloadercandidates="10" classloadersunloaded="0" classesunloaded="0" anonymousclassesunloaded="0" quiescems="0.000" setupms="0.003" scanms="0.000" postms="0.000" />
</gc-op>
<gc-end id="58" type="global mark phase" contextid="30" durationms="2.200" usertimems="4.000" systemtimems="0.000" timestamp="2019-07-02T20:36:44.161" activeThreads="4">
  <mem-info id="59" free="3145728" total="8388608" percent="37">
    <pending-finalizers system="0" default="0" reference="13" classloader="0" />
    <remembered-set count="2656" freebytes="324224" totalbytes="334848" percent="96" regionsoverflowed="0" regionsstable="0" regionsrebuilding="0"/>
  </mem-info>
</gc-end>
<cycle-end id="60" type="global mark phase" contextid="30" timestamp="2019-07-02T20:36:44.161">
  <attribute name="GC Util" value="83" />
  <attribute name="CPU Util" value="23639155491666" />
  <attribute name="Time Running"value="5357"/>
  <attribute name="Number of cores"value="4"/>
</cycle-end>
<exclusive-end id="61" timestamp="2019-07-02T20:36:44.161" durationms="2.532" />

<exclusive-start id="62" timestamp="2019-07-02T20:36:44.215" intervalms="56.254">
  <response-info timems="0.010" idlems="0.010" threads="0" lastid="000000000074D700" lastname="main" />
</exclusive-start>
<allocation-taxation id="63" taxation-threshold="2097152" timestamp="2019-07-02T20:36:44.215" intervalms="56.252" />
<cycle-start id="64" type="partial gc" contextid="0" timestamp="2019-07-02T20:36:44.215" intervalms="110.614" />
  <attribute name="GC Util" value="83" />
  <attribute name="CPU Util" value="23639155491666" />
  <attribute name="Time Running"value="5357"/>
  <attribute name="Number of cores"value="4"/>
<gc-start id="65" type="partial gc" contextid="64" timestamp="2019-07-02T20:36:44.215">
  <mem-info id="66" free="1048576" total="8388608" percent="12">
    <mem type="eden" free="0" total="4194304" percent="0" />
    <remembered-set count="2656" freebytes="324224" totalbytes="334848" percent="96" regionsoverflowed="0" regionsstable="0" regionsrebuilding="0"/>
  </mem-info>
</gc-start>
<allocation-stats totalBytes="4184192" >
  <allocated-bytes non-tlh="102576" tlh="4081616" arrayletleaf="0"/>
  <largest-consumer threadName="main" threadId="000000000074D700" bytes="2093536" />
</allocation-stats>
<gc-op id="67" type="sweep" timems="0.424" contextid="64" timestamp="2019-07-02T20:36:44.216" />
<gc-op id="68" type="copy forward" timems="3.760" contextid="64" timestamp="2019-07-02T20:36:44.220">
  <memory-copied type="eden" objects="2730" bytes="124208" bytesdiscarded="2304" />
  <memory-copied type="other" objects="19359" bytes="750264" bytesdiscarded="39512" />
  <memory-cardclean objects="651" bytes="34680" />
  <remembered-set-cleared processed="1729" cleared="1515" durationms="0.061" />
  <finalization candidates="11" enqueued="0" />
  <references type="soft" candidates="561" cleared="0" enqueued="0" dynamicThreshold="12" maxThreshold="32" />
  <references type="weak" candidates="1312" cleared="14" enqueued="14" />
  <references type="phantom" candidates="8" cleared="1" enqueued="1" />
  <stringconstants candidates="5200" cleared="0"  />
  <heap-resize type="expand" space="default" amount="1048576" count="1" timems="0.145" reason="continue current collection" />
</gc-op>
<gc-op id="69" type="classunload" timems="0.002" contextid="64" timestamp="2019-07-02T20:36:44.220">
  <classunload-info classloadercandidates="10" classloadersunloaded="0" classesunloaded="0" anonymousclassesunloaded="0" quiescems="0.000" setupms="0.002" scanms="0.000" postms="0.000" />
</gc-op>
<gc-op id="70" type="compact" timems="0.823" contextid="64" timestamp="2019-07-02T20:36:44.221">
  <compact-info movecount="0" movebytes="0" />
  <remembered-set-cleared processed="4027" cleared="1515" durationms="0.061" />
</gc-op>
<gc-end id="71" type="partial gc" contextid="64" durationms="6.384" usertimems="8.000" systemtimems="0.000" timestamp="2019-07-02T20:36:44.221" activeThreads="4">
  <mem-info id="72" free="5242880" total="9437184" percent="55">
    <mem type="eden" free="815984" total="1048576" percent="77" />
    <pending-finalizers system="0" default="0" reference="15" classloader="0" />
    <remembered-set count="2528" freebytes="366592" totalbytes="376704" percent="97" regionsoverflowed="0" regionsstable="0" regionsrebuilding="0"/>
  </mem-info>
</gc-end>
<cycle-end id="73" type="partial gc" contextid="64" timestamp="2019-07-02T20:36:44.222">
  <attribute name="GC Util" value="76" />
  <attribute name="CPU Util" value="4482856564800" />
  <attribute name="Time Running"value="5417"/>
  <attribute name="Number of cores"value="4"/>
</cycle-end>
<exclusive-end id="74" timestamp="2019-07-02T20:36:44.222" durationms="6.988" />

<exclusive-start id="75" timestamp="2019-07-02T20:36:44.268" intervalms="53.520">
  <response-info timems="0.020" idlems="0.020" threads="0" lastid="000000000074D700" lastname="main" />
</exclusive-start>
<allocation-taxation id="76" taxation-threshold="2097152" timestamp="2019-07-02T20:36:44.268" intervalms="53.534" />
<cycle-start id="77" type="global mark phase" contextid="0" timestamp="2019-07-02T20:36:44.268" intervalms="3238.639" />
  <attribute name="GC Util" value="76" />
  <attribute name="CPU Util" value="4482856564800" />
  <attribute name="Time Running"value="5417"/>
  <attribute name="Number of cores"value="4"/>
<gc-start id="78" type="global mark phase" contextid="77" timestamp="2019-07-02T20:36:44.269">
  <mem-info id="79" free="3145728" total="9437184" percent="33">
    <remembered-set count="2528" freebytes="366592" totalbytes="376704" percent="97" regionsoverflowed="0" regionsstable="0" regionsrebuilding="0"/>
  </mem-info>
</gc-start>
<gc-op id="80" type="mark increment" timems="0.446" contextid="77" timestamp="2019-07-02T20:36:44.269">
  <trace-info objectcount="121" scancount="0" scanbytes="0" />
</gc-op>
<gc-end id="81" type="global mark phase" contextid="77" durationms="0.596" usertimems="0.000" systemtimems="0.000" timestamp="2019-07-02T20:36:44.269" activeThreads="4">
  <mem-info id="82" free="3145728" total="9437184" percent="33">
    <remembered-set count="2528" freebytes="366592" totalbytes="376704" percent="97" regionsoverflowed="0" regionsstable="0" regionsrebuilding="0"/>
  </mem-info>
</gc-end>
<concurrent-start id="83" type="GMP work packet processing" contextid="77" timestamp="2019-07-02T20:36:44.269">
  <concurrent-mark-start scanTarget="18446744073709551615" />
</concurrent-start>
<exclusive-end id="84" timestamp="2019-07-02T20:36:44.271" durationms="2.448" />

<concurrent-end id="85" type="GMP work packet processing" contextid="77" timestamp="2019-07-02T20:36:44.271">
  <concurrent-mark-end bytesScanned="1254072" reasonForTermination="Completed all work in GC phase" />
</concurrent-end>

<exclusive-start id="86" timestamp="2019-07-02T20:36:44.324" intervalms="55.247">
  <response-info timems="0.041" idlems="0.041" threads="0" lastid="000000000074D700" lastname="main" />
</exclusive-start>
<allocation-taxation id="87" taxation-threshold="2097152" timestamp="2019-07-02T20:36:44.324" intervalms="55.325" />
<cycle-start id="88" type="partial gc" contextid="0" timestamp="2019-07-02T20:36:44.324" intervalms="108.948" />
  <attribute name="GC Util" value="125" />
  <attribute name="CPU Util" value="41524181850156" />
  <attribute name="Time Running"value="5466"/>
  <attribute name="Number of cores"value="4"/>
<gc-start id="89" type="partial gc" contextid="88" timestamp="2019-07-02T20:36:44.324">
  <mem-info id="90" free="1048576" total="9437184" percent="11">
    <mem type="eden" free="0" total="4194304" percent="0" />
    <remembered-set count="2528" freebytes="366592" totalbytes="376704" percent="97" regionsoverflowed="0" regionsstable="0" regionsrebuilding="0"/>
  </mem-info>
</gc-start>
<allocation-stats totalBytes="4129560" >
  <allocated-bytes non-tlh="372088" tlh="3757472" arrayletleaf="0"/>
  <largest-consumer threadName="main" threadId="000000000074D700" bytes="1973928" />
</allocation-stats>
<gc-op id="91" type="copy forward" timems="3.121" contextid="88" timestamp="2019-07-02T20:36:44.328">
  <memory-copied type="eden" objects="11268" bytes="812144" bytesdiscarded="66624" />
  <memory-copied type="other" objects="4181" bytes="218928" bytesdiscarded="10768" />
  <memory-cardclean objects="1765" bytes="83000" />
  <remembered-set-cleared processed="2261" cleared="882" durationms="0.066" />
  <finalization candidates="17" enqueued="0" />
  <ownableSynchronizers candidates="4" cleared="0" />
  <references type="soft" candidates="400" cleared="0" enqueued="0" dynamicThreshold="10" maxThreshold="32" />
  <references type="weak" candidates="2242" cleared="449" enqueued="301" />
  <references type="phantom" candidates="7" cleared="2" enqueued="2" />
  <stringconstants candidates="6145" cleared="0"  />
  <heap-resize type="expand" space="default" amount="1048576" count="1" timems="0.059" reason="continue current collection" />
</gc-op>
<gc-op id="92" type="classunload" timems="0.003" contextid="88" timestamp="2019-07-02T20:36:44.328">
  <classunload-info classloadercandidates="11" classloadersunloaded="0" classesunloaded="0" anonymousclassesunloaded="0" quiescems="0.000" setupms="0.003" scanms="0.000" postms="0.000" />
</gc-op>
<gc-op id="93" type="compact" timems="0.947" contextid="88" timestamp="2019-07-02T20:36:44.329">
  <compact-info movecount="0" movebytes="0" />
  <remembered-set-cleared processed="6138" cleared="882" durationms="0.066" />
</gc-op>
<gc-end id="94" type="partial gc" contextid="88" durationms="5.487" usertimems="4.000" systemtimems="4.000" timestamp="2019-07-02T20:36:44.330" activeThreads="4">
  <mem-info id="95" free="5242880" total="10485760" percent="50">
    <mem type="eden" free="168344" total="1048576" percent="16" />
    <pending-finalizers system="0" default="0" reference="303" classloader="0" />
    <remembered-set count="4672" freebytes="399872" totalbytes="418560" percent="95" regionsoverflowed="0" regionsstable="0" regionsrebuilding="0"/>
  </mem-info>
</gc-end>
<cycle-end id="96" type="partial gc" contextid="88" timestamp="2019-07-02T20:36:44.330">
  <attribute name="GC Util" value="70" />
  <attribute name="CPU Util" value="5178295063012" />
  <attribute name="Time Running"value="5525"/>
  <attribute name="Number of cores"value="4"/>
</cycle-end>
<exclusive-end id="97" timestamp="2019-07-02T20:36:44.330" durationms="6.541" />

<exclusive-start id="98" timestamp="2019-07-02T20:36:44.369" intervalms="45.845">
  <response-info timems="0.024" idlems="0.024" threads="0" lastid="000000000074D700" lastname="main" />
</exclusive-start>
<allocation-taxation id="99" taxation-threshold="2097152" timestamp="2019-07-02T20:36:44.369" intervalms="45.807" />
<gc-start id="100" type="global mark phase" contextid="77" timestamp="2019-07-02T20:36:44.370">
  <mem-info id="101" free="3145728" total="10485760" percent="30">
    <remembered-set count="4672" freebytes="399872" totalbytes="418560" percent="95" regionsoverflowed="0" regionsstable="0" regionsrebuilding="0"/>
  </mem-info>
</gc-start>
<gc-op id="102" type="mark increment" timems="1.896" contextid="77" timestamp="2019-07-02T20:36:44.372">
  <trace-info objectcount="8116" scancount="6711" scanbytes="250620" />
  <cardclean-info objects="3857" bytes="162112" />
  <finalization candidates="80" enqueued="0" />
  <ownableSynchronizers candidates="21" cleared="0" />
  <references type="soft" candidates="968" cleared="0" enqueued="0" dynamicThreshold="16" maxThreshold="32" />
  <references type="weak" candidates="2972" cleared="8" enqueued="8" />
  <references type="phantom" candidates="104" cleared="2" enqueued="2" />
  <stringconstants candidates="6400" cleared="0"  />
</gc-op>
<gc-op id="103" type="classunload" timems="0.005" contextid="77" timestamp="2019-07-02T20:36:44.372">
  <classunload-info classloadercandidates="11" classloadersunloaded="0" classesunloaded="0" anonymousclassesunloaded="0" quiescems="0.000" setupms="0.005" scanms="0.000" postms="0.000" />
</gc-op>
<gc-end id="104" type="global mark phase" contextid="77" durationms="2.218" usertimems="4.000" systemtimems="0.000" timestamp="2019-07-02T20:36:44.372" activeThreads="4">
  <mem-info id="105" free="3145728" total="10485760" percent="30">
    <pending-finalizers system="0" default="0" reference="10" classloader="0" />
    <remembered-set count="4672" freebytes="399872" totalbytes="418560" percent="95" regionsoverflowed="0" regionsstable="0" regionsrebuilding="0"/>
  </mem-info>
</gc-end>
<cycle-end id="106" type="global mark phase" contextid="77" timestamp="2019-07-02T20:36:44.372">
  <attribute name="GC Util" value="78" />
  <attribute name="CPU Util" value="46106486211413" />
  <attribute name="Time Running"value="5568"/>
  <attribute name="Number of cores"value="4"/>
</cycle-end>
<exclusive-end id="107" timestamp="2019-07-02T20:36:44.372" durationms="2.714" />

<exclusive-start id="108" timestamp="2019-07-02T20:36:44.415" intervalms="45.209">
  <response-info timems="0.009" idlems="0.009" threads="0" lastid="000000000074D700" lastname="main" />
</exclusive-start>
<allocation-taxation id="109" taxation-threshold="2097152" timestamp="2019-07-02T20:36:44.415" intervalms="45.224" />
<cycle-start id="110" type="partial gc" contextid="0" timestamp="2019-07-02T20:36:44.415" intervalms="91.006" />
  <attribute name="GC Util" value="78" />
  <attribute name="CPU Util" value="46106486211413" />
  <attribute name="Time Running"value="5568"/>
  <attribute name="Number of cores"value="4"/>
<gc-start id="111" type="partial gc" contextid="110" timestamp="2019-07-02T20:36:44.415">
  <mem-info id="112" free="1048576" total="10485760" percent="10">
    <mem type="eden" free="0" total="4194304" percent="0" />
    <remembered-set count="4672" freebytes="399872" totalbytes="418560" percent="95" regionsoverflowed="0" regionsstable="0" regionsrebuilding="0"/>
  </mem-info>
</gc-start>
<allocation-stats totalBytes="4114736" >
  <allocated-bytes non-tlh="1271512" tlh="2843224" arrayletleaf="0"/>
  <largest-consumer threadName="main" threadId="000000000074D700" bytes="2054960" />
</allocation-stats>
<gc-op id="113" type="sweep" timems="0.481" contextid="110" timestamp="2019-07-02T20:36:44.416" />
<gc-op id="114" type="copy forward" timems="2.807" contextid="110" timestamp="2019-07-02T20:36:44.419">
  <memory-copied type="eden" objects="2106" bytes="74328" bytesdiscarded="4130" />
  <memory-copied type="other" objects="12373" bytes="1332072" bytesdiscarded="70166" />
  <memory-cardclean objects="937" bytes="61040" />
  <remembered-set-cleared processed="3749" cleared="1710" durationms="0.068" />
  <finalization candidates="14" enqueued="0" />
  <ownableSynchronizers candidates="4" cleared="0" />
  <references type="soft" candidates="339" cleared="0" enqueued="0" dynamicThreshold="9" maxThreshold="32" />
  <references type="weak" candidates="1277" cleared="2" enqueued="2" />
  <references type="phantom" candidates="6" cleared="0" enqueued="0" />
  <stringconstants candidates="6645" cleared="0"  />
  <heap-resize type="expand" space="default" amount="1048576" count="1" timems="0.058" reason="continue current collection" />
</gc-op>
<gc-op id="115" type="classunload" timems="0.003" contextid="110" timestamp="2019-07-02T20:36:44.419">
  <classunload-info classloadercandidates="11" classloadersunloaded="0" classesunloaded="0" anonymousclassesunloaded="0" quiescems="0.000" setupms="0.003" scanms="0.000" postms="0.000" />
</gc-op>
<gc-op id="116" type="compact" timems="0.901" contextid="110" timestamp="2019-07-02T20:36:44.420">
  <compact-info movecount="0" movebytes="0" />
  <remembered-set-cleared processed="7772" cleared="1710" durationms="0.068" />
</gc-op>
<gc-end id="117" type="partial gc" contextid="110" durationms="5.555" usertimems="8.000" systemtimems="0.000" timestamp="2019-07-02T20:36:44.421" activeThreads="4">
  <mem-info id="118" free="5242880" total="11534336" percent="45">
    <mem type="eden" free="352056" total="1048576" percent="33" />
    <pending-finalizers system="0" default="0" reference="2" classloader="0" />
    <remembered-set count="4480" freebytes="442496" totalbytes="460416" percent="96" regionsoverflowed="0" regionsstable="0" regionsrebuilding="0"/>
  </mem-info>
</gc-end>
<cycle-end id="119" type="partial gc" contextid="110" timestamp="2019-07-02T20:36:44.421">
  <attribute name="GC Util" value="74" />
  <attribute name="CPU Util" value="5707654052281" />
  <attribute name="Time Running"value="5616"/>
  <attribute name="Number of cores"value="4"/>
</cycle-end>
<exclusive-end id="120" timestamp="2019-07-02T20:36:44.421" durationms="6.447" />

<exclusive-start id="121" timestamp="2019-07-02T20:36:44.487" intervalms="71.958">
  <response-info timems="0.010" idlems="0.010" threads="0" lastid="000000000074D700" lastname="main" />
</exclusive-start>
<allocation-taxation id="122" taxation-threshold="2097152" timestamp="2019-07-02T20:36:44.487" intervalms="71.893" />
<cycle-start id="123" type="global mark phase" contextid="0" timestamp="2019-07-02T20:36:44.487" intervalms="218.242" />
  <attribute name="GC Util" value="74" />
  <attribute name="CPU Util" value="5707654052281" />
  <attribute name="Time Running"value="5616"/>
  <attribute name="Number of cores"value="4"/>
<gc-start id="124" type="global mark phase" contextid="123" timestamp="2019-07-02T20:36:44.487">
  <mem-info id="125" free="3145728" total="11534336" percent="27">
    <remembered-set count="4480" freebytes="442496" totalbytes="460416" percent="96" regionsoverflowed="0" regionsstable="0" regionsrebuilding="0"/>
  </mem-info>
</gc-start>
<gc-op id="126" type="mark increment" timems="0.515" contextid="123" timestamp="2019-07-02T20:36:44.487">
  <trace-info objectcount="212" scancount="0" scanbytes="0" />
</gc-op>
<gc-end id="127" type="global mark phase" contextid="123" durationms="0.623" usertimems="4.000" systemtimems="0.000" timestamp="2019-07-02T20:36:44.487" activeThreads="4">
  <mem-info id="128" free="3145728" total="11534336" percent="27">
    <remembered-set count="4480" freebytes="442496" totalbytes="460416" percent="96" regionsoverflowed="0" regionsstable="0" regionsrebuilding="0"/>
  </mem-info>
</gc-end>
<concurrent-start id="129" type="GMP work packet processing" contextid="123" timestamp="2019-07-02T20:36:44.487">
  <concurrent-mark-start scanTarget="18446744073709551615" />
</concurrent-start>
<exclusive-end id="130" timestamp="2019-07-02T20:36:44.489" durationms="2.800" />

<concurrent-end id="131" type="GMP work packet processing" contextid="123" timestamp="2019-07-02T20:36:44.490">
  <concurrent-mark-end bytesScanned="1744348" reasonForTermination="Completed all work in GC phase" />
</concurrent-end>

<exclusive-start id="132" timestamp="2019-07-02T20:36:44.534" intervalms="47.736">
  <response-info timems="0.010" idlems="0.010" threads="0" lastid="000000000074D700" lastname="main" />
</exclusive-start>
<allocation-taxation id="133" taxation-threshold="2097152" timestamp="2019-07-02T20:36:44.534" intervalms="47.730" />
<cycle-start id="134" type="partial gc" contextid="0" timestamp="2019-07-02T20:36:44.534" intervalms="119.559" />
  <attribute name="GC Util" value="159" />
  <attribute name="CPU Util" value="45499657316808" />
  <attribute name="Time Running"value="5684"/>
  <attribute name="Number of cores"value="4"/>
<gc-start id="135" type="partial gc" contextid="134" timestamp="2019-07-02T20:36:44.535">
  <mem-info id="136" free="1048576" total="11534336" percent="9">
    <mem type="eden" free="0" total="4194304" percent="0" />
    <remembered-set count="4480" freebytes="442496" totalbytes="460416" percent="96" regionsoverflowed="0" regionsstable="0" regionsrebuilding="0"/>
  </mem-info>
</gc-start>
<allocation-stats totalBytes="4189704" >
  <allocated-bytes non-tlh="71896" tlh="4117808" arrayletleaf="0"/>
  <largest-consumer threadName="main" threadId="000000000074D700" bytes="2095976" />
</allocation-stats>
<gc-op id="137" type="copy forward" timems="2.491" contextid="134" timestamp="2019-07-02T20:36:44.538">
  <memory-copied type="eden" objects="7463" bytes="359568" bytesdiscarded="12728" />
  <memory-copied type="other" objects="3348" bytes="649992" bytesdiscarded="37216" />
  <memory-cardclean objects="526" bytes="37136" />
  <remembered-set-cleared processed="4001" cleared="332" durationms="0.071" />
  <references type="soft" candidates="66" cleared="0" enqueued="0" dynamicThreshold="8" maxThreshold="32" />
  <references type="weak" candidates="503" cleared="0" enqueued="0" />
  <references type="phantom" candidates="3" cleared="0" enqueued="0" />
  <stringconstants candidates="7166" cleared="0"  />
  <heap-resize type="expand" space="default" amount="1048576" count="1" timems="0.055" reason="continue current collection" />
</gc-op>
<gc-op id="138" type="classunload" timems="0.003" contextid="134" timestamp="2019-07-02T20:36:44.538">
  <classunload-info classloadercandidates="11" classloadersunloaded="0" classesunloaded="0" anonymousclassesunloaded="0" quiescems="0.000" setupms="0.003" scanms="0.000" postms="0.000" />
</gc-op>
<gc-op id="139" type="compact" timems="1.240" contextid="134" timestamp="2019-07-02T20:36:44.539">
  <compact-info movecount="0" movebytes="0" />
  <remembered-set-cleared processed="9276" cleared="332" durationms="0.075" />
</gc-op>
<gc-end id="140" type="partial gc" contextid="134" durationms="5.019" usertimems="4.000" systemtimems="0.000" timestamp="2019-07-02T20:36:44.540" activeThreads="4">
  <mem-info id="141" free="5242880" total="12582912" percent="41">
    <mem type="eden" free="675888" total="1048576" percent="64" />
    <remembered-set count="6272" freebytes="477184" totalbytes="502272" percent="95" regionsoverflowed="0" regionsstable="0" regionsrebuilding="0"/>
  </mem-info>
</gc-end>
<cycle-end id="142" type="partial gc" contextid="134" timestamp="2019-07-02T20:36:44.540">
  <attribute name="GC Util" value="73" />
  <attribute name="CPU Util" value="6268383816452" />
  <attribute name="Time Running"value="5735"/>
  <attribute name="Number of cores"value="4"/>
</cycle-end>
<exclusive-end id="143" timestamp="2019-07-02T20:36:44.540" durationms="5.757" />

<exclusive-start id="144" timestamp="2019-07-02T20:36:44.582" intervalms="47.536">
  <response-info timems="0.011" idlems="0.011" threads="0" lastid="000000000074D700" lastname="main" />
</exclusive-start>
<allocation-taxation id="145" taxation-threshold="2097152" timestamp="2019-07-02T20:36:44.582" intervalms="47.610" />
<gc-start id="146" type="global mark phase" contextid="123" timestamp="2019-07-02T20:36:44.582">
  <mem-info id="147" free="3145728" total="12582912" percent="25">
    <remembered-set count="6272" freebytes="477184" totalbytes="502272" percent="95" regionsoverflowed="0" regionsstable="0" regionsrebuilding="0"/>
  </mem-info>
</gc-start>
<gc-op id="148" type="mark increment" timems="1.537" contextid="123" timestamp="2019-07-02T20:36:44.584">
  <trace-info objectcount="4039" scancount="3512" scanbytes="131912" />
  <cardclean-info objects="2293" bytes="115988" />
  <finalization candidates="80" enqueued="0" />
  <ownableSynchronizers candidates="21" cleared="0" />
  <references type="soft" candidates="1022" cleared="0" enqueued="0" dynamicThreshold="13" maxThreshold="32" />
  <references type="weak" candidates="3593" cleared="0" enqueued="0" />
  <references type="phantom" candidates="101" cleared="0" enqueued="0" />
  <stringconstants candidates="7305" cleared="0"  />
</gc-op>
<gc-op id="149" type="classunload" timems="0.005" contextid="123" timestamp="2019-07-02T20:36:44.584">
  <classunload-info classloadercandidates="11" classloadersunloaded="0" classesunloaded="0" anonymousclassesunloaded="0" quiescems="0.000" setupms="0.005" scanms="0.000" postms="0.000" />
</gc-op>
<gc-end id="150" type="global mark phase" contextid="123" durationms="2.006" usertimems="0.000" systemtimems="0.000" timestamp="2019-07-02T20:36:44.584" activeThreads="4">
  <mem-info id="151" free="3145728" total="12582912" percent="25">
    <remembered-set count="6272" freebytes="477184" totalbytes="502272" percent="95" regionsoverflowed="0" regionsstable="0" regionsrebuilding="0"/>
  </mem-info>
</gc-end>
<cycle-end id="152" type="global mark phase" contextid="123" timestamp="2019-07-02T20:36:44.584">
  <attribute name="GC Util" value="61" />
  <attribute name="CPU Util" value="72359752507168" />
  <attribute name="Time Running"value="5780"/>
  <attribute name="Number of cores"value="4"/>
</cycle-end>
<exclusive-end id="153" timestamp="2019-07-02T20:36:44.584" durationms="2.542" />

<exclusive-start id="154" timestamp="2019-07-02T20:36:44.614" intervalms="32.627">
  <response-info timems="0.020" idlems="0.020" threads="0" lastid="000000000074D700" lastname="main" />
</exclusive-start>
<allocation-taxation id="155" taxation-threshold="2097152" timestamp="2019-07-02T20:36:44.615" intervalms="32.636" />
<cycle-start id="156" type="partial gc" contextid="0" timestamp="2019-07-02T20:36:44.615" intervalms="80.327" />
  <attribute name="GC Util" value="61" />
  <attribute name="CPU Util" value="72359752507168" />
  <attribute name="Time Running"value="5780"/>
  <attribute name="Number of cores"value="4"/>
<gc-start id="157" type="partial gc" contextid="156" timestamp="2019-07-02T20:36:44.615">
  <mem-info id="158" free="1048576" total="12582912" percent="8">
    <mem type="eden" free="0" total="4194304" percent="0" />
    <remembered-set count="6272" freebytes="477184" totalbytes="502272" percent="95" regionsoverflowed="0" regionsstable="0" regionsrebuilding="0"/>
  </mem-info>
</gc-start>
<allocation-stats totalBytes="4193056" >
  <allocated-bytes non-tlh="58928" tlh="4134128" arrayletleaf="0"/>
  <largest-consumer threadName="main" threadId="000000000074D700" bytes="2096424" />
</allocation-stats>
<gc-op id="159" type="sweep" timems="0.517" contextid="156" timestamp="2019-07-02T20:36:44.616" />
<gc-op id="160" type="copy forward" timems="2.527" contextid="156" timestamp="2019-07-02T20:36:44.619">
  <memory-copied type="eden" objects="2937" bytes="109792" bytesdiscarded="21340" />
  <memory-copied type="other" objects="9346" bytes="432432" bytesdiscarded="18692" />
  <memory-cardclean objects="410" bytes="23336" />
  <remembered-set-cleared processed="5249" cleared="1360" durationms="0.081" />
  <references type="soft" candidates="54" cleared="0" enqueued="0" dynamicThreshold="8" maxThreshold="32" />
  <references type="weak" candidates="772" cleared="0" enqueued="0" />
  <stringconstants candidates="7371" cleared="0"  />
  <heap-resize type="expand" space="default" amount="1048576" count="1" timems="0.061" reason="continue current collection" />
</gc-op>
<gc-op id="161" type="classunload" timems="0.003" contextid="156" timestamp="2019-07-02T20:36:44.619">
  <classunload-info classloadercandidates="11" classloadersunloaded="0" classesunloaded="0" anonymousclassesunloaded="0" quiescems="0.000" setupms="0.003" scanms="0.000" postms="0.000" />
</gc-op>
<gc-op id="162" type="compact" timems="1.316" contextid="156" timestamp="2019-07-02T20:36:44.621">
  <compact-info movecount="0" movebytes="0" />
  <remembered-set-cleared processed="11401" cleared="1360" durationms="0.081" />
</gc-op>
<gc-end id="163" type="partial gc" contextid="156" durationms="6.132" usertimems="4.000" systemtimems="0.000" timestamp="2019-07-02T20:36:44.621" activeThreads="4">
  <mem-info id="164" free="5242880" total="13631488" percent="38">
    <mem type="eden" free="834976" total="1048576" percent="79" />
    <remembered-set count="6688" freebytes="517376" totalbytes="544128" percent="95" regionsoverflowed="0" regionsstable="0" regionsrebuilding="0"/>
  </mem-info>
</gc-end>
<cycle-end id="165" type="partial gc" contextid="156" timestamp="2019-07-02T20:36:44.621">
  <attribute name="GC Util" value="56" />
  <attribute name="CPU Util" value="6187805043707" />
  <attribute name="Time Running"value="5816"/>
  <attribute name="Number of cores"value="4"/>
</cycle-end>
<exclusive-end id="166" timestamp="2019-07-02T20:36:44.622" durationms="7.121" />

<exclusive-start id="167" timestamp="2019-07-02T20:36:44.650" intervalms="35.596">
  <response-info timems="0.015" idlems="0.015" threads="0" lastid="000000000074D700" lastname="main" />
</exclusive-start>
<allocation-taxation id="168" taxation-threshold="2097152" timestamp="2019-07-02T20:36:44.650" intervalms="35.582" />
<cycle-start id="169" type="global mark phase" contextid="0" timestamp="2019-07-02T20:36:44.650" intervalms="163.634" />
  <attribute name="GC Util" value="56" />
  <attribute name="CPU Util" value="6187805043707" />
  <attribute name="Time Running"value="5816"/>
  <attribute name="Number of cores"value="4"/>
<gc-start id="170" type="global mark phase" contextid="169" timestamp="2019-07-02T20:36:44.650">
  <mem-info id="171" free="3145728" total="13631488" percent="23">
    <remembered-set count="6688" freebytes="517376" totalbytes="544128" percent="95" regionsoverflowed="0" regionsstable="0" regionsrebuilding="0"/>
  </mem-info>
</gc-start>
<gc-op id="172" type="mark increment" timems="0.455" contextid="169" timestamp="2019-07-02T20:36:44.651">
  <trace-info objectcount="184" scancount="0" scanbytes="0" />
</gc-op>
<gc-end id="173" type="global mark phase" contextid="169" durationms="0.613" usertimems="0.000" systemtimems="0.000" timestamp="2019-07-02T20:36:44.651" activeThreads="4">
  <mem-info id="174" free="3145728" total="13631488" percent="23">
    <remembered-set count="6688" freebytes="517376" totalbytes="544128" percent="95" regionsoverflowed="0" regionsstable="0" regionsrebuilding="0"/>
  </mem-info>
</gc-end>
<concurrent-start id="175" type="GMP work packet processing" contextid="169" timestamp="2019-07-02T20:36:44.651">
  <concurrent-mark-start scanTarget="18446744073709551615" />
</concurrent-start>
<exclusive-end id="176" timestamp="2019-07-02T20:36:44.654" durationms="3.617" />

<concurrent-end id="177" type="GMP work packet processing" contextid="169" timestamp="2019-07-02T20:36:44.654">
  <concurrent-mark-end bytesScanned="2048576" reasonForTermination="Completed all work in GC phase" />
</concurrent-end>

<exclusive-start id="178" timestamp="2019-07-02T20:36:44.681" intervalms="30.612">
  <response-info timems="0.023" idlems="0.023" threads="0" lastid="000000000074D700" lastname="main" />
</exclusive-start>
<allocation-taxation id="179" taxation-threshold="2097152" timestamp="2019-07-02T20:36:44.681" intervalms="30.620" />
<cycle-start id="180" type="partial gc" contextid="0" timestamp="2019-07-02T20:36:44.681" intervalms="66.249" />
  <attribute name="GC Util" value="135" />
  <attribute name="CPU Util" value="42942047254963" />
  <attribute name="Time Running"value="5848"/>
  <attribute name="Number of cores"value="4"/>
<gc-start id="181" type="partial gc" contextid="180" timestamp="2019-07-02T20:36:44.681">
  <mem-info id="182" free="1048576" total="13631488" percent="7">
    <mem type="eden" free="0" total="4194304" percent="0" />
    <remembered-set count="6688" freebytes="517376" totalbytes="544128" percent="95" regionsoverflowed="0" regionsstable="0" regionsrebuilding="0"/>
  </mem-info>
</gc-start>
<allocation-stats totalBytes="4186968" >
  <allocated-bytes non-tlh="19560" tlh="4167408" arrayletleaf="0"/>
  <largest-consumer threadName="main" threadId="000000000074D700" bytes="2091432" />
</allocation-stats>
<gc-op id="183" type="copy forward" timems="7.843" contextid="180" timestamp="2019-07-02T20:36:44.690">
  <memory-copied type="eden" objects="5719" bytes="232040" bytesdiscarded="17112" />
  <memory-copied type="other" objects="4748" bytes="183032" bytesdiscarded="4760" />
  <memory-cardclean objects="2846" bytes="143432" />
  <remembered-set-cleared processed="6025" cleared="1314" durationms="0.093" />
  <references type="weak" candidates="444" cleared="0" enqueued="0" />
  <stringconstants candidates="7483" cleared="0"  />
  <heap-resize type="expand" space="default" amount="1048576" count="1" timems="0.066" reason="continue current collection" />
</gc-op>
<gc-op id="184" type="classunload" timems="0.004" contextid="180" timestamp="2019-07-02T20:36:44.690">
  <classunload-info classloadercandidates="11" classloadersunloaded="0" classesunloaded="0" anonymousclassesunloaded="0" quiescems="0.000" setupms="0.004" scanms="0.000" postms="0.000" />
</gc-op>
<gc-op id="185" type="compact" timems="3.173" contextid="180" timestamp="2019-07-02T20:36:44.693">
  <compact-info movecount="0" movebytes="0" />
  <remembered-set-cleared processed="13019" cleared="1314" durationms="0.093" />
</gc-op>
<heap-resize id="186" type="expand" space="default" amount="1048576" count="1" timems="0.065" reason="insufficient free space following gc" timestamp="2019-07-02T20:36:44.694" />
<gc-end id="187" type="partial gc" contextid="180" durationms="12.637" usertimems="4.000" systemtimems="12.000" timestamp="2019-07-02T20:36:44.694" activeThreads="4">
  <mem-info id="188" free="6291456" total="15728640" percent="40">
    <mem type="eden" free="799304" total="1048576" percent="76" />
    <remembered-set count="7904" freebytes="596224" totalbytes="627840" percent="94" regionsoverflowed="0" regionsstable="0" regionsrebuilding="0"/>
  </mem-info>
</gc-end>
<cycle-end id="189" type="partial gc" contextid="180" timestamp="2019-07-02T20:36:44.694">
  <attribute name="GC Util" value="97" />
  <attribute name="CPU Util" value="2223879429800" />
  <attribute name="Time Running"value="5887"/>
  <attribute name="Number of cores"value="4"/>
</cycle-end>
<exclusive-end id="190" timestamp="2019-07-02T20:36:44.694" durationms="13.774" />

<exclusive-start id="191" timestamp="2019-07-02T20:36:44.750" intervalms="69.296">
  <response-info timems="0.025" idlems="0.025" threads="0" lastid="000000000074D700" lastname="main" />
</exclusive-start>
<allocation-taxation id="192" taxation-threshold="3145728" timestamp="2019-07-02T20:36:44.750" intervalms="69.327" />
<gc-start id="193" type="global mark phase" contextid="169" timestamp="2019-07-02T20:36:44.750">
  <mem-info id="194" free="3145728" total="15728640" percent="20">
    <remembered-set count="7456" freebytes="598016" totalbytes="627840" percent="95" regionsoverflowed="0" regionsstable="0" regionsrebuilding="0"/>
  </mem-info>
</gc-start>
<gc-op id="195" type="mark increment" timems="5.221" contextid="169" timestamp="2019-07-02T20:36:44.756">
  <trace-info objectcount="8244" scancount="6780" scanbytes="276960" />
  <cardclean-info objects="3366" bytes="159196" />
  <finalization candidates="80" enqueued="0" />
  <ownableSynchronizers candidates="21" cleared="0" />
  <references type="soft" candidates="1024" cleared="0" enqueued="0" dynamicThreshold="12" maxThreshold="32" />
  <references type="weak" candidates="3778" cleared="5" enqueued="5" />
  <references type="phantom" candidates="101" cleared="0" enqueued="0" />
  <stringconstants candidates="7619" cleared="0"  />
</gc-op>
<gc-op id="196" type="classunload" timems="0.006" contextid="169" timestamp="2019-07-02T20:36:44.756">
  <classunload-info classloadercandidates="11" classloadersunloaded="0" classesunloaded="0" anonymousclassesunloaded="0" quiescems="0.000" setupms="0.006" scanms="0.000" postms="0.000" />
</gc-op>
<gc-end id="197" type="global mark phase" contextid="169" durationms="5.755" usertimems="4.000" systemtimems="0.000" timestamp="2019-07-02T20:36:44.756" activeThreads="4">
  <mem-info id="198" free="3145728" total="15728640" percent="20">
    <pending-finalizers system="0" default="0" reference="5" classloader="0" />
    <remembered-set count="7456" freebytes="598016" totalbytes="627840" percent="95" regionsoverflowed="0" regionsstable="0" regionsrebuilding="0"/>
  </mem-info>
</gc-end>
<cycle-end id="199" type="global mark phase" contextid="169" timestamp="2019-07-02T20:36:44.756">
  <attribute name="GC Util" value="117" />
  <attribute name="CPU Util" value="16059205867873" />
  <attribute name="Time Running"value="5950"/>
  <attribute name="Number of cores"value="4"/>
</cycle-end>
<exclusive-end id="200" timestamp="2019-07-02T20:36:44.756" durationms="6.446" />

<exclusive-start id="201" timestamp="2019-07-02T20:36:44.821" intervalms="71.416">
  <response-info timems="0.010" idlems="0.010" threads="0" lastid="000000000074D700" lastname="main" />
</exclusive-start>
<allocation-taxation id="202" taxation-threshold="3145728" timestamp="2019-07-02T20:36:44.822" intervalms="71.389" />
<cycle-start id="203" type="partial gc" contextid="0" timestamp="2019-07-02T20:36:44.822" intervalms="140.691" />
  <attribute name="GC Util" value="117" />
  <attribute name="CPU Util" value="16059205867873" />
  <attribute name="Time Running"value="5950"/>
  <attribute name="Number of cores"value="4"/>
<gc-start id="204" type="partial gc" contextid="203" timestamp="2019-07-02T20:36:44.822">
  <mem-info id="205" free="0" total="15728640" percent="0">
    <mem type="eden" free="0" total="6291456" percent="0" />
    <remembered-set count="7456" freebytes="598016" totalbytes="627840" percent="95" regionsoverflowed="0" regionsstable="0" regionsrebuilding="0"/>
  </mem-info>
</gc-start>
<allocation-stats totalBytes="6275576" >
  <allocated-bytes non-tlh="392536" tlh="5883040" arrayletleaf="0"/>
  <largest-consumer threadName="main" threadId="000000000074D700" bytes="3131720" />
</allocation-stats>
<gc-op id="206" type="sweep" timems="1.647" contextid="203" timestamp="2019-07-02T20:36:44.824" />
<gc-op id="207" type="mark" timems="2.112" contextid="203" timestamp="2019-07-02T20:36:44.827">
  <trace-info objectcount="13355" scancount="11914" scanbytes="524732" />
  <cardclean-info objects="2199" bytes="120476" />
  <remembered-set-cleared processed="6836" cleared="1246" durationms="0.104" />
  <references type="soft" candidates="73" cleared="0" enqueued="0" dynamicThreshold="6" maxThreshold="32" />
  <references type="weak" candidates="218" cleared="0" enqueued="0" />
  <references type="phantom" candidates="1" cleared="0" enqueued="0" />
  <stringconstants candidates="7788" cleared="0"  />
  <warning details="Mark invoked due to insufficient free space for Copy-Forward" />
</gc-op>
<gc-op id="208" type="classunload" timems="0.002" contextid="203" timestamp="2019-07-02T20:36:44.827">
  <classunload-info classloadercandidates="12" classloadersunloaded="0" classesunloaded="0" anonymousclassesunloaded="0" quiescems="0.000" setupms="0.002" scanms="0.000" postms="0.000" />
</gc-op>
<gc-op id="209" type="sweep" timems="1.042" contextid="203" timestamp="2019-07-02T20:36:44.828" />
<gc-op id="210" type="compact" timems="3.072" contextid="203" timestamp="2019-07-02T20:36:44.831">
  <compact-info movecount="13355" movebytes="990664" />
  <remembered-set-cleared processed="15680" cleared="4456" durationms="0.104" />
</gc-op>
<heap-resize id="211" type="expand" space="default" amount="1048576" count="1" timems="0.056" reason="insufficient free space following gc" timestamp="2019-07-02T20:36:44.832" />
<gc-end id="212" type="partial gc" contextid="203" durationms="10.047" usertimems="12.000" systemtimems="0.000" timestamp="2019-07-02T20:36:44.832" activeThreads="4">
  <mem-info id="213" free="6291456" total="16777216" percent="37">
    <mem type="eden" free="269856" total="1048576" percent="25" />
    <remembered-set count="9120" freebytes="633216" totalbytes="669696" percent="94" regionsoverflowed="0" regionsstable="0" regionsrebuilding="0"/>
  </mem-info>
</gc-end>
<cycle-end id="214" type="partial gc" contextid="203" timestamp="2019-07-02T20:36:44.832">
  <attribute name="GC Util" value="88" />
  <attribute name="CPU Util" value="14231237921437" />
  <attribute name="Time Running"value="6025"/>
  <attribute name="Number of cores"value="4"/>
</cycle-end>
<exclusive-end id="215" timestamp="2019-07-02T20:36:44.832" durationms="11.076" />

<exclusive-start id="216" timestamp="2019-07-02T20:36:44.864" intervalms="42.487">
  <response-info timems="0.020" idlems="0.020" threads="0" lastid="000000000074D700" lastname="main" />
</exclusive-start>
<allocation-taxation id="217" taxation-threshold="3145728" timestamp="2019-07-02T20:36:44.864" intervalms="42.417" />
<cycle-start id="218" type="global mark phase" contextid="0" timestamp="2019-07-02T20:36:44.864" intervalms="213.755" />
  <attribute name="GC Util" value="88" />
  <attribute name="CPU Util" value="14231237921437" />
  <attribute name="Time Running"value="6025"/>
  <attribute name="Number of cores"value="4"/>
<gc-start id="219" type="global mark phase" contextid="218" timestamp="2019-07-02T20:36:44.864">
  <mem-info id="220" free="3145728" total="16777216" percent="18">
    <remembered-set count="9120" freebytes="633216" totalbytes="669696" percent="94" regionsoverflowed="0" regionsstable="0" regionsrebuilding="0"/>
  </mem-info>
</gc-start>
<gc-op id="221" type="mark increment" timems="1.029" contextid="218" timestamp="2019-07-02T20:36:44.865">
  <trace-info objectcount="247" scancount="0" scanbytes="0" />
</gc-op>
<gc-end id="222" type="global mark phase" contextid="218" durationms="1.287" usertimems="0.000" systemtimems="0.000" timestamp="2019-07-02T20:36:44.865" activeThreads="4">
  <mem-info id="223" free="3145728" total="16777216" percent="18">
    <remembered-set count="9120" freebytes="633216" totalbytes="669696" percent="94" regionsoverflowed="0" regionsstable="0" regionsrebuilding="0"/>
  </mem-info>
</gc-end>
<concurrent-start id="224" type="GMP work packet processing" contextid="218" timestamp="2019-07-02T20:36:44.866">
  <concurrent-mark-start scanTarget="18446744073709551615" />
</concurrent-start>
<exclusive-end id="225" timestamp="2019-07-02T20:36:44.866" durationms="2.111" />

<concurrent-end id="226" type="GMP work packet processing" contextid="218" timestamp="2019-07-02T20:36:44.871">
  <concurrent-mark-end bytesScanned="2134904" reasonForTermination="Completed all work in GC phase" />
</concurrent-end>

<exclusive-start id="227" timestamp="2019-07-02T20:36:44.890" intervalms="26.154">
  <response-info timems="0.056" idlems="0.056" threads="0" lastid="000000000074D700" lastname="main" />
</exclusive-start>
<allocation-taxation id="228" taxation-threshold="3145728" timestamp="2019-07-02T20:36:44.890" intervalms="26.226" />
<cycle-start id="229" type="partial gc" contextid="0" timestamp="2019-07-02T20:36:44.890" intervalms="68.663" />
  <attribute name="GC Util" value="111" />
  <attribute name="CPU Util" value="15908962303742" />
  <attribute name="Time Running"value="6062"/>
  <attribute name="Number of cores"value="4"/>
<gc-start id="230" type="partial gc" contextid="229" timestamp="2019-07-02T20:36:44.891">
  <mem-info id="231" free="0" total="16777216" percent="0">
    <mem type="eden" free="0" total="6291456" percent="0" />
    <remembered-set count="9120" freebytes="633216" totalbytes="669696" percent="94" regionsoverflowed="0" regionsstable="0" regionsrebuilding="0"/>
  </mem-info>
</gc-start>
<allocation-stats totalBytes="6290768" >
  <allocated-bytes non-tlh="7328" tlh="6283440" arrayletleaf="0"/>
  <largest-consumer threadName="main" threadId="000000000074D700" bytes="3145440" />
</allocation-stats>
<gc-op id="232" type="mark" timems="4.767" contextid="229" timestamp="2019-07-02T20:36:44.896">
  <trace-info objectcount="16890" scancount="15118" scanbytes="645760" />
  <cardclean-info objects="720" bytes="52024" />
  <remembered-set-cleared processed="7576" cleared="922" durationms="0.280" />
  <references type="soft" candidates="73" cleared="0" enqueued="0" dynamicThreshold="6" maxThreshold="32" />
  <references type="weak" candidates="136" cleared="0" enqueued="0" />
  <references type="phantom" candidates="1" cleared="0" enqueued="0" />
  <stringconstants candidates="7828" cleared="0"  />
  <warning details="Mark invoked due to insufficient free space for Copy-Forward" />
</gc-op>
<gc-op id="233" type="classunload" timems="0.002" contextid="229" timestamp="2019-07-02T20:36:44.897">
  <classunload-info classloadercandidates="12" classloadersunloaded="0" classesunloaded="0" anonymousclassesunloaded="0" quiescems="0.000" setupms="0.002" scanms="0.000" postms="0.000" />
</gc-op>
<gc-op id="234" type="sweep" timems="1.520" contextid="229" timestamp="2019-07-02T20:36:44.898" />
<gc-op id="235" type="compact" timems="5.272" contextid="229" timestamp="2019-07-02T20:36:44.904">
  <compact-info movecount="15963" movebytes="1013672" />
  <remembered-set-cleared processed="18226" cleared="4892" durationms="0.280" />
</gc-op>
<heap-resize id="236" type="expand" space="default" amount="2097152" count="1" timems="0.071" reason="insufficient free space following gc" timestamp="2019-07-02T20:36:44.904" />
<gc-end id="237" type="partial gc" contextid="229" durationms="13.772" usertimems="16.000" systemtimems="4.000" timestamp="2019-07-02T20:36:44.904" activeThreads="4">
  <mem-info id="238" free="7340032" total="18874368" percent="38">
    <mem type="eden" free="687152" total="1048576" percent="65" />
    <remembered-set count="10784" freebytes="710272" totalbytes="753408" percent="94" regionsoverflowed="0" regionsstable="0" regionsrebuilding="0"/>
  </mem-info>
</gc-end>
<cycle-end id="239" type="partial gc" contextid="229" timestamp="2019-07-02T20:36:44.905">
  <attribute name="GC Util" value="94" />
  <attribute name="CPU Util" value="9993355039270" />
  <attribute name="Time Running"value="6095"/>
  <attribute name="Number of cores"value="4"/>
</cycle-end>
<exclusive-end id="240" timestamp="2019-07-02T20:36:44.905" durationms="14.927" />

<exclusive-start id="241" timestamp="2019-07-02T20:36:44.930" intervalms="39.871">
  <response-info timems="0.024" idlems="0.024" threads="0" lastid="000000000074D700" lastname="main" />
</exclusive-start>
<allocation-taxation id="242" taxation-threshold="3145728" timestamp="2019-07-02T20:36:44.930" intervalms="39.909" />
<gc-start id="243" type="global mark phase" contextid="218" timestamp="2019-07-02T20:36:44.930">
  <mem-info id="244" free="4194304" total="18874368" percent="22">
    <remembered-set count="10688" freebytes="710656" totalbytes="753408" percent="94" regionsoverflowed="0" regionsstable="0" regionsrebuilding="0"/>
  </mem-info>
</gc-start>
<gc-op id="245" type="mark increment" timems="5.922" contextid="218" timestamp="2019-07-02T20:36:44.936">
  <trace-info objectcount="20687" scancount="17954" scanbytes="691580" />
  <cardclean-info objects="588" bytes="41876" />
  <finalization candidates="80" enqueued="0" />
  <ownableSynchronizers candidates="21" cleared="0" />
  <references type="soft" candidates="1095" cleared="56" enqueued="56" dynamicThreshold="12" maxThreshold="32" />
  <references type="weak" candidates="3873" cleared="0" enqueued="0" />
  <references type="phantom" candidates="100" cleared="0" enqueued="0" />
  <stringconstants candidates="7844" cleared="0"  />
</gc-op>
<gc-op id="246" type="classunload" timems="0.006" contextid="218" timestamp="2019-07-02T20:36:44.936">
  <classunload-info classloadercandidates="12" classloadersunloaded="0" classesunloaded="0" anonymousclassesunloaded="0" quiescems="0.000" setupms="0.005" scanms="0.000" postms="0.000" />
</gc-op>
<gc-end id="247" type="global mark phase" contextid="218" durationms="6.423" usertimems="8.000" systemtimems="0.000" timestamp="2019-07-02T20:36:44.937" activeThreads="4">
  <mem-info id="248" free="4194304" total="18874368" percent="22">
    <pending-finalizers system="0" default="0" reference="56" classloader="0" />
    <remembered-set count="10688" freebytes="710656" totalbytes="753408" percent="94" regionsoverflowed="0" regionsstable="0" regionsrebuilding="0"/>
  </mem-info>
</gc-end>
<cycle-end id="249" type="global mark phase" contextid="218" timestamp="2019-07-02T20:36:44.937">
  <attribute name="GC Util" value="143" />
  <attribute name="CPU Util" value="11966679441357" />
  <attribute name="Time Running"value="6130"/>
  <attribute name="Number of cores"value="4"/>
</cycle-end>
<exclusive-end id="250" timestamp="2019-07-02T20:36:44.937" durationms="7.177" />

<exclusive-start id="251" timestamp="2019-07-02T20:36:44.993" intervalms="63.139">
  <response-info timems="0.024" idlems="0.024" threads="0" lastid="000000000074D700" lastname="main" />
</exclusive-start>
<allocation-taxation id="252" taxation-threshold="3145728" timestamp="2019-07-02T20:36:44.993" intervalms="63.020" />
<cycle-start id="253" type="partial gc" contextid="0" timestamp="2019-07-02T20:36:44.993" intervalms="102.804" />
  <attribute name="GC Util" value="143" />
  <attribute name="CPU Util" value="11966679441357" />
  <attribute name="Time Running"value="6130"/>
  <attribute name="Number of cores"value="4"/>
<gc-start id="254" type="partial gc" contextid="253" timestamp="2019-07-02T20:36:44.993">
  <mem-info id="255" free="1048576" total="18874368" percent="5">
    <mem type="eden" free="0" total="6291456" percent="0" />
    <remembered-set count="10688" freebytes="710656" totalbytes="753408" percent="94" regionsoverflowed="0" regionsstable="0" regionsrebuilding="0"/>
  </mem-info>
</gc-start>
<allocation-stats totalBytes="6287768" >
  <allocated-bytes non-tlh="58872" tlh="6228896" arrayletleaf="0"/>
  <largest-consumer threadName="main" threadId="000000000074D700" bytes="3139312" />
</allocation-stats>
<gc-op id="256" type="sweep" timems="0.457" contextid="253" timestamp="2019-07-02T20:36:44.994" />
<gc-op id="257" type="copy forward" timems="3.259" contextid="253" timestamp="2019-07-02T20:36:44.998">
  <memory-copied type="eden" objects="5769" bytes="308160" bytesdiscarded="31869" />
  <memory-copied type="other" objects="12701" bytes="492656" bytesdiscarded="13867" />
  <memory-cardclean objects="1556" bytes="92992" />
  <remembered-set-cleared processed="9224" cleared="1955" durationms="0.114" />
  <references type="soft" candidates="224" cleared="0" enqueued="0" dynamicThreshold="7" maxThreshold="32" />
  <references type="weak" candidates="476" cleared="8" enqueued="7" />
  <references type="phantom" candidates="1" cleared="0" enqueued="0" />
  <stringconstants candidates="8277" cleared="0"  />
  <heap-resize type="expand" space="default" amount="1048576" count="1" timems="0.061" reason="continue current collection" />
</gc-op>
<gc-op id="258" type="classunload" timems="0.003" contextid="253" timestamp="2019-07-02T20:36:44.998">
  <classunload-info classloadercandidates="14" classloadersunloaded="0" classesunloaded="0" anonymousclassesunloaded="0" quiescems="0.000" setupms="0.003" scanms="0.000" postms="0.000" />
</gc-op>
<gc-op id="259" type="compact" timems="1.833" contextid="253" timestamp="2019-07-02T20:36:45.000">
  <compact-info movecount="0" movebytes="0" />
  <remembered-set-cleared processed="19852" cleared="1955" durationms="0.114" />
</gc-op>
<heap-resize id="260" type="expand" space="default" amount="2097152" count="1" timems="0.059" reason="insufficient free space following gc" timestamp="2019-07-02T20:36:45.000" />
<gc-end id="261" type="partial gc" contextid="253" durationms="7.227" usertimems="8.000" systemtimems="0.000" timestamp="2019-07-02T20:36:45.001" activeThreads="4">
  <mem-info id="262" free="9437184" total="22020096" percent="42">
    <mem type="eden" free="570552" total="1048576" percent="54" />
    <pending-finalizers system="0" default="0" reference="7" classloader="0" />
    <remembered-set count="11456" freebytes="833152" totalbytes="878976" percent="94" regionsoverflowed="0" regionsstable="0" regionsrebuilding="0"/>
  </mem-info>
</gc-end>
<cycle-end id="263" type="partial gc" contextid="253" timestamp="2019-07-02T20:36:45.001">
  <attribute name="GC Util" value="62" />
  <attribute name="CPU Util" value="5005959108413" />
  <attribute name="Time Running"value="6195"/>
  <attribute name="Number of cores"value="4"/>
</cycle-end>
<exclusive-end id="264" timestamp="2019-07-02T20:36:45.001" durationms="7.974" />

<exclusive-start id="265" timestamp="2019-07-02T20:36:45.026" intervalms="33.451">
  <response-info timems="0.056" idlems="0.056" threads="0" lastid="000000000074D700" lastname="main" />
</exclusive-start>
<allocation-taxation id="266" taxation-threshold="4194304" timestamp="2019-07-02T20:36:45.027" intervalms="33.564" />
<cycle-start id="267" type="global mark phase" contextid="0" timestamp="2019-07-02T20:36:45.027" intervalms="162.735" />
  <attribute name="GC Util" value="62" />
  <attribute name="CPU Util" value="5005959108413" />
  <attribute name="Time Running"value="6195"/>
  <attribute name="Number of cores"value="4"/>
<gc-start id="268" type="global mark phase" contextid="267" timestamp="2019-07-02T20:36:45.027">
  <mem-info id="269" free="5242880" total="22020096" percent="23">
    <remembered-set count="11456" freebytes="833152" totalbytes="878976" percent="94" regionsoverflowed="0" regionsstable="0" regionsrebuilding="0"/>
  </mem-info>
</gc-start>
<gc-op id="270" type="mark increment" timems="0.577" contextid="267" timestamp="2019-07-02T20:36:45.028">
  <trace-info objectcount="226" scancount="0" scanbytes="0" />
</gc-op>
<gc-end id="271" type="global mark phase" contextid="267" durationms="0.854" usertimems="0.000" systemtimems="0.000" timestamp="2019-07-02T20:36:45.028" activeThreads="4">
  <mem-info id="272" free="5242880" total="22020096" percent="23">
    <remembered-set count="11456" freebytes="833152" totalbytes="878976" percent="94" regionsoverflowed="0" regionsstable="0" regionsrebuilding="0"/>
  </mem-info>
</gc-end>
<concurrent-start id="273" type="GMP work packet processing" contextid="267" timestamp="2019-07-02T20:36:45.028">
  <concurrent-mark-start scanTarget="18446744073709551615" />
</concurrent-start>
<concurrent-end id="274" type="GMP work packet processing" contextid="267" timestamp="2019-07-02T20:36:45.031">
  <concurrent-mark-end bytesScanned="2267596" reasonForTermination="Completed all work in GC phase" />
</concurrent-end>

<exclusive-end id="275" timestamp="2019-07-02T20:36:45.031" durationms="4.289" />

<exclusive-start id="276" timestamp="2019-07-02T20:36:45.054" intervalms="27.294">
  <response-info timems="0.018" idlems="0.018" threads="0" lastid="000000000074D700" lastname="main" />
</exclusive-start>
<allocation-taxation id="277" taxation-threshold="4194304" timestamp="2019-07-02T20:36:45.054" intervalms="27.269" />
<cycle-start id="278" type="partial gc" contextid="0" timestamp="2019-07-02T20:36:45.054" intervalms="60.917" />
  <attribute name="GC Util" value="104" />
  <attribute name="CPU Util" value="27175041185979" />
  <attribute name="Time Running"value="6225"/>
  <attribute name="Number of cores"value="4"/>
<gc-start id="279" type="partial gc" contextid="278" timestamp="2019-07-02T20:36:45.054">
  <mem-info id="280" free="1048576" total="22020096" percent="4">
    <mem type="eden" free="0" total="8388608" percent="0" />
    <remembered-set count="11456" freebytes="833152" totalbytes="878976" percent="94" regionsoverflowed="0" regionsstable="0" regionsrebuilding="0"/>
  </mem-info>
</gc-start>
<allocation-stats totalBytes="8387584" >
  <allocated-bytes non-tlh="300912" tlh="8086672" arrayletleaf="0"/>
  <largest-consumer threadName="main" threadId="000000000074D700" bytes="4193792" />
</allocation-stats>
<gc-op id="281" type="copy forward" timems="2.858" contextid="278" timestamp="2019-07-02T20:36:45.058">
  <memory-copied type="eden" objects="5161" bytes="285664" bytesdiscarded="35592" />
  <memory-copied type="other" objects="9248" bytes="406104" bytesdiscarded="18248" />
  <memory-cardclean objects="744" bytes="60200" />
  <remembered-set-cleared processed="10485" cleared="1783" durationms="0.108" />
  <references type="soft" candidates="224" cleared="0" enqueued="0" dynamicThreshold="7" maxThreshold="32" />
  <references type="weak" candidates="424" cleared="0" enqueued="0" />
  <stringconstants candidates="8292" cleared="0"  />
  <heap-resize type="expand" space="default" amount="1048576" count="1" timems="0.059" reason="continue current collection" />
</gc-op>
<gc-op id="282" type="classunload" timems="0.003" contextid="278" timestamp="2019-07-02T20:36:45.058">
  <classunload-info classloadercandidates="14" classloadersunloaded="0" classesunloaded="0" anonymousclassesunloaded="0" quiescems="0.000" setupms="0.002" scanms="0.000" postms="0.000" />
</gc-op>
<gc-op id="283" type="compact" timems="0.965" contextid="278" timestamp="2019-07-02T20:36:45.059">
  <compact-info movecount="0" movebytes="0" />
  <remembered-set-cleared processed="21336" cleared="1783" durationms="0.108" />
</gc-op>
<heap-resize id="284" type="expand" space="default" amount="4194304" count="1" timems="0.072" reason="excessive time being spent in gc" timestamp="2019-07-02T20:36:45.060" />
<gc-end id="285" type="partial gc" contextid="278" durationms="5.405" usertimems="4.000" systemtimems="0.000" timestamp="2019-07-02T20:36:45.060" activeThreads="4">
  <mem-info id="286" free="13631488" total="27262976" percent="50">
    <mem type="eden" free="727304" total="1048576" percent="69" />
    <remembered-set count="12224" freebytes="1039360" totalbytes="1088256" percent="95" regionsoverflowed="0" regionsstable="0" regionsrebuilding="0"/>
  </mem-info>
</gc-end>
<cycle-end id="287" type="partial gc" contextid="278" timestamp="2019-07-02T20:36:45.060">
  <attribute name="GC Util" value="63" />
  <attribute name="CPU Util" value="5661132627978" />
  <attribute name="Time Running"value="6255"/>
  <attribute name="Number of cores"value="4"/>
</cycle-end>
<exclusive-end id="288" timestamp="2019-07-02T20:36:45.060" durationms="6.384" />

<exclusive-start id="289" timestamp="2019-07-02T20:36:45.125" intervalms="71.431">
  <response-info timems="0.025" idlems="0.025" threads="0" lastid="000000000074D700" lastname="main" />
</exclusive-start>
<sys-start reason="explicit" id="290" timestamp="2019-07-02T20:36:45.125" intervalms="6417.768" />
<cycle-continue id="291" oldtype="global mark phase" newtype="global garbage collect" contextid="267" timestamp="2019-07-02T20:36:45.125" />
<gc-start id="292" type="global garbage collect" contextid="267" timestamp="2019-07-02T20:36:45.126">
  <mem-info id="293" free="9755664" total="27262976" percent="35">
    <mem type="eden" free="318480" total="4194304" percent="7" />
    <remembered-set count="12224" freebytes="1039360" totalbytes="1088256" percent="95" regionsoverflowed="0" regionsstable="0" regionsrebuilding="0"/>
  </mem-info>
</gc-start>
<allocation-stats totalBytes="3870496" >
  <allocated-bytes non-tlh="556496" tlh="3314000" arrayletleaf="0"/>
  <largest-consumer threadName="main" threadId="000000000074D700" bytes="3870496" />
</allocation-stats>
<gc-op id="294" type="global mark" timems="1.774" contextid="267" timestamp="2019-07-02T20:36:45.128">
  <trace-info objectcount="5984" scancount="5520" scanbytes="192904" />
  <cardclean-info objects="2499" bytes="126948" />
  <finalization candidates="80" enqueued="0" />
  <ownableSynchronizers candidates="21" cleared="0" />
  <references type="soft" candidates="1584" cleared="0" enqueued="0" dynamicThreshold="16" maxThreshold="32" />
  <references type="weak" candidates="4569" cleared="31" enqueued="29" />
  <references type="phantom" candidates="102" cleared="2" enqueued="2" />
  <stringconstants candidates="8662" cleared="4"  />
</gc-op>
<gc-op id="295" type="classunload" timems="0.567" contextid="267" timestamp="2019-07-02T20:36:45.129">
  <classunload-info classloadercandidates="17" classloadersunloaded="1" classesunloaded="1" anonymousclassesunloaded="0" quiescems="0.000" setupms="0.557" scanms="0.006" postms="0.004" />
</gc-op>
<gc-op id="296" type="sweep" timems="0.473" contextid="267" timestamp="2019-07-02T20:36:45.129" />
<gc-op id="297" type="compact" timems="7.515" contextid="267" timestamp="2019-07-02T20:36:45.137">
  <compact-info movecount="71740" movebytes="4094008" />
  <remembered-set-cleared processed="16760" cleared="16760" durationms="0.122" />
</gc-op>
<gc-end id="298" type="global garbage collect" contextid="267" durationms="11.552" usertimems="20.000" systemtimems="0.000" timestamp="2019-07-02T20:36:45.137" activeThreads="4">
  <mem-info id="299" free="12582912" total="27262976" percent="46">
    <pending-finalizers system="0" default="0" reference="31" classloader="0" />
    <remembered-set count="9728" freebytes="1049344" totalbytes="1088256" percent="96" regionsoverflowed="0" regionsstable="0" regionsrebuilding="0"/>
  </mem-info>
</gc-end>
<cycle-end id="300" type="global garbage collect" contextid="267" timestamp="2019-07-02T20:36:45.138">
  <attribute name="GC Util" value="26" />
  <attribute name="CPU Util" value="24656247360229" />
  <attribute name="Time Running"value="6326"/>
  <attribute name="Number of cores"value="4"/>
</cycle-end>
<sys-end id="301" timestamp="2019-07-02T20:36:45.138" />
<exclusive-end id="302" timestamp="2019-07-02T20:36:45.138" durationms="12.712" />

<exclusive-start id="303" timestamp="2019-07-02T20:36:45.202" intervalms="76.499">
  <response-info timems="0.022" idlems="0.022" threads="0" lastid="000000000074D700" lastname="main" />
</exclusive-start>
<allocation-taxation id="304" taxation-threshold="12582912" timestamp="2019-07-02T20:36:45.202" intervalms="147.966" />
<cycle-start id="305" type="partial gc" contextid="0" timestamp="2019-07-02T20:36:45.202" intervalms="147.979" />
  <attribute name="GC Util" value="26" />
  <attribute name="CPU Util" value="24656247360229" />
  <attribute name="Time Running"value="6326"/>
  <attribute name="Number of cores"value="4"/>
<gc-start id="306" type="partial gc" contextid="305" timestamp="2019-07-02T20:36:45.202">
  <mem-info id="307" free="0" total="27262976" percent="0">
    <mem type="eden" free="0" total="12582912" percent="0" />
    <remembered-set count="9344" freebytes="1050880" totalbytes="1088256" percent="96" regionsoverflowed="0" regionsstable="0" regionsrebuilding="0"/>
  </mem-info>
</gc-start>
<allocation-stats totalBytes="12580848" >
  <allocated-bytes non-tlh="529208" tlh="12051640" arrayletleaf="0"/>
  <largest-consumer threadName="main" threadId="000000000074D700" bytes="12580848" />
</allocation-stats>
<gc-op id="308" type="mark" timems="1.976" contextid="305" timestamp="2019-07-02T20:36:45.205">
  <trace-info objectcount="22958" scancount="20515" scanbytes="866512" />
  <cardclean-info objects="478" bytes="20704" />
  <remembered-set-cleared processed="7897" cleared="97" durationms="0.134" />
  <references type="weak" candidates="6" cleared="6" enqueued="6" />
  <references type="phantom" candidates="6" cleared="2" enqueued="2" />
  <stringconstants candidates="8668" cleared="0"  />
  <warning details="Mark invoked due to insufficient free space for Copy-Forward" />
</gc-op>
<gc-op id="309" type="classunload" timems="0.004" contextid="305" timestamp="2019-07-02T20:36:45.205">
  <classunload-info classloadercandidates="16" classloadersunloaded="0" classesunloaded="0" anonymousclassesunloaded="0" quiescems="0.000" setupms="0.003" scanms="0.000" postms="0.000" />
</gc-op>
<gc-op id="310" type="sweep" timems="0.376" contextid="305" timestamp="2019-07-02T20:36:45.206" />
<gc-op id="311" type="compact" timems="3.145" contextid="305" timestamp="2019-07-02T20:36:45.209">
  <compact-info movecount="22958" movebytes="1545896" />
  <remembered-set-cleared processed="19601" cleared="3990" durationms="0.134" />
</gc-op>
<gc-end id="312" type="partial gc" contextid="305" durationms="6.977" usertimems="12.000" systemtimems="0.000" timestamp="2019-07-02T20:36:45.209" activeThreads="4">
  <mem-info id="313" free="10485760" total="27262976" percent="38">
    <mem type="eden" free="550544" total="2097152" percent="26" />
    <pending-finalizers system="0" default="0" reference="8" classloader="0" />
    <remembered-set count="13344" freebytes="1034880" totalbytes="1088256" percent="95" regionsoverflowed="0" regionsstable="0" regionsrebuilding="0"/>
  </mem-info>
</gc-end>
<cycle-end id="314" type="partial gc" contextid="305" timestamp="2019-07-02T20:36:45.210">
  <attribute name="GC Util" value="28" />
  <attribute name="CPU Util" value="28613355341279" />
  <attribute name="Time Running"value="6403"/>
  <attribute name="Number of cores"value="4"/>
</cycle-end>
<exclusive-end id="315" timestamp="2019-07-02T20:36:45.210" durationms="8.104" />

<exclusive-start id="316" timestamp="2019-07-02T20:36:45.290" intervalms="88.154">
  <response-info timems="0.023" idlems="0.023" threads="0" lastid="000000000074D700" lastname="main" />
</exclusive-start>
<allocation-taxation id="317" taxation-threshold="10485760" timestamp="2019-07-02T20:36:45.290" intervalms="88.129" />
<cycle-start id="318" type="partial gc" contextid="0" timestamp="2019-07-02T20:36:45.290" intervalms="88.126" />
  <attribute name="GC Util" value="28" />
  <attribute name="CPU Util" value="28613355341279" />
  <attribute name="Time Running"value="6403"/>
  <attribute name="Number of cores"value="4"/>
<gc-start id="319" type="partial gc" contextid="318" timestamp="2019-07-02T20:36:45.290">
  <mem-info id="320" free="0" total="27262976" percent="0">
    <mem type="eden" free="0" total="10485760" percent="0" />
    <remembered-set count="12928" freebytes="1036544" totalbytes="1088256" percent="95" regionsoverflowed="0" regionsstable="0" regionsrebuilding="0"/>
  </mem-info>
</gc-start>
<allocation-stats totalBytes="10482984" >
  <allocated-bytes non-tlh="406208" tlh="10076776" arrayletleaf="0"/>
  <largest-consumer threadName="main" threadId="000000000074D700" bytes="10482984" />
</allocation-stats>
<gc-op id="321" type="mark" timems="1.669" contextid="318" timestamp="2019-07-02T20:36:45.293">
  <trace-info objectcount="16858" scancount="11669" scanbytes="384352" />
  <cardclean-info objects="992" bytes="49032" />
  <remembered-set-cleared processed="10029" cleared="2489" durationms="0.130" />
  <references type="soft" candidates="68" cleared="0" enqueued="0" dynamicThreshold="12" maxThreshold="32" />
  <references type="weak" candidates="161" cleared="19" enqueued="16" />
  <references type="phantom" candidates="3" cleared="0" enqueued="0" />
  <stringconstants candidates="10878" cleared="0"  />
  <warning details="Mark invoked due to insufficient free space for Copy-Forward" />
</gc-op>
<gc-op id="322" type="classunload" timems="0.003" contextid="318" timestamp="2019-07-02T20:36:45.293">
  <classunload-info classloadercandidates="17" classloadersunloaded="0" classesunloaded="0" anonymousclassesunloaded="0" quiescems="0.000" setupms="0.003" scanms="0.000" postms="0.000" />
</gc-op>
<gc-op id="323" type="sweep" timems="0.404" contextid="318" timestamp="2019-07-02T20:36:45.294" />
<gc-op id="324" type="compact" timems="2.431" contextid="318" timestamp="2019-07-02T20:36:45.296">
  <compact-info movecount="16858" movebytes="1030416" />
  <remembered-set-cleared processed="20271" cleared="5123" durationms="0.130" />
</gc-op>
<gc-end id="325" type="partial gc" contextid="318" durationms="6.024" usertimems="8.000" systemtimems="0.000" timestamp="2019-07-02T20:36:45.297" activeThreads="4">
  <mem-info id="326" free="10485760" total="27262976" percent="38">
    <mem type="eden" free="306256" total="1048576" percent="29" />
    <pending-finalizers system="0" default="0" reference="16" classloader="0" />
    <remembered-set count="10688" freebytes="1045504" totalbytes="1088256" percent="96" regionsoverflowed="0" regionsstable="0" regionsrebuilding="0"/>
  </mem-info>
</gc-end>
<cycle-end id="327" type="partial gc" contextid="318" timestamp="2019-07-02T20:36:45.297">
  <attribute name="GC Util" value="25" />
  <attribute name="CPU Util" value="26554877608638" />
  <attribute name="Time Running"value="6491"/>
  <attribute name="Number of cores"value="4"/>
</cycle-end>
<exclusive-end id="328" timestamp="2019-07-02T20:36:45.297" durationms="7.085" />

<exclusive-start id="329" timestamp="2019-07-02T20:36:45.350" intervalms="60.025">
  <response-info timems="0.019" idlems="0.019" threads="0" lastid="000000000074D700" lastname="main" />
</exclusive-start>
<allocation-taxation id="330" taxation-threshold="10485760" timestamp="2019-07-02T20:36:45.350" intervalms="60.009" />
<cycle-start id="331" type="partial gc" contextid="0" timestamp="2019-07-02T20:36:45.350" intervalms="60.004" />
  <attribute name="GC Util" value="25" />
  <attribute name="CPU Util" value="26554877608638" />
  <attribute name="Time Running"value="6491"/>
  <attribute name="Number of cores"value="4"/>
<gc-start id="332" type="partial gc" contextid="331" timestamp="2019-07-02T20:36:45.351">
  <mem-info id="333" free="0" total="27262976" percent="0">
    <mem type="eden" free="0" total="10485760" percent="0" />
    <remembered-set count="10592" freebytes="1045888" totalbytes="1088256" percent="96" regionsoverflowed="0" regionsstable="0" regionsrebuilding="0"/>
  </mem-info>
</gc-start>
<allocation-stats totalBytes="10484160" >
  <allocated-bytes non-tlh="437360" tlh="10046800" arrayletleaf="0"/>
  <largest-consumer threadName="main" threadId="000000000074D700" bytes="10484160" />
</allocation-stats>
<gc-op id="334" type="mark" timems="2.043" contextid="331" timestamp="2019-07-02T20:36:45.353">
  <trace-info objectcount="22409" scancount="17577" scanbytes="652188" />
  <cardclean-info objects="674" bytes="47756" />
  <remembered-set-cleared processed="8711" cleared="1095" durationms="0.149" />
  <references type="soft" candidates="101" cleared="0" enqueued="0" dynamicThreshold="12" maxThreshold="32" />
  <references type="weak" candidates="170" cleared="2" enqueued="2" />
  <references type="phantom" candidates="1" cleared="0" enqueued="0" />
  <stringconstants candidates="11049" cleared="0"  />
  <warning details="Mark invoked due to insufficient free space for Copy-Forward" />
</gc-op>
<gc-op id="335" type="classunload" timems="0.003" contextid="331" timestamp="2019-07-02T20:36:45.353">
  <classunload-info classloadercandidates="19" classloadersunloaded="0" classesunloaded="0" anonymousclassesunloaded="0" quiescems="0.000" setupms="0.003" scanms="0.000" postms="0.000" />
</gc-op>
<gc-op id="336" type="sweep" timems="0.471" contextid="331" timestamp="2019-07-02T20:36:45.354" />
<gc-op id="337" type="compact" timems="2.776" contextid="331" timestamp="2019-07-02T20:36:45.357">
  <compact-info movecount="22409" movebytes="1262168" />
  <remembered-set-cleared processed="20173" cleared="4892" durationms="0.149" />
</gc-op>
<gc-end id="338" type="partial gc" contextid="331" durationms="7.051" usertimems="8.000" systemtimems="0.000" timestamp="2019-07-02T20:36:45.358" activeThreads="4">
  <mem-info id="339" free="9437184" total="27262976" percent="34">
    <mem type="eden" free="257888" total="1048576" percent="24" />
    <pending-finalizers system="0" default="0" reference="2" classloader="0" />
    <remembered-set count="11328" freebytes="1042944" totalbytes="1088256" percent="95" regionsoverflowed="0" regionsstable="0" regionsrebuilding="0"/>
  </mem-info>
</gc-end>
<cycle-end id="340" type="partial gc" contextid="331" timestamp="2019-07-02T20:36:45.358">
  <attribute name="GC Util" value="22" />
  <attribute name="CPU Util" value="23621991734243" />
  <attribute name="Time Running"value="6551"/>
  <attribute name="Number of cores"value="4"/>
</cycle-end>
<exclusive-end id="341" timestamp="2019-07-02T20:36:45.358" durationms="8.158" />

<exclusive-start id="342" timestamp="2019-07-02T20:36:45.375" intervalms="25.143">
  <response-info timems="0.109" idlems="0.109" threads="0" lastid="000000000074D700" lastname="main" />
</exclusive-start>
<allocation-taxation id="343" taxation-threshold="9437184" timestamp="2019-07-02T20:36:45.375" intervalms="25.141" />
<cycle-start id="344" type="partial gc" contextid="0" timestamp="2019-07-02T20:36:45.375" intervalms="25.144" />
  <attribute name="GC Util" value="22" />
  <attribute name="CPU Util" value="23621991734243" />
  <attribute name="Time Running"value="6551"/>
  <attribute name="Number of cores"value="4"/>
<gc-start id="345" type="partial gc" contextid="344" timestamp="2019-07-02T20:36:45.376">
  <mem-info id="346" free="0" total="27262976" percent="0">
    <mem type="eden" free="0" total="9437184" percent="0" />
    <remembered-set count="11328" freebytes="1042944" totalbytes="1088256" percent="95" regionsoverflowed="0" regionsstable="0" regionsrebuilding="0"/>
  </mem-info>
</gc-start>
<allocation-stats totalBytes="9436344" >
  <allocated-bytes non-tlh="56" tlh="9436288" arrayletleaf="0"/>
  <largest-consumer threadName="main" threadId="000000000074D700" bytes="9428096" />
</allocation-stats>
<gc-op id="347" type="mark" timems="1.986" contextid="344" timestamp="2019-07-02T20:36:45.378">
  <trace-info objectcount="18839" scancount="17093" scanbytes="737776" />
  <cardclean-info objects="156" bytes="21692" />
  <remembered-set-cleared processed="9310" cleared="863" durationms="0.131" />
  <references type="soft" candidates="35" cleared="0" enqueued="0" dynamicThreshold="11" maxThreshold="32" />
  <references type="weak" candidates="28" cleared="4" enqueued="4" />
  <references type="phantom" candidates="1" cleared="0" enqueued="0" />
  <stringconstants candidates="11050" cleared="0"  />
  <warning details="Mark invoked due to insufficient free space for Copy-Forward" />
</gc-op>
<gc-op id="348" type="classunload" timems="0.003" contextid="344" timestamp="2019-07-02T20:36:45.378">
  <classunload-info classloadercandidates="19" classloadersunloaded="0" classesunloaded="0" anonymousclassesunloaded="0" quiescems="0.000" setupms="0.003" scanms="0.000" postms="0.000" />
</gc-op>
<gc-op id="349" type="sweep" timems="0.380" contextid="344" timestamp="2019-07-02T20:36:45.379" />
<gc-op id="350" type="compact" timems="2.245" contextid="344" timestamp="2019-07-02T20:36:45.381">
  <compact-info movecount="12192" movebytes="465024" />
  <remembered-set-cleared processed="21154" cleared="4255" durationms="0.131" />
</gc-op>
<heap-resize id="351" type="expand" space="default" amount="2097152" count="1" timems="0.073" reason="insufficient free space following gc" timestamp="2019-07-02T20:36:45.382" />
<gc-end id="352" type="partial gc" contextid="344" durationms="6.405" usertimems="8.000" systemtimems="0.000" timestamp="2019-07-02T20:36:45.382" activeThreads="4">
  <mem-info id="353" free="10485760" total="29360128" percent="35">
    <mem type="eden" free="699584" total="1048576" percent="66" />
    <pending-finalizers system="0" default="0" reference="4" classloader="0" />
    <remembered-set count="13248" freebytes="1118976" totalbytes="1171968" percent="95" regionsoverflowed="0" regionsstable="0" regionsrebuilding="0"/>
  </mem-info>
</gc-end>
<cycle-end id="354" type="partial gc" contextid="344" timestamp="2019-07-02T20:36:45.382">
  <attribute name="GC Util" value="25" />
  <attribute name="CPU Util" value="28338928971402" />
  <attribute name="Time Running"value="6576"/>
  <attribute name="Number of cores"value="4"/>
</cycle-end>
<exclusive-end id="355" timestamp="2019-07-02T20:36:45.382" durationms="7.328" />

<exclusive-start id="356" timestamp="2019-07-02T20:36:45.439" intervalms="63.680">
  <response-info timems="0.019" idlems="0.019" threads="0" lastid="000000000074D700" lastname="main" />
</exclusive-start>
<allocation-taxation id="357" taxation-threshold="10485760" timestamp="2019-07-02T20:36:45.439" intervalms="63.607" />
<cycle-start id="358" type="partial gc" contextid="0" timestamp="2019-07-02T20:36:45.439" intervalms="63.515" />
  <attribute name="GC Util" value="25" />
  <attribute name="CPU Util" value="28338928971402" />
  <attribute name="Time Running"value="6576"/>
  <attribute name="Number of cores"value="4"/>
<gc-start id="359" type="partial gc" contextid="358" timestamp="2019-07-02T20:36:45.439">
  <mem-info id="360" free="0" total="29360128" percent="0">
    <mem type="eden" free="185816" total="10485760" percent="1" />
    <remembered-set count="12832" freebytes="1120640" totalbytes="1171968" percent="95" regionsoverflowed="0" regionsstable="0" regionsrebuilding="0"/>
  </mem-info>
</gc-start>
<allocation-stats totalBytes="10298280" >
  <allocated-bytes non-tlh="282640" tlh="10015640" arrayletleaf="0"/>
  <largest-consumer threadName="main" threadId="000000000074D700" bytes="10298280" />
</allocation-stats>
<gc-op id="361" type="mark" timems="1.877" contextid="358" timestamp="2019-07-02T20:36:45.441">
  <trace-info objectcount="12999" scancount="11615" scanbytes="440020" />
  <cardclean-info objects="2471" bytes="125224" />
  <remembered-set-cleared processed="10887" cleared="1959" durationms="0.136" />
  <references type="soft" candidates="13" cleared="0" enqueued="0" dynamicThreshold="11" maxThreshold="32" />
  <references type="weak" candidates="211" cleared="0" enqueued="0" />
  <references type="phantom" candidates="1" cleared="0" enqueued="0" />
  <stringconstants candidates="11300" cleared="0"  />
  <warning details="Mark invoked due to insufficient free space for Copy-Forward" />
</gc-op>
<gc-op id="362" type="classunload" timems="0.004" contextid="358" timestamp="2019-07-02T20:36:45.442">
  <classunload-info classloadercandidates="21" classloadersunloaded="0" classesunloaded="0" anonymousclassesunloaded="0" quiescems="0.000" setupms="0.003" scanms="0.000" postms="0.000" />
</gc-op>
<gc-op id="363" type="sweep" timems="0.435" contextid="358" timestamp="2019-07-02T20:36:45.442" />
<gc-op id="364" type="compact" timems="2.200" contextid="358" timestamp="2019-07-02T20:36:45.445">
  <compact-info movecount="11165" movebytes="473216" />
  <remembered-set-cleared processed="23884" cleared="5996" durationms="0.136" />
</gc-op>
<heap-resize id="365" type="expand" space="default" amount="3145728" count="1" timems="0.079" reason="insufficient free space following gc" timestamp="2019-07-02T20:36:45.445" />
<gc-end id="366" type="partial gc" contextid="358" durationms="6.092" usertimems="4.000" systemtimems="0.000" timestamp="2019-07-02T20:36:45.445" activeThreads="4">
  <mem-info id="367" free="12582912" total="32505856" percent="38">
    <mem type="eden" free="849728" total="1048576" percent="81" />
    <remembered-set count="14816" freebytes="1238272" totalbytes="1297536" percent="95" regionsoverflowed="0" regionsstable="0" regionsrebuilding="0"/>
  </mem-info>
</gc-end>
<cycle-end id="368" type="partial gc" contextid="358" timestamp="2019-07-02T20:36:45.445">
  <attribute name="GC Util" value="22" />
  <attribute name="CPU Util" value="25483081567575" />
  <attribute name="Time Running"value="6639"/>
  <attribute name="Number of cores"value="4"/>
</cycle-end>
<exclusive-end id="369" timestamp="2019-07-02T20:36:45.445" durationms="6.769" />

<exclusive-start id="370" timestamp="2019-07-02T20:36:45.484" intervalms="44.867">
  <response-info timems="0.058" idlems="0.058" threads="0" lastid="000000000074D700" lastname="main" />
</exclusive-start>
<allocation-taxation id="371" taxation-threshold="12582912" timestamp="2019-07-02T20:36:45.484" intervalms="44.956" />
<cycle-start id="372" type="partial gc" contextid="0" timestamp="2019-07-02T20:36:45.484" intervalms="45.045" />
  <attribute name="GC Util" value="22" />
  <attribute name="CPU Util" value="25483081567575" />
  <attribute name="Time Running"value="6639"/>
  <attribute name="Number of cores"value="4"/>
<gc-start id="373" type="partial gc" contextid="372" timestamp="2019-07-02T20:36:45.484">
  <mem-info id="374" free="0" total="32505856" percent="0">
    <mem type="eden" free="0" total="12582912" percent="0" />
    <remembered-set count="14432" freebytes="1239808" totalbytes="1297536" percent="95" regionsoverflowed="0" regionsstable="0" regionsrebuilding="0"/>
  </mem-info>
</gc-start>
<allocation-stats totalBytes="12581712" >
  <allocated-bytes non-tlh="265552" tlh="12316160" arrayletleaf="0"/>
  <largest-consumer threadName="main" threadId="000000000074D700" bytes="12581712" />
</allocation-stats>
<gc-op id="375" type="mark" timems="2.332" contextid="372" timestamp="2019-07-02T20:36:45.487">
  <trace-info objectcount="28919" scancount="26066" scanbytes="1112360" />
  <cardclean-info objects="731" bytes="48192" />
  <remembered-set-cleared processed="11915" cleared="1123" durationms="0.277" />
  <references type="soft" candidates="11" cleared="0" enqueued="0" dynamicThreshold="12" maxThreshold="32" />
  <references type="weak" candidates="211" cleared="0" enqueued="0" />
  <references type="phantom" candidates="1" cleared="0" enqueued="0" />
  <stringconstants candidates="11300" cleared="0"  />
  <warning details="Mark invoked due to insufficient free space for Copy-Forward" />
</gc-op>
<gc-op id="376" type="classunload" timems="0.004" contextid="372" timestamp="2019-07-02T20:36:45.487">
  <classunload-info classloadercandidates="21" classloadersunloaded="0" classesunloaded="0" anonymousclassesunloaded="0" quiescems="0.000" setupms="0.003" scanms="0.000" postms="0.000" />
</gc-op>
<gc-op id="377" type="sweep" timems="0.471" contextid="372" timestamp="2019-07-02T20:36:45.488" />
<gc-op id="378" type="compact" timems="3.330" contextid="372" timestamp="2019-07-02T20:36:45.492">
  <compact-info movecount="25281" movebytes="1378216" />
  <remembered-set-cleared processed="28468" cleared="6883" durationms="0.277" />
</gc-op>
<heap-resize id="379" type="expand" space="default" amount="1048576" count="1" timems="0.057" reason="insufficient free space following gc" timestamp="2019-07-02T20:36:45.492" />
<gc-end id="380" type="partial gc" contextid="372" durationms="7.962" usertimems="12.000" systemtimems="0.000" timestamp="2019-07-02T20:36:45.492" activeThreads="4">
  <mem-info id="381" free="11534336" total="33554432" percent="34">
    <mem type="eden" free="733248" total="2097152" percent="34" />
    <remembered-set count="17824" freebytes="1268096" totalbytes="1339392" percent="94" regionsoverflowed="0" regionsstable="0" regionsrebuilding="0"/>
  </mem-info>
</gc-end>
<cycle-end id="382" type="partial gc" contextid="372" timestamp="2019-07-02T20:36:45.492">
  <attribute name="GC Util" value="26" />
  <attribute name="CPU Util" value="23206691815302" />
  <attribute name="Time Running"value="6685"/>
  <attribute name="Number of cores"value="4"/>
</cycle-end>
<exclusive-end id="383" timestamp="2019-07-02T20:36:45.493" durationms="9.045" />

<exclusive-start id="384" timestamp="2019-07-02T20:36:45.559" intervalms="75.292">
  <response-info timems="0.021" idlems="0.021" threads="0" lastid="000000000074D700" lastname="main" />
</exclusive-start>
<allocation-taxation id="385" taxation-threshold="11534336" timestamp="2019-07-02T20:36:45.559" intervalms="75.285" />
<cycle-start id="386" type="partial gc" contextid="0" timestamp="2019-07-02T20:36:45.559" intervalms="75.284" />
  <attribute name="GC Util" value="26" />
  <attribute name="CPU Util" value="23206691815302" />
  <attribute name="Time Running"value="6685"/>
  <attribute name="Number of cores"value="4"/>
<gc-start id="387" type="partial gc" contextid="386" timestamp="2019-07-02T20:36:45.559">
  <mem-info id="388" free="0" total="33554432" percent="0">
    <mem type="eden" free="0" total="11534336" percent="0" />
    <remembered-set count="17344" freebytes="1270016" totalbytes="1339392" percent="94" regionsoverflowed="0" regionsstable="0" regionsrebuilding="0"/>
  </mem-info>
</gc-start>
<allocation-stats totalBytes="11530712" >
  <allocated-bytes non-tlh="224528" tlh="11306184" arrayletleaf="0"/>
  <largest-consumer threadName="main" threadId="000000000074D700" bytes="11530712" />
</allocation-stats>
<gc-op id="389" type="mark" timems="1.560" contextid="386" timestamp="2019-07-02T20:36:45.562">
  <trace-info objectcount="7559" scancount="6613" scanbytes="252796" />
  <cardclean-info objects="691" bytes="43032" />
  <remembered-set-cleared processed="15024" cleared="3324" durationms="0.152" />
  <references type="soft" candidates="24" cleared="0" enqueued="0" dynamicThreshold="11" maxThreshold="32" />
  <references type="weak" candidates="186" cleared="2" enqueued="2" />
  <stringconstants candidates="11518" cleared="0"  />
  <warning details="Mark invoked due to insufficient free space for Copy-Forward" />
</gc-op>
<gc-op id="390" type="classunload" timems="0.003" contextid="386" timestamp="2019-07-02T20:36:45.562">
  <classunload-info classloadercandidates="22" classloadersunloaded="0" classesunloaded="0" anonymousclassesunloaded="0" quiescems="0.000" setupms="0.003" scanms="0.000" postms="0.000" />
</gc-op>
<gc-op id="391" type="sweep" timems="0.373" contextid="386" timestamp="2019-07-02T20:36:45.562" />
<gc-op id="392" type="compact" timems="1.807" contextid="386" timestamp="2019-07-02T20:36:45.564">
  <compact-info movecount="7534" movebytes="445704" />
  <remembered-set-cleared processed="29724" cleared="6212" durationms="0.152" />
</gc-op>
<heap-resize id="393" type="expand" space="default" amount="1048576" count="1" timems="0.057" reason="insufficient free space following gc" timestamp="2019-07-02T20:36:45.565" />
<gc-end id="394" type="partial gc" contextid="386" durationms="5.490" usertimems="8.000" systemtimems="0.000" timestamp="2019-07-02T20:36:45.565" activeThreads="4">
  <mem-info id="395" free="12582912" total="34603008" percent="36">
    <mem type="eden" free="675560" total="1048576" percent="64" />
    <pending-finalizers system="0" default="0" reference="2" classloader="0" />
    <remembered-set count="16352" freebytes="1315840" totalbytes="1381248" percent="95" regionsoverflowed="0" regionsstable="0" regionsrebuilding="0"/>
  </mem-info>
</gc-end>
<cycle-end id="396" type="partial gc" contextid="386" timestamp="2019-07-02T20:36:45.565">
  <attribute name="GC Util" value="27" />
  <attribute name="CPU Util" value="28606743775323" />
  <attribute name="Time Running"value="6759"/>
  <attribute name="Number of cores"value="4"/>
</cycle-end>
<exclusive-end id="397" timestamp="2019-07-02T20:36:45.565" durationms="6.448" />

<exclusive-start id="398" timestamp="2019-07-02T20:36:45.654" intervalms="95.391">
  <response-info timems="0.023" idlems="0.023" threads="0" lastid="000000000074D700" lastname="main" />
</exclusive-start>
<allocation-taxation id="399" taxation-threshold="12582912" timestamp="2019-07-02T20:36:45.654" intervalms="95.406" />
<cycle-start id="400" type="partial gc" contextid="0" timestamp="2019-07-02T20:36:45.655" intervalms="95.409" />
  <attribute name="GC Util" value="27" />
  <attribute name="CPU Util" value="28606743775323" />
  <attribute name="Time Running"value="6759"/>
  <attribute name="Number of cores"value="4"/>
<gc-start id="401" type="partial gc" contextid="400" timestamp="2019-07-02T20:36:45.655">
  <mem-info id="402" free="0" total="34603008" percent="0">
    <mem type="eden" free="0" total="12582912" percent="0" />
    <remembered-set count="15904" freebytes="1317632" totalbytes="1381248" percent="95" regionsoverflowed="0" regionsstable="0" regionsrebuilding="0"/>
  </mem-info>
</gc-start>
<allocation-stats totalBytes="12580984" >
  <allocated-bytes non-tlh="479488" tlh="12101496" arrayletleaf="0"/>
  <largest-consumer threadName="main" threadId="000000000074D700" bytes="12576888" />
</allocation-stats>
<gc-op id="403" type="mark" timems="2.117" contextid="400" timestamp="2019-07-02T20:36:45.658">
  <trace-info objectcount="18288" scancount="16046" scanbytes="618880" />
  <cardclean-info objects="765" bytes="48992" />
  <remembered-set-cleared processed="13216" cleared="1481" durationms="0.147" />
  <finalization candidates="1" enqueued="1" />
  <references type="soft" candidates="25" cleared="0" enqueued="0" dynamicThreshold="11" maxThreshold="32" />
  <references type="weak" candidates="401" cleared="13" enqueued="13" />
  <stringconstants candidates="11650" cleared="0"  />
  <warning details="Mark invoked due to insufficient free space for Copy-Forward" />
</gc-op>
<gc-op id="404" type="classunload" timems="0.003" contextid="400" timestamp="2019-07-02T20:36:45.658">
  <classunload-info classloadercandidates="26" classloadersunloaded="0" classesunloaded="0" anonymousclassesunloaded="0" quiescems="0.000" setupms="0.003" scanms="0.000" postms="0.000" />
</gc-op>
<gc-op id="405" type="sweep" timems="0.386" contextid="400" timestamp="2019-07-02T20:36:45.658" />
<gc-op id="406" type="compact" timems="2.585" contextid="400" timestamp="2019-07-02T20:36:45.661">
  <compact-info movecount="18093" movebytes="843520" />
  <remembered-set-cleared processed="30384" cleared="6856" durationms="0.147" />
</gc-op>
<heap-resize id="407" type="expand" space="default" amount="2097152" count="1" timems="0.062" reason="insufficient free space following gc" timestamp="2019-07-02T20:36:45.662" />
<gc-end id="408" type="partial gc" contextid="400" durationms="6.849" usertimems="12.000" systemtimems="0.000" timestamp="2019-07-02T20:36:45.662" activeThreads="4">
  <mem-info id="409" free="13631488" total="36700160" percent="37">
    <mem type="eden" free="328848" total="1048576" percent="31" />
    <pending-finalizers system="0" default="1" reference="13" classloader="0" />
    <remembered-set count="17312" freebytes="1395712" totalbytes="1464960" percent="95" regionsoverflowed="0" regionsstable="0" regionsrebuilding="0"/>
  </mem-info>
</gc-end>
<cycle-end id="410" type="partial gc" contextid="400" timestamp="2019-07-02T20:36:45.662">
  <attribute name="GC Util" value="28" />
  <attribute name="CPU Util" value="28202365210242" />
  <attribute name="Time Running"value="6855"/>
  <attribute name="Number of cores"value="4"/>
</cycle-end>
<exclusive-end id="411" timestamp="2019-07-02T20:36:45.662" durationms="7.893" />

<exclusive-start id="412" timestamp="2019-07-02T20:36:45.730" intervalms="76.119">
  <response-info timems="0.022" idlems="0.022" threads="0" lastid="000000000074D700" lastname="main" />
</exclusive-start>
<allocation-taxation id="413" taxation-threshold="13631488" timestamp="2019-07-02T20:36:45.731" intervalms="76.133" />
<cycle-start id="414" type="partial gc" contextid="0" timestamp="2019-07-02T20:36:45.731" intervalms="76.140" />
  <attribute name="GC Util" value="28" />
  <attribute name="CPU Util" value="28202365210242" />
  <attribute name="Time Running"value="6855"/>
  <attribute name="Number of cores"value="4"/>
<gc-start id="415" type="partial gc" contextid="414" timestamp="2019-07-02T20:36:45.731">
  <mem-info id="416" free="0" total="36700160" percent="0">
    <mem type="eden" free="0" total="13631488" percent="0" />
    <remembered-set count="16960" freebytes="1397120" totalbytes="1464960" percent="95" regionsoverflowed="0" regionsstable="0" regionsrebuilding="0"/>
  </mem-info>
</gc-start>
<allocation-stats totalBytes="13629432" >
  <allocated-bytes non-tlh="878840" tlh="12750592" arrayletleaf="0"/>
  <largest-consumer threadName="main" threadId="000000000074D700" bytes="13621120" />
</allocation-stats>
<gc-op id="417" type="mark" timems="1.774" contextid="414" timestamp="2019-07-02T20:36:45.733">
  <trace-info objectcount="21843" scancount="19664" scanbytes="844828" />
  <cardclean-info objects="478" bytes="40452" />
  <remembered-set-cleared processed="14592" cleared="2171" durationms="0.122" />
  <references type="soft" candidates="26" cleared="0" enqueued="0" dynamicThreshold="11" maxThreshold="32" />
  <references type="weak" candidates="217" cleared="2" enqueued="2" />
  <references type="phantom" candidates="2" cleared="0" enqueued="0" />
  <stringconstants candidates="11778" cleared="6"  />
  <warning details="Mark invoked due to insufficient free space for Copy-Forward" />
</gc-op>
<gc-op id="418" type="classunload" timems="0.376" contextid="414" timestamp="2019-07-02T20:36:45.734">
  <classunload-info classloadercandidates="28" classloadersunloaded="1" classesunloaded="1" anonymousclassesunloaded="0" quiescems="0.000" setupms="0.364" scanms="0.008" postms="0.004" />
</gc-op>
<gc-op id="419" type="sweep" timems="0.402" contextid="414" timestamp="2019-07-02T20:36:45.735" />
<gc-op id="420" type="compact" timems="2.510" contextid="414" timestamp="2019-07-02T20:36:45.737">
  <compact-info movecount="21840" movebytes="1638808" />
  <remembered-set-cleared processed="31834" cleared="6984" durationms="0.122" />
</gc-op>
<heap-resize id="421" type="expand" space="default" amount="3145728" count="1" timems="0.079" reason="insufficient free space following gc" timestamp="2019-07-02T20:36:45.738" />
<gc-end id="422" type="partial gc" contextid="414" durationms="6.820" usertimems="8.000" systemtimems="0.000" timestamp="2019-07-02T20:36:45.738" activeThreads="4">
  <mem-info id="423" free="14680064" total="39845888" percent="36">
    <mem type="eden" free="502448" total="2097152" percent="23" />
    <pending-finalizers system="0" default="0" reference="2" classloader="0" />
    <remembered-set count="18048" freebytes="1518336" totalbytes="1590528" percent="95" regionsoverflowed="0" regionsstable="0" regionsrebuilding="0"/>
  </mem-info>
</gc-end>
<cycle-end id="424" type="partial gc" contextid="414" timestamp="2019-07-02T20:36:45.738">
  <attribute name="GC Util" value="33" />
  <attribute name="CPU Util" value="27533193500171" />
  <attribute name="Time Running"value="6932"/>
  <attribute name="Number of cores"value="4"/>
</cycle-end>
<exclusive-end id="425" timestamp="2019-07-02T20:36:45.738" durationms="7.886" />

<exclusive-start id="426" timestamp="2019-07-02T20:36:45.807" intervalms="76.696">
  <response-info timems="0.019" idlems="0.019" threads="0" lastid="000000000074D700" lastname="main" />
</exclusive-start>
<allocation-taxation id="427" taxation-threshold="14680064" timestamp="2019-07-02T20:36:45.807" intervalms="76.650" />
<cycle-start id="428" type="partial gc" contextid="0" timestamp="2019-07-02T20:36:45.807" intervalms="76.648" />
  <attribute name="GC Util" value="33" />
  <attribute name="CPU Util" value="27533193500171" />
  <attribute name="Time Running"value="6932"/>
  <attribute name="Number of cores"value="4"/>
<gc-start id="429" type="partial gc" contextid="428" timestamp="2019-07-02T20:36:45.808">
  <mem-info id="430" free="0" total="39845888" percent="0">
    <mem type="eden" free="0" total="14680064" percent="0" />
    <remembered-set count="17984" freebytes="1518592" totalbytes="1590528" percent="95" regionsoverflowed="0" regionsstable="0" regionsrebuilding="0"/>
  </mem-info>
</gc-start>
<allocation-stats totalBytes="14677288" >
  <allocated-bytes non-tlh="453208" tlh="14224080" arrayletleaf="0"/>
  <largest-consumer threadName="main" threadId="000000000074D700" bytes="14677288" />
</allocation-stats>
<gc-op id="431" type="mark" timems="1.742" contextid="428" timestamp="2019-07-02T20:36:45.810">
  <trace-info objectcount="10617" scancount="9545" scanbytes="347976" />
  <cardclean-info objects="734" bytes="51472" />
  <remembered-set-cleared processed="14853" cleared="2487" durationms="0.139" />
  <references type="soft" candidates="117" cleared="0" enqueued="0" dynamicThreshold="11" maxThreshold="32" />
  <references type="weak" candidates="464" cleared="10" enqueued="10" />
  <references type="phantom" candidates="1" cleared="0" enqueued="0" />
  <stringconstants candidates="12238" cleared="3"  />
  <warning details="Mark invoked due to insufficient free space for Copy-Forward" />
</gc-op>
<gc-op id="432" type="classunload" timems="0.396" contextid="428" timestamp="2019-07-02T20:36:45.811">
  <classunload-info classloadercandidates="31" classloadersunloaded="1" classesunloaded="1" anonymousclassesunloaded="0" quiescems="0.000" setupms="0.385" scanms="0.007" postms="0.004" />
</gc-op>
<gc-op id="433" type="sweep" timems="0.422" contextid="428" timestamp="2019-07-02T20:36:45.811" />
<gc-op id="434" type="compact" timems="1.627" contextid="428" timestamp="2019-07-02T20:36:45.813">
  <compact-info movecount="8671" movebytes="370976" />
  <remembered-set-cleared processed="31535" cleared="6771" durationms="0.139" />
</gc-op>
<gc-end id="435" type="partial gc" contextid="428" durationms="5.822" usertimems="12.000" systemtimems="0.000" timestamp="2019-07-02T20:36:45.813" activeThreads="4">
  <mem-info id="436" free="14680064" total="39845888" percent="36">
    <mem type="eden" free="789416" total="1048576" percent="75" />
    <pending-finalizers system="0" default="0" reference="10" classloader="0" />
    <remembered-set count="17472" freebytes="1520640" totalbytes="1590528" percent="95" regionsoverflowed="0" regionsstable="0" regionsrebuilding="0"/>
  </mem-info>
</gc-end>
<cycle-end id="437" type="partial gc" contextid="428" timestamp="2019-07-02T20:36:45.814">
  <attribute name="GC Util" value="25" />
  <attribute name="CPU Util" value="25255120433483" />
  <attribute name="Time Running"value="7008"/>
  <attribute name="Number of cores"value="4"/>
</cycle-end>
<exclusive-end id="438" timestamp="2019-07-02T20:36:45.814" durationms="6.830" />

<exclusive-start id="439" timestamp="2019-07-02T20:36:45.876" intervalms="69.017">
  <response-info timems="0.017" idlems="0.017" threads="0" lastid="000000000074D700" lastname="main" />
</exclusive-start>
<allocation-taxation id="440" taxation-threshold="14680064" timestamp="2019-07-02T20:36:45.876" intervalms="68.942" />
<cycle-start id="441" type="partial gc" contextid="0" timestamp="2019-07-02T20:36:45.876" intervalms="68.846" />
  <attribute name="GC Util" value="25" />
  <attribute name="CPU Util" value="25255120433483" />
  <attribute name="Time Running"value="7008"/>
  <attribute name="Number of cores"value="4"/>
<gc-start id="442" type="partial gc" contextid="441" timestamp="2019-07-02T20:36:45.876">
  <mem-info id="443" free="0" total="39845888" percent="0">
    <mem type="eden" free="0" total="14680064" percent="0" />
    <remembered-set count="17248" freebytes="1521536" totalbytes="1590528" percent="95" regionsoverflowed="0" regionsstable="0" regionsrebuilding="0"/>
  </mem-info>
</gc-start>
<allocation-stats totalBytes="14676192" >
  <allocated-bytes non-tlh="824472" tlh="13851720" arrayletleaf="0"/>
  <largest-consumer threadName="main" threadId="000000000074D700" bytes="14676192" />
</allocation-stats>
<gc-op id="444" type="mark" timems="1.539" contextid="441" timestamp="2019-07-02T20:36:45.879">
  <trace-info objectcount="14640" scancount="13105" scanbytes="471032" />
  <cardclean-info objects="4305" bytes="216676" />
  <remembered-set-cleared processed="14144" cleared="3661" durationms="0.127" />
  <references type="soft" candidates="128" cleared="0" enqueued="0" dynamicThreshold="11" maxThreshold="32" />
  <references type="weak" candidates="318" cleared="0" enqueued="0" />
  <references type="phantom" candidates="1" cleared="0" enqueued="0" />
  <stringconstants candidates="12370" cleared="0"  />
  <warning details="Mark invoked due to insufficient free space for Copy-Forward" />
</gc-op>
<gc-op id="445" type="classunload" timems="0.005" contextid="441" timestamp="2019-07-02T20:36:45.879">
  <classunload-info classloadercandidates="34" classloadersunloaded="0" classesunloaded="0" anonymousclassesunloaded="0" quiescems="0.000" setupms="0.004" scanms="0.000" postms="0.000" />
</gc-op>
<gc-op id="446" type="sweep" timems="0.436" contextid="441" timestamp="2019-07-02T20:36:45.879" />
<gc-op id="447" type="compact" timems="2.114" contextid="441" timestamp="2019-07-02T20:36:45.882">
  <compact-info movecount="14001" movebytes="903056" />
  <remembered-set-cleared processed="31220" cleared="10243" durationms="0.127" />
</gc-op>
<gc-end id="448" type="partial gc" contextid="441" durationms="5.543" usertimems="8.000" systemtimems="0.000" timestamp="2019-07-02T20:36:45.882" activeThreads="4">
  <mem-info id="449" free="13631488" total="39845888" percent="34">
    <mem type="eden" free="627112" total="1048576" percent="59" />
    <remembered-set count="18080" freebytes="1518208" totalbytes="1590528" percent="95" regionsoverflowed="0" regionsstable="0" regionsrebuilding="0"/>
  </mem-info>
</gc-end>
<cycle-end id="450" type="partial gc" contextid="441" timestamp="2019-07-02T20:36:45.882">
  <attribute name="GC Util" value="24" />
  <attribute name="CPU Util" value="24731484037880" />
  <attribute name="Time Running"value="7076"/>
  <attribute name="Number of cores"value="4"/>
</cycle-end>
<exclusive-end id="451" timestamp="2019-07-02T20:36:45.882" durationms="6.314" />

<exclusive-start id="452" timestamp="2019-07-02T20:36:45.921" intervalms="44.990">
  <response-info timems="0.027" idlems="0.027" threads="0" lastid="000000000074D700" lastname="main" />
</exclusive-start>
<allocation-taxation id="453" taxation-threshold="13631488" timestamp="2019-07-02T20:36:45.921" intervalms="45.095" />
<cycle-start id="454" type="partial gc" contextid="0" timestamp="2019-07-02T20:36:45.921" intervalms="45.185" />
  <attribute name="GC Util" value="24" />
  <attribute name="CPU Util" value="24731484037880" />
  <attribute name="Time Running"value="7076"/>
  <attribute name="Number of cores"value="4"/>
<gc-start id="455" type="partial gc" contextid="454" timestamp="2019-07-02T20:36:45.922">
  <mem-info id="456" free="0" total="39845888" percent="0">
    <mem type="eden" free="0" total="13631488" percent="0" />
    <remembered-set count="17760" freebytes="1519488" totalbytes="1590528" percent="95" regionsoverflowed="0" regionsstable="0" regionsrebuilding="0"/>
  </mem-info>
</gc-start>
<allocation-stats totalBytes="13629288" >
  <allocated-bytes non-tlh="406288" tlh="13223000" arrayletleaf="0"/>
  <largest-consumer threadName="main" threadId="000000000074D700" bytes="13629288" />
</allocation-stats>
<gc-op id="457" type="mark" timems="1.682" contextid="454" timestamp="2019-07-02T20:36:45.924">
  <trace-info objectcount="21392" scancount="19320" scanbytes="854076" />
  <cardclean-info objects="1063" bytes="59152" />
  <remembered-set-cleared processed="15031" cleared="1175" durationms="0.126" />
  <references type="soft" candidates="39" cleared="0" enqueued="0" dynamicThreshold="10" maxThreshold="32" />
  <references type="weak" candidates="120" cleared="2" enqueued="2" />
  <references type="phantom" candidates="1" cleared="0" enqueued="0" />
  <stringconstants candidates="12453" cleared="0"  />
  <warning details="Mark invoked due to insufficient free space for Copy-Forward" />
</gc-op>
<gc-op id="458" type="classunload" timems="0.004" contextid="454" timestamp="2019-07-02T20:36:45.924">
  <classunload-info classloadercandidates="36" classloadersunloaded="0" classesunloaded="0" anonymousclassesunloaded="0" quiescems="0.000" setupms="0.004" scanms="0.000" postms="0.000" />
</gc-op>
<gc-op id="459" type="sweep" timems="0.347" contextid="454" timestamp="2019-07-02T20:36:45.925" />
<gc-op id="460" type="compact" timems="2.282" contextid="454" timestamp="2019-07-02T20:36:45.927">
  <compact-info movecount="21198" movebytes="1198848" />
  <remembered-set-cleared processed="33230" cleared="5463" durationms="0.126" />
</gc-op>
<heap-resize id="461" type="expand" space="default" amount="3145728" count="1" timems="0.069" reason="insufficient free space following gc" timestamp="2019-07-02T20:36:45.928" />
<gc-end id="462" type="partial gc" contextid="454" durationms="6.052" usertimems="8.000" systemtimems="0.000" timestamp="2019-07-02T20:36:45.928" activeThreads="4">
  <mem-info id="463" free="14680064" total="42991616" percent="34">
    <mem type="eden" free="1044736" total="2097152" percent="49" />
    <pending-finalizers system="0" default="0" reference="2" classloader="0" />
    <remembered-set count="19136" freebytes="1639552" totalbytes="1716096" percent="95" regionsoverflowed="0" regionsstable="0" regionsrebuilding="0"/>
  </mem-info>
</gc-end>
<cycle-end id="464" type="partial gc" contextid="454" timestamp="2019-07-02T20:36:45.928">
  <attribute name="GC Util" value="32" />
  <attribute name="CPU Util" value="30390674008982" />
  <attribute name="Time Running"value="7122"/>
  <attribute name="Number of cores"value="4"/>
</cycle-end>
<exclusive-end id="465" timestamp="2019-07-02T20:36:45.928" durationms="7.066" />

<exclusive-start id="466" timestamp="2019-07-02T20:36:45.966" intervalms="45.162">
  <response-info timems="0.021" idlems="0.021" threads="0" lastid="000000000074D700" lastname="main" />
</exclusive-start>
<allocation-taxation id="467" taxation-threshold="14680064" timestamp="2019-07-02T20:36:45.966" intervalms="45.151" />
<cycle-start id="468" type="partial gc" contextid="0" timestamp="2019-07-02T20:36:45.967" intervalms="45.153" />
  <attribute name="GC Util" value="32" />
  <attribute name="CPU Util" value="30390674008982" />
  <attribute name="Time Running"value="7122"/>
  <attribute name="Number of cores"value="4"/>
<gc-start id="469" type="partial gc" contextid="468" timestamp="2019-07-02T20:36:45.967">
  <mem-info id="470" free="0" total="42991616" percent="0">
    <mem type="eden" free="0" total="14680064" percent="0" />
    <remembered-set count="18752" freebytes="1641088" totalbytes="1716096" percent="95" regionsoverflowed="0" regionsstable="0" regionsrebuilding="0"/>
  </mem-info>
</gc-start>
<allocation-stats totalBytes="14678128" >
  <allocated-bytes non-tlh="200784" tlh="14477344" arrayletleaf="0"/>
  <largest-consumer threadName="main" threadId="000000000074D700" bytes="14674032" />
</allocation-stats>
<gc-op id="471" type="mark" timems="1.862" contextid="468" timestamp="2019-07-02T20:36:45.969">
  <trace-info objectcount="19670" scancount="17813" scanbytes="762844" />
  <cardclean-info objects="2832" bytes="137748" />
  <remembered-set-cleared processed="16127" cleared="3593" durationms="0.128" />
  <references type="soft" candidates="69" cleared="0" enqueued="0" dynamicThreshold="10" maxThreshold="32" />
  <references type="weak" candidates="85" cleared="0" enqueued="0" />
  <references type="phantom" candidates="1" cleared="0" enqueued="0" />
  <stringconstants candidates="12464" cleared="0"  />
  <warning details="Mark invoked due to insufficient free space for Copy-Forward" />
</gc-op>
<gc-op id="472" type="classunload" timems="0.004" contextid="468" timestamp="2019-07-02T20:36:45.969">
  <classunload-info classloadercandidates="37" classloadersunloaded="0" classesunloaded="0" anonymousclassesunloaded="0" quiescems="0.000" setupms="0.003" scanms="0.000" postms="0.000" />
</gc-op>
<gc-op id="473" type="sweep" timems="0.421" contextid="468" timestamp="2019-07-02T20:36:45.970" />
<gc-op id="474" type="compact" timems="2.100" contextid="468" timestamp="2019-07-02T20:36:45.972">
  <compact-info movecount="15377" movebytes="984072" />
  <remembered-set-cleared processed="34091" cleared="9016" durationms="0.128" />
</gc-op>
<gc-end id="475" type="partial gc" contextid="468" durationms="5.987" usertimems="8.000" systemtimems="4.000" timestamp="2019-07-02T20:36:45.973" activeThreads="4">
  <mem-info id="476" free="14680064" total="42991616" percent="34">
    <mem type="eden" free="108112" total="1048576" percent="10" />
    <remembered-set count="19200" freebytes="1639296" totalbytes="1716096" percent="95" regionsoverflowed="0" regionsstable="0" regionsrebuilding="0"/>
  </mem-info>
</gc-end>
<cycle-end id="477" type="partial gc" contextid="468" timestamp="2019-07-02T20:36:45.973">
  <attribute name="GC Util" value="26" />
  <attribute name="CPU Util" value="26083717414265" />
  <attribute name="Time Running"value="7167"/>
  <attribute name="Number of cores"value="4"/>
</cycle-end>
<exclusive-end id="478" timestamp="2019-07-02T20:36:45.973" durationms="7.008" />

<exclusive-start id="479" timestamp="2019-07-02T20:36:46.008" intervalms="41.524">
  <response-info timems="0.020" idlems="0.020" threads="0" lastid="000000000074D700" lastname="main" />
</exclusive-start>
<allocation-taxation id="480" taxation-threshold="14680064" timestamp="2019-07-02T20:36:46.008" intervalms="41.525" />
<cycle-start id="481" type="partial gc" contextid="0" timestamp="2019-07-02T20:36:46.008" intervalms="41.520" />
  <attribute name="GC Util" value="26" />
  <attribute name="CPU Util" value="26083717414265" />
  <attribute name="Time Running"value="7167"/>
  <attribute name="Number of cores"value="4"/>
<gc-start id="482" type="partial gc" contextid="481" timestamp="2019-07-02T20:36:46.008">
  <mem-info id="483" free="0" total="42991616" percent="0">
    <mem type="eden" free="0" total="14680064" percent="0" />
    <remembered-set count="19040" freebytes="1639936" totalbytes="1716096" percent="95" regionsoverflowed="0" regionsstable="0" regionsrebuilding="0"/>
  </mem-info>
</gc-start>
<allocation-stats totalBytes="14678384" >
  <allocated-bytes non-tlh="200400" tlh="14477984" arrayletleaf="0"/>
  <largest-consumer threadName="main" threadId="000000000074D700" bytes="14678384" />
</allocation-stats>
<gc-op id="484" type="mark" timems="1.426" contextid="481" timestamp="2019-07-02T20:36:46.010">
  <trace-info objectcount="8120" scancount="7399" scanbytes="329356" />
  <cardclean-info objects="101" bytes="12136" />
  <remembered-set-cleared processed="16619" cleared="1029" durationms="0.118" />
  <references type="soft" candidates="2" cleared="0" enqueued="0" dynamicThreshold="10" maxThreshold="32" />
  <references type="weak" candidates="16" cleared="0" enqueued="0" />
  <references type="phantom" candidates="1" cleared="0" enqueued="0" />
  <stringconstants candidates="12469" cleared="0"  />
  <warning details="Mark invoked due to insufficient free space for Copy-Forward" />
</gc-op>
<gc-op id="485" type="classunload" timems="0.003" contextid="481" timestamp="2019-07-02T20:36:46.011">
  <classunload-info classloadercandidates="38" classloadersunloaded="0" classesunloaded="0" anonymousclassesunloaded="0" quiescems="0.000" setupms="0.003" scanms="0.000" postms="0.000" />
</gc-op>
<gc-op id="486" type="sweep" timems="0.448" contextid="481" timestamp="2019-07-02T20:36:46.011" />
<gc-op id="487" type="compact" timems="1.799" contextid="481" timestamp="2019-07-02T20:36:46.013">
  <compact-info movecount="8120" movebytes="606104" />
  <remembered-set-cleared processed="33878" cleared="2694" durationms="0.118" />
</gc-op>
<heap-resize id="488" type="expand" space="default" amount="1048576" count="1" timems="0.067" reason="insufficient free space following gc" timestamp="2019-07-02T20:36:46.014" />
<gc-end id="489" type="partial gc" contextid="481" durationms="5.457" usertimems="0.000" systemtimems="4.000" timestamp="2019-07-02T20:36:46.014" activeThreads="4">
  <mem-info id="490" free="14680064" total="44040192" percent="33">
    <mem type="eden" free="448192" total="1048576" percent="42" />
    <remembered-set count="18944" freebytes="1682176" totalbytes="1757952" percent="95" regionsoverflowed="0" regionsstable="0" regionsrebuilding="0"/>
  </mem-info>
</gc-end>
<cycle-end id="491" type="partial gc" contextid="481" timestamp="2019-07-02T20:36:46.014">
  <attribute name="GC Util" value="24" />
  <attribute name="CPU Util" value="25401845563681" />
  <attribute name="Time Running"value="7208"/>
  <attribute name="Number of cores"value="4"/>
</cycle-end>
<exclusive-end id="492" timestamp="2019-07-02T20:36:46.014" durationms="6.494" />

<exclusive-start id="493" timestamp="2019-07-02T20:36:46.042" intervalms="34.398">
  <response-info timems="0.019" idlems="0.019" threads="0" lastid="000000000074D700" lastname="main" />
</exclusive-start>
<allocation-taxation id="494" taxation-threshold="14680064" timestamp="2019-07-02T20:36:46.042" intervalms="34.393" />
<cycle-start id="495" type="partial gc" contextid="0" timestamp="2019-07-02T20:36:46.042" intervalms="34.392" />
  <attribute name="GC Util" value="24" />
  <attribute name="CPU Util" value="25401845563681" />
  <attribute name="Time Running"value="7208"/>
  <attribute name="Number of cores"value="4"/>
<gc-start id="496" type="partial gc" contextid="495" timestamp="2019-07-02T20:36:46.043">
  <mem-info id="497" free="0" total="44040192" percent="0">
    <mem type="eden" free="0" total="14680064" percent="0" />
    <remembered-set count="18752" freebytes="1682944" totalbytes="1757952" percent="95" regionsoverflowed="0" regionsstable="0" regionsrebuilding="0"/>
  </mem-info>
</gc-start>
<allocation-stats totalBytes="14677296" >
  <allocated-bytes non-tlh="202040" tlh="14475256" arrayletleaf="0"/>
  <largest-consumer threadName="main" threadId="000000000074D700" bytes="14677296" />
</allocation-stats>
<gc-op id="498" type="mark" timems="1.558" contextid="495" timestamp="2019-07-02T20:36:46.045">
  <trace-info objectcount="11242" scancount="10242" scanbytes="463224" />
  <cardclean-info objects="121" bytes="12896" />
  <remembered-set-cleared processed="16597" cleared="798" durationms="0.137" />
  <references type="soft" candidates="2" cleared="0" enqueued="0" dynamicThreshold="10" maxThreshold="32" />
  <references type="weak" candidates="22" cleared="0" enqueued="0" />
  <references type="phantom" candidates="1" cleared="0" enqueued="0" />
  <stringconstants candidates="12482" cleared="0"  />
  <warning details="Mark invoked due to insufficient free space for Copy-Forward" />
</gc-op>
<gc-op id="499" type="classunload" timems="0.004" contextid="495" timestamp="2019-07-02T20:36:46.045">
  <classunload-info classloadercandidates="39" classloadersunloaded="0" classesunloaded="0" anonymousclassesunloaded="0" quiescems="0.000" setupms="0.003" scanms="0.000" postms="0.000" />
</gc-op>
<gc-op id="500" type="sweep" timems="0.388" contextid="495" timestamp="2019-07-02T20:36:46.046" />
<gc-op id="501" type="compact" timems="1.843" contextid="495" timestamp="2019-07-02T20:36:46.048">
  <compact-info movecount="11242" movebytes="762096" />
  <remembered-set-cleared processed="34689" cleared="3087" durationms="0.137" />
</gc-op>
<heap-resize id="502" type="expand" space="default" amount="1048576" count="1" timems="0.066" reason="insufficient free space following gc" timestamp="2019-07-02T20:36:46.048" />
<gc-end id="503" type="partial gc" contextid="495" durationms="5.596" usertimems="8.000" systemtimems="0.000" timestamp="2019-07-02T20:36:46.048" activeThreads="4">
  <mem-info id="504" free="14680064" total="45088768" percent="32">
    <mem type="eden" free="312456" total="1048576" percent="29" />
    <remembered-set count="20128" freebytes="1719296" totalbytes="1799808" percent="95" regionsoverflowed="0" regionsstable="0" regionsrebuilding="0"/>
  </mem-info>
</gc-end>
<cycle-end id="505" type="partial gc" contextid="495" timestamp="2019-07-02T20:36:46.049">
  <attribute name="GC Util" value="23" />
  <attribute name="CPU Util" value="26771348356085" />
  <attribute name="Time Running"value="7243"/>
  <attribute name="Number of cores"value="4"/>
</cycle-end>
<exclusive-end id="506" timestamp="2019-07-02T20:36:46.049" durationms="6.641" />

<exclusive-start id="507" timestamp="2019-07-02T20:36:46.078" intervalms="35.720">
  <response-info timems="0.019" idlems="0.019" threads="0" lastid="000000000074D700" lastname="main" />
</exclusive-start>
<allocation-taxation id="508" taxation-threshold="14680064" timestamp="2019-07-02T20:36:46.078" intervalms="35.724" />
<cycle-start id="509" type="partial gc" contextid="0" timestamp="2019-07-02T20:36:46.078" intervalms="35.724" />
  <attribute name="GC Util" value="23" />
  <attribute name="CPU Util" value="26771348356085" />
  <attribute name="Time Running"value="7243"/>
  <attribute name="Number of cores"value="4"/>
<gc-start id="510" type="partial gc" contextid="509" timestamp="2019-07-02T20:36:46.079">
  <mem-info id="511" free="0" total="45088768" percent="0">
    <mem type="eden" free="0" total="14680064" percent="0" />
    <remembered-set count="19840" freebytes="1720448" totalbytes="1799808" percent="95" regionsoverflowed="0" regionsstable="0" regionsrebuilding="0"/>
  </mem-info>
</gc-start>
<allocation-stats totalBytes="14678440" >
  <allocated-bytes non-tlh="200456" tlh="14477984" arrayletleaf="0"/>
  <largest-consumer threadName="main" threadId="000000000074D700" bytes="14678440" />
</allocation-stats>
<gc-op id="512" type="mark" timems="1.601" contextid="509" timestamp="2019-07-02T20:36:46.081">
  <trace-info objectcount="16450" scancount="14534" scanbytes="643416" />
  <cardclean-info objects="139" bytes="13568" />
  <remembered-set-cleared processed="17256" cleared="1042" durationms="0.134" />
  <references type="soft" candidates="2" cleared="0" enqueued="0" dynamicThreshold="10" maxThreshold="32" />
  <references type="weak" candidates="12" cleared="0" enqueued="0" />
  <references type="phantom" candidates="1" cleared="0" enqueued="0" />
  <stringconstants candidates="12488" cleared="0"  />
  <warning details="Mark invoked due to insufficient free space for Copy-Forward" />
</gc-op>
<gc-op id="513" type="classunload" timems="0.004" contextid="509" timestamp="2019-07-02T20:36:46.081">
  <classunload-info classloadercandidates="40" classloadersunloaded="0" classesunloaded="0" anonymousclassesunloaded="0" quiescems="0.000" setupms="0.003" scanms="0.000" postms="0.000" />
</gc-op>
<gc-op id="514" type="sweep" timems="0.439" contextid="509" timestamp="2019-07-02T20:36:46.082" />
<gc-op id="515" type="compact" timems="2.153" contextid="509" timestamp="2019-07-02T20:36:46.084">
  <compact-info movecount="16450" movebytes="955208" />
  <remembered-set-cleared processed="35802" cleared="3370" durationms="0.134" />
</gc-op>
<heap-resize id="516" type="expand" space="default" amount="2097152" count="1" timems="0.073" reason="insufficient free space following gc" timestamp="2019-07-02T20:36:46.084" />
<gc-end id="517" type="partial gc" contextid="509" durationms="6.027" usertimems="4.000" systemtimems="4.000" timestamp="2019-07-02T20:36:46.085" activeThreads="4">
  <mem-info id="518" free="15728640" total="47185920" percent="33">
    <mem type="eden" free="106240" total="1048576" percent="10" />
    <remembered-set count="21120" freebytes="1799040" totalbytes="1883520" percent="95" regionsoverflowed="0" regionsstable="0" regionsrebuilding="0"/>
  </mem-info>
</gc-end>
<cycle-end id="519" type="partial gc" contextid="509" timestamp="2019-07-02T20:36:46.085">
  <attribute name="GC Util" value="29" />
  <attribute name="CPU Util" value="23943874531735" />
  <attribute name="Time Running"value="7279"/>
  <attribute name="Number of cores"value="4"/>
</cycle-end>
<exclusive-end id="520" timestamp="2019-07-02T20:36:46.085" durationms="7.073" />

<exclusive-start id="521" timestamp="2019-07-02T20:36:46.117" intervalms="39.047">
  <response-info timems="0.010" idlems="0.010" threads="0" lastid="000000000074D700" lastname="main" />
</exclusive-start>
<allocation-taxation id="522" taxation-threshold="15728640" timestamp="2019-07-02T20:36:46.117" intervalms="38.949" />
<cycle-start id="523" type="partial gc" contextid="0" timestamp="2019-07-02T20:36:46.117" intervalms="38.880" />
  <attribute name="GC Util" value="29" />
  <attribute name="CPU Util" value="23943874531735" />
  <attribute name="Time Running"value="7279"/>
  <attribute name="Number of cores"value="4"/>
<gc-start id="524" type="partial gc" contextid="523" timestamp="2019-07-02T20:36:46.117">
  <mem-info id="525" free="0" total="47185920" percent="0">
    <mem type="eden" free="0" total="15728640" percent="0" />
    <remembered-set count="20672" freebytes="1800832" totalbytes="1883520" percent="95" regionsoverflowed="0" regionsstable="0" regionsrebuilding="0"/>
  </mem-info>
</gc-start>
<allocation-stats totalBytes="15726144" >
  <allocated-bytes non-tlh="401360" tlh="15324784" arrayletleaf="0"/>
  <largest-consumer threadName="main" threadId="000000000074D700" bytes="15726144" />
</allocation-stats>
<gc-op id="526" type="mark" timems="1.110" contextid="523" timestamp="2019-07-02T20:36:46.119">
  <trace-info objectcount="649" scancount="614" scanbytes="21336" />
  <cardclean-info objects="151" bytes="14044" />
  <remembered-set-cleared processed="17706" cleared="1158" durationms="0.145" />
  <references type="soft" candidates="3" cleared="0" enqueued="0" dynamicThreshold="10" maxThreshold="32" />
  <references type="weak" candidates="18" cleared="0" enqueued="0" />
  <stringconstants candidates="12511" cleared="0"  />
  <warning details="Mark invoked due to insufficient free space for Copy-Forward" />
</gc-op>
<gc-op id="527" type="classunload" timems="0.004" contextid="523" timestamp="2019-07-02T20:36:46.119">
  <classunload-info classloadercandidates="43" classloadersunloaded="0" classesunloaded="0" anonymousclassesunloaded="0" quiescems="0.000" setupms="0.003" scanms="0.000" postms="0.000" />
</gc-op>
<gc-op id="528" type="sweep" timems="0.450" contextid="523" timestamp="2019-07-02T20:36:46.120" />
<gc-op id="529" type="compact" timems="1.148" contextid="523" timestamp="2019-07-02T20:36:46.121">
  <compact-info movecount="649" movebytes="32320" />
  <remembered-set-cleared processed="34853" cleared="1734" durationms="0.145" />
</gc-op>
<heap-resize id="530" type="expand" space="default" amount="1048576" count="1" timems="0.053" reason="insufficient free space following gc" timestamp="2019-07-02T20:36:46.121" />
<gc-end id="531" type="partial gc" contextid="523" durationms="4.269" usertimems="8.000" systemtimems="0.000" timestamp="2019-07-02T20:36:46.122" activeThreads="4">
  <mem-info id="532" free="15728640" total="48234496" percent="32">
    <mem type="eden" free="1022416" total="1048576" percent="97" />
    <remembered-set count="20800" freebytes="1842176" totalbytes="1925376" percent="95" regionsoverflowed="0" regionsstable="0" regionsrebuilding="0"/>
  </mem-info>
</gc-end>
<cycle-end id="533" type="partial gc" contextid="523" timestamp="2019-07-02T20:36:46.122">
  <attribute name="GC Util" value="23" />
  <attribute name="CPU Util" value="25754436674666" />
  <attribute name="Time Running"value="7317"/>
  <attribute name="Number of cores"value="4"/>
</cycle-end>
<exclusive-end id="534" timestamp="2019-07-02T20:36:46.122" durationms="5.031" />

<exclusive-start id="535" timestamp="2019-07-02T20:36:46.152" intervalms="34.929">
  <response-info timems="0.018" idlems="0.018" threads="0" lastid="000000000074D700" lastname="main" />
</exclusive-start>
<allocation-taxation id="536" taxation-threshold="15728640" timestamp="2019-07-02T20:36:46.152" intervalms="35.015" />
<cycle-start id="537" type="partial gc" contextid="0" timestamp="2019-07-02T20:36:46.152" intervalms="35.084" />
  <attribute name="GC Util" value="23" />
  <attribute name="CPU Util" value="25754436674666" />
  <attribute name="Time Running"value="7317"/>
  <attribute name="Number of cores"value="4"/>
<gc-start id="538" type="partial gc" contextid="537" timestamp="2019-07-02T20:36:46.152">
  <mem-info id="539" free="0" total="48234496" percent="0">
    <mem type="eden" free="0" total="15728640" percent="0" />
    <remembered-set count="20576" freebytes="1843072" totalbytes="1925376" percent="95" regionsoverflowed="0" regionsstable="0" regionsrebuilding="0"/>
  </mem-info>
</gc-start>
<allocation-stats totalBytes="15726880" >
  <allocated-bytes non-tlh="400824" tlh="15326056" arrayletleaf="0"/>
  <largest-consumer threadName="main" threadId="000000000074D700" bytes="15726880" />
</allocation-stats>
<gc-op id="540" type="mark" timems="1.761" contextid="537" timestamp="2019-07-02T20:36:46.155">
  <trace-info objectcount="10270" scancount="9430" scanbytes="417884" />
  <cardclean-info objects="1611" bytes="74344" />
  <remembered-set-cleared processed="16874" cleared="1553" durationms="0.142" />
  <references type="soft" candidates="29" cleared="0" enqueued="0" dynamicThreshold="10" maxThreshold="32" />
  <references type="weak" candidates="32" cleared="0" enqueued="0" />
  <references type="phantom" candidates="1" cleared="0" enqueued="0" />
  <stringconstants candidates="12521" cleared="0"  />
  <warning details="Mark invoked due to insufficient free space for Copy-Forward" />
</gc-op>
<gc-op id="541" type="classunload" timems="0.004" contextid="537" timestamp="2019-07-02T20:36:46.155">
  <classunload-info classloadercandidates="44" classloadersunloaded="0" classesunloaded="0" anonymousclassesunloaded="0" quiescems="0.000" setupms="0.004" scanms="0.000" postms="0.000" />
</gc-op>
<gc-op id="542" type="sweep" timems="0.435" contextid="537" timestamp="2019-07-02T20:36:46.156" />
<gc-op id="543" type="compact" timems="1.820" contextid="537" timestamp="2019-07-02T20:36:46.158">
  <compact-info movecount="9997" movebytes="735488" />
  <remembered-set-cleared processed="35293" cleared="4636" durationms="0.142" />
</gc-op>
<heap-resize id="544" type="expand" space="default" amount="2097152" count="1" timems="0.074" reason="insufficient free space following gc" timestamp="2019-07-02T20:36:46.158" />
<gc-end id="545" type="partial gc" contextid="537" durationms="5.841" usertimems="0.000" systemtimems="8.000" timestamp="2019-07-02T20:36:46.158" activeThreads="4">
  <mem-info id="546" free="16777216" total="50331648" percent="33">
    <mem type="eden" free="404288" total="1048576" percent="38" />
    <remembered-set count="21440" freebytes="1923328" totalbytes="2009088" percent="95" regionsoverflowed="0" regionsstable="0" regionsrebuilding="0"/>
  </mem-info>
</gc-end>
<cycle-end id="547" type="partial gc" contextid="537" timestamp="2019-07-02T20:36:46.158">
  <attribute name="GC Util" value="24" />
  <attribute name="CPU Util" value="24810784764121" />
  <attribute name="Time Running"value="7353"/>
  <attribute name="Number of cores"value="4"/>
</cycle-end>
<exclusive-end id="548" timestamp="2019-07-02T20:36:46.159" durationms="6.841" />

<exclusive-start id="549" timestamp="2019-07-02T20:36:46.189" intervalms="37.405">
  <response-info timems="0.019" idlems="0.019" threads="0" lastid="000000000074D700" lastname="main" />
</exclusive-start>
<allocation-taxation id="550" taxation-threshold="16777216" timestamp="2019-07-02T20:36:46.189" intervalms="37.412" />
<cycle-start id="551" type="partial gc" contextid="0" timestamp="2019-07-02T20:36:46.190" intervalms="37.420" />
  <attribute name="GC Util" value="24" />
  <attribute name="CPU Util" value="24810784764121" />
  <attribute name="Time Running"value="7353"/>
  <attribute name="Number of cores"value="4"/>
<gc-start id="552" type="partial gc" contextid="551" timestamp="2019-07-02T20:36:46.190">
  <mem-info id="553" free="0" total="50331648" percent="0">
    <mem type="eden" free="0" total="16777216" percent="0" />
    <remembered-set count="20992" freebytes="1925120" totalbytes="2009088" percent="95" regionsoverflowed="0" regionsstable="0" regionsrebuilding="0"/>
  </mem-info>
</gc-start>
<allocation-stats totalBytes="16775552" >
  <allocated-bytes non-tlh="200384" tlh="16575168" arrayletleaf="0"/>
  <largest-consumer threadName="main" threadId="000000000074D700" bytes="16775552" />
</allocation-stats>
<gc-op id="554" type="mark" timems="1.497" contextid="551" timestamp="2019-07-02T20:36:46.192">
  <trace-info objectcount="10280" scancount="9267" scanbytes="409988" />
  <cardclean-info objects="127" bytes="13480" />
  <remembered-set-cleared processed="17736" cleared="838" durationms="0.144" />
  <references type="soft" candidates="3" cleared="0" enqueued="0" dynamicThreshold="10" maxThreshold="32" />
  <references type="weak" candidates="15" cleared="0" enqueued="0" />
  <references type="phantom" candidates="1" cleared="0" enqueued="0" />
  <stringconstants candidates="12526" cleared="0"  />
  <warning details="Mark invoked due to insufficient free space for Copy-Forward" />
</gc-op>
<gc-op id="555" type="classunload" timems="0.003" contextid="551" timestamp="2019-07-02T20:36:46.192">
  <classunload-info classloadercandidates="45" classloadersunloaded="0" classesunloaded="0" anonymousclassesunloaded="0" quiescems="0.000" setupms="0.003" scanms="0.000" postms="0.000" />
</gc-op>
<gc-op id="556" type="sweep" timems="0.471" contextid="551" timestamp="2019-07-02T20:36:46.193" />
<gc-op id="557" type="compact" timems="1.921" contextid="551" timestamp="2019-07-02T20:36:46.195">
  <compact-info movecount="10280" movebytes="701472" />
  <remembered-set-cleared processed="36416" cleared="2616" durationms="0.144" />
</gc-op>
<heap-resize id="558" type="expand" space="default" amount="1048576" count="1" timems="0.067" reason="insufficient free space following gc" timestamp="2019-07-02T20:36:46.196" />
<gc-end id="559" type="partial gc" contextid="551" durationms="5.779" usertimems="8.000" systemtimems="0.000" timestamp="2019-07-02T20:36:46.196" activeThreads="4">
  <mem-info id="560" free="16777216" total="51380224" percent="32">
    <mem type="eden" free="358576" total="1048576" percent="34" />
    <remembered-set count="21504" freebytes="1964928" totalbytes="2050944" percent="95" regionsoverflowed="0" regionsstable="0" regionsrebuilding="0"/>
  </mem-info>
</gc-end>
<cycle-end id="561" type="partial gc" contextid="551" timestamp="2019-07-02T20:36:46.196">
  <attribute name="GC Util" value="23" />
  <attribute name="CPU Util" value="22913872157723" />
  <attribute name="Time Running"value="7390"/>
  <attribute name="Number of cores"value="4"/>
</cycle-end>
<exclusive-end id="562" timestamp="2019-07-02T20:36:46.196" durationms="6.826" />

<exclusive-start id="563" timestamp="2019-07-02T20:36:46.238" intervalms="48.323">
  <response-info timems="0.017" idlems="0.017" threads="0" lastid="000000000074D700" lastname="main" />
</exclusive-start>
<allocation-taxation id="564" taxation-threshold="16777216" timestamp="2019-07-02T20:36:46.238" intervalms="48.235" />
<cycle-start id="565" type="partial gc" contextid="0" timestamp="2019-07-02T20:36:46.238" intervalms="48.141" />
  <attribute name="GC Util" value="23" />
  <attribute name="CPU Util" value="22913872157723" />
  <attribute name="Time Running"value="7390"/>
  <attribute name="Number of cores"value="4"/>
<gc-start id="566" type="partial gc" contextid="565" timestamp="2019-07-02T20:36:46.238">
  <mem-info id="567" free="0" total="51380224" percent="0">
    <mem type="eden" free="130576" total="16777216" percent="0" />
    <remembered-set count="21344" freebytes="1965568" totalbytes="2050944" percent="95" regionsoverflowed="0" regionsstable="0" regionsrebuilding="0"/>
  </mem-info>
</gc-start>
<allocation-stats totalBytes="16638800" >
  <allocated-bytes non-tlh="401832" tlh="16236968" arrayletleaf="0"/>
  <largest-consumer threadName="main" threadId="000000000074D700" bytes="16638800" />
</allocation-stats>
<gc-op id="568" type="mark" timems="1.162" contextid="565" timestamp="2019-07-02T20:36:46.240">
  <trace-info objectcount="747" scancount="693" scanbytes="22928" />
  <cardclean-info objects="137" bytes="13644" />
  <remembered-set-cleared processed="18249" cleared="1003" durationms="0.143" />
  <references type="soft" candidates="4" cleared="0" enqueued="0" dynamicThreshold="10" maxThreshold="32" />
  <references type="weak" candidates="16" cleared="0" enqueued="0" />
  <references type="phantom" candidates="1" cleared="0" enqueued="0" />
  <stringconstants candidates="12555" cleared="0"  />
  <warning details="Mark invoked due to insufficient free space for Copy-Forward" />
</gc-op>
<gc-op id="569" type="classunload" timems="0.003" contextid="565" timestamp="2019-07-02T20:36:46.240">
  <classunload-info classloadercandidates="48" classloadersunloaded="0" classesunloaded="0" anonymousclassesunloaded="0" quiescems="0.000" setupms="0.003" scanms="0.000" postms="0.000" />
</gc-op>
<gc-op id="570" type="sweep" timems="0.448" contextid="565" timestamp="2019-07-02T20:36:46.240" />
<gc-op id="571" type="compact" timems="1.199" contextid="565" timestamp="2019-07-02T20:36:46.242">
  <compact-info movecount="747" movebytes="61800" />
  <remembered-set-cleared processed="36084" cleared="1591" durationms="0.143" />
</gc-op>
<heap-resize id="572" type="expand" space="default" amount="3145728" count="1" timems="0.077" reason="insufficient free space following gc" timestamp="2019-07-02T20:36:46.242" />
<gc-end id="573" type="partial gc" contextid="565" durationms="4.265" usertimems="4.000" systemtimems="0.000" timestamp="2019-07-02T20:36:46.242" activeThreads="4">
  <mem-info id="574" free="18874368" total="54525952" percent="34">
    <mem type="eden" free="991608" total="1048576" percent="94" />
    <remembered-set count="21056" freebytes="2092288" totalbytes="2176512" percent="96" regionsoverflowed="0" regionsstable="0" regionsrebuilding="0"/>
  </mem-info>
</gc-end>
<cycle-end id="575" type="partial gc" contextid="565" timestamp="2019-07-02T20:36:46.242">
  <attribute name="GC Util" value="24" />
  <attribute name="CPU Util" value="26118396030680" />
  <attribute name="Time Running"value="7437"/>
  <attribute name="Number of cores"value="4"/>
</cycle-end>
<exclusive-end id="576" timestamp="2019-07-02T20:36:46.243" durationms="5.009" />

<exclusive-start id="577" timestamp="2019-07-02T20:36:46.280" intervalms="42.440">
  <response-info timems="0.046" idlems="0.046" threads="0" lastid="000000000074D700" lastname="main" />
</exclusive-start>
<allocation-taxation id="578" taxation-threshold="18874368" timestamp="2019-07-02T20:36:46.280" intervalms="42.450" />
<cycle-start id="579" type="partial gc" contextid="0" timestamp="2019-07-02T20:36:46.280" intervalms="42.452" />
  <attribute name="GC Util" value="24" />
  <attribute name="CPU Util" value="26118396030680" />
  <attribute name="Time Running"value="7437"/>
  <attribute name="Number of cores"value="4"/>
<gc-start id="580" type="partial gc" contextid="579" timestamp="2019-07-02T20:36:46.280">
  <mem-info id="581" free="0" total="54525952" percent="0">
    <mem type="eden" free="0" total="18874368" percent="0" />
    <remembered-set count="20800" freebytes="2093312" totalbytes="2176512" percent="96" regionsoverflowed="0" regionsstable="0" regionsrebuilding="0"/>
  </mem-info>
</gc-start>
<allocation-stats totalBytes="18871800" >
  <allocated-bytes non-tlh="867384" tlh="18004416" arrayletleaf="0"/>
  <largest-consumer threadName="main" threadId="000000000074D700" bytes="18871800" />
</allocation-stats>
<gc-op id="582" type="mark" timems="1.411" contextid="579" timestamp="2019-07-02T20:36:46.282">
  <trace-info objectcount="8702" scancount="7858" scanbytes="372644" />
  <cardclean-info objects="216" bytes="15928" />
  <remembered-set-cleared processed="17831" cleared="346" durationms="0.139" />
  <references type="soft" candidates="4" cleared="0" enqueued="0" dynamicThreshold="11" maxThreshold="32" />
  <references type="weak" candidates="38" cleared="0" enqueued="0" />
  <references type="phantom" candidates="1" cleared="0" enqueued="0" />
  <stringconstants candidates="12584" cleared="4"  />
  <warning details="Mark invoked due to insufficient free space for Copy-Forward" />
</gc-op>
<gc-op id="583" type="classunload" timems="0.430" contextid="579" timestamp="2019-07-02T20:36:46.283">
  <classunload-info classloadercandidates="51" classloadersunloaded="2" classesunloaded="2" anonymousclassesunloaded="0" quiescems="0.000" setupms="0.416" scanms="0.010" postms="0.004" />
</gc-op>
<gc-op id="584" type="sweep" timems="0.436" contextid="579" timestamp="2019-07-02T20:36:46.284" />
<gc-op id="585" type="compact" timems="1.951" contextid="579" timestamp="2019-07-02T20:36:46.286">
  <compact-info movecount="8287" movebytes="700792" />
  <remembered-set-cleared processed="36688" cleared="1714" durationms="0.139" />
</gc-op>
<heap-resize id="586" type="expand" space="default" amount="9437184" count="1" timems="0.113" reason="excessive time being spent in gc" timestamp="2019-07-02T20:36:46.286" />
<gc-end id="587" type="partial gc" contextid="579" durationms="5.903" usertimems="8.000" systemtimems="0.000" timestamp="2019-07-02T20:36:46.286" activeThreads="4">
  <mem-info id="588" free="27262976" total="63963136" percent="42">
    <mem type="eden" free="352992" total="1048576" percent="33" />
    <remembered-set count="21248" freebytes="2468224" totalbytes="2553216" percent="96" regionsoverflowed="0" regionsstable="0" regionsrebuilding="0"/>
  </mem-info>
</gc-end>
<cycle-end id="589" type="partial gc" contextid="579" timestamp="2019-07-02T20:36:46.287">
  <attribute name="GC Util" value="25" />
  <attribute name="CPU Util" value="25618129501392" />
  <attribute name="Time Running"value="7481"/>
  <attribute name="Number of cores"value="4"/>
</cycle-end>
<exclusive-end id="590" timestamp="2019-07-02T20:36:46.287" durationms="6.730" />

<exclusive-start id="591" timestamp="2019-07-02T20:36:46.328" intervalms="47.645">
  <response-info timems="0.021" idlems="0.021" threads="0" lastid="000000000074D700" lastname="main" />
</exclusive-start>
<allocation-taxation id="592" taxation-threshold="23068672" timestamp="2019-07-02T20:36:46.328" intervalms="47.740" />
<cycle-start id="593" type="partial gc" contextid="0" timestamp="2019-07-02T20:36:46.328" intervalms="47.831" />
  <attribute name="GC Util" value="25" />
  <attribute name="CPU Util" value="25618129501392" />
  <attribute name="Time Running"value="7481"/>
  <attribute name="Number of cores"value="4"/>
<gc-start id="594" type="partial gc" contextid="593" timestamp="2019-07-02T20:36:46.328">
  <mem-info id="595" free="4194304" total="63963136" percent="6">
    <mem type="eden" free="352992" total="24117248" percent="1" />
    <remembered-set count="21152" freebytes="2468608" totalbytes="2553216" percent="96" regionsoverflowed="0" regionsstable="0" regionsrebuilding="0"/>
  </mem-info>
</gc-start>
<allocation-stats totalBytes="23066520" >
  <allocated-bytes non-tlh="200632" tlh="22865888" arrayletleaf="0"/>
  <largest-consumer threadName="main" threadId="000000000074D700" bytes="23066520" />
</allocation-stats>
<gc-op id="596" type="copy forward" timems="1.958" contextid="593" timestamp="2019-07-02T20:36:46.331">
  <memory-copied type="eden" objects="9027" bytes="660704" bytesdiscarded="60856" />
  <memory-copied type="other" objects="474" bytes="16008" bytesdiscarded="4312" />
  <memory-cardclean objects="186" bytes="15424" />
  <remembered-set-cleared processed="18552" cleared="638" durationms="0.141" />
  <references type="soft" candidates="2" cleared="0" enqueued="0" dynamicThreshold="13" maxThreshold="32" />
  <references type="weak" candidates="32" cleared="0" enqueued="0" />
  <references type="phantom" candidates="1" cleared="0" enqueued="0" />
  <stringconstants candidates="12589" cleared="0"  />
</gc-op>
<gc-op id="597" type="classunload" timems="0.004" contextid="593" timestamp="2019-07-02T20:36:46.331">
  <classunload-info classloadercandidates="50" classloadersunloaded="0" classesunloaded="0" anonymousclassesunloaded="0" quiescems="0.000" setupms="0.004" scanms="0.000" postms="0.000" />
</gc-op>
<heap-resize id="598" type="expand" space="default" amount="11534336" count="1" timems="0.124" reason="excessive time being spent in gc" timestamp="2019-07-02T20:36:46.332" />
<gc-end id="599" type="partial gc" contextid="593" durationms="3.378" usertimems="0.000" systemtimems="4.000" timestamp="2019-07-02T20:36:46.332" activeThreads="4">
  <mem-info id="600" free="37748736" total="75497472" percent="50">
    <mem type="eden" free="1355192" total="2097152" percent="64" />
    <remembered-set count="22208" freebytes="2924800" totalbytes="3013632" percent="97" regionsoverflowed="0" regionsstable="0" regionsrebuilding="0"/>
  </mem-info>
</gc-end>
<cycle-end id="601" type="partial gc" contextid="593" timestamp="2019-07-02T20:36:46.332">
  <attribute name="GC Util" value="48" />
  <attribute name="CPU Util" value="74149716561100" />
  <attribute name="Time Running"value="7526"/>
  <attribute name="Number of cores"value="4"/>
</cycle-end>
<exclusive-end id="602" timestamp="2019-07-02T20:36:46.332" durationms="4.400" />

<exclusive-start id="603" timestamp="2019-07-02T20:36:46.430" intervalms="102.043">
  <response-info timems="0.049" idlems="0.034" threads="1" lastid="0000000000772F00" lastname="IProfiler" />
</exclusive-start>
<allocation-taxation id="604" taxation-threshold="25165824" timestamp="2019-07-02T20:36:46.430" intervalms="102.045" />
<cycle-start id="605" type="partial gc" contextid="0" timestamp="2019-07-02T20:36:46.430" intervalms="102.039" />
  <attribute name="GC Util" value="48" />
  <attribute name="CPU Util" value="74149716561100" />
  <attribute name="Time Running"value="7526"/>
  <attribute name="Number of cores"value="4"/>
<gc-start id="606" type="partial gc" contextid="605" timestamp="2019-07-02T20:36:46.430">
  <mem-info id="607" free="12582912" total="75497472" percent="16">
    <mem type="eden" free="0" total="25165824" percent="0" />
    <remembered-set count="21920" freebytes="2925952" totalbytes="3013632" percent="97" regionsoverflowed="0" regionsstable="0" regionsrebuilding="0"/>
  </mem-info>
</gc-start>
<allocation-stats totalBytes="25162184" >
  <allocated-bytes non-tlh="632992" tlh="24529192" arrayletleaf="0"/>
  <largest-consumer threadName="main" threadId="000000000074D700" bytes="25162184" />
</allocation-stats>
<gc-op id="608" type="copy forward" timems="2.617" contextid="605" timestamp="2019-07-02T20:36:46.434">
  <memory-copied type="eden" objects="18808" bytes="1077200" bytesdiscarded="90064" />
  <memory-copied type="other" objects="223" bytes="7592" bytesdiscarded="664" />
  <memory-cardclean objects="331" bytes="27120" />
  <remembered-set-cleared processed="18676" cleared="937" durationms="0.147" />
  <references type="soft" candidates="635" cleared="0" enqueued="0" dynamicThreshold="16" maxThreshold="32" />
  <references type="weak" candidates="73" cleared="19" enqueued="19" />
  <references type="phantom" candidates="1" cleared="0" enqueued="0" />
  <stringconstants candidates="13102" cleared="0"  />
</gc-op>
<gc-op id="609" type="classunload" timems="0.005" contextid="605" timestamp="2019-07-02T20:36:46.434">
  <classunload-info classloadercandidates="53" classloadersunloaded="0" classesunloaded="0" anonymousclassesunloaded="0" quiescems="0.000" setupms="0.005" scanms="0.000" postms="0.000" />
</gc-op>
<gc-end id="610" type="partial gc" contextid="605" durationms="3.785" usertimems="4.000" systemtimems="0.000" timestamp="2019-07-02T20:36:46.434" activeThreads="4">
  <mem-info id="611" free="35651584" total="75497472" percent="47">
    <mem type="eden" free="929664" total="2097152" percent="44" />
    <pending-finalizers system="0" default="0" reference="19" classloader="0" />
    <remembered-set count="23744" freebytes="2918656" totalbytes="3013632" percent="96" regionsoverflowed="0" regionsstable="0" regionsrebuilding="0"/>
  </mem-info>
</gc-end>
<cycle-end id="612" type="partial gc" contextid="605" timestamp="2019-07-02T20:36:46.434">
  <attribute name="GC Util" value="51" />
  <attribute name="CPU Util" value="78388706789170" />
  <attribute name="Time Running"value="7628"/>
  <attribute name="Number of cores"value="4"/>
</cycle-end>
<exclusive-end id="613" timestamp="2019-07-02T20:36:46.434" durationms="4.754" />

<exclusive-start id="614" timestamp="2019-07-02T20:36:46.626" intervalms="196.307">
  <response-info timems="0.028" idlems="0.028" threads="0" lastid="000000000074D700" lastname="main" />
</exclusive-start>
<allocation-taxation id="615" taxation-threshold="25165824" timestamp="2019-07-02T20:36:46.626" intervalms="196.288" />
<cycle-start id="616" type="partial gc" contextid="0" timestamp="2019-07-02T20:36:46.626" intervalms="196.253" />
  <attribute name="GC Util" value="51" />
  <attribute name="CPU Util" value="78388706789170" />
  <attribute name="Time Running"value="7628"/>
  <attribute name="Number of cores"value="4"/>
<gc-start id="617" type="partial gc" contextid="616" timestamp="2019-07-02T20:36:46.627">
  <mem-info id="618" free="10485760" total="75497472" percent="13">
    <mem type="eden" free="0" total="25165824" percent="0" />
    <arraylet-primitive objects="1" leaves="1" largest="1" />
    <remembered-set count="23616" freebytes="2919168" totalbytes="3013632" percent="96" regionsoverflowed="0" regionsstable="0" regionsrebuilding="0"/>
  </mem-info>
</gc-start>
<allocation-stats totalBytes="25152032" >
  <allocated-bytes non-tlh="2085128" tlh="22018328" arrayletleaf="1048576"/>
  <largest-consumer threadName="main" threadId="000000000074D700" bytes="25152032" />
</allocation-stats>
<gc-op id="619" type="copy forward" timems="3.584" contextid="616" timestamp="2019-07-02T20:36:46.631">
  <memory-copied type="eden" objects="21793" bytes="1511436" bytesdiscarded="163128" />
  <memory-copied type="other" objects="6838" bytes="256208" bytesdiscarded="16808" />
  <memory-cardclean objects="629" bytes="42872" />
  <remembered-set-cleared processed="19705" cleared="2108" durationms="0.168" />
  <finalization candidates="3" enqueued="2" />
  <references type="soft" candidates="779" cleared="0" enqueued="0" dynamicThreshold="15" maxThreshold="32" />
  <references type="weak" candidates="127" cleared="4" enqueued="4" />
  <references type="phantom" candidates="2" cleared="0" enqueued="0" />
  <stringconstants candidates="13302" cleared="0"  />
</gc-op>
<gc-op id="620" type="classunload" timems="0.005" contextid="616" timestamp="2019-07-02T20:36:46.631">
  <classunload-info classloadercandidates="55" classloadersunloaded="0" classesunloaded="0" anonymousclassesunloaded="0" quiescems="0.000" setupms="0.005" scanms="0.000" postms="0.000" />
</gc-op>
<gc-end id="621" type="partial gc" contextid="616" durationms="4.872" usertimems="8.000" systemtimems="0.000" timestamp="2019-07-02T20:36:46.631" activeThreads="4">
  <mem-info id="622" free="33554432" total="75497472" percent="44">
    <mem type="eden" free="422320" total="3145728" percent="13" />
    <arraylet-primitive objects="1" leaves="1" largest="1" />
    <pending-finalizers system="0" default="2" reference="4" classloader="0" />
    <remembered-set count="24640" freebytes="2915072" totalbytes="3013632" percent="96" regionsoverflowed="0" regionsstable="0" regionsrebuilding="0"/>
  </mem-info>
</gc-end>
<cycle-end id="623" type="partial gc" contextid="616" timestamp="2019-07-02T20:36:46.632">
  <attribute name="GC Util" value="56" />
  <attribute name="CPU Util" value="69419908537236" />
  <attribute name="Time Running"value="7824"/>
  <attribute name="Number of cores"value="4"/>
</cycle-end>
<exclusive-end id="624" timestamp="2019-07-02T20:36:46.632" durationms="5.868" />

<exclusive-start id="625" timestamp="2019-07-02T20:36:46.762" intervalms="136.004">
  <response-info timems="0.324" idlems="0.173" threads="1" lastid="0000000000758B00" lastname="JIT Compilation Thread-2" />
</exclusive-start>
<allocation-taxation id="626" taxation-threshold="25165824" timestamp="2019-07-02T20:36:46.762" intervalms="136.034" />
<cycle-start id="627" type="partial gc" contextid="0" timestamp="2019-07-02T20:36:46.762" intervalms="136.068" />
  <attribute name="GC Util" value="56" />
  <attribute name="CPU Util" value="69419908537236" />
  <attribute name="Time Running"value="7824"/>
  <attribute name="Number of cores"value="4"/>
<gc-start id="628" type="partial gc" contextid="627" timestamp="2019-07-02T20:36:46.763">
  <mem-info id="629" free="8388608" total="75497472" percent="11">
    <mem type="eden" free="0" total="25165824" percent="0" />
    <arraylet-primitive objects="1" leaves="1" largest="1" />
    <remembered-set count="24576" freebytes="2915328" totalbytes="3013632" percent="96" regionsoverflowed="0" regionsstable="0" regionsrebuilding="0"/>
  </mem-info>
</gc-start>
<allocation-stats totalBytes="25136592" >
  <allocated-bytes non-tlh="0" tlh="25136592" arrayletleaf="0"/>
  <largest-consumer threadName="main" threadId="000000000074D700" bytes="25132496" />
</allocation-stats>
<gc-op id="630" type="copy forward" timems="5.528" contextid="627" timestamp="2019-07-02T20:36:46.769">
  <memory-copied type="eden" objects="51082" bytes="1277088" bytesdiscarded="36704" />
  <memory-copied type="other" objects="28243" bytes="1735540" bytesdiscarded="36368" />
  <memory-cardclean objects="242" bytes="28272" />
  <remembered-set-cleared processed="20696" cleared="3055" durationms="0.160" />
  <finalization candidates="1" enqueued="0" />
  <references type="soft" candidates="779" cleared="0" enqueued="0" dynamicThreshold="14" maxThreshold="32" />
  <references type="weak" candidates="123" cleared="0" enqueued="0" />
  <references type="phantom" candidates="2" cleared="0" enqueued="0" />
  <stringconstants candidates="13302" cleared="0"  />
</gc-op>
<gc-op id="631" type="classunload" timems="0.005" contextid="627" timestamp="2019-07-02T20:36:46.769">
  <classunload-info classloadercandidates="55" classloadersunloaded="0" classesunloaded="0" anonymousclassesunloaded="0" quiescems="0.000" setupms="0.005" scanms="0.000" postms="0.000" />
</gc-op>
<heap-resize id="632" type="contract" space="default" amount="4194304" count="1" timems="0.297" reason="insufficient time being spent in gc" timestamp="2019-07-02T20:36:46.770" />
<gc-end id="633" type="partial gc" contextid="627" durationms="7.262" usertimems="12.000" systemtimems="0.000" timestamp="2019-07-02T20:36:46.770" activeThreads="4">
  <mem-info id="634" free="27262976" total="71303168" percent="38">
    <mem type="eden" free="783360" total="2097152" percent="37" />
    <arraylet-primitive objects="1" leaves="1" largest="1" />
    <remembered-set count="28224" freebytes="2900736" totalbytes="3013632" percent="96" regionsoverflowed="0" regionsstable="0" regionsrebuilding="0"/>
  </mem-info>
</gc-end>
<cycle-end id="635" type="partial gc" contextid="627" timestamp="2019-07-02T20:36:46.770">
  <attribute name="GC Util" value="57" />
  <attribute name="CPU Util" value="75541348416158" />
  <attribute name="Time Running"value="7960"/>
  <attribute name="Number of cores"value="4"/>
</cycle-end>
<exclusive-end id="636" timestamp="2019-07-02T20:36:46.770" durationms="8.467" />

<exclusive-start id="637" timestamp="2019-07-02T20:36:46.839" intervalms="77.461">
  <response-info timems="0.085" idlems="0.085" threads="0" lastid="000000000074D700" lastname="main" />
</exclusive-start>
<allocation-taxation id="638" taxation-threshold="24117248" timestamp="2019-07-02T20:36:46.840" intervalms="77.514" />
<cycle-start id="639" type="partial gc" contextid="0" timestamp="2019-07-02T20:36:46.840" intervalms="77.535" />
  <attribute name="GC Util" value="57" />
  <attribute name="CPU Util" value="75541348416158" />
  <attribute name="Time Running"value="7960"/>
  <attribute name="Number of cores"value="4"/>
<gc-start id="640" type="partial gc" contextid="639" timestamp="2019-07-02T20:36:46.840">
  <mem-info id="641" free="3145728" total="71303168" percent="4">
    <mem type="eden" free="0" total="24117248" percent="0" />
    <arraylet-primitive objects="1" leaves="1" largest="1" />
    <remembered-set count="27872" freebytes="2902144" totalbytes="3013632" percent="96" regionsoverflowed="0" regionsstable="0" regionsrebuilding="0"/>
  </mem-info>
</gc-start>
<allocation-stats totalBytes="24089408" >
  <allocated-bytes non-tlh="0" tlh="24089408" arrayletleaf="0"/>
  <largest-consumer threadName="main" threadId="000000000074D700" bytes="24089408" />
</allocation-stats>
<gc-op id="642" type="copy forward" timems="5.147" contextid="639" timestamp="2019-07-02T20:36:46.846">
  <memory-copied type="eden" objects="48396" bytes="1246664" bytesdiscarded="46384" />
  <memory-copied type="other" objects="54648" bytes="2277844" bytesdiscarded="67008" />
  <memory-cardclean objects="15386" bytes="574408" />
  <remembered-set-cleared processed="20013" cleared="7260" durationms="0.166" />
  <finalization candidates="1" enqueued="0" />
  <references type="soft" candidates="30" cleared="0" enqueued="0" dynamicThreshold="12" maxThreshold="32" />
  <references type="phantom" candidates="1" cleared="0" enqueued="0" />
  <stringconstants candidates="13302" cleared="0"  />
  <heap-resize type="expand" space="default" amount="2097152" count="2" timems="0.130" reason="continue current collection" />
</gc-op>
<gc-op id="643" type="classunload" timems="0.005" contextid="639" timestamp="2019-07-02T20:36:46.847">
  <classunload-info classloadercandidates="55" classloadersunloaded="0" classesunloaded="0" anonymousclassesunloaded="0" quiescems="0.000" setupms="0.005" scanms="0.000" postms="0.000" />
</gc-op>
<gc-op id="644" type="compact" timems="1.130" contextid="639" timestamp="2019-07-02T20:36:46.848">
  <compact-info movecount="0" movebytes="0" />
  <remembered-set-cleared processed="45587" cleared="7260" durationms="0.166" />
</gc-op>
<heap-resize id="645" type="contract" space="default" amount="2097152" count="1" timems="0.122" reason="insufficient time being spent in gc" timestamp="2019-07-02T20:36:46.848" />
<gc-end id="646" type="partial gc" contextid="639" durationms="8.271" usertimems="16.000" systemtimems="0.000" timestamp="2019-07-02T20:36:46.848" activeThreads="4">
  <mem-info id="647" free="25165824" total="71303168" percent="35">
    <mem type="eden" free="804104" total="2097152" percent="38" />
    <arraylet-primitive objects="1" leaves="1" largest="1" />
    <remembered-set count="29312" freebytes="2812672" totalbytes="2929920" percent="95" regionsoverflowed="0" regionsstable="0" regionsrebuilding="0"/>
  </mem-info>
</gc-end>
<cycle-end id="648" type="partial gc" contextid="639" timestamp="2019-07-02T20:36:46.849">
  <attribute name="GC Util" value="145" />
  <attribute name="CPU Util" value="3297231487201" />
  <attribute name="Time Running"value="8044"/>
  <attribute name="Number of cores"value="4"/>
</cycle-end>
<exclusive-end id="649" timestamp="2019-07-02T20:36:46.849" durationms="9.447" />

<exclusive-start id="650" timestamp="2019-07-02T20:36:46.911" intervalms="71.911">
  <response-info timems="0.073" idlems="0.073" threads="0" lastid="000000000074D700" lastname="main" />
</exclusive-start>
<allocation-taxation id="651" taxation-threshold="24117248" timestamp="2019-07-02T20:36:46.912" intervalms="71.852" />
<cycle-start id="652" type="partial gc" contextid="0" timestamp="2019-07-02T20:36:46.912" intervalms="71.843" />
  <attribute name="GC Util" value="145" />
  <attribute name="CPU Util" value="3297231487201" />
  <attribute name="Time Running"value="8044"/>
  <attribute name="Number of cores"value="4"/>
<gc-start id="653" type="partial gc" contextid="652" timestamp="2019-07-02T20:36:46.912">
  <mem-info id="654" free="1048576" total="71303168" percent="1">
    <mem type="eden" free="0" total="24117248" percent="0" />
    <arraylet-primitive objects="1" leaves="1" largest="1" />
    <remembered-set count="28960" freebytes="2814080" totalbytes="2929920" percent="96" regionsoverflowed="0" regionsstable="0" regionsrebuilding="0"/>
  </mem-info>
</gc-start>
<allocation-stats totalBytes="24089792" >
  <allocated-bytes non-tlh="65544" tlh="24024248" arrayletleaf="0"/>
  <largest-consumer threadName="main" threadId="000000000074D700" bytes="24089792" />
</allocation-stats>
<gc-op id="655" type="copy forward" timems="5.967" contextid="652" timestamp="2019-07-02T20:36:46.919">
  <memory-copied type="eden" objects="50743" bytes="1389584" bytesdiscarded="12888" />
  <memory-copied type="other" objects="89428" bytes="2206728" bytesdiscarded="83264" />
  <memory-cardclean objects="2439" bytes="63368" />
  <remembered-set-cleared processed="21836" cleared="2666" durationms="0.185" />
  <stringconstants candidates="13302" cleared="0"  />
  <heap-resize type="expand" space="default" amount="5242880" count="5" timems="0.392" reason="continue current collection" />
</gc-op>
<gc-op id="656" type="classunload" timems="0.007" contextid="652" timestamp="2019-07-02T20:36:46.919">
  <classunload-info classloadercandidates="55" classloadersunloaded="0" classesunloaded="0" anonymousclassesunloaded="0" quiescems="0.000" setupms="0.007" scanms="0.000" postms="0.000" />
</gc-op>
<gc-op id="657" type="compact" timems="1.238" contextid="652" timestamp="2019-07-02T20:36:46.921">
  <compact-info movecount="0" movebytes="0" />
  <remembered-set-cleared processed="50059" cleared="2666" durationms="0.185" />
</gc-op>
<gc-end id="658" type="partial gc" contextid="652" durationms="8.854" usertimems="16.000" systemtimems="0.000" timestamp="2019-07-02T20:36:46.921" activeThreads="4">
  <mem-info id="659" free="27262976" total="76546048" percent="35">
    <mem type="eden" free="1743256" total="3145728" percent="55" />
    <arraylet-primitive objects="1" leaves="1" largest="1" />
    <remembered-set count="32352" freebytes="2926080" totalbytes="3055488" percent="95" regionsoverflowed="0" regionsstable="0" regionsrebuilding="0"/>
  </mem-info>
</gc-end>
<cycle-end id="660" type="partial gc" contextid="652" timestamp="2019-07-02T20:36:46.921">
  <attribute name="GC Util" value="154" />
  <attribute name="CPU Util" value="2880093733265" />
  <attribute name="Time Running"value="8116"/>
  <attribute name="Number of cores"value="4"/>
</cycle-end>
<exclusive-end id="661" timestamp="2019-07-02T20:36:46.921" durationms="9.856" />

<exclusive-start id="662" timestamp="2019-07-02T20:36:46.988" intervalms="76.488">
  <response-info timems="0.078" idlems="0.078" threads="0" lastid="000000000074D700" lastname="main" />
</exclusive-start>
<allocation-taxation id="663" taxation-threshold="26214400" timestamp="2019-07-02T20:36:46.988" intervalms="76.517" />
<cycle-start id="664" type="partial gc" contextid="0" timestamp="2019-07-02T20:36:46.988" intervalms="76.527" />
  <attribute name="GC Util" value="154" />
  <attribute name="CPU Util" value="2880093733265" />
  <attribute name="Time Running"value="8116"/>
  <attribute name="Number of cores"value="4"/>
<gc-start id="665" type="partial gc" contextid="664" timestamp="2019-07-02T20:36:46.989">
  <mem-info id="666" free="1048576" total="76546048" percent="1">
    <mem type="eden" free="0" total="26214400" percent="0" />
    <arraylet-primitive objects="1" leaves="1" largest="1" />
    <remembered-set count="32000" freebytes="2927488" totalbytes="3055488" percent="95" regionsoverflowed="0" regionsstable="0" regionsrebuilding="0"/>
  </mem-info>
</gc-start>
<allocation-stats totalBytes="26182408" >
  <allocated-bytes non-tlh="0" tlh="26182408" arrayletleaf="0"/>
  <largest-consumer threadName="main" threadId="000000000074D700" bytes="26182408" />
</allocation-stats>
<gc-op id="667" type="copy forward" timems="5.155" contextid="664" timestamp="2019-07-02T20:36:46.995">
  <memory-copied type="eden" objects="53536" bytes="1316280" bytesdiscarded="36176" />
  <memory-copied type="other" objects="53321" bytes="2384316" bytesdiscarded="163152" />
  <memory-cardclean objects="6627" bytes="193032" />
  <remembered-set-cleared processed="27325" cleared="4722" durationms="0.183" />
  <finalization candidates="1" enqueued="0" />
  <references type="soft" candidates="30" cleared="0" enqueued="0" dynamicThreshold="11" maxThreshold="32" />
  <references type="phantom" candidates="1" cleared="0" enqueued="0" />
  <stringconstants candidates="13302" cleared="0"  />
  <heap-resize type="expand" space="default" amount="4194304" count="4" timems="0.269" reason="continue current collection" />
</gc-op>
<gc-op id="668" type="classunload" timems="0.007" contextid="664" timestamp="2019-07-02T20:36:46.995">
  <classunload-info classloadercandidates="55" classloadersunloaded="0" classesunloaded="0" anonymousclassesunloaded="0" quiescems="0.000" setupms="0.006" scanms="0.000" postms="0.000" />
</gc-op>
<gc-op id="669" type="compact" timems="1.153" contextid="664" timestamp="2019-07-02T20:36:46.996">
  <compact-info movecount="0" movebytes="0" />
  <remembered-set-cleared processed="58717" cleared="4722" durationms="0.183" />
</gc-op>
<gc-end id="670" type="partial gc" contextid="664" durationms="7.850" usertimems="16.000" systemtimems="0.000" timestamp="2019-07-02T20:36:46.996" activeThreads="4">
  <mem-info id="671" free="30408704" total="80740352" percent="37">
    <mem type="eden" free="744696" total="2097152" percent="35" />
    <arraylet-primitive objects="1" leaves="1" largest="1" />
    <remembered-set count="35968" freebytes="3079040" totalbytes="3222912" percent="95" regionsoverflowed="0" regionsstable="0" regionsrebuilding="0"/>
  </mem-info>
</gc-end>
<cycle-end id="672" type="partial gc" contextid="664" timestamp="2019-07-02T20:36:46.997">
  <attribute name="GC Util" value="153" />
  <attribute name="CPU Util" value="3296582142008" />
  <attribute name="Time Running"value="8192"/>
  <attribute name="Number of cores"value="4"/>
</cycle-end>
<exclusive-end id="673" timestamp="2019-07-02T20:36:46.997" durationms="8.927" />

<exclusive-start id="674" timestamp="2019-07-02T20:36:47.065" intervalms="76.913">
  <response-info timems="0.090" idlems="0.090" threads="0" lastid="000000000074D700" lastname="main" />
</exclusive-start>
<allocation-taxation id="675" taxation-threshold="27262976" timestamp="2019-07-02T20:36:47.065" intervalms="76.960" />
<cycle-start id="676" type="partial gc" contextid="0" timestamp="2019-07-02T20:36:47.065" intervalms="76.979" />
  <attribute name="GC Util" value="153" />
  <attribute name="CPU Util" value="3296582142008" />
  <attribute name="Time Running"value="8192"/>
  <attribute name="Number of cores"value="4"/>
<gc-start id="677" type="partial gc" contextid="676" timestamp="2019-07-02T20:36:47.066">
  <mem-info id="678" free="3145728" total="80740352" percent="3">
    <mem type="eden" free="0" total="27262976" percent="0" />
    <arraylet-primitive objects="1" leaves="1" largest="1" />
    <remembered-set count="35520" freebytes="3080832" totalbytes="3222912" percent="95" regionsoverflowed="0" regionsstable="0" regionsrebuilding="0"/>
  </mem-info>
</gc-start>
<allocation-stats totalBytes="27206920" >
  <allocated-bytes non-tlh="0" tlh="27206920" arrayletleaf="0"/>
  <largest-consumer threadName="main" threadId="000000000074D700" bytes="27206920" />
</allocation-stats>
<gc-op id="679" type="copy forward" timems="6.717" contextid="676" timestamp="2019-07-02T20:36:47.073">
  <memory-copied type="eden" objects="54820" bytes="1331784" bytesdiscarded="108368" />
  <memory-copied type="other" objects="94167" bytes="2321400" bytesdiscarded="107056" />
  <memory-cardclean objects="10747" bytes="411872" />
  <remembered-set-cleared processed="30668" cleared="6252" durationms="0.163" />
  <stringconstants candidates="13302" cleared="0"  />
  <heap-resize type="expand" space="default" amount="2097152" count="2" timems="0.129" reason="continue current collection" />
</gc-op>
<gc-op id="680" type="classunload" timems="0.008" contextid="676" timestamp="2019-07-02T20:36:47.073">
  <classunload-info classloadercandidates="55" classloadersunloaded="0" classesunloaded="0" anonymousclassesunloaded="0" quiescems="0.000" setupms="0.008" scanms="0.000" postms="0.000" />
</gc-op>
<gc-op id="681" type="compact" timems="1.287" contextid="676" timestamp="2019-07-02T20:36:47.075">
  <compact-info movecount="0" movebytes="0" />
  <remembered-set-cleared processed="65576" cleared="6252" durationms="0.163" />
</gc-op>
<gc-end id="682" type="partial gc" contextid="676" durationms="9.470" usertimems="20.000" systemtimems="0.000" timestamp="2019-07-02T20:36:47.075" activeThreads="4">
  <mem-info id="683" free="30408704" total="82837504" percent="36">
    <mem type="eden" free="657000" total="2097152" percent="31" />
    <arraylet-primitive objects="1" leaves="1" largest="1" />
    <remembered-set count="39200" freebytes="3149824" totalbytes="3306624" percent="95" regionsoverflowed="0" regionsstable="0" regionsrebuilding="0"/>
  </mem-info>
</gc-end>
<cycle-end id="684" type="partial gc" contextid="676" timestamp="2019-07-02T20:36:47.075">
  <attribute name="GC Util" value="143" />
  <attribute name="CPU Util" value="2557804668162" />
  <attribute name="Time Running"value="8270"/>
  <attribute name="Number of cores"value="4"/>
</cycle-end>
<exclusive-end id="685" timestamp="2019-07-02T20:36:47.076" durationms="10.777" />

<exclusive-start id="686" timestamp="2019-07-02T20:36:47.142" intervalms="77.066">
  <response-info timems="0.086" idlems="0.086" threads="0" lastid="000000000074D700" lastname="main" />
</exclusive-start>
<allocation-taxation id="687" taxation-threshold="27262976" timestamp="2019-07-02T20:36:47.142" intervalms="77.073" />
<cycle-start id="688" type="partial gc" contextid="0" timestamp="2019-07-02T20:36:47.142" intervalms="77.071" />
  <attribute name="GC Util" value="143" />
  <attribute name="CPU Util" value="2557804668162" />
  <attribute name="Time Running"value="8270"/>
  <attribute name="Number of cores"value="4"/>
<gc-start id="689" type="partial gc" contextid="688" timestamp="2019-07-02T20:36:47.143">
  <mem-info id="690" free="3145728" total="82837504" percent="3">
    <mem type="eden" free="0" total="27262976" percent="0" />
    <arraylet-primitive objects="1" leaves="1" largest="1" />
    <remembered-set count="38720" freebytes="3151744" totalbytes="3306624" percent="95" regionsoverflowed="0" regionsstable="0" regionsrebuilding="0"/>
  </mem-info>
</gc-start>
<allocation-stats totalBytes="27227320" >
  <allocated-bytes non-tlh="262160" tlh="26965160" arrayletleaf="0"/>
  <largest-consumer threadName="main" threadId="000000000074D700" bytes="27227320" />
</allocation-stats>
<gc-op id="691" type="copy forward" timems="6.810" contextid="688" timestamp="2019-07-02T20:36:47.150">
  <memory-copied type="eden" objects="57828" bytes="1717744" bytesdiscarded="75800" />
  <memory-copied type="other" objects="96678" bytes="2369776" bytesdiscarded="108248" />
  <memory-cardclean objects="10672" bytes="414976" />
  <remembered-set-cleared processed="34150" cleared="6320" durationms="0.193" />
  <stringconstants candidates="13302" cleared="0"  />
  <heap-resize type="expand" space="default" amount="2097152" count="2" timems="0.125" reason="continue current collection" />
</gc-op>
<gc-op id="692" type="classunload" timems="0.007" contextid="688" timestamp="2019-07-02T20:36:47.150">
  <classunload-info classloadercandidates="55" classloadersunloaded="0" classesunloaded="0" anonymousclassesunloaded="0" quiescems="0.000" setupms="0.007" scanms="0.000" postms="0.000" />
</gc-op>
<gc-op id="693" type="compact" timems="1.265" contextid="688" timestamp="2019-07-02T20:36:47.152">
  <compact-info movecount="0" movebytes="0" />
  <remembered-set-cleared processed="73754" cleared="6320" durationms="0.193" />
</gc-op>
<gc-end id="694" type="partial gc" contextid="688" durationms="9.716" usertimems="20.000" systemtimems="0.000" timestamp="2019-07-02T20:36:47.152" activeThreads="4">
  <mem-info id="695" free="30408704" total="84934656" percent="35">
    <mem type="eden" free="303608" total="2097152" percent="14" />
    <arraylet-primitive objects="1" leaves="1" largest="1" />
    <remembered-set count="44576" freebytes="3212032" totalbytes="3390336" percent="94" regionsoverflowed="0" regionsstable="0" regionsrebuilding="0"/>
  </mem-info>
</gc-end>
<cycle-end id="696" type="partial gc" contextid="688" timestamp="2019-07-02T20:36:47.153">
  <attribute name="GC Util" value="143" />
  <attribute name="CPU Util" value="2526391969504" />
  <attribute name="Time Running"value="8348"/>
  <attribute name="Number of cores"value="4"/>
</cycle-end>
<exclusive-end id="697" timestamp="2019-07-02T20:36:47.153" durationms="10.939" />

<exclusive-start id="698" timestamp="2019-07-02T20:36:47.220" intervalms="78.649">
  <response-info timems="0.077" idlems="0.077" threads="0" lastid="000000000074D700" lastname="main" />
</exclusive-start>
<allocation-taxation id="699" taxation-threshold="28311552" timestamp="2019-07-02T20:36:47.221" intervalms="78.584" />
<cycle-start id="700" type="partial gc" contextid="0" timestamp="2019-07-02T20:36:47.221" intervalms="78.577" />
  <attribute name="GC Util" value="143" />
  <attribute name="CPU Util" value="2526391969504" />
  <attribute name="Time Running"value="8348"/>
  <attribute name="Number of cores"value="4"/>
<gc-start id="701" type="partial gc" contextid="700" timestamp="2019-07-02T20:36:47.221">
  <mem-info id="702" free="2097152" total="84934656" percent="2">
    <mem type="eden" free="0" total="28311552" percent="0" />
    <arraylet-primitive objects="1" leaves="1" largest="1" />
    <remembered-set count="44224" freebytes="3213440" totalbytes="3390336" percent="94" regionsoverflowed="0" regionsstable="0" regionsrebuilding="0"/>
  </mem-info>
</gc-start>
<allocation-stats totalBytes="28279496" >
  <allocated-bytes non-tlh="0" tlh="28279496" arrayletleaf="0"/>
  <largest-consumer threadName="main" threadId="000000000074D700" bytes="28279496" />
</allocation-stats>
<gc-op id="703" type="copy forward" timems="6.507" contextid="700" timestamp="2019-07-02T20:36:47.229">
  <memory-copied type="eden" objects="57804" bytes="1454984" bytesdiscarded="62112" />
  <memory-copied type="other" objects="92514" bytes="3547676" bytesdiscarded="176512" />
  <memory-cardclean objects="11691" bytes="300088" />
  <remembered-set-cleared processed="38504" cleared="8158" durationms="0.210" />
  <references type="soft" candidates="30" cleared="0" enqueued="0" dynamicThreshold="11" maxThreshold="32" />
  <stringconstants candidates="13302" cleared="0"  />
  <heap-resize type="expand" space="default" amount="4194304" count="4" timems="0.256" reason="continue current collection" />
</gc-op>
<gc-op id="704" type="classunload" timems="0.008" contextid="700" timestamp="2019-07-02T20:36:47.229">
  <classunload-info classloadercandidates="55" classloadersunloaded="0" classesunloaded="0" anonymousclassesunloaded="0" quiescems="0.000" setupms="0.008" scanms="0.000" postms="0.000" />
</gc-op>
<gc-op id="705" type="compact" timems="1.411" contextid="700" timestamp="2019-07-02T20:36:47.230">
  <compact-info movecount="0" movebytes="0" />
  <remembered-set-cleared processed="81377" cleared="8158" durationms="0.210" />
</gc-op>
<gc-end id="706" type="partial gc" contextid="700" durationms="9.453" usertimems="20.000" systemtimems="0.000" timestamp="2019-07-02T20:36:47.231" activeThreads="4">
  <mem-info id="707" free="32505856" total="89128960" percent="36">
    <mem type="eden" free="580056" total="2097152" percent="27" />
    <arraylet-primitive objects="1" leaves="1" largest="1" />
    <remembered-set count="47584" freebytes="3367424" totalbytes="3557760" percent="94" regionsoverflowed="0" regionsstable="0" regionsrebuilding="0"/>
  </mem-info>
</gc-end>
<cycle-end id="708" type="partial gc" contextid="700" timestamp="2019-07-02T20:36:47.231">
  <attribute name="GC Util" value="160" />
  <attribute name="CPU Util" value="2662441421319" />
  <attribute name="Time Running"value="8426"/>
  <attribute name="Number of cores"value="4"/>
</cycle-end>
<exclusive-end id="709" timestamp="2019-07-02T20:36:47.231" durationms="10.634" />

<exclusive-start id="710" timestamp="2019-07-02T20:36:47.336" intervalms="115.403">
  <response-info timems="0.087" idlems="0.087" threads="0" lastid="000000000074D700" lastname="main" />
</exclusive-start>
<allocation-taxation id="711" taxation-threshold="28311552" timestamp="2019-07-02T20:36:47.336" intervalms="115.396" />
<cycle-start id="712" type="partial gc" contextid="0" timestamp="2019-07-02T20:36:47.336" intervalms="115.332" />
  <attribute name="GC Util" value="160" />
  <attribute name="CPU Util" value="2662441421319" />
  <attribute name="Time Running"value="8426"/>
  <attribute name="Number of cores"value="4"/>
<gc-start id="713" type="partial gc" contextid="712" timestamp="2019-07-02T20:36:47.337">
  <mem-info id="714" free="4194304" total="89128960" percent="4">
    <mem type="eden" free="0" total="28311552" percent="0" />
    <arraylet-primitive objects="2" leaves="2" largest="1" />
    <remembered-set count="47136" freebytes="3369216" totalbytes="3557760" percent="94" regionsoverflowed="0" regionsstable="0" regionsrebuilding="0"/>
  </mem-info>
</gc-start>
<allocation-stats totalBytes="28300728" >
  <allocated-bytes non-tlh="760960" tlh="26491192" arrayletleaf="1048576"/>
  <largest-consumer threadName="main" threadId="000000000074D700" bytes="28300728" />
</allocation-stats>
<gc-op id="715" type="copy forward" timems="6.662" contextid="712" timestamp="2019-07-02T20:36:47.344">
  <memory-copied type="eden" objects="61622" bytes="1639020" bytesdiscarded="67680" />
  <memory-copied type="other" objects="97517" bytes="2439424" bytesdiscarded="99400" />
  <memory-cardclean objects="10133" bytes="547608" />
  <remembered-set-cleared processed="41801" cleared="7643" durationms="0.214" />
  <finalization candidates="1" enqueued="1" />
  <references type="weak" candidates="6" cleared="0" enqueued="0" />
  <stringconstants candidates="13302" cleared="0"  />
  <heap-resize type="expand" space="default" amount="1048576" count="1" timems="0.104" reason="continue current collection" />
</gc-op>
<gc-op id="716" type="classunload" timems="0.010" contextid="712" timestamp="2019-07-02T20:36:47.344">
  <classunload-info classloadercandidates="55" classloadersunloaded="0" classesunloaded="0" anonymousclassesunloaded="0" quiescems="0.000" setupms="0.009" scanms="0.000" postms="0.000" />
</gc-op>
<gc-end id="717" type="partial gc" contextid="712" durationms="7.778" usertimems="16.000" systemtimems="0.000" timestamp="2019-07-02T20:36:47.344" activeThreads="4">
  <mem-info id="718" free="30408704" total="90177536" percent="33">
    <mem type="eden" free="390424" total="3145728" percent="12" />
    <arraylet-primitive objects="2" leaves="2" largest="1" />
    <pending-finalizers system="0" default="1" reference="0" classloader="0" />
    <remembered-set count="50336" freebytes="3398272" totalbytes="3599616" percent="94" regionsoverflowed="0" regionsstable="0" regionsrebuilding="0"/>
  </mem-info>
</gc-end>
<cycle-end id="719" type="partial gc" contextid="712" timestamp="2019-07-02T20:36:47.344">
  <attribute name="GC Util" value="54" />
  <attribute name="CPU Util" value="75505171780276" />
  <attribute name="Time Running"value="8534"/>
  <attribute name="Number of cores"value="4"/>
</cycle-end>
<exclusive-end id="720" timestamp="2019-07-02T20:36:47.345" durationms="8.760" />

<exclusive-start id="721" timestamp="2019-07-02T20:36:47.495" intervalms="159.330">
  <response-info timems="0.077" idlems="0.077" threads="0" lastid="000000000074D700" lastname="main" />
</exclusive-start>
<allocation-taxation id="722" taxation-threshold="29360128" timestamp="2019-07-02T20:36:47.495" intervalms="159.370" />
<cycle-start id="723" type="partial gc" contextid="0" timestamp="2019-07-02T20:36:47.496" intervalms="159.457" />
  <attribute name="GC Util" value="54" />
  <attribute name="CPU Util" value="75505171780276" />
  <attribute name="Time Running"value="8534"/>
  <attribute name="Number of cores"value="4"/>
<gc-start id="724" type="partial gc" contextid="723" timestamp="2019-07-02T20:36:47.496">
  <mem-info id="725" free="1048576" total="90177536" percent="1">
    <mem type="eden" free="0" total="29360128" percent="0" />
    <arraylet-primitive objects="2" leaves="2" largest="1" />
    <remembered-set count="50144" freebytes="3399040" totalbytes="3599616" percent="94" regionsoverflowed="0" regionsstable="0" regionsrebuilding="0"/>
  </mem-info>
</gc-start>
<allocation-stats totalBytes="29357576" >
  <allocated-bytes non-tlh="149376" tlh="29208200" arrayletleaf="0"/>
  <largest-consumer threadName="main" threadId="000000000074D700" bytes="29357576" />
</allocation-stats>
<gc-op id="726" type="copy forward" timems="7.731" contextid="723" timestamp="2019-07-02T20:36:47.505">
  <memory-copied type="eden" objects="44287" bytes="1182600" bytesdiscarded="57200" />
  <memory-copied type="other" objects="122721" bytes="2929808" bytesdiscarded="195640" />
  <memory-cardclean objects="13769" bytes="665800" />
  <remembered-set-cleared processed="43955" cleared="9617" durationms="0.223" />
  <finalization candidates="1" enqueued="0" />
  <references type="soft" candidates="2254" cleared="0" enqueued="0" dynamicThreshold="10" maxThreshold="32" />
  <references type="weak" candidates="165" cleared="4" enqueued="3" />
  <references type="phantom" candidates="2" cleared="0" enqueued="0" />
  <stringconstants candidates="13761" cleared="5"  />
  <heap-resize type="expand" space="default" amount="5242880" count="5" timems="0.297" reason="continue current collection" />
</gc-op>
<gc-op id="727" type="classunload" timems="0.009" contextid="723" timestamp="2019-07-02T20:36:47.505">
  <classunload-info classloadercandidates="55" classloadersunloaded="0" classesunloaded="0" anonymousclassesunloaded="0" quiescems="0.000" setupms="0.008" scanms="0.000" postms="0.000" />
</gc-op>
<gc-op id="728" type="compact" timems="1.417" contextid="723" timestamp="2019-07-02T20:36:47.506">
  <compact-info movecount="0" movebytes="0" />
  <remembered-set-cleared processed="92091" cleared="9617" durationms="0.223" />
</gc-op>
<gc-end id="729" type="partial gc" contextid="723" durationms="10.674" usertimems="20.000" systemtimems="0.000" timestamp="2019-07-02T20:36:47.507" activeThreads="4">
  <mem-info id="730" free="34603008" total="95420416" percent="36">
    <mem type="eden" free="857328" total="2097152" percent="40" />
    <arraylet-primitive objects="1" leaves="1" largest="1" />
    <pending-finalizers system="0" default="0" reference="3" classloader="0" />
    <remembered-set count="53568" freebytes="3594624" totalbytes="3808896" percent="94" regionsoverflowed="0" regionsstable="0" regionsrebuilding="0"/>
  </mem-info>
</gc-end>
<cycle-end id="731" type="partial gc" contextid="723" timestamp="2019-07-02T20:36:47.507">
  <attribute name="GC Util" value="155" />
  <attribute name="CPU Util" value="2249449034246" />
  <attribute name="Time Running"value="8702"/>
  <attribute name="Number of cores"value="4"/>
</cycle-end>
<exclusive-end id="732" timestamp="2019-07-02T20:36:47.507" durationms="11.838" />

<exclusive-start id="733" timestamp="2019-07-02T20:36:48.188" intervalms="692.635">
  <response-info timems="0.090" idlems="0.090" threads="0" lastid="000000000074D700" lastname="main" />
</exclusive-start>
<allocation-taxation id="734" taxation-threshold="30408704" timestamp="2019-07-02T20:36:48.188" intervalms="692.675" />
<cycle-start id="735" type="partial gc" contextid="0" timestamp="2019-07-02T20:36:48.188" intervalms="692.675" />
  <attribute name="GC Util" value="155" />
  <attribute name="CPU Util" value="2249449034246" />
  <attribute name="Time Running"value="8702"/>
  <attribute name="Number of cores"value="4"/>
<gc-start id="736" type="partial gc" contextid="735" timestamp="2019-07-02T20:36:48.189">
  <mem-info id="737" free="4194304" total="95420416" percent="4">
    <mem type="eden" free="0" total="30408704" percent="0" />
    <arraylet-primitive objects="1" leaves="1" largest="1" />
    <remembered-set count="53152" freebytes="3596288" totalbytes="3808896" percent="94" regionsoverflowed="0" regionsstable="0" regionsrebuilding="0"/>
  </mem-info>
</gc-start>
<allocation-stats totalBytes="30345960" >
  <allocated-bytes non-tlh="64" tlh="30345896" arrayletleaf="0"/>
  <largest-consumer threadName="main" threadId="000000000074D700" bytes="30345960" />
</allocation-stats>
<gc-op id="738" type="copy forward" timems="4.966" contextid="735" timestamp="2019-07-02T20:36:48.195">
  <memory-copied type="eden" objects="81" bytes="3176" bytesdiscarded="0" />
  <memory-copied type="other" objects="112430" bytes="2893952" bytesdiscarded="141576" />
  <memory-cardclean objects="13772" bytes="613680" />
  <remembered-set-cleared processed="47360" cleared="8924" durationms="0.277" />
  <references type="soft" candidates="2139" cleared="0" enqueued="0" dynamicThreshold="11" maxThreshold="32" />
  <references type="weak" candidates="80" cleared="0" enqueued="0" />
  <stringconstants candidates="13757" cleared="0"  />
  <heap-resize type="expand" space="default" amount="1048576" count="1" timems="0.065" reason="continue current collection" />
</gc-op>
<gc-op id="739" type="classunload" timems="0.005" contextid="735" timestamp="2019-07-02T20:36:48.195">
  <classunload-info classloadercandidates="55" classloadersunloaded="0" classesunloaded="0" anonymousclassesunloaded="0" quiescems="0.000" setupms="0.005" scanms="0.000" postms="0.000" />
</gc-op>
<heap-resize id="740" type="contract" space="default" amount="1048576" count="1" timems="0.118" reason="insufficient time being spent in gc" timestamp="2019-07-02T20:36:48.195" />
<gc-end id="741" type="partial gc" contextid="735" durationms="6.534" usertimems="12.000" systemtimems="0.000" timestamp="2019-07-02T20:36:48.195" activeThreads="4">
  <mem-info id="742" free="33554432" total="95420416" percent="35">
    <mem type="eden" free="1045400" total="1048576" percent="99" />
    <arraylet-primitive objects="1" leaves="1" largest="1" />
    <remembered-set count="52320" freebytes="3641472" totalbytes="3850752" percent="94" regionsoverflowed="0" regionsstable="0" regionsrebuilding="0"/>
  </mem-info>
</gc-end>
<cycle-end id="743" type="partial gc" contextid="735" timestamp="2019-07-02T20:36:48.195">
  <attribute name="GC Util" value="53" />
  <attribute name="CPU Util" value="63296037619505" />
  <attribute name="Time Running"value="9386"/>
  <attribute name="Number of cores"value="4"/>
</cycle-end>
<exclusive-end id="744" timestamp="2019-07-02T20:36:48.196" durationms="7.829" />

<exclusive-start id="745" timestamp="2019-07-02T20:36:48.213" intervalms="25.234">
  <response-info timems="0.020" idlems="0.020" threads="0" lastid="000000000074D700" lastname="main" />
</exclusive-start>
<allocation-taxation id="746" taxation-threshold="30408704" timestamp="2019-07-02T20:36:48.213" intervalms="25.177" />
<cycle-start id="747" type="partial gc" contextid="0" timestamp="2019-07-02T20:36:48.214" intervalms="25.207" />
  <attribute name="GC Util" value="53" />
  <attribute name="CPU Util" value="63296037619505" />
  <attribute name="Time Running"value="9386"/>
  <attribute name="Number of cores"value="4"/>
<gc-start id="748" type="partial gc" contextid="747" timestamp="2019-07-02T20:36:48.214">
  <mem-info id="749" free="3145728" total="95420416" percent="3">
    <mem type="eden" free="0" total="30408704" percent="0" />
    <arraylet-primitive objects="1" leaves="1" largest="1" />
    <remembered-set count="51936" freebytes="3643008" totalbytes="3850752" percent="94" regionsoverflowed="0" regionsstable="0" regionsrebuilding="0"/>
  </mem-info>
</gc-start>
<allocation-stats totalBytes="30294880" >
  <allocated-bytes non-tlh="0" tlh="30294880" arrayletleaf="0"/>
  <largest-consumer threadName="main" threadId="000000000074D700" bytes="30294880" />
</allocation-stats>
<gc-op id="750" type="copy forward" timems="4.601" contextid="747" timestamp="2019-07-02T20:36:48.220">
  <memory-copied type="eden" objects="0" bytes="0" bytesdiscarded="0" />
  <memory-copied type="other" objects="79060" bytes="1962128" bytesdiscarded="16928" />
  <memory-cardclean objects="17483" bytes="735904" />
  <remembered-set-cleared processed="45826" cleared="8707" durationms="0.235" />
  <stringconstants candidates="13757" cleared="0"  />
</gc-op>
<gc-op id="751" type="classunload" timems="0.004" contextid="747" timestamp="2019-07-02T20:36:48.220">
  <classunload-info classloadercandidates="55" classloadersunloaded="0" classesunloaded="0" anonymousclassesunloaded="0" quiescems="0.000" setupms="0.004" scanms="0.000" postms="0.000" />
</gc-op>
<gc-end id="752" type="partial gc" contextid="747" durationms="6.119" usertimems="12.000" systemtimems="0.000" timestamp="2019-07-02T20:36:48.220" activeThreads="4">
  <mem-info id="753" free="33554432" total="95420416" percent="35">
    <arraylet-primitive objects="1" leaves="1" largest="1" />
    <remembered-set count="50752" freebytes="3605888" totalbytes="3808896" percent="94" regionsoverflowed="0" regionsstable="0" regionsrebuilding="0"/>
  </mem-info>
</gc-end>
<cycle-end id="754" type="partial gc" contextid="747" timestamp="2019-07-02T20:36:48.220">
  <attribute name="GC Util" value="34" />
  <attribute name="CPU Util" value="34719949740954" />
  <attribute name="Time Running"value="9412"/>
  <attribute name="Number of cores"value="4"/>
</cycle-end>
<exclusive-end id="755" timestamp="2019-07-02T20:36:48.220" durationms="7.198" />

<exclusive-start id="756" timestamp="2019-07-02T20:36:48.238" intervalms="24.512">
  <response-info timems="0.048" idlems="0.048" threads="0" lastid="000000000074D700" lastname="main" />
</exclusive-start>
<allocation-taxation id="757" taxation-threshold="30408704" timestamp="2019-07-02T20:36:48.238" intervalms="24.499" />
<cycle-start id="758" type="partial gc" contextid="0" timestamp="2019-07-02T20:36:48.238" intervalms="24.539" />
  <attribute name="GC Util" value="34" />
  <attribute name="CPU Util" value="34719949740954" />
  <attribute name="Time Running"value="9412"/>
  <attribute name="Number of cores"value="4"/>
<gc-start id="759" type="partial gc" contextid="758" timestamp="2019-07-02T20:36:48.238">
  <mem-info id="760" free="3145728" total="95420416" percent="3">
    <mem type="eden" free="0" total="30408704" percent="0" />
    <arraylet-primitive objects="1" leaves="1" largest="1" />
    <remembered-set count="50496" freebytes="3606912" totalbytes="3808896" percent="94" regionsoverflowed="0" regionsstable="0" regionsrebuilding="0"/>
  </mem-info>
</gc-start>
<allocation-stats totalBytes="30303352" >
  <allocated-bytes non-tlh="0" tlh="30303352" arrayletleaf="0"/>
  <largest-consumer threadName="main" threadId="000000000074D700" bytes="30303352" />
</allocation-stats>
<gc-op id="761" type="copy forward" timems="4.160" contextid="758" timestamp="2019-07-02T20:36:48.243">
  <memory-copied type="eden" objects="1" bytes="24" bytesdiscarded="0" />
  <memory-copied type="other" objects="72326" bytes="1959240" bytesdiscarded="48920" />
  <memory-cardclean objects="10783" bytes="569952" />
  <remembered-set-cleared processed="45488" cleared="6237" durationms="0.228" />
  <references type="soft" candidates="2139" cleared="0" enqueued="0" dynamicThreshold="11" maxThreshold="32" />
  <references type="weak" candidates="80" cleared="0" enqueued="0" />
  <stringconstants candidates="13757" cleared="0"  />
</gc-op>
<gc-op id="762" type="classunload" timems="0.005" contextid="758" timestamp="2019-07-02T20:36:48.244">
  <classunload-info classloadercandidates="55" classloadersunloaded="0" classesunloaded="0" anonymousclassesunloaded="0" quiescems="0.000" setupms="0.004" scanms="0.000" postms="0.000" />
</gc-op>
<gc-end id="763" type="partial gc" contextid="758" durationms="5.453" usertimems="8.000" systemtimems="0.000" timestamp="2019-07-02T20:36:48.244" activeThreads="4">
  <mem-info id="764" free="32505856" total="95420416" percent="34">
    <mem type="eden" free="1048552" total="1048576" percent="99" />
    <arraylet-primitive objects="1" leaves="1" largest="1" />
    <remembered-set count="51968" freebytes="3601024" totalbytes="3808896" percent="94" regionsoverflowed="0" regionsstable="0" regionsrebuilding="0"/>
  </mem-info>
</gc-end>
<cycle-end id="765" type="partial gc" contextid="758" timestamp="2019-07-02T20:36:48.244">
  <attribute name="GC Util" value="48" />
  <attribute name="CPU Util" value="57800510790039" />
  <attribute name="Time Running"value="9436"/>
  <attribute name="Number of cores"value="4"/>
</cycle-end>
<exclusive-end id="766" timestamp="2019-07-02T20:36:48.244" durationms="6.589" />

<exclusive-start id="767" timestamp="2019-07-02T20:36:48.260" intervalms="22.871">
  <response-info timems="0.089" idlems="0.089" threads="0" lastid="000000000074D700" lastname="main" />
</exclusive-start>
<allocation-taxation id="768" taxation-threshold="30408704" timestamp="2019-07-02T20:36:48.261" intervalms="22.847" />
<cycle-start id="769" type="partial gc" contextid="0" timestamp="2019-07-02T20:36:48.261" intervalms="22.717" />
  <attribute name="GC Util" value="48" />
  <attribute name="CPU Util" value="57800510790039" />
  <attribute name="Time Running"value="9436"/>
  <attribute name="Number of cores"value="4"/>
<gc-start id="770" type="partial gc" contextid="769" timestamp="2019-07-02T20:36:48.261">
  <mem-info id="771" free="2097152" total="95420416" percent="2">
    <mem type="eden" free="1048552" total="31457280" percent="3" />
    <arraylet-primitive objects="1" leaves="1" largest="1" />
    <remembered-set count="51712" freebytes="3602048" totalbytes="3808896" percent="94" regionsoverflowed="0" regionsstable="0" regionsrebuilding="0"/>
  </mem-info>
</gc-start>
<allocation-stats totalBytes="30306688" >
  <allocated-bytes non-tlh="0" tlh="30306688" arrayletleaf="0"/>
  <largest-consumer threadName="main" threadId="000000000074D700" bytes="30306688" />
</allocation-stats>
<gc-op id="772" type="copy forward" timems="3.974" contextid="769" timestamp="2019-07-02T20:36:48.266">
  <memory-copied type="eden" objects="1" bytes="24" bytesdiscarded="0" />
  <memory-copied type="other" objects="80303" bytes="1996272" bytesdiscarded="94880" />
  <memory-cardclean objects="11010" bytes="555064" />
  <remembered-set-cleared processed="45640" cleared="6540" durationms="0.234" />
  <stringconstants candidates="13757" cleared="0"  />
  <heap-resize type="expand" space="default" amount="1048576" count="1" timems="0.057" reason="continue current collection" />
</gc-op>
<gc-op id="773" type="classunload" timems="0.005" contextid="769" timestamp="2019-07-02T20:36:48.266">
  <classunload-info classloadercandidates="55" classloadersunloaded="0" classesunloaded="0" anonymousclassesunloaded="0" quiescems="0.000" setupms="0.005" scanms="0.000" postms="0.000" />
</gc-op>
<heap-resize id="774" type="expand" space="default" amount="16777216" count="1" timems="0.148" reason="excessive time being spent in gc" timestamp="2019-07-02T20:36:48.266" />
<gc-end id="775" type="partial gc" contextid="769" durationms="5.438" usertimems="12.000" systemtimems="0.000" timestamp="2019-07-02T20:36:48.267" activeThreads="4">
  <mem-info id="776" free="50331648" total="113246208" percent="44">
    <mem type="eden" free="1048552" total="1048576" percent="99" />
    <arraylet-primitive objects="1" leaves="1" largest="1" />
    <remembered-set count="51488" freebytes="4314496" totalbytes="4520448" percent="95" regionsoverflowed="0" regionsstable="0" regionsrebuilding="0"/>
  </mem-info>
</gc-end>
<cycle-end id="777" type="partial gc" contextid="769" timestamp="2019-07-02T20:36:48.267">
  <attribute name="GC Util" value="54" />
  <attribute name="CPU Util" value="70913013450920" />
  <attribute name="Time Running"value="9459"/>
  <attribute name="Number of cores"value="4"/>
</cycle-end>
<exclusive-end id="778" timestamp="2019-07-02T20:36:48.267" durationms="6.464" />

<exclusive-start id="779" timestamp="2019-07-02T20:36:48.284" intervalms="23.411">
  <response-info timems="0.029" idlems="0.029" threads="0" lastid="000000000074D700" lastname="main" />
</exclusive-start>
<allocation-taxation id="780" taxation-threshold="34603008" timestamp="2019-07-02T20:36:48.284" intervalms="23.361" />
<cycle-start id="781" type="partial gc" contextid="0" timestamp="2019-07-02T20:36:48.284" intervalms="23.342" />
  <attribute name="GC Util" value="54" />
  <attribute name="CPU Util" value="70913013450920" />
  <attribute name="Time Running"value="9459"/>
  <attribute name="Number of cores"value="4"/>
<gc-start id="782" type="partial gc" contextid="781" timestamp="2019-07-02T20:36:48.284">
  <mem-info id="783" free="15728640" total="113246208" percent="13">
    <mem type="eden" free="1048552" total="35651584" percent="2" />
    <arraylet-primitive objects="1" leaves="1" largest="1" />
    <remembered-set count="51360" freebytes="4315008" totalbytes="4520448" percent="95" regionsoverflowed="0" regionsstable="0" regionsrebuilding="0"/>
  </mem-info>
</gc-start>
<allocation-stats totalBytes="34487264" >
  <allocated-bytes non-tlh="0" tlh="34487264" arrayletleaf="0"/>
  <largest-consumer threadName="main" threadId="000000000074D700" bytes="34487264" />
</allocation-stats>
<gc-op id="784" type="copy forward" timems="3.957" contextid="781" timestamp="2019-07-02T20:36:48.289">
  <memory-copied type="eden" objects="1" bytes="24" bytesdiscarded="0" />
  <memory-copied type="other" objects="89503" bytes="2167728" bytesdiscarded="95544" />
  <memory-cardclean objects="9206" bytes="649592" />
  <remembered-set-cleared processed="45875" cleared="6827" durationms="0.233" />
  <references type="soft" candidates="1200" cleared="0" enqueued="0" dynamicThreshold="14" maxThreshold="32" />
  <references type="weak" candidates="43" cleared="0" enqueued="0" />
  <stringconstants candidates="13757" cleared="0"  />
</gc-op>
<gc-op id="785" type="classunload" timems="0.004" contextid="781" timestamp="2019-07-02T20:36:48.289">
  <classunload-info classloadercandidates="55" classloadersunloaded="0" classesunloaded="0" anonymousclassesunloaded="0" quiescems="0.000" setupms="0.004" scanms="0.000" postms="0.000" />
</gc-op>
<heap-resize id="786" type="expand" space="default" amount="19922944" count="1" timems="0.155" reason="excessive time being spent in gc" timestamp="2019-07-02T20:36:48.290" />
<gc-end id="787" type="partial gc" contextid="781" durationms="5.470" usertimems="12.000" systemtimems="0.000" timestamp="2019-07-02T20:36:48.290" activeThreads="4">
  <mem-info id="788" free="70254592" total="133169152" percent="52">
    <mem type="eden" free="1048552" total="1048576" percent="99" />
    <arraylet-primitive objects="1" leaves="1" largest="1" />
    <remembered-set count="51840" freebytes="5108352" totalbytes="5315712" percent="96" regionsoverflowed="0" regionsstable="0" regionsrebuilding="0"/>
  </mem-info>
</gc-end>
<cycle-end id="789" type="partial gc" contextid="781" timestamp="2019-07-02T20:36:48.290">
  <attribute name="GC Util" value="57" />
  <attribute name="CPU Util" value="60620854017519" />
  <attribute name="Time Running"value="9482"/>
  <attribute name="Number of cores"value="4"/>
</cycle-end>
<exclusive-end id="790" timestamp="2019-07-02T20:36:48.290" durationms="6.278" />

<exclusive-start id="791" timestamp="2019-07-02T20:36:48.310" intervalms="25.696">
  <response-info timems="0.071" idlems="0.071" threads="0" lastid="000000000074D700" lastname="main" />
</exclusive-start>
<allocation-taxation id="792" taxation-threshold="39845888" timestamp="2019-07-02T20:36:48.310" intervalms="25.716" />
<cycle-start id="793" type="partial gc" contextid="0" timestamp="2019-07-02T20:36:48.310" intervalms="25.767" />
  <attribute name="GC Util" value="57" />
  <attribute name="CPU Util" value="60620854017519" />
  <attribute name="Time Running"value="9482"/>
  <attribute name="Number of cores"value="4"/>
<gc-start id="794" type="partial gc" contextid="793" timestamp="2019-07-02T20:36:48.310">
  <mem-info id="795" free="30408704" total="133169152" percent="22">
    <mem type="eden" free="1048552" total="40894464" percent="2" />
    <arraylet-primitive objects="1" leaves="1" largest="1" />
    <remembered-set count="51616" freebytes="5109248" totalbytes="5315712" percent="96" regionsoverflowed="0" regionsstable="0" regionsrebuilding="0"/>
  </mem-info>
</gc-start>
<allocation-stats totalBytes="39712960" >
  <allocated-bytes non-tlh="0" tlh="39712960" arrayletleaf="0"/>
  <largest-consumer threadName="main" threadId="000000000074D700" bytes="39712960" />
</allocation-stats>
<gc-op id="796" type="copy forward" timems="5.089" contextid="793" timestamp="2019-07-02T20:36:48.316">
  <memory-copied type="eden" objects="1" bytes="24" bytesdiscarded="0" />
  <memory-copied type="other" objects="111199" bytes="3057440" bytesdiscarded="110944" />
  <memory-cardclean objects="15021" bytes="429280" />
  <remembered-set-cleared processed="45469" cleared="8962" durationms="0.234" />
  <references type="soft" candidates="939" cleared="0" enqueued="0" dynamicThreshold="16" maxThreshold="32" />
  <references type="weak" candidates="49" cleared="0" enqueued="0" />
  <stringconstants candidates="13757" cleared="0"  />
</gc-op>
<gc-op id="797" type="classunload" timems="0.006" contextid="793" timestamp="2019-07-02T20:36:48.316">
  <classunload-info classloadercandidates="55" classloadersunloaded="0" classesunloaded="0" anonymousclassesunloaded="0" quiescems="0.000" setupms="0.004" scanms="0.000" postms="0.000" />
</gc-op>
<heap-resize id="798" type="expand" space="default" amount="23068672" count="1" timems="0.184" reason="excessive time being spent in gc" timestamp="2019-07-02T20:36:48.316" />
<gc-end id="799" type="partial gc" contextid="793" durationms="6.430" usertimems="12.000" systemtimems="0.000" timestamp="2019-07-02T20:36:48.317" activeThreads="4">
  <mem-info id="800" free="93323264" total="156237824" percent="59">
    <mem type="eden" free="1048552" total="1048576" percent="99" />
    <arraylet-primitive objects="1" leaves="1" largest="1" />
    <remembered-set count="52544" freebytes="6026368" totalbytes="6236544" percent="96" regionsoverflowed="0" regionsstable="0" regionsrebuilding="0"/>
  </mem-info>
</gc-end>
<cycle-end id="801" type="partial gc" contextid="793" timestamp="2019-07-02T20:36:48.317">
  <attribute name="GC Util" value="52" />
  <attribute name="CPU Util" value="80188243123535" />
  <attribute name="Time Running"value="9508"/>
  <attribute name="Number of cores"value="4"/>
</cycle-end>
<exclusive-end id="802" timestamp="2019-07-02T20:36:48.317" durationms="7.390" />

<exclusive-start id="803" timestamp="2019-07-02T20:36:48.339" intervalms="29.552">
  <response-info timems="0.072" idlems="0.072" threads="0" lastid="000000000074D700" lastname="main" />
</exclusive-start>
<allocation-taxation id="804" taxation-threshold="45088768" timestamp="2019-07-02T20:36:48.339" intervalms="29.565" />
<cycle-start id="805" type="partial gc" contextid="0" timestamp="2019-07-02T20:36:48.339" intervalms="29.543" />
  <attribute name="GC Util" value="52" />
  <attribute name="CPU Util" value="80188243123535" />
  <attribute name="Time Running"value="9508"/>
  <attribute name="Number of cores"value="4"/>
<gc-start id="806" type="partial gc" contextid="805" timestamp="2019-07-02T20:36:48.340">
  <mem-info id="807" free="48234496" total="156237824" percent="30">
    <mem type="eden" free="1048552" total="46137344" percent="2" />
    <arraylet-primitive objects="1" leaves="1" largest="1" />
    <remembered-set count="52096" freebytes="6028160" totalbytes="6236544" percent="96" regionsoverflowed="0" regionsstable="0" regionsrebuilding="0"/>
  </mem-info>
</gc-start>
<allocation-stats totalBytes="44938680" >
  <allocated-bytes non-tlh="0" tlh="44938680" arrayletleaf="0"/>
  <largest-consumer threadName="main" threadId="000000000074D700" bytes="44938680" />
</allocation-stats>
<gc-op id="808" type="copy forward" timems="5.554" contextid="805" timestamp="2019-07-02T20:36:48.346">
  <memory-copied type="eden" objects="1" bytes="24" bytesdiscarded="0" />
  <memory-copied type="other" objects="120065" bytes="3154600" bytesdiscarded="186184" />
  <memory-cardclean objects="23215" bytes="897008" />
  <remembered-set-cleared processed="44878" cleared="10307" durationms="0.252" />
  <references type="soft" candidates="2169" cleared="0" enqueued="0" dynamicThreshold="19" maxThreshold="32" />
  <references type="weak" candidates="113" cleared="0" enqueued="0" />
  <references type="phantom" candidates="2" cleared="0" enqueued="0" />
  <stringconstants candidates="13757" cleared="0"  />
</gc-op>
<gc-op id="809" type="classunload" timems="0.005" contextid="805" timestamp="2019-07-02T20:36:48.346">
  <classunload-info classloadercandidates="55" classloadersunloaded="0" classesunloaded="0" anonymousclassesunloaded="0" quiescems="0.000" setupms="0.005" scanms="0.000" postms="0.000" />
</gc-op>
<gc-end id="810" type="partial gc" contextid="805" durationms="6.778" usertimems="16.000" systemtimems="0.000" timestamp="2019-07-02T20:36:48.347" activeThreads="4">
  <mem-info id="811" free="95420416" total="156237824" percent="61">
    <mem type="eden" free="1048552" total="1048576" percent="99" />
    <remembered-set count="52224" freebytes="6027648" totalbytes="6236544" percent="96" regionsoverflowed="0" regionsstable="0" regionsrebuilding="0"/>
  </mem-info>
</gc-end>
<cycle-end id="812" type="partial gc" contextid="805" timestamp="2019-07-02T20:36:48.347">
  <attribute name="GC Util" value="58" />
  <attribute name="CPU Util" value="70832414377607" />
  <attribute name="Time Running"value="9537"/>
  <attribute name="Number of cores"value="4"/>
</cycle-end>
<exclusive-end id="813" timestamp="2019-07-02T20:36:48.347" durationms="7.732" />

<exclusive-start id="814" timestamp="2019-07-02T20:36:48.369" intervalms="29.736">
  <response-info timems="0.070" idlems="0.070" threads="0" lastid="000000000074D700" lastname="main" />
</exclusive-start>
<allocation-taxation id="815" taxation-threshold="45088768" timestamp="2019-07-02T20:36:48.369" intervalms="29.748" />
<cycle-start id="816" type="partial gc" contextid="0" timestamp="2019-07-02T20:36:48.369" intervalms="29.778" />
  <attribute name="GC Util" value="58" />
  <attribute name="CPU Util" value="70832414377607" />
  <attribute name="Time Running"value="9537"/>
  <attribute name="Number of cores"value="4"/>
<gc-start id="817" type="partial gc" contextid="816" timestamp="2019-07-02T20:36:48.369">
  <mem-info id="818" free="50331648" total="156237824" percent="32">
    <mem type="eden" free="1048552" total="46137344" percent="2" />
    <remembered-set count="51776" freebytes="6029440" totalbytes="6236544" percent="96" regionsoverflowed="0" regionsstable="0" regionsrebuilding="0"/>
  </mem-info>
</gc-start>
<allocation-stats totalBytes="44938704" >
  <allocated-bytes non-tlh="0" tlh="44938704" arrayletleaf="0"/>
  <largest-consumer threadName="main" threadId="000000000074D700" bytes="44938704" />
</allocation-stats>
<gc-op id="819" type="copy forward" timems="5.489" contextid="816" timestamp="2019-07-02T20:36:48.376">
  <memory-copied type="eden" objects="1" bytes="24" bytesdiscarded="0" />
  <memory-copied type="other" objects="145977" bytes="3964984" bytesdiscarded="196768" />
  <memory-cardclean objects="24581" bytes="616992" />
  <remembered-set-cleared processed="44512" cleared="10591" durationms="0.220" />
  <references type="soft" candidates="2139" cleared="0" enqueued="0" dynamicThreshold="19" maxThreshold="32" />
  <references type="weak" candidates="86" cleared="0" enqueued="0" />
  <stringconstants candidates="13757" cleared="0"  />
</gc-op>
<gc-op id="820" type="classunload" timems="0.005" contextid="816" timestamp="2019-07-02T20:36:48.376">
  <classunload-info classloadercandidates="55" classloadersunloaded="0" classesunloaded="0" anonymousclassesunloaded="0" quiescems="0.000" setupms="0.005" scanms="0.000" postms="0.000" />
</gc-op>
<gc-end id="821" type="partial gc" contextid="816" durationms="6.617" usertimems="16.000" systemtimems="0.000" timestamp="2019-07-02T20:36:48.376" activeThreads="4">
  <mem-info id="822" free="95420416" total="156237824" percent="61">
    <mem type="eden" free="1048552" total="1048576" percent="99" />
    <remembered-set count="50528" freebytes="6034432" totalbytes="6236544" percent="96" regionsoverflowed="0" regionsstable="0" regionsrebuilding="0"/>
  </mem-info>
</gc-end>
<cycle-end id="823" type="partial gc" contextid="816" timestamp="2019-07-02T20:36:48.376">
  <attribute name="GC Util" value="55" />
  <attribute name="CPU Util" value="83081839968555" />
  <attribute name="Time Running"value="9567"/>
  <attribute name="Number of cores"value="4"/>
</cycle-end>
<exclusive-end id="824" timestamp="2019-07-02T20:36:48.376" durationms="7.598" />

<exclusive-start id="825" timestamp="2019-07-02T20:36:48.401" intervalms="32.260">
  <response-info timems="0.059" idlems="0.059" threads="0" lastid="000000000074D700" lastname="main" />
</exclusive-start>
<allocation-taxation id="826" taxation-threshold="45088768" timestamp="2019-07-02T20:36:48.401" intervalms="32.208" />
<cycle-start id="827" type="partial gc" contextid="0" timestamp="2019-07-02T20:36:48.401" intervalms="32.181" />
  <attribute name="GC Util" value="55" />
  <attribute name="CPU Util" value="83081839968555" />
  <attribute name="Time Running"value="9567"/>
  <attribute name="Number of cores"value="4"/>
<gc-start id="828" type="partial gc" contextid="827" timestamp="2019-07-02T20:36:48.402">
  <mem-info id="829" free="50331648" total="156237824" percent="32">
    <mem type="eden" free="1048552" total="46137344" percent="2" />
    <remembered-set count="50400" freebytes="6034944" totalbytes="6236544" percent="96" regionsoverflowed="0" regionsstable="0" regionsrebuilding="0"/>
  </mem-info>
</gc-start>
<allocation-stats totalBytes="44914632" >
  <allocated-bytes non-tlh="0" tlh="44914632" arrayletleaf="0"/>
  <largest-consumer threadName="main" threadId="000000000074D700" bytes="44914632" />
</allocation-stats>
<gc-op id="830" type="copy forward" timems="4.438" contextid="827" timestamp="2019-07-02T20:36:48.407">
  <memory-copied type="eden" objects="27" bytes="1920" bytesdiscarded="1080" />
  <memory-copied type="other" objects="96200" bytes="2601008" bytesdiscarded="136144" />
  <memory-cardclean objects="14112" bytes="653584" />
  <remembered-set-cleared processed="44567" cleared="8619" durationms="0.241" />
  <finalization candidates="1" enqueued="0" />
  <references type="soft" candidates="145" cleared="0" enqueued="0" dynamicThreshold="19" maxThreshold="32" />
  <references type="weak" candidates="75" cleared="0" enqueued="0" />
  <references type="phantom" candidates="2" cleared="0" enqueued="0" />
  <stringconstants candidates="13757" cleared="0"  />
</gc-op>
<gc-op id="831" type="classunload" timems="0.005" contextid="827" timestamp="2019-07-02T20:36:48.407">
  <classunload-info classloadercandidates="55" classloadersunloaded="0" classesunloaded="0" anonymousclassesunloaded="0" quiescems="0.000" setupms="0.005" scanms="0.000" postms="0.000" />
</gc-op>
<gc-end id="832" type="partial gc" contextid="827" durationms="5.597" usertimems="8.000" systemtimems="0.000" timestamp="2019-07-02T20:36:48.407" activeThreads="4">
  <mem-info id="833" free="95420416" total="156237824" percent="61">
    <mem type="eden" free="1045576" total="1048576" percent="99" />
    <remembered-set count="51776" freebytes="6029440" totalbytes="6236544" percent="96" regionsoverflowed="0" regionsstable="0" regionsrebuilding="0"/>
  </mem-info>
</gc-end>
<cycle-end id="834" type="partial gc" contextid="827" timestamp="2019-07-02T20:36:48.407">
  <attribute name="GC Util" value="60" />
  <attribute name="CPU Util" value="73619418238143" />
  <attribute name="Time Running"value="9599"/>
  <attribute name="Number of cores"value="4"/>
</cycle-end>
<exclusive-end id="835" timestamp="2019-07-02T20:36:48.408" durationms="6.494" />

<exclusive-start id="836" timestamp="2019-07-02T20:36:48.434" intervalms="32.484">
  <response-info timems="0.070" idlems="0.070" threads="0" lastid="000000000074D700" lastname="main" />
</exclusive-start>
<allocation-taxation id="837" taxation-threshold="45088768" timestamp="2019-07-02T20:36:48.434" intervalms="32.519" />
<cycle-start id="838" type="partial gc" contextid="0" timestamp="2019-07-02T20:36:48.434" intervalms="32.523" />
  <attribute name="GC Util" value="60" />
  <attribute name="CPU Util" value="73619418238143" />
  <attribute name="Time Running"value="9599"/>
  <attribute name="Number of cores"value="4"/>
<gc-start id="839" type="partial gc" contextid="838" timestamp="2019-07-02T20:36:48.434">
  <mem-info id="840" free="50331648" total="156237824" percent="32">
    <mem type="eden" free="0" total="45088768" percent="0" />
    <remembered-set count="51296" freebytes="6031360" totalbytes="6236544" percent="96" regionsoverflowed="0" regionsstable="0" regionsrebuilding="0"/>
  </mem-info>
</gc-start>
<allocation-stats totalBytes="44788800" >
  <allocated-bytes non-tlh="0" tlh="44788800" arrayletleaf="0"/>
  <largest-consumer threadName="main" threadId="000000000074D700" bytes="44788800" />
</allocation-stats>
<gc-op id="841" type="copy forward" timems="5.420" contextid="838" timestamp="2019-07-02T20:36:48.440">
  <memory-copied type="eden" objects="0" bytes="0" bytesdiscarded="0" />
  <memory-copied type="other" objects="130429" bytes="3189800" bytesdiscarded="146008" />
  <memory-cardclean objects="16556" bytes="840272" />
  <remembered-set-cleared processed="44603" cleared="9403" durationms="0.227" />
  <stringconstants candidates="13757" cleared="0"  />
</gc-op>
<gc-op id="842" type="classunload" timems="0.005" contextid="838" timestamp="2019-07-02T20:36:48.441">
  <classunload-info classloadercandidates="55" classloadersunloaded="0" classesunloaded="0" anonymousclassesunloaded="0" quiescems="0.000" setupms="0.005" scanms="0.000" postms="0.000" />
</gc-op>
<gc-end id="843" type="partial gc" contextid="838" durationms="6.625" usertimems="16.000" systemtimems="0.000" timestamp="2019-07-02T20:36:48.441" activeThreads="4">
  <mem-info id="844" free="95420416" total="156237824" percent="61">
    <remembered-set count="51520" freebytes="6030464" totalbytes="6236544" percent="96" regionsoverflowed="0" regionsstable="0" regionsrebuilding="0"/>
  </mem-info>
</gc-end>
<cycle-end id="845" type="partial gc" contextid="838" timestamp="2019-07-02T20:36:48.441">
  <attribute name="GC Util" value="56" />
  <attribute name="CPU Util" value="70253773264288" />
  <attribute name="Time Running"value="9632"/>
  <attribute name="Number of cores"value="4"/>
</cycle-end>
<exclusive-end id="846" timestamp="2019-07-02T20:36:48.441" durationms="7.532" />

<exclusive-start id="847" timestamp="2019-07-02T20:36:48.463" intervalms="29.412">
  <response-info timems="0.087" idlems="0.087" threads="0" lastid="000000000074D700" lastname="main" />
</exclusive-start>
<allocation-taxation id="848" taxation-threshold="45088768" timestamp="2019-07-02T20:36:48.463" intervalms="29.441" />
<cycle-start id="849" type="partial gc" contextid="0" timestamp="2019-07-02T20:36:48.463" intervalms="29.438" />
  <attribute name="GC Util" value="56" />
  <attribute name="CPU Util" value="70253773264288" />
  <attribute name="Time Running"value="9632"/>
  <attribute name="Number of cores"value="4"/>
<gc-start id="850" type="partial gc" contextid="849" timestamp="2019-07-02T20:36:48.464">
  <mem-info id="851" free="50331648" total="156237824" percent="32">
    <mem type="eden" free="0" total="45088768" percent="0" />
    <remembered-set count="51168" freebytes="6031872" totalbytes="6236544" percent="96" regionsoverflowed="0" regionsstable="0" regionsrebuilding="0"/>
  </mem-info>
</gc-start>
<allocation-stats totalBytes="44805120" >
  <allocated-bytes non-tlh="0" tlh="44805120" arrayletleaf="0"/>
  <largest-consumer threadName="main" threadId="000000000074D700" bytes="44805120" />
</allocation-stats>
<gc-op id="852" type="copy forward" timems="5.076" contextid="849" timestamp="2019-07-02T20:36:48.470">
  <memory-copied type="eden" objects="1" bytes="24" bytesdiscarded="0" />
  <memory-copied type="other" objects="130041" bytes="3198016" bytesdiscarded="143464" />
  <memory-cardclean objects="22948" bytes="946368" />
  <remembered-set-cleared processed="44702" cleared="9268" durationms="0.231" />
  <references type="weak" candidates="6" cleared="0" enqueued="0" />
  <stringconstants candidates="13757" cleared="0"  />
</gc-op>
<gc-op id="853" type="classunload" timems="0.005" contextid="849" timestamp="2019-07-02T20:36:48.470">
  <classunload-info classloadercandidates="55" classloadersunloaded="0" classesunloaded="0" anonymousclassesunloaded="0" quiescems="0.000" setupms="0.005" scanms="0.000" postms="0.000" />
</gc-op>
<gc-end id="854" type="partial gc" contextid="849" durationms="6.229" usertimems="16.000" systemtimems="0.000" timestamp="2019-07-02T20:36:48.470" activeThreads="4">
  <mem-info id="855" free="94371840" total="156237824" percent="60">
    <mem type="eden" free="1048552" total="1048576" percent="99" />
    <remembered-set count="51296" freebytes="6031360" totalbytes="6236544" percent="96" regionsoverflowed="0" regionsstable="0" regionsrebuilding="0"/>
  </mem-info>
</gc-end>
<cycle-end id="856" type="partial gc" contextid="849" timestamp="2019-07-02T20:36:48.470">
  <attribute name="GC Util" value="46" />
  <attribute name="CPU Util" value="66493443223287" />
  <attribute name="Time Running"value="9661"/>
  <attribute name="Number of cores"value="4"/>
</cycle-end>
<exclusive-end id="857" timestamp="2019-07-02T20:36:48.470" durationms="7.194" />

<exclusive-start id="858" timestamp="2019-07-02T20:36:48.492" intervalms="28.977">
  <response-info timems="0.071" idlems="0.071" threads="0" lastid="000000000074D700" lastname="main" />
</exclusive-start>
<allocation-taxation id="859" taxation-threshold="45088768" timestamp="2019-07-02T20:36:48.492" intervalms="28.966" />
<cycle-start id="860" type="partial gc" contextid="0" timestamp="2019-07-02T20:36:48.492" intervalms="28.957" />
  <attribute name="GC Util" value="46" />
  <attribute name="CPU Util" value="66493443223287" />
  <attribute name="Time Running"value="9661"/>
  <attribute name="Number of cores"value="4"/>
<gc-start id="861" type="partial gc" contextid="860" timestamp="2019-07-02T20:36:48.493">
  <mem-info id="862" free="49283072" total="156237824" percent="31">
    <mem type="eden" free="1048552" total="46137344" percent="2" />
    <remembered-set count="51264" freebytes="6031488" totalbytes="6236544" percent="96" regionsoverflowed="0" regionsstable="0" regionsrebuilding="0"/>
  </mem-info>
</gc-start>
<allocation-stats totalBytes="44806128" >
  <allocated-bytes non-tlh="0" tlh="44806128" arrayletleaf="0"/>
  <largest-consumer threadName="main" threadId="000000000074D700" bytes="44806128" />
</allocation-stats>
<gc-op id="863" type="copy forward" timems="4.716" contextid="860" timestamp="2019-07-02T20:36:48.498">
  <memory-copied type="eden" objects="1" bytes="24" bytesdiscarded="0" />
  <memory-copied type="other" objects="114669" bytes="2932056" bytesdiscarded="121552" />
  <memory-cardclean objects="20707" bytes="803168" />
  <remembered-set-cleared processed="44934" cleared="8623" durationms="0.222" />
  <references type="weak" candidates="3" cleared="0" enqueued="0" />
  <stringconstants candidates="13757" cleared="0"  />
</gc-op>
<gc-op id="864" type="classunload" timems="0.005" contextid="860" timestamp="2019-07-02T20:36:48.498">
  <classunload-info classloadercandidates="55" classloadersunloaded="0" classesunloaded="0" anonymousclassesunloaded="0" quiescems="0.000" setupms="0.005" scanms="0.000" postms="0.000" />
</gc-op>
<gc-end id="865" type="partial gc" contextid="860" durationms="5.800" usertimems="12.000" systemtimems="0.000" timestamp="2019-07-02T20:36:48.498" activeThreads="4">
  <mem-info id="866" free="94371840" total="156237824" percent="60">
    <mem type="eden" free="1048552" total="1048576" percent="99" />
    <remembered-set count="51808" freebytes="6029312" totalbytes="6236544" percent="96" regionsoverflowed="0" regionsstable="0" regionsrebuilding="0"/>
  </mem-info>
</gc-end>
<cycle-end id="867" type="partial gc" contextid="860" timestamp="2019-07-02T20:36:48.499">
  <attribute name="GC Util" value="70" />
  <attribute name="CPU Util" value="63346900105352" />
  <attribute name="Time Running"value="9690"/>
  <attribute name="Number of cores"value="4"/>
</cycle-end>
<exclusive-end id="868" timestamp="2019-07-02T20:36:48.499" durationms="6.684" />

<exclusive-start id="869" timestamp="2019-07-02T20:36:48.532" intervalms="39.725">
  <response-info timems="0.071" idlems="0.071" threads="0" lastid="000000000074D700" lastname="main" />
</exclusive-start>
<allocation-taxation id="870" taxation-threshold="45088768" timestamp="2019-07-02T20:36:48.532" intervalms="39.708" />
<cycle-start id="871" type="partial gc" contextid="0" timestamp="2019-07-02T20:36:48.532" intervalms="39.729" />
  <attribute name="GC Util" value="70" />
  <attribute name="CPU Util" value="63346900105352" />
  <attribute name="Time Running"value="9690"/>
  <attribute name="Number of cores"value="4"/>
<gc-start id="872" type="partial gc" contextid="871" timestamp="2019-07-02T20:36:48.532">
  <mem-info id="873" free="49283072" total="156237824" percent="31">
    <mem type="eden" free="1048552" total="46137344" percent="2" />
    <remembered-set count="51616" freebytes="6030080" totalbytes="6236544" percent="96" regionsoverflowed="0" regionsstable="0" regionsrebuilding="0"/>
  </mem-info>
</gc-start>
<allocation-stats totalBytes="45076760" >
  <allocated-bytes non-tlh="0" tlh="45076760" arrayletleaf="0"/>
  <largest-consumer threadName="main" threadId="000000000074D700" bytes="45076760" />
</allocation-stats>
<gc-op id="874" type="copy forward" timems="4.761" contextid="871" timestamp="2019-07-02T20:36:48.538">
  <memory-copied type="eden" objects="163" bytes="5368" bytesdiscarded="696" />
  <memory-copied type="other" objects="120366" bytes="3101256" bytesdiscarded="147456" />
  <memory-cardclean objects="25730" bytes="895248" />
  <remembered-set-cleared processed="44251" cleared="9096" durationms="0.244" />
  <stringconstants candidates="13757" cleared="0"  />
</gc-op>
<gc-op id="875" type="classunload" timems="0.005" contextid="871" timestamp="2019-07-02T20:36:48.538">
  <classunload-info classloadercandidates="55" classloadersunloaded="0" classesunloaded="0" anonymousclassesunloaded="0" quiescems="0.000" setupms="0.005" scanms="0.000" postms="0.000" />
</gc-op>
<gc-end id="876" type="partial gc" contextid="871" durationms="5.879" usertimems="12.000" systemtimems="0.000" timestamp="2019-07-02T20:36:48.538" activeThreads="4">
  <mem-info id="877" free="94371840" total="156237824" percent="60">
    <mem type="eden" free="1042512" total="1048576" percent="99" />
    <remembered-set count="51392" freebytes="6030976" totalbytes="6236544" percent="96" regionsoverflowed="0" regionsstable="0" regionsrebuilding="0"/>
  </mem-info>
</gc-end>
<cycle-end id="878" type="partial gc" contextid="871" timestamp="2019-07-02T20:36:48.538">
  <attribute name="GC Util" value="39" />
  <attribute name="CPU Util" value="61983985498434" />
  <attribute name="Time Running"value="9730"/>
  <attribute name="Number of cores"value="4"/>
</cycle-end>
<exclusive-end id="879" timestamp="2019-07-02T20:36:48.539" durationms="6.805" />

<exclusive-start id="880" timestamp="2019-07-02T20:36:48.684" intervalms="152.491">
  <response-info timems="0.058" idlems="0.058" threads="0" lastid="000000000074D700" lastname="main" />
</exclusive-start>
<allocation-taxation id="881" taxation-threshold="45088768" timestamp="2019-07-02T20:36:48.684" intervalms="152.561" />
<cycle-start id="882" type="partial gc" contextid="0" timestamp="2019-07-02T20:36:48.685" intervalms="152.576" />
  <attribute name="GC Util" value="39" />
  <attribute name="CPU Util" value="61983985498434" />
  <attribute name="Time Running"value="9730"/>
  <attribute name="Number of cores"value="4"/>
<gc-start id="883" type="partial gc" contextid="882" timestamp="2019-07-02T20:36:48.685">
  <mem-info id="884" free="49283072" total="156237824" percent="31">
    <mem type="eden" free="0" total="45088768" percent="0" />
    <remembered-set count="51232" freebytes="6031616" totalbytes="6236544" percent="96" regionsoverflowed="0" regionsstable="0" regionsrebuilding="0"/>
  </mem-info>
</gc-start>
<allocation-stats totalBytes="45082792" >
  <allocated-bytes non-tlh="0" tlh="45082792" arrayletleaf="0"/>
  <largest-consumer threadName="main" threadId="000000000074D700" bytes="45082792" />
</allocation-stats>
<gc-op id="885" type="copy forward" timems="6.153" contextid="882" timestamp="2019-07-02T20:36:48.692">
  <memory-copied type="eden" objects="241" bytes="7864" bytesdiscarded="1064" />
  <memory-copied type="other" objects="128211" bytes="3518928" bytesdiscarded="182328" />
  <memory-cardclean objects="20101" bytes="520240" />
  <remembered-set-cleared processed="44685" cleared="9888" durationms="0.241" />
  <references type="soft" candidates="2139" cleared="0" enqueued="0" dynamicThreshold="19" maxThreshold="32" />
  <references type="weak" candidates="123" cleared="0" enqueued="0" />
  <stringconstants candidates="13757" cleared="0"  />
</gc-op>
<gc-op id="886" type="classunload" timems="0.006" contextid="882" timestamp="2019-07-02T20:36:48.692">
  <classunload-info classloadercandidates="55" classloadersunloaded="0" classesunloaded="0" anonymousclassesunloaded="0" quiescems="0.000" setupms="0.006" scanms="0.000" postms="0.000" />
</gc-op>
<gc-end id="887" type="partial gc" contextid="882" durationms="7.316" usertimems="16.000" systemtimems="0.000" timestamp="2019-07-02T20:36:48.692" activeThreads="4">
  <mem-info id="888" free="93323264" total="156237824" percent="59">
    <mem type="eden" free="1039600" total="1048576" percent="99" />
    <remembered-set count="50720" freebytes="6033664" totalbytes="6236544" percent="96" regionsoverflowed="0" regionsstable="0" regionsrebuilding="0"/>
  </mem-info>
</gc-end>
<cycle-end id="889" type="partial gc" contextid="882" timestamp="2019-07-02T20:36:48.692">
  <attribute name="GC Util" value="56" />
  <attribute name="CPU Util" value="65689087995989" />
  <attribute name="Time Running"value="9882"/>
  <attribute name="Number of cores"value="4"/>
</cycle-end>
<exclusive-end id="890" timestamp="2019-07-02T20:36:48.693" durationms="8.488" />

<exclusive-start id="891" timestamp="2019-07-02T20:36:48.748" intervalms="63.317">
  <response-info timems="0.086" idlems="0.086" threads="0" lastid="000000000074D700" lastname="main" />
</exclusive-start>
<allocation-taxation id="892" taxation-threshold="45088768" timestamp="2019-07-02T20:36:48.748" intervalms="63.310" />
<cycle-start id="893" type="partial gc" contextid="0" timestamp="2019-07-02T20:36:48.748" intervalms="63.315" />
  <attribute name="GC Util" value="56" />
  <attribute name="CPU Util" value="65689087995989" />
  <attribute name="Time Running"value="9882"/>
  <attribute name="Number of cores"value="4"/>
<gc-start id="894" type="partial gc" contextid="893" timestamp="2019-07-02T20:36:48.748">
  <mem-info id="895" free="48234496" total="156237824" percent="30">
    <mem type="eden" free="0" total="45088768" percent="0" />
    <remembered-set count="50656" freebytes="6033920" totalbytes="6236544" percent="96" regionsoverflowed="0" regionsstable="0" regionsrebuilding="0"/>
  </mem-info>
</gc-start>
<allocation-stats totalBytes="45062952" >
  <allocated-bytes non-tlh="0" tlh="45062952" arrayletleaf="0"/>
  <largest-consumer threadName="main" threadId="000000000074D700" bytes="45062952" />
</allocation-stats>
<gc-op id="896" type="copy forward" timems="6.590" contextid="893" timestamp="2019-07-02T20:36:48.756">
  <memory-copied type="eden" objects="23" bytes="712" bytesdiscarded="0" />
  <memory-copied type="other" objects="151729" bytes="3973384" bytesdiscarded="177464" />
  <memory-cardclean objects="22177" bytes="712680" />
  <remembered-set-cleared processed="44170" cleared="11095" durationms="0.233" />
  <references type="soft" candidates="2139" cleared="0" enqueued="0" dynamicThreshold="19" maxThreshold="32" />
  <references type="weak" candidates="117" cleared="7" enqueued="3" />
  <stringconstants candidates="13757" cleared="0"  />
</gc-op>
<gc-op id="897" type="classunload" timems="0.006" contextid="893" timestamp="2019-07-02T20:36:48.756">
  <classunload-info classloadercandidates="55" classloadersunloaded="0" classesunloaded="0" anonymousclassesunloaded="0" quiescems="0.000" setupms="0.006" scanms="0.000" postms="0.000" />
</gc-op>
<gc-end id="898" type="partial gc" contextid="893" durationms="7.853" usertimems="20.000" systemtimems="0.000" timestamp="2019-07-02T20:36:48.756" activeThreads="4">
  <mem-info id="899" free="92274688" total="156237824" percent="59">
    <mem type="eden" free="1047864" total="1048576" percent="99" />
    <pending-finalizers system="0" default="0" reference="3" classloader="0" />
    <remembered-set count="51776" freebytes="6029440" totalbytes="6236544" percent="96" regionsoverflowed="0" regionsstable="0" regionsrebuilding="0"/>
  </mem-info>
</gc-end>
<cycle-end id="900" type="partial gc" contextid="893" timestamp="2019-07-02T20:36:48.756">
  <attribute name="GC Util" value="63" />
  <attribute name="CPU Util" value="66607969095957" />
  <attribute name="Time Running"value="9946"/>
  <attribute name="Number of cores"value="4"/>
</cycle-end>
<exclusive-end id="901" timestamp="2019-07-02T20:36:48.757" durationms="9.008" />

<exclusive-start id="902" timestamp="2019-07-02T20:36:48.801" intervalms="53.417">
  <response-info timems="0.086" idlems="0.086" threads="0" lastid="000000000074D700" lastname="main" />
</exclusive-start>
<allocation-taxation id="903" taxation-threshold="45088768" timestamp="2019-07-02T20:36:48.801" intervalms="53.381" />
<cycle-start id="904" type="partial gc" contextid="0" timestamp="2019-07-02T20:36:48.801" intervalms="53.351" />
  <attribute name="GC Util" value="63" />
  <attribute name="CPU Util" value="66607969095957" />
  <attribute name="Time Running"value="9946"/>
  <attribute name="Number of cores"value="4"/>
<gc-start id="905" type="partial gc" contextid="904" timestamp="2019-07-02T20:36:48.802">
  <mem-info id="906" free="47185920" total="156237824" percent="30">
    <mem type="eden" free="0" total="45088768" percent="0" />
    <remembered-set count="50976" freebytes="6032640" totalbytes="6236544" percent="96" regionsoverflowed="0" regionsstable="1" regionsrebuilding="0"/>
  </mem-info>
</gc-start>
<allocation-stats totalBytes="45065704" >
  <allocated-bytes non-tlh="0" tlh="45065704" arrayletleaf="0"/>
  <largest-consumer threadName="main" threadId="000000000074D700" bytes="45061608" />
</allocation-stats>
<gc-op id="907" type="copy forward" timems="5.366" contextid="904" timestamp="2019-07-02T20:36:48.808">
  <memory-copied type="eden" objects="6" bytes="744" bytesdiscarded="0" />
  <memory-copied type="other" objects="120084" bytes="3367072" bytesdiscarded="222592" />
  <memory-cardclean objects="22445" bytes="600696" />
  <remembered-set-cleared processed="44106" cleared="9293" durationms="0.224" />
  <references type="soft" candidates="2139" cleared="0" enqueued="0" dynamicThreshold="18" maxThreshold="32" />
  <references type="weak" candidates="75" cleared="0" enqueued="0" />
  <stringconstants candidates="13757" cleared="0"  />
</gc-op>
<gc-op id="908" type="classunload" timems="0.005" contextid="904" timestamp="2019-07-02T20:36:48.808">
  <classunload-info classloadercandidates="55" classloadersunloaded="0" classesunloaded="0" anonymousclassesunloaded="0" quiescems="0.000" setupms="0.005" scanms="0.000" postms="0.000" />
</gc-op>
<gc-end id="909" type="partial gc" contextid="904" durationms="6.481" usertimems="12.000" systemtimems="0.000" timestamp="2019-07-02T20:36:48.808" activeThreads="4">
  <mem-info id="910" free="91226112" total="156237824" percent="58">
    <mem type="eden" free="1047832" total="1048576" percent="99" />
    <remembered-set count="50592" freebytes="6034176" totalbytes="6236544" percent="96" regionsoverflowed="0" regionsstable="1" regionsrebuilding="0"/>
  </mem-info>
</gc-end>
<cycle-end id="911" type="partial gc" contextid="904" timestamp="2019-07-02T20:36:48.808">
  <attribute name="GC Util" value="56" />
  <attribute name="CPU Util" value="75442485904984" />
  <attribute name="Time Running"value="9999"/>
  <attribute name="Number of cores"value="4"/>
</cycle-end>
<exclusive-end id="912" timestamp="2019-07-02T20:36:48.808" durationms="7.437" />

<exclusive-start id="913" timestamp="2019-07-02T20:36:48.857" intervalms="56.405">
  <response-info timems="0.070" idlems="0.070" threads="0" lastid="000000000074D700" lastname="main" />
</exclusive-start>
<allocation-taxation id="914" taxation-threshold="45088768" timestamp="2019-07-02T20:36:48.858" intervalms="56.385" />
<cycle-start id="915" type="partial gc" contextid="0" timestamp="2019-07-02T20:36:48.858" intervalms="56.379" />
  <attribute name="GC Util" value="56" />
  <attribute name="CPU Util" value="75442485904984" />
  <attribute name="Time Running"value="9999"/>
  <attribute name="Number of cores"value="4"/>
<gc-start id="916" type="partial gc" contextid="915" timestamp="2019-07-02T20:36:48.858">
  <mem-info id="917" free="46137344" total="156237824" percent="29">
    <mem type="eden" free="0" total="45088768" percent="0" />
    <remembered-set count="50080" freebytes="6036224" totalbytes="6236544" percent="96" regionsoverflowed="0" regionsstable="2" regionsrebuilding="0"/>
  </mem-info>
</gc-start>
<allocation-stats totalBytes="45062016" >
  <allocated-bytes non-tlh="0" tlh="45062016" arrayletleaf="0"/>
  <largest-consumer threadName="main" threadId="000000000074D700" bytes="45062016" />
</allocation-stats>
<gc-op id="918" type="copy forward" timems="4.298" contextid="915" timestamp="2019-07-02T20:36:48.863">
  <memory-copied type="eden" objects="28" bytes="1120" bytesdiscarded="0" />
  <memory-copied type="other" objects="95363" bytes="2543056" bytesdiscarded="100928" />
  <memory-cardclean objects="13772" bytes="519296" />
  <remembered-set-cleared processed="44311" cleared="6861" durationms="0.246" />
  <references type="soft" candidates="818" cleared="0" enqueued="0" dynamicThreshold="18" maxThreshold="32" />
  <references type="weak" candidates="78" cleared="0" enqueued="0" />
  <stringconstants candidates="13757" cleared="0"  />
</gc-op>
<gc-op id="919" type="classunload" timems="0.004" contextid="915" timestamp="2019-07-02T20:36:48.863">
  <classunload-info classloadercandidates="55" classloadersunloaded="0" classesunloaded="0" anonymousclassesunloaded="0" quiescems="0.000" setupms="0.004" scanms="0.000" postms="0.000" />
</gc-op>
<heap-resize id="920" type="expand" space="default" amount="9437184" count="1" timems="0.111" reason="excessive time being spent in gc" timestamp="2019-07-02T20:36:48.864" />
<gc-end id="921" type="partial gc" contextid="915" durationms="5.756" usertimems="12.000" systemtimems="0.000" timestamp="2019-07-02T20:36:48.864" activeThreads="4">
  <mem-info id="922" free="99614720" total="165675008" percent="60">
    <mem type="eden" free="1047456" total="1048576" percent="99" />
    <remembered-set count="49632" freebytes="6414720" totalbytes="6613248" percent="96" regionsoverflowed="0" regionsstable="2" regionsrebuilding="0"/>
  </mem-info>
</gc-end>
<cycle-end id="923" type="partial gc" contextid="915" timestamp="2019-07-02T20:36:48.864">
  <attribute name="GC Util" value="55" />
  <attribute name="CPU Util" value="71163051937716" />
  <attribute name="Time Running"value="10055"/>
  <attribute name="Number of cores"value="4"/>
</cycle-end>
<exclusive-end id="924" timestamp="2019-07-02T20:36:48.864" durationms="6.769" />

<exclusive-start id="925" timestamp="2019-07-02T20:36:48.943" intervalms="85.159">
  <response-info timems="0.096" idlems="0.096" threads="0" lastid="000000000074D700" lastname="main" />
</exclusive-start>
<allocation-taxation id="926" taxation-threshold="47185920" timestamp="2019-07-02T20:36:48.943" intervalms="85.228" />
<cycle-start id="927" type="partial gc" contextid="0" timestamp="2019-07-02T20:36:48.943" intervalms="85.234" />
  <attribute name="GC Util" value="55" />
  <attribute name="CPU Util" value="71163051937716" />
  <attribute name="Time Running"value="10055"/>
  <attribute name="Number of cores"value="4"/>
<gc-start id="928" type="partial gc" contextid="927" timestamp="2019-07-02T20:36:48.943">
  <mem-info id="929" free="52428800" total="165675008" percent="31">
    <mem type="eden" free="0" total="47185920" percent="0" />
    <remembered-set count="49088" freebytes="6416896" totalbytes="6613248" percent="97" regionsoverflowed="0" regionsstable="3" regionsrebuilding="0"/>
  </mem-info>
</gc-start>
<allocation-stats totalBytes="47158008" >
  <allocated-bytes non-tlh="0" tlh="47158008" arrayletleaf="0"/>
  <largest-consumer threadName="main" threadId="000000000074D700" bytes="47158008" />
</allocation-stats>
<gc-op id="930" type="copy forward" timems="2.139" contextid="927" timestamp="2019-07-02T20:36:48.946">
  <memory-copied type="eden" objects="46" bytes="1912" bytesdiscarded="0" />
  <memory-copied type="other" objects="18946" bytes="429704" bytesdiscarded="29712" />
  <memory-cardclean objects="2635" bytes="198904" />
  <remembered-set-cleared processed="44534" cleared="1180" durationms="0.223" />
  <stringconstants candidates="13757" cleared="0"  />
</gc-op>
<gc-op id="931" type="classunload" timems="0.004" contextid="927" timestamp="2019-07-02T20:36:48.946">
  <classunload-info classloadercandidates="55" classloadersunloaded="0" classesunloaded="0" anonymousclassesunloaded="0" quiescems="0.000" setupms="0.004" scanms="0.000" postms="0.000" />
</gc-op>
<gc-end id="932" type="partial gc" contextid="927" durationms="3.267" usertimems="4.000" systemtimems="0.000" timestamp="2019-07-02T20:36:48.946" activeThreads="4">
  <mem-info id="933" free="98566144" total="165675008" percent="59">
    <mem type="eden" free="1046664" total="1048576" percent="99" />
    <remembered-set count="49120" freebytes="6416768" totalbytes="6613248" percent="97" regionsoverflowed="0" regionsstable="3" regionsrebuilding="0"/>
  </mem-info>
</gc-end>
<cycle-end id="934" type="partial gc" contextid="927" timestamp="2019-07-02T20:36:48.947">
  <attribute name="GC Util" value="59" />
  <attribute name="CPU Util" value="73393002347488" />
  <attribute name="Time Running"value="10141"/>
  <attribute name="Number of cores"value="4"/>
</cycle-end>
<exclusive-end id="935" timestamp="2019-07-02T20:36:48.947" durationms="4.337" />

<exclusive-start id="936" timestamp="2019-07-02T20:36:49.536" intervalms="593.837">
  <response-info timems="0.094" idlems="0.094" threads="0" lastid="000000000074D700" lastname="main" />
</exclusive-start>
<allocation-taxation id="937" taxation-threshold="47185920" timestamp="2019-07-02T20:36:49.537" intervalms="593.827" />
<cycle-start id="938" type="partial gc" contextid="0" timestamp="2019-07-02T20:36:49.537" intervalms="593.810" />
  <attribute name="GC Util" value="59" />
  <attribute name="CPU Util" value="73393002347488" />
  <attribute name="Time Running"value="10141"/>
  <attribute name="Number of cores"value="4"/>
<gc-start id="939" type="partial gc" contextid="938" timestamp="2019-07-02T20:36:49.537">
  <mem-info id="940" free="51380224" total="165675008" percent="31">
    <mem type="eden" free="0" total="47185920" percent="0" />
    <remembered-set count="48320" freebytes="6419968" totalbytes="6613248" percent="97" regionsoverflowed="0" regionsstable="4" regionsrebuilding="0"/>
  </mem-info>
</gc-start>
<allocation-stats totalBytes="45655400" >
  <allocated-bytes non-tlh="0" tlh="45655400" arrayletleaf="0"/>
  <largest-consumer threadName="main" threadId="000000000074D700" bytes="45655400" />
</allocation-stats>
<gc-op id="941" type="copy forward" timems="3.362" contextid="938" timestamp="2019-07-02T20:36:49.541">
  <memory-copied type="eden" objects="74" bytes="39824" bytesdiscarded="0" />
  <memory-copied type="other" objects="36921" bytes="1022296" bytesdiscarded="50464" />
  <memory-cardclean objects="3110" bytes="91144" />
  <remembered-set-cleared processed="44123" cleared="2378" durationms="0.231" />
  <references type="soft" candidates="2139" cleared="0" enqueued="0" dynamicThreshold="19" maxThreshold="32" />
  <references type="weak" candidates="80" cleared="0" enqueued="0" />
  <stringconstants candidates="13757" cleared="0"  />
</gc-op>
<gc-op id="942" type="classunload" timems="0.008" contextid="938" timestamp="2019-07-02T20:36:49.541">
  <classunload-info classloadercandidates="55" classloadersunloaded="0" classesunloaded="0" anonymousclassesunloaded="0" quiescems="0.000" setupms="0.008" scanms="0.000" postms="0.000" />
</gc-op>
<gc-end id="943" type="partial gc" contextid="938" durationms="4.616" usertimems="4.000" systemtimems="0.000" timestamp="2019-07-02T20:36:49.542" activeThreads="4">
  <mem-info id="944" free="97517568" total="165675008" percent="58">
    <mem type="eden" free="1008752" total="1048576" percent="96" />
    <remembered-set count="48864" freebytes="6417792" totalbytes="6613248" percent="97" regionsoverflowed="0" regionsstable="4" regionsrebuilding="0"/>
  </mem-info>
</gc-end>
<cycle-end id="945" type="partial gc" contextid="938" timestamp="2019-07-02T20:36:49.542">
  <attribute name="GC Util" value="54" />
  <attribute name="CPU Util" value="66046817361727" />
  <attribute name="Time Running"value="10735"/>
  <attribute name="Number of cores"value="4"/>
</cycle-end>
<exclusive-end id="946" timestamp="2019-07-02T20:36:49.542" durationms="5.622" />

<exclusive-start id="947" timestamp="2019-07-02T20:36:49.968" intervalms="431.561">
  <response-info timems="0.086" idlems="0.086" threads="0" lastid="000000000074D700" lastname="main" />
</exclusive-start>
<allocation-taxation id="948" taxation-threshold="47185920" timestamp="2019-07-02T20:36:49.968" intervalms="431.607" />
<cycle-start id="949" type="partial gc" contextid="0" timestamp="2019-07-02T20:36:49.968" intervalms="431.639" />
  <attribute name="GC Util" value="54" />
  <attribute name="CPU Util" value="66046817361727" />
  <attribute name="Time Running"value="10735"/>
  <attribute name="Number of cores"value="4"/>
<gc-start id="950" type="partial gc" contextid="949" timestamp="2019-07-02T20:36:49.969">
  <mem-info id="951" free="50331648" total="165675008" percent="30">
    <mem type="eden" free="0" total="47185920" percent="0" />
    <remembered-set count="48096" freebytes="6420864" totalbytes="6613248" percent="97" regionsoverflowed="0" regionsstable="5" regionsrebuilding="0"/>
  </mem-info>
</gc-start>
<allocation-stats totalBytes="47180056" >
  <allocated-bytes non-tlh="32" tlh="47180024" arrayletleaf="0"/>
  <largest-consumer threadName="main" threadId="000000000074D700" bytes="47180056" />
</allocation-stats>
<gc-op id="952" type="copy forward" timems="2.026" contextid="949" timestamp="2019-07-02T20:36:49.972">
  <memory-copied type="eden" objects="86" bytes="2608" bytesdiscarded="0" />
  <memory-copied type="other" objects="5456" bytes="144120" bytesdiscarded="9672" />
  <memory-cardclean objects="1873" bytes="49120" />
  <remembered-set-cleared processed="43988" cleared="910" durationms="0.253" />
  <references type="soft" candidates="2022" cleared="0" enqueued="0" dynamicThreshold="18" maxThreshold="32" />
  <stringconstants candidates="13758" cleared="0"  />
</gc-op>
<gc-op id="953" type="classunload" timems="0.004" contextid="949" timestamp="2019-07-02T20:36:49.972">
  <classunload-info classloadercandidates="55" classloadersunloaded="0" classesunloaded="0" anonymousclassesunloaded="0" quiescems="0.000" setupms="0.004" scanms="0.000" postms="0.000" />
</gc-op>
<heap-resize id="954" type="contract" space="default" amount="8388608" count="1" timems="0.065" reason="insufficient time being spent in gc" timestamp="2019-07-02T20:36:49.972" />
<gc-end id="955" type="partial gc" contextid="949" durationms="3.556" usertimems="4.000" systemtimems="0.000" timestamp="2019-07-02T20:36:49.972" activeThreads="4">
  <mem-info id="956" free="88080384" total="157286400" percent="56">
    <mem type="eden" free="1045968" total="1048576" percent="99" />
    <remembered-set count="48544" freebytes="6419072" totalbytes="6613248" percent="97" regionsoverflowed="0" regionsstable="5" regionsrebuilding="0"/>
  </mem-info>
</gc-end>
<cycle-end id="957" type="partial gc" contextid="949" timestamp="2019-07-02T20:36:49.973">
  <attribute name="GC Util" value="60" />
  <attribute name="CPU Util" value="68296990680076" />
  <attribute name="Time Running"value="11166"/>
  <attribute name="Number of cores"value="4"/>
</cycle-end>
<exclusive-end id="958" timestamp="2019-07-02T20:36:49.973" durationms="4.894" />

<exclusive-start id="959" timestamp="2019-07-02T20:36:50.085" intervalms="116.874">
  <response-info timems="0.078" idlems="0.078" threads="0" lastid="000000000074D700" lastname="main" />
</exclusive-start>
<allocation-taxation id="960" taxation-threshold="46137344" timestamp="2019-07-02T20:36:50.085" intervalms="116.845" />
<cycle-start id="961" type="partial gc" contextid="0" timestamp="2019-07-02T20:36:50.085" intervalms="116.867" />
  <attribute name="GC Util" value="60" />
  <attribute name="CPU Util" value="68296990680076" />
  <attribute name="Time Running"value="11166"/>
  <attribute name="Number of cores"value="4"/>
<gc-start id="962" type="partial gc" contextid="961" timestamp="2019-07-02T20:36:50.086">
  <mem-info id="963" free="41943040" total="157286400" percent="26">
    <mem type="eden" free="0" total="46137344" percent="0" />
    <remembered-set count="47552" freebytes="6423040" totalbytes="6613248" percent="97" regionsoverflowed="0" regionsstable="6" regionsrebuilding="0"/>
  </mem-info>
</gc-start>
<allocation-stats totalBytes="46124712" >
  <allocated-bytes non-tlh="0" tlh="46124712" arrayletleaf="0"/>
  <largest-consumer threadName="main" threadId="000000000074D700" bytes="46124712" />
</allocation-stats>
<gc-op id="964" type="copy forward" timems="2.318" contextid="961" timestamp="2019-07-02T20:36:50.089">
  <memory-copied type="eden" objects="41" bytes="1208" bytesdiscarded="720" />
  <memory-copied type="other" objects="5461" bytes="144424" bytesdiscarded="4336" />
  <memory-cardclean objects="1852" bytes="48624" />
  <remembered-set-cleared processed="43281" cleared="956" durationms="0.217" />
  <references type="soft" candidates="2022" cleared="0" enqueued="0" dynamicThreshold="17" maxThreshold="32" />
  <stringconstants candidates="13758" cleared="0"  />
</gc-op>
<gc-op id="965" type="classunload" timems="0.004" contextid="961" timestamp="2019-07-02T20:36:50.090">
  <classunload-info classloadercandidates="55" classloadersunloaded="0" classesunloaded="0" anonymousclassesunloaded="0" quiescems="0.000" setupms="0.004" scanms="0.000" postms="0.000" />
</gc-op>
<heap-resize id="966" type="contract" space="default" amount="8388608" count="1" timems="0.092" reason="insufficient time being spent in gc" timestamp="2019-07-02T20:36:50.090" />
<gc-end id="967" type="partial gc" contextid="961" durationms="4.385" usertimems="4.000" systemtimems="0.000" timestamp="2019-07-02T20:36:50.090" activeThreads="4">
  <mem-info id="968" free="78643200" total="148897792" percent="52">
    <mem type="eden" free="1046648" total="1048576" percent="99" />
    <remembered-set count="48256" freebytes="6085376" totalbytes="6278400" percent="96" regionsoverflowed="0" regionsstable="6" regionsrebuilding="0"/>
  </mem-info>
</gc-end>
<cycle-end id="969" type="partial gc" contextid="961" timestamp="2019-07-02T20:36:50.090">
  <attribute name="GC Util" value="81" />
  <attribute name="CPU Util" value="23739089022724" />
  <attribute name="Time Running"value="11284"/>
  <attribute name="Number of cores"value="4"/>
</cycle-end>
<exclusive-end id="970" timestamp="2019-07-02T20:36:50.091" durationms="5.751" />

<exclusive-start id="971" timestamp="2019-07-02T20:36:50.202" intervalms="116.922">
  <response-info timems="0.055" idlems="0.055" threads="0" lastid="000000000074D700" lastname="main" />
</exclusive-start>
<allocation-taxation id="972" taxation-threshold="44040192" timestamp="2019-07-02T20:36:50.202" intervalms="116.903" />
<cycle-start id="973" type="partial gc" contextid="0" timestamp="2019-07-02T20:36:50.202" intervalms="116.878" />
  <attribute name="GC Util" value="81" />
  <attribute name="CPU Util" value="23739089022724" />
  <attribute name="Time Running"value="11284"/>
  <attribute name="Number of cores"value="4"/>
<gc-start id="974" type="partial gc" contextid="973" timestamp="2019-07-02T20:36:50.203">
  <mem-info id="975" free="34603008" total="148897792" percent="23">
    <mem type="eden" free="0" total="44040192" percent="0" />
    <remembered-set count="47584" freebytes="6088064" totalbytes="6278400" percent="96" regionsoverflowed="0" regionsstable="7" regionsrebuilding="0"/>
  </mem-info>
</gc-start>
<allocation-stats totalBytes="44033608" >
  <allocated-bytes non-tlh="0" tlh="44033608" arrayletleaf="0"/>
  <largest-consumer threadName="main" threadId="000000000074D700" bytes="44033608" />
</allocation-stats>
<gc-op id="976" type="copy forward" timems="3.090" contextid="973" timestamp="2019-07-02T20:36:50.207">
  <memory-copied type="eden" objects="36" bytes="1024" bytesdiscarded="0" />
  <memory-copied type="other" objects="5429" bytes="143528" bytesdiscarded="5256" />
  <memory-cardclean objects="1814" bytes="46944" />
  <remembered-set-cleared processed="42743" cleared="910" durationms="0.200" />
  <references type="soft" candidates="2022" cleared="0" enqueued="0" dynamicThreshold="16" maxThreshold="32" />
  <stringconstants candidates="13758" cleared="0"  />
</gc-op>
<gc-op id="977" type="classunload" timems="0.004" contextid="973" timestamp="2019-07-02T20:36:50.207">
  <classunload-info classloadercandidates="55" classloadersunloaded="0" classesunloaded="0" anonymousclassesunloaded="0" quiescems="0.000" setupms="0.004" scanms="0.000" postms="0.000" />
</gc-op>
<heap-resize id="978" type="contract" space="default" amount="8388608" count="1" timems="0.064" reason="insufficient time being spent in gc" timestamp="2019-07-02T20:36:50.207" />
<gc-end id="979" type="partial gc" contextid="973" durationms="5.079" usertimems="12.000" systemtimems="0.000" timestamp="2019-07-02T20:36:50.208" activeThreads="4">
  <mem-info id="980" free="69206016" total="140509184" percent="49">
    <mem type="eden" free="1047552" total="1048576" percent="99" />
    <remembered-set count="47328" freebytes="5754240" totalbytes="5943552" percent="96" regionsoverflowed="0" regionsstable="7" regionsrebuilding="0"/>
  </mem-info>
</gc-end>
<cycle-end id="981" type="partial gc" contextid="973" timestamp="2019-07-02T20:36:50.208">
  <attribute name="GC Util" value="83" />
  <attribute name="CPU Util" value="24668282080377" />
  <attribute name="Time Running"value="11401"/>
  <attribute name="Number of cores"value="4"/>
</cycle-end>
<exclusive-end id="982" timestamp="2019-07-02T20:36:50.208" durationms="6.338" />

<exclusive-start id="983" timestamp="2019-07-02T20:36:50.916" intervalms="714.374">
  <response-info timems="0.081" idlems="0.081" threads="0" lastid="000000000074D700" lastname="main" />
</exclusive-start>
<allocation-taxation id="984" taxation-threshold="41943040" timestamp="2019-07-02T20:36:50.916" intervalms="714.394" />
<cycle-start id="985" type="partial gc" contextid="0" timestamp="2019-07-02T20:36:50.917" intervalms="715.065" />
  <attribute name="GC Util" value="83" />
  <attribute name="CPU Util" value="24668282080377" />
  <attribute name="Time Running"value="11401"/>
  <attribute name="Number of cores"value="4"/>
<gc-start id="986" type="partial gc" contextid="985" timestamp="2019-07-02T20:36:50.918">
  <mem-info id="987" free="27262976" total="140509184" percent="19">
    <mem type="eden" free="0" total="41943040" percent="0" />
    <remembered-set count="47040" freebytes="5755392" totalbytes="5943552" percent="96" regionsoverflowed="0" regionsstable="8" regionsrebuilding="0"/>
  </mem-info>
</gc-start>
<allocation-stats totalBytes="41940968" >
  <allocated-bytes non-tlh="0" tlh="41940968" arrayletleaf="0"/>
  <largest-consumer threadName="main" threadId="000000000074D700" bytes="41940968" />
</allocation-stats>
<gc-op id="988" type="copy forward" timems="2.904" contextid="985" timestamp="2019-07-02T20:36:50.922">
  <memory-copied type="eden" objects="61" bytes="1584" bytesdiscarded="704" />
  <memory-copied type="other" objects="5435" bytes="143640" bytesdiscarded="6592" />
  <memory-cardclean objects="1839" bytes="55672" />
  <remembered-set-cleared processed="42510" cleared="901" durationms="0.221" />
  <references type="soft" candidates="2022" cleared="0" enqueued="0" dynamicThreshold="15" maxThreshold="32" />
  <references type="weak" candidates="2" cleared="0" enqueued="0" />
  <stringconstants candidates="13758" cleared="0"  />
</gc-op>
<gc-op id="989" type="classunload" timems="0.004" contextid="985" timestamp="2019-07-02T20:36:50.922">
  <classunload-info classloadercandidates="55" classloadersunloaded="0" classesunloaded="0" anonymousclassesunloaded="0" quiescems="0.000" setupms="0.004" scanms="0.000" postms="0.000" />
</gc-op>
<heap-resize id="990" type="contract" space="default" amount="7340032" count="1" timems="0.062" reason="insufficient time being spent in gc" timestamp="2019-07-02T20:36:50.922" />
<gc-end id="991" type="partial gc" contextid="985" durationms="4.933" usertimems="8.000" systemtimems="0.000" timestamp="2019-07-02T20:36:50.923" activeThreads="4">
  <mem-info id="992" free="60817408" total="133169152" percent="45">
    <mem type="eden" free="1046288" total="1048576" percent="99" />
    <remembered-set count="46880" freebytes="5421184" totalbytes="5608704" percent="96" regionsoverflowed="0" regionsstable="8" regionsrebuilding="0"/>
  </mem-info>
</gc-end>
<cycle-end id="993" type="partial gc" contextid="985" timestamp="2019-07-02T20:36:50.923">
  <attribute name="GC Util" value="88" />
  <attribute name="CPU Util" value="24476312158598" />
  <attribute name="Time Running"value="12116"/>
  <attribute name="Number of cores"value="4"/>
</cycle-end>
<exclusive-end id="994" timestamp="2019-07-02T20:36:50.923" durationms="7.020" />

<exclusive-start id="995" timestamp="2019-07-02T20:36:50.985" intervalms="68.545">
  <response-info timems="0.080" idlems="0.080" threads="0" lastid="000000000074D700" lastname="main" />
</exclusive-start>
<allocation-taxation id="996" taxation-threshold="19922944" timestamp="2019-07-02T20:36:50.985" intervalms="68.519" />
<cycle-start id="997" type="global mark phase" contextid="0" timestamp="2019-07-02T20:36:50.985" intervalms="5958.269" />
  <attribute name="GC Util" value="88" />
  <attribute name="CPU Util" value="24476312158598" />
  <attribute name="Time Running"value="12116"/>
  <attribute name="Number of cores"value="4"/>
<gc-start id="998" type="global mark phase" contextid="997" timestamp="2019-07-02T20:36:50.985">
  <mem-info id="999" free="40894464" total="133169152" percent="30">
    <remembered-set count="46336" freebytes="5423360" totalbytes="5608704" percent="96" regionsoverflowed="0" regionsstable="9" regionsrebuilding="0"/>
  </mem-info>
</gc-start>
<gc-op id="1000" type="mark increment" timems="1.394" contextid="997" timestamp="2019-07-02T20:36:50.987">
  <trace-info objectcount="178" scancount="0" scanbytes="0" />
</gc-op>
<gc-end id="1001" type="global mark phase" contextid="997" durationms="1.716" usertimems="0.000" systemtimems="0.000" timestamp="2019-07-02T20:36:50.987" activeThreads="4">
  <mem-info id="1002" free="40894464" total="133169152" percent="30">
    <remembered-set count="46336" freebytes="5423360" totalbytes="5608704" percent="96" regionsoverflowed="0" regionsstable="0" regionsrebuilding="9"/>
  </mem-info>
</gc-end>
<concurrent-start id="1003" type="GMP work packet processing" contextid="997" timestamp="2019-07-02T20:36:50.987">
  <concurrent-mark-start scanTarget="1356339" />
</concurrent-start>
<exclusive-end id="1004" timestamp="2019-07-02T20:36:50.987" durationms="2.709" />

<concurrent-end id="1005" type="GMP work packet processing" contextid="997" timestamp="2019-07-02T20:36:50.990">
  <concurrent-mark-end bytesScanned="1418720" reasonForTermination="Work target met" />
</concurrent-end>

<exclusive-start id="1006" timestamp="2019-07-02T20:36:51.069" intervalms="84.537">
  <response-info timems="0.082" idlems="0.082" threads="0" lastid="000000000074D700" lastname="main" />
</exclusive-start>
<allocation-taxation id="1007" taxation-threshold="19922944" timestamp="2019-07-02T20:36:51.069" intervalms="84.562" />
<cycle-start id="1008" type="partial gc" contextid="0" timestamp="2019-07-02T20:36:51.070" intervalms="152.468" />
  <attribute name="GC Util" value="162" />
  <attribute name="CPU Util" value="18129602848702" />
  <attribute name="Time Running"value="12184"/>
  <attribute name="Number of cores"value="4"/>
<gc-start id="1009" type="partial gc" contextid="1008" timestamp="2019-07-02T20:36:51.070">
  <mem-info id="1010" free="20971520" total="133169152" percent="15">
    <mem type="eden" free="0" total="39845888" percent="0" />
    <remembered-set count="46464" freebytes="5422848" totalbytes="5608704" percent="96" regionsoverflowed="0" regionsstable="0" regionsrebuilding="9"/>
  </mem-info>
</gc-start>
<allocation-stats totalBytes="39843080" >
  <allocated-bytes non-tlh="0" tlh="39843080" arrayletleaf="0"/>
  <largest-consumer threadName="main" threadId="000000000074D700" bytes="19921632" />
</allocation-stats>
<gc-op id="1011" type="copy forward" timems="3.213" contextid="1008" timestamp="2019-07-02T20:36:51.075">
  <memory-copied type="eden" objects="34" bytes="1016" bytesdiscarded="0" />
  <memory-copied type="other" objects="65" bytes="1504" bytesdiscarded="0" />
  <memory-cardclean objects="77" bytes="11560" />
  <remembered-set-cleared processed="42259" cleared="64" durationms="0.220" />
  <references type="weak" candidates="2" cleared="0" enqueued="0" />
  <stringconstants candidates="13758" cleared="0"  />
</gc-op>
<gc-op id="1012" type="classunload" timems="0.004" contextid="1008" timestamp="2019-07-02T20:36:51.075">
  <classunload-info classloadercandidates="55" classloadersunloaded="0" classesunloaded="0" anonymousclassesunloaded="0" quiescems="0.000" setupms="0.003" scanms="0.000" postms="0.000" />
</gc-op>
<heap-resize id="1013" type="contract" space="default" amount="7340032" count="1" timems="0.149" reason="insufficient time being spent in gc" timestamp="2019-07-02T20:36:51.075" />
<gc-end id="1014" type="partial gc" contextid="1008" durationms="5.292" usertimems="8.000" systemtimems="0.000" timestamp="2019-07-02T20:36:51.075" activeThreads="4">
  <mem-info id="1015" free="52428800" total="125829120" percent="41">
    <mem type="eden" free="1047560" total="1048576" percent="99" />
    <remembered-set count="47040" freebytes="5127552" totalbytes="5315712" percent="96" regionsoverflowed="0" regionsstable="0" regionsrebuilding="9"/>
  </mem-info>
</gc-end>
<cycle-end id="1016" type="partial gc" contextid="1008" timestamp="2019-07-02T20:36:51.076">
  <attribute name="GC Util" value="89" />
  <attribute name="CPU Util" value="25400971040470" />
  <attribute name="Time Running"value="12268"/>
  <attribute name="Number of cores"value="4"/>
</cycle-end>
<exclusive-end id="1017" timestamp="2019-07-02T20:36:51.076" durationms="6.729" />

<exclusive-start id="1018" timestamp="2019-07-02T20:36:51.161" intervalms="91.550">
  <response-info timems="0.102" idlems="0.102" threads="0" lastid="000000000074D700" lastname="main" />
</exclusive-start>
<allocation-taxation id="1019" taxation-threshold="18874368" timestamp="2019-07-02T20:36:51.161" intervalms="91.565" />
<gc-start id="1020" type="global mark phase" contextid="997" timestamp="2019-07-02T20:36:51.161">
  <mem-info id="1021" free="33554432" total="125829120" percent="26">
    <remembered-set count="47040" freebytes="5127552" totalbytes="5315712" percent="96" regionsoverflowed="0" regionsstable="0" regionsrebuilding="9"/>
  </mem-info>
</gc-start>
<gc-end id="1022" type="global mark phase" contextid="997" durationms="0.230" usertimems="0.000" systemtimems="0.000" timestamp="2019-07-02T20:36:51.161" activeThreads="4">
  <mem-info id="1023" free="33554432" total="125829120" percent="26">
    <remembered-set count="47040" freebytes="5127552" totalbytes="5315712" percent="96" regionsoverflowed="0" regionsstable="0" regionsrebuilding="9"/>
  </mem-info>
</gc-end>
<concurrent-start id="1024" type="GMP work packet processing" contextid="997" timestamp="2019-07-02T20:36:51.162">
  <concurrent-mark-start scanTarget="1356339" />
</concurrent-start>
<exclusive-end id="1025" timestamp="2019-07-02T20:36:51.162" durationms="1.296" />

<concurrent-end id="1026" type="GMP work packet processing" contextid="997" timestamp="2019-07-02T20:36:51.164">
  <concurrent-mark-end bytesScanned="1405208" reasonForTermination="Work target met" />
</concurrent-end>

<exclusive-start id="1027" timestamp="2019-07-02T20:36:51.432" intervalms="271.484">
  <response-info timems="0.076" idlems="0.076" threads="0" lastid="000000000074D700" lastname="main" />
</exclusive-start>
<allocation-taxation id="1028" taxation-threshold="18874368" timestamp="2019-07-02T20:36:51.432" intervalms="271.462" />
<cycle-start id="1029" type="partial gc" contextid="0" timestamp="2019-07-02T20:36:51.433" intervalms="362.942" />
  <attribute name="GC Util" value="9" />
  <attribute name="CPU Util" value="204165182495" />
  <attribute name="Time Running"value="12359"/>
  <attribute name="Number of cores"value="4"/>
<gc-start id="1030" type="partial gc" contextid="1029" timestamp="2019-07-02T20:36:51.433">
  <mem-info id="1031" free="14680064" total="125829120" percent="11">
    <mem type="eden" free="0" total="37748736" percent="0" />
    <remembered-set count="47552" freebytes="5125504" totalbytes="5315712" percent="96" regionsoverflowed="0" regionsstable="0" regionsrebuilding="9"/>
  </mem-info>
</gc-start>
<allocation-stats totalBytes="37739520" >
  <allocated-bytes non-tlh="360" tlh="37739160" arrayletleaf="0"/>
  <largest-consumer threadName="main" threadId="000000000074D700" bytes="18866488" />
</allocation-stats>
<gc-op id="1032" type="copy forward" timems="2.791" contextid="1029" timestamp="2019-07-02T20:36:51.437">
  <memory-copied type="eden" objects="73" bytes="2928" bytesdiscarded="640" />
  <memory-copied type="other" objects="51" bytes="1184" bytesdiscarded="704" />
  <memory-cardclean objects="139" bytes="13080" />
  <remembered-set-cleared processed="42400" cleared="107" durationms="0.207" />
  <references type="weak" candidates="6" cleared="0" enqueued="0" />
  <stringconstants candidates="13764" cleared="0"  />
</gc-op>
<gc-op id="1033" type="classunload" timems="0.005" contextid="1029" timestamp="2019-07-02T20:36:51.437">
  <classunload-info classloadercandidates="55" classloadersunloaded="0" classesunloaded="0" anonymousclassesunloaded="0" quiescems="0.000" setupms="0.005" scanms="0.000" postms="0.000" />
</gc-op>
<heap-resize id="1034" type="contract" space="default" amount="6291456" count="1" timems="0.141" reason="insufficient time being spent in gc" timestamp="2019-07-02T20:36:51.437" />
<gc-end id="1035" type="partial gc" contextid="1029" durationms="4.723" usertimems="8.000" systemtimems="0.000" timestamp="2019-07-02T20:36:51.438" activeThreads="4">
  <mem-info id="1036" free="45088768" total="119537664" percent="37">
    <mem type="eden" free="1045008" total="1048576" percent="99" />
    <remembered-set count="47360" freebytes="4833280" totalbytes="5022720" percent="96" regionsoverflowed="0" regionsstable="0" regionsrebuilding="9"/>
  </mem-info>
</gc-end>
<cycle-end id="1037" type="partial gc" contextid="1029" timestamp="2019-07-02T20:36:51.438">
  <attribute name="GC Util" value="93" />
  <attribute name="CPU Util" value="26287935754285" />
  <attribute name="Time Running"value="12631"/>
  <attribute name="Number of cores"value="4"/>
</cycle-end>
<exclusive-end id="1038" timestamp="2019-07-02T20:36:51.438" durationms="5.920" />

<exclusive-start id="1039" timestamp="2019-07-02T20:36:51.503" intervalms="71.057">
  <response-info timems="0.056" idlems="0.056" threads="0" lastid="000000000074D700" lastname="main" />
</exclusive-start>
<allocation-taxation id="1040" taxation-threshold="17825792" timestamp="2019-07-02T20:36:51.503" intervalms="70.903" />
<gc-start id="1041" type="global mark phase" contextid="997" timestamp="2019-07-02T20:36:51.503">
  <mem-info id="1042" free="27262976" total="119537664" percent="22">
    <remembered-set count="47360" freebytes="4833280" totalbytes="5022720" percent="96" regionsoverflowed="0" regionsstable="0" regionsrebuilding="9"/>
  </mem-info>
</gc-start>
<gc-end id="1043" type="global mark phase" contextid="997" durationms="0.160" usertimems="0.000" systemtimems="0.000" timestamp="2019-07-02T20:36:51.504" activeThreads="4">
  <mem-info id="1044" free="27262976" total="119537664" percent="22">
    <remembered-set count="47360" freebytes="4833280" totalbytes="5022720" percent="96" regionsoverflowed="0" regionsstable="0" regionsrebuilding="9"/>
  </mem-info>
</gc-end>
<concurrent-start id="1045" type="GMP work packet processing" contextid="997" timestamp="2019-07-02T20:36:51.504">
  <concurrent-mark-start scanTarget="1356339" />
</concurrent-start>
<exclusive-end id="1046" timestamp="2019-07-02T20:36:51.504" durationms="0.794" />

<concurrent-end id="1047" type="GMP work packet processing" contextid="997" timestamp="2019-07-02T20:36:51.505">
  <concurrent-mark-end bytesScanned="1389700" reasonForTermination="Work target met" />
</concurrent-end>

<exclusive-start id="1048" timestamp="2019-07-02T20:36:51.614" intervalms="110.672">
  <response-info timems="0.021" idlems="0.021" threads="0" lastid="000000000074D700" lastname="main" />
</exclusive-start>
<allocation-taxation id="1049" taxation-threshold="17825792" timestamp="2019-07-02T20:36:51.614" intervalms="110.767" />
<cycle-start id="1050" type="partial gc" contextid="0" timestamp="2019-07-02T20:36:51.614" intervalms="181.649" />
  <attribute name="GC Util" value="11" />
  <attribute name="CPU Util" value="264102986615" />
  <attribute name="Time Running"value="12701"/>
  <attribute name="Number of cores"value="4"/>
<gc-start id="1051" type="partial gc" contextid="1050" timestamp="2019-07-02T20:36:51.615">
  <mem-info id="1052" free="9437184" total="119537664" percent="7">
    <mem type="eden" free="0" total="35651584" percent="0" />
    <remembered-set count="47872" freebytes="4831232" totalbytes="5022720" percent="96" regionsoverflowed="0" regionsstable="0" regionsrebuilding="9"/>
  </mem-info>
</gc-start>
<allocation-stats totalBytes="35627696" >
  <allocated-bytes non-tlh="0" tlh="35627696" arrayletleaf="0"/>
  <largest-consumer threadName="main" threadId="000000000074D700" bytes="17815784" />
</allocation-stats>
<gc-op id="1053" type="copy forward" timems="2.851" contextid="1050" timestamp="2019-07-02T20:36:51.619">
  <memory-copied type="eden" objects="40" bytes="1224" bytesdiscarded="320" />
  <memory-copied type="other" objects="51" bytes="1288" bytesdiscarded="1048" />
  <memory-cardclean objects="94" bytes="11584" />
  <remembered-set-cleared processed="42677" cleared="94" durationms="0.207" />
  <references type="weak" candidates="18" cleared="0" enqueued="0" />
  <stringconstants candidates="13764" cleared="0"  />
</gc-op>
<gc-op id="1054" type="classunload" timems="0.005" contextid="1050" timestamp="2019-07-02T20:36:51.619">
  <classunload-info classloadercandidates="55" classloadersunloaded="0" classesunloaded="0" anonymousclassesunloaded="0" quiescems="0.000" setupms="0.004" scanms="0.000" postms="0.000" />
</gc-op>
<heap-resize id="1055" type="contract" space="default" amount="3145728" count="1" timems="0.193" reason="insufficient time being spent in gc" timestamp="2019-07-02T20:36:51.619" />
<gc-end id="1056" type="partial gc" contextid="1050" durationms="4.690" usertimems="8.000" systemtimems="0.000" timestamp="2019-07-02T20:36:51.619" activeThreads="4">
  <mem-info id="1057" free="40894464" total="116391936" percent="35">
    <mem type="eden" free="1047032" total="1048576" percent="99" />
    <remembered-set count="48320" freebytes="4578304" totalbytes="4771584" percent="95" regionsoverflowed="0" regionsstable="0" regionsrebuilding="9"/>
  </mem-info>
</gc-end>
<cycle-end id="1058" type="partial gc" contextid="1050" timestamp="2019-07-02T20:36:51.620">
  <attribute name="GC Util" value="94" />
  <attribute name="CPU Util" value="26603284374274" />
  <attribute name="Time Running"value="12812"/>
  <attribute name="Number of cores"value="4"/>
</cycle-end>
<exclusive-end id="1059" timestamp="2019-07-02T20:36:51.620" durationms="5.975" />

<exclusive-start id="1060" timestamp="2019-07-02T20:36:51.679" intervalms="64.906">
  <response-info timems="0.094" idlems="0.094" threads="0" lastid="000000000074D700" lastname="main" />
</exclusive-start>
<allocation-taxation id="1061" taxation-threshold="17825792" timestamp="2019-07-02T20:36:51.679" intervalms="64.955" />
<gc-start id="1062" type="global mark phase" contextid="997" timestamp="2019-07-02T20:36:51.679">
  <mem-info id="1063" free="23068672" total="116391936" percent="19">
    <remembered-set count="48320" freebytes="4578304" totalbytes="4771584" percent="95" regionsoverflowed="0" regionsstable="0" regionsrebuilding="9"/>
  </mem-info>
</gc-start>
<gc-end id="1064" type="global mark phase" contextid="997" durationms="0.198" usertimems="0.000" systemtimems="0.000" timestamp="2019-07-02T20:36:51.679" activeThreads="4">
  <mem-info id="1065" free="23068672" total="116391936" percent="19">
    <remembered-set count="48320" freebytes="4578304" totalbytes="4771584" percent="95" regionsoverflowed="0" regionsstable="0" regionsrebuilding="9"/>
  </mem-info>
</gc-end>
<concurrent-start id="1066" type="GMP work packet processing" contextid="997" timestamp="2019-07-02T20:36:51.680">
  <concurrent-mark-start scanTarget="1356339" />
</concurrent-start>
<exclusive-end id="1067" timestamp="2019-07-02T20:36:51.680" durationms="1.183" />

<concurrent-end id="1068" type="GMP work packet processing" contextid="997" timestamp="2019-07-02T20:36:51.681">
  <concurrent-mark-end bytesScanned="1403108" reasonForTermination="Work target met" />
</concurrent-end>

<exclusive-start id="1069" timestamp="2019-07-02T20:36:51.696" intervalms="17.221">
  <response-info timems="0.064" idlems="0.064" threads="0" lastid="000000000074D700" lastname="main" />
</exclusive-start>
<allocation-taxation id="1070" taxation-threshold="17825792" timestamp="2019-07-02T20:36:51.696" intervalms="17.093" />
<cycle-start id="1071" type="partial gc" contextid="0" timestamp="2019-07-02T20:36:51.696" intervalms="82.047" />
  <attribute name="GC Util" value="12" />
  <attribute name="CPU Util" value="287886157549" />
  <attribute name="Time Running"value="12877"/>
  <attribute name="Number of cores"value="4"/>
<gc-start id="1072" type="partial gc" contextid="1071" timestamp="2019-07-02T20:36:51.697">
  <mem-info id="1073" free="5242880" total="116391936" percent="4">
    <mem type="eden" free="0" total="35651584" percent="0" />
    <remembered-set count="48864" freebytes="4576128" totalbytes="4771584" percent="95" regionsoverflowed="0" regionsstable="0" regionsrebuilding="9"/>
  </mem-info>
</gc-start>
<allocation-stats totalBytes="35614672" >
  <allocated-bytes non-tlh="0" tlh="35614672" arrayletleaf="0"/>
  <largest-consumer threadName="main" threadId="000000000074D700" bytes="17794552" />
</allocation-stats>
<gc-op id="1074" type="copy forward" timems="2.563" contextid="1071" timestamp="2019-07-02T20:36:51.700">
  <memory-copied type="eden" objects="26" bytes="1320" bytesdiscarded="0" />
  <memory-copied type="other" objects="65" bytes="1736" bytesdiscarded="0" />
  <memory-cardclean objects="70" bytes="10832" />
  <remembered-set-cleared processed="43591" cleared="79" durationms="0.214" />
  <references type="weak" candidates="18" cleared="0" enqueued="0" />
  <stringconstants candidates="13764" cleared="0"  />
</gc-op>
<gc-op id="1075" type="classunload" timems="0.004" contextid="1071" timestamp="2019-07-02T20:36:51.701">
  <classunload-info classloadercandidates="55" classloadersunloaded="0" classesunloaded="0" anonymousclassesunloaded="0" quiescems="0.000" setupms="0.004" scanms="0.000" postms="0.000" />
</gc-op>
<gc-end id="1076" type="partial gc" contextid="1071" durationms="4.202" usertimems="4.000" systemtimems="0.000" timestamp="2019-07-02T20:36:51.701" activeThreads="4">
  <mem-info id="1077" free="39845888" total="116391936" percent="34">
    <mem type="eden" free="1047256" total="1048576" percent="99" />
    <remembered-set count="49792" freebytes="4446848" totalbytes="4646016" percent="95" regionsoverflowed="0" regionsstable="0" regionsrebuilding="9"/>
  </mem-info>
</gc-end>
<cycle-end id="1078" type="partial gc" contextid="1071" timestamp="2019-07-02T20:36:51.701">
  <attribute name="GC Util" value="94" />
  <attribute name="CPU Util" value="29047977757823" />
  <attribute name="Time Running"value="12895"/>
  <attribute name="Number of cores"value="4"/>
</cycle-end>
<exclusive-end id="1079" timestamp="2019-07-02T20:36:51.701" durationms="5.085" />

<exclusive-start id="1080" timestamp="2019-07-02T20:36:51.717" intervalms="20.839">
  <response-info timems="0.076" idlems="0.076" threads="0" lastid="000000000074D700" lastname="main" />
</exclusive-start>
<allocation-taxation id="1081" taxation-threshold="17825792" timestamp="2019-07-02T20:36:51.717" intervalms="20.828" />
<gc-start id="1082" type="global mark phase" contextid="997" timestamp="2019-07-02T20:36:51.717">
  <mem-info id="1083" free="22020096" total="116391936" percent="18">
    <remembered-set count="49312" freebytes="4448768" totalbytes="4646016" percent="95" regionsoverflowed="0" regionsstable="0" regionsrebuilding="9"/>
  </mem-info>
</gc-start>
<gc-end id="1084" type="global mark phase" contextid="997" durationms="0.066" usertimems="0.000" systemtimems="0.000" timestamp="2019-07-02T20:36:51.717" activeThreads="4">
  <mem-info id="1085" free="22020096" total="116391936" percent="18">
    <remembered-set count="49312" freebytes="4448768" totalbytes="4646016" percent="95" regionsoverflowed="0" regionsstable="0" regionsrebuilding="9"/>
  </mem-info>
</gc-end>
<concurrent-start id="1086" type="GMP work packet processing" contextid="997" timestamp="2019-07-02T20:36:51.717">
  <concurrent-mark-start scanTarget="18446744073709551615" />
</concurrent-start>
<exclusive-end id="1087" timestamp="2019-07-02T20:36:51.717" durationms="0.600" />

<concurrent-end id="1088" type="GMP work packet processing" contextid="997" timestamp="2019-07-02T20:36:51.724">
  <concurrent-mark-end bytesScanned="7969812" reasonForTermination="Completed all work in GC phase" />
</concurrent-end>

<exclusive-start id="1089" timestamp="2019-07-02T20:36:51.732" intervalms="14.972">
  <response-info timems="0.081" idlems="0.081" threads="0" lastid="000000000074D700" lastname="main" />
</exclusive-start>
<allocation-taxation id="1090" taxation-threshold="17825792" timestamp="2019-07-02T20:36:51.732" intervalms="15.001" />
<cycle-start id="1091" type="partial gc" contextid="0" timestamp="2019-07-02T20:36:51.732" intervalms="35.844" />
  <attribute name="GC Util" value="34" />
  <attribute name="CPU Util" value="941993350782" />
  <attribute name="Time Running"value="12914"/>
  <attribute name="Number of cores"value="4"/>
<gc-start id="1092" type="partial gc" contextid="1091" timestamp="2019-07-02T20:36:51.732">
  <mem-info id="1093" free="4194304" total="116391936" percent="3">
    <mem type="eden" free="0" total="35651584" percent="0" />
    <remembered-set count="54944" freebytes="4426240" totalbytes="4646016" percent="95" regionsoverflowed="0" regionsstable="0" regionsrebuilding="9"/>
  </mem-info>
</gc-start>
<allocation-stats totalBytes="35588240" >
  <allocated-bytes non-tlh="0" tlh="35588240" arrayletleaf="0"/>
  <largest-consumer threadName="main" threadId="000000000074D700" bytes="17793992" />
</allocation-stats>
<gc-op id="1094" type="copy forward" timems="1.600" contextid="1091" timestamp="2019-07-02T20:36:51.735">
  <memory-copied type="eden" objects="4" bytes="96" bytesdiscarded="696" />
  <memory-copied type="other" objects="43" bytes="1832" bytesdiscarded="568" />
  <memory-cardclean objects="35" bytes="9744" />
  <remembered-set-cleared processed="49223" cleared="66" durationms="0.219" />
  <references type="weak" candidates="14" cleared="0" enqueued="0" />
  <stringconstants candidates="13764" cleared="0"  />
</gc-op>
<gc-op id="1095" type="classunload" timems="0.005" contextid="1091" timestamp="2019-07-02T20:36:51.735">
  <classunload-info classloadercandidates="55" classloadersunloaded="0" classesunloaded="0" anonymousclassesunloaded="0" quiescems="0.000" setupms="0.004" scanms="0.000" postms="0.000" />
</gc-op>
<gc-end id="1096" type="partial gc" contextid="1091" durationms="2.744" usertimems="4.000" systemtimems="0.000" timestamp="2019-07-02T20:36:51.735" activeThreads="4">
  <mem-info id="1097" free="38797312" total="116391936" percent="33">
    <mem type="eden" free="1047784" total="1048576" percent="99" />
    <remembered-set count="55104" freebytes="4425600" totalbytes="4646016" percent="95" regionsoverflowed="0" regionsstable="0" regionsrebuilding="9"/>
  </mem-info>
</gc-end>
<cycle-end id="1098" type="partial gc" contextid="1091" timestamp="2019-07-02T20:36:51.735">
  <attribute name="GC Util" value="51" />
  <attribute name="CPU Util" value="79794547860344" />
  <attribute name="Time Running"value="12930"/>
  <attribute name="Number of cores"value="4"/>
</cycle-end>
<exclusive-end id="1099" timestamp="2019-07-02T20:36:51.736" durationms="3.667" />

<exclusive-start id="1100" timestamp="2019-07-02T20:36:51.748" intervalms="16.297">
  <response-info timems="0.082" idlems="0.082" threads="0" lastid="000000000074D700" lastname="main" />
</exclusive-start>
<allocation-taxation id="1101" taxation-threshold="17825792" timestamp="2019-07-02T20:36:51.748" intervalms="16.345" />
<gc-start id="1102" type="global mark phase" contextid="997" timestamp="2019-07-02T20:36:51.749">
  <mem-info id="1103" free="20971520" total="116391936" percent="18">
    <remembered-set count="54816" freebytes="4426752" totalbytes="4646016" percent="95" regionsoverflowed="0" regionsstable="0" regionsrebuilding="9"/>
  </mem-info>
</gc-start>
<gc-op id="1104" type="mark increment" timems="1.470" contextid="997" timestamp="2019-07-02T20:36:51.750">
  <trace-info objectcount="76" scancount="61" scanbytes="1844" />
  <cardclean-info objects="166" bytes="13964" />
  <finalization candidates="81" enqueued="1" />
  <ownableSynchronizers candidates="21" cleared="0" />
  <references type="soft" candidates="4809" cleared="801" enqueued="796" dynamicThreshold="10" maxThreshold="32" />
  <references type="weak" candidates="5667" cleared="1" enqueued="1" />
  <references type="phantom" candidates="105" cleared="3" enqueued="3" />
  <stringconstants candidates="13764" cleared="14"  />
</gc-op>
<gc-op id="1105" type="classunload" timems="0.451" contextid="997" timestamp="2019-07-02T20:36:51.751">
  <classunload-info classloadercandidates="55" classloadersunloaded="1" classesunloaded="1" anonymousclassesunloaded="0" quiescems="0.000" setupms="0.438" scanms="0.009" postms="0.003" />
</gc-op>
<gc-end id="1106" type="global mark phase" contextid="997" durationms="2.571" usertimems="0.000" systemtimems="0.000" timestamp="2019-07-02T20:36:51.751" activeThreads="4">
  <mem-info id="1107" free="20971520" total="116391936" percent="18">
    <pending-finalizers system="0" default="1" reference="800" classloader="0" />
    <remembered-set count="54816" freebytes="4426752" totalbytes="4646016" percent="95" regionsoverflowed="0" regionsstable="0" regionsrebuilding="0"/>
  </mem-info>
</gc-end>
<cycle-end id="1108" type="global mark phase" contextid="997" timestamp="2019-07-02T20:36:51.751">
  <attribute name="GC Util" value="44" />
  <attribute name="CPU Util" value="135019315816886" />
  <attribute name="Time Running"value="12946"/>
  <attribute name="Number of cores"value="4"/>
</cycle-end>
<exclusive-end id="1109" timestamp="2019-07-02T20:36:51.751" durationms="3.281" />

<exclusive-start id="1110" timestamp="2019-07-02T20:36:51.764" intervalms="16.182">
  <response-info timems="0.081" idlems="0.081" threads="0" lastid="000000000074D700" lastname="main" />
</exclusive-start>
<allocation-taxation id="1111" taxation-threshold="17825792" timestamp="2019-07-02T20:36:51.765" intervalms="16.180" />
<cycle-start id="1112" type="partial gc" contextid="0" timestamp="2019-07-02T20:36:51.765" intervalms="32.576" />
  <attribute name="GC Util" value="44" />
  <attribute name="CPU Util" value="135019315816886" />
  <attribute name="Time Running"value="12946"/>
  <attribute name="Number of cores"value="4"/>
<gc-start id="1113" type="partial gc" contextid="1112" timestamp="2019-07-02T20:36:51.765">
  <mem-info id="1114" free="3145728" total="116391936" percent="2">
    <mem type="eden" free="1047784" total="36700160" percent="2" />
    <remembered-set count="47168" freebytes="4457344" totalbytes="4646016" percent="95" regionsoverflowed="0" regionsstable="9" regionsrebuilding="0"/>
  </mem-info>
</gc-start>
<allocation-stats totalBytes="35587168" >
  <allocated-bytes non-tlh="0" tlh="35587168" arrayletleaf="0"/>
  <largest-consumer threadName="main" threadId="000000000074D700" bytes="17748760" />
</allocation-stats>
<gc-op id="1115" type="sweep" timems="0.738" contextid="1112" timestamp="2019-07-02T20:36:51.766" />
<gc-op id="1116" type="copy forward" timems="1.413" contextid="1112" timestamp="2019-07-02T20:36:51.768">
  <memory-copied type="eden" objects="5" bytes="3144" bytesdiscarded="0" />
  <memory-copied type="other" objects="7" bytes="160" bytesdiscarded="0" />
  <memory-cardclean objects="442" bytes="19488" />
  <remembered-set-cleared processed="42178" cleared="116" durationms="0.220" />
  <stringconstants candidates="13750" cleared="0"  />
</gc-op>
<gc-op id="1117" type="classunload" timems="0.004" contextid="1112" timestamp="2019-07-02T20:36:51.768">
  <classunload-info classloadercandidates="54" classloadersunloaded="0" classesunloaded="0" anonymousclassesunloaded="0" quiescems="0.000" setupms="0.004" scanms="0.000" postms="0.000" />
</gc-op>
<heap-resize id="1118" type="expand" space="default" amount="19922944" count="1" timems="0.098" reason="excessive time being spent in gc" timestamp="2019-07-02T20:36:51.769" />
<gc-end id="1119" type="partial gc" contextid="1112" durationms="3.765" usertimems="4.000" systemtimems="0.000" timestamp="2019-07-02T20:36:51.769" activeThreads="4">
  <mem-info id="1120" free="59768832" total="136314880" percent="43">
    <mem type="eden" free="1045432" total="1048576" percent="99" />
    <remembered-set count="47040" freebytes="5253120" totalbytes="5441280" percent="96" regionsoverflowed="0" regionsstable="9" regionsrebuilding="0"/>
  </mem-info>
</gc-end>
<cycle-end id="1121" type="partial gc" contextid="1112" timestamp="2019-07-02T20:36:51.769">
  <attribute name="GC Util" value="57" />
  <attribute name="CPU Util" value="71996284353615" />
  <attribute name="Time Running"value="12963"/>
  <attribute name="Number of cores"value="4"/>
</cycle-end>
<exclusive-end id="1122" timestamp="2019-07-02T20:36:51.769" durationms="4.809" />

<exclusive-start id="1123" timestamp="2019-07-02T20:36:51.867" intervalms="103.076">
  <response-info timems="0.074" idlems="0.074" threads="0" lastid="000000000074D700" lastname="main" />
</exclusive-start>
<allocation-taxation id="1124" taxation-threshold="19922944" timestamp="2019-07-02T20:36:51.868" intervalms="103.125" />
<cycle-start id="1125" type="global mark phase" contextid="0" timestamp="2019-07-02T20:36:51.868" intervalms="882.682" />
  <attribute name="GC Util" value="57" />
  <attribute name="CPU Util" value="71996284353615" />
  <attribute name="Time Running"value="12963"/>
  <attribute name="Number of cores"value="4"/>
<gc-start id="1126" type="global mark phase" contextid="1125" timestamp="2019-07-02T20:36:51.868">
  <mem-info id="1127" free="39845888" total="136314880" percent="29">
    <remembered-set count="46624" freebytes="5254784" totalbytes="5441280" percent="96" regionsoverflowed="0" regionsstable="9" regionsrebuilding="0"/>
  </mem-info>
</gc-start>
<gc-op id="1128" type="mark increment" timems="0.667" contextid="1125" timestamp="2019-07-02T20:36:51.869">
  <trace-info objectcount="178" scancount="0" scanbytes="0" />
</gc-op>
<gc-end id="1129" type="global mark phase" contextid="1125" durationms="0.999" usertimems="4.000" systemtimems="0.000" timestamp="2019-07-02T20:36:51.869" activeThreads="4">
  <mem-info id="1130" free="39845888" total="136314880" percent="29">
    <remembered-set count="46624" freebytes="5254784" totalbytes="5441280" percent="96" regionsoverflowed="0" regionsstable="0" regionsrebuilding="9"/>
  </mem-info>
</gc-end>
<concurrent-start id="1131" type="GMP work packet processing" contextid="1125" timestamp="2019-07-02T20:36:51.869">
  <concurrent-mark-start scanTarget="1122183" />
</concurrent-start>
<exclusive-end id="1132" timestamp="2019-07-02T20:36:51.869" durationms="1.766" />

<concurrent-end id="1133" type="GMP work packet processing" contextid="1125" timestamp="2019-07-02T20:36:51.870">
  <concurrent-mark-end bytesScanned="1187152" reasonForTermination="Work target met" />
</concurrent-end>

<exclusive-start id="1134" timestamp="2019-07-02T20:36:51.905" intervalms="37.583">
  <response-info timems="0.080" idlems="0.080" threads="0" lastid="000000000074D700" lastname="main" />
</exclusive-start>
<allocation-taxation id="1135" taxation-threshold="19922944" timestamp="2019-07-02T20:36:51.905" intervalms="37.473" />
<cycle-start id="1136" type="partial gc" contextid="0" timestamp="2019-07-02T20:36:51.905" intervalms="140.571" />
  <attribute name="GC Util" value="155" />
  <attribute name="CPU Util" value="28863401137458" />
  <attribute name="Time Running"value="13066"/>
  <attribute name="Number of cores"value="4"/>
<gc-start id="1137" type="partial gc" contextid="1136" timestamp="2019-07-02T20:36:51.906">
  <mem-info id="1138" free="19922944" total="136314880" percent="14">
    <mem type="eden" free="0" total="39845888" percent="0" />
    <remembered-set count="47808" freebytes="5250048" totalbytes="5441280" percent="96" regionsoverflowed="0" regionsstable="0" regionsrebuilding="9"/>
  </mem-info>
</gc-start>
<allocation-stats totalBytes="39824472" >
  <allocated-bytes non-tlh="0" tlh="39824472" arrayletleaf="0"/>
  <largest-consumer threadName="main" threadId="000000000074D700" bytes="19912424" />
</allocation-stats>
<gc-op id="1139" type="copy forward" timems="4.211" contextid="1136" timestamp="2019-07-02T20:36:51.911">
  <memory-copied type="eden" objects="45" bytes="2080" bytesdiscarded="0" />
  <memory-copied type="other" objects="20663" bytes="841016" bytesdiscarded="30968" />
  <memory-cardclean objects="34114" bytes="1210184" />
  <remembered-set-cleared processed="34851" cleared="11123" durationms="0.227" />
  <references type="soft" candidates="275" cleared="0" enqueued="0" dynamicThreshold="9" maxThreshold="32" />
  <references type="weak" candidates="1713" cleared="0" enqueued="0" />
  <stringconstants candidates="13750" cleared="0"  />
</gc-op>
<gc-op id="1140" type="classunload" timems="0.006" contextid="1136" timestamp="2019-07-02T20:36:51.911">
  <classunload-info classloadercandidates="54" classloadersunloaded="0" classesunloaded="0" anonymousclassesunloaded="0" quiescems="0.000" setupms="0.005" scanms="0.000" postms="0.000" />
</gc-op>
<gc-end id="1141" type="partial gc" contextid="1136" durationms="5.504" usertimems="8.000" systemtimems="0.000" timestamp="2019-07-02T20:36:51.911" activeThreads="4">
  <mem-info id="1142" free="83886080" total="136314880" percent="61">
    <mem type="eden" free="1046496" total="1048576" percent="99" />
    <remembered-set count="41440" freebytes="5275520" totalbytes="5441280" percent="96" regionsoverflowed="0" regionsstable="0" regionsrebuilding="9"/>
  </mem-info>
</gc-end>
<cycle-end id="1143" type="partial gc" contextid="1136" timestamp="2019-07-02T20:36:51.911">
  <attribute name="GC Util" value="67" />
  <attribute name="CPU Util" value="64866530641091" />
  <attribute name="Time Running"value="13103"/>
  <attribute name="Number of cores"value="4"/>
</cycle-end>
<exclusive-end id="1144" timestamp="2019-07-02T20:36:51.911" durationms="6.495" />

<exclusive-start id="1145" timestamp="2019-07-02T20:36:51.934" intervalms="29.331">
  <response-info timems="0.070" idlems="0.070" threads="0" lastid="000000000074D700" lastname="main" />
</exclusive-start>
<allocation-taxation id="1146" taxation-threshold="19922944" timestamp="2019-07-02T20:36:51.935" intervalms="29.408" />
<gc-start id="1147" type="global mark phase" contextid="1125" timestamp="2019-07-02T20:36:51.935">
  <mem-info id="1148" free="63963136" total="136314880" percent="46">
    <remembered-set count="41408" freebytes="5275648" totalbytes="5441280" percent="96" regionsoverflowed="0" regionsstable="0" regionsrebuilding="9"/>
  </mem-info>
</gc-start>
<gc-end id="1149" type="global mark phase" contextid="1125" durationms="0.143" usertimems="0.000" systemtimems="0.000" timestamp="2019-07-02T20:36:51.935" activeThreads="4">
  <mem-info id="1150" free="63963136" total="136314880" percent="46">
    <remembered-set count="41408" freebytes="5275648" totalbytes="5441280" percent="96" regionsoverflowed="0" regionsstable="0" regionsrebuilding="9"/>
  </mem-info>
</gc-end>
<concurrent-start id="1151" type="GMP work packet processing" contextid="1125" timestamp="2019-07-02T20:36:51.935">
  <concurrent-mark-start scanTarget="1122183" />
</concurrent-start>
<exclusive-end id="1152" timestamp="2019-07-02T20:36:51.935" durationms="0.893" />

<concurrent-end id="1153" type="GMP work packet processing" contextid="1125" timestamp="2019-07-02T20:36:51.936">
  <concurrent-mark-end bytesScanned="1150704" reasonForTermination="Work target met" />
</concurrent-end>

<exclusive-start id="1154" timestamp="2019-07-02T20:36:51.991" intervalms="57.017">
  <response-info timems="0.056" idlems="0.056" threads="0" lastid="000000000074D700" lastname="main" />
</exclusive-start>
<allocation-taxation id="1155" taxation-threshold="19922944" timestamp="2019-07-02T20:36:51.992" intervalms="57.003" />
<cycle-start id="1156" type="partial gc" contextid="0" timestamp="2019-07-02T20:36:51.992" intervalms="86.368" />
  <attribute name="GC Util" value="33" />
  <attribute name="CPU Util" value="641627551610" />
  <attribute name="Time Running"value="13132"/>
  <attribute name="Number of cores"value="4"/>
<gc-start id="1157" type="partial gc" contextid="1156" timestamp="2019-07-02T20:36:51.992">
  <mem-info id="1158" free="44040192" total="136314880" percent="32">
    <mem type="eden" free="0" total="39845888" percent="0" />
    <remembered-set count="41408" freebytes="5275648" totalbytes="5441280" percent="96" regionsoverflowed="0" regionsstable="0" regionsrebuilding="9"/>
  </mem-info>
</gc-start>
<allocation-stats totalBytes="39803512" >
  <allocated-bytes non-tlh="25896" tlh="39777616" arrayletleaf="0"/>
  <largest-consumer threadName="main" threadId="000000000074D700" bytes="19895968" />
</allocation-stats>
<gc-op id="1159" type="copy forward" timems="2.101" contextid="1156" timestamp="2019-07-02T20:36:51.995">
  <memory-copied type="eden" objects="1325" bytes="101496" bytesdiscarded="904" />
  <memory-copied type="other" objects="5993" bytes="128792" bytesdiscarded="5816" />
  <memory-cardclean objects="2073" bytes="80480" />
  <remembered-set-cleared processed="37506" cleared="491" durationms="0.183" />
  <references type="soft" candidates="147" cleared="0" enqueued="0" dynamicThreshold="15" maxThreshold="32" />
  <references type="weak" candidates="1771" cleared="10" enqueued="7" />
  <stringconstants candidates="13792" cleared="0"  />
</gc-op>
<gc-op id="1160" type="classunload" timems="0.004" contextid="1156" timestamp="2019-07-02T20:36:51.995">
  <classunload-info classloadercandidates="54" classloadersunloaded="0" classesunloaded="0" anonymousclassesunloaded="0" quiescems="0.000" setupms="0.004" scanms="0.000" postms="0.000" />
</gc-op>
<gc-end id="1161" type="partial gc" contextid="1156" durationms="3.560" usertimems="8.000" systemtimems="0.000" timestamp="2019-07-02T20:36:51.996" activeThreads="4">
  <mem-info id="1162" free="83886080" total="136314880" percent="61">
    <mem type="eden" free="946168" total="1048576" percent="90" />
    <pending-finalizers system="0" default="0" reference="7" classloader="0" />
    <remembered-set count="42208" freebytes="5272448" totalbytes="5441280" percent="96" regionsoverflowed="0" regionsstable="0" regionsrebuilding="9"/>
  </mem-info>
</gc-end>
<cycle-end id="1163" type="partial gc" contextid="1156" timestamp="2019-07-02T20:36:51.996">
  <attribute name="GC Util" value="41" />
  <attribute name="CPU Util" value="65230784401742" />
  <attribute name="Time Running"value="13190"/>
  <attribute name="Number of cores"value="4"/>
</cycle-end>
<exclusive-end id="1164" timestamp="2019-07-02T20:36:51.996" durationms="4.635" />

<exclusive-start id="1165" timestamp="2019-07-02T20:36:52.044" intervalms="52.322">
  <response-info timems="0.091" idlems="0.091" threads="0" lastid="000000000074D700" lastname="main" />
</exclusive-start>
<allocation-taxation id="1166" taxation-threshold="19922944" timestamp="2019-07-02T20:36:52.044" intervalms="52.355" />
<gc-start id="1167" type="global mark phase" contextid="1125" timestamp="2019-07-02T20:36:52.044">
  <mem-info id="1168" free="63963136" total="136314880" percent="46">
    <remembered-set count="41952" freebytes="5273472" totalbytes="5441280" percent="96" regionsoverflowed="0" regionsstable="0" regionsrebuilding="9"/>
  </mem-info>
</gc-start>
<gc-end id="1169" type="global mark phase" contextid="1125" durationms="0.167" usertimems="0.000" systemtimems="0.000" timestamp="2019-07-02T20:36:52.044" activeThreads="4">
  <mem-info id="1170" free="63963136" total="136314880" percent="46">
    <remembered-set count="41952" freebytes="5273472" totalbytes="5441280" percent="96" regionsoverflowed="0" regionsstable="0" regionsrebuilding="9"/>
  </mem-info>
</gc-end>
<concurrent-start id="1171" type="GMP work packet processing" contextid="1125" timestamp="2019-07-02T20:36:52.044">
  <concurrent-mark-start scanTarget="1122183" />
</concurrent-start>
<exclusive-end id="1172" timestamp="2019-07-02T20:36:52.045" durationms="1.028" />

<concurrent-end id="1173" type="GMP work packet processing" contextid="1125" timestamp="2019-07-02T20:36:52.046">
  <concurrent-mark-end bytesScanned="1154300" reasonForTermination="Work target met" />
</concurrent-end>

<exclusive-start id="1174" timestamp="2019-07-02T20:36:52.226" intervalms="182.750">
  <response-info timems="0.075" idlems="0.075" threads="0" lastid="000000000074D700" lastname="main" />
</exclusive-start>
<allocation-taxation id="1175" taxation-threshold="19922944" timestamp="2019-07-02T20:36:52.227" intervalms="182.765" />
<cycle-start id="1176" type="partial gc" contextid="0" timestamp="2019-07-02T20:36:52.227" intervalms="235.157" />
  <attribute name="GC Util" value="10" />
  <attribute name="CPU Util" value="357118589894" />
  <attribute name="Time Running"value="13241"/>
  <attribute name="Number of cores"value="4"/>
<gc-start id="1177" type="partial gc" contextid="1176" timestamp="2019-07-02T20:36:52.227">
  <mem-info id="1178" free="44040192" total="136314880" percent="32">
    <mem type="eden" free="0" total="39845888" percent="0" />
    <remembered-set count="41952" freebytes="5273472" totalbytes="5441280" percent="96" regionsoverflowed="0" regionsstable="0" regionsrebuilding="9"/>
  </mem-info>
</gc-start>
<allocation-stats totalBytes="39806640" >
  <allocated-bytes non-tlh="0" tlh="39806640" arrayletleaf="0"/>
  <largest-consumer threadName="main" threadId="000000000074D700" bytes="19917168" />
</allocation-stats>
<gc-op id="1179" type="copy forward" timems="2.360" contextid="1176" timestamp="2019-07-02T20:36:52.230">
  <memory-copied type="eden" objects="70" bytes="2312" bytesdiscarded="0" />
  <memory-copied type="other" objects="6075" bytes="224184" bytesdiscarded="12032" />
  <memory-cardclean objects="1938" bytes="67712" />
  <remembered-set-cleared processed="38139" cleared="924" durationms="0.201" />
  <references type="soft" candidates="1659" cleared="0" enqueued="0" dynamicThreshold="15" maxThreshold="32" />
  <references type="weak" candidates="1799" cleared="0" enqueued="0" />
  <stringconstants candidates="13792" cleared="0"  />
</gc-op>
<gc-op id="1180" type="classunload" timems="0.005" contextid="1176" timestamp="2019-07-02T20:36:52.230">
  <classunload-info classloadercandidates="54" classloadersunloaded="0" classesunloaded="0" anonymousclassesunloaded="0" quiescems="0.000" setupms="0.004" scanms="0.000" postms="0.000" />
</gc-op>
<heap-resize id="1181" type="contract" space="default" amount="7340032" count="1" timems="0.138" reason="insufficient time being spent in gc" timestamp="2019-07-02T20:36:52.231" />
<gc-end id="1182" type="partial gc" contextid="1176" durationms="3.773" usertimems="8.000" systemtimems="0.000" timestamp="2019-07-02T20:36:52.231" activeThreads="4">
  <mem-info id="1183" free="75497472" total="128974848" percent="58">
    <mem type="eden" free="1046264" total="1048576" percent="99" />
    <remembered-set count="43616" freebytes="5266816" totalbytes="5441280" percent="96" regionsoverflowed="0" regionsstable="0" regionsrebuilding="9"/>
  </mem-info>
</gc-end>
<cycle-end id="1184" type="partial gc" contextid="1176" timestamp="2019-07-02T20:36:52.231">
  <attribute name="GC Util" value="55" />
  <attribute name="CPU Util" value="74024149301703" />
  <attribute name="Time Running"value="13425"/>
  <attribute name="Number of cores"value="4"/>
</cycle-end>
<exclusive-end id="1185" timestamp="2019-07-02T20:36:52.231" durationms="4.913" />

<exclusive-start id="1186" timestamp="2019-07-02T20:36:52.286" intervalms="59.816">
  <response-info timems="0.074" idlems="0.074" threads="0" lastid="000000000074D700" lastname="main" />
</exclusive-start>
<allocation-taxation id="1187" taxation-threshold="18874368" timestamp="2019-07-02T20:36:52.286" intervalms="59.782" />
<gc-start id="1188" type="global mark phase" contextid="1125" timestamp="2019-07-02T20:36:52.287">
  <mem-info id="1189" free="56623104" total="128974848" percent="43">
    <remembered-set count="39776" freebytes="5282176" totalbytes="5441280" percent="97" regionsoverflowed="0" regionsstable="1" regionsrebuilding="9"/>
  </mem-info>
</gc-start>
<gc-end id="1190" type="global mark phase" contextid="1125" durationms="0.153" usertimems="0.000" systemtimems="0.000" timestamp="2019-07-02T20:36:52.287" activeThreads="4">
  <mem-info id="1191" free="56623104" total="128974848" percent="43">
    <remembered-set count="39776" freebytes="5282176" totalbytes="5441280" percent="97" regionsoverflowed="0" regionsstable="1" regionsrebuilding="9"/>
  </mem-info>
</gc-end>
<concurrent-start id="1192" type="GMP work packet processing" contextid="1125" timestamp="2019-07-02T20:36:52.287">
  <concurrent-mark-start scanTarget="1122183" />
</concurrent-start>
<exclusive-end id="1193" timestamp="2019-07-02T20:36:52.287" durationms="1.090" />

<concurrent-end id="1194" type="GMP work packet processing" contextid="1125" timestamp="2019-07-02T20:36:52.288">
  <concurrent-mark-end bytesScanned="1145872" reasonForTermination="Work target met" />
</concurrent-end>

<exclusive-start id="1195" timestamp="2019-07-02T20:36:52.337" intervalms="51.189">
  <response-info timems="0.087" idlems="0.087" threads="0" lastid="000000000074D700" lastname="main" />
</exclusive-start>
<allocation-taxation id="1196" taxation-threshold="18874368" timestamp="2019-07-02T20:36:52.338" intervalms="51.147" />
<cycle-start id="1197" type="partial gc" contextid="0" timestamp="2019-07-02T20:36:52.338" intervalms="110.942" />
  <attribute name="GC Util" value="9" />
  <attribute name="CPU Util" value="311214262973" />
  <attribute name="Time Running"value="13484"/>
  <attribute name="Number of cores"value="4"/>
<gc-start id="1198" type="partial gc" contextid="1197" timestamp="2019-07-02T20:36:52.338">
  <mem-info id="1199" free="37748736" total="128974848" percent="29">
    <mem type="eden" free="0" total="37748736" percent="0" />
    <remembered-set count="39840" freebytes="5281920" totalbytes="5441280" percent="97" regionsoverflowed="0" regionsstable="1" regionsrebuilding="9"/>
  </mem-info>
</gc-start>
<allocation-stats totalBytes="37741488" >
  <allocated-bytes non-tlh="0" tlh="37741488" arrayletleaf="0"/>
  <largest-consumer threadName="main" threadId="000000000074D700" bytes="18870944" />
</allocation-stats>
<gc-op id="1200" type="copy forward" timems="2.355" contextid="1197" timestamp="2019-07-02T20:36:52.342">
  <memory-copied type="eden" objects="3" bytes="120" bytesdiscarded="0" />
  <memory-copied type="other" objects="5931" bytes="268248" bytesdiscarded="12736" />
  <memory-cardclean objects="472" bytes="33504" />
  <remembered-set-cleared processed="35560" cleared="978" durationms="0.202" />
  <references type="soft" candidates="1403" cleared="0" enqueued="0" dynamicThreshold="14" maxThreshold="32" />
  <references type="weak" candidates="317" cleared="0" enqueued="0" />
  <stringconstants candidates="13792" cleared="0"  />
</gc-op>
<gc-op id="1201" type="classunload" timems="0.004" contextid="1197" timestamp="2019-07-02T20:36:52.342">
  <classunload-info classloadercandidates="54" classloadersunloaded="0" classesunloaded="0" anonymousclassesunloaded="0" quiescems="0.000" setupms="0.004" scanms="0.000" postms="0.000" />
</gc-op>
<heap-resize id="1202" type="contract" space="default" amount="7340032" count="1" timems="0.206" reason="insufficient time being spent in gc" timestamp="2019-07-02T20:36:52.342" />
<gc-end id="1203" type="partial gc" contextid="1197" durationms="4.237" usertimems="8.000" systemtimems="0.000" timestamp="2019-07-02T20:36:52.342" activeThreads="4">
  <mem-info id="1204" free="69206016" total="121634816" percent="56">
    <mem type="eden" free="1048456" total="1048576" percent="99" />
    <remembered-set count="39680" freebytes="4989568" totalbytes="5148288" percent="96" regionsoverflowed="0" regionsstable="1" regionsrebuilding="9"/>
  </mem-info>
</gc-end>
<cycle-end id="1205" type="partial gc" contextid="1197" timestamp="2019-07-02T20:36:52.343">
  <attribute name="GC Util" value="23" />
  <attribute name="CPU Util" value="28765461601247" />
  <attribute name="Time Running"value="13536"/>
  <attribute name="Number of cores"value="4"/>
</cycle-end>
<exclusive-end id="1206" timestamp="2019-07-02T20:36:52.343" durationms="5.384" />

<exclusive-start id="1207" timestamp="2019-07-02T20:36:52.389" intervalms="51.424">
  <response-info timems="0.071" idlems="0.071" threads="0" lastid="000000000074D700" lastname="main" />
</exclusive-start>
<allocation-taxation id="1208" taxation-threshold="17825792" timestamp="2019-07-02T20:36:52.389" intervalms="51.371" />
<gc-start id="1209" type="global mark phase" contextid="1125" timestamp="2019-07-02T20:36:52.389">
  <mem-info id="1210" free="51380224" total="121634816" percent="42">
    <remembered-set count="39552" freebytes="4990080" totalbytes="5148288" percent="96" regionsoverflowed="0" regionsstable="1" regionsrebuilding="9"/>
  </mem-info>
</gc-start>
<gc-end id="1211" type="global mark phase" contextid="1125" durationms="0.130" usertimems="0.000" systemtimems="0.000" timestamp="2019-07-02T20:36:52.389" activeThreads="4">
  <mem-info id="1212" free="51380224" total="121634816" percent="42">
    <remembered-set count="39552" freebytes="4990080" totalbytes="5148288" percent="96" regionsoverflowed="0" regionsstable="1" regionsrebuilding="9"/>
  </mem-info>
</gc-end>
<concurrent-start id="1213" type="GMP work packet processing" contextid="1125" timestamp="2019-07-02T20:36:52.389">
  <concurrent-mark-start scanTarget="1122183" />
</concurrent-start>
<exclusive-end id="1214" timestamp="2019-07-02T20:36:52.390" durationms="0.855" />

<concurrent-end id="1215" type="GMP work packet processing" contextid="1125" timestamp="2019-07-02T20:36:52.390">
  <concurrent-mark-end bytesScanned="1158444" reasonForTermination="Work target met" />
</concurrent-end>

<exclusive-start id="1216" timestamp="2019-07-02T20:36:52.436" intervalms="47.552">
  <response-info timems="0.134" idlems="0.134" threads="0" lastid="000000000074D700" lastname="main" />
</exclusive-start>
<allocation-taxation id="1217" taxation-threshold="17825792" timestamp="2019-07-02T20:36:52.437" intervalms="47.627" />
<cycle-start id="1218" type="partial gc" contextid="0" timestamp="2019-07-02T20:36:52.437" intervalms="98.957" />
  <attribute name="GC Util" value="11" />
  <attribute name="CPU Util" value="366342231774" />
  <attribute name="Time Running"value="13586"/>
  <attribute name="Number of cores"value="4"/>
<gc-start id="1219" type="partial gc" contextid="1218" timestamp="2019-07-02T20:36:52.437">
  <mem-info id="1220" free="33554432" total="121634816" percent="27">
    <mem type="eden" free="1048456" total="36700160" percent="2" />
    <remembered-set count="40768" freebytes="4985216" totalbytes="5148288" percent="96" regionsoverflowed="0" regionsstable="1" regionsrebuilding="9"/>
  </mem-info>
</gc-start>
<allocation-stats totalBytes="35644656" >
  <allocated-bytes non-tlh="0" tlh="35644656" arrayletleaf="0"/>
  <largest-consumer threadName="main" threadId="000000000074D700" bytes="17822312" />
</allocation-stats>
<gc-op id="1221" type="copy forward" timems="2.559" contextid="1218" timestamp="2019-07-02T20:36:52.441">
  <memory-copied type="eden" objects="5" bytes="240" bytesdiscarded="0" />
  <memory-copied type="other" objects="11954" bytes="381440" bytesdiscarded="21472" />
  <memory-cardclean objects="10093" bytes="355776" />
  <remembered-set-cleared processed="35675" cleared="3190" durationms="0.209" />
  <finalization candidates="3" enqueued="0" />
  <references type="soft" candidates="1447" cleared="0" enqueued="0" dynamicThreshold="13" maxThreshold="32" />
  <references type="weak" candidates="703" cleared="0" enqueued="0" />
  <references type="phantom" candidates="1" cleared="0" enqueued="0" />
  <stringconstants candidates="13792" cleared="4"  />
</gc-op>
<gc-op id="1222" type="classunload" timems="0.004" contextid="1218" timestamp="2019-07-02T20:36:52.441">
  <classunload-info classloadercandidates="54" classloadersunloaded="0" classesunloaded="0" anonymousclassesunloaded="0" quiescems="0.000" setupms="0.004" scanms="0.000" postms="0.000" />
</gc-op>
<heap-resize id="1223" type="contract" space="default" amount="6291456" count="1" timems="0.284" reason="insufficient time being spent in gc" timestamp="2019-07-02T20:36:52.441" />
<gc-end id="1224" type="partial gc" contextid="1218" durationms="4.515" usertimems="8.000" systemtimems="0.000" timestamp="2019-07-02T20:36:52.442" activeThreads="4">
  <mem-info id="1225" free="65011712" total="115343360" percent="56">
    <mem type="eden" free="1048336" total="1048576" percent="99" />
    <remembered-set count="40512" freebytes="4693248" totalbytes="4855296" percent="96" regionsoverflowed="0" regionsstable="1" regionsrebuilding="9"/>
  </mem-info>
</gc-end>
<cycle-end id="1226" type="partial gc" contextid="1218" timestamp="2019-07-02T20:36:52.442">
  <attribute name="GC Util" value="39" />
  <attribute name="CPU Util" value="30885669333270" />
  <attribute name="Time Running"value="13635"/>
  <attribute name="Number of cores"value="4"/>
</cycle-end>
<exclusive-end id="1227" timestamp="2019-07-02T20:36:52.442" durationms="5.600" />

<exclusive-start id="1228" timestamp="2019-07-02T20:36:52.487" intervalms="50.694">
  <response-info timems="0.070" idlems="0.070" threads="0" lastid="000000000074D700" lastname="main" />
</exclusive-start>
<allocation-taxation id="1229" taxation-threshold="17825792" timestamp="2019-07-02T20:36:52.487" intervalms="50.731" />
<gc-start id="1230" type="global mark phase" contextid="1125" timestamp="2019-07-02T20:36:52.488">
  <mem-info id="1231" free="47185920" total="115343360" percent="40">
    <remembered-set count="40064" freebytes="4695040" totalbytes="4855296" percent="96" regionsoverflowed="0" regionsstable="1" regionsrebuilding="9"/>
  </mem-info>
</gc-start>
<gc-end id="1232" type="global mark phase" contextid="1125" durationms="0.234" usertimems="0.000" systemtimems="0.000" timestamp="2019-07-02T20:36:52.488" activeThreads="4">
  <mem-info id="1233" free="47185920" total="115343360" percent="40">
    <remembered-set count="40064" freebytes="4695040" totalbytes="4855296" percent="96" regionsoverflowed="0" regionsstable="1" regionsrebuilding="9"/>
  </mem-info>
</gc-end>
<concurrent-start id="1234" type="GMP work packet processing" contextid="1125" timestamp="2019-07-02T20:36:52.488">
  <concurrent-mark-start scanTarget="1122183" />
</concurrent-start>
<exclusive-end id="1235" timestamp="2019-07-02T20:36:52.489" durationms="1.792" />

<concurrent-end id="1236" type="GMP work packet processing" contextid="1125" timestamp="2019-07-02T20:36:52.489">
  <concurrent-mark-end bytesScanned="1173660" reasonForTermination="Work target met" />
</concurrent-end>

<exclusive-start id="1237" timestamp="2019-07-02T20:36:52.511" intervalms="23.807">
  <response-info timems="0.051" idlems="0.051" threads="0" lastid="000000000074D700" lastname="main" />
</exclusive-start>
<allocation-taxation id="1238" taxation-threshold="17825792" timestamp="2019-07-02T20:36:52.511" intervalms="23.772" />
<cycle-start id="1239" type="partial gc" contextid="0" timestamp="2019-07-02T20:36:52.511" intervalms="74.533" />
  <attribute name="GC Util" value="16" />
  <attribute name="CPU Util" value="370108657109" />
  <attribute name="Time Running"value="13685"/>
  <attribute name="Number of cores"value="4"/>
<gc-start id="1240" type="partial gc" contextid="1239" timestamp="2019-07-02T20:36:52.512">
  <mem-info id="1241" free="29360128" total="115343360" percent="25">
    <mem type="eden" free="1048336" total="36700160" percent="2" />
    <remembered-set count="41312" freebytes="4690048" totalbytes="4855296" percent="96" regionsoverflowed="0" regionsstable="1" regionsrebuilding="9"/>
  </mem-info>
</gc-start>
<allocation-stats totalBytes="35623288" >
  <allocated-bytes non-tlh="0" tlh="35623288" arrayletleaf="0"/>
  <largest-consumer threadName="main" threadId="000000000074D700" bytes="17801184" />
</allocation-stats>
<gc-op id="1242" type="copy forward" timems="2.919" contextid="1239" timestamp="2019-07-02T20:36:52.516">
  <memory-copied type="eden" objects="26" bytes="1328" bytesdiscarded="0" />
  <memory-copied type="other" objects="21544" bytes="649488" bytesdiscarded="38600" />
  <memory-cardclean objects="8078" bytes="304024" />
  <remembered-set-cleared processed="36793" cleared="4339" durationms="0.225" />
  <references type="soft" candidates="1992" cleared="0" enqueued="0" dynamicThreshold="13" maxThreshold="32" />
  <references type="weak" candidates="1266" cleared="0" enqueued="0" />
  <references type="phantom" candidates="1" cleared="0" enqueued="0" />
  <stringconstants candidates="13788" cleared="0"  />
</gc-op>
<gc-op id="1243" type="classunload" timems="0.005" contextid="1239" timestamp="2019-07-02T20:36:52.516">
  <classunload-info classloadercandidates="54" classloadersunloaded="0" classesunloaded="0" anonymousclassesunloaded="0" quiescems="0.000" setupms="0.005" scanms="0.000" postms="0.000" />
</gc-op>
<gc-end id="1244" type="partial gc" contextid="1239" durationms="4.446" usertimems="12.000" systemtimems="0.000" timestamp="2019-07-02T20:36:52.516" activeThreads="4">
  <mem-info id="1245" free="67108864" total="115343360" percent="58">
    <mem type="eden" free="1047248" total="1048576" percent="99" />
    <remembered-set count="42400" freebytes="4434560" totalbytes="4604160" percent="96" regionsoverflowed="0" regionsstable="1" regionsrebuilding="9"/>
  </mem-info>
</gc-end>
<cycle-end id="1246" type="partial gc" contextid="1239" timestamp="2019-07-02T20:36:52.516">
  <attribute name="GC Util" value="40" />
  <attribute name="CPU Util" value="31696307766739" />
  <attribute name="Time Running"value="13710"/>
  <attribute name="Number of cores"value="4"/>
</cycle-end>
<exclusive-end id="1247" timestamp="2019-07-02T20:36:52.516" durationms="5.468" />

<exclusive-start id="1248" timestamp="2019-07-02T20:36:52.533" intervalms="22.174">
  <response-info timems="0.081" idlems="0.081" threads="0" lastid="000000000074D700" lastname="main" />
</exclusive-start>
<allocation-taxation id="1249" taxation-threshold="17825792" timestamp="2019-07-02T20:36:52.533" intervalms="22.103" />
<gc-start id="1250" type="global mark phase" contextid="1125" timestamp="2019-07-02T20:36:52.533">
  <mem-info id="1251" free="49283072" total="115343360" percent="42">
    <remembered-set count="40352" freebytes="4442752" totalbytes="4604160" percent="96" regionsoverflowed="0" regionsstable="2" regionsrebuilding="9"/>
  </mem-info>
</gc-start>
<gc-end id="1252" type="global mark phase" contextid="1125" durationms="0.200" usertimems="0.000" systemtimems="0.000" timestamp="2019-07-02T20:36:52.534" activeThreads="4">
  <mem-info id="1253" free="49283072" total="115343360" percent="42">
    <remembered-set count="40352" freebytes="4442752" totalbytes="4604160" percent="96" regionsoverflowed="0" regionsstable="2" regionsrebuilding="9"/>
  </mem-info>
</gc-end>
<concurrent-start id="1254" type="GMP work packet processing" contextid="1125" timestamp="2019-07-02T20:36:52.534">
  <concurrent-mark-start scanTarget="1122183" />
</concurrent-start>
<exclusive-end id="1255" timestamp="2019-07-02T20:36:52.535" durationms="1.532" />

<concurrent-end id="1256" type="GMP work packet processing" contextid="1125" timestamp="2019-07-02T20:36:52.535">
  <concurrent-mark-end bytesScanned="1170692" reasonForTermination="Work target met" />
</concurrent-end>

<exclusive-start id="1257" timestamp="2019-07-02T20:36:52.551" intervalms="17.623">
  <response-info timems="0.079" idlems="0.079" threads="0" lastid="000000000074D700" lastname="main" />
</exclusive-start>
<allocation-taxation id="1258" taxation-threshold="17825792" timestamp="2019-07-02T20:36:52.551" intervalms="17.705" />
<cycle-start id="1259" type="partial gc" contextid="0" timestamp="2019-07-02T20:36:52.551" intervalms="39.831" />
  <attribute name="GC Util" value="42" />
  <attribute name="CPU Util" value="873365210040" />
  <attribute name="Time Running"value="13731"/>
  <attribute name="Number of cores"value="4"/>
<gc-start id="1260" type="partial gc" contextid="1259" timestamp="2019-07-02T20:36:52.551">
  <mem-info id="1261" free="31457280" total="115343360" percent="27">
    <mem type="eden" free="0" total="35651584" percent="0" />
    <remembered-set count="40416" freebytes="4442496" totalbytes="4604160" percent="96" regionsoverflowed="0" regionsstable="2" regionsrebuilding="9"/>
  </mem-info>
</gc-start>
<allocation-stats totalBytes="35602416" >
  <allocated-bytes non-tlh="0" tlh="35602416" arrayletleaf="0"/>
  <largest-consumer threadName="main" threadId="000000000074D700" bytes="17801208" />
</allocation-stats>
<gc-op id="1262" type="copy forward" timems="2.425" contextid="1259" timestamp="2019-07-02T20:36:52.555">
  <memory-copied type="eden" objects="4" bytes="96" bytesdiscarded="696" />
  <memory-copied type="other" objects="18783" bytes="817240" bytesdiscarded="24152" />
  <memory-cardclean objects="2185" bytes="212832" />
  <remembered-set-cleared processed="36683" cleared="1589" durationms="0.197" />
  <references type="soft" candidates="1049" cleared="0" enqueued="0" dynamicThreshold="13" maxThreshold="32" />
  <references type="weak" candidates="287" cleared="0" enqueued="0" />
  <references type="phantom" candidates="3" cleared="0" enqueued="0" />
  <stringconstants candidates="13788" cleared="0"  />
</gc-op>
<gc-op id="1263" type="classunload" timems="0.005" contextid="1259" timestamp="2019-07-02T20:36:52.555">
  <classunload-info classloadercandidates="54" classloadersunloaded="0" classesunloaded="0" anonymousclassesunloaded="0" quiescems="0.000" setupms="0.005" scanms="0.000" postms="0.000" />
</gc-op>
<heap-resize id="1264" type="expand" space="default" amount="3145728" count="1" timems="0.064" reason="excessive time being spent in gc" timestamp="2019-07-02T20:36:52.555" />
<gc-end id="1265" type="partial gc" contextid="1259" durationms="3.708" usertimems="4.000" systemtimems="0.000" timestamp="2019-07-02T20:36:52.555" activeThreads="4">
  <mem-info id="1266" free="71303168" total="118489088" percent="60">
    <mem type="eden" free="1047784" total="1048576" percent="99" />
    <remembered-set count="40768" freebytes="4566656" totalbytes="4729728" percent="96" regionsoverflowed="0" regionsstable="2" regionsrebuilding="9"/>
  </mem-info>
</gc-end>
<cycle-end id="1267" type="partial gc" contextid="1259" timestamp="2019-07-02T20:36:52.555">
  <attribute name="GC Util" value="83" />
  <attribute name="CPU Util" value="68516164416753" />
  <attribute name="Time Running"value="13749"/>
  <attribute name="Number of cores"value="4"/>
</cycle-end>
<exclusive-end id="1268" timestamp="2019-07-02T20:36:52.555" durationms="4.695" />

<exclusive-start id="1269" timestamp="2019-07-02T20:36:52.569" intervalms="18.286">
  <response-info timems="0.070" idlems="0.070" threads="0" lastid="000000000074D700" lastname="main" />
</exclusive-start>
<allocation-taxation id="1270" taxation-threshold="17825792" timestamp="2019-07-02T20:36:52.569" intervalms="18.193" />
<gc-start id="1271" type="global mark phase" contextid="1125" timestamp="2019-07-02T20:36:52.569">
  <mem-info id="1272" free="53477376" total="118489088" percent="45">
    <remembered-set count="40000" freebytes="4569728" totalbytes="4729728" percent="96" regionsoverflowed="0" regionsstable="3" regionsrebuilding="9"/>
  </mem-info>
</gc-start>
<gc-end id="1273" type="global mark phase" contextid="1125" durationms="0.211" usertimems="0.000" systemtimems="0.000" timestamp="2019-07-02T20:36:52.569" activeThreads="4">
  <mem-info id="1274" free="53477376" total="118489088" percent="45">
    <remembered-set count="40000" freebytes="4569728" totalbytes="4729728" percent="96" regionsoverflowed="0" regionsstable="3" regionsrebuilding="9"/>
  </mem-info>
</gc-end>
<concurrent-start id="1275" type="GMP work packet processing" contextid="1125" timestamp="2019-07-02T20:36:52.570">
  <concurrent-mark-start scanTarget="1122183" />
</concurrent-start>
<exclusive-end id="1276" timestamp="2019-07-02T20:36:52.570" durationms="1.347" />

<concurrent-end id="1277" type="GMP work packet processing" contextid="1125" timestamp="2019-07-02T20:36:52.570">
  <concurrent-mark-end bytesScanned="1162188" reasonForTermination="Work target met" />
</concurrent-end>

<exclusive-start id="1278" timestamp="2019-07-02T20:36:52.584" intervalms="15.125">
  <response-info timems="0.083" idlems="0.083" threads="0" lastid="000000000074D700" lastname="main" />
</exclusive-start>
<allocation-taxation id="1279" taxation-threshold="17825792" timestamp="2019-07-02T20:36:52.584" intervalms="15.211" />
<cycle-start id="1280" type="partial gc" contextid="0" timestamp="2019-07-02T20:36:52.584" intervalms="33.425" />
  <attribute name="GC Util" value="40" />
  <attribute name="CPU Util" value="1048351991356" />
  <attribute name="Time Running"value="13766"/>
  <attribute name="Number of cores"value="4"/>
<gc-start id="1281" type="partial gc" contextid="1280" timestamp="2019-07-02T20:36:52.585">
  <mem-info id="1282" free="35651584" total="118489088" percent="30">
    <mem type="eden" free="1047784" total="36700160" percent="2" />
    <remembered-set count="40576" freebytes="4567424" totalbytes="4729728" percent="96" regionsoverflowed="0" regionsstable="3" regionsrebuilding="9"/>
  </mem-info>
</gc-start>
<allocation-stats totalBytes="35602392" >
  <allocated-bytes non-tlh="0" tlh="35602392" arrayletleaf="0"/>
  <largest-consumer threadName="main" threadId="000000000074D700" bytes="17801184" />
</allocation-stats>
<gc-op id="1283" type="copy forward" timems="2.311" contextid="1280" timestamp="2019-07-02T20:36:52.588">
  <memory-copied type="eden" objects="4" bytes="96" bytesdiscarded="696" />
  <memory-copied type="other" objects="16985" bytes="702624" bytesdiscarded="37136" />
  <memory-cardclean objects="6030" bytes="324440" />
  <remembered-set-cleared processed="36709" cleared="1616" durationms="0.199" />
  <references type="soft" candidates="9" cleared="0" enqueued="0" dynamicThreshold="14" maxThreshold="32" />
  <references type="weak" candidates="27" cleared="0" enqueued="0" />
  <references type="phantom" candidates="2" cleared="0" enqueued="0" />
  <stringconstants candidates="13788" cleared="0"  />
</gc-op>
<gc-op id="1284" type="classunload" timems="0.004" contextid="1280" timestamp="2019-07-02T20:36:52.588">
  <classunload-info classloadercandidates="54" classloadersunloaded="0" classesunloaded="0" anonymousclassesunloaded="0" quiescems="0.000" setupms="0.004" scanms="0.000" postms="0.000" />
</gc-op>
<gc-end id="1285" type="partial gc" contextid="1280" durationms="3.372" usertimems="4.000" systemtimems="0.000" timestamp="2019-07-02T20:36:52.588" activeThreads="4">
  <mem-info id="1286" free="73400320" total="118489088" percent="61">
    <mem type="eden" free="1047784" total="1048576" percent="99" />
    <remembered-set count="40256" freebytes="4568704" totalbytes="4729728" percent="96" regionsoverflowed="0" regionsstable="3" regionsrebuilding="9"/>
  </mem-info>
</gc-end>
<cycle-end id="1287" type="partial gc" contextid="1280" timestamp="2019-07-02T20:36:52.588">
  <attribute name="GC Util" value="67" />
  <attribute name="CPU Util" value="76918801845424" />
  <attribute name="Time Running"value="13782"/>
  <attribute name="Number of cores"value="4"/>
</cycle-end>
<exclusive-end id="1288" timestamp="2019-07-02T20:36:52.588" durationms="4.318" />

</verbosegc>

