<?xml version="1.0" ?>

<verbosegc xmlns="http://www.ibm.com/j9/verbosegc" version="25b0271_CMPRSS">

<initialized id="1" timestamp="2019-07-02T19:53:25.095">
  <attribute name="gcPolicy" value="-Xgcpolicy:optthruput" />
  <attribute name="GC Util" value="0" />
  <attribute name="CPU Util" value="0" />
  <attribute name="Time Running"value="0"/>
  <attribute name="Number of cores"value="0"/>
  <attribute name="maxHeapSize" value="0x7cbc0000" />
  <attribute name="initialHeapSize" value="0x800000" />
  <attribute name="compressedRefs" value="true" />
  <attribute name="compressedRefsDisplacement" value="0x0" />
  <attribute name="compressedRefsShift" value="0x0" />
  <attribute name="pageSize" value="0x1000" />
  <attribute name="pageType" value="not used" />
  <attribute name="requestedPageSize" value="0x1000" />
  <attribute name="requestedPageType" value="not used" />
  <attribute name="gcthreads" value="4" />
  <attribute name="packetListSplit" value="4" />
  <attribute name="cacheListSplit" value="4" />
  <attribute name="splitFreeListSplitAmount" value="1" />
  <attribute name="numaNodes" value="0" />
  <system>
    <attribute name="physicalMemory" value="8370962432" />
    <attribute name="numCPUs" value="4" />
    <attribute name="architecture" value="amd64" />
    <attribute name="os" value="Linux" />
    <attribute name="osVersion" value="4.4.0-148-generic" />
  </system>
  <vmargs>
    <vmarg name="-Xoptionsfile=/vagrant/jdk/lib/options.default" />
    <vmarg name="-Xlockword:mode=default,noLockword=java/lang/String,noLockword=java/util/MapEntry,noLockword=java/util/HashMap$Entry,noLockword..." />
    <vmarg name="-Xjcl:jclse11_29" />
    <vmarg name="-Dcom.ibm.oti.vm.bootstrap.library.path=/vagrant/jdk/lib/compressedrefs:/vagrant/jdk/lib" />
    <vmarg name="-Dsun.boot.library.path=/vagrant/jdk/lib/compressedrefs:/vagrant/jdk/lib" />
    <vmarg name="-Djava.library.path=/vagrant/jdk/lib/compressedrefs:/vagrant/jdk/lib:/usr/lib64:/usr/lib" />
    <vmarg name="-Djava.home=/vagrant/jdk" />
    <vmarg name="-Duser.dir=/vagrant" />
    <vmarg name="-Xgcpolicy:optthruput" />
    <vmarg name="-verbose:gc" />
    <vmarg name="-Xloggc:default-OPTTHRUPUT-jdkF-verbose14sunflow.txt" />
    <vmarg name="-Djava.class.path=dacapo-9.12-MR1-bach.jar" />
    <vmarg name="-Dsun.java.command=dacapo-9.12-MR1-bach.jar sunflow --size=default" />
    <vmarg name="-Dsun.java.launcher=SUN_STANDARD" />
    <vmarg name="-Dsun.java.launcher.pid=16818" />
  </vmargs>
</initialized>

<exclusive-start id="2" timestamp="2019-07-02T19:53:25.446" intervalms="350.749">
  <response-info timems="0.082" idlems="0.082" threads="0" lastid="0000000001EEC700" lastname="main" />
</exclusive-start>
<sys-start reason="explicit" id="3" timestamp="2019-07-02T19:53:25.446" intervalms="351.331" />
<cycle-start id="4" type="global" contextid="0" timestamp="2019-07-02T19:53:25.447" intervalms="351.700" />
  <attribute name="GC Util" value="0" />
  <attribute name="CPU Util" value="87" />
  <attribute name="Time Running"value="0"/>
  <attribute name="Number of cores"value="4"/>
<gc-start id="5" type="global" contextid="4" timestamp="2019-07-02T19:53:25.447">
  <mem-info id="6" free="2302824" total="8388608" percent="27">
    <mem type="tenure" free="2302824" total="8388608" percent="27">
      <mem type="soa" free="1884008" total="7969792" percent="23" />
      <mem type="loa" free="418816" total="418816" percent="100" />
    </mem>
  </mem-info>
</gc-start>
<allocation-stats totalBytes="6082816" >
  <allocated-bytes non-tlh="1178776" tlh="4904040" />
  <largest-consumer threadName="main" threadId="0000000001EEC700" bytes="6011216" />
</allocation-stats>
<gc-op id="7" type="mark" timems="2.133" contextid="4" timestamp="2019-07-02T19:53:25.449">
  <trace-info objectcount="30029" scancount="24088" scanbytes="759036" />
  <finalization candidates="125" enqueued="1" />
  <ownableSynchronizers candidates="3" cleared="0" />
  <references type="soft" candidates="129" cleared="0" enqueued="0" dynamicThreshold="32" maxThreshold="32" />
  <references type="weak" candidates="1326" cleared="568" enqueued="478" />
  <references type="phantom" candidates="106" cleared="42" enqueued="42" />
  <stringconstants candidates="3935" cleared="0"  />
</gc-op>
<gc-op id="8" type="classunload" timems="0.043" contextid="4" timestamp="2019-07-02T19:53:25.449">
  <classunload-info classloadercandidates="7" classloadersunloaded="0" classesunloaded="0" anonymousclassesunloaded="0" quiescems="0.000" setupms="0.042" scanms="0.001" postms="0.000" />
</gc-op>
<gc-op id="9" type="sweep" timems="0.491" contextid="4" timestamp="2019-07-02T19:53:25.450" />
<gc-end id="10" type="global" contextid="4" durationms="3.126" usertimems="4.000" systemtimems="0.000" timestamp="2019-07-02T19:53:25.450" activeThreads="4">
  <mem-info id="11" free="6031624" total="8388608" percent="71">
    <mem type="tenure" free="6031624" total="8388608" percent="71" micro-fragmented="360942" macro-fragmented="0">
      <mem type="soa" free="5612808" total="7969792" percent="70" />
      <mem type="loa" free="418816" total="418816" percent="100" />
    </mem>
    <pending-finalizers system="1" default="0" reference="520" classloader="0" />
  </mem-info>
</gc-end>
<cycle-end id="12" type="global" contextid="4" timestamp="2019-07-02T19:53:25.450">
  <attribute name="GC Util" value="83" />
  <attribute name="CPU Util" value="7696707094449" />
  <attribute name="Time Running"value="260"/>
  <attribute name="Number of cores"value="4"/>
</cycle-end>
<sys-end id="13" timestamp="2019-07-02T19:53:25.450" />
<exclusive-end id="14" timestamp="2019-07-02T19:53:25.450" durationms="4.475" />

<exclusive-start id="15" timestamp="2019-07-02T19:53:25.633" intervalms="187.133">
  <response-info timems="0.073" idlems="0.073" threads="0" lastid="0000000002241D00" lastname="Thread-5" />
</exclusive-start>
<af-start id="16" threadId="0000000002242688" totalBytesRequested="24" timestamp="2019-07-02T19:53:25.633" intervalms="537.994" />
<cycle-start id="17" type="global" contextid="0" timestamp="2019-07-02T19:53:25.633" intervalms="186.378" />
  <attribute name="GC Util" value="83" />
  <attribute name="CPU Util" value="7696707094449" />
  <attribute name="Time Running"value="260"/>
  <attribute name="Number of cores"value="4"/>
<gc-start id="18" type="global" contextid="17" timestamp="2019-07-02T19:53:25.633">
  <mem-info id="19" free="418816" total="8388608" percent="4">
    <mem type="tenure" free="418816" total="8388608" percent="4">
      <mem type="soa" free="0" total="7969792" percent="0" />
      <mem type="loa" free="418816" total="418816" percent="100" />
    </mem>
  </mem-info>
</gc-start>
<allocation-stats totalBytes="5516880" >
  <allocated-bytes non-tlh="1731216" tlh="3785664" />
  <largest-consumer threadName="main" threadId="0000000001EEC700" bytes="3098016" />
</allocation-stats>
<gc-op id="20" type="mark" timems="1.684" contextid="17" timestamp="2019-07-02T19:53:25.635">
  <trace-info objectcount="42646" scancount="34325" scanbytes="1131784" />
  <finalization candidates="124" enqueued="0" />
  <ownableSynchronizers candidates="3" cleared="0" />
  <references type="soft" candidates="146" cleared="0" enqueued="0" dynamicThreshold="23" maxThreshold="32" />
  <references type="weak" candidates="803" cleared="29" enqueued="28" />
  <references type="phantom" candidates="65" cleared="2" enqueued="2" />
  <stringconstants candidates="4509" cleared="1"  />
</gc-op>
<gc-op id="21" type="sweep" timems="0.287" contextid="17" timestamp="2019-07-02T19:53:25.635" />
<gc-end id="22" type="global" contextid="17" durationms="2.278" usertimems="4.000" systemtimems="0.000" timestamp="2019-07-02T19:53:25.635" activeThreads="4">
  <mem-info id="23" free="4139048" total="8388608" percent="49">
    <mem type="tenure" free="4139048" total="8388608" percent="49" micro-fragmented="1072737" macro-fragmented="0">
      <mem type="soa" free="3720232" total="7969792" percent="46" />
      <mem type="loa" free="418816" total="418816" percent="100" />
    </mem>
    <pending-finalizers system="0" default="0" reference="30" classloader="0" />
  </mem-info>
</gc-end>
<cycle-end id="24" type="global" contextid="17" timestamp="2019-07-02T19:53:25.635">
  <attribute name="GC Util" value="84" />
  <attribute name="CPU Util" value="10407254472748" />
  <attribute name="Time Running"value="445"/>
  <attribute name="Number of cores"value="4"/>
</cycle-end>
<allocation-satisfied id="25" threadId="0000000002241D00" bytesRequested="24" />
<af-end id="26" timestamp="2019-07-02T19:53:25.636" threadId="0000000002242688" success="true" />
<exclusive-end id="27" timestamp="2019-07-02T19:53:25.636" durationms="2.931" />

<exclusive-start id="28" timestamp="2019-07-02T19:53:25.772" intervalms="139.690">
  <response-info timems="0.063" idlems="0.063" threads="0" lastid="0000000002241D00" lastname="Thread-5" />
</exclusive-start>
<af-start id="29" threadId="0000000002242688" totalBytesRequested="49112" timestamp="2019-07-02T19:53:25.773" intervalms="139.715" />
<cycle-start id="30" type="global" contextid="0" timestamp="2019-07-02T19:53:25.773" intervalms="139.743" />
  <attribute name="GC Util" value="84" />
  <attribute name="CPU Util" value="10407254472748" />
  <attribute name="Time Running"value="445"/>
  <attribute name="Number of cores"value="4"/>
<gc-start id="31" type="global" contextid="30" timestamp="2019-07-02T19:53:25.773">
  <mem-info id="32" free="418816" total="8388608" percent="4">
    <mem type="tenure" free="418816" total="8388608" percent="4">
      <mem type="soa" free="0" total="7969792" percent="0" />
      <mem type="loa" free="418816" total="418816" percent="100" />
    </mem>
  </mem-info>
</gc-start>
<allocation-stats totalBytes="3614776" >
  <allocated-bytes non-tlh="1250472" tlh="2364304" />
  <largest-consumer threadName="Thread-5" threadId="0000000002241D00" bytes="3614776" />
</allocation-stats>
<gc-op id="33" type="mark" timems="1.723" contextid="30" timestamp="2019-07-02T19:53:25.775">
  <trace-info objectcount="43611" scancount="35300" scanbytes="1180936" />
  <finalization candidates="124" enqueued="0" />
  <ownableSynchronizers candidates="3" cleared="0" />
  <references type="soft" candidates="146" cleared="0" enqueued="0" dynamicThreshold="15" maxThreshold="32" />
  <references type="weak" candidates="774" cleared="0" enqueued="0" />
  <references type="phantom" candidates="63" cleared="0" enqueued="0" />
  <stringconstants candidates="4510" cleared="0"  />
</gc-op>
<gc-op id="34" type="sweep" timems="0.251" contextid="30" timestamp="2019-07-02T19:53:25.775" />
<gc-end id="35" type="global" contextid="30" durationms="2.346" usertimems="4.000" systemtimems="0.000" timestamp="2019-07-02T19:53:25.775" activeThreads="4">
  <mem-info id="36" free="3843248" total="8388608" percent="45">
    <mem type="tenure" free="3843248" total="8388608" percent="45" micro-fragmented="1328366" macro-fragmented="0">
      <mem type="soa" free="3424432" total="7969792" percent="42" />
      <mem type="loa" free="418816" total="418816" percent="100" />
    </mem>
  </mem-info>
</gc-end>
<cycle-end id="37" type="global" contextid="30" timestamp="2019-07-02T19:53:25.775">
  <attribute name="GC Util" value="87" />
  <attribute name="CPU Util" value="42" />
  <attribute name="Time Running"value="585"/>
  <attribute name="Number of cores"value="4"/>
</cycle-end>
<allocation-satisfied id="38" threadId="0000000002241D00" bytesRequested="49112" />
<af-end id="39" timestamp="2019-07-02T19:53:25.775" threadId="0000000002242688" success="true" />
<exclusive-end id="40" timestamp="2019-07-02T19:53:25.775" durationms="3.019" />

<exclusive-start id="41" timestamp="2019-07-02T19:53:25.816" intervalms="43.801">
  <response-info timems="0.027" idlems="0.027" threads="0" lastid="000000000223A500" lastname="Thread-10" />
</exclusive-start>
<af-start id="42" threadId="000000000223AE88" totalBytesRequested="54280" timestamp="2019-07-02T19:53:25.816" intervalms="43.834" />
<cycle-start id="43" type="global" contextid="0" timestamp="2019-07-02T19:53:25.817" intervalms="43.878" />
  <attribute name="GC Util" value="87" />
  <attribute name="CPU Util" value="42" />
  <attribute name="Time Running"value="585"/>
  <attribute name="Number of cores"value="4"/>
<gc-start id="44" type="global" contextid="43" timestamp="2019-07-02T19:53:25.817">
  <mem-info id="45" free="579976" total="8388608" percent="6">
    <mem type="tenure" free="579976" total="8388608" percent="6">
      <mem type="soa" free="161160" total="7969792" percent="2" />
      <mem type="loa" free="418816" total="418816" percent="100" />
    </mem>
  </mem-info>
</gc-start>
<allocation-stats totalBytes="3175984" >
  <allocated-bytes non-tlh="759624" tlh="2416360" />
  <largest-consumer threadName="main" threadId="0000000001EEC700" bytes="92032" />
</allocation-stats>
<gc-op id="46" type="mark" timems="1.695" contextid="43" timestamp="2019-07-02T19:53:25.819">
  <trace-info objectcount="43949" scancount="35571" scanbytes="1191392" />
  <finalization candidates="124" enqueued="0" />
  <ownableSynchronizers candidates="3" cleared="0" />
  <references type="soft" candidates="146" cleared="0" enqueued="0" dynamicThreshold="14" maxThreshold="32" />
  <references type="weak" candidates="774" cleared="0" enqueued="0" />
  <references type="phantom" candidates="63" cleared="0" enqueued="0" />
  <stringconstants candidates="4570" cleared="0"  />
</gc-op>
<gc-op id="47" type="sweep" timems="0.291" contextid="43" timestamp="2019-07-02T19:53:25.819" />
<gc-end id="48" type="global" contextid="43" durationms="2.537" usertimems="4.000" systemtimems="0.000" timestamp="2019-07-02T19:53:25.819" activeThreads="4">
  <mem-info id="49" free="3890536" total="8388608" percent="46">
    <mem type="tenure" free="3890536" total="8388608" percent="46" micro-fragmented="1438712" macro-fragmented="0">
      <mem type="soa" free="3471720" total="7969792" percent="43" />
      <mem type="loa" free="418816" total="418816" percent="100" />
    </mem>
  </mem-info>
</gc-end>
<cycle-end id="50" type="global" contextid="43" timestamp="2019-07-02T19:53:25.819">
  <attribute name="GC Util" value="86" />
  <attribute name="CPU Util" value="10391759076187" />
  <attribute name="Time Running"value="629"/>
  <attribute name="Number of cores"value="4"/>
</cycle-end>
<allocation-satisfied id="51" threadId="000000000223A500" bytesRequested="54280" />
<af-end id="52" timestamp="2019-07-02T19:53:25.820" threadId="000000000223AE88" success="true" />
<exclusive-end id="53" timestamp="2019-07-02T19:53:25.820" durationms="3.604" />

<exclusive-start id="54" timestamp="2019-07-02T19:53:25.882" intervalms="65.357">
  <response-info timems="0.029" idlems="0.029" threads="0" lastid="0000000002241D00" lastname="Thread-8" />
</exclusive-start>
<af-start id="55" threadId="0000000002242688" totalBytesRequested="40" timestamp="2019-07-02T19:53:25.882" intervalms="65.357" />
<cycle-start id="56" type="global" contextid="0" timestamp="2019-07-02T19:53:25.882" intervalms="65.350" />
  <attribute name="GC Util" value="86" />
  <attribute name="CPU Util" value="10391759076187" />
  <attribute name="Time Running"value="629"/>
  <attribute name="Number of cores"value="4"/>
<gc-start id="57" type="global" contextid="56" timestamp="2019-07-02T19:53:25.882">
  <mem-info id="58" free="418816" total="8388608" percent="4">
    <mem type="tenure" free="418816" total="8388608" percent="4">
      <mem type="soa" free="0" total="7969792" percent="0" />
      <mem type="loa" free="418816" total="418816" percent="100" />
    </mem>
  </mem-info>
</gc-start>
<allocation-stats totalBytes="3515040" >
  <allocated-bytes non-tlh="260024" tlh="3255016" />
  <largest-consumer threadName="Thread-7" threadId="0000000002245900" bytes="1083656" />
</allocation-stats>
<gc-op id="59" type="mark" timems="2.122" contextid="56" timestamp="2019-07-02T19:53:25.884">
  <trace-info objectcount="63959" scancount="55591" scanbytes="2219472" />
  <finalization candidates="124" enqueued="0" />
  <ownableSynchronizers candidates="3" cleared="0" />
  <references type="soft" candidates="146" cleared="0" enqueued="0" dynamicThreshold="14" maxThreshold="32" />
  <references type="weak" candidates="774" cleared="0" enqueued="0" />
  <references type="phantom" candidates="63" cleared="0" enqueued="0" />
  <stringconstants candidates="4573" cleared="0"  />
</gc-op>
<gc-op id="60" type="sweep" timems="0.346" contextid="56" timestamp="2019-07-02T19:53:25.885" />
<gc-end id="61" type="global" contextid="56" durationms="3.072" usertimems="4.000" systemtimems="0.000" timestamp="2019-07-02T19:53:25.885" activeThreads="4">
  <mem-info id="62" free="2723880" total="8388608" percent="32">
    <mem type="tenure" free="2723880" total="8388608" percent="32" micro-fragmented="1418228" macro-fragmented="0">
      <mem type="soa" free="2305064" total="7969792" percent="28" />
      <mem type="loa" free="418816" total="418816" percent="100" />
    </mem>
  </mem-info>
</gc-end>
<cycle-end id="63" type="global" contextid="56" timestamp="2019-07-02T19:53:25.885">
  <attribute name="GC Util" value="74" />
  <attribute name="CPU Util" value="8152521970199" />
  <attribute name="Time Running"value="695"/>
  <attribute name="Number of cores"value="4"/>
</cycle-end>
<allocation-satisfied id="64" threadId="0000000002241D00" bytesRequested="40" />
<af-end id="65" timestamp="2019-07-02T19:53:25.885" threadId="0000000002242688" success="true" />
<exclusive-end id="66" timestamp="2019-07-02T19:53:25.886" durationms="4.006" />

<exclusive-start id="67" timestamp="2019-07-02T19:53:25.932" intervalms="50.827">
  <response-info timems="0.042" idlems="0.023" threads="1" lastid="000000000223A500" lastname="Thread-10" />
</exclusive-start>
<af-start id="68" threadId="000000000223EA88" totalBytesRequested="40" timestamp="2019-07-02T19:53:25.933" intervalms="50.841" />
<cycle-start id="69" type="global" contextid="0" timestamp="2019-07-02T19:53:25.933" intervalms="50.798" />
  <attribute name="GC Util" value="74" />
  <attribute name="CPU Util" value="8152521970199" />
  <attribute name="Time Running"value="695"/>
  <attribute name="Number of cores"value="4"/>
<gc-start id="70" type="global" contextid="69" timestamp="2019-07-02T19:53:25.933">
  <mem-info id="71" free="418816" total="8388608" percent="4">
    <mem type="tenure" free="418816" total="8388608" percent="4">
      <mem type="soa" free="0" total="7969792" percent="0" />
      <mem type="loa" free="418816" total="418816" percent="100" />
    </mem>
  </mem-info>
</gc-start>
<allocation-stats totalBytes="2302032" >
  <allocated-bytes non-tlh="0" tlh="2302032" />
  <largest-consumer threadName="Thread-8" threadId="0000000002241D00" bytes="683256" />
</allocation-stats>
<gc-op id="72" type="mark" timems="2.031" contextid="69" timestamp="2019-07-02T19:53:25.935">
  <trace-info objectcount="64559" scancount="56176" scanbytes="2233824" />
  <finalization candidates="124" enqueued="0" />
  <ownableSynchronizers candidates="3" cleared="0" />
  <references type="soft" candidates="146" cleared="0" enqueued="0" dynamicThreshold="10" maxThreshold="32" />
  <references type="weak" candidates="774" cleared="0" enqueued="0" />
  <references type="phantom" candidates="63" cleared="0" enqueued="0" />
  <stringconstants candidates="4573" cleared="0"  />
</gc-op>
<gc-op id="73" type="sweep" timems="0.295" contextid="69" timestamp="2019-07-02T19:53:25.935" />
<gc-end id="74" type="global" contextid="69" durationms="2.573" usertimems="4.000" systemtimems="0.000" timestamp="2019-07-02T19:53:25.935" activeThreads="4">
  <mem-info id="75" free="2693144" total="8388608" percent="32">
    <mem type="tenure" free="2693144" total="8388608" percent="32" micro-fragmented="1415755" macro-fragmented="0">
      <mem type="soa" free="2274328" total="7969792" percent="28" />
      <mem type="loa" free="418816" total="418816" percent="100" />
    </mem>
  </mem-info>
</gc-end>
<cycle-end id="76" type="global" contextid="69" timestamp="2019-07-02T19:53:25.935">
  <attribute name="GC Util" value="89" />
  <attribute name="CPU Util" value="8918756371815" />
  <attribute name="Time Running"value="745"/>
  <attribute name="Number of cores"value="4"/>
</cycle-end>
<allocation-satisfied id="77" threadId="000000000223E100" bytesRequested="40" />
<af-end id="78" timestamp="2019-07-02T19:53:25.936" threadId="000000000223EA88" success="true" />
<exclusive-end id="79" timestamp="2019-07-02T19:53:25.936" durationms="3.247" />

<exclusive-start id="80" timestamp="2019-07-02T19:53:25.982" intervalms="49.864">
  <response-info timems="0.038" idlems="0.021" threads="1" lastid="0000000002245900" lastname="Thread-7" />
</exclusive-start>
<af-start id="81" threadId="000000000223AE88" totalBytesRequested="24" timestamp="2019-07-02T19:53:25.982" intervalms="49.797" />
<cycle-start id="82" type="global" contextid="0" timestamp="2019-07-02T19:53:25.982" intervalms="49.794" />
  <attribute name="GC Util" value="89" />
  <attribute name="CPU Util" value="8918756371815" />
  <attribute name="Time Running"value="745"/>
  <attribute name="Number of cores"value="4"/>
<gc-start id="83" type="global" contextid="82" timestamp="2019-07-02T19:53:25.983">
  <mem-info id="84" free="418816" total="8388608" percent="4">
    <mem type="tenure" free="418816" total="8388608" percent="4">
      <mem type="soa" free="0" total="7969792" percent="0" />
      <mem type="loa" free="418816" total="418816" percent="100" />
    </mem>
  </mem-info>
</gc-start>
<allocation-stats totalBytes="2270104" >
  <allocated-bytes non-tlh="0" tlh="2270104" />
  <largest-consumer threadName="Thread-8" threadId="0000000002241D00" bytes="676488" />
</allocation-stats>
<gc-op id="85" type="mark" timems="2.424" contextid="82" timestamp="2019-07-02T19:53:25.985">
  <trace-info objectcount="65273" scancount="56903" scanbytes="2251184" />
  <finalization candidates="124" enqueued="0" />
  <ownableSynchronizers candidates="3" cleared="0" />
  <references type="soft" candidates="146" cleared="0" enqueued="0" dynamicThreshold="10" maxThreshold="32" />
  <references type="weak" candidates="774" cleared="0" enqueued="0" />
  <references type="phantom" candidates="63" cleared="0" enqueued="0" />
  <stringconstants candidates="4573" cleared="0"  />
</gc-op>
<gc-op id="86" type="sweep" timems="0.729" contextid="82" timestamp="2019-07-02T19:53:25.986" />
<gc-end id="87" type="global" contextid="82" durationms="3.646" usertimems="4.000" systemtimems="4.000" timestamp="2019-07-02T19:53:25.986" activeThreads="4">
  <mem-info id="88" free="2659184" total="8388608" percent="31">
    <mem type="tenure" free="2659184" total="8388608" percent="31" micro-fragmented="1462064" macro-fragmented="0">
      <mem type="soa" free="2240368" total="7969792" percent="28" />
      <mem type="loa" free="418816" total="418816" percent="100" />
    </mem>
  </mem-info>
</gc-end>
<cycle-end id="89" type="global" contextid="82" timestamp="2019-07-02T19:53:25.986">
  <attribute name="GC Util" value="171" />
  <attribute name="CPU Util" value="7259508120657" />
  <attribute name="Time Running"value="796"/>
  <attribute name="Number of cores"value="4"/>
</cycle-end>
<allocation-satisfied id="90" threadId="000000000223A500" bytesRequested="24" />
<af-end id="91" timestamp="2019-07-02T19:53:25.987" threadId="000000000223AE88" success="true" />
<exclusive-end id="92" timestamp="2019-07-02T19:53:25.987" durationms="4.393" />

<exclusive-start id="93" timestamp="2019-07-02T19:53:26.034" intervalms="51.302">
  <response-info timems="0.030" idlems="0.029" threads="1" lastid="000000000223A500" lastname="Thread-10" />
</exclusive-start>
<af-start id="94" threadId="0000000002242688" totalBytesRequested="40" timestamp="2019-07-02T19:53:26.034" intervalms="51.323" />
<cycle-start id="95" type="global" contextid="0" timestamp="2019-07-02T19:53:26.034" intervalms="51.325" />
  <attribute name="GC Util" value="171" />
  <attribute name="CPU Util" value="7259508120657" />
  <attribute name="Time Running"value="796"/>
  <attribute name="Number of cores"value="4"/>
<gc-start id="96" type="global" contextid="95" timestamp="2019-07-02T19:53:26.034">
  <mem-info id="97" free="418816" total="8388608" percent="4">
    <mem type="tenure" free="418816" total="8388608" percent="4">
      <mem type="soa" free="0" total="7969792" percent="0" />
      <mem type="loa" free="418816" total="418816" percent="100" />
    </mem>
  </mem-info>
</gc-start>
<allocation-stats totalBytes="2234856" >
  <allocated-bytes non-tlh="0" tlh="2234856" />
  <largest-consumer threadName="Thread-9" threadId="000000000223E100" bytes="769416" />
</allocation-stats>
<gc-op id="98" type="mark" timems="1.750" contextid="95" timestamp="2019-07-02T19:53:26.036">
  <trace-info objectcount="65739" scancount="57351" scanbytes="2262384" />
  <finalization candidates="124" enqueued="0" />
  <ownableSynchronizers candidates="3" cleared="0" />
  <references type="soft" candidates="146" cleared="0" enqueued="0" dynamicThreshold="10" maxThreshold="32" />
  <references type="weak" candidates="774" cleared="0" enqueued="0" />
  <references type="phantom" candidates="63" cleared="0" enqueued="0" />
  <stringconstants candidates="4573" cleared="0"  />
</gc-op>
<gc-op id="99" type="sweep" timems="0.297" contextid="95" timestamp="2019-07-02T19:53:26.036" />
<gc-end id="100" type="global" contextid="95" durationms="2.634" usertimems="8.000" systemtimems="0.000" timestamp="2019-07-02T19:53:26.037" activeThreads="4">
  <mem-info id="101" free="2628568" total="8388608" percent="31">
    <mem type="tenure" free="2628568" total="8388608" percent="31" micro-fragmented="1514595" macro-fragmented="0">
      <mem type="soa" free="2209752" total="7969792" percent="27" />
      <mem type="loa" free="418816" total="418816" percent="100" />
    </mem>
  </mem-info>
</gc-end>
<cycle-end id="102" type="global" contextid="95" timestamp="2019-07-02T19:53:26.037">
  <attribute name="GC Util" value="135" />
  <attribute name="CPU Util" value="9838678040598" />
  <attribute name="Time Running"value="846"/>
  <attribute name="Number of cores"value="4"/>
</cycle-end>
<allocation-satisfied id="103" threadId="0000000002241D00" bytesRequested="40" />
<af-end id="104" timestamp="2019-07-02T19:53:26.037" threadId="0000000002242688" success="true" />
<exclusive-end id="105" timestamp="2019-07-02T19:53:26.037" durationms="3.358" />

<exclusive-start id="106" timestamp="2019-07-02T19:53:26.076" intervalms="42.755">
  <response-info timems="0.030" idlems="0.030" threads="0" lastid="000000000223E100" lastname="Thread-9" />
</exclusive-start>
<af-start id="107" threadId="000000000223EA88" totalBytesRequested="40" timestamp="2019-07-02T19:53:26.076" intervalms="42.795" />
<cycle-start id="108" type="global" contextid="0" timestamp="2019-07-02T19:53:26.077" intervalms="42.793" />
  <attribute name="GC Util" value="135" />
  <attribute name="CPU Util" value="9838678040598" />
  <attribute name="Time Running"value="846"/>
  <attribute name="Number of cores"value="4"/>
<gc-start id="109" type="global" contextid="108" timestamp="2019-07-02T19:53:26.077">
  <mem-info id="110" free="418816" total="8388608" percent="4">
    <mem type="tenure" free="418816" total="8388608" percent="4">
      <mem type="soa" free="0" total="7969792" percent="0" />
      <mem type="loa" free="418816" total="418816" percent="100" />
    </mem>
  </mem-info>
</gc-start>
<allocation-stats totalBytes="2203848" >
  <allocated-bytes non-tlh="0" tlh="2203848" />
  <largest-consumer threadName="Thread-8" threadId="0000000002241D00" bytes="719008" />
</allocation-stats>
<gc-op id="111" type="mark" timems="1.988" contextid="108" timestamp="2019-07-02T19:53:26.079">
  <trace-info objectcount="66270" scancount="57896" scanbytes="2275192" />
  <finalization candidates="124" enqueued="0" />
  <ownableSynchronizers candidates="3" cleared="0" />
  <references type="soft" candidates="146" cleared="0" enqueued="0" dynamicThreshold="10" maxThreshold="32" />
  <references type="weak" candidates="774" cleared="0" enqueued="0" />
  <references type="phantom" candidates="63" cleared="0" enqueued="0" />
  <stringconstants candidates="4573" cleared="0"  />
</gc-op>
<gc-op id="112" type="sweep" timems="0.788" contextid="108" timestamp="2019-07-02T19:53:26.080" />
<gc-end id="113" type="global" contextid="108" durationms="3.145" usertimems="8.000" systemtimems="0.000" timestamp="2019-07-02T19:53:26.080" activeThreads="4">
  <mem-info id="114" free="2595952" total="8388608" percent="30">
    <mem type="tenure" free="2595952" total="8388608" percent="30" micro-fragmented="1564493" macro-fragmented="0">
      <mem type="soa" free="2177136" total="7969792" percent="27" />
      <mem type="loa" free="418816" total="418816" percent="100" />
    </mem>
  </mem-info>
</gc-end>
<cycle-end id="115" type="global" contextid="108" timestamp="2019-07-02T19:53:26.080">
  <attribute name="GC Util" value="250" />
  <attribute name="CPU Util" value="8964560686139" />
  <attribute name="Time Running"value="889"/>
  <attribute name="Number of cores"value="4"/>
</cycle-end>
<allocation-satisfied id="116" threadId="000000000223E100" bytesRequested="40" />
<af-end id="117" timestamp="2019-07-02T19:53:26.080" threadId="000000000223EA88" success="true" />
<exclusive-end id="118" timestamp="2019-07-02T19:53:26.080" durationms="3.861" />

<exclusive-start id="119" timestamp="2019-07-02T19:53:26.119" intervalms="42.824">
  <response-info timems="0.038" idlems="0.038" threads="0" lastid="0000000002241D00" lastname="Thread-8" />
</exclusive-start>
<af-start id="120" threadId="0000000002242688" totalBytesRequested="40" timestamp="2019-07-02T19:53:26.119" intervalms="42.803" />
<cycle-start id="121" type="global" contextid="0" timestamp="2019-07-02T19:53:26.119" intervalms="42.811" />
  <attribute name="GC Util" value="250" />
  <attribute name="CPU Util" value="8964560686139" />
  <attribute name="Time Running"value="889"/>
  <attribute name="Number of cores"value="4"/>
<gc-start id="122" type="global" contextid="121" timestamp="2019-07-02T19:53:26.119">
  <mem-info id="123" free="418816" total="8388608" percent="4">
    <mem type="tenure" free="418816" total="8388608" percent="4">
      <mem type="soa" free="0" total="7969792" percent="0" />
      <mem type="loa" free="418816" total="418816" percent="100" />
    </mem>
  </mem-info>
</gc-start>
<allocation-stats totalBytes="2169968" >
  <allocated-bytes non-tlh="0" tlh="2169968" />
  <largest-consumer threadName="Thread-8" threadId="0000000002241D00" bytes="707904" />
</allocation-stats>
<gc-op id="124" type="mark" timems="1.315" contextid="121" timestamp="2019-07-02T19:53:26.121">
  <trace-info objectcount="66034" scancount="57662" scanbytes="2265016" />
  <finalization candidates="124" enqueued="0" />
  <ownableSynchronizers candidates="3" cleared="0" />
  <references type="soft" candidates="146" cleared="45" enqueued="42" dynamicThreshold="9" maxThreshold="32" />
  <references type="weak" candidates="774" cleared="0" enqueued="0" />
  <references type="phantom" candidates="63" cleared="0" enqueued="0" />
  <stringconstants candidates="4573" cleared="0"  />
</gc-op>
<gc-op id="125" type="sweep" timems="0.316" contextid="121" timestamp="2019-07-02T19:53:26.121" />
<gc-end id="126" type="global" contextid="121" durationms="1.925" usertimems="0.000" systemtimems="4.000" timestamp="2019-07-02T19:53:26.121" activeThreads="4">
  <mem-info id="127" free="2596648" total="8388608" percent="30">
    <mem type="tenure" free="2596648" total="8388608" percent="30" micro-fragmented="1363809" macro-fragmented="0">
      <mem type="soa" free="2177832" total="7969792" percent="27" />
      <mem type="loa" free="418816" total="418816" percent="100" />
    </mem>
    <pending-finalizers system="0" default="0" reference="42" classloader="0" />
  </mem-info>
</gc-end>
<cycle-end id="128" type="global" contextid="121" timestamp="2019-07-02T19:53:26.122">
  <attribute name="GC Util" value="210" />
  <attribute name="CPU Util" value="13464206675453" />
  <attribute name="Time Running"value="931"/>
  <attribute name="Number of cores"value="4"/>
</cycle-end>
<allocation-satisfied id="129" threadId="0000000002241D00" bytesRequested="40" />
<af-end id="130" timestamp="2019-07-02T19:53:26.122" threadId="0000000002242688" success="true" />
<exclusive-end id="131" timestamp="2019-07-02T19:53:26.122" durationms="2.767" />

<exclusive-start id="132" timestamp="2019-07-02T19:53:26.161" intervalms="42.021">
  <response-info timems="0.073" idlems="0.073" threads="0" lastid="0000000002241D00" lastname="Thread-8" />
</exclusive-start>
<af-start id="133" threadId="0000000002242688" totalBytesRequested="40" timestamp="2019-07-02T19:53:26.161" intervalms="41.992" />
<cycle-start id="134" type="global" contextid="0" timestamp="2019-07-02T19:53:26.161" intervalms="42.002" />
  <attribute name="GC Util" value="210" />
  <attribute name="CPU Util" value="13464206675453" />
  <attribute name="Time Running"value="931"/>
  <attribute name="Number of cores"value="4"/>
<gc-start id="135" type="global" contextid="134" timestamp="2019-07-02T19:53:26.161">
  <mem-info id="136" free="418816" total="8388608" percent="4">
    <mem type="tenure" free="418816" total="8388608" percent="4">
      <mem type="soa" free="0" total="7969792" percent="0" />
      <mem type="loa" free="418816" total="418816" percent="100" />
    </mem>
  </mem-info>
</gc-start>
<allocation-stats totalBytes="2169880" >
  <allocated-bytes non-tlh="0" tlh="2169880" />
  <largest-consumer threadName="Thread-9" threadId="000000000223E100" bytes="755360" />
</allocation-stats>
<gc-op id="137" type="mark" timems="1.537" contextid="134" timestamp="2019-07-02T19:53:26.163">
  <trace-info objectcount="62781" scancount="55213" scanbytes="2198116" />
  <finalization candidates="124" enqueued="0" />
  <ownableSynchronizers candidates="3" cleared="0" />
  <references type="soft" candidates="101" cleared="15" enqueued="13" dynamicThreshold="9" maxThreshold="32" />
  <references type="weak" candidates="774" cleared="0" enqueued="0" />
  <references type="phantom" candidates="63" cleared="0" enqueued="0" />
  <stringconstants candidates="4573" cleared="0"  />
</gc-op>
<gc-op id="138" type="sweep" timems="0.299" contextid="134" timestamp="2019-07-02T19:53:26.164" />
<gc-end id="139" type="global" contextid="134" durationms="2.318" usertimems="4.000" systemtimems="0.000" timestamp="2019-07-02T19:53:26.164" activeThreads="4">
  <mem-info id="140" free="2779448" total="8388608" percent="33">
    <mem type="tenure" free="2779448" total="8388608" percent="33" micro-fragmented="1501743" macro-fragmented="0">
      <mem type="soa" free="2360632" total="7969792" percent="29" />
      <mem type="loa" free="418816" total="418816" percent="100" />
    </mem>
    <pending-finalizers system="0" default="0" reference="13" classloader="0" />
  </mem-info>
</gc-end>
<cycle-end id="141" type="global" contextid="134" timestamp="2019-07-02T19:53:26.164">
  <attribute name="GC Util" value="178" />
  <attribute name="CPU Util" value="11354651470026" />
  <attribute name="Time Running"value="974"/>
  <attribute name="Number of cores"value="4"/>
</cycle-end>
<allocation-satisfied id="142" threadId="0000000002241D00" bytesRequested="40" />
<af-end id="143" timestamp="2019-07-02T19:53:26.164" threadId="0000000002242688" success="true" />
<exclusive-end id="144" timestamp="2019-07-02T19:53:26.164" durationms="3.153" />

<exclusive-start id="145" timestamp="2019-07-02T19:53:26.202" intervalms="40.839">
  <response-info timems="0.084" idlems="0.049" threads="2" lastid="0000000001EF7B00" lastname="JIT Compilation Thread-2" />
</exclusive-start>
<af-start id="146" threadId="000000000223AE88" totalBytesRequested="40" timestamp="2019-07-02T19:53:26.202" intervalms="40.850" />
<cycle-start id="147" type="global" contextid="0" timestamp="2019-07-02T19:53:26.202" intervalms="40.832" />
  <attribute name="GC Util" value="178" />
  <attribute name="CPU Util" value="11354651470026" />
  <attribute name="Time Running"value="974"/>
  <attribute name="Number of cores"value="4"/>
<gc-start id="148" type="global" contextid="147" timestamp="2019-07-02T19:53:26.202">
  <mem-info id="149" free="418816" total="8388608" percent="4">
    <mem type="tenure" free="418816" total="8388608" percent="4">
      <mem type="soa" free="0" total="7969792" percent="0" />
      <mem type="loa" free="418816" total="418816" percent="100" />
    </mem>
  </mem-info>
</gc-start>
<allocation-stats totalBytes="2351264" >
  <allocated-bytes non-tlh="0" tlh="2351264" />
  <largest-consumer threadName="Thread-8" threadId="0000000002241D00" bytes="808816" />
</allocation-stats>
<gc-op id="150" type="mark" timems="1.485" contextid="147" timestamp="2019-07-02T19:53:26.204">
  <trace-info objectcount="63135" scancount="55587" scanbytes="2205052" />
  <finalization candidates="124" enqueued="0" />
  <ownableSynchronizers candidates="3" cleared="0" />
  <references type="soft" candidates="86" cleared="0" enqueued="0" dynamicThreshold="10" maxThreshold="32" />
  <references type="weak" candidates="774" cleared="0" enqueued="0" />
  <references type="phantom" candidates="63" cleared="0" enqueued="0" />
  <stringconstants candidates="4573" cleared="0"  />
</gc-op>
<gc-op id="151" type="sweep" timems="0.327" contextid="147" timestamp="2019-07-02T19:53:26.205" />
<gc-end id="152" type="global" contextid="147" durationms="2.320" usertimems="4.000" systemtimems="0.000" timestamp="2019-07-02T19:53:26.205" activeThreads="4">
  <mem-info id="153" free="2754288" total="8388608" percent="32">
    <mem type="tenure" free="2754288" total="8388608" percent="32" micro-fragmented="1283408" macro-fragmented="0">
      <mem type="soa" free="2335472" total="7969792" percent="29" />
      <mem type="loa" free="418816" total="418816" percent="100" />
    </mem>
  </mem-info>
</gc-end>
<cycle-end id="154" type="global" contextid="147" timestamp="2019-07-02T19:53:26.205">
  <attribute name="GC Util" value="218" />
  <attribute name="CPU Util" value="11498714701997" />
  <attribute name="Time Running"value="1015"/>
  <attribute name="Number of cores"value="4"/>
</cycle-end>
<allocation-satisfied id="155" threadId="000000000223A500" bytesRequested="40" />
<af-end id="156" timestamp="2019-07-02T19:53:26.205" threadId="000000000223AE88" success="true" />
<exclusive-end id="157" timestamp="2019-07-02T19:53:26.205" durationms="3.017" />

<exclusive-start id="158" timestamp="2019-07-02T19:53:26.241" intervalms="38.871">
  <response-info timems="0.285" idlems="0.285" threads="0" lastid="000000000223A500" lastname="Thread-10" />
</exclusive-start>
<af-start id="159" threadId="000000000223AE88" totalBytesRequested="40" timestamp="2019-07-02T19:53:26.241" intervalms="38.853" />
<cycle-start id="160" type="global" contextid="0" timestamp="2019-07-02T19:53:26.241" intervalms="38.861" />
  <attribute name="GC Util" value="218" />
  <attribute name="CPU Util" value="11498714701997" />
  <attribute name="Time Running"value="1015"/>
  <attribute name="Number of cores"value="4"/>
<gc-start id="161" type="global" contextid="160" timestamp="2019-07-02T19:53:26.241">
  <mem-info id="162" free="418816" total="8388608" percent="4">
    <mem type="tenure" free="418816" total="8388608" percent="4">
      <mem type="soa" free="0" total="7969792" percent="0" />
      <mem type="loa" free="418816" total="418816" percent="100" />
    </mem>
  </mem-info>
</gc-start>
<allocation-stats totalBytes="2325376" >
  <allocated-bytes non-tlh="0" tlh="2325376" />
  <largest-consumer threadName="Thread-9" threadId="000000000223E100" bytes="799400" />
</allocation-stats>
<gc-op id="163" type="mark" timems="2.470" contextid="160" timestamp="2019-07-02T19:53:26.244">
  <trace-info objectcount="63698" scancount="56130" scanbytes="2218964" />
  <finalization candidates="124" enqueued="0" />
  <ownableSynchronizers candidates="3" cleared="0" />
  <references type="soft" candidates="86" cleared="0" enqueued="0" dynamicThreshold="10" maxThreshold="32" />
  <references type="weak" candidates="774" cleared="0" enqueued="0" />
  <references type="phantom" candidates="63" cleared="0" enqueued="0" />
  <stringconstants candidates="4573" cleared="0"  />
</gc-op>
<gc-op id="164" type="sweep" timems="0.757" contextid="160" timestamp="2019-07-02T19:53:26.245" />
<gc-end id="165" type="global" contextid="160" durationms="3.761" usertimems="8.000" systemtimems="0.000" timestamp="2019-07-02T19:53:26.245" activeThreads="4">
  <mem-info id="166" free="2692680" total="8388608" percent="32">
    <mem type="tenure" free="2692680" total="8388608" percent="32" micro-fragmented="1459000" macro-fragmented="0">
      <mem type="soa" free="2273864" total="7969792" percent="28" />
      <mem type="loa" free="418816" total="418816" percent="100" />
    </mem>
  </mem-info>
</gc-end>
<cycle-end id="167" type="global" contextid="160" timestamp="2019-07-02T19:53:26.245">
  <attribute name="GC Util" value="188" />
  <attribute name="CPU Util" value="7225242154074" />
  <attribute name="Time Running"value="1054"/>
  <attribute name="Number of cores"value="4"/>
</cycle-end>
<allocation-satisfied id="168" threadId="000000000223A500" bytesRequested="40" />
<af-end id="169" timestamp="2019-07-02T19:53:26.245" threadId="000000000223AE88" success="true" />
<exclusive-end id="170" timestamp="2019-07-02T19:53:26.245" durationms="4.353" />

<exclusive-start id="171" timestamp="2019-07-02T19:53:26.280" intervalms="38.798">
  <response-info timems="0.027" idlems="0.027" threads="0" lastid="0000000002241D00" lastname="Thread-8" />
</exclusive-start>
<af-start id="172" threadId="0000000002242688" totalBytesRequested="24" timestamp="2019-07-02T19:53:26.280" intervalms="38.796" />
<cycle-start id="173" type="global" contextid="0" timestamp="2019-07-02T19:53:26.280" intervalms="38.821" />
  <attribute name="GC Util" value="188" />
  <attribute name="CPU Util" value="7225242154074" />
  <attribute name="Time Running"value="1054"/>
  <attribute name="Number of cores"value="4"/>
<gc-start id="174" type="global" contextid="173" timestamp="2019-07-02T19:53:26.280">
  <mem-info id="175" free="418816" total="8388608" percent="4">
    <mem type="tenure" free="418816" total="8388608" percent="4">
      <mem type="soa" free="0" total="7969792" percent="0" />
      <mem type="loa" free="418816" total="418816" percent="100" />
    </mem>
  </mem-info>
</gc-start>
<allocation-stats totalBytes="2263320" >
  <allocated-bytes non-tlh="0" tlh="2263320" />
  <largest-consumer threadName="Thread-8" threadId="0000000002241D00" bytes="743400" />
</allocation-stats>
<gc-op id="176" type="mark" timems="1.477" contextid="173" timestamp="2019-07-02T19:53:26.282">
  <trace-info objectcount="64214" scancount="56657" scanbytes="2231292" />
  <finalization candidates="124" enqueued="0" />
  <ownableSynchronizers candidates="3" cleared="0" />
  <references type="soft" candidates="86" cleared="1" enqueued="1" dynamicThreshold="10" maxThreshold="32" />
  <references type="weak" candidates="774" cleared="0" enqueued="0" />
  <references type="phantom" candidates="63" cleared="0" enqueued="0" />
  <stringconstants candidates="4573" cleared="0"  />
</gc-op>
<gc-op id="177" type="sweep" timems="0.335" contextid="173" timestamp="2019-07-02T19:53:26.282" />
<gc-end id="178" type="global" contextid="173" durationms="2.306" usertimems="0.000" systemtimems="8.000" timestamp="2019-07-02T19:53:26.282" activeThreads="4">
  <mem-info id="179" free="2653336" total="8388608" percent="31">
    <mem type="tenure" free="2653336" total="8388608" percent="31" micro-fragmented="1426495" macro-fragmented="0">
      <mem type="soa" free="2234520" total="7969792" percent="28" />
      <mem type="loa" free="418816" total="418816" percent="100" />
    </mem>
    <pending-finalizers system="0" default="0" reference="1" classloader="0" />
  </mem-info>
</gc-end>
<cycle-end id="180" type="global" contextid="173" timestamp="2019-07-02T19:53:26.282">
  <attribute name="GC Util" value="185" />
  <attribute name="CPU Util" value="11763604869748" />
  <attribute name="Time Running"value="1092"/>
  <attribute name="Number of cores"value="4"/>
</cycle-end>
<allocation-satisfied id="181" threadId="0000000002241D00" bytesRequested="24" />
<af-end id="182" timestamp="2019-07-02T19:53:26.283" threadId="0000000002242688" success="true" />
<exclusive-end id="183" timestamp="2019-07-02T19:53:26.283" durationms="3.073" />

<exclusive-start id="184" timestamp="2019-07-02T19:53:26.326" intervalms="46.185">
  <response-info timems="0.137" idlems="0.080" threads="1" lastid="0000000002241D00" lastname="Thread-8" />
</exclusive-start>
<af-start id="185" threadId="000000000223EA88" totalBytesRequested="40" timestamp="2019-07-02T19:53:26.326" intervalms="46.211" />
<cycle-start id="186" type="global" contextid="0" timestamp="2019-07-02T19:53:26.326" intervalms="46.177" />
  <attribute name="GC Util" value="185" />
  <attribute name="CPU Util" value="11763604869748" />
  <attribute name="Time Running"value="1092"/>
  <attribute name="Number of cores"value="4"/>
<gc-start id="187" type="global" contextid="186" timestamp="2019-07-02T19:53:26.326">
  <mem-info id="188" free="418816" total="8388608" percent="4">
    <mem type="tenure" free="418816" total="8388608" percent="4">
      <mem type="soa" free="0" total="7969792" percent="0" />
      <mem type="loa" free="418816" total="418816" percent="100" />
    </mem>
  </mem-info>
</gc-start>
<allocation-stats totalBytes="2223152" >
  <allocated-bytes non-tlh="0" tlh="2223152" />
  <largest-consumer threadName="Thread-9" threadId="000000000223E100" bytes="906960" />
</allocation-stats>
<gc-op id="189" type="mark" timems="1.968" contextid="186" timestamp="2019-07-02T19:53:26.328">
  <trace-info objectcount="64615" scancount="57059" scanbytes="2241380" />
  <finalization candidates="124" enqueued="0" />
  <ownableSynchronizers candidates="3" cleared="0" />
  <references type="soft" candidates="85" cleared="1" enqueued="0" dynamicThreshold="10" maxThreshold="32" />
  <references type="weak" candidates="774" cleared="0" enqueued="0" />
  <references type="phantom" candidates="63" cleared="0" enqueued="0" />
  <stringconstants candidates="4573" cleared="0"  />
</gc-op>
<gc-op id="190" type="sweep" timems="0.796" contextid="186" timestamp="2019-07-02T19:53:26.329" />
<gc-end id="191" type="global" contextid="186" durationms="3.029" usertimems="4.000" systemtimems="0.000" timestamp="2019-07-02T19:53:26.329" activeThreads="4">
  <mem-info id="192" free="2613032" total="8388608" percent="31">
    <mem type="tenure" free="2613032" total="8388608" percent="31" micro-fragmented="1517085" macro-fragmented="0">
      <mem type="soa" free="2194216" total="7969792" percent="27" />
      <mem type="loa" free="418816" total="418816" percent="100" />
    </mem>
  </mem-info>
</gc-end>
<cycle-end id="193" type="global" contextid="186" timestamp="2019-07-02T19:53:26.329">
  <attribute name="GC Util" value="252" />
  <attribute name="CPU Util" value="9218260507891" />
  <attribute name="Time Running"value="1139"/>
  <attribute name="Number of cores"value="4"/>
</cycle-end>
<allocation-satisfied id="194" threadId="000000000223E100" bytesRequested="40" />
<af-end id="195" timestamp="2019-07-02T19:53:26.329" threadId="000000000223EA88" success="true" />
<exclusive-end id="196" timestamp="2019-07-02T19:53:26.329" durationms="3.563" />

<exclusive-start id="197" timestamp="2019-07-02T19:53:26.372" intervalms="46.384">
  <response-info timems="0.045" idlems="0.045" threads="0" lastid="000000000223E100" lastname="Thread-9" />
</exclusive-start>
<af-start id="198" threadId="000000000223EA88" totalBytesRequested="24" timestamp="2019-07-02T19:53:26.372" intervalms="46.383" />
<cycle-start id="199" type="global" contextid="0" timestamp="2019-07-02T19:53:26.372" intervalms="46.386" />
  <attribute name="GC Util" value="252" />
  <attribute name="CPU Util" value="9218260507891" />
  <attribute name="Time Running"value="1139"/>
  <attribute name="Number of cores"value="4"/>
<gc-start id="200" type="global" contextid="199" timestamp="2019-07-02T19:53:26.373">
  <mem-info id="201" free="418816" total="8388608" percent="4">
    <mem type="tenure" free="418816" total="8388608" percent="4">
      <mem type="soa" free="0" total="7969792" percent="0" />
      <mem type="loa" free="418816" total="418816" percent="100" />
    </mem>
  </mem-info>
</gc-start>
<allocation-stats totalBytes="2182000" >
  <allocated-bytes non-tlh="0" tlh="2182000" />
  <largest-consumer threadName="Thread-9" threadId="000000000223E100" bytes="899008" />
</allocation-stats>
<heap-resize id="202" type="loa contract" space="tenure" amount="83968" count="1" timems="0.000" reason="contract underutilized loa" timestamp="2019-07-02T19:53:26.373" />
<gc-op id="203" type="mark" timems="2.583" contextid="199" timestamp="2019-07-02T19:53:26.375">
  <trace-info objectcount="65104" scancount="57569" scanbytes="2253132" />
  <finalization candidates="124" enqueued="0" />
  <ownableSynchronizers candidates="3" cleared="0" />
  <references type="soft" candidates="84" cleared="0" enqueued="0" dynamicThreshold="9" maxThreshold="32" />
  <references type="weak" candidates="774" cleared="0" enqueued="0" />
  <references type="phantom" candidates="63" cleared="0" enqueued="0" />
  <stringconstants candidates="4573" cleared="0"  />
</gc-op>
<gc-op id="204" type="sweep" timems="0.819" contextid="199" timestamp="2019-07-02T19:53:26.376" />
<heap-resize id="205" type="loa contract" space="tenure" amount="251904" count="1" timems="0.000" reason="contract to meet minimum soa" timestamp="2019-07-02T19:53:26.376" />
<gc-end id="206" type="global" contextid="199" durationms="3.847" usertimems="4.000" systemtimems="4.000" timestamp="2019-07-02T19:53:26.376" activeThreads="4">
  <mem-info id="207" free="2567256" total="8388608" percent="30">
    <mem type="tenure" free="2567256" total="8388608" percent="30" micro-fragmented="1613695" macro-fragmented="0">
      <mem type="soa" free="2484312" total="8305664" percent="29" />
      <mem type="loa" free="82944" total="82944" percent="100" />
    </mem>
  </mem-info>
</gc-end>
<cycle-end id="208" type="global" contextid="199" timestamp="2019-07-02T19:53:26.376">
  <attribute name="GC Util" value="253" />
  <attribute name="CPU Util" value="6903385713569" />
  <attribute name="Time Running"value="1186"/>
  <attribute name="Number of cores"value="4"/>
</cycle-end>
<allocation-satisfied id="209" threadId="000000000223E100" bytesRequested="24" />
<af-end id="210" timestamp="2019-07-02T19:53:26.377" threadId="000000000223EA88" success="true" />
<exclusive-end id="211" timestamp="2019-07-02T19:53:26.377" durationms="4.484" />

<exclusive-start id="212" timestamp="2019-07-02T19:53:26.415" intervalms="43.134">
  <response-info timems="0.216" idlems="0.192" threads="1" lastid="0000000002245900" lastname="Thread-7" />
</exclusive-start>
<af-start id="213" threadId="000000000223AE88" totalBytesRequested="40" timestamp="2019-07-02T19:53:26.415" intervalms="43.125" />
<cycle-start id="214" type="global" contextid="0" timestamp="2019-07-02T19:53:26.416" intervalms="43.125" />
  <attribute name="GC Util" value="253" />
  <attribute name="CPU Util" value="6903385713569" />
  <attribute name="Time Running"value="1186"/>
  <attribute name="Number of cores"value="4"/>
<gc-start id="215" type="global" contextid="214" timestamp="2019-07-02T19:53:26.416">
  <mem-info id="216" free="82944" total="8388608" percent="0">
    <mem type="tenure" free="82944" total="8388608" percent="0">
      <mem type="soa" free="0" total="8305664" percent="0" />
      <mem type="loa" free="82944" total="82944" percent="100" />
    </mem>
  </mem-info>
</gc-start>
<allocation-stats totalBytes="2471896" >
  <allocated-bytes non-tlh="0" tlh="2471896" />
  <largest-consumer threadName="Thread-9" threadId="000000000223E100" bytes="1003688" />
</allocation-stats>
<gc-op id="217" type="mark" timems="2.202" contextid="214" timestamp="2019-07-02T19:53:26.418">
  <trace-info objectcount="65709" scancount="58163" scanbytes="2267924" />
  <finalization candidates="124" enqueued="0" />
  <ownableSynchronizers candidates="3" cleared="0" />
  <references type="soft" candidates="84" cleared="0" enqueued="0" dynamicThreshold="9" maxThreshold="32" />
  <references type="weak" candidates="774" cleared="0" enqueued="0" />
  <references type="phantom" candidates="63" cleared="0" enqueued="0" />
  <stringconstants candidates="4573" cleared="0"  />
</gc-op>
<gc-op id="218" type="sweep" timems="0.814" contextid="214" timestamp="2019-07-02T19:53:26.419" />
<heap-resize id="219" type="expand" space="tenure" amount="1048576" count="1" timems="0.035" reason="insufficient free space following gc" timestamp="2019-07-02T19:53:26.419" />
<gc-end id="220" type="global" contextid="214" durationms="3.726" usertimems="8.000" systemtimems="0.000" timestamp="2019-07-02T19:53:26.419" activeThreads="4">
  <mem-info id="221" free="3557680" total="9437184" percent="37">
    <mem type="tenure" free="3557680" total="9437184" percent="37" micro-fragmented="1305237" macro-fragmented="0">
      <mem type="soa" free="3463472" total="9342976" percent="37" />
      <mem type="loa" free="94208" total="94208" percent="100" />
    </mem>
  </mem-info>
</gc-end>
<cycle-end id="222" type="global" contextid="214" timestamp="2019-07-02T19:53:26.420">
  <attribute name="GC Util" value="225" />
  <attribute name="CPU Util" value="8056585145868" />
  <attribute name="Time Running"value="1229"/>
  <attribute name="Number of cores"value="4"/>
</cycle-end>
<allocation-satisfied id="223" threadId="000000000223A500" bytesRequested="40" />
<af-end id="224" timestamp="2019-07-02T19:53:26.420" threadId="000000000223AE88" success="true" />
<exclusive-end id="225" timestamp="2019-07-02T19:53:26.420" durationms="4.549" />

<exclusive-start id="226" timestamp="2019-07-02T19:53:26.433" intervalms="17.991">
  <response-info timems="0.043" idlems="0.043" threads="0" lastid="0000000002245900" lastname="Thread-7" />
</exclusive-start>
<af-start id="227" threadId="0000000002246288" totalBytesRequested="40" timestamp="2019-07-02T19:53:26.433" intervalms="17.989" />
<cycle-start id="228" type="global" contextid="0" timestamp="2019-07-02T19:53:26.434" intervalms="18.017" />
  <attribute name="GC Util" value="225" />
  <attribute name="CPU Util" value="8056585145868" />
  <attribute name="Time Running"value="1229"/>
  <attribute name="Number of cores"value="4"/>
<gc-start id="229" type="global" contextid="228" timestamp="2019-07-02T19:53:26.434">
  <mem-info id="230" free="94208" total="9437184" percent="0">
    <mem type="tenure" free="94208" total="9437184" percent="0">
      <mem type="soa" free="0" total="9342976" percent="0" />
      <mem type="loa" free="94208" total="94208" percent="100" />
    </mem>
  </mem-info>
</gc-start>
<allocation-stats totalBytes="3450136" >
  <allocated-bytes non-tlh="0" tlh="3450136" />
  <largest-consumer threadName="Thread-9" threadId="000000000223E100" bytes="1585496" />
</allocation-stats>
<gc-op id="231" type="mark" timems="2.282" contextid="228" timestamp="2019-07-02T19:53:26.436">
  <trace-info objectcount="66409" scancount="58851" scanbytes="2284596" />
  <finalization candidates="124" enqueued="0" />
  <ownableSynchronizers candidates="3" cleared="0" />
  <references type="soft" candidates="84" cleared="0" enqueued="0" dynamicThreshold="12" maxThreshold="32" />
  <references type="weak" candidates="774" cleared="0" enqueued="0" />
  <references type="phantom" candidates="63" cleared="0" enqueued="0" />
  <stringconstants candidates="4573" cleared="0"  />
</gc-op>
<gc-op id="232" type="sweep" timems="0.987" contextid="228" timestamp="2019-07-02T19:53:26.437" />
<gc-end id="233" type="global" contextid="228" durationms="3.796" usertimems="8.000" systemtimems="0.000" timestamp="2019-07-02T19:53:26.438" activeThreads="4">
  <mem-info id="234" free="3509880" total="9437184" percent="37">
    <mem type="tenure" free="3509880" total="9437184" percent="37" micro-fragmented="1403335" macro-fragmented="0">
      <mem type="soa" free="3415672" total="9342976" percent="36" />
      <mem type="loa" free="94208" total="94208" percent="100" />
    </mem>
  </mem-info>
</gc-end>
<cycle-end id="235" type="global" contextid="228" timestamp="2019-07-02T19:53:26.438">
  <attribute name="GC Util" value="228" />
  <attribute name="CPU Util" value="7802085603059" />
  <attribute name="Time Running"value="1247"/>
  <attribute name="Number of cores"value="4"/>
</cycle-end>
<allocation-satisfied id="236" threadId="0000000002245900" bytesRequested="40" />
<af-end id="237" timestamp="2019-07-02T19:53:26.438" threadId="0000000002246288" success="true" />
<exclusive-end id="238" timestamp="2019-07-02T19:53:26.438" durationms="4.577" />

<exclusive-start id="239" timestamp="2019-07-02T19:53:26.442" intervalms="8.782">
  <response-info timems="0.023" idlems="0.023" threads="0" lastid="0000000002241D00" lastname="Thread-8" />
</exclusive-start>
<af-start id="240" threadId="0000000002242688" totalBytesRequested="24" timestamp="2019-07-02T19:53:26.442" intervalms="8.766" />
<cycle-start id="241" type="global" contextid="0" timestamp="2019-07-02T19:53:26.442" intervalms="8.755" />
  <attribute name="GC Util" value="228" />
  <attribute name="CPU Util" value="7802085603059" />
  <attribute name="Time Running"value="1247"/>
  <attribute name="Number of cores"value="4"/>
<gc-start id="242" type="global" contextid="241" timestamp="2019-07-02T19:53:26.442">
  <mem-info id="243" free="94208" total="9437184" percent="0">
    <mem type="tenure" free="94208" total="9437184" percent="0">
      <mem type="soa" free="0" total="9342976" percent="0" />
      <mem type="loa" free="94208" total="94208" percent="100" />
    </mem>
  </mem-info>
</gc-start>
<allocation-stats totalBytes="3401240" >
  <allocated-bytes non-tlh="0" tlh="3401240" />
  <largest-consumer threadName="Thread-7" threadId="0000000002245900" bytes="1117904" />
</allocation-stats>
<gc-op id="244" type="mark" timems="1.440" contextid="241" timestamp="2019-07-02T19:53:26.444">
  <trace-info objectcount="66828" scancount="59284" scanbytes="2294156" />
  <finalization candidates="124" enqueued="0" />
  <ownableSynchronizers candidates="3" cleared="0" />
  <references type="soft" candidates="84" cleared="0" enqueued="0" dynamicThreshold="11" maxThreshold="32" />
  <references type="weak" candidates="774" cleared="0" enqueued="0" />
  <references type="phantom" candidates="63" cleared="0" enqueued="0" />
  <stringconstants candidates="4573" cleared="0"  />
</gc-op>
<gc-op id="245" type="sweep" timems="0.317" contextid="241" timestamp="2019-07-02T19:53:26.445" />
<heap-resize id="246" type="expand" space="tenure" amount="1638400" count="1" timems="0.035" reason="excessive time being spent in gc" timestamp="2019-07-02T19:53:26.445" />
<gc-end id="247" type="global" contextid="241" durationms="2.394" usertimems="4.000" systemtimems="0.000" timestamp="2019-07-02T19:53:26.445" activeThreads="4">
  <mem-info id="248" free="5096760" total="11075584" percent="46">
    <mem type="tenure" free="5096760" total="11075584" percent="46" micro-fragmented="1556572" macro-fragmented="0">
      <mem type="soa" free="4986168" total="10964992" percent="45" />
      <mem type="loa" free="110592" total="110592" percent="100" />
    </mem>
  </mem-info>
</gc-end>
<cycle-end id="249" type="global" contextid="241" timestamp="2019-07-02T19:53:26.445">
  <attribute name="GC Util" value="189" />
  <attribute name="CPU Util" value="12336425940497" />
  <attribute name="Time Running"value="1255"/>
  <attribute name="Number of cores"value="4"/>
</cycle-end>
<allocation-satisfied id="250" threadId="0000000002241D00" bytesRequested="24" />
<af-end id="251" timestamp="2019-07-02T19:53:26.445" threadId="0000000002242688" success="true" />
<exclusive-end id="252" timestamp="2019-07-02T19:53:26.445" durationms="3.036" />

<exclusive-start id="253" timestamp="2019-07-02T19:53:26.450" intervalms="8.032">
  <response-info timems="0.023" idlems="0.023" threads="0" lastid="000000000223E100" lastname="Thread-9" />
</exclusive-start>
<af-start id="254" threadId="000000000223EA88" totalBytesRequested="40" timestamp="2019-07-02T19:53:26.450" intervalms="8.021" />
<cycle-start id="255" type="global" contextid="0" timestamp="2019-07-02T19:53:26.450" intervalms="8.001" />
  <attribute name="GC Util" value="189" />
  <attribute name="CPU Util" value="12336425940497" />
  <attribute name="Time Running"value="1255"/>
  <attribute name="Number of cores"value="4"/>
<gc-start id="256" type="global" contextid="255" timestamp="2019-07-02T19:53:26.450">
  <mem-info id="257" free="110592" total="11075584" percent="0">
    <mem type="tenure" free="110592" total="11075584" percent="0">
      <mem type="soa" free="0" total="10964992" percent="0" />
      <mem type="loa" free="110592" total="110592" percent="100" />
    </mem>
  </mem-info>
</gc-start>
<allocation-stats totalBytes="4970680" >
  <allocated-bytes non-tlh="0" tlh="4970680" />
  <largest-consumer threadName="Thread-8" threadId="0000000002241D00" bytes="1381320" />
</allocation-stats>
<gc-op id="258" type="mark" timems="2.092" contextid="255" timestamp="2019-07-02T19:53:26.453">
  <trace-info objectcount="67718" scancount="60165" scanbytes="2315612" />
  <finalization candidates="124" enqueued="0" />
  <ownableSynchronizers candidates="3" cleared="0" />
  <references type="soft" candidates="84" cleared="0" enqueued="0" dynamicThreshold="14" maxThreshold="32" />
  <references type="weak" candidates="774" cleared="0" enqueued="0" />
  <references type="phantom" candidates="63" cleared="0" enqueued="0" />
  <stringconstants candidates="4573" cleared="0"  />
</gc-op>
<gc-op id="259" type="sweep" timems="0.828" contextid="255" timestamp="2019-07-02T19:53:26.454" />
<heap-resize id="260" type="expand" space="tenure" amount="1900544" count="1" timems="0.035" reason="excessive time being spent in gc" timestamp="2019-07-02T19:53:26.454" />
<gc-end id="261" type="global" contextid="255" durationms="3.324" usertimems="8.000" systemtimems="0.000" timestamp="2019-07-02T19:53:26.454" activeThreads="4">
  <mem-info id="262" free="6917680" total="12976128" percent="53">
    <mem type="tenure" free="6917680" total="12976128" percent="53" micro-fragmented="1424694" macro-fragmented="0">
      <mem type="soa" free="6788656" total="12847104" percent="52" />
      <mem type="loa" free="129024" total="129024" percent="100" />
    </mem>
  </mem-info>
</gc-end>
<cycle-end id="263" type="global" contextid="255" timestamp="2019-07-02T19:53:26.454">
  <attribute name="GC Util" value="249" />
  <attribute name="CPU Util" value="8645044490294" />
  <attribute name="Time Running"value="1263"/>
  <attribute name="Number of cores"value="4"/>
</cycle-end>
<allocation-satisfied id="264" threadId="000000000223E100" bytesRequested="40" />
<af-end id="265" timestamp="2019-07-02T19:53:26.454" threadId="000000000223EA88" success="true" />
<exclusive-end id="266" timestamp="2019-07-02T19:53:26.454" durationms="3.958" />

<exclusive-start id="267" timestamp="2019-07-02T19:53:26.462" intervalms="11.705">
  <response-info timems="0.072" idlems="0.045" threads="1" lastid="000000000223A500" lastname="Thread-10" />
</exclusive-start>
<af-start id="268" threadId="0000000002242688" totalBytesRequested="40" timestamp="2019-07-02T19:53:26.462" intervalms="11.679" />
<cycle-start id="269" type="global" contextid="0" timestamp="2019-07-02T19:53:26.462" intervalms="11.683" />
  <attribute name="GC Util" value="249" />
  <attribute name="CPU Util" value="8645044490294" />
  <attribute name="Time Running"value="1263"/>
  <attribute name="Number of cores"value="4"/>
<gc-start id="270" type="global" contextid="269" timestamp="2019-07-02T19:53:26.462">
  <mem-info id="271" free="129024" total="12976128" percent="0">
    <mem type="tenure" free="129024" total="12976128" percent="0">
      <mem type="soa" free="0" total="12847104" percent="0" />
      <mem type="loa" free="129024" total="129024" percent="100" />
    </mem>
  </mem-info>
</gc-start>
<allocation-stats totalBytes="6771568" >
  <allocated-bytes non-tlh="0" tlh="6771568" />
  <largest-consumer threadName="Thread-9" threadId="000000000223E100" bytes="2003864" />
</allocation-stats>
<gc-op id="272" type="mark" timems="1.530" contextid="269" timestamp="2019-07-02T19:53:26.464">
  <trace-info objectcount="68610" scancount="61053" scanbytes="2337548" />
  <finalization candidates="124" enqueued="0" />
  <ownableSynchronizers candidates="3" cleared="0" />
  <references type="soft" candidates="84" cleared="0" enqueued="0" dynamicThreshold="17" maxThreshold="32" />
  <references type="weak" candidates="774" cleared="0" enqueued="0" />
  <references type="phantom" candidates="63" cleared="0" enqueued="0" />
  <stringconstants candidates="4573" cleared="0"  />
</gc-op>
<gc-op id="273" type="sweep" timems="0.386" contextid="269" timestamp="2019-07-02T19:53:26.464" />
<heap-resize id="274" type="expand" space="tenure" amount="2228224" count="1" timems="0.043" reason="excessive time being spent in gc" timestamp="2019-07-02T19:53:26.465" />
<gc-end id="275" type="global" contextid="269" durationms="2.577" usertimems="4.000" systemtimems="4.000" timestamp="2019-07-02T19:53:26.465" activeThreads="4">
  <mem-info id="276" free="9079928" total="15204352" percent="59">
    <mem type="tenure" free="9079928" total="15204352" percent="59" micro-fragmented="1582259" macro-fragmented="0">
      <mem type="soa" free="8928376" total="15052800" percent="59" />
      <mem type="loa" free="151552" total="151552" percent="100" />
    </mem>
  </mem-info>
</gc-end>
<cycle-end id="277" type="global" contextid="269" timestamp="2019-07-02T19:53:26.465">
  <attribute name="GC Util" value="185" />
  <attribute name="CPU Util" value="11364136747695" />
  <attribute name="Time Running"value="1274"/>
  <attribute name="Number of cores"value="4"/>
</cycle-end>
<allocation-satisfied id="278" threadId="0000000002241D00" bytesRequested="40" />
<af-end id="279" timestamp="2019-07-02T19:53:26.465" threadId="0000000002242688" success="true" />
<exclusive-end id="280" timestamp="2019-07-02T19:53:26.465" durationms="3.323" />

<exclusive-start id="281" timestamp="2019-07-02T19:53:26.475" intervalms="13.084">
  <response-info timems="0.028" idlems="0.028" threads="0" lastid="0000000002241D00" lastname="Thread-8" />
</exclusive-start>
<af-start id="282" threadId="0000000002242688" totalBytesRequested="24" timestamp="2019-07-02T19:53:26.475" intervalms="13.151" />
<cycle-start id="283" type="global" contextid="0" timestamp="2019-07-02T19:53:26.475" intervalms="13.181" />
  <attribute name="GC Util" value="185" />
  <attribute name="CPU Util" value="11364136747695" />
  <attribute name="Time Running"value="1274"/>
  <attribute name="Number of cores"value="4"/>
<gc-start id="284" type="global" contextid="283" timestamp="2019-07-02T19:53:26.475">
  <mem-info id="285" free="151552" total="15204352" percent="0">
    <mem type="tenure" free="151552" total="15204352" percent="0">
      <mem type="soa" free="0" total="15052800" percent="0" />
      <mem type="loa" free="151552" total="151552" percent="100" />
    </mem>
  </mem-info>
</gc-start>
<allocation-stats totalBytes="8906752" >
  <allocated-bytes non-tlh="0" tlh="8906752" />
  <largest-consumer threadName="Thread-7" threadId="0000000002245900" bytes="2603576" />
</allocation-stats>
<gc-op id="286" type="mark" timems="1.320" contextid="283" timestamp="2019-07-02T19:53:26.477">
  <trace-info objectcount="69539" scancount="61986" scanbytes="2359860" />
  <finalization candidates="124" enqueued="0" />
  <ownableSynchronizers candidates="3" cleared="0" />
  <references type="soft" candidates="84" cleared="0" enqueued="0" dynamicThreshold="19" maxThreshold="32" />
  <references type="weak" candidates="774" cleared="0" enqueued="0" />
  <references type="phantom" candidates="63" cleared="0" enqueued="0" />
  <stringconstants candidates="4573" cleared="0"  />
</gc-op>
<gc-op id="287" type="sweep" timems="0.454" contextid="283" timestamp="2019-07-02T19:53:26.477" />
<heap-resize id="288" type="expand" space="tenure" amount="1048576" count="1" timems="0.045" reason="excessive time being spent in gc" timestamp="2019-07-02T19:53:26.478" />
<gc-end id="289" type="global" contextid="283" durationms="2.295" usertimems="8.000" systemtimems="0.000" timestamp="2019-07-02T19:53:26.478" activeThreads="4">
  <mem-info id="290" free="10045504" total="16252928" percent="61">
    <mem type="tenure" free="10045504" total="16252928" percent="61" micro-fragmented="1561163" macro-fragmented="0">
      <mem type="soa" free="9883712" total="16091136" percent="61" />
      <mem type="loa" free="161792" total="161792" percent="100" />
    </mem>
  </mem-info>
</gc-end>
<cycle-end id="291" type="global" contextid="283" timestamp="2019-07-02T19:53:26.478">
  <attribute name="GC Util" value="213" />
  <attribute name="CPU Util" value="13094164055982" />
  <attribute name="Time Running"value="1287"/>
  <attribute name="Number of cores"value="4"/>
</cycle-end>
<allocation-satisfied id="292" threadId="0000000002241D00" bytesRequested="24" />
<af-end id="293" timestamp="2019-07-02T19:53:26.478" threadId="0000000002242688" success="true" />
<exclusive-end id="294" timestamp="2019-07-02T19:53:26.478" durationms="3.275" />

<exclusive-start id="295" timestamp="2019-07-02T19:53:26.490" intervalms="15.342">
  <response-info timems="0.042" idlems="0.042" threads="0" lastid="000000000223E100" lastname="Thread-9" />
</exclusive-start>
<af-start id="296" threadId="000000000223EA88" totalBytesRequested="40" timestamp="2019-07-02T19:53:26.490" intervalms="15.273" />
<cycle-start id="297" type="global" contextid="0" timestamp="2019-07-02T19:53:26.491" intervalms="15.303" />
  <attribute name="GC Util" value="213" />
  <attribute name="CPU Util" value="13094164055982" />
  <attribute name="Time Running"value="1287"/>
  <attribute name="Number of cores"value="4"/>
<gc-start id="298" type="global" contextid="297" timestamp="2019-07-02T19:53:26.491">
  <mem-info id="299" free="161792" total="16252928" percent="0">
    <mem type="tenure" free="161792" total="16252928" percent="0">
      <mem type="soa" free="0" total="16091136" percent="0" />
      <mem type="loa" free="161792" total="161792" percent="100" />
    </mem>
  </mem-info>
</gc-start>
<allocation-stats totalBytes="9859888" >
  <allocated-bytes non-tlh="0" tlh="9859888" />
  <largest-consumer threadName="Thread-7" threadId="0000000002245900" bytes="3371328" />
</allocation-stats>
<gc-op id="300" type="mark" timems="2.564" contextid="297" timestamp="2019-07-02T19:53:26.493">
  <trace-info objectcount="70400" scancount="62843" scanbytes="2380540" />
  <finalization candidates="124" enqueued="0" />
  <ownableSynchronizers candidates="3" cleared="0" />
  <references type="soft" candidates="84" cleared="0" enqueued="0" dynamicThreshold="19" maxThreshold="32" />
  <references type="weak" candidates="774" cleared="0" enqueued="0" />
  <references type="phantom" candidates="63" cleared="0" enqueued="0" />
  <stringconstants candidates="4573" cleared="0"  />
</gc-op>
<gc-op id="301" type="sweep" timems="0.896" contextid="297" timestamp="2019-07-02T19:53:26.494" />
<gc-end id="302" type="global" contextid="297" durationms="3.836" usertimems="0.000" systemtimems="8.000" timestamp="2019-07-02T19:53:26.494" activeThreads="4">
  <mem-info id="303" free="9947568" total="16252928" percent="61">
    <mem type="tenure" free="9947568" total="16252928" percent="61" micro-fragmented="1700306" macro-fragmented="0">
      <mem type="soa" free="9785776" total="16091136" percent="60" />
      <mem type="loa" free="161792" total="161792" percent="100" />
    </mem>
  </mem-info>
</gc-end>
<cycle-end id="304" type="global" contextid="297" timestamp="2019-07-02T19:53:26.495">
  <attribute name="GC Util" value="256" />
  <attribute name="CPU Util" value="6970768265608" />
  <attribute name="Time Running"value="1304"/>
  <attribute name="Number of cores"value="4"/>
</cycle-end>
<allocation-satisfied id="305" threadId="000000000223E100" bytesRequested="40" />
<af-end id="306" timestamp="2019-07-02T19:53:26.495" threadId="000000000223EA88" success="true" />
<exclusive-end id="307" timestamp="2019-07-02T19:53:26.495" durationms="4.448" />

<exclusive-start id="308" timestamp="2019-07-02T19:53:26.505" intervalms="14.431">
  <response-info timems="0.054" idlems="0.054" threads="0" lastid="000000000223E100" lastname="Thread-9" />
</exclusive-start>
<af-start id="309" threadId="000000000223EA88" totalBytesRequested="40" timestamp="2019-07-02T19:53:26.505" intervalms="14.450" />
<cycle-start id="310" type="global" contextid="0" timestamp="2019-07-02T19:53:26.505" intervalms="14.377" />
  <attribute name="GC Util" value="256" />
  <attribute name="CPU Util" value="6970768265608" />
  <attribute name="Time Running"value="1304"/>
  <attribute name="Number of cores"value="4"/>
<gc-start id="311" type="global" contextid="310" timestamp="2019-07-02T19:53:26.505">
  <mem-info id="312" free="161792" total="16252928" percent="0">
    <mem type="tenure" free="161792" total="16252928" percent="0">
      <mem type="soa" free="0" total="16091136" percent="0" />
      <mem type="loa" free="161792" total="161792" percent="100" />
    </mem>
  </mem-info>
</gc-start>
<allocation-stats totalBytes="9758176" >
  <allocated-bytes non-tlh="0" tlh="9758176" />
  <largest-consumer threadName="Thread-7" threadId="0000000002245900" bytes="2875376" />
</allocation-stats>
<gc-op id="313" type="mark" timems="1.984" contextid="310" timestamp="2019-07-02T19:53:26.507">
  <trace-info objectcount="62698" scancount="55141" scanbytes="2061448" />
  <finalization candidates="124" enqueued="0" />
  <ownableSynchronizers candidates="3" cleared="0" />
  <references type="soft" candidates="84" cleared="0" enqueued="0" dynamicThreshold="19" maxThreshold="32" />
  <references type="weak" candidates="775" cleared="0" enqueued="0" />
  <references type="phantom" candidates="64" cleared="0" enqueued="0" />
  <stringconstants candidates="4573" cleared="0"  />
</gc-op>
<gc-op id="314" type="sweep" timems="0.885" contextid="310" timestamp="2019-07-02T19:53:26.508" />
<gc-end id="315" type="global" contextid="310" durationms="3.240" usertimems="4.000" systemtimems="0.000" timestamp="2019-07-02T19:53:26.508" activeThreads="4">
  <mem-info id="316" free="10392448" total="16252928" percent="63">
    <mem type="tenure" free="10392448" total="16252928" percent="63" micro-fragmented="1478017" macro-fragmented="0">
      <mem type="soa" free="10230656" total="16091136" percent="63" />
      <mem type="loa" free="161792" total="161792" percent="100" />
    </mem>
  </mem-info>
</gc-end>
<cycle-end id="317" type="global" contextid="310" timestamp="2019-07-02T19:53:26.508">
  <attribute name="GC Util" value="236" />
  <attribute name="CPU Util" value="8899278119725" />
  <attribute name="Time Running"value="1318"/>
  <attribute name="Number of cores"value="4"/>
</cycle-end>
<allocation-satisfied id="318" threadId="000000000223E100" bytesRequested="40" />
<af-end id="319" timestamp="2019-07-02T19:53:26.508" threadId="000000000223EA88" success="true" />
<exclusive-end id="320" timestamp="2019-07-02T19:53:26.509" durationms="3.848" />

<exclusive-start id="321" timestamp="2019-07-02T19:53:26.522" intervalms="16.790">
  <response-info timems="0.151" idlems="0.103" threads="1" lastid="0000000002241D00" lastname="Thread-8" />
</exclusive-start>
<af-start id="322" threadId="0000000002246288" totalBytesRequested="40" timestamp="2019-07-02T19:53:26.522" intervalms="16.814" />
<cycle-start id="323" type="global" contextid="0" timestamp="2019-07-02T19:53:26.522" intervalms="16.826" />
  <attribute name="GC Util" value="236" />
  <attribute name="CPU Util" value="8899278119725" />
  <attribute name="Time Running"value="1318"/>
  <attribute name="Number of cores"value="4"/>
<gc-start id="324" type="global" contextid="323" timestamp="2019-07-02T19:53:26.522">
  <mem-info id="325" free="161792" total="16252928" percent="0">
    <mem type="tenure" free="161792" total="16252928" percent="0">
      <mem type="soa" free="0" total="16091136" percent="0" />
      <mem type="loa" free="161792" total="161792" percent="100" />
    </mem>
  </mem-info>
</gc-start>
<allocation-stats totalBytes="10198552" >
  <allocated-bytes non-tlh="14600" tlh="10183952" />
  <largest-consumer threadName="Thread-9" threadId="000000000223E100" bytes="3825976" />
</allocation-stats>
<gc-op id="326" type="mark" timems="2.087" contextid="323" timestamp="2019-07-02T19:53:26.524">
  <trace-info objectcount="63362" scancount="55793" scanbytes="2077872" />
  <finalization candidates="124" enqueued="0" />
  <ownableSynchronizers candidates="3" cleared="0" />
  <references type="soft" candidates="85" cleared="0" enqueued="0" dynamicThreshold="20" maxThreshold="32" />
  <references type="weak" candidates="777" cleared="1" enqueued="1" />
  <references type="phantom" candidates="64" cleared="1" enqueued="1" />
  <stringconstants candidates="4574" cleared="0"  />
</gc-op>
<gc-op id="327" type="sweep" timems="0.962" contextid="323" timestamp="2019-07-02T19:53:26.525" />
<heap-resize id="328" type="contract" space="tenure" amount="131072" count="1" timems="0.061" reason="excess free space following gc" timestamp="2019-07-02T19:53:26.525" />
<gc-end id="329" type="global" contextid="323" durationms="3.668" usertimems="8.000" systemtimems="0.000" timestamp="2019-07-02T19:53:26.526" activeThreads="4">
  <mem-info id="330" free="10015928" total="16121856" percent="62">
    <mem type="tenure" free="10015928" total="16121856" percent="62" micro-fragmented="1587968" macro-fragmented="0">
      <mem type="soa" free="10015928" total="15961088" percent="62" />
      <mem type="loa" free="0" total="160768" percent="0" />
    </mem>
    <pending-finalizers system="0" default="0" reference="2" classloader="0" />
  </mem-info>
</gc-end>
<cycle-end id="331" type="global" contextid="323" timestamp="2019-07-02T19:53:26.526">
  <attribute name="GC Util" value="235" />
  <attribute name="CPU Util" value="8455839689251" />
  <attribute name="Time Running"value="1335"/>
  <attribute name="Number of cores"value="4"/>
</cycle-end>
<allocation-satisfied id="332" threadId="0000000002245900" bytesRequested="40" />
<af-end id="333" timestamp="2019-07-02T19:53:26.526" threadId="0000000002246288" success="true" />
<exclusive-end id="334" timestamp="2019-07-02T19:53:26.526" durationms="4.535" />

<exclusive-start id="335" timestamp="2019-07-02T19:53:26.539" intervalms="17.399">
  <response-info timems="0.034" idlems="0.031" threads="1" lastid="0000000002245900" lastname="Thread-7" />
</exclusive-start>
<af-start id="336" threadId="000000000223EA88" totalBytesRequested="40" timestamp="2019-07-02T19:53:26.539" intervalms="17.445" />
<cycle-start id="337" type="global" contextid="0" timestamp="2019-07-02T19:53:26.539" intervalms="17.449" />
  <attribute name="GC Util" value="235" />
  <attribute name="CPU Util" value="8455839689251" />
  <attribute name="Time Running"value="1335"/>
  <attribute name="Number of cores"value="4"/>
<gc-start id="338" type="global" contextid="337" timestamp="2019-07-02T19:53:26.539">
  <mem-info id="339" free="0" total="16121856" percent="0">
    <mem type="tenure" free="0" total="16121856" percent="0">
      <mem type="soa" free="0" total="15961088" percent="0" />
      <mem type="loa" free="0" total="160768" percent="0" />
    </mem>
  </mem-info>
</gc-start>
<allocation-stats totalBytes="9980360" >
  <allocated-bytes non-tlh="0" tlh="9980360" />
  <largest-consumer threadName="Thread-9" threadId="000000000223E100" bytes="4396800" />
</allocation-stats>
<gc-op id="340" type="mark" timems="2.117" contextid="337" timestamp="2019-07-02T19:53:26.542">
  <trace-info objectcount="64185" scancount="56622" scanbytes="2097896" />
  <finalization candidates="124" enqueued="0" />
  <ownableSynchronizers candidates="3" cleared="0" />
  <references type="soft" candidates="85" cleared="0" enqueued="0" dynamicThreshold="19" maxThreshold="32" />
  <references type="weak" candidates="776" cleared="0" enqueued="0" />
  <references type="phantom" candidates="63" cleared="0" enqueued="0" />
  <stringconstants candidates="4574" cleared="0"  />
</gc-op>
<gc-op id="341" type="sweep" timems="0.945" contextid="337" timestamp="2019-07-02T19:53:26.543" />
<heap-resize id="342" type="contract" space="tenure" amount="65536" count="1" timems="0.127" reason="excess free space following gc" timestamp="2019-07-02T19:53:26.543" />
<gc-end id="343" type="global" contextid="337" durationms="3.641" usertimems="8.000" systemtimems="0.000" timestamp="2019-07-02T19:53:26.543" activeThreads="4">
  <mem-info id="344" free="9828360" total="16056320" percent="61">
    <mem type="tenure" free="9828360" total="16056320" percent="61" micro-fragmented="1481862" macro-fragmented="0">
      <mem type="soa" free="9828360" total="15896576" percent="61" />
      <mem type="loa" free="0" total="159744" percent="0" />
    </mem>
  </mem-info>
</gc-end>
<cycle-end id="345" type="global" contextid="337" timestamp="2019-07-02T19:53:26.543">
  <attribute name="GC Util" value="235" />
  <attribute name="CPU Util" value="8416518294944" />
  <attribute name="Time Running"value="1352"/>
  <attribute name="Number of cores"value="4"/>
</cycle-end>
<allocation-satisfied id="346" threadId="000000000223E100" bytesRequested="40" />
<af-end id="347" timestamp="2019-07-02T19:53:26.543" threadId="000000000223EA88" success="true" />
<exclusive-end id="348" timestamp="2019-07-02T19:53:26.543" durationms="4.368" />

<exclusive-start id="349" timestamp="2019-07-02T19:53:26.552" intervalms="13.358">
  <response-info timems="0.034" idlems="0.034" threads="0" lastid="000000000223E100" lastname="Thread-9" />
</exclusive-start>
<af-start id="350" threadId="000000000223EA88" totalBytesRequested="24" timestamp="2019-07-02T19:53:26.552" intervalms="13.316" />
<cycle-start id="351" type="global" contextid="0" timestamp="2019-07-02T19:53:26.552" intervalms="13.302" />
  <attribute name="GC Util" value="235" />
  <attribute name="CPU Util" value="8416518294944" />
  <attribute name="Time Running"value="1352"/>
  <attribute name="Number of cores"value="4"/>
<gc-start id="352" type="global" contextid="351" timestamp="2019-07-02T19:53:26.553">
  <mem-info id="353" free="0" total="16056320" percent="0">
    <mem type="tenure" free="0" total="16056320" percent="0">
      <mem type="soa" free="0" total="15896576" percent="0" />
      <mem type="loa" free="0" total="159744" percent="0" />
    </mem>
  </mem-info>
</gc-start>
<allocation-stats totalBytes="9790376" >
  <allocated-bytes non-tlh="19056" tlh="9771320" />
  <largest-consumer threadName="Thread-7" threadId="0000000002245900" bytes="3488072" />
</allocation-stats>
<gc-op id="354" type="mark" timems="2.426" contextid="351" timestamp="2019-07-02T19:53:26.555">
  <trace-info objectcount="69007" scancount="61420" scanbytes="2347612" />
  <finalization candidates="124" enqueued="0" />
  <ownableSynchronizers candidates="3" cleared="0" />
  <references type="soft" candidates="85" cleared="0" enqueued="0" dynamicThreshold="19" maxThreshold="32" />
  <references type="weak" candidates="776" cleared="0" enqueued="0" />
  <references type="phantom" candidates="63" cleared="0" enqueued="0" />
  <stringconstants candidates="4574" cleared="0"  />
</gc-op>
<gc-op id="355" type="sweep" timems="0.934" contextid="351" timestamp="2019-07-02T19:53:26.556" />
<heap-resize id="356" type="expand" space="tenure" amount="1048576" count="1" timems="0.069" reason="excessive time being spent in gc" timestamp="2019-07-02T19:53:26.556" />
<gc-end id="357" type="global" contextid="351" durationms="3.794" usertimems="8.000" systemtimems="0.000" timestamp="2019-07-02T19:53:26.556" activeThreads="4">
  <mem-info id="358" free="10497824" total="17104896" percent="61">
    <mem type="tenure" free="10497824" total="17104896" percent="61" micro-fragmented="1560425" macro-fragmented="0">
      <mem type="soa" free="10326816" total="16933888" percent="60" />
      <mem type="loa" free="171008" total="171008" percent="100" />
    </mem>
  </mem-info>
</gc-end>
<cycle-end id="359" type="global" contextid="351" timestamp="2019-07-02T19:53:26.556">
  <attribute name="GC Util" value="253" />
  <attribute name="CPU Util" value="7360276324503" />
  <attribute name="Time Running"value="1365"/>
  <attribute name="Number of cores"value="4"/>
</cycle-end>
<allocation-satisfied id="360" threadId="000000000223E100" bytesRequested="24" />
<af-end id="361" timestamp="2019-07-02T19:53:26.557" threadId="000000000223EA88" success="true" />
<exclusive-end id="362" timestamp="2019-07-02T19:53:26.557" durationms="4.428" />

<exclusive-start id="363" timestamp="2019-07-02T19:53:26.565" intervalms="12.992">
  <response-info timems="0.023" idlems="0.021" threads="1" lastid="000000000223A500" lastname="Thread-10" />
</exclusive-start>
<af-start id="364" threadId="000000000223EA88" totalBytesRequested="40" timestamp="2019-07-02T19:53:26.565" intervalms="12.976" />
<cycle-start id="365" type="global" contextid="0" timestamp="2019-07-02T19:53:26.565" intervalms="12.987" />
  <attribute name="GC Util" value="253" />
  <attribute name="CPU Util" value="7360276324503" />
  <attribute name="Time Running"value="1365"/>
  <attribute name="Number of cores"value="4"/>
<gc-start id="366" type="global" contextid="365" timestamp="2019-07-02T19:53:26.566">
  <mem-info id="367" free="171008" total="17104896" percent="0">
    <mem type="tenure" free="171008" total="17104896" percent="0">
      <mem type="soa" free="0" total="16933888" percent="0" />
      <mem type="loa" free="171008" total="171008" percent="100" />
    </mem>
  </mem-info>
</gc-start>
<allocation-stats totalBytes="10287552" >
  <allocated-bytes non-tlh="0" tlh="10287552" />
  <largest-consumer threadName="Thread-7" threadId="0000000002245900" bytes="3554560" />
</allocation-stats>
<gc-op id="368" type="mark" timems="2.341" contextid="365" timestamp="2019-07-02T19:53:26.568">
  <trace-info objectcount="70124" scancount="62542" scanbytes="2374140" />
  <finalization candidates="124" enqueued="0" />
  <ownableSynchronizers candidates="3" cleared="0" />
  <references type="soft" candidates="85" cleared="0" enqueued="0" dynamicThreshold="19" maxThreshold="32" />
  <references type="weak" candidates="776" cleared="0" enqueued="0" />
  <references type="phantom" candidates="63" cleared="0" enqueued="0" />
  <stringconstants candidates="4574" cleared="0"  />
</gc-op>
<gc-op id="369" type="sweep" timems="1.001" contextid="365" timestamp="2019-07-02T19:53:26.569" />
<gc-end id="370" type="global" contextid="365" durationms="3.691" usertimems="8.000" systemtimems="0.000" timestamp="2019-07-02T19:53:26.569" activeThreads="4">
  <mem-info id="371" free="10490320" total="17104896" percent="61">
    <mem type="tenure" free="10490320" total="17104896" percent="61" micro-fragmented="1647378" macro-fragmented="0">
      <mem type="soa" free="10319312" total="16933888" percent="60" />
      <mem type="loa" free="171008" total="171008" percent="100" />
    </mem>
  </mem-info>
</gc-end>
<cycle-end id="372" type="global" contextid="365" timestamp="2019-07-02T19:53:26.569">
  <attribute name="GC Util" value="238" />
  <attribute name="CPU Util" value="7600060010867" />
  <attribute name="Time Running"value="1379"/>
  <attribute name="Number of cores"value="4"/>
</cycle-end>
<allocation-satisfied id="373" threadId="000000000223E100" bytesRequested="40" />
<af-end id="374" timestamp="2019-07-02T19:53:26.569" threadId="000000000223EA88" success="true" />
<exclusive-end id="375" timestamp="2019-07-02T19:53:26.569" durationms="4.243" />

<exclusive-start id="376" timestamp="2019-07-02T19:53:26.579" intervalms="13.668">
  <response-info timems="0.039" idlems="0.022" threads="1" lastid="000000000223A500" lastname="Thread-10" />
</exclusive-start>
<af-start id="377" threadId="0000000002242688" totalBytesRequested="40" timestamp="2019-07-02T19:53:26.579" intervalms="13.709" />
<cycle-start id="378" type="global" contextid="0" timestamp="2019-07-02T19:53:26.579" intervalms="13.710" />
  <attribute name="GC Util" value="238" />
  <attribute name="CPU Util" value="7600060010867" />
  <attribute name="Time Running"value="1379"/>
  <attribute name="Number of cores"value="4"/>
<gc-start id="379" type="global" contextid="378" timestamp="2019-07-02T19:53:26.579">
  <mem-info id="380" free="171008" total="17104896" percent="0">
    <mem type="tenure" free="171008" total="17104896" percent="0">
      <mem type="soa" free="0" total="16933888" percent="0" />
      <mem type="loa" free="171008" total="171008" percent="100" />
    </mem>
  </mem-info>
</gc-start>
<allocation-stats totalBytes="10275976" >
  <allocated-bytes non-tlh="19056" tlh="10256920" />
  <largest-consumer threadName="Thread-9" threadId="000000000223E100" bytes="3804048" />
</allocation-stats>
<gc-op id="381" type="mark" timems="1.389" contextid="378" timestamp="2019-07-02T19:53:26.581">
  <trace-info objectcount="66862" scancount="59274" scanbytes="2295612" />
  <finalization candidates="124" enqueued="0" />
  <ownableSynchronizers candidates="3" cleared="0" />
  <references type="soft" candidates="85" cleared="0" enqueued="0" dynamicThreshold="19" maxThreshold="32" />
  <references type="weak" candidates="776" cleared="0" enqueued="0" />
  <references type="phantom" candidates="63" cleared="0" enqueued="0" />
  <stringconstants candidates="4574" cleared="0"  />
</gc-op>
<gc-op id="382" type="sweep" timems="0.490" contextid="378" timestamp="2019-07-02T19:53:26.581" />
<gc-end id="383" type="global" contextid="378" durationms="2.160" usertimems="0.000" systemtimems="4.000" timestamp="2019-07-02T19:53:26.581" activeThreads="4">
  <mem-info id="384" free="10884632" total="17104896" percent="63">
    <mem type="tenure" free="10884632" total="17104896" percent="63" micro-fragmented="1408101" macro-fragmented="0">
      <mem type="soa" free="10713624" total="16933888" percent="63" />
      <mem type="loa" free="171008" total="171008" percent="100" />
    </mem>
  </mem-info>
</gc-end>
<cycle-end id="385" type="global" contextid="378" timestamp="2019-07-02T19:53:26.582">
  <attribute name="GC Util" value="211" />
  <attribute name="CPU Util" value="12823338324698" />
  <attribute name="Time Running"value="1391"/>
  <attribute name="Number of cores"value="4"/>
</cycle-end>
<allocation-satisfied id="386" threadId="0000000002241D00" bytesRequested="40" />
<af-end id="387" timestamp="2019-07-02T19:53:26.582" threadId="0000000002242688" success="true" />
<exclusive-end id="388" timestamp="2019-07-02T19:53:26.582" durationms="2.908" />

<exclusive-start id="389" timestamp="2019-07-02T19:53:26.592" intervalms="12.751">
  <response-info timems="0.059" idlems="0.059" threads="0" lastid="0000000002245900" lastname="Thread-7" />
</exclusive-start>
<af-start id="390" threadId="0000000002246288" totalBytesRequested="40" timestamp="2019-07-02T19:53:26.592" intervalms="12.770" />
<cycle-start id="391" type="global" contextid="0" timestamp="2019-07-02T19:53:26.592" intervalms="12.817" />
  <attribute name="GC Util" value="211" />
  <attribute name="CPU Util" value="12823338324698" />
  <attribute name="Time Running"value="1391"/>
  <attribute name="Number of cores"value="4"/>
<gc-start id="392" type="global" contextid="391" timestamp="2019-07-02T19:53:26.592">
  <mem-info id="393" free="171008" total="17104896" percent="0">
    <mem type="tenure" free="171008" total="17104896" percent="0">
      <mem type="soa" free="0" total="16933888" percent="0" />
      <mem type="loa" free="171008" total="171008" percent="100" />
    </mem>
  </mem-info>
</gc-start>
<allocation-stats totalBytes="10673384" >
  <allocated-bytes non-tlh="0" tlh="10673384" />
  <largest-consumer threadName="Thread-9" threadId="000000000223E100" bytes="4017528" />
</allocation-stats>
<gc-op id="394" type="mark" timems="1.995" contextid="391" timestamp="2019-07-02T19:53:26.594">
  <trace-info objectcount="68772" scancount="61189" scanbytes="2341476" />
  <finalization candidates="124" enqueued="0" />
  <ownableSynchronizers candidates="3" cleared="0" />
  <references type="soft" candidates="85" cleared="0" enqueued="0" dynamicThreshold="20" maxThreshold="32" />
  <references type="weak" candidates="776" cleared="0" enqueued="0" />
  <references type="phantom" candidates="63" cleared="0" enqueued="0" />
  <stringconstants candidates="4574" cleared="0"  />
</gc-op>
<gc-op id="395" type="sweep" timems="0.922" contextid="391" timestamp="2019-07-02T19:53:26.595" />
<heap-resize id="396" type="contract" space="tenure" amount="131072" count="1" timems="0.068" reason="excess free space following gc" timestamp="2019-07-02T19:53:26.596" />
<gc-end id="397" type="global" contextid="391" durationms="3.607" usertimems="8.000" systemtimems="0.000" timestamp="2019-07-02T19:53:26.596" activeThreads="4">
  <mem-info id="398" free="10374960" total="16973824" percent="61">
    <mem type="tenure" free="10374960" total="16973824" percent="61" micro-fragmented="1649051" macro-fragmented="0">
      <mem type="soa" free="10374960" total="16804864" percent="61" />
      <mem type="loa" free="0" total="168960" percent="0" />
    </mem>
  </mem-info>
</gc-end>
<cycle-end id="399" type="global" contextid="391" timestamp="2019-07-02T19:53:26.596">
  <attribute name="GC Util" value="235" />
  <attribute name="CPU Util" value="8701577578803" />
  <attribute name="Time Running"value="1405"/>
  <attribute name="Number of cores"value="4"/>
</cycle-end>
<allocation-satisfied id="400" threadId="0000000002245900" bytesRequested="40" />
<af-end id="401" timestamp="2019-07-02T19:53:26.596" threadId="0000000002246288" success="true" />
<exclusive-end id="402" timestamp="2019-07-02T19:53:26.596" durationms="4.671" />

<exclusive-start id="403" timestamp="2019-07-02T19:53:26.606" intervalms="14.154">
  <response-info timems="0.061" idlems="0.058" threads="1" lastid="0000000002245900" lastname="Thread-7" />
</exclusive-start>
<af-start id="404" threadId="000000000223EA88" totalBytesRequested="40" timestamp="2019-07-02T19:53:26.606" intervalms="14.068" />
<cycle-start id="405" type="global" contextid="0" timestamp="2019-07-02T19:53:26.606" intervalms="14.074" />
  <attribute name="GC Util" value="235" />
  <attribute name="CPU Util" value="8701577578803" />
  <attribute name="Time Running"value="1405"/>
  <attribute name="Number of cores"value="4"/>
<gc-start id="406" type="global" contextid="405" timestamp="2019-07-02T19:53:26.606">
  <mem-info id="407" free="0" total="16973824" percent="0">
    <mem type="tenure" free="0" total="16973824" percent="0">
      <mem type="soa" free="0" total="16804864" percent="0" />
      <mem type="loa" free="0" total="168960" percent="0" />
    </mem>
  </mem-info>
</gc-start>
<allocation-stats totalBytes="10333024" >
  <allocated-bytes non-tlh="23160" tlh="10309864" />
  <largest-consumer threadName="Thread-7" threadId="0000000002245900" bytes="3834752" />
</allocation-stats>
<gc-op id="408" type="mark" timems="2.231" contextid="405" timestamp="2019-07-02T19:53:26.609">
  <trace-info objectcount="66517" scancount="58944" scanbytes="2287324" />
  <finalization candidates="124" enqueued="0" />
  <ownableSynchronizers candidates="3" cleared="0" />
  <references type="soft" candidates="85" cleared="0" enqueued="0" dynamicThreshold="19" maxThreshold="32" />
  <references type="weak" candidates="776" cleared="0" enqueued="0" />
  <references type="phantom" candidates="63" cleared="0" enqueued="0" />
  <stringconstants candidates="4574" cleared="0"  />
</gc-op>
<gc-op id="409" type="sweep" timems="0.911" contextid="405" timestamp="2019-07-02T19:53:26.610" />
<heap-resize id="410" type="contract" space="tenure" amount="65536" count="1" timems="0.113" reason="excess free space following gc" timestamp="2019-07-02T19:53:26.610" />
<gc-end id="411" type="global" contextid="405" durationms="3.700" usertimems="8.000" systemtimems="0.000" timestamp="2019-07-02T19:53:26.610" activeThreads="4">
  <mem-info id="412" free="10623768" total="16908288" percent="62">
    <mem type="tenure" free="10623768" total="16908288" percent="62" micro-fragmented="1400320" macro-fragmented="0">
      <mem type="soa" free="10623768" total="16739328" percent="63" />
      <mem type="loa" free="0" total="168960" percent="0" />
    </mem>
  </mem-info>
</gc-end>
<cycle-end id="413" type="global" contextid="405" timestamp="2019-07-02T19:53:26.610">
  <attribute name="GC Util" value="250" />
  <attribute name="CPU Util" value="7989141535583" />
  <attribute name="Time Running"value="1419"/>
  <attribute name="Number of cores"value="4"/>
</cycle-end>
<allocation-satisfied id="414" threadId="000000000223E100" bytesRequested="40" />
<af-end id="415" timestamp="2019-07-02T19:53:26.610" threadId="000000000223EA88" success="true" />
<exclusive-end id="416" timestamp="2019-07-02T19:53:26.610" durationms="4.364" />

<exclusive-start id="417" timestamp="2019-07-02T19:53:26.619" intervalms="12.992">
  <response-info timems="0.056" idlems="0.056" threads="0" lastid="0000000002245900" lastname="Thread-7" />
</exclusive-start>
<af-start id="418" threadId="0000000002246288" totalBytesRequested="40" timestamp="2019-07-02T19:53:26.619" intervalms="13.026" />
<cycle-start id="419" type="global" contextid="0" timestamp="2019-07-02T19:53:26.619" intervalms="12.968" />
  <attribute name="GC Util" value="250" />
  <attribute name="CPU Util" value="7989141535583" />
  <attribute name="Time Running"value="1419"/>
  <attribute name="Number of cores"value="4"/>
<gc-start id="420" type="global" contextid="419" timestamp="2019-07-02T19:53:26.619">
  <mem-info id="421" free="0" total="16908288" percent="0">
    <mem type="tenure" free="0" total="16908288" percent="0">
      <mem type="soa" free="0" total="16739328" percent="0" />
      <mem type="loa" free="0" total="168960" percent="0" />
    </mem>
  </mem-info>
</gc-start>
<allocation-stats totalBytes="10594312" >
  <allocated-bytes non-tlh="0" tlh="10594312" />
  <largest-consumer threadName="Thread-9" threadId="000000000223E100" bytes="3525480" />
</allocation-stats>
<gc-op id="422" type="mark" timems="2.175" contextid="419" timestamp="2019-07-02T19:53:26.621">
  <trace-info objectcount="69117" scancount="61527" scanbytes="2349724" />
  <finalization candidates="124" enqueued="0" />
  <ownableSynchronizers candidates="3" cleared="0" />
  <references type="soft" candidates="85" cleared="0" enqueued="0" dynamicThreshold="20" maxThreshold="32" />
  <references type="weak" candidates="776" cleared="0" enqueued="0" />
  <references type="phantom" candidates="63" cleared="0" enqueued="0" />
  <stringconstants candidates="4574" cleared="0"  />
</gc-op>
<gc-op id="423" type="sweep" timems="0.902" contextid="419" timestamp="2019-07-02T19:53:26.622" />
<gc-end id="424" type="global" contextid="419" durationms="3.459" usertimems="8.000" systemtimems="0.000" timestamp="2019-07-02T19:53:26.623" activeThreads="4">
  <mem-info id="425" free="10353432" total="16908288" percent="61">
    <mem type="tenure" free="10353432" total="16908288" percent="61" micro-fragmented="1613811" macro-fragmented="0">
      <mem type="soa" free="10353432" total="16739328" percent="61" />
      <mem type="loa" free="0" total="168960" percent="0" />
    </mem>
  </mem-info>
</gc-end>
<cycle-end id="426" type="global" contextid="419" timestamp="2019-07-02T19:53:26.623">
  <attribute name="GC Util" value="239" />
  <attribute name="CPU Util" value="8122808626152" />
  <attribute name="Time Running"value="1432"/>
  <attribute name="Number of cores"value="4"/>
</cycle-end>
<allocation-satisfied id="427" threadId="0000000002245900" bytesRequested="40" />
<af-end id="428" timestamp="2019-07-02T19:53:26.623" threadId="0000000002246288" success="true" />
<exclusive-end id="429" timestamp="2019-07-02T19:53:26.623" durationms="4.323" />

<exclusive-start id="430" timestamp="2019-07-02T19:53:26.632" intervalms="12.978">
  <response-info timems="0.055" idlems="0.055" threads="0" lastid="000000000223E100" lastname="Thread-9" />
</exclusive-start>
<af-start id="431" threadId="000000000223EA88" totalBytesRequested="40" timestamp="2019-07-02T19:53:26.632" intervalms="12.966" />
<cycle-start id="432" type="global" contextid="0" timestamp="2019-07-02T19:53:26.632" intervalms="12.963" />
  <attribute name="GC Util" value="239" />
  <attribute name="CPU Util" value="8122808626152" />
  <attribute name="Time Running"value="1432"/>
  <attribute name="Number of cores"value="4"/>
<gc-start id="433" type="global" contextid="432" timestamp="2019-07-02T19:53:26.632">
  <mem-info id="434" free="0" total="16908288" percent="0">
    <mem type="tenure" free="0" total="16908288" percent="0">
      <mem type="soa" free="0" total="16739328" percent="0" />
      <mem type="loa" free="0" total="168960" percent="0" />
    </mem>
  </mem-info>
</gc-start>
<allocation-stats totalBytes="10320792" >
  <allocated-bytes non-tlh="0" tlh="10320792" />
  <largest-consumer threadName="Thread-9" threadId="000000000223E100" bytes="3537904" />
</allocation-stats>
<gc-op id="435" type="mark" timems="1.913" contextid="432" timestamp="2019-07-02T19:53:26.634">
  <trace-info objectcount="72059" scancount="64469" scanbytes="2419988" />
  <finalization candidates="124" enqueued="0" />
  <ownableSynchronizers candidates="3" cleared="0" />
  <references type="soft" candidates="85" cleared="0" enqueued="0" dynamicThreshold="19" maxThreshold="32" />
  <references type="weak" candidates="776" cleared="0" enqueued="0" />
  <references type="phantom" candidates="63" cleared="0" enqueued="0" />
  <stringconstants candidates="4574" cleared="0"  />
</gc-op>
<gc-op id="436" type="sweep" timems="0.489" contextid="432" timestamp="2019-07-02T19:53:26.635" />
<heap-resize id="437" type="expand" space="tenure" amount="1048576" count="1" timems="0.062" reason="excessive time being spent in gc" timestamp="2019-07-02T19:53:26.635" />
<gc-end id="438" type="global" contextid="432" durationms="2.990" usertimems="4.000" systemtimems="0.000" timestamp="2019-07-02T19:53:26.635" activeThreads="4">
  <mem-info id="439" free="11118224" total="17956864" percent="61">
    <mem type="tenure" free="11118224" total="17956864" percent="61" micro-fragmented="1760645" macro-fragmented="0">
      <mem type="soa" free="10939024" total="17777664" percent="61" />
      <mem type="loa" free="179200" total="179200" percent="100" />
    </mem>
  </mem-info>
</gc-end>
<cycle-end id="440" type="global" contextid="432" timestamp="2019-07-02T19:53:26.635">
  <attribute name="GC Util" value="217" />
  <attribute name="CPU Util" value="9084568899764" />
  <attribute name="Time Running"value="1445"/>
  <attribute name="Number of cores"value="4"/>
</cycle-end>
<allocation-satisfied id="441" threadId="000000000223E100" bytesRequested="40" />
<af-end id="442" timestamp="2019-07-02T19:53:26.635" threadId="000000000223EA88" success="true" />
<exclusive-end id="443" timestamp="2019-07-02T19:53:26.636" durationms="3.835" />

<exclusive-start id="444" timestamp="2019-07-02T19:53:26.655" intervalms="23.477">
  <response-info timems="0.102" idlems="0.102" threads="0" lastid="000000000223E100" lastname="Thread-9" />
</exclusive-start>
<af-start id="445" threadId="000000000223EA88" totalBytesRequested="40" timestamp="2019-07-02T19:53:26.655" intervalms="23.494" />
<cycle-start id="446" type="global" contextid="0" timestamp="2019-07-02T19:53:26.656" intervalms="23.553" />
  <attribute name="GC Util" value="217" />
  <attribute name="CPU Util" value="9084568899764" />
  <attribute name="Time Running"value="1445"/>
  <attribute name="Number of cores"value="4"/>
<gc-start id="447" type="global" contextid="446" timestamp="2019-07-02T19:53:26.656">
  <mem-info id="448" free="179200" total="17956864" percent="0">
    <mem type="tenure" free="179200" total="17956864" percent="0">
      <mem type="soa" free="0" total="17777664" percent="0" />
      <mem type="loa" free="179200" total="179200" percent="100" />
    </mem>
  </mem-info>
</gc-start>
<allocation-stats totalBytes="10903480" >
  <allocated-bytes non-tlh="38112" tlh="10865368" />
  <largest-consumer threadName="Thread-10" threadId="000000000223A500" bytes="4849752" />
</allocation-stats>
<gc-op id="449" type="mark" timems="1.258" contextid="446" timestamp="2019-07-02T19:53:26.657">
  <trace-info objectcount="65161" scancount="57586" scanbytes="2255068" />
  <finalization candidates="124" enqueued="0" />
  <ownableSynchronizers candidates="3" cleared="0" />
  <references type="soft" candidates="85" cleared="0" enqueued="0" dynamicThreshold="19" maxThreshold="32" />
  <references type="weak" candidates="776" cleared="0" enqueued="0" />
  <references type="phantom" candidates="63" cleared="0" enqueued="0" />
  <stringconstants candidates="4574" cleared="0"  />
</gc-op>
<gc-op id="450" type="sweep" timems="0.411" contextid="446" timestamp="2019-07-02T19:53:26.658" />
<gc-end id="451" type="global" contextid="446" durationms="2.212" usertimems="4.000" systemtimems="0.000" timestamp="2019-07-02T19:53:26.658" activeThreads="4">
  <mem-info id="452" free="11931920" total="17956864" percent="66">
    <mem type="tenure" free="11931920" total="17956864" percent="66" micro-fragmented="1445430" macro-fragmented="0">
      <mem type="soa" free="11752720" total="17777664" percent="66" />
      <mem type="loa" free="179200" total="179200" percent="100" />
    </mem>
  </mem-info>
</gc-end>
<cycle-end id="453" type="global" contextid="446" timestamp="2019-07-02T19:53:26.658">
  <attribute name="GC Util" value="198" />
  <attribute name="CPU Util" value="13554264508057" />
  <attribute name="Time Running"value="1468"/>
  <attribute name="Number of cores"value="4"/>
</cycle-end>
<allocation-satisfied id="454" threadId="000000000223E100" bytesRequested="40" />
<af-end id="455" timestamp="2019-07-02T19:53:26.658" threadId="000000000223EA88" success="true" />
<exclusive-end id="456" timestamp="2019-07-02T19:53:26.658" durationms="3.171" />

<exclusive-start id="457" timestamp="2019-07-02T19:53:26.669" intervalms="13.863">
  <response-info timems="0.061" idlems="0.061" threads="0" lastid="0000000002241D00" lastname="Thread-8" />
</exclusive-start>
<af-start id="458" threadId="0000000002242688" totalBytesRequested="24" timestamp="2019-07-02T19:53:26.669" intervalms="13.945" />
<cycle-start id="459" type="global" contextid="0" timestamp="2019-07-02T19:53:26.669" intervalms="13.929" />
  <attribute name="GC Util" value="198" />
  <attribute name="CPU Util" value="13554264508057" />
  <attribute name="Time Running"value="1468"/>
  <attribute name="Number of cores"value="4"/>
<gc-start id="460" type="global" contextid="459" timestamp="2019-07-02T19:53:26.670">
  <mem-info id="461" free="179200" total="17956864" percent="0">
    <mem type="tenure" free="179200" total="17956864" percent="0">
      <mem type="soa" free="0" total="17777664" percent="0" />
      <mem type="loa" free="179200" total="179200" percent="100" />
    </mem>
  </mem-info>
</gc-start>
<allocation-stats totalBytes="11722232" >
  <allocated-bytes non-tlh="23160" tlh="11699072" />
  <largest-consumer threadName="Thread-9" threadId="000000000223E100" bytes="4403904" />
</allocation-stats>
<gc-op id="462" type="mark" timems="2.174" contextid="459" timestamp="2019-07-02T19:53:26.672">
  <trace-info objectcount="62803" scancount="55219" scanbytes="2198724" />
  <finalization candidates="124" enqueued="0" />
  <ownableSynchronizers candidates="3" cleared="0" />
  <references type="soft" candidates="85" cleared="0" enqueued="0" dynamicThreshold="21" maxThreshold="32" />
  <references type="weak" candidates="776" cleared="0" enqueued="0" />
  <references type="phantom" candidates="63" cleared="0" enqueued="0" />
  <stringconstants candidates="4574" cleared="0"  />
</gc-op>
<gc-op id="463" type="sweep" timems="0.825" contextid="459" timestamp="2019-07-02T19:53:26.673" />
<gc-end id="464" type="global" contextid="459" durationms="3.375" usertimems="8.000" systemtimems="0.000" timestamp="2019-07-02T19:53:26.673" activeThreads="4">
  <mem-info id="465" free="12398832" total="17956864" percent="69">
    <mem type="tenure" free="12398832" total="17956864" percent="69" micro-fragmented="1335023" macro-fragmented="0">
      <mem type="soa" free="12219632" total="17777664" percent="68" />
      <mem type="loa" free="179200" total="179200" percent="100" />
    </mem>
  </mem-info>
</gc-end>
<cycle-end id="466" type="global" contextid="459" timestamp="2019-07-02T19:53:26.673">
  <attribute name="GC Util" value="243" />
  <attribute name="CPU Util" value="8160070022153" />
  <attribute name="Time Running"value="1482"/>
  <attribute name="Number of cores"value="4"/>
</cycle-end>
<allocation-satisfied id="467" threadId="0000000002241D00" bytesRequested="24" />
<af-end id="468" timestamp="2019-07-02T19:53:26.673" threadId="0000000002242688" success="true" />
<exclusive-end id="469" timestamp="2019-07-02T19:53:26.673" durationms="4.030" />

<exclusive-start id="470" timestamp="2019-07-02T19:53:26.684" intervalms="14.452">
  <response-info timems="0.057" idlems="0.057" threads="0" lastid="000000000223E100" lastname="Thread-9" />
</exclusive-start>
<af-start id="471" threadId="000000000223EA88" totalBytesRequested="40" timestamp="2019-07-02T19:53:26.684" intervalms="14.354" />
<cycle-start id="472" type="global" contextid="0" timestamp="2019-07-02T19:53:26.684" intervalms="14.311" />
  <attribute name="GC Util" value="243" />
  <attribute name="CPU Util" value="8160070022153" />
  <attribute name="Time Running"value="1482"/>
  <attribute name="Number of cores"value="4"/>
<gc-start id="473" type="global" contextid="472" timestamp="2019-07-02T19:53:26.684">
  <mem-info id="474" free="179200" total="17956864" percent="0">
    <mem type="tenure" free="179200" total="17956864" percent="0">
      <mem type="soa" free="0" total="17777664" percent="0" />
      <mem type="loa" free="179200" total="179200" percent="100" />
    </mem>
  </mem-info>
</gc-start>
<allocation-stats totalBytes="12198064" >
  <allocated-bytes non-tlh="0" tlh="12198064" />
  <largest-consumer threadName="Thread-10" threadId="000000000223A500" bytes="4610784" />
</allocation-stats>
<gc-op id="475" type="mark" timems="1.262" contextid="472" timestamp="2019-07-02T19:53:26.685">
  <trace-info objectcount="64735" scancount="57149" scanbytes="2245308" />
  <finalization candidates="124" enqueued="0" />
  <ownableSynchronizers candidates="3" cleared="0" />
  <references type="soft" candidates="85" cleared="0" enqueued="0" dynamicThreshold="22" maxThreshold="32" />
  <references type="weak" candidates="776" cleared="0" enqueued="0" />
  <references type="phantom" candidates="63" cleared="0" enqueued="0" />
  <stringconstants candidates="4574" cleared="0"  />
</gc-op>
<gc-op id="476" type="sweep" timems="0.453" contextid="472" timestamp="2019-07-02T19:53:26.686" />
<heap-resize id="477" type="contract" space="tenure" amount="131072" count="1" timems="0.051" reason="excess free space following gc" timestamp="2019-07-02T19:53:26.686" />
<gc-end id="478" type="global" contextid="472" durationms="2.401" usertimems="4.000" systemtimems="0.000" timestamp="2019-07-02T19:53:26.686" activeThreads="4">
  <mem-info id="479" free="11997696" total="17825792" percent="67">
    <mem type="tenure" free="11997696" total="17825792" percent="67" micro-fragmented="1570008" macro-fragmented="0">
      <mem type="soa" free="11997696" total="17647616" percent="67" />
      <mem type="loa" free="0" total="178176" percent="0" />
    </mem>
  </mem-info>
</gc-end>
<cycle-end id="480" type="global" contextid="472" timestamp="2019-07-02T19:53:26.686">
  <attribute name="GC Util" value="191" />
  <attribute name="CPU Util" value="13582568282583" />
  <attribute name="Time Running"value="1496"/>
  <attribute name="Number of cores"value="4"/>
</cycle-end>
<allocation-satisfied id="481" threadId="000000000223E100" bytesRequested="40" />
<af-end id="482" timestamp="2019-07-02T19:53:26.687" threadId="000000000223EA88" success="true" />
<exclusive-end id="483" timestamp="2019-07-02T19:53:26.687" durationms="3.131" />

<exclusive-start id="484" timestamp="2019-07-02T19:53:26.698" intervalms="14.208">
  <response-info timems="0.227" idlems="0.197" threads="1" lastid="0000000002245900" lastname="Thread-7" />
</exclusive-start>
<af-start id="485" threadId="000000000223AE88" totalBytesRequested="40" timestamp="2019-07-02T19:53:26.698" intervalms="14.242" />
<cycle-start id="486" type="global" contextid="0" timestamp="2019-07-02T19:53:26.698" intervalms="14.285" />
  <attribute name="GC Util" value="191" />
  <attribute name="CPU Util" value="13582568282583" />
  <attribute name="Time Running"value="1496"/>
  <attribute name="Number of cores"value="4"/>
<gc-start id="487" type="global" contextid="486" timestamp="2019-07-02T19:53:26.698">
  <mem-info id="488" free="0" total="17825792" percent="0">
    <mem type="tenure" free="0" total="17825792" percent="0">
      <mem type="soa" free="0" total="17647616" percent="0" />
      <mem type="loa" free="0" total="178176" percent="0" />
    </mem>
  </mem-info>
</gc-start>
<allocation-stats totalBytes="11969992" >
  <allocated-bytes non-tlh="0" tlh="11969992" />
  <largest-consumer threadName="Thread-9" threadId="000000000223E100" bytes="4172192" />
</allocation-stats>
<gc-op id="489" type="mark" timems="1.892" contextid="486" timestamp="2019-07-02T19:53:26.700">
  <trace-info objectcount="67036" scancount="59447" scanbytes="2300396" />
  <finalization candidates="124" enqueued="0" />
  <ownableSynchronizers candidates="3" cleared="0" />
  <references type="soft" candidates="85" cleared="0" enqueued="0" dynamicThreshold="21" maxThreshold="32" />
  <references type="weak" candidates="776" cleared="0" enqueued="0" />
  <references type="phantom" candidates="63" cleared="0" enqueued="0" />
  <stringconstants candidates="4574" cleared="0"  />
</gc-op>
<gc-op id="490" type="sweep" timems="0.897" contextid="486" timestamp="2019-07-02T19:53:26.701" />
<heap-resize id="491" type="contract" space="tenure" amount="65536" count="1" timems="0.103" reason="excess free space following gc" timestamp="2019-07-02T19:53:26.702" />
<gc-end id="492" type="global" contextid="486" durationms="3.519" usertimems="4.000" systemtimems="0.000" timestamp="2019-07-02T19:53:26.702" activeThreads="4">
  <mem-info id="493" free="11787968" total="17760256" percent="66">
    <mem type="tenure" free="11787968" total="17760256" percent="66" micro-fragmented="1377186" macro-fragmented="0">
      <mem type="soa" free="11787968" total="17583104" percent="67" />
      <mem type="loa" free="0" total="177152" percent="0" />
    </mem>
  </mem-info>
</gc-end>
<cycle-end id="494" type="global" contextid="486" timestamp="2019-07-02T19:53:26.702">
  <attribute name="GC Util" value="235" />
  <attribute name="CPU Util" value="9309198178481" />
  <attribute name="Time Running"value="1511"/>
  <attribute name="Number of cores"value="4"/>
</cycle-end>
<allocation-satisfied id="495" threadId="000000000223A500" bytesRequested="40" />
<af-end id="496" timestamp="2019-07-02T19:53:26.702" threadId="000000000223AE88" success="true" />
<exclusive-end id="497" timestamp="2019-07-02T19:53:26.702" durationms="4.323" />

<exclusive-start id="498" timestamp="2019-07-02T19:53:26.711" intervalms="13.383">
  <response-info timems="0.022" idlems="0.021" threads="1" lastid="000000000223A500" lastname="Thread-10" />
</exclusive-start>
<af-start id="499" threadId="0000000002246288" totalBytesRequested="40" timestamp="2019-07-02T19:53:26.711" intervalms="13.369" />
<cycle-start id="500" type="global" contextid="0" timestamp="2019-07-02T19:53:26.711" intervalms="13.351" />
  <attribute name="GC Util" value="235" />
  <attribute name="CPU Util" value="9309198178481" />
  <attribute name="Time Running"value="1511"/>
  <attribute name="Number of cores"value="4"/>
<gc-start id="501" type="global" contextid="500" timestamp="2019-07-02T19:53:26.712">
  <mem-info id="502" free="0" total="17760256" percent="0">
    <mem type="tenure" free="0" total="17760256" percent="0">
      <mem type="soa" free="0" total="17583104" percent="0" />
      <mem type="loa" free="0" total="177152" percent="0" />
    </mem>
  </mem-info>
</gc-start>
<allocation-stats totalBytes="11752680" >
  <allocated-bytes non-tlh="0" tlh="11752680" />
  <largest-consumer threadName="Thread-10" threadId="000000000223A500" bytes="3897656" />
</allocation-stats>
<gc-op id="503" type="mark" timems="2.047" contextid="500" timestamp="2019-07-02T19:53:26.714">
  <trace-info objectcount="69149" scancount="61574" scanbytes="2351260" />
  <finalization candidates="124" enqueued="0" />
  <ownableSynchronizers candidates="3" cleared="0" />
  <references type="soft" candidates="85" cleared="0" enqueued="0" dynamicThreshold="21" maxThreshold="32" />
  <references type="weak" candidates="776" cleared="0" enqueued="0" />
  <references type="phantom" candidates="63" cleared="0" enqueued="0" />
  <stringconstants candidates="4574" cleared="0"  />
</gc-op>
<gc-op id="504" type="sweep" timems="0.899" contextid="500" timestamp="2019-07-02T19:53:26.715" />
<mem-info id="505" free="11617648" total="17760256" percent="65">
  <mem type="tenure" free="11617648" total="17760256" percent="65" micro-fragmented="1451946" macro-fragmented="0">
    <mem type="soa" free="11617648" total="17583104" percent="66" />
    <mem type="loa" free="0" total="177152" percent="0" />
  </mem>
</mem-info>
<gc-op id="506" type="compact" timems="12.116" contextid="500" timestamp="2019-07-02T19:53:26.728">
  <compact-info movecount="69148" movebytes="4246280" reason="compact to aid heap contraction" />
</gc-op>
<heap-resize id="507" type="contract" space="tenure" amount="131072" count="1" timems="0.077" reason="excess free space following gc" timestamp="2019-07-02T19:53:26.728" />
<gc-end id="508" type="global" contextid="500" durationms="16.379" usertimems="24.000" systemtimems="0.000" timestamp="2019-07-02T19:53:26.728" activeThreads="4">
  <mem-info id="509" free="13271200" total="17629184" percent="75">
    <mem type="tenure" free="13271200" total="17629184" percent="75">
      <mem type="soa" free="13141152" total="17453056" percent="75" />
      <mem type="loa" free="130048" total="176128" percent="73" />
    </mem>
  </mem-info>
</gc-end>
<cycle-end id="510" type="global" contextid="500" timestamp="2019-07-02T19:53:26.728">
  <attribute name="GC Util" value="114" />
  <attribute name="CPU Util" value="14273478639663" />
  <attribute name="Time Running"value="1526"/>
  <attribute name="Number of cores"value="4"/>
</cycle-end>
<allocation-satisfied id="511" threadId="0000000002245900" bytesRequested="40" />
<af-end id="512" timestamp="2019-07-02T19:53:26.728" threadId="0000000002246288" success="true" />
<exclusive-end id="513" timestamp="2019-07-02T19:53:26.728" durationms="17.101" />

<exclusive-start id="514" timestamp="2019-07-02T19:53:26.736" intervalms="25.069">
  <response-info timems="0.022" idlems="0.022" threads="0" lastid="0000000002245900" lastname="Thread-7" />
</exclusive-start>
<af-start id="515" threadId="0000000002246288" totalBytesRequested="40" timestamp="2019-07-02T19:53:26.736" intervalms="25.054" />
<cycle-start id="516" type="global" contextid="0" timestamp="2019-07-02T19:53:26.737" intervalms="25.081" />
  <attribute name="GC Util" value="114" />
  <attribute name="CPU Util" value="14273478639663" />
  <attribute name="Time Running"value="1526"/>
  <attribute name="Number of cores"value="4"/>
<gc-start id="517" type="global" contextid="516" timestamp="2019-07-02T19:53:26.737">
  <mem-info id="518" free="130048" total="17629184" percent="0">
    <mem type="tenure" free="130048" total="17629184" percent="0">
      <mem type="soa" free="0" total="17453056" percent="0" />
      <mem type="loa" free="130048" total="176128" percent="73" />
    </mem>
  </mem-info>
</gc-start>
<allocation-stats totalBytes="13205040" >
  <allocated-bytes non-tlh="0" tlh="13205040" />
  <largest-consumer threadName="Thread-10" threadId="000000000223A500" bytes="3605272" />
</allocation-stats>
<gc-op id="519" type="mark" timems="2.557" contextid="516" timestamp="2019-07-02T19:53:26.739">
  <trace-info objectcount="71537" scancount="63952" scanbytes="2408164" />
  <finalization candidates="124" enqueued="0" />
  <ownableSynchronizers candidates="3" cleared="0" />
  <references type="soft" candidates="85" cleared="0" enqueued="0" dynamicThreshold="24" maxThreshold="32" />
  <references type="weak" candidates="776" cleared="0" enqueued="0" />
  <references type="phantom" candidates="63" cleared="0" enqueued="0" />
  <stringconstants candidates="4574" cleared="0"  />
</gc-op>
<gc-op id="520" type="sweep" timems="0.736" contextid="516" timestamp="2019-07-02T19:53:26.740" />
<heap-resize id="521" type="contract" space="tenure" amount="131072" count="1" timems="0.095" reason="excess free space following gc" timestamp="2019-07-02T19:53:26.741" />
<gc-end id="522" type="global" contextid="516" durationms="4.023" usertimems="8.000" systemtimems="0.000" timestamp="2019-07-02T19:53:26.741" activeThreads="4">
  <mem-info id="523" free="13071352" total="17498112" percent="74">
    <mem type="tenure" free="13071352" total="17498112" percent="74" micro-fragmented="768" macro-fragmented="0">
      <mem type="soa" free="13000688" total="17324032" percent="75" />
      <mem type="loa" free="70664" total="174080" percent="40" />
    </mem>
  </mem-info>
</gc-end>
<cycle-end id="524" type="global" contextid="516" timestamp="2019-07-02T19:53:26.741">
  <attribute name="GC Util" value="213" />
  <attribute name="CPU Util" value="6974036146475" />
  <attribute name="Time Running"value="1550"/>
  <attribute name="Number of cores"value="4"/>
</cycle-end>
<allocation-satisfied id="525" threadId="0000000002245900" bytesRequested="40" />
<af-end id="526" timestamp="2019-07-02T19:53:26.741" threadId="0000000002246288" success="true" />
<exclusive-end id="527" timestamp="2019-07-02T19:53:26.741" durationms="4.757" />

<exclusive-start id="528" timestamp="2019-07-02T19:53:26.749" intervalms="12.758">
  <response-info timems="0.024" idlems="0.024" threads="0" lastid="000000000223E100" lastname="Thread-9" />
</exclusive-start>
<af-start id="529" threadId="000000000223EA88" totalBytesRequested="40" timestamp="2019-07-02T19:53:26.749" intervalms="12.723" />
<cycle-start id="530" type="global" contextid="0" timestamp="2019-07-02T19:53:26.749" intervalms="12.691" />
  <attribute name="GC Util" value="213" />
  <attribute name="CPU Util" value="6974036146475" />
  <attribute name="Time Running"value="1550"/>
  <attribute name="Number of cores"value="4"/>
<gc-start id="531" type="global" contextid="530" timestamp="2019-07-02T19:53:26.749">
  <mem-info id="532" free="70664" total="17498112" percent="0">
    <mem type="tenure" free="70664" total="17498112" percent="0">
      <mem type="soa" free="0" total="17324032" percent="0" />
      <mem type="loa" free="70664" total="174080" percent="40" />
    </mem>
  </mem-info>
</gc-start>
<allocation-stats totalBytes="12990952" >
  <allocated-bytes non-tlh="0" tlh="12990952" />
  <largest-consumer threadName="Thread-10" threadId="000000000223A500" bytes="3513480" />
</allocation-stats>
<gc-op id="533" type="mark" timems="1.328" contextid="530" timestamp="2019-07-02T19:53:26.751">
  <trace-info objectcount="74013" scancount="66446" scanbytes="2467508" />
  <finalization candidates="124" enqueued="0" />
  <ownableSynchronizers candidates="3" cleared="0" />
  <references type="soft" candidates="85" cleared="0" enqueued="0" dynamicThreshold="23" maxThreshold="32" />
  <references type="weak" candidates="776" cleared="0" enqueued="0" />
  <references type="phantom" candidates="63" cleared="0" enqueued="0" />
  <stringconstants candidates="4574" cleared="0"  />
</gc-op>
<gc-op id="534" type="sweep" timems="0.335" contextid="530" timestamp="2019-07-02T19:53:26.751" />
<heap-resize id="535" type="contract" space="tenure" amount="131072" count="1" timems="0.107" reason="excess free space following gc" timestamp="2019-07-02T19:53:26.752" />
<gc-end id="536" type="global" contextid="530" durationms="2.311" usertimems="4.000" systemtimems="0.000" timestamp="2019-07-02T19:53:26.752" activeThreads="4">
  <mem-info id="537" free="12789568" total="17367040" percent="73">
    <mem type="tenure" free="12789568" total="17367040" percent="73" micro-fragmented="7280" macro-fragmented="0">
      <mem type="soa" free="12789568" total="17193984" percent="74" />
      <mem type="loa" free="0" total="173056" percent="0" />
    </mem>
  </mem-info>
</gc-end>
<cycle-end id="538" type="global" contextid="530" timestamp="2019-07-02T19:53:26.752">
  <attribute name="GC Util" value="184" />
  <attribute name="CPU Util" value="12923824984117" />
  <attribute name="Time Running"value="1561"/>
  <attribute name="Number of cores"value="4"/>
</cycle-end>
<allocation-satisfied id="539" threadId="000000000223E100" bytesRequested="40" />
<af-end id="540" timestamp="2019-07-02T19:53:26.752" threadId="000000000223EA88" success="true" />
<exclusive-end id="541" timestamp="2019-07-02T19:53:26.752" durationms="3.140" />

<exclusive-start id="542" timestamp="2019-07-02T19:53:26.762" intervalms="12.512">
  <response-info timems="0.029" idlems="0.029" threads="0" lastid="000000000223A500" lastname="Thread-10" />
</exclusive-start>
<af-start id="543" threadId="000000000223AE88" totalBytesRequested="40" timestamp="2019-07-02T19:53:26.762" intervalms="12.554" />
<cycle-start id="544" type="global" contextid="0" timestamp="2019-07-02T19:53:26.762" intervalms="12.540" />
  <attribute name="GC Util" value="184" />
  <attribute name="CPU Util" value="12923824984117" />
  <attribute name="Time Running"value="1561"/>
  <attribute name="Number of cores"value="4"/>
<gc-start id="545" type="global" contextid="544" timestamp="2019-07-02T19:53:26.762">
  <mem-info id="546" free="0" total="17367040" percent="0">
    <mem type="tenure" free="0" total="17367040" percent="0">
      <mem type="soa" free="0" total="17193984" percent="0" />
      <mem type="loa" free="0" total="173056" percent="0" />
    </mem>
  </mem-info>
</gc-start>
<allocation-stats totalBytes="12770856" >
  <allocated-bytes non-tlh="38112" tlh="12732744" />
  <largest-consumer threadName="Thread-10" threadId="000000000223A500" bytes="4150280" />
</allocation-stats>
<gc-op id="547" type="mark" timems="2.258" contextid="544" timestamp="2019-07-02T19:53:26.764">
  <trace-info objectcount="66281" scancount="58708" scanbytes="2282148" />
  <finalization candidates="124" enqueued="0" />
  <ownableSynchronizers candidates="3" cleared="0" />
  <references type="soft" candidates="85" cleared="0" enqueued="0" dynamicThreshold="23" maxThreshold="32" />
  <references type="weak" candidates="776" cleared="0" enqueued="0" />
  <references type="phantom" candidates="63" cleared="0" enqueued="0" />
  <stringconstants candidates="4574" cleared="0"  />
</gc-op>
<gc-op id="548" type="sweep" timems="0.809" contextid="544" timestamp="2019-07-02T19:53:26.765" />
<mem-info id="549" free="12909248" total="17367040" percent="74">
  <mem type="tenure" free="12909248" total="17367040" percent="74" micro-fragmented="137420" macro-fragmented="0">
    <mem type="soa" free="12835032" total="17193984" percent="74" />
    <mem type="loa" free="74216" total="173056" percent="42" />
  </mem>
</mem-info>
<gc-op id="550" type="compact" timems="9.594" contextid="544" timestamp="2019-07-02T19:53:26.775">
  <compact-info movecount="53662" movebytes="3641280" reason="compact to aid heap contraction" />
</gc-op>
<heap-resize id="551" type="contract" space="tenure" amount="131072" count="1" timems="0.078" reason="excess free space following gc" timestamp="2019-07-02T19:53:26.775" />
<gc-end id="552" type="global" contextid="544" durationms="13.580" usertimems="20.000" systemtimems="4.000" timestamp="2019-07-02T19:53:26.775" activeThreads="4">
  <mem-info id="553" free="12951192" total="17235968" percent="75">
    <mem type="tenure" free="12951192" total="17235968" percent="75">
      <mem type="soa" free="12821144" total="17063936" percent="75" />
      <mem type="loa" free="130048" total="172032" percent="75" />
    </mem>
  </mem-info>
</gc-end>
<cycle-end id="554" type="global" contextid="544" timestamp="2019-07-02T19:53:26.776">
  <attribute name="GC Util" value="142" />
  <attribute name="CPU Util" value="17197468354566" />
  <attribute name="Time Running"value="1576"/>
  <attribute name="Number of cores"value="4"/>
</cycle-end>
<allocation-satisfied id="555" threadId="000000000223A500" bytesRequested="40" />
<af-end id="556" timestamp="2019-07-02T19:53:26.776" threadId="000000000223AE88" success="true" />
<exclusive-end id="557" timestamp="2019-07-02T19:53:26.776" durationms="14.392" />

<exclusive-start id="558" timestamp="2019-07-02T19:53:26.785" intervalms="23.017">
  <response-info timems="0.093" idlems="0.059" threads="3" lastid="0000000002245900" lastname="Thread-7" />
</exclusive-start>
<af-start id="559" threadId="000000000223AE88" totalBytesRequested="40" timestamp="2019-07-02T19:53:26.785" intervalms="23.009" />
<cycle-start id="560" type="global" contextid="0" timestamp="2019-07-02T19:53:26.785" intervalms="23.057" />
  <attribute name="GC Util" value="142" />
  <attribute name="CPU Util" value="17197468354566" />
  <attribute name="Time Running"value="1576"/>
  <attribute name="Number of cores"value="4"/>
<gc-start id="561" type="global" contextid="560" timestamp="2019-07-02T19:53:26.785">
  <mem-info id="562" free="130048" total="17235968" percent="0">
    <mem type="tenure" free="130048" total="17235968" percent="0">
      <mem type="soa" free="0" total="17063936" percent="0" />
      <mem type="loa" free="130048" total="172032" percent="75" />
    </mem>
  </mem-info>
</gc-start>
<allocation-stats totalBytes="12884792" >
  <allocated-bytes non-tlh="0" tlh="12884792" />
  <largest-consumer threadName="Thread-10" threadId="000000000223A500" bytes="3898688" />
</allocation-stats>
<gc-op id="563" type="mark" timems="2.053" contextid="560" timestamp="2019-07-02T19:53:26.787">
  <trace-info objectcount="68875" scancount="61301" scanbytes="2344164" />
  <finalization candidates="124" enqueued="0" />
  <ownableSynchronizers candidates="3" cleared="0" />
  <references type="soft" candidates="85" cleared="0" enqueued="0" dynamicThreshold="24" maxThreshold="32" />
  <references type="weak" candidates="776" cleared="0" enqueued="0" />
  <references type="phantom" candidates="63" cleared="0" enqueued="0" />
  <stringconstants candidates="4574" cleared="0"  />
</gc-op>
<gc-op id="564" type="sweep" timems="0.806" contextid="560" timestamp="2019-07-02T19:53:26.788" />
<heap-resize id="565" type="contract" space="tenure" amount="131072" count="1" timems="0.085" reason="excess free space following gc" timestamp="2019-07-02T19:53:26.788" />
<gc-end id="566" type="global" contextid="560" durationms="3.518" usertimems="8.000" systemtimems="0.000" timestamp="2019-07-02T19:53:26.788" activeThreads="4">
  <mem-info id="567" free="12687616" total="17104896" percent="74">
    <mem type="tenure" free="12687616" total="17104896" percent="74" micro-fragmented="9472" macro-fragmented="0">
      <mem type="soa" free="12687616" total="16933888" percent="74" />
      <mem type="loa" free="0" total="171008" percent="0" />
    </mem>
  </mem-info>
</gc-end>
<cycle-end id="568" type="global" contextid="560" timestamp="2019-07-02T19:53:26.789">
  <attribute name="GC Util" value="243" />
  <attribute name="CPU Util" value="8551363149555" />
  <attribute name="Time Running"value="1598"/>
  <attribute name="Number of cores"value="4"/>
</cycle-end>
<allocation-satisfied id="569" threadId="000000000223A500" bytesRequested="40" />
<af-end id="570" timestamp="2019-07-02T19:53:26.789" threadId="000000000223AE88" success="true" />
<exclusive-end id="571" timestamp="2019-07-02T19:53:26.789" durationms="4.236" />

<exclusive-start id="572" timestamp="2019-07-02T19:53:26.797" intervalms="12.956">
  <response-info timems="0.029" idlems="0.029" threads="2" lastid="000000000223A500" lastname="Thread-10" />
</exclusive-start>
<af-start id="573" threadId="0000000002242688" totalBytesRequested="40" timestamp="2019-07-02T19:53:26.798" intervalms="12.956" />
<cycle-start id="574" type="global" contextid="0" timestamp="2019-07-02T19:53:26.798" intervalms="12.904" />
  <attribute name="GC Util" value="243" />
  <attribute name="CPU Util" value="8551363149555" />
  <attribute name="Time Running"value="1598"/>
  <attribute name="Number of cores"value="4"/>
<gc-start id="575" type="global" contextid="574" timestamp="2019-07-02T19:53:26.798">
  <mem-info id="576" free="0" total="17104896" percent="0">
    <mem type="tenure" free="0" total="17104896" percent="0">
      <mem type="soa" free="0" total="16933888" percent="0" />
      <mem type="loa" free="0" total="171008" percent="0" />
    </mem>
  </mem-info>
</gc-start>
<allocation-stats totalBytes="12677296" >
  <allocated-bytes non-tlh="0" tlh="12677296" />
  <largest-consumer threadName="Thread-10" threadId="000000000223A500" bytes="3876672" />
</allocation-stats>
<gc-op id="577" type="mark" timems="2.393" contextid="574" timestamp="2019-07-02T19:53:26.800">
  <trace-info objectcount="65501" scancount="57924" scanbytes="2263660" />
  <finalization candidates="124" enqueued="0" />
  <ownableSynchronizers candidates="3" cleared="0" />
  <references type="soft" candidates="85" cleared="0" enqueued="0" dynamicThreshold="23" maxThreshold="32" />
  <references type="weak" candidates="776" cleared="0" enqueued="0" />
  <references type="phantom" candidates="63" cleared="0" enqueued="0" />
  <stringconstants candidates="4574" cleared="0"  />
</gc-op>
<gc-op id="578" type="sweep" timems="1.205" contextid="574" timestamp="2019-07-02T19:53:26.801" />
<mem-info id="579" free="12626072" total="17104896" percent="73">
  <mem type="tenure" free="12626072" total="17104896" percent="73" micro-fragmented="96070" macro-fragmented="0">
    <mem type="soa" free="12626072" total="16933888" percent="74" />
    <mem type="loa" free="0" total="171008" percent="0" />
  </mem>
</mem-info>
<gc-op id="580" type="compact" timems="9.803" contextid="574" timestamp="2019-07-02T19:53:26.811">
  <compact-info movecount="52456" movebytes="3596904" reason="compact to aid heap contraction" />
</gc-op>
<heap-resize id="581" type="contract" space="tenure" amount="131072" count="1" timems="0.066" reason="excess free space following gc" timestamp="2019-07-02T19:53:26.812" />
<gc-end id="582" type="global" contextid="574" durationms="13.965" usertimems="20.000" systemtimems="0.000" timestamp="2019-07-02T19:53:26.812" activeThreads="4">
  <mem-info id="583" free="12709584" total="16973824" percent="74">
    <mem type="tenure" free="12709584" total="16973824" percent="74">
      <mem type="soa" free="12580560" total="16804864" percent="74" />
      <mem type="loa" free="129024" total="168960" percent="76" />
    </mem>
  </mem-info>
</gc-end>
<cycle-end id="584" type="global" contextid="574" timestamp="2019-07-02T19:53:26.812">
  <attribute name="GC Util" value="128" />
  <attribute name="CPU Util" value="13467824139270" />
  <attribute name="Time Running"value="1612"/>
  <attribute name="Number of cores"value="4"/>
</cycle-end>
<allocation-satisfied id="585" threadId="0000000002241D00" bytesRequested="40" />
<af-end id="586" timestamp="2019-07-02T19:53:26.812" threadId="0000000002242688" success="true" />
<exclusive-end id="587" timestamp="2019-07-02T19:53:26.812" durationms="14.559" />

<exclusive-start id="588" timestamp="2019-07-02T19:53:26.820" intervalms="22.720">
  <response-info timems="0.022" idlems="0.022" threads="0" lastid="0000000002241D00" lastname="Thread-8" />
</exclusive-start>
<af-start id="589" threadId="0000000002242688" totalBytesRequested="24" timestamp="2019-07-02T19:53:26.820" intervalms="22.710" />
<cycle-start id="590" type="global" contextid="0" timestamp="2019-07-02T19:53:26.820" intervalms="22.702" />
  <attribute name="GC Util" value="128" />
  <attribute name="CPU Util" value="13467824139270" />
  <attribute name="Time Running"value="1612"/>
  <attribute name="Number of cores"value="4"/>
<gc-start id="591" type="global" contextid="590" timestamp="2019-07-02T19:53:26.820">
  <mem-info id="592" free="129024" total="16973824" percent="0">
    <mem type="tenure" free="129024" total="16973824" percent="0">
      <mem type="soa" free="0" total="16804864" percent="0" />
      <mem type="loa" free="129024" total="168960" percent="76" />
    </mem>
  </mem-info>
</gc-start>
<allocation-stats totalBytes="12644536" >
  <allocated-bytes non-tlh="0" tlh="12644536" />
  <largest-consumer threadName="Thread-10" threadId="000000000223A500" bytes="3699984" />
</allocation-stats>
<gc-op id="593" type="mark" timems="1.976" contextid="590" timestamp="2019-07-02T19:53:26.823">
  <trace-info objectcount="67391" scancount="59811" scanbytes="2308892" />
  <finalization candidates="124" enqueued="0" />
  <ownableSynchronizers candidates="3" cleared="0" />
  <references type="soft" candidates="85" cleared="0" enqueued="0" dynamicThreshold="23" maxThreshold="32" />
  <references type="weak" candidates="776" cleared="0" enqueued="0" />
  <references type="phantom" candidates="63" cleared="0" enqueued="0" />
  <stringconstants candidates="4574" cleared="0"  />
</gc-op>
<gc-op id="594" type="sweep" timems="0.730" contextid="590" timestamp="2019-07-02T19:53:26.823" />
<heap-resize id="595" type="contract" space="tenure" amount="131072" count="1" timems="0.096" reason="excess free space following gc" timestamp="2019-07-02T19:53:26.824" />
<gc-end id="596" type="global" contextid="590" durationms="3.244" usertimems="8.000" systemtimems="0.000" timestamp="2019-07-02T19:53:26.824" activeThreads="4">
  <mem-info id="597" free="12523088" total="16842752" percent="74">
    <mem type="tenure" free="12523088" total="16842752" percent="74" micro-fragmented="23665" macro-fragmented="0">
      <mem type="soa" free="12453104" total="16674816" percent="74" />
      <mem type="loa" free="69984" total="167936" percent="41" />
    </mem>
  </mem-info>
</gc-end>
<cycle-end id="598" type="global" contextid="590" timestamp="2019-07-02T19:53:26.824">
  <attribute name="GC Util" value="228" />
  <attribute name="CPU Util" value="8951618778827" />
  <attribute name="Time Running"value="1633"/>
  <attribute name="Number of cores"value="4"/>
</cycle-end>
<allocation-satisfied id="599" threadId="0000000002241D00" bytesRequested="24" />
<af-end id="600" timestamp="2019-07-02T19:53:26.824" threadId="0000000002242688" success="true" />
<exclusive-end id="601" timestamp="2019-07-02T19:53:26.824" durationms="3.866" />

<exclusive-start id="602" timestamp="2019-07-02T19:53:26.832" intervalms="11.968">
  <response-info timems="0.024" idlems="0.024" threads="0" lastid="000000000223A500" lastname="Thread-10" />
</exclusive-start>
<af-start id="603" threadId="000000000223AE88" totalBytesRequested="40" timestamp="2019-07-02T19:53:26.832" intervalms="11.950" />
<cycle-start id="604" type="global" contextid="0" timestamp="2019-07-02T19:53:26.832" intervalms="11.987" />
  <attribute name="GC Util" value="228" />
  <attribute name="CPU Util" value="8951618778827" />
  <attribute name="Time Running"value="1633"/>
  <attribute name="Number of cores"value="4"/>
<gc-start id="605" type="global" contextid="604" timestamp="2019-07-02T19:53:26.833">
  <mem-info id="606" free="69984" total="16842752" percent="0">
    <mem type="tenure" free="69984" total="16842752" percent="0">
      <mem type="soa" free="0" total="16674816" percent="0" />
      <mem type="loa" free="69984" total="167936" percent="41" />
    </mem>
  </mem-info>
</gc-start>
<allocation-stats totalBytes="12443336" >
  <allocated-bytes non-tlh="0" tlh="12443336" />
  <largest-consumer threadName="Thread-10" threadId="000000000223A500" bytes="3384360" />
</allocation-stats>
<gc-op id="607" type="mark" timems="2.232" contextid="604" timestamp="2019-07-02T19:53:26.835">
  <trace-info objectcount="69444" scancount="61876" scanbytes="2358116" />
  <finalization candidates="124" enqueued="0" />
  <ownableSynchronizers candidates="3" cleared="0" />
  <references type="soft" candidates="85" cleared="0" enqueued="0" dynamicThreshold="23" maxThreshold="32" />
  <references type="weak" candidates="776" cleared="0" enqueued="0" />
  <references type="phantom" candidates="63" cleared="0" enqueued="0" />
  <stringconstants candidates="4574" cleared="0"  />
</gc-op>
<gc-op id="608" type="sweep" timems="0.802" contextid="604" timestamp="2019-07-02T19:53:26.836" />
<heap-resize id="609" type="contract" space="tenure" amount="65536" count="1" timems="0.091" reason="excess free space following gc" timestamp="2019-07-02T19:53:26.836" />
<gc-end id="610" type="global" contextid="604" durationms="3.700" usertimems="0.000" systemtimems="8.000" timestamp="2019-07-02T19:53:26.836" activeThreads="4">
  <mem-info id="611" free="12363024" total="16777216" percent="73">
    <mem type="tenure" free="12363024" total="16777216" percent="73" micro-fragmented="0" macro-fragmented="0">
      <mem type="soa" free="12293040" total="16610304" percent="74" />
      <mem type="loa" free="69984" total="166912" percent="41" />
    </mem>
  </mem-info>
</gc-end>
<cycle-end id="612" type="global" contextid="604" timestamp="2019-07-02T19:53:26.836">
  <attribute name="GC Util" value="244" />
  <attribute name="CPU Util" value="7922555714266" />
  <attribute name="Time Running"value="1645"/>
  <attribute name="Number of cores"value="4"/>
</cycle-end>
<allocation-satisfied id="613" threadId="000000000223A500" bytesRequested="40" />
<af-end id="614" timestamp="2019-07-02T19:53:26.837" threadId="000000000223AE88" success="true" />
<exclusive-end id="615" timestamp="2019-07-02T19:53:26.837" durationms="4.364" />

<exclusive-start id="616" timestamp="2019-07-02T19:53:26.845" intervalms="13.035">
  <response-info timems="0.024" idlems="0.024" threads="0" lastid="000000000223A500" lastname="Thread-10" />
</exclusive-start>
<af-start id="617" threadId="000000000223AE88" totalBytesRequested="24" timestamp="2019-07-02T19:53:26.845" intervalms="13.067" />
<cycle-start id="618" type="global" contextid="0" timestamp="2019-07-02T19:53:26.845" intervalms="13.039" />
  <attribute name="GC Util" value="244" />
  <attribute name="CPU Util" value="7922555714266" />
  <attribute name="Time Running"value="1645"/>
  <attribute name="Number of cores"value="4"/>
<gc-start id="619" type="global" contextid="618" timestamp="2019-07-02T19:53:26.846">
  <mem-info id="620" free="69984" total="16777216" percent="0">
    <mem type="tenure" free="69984" total="16777216" percent="0">
      <mem type="soa" free="0" total="16610304" percent="0" />
      <mem type="loa" free="69984" total="166912" percent="41" />
    </mem>
  </mem-info>
</gc-start>
<allocation-stats totalBytes="12273496" >
  <allocated-bytes non-tlh="19056" tlh="12254440" />
  <largest-consumer threadName="Thread-7" threadId="0000000002245900" bytes="3768856" />
</allocation-stats>
<gc-op id="621" type="mark" timems="2.070" contextid="618" timestamp="2019-07-02T19:53:26.848">
  <trace-info objectcount="66206" scancount="58625" scanbytes="2280580" />
  <finalization candidates="124" enqueued="0" />
  <ownableSynchronizers candidates="3" cleared="0" />
  <references type="soft" candidates="85" cleared="0" enqueued="0" dynamicThreshold="23" maxThreshold="32" />
  <references type="weak" candidates="776" cleared="0" enqueued="0" />
  <references type="phantom" candidates="63" cleared="0" enqueued="0" />
  <stringconstants candidates="4574" cleared="0"  />
</gc-op>
<gc-op id="622" type="sweep" timems="0.808" contextid="618" timestamp="2019-07-02T19:53:26.849" />
<heap-resize id="623" type="contract" space="tenure" amount="131072" count="1" timems="0.114" reason="excess free space following gc" timestamp="2019-07-02T19:53:26.849" />
<gc-end id="624" type="global" contextid="618" durationms="3.571" usertimems="8.000" systemtimems="0.000" timestamp="2019-07-02T19:53:26.849" activeThreads="4">
  <mem-info id="625" free="12129552" total="16646144" percent="72">
    <mem type="tenure" free="12129552" total="16646144" percent="72" micro-fragmented="47715" macro-fragmented="0">
      <mem type="soa" free="12129552" total="16480256" percent="73" />
      <mem type="loa" free="0" total="165888" percent="0" />
    </mem>
  </mem-info>
</gc-end>
<cycle-end id="626" type="global" contextid="618" timestamp="2019-07-02T19:53:26.849">
  <attribute name="GC Util" value="242" />
  <attribute name="CPU Util" value="8456002479446" />
  <attribute name="Time Running"value="1658"/>
  <attribute name="Number of cores"value="4"/>
</cycle-end>
<allocation-satisfied id="627" threadId="000000000223A500" bytesRequested="24" />
<af-end id="628" timestamp="2019-07-02T19:53:26.849" threadId="000000000223AE88" success="true" />
<exclusive-end id="629" timestamp="2019-07-02T19:53:26.849" durationms="4.236" />

<exclusive-start id="630" timestamp="2019-07-02T19:53:26.858" intervalms="12.746">
  <response-info timems="0.024" idlems="0.024" threads="0" lastid="000000000223A500" lastname="Thread-10" />
</exclusive-start>
<af-start id="631" threadId="000000000223AE88" totalBytesRequested="40" timestamp="2019-07-02T19:53:26.858" intervalms="12.745" />
<cycle-start id="632" type="global" contextid="0" timestamp="2019-07-02T19:53:26.858" intervalms="12.742" />
  <attribute name="GC Util" value="242" />
  <attribute name="CPU Util" value="8456002479446" />
  <attribute name="Time Running"value="1658"/>
  <attribute name="Number of cores"value="4"/>
<gc-start id="633" type="global" contextid="632" timestamp="2019-07-02T19:53:26.858">
  <mem-info id="634" free="0" total="16646144" percent="0">
    <mem type="tenure" free="0" total="16646144" percent="0">
      <mem type="soa" free="0" total="16480256" percent="0" />
      <mem type="loa" free="0" total="165888" percent="0" />
    </mem>
  </mem-info>
</gc-start>
<allocation-stats totalBytes="12170928" >
  <allocated-bytes non-tlh="0" tlh="12170928" />
  <largest-consumer threadName="Thread-10" threadId="000000000223A500" bytes="3279792" />
</allocation-stats>
<gc-op id="635" type="mark" timems="2.036" contextid="632" timestamp="2019-07-02T19:53:26.860">
  <trace-info objectcount="68383" scancount="60807" scanbytes="2332812" />
  <finalization candidates="124" enqueued="0" />
  <ownableSynchronizers candidates="3" cleared="0" />
  <references type="soft" candidates="85" cleared="0" enqueued="0" dynamicThreshold="23" maxThreshold="32" />
  <references type="weak" candidates="776" cleared="0" enqueued="0" />
  <references type="phantom" candidates="63" cleared="0" enqueued="0" />
  <stringconstants candidates="4574" cleared="0"  />
</gc-op>
<gc-op id="636" type="sweep" timems="0.875" contextid="632" timestamp="2019-07-02T19:53:26.861" />
<mem-info id="637" free="12051760" total="16646144" percent="72">
  <mem type="tenure" free="12051760" total="16646144" percent="72" micro-fragmented="85738" macro-fragmented="0">
    <mem type="soa" free="12051760" total="16480256" percent="73" />
    <mem type="loa" free="0" total="165888" percent="0" />
  </mem>
</mem-info>
<gc-op id="638" type="compact" timems="10.505" contextid="632" timestamp="2019-07-02T19:53:26.872">
  <compact-info movecount="55705" movebytes="3689376" reason="compact to aid heap contraction" />
</gc-op>
<heap-resize id="639" type="contract" space="tenure" amount="131072" count="1" timems="0.081" reason="excess free space following gc" timestamp="2019-07-02T19:53:26.872" />
<gc-end id="640" type="global" contextid="632" durationms="14.224" usertimems="24.000" systemtimems="0.000" timestamp="2019-07-02T19:53:26.872" activeThreads="4">
  <mem-info id="641" free="12186800" total="16515072" percent="73">
    <mem type="tenure" free="12186800" total="16515072" percent="73">
      <mem type="soa" free="12056752" total="16350208" percent="73" />
      <mem type="loa" free="130048" total="164864" percent="78" />
    </mem>
  </mem-info>
</gc-end>
<cycle-end id="642" type="global" contextid="632" timestamp="2019-07-02T19:53:26.873">
  <attribute name="GC Util" value="136" />
  <attribute name="CPU Util" value="17231911511397" />
  <attribute name="Time Running"value="1672"/>
  <attribute name="Number of cores"value="4"/>
</cycle-end>
<allocation-satisfied id="643" threadId="000000000223A500" bytesRequested="40" />
<af-end id="644" timestamp="2019-07-02T19:53:26.873" threadId="000000000223AE88" success="true" />
<exclusive-end id="645" timestamp="2019-07-02T19:53:26.873" durationms="15.026" />

<exclusive-start id="646" timestamp="2019-07-02T19:53:26.880" intervalms="22.518">
  <response-info timems="0.024" idlems="0.024" threads="0" lastid="0000000002245900" lastname="Thread-7" />
</exclusive-start>
<af-start id="647" threadId="0000000002246288" totalBytesRequested="24" timestamp="2019-07-02T19:53:26.881" intervalms="22.527" />
<cycle-start id="648" type="global" contextid="0" timestamp="2019-07-02T19:53:26.881" intervalms="22.592" />
  <attribute name="GC Util" value="136" />
  <attribute name="CPU Util" value="17231911511397" />
  <attribute name="Time Running"value="1672"/>
  <attribute name="Number of cores"value="4"/>
<gc-start id="649" type="global" contextid="648" timestamp="2019-07-02T19:53:26.881">
  <mem-info id="650" free="130048" total="16515072" percent="0">
    <mem type="tenure" free="130048" total="16515072" percent="0">
      <mem type="soa" free="0" total="16350208" percent="0" />
      <mem type="loa" free="130048" total="164864" percent="78" />
    </mem>
  </mem-info>
</gc-start>
<allocation-stats totalBytes="12120648" >
  <allocated-bytes non-tlh="0" tlh="12120648" />
  <largest-consumer threadName="Thread-7" threadId="0000000002245900" bytes="3505664" />
</allocation-stats>
<gc-op id="651" type="mark" timems="2.290" contextid="648" timestamp="2019-07-02T19:53:26.883">
  <trace-info objectcount="69700" scancount="62112" scanbytes="2363972" />
  <finalization candidates="124" enqueued="0" />
  <ownableSynchronizers candidates="3" cleared="0" />
  <references type="soft" candidates="85" cleared="1" enqueued="0" dynamicThreshold="23" maxThreshold="32" />
  <references type="weak" candidates="776" cleared="0" enqueued="0" />
  <references type="phantom" candidates="63" cleared="0" enqueued="0" />
  <stringconstants candidates="4574" cleared="0"  />
</gc-op>
<gc-op id="652" type="sweep" timems="0.746" contextid="648" timestamp="2019-07-02T19:53:26.884" />
<heap-resize id="653" type="contract" space="tenure" amount="131072" count="1" timems="0.097" reason="excess free space following gc" timestamp="2019-07-02T19:53:26.884" />
<gc-end id="654" type="global" contextid="648" durationms="3.731" usertimems="8.000" systemtimems="0.000" timestamp="2019-07-02T19:53:26.885" activeThreads="4">
  <mem-info id="655" free="11953048" total="16384000" percent="72">
    <mem type="tenure" free="11953048" total="16384000" percent="72" micro-fragmented="1280" macro-fragmented="0">
      <mem type="soa" free="11953048" total="16220160" percent="73" />
      <mem type="loa" free="0" total="163840" percent="0" />
    </mem>
  </mem-info>
</gc-end>
<cycle-end id="656" type="global" contextid="648" timestamp="2019-07-02T19:53:26.885">
  <attribute name="GC Util" value="225" />
  <attribute name="CPU Util" value="7757564661144" />
  <attribute name="Time Running"value="1694"/>
  <attribute name="Number of cores"value="4"/>
</cycle-end>
<allocation-satisfied id="657" threadId="0000000002245900" bytesRequested="24" />
<af-end id="658" timestamp="2019-07-02T19:53:26.885" threadId="0000000002246288" success="true" />
<exclusive-end id="659" timestamp="2019-07-02T19:53:26.885" durationms="4.518" />

<exclusive-start id="660" timestamp="2019-07-02T19:53:26.893" intervalms="12.119">
  <response-info timems="0.024" idlems="0.024" threads="0" lastid="000000000223A500" lastname="Thread-10" />
</exclusive-start>
<af-start id="661" threadId="000000000223AE88" totalBytesRequested="24" timestamp="2019-07-02T19:53:26.893" intervalms="12.078" />
<cycle-start id="662" type="global" contextid="0" timestamp="2019-07-02T19:53:26.893" intervalms="12.016" />
  <attribute name="GC Util" value="225" />
  <attribute name="CPU Util" value="7757564661144" />
  <attribute name="Time Running"value="1694"/>
  <attribute name="Number of cores"value="4"/>
<gc-start id="663" type="global" contextid="662" timestamp="2019-07-02T19:53:26.893">
  <mem-info id="664" free="0" total="16384000" percent="0">
    <mem type="tenure" free="0" total="16384000" percent="0">
      <mem type="soa" free="0" total="16220160" percent="0" />
      <mem type="loa" free="0" total="163840" percent="0" />
    </mem>
  </mem-info>
</gc-start>
<allocation-stats totalBytes="11942736" >
  <allocated-bytes non-tlh="0" tlh="11942736" />
  <largest-consumer threadName="Thread-10" threadId="000000000223A500" bytes="3579040" />
</allocation-stats>
<gc-op id="665" type="mark" timems="2.215" contextid="662" timestamp="2019-07-02T19:53:26.895">
  <trace-info objectcount="71102" scancount="63531" scanbytes="2397916" />
  <finalization candidates="124" enqueued="0" />
  <ownableSynchronizers candidates="3" cleared="0" />
  <references type="soft" candidates="84" cleared="0" enqueued="0" dynamicThreshold="23" maxThreshold="32" />
  <references type="weak" candidates="776" cleared="0" enqueued="0" />
  <references type="phantom" candidates="63" cleared="0" enqueued="0" />
  <stringconstants candidates="4574" cleared="0"  />
</gc-op>
<gc-op id="666" type="sweep" timems="0.778" contextid="662" timestamp="2019-07-02T19:53:26.896" />
<mem-info id="667" free="12025152" total="16384000" percent="73">
  <mem type="tenure" free="12025152" total="16384000" percent="73" micro-fragmented="17930" macro-fragmented="0">
    <mem type="soa" free="11883080" total="16220160" percent="73" />
    <mem type="loa" free="142072" total="163840" percent="86" />
  </mem>
</mem-info>
<gc-op id="668" type="compact" timems="7.022" contextid="662" timestamp="2019-07-02T19:53:26.903">
  <compact-info movecount="35566" movebytes="2237864" reason="compact to aid heap contraction" />
</gc-op>
<heap-resize id="669" type="contract" space="tenure" amount="131072" count="1" timems="0.077" reason="excess free space following gc" timestamp="2019-07-02T19:53:26.904" />
<gc-end id="670" type="global" contextid="662" durationms="10.829" usertimems="12.000" systemtimems="4.000" timestamp="2019-07-02T19:53:26.904" activeThreads="4">
  <mem-info id="671" free="11861656" total="16252928" percent="72">
    <mem type="tenure" free="11861656" total="16252928" percent="72">
      <mem type="soa" free="11732632" total="16091136" percent="72" />
      <mem type="loa" free="129024" total="161792" percent="79" />
    </mem>
  </mem-info>
</gc-end>
<cycle-end id="672" type="global" contextid="662" timestamp="2019-07-02T19:53:26.904">
  <attribute name="GC Util" value="158" />
  <attribute name="CPU Util" value="20020994863186" />
  <attribute name="Time Running"value="1707"/>
  <attribute name="Number of cores"value="4"/>
</cycle-end>
<allocation-satisfied id="673" threadId="000000000223A500" bytesRequested="24" />
<af-end id="674" timestamp="2019-07-02T19:53:26.904" threadId="000000000223AE88" success="true" />
<exclusive-end id="675" timestamp="2019-07-02T19:53:26.904" durationms="11.585" />

<exclusive-start id="676" timestamp="2019-07-02T19:53:26.912" intervalms="19.043">
  <response-info timems="0.028" idlems="0.028" threads="0" lastid="000000000223E100" lastname="Thread-9" />
</exclusive-start>
<af-start id="677" threadId="000000000223EA88" totalBytesRequested="24" timestamp="2019-07-02T19:53:26.912" intervalms="19.117" />
<cycle-start id="678" type="global" contextid="0" timestamp="2019-07-02T19:53:26.912" intervalms="19.155" />
  <attribute name="GC Util" value="158" />
  <attribute name="CPU Util" value="20020994863186" />
  <attribute name="Time Running"value="1707"/>
  <attribute name="Number of cores"value="4"/>
<gc-start id="679" type="global" contextid="678" timestamp="2019-07-02T19:53:26.912">
  <mem-info id="680" free="129024" total="16252928" percent="0">
    <mem type="tenure" free="129024" total="16252928" percent="0">
      <mem type="soa" free="0" total="16091136" percent="0" />
      <mem type="loa" free="129024" total="161792" percent="79" />
    </mem>
  </mem-info>
</gc-start>
<allocation-stats totalBytes="11796672" >
  <allocated-bytes non-tlh="0" tlh="11796672" />
  <largest-consumer threadName="Thread-10" threadId="000000000223A500" bytes="3767920" />
</allocation-stats>
<gc-op id="681" type="mark" timems="1.380" contextid="678" timestamp="2019-07-02T19:53:26.914">
  <trace-info objectcount="71949" scancount="64379" scanbytes="2417788" />
  <finalization candidates="124" enqueued="0" />
  <ownableSynchronizers candidates="3" cleared="0" />
  <references type="soft" candidates="84" cleared="0" enqueued="0" dynamicThreshold="23" maxThreshold="32" />
  <references type="weak" candidates="776" cleared="0" enqueued="0" />
  <references type="phantom" candidates="63" cleared="0" enqueued="0" />
  <stringconstants candidates="4574" cleared="0"  />
</gc-op>
<gc-op id="682" type="sweep" timems="0.273" contextid="678" timestamp="2019-07-02T19:53:26.914" />
<heap-resize id="683" type="contract" space="tenure" amount="131072" count="1" timems="0.095" reason="excess free space following gc" timestamp="2019-07-02T19:53:26.914" />
<gc-end id="684" type="global" contextid="678" durationms="2.323" usertimems="4.000" systemtimems="0.000" timestamp="2019-07-02T19:53:26.914" activeThreads="4">
  <mem-info id="685" free="11730952" total="16121856" percent="72">
    <mem type="tenure" free="11730952" total="16121856" percent="72" micro-fragmented="13332" macro-fragmented="0">
      <mem type="soa" free="11639336" total="15961088" percent="72" />
      <mem type="loa" free="91616" total="160768" percent="56" />
    </mem>
  </mem-info>
</gc-end>
<cycle-end id="686" type="global" contextid="678" timestamp="2019-07-02T19:53:26.914">
  <attribute name="GC Util" value="191" />
  <attribute name="CPU Util" value="12534838076865" />
  <attribute name="Time Running"value="1724"/>
  <attribute name="Number of cores"value="4"/>
</cycle-end>
<allocation-satisfied id="687" threadId="000000000223E100" bytesRequested="24" />
<af-end id="688" timestamp="2019-07-02T19:53:26.915" threadId="000000000223EA88" success="true" />
<exclusive-end id="689" timestamp="2019-07-02T19:53:26.915" durationms="3.038" />

<exclusive-start id="690" timestamp="2019-07-02T19:53:26.922" intervalms="10.690">
  <response-info timems="0.021" idlems="0.019" threads="1" lastid="000000000223E100" lastname="Thread-9" />
</exclusive-start>
<af-start id="691" threadId="000000000223AE88" totalBytesRequested="40" timestamp="2019-07-02T19:53:26.922" intervalms="10.651" />
<cycle-start id="692" type="global" contextid="0" timestamp="2019-07-02T19:53:26.923" intervalms="10.615" />
  <attribute name="GC Util" value="191" />
  <attribute name="CPU Util" value="12534838076865" />
  <attribute name="Time Running"value="1724"/>
  <attribute name="Number of cores"value="4"/>
<gc-start id="693" type="global" contextid="692" timestamp="2019-07-02T19:53:26.923">
  <mem-info id="694" free="91616" total="16121856" percent="0">
    <mem type="tenure" free="91616" total="16121856" percent="0">
      <mem type="soa" free="0" total="15961088" percent="0" />
      <mem type="loa" free="91616" total="160768" percent="56" />
    </mem>
  </mem-info>
</gc-start>
<allocation-stats totalBytes="11629960" >
  <allocated-bytes non-tlh="0" tlh="11629960" />
  <largest-consumer threadName="Thread-10" threadId="000000000223A500" bytes="3735272" />
</allocation-stats>
<gc-op id="695" type="mark" timems="2.117" contextid="692" timestamp="2019-07-02T19:53:26.925">
  <trace-info objectcount="73027" scancount="65456" scanbytes="2443500" />
  <finalization candidates="124" enqueued="0" />
  <ownableSynchronizers candidates="3" cleared="0" />
  <references type="soft" candidates="84" cleared="0" enqueued="0" dynamicThreshold="23" maxThreshold="32" />
  <references type="weak" candidates="776" cleared="0" enqueued="0" />
  <references type="phantom" candidates="63" cleared="0" enqueued="0" />
  <stringconstants candidates="4574" cleared="0"  />
</gc-op>
<gc-op id="696" type="sweep" timems="0.826" contextid="692" timestamp="2019-07-02T19:53:26.926" />
<heap-resize id="697" type="contract" space="tenure" amount="65536" count="1" timems="0.083" reason="excess free space following gc" timestamp="2019-07-02T19:53:26.926" />
<gc-end id="698" type="global" contextid="692" durationms="3.430" usertimems="8.000" systemtimems="0.000" timestamp="2019-07-02T19:53:26.926" activeThreads="4">
  <mem-info id="699" free="11526360" total="16056320" percent="71">
    <mem type="tenure" free="11526360" total="16056320" percent="71" micro-fragmented="0" macro-fragmented="0">
      <mem type="soa" free="11526360" total="15896576" percent="72" />
      <mem type="loa" free="0" total="159744" percent="0" />
    </mem>
  </mem-info>
</gc-end>
<cycle-end id="700" type="global" contextid="692" timestamp="2019-07-02T19:53:26.926">
  <attribute name="GC Util" value="253" />
  <attribute name="CPU Util" value="8486462753983" />
  <attribute name="Time Running"value="1735"/>
  <attribute name="Number of cores"value="4"/>
</cycle-end>
<allocation-satisfied id="701" threadId="000000000223A500" bytesRequested="40" />
<af-end id="702" timestamp="2019-07-02T19:53:26.926" threadId="000000000223AE88" success="true" />
<exclusive-end id="703" timestamp="2019-07-02T19:53:26.927" durationms="4.187" />

<exclusive-start id="704" timestamp="2019-07-02T19:53:26.937" intervalms="14.734">
  <response-info timems="0.783" idlems="0.401" threads="1" lastid="0000000002245900" lastname="Thread-7" />
</exclusive-start>
<af-start id="705" threadId="000000000223AE88" totalBytesRequested="40" timestamp="2019-07-02T19:53:26.937" intervalms="14.744" />
<cycle-start id="706" type="global" contextid="0" timestamp="2019-07-02T19:53:26.937" intervalms="14.785" />
  <attribute name="GC Util" value="253" />
  <attribute name="CPU Util" value="8486462753983" />
  <attribute name="Time Running"value="1735"/>
  <attribute name="Number of cores"value="4"/>
<gc-start id="707" type="global" contextid="706" timestamp="2019-07-02T19:53:26.937">
  <mem-info id="708" free="0" total="16056320" percent="0">
    <mem type="tenure" free="0" total="16056320" percent="0">
      <mem type="soa" free="0" total="15896576" percent="0" />
      <mem type="loa" free="0" total="159744" percent="0" />
    </mem>
  </mem-info>
</gc-start>
<allocation-stats totalBytes="11508792" >
  <allocated-bytes non-tlh="0" tlh="11508792" />
  <largest-consumer threadName="Thread-10" threadId="000000000223A500" bytes="4597688" />
</allocation-stats>
<gc-op id="709" type="mark" timems="2.387" contextid="706" timestamp="2019-07-02T19:53:26.940">
  <trace-info objectcount="74914" scancount="67342" scanbytes="2489060" />
  <finalization candidates="124" enqueued="0" />
  <ownableSynchronizers candidates="3" cleared="0" />
  <references type="soft" candidates="84" cleared="0" enqueued="0" dynamicThreshold="22" maxThreshold="32" />
  <references type="weak" candidates="776" cleared="0" enqueued="0" />
  <references type="phantom" candidates="63" cleared="0" enqueued="0" />
  <stringconstants candidates="4574" cleared="0"  />
</gc-op>
<gc-op id="710" type="sweep" timems="0.883" contextid="706" timestamp="2019-07-02T19:53:26.941" />
<mem-info id="711" free="11405288" total="16056320" percent="71">
  <mem type="tenure" free="11405288" total="16056320" percent="71" micro-fragmented="0" macro-fragmented="0">
    <mem type="soa" free="11405288" total="15896576" percent="71" />
    <mem type="loa" free="0" total="159744" percent="0" />
  </mem>
</mem-info>
<gc-op id="712" type="compact" timems="4.621" contextid="706" timestamp="2019-07-02T19:53:26.946">
  <compact-info movecount="6710" movebytes="162056" reason="compact to aid heap contraction" />
</gc-op>
<heap-resize id="713" type="contract" space="tenure" amount="131072" count="1" timems="0.079" reason="excess free space following gc" timestamp="2019-07-02T19:53:26.946" />
<gc-end id="714" type="global" contextid="706" durationms="8.810" usertimems="20.000" systemtimems="0.000" timestamp="2019-07-02T19:53:26.946" activeThreads="4">
  <mem-info id="715" free="11446928" total="15925248" percent="71">
    <mem type="tenure" free="11446928" total="15925248" percent="71">
      <mem type="soa" free="11316880" total="15766528" percent="71" />
      <mem type="loa" free="130048" total="158720" percent="81" />
    </mem>
  </mem-info>
</gc-end>
<cycle-end id="716" type="global" contextid="706" timestamp="2019-07-02T19:53:26.946">
  <attribute name="GC Util" value="137" />
  <attribute name="CPU Util" value="16883670686568" />
  <attribute name="Time Running"value="1752"/>
  <attribute name="Number of cores"value="4"/>
</cycle-end>
<allocation-satisfied id="717" threadId="000000000223A500" bytesRequested="40" />
<af-end id="718" timestamp="2019-07-02T19:53:26.947" threadId="000000000223AE88" success="true" />
<exclusive-end id="719" timestamp="2019-07-02T19:53:26.947" durationms="9.686" />

<exclusive-start id="720" timestamp="2019-07-02T19:53:26.958" intervalms="20.924">
  <response-info timems="0.055" idlems="0.055" threads="0" lastid="000000000223E100" lastname="Thread-9" />
</exclusive-start>
<af-start id="721" threadId="000000000223EA88" totalBytesRequested="40" timestamp="2019-07-02T19:53:26.958" intervalms="20.918" />
<cycle-start id="722" type="global" contextid="0" timestamp="2019-07-02T19:53:26.958" intervalms="20.899" />
  <attribute name="GC Util" value="137" />
  <attribute name="CPU Util" value="16883670686568" />
  <attribute name="Time Running"value="1752"/>
  <attribute name="Number of cores"value="4"/>
<gc-start id="723" type="global" contextid="722" timestamp="2019-07-02T19:53:26.958">
  <mem-info id="724" free="130048" total="15925248" percent="0">
    <mem type="tenure" free="130048" total="15925248" percent="0">
      <mem type="soa" free="0" total="15766528" percent="0" />
      <mem type="loa" free="130048" total="158720" percent="81" />
    </mem>
  </mem-info>
</gc-start>
<allocation-stats totalBytes="11381016" >
  <allocated-bytes non-tlh="0" tlh="11381016" />
  <largest-consumer threadName="Thread-10" threadId="000000000223A500" bytes="3878160" />
</allocation-stats>
<gc-op id="725" type="mark" timems="1.348" contextid="722" timestamp="2019-07-02T19:53:26.960">
  <trace-info objectcount="72366" scancount="64783" scanbytes="2428460" />
  <finalization candidates="124" enqueued="0" />
  <ownableSynchronizers candidates="3" cleared="0" />
  <references type="soft" candidates="84" cleared="0" enqueued="0" dynamicThreshold="23" maxThreshold="32" />
  <references type="weak" candidates="776" cleared="0" enqueued="0" />
  <references type="phantom" candidates="63" cleared="0" enqueued="0" />
  <stringconstants candidates="4574" cleared="0"  />
</gc-op>
<gc-op id="726" type="sweep" timems="0.275" contextid="722" timestamp="2019-07-02T19:53:26.960" />
<heap-resize id="727" type="contract" space="tenure" amount="131072" count="1" timems="0.098" reason="excess free space following gc" timestamp="2019-07-02T19:53:26.960" />
<gc-end id="728" type="global" contextid="722" durationms="2.175" usertimems="8.000" systemtimems="0.000" timestamp="2019-07-02T19:53:26.961" activeThreads="4">
  <mem-info id="729" free="11287336" total="15794176" percent="71">
    <mem type="tenure" free="11287336" total="15794176" percent="71" micro-fragmented="102920" macro-fragmented="0">
      <mem type="soa" free="11193680" total="15636480" percent="71" />
      <mem type="loa" free="93656" total="157696" percent="59" />
    </mem>
  </mem-info>
</gc-end>
<cycle-end id="730" type="global" contextid="722" timestamp="2019-07-02T19:53:26.961">
  <attribute name="GC Util" value="193" />
  <attribute name="CPU Util" value="12934318548211" />
  <attribute name="Time Running"value="1770"/>
  <attribute name="Number of cores"value="4"/>
</cycle-end>
<allocation-satisfied id="731" threadId="000000000223E100" bytesRequested="40" />
<af-end id="732" timestamp="2019-07-02T19:53:26.961" threadId="000000000223EA88" success="true" />
<exclusive-end id="733" timestamp="2019-07-02T19:53:26.961" durationms="2.919" />

<exclusive-start id="734" timestamp="2019-07-02T19:53:26.974" intervalms="15.928">
  <response-info timems="0.029" idlems="0.029" threads="0" lastid="0000000002241D00" lastname="Thread-8" />
</exclusive-start>
<af-start id="735" threadId="0000000002242688" totalBytesRequested="40" timestamp="2019-07-02T19:53:26.974" intervalms="15.970" />
<cycle-start id="736" type="global" contextid="0" timestamp="2019-07-02T19:53:26.974" intervalms="15.985" />
  <attribute name="GC Util" value="193" />
  <attribute name="CPU Util" value="12934318548211" />
  <attribute name="Time Running"value="1770"/>
  <attribute name="Number of cores"value="4"/>
<gc-start id="737" type="global" contextid="736" timestamp="2019-07-02T19:53:26.974">
  <mem-info id="738" free="93656" total="15794176" percent="0">
    <mem type="tenure" free="93656" total="15794176" percent="0">
      <mem type="soa" free="0" total="15636480" percent="0" />
      <mem type="loa" free="93656" total="157696" percent="59" />
    </mem>
  </mem-info>
</gc-start>
<allocation-stats totalBytes="11192336" >
  <allocated-bytes non-tlh="0" tlh="11192336" />
  <largest-consumer threadName="Thread-10" threadId="000000000223A500" bytes="5297864" />
</allocation-stats>
<gc-op id="739" type="mark" timems="1.896" contextid="736" timestamp="2019-07-02T19:53:26.976">
  <trace-info objectcount="76122" scancount="68532" scanbytes="2517932" />
  <finalization candidates="124" enqueued="0" />
  <ownableSynchronizers candidates="3" cleared="0" />
  <references type="soft" candidates="84" cleared="0" enqueued="0" dynamicThreshold="22" maxThreshold="32" />
  <references type="weak" candidates="776" cleared="0" enqueued="0" />
  <references type="phantom" candidates="63" cleared="0" enqueued="0" />
  <stringconstants candidates="4574" cleared="0"  />
</gc-op>
<gc-op id="740" type="sweep" timems="0.823" contextid="736" timestamp="2019-07-02T19:53:26.977" />
<heap-resize id="741" type="contract" space="tenure" amount="131072" count="1" timems="0.099" reason="excess free space following gc" timestamp="2019-07-02T19:53:26.978" />
<gc-end id="742" type="global" contextid="736" durationms="3.311" usertimems="8.000" systemtimems="0.000" timestamp="2019-07-02T19:53:26.978" activeThreads="4">
  <mem-info id="743" free="10971576" total="15663104" percent="70">
    <mem type="tenure" free="10971576" total="15663104" percent="70" micro-fragmented="84160" macro-fragmented="0">
      <mem type="soa" free="10971576" total="15507456" percent="70" />
      <mem type="loa" free="0" total="155648" percent="0" />
    </mem>
  </mem-info>
</gc-end>
<cycle-end id="744" type="global" contextid="736" timestamp="2019-07-02T19:53:26.978">
  <attribute name="GC Util" value="238" />
  <attribute name="CPU Util" value="9527509163709" />
  <attribute name="Time Running"value="1787"/>
  <attribute name="Number of cores"value="4"/>
</cycle-end>
<allocation-satisfied id="745" threadId="0000000002241D00" bytesRequested="40" />
<af-end id="746" timestamp="2019-07-02T19:53:26.978" threadId="0000000002242688" success="true" />
<exclusive-end id="747" timestamp="2019-07-02T19:53:26.978" durationms="3.962" />

<exclusive-start id="748" timestamp="2019-07-02T19:53:26.989" intervalms="15.355">
  <response-info timems="0.044" idlems="0.044" threads="0" lastid="000000000223A500" lastname="Thread-10" />
</exclusive-start>
<af-start id="749" threadId="000000000223AE88" totalBytesRequested="40" timestamp="2019-07-02T19:53:26.989" intervalms="15.324" />
<cycle-start id="750" type="global" contextid="0" timestamp="2019-07-02T19:53:26.990" intervalms="15.287" />
  <attribute name="GC Util" value="238" />
  <attribute name="CPU Util" value="9527509163709" />
  <attribute name="Time Running"value="1787"/>
  <attribute name="Number of cores"value="4"/>
<gc-start id="751" type="global" contextid="750" timestamp="2019-07-02T19:53:26.990">
  <mem-info id="752" free="0" total="15663104" percent="0">
    <mem type="tenure" free="0" total="15663104" percent="0">
      <mem type="soa" free="0" total="15507456" percent="0" />
      <mem type="loa" free="0" total="155648" percent="0" />
    </mem>
  </mem-info>
</gc-start>
<allocation-stats totalBytes="10959384" >
  <allocated-bytes non-tlh="38112" tlh="10921272" />
  <largest-consumer threadName="Thread-8" threadId="0000000002241D00" bytes="4015984" />
</allocation-stats>
<gc-op id="753" type="mark" timems="2.266" contextid="750" timestamp="2019-07-02T19:53:26.992">
  <trace-info objectcount="69160" scancount="61589" scanbytes="2351268" />
  <finalization candidates="124" enqueued="0" />
  <ownableSynchronizers candidates="3" cleared="0" />
  <references type="soft" candidates="84" cleared="0" enqueued="0" dynamicThreshold="22" maxThreshold="32" />
  <references type="weak" candidates="776" cleared="0" enqueued="0" />
  <references type="phantom" candidates="63" cleared="0" enqueued="0" />
  <stringconstants candidates="4574" cleared="0"  />
</gc-op>
<gc-op id="754" type="sweep" timems="0.637" contextid="750" timestamp="2019-07-02T19:53:26.993" />
<mem-info id="755" free="11035248" total="15663104" percent="70">
  <mem type="tenure" free="11035248" total="15663104" percent="70" micro-fragmented="144825" macro-fragmented="0">
    <mem type="soa" free="11035248" total="15507456" percent="71" />
    <mem type="loa" free="0" total="155648" percent="0" />
  </mem>
</mem-info>
<gc-op id="756" type="compact" timems="5.748" contextid="750" timestamp="2019-07-02T19:53:26.999">
  <compact-info movecount="29438" movebytes="1270320" reason="compact to aid heap contraction" />
</gc-op>
<heap-resize id="757" type="contract" space="tenure" amount="131072" count="1" timems="0.069" reason="excess free space following gc" timestamp="2019-07-02T19:53:26.999" />
<gc-end id="758" type="global" contextid="750" durationms="9.506" usertimems="20.000" systemtimems="4.000" timestamp="2019-07-02T19:53:26.999" activeThreads="4">
  <mem-info id="759" free="11195600" total="15532032" percent="72">
    <mem type="tenure" free="11195600" total="15532032" percent="72">
      <mem type="soa" free="11065552" total="15377408" percent="71" />
      <mem type="loa" free="130048" total="154624" percent="84" />
    </mem>
  </mem-info>
</gc-end>
<cycle-end id="760" type="global" contextid="750" timestamp="2019-07-02T19:53:26.999">
  <attribute name="GC Util" value="118" />
  <attribute name="CPU Util" value="21390530187384" />
  <attribute name="Time Running"value="1803"/>
  <attribute name="Number of cores"value="4"/>
</cycle-end>
<allocation-satisfied id="761" threadId="000000000223A500" bytesRequested="40" />
<af-end id="762" timestamp="2019-07-02T19:53:26.999" threadId="000000000223AE88" success="true" />
<exclusive-end id="763" timestamp="2019-07-02T19:53:27.000" durationms="10.261" />

<exclusive-start id="764" timestamp="2019-07-02T19:53:27.010" intervalms="21.142">
  <response-info timems="0.029" idlems="0.029" threads="0" lastid="000000000223A500" lastname="Thread-10" />
</exclusive-start>
<af-start id="765" threadId="000000000223AE88" totalBytesRequested="40" timestamp="2019-07-02T19:53:27.011" intervalms="21.169" />
<cycle-start id="766" type="global" contextid="0" timestamp="2019-07-02T19:53:27.011" intervalms="21.171" />
  <attribute name="GC Util" value="118" />
  <attribute name="CPU Util" value="21390530187384" />
  <attribute name="Time Running"value="1803"/>
  <attribute name="Number of cores"value="4"/>
<gc-start id="767" type="global" contextid="766" timestamp="2019-07-02T19:53:27.011">
  <mem-info id="768" free="130048" total="15532032" percent="0">
    <mem type="tenure" free="130048" total="15532032" percent="0">
      <mem type="soa" free="0" total="15377408" percent="0" />
      <mem type="loa" free="130048" total="154624" percent="84" />
    </mem>
  </mem-info>
</gc-start>
<allocation-stats totalBytes="11129520" >
  <allocated-bytes non-tlh="0" tlh="11129520" />
  <largest-consumer threadName="Thread-10" threadId="000000000223A500" bytes="4160992" />
</allocation-stats>
<gc-op id="769" type="mark" timems="2.618" contextid="766" timestamp="2019-07-02T19:53:27.014">
  <trace-info objectcount="67272" scancount="59699" scanbytes="2306204" />
  <finalization candidates="124" enqueued="0" />
  <ownableSynchronizers candidates="3" cleared="0" />
  <references type="soft" candidates="84" cleared="0" enqueued="0" dynamicThreshold="23" maxThreshold="32" />
  <references type="weak" candidates="776" cleared="0" enqueued="0" />
  <references type="phantom" candidates="63" cleared="0" enqueued="0" />
  <stringconstants candidates="4574" cleared="0"  />
</gc-op>
<gc-op id="770" type="sweep" timems="0.729" contextid="766" timestamp="2019-07-02T19:53:27.015" />
<heap-resize id="771" type="contract" space="tenure" amount="131072" count="1" timems="0.083" reason="excess free space following gc" timestamp="2019-07-02T19:53:27.015" />
<gc-end id="772" type="global" contextid="766" durationms="4.015" usertimems="8.000" systemtimems="0.000" timestamp="2019-07-02T19:53:27.015" activeThreads="4">
  <mem-info id="773" free="10915360" total="15400960" percent="70">
    <mem type="tenure" free="10915360" total="15400960" percent="70" micro-fragmented="79424" macro-fragmented="0">
      <mem type="soa" free="10915360" total="15247360" percent="71" />
      <mem type="loa" free="0" total="153600" percent="0" />
    </mem>
  </mem-info>
</gc-end>
<cycle-end id="774" type="global" contextid="766" timestamp="2019-07-02T19:53:27.015">
  <attribute name="GC Util" value="205" />
  <attribute name="CPU Util" value="6846736325190" />
  <attribute name="Time Running"value="1824"/>
  <attribute name="Number of cores"value="4"/>
</cycle-end>
<allocation-satisfied id="775" threadId="000000000223A500" bytesRequested="40" />
<af-end id="776" timestamp="2019-07-02T19:53:27.015" threadId="000000000223AE88" success="true" />
<exclusive-end id="777" timestamp="2019-07-02T19:53:27.015" durationms="4.834" />

<exclusive-start id="778" timestamp="2019-07-02T19:53:27.027" intervalms="16.233">
  <response-info timems="0.057" idlems="0.057" threads="0" lastid="0000000002241D00" lastname="Thread-8" />
</exclusive-start>
<af-start id="779" threadId="0000000002242688" totalBytesRequested="40" timestamp="2019-07-02T19:53:27.027" intervalms="16.142" />
<cycle-start id="780" type="global" contextid="0" timestamp="2019-07-02T19:53:27.027" intervalms="16.191" />
  <attribute name="GC Util" value="205" />
  <attribute name="CPU Util" value="6846736325190" />
  <attribute name="Time Running"value="1824"/>
  <attribute name="Number of cores"value="4"/>
<gc-start id="781" type="global" contextid="780" timestamp="2019-07-02T19:53:27.027">
  <mem-info id="782" free="0" total="15400960" percent="0">
    <mem type="tenure" free="0" total="15400960" percent="0">
      <mem type="soa" free="0" total="15247360" percent="0" />
      <mem type="loa" free="0" total="153600" percent="0" />
    </mem>
  </mem-info>
</gc-start>
<allocation-stats totalBytes="10937312" >
  <allocated-bytes non-tlh="0" tlh="10937312" />
  <largest-consumer threadName="Thread-10" threadId="000000000223A500" bytes="3769704" />
</allocation-stats>
<gc-op id="783" type="mark" timems="2.229" contextid="780" timestamp="2019-07-02T19:53:27.029">
  <trace-info objectcount="68876" scancount="61312" scanbytes="2344516" />
  <finalization candidates="124" enqueued="0" />
  <ownableSynchronizers candidates="3" cleared="0" />
  <references type="soft" candidates="84" cleared="0" enqueued="0" dynamicThreshold="22" maxThreshold="32" />
  <references type="weak" candidates="776" cleared="0" enqueued="0" />
  <references type="phantom" candidates="63" cleared="0" enqueued="0" />
  <stringconstants candidates="4574" cleared="0"  />
</gc-op>
<gc-op id="784" type="sweep" timems="0.805" contextid="780" timestamp="2019-07-02T19:53:27.030" />
<mem-info id="785" free="10888288" total="15400960" percent="70">
  <mem type="tenure" free="10888288" total="15400960" percent="70" micro-fragmented="75665" macro-fragmented="0">
    <mem type="soa" free="10888288" total="15247360" percent="71" />
    <mem type="loa" free="0" total="153600" percent="0" />
  </mem>
</mem-info>
<gc-op id="786" type="compact" timems="6.046" contextid="780" timestamp="2019-07-02T19:53:27.036">
  <compact-info movecount="29154" movebytes="1263568" reason="compact to aid heap contraction" />
</gc-op>
<heap-resize id="787" type="contract" space="tenure" amount="131072" count="1" timems="0.065" reason="excess free space following gc" timestamp="2019-07-02T19:53:27.037" />
<gc-end id="788" type="global" contextid="780" durationms="9.787" usertimems="16.000" systemtimems="0.000" timestamp="2019-07-02T19:53:27.037" activeThreads="4">
  <mem-info id="789" free="10942256" total="15269888" percent="71">
    <mem type="tenure" free="10942256" total="15269888" percent="71">
      <mem type="soa" free="10812208" total="15117312" percent="71" />
      <mem type="loa" free="130048" total="152576" percent="85" />
    </mem>
  </mem-info>
</gc-end>
<cycle-end id="790" type="global" contextid="780" timestamp="2019-07-02T19:53:27.037">
  <attribute name="GC Util" value="141" />
  <attribute name="CPU Util" value="19052794365097" />
  <attribute name="Time Running"value="1841"/>
  <attribute name="Number of cores"value="4"/>
</cycle-end>
<allocation-satisfied id="791" threadId="0000000002241D00" bytesRequested="40" />
<af-end id="792" timestamp="2019-07-02T19:53:27.037" threadId="0000000002242688" success="true" />
<exclusive-end id="793" timestamp="2019-07-02T19:53:27.037" durationms="10.432" />

<exclusive-start id="794" timestamp="2019-07-02T19:53:27.045" intervalms="18.481">
  <response-info timems="0.034" idlems="0.034" threads="0" lastid="000000000223E100" lastname="Thread-9" />
</exclusive-start>
<af-start id="795" threadId="000000000223EA88" totalBytesRequested="40" timestamp="2019-07-02T19:53:27.045" intervalms="18.528" />
<cycle-start id="796" type="global" contextid="0" timestamp="2019-07-02T19:53:27.045" intervalms="18.478" />
  <attribute name="GC Util" value="141" />
  <attribute name="CPU Util" value="19052794365097" />
  <attribute name="Time Running"value="1841"/>
  <attribute name="Number of cores"value="4"/>
<gc-start id="797" type="global" contextid="796" timestamp="2019-07-02T19:53:27.045">
  <mem-info id="798" free="130048" total="15269888" percent="0">
    <mem type="tenure" free="130048" total="15269888" percent="0">
      <mem type="soa" free="0" total="15117312" percent="0" />
      <mem type="loa" free="130048" total="152576" percent="85" />
    </mem>
  </mem-info>
</gc-start>
<allocation-stats totalBytes="10876472" >
  <allocated-bytes non-tlh="0" tlh="10876472" />
  <largest-consumer threadName="Thread-10" threadId="000000000223A500" bytes="2981480" />
</allocation-stats>
<gc-op id="799" type="mark" timems="1.267" contextid="796" timestamp="2019-07-02T19:53:27.047">
  <trace-info objectcount="65773" scancount="58182" scanbytes="2270228" />
  <finalization candidates="124" enqueued="0" />
  <ownableSynchronizers candidates="3" cleared="0" />
  <references type="soft" candidates="84" cleared="0" enqueued="0" dynamicThreshold="22" maxThreshold="32" />
  <references type="weak" candidates="776" cleared="0" enqueued="0" />
  <references type="phantom" candidates="63" cleared="0" enqueued="0" />
  <stringconstants candidates="4574" cleared="0"  />
</gc-op>
<gc-op id="800" type="sweep" timems="0.259" contextid="796" timestamp="2019-07-02T19:53:27.047" />
<heap-resize id="801" type="contract" space="tenure" amount="131072" count="1" timems="0.083" reason="excess free space following gc" timestamp="2019-07-02T19:53:27.047" />
<gc-end id="802" type="global" contextid="796" durationms="2.081" usertimems="4.000" systemtimems="0.000" timestamp="2019-07-02T19:53:27.048" activeThreads="4">
  <mem-info id="803" free="10733984" total="15138816" percent="70">
    <mem type="tenure" free="10733984" total="15138816" percent="70" micro-fragmented="27541" macro-fragmented="0">
      <mem type="soa" free="10733984" total="14988288" percent="71" />
      <mem type="loa" free="0" total="150528" percent="0" />
    </mem>
  </mem-info>
</gc-end>
<cycle-end id="804" type="global" contextid="796" timestamp="2019-07-02T19:53:27.048">
  <attribute name="GC Util" value="177" />
  <attribute name="CPU Util" value="13506953851442" />
  <attribute name="Time Running"value="1857"/>
  <attribute name="Number of cores"value="4"/>
</cycle-end>
<allocation-satisfied id="805" threadId="000000000223E100" bytesRequested="40" />
<af-end id="806" timestamp="2019-07-02T19:53:27.048" threadId="000000000223EA88" success="true" />
<exclusive-end id="807" timestamp="2019-07-02T19:53:27.048" durationms="2.664" />

<exclusive-start id="808" timestamp="2019-07-02T19:53:27.056" intervalms="10.835">
  <response-info timems="0.028" idlems="0.028" threads="0" lastid="0000000002241D00" lastname="Thread-8" />
</exclusive-start>
<af-start id="809" threadId="0000000002242688" totalBytesRequested="40" timestamp="2019-07-02T19:53:27.056" intervalms="10.780" />
<cycle-start id="810" type="global" contextid="0" timestamp="2019-07-02T19:53:27.056" intervalms="10.766" />
  <attribute name="GC Util" value="177" />
  <attribute name="CPU Util" value="13506953851442" />
  <attribute name="Time Running"value="1857"/>
  <attribute name="Number of cores"value="4"/>
<gc-start id="811" type="global" contextid="810" timestamp="2019-07-02T19:53:27.056">
  <mem-info id="812" free="0" total="15138816" percent="0">
    <mem type="tenure" free="0" total="15138816" percent="0">
      <mem type="soa" free="0" total="14988288" percent="0" />
      <mem type="loa" free="0" total="150528" percent="0" />
    </mem>
  </mem-info>
</gc-start>
<allocation-stats totalBytes="10792448" >
  <allocated-bytes non-tlh="0" tlh="10792448" />
  <largest-consumer threadName="Thread-9" threadId="000000000223E100" bytes="2852904" />
</allocation-stats>
<gc-op id="813" type="mark" timems="1.904" contextid="810" timestamp="2019-07-02T19:53:27.058">
  <trace-info objectcount="67006" scancount="59434" scanbytes="2299788" />
  <finalization candidates="124" enqueued="0" />
  <ownableSynchronizers candidates="3" cleared="0" />
  <references type="soft" candidates="84" cleared="0" enqueued="0" dynamicThreshold="22" maxThreshold="32" />
  <references type="weak" candidates="776" cleared="0" enqueued="0" />
  <references type="phantom" candidates="63" cleared="0" enqueued="0" />
  <stringconstants candidates="4574" cleared="0"  />
</gc-op>
<gc-op id="814" type="sweep" timems="0.787" contextid="810" timestamp="2019-07-02T19:53:27.059" />
<heap-resize id="815" type="contract" space="tenure" amount="65536" count="1" timems="0.081" reason="excess free space following gc" timestamp="2019-07-02T19:53:27.059" />
<gc-end id="816" type="global" contextid="810" durationms="3.210" usertimems="8.000" systemtimems="0.000" timestamp="2019-07-02T19:53:27.059" activeThreads="4">
  <mem-info id="817" free="10665704" total="15073280" percent="70">
    <mem type="tenure" free="10665704" total="15073280" percent="70" micro-fragmented="35433" macro-fragmented="0">
      <mem type="soa" free="10665704" total="14922752" percent="71" />
      <mem type="loa" free="0" total="150528" percent="0" />
    </mem>
  </mem-info>
</gc-end>
<cycle-end id="818" type="global" contextid="810" timestamp="2019-07-02T19:53:27.059">
  <attribute name="GC Util" value="238" />
  <attribute name="CPU Util" value="9260334639857" />
  <attribute name="Time Running"value="1869"/>
  <attribute name="Number of cores"value="4"/>
</cycle-end>
<allocation-satisfied id="819" threadId="0000000002241D00" bytesRequested="40" />
<af-end id="820" timestamp="2019-07-02T19:53:27.060" threadId="0000000002242688" success="true" />
<exclusive-end id="821" timestamp="2019-07-02T19:53:27.060" durationms="3.680" />

<exclusive-start id="822" timestamp="2019-07-02T19:53:27.067" intervalms="11.475">
  <response-info timems="0.022" idlems="0.022" threads="0" lastid="0000000002245900" lastname="Thread-7" />
</exclusive-start>
<af-start id="823" threadId="0000000002246288" totalBytesRequested="40" timestamp="2019-07-02T19:53:27.068" intervalms="11.491" />
<cycle-start id="824" type="global" contextid="0" timestamp="2019-07-02T19:53:27.068" intervalms="11.521" />
  <attribute name="GC Util" value="238" />
  <attribute name="CPU Util" value="9260334639857" />
  <attribute name="Time Running"value="1869"/>
  <attribute name="Number of cores"value="4"/>
<gc-start id="825" type="global" contextid="824" timestamp="2019-07-02T19:53:27.068">
  <mem-info id="826" free="0" total="15073280" percent="0">
    <mem type="tenure" free="0" total="15073280" percent="0">
      <mem type="soa" free="0" total="14922752" percent="0" />
      <mem type="loa" free="0" total="150528" percent="0" />
    </mem>
  </mem-info>
</gc-start>
<allocation-stats totalBytes="10667936" >
  <allocated-bytes non-tlh="19056" tlh="10648880" />
  <largest-consumer threadName="Thread-7" threadId="0000000002245900" bytes="2817728" />
</allocation-stats>
<gc-op id="827" type="mark" timems="2.367" contextid="824" timestamp="2019-07-02T19:53:27.070">
  <trace-info objectcount="63763" scancount="56186" scanbytes="2221588" />
  <finalization candidates="124" enqueued="0" />
  <ownableSynchronizers candidates="3" cleared="0" />
  <references type="soft" candidates="84" cleared="0" enqueued="0" dynamicThreshold="22" maxThreshold="32" />
  <references type="weak" candidates="776" cleared="0" enqueued="0" />
  <references type="phantom" candidates="63" cleared="0" enqueued="0" />
  <stringconstants candidates="4574" cleared="0"  />
</gc-op>
<gc-op id="828" type="sweep" timems="0.804" contextid="824" timestamp="2019-07-02T19:53:27.071" />
<mem-info id="829" free="10799056" total="15073280" percent="71">
  <mem type="tenure" free="10799056" total="15073280" percent="71" micro-fragmented="72012" macro-fragmented="0">
    <mem type="soa" free="10706856" total="14922752" percent="71" />
    <mem type="loa" free="92200" total="150528" percent="61" />
  </mem>
</mem-info>
<gc-op id="830" type="compact" timems="5.236" contextid="824" timestamp="2019-07-02T19:53:27.077">
  <compact-info movecount="24039" movebytes="1139472" reason="compact to aid heap contraction" />
</gc-op>
<heap-resize id="831" type="contract" space="tenure" amount="131072" count="1" timems="0.077" reason="excess free space following gc" timestamp="2019-07-02T19:53:27.077" />
<gc-end id="832" type="global" contextid="824" durationms="9.200" usertimems="16.000" systemtimems="0.000" timestamp="2019-07-02T19:53:27.077" activeThreads="4">
  <mem-info id="833" free="10740576" total="14942208" percent="71">
    <mem type="tenure" free="10740576" total="14942208" percent="71">
      <mem type="soa" free="10611552" total="14793728" percent="71" />
      <mem type="loa" free="129024" total="148480" percent="86" />
    </mem>
  </mem-info>
</gc-end>
<cycle-end id="834" type="global" contextid="824" timestamp="2019-07-02T19:53:27.077">
  <attribute name="GC Util" value="149" />
  <attribute name="CPU Util" value="18804192929806" />
  <attribute name="Time Running"value="1882"/>
  <attribute name="Number of cores"value="4"/>
</cycle-end>
<allocation-satisfied id="835" threadId="0000000002245900" bytesRequested="40" />
<af-end id="836" timestamp="2019-07-02T19:53:27.077" threadId="0000000002246288" success="true" />
<exclusive-end id="837" timestamp="2019-07-02T19:53:27.077" durationms="9.961" />

<exclusive-start id="838" timestamp="2019-07-02T19:53:27.085" intervalms="17.426">
  <response-info timems="0.023" idlems="0.023" threads="0" lastid="0000000002241D00" lastname="Thread-8" />
</exclusive-start>
<af-start id="839" threadId="0000000002242688" totalBytesRequested="40" timestamp="2019-07-02T19:53:27.085" intervalms="17.416" />
<cycle-start id="840" type="global" contextid="0" timestamp="2019-07-02T19:53:27.085" intervalms="17.405" />
  <attribute name="GC Util" value="149" />
  <attribute name="CPU Util" value="18804192929806" />
  <attribute name="Time Running"value="1882"/>
  <attribute name="Number of cores"value="4"/>
<gc-start id="841" type="global" contextid="840" timestamp="2019-07-02T19:53:27.085">
  <mem-info id="842" free="129024" total="14942208" percent="0">
    <mem type="tenure" free="129024" total="14942208" percent="0">
      <mem type="soa" free="0" total="14793728" percent="0" />
      <mem type="loa" free="129024" total="148480" percent="86" />
    </mem>
  </mem-info>
</gc-start>
<allocation-stats totalBytes="10675696" >
  <allocated-bytes non-tlh="0" tlh="10675696" />
  <largest-consumer threadName="Thread-7" threadId="0000000002245900" bytes="3374736" />
</allocation-stats>
<gc-op id="843" type="mark" timems="2.063" contextid="840" timestamp="2019-07-02T19:53:27.087">
  <trace-info objectcount="65206" scancount="57631" scanbytes="2256348" />
  <finalization candidates="124" enqueued="0" />
  <ownableSynchronizers candidates="3" cleared="0" />
  <references type="soft" candidates="84" cleared="0" enqueued="0" dynamicThreshold="23" maxThreshold="32" />
  <references type="weak" candidates="776" cleared="0" enqueued="0" />
  <references type="phantom" candidates="63" cleared="0" enqueued="0" />
  <stringconstants candidates="4574" cleared="0"  />
</gc-op>
<gc-op id="844" type="sweep" timems="0.713" contextid="840" timestamp="2019-07-02T19:53:27.088" />
<heap-resize id="845" type="contract" space="tenure" amount="131072" count="1" timems="0.082" reason="excess free space following gc" timestamp="2019-07-02T19:53:27.088" />
<gc-end id="846" type="global" contextid="840" durationms="3.230" usertimems="8.000" systemtimems="0.000" timestamp="2019-07-02T19:53:27.088" activeThreads="4">
  <mem-info id="847" free="10568728" total="14811136" percent="71">
    <mem type="tenure" free="10568728" total="14811136" percent="71" micro-fragmented="9227" macro-fragmented="0">
      <mem type="soa" free="10497824" total="14663680" percent="71" />
      <mem type="loa" free="70904" total="147456" percent="48" />
    </mem>
  </mem-info>
</gc-end>
<cycle-end id="848" type="global" contextid="840" timestamp="2019-07-02T19:53:27.088">
  <attribute name="GC Util" value="249" />
  <attribute name="CPU Util" value="8756825845127" />
  <attribute name="Time Running"value="1898"/>
  <attribute name="Number of cores"value="4"/>
</cycle-end>
<allocation-satisfied id="849" threadId="0000000002241D00" bytesRequested="40" />
<af-end id="850" timestamp="2019-07-02T19:53:27.089" threadId="0000000002242688" success="true" />
<exclusive-end id="851" timestamp="2019-07-02T19:53:27.089" durationms="3.742" />

<exclusive-start id="852" timestamp="2019-07-02T19:53:27.096" intervalms="10.982">
  <response-info timems="0.023" idlems="0.023" threads="0" lastid="0000000002245900" lastname="Thread-7" />
</exclusive-start>
<af-start id="853" threadId="0000000002246288" totalBytesRequested="24" timestamp="2019-07-02T19:53:27.096" intervalms="11.030" />
<cycle-start id="854" type="global" contextid="0" timestamp="2019-07-02T19:53:27.096" intervalms="11.018" />
  <attribute name="GC Util" value="249" />
  <attribute name="CPU Util" value="8756825845127" />
  <attribute name="Time Running"value="1898"/>
  <attribute name="Number of cores"value="4"/>
<gc-start id="855" type="global" contextid="854" timestamp="2019-07-02T19:53:27.096">
  <mem-info id="856" free="70904" total="14811136" percent="0">
    <mem type="tenure" free="70904" total="14811136" percent="0">
      <mem type="soa" free="0" total="14663680" percent="0" />
      <mem type="loa" free="70904" total="147456" percent="48" />
    </mem>
  </mem-info>
</gc-start>
<allocation-stats totalBytes="10490600" >
  <allocated-bytes non-tlh="0" tlh="10490600" />
  <largest-consumer threadName="Thread-7" threadId="0000000002245900" bytes="2795120" />
</allocation-stats>
<gc-op id="857" type="mark" timems="1.968" contextid="854" timestamp="2019-07-02T19:53:27.098">
  <trace-info objectcount="65982" scancount="58417" scanbytes="2275060" />
  <finalization candidates="124" enqueued="0" />
  <ownableSynchronizers candidates="3" cleared="0" />
  <references type="soft" candidates="84" cleared="0" enqueued="0" dynamicThreshold="22" maxThreshold="32" />
  <references type="weak" candidates="776" cleared="0" enqueued="0" />
  <references type="phantom" candidates="63" cleared="0" enqueued="0" />
  <stringconstants candidates="4574" cleared="0"  />
</gc-op>
<gc-op id="858" type="sweep" timems="0.970" contextid="854" timestamp="2019-07-02T19:53:27.099" />
<mem-info id="859" free="10526184" total="14811136" percent="71">
  <mem type="tenure" free="10526184" total="14811136" percent="71" micro-fragmented="5142" macro-fragmented="0">
    <mem type="soa" free="10455280" total="14663680" percent="71" />
    <mem type="loa" free="70904" total="147456" percent="48" />
  </mem>
</mem-info>
<gc-op id="860" type="compact" timems="5.772" contextid="854" timestamp="2019-07-02T19:53:27.105">
  <compact-info movecount="26231" movebytes="1180432" reason="compact to aid heap contraction" />
</gc-op>
<heap-resize id="861" type="contract" space="tenure" amount="131072" count="1" timems="0.073" reason="excess free space following gc" timestamp="2019-07-02T19:53:27.106" />
<gc-end id="862" type="global" contextid="854" durationms="9.591" usertimems="12.000" systemtimems="4.000" timestamp="2019-07-02T19:53:27.106" activeThreads="4">
  <mem-info id="863" free="10428032" total="14680064" percent="71">
    <mem type="tenure" free="10428032" total="14680064" percent="71">
      <mem type="soa" free="10297984" total="14533632" percent="70" />
      <mem type="loa" free="130048" total="146432" percent="88" />
    </mem>
  </mem-info>
</gc-end>
<cycle-end id="864" type="global" contextid="854" timestamp="2019-07-02T19:53:27.106">
  <attribute name="GC Util" value="127" />
  <attribute name="CPU Util" value="16122774991370" />
  <attribute name="Time Running"value="1910"/>
  <attribute name="Number of cores"value="4"/>
</cycle-end>
<allocation-satisfied id="865" threadId="0000000002245900" bytesRequested="24" />
<af-end id="866" timestamp="2019-07-02T19:53:27.106" threadId="0000000002246288" success="true" />
<exclusive-end id="867" timestamp="2019-07-02T19:53:27.106" durationms="10.326" />

<exclusive-start id="868" timestamp="2019-07-02T19:53:27.114" intervalms="17.748">
  <response-info timems="0.020" idlems="0.020" threads="0" lastid="0000000002245900" lastname="Thread-7" />
</exclusive-start>
<af-start id="869" threadId="0000000002246288" totalBytesRequested="40" timestamp="2019-07-02T19:53:27.114" intervalms="17.737" />
<cycle-start id="870" type="global" contextid="0" timestamp="2019-07-02T19:53:27.114" intervalms="17.740" />
  <attribute name="GC Util" value="127" />
  <attribute name="CPU Util" value="16122774991370" />
  <attribute name="Time Running"value="1910"/>
  <attribute name="Number of cores"value="4"/>
<gc-start id="871" type="global" contextid="870" timestamp="2019-07-02T19:53:27.114">
  <mem-info id="872" free="130048" total="14680064" percent="0">
    <mem type="tenure" free="130048" total="14680064" percent="0">
      <mem type="soa" free="0" total="14533632" percent="0" />
      <mem type="loa" free="130048" total="146432" percent="88" />
    </mem>
  </mem-info>
</gc-start>
<allocation-stats totalBytes="10362144" >
  <allocated-bytes non-tlh="0" tlh="10362144" />
  <largest-consumer threadName="Thread-7" threadId="0000000002245900" bytes="2981536" />
</allocation-stats>
<gc-op id="873" type="mark" timems="2.256" contextid="870" timestamp="2019-07-02T19:53:27.116">
  <trace-info objectcount="66713" scancount="59137" scanbytes="2292316" />
  <finalization candidates="124" enqueued="0" />
  <ownableSynchronizers candidates="3" cleared="0" />
  <references type="soft" candidates="84" cleared="0" enqueued="0" dynamicThreshold="22" maxThreshold="32" />
  <references type="weak" candidates="776" cleared="0" enqueued="0" />
  <references type="phantom" candidates="63" cleared="0" enqueued="0" />
  <stringconstants candidates="4574" cleared="0"  />
</gc-op>
<gc-op id="874" type="sweep" timems="0.814" contextid="870" timestamp="2019-07-02T19:53:27.117" />
<heap-resize id="875" type="contract" space="tenure" amount="131072" count="1" timems="0.067" reason="excess free space following gc" timestamp="2019-07-02T19:53:27.118" />
<gc-end id="876" type="global" contextid="870" durationms="3.762" usertimems="4.000" systemtimems="4.000" timestamp="2019-07-02T19:53:27.118" activeThreads="4">
  <mem-info id="877" free="10207376" total="14548992" percent="70">
    <mem type="tenure" free="10207376" total="14548992" percent="70" micro-fragmented="9216" macro-fragmented="0">
      <mem type="soa" free="10207376" total="14403584" percent="70" />
      <mem type="loa" free="0" total="145408" percent="0" />
    </mem>
  </mem-info>
</gc-end>
<cycle-end id="878" type="global" contextid="870" timestamp="2019-07-02T19:53:27.118">
  <attribute name="GC Util" value="209" />
  <attribute name="CPU Util" value="7531010796233" />
  <attribute name="Time Running"value="1927"/>
  <attribute name="Number of cores"value="4"/>
</cycle-end>
<allocation-satisfied id="879" threadId="0000000002245900" bytesRequested="40" />
<af-end id="880" timestamp="2019-07-02T19:53:27.118" threadId="0000000002246288" success="true" />
<exclusive-end id="881" timestamp="2019-07-02T19:53:27.118" durationms="4.401" />

<exclusive-start id="882" timestamp="2019-07-02T19:53:27.125" intervalms="11.633">
  <response-info timems="0.033" idlems="0.033" threads="0" lastid="000000000223E100" lastname="Thread-9" />
</exclusive-start>
<af-start id="883" threadId="000000000223EA88" totalBytesRequested="40" timestamp="2019-07-02T19:53:27.125" intervalms="11.650" />
<cycle-start id="884" type="global" contextid="0" timestamp="2019-07-02T19:53:27.125" intervalms="11.685" />
  <attribute name="GC Util" value="209" />
  <attribute name="CPU Util" value="7531010796233" />
  <attribute name="Time Running"value="1927"/>
  <attribute name="Number of cores"value="4"/>
<gc-start id="885" type="global" contextid="884" timestamp="2019-07-02T19:53:27.126">
  <mem-info id="886" free="0" total="14548992" percent="0">
    <mem type="tenure" free="0" total="14548992" percent="0">
      <mem type="soa" free="0" total="14403584" percent="0" />
      <mem type="loa" free="0" total="145408" percent="0" />
    </mem>
  </mem-info>
</gc-start>
<allocation-stats totalBytes="10201280" >
  <allocated-bytes non-tlh="0" tlh="10201280" />
  <largest-consumer threadName="Thread-7" threadId="0000000002245900" bytes="2855112" />
</allocation-stats>
<gc-op id="887" type="mark" timems="1.197" contextid="884" timestamp="2019-07-02T19:53:27.127">
  <trace-info objectcount="67460" scancount="59891" scanbytes="2310292" />
  <finalization candidates="124" enqueued="0" />
  <ownableSynchronizers candidates="3" cleared="0" />
  <references type="soft" candidates="84" cleared="0" enqueued="0" dynamicThreshold="22" maxThreshold="32" />
  <references type="weak" candidates="776" cleared="0" enqueued="0" />
  <references type="phantom" candidates="63" cleared="0" enqueued="0" />
  <stringconstants candidates="4574" cleared="0"  />
</gc-op>
<gc-op id="888" type="sweep" timems="0.294" contextid="884" timestamp="2019-07-02T19:53:27.127" />
<mem-info id="889" free="10167104" total="14548992" percent="69">
  <mem type="tenure" free="10167104" total="14548992" percent="69" micro-fragmented="18468" macro-fragmented="0">
    <mem type="soa" free="10167104" total="14403584" percent="70" />
    <mem type="loa" free="0" total="145408" percent="0" />
  </mem>
</mem-info>
<gc-op id="890" type="compact" timems="3.304" contextid="884" timestamp="2019-07-02T19:53:27.131">
  <compact-info movecount="3931" movebytes="95488" reason="compact to aid heap contraction" />
</gc-op>
<heap-resize id="891" type="contract" space="tenure" amount="131072" count="1" timems="0.084" reason="excess free space following gc" timestamp="2019-07-02T19:53:27.131" />
<gc-end id="892" type="global" contextid="884" durationms="5.642" usertimems="8.000" systemtimems="0.000" timestamp="2019-07-02T19:53:27.131" activeThreads="4">
  <mem-info id="893" free="10132704" total="14417920" percent="70">
    <mem type="tenure" free="10132704" total="14417920" percent="70">
      <mem type="soa" free="10003680" total="14274560" percent="70" />
      <mem type="loa" free="129024" total="143360" percent="90" />
    </mem>
  </mem-info>
</gc-end>
<cycle-end id="894" type="global" contextid="884" timestamp="2019-07-02T19:53:27.131">
  <attribute name="GC Util" value="16" />
  <attribute name="CPU Util" value="35268121401568" />
  <attribute name="Time Running"value="1938"/>
  <attribute name="Number of cores"value="4"/>
</cycle-end>
<allocation-satisfied id="895" threadId="000000000223E100" bytesRequested="40" />
<af-end id="896" timestamp="2019-07-02T19:53:27.132" threadId="000000000223EA88" success="true" />
<exclusive-end id="897" timestamp="2019-07-02T19:53:27.132" durationms="6.444" />

<exclusive-start id="898" timestamp="2019-07-02T19:53:27.139" intervalms="13.802">
  <response-info timems="0.025" idlems="0.025" threads="0" lastid="0000000002245900" lastname="Thread-7" />
</exclusive-start>
<af-start id="899" threadId="0000000002246288" totalBytesRequested="40" timestamp="2019-07-02T19:53:27.139" intervalms="13.836" />
<cycle-start id="900" type="global" contextid="0" timestamp="2019-07-02T19:53:27.139" intervalms="13.895" />
  <attribute name="GC Util" value="16" />
  <attribute name="CPU Util" value="35268121401568" />
  <attribute name="Time Running"value="1938"/>
  <attribute name="Number of cores"value="4"/>
<gc-start id="901" type="global" contextid="900" timestamp="2019-07-02T19:53:27.139">
  <mem-info id="902" free="129024" total="14417920" percent="0">
    <mem type="tenure" free="129024" total="14417920" percent="0">
      <mem type="soa" free="0" total="14274560" percent="0" />
      <mem type="loa" free="129024" total="143360" percent="90" />
    </mem>
  </mem-info>
</gc-start>
<allocation-stats totalBytes="10067856" >
  <allocated-bytes non-tlh="0" tlh="10067856" />
  <largest-consumer threadName="Thread-7" threadId="0000000002245900" bytes="2850360" />
</allocation-stats>
<gc-op id="903" type="mark" timems="1.999" contextid="900" timestamp="2019-07-02T19:53:27.142">
  <trace-info objectcount="68249" scancount="60702" scanbytes="2329652" />
  <finalization candidates="124" enqueued="0" />
  <ownableSynchronizers candidates="3" cleared="0" />
  <references type="soft" candidates="84" cleared="0" enqueued="0" dynamicThreshold="22" maxThreshold="32" />
  <references type="weak" candidates="776" cleared="0" enqueued="0" />
  <references type="phantom" candidates="63" cleared="0" enqueued="0" />
  <stringconstants candidates="4574" cleared="0"  />
</gc-op>
<gc-op id="904" type="sweep" timems="0.716" contextid="900" timestamp="2019-07-02T19:53:27.143" />
<heap-resize id="905" type="contract" space="tenure" amount="131072" count="1" timems="0.089" reason="excess free space following gc" timestamp="2019-07-02T19:53:27.143" />
<gc-end id="906" type="global" contextid="900" durationms="3.603" usertimems="8.000" systemtimems="0.000" timestamp="2019-07-02T19:53:27.143" activeThreads="4">
  <mem-info id="907" free="9906112" total="14286848" percent="69">
    <mem type="tenure" free="9906112" total="14286848" percent="69" micro-fragmented="33695" macro-fragmented="0">
      <mem type="soa" free="9906112" total="14144512" percent="70" />
      <mem type="loa" free="0" total="142336" percent="0" />
    </mem>
  </mem-info>
</gc-end>
<cycle-end id="908" type="global" contextid="900" timestamp="2019-07-02T19:53:27.143">
  <attribute name="GC Util" value="216" />
  <attribute name="CPU Util" value="8163786055221" />
  <attribute name="Time Running"value="1952"/>
  <attribute name="Number of cores"value="4"/>
</cycle-end>
<allocation-satisfied id="909" threadId="0000000002245900" bytesRequested="40" />
<af-end id="910" timestamp="2019-07-02T19:53:27.143" threadId="0000000002246288" success="true" />
<exclusive-end id="911" timestamp="2019-07-02T19:53:27.143" durationms="4.442" />

<exclusive-start id="912" timestamp="2019-07-02T19:53:27.151" intervalms="12.009">
  <response-info timems="0.022" idlems="0.022" threads="0" lastid="0000000002245900" lastname="Thread-7" />
</exclusive-start>
<af-start id="913" threadId="0000000002246288" totalBytesRequested="40" timestamp="2019-07-02T19:53:27.151" intervalms="11.961" />
<cycle-start id="914" type="global" contextid="0" timestamp="2019-07-02T19:53:27.151" intervalms="11.863" />
  <attribute name="GC Util" value="216" />
  <attribute name="CPU Util" value="8163786055221" />
  <attribute name="Time Running"value="1952"/>
  <attribute name="Number of cores"value="4"/>
<gc-start id="915" type="global" contextid="914" timestamp="2019-07-02T19:53:27.151">
  <mem-info id="916" free="0" total="14286848" percent="0">
    <mem type="tenure" free="0" total="14286848" percent="0">
      <mem type="soa" free="0" total="14144512" percent="0" />
      <mem type="loa" free="0" total="142336" percent="0" />
    </mem>
  </mem-info>
</gc-start>
<allocation-stats totalBytes="9900712" >
  <allocated-bytes non-tlh="0" tlh="9900712" />
  <largest-consumer threadName="Thread-7" threadId="0000000002245900" bytes="2737496" />
</allocation-stats>
<gc-op id="917" type="mark" timems="2.192" contextid="914" timestamp="2019-07-02T19:53:27.154">
  <trace-info objectcount="68720" scancount="61161" scanbytes="2340716" />
  <finalization candidates="124" enqueued="0" />
  <ownableSynchronizers candidates="3" cleared="0" />
  <references type="soft" candidates="84" cleared="0" enqueued="0" dynamicThreshold="22" maxThreshold="32" />
  <references type="weak" candidates="776" cleared="0" enqueued="0" />
  <references type="phantom" candidates="63" cleared="0" enqueued="0" />
  <stringconstants candidates="4574" cleared="0"  />
</gc-op>
<gc-op id="918" type="sweep" timems="0.741" contextid="914" timestamp="2019-07-02T19:53:27.155" />
<heap-resize id="919" type="contract" space="tenure" amount="65536" count="1" timems="0.095" reason="excess free space following gc" timestamp="2019-07-02T19:53:27.155" />
<gc-end id="920" type="global" contextid="914" durationms="3.656" usertimems="0.000" systemtimems="8.000" timestamp="2019-07-02T19:53:27.155" activeThreads="4">
  <mem-info id="921" free="9814816" total="14221312" percent="69">
    <mem type="tenure" free="9814816" total="14221312" percent="69" micro-fragmented="28265" macro-fragmented="0">
      <mem type="soa" free="9814816" total="14080000" percent="69" />
      <mem type="loa" free="0" total="141312" percent="0" />
    </mem>
  </mem-info>
</gc-end>
<cycle-end id="922" type="global" contextid="914" timestamp="2019-07-02T19:53:27.155">
  <attribute name="GC Util" value="226" />
  <attribute name="CPU Util" value="7534326660077" />
  <attribute name="Time Running"value="1964"/>
  <attribute name="Number of cores"value="4"/>
</cycle-end>
<allocation-satisfied id="923" threadId="0000000002245900" bytesRequested="40" />
<af-end id="924" timestamp="2019-07-02T19:53:27.155" threadId="0000000002246288" success="true" />
<exclusive-end id="925" timestamp="2019-07-02T19:53:27.155" durationms="4.293" />

<exclusive-start id="926" timestamp="2019-07-02T19:53:27.162" intervalms="11.413">
  <response-info timems="0.025" idlems="0.025" threads="0" lastid="000000000223A500" lastname="Thread-10" />
</exclusive-start>
<af-start id="927" threadId="000000000223AE88" totalBytesRequested="40" timestamp="2019-07-02T19:53:27.163" intervalms="11.429" />
<cycle-start id="928" type="global" contextid="0" timestamp="2019-07-02T19:53:27.163" intervalms="11.520" />
  <attribute name="GC Util" value="226" />
  <attribute name="CPU Util" value="7534326660077" />
  <attribute name="Time Running"value="1964"/>
  <attribute name="Number of cores"value="4"/>
<gc-start id="929" type="global" contextid="928" timestamp="2019-07-02T19:53:27.163">
  <mem-info id="930" free="0" total="14221312" percent="0">
    <mem type="tenure" free="0" total="14221312" percent="0">
      <mem type="soa" free="0" total="14080000" percent="0" />
      <mem type="loa" free="0" total="141312" percent="0" />
    </mem>
  </mem-info>
</gc-start>
<allocation-stats totalBytes="9803024" >
  <allocated-bytes non-tlh="0" tlh="9803024" />
  <largest-consumer threadName="Thread-7" threadId="0000000002245900" bytes="2758176" />
</allocation-stats>
<gc-op id="931" type="mark" timems="2.131" contextid="928" timestamp="2019-07-02T19:53:27.165">
  <trace-info objectcount="69492" scancount="61925" scanbytes="2359604" />
  <finalization candidates="124" enqueued="0" />
  <ownableSynchronizers candidates="3" cleared="0" />
  <references type="soft" candidates="84" cleared="0" enqueued="0" dynamicThreshold="22" maxThreshold="32" />
  <references type="weak" candidates="776" cleared="0" enqueued="0" />
  <references type="phantom" candidates="63" cleared="0" enqueued="0" />
  <stringconstants candidates="4574" cleared="0"  />
</gc-op>
<gc-op id="932" type="sweep" timems="0.786" contextid="928" timestamp="2019-07-02T19:53:27.166" />
<mem-info id="933" free="9746168" total="14221312" percent="68">
  <mem type="tenure" free="9746168" total="14221312" percent="68" micro-fragmented="36151" macro-fragmented="0">
    <mem type="soa" free="9746168" total="14080000" percent="69" />
    <mem type="loa" free="0" total="141312" percent="0" />
  </mem>
</mem-info>
<gc-op id="934" type="compact" timems="4.738" contextid="928" timestamp="2019-07-02T19:53:27.171">
  <compact-info movecount="3600" movebytes="88088" reason="compact to aid heap contraction" />
</gc-op>
<heap-resize id="935" type="contract" space="tenure" amount="131072" count="1" timems="0.077" reason="excess free space following gc" timestamp="2019-07-02T19:53:27.171" />
<gc-end id="936" type="global" contextid="928" durationms="8.620" usertimems="16.000" systemtimems="0.000" timestamp="2019-07-02T19:53:27.171" activeThreads="4">
  <mem-info id="937" free="9759808" total="14090240" percent="69">
    <mem type="tenure" free="9759808" total="14090240" percent="69">
      <mem type="soa" free="9629760" total="13949952" percent="69" />
      <mem type="loa" free="130048" total="140288" percent="92" />
    </mem>
  </mem-info>
</gc-end>
<cycle-end id="938" type="global" contextid="928" timestamp="2019-07-02T19:53:27.172">
  <attribute name="GC Util" value="142" />
  <attribute name="CPU Util" value="19108410966112" />
  <attribute name="Time Running"value="1977"/>
  <attribute name="Number of cores"value="4"/>
</cycle-end>
<allocation-satisfied id="939" threadId="000000000223A500" bytesRequested="40" />
<af-end id="940" timestamp="2019-07-02T19:53:27.172" threadId="000000000223AE88" success="true" />
<exclusive-end id="941" timestamp="2019-07-02T19:53:27.172" durationms="9.484" />

<exclusive-start id="942" timestamp="2019-07-02T19:53:27.179" intervalms="16.471">
  <response-info timems="0.047" idlems="0.047" threads="0" lastid="000000000223E100" lastname="Thread-9" />
</exclusive-start>
<af-start id="943" threadId="000000000223EA88" totalBytesRequested="40" timestamp="2019-07-02T19:53:27.179" intervalms="16.498" />
<cycle-start id="944" type="global" contextid="0" timestamp="2019-07-02T19:53:27.179" intervalms="16.454" />
  <attribute name="GC Util" value="142" />
  <attribute name="CPU Util" value="19108410966112" />
  <attribute name="Time Running"value="1977"/>
  <attribute name="Number of cores"value="4"/>
<gc-start id="945" type="global" contextid="944" timestamp="2019-07-02T19:53:27.179">
  <mem-info id="946" free="130048" total="14090240" percent="0">
    <mem type="tenure" free="130048" total="14090240" percent="0">
      <mem type="soa" free="0" total="13949952" percent="0" />
      <mem type="loa" free="130048" total="140288" percent="92" />
    </mem>
  </mem-info>
</gc-start>
<allocation-stats totalBytes="9694072" >
  <allocated-bytes non-tlh="0" tlh="9694072" />
  <largest-consumer threadName="Thread-9" threadId="000000000223E100" bytes="2588288" />
</allocation-stats>
<gc-op id="947" type="mark" timems="1.172" contextid="944" timestamp="2019-07-02T19:53:27.181">
  <trace-info objectcount="69835" scancount="62269" scanbytes="2367180" />
  <finalization candidates="124" enqueued="0" />
  <ownableSynchronizers candidates="3" cleared="0" />
  <references type="soft" candidates="84" cleared="0" enqueued="0" dynamicThreshold="22" maxThreshold="32" />
  <references type="weak" candidates="776" cleared="0" enqueued="0" />
  <references type="phantom" candidates="63" cleared="0" enqueued="0" />
  <stringconstants candidates="4574" cleared="0"  />
</gc-op>
<gc-op id="948" type="sweep" timems="0.241" contextid="944" timestamp="2019-07-02T19:53:27.181" />
<heap-resize id="949" type="contract" space="tenure" amount="131072" count="1" timems="0.084" reason="excess free space following gc" timestamp="2019-07-02T19:53:27.181" />
<gc-end id="950" type="global" contextid="944" durationms="1.879" usertimems="0.000" systemtimems="4.000" timestamp="2019-07-02T19:53:27.181" activeThreads="4">
  <mem-info id="951" free="9641184" total="13959168" percent="69">
    <mem type="tenure" free="9641184" total="13959168" percent="69" micro-fragmented="9257" macro-fragmented="0">
      <mem type="soa" free="9544584" total="13819904" percent="69" />
      <mem type="loa" free="96600" total="139264" percent="69" />
    </mem>
  </mem-info>
</gc-end>
<cycle-end id="952" type="global" contextid="944" timestamp="2019-07-02T19:53:27.181">
  <attribute name="GC Util" value="194" />
  <attribute name="CPU Util" value="15086572149862" />
  <attribute name="Time Running"value="1991"/>
  <attribute name="Number of cores"value="4"/>
</cycle-end>
<allocation-satisfied id="953" threadId="000000000223E100" bytesRequested="40" />
<af-end id="954" timestamp="2019-07-02T19:53:27.182" threadId="000000000223EA88" success="true" />
<exclusive-end id="955" timestamp="2019-07-02T19:53:27.182" durationms="2.696" />

<exclusive-start id="956" timestamp="2019-07-02T19:53:27.188" intervalms="9.562">
  <response-info timems="0.022" idlems="0.022" threads="0" lastid="000000000223E100" lastname="Thread-9" />
</exclusive-start>
<af-start id="957" threadId="000000000223EA88" totalBytesRequested="40" timestamp="2019-07-02T19:53:27.189" intervalms="9.572" />
<cycle-start id="958" type="global" contextid="0" timestamp="2019-07-02T19:53:27.189" intervalms="9.528" />
  <attribute name="GC Util" value="194" />
  <attribute name="CPU Util" value="15086572149862" />
  <attribute name="Time Running"value="1991"/>
  <attribute name="Number of cores"value="4"/>
<gc-start id="959" type="global" contextid="958" timestamp="2019-07-02T19:53:27.189">
  <mem-info id="960" free="96600" total="13959168" percent="0">
    <mem type="tenure" free="96600" total="13959168" percent="0">
      <mem type="soa" free="0" total="13819904" percent="0" />
      <mem type="loa" free="96600" total="139264" percent="69" />
    </mem>
  </mem-info>
</gc-start>
<allocation-stats totalBytes="9540576" >
  <allocated-bytes non-tlh="0" tlh="9540576" />
  <largest-consumer threadName="Thread-8" threadId="0000000002241D00" bytes="2561088" />
</allocation-stats>
<gc-op id="961" type="mark" timems="1.211" contextid="958" timestamp="2019-07-02T19:53:27.190">
  <trace-info objectcount="70556" scancount="63014" scanbytes="2384908" />
  <finalization candidates="124" enqueued="0" />
  <ownableSynchronizers candidates="3" cleared="0" />
  <references type="soft" candidates="84" cleared="0" enqueued="0" dynamicThreshold="22" maxThreshold="32" />
  <references type="weak" candidates="776" cleared="0" enqueued="0" />
  <references type="phantom" candidates="63" cleared="0" enqueued="0" />
  <stringconstants candidates="4574" cleared="0"  />
</gc-op>
<gc-op id="962" type="sweep" timems="0.286" contextid="958" timestamp="2019-07-02T19:53:27.191" />
<heap-resize id="963" type="contract" space="tenure" amount="65536" count="1" timems="0.096" reason="excess free space following gc" timestamp="2019-07-02T19:53:27.191" />
<gc-end id="964" type="global" contextid="958" durationms="2.124" usertimems="0.000" systemtimems="4.000" timestamp="2019-07-02T19:53:27.191" activeThreads="4">
  <mem-info id="965" free="9443000" total="13893632" percent="67">
    <mem type="tenure" free="9443000" total="13893632" percent="67" micro-fragmented="20263" macro-fragmented="0">
      <mem type="soa" free="9443000" total="13755392" percent="68" />
      <mem type="loa" free="0" total="138240" percent="0" />
    </mem>
  </mem-info>
</gc-end>
<cycle-end id="966" type="global" contextid="958" timestamp="2019-07-02T19:53:27.191">
  <attribute name="GC Util" value="190" />
  <attribute name="CPU Util" value="14069970236656" />
  <attribute name="Time Running"value="2001"/>
  <attribute name="Number of cores"value="4"/>
</cycle-end>
<allocation-satisfied id="967" threadId="000000000223E100" bytesRequested="40" />
<af-end id="968" timestamp="2019-07-02T19:53:27.191" threadId="000000000223EA88" success="true" />
<exclusive-end id="969" timestamp="2019-07-02T19:53:27.191" durationms="2.920" />

<exclusive-start id="970" timestamp="2019-07-02T19:53:27.198" intervalms="10.010">
  <response-info timems="0.031" idlems="0.031" threads="0" lastid="000000000223A500" lastname="Thread-10" />
</exclusive-start>
<af-start id="971" threadId="000000000223AE88" totalBytesRequested="24" timestamp="2019-07-02T19:53:27.199" intervalms="9.975" />
<cycle-start id="972" type="global" contextid="0" timestamp="2019-07-02T19:53:27.199" intervalms="10.032" />
  <attribute name="GC Util" value="190" />
  <attribute name="CPU Util" value="14069970236656" />
  <attribute name="Time Running"value="2001"/>
  <attribute name="Number of cores"value="4"/>
<gc-start id="973" type="global" contextid="972" timestamp="2019-07-02T19:53:27.199">
  <mem-info id="974" free="0" total="13893632" percent="0">
    <mem type="tenure" free="0" total="13893632" percent="0">
      <mem type="soa" free="0" total="13755392" percent="0" />
      <mem type="loa" free="0" total="138240" percent="0" />
    </mem>
  </mem-info>
</gc-start>
<allocation-stats totalBytes="9431776" >
  <allocated-bytes non-tlh="0" tlh="9431776" />
  <largest-consumer threadName="Thread-9" threadId="000000000223E100" bytes="2544656" />
</allocation-stats>
<gc-op id="975" type="mark" timems="2.161" contextid="972" timestamp="2019-07-02T19:53:27.201">
  <trace-info objectcount="71137" scancount="63561" scanbytes="2398932" />
  <finalization candidates="124" enqueued="0" />
  <ownableSynchronizers candidates="3" cleared="0" />
  <references type="soft" candidates="84" cleared="0" enqueued="0" dynamicThreshold="21" maxThreshold="32" />
  <references type="weak" candidates="776" cleared="0" enqueued="0" />
  <references type="phantom" candidates="63" cleared="0" enqueued="0" />
  <stringconstants candidates="4574" cleared="0"  />
</gc-op>
<gc-op id="976" type="sweep" timems="0.790" contextid="972" timestamp="2019-07-02T19:53:27.202" />
<mem-info id="977" free="9461944" total="13893632" percent="68">
  <mem type="tenure" free="9461944" total="13893632" percent="68" micro-fragmented="19258" macro-fragmented="0">
    <mem type="soa" free="9383216" total="13755392" percent="68" />
    <mem type="loa" free="78728" total="138240" percent="56" />
  </mem>
</mem-info>
<gc-op id="978" type="compact" timems="4.529" contextid="972" timestamp="2019-07-02T19:53:27.207">
  <compact-info movecount="3658" movebytes="89328" reason="compact to aid heap contraction" />
</gc-op>
<heap-resize id="979" type="contract" space="tenure" amount="131072" count="1" timems="0.082" reason="excess free space following gc" timestamp="2019-07-02T19:53:27.207" />
<gc-end id="980" type="global" contextid="972" durationms="8.538" usertimems="16.000" systemtimems="0.000" timestamp="2019-07-02T19:53:27.207" activeThreads="4">
  <mem-info id="981" free="9395872" total="13762560" percent="68">
    <mem type="tenure" free="9395872" total="13762560" percent="68">
      <mem type="soa" free="9265824" total="13625344" percent="68" />
      <mem type="loa" free="130048" total="137216" percent="94" />
    </mem>
  </mem-info>
</gc-end>
<cycle-end id="982" type="global" contextid="972" timestamp="2019-07-02T19:53:27.208">
  <attribute name="GC Util" value="140" />
  <attribute name="CPU Util" value="17438848338692" />
  <attribute name="Time Running"value="2013"/>
  <attribute name="Number of cores"value="4"/>
</cycle-end>
<allocation-satisfied id="983" threadId="000000000223A500" bytesRequested="24" />
<af-end id="984" timestamp="2019-07-02T19:53:27.208" threadId="000000000223AE88" success="true" />
<exclusive-end id="985" timestamp="2019-07-02T19:53:27.208" durationms="9.508" />

<exclusive-start id="986" timestamp="2019-07-02T19:53:27.215" intervalms="16.188">
  <response-info timems="0.023" idlems="0.023" threads="0" lastid="000000000223A500" lastname="Thread-10" />
</exclusive-start>
<af-start id="987" threadId="000000000223AE88" totalBytesRequested="40" timestamp="2019-07-02T19:53:27.215" intervalms="16.227" />
<cycle-start id="988" type="global" contextid="0" timestamp="2019-07-02T19:53:27.215" intervalms="16.230" />
  <attribute name="GC Util" value="140" />
  <attribute name="CPU Util" value="17438848338692" />
  <attribute name="Time Running"value="2013"/>
  <attribute name="Number of cores"value="4"/>
<gc-start id="989" type="global" contextid="988" timestamp="2019-07-02T19:53:27.215">
  <mem-info id="990" free="130048" total="13762560" percent="0">
    <mem type="tenure" free="130048" total="13762560" percent="0">
      <mem type="soa" free="0" total="13625344" percent="0" />
      <mem type="loa" free="130048" total="137216" percent="94" />
    </mem>
  </mem-info>
</gc-start>
<allocation-stats totalBytes="9330120" >
  <allocated-bytes non-tlh="0" tlh="9330120" />
  <largest-consumer threadName="Thread-9" threadId="000000000223E100" bytes="2482520" />
</allocation-stats>
<gc-op id="991" type="mark" timems="1.900" contextid="988" timestamp="2019-07-02T19:53:27.217">
  <trace-info objectcount="71859" scancount="64258" scanbytes="2416308" />
  <finalization candidates="124" enqueued="0" />
  <ownableSynchronizers candidates="3" cleared="0" />
  <references type="soft" candidates="84" cleared="0" enqueued="0" dynamicThreshold="21" maxThreshold="32" />
  <references type="weak" candidates="776" cleared="0" enqueued="0" />
  <references type="phantom" candidates="63" cleared="0" enqueued="0" />
  <stringconstants candidates="4574" cleared="0"  />
</gc-op>
<gc-op id="992" type="sweep" timems="0.711" contextid="988" timestamp="2019-07-02T19:53:27.218" />
<heap-resize id="993" type="contract" space="tenure" amount="131072" count="1" timems="0.077" reason="excess free space following gc" timestamp="2019-07-02T19:53:27.218" />
<gc-end id="994" type="global" contextid="988" durationms="3.345" usertimems="8.000" systemtimems="0.000" timestamp="2019-07-02T19:53:27.219" activeThreads="4">
  <mem-info id="995" free="9262784" total="13631488" percent="67">
    <mem type="tenure" free="9262784" total="13631488" percent="67" micro-fragmented="26171" macro-fragmented="0">
      <mem type="soa" free="9155024" total="13495296" percent="67" />
      <mem type="loa" free="107760" total="136192" percent="79" />
    </mem>
  </mem-info>
</gc-end>
<cycle-end id="996" type="global" contextid="988" timestamp="2019-07-02T19:53:27.219">
  <attribute name="GC Util" value="237" />
  <attribute name="CPU Util" value="9255613939167" />
  <attribute name="Time Running"value="2028"/>
  <attribute name="Number of cores"value="4"/>
</cycle-end>
<allocation-satisfied id="997" threadId="000000000223A500" bytesRequested="40" />
<af-end id="998" timestamp="2019-07-02T19:53:27.219" threadId="000000000223AE88" success="true" />
<exclusive-end id="999" timestamp="2019-07-02T19:53:27.219" durationms="4.201" />

<exclusive-start id="1000" timestamp="2019-07-02T19:53:27.226" intervalms="11.063">
  <response-info timems="0.023" idlems="0.023" threads="0" lastid="000000000223A500" lastname="Thread-10" />
</exclusive-start>
<af-start id="1001" threadId="000000000223AE88" totalBytesRequested="40" timestamp="2019-07-02T19:53:27.226" intervalms="11.011" />
<cycle-start id="1002" type="global" contextid="0" timestamp="2019-07-02T19:53:27.226" intervalms="10.953" />
  <attribute name="GC Util" value="237" />
  <attribute name="CPU Util" value="9255613939167" />
  <attribute name="Time Running"value="2028"/>
  <attribute name="Number of cores"value="4"/>
<gc-start id="1003" type="global" contextid="1002" timestamp="2019-07-02T19:53:27.226">
  <mem-info id="1004" free="107760" total="13631488" percent="0">
    <mem type="tenure" free="107760" total="13631488" percent="0">
      <mem type="soa" free="0" total="13495296" percent="0" />
      <mem type="loa" free="107760" total="136192" percent="79" />
    </mem>
  </mem-info>
</gc-start>
<allocation-stats totalBytes="9150160" >
  <allocated-bytes non-tlh="0" tlh="9150160" />
  <largest-consumer threadName="Thread-8" threadId="0000000002241D00" bytes="2648728" />
</allocation-stats>
<gc-op id="1005" type="mark" timems="1.986" contextid="1002" timestamp="2019-07-02T19:53:27.228">
  <trace-info objectcount="72427" scancount="64856" scanbytes="2429972" />
  <finalization candidates="124" enqueued="0" />
  <ownableSynchronizers candidates="3" cleared="0" />
  <references type="soft" candidates="84" cleared="0" enqueued="0" dynamicThreshold="21" maxThreshold="32" />
  <references type="weak" candidates="776" cleared="0" enqueued="0" />
  <references type="phantom" candidates="63" cleared="0" enqueued="0" />
  <stringconstants candidates="4574" cleared="0"  />
</gc-op>
<gc-op id="1006" type="sweep" timems="0.752" contextid="1002" timestamp="2019-07-02T19:53:27.229" />
<mem-info id="1007" free="9237192" total="13631488" percent="67">
  <mem type="tenure" free="9237192" total="13631488" percent="67" micro-fragmented="22284" macro-fragmented="0">
    <mem type="soa" free="9124128" total="13495296" percent="67" />
    <mem type="loa" free="113064" total="136192" percent="83" />
  </mem>
</mem-info>
<gc-op id="1008" type="compact" timems="4.024" contextid="1002" timestamp="2019-07-02T19:53:27.233">
  <compact-info movecount="3261" movebytes="79880" reason="compact to aid heap contraction" />
</gc-op>
<heap-resize id="1009" type="contract" space="tenure" amount="131072" count="1" timems="0.081" reason="excess free space following gc" timestamp="2019-07-02T19:53:27.233" />
<gc-end id="1010" type="global" contextid="1002" durationms="7.474" usertimems="16.000" systemtimems="0.000" timestamp="2019-07-02T19:53:27.234" activeThreads="4">
  <mem-info id="1011" free="9104736" total="13500416" percent="67">
    <mem type="tenure" free="9104736" total="13500416" percent="67">
      <mem type="soa" free="8975712" total="13366272" percent="67" />
      <mem type="loa" free="129024" total="134144" percent="96" />
    </mem>
  </mem-info>
</gc-end>
<cycle-end id="1012" type="global" contextid="1002" timestamp="2019-07-02T19:53:27.234">
  <attribute name="GC Util" value="175" />
  <attribute name="CPU Util" value="21594561676134" />
  <attribute name="Time Running"value="2039"/>
  <attribute name="Number of cores"value="4"/>
</cycle-end>
<allocation-satisfied id="1013" threadId="000000000223A500" bytesRequested="40" />
<af-end id="1014" timestamp="2019-07-02T19:53:27.234" threadId="000000000223AE88" success="true" />
<exclusive-end id="1015" timestamp="2019-07-02T19:53:27.234" durationms="8.367" />

<exclusive-start id="1016" timestamp="2019-07-02T19:53:27.246" intervalms="19.922">
  <response-info timems="3.249" idlems="1.633" threads="1" lastid="0000000002245900" lastname="Thread-7" />
</exclusive-start>
<af-start id="1017" threadId="000000000223AE88" totalBytesRequested="40" timestamp="2019-07-02T19:53:27.246" intervalms="19.962" />
<cycle-start id="1018" type="global" contextid="0" timestamp="2019-07-02T19:53:27.246" intervalms="20.004" />
  <attribute name="GC Util" value="175" />
  <attribute name="CPU Util" value="21594561676134" />
  <attribute name="Time Running"value="2039"/>
  <attribute name="Number of cores"value="4"/>
<gc-start id="1019" type="global" contextid="1018" timestamp="2019-07-02T19:53:27.246">
  <mem-info id="1020" free="129024" total="13500416" percent="0">
    <mem type="tenure" free="129024" total="13500416" percent="0">
      <mem type="soa" free="0" total="13366272" percent="0" />
      <mem type="loa" free="129024" total="134144" percent="96" />
    </mem>
  </mem-info>
</gc-start>
<allocation-stats totalBytes="9039992" >
  <allocated-bytes non-tlh="0" tlh="9039992" />
  <largest-consumer threadName="Thread-9" threadId="000000000223E100" bytes="2981504" />
</allocation-stats>
<gc-op id="1021" type="mark" timems="2.166" contextid="1018" timestamp="2019-07-02T19:53:27.249">
  <trace-info objectcount="72913" scancount="65334" scanbytes="2441468" />
  <finalization candidates="124" enqueued="0" />
  <ownableSynchronizers candidates="3" cleared="0" />
  <references type="soft" candidates="84" cleared="0" enqueued="0" dynamicThreshold="21" maxThreshold="32" />
  <references type="weak" candidates="776" cleared="0" enqueued="0" />
  <references type="phantom" candidates="63" cleared="0" enqueued="0" />
  <stringconstants candidates="4574" cleared="0"  />
</gc-op>
<gc-op id="1022" type="sweep" timems="0.738" contextid="1018" timestamp="2019-07-02T19:53:27.249" />
<heap-resize id="1023" type="contract" space="tenure" amount="131072" count="1" timems="0.092" reason="excess free space following gc" timestamp="2019-07-02T19:53:27.250" />
<gc-end id="1024" type="global" contextid="1018" durationms="3.595" usertimems="8.000" systemtimems="0.000" timestamp="2019-07-02T19:53:27.250" activeThreads="4">
  <mem-info id="1025" free="8965536" total="13369344" percent="67">
    <mem type="tenure" free="8965536" total="13369344" percent="67" micro-fragmented="9266" macro-fragmented="0">
      <mem type="soa" free="8871304" total="13236224" percent="67" />
      <mem type="loa" free="94232" total="133120" percent="70" />
    </mem>
  </mem-info>
</gc-end>
<cycle-end id="1026" type="global" contextid="1018" timestamp="2019-07-02T19:53:27.250">
  <attribute name="GC Util" value="250" />
  <attribute name="CPU Util" value="8197281405639" />
  <attribute name="Time Running"value="2059"/>
  <attribute name="Number of cores"value="4"/>
</cycle-end>
<allocation-satisfied id="1027" threadId="000000000223A500" bytesRequested="40" />
<af-end id="1028" timestamp="2019-07-02T19:53:27.250" threadId="000000000223AE88" success="true" />
<exclusive-end id="1029" timestamp="2019-07-02T19:53:27.250" durationms="4.300" />

<exclusive-start id="1030" timestamp="2019-07-02T19:53:27.259" intervalms="12.856">
  <response-info timems="0.025" idlems="0.025" threads="0" lastid="000000000223A500" lastname="Thread-10" />
</exclusive-start>
<af-start id="1031" threadId="000000000223AE88" totalBytesRequested="40" timestamp="2019-07-02T19:53:27.259" intervalms="12.811" />
<cycle-start id="1032" type="global" contextid="0" timestamp="2019-07-02T19:53:27.259" intervalms="12.764" />
  <attribute name="GC Util" value="250" />
  <attribute name="CPU Util" value="8197281405639" />
  <attribute name="Time Running"value="2059"/>
  <attribute name="Number of cores"value="4"/>
<gc-start id="1033" type="global" contextid="1032" timestamp="2019-07-02T19:53:27.259">
  <mem-info id="1034" free="94232" total="13369344" percent="0">
    <mem type="tenure" free="94232" total="13369344" percent="0">
      <mem type="soa" free="0" total="13236224" percent="0" />
      <mem type="loa" free="94232" total="133120" percent="70" />
    </mem>
  </mem-info>
</gc-start>
<allocation-stats totalBytes="8867328" >
  <allocated-bytes non-tlh="0" tlh="8867328" />
  <largest-consumer threadName="Thread-8" threadId="0000000002241D00" bytes="3132200" />
</allocation-stats>
<gc-op id="1035" type="mark" timems="2.347" contextid="1032" timestamp="2019-07-02T19:53:27.261">
  <trace-info objectcount="73647" scancount="66076" scanbytes="2459308" />
  <finalization candidates="124" enqueued="0" />
  <ownableSynchronizers candidates="3" cleared="0" />
  <references type="soft" candidates="84" cleared="0" enqueued="0" dynamicThreshold="21" maxThreshold="32" />
  <references type="weak" candidates="776" cleared="0" enqueued="0" />
  <references type="phantom" candidates="63" cleared="0" enqueued="0" />
  <stringconstants candidates="4574" cleared="0"  />
</gc-op>
<gc-op id="1036" type="sweep" timems="0.615" contextid="1032" timestamp="2019-07-02T19:53:27.262" />
<mem-info id="1037" free="8928240" total="13369344" percent="66">
  <mem type="tenure" free="8928240" total="13369344" percent="66" micro-fragmented="21046" macro-fragmented="0">
    <mem type="soa" free="8820968" total="13236224" percent="66" />
    <mem type="loa" free="107272" total="133120" percent="80" />
  </mem>
</mem-info>
<gc-op id="1038" type="compact" timems="4.254" contextid="1032" timestamp="2019-07-02T19:53:27.266">
  <compact-info movecount="2642" movebytes="65080" reason="compact to aid heap contraction" />
</gc-op>
<heap-resize id="1039" type="contract" space="tenure" amount="131072" count="1" timems="0.070" reason="excess free space following gc" timestamp="2019-07-02T19:53:27.267" />
<gc-end id="1040" type="global" contextid="1032" durationms="7.999" usertimems="16.000" systemtimems="4.000" timestamp="2019-07-02T19:53:27.267" activeThreads="4">
  <mem-info id="1041" free="8816328" total="13238272" percent="66">
    <mem type="tenure" free="8816328" total="13238272" percent="66">
      <mem type="soa" free="8686280" total="13106176" percent="66" />
      <mem type="loa" free="130048" total="132096" percent="98" />
    </mem>
  </mem-info>
</gc-end>
<cycle-end id="1042" type="global" contextid="1032" timestamp="2019-07-02T19:53:27.267">
  <attribute name="GC Util" value="125" />
  <attribute name="CPU Util" value="23320405622871" />
  <attribute name="Time Running"value="2073"/>
  <attribute name="Number of cores"value="4"/>
</cycle-end>
<allocation-satisfied id="1043" threadId="000000000223A500" bytesRequested="40" />
<af-end id="1044" timestamp="2019-07-02T19:53:27.267" threadId="000000000223AE88" success="true" />
<exclusive-end id="1045" timestamp="2019-07-02T19:53:27.267" durationms="8.607" />

<exclusive-start id="1046" timestamp="2019-07-02T19:53:27.275" intervalms="16.878">
  <response-info timems="0.025" idlems="0.025" threads="0" lastid="000000000223A500" lastname="Thread-10" />
</exclusive-start>
<af-start id="1047" threadId="000000000223AE88" totalBytesRequested="40" timestamp="2019-07-02T19:53:27.276" intervalms="16.883" />
<cycle-start id="1048" type="global" contextid="0" timestamp="2019-07-02T19:53:27.276" intervalms="16.884" />
  <attribute name="GC Util" value="125" />
  <attribute name="CPU Util" value="23320405622871" />
  <attribute name="Time Running"value="2073"/>
  <attribute name="Number of cores"value="4"/>
<gc-start id="1049" type="global" contextid="1048" timestamp="2019-07-02T19:53:27.276">
  <mem-info id="1050" free="130048" total="13238272" percent="0">
    <mem type="tenure" free="130048" total="13238272" percent="0">
      <mem type="soa" free="0" total="13106176" percent="0" />
      <mem type="loa" free="130048" total="132096" percent="98" />
    </mem>
  </mem-info>
</gc-start>
<allocation-stats totalBytes="8750520" >
  <allocated-bytes non-tlh="0" tlh="8750520" />
  <largest-consumer threadName="Thread-8" threadId="0000000002241D00" bytes="2939184" />
</allocation-stats>
<gc-op id="1051" type="mark" timems="2.125" contextid="1048" timestamp="2019-07-02T19:53:27.278">
  <trace-info objectcount="74300" scancount="66728" scanbytes="2474692" />
  <finalization candidates="124" enqueued="0" />
  <ownableSynchronizers candidates="3" cleared="0" />
  <references type="soft" candidates="84" cleared="0" enqueued="0" dynamicThreshold="21" maxThreshold="32" />
  <references type="weak" candidates="776" cleared="0" enqueued="0" />
  <references type="phantom" candidates="63" cleared="0" enqueued="0" />
  <stringconstants candidates="4574" cleared="0"  />
</gc-op>
<gc-op id="1052" type="sweep" timems="0.715" contextid="1048" timestamp="2019-07-02T19:53:27.279" />
<heap-resize id="1053" type="contract" space="tenure" amount="131072" count="1" timems="0.089" reason="excess free space following gc" timestamp="2019-07-02T19:53:27.279" />
<gc-end id="1054" type="global" contextid="1048" durationms="3.442" usertimems="12.000" systemtimems="0.000" timestamp="2019-07-02T19:53:27.279" activeThreads="4">
  <mem-info id="1055" free="8577560" total="13107200" percent="65">
    <mem type="tenure" free="8577560" total="13107200" percent="65" micro-fragmented="0" macro-fragmented="0">
      <mem type="soa" free="8577560" total="12976128" percent="66" />
      <mem type="loa" free="0" total="131072" percent="0" />
    </mem>
  </mem-info>
</gc-end>
<cycle-end id="1056" type="global" contextid="1048" timestamp="2019-07-02T19:53:27.279">
  <attribute name="GC Util" value="251" />
  <attribute name="CPU Util" value="8301480180112" />
  <attribute name="Time Running"value="2088"/>
  <attribute name="Number of cores"value="4"/>
</cycle-end>
<allocation-satisfied id="1057" threadId="000000000223A500" bytesRequested="40" />
<af-end id="1058" timestamp="2019-07-02T19:53:27.280" threadId="000000000223AE88" success="true" />
<exclusive-end id="1059" timestamp="2019-07-02T19:53:27.280" durationms="4.198" />

<exclusive-start id="1060" timestamp="2019-07-02T19:53:27.290" intervalms="14.500">
  <response-info timems="0.981" idlems="0.498" threads="1" lastid="0000000002245900" lastname="Thread-7" />
</exclusive-start>
<af-start id="1061" threadId="000000000223AE88" totalBytesRequested="40" timestamp="2019-07-02T19:53:27.290" intervalms="14.581" />
<cycle-start id="1062" type="global" contextid="0" timestamp="2019-07-02T19:53:27.290" intervalms="14.686" />
  <attribute name="GC Util" value="251" />
  <attribute name="CPU Util" value="8301480180112" />
  <attribute name="Time Running"value="2088"/>
  <attribute name="Number of cores"value="4"/>
<gc-start id="1063" type="global" contextid="1062" timestamp="2019-07-02T19:53:27.290">
  <mem-info id="1064" free="0" total="13107200" percent="0">
    <mem type="tenure" free="0" total="13107200" percent="0">
      <mem type="soa" free="0" total="12976128" percent="0" />
      <mem type="loa" free="0" total="131072" percent="0" />
    </mem>
  </mem-info>
</gc-start>
<allocation-stats totalBytes="8573208" >
  <allocated-bytes non-tlh="0" tlh="8573208" />
  <largest-consumer threadName="Thread-8" threadId="0000000002241D00" bytes="2934064" />
</allocation-stats>
<gc-op id="1065" type="mark" timems="2.460" contextid="1062" timestamp="2019-07-02T19:53:27.293">
  <trace-info objectcount="69950" scancount="62386" scanbytes="2370316" />
  <finalization candidates="124" enqueued="0" />
  <ownableSynchronizers candidates="3" cleared="0" />
  <references type="soft" candidates="84" cleared="0" enqueued="0" dynamicThreshold="20" maxThreshold="32" />
  <references type="weak" candidates="776" cleared="0" enqueued="0" />
  <references type="phantom" candidates="63" cleared="0" enqueued="0" />
  <stringconstants candidates="4574" cleared="0"  />
</gc-op>
<gc-op id="1066" type="sweep" timems="0.734" contextid="1062" timestamp="2019-07-02T19:53:27.294" />
<mem-info id="1067" free="8602272" total="13107200" percent="65">
  <mem type="tenure" free="8602272" total="13107200" percent="65" micro-fragmented="88721" macro-fragmented="0">
    <mem type="soa" free="8602272" total="12976128" percent="66" />
    <mem type="loa" free="0" total="131072" percent="0" />
  </mem>
</mem-info>
<gc-op id="1068" type="compact" timems="6.318" contextid="1062" timestamp="2019-07-02T19:53:27.301">
  <compact-info movecount="30197" movebytes="1275640" reason="compact to aid heap contraction" />
</gc-op>
<heap-resize id="1069" type="contract" space="tenure" amount="65536" count="1" timems="0.077" reason="excess free space following gc" timestamp="2019-07-02T19:53:27.301" />
<gc-end id="1070" type="global" contextid="1062" durationms="10.587" usertimems="24.000" systemtimems="0.000" timestamp="2019-07-02T19:53:27.301" activeThreads="4">
  <mem-info id="1071" free="8646248" total="13041664" percent="66">
    <mem type="tenure" free="8646248" total="13041664" percent="66">
      <mem type="soa" free="8580712" total="12911616" percent="66" />
      <mem type="loa" free="65536" total="130048" percent="50" />
    </mem>
  </mem-info>
</gc-end>
<cycle-end id="1072" type="global" contextid="1062" timestamp="2019-07-02T19:53:27.301">
  <attribute name="GC Util" value="147" />
  <attribute name="CPU Util" value="18693630792577" />
  <attribute name="Time Running"value="2105"/>
  <attribute name="Number of cores"value="4"/>
</cycle-end>
<allocation-satisfied id="1073" threadId="000000000223A500" bytesRequested="40" />
<af-end id="1074" timestamp="2019-07-02T19:53:27.301" threadId="000000000223AE88" success="true" />
<exclusive-end id="1075" timestamp="2019-07-02T19:53:27.301" durationms="11.462" />

<exclusive-start id="1076" timestamp="2019-07-02T19:53:27.307" intervalms="16.676">
  <response-info timems="0.021" idlems="0.021" threads="0" lastid="000000000223A500" lastname="Thread-10" />
</exclusive-start>
<af-start id="1077" threadId="000000000223AE88" totalBytesRequested="24" timestamp="2019-07-02T19:53:27.307" intervalms="16.593" />
<cycle-start id="1078" type="global" contextid="0" timestamp="2019-07-02T19:53:27.307" intervalms="16.529" />
  <attribute name="GC Util" value="147" />
  <attribute name="CPU Util" value="18693630792577" />
  <attribute name="Time Running"value="2105"/>
  <attribute name="Number of cores"value="4"/>
<gc-start id="1079" type="global" contextid="1078" timestamp="2019-07-02T19:53:27.307">
  <mem-info id="1080" free="65536" total="13041664" percent="0">
    <mem type="tenure" free="65536" total="13041664" percent="0">
      <mem type="soa" free="0" total="12911616" percent="0" />
      <mem type="loa" free="65536" total="130048" percent="50" />
    </mem>
  </mem-info>
</gc-start>
<allocation-stats totalBytes="8644920" >
  <allocated-bytes non-tlh="0" tlh="8644920" />
  <largest-consumer threadName="Thread-10" threadId="000000000223A500" bytes="2981416" />
</allocation-stats>
<gc-op id="1081" type="mark" timems="2.185" contextid="1078" timestamp="2019-07-02T19:53:27.309">
  <trace-info objectcount="71463" scancount="63885" scanbytes="2406908" />
  <finalization candidates="124" enqueued="0" />
  <ownableSynchronizers candidates="3" cleared="0" />
  <references type="soft" candidates="84" cleared="0" enqueued="0" dynamicThreshold="21" maxThreshold="32" />
  <references type="weak" candidates="776" cleared="0" enqueued="0" />
  <references type="phantom" candidates="63" cleared="0" enqueued="0" />
  <stringconstants candidates="4574" cleared="0"  />
</gc-op>
<gc-op id="1082" type="sweep" timems="0.707" contextid="1078" timestamp="2019-07-02T19:53:27.310" />
<heap-resize id="1083" type="contract" space="tenure" amount="65536" count="1" timems="0.038" reason="excess free space following gc" timestamp="2019-07-02T19:53:27.310" />
<gc-end id="1084" type="global" contextid="1078" durationms="3.435" usertimems="8.000" systemtimems="0.000" timestamp="2019-07-02T19:53:27.310" activeThreads="4">
  <mem-info id="1085" free="8506024" total="12976128" percent="65">
    <mem type="tenure" free="8506024" total="12976128" percent="65" micro-fragmented="45850" macro-fragmented="0">
      <mem type="soa" free="8506024" total="12847104" percent="66" />
      <mem type="loa" free="0" total="129024" percent="0" />
    </mem>
  </mem-info>
</gc-end>
<cycle-end id="1086" type="global" contextid="1078" timestamp="2019-07-02T19:53:27.310">
  <attribute name="GC Util" value="241" />
  <attribute name="CPU Util" value="8106121492072" />
  <attribute name="Time Running"value="2120"/>
  <attribute name="Number of cores"value="4"/>
</cycle-end>
<allocation-satisfied id="1087" threadId="000000000223A500" bytesRequested="24" />
<af-end id="1088" timestamp="2019-07-02T19:53:27.311" threadId="000000000223AE88" success="true" />
<exclusive-end id="1089" timestamp="2019-07-02T19:53:27.311" durationms="4.068" />

<exclusive-start id="1090" timestamp="2019-07-02T19:53:27.318" intervalms="11.443">
  <response-info timems="1.017" idlems="0.535" threads="1" lastid="000000000223E100" lastname="Thread-9" />
</exclusive-start>
<af-start id="1091" threadId="0000000002246288" totalBytesRequested="40" timestamp="2019-07-02T19:53:27.318" intervalms="11.522" />
<cycle-start id="1092" type="global" contextid="0" timestamp="2019-07-02T19:53:27.318" intervalms="11.584" />
  <attribute name="GC Util" value="241" />
  <attribute name="CPU Util" value="8106121492072" />
  <attribute name="Time Running"value="2120"/>
  <attribute name="Number of cores"value="4"/>
<gc-start id="1093" type="global" contextid="1092" timestamp="2019-07-02T19:53:27.319">
  <mem-info id="1094" free="0" total="12976128" percent="0">
    <mem type="tenure" free="0" total="12976128" percent="0">
      <mem type="soa" free="0" total="12847104" percent="0" />
      <mem type="loa" free="0" total="129024" percent="0" />
    </mem>
  </mem-info>
</gc-start>
<allocation-stats totalBytes="8500712" >
  <allocated-bytes non-tlh="0" tlh="8500712" />
  <largest-consumer threadName="Thread-10" threadId="000000000223A500" bytes="3607544" />
</allocation-stats>
<gc-op id="1095" type="mark" timems="1.976" contextid="1092" timestamp="2019-07-02T19:53:27.321">
  <trace-info objectcount="72516" scancount="64945" scanbytes="2431836" />
  <finalization candidates="124" enqueued="0" />
  <ownableSynchronizers candidates="3" cleared="0" />
  <references type="soft" candidates="84" cleared="0" enqueued="0" dynamicThreshold="20" maxThreshold="32" />
  <references type="weak" candidates="776" cleared="0" enqueued="0" />
  <references type="phantom" candidates="63" cleared="0" enqueued="0" />
  <stringconstants candidates="4574" cleared="0"  />
</gc-op>
<gc-op id="1096" type="sweep" timems="0.934" contextid="1092" timestamp="2019-07-02T19:53:27.322" />
<heap-resize id="1097" type="contract" space="tenure" amount="65536" count="1" timems="0.103" reason="excess free space following gc" timestamp="2019-07-02T19:53:27.322" />
<gc-end id="1098" type="global" contextid="1092" durationms="3.668" usertimems="4.000" systemtimems="4.000" timestamp="2019-07-02T19:53:27.322" activeThreads="4">
  <mem-info id="1099" free="8402984" total="12910592" percent="65">
    <mem type="tenure" free="8402984" total="12910592" percent="65" micro-fragmented="36109" macro-fragmented="0">
      <mem type="soa" free="8402984" total="12781568" percent="65" />
      <mem type="loa" free="0" total="129024" percent="0" />
    </mem>
  </mem-info>
</gc-end>
<cycle-end id="1100" type="global" contextid="1092" timestamp="2019-07-02T19:53:27.322">
  <attribute name="GC Util" value="241" />
  <attribute name="CPU Util" value="8768201511466" />
  <attribute name="Time Running"value="2131"/>
  <attribute name="Number of cores"value="4"/>
</cycle-end>
<allocation-satisfied id="1101" threadId="0000000002245900" bytesRequested="40" />
<af-end id="1102" timestamp="2019-07-02T19:53:27.323" threadId="0000000002246288" success="true" />
<exclusive-end id="1103" timestamp="2019-07-02T19:53:27.323" durationms="4.735" />

<exclusive-start id="1104" timestamp="2019-07-02T19:53:27.328" intervalms="10.337">
  <response-info timems="0.025" idlems="0.024" threads="1" lastid="000000000223E100" lastname="Thread-9" />
</exclusive-start>
<af-start id="1105" threadId="0000000002242688" totalBytesRequested="40" timestamp="2019-07-02T19:53:27.328" intervalms="10.258" />
<cycle-start id="1106" type="global" contextid="0" timestamp="2019-07-02T19:53:27.329" intervalms="10.155" />
  <attribute name="GC Util" value="241" />
  <attribute name="CPU Util" value="8768201511466" />
  <attribute name="Time Running"value="2131"/>
  <attribute name="Number of cores"value="4"/>
<gc-start id="1107" type="global" contextid="1106" timestamp="2019-07-02T19:53:27.329">
  <mem-info id="1108" free="0" total="12910592" percent="0">
    <mem type="tenure" free="0" total="12910592" percent="0">
      <mem type="soa" free="0" total="12781568" percent="0" />
      <mem type="loa" free="0" total="129024" percent="0" />
    </mem>
  </mem-info>
</gc-start>
<allocation-stats totalBytes="8391224" >
  <allocated-bytes non-tlh="0" tlh="8391224" />
  <largest-consumer threadName="Thread-10" threadId="000000000223A500" bytes="2745128" />
</allocation-stats>
<gc-op id="1109" type="mark" timems="2.434" contextid="1106" timestamp="2019-07-02T19:53:27.331">
  <trace-info objectcount="73471" scancount="65897" scanbytes="2454516" />
  <finalization candidates="124" enqueued="0" />
  <ownableSynchronizers candidates="3" cleared="0" />
  <references type="soft" candidates="84" cleared="0" enqueued="0" dynamicThreshold="20" maxThreshold="32" />
  <references type="weak" candidates="776" cleared="0" enqueued="0" />
  <references type="phantom" candidates="63" cleared="0" enqueued="0" />
  <stringconstants candidates="4574" cleared="0"  />
</gc-op>
<gc-op id="1110" type="sweep" timems="0.774" contextid="1106" timestamp="2019-07-02T19:53:27.332" />
<heap-resize id="1111" type="contract" space="tenure" amount="65536" count="1" timems="0.101" reason="excess free space following gc" timestamp="2019-07-02T19:53:27.332" />
<gc-end id="1112" type="global" contextid="1106" durationms="3.685" usertimems="8.000" systemtimems="0.000" timestamp="2019-07-02T19:53:27.332" activeThreads="4">
  <mem-info id="1113" free="8264160" total="12845056" percent="64">
    <mem type="tenure" free="8264160" total="12845056" percent="64" micro-fragmented="32908" macro-fragmented="0">
      <mem type="soa" free="8264160" total="12717056" percent="64" />
      <mem type="loa" free="0" total="128000" percent="0" />
    </mem>
  </mem-info>
</gc-end>
<cycle-end id="1114" type="global" contextid="1106" timestamp="2019-07-02T19:53:27.332">
  <attribute name="GC Util" value="240" />
  <attribute name="CPU Util" value="7319436517633" />
  <attribute name="Time Running"value="2142"/>
  <attribute name="Number of cores"value="4"/>
</cycle-end>
<allocation-satisfied id="1115" threadId="0000000002241D00" bytesRequested="40" />
<af-end id="1116" timestamp="2019-07-02T19:53:27.333" threadId="0000000002242688" success="true" />
<exclusive-end id="1117" timestamp="2019-07-02T19:53:27.333" durationms="4.278" />

<exclusive-start id="1118" timestamp="2019-07-02T19:53:27.339" intervalms="10.924">
  <response-info timems="0.024" idlems="0.024" threads="0" lastid="0000000002241D00" lastname="Thread-8" />
</exclusive-start>
<af-start id="1119" threadId="0000000002242688" totalBytesRequested="40" timestamp="2019-07-02T19:53:27.339" intervalms="10.917" />
<cycle-start id="1120" type="global" contextid="0" timestamp="2019-07-02T19:53:27.339" intervalms="10.911" />
  <attribute name="GC Util" value="240" />
  <attribute name="CPU Util" value="7319436517633" />
  <attribute name="Time Running"value="2142"/>
  <attribute name="Number of cores"value="4"/>
<gc-start id="1121" type="global" contextid="1120" timestamp="2019-07-02T19:53:27.340">
  <mem-info id="1122" free="0" total="12845056" percent="0">
    <mem type="tenure" free="0" total="12845056" percent="0">
      <mem type="soa" free="0" total="12717056" percent="0" />
      <mem type="loa" free="0" total="128000" percent="0" />
    </mem>
  </mem-info>
</gc-start>
<allocation-stats totalBytes="8247680" >
  <allocated-bytes non-tlh="0" tlh="8247680" />
  <largest-consumer threadName="Thread-10" threadId="000000000223A500" bytes="3087656" />
</allocation-stats>
<gc-op id="1123" type="mark" timems="2.203" contextid="1120" timestamp="2019-07-02T19:53:27.342">
  <trace-info objectcount="74200" scancount="66627" scanbytes="2472156" />
  <finalization candidates="124" enqueued="0" />
  <ownableSynchronizers candidates="3" cleared="0" />
  <references type="soft" candidates="84" cleared="0" enqueued="0" dynamicThreshold="20" maxThreshold="32" />
  <references type="weak" candidates="776" cleared="0" enqueued="0" />
  <references type="phantom" candidates="63" cleared="0" enqueued="0" />
  <stringconstants candidates="4574" cleared="0"  />
</gc-op>
<gc-op id="1124" type="sweep" timems="0.840" contextid="1120" timestamp="2019-07-02T19:53:27.343" />
<mem-info id="1125" free="8187688" total="12845056" percent="63">
  <mem type="tenure" free="8187688" total="12845056" percent="63" micro-fragmented="51055" macro-fragmented="0">
    <mem type="soa" free="8187688" total="12717056" percent="64" />
    <mem type="loa" free="0" total="128000" percent="0" />
  </mem>
</mem-info>
<gc-op id="1126" type="compact" timems="4.735" contextid="1120" timestamp="2019-07-02T19:53:27.348">
  <compact-info movecount="10321" movebytes="386328" reason="compact to aid heap contraction" />
</gc-op>
<heap-resize id="1127" type="contract" space="tenure" amount="65536" count="1" timems="0.061" reason="excess free space following gc" timestamp="2019-07-02T19:53:27.348" />
<gc-end id="1128" type="global" contextid="1120" durationms="8.363" usertimems="24.000" systemtimems="0.000" timestamp="2019-07-02T19:53:27.348" activeThreads="4">
  <mem-info id="1129" free="8219800" total="12779520" percent="64">
    <mem type="tenure" free="8219800" total="12779520" percent="64">
      <mem type="soa" free="8219800" total="12652544" percent="64" />
      <mem type="loa" free="0" total="126976" percent="0" />
    </mem>
  </mem-info>
</gc-end>
<cycle-end id="1130" type="global" contextid="1120" timestamp="2019-07-02T19:53:27.348">
  <attribute name="GC Util" value="150" />
  <attribute name="CPU Util" value="18409850665953" />
  <attribute name="Time Running"value="2153"/>
  <attribute name="Number of cores"value="4"/>
</cycle-end>
<allocation-satisfied id="1131" threadId="0000000002241D00" bytesRequested="40" />
<af-end id="1132" timestamp="2019-07-02T19:53:27.348" threadId="0000000002242688" success="true" />
<exclusive-end id="1133" timestamp="2019-07-02T19:53:27.348" durationms="8.934" />

<exclusive-start id="1134" timestamp="2019-07-02T19:53:27.354" intervalms="15.091">
  <response-info timems="0.029" idlems="0.029" threads="0" lastid="000000000223A500" lastname="Thread-10" />
</exclusive-start>
<af-start id="1135" threadId="000000000223AE88" totalBytesRequested="40" timestamp="2019-07-02T19:53:27.354" intervalms="15.079" />
<cycle-start id="1136" type="global" contextid="0" timestamp="2019-07-02T19:53:27.355" intervalms="15.093" />
  <attribute name="GC Util" value="150" />
  <attribute name="CPU Util" value="18409850665953" />
  <attribute name="Time Running"value="2153"/>
  <attribute name="Number of cores"value="4"/>
<gc-start id="1137" type="global" contextid="1136" timestamp="2019-07-02T19:53:27.355">
  <mem-info id="1138" free="0" total="12779520" percent="0">
    <mem type="tenure" free="0" total="12779520" percent="0">
      <mem type="soa" free="0" total="12652544" percent="0" />
      <mem type="loa" free="0" total="126976" percent="0" />
    </mem>
  </mem-info>
</gc-start>
<allocation-stats totalBytes="8284096" >
  <allocated-bytes non-tlh="0" tlh="8284096" />
  <largest-consumer threadName="Thread-10" threadId="000000000223A500" bytes="2719392" />
</allocation-stats>
<gc-op id="1139" type="mark" timems="2.231" contextid="1136" timestamp="2019-07-02T19:53:27.357">
  <trace-info objectcount="74816" scancount="67235" scanbytes="2486612" />
  <finalization candidates="124" enqueued="0" />
  <ownableSynchronizers candidates="3" cleared="0" />
  <references type="soft" candidates="84" cleared="0" enqueued="0" dynamicThreshold="20" maxThreshold="32" />
  <references type="weak" candidates="776" cleared="0" enqueued="0" />
  <references type="phantom" candidates="63" cleared="0" enqueued="0" />
  <stringconstants candidates="4574" cleared="0"  />
</gc-op>
<gc-op id="1140" type="sweep" timems="0.736" contextid="1136" timestamp="2019-07-02T19:53:27.358" />
<heap-resize id="1141" type="contract" space="tenure" amount="65536" count="1" timems="0.087" reason="excess free space following gc" timestamp="2019-07-02T19:53:27.358" />
<gc-end id="1142" type="global" contextid="1136" durationms="3.701" usertimems="12.000" systemtimems="0.000" timestamp="2019-07-02T19:53:27.358" activeThreads="4">
  <mem-info id="1143" free="8184888" total="12713984" percent="64">
    <mem type="tenure" free="8184888" total="12713984" percent="64" micro-fragmented="11795" macro-fragmented="0">
      <mem type="soa" free="8184888" total="12587008" percent="65" />
      <mem type="loa" free="0" total="126976" percent="0" />
    </mem>
  </mem-info>
</gc-end>
<cycle-end id="1144" type="global" contextid="1136" timestamp="2019-07-02T19:53:27.359">
  <attribute name="GC Util" value="226" />
  <attribute name="CPU Util" value="7931927324000" />
  <attribute name="Time Running"value="2168"/>
  <attribute name="Number of cores"value="4"/>
</cycle-end>
<allocation-satisfied id="1145" threadId="000000000223A500" bytesRequested="40" />
<af-end id="1146" timestamp="2019-07-02T19:53:27.359" threadId="000000000223AE88" success="true" />
<exclusive-end id="1147" timestamp="2019-07-02T19:53:27.359" durationms="4.491" />

<exclusive-start id="1148" timestamp="2019-07-02T19:53:27.365" intervalms="10.130">
  <response-info timems="0.119" idlems="0.068" threads="1" lastid="000000000223E100" lastname="Thread-9" />
</exclusive-start>
<af-start id="1149" threadId="000000000223AE88" totalBytesRequested="40" timestamp="2019-07-02T19:53:27.365" intervalms="10.154" />
<cycle-start id="1150" type="global" contextid="0" timestamp="2019-07-02T19:53:27.365" intervalms="10.200" />
  <attribute name="GC Util" value="226" />
  <attribute name="CPU Util" value="7931927324000" />
  <attribute name="Time Running"value="2168"/>
  <attribute name="Number of cores"value="4"/>
<gc-start id="1151" type="global" contextid="1150" timestamp="2019-07-02T19:53:27.365">
  <mem-info id="1152" free="0" total="12713984" percent="0">
    <mem type="tenure" free="0" total="12713984" percent="0">
      <mem type="soa" free="0" total="12587008" percent="0" />
      <mem type="loa" free="0" total="126976" percent="0" />
    </mem>
  </mem-info>
</gc-start>
<allocation-stats totalBytes="8180720" >
  <allocated-bytes non-tlh="0" tlh="8180720" />
  <largest-consumer threadName="Thread-10" threadId="000000000223A500" bytes="2639288" />
</allocation-stats>
<gc-op id="1153" type="mark" timems="2.274" contextid="1150" timestamp="2019-07-02T19:53:27.367">
  <trace-info objectcount="75674" scancount="68107" scanbytes="2508092" />
  <finalization candidates="124" enqueued="0" />
  <ownableSynchronizers candidates="3" cleared="0" />
  <references type="soft" candidates="84" cleared="0" enqueued="0" dynamicThreshold="20" maxThreshold="32" />
  <references type="weak" candidates="776" cleared="0" enqueued="0" />
  <references type="phantom" candidates="63" cleared="0" enqueued="0" />
  <stringconstants candidates="4574" cleared="0"  />
</gc-op>
<gc-op id="1154" type="sweep" timems="0.803" contextid="1150" timestamp="2019-07-02T19:53:27.368" />
<heap-resize id="1155" type="contract" space="tenure" amount="65536" count="1" timems="0.097" reason="excess free space following gc" timestamp="2019-07-02T19:53:27.369" />
<gc-end id="1156" type="global" contextid="1150" durationms="3.810" usertimems="12.000" systemtimems="0.000" timestamp="2019-07-02T19:53:27.369" activeThreads="4">
  <mem-info id="1157" free="8061832" total="12648448" percent="63">
    <mem type="tenure" free="8061832" total="12648448" percent="63" micro-fragmented="30725" macro-fragmented="0">
      <mem type="soa" free="8061832" total="12522496" percent="64" />
      <mem type="loa" free="0" total="125952" percent="0" />
    </mem>
  </mem-info>
</gc-end>
<cycle-end id="1158" type="global" contextid="1150" timestamp="2019-07-02T19:53:27.369">
  <attribute name="GC Util" value="243" />
  <attribute name="CPU Util" value="7775159189005" />
  <attribute name="Time Running"value="2178"/>
  <attribute name="Number of cores"value="4"/>
</cycle-end>
<allocation-satisfied id="1159" threadId="000000000223A500" bytesRequested="40" />
<af-end id="1160" timestamp="2019-07-02T19:53:27.369" threadId="000000000223AE88" success="true" />
<exclusive-end id="1161" timestamp="2019-07-02T19:53:27.369" durationms="4.610" />

<exclusive-start id="1162" timestamp="2019-07-02T19:53:27.374" intervalms="9.791">
  <response-info timems="0.027" idlems="0.027" threads="0" lastid="0000000002245900" lastname="Thread-7" />
</exclusive-start>
<af-start id="1163" threadId="0000000002246288" totalBytesRequested="40" timestamp="2019-07-02T19:53:27.374" intervalms="9.856" />
<cycle-start id="1164" type="global" contextid="0" timestamp="2019-07-02T19:53:27.375" intervalms="9.851" />
  <attribute name="GC Util" value="243" />
  <attribute name="CPU Util" value="7775159189005" />
  <attribute name="Time Running"value="2178"/>
  <attribute name="Number of cores"value="4"/>
<gc-start id="1165" type="global" contextid="1164" timestamp="2019-07-02T19:53:27.375">
  <mem-info id="1166" free="0" total="12648448" percent="0">
    <mem type="tenure" free="0" total="12648448" percent="0">
      <mem type="soa" free="0" total="12522496" percent="0" />
      <mem type="loa" free="0" total="125952" percent="0" />
    </mem>
  </mem-info>
</gc-start>
<allocation-stats totalBytes="8050800" >
  <allocated-bytes non-tlh="38112" tlh="8012688" />
  <largest-consumer threadName="Thread-8" threadId="0000000002241D00" bytes="2894000" />
</allocation-stats>
<gc-op id="1167" type="mark" timems="2.040" contextid="1164" timestamp="2019-07-02T19:53:27.377">
  <trace-info objectcount="66844" scancount="59260" scanbytes="2295820" />
  <finalization candidates="124" enqueued="0" />
  <ownableSynchronizers candidates="3" cleared="0" />
  <references type="soft" candidates="84" cleared="0" enqueued="0" dynamicThreshold="20" maxThreshold="32" />
  <references type="weak" candidates="776" cleared="0" enqueued="0" />
  <references type="phantom" candidates="63" cleared="0" enqueued="0" />
  <stringconstants candidates="4574" cleared="0"  />
</gc-op>
<gc-op id="1168" type="sweep" timems="0.757" contextid="1164" timestamp="2019-07-02T19:53:27.378" />
<mem-info id="1169" free="8089176" total="12648448" percent="63">
  <mem type="tenure" free="8089176" total="12648448" percent="63" micro-fragmented="209579" macro-fragmented="0">
    <mem type="soa" free="8089176" total="12522496" percent="64" />
    <mem type="loa" free="0" total="125952" percent="0" />
  </mem>
</mem-info>
<gc-op id="1170" type="compact" timems="5.810" contextid="1164" timestamp="2019-07-02T19:53:27.384">
  <compact-info movecount="27097" movebytes="1201288" reason="compact to aid heap contraction" />
</gc-op>
<heap-resize id="1171" type="contract" space="tenure" amount="65536" count="1" timems="0.077" reason="excess free space following gc" timestamp="2019-07-02T19:53:27.384" />
<gc-end id="1172" type="global" contextid="1164" durationms="9.615" usertimems="16.000" systemtimems="8.000" timestamp="2019-07-02T19:53:27.384" activeThreads="4">
  <mem-info id="1173" free="8201576" total="12582912" percent="65">
    <mem type="tenure" free="8201576" total="12582912" percent="65">
      <mem type="soa" free="8201576" total="12457984" percent="65" />
      <mem type="loa" free="0" total="124928" percent="0" />
    </mem>
  </mem-info>
</gc-end>
<cycle-end id="1174" type="global" contextid="1164" timestamp="2019-07-02T19:53:27.384">
  <attribute name="GC Util" value="148" />
  <attribute name="CPU Util" value="18287877214340" />
  <attribute name="Time Running"value="2188"/>
  <attribute name="Number of cores"value="4"/>
</cycle-end>
<allocation-satisfied id="1175" threadId="0000000002245900" bytesRequested="40" />
<af-end id="1176" timestamp="2019-07-02T19:53:27.385" threadId="0000000002246288" success="true" />
<exclusive-end id="1177" timestamp="2019-07-02T19:53:27.385" durationms="10.398" />

<exclusive-start id="1178" timestamp="2019-07-02T19:53:27.389" intervalms="14.507">
  <response-info timems="0.024" idlems="0.024" threads="0" lastid="0000000002241D00" lastname="Thread-8" />
</exclusive-start>
<af-start id="1179" threadId="0000000002242688" totalBytesRequested="40" timestamp="2019-07-02T19:53:27.389" intervalms="14.436" />
<cycle-start id="1180" type="global" contextid="0" timestamp="2019-07-02T19:53:27.389" intervalms="14.387" />
  <attribute name="GC Util" value="148" />
  <attribute name="CPU Util" value="18287877214340" />
  <attribute name="Time Running"value="2188"/>
  <attribute name="Number of cores"value="4"/>
<gc-start id="1181" type="global" contextid="1180" timestamp="2019-07-02T19:53:27.389">
  <mem-info id="1182" free="0" total="12582912" percent="0">
    <mem type="tenure" free="0" total="12582912" percent="0">
      <mem type="soa" free="0" total="12457984" percent="0" />
      <mem type="loa" free="0" total="124928" percent="0" />
    </mem>
  </mem-info>
</gc-start>
<allocation-stats totalBytes="8266040" >
  <allocated-bytes non-tlh="0" tlh="8266040" />
  <largest-consumer threadName="Thread-7" threadId="0000000002245900" bytes="2335824" />
</allocation-stats>
<gc-op id="1183" type="mark" timems="2.053" contextid="1180" timestamp="2019-07-02T19:53:27.391">
  <trace-info objectcount="68385" scancount="60811" scanbytes="2333036" />
  <finalization candidates="124" enqueued="0" />
  <ownableSynchronizers candidates="3" cleared="0" />
  <references type="soft" candidates="84" cleared="0" enqueued="0" dynamicThreshold="20" maxThreshold="32" />
  <references type="weak" candidates="776" cleared="0" enqueued="0" />
  <references type="phantom" candidates="63" cleared="0" enqueued="0" />
  <stringconstants candidates="4574" cleared="0"  />
</gc-op>
<gc-op id="1184" type="sweep" timems="0.725" contextid="1180" timestamp="2019-07-02T19:53:27.392" />
<heap-resize id="1185" type="contract" space="tenure" amount="65536" count="1" timems="0.085" reason="excess free space following gc" timestamp="2019-07-02T19:53:27.392" />
<gc-end id="1186" type="global" contextid="1180" durationms="3.194" usertimems="8.000" systemtimems="0.000" timestamp="2019-07-02T19:53:27.392" activeThreads="4">
  <mem-info id="1187" free="8138984" total="12517376" percent="65">
    <mem type="tenure" free="8138984" total="12517376" percent="65" micro-fragmented="15665" macro-fragmented="0">
      <mem type="soa" free="8138984" total="12392448" percent="65" />
      <mem type="loa" free="0" total="124928" percent="0" />
    </mem>
  </mem-info>
</gc-end>
<cycle-end id="1188" type="global" contextid="1180" timestamp="2019-07-02T19:53:27.392">
  <attribute name="GC Util" value="239" />
  <attribute name="CPU Util" value="8811824547470" />
  <attribute name="Time Running"value="2202"/>
  <attribute name="Number of cores"value="4"/>
</cycle-end>
<allocation-satisfied id="1189" threadId="0000000002241D00" bytesRequested="40" />
<af-end id="1190" timestamp="2019-07-02T19:53:27.393" threadId="0000000002242688" success="true" />
<exclusive-end id="1191" timestamp="2019-07-02T19:53:27.393" durationms="3.811" />

<exclusive-start id="1192" timestamp="2019-07-02T19:53:27.397" intervalms="7.950">
  <response-info timems="0.023" idlems="0.022" threads="1" lastid="000000000223A500" lastname="Thread-10" />
</exclusive-start>
<af-start id="1193" threadId="0000000002242688" totalBytesRequested="40" timestamp="2019-07-02T19:53:27.397" intervalms="7.937" />
<cycle-start id="1194" type="global" contextid="0" timestamp="2019-07-02T19:53:27.397" intervalms="7.930" />
  <attribute name="GC Util" value="239" />
  <attribute name="CPU Util" value="8811824547470" />
  <attribute name="Time Running"value="2202"/>
  <attribute name="Number of cores"value="4"/>
<gc-start id="1195" type="global" contextid="1194" timestamp="2019-07-02T19:53:27.397">
  <mem-info id="1196" free="0" total="12517376" percent="0">
    <mem type="tenure" free="0" total="12517376" percent="0">
      <mem type="soa" free="0" total="12392448" percent="0" />
      <mem type="loa" free="0" total="124928" percent="0" />
    </mem>
  </mem-info>
</gc-start>
<allocation-stats totalBytes="8134552" >
  <allocated-bytes non-tlh="0" tlh="8134552" />
  <largest-consumer threadName="Thread-7" threadId="0000000002245900" bytes="2328768" />
</allocation-stats>
<gc-op id="1197" type="mark" timems="2.054" contextid="1194" timestamp="2019-07-02T19:53:27.399">
  <trace-info objectcount="70367" scancount="62797" scanbytes="2380524" />
  <finalization candidates="124" enqueued="0" />
  <ownableSynchronizers candidates="3" cleared="0" />
  <references type="soft" candidates="84" cleared="0" enqueued="0" dynamicThreshold="20" maxThreshold="32" />
  <references type="weak" candidates="776" cleared="0" enqueued="0" />
  <references type="phantom" candidates="63" cleared="0" enqueued="0" />
  <stringconstants candidates="4574" cleared="0"  />
</gc-op>
<gc-op id="1198" type="sweep" timems="0.740" contextid="1194" timestamp="2019-07-02T19:53:27.400" />
<heap-resize id="1199" type="contract" space="tenure" amount="65536" count="1" timems="0.093" reason="excess free space following gc" timestamp="2019-07-02T19:53:27.400" />
<gc-end id="1200" type="global" contextid="1194" durationms="3.259" usertimems="8.000" systemtimems="0.000" timestamp="2019-07-02T19:53:27.400" activeThreads="4">
  <mem-info id="1201" free="8004048" total="12451840" percent="64">
    <mem type="tenure" free="8004048" total="12451840" percent="64" micro-fragmented="771" macro-fragmented="0">
      <mem type="soa" free="8004048" total="12327936" percent="64" />
      <mem type="loa" free="0" total="123904" percent="0" />
    </mem>
  </mem-info>
</gc-end>
<cycle-end id="1202" type="global" contextid="1194" timestamp="2019-07-02T19:53:27.400">
  <attribute name="GC Util" value="255" />
  <attribute name="CPU Util" value="8588733318391" />
  <attribute name="Time Running"value="2210"/>
  <attribute name="Number of cores"value="4"/>
</cycle-end>
<allocation-satisfied id="1203" threadId="0000000002241D00" bytesRequested="40" />
<af-end id="1204" timestamp="2019-07-02T19:53:27.400" threadId="0000000002242688" success="true" />
<exclusive-end id="1205" timestamp="2019-07-02T19:53:27.401" durationms="3.815" />

<exclusive-start id="1206" timestamp="2019-07-02T19:53:27.405" intervalms="7.985">
  <response-info timems="0.023" idlems="0.021" threads="1" lastid="0000000002241D00" lastname="Thread-8" />
</exclusive-start>
<af-start id="1207" threadId="000000000223EA88" totalBytesRequested="48" timestamp="2019-07-02T19:53:27.405" intervalms="7.999" />
<cycle-start id="1208" type="global" contextid="0" timestamp="2019-07-02T19:53:27.405" intervalms="8.011" />
  <attribute name="GC Util" value="255" />
  <attribute name="CPU Util" value="8588733318391" />
  <attribute name="Time Running"value="2210"/>
  <attribute name="Number of cores"value="4"/>
<gc-start id="1209" type="global" contextid="1208" timestamp="2019-07-02T19:53:27.405">
  <mem-info id="1210" free="0" total="12451840" percent="0">
    <mem type="tenure" free="0" total="12451840" percent="0">
      <mem type="soa" free="0" total="12327936" percent="0" />
      <mem type="loa" free="0" total="123904" percent="0" />
    </mem>
  </mem-info>
</gc-start>
<allocation-stats totalBytes="7992512" >
  <allocated-bytes non-tlh="19056" tlh="7973456" />
  <largest-consumer threadName="Thread-7" threadId="0000000002245900" bytes="2308592" />
</allocation-stats>
<gc-op id="1211" type="mark" timems="1.036" contextid="1208" timestamp="2019-07-02T19:53:27.406">
  <trace-info objectcount="63387" scancount="55811" scanbytes="2126732" />
  <finalization candidates="124" enqueued="0" />
  <ownableSynchronizers candidates="3" cleared="0" />
  <references type="soft" candidates="84" cleared="0" enqueued="0" dynamicThreshold="20" maxThreshold="32" />
  <references type="weak" candidates="776" cleared="0" enqueued="0" />
  <references type="phantom" candidates="63" cleared="0" enqueued="0" />
  <stringconstants candidates="4574" cleared="0"  />
</gc-op>
<gc-op id="1212" type="sweep" timems="0.322" contextid="1208" timestamp="2019-07-02T19:53:27.407" />
<heap-resize id="1213" type="contract" space="tenure" amount="65536" count="1" timems="0.105" reason="excess free space following gc" timestamp="2019-07-02T19:53:27.407" />
<gc-end id="1214" type="global" contextid="1208" durationms="1.960" usertimems="4.000" systemtimems="0.000" timestamp="2019-07-02T19:53:27.407" activeThreads="4">
  <mem-info id="1215" free="8147384" total="12386304" percent="65">
    <mem type="tenure" free="8147384" total="12386304" percent="65" micro-fragmented="36333" macro-fragmented="0">
      <mem type="soa" free="8147384" total="12263424" percent="66" />
      <mem type="loa" free="0" total="122880" percent="0" />
    </mem>
  </mem-info>
</gc-end>
<cycle-end id="1216" type="global" contextid="1208" timestamp="2019-07-02T19:53:27.407">
  <attribute name="GC Util" value="202" />
  <attribute name="CPU Util" value="16308431401054" />
  <attribute name="Time Running"value="2217"/>
  <attribute name="Number of cores"value="4"/>
</cycle-end>
<allocation-satisfied id="1217" threadId="000000000223E100" bytesRequested="48" />
<af-end id="1218" timestamp="2019-07-02T19:53:27.407" threadId="000000000223EA88" success="true" />
<exclusive-end id="1219" timestamp="2019-07-02T19:53:27.407" durationms="2.616" />

<exclusive-start id="1220" timestamp="2019-07-02T19:53:27.419" intervalms="14.057">
  <response-info timems="0.024" idlems="0.024" threads="0" lastid="000000000223E100" lastname="Thread-9" />
</exclusive-start>
<af-start id="1221" threadId="000000000223EA88" totalBytesRequested="40" timestamp="2019-07-02T19:53:27.419" intervalms="14.109" />
<cycle-start id="1222" type="global" contextid="0" timestamp="2019-07-02T19:53:27.419" intervalms="14.159" />
  <attribute name="GC Util" value="202" />
  <attribute name="CPU Util" value="16308431401054" />
  <attribute name="Time Running"value="2217"/>
  <attribute name="Number of cores"value="4"/>
<gc-start id="1223" type="global" contextid="1222" timestamp="2019-07-02T19:53:27.419">
  <mem-info id="1224" free="0" total="12386304" percent="0">
    <mem type="tenure" free="0" total="12386304" percent="0">
      <mem type="soa" free="0" total="12263424" percent="0" />
      <mem type="loa" free="0" total="122880" percent="0" />
    </mem>
  </mem-info>
</gc-start>
<allocation-stats totalBytes="8197760" >
  <allocated-bytes non-tlh="0" tlh="8197760" />
  <largest-consumer threadName="Thread-10" threadId="000000000223A500" bytes="3352496" />
</allocation-stats>
<gc-op id="1225" type="mark" timems="1.474" contextid="1222" timestamp="2019-07-02T19:53:27.421">
  <trace-info objectcount="67862" scancount="60291" scanbytes="2319852" />
  <finalization candidates="124" enqueued="0" />
  <ownableSynchronizers candidates="3" cleared="0" />
  <references type="soft" candidates="84" cleared="0" enqueued="0" dynamicThreshold="21" maxThreshold="32" />
  <references type="weak" candidates="776" cleared="0" enqueued="0" />
  <references type="phantom" candidates="63" cleared="0" enqueued="0" />
  <stringconstants candidates="4574" cleared="0"  />
</gc-op>
<gc-op id="1226" type="sweep" timems="0.333" contextid="1222" timestamp="2019-07-02T19:53:27.421" />
<mem-info id="1227" free="7991392" total="12386304" percent="64">
  <mem type="tenure" free="7991392" total="12386304" percent="64" micro-fragmented="31448" macro-fragmented="0">
    <mem type="soa" free="7991392" total="12263424" percent="65" />
    <mem type="loa" free="0" total="122880" percent="0" />
  </mem>
</mem-info>
<gc-op id="1228" type="compact" timems="4.284" contextid="1222" timestamp="2019-07-02T19:53:27.426">
  <compact-info movecount="26750" movebytes="1159800" reason="compact to aid heap contraction" />
</gc-op>
<heap-resize id="1229" type="contract" space="tenure" amount="65536" count="1" timems="0.082" reason="excess free space following gc" timestamp="2019-07-02T19:53:27.426" />
<gc-end id="1230" type="global" contextid="1222" durationms="7.161" usertimems="4.000" systemtimems="4.000" timestamp="2019-07-02T19:53:27.426" activeThreads="4">
  <mem-info id="1231" free="7982984" total="12320768" percent="64">
    <mem type="tenure" free="7982984" total="12320768" percent="64">
      <mem type="soa" free="7917448" total="12197888" percent="64" />
      <mem type="loa" free="65536" total="122880" percent="53" />
    </mem>
  </mem-info>
</gc-end>
<cycle-end id="1232" type="global" contextid="1222" timestamp="2019-07-02T19:53:27.427">
  <attribute name="GC Util" value="16" />
  <attribute name="CPU Util" value="30538135538149" />
  <attribute name="Time Running"value="2232"/>
  <attribute name="Number of cores"value="4"/>
</cycle-end>
<allocation-satisfied id="1233" threadId="000000000223E100" bytesRequested="40" />
<af-end id="1234" timestamp="2019-07-02T19:53:27.427" threadId="000000000223EA88" success="true" />
<exclusive-end id="1235" timestamp="2019-07-02T19:53:27.427" durationms="8.195" />

<exclusive-start id="1236" timestamp="2019-07-02T19:53:27.435" intervalms="16.556">
  <response-info timems="0.032" idlems="0.032" threads="0" lastid="000000000223A500" lastname="Thread-10" />
</exclusive-start>
<af-start id="1237" threadId="000000000223AE88" totalBytesRequested="40" timestamp="2019-07-02T19:53:27.436" intervalms="16.594" />
<cycle-start id="1238" type="global" contextid="0" timestamp="2019-07-02T19:53:27.436" intervalms="16.615" />
  <attribute name="GC Util" value="16" />
  <attribute name="CPU Util" value="30538135538149" />
  <attribute name="Time Running"value="2232"/>
  <attribute name="Number of cores"value="4"/>
<gc-start id="1239" type="global" contextid="1238" timestamp="2019-07-02T19:53:27.436">
  <mem-info id="1240" free="65536" total="12320768" percent="0">
    <mem type="tenure" free="65536" total="12320768" percent="0">
      <mem type="soa" free="0" total="12197888" percent="0" />
      <mem type="loa" free="65536" total="122880" percent="53" />
    </mem>
  </mem-info>
</gc-start>
<allocation-stats totalBytes="7981832" >
  <allocated-bytes non-tlh="0" tlh="7981832" />
  <largest-consumer threadName="Thread-7" threadId="0000000002245900" bytes="2645560" />
</allocation-stats>
<gc-op id="1241" type="mark" timems="2.434" contextid="1238" timestamp="2019-07-02T19:53:27.439">
  <trace-info objectcount="69002" scancount="61440" scanbytes="2347692" />
  <finalization candidates="124" enqueued="0" />
  <ownableSynchronizers candidates="3" cleared="0" />
  <references type="soft" candidates="84" cleared="0" enqueued="0" dynamicThreshold="20" maxThreshold="32" />
  <references type="weak" candidates="776" cleared="0" enqueued="0" />
  <references type="phantom" candidates="63" cleared="0" enqueued="0" />
  <stringconstants candidates="4574" cleared="0"  />
</gc-op>
<gc-op id="1242" type="sweep" timems="0.722" contextid="1238" timestamp="2019-07-02T19:53:27.439" />
<heap-resize id="1243" type="contract" space="tenure" amount="65536" count="1" timems="0.089" reason="excess free space following gc" timestamp="2019-07-02T19:53:27.440" />
<gc-end id="1244" type="global" contextid="1238" durationms="3.929" usertimems="8.000" systemtimems="0.000" timestamp="2019-07-02T19:53:27.440" activeThreads="4">
  <mem-info id="1245" free="7879856" total="12255232" percent="64">
    <mem type="tenure" free="7879856" total="12255232" percent="64" micro-fragmented="13894" macro-fragmented="0">
      <mem type="soa" free="7879856" total="12133376" percent="64" />
      <mem type="loa" free="0" total="121856" percent="0" />
    </mem>
  </mem-info>
</gc-end>
<cycle-end id="1246" type="global" contextid="1238" timestamp="2019-07-02T19:53:27.440">
  <attribute name="GC Util" value="230" />
  <attribute name="CPU Util" value="7196788690888" />
  <attribute name="Time Running"value="2249"/>
  <attribute name="Number of cores"value="4"/>
</cycle-end>
<allocation-satisfied id="1247" threadId="000000000223A500" bytesRequested="40" />
<af-end id="1248" timestamp="2019-07-02T19:53:27.440" threadId="000000000223AE88" success="true" />
<exclusive-end id="1249" timestamp="2019-07-02T19:53:27.440" durationms="4.855" />

<exclusive-start id="1250" timestamp="2019-07-02T19:53:27.447" intervalms="11.848">
  <response-info timems="0.025" idlems="0.024" threads="1" lastid="0000000002241D00" lastname="Thread-8" />
</exclusive-start>
<af-start id="1251" threadId="0000000002246288" totalBytesRequested="40" timestamp="2019-07-02T19:53:27.447" intervalms="11.795" />
<cycle-start id="1252" type="global" contextid="0" timestamp="2019-07-02T19:53:27.447" intervalms="11.762" />
  <attribute name="GC Util" value="230" />
  <attribute name="CPU Util" value="7196788690888" />
  <attribute name="Time Running"value="2249"/>
  <attribute name="Number of cores"value="4"/>
<gc-start id="1253" type="global" contextid="1252" timestamp="2019-07-02T19:53:27.448">
  <mem-info id="1254" free="0" total="12255232" percent="0">
    <mem type="tenure" free="0" total="12255232" percent="0">
      <mem type="soa" free="0" total="12133376" percent="0" />
      <mem type="loa" free="0" total="121856" percent="0" />
    </mem>
  </mem-info>
</gc-start>
<allocation-stats totalBytes="7870440" >
  <allocated-bytes non-tlh="0" tlh="7870440" />
  <largest-consumer threadName="Thread-8" threadId="0000000002241D00" bytes="2996744" />
</allocation-stats>
<gc-op id="1255" type="mark" timems="2.086" contextid="1252" timestamp="2019-07-02T19:53:27.450">
  <trace-info objectcount="60676" scancount="53088" scanbytes="2014208" />
  <finalization candidates="124" enqueued="0" />
  <ownableSynchronizers candidates="3" cleared="0" />
  <references type="soft" candidates="84" cleared="0" enqueued="0" dynamicThreshold="20" maxThreshold="32" />
  <references type="weak" candidates="776" cleared="0" enqueued="0" />
  <references type="phantom" candidates="63" cleared="0" enqueued="0" />
  <stringconstants candidates="4574" cleared="0"  />
</gc-op>
<gc-op id="1256" type="sweep" timems="0.757" contextid="1252" timestamp="2019-07-02T19:53:27.451" />
<heap-resize id="1257" type="contract" space="tenure" amount="65536" count="1" timems="0.076" reason="excess free space following gc" timestamp="2019-07-02T19:53:27.451" />
<gc-end id="1258" type="global" contextid="1252" durationms="3.363" usertimems="12.000" systemtimems="0.000" timestamp="2019-07-02T19:53:27.451" activeThreads="4">
  <mem-info id="1259" free="8046712" total="12189696" percent="66">
    <mem type="tenure" free="8046712" total="12189696" percent="66" micro-fragmented="102832" macro-fragmented="0">
      <mem type="soa" free="8046712" total="12067840" percent="66" />
      <mem type="loa" free="0" total="121856" percent="0" />
    </mem>
  </mem-info>
</gc-end>
<cycle-end id="1260" type="global" contextid="1252" timestamp="2019-07-02T19:53:27.451">
  <attribute name="GC Util" value="240" />
  <attribute name="CPU Util" value="8463094166431" />
  <attribute name="Time Running"value="2260"/>
  <attribute name="Number of cores"value="4"/>
</cycle-end>
<allocation-satisfied id="1261" threadId="0000000002245900" bytesRequested="40" />
<af-end id="1262" timestamp="2019-07-02T19:53:27.451" threadId="0000000002246288" success="true" />
<exclusive-end id="1263" timestamp="2019-07-02T19:53:27.451" durationms="4.204" />

<exclusive-start id="1264" timestamp="2019-07-02T19:53:27.458" intervalms="10.605">
  <response-info timems="0.103" idlems="0.060" threads="1" lastid="0000000001EF0300" lastname="JIT Compilation Thread-0" />
</exclusive-start>
<af-start id="1265" threadId="000000000223EA88" totalBytesRequested="40" timestamp="2019-07-02T19:53:27.458" intervalms="10.527" />
<cycle-start id="1266" type="global" contextid="0" timestamp="2019-07-02T19:53:27.458" intervalms="10.484" />
  <attribute name="GC Util" value="240" />
  <attribute name="CPU Util" value="8463094166431" />
  <attribute name="Time Running"value="2260"/>
  <attribute name="Number of cores"value="4"/>
<gc-start id="1267" type="global" contextid="1266" timestamp="2019-07-02T19:53:27.458">
  <mem-info id="1268" free="0" total="12189696" percent="0">
    <mem type="tenure" free="0" total="12189696" percent="0">
      <mem type="soa" free="0" total="12067840" percent="0" />
      <mem type="loa" free="0" total="121856" percent="0" />
    </mem>
  </mem-info>
</gc-start>
<allocation-stats totalBytes="8063952" >
  <allocated-bytes non-tlh="19056" tlh="8044896" />
  <largest-consumer threadName="Thread-8" threadId="0000000002241D00" bytes="2898360" />
</allocation-stats>
<gc-op id="1269" type="mark" timems="1.934" contextid="1266" timestamp="2019-07-02T19:53:27.460">
  <trace-info objectcount="66186" scancount="58613" scanbytes="2279972" />
  <finalization candidates="124" enqueued="0" />
  <ownableSynchronizers candidates="3" cleared="0" />
  <references type="soft" candidates="84" cleared="0" enqueued="0" dynamicThreshold="21" maxThreshold="32" />
  <references type="weak" candidates="776" cleared="0" enqueued="0" />
  <references type="phantom" candidates="63" cleared="0" enqueued="0" />
  <stringconstants candidates="4574" cleared="0"  />
</gc-op>
<gc-op id="1270" type="sweep" timems="0.778" contextid="1266" timestamp="2019-07-02T19:53:27.461" />
<mem-info id="1271" free="7772096" total="12189696" percent="63">
  <mem type="tenure" free="7772096" total="12189696" percent="63" micro-fragmented="80066" macro-fragmented="0">
    <mem type="soa" free="7772096" total="12067840" percent="64" />
    <mem type="loa" free="0" total="121856" percent="0" />
  </mem>
</mem-info>
<gc-op id="1272" type="compact" timems="5.230" contextid="1266" timestamp="2019-07-02T19:53:27.467">
  <compact-info movecount="17690" movebytes="805328" reason="compact to aid heap contraction" />
</gc-op>
<heap-resize id="1273" type="contract" space="tenure" amount="65536" count="1" timems="0.085" reason="excess free space following gc" timestamp="2019-07-02T19:53:27.467" />
<gc-end id="1274" type="global" contextid="1266" durationms="8.880" usertimems="12.000" systemtimems="4.000" timestamp="2019-07-02T19:53:27.467" activeThreads="4">
  <mem-info id="1275" free="7762768" total="12124160" percent="64">
    <mem type="tenure" free="7762768" total="12124160" percent="64">
      <mem type="soa" free="7762768" total="12003328" percent="64" />
      <mem type="loa" free="0" total="120832" percent="0" />
    </mem>
  </mem-info>
</gc-end>
<cycle-end id="1276" type="global" contextid="1266" timestamp="2019-07-02T19:53:27.467">
  <attribute name="GC Util" value="154" />
  <attribute name="CPU Util" value="19865262821068" />
  <attribute name="Time Running"value="2272"/>
  <attribute name="Number of cores"value="4"/>
</cycle-end>
<allocation-satisfied id="1277" threadId="000000000223E100" bytesRequested="40" />
<af-end id="1278" timestamp="2019-07-02T19:53:27.467" threadId="000000000223EA88" success="true" />
<exclusive-end id="1279" timestamp="2019-07-02T19:53:27.467" durationms="9.569" />

<exclusive-start id="1280" timestamp="2019-07-02T19:53:27.474" intervalms="16.013">
  <response-info timems="0.240" idlems="0.240" threads="0" lastid="0000000002245900" lastname="Thread-7" />
</exclusive-start>
<af-start id="1281" threadId="0000000002246288" totalBytesRequested="24" timestamp="2019-07-02T19:53:27.476" intervalms="18.088" />
<cycle-start id="1282" type="global" contextid="0" timestamp="2019-07-02T19:53:27.476" intervalms="18.154" />
  <attribute name="GC Util" value="154" />
  <attribute name="CPU Util" value="19865262821068" />
  <attribute name="Time Running"value="2272"/>
  <attribute name="Number of cores"value="4"/>
<gc-start id="1283" type="global" contextid="1282" timestamp="2019-07-02T19:53:27.476">
  <mem-info id="1284" free="0" total="12124160" percent="0">
    <mem type="tenure" free="0" total="12124160" percent="0">
      <mem type="soa" free="0" total="12003328" percent="0" />
      <mem type="loa" free="0" total="120832" percent="0" />
    </mem>
  </mem-info>
</gc-start>
<allocation-stats totalBytes="7827064" >
  <allocated-bytes non-tlh="0" tlh="7827064" />
  <largest-consumer threadName="Thread-8" threadId="0000000002241D00" bytes="2719336" />
</allocation-stats>
<gc-op id="1285" type="mark" timems="1.356" contextid="1282" timestamp="2019-07-02T19:53:27.478">
  <trace-info objectcount="66705" scancount="59133" scanbytes="2292500" />
  <finalization candidates="124" enqueued="0" />
  <ownableSynchronizers candidates="3" cleared="0" />
  <references type="soft" candidates="84" cleared="0" enqueued="0" dynamicThreshold="20" maxThreshold="32" />
  <references type="weak" candidates="776" cleared="0" enqueued="0" />
  <references type="phantom" candidates="63" cleared="0" enqueued="0" />
  <stringconstants candidates="4574" cleared="0"  />
</gc-op>
<gc-op id="1286" type="sweep" timems="0.251" contextid="1282" timestamp="2019-07-02T19:53:27.478" />
<heap-resize id="1287" type="contract" space="tenure" amount="65536" count="1" timems="0.071" reason="excess free space following gc" timestamp="2019-07-02T19:53:27.478" />
<gc-end id="1288" type="global" contextid="1282" durationms="2.306" usertimems="4.000" systemtimems="0.000" timestamp="2019-07-02T19:53:27.479" activeThreads="4">
  <mem-info id="1289" free="7734264" total="12058624" percent="64">
    <mem type="tenure" free="7734264" total="12058624" percent="64" micro-fragmented="12080" macro-fragmented="0">
      <mem type="soa" free="7734264" total="11938816" percent="64" />
      <mem type="loa" free="0" total="119808" percent="0" />
    </mem>
  </mem-info>
</gc-end>
<cycle-end id="1290" type="global" contextid="1282" timestamp="2019-07-02T19:53:27.479">
  <attribute name="GC Util" value="180" />
  <attribute name="CPU Util" value="12519074767773" />
  <attribute name="Time Running"value="2288"/>
  <attribute name="Number of cores"value="4"/>
</cycle-end>
<allocation-satisfied id="1291" threadId="0000000002245900" bytesRequested="24" />
<af-end id="1292" timestamp="2019-07-02T19:53:27.479" threadId="0000000002246288" success="true" />
<exclusive-end id="1293" timestamp="2019-07-02T19:53:27.479" durationms="5.272" />

<exclusive-start id="1294" timestamp="2019-07-02T19:53:27.493" intervalms="19.660">
  <response-info timems="0.025" idlems="0.025" threads="0" lastid="0000000002245900" lastname="Thread-7" />
</exclusive-start>
<af-start id="1295" threadId="0000000002246288" totalBytesRequested="40" timestamp="2019-07-02T19:53:27.494" intervalms="17.634" />
<cycle-start id="1296" type="global" contextid="0" timestamp="2019-07-02T19:53:27.494" intervalms="17.577" />
  <attribute name="GC Util" value="180" />
  <attribute name="CPU Util" value="12519074767773" />
  <attribute name="Time Running"value="2288"/>
  <attribute name="Number of cores"value="4"/>
<gc-start id="1297" type="global" contextid="1296" timestamp="2019-07-02T19:53:27.494">
  <mem-info id="1298" free="0" total="12058624" percent="0">
    <mem type="tenure" free="0" total="12058624" percent="0">
      <mem type="soa" free="0" total="11938816" percent="0" />
      <mem type="loa" free="0" total="119808" percent="0" />
    </mem>
  </mem-info>
</gc-start>
<allocation-stats totalBytes="7730448" >
  <allocated-bytes non-tlh="0" tlh="7730448" />
  <largest-consumer threadName="Thread-8" threadId="0000000002241D00" bytes="2305240" />
</allocation-stats>
<gc-op id="1299" type="mark" timems="1.161" contextid="1296" timestamp="2019-07-02T19:53:27.495">
  <trace-info objectcount="67505" scancount="59922" scanbytes="2311604" />
  <finalization candidates="124" enqueued="0" />
  <ownableSynchronizers candidates="3" cleared="0" />
  <references type="soft" candidates="84" cleared="0" enqueued="0" dynamicThreshold="20" maxThreshold="32" />
  <references type="weak" candidates="776" cleared="0" enqueued="0" />
  <references type="phantom" candidates="63" cleared="0" enqueued="0" />
  <stringconstants candidates="4574" cleared="0"  />
</gc-op>
<gc-op id="1300" type="sweep" timems="0.267" contextid="1296" timestamp="2019-07-02T19:53:27.496" />
<heap-resize id="1301" type="contract" space="tenure" amount="65536" count="1" timems="0.094" reason="excess free space following gc" timestamp="2019-07-02T19:53:27.496" />
<gc-end id="1302" type="global" contextid="1296" durationms="2.002" usertimems="4.000" systemtimems="0.000" timestamp="2019-07-02T19:53:27.496" activeThreads="4">
  <mem-info id="1303" free="7640096" total="11993088" percent="63">
    <mem type="tenure" free="7640096" total="11993088" percent="63" micro-fragmented="9216" macro-fragmented="0">
      <mem type="soa" free="7640096" total="11873280" percent="64" />
      <mem type="loa" free="0" total="119808" percent="0" />
    </mem>
  </mem-info>
</gc-end>
<cycle-end id="1304" type="global" contextid="1296" timestamp="2019-07-02T19:53:27.496">
  <attribute name="GC Util" value="204" />
  <attribute name="CPU Util" value="14734633135716" />
  <attribute name="Time Running"value="2306"/>
  <attribute name="Number of cores"value="4"/>
</cycle-end>
<allocation-satisfied id="1305" threadId="0000000002245900" bytesRequested="40" />
<af-end id="1306" timestamp="2019-07-02T19:53:27.496" threadId="0000000002246288" success="true" />
<exclusive-end id="1307" timestamp="2019-07-02T19:53:27.496" durationms="2.608" />

<exclusive-start id="1308" timestamp="2019-07-02T19:53:27.501" intervalms="7.797">
  <response-info timems="0.058" idlems="0.042" threads="2" lastid="0000000002241D00" lastname="Thread-8" />
</exclusive-start>
<af-start id="1309" threadId="0000000002246288" totalBytesRequested="24" timestamp="2019-07-02T19:53:27.501" intervalms="7.781" />
<cycle-start id="1310" type="global" contextid="0" timestamp="2019-07-02T19:53:27.501" intervalms="7.736" />
  <attribute name="GC Util" value="204" />
  <attribute name="CPU Util" value="14734633135716" />
  <attribute name="Time Running"value="2306"/>
  <attribute name="Number of cores"value="4"/>
<gc-start id="1311" type="global" contextid="1310" timestamp="2019-07-02T19:53:27.501">
  <mem-info id="1312" free="0" total="11993088" percent="0">
    <mem type="tenure" free="0" total="11993088" percent="0">
      <mem type="soa" free="0" total="11873280" percent="0" />
      <mem type="loa" free="0" total="119808" percent="0" />
    </mem>
  </mem-info>
</gc-start>
<allocation-stats totalBytes="7631008" >
  <allocated-bytes non-tlh="0" tlh="7631008" />
  <largest-consumer threadName="Thread-7" threadId="0000000002245900" bytes="2212048" />
</allocation-stats>
<gc-op id="1313" type="mark" timems="1.073" contextid="1310" timestamp="2019-07-02T19:53:27.503">
  <trace-info objectcount="68079" scancount="60503" scanbytes="2325188" />
  <finalization candidates="124" enqueued="0" />
  <ownableSynchronizers candidates="3" cleared="0" />
  <references type="soft" candidates="84" cleared="0" enqueued="0" dynamicThreshold="20" maxThreshold="32" />
  <references type="weak" candidates="776" cleared="0" enqueued="0" />
  <references type="phantom" candidates="63" cleared="0" enqueued="0" />
  <stringconstants candidates="4574" cleared="0"  />
</gc-op>
<gc-op id="1314" type="sweep" timems="0.282" contextid="1310" timestamp="2019-07-02T19:53:27.503" />
<heap-resize id="1315" type="contract" space="tenure" amount="65536" count="1" timems="0.104" reason="excess free space following gc" timestamp="2019-07-02T19:53:27.503" />
<gc-end id="1316" type="global" contextid="1310" durationms="1.872" usertimems="4.000" systemtimems="0.000" timestamp="2019-07-02T19:53:27.503" activeThreads="4">
  <mem-info id="1317" free="7546864" total="11927552" percent="63">
    <mem type="tenure" free="7546864" total="11927552" percent="63" micro-fragmented="5381" macro-fragmented="0">
      <mem type="soa" free="7546864" total="11808768" percent="63" />
      <mem type="loa" free="0" total="118784" percent="0" />
    </mem>
  </mem-info>
</gc-end>
<cycle-end id="1318" type="global" contextid="1310" timestamp="2019-07-02T19:53:27.504">
  <attribute name="GC Util" value="227" />
  <attribute name="CPU Util" value="16351061185758" />
  <attribute name="Time Running"value="2313"/>
  <attribute name="Number of cores"value="4"/>
</cycle-end>
<allocation-satisfied id="1319" threadId="0000000002245900" bytesRequested="24" />
<af-end id="1320" timestamp="2019-07-02T19:53:27.504" threadId="0000000002246288" success="true" />
<exclusive-end id="1321" timestamp="2019-07-02T19:53:27.504" durationms="2.608" />

<exclusive-start id="1322" timestamp="2019-07-02T19:53:27.511" intervalms="9.885">
  <response-info timems="0.038" idlems="0.038" threads="0" lastid="000000000223E100" lastname="Thread-9" />
</exclusive-start>
<af-start id="1323" threadId="000000000223EA88" totalBytesRequested="40" timestamp="2019-07-02T19:53:27.511" intervalms="9.903" />
<cycle-start id="1324" type="global" contextid="0" timestamp="2019-07-02T19:53:27.511" intervalms="9.970" />
  <attribute name="GC Util" value="227" />
  <attribute name="CPU Util" value="16351061185758" />
  <attribute name="Time Running"value="2313"/>
  <attribute name="Number of cores"value="4"/>
<gc-start id="1325" type="global" contextid="1324" timestamp="2019-07-02T19:53:27.512">
  <mem-info id="1326" free="0" total="11927552" percent="0">
    <mem type="tenure" free="0" total="11927552" percent="0">
      <mem type="soa" free="0" total="11808768" percent="0" />
      <mem type="loa" free="0" total="118784" percent="0" />
    </mem>
  </mem-info>
</gc-start>
<allocation-stats totalBytes="7532848" >
  <allocated-bytes non-tlh="0" tlh="7532848" />
  <largest-consumer threadName="Thread-7" threadId="0000000002245900" bytes="3015800" />
</allocation-stats>
<gc-op id="1327" type="mark" timems="1.995" contextid="1324" timestamp="2019-07-02T19:53:27.514">
  <trace-info objectcount="68852" scancount="61290" scanbytes="2343428" />
  <finalization candidates="124" enqueued="0" />
  <ownableSynchronizers candidates="3" cleared="0" />
  <references type="soft" candidates="84" cleared="0" enqueued="0" dynamicThreshold="20" maxThreshold="32" />
  <references type="weak" candidates="776" cleared="0" enqueued="0" />
  <references type="phantom" candidates="63" cleared="0" enqueued="0" />
  <stringconstants candidates="4574" cleared="0"  />
</gc-op>
<gc-op id="1328" type="sweep" timems="0.618" contextid="1324" timestamp="2019-07-02T19:53:27.514" />
<mem-info id="1329" free="7479016" total="11927552" percent="62">
  <mem type="tenure" free="7479016" total="11927552" percent="62" micro-fragmented="13083" macro-fragmented="0">
    <mem type="soa" free="7479016" total="11808768" percent="63" />
    <mem type="loa" free="0" total="118784" percent="0" />
  </mem>
</mem-info>
<gc-op id="1330" type="compact" timems="4.325" contextid="1324" timestamp="2019-07-02T19:53:27.519">
  <compact-info movecount="6790" movebytes="226544" reason="compact to aid heap contraction" />
</gc-op>
<heap-resize id="1331" type="contract" space="tenure" amount="65536" count="1" timems="0.064" reason="excess free space following gc" timestamp="2019-07-02T19:53:27.519" />
<gc-end id="1332" type="global" contextid="1324" durationms="7.619" usertimems="16.000" systemtimems="0.000" timestamp="2019-07-02T19:53:27.519" activeThreads="4">
  <mem-info id="1333" free="7440240" total="11862016" percent="62">
    <mem type="tenure" free="7440240" total="11862016" percent="62">
      <mem type="soa" free="7440240" total="11744256" percent="63" />
      <mem type="loa" free="0" total="117760" percent="0" />
    </mem>
  </mem-info>
</gc-end>
<cycle-end id="1334" type="global" contextid="1324" timestamp="2019-07-02T19:53:27.519">
  <attribute name="GC Util" value="136" />
  <attribute name="CPU Util" value="25513180672197" />
  <attribute name="Time Running"value="2325"/>
  <attribute name="Number of cores"value="4"/>
</cycle-end>
<allocation-satisfied id="1335" threadId="000000000223E100" bytesRequested="40" />
<af-end id="1336" timestamp="2019-07-02T19:53:27.519" threadId="000000000223EA88" success="true" />
<exclusive-end id="1337" timestamp="2019-07-02T19:53:27.519" durationms="8.341" />

<exclusive-start id="1338" timestamp="2019-07-02T19:53:27.524" intervalms="13.126">
  <response-info timems="0.040" idlems="0.040" threads="0" lastid="0000000002245900" lastname="Thread-7" />
</exclusive-start>
<af-start id="1339" threadId="0000000002246288" totalBytesRequested="40" timestamp="2019-07-02T19:53:27.524" intervalms="13.083" />
<cycle-start id="1340" type="global" contextid="0" timestamp="2019-07-02T19:53:27.524" intervalms="13.018" />
  <attribute name="GC Util" value="136" />
  <attribute name="CPU Util" value="25513180672197" />
  <attribute name="Time Running"value="2325"/>
  <attribute name="Number of cores"value="4"/>
<gc-start id="1341" type="global" contextid="1340" timestamp="2019-07-02T19:53:27.524">
  <mem-info id="1342" free="0" total="11862016" percent="0">
    <mem type="tenure" free="0" total="11862016" percent="0">
      <mem type="soa" free="0" total="11744256" percent="0" />
      <mem type="loa" free="0" total="117760" percent="0" />
    </mem>
  </mem-info>
</gc-start>
<allocation-stats totalBytes="7504712" >
  <allocated-bytes non-tlh="0" tlh="7504712" />
  <largest-consumer threadName="Thread-7" threadId="0000000002245900" bytes="2233944" />
</allocation-stats>
<gc-op id="1343" type="mark" timems="1.028" contextid="1340" timestamp="2019-07-02T19:53:27.526">
  <trace-info objectcount="64776" scancount="57208" scanbytes="2246052" />
  <finalization candidates="124" enqueued="0" />
  <ownableSynchronizers candidates="3" cleared="0" />
  <references type="soft" candidates="84" cleared="0" enqueued="0" dynamicThreshold="20" maxThreshold="32" />
  <references type="weak" candidates="776" cleared="0" enqueued="0" />
  <references type="phantom" candidates="63" cleared="0" enqueued="0" />
  <stringconstants candidates="4574" cleared="0"  />
</gc-op>
<gc-op id="1344" type="sweep" timems="0.267" contextid="1340" timestamp="2019-07-02T19:53:27.526" />
<heap-resize id="1345" type="contract" space="tenure" amount="65536" count="1" timems="0.083" reason="excess free space following gc" timestamp="2019-07-02T19:53:27.526" />
<gc-end id="1346" type="global" contextid="1340" durationms="1.786" usertimems="4.000" systemtimems="0.000" timestamp="2019-07-02T19:53:27.526" activeThreads="4">
  <mem-info id="1347" free="7399624" total="11796480" percent="62">
    <mem type="tenure" free="7399624" total="11796480" percent="62" micro-fragmented="96701" macro-fragmented="0">
      <mem type="soa" free="7399624" total="11678720" percent="63" />
      <mem type="loa" free="0" total="117760" percent="0" />
    </mem>
  </mem-info>
</gc-end>
<cycle-end id="1348" type="global" contextid="1340" timestamp="2019-07-02T19:53:27.526">
  <attribute name="GC Util" value="214" />
  <attribute name="CPU Util" value="16490316370575" />
  <attribute name="Time Running"value="2336"/>
  <attribute name="Number of cores"value="4"/>
</cycle-end>
<allocation-satisfied id="1349" threadId="0000000002245900" bytesRequested="40" />
<af-end id="1350" timestamp="2019-07-02T19:53:27.527" threadId="0000000002246288" success="true" />
<exclusive-end id="1351" timestamp="2019-07-02T19:53:27.527" durationms="2.337" />

<exclusive-start id="1352" timestamp="2019-07-02T19:53:27.532" intervalms="7.299">
  <response-info timems="0.027" idlems="0.027" threads="2" lastid="000000000223E100" lastname="Thread-9" />
</exclusive-start>
<af-start id="1353" threadId="0000000002246288" totalBytesRequested="40" timestamp="2019-07-02T19:53:27.532" intervalms="7.293" />
<cycle-start id="1354" type="global" contextid="0" timestamp="2019-07-02T19:53:27.532" intervalms="7.290" />
  <attribute name="GC Util" value="214" />
  <attribute name="CPU Util" value="16490316370575" />
  <attribute name="Time Running"value="2336"/>
  <attribute name="Number of cores"value="4"/>
<gc-start id="1355" type="global" contextid="1354" timestamp="2019-07-02T19:53:27.532">
  <mem-info id="1356" free="0" total="11796480" percent="0">
    <mem type="tenure" free="0" total="11796480" percent="0">
      <mem type="soa" free="0" total="11678720" percent="0" />
      <mem type="loa" free="0" total="117760" percent="0" />
    </mem>
  </mem-info>
</gc-start>
<allocation-stats totalBytes="7417656" >
  <allocated-bytes non-tlh="0" tlh="7417656" />
  <largest-consumer threadName="Thread-8" threadId="0000000002241D00" bytes="2078200" />
</allocation-stats>
<gc-op id="1357" type="mark" timems="1.074" contextid="1354" timestamp="2019-07-02T19:53:27.533">
  <trace-info objectcount="65491" scancount="57905" scanbytes="2263292" />
  <finalization candidates="124" enqueued="0" />
  <ownableSynchronizers candidates="3" cleared="0" />
  <references type="soft" candidates="84" cleared="0" enqueued="0" dynamicThreshold="20" maxThreshold="32" />
  <references type="weak" candidates="776" cleared="0" enqueued="0" />
  <references type="phantom" candidates="63" cleared="0" enqueued="0" />
  <stringconstants candidates="4574" cleared="0"  />
</gc-op>
<gc-op id="1358" type="sweep" timems="0.271" contextid="1354" timestamp="2019-07-02T19:53:27.533" />
<mem-info id="1359" free="7384512" total="11796480" percent="62">
  <mem type="tenure" free="7384512" total="11796480" percent="62" micro-fragmented="75499" macro-fragmented="0">
    <mem type="soa" free="7384512" total="11678720" percent="63" />
    <mem type="loa" free="0" total="117760" percent="0" />
  </mem>
</mem-info>
<gc-op id="1360" type="compact" timems="3.633" contextid="1354" timestamp="2019-07-02T19:53:27.537">
  <compact-info movecount="16995" movebytes="788648" reason="compact to aid heap contraction" />
</gc-op>
<heap-resize id="1361" type="contract" space="tenure" amount="65536" count="1" timems="0.100" reason="excess free space following gc" timestamp="2019-07-02T19:53:27.537" />
<gc-end id="1362" type="global" contextid="1354" durationms="5.592" usertimems="4.000" systemtimems="8.000" timestamp="2019-07-02T19:53:27.537" activeThreads="4">
  <mem-info id="1363" free="7390328" total="11730944" percent="62">
    <mem type="tenure" free="7390328" total="11730944" percent="62">
      <mem type="soa" free="7390328" total="11614208" percent="63" />
      <mem type="loa" free="0" total="116736" percent="0" />
    </mem>
  </mem-info>
</gc-end>
<cycle-end id="1364" type="global" contextid="1354" timestamp="2019-07-02T19:53:27.537">
  <attribute name="GC Util" value="22" />
  <attribute name="CPU Util" value="40663839153721" />
  <attribute name="Time Running"value="2344"/>
  <attribute name="Number of cores"value="4"/>
</cycle-end>
<allocation-satisfied id="1365" threadId="0000000002245900" bytesRequested="40" />
<af-end id="1366" timestamp="2019-07-02T19:53:27.538" threadId="0000000002246288" success="true" />
<exclusive-end id="1367" timestamp="2019-07-02T19:53:27.538" durationms="6.122" />

<exclusive-start id="1368" timestamp="2019-07-02T19:53:27.543" intervalms="11.354">
  <response-info timems="0.027" idlems="0.027" threads="0" lastid="000000000223A500" lastname="Thread-10" />
</exclusive-start>
<af-start id="1369" threadId="000000000223AE88" totalBytesRequested="40" timestamp="2019-07-02T19:53:27.543" intervalms="11.393" />
<cycle-start id="1370" type="global" contextid="0" timestamp="2019-07-02T19:53:27.543" intervalms="11.429" />
  <attribute name="GC Util" value="22" />
  <attribute name="CPU Util" value="40663839153721" />
  <attribute name="Time Running"value="2344"/>
  <attribute name="Number of cores"value="4"/>
<gc-start id="1371" type="global" contextid="1370" timestamp="2019-07-02T19:53:27.543">
  <mem-info id="1372" free="0" total="11730944" percent="0">
    <mem type="tenure" free="0" total="11730944" percent="0">
      <mem type="soa" free="0" total="11614208" percent="0" />
      <mem type="loa" free="0" total="116736" percent="0" />
    </mem>
  </mem-info>
</gc-start>
<allocation-stats totalBytes="7454824" >
  <allocated-bytes non-tlh="0" tlh="7454824" />
  <largest-consumer threadName="Thread-8" threadId="0000000002241D00" bytes="2306896" />
</allocation-stats>
<gc-op id="1373" type="mark" timems="2.197" contextid="1370" timestamp="2019-07-02T19:53:27.545">
  <trace-info objectcount="66057" scancount="58481" scanbytes="2276572" />
  <finalization candidates="124" enqueued="0" />
  <ownableSynchronizers candidates="3" cleared="0" />
  <references type="soft" candidates="84" cleared="0" enqueued="0" dynamicThreshold="20" maxThreshold="32" />
  <references type="weak" candidates="776" cleared="0" enqueued="0" />
  <references type="phantom" candidates="63" cleared="0" enqueued="0" />
  <stringconstants candidates="4574" cleared="0"  />
</gc-op>
<gc-op id="1374" type="sweep" timems="0.562" contextid="1370" timestamp="2019-07-02T19:53:27.546" />
<heap-resize id="1375" type="contract" space="tenure" amount="65536" count="1" timems="0.072" reason="excess free space following gc" timestamp="2019-07-02T19:53:27.546" />
<gc-end id="1376" type="global" contextid="1370" durationms="3.222" usertimems="0.000" systemtimems="8.000" timestamp="2019-07-02T19:53:27.546" activeThreads="4">
  <mem-info id="1377" free="7368264" total="11665408" percent="63">
    <mem type="tenure" free="7368264" total="11665408" percent="63" micro-fragmented="4615" macro-fragmented="0">
      <mem type="soa" free="7368264" total="11549696" percent="63" />
      <mem type="loa" free="0" total="115712" percent="0" />
    </mem>
  </mem-info>
</gc-end>
<cycle-end id="1378" type="global" contextid="1370" timestamp="2019-07-02T19:53:27.547">
  <attribute name="GC Util" value="245" />
  <attribute name="CPU Util" value="8060144091682" />
  <attribute name="Time Running"value="2356"/>
  <attribute name="Number of cores"value="4"/>
</cycle-end>
<allocation-satisfied id="1379" threadId="000000000223A500" bytesRequested="40" />
<af-end id="1380" timestamp="2019-07-02T19:53:27.547" threadId="000000000223AE88" success="true" />
<exclusive-end id="1381" timestamp="2019-07-02T19:53:27.547" durationms="3.821" />

<exclusive-start id="1382" timestamp="2019-07-02T19:53:27.552" intervalms="9.070">
  <response-info timems="0.028" idlems="0.028" threads="0" lastid="0000000002245900" lastname="Thread-7" />
</exclusive-start>
<af-start id="1383" threadId="0000000002246288" totalBytesRequested="40" timestamp="2019-07-02T19:53:27.552" intervalms="9.034" />
<cycle-start id="1384" type="global" contextid="0" timestamp="2019-07-02T19:53:27.552" intervalms="9.000" />
  <attribute name="GC Util" value="245" />
  <attribute name="CPU Util" value="8060144091682" />
  <attribute name="Time Running"value="2356"/>
  <attribute name="Number of cores"value="4"/>
<gc-start id="1385" type="global" contextid="1384" timestamp="2019-07-02T19:53:27.552">
  <mem-info id="1386" free="0" total="11665408" percent="0">
    <mem type="tenure" free="0" total="11665408" percent="0">
      <mem type="soa" free="0" total="11549696" percent="0" />
      <mem type="loa" free="0" total="115712" percent="0" />
    </mem>
  </mem-info>
</gc-start>
<allocation-stats totalBytes="7365240" >
  <allocated-bytes non-tlh="0" tlh="7365240" />
  <largest-consumer threadName="Thread-7" threadId="0000000002245900" bytes="2070328" />
</allocation-stats>
<gc-op id="1387" type="mark" timems="5.121" contextid="1384" timestamp="2019-07-02T19:53:27.557">
  <trace-info objectcount="66950" scancount="59381" scanbytes="2298444" />
  <finalization candidates="124" enqueued="0" />
  <ownableSynchronizers candidates="3" cleared="0" />
  <references type="soft" candidates="84" cleared="0" enqueued="0" dynamicThreshold="20" maxThreshold="32" />
  <references type="weak" candidates="776" cleared="0" enqueued="0" />
  <references type="phantom" candidates="63" cleared="0" enqueued="0" />
  <stringconstants candidates="4574" cleared="0"  />
</gc-op>
<gc-op id="1388" type="sweep" timems="0.269" contextid="1384" timestamp="2019-07-02T19:53:27.558" />
<heap-resize id="1389" type="contract" space="tenure" amount="65536" count="1" timems="0.078" reason="excess free space following gc" timestamp="2019-07-02T19:53:27.558" />
<gc-end id="1390" type="global" contextid="1384" durationms="5.873" usertimems="4.000" systemtimems="4.000" timestamp="2019-07-02T19:53:27.558" activeThreads="4">
  <mem-info id="1391" free="7264248" total="11599872" percent="62">
    <mem type="tenure" free="7264248" total="11599872" percent="62" micro-fragmented="16137" macro-fragmented="0">
      <mem type="soa" free="7264248" total="11484160" percent="63" />
      <mem type="loa" free="0" total="115712" percent="0" />
    </mem>
  </mem-info>
</gc-end>
<cycle-end id="1392" type="global" contextid="1384" timestamp="2019-07-02T19:53:27.558">
  <attribute name="GC Util" value="47" />
  <attribute name="CPU Util" value="3531344442116" />
  <attribute name="Time Running"value="2368"/>
  <attribute name="Number of cores"value="4"/>
</cycle-end>
<allocation-satisfied id="1393" threadId="0000000002245900" bytesRequested="40" />
<af-end id="1394" timestamp="2019-07-02T19:53:27.558" threadId="0000000002246288" success="true" />
<exclusive-end id="1395" timestamp="2019-07-02T19:53:27.558" durationms="6.405" />

<exclusive-start id="1396" timestamp="2019-07-02T19:53:27.564" intervalms="11.624">
  <response-info timems="0.024" idlems="0.024" threads="1" lastid="000000000223E100" lastname="Thread-9" />
</exclusive-start>
<af-start id="1397" threadId="0000000002242688" totalBytesRequested="40" timestamp="2019-07-02T19:53:27.565" intervalms="12.995" />
<cycle-start id="1398" type="global" contextid="0" timestamp="2019-07-02T19:53:27.565" intervalms="13.004" />
  <attribute name="GC Util" value="47" />
  <attribute name="CPU Util" value="3531344442116" />
  <attribute name="Time Running"value="2368"/>
  <attribute name="Number of cores"value="4"/>
<gc-start id="1399" type="global" contextid="1398" timestamp="2019-07-02T19:53:27.565">
  <mem-info id="1400" free="0" total="11599872" percent="0">
    <mem type="tenure" free="0" total="11599872" percent="0">
      <mem type="soa" free="0" total="11484160" percent="0" />
      <mem type="loa" free="0" total="115712" percent="0" />
    </mem>
  </mem-info>
</gc-start>
<allocation-stats totalBytes="7256392" >
  <allocated-bytes non-tlh="0" tlh="7256392" />
  <largest-consumer threadName="Thread-8" threadId="0000000002241D00" bytes="2143120" />
</allocation-stats>
<gc-op id="1401" type="mark" timems="1.171" contextid="1398" timestamp="2019-07-02T19:53:27.567">
  <trace-info objectcount="67657" scancount="60082" scanbytes="2315324" />
  <finalization candidates="124" enqueued="0" />
  <ownableSynchronizers candidates="3" cleared="0" />
  <references type="soft" candidates="84" cleared="0" enqueued="0" dynamicThreshold="20" maxThreshold="32" />
  <references type="weak" candidates="776" cleared="0" enqueued="0" />
  <references type="phantom" candidates="63" cleared="0" enqueued="0" />
  <stringconstants candidates="4574" cleared="0"  />
</gc-op>
<gc-op id="1402" type="sweep" timems="0.349" contextid="1398" timestamp="2019-07-02T19:53:27.567" />
<mem-info id="1403" free="7219624" total="11599872" percent="62">
  <mem type="tenure" free="7219624" total="11599872" percent="62" micro-fragmented="20280" macro-fragmented="0">
    <mem type="soa" free="7219624" total="11484160" percent="62" />
    <mem type="loa" free="0" total="115712" percent="0" />
  </mem>
</mem-info>
<gc-op id="1404" type="compact" timems="3.379" contextid="1398" timestamp="2019-07-02T19:53:27.571">
  <compact-info movecount="8507" movebytes="342992" reason="compact to aid heap contraction" />
</gc-op>
<heap-resize id="1405" type="contract" space="tenure" amount="65536" count="1" timems="0.080" reason="excess free space following gc" timestamp="2019-07-02T19:53:27.571" />
<gc-end id="1406" type="global" contextid="1398" durationms="5.643" usertimems="12.000" systemtimems="0.000" timestamp="2019-07-02T19:53:27.571" activeThreads="4">
  <mem-info id="1407" free="7143736" total="11534336" percent="61">
    <mem type="tenure" free="7143736" total="11534336" percent="61">
      <mem type="soa" free="7143736" total="11419648" percent="62" />
      <mem type="loa" free="0" total="114688" percent="0" />
    </mem>
  </mem-info>
</gc-end>
<cycle-end id="1408" type="global" contextid="1398" timestamp="2019-07-02T19:53:27.571">
  <attribute name="GC Util" value="15" />
  <attribute name="CPU Util" value="35387536001413" />
  <attribute name="Time Running"value="2378"/>
  <attribute name="Number of cores"value="4"/>
</cycle-end>
<allocation-satisfied id="1409" threadId="0000000002241D00" bytesRequested="40" />
<af-end id="1410" timestamp="2019-07-02T19:53:27.571" threadId="0000000002242688" success="true" />
<exclusive-end id="1411" timestamp="2019-07-02T19:53:27.571" durationms="7.604" />

<exclusive-start id="1412" timestamp="2019-07-02T19:53:27.578" intervalms="14.439">
  <response-info timems="0.027" idlems="0.027" threads="0" lastid="000000000223E100" lastname="Thread-9" />
</exclusive-start>
<af-start id="1413" threadId="000000000223EA88" totalBytesRequested="40" timestamp="2019-07-02T19:53:27.578" intervalms="13.075" />
<cycle-start id="1414" type="global" contextid="0" timestamp="2019-07-02T19:53:27.578" intervalms="13.107" />
  <attribute name="GC Util" value="15" />
  <attribute name="CPU Util" value="35387536001413" />
  <attribute name="Time Running"value="2378"/>
  <attribute name="Number of cores"value="4"/>
<gc-start id="1415" type="global" contextid="1414" timestamp="2019-07-02T19:53:27.578">
  <mem-info id="1416" free="0" total="11534336" percent="0">
    <mem type="tenure" free="0" total="11534336" percent="0">
      <mem type="soa" free="0" total="11419648" percent="0" />
      <mem type="loa" free="0" total="114688" percent="0" />
    </mem>
  </mem-info>
</gc-start>
<allocation-stats totalBytes="7208304" >
  <allocated-bytes non-tlh="0" tlh="7208304" />
  <largest-consumer threadName="Thread-7" threadId="0000000002245900" bytes="2588392" />
</allocation-stats>
<gc-op id="1417" type="mark" timems="1.841" contextid="1414" timestamp="2019-07-02T19:53:27.580">
  <trace-info objectcount="68435" scancount="60870" scanbytes="2334004" />
  <finalization candidates="124" enqueued="0" />
  <ownableSynchronizers candidates="3" cleared="0" />
  <references type="soft" candidates="84" cleared="0" enqueued="0" dynamicThreshold="19" maxThreshold="32" />
  <references type="weak" candidates="776" cleared="0" enqueued="0" />
  <references type="phantom" candidates="63" cleared="0" enqueued="0" />
  <stringconstants candidates="4574" cleared="0"  />
</gc-op>
<gc-op id="1418" type="sweep" timems="0.762" contextid="1414" timestamp="2019-07-02T19:53:27.581" />
<heap-resize id="1419" type="contract" space="tenure" amount="65536" count="1" timems="0.069" reason="excess free space following gc" timestamp="2019-07-02T19:53:27.581" />
<gc-end id="1420" type="global" contextid="1414" durationms="3.152" usertimems="8.000" systemtimems="0.000" timestamp="2019-07-02T19:53:27.582" activeThreads="4">
  <mem-info id="1421" free="7116144" total="11468800" percent="62">
    <mem type="tenure" free="7116144" total="11468800" percent="62" micro-fragmented="11848" macro-fragmented="0">
      <mem type="soa" free="7116144" total="11354112" percent="62" />
      <mem type="loa" free="0" total="114688" percent="0" />
    </mem>
  </mem-info>
</gc-end>
<cycle-end id="1422" type="global" contextid="1414" timestamp="2019-07-02T19:53:27.582">
  <attribute name="GC Util" value="232" />
  <attribute name="CPU Util" value="9572311465218" />
  <attribute name="Time Running"value="2391"/>
  <attribute name="Number of cores"value="4"/>
</cycle-end>
<allocation-satisfied id="1423" threadId="000000000223E100" bytesRequested="40" />
<af-end id="1424" timestamp="2019-07-02T19:53:27.582" threadId="000000000223EA88" success="true" />
<exclusive-end id="1425" timestamp="2019-07-02T19:53:27.582" durationms="3.625" />

<exclusive-start id="1426" timestamp="2019-07-02T19:53:27.588" intervalms="10.235">
  <response-info timems="0.033" idlems="0.033" threads="0" lastid="000000000223A500" lastname="Thread-10" />
</exclusive-start>
<af-start id="1427" threadId="000000000223AE88" totalBytesRequested="40" timestamp="2019-07-02T19:53:27.588" intervalms="10.238" />
<cycle-start id="1428" type="global" contextid="0" timestamp="2019-07-02T19:53:27.588" intervalms="10.201" />
  <attribute name="GC Util" value="232" />
  <attribute name="CPU Util" value="9572311465218" />
  <attribute name="Time Running"value="2391"/>
  <attribute name="Number of cores"value="4"/>
<gc-start id="1429" type="global" contextid="1428" timestamp="2019-07-02T19:53:27.589">
  <mem-info id="1430" free="0" total="11468800" percent="0">
    <mem type="tenure" free="0" total="11468800" percent="0">
      <mem type="soa" free="0" total="11354112" percent="0" />
      <mem type="loa" free="0" total="114688" percent="0" />
    </mem>
  </mem-info>
</gc-start>
<allocation-stats totalBytes="7112768" >
  <allocated-bytes non-tlh="0" tlh="7112768" />
  <largest-consumer threadName="Thread-10" threadId="000000000223A500" bytes="2500224" />
</allocation-stats>
<gc-op id="1431" type="mark" timems="1.742" contextid="1428" timestamp="2019-07-02T19:53:27.590">
  <trace-info objectcount="64927" scancount="57352" scanbytes="2250028" />
  <finalization candidates="124" enqueued="0" />
  <ownableSynchronizers candidates="3" cleared="0" />
  <references type="soft" candidates="84" cleared="0" enqueued="0" dynamicThreshold="19" maxThreshold="32" />
  <references type="weak" candidates="776" cleared="0" enqueued="0" />
  <references type="phantom" candidates="63" cleared="0" enqueued="0" />
  <stringconstants candidates="4574" cleared="0"  />
</gc-op>
<gc-op id="1432" type="sweep" timems="0.718" contextid="1428" timestamp="2019-07-02T19:53:27.591" />
<mem-info id="1433" free="7141264" total="11468800" percent="62">
  <mem type="tenure" free="7141264" total="11468800" percent="62" micro-fragmented="24630" macro-fragmented="0">
    <mem type="soa" free="7141264" total="11354112" percent="62" />
    <mem type="loa" free="0" total="114688" percent="0" />
  </mem>
</mem-info>
<gc-op id="1434" type="compact" timems="5.487" contextid="1428" timestamp="2019-07-02T19:53:27.597">
  <compact-info movecount="23815" movebytes="1089976" reason="compact to aid heap contraction" />
</gc-op>
<heap-resize id="1435" type="contract" space="tenure" amount="65536" count="1" timems="0.034" reason="excess free space following gc" timestamp="2019-07-02T19:53:27.597" />
<gc-end id="1436" type="global" contextid="1428" durationms="8.801" usertimems="20.000" systemtimems="0.000" timestamp="2019-07-02T19:53:27.597" activeThreads="4">
  <mem-info id="1437" free="7078984" total="11403264" percent="62">
    <mem type="tenure" free="7078984" total="11403264" percent="62">
      <mem type="soa" free="7078984" total="11289600" percent="62" />
      <mem type="loa" free="0" total="113664" percent="0" />
    </mem>
  </mem-info>
</gc-end>
<cycle-end id="1438" type="global" contextid="1428" timestamp="2019-07-02T19:53:27.597">
  <attribute name="GC Util" value="144" />
  <attribute name="CPU Util" value="18550030560114" />
  <attribute name="Time Running"value="2402"/>
  <attribute name="Number of cores"value="4"/>
</cycle-end>
<allocation-satisfied id="1439" threadId="000000000223A500" bytesRequested="40" />
<af-end id="1440" timestamp="2019-07-02T19:53:27.598" threadId="000000000223AE88" success="true" />
<exclusive-end id="1441" timestamp="2019-07-02T19:53:27.598" durationms="9.440" />

<exclusive-start id="1442" timestamp="2019-07-02T19:53:27.603" intervalms="14.649">
  <response-info timems="0.033" idlems="0.033" threads="0" lastid="0000000002241D00" lastname="Thread-8" />
</exclusive-start>
<af-start id="1443" threadId="0000000002242688" totalBytesRequested="40" timestamp="2019-07-02T19:53:27.603" intervalms="14.643" />
<cycle-start id="1444" type="global" contextid="0" timestamp="2019-07-02T19:53:27.603" intervalms="14.642" />
  <attribute name="GC Util" value="144" />
  <attribute name="CPU Util" value="18550030560114" />
  <attribute name="Time Running"value="2402"/>
  <attribute name="Number of cores"value="4"/>
<gc-start id="1445" type="global" contextid="1444" timestamp="2019-07-02T19:53:27.603">
  <mem-info id="1446" free="0" total="11403264" percent="0">
    <mem type="tenure" free="0" total="11403264" percent="0">
      <mem type="soa" free="0" total="11289600" percent="0" />
      <mem type="loa" free="0" total="113664" percent="0" />
    </mem>
  </mem-info>
</gc-start>
<allocation-stats totalBytes="7143496" >
  <allocated-bytes non-tlh="0" tlh="7143496" />
  <largest-consumer threadName="Thread-8" threadId="0000000002241D00" bytes="2130696" />
</allocation-stats>
<gc-op id="1447" type="mark" timems="1.046" contextid="1444" timestamp="2019-07-02T19:53:27.604">
  <trace-info objectcount="66129" scancount="58551" scanbytes="2278508" />
  <finalization candidates="124" enqueued="0" />
  <ownableSynchronizers candidates="3" cleared="0" />
  <references type="soft" candidates="84" cleared="0" enqueued="0" dynamicThreshold="19" maxThreshold="32" />
  <references type="weak" candidates="776" cleared="0" enqueued="0" />
  <references type="phantom" candidates="63" cleared="0" enqueued="0" />
  <stringconstants candidates="4574" cleared="0"  />
</gc-op>
<gc-op id="1448" type="sweep" timems="0.231" contextid="1444" timestamp="2019-07-02T19:53:27.605" />
<heap-resize id="1449" type="contract" space="tenure" amount="65536" count="1" timems="0.084" reason="excess free space following gc" timestamp="2019-07-02T19:53:27.605" />
<gc-end id="1450" type="global" contextid="1444" durationms="1.711" usertimems="4.000" systemtimems="0.000" timestamp="2019-07-02T19:53:27.605" activeThreads="4">
  <mem-info id="1451" free="7039896" total="11337728" percent="62">
    <mem type="tenure" free="7039896" total="11337728" percent="62" micro-fragmented="10762" macro-fragmented="0">
      <mem type="soa" free="7039896" total="11225088" percent="62" />
      <mem type="loa" free="0" total="112640" percent="0" />
    </mem>
  </mem-info>
</gc-end>
<cycle-end id="1452" type="global" contextid="1444" timestamp="2019-07-02T19:53:27.605">
  <attribute name="GC Util" value="211" />
  <attribute name="CPU Util" value="16809269044831" />
  <attribute name="Time Running"value="2415"/>
  <attribute name="Number of cores"value="4"/>
</cycle-end>
<allocation-satisfied id="1453" threadId="0000000002241D00" bytesRequested="40" />
<af-end id="1454" timestamp="2019-07-02T19:53:27.605" threadId="0000000002242688" success="true" />
<exclusive-end id="1455" timestamp="2019-07-02T19:53:27.605" durationms="2.122" />

<exclusive-start id="1456" timestamp="2019-07-02T19:53:27.610" intervalms="7.067">
  <response-info timems="0.021" idlems="0.021" threads="0" lastid="0000000002245900" lastname="Thread-7" />
</exclusive-start>
<af-start id="1457" threadId="0000000002246288" totalBytesRequested="40" timestamp="2019-07-02T19:53:27.613" intervalms="10.036" />
<cycle-start id="1458" type="global" contextid="0" timestamp="2019-07-02T19:53:27.613" intervalms="10.084" />
  <attribute name="GC Util" value="211" />
  <attribute name="CPU Util" value="16809269044831" />
  <attribute name="Time Running"value="2415"/>
  <attribute name="Number of cores"value="4"/>
<gc-start id="1459" type="global" contextid="1458" timestamp="2019-07-02T19:53:27.613">
  <mem-info id="1460" free="0" total="11337728" percent="0">
    <mem type="tenure" free="0" total="11337728" percent="0">
      <mem type="soa" free="0" total="11225088" percent="0" />
      <mem type="loa" free="0" total="112640" percent="0" />
    </mem>
  </mem-info>
</gc-start>
<allocation-stats totalBytes="7036136" >
  <allocated-bytes non-tlh="0" tlh="7036136" />
  <largest-consumer threadName="Thread-8" threadId="0000000002241D00" bytes="2025688" />
</allocation-stats>
<gc-op id="1461" type="mark" timems="1.070" contextid="1458" timestamp="2019-07-02T19:53:27.615">
  <trace-info objectcount="67496" scancount="59930" scanbytes="2311540" />
  <finalization candidates="124" enqueued="0" />
  <ownableSynchronizers candidates="3" cleared="0" />
  <references type="soft" candidates="84" cleared="0" enqueued="0" dynamicThreshold="19" maxThreshold="32" />
  <references type="weak" candidates="776" cleared="0" enqueued="0" />
  <references type="phantom" candidates="63" cleared="0" enqueued="0" />
  <stringconstants candidates="4574" cleared="0"  />
</gc-op>
<gc-op id="1462" type="sweep" timems="0.300" contextid="1458" timestamp="2019-07-02T19:53:27.615" />
<heap-resize id="1463" type="contract" space="tenure" amount="65536" count="1" timems="0.093" reason="excess free space following gc" timestamp="2019-07-02T19:53:27.615" />
<gc-end id="1464" type="global" contextid="1458" durationms="1.927" usertimems="4.000" systemtimems="0.000" timestamp="2019-07-02T19:53:27.615" activeThreads="4">
  <mem-info id="1465" free="6924440" total="11272192" percent="61">
    <mem type="tenure" free="6924440" total="11272192" percent="61" micro-fragmented="13581" macro-fragmented="0">
      <mem type="soa" free="6924440" total="11159552" percent="62" />
      <mem type="loa" free="0" total="112640" percent="0" />
    </mem>
  </mem-info>
</gc-end>
<cycle-end id="1466" type="global" contextid="1458" timestamp="2019-07-02T19:53:27.615">
  <attribute name="GC Util" value="201" />
  <attribute name="CPU Util" value="15839376675734" />
  <attribute name="Time Running"value="2425"/>
  <attribute name="Number of cores"value="4"/>
</cycle-end>
<allocation-satisfied id="1467" threadId="0000000002245900" bytesRequested="40" />
<af-end id="1468" timestamp="2019-07-02T19:53:27.615" threadId="0000000002246288" success="true" />
<exclusive-end id="1469" timestamp="2019-07-02T19:53:27.616" durationms="5.521" />

<exclusive-start id="1470" timestamp="2019-07-02T19:53:27.623" intervalms="13.058">
  <response-info timems="0.033" idlems="0.018" threads="1" lastid="0000000002241D00" lastname="Thread-8" />
</exclusive-start>
<af-start id="1471" threadId="0000000002246288" totalBytesRequested="24" timestamp="2019-07-02T19:53:27.623" intervalms="10.081" />
<cycle-start id="1472" type="global" contextid="0" timestamp="2019-07-02T19:53:27.623" intervalms="10.070" />
  <attribute name="GC Util" value="201" />
  <attribute name="CPU Util" value="15839376675734" />
  <attribute name="Time Running"value="2425"/>
  <attribute name="Number of cores"value="4"/>
<gc-start id="1473" type="global" contextid="1472" timestamp="2019-07-02T19:53:27.623">
  <mem-info id="1474" free="0" total="11272192" percent="0">
    <mem type="tenure" free="0" total="11272192" percent="0">
      <mem type="soa" free="0" total="11159552" percent="0" />
      <mem type="loa" free="0" total="112640" percent="0" />
    </mem>
  </mem-info>
</gc-start>
<allocation-stats totalBytes="6915440" >
  <allocated-bytes non-tlh="0" tlh="6915440" />
  <largest-consumer threadName="Thread-10" threadId="000000000223A500" bytes="2280472" />
</allocation-stats>
<gc-op id="1475" type="mark" timems="1.078" contextid="1472" timestamp="2019-07-02T19:53:27.625">
  <trace-info objectcount="68872" scancount="61292" scanbytes="2344380" />
  <finalization candidates="124" enqueued="0" />
  <ownableSynchronizers candidates="3" cleared="0" />
  <references type="soft" candidates="84" cleared="0" enqueued="0" dynamicThreshold="19" maxThreshold="32" />
  <references type="weak" candidates="776" cleared="0" enqueued="0" />
  <references type="phantom" candidates="63" cleared="0" enqueued="0" />
  <stringconstants candidates="4574" cleared="0"  />
</gc-op>
<gc-op id="1476" type="sweep" timems="0.322" contextid="1472" timestamp="2019-07-02T19:53:27.625" />
<mem-info id="1477" free="6943768" total="11272192" percent="61">
  <mem type="tenure" free="6943768" total="11272192" percent="61" micro-fragmented="11796" macro-fragmented="0">
    <mem type="soa" free="6859264" total="11159552" percent="61" />
    <mem type="loa" free="84504" total="112640" percent="75" />
  </mem>
</mem-info>
<gc-op id="1478" type="compact" timems="3.643" contextid="1472" timestamp="2019-07-02T19:53:27.629">
  <compact-info movecount="11947" movebytes="425448" reason="compact to aid heap contraction" />
</gc-op>
<heap-resize id="1479" type="contract" space="tenure" amount="65536" count="1" timems="0.078" reason="excess free space following gc" timestamp="2019-07-02T19:53:27.629" />
<gc-end id="1480" type="global" contextid="1472" durationms="5.758" usertimems="12.000" systemtimems="0.000" timestamp="2019-07-02T19:53:27.629" activeThreads="4">
  <mem-info id="1481" free="6790072" total="11206656" percent="60">
    <mem type="tenure" free="6790072" total="11206656" percent="60">
      <mem type="soa" free="6790072" total="11095040" percent="61" />
      <mem type="loa" free="0" total="111616" percent="0" />
    </mem>
  </mem-info>
</gc-end>
<cycle-end id="1482" type="global" contextid="1472" timestamp="2019-07-02T19:53:27.629">
  <attribute name="GC Util" value="18" />
  <attribute name="CPU Util" value="39902883655649" />
  <attribute name="Time Running"value="2436"/>
  <attribute name="Number of cores"value="4"/>
</cycle-end>
<allocation-satisfied id="1483" threadId="0000000002245900" bytesRequested="24" />
<af-end id="1484" timestamp="2019-07-02T19:53:27.629" threadId="0000000002246288" success="true" />
<exclusive-end id="1485" timestamp="2019-07-02T19:53:27.629" durationms="6.339" />

<exclusive-start id="1486" timestamp="2019-07-02T19:53:27.641" intervalms="18.003">
  <response-info timems="0.024" idlems="0.024" threads="0" lastid="000000000223A500" lastname="Thread-10" />
</exclusive-start>
<af-start id="1487" threadId="000000000223AE88" totalBytesRequested="40" timestamp="2019-07-02T19:53:27.641" intervalms="18.064" />
<cycle-start id="1488" type="global" contextid="0" timestamp="2019-07-02T19:53:27.641" intervalms="18.092" />
  <attribute name="GC Util" value="18" />
  <attribute name="CPU Util" value="39902883655649" />
  <attribute name="Time Running"value="2436"/>
  <attribute name="Number of cores"value="4"/>
<gc-start id="1489" type="global" contextid="1488" timestamp="2019-07-02T19:53:27.641">
  <mem-info id="1490" free="0" total="11206656" percent="0">
    <mem type="tenure" free="0" total="11206656" percent="0">
      <mem type="soa" free="0" total="11095040" percent="0" />
      <mem type="loa" free="0" total="111616" percent="0" />
    </mem>
  </mem-info>
</gc-start>
<allocation-stats totalBytes="6854752" >
  <allocated-bytes non-tlh="0" tlh="6854752" />
  <largest-consumer threadName="Thread-8" threadId="0000000002241D00" bytes="3374624" />
</allocation-stats>
<gc-op id="1491" type="mark" timems="2.163" contextid="1488" timestamp="2019-07-02T19:53:27.644">
  <trace-info objectcount="70115" scancount="62540" scanbytes="2374444" />
  <finalization candidates="124" enqueued="0" />
  <ownableSynchronizers candidates="3" cleared="0" />
  <references type="soft" candidates="84" cleared="0" enqueued="0" dynamicThreshold="19" maxThreshold="32" />
  <references type="weak" candidates="776" cleared="0" enqueued="0" />
  <references type="phantom" candidates="63" cleared="0" enqueued="0" />
  <stringconstants candidates="4574" cleared="0"  />
</gc-op>
<gc-op id="1492" type="sweep" timems="0.721" contextid="1488" timestamp="2019-07-02T19:53:27.645" />
<heap-resize id="1493" type="contract" space="tenure" amount="65536" count="1" timems="0.034" reason="excess free space following gc" timestamp="2019-07-02T19:53:27.645" />
<gc-end id="1494" type="global" contextid="1488" durationms="3.274" usertimems="8.000" systemtimems="0.000" timestamp="2019-07-02T19:53:27.645" activeThreads="4">
  <mem-info id="1495" free="6736272" total="11141120" percent="60">
    <mem type="tenure" free="6736272" total="11141120" percent="60" micro-fragmented="10800" macro-fragmented="0">
      <mem type="soa" free="6736272" total="11030528" percent="61" />
      <mem type="loa" free="0" total="110592" percent="0" />
    </mem>
  </mem-info>
</gc-end>
<cycle-end id="1496" type="global" contextid="1488" timestamp="2019-07-02T19:53:27.645">
  <attribute name="GC Util" value="237" />
  <attribute name="CPU Util" value="8297029403188" />
  <attribute name="Time Running"value="2454"/>
  <attribute name="Number of cores"value="4"/>
</cycle-end>
<allocation-satisfied id="1497" threadId="000000000223A500" bytesRequested="40" />
<af-end id="1498" timestamp="2019-07-02T19:53:27.645" threadId="000000000223AE88" success="true" />
<exclusive-end id="1499" timestamp="2019-07-02T19:53:27.645" durationms="3.866" />

<exclusive-start id="1500" timestamp="2019-07-02T19:53:27.655" intervalms="14.081">
  <response-info timems="0.462" idlems="0.242" threads="1" lastid="0000000002241D00" lastname="Thread-8" />
</exclusive-start>
<af-start id="1501" threadId="000000000223AE88" totalBytesRequested="40" timestamp="2019-07-02T19:53:27.655" intervalms="14.025" />
<cycle-start id="1502" type="global" contextid="0" timestamp="2019-07-02T19:53:27.655" intervalms="13.957" />
  <attribute name="GC Util" value="237" />
  <attribute name="CPU Util" value="8297029403188" />
  <attribute name="Time Running"value="2454"/>
  <attribute name="Number of cores"value="4"/>
<gc-start id="1503" type="global" contextid="1502" timestamp="2019-07-02T19:53:27.655">
  <mem-info id="1504" free="0" total="11141120" percent="0">
    <mem type="tenure" free="0" total="11141120" percent="0">
      <mem type="soa" free="0" total="11030528" percent="0" />
      <mem type="loa" free="0" total="110592" percent="0" />
    </mem>
  </mem-info>
</gc-start>
<allocation-stats totalBytes="6732000" >
  <allocated-bytes non-tlh="0" tlh="6732000" />
  <largest-consumer threadName="Thread-9" threadId="000000000223E100" bytes="2757376" />
</allocation-stats>
<gc-op id="1505" type="mark" timems="1.833" contextid="1502" timestamp="2019-07-02T19:53:27.657">
  <trace-info objectcount="72070" scancount="64508" scanbytes="2420956" />
  <finalization candidates="124" enqueued="0" />
  <ownableSynchronizers candidates="3" cleared="0" />
  <references type="soft" candidates="84" cleared="0" enqueued="0" dynamicThreshold="19" maxThreshold="32" />
  <references type="weak" candidates="776" cleared="0" enqueued="0" />
  <references type="phantom" candidates="63" cleared="0" enqueued="0" />
  <stringconstants candidates="4574" cleared="0"  />
</gc-op>
<gc-op id="1506" type="sweep" timems="0.579" contextid="1502" timestamp="2019-07-02T19:53:27.658" />
<gc-end id="1507" type="global" contextid="1502" durationms="2.729" usertimems="4.000" systemtimems="0.000" timestamp="2019-07-02T19:53:27.658" activeThreads="4">
  <mem-info id="1508" free="6769968" total="11141120" percent="60">
    <mem type="tenure" free="6769968" total="11141120" percent="60" micro-fragmented="1543" macro-fragmented="0">
      <mem type="soa" free="6672952" total="11030528" percent="60" />
      <mem type="loa" free="97016" total="110592" percent="87" />
    </mem>
  </mem-info>
</gc-end>
<cycle-end id="1509" type="global" contextid="1502" timestamp="2019-07-02T19:53:27.658">
  <attribute name="GC Util" value="242" />
  <attribute name="CPU Util" value="9503599891851" />
  <attribute name="Time Running"value="2468"/>
  <attribute name="Number of cores"value="4"/>
</cycle-end>
<allocation-satisfied id="1510" threadId="000000000223A500" bytesRequested="40" />
<af-end id="1511" timestamp="2019-07-02T19:53:27.658" threadId="000000000223AE88" success="true" />
<exclusive-end id="1512" timestamp="2019-07-02T19:53:27.658" durationms="3.196" />

<exclusive-start id="1513" timestamp="2019-07-02T19:53:27.670" intervalms="15.011">
  <response-info timems="0.087" idlems="0.087" threads="0" lastid="000000000223A500" lastname="Thread-10" />
</exclusive-start>
<af-start id="1514" threadId="000000000223AE88" totalBytesRequested="40" timestamp="2019-07-02T19:53:27.670" intervalms="15.064" />
<cycle-start id="1515" type="global" contextid="0" timestamp="2019-07-02T19:53:27.670" intervalms="15.102" />
  <attribute name="GC Util" value="242" />
  <attribute name="CPU Util" value="9503599891851" />
  <attribute name="Time Running"value="2468"/>
  <attribute name="Number of cores"value="4"/>
<gc-start id="1516" type="global" contextid="1515" timestamp="2019-07-02T19:53:27.671">
  <mem-info id="1517" free="97016" total="11141120" percent="0">
    <mem type="tenure" free="97016" total="11141120" percent="0">
      <mem type="soa" free="0" total="11030528" percent="0" />
      <mem type="loa" free="97016" total="110592" percent="87" />
    </mem>
  </mem-info>
</gc-start>
<allocation-stats totalBytes="6663792" >
  <allocated-bytes non-tlh="19056" tlh="6644736" />
  <largest-consumer threadName="Thread-9" threadId="000000000223E100" bytes="3961192" />
</allocation-stats>
<gc-op id="1518" type="mark" timems="2.016" contextid="1515" timestamp="2019-07-02T19:53:27.673">
  <trace-info objectcount="68355" scancount="60785" scanbytes="2332268" />
  <finalization candidates="124" enqueued="0" />
  <ownableSynchronizers candidates="3" cleared="0" />
  <references type="soft" candidates="84" cleared="0" enqueued="0" dynamicThreshold="19" maxThreshold="32" />
  <references type="weak" candidates="776" cleared="0" enqueued="0" />
  <references type="phantom" candidates="63" cleared="0" enqueued="0" />
  <stringconstants candidates="4574" cleared="0"  />
</gc-op>
<gc-op id="1519" type="sweep" timems="0.899" contextid="1515" timestamp="2019-07-02T19:53:27.674" />
<gc-end id="1520" type="global" contextid="1515" durationms="3.318" usertimems="8.000" systemtimems="0.000" timestamp="2019-07-02T19:53:27.674" activeThreads="4">
  <mem-info id="1521" free="6764584" total="11141120" percent="60">
    <mem type="tenure" free="6764584" total="11141120" percent="60" micro-fragmented="116625" macro-fragmented="0">
      <mem type="soa" free="6667568" total="11030528" percent="60" />
      <mem type="loa" free="97016" total="110592" percent="87" />
    </mem>
  </mem-info>
</gc-end>
<cycle-end id="1522" type="global" contextid="1515" timestamp="2019-07-02T19:53:27.674">
  <attribute name="GC Util" value="252" />
  <attribute name="CPU Util" value="8803250087258" />
  <attribute name="Time Running"value="2483"/>
  <attribute name="Number of cores"value="4"/>
</cycle-end>
<allocation-satisfied id="1523" threadId="000000000223A500" bytesRequested="40" />
<af-end id="1524" timestamp="2019-07-02T19:53:27.674" threadId="000000000223AE88" success="true" />
<exclusive-end id="1525" timestamp="2019-07-02T19:53:27.674" durationms="4.191" />

<exclusive-start id="1526" timestamp="2019-07-02T19:53:27.681" intervalms="10.691">
  <response-info timems="0.022" idlems="0.022" threads="0" lastid="0000000002241D00" lastname="Thread-8" />
</exclusive-start>
<af-start id="1527" threadId="0000000002242688" totalBytesRequested="24" timestamp="2019-07-02T19:53:27.681" intervalms="10.678" />
<cycle-start id="1528" type="global" contextid="0" timestamp="2019-07-02T19:53:27.681" intervalms="10.680" />
  <attribute name="GC Util" value="252" />
  <attribute name="CPU Util" value="8803250087258" />
  <attribute name="Time Running"value="2483"/>
  <attribute name="Number of cores"value="4"/>
<gc-start id="1529" type="global" contextid="1528" timestamp="2019-07-02T19:53:27.681">
  <mem-info id="1530" free="97016" total="11141120" percent="0">
    <mem type="tenure" free="97016" total="11141120" percent="0">
      <mem type="soa" free="0" total="11030528" percent="0" />
      <mem type="loa" free="97016" total="110592" percent="87" />
    </mem>
  </mem-info>
</gc-start>
<allocation-stats totalBytes="6672416" >
  <allocated-bytes non-tlh="19056" tlh="6653360" />
  <largest-consumer threadName="Thread-9" threadId="000000000223E100" bytes="3473160" />
</allocation-stats>
<gc-op id="1531" type="mark" timems="2.309" contextid="1528" timestamp="2019-07-02T19:53:27.684">
  <trace-info objectcount="63845" scancount="56252" scanbytes="2223060" />
  <finalization candidates="124" enqueued="0" />
  <ownableSynchronizers candidates="3" cleared="0" />
  <references type="soft" candidates="84" cleared="0" enqueued="0" dynamicThreshold="19" maxThreshold="32" />
  <references type="weak" candidates="776" cleared="0" enqueued="0" />
  <references type="phantom" candidates="63" cleared="0" enqueued="0" />
  <stringconstants candidates="4574" cleared="0"  />
</gc-op>
<gc-op id="1532" type="sweep" timems="0.740" contextid="1528" timestamp="2019-07-02T19:53:27.684" />
<gc-end id="1533" type="global" contextid="1528" durationms="3.385" usertimems="8.000" systemtimems="0.000" timestamp="2019-07-02T19:53:27.685" activeThreads="4">
  <mem-info id="1534" free="6845736" total="11141120" percent="61">
    <mem type="tenure" free="6845736" total="11141120" percent="61" micro-fragmented="155770" macro-fragmented="0">
      <mem type="soa" free="6735144" total="11030528" percent="61" />
      <mem type="loa" free="110592" total="110592" percent="100" />
    </mem>
  </mem-info>
</gc-end>
<cycle-end id="1535" type="global" contextid="1528" timestamp="2019-07-02T19:53:27.685">
  <attribute name="GC Util" value="245" />
  <attribute name="CPU Util" value="7710263601642" />
  <attribute name="Time Running"value="2494"/>
  <attribute name="Number of cores"value="4"/>
</cycle-end>
<allocation-satisfied id="1536" threadId="0000000002241D00" bytesRequested="24" />
<af-end id="1537" timestamp="2019-07-02T19:53:27.685" threadId="0000000002242688" success="true" />
<exclusive-end id="1538" timestamp="2019-07-02T19:53:27.685" durationms="3.989" />

<exclusive-start id="1539" timestamp="2019-07-02T19:53:27.690" intervalms="9.091">
  <response-info timems="0.026" idlems="0.026" threads="0" lastid="000000000223A500" lastname="Thread-10" />
</exclusive-start>
<af-start id="1540" threadId="000000000223AE88" totalBytesRequested="40" timestamp="2019-07-02T19:53:27.690" intervalms="9.096" />
<cycle-start id="1541" type="global" contextid="0" timestamp="2019-07-02T19:53:27.690" intervalms="9.092" />
  <attribute name="GC Util" value="245" />
  <attribute name="CPU Util" value="7710263601642" />
  <attribute name="Time Running"value="2494"/>
  <attribute name="Number of cores"value="4"/>
<gc-start id="1542" type="global" contextid="1541" timestamp="2019-07-02T19:53:27.690">
  <mem-info id="1543" free="110592" total="11141120" percent="0">
    <mem type="tenure" free="110592" total="11141120" percent="0">
      <mem type="soa" free="0" total="11030528" percent="0" />
      <mem type="loa" free="110592" total="110592" percent="100" />
    </mem>
  </mem-info>
</gc-start>
<allocation-stats totalBytes="6723728" >
  <allocated-bytes non-tlh="0" tlh="6723728" />
  <largest-consumer threadName="Thread-8" threadId="0000000002241D00" bytes="2397064" />
</allocation-stats>
<gc-op id="1544" type="mark" timems="2.057" contextid="1541" timestamp="2019-07-02T19:53:27.692">
  <trace-info objectcount="64520" scancount="56943" scanbytes="2240260" />
  <finalization candidates="124" enqueued="0" />
  <ownableSynchronizers candidates="3" cleared="0" />
  <references type="soft" candidates="84" cleared="0" enqueued="0" dynamicThreshold="19" maxThreshold="32" />
  <references type="weak" candidates="776" cleared="0" enqueued="0" />
  <references type="phantom" candidates="63" cleared="0" enqueued="0" />
  <stringconstants candidates="4574" cleared="0"  />
</gc-op>
<gc-op id="1545" type="sweep" timems="0.809" contextid="1541" timestamp="2019-07-02T19:53:27.693" />
<gc-end id="1546" type="global" contextid="1541" durationms="3.134" usertimems="4.000" systemtimems="4.000" timestamp="2019-07-02T19:53:27.693" activeThreads="4">
  <mem-info id="1547" free="6788296" total="11141120" percent="60">
    <mem type="tenure" free="6788296" total="11141120" percent="60" micro-fragmented="101314" macro-fragmented="0">
      <mem type="soa" free="6677704" total="11030528" percent="60" />
      <mem type="loa" free="110592" total="110592" percent="100" />
    </mem>
  </mem-info>
</gc-end>
<cycle-end id="1548" type="global" contextid="1541" timestamp="2019-07-02T19:53:27.693">
  <attribute name="GC Util" value="249" />
  <attribute name="CPU Util" value="8736802014268" />
  <attribute name="Time Running"value="2503"/>
  <attribute name="Number of cores"value="4"/>
</cycle-end>
<allocation-satisfied id="1549" threadId="000000000223A500" bytesRequested="40" />
<af-end id="1550" timestamp="2019-07-02T19:53:27.694" threadId="000000000223AE88" success="true" />
<exclusive-end id="1551" timestamp="2019-07-02T19:53:27.694" durationms="3.749" />

<exclusive-start id="1552" timestamp="2019-07-02T19:53:27.699" intervalms="8.837">
  <response-info timems="0.024" idlems="0.024" threads="0" lastid="0000000002241D00" lastname="Thread-8" />
</exclusive-start>
<af-start id="1553" threadId="0000000002242688" totalBytesRequested="40" timestamp="2019-07-02T19:53:27.699" intervalms="8.782" />
<cycle-start id="1554" type="global" contextid="0" timestamp="2019-07-02T19:53:27.699" intervalms="8.735" />
  <attribute name="GC Util" value="249" />
  <attribute name="CPU Util" value="8736802014268" />
  <attribute name="Time Running"value="2503"/>
  <attribute name="Number of cores"value="4"/>
<gc-start id="1555" type="global" contextid="1554" timestamp="2019-07-02T19:53:27.699">
  <mem-info id="1556" free="110592" total="11141120" percent="0">
    <mem type="tenure" free="110592" total="11141120" percent="0">
      <mem type="soa" free="0" total="11030528" percent="0" />
      <mem type="loa" free="110592" total="110592" percent="100" />
    </mem>
  </mem-info>
</gc-start>
<allocation-stats totalBytes="6661256" >
  <allocated-bytes non-tlh="0" tlh="6661256" />
  <largest-consumer threadName="Thread-9" threadId="000000000223E100" bytes="2607376" />
</allocation-stats>
<gc-op id="1557" type="mark" timems="1.937" contextid="1554" timestamp="2019-07-02T19:53:27.701">
  <trace-info objectcount="64960" scancount="57408" scanbytes="2250924" />
  <finalization candidates="124" enqueued="0" />
  <ownableSynchronizers candidates="3" cleared="0" />
  <references type="soft" candidates="84" cleared="0" enqueued="0" dynamicThreshold="19" maxThreshold="32" />
  <references type="weak" candidates="776" cleared="0" enqueued="0" />
  <references type="phantom" candidates="63" cleared="0" enqueued="0" />
  <stringconstants candidates="4574" cleared="0"  />
</gc-op>
<gc-op id="1558" type="sweep" timems="0.774" contextid="1554" timestamp="2019-07-02T19:53:27.702" />
<gc-end id="1559" type="global" contextid="1554" durationms="3.052" usertimems="8.000" systemtimems="0.000" timestamp="2019-07-02T19:53:27.702" activeThreads="4">
  <mem-info id="1560" free="6716816" total="11141120" percent="60">
    <mem type="tenure" free="6716816" total="11141120" percent="60" micro-fragmented="87711" macro-fragmented="0">
      <mem type="soa" free="6606224" total="11030528" percent="59" />
      <mem type="loa" free="110592" total="110592" percent="100" />
    </mem>
  </mem-info>
</gc-end>
<cycle-end id="1561" type="global" contextid="1554" timestamp="2019-07-02T19:53:27.702">
  <attribute name="GC Util" value="249" />
  <attribute name="CPU Util" value="9231444890749" />
  <attribute name="Time Running"value="2512"/>
  <attribute name="Number of cores"value="4"/>
</cycle-end>
<allocation-satisfied id="1562" threadId="0000000002241D00" bytesRequested="40" />
<af-end id="1563" timestamp="2019-07-02T19:53:27.702" threadId="0000000002242688" success="true" />
<exclusive-end id="1564" timestamp="2019-07-02T19:53:27.702" durationms="3.583" />

<exclusive-start id="1565" timestamp="2019-07-02T19:53:27.710" intervalms="11.081">
  <response-info timems="2.565" idlems="1.290" threads="1" lastid="0000000002245900" lastname="Thread-7" />
</exclusive-start>
<af-start id="1566" threadId="0000000002242688" totalBytesRequested="24" timestamp="2019-07-02T19:53:27.710" intervalms="11.117" />
<cycle-start id="1567" type="global" contextid="0" timestamp="2019-07-02T19:53:27.710" intervalms="11.158" />
  <attribute name="GC Util" value="249" />
  <attribute name="CPU Util" value="9231444890749" />
  <attribute name="Time Running"value="2512"/>
  <attribute name="Number of cores"value="4"/>
<gc-start id="1568" type="global" contextid="1567" timestamp="2019-07-02T19:53:27.710">
  <mem-info id="1569" free="110592" total="11141120" percent="0">
    <mem type="tenure" free="110592" total="11141120" percent="0">
      <mem type="soa" free="0" total="11030528" percent="0" />
      <mem type="loa" free="110592" total="110592" percent="100" />
    </mem>
  </mem-info>
</gc-start>
<allocation-stats totalBytes="6588104" >
  <allocated-bytes non-tlh="0" tlh="6588104" />
  <largest-consumer threadName="Thread-9" threadId="000000000223E100" bytes="2115640" />
</allocation-stats>
<gc-op id="1570" type="mark" timems="2.138" contextid="1567" timestamp="2019-07-02T19:53:27.712">
  <trace-info objectcount="65474" scancount="57901" scanbytes="2263252" />
  <finalization candidates="124" enqueued="0" />
  <ownableSynchronizers candidates="3" cleared="0" />
  <references type="soft" candidates="84" cleared="0" enqueued="0" dynamicThreshold="19" maxThreshold="32" />
  <references type="weak" candidates="776" cleared="0" enqueued="0" />
  <references type="phantom" candidates="63" cleared="0" enqueued="0" />
  <stringconstants candidates="4574" cleared="0"  />
</gc-op>
<gc-op id="1571" type="sweep" timems="0.809" contextid="1567" timestamp="2019-07-02T19:53:27.713" />
<heap-resize id="1572" type="expand" space="tenure" amount="1048576" count="1" timems="0.039" reason="excessive time being spent in gc" timestamp="2019-07-02T19:53:27.713" />
<gc-end id="1573" type="global" contextid="1567" durationms="3.432" usertimems="8.000" systemtimems="0.000" timestamp="2019-07-02T19:53:27.714" activeThreads="4">
  <mem-info id="1574" free="7703704" total="12189696" percent="63">
    <mem type="tenure" free="7703704" total="12189696" percent="63" micro-fragmented="188230" macro-fragmented="0">
      <mem type="soa" free="7581848" total="12067840" percent="62" />
      <mem type="loa" free="121856" total="121856" percent="100" />
    </mem>
  </mem-info>
</gc-end>
<cycle-end id="1575" type="global" contextid="1567" timestamp="2019-07-02T19:53:27.714">
  <attribute name="GC Util" value="248" />
  <attribute name="CPU Util" value="8290913659331" />
  <attribute name="Time Running"value="2523"/>
  <attribute name="Number of cores"value="4"/>
</cycle-end>
<allocation-satisfied id="1576" threadId="0000000002241D00" bytesRequested="24" />
<af-end id="1577" timestamp="2019-07-02T19:53:27.714" threadId="0000000002242688" success="true" />
<exclusive-end id="1578" timestamp="2019-07-02T19:53:27.714" durationms="4.041" />

<exclusive-start id="1579" timestamp="2019-07-02T19:53:27.719" intervalms="8.670">
  <response-info timems="0.072" idlems="0.072" threads="0" lastid="000000000223E100" lastname="Thread-9" />
</exclusive-start>
<af-start id="1580" threadId="000000000223EA88" totalBytesRequested="40" timestamp="2019-07-02T19:53:27.719" intervalms="8.644" />
<cycle-start id="1581" type="global" contextid="0" timestamp="2019-07-02T19:53:27.719" intervalms="8.654" />
  <attribute name="GC Util" value="248" />
  <attribute name="CPU Util" value="8290913659331" />
  <attribute name="Time Running"value="2523"/>
  <attribute name="Number of cores"value="4"/>
<gc-start id="1582" type="global" contextid="1581" timestamp="2019-07-02T19:53:27.719">
  <mem-info id="1583" free="121856" total="12189696" percent="0">
    <mem type="tenure" free="121856" total="12189696" percent="0">
      <mem type="soa" free="0" total="12067840" percent="0" />
      <mem type="loa" free="121856" total="121856" percent="100" />
    </mem>
  </mem-info>
</gc-start>
<allocation-stats totalBytes="7560000" >
  <allocated-bytes non-tlh="0" tlh="7560000" />
  <largest-consumer threadName="Thread-9" threadId="000000000223E100" bytes="2575432" />
</allocation-stats>
<gc-op id="1584" type="mark" timems="1.985" contextid="1581" timestamp="2019-07-02T19:53:27.721">
  <trace-info objectcount="65835" scancount="58264" scanbytes="2271700" />
  <finalization candidates="124" enqueued="0" />
  <ownableSynchronizers candidates="3" cleared="0" />
  <references type="soft" candidates="84" cleared="0" enqueued="0" dynamicThreshold="20" maxThreshold="32" />
  <references type="weak" candidates="776" cleared="0" enqueued="0" />
  <references type="phantom" candidates="63" cleared="0" enqueued="0" />
  <stringconstants candidates="4574" cleared="0"  />
</gc-op>
<gc-op id="1585" type="sweep" timems="0.839" contextid="1581" timestamp="2019-07-02T19:53:27.722" />
<gc-end id="1586" type="global" contextid="1581" durationms="3.322" usertimems="4.000" systemtimems="0.000" timestamp="2019-07-02T19:53:27.722" activeThreads="4">
  <mem-info id="1587" free="7640656" total="12189696" percent="62">
    <mem type="tenure" free="7640656" total="12189696" percent="62" micro-fragmented="164173" macro-fragmented="0">
      <mem type="soa" free="7518800" total="12067840" percent="62" />
      <mem type="loa" free="121856" total="121856" percent="100" />
    </mem>
  </mem-info>
</gc-end>
<cycle-end id="1588" type="global" contextid="1581" timestamp="2019-07-02T19:53:27.722">
  <attribute name="GC Util" value="241" />
  <attribute name="CPU Util" value="8846523365373" />
  <attribute name="Time Running"value="2532"/>
  <attribute name="Number of cores"value="4"/>
</cycle-end>
<allocation-satisfied id="1589" threadId="000000000223E100" bytesRequested="40" />
<af-end id="1590" timestamp="2019-07-02T19:53:27.722" threadId="000000000223EA88" success="true" />
<exclusive-end id="1591" timestamp="2019-07-02T19:53:27.723" durationms="4.022" />

<exclusive-start id="1592" timestamp="2019-07-02T19:53:27.728" intervalms="9.445">
  <response-info timems="0.023" idlems="0.023" threads="0" lastid="000000000223E100" lastname="Thread-9" />
</exclusive-start>
<af-start id="1593" threadId="000000000223EA88" totalBytesRequested="40" timestamp="2019-07-02T19:53:27.728" intervalms="9.485" />
<cycle-start id="1594" type="global" contextid="0" timestamp="2019-07-02T19:53:27.728" intervalms="9.480" />
  <attribute name="GC Util" value="241" />
  <attribute name="CPU Util" value="8846523365373" />
  <attribute name="Time Running"value="2532"/>
  <attribute name="Number of cores"value="4"/>
<gc-start id="1595" type="global" contextid="1594" timestamp="2019-07-02T19:53:27.728">
  <mem-info id="1596" free="121856" total="12189696" percent="0">
    <mem type="tenure" free="121856" total="12189696" percent="0">
      <mem type="soa" free="0" total="12067840" percent="0" />
      <mem type="loa" free="121856" total="121856" percent="100" />
    </mem>
  </mem-info>
</gc-start>
<allocation-stats totalBytes="7493480" >
  <allocated-bytes non-tlh="0" tlh="7493480" />
  <largest-consumer threadName="Thread-9" threadId="000000000223E100" bytes="2398568" />
</allocation-stats>
<gc-op id="1597" type="mark" timems="2.153" contextid="1594" timestamp="2019-07-02T19:53:27.731">
  <trace-info objectcount="66312" scancount="58723" scanbytes="2282844" />
  <finalization candidates="124" enqueued="0" />
  <ownableSynchronizers candidates="3" cleared="0" />
  <references type="soft" candidates="84" cleared="0" enqueued="0" dynamicThreshold="20" maxThreshold="32" />
  <references type="weak" candidates="776" cleared="0" enqueued="0" />
  <references type="phantom" candidates="63" cleared="0" enqueued="0" />
  <stringconstants candidates="4574" cleared="0"  />
</gc-op>
<gc-op id="1598" type="sweep" timems="0.839" contextid="1594" timestamp="2019-07-02T19:53:27.731" />
<gc-end id="1599" type="global" contextid="1594" durationms="3.342" usertimems="8.000" systemtimems="0.000" timestamp="2019-07-02T19:53:27.732" activeThreads="4">
  <mem-info id="1600" free="7572400" total="12189696" percent="62">
    <mem type="tenure" free="7572400" total="12189696" percent="62" micro-fragmented="155157" macro-fragmented="0">
      <mem type="soa" free="7450544" total="12067840" percent="61" />
      <mem type="loa" free="121856" total="121856" percent="100" />
    </mem>
  </mem-info>
</gc-end>
<cycle-end id="1601" type="global" contextid="1594" timestamp="2019-07-02T19:53:27.732">
  <attribute name="GC Util" value="252" />
  <attribute name="CPU Util" value="8221067644869" />
  <attribute name="Time Running"value="2541"/>
  <attribute name="Number of cores"value="4"/>
</cycle-end>
<allocation-satisfied id="1602" threadId="000000000223E100" bytesRequested="40" />
<af-end id="1603" timestamp="2019-07-02T19:53:27.732" threadId="000000000223EA88" success="true" />
<exclusive-end id="1604" timestamp="2019-07-02T19:53:27.732" durationms="4.133" />

<exclusive-start id="1605" timestamp="2019-07-02T19:53:27.737" intervalms="8.749">
  <response-info timems="0.037" idlems="0.037" threads="0" lastid="000000000223A500" lastname="Thread-10" />
</exclusive-start>
<af-start id="1606" threadId="000000000223AE88" totalBytesRequested="24" timestamp="2019-07-02T19:53:27.737" intervalms="8.753" />
<cycle-start id="1607" type="global" contextid="0" timestamp="2019-07-02T19:53:27.737" intervalms="8.781" />
  <attribute name="GC Util" value="252" />
  <attribute name="CPU Util" value="8221067644869" />
  <attribute name="Time Running"value="2541"/>
  <attribute name="Number of cores"value="4"/>
<gc-start id="1608" type="global" contextid="1607" timestamp="2019-07-02T19:53:27.737">
  <mem-info id="1609" free="121856" total="12189696" percent="0">
    <mem type="tenure" free="121856" total="12189696" percent="0">
      <mem type="soa" free="0" total="12067840" percent="0" />
      <mem type="loa" free="121856" total="121856" percent="100" />
    </mem>
  </mem-info>
</gc-start>
<allocation-stats totalBytes="7421552" >
  <allocated-bytes non-tlh="0" tlh="7421552" />
  <largest-consumer threadName="Thread-9" threadId="000000000223E100" bytes="2733296" />
</allocation-stats>
<gc-op id="1610" type="mark" timems="2.288" contextid="1607" timestamp="2019-07-02T19:53:27.739">
  <trace-info objectcount="66837" scancount="59245" scanbytes="2295860" />
  <finalization candidates="124" enqueued="0" />
  <ownableSynchronizers candidates="3" cleared="0" />
  <references type="soft" candidates="84" cleared="0" enqueued="0" dynamicThreshold="19" maxThreshold="32" />
  <references type="weak" candidates="776" cleared="0" enqueued="0" />
  <references type="phantom" candidates="63" cleared="0" enqueued="0" />
  <stringconstants candidates="4574" cleared="0"  />
</gc-op>
<gc-op id="1611" type="sweep" timems="0.825" contextid="1607" timestamp="2019-07-02T19:53:27.740" />
<gc-end id="1612" type="global" contextid="1607" durationms="3.404" usertimems="8.000" systemtimems="0.000" timestamp="2019-07-02T19:53:27.740" activeThreads="4">
  <mem-info id="1613" free="7473752" total="12189696" percent="61">
    <mem type="tenure" free="7473752" total="12189696" percent="61" micro-fragmented="190545" macro-fragmented="0">
      <mem type="soa" free="7351896" total="12067840" percent="60" />
      <mem type="loa" free="121856" total="121856" percent="100" />
    </mem>
  </mem-info>
</gc-end>
<cycle-end id="1614" type="global" contextid="1607" timestamp="2019-07-02T19:53:27.741">
  <attribute name="GC Util" value="253" />
  <attribute name="CPU Util" value="7842056478010" />
  <attribute name="Time Running"value="2550"/>
  <attribute name="Number of cores"value="4"/>
</cycle-end>
<allocation-satisfied id="1615" threadId="000000000223A500" bytesRequested="24" />
<af-end id="1616" timestamp="2019-07-02T19:53:27.741" threadId="000000000223AE88" success="true" />
<exclusive-end id="1617" timestamp="2019-07-02T19:53:27.741" durationms="4.303" />

<exclusive-start id="1618" timestamp="2019-07-02T19:53:27.746" intervalms="9.025">
  <response-info timems="0.042" idlems="0.041" threads="1" lastid="000000000223E100" lastname="Thread-9" />
</exclusive-start>
<af-start id="1619" threadId="0000000002246288" totalBytesRequested="40" timestamp="2019-07-02T19:53:27.746" intervalms="9.111" />
<cycle-start id="1620" type="global" contextid="0" timestamp="2019-07-02T19:53:27.746" intervalms="9.170" />
  <attribute name="GC Util" value="253" />
  <attribute name="CPU Util" value="7842056478010" />
  <attribute name="Time Running"value="2550"/>
  <attribute name="Number of cores"value="4"/>
<gc-start id="1621" type="global" contextid="1620" timestamp="2019-07-02T19:53:27.746">
  <mem-info id="1622" free="121856" total="12189696" percent="0">
    <mem type="tenure" free="121856" total="12189696" percent="0">
      <mem type="soa" free="0" total="12067840" percent="0" />
      <mem type="loa" free="121856" total="121856" percent="100" />
    </mem>
  </mem-info>
</gc-start>
<allocation-stats totalBytes="7320784" >
  <allocated-bytes non-tlh="0" tlh="7320784" />
  <largest-consumer threadName="Thread-9" threadId="000000000223E100" bytes="2490784" />
</allocation-stats>
<gc-op id="1623" type="mark" timems="1.408" contextid="1620" timestamp="2019-07-02T19:53:27.748">
  <trace-info objectcount="67272" scancount="59704" scanbytes="2305956" />
  <finalization candidates="124" enqueued="0" />
  <ownableSynchronizers candidates="3" cleared="0" />
  <references type="soft" candidates="84" cleared="0" enqueued="0" dynamicThreshold="19" maxThreshold="32" />
  <references type="weak" candidates="776" cleared="0" enqueued="0" />
  <references type="phantom" candidates="63" cleared="0" enqueued="0" />
  <stringconstants candidates="4574" cleared="0"  />
</gc-op>
<gc-op id="1624" type="sweep" timems="0.375" contextid="1620" timestamp="2019-07-02T19:53:27.748" />
<gc-end id="1625" type="global" contextid="1620" durationms="2.281" usertimems="4.000" systemtimems="0.000" timestamp="2019-07-02T19:53:27.749" activeThreads="4">
  <mem-info id="1626" free="7389824" total="12189696" percent="60">
    <mem type="tenure" free="7389824" total="12189696" percent="60" micro-fragmented="137043" macro-fragmented="0">
      <mem type="soa" free="7267968" total="12067840" percent="60" />
      <mem type="loa" free="121856" total="121856" percent="100" />
    </mem>
  </mem-info>
</gc-end>
<cycle-end id="1627" type="global" contextid="1620" timestamp="2019-07-02T19:53:27.749">
  <attribute name="GC Util" value="176" />
  <attribute name="CPU Util" value="12289759044787" />
  <attribute name="Time Running"value="2558"/>
  <attribute name="Number of cores"value="4"/>
</cycle-end>
<allocation-satisfied id="1628" threadId="0000000002245900" bytesRequested="40" />
<af-end id="1629" timestamp="2019-07-02T19:53:27.749" threadId="0000000002246288" success="true" />
<exclusive-end id="1630" timestamp="2019-07-02T19:53:27.749" durationms="3.334" />

<exclusive-start id="1631" timestamp="2019-07-02T19:53:27.754" intervalms="8.014">
  <response-info timems="0.021" idlems="0.021" threads="0" lastid="000000000223E100" lastname="Thread-9" />
</exclusive-start>
<af-start id="1632" threadId="000000000223EA88" totalBytesRequested="40" timestamp="2019-07-02T19:53:27.754" intervalms="8.011" />
<cycle-start id="1633" type="global" contextid="0" timestamp="2019-07-02T19:53:27.754" intervalms="7.977" />
  <attribute name="GC Util" value="176" />
  <attribute name="CPU Util" value="12289759044787" />
  <attribute name="Time Running"value="2558"/>
  <attribute name="Number of cores"value="4"/>
<gc-start id="1634" type="global" contextid="1633" timestamp="2019-07-02T19:53:27.754">
  <mem-info id="1635" free="121856" total="12189696" percent="0">
    <mem type="tenure" free="121856" total="12189696" percent="0">
      <mem type="soa" free="0" total="12067840" percent="0" />
      <mem type="loa" free="121856" total="121856" percent="100" />
    </mem>
  </mem-info>
</gc-start>
<allocation-stats totalBytes="7235112" >
  <allocated-bytes non-tlh="0" tlh="7235112" />
  <largest-consumer threadName="Thread-9" threadId="000000000223E100" bytes="2803752" />
</allocation-stats>
<gc-op id="1636" type="mark" timems="2.114" contextid="1633" timestamp="2019-07-02T19:53:27.757">
  <trace-info objectcount="67798" scancount="60226" scanbytes="2319188" />
  <finalization candidates="124" enqueued="0" />
  <ownableSynchronizers candidates="3" cleared="0" />
  <references type="soft" candidates="84" cleared="0" enqueued="0" dynamicThreshold="19" maxThreshold="32" />
  <references type="weak" candidates="776" cleared="0" enqueued="0" />
  <references type="phantom" candidates="63" cleared="0" enqueued="0" />
  <stringconstants candidates="4574" cleared="0"  />
</gc-op>
<gc-op id="1637" type="sweep" timems="0.870" contextid="1633" timestamp="2019-07-02T19:53:27.757" />
<heap-resize id="1638" type="expand" space="tenure" amount="1048576" count="1" timems="0.054" reason="excessive time being spent in gc" timestamp="2019-07-02T19:53:27.758" />
<gc-end id="1639" type="global" contextid="1633" durationms="3.571" usertimems="8.000" systemtimems="0.000" timestamp="2019-07-02T19:53:27.758" activeThreads="4">
  <mem-info id="1640" free="8334192" total="13238272" percent="62">
    <mem type="tenure" free="8334192" total="13238272" percent="62" micro-fragmented="251136" macro-fragmented="0">
      <mem type="soa" free="8202096" total="13106176" percent="62" />
      <mem type="loa" free="132096" total="132096" percent="100" />
    </mem>
  </mem-info>
</gc-end>
<cycle-end id="1641" type="global" contextid="1633" timestamp="2019-07-02T19:53:27.758">
  <attribute name="GC Util" value="245" />
  <attribute name="CPU Util" value="8349659449906" />
  <attribute name="Time Running"value="2567"/>
  <attribute name="Number of cores"value="4"/>
</cycle-end>
<allocation-satisfied id="1642" threadId="000000000223E100" bytesRequested="40" />
<af-end id="1643" timestamp="2019-07-02T19:53:27.758" threadId="000000000223EA88" success="true" />
<exclusive-end id="1644" timestamp="2019-07-02T19:53:27.758" durationms="4.578" />

<exclusive-start id="1645" timestamp="2019-07-02T19:53:27.763" intervalms="9.629">
  <response-info timems="0.024" idlems="0.024" threads="0" lastid="000000000223E100" lastname="Thread-9" />
</exclusive-start>
<af-start id="1646" threadId="000000000223EA88" totalBytesRequested="40" timestamp="2019-07-02T19:53:27.763" intervalms="9.503" />
<cycle-start id="1647" type="global" contextid="0" timestamp="2019-07-02T19:53:27.764" intervalms="9.416" />
  <attribute name="GC Util" value="245" />
  <attribute name="CPU Util" value="8349659449906" />
  <attribute name="Time Running"value="2567"/>
  <attribute name="Number of cores"value="4"/>
<gc-start id="1648" type="global" contextid="1647" timestamp="2019-07-02T19:53:27.764">
  <mem-info id="1649" free="132096" total="13238272" percent="0">
    <mem type="tenure" free="132096" total="13238272" percent="0">
      <mem type="soa" free="0" total="13106176" percent="0" />
      <mem type="loa" free="132096" total="132096" percent="100" />
    </mem>
  </mem-info>
</gc-start>
<allocation-stats totalBytes="8166656" >
  <allocated-bytes non-tlh="0" tlh="8166656" />
  <largest-consumer threadName="Thread-9" threadId="000000000223E100" bytes="2714472" />
</allocation-stats>
<gc-op id="1650" type="mark" timems="2.016" contextid="1647" timestamp="2019-07-02T19:53:27.766">
  <trace-info objectcount="68312" scancount="60732" scanbytes="2331148" />
  <finalization candidates="124" enqueued="0" />
  <ownableSynchronizers candidates="3" cleared="0" />
  <references type="soft" candidates="84" cleared="0" enqueued="0" dynamicThreshold="20" maxThreshold="32" />
  <references type="weak" candidates="776" cleared="0" enqueued="0" />
  <references type="phantom" candidates="63" cleared="0" enqueued="0" />
  <stringconstants candidates="4574" cleared="0"  />
</gc-op>
<gc-op id="1651" type="sweep" timems="0.864" contextid="1647" timestamp="2019-07-02T19:53:27.767" />
<gc-end id="1652" type="global" contextid="1647" durationms="3.188" usertimems="4.000" systemtimems="0.000" timestamp="2019-07-02T19:53:27.767" activeThreads="4">
  <mem-info id="1653" free="8249256" total="13238272" percent="62">
    <mem type="tenure" free="8249256" total="13238272" percent="62" micro-fragmented="238141" macro-fragmented="0">
      <mem type="soa" free="8117160" total="13106176" percent="61" />
      <mem type="loa" free="132096" total="132096" percent="100" />
    </mem>
  </mem-info>
</gc-end>
<cycle-end id="1654" type="global" contextid="1647" timestamp="2019-07-02T19:53:27.767">
  <attribute name="GC Util" value="247" />
  <attribute name="CPU Util" value="8749499117500" />
  <attribute name="Time Running"value="2576"/>
  <attribute name="Number of cores"value="4"/>
</cycle-end>
<allocation-satisfied id="1655" threadId="000000000223E100" bytesRequested="40" />
<af-end id="1656" timestamp="2019-07-02T19:53:27.767" threadId="000000000223EA88" success="true" />
<exclusive-end id="1657" timestamp="2019-07-02T19:53:27.767" durationms="3.929" />

<exclusive-start id="1658" timestamp="2019-07-02T19:53:27.775" intervalms="11.293">
  <response-info timems="1.022" idlems="0.521" threads="1" lastid="0000000002245900" lastname="Thread-7" />
</exclusive-start>
<af-start id="1659" threadId="0000000002242688" totalBytesRequested="40" timestamp="2019-07-02T19:53:27.775" intervalms="11.339" />
<cycle-start id="1660" type="global" contextid="0" timestamp="2019-07-02T19:53:27.775" intervalms="11.371" />
  <attribute name="GC Util" value="247" />
  <attribute name="CPU Util" value="8749499117500" />
  <attribute name="Time Running"value="2576"/>
  <attribute name="Number of cores"value="4"/>
<gc-start id="1661" type="global" contextid="1660" timestamp="2019-07-02T19:53:27.775">
  <mem-info id="1662" free="132096" total="13238272" percent="0">
    <mem type="tenure" free="132096" total="13238272" percent="0">
      <mem type="soa" free="0" total="13106176" percent="0" />
      <mem type="loa" free="132096" total="132096" percent="100" />
    </mem>
  </mem-info>
</gc-start>
<allocation-stats totalBytes="8079168" >
  <allocated-bytes non-tlh="0" tlh="8079168" />
  <largest-consumer threadName="Thread-9" threadId="000000000223E100" bytes="3485168" />
</allocation-stats>
<gc-op id="1663" type="mark" timems="2.348" contextid="1660" timestamp="2019-07-02T19:53:27.777">
  <trace-info objectcount="68909" scancount="61338" scanbytes="2345548" />
  <finalization candidates="124" enqueued="0" />
  <ownableSynchronizers candidates="3" cleared="0" />
  <references type="soft" candidates="84" cleared="0" enqueued="0" dynamicThreshold="19" maxThreshold="32" />
  <references type="weak" candidates="776" cleared="0" enqueued="0" />
  <references type="phantom" candidates="63" cleared="0" enqueued="0" />
  <stringconstants candidates="4574" cleared="0"  />
</gc-op>
<gc-op id="1664" type="sweep" timems="0.928" contextid="1660" timestamp="2019-07-02T19:53:27.778" />
<gc-end id="1665" type="global" contextid="1660" durationms="3.563" usertimems="8.000" systemtimems="0.000" timestamp="2019-07-02T19:53:27.779" activeThreads="4">
  <mem-info id="1666" free="8135264" total="13238272" percent="61">
    <mem type="tenure" free="8135264" total="13238272" percent="61" micro-fragmented="265817" macro-fragmented="0">
      <mem type="soa" free="8003168" total="13106176" percent="61" />
      <mem type="loa" free="132096" total="132096" percent="100" />
    </mem>
  </mem-info>
</gc-end>
<cycle-end id="1667" type="global" contextid="1660" timestamp="2019-07-02T19:53:27.779">
  <attribute name="GC Util" value="239" />
  <attribute name="CPU Util" value="7579157204516" />
  <attribute name="Time Running"value="2588"/>
  <attribute name="Number of cores"value="4"/>
</cycle-end>
<allocation-satisfied id="1668" threadId="0000000002241D00" bytesRequested="40" />
<af-end id="1669" timestamp="2019-07-02T19:53:27.779" threadId="0000000002242688" success="true" />
<exclusive-end id="1670" timestamp="2019-07-02T19:53:27.779" durationms="4.319" />

<exclusive-start id="1671" timestamp="2019-07-02T19:53:27.785" intervalms="10.689">
  <response-info timems="0.059" idlems="0.059" threads="0" lastid="0000000002241D00" lastname="Thread-8" />
</exclusive-start>
<af-start id="1672" threadId="0000000002242688" totalBytesRequested="40" timestamp="2019-07-02T19:53:27.785" intervalms="10.673" />
<cycle-start id="1673" type="global" contextid="0" timestamp="2019-07-02T19:53:27.786" intervalms="10.670" />
  <attribute name="GC Util" value="239" />
  <attribute name="CPU Util" value="7579157204516" />
  <attribute name="Time Running"value="2588"/>
  <attribute name="Number of cores"value="4"/>
<gc-start id="1674" type="global" contextid="1673" timestamp="2019-07-02T19:53:27.786">
  <mem-info id="1675" free="132096" total="13238272" percent="0">
    <mem type="tenure" free="132096" total="13238272" percent="0">
      <mem type="soa" free="0" total="13106176" percent="0" />
      <mem type="loa" free="132096" total="132096" percent="100" />
    </mem>
  </mem-info>
</gc-start>
<allocation-stats totalBytes="7961904" >
  <allocated-bytes non-tlh="0" tlh="7961904" />
  <largest-consumer threadName="Thread-9" threadId="000000000223E100" bytes="3865976" />
</allocation-stats>
<gc-op id="1676" type="mark" timems="2.158" contextid="1673" timestamp="2019-07-02T19:53:27.788">
  <trace-info objectcount="69360" scancount="61775" scanbytes="2356404" />
  <finalization candidates="124" enqueued="0" />
  <ownableSynchronizers candidates="3" cleared="0" />
  <references type="soft" candidates="84" cleared="0" enqueued="0" dynamicThreshold="19" maxThreshold="32" />
  <references type="weak" candidates="776" cleared="0" enqueued="0" />
  <references type="phantom" candidates="63" cleared="0" enqueued="0" />
  <stringconstants candidates="4574" cleared="0"  />
</gc-op>
<gc-op id="1677" type="sweep" timems="0.916" contextid="1673" timestamp="2019-07-02T19:53:27.789" />
<gc-end id="1678" type="global" contextid="1673" durationms="3.355" usertimems="8.000" systemtimems="0.000" timestamp="2019-07-02T19:53:27.789" activeThreads="4">
  <mem-info id="1679" free="8027552" total="13238272" percent="60">
    <mem type="tenure" free="8027552" total="13238272" percent="60" micro-fragmented="269525" macro-fragmented="0">
      <mem type="soa" free="7895456" total="13106176" percent="60" />
      <mem type="loa" free="132096" total="132096" percent="100" />
    </mem>
  </mem-info>
</gc-end>
<cycle-end id="1680" type="global" contextid="1673" timestamp="2019-07-02T19:53:27.789">
  <attribute name="GC Util" value="243" />
  <attribute name="CPU Util" value="8374134282564" />
  <attribute name="Time Running"value="2598"/>
  <attribute name="Number of cores"value="4"/>
</cycle-end>
<allocation-satisfied id="1681" threadId="0000000002241D00" bytesRequested="40" />
<af-end id="1682" timestamp="2019-07-02T19:53:27.789" threadId="0000000002242688" success="true" />
<exclusive-end id="1683" timestamp="2019-07-02T19:53:27.789" durationms="4.095" />

<exclusive-start id="1684" timestamp="2019-07-02T19:53:27.795" intervalms="9.177">
  <response-info timems="0.024" idlems="0.024" threads="0" lastid="000000000223A500" lastname="Thread-10" />
</exclusive-start>
<af-start id="1685" threadId="000000000223AE88" totalBytesRequested="40" timestamp="2019-07-02T19:53:27.795" intervalms="9.216" />
<cycle-start id="1686" type="global" contextid="0" timestamp="2019-07-02T19:53:27.795" intervalms="9.228" />
  <attribute name="GC Util" value="243" />
  <attribute name="CPU Util" value="8374134282564" />
  <attribute name="Time Running"value="2598"/>
  <attribute name="Number of cores"value="4"/>
<gc-start id="1687" type="global" contextid="1686" timestamp="2019-07-02T19:53:27.795">
  <mem-info id="1688" free="132096" total="13238272" percent="0">
    <mem type="tenure" free="132096" total="13238272" percent="0">
      <mem type="soa" free="0" total="13106176" percent="0" />
      <mem type="loa" free="132096" total="132096" percent="100" />
    </mem>
  </mem-info>
</gc-start>
<allocation-stats totalBytes="7852560" >
  <allocated-bytes non-tlh="0" tlh="7852560" />
  <largest-consumer threadName="Thread-9" threadId="000000000223E100" bytes="2759136" />
</allocation-stats>
<gc-op id="1689" type="mark" timems="2.198" contextid="1686" timestamp="2019-07-02T19:53:27.797">
  <trace-info objectcount="69915" scancount="62339" scanbytes="2369468" />
  <finalization candidates="124" enqueued="0" />
  <ownableSynchronizers candidates="3" cleared="0" />
  <references type="soft" candidates="84" cleared="0" enqueued="0" dynamicThreshold="19" maxThreshold="32" />
  <references type="weak" candidates="776" cleared="0" enqueued="0" />
  <references type="phantom" candidates="63" cleared="0" enqueued="0" />
  <stringconstants candidates="4574" cleared="0"  />
</gc-op>
<gc-op id="1690" type="sweep" timems="0.923" contextid="1686" timestamp="2019-07-02T19:53:27.798" />
<heap-resize id="1691" type="expand" space="tenure" amount="1048576" count="1" timems="0.062" reason="excessive time being spent in gc" timestamp="2019-07-02T19:53:27.799" />
<gc-end id="1692" type="global" contextid="1686" durationms="3.826" usertimems="4.000" systemtimems="0.000" timestamp="2019-07-02T19:53:27.799" activeThreads="4">
  <mem-info id="1693" free="8958584" total="14286848" percent="62">
    <mem type="tenure" free="8958584" total="14286848" percent="62" micro-fragmented="441585" macro-fragmented="0">
      <mem type="soa" free="8816248" total="14144512" percent="62" />
      <mem type="loa" free="142336" total="142336" percent="100" />
    </mem>
  </mem-info>
</gc-end>
<cycle-end id="1694" type="global" contextid="1686" timestamp="2019-07-02T19:53:27.799">
  <attribute name="GC Util" value="245" />
  <attribute name="CPU Util" value="7869821683184" />
  <attribute name="Time Running"value="2608"/>
  <attribute name="Number of cores"value="4"/>
</cycle-end>
<allocation-satisfied id="1695" threadId="000000000223A500" bytesRequested="40" />
<af-end id="1696" timestamp="2019-07-02T19:53:27.799" threadId="000000000223AE88" success="true" />
<exclusive-end id="1697" timestamp="2019-07-02T19:53:27.799" durationms="4.741" />

<exclusive-start id="1698" timestamp="2019-07-02T19:53:27.806" intervalms="11.155">
  <response-info timems="0.167" idlems="0.092" threads="1" lastid="0000000002245900" lastname="Thread-7" />
</exclusive-start>
<af-start id="1699" threadId="000000000223AE88" totalBytesRequested="40" timestamp="2019-07-02T19:53:27.806" intervalms="11.085" />
<cycle-start id="1700" type="global" contextid="0" timestamp="2019-07-02T19:53:27.806" intervalms="11.080" />
  <attribute name="GC Util" value="245" />
  <attribute name="CPU Util" value="7869821683184" />
  <attribute name="Time Running"value="2608"/>
  <attribute name="Number of cores"value="4"/>
<gc-start id="1701" type="global" contextid="1700" timestamp="2019-07-02T19:53:27.806">
  <mem-info id="1702" free="142336" total="14286848" percent="0">
    <mem type="tenure" free="142336" total="14286848" percent="0">
      <mem type="soa" free="0" total="14144512" percent="0" />
      <mem type="loa" free="142336" total="142336" percent="100" />
    </mem>
  </mem-info>
</gc-start>
<allocation-stats totalBytes="8771408" >
  <allocated-bytes non-tlh="0" tlh="8771408" />
  <largest-consumer threadName="Thread-9" threadId="000000000223E100" bytes="3433424" />
</allocation-stats>
<gc-op id="1703" type="mark" timems="2.205" contextid="1700" timestamp="2019-07-02T19:53:27.808">
  <trace-info objectcount="70507" scancount="62930" scanbytes="2383932" />
  <finalization candidates="124" enqueued="0" />
  <ownableSynchronizers candidates="3" cleared="0" />
  <references type="soft" candidates="84" cleared="0" enqueued="0" dynamicThreshold="20" maxThreshold="32" />
  <references type="weak" candidates="776" cleared="0" enqueued="0" />
  <references type="phantom" candidates="63" cleared="0" enqueued="0" />
  <stringconstants candidates="4574" cleared="0"  />
</gc-op>
<gc-op id="1704" type="sweep" timems="0.953" contextid="1700" timestamp="2019-07-02T19:53:27.809" />
<gc-end id="1705" type="global" contextid="1700" durationms="3.607" usertimems="8.000" systemtimems="0.000" timestamp="2019-07-02T19:53:27.810" activeThreads="4">
  <mem-info id="1706" free="8834848" total="14286848" percent="61">
    <mem type="tenure" free="8834848" total="14286848" percent="61" micro-fragmented="317905" macro-fragmented="0">
      <mem type="soa" free="8692512" total="14144512" percent="61" />
      <mem type="loa" free="142336" total="142336" percent="100" />
    </mem>
  </mem-info>
</gc-end>
<cycle-end id="1707" type="global" contextid="1700" timestamp="2019-07-02T19:53:27.810">
  <attribute name="GC Util" value="252" />
  <attribute name="CPU Util" value="8030102736094" />
  <attribute name="Time Running"value="2619"/>
  <attribute name="Number of cores"value="4"/>
</cycle-end>
<allocation-satisfied id="1708" threadId="000000000223A500" bytesRequested="40" />
<af-end id="1709" timestamp="2019-07-02T19:53:27.810" threadId="000000000223AE88" success="true" />
<exclusive-end id="1710" timestamp="2019-07-02T19:53:27.810" durationms="4.322" />

<exclusive-start id="1711" timestamp="2019-07-02T19:53:27.817" intervalms="11.299">
  <response-info timems="0.045" idlems="0.045" threads="0" lastid="000000000223A500" lastname="Thread-10" />
</exclusive-start>
<af-start id="1712" threadId="000000000223AE88" totalBytesRequested="40" timestamp="2019-07-02T19:53:27.817" intervalms="11.336" />
<cycle-start id="1713" type="global" contextid="0" timestamp="2019-07-02T19:53:27.817" intervalms="11.336" />
  <attribute name="GC Util" value="252" />
  <attribute name="CPU Util" value="8030102736094" />
  <attribute name="Time Running"value="2619"/>
  <attribute name="Number of cores"value="4"/>
<gc-start id="1714" type="global" contextid="1713" timestamp="2019-07-02T19:53:27.817">
  <mem-info id="1715" free="142336" total="14286848" percent="0">
    <mem type="tenure" free="142336" total="14286848" percent="0">
      <mem type="soa" free="0" total="14144512" percent="0" />
      <mem type="loa" free="142336" total="142336" percent="100" />
    </mem>
  </mem-info>
</gc-start>
<allocation-stats totalBytes="8644328" >
  <allocated-bytes non-tlh="23160" tlh="8621168" />
  <largest-consumer threadName="Thread-9" threadId="000000000223E100" bytes="3307512" />
</allocation-stats>
<gc-op id="1716" type="mark" timems="2.159" contextid="1713" timestamp="2019-07-02T19:53:27.820">
  <trace-info objectcount="66257" scancount="58658" scanbytes="2281660" />
  <finalization candidates="124" enqueued="0" />
  <ownableSynchronizers candidates="3" cleared="0" />
  <references type="soft" candidates="84" cleared="0" enqueued="0" dynamicThreshold="19" maxThreshold="32" />
  <references type="weak" candidates="776" cleared="0" enqueued="0" />
  <references type="phantom" candidates="63" cleared="0" enqueued="0" />
  <stringconstants candidates="4574" cleared="0"  />
</gc-op>
<gc-op id="1717" type="sweep" timems="0.872" contextid="1713" timestamp="2019-07-02T19:53:27.821" />
<gc-end id="1718" type="global" contextid="1713" durationms="3.469" usertimems="4.000" systemtimems="0.000" timestamp="2019-07-02T19:53:27.821" activeThreads="4">
  <mem-info id="1719" free="9401880" total="14286848" percent="65">
    <mem type="tenure" free="9401880" total="14286848" percent="65" micro-fragmented="151797" macro-fragmented="0">
      <mem type="soa" free="9259544" total="14144512" percent="65" />
      <mem type="loa" free="142336" total="142336" percent="100" />
    </mem>
  </mem-info>
</gc-end>
<cycle-end id="1720" type="global" contextid="1713" timestamp="2019-07-02T19:53:27.821">
  <attribute name="GC Util" value="243" />
  <attribute name="CPU Util" value="8176106739182" />
  <attribute name="Time Running"value="2630"/>
  <attribute name="Number of cores"value="4"/>
</cycle-end>
<allocation-satisfied id="1721" threadId="000000000223A500" bytesRequested="40" />
<af-end id="1722" timestamp="2019-07-02T19:53:27.821" threadId="000000000223AE88" success="true" />
<exclusive-end id="1723" timestamp="2019-07-02T19:53:27.821" durationms="4.158" />

<exclusive-start id="1724" timestamp="2019-07-02T19:53:27.828" intervalms="11.100">
  <response-info timems="0.029" idlems="0.027" threads="1" lastid="000000000223E100" lastname="Thread-9" />
</exclusive-start>
<af-start id="1725" threadId="0000000002246288" totalBytesRequested="40" timestamp="2019-07-02T19:53:27.830" intervalms="12.457" />
<cycle-start id="1726" type="global" contextid="0" timestamp="2019-07-02T19:53:27.832" intervalms="15.007" />
  <attribute name="GC Util" value="243" />
  <attribute name="CPU Util" value="8176106739182" />
  <attribute name="Time Running"value="2630"/>
  <attribute name="Number of cores"value="4"/>
<gc-start id="1727" type="global" contextid="1726" timestamp="2019-07-02T19:53:27.832">
  <mem-info id="1728" free="142336" total="14286848" percent="0">
    <mem type="tenure" free="142336" total="14286848" percent="0">
      <mem type="soa" free="0" total="14144512" percent="0" />
      <mem type="loa" free="142336" total="142336" percent="100" />
    </mem>
  </mem-info>
</gc-start>
<allocation-stats totalBytes="9284528" >
  <allocated-bytes non-tlh="0" tlh="9284528" />
  <largest-consumer threadName="Thread-9" threadId="000000000223E100" bytes="3171248" />
</allocation-stats>
<gc-op id="1729" type="mark" timems="1.406" contextid="1726" timestamp="2019-07-02T19:53:27.834">
  <trace-info objectcount="66936" scancount="59365" scanbytes="2298052" />
  <finalization candidates="124" enqueued="0" />
  <ownableSynchronizers candidates="3" cleared="0" />
  <references type="soft" candidates="84" cleared="0" enqueued="0" dynamicThreshold="21" maxThreshold="32" />
  <references type="weak" candidates="776" cleared="0" enqueued="0" />
  <references type="phantom" candidates="63" cleared="0" enqueued="0" />
  <stringconstants candidates="4574" cleared="0"  />
</gc-op>
<gc-op id="1730" type="sweep" timems="0.445" contextid="1726" timestamp="2019-07-02T19:53:27.835" />
<heap-resize id="1731" type="contract" space="tenure" amount="131072" count="1" timems="0.064" reason="excess free space following gc" timestamp="2019-07-02T19:53:27.835" />
<gc-end id="1732" type="global" contextid="1726" durationms="2.432" usertimems="8.000" systemtimems="0.000" timestamp="2019-07-02T19:53:27.835" activeThreads="4">
  <mem-info id="1733" free="9082216" total="14155776" percent="64">
    <mem type="tenure" free="9082216" total="14155776" percent="64" micro-fragmented="286401" macro-fragmented="0">
      <mem type="soa" free="9082216" total="14014464" percent="64" />
      <mem type="loa" free="0" total="141312" percent="0" />
    </mem>
  </mem-info>
</gc-end>
<cycle-end id="1734" type="global" contextid="1726" timestamp="2019-07-02T19:53:27.835">
  <attribute name="GC Util" value="187" />
  <attribute name="CPU Util" value="12057515004284" />
  <attribute name="Time Running"value="2644"/>
  <attribute name="Number of cores"value="4"/>
</cycle-end>
<allocation-satisfied id="1735" threadId="0000000002245900" bytesRequested="40" />
<af-end id="1736" timestamp="2019-07-02T19:53:27.835" threadId="0000000002246288" success="true" />
<exclusive-end id="1737" timestamp="2019-07-02T19:53:27.835" durationms="7.060" />

<exclusive-start id="1738" timestamp="2019-07-02T19:53:27.843" intervalms="14.762">
  <response-info timems="0.030" idlems="0.030" threads="0" lastid="000000000223E100" lastname="Thread-9" />
</exclusive-start>
<af-start id="1739" threadId="000000000223EA88" totalBytesRequested="40" timestamp="2019-07-02T19:53:27.843" intervalms="13.410" />
<cycle-start id="1740" type="global" contextid="0" timestamp="2019-07-02T19:53:27.843" intervalms="10.866" />
  <attribute name="GC Util" value="187" />
  <attribute name="CPU Util" value="12057515004284" />
  <attribute name="Time Running"value="2644"/>
  <attribute name="Number of cores"value="4"/>
<gc-start id="1741" type="global" contextid="1740" timestamp="2019-07-02T19:53:27.843">
  <mem-info id="1742" free="0" total="14155776" percent="0">
    <mem type="tenure" free="0" total="14155776" percent="0">
      <mem type="soa" free="0" total="14014464" percent="0" />
      <mem type="loa" free="0" total="141312" percent="0" />
    </mem>
  </mem-info>
</gc-start>
<allocation-stats totalBytes="9040144" >
  <allocated-bytes non-tlh="0" tlh="9040144" />
  <largest-consumer threadName="Thread-9" threadId="000000000223E100" bytes="3671912" />
</allocation-stats>
<gc-op id="1743" type="mark" timems="2.588" contextid="1740" timestamp="2019-07-02T19:53:27.846">
  <trace-info objectcount="67864" scancount="60287" scanbytes="2320204" />
  <finalization candidates="124" enqueued="0" />
  <ownableSynchronizers candidates="3" cleared="0" />
  <references type="soft" candidates="84" cleared="0" enqueued="0" dynamicThreshold="20" maxThreshold="32" />
  <references type="weak" candidates="776" cleared="0" enqueued="0" />
  <references type="phantom" candidates="63" cleared="0" enqueued="0" />
  <stringconstants candidates="4574" cleared="0"  />
</gc-op>
<gc-op id="1744" type="sweep" timems="0.910" contextid="1740" timestamp="2019-07-02T19:53:27.847" />
<mem-info id="1745" free="8922464" total="14155776" percent="63">
  <mem type="tenure" free="8922464" total="14155776" percent="63" micro-fragmented="300266" macro-fragmented="0">
    <mem type="soa" free="8922464" total="14014464" percent="63" />
    <mem type="loa" free="0" total="141312" percent="0" />
  </mem>
</mem-info>
<gc-op id="1746" type="compact" timems="5.293" contextid="1740" timestamp="2019-07-02T19:53:27.853">
  <compact-info movecount="28117" movebytes="1225672" reason="compact to aid heap contraction" />
</gc-op>
<heap-resize id="1747" type="contract" space="tenure" amount="131072" count="1" timems="0.086" reason="excess free space following gc" timestamp="2019-07-02T19:53:27.853" />
<gc-end id="1748" type="global" contextid="1740" durationms="9.699" usertimems="16.000" systemtimems="0.000" timestamp="2019-07-02T19:53:27.853" activeThreads="4">
  <mem-info id="1749" free="9733672" total="14024704" percent="69">
    <mem type="tenure" free="9733672" total="14024704" percent="69">
      <mem type="soa" free="9604648" total="13885440" percent="69" />
      <mem type="loa" free="129024" total="139264" percent="92" />
    </mem>
  </mem-info>
</gc-end>
<cycle-end id="1750" type="global" contextid="1740" timestamp="2019-07-02T19:53:27.853">
  <attribute name="GC Util" value="120" />
  <attribute name="CPU Util" value="15823860050386" />
  <attribute name="Time Running"value="2658"/>
  <attribute name="Number of cores"value="4"/>
</cycle-end>
<allocation-satisfied id="1751" threadId="000000000223E100" bytesRequested="40" />
<af-end id="1752" timestamp="2019-07-02T19:53:27.853" threadId="000000000223EA88" success="true" />
<exclusive-end id="1753" timestamp="2019-07-02T19:53:27.853" durationms="10.414" />

<exclusive-start id="1754" timestamp="2019-07-02T19:53:27.860" intervalms="17.119">
  <response-info timems="0.384" idlems="0.201" threads="1" lastid="0000000002245900" lastname="Thread-7" />
</exclusive-start>
<af-start id="1755" threadId="000000000223EA88" totalBytesRequested="40" timestamp="2019-07-02T19:53:27.860" intervalms="17.106" />
<cycle-start id="1756" type="global" contextid="0" timestamp="2019-07-02T19:53:27.860" intervalms="17.112" />
  <attribute name="GC Util" value="120" />
  <attribute name="CPU Util" value="15823860050386" />
  <attribute name="Time Running"value="2658"/>
  <attribute name="Number of cores"value="4"/>
<gc-start id="1757" type="global" contextid="1756" timestamp="2019-07-02T19:53:27.860">
  <mem-info id="1758" free="129024" total="14024704" percent="0">
    <mem type="tenure" free="129024" total="14024704" percent="0">
      <mem type="soa" free="0" total="13885440" percent="0" />
      <mem type="loa" free="129024" total="139264" percent="92" />
    </mem>
  </mem-info>
</gc-start>
<allocation-stats totalBytes="9668752" >
  <allocated-bytes non-tlh="0" tlh="9668752" />
  <largest-consumer threadName="Thread-9" threadId="000000000223E100" bytes="3112504" />
</allocation-stats>
<gc-op id="1759" type="mark" timems="1.917" contextid="1756" timestamp="2019-07-02T19:53:27.862">
  <trace-info objectcount="68864" scancount="61287" scanbytes="2344276" />
  <finalization candidates="124" enqueued="0" />
  <ownableSynchronizers candidates="3" cleared="0" />
  <references type="soft" candidates="84" cleared="0" enqueued="0" dynamicThreshold="22" maxThreshold="32" />
  <references type="weak" candidates="776" cleared="0" enqueued="0" />
  <references type="phantom" candidates="63" cleared="0" enqueued="0" />
  <stringconstants candidates="4574" cleared="0"  />
</gc-op>
<gc-op id="1760" type="sweep" timems="0.707" contextid="1756" timestamp="2019-07-02T19:53:27.863" />
<heap-resize id="1761" type="contract" space="tenure" amount="131072" count="1" timems="0.089" reason="excess free space following gc" timestamp="2019-07-02T19:53:27.863" />
<gc-end id="1762" type="global" contextid="1756" durationms="3.157" usertimems="8.000" systemtimems="0.000" timestamp="2019-07-02T19:53:27.863" activeThreads="4">
  <mem-info id="1763" free="9544752" total="13893632" percent="68">
    <mem type="tenure" free="9544752" total="13893632" percent="68" micro-fragmented="24443" macro-fragmented="0">
      <mem type="soa" free="9456216" total="13755392" percent="68" />
      <mem type="loa" free="88536" total="138240" percent="64" />
    </mem>
  </mem-info>
</gc-end>
<cycle-end id="1764" type="global" contextid="1756" timestamp="2019-07-02T19:53:27.864">
  <attribute name="GC Util" value="231" />
  <attribute name="CPU Util" value="9184027612556" />
  <attribute name="Time Running"value="2673"/>
  <attribute name="Number of cores"value="4"/>
</cycle-end>
<allocation-satisfied id="1765" threadId="000000000223E100" bytesRequested="40" />
<af-end id="1766" timestamp="2019-07-02T19:53:27.864" threadId="000000000223EA88" success="true" />
<exclusive-end id="1767" timestamp="2019-07-02T19:53:27.864" durationms="3.852" />

<exclusive-start id="1768" timestamp="2019-07-02T19:53:27.871" intervalms="10.862">
  <response-info timems="0.102" idlems="0.061" threads="1" lastid="0000000002245900" lastname="Thread-7" />
</exclusive-start>
<af-start id="1769" threadId="000000000223AE88" totalBytesRequested="40" timestamp="2019-07-02T19:53:27.871" intervalms="10.836" />
<cycle-start id="1770" type="global" contextid="0" timestamp="2019-07-02T19:53:27.871" intervalms="10.847" />
  <attribute name="GC Util" value="231" />
  <attribute name="CPU Util" value="9184027612556" />
  <attribute name="Time Running"value="2673"/>
  <attribute name="Number of cores"value="4"/>
<gc-start id="1771" type="global" contextid="1770" timestamp="2019-07-02T19:53:27.871">
  <mem-info id="1772" free="88536" total="13893632" percent="0">
    <mem type="tenure" free="88536" total="13893632" percent="0">
      <mem type="soa" free="0" total="13755392" percent="0" />
      <mem type="loa" free="88536" total="138240" percent="64" />
    </mem>
  </mem-info>
</gc-start>
<allocation-stats totalBytes="9450840" >
  <allocated-bytes non-tlh="0" tlh="9450840" />
  <largest-consumer threadName="Thread-9" threadId="000000000223E100" bytes="3110304" />
</allocation-stats>
<gc-op id="1773" type="mark" timems="2.075" contextid="1770" timestamp="2019-07-02T19:53:27.874">
  <trace-info objectcount="69979" scancount="62408" scanbytes="2371012" />
  <finalization candidates="124" enqueued="0" />
  <ownableSynchronizers candidates="3" cleared="0" />
  <references type="soft" candidates="84" cleared="0" enqueued="0" dynamicThreshold="21" maxThreshold="32" />
  <references type="weak" candidates="776" cleared="0" enqueued="0" />
  <references type="phantom" candidates="63" cleared="0" enqueued="0" />
  <stringconstants candidates="4574" cleared="0"  />
</gc-op>
<gc-op id="1774" type="sweep" timems="0.790" contextid="1770" timestamp="2019-07-02T19:53:27.874" />
<heap-resize id="1775" type="contract" space="tenure" amount="65536" count="1" timems="0.079" reason="excess free space following gc" timestamp="2019-07-02T19:53:27.875" />
<gc-end id="1776" type="global" contextid="1770" durationms="3.600" usertimems="4.000" systemtimems="0.000" timestamp="2019-07-02T19:53:27.875" activeThreads="4">
  <mem-info id="1777" free="9305288" total="13828096" percent="67">
    <mem type="tenure" free="9305288" total="13828096" percent="67" micro-fragmented="12589" macro-fragmented="0">
      <mem type="soa" free="9305288" total="13689856" percent="67" />
      <mem type="loa" free="0" total="138240" percent="0" />
    </mem>
  </mem-info>
</gc-end>
<cycle-end id="1778" type="global" contextid="1770" timestamp="2019-07-02T19:53:27.875">
  <attribute name="GC Util" value="226" />
  <attribute name="CPU Util" value="8475872110745" />
  <attribute name="Time Running"value="2684"/>
  <attribute name="Number of cores"value="4"/>
</cycle-end>
<allocation-satisfied id="1779" threadId="000000000223A500" bytesRequested="40" />
<af-end id="1780" timestamp="2019-07-02T19:53:27.875" threadId="000000000223AE88" success="true" />
<exclusive-end id="1781" timestamp="2019-07-02T19:53:27.875" durationms="4.361" />

<exclusive-start id="1782" timestamp="2019-07-02T19:53:27.883" intervalms="12.509">
  <response-info timems="0.085" idlems="0.085" threads="0" lastid="000000000223A500" lastname="Thread-10" />
</exclusive-start>
<af-start id="1783" threadId="000000000223AE88" totalBytesRequested="40" timestamp="2019-07-02T19:53:27.883" intervalms="12.554" />
<cycle-start id="1784" type="global" contextid="0" timestamp="2019-07-02T19:53:27.884" intervalms="12.543" />
  <attribute name="GC Util" value="226" />
  <attribute name="CPU Util" value="8475872110745" />
  <attribute name="Time Running"value="2684"/>
  <attribute name="Number of cores"value="4"/>
<gc-start id="1785" type="global" contextid="1784" timestamp="2019-07-02T19:53:27.884">
  <mem-info id="1786" free="0" total="13828096" percent="0">
    <mem type="tenure" free="0" total="13828096" percent="0">
      <mem type="soa" free="0" total="13689856" percent="0" />
      <mem type="loa" free="0" total="138240" percent="0" />
    </mem>
  </mem-info>
</gc-start>
<allocation-stats totalBytes="9292824" >
  <allocated-bytes non-tlh="0" tlh="9292824" />
  <largest-consumer threadName="Thread-9" threadId="000000000223E100" bytes="3443976" />
</allocation-stats>
<gc-op id="1787" type="mark" timems="2.348" contextid="1784" timestamp="2019-07-02T19:53:27.886">
  <trace-info objectcount="70838" scancount="63268" scanbytes="2391604" />
  <finalization candidates="124" enqueued="0" />
  <ownableSynchronizers candidates="3" cleared="0" />
  <references type="soft" candidates="84" cleared="0" enqueued="0" dynamicThreshold="21" maxThreshold="32" />
  <references type="weak" candidates="776" cleared="0" enqueued="0" />
  <references type="phantom" candidates="63" cleared="0" enqueued="0" />
  <stringconstants candidates="4574" cleared="0"  />
</gc-op>
<gc-op id="1788" type="sweep" timems="0.788" contextid="1784" timestamp="2019-07-02T19:53:27.887" />
<mem-info id="1789" free="9197384" total="13828096" percent="66">
  <mem type="tenure" free="9197384" total="13828096" percent="66" micro-fragmented="60529" macro-fragmented="0">
    <mem type="soa" free="9197384" total="13689856" percent="67" />
    <mem type="loa" free="0" total="138240" percent="0" />
  </mem>
</mem-info>
<gc-op id="1790" type="compact" timems="6.557" contextid="1784" timestamp="2019-07-02T19:53:27.894">
  <compact-info movecount="31072" movebytes="1296616" reason="compact to aid heap contraction" />
</gc-op>
<heap-resize id="1791" type="contract" space="tenure" amount="131072" count="1" timems="0.089" reason="excess free space following gc" timestamp="2019-07-02T19:53:27.894" />
<gc-end id="1792" type="global" contextid="1784" durationms="10.794" usertimems="20.000" systemtimems="0.000" timestamp="2019-07-02T19:53:27.894" activeThreads="4">
  <mem-info id="1793" free="9337664" total="13697024" percent="68">
    <mem type="tenure" free="9337664" total="13697024" percent="68">
      <mem type="soa" free="9208640" total="13560832" percent="67" />
      <mem type="loa" free="129024" total="136192" percent="94" />
    </mem>
  </mem-info>
</gc-end>
<cycle-end id="1794" type="global" contextid="1784" timestamp="2019-07-02T19:53:27.895">
  <attribute name="GC Util" value="129" />
  <attribute name="CPU Util" value="17353181197345" />
  <attribute name="Time Running"value="2698"/>
  <attribute name="Number of cores"value="4"/>
</cycle-end>
<allocation-satisfied id="1795" threadId="000000000223A500" bytesRequested="40" />
<af-end id="1796" timestamp="2019-07-02T19:53:27.895" threadId="000000000223AE88" success="true" />
<exclusive-end id="1797" timestamp="2019-07-02T19:53:27.895" durationms="11.578" />

<exclusive-start id="1798" timestamp="2019-07-02T19:53:27.901" intervalms="17.992">
  <response-info timems="0.027" idlems="0.027" threads="0" lastid="000000000223E100" lastname="Thread-9" />
</exclusive-start>
<af-start id="1799" threadId="000000000223EA88" totalBytesRequested="40" timestamp="2019-07-02T19:53:27.902" intervalms="18.049" />
<cycle-start id="1800" type="global" contextid="0" timestamp="2019-07-02T19:53:27.902" intervalms="18.121" />
  <attribute name="GC Util" value="129" />
  <attribute name="CPU Util" value="17353181197345" />
  <attribute name="Time Running"value="2698"/>
  <attribute name="Number of cores"value="4"/>
<gc-start id="1801" type="global" contextid="1800" timestamp="2019-07-02T19:53:27.902">
  <mem-info id="1802" free="129024" total="13697024" percent="0">
    <mem type="tenure" free="129024" total="13697024" percent="0">
      <mem type="soa" free="0" total="13560832" percent="0" />
      <mem type="loa" free="129024" total="136192" percent="94" />
    </mem>
  </mem-info>
</gc-start>
<allocation-stats totalBytes="9272920" >
  <allocated-bytes non-tlh="0" tlh="9272920" />
  <largest-consumer threadName="Thread-9" threadId="000000000223E100" bytes="2981504" />
</allocation-stats>
<gc-op id="1803" type="mark" timems="2.078" contextid="1800" timestamp="2019-07-02T19:53:27.904">
  <trace-info objectcount="71647" scancount="64073" scanbytes="2411252" />
  <finalization candidates="124" enqueued="0" />
  <ownableSynchronizers candidates="3" cleared="0" />
  <references type="soft" candidates="84" cleared="0" enqueued="0" dynamicThreshold="21" maxThreshold="32" />
  <references type="weak" candidates="776" cleared="0" enqueued="0" />
  <references type="phantom" candidates="63" cleared="0" enqueued="0" />
  <stringconstants candidates="4574" cleared="0"  />
</gc-op>
<gc-op id="1804" type="sweep" timems="0.720" contextid="1800" timestamp="2019-07-02T19:53:27.905" />
<heap-resize id="1805" type="contract" space="tenure" amount="131072" count="1" timems="0.049" reason="excess free space following gc" timestamp="2019-07-02T19:53:27.905" />
<gc-end id="1806" type="global" contextid="1800" durationms="3.408" usertimems="8.000" systemtimems="0.000" timestamp="2019-07-02T19:53:27.905" activeThreads="4">
  <mem-info id="1807" free="9096336" total="13565952" percent="67">
    <mem type="tenure" free="9096336" total="13565952" percent="67" micro-fragmented="18435" macro-fragmented="0">
      <mem type="soa" free="9096336" total="13430784" percent="67" />
      <mem type="loa" free="0" total="135168" percent="0" />
    </mem>
  </mem-info>
</gc-end>
<cycle-end id="1808" type="global" contextid="1800" timestamp="2019-07-02T19:53:27.905">
  <attribute name="GC Util" value="232" />
  <attribute name="CPU Util" value="8515063460424" />
  <attribute name="Time Running"value="2715"/>
  <attribute name="Number of cores"value="4"/>
</cycle-end>
<allocation-satisfied id="1809" threadId="000000000223E100" bytesRequested="40" />
<af-end id="1810" timestamp="2019-07-02T19:53:27.906" threadId="000000000223EA88" success="true" />
<exclusive-end id="1811" timestamp="2019-07-02T19:53:27.906" durationms="4.256" />

<exclusive-start id="1812" timestamp="2019-07-02T19:53:27.913" intervalms="11.402">
  <response-info timems="0.026" idlems="0.026" threads="0" lastid="000000000223E100" lastname="Thread-9" />
</exclusive-start>
<af-start id="1813" threadId="000000000223EA88" totalBytesRequested="40" timestamp="2019-07-02T19:53:27.913" intervalms="11.299" />
<cycle-start id="1814" type="global" contextid="0" timestamp="2019-07-02T19:53:27.913" intervalms="11.182" />
  <attribute name="GC Util" value="232" />
  <attribute name="CPU Util" value="8515063460424" />
  <attribute name="Time Running"value="2715"/>
  <attribute name="Number of cores"value="4"/>
<gc-start id="1815" type="global" contextid="1814" timestamp="2019-07-02T19:53:27.913">
  <mem-info id="1816" free="0" total="13565952" percent="0">
    <mem type="tenure" free="0" total="13565952" percent="0">
      <mem type="soa" free="0" total="13430784" percent="0" />
      <mem type="loa" free="0" total="135168" percent="0" />
    </mem>
  </mem-info>
</gc-start>
<allocation-stats totalBytes="9090784" >
  <allocated-bytes non-tlh="0" tlh="9090784" />
  <largest-consumer threadName="Thread-9" threadId="000000000223E100" bytes="3043528" />
</allocation-stats>
<gc-op id="1817" type="mark" timems="2.346" contextid="1814" timestamp="2019-07-02T19:53:27.915">
  <trace-info objectcount="72148" scancount="64576" scanbytes="2422972" />
  <finalization candidates="124" enqueued="0" />
  <ownableSynchronizers candidates="3" cleared="0" />
  <references type="soft" candidates="84" cleared="0" enqueued="0" dynamicThreshold="21" maxThreshold="32" />
  <references type="weak" candidates="776" cleared="0" enqueued="0" />
  <references type="phantom" candidates="63" cleared="0" enqueued="0" />
  <stringconstants candidates="4574" cleared="0"  />
</gc-op>
<gc-op id="1818" type="sweep" timems="0.753" contextid="1814" timestamp="2019-07-02T19:53:27.916" />
<mem-info id="1819" free="9055624" total="13565952" percent="66">
  <mem type="tenure" free="9055624" total="13565952" percent="66" micro-fragmented="13075" macro-fragmented="0">
    <mem type="soa" free="9055624" total="13430784" percent="67" />
    <mem type="loa" free="0" total="135168" percent="0" />
  </mem>
</mem-info>
<gc-op id="1820" type="compact" timems="4.296" contextid="1814" timestamp="2019-07-02T19:53:27.921">
  <compact-info movecount="3489" movebytes="85048" reason="compact to aid heap contraction" />
</gc-op>
<heap-resize id="1821" type="contract" space="tenure" amount="131072" count="1" timems="0.082" reason="excess free space following gc" timestamp="2019-07-02T19:53:27.921" />
<gc-end id="1822" type="global" contextid="1814" durationms="8.119" usertimems="12.000" systemtimems="4.000" timestamp="2019-07-02T19:53:27.921" activeThreads="4">
  <mem-info id="1823" free="9047224" total="13434880" percent="67">
    <mem type="tenure" free="9047224" total="13434880" percent="67">
      <mem type="soa" free="8917176" total="13300736" percent="67" />
      <mem type="loa" free="130048" total="134144" percent="96" />
    </mem>
  </mem-info>
</gc-end>
<cycle-end id="1824" type="global" contextid="1814" timestamp="2019-07-02T19:53:27.921">
  <attribute name="GC Util" value="138" />
  <attribute name="CPU Util" value="19809222275675" />
  <attribute name="Time Running"value="2727"/>
  <attribute name="Number of cores"value="4"/>
</cycle-end>
<allocation-satisfied id="1825" threadId="000000000223E100" bytesRequested="40" />
<af-end id="1826" timestamp="2019-07-02T19:53:27.921" threadId="000000000223EA88" success="true" />
<exclusive-end id="1827" timestamp="2019-07-02T19:53:27.921" durationms="8.734" />

<exclusive-start id="1828" timestamp="2019-07-02T19:53:27.928" intervalms="14.852">
  <response-info timems="0.026" idlems="0.026" threads="0" lastid="0000000002241D00" lastname="Thread-8" />
</exclusive-start>
<af-start id="1829" threadId="0000000002242688" totalBytesRequested="40" timestamp="2019-07-02T19:53:27.928" intervalms="14.885" />
<cycle-start id="1830" type="global" contextid="0" timestamp="2019-07-02T19:53:27.928" intervalms="14.914" />
  <attribute name="GC Util" value="138" />
  <attribute name="CPU Util" value="19809222275675" />
  <attribute name="Time Running"value="2727"/>
  <attribute name="Number of cores"value="4"/>
<gc-start id="1831" type="global" contextid="1830" timestamp="2019-07-02T19:53:27.928">
  <mem-info id="1832" free="130048" total="13434880" percent="0">
    <mem type="tenure" free="130048" total="13434880" percent="0">
      <mem type="soa" free="0" total="13300736" percent="0" />
      <mem type="loa" free="130048" total="134144" percent="96" />
    </mem>
  </mem-info>
</gc-start>
<allocation-stats totalBytes="8981640" >
  <allocated-bytes non-tlh="0" tlh="8981640" />
  <largest-consumer threadName="Thread-8" threadId="0000000002241D00" bytes="3415624" />
</allocation-stats>
<gc-op id="1833" type="mark" timems="2.186" contextid="1830" timestamp="2019-07-02T19:53:27.930">
  <trace-info objectcount="68147" scancount="60571" scanbytes="2326852" />
  <finalization candidates="124" enqueued="0" />
  <ownableSynchronizers candidates="3" cleared="0" />
  <references type="soft" candidates="84" cleared="0" enqueued="0" dynamicThreshold="21" maxThreshold="32" />
  <references type="weak" candidates="776" cleared="0" enqueued="0" />
  <references type="phantom" candidates="63" cleared="0" enqueued="0" />
  <stringconstants candidates="4574" cleared="0"  />
</gc-op>
<gc-op id="1834" type="sweep" timems="0.726" contextid="1830" timestamp="2019-07-02T19:53:27.931" />
<heap-resize id="1835" type="contract" space="tenure" amount="131072" count="1" timems="0.097" reason="excess free space following gc" timestamp="2019-07-02T19:53:27.931" />
<gc-end id="1836" type="global" contextid="1830" durationms="3.373" usertimems="8.000" systemtimems="0.000" timestamp="2019-07-02T19:53:27.931" activeThreads="4">
  <mem-info id="1837" free="8869504" total="13303808" percent="66">
    <mem type="tenure" free="8869504" total="13303808" percent="66" micro-fragmented="84838" macro-fragmented="0">
      <mem type="soa" free="8797760" total="13171712" percent="66" />
      <mem type="loa" free="71744" total="132096" percent="54" />
    </mem>
  </mem-info>
</gc-end>
<cycle-end id="1838" type="global" contextid="1830" timestamp="2019-07-02T19:53:27.931">
  <attribute name="GC Util" value="244" />
  <attribute name="CPU Util" value="8127027805613" />
  <attribute name="Time Running"value="2741"/>
  <attribute name="Number of cores"value="4"/>
</cycle-end>
<allocation-satisfied id="1839" threadId="0000000002241D00" bytesRequested="40" />
<af-end id="1840" timestamp="2019-07-02T19:53:27.932" threadId="0000000002242688" success="true" />
<exclusive-end id="1841" timestamp="2019-07-02T19:53:27.932" durationms="3.962" />

<exclusive-start id="1842" timestamp="2019-07-02T19:53:27.938" intervalms="10.071">
  <response-info timems="0.070" idlems="0.052" threads="2" lastid="0000000002245900" lastname="Thread-7" />
</exclusive-start>
<af-start id="1843" threadId="0000000002242688" totalBytesRequested="40" timestamp="2019-07-02T19:53:27.938" intervalms="10.018" />
<cycle-start id="1844" type="global" contextid="0" timestamp="2019-07-02T19:53:27.938" intervalms="10.014" />
  <attribute name="GC Util" value="244" />
  <attribute name="CPU Util" value="8127027805613" />
  <attribute name="Time Running"value="2741"/>
  <attribute name="Number of cores"value="4"/>
<gc-start id="1845" type="global" contextid="1844" timestamp="2019-07-02T19:53:27.938">
  <mem-info id="1846" free="71744" total="13303808" percent="0">
    <mem type="tenure" free="71744" total="13303808" percent="0">
      <mem type="soa" free="0" total="13171712" percent="0" />
      <mem type="loa" free="71744" total="132096" percent="54" />
    </mem>
  </mem-info>
</gc-start>
<allocation-stats totalBytes="8855144" >
  <allocated-bytes non-tlh="0" tlh="8855144" />
  <largest-consumer threadName="Thread-8" threadId="0000000002241D00" bytes="3158048" />
</allocation-stats>
<gc-op id="1847" type="mark" timems="2.065" contextid="1844" timestamp="2019-07-02T19:53:27.940">
  <trace-info objectcount="68941" scancount="61366" scanbytes="2346196" />
  <finalization candidates="124" enqueued="0" />
  <ownableSynchronizers candidates="3" cleared="0" />
  <references type="soft" candidates="84" cleared="0" enqueued="0" dynamicThreshold="21" maxThreshold="32" />
  <references type="weak" candidates="776" cleared="0" enqueued="0" />
  <references type="phantom" candidates="63" cleared="0" enqueued="0" />
  <stringconstants candidates="4574" cleared="0"  />
</gc-op>
<gc-op id="1848" type="sweep" timems="0.785" contextid="1844" timestamp="2019-07-02T19:53:27.941" />
<heap-resize id="1849" type="contract" space="tenure" amount="131072" count="1" timems="0.105" reason="excess free space following gc" timestamp="2019-07-02T19:53:27.941" />
<gc-end id="1850" type="global" contextid="1844" durationms="3.398" usertimems="8.000" systemtimems="0.000" timestamp="2019-07-02T19:53:27.941" activeThreads="4">
  <mem-info id="1851" free="8695368" total="13172736" percent="66">
    <mem type="tenure" free="8695368" total="13172736" percent="66" micro-fragmented="84689" macro-fragmented="0">
      <mem type="soa" free="8695368" total="13041664" percent="66" />
      <mem type="loa" free="0" total="131072" percent="0" />
    </mem>
  </mem-info>
</gc-end>
<cycle-end id="1852" type="global" contextid="1844" timestamp="2019-07-02T19:53:27.941">
  <attribute name="GC Util" value="255" />
  <attribute name="CPU Util" value="8572408963294" />
  <attribute name="Time Running"value="2751"/>
  <attribute name="Number of cores"value="4"/>
</cycle-end>
<allocation-satisfied id="1853" threadId="0000000002241D00" bytesRequested="40" />
<af-end id="1854" timestamp="2019-07-02T19:53:27.942" threadId="0000000002242688" success="true" />
<exclusive-end id="1855" timestamp="2019-07-02T19:53:27.942" durationms="3.971" />

<exclusive-start id="1856" timestamp="2019-07-02T19:53:27.948" intervalms="10.592">
  <response-info timems="0.025" idlems="0.022" threads="1" lastid="0000000002245900" lastname="Thread-7" />
</exclusive-start>
<af-start id="1857" threadId="0000000002242688" totalBytesRequested="40" timestamp="2019-07-02T19:53:27.948" intervalms="10.596" />
<cycle-start id="1858" type="global" contextid="0" timestamp="2019-07-02T19:53:27.948" intervalms="10.554" />
  <attribute name="GC Util" value="255" />
  <attribute name="CPU Util" value="8572408963294" />
  <attribute name="Time Running"value="2751"/>
  <attribute name="Number of cores"value="4"/>
<gc-start id="1859" type="global" contextid="1858" timestamp="2019-07-02T19:53:27.948">
  <mem-info id="1860" free="0" total="13172736" percent="0">
    <mem type="tenure" free="0" total="13172736" percent="0">
      <mem type="soa" free="0" total="13041664" percent="0" />
      <mem type="loa" free="0" total="131072" percent="0" />
    </mem>
  </mem-info>
</gc-start>
<allocation-stats totalBytes="8682576" >
  <allocated-bytes non-tlh="0" tlh="8682576" />
  <largest-consumer threadName="Thread-8" threadId="0000000002241D00" bytes="3003872" />
</allocation-stats>
<gc-op id="1861" type="mark" timems="2.084" contextid="1858" timestamp="2019-07-02T19:53:27.951">
  <trace-info objectcount="69516" scancount="61953" scanbytes="2359644" />
  <finalization candidates="124" enqueued="0" />
  <ownableSynchronizers candidates="3" cleared="0" />
  <references type="soft" candidates="84" cleared="0" enqueued="0" dynamicThreshold="21" maxThreshold="32" />
  <references type="weak" candidates="776" cleared="0" enqueued="0" />
  <references type="phantom" candidates="63" cleared="0" enqueued="0" />
  <stringconstants candidates="4574" cleared="0"  />
</gc-op>
<gc-op id="1862" type="sweep" timems="0.778" contextid="1858" timestamp="2019-07-02T19:53:27.951" />
<mem-info id="1863" free="8635904" total="13172736" percent="65">
  <mem type="tenure" free="8635904" total="13172736" percent="65" micro-fragmented="72125" macro-fragmented="0">
    <mem type="soa" free="8635904" total="13041664" percent="66" />
    <mem type="loa" free="0" total="131072" percent="0" />
  </mem>
</mem-info>
<gc-op id="1864" type="compact" timems="6.298" contextid="1858" timestamp="2019-07-02T19:53:27.958">
  <compact-info movecount="29748" movebytes="1264608" reason="compact to aid heap contraction" />
</gc-op>
<heap-resize id="1865" type="contract" space="tenure" amount="65536" count="1" timems="0.059" reason="excess free space following gc" timestamp="2019-07-02T19:53:27.958" />
<gc-end id="1866" type="global" contextid="1858" durationms="9.766" usertimems="24.000" systemtimems="0.000" timestamp="2019-07-02T19:53:27.958" activeThreads="4">
  <mem-info id="1867" free="8786968" total="13107200" percent="67">
    <mem type="tenure" free="8786968" total="13107200" percent="67">
      <mem type="soa" free="8655896" total="12976128" percent="66" />
      <mem type="loa" free="131072" total="131072" percent="100" />
    </mem>
  </mem-info>
</gc-end>
<cycle-end id="1868" type="global" contextid="1858" timestamp="2019-07-02T19:53:27.958">
  <attribute name="GC Util" value="144" />
  <attribute name="CPU Util" value="19524434156714" />
  <attribute name="Time Running"value="2762"/>
  <attribute name="Number of cores"value="4"/>
</cycle-end>
<allocation-satisfied id="1869" threadId="0000000002241D00" bytesRequested="40" />
<af-end id="1870" timestamp="2019-07-02T19:53:27.958" threadId="0000000002242688" success="true" />
<exclusive-end id="1871" timestamp="2019-07-02T19:53:27.959" durationms="10.253" />

<exclusive-start id="1872" timestamp="2019-07-02T19:53:27.964" intervalms="15.935">
  <response-info timems="0.029" idlems="0.029" threads="0" lastid="0000000002245900" lastname="Thread-7" />
</exclusive-start>
<af-start id="1873" threadId="0000000002246288" totalBytesRequested="24" timestamp="2019-07-02T19:53:27.964" intervalms="15.956" />
<cycle-start id="1874" type="global" contextid="0" timestamp="2019-07-02T19:53:27.964" intervalms="15.975" />
  <attribute name="GC Util" value="144" />
  <attribute name="CPU Util" value="19524434156714" />
  <attribute name="Time Running"value="2762"/>
  <attribute name="Number of cores"value="4"/>
<gc-start id="1875" type="global" contextid="1874" timestamp="2019-07-02T19:53:27.964">
  <mem-info id="1876" free="131072" total="13107200" percent="1">
    <mem type="tenure" free="131072" total="13107200" percent="1">
      <mem type="soa" free="0" total="12976128" percent="0" />
      <mem type="loa" free="131072" total="131072" percent="100" />
    </mem>
  </mem-info>
</gc-start>
<allocation-stats totalBytes="8720208" >
  <allocated-bytes non-tlh="0" tlh="8720208" />
  <largest-consumer threadName="Thread-8" threadId="0000000002241D00" bytes="2719360" />
</allocation-stats>
<gc-op id="1877" type="mark" timems="1.096" contextid="1874" timestamp="2019-07-02T19:53:27.966">
  <trace-info objectcount="70350" scancount="62791" scanbytes="2379660" />
  <finalization candidates="124" enqueued="0" />
  <ownableSynchronizers candidates="3" cleared="0" />
  <references type="soft" candidates="84" cleared="0" enqueued="0" dynamicThreshold="21" maxThreshold="32" />
  <references type="weak" candidates="776" cleared="0" enqueued="0" />
  <references type="phantom" candidates="63" cleared="0" enqueued="0" />
  <stringconstants candidates="4574" cleared="0"  />
</gc-op>
<gc-op id="1878" type="sweep" timems="0.291" contextid="1874" timestamp="2019-07-02T19:53:27.966" />
<heap-resize id="1879" type="contract" space="tenure" amount="65536" count="1" timems="0.094" reason="excess free space following gc" timestamp="2019-07-02T19:53:27.966" />
<gc-end id="1880" type="global" contextid="1874" durationms="1.993" usertimems="4.000" systemtimems="0.000" timestamp="2019-07-02T19:53:27.966" activeThreads="4">
  <mem-info id="1881" free="8691472" total="13041664" percent="66">
    <mem type="tenure" free="8691472" total="13041664" percent="66" micro-fragmented="13104" macro-fragmented="0">
      <mem type="soa" free="8625936" total="12911616" percent="66" />
      <mem type="loa" free="65536" total="130048" percent="50" />
    </mem>
  </mem-info>
</gc-end>
<cycle-end id="1882" type="global" contextid="1874" timestamp="2019-07-02T19:53:27.967">
  <attribute name="GC Util" value="219" />
  <attribute name="CPU Util" value="15564928569546" />
  <attribute name="Time Running"value="2776"/>
  <attribute name="Number of cores"value="4"/>
</cycle-end>
<allocation-satisfied id="1883" threadId="0000000002245900" bytesRequested="24" />
<af-end id="1884" timestamp="2019-07-02T19:53:27.967" threadId="0000000002246288" success="true" />
<exclusive-end id="1885" timestamp="2019-07-02T19:53:27.967" durationms="2.727" />

<exclusive-start id="1886" timestamp="2019-07-02T19:53:27.974" intervalms="9.837">
  <response-info timems="0.030" idlems="0.030" threads="0" lastid="0000000002241D00" lastname="Thread-8" />
</exclusive-start>
<af-start id="1887" threadId="0000000002242688" totalBytesRequested="40" timestamp="2019-07-02T19:53:27.974" intervalms="9.917" />
<cycle-start id="1888" type="global" contextid="0" timestamp="2019-07-02T19:53:27.974" intervalms="10.001" />
  <attribute name="GC Util" value="219" />
  <attribute name="CPU Util" value="15564928569546" />
  <attribute name="Time Running"value="2776"/>
  <attribute name="Number of cores"value="4"/>
<gc-start id="1889" type="global" contextid="1888" timestamp="2019-07-02T19:53:27.974">
  <mem-info id="1890" free="65536" total="13041664" percent="0">
    <mem type="tenure" free="65536" total="13041664" percent="0">
      <mem type="soa" free="0" total="12911616" percent="0" />
      <mem type="loa" free="65536" total="130048" percent="50" />
    </mem>
  </mem-info>
</gc-start>
<allocation-stats totalBytes="8618856" >
  <allocated-bytes non-tlh="0" tlh="8618856" />
  <largest-consumer threadName="Thread-8" threadId="0000000002241D00" bytes="3064464" />
</allocation-stats>
<gc-op id="1891" type="mark" timems="2.659" contextid="1888" timestamp="2019-07-02T19:53:27.977">
  <trace-info objectcount="71026" scancount="63448" scanbytes="2395980" />
  <finalization candidates="124" enqueued="0" />
  <ownableSynchronizers candidates="3" cleared="0" />
  <references type="soft" candidates="84" cleared="0" enqueued="0" dynamicThreshold="21" maxThreshold="32" />
  <references type="weak" candidates="776" cleared="0" enqueued="0" />
  <references type="phantom" candidates="63" cleared="0" enqueued="0" />
  <stringconstants candidates="4574" cleared="0"  />
</gc-op>
<gc-op id="1892" type="sweep" timems="0.784" contextid="1888" timestamp="2019-07-02T19:53:27.978" />
<heap-resize id="1893" type="contract" space="tenure" amount="65536" count="1" timems="0.053" reason="excess free space following gc" timestamp="2019-07-02T19:53:27.978" />
<gc-end id="1894" type="global" contextid="1888" durationms="3.843" usertimems="12.000" systemtimems="0.000" timestamp="2019-07-02T19:53:27.978" activeThreads="4">
  <mem-info id="1895" free="8510560" total="12976128" percent="65">
    <mem type="tenure" free="8510560" total="12976128" percent="65" micro-fragmented="9221" macro-fragmented="0">
      <mem type="soa" free="8510560" total="12847104" percent="66" />
      <mem type="loa" free="0" total="129024" percent="0" />
    </mem>
  </mem-info>
</gc-end>
<cycle-end id="1896" type="global" contextid="1888" timestamp="2019-07-02T19:53:27.978">
  <attribute name="GC Util" value="240" />
  <attribute name="CPU Util" value="6780016688231" />
  <attribute name="Time Running"value="2788"/>
  <attribute name="Number of cores"value="4"/>
</cycle-end>
<allocation-satisfied id="1897" threadId="0000000002241D00" bytesRequested="40" />
<af-end id="1898" timestamp="2019-07-02T19:53:27.979" threadId="0000000002242688" success="true" />
<exclusive-end id="1899" timestamp="2019-07-02T19:53:27.979" durationms="4.513" />

<exclusive-start id="1900" timestamp="2019-07-02T19:53:27.984" intervalms="10.015">
  <response-info timems="0.027" idlems="0.027" threads="0" lastid="0000000002241D00" lastname="Thread-8" />
</exclusive-start>
<af-start id="1901" threadId="0000000002242688" totalBytesRequested="40" timestamp="2019-07-02T19:53:27.984" intervalms="9.912" />
<cycle-start id="1902" type="global" contextid="0" timestamp="2019-07-02T19:53:27.984" intervalms="9.809" />
  <attribute name="GC Util" value="240" />
  <attribute name="CPU Util" value="6780016688231" />
  <attribute name="Time Running"value="2788"/>
  <attribute name="Number of cores"value="4"/>
<gc-start id="1903" type="global" contextid="1902" timestamp="2019-07-02T19:53:27.984">
  <mem-info id="1904" free="0" total="12976128" percent="0">
    <mem type="tenure" free="0" total="12976128" percent="0">
      <mem type="soa" free="0" total="12847104" percent="0" />
      <mem type="loa" free="0" total="129024" percent="0" />
    </mem>
  </mem-info>
</gc-start>
<allocation-stats totalBytes="8498080" >
  <allocated-bytes non-tlh="0" tlh="8498080" />
  <largest-consumer threadName="Thread-8" threadId="0000000002241D00" bytes="2383952" />
</allocation-stats>
<gc-op id="1905" type="mark" timems="1.885" contextid="1902" timestamp="2019-07-02T19:53:27.986">
  <trace-info objectcount="71822" scancount="64270" scanbytes="2415236" />
  <finalization candidates="124" enqueued="0" />
  <ownableSynchronizers candidates="3" cleared="0" />
  <references type="soft" candidates="84" cleared="0" enqueued="0" dynamicThreshold="20" maxThreshold="32" />
  <references type="weak" candidates="776" cleared="0" enqueued="0" />
  <references type="phantom" candidates="63" cleared="0" enqueued="0" />
  <stringconstants candidates="4574" cleared="0"  />
</gc-op>
<gc-op id="1906" type="sweep" timems="0.647" contextid="1902" timestamp="2019-07-02T19:53:27.987" />
<mem-info id="1907" free="8431512" total="12976128" percent="64">
  <mem type="tenure" free="8431512" total="12976128" percent="64" micro-fragmented="22313" macro-fragmented="0">
    <mem type="soa" free="8431512" total="12847104" percent="65" />
    <mem type="loa" free="0" total="129024" percent="0" />
  </mem>
</mem-info>
<gc-op id="1908" type="compact" timems="4.763" contextid="1902" timestamp="2019-07-02T19:53:27.992">
  <compact-info movecount="9625" movebytes="369776" reason="compact to aid heap contraction" />
</gc-op>
<heap-resize id="1909" type="contract" space="tenure" amount="65536" count="1" timems="0.059" reason="excess free space following gc" timestamp="2019-07-02T19:53:27.992" />
<gc-end id="1910" type="global" contextid="1902" durationms="7.890" usertimems="16.000" systemtimems="0.000" timestamp="2019-07-02T19:53:27.992" activeThreads="4">
  <mem-info id="1911" free="8471280" total="12910592" percent="65">
    <mem type="tenure" free="8471280" total="12910592" percent="65">
      <mem type="soa" free="8405744" total="12781568" percent="65" />
      <mem type="loa" free="65536" total="129024" percent="50" />
    </mem>
  </mem-info>
</gc-end>
<cycle-end id="1912" type="global" contextid="1902" timestamp="2019-07-02T19:53:27.992">
  <attribute name="GC Util" value="121" />
  <attribute name="CPU Util" value="22933043536631" />
  <attribute name="Time Running"value="2797"/>
  <attribute name="Number of cores"value="4"/>
</cycle-end>
<allocation-satisfied id="1913" threadId="0000000002241D00" bytesRequested="40" />
<af-end id="1914" timestamp="2019-07-02T19:53:27.992" threadId="0000000002242688" success="true" />
<exclusive-end id="1915" timestamp="2019-07-02T19:53:27.992" durationms="8.374" />

<exclusive-start id="1916" timestamp="2019-07-02T19:53:27.998" intervalms="13.869">
  <response-info timems="0.030" idlems="0.030" threads="0" lastid="0000000002241D00" lastname="Thread-8" />
</exclusive-start>
<af-start id="1917" threadId="0000000002242688" totalBytesRequested="40" timestamp="2019-07-02T19:53:27.998" intervalms="13.868" />
<cycle-start id="1918" type="global" contextid="0" timestamp="2019-07-02T19:53:27.998" intervalms="13.910" />
  <attribute name="GC Util" value="121" />
  <attribute name="CPU Util" value="22933043536631" />
  <attribute name="Time Running"value="2797"/>
  <attribute name="Number of cores"value="4"/>
<gc-start id="1919" type="global" contextid="1918" timestamp="2019-07-02T19:53:27.998">
  <mem-info id="1920" free="65536" total="12910592" percent="0">
    <mem type="tenure" free="65536" total="12910592" percent="0">
      <mem type="soa" free="0" total="12781568" percent="0" />
      <mem type="loa" free="65536" total="129024" percent="50" />
    </mem>
  </mem-info>
</gc-start>
<allocation-stats totalBytes="8470136" >
  <allocated-bytes non-tlh="0" tlh="8470136" />
  <largest-consumer threadName="Thread-8" threadId="0000000002241D00" bytes="2408888" />
</allocation-stats>
<gc-op id="1921" type="mark" timems="2.035" contextid="1918" timestamp="2019-07-02T19:53:28.000">
  <trace-info objectcount="72659" scancount="65087" scanbytes="2434996" />
  <finalization candidates="124" enqueued="0" />
  <ownableSynchronizers candidates="3" cleared="0" />
  <references type="soft" candidates="84" cleared="0" enqueued="0" dynamicThreshold="20" maxThreshold="32" />
  <references type="weak" candidates="776" cleared="0" enqueued="0" />
  <references type="phantom" candidates="63" cleared="0" enqueued="0" />
  <stringconstants candidates="4574" cleared="0"  />
</gc-op>
<gc-op id="1922" type="sweep" timems="0.777" contextid="1918" timestamp="2019-07-02T19:53:28.001" />
<heap-resize id="1923" type="contract" space="tenure" amount="65536" count="1" timems="0.073" reason="excess free space following gc" timestamp="2019-07-02T19:53:28.001" />
<gc-end id="1924" type="global" contextid="1918" durationms="3.314" usertimems="4.000" systemtimems="4.000" timestamp="2019-07-02T19:53:28.001" activeThreads="4">
  <mem-info id="1925" free="8359952" total="12845056" percent="65">
    <mem type="tenure" free="8359952" total="12845056" percent="65" micro-fragmented="0" macro-fragmented="0">
      <mem type="soa" free="8359952" total="12717056" percent="65" />
      <mem type="loa" free="0" total="128000" percent="0" />
    </mem>
  </mem-info>
</gc-end>
<cycle-end id="1926" type="global" contextid="1918" timestamp="2019-07-02T19:53:28.002">
  <attribute name="GC Util" value="235" />
  <attribute name="CPU Util" value="8710506092045" />
  <attribute name="Time Running"value="2811"/>
  <attribute name="Number of cores"value="4"/>
</cycle-end>
<allocation-satisfied id="1927" threadId="0000000002241D00" bytesRequested="40" />
<af-end id="1928" timestamp="2019-07-02T19:53:28.002" threadId="0000000002242688" success="true" />
<exclusive-end id="1929" timestamp="2019-07-02T19:53:28.002" durationms="3.704" />

<exclusive-start id="1930" timestamp="2019-07-02T19:53:28.008" intervalms="10.474">
  <response-info timems="0.030" idlems="0.030" threads="0" lastid="000000000223E100" lastname="Thread-9" />
</exclusive-start>
<af-start id="1931" threadId="000000000223EA88" totalBytesRequested="40" timestamp="2019-07-02T19:53:28.008" intervalms="10.498" />
<cycle-start id="1932" type="global" contextid="0" timestamp="2019-07-02T19:53:28.009" intervalms="10.511" />
  <attribute name="GC Util" value="235" />
  <attribute name="CPU Util" value="8710506092045" />
  <attribute name="Time Running"value="2811"/>
  <attribute name="Number of cores"value="4"/>
<gc-start id="1933" type="global" contextid="1932" timestamp="2019-07-02T19:53:28.009">
  <mem-info id="1934" free="0" total="12845056" percent="0">
    <mem type="tenure" free="0" total="12845056" percent="0">
      <mem type="soa" free="0" total="12717056" percent="0" />
      <mem type="loa" free="0" total="128000" percent="0" />
    </mem>
  </mem-info>
</gc-start>
<allocation-stats totalBytes="8352520" >
  <allocated-bytes non-tlh="0" tlh="8352520" />
  <largest-consumer threadName="Thread-8" threadId="0000000002241D00" bytes="2940624" />
</allocation-stats>
<gc-op id="1935" type="mark" timems="2.175" contextid="1932" timestamp="2019-07-02T19:53:28.011">
  <trace-info objectcount="73583" scancount="66013" scanbytes="2457244" />
  <finalization candidates="124" enqueued="0" />
  <ownableSynchronizers candidates="3" cleared="0" />
  <references type="soft" candidates="84" cleared="0" enqueued="0" dynamicThreshold="20" maxThreshold="32" />
  <references type="weak" candidates="776" cleared="0" enqueued="0" />
  <references type="phantom" candidates="63" cleared="0" enqueued="0" />
  <stringconstants candidates="4574" cleared="0"  />
</gc-op>
<gc-op id="1936" type="sweep" timems="0.776" contextid="1932" timestamp="2019-07-02T19:53:28.012" />
<heap-resize id="1937" type="contract" space="tenure" amount="65536" count="1" timems="0.099" reason="excess free space following gc" timestamp="2019-07-02T19:53:28.012" />
<gc-end id="1938" type="global" contextid="1932" durationms="3.531" usertimems="8.000" systemtimems="0.000" timestamp="2019-07-02T19:53:28.012" activeThreads="4">
  <mem-info id="1939" free="8236640" total="12779520" percent="64">
    <mem type="tenure" free="8236640" total="12779520" percent="64" micro-fragmented="7947" macro-fragmented="0">
      <mem type="soa" free="8236640" total="12652544" percent="65" />
      <mem type="loa" free="0" total="126976" percent="0" />
    </mem>
  </mem-info>
</gc-end>
<cycle-end id="1940" type="global" contextid="1932" timestamp="2019-07-02T19:53:28.012">
  <attribute name="GC Util" value="248" />
  <attribute name="CPU Util" value="8160423744388" />
  <attribute name="Time Running"value="2821"/>
  <attribute name="Number of cores"value="4"/>
</cycle-end>
<allocation-satisfied id="1941" threadId="000000000223E100" bytesRequested="40" />
<af-end id="1942" timestamp="2019-07-02T19:53:28.012" threadId="000000000223EA88" success="true" />
<exclusive-end id="1943" timestamp="2019-07-02T19:53:28.013" durationms="4.166" />

<exclusive-start id="1944" timestamp="2019-07-02T19:53:28.018" intervalms="9.866">
  <response-info timems="0.029" idlems="0.029" threads="0" lastid="000000000223A500" lastname="Thread-10" />
</exclusive-start>
<af-start id="1945" threadId="000000000223AE88" totalBytesRequested="40" timestamp="2019-07-02T19:53:28.018" intervalms="9.945" />
<cycle-start id="1946" type="global" contextid="0" timestamp="2019-07-02T19:53:28.019" intervalms="9.978" />
  <attribute name="GC Util" value="248" />
  <attribute name="CPU Util" value="8160423744388" />
  <attribute name="Time Running"value="2821"/>
  <attribute name="Number of cores"value="4"/>
<gc-start id="1947" type="global" contextid="1946" timestamp="2019-07-02T19:53:28.019">
  <mem-info id="1948" free="0" total="12779520" percent="0">
    <mem type="tenure" free="0" total="12779520" percent="0">
      <mem type="soa" free="0" total="12652544" percent="0" />
      <mem type="loa" free="0" total="126976" percent="0" />
    </mem>
  </mem-info>
</gc-start>
<allocation-stats totalBytes="8221104" >
  <allocated-bytes non-tlh="0" tlh="8221104" />
  <largest-consumer threadName="Thread-8" threadId="0000000002241D00" bytes="2484240" />
</allocation-stats>
<gc-op id="1949" type="mark" timems="2.067" contextid="1946" timestamp="2019-07-02T19:53:28.021">
  <trace-info objectcount="74443" scancount="66850" scanbytes="2478068" />
  <finalization candidates="124" enqueued="0" />
  <ownableSynchronizers candidates="3" cleared="0" />
  <references type="soft" candidates="84" cleared="0" enqueued="0" dynamicThreshold="20" maxThreshold="32" />
  <references type="weak" candidates="776" cleared="0" enqueued="0" />
  <references type="phantom" candidates="63" cleared="0" enqueued="0" />
  <stringconstants candidates="4574" cleared="0"  />
</gc-op>
<gc-op id="1950" type="sweep" timems="0.836" contextid="1946" timestamp="2019-07-02T19:53:28.022" />
<mem-info id="1951" free="8151032" total="12779520" percent="63">
  <mem type="tenure" free="8151032" total="12779520" percent="63" micro-fragmented="13104" macro-fragmented="0">
    <mem type="soa" free="8151032" total="12652544" percent="64" />
    <mem type="loa" free="0" total="126976" percent="0" />
  </mem>
</mem-info>
<gc-op id="1952" type="compact" timems="4.600" contextid="1946" timestamp="2019-07-02T19:53:28.027">
  <compact-info movecount="5796" movebytes="140432" reason="compact to aid heap contraction" />
</gc-op>
<heap-resize id="1953" type="contract" space="tenure" amount="65536" count="1" timems="0.068" reason="excess free space following gc" timestamp="2019-07-02T19:53:28.027" />
<gc-end id="1954" type="global" contextid="1946" durationms="8.524" usertimems="12.000" systemtimems="0.000" timestamp="2019-07-02T19:53:28.027" activeThreads="4">
  <mem-info id="1955" free="8213888" total="12713984" percent="64">
    <mem type="tenure" free="8213888" total="12713984" percent="64">
      <mem type="soa" free="8148352" total="12587008" percent="64" />
      <mem type="loa" free="65536" total="126976" percent="51" />
    </mem>
  </mem-info>
</gc-end>
<cycle-end id="1956" type="global" contextid="1946" timestamp="2019-07-02T19:53:28.027">
  <attribute name="GC Util" value="135" />
  <attribute name="CPU Util" value="16624034900267" />
  <attribute name="Time Running"value="2833"/>
  <attribute name="Number of cores"value="4"/>
</cycle-end>
<allocation-satisfied id="1957" threadId="000000000223A500" bytesRequested="40" />
<af-end id="1958" timestamp="2019-07-02T19:53:28.028" threadId="000000000223AE88" success="true" />
<exclusive-end id="1959" timestamp="2019-07-02T19:53:28.028" durationms="9.479" />

<exclusive-start id="1960" timestamp="2019-07-02T19:53:28.034" intervalms="15.644">
  <response-info timems="0.028" idlems="0.028" threads="0" lastid="000000000223E100" lastname="Thread-9" />
</exclusive-start>
<af-start id="1961" threadId="000000000223EA88" totalBytesRequested="40" timestamp="2019-07-02T19:53:28.034" intervalms="15.668" />
<cycle-start id="1962" type="global" contextid="0" timestamp="2019-07-02T19:53:28.034" intervalms="15.675" />
  <attribute name="GC Util" value="135" />
  <attribute name="CPU Util" value="16624034900267" />
  <attribute name="Time Running"value="2833"/>
  <attribute name="Number of cores"value="4"/>
<gc-start id="1963" type="global" contextid="1962" timestamp="2019-07-02T19:53:28.034">
  <mem-info id="1964" free="65536" total="12713984" percent="0">
    <mem type="tenure" free="65536" total="12713984" percent="0">
      <mem type="soa" free="0" total="12587008" percent="0" />
      <mem type="loa" free="65536" total="126976" percent="51" />
    </mem>
  </mem-info>
</gc-start>
<allocation-stats totalBytes="8212816" >
  <allocated-bytes non-tlh="0" tlh="8212816" />
  <largest-consumer threadName="Thread-8" threadId="0000000002241D00" bytes="2981528" />
</allocation-stats>
<gc-op id="1965" type="mark" timems="2.265" contextid="1962" timestamp="2019-07-02T19:53:28.037">
  <trace-info objectcount="75063" scancount="67484" scanbytes="2492500" />
  <finalization candidates="124" enqueued="0" />
  <ownableSynchronizers candidates="3" cleared="0" />
  <references type="soft" candidates="84" cleared="0" enqueued="0" dynamicThreshold="20" maxThreshold="32" />
  <references type="weak" candidates="776" cleared="0" enqueued="0" />
  <references type="phantom" candidates="63" cleared="0" enqueued="0" />
  <stringconstants candidates="4574" cleared="0"  />
</gc-op>
<gc-op id="1966" type="sweep" timems="0.744" contextid="1962" timestamp="2019-07-02T19:53:28.038" />
<heap-resize id="1967" type="contract" space="tenure" amount="65536" count="1" timems="0.087" reason="excess free space following gc" timestamp="2019-07-02T19:53:28.038" />
<gc-end id="1968" type="global" contextid="1962" durationms="3.616" usertimems="8.000" systemtimems="0.000" timestamp="2019-07-02T19:53:28.038" activeThreads="4">
  <mem-info id="1969" free="8122992" total="12648448" percent="64">
    <mem type="tenure" free="8122992" total="12648448" percent="64" micro-fragmented="13839" macro-fragmented="0">
      <mem type="soa" free="8122992" total="12522496" percent="64" />
      <mem type="loa" free="0" total="125952" percent="0" />
    </mem>
  </mem-info>
</gc-end>
<cycle-end id="1970" type="global" contextid="1962" timestamp="2019-07-02T19:53:28.038">
  <attribute name="GC Util" value="245" />
  <attribute name="CPU Util" value="7848268931062" />
  <attribute name="Time Running"value="2847"/>
  <attribute name="Number of cores"value="4"/>
</cycle-end>
<allocation-satisfied id="1971" threadId="000000000223E100" bytesRequested="40" />
<af-end id="1972" timestamp="2019-07-02T19:53:28.038" threadId="000000000223EA88" success="true" />
<exclusive-end id="1973" timestamp="2019-07-02T19:53:28.038" durationms="4.436" />

<exclusive-start id="1974" timestamp="2019-07-02T19:53:28.044" intervalms="9.789">
  <response-info timems="0.019" idlems="0.019" threads="0" lastid="0000000002241D00" lastname="Thread-8" />
</exclusive-start>
<af-start id="1975" threadId="0000000002242688" totalBytesRequested="40" timestamp="2019-07-02T19:53:28.044" intervalms="9.710" />
<cycle-start id="1976" type="global" contextid="0" timestamp="2019-07-02T19:53:28.044" intervalms="9.663" />
  <attribute name="GC Util" value="245" />
  <attribute name="CPU Util" value="7848268931062" />
  <attribute name="Time Running"value="2847"/>
  <attribute name="Number of cores"value="4"/>
<gc-start id="1977" type="global" contextid="1976" timestamp="2019-07-02T19:53:28.044">
  <mem-info id="1978" free="0" total="12648448" percent="0">
    <mem type="tenure" free="0" total="12648448" percent="0">
      <mem type="soa" free="0" total="12522496" percent="0" />
      <mem type="loa" free="0" total="125952" percent="0" />
    </mem>
  </mem-info>
</gc-start>
<allocation-stats totalBytes="8116656" >
  <allocated-bytes non-tlh="0" tlh="8116656" />
  <largest-consumer threadName="Thread-8" threadId="0000000002241D00" bytes="2391384" />
</allocation-stats>
<gc-op id="1979" type="mark" timems="2.159" contextid="1976" timestamp="2019-07-02T19:53:28.046">
  <trace-info objectcount="75989" scancount="68423" scanbytes="2514908" />
  <finalization candidates="124" enqueued="0" />
  <ownableSynchronizers candidates="3" cleared="0" />
  <references type="soft" candidates="84" cleared="0" enqueued="0" dynamicThreshold="20" maxThreshold="32" />
  <references type="weak" candidates="776" cleared="0" enqueued="0" />
  <references type="phantom" candidates="63" cleared="0" enqueued="0" />
  <stringconstants candidates="4574" cleared="0"  />
</gc-op>
<gc-op id="1980" type="sweep" timems="0.765" contextid="1976" timestamp="2019-07-02T19:53:28.047" />
<heap-resize id="1981" type="contract" space="tenure" amount="65536" count="1" timems="0.101" reason="excess free space following gc" timestamp="2019-07-02T19:53:28.047" />
<gc-end id="1982" type="global" contextid="1976" durationms="3.417" usertimems="8.000" systemtimems="0.000" timestamp="2019-07-02T19:53:28.047" activeThreads="4">
  <mem-info id="1983" free="8007744" total="12582912" percent="63">
    <mem type="tenure" free="8007744" total="12582912" percent="63" micro-fragmented="9241" macro-fragmented="0">
      <mem type="soa" free="8007744" total="12457984" percent="64" />
      <mem type="loa" free="0" total="124928" percent="0" />
    </mem>
  </mem-info>
</gc-end>
<cycle-end id="1984" type="global" contextid="1976" timestamp="2019-07-02T19:53:28.047">
  <attribute name="GC Util" value="253" />
  <attribute name="CPU Util" value="8105220357092" />
  <attribute name="Time Running"value="2857"/>
  <attribute name="Number of cores"value="4"/>
</cycle-end>
<allocation-satisfied id="1985" threadId="0000000002241D00" bytesRequested="40" />
<af-end id="1986" timestamp="2019-07-02T19:53:28.048" threadId="0000000002242688" success="true" />
<exclusive-end id="1987" timestamp="2019-07-02T19:53:28.048" durationms="3.993" />

<exclusive-start id="1988" timestamp="2019-07-02T19:53:28.055" intervalms="11.116">
  <response-info timems="0.025" idlems="0.025" threads="0" lastid="0000000002241D00" lastname="Thread-8" />
</exclusive-start>
<af-start id="1989" threadId="0000000002242688" totalBytesRequested="24" timestamp="2019-07-02T19:53:28.055" intervalms="11.116" />
<cycle-start id="1990" type="global" contextid="0" timestamp="2019-07-02T19:53:28.055" intervalms="11.112" />
  <attribute name="GC Util" value="253" />
  <attribute name="CPU Util" value="8105220357092" />
  <attribute name="Time Running"value="2857"/>
  <attribute name="Number of cores"value="4"/>
<gc-start id="1991" type="global" contextid="1990" timestamp="2019-07-02T19:53:28.055">
  <mem-info id="1992" free="0" total="12582912" percent="0">
    <mem type="tenure" free="0" total="12582912" percent="0">
      <mem type="soa" free="0" total="12457984" percent="0" />
      <mem type="loa" free="0" total="124928" percent="0" />
    </mem>
  </mem-info>
</gc-start>
<allocation-stats totalBytes="7993584" >
  <allocated-bytes non-tlh="0" tlh="7993584" />
  <largest-consumer threadName="Thread-8" threadId="0000000002241D00" bytes="3049912" />
</allocation-stats>
<gc-op id="1993" type="mark" timems="2.107" contextid="1990" timestamp="2019-07-02T19:53:28.057">
  <trace-info objectcount="76902" scancount="69327" scanbytes="2537180" />
  <finalization candidates="124" enqueued="0" />
  <ownableSynchronizers candidates="3" cleared="0" />
  <references type="soft" candidates="84" cleared="0" enqueued="0" dynamicThreshold="20" maxThreshold="32" />
  <references type="weak" candidates="776" cleared="0" enqueued="0" />
  <references type="phantom" candidates="63" cleared="0" enqueued="0" />
  <stringconstants candidates="4574" cleared="0"  />
</gc-op>
<gc-op id="1994" type="sweep" timems="0.812" contextid="1990" timestamp="2019-07-02T19:53:28.058" />
<mem-info id="1995" free="7992672" total="12582912" percent="63">
  <mem type="tenure" free="7992672" total="12582912" percent="63" micro-fragmented="3859" macro-fragmented="0">
    <mem type="soa" free="7921176" total="12457984" percent="63" />
    <mem type="loa" free="71496" total="124928" percent="57" />
  </mem>
</mem-info>
<gc-op id="1996" type="compact" timems="5.088" contextid="1990" timestamp="2019-07-02T19:53:28.064">
  <compact-info movecount="4641" movebytes="112808" reason="compact to aid heap contraction" />
</gc-op>
<heap-resize id="1997" type="contract" space="tenure" amount="65536" count="1" timems="0.062" reason="excess free space following gc" timestamp="2019-07-02T19:53:28.064" />
<gc-end id="1998" type="global" contextid="1990" durationms="8.698" usertimems="16.000" systemtimems="0.000" timestamp="2019-07-02T19:53:28.064" activeThreads="4">
  <mem-info id="1999" free="7960216" total="12517376" percent="63">
    <mem type="tenure" free="7960216" total="12517376" percent="63">
      <mem type="soa" free="7894680" total="12392448" percent="63" />
      <mem type="loa" free="65536" total="124928" percent="52" />
    </mem>
  </mem-info>
</gc-end>
<cycle-end id="2000" type="global" contextid="1990" timestamp="2019-07-02T19:53:28.064">
  <attribute name="GC Util" value="146" />
  <attribute name="CPU Util" value="18855628254491" />
  <attribute name="Time Running"value="2869"/>
  <attribute name="Number of cores"value="4"/>
</cycle-end>
<allocation-satisfied id="2001" threadId="0000000002241D00" bytesRequested="24" />
<af-end id="2002" timestamp="2019-07-02T19:53:28.064" threadId="0000000002242688" success="true" />
<exclusive-end id="2003" timestamp="2019-07-02T19:53:28.064" durationms="9.327" />

<exclusive-start id="2004" timestamp="2019-07-02T19:53:28.069" intervalms="13.998">
  <response-info timems="0.024" idlems="0.024" threads="0" lastid="000000000223E100" lastname="Thread-9" />
</exclusive-start>
<af-start id="2005" threadId="000000000223EA88" totalBytesRequested="40" timestamp="2019-07-02T19:53:28.069" intervalms="13.974" />
<cycle-start id="2006" type="global" contextid="0" timestamp="2019-07-02T19:53:28.069" intervalms="13.947" />
  <attribute name="GC Util" value="146" />
  <attribute name="CPU Util" value="18855628254491" />
  <attribute name="Time Running"value="2869"/>
  <attribute name="Number of cores"value="4"/>
<gc-start id="2007" type="global" contextid="2006" timestamp="2019-07-02T19:53:28.069">
  <mem-info id="2008" free="65536" total="12517376" percent="0">
    <mem type="tenure" free="65536" total="12517376" percent="0">
      <mem type="soa" free="0" total="12392448" percent="0" />
      <mem type="loa" free="65536" total="124928" percent="52" />
    </mem>
  </mem-info>
</gc-start>
<allocation-stats totalBytes="7959368" >
  <allocated-bytes non-tlh="0" tlh="7959368" />
  <largest-consumer threadName="Thread-8" threadId="0000000002241D00" bytes="2195096" />
</allocation-stats>
<gc-op id="2009" type="mark" timems="2.208" contextid="2006" timestamp="2019-07-02T19:53:28.071">
  <trace-info objectcount="68018" scancount="60446" scanbytes="2323196" />
  <finalization candidates="124" enqueued="0" />
  <ownableSynchronizers candidates="3" cleared="0" />
  <references type="soft" candidates="84" cleared="0" enqueued="0" dynamicThreshold="20" maxThreshold="32" />
  <references type="weak" candidates="776" cleared="0" enqueued="0" />
  <references type="phantom" candidates="63" cleared="0" enqueued="0" />
  <stringconstants candidates="4574" cleared="0"  />
</gc-op>
<gc-op id="2010" type="sweep" timems="0.564" contextid="2006" timestamp="2019-07-02T19:53:28.072" />
<heap-resize id="2011" type="contract" space="tenure" amount="65536" count="1" timems="0.087" reason="excess free space following gc" timestamp="2019-07-02T19:53:28.072" />
<gc-end id="2012" type="global" contextid="2006" durationms="3.350" usertimems="8.000" systemtimems="0.000" timestamp="2019-07-02T19:53:28.072" activeThreads="4">
  <mem-info id="2013" free="7910624" total="12451840" percent="63">
    <mem type="tenure" free="7910624" total="12451840" percent="63" micro-fragmented="186796" macro-fragmented="0">
      <mem type="soa" free="7910624" total="12327936" percent="64" />
      <mem type="loa" free="0" total="123904" percent="0" />
    </mem>
  </mem-info>
</gc-end>
<cycle-end id="2014" type="global" contextid="2006" timestamp="2019-07-02T19:53:28.073">
  <attribute name="GC Util" value="257" />
  <attribute name="CPU Util" value="8057711238568" />
  <attribute name="Time Running"value="2882"/>
  <attribute name="Number of cores"value="4"/>
</cycle-end>
<allocation-satisfied id="2015" threadId="000000000223E100" bytesRequested="40" />
<af-end id="2016" timestamp="2019-07-02T19:53:28.073" threadId="000000000223EA88" success="true" />
<exclusive-end id="2017" timestamp="2019-07-02T19:53:28.073" durationms="3.943" />

<exclusive-start id="2018" timestamp="2019-07-02T19:53:28.079" intervalms="10.603">
  <response-info timems="0.029" idlems="0.027" threads="1" lastid="0000000002241D00" lastname="Thread-8" />
</exclusive-start>
<af-start id="2019" threadId="000000000223AE88" totalBytesRequested="40" timestamp="2019-07-02T19:53:28.080" intervalms="10.681" />
<cycle-start id="2020" type="global" contextid="0" timestamp="2019-07-02T19:53:28.080" intervalms="10.772" />
  <attribute name="GC Util" value="257" />
  <attribute name="CPU Util" value="8057711238568" />
  <attribute name="Time Running"value="2882"/>
  <attribute name="Number of cores"value="4"/>
<gc-start id="2021" type="global" contextid="2020" timestamp="2019-07-02T19:53:28.080">
  <mem-info id="2022" free="0" total="12451840" percent="0">
    <mem type="tenure" free="0" total="12451840" percent="0">
      <mem type="soa" free="0" total="12327936" percent="0" />
      <mem type="loa" free="0" total="123904" percent="0" />
    </mem>
  </mem-info>
</gc-start>
<allocation-stats totalBytes="7904224" >
  <allocated-bytes non-tlh="19056" tlh="7885168" />
  <largest-consumer threadName="Thread-9" threadId="000000000223E100" bytes="2875952" />
</allocation-stats>
<gc-op id="2023" type="mark" timems="2.278" contextid="2020" timestamp="2019-07-02T19:53:28.082">
  <trace-info objectcount="64134" scancount="56553" scanbytes="2230396" />
  <finalization candidates="124" enqueued="0" />
  <ownableSynchronizers candidates="3" cleared="0" />
  <references type="soft" candidates="84" cleared="0" enqueued="0" dynamicThreshold="20" maxThreshold="32" />
  <references type="weak" candidates="776" cleared="0" enqueued="0" />
  <references type="phantom" candidates="63" cleared="0" enqueued="0" />
  <stringconstants candidates="4574" cleared="0"  />
</gc-op>
<gc-op id="2024" type="sweep" timems="0.736" contextid="2020" timestamp="2019-07-02T19:53:28.083" />
<heap-resize id="2025" type="contract" space="tenure" amount="65536" count="1" timems="0.097" reason="excess free space following gc" timestamp="2019-07-02T19:53:28.083" />
<gc-end id="2026" type="global" contextid="2020" durationms="3.755" usertimems="8.000" systemtimems="0.000" timestamp="2019-07-02T19:53:28.084" activeThreads="4">
  <mem-info id="2027" free="7866864" total="12386304" percent="63">
    <mem type="tenure" free="7866864" total="12386304" percent="63" micro-fragmented="208480" macro-fragmented="0">
      <mem type="soa" free="7866864" total="12263424" percent="64" />
      <mem type="loa" free="0" total="122880" percent="0" />
    </mem>
  </mem-info>
</gc-end>
<cycle-end id="2028" type="global" contextid="2020" timestamp="2019-07-02T19:53:28.084">
  <attribute name="GC Util" value="231" />
  <attribute name="CPU Util" value="7781328414267" />
  <attribute name="Time Running"value="2893"/>
  <attribute name="Number of cores"value="4"/>
</cycle-end>
<allocation-satisfied id="2029" threadId="000000000223A500" bytesRequested="40" />
<af-end id="2030" timestamp="2019-07-02T19:53:28.084" threadId="000000000223AE88" success="true" />
<exclusive-end id="2031" timestamp="2019-07-02T19:53:28.084" durationms="4.699" />

<exclusive-start id="2032" timestamp="2019-07-02T19:53:28.093" intervalms="13.245">
  <response-info timems="2.342" idlems="1.181" threads="1" lastid="0000000002245900" lastname="Thread-7" />
</exclusive-start>
<af-start id="2033" threadId="0000000002242688" totalBytesRequested="24" timestamp="2019-07-02T19:53:28.093" intervalms="13.150" />
<cycle-start id="2034" type="global" contextid="0" timestamp="2019-07-02T19:53:28.093" intervalms="13.092" />
  <attribute name="GC Util" value="231" />
  <attribute name="CPU Util" value="7781328414267" />
  <attribute name="Time Running"value="2893"/>
  <attribute name="Number of cores"value="4"/>
<gc-start id="2035" type="global" contextid="2034" timestamp="2019-07-02T19:53:28.093">
  <mem-info id="2036" free="0" total="12386304" percent="0">
    <mem type="tenure" free="0" total="12386304" percent="0">
      <mem type="soa" free="0" total="12263424" percent="0" />
      <mem type="loa" free="0" total="122880" percent="0" />
    </mem>
  </mem-info>
</gc-start>
<allocation-stats totalBytes="7857648" >
  <allocated-bytes non-tlh="0" tlh="7857648" />
  <largest-consumer threadName="Thread-9" threadId="000000000223E100" bytes="2306488" />
</allocation-stats>
<gc-op id="2037" type="mark" timems="2.145" contextid="2034" timestamp="2019-07-02T19:53:28.095">
  <trace-info objectcount="64922" scancount="57347" scanbytes="2249004" />
  <finalization candidates="124" enqueued="0" />
  <ownableSynchronizers candidates="3" cleared="0" />
  <references type="soft" candidates="84" cleared="0" enqueued="0" dynamicThreshold="20" maxThreshold="32" />
  <references type="weak" candidates="776" cleared="0" enqueued="0" />
  <references type="phantom" candidates="63" cleared="0" enqueued="0" />
  <stringconstants candidates="4574" cleared="0"  />
</gc-op>
<gc-op id="2038" type="sweep" timems="0.952" contextid="2034" timestamp="2019-07-02T19:53:28.096" />
<heap-resize id="2039" type="contract" space="tenure" amount="65536" count="1" timems="0.090" reason="excess free space following gc" timestamp="2019-07-02T19:53:28.096" />
<gc-end id="2040" type="global" contextid="2034" durationms="3.517" usertimems="4.000" systemtimems="4.000" timestamp="2019-07-02T19:53:28.096" activeThreads="4">
  <mem-info id="2041" free="7734304" total="12320768" percent="62">
    <mem type="tenure" free="7734304" total="12320768" percent="62" micro-fragmented="226716" macro-fragmented="0">
      <mem type="soa" free="7734304" total="12197888" percent="63" />
      <mem type="loa" free="0" total="122880" percent="0" />
    </mem>
  </mem-info>
</gc-end>
<cycle-end id="2042" type="global" contextid="2034" timestamp="2019-07-02T19:53:28.097">
  <attribute name="GC Util" value="232" />
  <attribute name="CPU Util" value="7823683672671" />
  <attribute name="Time Running"value="2906"/>
  <attribute name="Number of cores"value="4"/>
</cycle-end>
<allocation-satisfied id="2043" threadId="0000000002241D00" bytesRequested="24" />
<af-end id="2044" timestamp="2019-07-02T19:53:28.097" threadId="0000000002242688" success="true" />
<exclusive-end id="2045" timestamp="2019-07-02T19:53:28.097" durationms="4.106" />

<exclusive-start id="2046" timestamp="2019-07-02T19:53:28.105" intervalms="12.674">
  <response-info timems="2.165" idlems="1.099" threads="1" lastid="0000000002245900" lastname="Thread-7" />
</exclusive-start>
<af-start id="2047" threadId="000000000223EA88" totalBytesRequested="40" timestamp="2019-07-02T19:53:28.105" intervalms="12.728" />
<cycle-start id="2048" type="global" contextid="0" timestamp="2019-07-02T19:53:28.106" intervalms="12.728" />
  <attribute name="GC Util" value="232" />
  <attribute name="CPU Util" value="7823683672671" />
  <attribute name="Time Running"value="2906"/>
  <attribute name="Number of cores"value="4"/>
<gc-start id="2049" type="global" contextid="2048" timestamp="2019-07-02T19:53:28.106">
  <mem-info id="2050" free="0" total="12320768" percent="0">
    <mem type="tenure" free="0" total="12320768" percent="0">
      <mem type="soa" free="0" total="12197888" percent="0" />
      <mem type="loa" free="0" total="122880" percent="0" />
    </mem>
  </mem-info>
</gc-start>
<allocation-stats totalBytes="7718104" >
  <allocated-bytes non-tlh="0" tlh="7718104" />
  <largest-consumer threadName="Thread-9" threadId="000000000223E100" bytes="2341928" />
</allocation-stats>
<gc-op id="2051" type="mark" timems="1.992" contextid="2048" timestamp="2019-07-02T19:53:28.108">
  <trace-info objectcount="66151" scancount="58582" scanbytes="2279012" />
  <finalization candidates="124" enqueued="0" />
  <ownableSynchronizers candidates="3" cleared="0" />
  <references type="soft" candidates="84" cleared="0" enqueued="0" dynamicThreshold="20" maxThreshold="32" />
  <references type="weak" candidates="776" cleared="0" enqueued="0" />
  <references type="phantom" candidates="63" cleared="0" enqueued="0" />
  <stringconstants candidates="4574" cleared="0"  />
</gc-op>
<gc-op id="2052" type="sweep" timems="1.078" contextid="2048" timestamp="2019-07-02T19:53:28.109" />
<mem-info id="2053" free="7637864" total="12320768" percent="61">
  <mem type="tenure" free="7637864" total="12320768" percent="61" micro-fragmented="250413" macro-fragmented="0">
    <mem type="soa" free="7637864" total="12197888" percent="62" />
    <mem type="loa" free="0" total="122880" percent="0" />
  </mem>
</mem-info>
<gc-op id="2054" type="compact" timems="5.922" contextid="2048" timestamp="2019-07-02T19:53:28.115">
  <compact-info movecount="26403" movebytes="1184456" reason="compact to aid heap contraction" />
</gc-op>
<heap-resize id="2055" type="contract" space="tenure" amount="65536" count="1" timems="0.082" reason="excess free space following gc" timestamp="2019-07-02T19:53:28.116" />
<gc-end id="2056" type="global" contextid="2048" durationms="10.012" usertimems="16.000" systemtimems="0.000" timestamp="2019-07-02T19:53:28.116" activeThreads="4">
  <mem-info id="2057" free="7893776" total="12255232" percent="64">
    <mem type="tenure" free="7893776" total="12255232" percent="64">
      <mem type="soa" free="7893776" total="12133376" percent="65" />
      <mem type="loa" free="0" total="121856" percent="0" />
    </mem>
  </mem-info>
</gc-end>
<cycle-end id="2058" type="global" contextid="2048" timestamp="2019-07-02T19:53:28.116">
  <attribute name="GC Util" value="128" />
  <attribute name="CPU Util" value="13770666328256" />
  <attribute name="Time Running"value="2920"/>
  <attribute name="Number of cores"value="4"/>
</cycle-end>
<allocation-satisfied id="2059" threadId="000000000223E100" bytesRequested="40" />
<af-end id="2060" timestamp="2019-07-02T19:53:28.116" threadId="000000000223EA88" success="true" />
<exclusive-end id="2061" timestamp="2019-07-02T19:53:28.116" durationms="10.791" />

<exclusive-start id="2062" timestamp="2019-07-02T19:53:28.123" intervalms="17.936">
  <response-info timems="0.887" idlems="0.454" threads="1" lastid="0000000002245900" lastname="Thread-7" />
</exclusive-start>
<af-start id="2063" threadId="000000000223AE88" totalBytesRequested="40" timestamp="2019-07-02T19:53:28.123" intervalms="17.944" />
<cycle-start id="2064" type="global" contextid="0" timestamp="2019-07-02T19:53:28.124" intervalms="17.954" />
  <attribute name="GC Util" value="128" />
  <attribute name="CPU Util" value="13770666328256" />
  <attribute name="Time Running"value="2920"/>
  <attribute name="Number of cores"value="4"/>
<gc-start id="2065" type="global" contextid="2064" timestamp="2019-07-02T19:53:28.124">
  <mem-info id="2066" free="0" total="12255232" percent="0">
    <mem type="tenure" free="0" total="12255232" percent="0">
      <mem type="soa" free="0" total="12133376" percent="0" />
      <mem type="loa" free="0" total="121856" percent="0" />
    </mem>
  </mem-info>
</gc-start>
<allocation-stats totalBytes="7958224" >
  <allocated-bytes non-tlh="0" tlh="7958224" />
  <largest-consumer threadName="Thread-9" threadId="000000000223E100" bytes="2396664" />
</allocation-stats>
<gc-op id="2067" type="mark" timems="2.401" contextid="2064" timestamp="2019-07-02T19:53:28.126">
  <trace-info objectcount="67095" scancount="59518" scanbytes="2301412" />
  <finalization candidates="124" enqueued="0" />
  <ownableSynchronizers candidates="3" cleared="0" />
  <references type="soft" candidates="84" cleared="0" enqueued="0" dynamicThreshold="20" maxThreshold="32" />
  <references type="weak" candidates="776" cleared="0" enqueued="0" />
  <references type="phantom" candidates="63" cleared="0" enqueued="0" />
  <stringconstants candidates="4574" cleared="0"  />
</gc-op>
<gc-op id="2068" type="sweep" timems="0.713" contextid="2064" timestamp="2019-07-02T19:53:28.127" />
<heap-resize id="2069" type="contract" space="tenure" amount="65536" count="1" timems="0.099" reason="excess free space following gc" timestamp="2019-07-02T19:53:28.127" />
<gc-end id="2070" type="global" contextid="2064" durationms="3.784" usertimems="8.000" systemtimems="0.000" timestamp="2019-07-02T19:53:28.127" activeThreads="4">
  <mem-info id="2071" free="7860848" total="12189696" percent="64">
    <mem type="tenure" free="7860848" total="12189696" percent="64" micro-fragmented="9240" macro-fragmented="0">
      <mem type="soa" free="7860848" total="12067840" percent="65" />
      <mem type="loa" free="0" total="121856" percent="0" />
    </mem>
  </mem-info>
</gc-end>
<cycle-end id="2072" type="global" contextid="2064" timestamp="2019-07-02T19:53:28.128">
  <attribute name="GC Util" value="238" />
  <attribute name="CPU Util" value="7406135832610" />
  <attribute name="Time Running"value="2937"/>
  <attribute name="Number of cores"value="4"/>
</cycle-end>
<allocation-satisfied id="2073" threadId="000000000223A500" bytesRequested="40" />
<af-end id="2074" timestamp="2019-07-02T19:53:28.128" threadId="000000000223AE88" success="true" />
<exclusive-end id="2075" timestamp="2019-07-02T19:53:28.128" durationms="4.568" />

<exclusive-start id="2076" timestamp="2019-07-02T19:53:28.135" intervalms="11.864">
  <response-info timems="0.027" idlems="0.027" threads="0" lastid="000000000223A500" lastname="Thread-10" />
</exclusive-start>
<af-start id="2077" threadId="000000000223AE88" totalBytesRequested="40" timestamp="2019-07-02T19:53:28.135" intervalms="11.850" />
<cycle-start id="2078" type="global" contextid="0" timestamp="2019-07-02T19:53:28.135" intervalms="11.839" />
  <attribute name="GC Util" value="238" />
  <attribute name="CPU Util" value="7406135832610" />
  <attribute name="Time Running"value="2937"/>
  <attribute name="Number of cores"value="4"/>
<gc-start id="2079" type="global" contextid="2078" timestamp="2019-07-02T19:53:28.135">
  <mem-info id="2080" free="0" total="12189696" percent="0">
    <mem type="tenure" free="0" total="12189696" percent="0">
      <mem type="soa" free="0" total="12067840" percent="0" />
      <mem type="loa" free="0" total="121856" percent="0" />
    </mem>
  </mem-info>
</gc-start>
<allocation-stats totalBytes="7854000" >
  <allocated-bytes non-tlh="0" tlh="7854000" />
  <largest-consumer threadName="Thread-9" threadId="000000000223E100" bytes="2816784" />
</allocation-stats>
<gc-op id="2081" type="mark" timems="2.057" contextid="2078" timestamp="2019-07-02T19:53:28.138">
  <trace-info objectcount="68026" scancount="60447" scanbytes="2323996" />
  <finalization candidates="124" enqueued="0" />
  <ownableSynchronizers candidates="3" cleared="0" />
  <references type="soft" candidates="84" cleared="0" enqueued="0" dynamicThreshold="20" maxThreshold="32" />
  <references type="weak" candidates="776" cleared="0" enqueued="0" />
  <references type="phantom" candidates="63" cleared="0" enqueued="0" />
  <stringconstants candidates="4574" cleared="0"  />
</gc-op>
<gc-op id="2082" type="sweep" timems="0.771" contextid="2078" timestamp="2019-07-02T19:53:28.139" />
<heap-resize id="2083" type="contract" space="tenure" amount="65536" count="1" timems="0.102" reason="excess free space following gc" timestamp="2019-07-02T19:53:28.139" />
<gc-end id="2084" type="global" contextid="2078" durationms="3.567" usertimems="12.000" systemtimems="0.000" timestamp="2019-07-02T19:53:28.139" activeThreads="4">
  <mem-info id="2085" free="7748624" total="12124160" percent="63">
    <mem type="tenure" free="7748624" total="12124160" percent="63" micro-fragmented="10796" macro-fragmented="0">
      <mem type="soa" free="7748624" total="12003328" percent="64" />
      <mem type="loa" free="0" total="120832" percent="0" />
    </mem>
  </mem-info>
</gc-end>
<cycle-end id="2086" type="global" contextid="2078" timestamp="2019-07-02T19:53:28.139">
  <attribute name="GC Util" value="241" />
  <attribute name="CPU Util" value="8573110144507" />
  <attribute name="Time Running"value="2948"/>
  <attribute name="Number of cores"value="4"/>
</cycle-end>
<allocation-satisfied id="2087" threadId="000000000223A500" bytesRequested="40" />
<af-end id="2088" timestamp="2019-07-02T19:53:28.139" threadId="000000000223AE88" success="true" />
<exclusive-end id="2089" timestamp="2019-07-02T19:53:28.139" durationms="4.283" />

<exclusive-start id="2090" timestamp="2019-07-02T19:53:28.145" intervalms="9.846">
  <response-info timems="0.022" idlems="0.022" threads="0" lastid="000000000223A500" lastname="Thread-10" />
</exclusive-start>
<af-start id="2091" threadId="000000000223AE88" totalBytesRequested="40" timestamp="2019-07-02T19:53:28.145" intervalms="9.839" />
<cycle-start id="2092" type="global" contextid="0" timestamp="2019-07-02T19:53:28.145" intervalms="9.846" />
  <attribute name="GC Util" value="241" />
  <attribute name="CPU Util" value="8573110144507" />
  <attribute name="Time Running"value="2948"/>
  <attribute name="Number of cores"value="4"/>
<gc-start id="2093" type="global" contextid="2092" timestamp="2019-07-02T19:53:28.145">
  <mem-info id="2094" free="0" total="12124160" percent="0">
    <mem type="tenure" free="0" total="12124160" percent="0">
      <mem type="soa" free="0" total="12003328" percent="0" />
      <mem type="loa" free="0" total="120832" percent="0" />
    </mem>
  </mem-info>
</gc-start>
<allocation-stats totalBytes="7735024" >
  <allocated-bytes non-tlh="19056" tlh="7715968" />
  <largest-consumer threadName="Thread-10" threadId="000000000223A500" bytes="2136208" />
</allocation-stats>
<gc-op id="2095" type="mark" timems="2.107" contextid="2092" timestamp="2019-07-02T19:53:28.148">
  <trace-info objectcount="64106" scancount="56532" scanbytes="2229652" />
  <finalization candidates="124" enqueued="0" />
  <ownableSynchronizers candidates="3" cleared="0" />
  <references type="soft" candidates="84" cleared="0" enqueued="0" dynamicThreshold="20" maxThreshold="32" />
  <references type="weak" candidates="776" cleared="0" enqueued="0" />
  <references type="phantom" candidates="63" cleared="0" enqueued="0" />
  <stringconstants candidates="4574" cleared="0"  />
</gc-op>
<gc-op id="2096" type="sweep" timems="0.747" contextid="2092" timestamp="2019-07-02T19:53:28.149" />
<mem-info id="2097" free="7808008" total="12124160" percent="64">
  <mem type="tenure" free="7808008" total="12124160" percent="64" micro-fragmented="21107" macro-fragmented="0">
    <mem type="soa" free="7808008" total="12003328" percent="65" />
    <mem type="loa" free="0" total="120832" percent="0" />
  </mem>
</mem-info>
<gc-op id="2098" type="compact" timems="5.456" contextid="2092" timestamp="2019-07-02T19:53:28.154">
  <compact-info movecount="24359" movebytes="1135120" reason="compact to aid heap contraction" />
</gc-op>
<heap-resize id="2099" type="contract" space="tenure" amount="65536" count="1" timems="0.072" reason="excess free space following gc" timestamp="2019-07-02T19:53:28.155" />
<gc-end id="2100" type="global" contextid="2092" durationms="9.375" usertimems="16.000" systemtimems="0.000" timestamp="2019-07-02T19:53:28.155" activeThreads="4">
  <mem-info id="2101" free="7748576" total="12058624" percent="64">
    <mem type="tenure" free="7748576" total="12058624" percent="64">
      <mem type="soa" free="7748576" total="11938816" percent="64" />
      <mem type="loa" free="0" total="119808" percent="0" />
    </mem>
  </mem-info>
</gc-end>
<cycle-end id="2102" type="global" contextid="2092" timestamp="2019-07-02T19:53:28.155">
  <attribute name="GC Util" value="133" />
  <attribute name="CPU Util" value="17949856034098" />
  <attribute name="Time Running"value="2959"/>
  <attribute name="Number of cores"value="4"/>
</cycle-end>
<allocation-satisfied id="2103" threadId="000000000223A500" bytesRequested="40" />
<af-end id="2104" timestamp="2019-07-02T19:53:28.155" threadId="000000000223AE88" success="true" />
<exclusive-end id="2105" timestamp="2019-07-02T19:53:28.155" durationms="10.198" />

<exclusive-start id="2106" timestamp="2019-07-02T19:53:28.162" intervalms="16.618">
  <response-info timems="0.176" idlems="0.098" threads="1" lastid="0000000002245900" lastname="Thread-7" />
</exclusive-start>
<af-start id="2107" threadId="000000000223EA88" totalBytesRequested="24" timestamp="2019-07-02T19:53:28.162" intervalms="16.716" />
<cycle-start id="2108" type="global" contextid="0" timestamp="2019-07-02T19:53:28.162" intervalms="16.764" />
  <attribute name="GC Util" value="133" />
  <attribute name="CPU Util" value="17949856034098" />
  <attribute name="Time Running"value="2959"/>
  <attribute name="Number of cores"value="4"/>
<gc-start id="2109" type="global" contextid="2108" timestamp="2019-07-02T19:53:28.162">
  <mem-info id="2110" free="0" total="12058624" percent="0">
    <mem type="tenure" free="0" total="12058624" percent="0">
      <mem type="soa" free="0" total="11938816" percent="0" />
      <mem type="loa" free="0" total="119808" percent="0" />
    </mem>
  </mem-info>
</gc-start>
<allocation-stats totalBytes="7813104" >
  <allocated-bytes non-tlh="0" tlh="7813104" />
  <largest-consumer threadName="Thread-9" threadId="000000000223E100" bytes="2366096" />
</allocation-stats>
<gc-op id="2111" type="mark" timems="2.072" contextid="2108" timestamp="2019-07-02T19:53:28.164">
  <trace-info objectcount="65647" scancount="58075" scanbytes="2266932" />
  <finalization candidates="124" enqueued="0" />
  <ownableSynchronizers candidates="3" cleared="0" />
  <references type="soft" candidates="84" cleared="0" enqueued="0" dynamicThreshold="20" maxThreshold="32" />
  <references type="weak" candidates="776" cleared="0" enqueued="0" />
  <references type="phantom" candidates="63" cleared="0" enqueued="0" />
  <stringconstants candidates="4574" cleared="0"  />
</gc-op>
<gc-op id="2112" type="sweep" timems="0.773" contextid="2108" timestamp="2019-07-02T19:53:28.165" />
<heap-resize id="2113" type="contract" space="tenure" amount="65536" count="1" timems="0.081" reason="excess free space following gc" timestamp="2019-07-02T19:53:28.166" />
<gc-end id="2114" type="global" contextid="2108" durationms="3.499" usertimems="8.000" systemtimems="0.000" timestamp="2019-07-02T19:53:28.166" activeThreads="4">
  <mem-info id="2115" free="7700072" total="11993088" percent="64">
    <mem type="tenure" free="7700072" total="11993088" percent="64" micro-fragmented="6687" macro-fragmented="0">
      <mem type="soa" free="7700072" total="11873280" percent="64" />
      <mem type="loa" free="0" total="119808" percent="0" />
    </mem>
  </mem-info>
</gc-end>
<cycle-end id="2116" type="global" contextid="2108" timestamp="2019-07-02T19:53:28.166">
  <attribute name="GC Util" value="236" />
  <attribute name="CPU Util" value="8562198969310" />
  <attribute name="Time Running"value="2975"/>
  <attribute name="Number of cores"value="4"/>
</cycle-end>
<allocation-satisfied id="2117" threadId="000000000223E100" bytesRequested="24" />
<af-end id="2118" timestamp="2019-07-02T19:53:28.166" threadId="000000000223EA88" success="true" />
<exclusive-end id="2119" timestamp="2019-07-02T19:53:28.166" durationms="4.239" />

<exclusive-start id="2120" timestamp="2019-07-02T19:53:28.172" intervalms="10.873">
  <response-info timems="0.040" idlems="0.040" threads="0" lastid="0000000002245900" lastname="Thread-7" />
</exclusive-start>
<af-start id="2121" threadId="0000000002246288" totalBytesRequested="24" timestamp="2019-07-02T19:53:28.180" intervalms="18.074" />
<cycle-start id="2122" type="global" contextid="0" timestamp="2019-07-02T19:53:28.180" intervalms="18.068" />
  <attribute name="GC Util" value="236" />
  <attribute name="CPU Util" value="8562198969310" />
  <attribute name="Time Running"value="2975"/>
  <attribute name="Number of cores"value="4"/>
<gc-start id="2123" type="global" contextid="2122" timestamp="2019-07-02T19:53:28.180">
  <mem-info id="2124" free="0" total="11993088" percent="0">
    <mem type="tenure" free="0" total="11993088" percent="0">
      <mem type="soa" free="0" total="11873280" percent="0" />
      <mem type="loa" free="0" total="119808" percent="0" />
    </mem>
  </mem-info>
</gc-start>
<allocation-stats totalBytes="7692120" >
  <allocated-bytes non-tlh="0" tlh="7692120" />
  <largest-consumer threadName="Thread-9" threadId="000000000223E100" bytes="2386784" />
</allocation-stats>
<gc-op id="2125" type="mark" timems="1.399" contextid="2122" timestamp="2019-07-02T19:53:28.182">
  <trace-info objectcount="66910" scancount="59336" scanbytes="2297164" />
  <finalization candidates="124" enqueued="0" />
  <ownableSynchronizers candidates="3" cleared="0" />
  <references type="soft" candidates="84" cleared="0" enqueued="0" dynamicThreshold="20" maxThreshold="32" />
  <references type="weak" candidates="776" cleared="0" enqueued="0" />
  <references type="phantom" candidates="63" cleared="0" enqueued="0" />
  <stringconstants candidates="4574" cleared="0"  />
</gc-op>
<gc-op id="2126" type="sweep" timems="0.622" contextid="2122" timestamp="2019-07-02T19:53:28.183" />
<mem-info id="2127" free="7641592" total="11993088" percent="63">
  <mem type="tenure" free="7641592" total="11993088" percent="63" micro-fragmented="20594" macro-fragmented="0">
    <mem type="soa" free="7641592" total="11873280" percent="64" />
    <mem type="loa" free="0" total="119808" percent="0" />
  </mem>
</mem-info>
<gc-op id="2128" type="compact" timems="3.268" contextid="2122" timestamp="2019-07-02T19:53:28.186">
  <compact-info movecount="9669" movebytes="370648" reason="compact to aid heap contraction" />
</gc-op>
<heap-resize id="2129" type="contract" space="tenure" amount="65536" count="1" timems="0.082" reason="excess free space following gc" timestamp="2019-07-02T19:53:28.186" />
<gc-end id="2130" type="global" contextid="2122" durationms="6.196" usertimems="12.000" systemtimems="0.000" timestamp="2019-07-02T19:53:28.186" activeThreads="4">
  <mem-info id="2131" free="7551016" total="11927552" percent="63">
    <mem type="tenure" free="7551016" total="11927552" percent="63">
      <mem type="soa" free="7551016" total="11808768" percent="63" />
      <mem type="loa" free="0" total="118784" percent="0" />
    </mem>
  </mem-info>
</gc-end>
<cycle-end id="2132" type="global" contextid="2122" timestamp="2019-07-02T19:53:28.186">
  <attribute name="GC Util" value="11" />
  <attribute name="CPU Util" value="22975402572614" />
  <attribute name="Time Running"value="2993"/>
  <attribute name="Number of cores"value="4"/>
</cycle-end>
<allocation-satisfied id="2133" threadId="0000000002245900" bytesRequested="24" />
<af-end id="2134" timestamp="2019-07-02T19:53:28.187" threadId="0000000002246288" success="true" />
<exclusive-end id="2135" timestamp="2019-07-02T19:53:28.187" durationms="14.276" />

<exclusive-start id="2136" timestamp="2019-07-02T19:53:28.192" intervalms="19.490">
  <response-info timems="0.029" idlems="0.029" threads="0" lastid="000000000223E100" lastname="Thread-9" />
</exclusive-start>
<af-start id="2137" threadId="000000000223EA88" totalBytesRequested="24" timestamp="2019-07-02T19:53:28.192" intervalms="12.170" />
<cycle-start id="2138" type="global" contextid="0" timestamp="2019-07-02T19:53:28.192" intervalms="12.090" />
  <attribute name="GC Util" value="11" />
  <attribute name="CPU Util" value="22975402572614" />
  <attribute name="Time Running"value="2993"/>
  <attribute name="Number of cores"value="4"/>
<gc-start id="2139" type="global" contextid="2138" timestamp="2019-07-02T19:53:28.192">
  <mem-info id="2140" free="0" total="11927552" percent="0">
    <mem type="tenure" free="0" total="11927552" percent="0">
      <mem type="soa" free="0" total="11808768" percent="0" />
      <mem type="loa" free="0" total="118784" percent="0" />
    </mem>
  </mem-info>
</gc-start>
<allocation-stats totalBytes="7615584" >
  <allocated-bytes non-tlh="0" tlh="7615584" />
  <largest-consumer threadName="Thread-8" threadId="0000000002241D00" bytes="2195176" />
</allocation-stats>
<gc-op id="2141" type="mark" timems="1.952" contextid="2138" timestamp="2019-07-02T19:53:28.194">
  <trace-info objectcount="67976" scancount="60399" scanbytes="2322252" />
  <finalization candidates="124" enqueued="0" />
  <ownableSynchronizers candidates="3" cleared="0" />
  <references type="soft" candidates="84" cleared="0" enqueued="0" dynamicThreshold="20" maxThreshold="32" />
  <references type="weak" candidates="776" cleared="0" enqueued="0" />
  <references type="phantom" candidates="63" cleared="0" enqueued="0" />
  <stringconstants candidates="4574" cleared="0"  />
</gc-op>
<gc-op id="2142" type="sweep" timems="0.737" contextid="2138" timestamp="2019-07-02T19:53:28.195" />
<heap-resize id="2143" type="contract" space="tenure" amount="65536" count="1" timems="0.076" reason="excess free space following gc" timestamp="2019-07-02T19:53:28.195" />
<gc-end id="2144" type="global" contextid="2138" durationms="3.165" usertimems="8.000" systemtimems="0.000" timestamp="2019-07-02T19:53:28.195" activeThreads="4">
  <mem-info id="2145" free="7522152" total="11862016" percent="63">
    <mem type="tenure" free="7522152" total="11862016" percent="63" micro-fragmented="18490" macro-fragmented="0">
      <mem type="soa" free="7522152" total="11744256" percent="64" />
      <mem type="loa" free="0" total="117760" percent="0" />
    </mem>
  </mem-info>
</gc-end>
<cycle-end id="2146" type="global" contextid="2138" timestamp="2019-07-02T19:53:28.195">
  <attribute name="GC Util" value="251" />
  <attribute name="CPU Util" value="9056274649856" />
  <attribute name="Time Running"value="3005"/>
  <attribute name="Number of cores"value="4"/>
</cycle-end>
<allocation-satisfied id="2147" threadId="000000000223E100" bytesRequested="24" />
<af-end id="2148" timestamp="2019-07-02T19:53:28.196" threadId="000000000223EA88" success="true" />
<exclusive-end id="2149" timestamp="2019-07-02T19:53:28.196" durationms="3.726" />

<exclusive-start id="2150" timestamp="2019-07-02T19:53:28.202" intervalms="9.646">
  <response-info timems="0.027" idlems="0.027" threads="0" lastid="000000000223A500" lastname="Thread-10" />
</exclusive-start>
<af-start id="2151" threadId="000000000223AE88" totalBytesRequested="40" timestamp="2019-07-02T19:53:28.202" intervalms="9.641" />
<cycle-start id="2152" type="global" contextid="0" timestamp="2019-07-02T19:53:28.202" intervalms="9.675" />
  <attribute name="GC Util" value="251" />
  <attribute name="CPU Util" value="9056274649856" />
  <attribute name="Time Running"value="3005"/>
  <attribute name="Number of cores"value="4"/>
<gc-start id="2153" type="global" contextid="2152" timestamp="2019-07-02T19:53:28.202">
  <mem-info id="2154" free="0" total="11862016" percent="0">
    <mem type="tenure" free="0" total="11862016" percent="0">
      <mem type="soa" free="0" total="11744256" percent="0" />
      <mem type="loa" free="0" total="117760" percent="0" />
    </mem>
  </mem-info>
</gc-start>
<allocation-stats totalBytes="7516208" >
  <allocated-bytes non-tlh="0" tlh="7516208" />
  <largest-consumer threadName="Thread-9" threadId="000000000223E100" bytes="2048656" />
</allocation-stats>
<gc-op id="2155" type="mark" timems="2.130" contextid="2152" timestamp="2019-07-02T19:53:28.204">
  <trace-info objectcount="69069" scancount="61501" scanbytes="2349316" />
  <finalization candidates="124" enqueued="0" />
  <ownableSynchronizers candidates="3" cleared="0" />
  <references type="soft" candidates="84" cleared="0" enqueued="0" dynamicThreshold="20" maxThreshold="32" />
  <references type="weak" candidates="776" cleared="0" enqueued="0" />
  <references type="phantom" candidates="63" cleared="0" enqueued="0" />
  <stringconstants candidates="4574" cleared="0"  />
</gc-op>
<gc-op id="2156" type="sweep" timems="0.778" contextid="2152" timestamp="2019-07-02T19:53:28.205" />
<mem-info id="2157" free="7461872" total="11862016" percent="62">
  <mem type="tenure" free="7461872" total="11862016" percent="62" micro-fragmented="4630" macro-fragmented="0">
    <mem type="soa" free="7461872" total="11744256" percent="63" />
    <mem type="loa" free="0" total="117760" percent="0" />
  </mem>
</mem-info>
<gc-op id="2158" type="compact" timems="4.061" contextid="2152" timestamp="2019-07-02T19:53:28.209">
  <compact-info movecount="3701" movebytes="90376" reason="compact to aid heap contraction" />
</gc-op>
<heap-resize id="2159" type="contract" space="tenure" amount="65536" count="1" timems="0.063" reason="excess free space following gc" timestamp="2019-07-02T19:53:28.210" />
<gc-end id="2160" type="global" contextid="2152" durationms="7.709" usertimems="20.000" systemtimems="0.000" timestamp="2019-07-02T19:53:28.210" activeThreads="4">
  <mem-info id="2161" free="7434352" total="11796480" percent="63">
    <mem type="tenure" free="7434352" total="11796480" percent="63">
      <mem type="soa" free="7368816" total="11678720" percent="63" />
      <mem type="loa" free="65536" total="117760" percent="55" />
    </mem>
  </mem-info>
</gc-end>
<cycle-end id="2162" type="global" contextid="2152" timestamp="2019-07-02T19:53:28.210">
  <attribute name="GC Util" value="155" />
  <attribute name="CPU Util" value="19204755651495" />
  <attribute name="Time Running"value="3016"/>
  <attribute name="Number of cores"value="4"/>
</cycle-end>
<allocation-satisfied id="2163" threadId="000000000223A500" bytesRequested="40" />
<af-end id="2164" timestamp="2019-07-02T19:53:28.210" threadId="000000000223AE88" success="true" />
<exclusive-end id="2165" timestamp="2019-07-02T19:53:28.210" durationms="8.328" />

<exclusive-start id="2166" timestamp="2019-07-02T19:53:28.215" intervalms="13.769">
  <response-info timems="0.029" idlems="0.029" threads="0" lastid="0000000002241D00" lastname="Thread-8" />
</exclusive-start>
<af-start id="2167" threadId="0000000002242688" totalBytesRequested="40" timestamp="2019-07-02T19:53:28.215" intervalms="13.752" />
<cycle-start id="2168" type="global" contextid="0" timestamp="2019-07-02T19:53:28.216" intervalms="13.704" />
  <attribute name="GC Util" value="155" />
  <attribute name="CPU Util" value="19204755651495" />
  <attribute name="Time Running"value="3016"/>
  <attribute name="Number of cores"value="4"/>
<gc-start id="2169" type="global" contextid="2168" timestamp="2019-07-02T19:53:28.216">
  <mem-info id="2170" free="65536" total="11796480" percent="0">
    <mem type="tenure" free="65536" total="11796480" percent="0">
      <mem type="soa" free="0" total="11678720" percent="0" />
      <mem type="loa" free="65536" total="117760" percent="55" />
    </mem>
  </mem-info>
</gc-start>
<allocation-stats totalBytes="7433336" >
  <allocated-bytes non-tlh="0" tlh="7433336" />
  <largest-consumer threadName="Thread-8" threadId="0000000002241D00" bytes="1933056" />
</allocation-stats>
<gc-op id="2171" type="mark" timems="2.318" contextid="2168" timestamp="2019-07-02T19:53:28.218">
  <trace-info objectcount="70045" scancount="62475" scanbytes="2372636" />
  <finalization candidates="124" enqueued="0" />
  <ownableSynchronizers candidates="3" cleared="0" />
  <references type="soft" candidates="84" cleared="0" enqueued="0" dynamicThreshold="20" maxThreshold="32" />
  <references type="weak" candidates="776" cleared="0" enqueued="0" />
  <references type="phantom" candidates="63" cleared="0" enqueued="0" />
  <stringconstants candidates="4574" cleared="0"  />
</gc-op>
<gc-op id="2172" type="sweep" timems="0.750" contextid="2168" timestamp="2019-07-02T19:53:28.219" />
<heap-resize id="2173" type="contract" space="tenure" amount="65536" count="1" timems="0.085" reason="excess free space following gc" timestamp="2019-07-02T19:53:28.219" />
<gc-end id="2174" type="global" contextid="2168" durationms="3.540" usertimems="8.000" systemtimems="0.000" timestamp="2019-07-02T19:53:28.219" activeThreads="4">
  <mem-info id="2175" free="7335424" total="11730944" percent="62">
    <mem type="tenure" free="7335424" total="11730944" percent="62" micro-fragmented="9226" macro-fragmented="0">
      <mem type="soa" free="7335424" total="11614208" percent="63" />
      <mem type="loa" free="0" total="116736" percent="0" />
    </mem>
  </mem-info>
</gc-end>
<cycle-end id="2176" type="global" contextid="2168" timestamp="2019-07-02T19:53:28.219">
  <attribute name="GC Util" value="238" />
  <attribute name="CPU Util" value="7654431637872" />
  <attribute name="Time Running"value="3028"/>
  <attribute name="Number of cores"value="4"/>
</cycle-end>
<allocation-satisfied id="2177" threadId="0000000002241D00" bytesRequested="40" />
<af-end id="2178" timestamp="2019-07-02T19:53:28.219" threadId="0000000002242688" success="true" />
<exclusive-end id="2179" timestamp="2019-07-02T19:53:28.219" durationms="4.028" />

<exclusive-start id="2180" timestamp="2019-07-02T19:53:28.225" intervalms="9.391">
  <response-info timems="0.025" idlems="0.025" threads="0" lastid="0000000002241D00" lastname="Thread-8" />
</exclusive-start>
<af-start id="2181" threadId="0000000002242688" totalBytesRequested="40" timestamp="2019-07-02T19:53:28.225" intervalms="9.387" />
<cycle-start id="2182" type="global" contextid="0" timestamp="2019-07-02T19:53:28.225" intervalms="9.384" />
  <attribute name="GC Util" value="238" />
  <attribute name="CPU Util" value="7654431637872" />
  <attribute name="Time Running"value="3028"/>
  <attribute name="Number of cores"value="4"/>
<gc-start id="2183" type="global" contextid="2182" timestamp="2019-07-02T19:53:28.225">
  <mem-info id="2184" free="0" total="11730944" percent="0">
    <mem type="tenure" free="0" total="11730944" percent="0">
      <mem type="soa" free="0" total="11614208" percent="0" />
      <mem type="loa" free="0" total="116736" percent="0" />
    </mem>
  </mem-info>
</gc-start>
<allocation-stats totalBytes="7330688" >
  <allocated-bytes non-tlh="0" tlh="7330688" />
  <largest-consumer threadName="Thread-8" threadId="0000000002241D00" bytes="1911672" />
</allocation-stats>
<gc-op id="2185" type="mark" timems="2.170" contextid="2182" timestamp="2019-07-02T19:53:28.227">
  <trace-info objectcount="70807" scancount="63237" scanbytes="2391156" />
  <finalization candidates="124" enqueued="0" />
  <ownableSynchronizers candidates="3" cleared="0" />
  <references type="soft" candidates="84" cleared="0" enqueued="0" dynamicThreshold="20" maxThreshold="32" />
  <references type="weak" candidates="776" cleared="0" enqueued="0" />
  <references type="phantom" candidates="63" cleared="0" enqueued="0" />
  <stringconstants candidates="4574" cleared="0"  />
</gc-op>
<gc-op id="2186" type="sweep" timems="0.752" contextid="2182" timestamp="2019-07-02T19:53:28.228" />
<heap-resize id="2187" type="contract" space="tenure" amount="65536" count="1" timems="0.096" reason="excess free space following gc" timestamp="2019-07-02T19:53:28.228" />
<gc-end id="2188" type="global" contextid="2182" durationms="3.384" usertimems="8.000" systemtimems="4.000" timestamp="2019-07-02T19:53:28.228" activeThreads="4">
  <mem-info id="2189" free="7226808" total="11665408" percent="61">
    <mem type="tenure" free="7226808" total="11665408" percent="61" micro-fragmented="9253" macro-fragmented="0">
      <mem type="soa" free="7226808" total="11549696" percent="62" />
      <mem type="loa" free="0" total="115712" percent="0" />
    </mem>
  </mem-info>
</gc-end>
<cycle-end id="2190" type="global" contextid="2182" timestamp="2019-07-02T19:53:28.228">
  <attribute name="GC Util" value="249" />
  <attribute name="CPU Util" value="8134873077502" />
  <attribute name="Time Running"value="3038"/>
  <attribute name="Number of cores"value="4"/>
</cycle-end>
<allocation-satisfied id="2191" threadId="0000000002241D00" bytesRequested="40" />
<af-end id="2192" timestamp="2019-07-02T19:53:28.229" threadId="0000000002242688" success="true" />
<exclusive-end id="2193" timestamp="2019-07-02T19:53:28.229" durationms="3.876" />

<exclusive-start id="2194" timestamp="2019-07-02T19:53:28.237" intervalms="12.482">
  <response-info timems="2.901" idlems="1.943" threads="2" lastid="0000000002245900" lastname="Thread-7" />
</exclusive-start>
<af-start id="2195" threadId="000000000223EA88" totalBytesRequested="40" timestamp="2019-07-02T19:53:28.237" intervalms="12.573" />
<cycle-start id="2196" type="global" contextid="0" timestamp="2019-07-02T19:53:28.238" intervalms="12.662" />
  <attribute name="GC Util" value="249" />
  <attribute name="CPU Util" value="8134873077502" />
  <attribute name="Time Running"value="3038"/>
  <attribute name="Number of cores"value="4"/>
<gc-start id="2197" type="global" contextid="2196" timestamp="2019-07-02T19:53:28.238">
  <mem-info id="2198" free="0" total="11665408" percent="0">
    <mem type="tenure" free="0" total="11665408" percent="0">
      <mem type="soa" free="0" total="11549696" percent="0" />
      <mem type="loa" free="0" total="115712" percent="0" />
    </mem>
  </mem-info>
</gc-start>
<allocation-stats totalBytes="7217384" >
  <allocated-bytes non-tlh="0" tlh="7217384" />
  <largest-consumer threadName="Thread-8" threadId="0000000002241D00" bytes="2027824" />
</allocation-stats>
<gc-op id="2199" type="mark" timems="2.020" contextid="2196" timestamp="2019-07-02T19:53:28.240">
  <trace-info objectcount="71854" scancount="64303" scanbytes="2415996" />
  <finalization candidates="124" enqueued="0" />
  <ownableSynchronizers candidates="3" cleared="0" />
  <references type="soft" candidates="84" cleared="0" enqueued="0" dynamicThreshold="19" maxThreshold="32" />
  <references type="weak" candidates="776" cleared="0" enqueued="0" />
  <references type="phantom" candidates="63" cleared="0" enqueued="0" />
  <stringconstants candidates="4574" cleared="0"  />
</gc-op>
<gc-op id="2200" type="sweep" timems="0.776" contextid="2196" timestamp="2019-07-02T19:53:28.241" />
<mem-info id="2201" free="7172144" total="11665408" percent="61">
  <mem type="tenure" free="7172144" total="11665408" percent="61" micro-fragmented="10801" macro-fragmented="0">
    <mem type="soa" free="7172144" total="11549696" percent="62" />
    <mem type="loa" free="0" total="115712" percent="0" />
  </mem>
</mem-info>
<gc-op id="2202" type="compact" timems="4.557" contextid="2196" timestamp="2019-07-02T19:53:28.245">
  <compact-info movecount="5145" movebytes="124872" reason="compact to aid heap contraction" />
</gc-op>
<heap-resize id="2203" type="contract" space="tenure" amount="65536" count="1" timems="0.086" reason="excess free space following gc" timestamp="2019-07-02T19:53:28.246" />
<gc-end id="2204" type="global" contextid="2196" durationms="8.252" usertimems="16.000" systemtimems="0.000" timestamp="2019-07-02T19:53:28.246" activeThreads="4">
  <mem-info id="2205" free="7173112" total="11599872" percent="61">
    <mem type="tenure" free="7173112" total="11599872" percent="61">
      <mem type="soa" free="7107576" total="11484160" percent="61" />
      <mem type="loa" free="65536" total="115712" percent="56" />
    </mem>
  </mem-info>
</gc-end>
<cycle-end id="2206" type="global" contextid="2196" timestamp="2019-07-02T19:53:28.246">
  <attribute name="GC Util" value="152" />
  <attribute name="CPU Util" value="19369039495692" />
  <attribute name="Time Running"value="3051"/>
  <attribute name="Number of cores"value="4"/>
</cycle-end>
<allocation-satisfied id="2207" threadId="000000000223E100" bytesRequested="40" />
<af-end id="2208" timestamp="2019-07-02T19:53:28.246" threadId="000000000223EA88" success="true" />
<exclusive-end id="2209" timestamp="2019-07-02T19:53:28.246" durationms="8.998" />

<exclusive-start id="2210" timestamp="2019-07-02T19:53:28.254" intervalms="16.318">
  <response-info timems="1.374" idlems="0.695" threads="1" lastid="0000000002245900" lastname="Thread-7" />
</exclusive-start>
<af-start id="2211" threadId="000000000223EA88" totalBytesRequested="40" timestamp="2019-07-02T19:53:28.254" intervalms="16.287" />
<cycle-start id="2212" type="global" contextid="0" timestamp="2019-07-02T19:53:28.254" intervalms="16.246" />
  <attribute name="GC Util" value="152" />
  <attribute name="CPU Util" value="19369039495692" />
  <attribute name="Time Running"value="3051"/>
  <attribute name="Number of cores"value="4"/>
<gc-start id="2213" type="global" contextid="2212" timestamp="2019-07-02T19:53:28.254">
  <mem-info id="2214" free="65536" total="11599872" percent="0">
    <mem type="tenure" free="65536" total="11599872" percent="0">
      <mem type="soa" free="0" total="11484160" percent="0" />
      <mem type="loa" free="65536" total="115712" percent="56" />
    </mem>
  </mem-info>
</gc-start>
<allocation-stats totalBytes="7172280" >
  <allocated-bytes non-tlh="0" tlh="7172280" />
  <largest-consumer threadName="Thread-9" threadId="000000000223E100" bytes="2097888" />
</allocation-stats>
<gc-op id="2215" type="mark" timems="2.425" contextid="2212" timestamp="2019-07-02T19:53:28.256">
  <trace-info objectcount="67741" scancount="60175" scanbytes="2317140" />
  <finalization candidates="124" enqueued="0" />
  <ownableSynchronizers candidates="3" cleared="0" />
  <references type="soft" candidates="84" cleared="0" enqueued="0" dynamicThreshold="19" maxThreshold="32" />
  <references type="weak" candidates="776" cleared="0" enqueued="0" />
  <references type="phantom" candidates="63" cleared="0" enqueued="0" />
  <stringconstants candidates="4574" cleared="0"  />
</gc-op>
<gc-op id="2216" type="sweep" timems="0.775" contextid="2212" timestamp="2019-07-02T19:53:28.257" />
<heap-resize id="2217" type="contract" space="tenure" amount="65536" count="1" timems="0.085" reason="excess free space following gc" timestamp="2019-07-02T19:53:28.258" />
<gc-end id="2218" type="global" contextid="2212" durationms="3.732" usertimems="12.000" systemtimems="0.000" timestamp="2019-07-02T19:53:28.258" activeThreads="4">
  <mem-info id="2219" free="7025656" total="11534336" percent="60">
    <mem type="tenure" free="7025656" total="11534336" percent="60" micro-fragmented="114606" macro-fragmented="0">
      <mem type="soa" free="7025656" total="11419648" percent="61" />
      <mem type="loa" free="0" total="114688" percent="0" />
    </mem>
  </mem-info>
</gc-end>
<cycle-end id="2220" type="global" contextid="2212" timestamp="2019-07-02T19:53:28.258">
  <attribute name="GC Util" value="246" />
  <attribute name="CPU Util" value="7441515876665" />
  <attribute name="Time Running"value="3067"/>
  <attribute name="Number of cores"value="4"/>
</cycle-end>
<allocation-satisfied id="2221" threadId="000000000223E100" bytesRequested="40" />
<af-end id="2222" timestamp="2019-07-02T19:53:28.258" threadId="000000000223EA88" success="true" />
<exclusive-end id="2223" timestamp="2019-07-02T19:53:28.258" durationms="4.408" />

<exclusive-start id="2224" timestamp="2019-07-02T19:53:28.263" intervalms="9.450">
  <response-info timems="0.022" idlems="0.022" threads="0" lastid="0000000002241D00" lastname="Thread-8" />
</exclusive-start>
<af-start id="2225" threadId="0000000002242688" totalBytesRequested="40" timestamp="2019-07-02T19:53:28.263" intervalms="9.435" />
<cycle-start id="2226" type="global" contextid="0" timestamp="2019-07-02T19:53:28.263" intervalms="9.439" />
  <attribute name="GC Util" value="246" />
  <attribute name="CPU Util" value="7441515876665" />
  <attribute name="Time Running"value="3067"/>
  <attribute name="Number of cores"value="4"/>
<gc-start id="2227" type="global" contextid="2226" timestamp="2019-07-02T19:53:28.263">
  <mem-info id="2228" free="0" total="11534336" percent="0">
    <mem type="tenure" free="0" total="11534336" percent="0">
      <mem type="soa" free="0" total="11419648" percent="0" />
      <mem type="loa" free="0" total="114688" percent="0" />
    </mem>
  </mem-info>
</gc-start>
<allocation-stats totalBytes="7086000" >
  <allocated-bytes non-tlh="0" tlh="7086000" />
  <largest-consumer threadName="Thread-10" threadId="000000000223A500" bytes="1851704" />
</allocation-stats>
<gc-op id="2229" type="mark" timems="2.054" contextid="2226" timestamp="2019-07-02T19:53:28.265">
  <trace-info objectcount="68884" scancount="61294" scanbytes="2344476" />
  <finalization candidates="124" enqueued="0" />
  <ownableSynchronizers candidates="3" cleared="0" />
  <references type="soft" candidates="84" cleared="0" enqueued="0" dynamicThreshold="19" maxThreshold="32" />
  <references type="weak" candidates="776" cleared="0" enqueued="0" />
  <references type="phantom" candidates="63" cleared="0" enqueued="0" />
  <stringconstants candidates="4574" cleared="0"  />
</gc-op>
<gc-op id="2230" type="sweep" timems="0.725" contextid="2226" timestamp="2019-07-02T19:53:28.266" />
<gc-end id="2231" type="global" contextid="2226" durationms="3.067" usertimems="8.000" systemtimems="0.000" timestamp="2019-07-02T19:53:28.266" activeThreads="4">
  <mem-info id="2232" free="7023672" total="11534336" percent="60">
    <mem type="tenure" free="7023672" total="11534336" percent="60" micro-fragmented="134880" macro-fragmented="0">
      <mem type="soa" free="7023672" total="11419648" percent="61" />
      <mem type="loa" free="0" total="114688" percent="0" />
    </mem>
  </mem-info>
</gc-end>
<cycle-end id="2233" type="global" contextid="2226" timestamp="2019-07-02T19:53:28.266">
  <attribute name="GC Util" value="237" />
  <attribute name="CPU Util" value="8574931372578" />
  <attribute name="Time Running"value="3076"/>
  <attribute name="Number of cores"value="4"/>
</cycle-end>
<allocation-satisfied id="2234" threadId="0000000002241D00" bytesRequested="40" />
<af-end id="2235" timestamp="2019-07-02T19:53:28.267" threadId="0000000002242688" success="true" />
<exclusive-end id="2236" timestamp="2019-07-02T19:53:28.267" durationms="3.650" />

<exclusive-start id="2237" timestamp="2019-07-02T19:53:28.272" intervalms="9.287">
  <response-info timems="0.025" idlems="0.025" threads="0" lastid="000000000223E100" lastname="Thread-9" />
</exclusive-start>
<af-start id="2238" threadId="000000000223EA88" totalBytesRequested="40" timestamp="2019-07-02T19:53:28.272" intervalms="9.302" />
<cycle-start id="2239" type="global" contextid="0" timestamp="2019-07-02T19:53:28.273" intervalms="9.300" />
  <attribute name="GC Util" value="237" />
  <attribute name="CPU Util" value="8574931372578" />
  <attribute name="Time Running"value="3076"/>
  <attribute name="Number of cores"value="4"/>
<gc-start id="2240" type="global" contextid="2239" timestamp="2019-07-02T19:53:28.273">
  <mem-info id="2241" free="0" total="11534336" percent="0">
    <mem type="tenure" free="0" total="11534336" percent="0">
      <mem type="soa" free="0" total="11419648" percent="0" />
      <mem type="loa" free="0" total="114688" percent="0" />
    </mem>
  </mem-info>
</gc-start>
<allocation-stats totalBytes="7025832" >
  <allocated-bytes non-tlh="0" tlh="7025832" />
  <largest-consumer threadName="Thread-9" threadId="000000000223E100" bytes="2198008" />
</allocation-stats>
<gc-op id="2242" type="mark" timems="2.353" contextid="2239" timestamp="2019-07-02T19:53:28.275">
  <trace-info objectcount="69885" scancount="62309" scanbytes="2368428" />
  <finalization candidates="124" enqueued="0" />
  <ownableSynchronizers candidates="3" cleared="0" />
  <references type="soft" candidates="84" cleared="0" enqueued="0" dynamicThreshold="19" maxThreshold="32" />
  <references type="weak" candidates="776" cleared="0" enqueued="0" />
  <references type="phantom" candidates="63" cleared="0" enqueued="0" />
  <stringconstants candidates="4574" cleared="0"  />
</gc-op>
<gc-op id="2243" type="sweep" timems="0.763" contextid="2239" timestamp="2019-07-02T19:53:28.276" />
<gc-end id="2244" type="global" contextid="2239" durationms="3.430" usertimems="8.000" systemtimems="0.000" timestamp="2019-07-02T19:53:28.276" activeThreads="4">
  <mem-info id="2245" free="6980728" total="11534336" percent="60">
    <mem type="tenure" free="6980728" total="11534336" percent="60" micro-fragmented="145408" macro-fragmented="0">
      <mem type="soa" free="6980728" total="11419648" percent="61" />
      <mem type="loa" free="0" total="114688" percent="0" />
    </mem>
  </mem-info>
</gc-end>
<cycle-end id="2246" type="global" contextid="2239" timestamp="2019-07-02T19:53:28.276">
  <attribute name="GC Util" value="251" />
  <attribute name="CPU Util" value="7529590571069" />
  <attribute name="Time Running"value="3085"/>
  <attribute name="Number of cores"value="4"/>
</cycle-end>
<allocation-satisfied id="2247" threadId="000000000223E100" bytesRequested="40" />
<af-end id="2248" timestamp="2019-07-02T19:53:28.276" threadId="000000000223EA88" success="true" />
<exclusive-end id="2249" timestamp="2019-07-02T19:53:28.277" durationms="4.233" />

<exclusive-start id="2250" timestamp="2019-07-02T19:53:28.282" intervalms="9.662">
  <response-info timems="0.289" idlems="0.198" threads="2" lastid="0000000002245900" lastname="Thread-7" />
</exclusive-start>
<af-start id="2251" threadId="000000000223AE88" totalBytesRequested="40" timestamp="2019-07-02T19:53:28.282" intervalms="9.658" />
<cycle-start id="2252" type="global" contextid="0" timestamp="2019-07-02T19:53:28.282" intervalms="9.655" />
  <attribute name="GC Util" value="251" />
  <attribute name="CPU Util" value="7529590571069" />
  <attribute name="Time Running"value="3085"/>
  <attribute name="Number of cores"value="4"/>
<gc-start id="2253" type="global" contextid="2252" timestamp="2019-07-02T19:53:28.282">
  <mem-info id="2254" free="0" total="11534336" percent="0">
    <mem type="tenure" free="0" total="11534336" percent="0">
      <mem type="soa" free="0" total="11419648" percent="0" />
      <mem type="loa" free="0" total="114688" percent="0" />
    </mem>
  </mem-info>
</gc-start>
<allocation-stats totalBytes="6966960" >
  <allocated-bytes non-tlh="0" tlh="6966960" />
  <largest-consumer threadName="Thread-9" threadId="000000000223E100" bytes="2049536" />
</allocation-stats>
<gc-op id="2255" type="mark" timems="2.148" contextid="2252" timestamp="2019-07-02T19:53:28.284">
  <trace-info objectcount="70837" scancount="63258" scanbytes="2391540" />
  <finalization candidates="124" enqueued="0" />
  <ownableSynchronizers candidates="3" cleared="0" />
  <references type="soft" candidates="84" cleared="0" enqueued="0" dynamicThreshold="19" maxThreshold="32" />
  <references type="weak" candidates="776" cleared="0" enqueued="0" />
  <references type="phantom" candidates="63" cleared="0" enqueued="0" />
  <stringconstants candidates="4574" cleared="0"  />
</gc-op>
<gc-op id="2256" type="sweep" timems="0.868" contextid="2252" timestamp="2019-07-02T19:53:28.285" />
<heap-resize id="2257" type="expand" space="tenure" amount="1048576" count="1" timems="0.038" reason="excessive time being spent in gc" timestamp="2019-07-02T19:53:28.286" />
<gc-end id="2258" type="global" contextid="2252" durationms="3.466" usertimems="8.000" systemtimems="0.000" timestamp="2019-07-02T19:53:28.286" activeThreads="4">
  <mem-info id="2259" free="7957592" total="12582912" percent="63">
    <mem type="tenure" free="7957592" total="12582912" percent="63" micro-fragmented="154508" macro-fragmented="0">
      <mem type="soa" free="7832664" total="12457984" percent="62" />
      <mem type="loa" free="124928" total="124928" percent="100" />
    </mem>
  </mem-info>
</gc-end>
<cycle-end id="2260" type="global" contextid="2252" timestamp="2019-07-02T19:53:28.286">
  <attribute name="GC Util" value="255" />
  <attribute name="CPU Util" value="8376141961976" />
  <attribute name="Time Running"value="3095"/>
  <attribute name="Number of cores"value="4"/>
</cycle-end>
<allocation-satisfied id="2261" threadId="000000000223A500" bytesRequested="40" />
<af-end id="2262" timestamp="2019-07-02T19:53:28.286" threadId="000000000223AE88" success="true" />
<exclusive-end id="2263" timestamp="2019-07-02T19:53:28.286" durationms="4.337" />

<exclusive-start id="2264" timestamp="2019-07-02T19:53:28.294" intervalms="11.609">
  <response-info timems="1.412" idlems="0.713" threads="1" lastid="0000000002245900" lastname="Thread-7" />
</exclusive-start>
<af-start id="2265" threadId="000000000223AE88" totalBytesRequested="24" timestamp="2019-07-02T19:53:28.294" intervalms="11.613" />
<cycle-start id="2266" type="global" contextid="0" timestamp="2019-07-02T19:53:28.294" intervalms="11.637" />
  <attribute name="GC Util" value="255" />
  <attribute name="CPU Util" value="8376141961976" />
  <attribute name="Time Running"value="3095"/>
  <attribute name="Number of cores"value="4"/>
<gc-start id="2267" type="global" contextid="2266" timestamp="2019-07-02T19:53:28.294">
  <mem-info id="2268" free="124928" total="12582912" percent="0">
    <mem type="tenure" free="124928" total="12582912" percent="0">
      <mem type="soa" free="0" total="12457984" percent="0" />
      <mem type="loa" free="124928" total="124928" percent="100" />
    </mem>
  </mem-info>
</gc-start>
<allocation-stats totalBytes="7816184" >
  <allocated-bytes non-tlh="0" tlh="7816184" />
  <largest-consumer threadName="Thread-8" threadId="0000000002241D00" bytes="2291024" />
</allocation-stats>
<gc-op id="2269" type="mark" timems="2.044" contextid="2266" timestamp="2019-07-02T19:53:28.296">
  <trace-info objectcount="71707" scancount="64135" scanbytes="2412612" />
  <finalization candidates="124" enqueued="0" />
  <ownableSynchronizers candidates="3" cleared="0" />
  <references type="soft" candidates="84" cleared="0" enqueued="0" dynamicThreshold="20" maxThreshold="32" />
  <references type="weak" candidates="776" cleared="0" enqueued="0" />
  <references type="phantom" candidates="63" cleared="0" enqueued="0" />
  <stringconstants candidates="4574" cleared="0"  />
</gc-op>
<gc-op id="2270" type="sweep" timems="0.827" contextid="2266" timestamp="2019-07-02T19:53:28.297" />
<gc-end id="2271" type="global" contextid="2266" durationms="3.380" usertimems="8.000" systemtimems="0.000" timestamp="2019-07-02T19:53:28.297" activeThreads="4">
  <mem-info id="2272" free="7999328" total="12582912" percent="63">
    <mem type="tenure" free="7999328" total="12582912" percent="63" micro-fragmented="123296" macro-fragmented="0">
      <mem type="soa" free="7874400" total="12457984" percent="63" />
      <mem type="loa" free="124928" total="124928" percent="100" />
    </mem>
  </mem-info>
</gc-end>
<cycle-end id="2273" type="global" contextid="2266" timestamp="2019-07-02T19:53:28.297">
  <attribute name="GC Util" value="224" />
  <attribute name="CPU Util" value="8638959328654" />
  <attribute name="Time Running"value="3107"/>
  <attribute name="Number of cores"value="4"/>
</cycle-end>
<allocation-satisfied id="2274" threadId="000000000223A500" bytesRequested="24" />
<af-end id="2275" timestamp="2019-07-02T19:53:28.298" threadId="000000000223AE88" success="true" />
<exclusive-end id="2276" timestamp="2019-07-02T19:53:28.298" durationms="4.201" />

<exclusive-start id="2277" timestamp="2019-07-02T19:53:28.304" intervalms="10.341">
  <response-info timems="0.028" idlems="0.028" threads="0" lastid="000000000223E100" lastname="Thread-9" />
</exclusive-start>
<af-start id="2278" threadId="000000000223EA88" totalBytesRequested="40" timestamp="2019-07-02T19:53:28.304" intervalms="10.310" />
<cycle-start id="2279" type="global" contextid="0" timestamp="2019-07-02T19:53:28.304" intervalms="10.256" />
  <attribute name="GC Util" value="224" />
  <attribute name="CPU Util" value="8638959328654" />
  <attribute name="Time Running"value="3107"/>
  <attribute name="Number of cores"value="4"/>
<gc-start id="2280" type="global" contextid="2279" timestamp="2019-07-02T19:53:28.304">
  <mem-info id="2281" free="124928" total="12582912" percent="0">
    <mem type="tenure" free="124928" total="12582912" percent="0">
      <mem type="soa" free="0" total="12457984" percent="0" />
      <mem type="loa" free="124928" total="124928" percent="100" />
    </mem>
  </mem-info>
</gc-start>
<allocation-stats totalBytes="7855632" >
  <allocated-bytes non-tlh="0" tlh="7855632" />
  <largest-consumer threadName="Thread-10" threadId="000000000223A500" bytes="2296120" />
</allocation-stats>
<gc-op id="2282" type="mark" timems="2.238" contextid="2279" timestamp="2019-07-02T19:53:28.307">
  <trace-info objectcount="72422" scancount="64850" scanbytes="2429524" />
  <finalization candidates="124" enqueued="0" />
  <ownableSynchronizers candidates="3" cleared="0" />
  <references type="soft" candidates="84" cleared="0" enqueued="0" dynamicThreshold="20" maxThreshold="32" />
  <references type="weak" candidates="776" cleared="0" enqueued="0" />
  <references type="phantom" candidates="63" cleared="0" enqueued="0" />
  <stringconstants candidates="4574" cleared="0"  />
</gc-op>
<gc-op id="2283" type="sweep" timems="0.870" contextid="2279" timestamp="2019-07-02T19:53:28.307" />
<gc-end id="2284" type="global" contextid="2279" durationms="3.470" usertimems="12.000" systemtimems="0.000" timestamp="2019-07-02T19:53:28.308" activeThreads="4">
  <mem-info id="2285" free="7930672" total="12582912" percent="63">
    <mem type="tenure" free="7930672" total="12582912" percent="63" micro-fragmented="171578" macro-fragmented="0">
      <mem type="soa" free="7805744" total="12457984" percent="62" />
      <mem type="loa" free="124928" total="124928" percent="100" />
    </mem>
  </mem-info>
</gc-end>
<cycle-end id="2286" type="global" contextid="2279" timestamp="2019-07-02T19:53:28.308">
  <attribute name="GC Util" value="255" />
  <attribute name="CPU Util" value="7907236221527" />
  <attribute name="Time Running"value="3117"/>
  <attribute name="Number of cores"value="4"/>
</cycle-end>
<allocation-satisfied id="2287" threadId="000000000223E100" bytesRequested="40" />
<af-end id="2288" timestamp="2019-07-02T19:53:28.308" threadId="000000000223EA88" success="true" />
<exclusive-end id="2289" timestamp="2019-07-02T19:53:28.308" durationms="4.224" />

<exclusive-start id="2290" timestamp="2019-07-02T19:53:28.314" intervalms="10.371">
  <response-info timems="0.043" idlems="0.043" threads="0" lastid="000000000223A500" lastname="Thread-10" />
</exclusive-start>
<af-start id="2291" threadId="000000000223AE88" totalBytesRequested="24" timestamp="2019-07-02T19:53:28.314" intervalms="10.402" />
<cycle-start id="2292" type="global" contextid="0" timestamp="2019-07-02T19:53:28.315" intervalms="10.460" />
  <attribute name="GC Util" value="255" />
  <attribute name="CPU Util" value="7907236221527" />
  <attribute name="Time Running"value="3117"/>
  <attribute name="Number of cores"value="4"/>
<gc-start id="2293" type="global" contextid="2292" timestamp="2019-07-02T19:53:28.315">
  <mem-info id="2294" free="124928" total="12582912" percent="0">
    <mem type="tenure" free="124928" total="12582912" percent="0">
      <mem type="soa" free="0" total="12457984" percent="0" />
      <mem type="loa" free="124928" total="124928" percent="100" />
    </mem>
  </mem-info>
</gc-start>
<allocation-stats totalBytes="7782280" >
  <allocated-bytes non-tlh="23160" tlh="7759120" />
  <largest-consumer threadName="Thread-8" threadId="0000000002241D00" bytes="2735424" />
</allocation-stats>
<gc-op id="2295" type="mark" timems="2.190" contextid="2292" timestamp="2019-07-02T19:53:28.317">
  <trace-info objectcount="68292" scancount="60745" scanbytes="2330180" />
  <finalization candidates="124" enqueued="0" />
  <ownableSynchronizers candidates="3" cleared="0" />
  <references type="soft" candidates="84" cleared="0" enqueued="0" dynamicThreshold="20" maxThreshold="32" />
  <references type="weak" candidates="776" cleared="0" enqueued="0" />
  <references type="phantom" candidates="63" cleared="0" enqueued="0" />
  <stringconstants candidates="4574" cleared="0"  />
</gc-op>
<gc-op id="2296" type="sweep" timems="0.824" contextid="2292" timestamp="2019-07-02T19:53:28.318" />
<heap-resize id="2297" type="contract" space="tenure" amount="65536" count="1" timems="0.040" reason="excess free space following gc" timestamp="2019-07-02T19:53:28.318" />
<gc-end id="2298" type="global" contextid="2292" durationms="3.766" usertimems="8.000" systemtimems="0.000" timestamp="2019-07-02T19:53:28.318" activeThreads="4">
  <mem-info id="2299" free="7924568" total="12517376" percent="63">
    <mem type="tenure" free="7924568" total="12517376" percent="63" micro-fragmented="176771" macro-fragmented="0">
      <mem type="soa" free="7859032" total="12392448" percent="63" />
      <mem type="loa" free="65536" total="124928" percent="52" />
    </mem>
  </mem-info>
</gc-end>
<cycle-end id="2300" type="global" contextid="2292" timestamp="2019-07-02T19:53:28.319">
  <attribute name="GC Util" value="228" />
  <attribute name="CPU Util" value="8045716431138" />
  <attribute name="Time Running"value="3128"/>
  <attribute name="Number of cores"value="4"/>
</cycle-end>
<allocation-satisfied id="2301" threadId="000000000223A500" bytesRequested="24" />
<af-end id="2302" timestamp="2019-07-02T19:53:28.319" threadId="000000000223AE88" success="true" />
<exclusive-end id="2303" timestamp="2019-07-02T19:53:28.319" durationms="4.603" />

<exclusive-start id="2304" timestamp="2019-07-02T19:53:28.324" intervalms="10.111">
  <response-info timems="0.030" idlems="0.030" threads="0" lastid="000000000223A500" lastname="Thread-10" />
</exclusive-start>
<af-start id="2305" threadId="000000000223AE88" totalBytesRequested="40" timestamp="2019-07-02T19:53:28.325" intervalms="10.099" />
<cycle-start id="2306" type="global" contextid="0" timestamp="2019-07-02T19:53:28.325" intervalms="10.036" />
  <attribute name="GC Util" value="228" />
  <attribute name="CPU Util" value="8045716431138" />
  <attribute name="Time Running"value="3128"/>
  <attribute name="Number of cores"value="4"/>
<gc-start id="2307" type="global" contextid="2306" timestamp="2019-07-02T19:53:28.325">
  <mem-info id="2308" free="65536" total="12517376" percent="0">
    <mem type="tenure" free="65536" total="12517376" percent="0">
      <mem type="soa" free="0" total="12392448" percent="0" />
      <mem type="loa" free="65536" total="124928" percent="52" />
    </mem>
  </mem-info>
</gc-start>
<allocation-stats totalBytes="7839616" >
  <allocated-bytes non-tlh="0" tlh="7839616" />
  <largest-consumer threadName="Thread-7" threadId="0000000002245900" bytes="2119592" />
</allocation-stats>
<gc-op id="2309" type="mark" timems="2.156" contextid="2306" timestamp="2019-07-02T19:53:28.327">
  <trace-info objectcount="69414" scancount="61839" scanbytes="2357716" />
  <finalization candidates="124" enqueued="0" />
  <ownableSynchronizers candidates="3" cleared="0" />
  <references type="soft" candidates="84" cleared="0" enqueued="0" dynamicThreshold="20" maxThreshold="32" />
  <references type="weak" candidates="776" cleared="0" enqueued="0" />
  <references type="phantom" candidates="63" cleared="0" enqueued="0" />
  <stringconstants candidates="4574" cleared="0"  />
</gc-op>
<gc-op id="2310" type="sweep" timems="0.826" contextid="2306" timestamp="2019-07-02T19:53:28.328" />
<heap-resize id="2311" type="contract" space="tenure" amount="65536" count="1" timems="0.105" reason="excess free space following gc" timestamp="2019-07-02T19:53:28.328" />
<gc-end id="2312" type="global" contextid="2306" durationms="3.535" usertimems="8.000" systemtimems="0.000" timestamp="2019-07-02T19:53:28.328" activeThreads="4">
  <mem-info id="2313" free="7707552" total="12451840" percent="61">
    <mem type="tenure" free="7707552" total="12451840" percent="61" micro-fragmented="226269" macro-fragmented="0">
      <mem type="soa" free="7707552" total="12327936" percent="62" />
      <mem type="loa" free="0" total="123904" percent="0" />
    </mem>
  </mem-info>
</gc-end>
<cycle-end id="2314" type="global" contextid="2306" timestamp="2019-07-02T19:53:28.328">
  <attribute name="GC Util" value="253" />
  <attribute name="CPU Util" value="8178821907086" />
  <attribute name="Time Running"value="3137"/>
  <attribute name="Number of cores"value="4"/>
</cycle-end>
<allocation-satisfied id="2315" threadId="000000000223A500" bytesRequested="40" />
<af-end id="2316" timestamp="2019-07-02T19:53:28.329" threadId="000000000223AE88" success="true" />
<exclusive-end id="2317" timestamp="2019-07-02T19:53:28.329" durationms="4.280" />

<exclusive-start id="2318" timestamp="2019-07-02T19:53:28.335" intervalms="10.679">
  <response-info timems="0.026" idlems="0.026" threads="0" lastid="0000000002245900" lastname="Thread-7" />
</exclusive-start>
<af-start id="2319" threadId="0000000002246288" totalBytesRequested="40" timestamp="2019-07-02T19:53:28.335" intervalms="10.727" />
<cycle-start id="2320" type="global" contextid="0" timestamp="2019-07-02T19:53:28.335" intervalms="10.772" />
  <attribute name="GC Util" value="253" />
  <attribute name="CPU Util" value="8178821907086" />
  <attribute name="Time Running"value="3137"/>
  <attribute name="Number of cores"value="4"/>
<gc-start id="2321" type="global" contextid="2320" timestamp="2019-07-02T19:53:28.335">
  <mem-info id="2322" free="0" total="12451840" percent="0">
    <mem type="tenure" free="0" total="12451840" percent="0">
      <mem type="soa" free="0" total="12327936" percent="0" />
      <mem type="loa" free="0" total="123904" percent="0" />
    </mem>
  </mem-info>
</gc-start>
<allocation-stats totalBytes="7683816" >
  <allocated-bytes non-tlh="0" tlh="7683816" />
  <largest-consumer threadName="Thread-10" threadId="000000000223A500" bytes="2515648" />
</allocation-stats>
<gc-op id="2323" type="mark" timems="1.419" contextid="2320" timestamp="2019-07-02T19:53:28.337">
  <trace-info objectcount="69869" scancount="62292" scanbytes="2368452" />
  <finalization candidates="124" enqueued="0" />
  <ownableSynchronizers candidates="3" cleared="0" />
  <references type="soft" candidates="84" cleared="0" enqueued="0" dynamicThreshold="19" maxThreshold="32" />
  <references type="weak" candidates="776" cleared="0" enqueued="0" />
  <references type="phantom" candidates="63" cleared="0" enqueued="0" />
  <stringconstants candidates="4574" cleared="0"  />
</gc-op>
<gc-op id="2324" type="sweep" timems="0.373" contextid="2320" timestamp="2019-07-02T19:53:28.338" />
<heap-resize id="2325" type="contract" space="tenure" amount="65536" count="1" timems="0.116" reason="excess free space following gc" timestamp="2019-07-02T19:53:28.338" />
<gc-end id="2326" type="global" contextid="2320" durationms="2.501" usertimems="8.000" systemtimems="0.000" timestamp="2019-07-02T19:53:28.338" activeThreads="4">
  <mem-info id="2327" free="7577208" total="12386304" percent="61">
    <mem type="tenure" free="7577208" total="12386304" percent="61" micro-fragmented="330718" macro-fragmented="0">
      <mem type="soa" free="7577208" total="12263424" percent="61" />
      <mem type="loa" free="0" total="122880" percent="0" />
    </mem>
  </mem-info>
</gc-end>
<cycle-end id="2328" type="global" contextid="2320" timestamp="2019-07-02T19:53:28.338">
  <attribute name="GC Util" value="193" />
  <attribute name="CPU Util" value="12204981924002" />
  <attribute name="Time Running"value="3148"/>
  <attribute name="Number of cores"value="4"/>
</cycle-end>
<allocation-satisfied id="2329" threadId="0000000002245900" bytesRequested="40" />
<af-end id="2330" timestamp="2019-07-02T19:53:28.338" threadId="0000000002246288" success="true" />
<exclusive-end id="2331" timestamp="2019-07-02T19:53:28.339" durationms="3.505" />

<exclusive-start id="2332" timestamp="2019-07-02T19:53:28.344" intervalms="9.362">
  <response-info timems="0.660" idlems="0.357" threads="1" lastid="0000000002245900" lastname="Thread-7" />
</exclusive-start>
<af-start id="2333" threadId="000000000223EA88" totalBytesRequested="40" timestamp="2019-07-02T19:53:28.345" intervalms="9.357" />
<cycle-start id="2334" type="global" contextid="0" timestamp="2019-07-02T19:53:28.345" intervalms="9.403" />
  <attribute name="GC Util" value="193" />
  <attribute name="CPU Util" value="12204981924002" />
  <attribute name="Time Running"value="3148"/>
  <attribute name="Number of cores"value="4"/>
<gc-start id="2335" type="global" contextid="2334" timestamp="2019-07-02T19:53:28.345">
  <mem-info id="2336" free="0" total="12386304" percent="0">
    <mem type="tenure" free="0" total="12386304" percent="0">
      <mem type="soa" free="0" total="12263424" percent="0" />
      <mem type="loa" free="0" total="122880" percent="0" />
    </mem>
  </mem-info>
</gc-start>
<allocation-stats totalBytes="7551920" >
  <allocated-bytes non-tlh="0" tlh="7551920" />
  <largest-consumer threadName="Thread-8" threadId="0000000002241D00" bytes="2314776" />
</allocation-stats>
<gc-op id="2337" type="mark" timems="1.939" contextid="2334" timestamp="2019-07-02T19:53:28.347">
  <trace-info objectcount="70757" scancount="63180" scanbytes="2389524" />
  <finalization candidates="124" enqueued="0" />
  <ownableSynchronizers candidates="3" cleared="0" />
  <references type="soft" candidates="84" cleared="0" enqueued="0" dynamicThreshold="19" maxThreshold="32" />
  <references type="weak" candidates="776" cleared="0" enqueued="0" />
  <references type="phantom" candidates="63" cleared="0" enqueued="0" />
  <stringconstants candidates="4574" cleared="0"  />
</gc-op>
<gc-op id="2338" type="sweep" timems="0.861" contextid="2334" timestamp="2019-07-02T19:53:28.348" />
<gc-end id="2339" type="global" contextid="2334" durationms="3.273" usertimems="8.000" systemtimems="0.000" timestamp="2019-07-02T19:53:28.348" activeThreads="4">
  <mem-info id="2340" free="7470664" total="12386304" percent="60">
    <mem type="tenure" free="7470664" total="12386304" percent="60" micro-fragmented="210157" macro-fragmented="0">
      <mem type="soa" free="7470664" total="12263424" percent="60" />
      <mem type="loa" free="0" total="122880" percent="0" />
    </mem>
  </mem-info>
</gc-end>
<cycle-end id="2341" type="global" contextid="2334" timestamp="2019-07-02T19:53:28.348">
  <attribute name="GC Util" value="235" />
  <attribute name="CPU Util" value="9093852768983" />
  <attribute name="Time Running"value="3158"/>
  <attribute name="Number of cores"value="4"/>
</cycle-end>
<allocation-satisfied id="2342" threadId="000000000223E100" bytesRequested="40" />
<af-end id="2343" timestamp="2019-07-02T19:53:28.349" threadId="000000000223EA88" success="true" />
<exclusive-end id="2344" timestamp="2019-07-02T19:53:28.349" durationms="4.192" />

<exclusive-start id="2345" timestamp="2019-07-02T19:53:28.351" intervalms="6.532">
  <response-info timems="0.022" idlems="0.022" threads="0" lastid="0000000002245900" lastname="Thread-7" />
</exclusive-start>
<af-start id="2346" threadId="0000000002246288" totalBytesRequested="19056" timestamp="2019-07-02T19:53:28.353" intervalms="8.493" />
<cycle-start id="2347" type="global" contextid="0" timestamp="2019-07-02T19:53:28.357" intervalms="12.654" />
  <attribute name="GC Util" value="235" />
  <attribute name="CPU Util" value="9093852768983" />
  <attribute name="Time Running"value="3158"/>
  <attribute name="Number of cores"value="4"/>
<gc-start id="2348" type="global" contextid="2347" timestamp="2019-07-02T19:53:28.358">
  <mem-info id="2349" free="4199416" total="12386304" percent="33">
    <mem type="tenure" free="4199416" total="12386304" percent="33">
      <mem type="soa" free="4199416" total="12263424" percent="34" />
      <mem type="loa" free="0" total="122880" percent="0" />
    </mem>
  </mem-info>
</gc-start>
<allocation-stats totalBytes="3254624" >
  <allocated-bytes non-tlh="4104" tlh="3250520" />
  <largest-consumer threadName="Thread-9" threadId="000000000223E100" bytes="854600" />
</allocation-stats>
<gc-op id="2350" type="mark" timems="1.506" contextid="2347" timestamp="2019-07-02T19:53:28.360">
  <trace-info objectcount="61619" scancount="54025" scanbytes="2036808" />
  <finalization candidates="124" enqueued="0" />
  <ownableSynchronizers candidates="3" cleared="0" />
  <references type="soft" candidates="84" cleared="0" enqueued="0" dynamicThreshold="19" maxThreshold="32" />
  <references type="weak" candidates="776" cleared="0" enqueued="0" />
  <references type="phantom" candidates="63" cleared="0" enqueued="0" />
  <stringconstants candidates="4574" cleared="0"  />
</gc-op>
<gc-op id="2351" type="sweep" timems="0.353" contextid="2347" timestamp="2019-07-02T19:53:28.360" />
<mem-info id="2352" free="7984648" total="12386304" percent="64">
  <mem type="tenure" free="7984648" total="12386304" percent="64" micro-fragmented="165342" macro-fragmented="0">
    <mem type="soa" free="7984648" total="12263424" percent="65" />
    <mem type="loa" free="0" total="122880" percent="0" />
  </mem>
</mem-info>
<gc-op id="2353" type="compact" timems="3.878" contextid="2347" timestamp="2019-07-02T19:53:28.364">
  <compact-info movecount="21872" movebytes="942272" reason="compact to aid heap contraction" />
</gc-op>
<heap-resize id="2354" type="contract" space="tenure" amount="65536" count="1" timems="0.079" reason="excess free space following gc" timestamp="2019-07-02T19:53:28.365" />
<gc-end id="2355" type="global" contextid="2347" durationms="7.318" usertimems="8.000" systemtimems="0.000" timestamp="2019-07-02T19:53:28.365" activeThreads="4">
  <mem-info id="2356" free="8312512" total="12320768" percent="67">
    <mem type="tenure" free="8312512" total="12320768" percent="67">
      <mem type="soa" free="8246976" total="12197888" percent="67" />
      <mem type="loa" free="65536" total="122880" percent="53" />
    </mem>
  </mem-info>
</gc-end>
<cycle-end id="2357" type="global" contextid="2347" timestamp="2019-07-02T19:53:28.365">
  <attribute name="GC Util" value="16" />
  <attribute name="CPU Util" value="31534135416621" />
  <attribute name="Time Running"value="3171"/>
  <attribute name="Number of cores"value="4"/>
</cycle-end>
<allocation-satisfied id="2358" threadId="0000000002245900" bytesRequested="19056" />
<af-end id="2359" timestamp="2019-07-02T19:53:28.365" threadId="0000000002246288" success="true" />
<exclusive-end id="2360" timestamp="2019-07-02T19:53:28.365" durationms="14.269" />

<exclusive-start id="2361" timestamp="2019-07-02T19:53:28.370" intervalms="19.218">
  <response-info timems="0.151" idlems="0.085" threads="1" lastid="0000000002245900" lastname="Thread-7" />
</exclusive-start>
<af-start id="2362" threadId="0000000002242688" totalBytesRequested="40" timestamp="2019-07-02T19:53:28.370" intervalms="17.214" />
<cycle-start id="2363" type="global" contextid="0" timestamp="2019-07-02T19:53:28.370" intervalms="13.057" />
  <attribute name="GC Util" value="16" />
  <attribute name="CPU Util" value="31534135416621" />
  <attribute name="Time Running"value="3171"/>
  <attribute name="Number of cores"value="4"/>
<gc-start id="2364" type="global" contextid="2363" timestamp="2019-07-02T19:53:28.371">
  <mem-info id="2365" free="65536" total="12320768" percent="0">
    <mem type="tenure" free="65536" total="12320768" percent="0">
      <mem type="soa" free="0" total="12197888" percent="0" />
      <mem type="loa" free="65536" total="122880" percent="53" />
    </mem>
  </mem-info>
</gc-start>
<allocation-stats totalBytes="8264784" >
  <allocated-bytes non-tlh="19056" tlh="8245728" />
  <largest-consumer threadName="Thread-7" threadId="0000000002245900" bytes="2345216" />
</allocation-stats>
<gc-op id="2366" type="mark" timems="2.146" contextid="2363" timestamp="2019-07-02T19:53:28.373">
  <trace-info objectcount="68264" scancount="60674" scanbytes="2329332" />
  <finalization candidates="124" enqueued="0" />
  <ownableSynchronizers candidates="3" cleared="0" />
  <references type="soft" candidates="84" cleared="0" enqueued="0" dynamicThreshold="21" maxThreshold="32" />
  <references type="weak" candidates="776" cleared="0" enqueued="0" />
  <references type="phantom" candidates="63" cleared="0" enqueued="0" />
  <stringconstants candidates="4574" cleared="0"  />
</gc-op>
<gc-op id="2367" type="sweep" timems="0.748" contextid="2363" timestamp="2019-07-02T19:53:28.374" />
<heap-resize id="2368" type="contract" space="tenure" amount="65536" count="1" timems="0.091" reason="excess free space following gc" timestamp="2019-07-02T19:53:28.374" />
<gc-end id="2369" type="global" contextid="2363" durationms="3.445" usertimems="4.000" systemtimems="0.000" timestamp="2019-07-02T19:53:28.374" activeThreads="4">
  <mem-info id="2370" free="7890160" total="12255232" percent="64">
    <mem type="tenure" free="7890160" total="12255232" percent="64" micro-fragmented="8479" macro-fragmented="0">
      <mem type="soa" free="7890160" total="12133376" percent="65" />
      <mem type="loa" free="0" total="121856" percent="0" />
    </mem>
  </mem-info>
</gc-end>
<cycle-end id="2371" type="global" contextid="2363" timestamp="2019-07-02T19:53:28.374">
  <attribute name="GC Util" value="242" />
  <attribute name="CPU Util" value="8250007237341" />
  <attribute name="Time Running"value="3183"/>
  <attribute name="Number of cores"value="4"/>
</cycle-end>
<allocation-satisfied id="2372" threadId="0000000002241D00" bytesRequested="40" />
<af-end id="2373" timestamp="2019-07-02T19:53:28.374" threadId="0000000002242688" success="true" />
<exclusive-end id="2374" timestamp="2019-07-02T19:53:28.374" durationms="4.093" />

<exclusive-start id="2375" timestamp="2019-07-02T19:53:28.380" intervalms="10.151">
  <response-info timems="0.024" idlems="0.024" threads="0" lastid="0000000002241D00" lastname="Thread-8" />
</exclusive-start>
<af-start id="2376" threadId="0000000002242688" totalBytesRequested="40" timestamp="2019-07-02T19:53:28.380" intervalms="10.108" />
<cycle-start id="2377" type="global" contextid="0" timestamp="2019-07-02T19:53:28.380" intervalms="10.002" />
  <attribute name="GC Util" value="242" />
  <attribute name="CPU Util" value="8250007237341" />
  <attribute name="Time Running"value="3183"/>
  <attribute name="Number of cores"value="4"/>
<gc-start id="2378" type="global" contextid="2377" timestamp="2019-07-02T19:53:28.381">
  <mem-info id="2379" free="0" total="12255232" percent="0">
    <mem type="tenure" free="0" total="12255232" percent="0">
      <mem type="soa" free="0" total="12133376" percent="0" />
      <mem type="loa" free="0" total="121856" percent="0" />
    </mem>
  </mem-info>
</gc-start>
<allocation-stats totalBytes="7886600" >
  <allocated-bytes non-tlh="0" tlh="7886600" />
  <largest-consumer threadName="Thread-8" threadId="0000000002241D00" bytes="2792576" />
</allocation-stats>
<gc-op id="2380" type="mark" timems="1.987" contextid="2377" timestamp="2019-07-02T19:53:28.383">
  <trace-info objectcount="69566" scancount="62002" scanbytes="2361108" />
  <finalization candidates="124" enqueued="0" />
  <ownableSynchronizers candidates="3" cleared="0" />
  <references type="soft" candidates="84" cleared="0" enqueued="0" dynamicThreshold="20" maxThreshold="32" />
  <references type="weak" candidates="776" cleared="0" enqueued="0" />
  <references type="phantom" candidates="63" cleared="0" enqueued="0" />
  <stringconstants candidates="4574" cleared="0"  />
</gc-op>
<gc-op id="2381" type="sweep" timems="0.758" contextid="2377" timestamp="2019-07-02T19:53:28.383" />
<heap-resize id="2382" type="contract" space="tenure" amount="65536" count="1" timems="0.089" reason="excess free space following gc" timestamp="2019-07-02T19:53:28.384" />
<gc-end id="2383" type="global" contextid="2377" durationms="3.197" usertimems="8.000" systemtimems="0.000" timestamp="2019-07-02T19:53:28.384" activeThreads="4">
  <mem-info id="2384" free="7767448" total="12189696" percent="63">
    <mem type="tenure" free="7767448" total="12189696" percent="63" micro-fragmented="9268" macro-fragmented="0">
      <mem type="soa" free="7767448" total="12067840" percent="64" />
      <mem type="loa" free="0" total="121856" percent="0" />
    </mem>
  </mem-info>
</gc-end>
<cycle-end id="2385" type="global" contextid="2377" timestamp="2019-07-02T19:53:28.384">
  <attribute name="GC Util" value="251" />
  <attribute name="CPU Util" value="8874847818188" />
  <attribute name="Time Running"value="3193"/>
  <attribute name="Number of cores"value="4"/>
</cycle-end>
<allocation-satisfied id="2386" threadId="0000000002241D00" bytesRequested="40" />
<af-end id="2387" timestamp="2019-07-02T19:53:28.384" threadId="0000000002242688" success="true" />
<exclusive-end id="2388" timestamp="2019-07-02T19:53:28.384" durationms="3.693" />

<exclusive-start id="2389" timestamp="2019-07-02T19:53:28.388" intervalms="7.947">
  <response-info timems="0.027" idlems="0.024" threads="1" lastid="0000000002245900" lastname="Thread-7" />
</exclusive-start>
<af-start id="2390" threadId="000000000223AE88" totalBytesRequested="24" timestamp="2019-07-02T19:53:28.388" intervalms="7.967" />
<cycle-start id="2391" type="global" contextid="0" timestamp="2019-07-02T19:53:28.388" intervalms="7.981" />
  <attribute name="GC Util" value="251" />
  <attribute name="CPU Util" value="8874847818188" />
  <attribute name="Time Running"value="3193"/>
  <attribute name="Number of cores"value="4"/>
<gc-start id="2392" type="global" contextid="2391" timestamp="2019-07-02T19:53:28.389">
  <mem-info id="2393" free="0" total="12189696" percent="0">
    <mem type="tenure" free="0" total="12189696" percent="0">
      <mem type="soa" free="0" total="12067840" percent="0" />
      <mem type="loa" free="0" total="121856" percent="0" />
    </mem>
  </mem-info>
</gc-start>
<allocation-stats totalBytes="7758576" >
  <allocated-bytes non-tlh="0" tlh="7758576" />
  <largest-consumer threadName="Thread-8" threadId="0000000002241D00" bytes="2181336" />
</allocation-stats>
<gc-op id="2394" type="mark" timems="2.409" contextid="2391" timestamp="2019-07-02T19:53:28.391">
  <trace-info objectcount="71644" scancount="64074" scanbytes="2410580" />
  <finalization candidates="124" enqueued="0" />
  <ownableSynchronizers candidates="3" cleared="0" />
  <references type="soft" candidates="84" cleared="0" enqueued="0" dynamicThreshold="20" maxThreshold="32" />
  <references type="weak" candidates="776" cleared="0" enqueued="0" />
  <references type="phantom" candidates="63" cleared="0" enqueued="0" />
  <stringconstants candidates="4574" cleared="0"  />
</gc-op>
<gc-op id="2395" type="sweep" timems="0.804" contextid="2391" timestamp="2019-07-02T19:53:28.392" />
<mem-info id="2396" free="7678360" total="12189696" percent="62">
  <mem type="tenure" free="7678360" total="12189696" percent="62" micro-fragmented="18505" macro-fragmented="0">
    <mem type="soa" free="7678360" total="12067840" percent="63" />
    <mem type="loa" free="0" total="121856" percent="0" />
  </mem>
</mem-info>
<gc-op id="2397" type="compact" timems="6.273" contextid="2391" timestamp="2019-07-02T19:53:28.398">
  <compact-info movecount="23986" movebytes="988808" reason="compact to aid heap contraction" />
</gc-op>
<heap-resize id="2398" type="contract" space="tenure" amount="65536" count="1" timems="0.083" reason="excess free space following gc" timestamp="2019-07-02T19:53:28.399" />
<gc-end id="2399" type="global" contextid="2391" durationms="10.376" usertimems="24.000" systemtimems="0.000" timestamp="2019-07-02T19:53:28.399" activeThreads="4">
  <mem-info id="2400" free="7632160" total="12124160" percent="62">
    <mem type="tenure" free="7632160" total="12124160" percent="62">
      <mem type="soa" free="7632160" total="12003328" percent="63" />
      <mem type="loa" free="0" total="120832" percent="0" />
    </mem>
  </mem-info>
</gc-end>
<cycle-end id="2401" type="global" contextid="2391" timestamp="2019-07-02T19:53:28.399">
  <attribute name="GC Util" value="139" />
  <attribute name="CPU Util" value="17071419186778" />
  <attribute name="Time Running"value="3203"/>
  <attribute name="Number of cores"value="4"/>
</cycle-end>
<allocation-satisfied id="2402" threadId="000000000223A500" bytesRequested="24" />
<af-end id="2403" timestamp="2019-07-02T19:53:28.399" threadId="000000000223AE88" success="true" />
<exclusive-end id="2404" timestamp="2019-07-02T19:53:28.399" durationms="11.053" />

<exclusive-start id="2405" timestamp="2019-07-02T19:53:28.404" intervalms="15.436">
  <response-info timems="0.023" idlems="0.023" threads="0" lastid="000000000223A500" lastname="Thread-10" />
</exclusive-start>
<af-start id="2406" threadId="000000000223AE88" totalBytesRequested="40" timestamp="2019-07-02T19:53:28.404" intervalms="15.503" />
<cycle-start id="2407" type="global" contextid="0" timestamp="2019-07-02T19:53:28.404" intervalms="15.575" />
  <attribute name="GC Util" value="139" />
  <attribute name="CPU Util" value="17071419186778" />
  <attribute name="Time Running"value="3203"/>
  <attribute name="Number of cores"value="4"/>
<gc-start id="2408" type="global" contextid="2407" timestamp="2019-07-02T19:53:28.404">
  <mem-info id="2409" free="0" total="12124160" percent="0">
    <mem type="tenure" free="0" total="12124160" percent="0">
      <mem type="soa" free="0" total="12003328" percent="0" />
      <mem type="loa" free="0" total="120832" percent="0" />
    </mem>
  </mem-info>
</gc-start>
<allocation-stats totalBytes="7696936" >
  <allocated-bytes non-tlh="0" tlh="7696936" />
  <largest-consumer threadName="Thread-9" threadId="000000000223E100" bytes="2195288" />
</allocation-stats>
<gc-op id="2410" type="mark" timems="2.209" contextid="2407" timestamp="2019-07-02T19:53:28.406">
  <trace-info objectcount="69257" scancount="61662" scanbytes="2354068" />
  <finalization candidates="124" enqueued="0" />
  <ownableSynchronizers candidates="3" cleared="0" />
  <references type="soft" candidates="84" cleared="0" enqueued="0" dynamicThreshold="20" maxThreshold="32" />
  <references type="weak" candidates="776" cleared="0" enqueued="0" />
  <references type="phantom" candidates="63" cleared="0" enqueued="0" />
  <stringconstants candidates="4574" cleared="0"  />
</gc-op>
<gc-op id="2411" type="sweep" timems="0.710" contextid="2407" timestamp="2019-07-02T19:53:28.407" />
<heap-resize id="2412" type="contract" space="tenure" amount="65536" count="1" timems="0.069" reason="excess free space following gc" timestamp="2019-07-02T19:53:28.407" />
<gc-end id="2413" type="global" contextid="2407" durationms="3.416" usertimems="8.000" systemtimems="0.000" timestamp="2019-07-02T19:53:28.408" activeThreads="4">
  <mem-info id="2414" free="7567608" total="12058624" percent="62">
    <mem type="tenure" free="7567608" total="12058624" percent="62" micro-fragmented="72881" macro-fragmented="0">
      <mem type="soa" free="7567608" total="11938816" percent="63" />
      <mem type="loa" free="0" total="119808" percent="0" />
    </mem>
  </mem-info>
</gc-end>
<cycle-end id="2415" type="global" contextid="2407" timestamp="2019-07-02T19:53:28.408">
  <attribute name="GC Util" value="253" />
  <attribute name="CPU Util" value="8023295555630" />
  <attribute name="Time Running"value="3217"/>
  <attribute name="Number of cores"value="4"/>
</cycle-end>
<allocation-satisfied id="2416" threadId="000000000223A500" bytesRequested="40" />
<af-end id="2417" timestamp="2019-07-02T19:53:28.408" threadId="000000000223AE88" success="true" />
<exclusive-end id="2418" timestamp="2019-07-02T19:53:28.408" durationms="4.136" />

<exclusive-start id="2419" timestamp="2019-07-02T19:53:28.412" intervalms="7.927">
  <response-info timems="0.035" idlems="0.035" threads="0" lastid="0000000002241D00" lastname="Thread-8" />
</exclusive-start>
<af-start id="2420" threadId="0000000002242688" totalBytesRequested="40" timestamp="2019-07-02T19:53:28.412" intervalms="7.913" />
<cycle-start id="2421" type="global" contextid="0" timestamp="2019-07-02T19:53:28.412" intervalms="7.872" />
  <attribute name="GC Util" value="253" />
  <attribute name="CPU Util" value="8023295555630" />
  <attribute name="Time Running"value="3217"/>
  <attribute name="Number of cores"value="4"/>
<gc-start id="2422" type="global" contextid="2421" timestamp="2019-07-02T19:53:28.412">
  <mem-info id="2423" free="0" total="12058624" percent="0">
    <mem type="tenure" free="0" total="12058624" percent="0">
      <mem type="soa" free="0" total="11938816" percent="0" />
      <mem type="loa" free="0" total="119808" percent="0" />
    </mem>
  </mem-info>
</gc-start>
<allocation-stats totalBytes="7563952" >
  <allocated-bytes non-tlh="19056" tlh="7544896" />
  <largest-consumer threadName="Thread-7" threadId="0000000002245900" bytes="2052224" />
</allocation-stats>
<gc-op id="2424" type="mark" timems="1.907" contextid="2421" timestamp="2019-07-02T19:53:28.414">
  <trace-info objectcount="62058" scancount="54473" scanbytes="2180644" />
  <finalization candidates="124" enqueued="0" />
  <ownableSynchronizers candidates="3" cleared="0" />
  <references type="soft" candidates="84" cleared="0" enqueued="0" dynamicThreshold="20" maxThreshold="32" />
  <references type="weak" candidates="776" cleared="0" enqueued="0" />
  <references type="phantom" candidates="63" cleared="0" enqueued="0" />
  <stringconstants candidates="4574" cleared="0"  />
</gc-op>
<gc-op id="2425" type="sweep" timems="0.737" contextid="2421" timestamp="2019-07-02T19:53:28.415" />
<heap-resize id="2426" type="contract" space="tenure" amount="65536" count="1" timems="0.087" reason="excess free space following gc" timestamp="2019-07-02T19:53:28.415" />
<gc-end id="2427" type="global" contextid="2421" durationms="3.083" usertimems="8.000" systemtimems="0.000" timestamp="2019-07-02T19:53:28.415" activeThreads="4">
  <mem-info id="2428" free="7599352" total="11993088" percent="63">
    <mem type="tenure" free="7599352" total="11993088" percent="63" micro-fragmented="112255" macro-fragmented="0">
      <mem type="soa" free="7599352" total="11873280" percent="64" />
      <mem type="loa" free="0" total="119808" percent="0" />
    </mem>
  </mem-info>
</gc-end>
<cycle-end id="2429" type="global" contextid="2421" timestamp="2019-07-02T19:53:28.415">
  <attribute name="GC Util" value="243" />
  <attribute name="CPU Util" value="9251979084553" />
  <attribute name="Time Running"value="3224"/>
  <attribute name="Number of cores"value="4"/>
</cycle-end>
<allocation-satisfied id="2430" threadId="0000000002241D00" bytesRequested="40" />
<af-end id="2431" timestamp="2019-07-02T19:53:28.415" threadId="0000000002242688" success="true" />
<exclusive-end id="2432" timestamp="2019-07-02T19:53:28.415" durationms="3.665" />

<exclusive-start id="2433" timestamp="2019-07-02T19:53:28.422" intervalms="9.919">
  <response-info timems="1.287" idlems="0.674" threads="1" lastid="0000000002245900" lastname="Thread-7" />
</exclusive-start>
<af-start id="2434" threadId="0000000002242688" totalBytesRequested="40" timestamp="2019-07-02T19:53:28.422" intervalms="9.915" />
<cycle-start id="2435" type="global" contextid="0" timestamp="2019-07-02T19:53:28.422" intervalms="9.972" />
  <attribute name="GC Util" value="243" />
  <attribute name="CPU Util" value="9251979084553" />
  <attribute name="Time Running"value="3224"/>
  <attribute name="Number of cores"value="4"/>
<gc-start id="2436" type="global" contextid="2435" timestamp="2019-07-02T19:53:28.422">
  <mem-info id="2437" free="0" total="11993088" percent="0">
    <mem type="tenure" free="0" total="11993088" percent="0">
      <mem type="soa" free="0" total="11873280" percent="0" />
      <mem type="loa" free="0" total="119808" percent="0" />
    </mem>
  </mem-info>
</gc-start>
<allocation-stats totalBytes="7658224" >
  <allocated-bytes non-tlh="0" tlh="7658224" />
  <largest-consumer threadName="Thread-9" threadId="000000000223E100" bytes="2518328" />
</allocation-stats>
<gc-op id="2438" type="mark" timems="1.802" contextid="2435" timestamp="2019-07-02T19:53:28.424">
  <trace-info objectcount="63805" scancount="56230" scanbytes="2223028" />
  <finalization candidates="124" enqueued="0" />
  <ownableSynchronizers candidates="3" cleared="0" />
  <references type="soft" candidates="84" cleared="0" enqueued="0" dynamicThreshold="20" maxThreshold="32" />
  <references type="weak" candidates="776" cleared="0" enqueued="0" />
  <references type="phantom" candidates="63" cleared="0" enqueued="0" />
  <stringconstants candidates="4574" cleared="0"  />
</gc-op>
<gc-op id="2439" type="sweep" timems="0.822" contextid="2435" timestamp="2019-07-02T19:53:28.425" />
<mem-info id="2440" free="7594504" total="11993088" percent="63">
  <mem type="tenure" free="7594504" total="11993088" percent="63" micro-fragmented="100017" macro-fragmented="0">
    <mem type="soa" free="7594504" total="11873280" percent="63" />
    <mem type="loa" free="0" total="119808" percent="0" />
  </mem>
</mem-info>
<gc-op id="2441" type="compact" timems="5.152" contextid="2435" timestamp="2019-07-02T19:53:28.430">
  <compact-info movecount="24058" movebytes="1128496" reason="compact to aid heap contraction" />
</gc-op>
<heap-resize id="2442" type="contract" space="tenure" amount="65536" count="1" timems="0.062" reason="excess free space following gc" timestamp="2019-07-02T19:53:28.431" />
<gc-end id="2443" type="global" contextid="2435" durationms="8.754" usertimems="16.000" systemtimems="0.000" timestamp="2019-07-02T19:53:28.431" activeThreads="4">
  <mem-info id="2444" free="7625152" total="11927552" percent="63">
    <mem type="tenure" free="7625152" total="11927552" percent="63">
      <mem type="soa" free="7625152" total="11808768" percent="64" />
      <mem type="loa" free="0" total="118784" percent="0" />
    </mem>
  </mem-info>
</gc-end>
<cycle-end id="2445" type="global" contextid="2435" timestamp="2019-07-02T19:53:28.431">
  <attribute name="GC Util" value="119" />
  <attribute name="CPU Util" value="18441930583790" />
  <attribute name="Time Running"value="3236"/>
  <attribute name="Number of cores"value="4"/>
</cycle-end>
<allocation-satisfied id="2446" threadId="0000000002241D00" bytesRequested="40" />
<af-end id="2447" timestamp="2019-07-02T19:53:28.431" threadId="0000000002242688" success="true" />
<exclusive-end id="2448" timestamp="2019-07-02T19:53:28.431" durationms="9.504" />

<exclusive-start id="2449" timestamp="2019-07-02T19:53:28.435" intervalms="13.466">
  <response-info timems="0.023" idlems="0.023" threads="0" lastid="000000000223E100" lastname="Thread-9" />
</exclusive-start>
<af-start id="2450" threadId="000000000223EA88" totalBytesRequested="40" timestamp="2019-07-02T19:53:28.435" intervalms="13.449" />
<cycle-start id="2451" type="global" contextid="0" timestamp="2019-07-02T19:53:28.435" intervalms="13.397" />
  <attribute name="GC Util" value="119" />
  <attribute name="CPU Util" value="18441930583790" />
  <attribute name="Time Running"value="3236"/>
  <attribute name="Number of cores"value="4"/>
<gc-start id="2452" type="global" contextid="2451" timestamp="2019-07-02T19:53:28.435">
  <mem-info id="2453" free="0" total="11927552" percent="0">
    <mem type="tenure" free="0" total="11927552" percent="0">
      <mem type="soa" free="0" total="11808768" percent="0" />
      <mem type="loa" free="0" total="118784" percent="0" />
    </mem>
  </mem-info>
</gc-start>
<allocation-stats totalBytes="7689392" >
  <allocated-bytes non-tlh="0" tlh="7689392" />
  <largest-consumer threadName="Thread-9" threadId="000000000223E100" bytes="2152624" />
</allocation-stats>
<gc-op id="2454" type="mark" timems="2.019" contextid="2451" timestamp="2019-07-02T19:53:28.437">
  <trace-info objectcount="64757" scancount="57177" scanbytes="2245948" />
  <finalization candidates="124" enqueued="0" />
  <ownableSynchronizers candidates="3" cleared="0" />
  <references type="soft" candidates="84" cleared="0" enqueued="0" dynamicThreshold="20" maxThreshold="32" />
  <references type="weak" candidates="776" cleared="0" enqueued="0" />
  <references type="phantom" candidates="63" cleared="0" enqueued="0" />
  <stringconstants candidates="4574" cleared="0"  />
</gc-op>
<gc-op id="2455" type="sweep" timems="0.718" contextid="2451" timestamp="2019-07-02T19:53:28.438" />
<heap-resize id="2456" type="contract" space="tenure" amount="65536" count="1" timems="0.068" reason="excess free space following gc" timestamp="2019-07-02T19:53:28.439" />
<gc-end id="2457" type="global" contextid="2451" durationms="3.283" usertimems="4.000" systemtimems="4.000" timestamp="2019-07-02T19:53:28.439" activeThreads="4">
  <mem-info id="2458" free="7587320" total="11862016" percent="63">
    <mem type="tenure" free="7587320" total="11862016" percent="63" micro-fragmented="3856" macro-fragmented="0">
      <mem type="soa" free="7587320" total="11744256" percent="64" />
      <mem type="loa" free="0" total="117760" percent="0" />
    </mem>
  </mem-info>
</gc-end>
<cycle-end id="2459" type="global" contextid="2451" timestamp="2019-07-02T19:53:28.439">
  <attribute name="GC Util" value="231" />
  <attribute name="CPU Util" value="8720376298097" />
  <attribute name="Time Running"value="3248"/>
  <attribute name="Number of cores"value="4"/>
</cycle-end>
<allocation-satisfied id="2460" threadId="000000000223E100" bytesRequested="40" />
<af-end id="2461" timestamp="2019-07-02T19:53:28.439" threadId="000000000223EA88" success="true" />
<exclusive-end id="2462" timestamp="2019-07-02T19:53:28.439" durationms="3.982" />

<exclusive-start id="2463" timestamp="2019-07-02T19:53:28.445" intervalms="10.347">
  <response-info timems="1.559" idlems="0.787" threads="1" lastid="0000000002245900" lastname="Thread-7" />
</exclusive-start>
<af-start id="2464" threadId="000000000223EA88" totalBytesRequested="24" timestamp="2019-07-02T19:53:28.446" intervalms="10.351" />
<cycle-start id="2465" type="global" contextid="0" timestamp="2019-07-02T19:53:28.446" intervalms="10.387" />
  <attribute name="GC Util" value="231" />
  <attribute name="CPU Util" value="8720376298097" />
  <attribute name="Time Running"value="3248"/>
  <attribute name="Number of cores"value="4"/>
<gc-start id="2466" type="global" contextid="2465" timestamp="2019-07-02T19:53:28.446">
  <mem-info id="2467" free="0" total="11862016" percent="0">
    <mem type="tenure" free="0" total="11862016" percent="0">
      <mem type="soa" free="0" total="11744256" percent="0" />
      <mem type="loa" free="0" total="117760" percent="0" />
    </mem>
  </mem-info>
</gc-start>
<allocation-stats totalBytes="7583056" >
  <allocated-bytes non-tlh="0" tlh="7583056" />
  <largest-consumer threadName="Thread-9" threadId="000000000223E100" bytes="2496304" />
</allocation-stats>
<gc-op id="2468" type="mark" timems="1.911" contextid="2465" timestamp="2019-07-02T19:53:28.448">
  <trace-info objectcount="65591" scancount="58024" scanbytes="2265324" />
  <finalization candidates="124" enqueued="0" />
  <ownableSynchronizers candidates="3" cleared="0" />
  <references type="soft" candidates="84" cleared="0" enqueued="0" dynamicThreshold="20" maxThreshold="32" />
  <references type="weak" candidates="776" cleared="0" enqueued="0" />
  <references type="phantom" candidates="63" cleared="0" enqueued="0" />
  <stringconstants candidates="4574" cleared="0"  />
</gc-op>
<gc-op id="2469" type="sweep" timems="0.730" contextid="2465" timestamp="2019-07-02T19:53:28.449" />
<heap-resize id="2470" type="contract" space="tenure" amount="65536" count="1" timems="0.079" reason="excess free space following gc" timestamp="2019-07-02T19:53:28.449" />
<gc-end id="2471" type="global" contextid="2465" durationms="3.311" usertimems="12.000" systemtimems="0.000" timestamp="2019-07-02T19:53:28.449" activeThreads="4">
  <mem-info id="2472" free="7479976" total="11796480" percent="63">
    <mem type="tenure" free="7479976" total="11796480" percent="63" micro-fragmented="0" macro-fragmented="0">
      <mem type="soa" free="7479976" total="11678720" percent="64" />
      <mem type="loa" free="0" total="117760" percent="0" />
    </mem>
  </mem-info>
</gc-end>
<cycle-end id="2473" type="global" contextid="2465" timestamp="2019-07-02T19:53:28.449">
  <attribute name="GC Util" value="241" />
  <attribute name="CPU Util" value="9196857422862" />
  <attribute name="Time Running"value="3258"/>
  <attribute name="Number of cores"value="4"/>
</cycle-end>
<allocation-satisfied id="2474" threadId="000000000223E100" bytesRequested="24" />
<af-end id="2475" timestamp="2019-07-02T19:53:28.449" threadId="000000000223EA88" success="true" />
<exclusive-end id="2476" timestamp="2019-07-02T19:53:28.449" durationms="3.975" />

<exclusive-start id="2477" timestamp="2019-07-02T19:53:28.454" intervalms="8.302">
  <response-info timems="0.023" idlems="0.023" threads="0" lastid="000000000223E100" lastname="Thread-9" />
</exclusive-start>
<af-start id="2478" threadId="000000000223EA88" totalBytesRequested="24" timestamp="2019-07-02T19:53:28.454" intervalms="8.303" />
<cycle-start id="2479" type="global" contextid="0" timestamp="2019-07-02T19:53:28.454" intervalms="8.301" />
  <attribute name="GC Util" value="241" />
  <attribute name="CPU Util" value="9196857422862" />
  <attribute name="Time Running"value="3258"/>
  <attribute name="Number of cores"value="4"/>
<gc-start id="2480" type="global" contextid="2479" timestamp="2019-07-02T19:53:28.454">
  <mem-info id="2481" free="0" total="11796480" percent="0">
    <mem type="tenure" free="0" total="11796480" percent="0">
      <mem type="soa" free="0" total="11678720" percent="0" />
      <mem type="loa" free="0" total="117760" percent="0" />
    </mem>
  </mem-info>
</gc-start>
<allocation-stats totalBytes="7470768" >
  <allocated-bytes non-tlh="0" tlh="7470768" />
  <largest-consumer threadName="Thread-9" threadId="000000000223E100" bytes="2208296" />
</allocation-stats>
<gc-op id="2482" type="mark" timems="2.069" contextid="2479" timestamp="2019-07-02T19:53:28.456">
  <trace-info objectcount="66314" scancount="58744" scanbytes="2283388" />
  <finalization candidates="124" enqueued="0" />
  <ownableSynchronizers candidates="3" cleared="0" />
  <references type="soft" candidates="84" cleared="0" enqueued="0" dynamicThreshold="20" maxThreshold="32" />
  <references type="weak" candidates="776" cleared="0" enqueued="0" />
  <references type="phantom" candidates="63" cleared="0" enqueued="0" />
  <stringconstants candidates="4574" cleared="0"  />
</gc-op>
<gc-op id="2483" type="sweep" timems="1.065" contextid="2479" timestamp="2019-07-02T19:53:28.457" />
<mem-info id="2484" free="7420960" total="11796480" percent="62">
  <mem type="tenure" free="7420960" total="11796480" percent="62" micro-fragmented="29271" macro-fragmented="0">
    <mem type="soa" free="7420960" total="11678720" percent="63" />
    <mem type="loa" free="0" total="117760" percent="0" />
  </mem>
</mem-info>
<gc-op id="2485" type="compact" timems="5.031" contextid="2479" timestamp="2019-07-02T19:53:28.463">
  <compact-info movecount="19851" movebytes="890296" reason="compact to aid heap contraction" />
</gc-op>
<heap-resize id="2486" type="contract" space="tenure" amount="65536" count="1" timems="0.061" reason="excess free space following gc" timestamp="2019-07-02T19:53:28.463" />
<gc-end id="2487" type="global" contextid="2479" durationms="8.987" usertimems="24.000" systemtimems="0.000" timestamp="2019-07-02T19:53:28.463" activeThreads="4">
  <mem-info id="2488" free="7370232" total="11730944" percent="62">
    <mem type="tenure" free="7370232" total="11730944" percent="62">
      <mem type="soa" free="7370232" total="11614208" percent="63" />
      <mem type="loa" free="0" total="116736" percent="0" />
    </mem>
  </mem-info>
</gc-end>
<cycle-end id="2489" type="global" contextid="2479" timestamp="2019-07-02T19:53:28.463">
  <attribute name="GC Util" value="129" />
  <attribute name="CPU Util" value="13830144786091" />
  <attribute name="Time Running"value="3268"/>
  <attribute name="Number of cores"value="4"/>
</cycle-end>
<allocation-satisfied id="2490" threadId="000000000223E100" bytesRequested="24" />
<af-end id="2491" timestamp="2019-07-02T19:53:28.463" threadId="000000000223EA88" success="true" />
<exclusive-end id="2492" timestamp="2019-07-02T19:53:28.464" durationms="9.837" />

<exclusive-start id="2493" timestamp="2019-07-02T19:53:28.468" intervalms="13.892">
  <response-info timems="0.024" idlems="0.024" threads="0" lastid="0000000002245900" lastname="Thread-7" />
</exclusive-start>
<af-start id="2494" threadId="0000000002246288" totalBytesRequested="24" timestamp="2019-07-02T19:53:28.468" intervalms="13.849" />
<cycle-start id="2495" type="global" contextid="0" timestamp="2019-07-02T19:53:28.468" intervalms="13.769" />
  <attribute name="GC Util" value="129" />
  <attribute name="CPU Util" value="13830144786091" />
  <attribute name="Time Running"value="3268"/>
  <attribute name="Number of cores"value="4"/>
<gc-start id="2496" type="global" contextid="2495" timestamp="2019-07-02T19:53:28.468">
  <mem-info id="2497" free="0" total="11730944" percent="0">
    <mem type="tenure" free="0" total="11730944" percent="0">
      <mem type="soa" free="0" total="11614208" percent="0" />
      <mem type="loa" free="0" total="116736" percent="0" />
    </mem>
  </mem-info>
</gc-start>
<allocation-stats totalBytes="7434240" >
  <allocated-bytes non-tlh="0" tlh="7434240" />
  <largest-consumer threadName="Thread-9" threadId="000000000223E100" bytes="2159752" />
</allocation-stats>
<gc-op id="2498" type="mark" timems="1.034" contextid="2495" timestamp="2019-07-02T19:53:28.469">
  <trace-info objectcount="66997" scancount="59425" scanbytes="2299476" />
  <finalization candidates="124" enqueued="0" />
  <ownableSynchronizers candidates="3" cleared="0" />
  <references type="soft" candidates="84" cleared="0" enqueued="0" dynamicThreshold="20" maxThreshold="32" />
  <references type="weak" candidates="776" cleared="0" enqueued="0" />
  <references type="phantom" candidates="63" cleared="0" enqueued="0" />
  <stringconstants candidates="4574" cleared="0"  />
</gc-op>
<gc-op id="2499" type="sweep" timems="0.303" contextid="2495" timestamp="2019-07-02T19:53:28.469" />
<heap-resize id="2500" type="contract" space="tenure" amount="65536" count="1" timems="0.083" reason="excess free space following gc" timestamp="2019-07-02T19:53:28.469" />
<gc-end id="2501" type="global" contextid="2495" durationms="1.754" usertimems="0.000" systemtimems="4.000" timestamp="2019-07-02T19:53:28.470" activeThreads="4">
  <mem-info id="2502" free="7329752" total="11665408" percent="62">
    <mem type="tenure" free="7329752" total="11665408" percent="62" micro-fragmented="35868" macro-fragmented="0">
      <mem type="soa" free="7329752" total="11549696" percent="63" />
      <mem type="loa" free="0" total="115712" percent="0" />
    </mem>
  </mem-info>
</gc-end>
<cycle-end id="2503" type="global" contextid="2495" timestamp="2019-07-02T19:53:28.470">
  <attribute name="GC Util" value="229" />
  <attribute name="CPU Util" value="17004334265226" />
  <attribute name="Time Running"value="3279"/>
  <attribute name="Number of cores"value="4"/>
</cycle-end>
<allocation-satisfied id="2504" threadId="0000000002245900" bytesRequested="24" />
<af-end id="2505" timestamp="2019-07-02T19:53:28.470" threadId="0000000002246288" success="true" />
<exclusive-end id="2506" timestamp="2019-07-02T19:53:28.470" durationms="2.377" />

<exclusive-start id="2507" timestamp="2019-07-02T19:53:28.474" intervalms="6.448">
  <response-info timems="0.020" idlems="0.020" threads="0" lastid="0000000002245900" lastname="Thread-7" />
</exclusive-start>
<af-start id="2508" threadId="0000000002246288" totalBytesRequested="40" timestamp="2019-07-02T19:53:28.478" intervalms="9.848" />
<cycle-start id="2509" type="global" contextid="0" timestamp="2019-07-02T19:53:28.478" intervalms="9.900" />
  <attribute name="GC Util" value="229" />
  <attribute name="CPU Util" value="17004334265226" />
  <attribute name="Time Running"value="3279"/>
  <attribute name="Number of cores"value="4"/>
<gc-start id="2510" type="global" contextid="2509" timestamp="2019-07-02T19:53:28.478">
  <mem-info id="2511" free="0" total="11665408" percent="0">
    <mem type="tenure" free="0" total="11665408" percent="0">
      <mem type="soa" free="0" total="11549696" percent="0" />
      <mem type="loa" free="0" total="115712" percent="0" />
    </mem>
  </mem-info>
</gc-start>
<allocation-stats totalBytes="7327200" >
  <allocated-bytes non-tlh="0" tlh="7327200" />
  <largest-consumer threadName="Thread-9" threadId="000000000223E100" bytes="2259936" />
</allocation-stats>
<gc-op id="2512" type="mark" timems="1.217" contextid="2509" timestamp="2019-07-02T19:53:28.479">
  <trace-info objectcount="67679" scancount="60113" scanbytes="2316188" />
  <finalization candidates="124" enqueued="0" />
  <ownableSynchronizers candidates="3" cleared="0" />
  <references type="soft" candidates="84" cleared="0" enqueued="0" dynamicThreshold="20" maxThreshold="32" />
  <references type="weak" candidates="776" cleared="0" enqueued="0" />
  <references type="phantom" candidates="63" cleared="0" enqueued="0" />
  <stringconstants candidates="4574" cleared="0"  />
</gc-op>
<gc-op id="2513" type="sweep" timems="0.333" contextid="2509" timestamp="2019-07-02T19:53:28.480" />
<heap-resize id="2514" type="contract" space="tenure" amount="65536" count="1" timems="0.102" reason="excess free space following gc" timestamp="2019-07-02T19:53:28.480" />
<gc-end id="2515" type="global" contextid="2509" durationms="2.300" usertimems="8.000" systemtimems="0.000" timestamp="2019-07-02T19:53:28.480" activeThreads="4">
  <mem-info id="2516" free="7223520" total="11599872" percent="62">
    <mem type="tenure" free="7223520" total="11599872" percent="62" micro-fragmented="9265" macro-fragmented="0">
      <mem type="soa" free="7223520" total="11484160" percent="62" />
      <mem type="loa" free="0" total="115712" percent="0" />
    </mem>
  </mem-info>
</gc-end>
<cycle-end id="2517" type="global" contextid="2509" timestamp="2019-07-02T19:53:28.480">
  <attribute name="GC Util" value="191" />
  <attribute name="CPU Util" value="14029489124816" />
  <attribute name="Time Running"value="3290"/>
  <attribute name="Number of cores"value="4"/>
</cycle-end>
<allocation-satisfied id="2518" threadId="0000000002245900" bytesRequested="40" />
<af-end id="2519" timestamp="2019-07-02T19:53:28.480" threadId="0000000002246288" success="true" />
<exclusive-end id="2520" timestamp="2019-07-02T19:53:28.480" durationms="6.358" />

<exclusive-start id="2521" timestamp="2019-07-02T19:53:28.485" intervalms="10.564">
  <response-info timems="0.028" idlems="0.028" threads="0" lastid="0000000002241D00" lastname="Thread-8" />
</exclusive-start>
<af-start id="2522" threadId="0000000002242688" totalBytesRequested="40" timestamp="2019-07-02T19:53:28.485" intervalms="7.195" />
<cycle-start id="2523" type="global" contextid="0" timestamp="2019-07-02T19:53:28.485" intervalms="7.183" />
  <attribute name="GC Util" value="191" />
  <attribute name="CPU Util" value="14029489124816" />
  <attribute name="Time Running"value="3290"/>
  <attribute name="Number of cores"value="4"/>
<gc-start id="2524" type="global" contextid="2523" timestamp="2019-07-02T19:53:28.485">
  <mem-info id="2525" free="0" total="11599872" percent="0">
    <mem type="tenure" free="0" total="11599872" percent="0">
      <mem type="soa" free="0" total="11484160" percent="0" />
      <mem type="loa" free="0" total="115712" percent="0" />
    </mem>
  </mem-info>
</gc-start>
<allocation-stats totalBytes="7216904" >
  <allocated-bytes non-tlh="0" tlh="7216904" />
  <largest-consumer threadName="Thread-10" threadId="000000000223A500" bytes="2003888" />
</allocation-stats>
<gc-op id="2526" type="mark" timems="2.130" contextid="2523" timestamp="2019-07-02T19:53:28.487">
  <trace-info objectcount="68302" scancount="60712" scanbytes="2331100" />
  <finalization candidates="124" enqueued="0" />
  <ownableSynchronizers candidates="3" cleared="0" />
  <references type="soft" candidates="84" cleared="0" enqueued="0" dynamicThreshold="19" maxThreshold="32" />
  <references type="weak" candidates="776" cleared="0" enqueued="0" />
  <references type="phantom" candidates="63" cleared="0" enqueued="0" />
  <stringconstants candidates="4574" cleared="0"  />
</gc-op>
<gc-op id="2527" type="sweep" timems="0.752" contextid="2523" timestamp="2019-07-02T19:53:28.488" />
<mem-info id="2528" free="7165448" total="11599872" percent="61">
  <mem type="tenure" free="7165448" total="11599872" percent="61" micro-fragmented="13314" macro-fragmented="0">
    <mem type="soa" free="7165448" total="11484160" percent="62" />
    <mem type="loa" free="0" total="115712" percent="0" />
  </mem>
</mem-info>
<gc-op id="2529" type="compact" timems="4.576" contextid="2523" timestamp="2019-07-02T19:53:28.493">
  <compact-info movecount="4316" movebytes="105328" reason="compact to aid heap contraction" />
</gc-op>
<heap-resize id="2530" type="contract" space="tenure" amount="65536" count="1" timems="0.066" reason="excess free space following gc" timestamp="2019-07-02T19:53:28.493" />
<gc-end id="2531" type="global" contextid="2523" durationms="8.078" usertimems="24.000" systemtimems="0.000" timestamp="2019-07-02T19:53:28.493" activeThreads="4">
  <mem-info id="2532" free="7127960" total="11534336" percent="61">
    <mem type="tenure" free="7127960" total="11534336" percent="61">
      <mem type="soa" free="7127960" total="11419648" percent="62" />
      <mem type="loa" free="0" total="114688" percent="0" />
    </mem>
  </mem-info>
</gc-end>
<cycle-end id="2533" type="global" contextid="2523" timestamp="2019-07-02T19:53:28.493">
  <attribute name="GC Util" value="154" />
  <attribute name="CPU Util" value="20145426423850" />
  <attribute name="Time Running"value="3298"/>
  <attribute name="Number of cores"value="4"/>
</cycle-end>
<allocation-satisfied id="2534" threadId="0000000002241D00" bytesRequested="40" />
<af-end id="2535" timestamp="2019-07-02T19:53:28.493" threadId="0000000002242688" success="true" />
<exclusive-end id="2536" timestamp="2019-07-02T19:53:28.493" durationms="8.573" />

<exclusive-start id="2537" timestamp="2019-07-02T19:53:28.497" intervalms="12.360">
  <response-info timems="0.069" idlems="0.039" threads="1" lastid="0000000001EF7B00" lastname="JIT Compilation Thread-2" />
</exclusive-start>
<af-start id="2538" threadId="0000000002246288" totalBytesRequested="40" timestamp="2019-07-02T19:53:28.497" intervalms="12.333" />
<cycle-start id="2539" type="global" contextid="0" timestamp="2019-07-02T19:53:28.497" intervalms="12.295" />
  <attribute name="GC Util" value="154" />
  <attribute name="CPU Util" value="20145426423850" />
  <attribute name="Time Running"value="3298"/>
  <attribute name="Number of cores"value="4"/>
<gc-start id="2540" type="global" contextid="2539" timestamp="2019-07-02T19:53:28.497">
  <mem-info id="2541" free="0" total="11534336" percent="0">
    <mem type="tenure" free="0" total="11534336" percent="0">
      <mem type="soa" free="0" total="11419648" percent="0" />
      <mem type="loa" free="0" total="114688" percent="0" />
    </mem>
  </mem-info>
</gc-start>
<allocation-stats totalBytes="7192792" >
  <allocated-bytes non-tlh="0" tlh="7192792" />
  <largest-consumer threadName="Thread-9" threadId="000000000223E100" bytes="2310848" />
</allocation-stats>
<gc-op id="2542" type="mark" timems="1.097" contextid="2539" timestamp="2019-07-02T19:53:28.498">
  <trace-info objectcount="68949" scancount="61369" scanbytes="2346772" />
  <finalization candidates="124" enqueued="0" />
  <ownableSynchronizers candidates="3" cleared="0" />
  <references type="soft" candidates="84" cleared="0" enqueued="0" dynamicThreshold="19" maxThreshold="32" />
  <references type="weak" candidates="776" cleared="0" enqueued="0" />
  <references type="phantom" candidates="63" cleared="0" enqueued="0" />
  <stringconstants candidates="4574" cleared="0"  />
</gc-op>
<gc-op id="2543" type="sweep" timems="0.229" contextid="2539" timestamp="2019-07-02T19:53:28.499" />
<heap-resize id="2544" type="contract" space="tenure" amount="65536" count="1" timems="0.088" reason="excess free space following gc" timestamp="2019-07-02T19:53:28.499" />
<gc-end id="2545" type="global" contextid="2539" durationms="1.792" usertimems="4.000" systemtimems="0.000" timestamp="2019-07-02T19:53:28.499" activeThreads="4">
  <mem-info id="2546" free="7150800" total="11468800" percent="62">
    <mem type="tenure" free="7150800" total="11468800" percent="62" micro-fragmented="15875" macro-fragmented="0">
      <mem type="soa" free="7085264" total="11354112" percent="62" />
      <mem type="loa" free="65536" total="114688" percent="57" />
    </mem>
  </mem-info>
</gc-end>
<cycle-end id="2547" type="global" contextid="2539" timestamp="2019-07-02T19:53:28.499">
  <attribute name="GC Util" value="215" />
  <attribute name="CPU Util" value="16013632586147" />
  <attribute name="Time Running"value="3309"/>
  <attribute name="Number of cores"value="4"/>
</cycle-end>
<allocation-satisfied id="2548" threadId="0000000002245900" bytesRequested="40" />
<af-end id="2549" timestamp="2019-07-02T19:53:28.499" threadId="0000000002246288" success="true" />
<exclusive-end id="2550" timestamp="2019-07-02T19:53:28.499" durationms="2.430" />

<exclusive-start id="2551" timestamp="2019-07-02T19:53:28.503" intervalms="6.310">
  <response-info timems="0.022" idlems="0.022" threads="0" lastid="0000000002245900" lastname="Thread-7" />
</exclusive-start>
<af-start id="2552" threadId="0000000002246288" totalBytesRequested="24" timestamp="2019-07-02T19:53:28.506" intervalms="8.541" />
<cycle-start id="2553" type="global" contextid="0" timestamp="2019-07-02T19:53:28.506" intervalms="8.649" />
  <attribute name="GC Util" value="215" />
  <attribute name="CPU Util" value="16013632586147" />
  <attribute name="Time Running"value="3309"/>
  <attribute name="Number of cores"value="4"/>
<gc-start id="2554" type="global" contextid="2553" timestamp="2019-07-02T19:53:28.506">
  <mem-info id="2555" free="65536" total="11468800" percent="0">
    <mem type="tenure" free="65536" total="11468800" percent="0">
      <mem type="soa" free="0" total="11354112" percent="0" />
      <mem type="loa" free="65536" total="114688" percent="57" />
    </mem>
  </mem-info>
</gc-start>
<allocation-stats totalBytes="7085752" >
  <allocated-bytes non-tlh="0" tlh="7085752" />
  <largest-consumer threadName="Thread-10" threadId="000000000223A500" bytes="2183392" />
</allocation-stats>
<gc-op id="2556" type="mark" timems="2.499" contextid="2553" timestamp="2019-07-02T19:53:28.509">
  <trace-info objectcount="69440" scancount="61870" scanbytes="2357996" />
  <finalization candidates="124" enqueued="0" />
  <ownableSynchronizers candidates="3" cleared="0" />
  <references type="soft" candidates="84" cleared="0" enqueued="0" dynamicThreshold="19" maxThreshold="32" />
  <references type="weak" candidates="776" cleared="0" enqueued="0" />
  <references type="phantom" candidates="63" cleared="0" enqueued="0" />
  <stringconstants candidates="4574" cleared="0"  />
</gc-op>
<gc-op id="2557" type="sweep" timems="0.747" contextid="2553" timestamp="2019-07-02T19:53:28.510" />
<heap-resize id="2558" type="contract" space="tenure" amount="65536" count="1" timems="0.097" reason="excess free space following gc" timestamp="2019-07-02T19:53:28.510" />
<gc-end id="2559" type="global" contextid="2553" durationms="3.919" usertimems="12.000" systemtimems="0.000" timestamp="2019-07-02T19:53:28.510" activeThreads="4">
  <mem-info id="2560" free="7001056" total="11403264" percent="61">
    <mem type="tenure" free="7001056" total="11403264" percent="61" micro-fragmented="0" macro-fragmented="0">
      <mem type="soa" free="7001056" total="11289600" percent="62" />
      <mem type="loa" free="0" total="113664" percent="0" />
    </mem>
  </mem-info>
</gc-end>
<cycle-end id="2561" type="global" contextid="2553" timestamp="2019-07-02T19:53:28.510">
  <attribute name="GC Util" value="233" />
  <attribute name="CPU Util" value="7129887316509" />
  <attribute name="Time Running"value="3319"/>
  <attribute name="Number of cores"value="4"/>
</cycle-end>
<allocation-satisfied id="2562" threadId="0000000002245900" bytesRequested="24" />
<af-end id="2563" timestamp="2019-07-02T19:53:28.510" threadId="0000000002246288" success="true" />
<exclusive-end id="2564" timestamp="2019-07-02T19:53:28.510" durationms="6.873" />

<exclusive-start id="2565" timestamp="2019-07-02T19:53:28.516" intervalms="12.237">
  <response-info timems="0.056" idlems="0.037" threads="1" lastid="0000000002245900" lastname="Thread-7" />
</exclusive-start>
<af-start id="2566" threadId="000000000223AE88" totalBytesRequested="24" timestamp="2019-07-02T19:53:28.516" intervalms="10.051" />
<cycle-start id="2567" type="global" contextid="0" timestamp="2019-07-02T19:53:28.516" intervalms="9.950" />
  <attribute name="GC Util" value="233" />
  <attribute name="CPU Util" value="7129887316509" />
  <attribute name="Time Running"value="3319"/>
  <attribute name="Number of cores"value="4"/>
<gc-start id="2568" type="global" contextid="2567" timestamp="2019-07-02T19:53:28.516">
  <mem-info id="2569" free="0" total="11403264" percent="0">
    <mem type="tenure" free="0" total="11403264" percent="0">
      <mem type="soa" free="0" total="11289600" percent="0" />
      <mem type="loa" free="0" total="113664" percent="0" />
    </mem>
  </mem-info>
</gc-start>
<allocation-stats totalBytes="6998144" >
  <allocated-bytes non-tlh="0" tlh="6998144" />
  <largest-consumer threadName="Thread-9" threadId="000000000223E100" bytes="2933384" />
</allocation-stats>
<gc-op id="2570" type="mark" timems="2.249" contextid="2567" timestamp="2019-07-02T19:53:28.518">
  <trace-info objectcount="70125" scancount="62543" scanbytes="2374900" />
  <finalization candidates="124" enqueued="0" />
  <ownableSynchronizers candidates="3" cleared="0" />
  <references type="soft" candidates="84" cleared="0" enqueued="0" dynamicThreshold="19" maxThreshold="32" />
  <references type="weak" candidates="776" cleared="0" enqueued="0" />
  <references type="phantom" candidates="63" cleared="0" enqueued="0" />
  <stringconstants candidates="4574" cleared="0"  />
</gc-op>
<gc-op id="2571" type="sweep" timems="0.761" contextid="2567" timestamp="2019-07-02T19:53:28.519" />
<gc-end id="2572" type="global" contextid="2567" durationms="3.327" usertimems="8.000" systemtimems="0.000" timestamp="2019-07-02T19:53:28.519" activeThreads="4">
  <mem-info id="2573" free="6952848" total="11403264" percent="60">
    <mem type="tenure" free="6952848" total="11403264" percent="60" micro-fragmented="54109" macro-fragmented="0">
      <mem type="soa" free="6952848" total="11289600" percent="61" />
      <mem type="loa" free="0" total="113664" percent="0" />
    </mem>
  </mem-info>
</gc-end>
<cycle-end id="2574" type="global" contextid="2567" timestamp="2019-07-02T19:53:28.519">
  <attribute name="GC Util" value="251" />
  <attribute name="CPU Util" value="7890966487088" />
  <attribute name="Time Running"value="3329"/>
  <attribute name="Number of cores"value="4"/>
</cycle-end>
<allocation-satisfied id="2575" threadId="000000000223A500" bytesRequested="24" />
<af-end id="2576" timestamp="2019-07-02T19:53:28.520" threadId="000000000223AE88" success="true" />
<exclusive-end id="2577" timestamp="2019-07-02T19:53:28.520" durationms="4.166" />

<exclusive-start id="2578" timestamp="2019-07-02T19:53:28.528" intervalms="12.930">
  <response-info timems="0.037" idlems="0.037" threads="0" lastid="0000000002245900" lastname="Thread-7" />
</exclusive-start>
<af-start id="2579" threadId="0000000002246288" totalBytesRequested="40" timestamp="2019-07-02T19:53:28.529" intervalms="12.953" />
<cycle-start id="2580" type="global" contextid="0" timestamp="2019-07-02T19:53:28.529" intervalms="12.993" />
  <attribute name="GC Util" value="251" />
  <attribute name="CPU Util" value="7890966487088" />
  <attribute name="Time Running"value="3329"/>
  <attribute name="Number of cores"value="4"/>
<gc-start id="2581" type="global" contextid="2580" timestamp="2019-07-02T19:53:28.529">
  <mem-info id="2582" free="0" total="11403264" percent="0">
    <mem type="tenure" free="0" total="11403264" percent="0">
      <mem type="soa" free="0" total="11289600" percent="0" />
      <mem type="loa" free="0" total="113664" percent="0" />
    </mem>
  </mem-info>
</gc-start>
<allocation-stats totalBytes="6946096" >
  <allocated-bytes non-tlh="0" tlh="6946096" />
  <largest-consumer threadName="Thread-9" threadId="000000000223E100" bytes="3194264" />
</allocation-stats>
<gc-op id="2583" type="mark" timems="2.052" contextid="2580" timestamp="2019-07-02T19:53:28.531">
  <trace-info objectcount="70488" scancount="62911" scanbytes="2383628" />
  <finalization candidates="124" enqueued="0" />
  <ownableSynchronizers candidates="3" cleared="0" />
  <references type="soft" candidates="84" cleared="0" enqueued="0" dynamicThreshold="19" maxThreshold="32" />
  <references type="weak" candidates="776" cleared="0" enqueued="0" />
  <references type="phantom" candidates="63" cleared="0" enqueued="0" />
  <stringconstants candidates="4574" cleared="0"  />
</gc-op>
<gc-op id="2584" type="sweep" timems="0.783" contextid="2580" timestamp="2019-07-02T19:53:28.532" />
<gc-end id="2585" type="global" contextid="2580" durationms="3.092" usertimems="4.000" systemtimems="4.000" timestamp="2019-07-02T19:53:28.532" activeThreads="4">
  <mem-info id="2586" free="6909568" total="11403264" percent="60">
    <mem type="tenure" free="6909568" total="11403264" percent="60" micro-fragmented="53258" macro-fragmented="0">
      <mem type="soa" free="6909568" total="11289600" percent="61" />
      <mem type="loa" free="0" total="113664" percent="0" />
    </mem>
  </mem-info>
</gc-end>
<cycle-end id="2587" type="global" contextid="2580" timestamp="2019-07-02T19:53:28.532">
  <attribute name="GC Util" value="240" />
  <attribute name="CPU Util" value="8843245071133" />
  <attribute name="Time Running"value="3341"/>
  <attribute name="Number of cores"value="4"/>
</cycle-end>
<allocation-satisfied id="2588" threadId="0000000002245900" bytesRequested="40" />
<af-end id="2589" timestamp="2019-07-02T19:53:28.532" threadId="0000000002246288" success="true" />
<exclusive-end id="2590" timestamp="2019-07-02T19:53:28.532" durationms="3.730" />

<exclusive-start id="2591" timestamp="2019-07-02T19:53:28.538" intervalms="9.593">
  <response-info timems="0.046" idlems="0.026" threads="1" lastid="0000000002241D00" lastname="Thread-8" />
</exclusive-start>
<af-start id="2592" threadId="0000000002246288" totalBytesRequested="24" timestamp="2019-07-02T19:53:28.538" intervalms="9.551" />
<cycle-start id="2593" type="global" contextid="0" timestamp="2019-07-02T19:53:28.538" intervalms="9.539" />
  <attribute name="GC Util" value="240" />
  <attribute name="CPU Util" value="8843245071133" />
  <attribute name="Time Running"value="3341"/>
  <attribute name="Number of cores"value="4"/>
<gc-start id="2594" type="global" contextid="2593" timestamp="2019-07-02T19:53:28.538">
  <mem-info id="2595" free="0" total="11403264" percent="0">
    <mem type="tenure" free="0" total="11403264" percent="0">
      <mem type="soa" free="0" total="11289600" percent="0" />
      <mem type="loa" free="0" total="113664" percent="0" />
    </mem>
  </mem-info>
</gc-start>
<allocation-stats totalBytes="6901040" >
  <allocated-bytes non-tlh="19056" tlh="6881984" />
  <largest-consumer threadName="Thread-9" threadId="000000000223E100" bytes="2500760" />
</allocation-stats>
<gc-op id="2596" type="mark" timems="2.369" contextid="2593" timestamp="2019-07-02T19:53:28.541">
  <trace-info objectcount="66263" scancount="58704" scanbytes="2282212" />
  <finalization candidates="124" enqueued="0" />
  <ownableSynchronizers candidates="3" cleared="0" />
  <references type="soft" candidates="84" cleared="0" enqueued="0" dynamicThreshold="19" maxThreshold="32" />
  <references type="weak" candidates="776" cleared="0" enqueued="0" />
  <references type="phantom" candidates="63" cleared="0" enqueued="0" />
  <stringconstants candidates="4574" cleared="0"  />
</gc-op>
<gc-op id="2597" type="sweep" timems="0.781" contextid="2593" timestamp="2019-07-02T19:53:28.542" />
<gc-end id="2598" type="global" contextid="2593" durationms="3.512" usertimems="8.000" systemtimems="0.000" timestamp="2019-07-02T19:53:28.542" activeThreads="4">
  <mem-info id="2599" free="6953856" total="11403264" percent="60">
    <mem type="tenure" free="6953856" total="11403264" percent="60" micro-fragmented="122055" macro-fragmented="0">
      <mem type="soa" free="6953856" total="11289600" percent="61" />
      <mem type="loa" free="0" total="113664" percent="0" />
    </mem>
  </mem-info>
</gc-end>
<cycle-end id="2600" type="global" contextid="2593" timestamp="2019-07-02T19:53:28.542">
  <attribute name="GC Util" value="245" />
  <attribute name="CPU Util" value="7500203870062" />
  <attribute name="Time Running"value="3351"/>
  <attribute name="Number of cores"value="4"/>
</cycle-end>
<allocation-satisfied id="2601" threadId="0000000002245900" bytesRequested="24" />
<af-end id="2602" timestamp="2019-07-02T19:53:28.542" threadId="0000000002246288" success="true" />
<exclusive-end id="2603" timestamp="2019-07-02T19:53:28.542" durationms="4.041" />

<exclusive-start id="2604" timestamp="2019-07-02T19:53:28.547" intervalms="8.581">
  <response-info timems="0.023" idlems="0.023" threads="0" lastid="000000000223E100" lastname="Thread-9" />
</exclusive-start>
<af-start id="2605" threadId="000000000223EA88" totalBytesRequested="40" timestamp="2019-07-02T19:53:28.547" intervalms="8.629" />
<cycle-start id="2606" type="global" contextid="0" timestamp="2019-07-02T19:53:28.547" intervalms="8.647" />
  <attribute name="GC Util" value="245" />
  <attribute name="CPU Util" value="7500203870062" />
  <attribute name="Time Running"value="3351"/>
  <attribute name="Number of cores"value="4"/>
<gc-start id="2607" type="global" contextid="2606" timestamp="2019-07-02T19:53:28.547">
  <mem-info id="2608" free="0" total="11403264" percent="0">
    <mem type="tenure" free="0" total="11403264" percent="0">
      <mem type="soa" free="0" total="11289600" percent="0" />
      <mem type="loa" free="0" total="113664" percent="0" />
    </mem>
  </mem-info>
</gc-start>
<allocation-stats totalBytes="6943432" >
  <allocated-bytes non-tlh="0" tlh="6943432" />
  <largest-consumer threadName="Thread-9" threadId="000000000223E100" bytes="1871176" />
</allocation-stats>
<gc-op id="2609" type="mark" timems="2.195" contextid="2606" timestamp="2019-07-02T19:53:28.549">
  <trace-info objectcount="66804" scancount="59235" scanbytes="2295180" />
  <finalization candidates="124" enqueued="0" />
  <ownableSynchronizers candidates="3" cleared="0" />
  <references type="soft" candidates="84" cleared="0" enqueued="0" dynamicThreshold="19" maxThreshold="32" />
  <references type="weak" candidates="776" cleared="0" enqueued="0" />
  <references type="phantom" candidates="63" cleared="0" enqueued="0" />
  <stringconstants candidates="4574" cleared="0"  />
</gc-op>
<gc-op id="2610" type="sweep" timems="0.785" contextid="2606" timestamp="2019-07-02T19:53:28.550" />
<gc-end id="2611" type="global" contextid="2606" durationms="3.328" usertimems="8.000" systemtimems="0.000" timestamp="2019-07-02T19:53:28.550" activeThreads="4">
  <mem-info id="2612" free="6904552" total="11403264" percent="60">
    <mem type="tenure" free="6904552" total="11403264" percent="60" micro-fragmented="134482" macro-fragmented="0">
      <mem type="soa" free="6904552" total="11289600" percent="61" />
      <mem type="loa" free="0" total="113664" percent="0" />
    </mem>
  </mem-info>
</gc-end>
<cycle-end id="2613" type="global" contextid="2606" timestamp="2019-07-02T19:53:28.550">
  <attribute name="GC Util" value="229" />
  <attribute name="CPU Util" value="8069484144047" />
  <attribute name="Time Running"value="3360"/>
  <attribute name="Number of cores"value="4"/>
</cycle-end>
<allocation-satisfied id="2614" threadId="000000000223E100" bytesRequested="40" />
<af-end id="2615" timestamp="2019-07-02T19:53:28.551" threadId="000000000223EA88" success="true" />
<exclusive-end id="2616" timestamp="2019-07-02T19:53:28.551" durationms="4.036" />

<exclusive-start id="2617" timestamp="2019-07-02T19:53:28.556" intervalms="9.521">
  <response-info timems="0.027" idlems="0.027" threads="0" lastid="000000000223E100" lastname="Thread-9" />
</exclusive-start>
<af-start id="2618" threadId="000000000223EA88" totalBytesRequested="40" timestamp="2019-07-02T19:53:28.556" intervalms="9.442" />
<cycle-start id="2619" type="global" contextid="0" timestamp="2019-07-02T19:53:28.556" intervalms="9.431" />
  <attribute name="GC Util" value="229" />
  <attribute name="CPU Util" value="8069484144047" />
  <attribute name="Time Running"value="3360"/>
  <attribute name="Number of cores"value="4"/>
<gc-start id="2620" type="global" contextid="2619" timestamp="2019-07-02T19:53:28.556">
  <mem-info id="2621" free="0" total="11403264" percent="0">
    <mem type="tenure" free="0" total="11403264" percent="0">
      <mem type="soa" free="0" total="11289600" percent="0" />
      <mem type="loa" free="0" total="113664" percent="0" />
    </mem>
  </mem-info>
</gc-start>
<allocation-stats totalBytes="6890672" >
  <allocated-bytes non-tlh="0" tlh="6890672" />
  <largest-consumer threadName="Thread-9" threadId="000000000223E100" bytes="2822448" />
</allocation-stats>
<gc-op id="2622" type="mark" timems="2.180" contextid="2619" timestamp="2019-07-02T19:53:28.559">
  <trace-info objectcount="67365" scancount="59804" scanbytes="2308964" />
  <finalization candidates="124" enqueued="0" />
  <ownableSynchronizers candidates="3" cleared="0" />
  <references type="soft" candidates="84" cleared="0" enqueued="0" dynamicThreshold="19" maxThreshold="32" />
  <references type="weak" candidates="776" cleared="0" enqueued="0" />
  <references type="phantom" candidates="63" cleared="0" enqueued="0" />
  <stringconstants candidates="4574" cleared="0"  />
</gc-op>
<gc-op id="2623" type="sweep" timems="0.825" contextid="2619" timestamp="2019-07-02T19:53:28.560" />
<gc-end id="2624" type="global" contextid="2619" durationms="3.358" usertimems="8.000" systemtimems="0.000" timestamp="2019-07-02T19:53:28.560" activeThreads="4">
  <mem-info id="2625" free="6847008" total="11403264" percent="60">
    <mem type="tenure" free="6847008" total="11403264" percent="60" micro-fragmented="147227" macro-fragmented="0">
      <mem type="soa" free="6847008" total="11289600" percent="60" />
      <mem type="loa" free="0" total="113664" percent="0" />
    </mem>
  </mem-info>
</gc-end>
<cycle-end id="2626" type="global" contextid="2619" timestamp="2019-07-02T19:53:28.560">
  <attribute name="GC Util" value="254" />
  <attribute name="CPU Util" value="8106288873749" />
  <attribute name="Time Running"value="3369"/>
  <attribute name="Number of cores"value="4"/>
</cycle-end>
<allocation-satisfied id="2627" threadId="000000000223E100" bytesRequested="40" />
<af-end id="2628" timestamp="2019-07-02T19:53:28.560" threadId="000000000223EA88" success="true" />
<exclusive-end id="2629" timestamp="2019-07-02T19:53:28.560" durationms="4.105" />

<exclusive-start id="2630" timestamp="2019-07-02T19:53:28.565" intervalms="8.724">
  <response-info timems="0.021" idlems="0.021" threads="0" lastid="000000000223E100" lastname="Thread-9" />
</exclusive-start>
<af-start id="2631" threadId="000000000223EA88" totalBytesRequested="40" timestamp="2019-07-02T19:53:28.565" intervalms="8.756" />
<cycle-start id="2632" type="global" contextid="0" timestamp="2019-07-02T19:53:28.565" intervalms="8.763" />
  <attribute name="GC Util" value="254" />
  <attribute name="CPU Util" value="8106288873749" />
  <attribute name="Time Running"value="3369"/>
  <attribute name="Number of cores"value="4"/>
<gc-start id="2633" type="global" contextid="2632" timestamp="2019-07-02T19:53:28.565">
  <mem-info id="2634" free="0" total="11403264" percent="0">
    <mem type="tenure" free="0" total="11403264" percent="0">
      <mem type="soa" free="0" total="11289600" percent="0" />
      <mem type="loa" free="0" total="113664" percent="0" />
    </mem>
  </mem-info>
</gc-start>
<allocation-stats totalBytes="6830048" >
  <allocated-bytes non-tlh="0" tlh="6830048" />
  <largest-consumer threadName="Thread-9" threadId="000000000223E100" bytes="1888384" />
</allocation-stats>
<gc-op id="2635" type="mark" timems="1.841" contextid="2632" timestamp="2019-07-02T19:53:28.567">
  <trace-info objectcount="67708" scancount="60139" scanbytes="2316252" />
  <finalization candidates="124" enqueued="0" />
  <ownableSynchronizers candidates="3" cleared="0" />
  <references type="soft" candidates="84" cleared="0" enqueued="0" dynamicThreshold="19" maxThreshold="32" />
  <references type="weak" candidates="776" cleared="0" enqueued="0" />
  <references type="phantom" candidates="63" cleared="0" enqueued="0" />
  <stringconstants candidates="4574" cleared="0"  />
</gc-op>
<gc-op id="2636" type="sweep" timems="0.809" contextid="2632" timestamp="2019-07-02T19:53:28.568" />
<heap-resize id="2637" type="expand" space="tenure" amount="1048576" count="1" timems="0.044" reason="excessive time being spent in gc" timestamp="2019-07-02T19:53:28.568" />
<gc-end id="2638" type="global" contextid="2632" durationms="3.199" usertimems="8.000" systemtimems="0.000" timestamp="2019-07-02T19:53:28.568" activeThreads="4">
  <mem-info id="2639" free="7839688" total="12451840" percent="62">
    <mem type="tenure" free="7839688" total="12451840" percent="62" micro-fragmented="84992" macro-fragmented="0">
      <mem type="soa" free="7715784" total="12327936" percent="62" />
      <mem type="loa" free="123904" total="123904" percent="100" />
    </mem>
  </mem-info>
</gc-end>
<cycle-end id="2640" type="global" contextid="2632" timestamp="2019-07-02T19:53:28.568">
  <attribute name="GC Util" value="235" />
  <attribute name="CPU Util" value="9541277792799" />
  <attribute name="Time Running"value="3378"/>
  <attribute name="Number of cores"value="4"/>
</cycle-end>
<allocation-satisfied id="2641" threadId="000000000223E100" bytesRequested="40" />
<af-end id="2642" timestamp="2019-07-02T19:53:28.569" threadId="000000000223EA88" success="true" />
<exclusive-end id="2643" timestamp="2019-07-02T19:53:28.569" durationms="4.010" />

<exclusive-start id="2644" timestamp="2019-07-02T19:53:28.575" intervalms="9.948">
  <response-info timems="0.026" idlems="0.026" threads="0" lastid="0000000002241D00" lastname="Thread-8" />
</exclusive-start>
<af-start id="2645" threadId="0000000002242688" totalBytesRequested="24" timestamp="2019-07-02T19:53:28.575" intervalms="10.201" />
<cycle-start id="2646" type="global" contextid="0" timestamp="2019-07-02T19:53:28.575" intervalms="10.227" />
  <attribute name="GC Util" value="235" />
  <attribute name="CPU Util" value="9541277792799" />
  <attribute name="Time Running"value="3378"/>
  <attribute name="Number of cores"value="4"/>
<gc-start id="2647" type="global" contextid="2646" timestamp="2019-07-02T19:53:28.575">
  <mem-info id="2648" free="123904" total="12451840" percent="0">
    <mem type="tenure" free="123904" total="12451840" percent="0">
      <mem type="soa" free="0" total="12327936" percent="0" />
      <mem type="loa" free="123904" total="123904" percent="100" />
    </mem>
  </mem-info>
</gc-start>
<allocation-stats totalBytes="7697904" >
  <allocated-bytes non-tlh="0" tlh="7697904" />
  <largest-consumer threadName="Thread-9" threadId="000000000223E100" bytes="3082552" />
</allocation-stats>
<gc-op id="2649" type="mark" timems="1.440" contextid="2646" timestamp="2019-07-02T19:53:28.577">
  <trace-info objectcount="68196" scancount="60635" scanbytes="2328716" />
  <finalization candidates="124" enqueued="0" />
  <ownableSynchronizers candidates="3" cleared="0" />
  <references type="soft" candidates="84" cleared="0" enqueued="0" dynamicThreshold="20" maxThreshold="32" />
  <references type="weak" candidates="776" cleared="0" enqueued="0" />
  <references type="phantom" candidates="63" cleared="0" enqueued="0" />
  <stringconstants candidates="4574" cleared="0"  />
</gc-op>
<gc-op id="2650" type="sweep" timems="0.365" contextid="2646" timestamp="2019-07-02T19:53:28.578" />
<gc-end id="2651" type="global" contextid="2646" durationms="2.321" usertimems="0.000" systemtimems="4.000" timestamp="2019-07-02T19:53:28.578" activeThreads="4">
  <mem-info id="2652" free="7890320" total="12451840" percent="63">
    <mem type="tenure" free="7890320" total="12451840" percent="63" micro-fragmented="92243" macro-fragmented="0">
      <mem type="soa" free="7766416" total="12327936" percent="62" />
      <mem type="loa" free="123904" total="123904" percent="100" />
    </mem>
  </mem-info>
</gc-end>
<cycle-end id="2653" type="global" contextid="2646" timestamp="2019-07-02T19:53:28.578">
  <attribute name="GC Util" value="184" />
  <attribute name="CPU Util" value="11938790063843" />
  <attribute name="Time Running"value="3388"/>
  <attribute name="Number of cores"value="4"/>
</cycle-end>
<allocation-satisfied id="2654" threadId="0000000002241D00" bytesRequested="24" />
<af-end id="2655" timestamp="2019-07-02T19:53:28.578" threadId="0000000002242688" success="true" />
<exclusive-end id="2656" timestamp="2019-07-02T19:53:28.578" durationms="3.550" />

<exclusive-start id="2657" timestamp="2019-07-02T19:53:28.586" intervalms="11.296">
  <response-info timems="0.061" idlems="0.041" threads="1" lastid="0000000002241D00" lastname="Thread-8" />
</exclusive-start>
<af-start id="2658" threadId="000000000223EA88" totalBytesRequested="40" timestamp="2019-07-02T19:53:28.586" intervalms="11.149" />
<cycle-start id="2659" type="global" contextid="0" timestamp="2019-07-02T19:53:28.586" intervalms="11.164" />
  <attribute name="GC Util" value="184" />
  <attribute name="CPU Util" value="11938790063843" />
  <attribute name="Time Running"value="3388"/>
  <attribute name="Number of cores"value="4"/>
<gc-start id="2660" type="global" contextid="2659" timestamp="2019-07-02T19:53:28.587">
  <mem-info id="2661" free="123904" total="12451840" percent="0">
    <mem type="tenure" free="123904" total="12451840" percent="0">
      <mem type="soa" free="0" total="12327936" percent="0" />
      <mem type="loa" free="123904" total="123904" percent="100" />
    </mem>
  </mem-info>
</gc-start>
<allocation-stats totalBytes="7746168" >
  <allocated-bytes non-tlh="0" tlh="7746168" />
  <largest-consumer threadName="Thread-9" threadId="000000000223E100" bytes="3544976" />
</allocation-stats>
<gc-op id="2662" type="mark" timems="2.105" contextid="2659" timestamp="2019-07-02T19:53:28.589">
  <trace-info objectcount="68566" scancount="60996" scanbytes="2337036" />
  <finalization candidates="124" enqueued="0" />
  <ownableSynchronizers candidates="3" cleared="0" />
  <references type="soft" candidates="84" cleared="0" enqueued="0" dynamicThreshold="20" maxThreshold="32" />
  <references type="weak" candidates="776" cleared="0" enqueued="0" />
  <references type="phantom" candidates="63" cleared="0" enqueued="0" />
  <stringconstants candidates="4574" cleared="0"  />
</gc-op>
<gc-op id="2663" type="sweep" timems="0.850" contextid="2659" timestamp="2019-07-02T19:53:28.590" />
<gc-end id="2664" type="global" contextid="2659" durationms="3.320" usertimems="12.000" systemtimems="0.000" timestamp="2019-07-02T19:53:28.590" activeThreads="4">
  <mem-info id="2665" free="7826976" total="12451840" percent="62">
    <mem type="tenure" free="7826976" total="12451840" percent="62" micro-fragmented="143038" macro-fragmented="0">
      <mem type="soa" free="7703072" total="12327936" percent="62" />
      <mem type="loa" free="123904" total="123904" percent="100" />
    </mem>
  </mem-info>
</gc-end>
<cycle-end id="2666" type="global" contextid="2659" timestamp="2019-07-02T19:53:28.590">
  <attribute name="GC Util" value="243" />
  <attribute name="CPU Util" value="8546347408428" />
  <attribute name="Time Running"value="3399"/>
  <attribute name="Number of cores"value="4"/>
</cycle-end>
<allocation-satisfied id="2667" threadId="000000000223E100" bytesRequested="40" />
<af-end id="2668" timestamp="2019-07-02T19:53:28.590" threadId="000000000223EA88" success="true" />
<exclusive-end id="2669" timestamp="2019-07-02T19:53:28.590" durationms="4.304" />

<exclusive-start id="2670" timestamp="2019-07-02T19:53:28.597" intervalms="10.629">
  <response-info timems="0.056" idlems="0.056" threads="0" lastid="000000000223A500" lastname="Thread-10" />
</exclusive-start>
<af-start id="2671" threadId="000000000223AE88" totalBytesRequested="40" timestamp="2019-07-02T19:53:28.597" intervalms="10.536" />
<cycle-start id="2672" type="global" contextid="0" timestamp="2019-07-02T19:53:28.597" intervalms="10.494" />
  <attribute name="GC Util" value="243" />
  <attribute name="CPU Util" value="8546347408428" />
  <attribute name="Time Running"value="3399"/>
  <attribute name="Number of cores"value="4"/>
<gc-start id="2673" type="global" contextid="2672" timestamp="2019-07-02T19:53:28.597">
  <mem-info id="2674" free="123904" total="12451840" percent="0">
    <mem type="tenure" free="123904" total="12451840" percent="0">
      <mem type="soa" free="0" total="12327936" percent="0" />
      <mem type="loa" free="123904" total="123904" percent="100" />
    </mem>
  </mem-info>
</gc-start>
<allocation-stats totalBytes="7679400" >
  <allocated-bytes non-tlh="0" tlh="7679400" />
  <largest-consumer threadName="Thread-9" threadId="000000000223E100" bytes="2804064" />
</allocation-stats>
<gc-op id="2675" type="mark" timems="1.885" contextid="2672" timestamp="2019-07-02T19:53:28.599">
  <trace-info objectcount="69283" scancount="61716" scanbytes="2354620" />
  <finalization candidates="124" enqueued="0" />
  <ownableSynchronizers candidates="3" cleared="0" />
  <references type="soft" candidates="84" cleared="0" enqueued="0" dynamicThreshold="20" maxThreshold="32" />
  <references type="weak" candidates="776" cleared="0" enqueued="0" />
  <references type="phantom" candidates="63" cleared="0" enqueued="0" />
  <stringconstants candidates="4574" cleared="0"  />
</gc-op>
<gc-op id="2676" type="sweep" timems="0.885" contextid="2672" timestamp="2019-07-02T19:53:28.600" />
<heap-resize id="2677" type="contract" space="tenure" amount="65536" count="1" timems="0.051" reason="excess free space following gc" timestamp="2019-07-02T19:53:28.600" />
<gc-end id="2678" type="global" contextid="2672" durationms="3.321" usertimems="8.000" systemtimems="0.000" timestamp="2019-07-02T19:53:28.600" activeThreads="4">
  <mem-info id="2679" free="7543528" total="12386304" percent="60">
    <mem type="tenure" free="7543528" total="12386304" percent="60" micro-fragmented="147382" macro-fragmented="0">
      <mem type="soa" free="7543528" total="12263424" percent="61" />
      <mem type="loa" free="0" total="122880" percent="0" />
    </mem>
  </mem-info>
</gc-end>
<cycle-end id="2680" type="global" contextid="2672" timestamp="2019-07-02T19:53:28.600">
  <attribute name="GC Util" value="245" />
  <attribute name="CPU Util" value="9322022257618" />
  <attribute name="Time Running"value="3409"/>
  <attribute name="Number of cores"value="4"/>
</cycle-end>
<allocation-satisfied id="2681" threadId="000000000223A500" bytesRequested="40" />
<af-end id="2682" timestamp="2019-07-02T19:53:28.601" threadId="000000000223AE88" success="true" />
<exclusive-end id="2683" timestamp="2019-07-02T19:53:28.601" durationms="4.123" />

<exclusive-start id="2684" timestamp="2019-07-02T19:53:28.607" intervalms="10.186">
  <response-info timems="0.041" idlems="0.041" threads="0" lastid="000000000223E100" lastname="Thread-9" />
</exclusive-start>
<af-start id="2685" threadId="000000000223EA88" totalBytesRequested="40" timestamp="2019-07-02T19:53:28.607" intervalms="10.182" />
<cycle-start id="2686" type="global" contextid="0" timestamp="2019-07-02T19:53:28.607" intervalms="10.180" />
  <attribute name="GC Util" value="245" />
  <attribute name="CPU Util" value="9322022257618" />
  <attribute name="Time Running"value="3409"/>
  <attribute name="Number of cores"value="4"/>
<gc-start id="2687" type="global" contextid="2686" timestamp="2019-07-02T19:53:28.607">
  <mem-info id="2688" free="0" total="12386304" percent="0">
    <mem type="tenure" free="0" total="12386304" percent="0">
      <mem type="soa" free="0" total="12263424" percent="0" />
      <mem type="loa" free="0" total="122880" percent="0" />
    </mem>
  </mem-info>
</gc-start>
<allocation-stats totalBytes="7518024" >
  <allocated-bytes non-tlh="0" tlh="7518024" />
  <largest-consumer threadName="Thread-9" threadId="000000000223E100" bytes="2825712" />
</allocation-stats>
<gc-op id="2689" type="mark" timems="2.121" contextid="2686" timestamp="2019-07-02T19:53:28.610">
  <trace-info objectcount="69715" scancount="62133" scanbytes="2365076" />
  <finalization candidates="124" enqueued="0" />
  <ownableSynchronizers candidates="3" cleared="0" />
  <references type="soft" candidates="84" cleared="0" enqueued="0" dynamicThreshold="19" maxThreshold="32" />
  <references type="weak" candidates="776" cleared="0" enqueued="0" />
  <references type="phantom" candidates="63" cleared="0" enqueued="0" />
  <stringconstants candidates="4574" cleared="0"  />
</gc-op>
<gc-op id="2690" type="sweep" timems="0.859" contextid="2686" timestamp="2019-07-02T19:53:28.611" />
<gc-end id="2691" type="global" contextid="2686" durationms="3.437" usertimems="12.000" systemtimems="0.000" timestamp="2019-07-02T19:53:28.611" activeThreads="4">
  <mem-info id="2692" free="7589264" total="12386304" percent="61">
    <mem type="tenure" free="7589264" total="12386304" percent="61" micro-fragmented="194183" macro-fragmented="0">
      <mem type="soa" free="7466384" total="12263424" percent="60" />
      <mem type="loa" free="122880" total="122880" percent="100" />
    </mem>
  </mem-info>
</gc-end>
<cycle-end id="2693" type="global" contextid="2686" timestamp="2019-07-02T19:53:28.611">
  <attribute name="GC Util" value="234" />
  <attribute name="CPU Util" value="8333138594579" />
  <attribute name="Time Running"value="3420"/>
  <attribute name="Number of cores"value="4"/>
</cycle-end>
<allocation-satisfied id="2694" threadId="000000000223E100" bytesRequested="40" />
<af-end id="2695" timestamp="2019-07-02T19:53:28.611" threadId="000000000223EA88" success="true" />
<exclusive-end id="2696" timestamp="2019-07-02T19:53:28.611" durationms="4.232" />

<exclusive-start id="2697" timestamp="2019-07-02T19:53:28.617" intervalms="10.155">
  <response-info timems="0.097" idlems="0.064" threads="1" lastid="0000000002241D00" lastname="Thread-8" />
</exclusive-start>
<af-start id="2698" threadId="000000000223AE88" totalBytesRequested="40" timestamp="2019-07-02T19:53:28.617" intervalms="10.157" />
<cycle-start id="2699" type="global" contextid="0" timestamp="2019-07-02T19:53:28.617" intervalms="10.169" />
  <attribute name="GC Util" value="234" />
  <attribute name="CPU Util" value="8333138594579" />
  <attribute name="Time Running"value="3420"/>
  <attribute name="Number of cores"value="4"/>
<gc-start id="2700" type="global" contextid="2699" timestamp="2019-07-02T19:53:28.617">
  <mem-info id="2701" free="122880" total="12386304" percent="0">
    <mem type="tenure" free="122880" total="12386304" percent="0">
      <mem type="soa" free="0" total="12263424" percent="0" />
      <mem type="loa" free="122880" total="122880" percent="100" />
    </mem>
  </mem-info>
</gc-start>
<allocation-stats totalBytes="7440256" >
  <allocated-bytes non-tlh="23160" tlh="7417096" />
  <largest-consumer threadName="Thread-9" threadId="000000000223E100" bytes="2848704" />
</allocation-stats>
<gc-op id="2702" type="mark" timems="2.072" contextid="2699" timestamp="2019-07-02T19:53:28.620">
  <trace-info objectcount="65577" scancount="57986" scanbytes="2266060" />
  <finalization candidates="124" enqueued="0" />
  <ownableSynchronizers candidates="3" cleared="0" />
  <references type="soft" candidates="84" cleared="0" enqueued="0" dynamicThreshold="19" maxThreshold="32" />
  <references type="weak" candidates="776" cleared="0" enqueued="0" />
  <references type="phantom" candidates="63" cleared="0" enqueued="0" />
  <stringconstants candidates="4574" cleared="0"  />
</gc-op>
<gc-op id="2703" type="sweep" timems="0.888" contextid="2699" timestamp="2019-07-02T19:53:28.621" />
<heap-resize id="2704" type="contract" space="tenure" amount="65536" count="1" timems="0.109" reason="excess free space following gc" timestamp="2019-07-02T19:53:28.621" />
<gc-end id="2705" type="global" contextid="2699" durationms="3.718" usertimems="8.000" systemtimems="0.000" timestamp="2019-07-02T19:53:28.621" activeThreads="4">
  <mem-info id="2706" free="7633328" total="12320768" percent="61">
    <mem type="tenure" free="7633328" total="12320768" percent="61" micro-fragmented="159972" macro-fragmented="0">
      <mem type="soa" free="7633328" total="12197888" percent="62" />
      <mem type="loa" free="0" total="122880" percent="0" />
    </mem>
  </mem-info>
</gc-end>
<cycle-end id="2707" type="global" contextid="2699" timestamp="2019-07-02T19:53:28.621">
  <attribute name="GC Util" value="238" />
  <attribute name="CPU Util" value="8534884186252" />
  <attribute name="Time Running"value="3430"/>
  <attribute name="Number of cores"value="4"/>
</cycle-end>
<allocation-satisfied id="2708" threadId="000000000223A500" bytesRequested="40" />
<af-end id="2709" timestamp="2019-07-02T19:53:28.621" threadId="000000000223AE88" success="true" />
<exclusive-end id="2710" timestamp="2019-07-02T19:53:28.622" durationms="4.450" />

<exclusive-start id="2711" timestamp="2019-07-02T19:53:28.628" intervalms="10.600">
  <response-info timems="0.044" idlems="0.041" threads="2" lastid="0000000002245900" lastname="Thread-7" />
</exclusive-start>
<af-start id="2712" threadId="000000000223AE88" totalBytesRequested="40" timestamp="2019-07-02T19:53:28.628" intervalms="10.633" />
<cycle-start id="2713" type="global" contextid="0" timestamp="2019-07-02T19:53:28.628" intervalms="10.619" />
  <attribute name="GC Util" value="238" />
  <attribute name="CPU Util" value="8534884186252" />
  <attribute name="Time Running"value="3430"/>
  <attribute name="Number of cores"value="4"/>
<gc-start id="2714" type="global" contextid="2713" timestamp="2019-07-02T19:53:28.628">
  <mem-info id="2715" free="0" total="12320768" percent="0">
    <mem type="tenure" free="0" total="12320768" percent="0">
      <mem type="soa" free="0" total="12197888" percent="0" />
      <mem type="loa" free="0" total="122880" percent="0" />
    </mem>
  </mem-info>
</gc-start>
<allocation-stats totalBytes="7612592" >
  <allocated-bytes non-tlh="0" tlh="7612592" />
  <largest-consumer threadName="Thread-9" threadId="000000000223E100" bytes="2816448" />
</allocation-stats>
<gc-op id="2716" type="mark" timems="2.075" contextid="2713" timestamp="2019-07-02T19:53:28.630">
  <trace-info objectcount="66018" scancount="58434" scanbytes="2276508" />
  <finalization candidates="124" enqueued="0" />
  <ownableSynchronizers candidates="3" cleared="0" />
  <references type="soft" candidates="84" cleared="0" enqueued="0" dynamicThreshold="19" maxThreshold="32" />
  <references type="weak" candidates="776" cleared="0" enqueued="0" />
  <references type="phantom" candidates="63" cleared="0" enqueued="0" />
  <stringconstants candidates="4574" cleared="0"  />
</gc-op>
<gc-op id="2717" type="sweep" timems="0.852" contextid="2713" timestamp="2019-07-02T19:53:28.631" />
<heap-resize id="2718" type="contract" space="tenure" amount="65536" count="1" timems="0.117" reason="excess free space following gc" timestamp="2019-07-02T19:53:28.631" />
<gc-end id="2719" type="global" contextid="2713" durationms="3.543" usertimems="4.000" systemtimems="4.000" timestamp="2019-07-02T19:53:28.632" activeThreads="4">
  <mem-info id="2720" free="7502968" total="12255232" percent="61">
    <mem type="tenure" free="7502968" total="12255232" percent="61" micro-fragmented="162205" macro-fragmented="0">
      <mem type="soa" free="7502968" total="12133376" percent="61" />
      <mem type="loa" free="0" total="121856" percent="0" />
    </mem>
  </mem-info>
</gc-end>
<cycle-end id="2721" type="global" contextid="2713" timestamp="2019-07-02T19:53:28.632">
  <attribute name="GC Util" value="246" />
  <attribute name="CPU Util" value="8510310094285" />
  <attribute name="Time Running"value="3441"/>
  <attribute name="Number of cores"value="4"/>
</cycle-end>
<allocation-satisfied id="2722" threadId="000000000223A500" bytesRequested="40" />
<af-end id="2723" timestamp="2019-07-02T19:53:28.632" threadId="000000000223AE88" success="true" />
<exclusive-end id="2724" timestamp="2019-07-02T19:53:28.632" durationms="4.359" />

<exclusive-start id="2725" timestamp="2019-07-02T19:53:28.638" intervalms="9.914">
  <response-info timems="0.032" idlems="0.032" threads="0" lastid="000000000223E100" lastname="Thread-9" />
</exclusive-start>
<af-start id="2726" threadId="000000000223EA88" totalBytesRequested="40" timestamp="2019-07-02T19:53:28.638" intervalms="9.928" />
<cycle-start id="2727" type="global" contextid="0" timestamp="2019-07-02T19:53:28.638" intervalms="9.952" />
  <attribute name="GC Util" value="246" />
  <attribute name="CPU Util" value="8510310094285" />
  <attribute name="Time Running"value="3441"/>
  <attribute name="Number of cores"value="4"/>
<gc-start id="2728" type="global" contextid="2727" timestamp="2019-07-02T19:53:28.638">
  <mem-info id="2729" free="0" total="12255232" percent="0">
    <mem type="tenure" free="0" total="12255232" percent="0">
      <mem type="soa" free="0" total="12133376" percent="0" />
      <mem type="loa" free="0" total="121856" percent="0" />
    </mem>
  </mem-info>
</gc-start>
<allocation-stats totalBytes="7480912" >
  <allocated-bytes non-tlh="0" tlh="7480912" />
  <largest-consumer threadName="Thread-9" threadId="000000000223E100" bytes="2695832" />
</allocation-stats>
<gc-op id="2730" type="mark" timems="2.187" contextid="2727" timestamp="2019-07-02T19:53:28.640">
  <trace-info objectcount="66330" scancount="58734" scanbytes="2283812" />
  <finalization candidates="124" enqueued="0" />
  <ownableSynchronizers candidates="3" cleared="0" />
  <references type="soft" candidates="84" cleared="0" enqueued="0" dynamicThreshold="19" maxThreshold="32" />
  <references type="weak" candidates="776" cleared="0" enqueued="0" />
  <references type="phantom" candidates="63" cleared="0" enqueued="0" />
  <stringconstants candidates="4574" cleared="0"  />
</gc-op>
<gc-op id="2731" type="sweep" timems="0.952" contextid="2727" timestamp="2019-07-02T19:53:28.641" />
<gc-end id="2732" type="global" contextid="2727" durationms="3.428" usertimems="4.000" systemtimems="4.000" timestamp="2019-07-02T19:53:28.641" activeThreads="4">
  <mem-info id="2733" free="7423544" total="12255232" percent="60">
    <mem type="tenure" free="7423544" total="12255232" percent="60" micro-fragmented="184339" macro-fragmented="0">
      <mem type="soa" free="7423544" total="12133376" percent="61" />
      <mem type="loa" free="0" total="121856" percent="0" />
    </mem>
  </mem-info>
</gc-end>
<cycle-end id="2734" type="global" contextid="2727" timestamp="2019-07-02T19:53:28.642">
  <attribute name="GC Util" value="257" />
  <attribute name="CPU Util" value="8239416694230" />
  <attribute name="Time Running"value="3451"/>
  <attribute name="Number of cores"value="4"/>
</cycle-end>
<allocation-satisfied id="2735" threadId="000000000223E100" bytesRequested="40" />
<af-end id="2736" timestamp="2019-07-02T19:53:28.642" threadId="000000000223EA88" success="true" />
<exclusive-end id="2737" timestamp="2019-07-02T19:53:28.642" durationms="4.190" />

<exclusive-start id="2738" timestamp="2019-07-02T19:53:28.647" intervalms="9.872">
  <response-info timems="0.028" idlems="0.028" threads="0" lastid="000000000223E100" lastname="Thread-9" />
</exclusive-start>
<af-start id="2739" threadId="000000000223EA88" totalBytesRequested="40" timestamp="2019-07-02T19:53:28.648" intervalms="9.782" />
<cycle-start id="2740" type="global" contextid="0" timestamp="2019-07-02T19:53:28.648" intervalms="9.723" />
  <attribute name="GC Util" value="257" />
  <attribute name="CPU Util" value="8239416694230" />
  <attribute name="Time Running"value="3451"/>
  <attribute name="Number of cores"value="4"/>
<gc-start id="2741" type="global" contextid="2740" timestamp="2019-07-02T19:53:28.648">
  <mem-info id="2742" free="0" total="12255232" percent="0">
    <mem type="tenure" free="0" total="12255232" percent="0">
      <mem type="soa" free="0" total="12133376" percent="0" />
      <mem type="loa" free="0" total="121856" percent="0" />
    </mem>
  </mem-info>
</gc-start>
<allocation-stats totalBytes="7398592" >
  <allocated-bytes non-tlh="0" tlh="7398592" />
  <largest-consumer threadName="Thread-9" threadId="000000000223E100" bytes="2770888" />
</allocation-stats>
<gc-op id="2743" type="mark" timems="2.265" contextid="2740" timestamp="2019-07-02T19:53:28.650">
  <trace-info objectcount="66689" scancount="59105" scanbytes="2292396" />
  <finalization candidates="124" enqueued="0" />
  <ownableSynchronizers candidates="3" cleared="0" />
  <references type="soft" candidates="84" cleared="0" enqueued="0" dynamicThreshold="19" maxThreshold="32" />
  <references type="weak" candidates="776" cleared="0" enqueued="0" />
  <references type="phantom" candidates="63" cleared="0" enqueued="0" />
  <stringconstants candidates="4574" cleared="0"  />
</gc-op>
<gc-op id="2744" type="sweep" timems="0.904" contextid="2740" timestamp="2019-07-02T19:53:28.651" />
<heap-resize id="2745" type="expand" space="tenure" amount="1048576" count="1" timems="0.054" reason="excessive time being spent in gc" timestamp="2019-07-02T19:53:28.651" />
<gc-end id="2746" type="global" contextid="2740" durationms="3.663" usertimems="8.000" systemtimems="0.000" timestamp="2019-07-02T19:53:28.651" activeThreads="4">
  <mem-info id="2747" free="8387896" total="13303808" percent="63">
    <mem type="tenure" free="8387896" total="13303808" percent="63" micro-fragmented="183113" macro-fragmented="0">
      <mem type="soa" free="8255800" total="13171712" percent="62" />
      <mem type="loa" free="132096" total="132096" percent="100" />
    </mem>
  </mem-info>
</gc-end>
<cycle-end id="2748" type="global" contextid="2740" timestamp="2019-07-02T19:53:28.651">
  <attribute name="GC Util" value="248" />
  <attribute name="CPU Util" value="7819727042218" />
  <attribute name="Time Running"value="3460"/>
  <attribute name="Number of cores"value="4"/>
</cycle-end>
<allocation-satisfied id="2749" threadId="000000000223E100" bytesRequested="40" />
<af-end id="2750" timestamp="2019-07-02T19:53:28.652" threadId="000000000223EA88" success="true" />
<exclusive-end id="2751" timestamp="2019-07-02T19:53:28.652" durationms="4.392" />

<exclusive-start id="2752" timestamp="2019-07-02T19:53:28.658" intervalms="10.259">
  <response-info timems="0.030" idlems="0.030" threads="0" lastid="000000000223E100" lastname="Thread-9" />
</exclusive-start>
<af-start id="2753" threadId="000000000223EA88" totalBytesRequested="24" timestamp="2019-07-02T19:53:28.658" intervalms="10.259" />
<cycle-start id="2754" type="global" contextid="0" timestamp="2019-07-02T19:53:28.658" intervalms="10.293" />
  <attribute name="GC Util" value="248" />
  <attribute name="CPU Util" value="7819727042218" />
  <attribute name="Time Running"value="3460"/>
  <attribute name="Number of cores"value="4"/>
<gc-start id="2755" type="global" contextid="2754" timestamp="2019-07-02T19:53:28.658">
  <mem-info id="2756" free="132096" total="13303808" percent="0">
    <mem type="tenure" free="132096" total="13303808" percent="0">
      <mem type="soa" free="0" total="13171712" percent="0" />
      <mem type="loa" free="132096" total="132096" percent="100" />
    </mem>
  </mem-info>
</gc-start>
<allocation-stats totalBytes="8230920" >
  <allocated-bytes non-tlh="0" tlh="8230920" />
  <largest-consumer threadName="Thread-8" threadId="0000000002241D00" bytes="3087416" />
</allocation-stats>
<gc-op id="2757" type="mark" timems="2.125" contextid="2754" timestamp="2019-07-02T19:53:28.660">
  <trace-info objectcount="67259" scancount="59690" scanbytes="2306004" />
  <finalization candidates="124" enqueued="0" />
  <ownableSynchronizers candidates="3" cleared="0" />
  <references type="soft" candidates="84" cleared="0" enqueued="0" dynamicThreshold="20" maxThreshold="32" />
  <references type="weak" candidates="776" cleared="0" enqueued="0" />
  <references type="phantom" candidates="63" cleared="0" enqueued="0" />
  <stringconstants candidates="4574" cleared="0"  />
</gc-op>
<gc-op id="2758" type="sweep" timems="0.987" contextid="2754" timestamp="2019-07-02T19:53:28.661" />
<gc-end id="2759" type="global" contextid="2754" durationms="3.530" usertimems="8.000" systemtimems="0.000" timestamp="2019-07-02T19:53:28.662" activeThreads="4">
  <mem-info id="2760" free="8411256" total="13303808" percent="63">
    <mem type="tenure" free="8411256" total="13303808" percent="63" micro-fragmented="265347" macro-fragmented="0">
      <mem type="soa" free="8279160" total="13171712" percent="62" />
      <mem type="loa" free="132096" total="132096" percent="100" />
    </mem>
  </mem-info>
</gc-end>
<cycle-end id="2761" type="global" contextid="2754" timestamp="2019-07-02T19:53:28.662">
  <attribute name="GC Util" value="240" />
  <attribute name="CPU Util" value="8310549507435" />
  <attribute name="Time Running"value="3471"/>
  <attribute name="Number of cores"value="4"/>
</cycle-end>
<allocation-satisfied id="2762" threadId="000000000223E100" bytesRequested="24" />
<af-end id="2763" timestamp="2019-07-02T19:53:28.662" threadId="000000000223EA88" success="true" />
<exclusive-end id="2764" timestamp="2019-07-02T19:53:28.662" durationms="4.132" />

<exclusive-start id="2765" timestamp="2019-07-02T19:53:28.668" intervalms="10.128">
  <response-info timems="0.030" idlems="0.030" threads="0" lastid="000000000223E100" lastname="Thread-9" />
</exclusive-start>
<af-start id="2766" threadId="000000000223EA88" totalBytesRequested="40" timestamp="2019-07-02T19:53:28.668" intervalms="10.176" />
<cycle-start id="2767" type="global" contextid="0" timestamp="2019-07-02T19:53:28.668" intervalms="10.177" />
  <attribute name="GC Util" value="240" />
  <attribute name="CPU Util" value="8310549507435" />
  <attribute name="Time Running"value="3471"/>
  <attribute name="Number of cores"value="4"/>
<gc-start id="2768" type="global" contextid="2767" timestamp="2019-07-02T19:53:28.668">
  <mem-info id="2769" free="132096" total="13303808" percent="0">
    <mem type="tenure" free="132096" total="13303808" percent="0">
      <mem type="soa" free="0" total="13171712" percent="0" />
      <mem type="loa" free="132096" total="132096" percent="100" />
    </mem>
  </mem-info>
</gc-start>
<allocation-stats totalBytes="8252728" >
  <allocated-bytes non-tlh="0" tlh="8252728" />
  <largest-consumer threadName="Thread-9" threadId="000000000223E100" bytes="3166216" />
</allocation-stats>
<gc-op id="2770" type="mark" timems="2.284" contextid="2767" timestamp="2019-07-02T19:53:28.671">
  <trace-info objectcount="67791" scancount="60216" scanbytes="2318532" />
  <finalization candidates="124" enqueued="0" />
  <ownableSynchronizers candidates="3" cleared="0" />
  <references type="soft" candidates="84" cleared="0" enqueued="0" dynamicThreshold="20" maxThreshold="32" />
  <references type="weak" candidates="776" cleared="0" enqueued="0" />
  <references type="phantom" candidates="63" cleared="0" enqueued="0" />
  <stringconstants candidates="4574" cleared="0"  />
</gc-op>
<gc-op id="2771" type="sweep" timems="0.941" contextid="2767" timestamp="2019-07-02T19:53:28.672" />
<gc-end id="2772" type="global" contextid="2767" durationms="3.572" usertimems="8.000" systemtimems="0.000" timestamp="2019-07-02T19:53:28.672" activeThreads="4">
  <mem-info id="2773" free="8300088" total="13303808" percent="62">
    <mem type="tenure" free="8300088" total="13303808" percent="62" micro-fragmented="306702" macro-fragmented="0">
      <mem type="soa" free="8167992" total="13171712" percent="62" />
      <mem type="loa" free="132096" total="132096" percent="100" />
    </mem>
  </mem-info>
</gc-end>
<cycle-end id="2774" type="global" contextid="2767" timestamp="2019-07-02T19:53:28.672">
  <attribute name="GC Util" value="250" />
  <attribute name="CPU Util" value="7753205290992" />
  <attribute name="Time Running"value="3481"/>
  <attribute name="Number of cores"value="4"/>
</cycle-end>
<allocation-satisfied id="2775" threadId="000000000223E100" bytesRequested="40" />
<af-end id="2776" timestamp="2019-07-02T19:53:28.672" threadId="000000000223EA88" success="true" />
<exclusive-end id="2777" timestamp="2019-07-02T19:53:28.672" durationms="4.363" />

<exclusive-start id="2778" timestamp="2019-07-02T19:53:28.678" intervalms="10.533">
  <response-info timems="0.032" idlems="0.032" threads="1" lastid="000000000223A500" lastname="Thread-10" />
</exclusive-start>
<af-start id="2779" threadId="0000000002242688" totalBytesRequested="40" timestamp="2019-07-02T19:53:28.678" intervalms="10.528" />
<cycle-start id="2780" type="global" contextid="0" timestamp="2019-07-02T19:53:28.679" intervalms="10.523" />
  <attribute name="GC Util" value="250" />
  <attribute name="CPU Util" value="7753205290992" />
  <attribute name="Time Running"value="3481"/>
  <attribute name="Number of cores"value="4"/>
<gc-start id="2781" type="global" contextid="2780" timestamp="2019-07-02T19:53:28.679">
  <mem-info id="2782" free="132096" total="13303808" percent="0">
    <mem type="tenure" free="132096" total="13303808" percent="0">
      <mem type="soa" free="0" total="13171712" percent="0" />
      <mem type="loa" free="132096" total="132096" percent="100" />
    </mem>
  </mem-info>
</gc-start>
<allocation-stats totalBytes="8138264" >
  <allocated-bytes non-tlh="0" tlh="8138264" />
  <largest-consumer threadName="Thread-9" threadId="000000000223E100" bytes="2908720" />
</allocation-stats>
<gc-op id="2783" type="mark" timems="2.392" contextid="2780" timestamp="2019-07-02T19:53:28.681">
  <trace-info objectcount="68282" scancount="60717" scanbytes="2330380" />
  <finalization candidates="124" enqueued="0" />
  <ownableSynchronizers candidates="3" cleared="0" />
  <references type="soft" candidates="84" cleared="0" enqueued="0" dynamicThreshold="19" maxThreshold="32" />
  <references type="weak" candidates="776" cleared="0" enqueued="0" />
  <references type="phantom" candidates="63" cleared="0" enqueued="0" />
  <stringconstants candidates="4574" cleared="0"  />
</gc-op>
<gc-op id="2784" type="sweep" timems="0.934" contextid="2780" timestamp="2019-07-02T19:53:28.682" />
<heap-resize id="2785" type="contract" space="tenure" amount="131072" count="1" timems="0.066" reason="excess free space following gc" timestamp="2019-07-02T19:53:28.682" />
<gc-end id="2786" type="global" contextid="2780" durationms="3.728" usertimems="16.000" systemtimems="0.000" timestamp="2019-07-02T19:53:28.682" activeThreads="4">
  <mem-info id="2787" free="7969408" total="13172736" percent="60">
    <mem type="tenure" free="7969408" total="13172736" percent="60" micro-fragmented="252353" macro-fragmented="0">
      <mem type="soa" free="7969408" total="13041664" percent="61" />
      <mem type="loa" free="0" total="131072" percent="0" />
    </mem>
  </mem-info>
</gc-end>
<cycle-end id="2788" type="global" contextid="2780" timestamp="2019-07-02T19:53:28.682">
  <attribute name="GC Util" value="257" />
  <attribute name="CPU Util" value="7568835801086" />
  <attribute name="Time Running"value="3492"/>
  <attribute name="Number of cores"value="4"/>
</cycle-end>
<allocation-satisfied id="2789" threadId="0000000002241D00" bytesRequested="40" />
<af-end id="2790" timestamp="2019-07-02T19:53:28.683" threadId="0000000002242688" success="true" />
<exclusive-end id="2791" timestamp="2019-07-02T19:53:28.683" durationms="4.199" />

<exclusive-start id="2792" timestamp="2019-07-02T19:53:28.689" intervalms="10.228">
  <response-info timems="0.046" idlems="0.046" threads="0" lastid="000000000223E100" lastname="Thread-9" />
</exclusive-start>
<af-start id="2793" threadId="000000000223EA88" totalBytesRequested="40" timestamp="2019-07-02T19:53:28.689" intervalms="10.186" />
<cycle-start id="2794" type="global" contextid="0" timestamp="2019-07-02T19:53:28.689" intervalms="10.151" />
  <attribute name="GC Util" value="257" />
  <attribute name="CPU Util" value="7568835801086" />
  <attribute name="Time Running"value="3492"/>
  <attribute name="Number of cores"value="4"/>
<gc-start id="2795" type="global" contextid="2794" timestamp="2019-07-02T19:53:28.689">
  <mem-info id="2796" free="0" total="13172736" percent="0">
    <mem type="tenure" free="0" total="13172736" percent="0">
      <mem type="soa" free="0" total="13041664" percent="0" />
      <mem type="loa" free="0" total="131072" percent="0" />
    </mem>
  </mem-info>
</gc-start>
<allocation-stats totalBytes="7939808" >
  <allocated-bytes non-tlh="0" tlh="7939808" />
  <largest-consumer threadName="Thread-9" threadId="000000000223E100" bytes="2989928" />
</allocation-stats>
<gc-op id="2797" type="mark" timems="2.156" contextid="2794" timestamp="2019-07-02T19:53:28.691">
  <trace-info objectcount="68768" scancount="61208" scanbytes="2342412" />
  <finalization candidates="124" enqueued="0" />
  <ownableSynchronizers candidates="3" cleared="0" />
  <references type="soft" candidates="84" cleared="0" enqueued="0" dynamicThreshold="19" maxThreshold="32" />
  <references type="weak" candidates="776" cleared="0" enqueued="0" />
  <references type="phantom" candidates="63" cleared="0" enqueued="0" />
  <stringconstants candidates="4574" cleared="0"  />
</gc-op>
<gc-op id="2798" type="sweep" timems="0.992" contextid="2794" timestamp="2019-07-02T19:53:28.692" />
<heap-resize id="2799" type="expand" space="tenure" amount="1048576" count="1" timems="0.061" reason="excessive time being spent in gc" timestamp="2019-07-02T19:53:28.692" />
<gc-end id="2800" type="global" contextid="2794" durationms="3.700" usertimems="12.000" systemtimems="0.000" timestamp="2019-07-02T19:53:28.692" activeThreads="4">
  <mem-info id="2801" free="8907424" total="14221312" percent="62">
    <mem type="tenure" free="8907424" total="14221312" percent="62" micro-fragmented="318221" macro-fragmented="0">
      <mem type="soa" free="8766112" total="14080000" percent="62" />
      <mem type="loa" free="141312" total="141312" percent="100" />
    </mem>
  </mem-info>
</gc-end>
<cycle-end id="2802" type="global" contextid="2794" timestamp="2019-07-02T19:53:28.693">
  <attribute name="GC Util" value="237" />
  <attribute name="CPU Util" value="8199361851315" />
  <attribute name="Time Running"value="3501"/>
  <attribute name="Number of cores"value="4"/>
</cycle-end>
<allocation-satisfied id="2803" threadId="000000000223E100" bytesRequested="40" />
<af-end id="2804" timestamp="2019-07-02T19:53:28.693" threadId="000000000223EA88" success="true" />
<exclusive-end id="2805" timestamp="2019-07-02T19:53:28.693" durationms="4.331" />

<exclusive-start id="2806" timestamp="2019-07-02T19:53:28.699" intervalms="10.690">
  <response-info timems="0.027" idlems="0.027" threads="0" lastid="0000000002241D00" lastname="Thread-8" />
</exclusive-start>
<af-start id="2807" threadId="0000000002242688" totalBytesRequested="24" timestamp="2019-07-02T19:53:28.699" intervalms="10.690" />
<cycle-start id="2808" type="global" contextid="0" timestamp="2019-07-02T19:53:28.699" intervalms="10.725" />
  <attribute name="GC Util" value="237" />
  <attribute name="CPU Util" value="8199361851315" />
  <attribute name="Time Running"value="3501"/>
  <attribute name="Number of cores"value="4"/>
<gc-start id="2809" type="global" contextid="2808" timestamp="2019-07-02T19:53:28.700">
  <mem-info id="2810" free="141312" total="14221312" percent="0">
    <mem type="tenure" free="141312" total="14221312" percent="0">
      <mem type="soa" free="0" total="14080000" percent="0" />
      <mem type="loa" free="141312" total="141312" percent="100" />
    </mem>
  </mem-info>
</gc-start>
<allocation-stats totalBytes="8734056" >
  <allocated-bytes non-tlh="0" tlh="8734056" />
  <largest-consumer threadName="Thread-8" threadId="0000000002241D00" bytes="3301760" />
</allocation-stats>
<gc-op id="2811" type="mark" timems="2.361" contextid="2808" timestamp="2019-07-02T19:53:28.702">
  <trace-info objectcount="69092" scancount="61536" scanbytes="2349828" />
  <finalization candidates="124" enqueued="0" />
  <ownableSynchronizers candidates="3" cleared="0" />
  <references type="soft" candidates="84" cleared="0" enqueued="0" dynamicThreshold="20" maxThreshold="32" />
  <references type="weak" candidates="776" cleared="0" enqueued="0" />
  <references type="phantom" candidates="63" cleared="0" enqueued="0" />
  <stringconstants candidates="4574" cleared="0"  />
</gc-op>
<gc-op id="2812" type="sweep" timems="1.148" contextid="2808" timestamp="2019-07-02T19:53:28.703" />
<gc-end id="2813" type="global" contextid="2808" durationms="3.872" usertimems="8.000" systemtimems="4.000" timestamp="2019-07-02T19:53:28.703" activeThreads="4">
  <mem-info id="2814" free="8948040" total="14221312" percent="62">
    <mem type="tenure" free="8948040" total="14221312" percent="62" micro-fragmented="410190" macro-fragmented="0">
      <mem type="soa" free="8806728" total="14080000" percent="62" />
      <mem type="loa" free="141312" total="141312" percent="100" />
    </mem>
  </mem-info>
</gc-end>
<cycle-end id="2815" type="global" contextid="2808" timestamp="2019-07-02T19:53:28.704">
  <attribute name="GC Util" value="245" />
  <attribute name="CPU Util" value="7534985211788" />
  <attribute name="Time Running"value="3513"/>
  <attribute name="Number of cores"value="4"/>
</cycle-end>
<allocation-satisfied id="2816" threadId="0000000002241D00" bytesRequested="24" />
<af-end id="2817" timestamp="2019-07-02T19:53:28.704" threadId="0000000002242688" success="true" />
<exclusive-end id="2818" timestamp="2019-07-02T19:53:28.704" durationms="4.494" />

<exclusive-start id="2819" timestamp="2019-07-02T19:53:28.710" intervalms="10.899">
  <response-info timems="0.118" idlems="0.118" threads="0" lastid="000000000223E100" lastname="Thread-9" />
</exclusive-start>
<af-start id="2820" threadId="000000000223EA88" totalBytesRequested="24" timestamp="2019-07-02T19:53:28.710" intervalms="10.964" />
<cycle-start id="2821" type="global" contextid="0" timestamp="2019-07-02T19:53:28.710" intervalms="10.967" />
  <attribute name="GC Util" value="245" />
  <attribute name="CPU Util" value="7534985211788" />
  <attribute name="Time Running"value="3513"/>
  <attribute name="Number of cores"value="4"/>
<gc-start id="2822" type="global" contextid="2821" timestamp="2019-07-02T19:53:28.711">
  <mem-info id="2823" free="141312" total="14221312" percent="0">
    <mem type="tenure" free="141312" total="14221312" percent="0">
      <mem type="soa" free="0" total="14080000" percent="0" />
      <mem type="loa" free="141312" total="141312" percent="100" />
    </mem>
  </mem-info>
</gc-start>
<allocation-stats totalBytes="8774000" >
  <allocated-bytes non-tlh="0" tlh="8774000" />
  <largest-consumer threadName="Thread-9" threadId="000000000223E100" bytes="3297544" />
</allocation-stats>
<gc-op id="2824" type="mark" timems="2.352" contextid="2821" timestamp="2019-07-02T19:53:28.713">
  <trace-info objectcount="69678" scancount="62103" scanbytes="2364004" />
  <finalization candidates="124" enqueued="0" />
  <ownableSynchronizers candidates="3" cleared="0" />
  <references type="soft" candidates="84" cleared="0" enqueued="0" dynamicThreshold="20" maxThreshold="32" />
  <references type="weak" candidates="776" cleared="0" enqueued="0" />
  <references type="phantom" candidates="63" cleared="0" enqueued="0" />
  <stringconstants candidates="4574" cleared="0"  />
</gc-op>
<gc-op id="2825" type="sweep" timems="0.993" contextid="2821" timestamp="2019-07-02T19:53:28.714" />
<gc-end id="2826" type="global" contextid="2821" durationms="3.734" usertimems="12.000" systemtimems="0.000" timestamp="2019-07-02T19:53:28.714" activeThreads="4">
  <mem-info id="2827" free="8821544" total="14221312" percent="62">
    <mem type="tenure" free="8821544" total="14221312" percent="62" micro-fragmented="578867" macro-fragmented="0">
      <mem type="soa" free="8680232" total="14080000" percent="61" />
      <mem type="loa" free="141312" total="141312" percent="100" />
    </mem>
  </mem-info>
</gc-end>
<cycle-end id="2828" type="global" contextid="2821" timestamp="2019-07-02T19:53:28.714">
  <attribute name="GC Util" value="249" />
  <attribute name="CPU Util" value="7555629243709" />
  <attribute name="Time Running"value="3524"/>
  <attribute name="Number of cores"value="4"/>
</cycle-end>
<allocation-satisfied id="2829" threadId="000000000223E100" bytesRequested="24" />
<af-end id="2830" timestamp="2019-07-02T19:53:28.715" threadId="000000000223EA88" success="true" />
<exclusive-end id="2831" timestamp="2019-07-02T19:53:28.715" durationms="4.395" />

<exclusive-start id="2832" timestamp="2019-07-02T19:53:28.721" intervalms="11.066">
  <response-info timems="0.041" idlems="0.041" threads="0" lastid="0000000002241D00" lastname="Thread-8" />
</exclusive-start>
<af-start id="2833" threadId="0000000002242688" totalBytesRequested="40" timestamp="2019-07-02T19:53:28.721" intervalms="11.050" />
<cycle-start id="2834" type="global" contextid="0" timestamp="2019-07-02T19:53:28.721" intervalms="11.047" />
  <attribute name="GC Util" value="249" />
  <attribute name="CPU Util" value="7555629243709" />
  <attribute name="Time Running"value="3524"/>
  <attribute name="Number of cores"value="4"/>
<gc-start id="2835" type="global" contextid="2834" timestamp="2019-07-02T19:53:28.722">
  <mem-info id="2836" free="141312" total="14221312" percent="0">
    <mem type="tenure" free="141312" total="14221312" percent="0">
      <mem type="soa" free="0" total="14080000" percent="0" />
      <mem type="loa" free="141312" total="141312" percent="100" />
    </mem>
  </mem-info>
</gc-start>
<allocation-stats totalBytes="8646984" >
  <allocated-bytes non-tlh="0" tlh="8646984" />
  <largest-consumer threadName="Thread-9" threadId="000000000223E100" bytes="3017760" />
</allocation-stats>
<gc-op id="2837" type="mark" timems="2.192" contextid="2834" timestamp="2019-07-02T19:53:28.724">
  <trace-info objectcount="70225" scancount="62640" scanbytes="2377404" />
  <finalization candidates="124" enqueued="0" />
  <ownableSynchronizers candidates="3" cleared="0" />
  <references type="soft" candidates="84" cleared="0" enqueued="0" dynamicThreshold="19" maxThreshold="32" />
  <references type="weak" candidates="776" cleared="0" enqueued="0" />
  <references type="phantom" candidates="63" cleared="0" enqueued="0" />
  <stringconstants candidates="4574" cleared="0"  />
</gc-op>
<gc-op id="2838" type="sweep" timems="1.191" contextid="2834" timestamp="2019-07-02T19:53:28.725" />
<gc-end id="2839" type="global" contextid="2834" durationms="3.641" usertimems="8.000" systemtimems="0.000" timestamp="2019-07-02T19:53:28.725" activeThreads="4">
  <mem-info id="2840" free="8724104" total="14221312" percent="61">
    <mem type="tenure" free="8724104" total="14221312" percent="61" micro-fragmented="277329" macro-fragmented="0">
      <mem type="soa" free="8582792" total="14080000" percent="60" />
      <mem type="loa" free="141312" total="141312" percent="100" />
    </mem>
  </mem-info>
</gc-end>
<cycle-end id="2841" type="global" contextid="2834" timestamp="2019-07-02T19:53:28.725">
  <attribute name="GC Util" value="249" />
  <attribute name="CPU Util" value="8283121678162" />
  <attribute name="Time Running"value="3534"/>
  <attribute name="Number of cores"value="4"/>
</cycle-end>
<allocation-satisfied id="2842" threadId="0000000002241D00" bytesRequested="40" />
<af-end id="2843" timestamp="2019-07-02T19:53:28.725" threadId="0000000002242688" success="true" />
<exclusive-end id="2844" timestamp="2019-07-02T19:53:28.725" durationms="4.142" />

<exclusive-start id="2845" timestamp="2019-07-02T19:53:28.732" intervalms="10.984">
  <response-info timems="0.044" idlems="0.029" threads="1" lastid="000000000223A500" lastname="Thread-10" />
</exclusive-start>
<af-start id="2846" threadId="0000000002242688" totalBytesRequested="40" timestamp="2019-07-02T19:53:28.732" intervalms="10.967" />
<cycle-start id="2847" type="global" contextid="0" timestamp="2019-07-02T19:53:28.732" intervalms="10.965" />
  <attribute name="GC Util" value="249" />
  <attribute name="CPU Util" value="8283121678162" />
  <attribute name="Time Running"value="3534"/>
  <attribute name="Number of cores"value="4"/>
<gc-start id="2848" type="global" contextid="2847" timestamp="2019-07-02T19:53:28.732">
  <mem-info id="2849" free="141312" total="14221312" percent="0">
    <mem type="tenure" free="141312" total="14221312" percent="0">
      <mem type="soa" free="0" total="14080000" percent="0" />
      <mem type="loa" free="141312" total="141312" percent="100" />
    </mem>
  </mem-info>
</gc-start>
<allocation-stats totalBytes="8548968" >
  <allocated-bytes non-tlh="0" tlh="8548968" />
  <largest-consumer threadName="Thread-9" threadId="000000000223E100" bytes="3642256" />
</allocation-stats>
<gc-op id="2850" type="mark" timems="2.181" contextid="2847" timestamp="2019-07-02T19:53:28.735">
  <trace-info objectcount="71700" scancount="64121" scanbytes="2412476" />
  <finalization candidates="124" enqueued="0" />
  <ownableSynchronizers candidates="3" cleared="0" />
  <references type="soft" candidates="84" cleared="0" enqueued="0" dynamicThreshold="19" maxThreshold="32" />
  <references type="weak" candidates="776" cleared="0" enqueued="0" />
  <references type="phantom" candidates="63" cleared="0" enqueued="0" />
  <stringconstants candidates="4574" cleared="0"  />
</gc-op>
<gc-op id="2851" type="sweep" timems="1.125" contextid="2847" timestamp="2019-07-02T19:53:28.736" />
<gc-end id="2852" type="global" contextid="2847" durationms="3.580" usertimems="12.000" systemtimems="0.000" timestamp="2019-07-02T19:53:28.736" activeThreads="4">
  <mem-info id="2853" free="8580272" total="14221312" percent="60">
    <mem type="tenure" free="8580272" total="14221312" percent="60" micro-fragmented="654478" macro-fragmented="0">
      <mem type="soa" free="8438960" total="14080000" percent="59" />
      <mem type="loa" free="141312" total="141312" percent="100" />
    </mem>
  </mem-info>
</gc-end>
<cycle-end id="2854" type="global" contextid="2847" timestamp="2019-07-02T19:53:28.736">
  <attribute name="GC Util" value="248" />
  <attribute name="CPU Util" value="8142190792571" />
  <attribute name="Time Running"value="3545"/>
  <attribute name="Number of cores"value="4"/>
</cycle-end>
<allocation-satisfied id="2855" threadId="0000000002241D00" bytesRequested="40" />
<af-end id="2856" timestamp="2019-07-02T19:53:28.736" threadId="0000000002242688" success="true" />
<exclusive-end id="2857" timestamp="2019-07-02T19:53:28.736" durationms="4.167" />

<exclusive-start id="2858" timestamp="2019-07-02T19:53:28.747" intervalms="14.578">
  <response-info timems="0.053" idlems="0.029" threads="1" lastid="0000000002245900" lastname="Thread-7" />
</exclusive-start>
<af-start id="2859" threadId="000000000223EA88" totalBytesRequested="40" timestamp="2019-07-02T19:53:28.747" intervalms="14.605" />
<cycle-start id="2860" type="global" contextid="0" timestamp="2019-07-02T19:53:28.747" intervalms="14.615" />
  <attribute name="GC Util" value="248" />
  <attribute name="CPU Util" value="8142190792571" />
  <attribute name="Time Running"value="3545"/>
  <attribute name="Number of cores"value="4"/>
<gc-start id="2861" type="global" contextid="2860" timestamp="2019-07-02T19:53:28.747">
  <mem-info id="2862" free="141312" total="14221312" percent="0">
    <mem type="tenure" free="141312" total="14221312" percent="0">
      <mem type="soa" free="0" total="14080000" percent="0" />
      <mem type="loa" free="141312" total="141312" percent="100" />
    </mem>
  </mem-info>
</gc-start>
<allocation-stats totalBytes="8400368" >
  <allocated-bytes non-tlh="23160" tlh="8377208" />
  <largest-consumer threadName="Thread-8" threadId="0000000002241D00" bytes="3210936" />
</allocation-stats>
<gc-op id="2863" type="mark" timems="2.303" contextid="2860" timestamp="2019-07-02T19:53:28.750">
  <trace-info objectcount="66548" scancount="58986" scanbytes="2289396" />
  <finalization candidates="124" enqueued="0" />
  <ownableSynchronizers candidates="3" cleared="0" />
  <references type="soft" candidates="84" cleared="0" enqueued="0" dynamicThreshold="19" maxThreshold="32" />
  <references type="weak" candidates="776" cleared="0" enqueued="0" />
  <references type="phantom" candidates="63" cleared="0" enqueued="0" />
  <stringconstants candidates="4574" cleared="0"  />
</gc-op>
<gc-op id="2864" type="sweep" timems="0.970" contextid="2860" timestamp="2019-07-02T19:53:28.751" />
<heap-resize id="2865" type="contract" space="tenure" amount="131072" count="1" timems="0.070" reason="excess free space following gc" timestamp="2019-07-02T19:53:28.751" />
<gc-end id="2866" type="global" contextid="2860" durationms="3.783" usertimems="0.000" systemtimems="8.000" timestamp="2019-07-02T19:53:28.751" activeThreads="4">
  <mem-info id="2867" free="8883096" total="14090240" percent="63">
    <mem type="tenure" free="8883096" total="14090240" percent="63" micro-fragmented="296608" macro-fragmented="0">
      <mem type="soa" free="8883096" total="13949952" percent="63" />
      <mem type="loa" free="0" total="140288" percent="0" />
    </mem>
  </mem-info>
</gc-end>
<cycle-end id="2868" type="global" contextid="2860" timestamp="2019-07-02T19:53:28.751">
  <attribute name="GC Util" value="244" />
  <attribute name="CPU Util" value="7715049010328" />
  <attribute name="Time Running"value="3560"/>
  <attribute name="Number of cores"value="4"/>
</cycle-end>
<allocation-satisfied id="2869" threadId="000000000223E100" bytesRequested="40" />
<af-end id="2870" timestamp="2019-07-02T19:53:28.751" threadId="000000000223EA88" success="true" />
<exclusive-end id="2871" timestamp="2019-07-02T19:53:28.751" durationms="4.626" />

<exclusive-start id="2872" timestamp="2019-07-02T19:53:28.767" intervalms="19.706">
  <response-info timems="0.303" idlems="0.154" threads="1" lastid="000000000223E100" lastname="Thread-9" />
</exclusive-start>
<af-start id="2873" threadId="0000000002242688" totalBytesRequested="24" timestamp="2019-07-02T19:53:28.767" intervalms="19.665" />
<cycle-start id="2874" type="global" contextid="0" timestamp="2019-07-02T19:53:28.767" intervalms="19.697" />
  <attribute name="GC Util" value="244" />
  <attribute name="CPU Util" value="7715049010328" />
  <attribute name="Time Running"value="3560"/>
  <attribute name="Number of cores"value="4"/>
<gc-start id="2875" type="global" contextid="2874" timestamp="2019-07-02T19:53:28.767">
  <mem-info id="2876" free="0" total="14090240" percent="0">
    <mem type="tenure" free="0" total="14090240" percent="0">
      <mem type="soa" free="0" total="13949952" percent="0" />
      <mem type="loa" free="0" total="140288" percent="0" />
    </mem>
  </mem-info>
</gc-start>
<allocation-stats totalBytes="8849664" >
  <allocated-bytes non-tlh="0" tlh="8849664" />
  <largest-consumer threadName="Thread-10" threadId="000000000223A500" bytes="3348176" />
</allocation-stats>
<gc-op id="2877" type="mark" timems="2.484" contextid="2874" timestamp="2019-07-02T19:53:28.770">
  <trace-info objectcount="67165" scancount="59582" scanbytes="2303532" />
  <finalization candidates="124" enqueued="0" />
  <ownableSynchronizers candidates="3" cleared="0" />
  <references type="soft" candidates="84" cleared="0" enqueued="0" dynamicThreshold="20" maxThreshold="32" />
  <references type="weak" candidates="776" cleared="0" enqueued="0" />
  <references type="phantom" candidates="63" cleared="0" enqueued="0" />
  <stringconstants candidates="4574" cleared="0"  />
</gc-op>
<gc-op id="2878" type="sweep" timems="0.994" contextid="2874" timestamp="2019-07-02T19:53:28.771" />
<mem-info id="2879" free="8717512" total="14090240" percent="61">
  <mem type="tenure" free="8717512" total="14090240" percent="61" micro-fragmented="432360" macro-fragmented="0">
    <mem type="soa" free="8717512" total="13949952" percent="62" />
    <mem type="loa" free="0" total="140288" percent="0" />
  </mem>
</mem-info>
<gc-op id="2880" type="compact" timems="6.007" contextid="2874" timestamp="2019-07-02T19:53:28.777">
  <compact-info movecount="27418" movebytes="1209000" reason="compact to aid heap contraction" />
</gc-op>
<heap-resize id="2881" type="contract" space="tenure" amount="131072" count="1" timems="0.041" reason="excess free space following gc" timestamp="2019-07-02T19:53:28.777" />
<gc-end id="2882" type="global" contextid="2874" durationms="10.075" usertimems="20.000" systemtimems="4.000" timestamp="2019-07-02T19:53:28.777" activeThreads="4">
  <mem-info id="2883" free="9685832" total="13959168" percent="69">
    <mem type="tenure" free="9685832" total="13959168" percent="69">
      <mem type="soa" free="9555784" total="13819904" percent="69" />
      <mem type="loa" free="130048" total="139264" percent="93" />
    </mem>
  </mem-info>
</gc-end>
<cycle-end id="2884" type="global" contextid="2874" timestamp="2019-07-02T19:53:28.777">
  <attribute name="GC Util" value="123" />
  <attribute name="CPU Util" value="15933765940565" />
  <attribute name="Time Running"value="3581"/>
  <attribute name="Number of cores"value="4"/>
</cycle-end>
<allocation-satisfied id="2885" threadId="0000000002241D00" bytesRequested="24" />
<af-end id="2886" timestamp="2019-07-02T19:53:28.777" threadId="0000000002242688" success="true" />
<exclusive-end id="2887" timestamp="2019-07-02T19:53:28.777" durationms="10.585" />

<exclusive-start id="2888" timestamp="2019-07-02T19:53:28.795" intervalms="28.328">
  <response-info timems="0.029" idlems="0.029" threads="0" lastid="0000000002245900" lastname="Thread-7" />
</exclusive-start>
<af-start id="2889" threadId="0000000002246288" totalBytesRequested="40" timestamp="2019-07-02T19:53:28.795" intervalms="28.375" />
<cycle-start id="2890" type="global" contextid="0" timestamp="2019-07-02T19:53:28.795" intervalms="28.343" />
  <attribute name="GC Util" value="123" />
  <attribute name="CPU Util" value="15933765940565" />
  <attribute name="Time Running"value="3581"/>
  <attribute name="Number of cores"value="4"/>
<gc-start id="2891" type="global" contextid="2890" timestamp="2019-07-02T19:53:28.795">
  <mem-info id="2892" free="130048" total="13959168" percent="0">
    <mem type="tenure" free="130048" total="13959168" percent="0">
      <mem type="soa" free="0" total="13819904" percent="0" />
      <mem type="loa" free="130048" total="139264" percent="93" />
    </mem>
  </mem-info>
</gc-start>
<allocation-stats totalBytes="9620088" >
  <allocated-bytes non-tlh="0" tlh="9620088" />
  <largest-consumer threadName="Thread-9" threadId="000000000223E100" bytes="3767848" />
</allocation-stats>
<gc-op id="2893" type="mark" timems="2.012" contextid="2890" timestamp="2019-07-02T19:53:28.798">
  <trace-info objectcount="67863" scancount="60289" scanbytes="2320852" />
  <finalization candidates="124" enqueued="0" />
  <ownableSynchronizers candidates="3" cleared="0" />
  <references type="soft" candidates="84" cleared="0" enqueued="0" dynamicThreshold="22" maxThreshold="32" />
  <references type="weak" candidates="776" cleared="0" enqueued="0" />
  <references type="phantom" candidates="63" cleared="0" enqueued="0" />
  <stringconstants candidates="4574" cleared="0"  />
</gc-op>
<gc-op id="2894" type="sweep" timems="0.733" contextid="2890" timestamp="2019-07-02T19:53:28.798" />
<heap-resize id="2895" type="contract" space="tenure" amount="131072" count="1" timems="0.077" reason="excess free space following gc" timestamp="2019-07-02T19:53:28.799" />
<gc-end id="2896" type="global" contextid="2890" durationms="3.418" usertimems="12.000" systemtimems="0.000" timestamp="2019-07-02T19:53:28.799" activeThreads="4">
  <mem-info id="2897" free="9512664" total="13828096" percent="68">
    <mem type="tenure" free="9512664" total="13828096" percent="68" micro-fragmented="27248" macro-fragmented="0">
      <mem type="soa" free="9441920" total="13689856" percent="68" />
      <mem type="loa" free="70744" total="138240" percent="51" />
    </mem>
  </mem-info>
</gc-end>
<cycle-end id="2898" type="global" contextid="2890" timestamp="2019-07-02T19:53:28.799">
  <attribute name="GC Util" value="233" />
  <attribute name="CPU Util" value="8834770167604" />
  <attribute name="Time Running"value="3608"/>
  <attribute name="Number of cores"value="4"/>
</cycle-end>
<allocation-satisfied id="2899" threadId="0000000002245900" bytesRequested="40" />
<af-end id="2900" timestamp="2019-07-02T19:53:28.799" threadId="0000000002246288" success="true" />
<exclusive-end id="2901" timestamp="2019-07-02T19:53:28.799" durationms="4.304" />

<exclusive-start id="2902" timestamp="2019-07-02T19:53:28.812" intervalms="17.108">
  <response-info timems="0.027" idlems="0.027" threads="0" lastid="000000000223E100" lastname="Thread-9" />
</exclusive-start>
<af-start id="2903" threadId="000000000223EA88" totalBytesRequested="40" timestamp="2019-07-02T19:53:28.812" intervalms="17.073" />
<cycle-start id="2904" type="global" contextid="0" timestamp="2019-07-02T19:53:28.812" intervalms="17.063" />
  <attribute name="GC Util" value="233" />
  <attribute name="CPU Util" value="8834770167604" />
  <attribute name="Time Running"value="3608"/>
  <attribute name="Number of cores"value="4"/>
<gc-start id="2905" type="global" contextid="2904" timestamp="2019-07-02T19:53:28.812">
  <mem-info id="2906" free="70744" total="13828096" percent="0">
    <mem type="tenure" free="70744" total="13828096" percent="0">
      <mem type="soa" free="0" total="13689856" percent="0" />
      <mem type="loa" free="70744" total="138240" percent="51" />
    </mem>
  </mem-info>
</gc-start>
<allocation-stats totalBytes="9439832" >
  <allocated-bytes non-tlh="0" tlh="9439832" />
  <largest-consumer threadName="Thread-7" threadId="0000000002245900" bytes="3899520" />
</allocation-stats>
<gc-op id="2907" type="mark" timems="2.416" contextid="2904" timestamp="2019-07-02T19:53:28.815">
  <trace-info objectcount="68645" scancount="61073" scanbytes="2338860" />
  <finalization candidates="124" enqueued="0" />
  <ownableSynchronizers candidates="3" cleared="0" />
  <references type="soft" candidates="84" cleared="0" enqueued="0" dynamicThreshold="22" maxThreshold="32" />
  <references type="weak" candidates="776" cleared="0" enqueued="0" />
  <references type="phantom" candidates="63" cleared="0" enqueued="0" />
  <stringconstants candidates="4574" cleared="0"  />
</gc-op>
<gc-op id="2908" type="sweep" timems="0.754" contextid="2904" timestamp="2019-07-02T19:53:28.816" />
<mem-info id="2909" free="9437656" total="13828096" percent="68">
  <mem type="tenure" free="9437656" total="13828096" percent="68" micro-fragmented="21020" macro-fragmented="0">
    <mem type="soa" free="9340064" total="13689856" percent="68" />
    <mem type="loa" free="97592" total="138240" percent="70" />
  </mem>
</mem-info>
<gc-op id="2910" type="compact" timems="5.860" contextid="2904" timestamp="2019-07-02T19:53:28.822">
  <compact-info movecount="22255" movebytes="947520" reason="compact to aid heap contraction" />
</gc-op>
<heap-resize id="2911" type="contract" space="tenure" amount="131072" count="1" timems="0.084" reason="excess free space following gc" timestamp="2019-07-02T19:53:28.822" />
<gc-end id="2912" type="global" contextid="2904" durationms="9.704" usertimems="24.000" systemtimems="0.000" timestamp="2019-07-02T19:53:28.822" activeThreads="4">
  <mem-info id="2913" free="9390408" total="13697024" percent="68">
    <mem type="tenure" free="9390408" total="13697024" percent="68">
      <mem type="soa" free="9261384" total="13560832" percent="68" />
      <mem type="loa" free="129024" total="136192" percent="94" />
    </mem>
  </mem-info>
</gc-end>
<cycle-end id="2914" type="global" contextid="2904" timestamp="2019-07-02T19:53:28.822">
  <attribute name="GC Util" value="167" />
  <attribute name="CPU Util" value="21138814160694" />
  <attribute name="Time Running"value="3626"/>
  <attribute name="Number of cores"value="4"/>
</cycle-end>
<allocation-satisfied id="2915" threadId="000000000223E100" bytesRequested="40" />
<af-end id="2916" timestamp="2019-07-02T19:53:28.822" threadId="000000000223EA88" success="true" />
<exclusive-end id="2917" timestamp="2019-07-02T19:53:28.822" durationms="10.325" />

<exclusive-start id="2918" timestamp="2019-07-02T19:53:28.835" intervalms="22.664">
  <response-info timems="0.029" idlems="0.029" threads="0" lastid="0000000002245900" lastname="Thread-7" />
</exclusive-start>
<af-start id="2919" threadId="0000000002246288" totalBytesRequested="40" timestamp="2019-07-02T19:53:28.835" intervalms="22.695" />
<cycle-start id="2920" type="global" contextid="0" timestamp="2019-07-02T19:53:28.835" intervalms="22.704" />
  <attribute name="GC Util" value="167" />
  <attribute name="CPU Util" value="21138814160694" />
  <attribute name="Time Running"value="3626"/>
  <attribute name="Number of cores"value="4"/>
<gc-start id="2921" type="global" contextid="2920" timestamp="2019-07-02T19:53:28.835">
  <mem-info id="2922" free="129024" total="13697024" percent="0">
    <mem type="tenure" free="129024" total="13697024" percent="0">
      <mem type="soa" free="0" total="13560832" percent="0" />
      <mem type="loa" free="129024" total="136192" percent="94" />
    </mem>
  </mem-info>
</gc-start>
<allocation-stats totalBytes="9325520" >
  <allocated-bytes non-tlh="0" tlh="9325520" />
  <largest-consumer threadName="Thread-7" threadId="0000000002245900" bytes="3776296" />
</allocation-stats>
<gc-op id="2923" type="mark" timems="2.058" contextid="2920" timestamp="2019-07-02T19:53:28.837">
  <trace-info objectcount="69524" scancount="61951" scanbytes="2360308" />
  <finalization candidates="124" enqueued="0" />
  <ownableSynchronizers candidates="3" cleared="0" />
  <references type="soft" candidates="84" cleared="0" enqueued="0" dynamicThreshold="21" maxThreshold="32" />
  <references type="weak" candidates="776" cleared="0" enqueued="0" />
  <references type="phantom" candidates="63" cleared="0" enqueued="0" />
  <stringconstants candidates="4574" cleared="0"  />
</gc-op>
<gc-op id="2924" type="sweep" timems="0.751" contextid="2920" timestamp="2019-07-02T19:53:28.838" />
<heap-resize id="2925" type="contract" space="tenure" amount="131072" count="1" timems="0.103" reason="excess free space following gc" timestamp="2019-07-02T19:53:28.838" />
<gc-end id="2926" type="global" contextid="2920" durationms="3.335" usertimems="4.000" systemtimems="4.000" timestamp="2019-07-02T19:53:28.838" activeThreads="4">
  <mem-info id="2927" free="9107952" total="13565952" percent="67">
    <mem type="tenure" free="9107952" total="13565952" percent="67" micro-fragmented="5636" macro-fragmented="0">
      <mem type="soa" free="9107952" total="13430784" percent="67" />
      <mem type="loa" free="0" total="135168" percent="0" />
    </mem>
  </mem-info>
</gc-end>
<cycle-end id="2928" type="global" contextid="2920" timestamp="2019-07-02T19:53:28.838">
  <attribute name="GC Util" value="252" />
  <attribute name="CPU Util" value="8760909803321" />
  <attribute name="Time Running"value="3648"/>
  <attribute name="Number of cores"value="4"/>
</cycle-end>
<allocation-satisfied id="2929" threadId="0000000002245900" bytesRequested="40" />
<af-end id="2930" timestamp="2019-07-02T19:53:28.839" threadId="0000000002246288" success="true" />
<exclusive-end id="2931" timestamp="2019-07-02T19:53:28.839" durationms="4.104" />

<exclusive-start id="2932" timestamp="2019-07-02T19:53:28.844" intervalms="9.229">
  <response-info timems="0.060" idlems="0.060" threads="0" lastid="0000000002245900" lastname="Thread-7" />
</exclusive-start>
<af-start id="2933" threadId="0000000002246288" totalBytesRequested="48" timestamp="2019-07-02T19:53:28.844" intervalms="9.175" />
<cycle-start id="2934" type="global" contextid="0" timestamp="2019-07-02T19:53:28.844" intervalms="9.137" />
  <attribute name="GC Util" value="252" />
  <attribute name="CPU Util" value="8760909803321" />
  <attribute name="Time Running"value="3648"/>
  <attribute name="Number of cores"value="4"/>
<gc-start id="2935" type="global" contextid="2934" timestamp="2019-07-02T19:53:28.844">
  <mem-info id="2936" free="0" total="13565952" percent="0">
    <mem type="tenure" free="0" total="13565952" percent="0">
      <mem type="soa" free="0" total="13430784" percent="0" />
      <mem type="loa" free="0" total="135168" percent="0" />
    </mem>
  </mem-info>
</gc-start>
<allocation-stats totalBytes="9104600" >
  <allocated-bytes non-tlh="19056" tlh="9085544" />
  <largest-consumer threadName="Thread-7" threadId="0000000002245900" bytes="3278776" />
</allocation-stats>
<gc-op id="2937" type="mark" timems="2.137" contextid="2934" timestamp="2019-07-02T19:53:28.846">
  <trace-info objectcount="64121" scancount="56531" scanbytes="2202076" />
  <finalization candidates="124" enqueued="0" />
  <ownableSynchronizers candidates="3" cleared="0" />
  <references type="soft" candidates="84" cleared="0" enqueued="0" dynamicThreshold="21" maxThreshold="32" />
  <references type="weak" candidates="776" cleared="0" enqueued="0" />
  <references type="phantom" candidates="63" cleared="0" enqueued="0" />
  <stringconstants candidates="4574" cleared="0"  />
</gc-op>
<gc-op id="2938" type="sweep" timems="0.794" contextid="2934" timestamp="2019-07-02T19:53:28.847" />
<mem-info id="2939" free="9224840" total="13565952" percent="67">
  <mem type="tenure" free="9224840" total="13565952" percent="67" micro-fragmented="77623" macro-fragmented="0">
    <mem type="soa" free="9224840" total="13430784" percent="68" />
    <mem type="loa" free="0" total="135168" percent="0" />
  </mem>
</mem-info>
<gc-op id="2940" type="compact" timems="5.457" contextid="2934" timestamp="2019-07-02T19:53:28.853">
  <compact-info movecount="24374" movebytes="1107544" reason="compact to aid heap contraction" />
</gc-op>
<heap-resize id="2941" type="contract" space="tenure" amount="131072" count="1" timems="0.033" reason="excess free space following gc" timestamp="2019-07-02T19:53:28.853" />
<gc-end id="2942" type="global" contextid="2934" durationms="9.131" usertimems="16.000" systemtimems="0.000" timestamp="2019-07-02T19:53:28.853" activeThreads="4">
  <mem-info id="2943" free="9268120" total="13434880" percent="68">
    <mem type="tenure" free="9268120" total="13434880" percent="68">
      <mem type="soa" free="9138072" total="13300736" percent="68" />
      <mem type="loa" free="130048" total="134144" percent="96" />
    </mem>
  </mem-info>
</gc-end>
<cycle-end id="2944" type="global" contextid="2934" timestamp="2019-07-02T19:53:28.853">
  <attribute name="GC Util" value="154" />
  <attribute name="CPU Util" value="17598429215380" />
  <attribute name="Time Running"value="3658"/>
  <attribute name="Number of cores"value="4"/>
</cycle-end>
<allocation-satisfied id="2945" threadId="0000000002245900" bytesRequested="48" />
<af-end id="2946" timestamp="2019-07-02T19:53:28.854" threadId="0000000002246288" success="true" />
<exclusive-end id="2947" timestamp="2019-07-02T19:53:28.854" durationms="9.771" />

<exclusive-start id="2948" timestamp="2019-07-02T19:53:28.859" intervalms="15.331">
  <response-info timems="0.025" idlems="0.025" threads="0" lastid="000000000223A500" lastname="Thread-10" />
</exclusive-start>
<af-start id="2949" threadId="000000000223AE88" totalBytesRequested="40" timestamp="2019-07-02T19:53:28.859" intervalms="15.366" />
<cycle-start id="2950" type="global" contextid="0" timestamp="2019-07-02T19:53:28.859" intervalms="15.425" />
  <attribute name="GC Util" value="154" />
  <attribute name="CPU Util" value="17598429215380" />
  <attribute name="Time Running"value="3658"/>
  <attribute name="Number of cores"value="4"/>
<gc-start id="2951" type="global" contextid="2950" timestamp="2019-07-02T19:53:28.860">
  <mem-info id="2952" free="130048" total="13434880" percent="0">
    <mem type="tenure" free="130048" total="13434880" percent="0">
      <mem type="soa" free="0" total="13300736" percent="0" />
      <mem type="loa" free="130048" total="134144" percent="96" />
    </mem>
  </mem-info>
</gc-start>
<allocation-stats totalBytes="9202920" >
  <allocated-bytes non-tlh="0" tlh="9202920" />
  <largest-consumer threadName="Thread-10" threadId="000000000223A500" bytes="3374880" />
</allocation-stats>
<gc-op id="2953" type="mark" timems="2.082" contextid="2950" timestamp="2019-07-02T19:53:28.862">
  <trace-info objectcount="65913" scancount="58336" scanbytes="2273700" />
  <finalization candidates="124" enqueued="0" />
  <ownableSynchronizers candidates="3" cleared="0" />
  <references type="soft" candidates="84" cleared="0" enqueued="0" dynamicThreshold="22" maxThreshold="32" />
  <references type="weak" candidates="776" cleared="0" enqueued="0" />
  <references type="phantom" candidates="63" cleared="0" enqueued="0" />
  <stringconstants candidates="4574" cleared="0"  />
</gc-op>
<gc-op id="2954" type="sweep" timems="0.737" contextid="2950" timestamp="2019-07-02T19:53:28.863" />
<heap-resize id="2955" type="contract" space="tenure" amount="131072" count="1" timems="0.074" reason="excess free space following gc" timestamp="2019-07-02T19:53:28.863" />
<gc-end id="2956" type="global" contextid="2950" durationms="3.454" usertimems="8.000" systemtimems="0.000" timestamp="2019-07-02T19:53:28.863" activeThreads="4">
  <mem-info id="2957" free="9039904" total="13303808" percent="67">
    <mem type="tenure" free="9039904" total="13303808" percent="67" micro-fragmented="13871" macro-fragmented="0">
      <mem type="soa" free="8971784" total="13171712" percent="68" />
      <mem type="loa" free="68120" total="132096" percent="51" />
    </mem>
  </mem-info>
</gc-end>
<cycle-end id="2958" type="global" contextid="2950" timestamp="2019-07-02T19:53:28.863">
  <attribute name="GC Util" value="224" />
  <attribute name="CPU Util" value="8500204315512" />
  <attribute name="Time Running"value="3672"/>
  <attribute name="Number of cores"value="4"/>
</cycle-end>
<allocation-satisfied id="2959" threadId="000000000223A500" bytesRequested="40" />
<af-end id="2960" timestamp="2019-07-02T19:53:28.863" threadId="000000000223AE88" success="true" />
<exclusive-end id="2961" timestamp="2019-07-02T19:53:28.864" durationms="4.333" />

<exclusive-start id="2962" timestamp="2019-07-02T19:53:28.871" intervalms="11.699">
  <response-info timems="0.022" idlems="0.022" threads="0" lastid="000000000223E100" lastname="Thread-9" />
</exclusive-start>
<af-start id="2963" threadId="000000000223EA88" totalBytesRequested="40" timestamp="2019-07-02T19:53:28.871" intervalms="11.649" />
<cycle-start id="2964" type="global" contextid="0" timestamp="2019-07-02T19:53:28.871" intervalms="11.662" />
  <attribute name="GC Util" value="224" />
  <attribute name="CPU Util" value="8500204315512" />
  <attribute name="Time Running"value="3672"/>
  <attribute name="Number of cores"value="4"/>
<gc-start id="2965" type="global" contextid="2964" timestamp="2019-07-02T19:53:28.871">
  <mem-info id="2966" free="68120" total="13303808" percent="0">
    <mem type="tenure" free="68120" total="13303808" percent="0">
      <mem type="soa" free="0" total="13171712" percent="0" />
      <mem type="loa" free="68120" total="132096" percent="51" />
    </mem>
  </mem-info>
</gc-start>
<allocation-stats totalBytes="8969792" >
  <allocated-bytes non-tlh="0" tlh="8969792" />
  <largest-consumer threadName="Thread-8" threadId="0000000002241D00" bytes="3659080" />
</allocation-stats>
<gc-op id="2967" type="mark" timems="1.887" contextid="2964" timestamp="2019-07-02T19:53:28.873">
  <trace-info objectcount="66467" scancount="58898" scanbytes="2287212" />
  <finalization candidates="124" enqueued="0" />
  <ownableSynchronizers candidates="3" cleared="0" />
  <references type="soft" candidates="84" cleared="0" enqueued="0" dynamicThreshold="21" maxThreshold="32" />
  <references type="weak" candidates="776" cleared="0" enqueued="0" />
  <references type="phantom" candidates="63" cleared="0" enqueued="0" />
  <stringconstants candidates="4574" cleared="0"  />
</gc-op>
<gc-op id="2968" type="sweep" timems="0.764" contextid="2964" timestamp="2019-07-02T19:53:28.874" />
<heap-resize id="2969" type="contract" space="tenure" amount="65536" count="1" timems="0.074" reason="excess free space following gc" timestamp="2019-07-02T19:53:28.874" />
<gc-end id="2970" type="global" contextid="2964" durationms="3.260" usertimems="8.000" systemtimems="0.000" timestamp="2019-07-02T19:53:28.874" activeThreads="4">
  <mem-info id="2971" free="8872904" total="13238272" percent="67">
    <mem type="tenure" free="8872904" total="13238272" percent="67" micro-fragmented="13118" macro-fragmented="0">
      <mem type="soa" free="8872904" total="13106176" percent="67" />
      <mem type="loa" free="0" total="132096" percent="0" />
    </mem>
  </mem-info>
</gc-end>
<cycle-end id="2972" type="global" contextid="2964" timestamp="2019-07-02T19:53:28.875">
  <attribute name="GC Util" value="246" />
  <attribute name="CPU Util" value="9351411473507" />
  <attribute name="Time Running"value="3684"/>
  <attribute name="Number of cores"value="4"/>
</cycle-end>
<allocation-satisfied id="2973" threadId="000000000223E100" bytesRequested="40" />
<af-end id="2974" timestamp="2019-07-02T19:53:28.875" threadId="000000000223EA88" success="true" />
<exclusive-end id="2975" timestamp="2019-07-02T19:53:28.875" durationms="3.795" />

<exclusive-start id="2976" timestamp="2019-07-02T19:53:28.880" intervalms="8.986">
  <response-info timems="0.027" idlems="0.025" threads="1" lastid="0000000002245900" lastname="Thread-7" />
</exclusive-start>
<af-start id="2977" threadId="000000000223EA88" totalBytesRequested="40" timestamp="2019-07-02T19:53:28.880" intervalms="9.017" />
<cycle-start id="2978" type="global" contextid="0" timestamp="2019-07-02T19:53:28.880" intervalms="8.972" />
  <attribute name="GC Util" value="246" />
  <attribute name="CPU Util" value="9351411473507" />
  <attribute name="Time Running"value="3684"/>
  <attribute name="Number of cores"value="4"/>
<gc-start id="2979" type="global" contextid="2978" timestamp="2019-07-02T19:53:28.880">
  <mem-info id="2980" free="0" total="13238272" percent="0">
    <mem type="tenure" free="0" total="13238272" percent="0">
      <mem type="soa" free="0" total="13106176" percent="0" />
      <mem type="loa" free="0" total="132096" percent="0" />
    </mem>
  </mem-info>
</gc-start>
<allocation-stats totalBytes="8867984" >
  <allocated-bytes non-tlh="0" tlh="8867984" />
  <largest-consumer threadName="Thread-9" threadId="000000000223E100" bytes="3206176" />
</allocation-stats>
<gc-op id="2981" type="mark" timems="2.217" contextid="2978" timestamp="2019-07-02T19:53:28.882">
  <trace-info objectcount="67003" scancount="59435" scanbytes="2300100" />
  <finalization candidates="124" enqueued="0" />
  <ownableSynchronizers candidates="3" cleared="0" />
  <references type="soft" candidates="84" cleared="0" enqueued="0" dynamicThreshold="21" maxThreshold="32" />
  <references type="weak" candidates="776" cleared="0" enqueued="0" />
  <references type="phantom" candidates="63" cleared="0" enqueued="0" />
  <stringconstants candidates="4574" cleared="0"  />
</gc-op>
<gc-op id="2982" type="sweep" timems="0.759" contextid="2978" timestamp="2019-07-02T19:53:28.883" />
<mem-info id="2983" free="8815496" total="13238272" percent="66">
  <mem type="tenure" free="8815496" total="13238272" percent="66" micro-fragmented="8716" macro-fragmented="0">
    <mem type="soa" free="8815496" total="13106176" percent="67" />
    <mem type="loa" free="0" total="132096" percent="0" />
  </mem>
</mem-info>
<gc-op id="2984" type="compact" timems="4.669" contextid="2978" timestamp="2019-07-02T19:53:28.888">
  <compact-info movecount="7767" movebytes="325704" reason="compact to aid heap contraction" />
</gc-op>
<heap-resize id="2985" type="contract" space="tenure" amount="131072" count="1" timems="0.071" reason="excess free space following gc" timestamp="2019-07-02T19:53:28.888" />
<gc-end id="2986" type="global" contextid="2978" durationms="8.245" usertimems="16.000" systemtimems="0.000" timestamp="2019-07-02T19:53:28.888" activeThreads="4">
  <mem-info id="2987" free="8845488" total="13107200" percent="67">
    <mem type="tenure" free="8845488" total="13107200" percent="67">
      <mem type="soa" free="8715440" total="12976128" percent="67" />
      <mem type="loa" free="130048" total="131072" percent="99" />
    </mem>
  </mem-info>
</gc-end>
<cycle-end id="2988" type="global" contextid="2978" timestamp="2019-07-02T19:53:28.888">
  <attribute name="GC Util" value="161" />
  <attribute name="CPU Util" value="20104566443176" />
  <attribute name="Time Running"value="3694"/>
  <attribute name="Number of cores"value="4"/>
</cycle-end>
<allocation-satisfied id="2989" threadId="000000000223E100" bytesRequested="40" />
<af-end id="2990" timestamp="2019-07-02T19:53:28.889" threadId="000000000223EA88" success="true" />
<exclusive-end id="2991" timestamp="2019-07-02T19:53:28.889" durationms="8.811" />

<exclusive-start id="2992" timestamp="2019-07-02T19:53:28.894" intervalms="14.109">
  <response-info timems="0.034" idlems="0.019" threads="1" lastid="000000000223A500" lastname="Thread-10" />
</exclusive-start>
<af-start id="2993" threadId="0000000002242688" totalBytesRequested="24" timestamp="2019-07-02T19:53:28.894" intervalms="14.087" />
<cycle-start id="2994" type="global" contextid="0" timestamp="2019-07-02T19:53:28.894" intervalms="14.100" />
  <attribute name="GC Util" value="161" />
  <attribute name="CPU Util" value="20104566443176" />
  <attribute name="Time Running"value="3694"/>
  <attribute name="Number of cores"value="4"/>
<gc-start id="2995" type="global" contextid="2994" timestamp="2019-07-02T19:53:28.894">
  <mem-info id="2996" free="130048" total="13107200" percent="0">
    <mem type="tenure" free="130048" total="13107200" percent="0">
      <mem type="soa" free="0" total="12976128" percent="0" />
      <mem type="loa" free="130048" total="131072" percent="99" />
    </mem>
  </mem-info>
</gc-start>
<allocation-stats totalBytes="8780376" >
  <allocated-bytes non-tlh="0" tlh="8780376" />
  <largest-consumer threadName="Thread-9" threadId="000000000223E100" bytes="3505960" />
</allocation-stats>
<gc-op id="2997" type="mark" timems="2.038" contextid="2994" timestamp="2019-07-02T19:53:28.897">
  <trace-info objectcount="67345" scancount="59774" scanbytes="2308020" />
  <finalization candidates="124" enqueued="0" />
  <ownableSynchronizers candidates="3" cleared="0" />
  <references type="soft" candidates="84" cleared="0" enqueued="0" dynamicThreshold="21" maxThreshold="32" />
  <references type="weak" candidates="776" cleared="0" enqueued="0" />
  <references type="phantom" candidates="63" cleared="0" enqueued="0" />
  <stringconstants candidates="4574" cleared="0"  />
</gc-op>
<gc-op id="2998" type="sweep" timems="0.952" contextid="2994" timestamp="2019-07-02T19:53:28.898" />
<heap-resize id="2999" type="contract" space="tenure" amount="65536" count="1" timems="0.080" reason="excess free space following gc" timestamp="2019-07-02T19:53:28.898" />
<gc-end id="3000" type="global" contextid="2994" durationms="3.708" usertimems="0.000" systemtimems="4.000" timestamp="2019-07-02T19:53:28.898" activeThreads="4">
  <mem-info id="3001" free="8753640" total="13041664" percent="67">
    <mem type="tenure" free="8753640" total="13041664" percent="67" micro-fragmented="10015" macro-fragmented="0">
      <mem type="soa" free="8688104" total="12911616" percent="67" />
      <mem type="loa" free="65536" total="130048" percent="50" />
    </mem>
  </mem-info>
</gc-end>
<cycle-end id="3002" type="global" contextid="2994" timestamp="2019-07-02T19:53:28.898">
  <attribute name="GC Util" value="221" />
  <attribute name="CPU Util" value="8636023063874" />
  <attribute name="Time Running"value="3707"/>
  <attribute name="Number of cores"value="4"/>
</cycle-end>
<allocation-satisfied id="3003" threadId="0000000002241D00" bytesRequested="24" />
<af-end id="3004" timestamp="2019-07-02T19:53:28.898" threadId="0000000002242688" success="true" />
<exclusive-end id="3005" timestamp="2019-07-02T19:53:28.898" durationms="4.390" />

<exclusive-start id="3006" timestamp="2019-07-02T19:53:28.904" intervalms="9.561">
  <response-info timems="0.023" idlems="0.013" threads="1" lastid="0000000002241D00" lastname="Thread-8" />
</exclusive-start>
<af-start id="3007" threadId="000000000223AE88" totalBytesRequested="24" timestamp="2019-07-02T19:53:28.904" intervalms="9.633" />
<cycle-start id="3008" type="global" contextid="0" timestamp="2019-07-02T19:53:28.904" intervalms="9.674" />
  <attribute name="GC Util" value="221" />
  <attribute name="CPU Util" value="8636023063874" />
  <attribute name="Time Running"value="3707"/>
  <attribute name="Number of cores"value="4"/>
<gc-start id="3009" type="global" contextid="3008" timestamp="2019-07-02T19:53:28.904">
  <mem-info id="3010" free="65536" total="13041664" percent="0">
    <mem type="tenure" free="65536" total="13041664" percent="0">
      <mem type="soa" free="0" total="12911616" percent="0" />
      <mem type="loa" free="65536" total="130048" percent="50" />
    </mem>
  </mem-info>
</gc-start>
<allocation-stats totalBytes="8687056" >
  <allocated-bytes non-tlh="0" tlh="8687056" />
  <largest-consumer threadName="Thread-9" threadId="000000000223E100" bytes="2756048" />
</allocation-stats>
<gc-op id="3011" type="mark" timems="1.873" contextid="3008" timestamp="2019-07-02T19:53:28.906">
  <trace-info objectcount="67831" scancount="60244" scanbytes="2319660" />
  <finalization candidates="124" enqueued="0" />
  <ownableSynchronizers candidates="3" cleared="0" />
  <references type="soft" candidates="84" cleared="0" enqueued="0" dynamicThreshold="21" maxThreshold="32" />
  <references type="weak" candidates="776" cleared="0" enqueued="0" />
  <references type="phantom" candidates="63" cleared="0" enqueued="0" />
  <stringconstants candidates="4574" cleared="0"  />
</gc-op>
<gc-op id="3012" type="sweep" timems="0.711" contextid="3008" timestamp="2019-07-02T19:53:28.907" />
<heap-resize id="3013" type="contract" space="tenure" amount="65536" count="1" timems="0.088" reason="excess free space following gc" timestamp="2019-07-02T19:53:28.907" />
<gc-end id="3014" type="global" contextid="3008" durationms="3.281" usertimems="8.000" systemtimems="0.000" timestamp="2019-07-02T19:53:28.907" activeThreads="4">
  <mem-info id="3015" free="8571144" total="12976128" percent="66">
    <mem type="tenure" free="8571144" total="12976128" percent="66" micro-fragmented="14099" macro-fragmented="0">
      <mem type="soa" free="8571144" total="12847104" percent="66" />
      <mem type="loa" free="0" total="129024" percent="0" />
    </mem>
  </mem-info>
</gc-end>
<cycle-end id="3016" type="global" contextid="3008" timestamp="2019-07-02T19:53:28.907">
  <attribute name="GC Util" value="259" />
  <attribute name="CPU Util" value="9378949969200" />
  <attribute name="Time Running"value="3716"/>
  <attribute name="Number of cores"value="4"/>
</cycle-end>
<allocation-satisfied id="3017" threadId="000000000223A500" bytesRequested="24" />
<af-end id="3018" timestamp="2019-07-02T19:53:28.908" threadId="000000000223AE88" success="true" />
<exclusive-end id="3019" timestamp="2019-07-02T19:53:28.908" durationms="4.069" />

<exclusive-start id="3020" timestamp="2019-07-02T19:53:28.912" intervalms="8.841">
  <response-info timems="0.030" idlems="0.020" threads="2" lastid="000000000223A500" lastname="Thread-10" />
</exclusive-start>
<af-start id="3021" threadId="0000000002242688" totalBytesRequested="40" timestamp="2019-07-02T19:53:28.912" intervalms="8.797" />
<cycle-start id="3022" type="global" contextid="0" timestamp="2019-07-02T19:53:28.913" intervalms="8.754" />
  <attribute name="GC Util" value="259" />
  <attribute name="CPU Util" value="9378949969200" />
  <attribute name="Time Running"value="3716"/>
  <attribute name="Number of cores"value="4"/>
<gc-start id="3023" type="global" contextid="3022" timestamp="2019-07-02T19:53:28.913">
  <mem-info id="3024" free="0" total="12976128" percent="0">
    <mem type="tenure" free="0" total="12976128" percent="0">
      <mem type="soa" free="0" total="12847104" percent="0" />
      <mem type="loa" free="0" total="129024" percent="0" />
    </mem>
  </mem-info>
</gc-start>
<allocation-stats totalBytes="8568120" >
  <allocated-bytes non-tlh="19056" tlh="8549064" />
  <largest-consumer threadName="Thread-9" threadId="000000000223E100" bytes="3180136" />
</allocation-stats>
<gc-op id="3025" type="mark" timems="2.172" contextid="3022" timestamp="2019-07-02T19:53:28.915">
  <trace-info objectcount="63658" scancount="56089" scanbytes="2219596" />
  <finalization candidates="124" enqueued="0" />
  <ownableSynchronizers candidates="3" cleared="0" />
  <references type="soft" candidates="84" cleared="0" enqueued="0" dynamicThreshold="21" maxThreshold="32" />
  <references type="weak" candidates="776" cleared="0" enqueued="0" />
  <references type="phantom" candidates="63" cleared="0" enqueued="0" />
  <stringconstants candidates="4574" cleared="0"  />
</gc-op>
<gc-op id="3026" type="sweep" timems="0.708" contextid="3022" timestamp="2019-07-02T19:53:28.916" />
<mem-info id="3027" free="8683376" total="12976128" percent="66">
  <mem type="tenure" free="8683376" total="12976128" percent="66" micro-fragmented="111600" macro-fragmented="0">
    <mem type="soa" free="8571672" total="12847104" percent="66" />
    <mem type="loa" free="111704" total="129024" percent="86" />
  </mem>
</mem-info>
<gc-op id="3028" type="compact" timems="5.240" contextid="3022" timestamp="2019-07-02T19:53:28.921">
  <compact-info movecount="23905" movebytes="1124920" reason="compact to aid heap contraction" />
</gc-op>
<heap-resize id="3029" type="contract" space="tenure" amount="65536" count="1" timems="0.075" reason="excess free space following gc" timestamp="2019-07-02T19:53:28.921" />
<gc-end id="3030" type="global" contextid="3022" durationms="8.916" usertimems="16.000" systemtimems="0.000" timestamp="2019-07-02T19:53:28.922" activeThreads="4">
  <mem-info id="3031" free="8666920" total="12910592" percent="67">
    <mem type="tenure" free="8666920" total="12910592" percent="67">
      <mem type="soa" free="8601384" total="12781568" percent="67" />
      <mem type="loa" free="65536" total="129024" percent="50" />
    </mem>
  </mem-info>
</gc-end>
<cycle-end id="3032" type="global" contextid="3022" timestamp="2019-07-02T19:53:28.922">
  <attribute name="GC Util" value="163" />
  <attribute name="CPU Util" value="20477269982806" />
  <attribute name="Time Running"value="3726"/>
  <attribute name="Number of cores"value="4"/>
</cycle-end>
<allocation-satisfied id="3033" threadId="0000000002241D00" bytesRequested="40" />
<af-end id="3034" timestamp="2019-07-02T19:53:28.922" threadId="0000000002242688" success="true" />
<exclusive-end id="3035" timestamp="2019-07-02T19:53:28.922" durationms="9.653" />

<exclusive-start id="3036" timestamp="2019-07-02T19:53:28.928" intervalms="15.449">
  <response-info timems="0.022" idlems="0.022" threads="0" lastid="000000000223E100" lastname="Thread-9" />
</exclusive-start>
<af-start id="3037" threadId="000000000223EA88" totalBytesRequested="40" timestamp="2019-07-02T19:53:28.928" intervalms="15.490" />
<cycle-start id="3038" type="global" contextid="0" timestamp="2019-07-02T19:53:28.928" intervalms="15.549" />
  <attribute name="GC Util" value="163" />
  <attribute name="CPU Util" value="20477269982806" />
  <attribute name="Time Running"value="3726"/>
  <attribute name="Number of cores"value="4"/>
<gc-start id="3039" type="global" contextid="3038" timestamp="2019-07-02T19:53:28.928">
  <mem-info id="3040" free="65536" total="12910592" percent="0">
    <mem type="tenure" free="65536" total="12910592" percent="0">
      <mem type="soa" free="0" total="12781568" percent="0" />
      <mem type="loa" free="65536" total="129024" percent="50" />
    </mem>
  </mem-info>
</gc-start>
<allocation-stats totalBytes="8665728" >
  <allocated-bytes non-tlh="0" tlh="8665728" />
  <largest-consumer threadName="Thread-10" threadId="000000000223A500" bytes="3112544" />
</allocation-stats>
<gc-op id="3041" type="mark" timems="1.837" contextid="3038" timestamp="2019-07-02T19:53:28.930">
  <trace-info objectcount="64197" scancount="56627" scanbytes="2232852" />
  <finalization candidates="124" enqueued="0" />
  <ownableSynchronizers candidates="3" cleared="0" />
  <references type="soft" candidates="84" cleared="0" enqueued="0" dynamicThreshold="21" maxThreshold="32" />
  <references type="weak" candidates="776" cleared="0" enqueued="0" />
  <references type="phantom" candidates="63" cleared="0" enqueued="0" />
  <stringconstants candidates="4574" cleared="0"  />
</gc-op>
<gc-op id="3042" type="sweep" timems="0.684" contextid="3038" timestamp="2019-07-02T19:53:28.931" />
<heap-resize id="3043" type="contract" space="tenure" amount="65536" count="1" timems="0.081" reason="excess free space following gc" timestamp="2019-07-02T19:53:28.931" />
<gc-end id="3044" type="global" contextid="3038" durationms="2.971" usertimems="4.000" systemtimems="0.000" timestamp="2019-07-02T19:53:28.931" activeThreads="4">
  <mem-info id="3045" free="8550992" total="12845056" percent="66">
    <mem type="tenure" free="8550992" total="12845056" percent="66" micro-fragmented="9244" macro-fragmented="0">
      <mem type="soa" free="8550992" total="12717056" percent="67" />
      <mem type="loa" free="0" total="128000" percent="0" />
    </mem>
  </mem-info>
</gc-end>
<cycle-end id="3046" type="global" contextid="3038" timestamp="2019-07-02T19:53:28.931">
  <attribute name="GC Util" value="229" />
  <attribute name="CPU Util" value="9572937325390" />
  <attribute name="Time Running"value="3741"/>
  <attribute name="Number of cores"value="4"/>
</cycle-end>
<allocation-satisfied id="3047" threadId="000000000223E100" bytesRequested="40" />
<af-end id="3048" timestamp="2019-07-02T19:53:28.931" threadId="000000000223EA88" success="true" />
<exclusive-end id="3049" timestamp="2019-07-02T19:53:28.931" durationms="3.662" />

<exclusive-start id="3050" timestamp="2019-07-02T19:53:28.936" intervalms="7.963">
  <response-info timems="0.201" idlems="0.201" threads="0" lastid="000000000223E100" lastname="Thread-9" />
</exclusive-start>
<af-start id="3051" threadId="000000000223EA88" totalBytesRequested="40" timestamp="2019-07-02T19:53:28.936" intervalms="7.873" />
<cycle-start id="3052" type="global" contextid="0" timestamp="2019-07-02T19:53:28.936" intervalms="7.760" />
  <attribute name="GC Util" value="229" />
  <attribute name="CPU Util" value="9572937325390" />
  <attribute name="Time Running"value="3741"/>
  <attribute name="Number of cores"value="4"/>
<gc-start id="3053" type="global" contextid="3052" timestamp="2019-07-02T19:53:28.936">
  <mem-info id="3054" free="0" total="12845056" percent="0">
    <mem type="tenure" free="0" total="12845056" percent="0">
      <mem type="soa" free="0" total="12717056" percent="0" />
      <mem type="loa" free="0" total="128000" percent="0" />
    </mem>
  </mem-info>
</gc-start>
<allocation-stats totalBytes="8550240" >
  <allocated-bytes non-tlh="0" tlh="8550240" />
  <largest-consumer threadName="Thread-8" threadId="0000000002241D00" bytes="2612640" />
</allocation-stats>
<gc-op id="3055" type="mark" timems="2.249" contextid="3052" timestamp="2019-07-02T19:53:28.938">
  <trace-info objectcount="64694" scancount="57132" scanbytes="2244788" />
  <finalization candidates="124" enqueued="0" />
  <ownableSynchronizers candidates="3" cleared="0" />
  <references type="soft" candidates="84" cleared="0" enqueued="0" dynamicThreshold="21" maxThreshold="32" />
  <references type="weak" candidates="776" cleared="0" enqueued="0" />
  <references type="phantom" candidates="63" cleared="0" enqueued="0" />
  <stringconstants candidates="4574" cleared="0"  />
</gc-op>
<gc-op id="3056" type="sweep" timems="0.711" contextid="3052" timestamp="2019-07-02T19:53:28.939" />
<heap-resize id="3057" type="contract" space="tenure" amount="65536" count="1" timems="0.086" reason="excess free space following gc" timestamp="2019-07-02T19:53:28.939" />
<gc-end id="3058" type="global" contextid="3052" durationms="3.398" usertimems="8.000" systemtimems="0.000" timestamp="2019-07-02T19:53:28.939" activeThreads="4">
  <mem-info id="3059" free="8463976" total="12779520" percent="66">
    <mem type="tenure" free="8463976" total="12779520" percent="66" micro-fragmented="30550" macro-fragmented="0">
      <mem type="soa" free="8463976" total="12652544" percent="66" />
      <mem type="loa" free="0" total="126976" percent="0" />
    </mem>
  </mem-info>
</gc-end>
<cycle-end id="3060" type="global" contextid="3052" timestamp="2019-07-02T19:53:28.939">
  <attribute name="GC Util" value="244" />
  <attribute name="CPU Util" value="7887619378601" />
  <attribute name="Time Running"value="3749"/>
  <attribute name="Number of cores"value="4"/>
</cycle-end>
<allocation-satisfied id="3061" threadId="000000000223E100" bytesRequested="40" />
<af-end id="3062" timestamp="2019-07-02T19:53:28.940" threadId="000000000223EA88" success="true" />
<exclusive-end id="3063" timestamp="2019-07-02T19:53:28.940" durationms="3.877" />

<exclusive-start id="3064" timestamp="2019-07-02T19:53:28.944" intervalms="8.081">
  <response-info timems="0.020" idlems="0.020" threads="0" lastid="0000000002245900" lastname="Thread-7" />
</exclusive-start>
<af-start id="3065" threadId="0000000002246288" totalBytesRequested="24" timestamp="2019-07-02T19:53:28.944" intervalms="8.113" />
<cycle-start id="3066" type="global" contextid="0" timestamp="2019-07-02T19:53:28.944" intervalms="8.129" />
  <attribute name="GC Util" value="244" />
  <attribute name="CPU Util" value="7887619378601" />
  <attribute name="Time Running"value="3749"/>
  <attribute name="Number of cores"value="4"/>
<gc-start id="3067" type="global" contextid="3066" timestamp="2019-07-02T19:53:28.944">
  <mem-info id="3068" free="0" total="12779520" percent="0">
    <mem type="tenure" free="0" total="12779520" percent="0">
      <mem type="soa" free="0" total="12652544" percent="0" />
      <mem type="loa" free="0" total="126976" percent="0" />
    </mem>
  </mem-info>
</gc-start>
<allocation-stats totalBytes="8460336" >
  <allocated-bytes non-tlh="0" tlh="8460336" />
  <largest-consumer threadName="Thread-8" threadId="0000000002241D00" bytes="2666600" />
</allocation-stats>
<gc-op id="3069" type="mark" timems="2.068" contextid="3066" timestamp="2019-07-02T19:53:28.946">
  <trace-info objectcount="65046" scancount="57471" scanbytes="2252548" />
  <finalization candidates="124" enqueued="0" />
  <ownableSynchronizers candidates="3" cleared="0" />
  <references type="soft" candidates="84" cleared="0" enqueued="0" dynamicThreshold="21" maxThreshold="32" />
  <references type="weak" candidates="776" cleared="0" enqueued="0" />
  <references type="phantom" candidates="63" cleared="0" enqueued="0" />
  <stringconstants candidates="4574" cleared="0"  />
</gc-op>
<gc-op id="3070" type="sweep" timems="0.806" contextid="3066" timestamp="2019-07-02T19:53:28.947" />
<heap-resize id="3071" type="contract" space="tenure" amount="65536" count="1" timems="0.091" reason="excess free space following gc" timestamp="2019-07-02T19:53:28.947" />
<gc-end id="3072" type="global" contextid="3066" durationms="3.458" usertimems="4.000" systemtimems="0.000" timestamp="2019-07-02T19:53:28.948" activeThreads="4">
  <mem-info id="3073" free="8374696" total="12713984" percent="65">
    <mem type="tenure" free="8374696" total="12713984" percent="65" micro-fragmented="771" macro-fragmented="0">
      <mem type="soa" free="8374696" total="12587008" percent="66" />
      <mem type="loa" free="0" total="126976" percent="0" />
    </mem>
  </mem-info>
</gc-end>
<cycle-end id="3074" type="global" contextid="3066" timestamp="2019-07-02T19:53:28.948">
  <attribute name="GC Util" value="237" />
  <attribute name="CPU Util" value="8525366119132" />
  <attribute name="Time Running"value="3757"/>
  <attribute name="Number of cores"value="4"/>
</cycle-end>
<allocation-satisfied id="3075" threadId="0000000002245900" bytesRequested="24" />
<af-end id="3076" timestamp="2019-07-02T19:53:28.948" threadId="0000000002246288" success="true" />
<exclusive-end id="3077" timestamp="2019-07-02T19:53:28.948" durationms="4.183" />

<exclusive-start id="3078" timestamp="2019-07-02T19:53:28.952" intervalms="8.107">
  <response-info timems="0.022" idlems="0.021" threads="2" lastid="000000000223E100" lastname="Thread-9" />
</exclusive-start>
<af-start id="3079" threadId="0000000002242688" totalBytesRequested="40" timestamp="2019-07-02T19:53:28.952" intervalms="8.102" />
<cycle-start id="3080" type="global" contextid="0" timestamp="2019-07-02T19:53:28.952" intervalms="8.108" />
  <attribute name="GC Util" value="237" />
  <attribute name="CPU Util" value="8525366119132" />
  <attribute name="Time Running"value="3757"/>
  <attribute name="Number of cores"value="4"/>
<gc-start id="3081" type="global" contextid="3080" timestamp="2019-07-02T19:53:28.952">
  <mem-info id="3082" free="0" total="12713984" percent="0">
    <mem type="tenure" free="0" total="12713984" percent="0">
      <mem type="soa" free="0" total="12587008" percent="0" />
      <mem type="loa" free="0" total="126976" percent="0" />
    </mem>
  </mem-info>
</gc-start>
<allocation-stats totalBytes="8368280" >
  <allocated-bytes non-tlh="0" tlh="8368280" />
  <largest-consumer threadName="Thread-8" threadId="0000000002241D00" bytes="2415944" />
</allocation-stats>
<gc-op id="3083" type="mark" timems="1.136" contextid="3080" timestamp="2019-07-02T19:53:28.954">
  <trace-info objectcount="65941" scancount="58371" scanbytes="2274092" />
  <finalization candidates="124" enqueued="0" />
  <ownableSynchronizers candidates="3" cleared="0" />
  <references type="soft" candidates="84" cleared="0" enqueued="0" dynamicThreshold="21" maxThreshold="32" />
  <references type="weak" candidates="776" cleared="0" enqueued="0" />
  <references type="phantom" candidates="63" cleared="0" enqueued="0" />
  <stringconstants candidates="4574" cleared="0"  />
</gc-op>
<gc-op id="3084" type="sweep" timems="0.305" contextid="3080" timestamp="2019-07-02T19:53:28.954" />
<mem-info id="3085" free="8299368" total="12713984" percent="65">
  <mem type="tenure" free="8299368" total="12713984" percent="65" micro-fragmented="48403" macro-fragmented="0">
    <mem type="soa" free="8299368" total="12587008" percent="65" />
    <mem type="loa" free="0" total="126976" percent="0" />
  </mem>
</mem-info>
<gc-op id="3086" type="compact" timems="3.383" contextid="3080" timestamp="2019-07-02T19:53:28.958">
  <compact-info movecount="8288" movebytes="337688" reason="compact to aid heap contraction" />
</gc-op>
<heap-resize id="3087" type="contract" space="tenure" amount="65536" count="1" timems="0.078" reason="excess free space following gc" timestamp="2019-07-02T19:53:28.958" />
<gc-end id="3088" type="global" contextid="3080" durationms="5.787" usertimems="8.000" systemtimems="0.000" timestamp="2019-07-02T19:53:28.958" activeThreads="4">
  <mem-info id="3089" free="8287816" total="12648448" percent="65">
    <mem type="tenure" free="8287816" total="12648448" percent="65">
      <mem type="soa" free="8287816" total="12522496" percent="66" />
      <mem type="loa" free="0" total="125952" percent="0" />
    </mem>
  </mem-info>
</gc-end>
<cycle-end id="3090" type="global" contextid="3080" timestamp="2019-07-02T19:53:28.958">
  <attribute name="GC Util" value="14" />
  <attribute name="CPU Util" value="33498179316950" />
  <attribute name="Time Running"value="3765"/>
  <attribute name="Number of cores"value="4"/>
</cycle-end>
<allocation-satisfied id="3091" threadId="0000000002241D00" bytesRequested="40" />
<af-end id="3092" timestamp="2019-07-02T19:53:28.958" threadId="0000000002242688" success="true" />
<exclusive-end id="3093" timestamp="2019-07-02T19:53:28.958" durationms="6.475" />

<exclusive-start id="3094" timestamp="2019-07-02T19:53:28.963" intervalms="10.675">
  <response-info timems="0.023" idlems="0.023" threads="0" lastid="000000000223A500" lastname="Thread-10" />
</exclusive-start>
<af-start id="3095" threadId="000000000223AE88" totalBytesRequested="40" timestamp="2019-07-02T19:53:28.963" intervalms="10.746" />
<cycle-start id="3096" type="global" contextid="0" timestamp="2019-07-02T19:53:28.963" intervalms="10.816" />
  <attribute name="GC Util" value="14" />
  <attribute name="CPU Util" value="33498179316950" />
  <attribute name="Time Running"value="3765"/>
  <attribute name="Number of cores"value="4"/>
<gc-start id="3097" type="global" contextid="3096" timestamp="2019-07-02T19:53:28.963">
  <mem-info id="3098" free="0" total="12648448" percent="0">
    <mem type="tenure" free="0" total="12648448" percent="0">
      <mem type="soa" free="0" total="12522496" percent="0" />
      <mem type="loa" free="0" total="125952" percent="0" />
    </mem>
  </mem-info>
</gc-start>
<allocation-stats totalBytes="8352512" >
  <allocated-bytes non-tlh="0" tlh="8352512" />
  <largest-consumer threadName="Thread-8" threadId="0000000002241D00" bytes="2588384" />
</allocation-stats>
<gc-op id="3099" type="mark" timems="1.982" contextid="3096" timestamp="2019-07-02T19:53:28.965">
  <trace-info objectcount="66571" scancount="59002" scanbytes="2289724" />
  <finalization candidates="124" enqueued="0" />
  <ownableSynchronizers candidates="3" cleared="0" />
  <references type="soft" candidates="84" cleared="0" enqueued="0" dynamicThreshold="20" maxThreshold="32" />
  <references type="weak" candidates="776" cleared="0" enqueued="0" />
  <references type="phantom" candidates="63" cleared="0" enqueued="0" />
  <stringconstants candidates="4574" cleared="0"  />
</gc-op>
<gc-op id="3100" type="sweep" timems="0.737" contextid="3096" timestamp="2019-07-02T19:53:28.966" />
<heap-resize id="3101" type="contract" space="tenure" amount="65536" count="1" timems="0.078" reason="excess free space following gc" timestamp="2019-07-02T19:53:28.966" />
<gc-end id="3102" type="global" contextid="3096" durationms="3.293" usertimems="8.000" systemtimems="0.000" timestamp="2019-07-02T19:53:28.966" activeThreads="4">
  <mem-info id="3103" free="8251488" total="12582912" percent="65">
    <mem type="tenure" free="8251488" total="12582912" percent="65" micro-fragmented="29850" macro-fragmented="0">
      <mem type="soa" free="8251488" total="12457984" percent="66" />
      <mem type="loa" free="0" total="124928" percent="0" />
    </mem>
  </mem-info>
</gc-end>
<cycle-end id="3104" type="global" contextid="3096" timestamp="2019-07-02T19:53:28.966">
  <attribute name="GC Util" value="236" />
  <attribute name="CPU Util" value="9054816533752" />
  <attribute name="Time Running"value="3776"/>
  <attribute name="Number of cores"value="4"/>
</cycle-end>
<allocation-satisfied id="3105" threadId="000000000223A500" bytesRequested="40" />
<af-end id="3106" timestamp="2019-07-02T19:53:28.967" threadId="000000000223AE88" success="true" />
<exclusive-end id="3107" timestamp="2019-07-02T19:53:28.967" durationms="4.079" />

<exclusive-start id="3108" timestamp="2019-07-02T19:53:28.971" intervalms="8.376">
  <response-info timems="0.023" idlems="0.023" threads="0" lastid="000000000223A500" lastname="Thread-10" />
</exclusive-start>
<af-start id="3109" threadId="000000000223AE88" totalBytesRequested="40" timestamp="2019-07-02T19:53:28.971" intervalms="8.335" />
<cycle-start id="3110" type="global" contextid="0" timestamp="2019-07-02T19:53:28.971" intervalms="8.329" />
  <attribute name="GC Util" value="236" />
  <attribute name="CPU Util" value="9054816533752" />
  <attribute name="Time Running"value="3776"/>
  <attribute name="Number of cores"value="4"/>
<gc-start id="3111" type="global" contextid="3110" timestamp="2019-07-02T19:53:28.971">
  <mem-info id="3112" free="0" total="12582912" percent="0">
    <mem type="tenure" free="0" total="12582912" percent="0">
      <mem type="soa" free="0" total="12457984" percent="0" />
      <mem type="loa" free="0" total="124928" percent="0" />
    </mem>
  </mem-info>
</gc-start>
<allocation-stats totalBytes="8249808" >
  <allocated-bytes non-tlh="0" tlh="8249808" />
  <largest-consumer threadName="Thread-8" threadId="0000000002241D00" bytes="2556144" />
</allocation-stats>
<gc-op id="3113" type="mark" timems="2.134" contextid="3110" timestamp="2019-07-02T19:53:28.974">
  <trace-info objectcount="67117" scancount="59534" scanbytes="2302980" />
  <finalization candidates="124" enqueued="0" />
  <ownableSynchronizers candidates="3" cleared="0" />
  <references type="soft" candidates="84" cleared="0" enqueued="0" dynamicThreshold="20" maxThreshold="32" />
  <references type="weak" candidates="776" cleared="0" enqueued="0" />
  <references type="phantom" candidates="63" cleared="0" enqueued="0" />
  <stringconstants candidates="4574" cleared="0"  />
</gc-op>
<gc-op id="3114" type="sweep" timems="0.709" contextid="3110" timestamp="2019-07-02T19:53:28.975" />
<heap-resize id="3115" type="contract" space="tenure" amount="65536" count="1" timems="0.088" reason="excess free space following gc" timestamp="2019-07-02T19:53:28.975" />
<gc-end id="3116" type="global" contextid="3110" durationms="3.565" usertimems="8.000" systemtimems="0.000" timestamp="2019-07-02T19:53:28.975" activeThreads="4">
  <mem-info id="3117" free="8148320" total="12517376" percent="65">
    <mem type="tenure" free="8148320" total="12517376" percent="65" micro-fragmented="9015" macro-fragmented="0">
      <mem type="soa" free="8148320" total="12392448" percent="65" />
      <mem type="loa" free="0" total="124928" percent="0" />
    </mem>
  </mem-info>
</gc-end>
<cycle-end id="3118" type="global" contextid="3110" timestamp="2019-07-02T19:53:28.975">
  <attribute name="GC Util" value="243" />
  <attribute name="CPU Util" value="8274293885856" />
  <attribute name="Time Running"value="3784"/>
  <attribute name="Number of cores"value="4"/>
</cycle-end>
<allocation-satisfied id="3119" threadId="000000000223A500" bytesRequested="40" />
<af-end id="3120" timestamp="2019-07-02T19:53:28.975" threadId="000000000223AE88" success="true" />
<exclusive-end id="3121" timestamp="2019-07-02T19:53:28.975" durationms="4.406" />

<exclusive-start id="3122" timestamp="2019-07-02T19:53:28.979" intervalms="8.190">
  <response-info timems="0.040" idlems="0.040" threads="0" lastid="000000000223A500" lastname="Thread-10" />
</exclusive-start>
<af-start id="3123" threadId="000000000223AE88" totalBytesRequested="40" timestamp="2019-07-02T19:53:28.979" intervalms="8.207" />
<cycle-start id="3124" type="global" contextid="0" timestamp="2019-07-02T19:53:28.979" intervalms="8.170" />
  <attribute name="GC Util" value="243" />
  <attribute name="CPU Util" value="8274293885856" />
  <attribute name="Time Running"value="3784"/>
  <attribute name="Number of cores"value="4"/>
<gc-start id="3125" type="global" contextid="3124" timestamp="2019-07-02T19:53:28.980">
  <mem-info id="3126" free="0" total="12517376" percent="0">
    <mem type="tenure" free="0" total="12517376" percent="0">
      <mem type="soa" free="0" total="12392448" percent="0" />
      <mem type="loa" free="0" total="124928" percent="0" />
    </mem>
  </mem-info>
</gc-start>
<allocation-stats totalBytes="8143840" >
  <allocated-bytes non-tlh="0" tlh="8143840" />
  <largest-consumer threadName="Thread-10" threadId="000000000223A500" bytes="2315432" />
</allocation-stats>
<gc-op id="3127" type="mark" timems="1.927" contextid="3124" timestamp="2019-07-02T19:53:28.982">
  <trace-info objectcount="67578" scancount="60001" scanbytes="2313628" />
  <finalization candidates="124" enqueued="0" />
  <ownableSynchronizers candidates="3" cleared="0" />
  <references type="soft" candidates="84" cleared="0" enqueued="0" dynamicThreshold="20" maxThreshold="32" />
  <references type="weak" candidates="776" cleared="0" enqueued="0" />
  <references type="phantom" candidates="63" cleared="0" enqueued="0" />
  <stringconstants candidates="4574" cleared="0"  />
</gc-op>
<gc-op id="3128" type="sweep" timems="0.741" contextid="3124" timestamp="2019-07-02T19:53:28.982" />
<mem-info id="3129" free="8114200" total="12517376" percent="64">
  <mem type="tenure" free="8114200" total="12517376" percent="64" micro-fragmented="13133" macro-fragmented="0">
    <mem type="soa" free="8114200" total="12392448" percent="65" />
    <mem type="loa" free="0" total="124928" percent="0" />
  </mem>
</mem-info>
<gc-op id="3130" type="compact" timems="4.998" contextid="3124" timestamp="2019-07-02T19:53:28.988">
  <compact-info movecount="4214" movebytes="102784" reason="compact to aid heap contraction" />
</gc-op>
<heap-resize id="3131" type="contract" space="tenure" amount="65536" count="1" timems="0.071" reason="excess free space following gc" timestamp="2019-07-02T19:53:28.988" />
<gc-end id="3132" type="global" contextid="3124" durationms="8.530" usertimems="16.000" systemtimems="0.000" timestamp="2019-07-02T19:53:28.988" activeThreads="4">
  <mem-info id="3133" free="8053720" total="12451840" percent="64">
    <mem type="tenure" free="8053720" total="12451840" percent="64">
      <mem type="soa" free="8053720" total="12327936" percent="65" />
      <mem type="loa" free="0" total="123904" percent="0" />
    </mem>
  </mem-info>
</gc-end>
<cycle-end id="3134" type="global" contextid="3124" timestamp="2019-07-02T19:53:28.988">
  <attribute name="GC Util" value="140" />
  <attribute name="CPU Util" value="18379658133268" />
  <attribute name="Time Running"value="3793"/>
  <attribute name="Number of cores"value="4"/>
</cycle-end>
<allocation-satisfied id="3135" threadId="000000000223A500" bytesRequested="40" />
<af-end id="3136" timestamp="2019-07-02T19:53:28.988" threadId="000000000223AE88" success="true" />
<exclusive-end id="3137" timestamp="2019-07-02T19:53:28.988" durationms="9.228" />

<exclusive-start id="3138" timestamp="2019-07-02T19:53:28.992" intervalms="13.052">
  <response-info timems="0.027" idlems="0.027" threads="0" lastid="000000000223A500" lastname="Thread-10" />
</exclusive-start>
<af-start id="3139" threadId="000000000223AE88" totalBytesRequested="40" timestamp="2019-07-02T19:53:28.992" intervalms="13.032" />
<cycle-start id="3140" type="global" contextid="0" timestamp="2019-07-02T19:53:28.992" intervalms="13.030" />
  <attribute name="GC Util" value="140" />
  <attribute name="CPU Util" value="18379658133268" />
  <attribute name="Time Running"value="3793"/>
  <attribute name="Number of cores"value="4"/>
<gc-start id="3141" type="global" contextid="3140" timestamp="2019-07-02T19:53:28.993">
  <mem-info id="3142" free="0" total="12451840" percent="0">
    <mem type="tenure" free="0" total="12451840" percent="0">
      <mem type="soa" free="0" total="12327936" percent="0" />
      <mem type="loa" free="0" total="123904" percent="0" />
    </mem>
  </mem-info>
</gc-start>
<allocation-stats totalBytes="8118240" >
  <allocated-bytes non-tlh="0" tlh="8118240" />
  <largest-consumer threadName="Thread-8" threadId="0000000002241D00" bytes="2450168" />
</allocation-stats>
<gc-op id="3143" type="mark" timems="2.123" contextid="3140" timestamp="2019-07-02T19:53:28.995">
  <trace-info objectcount="68161" scancount="60587" scanbytes="2327756" />
  <finalization candidates="124" enqueued="0" />
  <ownableSynchronizers candidates="3" cleared="0" />
  <references type="soft" candidates="84" cleared="0" enqueued="0" dynamicThreshold="20" maxThreshold="32" />
  <references type="weak" candidates="776" cleared="0" enqueued="0" />
  <references type="phantom" candidates="63" cleared="0" enqueued="0" />
  <stringconstants candidates="4574" cleared="0"  />
</gc-op>
<gc-op id="3144" type="sweep" timems="0.708" contextid="3140" timestamp="2019-07-02T19:53:28.996" />
<heap-resize id="3145" type="contract" space="tenure" amount="65536" count="1" timems="0.071" reason="excess free space following gc" timestamp="2019-07-02T19:53:28.996" />
<gc-end id="3146" type="global" contextid="3140" durationms="3.307" usertimems="8.000" systemtimems="0.000" timestamp="2019-07-02T19:53:28.996" activeThreads="4">
  <mem-info id="3147" free="8018840" total="12386304" percent="64">
    <mem type="tenure" free="8018840" total="12386304" percent="64" micro-fragmented="20488" macro-fragmented="0">
      <mem type="soa" free="8018840" total="12263424" percent="65" />
      <mem type="loa" free="0" total="122880" percent="0" />
    </mem>
  </mem-info>
</gc-end>
<cycle-end id="3148" type="global" contextid="3140" timestamp="2019-07-02T19:53:28.996">
  <attribute name="GC Util" value="243" />
  <attribute name="CPU Util" value="8292408156064" />
  <attribute name="Time Running"value="3805"/>
  <attribute name="Number of cores"value="4"/>
</cycle-end>
<allocation-satisfied id="3149" threadId="000000000223A500" bytesRequested="40" />
<af-end id="3150" timestamp="2019-07-02T19:53:28.996" threadId="000000000223AE88" success="true" />
<exclusive-end id="3151" timestamp="2019-07-02T19:53:28.996" durationms="3.902" />

<exclusive-start id="3152" timestamp="2019-07-02T19:53:29.000" intervalms="8.009">
  <response-info timems="0.028" idlems="0.028" threads="0" lastid="000000000223A500" lastname="Thread-10" />
</exclusive-start>
<af-start id="3153" threadId="000000000223AE88" totalBytesRequested="40" timestamp="2019-07-02T19:53:29.000" intervalms="7.965" />
<cycle-start id="3154" type="global" contextid="0" timestamp="2019-07-02T19:53:29.000" intervalms="7.928" />
  <attribute name="GC Util" value="243" />
  <attribute name="CPU Util" value="8292408156064" />
  <attribute name="Time Running"value="3805"/>
  <attribute name="Number of cores"value="4"/>
<gc-start id="3155" type="global" contextid="3154" timestamp="2019-07-02T19:53:29.000">
  <mem-info id="3156" free="0" total="12386304" percent="0">
    <mem type="tenure" free="0" total="12386304" percent="0">
      <mem type="soa" free="0" total="12263424" percent="0" />
      <mem type="loa" free="0" total="122880" percent="0" />
    </mem>
  </mem-info>
</gc-start>
<allocation-stats totalBytes="8017888" >
  <allocated-bytes non-tlh="0" tlh="8017888" />
  <largest-consumer threadName="Thread-8" threadId="0000000002241D00" bytes="2599960" />
</allocation-stats>
<gc-op id="3157" type="mark" timems="1.889" contextid="3154" timestamp="2019-07-02T19:53:29.002">
  <trace-info objectcount="68657" scancount="61073" scanbytes="2339516" />
  <finalization candidates="124" enqueued="0" />
  <ownableSynchronizers candidates="3" cleared="0" />
  <references type="soft" candidates="84" cleared="0" enqueued="0" dynamicThreshold="20" maxThreshold="32" />
  <references type="weak" candidates="776" cleared="0" enqueued="0" />
  <references type="phantom" candidates="63" cleared="0" enqueued="0" />
  <stringconstants candidates="4574" cleared="0"  />
</gc-op>
<gc-op id="3158" type="sweep" timems="0.722" contextid="3154" timestamp="2019-07-02T19:53:29.003" />
<heap-resize id="3159" type="contract" space="tenure" amount="65536" count="1" timems="0.075" reason="excess free space following gc" timestamp="2019-07-02T19:53:29.003" />
<gc-end id="3160" type="global" contextid="3154" durationms="3.145" usertimems="8.000" systemtimems="0.000" timestamp="2019-07-02T19:53:29.004" activeThreads="4">
  <mem-info id="3161" free="7933176" total="12320768" percent="64">
    <mem type="tenure" free="7933176" total="12320768" percent="64" micro-fragmented="23162" macro-fragmented="0">
      <mem type="soa" free="7933176" total="12197888" percent="65" />
      <mem type="loa" free="0" total="122880" percent="0" />
    </mem>
  </mem-info>
</gc-end>
<cycle-end id="3162" type="global" contextid="3154" timestamp="2019-07-02T19:53:29.004">
  <attribute name="GC Util" value="247" />
  <attribute name="CPU Util" value="9297636816241" />
  <attribute name="Time Running"value="3813"/>
  <attribute name="Number of cores"value="4"/>
</cycle-end>
<allocation-satisfied id="3163" threadId="000000000223A500" bytesRequested="40" />
<af-end id="3164" timestamp="2019-07-02T19:53:29.004" threadId="000000000223AE88" success="true" />
<exclusive-end id="3165" timestamp="2019-07-02T19:53:29.004" durationms="3.753" />

<exclusive-start id="3166" timestamp="2019-07-02T19:53:29.009" intervalms="8.329">
  <response-info timems="0.020" idlems="0.018" threads="1" lastid="000000000223E100" lastname="Thread-9" />
</exclusive-start>
<af-start id="3167" threadId="000000000223AE88" totalBytesRequested="40" timestamp="2019-07-02T19:53:29.009" intervalms="8.370" />
<cycle-start id="3168" type="global" contextid="0" timestamp="2019-07-02T19:53:29.009" intervalms="8.407" />
  <attribute name="GC Util" value="247" />
  <attribute name="CPU Util" value="9297636816241" />
  <attribute name="Time Running"value="3813"/>
  <attribute name="Number of cores"value="4"/>
<gc-start id="3169" type="global" contextid="3168" timestamp="2019-07-02T19:53:29.009">
  <mem-info id="3170" free="0" total="12320768" percent="0">
    <mem type="tenure" free="0" total="12320768" percent="0">
      <mem type="soa" free="0" total="12197888" percent="0" />
      <mem type="loa" free="0" total="122880" percent="0" />
    </mem>
  </mem-info>
</gc-start>
<allocation-stats totalBytes="7928608" >
  <allocated-bytes non-tlh="0" tlh="7928608" />
  <largest-consumer threadName="Thread-8" threadId="0000000002241D00" bytes="2135872" />
</allocation-stats>
<gc-op id="3171" type="mark" timems="2.048" contextid="3168" timestamp="2019-07-02T19:53:29.011">
  <trace-info objectcount="64414" scancount="56831" scanbytes="2237236" />
  <finalization candidates="124" enqueued="0" />
  <ownableSynchronizers candidates="3" cleared="0" />
  <references type="soft" candidates="84" cleared="0" enqueued="0" dynamicThreshold="20" maxThreshold="32" />
  <references type="weak" candidates="776" cleared="0" enqueued="0" />
  <references type="phantom" candidates="63" cleared="0" enqueued="0" />
  <stringconstants candidates="4574" cleared="0"  />
</gc-op>
<gc-op id="3172" type="sweep" timems="0.740" contextid="3168" timestamp="2019-07-02T19:53:29.012" />
<heap-resize id="3173" type="contract" space="tenure" amount="65536" count="1" timems="0.075" reason="excess free space following gc" timestamp="2019-07-02T19:53:29.012" />
<gc-end id="3174" type="global" contextid="3168" durationms="3.330" usertimems="8.000" systemtimems="0.000" timestamp="2019-07-02T19:53:29.012" activeThreads="4">
  <mem-info id="3175" free="7867560" total="12255232" percent="64">
    <mem type="tenure" free="7867560" total="12255232" percent="64" micro-fragmented="124721" macro-fragmented="0">
      <mem type="soa" free="7867560" total="12133376" percent="64" />
      <mem type="loa" free="0" total="121856" percent="0" />
    </mem>
  </mem-info>
</gc-end>
<cycle-end id="3176" type="global" contextid="3168" timestamp="2019-07-02T19:53:29.012">
  <attribute name="GC Util" value="248" />
  <attribute name="CPU Util" value="8625814340457" />
  <attribute name="Time Running"value="3821"/>
  <attribute name="Number of cores"value="4"/>
</cycle-end>
<allocation-satisfied id="3177" threadId="000000000223A500" bytesRequested="40" />
<af-end id="3178" timestamp="2019-07-02T19:53:29.013" threadId="000000000223AE88" success="true" />
<exclusive-end id="3179" timestamp="2019-07-02T19:53:29.013" durationms="4.066" />

<exclusive-start id="3180" timestamp="2019-07-02T19:53:29.017" intervalms="8.256">
  <response-info timems="0.028" idlems="0.026" threads="1" lastid="000000000223E100" lastname="Thread-9" />
</exclusive-start>
<af-start id="3181" threadId="000000000223AE88" totalBytesRequested="40" timestamp="2019-07-02T19:53:29.017" intervalms="8.224" />
<cycle-start id="3182" type="global" contextid="0" timestamp="2019-07-02T19:53:29.017" intervalms="8.226" />
  <attribute name="GC Util" value="248" />
  <attribute name="CPU Util" value="8625814340457" />
  <attribute name="Time Running"value="3821"/>
  <attribute name="Number of cores"value="4"/>
<gc-start id="3183" type="global" contextid="3182" timestamp="2019-07-02T19:53:29.017">
  <mem-info id="3184" free="0" total="12255232" percent="0">
    <mem type="tenure" free="0" total="12255232" percent="0">
      <mem type="soa" free="0" total="12133376" percent="0" />
      <mem type="loa" free="0" total="121856" percent="0" />
    </mem>
  </mem-info>
</gc-start>
<allocation-stats totalBytes="7863288" >
  <allocated-bytes non-tlh="0" tlh="7863288" />
  <largest-consumer threadName="Thread-7" threadId="0000000002245900" bytes="2226936" />
</allocation-stats>
<gc-op id="3185" type="mark" timems="2.092" contextid="3182" timestamp="2019-07-02T19:53:29.019">
  <trace-info objectcount="65137" scancount="57558" scanbytes="2255220" />
  <finalization candidates="124" enqueued="0" />
  <ownableSynchronizers candidates="3" cleared="0" />
  <references type="soft" candidates="84" cleared="0" enqueued="0" dynamicThreshold="20" maxThreshold="32" />
  <references type="weak" candidates="776" cleared="0" enqueued="0" />
  <references type="phantom" candidates="63" cleared="0" enqueued="0" />
  <stringconstants candidates="4574" cleared="0"  />
</gc-op>
<gc-op id="3186" type="sweep" timems="0.748" contextid="3182" timestamp="2019-07-02T19:53:29.020" />
<mem-info id="3187" free="7813352" total="12255232" percent="63">
  <mem type="tenure" free="7813352" total="12255232" percent="63" micro-fragmented="126513" macro-fragmented="0">
    <mem type="soa" free="7813352" total="12133376" percent="64" />
    <mem type="loa" free="0" total="121856" percent="0" />
  </mem>
</mem-info>
<gc-op id="3188" type="compact" timems="5.475" contextid="3182" timestamp="2019-07-02T19:53:29.026">
  <compact-info movecount="25390" movebytes="1160688" reason="compact to aid heap contraction" />
</gc-op>
<heap-resize id="3189" type="contract" space="tenure" amount="65536" count="1" timems="0.075" reason="excess free space following gc" timestamp="2019-07-02T19:53:29.026" />
<gc-end id="3190" type="global" contextid="3182" durationms="9.218" usertimems="12.000" systemtimems="4.000" timestamp="2019-07-02T19:53:29.026" activeThreads="4">
  <mem-info id="3191" free="7917568" total="12189696" percent="64">
    <mem type="tenure" free="7917568" total="12189696" percent="64">
      <mem type="soa" free="7852032" total="12067840" percent="65" />
      <mem type="loa" free="65536" total="121856" percent="53" />
    </mem>
  </mem-info>
</gc-end>
<cycle-end id="3192" type="global" contextid="3182" timestamp="2019-07-02T19:53:29.027">
  <attribute name="GC Util" value="152" />
  <attribute name="CPU Util" value="18949512343204" />
  <attribute name="Time Running"value="3831"/>
  <attribute name="Number of cores"value="4"/>
</cycle-end>
<allocation-satisfied id="3193" threadId="000000000223A500" bytesRequested="40" />
<af-end id="3194" timestamp="2019-07-02T19:53:29.027" threadId="000000000223AE88" success="true" />
<exclusive-end id="3195" timestamp="2019-07-02T19:53:29.027" durationms="10.032" />

<exclusive-start id="3196" timestamp="2019-07-02T19:53:29.031" intervalms="14.313">
  <response-info timems="0.028" idlems="0.028" threads="0" lastid="0000000002241D00" lastname="Thread-8" />
</exclusive-start>
<af-start id="3197" threadId="0000000002242688" totalBytesRequested="24" timestamp="2019-07-02T19:53:29.031" intervalms="14.320" />
<cycle-start id="3198" type="global" contextid="0" timestamp="2019-07-02T19:53:29.031" intervalms="14.328" />
  <attribute name="GC Util" value="152" />
  <attribute name="CPU Util" value="18949512343204" />
  <attribute name="Time Running"value="3831"/>
  <attribute name="Number of cores"value="4"/>
<gc-start id="3199" type="global" contextid="3198" timestamp="2019-07-02T19:53:29.031">
  <mem-info id="3200" free="65536" total="12189696" percent="0">
    <mem type="tenure" free="65536" total="12189696" percent="0">
      <mem type="soa" free="0" total="12067840" percent="0" />
      <mem type="loa" free="65536" total="121856" percent="53" />
    </mem>
  </mem-info>
</gc-start>
<allocation-stats totalBytes="7916232" >
  <allocated-bytes non-tlh="0" tlh="7916232" />
  <largest-consumer threadName="Thread-10" threadId="000000000223A500" bytes="2326176" />
</allocation-stats>
<gc-op id="3201" type="mark" timems="1.201" contextid="3198" timestamp="2019-07-02T19:53:29.033">
  <trace-info objectcount="65658" scancount="58083" scanbytes="2267788" />
  <finalization candidates="124" enqueued="0" />
  <ownableSynchronizers candidates="3" cleared="0" />
  <references type="soft" candidates="84" cleared="0" enqueued="0" dynamicThreshold="20" maxThreshold="32" />
  <references type="weak" candidates="776" cleared="0" enqueued="0" />
  <references type="phantom" candidates="63" cleared="0" enqueued="0" />
  <stringconstants candidates="4574" cleared="0"  />
</gc-op>
<gc-op id="3202" type="sweep" timems="0.242" contextid="3198" timestamp="2019-07-02T19:53:29.033" />
<heap-resize id="3203" type="contract" space="tenure" amount="65536" count="1" timems="0.092" reason="excess free space following gc" timestamp="2019-07-02T19:53:29.033" />
<gc-end id="3204" type="global" contextid="3198" durationms="2.056" usertimems="0.000" systemtimems="4.000" timestamp="2019-07-02T19:53:29.034" activeThreads="4">
  <mem-info id="3205" free="7819984" total="12124160" percent="64">
    <mem type="tenure" free="7819984" total="12124160" percent="64" micro-fragmented="10004" macro-fragmented="0">
      <mem type="soa" free="7819984" total="12003328" percent="65" />
      <mem type="loa" free="0" total="120832" percent="0" />
    </mem>
  </mem-info>
</gc-end>
<cycle-end id="3206" type="global" contextid="3198" timestamp="2019-07-02T19:53:29.034">
  <attribute name="GC Util" value="188" />
  <attribute name="CPU Util" value="14281114232368" />
  <attribute name="Time Running"value="3843"/>
  <attribute name="Number of cores"value="4"/>
</cycle-end>
<allocation-satisfied id="3207" threadId="0000000002241D00" bytesRequested="24" />
<af-end id="3208" timestamp="2019-07-02T19:53:29.034" threadId="0000000002242688" success="true" />
<exclusive-end id="3209" timestamp="2019-07-02T19:53:29.034" durationms="2.852" />

<exclusive-start id="3210" timestamp="2019-07-02T19:53:29.038" intervalms="7.150">
  <response-info timems="0.021" idlems="0.021" threads="0" lastid="0000000002241D00" lastname="Thread-8" />
</exclusive-start>
<af-start id="3211" threadId="0000000002242688" totalBytesRequested="24" timestamp="2019-07-02T19:53:29.038" intervalms="7.205" />
<cycle-start id="3212" type="global" contextid="0" timestamp="2019-07-02T19:53:29.039" intervalms="7.236" />
  <attribute name="GC Util" value="188" />
  <attribute name="CPU Util" value="14281114232368" />
  <attribute name="Time Running"value="3843"/>
  <attribute name="Number of cores"value="4"/>
<gc-start id="3213" type="global" contextid="3212" timestamp="2019-07-02T19:53:29.039">
  <mem-info id="3214" free="0" total="12124160" percent="0">
    <mem type="tenure" free="0" total="12124160" percent="0">
      <mem type="soa" free="0" total="12003328" percent="0" />
      <mem type="loa" free="0" total="120832" percent="0" />
    </mem>
  </mem-info>
</gc-start>
<allocation-stats totalBytes="7818064" >
  <allocated-bytes non-tlh="0" tlh="7818064" />
  <largest-consumer threadName="Thread-8" threadId="0000000002241D00" bytes="2079856" />
</allocation-stats>
<gc-op id="3215" type="mark" timems="1.052" contextid="3212" timestamp="2019-07-02T19:53:29.040">
  <trace-info objectcount="66254" scancount="58678" scanbytes="2281548" />
  <finalization candidates="124" enqueued="0" />
  <ownableSynchronizers candidates="3" cleared="0" />
  <references type="soft" candidates="84" cleared="0" enqueued="0" dynamicThreshold="20" maxThreshold="32" />
  <references type="weak" candidates="776" cleared="0" enqueued="0" />
  <references type="phantom" candidates="63" cleared="0" enqueued="0" />
  <stringconstants candidates="4574" cleared="0"  />
</gc-op>
<gc-op id="3216" type="sweep" timems="0.253" contextid="3212" timestamp="2019-07-02T19:53:29.040" />
<heap-resize id="3217" type="contract" space="tenure" amount="65536" count="1" timems="0.093" reason="excess free space following gc" timestamp="2019-07-02T19:53:29.040" />
<gc-end id="3218" type="global" contextid="3212" durationms="1.799" usertimems="4.000" systemtimems="0.000" timestamp="2019-07-02T19:53:29.040" activeThreads="4">
  <mem-info id="3219" free="7740504" total="12058624" percent="64">
    <mem type="tenure" free="7740504" total="12058624" percent="64" micro-fragmented="8221" macro-fragmented="0">
      <mem type="soa" free="7740504" total="11938816" percent="64" />
      <mem type="loa" free="0" total="119808" percent="0" />
    </mem>
  </mem-info>
</gc-end>
<cycle-end id="3220" type="global" contextid="3212" timestamp="2019-07-02T19:53:29.041">
  <attribute name="GC Util" value="212" />
  <attribute name="CPU Util" value="16546005008810" />
  <attribute name="Time Running"value="3850"/>
  <attribute name="Number of cores"value="4"/>
</cycle-end>
<allocation-satisfied id="3221" threadId="0000000002241D00" bytesRequested="24" />
<af-end id="3222" timestamp="2019-07-02T19:53:29.041" threadId="0000000002242688" success="true" />
<exclusive-end id="3223" timestamp="2019-07-02T19:53:29.041" durationms="2.526" />

<exclusive-start id="3224" timestamp="2019-07-02T19:53:29.045" intervalms="6.649">
  <response-info timems="0.029" idlems="0.026" threads="1" lastid="0000000002245900" lastname="Thread-7" />
</exclusive-start>
<af-start id="3225" threadId="0000000002242688" totalBytesRequested="40" timestamp="2019-07-02T19:53:29.045" intervalms="6.607" />
<cycle-start id="3226" type="global" contextid="0" timestamp="2019-07-02T19:53:29.045" intervalms="6.532" />
  <attribute name="GC Util" value="212" />
  <attribute name="CPU Util" value="16546005008810" />
  <attribute name="Time Running"value="3850"/>
  <attribute name="Number of cores"value="4"/>
<gc-start id="3227" type="global" contextid="3226" timestamp="2019-07-02T19:53:29.045">
  <mem-info id="3228" free="0" total="12058624" percent="0">
    <mem type="tenure" free="0" total="12058624" percent="0">
      <mem type="soa" free="0" total="11938816" percent="0" />
      <mem type="loa" free="0" total="119808" percent="0" />
    </mem>
  </mem-info>
</gc-start>
<allocation-stats totalBytes="7734960" >
  <allocated-bytes non-tlh="0" tlh="7734960" />
  <largest-consumer threadName="Thread-7" threadId="0000000002245900" bytes="2125584" />
</allocation-stats>
<gc-op id="3229" type="mark" timems="1.210" contextid="3226" timestamp="2019-07-02T19:53:29.047">
  <trace-info objectcount="67083" scancount="59498" scanbytes="2301476" />
  <finalization candidates="124" enqueued="0" />
  <ownableSynchronizers candidates="3" cleared="0" />
  <references type="soft" candidates="84" cleared="0" enqueued="0" dynamicThreshold="20" maxThreshold="32" />
  <references type="weak" candidates="776" cleared="0" enqueued="0" />
  <references type="phantom" candidates="63" cleared="0" enqueued="0" />
  <stringconstants candidates="4574" cleared="0"  />
</gc-op>
<gc-op id="3230" type="sweep" timems="0.276" contextid="3226" timestamp="2019-07-02T19:53:29.047" />
<mem-info id="3231" free="7689720" total="12058624" percent="63">
  <mem type="tenure" free="7689720" total="12058624" percent="63" micro-fragmented="51146" macro-fragmented="0">
    <mem type="soa" free="7689720" total="11938816" percent="64" />
    <mem type="loa" free="0" total="119808" percent="0" />
  </mem>
</mem-info>
<gc-op id="3232" type="compact" timems="3.265" contextid="3226" timestamp="2019-07-02T19:53:29.050">
  <compact-info movecount="8525" movebytes="343352" reason="compact to aid heap contraction" />
</gc-op>
<heap-resize id="3233" type="contract" space="tenure" amount="65536" count="1" timems="0.081" reason="excess free space following gc" timestamp="2019-07-02T19:53:29.051" />
<gc-end id="3234" type="global" contextid="3226" durationms="5.600" usertimems="8.000" systemtimems="0.000" timestamp="2019-07-02T19:53:29.051" activeThreads="4">
  <mem-info id="3235" free="7676752" total="11993088" percent="64">
    <mem type="tenure" free="7676752" total="11993088" percent="64">
      <mem type="soa" free="7611216" total="11873280" percent="64" />
      <mem type="loa" free="65536" total="119808" percent="54" />
    </mem>
  </mem-info>
</gc-end>
<cycle-end id="3236" type="global" contextid="3226" timestamp="2019-07-02T19:53:29.051">
  <attribute name="GC Util" value="16" />
  <attribute name="CPU Util" value="38013283051792" />
  <attribute name="Time Running"value="3857"/>
  <attribute name="Number of cores"value="4"/>
</cycle-end>
<allocation-satisfied id="3237" threadId="0000000002241D00" bytesRequested="40" />
<af-end id="3238" timestamp="2019-07-02T19:53:29.051" threadId="0000000002242688" success="true" />
<exclusive-end id="3239" timestamp="2019-07-02T19:53:29.051" durationms="6.294" />

<exclusive-start id="3240" timestamp="2019-07-02T19:53:29.056" intervalms="10.608">
  <response-info timems="0.022" idlems="0.022" threads="0" lastid="0000000002241D00" lastname="Thread-8" />
</exclusive-start>
<af-start id="3241" threadId="0000000002242688" totalBytesRequested="40" timestamp="2019-07-02T19:53:29.056" intervalms="10.653" />
<cycle-start id="3242" type="global" contextid="0" timestamp="2019-07-02T19:53:29.056" intervalms="10.726" />
  <attribute name="GC Util" value="16" />
  <attribute name="CPU Util" value="38013283051792" />
  <attribute name="Time Running"value="3857"/>
  <attribute name="Number of cores"value="4"/>
<gc-start id="3243" type="global" contextid="3242" timestamp="2019-07-02T19:53:29.056">
  <mem-info id="3244" free="65536" total="11993088" percent="0">
    <mem type="tenure" free="65536" total="11993088" percent="0">
      <mem type="soa" free="0" total="11873280" percent="0" />
      <mem type="loa" free="65536" total="119808" percent="54" />
    </mem>
  </mem-info>
</gc-start>
<allocation-stats totalBytes="7675552" >
  <allocated-bytes non-tlh="0" tlh="7675552" />
  <largest-consumer threadName="Thread-8" threadId="0000000002241D00" bytes="2064008" />
</allocation-stats>
<gc-op id="3245" type="mark" timems="1.091" contextid="3242" timestamp="2019-07-02T19:53:29.057">
  <trace-info objectcount="67484" scancount="59906" scanbytes="2311572" />
  <finalization candidates="124" enqueued="0" />
  <ownableSynchronizers candidates="3" cleared="0" />
  <references type="soft" candidates="84" cleared="0" enqueued="0" dynamicThreshold="20" maxThreshold="32" />
  <references type="weak" candidates="776" cleared="0" enqueued="0" />
  <references type="phantom" candidates="63" cleared="0" enqueued="0" />
  <stringconstants candidates="4574" cleared="0"  />
</gc-op>
<gc-op id="3246" type="sweep" timems="0.223" contextid="3242" timestamp="2019-07-02T19:53:29.058" />
<heap-resize id="3247" type="contract" space="tenure" amount="65536" count="1" timems="0.080" reason="excess free space following gc" timestamp="2019-07-02T19:53:29.058" />
<gc-end id="3248" type="global" contextid="3242" durationms="1.920" usertimems="4.000" systemtimems="0.000" timestamp="2019-07-02T19:53:29.058" activeThreads="4">
  <mem-info id="3249" free="7583936" total="11927552" percent="63">
    <mem type="tenure" free="7583936" total="11927552" percent="63" micro-fragmented="11579" macro-fragmented="0">
      <mem type="soa" free="7583936" total="11808768" percent="64" />
      <mem type="loa" free="0" total="118784" percent="0" />
    </mem>
  </mem-info>
</gc-end>
<cycle-end id="3250" type="global" contextid="3242" timestamp="2019-07-02T19:53:29.058">
  <attribute name="GC Util" value="202" />
  <attribute name="CPU Util" value="15503810559629" />
  <attribute name="Time Running"value="3868"/>
  <attribute name="Number of cores"value="4"/>
</cycle-end>
<allocation-satisfied id="3251" threadId="0000000002241D00" bytesRequested="40" />
<af-end id="3252" timestamp="2019-07-02T19:53:29.058" threadId="0000000002242688" success="true" />
<exclusive-end id="3253" timestamp="2019-07-02T19:53:29.058" durationms="2.727" />

<exclusive-start id="3254" timestamp="2019-07-02T19:53:29.063" intervalms="6.977">
  <response-info timems="0.021" idlems="0.021" threads="0" lastid="000000000223A500" lastname="Thread-10" />
</exclusive-start>
<af-start id="3255" threadId="000000000223AE88" totalBytesRequested="40" timestamp="2019-07-02T19:53:29.063" intervalms="6.989" />
<cycle-start id="3256" type="global" contextid="0" timestamp="2019-07-02T19:53:29.063" intervalms="6.993" />
  <attribute name="GC Util" value="202" />
  <attribute name="CPU Util" value="15503810559629" />
  <attribute name="Time Running"value="3868"/>
  <attribute name="Number of cores"value="4"/>
<gc-start id="3257" type="global" contextid="3256" timestamp="2019-07-02T19:53:29.063">
  <mem-info id="3258" free="0" total="11927552" percent="0">
    <mem type="tenure" free="0" total="11927552" percent="0">
      <mem type="soa" free="0" total="11808768" percent="0" />
      <mem type="loa" free="0" total="118784" percent="0" />
    </mem>
  </mem-info>
</gc-start>
<allocation-stats totalBytes="7583208" >
  <allocated-bytes non-tlh="0" tlh="7583208" />
  <largest-consumer threadName="Thread-8" threadId="0000000002241D00" bytes="2122576" />
</allocation-stats>
<gc-op id="3259" type="mark" timems="2.229" contextid="3256" timestamp="2019-07-02T19:53:29.065">
  <trace-info objectcount="67797" scancount="60216" scanbytes="2319012" />
  <finalization candidates="124" enqueued="0" />
  <ownableSynchronizers candidates="3" cleared="0" />
  <references type="soft" candidates="84" cleared="0" enqueued="0" dynamicThreshold="20" maxThreshold="32" />
  <references type="weak" candidates="776" cleared="0" enqueued="0" />
  <references type="phantom" candidates="63" cleared="0" enqueued="0" />
  <stringconstants candidates="4574" cleared="0"  />
</gc-op>
<gc-op id="3260" type="sweep" timems="0.719" contextid="3256" timestamp="2019-07-02T19:53:29.066" />
<heap-resize id="3261" type="contract" space="tenure" amount="65536" count="1" timems="0.066" reason="excess free space following gc" timestamp="2019-07-02T19:53:29.066" />
<gc-end id="3262" type="global" contextid="3256" durationms="3.510" usertimems="4.000" systemtimems="4.000" timestamp="2019-07-02T19:53:29.066" activeThreads="4">
  <mem-info id="3263" free="7492568" total="11862016" percent="63">
    <mem type="tenure" free="7492568" total="11862016" percent="63" micro-fragmented="20035" macro-fragmented="0">
      <mem type="soa" free="7492568" total="11744256" percent="63" />
      <mem type="loa" free="0" total="117760" percent="0" />
    </mem>
  </mem-info>
</gc-end>
<cycle-end id="3264" type="global" contextid="3256" timestamp="2019-07-02T19:53:29.067">
  <attribute name="GC Util" value="249" />
  <attribute name="CPU Util" value="7949024134973" />
  <attribute name="Time Running"value="3876"/>
  <attribute name="Number of cores"value="4"/>
</cycle-end>
<allocation-satisfied id="3265" threadId="000000000223A500" bytesRequested="40" />
<af-end id="3266" timestamp="2019-07-02T19:53:29.067" threadId="000000000223AE88" success="true" />
<exclusive-end id="3267" timestamp="2019-07-02T19:53:29.067" durationms="4.167" />

<exclusive-start id="3268" timestamp="2019-07-02T19:53:29.071" intervalms="8.186">
  <response-info timems="0.022" idlems="0.022" threads="0" lastid="0000000002245900" lastname="Thread-7" />
</exclusive-start>
<af-start id="3269" threadId="0000000002246288" totalBytesRequested="40" timestamp="2019-07-02T19:53:29.071" intervalms="8.147" />
<cycle-start id="3270" type="global" contextid="0" timestamp="2019-07-02T19:53:29.071" intervalms="8.106" />
  <attribute name="GC Util" value="249" />
  <attribute name="CPU Util" value="7949024134973" />
  <attribute name="Time Running"value="3876"/>
  <attribute name="Number of cores"value="4"/>
<gc-start id="3271" type="global" contextid="3270" timestamp="2019-07-02T19:53:29.071">
  <mem-info id="3272" free="0" total="11862016" percent="0">
    <mem type="tenure" free="0" total="11862016" percent="0">
      <mem type="soa" free="0" total="11744256" percent="0" />
      <mem type="loa" free="0" total="117760" percent="0" />
    </mem>
  </mem-info>
</gc-start>
<allocation-stats totalBytes="7489048" >
  <allocated-bytes non-tlh="0" tlh="7489048" />
  <largest-consumer threadName="Thread-7" threadId="0000000002245900" bytes="2066696" />
</allocation-stats>
<gc-op id="3273" type="mark" timems="2.196" contextid="3270" timestamp="2019-07-02T19:53:29.073">
  <trace-info objectcount="68316" scancount="60750" scanbytes="2331196" />
  <finalization candidates="124" enqueued="0" />
  <ownableSynchronizers candidates="3" cleared="0" />
  <references type="soft" candidates="84" cleared="0" enqueued="0" dynamicThreshold="20" maxThreshold="32" />
  <references type="weak" candidates="776" cleared="0" enqueued="0" />
  <references type="phantom" candidates="63" cleared="0" enqueued="0" />
  <stringconstants candidates="4574" cleared="0"  />
</gc-op>
<gc-op id="3274" type="sweep" timems="0.722" contextid="3270" timestamp="2019-07-02T19:53:29.074" />
<heap-resize id="3275" type="contract" space="tenure" amount="65536" count="1" timems="0.068" reason="excess free space following gc" timestamp="2019-07-02T19:53:29.074" />
<gc-end id="3276" type="global" contextid="3270" durationms="3.473" usertimems="8.000" systemtimems="0.000" timestamp="2019-07-02T19:53:29.075" activeThreads="4">
  <mem-info id="3277" free="7404496" total="11796480" percent="62">
    <mem type="tenure" free="7404496" total="11796480" percent="62" micro-fragmented="9005" macro-fragmented="0">
      <mem type="soa" free="7404496" total="11678720" percent="63" />
      <mem type="loa" free="0" total="117760" percent="0" />
    </mem>
  </mem-info>
</gc-end>
<cycle-end id="3278" type="global" contextid="3270" timestamp="2019-07-02T19:53:29.075">
  <attribute name="GC Util" value="231" />
  <attribute name="CPU Util" value="8061412092418" />
  <attribute name="Time Running"value="3884"/>
  <attribute name="Number of cores"value="4"/>
</cycle-end>
<allocation-satisfied id="3279" threadId="0000000002245900" bytesRequested="40" />
<af-end id="3280" timestamp="2019-07-02T19:53:29.075" threadId="0000000002246288" success="true" />
<exclusive-end id="3281" timestamp="2019-07-02T19:53:29.075" durationms="4.152" />

<exclusive-start id="3282" timestamp="2019-07-02T19:53:29.079" intervalms="8.298">
  <response-info timems="0.017" idlems="0.017" threads="0" lastid="000000000223A500" lastname="Thread-10" />
</exclusive-start>
<af-start id="3283" threadId="000000000223AE88" totalBytesRequested="40" timestamp="2019-07-02T19:53:29.079" intervalms="8.257" />
<cycle-start id="3284" type="global" contextid="0" timestamp="2019-07-02T19:53:29.079" intervalms="8.220" />
  <attribute name="GC Util" value="231" />
  <attribute name="CPU Util" value="8061412092418" />
  <attribute name="Time Running"value="3884"/>
  <attribute name="Number of cores"value="4"/>
<gc-start id="3285" type="global" contextid="3284" timestamp="2019-07-02T19:53:29.079">
  <mem-info id="3286" free="0" total="11796480" percent="0">
    <mem type="tenure" free="0" total="11796480" percent="0">
      <mem type="soa" free="0" total="11678720" percent="0" />
      <mem type="loa" free="0" total="117760" percent="0" />
    </mem>
  </mem-info>
</gc-start>
<allocation-stats totalBytes="7398792" >
  <allocated-bytes non-tlh="0" tlh="7398792" />
  <largest-consumer threadName="Thread-8" threadId="0000000002241D00" bytes="1935704" />
</allocation-stats>
<gc-op id="3287" type="mark" timems="1.922" contextid="3284" timestamp="2019-07-02T19:53:29.081">
  <trace-info objectcount="68953" scancount="61372" scanbytes="2346516" />
  <finalization candidates="124" enqueued="0" />
  <ownableSynchronizers candidates="3" cleared="0" />
  <references type="soft" candidates="84" cleared="0" enqueued="0" dynamicThreshold="20" maxThreshold="32" />
  <references type="weak" candidates="776" cleared="0" enqueued="0" />
  <references type="phantom" candidates="63" cleared="0" enqueued="0" />
  <stringconstants candidates="4574" cleared="0"  />
</gc-op>
<gc-op id="3288" type="sweep" timems="0.768" contextid="3284" timestamp="2019-07-02T19:53:29.082" />
<heap-resize id="3289" type="contract" space="tenure" amount="65536" count="1" timems="0.086" reason="excess free space following gc" timestamp="2019-07-02T19:53:29.082" />
<gc-end id="3290" type="global" contextid="3284" durationms="3.263" usertimems="0.000" systemtimems="8.000" timestamp="2019-07-02T19:53:29.083" activeThreads="4">
  <mem-info id="3291" free="7285616" total="11730944" percent="62">
    <mem type="tenure" free="7285616" total="11730944" percent="62" micro-fragmented="41312" macro-fragmented="0">
      <mem type="soa" free="7285616" total="11614208" percent="62" />
      <mem type="loa" free="0" total="116736" percent="0" />
    </mem>
  </mem-info>
</gc-end>
<cycle-end id="3292" type="global" contextid="3284" timestamp="2019-07-02T19:53:29.083">
  <attribute name="GC Util" value="245" />
  <attribute name="CPU Util" value="9122860819867" />
  <attribute name="Time Running"value="3892"/>
  <attribute name="Number of cores"value="4"/>
</cycle-end>
<allocation-satisfied id="3293" threadId="000000000223A500" bytesRequested="40" />
<af-end id="3294" timestamp="2019-07-02T19:53:29.083" threadId="000000000223AE88" success="true" />
<exclusive-end id="3295" timestamp="2019-07-02T19:53:29.083" durationms="3.952" />

<exclusive-start id="3296" timestamp="2019-07-02T19:53:29.087" intervalms="7.924">
  <response-info timems="0.022" idlems="0.022" threads="0" lastid="0000000002241D00" lastname="Thread-8" />
</exclusive-start>
<af-start id="3297" threadId="0000000002242688" totalBytesRequested="24" timestamp="2019-07-02T19:53:29.087" intervalms="7.984" />
<cycle-start id="3298" type="global" contextid="0" timestamp="2019-07-02T19:53:29.087" intervalms="8.028" />
  <attribute name="GC Util" value="245" />
  <attribute name="CPU Util" value="9122860819867" />
  <attribute name="Time Running"value="3892"/>
  <attribute name="Number of cores"value="4"/>
<gc-start id="3299" type="global" contextid="3298" timestamp="2019-07-02T19:53:29.087">
  <mem-info id="3300" free="0" total="11730944" percent="0">
    <mem type="tenure" free="0" total="11730944" percent="0">
      <mem type="soa" free="0" total="11614208" percent="0" />
      <mem type="loa" free="0" total="116736" percent="0" />
    </mem>
  </mem-info>
</gc-start>
<allocation-stats totalBytes="7276464" >
  <allocated-bytes non-tlh="0" tlh="7276464" />
  <largest-consumer threadName="Thread-10" threadId="000000000223A500" bytes="2201256" />
</allocation-stats>
<gc-op id="3301" type="mark" timems="1.099" contextid="3298" timestamp="2019-07-02T19:53:29.089">
  <trace-info objectcount="69940" scancount="62373" scanbytes="2370348" />
  <finalization candidates="124" enqueued="0" />
  <ownableSynchronizers candidates="3" cleared="0" />
  <references type="soft" candidates="84" cleared="0" enqueued="0" dynamicThreshold="19" maxThreshold="32" />
  <references type="weak" candidates="776" cleared="0" enqueued="0" />
  <references type="phantom" candidates="63" cleared="0" enqueued="0" />
  <stringconstants candidates="4574" cleared="0"  />
</gc-op>
<gc-op id="3302" type="sweep" timems="0.299" contextid="3298" timestamp="2019-07-02T19:53:29.089" />
<mem-info id="3303" free="7332216" total="11730944" percent="62">
  <mem type="tenure" free="7332216" total="11730944" percent="62" micro-fragmented="2313" macro-fragmented="0">
    <mem type="soa" free="7233448" total="11614208" percent="62" />
    <mem type="loa" free="98768" total="116736" percent="84" />
  </mem>
</mem-info>
<gc-op id="3304" type="compact" timems="3.031" contextid="3298" timestamp="2019-07-02T19:53:29.092">
  <compact-info movecount="5295" movebytes="128760" reason="compact to aid heap contraction" />
</gc-op>
<heap-resize id="3305" type="contract" space="tenure" amount="65536" count="1" timems="0.079" reason="excess free space following gc" timestamp="2019-07-02T19:53:29.092" />
<gc-end id="3306" type="global" contextid="3298" durationms="5.149" usertimems="8.000" systemtimems="0.000" timestamp="2019-07-02T19:53:29.092" activeThreads="4">
  <mem-info id="3307" free="7218760" total="11665408" percent="61">
    <mem type="tenure" free="7218760" total="11665408" percent="61">
      <mem type="soa" free="7218760" total="11549696" percent="62" />
      <mem type="loa" free="0" total="115712" percent="0" />
    </mem>
  </mem-info>
</gc-end>
<cycle-end id="3308" type="global" contextid="3298" timestamp="2019-07-02T19:53:29.093">
  <attribute name="GC Util" value="15" />
  <attribute name="CPU Util" value="38244513434457" />
  <attribute name="Time Running"value="3899"/>
  <attribute name="Number of cores"value="4"/>
</cycle-end>
<allocation-satisfied id="3309" threadId="0000000002241D00" bytesRequested="24" />
<af-end id="3310" timestamp="2019-07-02T19:53:29.093" threadId="0000000002242688" success="true" />
<exclusive-end id="3311" timestamp="2019-07-02T19:53:29.093" durationms="5.961" />

<exclusive-start id="3312" timestamp="2019-07-02T19:53:29.097" intervalms="9.685">
  <response-info timems="0.213" idlems="0.213" threads="0" lastid="000000000223E100" lastname="Thread-9" />
</exclusive-start>
<af-start id="3313" threadId="000000000223EA88" totalBytesRequested="24" timestamp="2019-07-02T19:53:29.097" intervalms="9.617" />
<cycle-start id="3314" type="global" contextid="0" timestamp="2019-07-02T19:53:29.097" intervalms="9.564" />
  <attribute name="GC Util" value="15" />
  <attribute name="CPU Util" value="38244513434457" />
  <attribute name="Time Running"value="3899"/>
  <attribute name="Number of cores"value="4"/>
<gc-start id="3315" type="global" contextid="3314" timestamp="2019-07-02T19:53:29.097">
  <mem-info id="3316" free="0" total="11665408" percent="0">
    <mem type="tenure" free="0" total="11665408" percent="0">
      <mem type="soa" free="0" total="11549696" percent="0" />
      <mem type="loa" free="0" total="115712" percent="0" />
    </mem>
  </mem-info>
</gc-start>
<allocation-stats totalBytes="7283400" >
  <allocated-bytes non-tlh="0" tlh="7283400" />
  <largest-consumer threadName="Thread-7" threadId="0000000002245900" bytes="2064200" />
</allocation-stats>
<gc-op id="3317" type="mark" timems="2.218" contextid="3314" timestamp="2019-07-02T19:53:29.099">
  <trace-info objectcount="71426" scancount="63851" scanbytes="2405732" />
  <finalization candidates="124" enqueued="0" />
  <ownableSynchronizers candidates="3" cleared="0" />
  <references type="soft" candidates="84" cleared="0" enqueued="0" dynamicThreshold="19" maxThreshold="32" />
  <references type="weak" candidates="776" cleared="0" enqueued="0" />
  <references type="phantom" candidates="63" cleared="0" enqueued="0" />
  <stringconstants candidates="4574" cleared="0"  />
</gc-op>
<gc-op id="3318" type="sweep" timems="0.714" contextid="3314" timestamp="2019-07-02T19:53:29.100" />
<heap-resize id="3319" type="contract" space="tenure" amount="65536" count="1" timems="0.081" reason="excess free space following gc" timestamp="2019-07-02T19:53:29.100" />
<gc-end id="3320" type="global" contextid="3314" durationms="3.378" usertimems="8.000" systemtimems="0.000" timestamp="2019-07-02T19:53:29.100" activeThreads="4">
  <mem-info id="3321" free="7169952" total="11599872" percent="61">
    <mem type="tenure" free="7169952" total="11599872" percent="61" micro-fragmented="9249" macro-fragmented="0">
      <mem type="soa" free="7169952" total="11484160" percent="62" />
      <mem type="loa" free="0" total="115712" percent="0" />
    </mem>
  </mem-info>
</gc-end>
<cycle-end id="3322" type="global" contextid="3314" timestamp="2019-07-02T19:53:29.100">
  <attribute name="GC Util" value="255" />
  <attribute name="CPU Util" value="8002339037323" />
  <attribute name="Time Running"value="3910"/>
  <attribute name="Number of cores"value="4"/>
</cycle-end>
<allocation-satisfied id="3323" threadId="000000000223E100" bytesRequested="24" />
<af-end id="3324" timestamp="2019-07-02T19:53:29.100" threadId="000000000223EA88" success="true" />
<exclusive-end id="3325" timestamp="2019-07-02T19:53:29.101" durationms="3.873" />

<exclusive-start id="3326" timestamp="2019-07-02T19:53:29.105" intervalms="8.550">
  <response-info timems="0.150" idlems="0.085" threads="1" lastid="000000000223A500" lastname="Thread-10" />
</exclusive-start>
<af-start id="3327" threadId="0000000002246288" totalBytesRequested="24" timestamp="2019-07-02T19:53:29.105" intervalms="8.558" />
<cycle-start id="3328" type="global" contextid="0" timestamp="2019-07-02T19:53:29.105" intervalms="8.617" />
  <attribute name="GC Util" value="255" />
  <attribute name="CPU Util" value="8002339037323" />
  <attribute name="Time Running"value="3910"/>
  <attribute name="Number of cores"value="4"/>
<gc-start id="3329" type="global" contextid="3328" timestamp="2019-07-02T19:53:29.106">
  <mem-info id="3330" free="0" total="11599872" percent="0">
    <mem type="tenure" free="0" total="11599872" percent="0">
      <mem type="soa" free="0" total="11484160" percent="0" />
      <mem type="loa" free="0" total="115712" percent="0" />
    </mem>
  </mem-info>
</gc-start>
<allocation-stats totalBytes="7168584" >
  <allocated-bytes non-tlh="0" tlh="7168584" />
  <largest-consumer threadName="Thread-9" threadId="000000000223E100" bytes="2170072" />
</allocation-stats>
<gc-op id="3331" type="mark" timems="1.983" contextid="3328" timestamp="2019-07-02T19:53:29.108">
  <trace-info objectcount="73736" scancount="66174" scanbytes="2461116" />
  <finalization candidates="124" enqueued="0" />
  <ownableSynchronizers candidates="3" cleared="0" />
  <references type="soft" candidates="84" cleared="0" enqueued="0" dynamicThreshold="19" maxThreshold="32" />
  <references type="weak" candidates="776" cleared="0" enqueued="0" />
  <references type="phantom" candidates="63" cleared="0" enqueued="0" />
  <stringconstants candidates="4574" cleared="0"  />
</gc-op>
<gc-op id="3332" type="sweep" timems="0.777" contextid="3328" timestamp="2019-07-02T19:53:29.109" />
<heap-resize id="3333" type="contract" space="tenure" amount="65536" count="1" timems="0.074" reason="excess free space following gc" timestamp="2019-07-02T19:53:29.109" />
<gc-end id="3334" type="global" contextid="3328" durationms="3.391" usertimems="8.000" systemtimems="0.000" timestamp="2019-07-02T19:53:29.109" activeThreads="4">
  <mem-info id="3335" free="7030152" total="11534336" percent="60">
    <mem type="tenure" free="7030152" total="11534336" percent="60" micro-fragmented="6667" macro-fragmented="0">
      <mem type="soa" free="7030152" total="11419648" percent="61" />
      <mem type="loa" free="0" total="114688" percent="0" />
    </mem>
  </mem-info>
</gc-end>
<cycle-end id="3336" type="global" contextid="3328" timestamp="2019-07-02T19:53:29.109">
  <attribute name="GC Util" value="238" />
  <attribute name="CPU Util" value="8896256582763" />
  <attribute name="Time Running"value="3918"/>
  <attribute name="Number of cores"value="4"/>
</cycle-end>
<allocation-satisfied id="3337" threadId="0000000002245900" bytesRequested="24" />
<af-end id="3338" timestamp="2019-07-02T19:53:29.109" threadId="0000000002246288" success="true" />
<exclusive-end id="3339" timestamp="2019-07-02T19:53:29.109" durationms="4.056" />

<exclusive-start id="3340" timestamp="2019-07-02T19:53:29.114" intervalms="8.859">
  <response-info timems="0.020" idlems="0.019" threads="1" lastid="000000000223E100" lastname="Thread-9" />
</exclusive-start>
<af-start id="3341" threadId="0000000002246288" totalBytesRequested="40" timestamp="2019-07-02T19:53:29.114" intervalms="8.858" />
<cycle-start id="3342" type="global" contextid="0" timestamp="2019-07-02T19:53:29.114" intervalms="8.846" />
  <attribute name="GC Util" value="238" />
  <attribute name="CPU Util" value="8896256582763" />
  <attribute name="Time Running"value="3918"/>
  <attribute name="Number of cores"value="4"/>
<gc-start id="3343" type="global" contextid="3342" timestamp="2019-07-02T19:53:29.114">
  <mem-info id="3344" free="0" total="11534336" percent="0">
    <mem type="tenure" free="0" total="11534336" percent="0">
      <mem type="soa" free="0" total="11419648" percent="0" />
      <mem type="loa" free="0" total="114688" percent="0" />
    </mem>
  </mem-info>
</gc-start>
<allocation-stats totalBytes="7023704" >
  <allocated-bytes non-tlh="38112" tlh="6985592" />
  <largest-consumer threadName="Thread-7" threadId="0000000002245900" bytes="2231056" />
</allocation-stats>
<gc-op id="3345" type="mark" timems="1.816" contextid="3342" timestamp="2019-07-02T19:53:29.116">
  <trace-info objectcount="64516" scancount="56950" scanbytes="2239964" />
  <finalization candidates="124" enqueued="0" />
  <ownableSynchronizers candidates="3" cleared="0" />
  <references type="soft" candidates="84" cleared="0" enqueued="0" dynamicThreshold="19" maxThreshold="32" />
  <references type="weak" candidates="776" cleared="0" enqueued="0" />
  <references type="phantom" candidates="63" cleared="0" enqueued="0" />
  <stringconstants candidates="4574" cleared="0"  />
</gc-op>
<gc-op id="3346" type="sweep" timems="0.773" contextid="3342" timestamp="2019-07-02T19:53:29.117" />
<heap-resize id="3347" type="contract" space="tenure" amount="65536" count="1" timems="0.035" reason="excess free space following gc" timestamp="2019-07-02T19:53:29.117" />
<gc-end id="3348" type="global" contextid="3342" durationms="3.140" usertimems="4.000" systemtimems="0.000" timestamp="2019-07-02T19:53:29.117" activeThreads="4">
  <mem-info id="3349" free="7011136" total="11468800" percent="61">
    <mem type="tenure" free="7011136" total="11468800" percent="61" micro-fragmented="111538" macro-fragmented="0">
      <mem type="soa" free="7011136" total="11354112" percent="61" />
      <mem type="loa" free="0" total="114688" percent="0" />
    </mem>
  </mem-info>
</gc-end>
<cycle-end id="3350" type="global" contextid="3342" timestamp="2019-07-02T19:53:29.118">
  <attribute name="GC Util" value="222" />
  <attribute name="CPU Util" value="9622257823953" />
  <attribute name="Time Running"value="3927"/>
  <attribute name="Number of cores"value="4"/>
</cycle-end>
<allocation-satisfied id="3351" threadId="0000000002245900" bytesRequested="40" />
<af-end id="3352" timestamp="2019-07-02T19:53:29.118" threadId="0000000002246288" success="true" />
<exclusive-end id="3353" timestamp="2019-07-02T19:53:29.118" durationms="3.857" />

<exclusive-start id="3354" timestamp="2019-07-02T19:53:29.123" intervalms="8.434">
  <response-info timems="0.028" idlems="0.028" threads="0" lastid="0000000002245900" lastname="Thread-7" />
</exclusive-start>
<af-start id="3355" threadId="0000000002246288" totalBytesRequested="40" timestamp="2019-07-02T19:53:29.123" intervalms="8.437" />
<cycle-start id="3356" type="global" contextid="0" timestamp="2019-07-02T19:53:29.123" intervalms="8.402" />
  <attribute name="GC Util" value="222" />
  <attribute name="CPU Util" value="9622257823953" />
  <attribute name="Time Running"value="3927"/>
  <attribute name="Number of cores"value="4"/>
<gc-start id="3357" type="global" contextid="3356" timestamp="2019-07-02T19:53:29.123">
  <mem-info id="3358" free="0" total="11468800" percent="0">
    <mem type="tenure" free="0" total="11468800" percent="0">
      <mem type="soa" free="0" total="11354112" percent="0" />
      <mem type="loa" free="0" total="114688" percent="0" />
    </mem>
  </mem-info>
</gc-start>
<allocation-stats totalBytes="7072320" >
  <allocated-bytes non-tlh="0" tlh="7072320" />
  <largest-consumer threadName="Thread-10" threadId="000000000223A500" bytes="2178568" />
</allocation-stats>
<gc-op id="3359" type="mark" timems="2.318" contextid="3356" timestamp="2019-07-02T19:53:29.125">
  <trace-info objectcount="66941" scancount="59377" scanbytes="2298724" />
  <finalization candidates="124" enqueued="0" />
  <ownableSynchronizers candidates="3" cleared="0" />
  <references type="soft" candidates="84" cleared="0" enqueued="0" dynamicThreshold="19" maxThreshold="32" />
  <references type="weak" candidates="776" cleared="0" enqueued="0" />
  <references type="phantom" candidates="63" cleared="0" enqueued="0" />
  <stringconstants candidates="4574" cleared="0"  />
</gc-op>
<gc-op id="3360" type="sweep" timems="0.770" contextid="3356" timestamp="2019-07-02T19:53:29.126" />
<gc-end id="3361" type="global" contextid="3356" durationms="3.365" usertimems="8.000" systemtimems="0.000" timestamp="2019-07-02T19:53:29.126" activeThreads="4">
  <mem-info id="3362" free="6967656" total="11468800" percent="60">
    <mem type="tenure" free="6967656" total="11468800" percent="60" micro-fragmented="117192" macro-fragmented="0">
      <mem type="soa" free="6967656" total="11354112" percent="61" />
      <mem type="loa" free="0" total="114688" percent="0" />
    </mem>
  </mem-info>
</gc-end>
<cycle-end id="3363" type="global" contextid="3356" timestamp="2019-07-02T19:53:29.126">
  <attribute name="GC Util" value="247" />
  <attribute name="CPU Util" value="7730121228514" />
  <attribute name="Time Running"value="3936"/>
  <attribute name="Number of cores"value="4"/>
</cycle-end>
<allocation-satisfied id="3364" threadId="0000000002245900" bytesRequested="40" />
<af-end id="3365" timestamp="2019-07-02T19:53:29.126" threadId="0000000002246288" success="true" />
<exclusive-end id="3366" timestamp="2019-07-02T19:53:29.126" durationms="3.895" />

<exclusive-start id="3367" timestamp="2019-07-02T19:53:29.131" intervalms="8.694">
  <response-info timems="0.034" idlems="0.034" threads="0" lastid="0000000002241D00" lastname="Thread-8" />
</exclusive-start>
<af-start id="3368" threadId="0000000002242688" totalBytesRequested="40" timestamp="2019-07-02T19:53:29.131" intervalms="8.747" />
<cycle-start id="3369" type="global" contextid="0" timestamp="2019-07-02T19:53:29.131" intervalms="8.786" />
  <attribute name="GC Util" value="247" />
  <attribute name="CPU Util" value="7730121228514" />
  <attribute name="Time Running"value="3936"/>
  <attribute name="Number of cores"value="4"/>
<gc-start id="3370" type="global" contextid="3369" timestamp="2019-07-02T19:53:29.131">
  <mem-info id="3371" free="0" total="11468800" percent="0">
    <mem type="tenure" free="0" total="11468800" percent="0">
      <mem type="soa" free="0" total="11354112" percent="0" />
      <mem type="loa" free="0" total="114688" percent="0" />
    </mem>
  </mem-info>
</gc-start>
<allocation-stats totalBytes="6976768" >
  <allocated-bytes non-tlh="0" tlh="6976768" />
  <largest-consumer threadName="Thread-8" threadId="0000000002241D00" bytes="2432296" />
</allocation-stats>
<gc-op id="3372" type="mark" timems="1.216" contextid="3369" timestamp="2019-07-02T19:53:29.133">
  <trace-info objectcount="70009" scancount="62431" scanbytes="2372220" />
  <finalization candidates="124" enqueued="0" />
  <ownableSynchronizers candidates="3" cleared="0" />
  <references type="soft" candidates="84" cleared="0" enqueued="0" dynamicThreshold="19" maxThreshold="32" />
  <references type="weak" candidates="776" cleared="0" enqueued="0" />
  <references type="phantom" candidates="63" cleared="0" enqueued="0" />
  <stringconstants candidates="4574" cleared="0"  />
</gc-op>
<gc-op id="3373" type="sweep" timems="0.310" contextid="3369" timestamp="2019-07-02T19:53:29.133" />
<gc-end id="3374" type="global" contextid="3369" durationms="1.775" usertimems="0.000" systemtimems="4.000" timestamp="2019-07-02T19:53:29.133" activeThreads="4">
  <mem-info id="3375" free="6869304" total="11468800" percent="59">
    <mem type="tenure" free="6869304" total="11468800" percent="59" micro-fragmented="145798" macro-fragmented="0">
      <mem type="soa" free="6869304" total="11354112" percent="60" />
      <mem type="loa" free="0" total="114688" percent="0" />
    </mem>
  </mem-info>
</gc-end>
<cycle-end id="3376" type="global" contextid="3369" timestamp="2019-07-02T19:53:29.133">
  <attribute name="GC Util" value="209" />
  <attribute name="CPU Util" value="14574364400286" />
  <attribute name="Time Running"value="3943"/>
  <attribute name="Number of cores"value="4"/>
</cycle-end>
<allocation-satisfied id="3377" threadId="0000000002241D00" bytesRequested="40" />
<af-end id="3378" timestamp="2019-07-02T19:53:29.133" threadId="0000000002242688" success="true" />
<exclusive-end id="3379" timestamp="2019-07-02T19:53:29.134" durationms="2.321" />

<exclusive-start id="3380" timestamp="2019-07-02T19:53:29.138" intervalms="6.864">
  <response-info timems="0.059" idlems="0.056" threads="1" lastid="0000000002241D00" lastname="Thread-8" />
</exclusive-start>
<af-start id="3381" threadId="000000000223AE88" totalBytesRequested="24" timestamp="2019-07-02T19:53:29.138" intervalms="6.815" />
<cycle-start id="3382" type="global" contextid="0" timestamp="2019-07-02T19:53:29.138" intervalms="6.775" />
  <attribute name="GC Util" value="209" />
  <attribute name="CPU Util" value="14574364400286" />
  <attribute name="Time Running"value="3943"/>
  <attribute name="Number of cores"value="4"/>
<gc-start id="3383" type="global" contextid="3382" timestamp="2019-07-02T19:53:29.138">
  <mem-info id="3384" free="0" total="11468800" percent="0">
    <mem type="tenure" free="0" total="11468800" percent="0">
      <mem type="soa" free="0" total="11354112" percent="0" />
      <mem type="loa" free="0" total="114688" percent="0" />
    </mem>
  </mem-info>
</gc-start>
<allocation-stats totalBytes="6874120" >
  <allocated-bytes non-tlh="0" tlh="6874120" />
  <largest-consumer threadName="Thread-7" threadId="0000000002245900" bytes="2347640" />
</allocation-stats>
<gc-op id="3385" type="mark" timems="2.185" contextid="3382" timestamp="2019-07-02T19:53:29.141">
  <trace-info objectcount="73758" scancount="66167" scanbytes="2461764" />
  <finalization candidates="124" enqueued="0" />
  <ownableSynchronizers candidates="3" cleared="0" />
  <references type="soft" candidates="84" cleared="0" enqueued="0" dynamicThreshold="19" maxThreshold="32" />
  <references type="weak" candidates="776" cleared="0" enqueued="0" />
  <references type="phantom" candidates="63" cleared="0" enqueued="0" />
  <stringconstants candidates="4574" cleared="0"  />
</gc-op>
<gc-op id="3386" type="sweep" timems="0.805" contextid="3382" timestamp="2019-07-02T19:53:29.141" />
<heap-resize id="3387" type="expand" space="tenure" amount="1048576" count="1" timems="0.039" reason="excessive time being spent in gc" timestamp="2019-07-02T19:53:29.142" />
<gc-end id="3388" type="global" contextid="3382" durationms="3.502" usertimems="8.000" systemtimems="0.000" timestamp="2019-07-02T19:53:29.142" activeThreads="4">
  <mem-info id="3389" free="7784840" total="12517376" percent="62">
    <mem type="tenure" free="7784840" total="12517376" percent="62" micro-fragmented="178231" macro-fragmented="0">
      <mem type="soa" free="7659912" total="12392448" percent="61" />
      <mem type="loa" free="124928" total="124928" percent="100" />
    </mem>
  </mem-info>
</gc-end>
<cycle-end id="3390" type="global" contextid="3382" timestamp="2019-07-02T19:53:29.142">
  <attribute name="GC Util" value="254" />
  <attribute name="CPU Util" value="8248719712239" />
  <attribute name="Time Running"value="3951"/>
  <attribute name="Number of cores"value="4"/>
</cycle-end>
<allocation-satisfied id="3391" threadId="000000000223A500" bytesRequested="24" />
<af-end id="3392" timestamp="2019-07-02T19:53:29.142" threadId="000000000223AE88" success="true" />
<exclusive-end id="3393" timestamp="2019-07-02T19:53:29.142" durationms="4.271" />

<exclusive-start id="3394" timestamp="2019-07-02T19:53:29.148" intervalms="10.062">
  <response-info timems="0.028" idlems="0.028" threads="0" lastid="0000000002245900" lastname="Thread-7" />
</exclusive-start>
<af-start id="3395" threadId="0000000002246288" totalBytesRequested="24" timestamp="2019-07-02T19:53:29.148" intervalms="10.108" />
<cycle-start id="3396" type="global" contextid="0" timestamp="2019-07-02T19:53:29.148" intervalms="10.117" />
  <attribute name="GC Util" value="254" />
  <attribute name="CPU Util" value="8248719712239" />
  <attribute name="Time Running"value="3951"/>
  <attribute name="Number of cores"value="4"/>
<gc-start id="3397" type="global" contextid="3396" timestamp="2019-07-02T19:53:29.148">
  <mem-info id="3398" free="124928" total="12517376" percent="0">
    <mem type="tenure" free="124928" total="12517376" percent="0">
      <mem type="soa" free="0" total="12392448" percent="0" />
      <mem type="loa" free="124928" total="124928" percent="100" />
    </mem>
  </mem-info>
</gc-start>
<allocation-stats totalBytes="7654768" >
  <allocated-bytes non-tlh="19056" tlh="7635712" />
  <largest-consumer threadName="Thread-7" threadId="0000000002245900" bytes="2897304" />
</allocation-stats>
<gc-op id="3399" type="mark" timems="2.192" contextid="3396" timestamp="2019-07-02T19:53:29.151">
  <trace-info objectcount="74048" scancount="66475" scanbytes="2468252" />
  <finalization candidates="124" enqueued="0" />
  <ownableSynchronizers candidates="3" cleared="0" />
  <references type="soft" candidates="84" cleared="0" enqueued="0" dynamicThreshold="19" maxThreshold="32" />
  <references type="weak" candidates="776" cleared="0" enqueued="0" />
  <references type="phantom" candidates="63" cleared="0" enqueued="0" />
  <stringconstants candidates="4574" cleared="0"  />
</gc-op>
<gc-op id="3400" type="sweep" timems="0.988" contextid="3396" timestamp="2019-07-02T19:53:29.152" />
<gc-end id="3401" type="global" contextid="3396" durationms="3.505" usertimems="8.000" systemtimems="0.000" timestamp="2019-07-02T19:53:29.152" activeThreads="4">
  <mem-info id="3402" free="7904600" total="12517376" percent="63">
    <mem type="tenure" free="7904600" total="12517376" percent="63" micro-fragmented="152170" macro-fragmented="0">
      <mem type="soa" free="7779672" total="12392448" percent="62" />
      <mem type="loa" free="124928" total="124928" percent="100" />
    </mem>
  </mem-info>
</gc-end>
<cycle-end id="3403" type="global" contextid="3396" timestamp="2019-07-02T19:53:29.152">
  <attribute name="GC Util" value="256" />
  <attribute name="CPU Util" value="8077048888210" />
  <attribute name="Time Running"value="3961"/>
  <attribute name="Number of cores"value="4"/>
</cycle-end>
<allocation-satisfied id="3404" threadId="0000000002245900" bytesRequested="24" />
<af-end id="3405" timestamp="2019-07-02T19:53:29.152" threadId="0000000002246288" success="true" />
<exclusive-end id="3406" timestamp="2019-07-02T19:53:29.152" durationms="4.115" />

<exclusive-start id="3407" timestamp="2019-07-02T19:53:29.159" intervalms="11.144">
  <response-info timems="0.032" idlems="0.032" threads="0" lastid="000000000223E100" lastname="Thread-9" />
</exclusive-start>
<af-start id="3408" threadId="000000000223EA88" totalBytesRequested="40" timestamp="2019-07-02T19:53:29.159" intervalms="11.150" />
<cycle-start id="3409" type="global" contextid="0" timestamp="2019-07-02T19:53:29.160" intervalms="11.181" />
  <attribute name="GC Util" value="256" />
  <attribute name="CPU Util" value="8077048888210" />
  <attribute name="Time Running"value="3961"/>
  <attribute name="Number of cores"value="4"/>
<gc-start id="3410" type="global" contextid="3409" timestamp="2019-07-02T19:53:29.160">
  <mem-info id="3411" free="124928" total="12517376" percent="0">
    <mem type="tenure" free="124928" total="12517376" percent="0">
      <mem type="soa" free="0" total="12392448" percent="0" />
      <mem type="loa" free="124928" total="124928" percent="100" />
    </mem>
  </mem-info>
</gc-start>
<allocation-stats totalBytes="7767272" >
  <allocated-bytes non-tlh="23160" tlh="7744112" />
  <largest-consumer threadName="Thread-7" threadId="0000000002245900" bytes="3686168" />
</allocation-stats>
<gc-op id="3412" type="mark" timems="1.135" contextid="3409" timestamp="2019-07-02T19:53:29.161">
  <trace-info objectcount="70685" scancount="63111" scanbytes="2387444" />
  <finalization candidates="124" enqueued="0" />
  <ownableSynchronizers candidates="3" cleared="0" />
  <references type="soft" candidates="84" cleared="0" enqueued="0" dynamicThreshold="20" maxThreshold="32" />
  <references type="weak" candidates="776" cleared="0" enqueued="0" />
  <references type="phantom" candidates="63" cleared="0" enqueued="0" />
  <stringconstants candidates="4574" cleared="0"  />
</gc-op>
<gc-op id="3413" type="sweep" timems="0.345" contextid="3409" timestamp="2019-07-02T19:53:29.161" />
<gc-end id="3414" type="global" contextid="3409" durationms="1.760" usertimems="0.000" systemtimems="4.000" timestamp="2019-07-02T19:53:29.161" activeThreads="4">
  <mem-info id="3415" free="7992432" total="12517376" percent="63">
    <mem type="tenure" free="7992432" total="12517376" percent="63" micro-fragmented="166589" macro-fragmented="0">
      <mem type="soa" free="7867504" total="12392448" percent="63" />
      <mem type="loa" free="124928" total="124928" percent="100" />
    </mem>
  </mem-info>
</gc-end>
<cycle-end id="3416" type="global" contextid="3409" timestamp="2019-07-02T19:53:29.161">
  <attribute name="GC Util" value="248" />
  <attribute name="CPU Util" value="15508189997233" />
  <attribute name="Time Running"value="3971"/>
  <attribute name="Number of cores"value="4"/>
</cycle-end>
<allocation-satisfied id="3417" threadId="000000000223E100" bytesRequested="40" />
<af-end id="3418" timestamp="2019-07-02T19:53:29.162" threadId="000000000223EA88" success="true" />
<exclusive-end id="3419" timestamp="2019-07-02T19:53:29.162" durationms="2.295" />

<exclusive-start id="3420" timestamp="2019-07-02T19:53:29.167" intervalms="7.628">
  <response-info timems="0.093" idlems="0.093" threads="0" lastid="0000000002245900" lastname="Thread-7" />
</exclusive-start>
<af-start id="3421" threadId="0000000002246288" totalBytesRequested="40" timestamp="2019-07-02T19:53:29.167" intervalms="7.572" />
<cycle-start id="3422" type="global" contextid="0" timestamp="2019-07-02T19:53:29.167" intervalms="7.530" />
  <attribute name="GC Util" value="248" />
  <attribute name="CPU Util" value="15508189997233" />
  <attribute name="Time Running"value="3971"/>
  <attribute name="Number of cores"value="4"/>
<gc-start id="3423" type="global" contextid="3422" timestamp="2019-07-02T19:53:29.167">
  <mem-info id="3424" free="124928" total="12517376" percent="0">
    <mem type="tenure" free="124928" total="12517376" percent="0">
      <mem type="soa" free="0" total="12392448" percent="0" />
      <mem type="loa" free="124928" total="124928" percent="100" />
    </mem>
  </mem-info>
</gc-start>
<allocation-stats totalBytes="7861168" >
  <allocated-bytes non-tlh="0" tlh="7861168" />
  <largest-consumer threadName="Thread-7" threadId="0000000002245900" bytes="2788656" />
</allocation-stats>
<gc-op id="3425" type="mark" timems="2.181" contextid="3422" timestamp="2019-07-02T19:53:29.169">
  <trace-info objectcount="68744" scancount="61171" scanbytes="2341348" />
  <finalization candidates="124" enqueued="0" />
  <ownableSynchronizers candidates="3" cleared="0" />
  <references type="soft" candidates="84" cleared="0" enqueued="0" dynamicThreshold="20" maxThreshold="32" />
  <references type="weak" candidates="776" cleared="0" enqueued="0" />
  <references type="phantom" candidates="63" cleared="0" enqueued="0" />
  <stringconstants candidates="4574" cleared="0"  />
</gc-op>
<gc-op id="3426" type="sweep" timems="0.785" contextid="3422" timestamp="2019-07-02T19:53:29.170" />
<heap-resize id="3427" type="contract" space="tenure" amount="65536" count="1" timems="0.034" reason="excess free space following gc" timestamp="2019-07-02T19:53:29.170" />
<gc-end id="3428" type="global" contextid="3422" durationms="3.463" usertimems="8.000" systemtimems="0.000" timestamp="2019-07-02T19:53:29.171" activeThreads="4">
  <mem-info id="3429" free="7857672" total="12451840" percent="63">
    <mem type="tenure" free="7857672" total="12451840" percent="63" micro-fragmented="153572" macro-fragmented="0">
      <mem type="soa" free="7857672" total="12327936" percent="63" />
      <mem type="loa" free="0" total="123904" percent="0" />
    </mem>
  </mem-info>
</gc-end>
<cycle-end id="3430" type="global" contextid="3422" timestamp="2019-07-02T19:53:29.171">
  <attribute name="GC Util" value="249" />
  <attribute name="CPU Util" value="8116939708409" />
  <attribute name="Time Running"value="3980"/>
  <attribute name="Number of cores"value="4"/>
</cycle-end>
<allocation-satisfied id="3431" threadId="0000000002245900" bytesRequested="40" />
<af-end id="3432" timestamp="2019-07-02T19:53:29.171" threadId="0000000002246288" success="true" />
<exclusive-end id="3433" timestamp="2019-07-02T19:53:29.171" durationms="4.096" />

<exclusive-start id="3434" timestamp="2019-07-02T19:53:29.177" intervalms="9.827">
  <response-info timems="0.031" idlems="0.024" threads="2" lastid="0000000002241D00" lastname="Thread-8" />
</exclusive-start>
<af-start id="3435" threadId="000000000223AE88" totalBytesRequested="40" timestamp="2019-07-02T19:53:29.177" intervalms="9.833" />
<cycle-start id="3436" type="global" contextid="0" timestamp="2019-07-02T19:53:29.177" intervalms="9.836" />
  <attribute name="GC Util" value="249" />
  <attribute name="CPU Util" value="8116939708409" />
  <attribute name="Time Running"value="3980"/>
  <attribute name="Number of cores"value="4"/>
<gc-start id="3437" type="global" contextid="3436" timestamp="2019-07-02T19:53:29.177">
  <mem-info id="3438" free="0" total="12451840" percent="0">
    <mem type="tenure" free="0" total="12451840" percent="0">
      <mem type="soa" free="0" total="12327936" percent="0" />
      <mem type="loa" free="0" total="123904" percent="0" />
    </mem>
  </mem-info>
</gc-start>
<allocation-stats totalBytes="7852248" >
  <allocated-bytes non-tlh="19056" tlh="7833192" />
  <largest-consumer threadName="Thread-7" threadId="0000000002245900" bytes="2682376" />
</allocation-stats>
<gc-op id="3439" type="mark" timems="1.823" contextid="3436" timestamp="2019-07-02T19:53:29.179">
  <trace-info objectcount="65992" scancount="58421" scanbytes="2275660" />
  <finalization candidates="124" enqueued="0" />
  <ownableSynchronizers candidates="3" cleared="0" />
  <references type="soft" candidates="84" cleared="0" enqueued="0" dynamicThreshold="20" maxThreshold="32" />
  <references type="weak" candidates="776" cleared="0" enqueued="0" />
  <references type="phantom" candidates="63" cleared="0" enqueued="0" />
  <stringconstants candidates="4574" cleared="0"  />
</gc-op>
<gc-op id="3440" type="sweep" timems="0.773" contextid="3436" timestamp="2019-07-02T19:53:29.180" />
<heap-resize id="3441" type="contract" space="tenure" amount="65536" count="1" timems="0.043" reason="excess free space following gc" timestamp="2019-07-02T19:53:29.180" />
<gc-end id="3442" type="global" contextid="3436" durationms="3.030" usertimems="0.000" systemtimems="4.000" timestamp="2019-07-02T19:53:29.180" activeThreads="4">
  <mem-info id="3443" free="7867768" total="12386304" percent="63">
    <mem type="tenure" free="7867768" total="12386304" percent="63" micro-fragmented="118375" macro-fragmented="0">
      <mem type="soa" free="7867768" total="12263424" percent="64" />
      <mem type="loa" free="0" total="122880" percent="0" />
    </mem>
  </mem-info>
</gc-end>
<cycle-end id="3444" type="global" contextid="3436" timestamp="2019-07-02T19:53:29.180">
  <attribute name="GC Util" value="247" />
  <attribute name="CPU Util" value="9703603259967" />
  <attribute name="Time Running"value="3989"/>
  <attribute name="Number of cores"value="4"/>
</cycle-end>
<allocation-satisfied id="3445" threadId="000000000223A500" bytesRequested="40" />
<af-end id="3446" timestamp="2019-07-02T19:53:29.180" threadId="000000000223AE88" success="true" />
<exclusive-end id="3447" timestamp="2019-07-02T19:53:29.180" durationms="3.590" />

<exclusive-start id="3448" timestamp="2019-07-02T19:53:29.186" intervalms="9.113">
  <response-info timems="0.038" idlems="0.038" threads="0" lastid="0000000002241D00" lastname="Thread-8" />
</exclusive-start>
<af-start id="3449" threadId="0000000002242688" totalBytesRequested="40" timestamp="2019-07-02T19:53:29.186" intervalms="9.120" />
<cycle-start id="3450" type="global" contextid="0" timestamp="2019-07-02T19:53:29.186" intervalms="9.159" />
  <attribute name="GC Util" value="247" />
  <attribute name="CPU Util" value="9703603259967" />
  <attribute name="Time Running"value="3989"/>
  <attribute name="Number of cores"value="4"/>
<gc-start id="3451" type="global" contextid="3450" timestamp="2019-07-02T19:53:29.186">
  <mem-info id="3452" free="0" total="12386304" percent="0">
    <mem type="tenure" free="0" total="12386304" percent="0">
      <mem type="soa" free="0" total="12263424" percent="0" />
      <mem type="loa" free="0" total="122880" percent="0" />
    </mem>
  </mem-info>
</gc-start>
<allocation-stats totalBytes="7865624" >
  <allocated-bytes non-tlh="0" tlh="7865624" />
  <largest-consumer threadName="Thread-10" threadId="000000000223A500" bytes="2828056" />
</allocation-stats>
<gc-op id="3453" type="mark" timems="1.119" contextid="3450" timestamp="2019-07-02T19:53:29.187">
  <trace-info objectcount="67772" scancount="60198" scanbytes="2318196" />
  <finalization candidates="124" enqueued="0" />
  <ownableSynchronizers candidates="3" cleared="0" />
  <references type="soft" candidates="84" cleared="0" enqueued="0" dynamicThreshold="20" maxThreshold="32" />
  <references type="weak" candidates="776" cleared="0" enqueued="0" />
  <references type="phantom" candidates="63" cleared="0" enqueued="0" />
  <stringconstants candidates="4574" cleared="0"  />
</gc-op>
<gc-op id="3454" type="sweep" timems="0.322" contextid="3450" timestamp="2019-07-02T19:53:29.188" />
<mem-info id="3455" free="7801416" total="12386304" percent="62">
  <mem type="tenure" free="7801416" total="12386304" percent="62" micro-fragmented="151664" macro-fragmented="0">
    <mem type="soa" free="7801416" total="12263424" percent="63" />
    <mem type="loa" free="0" total="122880" percent="0" />
  </mem>
</mem-info>
<gc-op id="3456" type="compact" timems="4.201" contextid="3450" timestamp="2019-07-02T19:53:29.192">
  <compact-info movecount="28025" movebytes="1223664" reason="compact to aid heap contraction" />
</gc-op>
<heap-resize id="3457" type="contract" space="tenure" amount="65536" count="1" timems="0.077" reason="excess free space following gc" timestamp="2019-07-02T19:53:29.192" />
<gc-end id="3458" type="global" contextid="3450" durationms="6.404" usertimems="12.000" systemtimems="0.000" timestamp="2019-07-02T19:53:29.193" activeThreads="4">
  <mem-info id="3459" free="7984640" total="12320768" percent="64">
    <mem type="tenure" free="7984640" total="12320768" percent="64">
      <mem type="soa" free="7919104" total="12197888" percent="64" />
      <mem type="loa" free="65536" total="122880" percent="53" />
    </mem>
  </mem-info>
</gc-end>
<cycle-end id="3460" type="global" contextid="3450" timestamp="2019-07-02T19:53:29.193">
  <attribute name="GC Util" value="13" />
  <attribute name="CPU Util" value="36844337391467" />
  <attribute name="Time Running"value="3998"/>
  <attribute name="Number of cores"value="4"/>
</cycle-end>
<allocation-satisfied id="3461" threadId="0000000002241D00" bytesRequested="40" />
<af-end id="3462" timestamp="2019-07-02T19:53:29.193" threadId="0000000002242688" success="true" />
<exclusive-end id="3463" timestamp="2019-07-02T19:53:29.193" durationms="7.088" />

<exclusive-start id="3464" timestamp="2019-07-02T19:53:29.203" intervalms="17.377">
  <response-info timems="0.028" idlems="0.028" threads="0" lastid="000000000223E100" lastname="Thread-9" />
</exclusive-start>
<af-start id="3465" threadId="000000000223EA88" totalBytesRequested="40" timestamp="2019-07-02T19:53:29.203" intervalms="17.404" />
<cycle-start id="3466" type="global" contextid="0" timestamp="2019-07-02T19:53:29.203" intervalms="17.406" />
  <attribute name="GC Util" value="13" />
  <attribute name="CPU Util" value="36844337391467" />
  <attribute name="Time Running"value="3998"/>
  <attribute name="Number of cores"value="4"/>
<gc-start id="3467" type="global" contextid="3466" timestamp="2019-07-02T19:53:29.204">
  <mem-info id="3468" free="65536" total="12320768" percent="0">
    <mem type="tenure" free="65536" total="12320768" percent="0">
      <mem type="soa" free="0" total="12197888" percent="0" />
      <mem type="loa" free="65536" total="122880" percent="53" />
    </mem>
  </mem-info>
</gc-start>
<allocation-stats totalBytes="7983376" >
  <allocated-bytes non-tlh="0" tlh="7983376" />
  <largest-consumer threadName="Thread-9" threadId="000000000223E100" bytes="4668680" />
</allocation-stats>
<gc-op id="3469" type="mark" timems="1.281" contextid="3466" timestamp="2019-07-02T19:53:29.205">
  <trace-info objectcount="68975" scancount="61395" scanbytes="2347180" />
  <finalization candidates="124" enqueued="0" />
  <ownableSynchronizers candidates="3" cleared="0" />
  <references type="soft" candidates="84" cleared="0" enqueued="0" dynamicThreshold="20" maxThreshold="32" />
  <references type="weak" candidates="776" cleared="0" enqueued="0" />
  <references type="phantom" candidates="63" cleared="0" enqueued="0" />
  <stringconstants candidates="4574" cleared="0"  />
</gc-op>
<gc-op id="3470" type="sweep" timems="0.256" contextid="3466" timestamp="2019-07-02T19:53:29.205" />
<heap-resize id="3471" type="contract" space="tenure" amount="65536" count="1" timems="0.084" reason="excess free space following gc" timestamp="2019-07-02T19:53:29.206" />
<gc-end id="3472" type="global" contextid="3466" durationms="2.112" usertimems="8.000" systemtimems="0.000" timestamp="2019-07-02T19:53:29.206" activeThreads="4">
  <mem-info id="3473" free="7859592" total="12255232" percent="64">
    <mem type="tenure" free="7859592" total="12255232" percent="64" micro-fragmented="30284" macro-fragmented="0">
      <mem type="soa" free="7859592" total="12133376" percent="64" />
      <mem type="loa" free="0" total="121856" percent="0" />
    </mem>
  </mem-info>
</gc-end>
<cycle-end id="3474" type="global" contextid="3466" timestamp="2019-07-02T19:53:29.206">
  <attribute name="GC Util" value="202" />
  <attribute name="CPU Util" value="13529074212430" />
  <attribute name="Time Running"value="4015"/>
  <attribute name="Number of cores"value="4"/>
</cycle-end>
<allocation-satisfied id="3475" threadId="000000000223E100" bytesRequested="40" />
<af-end id="3476" timestamp="2019-07-02T19:53:29.206" threadId="000000000223EA88" success="true" />
<exclusive-end id="3477" timestamp="2019-07-02T19:53:29.206" durationms="2.789" />

<exclusive-start id="3478" timestamp="2019-07-02T19:53:29.212" intervalms="8.338">
  <response-info timems="0.038" idlems="0.021" threads="1" lastid="000000000223A500" lastname="Thread-10" />
</exclusive-start>
<af-start id="3479" threadId="0000000002242688" totalBytesRequested="40" timestamp="2019-07-02T19:53:29.212" intervalms="8.306" />
<cycle-start id="3480" type="global" contextid="0" timestamp="2019-07-02T19:53:29.212" intervalms="8.264" />
  <attribute name="GC Util" value="202" />
  <attribute name="CPU Util" value="13529074212430" />
  <attribute name="Time Running"value="4015"/>
  <attribute name="Number of cores"value="4"/>
<gc-start id="3481" type="global" contextid="3480" timestamp="2019-07-02T19:53:29.212">
  <mem-info id="3482" free="0" total="12255232" percent="0">
    <mem type="tenure" free="0" total="12255232" percent="0">
      <mem type="soa" free="0" total="12133376" percent="0" />
      <mem type="loa" free="0" total="121856" percent="0" />
    </mem>
  </mem-info>
</gc-start>
<allocation-stats totalBytes="7857248" >
  <allocated-bytes non-tlh="0" tlh="7857248" />
  <largest-consumer threadName="Thread-9" threadId="000000000223E100" bytes="2656920" />
</allocation-stats>
<gc-op id="3483" type="mark" timems="2.023" contextid="3480" timestamp="2019-07-02T19:53:29.214">
  <trace-info objectcount="70727" scancount="63157" scanbytes="2389156" />
  <finalization candidates="124" enqueued="0" />
  <ownableSynchronizers candidates="3" cleared="0" />
  <references type="soft" candidates="84" cleared="0" enqueued="0" dynamicThreshold="20" maxThreshold="32" />
  <references type="weak" candidates="776" cleared="0" enqueued="0" />
  <references type="phantom" candidates="63" cleared="0" enqueued="0" />
  <stringconstants candidates="4574" cleared="0"  />
</gc-op>
<gc-op id="3484" type="sweep" timems="0.781" contextid="3480" timestamp="2019-07-02T19:53:29.215" />
<heap-resize id="3485" type="contract" space="tenure" amount="65536" count="1" timems="0.042" reason="excess free space following gc" timestamp="2019-07-02T19:53:29.215" />
<gc-end id="3486" type="global" contextid="3480" durationms="3.244" usertimems="8.000" systemtimems="0.000" timestamp="2019-07-02T19:53:29.215" activeThreads="4">
  <mem-info id="3487" free="7744192" total="12189696" percent="63">
    <mem type="tenure" free="7744192" total="12189696" percent="63" micro-fragmented="70939" macro-fragmented="0">
      <mem type="soa" free="7744192" total="12067840" percent="64" />
      <mem type="loa" free="0" total="121856" percent="0" />
    </mem>
  </mem-info>
</gc-end>
<cycle-end id="3488" type="global" contextid="3480" timestamp="2019-07-02T19:53:29.215">
  <attribute name="GC Util" value="253" />
  <attribute name="CPU Util" value="8722602938567" />
  <attribute name="Time Running"value="4024"/>
  <attribute name="Number of cores"value="4"/>
</cycle-end>
<allocation-satisfied id="3489" threadId="0000000002241D00" bytesRequested="40" />
<af-end id="3490" timestamp="2019-07-02T19:53:29.215" threadId="0000000002242688" success="true" />
<exclusive-end id="3491" timestamp="2019-07-02T19:53:29.215" durationms="3.790" />

<exclusive-start id="3492" timestamp="2019-07-02T19:53:29.221" intervalms="9.435">
  <response-info timems="0.034" idlems="0.034" threads="0" lastid="000000000223E100" lastname="Thread-9" />
</exclusive-start>
<af-start id="3493" threadId="000000000223EA88" totalBytesRequested="24" timestamp="2019-07-02T19:53:29.221" intervalms="9.425" />
<cycle-start id="3494" type="global" contextid="0" timestamp="2019-07-02T19:53:29.221" intervalms="9.425" />
  <attribute name="GC Util" value="253" />
  <attribute name="CPU Util" value="8722602938567" />
  <attribute name="Time Running"value="4024"/>
  <attribute name="Number of cores"value="4"/>
<gc-start id="3495" type="global" contextid="3494" timestamp="2019-07-02T19:53:29.221">
  <mem-info id="3496" free="0" total="12189696" percent="0">
    <mem type="tenure" free="0" total="12189696" percent="0">
      <mem type="soa" free="0" total="12067840" percent="0" />
      <mem type="loa" free="0" total="121856" percent="0" />
    </mem>
  </mem-info>
</gc-start>
<allocation-stats totalBytes="7737616" >
  <allocated-bytes non-tlh="19056" tlh="7718560" />
  <largest-consumer threadName="Thread-9" threadId="000000000223E100" bytes="2466808" />
</allocation-stats>
<gc-op id="3497" type="mark" timems="1.331" contextid="3494" timestamp="2019-07-02T19:53:29.223">
  <trace-info objectcount="66740" scancount="59171" scanbytes="2293276" />
  <finalization candidates="124" enqueued="0" />
  <ownableSynchronizers candidates="3" cleared="0" />
  <references type="soft" candidates="84" cleared="0" enqueued="0" dynamicThreshold="20" maxThreshold="32" />
  <references type="weak" candidates="776" cleared="0" enqueued="0" />
  <references type="phantom" candidates="63" cleared="0" enqueued="0" />
  <stringconstants candidates="4574" cleared="0"  />
</gc-op>
<gc-op id="3498" type="sweep" timems="0.269" contextid="3494" timestamp="2019-07-02T19:53:29.223" />
<heap-resize id="3499" type="contract" space="tenure" amount="65536" count="1" timems="0.078" reason="excess free space following gc" timestamp="2019-07-02T19:53:29.223" />
<gc-end id="3500" type="global" contextid="3494" durationms="2.224" usertimems="4.000" systemtimems="0.000" timestamp="2019-07-02T19:53:29.223" activeThreads="4">
  <mem-info id="3501" free="7719336" total="12124160" percent="63">
    <mem type="tenure" free="7719336" total="12124160" percent="63" micro-fragmented="87534" macro-fragmented="0">
      <mem type="soa" free="7719336" total="12003328" percent="64" />
      <mem type="loa" free="0" total="120832" percent="0" />
    </mem>
  </mem-info>
</gc-end>
<cycle-end id="3502" type="global" contextid="3494" timestamp="2019-07-02T19:53:29.224">
  <attribute name="GC Util" value="178" />
  <attribute name="CPU Util" value="12651879438656" />
  <attribute name="Time Running"value="4033"/>
  <attribute name="Number of cores"value="4"/>
</cycle-end>
<allocation-satisfied id="3503" threadId="000000000223E100" bytesRequested="24" />
<af-end id="3504" timestamp="2019-07-02T19:53:29.224" threadId="000000000223EA88" success="true" />
<exclusive-end id="3505" timestamp="2019-07-02T19:53:29.224" durationms="2.741" />

<exclusive-start id="3506" timestamp="2019-07-02T19:53:29.230" intervalms="8.761">
  <response-info timems="0.072" idlems="0.072" threads="0" lastid="0000000002245900" lastname="Thread-7" />
</exclusive-start>
<af-start id="3507" threadId="0000000002246288" totalBytesRequested="40" timestamp="2019-07-02T19:53:29.230" intervalms="8.823" />
<cycle-start id="3508" type="global" contextid="0" timestamp="2019-07-02T19:53:29.230" intervalms="8.914" />
  <attribute name="GC Util" value="178" />
  <attribute name="CPU Util" value="12651879438656" />
  <attribute name="Time Running"value="4033"/>
  <attribute name="Number of cores"value="4"/>
<gc-start id="3509" type="global" contextid="3508" timestamp="2019-07-02T19:53:29.230">
  <mem-info id="3510" free="0" total="12124160" percent="0">
    <mem type="tenure" free="0" total="12124160" percent="0">
      <mem type="soa" free="0" total="12003328" percent="0" />
      <mem type="loa" free="0" total="120832" percent="0" />
    </mem>
  </mem-info>
</gc-start>
<allocation-stats totalBytes="7714384" >
  <allocated-bytes non-tlh="0" tlh="7714384" />
  <largest-consumer threadName="Thread-9" threadId="000000000223E100" bytes="2911776" />
</allocation-stats>
<gc-op id="3511" type="mark" timems="2.197" contextid="3508" timestamp="2019-07-02T19:53:29.233">
  <trace-info objectcount="67345" scancount="59766" scanbytes="2308044" />
  <finalization candidates="124" enqueued="0" />
  <ownableSynchronizers candidates="3" cleared="0" />
  <references type="soft" candidates="84" cleared="0" enqueued="0" dynamicThreshold="20" maxThreshold="32" />
  <references type="weak" candidates="776" cleared="0" enqueued="0" />
  <references type="phantom" candidates="63" cleared="0" enqueued="0" />
  <stringconstants candidates="4574" cleared="0"  />
</gc-op>
<gc-op id="3512" type="sweep" timems="0.776" contextid="3508" timestamp="2019-07-02T19:53:29.233" />
<mem-info id="3513" free="7664136" total="12124160" percent="63">
  <mem type="tenure" free="7664136" total="12124160" percent="63" micro-fragmented="77582" macro-fragmented="0">
    <mem type="soa" free="7664136" total="12003328" percent="63" />
    <mem type="loa" free="0" total="120832" percent="0" />
  </mem>
</mem-info>
<gc-op id="3514" type="compact" timems="5.987" contextid="3508" timestamp="2019-07-02T19:53:29.240">
  <compact-info movecount="27596" movebytes="1213464" reason="compact to aid heap contraction" />
</gc-op>
<heap-resize id="3515" type="contract" space="tenure" amount="65536" count="1" timems="0.074" reason="excess free space following gc" timestamp="2019-07-02T19:53:29.240" />
<gc-end id="3516" type="global" contextid="3508" durationms="9.873" usertimems="16.000" systemtimems="0.000" timestamp="2019-07-02T19:53:29.240" activeThreads="4">
  <mem-info id="3517" free="7670184" total="12058624" percent="63">
    <mem type="tenure" free="7670184" total="12058624" percent="63">
      <mem type="soa" free="7670184" total="11938816" percent="64" />
      <mem type="loa" free="0" total="119808" percent="0" />
    </mem>
  </mem-info>
</gc-end>
<cycle-end id="3518" type="global" contextid="3508" timestamp="2019-07-02T19:53:29.240">
  <attribute name="GC Util" value="142" />
  <attribute name="CPU Util" value="18608432536117" />
  <attribute name="Time Running"value="4044"/>
  <attribute name="Number of cores"value="4"/>
</cycle-end>
<allocation-satisfied id="3519" threadId="0000000002245900" bytesRequested="40" />
<af-end id="3520" timestamp="2019-07-02T19:53:29.240" threadId="0000000002246288" success="true" />
<exclusive-end id="3521" timestamp="2019-07-02T19:53:29.240" durationms="10.697" />

<exclusive-start id="3522" timestamp="2019-07-02T19:53:29.246" intervalms="16.710">
  <response-info timems="0.199" idlems="0.187" threads="2" lastid="0000000002241D00" lastname="Thread-8" />
</exclusive-start>
<af-start id="3523" threadId="000000000223AE88" totalBytesRequested="40" timestamp="2019-07-02T19:53:29.247" intervalms="16.706" />
<cycle-start id="3524" type="global" contextid="0" timestamp="2019-07-02T19:53:29.247" intervalms="16.679" />
  <attribute name="GC Util" value="142" />
  <attribute name="CPU Util" value="18608432536117" />
  <attribute name="Time Running"value="4044"/>
  <attribute name="Number of cores"value="4"/>
<gc-start id="3525" type="global" contextid="3524" timestamp="2019-07-02T19:53:29.247">
  <mem-info id="3526" free="0" total="12058624" percent="0">
    <mem type="tenure" free="0" total="12058624" percent="0">
      <mem type="soa" free="0" total="11938816" percent="0" />
      <mem type="loa" free="0" total="119808" percent="0" />
    </mem>
  </mem-info>
</gc-start>
<allocation-stats totalBytes="7734688" >
  <allocated-bytes non-tlh="0" tlh="7734688" />
  <largest-consumer threadName="Thread-9" threadId="000000000223E100" bytes="2719480" />
</allocation-stats>
<gc-op id="3527" type="mark" timems="2.225" contextid="3524" timestamp="2019-07-02T19:53:29.249">
  <trace-info objectcount="68125" scancount="60542" scanbytes="2326884" />
  <finalization candidates="124" enqueued="0" />
  <ownableSynchronizers candidates="3" cleared="0" />
  <references type="soft" candidates="84" cleared="0" enqueued="0" dynamicThreshold="20" maxThreshold="32" />
  <references type="weak" candidates="776" cleared="0" enqueued="0" />
  <references type="phantom" candidates="63" cleared="0" enqueued="0" />
  <stringconstants candidates="4574" cleared="0"  />
</gc-op>
<gc-op id="3528" type="sweep" timems="0.719" contextid="3524" timestamp="2019-07-02T19:53:29.250" />
<heap-resize id="3529" type="contract" space="tenure" amount="65536" count="1" timems="0.071" reason="excess free space following gc" timestamp="2019-07-02T19:53:29.250" />
<gc-end id="3530" type="global" contextid="3524" durationms="3.389" usertimems="4.000" systemtimems="4.000" timestamp="2019-07-02T19:53:29.250" activeThreads="4">
  <mem-info id="3531" free="7695912" total="11993088" percent="64">
    <mem type="tenure" free="7695912" total="11993088" percent="64" micro-fragmented="3343" macro-fragmented="0">
      <mem type="soa" free="7630376" total="11873280" percent="64" />
      <mem type="loa" free="65536" total="119808" percent="54" />
    </mem>
  </mem-info>
</gc-end>
<cycle-end id="3532" type="global" contextid="3524" timestamp="2019-07-02T19:53:29.250">
  <attribute name="GC Util" value="253" />
  <attribute name="CPU Util" value="8113119873401" />
  <attribute name="Time Running"value="4060"/>
  <attribute name="Number of cores"value="4"/>
</cycle-end>
<allocation-satisfied id="3533" threadId="000000000223A500" bytesRequested="40" />
<af-end id="3534" timestamp="2019-07-02T19:53:29.250" threadId="000000000223AE88" success="true" />
<exclusive-end id="3535" timestamp="2019-07-02T19:53:29.251" durationms="4.060" />

<exclusive-start id="3536" timestamp="2019-07-02T19:53:29.256" intervalms="9.917">
  <response-info timems="0.029" idlems="0.029" threads="0" lastid="000000000223E100" lastname="Thread-9" />
</exclusive-start>
<af-start id="3537" threadId="000000000223EA88" totalBytesRequested="40" timestamp="2019-07-02T19:53:29.257" intervalms="9.917" />
<cycle-start id="3538" type="global" contextid="0" timestamp="2019-07-02T19:53:29.257" intervalms="9.865" />
  <attribute name="GC Util" value="253" />
  <attribute name="CPU Util" value="8113119873401" />
  <attribute name="Time Running"value="4060"/>
  <attribute name="Number of cores"value="4"/>
<gc-start id="3539" type="global" contextid="3538" timestamp="2019-07-02T19:53:29.257">
  <mem-info id="3540" free="65536" total="11993088" percent="0">
    <mem type="tenure" free="65536" total="11993088" percent="0">
      <mem type="soa" free="0" total="11873280" percent="0" />
      <mem type="loa" free="65536" total="119808" percent="54" />
    </mem>
  </mem-info>
</gc-start>
<allocation-stats totalBytes="7627896" >
  <allocated-bytes non-tlh="0" tlh="7627896" />
  <largest-consumer threadName="Thread-10" threadId="000000000223A500" bytes="2988576" />
</allocation-stats>
<gc-op id="3541" type="mark" timems="1.305" contextid="3538" timestamp="2019-07-02T19:53:29.258">
  <trace-info objectcount="68814" scancount="61229" scanbytes="2343436" />
  <finalization candidates="124" enqueued="0" />
  <ownableSynchronizers candidates="3" cleared="0" />
  <references type="soft" candidates="84" cleared="0" enqueued="0" dynamicThreshold="20" maxThreshold="32" />
  <references type="weak" candidates="776" cleared="0" enqueued="0" />
  <references type="phantom" candidates="63" cleared="0" enqueued="0" />
  <stringconstants candidates="4574" cleared="0"  />
</gc-op>
<gc-op id="3542" type="sweep" timems="0.280" contextid="3538" timestamp="2019-07-02T19:53:29.259" />
<heap-resize id="3543" type="contract" space="tenure" amount="65536" count="1" timems="0.077" reason="excess free space following gc" timestamp="2019-07-02T19:53:29.259" />
<gc-end id="3544" type="global" contextid="3538" durationms="2.158" usertimems="8.000" systemtimems="0.000" timestamp="2019-07-02T19:53:29.259" activeThreads="4">
  <mem-info id="3545" free="7541888" total="11927552" percent="63">
    <mem type="tenure" free="7541888" total="11927552" percent="63" micro-fragmented="0" macro-fragmented="0">
      <mem type="soa" free="7541888" total="11808768" percent="63" />
      <mem type="loa" free="0" total="118784" percent="0" />
    </mem>
  </mem-info>
</gc-end>
<cycle-end id="3546" type="global" contextid="3538" timestamp="2019-07-02T19:53:29.259">
  <attribute name="GC Util" value="194" />
  <attribute name="CPU Util" value="13223908362446" />
  <attribute name="Time Running"value="4069"/>
  <attribute name="Number of cores"value="4"/>
</cycle-end>
<allocation-satisfied id="3547" threadId="000000000223E100" bytesRequested="40" />
<af-end id="3548" timestamp="2019-07-02T19:53:29.259" threadId="000000000223EA88" success="true" />
<exclusive-end id="3549" timestamp="2019-07-02T19:53:29.259" durationms="2.811" />

<exclusive-start id="3550" timestamp="2019-07-02T19:53:29.266" intervalms="9.192">
  <response-info timems="0.199" idlems="0.183" threads="1" lastid="0000000002241D00" lastname="Thread-8" />
</exclusive-start>
<af-start id="3551" threadId="000000000223AE88" totalBytesRequested="40" timestamp="2019-07-02T19:53:29.266" intervalms="9.147" />
<cycle-start id="3552" type="global" contextid="0" timestamp="2019-07-02T19:53:29.266" intervalms="9.193" />
  <attribute name="GC Util" value="194" />
  <attribute name="CPU Util" value="13223908362446" />
  <attribute name="Time Running"value="4069"/>
  <attribute name="Number of cores"value="4"/>
<gc-start id="3553" type="global" contextid="3552" timestamp="2019-07-02T19:53:29.266">
  <mem-info id="3554" free="0" total="11927552" percent="0">
    <mem type="tenure" free="0" total="11927552" percent="0">
      <mem type="soa" free="0" total="11808768" percent="0" />
      <mem type="loa" free="0" total="118784" percent="0" />
    </mem>
  </mem-info>
</gc-start>
<allocation-stats totalBytes="7535088" >
  <allocated-bytes non-tlh="0" tlh="7535088" />
  <largest-consumer threadName="Thread-8" threadId="0000000002241D00" bytes="2924088" />
</allocation-stats>
<gc-op id="3555" type="mark" timems="2.164" contextid="3552" timestamp="2019-07-02T19:53:29.268">
  <trace-info objectcount="69425" scancount="61836" scanbytes="2357860" />
  <finalization candidates="124" enqueued="0" />
  <ownableSynchronizers candidates="3" cleared="0" />
  <references type="soft" candidates="84" cleared="0" enqueued="0" dynamicThreshold="20" maxThreshold="32" />
  <references type="weak" candidates="776" cleared="0" enqueued="0" />
  <references type="phantom" candidates="63" cleared="0" enqueued="0" />
  <stringconstants candidates="4574" cleared="0"  />
</gc-op>
<gc-op id="3556" type="sweep" timems="0.834" contextid="3552" timestamp="2019-07-02T19:53:29.269" />
<heap-resize id="3557" type="contract" space="tenure" amount="65536" count="1" timems="0.052" reason="excess free space following gc" timestamp="2019-07-02T19:53:29.269" />
<gc-end id="3558" type="global" contextid="3552" durationms="3.523" usertimems="4.000" systemtimems="4.000" timestamp="2019-07-02T19:53:29.269" activeThreads="4">
  <mem-info id="3559" free="7447816" total="11862016" percent="62">
    <mem type="tenure" free="7447816" total="11862016" percent="62" micro-fragmented="9237" macro-fragmented="0">
      <mem type="soa" free="7447816" total="11744256" percent="63" />
      <mem type="loa" free="0" total="117760" percent="0" />
    </mem>
  </mem-info>
</gc-end>
<cycle-end id="3560" type="global" contextid="3552" timestamp="2019-07-02T19:53:29.270">
  <attribute name="GC Util" value="233" />
  <attribute name="CPU Util" value="8181357432814" />
  <attribute name="Time Running"value="4079"/>
  <attribute name="Number of cores"value="4"/>
</cycle-end>
<allocation-satisfied id="3561" threadId="000000000223A500" bytesRequested="40" />
<af-end id="3562" timestamp="2019-07-02T19:53:29.270" threadId="000000000223AE88" success="true" />
<exclusive-end id="3563" timestamp="2019-07-02T19:53:29.270" durationms="4.193" />

<exclusive-start id="3564" timestamp="2019-07-02T19:53:29.276" intervalms="10.040">
  <response-info timems="0.215" idlems="0.116" threads="1" lastid="000000000223A500" lastname="Thread-10" />
</exclusive-start>
<af-start id="3565" threadId="0000000002242688" totalBytesRequested="40" timestamp="2019-07-02T19:53:29.276" intervalms="10.064" />
<cycle-start id="3566" type="global" contextid="0" timestamp="2019-07-02T19:53:29.276" intervalms="10.040" />
  <attribute name="GC Util" value="233" />
  <attribute name="CPU Util" value="8181357432814" />
  <attribute name="Time Running"value="4079"/>
  <attribute name="Number of cores"value="4"/>
<gc-start id="3567" type="global" contextid="3566" timestamp="2019-07-02T19:53:29.276">
  <mem-info id="3568" free="0" total="11862016" percent="0">
    <mem type="tenure" free="0" total="11862016" percent="0">
      <mem type="soa" free="0" total="11744256" percent="0" />
      <mem type="loa" free="0" total="117760" percent="0" />
    </mem>
  </mem-info>
</gc-start>
<allocation-stats totalBytes="7437064" >
  <allocated-bytes non-tlh="0" tlh="7437064" />
  <largest-consumer threadName="Thread-9" threadId="000000000223E100" bytes="2835296" />
</allocation-stats>
<gc-op id="3569" type="mark" timems="2.155" contextid="3566" timestamp="2019-07-02T19:53:29.278">
  <trace-info objectcount="70721" scancount="63144" scanbytes="2388780" />
  <finalization candidates="124" enqueued="0" />
  <ownableSynchronizers candidates="3" cleared="0" />
  <references type="soft" candidates="84" cleared="0" enqueued="0" dynamicThreshold="20" maxThreshold="32" />
  <references type="weak" candidates="776" cleared="0" enqueued="0" />
  <references type="phantom" candidates="63" cleared="0" enqueued="0" />
  <stringconstants candidates="4574" cleared="0"  />
</gc-op>
<gc-op id="3570" type="sweep" timems="0.771" contextid="3566" timestamp="2019-07-02T19:53:29.279" />
<mem-info id="3571" free="7364752" total="11862016" percent="62">
  <mem type="tenure" free="7364752" total="11862016" percent="62" micro-fragmented="13088" macro-fragmented="0">
    <mem type="soa" free="7364752" total="11744256" percent="62" />
    <mem type="loa" free="0" total="117760" percent="0" />
  </mem>
</mem-info>
<gc-op id="3572" type="compact" timems="5.642" contextid="3566" timestamp="2019-07-02T19:53:29.285">
  <compact-info movecount="17452" movebytes="694968" reason="compact to aid heap contraction" />
</gc-op>
<heap-resize id="3573" type="contract" space="tenure" amount="65536" count="1" timems="0.042" reason="excess free space following gc" timestamp="2019-07-02T19:53:29.285" />
<gc-end id="3574" type="global" contextid="3566" durationms="9.438" usertimems="16.000" systemtimems="0.000" timestamp="2019-07-02T19:53:29.285" activeThreads="4">
  <mem-info id="3575" free="7394888" total="11796480" percent="62">
    <mem type="tenure" free="7394888" total="11796480" percent="62">
      <mem type="soa" free="7329352" total="11678720" percent="62" />
      <mem type="loa" free="65536" total="117760" percent="55" />
    </mem>
  </mem-info>
</gc-end>
<cycle-end id="3576" type="global" contextid="3566" timestamp="2019-07-02T19:53:29.286">
  <attribute name="GC Util" value="147" />
  <attribute name="CPU Util" value="18369152561811" />
  <attribute name="Time Running"value="4090"/>
  <attribute name="Number of cores"value="4"/>
</cycle-end>
<allocation-satisfied id="3577" threadId="0000000002241D00" bytesRequested="40" />
<af-end id="3578" timestamp="2019-07-02T19:53:29.286" threadId="0000000002242688" success="true" />
<exclusive-end id="3579" timestamp="2019-07-02T19:53:29.286" durationms="10.391" />

<exclusive-start id="3580" timestamp="2019-07-02T19:53:29.295" intervalms="18.943">
  <response-info timems="0.169" idlems="0.114" threads="1" lastid="0000000002241D00" lastname="Thread-8" />
</exclusive-start>
<af-start id="3581" threadId="000000000223AE88" totalBytesRequested="40" timestamp="2019-07-02T19:53:29.295" intervalms="18.941" />
<cycle-start id="3582" type="global" contextid="0" timestamp="2019-07-02T19:53:29.295" intervalms="18.977" />
  <attribute name="GC Util" value="147" />
  <attribute name="CPU Util" value="18369152561811" />
  <attribute name="Time Running"value="4090"/>
  <attribute name="Number of cores"value="4"/>
<gc-start id="3583" type="global" contextid="3582" timestamp="2019-07-02T19:53:29.295">
  <mem-info id="3584" free="65536" total="11796480" percent="0">
    <mem type="tenure" free="65536" total="11796480" percent="0">
      <mem type="soa" free="0" total="11678720" percent="0" />
      <mem type="loa" free="65536" total="117760" percent="55" />
    </mem>
  </mem-info>
</gc-start>
<allocation-stats totalBytes="7394280" >
  <allocated-bytes non-tlh="0" tlh="7394280" />
  <largest-consumer threadName="Thread-10" threadId="000000000223A500" bytes="3003688" />
</allocation-stats>
<gc-op id="3585" type="mark" timems="1.358" contextid="3582" timestamp="2019-07-02T19:53:29.296">
  <trace-info objectcount="74085" scancount="66507" scanbytes="2469316" />
  <finalization candidates="124" enqueued="0" />
  <ownableSynchronizers candidates="3" cleared="0" />
  <references type="soft" candidates="84" cleared="0" enqueued="0" dynamicThreshold="20" maxThreshold="32" />
  <references type="weak" candidates="776" cleared="0" enqueued="0" />
  <references type="phantom" candidates="63" cleared="0" enqueued="0" />
  <stringconstants candidates="4574" cleared="0"  />
</gc-op>
<gc-op id="3586" type="sweep" timems="0.258" contextid="3582" timestamp="2019-07-02T19:53:29.297" />
<heap-resize id="3587" type="contract" space="tenure" amount="65536" count="1" timems="0.090" reason="excess free space following gc" timestamp="2019-07-02T19:53:29.297" />
<gc-end id="3588" type="global" contextid="3582" durationms="2.190" usertimems="8.000" systemtimems="0.000" timestamp="2019-07-02T19:53:29.297" activeThreads="4">
  <mem-info id="3589" free="7246288" total="11730944" percent="61">
    <mem type="tenure" free="7246288" total="11730944" percent="61" micro-fragmented="770" macro-fragmented="0">
      <mem type="soa" free="7246288" total="11614208" percent="62" />
      <mem type="loa" free="0" total="116736" percent="0" />
    </mem>
  </mem-info>
</gc-end>
<cycle-end id="3590" type="global" contextid="3582" timestamp="2019-07-02T19:53:29.297">
  <attribute name="GC Util" value="199" />
  <attribute name="CPU Util" value="12843846858320" />
  <attribute name="Time Running"value="4107"/>
  <attribute name="Number of cores"value="4"/>
</cycle-end>
<allocation-satisfied id="3591" threadId="000000000223A500" bytesRequested="40" />
<af-end id="3592" timestamp="2019-07-02T19:53:29.297" threadId="000000000223AE88" success="true" />
<exclusive-end id="3593" timestamp="2019-07-02T19:53:29.298" durationms="3.066" />

<exclusive-start id="3594" timestamp="2019-07-02T19:53:29.304" intervalms="9.585">
  <response-info timems="0.045" idlems="0.045" threads="0" lastid="000000000223E100" lastname="Thread-9" />
</exclusive-start>
<af-start id="3595" threadId="000000000223EA88" totalBytesRequested="24" timestamp="2019-07-02T19:53:29.304" intervalms="9.562" />
<cycle-start id="3596" type="global" contextid="0" timestamp="2019-07-02T19:53:29.304" intervalms="9.530" />
  <attribute name="GC Util" value="199" />
  <attribute name="CPU Util" value="12843846858320" />
  <attribute name="Time Running"value="4107"/>
  <attribute name="Number of cores"value="4"/>
<gc-start id="3597" type="global" contextid="3596" timestamp="2019-07-02T19:53:29.304">
  <mem-info id="3598" free="0" total="11730944" percent="0">
    <mem type="tenure" free="0" total="11730944" percent="0">
      <mem type="soa" free="0" total="11614208" percent="0" />
      <mem type="loa" free="0" total="116736" percent="0" />
    </mem>
  </mem-info>
</gc-start>
<allocation-stats totalBytes="7241720" >
  <allocated-bytes non-tlh="19056" tlh="7222664" />
  <largest-consumer threadName="Thread-9" threadId="000000000223E100" bytes="2783600" />
</allocation-stats>
<gc-op id="3599" type="mark" timems="1.262" contextid="3596" timestamp="2019-07-02T19:53:29.306">
  <trace-info objectcount="69010" scancount="61431" scanbytes="2348124" />
  <finalization candidates="124" enqueued="0" />
  <ownableSynchronizers candidates="3" cleared="0" />
  <references type="soft" candidates="84" cleared="0" enqueued="0" dynamicThreshold="19" maxThreshold="32" />
  <references type="weak" candidates="776" cleared="0" enqueued="0" />
  <references type="phantom" candidates="63" cleared="0" enqueued="0" />
  <stringconstants candidates="4574" cleared="0"  />
</gc-op>
<gc-op id="3600" type="sweep" timems="0.263" contextid="3596" timestamp="2019-07-02T19:53:29.306" />
<heap-resize id="3601" type="contract" space="tenure" amount="65536" count="1" timems="0.096" reason="excess free space following gc" timestamp="2019-07-02T19:53:29.306" />
<gc-end id="3602" type="global" contextid="3596" durationms="2.135" usertimems="4.000" systemtimems="0.000" timestamp="2019-07-02T19:53:29.307" activeThreads="4">
  <mem-info id="3603" free="7187480" total="11665408" percent="61">
    <mem type="tenure" free="7187480" total="11665408" percent="61" micro-fragmented="99353" macro-fragmented="0">
      <mem type="soa" free="7187480" total="11549696" percent="62" />
      <mem type="loa" free="0" total="115712" percent="0" />
    </mem>
  </mem-info>
</gc-end>
<cycle-end id="3604" type="global" contextid="3596" timestamp="2019-07-02T19:53:29.307">
  <attribute name="GC Util" value="206" />
  <attribute name="CPU Util" value="13656950773421" />
  <attribute name="Time Running"value="4116"/>
  <attribute name="Number of cores"value="4"/>
</cycle-end>
<allocation-satisfied id="3605" threadId="000000000223E100" bytesRequested="24" />
<af-end id="3606" timestamp="2019-07-02T19:53:29.307" threadId="000000000223EA88" success="true" />
<exclusive-end id="3607" timestamp="2019-07-02T19:53:29.307" durationms="2.885" />

<exclusive-start id="3608" timestamp="2019-07-02T19:53:29.313" intervalms="8.660">
  <response-info timems="0.029" idlems="0.029" threads="0" lastid="0000000002245900" lastname="Thread-7" />
</exclusive-start>
<af-start id="3609" threadId="0000000002246288" totalBytesRequested="40" timestamp="2019-07-02T19:53:29.313" intervalms="8.730" />
<cycle-start id="3610" type="global" contextid="0" timestamp="2019-07-02T19:53:29.313" intervalms="8.768" />
  <attribute name="GC Util" value="206" />
  <attribute name="CPU Util" value="13656950773421" />
  <attribute name="Time Running"value="4116"/>
  <attribute name="Number of cores"value="4"/>
<gc-start id="3611" type="global" contextid="3610" timestamp="2019-07-02T19:53:29.313">
  <mem-info id="3612" free="0" total="11665408" percent="0">
    <mem type="tenure" free="0" total="11665408" percent="0">
      <mem type="soa" free="0" total="11549696" percent="0" />
      <mem type="loa" free="0" total="115712" percent="0" />
    </mem>
  </mem-info>
</gc-start>
<allocation-stats totalBytes="7197048" >
  <allocated-bytes non-tlh="0" tlh="7197048" />
  <largest-consumer threadName="Thread-9" threadId="000000000223E100" bytes="3065280" />
</allocation-stats>
<gc-op id="3613" type="mark" timems="1.868" contextid="3610" timestamp="2019-07-02T19:53:29.315">
  <trace-info objectcount="69752" scancount="62181" scanbytes="2365716" />
  <finalization candidates="124" enqueued="0" />
  <ownableSynchronizers candidates="3" cleared="0" />
  <references type="soft" candidates="84" cleared="0" enqueued="0" dynamicThreshold="19" maxThreshold="32" />
  <references type="weak" candidates="776" cleared="0" enqueued="0" />
  <references type="phantom" candidates="63" cleared="0" enqueued="0" />
  <stringconstants candidates="4574" cleared="0"  />
</gc-op>
<gc-op id="3614" type="sweep" timems="0.752" contextid="3610" timestamp="2019-07-02T19:53:29.316" />
<mem-info id="3615" free="7221464" total="11665408" percent="61">
  <mem type="tenure" free="7221464" total="11665408" percent="61" micro-fragmented="111720" macro-fragmented="0">
    <mem type="soa" free="7155752" total="11549696" percent="61" />
    <mem type="loa" free="65712" total="115712" percent="56" />
  </mem>
</mem-info>
<gc-op id="3616" type="compact" timems="6.205" contextid="3610" timestamp="2019-07-02T19:53:29.322">
  <compact-info movecount="29984" movebytes="1270680" reason="compact to aid heap contraction" />
</gc-op>
<heap-resize id="3617" type="contract" space="tenure" amount="65536" count="1" timems="0.079" reason="excess free space following gc" timestamp="2019-07-02T19:53:29.323" />
<gc-end id="3618" type="global" contextid="3610" durationms="9.653" usertimems="16.000" systemtimems="0.000" timestamp="2019-07-02T19:53:29.323" activeThreads="4">
  <mem-info id="3619" free="7223392" total="11599872" percent="62">
    <mem type="tenure" free="7223392" total="11599872" percent="62">
      <mem type="soa" free="7157856" total="11484160" percent="62" />
      <mem type="loa" free="65536" total="115712" percent="56" />
    </mem>
  </mem-info>
</gc-end>
<cycle-end id="3620" type="global" contextid="3610" timestamp="2019-07-02T19:53:29.323">
  <attribute name="GC Util" value="152" />
  <attribute name="CPU Util" value="19085023381777" />
  <attribute name="Time Running"value="4127"/>
  <attribute name="Number of cores"value="4"/>
</cycle-end>
<allocation-satisfied id="3621" threadId="0000000002245900" bytesRequested="40" />
<af-end id="3622" timestamp="2019-07-02T19:53:29.323" threadId="0000000002246288" success="true" />
<exclusive-end id="3623" timestamp="2019-07-02T19:53:29.323" durationms="10.494" />

<exclusive-start id="3624" timestamp="2019-07-02T19:53:29.329" intervalms="16.440">
  <response-info timems="0.028" idlems="0.028" threads="0" lastid="0000000002245900" lastname="Thread-7" />
</exclusive-start>
<af-start id="3625" threadId="0000000002246288" totalBytesRequested="40" timestamp="2019-07-02T19:53:29.329" intervalms="16.406" />
<cycle-start id="3626" type="global" contextid="0" timestamp="2019-07-02T19:53:29.329" intervalms="16.369" />
  <attribute name="GC Util" value="152" />
  <attribute name="CPU Util" value="19085023381777" />
  <attribute name="Time Running"value="4127"/>
  <attribute name="Number of cores"value="4"/>
<gc-start id="3627" type="global" contextid="3626" timestamp="2019-07-02T19:53:29.330">
  <mem-info id="3628" free="65536" total="11599872" percent="0">
    <mem type="tenure" free="65536" total="11599872" percent="0">
      <mem type="soa" free="0" total="11484160" percent="0" />
      <mem type="loa" free="65536" total="115712" percent="56" />
    </mem>
  </mem-info>
</gc-start>
<allocation-stats totalBytes="7222656" >
  <allocated-bytes non-tlh="0" tlh="7222656" />
  <largest-consumer threadName="Thread-10" threadId="000000000223A500" bytes="3094216" />
</allocation-stats>
<gc-op id="3629" type="mark" timems="2.250" contextid="3626" timestamp="2019-07-02T19:53:29.332">
  <trace-info objectcount="66830" scancount="59252" scanbytes="2295556" />
  <finalization candidates="124" enqueued="0" />
  <ownableSynchronizers candidates="3" cleared="0" />
  <references type="soft" candidates="84" cleared="0" enqueued="0" dynamicThreshold="19" maxThreshold="32" />
  <references type="weak" candidates="776" cleared="0" enqueued="0" />
  <references type="phantom" candidates="63" cleared="0" enqueued="0" />
  <stringconstants candidates="4574" cleared="0"  />
</gc-op>
<gc-op id="3630" type="sweep" timems="0.690" contextid="3626" timestamp="2019-07-02T19:53:29.333" />
<heap-resize id="3631" type="contract" space="tenure" amount="65536" count="1" timems="0.082" reason="excess free space following gc" timestamp="2019-07-02T19:53:29.333" />
<gc-end id="3632" type="global" contextid="3626" durationms="3.434" usertimems="8.000" systemtimems="0.000" timestamp="2019-07-02T19:53:29.333" activeThreads="4">
  <mem-info id="3633" free="7126128" total="11534336" percent="61">
    <mem type="tenure" free="7126128" total="11534336" percent="61" micro-fragmented="103760" macro-fragmented="0">
      <mem type="soa" free="7126128" total="11419648" percent="62" />
      <mem type="loa" free="0" total="114688" percent="0" />
    </mem>
  </mem-info>
</gc-end>
<cycle-end id="3634" type="global" contextid="3626" timestamp="2019-07-02T19:53:29.333">
  <attribute name="GC Util" value="260" />
  <attribute name="CPU Util" value="7991422264270" />
  <attribute name="Time Running"value="4142"/>
  <attribute name="Number of cores"value="4"/>
</cycle-end>
<allocation-satisfied id="3635" threadId="0000000002245900" bytesRequested="40" />
<af-end id="3636" timestamp="2019-07-02T19:53:29.333" threadId="0000000002246288" success="true" />
<exclusive-end id="3637" timestamp="2019-07-02T19:53:29.333" durationms="4.046" />

<exclusive-start id="3638" timestamp="2019-07-02T19:53:29.339" intervalms="9.560">
  <response-info timems="0.029" idlems="0.029" threads="0" lastid="0000000002241D00" lastname="Thread-8" />
</exclusive-start>
<af-start id="3639" threadId="0000000002242688" totalBytesRequested="40" timestamp="2019-07-02T19:53:29.339" intervalms="9.551" />
<cycle-start id="3640" type="global" contextid="0" timestamp="2019-07-02T19:53:29.339" intervalms="9.547" />
  <attribute name="GC Util" value="260" />
  <attribute name="CPU Util" value="7991422264270" />
  <attribute name="Time Running"value="4142"/>
  <attribute name="Number of cores"value="4"/>
<gc-start id="3641" type="global" contextid="3640" timestamp="2019-07-02T19:53:29.339">
  <mem-info id="3642" free="0" total="11534336" percent="0">
    <mem type="tenure" free="0" total="11534336" percent="0">
      <mem type="soa" free="0" total="11419648" percent="0" />
      <mem type="loa" free="0" total="114688" percent="0" />
    </mem>
  </mem-info>
</gc-start>
<allocation-stats totalBytes="7122520" >
  <allocated-bytes non-tlh="0" tlh="7122520" />
  <largest-consumer threadName="Thread-10" threadId="000000000223A500" bytes="2684920" />
</allocation-stats>
<gc-op id="3643" type="mark" timems="2.237" contextid="3640" timestamp="2019-07-02T19:53:29.341">
  <trace-info objectcount="69279" scancount="61708" scanbytes="2354468" />
  <finalization candidates="124" enqueued="0" />
  <ownableSynchronizers candidates="3" cleared="0" />
  <references type="soft" candidates="84" cleared="0" enqueued="0" dynamicThreshold="19" maxThreshold="32" />
  <references type="weak" candidates="776" cleared="0" enqueued="0" />
  <references type="phantom" candidates="63" cleared="0" enqueued="0" />
  <stringconstants candidates="4574" cleared="0"  />
</gc-op>
<gc-op id="3644" type="sweep" timems="0.724" contextid="3640" timestamp="2019-07-02T19:53:29.342" />
<gc-end id="3645" type="global" contextid="3640" durationms="3.261" usertimems="12.000" systemtimems="0.000" timestamp="2019-07-02T19:53:29.342" activeThreads="4">
  <mem-info id="3646" free="7051648" total="11534336" percent="61">
    <mem type="tenure" free="7051648" total="11534336" percent="61" micro-fragmented="62945" macro-fragmented="0">
      <mem type="soa" free="7051648" total="11419648" percent="61" />
      <mem type="loa" free="0" total="114688" percent="0" />
    </mem>
  </mem-info>
</gc-end>
<cycle-end id="3647" type="global" contextid="3640" timestamp="2019-07-02T19:53:29.342">
  <attribute name="GC Util" value="223" />
  <attribute name="CPU Util" value="7928668014484" />
  <attribute name="Time Running"value="4152"/>
  <attribute name="Number of cores"value="4"/>
</cycle-end>
<allocation-satisfied id="3648" threadId="0000000002241D00" bytesRequested="40" />
<af-end id="3649" timestamp="2019-07-02T19:53:29.343" threadId="0000000002242688" success="true" />
<exclusive-end id="3650" timestamp="2019-07-02T19:53:29.343" durationms="3.878" />

<exclusive-start id="3651" timestamp="2019-07-02T19:53:29.348" intervalms="9.466">
  <response-info timems="0.028" idlems="0.028" threads="0" lastid="0000000002245900" lastname="Thread-7" />
</exclusive-start>
<af-start id="3652" threadId="0000000002246288" totalBytesRequested="40" timestamp="2019-07-02T19:53:29.348" intervalms="9.460" />
<cycle-start id="3653" type="global" contextid="0" timestamp="2019-07-02T19:53:29.348" intervalms="9.459" />
  <attribute name="GC Util" value="223" />
  <attribute name="CPU Util" value="7928668014484" />
  <attribute name="Time Running"value="4152"/>
  <attribute name="Number of cores"value="4"/>
<gc-start id="3654" type="global" contextid="3653" timestamp="2019-07-02T19:53:29.349">
  <mem-info id="3655" free="0" total="11534336" percent="0">
    <mem type="tenure" free="0" total="11534336" percent="0">
      <mem type="soa" free="0" total="11419648" percent="0" />
      <mem type="loa" free="0" total="114688" percent="0" />
    </mem>
  </mem-info>
</gc-start>
<allocation-stats totalBytes="7043048" >
  <allocated-bytes non-tlh="0" tlh="7043048" />
  <largest-consumer threadName="Thread-8" threadId="0000000002241D00" bytes="2686536" />
</allocation-stats>
<gc-op id="3656" type="mark" timems="2.102" contextid="3653" timestamp="2019-07-02T19:53:29.351">
  <trace-info objectcount="70898" scancount="63324" scanbytes="2393292" />
  <finalization candidates="124" enqueued="0" />
  <ownableSynchronizers candidates="3" cleared="0" />
  <references type="soft" candidates="84" cleared="0" enqueued="0" dynamicThreshold="19" maxThreshold="32" />
  <references type="weak" candidates="776" cleared="0" enqueued="0" />
  <references type="phantom" candidates="63" cleared="0" enqueued="0" />
  <stringconstants candidates="4574" cleared="0"  />
</gc-op>
<gc-op id="3657" type="sweep" timems="0.591" contextid="3653" timestamp="2019-07-02T19:53:29.351" />
<gc-end id="3658" type="global" contextid="3653" durationms="2.994" usertimems="8.000" systemtimems="0.000" timestamp="2019-07-02T19:53:29.352" activeThreads="4">
  <mem-info id="3659" free="6977008" total="11534336" percent="60">
    <mem type="tenure" free="6977008" total="11534336" percent="60" micro-fragmented="118256" macro-fragmented="0">
      <mem type="soa" free="6977008" total="11419648" percent="61" />
      <mem type="loa" free="0" total="114688" percent="0" />
    </mem>
  </mem-info>
</gc-end>
<cycle-end id="3660" type="global" contextid="3653" timestamp="2019-07-02T19:53:29.352">
  <attribute name="GC Util" value="254" />
  <attribute name="CPU Util" value="8400462611444" />
  <attribute name="Time Running"value="4161"/>
  <attribute name="Number of cores"value="4"/>
</cycle-end>
<allocation-satisfied id="3661" threadId="0000000002245900" bytesRequested="40" />
<af-end id="3662" timestamp="2019-07-02T19:53:29.352" threadId="0000000002246288" success="true" />
<exclusive-end id="3663" timestamp="2019-07-02T19:53:29.352" durationms="3.584" />

<exclusive-start id="3664" timestamp="2019-07-02T19:53:29.358" intervalms="9.445">
  <response-info timems="0.040" idlems="0.026" threads="1" lastid="0000000002241D00" lastname="Thread-8" />
</exclusive-start>
<af-start id="3665" threadId="0000000002246288" totalBytesRequested="40" timestamp="2019-07-02T19:53:29.358" intervalms="9.443" />
<cycle-start id="3666" type="global" contextid="0" timestamp="2019-07-02T19:53:29.358" intervalms="9.443" />
  <attribute name="GC Util" value="254" />
  <attribute name="CPU Util" value="8400462611444" />
  <attribute name="Time Running"value="4161"/>
  <attribute name="Number of cores"value="4"/>
<gc-start id="3667" type="global" contextid="3666" timestamp="2019-07-02T19:53:29.358">
  <mem-info id="3668" free="0" total="11534336" percent="0">
    <mem type="tenure" free="0" total="11534336" percent="0">
      <mem type="soa" free="0" total="11419648" percent="0" />
      <mem type="loa" free="0" total="114688" percent="0" />
    </mem>
  </mem-info>
</gc-start>
<allocation-stats totalBytes="6965280" >
  <allocated-bytes non-tlh="0" tlh="6965280" />
  <largest-consumer threadName="Thread-10" threadId="000000000223A500" bytes="2884464" />
</allocation-stats>
<gc-op id="3669" type="mark" timems="2.373" contextid="3666" timestamp="2019-07-02T19:53:29.360">
  <trace-info objectcount="74536" scancount="66961" scanbytes="2480276" />
  <finalization candidates="124" enqueued="0" />
  <ownableSynchronizers candidates="3" cleared="0" />
  <references type="soft" candidates="84" cleared="0" enqueued="0" dynamicThreshold="19" maxThreshold="32" />
  <references type="weak" candidates="776" cleared="0" enqueued="0" />
  <references type="phantom" candidates="63" cleared="0" enqueued="0" />
  <stringconstants candidates="4574" cleared="0"  />
</gc-op>
<gc-op id="3670" type="sweep" timems="0.649" contextid="3666" timestamp="2019-07-02T19:53:29.361" />
<heap-resize id="3671" type="expand" space="tenure" amount="1048576" count="1" timems="0.041" reason="excessive time being spent in gc" timestamp="2019-07-02T19:53:29.361" />
<gc-end id="3672" type="global" contextid="3666" durationms="3.425" usertimems="8.000" systemtimems="0.000" timestamp="2019-07-02T19:53:29.361" activeThreads="4">
  <mem-info id="3673" free="7901992" total="12582912" percent="62">
    <mem type="tenure" free="7901992" total="12582912" percent="62" micro-fragmented="100679" macro-fragmented="0">
      <mem type="soa" free="7777064" total="12457984" percent="62" />
      <mem type="loa" free="124928" total="124928" percent="100" />
    </mem>
  </mem-info>
</gc-end>
<cycle-end id="3674" type="global" contextid="3666" timestamp="2019-07-02T19:53:29.361">
  <attribute name="GC Util" value="246" />
  <attribute name="CPU Util" value="7589893930909" />
  <attribute name="Time Running"value="4171"/>
  <attribute name="Number of cores"value="4"/>
</cycle-end>
<allocation-satisfied id="3675" threadId="0000000002245900" bytesRequested="40" />
<af-end id="3676" timestamp="2019-07-02T19:53:29.362" threadId="0000000002246288" success="true" />
<exclusive-end id="3677" timestamp="2019-07-02T19:53:29.362" durationms="3.902" />

<exclusive-start id="3678" timestamp="2019-07-02T19:53:29.369" intervalms="10.955">
  <response-info timems="0.090" idlems="0.090" threads="0" lastid="000000000223A500" lastname="Thread-10" />
</exclusive-start>
<af-start id="3679" threadId="000000000223AE88" totalBytesRequested="40" timestamp="2019-07-02T19:53:29.369" intervalms="10.955" />
<cycle-start id="3680" type="global" contextid="0" timestamp="2019-07-02T19:53:29.369" intervalms="10.925" />
  <attribute name="GC Util" value="246" />
  <attribute name="CPU Util" value="7589893930909" />
  <attribute name="Time Running"value="4171"/>
  <attribute name="Number of cores"value="4"/>
<gc-start id="3681" type="global" contextid="3680" timestamp="2019-07-02T19:53:29.369">
  <mem-info id="3682" free="124928" total="12582912" percent="0">
    <mem type="tenure" free="124928" total="12582912" percent="0">
      <mem type="soa" free="0" total="12457984" percent="0" />
      <mem type="loa" free="124928" total="124928" percent="100" />
    </mem>
  </mem-info>
</gc-start>
<allocation-stats totalBytes="7761264" >
  <allocated-bytes non-tlh="19056" tlh="7742208" />
  <largest-consumer threadName="Thread-9" threadId="000000000223E100" bytes="3486392" />
</allocation-stats>
<gc-op id="3683" type="mark" timems="1.240" contextid="3680" timestamp="2019-07-02T19:53:29.370">
  <trace-info objectcount="70221" scancount="62650" scanbytes="2376388" />
  <finalization candidates="124" enqueued="0" />
  <ownableSynchronizers candidates="3" cleared="0" />
  <references type="soft" candidates="84" cleared="0" enqueued="0" dynamicThreshold="20" maxThreshold="32" />
  <references type="weak" candidates="776" cleared="0" enqueued="0" />
  <references type="phantom" candidates="63" cleared="0" enqueued="0" />
  <stringconstants candidates="4574" cleared="0"  />
</gc-op>
<gc-op id="3684" type="sweep" timems="0.309" contextid="3680" timestamp="2019-07-02T19:53:29.371" />
<gc-end id="3685" type="global" contextid="3680" durationms="1.890" usertimems="0.000" systemtimems="4.000" timestamp="2019-07-02T19:53:29.371" activeThreads="4">
  <mem-info id="3686" free="8125208" total="12582912" percent="64">
    <mem type="tenure" free="8125208" total="12582912" percent="64" micro-fragmented="122966" macro-fragmented="0">
      <mem type="soa" free="8000280" total="12457984" percent="64" />
      <mem type="loa" free="124928" total="124928" percent="100" />
    </mem>
  </mem-info>
</gc-end>
<cycle-end id="3687" type="global" contextid="3680" timestamp="2019-07-02T19:53:29.371">
  <attribute name="GC Util" value="210" />
  <attribute name="CPU Util" value="13856677773889" />
  <attribute name="Time Running"value="4181"/>
  <attribute name="Number of cores"value="4"/>
</cycle-end>
<allocation-satisfied id="3688" threadId="000000000223A500" bytesRequested="40" />
<af-end id="3689" timestamp="2019-07-02T19:53:29.371" threadId="000000000223AE88" success="true" />
<exclusive-end id="3690" timestamp="2019-07-02T19:53:29.371" durationms="2.499" />

<exclusive-start id="3691" timestamp="2019-07-02T19:53:29.377" intervalms="8.454">
  <response-info timems="0.049" idlems="0.049" threads="0" lastid="000000000223A500" lastname="Thread-10" />
</exclusive-start>
<af-start id="3692" threadId="000000000223AE88" totalBytesRequested="40" timestamp="2019-07-02T19:53:29.377" intervalms="8.485" />
<cycle-start id="3693" type="global" contextid="0" timestamp="2019-07-02T19:53:29.377" intervalms="8.515" />
  <attribute name="GC Util" value="210" />
  <attribute name="CPU Util" value="13856677773889" />
  <attribute name="Time Running"value="4181"/>
  <attribute name="Number of cores"value="4"/>
<gc-start id="3694" type="global" contextid="3693" timestamp="2019-07-02T19:53:29.377">
  <mem-info id="3695" free="124928" total="12582912" percent="0">
    <mem type="tenure" free="124928" total="12582912" percent="0">
      <mem type="soa" free="0" total="12457984" percent="0" />
      <mem type="loa" free="124928" total="124928" percent="100" />
    </mem>
  </mem-info>
</gc-start>
<allocation-stats totalBytes="7987568" >
  <allocated-bytes non-tlh="23160" tlh="7964408" />
  <largest-consumer threadName="Thread-10" threadId="000000000223A500" bytes="2861288" />
</allocation-stats>
<gc-op id="3696" type="mark" timems="1.254" contextid="3693" timestamp="2019-07-02T19:53:29.379">
  <trace-info objectcount="67323" scancount="59756" scanbytes="2306428" />
  <finalization candidates="124" enqueued="0" />
  <ownableSynchronizers candidates="3" cleared="0" />
  <references type="soft" candidates="84" cleared="0" enqueued="0" dynamicThreshold="20" maxThreshold="32" />
  <references type="weak" candidates="776" cleared="0" enqueued="0" />
  <references type="phantom" candidates="63" cleared="0" enqueued="0" />
  <stringconstants candidates="4574" cleared="0"  />
</gc-op>
<gc-op id="3697" type="sweep" timems="0.292" contextid="3693" timestamp="2019-07-02T19:53:29.379" />
<gc-end id="3698" type="global" contextid="3693" durationms="1.825" usertimems="4.000" systemtimems="0.000" timestamp="2019-07-02T19:53:29.379" activeThreads="4">
  <mem-info id="3699" free="8211568" total="12582912" percent="65">
    <mem type="tenure" free="8211568" total="12582912" percent="65" micro-fragmented="85621" macro-fragmented="0">
      <mem type="soa" free="8086640" total="12457984" percent="64" />
      <mem type="loa" free="124928" total="124928" percent="100" />
    </mem>
  </mem-info>
</gc-end>
<cycle-end id="3700" type="global" contextid="3693" timestamp="2019-07-02T19:53:29.379">
  <attribute name="GC Util" value="213" />
  <attribute name="CPU Util" value="14154753617833" />
  <attribute name="Time Running"value="4189"/>
  <attribute name="Number of cores"value="4"/>
</cycle-end>
<allocation-satisfied id="3701" threadId="000000000223A500" bytesRequested="40" />
<af-end id="3702" timestamp="2019-07-02T19:53:29.379" threadId="000000000223AE88" success="true" />
<exclusive-end id="3703" timestamp="2019-07-02T19:53:29.380" durationms="2.411" />

<exclusive-start id="3704" timestamp="2019-07-02T19:53:29.385" intervalms="8.210">
  <response-info timems="0.133" idlems="0.133" threads="0" lastid="0000000002245900" lastname="Thread-7" />
</exclusive-start>
<af-start id="3705" threadId="0000000002246288" totalBytesRequested="40" timestamp="2019-07-02T19:53:29.385" intervalms="8.209" />
<cycle-start id="3706" type="global" contextid="0" timestamp="2019-07-02T19:53:29.386" intervalms="8.221" />
  <attribute name="GC Util" value="213" />
  <attribute name="CPU Util" value="14154753617833" />
  <attribute name="Time Running"value="4189"/>
  <attribute name="Number of cores"value="4"/>
<gc-start id="3707" type="global" contextid="3706" timestamp="2019-07-02T19:53:29.386">
  <mem-info id="3708" free="124928" total="12582912" percent="0">
    <mem type="tenure" free="124928" total="12582912" percent="0">
      <mem type="soa" free="0" total="12457984" percent="0" />
      <mem type="loa" free="124928" total="124928" percent="100" />
    </mem>
  </mem-info>
</gc-start>
<allocation-stats totalBytes="8076176" >
  <allocated-bytes non-tlh="19056" tlh="8057120" />
  <largest-consumer threadName="Thread-8" threadId="0000000002241D00" bytes="2872624" />
</allocation-stats>
<gc-op id="3709" type="mark" timems="2.129" contextid="3706" timestamp="2019-07-02T19:53:29.388">
  <trace-info objectcount="63513" scancount="55920" scanbytes="2215396" />
  <finalization candidates="124" enqueued="0" />
  <ownableSynchronizers candidates="3" cleared="0" />
  <references type="soft" candidates="84" cleared="0" enqueued="0" dynamicThreshold="20" maxThreshold="32" />
  <references type="weak" candidates="776" cleared="0" enqueued="0" />
  <references type="phantom" candidates="63" cleared="0" enqueued="0" />
  <stringconstants candidates="4574" cleared="0"  />
</gc-op>
<gc-op id="3710" type="sweep" timems="0.812" contextid="3706" timestamp="2019-07-02T19:53:29.389" />
<heap-resize id="3711" type="contract" space="tenure" amount="65536" count="1" timems="0.031" reason="excess free space following gc" timestamp="2019-07-02T19:53:29.389" />
<gc-end id="3712" type="global" contextid="3706" durationms="3.371" usertimems="8.000" systemtimems="0.000" timestamp="2019-07-02T19:53:29.389" activeThreads="4">
  <mem-info id="3713" free="8096952" total="12517376" percent="64">
    <mem type="tenure" free="8096952" total="12517376" percent="64" micro-fragmented="51226" macro-fragmented="0">
      <mem type="soa" free="8096952" total="12392448" percent="65" />
      <mem type="loa" free="0" total="124928" percent="0" />
    </mem>
  </mem-info>
</gc-end>
<cycle-end id="3714" type="global" contextid="3706" timestamp="2019-07-02T19:53:29.389">
  <attribute name="GC Util" value="250" />
  <attribute name="CPU Util" value="8449503065207" />
  <attribute name="Time Running"value="4198"/>
  <attribute name="Number of cores"value="4"/>
</cycle-end>
<allocation-satisfied id="3715" threadId="0000000002245900" bytesRequested="40" />
<af-end id="3716" timestamp="2019-07-02T19:53:29.389" threadId="0000000002246288" success="true" />
<exclusive-end id="3717" timestamp="2019-07-02T19:53:29.389" durationms="4.066" />

<exclusive-start id="3718" timestamp="2019-07-02T19:53:29.395" intervalms="9.648">
  <response-info timems="0.028" idlems="0.028" threads="0" lastid="0000000002241D00" lastname="Thread-8" />
</exclusive-start>
<af-start id="3719" threadId="0000000002242688" totalBytesRequested="40" timestamp="2019-07-02T19:53:29.395" intervalms="9.644" />
<cycle-start id="3720" type="global" contextid="0" timestamp="2019-07-02T19:53:29.395" intervalms="9.635" />
  <attribute name="GC Util" value="250" />
  <attribute name="CPU Util" value="8449503065207" />
  <attribute name="Time Running"value="4198"/>
  <attribute name="Number of cores"value="4"/>
<gc-start id="3721" type="global" contextid="3720" timestamp="2019-07-02T19:53:29.395">
  <mem-info id="3722" free="0" total="12517376" percent="0">
    <mem type="tenure" free="0" total="12517376" percent="0">
      <mem type="soa" free="0" total="12392448" percent="0" />
      <mem type="loa" free="0" total="124928" percent="0" />
    </mem>
  </mem-info>
</gc-start>
<allocation-stats totalBytes="8085232" >
  <allocated-bytes non-tlh="0" tlh="8085232" />
  <largest-consumer threadName="Thread-8" threadId="0000000002241D00" bytes="2996240" />
</allocation-stats>
<gc-op id="3723" type="mark" timems="2.403" contextid="3720" timestamp="2019-07-02T19:53:29.398">
  <trace-info objectcount="66476" scancount="58901" scanbytes="2286524" />
  <finalization candidates="124" enqueued="0" />
  <ownableSynchronizers candidates="3" cleared="0" />
  <references type="soft" candidates="84" cleared="0" enqueued="0" dynamicThreshold="20" maxThreshold="32" />
  <references type="weak" candidates="776" cleared="0" enqueued="0" />
  <references type="phantom" candidates="63" cleared="0" enqueued="0" />
  <stringconstants candidates="4574" cleared="0"  />
</gc-op>
<gc-op id="3724" type="sweep" timems="0.804" contextid="3720" timestamp="2019-07-02T19:53:29.399" />
<mem-info id="3725" free="7912800" total="12517376" percent="63">
  <mem type="tenure" free="7912800" total="12517376" percent="63" micro-fragmented="265693" macro-fragmented="0">
    <mem type="soa" free="7912800" total="12392448" percent="63" />
    <mem type="loa" free="0" total="124928" percent="0" />
  </mem>
</mem-info>
<gc-op id="3726" type="compact" timems="5.165" contextid="3720" timestamp="2019-07-02T19:53:29.404">
  <compact-info movecount="26729" movebytes="1191992" reason="compact to aid heap contraction" />
</gc-op>
<heap-resize id="3727" type="contract" space="tenure" amount="65536" count="1" timems="0.070" reason="excess free space following gc" timestamp="2019-07-02T19:53:29.405" />
<gc-end id="3728" type="global" contextid="3720" durationms="9.357" usertimems="16.000" systemtimems="0.000" timestamp="2019-07-02T19:53:29.405" activeThreads="4">
  <mem-info id="3729" free="8080824" total="12451840" percent="64">
    <mem type="tenure" free="8080824" total="12451840" percent="64">
      <mem type="soa" free="8080824" total="12327936" percent="65" />
      <mem type="loa" free="0" total="123904" percent="0" />
    </mem>
  </mem-info>
</gc-end>
<cycle-end id="3730" type="global" contextid="3720" timestamp="2019-07-02T19:53:29.405">
  <attribute name="GC Util" value="139" />
  <attribute name="CPU Util" value="17074215931569" />
  <attribute name="Time Running"value="4209"/>
  <attribute name="Number of cores"value="4"/>
</cycle-end>
<allocation-satisfied id="3731" threadId="0000000002241D00" bytesRequested="40" />
<af-end id="3732" timestamp="2019-07-02T19:53:29.405" threadId="0000000002242688" success="true" />
<exclusive-end id="3733" timestamp="2019-07-02T19:53:29.405" durationms="10.155" />

<exclusive-start id="3734" timestamp="2019-07-02T19:53:29.411" intervalms="15.740">
  <response-info timems="0.030" idlems="0.030" threads="0" lastid="0000000002245900" lastname="Thread-7" />
</exclusive-start>
<af-start id="3735" threadId="0000000002246288" totalBytesRequested="40" timestamp="2019-07-02T19:53:29.411" intervalms="15.734" />
<cycle-start id="3736" type="global" contextid="0" timestamp="2019-07-02T19:53:29.411" intervalms="15.764" />
  <attribute name="GC Util" value="139" />
  <attribute name="CPU Util" value="17074215931569" />
  <attribute name="Time Running"value="4209"/>
  <attribute name="Number of cores"value="4"/>
<gc-start id="3737" type="global" contextid="3736" timestamp="2019-07-02T19:53:29.411">
  <mem-info id="3738" free="0" total="12451840" percent="0">
    <mem type="tenure" free="0" total="12451840" percent="0">
      <mem type="soa" free="0" total="12327936" percent="0" />
      <mem type="loa" free="0" total="123904" percent="0" />
    </mem>
  </mem-info>
</gc-start>
<allocation-stats totalBytes="8145024" >
  <allocated-bytes non-tlh="0" tlh="8145024" />
  <largest-consumer threadName="Thread-7" threadId="0000000002245900" bytes="2850424" />
</allocation-stats>
<gc-op id="3739" type="mark" timems="2.110" contextid="3736" timestamp="2019-07-02T19:53:29.413">
  <trace-info objectcount="63264" scancount="55702" scanbytes="2209212" />
  <finalization candidates="124" enqueued="0" />
  <ownableSynchronizers candidates="3" cleared="0" />
  <references type="soft" candidates="84" cleared="0" enqueued="0" dynamicThreshold="20" maxThreshold="32" />
  <references type="weak" candidates="776" cleared="0" enqueued="0" />
  <references type="phantom" candidates="63" cleared="0" enqueued="0" />
  <stringconstants candidates="4574" cleared="0"  />
</gc-op>
<gc-op id="3740" type="sweep" timems="0.552" contextid="3736" timestamp="2019-07-02T19:53:29.414" />
<heap-resize id="3741" type="contract" space="tenure" amount="65536" count="1" timems="0.070" reason="excess free space following gc" timestamp="2019-07-02T19:53:29.414" />
<gc-end id="3742" type="global" contextid="3736" durationms="3.218" usertimems="0.000" systemtimems="8.000" timestamp="2019-07-02T19:53:29.414" activeThreads="4">
  <mem-info id="3743" free="8051840" total="12386304" percent="65">
    <mem type="tenure" free="8051840" total="12386304" percent="65" micro-fragmented="84513" macro-fragmented="0">
      <mem type="soa" free="8051840" total="12263424" percent="65" />
      <mem type="loa" free="0" total="122880" percent="0" />
    </mem>
  </mem-info>
</gc-end>
<cycle-end id="3744" type="global" contextid="3736" timestamp="2019-07-02T19:53:29.414">
  <attribute name="GC Util" value="248" />
  <attribute name="CPU Util" value="8374822362086" />
  <attribute name="Time Running"value="4224"/>
  <attribute name="Number of cores"value="4"/>
</cycle-end>
<allocation-satisfied id="3745" threadId="0000000002245900" bytesRequested="40" />
<af-end id="3746" timestamp="2019-07-02T19:53:29.415" threadId="0000000002246288" success="true" />
<exclusive-end id="3747" timestamp="2019-07-02T19:53:29.415" durationms="3.912" />

<exclusive-start id="3748" timestamp="2019-07-02T19:53:29.420" intervalms="8.869">
  <response-info timems="0.027" idlems="0.027" threads="0" lastid="0000000002245900" lastname="Thread-7" />
</exclusive-start>
<af-start id="3749" threadId="0000000002246288" totalBytesRequested="40" timestamp="2019-07-02T19:53:29.420" intervalms="8.820" />
<cycle-start id="3750" type="global" contextid="0" timestamp="2019-07-02T19:53:29.420" intervalms="8.789" />
  <attribute name="GC Util" value="248" />
  <attribute name="CPU Util" value="8374822362086" />
  <attribute name="Time Running"value="4224"/>
  <attribute name="Number of cores"value="4"/>
<gc-start id="3751" type="global" contextid="3750" timestamp="2019-07-02T19:53:29.420">
  <mem-info id="3752" free="0" total="12386304" percent="0">
    <mem type="tenure" free="0" total="12386304" percent="0">
      <mem type="soa" free="0" total="12263424" percent="0" />
      <mem type="loa" free="0" total="122880" percent="0" />
    </mem>
  </mem-info>
</gc-start>
<allocation-stats totalBytes="8048360" >
  <allocated-bytes non-tlh="0" tlh="8048360" />
  <largest-consumer threadName="Thread-8" threadId="0000000002241D00" bytes="2744544" />
</allocation-stats>
<gc-op id="3753" type="mark" timems="2.389" contextid="3750" timestamp="2019-07-02T19:53:29.422">
  <trace-info objectcount="65688" scancount="58120" scanbytes="2267660" />
  <finalization candidates="124" enqueued="0" />
  <ownableSynchronizers candidates="3" cleared="0" />
  <references type="soft" candidates="84" cleared="0" enqueued="0" dynamicThreshold="20" maxThreshold="32" />
  <references type="weak" candidates="776" cleared="0" enqueued="0" />
  <references type="phantom" candidates="63" cleared="0" enqueued="0" />
  <stringconstants candidates="4574" cleared="0"  />
</gc-op>
<gc-op id="3754" type="sweep" timems="0.590" contextid="3750" timestamp="2019-07-02T19:53:29.423" />
<heap-resize id="3755" type="contract" space="tenure" amount="65536" count="1" timems="0.076" reason="excess free space following gc" timestamp="2019-07-02T19:53:29.423" />
<gc-end id="3756" type="global" contextid="3750" durationms="3.526" usertimems="12.000" systemtimems="0.000" timestamp="2019-07-02T19:53:29.423" activeThreads="4">
  <mem-info id="3757" free="7807800" total="12320768" percent="63">
    <mem type="tenure" free="7807800" total="12320768" percent="63" micro-fragmented="70710" macro-fragmented="0">
      <mem type="soa" free="7807800" total="12197888" percent="64" />
      <mem type="loa" free="0" total="122880" percent="0" />
    </mem>
  </mem-info>
</gc-end>
<cycle-end id="3758" type="global" contextid="3750" timestamp="2019-07-02T19:53:29.423">
  <attribute name="GC Util" value="245" />
  <attribute name="CPU Util" value="7438209164812" />
  <attribute name="Time Running"value="4233"/>
  <attribute name="Number of cores"value="4"/>
</cycle-end>
<allocation-satisfied id="3759" threadId="0000000002245900" bytesRequested="40" />
<af-end id="3760" timestamp="2019-07-02T19:53:29.424" threadId="0000000002246288" success="true" />
<exclusive-end id="3761" timestamp="2019-07-02T19:53:29.424" durationms="4.023" />

<exclusive-start id="3762" timestamp="2019-07-02T19:53:29.429" intervalms="9.228">
  <response-info timems="0.033" idlems="0.033" threads="0" lastid="000000000223A500" lastname="Thread-10" />
</exclusive-start>
<af-start id="3763" threadId="000000000223AE88" totalBytesRequested="40" timestamp="2019-07-02T19:53:29.429" intervalms="9.243" />
<cycle-start id="3764" type="global" contextid="0" timestamp="2019-07-02T19:53:29.429" intervalms="9.211" />
  <attribute name="GC Util" value="245" />
  <attribute name="CPU Util" value="7438209164812" />
  <attribute name="Time Running"value="4233"/>
  <attribute name="Number of cores"value="4"/>
<gc-start id="3765" type="global" contextid="3764" timestamp="2019-07-02T19:53:29.429">
  <mem-info id="3766" free="0" total="12320768" percent="0">
    <mem type="tenure" free="0" total="12320768" percent="0">
      <mem type="soa" free="0" total="12197888" percent="0" />
      <mem type="loa" free="0" total="122880" percent="0" />
    </mem>
  </mem-info>
</gc-start>
<allocation-stats totalBytes="7800224" >
  <allocated-bytes non-tlh="0" tlh="7800224" />
  <largest-consumer threadName="Thread-8" threadId="0000000002241D00" bytes="2852168" />
</allocation-stats>
<gc-op id="3767" type="mark" timems="1.239" contextid="3764" timestamp="2019-07-02T19:53:29.430">
  <trace-info objectcount="67372" scancount="59793" scanbytes="2307804" />
  <finalization candidates="124" enqueued="0" />
  <ownableSynchronizers candidates="3" cleared="0" />
  <references type="soft" candidates="84" cleared="0" enqueued="0" dynamicThreshold="20" maxThreshold="32" />
  <references type="weak" candidates="776" cleared="0" enqueued="0" />
  <references type="phantom" candidates="63" cleared="0" enqueued="0" />
  <stringconstants candidates="4574" cleared="0"  />
</gc-op>
<gc-op id="3768" type="sweep" timems="0.293" contextid="3764" timestamp="2019-07-02T19:53:29.431" />
<mem-info id="3769" free="7682136" total="12320768" percent="62">
  <mem type="tenure" free="7682136" total="12320768" percent="62" micro-fragmented="127336" macro-fragmented="0">
    <mem type="soa" free="7682136" total="12197888" percent="62" />
    <mem type="loa" free="0" total="122880" percent="0" />
  </mem>
</mem-info>
<gc-op id="3770" type="compact" timems="4.370" contextid="3764" timestamp="2019-07-02T19:53:29.435">
  <compact-info movecount="27625" movebytes="1213272" reason="compact to aid heap contraction" />
</gc-op>
<heap-resize id="3771" type="contract" space="tenure" amount="65536" count="1" timems="0.085" reason="excess free space following gc" timestamp="2019-07-02T19:53:29.436" />
<gc-end id="3772" type="global" contextid="3764" durationms="6.658" usertimems="8.000" systemtimems="4.000" timestamp="2019-07-02T19:53:29.436" activeThreads="4">
  <mem-info id="3773" free="7864984" total="12255232" percent="64">
    <mem type="tenure" free="7864984" total="12255232" percent="64">
      <mem type="soa" free="7864984" total="12133376" percent="64" />
      <mem type="loa" free="0" total="121856" percent="0" />
    </mem>
  </mem-info>
</gc-end>
<cycle-end id="3774" type="global" contextid="3764" timestamp="2019-07-02T19:53:29.436">
  <attribute name="GC Util" value="14" />
  <attribute name="CPU Util" value="38776554753700" />
  <attribute name="Time Running"value="4241"/>
  <attribute name="Number of cores"value="4"/>
</cycle-end>
<allocation-satisfied id="3775" threadId="000000000223A500" bytesRequested="40" />
<af-end id="3776" timestamp="2019-07-02T19:53:29.436" threadId="000000000223AE88" success="true" />
<exclusive-end id="3777" timestamp="2019-07-02T19:53:29.436" durationms="7.321" />

<exclusive-start id="3778" timestamp="2019-07-02T19:53:29.441" intervalms="12.251">
  <response-info timems="0.242" idlems="0.242" threads="0" lastid="0000000002241D00" lastname="Thread-8" />
</exclusive-start>
<af-start id="3779" threadId="0000000002242688" totalBytesRequested="24" timestamp="2019-07-02T19:53:29.441" intervalms="12.280" />
<cycle-start id="3780" type="global" contextid="0" timestamp="2019-07-02T19:53:29.441" intervalms="12.325" />
  <attribute name="GC Util" value="14" />
  <attribute name="CPU Util" value="38776554753700" />
  <attribute name="Time Running"value="4241"/>
  <attribute name="Number of cores"value="4"/>
<gc-start id="3781" type="global" contextid="3780" timestamp="2019-07-02T19:53:29.441">
  <mem-info id="3782" free="0" total="12255232" percent="0">
    <mem type="tenure" free="0" total="12255232" percent="0">
      <mem type="soa" free="0" total="12133376" percent="0" />
      <mem type="loa" free="0" total="121856" percent="0" />
    </mem>
  </mem-info>
</gc-start>
<allocation-stats totalBytes="7929440" >
  <allocated-bytes non-tlh="0" tlh="7929440" />
  <largest-consumer threadName="Thread-7" threadId="0000000002245900" bytes="2719424" />
</allocation-stats>
<gc-op id="3783" type="mark" timems="1.809" contextid="3780" timestamp="2019-07-02T19:53:29.443">
  <trace-info objectcount="69030" scancount="61452" scanbytes="2347348" />
  <finalization candidates="124" enqueued="0" />
  <ownableSynchronizers candidates="3" cleared="0" />
  <references type="soft" candidates="84" cleared="0" enqueued="0" dynamicThreshold="20" maxThreshold="32" />
  <references type="weak" candidates="776" cleared="0" enqueued="0" />
  <references type="phantom" candidates="63" cleared="0" enqueued="0" />
  <stringconstants candidates="4574" cleared="0"  />
</gc-op>
<gc-op id="3784" type="sweep" timems="0.719" contextid="3780" timestamp="2019-07-02T19:53:29.444" />
<heap-resize id="3785" type="contract" space="tenure" amount="65536" count="1" timems="0.068" reason="excess free space following gc" timestamp="2019-07-02T19:53:29.444" />
<gc-end id="3786" type="global" contextid="3780" durationms="3.018" usertimems="4.000" systemtimems="0.000" timestamp="2019-07-02T19:53:29.444" activeThreads="4">
  <mem-info id="3787" free="7744520" total="12189696" percent="63">
    <mem type="tenure" free="7744520" total="12189696" percent="63" micro-fragmented="47389" macro-fragmented="0">
      <mem type="soa" free="7744520" total="12067840" percent="64" />
      <mem type="loa" free="0" total="121856" percent="0" />
    </mem>
  </mem-info>
</gc-end>
<cycle-end id="3788" type="global" contextid="3780" timestamp="2019-07-02T19:53:29.444">
  <attribute name="GC Util" value="255" />
  <attribute name="CPU Util" value="9947730869747" />
  <attribute name="Time Running"value="4254"/>
  <attribute name="Number of cores"value="4"/>
</cycle-end>
<allocation-satisfied id="3789" threadId="0000000002241D00" bytesRequested="24" />
<af-end id="3790" timestamp="2019-07-02T19:53:29.445" threadId="0000000002242688" success="true" />
<exclusive-end id="3791" timestamp="2019-07-02T19:53:29.445" durationms="3.558" />

<exclusive-start id="3792" timestamp="2019-07-02T19:53:29.449" intervalms="8.252">
  <response-info timems="0.044" idlems="0.044" threads="0" lastid="0000000002241D00" lastname="Thread-8" />
</exclusive-start>
<af-start id="3793" threadId="0000000002242688" totalBytesRequested="40" timestamp="2019-07-02T19:53:29.449" intervalms="8.207" />
<cycle-start id="3794" type="global" contextid="0" timestamp="2019-07-02T19:53:29.449" intervalms="8.194" />
  <attribute name="GC Util" value="255" />
  <attribute name="CPU Util" value="9947730869747" />
  <attribute name="Time Running"value="4254"/>
  <attribute name="Number of cores"value="4"/>
<gc-start id="3795" type="global" contextid="3794" timestamp="2019-07-02T19:53:29.450">
  <mem-info id="3796" free="0" total="12189696" percent="0">
    <mem type="tenure" free="0" total="12189696" percent="0">
      <mem type="soa" free="0" total="12067840" percent="0" />
      <mem type="loa" free="0" total="121856" percent="0" />
    </mem>
  </mem-info>
</gc-start>
<allocation-stats totalBytes="7740928" >
  <allocated-bytes non-tlh="0" tlh="7740928" />
  <largest-consumer threadName="Thread-7" threadId="0000000002245900" bytes="2610344" />
</allocation-stats>
<gc-op id="3797" type="mark" timems="2.202" contextid="3794" timestamp="2019-07-02T19:53:29.452">
  <trace-info objectcount="71239" scancount="63689" scanbytes="2400628" />
  <finalization candidates="124" enqueued="0" />
  <ownableSynchronizers candidates="3" cleared="0" />
  <references type="soft" candidates="84" cleared="0" enqueued="0" dynamicThreshold="20" maxThreshold="32" />
  <references type="weak" candidates="776" cleared="0" enqueued="0" />
  <references type="phantom" candidates="63" cleared="0" enqueued="0" />
  <stringconstants candidates="4574" cleared="0"  />
</gc-op>
<gc-op id="3798" type="sweep" timems="0.593" contextid="3794" timestamp="2019-07-02T19:53:29.453" />
<mem-info id="3799" free="7577696" total="12189696" percent="62">
  <mem type="tenure" free="7577696" total="12189696" percent="62" micro-fragmented="69754" macro-fragmented="0">
    <mem type="soa" free="7577696" total="12067840" percent="62" />
    <mem type="loa" free="0" total="121856" percent="0" />
  </mem>
</mem-info>
<gc-op id="3800" type="compact" timems="4.535" contextid="3794" timestamp="2019-07-02T19:53:29.457">
  <compact-info movecount="5214" movebytes="125920" reason="compact to aid heap contraction" />
</gc-op>
<heap-resize id="3801" type="contract" space="tenure" amount="65536" count="1" timems="0.060" reason="excess free space following gc" timestamp="2019-07-02T19:53:29.458" />
<gc-end id="3802" type="global" contextid="3794" durationms="8.079" usertimems="16.000" systemtimems="4.000" timestamp="2019-07-02T19:53:29.458" activeThreads="4">
  <mem-info id="3803" free="7642112" total="12124160" percent="63">
    <mem type="tenure" free="7642112" total="12124160" percent="63">
      <mem type="soa" free="7642112" total="12003328" percent="63" />
      <mem type="loa" free="0" total="120832" percent="0" />
    </mem>
  </mem-info>
</gc-end>
<cycle-end id="3804" type="global" contextid="3794" timestamp="2019-07-02T19:53:29.458">
  <attribute name="GC Util" value="131" />
  <attribute name="CPU Util" value="23928779337529" />
  <attribute name="Time Running"value="4263"/>
  <attribute name="Number of cores"value="4"/>
</cycle-end>
<allocation-satisfied id="3805" threadId="0000000002241D00" bytesRequested="40" />
<af-end id="3806" timestamp="2019-07-02T19:53:29.458" threadId="0000000002242688" success="true" />
<exclusive-end id="3807" timestamp="2019-07-02T19:53:29.458" durationms="8.932" />

<exclusive-start id="3808" timestamp="2019-07-02T19:53:29.463" intervalms="14.128">
  <response-info timems="0.027" idlems="0.024" threads="1" lastid="0000000002245900" lastname="Thread-7" />
</exclusive-start>
<af-start id="3809" threadId="0000000002242688" totalBytesRequested="24" timestamp="2019-07-02T19:53:29.464" intervalms="14.133" />
<cycle-start id="3810" type="global" contextid="0" timestamp="2019-07-02T19:53:29.464" intervalms="14.098" />
  <attribute name="GC Util" value="131" />
  <attribute name="CPU Util" value="23928779337529" />
  <attribute name="Time Running"value="4263"/>
  <attribute name="Number of cores"value="4"/>
<gc-start id="3811" type="global" contextid="3810" timestamp="2019-07-02T19:53:29.464">
  <mem-info id="3812" free="0" total="12124160" percent="0">
    <mem type="tenure" free="0" total="12124160" percent="0">
      <mem type="soa" free="0" total="12003328" percent="0" />
      <mem type="loa" free="0" total="120832" percent="0" />
    </mem>
  </mem-info>
</gc-start>
<allocation-stats totalBytes="7706408" >
  <allocated-bytes non-tlh="0" tlh="7706408" />
  <largest-consumer threadName="Thread-7" threadId="0000000002245900" bytes="2850360" />
</allocation-stats>
<gc-op id="3813" type="mark" timems="2.027" contextid="3810" timestamp="2019-07-02T19:53:29.466">
  <trace-info objectcount="67644" scancount="60069" scanbytes="2314084" />
  <finalization candidates="124" enqueued="0" />
  <ownableSynchronizers candidates="3" cleared="0" />
  <references type="soft" candidates="84" cleared="0" enqueued="0" dynamicThreshold="20" maxThreshold="32" />
  <references type="weak" candidates="776" cleared="0" enqueued="0" />
  <references type="phantom" candidates="63" cleared="0" enqueued="0" />
  <stringconstants candidates="4574" cleared="0"  />
</gc-op>
<gc-op id="3814" type="sweep" timems="0.542" contextid="3810" timestamp="2019-07-02T19:53:29.466" />
<heap-resize id="3815" type="contract" space="tenure" amount="65536" count="1" timems="0.069" reason="excess free space following gc" timestamp="2019-07-02T19:53:29.467" />
<gc-end id="3816" type="global" contextid="3810" durationms="3.044" usertimems="4.000" systemtimems="4.000" timestamp="2019-07-02T19:53:29.467" activeThreads="4">
  <mem-info id="3817" free="7605144" total="12058624" percent="63">
    <mem type="tenure" free="7605144" total="12058624" percent="63" micro-fragmented="76917" macro-fragmented="0">
      <mem type="soa" free="7605144" total="11938816" percent="63" />
      <mem type="loa" free="0" total="119808" percent="0" />
    </mem>
  </mem-info>
</gc-end>
<cycle-end id="3818" type="global" contextid="3810" timestamp="2019-07-02T19:53:29.467">
  <attribute name="GC Util" value="246" />
  <attribute name="CPU Util" value="8732165768859" />
  <attribute name="Time Running"value="4276"/>
  <attribute name="Number of cores"value="4"/>
</cycle-end>
<allocation-satisfied id="3819" threadId="0000000002241D00" bytesRequested="24" />
<af-end id="3820" timestamp="2019-07-02T19:53:29.467" threadId="0000000002242688" success="true" />
<exclusive-end id="3821" timestamp="2019-07-02T19:53:29.467" durationms="3.586" />

<exclusive-start id="3822" timestamp="2019-07-02T19:53:29.472" intervalms="8.474">
  <response-info timems="0.037" idlems="0.037" threads="0" lastid="0000000002245900" lastname="Thread-7" />
</exclusive-start>
<af-start id="3823" threadId="0000000002246288" totalBytesRequested="40" timestamp="2019-07-02T19:53:29.472" intervalms="8.489" />
<cycle-start id="3824" type="global" contextid="0" timestamp="2019-07-02T19:53:29.472" intervalms="8.492" />
  <attribute name="GC Util" value="246" />
  <attribute name="CPU Util" value="8732165768859" />
  <attribute name="Time Running"value="4276"/>
  <attribute name="Number of cores"value="4"/>
<gc-start id="3825" type="global" contextid="3824" timestamp="2019-07-02T19:53:29.472">
  <mem-info id="3826" free="0" total="12058624" percent="0">
    <mem type="tenure" free="0" total="12058624" percent="0">
      <mem type="soa" free="0" total="11938816" percent="0" />
      <mem type="loa" free="0" total="119808" percent="0" />
    </mem>
  </mem-info>
</gc-start>
<allocation-stats totalBytes="7601232" >
  <allocated-bytes non-tlh="19056" tlh="7582176" />
  <largest-consumer threadName="Thread-7" threadId="0000000002245900" bytes="2786248" />
</allocation-stats>
<gc-op id="3827" type="mark" timems="2.185" contextid="3824" timestamp="2019-07-02T19:53:29.474">
  <trace-info objectcount="64800" scancount="57232" scanbytes="2246300" />
  <finalization candidates="124" enqueued="0" />
  <ownableSynchronizers candidates="3" cleared="0" />
  <references type="soft" candidates="84" cleared="0" enqueued="0" dynamicThreshold="20" maxThreshold="32" />
  <references type="weak" candidates="776" cleared="0" enqueued="0" />
  <references type="phantom" candidates="63" cleared="0" enqueued="0" />
  <stringconstants candidates="4574" cleared="0"  />
</gc-op>
<gc-op id="3828" type="sweep" timems="0.590" contextid="3824" timestamp="2019-07-02T19:53:29.475" />
<heap-resize id="3829" type="contract" space="tenure" amount="65536" count="1" timems="0.076" reason="excess free space following gc" timestamp="2019-07-02T19:53:29.475" />
<gc-end id="3830" type="global" contextid="3824" durationms="3.254" usertimems="8.000" systemtimems="0.000" timestamp="2019-07-02T19:53:29.475" activeThreads="4">
  <mem-info id="3831" free="7508112" total="11993088" percent="62">
    <mem type="tenure" free="7508112" total="11993088" percent="62" micro-fragmented="124319" macro-fragmented="0">
      <mem type="soa" free="7508112" total="11873280" percent="63" />
      <mem type="loa" free="0" total="119808" percent="0" />
    </mem>
  </mem-info>
</gc-end>
<cycle-end id="3832" type="global" contextid="3824" timestamp="2019-07-02T19:53:29.475">
  <attribute name="GC Util" value="247" />
  <attribute name="CPU Util" value="8106420648442" />
  <attribute name="Time Running"value="4285"/>
  <attribute name="Number of cores"value="4"/>
</cycle-end>
<allocation-satisfied id="3833" threadId="0000000002245900" bytesRequested="40" />
<af-end id="3834" timestamp="2019-07-02T19:53:29.476" threadId="0000000002246288" success="true" />
<exclusive-end id="3835" timestamp="2019-07-02T19:53:29.476" durationms="3.829" />

<exclusive-start id="3836" timestamp="2019-07-02T19:53:29.480" intervalms="8.326">
  <response-info timems="0.043" idlems="0.043" threads="0" lastid="000000000223E100" lastname="Thread-9" />
</exclusive-start>
<af-start id="3837" threadId="000000000223EA88" totalBytesRequested="40" timestamp="2019-07-02T19:53:29.480" intervalms="8.312" />
<cycle-start id="3838" type="global" contextid="0" timestamp="2019-07-02T19:53:29.480" intervalms="8.309" />
  <attribute name="GC Util" value="247" />
  <attribute name="CPU Util" value="8106420648442" />
  <attribute name="Time Running"value="4285"/>
  <attribute name="Number of cores"value="4"/>
<gc-start id="3839" type="global" contextid="3838" timestamp="2019-07-02T19:53:29.480">
  <mem-info id="3840" free="0" total="11993088" percent="0">
    <mem type="tenure" free="0" total="11993088" percent="0">
      <mem type="soa" free="0" total="11873280" percent="0" />
      <mem type="loa" free="0" total="119808" percent="0" />
    </mem>
  </mem-info>
</gc-start>
<allocation-stats totalBytes="7502784" >
  <allocated-bytes non-tlh="0" tlh="7502784" />
  <largest-consumer threadName="Thread-7" threadId="0000000002245900" bytes="2606360" />
</allocation-stats>
<gc-op id="3841" type="mark" timems="1.142" contextid="3838" timestamp="2019-07-02T19:53:29.482">
  <trace-info objectcount="65907" scancount="58317" scanbytes="2272644" />
  <finalization candidates="124" enqueued="0" />
  <ownableSynchronizers candidates="3" cleared="0" />
  <references type="soft" candidates="84" cleared="0" enqueued="0" dynamicThreshold="20" maxThreshold="32" />
  <references type="weak" candidates="776" cleared="0" enqueued="0" />
  <references type="phantom" candidates="63" cleared="0" enqueued="0" />
  <stringconstants candidates="4574" cleared="0"  />
</gc-op>
<gc-op id="3842" type="sweep" timems="0.284" contextid="3838" timestamp="2019-07-02T19:53:29.482" />
<heap-resize id="3843" type="contract" space="tenure" amount="65536" count="1" timems="0.102" reason="excess free space following gc" timestamp="2019-07-02T19:53:29.482" />
<gc-end id="3844" type="global" contextid="3838" durationms="2.043" usertimems="8.000" systemtimems="0.000" timestamp="2019-07-02T19:53:29.482" activeThreads="4">
  <mem-info id="3845" free="7368384" total="11927552" percent="61">
    <mem type="tenure" free="7368384" total="11927552" percent="61" micro-fragmented="176807" macro-fragmented="0">
      <mem type="soa" free="7368384" total="11808768" percent="62" />
      <mem type="loa" free="0" total="118784" percent="0" />
    </mem>
  </mem-info>
</gc-end>
<cycle-end id="3846" type="global" contextid="3838" timestamp="2019-07-02T19:53:29.483">
  <attribute name="GC Util" value="213" />
  <attribute name="CPU Util" value="14924429291340" />
  <attribute name="Time Running"value="4292"/>
  <attribute name="Number of cores"value="4"/>
</cycle-end>
<allocation-satisfied id="3847" threadId="000000000223E100" bytesRequested="40" />
<af-end id="3848" timestamp="2019-07-02T19:53:29.483" threadId="000000000223EA88" success="true" />
<exclusive-end id="3849" timestamp="2019-07-02T19:53:29.483" durationms="2.711" />

<exclusive-start id="3850" timestamp="2019-07-02T19:53:29.487" intervalms="7.126">
  <response-info timems="0.035" idlems="0.035" threads="0" lastid="0000000002245900" lastname="Thread-7" />
</exclusive-start>
<af-start id="3851" threadId="0000000002246288" totalBytesRequested="40" timestamp="2019-07-02T19:53:29.487" intervalms="7.163" />
<cycle-start id="3852" type="global" contextid="0" timestamp="2019-07-02T19:53:29.488" intervalms="7.199" />
  <attribute name="GC Util" value="213" />
  <attribute name="CPU Util" value="14924429291340" />
  <attribute name="Time Running"value="4292"/>
  <attribute name="Number of cores"value="4"/>
<gc-start id="3853" type="global" contextid="3852" timestamp="2019-07-02T19:53:29.488">
  <mem-info id="3854" free="0" total="11927552" percent="0">
    <mem type="tenure" free="0" total="11927552" percent="0">
      <mem type="soa" free="0" total="11808768" percent="0" />
      <mem type="loa" free="0" total="118784" percent="0" />
    </mem>
  </mem-info>
</gc-start>
<allocation-stats totalBytes="7359064" >
  <allocated-bytes non-tlh="0" tlh="7359064" />
  <largest-consumer threadName="Thread-7" threadId="0000000002245900" bytes="2534536" />
</allocation-stats>
<gc-op id="3855" type="mark" timems="2.144" contextid="3852" timestamp="2019-07-02T19:53:29.490">
  <trace-info objectcount="66935" scancount="59349" scanbytes="2297452" />
  <finalization candidates="124" enqueued="0" />
  <ownableSynchronizers candidates="3" cleared="0" />
  <references type="soft" candidates="84" cleared="0" enqueued="0" dynamicThreshold="19" maxThreshold="32" />
  <references type="weak" candidates="776" cleared="0" enqueued="0" />
  <references type="phantom" candidates="63" cleared="0" enqueued="0" />
  <stringconstants candidates="4574" cleared="0"  />
</gc-op>
<gc-op id="3856" type="sweep" timems="0.792" contextid="3852" timestamp="2019-07-02T19:53:29.491" />
<gc-end id="3857" type="global" contextid="3852" durationms="3.282" usertimems="8.000" systemtimems="0.000" timestamp="2019-07-02T19:53:29.491" activeThreads="4">
  <mem-info id="3858" free="7274800" total="11927552" percent="60">
    <mem type="tenure" free="7274800" total="11927552" percent="60" micro-fragmented="163314" macro-fragmented="0">
      <mem type="soa" free="7274800" total="11808768" percent="61" />
      <mem type="loa" free="0" total="118784" percent="0" />
    </mem>
  </mem-info>
</gc-end>
<cycle-end id="3859" type="global" contextid="3852" timestamp="2019-07-02T19:53:29.491">
  <attribute name="GC Util" value="242" />
  <attribute name="CPU Util" value="8135396831213" />
  <attribute name="Time Running"value="4300"/>
  <attribute name="Number of cores"value="4"/>
</cycle-end>
<allocation-satisfied id="3860" threadId="0000000002245900" bytesRequested="40" />
<af-end id="3861" timestamp="2019-07-02T19:53:29.491" threadId="0000000002246288" success="true" />
<exclusive-end id="3862" timestamp="2019-07-02T19:53:29.491" durationms="3.902" />

<exclusive-start id="3863" timestamp="2019-07-02T19:53:29.496" intervalms="8.740">
  <response-info timems="0.030" idlems="0.028" threads="1" lastid="0000000002245900" lastname="Thread-7" />
</exclusive-start>
<af-start id="3864" threadId="000000000223AE88" totalBytesRequested="40" timestamp="2019-07-02T19:53:29.496" intervalms="8.742" />
<cycle-start id="3865" type="global" contextid="0" timestamp="2019-07-02T19:53:29.496" intervalms="8.779" />
  <attribute name="GC Util" value="242" />
  <attribute name="CPU Util" value="8135396831213" />
  <attribute name="Time Running"value="4300"/>
  <attribute name="Number of cores"value="4"/>
<gc-start id="3866" type="global" contextid="3865" timestamp="2019-07-02T19:53:29.496">
  <mem-info id="3867" free="0" total="11927552" percent="0">
    <mem type="tenure" free="0" total="11927552" percent="0">
      <mem type="soa" free="0" total="11808768" percent="0" />
      <mem type="loa" free="0" total="118784" percent="0" />
    </mem>
  </mem-info>
</gc-start>
<allocation-stats totalBytes="7261480" >
  <allocated-bytes non-tlh="0" tlh="7261480" />
  <largest-consumer threadName="Thread-8" threadId="0000000002241D00" bytes="2608424" />
</allocation-stats>
<gc-op id="3868" type="mark" timems="2.078" contextid="3865" timestamp="2019-07-02T19:53:29.499">
  <trace-info objectcount="67965" scancount="60401" scanbytes="2322156" />
  <finalization candidates="124" enqueued="0" />
  <ownableSynchronizers candidates="3" cleared="0" />
  <references type="soft" candidates="84" cleared="0" enqueued="0" dynamicThreshold="19" maxThreshold="32" />
  <references type="weak" candidates="776" cleared="0" enqueued="0" />
  <references type="phantom" candidates="63" cleared="0" enqueued="0" />
  <stringconstants candidates="4574" cleared="0"  />
</gc-op>
<gc-op id="3869" type="sweep" timems="0.817" contextid="3865" timestamp="2019-07-02T19:53:29.500" />
<gc-end id="3870" type="global" contextid="3865" durationms="3.192" usertimems="12.000" systemtimems="0.000" timestamp="2019-07-02T19:53:29.500" activeThreads="4">
  <mem-info id="3871" free="7183536" total="11927552" percent="60">
    <mem type="tenure" free="7183536" total="11927552" percent="60" micro-fragmented="126178" macro-fragmented="0">
      <mem type="soa" free="7183536" total="11808768" percent="60" />
      <mem type="loa" free="0" total="118784" percent="0" />
    </mem>
  </mem-info>
</gc-end>
<cycle-end id="3872" type="global" contextid="3865" timestamp="2019-07-02T19:53:29.500">
  <attribute name="GC Util" value="246" />
  <attribute name="CPU Util" value="8528546939997" />
  <attribute name="Time Running"value="4309"/>
  <attribute name="Number of cores"value="4"/>
</cycle-end>
<allocation-satisfied id="3873" threadId="000000000223A500" bytesRequested="40" />
<af-end id="3874" timestamp="2019-07-02T19:53:29.500" threadId="000000000223AE88" success="true" />
<exclusive-end id="3875" timestamp="2019-07-02T19:53:29.500" durationms="3.844" />

<exclusive-start id="3876" timestamp="2019-07-02T19:53:29.504" intervalms="7.752">
  <response-info timems="0.027" idlems="0.027" threads="1" lastid="000000000223E100" lastname="Thread-9" />
</exclusive-start>
<af-start id="3877" threadId="0000000002246288" totalBytesRequested="24" timestamp="2019-07-02T19:53:29.504" intervalms="7.746" />
<cycle-start id="3878" type="global" contextid="0" timestamp="2019-07-02T19:53:29.504" intervalms="7.706" />
  <attribute name="GC Util" value="246" />
  <attribute name="CPU Util" value="8528546939997" />
  <attribute name="Time Running"value="4309"/>
  <attribute name="Number of cores"value="4"/>
<gc-start id="3879" type="global" contextid="3878" timestamp="2019-07-02T19:53:29.504">
  <mem-info id="3880" free="0" total="11927552" percent="0">
    <mem type="tenure" free="0" total="11927552" percent="0">
      <mem type="soa" free="0" total="11808768" percent="0" />
      <mem type="loa" free="0" total="118784" percent="0" />
    </mem>
  </mem-info>
</gc-start>
<allocation-stats totalBytes="7166472" >
  <allocated-bytes non-tlh="0" tlh="7166472" />
  <largest-consumer threadName="Thread-7" threadId="0000000002245900" bytes="2116352" />
</allocation-stats>
<gc-op id="3881" type="mark" timems="2.227" contextid="3878" timestamp="2019-07-02T19:53:29.506">
  <trace-info objectcount="69713" scancount="62130" scanbytes="2363900" />
  <finalization candidates="124" enqueued="0" />
  <ownableSynchronizers candidates="3" cleared="0" />
  <references type="soft" candidates="84" cleared="0" enqueued="0" dynamicThreshold="19" maxThreshold="32" />
  <references type="weak" candidates="776" cleared="0" enqueued="0" />
  <references type="phantom" candidates="63" cleared="0" enqueued="0" />
  <stringconstants candidates="4574" cleared="0"  />
</gc-op>
<gc-op id="3882" type="sweep" timems="0.836" contextid="3878" timestamp="2019-07-02T19:53:29.507" />
<heap-resize id="3883" type="expand" space="tenure" amount="1048576" count="1" timems="0.043" reason="excessive time being spent in gc" timestamp="2019-07-02T19:53:29.508" />
<gc-end id="3884" type="global" contextid="3878" durationms="3.583" usertimems="12.000" systemtimems="0.000" timestamp="2019-07-02T19:53:29.508" activeThreads="4">
  <mem-info id="3885" free="8134544" total="12976128" percent="62">
    <mem type="tenure" free="8134544" total="12976128" percent="62" micro-fragmented="261259" macro-fragmented="0">
      <mem type="soa" free="8005520" total="12847104" percent="62" />
      <mem type="loa" free="129024" total="129024" percent="100" />
    </mem>
  </mem-info>
</gc-end>
<cycle-end id="3886" type="global" contextid="3878" timestamp="2019-07-02T19:53:29.508">
  <attribute name="GC Util" value="250" />
  <attribute name="CPU Util" value="7968163122253" />
  <attribute name="Time Running"value="4317"/>
  <attribute name="Number of cores"value="4"/>
</cycle-end>
<allocation-satisfied id="3887" threadId="0000000002245900" bytesRequested="24" />
<af-end id="3888" timestamp="2019-07-02T19:53:29.508" threadId="0000000002246288" success="true" />
<exclusive-end id="3889" timestamp="2019-07-02T19:53:29.508" durationms="4.360" />

<exclusive-start id="3890" timestamp="2019-07-02T19:53:29.512" intervalms="8.346">
  <response-info timems="0.217" idlems="0.217" threads="0" lastid="000000000223A500" lastname="Thread-10" />
</exclusive-start>
<af-start id="3891" threadId="000000000223AE88" totalBytesRequested="40" timestamp="2019-07-02T19:53:29.512" intervalms="8.296" />
<cycle-start id="3892" type="global" contextid="0" timestamp="2019-07-02T19:53:29.512" intervalms="8.252" />
  <attribute name="GC Util" value="250" />
  <attribute name="CPU Util" value="7968163122253" />
  <attribute name="Time Running"value="4317"/>
  <attribute name="Number of cores"value="4"/>
<gc-start id="3893" type="global" contextid="3892" timestamp="2019-07-02T19:53:29.512">
  <mem-info id="3894" free="129024" total="12976128" percent="0">
    <mem type="tenure" free="129024" total="12976128" percent="0">
      <mem type="soa" free="0" total="12847104" percent="0" />
      <mem type="loa" free="129024" total="129024" percent="100" />
    </mem>
  </mem-info>
</gc-start>
<allocation-stats totalBytes="7986296" >
  <allocated-bytes non-tlh="23160" tlh="7963136" />
  <largest-consumer threadName="Thread-8" threadId="0000000002241D00" bytes="2242224" />
</allocation-stats>
<gc-op id="3895" type="mark" timems="1.400" contextid="3892" timestamp="2019-07-02T19:53:29.514">
  <trace-info objectcount="64986" scancount="57402" scanbytes="2251084" />
  <finalization candidates="124" enqueued="0" />
  <ownableSynchronizers candidates="3" cleared="0" />
  <references type="soft" candidates="84" cleared="0" enqueued="0" dynamicThreshold="20" maxThreshold="32" />
  <references type="weak" candidates="776" cleared="0" enqueued="0" />
  <references type="phantom" candidates="63" cleared="0" enqueued="0" />
  <stringconstants candidates="4574" cleared="0"  />
</gc-op>
<gc-op id="3896" type="sweep" timems="0.328" contextid="3892" timestamp="2019-07-02T19:53:29.514" />
<gc-end id="3897" type="global" contextid="3892" durationms="2.091" usertimems="0.000" systemtimems="4.000" timestamp="2019-07-02T19:53:29.514" activeThreads="4">
  <mem-info id="3898" free="8489952" total="12976128" percent="65">
    <mem type="tenure" free="8489952" total="12976128" percent="65" micro-fragmented="108138" macro-fragmented="0">
      <mem type="soa" free="8360928" total="12847104" percent="65" />
      <mem type="loa" free="129024" total="129024" percent="100" />
    </mem>
  </mem-info>
</gc-end>
<cycle-end id="3899" type="global" contextid="3892" timestamp="2019-07-02T19:53:29.515">
  <attribute name="GC Util" value="226" />
  <attribute name="CPU Util" value="12147811852555" />
  <attribute name="Time Running"value="4324"/>
  <attribute name="Number of cores"value="4"/>
</cycle-end>
<allocation-satisfied id="3900" threadId="000000000223A500" bytesRequested="40" />
<af-end id="3901" timestamp="2019-07-02T19:53:29.515" threadId="000000000223AE88" success="true" />
<exclusive-end id="3902" timestamp="2019-07-02T19:53:29.515" durationms="2.831" />

<exclusive-start id="3903" timestamp="2019-07-02T19:53:29.523" intervalms="10.779">
  <response-info timems="0.401" idlems="0.401" threads="0" lastid="0000000002241D00" lastname="Thread-8" />
</exclusive-start>
<af-start id="3904" threadId="0000000002242688" totalBytesRequested="40" timestamp="2019-07-02T19:53:29.523" intervalms="10.840" />
<cycle-start id="3905" type="global" contextid="0" timestamp="2019-07-02T19:53:29.523" intervalms="10.913" />
  <attribute name="GC Util" value="226" />
  <attribute name="CPU Util" value="12147811852555" />
  <attribute name="Time Running"value="4324"/>
  <attribute name="Number of cores"value="4"/>
<gc-start id="3906" type="global" contextid="3905" timestamp="2019-07-02T19:53:29.523">
  <mem-info id="3907" free="129024" total="12976128" percent="0">
    <mem type="tenure" free="129024" total="12976128" percent="0">
      <mem type="soa" free="0" total="12847104" percent="0" />
      <mem type="loa" free="129024" total="129024" percent="100" />
    </mem>
  </mem-info>
</gc-start>
<allocation-stats totalBytes="8346768" >
  <allocated-bytes non-tlh="0" tlh="8346768" />
  <largest-consumer threadName="Thread-7" threadId="0000000002245900" bytes="4338296" />
</allocation-stats>
<gc-op id="3908" type="mark" timems="2.079" contextid="3905" timestamp="2019-07-02T19:53:29.526">
  <trace-info objectcount="67504" scancount="59933" scanbytes="2311500" />
  <finalization candidates="124" enqueued="0" />
  <ownableSynchronizers candidates="3" cleared="0" />
  <references type="soft" candidates="84" cleared="0" enqueued="0" dynamicThreshold="20" maxThreshold="32" />
  <references type="weak" candidates="776" cleared="0" enqueued="0" />
  <references type="phantom" candidates="63" cleared="0" enqueued="0" />
  <stringconstants candidates="4574" cleared="0"  />
</gc-op>
<gc-op id="3909" type="sweep" timems="0.822" contextid="3905" timestamp="2019-07-02T19:53:29.527" />
<gc-end id="3910" type="global" contextid="3905" durationms="3.432" usertimems="12.000" systemtimems="0.000" timestamp="2019-07-02T19:53:29.527" activeThreads="4">
  <mem-info id="3911" free="8352952" total="12976128" percent="64">
    <mem type="tenure" free="8352952" total="12976128" percent="64" micro-fragmented="195584" macro-fragmented="0">
      <mem type="soa" free="8223928" total="12847104" percent="64" />
      <mem type="loa" free="129024" total="129024" percent="100" />
    </mem>
  </mem-info>
</gc-end>
<cycle-end id="3912" type="global" contextid="3905" timestamp="2019-07-02T19:53:29.527">
  <attribute name="GC Util" value="242" />
  <attribute name="CPU Util" value="8494720298898" />
  <attribute name="Time Running"value="4336"/>
  <attribute name="Number of cores"value="4"/>
</cycle-end>
<allocation-satisfied id="3913" threadId="0000000002241D00" bytesRequested="40" />
<af-end id="3914" timestamp="2019-07-02T19:53:29.527" threadId="0000000002242688" success="true" />
<exclusive-end id="3915" timestamp="2019-07-02T19:53:29.527" durationms="4.398" />

<exclusive-start id="3916" timestamp="2019-07-02T19:53:29.531" intervalms="8.486">
  <response-info timems="0.035" idlems="0.034" threads="1" lastid="000000000223E100" lastname="Thread-9" />
</exclusive-start>
<af-start id="3917" threadId="0000000002246288" totalBytesRequested="40" timestamp="2019-07-02T19:53:29.532" intervalms="8.476" />
<cycle-start id="3918" type="global" contextid="0" timestamp="2019-07-02T19:53:29.532" intervalms="8.460" />
  <attribute name="GC Util" value="242" />
  <attribute name="CPU Util" value="8494720298898" />
  <attribute name="Time Running"value="4336"/>
  <attribute name="Number of cores"value="4"/>
<gc-start id="3919" type="global" contextid="3918" timestamp="2019-07-02T19:53:29.532">
  <mem-info id="3920" free="129024" total="12976128" percent="0">
    <mem type="tenure" free="129024" total="12976128" percent="0">
      <mem type="soa" free="0" total="12847104" percent="0" />
      <mem type="loa" free="129024" total="129024" percent="100" />
    </mem>
  </mem-info>
</gc-start>
<allocation-stats totalBytes="8201984" >
  <allocated-bytes non-tlh="0" tlh="8201984" />
  <largest-consumer threadName="Thread-7" threadId="0000000002245900" bytes="2146024" />
</allocation-stats>
<gc-op id="3921" type="mark" timems="2.306" contextid="3918" timestamp="2019-07-02T19:53:29.534">
  <trace-info objectcount="69338" scancount="61748" scanbytes="2355260" />
  <finalization candidates="124" enqueued="0" />
  <ownableSynchronizers candidates="3" cleared="0" />
  <references type="soft" candidates="84" cleared="0" enqueued="0" dynamicThreshold="20" maxThreshold="32" />
  <references type="weak" candidates="776" cleared="0" enqueued="0" />
  <references type="phantom" candidates="63" cleared="0" enqueued="0" />
  <stringconstants candidates="4574" cleared="0"  />
</gc-op>
<gc-op id="3922" type="sweep" timems="1.102" contextid="3918" timestamp="2019-07-02T19:53:29.535" />
<heap-resize id="3923" type="contract" space="tenure" amount="65536" count="1" timems="0.048" reason="excess free space following gc" timestamp="2019-07-02T19:53:29.536" />
<gc-end id="3924" type="global" contextid="3918" durationms="3.944" usertimems="12.000" systemtimems="0.000" timestamp="2019-07-02T19:53:29.536" activeThreads="4">
  <mem-info id="3925" free="8058280" total="12910592" percent="62">
    <mem type="tenure" free="8058280" total="12910592" percent="62" micro-fragmented="291175" macro-fragmented="0">
      <mem type="soa" free="8058280" total="12781568" percent="63" />
      <mem type="loa" free="0" total="129024" percent="0" />
    </mem>
  </mem-info>
</gc-end>
<cycle-end id="3926" type="global" contextid="3918" timestamp="2019-07-02T19:53:29.536">
  <attribute name="GC Util" value="235" />
  <attribute name="CPU Util" value="7683025239830" />
  <attribute name="Time Running"value="4345"/>
  <attribute name="Number of cores"value="4"/>
</cycle-end>
<allocation-satisfied id="3927" threadId="0000000002245900" bytesRequested="40" />
<af-end id="3928" timestamp="2019-07-02T19:53:29.536" threadId="0000000002246288" success="true" />
<exclusive-end id="3929" timestamp="2019-07-02T19:53:29.536" durationms="4.774" />

<exclusive-start id="3930" timestamp="2019-07-02T19:53:29.540" intervalms="8.765">
  <response-info timems="0.037" idlems="0.037" threads="0" lastid="000000000223E100" lastname="Thread-9" />
</exclusive-start>
<af-start id="3931" threadId="000000000223EA88" totalBytesRequested="40" timestamp="2019-07-02T19:53:29.540" intervalms="8.721" />
<cycle-start id="3932" type="global" contextid="0" timestamp="2019-07-02T19:53:29.540" intervalms="8.666" />
  <attribute name="GC Util" value="235" />
  <attribute name="CPU Util" value="7683025239830" />
  <attribute name="Time Running"value="4345"/>
  <attribute name="Number of cores"value="4"/>
<gc-start id="3933" type="global" contextid="3932" timestamp="2019-07-02T19:53:29.540">
  <mem-info id="3934" free="0" total="12910592" percent="0">
    <mem type="tenure" free="0" total="12910592" percent="0">
      <mem type="soa" free="0" total="12781568" percent="0" />
      <mem type="loa" free="0" total="129024" percent="0" />
    </mem>
  </mem-info>
</gc-start>
<allocation-stats totalBytes="8033472" >
  <allocated-bytes non-tlh="0" tlh="8033472" />
  <largest-consumer threadName="Thread-7" threadId="0000000002245900" bytes="2113344" />
</allocation-stats>
<gc-op id="3935" type="mark" timems="1.123" contextid="3932" timestamp="2019-07-02T19:53:29.542">
  <trace-info objectcount="72164" scancount="64584" scanbytes="2423156" />
  <finalization candidates="124" enqueued="0" />
  <ownableSynchronizers candidates="3" cleared="0" />
  <references type="soft" candidates="84" cleared="0" enqueued="0" dynamicThreshold="19" maxThreshold="32" />
  <references type="weak" candidates="776" cleared="0" enqueued="0" />
  <references type="phantom" candidates="63" cleared="0" enqueued="0" />
  <stringconstants candidates="4574" cleared="0"  />
</gc-op>
<gc-op id="3936" type="sweep" timems="0.362" contextid="3932" timestamp="2019-07-02T19:53:29.542" />
<heap-resize id="3937" type="contract" space="tenure" amount="65536" count="1" timems="0.118" reason="excess free space following gc" timestamp="2019-07-02T19:53:29.542" />
<gc-end id="3938" type="global" contextid="3932" durationms="2.091" usertimems="8.000" systemtimems="0.000" timestamp="2019-07-02T19:53:29.542" activeThreads="4">
  <mem-info id="3939" free="7858440" total="12845056" percent="61">
    <mem type="tenure" free="7858440" total="12845056" percent="61" micro-fragmented="378757" macro-fragmented="0">
      <mem type="soa" free="7858440" total="12717056" percent="61" />
      <mem type="loa" free="0" total="128000" percent="0" />
    </mem>
  </mem-info>
</gc-end>
<cycle-end id="3940" type="global" contextid="3932" timestamp="2019-07-02T19:53:29.543">
  <attribute name="GC Util" value="239" />
  <attribute name="CPU Util" value="15172290460119" />
  <attribute name="Time Running"value="4352"/>
  <attribute name="Number of cores"value="4"/>
</cycle-end>
<allocation-satisfied id="3941" threadId="000000000223E100" bytesRequested="40" />
<af-end id="3942" timestamp="2019-07-02T19:53:29.543" threadId="000000000223EA88" success="true" />
<exclusive-end id="3943" timestamp="2019-07-02T19:53:29.543" durationms="2.657" />

<exclusive-start id="3944" timestamp="2019-07-02T19:53:29.547" intervalms="6.513">
  <response-info timems="0.025" idlems="0.024" threads="1" lastid="0000000002241D00" lastname="Thread-8" />
</exclusive-start>
<af-start id="3945" threadId="0000000002246288" totalBytesRequested="40" timestamp="2019-07-02T19:53:29.547" intervalms="6.556" />
<cycle-start id="3946" type="global" contextid="0" timestamp="2019-07-02T19:53:29.547" intervalms="6.643" />
  <attribute name="GC Util" value="239" />
  <attribute name="CPU Util" value="15172290460119" />
  <attribute name="Time Running"value="4352"/>
  <attribute name="Number of cores"value="4"/>
<gc-start id="3947" type="global" contextid="3946" timestamp="2019-07-02T19:53:29.547">
  <mem-info id="3948" free="0" total="12845056" percent="0">
    <mem type="tenure" free="0" total="12845056" percent="0">
      <mem type="soa" free="0" total="12717056" percent="0" />
      <mem type="loa" free="0" total="128000" percent="0" />
    </mem>
  </mem-info>
</gc-start>
<allocation-stats totalBytes="7829448" >
  <allocated-bytes non-tlh="19056" tlh="7810392" />
  <largest-consumer threadName="Thread-8" threadId="0000000002241D00" bytes="2196688" />
</allocation-stats>
<gc-op id="3949" type="mark" timems="2.462" contextid="3946" timestamp="2019-07-02T19:53:29.550">
  <trace-info objectcount="67009" scancount="59433" scanbytes="2299220" />
  <finalization candidates="124" enqueued="0" />
  <ownableSynchronizers candidates="3" cleared="0" />
  <references type="soft" candidates="84" cleared="0" enqueued="0" dynamicThreshold="19" maxThreshold="32" />
  <references type="weak" candidates="776" cleared="0" enqueued="0" />
  <references type="phantom" candidates="63" cleared="0" enqueued="0" />
  <stringconstants candidates="4574" cleared="0"  />
</gc-op>
<gc-op id="3950" type="sweep" timems="0.717" contextid="3946" timestamp="2019-07-02T19:53:29.551" />
<mem-info id="3951" free="8004720" total="12845056" percent="62">
  <mem type="tenure" free="8004720" total="12845056" percent="62" micro-fragmented="158698" macro-fragmented="0">
    <mem type="soa" free="8004720" total="12717056" percent="62" />
    <mem type="loa" free="0" total="128000" percent="0" />
  </mem>
</mem-info>
<gc-op id="3952" type="compact" timems="5.409" contextid="3946" timestamp="2019-07-02T19:53:29.556">
  <compact-info movecount="27262" movebytes="1204688" reason="compact to aid heap contraction" />
</gc-op>
<heap-resize id="3953" type="contract" space="tenure" amount="65536" count="1" timems="0.069" reason="excess free space following gc" timestamp="2019-07-02T19:53:29.556" />
<gc-end id="3954" type="global" contextid="3946" durationms="9.389" usertimems="24.000" systemtimems="0.000" timestamp="2019-07-02T19:53:29.556" activeThreads="4">
  <mem-info id="3955" free="8392736" total="12779520" percent="65">
    <mem type="tenure" free="8392736" total="12779520" percent="65">
      <mem type="soa" free="8392736" total="12652544" percent="66" />
      <mem type="loa" free="0" total="126976" percent="0" />
    </mem>
  </mem-info>
</gc-end>
<cycle-end id="3956" type="global" contextid="3946" timestamp="2019-07-02T19:53:29.557">
  <attribute name="GC Util" value="109" />
  <attribute name="CPU Util" value="20406502737693" />
  <attribute name="Time Running"value="4361"/>
  <attribute name="Number of cores"value="4"/>
</cycle-end>
<allocation-satisfied id="3957" threadId="0000000002245900" bytesRequested="40" />
<af-end id="3958" timestamp="2019-07-02T19:53:29.557" threadId="0000000002246288" success="true" />
<exclusive-end id="3959" timestamp="2019-07-02T19:53:29.557" durationms="10.229" />

<exclusive-start id="3960" timestamp="2019-07-02T19:53:29.561" intervalms="14.073">
  <response-info timems="0.023" idlems="0.023" threads="0" lastid="000000000223E100" lastname="Thread-9" />
</exclusive-start>
<af-start id="3961" threadId="000000000223EA88" totalBytesRequested="40" timestamp="2019-07-02T19:53:29.561" intervalms="14.031" />
<cycle-start id="3962" type="global" contextid="0" timestamp="2019-07-02T19:53:29.561" intervalms="13.942" />
  <attribute name="GC Util" value="109" />
  <attribute name="CPU Util" value="20406502737693" />
  <attribute name="Time Running"value="4361"/>
  <attribute name="Number of cores"value="4"/>
<gc-start id="3963" type="global" contextid="3962" timestamp="2019-07-02T19:53:29.561">
  <mem-info id="3964" free="0" total="12779520" percent="0">
    <mem type="tenure" free="0" total="12779520" percent="0">
      <mem type="soa" free="0" total="12652544" percent="0" />
      <mem type="loa" free="0" total="126976" percent="0" />
    </mem>
  </mem-info>
</gc-start>
<allocation-stats totalBytes="8457568" >
  <allocated-bytes non-tlh="0" tlh="8457568" />
  <largest-consumer threadName="Thread-8" threadId="0000000002241D00" bytes="2195304" />
</allocation-stats>
<gc-op id="3965" type="mark" timems="1.081" contextid="3962" timestamp="2019-07-02T19:53:29.562">
  <trace-info objectcount="67812" scancount="60234" scanbytes="2318380" />
  <finalization candidates="124" enqueued="0" />
  <ownableSynchronizers candidates="3" cleared="0" />
  <references type="soft" candidates="84" cleared="0" enqueued="0" dynamicThreshold="21" maxThreshold="32" />
  <references type="weak" candidates="776" cleared="0" enqueued="0" />
  <references type="phantom" candidates="63" cleared="0" enqueued="0" />
  <stringconstants candidates="4574" cleared="0"  />
</gc-op>
<gc-op id="3966" type="sweep" timems="0.291" contextid="3962" timestamp="2019-07-02T19:53:29.563" />
<heap-resize id="3967" type="contract" space="tenure" amount="65536" count="1" timems="0.088" reason="excess free space following gc" timestamp="2019-07-02T19:53:29.563" />
<gc-end id="3968" type="global" contextid="3962" durationms="1.962" usertimems="4.000" systemtimems="0.000" timestamp="2019-07-02T19:53:29.563" activeThreads="4">
  <mem-info id="3969" free="8356720" total="12713984" percent="65">
    <mem type="tenure" free="8356720" total="12713984" percent="65" micro-fragmented="23172" macro-fragmented="0">
      <mem type="soa" free="8356720" total="12587008" percent="66" />
      <mem type="loa" free="0" total="126976" percent="0" />
    </mem>
  </mem-info>
</gc-end>
<cycle-end id="3970" type="global" contextid="3962" timestamp="2019-07-02T19:53:29.563">
  <attribute name="GC Util" value="216" />
  <attribute name="CPU Util" value="15762419552283" />
  <attribute name="Time Running"value="4373"/>
  <attribute name="Number of cores"value="4"/>
</cycle-end>
<allocation-satisfied id="3971" threadId="000000000223E100" bytesRequested="40" />
<af-end id="3972" timestamp="2019-07-02T19:53:29.563" threadId="000000000223EA88" success="true" />
<exclusive-end id="3973" timestamp="2019-07-02T19:53:29.563" durationms="2.519" />

<exclusive-start id="3974" timestamp="2019-07-02T19:53:29.567" intervalms="6.396">
  <response-info timems="0.025" idlems="0.025" threads="0" lastid="000000000223E100" lastname="Thread-9" />
</exclusive-start>
<af-start id="3975" threadId="000000000223EA88" totalBytesRequested="24" timestamp="2019-07-02T19:53:29.570" intervalms="8.678" />
<cycle-start id="3976" type="global" contextid="0" timestamp="2019-07-02T19:53:29.570" intervalms="8.768" />
  <attribute name="GC Util" value="216" />
  <attribute name="CPU Util" value="15762419552283" />
  <attribute name="Time Running"value="4373"/>
  <attribute name="Number of cores"value="4"/>
<gc-start id="3977" type="global" contextid="3976" timestamp="2019-07-02T19:53:29.570">
  <mem-info id="3978" free="0" total="12713984" percent="0">
    <mem type="tenure" free="0" total="12713984" percent="0">
      <mem type="soa" free="0" total="12587008" percent="0" />
      <mem type="loa" free="0" total="126976" percent="0" />
    </mem>
  </mem-info>
</gc-start>
<allocation-stats totalBytes="8352616" >
  <allocated-bytes non-tlh="0" tlh="8352616" />
  <largest-consumer threadName="Thread-8" threadId="0000000002241D00" bytes="2185896" />
</allocation-stats>
<gc-op id="3979" type="mark" timems="2.287" contextid="3976" timestamp="2019-07-02T19:53:29.572">
  <trace-info objectcount="68534" scancount="60959" scanbytes="2336340" />
  <finalization candidates="124" enqueued="0" />
  <ownableSynchronizers candidates="3" cleared="0" />
  <references type="soft" candidates="84" cleared="0" enqueued="0" dynamicThreshold="21" maxThreshold="32" />
  <references type="weak" candidates="776" cleared="0" enqueued="0" />
  <references type="phantom" candidates="63" cleared="0" enqueued="0" />
  <stringconstants candidates="4574" cleared="0"  />
</gc-op>
<gc-op id="3980" type="sweep" timems="0.858" contextid="3976" timestamp="2019-07-02T19:53:29.573" />
<heap-resize id="3981" type="contract" space="tenure" amount="65536" count="1" timems="0.089" reason="excess free space following gc" timestamp="2019-07-02T19:53:29.574" />
<gc-end id="3982" type="global" contextid="3976" durationms="3.903" usertimems="12.000" systemtimems="0.000" timestamp="2019-07-02T19:53:29.574" activeThreads="4">
  <mem-info id="3983" free="8247584" total="12648448" percent="65">
    <mem type="tenure" free="8247584" total="12648448" percent="65" micro-fragmented="30326" macro-fragmented="0">
      <mem type="soa" free="8247584" total="12522496" percent="65" />
      <mem type="loa" free="0" total="125952" percent="0" />
    </mem>
  </mem-info>
</gc-end>
<cycle-end id="3984" type="global" contextid="3976" timestamp="2019-07-02T19:53:29.574">
  <attribute name="GC Util" value="231" />
  <attribute name="CPU Util" value="7750185633504" />
  <attribute name="Time Running"value="4383"/>
  <attribute name="Number of cores"value="4"/>
</cycle-end>
<allocation-satisfied id="3985" threadId="000000000223E100" bytesRequested="24" />
<af-end id="3986" timestamp="2019-07-02T19:53:29.574" threadId="000000000223EA88" success="true" />
<exclusive-end id="3987" timestamp="2019-07-02T19:53:29.574" durationms="6.963" />

<exclusive-start id="3988" timestamp="2019-07-02T19:53:29.579" intervalms="12.188">
  <response-info timems="0.027" idlems="0.027" threads="1" lastid="0000000002241D00" lastname="Thread-8" />
</exclusive-start>
<af-start id="3989" threadId="0000000002246288" totalBytesRequested="24" timestamp="2019-07-02T19:53:29.580" intervalms="10.008" />
<cycle-start id="3990" type="global" contextid="0" timestamp="2019-07-02T19:53:29.580" intervalms="10.047" />
  <attribute name="GC Util" value="231" />
  <attribute name="CPU Util" value="7750185633504" />
  <attribute name="Time Running"value="4383"/>
  <attribute name="Number of cores"value="4"/>
<gc-start id="3991" type="global" contextid="3990" timestamp="2019-07-02T19:53:29.580">
  <mem-info id="3992" free="0" total="12648448" percent="0">
    <mem type="tenure" free="0" total="12648448" percent="0">
      <mem type="soa" free="0" total="12522496" percent="0" />
      <mem type="loa" free="0" total="125952" percent="0" />
    </mem>
  </mem-info>
</gc-start>
<allocation-stats totalBytes="8238552" >
  <allocated-bytes non-tlh="0" tlh="8238552" />
  <largest-consumer threadName="Thread-7" threadId="0000000002245900" bytes="2813528" />
</allocation-stats>
<gc-op id="3993" type="mark" timems="1.865" contextid="3990" timestamp="2019-07-02T19:53:29.582">
  <trace-info objectcount="69179" scancount="61599" scanbytes="2351564" />
  <finalization candidates="124" enqueued="0" />
  <ownableSynchronizers candidates="3" cleared="0" />
  <references type="soft" candidates="84" cleared="0" enqueued="0" dynamicThreshold="20" maxThreshold="32" />
  <references type="weak" candidates="776" cleared="0" enqueued="0" />
  <references type="phantom" candidates="63" cleared="0" enqueued="0" />
  <stringconstants candidates="4574" cleared="0"  />
</gc-op>
<gc-op id="3994" type="sweep" timems="0.786" contextid="3990" timestamp="2019-07-02T19:53:29.583" />
<mem-info id="3995" free="8200696" total="12648448" percent="64">
  <mem type="tenure" free="8200696" total="12648448" percent="64" micro-fragmented="0" macro-fragmented="0">
    <mem type="soa" free="8200696" total="12522496" percent="65" />
    <mem type="loa" free="0" total="125952" percent="0" />
  </mem>
</mem-info>
<gc-op id="3996" type="compact" timems="5.356" contextid="3990" timestamp="2019-07-02T19:53:29.588">
  <compact-info movecount="17856" movebytes="723488" reason="compact to aid heap contraction" />
</gc-op>
<heap-resize id="3997" type="contract" space="tenure" amount="65536" count="1" timems="0.075" reason="excess free space following gc" timestamp="2019-07-02T19:53:29.589" />
<gc-end id="3998" type="global" contextid="3990" durationms="8.931" usertimems="24.000" systemtimems="0.000" timestamp="2019-07-02T19:53:29.589" activeThreads="4">
  <mem-info id="3999" free="8145832" total="12582912" percent="64">
    <mem type="tenure" free="8145832" total="12582912" percent="64">
      <mem type="soa" free="8145832" total="12457984" percent="65" />
      <mem type="loa" free="0" total="124928" percent="0" />
    </mem>
  </mem-info>
</gc-end>
<cycle-end id="4000" type="global" contextid="3990" timestamp="2019-07-02T19:53:29.589">
  <attribute name="GC Util" value="137" />
  <attribute name="CPU Util" value="17856773885690" />
  <attribute name="Time Running"value="4393"/>
  <attribute name="Number of cores"value="4"/>
</cycle-end>
<allocation-satisfied id="4001" threadId="0000000002245900" bytesRequested="24" />
<af-end id="4002" timestamp="2019-07-02T19:53:29.589" threadId="0000000002246288" success="true" />
<exclusive-end id="4003" timestamp="2019-07-02T19:53:29.589" durationms="9.777" />

<exclusive-start id="4004" timestamp="2019-07-02T19:53:29.595" intervalms="16.052">
  <response-info timems="0.028" idlems="0.028" threads="0" lastid="000000000223A500" lastname="Thread-10" />
</exclusive-start>
<af-start id="4005" threadId="000000000223AE88" totalBytesRequested="40" timestamp="2019-07-02T19:53:29.596" intervalms="15.945" />
<cycle-start id="4006" type="global" contextid="0" timestamp="2019-07-02T19:53:29.596" intervalms="15.853" />
  <attribute name="GC Util" value="137" />
  <attribute name="CPU Util" value="17856773885690" />
  <attribute name="Time Running"value="4393"/>
  <attribute name="Number of cores"value="4"/>
<gc-start id="4007" type="global" contextid="4006" timestamp="2019-07-02T19:53:29.596">
  <mem-info id="4008" free="0" total="12582912" percent="0">
    <mem type="tenure" free="0" total="12582912" percent="0">
      <mem type="soa" free="0" total="12457984" percent="0" />
      <mem type="loa" free="0" total="124928" percent="0" />
    </mem>
  </mem-info>
</gc-start>
<allocation-stats totalBytes="8210272" >
  <allocated-bytes non-tlh="0" tlh="8210272" />
  <largest-consumer threadName="Thread-10" threadId="000000000223A500" bytes="3291560" />
</allocation-stats>
<gc-op id="4009" type="mark" timems="2.129" contextid="4006" timestamp="2019-07-02T19:53:29.598">
  <trace-info objectcount="60242" scancount="52666" scanbytes="1999172" />
  <finalization candidates="124" enqueued="0" />
  <ownableSynchronizers candidates="3" cleared="0" />
  <references type="soft" candidates="84" cleared="0" enqueued="0" dynamicThreshold="20" maxThreshold="32" />
  <references type="weak" candidates="776" cleared="0" enqueued="0" />
  <references type="phantom" candidates="63" cleared="0" enqueued="0" />
  <stringconstants candidates="4574" cleared="0"  />
</gc-op>
<gc-op id="4010" type="sweep" timems="0.724" contextid="4006" timestamp="2019-07-02T19:53:29.599" />
<heap-resize id="4011" type="contract" space="tenure" amount="65536" count="1" timems="0.072" reason="excess free space following gc" timestamp="2019-07-02T19:53:29.599" />
<gc-end id="4012" type="global" contextid="4006" durationms="3.370" usertimems="12.000" systemtimems="0.000" timestamp="2019-07-02T19:53:29.599" activeThreads="4">
  <mem-info id="4013" free="8431584" total="12517376" percent="67">
    <mem type="tenure" free="8431584" total="12517376" percent="67" micro-fragmented="158821" macro-fragmented="0">
      <mem type="soa" free="8431584" total="12392448" percent="68" />
      <mem type="loa" free="0" total="124928" percent="0" />
    </mem>
  </mem-info>
</gc-end>
<cycle-end id="4014" type="global" contextid="4006" timestamp="2019-07-02T19:53:29.599">
  <attribute name="GC Util" value="242" />
  <attribute name="CPU Util" value="8325650345227" />
  <attribute name="Time Running"value="4408"/>
  <attribute name="Number of cores"value="4"/>
</cycle-end>
<allocation-satisfied id="4015" threadId="000000000223A500" bytesRequested="40" />
<af-end id="4016" timestamp="2019-07-02T19:53:29.600" threadId="000000000223AE88" success="true" />
<exclusive-end id="4017" timestamp="2019-07-02T19:53:29.600" durationms="4.123" />

<exclusive-start id="4018" timestamp="2019-07-02T19:53:29.607" intervalms="11.845">
  <response-info timems="0.025" idlems="0.024" threads="1" lastid="0000000002241D00" lastname="Thread-8" />
</exclusive-start>
<af-start id="4019" threadId="000000000223AE88" totalBytesRequested="40" timestamp="2019-07-02T19:53:29.607" intervalms="11.878" />
<cycle-start id="4020" type="global" contextid="0" timestamp="2019-07-02T19:53:29.607" intervalms="11.880" />
  <attribute name="GC Util" value="242" />
  <attribute name="CPU Util" value="8325650345227" />
  <attribute name="Time Running"value="4408"/>
  <attribute name="Number of cores"value="4"/>
<gc-start id="4021" type="global" contextid="4020" timestamp="2019-07-02T19:53:29.608">
  <mem-info id="4022" free="0" total="12517376" percent="0">
    <mem type="tenure" free="0" total="12517376" percent="0">
      <mem type="soa" free="0" total="12392448" percent="0" />
      <mem type="loa" free="0" total="124928" percent="0" />
    </mem>
  </mem-info>
</gc-start>
<allocation-stats totalBytes="8430840" >
  <allocated-bytes non-tlh="0" tlh="8430840" />
  <largest-consumer threadName="Thread-10" threadId="000000000223A500" bytes="4194928" />
</allocation-stats>
<gc-op id="4023" type="mark" timems="2.244" contextid="4020" timestamp="2019-07-02T19:53:29.610">
  <trace-info objectcount="60975" scancount="53399" scanbytes="2016748" />
  <finalization candidates="124" enqueued="0" />
  <ownableSynchronizers candidates="3" cleared="0" />
  <references type="soft" candidates="84" cleared="0" enqueued="0" dynamicThreshold="21" maxThreshold="32" />
  <references type="weak" candidates="776" cleared="0" enqueued="0" />
  <references type="phantom" candidates="63" cleared="0" enqueued="0" />
  <stringconstants candidates="4574" cleared="0"  />
</gc-op>
<gc-op id="4024" type="sweep" timems="0.745" contextid="4020" timestamp="2019-07-02T19:53:29.611" />
<mem-info id="4025" free="8398632" total="12517376" percent="67">
  <mem type="tenure" free="8398632" total="12517376" percent="67" micro-fragmented="138760" macro-fragmented="0">
    <mem type="soa" free="8398632" total="12392448" percent="67" />
    <mem type="loa" free="0" total="124928" percent="0" />
  </mem>
</mem-info>
<gc-op id="4026" type="compact" timems="5.487" contextid="4020" timestamp="2019-07-02T19:53:29.616">
  <compact-info movecount="24662" movebytes="1246464" reason="compact to aid heap contraction" />
</gc-op>
<heap-resize id="4027" type="contract" space="tenure" amount="65536" count="1" timems="0.064" reason="excess free space following gc" timestamp="2019-07-02T19:53:29.617" />
<gc-end id="4028" type="global" contextid="4020" durationms="9.176" usertimems="20.000" systemtimems="8.000" timestamp="2019-07-02T19:53:29.617" activeThreads="4">
  <mem-info id="4029" free="8405152" total="12451840" percent="67">
    <mem type="tenure" free="8405152" total="12451840" percent="67">
      <mem type="soa" free="8405152" total="12327936" percent="68" />
      <mem type="loa" free="0" total="123904" percent="0" />
    </mem>
  </mem-info>
</gc-end>
<cycle-end id="4030" type="global" contextid="4020" timestamp="2019-07-02T19:53:29.617">
  <attribute name="GC Util" value="164" />
  <attribute name="CPU Util" value="20258813684635" />
  <attribute name="Time Running"value="4421"/>
  <attribute name="Number of cores"value="4"/>
</cycle-end>
<allocation-satisfied id="4031" threadId="000000000223A500" bytesRequested="40" />
<af-end id="4032" timestamp="2019-07-02T19:53:29.617" threadId="000000000223AE88" success="true" />
<exclusive-end id="4033" timestamp="2019-07-02T19:53:29.617" durationms="9.750" />

<exclusive-start id="4034" timestamp="2019-07-02T19:53:29.625" intervalms="17.256">
  <response-info timems="0.032" idlems="0.018" threads="1" lastid="0000000002241D00" lastname="Thread-8" />
</exclusive-start>
<af-start id="4035" threadId="000000000223EA88" totalBytesRequested="40" timestamp="2019-07-02T19:53:29.625" intervalms="17.237" />
<cycle-start id="4036" type="global" contextid="0" timestamp="2019-07-02T19:53:29.625" intervalms="17.246" />
  <attribute name="GC Util" value="164" />
  <attribute name="CPU Util" value="20258813684635" />
  <attribute name="Time Running"value="4421"/>
  <attribute name="Number of cores"value="4"/>
<gc-start id="4037" type="global" contextid="4036" timestamp="2019-07-02T19:53:29.625">
  <mem-info id="4038" free="0" total="12451840" percent="0">
    <mem type="tenure" free="0" total="12451840" percent="0">
      <mem type="soa" free="0" total="12327936" percent="0" />
      <mem type="loa" free="0" total="123904" percent="0" />
    </mem>
  </mem-info>
</gc-start>
<allocation-stats totalBytes="8469920" >
  <allocated-bytes non-tlh="0" tlh="8469920" />
  <largest-consumer threadName="Thread-10" threadId="000000000223A500" bytes="4161152" />
</allocation-stats>
<gc-op id="4039" type="mark" timems="2.031" contextid="4036" timestamp="2019-07-02T19:53:29.627">
  <trace-info objectcount="61740" scancount="54168" scanbytes="2035124" />
  <finalization candidates="124" enqueued="0" />
  <ownableSynchronizers candidates="3" cleared="0" />
  <references type="soft" candidates="84" cleared="0" enqueued="0" dynamicThreshold="21" maxThreshold="32" />
  <references type="weak" candidates="776" cleared="0" enqueued="0" />
  <references type="phantom" candidates="63" cleared="0" enqueued="0" />
  <stringconstants candidates="4574" cleared="0"  />
</gc-op>
<gc-op id="4040" type="sweep" timems="0.697" contextid="4036" timestamp="2019-07-02T19:53:29.628" />
<heap-resize id="4041" type="contract" space="tenure" amount="65536" count="1" timems="0.077" reason="excess free space following gc" timestamp="2019-07-02T19:53:29.628" />
<gc-end id="4042" type="global" contextid="4036" durationms="3.385" usertimems="12.000" systemtimems="0.000" timestamp="2019-07-02T19:53:29.628" activeThreads="4">
  <mem-info id="4043" free="8374392" total="12386304" percent="67">
    <mem type="tenure" free="8374392" total="12386304" percent="67" micro-fragmented="22296" macro-fragmented="0">
      <mem type="soa" free="8374392" total="12263424" percent="68" />
      <mem type="loa" free="0" total="122880" percent="0" />
    </mem>
  </mem-info>
</gc-end>
<cycle-end id="4044" type="global" contextid="4036" timestamp="2019-07-02T19:53:29.628">
  <attribute name="GC Util" value="247" />
  <attribute name="CPU Util" value="8698606720732" />
  <attribute name="Time Running"value="4437"/>
  <attribute name="Number of cores"value="4"/>
</cycle-end>
<allocation-satisfied id="4045" threadId="000000000223E100" bytesRequested="40" />
<af-end id="4046" timestamp="2019-07-02T19:53:29.629" threadId="000000000223EA88" success="true" />
<exclusive-end id="4047" timestamp="2019-07-02T19:53:29.629" durationms="4.118" />

<exclusive-start id="4048" timestamp="2019-07-02T19:53:29.641" intervalms="16.259">
  <response-info timems="0.080" idlems="0.042" threads="1" lastid="000000000223E100" lastname="Thread-9" />
</exclusive-start>
<af-start id="4049" threadId="0000000002242688" totalBytesRequested="40" timestamp="2019-07-02T19:53:29.641" intervalms="16.369" />
<cycle-start id="4050" type="global" contextid="0" timestamp="2019-07-02T19:53:29.641" intervalms="16.380" />
  <attribute name="GC Util" value="247" />
  <attribute name="CPU Util" value="8698606720732" />
  <attribute name="Time Running"value="4437"/>
  <attribute name="Number of cores"value="4"/>
<gc-start id="4051" type="global" contextid="4050" timestamp="2019-07-02T19:53:29.641">
  <mem-info id="4052" free="0" total="12386304" percent="0">
    <mem type="tenure" free="0" total="12386304" percent="0">
      <mem type="soa" free="0" total="12263424" percent="0" />
      <mem type="loa" free="0" total="122880" percent="0" />
    </mem>
  </mem-info>
</gc-start>
<allocation-stats totalBytes="8371168" >
  <allocated-bytes non-tlh="0" tlh="8371168" />
  <largest-consumer threadName="Thread-8" threadId="0000000002241D00" bytes="4677968" />
</allocation-stats>
<gc-op id="4053" type="mark" timems="1.892" contextid="4050" timestamp="2019-07-02T19:53:29.643">
  <trace-info objectcount="52851" scancount="45274" scanbytes="1683180" />
  <finalization candidates="124" enqueued="0" />
  <ownableSynchronizers candidates="3" cleared="0" />
  <references type="soft" candidates="84" cleared="0" enqueued="0" dynamicThreshold="21" maxThreshold="32" />
  <references type="weak" candidates="774" cleared="0" enqueued="0" />
  <references type="phantom" candidates="63" cleared="0" enqueued="0" />
  <stringconstants candidates="4574" cleared="0"  />
</gc-op>
<gc-op id="4054" type="sweep" timems="0.747" contextid="4050" timestamp="2019-07-02T19:53:29.644" />
<heap-resize id="4055" type="contract" space="tenure" amount="65536" count="1" timems="0.087" reason="excess free space following gc" timestamp="2019-07-02T19:53:29.644" />
<gc-end id="4056" type="global" contextid="4050" durationms="3.366" usertimems="12.000" systemtimems="0.000" timestamp="2019-07-02T19:53:29.645" activeThreads="4">
  <mem-info id="4057" free="8585216" total="12320768" percent="69">
    <mem type="tenure" free="8585216" total="12320768" percent="69" micro-fragmented="118931" macro-fragmented="0">
      <mem type="soa" free="8585216" total="12197888" percent="70" />
      <mem type="loa" free="0" total="122880" percent="0" />
    </mem>
  </mem-info>
</gc-end>
<cycle-end id="4058" type="global" contextid="4050" timestamp="2019-07-02T19:53:29.645">
  <attribute name="GC Util" value="246" />
  <attribute name="CPU Util" value="9297439972374" />
  <attribute name="Time Running"value="4454"/>
  <attribute name="Number of cores"value="4"/>
</cycle-end>
<allocation-satisfied id="4059" threadId="0000000002241D00" bytesRequested="40" />
<af-end id="4060" timestamp="2019-07-02T19:53:29.645" threadId="0000000002242688" success="true" />
<exclusive-end id="4061" timestamp="2019-07-02T19:53:29.645" durationms="4.170" />

<exclusive-start id="4062" timestamp="2019-07-02T19:53:29.660" intervalms="19.438">
  <response-info timems="0.233" idlems="0.200" threads="1" lastid="000000000223E100" lastname="Thread-9" />
</exclusive-start>
<af-start id="4063" threadId="0000000002242688" totalBytesRequested="24" timestamp="2019-07-02T19:53:29.660" intervalms="19.389" />
<cycle-start id="4064" type="global" contextid="0" timestamp="2019-07-02T19:53:29.661" intervalms="19.409" />
  <attribute name="GC Util" value="246" />
  <attribute name="CPU Util" value="9297439972374" />
  <attribute name="Time Running"value="4454"/>
  <attribute name="Number of cores"value="4"/>
<gc-start id="4065" type="global" contextid="4064" timestamp="2019-07-02T19:53:29.661">
  <mem-info id="4066" free="0" total="12320768" percent="0">
    <mem type="tenure" free="0" total="12320768" percent="0">
      <mem type="soa" free="0" total="12197888" percent="0" />
      <mem type="loa" free="0" total="122880" percent="0" />
    </mem>
  </mem-info>
</gc-start>
<allocation-stats totalBytes="8632176" >
  <allocated-bytes non-tlh="0" tlh="8632176" />
  <largest-consumer threadName="Thread-9" threadId="000000000223E100" bytes="6152768" />
</allocation-stats>
<gc-op id="4067" type="mark" timems="2.120" contextid="4064" timestamp="2019-07-02T19:53:29.663">
  <trace-info objectcount="53939" scancount="46366" scanbytes="1709540" />
  <finalization candidates="124" enqueued="0" />
  <ownableSynchronizers candidates="3" cleared="0" />
  <references type="soft" candidates="84" cleared="0" enqueued="0" dynamicThreshold="22" maxThreshold="32" />
  <references type="weak" candidates="774" cleared="0" enqueued="0" />
  <references type="phantom" candidates="63" cleared="0" enqueued="0" />
  <stringconstants candidates="4574" cleared="0"  />
</gc-op>
<gc-op id="4068" type="sweep" timems="0.746" contextid="4064" timestamp="2019-07-02T19:53:29.664" />
<mem-info id="4069" free="8587096" total="12320768" percent="69">
  <mem type="tenure" free="8587096" total="12320768" percent="69" micro-fragmented="99177" macro-fragmented="0">
    <mem type="soa" free="8587096" total="12197888" percent="70" />
    <mem type="loa" free="0" total="122880" percent="0" />
  </mem>
</mem-info>
<gc-op id="4070" type="compact" timems="8.003" contextid="4064" timestamp="2019-07-02T19:53:29.672">
  <compact-info movecount="36321" movebytes="2716824" reason="compact to aid heap contraction" />
</gc-op>
<heap-resize id="4071" type="contract" space="tenure" amount="65536" count="1" timems="0.077" reason="excess free space following gc" timestamp="2019-07-02T19:53:29.672" />
<gc-end id="4072" type="global" contextid="4064" durationms="11.537" usertimems="16.000" systemtimems="0.000" timestamp="2019-07-02T19:53:29.672" activeThreads="4">
  <mem-info id="4073" free="8572432" total="12255232" percent="69">
    <mem type="tenure" free="8572432" total="12255232" percent="69">
      <mem type="soa" free="8572432" total="12133376" percent="70" />
      <mem type="loa" free="0" total="121856" percent="0" />
    </mem>
  </mem-info>
</gc-end>
<cycle-end id="4074" type="global" contextid="4064" timestamp="2019-07-02T19:53:29.672">
  <attribute name="GC Util" value="174" />
  <attribute name="CPU Util" value="21748183302665" />
  <attribute name="Time Running"value="4474"/>
  <attribute name="Number of cores"value="4"/>
</cycle-end>
<allocation-satisfied id="4075" threadId="0000000002241D00" bytesRequested="24" />
<af-end id="4076" timestamp="2019-07-02T19:53:29.673" threadId="0000000002242688" success="true" />
<exclusive-end id="4077" timestamp="2019-07-02T19:53:29.673" durationms="12.405" />

<exclusive-start id="4078" timestamp="2019-07-02T19:53:29.683" intervalms="22.614">
  <response-info timems="0.025" idlems="0.025" threads="0" lastid="0000000002241D00" lastname="Thread-8" />
</exclusive-start>
<af-start id="4079" threadId="0000000002242688" totalBytesRequested="40" timestamp="2019-07-02T19:53:29.683" intervalms="22.647" />
<cycle-start id="4080" type="global" contextid="0" timestamp="2019-07-02T19:53:29.683" intervalms="22.669" />
  <attribute name="GC Util" value="174" />
  <attribute name="CPU Util" value="21748183302665" />
  <attribute name="Time Running"value="4474"/>
  <attribute name="Number of cores"value="4"/>
<gc-start id="4081" type="global" contextid="4080" timestamp="2019-07-02T19:53:29.683">
  <mem-info id="4082" free="0" total="12255232" percent="0">
    <mem type="tenure" free="0" total="12255232" percent="0">
      <mem type="soa" free="0" total="12133376" percent="0" />
      <mem type="loa" free="0" total="121856" percent="0" />
    </mem>
  </mem-info>
</gc-start>
<allocation-stats totalBytes="8636768" >
  <allocated-bytes non-tlh="0" tlh="8636768" />
  <largest-consumer threadName="Thread-9" threadId="000000000223E100" bytes="5864648" />
</allocation-stats>
<gc-op id="4083" type="mark" timems="2.659" contextid="4080" timestamp="2019-07-02T19:53:29.686">
  <trace-info objectcount="55322" scancount="47741" scanbytes="1742468" />
  <finalization candidates="124" enqueued="0" />
  <ownableSynchronizers candidates="3" cleared="0" />
  <references type="soft" candidates="84" cleared="0" enqueued="0" dynamicThreshold="22" maxThreshold="32" />
  <references type="weak" candidates="774" cleared="0" enqueued="0" />
  <references type="phantom" candidates="63" cleared="0" enqueued="0" />
  <stringconstants candidates="4574" cleared="0"  />
</gc-op>
<gc-op id="4084" type="sweep" timems="0.724" contextid="4080" timestamp="2019-07-02T19:53:29.687" />
<heap-resize id="4085" type="contract" space="tenure" amount="65536" count="1" timems="0.084" reason="excess free space following gc" timestamp="2019-07-02T19:53:29.687" />
<gc-end id="4086" type="global" contextid="4080" durationms="3.957" usertimems="12.000" systemtimems="0.000" timestamp="2019-07-02T19:53:29.687" activeThreads="4">
  <mem-info id="4087" free="8539160" total="12189696" percent="70">
    <mem type="tenure" free="8539160" total="12189696" percent="70" micro-fragmented="0" macro-fragmented="0">
      <mem type="soa" free="8539160" total="12067840" percent="70" />
      <mem type="loa" free="0" total="121856" percent="0" />
    </mem>
  </mem-info>
</gc-end>
<cycle-end id="4088" type="global" contextid="4080" timestamp="2019-07-02T19:53:29.687">
  <attribute name="GC Util" value="221" />
  <attribute name="CPU Util" value="6713040493140" />
  <attribute name="Time Running"value="4497"/>
  <attribute name="Number of cores"value="4"/>
</cycle-end>
<allocation-satisfied id="4089" threadId="0000000002241D00" bytesRequested="40" />
<af-end id="4090" timestamp="2019-07-02T19:53:29.687" threadId="0000000002242688" success="true" />
<exclusive-end id="4091" timestamp="2019-07-02T19:53:29.688" durationms="4.672" />

<exclusive-start id="4092" timestamp="2019-07-02T19:53:29.697" intervalms="14.011">
  <response-info timems="0.025" idlems="0.025" threads="0" lastid="0000000002241D00" lastname="Thread-8" />
</exclusive-start>
<af-start id="4093" threadId="0000000002242688" totalBytesRequested="24" timestamp="2019-07-02T19:53:29.697" intervalms="13.931" />
<cycle-start id="4094" type="global" contextid="0" timestamp="2019-07-02T19:53:29.697" intervalms="13.883" />
  <attribute name="GC Util" value="221" />
  <attribute name="CPU Util" value="6713040493140" />
  <attribute name="Time Running"value="4497"/>
  <attribute name="Number of cores"value="4"/>
<gc-start id="4095" type="global" contextid="4094" timestamp="2019-07-02T19:53:29.697">
  <mem-info id="4096" free="0" total="12189696" percent="0">
    <mem type="tenure" free="0" total="12189696" percent="0">
      <mem type="soa" free="0" total="12067840" percent="0" />
      <mem type="loa" free="0" total="121856" percent="0" />
    </mem>
  </mem-info>
</gc-start>
<allocation-stats totalBytes="8534792" >
  <allocated-bytes non-tlh="0" tlh="8534792" />
  <largest-consumer threadName="Thread-8" threadId="0000000002241D00" bytes="5248144" />
</allocation-stats>
<gc-op id="4097" type="mark" timems="2.584" contextid="4094" timestamp="2019-07-02T19:53:29.700">
  <trace-info objectcount="48527" scancount="40963" scanbytes="1441356" />
  <finalization candidates="124" enqueued="0" />
  <ownableSynchronizers candidates="3" cleared="0" />
  <references type="soft" candidates="84" cleared="0" enqueued="0" dynamicThreshold="22" maxThreshold="32" />
  <references type="weak" candidates="774" cleared="0" enqueued="0" />
  <references type="phantom" candidates="63" cleared="0" enqueued="0" />
  <stringconstants candidates="4574" cleared="0"  />
</gc-op>
<gc-op id="4098" type="sweep" timems="0.726" contextid="4094" timestamp="2019-07-02T19:53:29.701" />
<mem-info id="4099" free="8833040" total="12189696" percent="72">
  <mem type="tenure" free="8833040" total="12189696" percent="72" micro-fragmented="38607" macro-fragmented="0">
    <mem type="soa" free="8833040" total="12067840" percent="73" />
    <mem type="loa" free="0" total="121856" percent="0" />
  </mem>
</mem-info>
<gc-op id="4100" type="compact" timems="8.884" contextid="4094" timestamp="2019-07-02T19:53:29.710">
  <compact-info movecount="40724" movebytes="2799080" reason="compact to aid heap contraction" />
</gc-op>
<heap-resize id="4101" type="contract" space="tenure" amount="65536" count="1" timems="0.066" reason="excess free space following gc" timestamp="2019-07-02T19:53:29.710" />
<gc-end id="4102" type="global" contextid="4094" durationms="12.866" usertimems="16.000" systemtimems="4.000" timestamp="2019-07-02T19:53:29.710" activeThreads="4">
  <mem-info id="4103" free="8765120" total="12124160" percent="72">
    <mem type="tenure" free="8765120" total="12124160" percent="72">
      <mem type="soa" free="8765120" total="12003328" percent="73" />
      <mem type="loa" free="0" total="120832" percent="0" />
    </mem>
  </mem-info>
</gc-end>
<cycle-end id="4104" type="global" contextid="4094" timestamp="2019-07-02T19:53:29.710">
  <attribute name="GC Util" value="156" />
  <attribute name="CPU Util" value="20439945073898" />
  <attribute name="Time Running"value="4511"/>
  <attribute name="Number of cores"value="4"/>
</cycle-end>
<allocation-satisfied id="4105" threadId="0000000002241D00" bytesRequested="24" />
<af-end id="4106" timestamp="2019-07-02T19:53:29.710" threadId="0000000002242688" success="true" />
<exclusive-end id="4107" timestamp="2019-07-02T19:53:29.710" durationms="13.490" />

</verbosegc>

