<?xml version="1.0" ?>

<verbosegc xmlns="http://www.ibm.com/j9/verbosegc" version="10b4217_CMPRSS">

<initialized id="1" timestamp="2019-06-15T23:38:52.021">
  <attribute name="gcPolicy" value="-Xgcpolicy:gencon" />
  <attribute name="elasticGC enabled" value="1" />
  <attribute name= "numThreadsSpecified" value="0" />
  <attribute name="heapSize specified" value="0" />
  <attribute name="Current GC Util" value="0" />
  <attribute name= "Current Time Running" value="0" />
  <attribute name ="GC Interval" value="0" />
  <attribute name="ProportionalT" value="0.000000" />
  <attribute name="ProportionalI" value="0.000000" />
  <attribute name="ProportionalH" value="0.000000" />
  <attribute name="IntegralT" value="0.000000" />
  <attribute name="IntegralI" value="0.000000" />
  <attribute name="IntegralH" value="0.000000" />
  <attribute name="DerivativeT" value="0.000000" />
  <attribute name="DerivativeI" value="0.000000" />
  <attribute name="DerivativeH" value="0.000000" />
  <attribute name="Target GC Util Change" value ="0.000000" />
  <attribute name="Current GC Util Change" value="0.000000"/>
  <attribute name="Current Error" value="0.000000" />
  <attribute name="Loop Time for DT" value="0.000000" />
  <attribute name="Output H" value="0"/>
  <attribute name="Output I" value="0"/>
  <attribute name="Output T" value="0"/>
  <attribute name="GC Util currently" value="0" />
  <attribute name="CPU Util currently" value="0" />
  <attribute name="maxHeapSize" value="0x7cbc0000" />
  <attribute name="initialHeapSize" value="0x800000" />
  <attribute name="compressedRefs" value="true" />
  <attribute name="compressedRefsDisplacement" value="0x0" />
  <attribute name="compressedRefsShift" value="0x0" />
  <attribute name="pageSize" value="0x1000" />
  <attribute name="pageType" value="not used" />
  <attribute name="requestedPageSize" value="0x1000" />
  <attribute name="requestedPageType" value="not used" />
  <attribute name="gcthreads" value="4" />
  <attribute name="gcthreads Concurrent Mark" value="1" />
  <attribute name="packetListSplit" value="4" />
  <attribute name="cacheListSplit" value="4" />
  <attribute name="splitFreeListSplitAmount" value="1" />
  <attribute name="numaNodes" value="0" />
  <system>
    <attribute name="physicalMemory" value="8370958336" />
    <attribute name="numCPUs" value="4" />
    <attribute name="architecture" value="amd64" />
    <attribute name="os" value="Linux" />
    <attribute name="osVersion" value="4.4.0-150-generic" />
  </system>
  <vmargs>
    <vmarg name="-Xoptionsfile=/vagrant/jdk/lib/options.default" />
    <vmarg name="-Xlockword:mode=default,noLockword=java/lang/String,noLockword=java/util/MapEntry,noLockword=java/util/HashMap$Entry,noLockword..." />
    <vmarg name="-Xjcl:jclse29" />
    <vmarg name="-Dcom.ibm.oti.vm.bootstrap.library.path=/vagrant/jdk/lib/compressedrefs:/vagrant/jdk/lib" />
    <vmarg name="-Dsun.boot.library.path=/vagrant/jdk/lib/compressedrefs:/vagrant/jdk/lib" />
    <vmarg name="-Djava.library.path=/vagrant/jdk/lib/compressedrefs:/vagrant/jdk/lib:/usr/lib64:/usr/lib" />
    <vmarg name="-Djava.home=/vagrant/jdk" />
    <vmarg name="-Duser.dir=/vagrant" />
    <vmarg name="-Xgcpolicy:gencon" />
    <vmarg name="-Xgcelastic" />
    <vmarg name="-Xcheck:gc:::elasticGC" />
    <vmarg name="-verbose:gc" />
    <vmarg name="-Xloggc:jdk1.5-1-1-small-GEN-4CORE-elasticverbose14sunflow.txt" />
    <vmarg name="-Djava.class.path=dacapo-9.12-MR1-bach.jar" />
    <vmarg name="-Dsun.java.command=dacapo-9.12-MR1-bach.jar sunflow --size=small" />
    <vmarg name="-Dsun.java.launcher=SUN_STANDARD" />
    <vmarg name="-Dsun.java.launcher.pid=10668" />
  </vmargs>
</initialized>

<exclusive-start id="2" timestamp="2019-06-15T23:38:52.202" intervalms="181.142">
  <response-info timems="0.022" idlems="0.022" threads="0" lastid="000000000201B700" lastname="main" />
</exclusive-start>
<af-start id="3" threadId="000000000201C088" totalBytesRequested="1032" timestamp="2019-06-15T23:38:52.202" intervalms="181.324" type="nursery" />
<cycle-start id="4" type="scavenge" contextid="0" timestamp="2019-06-15T23:38:52.203" intervalms="181.693" />
<gc-start id="5" type="scavenge" contextid="4" timestamp="2019-06-15T23:38:52.207">
  <mem-info id="6" free="6062536" total="8388608" percent="72">
    <mem type="nursery" free="0" total="2097152" percent="0">
      <mem type="allocate" free="0" total="1048576" percent="0" />
      <mem type="survivor" free="0" total="1048576" percent="0" />
    </mem>
    <mem type="tenure" free="6062536" total="6291456" percent="96">
      <mem type="soa" free="5748168" total="5977088" percent="96" />
      <mem type="loa" free="314368" total="314368" percent="100" />
    </mem>
    <remembered-set count="3162" />
  </mem-info>
</gc-start>
<allocation-stats totalBytes="1274064" >
  <allocated-bytes non-tlh="344872" tlh="929192" />
  <largest-consumer threadName="main" threadId="000000000201B700" bytes="1195488" />
</allocation-stats>
<gc-op id="7" type="scavenge" timems="2.666" contextid="4" timestamp="2019-06-15T23:38:52.210">
  <scavenger-info tenureage="2" tenuremask="fffc" tiltratio="50" />
  <memory-copied type="nursery" objects="10597" bytes="477184" bytesdiscarded="115792" />
  <finalization candidates="11" enqueued="0" />
  <references type="soft" candidates="63" cleared="0" enqueued="0" dynamicThreshold="32" maxThreshold="32" />
  <references type="weak" candidates="313" cleared="177" enqueued="141" />
  <references type="phantom" candidates="26" cleared="6" enqueued="6" />
</gc-op>
<gc-end id="8" type="scavenge" contextid="4" durationms="6.217" usertimems="8.000" systemtimems="0.000" timestamp="2019-06-15T23:38:52.214" activeThreads="4">
  <mem-info id="9" free="6516048" total="8388608" percent="77">
    <mem type="nursery" free="453512" total="2097152" percent="21">
      <mem type="allocate" free="453512" total="1048576" percent="43" />
      <mem type="survivor" free="0" total="1048576" percent="0" />
    </mem>
    <mem type="tenure" free="6062536" total="6291456" percent="96">
      <mem type="soa" free="5748168" total="5977088" percent="96" />
      <mem type="loa" free="314368" total="314368" percent="100" />
    </mem>
    <pending-finalizers system="0" default="0" reference="147" classloader="0" />
    <remembered-set count="3162" />
  </mem-info>
</gc-end>
<cycle-end id="10" type="scavenge" contextid="4" timestamp="2019-06-15T23:38:52.214" />
  <attribute name="elasticGC enabled" value="1" />
  <attribute name= "numThreadsSpecified" value="0" />
  <attribute name="heapSize specified" value="0" />
  <attribute name="Current GC Util" value="0" />
  <attribute name= "Current Time Running" value="67" />
  <attribute name ="GC Interval" value="1" />
  <attribute name="ProportionalT" value="0.000000" />
  <attribute name="ProportionalI" value="0.000000" />
  <attribute name="ProportionalH" value="0.000000" />
  <attribute name="Current Error" value="0.000000" />
  <attribute name="IntegralT" value="0.000000" />
  <attribute name="IntegralI" value="0.000000" />
  <attribute name="IntegralH" value="0.000000" />
  <attribute name="DerivativeT" value="0.000000" />
  <attribute name="DerivativeI" value="0.000000" />
  <attribute name="DerivativeH" value="0.000000" />
  <attribute name="Loop Time for DT" value="0.000000" />
  <attribute name="Output H" value="0"/>
  <attribute name="Output I" value="0"/>
  <attribute name="Output T" value="0"/>
  <attribute name="Target GC Util Change" value ="20.000000" />
  <attribute name="Current GC Util Change" value="0.000000"/>
  <attribute name="GC Util currently" value="0" />
  <attribute name="CPU Util currently" value="29" />
<allocation-satisfied id="11" threadId="000000000201B700" bytesRequested="1032" />
<af-end id="12" timestamp="2019-06-15T23:38:52.214" threadId="000000000201C088" success="true" from="nursery"/>
<exclusive-end id="13" timestamp="2019-06-15T23:38:52.214" durationms="11.962" />

<exclusive-start id="14" timestamp="2019-06-15T23:38:52.244" intervalms="42.417">
  <response-info timems="0.178" idlems="0.178" threads="0" lastid="000000000201B700" lastname="main" />
</exclusive-start>
<af-start id="15" threadId="000000000201C088" totalBytesRequested="15200" timestamp="2019-06-15T23:38:52.245" intervalms="42.626" type="nursery" />
<cycle-start id="16" type="scavenge" contextid="0" timestamp="2019-06-15T23:38:52.245" intervalms="42.695" />
<gc-start id="17" type="scavenge" contextid="16" timestamp="2019-06-15T23:38:52.254">
  <mem-info id="18" free="6054800" total="8388608" percent="72">
    <mem type="nursery" free="0" total="2097152" percent="0">
      <mem type="allocate" free="0" total="1048576" percent="0" />
      <mem type="survivor" free="0" total="1048576" percent="0" />
    </mem>
    <mem type="tenure" free="6054800" total="6291456" percent="96">
      <mem type="soa" free="5740432" total="5977088" percent="96" />
      <mem type="loa" free="314368" total="314368" percent="100" />
    </mem>
    <remembered-set count="3263" />
  </mem-info>
</gc-start>
<allocation-stats totalBytes="458544" >
  <allocated-bytes non-tlh="8768" tlh="449776" />
  <largest-consumer threadName="main" threadId="000000000201B700" bytes="446568" />
</allocation-stats>
<gc-op id="19" type="scavenge" timems="1.698" contextid="16" timestamp="2019-06-15T23:38:52.256">
  <scavenger-info tenureage="5" tenuremask="7fe0" tiltratio="50" />
  <memory-copied type="nursery" objects="10914" bytes="508784" bytesdiscarded="85992" />
  <finalization candidates="11" enqueued="0" />
  <references type="soft" candidates="63" cleared="0" enqueued="0" dynamicThreshold="32" maxThreshold="32" />
  <references type="weak" candidates="246" cleared="96" enqueued="93" />
  <references type="phantom" candidates="39" cleared="12" enqueued="12" />
</gc-op>
<gc-end id="20" type="scavenge" contextid="16" durationms="2.171" usertimems="4.000" systemtimems="0.000" timestamp="2019-06-15T23:38:52.257" activeThreads="4">
  <mem-info id="21" free="6507128" total="8388608" percent="77">
    <mem type="nursery" free="452328" total="2097152" percent="21">
      <mem type="allocate" free="452328" total="1048576" percent="43" />
      <mem type="survivor" free="0" total="1048576" percent="0" />
    </mem>
    <mem type="tenure" free="6054800" total="6291456" percent="96">
      <mem type="soa" free="5740432" total="5977088" percent="96" />
      <mem type="loa" free="314368" total="314368" percent="100" />
    </mem>
    <pending-finalizers system="0" default="0" reference="105" classloader="0" />
    <remembered-set count="3263" />
  </mem-info>
</gc-end>
<cycle-end id="22" type="scavenge" contextid="16" timestamp="2019-06-15T23:38:52.257" />
  <attribute name="elasticGC enabled" value="1" />
  <attribute name= "numThreadsSpecified" value="4" />
  <attribute name="heapSize specified" value="0" />
  <attribute name="Current GC Util" value="25" />
  <attribute name= "Current Time Running" value="114" />
  <attribute name ="GC Interval" value="248" />
  <attribute name="ProportionalT" value="7.500000" />
  <attribute name="ProportionalI" value="7.500000" />
  <attribute name="ProportionalH" value="7.500000" />
  <attribute name="Current Error" value="5.000000" />
  <attribute name="IntegralT" value="235.000000" />
  <attribute name="IntegralI" value="235.000000" />
  <attribute name="IntegralH" value="235.000000" />
  <attribute name="DerivativeT" value="0.106383" />
  <attribute name="DerivativeI" value="0.106383" />
  <attribute name="DerivativeH" value="0.106383" />
  <attribute name="Loop Time for DT" value="47.000000" />
  <attribute name="Output H" value="8388608"/>
  <attribute name="Output I" value="248"/>
  <attribute name="Output T" value="4"/>
  <attribute name="Target GC Util Change" value ="20.000000" />
  <attribute name="Current GC Util Change" value="25.000000"/>
  <attribute name="GC Util currently" value="25" />
  <attribute name="CPU Util currently" value="9" />
<allocation-satisfied id="23" threadId="000000000201B700" bytesRequested="15200" />
<af-end id="24" timestamp="2019-06-15T23:38:52.257" threadId="000000000201C088" success="true" from="nursery"/>
<exclusive-end id="25" timestamp="2019-06-15T23:38:52.257" durationms="12.657" />

<exclusive-start id="26" timestamp="2019-06-15T23:38:52.272" intervalms="28.035">
  <response-info timems="0.076" idlems="0.076" threads="0" lastid="000000000201B700" lastname="main" />
</exclusive-start>
<af-start id="27" threadId="000000000201C088" totalBytesRequested="7176" timestamp="2019-06-15T23:38:52.273" intervalms="27.762" type="nursery" />
<cycle-start id="28" type="scavenge" contextid="0" timestamp="2019-06-15T23:38:52.273" intervalms="27.430" />
<gc-start id="29" type="scavenge" contextid="28" timestamp="2019-06-15T23:38:52.273">
  <mem-info id="30" free="6052112" total="8388608" percent="72">
    <mem type="nursery" free="0" total="2097152" percent="0">
      <mem type="allocate" free="0" total="1048576" percent="0" />
      <mem type="survivor" free="0" total="1048576" percent="0" />
    </mem>
    <mem type="tenure" free="6052112" total="6291456" percent="96">
      <mem type="soa" free="5737744" total="5977088" percent="95" />
      <mem type="loa" free="314368" total="314368" percent="100" />
    </mem>
    <remembered-set count="3296" />
  </mem-info>
</gc-start>
<allocation-stats totalBytes="416112" >
  <allocated-bytes non-tlh="17888" tlh="398224" />
  <largest-consumer threadName="main" threadId="000000000201B700" bytes="407920" />
</allocation-stats>
<gc-op id="31" type="scavenge" timems="0.998" contextid="28" timestamp="2019-06-15T23:38:52.274">
  <scavenger-info tenureage="4" tenuremask="7ff0" tiltratio="50" />
  <memory-copied type="nursery" objects="10952" bytes="563112" bytesdiscarded="102832" />
  <finalization candidates="11" enqueued="0" />
  <references type="soft" candidates="63" cleared="0" enqueued="0" dynamicThreshold="32" maxThreshold="32" />
  <references type="weak" candidates="228" cleared="76" enqueued="76" />
  <references type="phantom" candidates="39" cleared="10" enqueued="10" />
</gc-op>
<gc-end id="32" type="scavenge" contextid="28" durationms="1.262" usertimems="4.000" systemtimems="0.000" timestamp="2019-06-15T23:38:52.274" activeThreads="4">
  <mem-info id="33" free="6433280" total="8388608" percent="76">
    <mem type="nursery" free="381168" total="2097152" percent="18">
      <mem type="allocate" free="381168" total="1048576" percent="36" />
      <mem type="survivor" free="0" total="1048576" percent="0" />
    </mem>
    <mem type="tenure" free="6052112" total="6291456" percent="96">
      <mem type="soa" free="5737744" total="5977088" percent="95" />
      <mem type="loa" free="314368" total="314368" percent="100" />
    </mem>
    <pending-finalizers system="0" default="0" reference="86" classloader="0" />
    <remembered-set count="1026" />
  </mem-info>
</gc-end>
<cycle-end id="34" type="scavenge" contextid="28" timestamp="2019-06-15T23:38:52.274" />
  <attribute name="elasticGC enabled" value="1" />
  <attribute name= "numThreadsSpecified" value="4" />
  <attribute name="heapSize specified" value="0" />
  <attribute name="Current GC Util" value="63" />
  <attribute name= "Current Time Running" value="132" />
  <attribute name ="GC Interval" value="1080" />
  <attribute name="ProportionalT" value="64.500000" />
  <attribute name="ProportionalI" value="64.500000" />
  <attribute name="ProportionalH" value="64.500000" />
  <attribute name="Current Error" value="43.000000" />
  <attribute name="IntegralT" value="1009.000000" />
  <attribute name="IntegralI" value="1009.000000" />
  <attribute name="IntegralH" value="1009.000000" />
  <attribute name="DerivativeT" value="2.111111" />
  <attribute name="DerivativeI" value="2.111111" />
  <attribute name="DerivativeH" value="2.111111" />
  <attribute name="Loop Time for DT" value="18.000000" />
  <attribute name="Output H" value="8388608"/>
  <attribute name="Output I" value="1080"/>
  <attribute name="Output T" value="4"/>
  <attribute name="Target GC Util Change" value ="20.000000" />
  <attribute name="Current GC Util Change" value="63.000000"/>
  <attribute name="GC Util currently" value="63" />
  <attribute name="CPU Util currently" value="252163080917" />
<allocation-satisfied id="35" threadId="000000000201B700" bytesRequested="7176" />
<af-end id="36" timestamp="2019-06-15T23:38:52.274" threadId="000000000201C088" success="true" from="nursery"/>
<exclusive-end id="37" timestamp="2019-06-15T23:38:52.274" durationms="1.872" />

<exclusive-start id="38" timestamp="2019-06-15T23:38:52.457" intervalms="184.109">
  <response-info timems="0.080" idlems="0.080" threads="0" lastid="000000000201B700" lastname="main" />
</exclusive-start>
<af-start id="39" threadId="000000000201C088" totalBytesRequested="7008" timestamp="2019-06-15T23:38:52.457" intervalms="184.128" type="nursery" />
<cycle-start id="40" type="scavenge" contextid="0" timestamp="2019-06-15T23:38:52.457" intervalms="184.137" />
<gc-start id="41" type="scavenge" contextid="40" timestamp="2019-06-15T23:38:52.457">
  <mem-info id="42" free="6047216" total="8388608" percent="72">
    <mem type="nursery" free="0" total="2097152" percent="0">
      <mem type="allocate" free="0" total="1048576" percent="0" />
      <mem type="survivor" free="0" total="1048576" percent="0" />
    </mem>
    <mem type="tenure" free="6047216" total="6291456" percent="96">
      <mem type="soa" free="5732848" total="5977088" percent="95" />
      <mem type="loa" free="314368" total="314368" percent="100" />
    </mem>
    <remembered-set count="1107" />
  </mem-info>
</gc-start>
<allocation-stats totalBytes="382064" >
  <allocated-bytes non-tlh="12072" tlh="369992" />
  <largest-consumer threadName="main" threadId="000000000201B700" bytes="382064" />
</allocation-stats>
<gc-op id="43" type="scavenge" timems="1.482" contextid="40" timestamp="2019-06-15T23:38:52.458">
  <scavenger-info tenureage="3" tenuremask="7ff8" tiltratio="50" />
  <memory-copied type="nursery" objects="789" bytes="137992" bytesdiscarded="52776" />
  <memory-copied type="tenure" objects="10308" bytes="460672" bytesdiscarded="168" />
  <finalization candidates="14" enqueued="1" />
  <references type="soft" candidates="2" cleared="0" enqueued="0" dynamicThreshold="32" maxThreshold="32" />
  <references type="weak" candidates="70" cleared="54" enqueued="54" />
  <references type="phantom" candidates="25" cleared="11" enqueued="11" />
</gc-op>
<gc-end id="44" type="scavenge" contextid="40" durationms="1.669" usertimems="0.000" systemtimems="0.000" timestamp="2019-06-15T23:38:52.459" activeThreads="4">
  <mem-info id="45" free="6347480" total="8388608" percent="75">
    <mem type="nursery" free="857728" total="2097152" percent="40">
      <mem type="allocate" free="857728" total="1048576" percent="81" />
      <mem type="survivor" free="0" total="1048576" percent="0" />
    </mem>
    <mem type="tenure" free="5489752" total="6291456" percent="87">
      <mem type="soa" free="5175384" total="5977088" percent="86" />
      <mem type="loa" free="314368" total="314368" percent="100" />
    </mem>
    <pending-finalizers system="1" default="0" reference="65" classloader="0" />
    <remembered-set count="221" />
  </mem-info>
</gc-end>
<cycle-end id="46" type="scavenge" contextid="40" timestamp="2019-06-15T23:38:52.459" />
  <attribute name="elasticGC enabled" value="1" />
  <attribute name= "numThreadsSpecified" value="4" />
  <attribute name="heapSize specified" value="0" />
  <attribute name="Current GC Util" value="1" />
  <attribute name= "Current Time Running" value="316" />
  <attribute name ="GC Interval" value="200" />
  <attribute name="ProportionalT" value="-28.500000" />
  <attribute name="ProportionalI" value="-28.500000" />
  <attribute name="ProportionalH" value="-28.500000" />
  <attribute name="Current Error" value="-19.000000" />
  <attribute name="IntegralT" value="-2487.000000" />
  <attribute name="IntegralI" value="-2487.000000" />
  <attribute name="IntegralH" value="-2487.000000" />
  <attribute name="DerivativeT" value="-0.336957" />
  <attribute name="DerivativeI" value="-0.336957" />
  <attribute name="DerivativeH" value="-0.336957" />
  <attribute name="Loop Time for DT" value="184.000000" />
  <attribute name="Output H" value="2092630016"/>
  <attribute name="Output I" value="200"/>
  <attribute name="Output T" value="4"/>
  <attribute name="Target GC Util Change" value ="20.000000" />
  <attribute name="Current GC Util Change" value="1.000000"/>
  <attribute name="GC Util currently" value="1" />
  <attribute name="CPU Util currently" value="25060767495" />
<allocation-satisfied id="47" threadId="000000000201B700" bytesRequested="7008" />
<af-end id="48" timestamp="2019-06-15T23:38:52.459" threadId="000000000201C088" success="true" from="nursery"/>
<exclusive-end id="49" timestamp="2019-06-15T23:38:52.459" durationms="2.226" />

<exclusive-start id="50" timestamp="2019-06-15T23:38:52.550" intervalms="93.457">
  <response-info timems="0.051" idlems="0.051" threads="0" lastid="000000000201B700" lastname="main" />
</exclusive-start>
<af-start id="51" threadId="000000000201C088" totalBytesRequested="72" timestamp="2019-06-15T23:38:52.550" intervalms="93.429" type="nursery" />
<cycle-start id="52" type="scavenge" contextid="0" timestamp="2019-06-15T23:38:52.550" intervalms="93.408" />
<gc-start id="53" type="scavenge" contextid="52" timestamp="2019-06-15T23:38:52.550">
  <mem-info id="54" free="5402888" total="8388608" percent="64">
    <mem type="nursery" free="0" total="2097152" percent="0">
      <mem type="allocate" free="0" total="1048576" percent="0" />
      <mem type="survivor" free="0" total="1048576" percent="0" />
    </mem>
    <mem type="tenure" free="5402888" total="6291456" percent="85">
      <mem type="soa" free="5088520" total="5977088" percent="85" />
      <mem type="loa" free="314368" total="314368" percent="100" />
    </mem>
    <remembered-set count="1661" />
  </mem-info>
</gc-start>
<allocation-stats totalBytes="944160" >
  <allocated-bytes non-tlh="215600" tlh="728560" />
  <largest-consumer threadName="main" threadId="000000000201B700" bytes="940064" />
</allocation-stats>
<gc-op id="55" type="scavenge" timems="0.778" contextid="52" timestamp="2019-06-15T23:38:52.551">
  <scavenger-info tenureage="3" tenuremask="7ff8" tiltratio="50" />
  <memory-copied type="nursery" objects="6382" bytes="330048" bytesdiscarded="112832" />
  <memory-copied type="tenure" objects="299" bytes="14984" bytesdiscarded="0" />
  <finalization candidates="46" enqueued="0" />
  <ownableSynchronizers candidates="1" cleared="0" />
  <references type="soft" candidates="48" cleared="0" enqueued="0" dynamicThreshold="32" maxThreshold="32" />
  <references type="weak" candidates="711" cleared="280" enqueued="192" />
  <references type="phantom" candidates="11" cleared="2" enqueued="2" />
</gc-op>
<gc-end id="56" type="scavenge" contextid="52" durationms="1.033" usertimems="0.000" systemtimems="0.000" timestamp="2019-06-15T23:38:52.551" activeThreads="4">
  <mem-info id="57" free="5899232" total="8388608" percent="70">
    <mem type="nursery" free="605400" total="2097152" percent="28">
      <mem type="allocate" free="605400" total="1048576" percent="57" />
      <mem type="survivor" free="0" total="1048576" percent="0" />
    </mem>
    <mem type="tenure" free="5293832" total="6291456" percent="84">
      <mem type="soa" free="4979464" total="5977088" percent="83" />
      <mem type="loa" free="314368" total="314368" percent="100" />
    </mem>
    <pending-finalizers system="0" default="0" reference="194" classloader="0" />
    <remembered-set count="1613" />
  </mem-info>
</gc-end>
<cycle-end id="58" type="scavenge" contextid="52" timestamp="2019-06-15T23:38:52.551" />
  <attribute name="elasticGC enabled" value="1" />
  <attribute name= "numThreadsSpecified" value="4" />
  <attribute name="heapSize specified" value="0" />
  <attribute name="Current GC Util" value="2" />
  <attribute name= "Current Time Running" value="409" />
  <attribute name ="GC Interval" value="200" />
  <attribute name="ProportionalT" value="-27.000000" />
  <attribute name="ProportionalI" value="-27.000000" />
  <attribute name="ProportionalH" value="-27.000000" />
  <attribute name="Current Error" value="-18.000000" />
  <attribute name="IntegralT" value="-4161.000000" />
  <attribute name="IntegralI" value="-4161.000000" />
  <attribute name="IntegralH" value="-4161.000000" />
  <attribute name="DerivativeT" value="-0.193548" />
  <attribute name="DerivativeI" value="-0.193548" />
  <attribute name="DerivativeH" value="-0.193548" />
  <attribute name="Loop Time for DT" value="93.000000" />
  <attribute name="Output H" value="2092630016"/>
  <attribute name="Output I" value="200"/>
  <attribute name="Output T" value="4"/>
  <attribute name="Target GC Util Change" value ="20.000000" />
  <attribute name="Current GC Util Change" value="2.000000"/>
  <attribute name="GC Util currently" value="2" />
  <attribute name="CPU Util currently" value="11" />
<allocation-satisfied id="59" threadId="000000000201B700" bytesRequested="72" />
<af-end id="60" timestamp="2019-06-15T23:38:52.551" threadId="000000000201C088" success="true" from="nursery"/>
<exclusive-end id="61" timestamp="2019-06-15T23:38:52.552" durationms="1.521" />

<exclusive-start id="62" timestamp="2019-06-15T23:38:52.632" intervalms="82.368">
  <response-info timems="0.055" idlems="0.055" threads="0" lastid="000000000201B700" lastname="main" />
</exclusive-start>
<af-start id="63" threadId="000000000201C088" totalBytesRequested="4104" timestamp="2019-06-15T23:38:52.632" intervalms="82.386" type="nursery" />
<cycle-start id="64" type="scavenge" contextid="0" timestamp="2019-06-15T23:38:52.633" intervalms="82.390" />
<gc-start id="65" type="scavenge" contextid="64" timestamp="2019-06-15T23:38:52.633">
  <mem-info id="66" free="5225408" total="8388608" percent="62">
    <mem type="nursery" free="0" total="2097152" percent="0">
      <mem type="allocate" free="0" total="1048576" percent="0" />
      <mem type="survivor" free="0" total="1048576" percent="0" />
    </mem>
    <mem type="tenure" free="5225408" total="6291456" percent="83">
      <mem type="soa" free="4911040" total="5977088" percent="82" />
      <mem type="loa" free="314368" total="314368" percent="100" />
    </mem>
    <remembered-set count="2553" />
  </mem-info>
</gc-start>
<allocation-stats totalBytes="670704" >
  <allocated-bytes non-tlh="68496" tlh="602208" />
  <largest-consumer threadName="main" threadId="000000000201B700" bytes="646976" />
</allocation-stats>
<gc-op id="67" type="scavenge" timems="0.928" contextid="64" timestamp="2019-06-15T23:38:52.634">
  <scavenger-info tenureage="2" tenuremask="7ffc" tiltratio="50" />
  <memory-copied type="nursery" objects="9061" bytes="356520" bytesdiscarded="91688" />
  <memory-copied type="tenure" objects="291" bytes="89304" bytesdiscarded="8" />
  <finalization candidates="113" enqueued="0" />
  <ownableSynchronizers candidates="3" cleared="0" />
  <references type="soft" candidates="67" cleared="0" enqueued="0" dynamicThreshold="32" maxThreshold="32" />
  <references type="weak" candidates="610" cleared="22" enqueued="12" />
  <references type="phantom" candidates="7" cleared="1" enqueued="1" />
</gc-op>
<gc-end id="68" type="scavenge" contextid="64" durationms="1.223" usertimems="0.000" systemtimems="0.000" timestamp="2019-06-15T23:38:52.634" activeThreads="4">
  <mem-info id="69" free="5777840" total="8388608" percent="68">
    <mem type="nursery" free="599800" total="2097152" percent="28">
      <mem type="allocate" free="599800" total="1048576" percent="57" />
      <mem type="survivor" free="0" total="1048576" percent="0" />
    </mem>
    <mem type="tenure" free="5178040" total="6291456" percent="82">
      <mem type="soa" free="4863672" total="5977088" percent="81" />
      <mem type="loa" free="314368" total="314368" percent="100" />
    </mem>
    <pending-finalizers system="0" default="0" reference="13" classloader="0" />
    <remembered-set count="2450" />
  </mem-info>
</gc-end>
<cycle-end id="70" type="scavenge" contextid="64" timestamp="2019-06-15T23:38:52.634" />
  <attribute name="elasticGC enabled" value="1" />
  <attribute name= "numThreadsSpecified" value="4" />
  <attribute name="heapSize specified" value="0" />
  <attribute name="Current GC Util" value="1" />
  <attribute name= "Current Time Running" value="492" />
  <attribute name ="GC Interval" value="200" />
  <attribute name="ProportionalT" value="-28.500000" />
  <attribute name="ProportionalI" value="-28.500000" />
  <attribute name="ProportionalH" value="-28.500000" />
  <attribute name="Current Error" value="-19.000000" />
  <attribute name="IntegralT" value="-5738.000000" />
  <attribute name="IntegralI" value="-5738.000000" />
  <attribute name="IntegralH" value="-5738.000000" />
  <attribute name="DerivativeT" value="-0.228916" />
  <attribute name="DerivativeI" value="-0.228916" />
  <attribute name="DerivativeH" value="-0.228916" />
  <attribute name="Loop Time for DT" value="83.000000" />
  <attribute name="Output H" value="2092630016"/>
  <attribute name="Output I" value="200"/>
  <attribute name="Output T" value="4"/>
  <attribute name="Target GC Util Change" value ="20.000000" />
  <attribute name="Current GC Util Change" value="1.000000"/>
  <attribute name="GC Util currently" value="1" />
  <attribute name="CPU Util currently" value="12" />
<allocation-satisfied id="71" threadId="000000000201B700" bytesRequested="4104" />
<af-end id="72" timestamp="2019-06-15T23:38:52.634" threadId="000000000201C088" success="true" from="nursery"/>
<exclusive-end id="73" timestamp="2019-06-15T23:38:52.634" durationms="1.872" />

<exclusive-start id="74" timestamp="2019-06-15T23:38:52.635" intervalms="2.232">
  <response-info timems="0.024" idlems="0.024" threads="0" lastid="000000000201B700" lastname="main" />
</exclusive-start>
<sys-start reason="explicit" id="75" timestamp="2019-06-15T23:38:52.635" intervalms="613.835" />
<cycle-start id="76" type="global" contextid="0" timestamp="2019-06-15T23:38:52.635" intervalms="614.045" />
<gc-start id="77" type="global" contextid="76" timestamp="2019-06-15T23:38:52.635">
  <mem-info id="78" free="5765544" total="8388608" percent="68">
    <mem type="nursery" free="587504" total="2097152" percent="28">
      <mem type="allocate" free="587504" total="1048576" percent="56" />
      <mem type="survivor" free="0" total="1048576" percent="0" />
    </mem>
    <mem type="tenure" free="5178040" total="6291456" percent="82">
      <mem type="soa" free="4863672" total="5977088" percent="81" />
      <mem type="loa" free="314368" total="314368" percent="100" />
    </mem>
    <remembered-set count="2451" />
  </mem-info>
</gc-start>
<allocation-stats totalBytes="12296" >
  <allocated-bytes non-tlh="4104" tlh="8192" />
  <largest-consumer threadName="Finalizer thread" threadId="0000000002167800" bytes="8192" />
</allocation-stats>
<gc-op id="79" type="mark" timems="1.583" contextid="76" timestamp="2019-06-15T23:38:52.637">
  <trace-info objectcount="29293" scancount="23491" scanbytes="764520" />
  <finalization candidates="124" enqueued="0" />
  <ownableSynchronizers candidates="3" cleared="0" />
  <references type="soft" candidates="132" cleared="0" enqueued="0" dynamicThreshold="32" maxThreshold="32" />
  <references type="weak" candidates="737" cleared="54" enqueued="27" />
  <references type="phantom" candidates="38" cleared="0" enqueued="0" />
  <stringconstants candidates="3958" cleared="0"  />
</gc-op>
<gc-op id="80" type="classunload" timems="0.099" contextid="76" timestamp="2019-06-15T23:38:52.637">
  <classunload-info classloadercandidates="7" classloadersunloaded="0" classesunloaded="0" anonymousclassesunloaded="0" quiescems="0.000" setupms="0.098" scanms="0.000" postms="0.001" />
</gc-op>
<gc-op id="81" type="sweep" timems="0.477" contextid="76" timestamp="2019-06-15T23:38:52.637" />
<mem-info id="82" free="6011520" total="8388608" percent="71">
  <mem type="nursery" free="683472" total="2097152" percent="32">
    <mem type="allocate" free="683472" total="1048576" percent="65" />
    <mem type="survivor" free="0" total="1048576" percent="0" />
  </mem>
  <mem type="tenure" free="5328048" total="6291456" percent="84" micro-fragmented="7497" macro-fragmented="0">
    <mem type="soa" free="5013680" total="5977088" percent="83" />
    <mem type="loa" free="314368" total="314368" percent="100" />
  </mem>
  <pending-finalizers system="0" default="0" reference="27" classloader="0" />
  <remembered-set count="2393" />
</mem-info>
<gc-op id="83" type="compact" timems="4.480" contextid="76" timestamp="2019-06-15T23:38:52.642">
  <compact-info movecount="24868" movebytes="1134368" reason="compact to aid heap contraction" />
</gc-op>
<gc-end id="84" type="global" contextid="76" durationms="7.771" usertimems="8.000" systemtimems="4.000" timestamp="2019-06-15T23:38:52.643" activeThreads="4">
  <mem-info id="85" free="6021832" total="8388608" percent="71">
    <mem type="nursery" free="686840" total="2097152" percent="32">
      <mem type="allocate" free="686840" total="1048576" percent="65" />
      <mem type="survivor" free="0" total="1048576" percent="0" />
    </mem>
    <mem type="tenure" free="5334992" total="6291456" percent="84">
      <mem type="soa" free="5020624" total="5977088" percent="83" />
      <mem type="loa" free="314368" total="314368" percent="100" />
    </mem>
    <pending-finalizers system="0" default="0" reference="27" classloader="0" />
    <remembered-set count="2393" />
  </mem-info>
</gc-end>
<cycle-end id="86" type="global" contextid="76" timestamp="2019-06-15T23:38:52.643" />
  <attribute name="elasticGC enabled" value="1" />
  <attribute name= "numThreadsSpecified" value="4" />
  <attribute name="heapSize specified" value="8388608" />
  <attribute name="Current GC Util" value="80" />
  <attribute name= "Current Time Running" value="501" />
  <attribute name ="GC Interval" value="200" />
  <attribute name="ProportionalT" value="90.000000" />
  <attribute name="ProportionalI" value="90.000000" />
  <attribute name="ProportionalH" value="90.000000" />
  <attribute name="Current Error" value="60.000000" />
  <attribute name="IntegralT" value="240.000000" />
  <attribute name="IntegralI" value="240.000000" />
  <attribute name="IntegralH" value="240.000000" />
  <attribute name="DerivativeT" value="15.000000" />
  <attribute name="DerivativeI" value="15.000000" />
  <attribute name="DerivativeH" value="15.000000" />
  <attribute name="Loop Time for DT" value="4.000000" />
  <attribute name="Output H" value="8388608"/>
  <attribute name="Output I" value="352"/>
  <attribute name="Output T" value="4"/>
  <attribute name="Target GC Util Change" value ="20.000000" />
  <attribute name="Current GC Util Change" value="80.000000"/>
  <attribute name="GC Util currently" value="80" />
  <attribute name="CPU Util currently" value="1003335691240" />
<sys-end id="87" timestamp="2019-06-15T23:38:52.643" />
<exclusive-end id="88" timestamp="2019-06-15T23:38:52.643" durationms="8.432" />

<exclusive-start id="89" timestamp="2019-06-15T23:38:52.681" intervalms="46.590">
  <response-info timems="0.071" idlems="0.071" threads="0" lastid="000000000201B700" lastname="main" />
</exclusive-start>
<af-start id="90" threadId="000000000201C088" totalBytesRequested="41360" timestamp="2019-06-15T23:38:52.681" intervalms="48.845" type="nursery" />
<cycle-start id="91" type="scavenge" contextid="0" timestamp="2019-06-15T23:38:52.681" intervalms="48.888" />
<gc-start id="92" type="scavenge" contextid="91" timestamp="2019-06-15T23:38:52.682">
  <mem-info id="93" free="5333896" total="8388608" percent="63">
    <mem type="nursery" free="0" total="2097152" percent="0">
      <mem type="allocate" free="0" total="1048576" percent="0" />
      <mem type="survivor" free="0" total="1048576" percent="0" />
    </mem>
    <mem type="tenure" free="5333896" total="6291456" percent="84">
      <mem type="soa" free="5019528" total="5977088" percent="83" />
      <mem type="loa" free="314368" total="314368" percent="100" />
    </mem>
    <remembered-set count="2424" />
  </mem-info>
</gc-start>
<allocation-stats totalBytes="638648" >
  <allocated-bytes non-tlh="124912" tlh="513736" />
  <largest-consumer threadName="main" threadId="000000000201B700" bytes="630456" />
</allocation-stats>
<gc-op id="94" type="scavenge" timems="1.012" contextid="91" timestamp="2019-06-15T23:38:52.683">
  <scavenger-info tenureage="1" tenuremask="7ffe" tiltratio="50" />
  <memory-copied type="nursery" objects="3807" bytes="242936" bytesdiscarded="158392" />
  <memory-copied type="tenure" objects="8973" bytes="352424" bytesdiscarded="448" />
  <finalization candidates="111" enqueued="0" />
  <ownableSynchronizers candidates="3" cleared="0" />
  <references type="soft" candidates="1" cleared="0" enqueued="0" dynamicThreshold="27" maxThreshold="32" />
  <references type="weak" candidates="7" cleared="7" enqueued="7" />
  <references type="phantom" candidates="2" cleared="0" enqueued="0" />
</gc-op>
<gc-end id="95" type="scavenge" contextid="91" durationms="1.249" usertimems="4.000" systemtimems="0.000" timestamp="2019-06-15T23:38:52.683" activeThreads="4">
  <mem-info id="96" free="5706672" total="8388608" percent="68">
    <mem type="nursery" free="778296" total="2097152" percent="37">
      <mem type="allocate" free="778296" total="1179648" percent="65" />
      <mem type="survivor" free="0" total="917504" percent="0" />
    </mem>
    <mem type="tenure" free="4928376" total="6291456" percent="78">
      <mem type="soa" free="4614008" total="5977088" percent="77" />
      <mem type="loa" free="314368" total="314368" percent="100" />
    </mem>
    <pending-finalizers system="0" default="0" reference="7" classloader="0" />
    <remembered-set count="1012" />
  </mem-info>
</gc-end>
<cycle-end id="97" type="scavenge" contextid="91" timestamp="2019-06-15T23:38:52.683" />
  <attribute name="elasticGC enabled" value="1" />
  <attribute name= "numThreadsSpecified" value="4" />
  <attribute name="heapSize specified" value="8388608" />
  <attribute name="Current GC Util" value="14" />
  <attribute name= "Current Time Running" value="541" />
  <attribute name ="GC Interval" value="200" />
  <attribute name="ProportionalT" value="-9.000000" />
  <attribute name="ProportionalI" value="-9.000000" />
  <attribute name="ProportionalH" value="-9.000000" />
  <attribute name="Current Error" value="-6.000000" />
  <attribute name="IntegralT" value="-240.000000" />
  <attribute name="IntegralI" value="-240.000000" />
  <attribute name="IntegralH" value="-240.000000" />
  <attribute name="DerivativeT" value="-1.650000" />
  <attribute name="DerivativeI" value="-1.650000" />
  <attribute name="DerivativeH" value="-1.650000" />
  <attribute name="Loop Time for DT" value="40.000000" />
  <attribute name="Output H" value="2092630016"/>
  <attribute name="Output I" value="200"/>
  <attribute name="Output T" value="4"/>
  <attribute name="Target GC Util Change" value ="20.000000" />
  <attribute name="Current GC Util Change" value="14.000000"/>
  <attribute name="GC Util currently" value="14" />
  <attribute name="CPU Util currently" value="116973103660" />
<allocation-satisfied id="98" threadId="000000000201B700" bytesRequested="41360" />
<af-end id="99" timestamp="2019-06-15T23:38:52.683" threadId="000000000201C088" success="true" from="nursery"/>
<exclusive-end id="100" timestamp="2019-06-15T23:38:52.683" durationms="1.913" />

<exclusive-start id="101" timestamp="2019-06-15T23:38:52.723" intervalms="42.040">
  <response-info timems="0.034" idlems="0.034" threads="0" lastid="000000000201B700" lastname="main" />
</exclusive-start>
<af-start id="102" threadId="000000000201C088" totalBytesRequested="130008" timestamp="2019-06-15T23:38:52.723" intervalms="41.973" type="nursery" />
<cycle-start id="103" type="scavenge" contextid="0" timestamp="2019-06-15T23:38:52.723" intervalms="41.896" />
<gc-start id="104" type="scavenge" contextid="103" timestamp="2019-06-15T23:38:52.723">
  <mem-info id="105" free="4980816" total="8388608" percent="59">
    <mem type="nursery" free="76416" total="2097152" percent="3">
      <mem type="allocate" free="76416" total="1179648" percent="6" />
      <mem type="survivor" free="0" total="917504" percent="0" />
    </mem>
    <mem type="tenure" free="4904400" total="6291456" percent="77">
      <mem type="soa" free="4590032" total="5977088" percent="76" />
      <mem type="loa" free="314368" total="314368" percent="100" />
    </mem>
    <remembered-set count="1390" />
  </mem-info>
</gc-start>
<allocation-stats totalBytes="725520" >
  <allocated-bytes non-tlh="119648" tlh="605872" />
  <largest-consumer threadName="main" threadId="000000000201B700" bytes="725520" />
</allocation-stats>
<gc-op id="106" type="scavenge" timems="0.790" contextid="103" timestamp="2019-06-15T23:38:52.724">
  <scavenger-info tenureage="1" tenuremask="7ffe" tiltratio="56" />
  <memory-copied type="nursery" objects="7746" bytes="399776" bytesdiscarded="36792" />
  <memory-copied type="tenure" objects="3780" bytes="242008" bytesdiscarded="40" />
  <references type="soft" candidates="11" cleared="0" enqueued="0" dynamicThreshold="27" maxThreshold="32" />
  <references type="weak" candidates="17" cleared="4" enqueued="2" />
</gc-op>
<gc-end id="107" type="scavenge" contextid="103" durationms="1.105" usertimems="0.000" systemtimems="4.000" timestamp="2019-06-15T23:38:52.725" activeThreads="4">
  <mem-info id="108" free="5367624" total="8388608" percent="63">
    <mem type="nursery" free="808520" total="2097152" percent="38">
      <mem type="allocate" free="808520" total="1245184" percent="64" />
      <mem type="survivor" free="0" total="851968" percent="0" />
    </mem>
    <mem type="tenure" free="4559104" total="6291456" percent="72">
      <mem type="soa" free="4244736" total="5977088" percent="71" />
      <mem type="loa" free="314368" total="314368" percent="100" />
    </mem>
    <pending-finalizers system="0" default="0" reference="2" classloader="0" />
    <remembered-set count="477" />
  </mem-info>
</gc-end>
<cycle-end id="109" type="scavenge" contextid="103" timestamp="2019-06-15T23:38:52.725" />
  <attribute name="elasticGC enabled" value="1" />
  <attribute name= "numThreadsSpecified" value="4" />
  <attribute name="heapSize specified" value="8388608" />
  <attribute name="Current GC Util" value="4" />
  <attribute name= "Current Time Running" value="583" />
  <attribute name ="GC Interval" value="200" />
  <attribute name="ProportionalT" value="-24.000000" />
  <attribute name="ProportionalI" value="-24.000000" />
  <attribute name="ProportionalH" value="-24.000000" />
  <attribute name="Current Error" value="-16.000000" />
  <attribute name="IntegralT" value="-672.000000" />
  <attribute name="IntegralI" value="-672.000000" />
  <attribute name="IntegralH" value="-672.000000" />
  <attribute name="DerivativeT" value="-0.380952" />
  <attribute name="DerivativeI" value="-0.380952" />
  <attribute name="DerivativeH" value="-0.380952" />
  <attribute name="Loop Time for DT" value="42.000000" />
  <attribute name="Output H" value="2092630016"/>
  <attribute name="Output I" value="200"/>
  <attribute name="Output T" value="4"/>
  <attribute name="Target GC Util Change" value ="20.000000" />
  <attribute name="Current GC Util Change" value="4.000000"/>
  <attribute name="GC Util currently" value="4" />
  <attribute name="CPU Util currently" value="109955116043" />
<allocation-satisfied id="110" threadId="000000000201B700" bytesRequested="130008" />
<af-end id="111" timestamp="2019-06-15T23:38:52.725" threadId="000000000201C088" success="true" from="nursery"/>
<exclusive-end id="112" timestamp="2019-06-15T23:38:52.725" durationms="1.721" />

<exclusive-start id="113" timestamp="2019-06-15T23:38:52.792" intervalms="69.137">
  <response-info timems="0.057" idlems="0.057" threads="0" lastid="000000000201B700" lastname="main" />
</exclusive-start>
<af-start id="114" threadId="000000000201C088" totalBytesRequested="8800" timestamp="2019-06-15T23:38:52.792" intervalms="69.176" type="nursery" />
<cycle-start id="115" type="scavenge" contextid="0" timestamp="2019-06-15T23:38:52.793" intervalms="69.177" />
<gc-start id="116" type="scavenge" contextid="115" timestamp="2019-06-15T23:38:52.793">
  <mem-info id="117" free="4542800" total="8388608" percent="54">
    <mem type="nursery" free="0" total="2097152" percent="0">
      <mem type="allocate" free="0" total="1245184" percent="0" />
      <mem type="survivor" free="0" total="851968" percent="0" />
    </mem>
    <mem type="tenure" free="4542800" total="6291456" percent="72">
      <mem type="soa" free="4228432" total="5977088" percent="70" />
      <mem type="loa" free="314368" total="314368" percent="100" />
    </mem>
    <remembered-set count="681" />
  </mem-info>
</gc-start>
<allocation-stats totalBytes="807392" >
  <allocated-bytes non-tlh="146312" tlh="661080" />
  <largest-consumer threadName="main" threadId="000000000201B700" bytes="803296" />
</allocation-stats>
<gc-op id="118" type="scavenge" timems="0.591" contextid="115" timestamp="2019-06-15T23:38:52.793">
  <scavenger-info tenureage="1" tenuremask="7ffe" tiltratio="59" />
  <memory-copied type="nursery" objects="1585" bytes="122208" bytesdiscarded="68128" />
  <memory-copied type="tenure" objects="1979" bytes="134112" bytesdiscarded="64" />
  <references type="soft" candidates="1" cleared="0" enqueued="0" dynamicThreshold="27" maxThreshold="32" />
  <references type="weak" candidates="13" cleared="10" enqueued="10" />
  <references type="phantom" candidates="1" cleared="0" enqueued="0" />
</gc-op>
<gc-end id="119" type="scavenge" contextid="115" durationms="0.792" usertimems="4.000" systemtimems="0.000" timestamp="2019-06-15T23:38:52.793" activeThreads="4">
  <mem-info id="120" free="5623992" total="8388608" percent="67">
    <mem type="nursery" free="1120360" total="2097152" percent="53">
      <mem type="allocate" free="1120360" total="1310720" percent="85" />
      <mem type="survivor" free="0" total="786432" percent="0" />
    </mem>
    <mem type="tenure" free="4503632" total="6291456" percent="71">
      <mem type="soa" free="4189264" total="5977088" percent="70" />
      <mem type="loa" free="314368" total="314368" percent="100" />
    </mem>
    <pending-finalizers system="0" default="0" reference="10" classloader="0" />
    <remembered-set count="664" />
  </mem-info>
</gc-end>
<cycle-end id="121" type="scavenge" contextid="115" timestamp="2019-06-15T23:38:52.793" />
  <attribute name="elasticGC enabled" value="1" />
  <attribute name= "numThreadsSpecified" value="4" />
  <attribute name="heapSize specified" value="8388608" />
  <attribute name="Current GC Util" value="2" />
  <attribute name= "Current Time Running" value="652" />
  <attribute name ="GC Interval" value="200" />
  <attribute name="ProportionalT" value="-27.000000" />
  <attribute name="ProportionalI" value="-27.000000" />
  <attribute name="ProportionalH" value="-27.000000" />
  <attribute name="Current Error" value="-18.000000" />
  <attribute name="IntegralT" value="-1242.000000" />
  <attribute name="IntegralI" value="-1242.000000" />
  <attribute name="IntegralH" value="-1242.000000" />
  <attribute name="DerivativeT" value="-0.260870" />
  <attribute name="DerivativeI" value="-0.260870" />
  <attribute name="DerivativeH" value="-0.260870" />
  <attribute name="Loop Time for DT" value="69.000000" />
  <attribute name="Output H" value="2092630016"/>
  <attribute name="Output I" value="200"/>
  <attribute name="Output T" value="4"/>
  <attribute name="Target GC Util Change" value ="20.000000" />
  <attribute name="Current GC Util Change" value="2.000000"/>
  <attribute name="GC Util currently" value="2" />
  <attribute name="CPU Util currently" value="16" />
<allocation-satisfied id="122" threadId="000000000201B700" bytesRequested="8800" />
<af-end id="123" timestamp="2019-06-15T23:38:52.794" threadId="000000000201C088" success="true" from="nursery"/>
<exclusive-end id="124" timestamp="2019-06-15T23:38:52.794" durationms="1.272" />

<exclusive-start id="125" timestamp="2019-06-15T23:38:52.819" intervalms="26.249">
  <response-info timems="0.050" idlems="0.050" threads="0" lastid="0000000002370900" lastname="Thread-4" />
</exclusive-start>
<af-start id="126" threadId="0000000002371288" totalBytesRequested="304" timestamp="2019-06-15T23:38:52.819" intervalms="26.248" type="nursery" />
<cycle-start id="127" type="scavenge" contextid="0" timestamp="2019-06-15T23:38:52.819" intervalms="26.286" />
<gc-start id="128" type="scavenge" contextid="127" timestamp="2019-06-15T23:38:52.819">
  <mem-info id="129" free="4484384" total="8388608" percent="53">
    <mem type="nursery" free="0" total="2097152" percent="0">
      <mem type="allocate" free="0" total="1310720" percent="0" />
      <mem type="survivor" free="0" total="786432" percent="0" />
    </mem>
    <mem type="tenure" free="4484384" total="6291456" percent="71">
      <mem type="soa" free="4170016" total="5977088" percent="69" />
      <mem type="loa" free="314368" total="314368" percent="100" />
    </mem>
    <remembered-set count="945" />
  </mem-info>
</gc-start>
<allocation-stats totalBytes="1136296" >
  <allocated-bytes non-tlh="245168" tlh="891128" />
  <largest-consumer threadName="main" threadId="000000000201B700" bytes="851760" />
</allocation-stats>
<gc-op id="130" type="scavenge" timems="0.752" contextid="127" timestamp="2019-06-15T23:38:52.820">
  <scavenger-info tenureage="2" tenuremask="7ffc" tiltratio="62" />
  <memory-copied type="nursery" objects="3305" bytes="408688" bytesdiscarded="88840" />
  <references type="soft" candidates="5" cleared="0" enqueued="0" dynamicThreshold="27" maxThreshold="32" />
  <references type="weak" candidates="14" cleared="10" enqueued="10" />
</gc-op>
<gc-end id="131" type="scavenge" contextid="127" durationms="1.153" usertimems="0.000" systemtimems="0.000" timestamp="2019-06-15T23:38:52.820" activeThreads="4">
  <mem-info id="132" free="5297488" total="8388608" percent="63">
    <mem type="nursery" free="813104" total="2097152" percent="38">
      <mem type="allocate" free="813104" total="1310720" percent="62" />
      <mem type="survivor" free="0" total="786432" percent="0" />
    </mem>
    <mem type="tenure" free="4484384" total="6291456" percent="71">
      <mem type="soa" free="4170016" total="5977088" percent="69" />
      <mem type="loa" free="314368" total="314368" percent="100" />
    </mem>
    <pending-finalizers system="0" default="0" reference="10" classloader="0" />
    <remembered-set count="567" />
  </mem-info>
</gc-end>
<cycle-end id="133" type="scavenge" contextid="127" timestamp="2019-06-15T23:38:52.820" />
  <attribute name="elasticGC enabled" value="1" />
  <attribute name= "numThreadsSpecified" value="4" />
  <attribute name="heapSize specified" value="8388608" />
  <attribute name="Current GC Util" value="3" />
  <attribute name= "Current Time Running" value="678" />
  <attribute name ="GC Interval" value="200" />
  <attribute name="ProportionalT" value="-25.500000" />
  <attribute name="ProportionalI" value="-25.500000" />
  <attribute name="ProportionalH" value="-25.500000" />
  <attribute name="Current Error" value="-17.000000" />
  <attribute name="IntegralT" value="-442.000000" />
  <attribute name="IntegralI" value="-442.000000" />
  <attribute name="IntegralH" value="-442.000000" />
  <attribute name="DerivativeT" value="-0.653846" />
  <attribute name="DerivativeI" value="-0.653846" />
  <attribute name="DerivativeH" value="-0.653846" />
  <attribute name="Loop Time for DT" value="26.000000" />
  <attribute name="Output H" value="2092630016"/>
  <attribute name="Output I" value="200"/>
  <attribute name="Output T" value="4"/>
  <attribute name="Target GC Util Change" value ="20.000000" />
  <attribute name="Current GC Util Change" value="3.000000"/>
  <attribute name="GC Util currently" value="3" />
  <attribute name="CPU Util currently" value="174931471383" />
<allocation-satisfied id="134" threadId="0000000002370900" bytesRequested="304" />
<af-end id="135" timestamp="2019-06-15T23:38:52.820" threadId="0000000002371288" success="true" from="nursery"/>
<exclusive-end id="136" timestamp="2019-06-15T23:38:52.820" durationms="1.722" />

<exclusive-start id="137" timestamp="2019-06-15T23:38:52.829" intervalms="10.381">
  <response-info timems="0.022" idlems="0.022" threads="0" lastid="0000000002370900" lastname="Thread-4" />
</exclusive-start>
<af-start id="138" threadId="0000000002371288" totalBytesRequested="2544" timestamp="2019-06-15T23:38:52.829" intervalms="10.362" type="nursery" />
<cycle-start id="139" type="scavenge" contextid="0" timestamp="2019-06-15T23:38:52.829" intervalms="10.350" />
<gc-start id="140" type="scavenge" contextid="139" timestamp="2019-06-15T23:38:52.829">
  <mem-info id="141" free="4484384" total="8388608" percent="53">
    <mem type="nursery" free="0" total="2097152" percent="0">
      <mem type="allocate" free="0" total="1310720" percent="0" />
      <mem type="survivor" free="0" total="786432" percent="0" />
    </mem>
    <mem type="tenure" free="4484384" total="6291456" percent="71">
      <mem type="soa" free="4170016" total="5977088" percent="69" />
      <mem type="loa" free="314368" total="314368" percent="100" />
    </mem>
    <remembered-set count="567" />
  </mem-info>
</gc-start>
<allocation-stats totalBytes="795200" >
  <allocated-bytes non-tlh="304" tlh="794896" />
  <largest-consumer threadName="Thread-4" threadId="0000000002370900" bytes="795200" />
</allocation-stats>
<gc-op id="142" type="scavenge" timems="1.122" contextid="139" timestamp="2019-06-15T23:38:52.831">
  <scavenger-info tenureage="1" tenuremask="7ffe" tiltratio="62" />
  <memory-copied type="nursery" objects="556" bytes="785072" bytesdiscarded="464" />
  <memory-copied type="tenure" objects="3269" bytes="417560" bytesdiscarded="16" />
  <copy-failed type="nursery" objects="4" bytes="10128" />
</gc-op>
<heap-resize id="143" type="expand" space="nursery" amount="131072" count="1" timems="0.258" reason="excessive time being spent scavenging" timestamp="2019-06-15T23:38:52.831" />
<gc-end id="144" type="scavenge" contextid="139" durationms="1.949" usertimems="0.000" systemtimems="0.000" timestamp="2019-06-15T23:38:52.831" activeThreads="4">
  <mem-info id="145" free="4362960" total="8519680" percent="51">
    <mem type="nursery" free="328576" total="2228224" percent="14">
      <mem type="allocate" free="328576" total="1114112" percent="29" />
      <mem type="survivor" free="0" total="1114112" percent="0" />
    </mem>
    <mem type="tenure" free="4034384" total="6291456" percent="64">
      <mem type="soa" free="3720016" total="5977088" percent="62" />
      <mem type="loa" free="314368" total="314368" percent="100" />
    </mem>
    <remembered-set count="362" />
  </mem-info>
</gc-end>
<cycle-end id="146" type="scavenge" contextid="139" timestamp="2019-06-15T23:38:52.831" />
  <attribute name="elasticGC enabled" value="1" />
  <attribute name= "numThreadsSpecified" value="4" />
  <attribute name="heapSize specified" value="8388608" />
  <attribute name="Current GC Util" value="14" />
  <attribute name= "Current Time Running" value="688" />
  <attribute name ="GC Interval" value="200" />
  <attribute name="ProportionalT" value="-9.000000" />
  <attribute name="ProportionalI" value="-9.000000" />
  <attribute name="ProportionalH" value="-9.000000" />
  <attribute name="Current Error" value="-6.000000" />
  <attribute name="IntegralT" value="-60.000000" />
  <attribute name="IntegralI" value="-60.000000" />
  <attribute name="IntegralH" value="-60.000000" />
  <attribute name="DerivativeT" value="-0.600000" />
  <attribute name="DerivativeI" value="-0.600000" />
  <attribute name="DerivativeH" value="-0.600000" />
  <attribute name="Loop Time for DT" value="10.000000" />
  <attribute name="Output H" value="2092630016"/>
  <attribute name="Output I" value="200"/>
  <attribute name="Output T" value="4"/>
  <attribute name="Target GC Util Change" value ="20.000000" />
  <attribute name="Current GC Util Change" value="14.000000"/>
  <attribute name="GC Util currently" value="14" />
  <attribute name="CPU Util currently" value="445976285804" />
<allocation-satisfied id="147" threadId="0000000002370900" bytesRequested="2544" />
<af-end id="148" timestamp="2019-06-15T23:38:52.831" threadId="0000000002371288" success="true" from="nursery"/>
<exclusive-end id="149" timestamp="2019-06-15T23:38:52.832" durationms="2.594" />

<exclusive-start id="150" timestamp="2019-06-15T23:38:52.835" intervalms="5.909">
  <response-info timems="0.020" idlems="0.020" threads="0" lastid="0000000002370900" lastname="Thread-4" />
</exclusive-start>
<af-start id="151" threadId="0000000002371288" totalBytesRequested="2048" timestamp="2019-06-15T23:38:52.835" intervalms="5.874" type="nursery" />
<cycle-start id="152" type="scavenge" contextid="0" timestamp="2019-06-15T23:38:52.835" intervalms="5.880" />
<gc-start id="153" type="scavenge" contextid="152" timestamp="2019-06-15T23:38:52.835">
  <mem-info id="154" free="4034384" total="8519680" percent="47">
    <mem type="nursery" free="0" total="2228224" percent="0">
      <mem type="allocate" free="0" total="1114112" percent="0" />
      <mem type="survivor" free="0" total="1114112" percent="0" />
    </mem>
    <mem type="tenure" free="4034384" total="6291456" percent="64">
      <mem type="soa" free="3720016" total="5977088" percent="62" />
      <mem type="loa" free="314368" total="314368" percent="100" />
    </mem>
    <remembered-set count="363" />
  </mem-info>
</gc-start>
<allocation-stats totalBytes="325424" >
  <allocated-bytes non-tlh="2544" tlh="322880" />
  <largest-consumer threadName="Thread-4" threadId="0000000002370900" bytes="325424" />
</allocation-stats>
<gc-op id="155" type="scavenge" timems="6.961" contextid="152" timestamp="2019-06-15T23:38:52.842">
  <scavenger-info tenureage="1" tenuremask="7ffe" tiltratio="50" />
  <memory-copied type="nursery" objects="183" bytes="325424" bytesdiscarded="1512" />
  <memory-copied type="tenure" objects="556" bytes="785072" bytesdiscarded="1680" />
</gc-op>
<heap-resize id="156" type="expand" space="nursery" amount="786432" count="1" timems="0.011" reason="excessive time being spent scavenging" timestamp="2019-06-15T23:38:52.843" />
<gc-end id="157" type="scavenge" contextid="152" durationms="7.533" usertimems="12.000" systemtimems="0.000" timestamp="2019-06-15T23:38:52.843" activeThreads="4">
  <mem-info id="158" free="4490576" total="9306112" percent="48">
    <mem type="nursery" free="1180392" total="3014656" percent="39">
      <mem type="allocate" free="1180392" total="1507328" percent="78" />
      <mem type="survivor" free="0" total="1507328" percent="0" />
    </mem>
    <mem type="tenure" free="3310184" total="6291456" percent="52">
      <mem type="soa" free="2995816" total="5977088" percent="50" />
      <mem type="loa" free="314368" total="314368" percent="100" />
    </mem>
    <remembered-set count="92" />
  </mem-info>
</gc-end>
<cycle-end id="159" type="scavenge" contextid="152" timestamp="2019-06-15T23:38:52.843" />
  <attribute name="elasticGC enabled" value="1" />
  <attribute name= "numThreadsSpecified" value="4" />
  <attribute name="heapSize specified" value="8388608" />
  <attribute name="Current GC Util" value="40" />
  <attribute name= "Current Time Running" value="694" />
  <attribute name ="GC Interval" value="200" />
  <attribute name="ProportionalT" value="30.000000" />
  <attribute name="ProportionalI" value="30.000000" />
  <attribute name="ProportionalH" value="30.000000" />
  <attribute name="Current Error" value="20.000000" />
  <attribute name="IntegralT" value="120.000000" />
  <attribute name="IntegralI" value="120.000000" />
  <attribute name="IntegralH" value="120.000000" />
  <attribute name="DerivativeT" value="3.333333" />
  <attribute name="DerivativeI" value="3.333333" />
  <attribute name="DerivativeH" value="3.333333" />
  <attribute name="Loop Time for DT" value="6.000000" />
  <attribute name="Output H" value="8388608"/>
  <attribute name="Output I" value="200"/>
  <attribute name="Output T" value="4"/>
  <attribute name="Target GC Util Change" value ="20.000000" />
  <attribute name="Current GC Util Change" value="40.000000"/>
  <attribute name="GC Util currently" value="40" />
  <attribute name="CPU Util currently" value="791452081740" />
<allocation-satisfied id="160" threadId="0000000002370900" bytesRequested="2048" />
<af-end id="161" timestamp="2019-06-15T23:38:52.843" threadId="0000000002371288" success="true" from="nursery"/>
<exclusive-end id="162" timestamp="2019-06-15T23:38:52.843" durationms="8.291" />

<exclusive-start id="163" timestamp="2019-06-15T23:38:52.865" intervalms="29.923">
  <response-info timems="0.371" idlems="0.371" threads="0" lastid="0000000002374500" lastname="Thread-5" />
</exclusive-start>
<af-start id="164" threadId="0000000002374E88" totalBytesRequested="196616" timestamp="2019-06-15T23:38:52.865" intervalms="29.991" type="nursery" />
<cycle-start id="165" type="scavenge" contextid="0" timestamp="2019-06-15T23:38:52.865" intervalms="30.074" />
<gc-start id="166" type="scavenge" contextid="165" timestamp="2019-06-15T23:38:52.865">
  <mem-info id="167" free="3320792" total="9306112" percent="35">
    <mem type="nursery" free="13032" total="3014656" percent="0">
      <mem type="allocate" free="13032" total="1507328" percent="0" />
      <mem type="survivor" free="0" total="1507328" percent="0" />
    </mem>
    <mem type="tenure" free="3307760" total="6291456" percent="52">
      <mem type="soa" free="2993392" total="5977088" percent="50" />
      <mem type="loa" free="314368" total="314368" percent="100" />
    </mem>
    <remembered-set count="134" />
  </mem-info>
</gc-start>
<allocation-stats totalBytes="1161968" >
  <allocated-bytes non-tlh="136600" tlh="1025368" />
  <largest-consumer threadName="Thread-5" threadId="0000000002374500" bytes="935064" />
</allocation-stats>
<gc-op id="168" type="scavenge" timems="6.577" contextid="165" timestamp="2019-06-15T23:38:52.872">
  <scavenger-info tenureage="1" tenuremask="7ffe" tiltratio="50" />
  <memory-copied type="nursery" objects="4165" bytes="425272" bytesdiscarded="129216" />
  <memory-copied type="tenure" objects="183" bytes="325424" bytesdiscarded="288" />
</gc-op>
<heap-resize id="169" type="expand" space="nursery" amount="393216" count="1" timems="0.015" reason="excessive time being spent scavenging" timestamp="2019-06-15T23:38:52.872" />
<gc-end id="170" type="scavenge" contextid="165" durationms="7.034" usertimems="8.000" systemtimems="4.000" timestamp="2019-06-15T23:38:52.872" activeThreads="4">
  <mem-info id="171" free="4393640" total="9699328" percent="45">
    <mem type="nursery" free="1411592" total="3407872" percent="41">
      <mem type="allocate" free="1411592" total="1966080" percent="71" />
      <mem type="survivor" free="0" total="1441792" percent="0" />
    </mem>
    <mem type="tenure" free="2982048" total="6291456" percent="47">
      <mem type="soa" free="2667680" total="5977088" percent="44" />
      <mem type="loa" free="314368" total="314368" percent="100" />
    </mem>
    <remembered-set count="129" />
  </mem-info>
</gc-end>
<cycle-end id="172" type="scavenge" contextid="165" timestamp="2019-06-15T23:38:52.872" />
  <attribute name="elasticGC enabled" value="1" />
  <attribute name= "numThreadsSpecified" value="4" />
  <attribute name="heapSize specified" value="8388608" />
  <attribute name="Current GC Util" value="42" />
  <attribute name= "Current Time Running" value="724" />
  <attribute name ="GC Interval" value="696" />
  <attribute name="ProportionalT" value="33.000000" />
  <attribute name="ProportionalI" value="33.000000" />
  <attribute name="ProportionalH" value="33.000000" />
  <attribute name="Current Error" value="22.000000" />
  <attribute name="IntegralT" value="660.000000" />
  <attribute name="IntegralI" value="660.000000" />
  <attribute name="IntegralH" value="660.000000" />
  <attribute name="DerivativeT" value="0.066667" />
  <attribute name="DerivativeI" value="0.066667" />
  <attribute name="DerivativeH" value="0.066667" />
  <attribute name="Loop Time for DT" value="30.000000" />
  <attribute name="Output H" value="8388608"/>
  <attribute name="Output I" value="696"/>
  <attribute name="Output T" value="4"/>
  <attribute name="Target GC Util Change" value ="20.000000" />
  <attribute name="Current GC Util Change" value="42.000000"/>
  <attribute name="GC Util currently" value="42" />
  <attribute name="CPU Util currently" value="152693398191" />
<allocation-satisfied id="173" threadId="0000000002374500" bytesRequested="196616" />
<af-end id="174" timestamp="2019-06-15T23:38:52.873" threadId="0000000002374E88" success="true" from="nursery"/>
<exclusive-end id="175" timestamp="2019-06-15T23:38:52.873" durationms="8.060" />

<exclusive-start id="176" timestamp="2019-06-15T23:38:52.934" intervalms="69.646">
  <response-info timems="0.081" idlems="0.081" threads="0" lastid="0000000002374500" lastname="Thread-5" />
</exclusive-start>
<af-start id="177" threadId="0000000002374E88" totalBytesRequested="392" timestamp="2019-06-15T23:38:52.935" intervalms="69.642" type="nursery" />
<cycle-start id="178" type="scavenge" contextid="0" timestamp="2019-06-15T23:38:52.935" intervalms="69.569" />
<gc-start id="179" type="scavenge" contextid="178" timestamp="2019-06-15T23:38:52.935">
  <mem-info id="180" free="2982048" total="9699328" percent="30">
    <mem type="nursery" free="0" total="3407872" percent="0">
      <mem type="allocate" free="0" total="1966080" percent="0" />
      <mem type="survivor" free="0" total="1441792" percent="0" />
    </mem>
    <mem type="tenure" free="2982048" total="6291456" percent="47">
      <mem type="soa" free="2667680" total="5977088" percent="44" />
      <mem type="loa" free="314368" total="314368" percent="100" />
    </mem>
    <remembered-set count="129" />
  </mem-info>
</gc-start>
<allocation-stats totalBytes="1409408" >
  <allocated-bytes non-tlh="714776" tlh="694632" />
  <largest-consumer threadName="Thread-5" threadId="0000000002374500" bytes="1409408" />
</allocation-stats>
<gc-op id="181" type="scavenge" timems="6.015" contextid="178" timestamp="2019-06-15T23:38:52.941">
  <scavenger-info tenureage="1" tenuremask="7ffe" tiltratio="57" />
  <memory-copied type="nursery" objects="30" bytes="189792" bytesdiscarded="27568" />
  <memory-copied type="tenure" objects="4164" bytes="425248" bytesdiscarded="48" />
</gc-op>
<heap-resize id="182" type="expand" space="nursery" amount="131072" count="1" timems="0.013" reason="excessive time being spent scavenging" timestamp="2019-06-15T23:38:52.941" />
<gc-end id="183" type="scavenge" contextid="178" durationms="6.420" usertimems="4.000" systemtimems="8.000" timestamp="2019-06-15T23:38:52.941" activeThreads="4">
  <mem-info id="184" free="4516112" total="9830400" percent="45">
    <mem type="nursery" free="2141936" total="3538944" percent="60">
      <mem type="allocate" free="2141936" total="2359296" percent="90" />
      <mem type="survivor" free="0" total="1179648" percent="0" />
    </mem>
    <mem type="tenure" free="2374176" total="6291456" percent="37">
      <mem type="soa" free="2059808" total="5977088" percent="34" />
      <mem type="loa" free="314368" total="314368" percent="100" />
    </mem>
    <remembered-set count="134" />
  </mem-info>
</gc-end>
<cycle-end id="185" type="scavenge" contextid="178" timestamp="2019-06-15T23:38:52.941" />
  <attribute name="elasticGC enabled" value="1" />
  <attribute name= "numThreadsSpecified" value="4" />
  <attribute name="heapSize specified" value="8388608" />
  <attribute name="Current GC Util" value="16" />
  <attribute name= "Current Time Running" value="794" />
  <attribute name ="GC Interval" value="200" />
  <attribute name="ProportionalT" value="-6.000000" />
  <attribute name="ProportionalI" value="-6.000000" />
  <attribute name="ProportionalH" value="-6.000000" />
  <attribute name="Current Error" value="-4.000000" />
  <attribute name="IntegralT" value="-280.000000" />
  <attribute name="IntegralI" value="-280.000000" />
  <attribute name="IntegralH" value="-280.000000" />
  <attribute name="DerivativeT" value="-0.371429" />
  <attribute name="DerivativeI" value="-0.371429" />
  <attribute name="DerivativeH" value="-0.371429" />
  <attribute name="Loop Time for DT" value="70.000000" />
  <attribute name="Output H" value="2092630016"/>
  <attribute name="Output I" value="200"/>
  <attribute name="Output T" value="4"/>
  <attribute name="Target GC Util Change" value ="20.000000" />
  <attribute name="Current GC Util Change" value="16.000000"/>
  <attribute name="GC Util currently" value="16" />
  <attribute name="CPU Util currently" value="9" />
<allocation-satisfied id="186" threadId="0000000002374500" bytesRequested="392" />
<af-end id="187" timestamp="2019-06-15T23:38:52.942" threadId="0000000002374E88" success="true" from="nursery"/>
<exclusive-end id="188" timestamp="2019-06-15T23:38:52.942" durationms="7.188" />

<exclusive-start id="189" timestamp="2019-06-15T23:38:52.965" intervalms="30.535">
  <response-info timems="0.064" idlems="0.064" threads="0" lastid="0000000002374500" lastname="Thread-5" />
</exclusive-start>
<af-start id="190" threadId="0000000002374E88" totalBytesRequested="1016" timestamp="2019-06-15T23:38:52.965" intervalms="30.547" type="nursery" />
<cycle-start id="191" type="scavenge" contextid="0" timestamp="2019-06-15T23:38:52.965" intervalms="30.547" />
<gc-start id="192" type="scavenge" contextid="191" timestamp="2019-06-15T23:38:52.965">
  <mem-info id="193" free="2374176" total="9830400" percent="24">
    <mem type="nursery" free="0" total="3538944" percent="0">
      <mem type="allocate" free="0" total="2359296" percent="0" />
      <mem type="survivor" free="0" total="1179648" percent="0" />
    </mem>
    <mem type="tenure" free="2374176" total="6291456" percent="37">
      <mem type="soa" free="2059808" total="5977088" percent="34" />
      <mem type="loa" free="314368" total="314368" percent="100" />
    </mem>
    <remembered-set count="134" />
  </mem-info>
</gc-start>
<allocation-stats totalBytes="2082400" >
  <allocated-bytes non-tlh="392" tlh="2082008" />
  <largest-consumer threadName="Thread-5" threadId="0000000002374500" bytes="2082400" />
</allocation-stats>
<gc-op id="194" type="scavenge" timems="1.033" contextid="191" timestamp="2019-06-15T23:38:52.967">
  <scavenger-info tenureage="2" tenuremask="7ffc" tiltratio="66" />
  <memory-copied type="nursery" objects="32" bytes="159120" bytesdiscarded="4488" />
</gc-op>
<gc-end id="195" type="scavenge" contextid="191" durationms="1.321" usertimems="0.000" systemtimems="0.000" timestamp="2019-06-15T23:38:52.967" activeThreads="4">
  <mem-info id="196" free="4897544" total="9830400" percent="49">
    <mem type="nursery" free="2523368" total="3538944" percent="71">
      <mem type="allocate" free="2523368" total="2686976" percent="93" />
      <mem type="survivor" free="0" total="851968" percent="0" />
    </mem>
    <mem type="tenure" free="2374176" total="6291456" percent="37">
      <mem type="soa" free="2059808" total="5977088" percent="34" />
      <mem type="loa" free="314368" total="314368" percent="100" />
    </mem>
    <remembered-set count="104" />
  </mem-info>
</gc-end>
<cycle-end id="197" type="scavenge" contextid="191" timestamp="2019-06-15T23:38:52.967" />
  <attribute name="elasticGC enabled" value="1" />
  <attribute name= "numThreadsSpecified" value="4" />
  <attribute name="heapSize specified" value="8388608" />
  <attribute name="Current GC Util" value="33" />
  <attribute name= "Current Time Running" value="825" />
  <attribute name ="GC Interval" value="424" />
  <attribute name="ProportionalT" value="19.500000" />
  <attribute name="ProportionalI" value="19.500000" />
  <attribute name="ProportionalH" value="19.500000" />
  <attribute name="Current Error" value="13.000000" />
  <attribute name="IntegralT" value="403.000000" />
  <attribute name="IntegralI" value="403.000000" />
  <attribute name="IntegralH" value="403.000000" />
  <attribute name="DerivativeT" value="0.419355" />
  <attribute name="DerivativeI" value="0.419355" />
  <attribute name="DerivativeH" value="0.419355" />
  <attribute name="Loop Time for DT" value="31.000000" />
  <attribute name="Output H" value="8388608"/>
  <attribute name="Output I" value="424"/>
  <attribute name="Output T" value="4"/>
  <attribute name="Target GC Util Change" value ="20.000000" />
  <attribute name="Current GC Util Change" value="33.000000"/>
  <attribute name="GC Util currently" value="33" />
  <attribute name="CPU Util currently" value="150392059122" />
<allocation-satisfied id="198" threadId="0000000002374500" bytesRequested="1016" />
<af-end id="199" timestamp="2019-06-15T23:38:52.967" threadId="0000000002374E88" success="true" from="nursery"/>
<exclusive-end id="200" timestamp="2019-06-15T23:38:52.967" durationms="2.265" />

<exclusive-start id="201" timestamp="2019-06-15T23:38:52.972" intervalms="6.977">
  <response-info timems="0.032" idlems="0.032" threads="0" lastid="0000000002370900" lastname="Thread-4" />
</exclusive-start>
<af-start id="202" threadId="0000000002371288" totalBytesRequested="15368" timestamp="2019-06-15T23:38:52.972" intervalms="6.953" type="nursery" />
<cycle-start id="203" type="scavenge" contextid="0" timestamp="2019-06-15T23:38:52.972" intervalms="6.964" />
<gc-start id="204" type="scavenge" contextid="203" timestamp="2019-06-15T23:38:52.972">
  <mem-info id="205" free="2381488" total="9830400" percent="24">
    <mem type="nursery" free="7344" total="3538944" percent="0">
      <mem type="allocate" free="7344" total="2686976" percent="0" />
      <mem type="survivor" free="0" total="851968" percent="0" />
    </mem>
    <mem type="tenure" free="2374144" total="6291456" percent="37">
      <mem type="soa" free="2059776" total="5977088" percent="34" />
      <mem type="loa" free="314368" total="314368" percent="100" />
    </mem>
    <remembered-set count="110" />
  </mem-info>
</gc-start>
<allocation-stats totalBytes="2508288" >
  <allocated-bytes non-tlh="156760" tlh="2351528" />
  <largest-consumer threadName="Thread-5" threadId="0000000002374500" bytes="2464800" />
</allocation-stats>
<gc-op id="206" type="scavenge" timems="0.217" contextid="203" timestamp="2019-06-15T23:38:52.973">
  <scavenger-info tenureage="3" tenuremask="7ff8" tiltratio="75" />
  <memory-copied type="nursery" objects="23" bytes="124600" bytesdiscarded="230536" />
  <references type="weak" candidates="1" cleared="0" enqueued="0" />
  <references type="phantom" candidates="1" cleared="0" enqueued="0" />
</gc-op>
<gc-end id="207" type="scavenge" contextid="203" durationms="0.613" usertimems="0.000" systemtimems="0.000" timestamp="2019-06-15T23:38:52.973" activeThreads="4">
  <mem-info id="208" free="4837048" total="9830400" percent="49">
    <mem type="nursery" free="2462904" total="3538944" percent="69">
      <mem type="allocate" free="2462904" total="2818048" percent="87" />
      <mem type="survivor" free="0" total="720896" percent="0" />
    </mem>
    <mem type="tenure" free="2374144" total="6291456" percent="37">
      <mem type="soa" free="2059776" total="5977088" percent="34" />
      <mem type="loa" free="314368" total="314368" percent="100" />
    </mem>
    <remembered-set count="109" />
  </mem-info>
</gc-end>
<cycle-end id="209" type="scavenge" contextid="203" timestamp="2019-06-15T23:38:52.973" />
  <attribute name="elasticGC enabled" value="1" />
  <attribute name= "numThreadsSpecified" value="4" />
  <attribute name="heapSize specified" value="8388608" />
  <attribute name="Current GC Util" value="23" />
  <attribute name= "Current Time Running" value="831" />
  <attribute name ="GC Interval" value="200" />
  <attribute name="ProportionalT" value="4.500000" />
  <attribute name="ProportionalI" value="4.500000" />
  <attribute name="ProportionalH" value="4.500000" />
  <attribute name="Current Error" value="3.000000" />
  <attribute name="IntegralT" value="18.000000" />
  <attribute name="IntegralI" value="18.000000" />
  <attribute name="IntegralH" value="18.000000" />
  <attribute name="DerivativeT" value="-1.666667" />
  <attribute name="DerivativeI" value="-1.666667" />
  <attribute name="DerivativeH" value="-1.666667" />
  <attribute name="Loop Time for DT" value="6.000000" />
  <attribute name="Output H" value="8388608"/>
  <attribute name="Output I" value="200"/>
  <attribute name="Output T" value="4"/>
  <attribute name="Target GC Util Change" value ="20.000000" />
  <attribute name="Current GC Util Change" value="23.000000"/>
  <attribute name="GC Util currently" value="23" />
  <attribute name="CPU Util currently" value="683942383019" />
<allocation-satisfied id="210" threadId="0000000002370900" bytesRequested="15368" />
<af-end id="211" timestamp="2019-06-15T23:38:52.973" threadId="0000000002371288" success="true" from="nursery"/>
<exclusive-end id="212" timestamp="2019-06-15T23:38:52.973" durationms="1.430" />

<exclusive-start id="213" timestamp="2019-06-15T23:38:53.051" intervalms="79.301">
  <response-info timems="0.064" idlems="0.064" threads="0" lastid="0000000002378100" lastname="Thread-7" />
</exclusive-start>
<af-start id="214" threadId="0000000002378A88" totalBytesRequested="24" timestamp="2019-06-15T23:38:53.051" intervalms="79.337" type="nursery" />
<cycle-start id="215" type="scavenge" contextid="0" timestamp="2019-06-15T23:38:53.052" intervalms="79.326" />
<gc-start id="216" type="scavenge" contextid="215" timestamp="2019-06-15T23:38:53.052">
  <mem-info id="217" free="2368352" total="9830400" percent="24">
    <mem type="nursery" free="0" total="3538944" percent="0">
      <mem type="allocate" free="0" total="2818048" percent="0" />
      <mem type="survivor" free="0" total="720896" percent="0" />
    </mem>
    <mem type="tenure" free="2368352" total="6291456" percent="37">
      <mem type="soa" free="2053984" total="5977088" percent="34" />
      <mem type="loa" free="314368" total="314368" percent="100" />
    </mem>
    <remembered-set count="192" />
  </mem-info>
</gc-start>
<allocation-stats totalBytes="2467216" >
  <allocated-bytes non-tlh="273568" tlh="2193648" />
  <largest-consumer threadName="Thread-7" threadId="0000000002378100" bytes="1952776" />
</allocation-stats>
<gc-op id="218" type="scavenge" timems="0.721" contextid="215" timestamp="2019-06-15T23:38:53.053">
  <scavenger-info tenureage="4" tenuremask="7ff0" tiltratio="79" />
  <memory-copied type="nursery" objects="5498" bytes="427184" bytesdiscarded="84736" />
</gc-op>
<gc-end id="219" type="scavenge" contextid="215" durationms="1.192" usertimems="4.000" systemtimems="0.000" timestamp="2019-06-15T23:38:53.053" activeThreads="4">
  <mem-info id="220" free="4608904" total="9830400" percent="46">
    <mem type="nursery" free="2240552" total="3538944" percent="63">
      <mem type="allocate" free="2240552" total="2752512" percent="81" />
      <mem type="survivor" free="0" total="786432" percent="0" />
    </mem>
    <mem type="tenure" free="2368352" total="6291456" percent="37">
      <mem type="soa" free="2053984" total="5977088" percent="34" />
      <mem type="loa" free="314368" total="314368" percent="100" />
    </mem>
    <remembered-set count="180" />
  </mem-info>
</gc-end>
<cycle-end id="221" type="scavenge" contextid="215" timestamp="2019-06-15T23:38:53.053" />
  <attribute name="elasticGC enabled" value="1" />
  <attribute name= "numThreadsSpecified" value="4" />
  <attribute name="heapSize specified" value="8388608" />
  <attribute name="Current GC Util" value="0" />
  <attribute name= "Current Time Running" value="911" />
  <attribute name ="GC Interval" value="200" />
  <attribute name="ProportionalT" value="-30.000000" />
  <attribute name="ProportionalI" value="-30.000000" />
  <attribute name="ProportionalH" value="-30.000000" />
  <attribute name="Current Error" value="-20.000000" />
  <attribute name="IntegralT" value="-1600.000000" />
  <attribute name="IntegralI" value="-1600.000000" />
  <attribute name="IntegralH" value="-1600.000000" />
  <attribute name="DerivativeT" value="-0.287500" />
  <attribute name="DerivativeI" value="-0.287500" />
  <attribute name="DerivativeH" value="-0.287500" />
  <attribute name="Loop Time for DT" value="80.000000" />
  <attribute name="Output H" value="2092630016"/>
  <attribute name="Output I" value="200"/>
  <attribute name="Output T" value="4"/>
  <attribute name="Target GC Util Change" value ="20.000000" />
  <attribute name="Current GC Util Change" value="0.000000"/>
  <attribute name="GC Util currently" value="0" />
  <attribute name="CPU Util currently" value="23" />
<allocation-satisfied id="222" threadId="0000000002378100" bytesRequested="24" />
<af-end id="223" timestamp="2019-06-15T23:38:53.053" threadId="0000000002378A88" success="true" from="nursery"/>
<exclusive-end id="224" timestamp="2019-06-15T23:38:53.053" durationms="1.926" />

<exclusive-start id="225" timestamp="2019-06-15T23:38:53.069" intervalms="17.432">
  <response-info timems="0.071" idlems="0.071" threads="0" lastid="0000000002378100" lastname="Thread-7" />
</exclusive-start>
<af-start id="226" threadId="0000000002378A88" totalBytesRequested="40" timestamp="2019-06-15T23:38:53.069" intervalms="17.405" type="nursery" />
<cycle-start id="227" type="scavenge" contextid="0" timestamp="2019-06-15T23:38:53.069" intervalms="17.394" />
<gc-start id="228" type="scavenge" contextid="227" timestamp="2019-06-15T23:38:53.069">
  <mem-info id="229" free="2368352" total="9830400" percent="24">
    <mem type="nursery" free="0" total="3538944" percent="0">
      <mem type="allocate" free="0" total="2752512" percent="0" />
      <mem type="survivor" free="0" total="786432" percent="0" />
    </mem>
    <mem type="tenure" free="2368352" total="6291456" percent="37">
      <mem type="soa" free="2053984" total="5977088" percent="34" />
      <mem type="loa" free="314368" total="314368" percent="100" />
    </mem>
    <remembered-set count="180" />
  </mem-info>
</gc-start>
<allocation-stats totalBytes="2240216" >
  <allocated-bytes non-tlh="24" tlh="2240192" />
  <largest-consumer threadName="Thread-7" threadId="0000000002378100" bytes="2240216" />
</allocation-stats>
<gc-op id="230" type="scavenge" timems="0.786" contextid="227" timestamp="2019-06-15T23:38:53.070">
  <scavenger-info tenureage="4" tenuremask="7ff0" tiltratio="77" />
  <memory-copied type="nursery" objects="5745" bytes="433384" bytesdiscarded="148424" />
</gc-op>
<gc-end id="231" type="scavenge" contextid="227" durationms="1.298" usertimems="4.000" systemtimems="0.000" timestamp="2019-06-15T23:38:53.070" activeThreads="4">
  <mem-info id="232" free="4735624" total="9830400" percent="48">
    <mem type="nursery" free="2367272" total="3538944" percent="66">
      <mem type="allocate" free="2367272" total="2949120" percent="80" />
      <mem type="survivor" free="0" total="589824" percent="0" />
    </mem>
    <mem type="tenure" free="2368352" total="6291456" percent="37">
      <mem type="soa" free="2053984" total="5977088" percent="34" />
      <mem type="loa" free="314368" total="314368" percent="100" />
    </mem>
    <remembered-set count="150" />
  </mem-info>
</gc-end>
<cycle-end id="233" type="scavenge" contextid="227" timestamp="2019-06-15T23:38:53.071" />
  <attribute name="elasticGC enabled" value="1" />
  <attribute name= "numThreadsSpecified" value="4" />
  <attribute name="heapSize specified" value="8388608" />
  <attribute name="Current GC Util" value="8" />
  <attribute name= "Current Time Running" value="928" />
  <attribute name ="GC Interval" value="200" />
  <attribute name="ProportionalT" value="-18.000000" />
  <attribute name="ProportionalI" value="-18.000000" />
  <attribute name="ProportionalH" value="-18.000000" />
  <attribute name="Current Error" value="-12.000000" />
  <attribute name="IntegralT" value="-204.000000" />
  <attribute name="IntegralI" value="-204.000000" />
  <attribute name="IntegralH" value="-204.000000" />
  <attribute name="DerivativeT" value="-0.705882" />
  <attribute name="DerivativeI" value="-0.705882" />
  <attribute name="DerivativeH" value="-0.705882" />
  <attribute name="Loop Time for DT" value="17.000000" />
  <attribute name="Output H" value="2092630016"/>
  <attribute name="Output I" value="200"/>
  <attribute name="Output T" value="4"/>
  <attribute name="Target GC Util Change" value ="20.000000" />
  <attribute name="Current GC Util Change" value="8.000000"/>
  <attribute name="GC Util currently" value="8" />
  <attribute name="CPU Util currently" value="264586754820" />
<allocation-satisfied id="234" threadId="0000000002378100" bytesRequested="40" />
<af-end id="235" timestamp="2019-06-15T23:38:53.071" threadId="0000000002378A88" success="true" from="nursery"/>
<exclusive-end id="236" timestamp="2019-06-15T23:38:53.071" durationms="2.119" />

<exclusive-start id="237" timestamp="2019-06-15T23:38:53.083" intervalms="14.005">
  <response-info timems="0.074" idlems="0.074" threads="0" lastid="0000000002378100" lastname="Thread-7" />
</exclusive-start>
<af-start id="238" threadId="0000000002378A88" totalBytesRequested="40" timestamp="2019-06-15T23:38:53.083" intervalms="13.991" type="nursery" />
<cycle-start id="239" type="scavenge" contextid="0" timestamp="2019-06-15T23:38:53.083" intervalms="13.992" />
<gc-start id="240" type="scavenge" contextid="239" timestamp="2019-06-15T23:38:53.083">
  <mem-info id="241" free="2368352" total="9830400" percent="24">
    <mem type="nursery" free="0" total="3538944" percent="0">
      <mem type="allocate" free="0" total="2949120" percent="0" />
      <mem type="survivor" free="0" total="589824" percent="0" />
    </mem>
    <mem type="tenure" free="2368352" total="6291456" percent="37">
      <mem type="soa" free="2053984" total="5977088" percent="34" />
      <mem type="loa" free="314368" total="314368" percent="100" />
    </mem>
    <remembered-set count="150" />
  </mem-info>
</gc-start>
<allocation-stats totalBytes="2366960" >
  <allocated-bytes non-tlh="40" tlh="2366920" />
  <largest-consumer threadName="Thread-7" threadId="0000000002378100" bytes="2366960" />
</allocation-stats>
<gc-op id="242" type="scavenge" timems="0.780" contextid="239" timestamp="2019-06-15T23:38:53.084">
  <scavenger-info tenureage="2" tenuremask="7ffc" tiltratio="83" />
  <memory-copied type="nursery" objects="385" bytes="9632" bytesdiscarded="99424" />
  <memory-copied type="tenure" objects="5481" bytes="426656" bytesdiscarded="56" />
</gc-op>
<heap-resize id="243" type="expand" space="nursery" amount="262144" count="1" timems="0.015" reason="excessive time being spent scavenging" timestamp="2019-06-15T23:38:53.084" />
<gc-end id="244" type="scavenge" contextid="239" durationms="1.279" usertimems="4.000" systemtimems="0.000" timestamp="2019-06-15T23:38:53.084" activeThreads="4">
  <mem-info id="245" free="4997768" total="10092544" percent="49">
    <mem type="nursery" free="3102208" total="3801088" percent="81">
      <mem type="allocate" free="3102208" total="3211264" percent="96" />
      <mem type="survivor" free="0" total="589824" percent="0" />
    </mem>
    <mem type="tenure" free="1895560" total="6291456" percent="30">
      <mem type="soa" free="1581192" total="5977088" percent="26" />
      <mem type="loa" free="314368" total="314368" percent="100" />
    </mem>
    <remembered-set count="386" />
  </mem-info>
</gc-end>
<cycle-end id="246" type="scavenge" contextid="239" timestamp="2019-06-15T23:38:53.084" />
  <attribute name="elasticGC enabled" value="1" />
  <attribute name= "numThreadsSpecified" value="4" />
  <attribute name="heapSize specified" value="8388608" />
  <attribute name="Current GC Util" value="11" />
  <attribute name= "Current Time Running" value="942" />
  <attribute name ="GC Interval" value="200" />
  <attribute name="ProportionalT" value="-13.500000" />
  <attribute name="ProportionalI" value="-13.500000" />
  <attribute name="ProportionalH" value="-13.500000" />
  <attribute name="Current Error" value="-9.000000" />
  <attribute name="IntegralT" value="-126.000000" />
  <attribute name="IntegralI" value="-126.000000" />
  <attribute name="IntegralH" value="-126.000000" />
  <attribute name="DerivativeT" value="-0.642857" />
  <attribute name="DerivativeI" value="-0.642857" />
  <attribute name="DerivativeH" value="-0.642857" />
  <attribute name="Loop Time for DT" value="14.000000" />
  <attribute name="Output H" value="2092630016"/>
  <attribute name="Output I" value="200"/>
  <attribute name="Output T" value="4"/>
  <attribute name="Target GC Util Change" value ="20.000000" />
  <attribute name="Current GC Util Change" value="11.000000"/>
  <attribute name="GC Util currently" value="11" />
  <attribute name="CPU Util currently" value="332566691620" />
<allocation-satisfied id="247" threadId="0000000002378100" bytesRequested="40" />
<af-end id="248" timestamp="2019-06-15T23:38:53.084" threadId="0000000002378A88" success="true" from="nursery"/>
<exclusive-end id="249" timestamp="2019-06-15T23:38:53.085" durationms="1.811" />

<exclusive-start id="250" timestamp="2019-06-15T23:38:53.103" intervalms="20.752">
  <response-info timems="0.105" idlems="0.105" threads="0" lastid="0000000002378100" lastname="Thread-7" />
</exclusive-start>
<af-start id="251" threadId="0000000002378A88" totalBytesRequested="40" timestamp="2019-06-15T23:38:53.104" intervalms="20.712" type="nursery" />
<cycle-start id="252" type="scavenge" contextid="0" timestamp="2019-06-15T23:38:53.104" intervalms="20.712" />
<gc-start id="253" type="scavenge" contextid="252" timestamp="2019-06-15T23:38:53.104">
  <mem-info id="254" free="1895560" total="10092544" percent="18">
    <mem type="nursery" free="0" total="3801088" percent="0">
      <mem type="allocate" free="0" total="3211264" percent="0" />
      <mem type="survivor" free="0" total="589824" percent="0" />
    </mem>
    <mem type="tenure" free="1895560" total="6291456" percent="30">
      <mem type="soa" free="1581192" total="5977088" percent="26" />
      <mem type="loa" free="314368" total="314368" percent="100" />
    </mem>
    <remembered-set count="562" />
  </mem-info>
</gc-start>
<allocation-stats totalBytes="3101784" >
  <allocated-bytes non-tlh="40" tlh="3101744" />
  <largest-consumer threadName="Thread-7" threadId="0000000002378100" bytes="3101784" />
</allocation-stats>
<gc-op id="255" type="scavenge" timems="0.366" contextid="252" timestamp="2019-06-15T23:38:53.104">
  <scavenger-info tenureage="5" tenuremask="7fe0" tiltratio="84" />
  <memory-copied type="nursery" objects="562" bytes="13880" bytesdiscarded="187336" />
</gc-op>
<gc-end id="256" type="scavenge" contextid="252" durationms="0.823" usertimems="0.000" systemtimems="0.000" timestamp="2019-06-15T23:38:53.105" activeThreads="4">
  <mem-info id="257" free="5036680" total="10092544" percent="49">
    <mem type="nursery" free="3141120" total="3801088" percent="82">
      <mem type="allocate" free="3141120" total="3342336" percent="93" />
      <mem type="survivor" free="0" total="458752" percent="0" />
    </mem>
    <mem type="tenure" free="1895560" total="6291456" percent="30">
      <mem type="soa" free="1581192" total="5977088" percent="26" />
      <mem type="loa" free="314368" total="314368" percent="100" />
    </mem>
    <remembered-set count="562" />
  </mem-info>
</gc-end>
<cycle-end id="258" type="scavenge" contextid="252" timestamp="2019-06-15T23:38:53.105" />
  <attribute name="elasticGC enabled" value="1" />
  <attribute name= "numThreadsSpecified" value="4" />
  <attribute name="heapSize specified" value="8388608" />
  <attribute name="Current GC Util" value="7" />
  <attribute name= "Current Time Running" value="963" />
  <attribute name ="GC Interval" value="200" />
  <attribute name="ProportionalT" value="-19.500000" />
  <attribute name="ProportionalI" value="-19.500000" />
  <attribute name="ProportionalH" value="-19.500000" />
  <attribute name="Current Error" value="-13.000000" />
  <attribute name="IntegralT" value="-273.000000" />
  <attribute name="IntegralI" value="-273.000000" />
  <attribute name="IntegralH" value="-273.000000" />
  <attribute name="DerivativeT" value="-0.619048" />
  <attribute name="DerivativeI" value="-0.619048" />
  <attribute name="DerivativeH" value="-0.619048" />
  <attribute name="Loop Time for DT" value="21.000000" />
  <attribute name="Output H" value="2092630016"/>
  <attribute name="Output I" value="200"/>
  <attribute name="Output T" value="4"/>
  <attribute name="Target GC Util Change" value ="20.000000" />
  <attribute name="Current GC Util Change" value="7.000000"/>
  <attribute name="GC Util currently" value="7" />
  <attribute name="CPU Util currently" value="221271885476" />
<allocation-satisfied id="259" threadId="0000000002378100" bytesRequested="40" />
<af-end id="260" timestamp="2019-06-15T23:38:53.105" threadId="0000000002378A88" success="true" from="nursery"/>
<exclusive-end id="261" timestamp="2019-06-15T23:38:53.105" durationms="1.637" />

<exclusive-start id="262" timestamp="2019-06-15T23:38:53.117" intervalms="13.186">
  <response-info timems="0.084" idlems="0.084" threads="0" lastid="0000000002378100" lastname="Thread-7" />
</exclusive-start>
<af-start id="263" threadId="0000000002378A88" totalBytesRequested="40" timestamp="2019-06-15T23:38:53.117" intervalms="13.230" type="nursery" />
<cycle-start id="264" type="scavenge" contextid="0" timestamp="2019-06-15T23:38:53.117" intervalms="13.232" />
<gc-start id="265" type="scavenge" contextid="264" timestamp="2019-06-15T23:38:53.117">
  <mem-info id="266" free="1895560" total="10092544" percent="18">
    <mem type="nursery" free="0" total="3801088" percent="0">
      <mem type="allocate" free="0" total="3342336" percent="0" />
      <mem type="survivor" free="0" total="458752" percent="0" />
    </mem>
    <mem type="tenure" free="1895560" total="6291456" percent="30">
      <mem type="soa" free="1581192" total="5977088" percent="26" />
      <mem type="loa" free="314368" total="314368" percent="100" />
    </mem>
    <remembered-set count="698" />
  </mem-info>
</gc-start>
<allocation-stats totalBytes="3140736" >
  <allocated-bytes non-tlh="40" tlh="3140696" />
  <largest-consumer threadName="Thread-7" threadId="0000000002378100" bytes="3140736" />
</allocation-stats>
<gc-op id="267" type="scavenge" timems="0.380" contextid="264" timestamp="2019-06-15T23:38:53.117">
  <scavenger-info tenureage="6" tenuremask="7fc0" tiltratio="87" />
  <memory-copied type="nursery" objects="698" bytes="17144" bytesdiscarded="184072" />
</gc-op>
<gc-end id="268" type="scavenge" contextid="264" durationms="0.775" usertimems="0.000" systemtimems="0.000" timestamp="2019-06-15T23:38:53.118" activeThreads="4">
  <mem-info id="269" free="5102216" total="10092544" percent="50">
    <mem type="nursery" free="3206656" total="3801088" percent="84">
      <mem type="allocate" free="3206656" total="3407872" percent="94" />
      <mem type="survivor" free="0" total="393216" percent="0" />
    </mem>
    <mem type="tenure" free="1895560" total="6291456" percent="30">
      <mem type="soa" free="1581192" total="5977088" percent="26" />
      <mem type="loa" free="314368" total="314368" percent="100" />
    </mem>
    <remembered-set count="694" />
  </mem-info>
</gc-end>
<cycle-end id="270" type="scavenge" contextid="264" timestamp="2019-06-15T23:38:53.118" />
  <attribute name="elasticGC enabled" value="1" />
  <attribute name= "numThreadsSpecified" value="4" />
  <attribute name="heapSize specified" value="8388608" />
  <attribute name="Current GC Util" value="6" />
  <attribute name= "Current Time Running" value="976" />
  <attribute name ="GC Interval" value="200" />
  <attribute name="ProportionalT" value="-21.000000" />
  <attribute name="ProportionalI" value="-21.000000" />
  <attribute name="ProportionalH" value="-21.000000" />
  <attribute name="Current Error" value="-14.000000" />
  <attribute name="IntegralT" value="-182.000000" />
  <attribute name="IntegralI" value="-182.000000" />
  <attribute name="IntegralH" value="-182.000000" />
  <attribute name="DerivativeT" value="-1.076923" />
  <attribute name="DerivativeI" value="-1.076923" />
  <attribute name="DerivativeH" value="-1.076923" />
  <attribute name="Loop Time for DT" value="13.000000" />
  <attribute name="Output H" value="2092630016"/>
  <attribute name="Output I" value="200"/>
  <attribute name="Output T" value="4"/>
  <attribute name="Target GC Util Change" value ="20.000000" />
  <attribute name="Current GC Util Change" value="6.000000"/>
  <attribute name="GC Util currently" value="6" />
  <attribute name="CPU Util currently" value="351760337620" />
<allocation-satisfied id="271" threadId="0000000002378100" bytesRequested="40" />
<af-end id="272" timestamp="2019-06-15T23:38:53.118" threadId="0000000002378A88" success="true" from="nursery"/>
<exclusive-end id="273" timestamp="2019-06-15T23:38:53.118" durationms="1.639" />

<exclusive-start id="274" timestamp="2019-06-15T23:38:53.130" intervalms="13.082">
  <response-info timems="0.076" idlems="0.076" threads="0" lastid="0000000002378100" lastname="Thread-7" />
</exclusive-start>
<af-start id="275" threadId="0000000002378A88" totalBytesRequested="40" timestamp="2019-06-15T23:38:53.130" intervalms="13.123" type="nursery" />
<cycle-start id="276" type="scavenge" contextid="0" timestamp="2019-06-15T23:38:53.130" intervalms="13.177" />
<gc-start id="277" type="scavenge" contextid="276" timestamp="2019-06-15T23:38:53.130">
  <mem-info id="278" free="1895560" total="10092544" percent="18">
    <mem type="nursery" free="0" total="3801088" percent="0">
      <mem type="allocate" free="0" total="3407872" percent="0" />
      <mem type="survivor" free="0" total="393216" percent="0" />
    </mem>
    <mem type="tenure" free="1895560" total="6291456" percent="30">
      <mem type="soa" free="1581192" total="5977088" percent="26" />
      <mem type="loa" free="314368" total="314368" percent="100" />
    </mem>
    <remembered-set count="828" />
  </mem-info>
</gc-start>
<allocation-stats totalBytes="3206248" >
  <allocated-bytes non-tlh="40" tlh="3206208" />
  <largest-consumer threadName="Thread-7" threadId="0000000002378100" bytes="3206248" />
</allocation-stats>
<gc-op id="279" type="scavenge" timems="0.346" contextid="276" timestamp="2019-06-15T23:38:53.131">
  <scavenger-info tenureage="7" tenuremask="7f80" tiltratio="89" />
  <memory-copied type="nursery" objects="832" bytes="20360" bytesdiscarded="150136" />
</gc-op>
<gc-end id="280" type="scavenge" contextid="276" durationms="0.854" usertimems="0.000" systemtimems="0.000" timestamp="2019-06-15T23:38:53.131" activeThreads="4">
  <mem-info id="281" free="5132936" total="10092544" percent="50">
    <mem type="nursery" free="3237376" total="3801088" percent="85">
      <mem type="allocate" free="3237376" total="3407872" percent="94" />
      <mem type="survivor" free="0" total="393216" percent="0" />
    </mem>
    <mem type="tenure" free="1895560" total="6291456" percent="30">
      <mem type="soa" free="1581192" total="5977088" percent="26" />
      <mem type="loa" free="314368" total="314368" percent="100" />
    </mem>
    <remembered-set count="828" />
  </mem-info>
</gc-end>
<cycle-end id="282" type="scavenge" contextid="276" timestamp="2019-06-15T23:38:53.131" />
  <attribute name="elasticGC enabled" value="1" />
  <attribute name= "numThreadsSpecified" value="4" />
  <attribute name="heapSize specified" value="8388608" />
  <attribute name="Current GC Util" value="6" />
  <attribute name= "Current Time Running" value="989" />
  <attribute name ="GC Interval" value="200" />
  <attribute name="ProportionalT" value="-21.000000" />
  <attribute name="ProportionalI" value="-21.000000" />
  <attribute name="ProportionalH" value="-21.000000" />
  <attribute name="Current Error" value="-14.000000" />
  <attribute name="IntegralT" value="-182.000000" />
  <attribute name="IntegralI" value="-182.000000" />
  <attribute name="IntegralH" value="-182.000000" />
  <attribute name="DerivativeT" value="-1.076923" />
  <attribute name="DerivativeI" value="-1.076923" />
  <attribute name="DerivativeH" value="-1.076923" />
  <attribute name="Loop Time for DT" value="13.000000" />
  <attribute name="Output H" value="2092630016"/>
  <attribute name="Output I" value="200"/>
  <attribute name="Output T" value="4"/>
  <attribute name="Target GC Util Change" value ="20.000000" />
  <attribute name="Current GC Util Change" value="6.000000"/>
  <attribute name="GC Util currently" value="6" />
  <attribute name="CPU Util currently" value="346047338053" />
<allocation-satisfied id="283" threadId="0000000002378100" bytesRequested="40" />
<af-end id="284" timestamp="2019-06-15T23:38:53.131" threadId="0000000002378A88" success="true" from="nursery"/>
<exclusive-end id="285" timestamp="2019-06-15T23:38:53.131" durationms="1.697" />

<exclusive-start id="286" timestamp="2019-06-15T23:38:53.140" intervalms="10.709">
  <response-info timems="0.074" idlems="0.074" threads="0" lastid="0000000002378100" lastname="Thread-7" />
</exclusive-start>
<af-start id="287" threadId="0000000002378A88" totalBytesRequested="40" timestamp="2019-06-15T23:38:53.141" intervalms="10.667" type="nursery" />
<cycle-start id="288" type="scavenge" contextid="0" timestamp="2019-06-15T23:38:53.141" intervalms="10.613" />
<gc-start id="289" type="scavenge" contextid="288" timestamp="2019-06-15T23:38:53.141">
  <mem-info id="290" free="1895560" total="10092544" percent="18">
    <mem type="nursery" free="0" total="3801088" percent="0">
      <mem type="allocate" free="0" total="3407872" percent="0" />
      <mem type="survivor" free="0" total="393216" percent="0" />
    </mem>
    <mem type="tenure" free="1895560" total="6291456" percent="30">
      <mem type="soa" free="1581192" total="5977088" percent="26" />
      <mem type="loa" free="314368" total="314368" percent="100" />
    </mem>
    <remembered-set count="974" />
  </mem-info>
</gc-start>
<allocation-stats totalBytes="3236776" >
  <allocated-bytes non-tlh="40" tlh="3236736" />
  <largest-consumer threadName="Thread-7" threadId="0000000002378100" bytes="3236776" />
</allocation-stats>
<gc-op id="291" type="scavenge" timems="0.546" contextid="288" timestamp="2019-06-15T23:38:53.141">
  <scavenger-info tenureage="4" tenuremask="fff0" tiltratio="89" />
  <memory-copied type="nursery" objects="672" bytes="16520" bytesdiscarded="153976" />
  <memory-copied type="tenure" objects="306" bytes="7344" bytesdiscarded="0" />
</gc-op>
<gc-end id="292" type="scavenge" contextid="288" durationms="0.940" usertimems="0.000" systemtimems="0.000" timestamp="2019-06-15T23:38:53.142" activeThreads="4">
  <mem-info id="293" free="5132936" total="10092544" percent="50">
    <mem type="nursery" free="3237376" total="3801088" percent="85">
      <mem type="allocate" free="3237376" total="3407872" percent="94" />
      <mem type="survivor" free="0" total="393216" percent="0" />
    </mem>
    <mem type="tenure" free="1895560" total="6291456" percent="30">
      <mem type="soa" free="1581192" total="5977088" percent="26" />
      <mem type="loa" free="314368" total="314368" percent="100" />
    </mem>
    <remembered-set count="668" />
  </mem-info>
</gc-end>
<cycle-end id="294" type="scavenge" contextid="288" timestamp="2019-06-15T23:38:53.142" />
  <attribute name="elasticGC enabled" value="1" />
  <attribute name= "numThreadsSpecified" value="4" />
  <attribute name="heapSize specified" value="8388608" />
  <attribute name="Current GC Util" value="7" />
  <attribute name= "Current Time Running" value="1000" />
  <attribute name ="GC Interval" value="200" />
  <attribute name="ProportionalT" value="-19.500000" />
  <attribute name="ProportionalI" value="-19.500000" />
  <attribute name="ProportionalH" value="-19.500000" />
  <attribute name="Current Error" value="-13.000000" />
  <attribute name="IntegralT" value="-143.000000" />
  <attribute name="IntegralI" value="-143.000000" />
  <attribute name="IntegralH" value="-143.000000" />
  <attribute name="DerivativeT" value="-1.181818" />
  <attribute name="DerivativeI" value="-1.181818" />
  <attribute name="DerivativeH" value="-1.181818" />
  <attribute name="Loop Time for DT" value="11.000000" />
  <attribute name="Output H" value="2092630016"/>
  <attribute name="Output I" value="200"/>
  <attribute name="Output T" value="4"/>
  <attribute name="Target GC Util Change" value ="20.000000" />
  <attribute name="Current GC Util Change" value="7.000000"/>
  <attribute name="GC Util currently" value="7" />
  <attribute name="CPU Util currently" value="440952136759" />
<allocation-satisfied id="295" threadId="0000000002378100" bytesRequested="40" />
<af-end id="296" timestamp="2019-06-15T23:38:53.142" threadId="0000000002378A88" success="true" from="nursery"/>
<exclusive-end id="297" timestamp="2019-06-15T23:38:53.142" durationms="1.550" />

<exclusive-start id="298" timestamp="2019-06-15T23:38:53.152" intervalms="11.244">
  <response-info timems="0.074" idlems="0.074" threads="0" lastid="0000000002378100" lastname="Thread-7" />
</exclusive-start>
<af-start id="299" threadId="0000000002378A88" totalBytesRequested="40" timestamp="2019-06-15T23:38:53.152" intervalms="11.257" type="nursery" />
<cycle-start id="300" type="scavenge" contextid="0" timestamp="2019-06-15T23:38:53.152" intervalms="11.311" />
<gc-start id="301" type="scavenge" contextid="300" timestamp="2019-06-15T23:38:53.152">
  <mem-info id="302" free="1895560" total="10092544" percent="18">
    <mem type="nursery" free="0" total="3801088" percent="0">
      <mem type="allocate" free="0" total="3407872" percent="0" />
      <mem type="survivor" free="0" total="393216" percent="0" />
    </mem>
    <mem type="tenure" free="1895560" total="6291456" percent="30">
      <mem type="soa" free="1581192" total="5977088" percent="26" />
      <mem type="loa" free="314368" total="314368" percent="100" />
    </mem>
    <remembered-set count="851" />
  </mem-info>
</gc-start>
<allocation-stats totalBytes="3236936" >
  <allocated-bytes non-tlh="40" tlh="3236896" />
  <largest-consumer threadName="Thread-7" threadId="0000000002378100" bytes="3236936" />
</allocation-stats>
<gc-op id="303" type="scavenge" timems="0.539" contextid="300" timestamp="2019-06-15T23:38:53.153">
  <scavenger-info tenureage="3" tenuremask="ff98" tiltratio="89" />
  <memory-copied type="nursery" objects="479" bytes="11632" bytesdiscarded="189584" />
  <memory-copied type="tenure" objects="312" bytes="7488" bytesdiscarded="0" />
</gc-op>
<heap-resize id="304" type="expand" space="nursery" amount="262144" count="1" timems="0.014" reason="excessive time being spent scavenging" timestamp="2019-06-15T23:38:53.153" />
<gc-end id="305" type="scavenge" contextid="300" durationms="1.255" usertimems="4.000" systemtimems="0.000" timestamp="2019-06-15T23:38:53.153" activeThreads="4">
  <mem-info id="306" free="5298824" total="10354688" percent="51">
    <mem type="nursery" free="3403264" total="4063232" percent="83">
      <mem type="allocate" free="3403264" total="3604480" percent="94" />
      <mem type="survivor" free="0" total="458752" percent="0" />
    </mem>
    <mem type="tenure" free="1895560" total="6291456" percent="30">
      <mem type="soa" free="1581192" total="5977088" percent="26" />
      <mem type="loa" free="314368" total="314368" percent="100" />
    </mem>
    <remembered-set count="539" />
  </mem-info>
</gc-end>
<cycle-end id="307" type="scavenge" contextid="300" timestamp="2019-06-15T23:38:53.153" />
  <attribute name="elasticGC enabled" value="1" />
  <attribute name= "numThreadsSpecified" value="4" />
  <attribute name="heapSize specified" value="8388608" />
  <attribute name="Current GC Util" value="9" />
  <attribute name= "Current Time Running" value="1011" />
  <attribute name ="GC Interval" value="200" />
  <attribute name="ProportionalT" value="-16.500000" />
  <attribute name="ProportionalI" value="-16.500000" />
  <attribute name="ProportionalH" value="-16.500000" />
  <attribute name="Current Error" value="-11.000000" />
  <attribute name="IntegralT" value="-121.000000" />
  <attribute name="IntegralI" value="-121.000000" />
  <attribute name="IntegralH" value="-121.000000" />
  <attribute name="DerivativeT" value="-1.000000" />
  <attribute name="DerivativeI" value="-1.000000" />
  <attribute name="DerivativeH" value="-1.000000" />
  <attribute name="Loop Time for DT" value="11.000000" />
  <attribute name="Output H" value="2092630016"/>
  <attribute name="Output I" value="200"/>
  <attribute name="Output T" value="4"/>
  <attribute name="Target GC Util Change" value ="20.000000" />
  <attribute name="Current GC Util Change" value="9.000000"/>
  <attribute name="GC Util currently" value="9" />
  <attribute name="CPU Util currently" value="400278618468" />
<allocation-satisfied id="308" threadId="0000000002378100" bytesRequested="40" />
<af-end id="309" timestamp="2019-06-15T23:38:53.154" threadId="0000000002378A88" success="true" from="nursery"/>
<exclusive-end id="310" timestamp="2019-06-15T23:38:53.154" durationms="2.196" />

<exclusive-start id="311" timestamp="2019-06-15T23:38:53.164" intervalms="12.372">
  <response-info timems="0.076" idlems="0.076" threads="0" lastid="0000000002378100" lastname="Thread-7" />
</exclusive-start>
<af-start id="312" threadId="0000000002378A88" totalBytesRequested="40" timestamp="2019-06-15T23:38:53.164" intervalms="12.316" type="nursery" />
<cycle-start id="313" type="scavenge" contextid="0" timestamp="2019-06-15T23:38:53.164" intervalms="12.259" />
<gc-start id="314" type="scavenge" contextid="313" timestamp="2019-06-15T23:38:53.164">
  <mem-info id="315" free="1895560" total="10354688" percent="18">
    <mem type="nursery" free="0" total="4063232" percent="0">
      <mem type="allocate" free="0" total="3604480" percent="0" />
      <mem type="survivor" free="0" total="458752" percent="0" />
    </mem>
    <mem type="tenure" free="1895560" total="6291456" percent="30">
      <mem type="soa" free="1581192" total="5977088" percent="26" />
      <mem type="loa" free="314368" total="314368" percent="100" />
    </mem>
    <remembered-set count="709" />
  </mem-info>
</gc-start>
<allocation-stats totalBytes="3402736" >
  <allocated-bytes non-tlh="40" tlh="3402696" />
  <largest-consumer threadName="Thread-7" threadId="0000000002378100" bytes="3398640" />
</allocation-stats>
<gc-op id="316" type="scavenge" timems="0.349" contextid="313" timestamp="2019-06-15T23:38:53.165">
  <scavenger-info tenureage="3" tenuremask="ffc8" tiltratio="88" />
  <memory-copied type="nursery" objects="523" bytes="12832" bytesdiscarded="157664" />
  <memory-copied type="tenure" objects="137" bytes="3288" bytesdiscarded="0" />
</gc-op>
<gc-end id="317" type="scavenge" contextid="313" durationms="0.692" usertimems="0.000" systemtimems="0.000" timestamp="2019-06-15T23:38:53.165" activeThreads="4">
  <mem-info id="318" free="5329544" total="10354688" percent="51">
    <mem type="nursery" free="3433984" total="4063232" percent="84">
      <mem type="allocate" free="3433984" total="3604480" percent="95" />
      <mem type="survivor" free="0" total="458752" percent="0" />
    </mem>
    <mem type="tenure" free="1895560" total="6291456" percent="30">
      <mem type="soa" free="1581192" total="5977088" percent="26" />
      <mem type="loa" free="314368" total="314368" percent="100" />
    </mem>
    <remembered-set count="572" />
  </mem-info>
</gc-end>
<cycle-end id="319" type="scavenge" contextid="313" timestamp="2019-06-15T23:38:53.165" />
  <attribute name="elasticGC enabled" value="1" />
  <attribute name= "numThreadsSpecified" value="4" />
  <attribute name="heapSize specified" value="8388608" />
  <attribute name="Current GC Util" value="9" />
  <attribute name= "Current Time Running" value="1023" />
  <attribute name ="GC Interval" value="200" />
  <attribute name="ProportionalT" value="-16.500000" />
  <attribute name="ProportionalI" value="-16.500000" />
  <attribute name="ProportionalH" value="-16.500000" />
  <attribute name="Current Error" value="-11.000000" />
  <attribute name="IntegralT" value="-132.000000" />
  <attribute name="IntegralI" value="-132.000000" />
  <attribute name="IntegralH" value="-132.000000" />
  <attribute name="DerivativeT" value="-0.916667" />
  <attribute name="DerivativeI" value="-0.916667" />
  <attribute name="DerivativeH" value="-0.916667" />
  <attribute name="Loop Time for DT" value="12.000000" />
  <attribute name="Output H" value="2092630016"/>
  <attribute name="Output I" value="200"/>
  <attribute name="Output T" value="4"/>
  <attribute name="Target GC Util Change" value ="20.000000" />
  <attribute name="Current GC Util Change" value="9.000000"/>
  <attribute name="GC Util currently" value="9" />
  <attribute name="CPU Util currently" value="384199912214" />
<allocation-satisfied id="320" threadId="0000000002378100" bytesRequested="40" />
<af-end id="321" timestamp="2019-06-15T23:38:53.165" threadId="0000000002378A88" success="true" from="nursery"/>
<exclusive-end id="322" timestamp="2019-06-15T23:38:53.165" durationms="1.376" />

<exclusive-start id="323" timestamp="2019-06-15T23:38:53.175" intervalms="11.132">
  <response-info timems="0.069" idlems="0.069" threads="0" lastid="0000000002378100" lastname="Thread-7" />
</exclusive-start>
<af-start id="324" threadId="0000000002378A88" totalBytesRequested="40" timestamp="2019-06-15T23:38:53.175" intervalms="11.129" type="nursery" />
<cycle-start id="325" type="scavenge" contextid="0" timestamp="2019-06-15T23:38:53.175" intervalms="11.126" />
<gc-start id="326" type="scavenge" contextid="325" timestamp="2019-06-15T23:38:53.175">
  <mem-info id="327" free="1895560" total="10354688" percent="18">
    <mem type="nursery" free="0" total="4063232" percent="0">
      <mem type="allocate" free="0" total="3604480" percent="0" />
      <mem type="survivor" free="0" total="458752" percent="0" />
    </mem>
    <mem type="tenure" free="1895560" total="6291456" percent="30">
      <mem type="soa" free="1581192" total="5977088" percent="26" />
      <mem type="loa" free="314368" total="314368" percent="100" />
    </mem>
    <remembered-set count="774" />
  </mem-info>
</gc-start>
<allocation-stats totalBytes="3433600" >
  <allocated-bytes non-tlh="40" tlh="3433560" />
  <largest-consumer threadName="Thread-7" threadId="0000000002378100" bytes="3433600" />
</allocation-stats>
<gc-op id="328" type="scavenge" timems="0.536" contextid="325" timestamp="2019-06-15T23:38:53.176">
  <scavenger-info tenureage="3" tenuremask="ffe8" tiltratio="88" />
  <memory-copied type="nursery" objects="604" bytes="14800" bytesdiscarded="155696" />
  <memory-copied type="tenure" objects="146" bytes="3504" bytesdiscarded="0" />
</gc-op>
<gc-end id="329" type="scavenge" contextid="325" durationms="0.877" usertimems="0.000" systemtimems="0.000" timestamp="2019-06-15T23:38:53.176" activeThreads="4">
  <mem-info id="330" free="5329544" total="10354688" percent="51">
    <mem type="nursery" free="3433984" total="4063232" percent="84">
      <mem type="allocate" free="3433984" total="3604480" percent="95" />
      <mem type="survivor" free="0" total="458752" percent="0" />
    </mem>
    <mem type="tenure" free="1895560" total="6291456" percent="30">
      <mem type="soa" free="1581192" total="5977088" percent="26" />
      <mem type="loa" free="314368" total="314368" percent="100" />
    </mem>
    <remembered-set count="628" />
  </mem-info>
</gc-end>
<cycle-end id="331" type="scavenge" contextid="325" timestamp="2019-06-15T23:38:53.176" />
  <attribute name="elasticGC enabled" value="1" />
  <attribute name= "numThreadsSpecified" value="4" />
  <attribute name="heapSize specified" value="8388608" />
  <attribute name="Current GC Util" value="6" />
  <attribute name= "Current Time Running" value="1035" />
  <attribute name ="GC Interval" value="200" />
  <attribute name="ProportionalT" value="-21.000000" />
  <attribute name="ProportionalI" value="-21.000000" />
  <attribute name="ProportionalH" value="-21.000000" />
  <attribute name="Current Error" value="-14.000000" />
  <attribute name="IntegralT" value="-168.000000" />
  <attribute name="IntegralI" value="-168.000000" />
  <attribute name="IntegralH" value="-168.000000" />
  <attribute name="DerivativeT" value="-1.166667" />
  <attribute name="DerivativeI" value="-1.166667" />
  <attribute name="DerivativeH" value="-1.166667" />
  <attribute name="Loop Time for DT" value="12.000000" />
  <attribute name="Output H" value="2092630016"/>
  <attribute name="Output I" value="200"/>
  <attribute name="Output T" value="4"/>
  <attribute name="Target GC Util Change" value ="20.000000" />
  <attribute name="Current GC Util Change" value="6.000000"/>
  <attribute name="GC Util currently" value="6" />
  <attribute name="CPU Util currently" value="413321029915" />
<allocation-satisfied id="332" threadId="0000000002378100" bytesRequested="40" />
<af-end id="333" timestamp="2019-06-15T23:38:53.177" threadId="0000000002378A88" success="true" from="nursery"/>
<exclusive-end id="334" timestamp="2019-06-15T23:38:53.177" durationms="1.616" />

<exclusive-start id="335" timestamp="2019-06-15T23:38:53.188" intervalms="13.231">
  <response-info timems="0.075" idlems="0.075" threads="0" lastid="0000000002378100" lastname="Thread-7" />
</exclusive-start>
<af-start id="336" threadId="0000000002378A88" totalBytesRequested="24" timestamp="2019-06-15T23:38:53.189" intervalms="13.319" type="nursery" />
<cycle-start id="337" type="scavenge" contextid="0" timestamp="2019-06-15T23:38:53.189" intervalms="13.377" />
<gc-start id="338" type="scavenge" contextid="337" timestamp="2019-06-15T23:38:53.189">
  <mem-info id="339" free="1895560" total="10354688" percent="18">
    <mem type="nursery" free="0" total="4063232" percent="0">
      <mem type="allocate" free="0" total="3604480" percent="0" />
      <mem type="survivor" free="0" total="458752" percent="0" />
    </mem>
    <mem type="tenure" free="1895560" total="6291456" percent="30">
      <mem type="soa" free="1581192" total="5977088" percent="26" />
      <mem type="loa" free="314368" total="314368" percent="100" />
    </mem>
    <remembered-set count="826" />
  </mem-info>
</gc-start>
<allocation-stats totalBytes="3433472" >
  <allocated-bytes non-tlh="40" tlh="3433432" />
  <largest-consumer threadName="Thread-7" threadId="0000000002378100" bytes="3433472" />
</allocation-stats>
<gc-op id="340" type="scavenge" timems="0.537" contextid="337" timestamp="2019-06-15T23:38:53.190">
  <scavenger-info tenureage="3" tenuremask="ffe8" tiltratio="88" />
  <memory-copied type="nursery" objects="582" bytes="14128" bytesdiscarded="187088" />
  <memory-copied type="tenure" objects="183" bytes="4392" bytesdiscarded="0" />
</gc-op>
<gc-end id="341" type="scavenge" contextid="337" durationms="1.027" usertimems="0.000" systemtimems="0.000" timestamp="2019-06-15T23:38:53.190" activeThreads="4">
  <mem-info id="342" free="5298824" total="10354688" percent="51">
    <mem type="nursery" free="3403264" total="4063232" percent="83">
      <mem type="allocate" free="3403264" total="3604480" percent="94" />
      <mem type="survivor" free="0" total="458752" percent="0" />
    </mem>
    <mem type="tenure" free="1895560" total="6291456" percent="30">
      <mem type="soa" free="1581192" total="5977088" percent="26" />
      <mem type="loa" free="314368" total="314368" percent="100" />
    </mem>
    <remembered-set count="641" />
  </mem-info>
</gc-end>
<cycle-end id="343" type="scavenge" contextid="337" timestamp="2019-06-15T23:38:53.190" />
  <attribute name="elasticGC enabled" value="1" />
  <attribute name= "numThreadsSpecified" value="4" />
  <attribute name="heapSize specified" value="8388608" />
  <attribute name="Current GC Util" value="7" />
  <attribute name= "Current Time Running" value="1048" />
  <attribute name ="GC Interval" value="200" />
  <attribute name="ProportionalT" value="-19.500000" />
  <attribute name="ProportionalI" value="-19.500000" />
  <attribute name="ProportionalH" value="-19.500000" />
  <attribute name="Current Error" value="-13.000000" />
  <attribute name="IntegralT" value="-169.000000" />
  <attribute name="IntegralI" value="-169.000000" />
  <attribute name="IntegralH" value="-169.000000" />
  <attribute name="DerivativeT" value="-1.000000" />
  <attribute name="DerivativeI" value="-1.000000" />
  <attribute name="DerivativeH" value="-1.000000" />
  <attribute name="Loop Time for DT" value="13.000000" />
  <attribute name="Output H" value="2092630016"/>
  <attribute name="Output I" value="200"/>
  <attribute name="Output T" value="4"/>
  <attribute name="Target GC Util Change" value ="20.000000" />
  <attribute name="Current GC Util Change" value="7.000000"/>
  <attribute name="GC Util currently" value="7" />
  <attribute name="CPU Util currently" value="340325889113" />
<allocation-satisfied id="344" threadId="0000000002378100" bytesRequested="24" />
<af-end id="345" timestamp="2019-06-15T23:38:53.190" threadId="0000000002378A88" success="true" from="nursery"/>
<exclusive-end id="346" timestamp="2019-06-15T23:38:53.190" durationms="1.875" />

<exclusive-start id="347" timestamp="2019-06-15T23:38:53.202" intervalms="13.875">
  <response-info timems="0.072" idlems="0.072" threads="0" lastid="0000000002378100" lastname="Thread-7" />
</exclusive-start>
<af-start id="348" threadId="0000000002378A88" totalBytesRequested="40" timestamp="2019-06-15T23:38:53.202" intervalms="13.872" type="nursery" />
<cycle-start id="349" type="scavenge" contextid="0" timestamp="2019-06-15T23:38:53.203" intervalms="13.878" />
<gc-start id="350" type="scavenge" contextid="349" timestamp="2019-06-15T23:38:53.203">
  <mem-info id="351" free="1895560" total="10354688" percent="18">
    <mem type="nursery" free="0" total="4063232" percent="0">
      <mem type="allocate" free="0" total="3604480" percent="0" />
      <mem type="survivor" free="0" total="458752" percent="0" />
    </mem>
    <mem type="tenure" free="1895560" total="6291456" percent="30">
      <mem type="soa" free="1581192" total="5977088" percent="26" />
      <mem type="loa" free="314368" total="314368" percent="100" />
    </mem>
    <remembered-set count="816" />
  </mem-info>
</gc-start>
<allocation-stats totalBytes="3402856" >
  <allocated-bytes non-tlh="24" tlh="3402832" />
  <largest-consumer threadName="Thread-7" threadId="0000000002378100" bytes="3402856" />
</allocation-stats>
<gc-op id="352" type="scavenge" timems="0.340" contextid="349" timestamp="2019-06-15T23:38:53.203">
  <scavenger-info tenureage="3" tenuremask="ffe8" tiltratio="88" />
  <memory-copied type="nursery" objects="651" bytes="16016" bytesdiscarded="154480" />
  <memory-copied type="tenure" objects="170" bytes="4104" bytesdiscarded="0" />
</gc-op>
<gc-end id="353" type="scavenge" contextid="349" durationms="0.885" usertimems="4.000" systemtimems="0.000" timestamp="2019-06-15T23:38:53.204" activeThreads="4">
  <mem-info id="354" free="5329544" total="10354688" percent="51">
    <mem type="nursery" free="3433984" total="4063232" percent="84">
      <mem type="allocate" free="3433984" total="3604480" percent="95" />
      <mem type="survivor" free="0" total="458752" percent="0" />
    </mem>
    <mem type="tenure" free="1895560" total="6291456" percent="30">
      <mem type="soa" free="1581192" total="5977088" percent="26" />
      <mem type="loa" free="314368" total="314368" percent="100" />
    </mem>
    <remembered-set count="647" />
  </mem-info>
</gc-end>
<cycle-end id="355" type="scavenge" contextid="349" timestamp="2019-06-15T23:38:53.204" />
  <attribute name="elasticGC enabled" value="1" />
  <attribute name= "numThreadsSpecified" value="4" />
  <attribute name="heapSize specified" value="8388608" />
  <attribute name="Current GC Util" value="8" />
  <attribute name= "Current Time Running" value="1062" />
  <attribute name ="GC Interval" value="200" />
  <attribute name="ProportionalT" value="-18.000000" />
  <attribute name="ProportionalI" value="-18.000000" />
  <attribute name="ProportionalH" value="-18.000000" />
  <attribute name="Current Error" value="-12.000000" />
  <attribute name="IntegralT" value="-168.000000" />
  <attribute name="IntegralI" value="-168.000000" />
  <attribute name="IntegralH" value="-168.000000" />
  <attribute name="DerivativeT" value="-0.857143" />
  <attribute name="DerivativeI" value="-0.857143" />
  <attribute name="DerivativeH" value="-0.857143" />
  <attribute name="Loop Time for DT" value="14.000000" />
  <attribute name="Output H" value="2092630016"/>
  <attribute name="Output I" value="200"/>
  <attribute name="Output T" value="4"/>
  <attribute name="Target GC Util Change" value ="20.000000" />
  <attribute name="Current GC Util Change" value="8.000000"/>
  <attribute name="GC Util currently" value="8" />
  <attribute name="CPU Util currently" value="332146638479" />
<allocation-satisfied id="356" threadId="0000000002378100" bytesRequested="40" />
<af-end id="357" timestamp="2019-06-15T23:38:53.204" threadId="0000000002378A88" success="true" from="nursery"/>
<exclusive-end id="358" timestamp="2019-06-15T23:38:53.204" durationms="1.813" />

<exclusive-start id="359" timestamp="2019-06-15T23:38:53.216" intervalms="14.119">
  <response-info timems="0.079" idlems="0.079" threads="0" lastid="0000000002378100" lastname="Thread-7" />
</exclusive-start>
<af-start id="360" threadId="0000000002378A88" totalBytesRequested="24" timestamp="2019-06-15T23:38:53.217" intervalms="14.069" type="nursery" />
<cycle-start id="361" type="scavenge" contextid="0" timestamp="2019-06-15T23:38:53.217" intervalms="13.998" />
<gc-start id="362" type="scavenge" contextid="361" timestamp="2019-06-15T23:38:53.217">
  <mem-info id="363" free="1895560" total="10354688" percent="18">
    <mem type="nursery" free="0" total="4063232" percent="0">
      <mem type="allocate" free="0" total="3604480" percent="0" />
      <mem type="survivor" free="0" total="458752" percent="0" />
    </mem>
    <mem type="tenure" free="1895560" total="6291456" percent="30">
      <mem type="soa" free="1581192" total="5977088" percent="26" />
      <mem type="loa" free="314368" total="314368" percent="100" />
    </mem>
    <remembered-set count="862" />
  </mem-info>
</gc-start>
<allocation-stats totalBytes="3433464" >
  <allocated-bytes non-tlh="40" tlh="3433424" />
  <largest-consumer threadName="Thread-7" threadId="0000000002378100" bytes="3433464" />
</allocation-stats>
<gc-op id="364" type="scavenge" timems="0.527" contextid="361" timestamp="2019-06-15T23:38:53.217">
  <scavenger-info tenureage="3" tenuremask="ffe8" tiltratio="88" />
  <memory-copied type="nursery" objects="596" bytes="14424" bytesdiscarded="156072" />
  <memory-copied type="tenure" objects="199" bytes="4776" bytesdiscarded="0" />
</gc-op>
<gc-end id="365" type="scavenge" contextid="361" durationms="0.868" usertimems="0.000" systemtimems="0.000" timestamp="2019-06-15T23:38:53.218" activeThreads="4">
  <mem-info id="366" free="5329544" total="10354688" percent="51">
    <mem type="nursery" free="3433984" total="4063232" percent="84">
      <mem type="allocate" free="3433984" total="3604480" percent="95" />
      <mem type="survivor" free="0" total="458752" percent="0" />
    </mem>
    <mem type="tenure" free="1895560" total="6291456" percent="30">
      <mem type="soa" free="1581192" total="5977088" percent="26" />
      <mem type="loa" free="314368" total="314368" percent="100" />
    </mem>
    <remembered-set count="661" />
  </mem-info>
</gc-end>
<cycle-end id="367" type="scavenge" contextid="361" timestamp="2019-06-15T23:38:53.218" />
  <attribute name="elasticGC enabled" value="1" />
  <attribute name= "numThreadsSpecified" value="4" />
  <attribute name="heapSize specified" value="8388608" />
  <attribute name="Current GC Util" value="5" />
  <attribute name= "Current Time Running" value="1076" />
  <attribute name ="GC Interval" value="200" />
  <attribute name="ProportionalT" value="-22.500000" />
  <attribute name="ProportionalI" value="-22.500000" />
  <attribute name="ProportionalH" value="-22.500000" />
  <attribute name="Current Error" value="-15.000000" />
  <attribute name="IntegralT" value="-210.000000" />
  <attribute name="IntegralI" value="-210.000000" />
  <attribute name="IntegralH" value="-210.000000" />
  <attribute name="DerivativeT" value="-1.071429" />
  <attribute name="DerivativeI" value="-1.071429" />
  <attribute name="DerivativeH" value="-1.071429" />
  <attribute name="Loop Time for DT" value="14.000000" />
  <attribute name="Output H" value="2092630016"/>
  <attribute name="Output I" value="200"/>
  <attribute name="Output T" value="4"/>
  <attribute name="Target GC Util Change" value ="20.000000" />
  <attribute name="Current GC Util Change" value="5.000000"/>
  <attribute name="GC Util currently" value="5" />
  <attribute name="CPU Util currently" value="333835811394" />
<allocation-satisfied id="368" threadId="0000000002378100" bytesRequested="24" />
<af-end id="369" timestamp="2019-06-15T23:38:53.218" threadId="0000000002378A88" success="true" from="nursery"/>
<exclusive-end id="370" timestamp="2019-06-15T23:38:53.218" durationms="1.559" />

<exclusive-start id="371" timestamp="2019-06-15T23:38:53.230" intervalms="14.013">
  <response-info timems="0.071" idlems="0.071" threads="0" lastid="0000000002378100" lastname="Thread-7" />
</exclusive-start>
<af-start id="372" threadId="0000000002378A88" totalBytesRequested="40" timestamp="2019-06-15T23:38:53.231" intervalms="14.015" type="nursery" />
<cycle-start id="373" type="scavenge" contextid="0" timestamp="2019-06-15T23:38:53.231" intervalms="14.068" />
<gc-start id="374" type="scavenge" contextid="373" timestamp="2019-06-15T23:38:53.231">
  <mem-info id="375" free="1895560" total="10354688" percent="18">
    <mem type="nursery" free="0" total="4063232" percent="0">
      <mem type="allocate" free="0" total="3604480" percent="0" />
      <mem type="survivor" free="0" total="458752" percent="0" />
    </mem>
    <mem type="tenure" free="1895560" total="6291456" percent="30">
      <mem type="soa" free="1581192" total="5977088" percent="26" />
      <mem type="loa" free="314368" total="314368" percent="100" />
    </mem>
    <remembered-set count="882" />
  </mem-info>
</gc-start>
<allocation-stats totalBytes="3433568" >
  <allocated-bytes non-tlh="24" tlh="3433544" />
  <largest-consumer threadName="Thread-7" threadId="0000000002378100" bytes="3433568" />
</allocation-stats>
<gc-op id="376" type="scavenge" timems="0.522" contextid="373" timestamp="2019-06-15T23:38:53.231">
  <scavenger-info tenureage="3" tenuremask="ffe8" tiltratio="88" />
  <memory-copied type="nursery" objects="684" bytes="16808" bytesdiscarded="184408" />
  <memory-copied type="tenure" objects="200" bytes="4800" bytesdiscarded="0" />
</gc-op>
<gc-end id="377" type="scavenge" contextid="373" durationms="0.860" usertimems="0.000" systemtimems="0.000" timestamp="2019-06-15T23:38:53.232" activeThreads="4">
  <mem-info id="378" free="5298824" total="10354688" percent="51">
    <mem type="nursery" free="3403264" total="4063232" percent="83">
      <mem type="allocate" free="3403264" total="3604480" percent="94" />
      <mem type="survivor" free="0" total="458752" percent="0" />
    </mem>
    <mem type="tenure" free="1895560" total="6291456" percent="30">
      <mem type="soa" free="1581192" total="5977088" percent="26" />
      <mem type="loa" free="314368" total="314368" percent="100" />
    </mem>
    <remembered-set count="679" />
  </mem-info>
</gc-end>
<cycle-end id="379" type="scavenge" contextid="373" timestamp="2019-06-15T23:38:53.232" />
  <attribute name="elasticGC enabled" value="1" />
  <attribute name= "numThreadsSpecified" value="4" />
  <attribute name="heapSize specified" value="8388608" />
  <attribute name="Current GC Util" value="7" />
  <attribute name= "Current Time Running" value="1090" />
  <attribute name ="GC Interval" value="200" />
  <attribute name="ProportionalT" value="-19.500000" />
  <attribute name="ProportionalI" value="-19.500000" />
  <attribute name="ProportionalH" value="-19.500000" />
  <attribute name="Current Error" value="-13.000000" />
  <attribute name="IntegralT" value="-182.000000" />
  <attribute name="IntegralI" value="-182.000000" />
  <attribute name="IntegralH" value="-182.000000" />
  <attribute name="DerivativeT" value="-0.928571" />
  <attribute name="DerivativeI" value="-0.928571" />
  <attribute name="DerivativeH" value="-0.928571" />
  <attribute name="Loop Time for DT" value="14.000000" />
  <attribute name="Output H" value="2092630016"/>
  <attribute name="Output I" value="200"/>
  <attribute name="Output T" value="4"/>
  <attribute name="Target GC Util Change" value ="20.000000" />
  <attribute name="Current GC Util Change" value="7.000000"/>
  <attribute name="GC Util currently" value="7" />
  <attribute name="CPU Util currently" value="326752308476" />
<allocation-satisfied id="380" threadId="0000000002378100" bytesRequested="40" />
<af-end id="381" timestamp="2019-06-15T23:38:53.232" threadId="0000000002378A88" success="true" from="nursery"/>
<exclusive-end id="382" timestamp="2019-06-15T23:38:53.232" durationms="1.672" />

<exclusive-start id="383" timestamp="2019-06-15T23:38:53.244" intervalms="13.973">
  <response-info timems="0.070" idlems="0.070" threads="0" lastid="0000000002378100" lastname="Thread-7" />
</exclusive-start>
<af-start id="384" threadId="0000000002378A88" totalBytesRequested="24" timestamp="2019-06-15T23:38:53.244" intervalms="13.935" type="nursery" />
<cycle-start id="385" type="scavenge" contextid="0" timestamp="2019-06-15T23:38:53.245" intervalms="13.893" />
<gc-start id="386" type="scavenge" contextid="385" timestamp="2019-06-15T23:38:53.245">
  <mem-info id="387" free="1895560" total="10354688" percent="18">
    <mem type="nursery" free="0" total="4063232" percent="0">
      <mem type="allocate" free="0" total="3604480" percent="0" />
      <mem type="survivor" free="0" total="458752" percent="0" />
    </mem>
    <mem type="tenure" free="1895560" total="6291456" percent="30">
      <mem type="soa" free="1581192" total="5977088" percent="26" />
      <mem type="loa" free="314368" total="314368" percent="100" />
    </mem>
    <remembered-set count="892" />
  </mem-info>
</gc-start>
<allocation-stats totalBytes="3402776" >
  <allocated-bytes non-tlh="40" tlh="3402736" />
  <largest-consumer threadName="Thread-7" threadId="0000000002378100" bytes="3402776" />
</allocation-stats>
<gc-op id="388" type="scavenge" timems="0.543" contextid="385" timestamp="2019-06-15T23:38:53.245">
  <scavenger-info tenureage="3" tenuremask="ffe8" tiltratio="88" />
  <memory-copied type="nursery" objects="721" bytes="17696" bytesdiscarded="152800" />
  <memory-copied type="tenure" objects="175" bytes="4200" bytesdiscarded="0" />
</gc-op>
<gc-end id="389" type="scavenge" contextid="385" durationms="0.882" usertimems="0.000" systemtimems="0.000" timestamp="2019-06-15T23:38:53.246" activeThreads="4">
  <mem-info id="390" free="5329544" total="10354688" percent="51">
    <mem type="nursery" free="3433984" total="4063232" percent="84">
      <mem type="allocate" free="3433984" total="3604480" percent="95" />
      <mem type="survivor" free="0" total="458752" percent="0" />
    </mem>
    <mem type="tenure" free="1895560" total="6291456" percent="30">
      <mem type="soa" free="1581192" total="5977088" percent="26" />
      <mem type="loa" free="314368" total="314368" percent="100" />
    </mem>
    <remembered-set count="716" />
  </mem-info>
</gc-end>
<cycle-end id="391" type="scavenge" contextid="385" timestamp="2019-06-15T23:38:53.246" />
  <attribute name="elasticGC enabled" value="1" />
  <attribute name= "numThreadsSpecified" value="4" />
  <attribute name="heapSize specified" value="8388608" />
  <attribute name="Current GC Util" value="7" />
  <attribute name= "Current Time Running" value="1104" />
  <attribute name ="GC Interval" value="200" />
  <attribute name="ProportionalT" value="-19.500000" />
  <attribute name="ProportionalI" value="-19.500000" />
  <attribute name="ProportionalH" value="-19.500000" />
  <attribute name="Current Error" value="-13.000000" />
  <attribute name="IntegralT" value="-182.000000" />
  <attribute name="IntegralI" value="-182.000000" />
  <attribute name="IntegralH" value="-182.000000" />
  <attribute name="DerivativeT" value="-0.928571" />
  <attribute name="DerivativeI" value="-0.928571" />
  <attribute name="DerivativeH" value="-0.928571" />
  <attribute name="Loop Time for DT" value="14.000000" />
  <attribute name="Output H" value="2092630016"/>
  <attribute name="Output I" value="200"/>
  <attribute name="Output T" value="4"/>
  <attribute name="Target GC Util Change" value ="20.000000" />
  <attribute name="Current GC Util Change" value="7.000000"/>
  <attribute name="GC Util currently" value="7" />
  <attribute name="CPU Util currently" value="332943934917" />
<allocation-satisfied id="392" threadId="0000000002378100" bytesRequested="24" />
<af-end id="393" timestamp="2019-06-15T23:38:53.246" threadId="0000000002378A88" success="true" from="nursery"/>
<exclusive-end id="394" timestamp="2019-06-15T23:38:53.246" durationms="1.632" />

<exclusive-start id="395" timestamp="2019-06-15T23:38:53.258" intervalms="14.082">
  <response-info timems="0.065" idlems="0.065" threads="0" lastid="0000000002378100" lastname="Thread-7" />
</exclusive-start>
<af-start id="396" threadId="0000000002378A88" totalBytesRequested="40" timestamp="2019-06-15T23:38:53.259" intervalms="14.082" type="nursery" />
<cycle-start id="397" type="scavenge" contextid="0" timestamp="2019-06-15T23:38:53.259" intervalms="14.078" />
<gc-start id="398" type="scavenge" contextid="397" timestamp="2019-06-15T23:38:53.259">
  <mem-info id="399" free="1895560" total="10354688" percent="18">
    <mem type="nursery" free="0" total="4063232" percent="0">
      <mem type="allocate" free="0" total="3604480" percent="0" />
      <mem type="survivor" free="0" total="458752" percent="0" />
    </mem>
    <mem type="tenure" free="1895560" total="6291456" percent="30">
      <mem type="soa" free="1581192" total="5977088" percent="26" />
      <mem type="loa" free="314368" total="314368" percent="100" />
    </mem>
    <remembered-set count="979" />
  </mem-info>
</gc-start>
<allocation-stats totalBytes="3433456" >
  <allocated-bytes non-tlh="24" tlh="3433432" />
  <largest-consumer threadName="Thread-7" threadId="0000000002378100" bytes="3433456" />
</allocation-stats>
<gc-op id="400" type="scavenge" timems="0.516" contextid="397" timestamp="2019-06-15T23:38:53.259">
  <scavenger-info tenureage="3" tenuremask="ffe8" tiltratio="88" />
  <memory-copied type="nursery" objects="773" bytes="18944" bytesdiscarded="151552" />
  <memory-copied type="tenure" objects="211" bytes="5064" bytesdiscarded="0" />
</gc-op>
<gc-end id="401" type="scavenge" contextid="397" durationms="0.861" usertimems="0.000" systemtimems="0.000" timestamp="2019-06-15T23:38:53.260" activeThreads="4">
  <mem-info id="402" free="5329544" total="10354688" percent="51">
    <mem type="nursery" free="3433984" total="4063232" percent="84">
      <mem type="allocate" free="3433984" total="3604480" percent="95" />
      <mem type="survivor" free="0" total="458752" percent="0" />
    </mem>
    <mem type="tenure" free="1895560" total="6291456" percent="30">
      <mem type="soa" free="1581192" total="5977088" percent="26" />
      <mem type="loa" free="314368" total="314368" percent="100" />
    </mem>
    <remembered-set count="768" />
  </mem-info>
</gc-end>
<cycle-end id="403" type="scavenge" contextid="397" timestamp="2019-06-15T23:38:53.260" />
  <attribute name="elasticGC enabled" value="1" />
  <attribute name= "numThreadsSpecified" value="4" />
  <attribute name="heapSize specified" value="8388608" />
  <attribute name="Current GC Util" value="7" />
  <attribute name= "Current Time Running" value="1118" />
  <attribute name ="GC Interval" value="200" />
  <attribute name="ProportionalT" value="-19.500000" />
  <attribute name="ProportionalI" value="-19.500000" />
  <attribute name="ProportionalH" value="-19.500000" />
  <attribute name="Current Error" value="-13.000000" />
  <attribute name="IntegralT" value="-182.000000" />
  <attribute name="IntegralI" value="-182.000000" />
  <attribute name="IntegralH" value="-182.000000" />
  <attribute name="DerivativeT" value="-0.928571" />
  <attribute name="DerivativeI" value="-0.928571" />
  <attribute name="DerivativeH" value="-0.928571" />
  <attribute name="Loop Time for DT" value="14.000000" />
  <attribute name="Output H" value="2092630016"/>
  <attribute name="Output I" value="200"/>
  <attribute name="Output T" value="4"/>
  <attribute name="Target GC Util Change" value ="20.000000" />
  <attribute name="Current GC Util Change" value="7.000000"/>
  <attribute name="GC Util currently" value="7" />
  <attribute name="CPU Util currently" value="327513094925" />
<allocation-satisfied id="404" threadId="0000000002378100" bytesRequested="40" />
<af-end id="405" timestamp="2019-06-15T23:38:53.260" threadId="0000000002378A88" success="true" from="nursery"/>
<exclusive-end id="406" timestamp="2019-06-15T23:38:53.260" durationms="1.605" />

<exclusive-start id="407" timestamp="2019-06-15T23:38:53.273" intervalms="14.284">
  <response-info timems="0.074" idlems="0.074" threads="0" lastid="0000000002378100" lastname="Thread-7" />
</exclusive-start>
<af-start id="408" threadId="0000000002378A88" totalBytesRequested="24" timestamp="2019-06-15T23:38:53.273" intervalms="14.286" type="nursery" />
<cycle-start id="409" type="scavenge" contextid="0" timestamp="2019-06-15T23:38:53.273" intervalms="14.289" />
<gc-start id="410" type="scavenge" contextid="409" timestamp="2019-06-15T23:38:53.273">
  <mem-info id="411" free="1895560" total="10354688" percent="18">
    <mem type="nursery" free="0" total="4063232" percent="0">
      <mem type="allocate" free="0" total="3604480" percent="0" />
      <mem type="survivor" free="0" total="458752" percent="0" />
    </mem>
    <mem type="tenure" free="1895560" total="6291456" percent="30">
      <mem type="soa" free="1581192" total="5977088" percent="26" />
      <mem type="loa" free="314368" total="314368" percent="100" />
    </mem>
    <remembered-set count="1030" />
  </mem-info>
</gc-start>
<allocation-stats totalBytes="3433520" >
  <allocated-bytes non-tlh="40" tlh="3433480" />
  <largest-consumer threadName="Thread-7" threadId="0000000002378100" bytes="3433520" />
</allocation-stats>
<gc-op id="412" type="scavenge" timems="0.524" contextid="409" timestamp="2019-06-15T23:38:53.274">
  <scavenger-info tenureage="3" tenuremask="4008" tiltratio="88" />
  <memory-copied type="nursery" objects="788" bytes="19192" bytesdiscarded="182024" />
  <memory-copied type="tenure" objects="220" bytes="5280" bytesdiscarded="0" />
</gc-op>
<gc-end id="413" type="scavenge" contextid="409" durationms="0.913" usertimems="0.000" systemtimems="0.000" timestamp="2019-06-15T23:38:53.274" activeThreads="4">
  <mem-info id="414" free="5198216" total="10354688" percent="50">
    <mem type="nursery" free="3403264" total="4063232" percent="83">
      <mem type="allocate" free="3403264" total="3604480" percent="94" />
      <mem type="survivor" free="0" total="458752" percent="0" />
    </mem>
    <mem type="tenure" free="1794952" total="6291456" percent="28">
      <mem type="soa" free="1480584" total="5977088" percent="24" />
      <mem type="loa" free="314368" total="314368" percent="100" />
    </mem>
    <remembered-set count="810" />
  </mem-info>
</gc-end>
<cycle-end id="415" type="scavenge" contextid="409" timestamp="2019-06-15T23:38:53.274" />
  <attribute name="elasticGC enabled" value="1" />
  <attribute name= "numThreadsSpecified" value="4" />
  <attribute name="heapSize specified" value="8388608" />
  <attribute name="Current GC Util" value="7" />
  <attribute name= "Current Time Running" value="1132" />
  <attribute name ="GC Interval" value="200" />
  <attribute name="ProportionalT" value="-19.500000" />
  <attribute name="ProportionalI" value="-19.500000" />
  <attribute name="ProportionalH" value="-19.500000" />
  <attribute name="Current Error" value="-13.000000" />
  <attribute name="IntegralT" value="-182.000000" />
  <attribute name="IntegralI" value="-182.000000" />
  <attribute name="IntegralH" value="-182.000000" />
  <attribute name="DerivativeT" value="-0.928571" />
  <attribute name="DerivativeI" value="-0.928571" />
  <attribute name="DerivativeH" value="-0.928571" />
  <attribute name="Loop Time for DT" value="14.000000" />
  <attribute name="Output H" value="2092630016"/>
  <attribute name="Output I" value="200"/>
  <attribute name="Output T" value="4"/>
  <attribute name="Target GC Util Change" value ="20.000000" />
  <attribute name="Current GC Util Change" value="7.000000"/>
  <attribute name="GC Util currently" value="7" />
  <attribute name="CPU Util currently" value="321698141657" />
<allocation-satisfied id="416" threadId="0000000002378100" bytesRequested="24" />
<af-end id="417" timestamp="2019-06-15T23:38:53.274" threadId="0000000002378A88" success="true" from="nursery"/>
<exclusive-end id="418" timestamp="2019-06-15T23:38:53.274" durationms="1.651" />

<exclusive-start id="419" timestamp="2019-06-15T23:38:53.287" intervalms="14.097">
  <response-info timems="0.080" idlems="0.080" threads="0" lastid="0000000002378100" lastname="Thread-7" />
</exclusive-start>
<af-start id="420" threadId="0000000002378A88" totalBytesRequested="24" timestamp="2019-06-15T23:38:53.287" intervalms="14.108" type="nursery" />
<cycle-start id="421" type="scavenge" contextid="0" timestamp="2019-06-15T23:38:53.287" intervalms="14.113" />
<gc-start id="422" type="scavenge" contextid="421" timestamp="2019-06-15T23:38:53.287">
  <mem-info id="423" free="1794952" total="10354688" percent="17">
    <mem type="nursery" free="0" total="4063232" percent="0">
      <mem type="allocate" free="0" total="3604480" percent="0" />
      <mem type="survivor" free="0" total="458752" percent="0" />
    </mem>
    <mem type="tenure" free="1794952" total="6291456" percent="28">
      <mem type="soa" free="1480584" total="5977088" percent="24" />
      <mem type="loa" free="314368" total="314368" percent="100" />
    </mem>
    <remembered-set count="960" />
  </mem-info>
</gc-start>
<allocation-stats totalBytes="3402848" >
  <allocated-bytes non-tlh="24" tlh="3402824" />
  <largest-consumer threadName="Thread-7" threadId="0000000002378100" bytes="3402848" />
</allocation-stats>
<gc-op id="424" type="scavenge" timems="0.541" contextid="421" timestamp="2019-06-15T23:38:53.288">
  <scavenger-info tenureage="3" tenuremask="4008" tiltratio="88" />
  <memory-copied type="nursery" objects="763" bytes="18824" bytesdiscarded="151672" />
  <memory-copied type="tenure" objects="213" bytes="5112" bytesdiscarded="0" />
</gc-op>
<gc-end id="425" type="scavenge" contextid="421" durationms="0.881" usertimems="0.000" systemtimems="0.000" timestamp="2019-06-15T23:38:53.288" activeThreads="4">
  <mem-info id="426" free="5228936" total="10354688" percent="50">
    <mem type="nursery" free="3433984" total="4063232" percent="84">
      <mem type="allocate" free="3433984" total="3604480" percent="95" />
      <mem type="survivor" free="0" total="458752" percent="0" />
    </mem>
    <mem type="tenure" free="1794952" total="6291456" percent="28">
      <mem type="soa" free="1480584" total="5977088" percent="24" />
      <mem type="loa" free="314368" total="314368" percent="100" />
    </mem>
    <remembered-set count="747" />
  </mem-info>
</gc-end>
<cycle-end id="427" type="scavenge" contextid="421" timestamp="2019-06-15T23:38:53.288" />
  <attribute name="elasticGC enabled" value="1" />
  <attribute name= "numThreadsSpecified" value="4" />
  <attribute name="heapSize specified" value="8388608" />
  <attribute name="Current GC Util" value="7" />
  <attribute name= "Current Time Running" value="1146" />
  <attribute name ="GC Interval" value="200" />
  <attribute name="ProportionalT" value="-19.500000" />
  <attribute name="ProportionalI" value="-19.500000" />
  <attribute name="ProportionalH" value="-19.500000" />
  <attribute name="Current Error" value="-13.000000" />
  <attribute name="IntegralT" value="-182.000000" />
  <attribute name="IntegralI" value="-182.000000" />
  <attribute name="IntegralH" value="-182.000000" />
  <attribute name="DerivativeT" value="-0.928571" />
  <attribute name="DerivativeI" value="-0.928571" />
  <attribute name="DerivativeH" value="-0.928571" />
  <attribute name="Loop Time for DT" value="14.000000" />
  <attribute name="Output H" value="2092630016"/>
  <attribute name="Output I" value="200"/>
  <attribute name="Output T" value="4"/>
  <attribute name="Target GC Util Change" value ="20.000000" />
  <attribute name="Current GC Util Change" value="7.000000"/>
  <attribute name="GC Util currently" value="7" />
  <attribute name="CPU Util currently" value="327818355815" />
<allocation-satisfied id="428" threadId="0000000002378100" bytesRequested="24" />
<af-end id="429" timestamp="2019-06-15T23:38:53.288" threadId="0000000002378A88" success="true" from="nursery"/>
<exclusive-end id="430" timestamp="2019-06-15T23:38:53.289" durationms="1.645" />

<exclusive-start id="431" timestamp="2019-06-15T23:38:53.299" intervalms="11.945">
  <response-info timems="0.067" idlems="0.067" threads="0" lastid="0000000002378100" lastname="Thread-7" />
</exclusive-start>
<af-start id="432" threadId="0000000002378A88" totalBytesRequested="40" timestamp="2019-06-15T23:38:53.299" intervalms="11.938" type="nursery" />
<cycle-start id="433" type="scavenge" contextid="0" timestamp="2019-06-15T23:38:53.299" intervalms="11.932" />
<gc-start id="434" type="scavenge" contextid="433" timestamp="2019-06-15T23:38:53.299">
  <mem-info id="435" free="1794952" total="10354688" percent="17">
    <mem type="nursery" free="0" total="4063232" percent="0">
      <mem type="allocate" free="0" total="3604480" percent="0" />
      <mem type="survivor" free="0" total="458752" percent="0" />
    </mem>
    <mem type="tenure" free="1794952" total="6291456" percent="28">
      <mem type="soa" free="1480584" total="5977088" percent="24" />
      <mem type="loa" free="314368" total="314368" percent="100" />
    </mem>
    <remembered-set count="897" />
  </mem-info>
</gc-start>
<allocation-stats totalBytes="3433560" >
  <allocated-bytes non-tlh="24" tlh="3433536" />
  <largest-consumer threadName="Thread-7" threadId="0000000002378100" bytes="3433560" />
</allocation-stats>
<gc-op id="436" type="scavenge" timems="0.523" contextid="433" timestamp="2019-06-15T23:38:53.300">
  <scavenger-info tenureage="3" tenuremask="4008" tiltratio="88" />
  <memory-copied type="nursery" objects="639" bytes="15728" bytesdiscarded="154768" />
  <memory-copied type="tenure" objects="263" bytes="6312" bytesdiscarded="0" />
</gc-op>
<gc-end id="437" type="scavenge" contextid="433" durationms="0.858" usertimems="4.000" systemtimems="0.000" timestamp="2019-06-15T23:38:53.300" activeThreads="4">
  <mem-info id="438" free="5228936" total="10354688" percent="50">
    <mem type="nursery" free="3433984" total="4063232" percent="84">
      <mem type="allocate" free="3433984" total="3604480" percent="95" />
      <mem type="survivor" free="0" total="458752" percent="0" />
    </mem>
    <mem type="tenure" free="1794952" total="6291456" percent="28">
      <mem type="soa" free="1480584" total="5977088" percent="24" />
      <mem type="loa" free="314368" total="314368" percent="100" />
    </mem>
    <remembered-set count="634" />
  </mem-info>
</gc-end>
<cycle-end id="439" type="scavenge" contextid="433" timestamp="2019-06-15T23:38:53.300" />
  <attribute name="elasticGC enabled" value="1" />
  <attribute name= "numThreadsSpecified" value="4" />
  <attribute name="heapSize specified" value="8388608" />
  <attribute name="Current GC Util" value="9" />
  <attribute name= "Current Time Running" value="1158" />
  <attribute name ="GC Interval" value="200" />
  <attribute name="ProportionalT" value="-16.500000" />
  <attribute name="ProportionalI" value="-16.500000" />
  <attribute name="ProportionalH" value="-16.500000" />
  <attribute name="Current Error" value="-11.000000" />
  <attribute name="IntegralT" value="-132.000000" />
  <attribute name="IntegralI" value="-132.000000" />
  <attribute name="IntegralH" value="-132.000000" />
  <attribute name="DerivativeT" value="-0.916667" />
  <attribute name="DerivativeI" value="-0.916667" />
  <attribute name="DerivativeH" value="-0.916667" />
  <attribute name="Loop Time for DT" value="12.000000" />
  <attribute name="Output H" value="2092630016"/>
  <attribute name="Output I" value="200"/>
  <attribute name="Output T" value="4"/>
  <attribute name="Target GC Util Change" value ="20.000000" />
  <attribute name="Current GC Util Change" value="9.000000"/>
  <attribute name="GC Util currently" value="9" />
  <attribute name="CPU Util currently" value="386688654550" />
<allocation-satisfied id="440" threadId="0000000002378100" bytesRequested="40" />
<af-end id="441" timestamp="2019-06-15T23:38:53.300" threadId="0000000002378A88" success="true" from="nursery"/>
<exclusive-end id="442" timestamp="2019-06-15T23:38:53.300" durationms="1.570" />

<exclusive-start id="443" timestamp="2019-06-15T23:38:53.313" intervalms="13.965">
  <response-info timems="0.079" idlems="0.079" threads="0" lastid="0000000002378100" lastname="Thread-7" />
</exclusive-start>
<af-start id="444" threadId="0000000002378A88" totalBytesRequested="40" timestamp="2019-06-15T23:38:53.313" intervalms="14.000" type="nursery" />
<cycle-start id="445" type="scavenge" contextid="0" timestamp="2019-06-15T23:38:53.313" intervalms="13.999" />
<gc-start id="446" type="scavenge" contextid="445" timestamp="2019-06-15T23:38:53.313">
  <mem-info id="447" free="1794952" total="10354688" percent="17">
    <mem type="nursery" free="0" total="4063232" percent="0">
      <mem type="allocate" free="0" total="3604480" percent="0" />
      <mem type="survivor" free="0" total="458752" percent="0" />
    </mem>
    <mem type="tenure" free="1794952" total="6291456" percent="28">
      <mem type="soa" free="1480584" total="5977088" percent="24" />
      <mem type="loa" free="314368" total="314368" percent="100" />
    </mem>
    <remembered-set count="773" />
  </mem-info>
</gc-start>
<allocation-stats totalBytes="3433296" >
  <allocated-bytes non-tlh="40" tlh="3433256" />
  <largest-consumer threadName="Thread-7" threadId="0000000002378100" bytes="3433296" />
</allocation-stats>
<gc-op id="448" type="scavenge" timems="0.525" contextid="445" timestamp="2019-06-15T23:38:53.314">
  <scavenger-info tenureage="3" tenuremask="4008" tiltratio="88" />
  <memory-copied type="nursery" objects="523" bytes="12944" bytesdiscarded="188272" />
  <memory-copied type="tenure" objects="255" bytes="6120" bytesdiscarded="0" />
</gc-op>
<gc-end id="449" type="scavenge" contextid="445" durationms="0.877" usertimems="0.000" systemtimems="0.000" timestamp="2019-06-15T23:38:53.314" activeThreads="4">
  <mem-info id="450" free="5198216" total="10354688" percent="50">
    <mem type="nursery" free="3403264" total="4063232" percent="83">
      <mem type="allocate" free="3403264" total="3604480" percent="94" />
      <mem type="survivor" free="0" total="458752" percent="0" />
    </mem>
    <mem type="tenure" free="1794952" total="6291456" percent="28">
      <mem type="soa" free="1480584" total="5977088" percent="24" />
      <mem type="loa" free="314368" total="314368" percent="100" />
    </mem>
    <remembered-set count="518" />
  </mem-info>
</gc-end>
<cycle-end id="451" type="scavenge" contextid="445" timestamp="2019-06-15T23:38:53.314" />
  <attribute name="elasticGC enabled" value="1" />
  <attribute name= "numThreadsSpecified" value="4" />
  <attribute name="heapSize specified" value="8388608" />
  <attribute name="Current GC Util" value="7" />
  <attribute name= "Current Time Running" value="1172" />
  <attribute name ="GC Interval" value="200" />
  <attribute name="ProportionalT" value="-19.500000" />
  <attribute name="ProportionalI" value="-19.500000" />
  <attribute name="ProportionalH" value="-19.500000" />
  <attribute name="Current Error" value="-13.000000" />
  <attribute name="IntegralT" value="-182.000000" />
  <attribute name="IntegralI" value="-182.000000" />
  <attribute name="IntegralH" value="-182.000000" />
  <attribute name="DerivativeT" value="-0.928571" />
  <attribute name="DerivativeI" value="-0.928571" />
  <attribute name="DerivativeH" value="-0.928571" />
  <attribute name="Loop Time for DT" value="14.000000" />
  <attribute name="Output H" value="2092630016"/>
  <attribute name="Output I" value="200"/>
  <attribute name="Output T" value="4"/>
  <attribute name="Target GC Util Change" value ="20.000000" />
  <attribute name="Current GC Util Change" value="7.000000"/>
  <attribute name="GC Util currently" value="7" />
  <attribute name="CPU Util currently" value="328985981903" />
<allocation-satisfied id="452" threadId="0000000002378100" bytesRequested="40" />
<af-end id="453" timestamp="2019-06-15T23:38:53.314" threadId="0000000002378A88" success="true" from="nursery"/>
<exclusive-end id="454" timestamp="2019-06-15T23:38:53.314" durationms="1.659" />

<exclusive-start id="455" timestamp="2019-06-15T23:38:53.324" intervalms="10.989">
  <response-info timems="0.064" idlems="0.064" threads="0" lastid="0000000002378100" lastname="Thread-7" />
</exclusive-start>
<af-start id="456" threadId="0000000002378A88" totalBytesRequested="40" timestamp="2019-06-15T23:38:53.324" intervalms="10.955" type="nursery" />
<cycle-start id="457" type="scavenge" contextid="0" timestamp="2019-06-15T23:38:53.324" intervalms="10.958" />
<gc-start id="458" type="scavenge" contextid="457" timestamp="2019-06-15T23:38:53.324">
  <mem-info id="459" free="1794952" total="10354688" percent="17">
    <mem type="nursery" free="0" total="4063232" percent="0">
      <mem type="allocate" free="0" total="3604480" percent="0" />
      <mem type="survivor" free="0" total="458752" percent="0" />
    </mem>
    <mem type="tenure" free="1794952" total="6291456" percent="28">
      <mem type="soa" free="1480584" total="5977088" percent="24" />
      <mem type="loa" free="314368" total="314368" percent="100" />
    </mem>
    <remembered-set count="705" />
  </mem-info>
</gc-start>
<allocation-stats totalBytes="3402864" >
  <allocated-bytes non-tlh="40" tlh="3402824" />
  <largest-consumer threadName="Thread-7" threadId="0000000002378100" bytes="3402864" />
</allocation-stats>
<gc-op id="460" type="scavenge" timems="0.334" contextid="457" timestamp="2019-06-15T23:38:53.324">
  <scavenger-info tenureage="3" tenuremask="4008" tiltratio="88" />
  <memory-copied type="nursery" objects="545" bytes="13392" bytesdiscarded="157104" />
  <memory-copied type="tenure" objects="149" bytes="3576" bytesdiscarded="0" />
</gc-op>
<gc-end id="461" type="scavenge" contextid="457" durationms="0.675" usertimems="0.000" systemtimems="0.000" timestamp="2019-06-15T23:38:53.325" activeThreads="4">
  <mem-info id="462" free="5228936" total="10354688" percent="50">
    <mem type="nursery" free="3433984" total="4063232" percent="84">
      <mem type="allocate" free="3433984" total="3604480" percent="95" />
      <mem type="survivor" free="0" total="458752" percent="0" />
    </mem>
    <mem type="tenure" free="1794952" total="6291456" percent="28">
      <mem type="soa" free="1480584" total="5977088" percent="24" />
      <mem type="loa" free="314368" total="314368" percent="100" />
    </mem>
    <remembered-set count="556" />
  </mem-info>
</gc-end>
<cycle-end id="463" type="scavenge" contextid="457" timestamp="2019-06-15T23:38:53.325" />
  <attribute name="elasticGC enabled" value="1" />
  <attribute name= "numThreadsSpecified" value="4" />
  <attribute name="heapSize specified" value="8388608" />
  <attribute name="Current GC Util" value="9" />
  <attribute name= "Current Time Running" value="1183" />
  <attribute name ="GC Interval" value="200" />
  <attribute name="ProportionalT" value="-16.500000" />
  <attribute name="ProportionalI" value="-16.500000" />
  <attribute name="ProportionalH" value="-16.500000" />
  <attribute name="Current Error" value="-11.000000" />
  <attribute name="IntegralT" value="-121.000000" />
  <attribute name="IntegralI" value="-121.000000" />
  <attribute name="IntegralH" value="-121.000000" />
  <attribute name="DerivativeT" value="-1.000000" />
  <attribute name="DerivativeI" value="-1.000000" />
  <attribute name="DerivativeH" value="-1.000000" />
  <attribute name="Loop Time for DT" value="11.000000" />
  <attribute name="Output H" value="2092630016"/>
  <attribute name="Output I" value="200"/>
  <attribute name="Output T" value="4"/>
  <attribute name="Target GC Util Change" value ="20.000000" />
  <attribute name="Current GC Util Change" value="9.000000"/>
  <attribute name="GC Util currently" value="9" />
  <attribute name="CPU Util currently" value="421321566731" />
<allocation-satisfied id="464" threadId="0000000002378100" bytesRequested="40" />
<af-end id="465" timestamp="2019-06-15T23:38:53.325" threadId="0000000002378A88" success="true" from="nursery"/>
<exclusive-end id="466" timestamp="2019-06-15T23:38:53.325" durationms="1.325" />

<exclusive-start id="467" timestamp="2019-06-15T23:38:53.334" intervalms="10.398">
  <response-info timems="0.075" idlems="0.075" threads="0" lastid="0000000002378100" lastname="Thread-7" />
</exclusive-start>
<af-start id="468" threadId="0000000002378A88" totalBytesRequested="40" timestamp="2019-06-15T23:38:53.334" intervalms="10.443" type="nursery" />
<cycle-start id="469" type="scavenge" contextid="0" timestamp="2019-06-15T23:38:53.334" intervalms="10.498" />
<gc-start id="470" type="scavenge" contextid="469" timestamp="2019-06-15T23:38:53.335">
  <mem-info id="471" free="1794952" total="10354688" percent="17">
    <mem type="nursery" free="0" total="4063232" percent="0">
      <mem type="allocate" free="0" total="3604480" percent="0" />
      <mem type="survivor" free="0" total="458752" percent="0" />
    </mem>
    <mem type="tenure" free="1794952" total="6291456" percent="28">
      <mem type="soa" free="1480584" total="5977088" percent="24" />
      <mem type="loa" free="314368" total="314368" percent="100" />
    </mem>
    <remembered-set count="718" />
  </mem-info>
</gc-start>
<allocation-stats totalBytes="3433520" >
  <allocated-bytes non-tlh="40" tlh="3433480" />
  <largest-consumer threadName="Thread-7" threadId="0000000002378100" bytes="3433520" />
</allocation-stats>
<gc-op id="472" type="scavenge" timems="0.528" contextid="469" timestamp="2019-06-15T23:38:53.335">
  <scavenger-info tenureage="3" tenuremask="4008" tiltratio="88" />
  <memory-copied type="nursery" objects="568" bytes="14024" bytesdiscarded="156472" />
  <memory-copied type="tenure" objects="155" bytes="3720" bytesdiscarded="0" />
</gc-op>
<gc-end id="473" type="scavenge" contextid="469" durationms="0.906" usertimems="0.000" systemtimems="0.000" timestamp="2019-06-15T23:38:53.336" activeThreads="4">
  <mem-info id="474" free="5228936" total="10354688" percent="50">
    <mem type="nursery" free="3433984" total="4063232" percent="84">
      <mem type="allocate" free="3433984" total="3604480" percent="95" />
      <mem type="survivor" free="0" total="458752" percent="0" />
    </mem>
    <mem type="tenure" free="1794952" total="6291456" percent="28">
      <mem type="soa" free="1480584" total="5977088" percent="24" />
      <mem type="loa" free="314368" total="314368" percent="100" />
    </mem>
    <remembered-set count="563" />
  </mem-info>
</gc-end>
<cycle-end id="475" type="scavenge" contextid="469" timestamp="2019-06-15T23:38:53.336" />
  <attribute name="elasticGC enabled" value="1" />
  <attribute name= "numThreadsSpecified" value="4" />
  <attribute name="heapSize specified" value="8388608" />
  <attribute name="Current GC Util" value="7" />
  <attribute name= "Current Time Running" value="1194" />
  <attribute name ="GC Interval" value="200" />
  <attribute name="ProportionalT" value="-19.500000" />
  <attribute name="ProportionalI" value="-19.500000" />
  <attribute name="ProportionalH" value="-19.500000" />
  <attribute name="Current Error" value="-13.000000" />
  <attribute name="IntegralT" value="-143.000000" />
  <attribute name="IntegralI" value="-143.000000" />
  <attribute name="IntegralH" value="-143.000000" />
  <attribute name="DerivativeT" value="-1.181818" />
  <attribute name="DerivativeI" value="-1.181818" />
  <attribute name="DerivativeH" value="-1.181818" />
  <attribute name="Loop Time for DT" value="11.000000" />
  <attribute name="Output H" value="2092630016"/>
  <attribute name="Output I" value="200"/>
  <attribute name="Output T" value="4"/>
  <attribute name="Target GC Util Change" value ="20.000000" />
  <attribute name="Current GC Util Change" value="7.000000"/>
  <attribute name="GC Util currently" value="7" />
  <attribute name="CPU Util currently" value="436855413554" />
<allocation-satisfied id="476" threadId="0000000002378100" bytesRequested="40" />
<af-end id="477" timestamp="2019-06-15T23:38:53.336" threadId="0000000002378A88" success="true" from="nursery"/>
<exclusive-end id="478" timestamp="2019-06-15T23:38:53.336" durationms="1.785" />

<exclusive-start id="479" timestamp="2019-06-15T23:38:53.345" intervalms="10.616">
  <response-info timems="0.071" idlems="0.071" threads="0" lastid="0000000002378100" lastname="Thread-7" />
</exclusive-start>
<af-start id="480" threadId="0000000002378A88" totalBytesRequested="40" timestamp="2019-06-15T23:38:53.345" intervalms="10.565" type="nursery" />
<cycle-start id="481" type="scavenge" contextid="0" timestamp="2019-06-15T23:38:53.345" intervalms="10.508" />
<gc-start id="482" type="scavenge" contextid="481" timestamp="2019-06-15T23:38:53.345">
  <mem-info id="483" free="1794952" total="10354688" percent="17">
    <mem type="nursery" free="0" total="4063232" percent="0">
      <mem type="allocate" free="0" total="3604480" percent="0" />
      <mem type="survivor" free="0" total="458752" percent="0" />
    </mem>
    <mem type="tenure" free="1794952" total="6291456" percent="28">
      <mem type="soa" free="1480584" total="5977088" percent="24" />
      <mem type="loa" free="314368" total="314368" percent="100" />
    </mem>
    <remembered-set count="800" />
  </mem-info>
</gc-start>
<allocation-stats totalBytes="3433624" >
  <allocated-bytes non-tlh="40" tlh="3433584" />
  <largest-consumer threadName="Thread-7" threadId="0000000002378100" bytes="3433624" />
</allocation-stats>
<gc-op id="484" type="scavenge" timems="0.345" contextid="481" timestamp="2019-06-15T23:38:53.345">
  <scavenger-info tenureage="3" tenuremask="4008" tiltratio="88" />
  <memory-copied type="nursery" objects="663" bytes="16304" bytesdiscarded="184912" />
  <memory-copied type="tenure" objects="142" bytes="3408" bytesdiscarded="0" />
</gc-op>
<gc-end id="485" type="scavenge" contextid="481" durationms="0.748" usertimems="0.000" systemtimems="0.000" timestamp="2019-06-15T23:38:53.346" activeThreads="4">
  <mem-info id="486" free="5198216" total="10354688" percent="50">
    <mem type="nursery" free="3403264" total="4063232" percent="83">
      <mem type="allocate" free="3403264" total="3604480" percent="94" />
      <mem type="survivor" free="0" total="458752" percent="0" />
    </mem>
    <mem type="tenure" free="1794952" total="6291456" percent="28">
      <mem type="soa" free="1480584" total="5977088" percent="24" />
      <mem type="loa" free="314368" total="314368" percent="100" />
    </mem>
    <remembered-set count="658" />
  </mem-info>
</gc-end>
<cycle-end id="487" type="scavenge" contextid="481" timestamp="2019-06-15T23:38:53.346" />
  <attribute name="elasticGC enabled" value="1" />
  <attribute name= "numThreadsSpecified" value="4" />
  <attribute name="heapSize specified" value="8388608" />
  <attribute name="Current GC Util" value="10" />
  <attribute name= "Current Time Running" value="1204" />
  <attribute name ="GC Interval" value="200" />
  <attribute name="ProportionalT" value="-15.000000" />
  <attribute name="ProportionalI" value="-15.000000" />
  <attribute name="ProportionalH" value="-15.000000" />
  <attribute name="Current Error" value="-10.000000" />
  <attribute name="IntegralT" value="-100.000000" />
  <attribute name="IntegralI" value="-100.000000" />
  <attribute name="IntegralH" value="-100.000000" />
  <attribute name="DerivativeT" value="-1.000000" />
  <attribute name="DerivativeI" value="-1.000000" />
  <attribute name="DerivativeH" value="-1.000000" />
  <attribute name="Loop Time for DT" value="10.000000" />
  <attribute name="Output H" value="2092630016"/>
  <attribute name="Output I" value="200"/>
  <attribute name="Output T" value="4"/>
  <attribute name="Target GC Util Change" value ="20.000000" />
  <attribute name="Current GC Util Change" value="10.000000"/>
  <attribute name="GC Util currently" value="10" />
  <attribute name="CPU Util currently" value="441187822763" />
<allocation-satisfied id="488" threadId="0000000002378100" bytesRequested="40" />
<af-end id="489" timestamp="2019-06-15T23:38:53.346" threadId="0000000002378A88" success="true" from="nursery"/>
<exclusive-end id="490" timestamp="2019-06-15T23:38:53.346" durationms="1.490" />

<exclusive-start id="491" timestamp="2019-06-15T23:38:53.354" intervalms="8.931">
  <response-info timems="0.060" idlems="0.060" threads="0" lastid="0000000002378100" lastname="Thread-7" />
</exclusive-start>
<af-start id="492" threadId="0000000002378A88" totalBytesRequested="40" timestamp="2019-06-15T23:38:53.354" intervalms="8.932" type="nursery" />
<cycle-start id="493" type="scavenge" contextid="0" timestamp="2019-06-15T23:38:53.354" intervalms="8.940" />
<gc-start id="494" type="scavenge" contextid="493" timestamp="2019-06-15T23:38:53.354">
  <mem-info id="495" free="1794952" total="10354688" percent="17">
    <mem type="nursery" free="0" total="4063232" percent="0">
      <mem type="allocate" free="0" total="3604480" percent="0" />
      <mem type="survivor" free="0" total="458752" percent="0" />
    </mem>
    <mem type="tenure" free="1794952" total="6291456" percent="28">
      <mem type="soa" free="1480584" total="5977088" percent="24" />
      <mem type="loa" free="314368" total="314368" percent="100" />
    </mem>
    <remembered-set count="938" />
  </mem-info>
</gc-start>
<allocation-stats totalBytes="3402704" >
  <allocated-bytes non-tlh="40" tlh="3402664" />
  <largest-consumer threadName="Thread-7" threadId="0000000002378100" bytes="3402704" />
</allocation-stats>
<gc-op id="496" type="scavenge" timems="0.532" contextid="493" timestamp="2019-06-15T23:38:53.355">
  <scavenger-info tenureage="3" tenuremask="4008" tiltratio="88" />
  <memory-copied type="nursery" objects="757" bytes="18560" bytesdiscarded="151936" />
  <memory-copied type="tenure" objects="186" bytes="4464" bytesdiscarded="0" />
</gc-op>
<gc-end id="497" type="scavenge" contextid="493" durationms="0.926" usertimems="0.000" systemtimems="0.000" timestamp="2019-06-15T23:38:53.355" activeThreads="4">
  <mem-info id="498" free="5228936" total="10354688" percent="50">
    <mem type="nursery" free="3433984" total="4063232" percent="84">
      <mem type="allocate" free="3433984" total="3604480" percent="95" />
      <mem type="survivor" free="0" total="458752" percent="0" />
    </mem>
    <mem type="tenure" free="1794952" total="6291456" percent="28">
      <mem type="soa" free="1480584" total="5977088" percent="24" />
      <mem type="loa" free="314368" total="314368" percent="100" />
    </mem>
    <remembered-set count="752" />
  </mem-info>
</gc-end>
<cycle-end id="499" type="scavenge" contextid="493" timestamp="2019-06-15T23:38:53.355" />
  <attribute name="elasticGC enabled" value="1" />
  <attribute name= "numThreadsSpecified" value="4" />
  <attribute name="heapSize specified" value="8388608" />
  <attribute name="Current GC Util" value="8" />
  <attribute name= "Current Time Running" value="1213" />
  <attribute name ="GC Interval" value="200" />
  <attribute name="ProportionalT" value="-18.000000" />
  <attribute name="ProportionalI" value="-18.000000" />
  <attribute name="ProportionalH" value="-18.000000" />
  <attribute name="Current Error" value="-12.000000" />
  <attribute name="IntegralT" value="-108.000000" />
  <attribute name="IntegralI" value="-108.000000" />
  <attribute name="IntegralH" value="-108.000000" />
  <attribute name="DerivativeT" value="-1.333333" />
  <attribute name="DerivativeI" value="-1.333333" />
  <attribute name="DerivativeH" value="-1.333333" />
  <attribute name="Loop Time for DT" value="9.000000" />
  <attribute name="Output H" value="2092630016"/>
  <attribute name="Output I" value="200"/>
  <attribute name="Output T" value="4"/>
  <attribute name="Target GC Util Change" value ="20.000000" />
  <attribute name="Current GC Util Change" value="8.000000"/>
  <attribute name="GC Util currently" value="8" />
  <attribute name="CPU Util currently" value="514334310610" />
<allocation-satisfied id="500" threadId="0000000002378100" bytesRequested="40" />
<af-end id="501" timestamp="2019-06-15T23:38:53.355" threadId="0000000002378A88" success="true" from="nursery"/>
<exclusive-end id="502" timestamp="2019-06-15T23:38:53.355" durationms="1.620" />

</verbosegc>

