<?xml version="1.0" ?>

<verbosegc xmlns="http://www.ibm.com/j9/verbosegc" version="10b4217_CMPRSS">

<initialized id="1" timestamp="2019-06-15T18:52:47.118">
  <attribute name="gcPolicy" value="-Xgcpolicy:balanced" />
  <attribute name="elasticGC enabled" value="1" />
  <attribute name= "numThreadsSpecified" value="0" />
  <attribute name="heapSize specified" value="0" />
  <attribute name="Current GC Util" value="0" />
  <attribute name= "Current Time Running" value="0" />
  <attribute name ="GC Interval" value="0" />
  <attribute name="ProportionalT" value="0.000000" />
  <attribute name="ProportionalI" value="0.000000" />
  <attribute name="ProportionalH" value="0.000000" />
  <attribute name="IntegralT" value="0.000000" />
  <attribute name="IntegralI" value="0.000000" />
  <attribute name="IntegralH" value="0.000000" />
  <attribute name="DerivativeT" value="0.000000" />
  <attribute name="DerivativeI" value="0.000000" />
  <attribute name="DerivativeH" value="0.000000" />
  <attribute name="Target GC Util Change" value ="0.000000" />
  <attribute name="Current GC Util Change" value="0.000000"/>
  <attribute name="Current Error" value="0.000000" />
  <attribute name="Loop Time for DT" value="0.000000" />
  <attribute name="Output H" value="0"/>
  <attribute name="Output I" value="0"/>
  <attribute name="Output T" value="0"/>
  <attribute name="GC Util currently" value="0" />
  <attribute name="CPU Util currently" value="0" />
  <attribute name="maxHeapSize" value="0x7cb00000" />
  <attribute name="initialHeapSize" value="0x800000" />
  <attribute name="compressedRefs" value="true" />
  <attribute name="compressedRefsDisplacement" value="0x0" />
  <attribute name="compressedRefsShift" value="0x0" />
  <attribute name="pageSize" value="0x1000" />
  <attribute name="pageType" value="not used" />
  <attribute name="requestedPageSize" value="0x1000" />
  <attribute name="requestedPageType" value="not used" />
  <attribute name="gcthreads" value="4" />
  <attribute name="packetListSplit" value="4" />
  <attribute name="cacheListSplit" value="4" />
  <attribute name="splitFreeListSplitAmount" value="1" />
  <attribute name="numaNodes" value="0" />
  <region>
    <attribute name="regionSize" value="1048576" />
    <attribute name="regionCount" value="1995" />
    <attribute name="arrayletLeafSize" value="1048576" />
  </region>
  <system>
    <attribute name="physicalMemory" value="8370962432" />
    <attribute name="numCPUs" value="4" />
    <attribute name="architecture" value="amd64" />
    <attribute name="os" value="Linux" />
    <attribute name="osVersion" value="4.4.0-148-generic" />
  </system>
  <vmargs>
    <vmarg name="-Xoptionsfile=/vagrant/jdk/lib/options.default" />
    <vmarg name="-Xlockword:mode=default,noLockword=java/lang/String,noLockword=java/util/MapEntry,noLockword=java/util/HashMap$Entry,noLockword..." />
    <vmarg name="-Xjcl:jclse29" />
    <vmarg name="-Dcom.ibm.oti.vm.bootstrap.library.path=/vagrant/jdk/lib/compressedrefs:/vagrant/jdk/lib" />
    <vmarg name="-Dsun.boot.library.path=/vagrant/jdk/lib/compressedrefs:/vagrant/jdk/lib" />
    <vmarg name="-Djava.library.path=/vagrant/jdk/lib/compressedrefs:/vagrant/jdk/lib:/usr/lib64:/usr/lib" />
    <vmarg name="-Djava.home=/vagrant/jdk" />
    <vmarg name="-Duser.dir=/vagrant" />
    <vmarg name="-Xgcpolicy:balanced" />
    <vmarg name="-Xgcelastic" />
    <vmarg name="-Xcheck:gc:::elasticGC" />
    <vmarg name="-verbose:gc" />
    <vmarg name="-Xloggc:small-Balanced-jdk-1.5-1-0.5-verbose5pmd.txt" />
    <vmarg name="-Djava.class.path=dacapo-9.12-MR1-bach.jar" />
    <vmarg name="-Dsun.java.command=dacapo-9.12-MR1-bach.jar pmd --size=small" />
    <vmarg name="-Dsun.java.launcher=SUN_STANDARD" />
    <vmarg name="-Dsun.java.launcher.pid=4798" />
  </vmargs>
</initialized>

<exclusive-start id="2" timestamp="2019-06-15T18:52:48.161" intervalms="1042.589">
  <response-info timems="0.040" idlems="0.027" threads="1" lastid="0000000001CCD300" lastname="JIT Compilation Thread-0" />
</exclusive-start>
<sys-start reason="explicit" id="3" timestamp="2019-06-15T18:52:48.161" intervalms="1042.968" />
<cycle-start id="4" type="global garbage collect" contextid="0" timestamp="2019-06-15T18:52:48.161" intervalms="1043.381" />
<gc-start id="5" type="global garbage collect" contextid="4" timestamp="2019-06-15T18:52:48.162">
  <mem-info id="6" free="1429032" total="8388608" percent="17">
    <mem type="eden" free="380536" total="7340032" percent="5" />
    <remembered-set count="0" freebytes="334848" totalbytes="334848" percent="100" regionsoverflowed="0" regionsstable="0" regionsrebuilding="0"/>
  </mem-info>
</gc-start>
<allocation-stats totalBytes="6937632" >
  <allocated-bytes non-tlh="449560" tlh="6488072" arrayletleaf="0"/>
  <largest-consumer threadName="main" threadId="0000000001CC9700" bytes="6861104" />
</allocation-stats>
<gc-op id="7" type="global mark" timems="3.258" contextid="4" timestamp="2019-06-15T18:52:48.166">
  <trace-info objectcount="20017" scancount="15956" scanbytes="532844" />
  <finalization candidates="46" enqueued="1" />
  <ownableSynchronizers candidates="4" cleared="3" />
  <references type="soft" candidates="66" cleared="0" enqueued="0" dynamicThreshold="32" maxThreshold="32" />
  <references type="weak" candidates="911" cleared="529" enqueued="452" />
  <references type="phantom" candidates="125" cleared="44" enqueued="44" />
  <stringconstants candidates="2485" cleared="0"  />
</gc-op>
<gc-op id="8" type="classunload" timems="0.071" contextid="4" timestamp="2019-06-15T18:52:48.166">
  <classunload-info classloadercandidates="6" classloadersunloaded="0" classesunloaded="0" anonymousclassesunloaded="0" quiescems="0.000" setupms="0.070" scanms="0.000" postms="0.000" />
</gc-op>
<gc-op id="9" type="sweep" timems="0.706" contextid="4" timestamp="2019-06-15T18:52:48.167" />
<gc-op id="10" type="compact" timems="5.080" contextid="4" timestamp="2019-06-15T18:52:48.172">
  <compact-info movecount="20017" movebytes="1291048" />
  <remembered-set-cleared processed="1515" cleared="1515" durationms="0.111" />
</gc-op>
<gc-end id="11" type="global garbage collect" contextid="4" durationms="11.257" usertimems="4.000" systemtimems="4.000" timestamp="2019-06-15T18:52:48.173" activeThreads="4">
  <mem-info id="12" free="6291456" total="8388608" percent="75">
    <pending-finalizers system="1" default="0" reference="496" classloader="0" />
    <remembered-set count="1024" freebytes="330752" totalbytes="334848" percent="98" regionsoverflowed="0" regionsstable="0" regionsrebuilding="0"/>
  </mem-info>
</gc-end>
<cycle-end id="13" type="global garbage collect" contextid="4" timestamp="2019-06-15T18:52:48.173" />
  <attribute name="elasticGC enabled" value="1" />
  <attribute name= "numThreadsSpecified" value="4" />
  <attribute name="heapSize specified" value="0" />
  <attribute name="Current GC Util" value="27" />
  <attribute name= "Current Time Running" value="893" />
  <attribute name ="GC Interval" value="0" />
  <attribute name="ProportionalT" value="10.500000" />
  <attribute name="ProportionalI" value="10.500000" />
  <attribute name="ProportionalH" value="10.500000" />
  <attribute name="Current Error" value="7.000000" />
  <attribute name="IntegralT" value="-17521.000000" />
  <attribute name="IntegralI" value="-17521.000000" />
  <attribute name="IntegralH" value="-17521.000000" />
  <attribute name="DerivativeT" value="-25.500000" />
  <attribute name="DerivativeI" value="-25.500000" />
  <attribute name="DerivativeH" value="-25.500000" />
  <attribute name="Loop Time for DT" value="1.000000" />
  <attribute name="Output H" value="2091843584"/>
  <attribute name="Output I" value="200"/>
  <attribute name="Output T" value="4"/>
  <attribute name="Target GC Util Change" value ="20.000000" />
  <attribute name="Current GC Util Change" value="27.000000"/>
  <attribute name="GC Util currently" value="27" />
  <attribute name="CPU Util currently" value="4726201890138" />
<sys-end id="14" timestamp="2019-06-15T18:52:48.174" />
<exclusive-end id="15" timestamp="2019-06-15T18:52:48.174" durationms="12.960" />

<exclusive-start id="16" timestamp="2019-06-15T18:52:48.406" intervalms="244.917">
  <response-info timems="0.057" idlems="0.057" threads="0" lastid="0000000001CC9700" lastname="main" />
</exclusive-start>
<allocation-taxation id="17" taxation-threshold="6291456" timestamp="2019-06-15T18:52:48.406" intervalms="1287.822" />
<cycle-start id="18" type="partial gc" contextid="0" timestamp="2019-06-15T18:52:48.406" intervalms="1288.070" />
<gc-start id="19" type="partial gc" contextid="18" timestamp="2019-06-15T18:52:48.406">
  <mem-info id="20" free="0" total="8388608" percent="0">
    <mem type="eden" free="0" total="6291456" percent="0" />
    <remembered-set count="1024" freebytes="330752" totalbytes="334848" percent="98" regionsoverflowed="0" regionsstable="0" regionsrebuilding="0"/>
  </mem-info>
</gc-start>
<allocation-stats totalBytes="6285008" >
  <allocated-bytes non-tlh="123960" tlh="6161048" arrayletleaf="0"/>
  <largest-consumer threadName="main" threadId="0000000001CC9700" bytes="6268936" />
</allocation-stats>
<gc-op id="21" type="mark" timems="2.268" contextid="18" timestamp="2019-06-15T18:52:48.409">
  <trace-info objectcount="4784" scancount="3460" scanbytes="119152" />
  <cardclean-info objects="1743" bytes="61372" />
  <remembered-set-cleared processed="274" cleared="111" durationms="0.065" />
  <finalization candidates="5" enqueued="0" />
  <references type="soft" candidates="3" cleared="0" enqueued="0" dynamicThreshold="24" maxThreshold="32" />
  <references type="weak" candidates="169" cleared="85" enqueued="80" />
  <references type="phantom" candidates="8" cleared="3" enqueued="3" />
  <stringconstants candidates="3393" cleared="4"  />
  <warning details="Mark invoked due to insufficient free space for Copy-Forward" />
</gc-op>
<gc-op id="22" type="classunload" timems="0.001" contextid="18" timestamp="2019-06-15T18:52:48.410">
  <classunload-info classloadercandidates="6" classloadersunloaded="0" classesunloaded="0" anonymousclassesunloaded="0" quiescems="0.000" setupms="0.001" scanms="0.000" postms="0.000" />
</gc-op>
<gc-op id="23" type="sweep" timems="0.342" contextid="18" timestamp="2019-06-15T18:52:48.410" />
<gc-op id="24" type="compact" timems="2.016" contextid="18" timestamp="2019-06-15T18:52:48.412">
  <compact-info movecount="4770" movebytes="301440" />
  <remembered-set-cleared processed="1754" cleared="1359" durationms="0.065" />
</gc-op>
<gc-end id="25" type="partial gc" contextid="18" durationms="6.620" usertimems="4.000" systemtimems="0.000" timestamp="2019-06-15T18:52:48.413" activeThreads="4">
  <mem-info id="26" free="5242880" total="8388608" percent="62">
    <mem type="eden" free="746368" total="1048576" percent="71" />
    <pending-finalizers system="0" default="0" reference="83" classloader="0" />
    <remembered-set count="1856" freebytes="327424" totalbytes="334848" percent="97" regionsoverflowed="0" regionsstable="0" regionsrebuilding="0"/>
  </mem-info>
</gc-end>
<cycle-end id="27" type="partial gc" contextid="18" timestamp="2019-06-15T18:52:48.413" />
  <attribute name="elasticGC enabled" value="1" />
  <attribute name= "numThreadsSpecified" value="4" />
  <attribute name="heapSize specified" value="0" />
  <attribute name="Current GC Util" value="18" />
  <attribute name= "Current Time Running" value="1136" />
  <attribute name ="GC Interval" value="0" />
  <attribute name="ProportionalT" value="-3.000000" />
  <attribute name="ProportionalI" value="-3.000000" />
  <attribute name="ProportionalH" value="-3.000000" />
  <attribute name="Current Error" value="-2.000000" />
  <attribute name="IntegralT" value="0.000000" />
  <attribute name="IntegralI" value="0.000000" />
  <attribute name="IntegralH" value="0.000000" />
  <attribute name="DerivativeT" value="-inf" />
  <attribute name="DerivativeI" value="-inf" />
  <attribute name="DerivativeH" value="-inf" />
  <attribute name="Loop Time for DT" value="0.000000" />
  <attribute name="Output H" value="2091843584"/>
  <attribute name="Output I" value="200"/>
  <attribute name="Output T" value="4"/>
  <attribute name="Target GC Util Change" value ="20.000000" />
  <attribute name="Current GC Util Change" value="18.000000"/>
  <attribute name="GC Util currently" value="18" />
  <attribute name="CPU Util currently" value="8612826025192" />
<exclusive-end id="28" timestamp="2019-06-15T18:52:48.413" durationms="7.897" />

<exclusive-start id="29" timestamp="2019-06-15T18:52:48.485" intervalms="79.387">
  <response-info timems="0.167" idlems="0.092" threads="1" lastid="0000000001CCD300" lastname="JIT Compilation Thread-0" />
</exclusive-start>
<allocation-taxation id="30" taxation-threshold="2097152" timestamp="2019-06-15T18:52:48.485" intervalms="79.227" />
<cycle-start id="31" type="global mark phase" contextid="0" timestamp="2019-06-15T18:52:48.485" intervalms="1367.189" />
<gc-start id="32" type="global mark phase" contextid="31" timestamp="2019-06-15T18:52:48.485">
  <mem-info id="33" free="3145728" total="8388608" percent="37">
    <remembered-set count="1408" freebytes="329216" totalbytes="334848" percent="98" regionsoverflowed="0" regionsstable="0" regionsrebuilding="0"/>
  </mem-info>
</gc-start>
<gc-op id="34" type="mark increment" timems="0.578" contextid="31" timestamp="2019-06-15T18:52:48.486">
  <trace-info objectcount="138" scancount="0" scanbytes="0" />
</gc-op>
<gc-end id="35" type="global mark phase" contextid="31" durationms="0.852" usertimems="0.000" systemtimems="0.000" timestamp="2019-06-15T18:52:48.486" activeThreads="1">
  <mem-info id="36" free="3145728" total="8388608" percent="37">
    <remembered-set count="1408" freebytes="329216" totalbytes="334848" percent="98" regionsoverflowed="0" regionsstable="0" regionsrebuilding="0"/>
  </mem-info>
</gc-end>
<concurrent-start id="37" type="GMP work packet processing" contextid="31" timestamp="2019-06-15T18:52:48.486">
  <concurrent-mark-start scanTarget="18446744073709551615" />
</concurrent-start>
<exclusive-end id="38" timestamp="2019-06-15T18:52:48.486" durationms="1.521" />

<concurrent-end id="39" type="GMP work packet processing" contextid="31" timestamp="2019-06-15T18:52:48.488">
  <concurrent-mark-end bytesScanned="681808" reasonForTermination="Completed all work in GC phase" />
</concurrent-end>

<exclusive-start id="40" timestamp="2019-06-15T18:52:48.560" intervalms="74.718">
  <response-info timems="0.097" idlems="0.097" threads="0" lastid="0000000001FD9C00" lastname="PmdThread 1" />
</exclusive-start>
<allocation-taxation id="41" taxation-threshold="2097152" timestamp="2019-06-15T18:52:48.560" intervalms="74.737" />
<cycle-start id="42" type="partial gc" contextid="0" timestamp="2019-06-15T18:52:48.560" intervalms="153.897" />
<gc-start id="43" type="partial gc" contextid="42" timestamp="2019-06-15T18:52:48.560">
  <mem-info id="44" free="1048576" total="8388608" percent="12">
    <mem type="eden" free="0" total="4194304" percent="0" />
    <remembered-set count="1408" freebytes="329216" totalbytes="334848" percent="98" regionsoverflowed="0" regionsstable="0" regionsrebuilding="0"/>
  </mem-info>
</gc-start>
<allocation-stats totalBytes="4125576" >
  <allocated-bytes non-tlh="433952" tlh="3691624" arrayletleaf="0"/>
  <largest-consumer threadName="PmdThread 1" threadId="0000000001FD9C00" bytes="2092576" />
</allocation-stats>
<gc-op id="45" type="copy forward" timems="5.377" contextid="42" timestamp="2019-06-15T18:52:48.567">
  <memory-copied type="eden" objects="9862" bytes="500496" bytesdiscarded="110912" />
  <memory-copied type="other" objects="4391" bytes="278896" bytesdiscarded="31744" />
  <memory-cardclean objects="684" bytes="30912" />
  <regions eden="4" other="1" />
  <remembered-set-cleared processed="796" cleared="571" durationms="0.063" />
  <finalization candidates="7" enqueued="0" />
  <ownableSynchronizers candidates="4" cleared="0" />
  <references type="soft" candidates="31" cleared="0" enqueued="0" dynamicThreshold="12" maxThreshold="32" />
  <references type="weak" candidates="528" cleared="0" enqueued="0" />
  <references type="phantom" candidates="12" cleared="0" enqueued="0" />
  <stringconstants candidates="4497" cleared="4"  />
  <heap-resize type="expand" space="default" amount="1048576" count="1" timems="0.393" reason="continue current collection" />
</gc-op>
<gc-op id="46" type="classunload" timems="0.002" contextid="42" timestamp="2019-06-15T18:52:48.567">
  <classunload-info classloadercandidates="6" classloadersunloaded="0" classesunloaded="0" anonymousclassesunloaded="0" quiescems="0.000" setupms="0.002" scanms="0.000" postms="0.000" />
</gc-op>
<gc-op id="47" type="compact" timems="0.978" contextid="42" timestamp="2019-06-15T18:52:48.568">
  <compact-info movecount="0" movebytes="0" />
  <remembered-set-cleared processed="2022" cleared="571" durationms="0.063" />
</gc-op>
<gc-end id="48" type="partial gc" contextid="42" durationms="7.922" usertimems="4.000" systemtimems="4.000" timestamp="2019-06-15T18:52:48.568" activeThreads="4">
  <mem-info id="49" free="5242880" total="9437184" percent="55">
    <mem type="eden" free="436496" total="1048576" percent="41" />
    <remembered-set count="1504" freebytes="370688" totalbytes="376704" percent="98" regionsoverflowed="0" regionsstable="0" regionsrebuilding="0"/>
  </mem-info>
</gc-end>
<cycle-end id="50" type="partial gc" contextid="42" timestamp="2019-06-15T18:52:48.568" />
  <attribute name="elasticGC enabled" value="1" />
  <attribute name= "numThreadsSpecified" value="4" />
  <attribute name="heapSize specified" value="0" />
  <attribute name="Current GC Util" value="62" />
  <attribute name= "Current Time Running" value="1293" />
  <attribute name ="GC Interval" value="0" />
  <attribute name="ProportionalT" value="63.000000" />
  <attribute name="ProportionalI" value="63.000000" />
  <attribute name="ProportionalH" value="63.000000" />
  <attribute name="Current Error" value="42.000000" />
  <attribute name="IntegralT" value="252.000000" />
  <attribute name="IntegralI" value="252.000000" />
  <attribute name="IntegralH" value="252.000000" />
  <attribute name="DerivativeT" value="3.500000" />
  <attribute name="DerivativeI" value="3.500000" />
  <attribute name="DerivativeH" value="3.500000" />
  <attribute name="Loop Time for DT" value="6.000000" />
  <attribute name="Output H" value="8388608"/>
  <attribute name="Output I" value="320"/>
  <attribute name="Output T" value="4"/>
  <attribute name="Target GC Util Change" value ="20.000000" />
  <attribute name="Current GC Util Change" value="62.000000"/>
  <attribute name="GC Util currently" value="62" />
  <attribute name="CPU Util currently" value="809398865992" />
<exclusive-end id="51" timestamp="2019-06-15T18:52:48.569" durationms="9.077" />

<exclusive-start id="52" timestamp="2019-06-15T18:52:48.650" intervalms="90.563">
  <response-info timems="0.030" idlems="0.030" threads="0" lastid="0000000001CC9700" lastname="main" />
</exclusive-start>
<allocation-taxation id="53" taxation-threshold="2097152" timestamp="2019-06-15T18:52:48.650" intervalms="90.529" />
<gc-start id="54" type="global mark phase" contextid="31" timestamp="2019-06-15T18:52:48.650">
  <mem-info id="55" free="3145728" total="9437184" percent="33">
    <remembered-set count="672" freebytes="374016" totalbytes="376704" percent="99" regionsoverflowed="0" regionsstable="1" regionsrebuilding="0"/>
  </mem-info>
</gc-start>
<gc-op id="56" type="mark increment" timems="2.305" contextid="31" timestamp="2019-06-15T18:52:48.653">
  <trace-info objectcount="16163" scancount="12458" scanbytes="335740" />
  <cardclean-info objects="2854" bytes="108752" />
  <finalization candidates="58" enqueued="0" />
  <ownableSynchronizers candidates="5" cleared="0" />
  <references type="soft" candidates="201" cleared="0" enqueued="0" dynamicThreshold="17" maxThreshold="32" />
  <references type="weak" candidates="952" cleared="262" enqueued="186" />
  <references type="phantom" candidates="96" cleared="7" enqueued="7" />
  <stringconstants candidates="4978" cleared="0"  />
</gc-op>
<gc-op id="57" type="classunload" timems="0.003" contextid="31" timestamp="2019-06-15T18:52:48.653">
  <classunload-info classloadercandidates="8" classloadersunloaded="0" classesunloaded="0" anonymousclassesunloaded="0" quiescems="0.000" setupms="0.003" scanms="0.000" postms="0.000" />
</gc-op>
<gc-end id="58" type="global mark phase" contextid="31" durationms="2.614" usertimems="0.000" systemtimems="0.000" timestamp="2019-06-15T18:52:48.653" activeThreads="4">
  <mem-info id="59" free="3145728" total="9437184" percent="33">
    <pending-finalizers system="0" default="0" reference="193" classloader="0" />
    <remembered-set count="672" freebytes="374016" totalbytes="376704" percent="99" regionsoverflowed="0" regionsstable="1" regionsrebuilding="0"/>
  </mem-info>
</gc-end>
<cycle-end id="60" type="global mark phase" contextid="31" timestamp="2019-06-15T18:52:48.653" />
  <attribute name="elasticGC enabled" value="1" />
  <attribute name= "numThreadsSpecified" value="4" />
  <attribute name="heapSize specified" value="0" />
  <attribute name="Current GC Util" value="2" />
  <attribute name= "Current Time Running" value="1378" />
  <attribute name ="GC Interval" value="0" />
  <attribute name="ProportionalT" value="-27.000000" />
  <attribute name="ProportionalI" value="-27.000000" />
  <attribute name="ProportionalH" value="-27.000000" />
  <attribute name="Current Error" value="-18.000000" />
  <attribute name="IntegralT" value="-18.000000" />
  <attribute name="IntegralI" value="-18.000000" />
  <attribute name="IntegralH" value="-18.000000" />
  <attribute name="DerivativeT" value="-9.000000" />
  <attribute name="DerivativeI" value="-9.000000" />
  <attribute name="DerivativeH" value="-9.000000" />
  <attribute name="Loop Time for DT" value="1.000000" />
  <attribute name="Output H" value="2091843584"/>
  <attribute name="Output I" value="200"/>
  <attribute name="Output T" value="4"/>
  <attribute name="Target GC Util Change" value ="20.000000" />
  <attribute name="Current GC Util Change" value="2.000000"/>
  <attribute name="GC Util currently" value="2" />
  <attribute name="CPU Util currently" value="5504026278575" />
<exclusive-end id="61" timestamp="2019-06-15T18:52:48.653" durationms="3.085" />

</verbosegc>

