<?xml version="1.0" ?>

<verbosegc xmlns="http://www.ibm.com/j9/verbosegc" version="6fe7bac_CMPRSS">

<initialized id="1" timestamp="2019-08-03T02:53:08.952">
  <attribute name="gcPolicy" value="-Xgcpolicy:balanced" />
  <attribute name="elasticGC enabled" value="1" />
  <attribute name= "numThreadsSpecified" value="0" />
  <attribute name="heapSize specified" value="0" />
  <attribute name= "numCores" value="0" />
  <attribute name ="GC Interval" value="0" />
  <attribute name="GC Util Range Max" value="0" />
  <attribute name="Current GC Util" value="0" />
  <attribute name= "Current Time Running" value="0" />
  <attribute name="maxHeapSize" value="0x7cb00000" />
  <attribute name="initialHeapSize" value="0x800000" />
  <attribute name="compressedRefs" value="true" />
  <attribute name="compressedRefsDisplacement" value="0x0" />
  <attribute name="compressedRefsShift" value="0x0" />
  <attribute name="pageSize" value="0x1000" />
  <attribute name="pageType" value="not used" />
  <attribute name="requestedPageSize" value="0x1000" />
  <attribute name="requestedPageType" value="not used" />
  <attribute name="gcthreads" value="8" />
  <attribute name="packetListSplit" value="8" />
  <attribute name="cacheListSplit" value="8" />
  <attribute name="splitFreeListSplitAmount" value="1" />
  <attribute name="numaNodes" value="0" />
  <region>
    <attribute name="regionSize" value="1048576" />
    <attribute name="regionCount" value="1995" />
    <attribute name="arrayletLeafSize" value="1048576" />
  </region>
  <system>
    <attribute name="physicalMemory" value="8370401280" />
    <attribute name="numCPUs" value="8" />
    <attribute name="architecture" value="amd64" />
    <attribute name="os" value="Linux" />
    <attribute name="osVersion" value="4.4.0-154-generic" />
  </system>
  <vmargs>
    <vmarg name="-Xoptionsfile=/vagrant/jdk/lib/options.default" />
    <vmarg name="-Xlockword:mode=default,noLockword=java/lang/String,noLockword=java/util/MapEntry,noLockword=java/util/HashMap$Entry,noLockword..." />
    <vmarg name="-Xjcl:jclse29" />
    <vmarg name="-Dcom.ibm.oti.vm.bootstrap.library.path=/vagrant/jdk/lib/compressedrefs:/vagrant/jdk/lib" />
    <vmarg name="-Dsun.boot.library.path=/vagrant/jdk/lib/compressedrefs:/vagrant/jdk/lib" />
    <vmarg name="-Djava.library.path=/vagrant/jdk/lib/compressedrefs:/vagrant/jdk/lib:/usr/lib64:/usr/lib" />
    <vmarg name="-Djava.home=/vagrant/jdk" />
    <vmarg name="-Duser.dir=/vagrant" />
    <vmarg name="-Xgcpolicy:balanced" />
    <vmarg name="-Xgcelastic" />
    <vmarg name="-Xcheck:gc:::elasticGC" />
    <vmarg name="-verbose:gc" />
    <vmarg name="-Xloggc:jdkR-small-BAL-8core-verbose14jython.txt" />
    <vmarg name="-Djava.class.path=dacapo-9.12-MR1-bach.jar" />
    <vmarg name="-Dsun.java.command=dacapo-9.12-MR1-bach.jar jython --size=small" />
    <vmarg name="-Dsun.java.launcher=SUN_STANDARD" />
    <vmarg name="-Dsun.java.launcher.pid=24547" />
  </vmargs>
</initialized>

<exclusive-start id="2" timestamp="2019-08-03T02:53:11.345" intervalms="2393.108">
  <response-info timems="0.022" idlems="0.022" threads="0" lastid="0000000001A53A00" lastname="main" />
</exclusive-start>
<allocation-taxation id="3" taxation-threshold="8388608" timestamp="2019-08-03T02:53:11.345" intervalms="2393.379" />
<cycle-start id="4" type="partial gc" contextid="0" timestamp="2019-08-03T02:53:11.346" intervalms="2393.635" />
<gc-start id="5" type="partial gc" contextid="4" timestamp="2019-08-03T02:53:11.346">
  <mem-info id="6" free="0" total="8388608" percent="0">
    <mem type="eden" free="264" total="8388608" percent="0" />
    <remembered-set count="0" freebytes="334848" totalbytes="334848" percent="100" regionsoverflowed="0" regionsstable="0" regionsrebuilding="0"/>
  </mem-info>
</gc-start>
<allocation-stats totalBytes="8336680" >
  <allocated-bytes non-tlh="357600" tlh="7979080" arrayletleaf="0"/>
  <largest-consumer threadName="main" threadId="0000000001A53A00" bytes="8243728" />
</allocation-stats>
<gc-op id="7" type="mark" timems="3.458" contextid="4" timestamp="2019-08-03T02:53:11.351">
  <trace-info objectcount="17743" scancount="14048" scanbytes="461824" />
  <remembered-set-cleared processed="0" cleared="0" durationms="0.249" />
  <finalization candidates="14" enqueued="1" />
  <references type="soft" candidates="63" cleared="0" enqueued="0" dynamicThreshold="32" maxThreshold="32" />
  <references type="weak" candidates="544" cleared="401" enqueued="362" />
  <references type="phantom" candidates="105" cleared="44" enqueued="44" />
  <stringconstants candidates="2406" cleared="0"  />
  <warning details="Mark for calibration purposes" />
</gc-op>
<gc-op id="8" type="classunload" timems="0.037" contextid="4" timestamp="2019-08-03T02:53:11.351">
  <classunload-info classloadercandidates="5" classloadersunloaded="0" classesunloaded="0" anonymousclassesunloaded="0" quiescems="0.000" setupms="0.037" scanms="0.000" postms="0.000" />
</gc-op>
<gc-op id="9" type="sweep" timems="0.616" contextid="4" timestamp="2019-08-03T02:53:11.352" />
<gc-op id="10" type="compact" timems="4.228" contextid="4" timestamp="2019-08-03T02:53:11.356">
  <compact-info movecount="17644" movebytes="960888" />
  <remembered-set-cleared processed="0" cleared="0" durationms="0.249" />
</gc-op>
<gc-end id="11" type="partial gc" contextid="4" durationms="11.083" usertimems="12.000" systemtimems="0.000" timestamp="2019-08-03T02:53:11.357" activeThreads="8">
  <mem-info id="12" free="7340032" total="8388608" percent="87">
    <mem type="eden" free="83200" total="1048576" percent="7" />
    <pending-finalizers system="1" default="0" reference="406" classloader="0" />
    <remembered-set count="0" freebytes="334848" totalbytes="334848" percent="100" regionsoverflowed="0" regionsstable="0" regionsrebuilding="0"/>
  </mem-info>
</gc-end>
<cycle-end id="13" type="partial gc" contextid="4" timestamp="2019-08-03T02:53:11.357" />
  <attribute name="elasticGC enabled" value="1" />
  <attribute name= "numThreadsSpecified" value="0" />
  <attribute name="heapSize specified" value="0" />
  <attribute name= "numCores" value="8" />
  <attribute name ="GC Interval" value="0" />
  <attribute name ="Control flow" value="1" />
  <attribute name="GC Util Range Max" value="156" />
  <attribute name="Current GC Util" value="82" />
  <attribute name= "Current Time Running" value="5" />
<exclusive-end id="14" timestamp="2019-08-03T02:53:11.357" durationms="12.174" />

<exclusive-start id="15" timestamp="2019-08-03T02:53:12.088" intervalms="743.143">
  <response-info timems="0.025" idlems="0.025" threads="0" lastid="0000000001A53A00" lastname="main" />
</exclusive-start>
<allocation-taxation id="16" taxation-threshold="7340032" timestamp="2019-08-03T02:53:12.088" intervalms="743.046" />
<cycle-start id="17" type="partial gc" contextid="0" timestamp="2019-08-03T02:53:12.089" intervalms="742.974" />
<gc-start id="18" type="partial gc" contextid="17" timestamp="2019-08-03T02:53:12.089">
  <mem-info id="19" free="0" total="8388608" percent="0">
    <mem type="eden" free="0" total="7340032" percent="0" />
    <remembered-set count="0" freebytes="334848" totalbytes="334848" percent="100" regionsoverflowed="0" regionsstable="0" regionsrebuilding="0"/>
  </mem-info>
</gc-start>
<allocation-stats totalBytes="7331808" >
  <allocated-bytes non-tlh="424256" tlh="6907552" arrayletleaf="0"/>
  <largest-consumer threadName="main" threadId="0000000001A53A00" bytes="7323528" />
</allocation-stats>
<gc-op id="20" type="mark" timems="2.748" contextid="17" timestamp="2019-08-03T02:53:12.092">
  <trace-info objectcount="20310" scancount="16165" scanbytes="550564" />
  <remembered-set-cleared processed="0" cleared="0" durationms="0.060" />
  <finalization candidates="50" enqueued="0" />
  <ownableSynchronizers candidates="17" cleared="0" />
  <references type="soft" candidates="67" cleared="0" enqueued="0" dynamicThreshold="28" maxThreshold="32" />
  <references type="weak" candidates="808" cleared="372" enqueued="262" />
  <references type="phantom" candidates="88" cleared="2" enqueued="2" />
  <stringconstants candidates="2647" cleared="0"  />
  <warning details="Mark invoked due to insufficient free space for Copy-Forward" />
</gc-op>
<gc-op id="21" type="classunload" timems="0.001" contextid="17" timestamp="2019-08-03T02:53:12.092">
  <classunload-info classloadercandidates="6" classloadersunloaded="0" classesunloaded="0" anonymousclassesunloaded="0" quiescems="0.000" setupms="0.001" scanms="0.000" postms="0.000" />
</gc-op>
<gc-op id="22" type="sweep" timems="0.410" contextid="17" timestamp="2019-08-03T02:53:12.093" />
<gc-op id="23" type="compact" timems="3.736" contextid="17" timestamp="2019-08-03T02:53:12.097">
  <compact-info movecount="19711" movebytes="1521240" />
  <remembered-set-cleared processed="0" cleared="0" durationms="0.060" />
</gc-op>
<gc-end id="24" type="partial gc" contextid="17" durationms="8.048" usertimems="12.000" systemtimems="0.000" timestamp="2019-08-03T02:53:12.097" activeThreads="8">
  <mem-info id="25" free="6291456" total="8388608" percent="75">
    <mem type="eden" free="282744" total="1048576" percent="26" />
    <pending-finalizers system="0" default="0" reference="264" classloader="0" />
    <remembered-set count="1536" freebytes="328704" totalbytes="334848" percent="98" regionsoverflowed="0" regionsstable="0" regionsrebuilding="0"/>
  </mem-info>
</gc-end>
<cycle-end id="26" type="partial gc" contextid="17" timestamp="2019-08-03T02:53:12.097" />
  <attribute name="elasticGC enabled" value="1" />
  <attribute name= "numThreadsSpecified" value="1" />
  <attribute name="heapSize specified" value="0" />
  <attribute name= "numCores" value="8" />
  <attribute name ="GC Interval" value="0" />
  <attribute name ="Control flow" value="3" />
  <attribute name="GC Util Range Max" value="156" />
  <attribute name="Current GC Util" value="32" />
  <attribute name= "Current Time Running" value="746" />
<exclusive-end id="27" timestamp="2019-08-03T02:53:12.097" durationms="9.056" />

<exclusive-start id="28" timestamp="2019-08-03T02:53:12.255" intervalms="166.935">
  <response-info timems="0.059" idlems="0.059" threads="0" lastid="0000000001A53A00" lastname="main" />
</exclusive-start>
<allocation-taxation id="29" taxation-threshold="3145728" timestamp="2019-08-03T02:53:12.255" intervalms="166.881" />
<cycle-start id="30" type="global mark phase" contextid="0" timestamp="2019-08-03T02:53:12.256" intervalms="3303.554" />
<gc-start id="31" type="global mark phase" contextid="30" timestamp="2019-08-03T02:53:12.256">
  <mem-info id="32" free="3145728" total="8388608" percent="37">
    <remembered-set count="1344" freebytes="329472" totalbytes="334848" percent="98" regionsoverflowed="0" regionsstable="0" regionsrebuilding="0"/>
  </mem-info>
</gc-start>
<gc-op id="33" type="mark increment" timems="0.813" contextid="30" timestamp="2019-08-03T02:53:12.256">
  <trace-info objectcount="128" scancount="0" scanbytes="0" />
</gc-op>
<gc-end id="34" type="global mark phase" contextid="30" durationms="0.901" usertimems="0.000" systemtimems="0.000" timestamp="2019-08-03T02:53:12.256" activeThreads="1">
  <mem-info id="35" free="3145728" total="8388608" percent="37">
    <remembered-set count="1344" freebytes="329472" totalbytes="334848" percent="98" regionsoverflowed="0" regionsstable="0" regionsrebuilding="0"/>
  </mem-info>
</gc-end>
<concurrent-start id="36" type="GMP work packet processing" contextid="30" timestamp="2019-08-03T02:53:12.257">
  <concurrent-mark-start scanTarget="18446744073709551615" />
</concurrent-start>
<exclusive-end id="37" timestamp="2019-08-03T02:53:12.257" durationms="1.460" />

<concurrent-end id="38" type="GMP work packet processing" contextid="30" timestamp="2019-08-03T02:53:12.259">
  <concurrent-mark-end bytesScanned="789816" reasonForTermination="Completed all work in GC phase" />
</concurrent-end>

<exclusive-start id="39" timestamp="2019-08-03T02:53:15.538" intervalms="3282.588">
  <response-info timems="0.025" idlems="0.025" threads="0" lastid="0000000001A53A00" lastname="main" />
</exclusive-start>
<allocation-taxation id="40" taxation-threshold="3145728" timestamp="2019-08-03T02:53:15.538" intervalms="3282.574" />
<cycle-start id="41" type="partial gc" contextid="0" timestamp="2019-08-03T02:53:15.538" intervalms="3449.544" />
<gc-start id="42" type="partial gc" contextid="41" timestamp="2019-08-03T02:53:15.538">
  <mem-info id="43" free="0" total="8388608" percent="0">
    <mem type="eden" free="80" total="6291456" percent="0" />
    <remembered-set count="1344" freebytes="329472" totalbytes="334848" percent="98" regionsoverflowed="0" regionsstable="0" regionsrebuilding="0"/>
  </mem-info>
</gc-start>
<allocation-stats totalBytes="6281672" >
  <allocated-bytes non-tlh="309880" tlh="5971792" arrayletleaf="0"/>
  <largest-consumer threadName="main" threadId="0000000001A53A00" bytes="3140952" />
</allocation-stats>
<gc-op id="44" type="mark" timems="2.741" contextid="41" timestamp="2019-08-03T02:53:15.542">
  <trace-info objectcount="19972" scancount="15913" scanbytes="532440" />
  <cardclean-info objects="605" bytes="28896" />
  <remembered-set-cleared processed="281" cleared="281" durationms="0.045" />
  <finalization candidates="50" enqueued="1" />
  <ownableSynchronizers candidates="17" cleared="0" />
  <references type="soft" candidates="385" cleared="0" enqueued="0" dynamicThreshold="12" maxThreshold="32" />
  <references type="weak" candidates="1250" cleared="153" enqueued="141" />
  <references type="phantom" candidates="43" cleared="6" enqueued="6" />
  <stringconstants candidates="4558" cleared="0"  />
  <warning details="Mark invoked due to insufficient free space for Copy-Forward" />
</gc-op>
<gc-op id="45" type="classunload" timems="0.002" contextid="41" timestamp="2019-08-03T02:53:15.542">
  <classunload-info classloadercandidates="10" classloadersunloaded="0" classesunloaded="0" anonymousclassesunloaded="0" quiescems="0.000" setupms="0.002" scanms="0.000" postms="0.000" />
</gc-op>
<gc-op id="46" type="sweep" timems="0.443" contextid="41" timestamp="2019-08-03T02:53:15.542" />
<gc-op id="47" type="compact" timems="3.384" contextid="41" timestamp="2019-08-03T02:53:15.546">
  <compact-info movecount="19809" movebytes="1354056" />
  <remembered-set-cleared processed="3318" cleared="3318" durationms="0.057" />
</gc-op>
<gc-end id="48" type="partial gc" contextid="41" durationms="7.770" usertimems="8.000" systemtimems="0.000" timestamp="2019-08-03T02:53:15.546" activeThreads="8">
  <mem-info id="49" free="5242880" total="8388608" percent="62">
    <mem type="eden" free="433192" total="1048576" percent="41" />
    <pending-finalizers system="1" default="0" reference="147" classloader="0" />
    <remembered-set count="2560" freebytes="324608" totalbytes="334848" percent="96" regionsoverflowed="0" regionsstable="0" regionsrebuilding="0"/>
  </mem-info>
</gc-end>
<cycle-end id="50" type="partial gc" contextid="41" timestamp="2019-08-03T02:53:15.546" />
  <attribute name="elasticGC enabled" value="1" />
  <attribute name= "numThreadsSpecified" value="1" />
  <attribute name="heapSize specified" value="0" />
  <attribute name= "numCores" value="8" />
  <attribute name ="GC Interval" value="0" />
  <attribute name ="Control flow" value="3" />
  <attribute name="GC Util Range Max" value="156" />
  <attribute name="Current GC Util" value="39" />
  <attribute name= "Current Time Running" value="4196" />
<exclusive-end id="51" timestamp="2019-08-03T02:53:15.546" durationms="8.683" />

<exclusive-start id="52" timestamp="2019-08-03T02:53:15.628" intervalms="90.547">
  <response-info timems="0.030" idlems="0.030" threads="0" lastid="0000000001A53A00" lastname="main" />
</exclusive-start>
<allocation-taxation id="53" taxation-threshold="2097152" timestamp="2019-08-03T02:53:15.628" intervalms="90.528" />
<gc-start id="54" type="global mark phase" contextid="30" timestamp="2019-08-03T02:53:15.628">
  <mem-info id="55" free="3145728" total="8388608" percent="37">
    <remembered-set count="2464" freebytes="324992" totalbytes="334848" percent="97" regionsoverflowed="0" regionsstable="0" regionsrebuilding="0"/>
  </mem-info>
</gc-start>
<gc-op id="56" type="mark increment" timems="2.525" contextid="30" timestamp="2019-08-03T02:53:15.631">
  <trace-info objectcount="22791" scancount="18429" scanbytes="628320" />
  <cardclean-info objects="748" bytes="35416" />
  <finalization candidates="65" enqueued="0" />
  <ownableSynchronizers candidates="17" cleared="0" />
  <references type="soft" candidates="586" cleared="0" enqueued="0" dynamicThreshold="20" maxThreshold="32" />
  <references type="weak" candidates="1426" cleared="13" enqueued="13" />
  <references type="phantom" candidates="94" cleared="0" enqueued="0" />
  <stringconstants candidates="4917" cleared="0"  />
</gc-op>
<gc-op id="57" type="classunload" timems="0.003" contextid="30" timestamp="2019-08-03T02:53:15.631">
  <classunload-info classloadercandidates="10" classloadersunloaded="0" classesunloaded="0" anonymousclassesunloaded="0" quiescems="0.000" setupms="0.003" scanms="0.000" postms="0.000" />
</gc-op>
<gc-end id="58" type="global mark phase" contextid="30" durationms="2.786" usertimems="4.000" systemtimems="0.000" timestamp="2019-08-03T02:53:15.631" activeThreads="8">
  <mem-info id="59" free="3145728" total="8388608" percent="37">
    <pending-finalizers system="0" default="0" reference="13" classloader="0" />
    <remembered-set count="2464" freebytes="324992" totalbytes="334848" percent="97" regionsoverflowed="0" regionsstable="0" regionsrebuilding="0"/>
  </mem-info>
</gc-end>
<cycle-end id="60" type="global mark phase" contextid="30" timestamp="2019-08-03T02:53:15.631" />
  <attribute name="elasticGC enabled" value="1" />
  <attribute name= "numThreadsSpecified" value="1" />
  <attribute name="heapSize specified" value="0" />
  <attribute name= "numCores" value="8" />
  <attribute name ="GC Interval" value="0" />
  <attribute name ="Control flow" value="3" />
  <attribute name="GC Util Range Max" value="156" />
  <attribute name="Current GC Util" value="90" />
  <attribute name= "Current Time Running" value="4283" />
<exclusive-end id="61" timestamp="2019-08-03T02:53:15.631" durationms="3.110" />

<exclusive-start id="62" timestamp="2019-08-03T02:53:15.713" intervalms="84.576">
  <response-info timems="0.055" idlems="0.055" threads="0" lastid="0000000001A53A00" lastname="main" />
</exclusive-start>
<allocation-taxation id="63" taxation-threshold="2097152" timestamp="2019-08-03T02:53:15.713" intervalms="84.598" />
<cycle-start id="64" type="partial gc" contextid="0" timestamp="2019-08-03T02:53:15.713" intervalms="174.952" />
<gc-start id="65" type="partial gc" contextid="64" timestamp="2019-08-03T02:53:15.713">
  <mem-info id="66" free="1048576" total="8388608" percent="12">
    <mem type="eden" free="0" total="4194304" percent="0" />
    <remembered-set count="2464" freebytes="324992" totalbytes="334848" percent="97" regionsoverflowed="0" regionsstable="0" regionsrebuilding="0"/>
  </mem-info>
</gc-start>
<allocation-stats totalBytes="4175584" >
  <allocated-bytes non-tlh="85040" tlh="4090544" arrayletleaf="0"/>
  <largest-consumer threadName="main" threadId="0000000001A53A00" bytes="2092752" />
</allocation-stats>
<gc-op id="67" type="sweep" timems="0.682" contextid="64" timestamp="2019-08-03T02:53:15.714" />
<gc-op id="68" type="copy forward" timems="4.571" contextid="64" timestamp="2019-08-03T02:53:15.719">
  <memory-copied type="eden" objects="1310" bytes="50704" bytesdiscarded="1326" />
  <memory-copied type="other" objects="19386" bytes="750832" bytesdiscarded="16258" />
  <memory-cardclean objects="631" bytes="34816" />
  <memory-traced type="eden" objects="785" bytes="53008" />
  <memory-traced type="other" objects="0" bytes="0" />
  <regions eden="2" other="3" evacuated="4" marked="1" />
  <remembered-set-cleared processed="1586" cleared="1387" durationms="0.056" />
  <finalization candidates="15" enqueued="0" />
  <references type="soft" candidates="562" cleared="0" enqueued="0" dynamicThreshold="12" maxThreshold="32" />
  <references type="weak" candidates="1171" cleared="0" enqueued="0" />
  <references type="phantom" candidates="10" cleared="0" enqueued="0" />
  <stringconstants candidates="5120" cleared="0"  />
  <heap-resize type="expand" space="default" amount="1048576" count="1" timems="0.254" reason="continue current collection" />
</gc-op>
<gc-op id="69" type="classunload" timems="0.002" contextid="64" timestamp="2019-08-03T02:53:15.719">
  <classunload-info classloadercandidates="10" classloadersunloaded="0" classesunloaded="0" anonymousclassesunloaded="0" quiescems="0.000" setupms="0.002" scanms="0.000" postms="0.000" />
</gc-op>
<gc-op id="70" type="compact" timems="0.759" contextid="64" timestamp="2019-08-03T02:53:15.720">
  <compact-info movecount="923" movebytes="93824" />
  <remembered-set-cleared processed="4688" cleared="2434" durationms="0.067" />
</gc-op>
<gc-end id="71" type="partial gc" contextid="64" durationms="7.314" usertimems="4.000" systemtimems="4.000" timestamp="2019-08-03T02:53:15.721" activeThreads="1">
  <mem-info id="72" free="4194304" total="9437184" percent="44">
    <mem type="eden" free="1787176" total="2097152" percent="85" />
    <remembered-set count="5088" freebytes="356352" totalbytes="376704" percent="94" regionsoverflowed="0" regionsstable="0" regionsrebuilding="0"/>
  </mem-info>
</gc-end>
<cycle-end id="73" type="partial gc" contextid="64" timestamp="2019-08-03T02:53:15.721" />
  <attribute name="elasticGC enabled" value="1" />
  <attribute name= "numThreadsSpecified" value="1" />
  <attribute name="heapSize specified" value="0" />
  <attribute name= "numCores" value="8" />
  <attribute name ="GC Interval" value="0" />
  <attribute name ="Control flow" value="3" />
  <attribute name="GC Util Range Max" value="156" />
  <attribute name="Current GC Util" value="83" />
  <attribute name= "Current Time Running" value="4373" />
<exclusive-end id="74" timestamp="2019-08-03T02:53:15.721" durationms="8.095" />

<exclusive-start id="75" timestamp="2019-08-03T02:53:15.787" intervalms="73.908">
  <response-info timems="0.062" idlems="0.062" threads="0" lastid="0000000001A53A00" lastname="main" />
</exclusive-start>
<allocation-taxation id="76" taxation-threshold="2097152" timestamp="2019-08-03T02:53:15.787" intervalms="73.947" />
<cycle-start id="77" type="global mark phase" contextid="0" timestamp="2019-08-03T02:53:15.787" intervalms="3531.596" />
<gc-start id="78" type="global mark phase" contextid="77" timestamp="2019-08-03T02:53:15.787">
  <mem-info id="79" free="2097152" total="9437184" percent="22">
    <remembered-set count="4928" freebytes="356992" totalbytes="376704" percent="94" regionsoverflowed="0" regionsstable="0" regionsrebuilding="0"/>
  </mem-info>
</gc-start>
<gc-op id="80" type="mark increment" timems="0.506" contextid="77" timestamp="2019-08-03T02:53:15.788">
  <trace-info objectcount="143" scancount="0" scanbytes="0" />
</gc-op>
<gc-end id="81" type="global mark phase" contextid="77" durationms="0.699" usertimems="0.000" systemtimems="0.000" timestamp="2019-08-03T02:53:15.788" activeThreads="1">
  <mem-info id="82" free="2097152" total="9437184" percent="22">
    <remembered-set count="4928" freebytes="356992" totalbytes="376704" percent="94" regionsoverflowed="0" regionsstable="0" regionsrebuilding="0"/>
  </mem-info>
</gc-end>
<concurrent-start id="83" type="GMP work packet processing" contextid="77" timestamp="2019-08-03T02:53:15.788">
  <concurrent-mark-start scanTarget="18446744073709551615" />
</concurrent-start>
<exclusive-end id="84" timestamp="2019-08-03T02:53:15.788" durationms="1.413" />

<concurrent-end id="85" type="GMP work packet processing" contextid="77" timestamp="2019-08-03T02:53:15.790">
  <concurrent-mark-end bytesScanned="1187216" reasonForTermination="Completed all work in GC phase" />
</concurrent-end>

<exclusive-start id="86" timestamp="2019-08-03T02:53:15.889" intervalms="102.192">
  <response-info timems="0.078" idlems="0.078" threads="0" lastid="0000000001A53A00" lastname="main" />
</exclusive-start>
<allocation-taxation id="87" taxation-threshold="2097152" timestamp="2019-08-03T02:53:15.889" intervalms="102.196" />
<cycle-start id="88" type="partial gc" contextid="0" timestamp="2019-08-03T02:53:15.889" intervalms="176.187" />
<gc-start id="89" type="partial gc" contextid="88" timestamp="2019-08-03T02:53:15.889">
  <mem-info id="90" free="0" total="9437184" percent="0">
    <mem type="eden" free="953896" total="5242880" percent="18" />
    <remembered-set count="4928" freebytes="356992" totalbytes="376704" percent="94" regionsoverflowed="0" regionsstable="0" regionsrebuilding="0"/>
  </mem-info>
</gc-start>
<allocation-stats totalBytes="4189000" >
  <allocated-bytes non-tlh="122792" tlh="4066208" arrayletleaf="0"/>
  <largest-consumer threadName="main" threadId="0000000001A53A00" bytes="2025432" />
</allocation-stats>
<gc-op id="91" type="mark" timems="3.078" contextid="88" timestamp="2019-08-03T02:53:15.893">
  <trace-info objectcount="16167" scancount="13922" scanbytes="506244" />
  <cardclean-info objects="1766" bytes="84940" />
  <remembered-set-cleared processed="2275" cleared="1094" durationms="0.061" />
  <finalization candidates="17" enqueued="0" />
  <ownableSynchronizers candidates="6" cleared="0" />
  <references type="soft" candidates="431" cleared="0" enqueued="0" dynamicThreshold="7" maxThreshold="32" />
  <references type="weak" candidates="2209" cleared="461" enqueued="313" />
  <references type="phantom" candidates="5" cleared="2" enqueued="2" />
  <stringconstants candidates="6078" cleared="0"  />
  <warning details="Mark invoked due to insufficient free space for Copy-Forward" />
</gc-op>
<gc-op id="92" type="classunload" timems="0.002" contextid="88" timestamp="2019-08-03T02:53:15.893">
  <classunload-info classloadercandidates="11" classloadersunloaded="0" classesunloaded="0" anonymousclassesunloaded="0" quiescems="0.000" setupms="0.002" scanms="0.000" postms="0.000" />
</gc-op>
<gc-op id="93" type="sweep" timems="0.411" contextid="88" timestamp="2019-08-03T02:53:15.894" />
<gc-op id="94" type="compact" timems="4.740" contextid="88" timestamp="2019-08-03T02:53:15.899">
  <compact-info movecount="16146" movebytes="717552" />
  <remembered-set-cleared processed="11327" cleared="8925" durationms="0.083" />
</gc-op>
<heap-resize id="95" type="contract" space="default" amount="1048576" count="1" timems="0.133" reason="insufficient time being spent in gc" timestamp="2019-08-03T02:53:15.899" />
<gc-end id="96" type="partial gc" contextid="88" durationms="9.496" usertimems="12.000" systemtimems="0.000" timestamp="2019-08-03T02:53:15.899" activeThreads="8">
  <mem-info id="97" free="3145728" total="8388608" percent="37">
    <mem type="eden" free="1378376" total="2097152" percent="65" />
    <pending-finalizers system="0" default="0" reference="315" classloader="0" />
    <remembered-set count="4960" freebytes="356864" totalbytes="376704" percent="94" regionsoverflowed="0" regionsstable="0" regionsrebuilding="0"/>
  </mem-info>
</gc-end>
<cycle-end id="98" type="partial gc" contextid="88" timestamp="2019-08-03T02:53:15.899" />
  <attribute name="elasticGC enabled" value="1" />
  <attribute name= "numThreadsSpecified" value="1" />
  <attribute name="heapSize specified" value="0" />
  <attribute name= "numCores" value="8" />
  <attribute name ="GC Interval" value="0" />
  <attribute name ="Control flow" value="3" />
  <attribute name="GC Util Range Max" value="156" />
  <attribute name="Current GC Util" value="47" />
  <attribute name= "Current Time Running" value="4547" />
<exclusive-end id="99" timestamp="2019-08-03T02:53:15.899" durationms="10.271" />

<exclusive-start id="100" timestamp="2019-08-03T02:53:15.919" intervalms="29.863">
  <response-info timems="0.060" idlems="0.060" threads="0" lastid="0000000001A53A00" lastname="main" />
</exclusive-start>
<allocation-taxation id="101" taxation-threshold="1048576" timestamp="2019-08-03T02:53:15.919" intervalms="29.836" />
<gc-start id="102" type="global mark phase" contextid="77" timestamp="2019-08-03T02:53:15.919">
  <mem-info id="103" free="2097152" total="8388608" percent="25">
    <remembered-set count="4544" freebytes="358528" totalbytes="376704" percent="95" regionsoverflowed="0" regionsstable="0" regionsrebuilding="0"/>
  </mem-info>
</gc-start>
<gc-op id="104" type="mark increment" timems="9.125" contextid="77" timestamp="2019-08-03T02:53:15.928">
  <trace-info objectcount="17633" scancount="15141" scanbytes="554952" />
  <cardclean-info objects="2079" bytes="98472" />
  <finalization candidates="79" enqueued="0" />
  <ownableSynchronizers candidates="23" cleared="0" />
  <references type="soft" candidates="959" cleared="0" enqueued="0" dynamicThreshold="12" maxThreshold="32" />
  <references type="weak" candidates="2953" cleared="6" enqueued="6" />
  <references type="phantom" candidates="102" cleared="2" enqueued="2" />
  <stringconstants candidates="6190" cleared="0"  />
</gc-op>
<gc-op id="105" type="classunload" timems="0.004" contextid="77" timestamp="2019-08-03T02:53:15.928">
  <classunload-info classloadercandidates="11" classloadersunloaded="0" classesunloaded="0" anonymousclassesunloaded="0" quiescems="0.000" setupms="0.004" scanms="0.000" postms="0.000" />
</gc-op>
<gc-end id="106" type="global mark phase" contextid="77" durationms="9.428" usertimems="8.000" systemtimems="0.000" timestamp="2019-08-03T02:53:15.928" activeThreads="8">
  <mem-info id="107" free="2097152" total="8388608" percent="25">
    <pending-finalizers system="0" default="0" reference="8" classloader="0" />
    <remembered-set count="4544" freebytes="358528" totalbytes="376704" percent="95" regionsoverflowed="0" regionsstable="0" regionsrebuilding="0"/>
  </mem-info>
</gc-end>
<cycle-end id="108" type="global mark phase" contextid="77" timestamp="2019-08-03T02:53:15.929" />
  <attribute name="elasticGC enabled" value="1" />
  <attribute name= "numThreadsSpecified" value="1" />
  <attribute name="heapSize specified" value="0" />
  <attribute name= "numCores" value="8" />
  <attribute name ="GC Interval" value="0" />
  <attribute name ="Control flow" value="2" />
  <attribute name="GC Util Range Max" value="156" />
  <attribute name="Current GC Util" value="0" />
  <attribute name= "Current Time Running" value="4576" />
<exclusive-end id="109" timestamp="2019-08-03T02:53:15.929" durationms="9.847" />

<exclusive-start id="110" timestamp="2019-08-03T02:53:15.951" intervalms="32.600">
  <response-info timems="0.080" idlems="0.080" threads="0" lastid="0000000001A53A00" lastname="main" />
</exclusive-start>
<allocation-taxation id="111" taxation-threshold="1048576" timestamp="2019-08-03T02:53:15.952" intervalms="32.609" />
<cycle-start id="112" type="partial gc" contextid="0" timestamp="2019-08-03T02:53:15.952" intervalms="62.423" />
<gc-start id="113" type="partial gc" contextid="112" timestamp="2019-08-03T02:53:15.952">
  <mem-info id="114" free="1048576" total="8388608" percent="12">
    <mem type="eden" free="0" total="2097152" percent="0" />
    <remembered-set count="4544" freebytes="358528" totalbytes="376704" percent="95" regionsoverflowed="0" regionsstable="0" regionsrebuilding="0"/>
  </mem-info>
</gc-start>
<allocation-stats totalBytes="1987504" >
  <allocated-bytes non-tlh="526832" tlh="1460672" arrayletleaf="0"/>
  <largest-consumer threadName="main" threadId="0000000001A53A00" bytes="987424" />
</allocation-stats>
<gc-op id="115" type="sweep" timems="2.457" contextid="112" timestamp="2019-08-03T02:53:15.955" />
<gc-op id="116" type="copy forward" timems="3.499" contextid="112" timestamp="2019-08-03T02:53:15.959">
  <memory-copied type="eden" objects="0" bytes="0" bytesdiscarded="0" />
  <memory-copied type="other" objects="11846" bytes="778760" bytesdiscarded="13168" />
  <memory-cardclean objects="6897" bytes="345408" />
  <memory-traced type="eden" objects="311" bytes="26056" />
  <memory-traced type="other" objects="0" bytes="0" />
  <regions eden="1" other="2" evacuated="2" marked="1" />
  <remembered-set-cleared processed="1485" cleared="1300" durationms="0.062" />
  <finalization candidates="14" enqueued="0" />
  <ownableSynchronizers candidates="6" cleared="0" />
  <references type="soft" candidates="339" cleared="0" enqueued="0" dynamicThreshold="8" maxThreshold="32" />
  <references type="weak" candidates="1405" cleared="0" enqueued="0" />
  <references type="phantom" candidates="8" cleared="0" enqueued="0" />
  <stringconstants candidates="6231" cleared="0"  />
  <heap-resize type="expand" space="default" amount="1048576" count="1" timems="0.051" reason="continue current collection" />
</gc-op>
<gc-op id="117" type="classunload" timems="0.003" contextid="112" timestamp="2019-08-03T02:53:15.959">
  <classunload-info classloadercandidates="11" classloadersunloaded="0" classesunloaded="0" anonymousclassesunloaded="0" quiescems="0.000" setupms="0.003" scanms="0.000" postms="0.000" />
</gc-op>
<gc-op id="118" type="compact" timems="1.311" contextid="112" timestamp="2019-08-03T02:53:15.961">
  <compact-info movecount="422" movebytes="348304" />
  <remembered-set-cleared processed="5582" cleared="1483" durationms="0.065" />
</gc-op>
<heap-resize id="119" type="expand" space="default" amount="4194304" count="1" timems="0.070" reason="insufficient free space following gc" timestamp="2019-08-03T02:53:15.961" />
<gc-end id="120" type="partial gc" contextid="112" durationms="9.394" usertimems="12.000" systemtimems="0.000" timestamp="2019-08-03T02:53:15.961" activeThreads="8">
  <mem-info id="121" free="6291456" total="13631488" percent="46">
    <mem type="eden" free="1420056" total="2097152" percent="67" />
    <remembered-set count="6336" freebytes="518784" totalbytes="544128" percent="95" regionsoverflowed="0" regionsstable="0" regionsrebuilding="0"/>
  </mem-info>
</gc-end>
<cycle-end id="122" type="partial gc" contextid="112" timestamp="2019-08-03T02:53:15.961" />
  <attribute name="elasticGC enabled" value="1" />
  <attribute name= "numThreadsSpecified" value="2" />
  <attribute name="heapSize specified" value="0" />
  <attribute name= "numCores" value="8" />
  <attribute name ="GC Interval" value="0" />
  <attribute name ="Control flow" value="3" />
  <attribute name="GC Util Range Max" value="156" />
  <attribute name="Current GC Util" value="75" />
  <attribute name= "Current Time Running" value="4613" />
<exclusive-end id="123" timestamp="2019-08-03T02:53:15.962" durationms="10.207" />

<exclusive-start id="124" timestamp="2019-08-03T02:53:16.041" intervalms="89.870">
  <response-info timems="0.057" idlems="0.057" threads="0" lastid="0000000001A53A00" lastname="main" />
</exclusive-start>
<allocation-taxation id="125" taxation-threshold="3145728" timestamp="2019-08-03T02:53:16.041" intervalms="89.902" />
<cycle-start id="126" type="global mark phase" contextid="0" timestamp="2019-08-03T02:53:16.042" intervalms="254.516" />
<gc-start id="127" type="global mark phase" contextid="126" timestamp="2019-08-03T02:53:16.042">
  <mem-info id="128" free="3145728" total="13631488" percent="23">
    <remembered-set count="5856" freebytes="520704" totalbytes="544128" percent="95" regionsoverflowed="0" regionsstable="0" regionsrebuilding="0"/>
  </mem-info>
</gc-start>
<gc-op id="129" type="mark increment" timems="0.544" contextid="126" timestamp="2019-08-03T02:53:16.042">
  <trace-info objectcount="163" scancount="0" scanbytes="0" />
</gc-op>
<gc-end id="130" type="global mark phase" contextid="126" durationms="0.774" usertimems="0.000" systemtimems="0.000" timestamp="2019-08-03T02:53:16.043" activeThreads="2">
  <mem-info id="131" free="3145728" total="13631488" percent="23">
    <remembered-set count="5856" freebytes="520704" totalbytes="544128" percent="95" regionsoverflowed="0" regionsstable="0" regionsrebuilding="0"/>
  </mem-info>
</gc-end>
<concurrent-start id="132" type="GMP work packet processing" contextid="126" timestamp="2019-08-03T02:53:16.043">
  <concurrent-mark-start scanTarget="18446744073709551615" />
</concurrent-start>
<exclusive-end id="133" timestamp="2019-08-03T02:53:16.043" durationms="1.406" />

<concurrent-end id="134" type="GMP work packet processing" contextid="126" timestamp="2019-08-03T02:53:16.045">
  <concurrent-mark-end bytesScanned="1702592" reasonForTermination="Completed all work in GC phase" />
</concurrent-end>

<exclusive-start id="135" timestamp="2019-08-03T02:53:16.120" intervalms="78.659">
  <response-info timems="0.035" idlems="0.035" threads="0" lastid="0000000001A53A00" lastname="main" />
</exclusive-start>
<allocation-taxation id="136" taxation-threshold="3145728" timestamp="2019-08-03T02:53:16.120" intervalms="78.594" />
<cycle-start id="137" type="partial gc" contextid="0" timestamp="2019-08-03T02:53:16.120" intervalms="168.480" />
<gc-start id="138" type="partial gc" contextid="137" timestamp="2019-08-03T02:53:16.120">
  <mem-info id="139" free="0" total="13631488" percent="0">
    <mem type="eden" free="700272" total="7340032" percent="9" />
    <remembered-set count="5856" freebytes="520704" totalbytes="544128" percent="95" regionsoverflowed="0" regionsstable="0" regionsrebuilding="0"/>
  </mem-info>
</gc-start>
<allocation-stats totalBytes="6286400" >
  <allocated-bytes non-tlh="1119448" tlh="5166952" arrayletleaf="0"/>
  <largest-consumer threadName="main" threadId="0000000001A53A00" bytes="3143056" />
</allocation-stats>
<gc-op id="140" type="mark" timems="4.596" contextid="137" timestamp="2019-08-03T02:53:16.126">
  <trace-info objectcount="11226" scancount="8572" scanbytes="364796" />
  <cardclean-info objects="645" bytes="45248" />
  <remembered-set-cleared processed="4007" cleared="512" durationms="0.086" />
  <references type="soft" candidates="143" cleared="0" enqueued="0" dynamicThreshold="7" maxThreshold="32" />
  <references type="weak" candidates="479" cleared="8" enqueued="8" />
  <references type="phantom" candidates="5" cleared="1" enqueued="1" />
  <stringconstants candidates="7115" cleared="0"  />
  <warning details="Mark invoked due to insufficient free space for Copy-Forward" />
</gc-op>
<gc-op id="141" type="classunload" timems="0.002" contextid="137" timestamp="2019-08-03T02:53:16.126">
  <classunload-info classloadercandidates="11" classloadersunloaded="0" classesunloaded="0" anonymousclassesunloaded="0" quiescems="0.000" setupms="0.002" scanms="0.000" postms="0.000" />
</gc-op>
<gc-op id="142" type="sweep" timems="1.648" contextid="137" timestamp="2019-08-03T02:53:16.127" />
<gc-op id="143" type="compact" timems="3.283" contextid="137" timestamp="2019-08-03T02:53:16.131">
  <compact-info movecount="10220" movebytes="984928" />
  <remembered-set-cleared processed="10648" cleared="3648" durationms="0.086" />
</gc-op>
<gc-end id="144" type="partial gc" contextid="137" durationms="10.734" usertimems="12.000" systemtimems="0.000" timestamp="2019-08-03T02:53:16.131" activeThreads="2">
  <mem-info id="145" free="6291456" total="13631488" percent="46">
    <mem type="eden" free="360928" total="1048576" percent="34" />
    <pending-finalizers system="0" default="0" reference="9" classloader="0" />
    <remembered-set count="7776" freebytes="513024" totalbytes="544128" percent="94" regionsoverflowed="0" regionsstable="0" regionsrebuilding="0"/>
  </mem-info>
</gc-end>
<cycle-end id="146" type="partial gc" contextid="137" timestamp="2019-08-03T02:53:16.131" />
  <attribute name="elasticGC enabled" value="1" />
  <attribute name= "numThreadsSpecified" value="2" />
  <attribute name="heapSize specified" value="0" />
  <attribute name= "numCores" value="8" />
  <attribute name ="GC Interval" value="0" />
  <attribute name ="Control flow" value="3" />
  <attribute name="GC Util Range Max" value="156" />
  <attribute name="Current GC Util" value="130" />
  <attribute name= "Current Time Running" value="4781" />
<exclusive-end id="147" timestamp="2019-08-03T02:53:16.132" durationms="11.596" />

<exclusive-start id="148" timestamp="2019-08-03T02:53:16.198" intervalms="78.174">
  <response-info timems="0.035" idlems="0.035" threads="0" lastid="0000000001A53A00" lastname="main" />
</exclusive-start>
<allocation-taxation id="149" taxation-threshold="3145728" timestamp="2019-08-03T02:53:16.198" intervalms="78.174" />
<gc-start id="150" type="global mark phase" contextid="126" timestamp="2019-08-03T02:53:16.198">
  <mem-info id="151" free="3145728" total="13631488" percent="23">
    <remembered-set count="7328" freebytes="514816" totalbytes="544128" percent="94" regionsoverflowed="0" regionsstable="0" regionsrebuilding="0"/>
  </mem-info>
</gc-start>
<gc-op id="152" type="mark increment" timems="6.542" contextid="126" timestamp="2019-08-03T02:53:16.205">
  <trace-info objectcount="14207" scancount="11176" scanbytes="462580" />
  <cardclean-info objects="1158" bytes="67276" />
  <finalization candidates="79" enqueued="0" />
  <ownableSynchronizers candidates="23" cleared="0" />
  <references type="soft" candidates="1022" cleared="0" enqueued="0" dynamicThreshold="14" maxThreshold="32" />
  <references type="weak" candidates="3713" cleared="0" enqueued="0" />
  <references type="phantom" candidates="101" cleared="0" enqueued="0" />
  <stringconstants candidates="7345" cleared="0"  />
</gc-op>
<gc-op id="153" type="classunload" timems="0.005" contextid="126" timestamp="2019-08-03T02:53:16.205">
  <classunload-info classloadercandidates="11" classloadersunloaded="0" classesunloaded="0" anonymousclassesunloaded="0" quiescems="0.000" setupms="0.005" scanms="0.000" postms="0.000" />
</gc-op>
<gc-end id="154" type="global mark phase" contextid="126" durationms="6.870" usertimems="12.000" systemtimems="0.000" timestamp="2019-08-03T02:53:16.205" activeThreads="8">
  <mem-info id="155" free="3145728" total="13631488" percent="23">
    <remembered-set count="7328" freebytes="514816" totalbytes="544128" percent="94" regionsoverflowed="0" regionsstable="0" regionsrebuilding="0"/>
  </mem-info>
</gc-end>
<cycle-end id="156" type="global mark phase" contextid="126" timestamp="2019-08-03T02:53:16.205" />
  <attribute name="elasticGC enabled" value="1" />
  <attribute name= "numThreadsSpecified" value="1" />
  <attribute name="heapSize specified" value="0" />
  <attribute name= "numCores" value="8" />
  <attribute name ="GC Interval" value="0" />
  <attribute name ="Control flow" value="1" />
  <attribute name="GC Util Range Max" value="156" />
  <attribute name="Current GC Util" value="0" />
  <attribute name= "Current Time Running" value="4854" />
<exclusive-end id="157" timestamp="2019-08-03T02:53:16.205" durationms="7.318" />

<exclusive-start id="158" timestamp="2019-08-03T02:53:16.248" intervalms="49.998">
  <response-info timems="0.039" idlems="0.039" threads="0" lastid="0000000001A53A00" lastname="main" />
</exclusive-start>
<allocation-taxation id="159" taxation-threshold="3145728" timestamp="2019-08-03T02:53:16.248" intervalms="49.999" />
<cycle-start id="160" type="partial gc" contextid="0" timestamp="2019-08-03T02:53:16.248" intervalms="128.158" />
<gc-start id="161" type="partial gc" contextid="160" timestamp="2019-08-03T02:53:16.249">
  <mem-info id="162" free="0" total="13631488" percent="0">
    <mem type="eden" free="0" total="6291456" percent="0" />
    <remembered-set count="7328" freebytes="514816" totalbytes="544128" percent="94" regionsoverflowed="0" regionsstable="0" regionsrebuilding="0"/>
  </mem-info>
</gc-start>
<allocation-stats totalBytes="6288952" >
  <allocated-bytes non-tlh="54496" tlh="6234456" arrayletleaf="0"/>
  <largest-consumer threadName="main" threadId="0000000001A53A00" bytes="3145024" />
</allocation-stats>
<gc-op id="163" type="sweep" timems="0.674" contextid="160" timestamp="2019-08-03T02:53:16.249" />
<gc-op id="164" type="mark" timems="4.872" contextid="160" timestamp="2019-08-03T02:53:16.255">
  <trace-info objectcount="16454" scancount="13147" scanbytes="536536" />
  <cardclean-info objects="486" bytes="23608" />
  <remembered-set-cleared processed="5152" cleared="1249" durationms="0.304" />
  <references type="soft" candidates="54" cleared="0" enqueued="0" dynamicThreshold="7" maxThreshold="32" />
  <references type="weak" candidates="870" cleared="0" enqueued="0" />
  <stringconstants candidates="7429" cleared="0"  />
  <warning details="Mark invoked due to insufficient free space for Copy-Forward" />
</gc-op>
<gc-op id="165" type="classunload" timems="0.003" contextid="160" timestamp="2019-08-03T02:53:16.255">
  <classunload-info classloadercandidates="11" classloadersunloaded="0" classesunloaded="0" anonymousclassesunloaded="0" quiescems="0.000" setupms="0.003" scanms="0.000" postms="0.000" />
</gc-op>
<gc-op id="166" type="sweep" timems="1.934" contextid="160" timestamp="2019-08-03T02:53:16.257" />
<gc-op id="167" type="compact" timems="2.463" contextid="160" timestamp="2019-08-03T02:53:16.260">
  <compact-info movecount="16126" movebytes="950864" />
  <remembered-set-cleared processed="13701" cleared="5869" durationms="0.304" />
</gc-op>
<gc-end id="168" type="partial gc" contextid="160" durationms="11.738" usertimems="12.000" systemtimems="8.000" timestamp="2019-08-03T02:53:16.260" activeThreads="2">
  <mem-info id="169" free="5242880" total="13631488" percent="38">
    <mem type="eden" free="770992" total="1048576" percent="73" />
    <remembered-set count="8544" freebytes="509952" totalbytes="544128" percent="93" regionsoverflowed="0" regionsstable="0" regionsrebuilding="0"/>
  </mem-info>
</gc-end>
<cycle-end id="170" type="partial gc" contextid="160" timestamp="2019-08-03T02:53:16.260" />
  <attribute name="elasticGC enabled" value="1" />
  <attribute name= "numThreadsSpecified" value="2" />
  <attribute name="heapSize specified" value="0" />
  <attribute name= "numCores" value="8" />
  <attribute name ="GC Interval" value="0" />
  <attribute name ="Control flow" value="1" />
  <attribute name="GC Util Range Max" value="156" />
  <attribute name="Current GC Util" value="130" />
  <attribute name= "Current Time Running" value="4911" />
<exclusive-end id="171" timestamp="2019-08-03T02:53:16.261" durationms="12.472" />

<exclusive-start id="172" timestamp="2019-08-03T02:53:16.334" intervalms="85.530">
  <response-info timems="0.136" idlems="0.136" threads="0" lastid="0000000001A53A00" lastname="main" />
</exclusive-start>
<allocation-taxation id="173" taxation-threshold="5242880" timestamp="2019-08-03T02:53:16.334" intervalms="85.571" />
<cycle-start id="174" type="partial gc" contextid="0" timestamp="2019-08-03T02:53:16.334" intervalms="85.650" />
<gc-start id="175" type="partial gc" contextid="174" timestamp="2019-08-03T02:53:16.334">
  <mem-info id="176" free="0" total="13631488" percent="0">
    <mem type="eden" free="770992" total="6291456" percent="12" />
    <remembered-set count="8480" freebytes="510208" totalbytes="544128" percent="93" regionsoverflowed="0" regionsstable="0" regionsrebuilding="0"/>
  </mem-info>
</gc-start>
<allocation-stats totalBytes="5241560" >
  <allocated-bytes non-tlh="30888" tlh="5210672" arrayletleaf="0"/>
  <largest-consumer threadName="main" threadId="0000000001A53A00" bytes="5241560" />
</allocation-stats>
<gc-op id="177" type="mark" timems="5.752" contextid="174" timestamp="2019-08-03T02:53:16.341">
  <trace-info objectcount="14670" scancount="12694" scanbytes="483376" />
  <cardclean-info objects="3406" bytes="175264" />
  <remembered-set-cleared processed="6528" cleared="1879" durationms="0.271" />
  <references type="soft" candidates="2" cleared="0" enqueued="0" dynamicThreshold="12" maxThreshold="32" />
  <references type="weak" candidates="607" cleared="5" enqueued="5" />
  <stringconstants candidates="7630" cleared="0"  />
  <warning details="Mark invoked due to insufficient free space for Copy-Forward" />
</gc-op>
<gc-op id="178" type="classunload" timems="0.002" contextid="174" timestamp="2019-08-03T02:53:16.341">
  <classunload-info classloadercandidates="11" classloadersunloaded="0" classesunloaded="0" anonymousclassesunloaded="0" quiescems="0.000" setupms="0.002" scanms="0.000" postms="0.000" />
</gc-op>
<gc-op id="179" type="sweep" timems="1.947" contextid="174" timestamp="2019-08-03T02:53:16.343" />
<gc-op id="180" type="compact" timems="3.381" contextid="174" timestamp="2019-08-03T02:53:16.347">
  <compact-info movecount="14290" movebytes="581632" />
  <remembered-set-cleared processed="17046" cleared="7717" durationms="0.271" />
</gc-op>
<heap-resize id="181" type="expand" space="default" amount="3145728" count="1" timems="0.068" reason="insufficient free space following gc" timestamp="2019-08-03T02:53:16.347" />
<gc-end id="182" type="partial gc" contextid="174" durationms="12.760" usertimems="20.000" systemtimems="0.000" timestamp="2019-08-03T02:53:16.347" activeThreads="8">
  <mem-info id="183" free="7340032" total="16777216" percent="43">
    <mem type="eden" free="1500680" total="2097152" percent="71" />
    <pending-finalizers system="0" default="0" reference="5" classloader="0" />
    <remembered-set count="10432" freebytes="627968" totalbytes="669696" percent="93" regionsoverflowed="0" regionsstable="0" regionsrebuilding="0"/>
  </mem-info>
</gc-end>
<cycle-end id="184" type="partial gc" contextid="174" timestamp="2019-08-03T02:53:16.347" />
  <attribute name="elasticGC enabled" value="1" />
  <attribute name= "numThreadsSpecified" value="2" />
  <attribute name="heapSize specified" value="0" />
  <attribute name= "numCores" value="8" />
  <attribute name ="GC Interval" value="0" />
  <attribute name ="Control flow" value="2" />
  <attribute name="GC Util Range Max" value="156" />
  <attribute name="Current GC Util" value="109" />
  <attribute name= "Current Time Running" value="4996" />
<exclusive-end id="185" timestamp="2019-08-03T02:53:16.347" durationms="13.590" />

<exclusive-start id="186" timestamp="2019-08-03T02:53:16.387" intervalms="53.009">
  <response-info timems="0.060" idlems="0.060" threads="0" lastid="0000000001A53A00" lastname="main" />
</exclusive-start>
<allocation-taxation id="187" taxation-threshold="3145728" timestamp="2019-08-03T02:53:16.387" intervalms="52.991" />
<cycle-start id="188" type="global mark phase" contextid="0" timestamp="2019-08-03T02:53:16.387" intervalms="345.282" />
<gc-start id="189" type="global mark phase" contextid="188" timestamp="2019-08-03T02:53:16.387">
  <mem-info id="190" free="4194304" total="16777216" percent="25">
    <remembered-set count="10432" freebytes="627968" totalbytes="669696" percent="93" regionsoverflowed="0" regionsstable="0" regionsrebuilding="0"/>
  </mem-info>
</gc-start>
<gc-op id="191" type="mark increment" timems="1.343" contextid="188" timestamp="2019-08-03T02:53:16.388">
  <trace-info objectcount="165" scancount="0" scanbytes="0" />
</gc-op>
<gc-end id="192" type="global mark phase" contextid="188" durationms="1.564" usertimems="4.000" systemtimems="0.000" timestamp="2019-08-03T02:53:16.389" activeThreads="2">
  <mem-info id="193" free="4194304" total="16777216" percent="25">
    <remembered-set count="10432" freebytes="627968" totalbytes="669696" percent="93" regionsoverflowed="0" regionsstable="0" regionsrebuilding="0"/>
  </mem-info>
</gc-end>
<concurrent-start id="194" type="GMP work packet processing" contextid="188" timestamp="2019-08-03T02:53:16.389">
  <concurrent-mark-start scanTarget="18446744073709551615" />
</concurrent-start>
<exclusive-end id="195" timestamp="2019-08-03T02:53:16.389" durationms="2.364" />

<concurrent-end id="196" type="GMP work packet processing" contextid="188" timestamp="2019-08-03T02:53:16.392">
  <concurrent-mark-end bytesScanned="1728724" reasonForTermination="Completed all work in GC phase" />
</concurrent-end>

<exclusive-start id="197" timestamp="2019-08-03T02:53:16.431" intervalms="44.629">
  <response-info timems="0.088" idlems="0.088" threads="0" lastid="0000000001A53A00" lastname="main" />
</exclusive-start>
<allocation-taxation id="198" taxation-threshold="3145728" timestamp="2019-08-03T02:53:16.431" intervalms="44.699" />
<cycle-start id="199" type="partial gc" contextid="0" timestamp="2019-08-03T02:53:16.432" intervalms="97.617" />
<gc-start id="200" type="partial gc" contextid="199" timestamp="2019-08-03T02:53:16.432">
  <mem-info id="201" free="1048576" total="16777216" percent="6">
    <mem type="eden" free="0" total="6291456" percent="0" />
    <remembered-set count="10432" freebytes="627968" totalbytes="669696" percent="93" regionsoverflowed="0" regionsstable="0" regionsrebuilding="0"/>
  </mem-info>
</gc-start>
<allocation-stats totalBytes="6244368" >
  <allocated-bytes non-tlh="222456" tlh="6021912" arrayletleaf="0"/>
  <largest-consumer threadName="main" threadId="0000000001A53A00" bytes="3144840" />
</allocation-stats>
<gc-op id="202" type="copy forward" timems="4.229" contextid="199" timestamp="2019-08-03T02:53:16.437">
  <memory-copied type="eden" objects="10184" bytes="826792" bytesdiscarded="0" />
  <memory-copied type="other" objects="5018" bytes="193080" bytesdiscarded="0" />
  <memory-cardclean objects="2150" bytes="113464" />
  <regions eden="6" other="1" />
  <remembered-set-cleared processed="7811" cleared="1618" durationms="0.123" />
  <references type="soft" candidates="73" cleared="0" enqueued="0" dynamicThreshold="8" maxThreshold="32" />
  <references type="weak" candidates="194" cleared="0" enqueued="0" />
  <references type="phantom" candidates="1" cleared="0" enqueued="0" />
  <stringconstants candidates="7820" cleared="0"  />
  <heap-resize type="expand" space="default" amount="1048576" count="1" timems="0.070" reason="continue current collection" />
</gc-op>
<gc-op id="203" type="classunload" timems="0.003" contextid="199" timestamp="2019-08-03T02:53:16.437">
  <classunload-info classloadercandidates="12" classloadersunloaded="0" classesunloaded="0" anonymousclassesunloaded="0" quiescems="0.000" setupms="0.002" scanms="0.000" postms="0.000" />
</gc-op>
<gc-op id="204" type="compact" timems="2.579" contextid="199" timestamp="2019-08-03T02:53:16.440">
  <compact-info movecount="0" movebytes="0" />
  <remembered-set-cleared processed="16519" cleared="1618" durationms="0.123" />
</gc-op>
<heap-resize id="205" type="expand" space="default" amount="3145728" count="1" timems="0.063" reason="excessive time being spent in gc" timestamp="2019-08-03T02:53:16.440" />
<gc-end id="206" type="partial gc" contextid="199" durationms="8.567" usertimems="8.000" systemtimems="4.000" timestamp="2019-08-03T02:53:16.440" activeThreads="8">
  <mem-info id="207" free="10485760" total="20971520" percent="50">
    <mem type="eden" free="221672" total="1048576" percent="21" />
    <remembered-set count="11232" freebytes="792192" totalbytes="837120" percent="94" regionsoverflowed="0" regionsstable="0" regionsrebuilding="0"/>
  </mem-info>
</gc-end>
<cycle-end id="208" type="partial gc" contextid="199" timestamp="2019-08-03T02:53:16.441" />
  <attribute name="elasticGC enabled" value="1" />
  <attribute name= "numThreadsSpecified" value="2" />
  <attribute name="heapSize specified" value="0" />
  <attribute name= "numCores" value="8" />
  <attribute name ="GC Interval" value="0" />
  <attribute name ="Control flow" value="1" />
  <attribute name="GC Util Range Max" value="156" />
  <attribute name="Current GC Util" value="42" />
  <attribute name= "Current Time Running" value="5091" />
<exclusive-end id="209" timestamp="2019-08-03T02:53:16.441" durationms="9.492" />

<exclusive-start id="210" timestamp="2019-08-03T02:53:16.487" intervalms="55.697">
  <response-info timems="0.125" idlems="0.125" threads="0" lastid="0000000001A53A00" lastname="main" />
</exclusive-start>
<allocation-taxation id="211" taxation-threshold="5242880" timestamp="2019-08-03T02:53:16.487" intervalms="55.695" />
<gc-start id="212" type="global mark phase" contextid="188" timestamp="2019-08-03T02:53:16.487">
  <mem-info id="213" free="5242880" total="20971520" percent="25">
    <remembered-set count="11232" freebytes="792192" totalbytes="837120" percent="94" regionsoverflowed="0" regionsstable="0" regionsrebuilding="0"/>
  </mem-info>
</gc-start>
<gc-op id="214" type="mark increment" timems="2.941" contextid="188" timestamp="2019-08-03T02:53:16.490">
  <trace-info objectcount="16470" scancount="14837" scanbytes="636604" />
  <cardclean-info objects="923" bytes="41604" />
  <finalization candidates="79" enqueued="0" />
  <ownableSynchronizers candidates="23" cleared="0" />
  <references type="soft" candidates="1095" cleared="0" enqueued="0" dynamicThreshold="16" maxThreshold="32" />
  <references type="weak" candidates="3861" cleared="0" enqueued="0" />
  <references type="phantom" candidates="101" cleared="0" enqueued="0" />
  <stringconstants candidates="7856" cleared="0"  />
</gc-op>
<gc-op id="215" type="classunload" timems="0.005" contextid="188" timestamp="2019-08-03T02:53:16.491">
  <classunload-info classloadercandidates="12" classloadersunloaded="0" classesunloaded="0" anonymousclassesunloaded="0" quiescems="0.000" setupms="0.005" scanms="0.000" postms="0.000" />
</gc-op>
<gc-end id="216" type="global mark phase" contextid="188" durationms="3.410" usertimems="4.000" systemtimems="0.000" timestamp="2019-08-03T02:53:16.491" activeThreads="1">
  <mem-info id="217" free="5242880" total="20971520" percent="25">
    <remembered-set count="11232" freebytes="792192" totalbytes="837120" percent="94" regionsoverflowed="0" regionsstable="0" regionsrebuilding="0"/>
  </mem-info>
</gc-end>
<cycle-end id="218" type="global mark phase" contextid="188" timestamp="2019-08-03T02:53:16.491" />
  <attribute name="elasticGC enabled" value="1" />
  <attribute name= "numThreadsSpecified" value="1" />
  <attribute name="heapSize specified" value="0" />
  <attribute name= "numCores" value="8" />
  <attribute name ="GC Interval" value="0" />
  <attribute name ="Control flow" value="2" />
  <attribute name="GC Util Range Max" value="156" />
  <attribute name="Current GC Util" value="207" />
  <attribute name= "Current Time Running" value="5143" />
<exclusive-end id="219" timestamp="2019-08-03T02:53:16.491" durationms="4.178" />

<exclusive-start id="220" timestamp="2019-08-03T02:53:16.577" intervalms="89.573">
  <response-info timems="0.029" idlems="0.029" threads="0" lastid="0000000001A53A00" lastname="main" />
</exclusive-start>
<allocation-taxation id="221" taxation-threshold="5242880" timestamp="2019-08-03T02:53:16.577" intervalms="89.465" />
<cycle-start id="222" type="partial gc" contextid="0" timestamp="2019-08-03T02:53:16.577" intervalms="145.150" />
<gc-start id="223" type="partial gc" contextid="222" timestamp="2019-08-03T02:53:16.577">
  <mem-info id="224" free="0" total="20971520" percent="0">
    <mem type="eden" free="0" total="10485760" percent="0" />
    <remembered-set count="11232" freebytes="792192" totalbytes="837120" percent="94" regionsoverflowed="0" regionsstable="0" regionsrebuilding="0"/>
  </mem-info>
</gc-start>
<allocation-stats totalBytes="10481400" >
  <allocated-bytes non-tlh="63632" tlh="10417768" arrayletleaf="0"/>
  <largest-consumer threadName="main" threadId="0000000001A53A00" bytes="5240016" />
</allocation-stats>
<gc-op id="225" type="sweep" timems="1.886" contextid="222" timestamp="2019-08-03T02:53:16.579" />
<gc-op id="226" type="mark" timems="1.963" contextid="222" timestamp="2019-08-03T02:53:16.582">
  <trace-info objectcount="7413" scancount="6655" scanbytes="227004" />
  <cardclean-info objects="951" bytes="65576" />
  <remembered-set-cleared processed="8672" cleared="1380" durationms="0.136" />
  <references type="soft" candidates="295" cleared="0" enqueued="0" dynamicThreshold="8" maxThreshold="32" />
  <references type="weak" candidates="490" cleared="8" enqueued="7" />
  <references type="phantom" candidates="1" cleared="0" enqueued="0" />
  <stringconstants candidates="8295" cleared="0"  />
  <warning details="Mark invoked due to insufficient free space for Copy-Forward" />
</gc-op>
<gc-op id="227" type="classunload" timems="0.003" contextid="222" timestamp="2019-08-03T02:53:16.582">
  <classunload-info classloadercandidates="14" classloadersunloaded="0" classesunloaded="0" anonymousclassesunloaded="0" quiescems="0.000" setupms="0.003" scanms="0.000" postms="0.000" />
</gc-op>
<gc-op id="228" type="sweep" timems="1.411" contextid="222" timestamp="2019-08-03T02:53:16.584" />
<gc-op id="229" type="compact" timems="2.416" contextid="222" timestamp="2019-08-03T02:53:16.586">
  <compact-info movecount="7413" movebytes="311920" />
  <remembered-set-cleared processed="20017" cleared="5393" durationms="0.136" />
</gc-op>
<gc-end id="230" type="partial gc" contextid="222" durationms="9.680" usertimems="12.000" systemtimems="0.000" timestamp="2019-08-03T02:53:16.587" activeThreads="1">
  <mem-info id="231" free="9437184" total="20971520" percent="45">
    <mem type="eden" free="799520" total="1048576" percent="76" />
    <pending-finalizers system="0" default="0" reference="7" classloader="0" />
    <remembered-set count="11808" freebytes="789888" totalbytes="837120" percent="94" regionsoverflowed="0" regionsstable="0" regionsrebuilding="0"/>
  </mem-info>
</gc-end>
<cycle-end id="232" type="partial gc" contextid="222" timestamp="2019-08-03T02:53:16.587" />
  <attribute name="elasticGC enabled" value="1" />
  <attribute name= "numThreadsSpecified" value="1" />
  <attribute name="heapSize specified" value="0" />
  <attribute name= "numCores" value="8" />
  <attribute name ="GC Interval" value="0" />
  <attribute name ="Control flow" value="3" />
  <attribute name="GC Util Range Max" value="156" />
  <attribute name="Current GC Util" value="168" />
  <attribute name= "Current Time Running" value="5237" />
<exclusive-end id="233" timestamp="2019-08-03T02:53:16.587" durationms="10.450" />

<exclusive-start id="234" timestamp="2019-08-03T02:53:16.645" intervalms="68.258">
  <response-info timems="0.051" idlems="0.051" threads="0" lastid="0000000001A53A00" lastname="main" />
</exclusive-start>
<allocation-taxation id="235" taxation-threshold="9437184" timestamp="2019-08-03T02:53:16.645" intervalms="68.335" />
<cycle-start id="236" type="partial gc" contextid="0" timestamp="2019-08-03T02:53:16.645" intervalms="68.438" />
<gc-start id="237" type="partial gc" contextid="236" timestamp="2019-08-03T02:53:16.645">
  <mem-info id="238" free="0" total="20971520" percent="0">
    <mem type="eden" free="0" total="9437184" percent="0" />
    <remembered-set count="11584" freebytes="790784" totalbytes="837120" percent="94" regionsoverflowed="0" regionsstable="0" regionsrebuilding="0"/>
  </mem-info>
</gc-start>
<allocation-stats totalBytes="9434768" >
  <allocated-bytes non-tlh="478640" tlh="8956128" arrayletleaf="0"/>
  <largest-consumer threadName="main" threadId="0000000001A53A00" bytes="9434768" />
</allocation-stats>
<gc-op id="239" type="mark" timems="2.875" contextid="236" timestamp="2019-08-03T02:53:16.649">
  <trace-info objectcount="7554" scancount="6827" scanbytes="240632" />
  <cardclean-info objects="590" bytes="51696" />
  <remembered-set-cleared processed="9024" cleared="1373" durationms="0.091" />
  <references type="soft" candidates="225" cleared="0" enqueued="0" dynamicThreshold="14" maxThreshold="32" />
  <references type="weak" candidates="454" cleared="0" enqueued="0" />
  <references type="phantom" candidates="1" cleared="0" enqueued="0" />
  <stringconstants candidates="8408" cleared="0"  />
  <warning details="Mark invoked due to insufficient free space for Copy-Forward" />
</gc-op>
<gc-op id="240" type="classunload" timems="0.003" contextid="236" timestamp="2019-08-03T02:53:16.650">
  <classunload-info classloadercandidates="15" classloadersunloaded="0" classesunloaded="0" anonymousclassesunloaded="0" quiescems="0.000" setupms="0.003" scanms="0.000" postms="0.000" />
</gc-op>
<gc-op id="241" type="sweep" timems="1.203" contextid="236" timestamp="2019-08-03T02:53:16.651" />
<gc-op id="242" type="compact" timems="3.203" contextid="236" timestamp="2019-08-03T02:53:16.654">
  <compact-info movecount="4191" movebytes="394576" />
  <remembered-set-cleared processed="20357" cleared="5041" durationms="0.091" />
</gc-op>
<gc-end id="243" type="partial gc" contextid="236" durationms="9.094" usertimems="16.000" systemtimems="0.000" timestamp="2019-08-03T02:53:16.655" activeThreads="8">
  <mem-info id="244" free="8388608" total="20971520" percent="40">
    <mem type="eden" free="741016" total="1048576" percent="70" />
    <remembered-set count="11872" freebytes="789632" totalbytes="837120" percent="94" regionsoverflowed="0" regionsstable="0" regionsrebuilding="0"/>
  </mem-info>
</gc-end>
<cycle-end id="245" type="partial gc" contextid="236" timestamp="2019-08-03T02:53:16.655" />
  <attribute name="elasticGC enabled" value="1" />
  <attribute name= "numThreadsSpecified" value="1" />
  <attribute name="heapSize specified" value="0" />
  <attribute name= "numCores" value="8" />
  <attribute name ="GC Interval" value="0" />
  <attribute name ="Control flow" value="1" />
  <attribute name="GC Util Range Max" value="156" />
  <attribute name="Current GC Util" value="127" />
  <attribute name= "Current Time Running" value="5304" />
<exclusive-end id="246" timestamp="2019-08-03T02:53:16.655" durationms="10.038" />

<exclusive-start id="247" timestamp="2019-08-03T02:53:16.716" intervalms="71.639">
  <response-info timems="0.074" idlems="0.074" threads="0" lastid="0000000001A53A00" lastname="main" />
</exclusive-start>
<sys-start reason="explicit" id="248" timestamp="2019-08-03T02:53:16.717" intervalms="7764.631" />
<cycle-start id="249" type="global garbage collect" contextid="0" timestamp="2019-08-03T02:53:16.717" intervalms="7764.811" />
<gc-start id="250" type="global garbage collect" contextid="249" timestamp="2019-08-03T02:53:16.717">
  <mem-info id="251" free="5561360" total="20971520" percent="26">
    <mem type="eden" free="318480" total="3145728" percent="10" />
    <remembered-set count="11424" freebytes="791424" totalbytes="837120" percent="94" regionsoverflowed="0" regionsstable="0" regionsrebuilding="0"/>
  </mem-info>
</gc-start>
<allocation-stats totalBytes="2826016" >
  <allocated-bytes non-tlh="221736" tlh="2604280" arrayletleaf="0"/>
  <largest-consumer threadName="main" threadId="0000000001A53A00" bytes="2826016" />
</allocation-stats>
<gc-op id="252" type="global mark" timems="5.832" contextid="249" timestamp="2019-08-03T02:53:16.723">
  <trace-info objectcount="74594" scancount="60854" scanbytes="2101996" />
  <finalization candidates="79" enqueued="0" />
  <ownableSynchronizers candidates="23" cleared="0" />
  <references type="soft" candidates="1640" cleared="0" enqueued="0" dynamicThreshold="12" maxThreshold="32" />
  <references type="weak" candidates="4521" cleared="32" enqueued="30" />
  <references type="phantom" candidates="102" cleared="2" enqueued="2" />
  <stringconstants candidates="8680" cleared="15"  />
</gc-op>
<gc-op id="253" type="classunload" timems="0.368" contextid="249" timestamp="2019-08-03T02:53:16.724">
  <classunload-info classloadercandidates="17" classloadersunloaded="1" classesunloaded="1" anonymousclassesunloaded="0" quiescems="0.000" setupms="0.358" scanms="0.006" postms="0.004" />
</gc-op>
<gc-op id="254" type="sweep" timems="0.818" contextid="249" timestamp="2019-08-03T02:53:16.725" />
<gc-op id="255" type="compact" timems="6.859" contextid="249" timestamp="2019-08-03T02:53:16.732">
  <compact-info movecount="72109" movebytes="4112032" />
  <remembered-set-cleared processed="23026" cleared="23026" durationms="0.281" />
</gc-op>
<gc-end id="256" type="global garbage collect" contextid="249" durationms="15.160" usertimems="16.000" systemtimems="8.000" timestamp="2019-08-03T02:53:16.732" activeThreads="8">
  <mem-info id="257" free="7340032" total="20971520" percent="35">
    <pending-finalizers system="0" default="0" reference="32" classloader="0" />
    <remembered-set count="10240" freebytes="796160" totalbytes="837120" percent="95" regionsoverflowed="0" regionsstable="0" regionsrebuilding="0"/>
  </mem-info>
</gc-end>
<cycle-end id="258" type="global garbage collect" contextid="249" timestamp="2019-08-03T02:53:16.732" />
  <attribute name="elasticGC enabled" value="1" />
  <attribute name= "numThreadsSpecified" value="2" />
  <attribute name="heapSize specified" value="0" />
  <attribute name= "numCores" value="8" />
  <attribute name ="GC Interval" value="0" />
  <attribute name ="Control flow" value="3" />
  <attribute name="GC Util Range Max" value="156" />
  <attribute name="Current GC Util" value="28" />
  <attribute name= "Current Time Running" value="5378" />
<sys-end id="259" timestamp="2019-08-03T02:53:16.733" />
<exclusive-end id="260" timestamp="2019-08-03T02:53:16.733" durationms="16.330" />

<exclusive-start id="261" timestamp="2019-08-03T02:53:16.904" intervalms="187.490">
  <response-info timems="0.076" idlems="0.076" threads="0" lastid="0000000001A53A00" lastname="main" />
</exclusive-start>
<allocation-taxation id="262" taxation-threshold="7340032" timestamp="2019-08-03T02:53:16.904" intervalms="259.192" />
<cycle-start id="263" type="partial gc" contextid="0" timestamp="2019-08-03T02:53:16.904" intervalms="259.179" />
<gc-start id="264" type="partial gc" contextid="263" timestamp="2019-08-03T02:53:16.905">
  <mem-info id="265" free="0" total="20971520" percent="0">
    <mem type="eden" free="0" total="7340032" percent="0" />
    <remembered-set count="10240" freebytes="796160" totalbytes="837120" percent="95" regionsoverflowed="0" regionsstable="0" regionsrebuilding="0"/>
  </mem-info>
</gc-start>
<allocation-stats totalBytes="7339000" >
  <allocated-bytes non-tlh="463952" tlh="6875048" arrayletleaf="0"/>
  <largest-consumer threadName="main" threadId="0000000001A53A00" bytes="7330752" />
</allocation-stats>
<gc-op id="266" type="mark" timems="3.253" contextid="263" timestamp="2019-08-03T02:53:16.909">
  <trace-info objectcount="599" scancount="552" scanbytes="52812" />
  <cardclean-info objects="650" bytes="37788" />
  <remembered-set-cleared processed="8561" cleared="144" durationms="0.120" />
  <references type="soft" candidates="34" cleared="0" enqueued="0" dynamicThreshold="11" maxThreshold="32" />
  <references type="weak" candidates="22" cleared="11" enqueued="11" />
  <references type="phantom" candidates="5" cleared="2" enqueued="2" />
  <stringconstants candidates="8698" cleared="12"  />
  <warning details="Mark invoked due to insufficient free space for Copy-Forward" />
</gc-op>
<gc-op id="267" type="classunload" timems="0.003" contextid="263" timestamp="2019-08-03T02:53:16.909">
  <classunload-info classloadercandidates="17" classloadersunloaded="0" classesunloaded="0" anonymousclassesunloaded="0" quiescems="0.000" setupms="0.002" scanms="0.000" postms="0.000" />
</gc-op>
<gc-op id="268" type="sweep" timems="0.566" contextid="263" timestamp="2019-08-03T02:53:16.910" />
<gc-op id="269" type="compact" timems="2.576" contextid="263" timestamp="2019-08-03T02:53:16.913">
  <compact-info movecount="599" movebytes="333624" />
  <remembered-set-cleared processed="17434" cleared="565" durationms="0.120" />
</gc-op>
<heap-resize id="270" type="expand" space="default" amount="2097152" count="1" timems="0.064" reason="insufficient free space following gc" timestamp="2019-08-03T02:53:16.913" />
<gc-end id="271" type="partial gc" contextid="263" durationms="8.632" usertimems="16.000" systemtimems="0.000" timestamp="2019-08-03T02:53:16.913" activeThreads="8">
  <mem-info id="272" free="8388608" total="23068672" percent="36">
    <mem type="eden" free="714952" total="1048576" percent="68" />
    <pending-finalizers system="0" default="0" reference="13" classloader="0" />
    <remembered-set count="11552" freebytes="874624" totalbytes="920832" percent="94" regionsoverflowed="0" regionsstable="0" regionsrebuilding="0"/>
  </mem-info>
</gc-end>
<cycle-end id="273" type="partial gc" contextid="263" timestamp="2019-08-03T02:53:16.914" />
  <attribute name="elasticGC enabled" value="1" />
  <attribute name= "numThreadsSpecified" value="1" />
  <attribute name="heapSize specified" value="0" />
  <attribute name= "numCores" value="8" />
  <attribute name ="GC Interval" value="0" />
  <attribute name ="Control flow" value="2" />
  <attribute name="GC Util Range Max" value="156" />
  <attribute name="Current GC Util" value="0" />
  <attribute name= "Current Time Running" value="5563" />
<exclusive-end id="274" timestamp="2019-08-03T02:53:16.914" durationms="9.888" />

<exclusive-start id="275" timestamp="2019-08-03T02:53:17.001" intervalms="97.107">
  <response-info timems="0.106" idlems="0.106" threads="0" lastid="0000000001A53A00" lastname="main" />
</exclusive-start>
<allocation-taxation id="276" taxation-threshold="8388608" timestamp="2019-08-03T02:53:17.001" intervalms="97.113" />
<cycle-start id="277" type="partial gc" contextid="0" timestamp="2019-08-03T02:53:17.002" intervalms="97.182" />
<gc-start id="278" type="partial gc" contextid="277" timestamp="2019-08-03T02:53:17.002">
  <mem-info id="279" free="0" total="23068672" percent="0">
    <mem type="eden" free="714952" total="9437184" percent="7" />
    <remembered-set count="11552" freebytes="874624" totalbytes="920832" percent="94" regionsoverflowed="0" regionsstable="0" regionsrebuilding="0"/>
  </mem-info>
</gc-start>
<allocation-stats totalBytes="8369976" >
  <allocated-bytes non-tlh="0" tlh="8369976" arrayletleaf="0"/>
  <largest-consumer threadName="main" threadId="0000000001A53A00" bytes="8365880" />
</allocation-stats>
<gc-op id="280" type="mark" timems="1.250" contextid="277" timestamp="2019-08-03T02:53:17.004">
  <trace-info objectcount="577" scancount="534" scanbytes="85008" />
  <cardclean-info objects="202" bytes="22132" />
  <remembered-set-cleared processed="8733" cleared="224" durationms="0.152" />
  <references type="soft" candidates="34" cleared="0" enqueued="0" dynamicThreshold="11" maxThreshold="32" />
  <references type="weak" candidates="10" cleared="0" enqueued="0" />
  <references type="phantom" candidates="3" cleared="0" enqueued="0" />
  <stringconstants candidates="8686" cleared="0"  />
  <warning details="Mark invoked due to insufficient free space for Copy-Forward" />
</gc-op>
<gc-op id="281" type="classunload" timems="0.003" contextid="277" timestamp="2019-08-03T02:53:17.004">
  <classunload-info classloadercandidates="17" classloadersunloaded="0" classesunloaded="0" anonymousclassesunloaded="0" quiescems="0.000" setupms="0.003" scanms="0.000" postms="0.000" />
</gc-op>
<gc-op id="282" type="sweep" timems="1.923" contextid="277" timestamp="2019-08-03T02:53:17.007" />
<gc-op id="283" type="compact" timems="1.484" contextid="277" timestamp="2019-08-03T02:53:17.008">
  <compact-info movecount="577" movebytes="365608" />
  <remembered-set-cleared processed="17619" cleared="584" durationms="0.152" />
</gc-op>
<heap-resize id="284" type="expand" space="default" amount="3145728" count="1" timems="0.066" reason="insufficient free space following gc" timestamp="2019-08-03T02:53:17.009" />
<gc-end id="285" type="partial gc" contextid="277" durationms="6.979" usertimems="12.000" systemtimems="0.000" timestamp="2019-08-03T02:53:17.009" activeThreads="1">
  <mem-info id="286" free="10485760" total="26214400" percent="40">
    <mem type="eden" free="1731544" total="2097152" percent="82" />
    <remembered-set count="11776" freebytes="999296" totalbytes="1046400" percent="95" regionsoverflowed="0" regionsstable="0" regionsrebuilding="0"/>
  </mem-info>
</gc-end>
<cycle-end id="287" type="partial gc" contextid="277" timestamp="2019-08-03T02:53:17.009" />
  <attribute name="elasticGC enabled" value="1" />
  <attribute name= "numThreadsSpecified" value="1" />
  <attribute name="heapSize specified" value="0" />
  <attribute name= "numCores" value="8" />
  <attribute name ="GC Interval" value="0" />
  <attribute name ="Control flow" value="3" />
  <attribute name="GC Util Range Max" value="156" />
  <attribute name="Current GC Util" value="173" />
  <attribute name= "Current Time Running" value="5660" />
<exclusive-end id="288" timestamp="2019-08-03T02:53:17.009" durationms="8.200" />

<exclusive-start id="289" timestamp="2019-08-03T02:53:17.055" intervalms="54.124">
  <response-info timems="0.084" idlems="0.084" threads="0" lastid="0000000001A53A00" lastname="main" />
</exclusive-start>
<allocation-taxation id="290" taxation-threshold="10485760" timestamp="2019-08-03T02:53:17.055" intervalms="54.150" />
<cycle-start id="291" type="partial gc" contextid="0" timestamp="2019-08-03T02:53:17.056" intervalms="54.143" />
<gc-start id="292" type="partial gc" contextid="291" timestamp="2019-08-03T02:53:17.056">
  <mem-info id="293" free="0" total="26214400" percent="0">
    <mem type="eden" free="982664" total="11534336" percent="8" />
    <remembered-set count="11584" freebytes="1000064" totalbytes="1046400" percent="95" regionsoverflowed="0" regionsstable="0" regionsrebuilding="0"/>
  </mem-info>
</gc-start>
<allocation-stats totalBytes="10485032" >
  <allocated-bytes non-tlh="0" tlh="10485032" arrayletleaf="0"/>
  <largest-consumer threadName="main" threadId="0000000001A53A00" bytes="10485032" />
</allocation-stats>
<gc-op id="294" type="mark" timems="2.744" contextid="291" timestamp="2019-08-03T02:53:17.060">
  <trace-info objectcount="8" scancount="8" scanbytes="32956" />
  <cardclean-info objects="12" bytes="512" />
  <remembered-set-cleared processed="8837" cleared="10" durationms="0.127" />
  <stringconstants candidates="8686" cleared="0"  />
  <warning details="Mark invoked due to insufficient free space for Copy-Forward" />
</gc-op>
<gc-op id="295" type="classunload" timems="0.002" contextid="291" timestamp="2019-08-03T02:53:17.060">
  <classunload-info classloadercandidates="17" classloadersunloaded="0" classesunloaded="0" anonymousclassesunloaded="0" quiescems="0.000" setupms="0.002" scanms="0.000" postms="0.000" />
</gc-op>
<gc-op id="296" type="sweep" timems="1.328" contextid="291" timestamp="2019-08-03T02:53:17.061" />
<gc-op id="297" type="compact" timems="3.108" contextid="291" timestamp="2019-08-03T02:53:17.065">
  <compact-info movecount="8" movebytes="32960" />
  <remembered-set-cleared processed="17676" cleared="22" durationms="0.127" />
</gc-op>
<gc-end id="298" type="partial gc" contextid="291" durationms="9.218" usertimems="16.000" systemtimems="0.000" timestamp="2019-08-03T02:53:17.065" activeThreads="8">
  <mem-info id="299" free="10485760" total="26214400" percent="40">
    <mem type="eden" free="1015616" total="1048576" percent="96" />
    <remembered-set count="12736" freebytes="995456" totalbytes="1046400" percent="95" regionsoverflowed="0" regionsstable="0" regionsrebuilding="0"/>
  </mem-info>
</gc-end>
<cycle-end id="300" type="partial gc" contextid="291" timestamp="2019-08-03T02:53:17.065" />
  <attribute name="elasticGC enabled" value="1" />
  <attribute name= "numThreadsSpecified" value="1" />
  <attribute name="heapSize specified" value="0" />
  <attribute name= "numCores" value="8" />
  <attribute name ="GC Interval" value="0" />
  <attribute name ="Control flow" value="1" />
  <attribute name="GC Util Range Max" value="156" />
  <attribute name="Current GC Util" value="164" />
  <attribute name= "Current Time Running" value="5715" />
<exclusive-end id="301" timestamp="2019-08-03T02:53:17.066" durationms="10.459" />

<exclusive-start id="302" timestamp="2019-08-03T02:53:17.954" intervalms="898.555">
  <response-info timems="0.030" idlems="0.030" threads="0" lastid="0000000001A53A00" lastname="main" />
</exclusive-start>
<allocation-taxation id="303" taxation-threshold="10485760" timestamp="2019-08-03T02:53:17.954" intervalms="898.396" />
<cycle-start id="304" type="partial gc" contextid="0" timestamp="2019-08-03T02:53:17.954" intervalms="898.247" />
<gc-start id="305" type="partial gc" contextid="304" timestamp="2019-08-03T02:53:17.954">
  <mem-info id="306" free="0" total="26214400" percent="0">
    <mem type="eden" free="1015616" total="11534336" percent="8" />
    <remembered-set count="12736" freebytes="995456" totalbytes="1046400" percent="95" regionsoverflowed="0" regionsstable="0" regionsrebuilding="0"/>
  </mem-info>
</gc-start>
<allocation-stats totalBytes="10484584" >
  <allocated-bytes non-tlh="35544" tlh="10449040" arrayletleaf="0"/>
  <largest-consumer threadName="main" threadId="0000000001A53A00" bytes="10484584" />
</allocation-stats>
<gc-op id="307" type="mark" timems="3.838" contextid="304" timestamp="2019-08-03T02:53:17.959">
  <trace-info objectcount="4976" scancount="3465" scanbytes="119508" />
  <cardclean-info objects="356" bytes="17720" />
  <remembered-set-cleared processed="8910" cleared="181" durationms="0.106" />
  <references type="soft" candidates="3" cleared="0" enqueued="0" dynamicThreshold="12" maxThreshold="32" />
  <references type="weak" candidates="27" cleared="17" enqueued="17" />
  <references type="phantom" candidates="4" cleared="2" enqueued="2" />
  <stringconstants candidates="9092" cleared="0"  />
  <warning details="Mark invoked due to insufficient free space for Copy-Forward" />
</gc-op>
<gc-op id="308" type="classunload" timems="0.003" contextid="304" timestamp="2019-08-03T02:53:17.959">
  <classunload-info classloadercandidates="17" classloadersunloaded="0" classesunloaded="0" anonymousclassesunloaded="0" quiescems="0.000" setupms="0.003" scanms="0.000" postms="0.000" />
</gc-op>
<gc-op id="309" type="sweep" timems="1.394" contextid="304" timestamp="2019-08-03T02:53:17.960" />
<gc-op id="310" type="compact" timems="1.860" contextid="304" timestamp="2019-08-03T02:53:17.963">
  <compact-info movecount="4963" movebytes="235088" />
  <remembered-set-cleared processed="18156" cleared="658" durationms="0.115" />
</gc-op>
<gc-end id="311" type="partial gc" contextid="304" durationms="8.630" usertimems="16.000" systemtimems="0.000" timestamp="2019-08-03T02:53:17.963" activeThreads="1">
  <mem-info id="312" free="10485760" total="26214400" percent="40">
    <mem type="eden" free="813104" total="1048576" percent="77" />
    <pending-finalizers system="0" default="0" reference="19" classloader="0" />
    <remembered-set count="11808" freebytes="999168" totalbytes="1046400" percent="95" regionsoverflowed="0" regionsstable="0" regionsrebuilding="0"/>
  </mem-info>
</gc-end>
<cycle-end id="313" type="partial gc" contextid="304" timestamp="2019-08-03T02:53:17.963" />
  <attribute name="elasticGC enabled" value="1" />
  <attribute name= "numThreadsSpecified" value="1" />
  <attribute name="heapSize specified" value="0" />
  <attribute name= "numCores" value="8" />
  <attribute name ="GC Interval" value="0" />
  <attribute name ="Control flow" value="3" />
  <attribute name="GC Util Range Max" value="156" />
  <attribute name="Current GC Util" value="159" />
  <attribute name= "Current Time Running" value="6614" />
<exclusive-end id="314" timestamp="2019-08-03T02:53:17.963" durationms="9.482" />

</verbosegc>

