<?xml version="1.0" ?>

<verbosegc xmlns="http://www.ibm.com/j9/verbosegc" version="6fe7bac_CMPRSS">

<initialized id="1" timestamp="2019-08-03T02:50:09.248">
  <attribute name="gcPolicy" value="-Xgcpolicy:balanced" />
  <attribute name="elasticGC enabled" value="1" />
  <attribute name= "numThreadsSpecified" value="0" />
  <attribute name="heapSize specified" value="0" />
  <attribute name= "numCores" value="0" />
  <attribute name ="GC Interval" value="0" />
  <attribute name="GC Util Range Max" value="0" />
  <attribute name="Current GC Util" value="0" />
  <attribute name= "Current Time Running" value="0" />
  <attribute name="maxHeapSize" value="0x7cb00000" />
  <attribute name="initialHeapSize" value="0x800000" />
  <attribute name="compressedRefs" value="true" />
  <attribute name="compressedRefsDisplacement" value="0x0" />
  <attribute name="compressedRefsShift" value="0x0" />
  <attribute name="pageSize" value="0x1000" />
  <attribute name="pageType" value="not used" />
  <attribute name="requestedPageSize" value="0x1000" />
  <attribute name="requestedPageType" value="not used" />
  <attribute name="gcthreads" value="8" />
  <attribute name="packetListSplit" value="8" />
  <attribute name="cacheListSplit" value="8" />
  <attribute name="splitFreeListSplitAmount" value="1" />
  <attribute name="numaNodes" value="0" />
  <region>
    <attribute name="regionSize" value="1048576" />
    <attribute name="regionCount" value="1995" />
    <attribute name="arrayletLeafSize" value="1048576" />
  </region>
  <system>
    <attribute name="physicalMemory" value="8370401280" />
    <attribute name="numCPUs" value="8" />
    <attribute name="architecture" value="amd64" />
    <attribute name="os" value="Linux" />
    <attribute name="osVersion" value="4.4.0-154-generic" />
  </system>
  <vmargs>
    <vmarg name="-Xoptionsfile=/vagrant/jdk/lib/options.default" />
    <vmarg name="-Xlockword:mode=default,noLockword=java/lang/String,noLockword=java/util/MapEntry,noLockword=java/util/HashMap$Entry,noLockword..." />
    <vmarg name="-Xjcl:jclse29" />
    <vmarg name="-Dcom.ibm.oti.vm.bootstrap.library.path=/vagrant/jdk/lib/compressedrefs:/vagrant/jdk/lib" />
    <vmarg name="-Dsun.boot.library.path=/vagrant/jdk/lib/compressedrefs:/vagrant/jdk/lib" />
    <vmarg name="-Djava.library.path=/vagrant/jdk/lib/compressedrefs:/vagrant/jdk/lib:/usr/lib64:/usr/lib" />
    <vmarg name="-Djava.home=/vagrant/jdk" />
    <vmarg name="-Duser.dir=/vagrant" />
    <vmarg name="-Xgcpolicy:balanced" />
    <vmarg name="-Xgcelastic" />
    <vmarg name="-Xcheck:gc:::elasticGC" />
    <vmarg name="-verbose:gc" />
    <vmarg name="-Xloggc:jdkR-small-BAL-8core-verbose3jython.txt" />
    <vmarg name="-Djava.class.path=dacapo-9.12-MR1-bach.jar" />
    <vmarg name="-Dsun.java.command=dacapo-9.12-MR1-bach.jar jython --size=small" />
    <vmarg name="-Dsun.java.launcher=SUN_STANDARD" />
    <vmarg name="-Dsun.java.launcher.pid=23708" />
  </vmargs>
</initialized>

<exclusive-start id="2" timestamp="2019-08-03T02:50:10.685" intervalms="1437.563">
  <response-info timems="0.019" idlems="0.019" threads="0" lastid="0000000001ED3A00" lastname="main" />
</exclusive-start>
<allocation-taxation id="3" taxation-threshold="8388608" timestamp="2019-08-03T02:50:10.685" intervalms="1437.790" />
<cycle-start id="4" type="partial gc" contextid="0" timestamp="2019-08-03T02:50:10.686" intervalms="1438.018" />
<gc-start id="5" type="partial gc" contextid="4" timestamp="2019-08-03T02:50:10.686">
  <mem-info id="6" free="0" total="8388608" percent="0">
    <mem type="eden" free="264" total="8388608" percent="0" />
    <remembered-set count="0" freebytes="334848" totalbytes="334848" percent="100" regionsoverflowed="0" regionsstable="0" regionsrebuilding="0"/>
  </mem-info>
</gc-start>
<allocation-stats totalBytes="8329008" >
  <allocated-bytes non-tlh="357600" tlh="7971408" arrayletleaf="0"/>
  <largest-consumer threadName="main" threadId="0000000001ED3A00" bytes="8236056" />
</allocation-stats>
<gc-op id="7" type="mark" timems="3.695" contextid="4" timestamp="2019-08-03T02:50:10.691">
  <trace-info objectcount="17744" scancount="14048" scanbytes="461824" />
  <remembered-set-cleared processed="0" cleared="0" durationms="0.165" />
  <finalization candidates="14" enqueued="1" />
  <references type="soft" candidates="63" cleared="0" enqueued="0" dynamicThreshold="32" maxThreshold="32" />
  <references type="weak" candidates="544" cleared="401" enqueued="362" />
  <references type="phantom" candidates="105" cleared="44" enqueued="44" />
  <stringconstants candidates="2406" cleared="0"  />
  <warning details="Mark for calibration purposes" />
</gc-op>
<gc-op id="8" type="classunload" timems="0.050" contextid="4" timestamp="2019-08-03T02:50:10.691">
  <classunload-info classloadercandidates="5" classloadersunloaded="0" classesunloaded="0" anonymousclassesunloaded="0" quiescems="0.000" setupms="0.050" scanms="0.000" postms="0.000" />
</gc-op>
<gc-op id="9" type="sweep" timems="0.639" contextid="4" timestamp="2019-08-03T02:50:10.692" />
<gc-op id="10" type="compact" timems="4.434" contextid="4" timestamp="2019-08-03T02:50:10.697">
  <compact-info movecount="17744" movebytes="967496" />
  <remembered-set-cleared processed="0" cleared="0" durationms="0.165" />
</gc-op>
<gc-end id="11" type="partial gc" contextid="4" durationms="11.862" usertimems="8.000" systemtimems="4.000" timestamp="2019-08-03T02:50:10.698" activeThreads="8">
  <mem-info id="12" free="7340032" total="8388608" percent="87">
    <mem type="eden" free="81080" total="1048576" percent="7" />
    <pending-finalizers system="1" default="0" reference="406" classloader="0" />
    <remembered-set count="0" freebytes="334848" totalbytes="334848" percent="100" regionsoverflowed="0" regionsstable="0" regionsrebuilding="0"/>
  </mem-info>
</gc-end>
<cycle-end id="13" type="partial gc" contextid="4" timestamp="2019-08-03T02:50:10.698" />
  <attribute name="elasticGC enabled" value="1" />
  <attribute name= "numThreadsSpecified" value="0" />
  <attribute name="heapSize specified" value="0" />
  <attribute name= "numCores" value="8" />
  <attribute name ="GC Interval" value="0" />
  <attribute name ="Control flow" value="1" />
  <attribute name="GC Util Range Max" value="155" />
  <attribute name="Current GC Util" value="39" />
  <attribute name= "Current Time Running" value="5" />
<exclusive-end id="14" timestamp="2019-08-03T02:50:10.698" durationms="12.869" />

<exclusive-start id="15" timestamp="2019-08-03T02:50:11.218" intervalms="533.358">
  <response-info timems="0.056" idlems="0.056" threads="0" lastid="0000000001ED3A00" lastname="main" />
</exclusive-start>
<allocation-taxation id="16" taxation-threshold="7340032" timestamp="2019-08-03T02:50:11.219" intervalms="533.270" />
<cycle-start id="17" type="partial gc" contextid="0" timestamp="2019-08-03T02:50:11.219" intervalms="533.221" />
<gc-start id="18" type="partial gc" contextid="17" timestamp="2019-08-03T02:50:11.219">
  <mem-info id="19" free="0" total="8388608" percent="0">
    <mem type="eden" free="81080" total="8388608" percent="0" />
    <remembered-set count="0" freebytes="334848" totalbytes="334848" percent="100" regionsoverflowed="0" regionsstable="0" regionsrebuilding="0"/>
  </mem-info>
</gc-start>
<allocation-stats totalBytes="7329136" >
  <allocated-bytes non-tlh="569856" tlh="6759280" arrayletleaf="0"/>
  <largest-consumer threadName="main" threadId="0000000001ED3A00" bytes="7320856" />
</allocation-stats>
<gc-op id="20" type="mark" timems="2.153" contextid="17" timestamp="2019-08-03T02:50:11.222">
  <trace-info objectcount="19052" scancount="15088" scanbytes="512200" />
  <remembered-set-cleared processed="0" cleared="0" durationms="0.078" />
  <finalization candidates="22" enqueued="0" />
  <ownableSynchronizers candidates="16" cleared="0" />
  <references type="soft" candidates="67" cleared="0" enqueued="0" dynamicThreshold="28" maxThreshold="32" />
  <references type="weak" candidates="682" cleared="364" enqueued="256" />
  <references type="phantom" candidates="88" cleared="2" enqueued="2" />
  <stringconstants candidates="2592" cleared="0"  />
  <warning details="Mark invoked due to insufficient free space for Copy-Forward" />
</gc-op>
<gc-op id="21" type="classunload" timems="0.001" contextid="17" timestamp="2019-08-03T02:50:11.222">
  <classunload-info classloadercandidates="6" classloadersunloaded="0" classesunloaded="0" anonymousclassesunloaded="0" quiescems="0.000" setupms="0.001" scanms="0.000" postms="0.000" />
</gc-op>
<gc-op id="22" type="sweep" timems="0.422" contextid="17" timestamp="2019-08-03T02:50:11.223" />
<gc-op id="23" type="compact" timems="3.413" contextid="17" timestamp="2019-08-03T02:50:11.226">
  <compact-info movecount="19052" movebytes="1508808" />
  <remembered-set-cleared processed="0" cleared="0" durationms="0.078" />
</gc-op>
<gc-end id="24" type="partial gc" contextid="17" durationms="7.626" usertimems="8.000" systemtimems="4.000" timestamp="2019-08-03T02:50:11.227" activeThreads="8">
  <mem-info id="25" free="6291456" total="8388608" percent="75">
    <mem type="eden" free="588344" total="2097152" percent="28" />
    <pending-finalizers system="0" default="0" reference="258" classloader="0" />
    <remembered-set count="1024" freebytes="330752" totalbytes="334848" percent="98" regionsoverflowed="0" regionsstable="0" regionsrebuilding="0"/>
  </mem-info>
</gc-end>
<cycle-end id="26" type="partial gc" contextid="17" timestamp="2019-08-03T02:50:11.227" />
  <attribute name="elasticGC enabled" value="1" />
  <attribute name= "numThreadsSpecified" value="1" />
  <attribute name="heapSize specified" value="0" />
  <attribute name= "numCores" value="8" />
  <attribute name ="GC Interval" value="0" />
  <attribute name ="Control flow" value="3" />
  <attribute name="GC Util Range Max" value="155" />
  <attribute name="Current GC Util" value="28" />
  <attribute name= "Current Time Running" value="536" />
<exclusive-end id="27" timestamp="2019-08-03T02:50:11.227" durationms="8.860" />

<exclusive-start id="28" timestamp="2019-08-03T02:50:11.351" intervalms="132.548">
  <response-info timems="0.037" idlems="0.037" threads="0" lastid="0000000001ED3A00" lastname="main" />
</exclusive-start>
<allocation-taxation id="29" taxation-threshold="3145728" timestamp="2019-08-03T02:50:11.351" intervalms="132.522" />
<cycle-start id="30" type="global mark phase" contextid="0" timestamp="2019-08-03T02:50:11.351" intervalms="2103.756" />
<gc-start id="31" type="global mark phase" contextid="30" timestamp="2019-08-03T02:50:11.351">
  <mem-info id="32" free="3145728" total="8388608" percent="37">
    <remembered-set count="1024" freebytes="330752" totalbytes="334848" percent="98" regionsoverflowed="0" regionsstable="0" regionsrebuilding="0"/>
  </mem-info>
</gc-start>
<gc-op id="33" type="mark increment" timems="0.791" contextid="30" timestamp="2019-08-03T02:50:11.352">
  <trace-info objectcount="139" scancount="0" scanbytes="0" />
</gc-op>
<gc-end id="34" type="global mark phase" contextid="30" durationms="0.916" usertimems="0.000" systemtimems="0.000" timestamp="2019-08-03T02:50:11.352" activeThreads="8">
  <mem-info id="35" free="3145728" total="8388608" percent="37">
    <remembered-set count="1024" freebytes="330752" totalbytes="334848" percent="98" regionsoverflowed="0" regionsstable="0" regionsrebuilding="0"/>
  </mem-info>
</gc-end>
<concurrent-start id="36" type="GMP work packet processing" contextid="30" timestamp="2019-08-03T02:50:11.352">
  <concurrent-mark-start scanTarget="18446744073709551615" />
</concurrent-start>
<exclusive-end id="37" timestamp="2019-08-03T02:50:11.352" durationms="1.420" />

<concurrent-end id="38" type="GMP work packet processing" contextid="30" timestamp="2019-08-03T02:50:11.354">
  <concurrent-mark-end bytesScanned="783224" reasonForTermination="Completed all work in GC phase" />
</concurrent-end>

<exclusive-start id="39" timestamp="2019-08-03T02:50:11.443" intervalms="92.100">
  <response-info timems="0.058" idlems="0.058" threads="0" lastid="0000000001ED3A00" lastname="main" />
</exclusive-start>
<allocation-taxation id="40" taxation-threshold="3145728" timestamp="2019-08-03T02:50:11.443" intervalms="92.073" />
<cycle-start id="41" type="partial gc" contextid="0" timestamp="2019-08-03T02:50:11.443" intervalms="224.487" />
<gc-start id="42" type="partial gc" contextid="41" timestamp="2019-08-03T02:50:11.444">
  <mem-info id="43" free="0" total="8388608" percent="0">
    <mem type="eden" free="0" total="6291456" percent="0" />
    <remembered-set count="1024" freebytes="330752" totalbytes="334848" percent="98" regionsoverflowed="0" regionsstable="0" regionsrebuilding="0"/>
  </mem-info>
</gc-start>
<allocation-stats totalBytes="6286616" >
  <allocated-bytes non-tlh="317712" tlh="5968904" arrayletleaf="0"/>
  <largest-consumer threadName="main" threadId="0000000001ED3A00" bytes="3144336" />
</allocation-stats>
<gc-op id="44" type="mark" timems="2.695" contextid="41" timestamp="2019-08-03T02:50:11.447">
  <trace-info objectcount="20278" scancount="16257" scanbytes="547600" />
  <cardclean-info objects="727" bytes="33116" />
  <remembered-set-cleared processed="207" cleared="207" durationms="0.047" />
  <finalization candidates="50" enqueued="1" />
  <ownableSynchronizers candidates="17" cleared="0" />
  <references type="soft" candidates="358" cleared="0" enqueued="0" dynamicThreshold="12" maxThreshold="32" />
  <references type="weak" candidates="1254" cleared="157" enqueued="143" />
  <references type="phantom" candidates="41" cleared="4" enqueued="4" />
  <stringconstants candidates="4540" cleared="0"  />
  <warning details="Mark invoked due to insufficient free space for Copy-Forward" />
</gc-op>
<gc-op id="45" type="classunload" timems="0.002" contextid="41" timestamp="2019-08-03T02:50:11.447">
  <classunload-info classloadercandidates="10" classloadersunloaded="0" classesunloaded="0" anonymousclassesunloaded="0" quiescems="0.000" setupms="0.002" scanms="0.000" postms="0.000" />
</gc-op>
<gc-op id="46" type="sweep" timems="0.370" contextid="41" timestamp="2019-08-03T02:50:11.447" />
<gc-op id="47" type="compact" timems="3.093" contextid="41" timestamp="2019-08-03T02:50:11.451">
  <compact-info movecount="20274" movebytes="1380064" />
  <remembered-set-cleared processed="3206" cleared="3206" durationms="0.058" />
</gc-op>
<heap-resize id="48" type="contract" space="default" amount="1048576" count="1" timems="0.152" reason="insufficient time being spent in gc" timestamp="2019-08-03T02:50:11.451" />
<gc-end id="49" type="partial gc" contextid="41" durationms="7.890" usertimems="12.000" systemtimems="0.000" timestamp="2019-08-03T02:50:11.451" activeThreads="8">
  <mem-info id="50" free="4194304" total="7340032" percent="57">
    <mem type="eden" free="372904" total="1048576" percent="35" />
    <pending-finalizers system="1" default="0" reference="147" classloader="0" />
    <remembered-set count="3072" freebytes="322560" totalbytes="334848" percent="96" regionsoverflowed="0" regionsstable="0" regionsrebuilding="0"/>
  </mem-info>
</gc-end>
<cycle-end id="51" type="partial gc" contextid="41" timestamp="2019-08-03T02:50:11.452" />
  <attribute name="elasticGC enabled" value="1" />
  <attribute name= "numThreadsSpecified" value="1" />
  <attribute name="heapSize specified" value="0" />
  <attribute name= "numCores" value="8" />
  <attribute name ="GC Interval" value="0" />
  <attribute name ="Control flow" value="3" />
  <attribute name="GC Util Range Max" value="155" />
  <attribute name="Current GC Util" value="40" />
  <attribute name= "Current Time Running" value="761" />
<exclusive-end id="52" timestamp="2019-08-03T02:50:11.452" durationms="8.605" />

<exclusive-start id="53" timestamp="2019-08-03T02:50:14.070" intervalms="2626.888">
  <response-info timems="0.070" idlems="0.070" threads="0" lastid="0000000001ED3A00" lastname="main" />
</exclusive-start>
<allocation-taxation id="54" taxation-threshold="2097152" timestamp="2019-08-03T02:50:14.070" intervalms="2626.932" />
<gc-start id="55" type="global mark phase" contextid="30" timestamp="2019-08-03T02:50:14.070">
  <mem-info id="56" free="2097152" total="7340032" percent="28">
    <remembered-set count="3072" freebytes="322560" totalbytes="334848" percent="96" regionsoverflowed="0" regionsstable="0" regionsrebuilding="0"/>
  </mem-info>
</gc-start>
<gc-op id="57" type="mark increment" timems="1.740" contextid="30" timestamp="2019-08-03T02:50:14.072">
  <trace-info objectcount="22553" scancount="18243" scanbytes="620960" />
  <cardclean-info objects="759" bytes="34384" />
  <finalization candidates="62" enqueued="0" />
  <ownableSynchronizers candidates="17" cleared="0" />
  <references type="soft" candidates="584" cleared="0" enqueued="0" dynamicThreshold="18" maxThreshold="32" />
  <references type="weak" candidates="1415" cleared="6" enqueued="6" />
  <references type="phantom" candidates="96" cleared="2" enqueued="2" />
  <stringconstants candidates="4893" cleared="0"  />
</gc-op>
<gc-op id="58" type="classunload" timems="0.003" contextid="30" timestamp="2019-08-03T02:50:14.072">
  <classunload-info classloadercandidates="10" classloadersunloaded="0" classesunloaded="0" anonymousclassesunloaded="0" quiescems="0.000" setupms="0.003" scanms="0.000" postms="0.000" />
</gc-op>
<gc-end id="59" type="global mark phase" contextid="30" durationms="2.036" usertimems="4.000" systemtimems="0.000" timestamp="2019-08-03T02:50:14.072" activeThreads="1">
  <mem-info id="60" free="2097152" total="7340032" percent="28">
    <pending-finalizers system="0" default="0" reference="8" classloader="0" />
    <remembered-set count="3072" freebytes="322560" totalbytes="334848" percent="96" regionsoverflowed="0" regionsstable="0" regionsrebuilding="0"/>
  </mem-info>
</gc-end>
<cycle-end id="61" type="global mark phase" contextid="30" timestamp="2019-08-03T02:50:14.072" />
  <attribute name="elasticGC enabled" value="1" />
  <attribute name= "numThreadsSpecified" value="1" />
  <attribute name="heapSize specified" value="0" />
  <attribute name= "numCores" value="8" />
  <attribute name ="GC Interval" value="0" />
  <attribute name ="Control flow" value="2" />
  <attribute name="GC Util Range Max" value="155" />
  <attribute name="Current GC Util" value="141" />
  <attribute name= "Current Time Running" value="3385" />
<exclusive-end id="62" timestamp="2019-08-03T02:50:14.072" durationms="2.433" />

<exclusive-start id="63" timestamp="2019-08-03T02:50:14.120" intervalms="50.281">
  <response-info timems="0.036" idlems="0.036" threads="0" lastid="0000000001ED3A00" lastname="main" />
</exclusive-start>
<allocation-taxation id="64" taxation-threshold="2097152" timestamp="2019-08-03T02:50:14.120" intervalms="50.239" />
<cycle-start id="65" type="partial gc" contextid="0" timestamp="2019-08-03T02:50:14.120" intervalms="2677.170" />
<gc-start id="66" type="partial gc" contextid="65" timestamp="2019-08-03T02:50:14.121">
  <mem-info id="67" free="0" total="7340032" percent="0">
    <mem type="eden" free="0" total="4194304" percent="0" />
    <remembered-set count="3072" freebytes="322560" totalbytes="334848" percent="96" regionsoverflowed="0" regionsstable="0" regionsrebuilding="0"/>
  </mem-info>
</gc-start>
<allocation-stats totalBytes="4180176" >
  <allocated-bytes non-tlh="79216" tlh="4100960" arrayletleaf="0"/>
  <largest-consumer threadName="main" threadId="0000000001ED3A00" bytes="2095944" />
</allocation-stats>
<gc-op id="68" type="sweep" timems="0.436" contextid="65" timestamp="2019-08-03T02:50:14.121" />
<gc-op id="69" type="mark" timems="2.054" contextid="65" timestamp="2019-08-03T02:50:14.124">
  <trace-info objectcount="22614" scancount="18114" scanbytes="605512" />
  <cardclean-info objects="673" bytes="34712" />
  <remembered-set-cleared processed="1602" cleared="1491" durationms="0.057" />
  <finalization candidates="43" enqueued="0" />
  <ownableSynchronizers candidates="1" cleared="0" />
  <references type="soft" candidates="562" cleared="0" enqueued="0" dynamicThreshold="9" maxThreshold="32" />
  <references type="weak" candidates="1224" cleared="24" enqueued="24" />
  <references type="phantom" candidates="10" cleared="1" enqueued="1" />
  <stringconstants candidates="5084" cleared="0"  />
  <warning details="Mark invoked due to insufficient free space for Copy-Forward" />
</gc-op>
<gc-op id="70" type="classunload" timems="0.002" contextid="65" timestamp="2019-08-03T02:50:14.124">
  <classunload-info classloadercandidates="10" classloadersunloaded="0" classesunloaded="0" anonymousclassesunloaded="0" quiescems="0.000" setupms="0.001" scanms="0.000" postms="0.000" />
</gc-op>
<gc-op id="71" type="sweep" timems="0.237" contextid="65" timestamp="2019-08-03T02:50:14.124" />
<gc-op id="72" type="compact" timems="3.298" contextid="65" timestamp="2019-08-03T02:50:14.128">
  <compact-info movecount="22597" movebytes="884728" />
  <remembered-set-cleared processed="7335" cleared="7106" durationms="0.073" />
</gc-op>
<heap-resize id="73" type="expand" space="default" amount="1048576" count="1" timems="0.052" reason="insufficient free space following gc" timestamp="2019-08-03T02:50:14.128" />
<gc-end id="74" type="partial gc" contextid="65" durationms="7.865" usertimems="8.000" systemtimems="0.000" timestamp="2019-08-03T02:50:14.129" activeThreads="8">
  <mem-info id="75" free="4194304" total="8388608" percent="50">
    <mem type="eden" free="791688" total="1048576" percent="75" />
    <pending-finalizers system="0" default="0" reference="25" classloader="0" />
    <remembered-set count="4320" freebytes="317568" totalbytes="334848" percent="94" regionsoverflowed="0" regionsstable="0" regionsrebuilding="0"/>
  </mem-info>
</gc-end>
<cycle-end id="76" type="partial gc" contextid="65" timestamp="2019-08-03T02:50:14.129" />
  <attribute name="elasticGC enabled" value="1" />
  <attribute name= "numThreadsSpecified" value="2" />
  <attribute name="heapSize specified" value="0" />
  <attribute name= "numCores" value="8" />
  <attribute name ="GC Interval" value="0" />
  <attribute name ="Control flow" value="1" />
  <attribute name="GC Util Range Max" value="155" />
  <attribute name="Current GC Util" value="6" />
  <attribute name= "Current Time Running" value="3438" />
<exclusive-end id="77" timestamp="2019-08-03T02:50:14.129" durationms="8.728" />

<exclusive-start id="78" timestamp="2019-08-03T02:50:14.190" intervalms="69.967">
  <response-info timems="0.054" idlems="0.054" threads="0" lastid="0000000001ED3A00" lastname="main" />
</exclusive-start>
<allocation-taxation id="79" taxation-threshold="2097152" timestamp="2019-08-03T02:50:14.190" intervalms="69.970" />
<cycle-start id="80" type="global mark phase" contextid="0" timestamp="2019-08-03T02:50:14.190" intervalms="2839.117" />
<gc-start id="81" type="global mark phase" contextid="80" timestamp="2019-08-03T02:50:14.191">
  <mem-info id="82" free="2097152" total="8388608" percent="25">
    <remembered-set count="4032" freebytes="318720" totalbytes="334848" percent="95" regionsoverflowed="0" regionsstable="0" regionsrebuilding="0"/>
  </mem-info>
</gc-start>
<gc-op id="83" type="mark increment" timems="0.363" contextid="80" timestamp="2019-08-03T02:50:14.191">
  <trace-info objectcount="126" scancount="0" scanbytes="0" />
</gc-op>
<gc-end id="84" type="global mark phase" contextid="80" durationms="0.479" usertimems="0.000" systemtimems="0.000" timestamp="2019-08-03T02:50:14.191" activeThreads="2">
  <mem-info id="85" free="2097152" total="8388608" percent="25">
    <remembered-set count="4032" freebytes="318720" totalbytes="334848" percent="95" regionsoverflowed="0" regionsstable="0" regionsrebuilding="0"/>
  </mem-info>
</gc-end>
<concurrent-start id="86" type="GMP work packet processing" contextid="80" timestamp="2019-08-03T02:50:14.191">
  <concurrent-mark-start scanTarget="18446744073709551615" />
</concurrent-start>
<exclusive-end id="87" timestamp="2019-08-03T02:50:14.191" durationms="0.852" />

<concurrent-end id="88" type="GMP work packet processing" contextid="80" timestamp="2019-08-03T02:50:14.194">
  <concurrent-mark-end bytesScanned="1169464" reasonForTermination="Completed all work in GC phase" />
</concurrent-end>

<exclusive-start id="89" timestamp="2019-08-03T02:50:14.252" intervalms="61.986">
  <response-info timems="0.065" idlems="0.065" threads="0" lastid="0000000001ED3A00" lastname="main" />
</exclusive-start>
<allocation-taxation id="90" taxation-threshold="2097152" timestamp="2019-08-03T02:50:14.252" intervalms="62.065" />
<cycle-start id="91" type="partial gc" contextid="0" timestamp="2019-08-03T02:50:14.253" intervalms="132.134" />
<gc-start id="92" type="partial gc" contextid="91" timestamp="2019-08-03T02:50:14.253">
  <mem-info id="93" free="0" total="8388608" percent="0">
    <mem type="eden" free="0" total="4194304" percent="0" />
    <remembered-set count="4032" freebytes="318720" totalbytes="334848" percent="95" regionsoverflowed="0" regionsstable="0" regionsrebuilding="0"/>
  </mem-info>
</gc-start>
<allocation-stats totalBytes="4185968" >
  <allocated-bytes non-tlh="123336" tlh="4062632" arrayletleaf="0"/>
  <largest-consumer threadName="main" threadId="0000000001ED3A00" bytes="2031304" />
</allocation-stats>
<gc-op id="94" type="mark" timems="2.941" contextid="91" timestamp="2019-08-03T02:50:14.256">
  <trace-info objectcount="15795" scancount="13621" scanbytes="496540" />
  <cardclean-info objects="1751" bytes="82008" />
  <remembered-set-cleared processed="2434" cleared="1068" durationms="0.180" />
  <finalization candidates="14" enqueued="0" />
  <ownableSynchronizers candidates="4" cleared="0" />
  <references type="soft" candidates="441" cleared="0" enqueued="0" dynamicThreshold="8" maxThreshold="32" />
  <references type="weak" candidates="2144" cleared="437" enqueued="288" />
  <references type="phantom" candidates="3" cleared="1" enqueued="1" />
  <stringconstants candidates="6051" cleared="0"  />
  <warning details="Mark invoked due to insufficient free space for Copy-Forward" />
</gc-op>
<gc-op id="95" type="classunload" timems="0.003" contextid="91" timestamp="2019-08-03T02:50:14.256">
  <classunload-info classloadercandidates="11" classloadersunloaded="0" classesunloaded="0" anonymousclassesunloaded="0" quiescems="0.000" setupms="0.003" scanms="0.000" postms="0.000" />
</gc-op>
<gc-op id="96" type="sweep" timems="0.507" contextid="91" timestamp="2019-08-03T02:50:14.257" />
<gc-op id="97" type="compact" timems="2.116" contextid="91" timestamp="2019-08-03T02:50:14.259">
  <compact-info movecount="15631" movebytes="686888" />
  <remembered-set-cleared processed="12043" cleared="9269" durationms="0.180" />
</gc-op>
<heap-resize id="98" type="expand" space="default" amount="1048576" count="1" timems="0.056" reason="insufficient free space following gc" timestamp="2019-08-03T02:50:14.260" />
<gc-end id="99" type="partial gc" contextid="91" durationms="7.147" usertimems="8.000" systemtimems="0.000" timestamp="2019-08-03T02:50:14.260" activeThreads="2">
  <mem-info id="100" free="4194304" total="9437184" percent="44">
    <mem type="eden" free="599456" total="1048576" percent="57" />
    <pending-finalizers system="0" default="0" reference="289" classloader="0" />
    <remembered-set count="6528" freebytes="350592" totalbytes="376704" percent="93" regionsoverflowed="0" regionsstable="0" regionsrebuilding="0"/>
  </mem-info>
</gc-end>
<cycle-end id="101" type="partial gc" contextid="91" timestamp="2019-08-03T02:50:14.260" />
  <attribute name="elasticGC enabled" value="1" />
  <attribute name= "numThreadsSpecified" value="2" />
  <attribute name="heapSize specified" value="0" />
  <attribute name= "numCores" value="8" />
  <attribute name ="GC Interval" value="0" />
  <attribute name ="Control flow" value="1" />
  <attribute name="GC Util Range Max" value="155" />
  <attribute name="Current GC Util" value="42" />
  <attribute name= "Current Time Running" value="3570" />
<exclusive-end id="102" timestamp="2019-08-03T02:50:14.260" durationms="8.172" />

<exclusive-start id="103" timestamp="2019-08-03T02:50:14.308" intervalms="55.271">
  <response-info timems="0.067" idlems="0.067" threads="0" lastid="0000000001ED3A00" lastname="main" />
</exclusive-start>
<allocation-taxation id="104" taxation-threshold="2097152" timestamp="2019-08-03T02:50:14.308" intervalms="55.188" />
<gc-start id="105" type="global mark phase" contextid="80" timestamp="2019-08-03T02:50:14.308">
  <mem-info id="106" free="2097152" total="9437184" percent="22">
    <remembered-set count="6400" freebytes="351104" totalbytes="376704" percent="93" regionsoverflowed="0" regionsstable="0" regionsrebuilding="0"/>
  </mem-info>
</gc-start>
<gc-op id="107" type="mark increment" timems="1.697" contextid="80" timestamp="2019-08-03T02:50:14.310">
  <trace-info objectcount="17945" scancount="15494" scanbytes="564568" />
  <cardclean-info objects="2290" bytes="106880" />
  <finalization candidates="80" enqueued="0" />
  <ownableSynchronizers candidates="21" cleared="0" />
  <references type="soft" candidates="968" cleared="0" enqueued="0" dynamicThreshold="14" maxThreshold="32" />
  <references type="weak" candidates="2979" cleared="22" enqueued="22" />
  <references type="phantom" candidates="104" cleared="3" enqueued="3" />
  <stringconstants candidates="6222" cleared="0"  />
</gc-op>
<gc-op id="108" type="classunload" timems="0.004" contextid="80" timestamp="2019-08-03T02:50:14.310">
  <classunload-info classloadercandidates="11" classloadersunloaded="0" classesunloaded="0" anonymousclassesunloaded="0" quiescems="0.000" setupms="0.004" scanms="0.000" postms="0.000" />
</gc-op>
<gc-end id="109" type="global mark phase" contextid="80" durationms="2.096" usertimems="4.000" systemtimems="0.000" timestamp="2019-08-03T02:50:14.310" activeThreads="2">
  <mem-info id="110" free="2097152" total="9437184" percent="22">
    <pending-finalizers system="0" default="0" reference="25" classloader="0" />
    <remembered-set count="6400" freebytes="351104" totalbytes="376704" percent="93" regionsoverflowed="0" regionsstable="0" regionsrebuilding="0"/>
  </mem-info>
</gc-end>
<cycle-end id="111" type="global mark phase" contextid="80" timestamp="2019-08-03T02:50:14.310" />
  <attribute name="elasticGC enabled" value="1" />
  <attribute name= "numThreadsSpecified" value="2" />
  <attribute name="heapSize specified" value="0" />
  <attribute name= "numCores" value="8" />
  <attribute name ="GC Interval" value="0" />
  <attribute name ="Control flow" value="2" />
  <attribute name="GC Util Range Max" value="155" />
  <attribute name="Current GC Util" value="84" />
  <attribute name= "Current Time Running" value="3622" />
<exclusive-end id="112" timestamp="2019-08-03T02:50:14.310" durationms="2.670" />

<exclusive-start id="113" timestamp="2019-08-03T02:50:14.339" intervalms="31.866">
  <response-info timems="0.027" idlems="0.027" threads="0" lastid="0000000001ED3A00" lastname="main" />
</exclusive-start>
<allocation-taxation id="114" taxation-threshold="2097152" timestamp="2019-08-03T02:50:14.340" intervalms="31.894" />
<cycle-start id="115" type="partial gc" contextid="0" timestamp="2019-08-03T02:50:14.340" intervalms="87.014" />
<gc-start id="116" type="partial gc" contextid="115" timestamp="2019-08-03T02:50:14.340">
  <mem-info id="117" free="0" total="9437184" percent="0">
    <mem type="eden" free="0" total="4194304" percent="0" />
    <remembered-set count="6400" freebytes="351104" totalbytes="376704" percent="93" regionsoverflowed="0" regionsstable="0" regionsrebuilding="0"/>
  </mem-info>
</gc-start>
<allocation-stats totalBytes="4086680" >
  <allocated-bytes non-tlh="1446368" tlh="2640312" arrayletleaf="0"/>
  <largest-consumer threadName="main" threadId="0000000001ED3A00" bytes="2059800" />
</allocation-stats>
<gc-op id="118" type="sweep" timems="0.465" contextid="115" timestamp="2019-08-03T02:50:14.341" />
<gc-op id="119" type="mark" timems="1.500" contextid="115" timestamp="2019-08-03T02:50:14.342">
  <trace-info objectcount="13424" scancount="11351" scanbytes="421408" />
  <cardclean-info objects="1207" bytes="67608" />
  <remembered-set-cleared processed="4137" cleared="1924" durationms="0.082" />
  <finalization candidates="15" enqueued="0" />
  <ownableSynchronizers candidates="4" cleared="0" />
  <references type="soft" candidates="339" cleared="0" enqueued="0" dynamicThreshold="7" maxThreshold="32" />
  <references type="weak" candidates="1490" cleared="1" enqueued="1" />
  <references type="phantom" candidates="6" cleared="0" enqueued="0" />
  <stringconstants candidates="6433" cleared="0"  />
  <warning details="Mark invoked due to insufficient free space for Copy-Forward" />
</gc-op>
<gc-op id="120" type="classunload" timems="0.003" contextid="115" timestamp="2019-08-03T02:50:14.343">
  <classunload-info classloadercandidates="11" classloadersunloaded="0" classesunloaded="0" anonymousclassesunloaded="0" quiescems="0.000" setupms="0.003" scanms="0.000" postms="0.000" />
</gc-op>
<gc-op id="121" type="sweep" timems="0.364" contextid="115" timestamp="2019-08-03T02:50:14.343" />
<gc-op id="122" type="compact" timems="2.790" contextid="115" timestamp="2019-08-03T02:50:14.346">
  <compact-info movecount="11997" movebytes="1327544" />
  <remembered-set-cleared processed="12559" cleared="8118" durationms="0.082" />
</gc-op>
<heap-resize id="123" type="expand" space="default" amount="2097152" count="1" timems="0.063" reason="insufficient free space following gc" timestamp="2019-08-03T02:50:14.347" />
<gc-end id="124" type="partial gc" contextid="115" durationms="6.904" usertimems="12.000" systemtimems="0.000" timestamp="2019-08-03T02:50:14.347" activeThreads="8">
  <mem-info id="125" free="5242880" total="11534336" percent="45">
    <mem type="eden" free="95776" total="1048576" percent="9" />
    <pending-finalizers system="0" default="0" reference="1" classloader="0" />
    <remembered-set count="6496" freebytes="434432" totalbytes="460416" percent="94" regionsoverflowed="0" regionsstable="0" regionsrebuilding="0"/>
  </mem-info>
</gc-end>
<cycle-end id="126" type="partial gc" contextid="115" timestamp="2019-08-03T02:50:14.347" />
  <attribute name="elasticGC enabled" value="1" />
  <attribute name= "numThreadsSpecified" value="2" />
  <attribute name="heapSize specified" value="0" />
  <attribute name= "numCores" value="8" />
  <attribute name ="GC Interval" value="0" />
  <attribute name ="Control flow" value="3" />
  <attribute name="GC Util Range Max" value="155" />
  <attribute name="Current GC Util" value="11" />
  <attribute name= "Current Time Running" value="3656" />
<exclusive-end id="127" timestamp="2019-08-03T02:50:14.347" durationms="7.773" />

<exclusive-start id="128" timestamp="2019-08-03T02:50:14.412" intervalms="73.073">
  <response-info timems="0.058" idlems="0.058" threads="0" lastid="0000000001ED3A00" lastname="main" />
</exclusive-start>
<allocation-taxation id="129" taxation-threshold="2097152" timestamp="2019-08-03T02:50:14.413" intervalms="73.045" />
<cycle-start id="130" type="global mark phase" contextid="0" timestamp="2019-08-03T02:50:14.413" intervalms="222.187" />
<gc-start id="131" type="global mark phase" contextid="130" timestamp="2019-08-03T02:50:14.413">
  <mem-info id="132" free="3145728" total="11534336" percent="27">
    <remembered-set count="6176" freebytes="435712" totalbytes="460416" percent="94" regionsoverflowed="0" regionsstable="0" regionsrebuilding="0"/>
  </mem-info>
</gc-start>
<gc-op id="133" type="mark increment" timems="0.909" contextid="130" timestamp="2019-08-03T02:50:14.414">
  <trace-info objectcount="217" scancount="0" scanbytes="0" />
</gc-op>
<gc-end id="134" type="global mark phase" contextid="130" durationms="1.031" usertimems="4.000" systemtimems="0.000" timestamp="2019-08-03T02:50:14.414" activeThreads="2">
  <mem-info id="135" free="3145728" total="11534336" percent="27">
    <remembered-set count="6176" freebytes="435712" totalbytes="460416" percent="94" regionsoverflowed="0" regionsstable="0" regionsrebuilding="0"/>
  </mem-info>
</gc-end>
<concurrent-start id="136" type="GMP work packet processing" contextid="130" timestamp="2019-08-03T02:50:14.414">
  <concurrent-mark-start scanTarget="18446744073709551615" />
</concurrent-start>
<exclusive-end id="137" timestamp="2019-08-03T02:50:14.414" durationms="1.405" />

<concurrent-end id="138" type="GMP work packet processing" contextid="130" timestamp="2019-08-03T02:50:14.416">
  <concurrent-mark-end bytesScanned="1720040" reasonForTermination="Completed all work in GC phase" />
</concurrent-end>

<exclusive-start id="139" timestamp="2019-08-03T02:50:14.458" intervalms="45.297">
  <response-info timems="0.058" idlems="0.058" threads="0" lastid="0000000001ED3A00" lastname="main" />
</exclusive-start>
<allocation-taxation id="140" taxation-threshold="2097152" timestamp="2019-08-03T02:50:14.458" intervalms="45.306" />
<cycle-start id="141" type="partial gc" contextid="0" timestamp="2019-08-03T02:50:14.458" intervalms="118.324" />
<gc-start id="142" type="partial gc" contextid="141" timestamp="2019-08-03T02:50:14.458">
  <mem-info id="143" free="1048576" total="11534336" percent="9">
    <mem type="eden" free="0" total="4194304" percent="0" />
    <remembered-set count="6176" freebytes="435712" totalbytes="460416" percent="94" regionsoverflowed="0" regionsstable="0" regionsrebuilding="0"/>
  </mem-info>
</gc-start>
<allocation-stats totalBytes="4183360" >
  <allocated-bytes non-tlh="64016" tlh="4119344" arrayletleaf="0"/>
  <largest-consumer threadName="main" threadId="0000000001ED3A00" bytes="2088088" />
</allocation-stats>
<gc-op id="144" type="copy forward" timems="4.889" contextid="141" timestamp="2019-08-03T02:50:14.464">
  <memory-copied type="eden" objects="7988" bytes="355840" bytesdiscarded="0" />
  <memory-copied type="other" objects="3073" bytes="934120" bytesdiscarded="0" />
  <memory-cardclean objects="644" bytes="44800" />
  <regions eden="4" other="1" />
  <remembered-set-cleared processed="4619" cleared="613" durationms="0.088" />
  <finalization candidates="4" enqueued="0" />
  <references type="soft" candidates="160" cleared="0" enqueued="0" dynamicThreshold="8" maxThreshold="32" />
  <references type="weak" candidates="341" cleared="0" enqueued="0" />
  <references type="phantom" candidates="5" cleared="0" enqueued="0" />
  <stringconstants candidates="7035" cleared="0"  />
  <heap-resize type="expand" space="default" amount="1048576" count="1" timems="0.059" reason="continue current collection" />
</gc-op>
<gc-op id="145" type="classunload" timems="0.002" contextid="141" timestamp="2019-08-03T02:50:14.464">
  <classunload-info classloadercandidates="11" classloadersunloaded="0" classesunloaded="0" anonymousclassesunloaded="0" quiescems="0.000" setupms="0.002" scanms="0.000" postms="0.000" />
</gc-op>
<gc-op id="146" type="compact" timems="2.293" contextid="141" timestamp="2019-08-03T02:50:14.466">
  <compact-info movecount="0" movebytes="0" />
  <remembered-set-cleared processed="10191" cleared="613" durationms="0.088" />
</gc-op>
<gc-end id="147" type="partial gc" contextid="141" durationms="8.502" usertimems="8.000" systemtimems="0.000" timestamp="2019-08-03T02:50:14.467" activeThreads="8">
  <mem-info id="148" free="5242880" total="12582912" percent="41">
    <mem type="eden" free="692456" total="1048576" percent="66" />
    <remembered-set count="7488" freebytes="472320" totalbytes="502272" percent="94" regionsoverflowed="0" regionsstable="0" regionsrebuilding="0"/>
  </mem-info>
</gc-end>
<cycle-end id="149" type="partial gc" contextid="141" timestamp="2019-08-03T02:50:14.467" />
  <attribute name="elasticGC enabled" value="1" />
  <attribute name= "numThreadsSpecified" value="1" />
  <attribute name="heapSize specified" value="0" />
  <attribute name= "numCores" value="8" />
  <attribute name ="GC Interval" value="0" />
  <attribute name ="Control flow" value="1" />
  <attribute name="GC Util Range Max" value="155" />
  <attribute name="Current GC Util" value="0" />
  <attribute name= "Current Time Running" value="3777" />
<exclusive-end id="150" timestamp="2019-08-03T02:50:14.467" durationms="9.225" />

<exclusive-start id="151" timestamp="2019-08-03T02:50:14.511" intervalms="53.209">
  <response-info timems="0.067" idlems="0.067" threads="0" lastid="0000000001ED3A00" lastname="main" />
</exclusive-start>
<allocation-taxation id="152" taxation-threshold="2097152" timestamp="2019-08-03T02:50:14.511" intervalms="53.213" />
<gc-start id="153" type="global mark phase" contextid="130" timestamp="2019-08-03T02:50:14.511">
  <mem-info id="154" free="3145728" total="12582912" percent="25">
    <remembered-set count="7488" freebytes="472320" totalbytes="502272" percent="94" regionsoverflowed="0" regionsstable="0" regionsrebuilding="0"/>
  </mem-info>
</gc-start>
<gc-op id="155" type="mark increment" timems="4.456" contextid="130" timestamp="2019-08-03T02:50:14.516">
  <trace-info objectcount="3567" scancount="3089" scanbytes="117320" />
  <cardclean-info objects="2754" bytes="131052" />
  <finalization candidates="80" enqueued="0" />
  <ownableSynchronizers candidates="21" cleared="0" />
  <references type="soft" candidates="1022" cleared="0" enqueued="0" dynamicThreshold="13" maxThreshold="32" />
  <references type="weak" candidates="3481" cleared="2" enqueued="2" />
  <references type="phantom" candidates="101" cleared="0" enqueued="0" />
  <stringconstants candidates="7214" cleared="0"  />
</gc-op>
<gc-op id="156" type="classunload" timems="0.005" contextid="130" timestamp="2019-08-03T02:50:14.516">
  <classunload-info classloadercandidates="11" classloadersunloaded="0" classesunloaded="0" anonymousclassesunloaded="0" quiescems="0.000" setupms="0.004" scanms="0.000" postms="0.000" />
</gc-op>
<gc-end id="157" type="global mark phase" contextid="130" durationms="4.843" usertimems="8.000" systemtimems="0.000" timestamp="2019-08-03T02:50:14.516" activeThreads="8">
  <mem-info id="158" free="3145728" total="12582912" percent="25">
    <pending-finalizers system="0" default="0" reference="2" classloader="0" />
    <remembered-set count="7488" freebytes="472320" totalbytes="502272" percent="94" regionsoverflowed="0" regionsstable="0" regionsrebuilding="0"/>
  </mem-info>
</gc-end>
<cycle-end id="159" type="global mark phase" contextid="130" timestamp="2019-08-03T02:50:14.516" />
  <attribute name="elasticGC enabled" value="1" />
  <attribute name= "numThreadsSpecified" value="1" />
  <attribute name="heapSize specified" value="0" />
  <attribute name= "numCores" value="8" />
  <attribute name ="GC Interval" value="0" />
  <attribute name ="Control flow" value="3" />
  <attribute name="GC Util Range Max" value="155" />
  <attribute name="Current GC Util" value="202" />
  <attribute name= "Current Time Running" value="3827" />
<exclusive-end id="160" timestamp="2019-08-03T02:50:14.516" durationms="5.282" />

<exclusive-start id="161" timestamp="2019-08-03T02:50:14.555" intervalms="44.314">
  <response-info timems="0.070" idlems="0.070" threads="0" lastid="0000000001ED3A00" lastname="main" />
</exclusive-start>
<allocation-taxation id="162" taxation-threshold="2097152" timestamp="2019-08-03T02:50:14.555" intervalms="44.301" />
<cycle-start id="163" type="partial gc" contextid="0" timestamp="2019-08-03T02:50:14.555" intervalms="97.519" />
<gc-start id="164" type="partial gc" contextid="163" timestamp="2019-08-03T02:50:14.556">
  <mem-info id="165" free="1048576" total="12582912" percent="8">
    <mem type="eden" free="0" total="4194304" percent="0" />
    <remembered-set count="7488" freebytes="472320" totalbytes="502272" percent="94" regionsoverflowed="0" regionsstable="0" regionsrebuilding="0"/>
  </mem-info>
</gc-start>
<allocation-stats totalBytes="4192144" >
  <allocated-bytes non-tlh="77512" tlh="4114632" arrayletleaf="0"/>
  <largest-consumer threadName="main" threadId="0000000001ED3A00" bytes="2096424" />
</allocation-stats>
<gc-op id="166" type="sweep" timems="1.705" contextid="163" timestamp="2019-08-03T02:50:14.558" />
<gc-op id="167" type="copy forward" timems="5.255" contextid="163" timestamp="2019-08-03T02:50:14.564">
  <memory-copied type="eden" objects="1032" bytes="41520" bytesdiscarded="2378" />
  <memory-copied type="other" objects="9919" bytes="434744" bytesdiscarded="32926" />
  <memory-cardclean objects="653" bytes="29560" />
  <memory-traced type="eden" objects="944" bytes="34376" />
  <memory-traced type="other" objects="0" bytes="0" />
  <regions eden="2" other="3" evacuated="4" marked="1" />
  <remembered-set-cleared processed="5553" cleared="1036" durationms="0.080" />
  <references type="soft" candidates="54" cleared="0" enqueued="0" dynamicThreshold="8" maxThreshold="32" />
  <references type="weak" candidates="714" cleared="0" enqueued="0" />
  <stringconstants candidates="7360" cleared="0"  />
  <heap-resize type="expand" space="default" amount="1048576" count="1" timems="0.072" reason="continue current collection" />
</gc-op>
<gc-op id="168" type="classunload" timems="0.003" contextid="163" timestamp="2019-08-03T02:50:14.564">
  <classunload-info classloadercandidates="11" classloadersunloaded="0" classesunloaded="0" anonymousclassesunloaded="0" quiescems="0.000" setupms="0.003" scanms="0.000" postms="0.000" />
</gc-op>
<gc-op id="169" type="sweep" timems="1.604" contextid="163" timestamp="2019-08-03T02:50:14.566" />
<gc-op id="170" type="compact" timems="2.146" contextid="163" timestamp="2019-08-03T02:50:14.568">
  <compact-info movecount="1182" movebytes="47208" />
  <remembered-set-cleared processed="12870" cleared="1886" durationms="0.088" />
</gc-op>
<heap-resize id="171" type="expand" space="default" amount="2097152" count="1" timems="0.059" reason="insufficient free space following gc" timestamp="2019-08-03T02:50:14.569" />
<gc-end id="172" type="partial gc" contextid="163" durationms="13.051" usertimems="20.000" systemtimems="0.000" timestamp="2019-08-03T02:50:14.569" activeThreads="8">
  <mem-info id="173" free="6291456" total="15728640" percent="40">
    <mem type="eden" free="1909720" total="2097152" percent="91" />
    <remembered-set count="9536" freebytes="589696" totalbytes="627840" percent="93" regionsoverflowed="0" regionsstable="0" regionsrebuilding="0"/>
  </mem-info>
</gc-end>
<cycle-end id="174" type="partial gc" contextid="163" timestamp="2019-08-03T02:50:14.569" />
  <attribute name="elasticGC enabled" value="1" />
  <attribute name= "numThreadsSpecified" value="1" />
  <attribute name="heapSize specified" value="0" />
  <attribute name= "numCores" value="8" />
  <attribute name ="GC Interval" value="0" />
  <attribute name ="Control flow" value="1" />
  <attribute name="GC Util Range Max" value="155" />
  <attribute name="Current GC Util" value="131" />
  <attribute name= "Current Time Running" value="3879" />
<exclusive-end id="175" timestamp="2019-08-03T02:50:14.569" durationms="13.813" />

<exclusive-start id="176" timestamp="2019-08-03T02:50:14.644" intervalms="88.552">
  <response-info timems="0.028" idlems="0.028" threads="0" lastid="0000000001ED3A00" lastname="main" />
</exclusive-start>
<allocation-taxation id="177" taxation-threshold="6291456" timestamp="2019-08-03T02:50:14.644" intervalms="88.560" />
<cycle-start id="178" type="partial gc" contextid="0" timestamp="2019-08-03T02:50:14.644" intervalms="88.553" />
<gc-start id="179" type="partial gc" contextid="178" timestamp="2019-08-03T02:50:14.644">
  <mem-info id="180" free="0" total="15728640" percent="0">
    <mem type="eden" free="999656" total="7340032" percent="13" />
    <remembered-set count="9536" freebytes="589696" totalbytes="627840" percent="93" regionsoverflowed="0" regionsstable="0" regionsrebuilding="0"/>
  </mem-info>
</gc-start>
<allocation-stats totalBytes="6289792" >
  <allocated-bytes non-tlh="54456" tlh="6235336" arrayletleaf="0"/>
  <largest-consumer threadName="main" threadId="0000000001ED3A00" bytes="6289792" />
</allocation-stats>
<gc-op id="181" type="mark" timems="3.389" contextid="178" timestamp="2019-08-03T02:50:14.648">
  <trace-info objectcount="12317" scancount="10781" scanbytes="402704" />
  <cardclean-info objects="3171" bytes="156292" />
  <remembered-set-cleared processed="6840" cleared="1737" durationms="0.095" />
  <references type="weak" candidates="708" cleared="0" enqueued="0" />
  <stringconstants candidates="7536" cleared="0"  />
  <warning details="Mark invoked due to insufficient free space for Copy-Forward" />
</gc-op>
<gc-op id="182" type="classunload" timems="0.002" contextid="178" timestamp="2019-08-03T02:50:14.648">
  <classunload-info classloadercandidates="11" classloadersunloaded="0" classesunloaded="0" anonymousclassesunloaded="0" quiescems="0.000" setupms="0.002" scanms="0.000" postms="0.000" />
</gc-op>
<gc-op id="183" type="sweep" timems="1.387" contextid="178" timestamp="2019-08-03T02:50:14.650" />
<gc-op id="184" type="compact" timems="3.441" contextid="178" timestamp="2019-08-03T02:50:14.654">
  <compact-info movecount="11616" movebytes="453000" />
  <remembered-set-cleared processed="17532" cleared="7309" durationms="0.095" />
</gc-op>
<heap-resize id="185" type="expand" space="default" amount="3145728" count="1" timems="0.067" reason="excessive time being spent in gc" timestamp="2019-08-03T02:50:14.654" />
<gc-end id="186" type="partial gc" contextid="178" durationms="9.722" usertimems="16.000" systemtimems="0.000" timestamp="2019-08-03T02:50:14.654" activeThreads="8">
  <mem-info id="187" free="9437184" total="18874368" percent="50">
    <mem type="eden" free="1615816" total="2097152" percent="77" />
    <remembered-set count="11360" freebytes="707968" totalbytes="753408" percent="93" regionsoverflowed="0" regionsstable="0" regionsrebuilding="0"/>
  </mem-info>
</gc-end>
<cycle-end id="188" type="partial gc" contextid="178" timestamp="2019-08-03T02:50:14.654" />
  <attribute name="elasticGC enabled" value="1" />
  <attribute name= "numThreadsSpecified" value="1" />
  <attribute name="heapSize specified" value="0" />
  <attribute name= "numCores" value="8" />
  <attribute name ="GC Interval" value="0" />
  <attribute name ="Control flow" value="1" />
  <attribute name="GC Util Range Max" value="155" />
  <attribute name="Current GC Util" value="139" />
  <attribute name= "Current Time Running" value="3963" />
<exclusive-end id="189" timestamp="2019-08-03T02:50:14.654" durationms="10.472" />

<exclusive-start id="190" timestamp="2019-08-03T02:50:14.772" intervalms="127.677">
  <response-info timems="0.068" idlems="0.068" threads="0" lastid="0000000001ED3A00" lastname="main" />
</exclusive-start>
<allocation-taxation id="191" taxation-threshold="9437184" timestamp="2019-08-03T02:50:14.772" intervalms="127.694" />
<cycle-start id="192" type="partial gc" contextid="0" timestamp="2019-08-03T02:50:14.772" intervalms="127.724" />
<gc-start id="193" type="partial gc" contextid="192" timestamp="2019-08-03T02:50:14.772">
  <mem-info id="194" free="0" total="18874368" percent="0">
    <mem type="eden" free="738168" total="10485760" percent="7" />
    <remembered-set count="11360" freebytes="707968" totalbytes="753408" percent="93" regionsoverflowed="0" regionsstable="0" regionsrebuilding="0"/>
  </mem-info>
</gc-start>
<allocation-stats totalBytes="9434120" >
  <allocated-bytes non-tlh="239376" tlh="9194744" arrayletleaf="0"/>
  <largest-consumer threadName="main" threadId="0000000001ED3A00" bytes="9434120" />
</allocation-stats>
<gc-op id="195" type="mark" timems="2.231" contextid="192" timestamp="2019-08-03T02:50:14.775">
  <trace-info objectcount="20308" scancount="18058" scanbytes="752908" />
  <cardclean-info objects="2850" bytes="151724" />
  <remembered-set-cleared processed="8350" cleared="2152" durationms="0.123" />
  <references type="soft" candidates="73" cleared="0" enqueued="0" dynamicThreshold="16" maxThreshold="32" />
  <references type="weak" candidates="327" cleared="5" enqueued="5" />
  <references type="phantom" candidates="1" cleared="0" enqueued="0" />
  <stringconstants candidates="7846" cleared="0"  />
  <warning details="Mark invoked due to insufficient free space for Copy-Forward" />
</gc-op>
<gc-op id="196" type="classunload" timems="0.003" contextid="192" timestamp="2019-08-03T02:50:14.775">
  <classunload-info classloadercandidates="12" classloadersunloaded="0" classesunloaded="0" anonymousclassesunloaded="0" quiescems="0.000" setupms="0.003" scanms="0.000" postms="0.000" />
</gc-op>
<gc-op id="197" type="sweep" timems="0.751" contextid="192" timestamp="2019-08-03T02:50:14.776" />
<gc-op id="198" type="compact" timems="3.000" contextid="192" timestamp="2019-08-03T02:50:14.779">
  <compact-info movecount="19316" movebytes="1177472" />
  <remembered-set-cleared processed="20967" cleared="8528" durationms="0.123" />
</gc-op>
<gc-end id="199" type="partial gc" contextid="192" durationms="7.642" usertimems="12.000" systemtimems="0.000" timestamp="2019-08-03T02:50:14.780" activeThreads="2">
  <mem-info id="200" free="8388608" total="18874368" percent="44">
    <mem type="eden" free="882920" total="2097152" percent="42" />
    <pending-finalizers system="0" default="0" reference="5" classloader="0" />
    <remembered-set count="12352" freebytes="704000" totalbytes="753408" percent="93" regionsoverflowed="0" regionsstable="0" regionsrebuilding="0"/>
  </mem-info>
</gc-end>
<cycle-end id="201" type="partial gc" contextid="192" timestamp="2019-08-03T02:50:14.780" />
  <attribute name="elasticGC enabled" value="1" />
  <attribute name= "numThreadsSpecified" value="2" />
  <attribute name="heapSize specified" value="0" />
  <attribute name= "numCores" value="8" />
  <attribute name ="GC Interval" value="0" />
  <attribute name ="Control flow" value="2" />
  <attribute name="GC Util Range Max" value="155" />
  <attribute name="Current GC Util" value="11" />
  <attribute name= "Current Time Running" value="4090" />
<exclusive-end id="202" timestamp="2019-08-03T02:50:14.780" durationms="8.634" />

<exclusive-start id="203" timestamp="2019-08-03T02:50:14.862" intervalms="89.994">
  <response-info timems="0.082" idlems="0.082" threads="0" lastid="0000000001ED3A00" lastname="main" />
</exclusive-start>
<allocation-taxation id="204" taxation-threshold="8388608" timestamp="2019-08-03T02:50:14.862" intervalms="89.976" />
<cycle-start id="205" type="partial gc" contextid="0" timestamp="2019-08-03T02:50:14.862" intervalms="89.959" />
<gc-start id="206" type="partial gc" contextid="205" timestamp="2019-08-03T02:50:14.862">
  <mem-info id="207" free="0" total="18874368" percent="0">
    <mem type="eden" free="0" total="8388608" percent="0" />
    <remembered-set count="12320" freebytes="704128" totalbytes="753408" percent="93" regionsoverflowed="0" regionsstable="0" regionsrebuilding="0"/>
  </mem-info>
</gc-start>
<allocation-stats totalBytes="8387096" >
  <allocated-bytes non-tlh="40256" tlh="8346840" arrayletleaf="0"/>
  <largest-consumer threadName="main" threadId="0000000001ED3A00" bytes="8387096" />
</allocation-stats>
<gc-op id="208" type="mark" timems="1.792" contextid="205" timestamp="2019-08-03T02:50:14.865">
  <trace-info objectcount="6069" scancount="5411" scanbytes="188196" />
  <cardclean-info objects="965" bytes="63484" />
  <remembered-set-cleared processed="9818" cleared="1725" durationms="0.150" />
  <references type="soft" candidates="251" cleared="0" enqueued="0" dynamicThreshold="14" maxThreshold="32" />
  <references type="weak" candidates="158" cleared="0" enqueued="0" />
  <stringconstants candidates="8155" cleared="0"  />
  <warning details="Mark invoked due to insufficient free space for Copy-Forward" />
</gc-op>
<gc-op id="209" type="classunload" timems="0.002" contextid="205" timestamp="2019-08-03T02:50:14.865">
  <classunload-info classloadercandidates="13" classloadersunloaded="0" classesunloaded="0" anonymousclassesunloaded="0" quiescems="0.000" setupms="0.002" scanms="0.000" postms="0.000" />
</gc-op>
<gc-op id="210" type="sweep" timems="0.718" contextid="205" timestamp="2019-08-03T02:50:14.866" />
<gc-op id="211" type="compact" timems="2.616" contextid="205" timestamp="2019-08-03T02:50:14.869">
  <compact-info movecount="6069" movebytes="281824" />
  <remembered-set-cleared processed="22034" cleared="5822" durationms="0.150" />
</gc-op>
<gc-end id="212" type="partial gc" contextid="205" durationms="7.015" usertimems="12.000" systemtimems="0.000" timestamp="2019-08-03T02:50:14.869" activeThreads="8">
  <mem-info id="213" free="7340032" total="18874368" percent="38">
    <mem type="eden" free="891336" total="1048576" percent="85" />
    <remembered-set count="12736" freebytes="702464" totalbytes="753408" percent="93" regionsoverflowed="0" regionsstable="0" regionsrebuilding="0"/>
  </mem-info>
</gc-end>
<cycle-end id="214" type="partial gc" contextid="205" timestamp="2019-08-03T02:50:14.869" />
  <attribute name="elasticGC enabled" value="1" />
  <attribute name= "numThreadsSpecified" value="2" />
  <attribute name="heapSize specified" value="0" />
  <attribute name= "numCores" value="8" />
  <attribute name ="GC Interval" value="0" />
  <attribute name ="Control flow" value="1" />
  <attribute name="GC Util Range Max" value="155" />
  <attribute name="Current GC Util" value="23" />
  <attribute name= "Current Time Running" value="4179" />
<exclusive-end id="215" timestamp="2019-08-03T02:50:14.870" durationms="8.133" />

<exclusive-start id="216" timestamp="2019-08-03T02:50:14.925" intervalms="63.701">
  <response-info timems="0.072" idlems="0.072" threads="0" lastid="0000000001ED3A00" lastname="main" />
</exclusive-start>
<allocation-taxation id="217" taxation-threshold="7340032" timestamp="2019-08-03T02:50:14.925" intervalms="63.712" />
<cycle-start id="218" type="partial gc" contextid="0" timestamp="2019-08-03T02:50:14.925" intervalms="63.706" />
<gc-start id="219" type="partial gc" contextid="218" timestamp="2019-08-03T02:50:14.926">
  <mem-info id="220" free="0" total="18874368" percent="0">
    <mem type="eden" free="0" total="7340032" percent="0" />
    <remembered-set count="12384" freebytes="703872" totalbytes="753408" percent="93" regionsoverflowed="0" regionsstable="0" regionsrebuilding="0"/>
  </mem-info>
</gc-start>
<allocation-stats totalBytes="7338680" >
  <allocated-bytes non-tlh="286752" tlh="7051928" arrayletleaf="0"/>
  <largest-consumer threadName="main" threadId="0000000001ED3A00" bytes="7338680" />
</allocation-stats>
<gc-op id="221" type="mark" timems="1.912" contextid="218" timestamp="2019-08-03T02:50:14.928">
  <trace-info objectcount="17259" scancount="15618" scanbytes="572548" />
  <cardclean-info objects="745" bytes="54692" />
  <remembered-set-cleared processed="9907" cleared="992" durationms="0.139" />
  <references type="soft" candidates="224" cleared="0" enqueued="0" dynamicThreshold="12" maxThreshold="32" />
  <references type="weak" candidates="422" cleared="8" enqueued="7" />
  <stringconstants candidates="8310" cleared="0"  />
  <warning details="Mark invoked due to insufficient free space for Copy-Forward" />
</gc-op>
<gc-op id="222" type="classunload" timems="0.002" contextid="218" timestamp="2019-08-03T02:50:14.929">
  <classunload-info classloadercandidates="14" classloadersunloaded="0" classesunloaded="0" anonymousclassesunloaded="0" quiescems="0.000" setupms="0.002" scanms="0.000" postms="0.000" />
</gc-op>
<gc-op id="223" type="sweep" timems="1.889" contextid="218" timestamp="2019-08-03T02:50:14.931" />
<gc-op id="224" type="compact" timems="3.735" contextid="218" timestamp="2019-08-03T02:50:14.935">
  <compact-info movecount="16915" movebytes="715448" />
  <remembered-set-cleared processed="24317" cleared="6459" durationms="0.147" />
</gc-op>
<heap-resize id="225" type="expand" space="default" amount="3145728" count="1" timems="0.070" reason="insufficient free space following gc" timestamp="2019-08-03T02:50:14.935" />
<gc-end id="226" type="partial gc" contextid="218" durationms="9.374" usertimems="12.000" systemtimems="0.000" timestamp="2019-08-03T02:50:14.935" activeThreads="1">
  <mem-info id="227" free="9437184" total="22020096" percent="42">
    <mem type="eden" free="472584" total="1048576" percent="45" />
    <pending-finalizers system="0" default="0" reference="7" classloader="0" />
    <remembered-set count="13856" freebytes="823552" totalbytes="878976" percent="93" regionsoverflowed="0" regionsstable="0" regionsrebuilding="0"/>
  </mem-info>
</gc-end>
<cycle-end id="228" type="partial gc" contextid="218" timestamp="2019-08-03T02:50:14.935" />
  <attribute name="elasticGC enabled" value="1" />
  <attribute name= "numThreadsSpecified" value="1" />
  <attribute name="heapSize specified" value="0" />
  <attribute name= "numCores" value="8" />
  <attribute name ="GC Interval" value="0" />
  <attribute name ="Control flow" value="3" />
  <attribute name="GC Util Range Max" value="155" />
  <attribute name="Current GC Util" value="169" />
  <attribute name= "Current Time Running" value="4244" />
<exclusive-end id="229" timestamp="2019-08-03T02:50:14.936" durationms="10.326" />

<exclusive-start id="230" timestamp="2019-08-03T02:50:15.015" intervalms="90.041">
  <response-info timems="0.020" idlems="0.020" threads="0" lastid="0000000001ED3A00" lastname="main" />
</exclusive-start>
<sys-start reason="explicit" id="231" timestamp="2019-08-03T02:50:15.015" intervalms="5767.764" />
<cycle-start id="232" type="global garbage collect" contextid="0" timestamp="2019-08-03T02:50:15.015" intervalms="5767.847" />
<gc-start id="233" type="global garbage collect" contextid="232" timestamp="2019-08-03T02:50:15.016">
  <mem-info id="234" free="3851032" total="22020096" percent="17">
    <mem type="eden" free="705304" total="6291456" percent="11" />
    <remembered-set count="13696" freebytes="824192" totalbytes="878976" percent="93" regionsoverflowed="0" regionsstable="0" regionsrebuilding="0"/>
  </mem-info>
</gc-start>
<allocation-stats totalBytes="5567368" >
  <allocated-bytes non-tlh="432240" tlh="5135128" arrayletleaf="0"/>
  <largest-consumer threadName="main" threadId="0000000001ED3A00" bytes="5567368" />
</allocation-stats>
<gc-op id="235" type="global mark" timems="4.436" contextid="232" timestamp="2019-08-03T02:50:15.020">
  <trace-info objectcount="74590" scancount="60846" scanbytes="2101428" />
  <finalization candidates="80" enqueued="0" />
  <ownableSynchronizers candidates="21" cleared="0" />
  <references type="soft" candidates="1640" cleared="0" enqueued="0" dynamicThreshold="13" maxThreshold="32" />
  <references type="weak" candidates="4515" cleared="32" enqueued="30" />
  <references type="phantom" candidates="102" cleared="2" enqueued="2" />
  <stringconstants candidates="8680" cleared="15"  />
</gc-op>
<gc-op id="236" type="classunload" timems="0.321" contextid="232" timestamp="2019-08-03T02:50:15.021">
  <classunload-info classloadercandidates="17" classloadersunloaded="1" classesunloaded="1" anonymousclassesunloaded="0" quiescems="0.000" setupms="0.309" scanms="0.007" postms="0.004" />
</gc-op>
<gc-op id="237" type="sweep" timems="0.665" contextid="232" timestamp="2019-08-03T02:50:15.022" />
<gc-op id="238" type="compact" timems="6.080" contextid="232" timestamp="2019-08-03T02:50:15.028">
  <compact-info movecount="73094" movebytes="4196648" />
  <remembered-set-cleared processed="27058" cleared="27058" durationms="0.089" />
</gc-op>
<gc-end id="239" type="global garbage collect" contextid="232" durationms="12.727" usertimems="28.000" systemtimems="0.000" timestamp="2019-08-03T02:50:15.028" activeThreads="8">
  <mem-info id="240" free="8388608" total="22020096" percent="38">
    <pending-finalizers system="0" default="0" reference="32" classloader="0" />
    <remembered-set count="12800" freebytes="827776" totalbytes="878976" percent="94" regionsoverflowed="0" regionsstable="0" regionsrebuilding="0"/>
  </mem-info>
</gc-end>
<cycle-end id="241" type="global garbage collect" contextid="232" timestamp="2019-08-03T02:50:15.029" />
  <attribute name="elasticGC enabled" value="1" />
  <attribute name= "numThreadsSpecified" value="1" />
  <attribute name="heapSize specified" value="0" />
  <attribute name= "numCores" value="8" />
  <attribute name ="GC Interval" value="0" />
  <attribute name ="Control flow" value="1" />
  <attribute name="GC Util Range Max" value="155" />
  <attribute name="Current GC Util" value="0" />
  <attribute name= "Current Time Running" value="4335" />
<sys-end id="242" timestamp="2019-08-03T02:50:15.029" />
<exclusive-end id="243" timestamp="2019-08-03T02:50:15.029" durationms="13.628" />

<exclusive-start id="244" timestamp="2019-08-03T02:50:15.138" intervalms="122.453">
  <response-info timems="0.082" idlems="0.082" threads="0" lastid="0000000001ED3A00" lastname="main" />
</exclusive-start>
<allocation-taxation id="245" taxation-threshold="8388608" timestamp="2019-08-03T02:50:15.138" intervalms="212.531" />
<cycle-start id="246" type="partial gc" contextid="0" timestamp="2019-08-03T02:50:15.138" intervalms="212.592" />
<gc-start id="247" type="partial gc" contextid="246" timestamp="2019-08-03T02:50:15.138">
  <mem-info id="248" free="0" total="22020096" percent="0">
    <mem type="eden" free="0" total="8388608" percent="0" />
    <remembered-set count="12800" freebytes="827776" totalbytes="878976" percent="94" regionsoverflowed="0" regionsstable="0" regionsrebuilding="0"/>
  </mem-info>
</gc-start>
<allocation-stats totalBytes="8387568" >
  <allocated-bytes non-tlh="463952" tlh="7923616" arrayletleaf="0"/>
  <largest-consumer threadName="main" threadId="0000000001ED3A00" bytes="8379320" />
</allocation-stats>
<gc-op id="249" type="mark" timems="1.037" contextid="246" timestamp="2019-08-03T02:50:15.140">
  <trace-info objectcount="601" scancount="554" scanbytes="52884" />
  <cardclean-info objects="675" bytes="37356" />
  <remembered-set-cleared processed="9272" cleared="160" durationms="0.143" />
  <references type="soft" candidates="34" cleared="0" enqueued="0" dynamicThreshold="12" maxThreshold="32" />
  <references type="weak" candidates="24" cleared="11" enqueued="11" />
  <references type="phantom" candidates="5" cleared="2" enqueued="2" />
  <stringconstants candidates="8698" cleared="12"  />
  <warning details="Mark invoked due to insufficient free space for Copy-Forward" />
</gc-op>
<gc-op id="250" type="classunload" timems="0.002" contextid="246" timestamp="2019-08-03T02:50:15.140">
  <classunload-info classloadercandidates="17" classloadersunloaded="0" classesunloaded="0" anonymousclassesunloaded="0" quiescems="0.000" setupms="0.002" scanms="0.000" postms="0.000" />
</gc-op>
<gc-op id="251" type="sweep" timems="0.926" contextid="246" timestamp="2019-08-03T02:50:15.142" />
<gc-op id="252" type="compact" timems="3.007" contextid="246" timestamp="2019-08-03T02:50:15.145">
  <compact-info movecount="601" movebytes="333696" />
  <remembered-set-cleared processed="18866" cleared="608" durationms="0.143" />
</gc-op>
<heap-resize id="253" type="expand" space="default" amount="1048576" count="1" timems="0.065" reason="insufficient free space following gc" timestamp="2019-08-03T02:50:15.145" />
<gc-end id="254" type="partial gc" contextid="246" durationms="7.104" usertimems="8.000" systemtimems="0.000" timestamp="2019-08-03T02:50:15.145" activeThreads="8">
  <mem-info id="255" free="8388608" total="23068672" percent="36">
    <mem type="eden" free="714880" total="1048576" percent="68" />
    <pending-finalizers system="0" default="0" reference="13" classloader="0" />
    <remembered-set count="13696" freebytes="866048" totalbytes="920832" percent="94" regionsoverflowed="0" regionsstable="0" regionsrebuilding="0"/>
  </mem-info>
</gc-end>
<cycle-end id="256" type="partial gc" contextid="246" timestamp="2019-08-03T02:50:15.146" />
  <attribute name="elasticGC enabled" value="1" />
  <attribute name= "numThreadsSpecified" value="2" />
  <attribute name="heapSize specified" value="0" />
  <attribute name= "numCores" value="8" />
  <attribute name ="GC Interval" value="0" />
  <attribute name ="Control flow" value="1" />
  <attribute name="GC Util Range Max" value="155" />
  <attribute name="Current GC Util" value="22" />
  <attribute name= "Current Time Running" value="4455" />
<exclusive-end id="257" timestamp="2019-08-03T02:50:15.146" durationms="8.188" />

<exclusive-start id="258" timestamp="2019-08-03T02:50:15.183" intervalms="45.461">
  <response-info timems="0.085" idlems="0.085" threads="0" lastid="0000000001ED3A00" lastname="main" />
</exclusive-start>
<allocation-taxation id="259" taxation-threshold="8388608" timestamp="2019-08-03T02:50:15.183" intervalms="45.497" />
<cycle-start id="260" type="partial gc" contextid="0" timestamp="2019-08-03T02:50:15.184" intervalms="45.588" />
<gc-start id="261" type="partial gc" contextid="260" timestamp="2019-08-03T02:50:15.184">
  <mem-info id="262" free="0" total="23068672" percent="0">
    <mem type="eden" free="0" total="8388608" percent="0" />
    <remembered-set count="13696" freebytes="866048" totalbytes="920832" percent="94" regionsoverflowed="0" regionsstable="0" regionsrebuilding="0"/>
  </mem-info>
</gc-start>
<allocation-stats totalBytes="8388088" >
  <allocated-bytes non-tlh="0" tlh="8388088" arrayletleaf="0"/>
  <largest-consumer threadName="main" threadId="0000000001ED3A00" bytes="8383992" />
</allocation-stats>
<gc-op id="263" type="mark" timems="1.250" contextid="260" timestamp="2019-08-03T02:50:15.186">
  <trace-info objectcount="570" scancount="527" scanbytes="52140" />
  <cardclean-info objects="199" bytes="22092" />
  <remembered-set-cleared processed="9445" cleared="246" durationms="0.135" />
  <references type="soft" candidates="34" cleared="0" enqueued="0" dynamicThreshold="11" maxThreshold="32" />
  <references type="weak" candidates="12" cleared="0" enqueued="0" />
  <references type="phantom" candidates="3" cleared="0" enqueued="0" />
  <stringconstants candidates="8686" cleared="0"  />
  <warning details="Mark invoked due to insufficient free space for Copy-Forward" />
</gc-op>
<gc-op id="264" type="classunload" timems="0.003" contextid="260" timestamp="2019-08-03T02:50:15.186">
  <classunload-info classloadercandidates="17" classloadersunloaded="0" classesunloaded="0" anonymousclassesunloaded="0" quiescems="0.000" setupms="0.003" scanms="0.000" postms="0.000" />
</gc-op>
<gc-op id="265" type="sweep" timems="1.764" contextid="260" timestamp="2019-08-03T02:50:15.188" />
<gc-op id="266" type="compact" timems="3.218" contextid="260" timestamp="2019-08-03T02:50:15.192">
  <compact-info movecount="229" movebytes="319592" />
  <remembered-set-cleared processed="19039" cleared="635" durationms="0.135" />
</gc-op>
<heap-resize id="267" type="expand" space="default" amount="1048576" count="1" timems="0.064" reason="insufficient free space following gc" timestamp="2019-08-03T02:50:15.192" />
<gc-end id="268" type="partial gc" contextid="260" durationms="8.408" usertimems="12.000" systemtimems="0.000" timestamp="2019-08-03T02:50:15.192" activeThreads="8">
  <mem-info id="269" free="8388608" total="24117248" percent="34">
    <mem type="eden" free="1015616" total="1048576" percent="96" />
    <remembered-set count="13856" freebytes="907264" totalbytes="962688" percent="94" regionsoverflowed="0" regionsstable="0" regionsrebuilding="0"/>
  </mem-info>
</gc-end>
<cycle-end id="270" type="partial gc" contextid="260" timestamp="2019-08-03T02:50:15.192" />
  <attribute name="elasticGC enabled" value="1" />
  <attribute name= "numThreadsSpecified" value="2" />
  <attribute name="heapSize specified" value="0" />
  <attribute name= "numCores" value="8" />
  <attribute name ="GC Interval" value="0" />
  <attribute name ="Control flow" value="2" />
  <attribute name="GC Util Range Max" value="155" />
  <attribute name="Current GC Util" value="200" />
  <attribute name= "Current Time Running" value="4501" />
<exclusive-end id="271" timestamp="2019-08-03T02:50:15.193" durationms="9.500" />

<exclusive-start id="272" timestamp="2019-08-03T02:50:15.229" intervalms="46.254">
  <response-info timems="0.091" idlems="0.091" threads="0" lastid="0000000001ED3A00" lastname="main" />
</exclusive-start>
<allocation-taxation id="273" taxation-threshold="8388608" timestamp="2019-08-03T02:50:15.230" intervalms="46.247" />
<cycle-start id="274" type="partial gc" contextid="0" timestamp="2019-08-03T02:50:15.230" intervalms="46.250" />
<gc-start id="275" type="partial gc" contextid="274" timestamp="2019-08-03T02:50:15.230">
  <mem-info id="276" free="0" total="24117248" percent="0">
    <mem type="eden" free="1015616" total="9437184" percent="10" />
    <remembered-set count="13472" freebytes="908800" totalbytes="962688" percent="94" regionsoverflowed="0" regionsstable="0" regionsrebuilding="0"/>
  </mem-info>
</gc-start>
<allocation-stats totalBytes="8358808" >
  <allocated-bytes non-tlh="0" tlh="8358808" arrayletleaf="0"/>
  <largest-consumer threadName="main" threadId="0000000001ED3A00" bytes="8358808" />
</allocation-stats>
<gc-op id="277" type="mark" timems="3.287" contextid="274" timestamp="2019-08-03T02:50:15.234">
  <trace-info objectcount="14" scancount="14" scanbytes="33056" />
  <cardclean-info objects="14" bytes="544" />
  <remembered-set-cleared processed="9541" cleared="9" durationms="0.101" />
  <stringconstants candidates="8686" cleared="0"  />
  <warning details="Mark invoked due to insufficient free space for Copy-Forward" />
</gc-op>
<gc-op id="278" type="classunload" timems="0.003" contextid="274" timestamp="2019-08-03T02:50:15.234">
  <classunload-info classloadercandidates="17" classloadersunloaded="0" classesunloaded="0" anonymousclassesunloaded="0" quiescems="0.000" setupms="0.003" scanms="0.000" postms="0.000" />
</gc-op>
<gc-op id="279" type="sweep" timems="1.513" contextid="274" timestamp="2019-08-03T02:50:15.236" />
<gc-op id="280" type="compact" timems="1.213" contextid="274" timestamp="2019-08-03T02:50:15.238">
  <compact-info movecount="14" movebytes="33072" />
  <remembered-set-cleared processed="19086" cleared="22" durationms="0.101" />
</gc-op>
<heap-resize id="281" type="expand" space="default" amount="2097152" count="1" timems="0.060" reason="insufficient free space following gc" timestamp="2019-08-03T02:50:15.238" />
<gc-end id="282" type="partial gc" contextid="274" durationms="8.053" usertimems="12.000" systemtimems="0.000" timestamp="2019-08-03T02:50:15.238" activeThreads="2">
  <mem-info id="283" free="10485760" total="26214400" percent="40">
    <mem type="eden" free="1015504" total="1048576" percent="96" />
    <remembered-set count="12704" freebytes="995584" totalbytes="1046400" percent="95" regionsoverflowed="0" regionsstable="0" regionsrebuilding="0"/>
  </mem-info>
</gc-end>
<cycle-end id="284" type="partial gc" contextid="274" timestamp="2019-08-03T02:50:15.238" />
  <attribute name="elasticGC enabled" value="1" />
  <attribute name= "numThreadsSpecified" value="2" />
  <attribute name="heapSize specified" value="0" />
  <attribute name= "numCores" value="8" />
  <attribute name ="GC Interval" value="0" />
  <attribute name ="Control flow" value="2" />
  <attribute name="GC Util Range Max" value="155" />
  <attribute name="Current GC Util" value="146" />
  <attribute name= "Current Time Running" value="4549" />
<exclusive-end id="285" timestamp="2019-08-03T02:50:15.239" durationms="9.129" />

<exclusive-start id="286" timestamp="2019-08-03T02:50:15.304" intervalms="74.952">
  <response-info timems="0.034" idlems="0.034" threads="0" lastid="0000000001ED3A00" lastname="main" />
</exclusive-start>
<allocation-taxation id="287" taxation-threshold="10485760" timestamp="2019-08-03T02:50:15.304" intervalms="74.853" />
<cycle-start id="288" type="partial gc" contextid="0" timestamp="2019-08-03T02:50:15.305" intervalms="74.688" />
<gc-start id="289" type="partial gc" contextid="288" timestamp="2019-08-03T02:50:15.305">
  <mem-info id="290" free="0" total="26214400" percent="0">
    <mem type="eden" free="1015504" total="11534336" percent="8" />
    <remembered-set count="12256" freebytes="997376" totalbytes="1046400" percent="95" regionsoverflowed="0" regionsstable="0" regionsrebuilding="0"/>
  </mem-info>
</gc-start>
<allocation-stats totalBytes="10477976" >
  <allocated-bytes non-tlh="68048" tlh="10409928" arrayletleaf="0"/>
  <largest-consumer threadName="main" threadId="0000000001ED3A00" bytes="10477976" />
</allocation-stats>
<gc-op id="291" type="mark" timems="2.616" contextid="288" timestamp="2019-08-03T02:50:15.308">
  <trace-info objectcount="2183" scancount="1602" scanbytes="78568" />
  <cardclean-info objects="303" bytes="16768" />
  <remembered-set-cleared processed="9605" cleared="146" durationms="0.122" />
  <references type="soft" candidates="3" cleared="0" enqueued="0" dynamicThreshold="12" maxThreshold="32" />
  <references type="weak" candidates="27" cleared="17" enqueued="17" />
  <references type="phantom" candidates="4" cleared="2" enqueued="2" />
  <stringconstants candidates="9087" cleared="0"  />
  <warning details="Mark invoked due to insufficient free space for Copy-Forward" />
</gc-op>
<gc-op id="292" type="classunload" timems="0.004" contextid="288" timestamp="2019-08-03T02:50:15.308">
  <classunload-info classloadercandidates="17" classloadersunloaded="0" classesunloaded="0" anonymousclassesunloaded="0" quiescems="0.000" setupms="0.004" scanms="0.000" postms="0.000" />
</gc-op>
<gc-op id="293" type="sweep" timems="1.908" contextid="288" timestamp="2019-08-03T02:50:15.310" />
<gc-op id="294" type="compact" timems="2.890" contextid="288" timestamp="2019-08-03T02:50:15.314">
  <compact-info movecount="2183" movebytes="113384" />
  <remembered-set-cleared processed="19344" cleared="396" durationms="0.122" />
</gc-op>
<heap-resize id="295" type="expand" space="default" amount="5242880" count="1" timems="0.083" reason="excessive time being spent in gc" timestamp="2019-08-03T02:50:15.314" />
<gc-end id="296" type="partial gc" contextid="288" durationms="9.324" usertimems="16.000" systemtimems="0.000" timestamp="2019-08-03T02:50:15.314" activeThreads="8">
  <mem-info id="297" free="15728640" total="31457280" percent="50">
    <mem type="eden" free="935192" total="1048576" percent="89" />
    <pending-finalizers system="0" default="0" reference="19" classloader="0" />
    <remembered-set count="13952" freebytes="1199872" totalbytes="1255680" percent="95" regionsoverflowed="0" regionsstable="0" regionsrebuilding="0"/>
  </mem-info>
</gc-end>
<cycle-end id="298" type="partial gc" contextid="288" timestamp="2019-08-03T02:50:15.314" />
  <attribute name="elasticGC enabled" value="1" />
  <attribute name= "numThreadsSpecified" value="2" />
  <attribute name="heapSize specified" value="0" />
  <attribute name= "numCores" value="8" />
  <attribute name ="GC Interval" value="0" />
  <attribute name ="Control flow" value="2" />
  <attribute name="GC Util Range Max" value="155" />
  <attribute name="Current GC Util" value="115" />
  <attribute name= "Current Time Running" value="4624" />
<exclusive-end id="299" timestamp="2019-08-03T02:50:15.315" durationms="10.171" />

</verbosegc>

