<?xml version="1.0" ?>

<verbosegc xmlns="http://www.ibm.com/j9/verbosegc" version="6fe7bac_CMPRSS">

<initialized id="1" timestamp="2019-08-03T02:52:20.736">
  <attribute name="gcPolicy" value="-Xgcpolicy:balanced" />
  <attribute name="elasticGC enabled" value="1" />
  <attribute name= "numThreadsSpecified" value="0" />
  <attribute name="heapSize specified" value="0" />
  <attribute name= "numCores" value="0" />
  <attribute name ="GC Interval" value="0" />
  <attribute name="GC Util Range Max" value="0" />
  <attribute name="Current GC Util" value="0" />
  <attribute name= "Current Time Running" value="0" />
  <attribute name="maxHeapSize" value="0x7cb00000" />
  <attribute name="initialHeapSize" value="0x800000" />
  <attribute name="compressedRefs" value="true" />
  <attribute name="compressedRefsDisplacement" value="0x0" />
  <attribute name="compressedRefsShift" value="0x0" />
  <attribute name="pageSize" value="0x1000" />
  <attribute name="pageType" value="not used" />
  <attribute name="requestedPageSize" value="0x1000" />
  <attribute name="requestedPageType" value="not used" />
  <attribute name="gcthreads" value="8" />
  <attribute name="packetListSplit" value="8" />
  <attribute name="cacheListSplit" value="8" />
  <attribute name="splitFreeListSplitAmount" value="1" />
  <attribute name="numaNodes" value="0" />
  <region>
    <attribute name="regionSize" value="1048576" />
    <attribute name="regionCount" value="1995" />
    <attribute name="arrayletLeafSize" value="1048576" />
  </region>
  <system>
    <attribute name="physicalMemory" value="8370401280" />
    <attribute name="numCPUs" value="8" />
    <attribute name="architecture" value="amd64" />
    <attribute name="os" value="Linux" />
    <attribute name="osVersion" value="4.4.0-154-generic" />
  </system>
  <vmargs>
    <vmarg name="-Xoptionsfile=/vagrant/jdk/lib/options.default" />
    <vmarg name="-Xlockword:mode=default,noLockword=java/lang/String,noLockword=java/util/MapEntry,noLockword=java/util/HashMap$Entry,noLockword..." />
    <vmarg name="-Xjcl:jclse29" />
    <vmarg name="-Dcom.ibm.oti.vm.bootstrap.library.path=/vagrant/jdk/lib/compressedrefs:/vagrant/jdk/lib" />
    <vmarg name="-Dsun.boot.library.path=/vagrant/jdk/lib/compressedrefs:/vagrant/jdk/lib" />
    <vmarg name="-Djava.library.path=/vagrant/jdk/lib/compressedrefs:/vagrant/jdk/lib:/usr/lib64:/usr/lib" />
    <vmarg name="-Djava.home=/vagrant/jdk" />
    <vmarg name="-Duser.dir=/vagrant" />
    <vmarg name="-Xgcpolicy:balanced" />
    <vmarg name="-Xgcelastic" />
    <vmarg name="-Xcheck:gc:::elasticGC" />
    <vmarg name="-verbose:gc" />
    <vmarg name="-Xloggc:jdkR-small-BAL-8core-verbose11jython.txt" />
    <vmarg name="-Djava.class.path=dacapo-9.12-MR1-bach.jar" />
    <vmarg name="-Dsun.java.command=dacapo-9.12-MR1-bach.jar jython --size=small" />
    <vmarg name="-Dsun.java.launcher=SUN_STANDARD" />
    <vmarg name="-Dsun.java.launcher.pid=24319" />
  </vmargs>
</initialized>

<exclusive-start id="2" timestamp="2019-08-03T02:52:22.569" intervalms="1833.357">
  <response-info timems="0.029" idlems="0.029" threads="0" lastid="0000000001E8BA00" lastname="main" />
</exclusive-start>
<allocation-taxation id="3" taxation-threshold="8388608" timestamp="2019-08-03T02:52:22.569" intervalms="1833.630" />
<cycle-start id="4" type="partial gc" contextid="0" timestamp="2019-08-03T02:52:22.569" intervalms="1833.874" />
<gc-start id="5" type="partial gc" contextid="4" timestamp="2019-08-03T02:52:22.570">
  <mem-info id="6" free="0" total="8388608" percent="0">
    <mem type="eden" free="264" total="8388608" percent="0" />
    <remembered-set count="0" freebytes="334848" totalbytes="334848" percent="100" regionsoverflowed="0" regionsstable="0" regionsrebuilding="0"/>
  </mem-info>
</gc-start>
<allocation-stats totalBytes="8329056" >
  <allocated-bytes non-tlh="357600" tlh="7971456" arrayletleaf="0"/>
  <largest-consumer threadName="main" threadId="0000000001E8BA00" bytes="8236104" />
</allocation-stats>
<gc-op id="7" type="mark" timems="3.757" contextid="4" timestamp="2019-08-03T02:52:22.575">
  <trace-info objectcount="17744" scancount="14048" scanbytes="461824" />
  <remembered-set-cleared processed="0" cleared="0" durationms="0.161" />
  <finalization candidates="14" enqueued="1" />
  <references type="soft" candidates="63" cleared="0" enqueued="0" dynamicThreshold="32" maxThreshold="32" />
  <references type="weak" candidates="544" cleared="401" enqueued="362" />
  <references type="phantom" candidates="105" cleared="44" enqueued="44" />
  <stringconstants candidates="2406" cleared="0"  />
  <warning details="Mark for calibration purposes" />
</gc-op>
<gc-op id="8" type="classunload" timems="0.149" contextid="4" timestamp="2019-08-03T02:52:22.575">
  <classunload-info classloadercandidates="5" classloadersunloaded="0" classesunloaded="0" anonymousclassesunloaded="0" quiescems="0.000" setupms="0.148" scanms="0.000" postms="0.000" />
</gc-op>
<gc-op id="9" type="sweep" timems="0.622" contextid="4" timestamp="2019-08-03T02:52:22.576" />
<gc-op id="10" type="compact" timems="4.192" contextid="4" timestamp="2019-08-03T02:52:22.581">
  <compact-info movecount="17744" movebytes="967496" />
  <remembered-set-cleared processed="0" cleared="0" durationms="0.161" />
</gc-op>
<gc-end id="11" type="partial gc" contextid="4" durationms="11.447" usertimems="0.000" systemtimems="12.000" timestamp="2019-08-03T02:52:22.581" activeThreads="8">
  <mem-info id="12" free="7340032" total="8388608" percent="87">
    <mem type="eden" free="81080" total="1048576" percent="7" />
    <pending-finalizers system="1" default="0" reference="406" classloader="0" />
    <remembered-set count="0" freebytes="334848" totalbytes="334848" percent="100" regionsoverflowed="0" regionsstable="0" regionsrebuilding="0"/>
  </mem-info>
</gc-end>
<cycle-end id="13" type="partial gc" contextid="4" timestamp="2019-08-03T02:52:22.581" />
  <attribute name="elasticGC enabled" value="1" />
  <attribute name= "numThreadsSpecified" value="0" />
  <attribute name="heapSize specified" value="0" />
  <attribute name= "numCores" value="8" />
  <attribute name ="GC Interval" value="0" />
  <attribute name ="Control flow" value="1" />
  <attribute name="GC Util Range Max" value="151" />
  <attribute name="Current GC Util" value="115" />
  <attribute name= "Current Time Running" value="6" />
<exclusive-end id="14" timestamp="2019-08-03T02:52:22.581" durationms="12.624" />

<exclusive-start id="15" timestamp="2019-08-03T02:52:23.225" intervalms="655.980">
  <response-info timems="0.063" idlems="0.063" threads="0" lastid="0000000001E8BA00" lastname="main" />
</exclusive-start>
<allocation-taxation id="16" taxation-threshold="7340032" timestamp="2019-08-03T02:52:23.225" intervalms="655.852" />
<cycle-start id="17" type="partial gc" contextid="0" timestamp="2019-08-03T02:52:23.225" intervalms="655.738" />
<gc-start id="18" type="partial gc" contextid="17" timestamp="2019-08-03T02:52:23.225">
  <mem-info id="19" free="0" total="8388608" percent="0">
    <mem type="eden" free="81080" total="8388608" percent="0" />
    <remembered-set count="0" freebytes="334848" totalbytes="334848" percent="100" regionsoverflowed="0" regionsstable="0" regionsrebuilding="0"/>
  </mem-info>
</gc-start>
<allocation-stats totalBytes="7329088" >
  <allocated-bytes non-tlh="569856" tlh="6759232" arrayletleaf="0"/>
  <largest-consumer threadName="main" threadId="0000000001E8BA00" bytes="7320808" />
</allocation-stats>
<gc-op id="20" type="mark" timems="1.998" contextid="17" timestamp="2019-08-03T02:52:23.228">
  <trace-info objectcount="19052" scancount="15088" scanbytes="512200" />
  <remembered-set-cleared processed="0" cleared="0" durationms="0.064" />
  <finalization candidates="22" enqueued="0" />
  <ownableSynchronizers candidates="16" cleared="0" />
  <references type="soft" candidates="67" cleared="0" enqueued="0" dynamicThreshold="28" maxThreshold="32" />
  <references type="weak" candidates="682" cleared="364" enqueued="256" />
  <references type="phantom" candidates="88" cleared="2" enqueued="2" />
  <stringconstants candidates="2592" cleared="0"  />
  <warning details="Mark invoked due to insufficient free space for Copy-Forward" />
</gc-op>
<gc-op id="21" type="classunload" timems="0.001" contextid="17" timestamp="2019-08-03T02:52:23.228">
  <classunload-info classloadercandidates="6" classloadersunloaded="0" classesunloaded="0" anonymousclassesunloaded="0" quiescems="0.000" setupms="0.001" scanms="0.000" postms="0.000" />
</gc-op>
<gc-op id="22" type="sweep" timems="0.500" contextid="17" timestamp="2019-08-03T02:52:23.229" />
<gc-op id="23" type="compact" timems="3.188" contextid="17" timestamp="2019-08-03T02:52:23.232">
  <compact-info movecount="19030" movebytes="1507536" />
  <remembered-set-cleared processed="0" cleared="0" durationms="0.064" />
</gc-op>
<gc-end id="24" type="partial gc" contextid="17" durationms="7.146" usertimems="8.000" systemtimems="0.000" timestamp="2019-08-03T02:52:23.233" activeThreads="1">
  <mem-info id="25" free="6291456" total="8388608" percent="75">
    <mem type="eden" free="588344" total="2097152" percent="28" />
    <pending-finalizers system="0" default="0" reference="258" classloader="0" />
    <remembered-set count="1216" freebytes="329984" totalbytes="334848" percent="98" regionsoverflowed="0" regionsstable="0" regionsrebuilding="0"/>
  </mem-info>
</gc-end>
<cycle-end id="26" type="partial gc" contextid="17" timestamp="2019-08-03T02:52:23.233" />
  <attribute name="elasticGC enabled" value="1" />
  <attribute name= "numThreadsSpecified" value="1" />
  <attribute name="heapSize specified" value="0" />
  <attribute name= "numCores" value="8" />
  <attribute name ="GC Interval" value="0" />
  <attribute name ="Control flow" value="2" />
  <attribute name="GC Util Range Max" value="151" />
  <attribute name="Current GC Util" value="45" />
  <attribute name= "Current Time Running" value="658" />
<exclusive-end id="27" timestamp="2019-08-03T02:52:23.233" durationms="8.143" />

<exclusive-start id="28" timestamp="2019-08-03T02:52:23.370" intervalms="144.727">
  <response-info timems="0.029" idlems="0.029" threads="0" lastid="0000000001E8BA00" lastname="main" />
</exclusive-start>
<allocation-taxation id="29" taxation-threshold="3145728" timestamp="2019-08-03T02:52:23.370" intervalms="144.680" />
<cycle-start id="30" type="global mark phase" contextid="0" timestamp="2019-08-03T02:52:23.370" intervalms="2634.356" />
<gc-start id="31" type="global mark phase" contextid="30" timestamp="2019-08-03T02:52:23.370">
  <mem-info id="32" free="3145728" total="8388608" percent="37">
    <remembered-set count="960" freebytes="331008" totalbytes="334848" percent="98" regionsoverflowed="0" regionsstable="0" regionsrebuilding="0"/>
  </mem-info>
</gc-start>
<gc-op id="33" type="mark increment" timems="1.176" contextid="30" timestamp="2019-08-03T02:52:23.371">
  <trace-info objectcount="138" scancount="0" scanbytes="0" />
</gc-op>
<gc-end id="34" type="global mark phase" contextid="30" durationms="1.298" usertimems="0.000" systemtimems="0.000" timestamp="2019-08-03T02:52:23.371" activeThreads="8">
  <mem-info id="35" free="3145728" total="8388608" percent="37">
    <remembered-set count="960" freebytes="331008" totalbytes="334848" percent="98" regionsoverflowed="0" regionsstable="0" regionsrebuilding="0"/>
  </mem-info>
</gc-end>
<concurrent-start id="36" type="GMP work packet processing" contextid="30" timestamp="2019-08-03T02:52:23.371">
  <concurrent-mark-start scanTarget="18446744073709551615" />
</concurrent-start>
<exclusive-end id="37" timestamp="2019-08-03T02:52:23.371" durationms="1.804" />

<concurrent-end id="38" type="GMP work packet processing" contextid="30" timestamp="2019-08-03T02:52:23.373">
  <concurrent-mark-end bytesScanned="765848" reasonForTermination="Completed all work in GC phase" />
</concurrent-end>

<exclusive-start id="39" timestamp="2019-08-03T02:52:23.467" intervalms="97.442">
  <response-info timems="0.062" idlems="0.062" threads="0" lastid="0000000001E8BA00" lastname="main" />
</exclusive-start>
<allocation-taxation id="40" taxation-threshold="3145728" timestamp="2019-08-03T02:52:23.467" intervalms="97.444" />
<cycle-start id="41" type="partial gc" contextid="0" timestamp="2019-08-03T02:52:23.467" intervalms="242.135" />
<gc-start id="42" type="partial gc" contextid="41" timestamp="2019-08-03T02:52:23.467">
  <mem-info id="43" free="0" total="8388608" percent="0">
    <mem type="eden" free="318416" total="7340032" percent="4" />
    <remembered-set count="960" freebytes="331008" totalbytes="334848" percent="98" regionsoverflowed="0" regionsstable="0" regionsrebuilding="0"/>
  </mem-info>
</gc-start>
<allocation-stats totalBytes="6286440" >
  <allocated-bytes non-tlh="317712" tlh="5968728" arrayletleaf="0"/>
  <largest-consumer threadName="main" threadId="0000000001E8BA00" bytes="3143664" />
</allocation-stats>
<gc-op id="44" type="mark" timems="2.326" contextid="41" timestamp="2019-08-03T02:52:23.470">
  <trace-info objectcount="20281" scancount="16260" scanbytes="547416" />
  <cardclean-info objects="761" bytes="33992" />
  <remembered-set-cleared processed="206" cleared="206" durationms="0.053" />
  <finalization candidates="50" enqueued="1" />
  <ownableSynchronizers candidates="17" cleared="0" />
  <references type="soft" candidates="358" cleared="0" enqueued="0" dynamicThreshold="12" maxThreshold="32" />
  <references type="weak" candidates="1254" cleared="157" enqueued="143" />
  <references type="phantom" candidates="41" cleared="4" enqueued="4" />
  <stringconstants candidates="4540" cleared="0"  />
  <warning details="Mark invoked due to insufficient free space for Copy-Forward" />
</gc-op>
<gc-op id="45" type="classunload" timems="0.002" contextid="41" timestamp="2019-08-03T02:52:23.470">
  <classunload-info classloadercandidates="10" classloadersunloaded="0" classesunloaded="0" anonymousclassesunloaded="0" quiescems="0.000" setupms="0.002" scanms="0.000" postms="0.000" />
</gc-op>
<gc-op id="46" type="sweep" timems="0.282" contextid="41" timestamp="2019-08-03T02:52:23.471" />
<gc-op id="47" type="compact" timems="3.722" contextid="41" timestamp="2019-08-03T02:52:23.475">
  <compact-info movecount="20247" movebytes="1378264" />
  <remembered-set-cleared processed="3262" cleared="3262" durationms="0.054" />
</gc-op>
<heap-resize id="48" type="contract" space="default" amount="1048576" count="1" timems="0.173" reason="insufficient time being spent in gc" timestamp="2019-08-03T02:52:23.475" />
<gc-end id="49" type="partial gc" contextid="41" durationms="7.895" usertimems="8.000" systemtimems="0.000" timestamp="2019-08-03T02:52:23.475" activeThreads="2">
  <mem-info id="50" free="4194304" total="7340032" percent="57">
    <mem type="eden" free="717128" total="2097152" percent="34" />
    <pending-finalizers system="1" default="0" reference="147" classloader="0" />
    <remembered-set count="2816" freebytes="323584" totalbytes="334848" percent="96" regionsoverflowed="0" regionsstable="0" regionsrebuilding="0"/>
  </mem-info>
</gc-end>
<cycle-end id="51" type="partial gc" contextid="41" timestamp="2019-08-03T02:52:23.476" />
  <attribute name="elasticGC enabled" value="1" />
  <attribute name= "numThreadsSpecified" value="2" />
  <attribute name="heapSize specified" value="0" />
  <attribute name= "numCores" value="8" />
  <attribute name ="GC Interval" value="0" />
  <attribute name ="Control flow" value="1" />
  <attribute name="GC Util Range Max" value="151" />
  <attribute name="Current GC Util" value="6" />
  <attribute name= "Current Time Running" value="900" />
<exclusive-end id="52" timestamp="2019-08-03T02:52:23.476" durationms="8.725" />

<exclusive-start id="53" timestamp="2019-08-03T02:52:26.675" intervalms="3207.506">
  <response-info timems="0.027" idlems="0.027" threads="0" lastid="0000000001E8BA00" lastname="main" />
</exclusive-start>
<allocation-taxation id="54" taxation-threshold="2097152" timestamp="2019-08-03T02:52:26.675" intervalms="3207.542" />
<gc-start id="55" type="global mark phase" contextid="30" timestamp="2019-08-03T02:52:26.675">
  <mem-info id="56" free="2097152" total="7340032" percent="28">
    <remembered-set count="2400" freebytes="325248" totalbytes="334848" percent="97" regionsoverflowed="0" regionsstable="0" regionsrebuilding="0"/>
  </mem-info>
</gc-start>
<gc-op id="57" type="mark increment" timems="2.314" contextid="30" timestamp="2019-08-03T02:52:26.677">
  <trace-info objectcount="22555" scancount="18245" scanbytes="621136" />
  <cardclean-info objects="840" bytes="36788" />
  <finalization candidates="62" enqueued="0" />
  <ownableSynchronizers candidates="17" cleared="0" />
  <references type="soft" candidates="584" cleared="0" enqueued="0" dynamicThreshold="18" maxThreshold="32" />
  <references type="weak" candidates="1415" cleared="6" enqueued="6" />
  <references type="phantom" candidates="96" cleared="2" enqueued="2" />
  <stringconstants candidates="4893" cleared="0"  />
</gc-op>
<gc-op id="58" type="classunload" timems="0.003" contextid="30" timestamp="2019-08-03T02:52:26.677">
  <classunload-info classloadercandidates="10" classloadersunloaded="0" classesunloaded="0" anonymousclassesunloaded="0" quiescems="0.000" setupms="0.002" scanms="0.000" postms="0.000" />
</gc-op>
<gc-end id="59" type="global mark phase" contextid="30" durationms="2.698" usertimems="0.000" systemtimems="4.000" timestamp="2019-08-03T02:52:26.677" activeThreads="8">
  <mem-info id="60" free="2097152" total="7340032" percent="28">
    <pending-finalizers system="0" default="0" reference="8" classloader="0" />
    <remembered-set count="2400" freebytes="325248" totalbytes="334848" percent="97" regionsoverflowed="0" regionsstable="0" regionsrebuilding="0"/>
  </mem-info>
</gc-end>
<cycle-end id="61" type="global mark phase" contextid="30" timestamp="2019-08-03T02:52:26.678" />
  <attribute name="elasticGC enabled" value="1" />
  <attribute name= "numThreadsSpecified" value="3" />
  <attribute name="heapSize specified" value="0" />
  <attribute name= "numCores" value="8" />
  <attribute name ="GC Interval" value="0" />
  <attribute name ="Control flow" value="2" />
  <attribute name="GC Util Range Max" value="151" />
  <attribute name="Current GC Util" value="88" />
  <attribute name= "Current Time Running" value="4105" />
<exclusive-end id="62" timestamp="2019-08-03T02:52:26.678" durationms="3.159" />

<exclusive-start id="63" timestamp="2019-08-03T02:52:26.730" intervalms="55.857">
  <response-info timems="0.043" idlems="0.043" threads="0" lastid="0000000001E8BA00" lastname="main" />
</exclusive-start>
<allocation-taxation id="64" taxation-threshold="2097152" timestamp="2019-08-03T02:52:26.730" intervalms="55.817" />
<cycle-start id="65" type="partial gc" contextid="0" timestamp="2019-08-03T02:52:26.731" intervalms="3263.304" />
<gc-start id="66" type="partial gc" contextid="65" timestamp="2019-08-03T02:52:26.731">
  <mem-info id="67" free="0" total="7340032" percent="0">
    <mem type="eden" free="373040" total="5242880" percent="7" />
    <remembered-set count="2400" freebytes="325248" totalbytes="334848" percent="97" regionsoverflowed="0" regionsstable="0" regionsrebuilding="0"/>
  </mem-info>
</gc-start>
<allocation-stats totalBytes="4187816" >
  <allocated-bytes non-tlh="79216" tlh="4108600" arrayletleaf="0"/>
  <largest-consumer threadName="main" threadId="0000000001E8BA00" bytes="2095768" />
</allocation-stats>
<gc-op id="68" type="sweep" timems="0.485" contextid="65" timestamp="2019-08-03T02:52:26.732" />
<gc-op id="69" type="mark" timems="2.165" contextid="65" timestamp="2019-08-03T02:52:26.734">
  <trace-info objectcount="22619" scancount="18119" scanbytes="605632" />
  <cardclean-info objects="1016" bytes="56968" />
  <remembered-set-cleared processed="0" cleared="0" durationms="0.055" />
  <finalization candidates="43" enqueued="0" />
  <ownableSynchronizers candidates="1" cleared="0" />
  <references type="soft" candidates="562" cleared="0" enqueued="0" dynamicThreshold="9" maxThreshold="32" />
  <references type="weak" candidates="1224" cleared="24" enqueued="24" />
  <references type="phantom" candidates="10" cleared="1" enqueued="1" />
  <stringconstants candidates="5084" cleared="0"  />
  <warning details="Mark invoked due to insufficient free space for Copy-Forward" />
</gc-op>
<gc-op id="70" type="classunload" timems="0.002" contextid="65" timestamp="2019-08-03T02:52:26.734">
  <classunload-info classloadercandidates="10" classloadersunloaded="0" classesunloaded="0" anonymousclassesunloaded="0" quiescems="0.000" setupms="0.002" scanms="0.000" postms="0.000" />
</gc-op>
<gc-op id="71" type="sweep" timems="0.415" contextid="65" timestamp="2019-08-03T02:52:26.735" />
<gc-op id="72" type="compact" timems="3.109" contextid="65" timestamp="2019-08-03T02:52:26.738">
  <compact-info movecount="22571" movebytes="884088" />
  <remembered-set-cleared processed="5487" cleared="5365" durationms="0.069" />
</gc-op>
<heap-resize id="73" type="expand" space="default" amount="1048576" count="1" timems="0.052" reason="insufficient free space following gc" timestamp="2019-08-03T02:52:26.739" />
<gc-end id="74" type="partial gc" contextid="65" durationms="8.179" usertimems="8.000" systemtimems="0.000" timestamp="2019-08-03T02:52:26.739" activeThreads="3">
  <mem-info id="75" free="4194304" total="8388608" percent="50">
    <mem type="eden" free="1211096" total="2097152" percent="57" />
    <pending-finalizers system="0" default="0" reference="25" classloader="0" />
    <remembered-set count="3232" freebytes="321920" totalbytes="334848" percent="96" regionsoverflowed="0" regionsstable="0" regionsrebuilding="0"/>
  </mem-info>
</gc-end>
<cycle-end id="76" type="partial gc" contextid="65" timestamp="2019-08-03T02:52:26.739" />
  <attribute name="elasticGC enabled" value="1" />
  <attribute name= "numThreadsSpecified" value="3" />
  <attribute name="heapSize specified" value="0" />
  <attribute name= "numCores" value="8" />
  <attribute name ="GC Interval" value="0" />
  <attribute name ="Control flow" value="1" />
  <attribute name="GC Util Range Max" value="151" />
  <attribute name="Current GC Util" value="15" />
  <attribute name= "Current Time Running" value="4164" />
<exclusive-end id="77" timestamp="2019-08-03T02:52:26.739" durationms="9.099" />

<exclusive-start id="78" timestamp="2019-08-03T02:52:26.809" intervalms="78.861">
  <response-info timems="0.033" idlems="0.033" threads="0" lastid="0000000001E8BA00" lastname="main" />
</exclusive-start>
<allocation-taxation id="79" taxation-threshold="2097152" timestamp="2019-08-03T02:52:26.809" intervalms="78.870" />
<cycle-start id="80" type="global mark phase" contextid="0" timestamp="2019-08-03T02:52:26.809" intervalms="3439.565" />
<gc-start id="81" type="global mark phase" contextid="80" timestamp="2019-08-03T02:52:26.810">
  <mem-info id="82" free="2097152" total="8388608" percent="25">
    <remembered-set count="3232" freebytes="321920" totalbytes="334848" percent="96" regionsoverflowed="0" regionsstable="0" regionsrebuilding="0"/>
  </mem-info>
</gc-start>
<gc-op id="83" type="mark increment" timems="0.394" contextid="80" timestamp="2019-08-03T02:52:26.810">
  <trace-info objectcount="126" scancount="0" scanbytes="0" />
</gc-op>
<gc-end id="84" type="global mark phase" contextid="80" durationms="0.531" usertimems="0.000" systemtimems="0.000" timestamp="2019-08-03T02:52:26.810" activeThreads="3">
  <mem-info id="85" free="2097152" total="8388608" percent="25">
    <remembered-set count="3232" freebytes="321920" totalbytes="334848" percent="96" regionsoverflowed="0" regionsstable="0" regionsrebuilding="0"/>
  </mem-info>
</gc-end>
<concurrent-start id="86" type="GMP work packet processing" contextid="80" timestamp="2019-08-03T02:52:26.810">
  <concurrent-mark-start scanTarget="18446744073709551615" />
</concurrent-start>
<exclusive-end id="87" timestamp="2019-08-03T02:52:26.810" durationms="0.940" />

<concurrent-end id="88" type="GMP work packet processing" contextid="80" timestamp="2019-08-03T02:52:26.812">
  <concurrent-mark-end bytesScanned="1169224" reasonForTermination="Completed all work in GC phase" />
</concurrent-end>

<exclusive-start id="89" timestamp="2019-08-03T02:52:26.869" intervalms="60.005">
  <response-info timems="0.037" idlems="0.037" threads="0" lastid="0000000001E8BA00" lastname="main" />
</exclusive-start>
<allocation-taxation id="90" taxation-threshold="2097152" timestamp="2019-08-03T02:52:26.869" intervalms="59.999" />
<cycle-start id="91" type="partial gc" contextid="0" timestamp="2019-08-03T02:52:26.869" intervalms="138.908" />
<gc-start id="92" type="partial gc" contextid="91" timestamp="2019-08-03T02:52:26.870">
  <mem-info id="93" free="0" total="8388608" percent="0">
    <mem type="eden" free="790680" total="5242880" percent="15" />
    <remembered-set count="3232" freebytes="321920" totalbytes="334848" percent="96" regionsoverflowed="0" regionsstable="0" regionsrebuilding="0"/>
  </mem-info>
</gc-start>
<allocation-stats totalBytes="4169608" >
  <allocated-bytes non-tlh="123336" tlh="4046272" arrayletleaf="0"/>
  <largest-consumer threadName="main" threadId="0000000001E8BA00" bytes="2031352" />
</allocation-stats>
<gc-op id="94" type="mark" timems="1.486" contextid="91" timestamp="2019-08-03T02:52:26.872">
  <trace-info objectcount="15823" scancount="13649" scanbytes="497756" />
  <cardclean-info objects="1704" bytes="78696" />
  <remembered-set-cleared processed="2445" cleared="1068" durationms="0.058" />
  <finalization candidates="14" enqueued="0" />
  <ownableSynchronizers candidates="4" cleared="0" />
  <references type="soft" candidates="441" cleared="0" enqueued="0" dynamicThreshold="8" maxThreshold="32" />
  <references type="weak" candidates="2172" cleared="437" enqueued="288" />
  <references type="phantom" candidates="3" cleared="1" enqueued="1" />
  <stringconstants candidates="6051" cleared="0"  />
  <warning details="Mark invoked due to insufficient free space for Copy-Forward" />
</gc-op>
<gc-op id="95" type="classunload" timems="0.003" contextid="91" timestamp="2019-08-03T02:52:26.872">
  <classunload-info classloadercandidates="11" classloadersunloaded="0" classesunloaded="0" anonymousclassesunloaded="0" quiescems="0.000" setupms="0.003" scanms="0.000" postms="0.000" />
</gc-op>
<gc-op id="96" type="sweep" timems="0.332" contextid="91" timestamp="2019-08-03T02:52:26.872" />
<gc-op id="97" type="compact" timems="2.672" contextid="91" timestamp="2019-08-03T02:52:26.875">
  <compact-info movecount="15793" movebytes="696776" />
  <remembered-set-cleared processed="12309" cleared="9516" durationms="0.075" />
</gc-op>
<heap-resize id="98" type="expand" space="default" amount="1048576" count="1" timems="0.068" reason="insufficient free space following gc" timestamp="2019-08-03T02:52:26.876" />
<gc-end id="99" type="partial gc" contextid="91" durationms="6.049" usertimems="12.000" systemtimems="0.000" timestamp="2019-08-03T02:52:26.876" activeThreads="8">
  <mem-info id="100" free="4194304" total="9437184" percent="44">
    <mem type="eden" free="1399152" total="2097152" percent="66" />
    <pending-finalizers system="0" default="0" reference="289" classloader="0" />
    <remembered-set count="5664" freebytes="354048" totalbytes="376704" percent="93" regionsoverflowed="0" regionsstable="0" regionsrebuilding="0"/>
  </mem-info>
</gc-end>
<cycle-end id="101" type="partial gc" contextid="91" timestamp="2019-08-03T02:52:26.876" />
  <attribute name="elasticGC enabled" value="1" />
  <attribute name= "numThreadsSpecified" value="3" />
  <attribute name="heapSize specified" value="0" />
  <attribute name= "numCores" value="8" />
  <attribute name ="GC Interval" value="0" />
  <attribute name ="Control flow" value="1" />
  <attribute name="GC Util Range Max" value="151" />
  <attribute name="Current GC Util" value="25" />
  <attribute name= "Current Time Running" value="4302" />
<exclusive-end id="102" timestamp="2019-08-03T02:52:26.876" durationms="6.996" />

<exclusive-start id="103" timestamp="2019-08-03T02:52:26.924" intervalms="54.620">
  <response-info timems="0.070" idlems="0.070" threads="0" lastid="0000000001E8BA00" lastname="main" />
</exclusive-start>
<allocation-taxation id="104" taxation-threshold="2097152" timestamp="2019-08-03T02:52:26.924" intervalms="54.664" />
<gc-start id="105" type="global mark phase" contextid="80" timestamp="2019-08-03T02:52:26.924">
  <mem-info id="106" free="2097152" total="9437184" percent="22">
    <remembered-set count="5280" freebytes="355584" totalbytes="376704" percent="94" regionsoverflowed="0" regionsstable="0" regionsrebuilding="0"/>
  </mem-info>
</gc-start>
<gc-op id="107" type="mark increment" timems="2.193" contextid="80" timestamp="2019-08-03T02:52:26.927">
  <trace-info objectcount="17971" scancount="15520" scanbytes="565720" />
  <cardclean-info objects="2471" bytes="115320" />
  <finalization candidates="80" enqueued="0" />
  <ownableSynchronizers candidates="21" cleared="0" />
  <references type="soft" candidates="968" cleared="0" enqueued="0" dynamicThreshold="14" maxThreshold="32" />
  <references type="weak" candidates="2991" cleared="22" enqueued="22" />
  <references type="phantom" candidates="104" cleared="3" enqueued="3" />
  <stringconstants candidates="6222" cleared="0"  />
</gc-op>
<gc-op id="108" type="classunload" timems="0.004" contextid="80" timestamp="2019-08-03T02:52:26.927">
  <classunload-info classloadercandidates="11" classloadersunloaded="0" classesunloaded="0" anonymousclassesunloaded="0" quiescems="0.000" setupms="0.004" scanms="0.000" postms="0.000" />
</gc-op>
<gc-end id="109" type="global mark phase" contextid="80" durationms="2.634" usertimems="4.000" systemtimems="0.000" timestamp="2019-08-03T02:52:26.927" activeThreads="8">
  <mem-info id="110" free="2097152" total="9437184" percent="22">
    <pending-finalizers system="0" default="0" reference="25" classloader="0" />
    <remembered-set count="5280" freebytes="355584" totalbytes="376704" percent="94" regionsoverflowed="0" regionsstable="0" regionsrebuilding="0"/>
  </mem-info>
</gc-end>
<cycle-end id="111" type="global mark phase" contextid="80" timestamp="2019-08-03T02:52:26.927" />
  <attribute name="elasticGC enabled" value="1" />
  <attribute name= "numThreadsSpecified" value="3" />
  <attribute name="heapSize specified" value="0" />
  <attribute name= "numCores" value="8" />
  <attribute name ="GC Interval" value="0" />
  <attribute name ="Control flow" value="3" />
  <attribute name="GC Util Range Max" value="151" />
  <attribute name="Current GC Util" value="124" />
  <attribute name= "Current Time Running" value="4355" />
<exclusive-end id="112" timestamp="2019-08-03T02:52:26.927" durationms="3.194" />

<exclusive-start id="113" timestamp="2019-08-03T02:52:26.961" intervalms="37.091">
  <response-info timems="0.066" idlems="0.066" threads="0" lastid="0000000001E8BA00" lastname="main" />
</exclusive-start>
<allocation-taxation id="114" taxation-threshold="2097152" timestamp="2019-08-03T02:52:26.961" intervalms="37.117" />
<cycle-start id="115" type="partial gc" contextid="0" timestamp="2019-08-03T02:52:26.961" intervalms="91.840" />
<gc-start id="116" type="partial gc" contextid="115" timestamp="2019-08-03T02:52:26.962">
  <mem-info id="117" free="0" total="9437184" percent="0">
    <mem type="eden" free="0" total="4194304" percent="0" />
    <remembered-set count="5280" freebytes="355584" totalbytes="376704" percent="94" regionsoverflowed="0" regionsstable="0" regionsrebuilding="0"/>
  </mem-info>
</gc-start>
<allocation-stats totalBytes="4084808" >
  <allocated-bytes non-tlh="1446368" tlh="2638440" arrayletleaf="0"/>
  <largest-consumer threadName="main" threadId="0000000001E8BA00" bytes="2059800" />
</allocation-stats>
<gc-op id="118" type="sweep" timems="0.520" contextid="115" timestamp="2019-08-03T02:52:26.962" />
<gc-op id="119" type="mark" timems="1.347" contextid="115" timestamp="2019-08-03T02:52:26.964">
  <trace-info objectcount="13434" scancount="11361" scanbytes="421776" />
  <cardclean-info objects="1221" bytes="69568" />
  <remembered-set-cleared processed="4118" cleared="1894" durationms="0.073" />
  <finalization candidates="15" enqueued="0" />
  <ownableSynchronizers candidates="4" cleared="0" />
  <references type="soft" candidates="339" cleared="0" enqueued="0" dynamicThreshold="7" maxThreshold="32" />
  <references type="weak" candidates="1502" cleared="1" enqueued="1" />
  <references type="phantom" candidates="6" cleared="0" enqueued="0" />
  <stringconstants candidates="6433" cleared="0"  />
  <warning details="Mark invoked due to insufficient free space for Copy-Forward" />
</gc-op>
<gc-op id="120" type="classunload" timems="0.002" contextid="115" timestamp="2019-08-03T02:52:26.964">
  <classunload-info classloadercandidates="11" classloadersunloaded="0" classesunloaded="0" anonymousclassesunloaded="0" quiescems="0.000" setupms="0.002" scanms="0.000" postms="0.000" />
</gc-op>
<gc-op id="121" type="sweep" timems="0.330" contextid="115" timestamp="2019-08-03T02:52:26.965" />
<gc-op id="122" type="compact" timems="4.696" contextid="115" timestamp="2019-08-03T02:52:26.970">
  <compact-info movecount="11497" movebytes="1309064" />
  <remembered-set-cleared processed="12504" cleared="8041" durationms="0.073" />
</gc-op>
<heap-resize id="123" type="expand" space="default" amount="2097152" count="1" timems="0.066" reason="insufficient free space following gc" timestamp="2019-08-03T02:52:26.970" />
<gc-end id="124" type="partial gc" contextid="115" durationms="8.609" usertimems="12.000" systemtimems="0.000" timestamp="2019-08-03T02:52:26.970" activeThreads="8">
  <mem-info id="125" free="5242880" total="11534336" percent="45">
    <mem type="eden" free="95776" total="1048576" percent="9" />
    <pending-finalizers system="0" default="0" reference="1" classloader="0" />
    <remembered-set count="6016" freebytes="436352" totalbytes="460416" percent="94" regionsoverflowed="0" regionsstable="0" regionsrebuilding="0"/>
  </mem-info>
</gc-end>
<cycle-end id="126" type="partial gc" contextid="115" timestamp="2019-08-03T02:52:26.970" />
  <attribute name="elasticGC enabled" value="1" />
  <attribute name= "numThreadsSpecified" value="3" />
  <attribute name="heapSize specified" value="0" />
  <attribute name= "numCores" value="8" />
  <attribute name ="GC Interval" value="0" />
  <attribute name ="Control flow" value="3" />
  <attribute name="GC Util Range Max" value="151" />
  <attribute name="Current GC Util" value="21" />
  <attribute name= "Current Time Running" value="4394" />
<exclusive-end id="127" timestamp="2019-08-03T02:52:26.971" durationms="9.564" />

<exclusive-start id="128" timestamp="2019-08-03T02:52:27.048" intervalms="86.747">
  <response-info timems="0.029" idlems="0.029" threads="0" lastid="0000000001E8BA00" lastname="main" />
</exclusive-start>
<allocation-taxation id="129" taxation-threshold="2097152" timestamp="2019-08-03T02:52:27.048" intervalms="86.700" />
<cycle-start id="130" type="global mark phase" contextid="0" timestamp="2019-08-03T02:52:27.048" intervalms="238.502" />
<gc-start id="131" type="global mark phase" contextid="130" timestamp="2019-08-03T02:52:27.048">
  <mem-info id="132" free="3145728" total="11534336" percent="27">
    <remembered-set count="6016" freebytes="436352" totalbytes="460416" percent="94" regionsoverflowed="0" regionsstable="0" regionsrebuilding="0"/>
  </mem-info>
</gc-start>
<gc-op id="133" type="mark increment" timems="0.574" contextid="130" timestamp="2019-08-03T02:52:27.049">
  <trace-info objectcount="216" scancount="0" scanbytes="0" />
</gc-op>
<gc-end id="134" type="global mark phase" contextid="130" durationms="0.693" usertimems="4.000" systemtimems="0.000" timestamp="2019-08-03T02:52:27.049" activeThreads="8">
  <mem-info id="135" free="3145728" total="11534336" percent="27">
    <remembered-set count="6016" freebytes="436352" totalbytes="460416" percent="94" regionsoverflowed="0" regionsstable="0" regionsrebuilding="0"/>
  </mem-info>
</gc-end>
<concurrent-start id="136" type="GMP work packet processing" contextid="130" timestamp="2019-08-03T02:52:27.049">
  <concurrent-mark-start scanTarget="18446744073709551615" />
</concurrent-start>
<exclusive-end id="137" timestamp="2019-08-03T02:52:27.049" durationms="1.166" />

<concurrent-end id="138" type="GMP work packet processing" contextid="130" timestamp="2019-08-03T02:52:27.051">
  <concurrent-mark-end bytesScanned="1719632" reasonForTermination="Completed all work in GC phase" />
</concurrent-end>

<exclusive-start id="139" timestamp="2019-08-03T02:52:27.098" intervalms="49.947">
  <response-info timems="0.037" idlems="0.037" threads="0" lastid="0000000001E8BA00" lastname="main" />
</exclusive-start>
<allocation-taxation id="140" taxation-threshold="2097152" timestamp="2019-08-03T02:52:27.098" intervalms="49.929" />
<cycle-start id="141" type="partial gc" contextid="0" timestamp="2019-08-03T02:52:27.098" intervalms="136.535" />
<gc-start id="142" type="partial gc" contextid="141" timestamp="2019-08-03T02:52:27.098">
  <mem-info id="143" free="1048576" total="11534336" percent="9">
    <mem type="eden" free="0" total="4194304" percent="0" />
    <remembered-set count="6016" freebytes="436352" totalbytes="460416" percent="94" regionsoverflowed="0" regionsstable="0" regionsrebuilding="0"/>
  </mem-info>
</gc-start>
<allocation-stats totalBytes="4177520" >
  <allocated-bytes non-tlh="63752" tlh="4113768" arrayletleaf="0"/>
  <largest-consumer threadName="main" threadId="0000000001E8BA00" bytes="2081848" />
</allocation-stats>
<gc-op id="144" type="copy forward" timems="3.388" contextid="141" timestamp="2019-08-03T02:52:27.102">
  <memory-copied type="eden" objects="7961" bytes="353352" bytesdiscarded="19536" />
  <memory-copied type="other" objects="3073" bytes="934120" bytesdiscarded="179392" />
  <memory-cardclean objects="722" bytes="47784" />
  <regions eden="4" other="1" />
  <remembered-set-cleared processed="4632" cleared="615" durationms="0.089" />
  <finalization candidates="4" enqueued="0" />
  <references type="soft" candidates="160" cleared="0" enqueued="0" dynamicThreshold="8" maxThreshold="32" />
  <references type="weak" candidates="325" cleared="0" enqueued="0" />
  <references type="phantom" candidates="5" cleared="0" enqueued="0" />
  <stringconstants candidates="7033" cleared="0"  />
  <heap-resize type="expand" space="default" amount="2097152" count="2" timems="0.206" reason="continue current collection" />
</gc-op>
<gc-op id="145" type="classunload" timems="0.003" contextid="141" timestamp="2019-08-03T02:52:27.102">
  <classunload-info classloadercandidates="11" classloadersunloaded="0" classesunloaded="0" anonymousclassesunloaded="0" quiescems="0.000" setupms="0.003" scanms="0.000" postms="0.000" />
</gc-op>
<gc-op id="146" type="compact" timems="3.111" contextid="141" timestamp="2019-08-03T02:52:27.105">
  <compact-info movecount="0" movebytes="0" />
  <remembered-set-cleared processed="10376" cleared="615" durationms="0.089" />
</gc-op>
<gc-end id="147" type="partial gc" contextid="141" durationms="7.558" usertimems="12.000" systemtimems="0.000" timestamp="2019-08-03T02:52:27.106" activeThreads="8">
  <mem-info id="148" free="5242880" total="13631488" percent="38">
    <mem type="eden" free="675408" total="1048576" percent="64" />
    <remembered-set count="7456" freebytes="514304" totalbytes="544128" percent="94" regionsoverflowed="0" regionsstable="0" regionsrebuilding="0"/>
  </mem-info>
</gc-end>
<cycle-end id="149" type="partial gc" contextid="141" timestamp="2019-08-03T02:52:27.106" />
  <attribute name="elasticGC enabled" value="1" />
  <attribute name= "numThreadsSpecified" value="3" />
  <attribute name="heapSize specified" value="0" />
  <attribute name= "numCores" value="8" />
  <attribute name ="GC Interval" value="0" />
  <attribute name ="Control flow" value="2" />
  <attribute name="GC Util Range Max" value="151" />
  <attribute name="Current GC Util" value="114" />
  <attribute name= "Current Time Running" value="4531" />
<exclusive-end id="150" timestamp="2019-08-03T02:52:27.106" durationms="8.285" />

<exclusive-start id="151" timestamp="2019-08-03T02:52:27.153" intervalms="55.368">
  <response-info timems="0.035" idlems="0.035" threads="0" lastid="0000000001E8BA00" lastname="main" />
</exclusive-start>
<allocation-taxation id="152" taxation-threshold="2097152" timestamp="2019-08-03T02:52:27.153" intervalms="55.361" />
<gc-start id="153" type="global mark phase" contextid="130" timestamp="2019-08-03T02:52:27.153">
  <mem-info id="154" free="3145728" total="13631488" percent="23">
    <remembered-set count="7456" freebytes="514304" totalbytes="544128" percent="94" regionsoverflowed="0" regionsstable="0" regionsrebuilding="0"/>
  </mem-info>
</gc-start>
<gc-op id="155" type="mark increment" timems="1.766" contextid="130" timestamp="2019-08-03T02:52:27.155">
  <trace-info objectcount="3491" scancount="3018" scanbytes="114976" />
  <cardclean-info objects="2443" bytes="112176" />
  <finalization candidates="80" enqueued="0" />
  <ownableSynchronizers candidates="21" cleared="0" />
  <references type="soft" candidates="1022" cleared="0" enqueued="0" dynamicThreshold="12" maxThreshold="32" />
  <references type="weak" candidates="3539" cleared="2" enqueued="2" />
  <references type="phantom" candidates="101" cleared="0" enqueued="0" />
  <stringconstants candidates="7213" cleared="0"  />
</gc-op>
<gc-op id="156" type="classunload" timems="0.005" contextid="130" timestamp="2019-08-03T02:52:27.155">
  <classunload-info classloadercandidates="11" classloadersunloaded="0" classesunloaded="0" anonymousclassesunloaded="0" quiescems="0.000" setupms="0.005" scanms="0.000" postms="0.000" />
</gc-op>
<gc-end id="157" type="global mark phase" contextid="130" durationms="2.014" usertimems="4.000" systemtimems="0.000" timestamp="2019-08-03T02:52:27.155" activeThreads="8">
  <mem-info id="158" free="3145728" total="13631488" percent="23">
    <pending-finalizers system="0" default="0" reference="2" classloader="0" />
    <remembered-set count="7456" freebytes="514304" totalbytes="544128" percent="94" regionsoverflowed="0" regionsstable="0" regionsrebuilding="0"/>
  </mem-info>
</gc-end>
<cycle-end id="159" type="global mark phase" contextid="130" timestamp="2019-08-03T02:52:27.155" />
  <attribute name="elasticGC enabled" value="1" />
  <attribute name= "numThreadsSpecified" value="3" />
  <attribute name="heapSize specified" value="0" />
  <attribute name= "numCores" value="8" />
  <attribute name ="GC Interval" value="0" />
  <attribute name ="Control flow" value="3" />
  <attribute name="GC Util Range Max" value="151" />
  <attribute name="Current GC Util" value="110" />
  <attribute name= "Current Time Running" value="4583" />
<exclusive-end id="160" timestamp="2019-08-03T02:52:27.155" durationms="2.371" />

<exclusive-start id="161" timestamp="2019-08-03T02:52:27.201" intervalms="48.059">
  <response-info timems="0.059" idlems="0.059" threads="0" lastid="0000000001E8BA00" lastname="main" />
</exclusive-start>
<allocation-taxation id="162" taxation-threshold="2097152" timestamp="2019-08-03T02:52:27.201" intervalms="48.106" />
<cycle-start id="163" type="partial gc" contextid="0" timestamp="2019-08-03T02:52:27.201" intervalms="103.506" />
<gc-start id="164" type="partial gc" contextid="163" timestamp="2019-08-03T02:52:27.202">
  <mem-info id="165" free="1048576" total="13631488" percent="7">
    <mem type="eden" free="0" total="4194304" percent="0" />
    <remembered-set count="7456" freebytes="514304" totalbytes="544128" percent="94" regionsoverflowed="0" regionsstable="0" regionsrebuilding="0"/>
  </mem-info>
</gc-start>
<allocation-stats totalBytes="4175776" >
  <allocated-bytes non-tlh="77776" tlh="4098000" arrayletleaf="0"/>
  <largest-consumer threadName="main" threadId="0000000001E8BA00" bytes="2096616" />
</allocation-stats>
<gc-op id="166" type="sweep" timems="0.560" contextid="163" timestamp="2019-08-03T02:52:27.202" />
<gc-op id="167" type="copy forward" timems="2.525" contextid="163" timestamp="2019-08-03T02:52:27.206">
  <memory-copied type="eden" objects="1088" bytes="42384" bytesdiscarded="7599" />
  <memory-copied type="other" objects="9810" bytes="431456" bytesdiscarded="44001" />
  <memory-cardclean objects="784" bytes="34064" />
  <memory-traced type="eden" objects="1019" bytes="36320" />
  <memory-traced type="other" objects="0" bytes="0" />
  <regions eden="2" other="3" evacuated="4" marked="1" />
  <remembered-set-cleared processed="5722" cleared="1177" durationms="0.099" />
  <references type="soft" candidates="54" cleared="0" enqueued="0" dynamicThreshold="7" maxThreshold="32" />
  <references type="weak" candidates="758" cleared="0" enqueued="0" />
  <stringconstants candidates="7360" cleared="0"  />
  <heap-resize type="expand" space="default" amount="1048576" count="1" timems="0.063" reason="continue current collection" />
</gc-op>
<gc-op id="168" type="classunload" timems="0.002" contextid="163" timestamp="2019-08-03T02:52:27.206">
  <classunload-info classloadercandidates="11" classloadersunloaded="0" classesunloaded="0" anonymousclassesunloaded="0" quiescems="0.000" setupms="0.002" scanms="0.000" postms="0.000" />
</gc-op>
<gc-op id="169" type="compact" timems="1.188" contextid="163" timestamp="2019-08-03T02:52:27.207">
  <compact-info movecount="1261" movebytes="48328" />
  <remembered-set-cleared processed="12943" cleared="2082" durationms="0.099" />
</gc-op>
<heap-resize id="170" type="expand" space="default" amount="4194304" count="1" timems="0.070" reason="insufficient free space following gc" timestamp="2019-08-03T02:52:27.207" />
<gc-end id="171" type="partial gc" contextid="163" durationms="5.879" usertimems="8.000" systemtimems="0.000" timestamp="2019-08-03T02:52:27.207" activeThreads="3">
  <mem-info id="172" free="8388608" total="18874368" percent="44">
    <mem type="eden" free="1895032" total="2097152" percent="90" />
    <remembered-set count="9376" freebytes="715904" totalbytes="753408" percent="95" regionsoverflowed="0" regionsstable="0" regionsrebuilding="0"/>
  </mem-info>
</gc-end>
<cycle-end id="173" type="partial gc" contextid="163" timestamp="2019-08-03T02:52:27.208" />
  <attribute name="elasticGC enabled" value="1" />
  <attribute name= "numThreadsSpecified" value="3" />
  <attribute name="heapSize specified" value="0" />
  <attribute name= "numCores" value="8" />
  <attribute name ="GC Interval" value="0" />
  <attribute name ="Control flow" value="1" />
  <attribute name="GC Util Range Max" value="151" />
  <attribute name="Current GC Util" value="77" />
  <attribute name= "Current Time Running" value="4635" />
<exclusive-end id="174" timestamp="2019-08-03T02:52:27.208" durationms="6.753" />

<exclusive-start id="175" timestamp="2019-08-03T02:52:27.331" intervalms="130.123">
  <response-info timems="0.026" idlems="0.026" threads="0" lastid="0000000001E8BA00" lastname="main" />
</exclusive-start>
<allocation-taxation id="176" taxation-threshold="8388608" timestamp="2019-08-03T02:52:27.331" intervalms="130.165" />
<cycle-start id="177" type="partial gc" contextid="0" timestamp="2019-08-03T02:52:27.332" intervalms="130.199" />
<gc-start id="178" type="partial gc" contextid="177" timestamp="2019-08-03T02:52:27.332">
  <mem-info id="179" free="0" total="18874368" percent="0">
    <mem type="eden" free="998432" total="9437184" percent="10" />
    <remembered-set count="9184" freebytes="716672" totalbytes="753408" percent="95" regionsoverflowed="0" regionsstable="0" regionsrebuilding="0"/>
  </mem-info>
</gc-start>
<allocation-stats totalBytes="8384008" >
  <allocated-bytes non-tlh="43624" tlh="8340384" arrayletleaf="0"/>
  <largest-consumer threadName="main" threadId="0000000001E8BA00" bytes="8384008" />
</allocation-stats>
<gc-op id="180" type="mark" timems="4.138" contextid="177" timestamp="2019-08-03T02:52:27.337">
  <trace-info objectcount="16543" scancount="14174" scanbytes="547720" />
  <cardclean-info objects="3335" bytes="161592" />
  <remembered-set-cleared processed="6698" cleared="1601" durationms="0.091" />
  <references type="soft" candidates="2" cleared="0" enqueued="0" dynamicThreshold="14" maxThreshold="32" />
  <references type="weak" candidates="787" cleared="5" enqueued="5" />
  <stringconstants candidates="7636" cleared="0"  />
  <warning details="Mark invoked due to insufficient free space for Copy-Forward" />
</gc-op>
<gc-op id="181" type="classunload" timems="0.002" contextid="177" timestamp="2019-08-03T02:52:27.337">
  <classunload-info classloadercandidates="11" classloadersunloaded="0" classesunloaded="0" anonymousclassesunloaded="0" quiescems="0.000" setupms="0.002" scanms="0.000" postms="0.000" />
</gc-op>
<gc-op id="182" type="sweep" timems="0.423" contextid="177" timestamp="2019-08-03T02:52:27.337" />
<gc-op id="183" type="compact" timems="5.351" contextid="177" timestamp="2019-08-03T02:52:27.343">
  <compact-info movecount="16655" movebytes="689792" />
  <remembered-set-cleared processed="17565" cleared="7435" durationms="0.125" />
</gc-op>
<gc-end id="184" type="partial gc" contextid="177" durationms="11.483" usertimems="20.000" systemtimems="0.000" timestamp="2019-08-03T02:52:27.343" activeThreads="8">
  <mem-info id="185" free="8388608" total="18874368" percent="44">
    <mem type="eden" free="534992" total="1048576" percent="51" />
    <pending-finalizers system="0" default="0" reference="5" classloader="0" />
    <remembered-set count="10240" freebytes="712448" totalbytes="753408" percent="94" regionsoverflowed="0" regionsstable="0" regionsrebuilding="0"/>
  </mem-info>
</gc-end>
<cycle-end id="186" type="partial gc" contextid="177" timestamp="2019-08-03T02:52:27.344" />
  <attribute name="elasticGC enabled" value="1" />
  <attribute name= "numThreadsSpecified" value="4" />
  <attribute name="heapSize specified" value="0" />
  <attribute name= "numCores" value="8" />
  <attribute name ="GC Interval" value="0" />
  <attribute name ="Control flow" value="1" />
  <attribute name="GC Util Range Max" value="151" />
  <attribute name="Current GC Util" value="54" />
  <attribute name= "Current Time Running" value="4767" />
<exclusive-end id="187" timestamp="2019-08-03T02:52:27.344" durationms="12.751" />

<exclusive-start id="188" timestamp="2019-08-03T02:52:27.442" intervalms="111.031">
  <response-info timems="0.067" idlems="0.067" threads="0" lastid="0000000001E8BA00" lastname="main" />
</exclusive-start>
<allocation-taxation id="189" taxation-threshold="8388608" timestamp="2019-08-03T02:52:27.442" intervalms="111.035" />
<cycle-start id="190" type="partial gc" contextid="0" timestamp="2019-08-03T02:52:27.443" intervalms="111.051" />
<gc-start id="191" type="partial gc" contextid="190" timestamp="2019-08-03T02:52:27.443">
  <mem-info id="192" free="0" total="18874368" percent="0">
    <mem type="eden" free="0" total="8388608" percent="0" />
    <remembered-set count="10240" freebytes="712448" totalbytes="753408" percent="94" regionsoverflowed="0" regionsstable="0" regionsrebuilding="0"/>
  </mem-info>
</gc-start>
<allocation-stats totalBytes="8386008" >
  <allocated-bytes non-tlh="226936" tlh="8159072" arrayletleaf="0"/>
  <largest-consumer threadName="main" threadId="0000000001E8BA00" bytes="8386008" />
</allocation-stats>
<gc-op id="193" type="mark" timems="5.288" contextid="190" timestamp="2019-08-03T02:52:27.449">
  <trace-info objectcount="22209" scancount="19754" scanbytes="817464" />
  <cardclean-info objects="2567" bytes="139592" />
  <remembered-set-cleared processed="8454" cleared="2279" durationms="0.099" />
  <references type="soft" candidates="73" cleared="0" enqueued="0" dynamicThreshold="14" maxThreshold="32" />
  <references type="weak" candidates="322" cleared="0" enqueued="0" />
  <references type="phantom" candidates="1" cleared="0" enqueued="0" />
  <stringconstants candidates="7846" cleared="0"  />
  <warning details="Mark invoked due to insufficient free space for Copy-Forward" />
</gc-op>
<gc-op id="194" type="classunload" timems="0.003" contextid="190" timestamp="2019-08-03T02:52:27.449">
  <classunload-info classloadercandidates="12" classloadersunloaded="0" classesunloaded="0" anonymousclassesunloaded="0" quiescems="0.000" setupms="0.003" scanms="0.000" postms="0.000" />
</gc-op>
<gc-op id="195" type="sweep" timems="0.518" contextid="190" timestamp="2019-08-03T02:52:27.450" />
<gc-op id="196" type="compact" timems="2.929" contextid="190" timestamp="2019-08-03T02:52:27.453">
  <compact-info movecount="19473" movebytes="1178328" />
  <remembered-set-cleared processed="21236" cleared="8850" durationms="0.099" />
</gc-op>
<gc-end id="197" type="partial gc" contextid="190" durationms="10.156" usertimems="16.000" systemtimems="0.000" timestamp="2019-08-03T02:52:27.453" activeThreads="4">
  <mem-info id="198" free="7340032" total="18874368" percent="38">
    <mem type="eden" free="90800" total="1048576" percent="8" />
    <remembered-set count="13312" freebytes="700160" totalbytes="753408" percent="92" regionsoverflowed="0" regionsstable="0" regionsrebuilding="0"/>
  </mem-info>
</gc-end>
<cycle-end id="199" type="partial gc" contextid="190" timestamp="2019-08-03T02:52:27.453" />
  <attribute name="elasticGC enabled" value="1" />
  <attribute name= "numThreadsSpecified" value="4" />
  <attribute name="heapSize specified" value="0" />
  <attribute name= "numCores" value="8" />
  <attribute name ="GC Interval" value="0" />
  <attribute name ="Control flow" value="2" />
  <attribute name="GC Util Range Max" value="151" />
  <attribute name="Current GC Util" value="59" />
  <attribute name= "Current Time Running" value="4879" />
<exclusive-end id="200" timestamp="2019-08-03T02:52:27.453" durationms="11.258" />

<exclusive-start id="201" timestamp="2019-08-03T02:52:27.534" intervalms="91.548">
  <response-info timems="0.029" idlems="0.029" threads="0" lastid="0000000001E8BA00" lastname="main" />
</exclusive-start>
<allocation-taxation id="202" taxation-threshold="7340032" timestamp="2019-08-03T02:52:27.534" intervalms="91.483" />
<cycle-start id="203" type="partial gc" contextid="0" timestamp="2019-08-03T02:52:27.534" intervalms="91.399" />
<gc-start id="204" type="partial gc" contextid="203" timestamp="2019-08-03T02:52:27.534">
  <mem-info id="205" free="0" total="18874368" percent="0">
    <mem type="eden" free="0" total="7340032" percent="0" />
    <remembered-set count="12992" freebytes="701440" totalbytes="753408" percent="93" regionsoverflowed="0" regionsstable="0" regionsrebuilding="0"/>
  </mem-info>
</gc-start>
<allocation-stats totalBytes="7333048" >
  <allocated-bytes non-tlh="46168" tlh="7286880" arrayletleaf="0"/>
  <largest-consumer threadName="main" threadId="0000000001E8BA00" bytes="7333048" />
</allocation-stats>
<gc-op id="206" type="mark" timems="3.768" contextid="203" timestamp="2019-08-03T02:52:27.538">
  <trace-info objectcount="5965" scancount="5370" scanbytes="185196" />
  <cardclean-info objects="756" bytes="51528" />
  <remembered-set-cleared processed="9940" cleared="1731" durationms="0.079" />
  <references type="soft" candidates="249" cleared="0" enqueued="0" dynamicThreshold="12" maxThreshold="32" />
  <references type="weak" candidates="184" cleared="0" enqueued="0" />
  <stringconstants candidates="8191" cleared="0"  />
  <warning details="Mark invoked due to insufficient free space for Copy-Forward" />
</gc-op>
<gc-op id="207" type="classunload" timems="0.003" contextid="203" timestamp="2019-08-03T02:52:27.538">
  <classunload-info classloadercandidates="13" classloadersunloaded="0" classesunloaded="0" anonymousclassesunloaded="0" quiescems="0.000" setupms="0.003" scanms="0.000" postms="0.000" />
</gc-op>
<gc-op id="208" type="sweep" timems="0.799" contextid="203" timestamp="2019-08-03T02:52:27.539" />
<gc-op id="209" type="compact" timems="1.666" contextid="203" timestamp="2019-08-03T02:52:27.541">
  <compact-info movecount="5965" movebytes="278328" />
  <remembered-set-cleared processed="22072" cleared="5631" durationms="0.080" />
</gc-op>
<heap-resize id="210" type="expand" space="default" amount="1048576" count="1" timems="0.080" reason="insufficient free space following gc" timestamp="2019-08-03T02:52:27.542" />
<gc-end id="211" type="partial gc" contextid="203" durationms="7.452" usertimems="8.000" systemtimems="4.000" timestamp="2019-08-03T02:52:27.542" activeThreads="4">
  <mem-info id="212" free="7340032" total="19922944" percent="36">
    <mem type="eden" free="875872" total="1048576" percent="83" />
    <remembered-set count="12992" freebytes="743296" totalbytes="795264" percent="93" regionsoverflowed="0" regionsstable="0" regionsrebuilding="0"/>
  </mem-info>
</gc-end>
<cycle-end id="213" type="partial gc" contextid="203" timestamp="2019-08-03T02:52:27.542" />
  <attribute name="elasticGC enabled" value="1" />
  <attribute name= "numThreadsSpecified" value="4" />
  <attribute name="heapSize specified" value="0" />
  <attribute name= "numCores" value="8" />
  <attribute name ="GC Interval" value="0" />
  <attribute name ="Control flow" value="2" />
  <attribute name="GC Util Range Max" value="151" />
  <attribute name="Current GC Util" value="111" />
  <attribute name= "Current Time Running" value="4969" />
<exclusive-end id="214" timestamp="2019-08-03T02:52:27.542" durationms="8.148" />

<exclusive-start id="215" timestamp="2019-08-03T02:52:27.593" intervalms="59.298">
  <response-info timems="0.060" idlems="0.060" threads="0" lastid="0000000001E8BA00" lastname="main" />
</exclusive-start>
<allocation-taxation id="216" taxation-threshold="7340032" timestamp="2019-08-03T02:52:27.593" intervalms="59.327" />
<cycle-start id="217" type="partial gc" contextid="0" timestamp="2019-08-03T02:52:27.593" intervalms="59.405" />
<gc-start id="218" type="partial gc" contextid="217" timestamp="2019-08-03T02:52:27.594">
  <mem-info id="219" free="0" total="19922944" percent="0">
    <mem type="eden" free="0" total="7340032" percent="0" />
    <remembered-set count="12736" freebytes="744320" totalbytes="795264" percent="93" regionsoverflowed="0" regionsstable="0" regionsrebuilding="0"/>
  </mem-info>
</gc-start>
<allocation-stats totalBytes="7339104" >
  <allocated-bytes non-tlh="215296" tlh="7123808" arrayletleaf="0"/>
  <largest-consumer threadName="main" threadId="0000000001E8BA00" bytes="7339104" />
</allocation-stats>
<gc-op id="220" type="mark" timems="4.158" contextid="217" timestamp="2019-08-03T02:52:27.599">
  <trace-info objectcount="16783" scancount="15155" scanbytes="555360" />
  <cardclean-info objects="684" bytes="53080" />
  <remembered-set-cleared processed="9810" cleared="1074" durationms="0.114" />
  <references type="soft" candidates="224" cleared="0" enqueued="0" dynamicThreshold="11" maxThreshold="32" />
  <references type="weak" candidates="424" cleared="8" enqueued="7" />
  <stringconstants candidates="8310" cleared="0"  />
  <warning details="Mark invoked due to insufficient free space for Copy-Forward" />
</gc-op>
<gc-op id="221" type="classunload" timems="0.003" contextid="217" timestamp="2019-08-03T02:52:27.599">
  <classunload-info classloadercandidates="14" classloadersunloaded="0" classesunloaded="0" anonymousclassesunloaded="0" quiescems="0.000" setupms="0.003" scanms="0.000" postms="0.000" />
</gc-op>
<gc-op id="222" type="sweep" timems="0.347" contextid="217" timestamp="2019-08-03T02:52:27.599" />
<gc-op id="223" type="compact" timems="2.065" contextid="217" timestamp="2019-08-03T02:52:27.601">
  <compact-info movecount="16555" movebytes="698008" />
  <remembered-set-cleared processed="23950" cleared="6457" durationms="0.114" />
</gc-op>
<heap-resize id="224" type="expand" space="default" amount="2097152" count="1" timems="0.063" reason="insufficient free space following gc" timestamp="2019-08-03T02:52:27.602" />
<gc-end id="225" type="partial gc" contextid="217" durationms="8.019" usertimems="16.000" systemtimems="0.000" timestamp="2019-08-03T02:52:27.602" activeThreads="4">
  <mem-info id="226" free="8388608" total="22020096" percent="38">
    <mem type="eden" free="503136" total="1048576" percent="47" />
    <pending-finalizers system="0" default="0" reference="7" classloader="0" />
    <remembered-set count="14272" freebytes="821888" totalbytes="878976" percent="93" regionsoverflowed="0" regionsstable="0" regionsrebuilding="0"/>
  </mem-info>
</gc-end>
<cycle-end id="227" type="partial gc" contextid="217" timestamp="2019-08-03T02:52:27.602" />
  <attribute name="elasticGC enabled" value="1" />
  <attribute name= "numThreadsSpecified" value="4" />
  <attribute name="heapSize specified" value="0" />
  <attribute name= "numCores" value="8" />
  <attribute name ="GC Interval" value="0" />
  <attribute name ="Control flow" value="1" />
  <attribute name="GC Util Range Max" value="151" />
  <attribute name="Current GC Util" value="65" />
  <attribute name= "Current Time Running" value="5028" />
<exclusive-end id="228" timestamp="2019-08-03T02:52:27.602" durationms="8.914" />

<exclusive-start id="229" timestamp="2019-08-03T02:52:27.690" intervalms="97.140">
  <response-info timems="0.021" idlems="0.021" threads="0" lastid="0000000001E8BA00" lastname="main" />
</exclusive-start>
<sys-start reason="explicit" id="230" timestamp="2019-08-03T02:52:27.690" intervalms="6954.871" />
<cycle-start id="231" type="global garbage collect" contextid="0" timestamp="2019-08-03T02:52:27.691" intervalms="6955.086" />
<gc-start id="232" type="global garbage collect" contextid="231" timestamp="2019-08-03T02:52:27.691">
  <mem-info id="233" free="2802392" total="22020096" percent="12">
    <mem type="eden" free="705240" total="6291456" percent="11" />
    <remembered-set count="14144" freebytes="822400" totalbytes="878976" percent="93" regionsoverflowed="0" regionsstable="0" regionsrebuilding="0"/>
  </mem-info>
</gc-start>
<allocation-stats totalBytes="5583896" >
  <allocated-bytes non-tlh="432240" tlh="5151656" arrayletleaf="0"/>
  <largest-consumer threadName="main" threadId="0000000001E8BA00" bytes="5583896" />
</allocation-stats>
<gc-op id="234" type="global mark" timems="3.442" contextid="231" timestamp="2019-08-03T02:52:27.695">
  <trace-info objectcount="74600" scancount="60856" scanbytes="2102260" />
  <finalization candidates="80" enqueued="0" />
  <ownableSynchronizers candidates="21" cleared="0" />
  <references type="soft" candidates="1640" cleared="0" enqueued="0" dynamicThreshold="12" maxThreshold="32" />
  <references type="weak" candidates="4525" cleared="32" enqueued="30" />
  <references type="phantom" candidates="102" cleared="2" enqueued="2" />
  <stringconstants candidates="8680" cleared="15"  />
</gc-op>
<gc-op id="235" type="classunload" timems="0.358" contextid="231" timestamp="2019-08-03T02:52:27.695">
  <classunload-info classloadercandidates="17" classloadersunloaded="1" classesunloaded="1" anonymousclassesunloaded="0" quiescems="0.000" setupms="0.346" scanms="0.007" postms="0.004" />
</gc-op>
<gc-op id="236" type="sweep" timems="0.481" contextid="231" timestamp="2019-08-03T02:52:27.696" />
<gc-op id="237" type="compact" timems="7.617" contextid="231" timestamp="2019-08-03T02:52:27.704">
  <compact-info movecount="73278" movebytes="4196976" />
  <remembered-set-cleared processed="27324" cleared="27324" durationms="0.116" />
</gc-op>
<gc-end id="238" type="global garbage collect" contextid="231" durationms="13.189" usertimems="28.000" systemtimems="0.000" timestamp="2019-08-03T02:52:27.704" activeThreads="8">
  <mem-info id="239" free="8388608" total="22020096" percent="38">
    <pending-finalizers system="0" default="0" reference="32" classloader="0" />
    <remembered-set count="12800" freebytes="827776" totalbytes="878976" percent="94" regionsoverflowed="0" regionsstable="0" regionsrebuilding="0"/>
  </mem-info>
</gc-end>
<cycle-end id="240" type="global garbage collect" contextid="231" timestamp="2019-08-03T02:52:27.704" />
  <attribute name="elasticGC enabled" value="1" />
  <attribute name= "numThreadsSpecified" value="4" />
  <attribute name="heapSize specified" value="0" />
  <attribute name= "numCores" value="8" />
  <attribute name ="GC Interval" value="0" />
  <attribute name ="Control flow" value="2" />
  <attribute name="GC Util Range Max" value="151" />
  <attribute name="Current GC Util" value="42" />
  <attribute name= "Current Time Running" value="5125" />
<sys-end id="241" timestamp="2019-08-03T02:52:27.705" />
<exclusive-end id="242" timestamp="2019-08-03T02:52:27.705" durationms="14.514" />

<exclusive-start id="243" timestamp="2019-08-03T02:52:27.821" intervalms="130.963">
  <response-info timems="0.073" idlems="0.073" threads="0" lastid="0000000001E8BA00" lastname="main" />
</exclusive-start>
<allocation-taxation id="244" taxation-threshold="8388608" timestamp="2019-08-03T02:52:27.821" intervalms="228.121" />
<cycle-start id="245" type="partial gc" contextid="0" timestamp="2019-08-03T02:52:27.822" intervalms="228.122" />
<gc-start id="246" type="partial gc" contextid="245" timestamp="2019-08-03T02:52:27.822">
  <mem-info id="247" free="0" total="22020096" percent="0">
    <mem type="eden" free="0" total="8388608" percent="0" />
    <remembered-set count="12608" freebytes="828544" totalbytes="878976" percent="94" regionsoverflowed="0" regionsstable="0" regionsrebuilding="0"/>
  </mem-info>
</gc-start>
<allocation-stats totalBytes="8387432" >
  <allocated-bytes non-tlh="463952" tlh="7923480" arrayletleaf="0"/>
  <largest-consumer threadName="main" threadId="0000000001E8BA00" bytes="8379184" />
</allocation-stats>
<gc-op id="248" type="mark" timems="2.095" contextid="245" timestamp="2019-08-03T02:52:27.825">
  <trace-info objectcount="599" scancount="552" scanbytes="52812" />
  <cardclean-info objects="678" bytes="37948" />
  <remembered-set-cleared processed="9323" cleared="156" durationms="0.099" />
  <references type="soft" candidates="34" cleared="0" enqueued="0" dynamicThreshold="12" maxThreshold="32" />
  <references type="weak" candidates="22" cleared="11" enqueued="11" />
  <references type="phantom" candidates="5" cleared="2" enqueued="2" />
  <stringconstants candidates="8698" cleared="12"  />
  <warning details="Mark invoked due to insufficient free space for Copy-Forward" />
</gc-op>
<gc-op id="249" type="classunload" timems="0.003" contextid="245" timestamp="2019-08-03T02:52:27.825">
  <classunload-info classloadercandidates="17" classloadersunloaded="0" classesunloaded="0" anonymousclassesunloaded="0" quiescems="0.000" setupms="0.003" scanms="0.000" postms="0.000" />
</gc-op>
<gc-op id="250" type="sweep" timems="0.367" contextid="245" timestamp="2019-08-03T02:52:27.825" />
<gc-op id="251" type="compact" timems="1.947" contextid="245" timestamp="2019-08-03T02:52:27.827">
  <compact-info movecount="599" movebytes="333624" />
  <remembered-set-cleared processed="18956" cleared="590" durationms="0.099" />
</gc-op>
<heap-resize id="252" type="expand" space="default" amount="1048576" count="1" timems="0.059" reason="insufficient free space following gc" timestamp="2019-08-03T02:52:27.828" />
<gc-end id="253" type="partial gc" contextid="245" durationms="6.015" usertimems="8.000" systemtimems="0.000" timestamp="2019-08-03T02:52:27.828" activeThreads="8">
  <mem-info id="254" free="8388608" total="23068672" percent="36">
    <mem type="eden" free="714952" total="1048576" percent="68" />
    <pending-finalizers system="0" default="0" reference="13" classloader="0" />
    <remembered-set count="13728" freebytes="865920" totalbytes="920832" percent="94" regionsoverflowed="0" regionsstable="0" regionsrebuilding="0"/>
  </mem-info>
</gc-end>
<cycle-end id="255" type="partial gc" contextid="245" timestamp="2019-08-03T02:52:27.828" />
  <attribute name="elasticGC enabled" value="1" />
  <attribute name= "numThreadsSpecified" value="4" />
  <attribute name="heapSize specified" value="0" />
  <attribute name= "numCores" value="8" />
  <attribute name ="GC Interval" value="0" />
  <attribute name ="Control flow" value="3" />
  <attribute name="GC Util Range Max" value="151" />
  <attribute name="Current GC Util" value="59" />
  <attribute name= "Current Time Running" value="5255" />
<exclusive-end id="256" timestamp="2019-08-03T02:52:27.828" durationms="7.183" />

<exclusive-start id="257" timestamp="2019-08-03T02:52:27.865" intervalms="43.440">
  <response-info timems="0.081" idlems="0.081" threads="0" lastid="0000000001E8BA00" lastname="main" />
</exclusive-start>
<allocation-taxation id="258" taxation-threshold="8388608" timestamp="2019-08-03T02:52:27.865" intervalms="43.444" />
<cycle-start id="259" type="partial gc" contextid="0" timestamp="2019-08-03T02:52:27.865" intervalms="43.384" />
<gc-start id="260" type="partial gc" contextid="259" timestamp="2019-08-03T02:52:27.865">
  <mem-info id="261" free="0" total="23068672" percent="0">
    <mem type="eden" free="0" total="8388608" percent="0" />
    <remembered-set count="13344" freebytes="867456" totalbytes="920832" percent="94" regionsoverflowed="0" regionsstable="0" regionsrebuilding="0"/>
  </mem-info>
</gc-start>
<allocation-stats totalBytes="8388088" >
  <allocated-bytes non-tlh="0" tlh="8388088" arrayletleaf="0"/>
  <largest-consumer threadName="main" threadId="0000000001E8BA00" bytes="8383992" />
</allocation-stats>
<gc-op id="262" type="mark" timems="1.148" contextid="259" timestamp="2019-08-03T02:52:27.867">
  <trace-info objectcount="568" scancount="525" scanbytes="52068" />
  <cardclean-info objects="222" bytes="22908" />
  <remembered-set-cleared processed="9504" cleared="245" durationms="0.118" />
  <references type="soft" candidates="34" cleared="0" enqueued="0" dynamicThreshold="11" maxThreshold="32" />
  <references type="weak" candidates="10" cleared="0" enqueued="0" />
  <references type="phantom" candidates="3" cleared="0" enqueued="0" />
  <stringconstants candidates="8686" cleared="0"  />
  <warning details="Mark invoked due to insufficient free space for Copy-Forward" />
</gc-op>
<gc-op id="263" type="classunload" timems="0.003" contextid="259" timestamp="2019-08-03T02:52:27.867">
  <classunload-info classloadercandidates="17" classloadersunloaded="0" classesunloaded="0" anonymousclassesunloaded="0" quiescems="0.000" setupms="0.002" scanms="0.000" postms="0.000" />
</gc-op>
<gc-op id="264" type="sweep" timems="0.271" contextid="259" timestamp="2019-08-03T02:52:27.867" />
<gc-op id="265" type="compact" timems="1.889" contextid="259" timestamp="2019-08-03T02:52:27.869">
  <compact-info movecount="567" movebytes="332632" />
  <remembered-set-cleared processed="19155" cleared="621" durationms="0.118" />
</gc-op>
<heap-resize id="266" type="expand" space="default" amount="1048576" count="1" timems="0.053" reason="insufficient free space following gc" timestamp="2019-08-03T02:52:27.870" />
<gc-end id="267" type="partial gc" contextid="259" durationms="4.726" usertimems="4.000" systemtimems="0.000" timestamp="2019-08-03T02:52:27.870" activeThreads="8">
  <mem-info id="268" free="8388608" total="24117248" percent="34">
    <mem type="eden" free="1015616" total="1048576" percent="96" />
    <remembered-set count="13536" freebytes="908544" totalbytes="962688" percent="94" regionsoverflowed="0" regionsstable="0" regionsrebuilding="0"/>
  </mem-info>
</gc-end>
<cycle-end id="269" type="partial gc" contextid="259" timestamp="2019-08-03T02:52:27.870" />
  <attribute name="elasticGC enabled" value="1" />
  <attribute name= "numThreadsSpecified" value="4" />
  <attribute name="heapSize specified" value="0" />
  <attribute name= "numCores" value="8" />
  <attribute name ="GC Interval" value="0" />
  <attribute name ="Control flow" value="3" />
  <attribute name="GC Util Range Max" value="151" />
  <attribute name="Current GC Util" value="23" />
  <attribute name= "Current Time Running" value="5297" />
<exclusive-end id="270" timestamp="2019-08-03T02:52:27.870" durationms="5.553" />

<exclusive-start id="271" timestamp="2019-08-03T02:52:27.906" intervalms="41.618">
  <response-info timems="0.082" idlems="0.082" threads="0" lastid="0000000001E8BA00" lastname="main" />
</exclusive-start>
<allocation-taxation id="272" taxation-threshold="8388608" timestamp="2019-08-03T02:52:27.906" intervalms="41.607" />
<cycle-start id="273" type="partial gc" contextid="0" timestamp="2019-08-03T02:52:27.907" intervalms="41.703" />
<gc-start id="274" type="partial gc" contextid="273" timestamp="2019-08-03T02:52:27.907">
  <mem-info id="275" free="0" total="24117248" percent="0">
    <mem type="eden" free="1015616" total="9437184" percent="10" />
    <remembered-set count="13536" freebytes="908544" totalbytes="962688" percent="94" regionsoverflowed="0" regionsstable="0" regionsrebuilding="0"/>
  </mem-info>
</gc-start>
<allocation-stats totalBytes="8358808" >
  <allocated-bytes non-tlh="0" tlh="8358808" arrayletleaf="0"/>
  <largest-consumer threadName="main" threadId="0000000001E8BA00" bytes="8358808" />
</allocation-stats>
<gc-op id="276" type="mark" timems="1.513" contextid="273" timestamp="2019-08-03T02:52:27.909">
  <trace-info objectcount="14" scancount="14" scanbytes="33056" />
  <cardclean-info objects="12" bytes="512" />
  <remembered-set-cleared processed="9602" cleared="10" durationms="0.108" />
  <stringconstants candidates="8686" cleared="0"  />
  <warning details="Mark invoked due to insufficient free space for Copy-Forward" />
</gc-op>
<gc-op id="277" type="classunload" timems="0.002" contextid="273" timestamp="2019-08-03T02:52:27.909">
  <classunload-info classloadercandidates="17" classloadersunloaded="0" classesunloaded="0" anonymousclassesunloaded="0" quiescems="0.000" setupms="0.002" scanms="0.000" postms="0.000" />
</gc-op>
<gc-op id="278" type="sweep" timems="0.412" contextid="273" timestamp="2019-08-03T02:52:27.910" />
<gc-op id="279" type="compact" timems="1.489" contextid="273" timestamp="2019-08-03T02:52:27.911">
  <compact-info movecount="14" movebytes="33072" />
  <remembered-set-cleared processed="19206" cleared="22" durationms="0.108" />
</gc-op>
<heap-resize id="280" type="expand" space="default" amount="2097152" count="1" timems="0.058" reason="insufficient free space following gc" timestamp="2019-08-03T02:52:27.912" />
<gc-end id="281" type="partial gc" contextid="273" durationms="5.004" usertimems="8.000" systemtimems="0.000" timestamp="2019-08-03T02:52:27.912" activeThreads="8">
  <mem-info id="282" free="10485760" total="26214400" percent="40">
    <mem type="eden" free="1015504" total="1048576" percent="96" />
    <remembered-set count="12800" freebytes="995200" totalbytes="1046400" percent="95" regionsoverflowed="0" regionsstable="0" regionsrebuilding="0"/>
  </mem-info>
</gc-end>
<cycle-end id="283" type="partial gc" contextid="273" timestamp="2019-08-03T02:52:27.912" />
  <attribute name="elasticGC enabled" value="1" />
  <attribute name= "numThreadsSpecified" value="3" />
  <attribute name="heapSize specified" value="0" />
  <attribute name= "numCores" value="8" />
  <attribute name ="GC Interval" value="0" />
  <attribute name ="Control flow" value="3" />
  <attribute name="GC Util Range Max" value="151" />
  <attribute name="Current GC Util" value="20" />
  <attribute name= "Current Time Running" value="5339" />
<exclusive-end id="284" timestamp="2019-08-03T02:52:27.912" durationms="6.081" />

<exclusive-start id="285" timestamp="2019-08-03T02:52:27.982" intervalms="75.302">
  <response-info timems="0.045" idlems="0.045" threads="0" lastid="0000000001E8BA00" lastname="main" />
</exclusive-start>
<allocation-taxation id="286" taxation-threshold="10485760" timestamp="2019-08-03T02:52:27.982" intervalms="75.224" />
<cycle-start id="287" type="partial gc" contextid="0" timestamp="2019-08-03T02:52:27.982" intervalms="75.099" />
<gc-start id="288" type="partial gc" contextid="287" timestamp="2019-08-03T02:52:27.982">
  <mem-info id="289" free="0" total="26214400" percent="0">
    <mem type="eden" free="1015504" total="11534336" percent="8" />
    <remembered-set count="12800" freebytes="995200" totalbytes="1046400" percent="95" regionsoverflowed="0" regionsstable="0" regionsrebuilding="0"/>
  </mem-info>
</gc-start>
<allocation-stats totalBytes="10477152" >
  <allocated-bytes non-tlh="68048" tlh="10409104" arrayletleaf="0"/>
  <largest-consumer threadName="main" threadId="0000000001E8BA00" bytes="10477152" />
</allocation-stats>
<gc-op id="290" type="mark" timems="2.093" contextid="287" timestamp="2019-08-03T02:52:27.984">
  <trace-info objectcount="2183" scancount="1602" scanbytes="78568" />
  <cardclean-info objects="338" bytes="17316" />
  <remembered-set-cleared processed="9668" cleared="165" durationms="0.099" />
  <references type="soft" candidates="3" cleared="0" enqueued="0" dynamicThreshold="12" maxThreshold="32" />
  <references type="weak" candidates="27" cleared="17" enqueued="17" />
  <references type="phantom" candidates="4" cleared="2" enqueued="2" />
  <stringconstants candidates="9087" cleared="0"  />
  <warning details="Mark invoked due to insufficient free space for Copy-Forward" />
</gc-op>
<gc-op id="291" type="classunload" timems="0.004" contextid="287" timestamp="2019-08-03T02:52:27.985">
  <classunload-info classloadercandidates="17" classloadersunloaded="0" classesunloaded="0" anonymousclassesunloaded="0" quiescems="0.000" setupms="0.003" scanms="0.000" postms="0.000" />
</gc-op>
<gc-op id="292" type="sweep" timems="0.270" contextid="287" timestamp="2019-08-03T02:52:27.985" />
<gc-op id="293" type="compact" timems="2.110" contextid="287" timestamp="2019-08-03T02:52:27.987">
  <compact-info movecount="2183" movebytes="113384" />
  <remembered-set-cleared processed="19464" cleared="424" durationms="0.222" />
</gc-op>
<gc-end id="294" type="partial gc" contextid="287" durationms="5.712" usertimems="8.000" systemtimems="0.000" timestamp="2019-08-03T02:52:27.988" activeThreads="8">
  <mem-info id="295" free="10485760" total="26214400" percent="40">
    <mem type="eden" free="935192" total="1048576" percent="89" />
    <pending-finalizers system="0" default="0" reference="19" classloader="0" />
    <remembered-set count="13376" freebytes="992896" totalbytes="1046400" percent="94" regionsoverflowed="0" regionsstable="0" regionsrebuilding="0"/>
  </mem-info>
</gc-end>
<cycle-end id="296" type="partial gc" contextid="287" timestamp="2019-08-03T02:52:27.988" />
  <attribute name="elasticGC enabled" value="1" />
  <attribute name= "numThreadsSpecified" value="3" />
  <attribute name="heapSize specified" value="0" />
  <attribute name= "numCores" value="8" />
  <attribute name ="GC Interval" value="0" />
  <attribute name ="Control flow" value="3" />
  <attribute name="GC Util Range Max" value="151" />
  <attribute name="Current GC Util" value="15" />
  <attribute name= "Current Time Running" value="5414" />
<exclusive-end id="297" timestamp="2019-08-03T02:52:27.988" durationms="6.657" />

</verbosegc>

