<?xml version="1.0" ?>

<verbosegc xmlns="http://www.ibm.com/j9/verbosegc" version="6fe7bac_CMPRSS">

<initialized id="1" timestamp="2019-08-03T02:52:36.374">
  <attribute name="gcPolicy" value="-Xgcpolicy:balanced" />
  <attribute name="elasticGC enabled" value="1" />
  <attribute name= "numThreadsSpecified" value="0" />
  <attribute name="heapSize specified" value="0" />
  <attribute name= "numCores" value="0" />
  <attribute name ="GC Interval" value="0" />
  <attribute name="GC Util Range Max" value="0" />
  <attribute name="Current GC Util" value="0" />
  <attribute name= "Current Time Running" value="0" />
  <attribute name="maxHeapSize" value="0x7cb00000" />
  <attribute name="initialHeapSize" value="0x800000" />
  <attribute name="compressedRefs" value="true" />
  <attribute name="compressedRefsDisplacement" value="0x0" />
  <attribute name="compressedRefsShift" value="0x0" />
  <attribute name="pageSize" value="0x1000" />
  <attribute name="pageType" value="not used" />
  <attribute name="requestedPageSize" value="0x1000" />
  <attribute name="requestedPageType" value="not used" />
  <attribute name="gcthreads" value="8" />
  <attribute name="packetListSplit" value="8" />
  <attribute name="cacheListSplit" value="8" />
  <attribute name="splitFreeListSplitAmount" value="1" />
  <attribute name="numaNodes" value="0" />
  <region>
    <attribute name="regionSize" value="1048576" />
    <attribute name="regionCount" value="1995" />
    <attribute name="arrayletLeafSize" value="1048576" />
  </region>
  <system>
    <attribute name="physicalMemory" value="8370401280" />
    <attribute name="numCPUs" value="8" />
    <attribute name="architecture" value="amd64" />
    <attribute name="os" value="Linux" />
    <attribute name="osVersion" value="4.4.0-154-generic" />
  </system>
  <vmargs>
    <vmarg name="-Xoptionsfile=/vagrant/jdk/lib/options.default" />
    <vmarg name="-Xlockword:mode=default,noLockword=java/lang/String,noLockword=java/util/MapEntry,noLockword=java/util/HashMap$Entry,noLockword..." />
    <vmarg name="-Xjcl:jclse29" />
    <vmarg name="-Dcom.ibm.oti.vm.bootstrap.library.path=/vagrant/jdk/lib/compressedrefs:/vagrant/jdk/lib" />
    <vmarg name="-Dsun.boot.library.path=/vagrant/jdk/lib/compressedrefs:/vagrant/jdk/lib" />
    <vmarg name="-Djava.library.path=/vagrant/jdk/lib/compressedrefs:/vagrant/jdk/lib:/usr/lib64:/usr/lib" />
    <vmarg name="-Djava.home=/vagrant/jdk" />
    <vmarg name="-Duser.dir=/vagrant" />
    <vmarg name="-Xgcpolicy:balanced" />
    <vmarg name="-Xgcelastic" />
    <vmarg name="-Xcheck:gc:::elasticGC" />
    <vmarg name="-verbose:gc" />
    <vmarg name="-Xloggc:jdkR-small-BAL-8core-verbose12jython.txt" />
    <vmarg name="-Djava.class.path=dacapo-9.12-MR1-bach.jar" />
    <vmarg name="-Dsun.java.command=dacapo-9.12-MR1-bach.jar jython --size=small" />
    <vmarg name="-Dsun.java.launcher=SUN_STANDARD" />
    <vmarg name="-Dsun.java.launcher.pid=24395" />
  </vmargs>
</initialized>

<exclusive-start id="2" timestamp="2019-08-03T02:52:38.245" intervalms="1870.714">
  <response-info timems="0.026" idlems="0.026" threads="0" lastid="0000000002184A00" lastname="main" />
</exclusive-start>
<allocation-taxation id="3" taxation-threshold="8388608" timestamp="2019-08-03T02:52:38.245" intervalms="1871.006" />
<cycle-start id="4" type="partial gc" contextid="0" timestamp="2019-08-03T02:52:38.245" intervalms="1871.243" />
<gc-start id="5" type="partial gc" contextid="4" timestamp="2019-08-03T02:52:38.246">
  <mem-info id="6" free="0" total="8388608" percent="0">
    <mem type="eden" free="0" total="8388608" percent="0" />
    <remembered-set count="0" freebytes="334848" totalbytes="334848" percent="100" regionsoverflowed="0" regionsstable="0" regionsrebuilding="0"/>
  </mem-info>
</gc-start>
<allocation-stats totalBytes="8327944" >
  <allocated-bytes non-tlh="357600" tlh="7970344" arrayletleaf="0"/>
  <largest-consumer threadName="main" threadId="0000000002184A00" bytes="8234032" />
</allocation-stats>
<gc-op id="7" type="mark" timems="3.479" contextid="4" timestamp="2019-08-03T02:52:38.250">
  <trace-info objectcount="17744" scancount="14048" scanbytes="461824" />
  <remembered-set-cleared processed="0" cleared="0" durationms="0.238" />
  <finalization candidates="14" enqueued="1" />
  <references type="soft" candidates="63" cleared="0" enqueued="0" dynamicThreshold="32" maxThreshold="32" />
  <references type="weak" candidates="544" cleared="401" enqueued="362" />
  <references type="phantom" candidates="105" cleared="44" enqueued="44" />
  <stringconstants candidates="2406" cleared="0"  />
  <warning details="Mark for calibration purposes" />
</gc-op>
<gc-op id="8" type="classunload" timems="0.036" contextid="4" timestamp="2019-08-03T02:52:38.251">
  <classunload-info classloadercandidates="5" classloadersunloaded="0" classesunloaded="0" anonymousclassesunloaded="0" quiescems="0.000" setupms="0.035" scanms="0.000" postms="0.000" />
</gc-op>
<gc-op id="9" type="sweep" timems="0.616" contextid="4" timestamp="2019-08-03T02:52:38.251" />
<gc-op id="10" type="compact" timems="4.063" contextid="4" timestamp="2019-08-03T02:52:38.256">
  <compact-info movecount="17744" movebytes="967496" />
  <remembered-set-cleared processed="0" cleared="0" durationms="0.238" />
</gc-op>
<gc-end id="11" type="partial gc" contextid="4" durationms="10.613" usertimems="8.000" systemtimems="4.000" timestamp="2019-08-03T02:52:38.256" activeThreads="8">
  <mem-info id="12" free="7340032" total="8388608" percent="87">
    <mem type="eden" free="81080" total="1048576" percent="7" />
    <pending-finalizers system="1" default="0" reference="406" classloader="0" />
    <remembered-set count="0" freebytes="334848" totalbytes="334848" percent="100" regionsoverflowed="0" regionsstable="0" regionsrebuilding="0"/>
  </mem-info>
</gc-end>
<cycle-end id="13" type="partial gc" contextid="4" timestamp="2019-08-03T02:52:38.256" />
  <attribute name="elasticGC enabled" value="1" />
  <attribute name= "numThreadsSpecified" value="0" />
  <attribute name="heapSize specified" value="0" />
  <attribute name= "numCores" value="8" />
  <attribute name ="GC Interval" value="0" />
  <attribute name ="Control flow" value="1" />
  <attribute name="GC Util Range Max" value="156" />
  <attribute name="Current GC Util" value="78" />
  <attribute name= "Current Time Running" value="5" />
<exclusive-end id="14" timestamp="2019-08-03T02:52:38.257" durationms="11.666" />

<exclusive-start id="15" timestamp="2019-08-03T02:52:38.919" intervalms="674.597">
  <response-info timems="0.030" idlems="0.030" threads="0" lastid="0000000002184A00" lastname="main" />
</exclusive-start>
<allocation-taxation id="16" taxation-threshold="7340032" timestamp="2019-08-03T02:52:38.920" intervalms="674.482" />
<cycle-start id="17" type="partial gc" contextid="0" timestamp="2019-08-03T02:52:38.920" intervalms="674.377" />
<gc-start id="18" type="partial gc" contextid="17" timestamp="2019-08-03T02:52:38.920">
  <mem-info id="19" free="0" total="8388608" percent="0">
    <mem type="eden" free="81080" total="8388608" percent="0" />
    <remembered-set count="0" freebytes="334848" totalbytes="334848" percent="100" regionsoverflowed="0" regionsstable="0" regionsrebuilding="0"/>
  </mem-info>
</gc-start>
<allocation-stats totalBytes="7329160" >
  <allocated-bytes non-tlh="569856" tlh="6759304" arrayletleaf="0"/>
  <largest-consumer threadName="main" threadId="0000000002184A00" bytes="7320880" />
</allocation-stats>
<gc-op id="20" type="mark" timems="2.516" contextid="17" timestamp="2019-08-03T02:52:38.923">
  <trace-info objectcount="19052" scancount="15088" scanbytes="512200" />
  <remembered-set-cleared processed="0" cleared="0" durationms="0.078" />
  <finalization candidates="22" enqueued="0" />
  <ownableSynchronizers candidates="16" cleared="0" />
  <references type="soft" candidates="67" cleared="0" enqueued="0" dynamicThreshold="28" maxThreshold="32" />
  <references type="weak" candidates="682" cleared="364" enqueued="256" />
  <references type="phantom" candidates="88" cleared="2" enqueued="2" />
  <stringconstants candidates="2592" cleared="0"  />
  <warning details="Mark invoked due to insufficient free space for Copy-Forward" />
</gc-op>
<gc-op id="21" type="classunload" timems="0.001" contextid="17" timestamp="2019-08-03T02:52:38.923">
  <classunload-info classloadercandidates="6" classloadersunloaded="0" classesunloaded="0" anonymousclassesunloaded="0" quiescems="0.000" setupms="0.001" scanms="0.000" postms="0.000" />
</gc-op>
<gc-op id="22" type="sweep" timems="0.373" contextid="17" timestamp="2019-08-03T02:52:38.923" />
<gc-op id="23" type="compact" timems="3.497" contextid="17" timestamp="2019-08-03T02:52:38.927">
  <compact-info movecount="19052" movebytes="1508808" />
  <remembered-set-cleared processed="0" cleared="0" durationms="0.078" />
</gc-op>
<gc-end id="24" type="partial gc" contextid="17" durationms="7.494" usertimems="12.000" systemtimems="0.000" timestamp="2019-08-03T02:52:38.928" activeThreads="8">
  <mem-info id="25" free="6291456" total="8388608" percent="75">
    <mem type="eden" free="588344" total="2097152" percent="28" />
    <pending-finalizers system="0" default="0" reference="258" classloader="0" />
    <remembered-set count="1536" freebytes="328704" totalbytes="334848" percent="98" regionsoverflowed="0" regionsstable="0" regionsrebuilding="0"/>
  </mem-info>
</gc-end>
<cycle-end id="26" type="partial gc" contextid="17" timestamp="2019-08-03T02:52:38.928" />
  <attribute name="elasticGC enabled" value="1" />
  <attribute name= "numThreadsSpecified" value="1" />
  <attribute name="heapSize specified" value="0" />
  <attribute name= "numCores" value="8" />
  <attribute name ="GC Interval" value="0" />
  <attribute name ="Control flow" value="3" />
  <attribute name="GC Util Range Max" value="156" />
  <attribute name="Current GC Util" value="38" />
  <attribute name= "Current Time Running" value="677" />
<exclusive-end id="27" timestamp="2019-08-03T02:52:38.928" durationms="8.480" />

<exclusive-start id="28" timestamp="2019-08-03T02:52:39.059" intervalms="139.518">
  <response-info timems="0.032" idlems="0.032" threads="0" lastid="0000000002184A00" lastname="main" />
</exclusive-start>
<allocation-taxation id="29" taxation-threshold="3145728" timestamp="2019-08-03T02:52:39.059" intervalms="139.481" />
<cycle-start id="30" type="global mark phase" contextid="0" timestamp="2019-08-03T02:52:39.059" intervalms="2685.225" />
<gc-start id="31" type="global mark phase" contextid="30" timestamp="2019-08-03T02:52:39.059">
  <mem-info id="32" free="3145728" total="8388608" percent="37">
    <remembered-set count="1536" freebytes="328704" totalbytes="334848" percent="98" regionsoverflowed="0" regionsstable="0" regionsrebuilding="0"/>
  </mem-info>
</gc-start>
<gc-op id="33" type="mark increment" timems="0.833" contextid="30" timestamp="2019-08-03T02:52:39.060">
  <trace-info objectcount="139" scancount="0" scanbytes="0" />
</gc-op>
<gc-end id="34" type="global mark phase" contextid="30" durationms="0.922" usertimems="4.000" systemtimems="0.000" timestamp="2019-08-03T02:52:39.060" activeThreads="1">
  <mem-info id="35" free="3145728" total="8388608" percent="37">
    <remembered-set count="1536" freebytes="328704" totalbytes="334848" percent="98" regionsoverflowed="0" regionsstable="0" regionsrebuilding="0"/>
  </mem-info>
</gc-end>
<concurrent-start id="36" type="GMP work packet processing" contextid="30" timestamp="2019-08-03T02:52:39.060">
  <concurrent-mark-start scanTarget="18446744073709551615" />
</concurrent-start>
<exclusive-end id="37" timestamp="2019-08-03T02:52:39.060" durationms="1.489" />

<concurrent-end id="38" type="GMP work packet processing" contextid="30" timestamp="2019-08-03T02:52:39.063">
  <concurrent-mark-end bytesScanned="783052" reasonForTermination="Completed all work in GC phase" />
</concurrent-end>

<exclusive-start id="39" timestamp="2019-08-03T02:52:39.152" intervalms="92.777">
  <response-info timems="0.032" idlems="0.032" threads="0" lastid="0000000002184A00" lastname="main" />
</exclusive-start>
<allocation-taxation id="40" taxation-threshold="3145728" timestamp="2019-08-03T02:52:39.152" intervalms="92.730" />
<cycle-start id="41" type="partial gc" contextid="0" timestamp="2019-08-03T02:52:39.152" intervalms="232.168" />
<gc-start id="42" type="partial gc" contextid="41" timestamp="2019-08-03T02:52:39.152">
  <mem-info id="43" free="0" total="8388608" percent="0">
    <mem type="eden" free="0" total="6291456" percent="0" />
    <remembered-set count="1536" freebytes="328704" totalbytes="334848" percent="98" regionsoverflowed="0" regionsstable="0" regionsrebuilding="0"/>
  </mem-info>
</gc-start>
<allocation-stats totalBytes="6286296" >
  <allocated-bytes non-tlh="317712" tlh="5968584" arrayletleaf="0"/>
  <largest-consumer threadName="main" threadId="0000000002184A00" bytes="3143712" />
</allocation-stats>
<gc-op id="44" type="mark" timems="2.270" contextid="41" timestamp="2019-08-03T02:52:39.155">
  <trace-info objectcount="20281" scancount="16260" scanbytes="547416" />
  <cardclean-info objects="729" bytes="32768" />
  <remembered-set-cleared processed="206" cleared="206" durationms="0.054" />
  <finalization candidates="50" enqueued="1" />
  <ownableSynchronizers candidates="17" cleared="0" />
  <references type="soft" candidates="358" cleared="0" enqueued="0" dynamicThreshold="12" maxThreshold="32" />
  <references type="weak" candidates="1254" cleared="157" enqueued="143" />
  <references type="phantom" candidates="41" cleared="4" enqueued="4" />
  <stringconstants candidates="4540" cleared="0"  />
  <warning details="Mark invoked due to insufficient free space for Copy-Forward" />
</gc-op>
<gc-op id="45" type="classunload" timems="0.002" contextid="41" timestamp="2019-08-03T02:52:39.155">
  <classunload-info classloadercandidates="10" classloadersunloaded="0" classesunloaded="0" anonymousclassesunloaded="0" quiescems="0.000" setupms="0.002" scanms="0.000" postms="0.000" />
</gc-op>
<gc-op id="46" type="sweep" timems="0.344" contextid="41" timestamp="2019-08-03T02:52:39.155" />
<gc-op id="47" type="compact" timems="2.809" contextid="41" timestamp="2019-08-03T02:52:39.158">
  <compact-info movecount="20271" movebytes="1379560" />
  <remembered-set-cleared processed="3263" cleared="3263" durationms="0.066" />
</gc-op>
<heap-resize id="48" type="contract" space="default" amount="1048576" count="1" timems="0.161" reason="insufficient time being spent in gc" timestamp="2019-08-03T02:52:39.159" />
<gc-end id="49" type="partial gc" contextid="41" durationms="6.948" usertimems="12.000" systemtimems="0.000" timestamp="2019-08-03T02:52:39.159" activeThreads="8">
  <mem-info id="50" free="4194304" total="7340032" percent="57">
    <mem type="eden" free="373040" total="1048576" percent="35" />
    <pending-finalizers system="1" default="0" reference="147" classloader="0" />
    <remembered-set count="3072" freebytes="322560" totalbytes="334848" percent="96" regionsoverflowed="0" regionsstable="0" regionsrebuilding="0"/>
  </mem-info>
</gc-end>
<cycle-end id="51" type="partial gc" contextid="41" timestamp="2019-08-03T02:52:39.159" />
  <attribute name="elasticGC enabled" value="1" />
  <attribute name= "numThreadsSpecified" value="2" />
  <attribute name="heapSize specified" value="0" />
  <attribute name= "numCores" value="8" />
  <attribute name ="GC Interval" value="0" />
  <attribute name ="Control flow" value="1" />
  <attribute name="GC Util Range Max" value="156" />
  <attribute name="Current GC Util" value="14" />
  <attribute name= "Current Time Running" value="909" />
<exclusive-end id="52" timestamp="2019-08-03T02:52:39.160" durationms="7.746" />

<exclusive-start id="53" timestamp="2019-08-03T02:52:42.483" intervalms="3330.899">
  <response-info timems="0.063" idlems="0.063" threads="0" lastid="0000000002184A00" lastname="main" />
</exclusive-start>
<allocation-taxation id="54" taxation-threshold="2097152" timestamp="2019-08-03T02:52:42.483" intervalms="3330.911" />
<gc-start id="55" type="global mark phase" contextid="30" timestamp="2019-08-03T02:52:42.483">
  <mem-info id="56" free="2097152" total="7340032" percent="28">
    <remembered-set count="3072" freebytes="322560" totalbytes="334848" percent="96" regionsoverflowed="0" regionsstable="0" regionsrebuilding="0"/>
  </mem-info>
</gc-start>
<gc-op id="57" type="mark increment" timems="6.510" contextid="30" timestamp="2019-08-03T02:52:42.490">
  <trace-info objectcount="22555" scancount="18245" scanbytes="621520" />
  <cardclean-info objects="837" bytes="36608" />
  <finalization candidates="62" enqueued="0" />
  <ownableSynchronizers candidates="17" cleared="0" />
  <references type="soft" candidates="584" cleared="0" enqueued="0" dynamicThreshold="18" maxThreshold="32" />
  <references type="weak" candidates="1415" cleared="6" enqueued="6" />
  <references type="phantom" candidates="96" cleared="2" enqueued="2" />
  <stringconstants candidates="4893" cleared="0"  />
</gc-op>
<gc-op id="58" type="classunload" timems="0.003" contextid="30" timestamp="2019-08-03T02:52:42.490">
  <classunload-info classloadercandidates="10" classloadersunloaded="0" classesunloaded="0" anonymousclassesunloaded="0" quiescems="0.000" setupms="0.003" scanms="0.000" postms="0.000" />
</gc-op>
<gc-end id="59" type="global mark phase" contextid="30" durationms="7.015" usertimems="12.000" systemtimems="0.000" timestamp="2019-08-03T02:52:42.490" activeThreads="8">
  <mem-info id="60" free="2097152" total="7340032" percent="28">
    <pending-finalizers system="0" default="0" reference="8" classloader="0" />
    <remembered-set count="3072" freebytes="322560" totalbytes="334848" percent="96" regionsoverflowed="0" regionsstable="0" regionsrebuilding="0"/>
  </mem-info>
</gc-end>
<cycle-end id="61" type="global mark phase" contextid="30" timestamp="2019-08-03T02:52:42.490" />
  <attribute name="elasticGC enabled" value="1" />
  <attribute name= "numThreadsSpecified" value="3" />
  <attribute name="heapSize specified" value="0" />
  <attribute name= "numCores" value="8" />
  <attribute name ="GC Interval" value="0" />
  <attribute name ="Control flow" value="1" />
  <attribute name="GC Util Range Max" value="156" />
  <attribute name="Current GC Util" value="31" />
  <attribute name= "Current Time Running" value="4239" />
<exclusive-end id="62" timestamp="2019-08-03T02:52:42.490" durationms="7.449" />

<exclusive-start id="63" timestamp="2019-08-03T02:52:42.551" intervalms="68.743">
  <response-info timems="0.032" idlems="0.032" threads="0" lastid="0000000002184A00" lastname="main" />
</exclusive-start>
<allocation-taxation id="64" taxation-threshold="2097152" timestamp="2019-08-03T02:52:42.552" intervalms="68.737" />
<cycle-start id="65" type="partial gc" contextid="0" timestamp="2019-08-03T02:52:42.552" intervalms="3399.647" />
<gc-start id="66" type="partial gc" contextid="65" timestamp="2019-08-03T02:52:42.552">
  <mem-info id="67" free="0" total="7340032" percent="0">
    <mem type="eden" free="373040" total="5242880" percent="7" />
    <remembered-set count="3072" freebytes="322560" totalbytes="334848" percent="96" regionsoverflowed="0" regionsstable="0" regionsrebuilding="0"/>
  </mem-info>
</gc-start>
<allocation-stats totalBytes="4189216" >
  <allocated-bytes non-tlh="79216" tlh="4110000" arrayletleaf="0"/>
  <largest-consumer threadName="main" threadId="0000000002184A00" bytes="2095464" />
</allocation-stats>
<gc-op id="68" type="sweep" timems="1.451" contextid="65" timestamp="2019-08-03T02:52:42.553" />
<gc-op id="69" type="mark" timems="5.335" contextid="65" timestamp="2019-08-03T02:52:42.560">
  <trace-info objectcount="22619" scancount="18119" scanbytes="605632" />
  <cardclean-info objects="1008" bytes="56924" />
  <remembered-set-cleared processed="0" cleared="0" durationms="0.080" />
  <finalization candidates="43" enqueued="0" />
  <ownableSynchronizers candidates="1" cleared="0" />
  <references type="soft" candidates="562" cleared="0" enqueued="0" dynamicThreshold="9" maxThreshold="32" />
  <references type="weak" candidates="1224" cleared="24" enqueued="24" />
  <references type="phantom" candidates="10" cleared="1" enqueued="1" />
  <stringconstants candidates="5084" cleared="0"  />
  <warning details="Mark invoked due to insufficient free space for Copy-Forward" />
</gc-op>
<gc-op id="70" type="classunload" timems="0.003" contextid="65" timestamp="2019-08-03T02:52:42.560">
  <classunload-info classloadercandidates="10" classloadersunloaded="0" classesunloaded="0" anonymousclassesunloaded="0" quiescems="0.000" setupms="0.002" scanms="0.000" postms="0.000" />
</gc-op>
<gc-op id="71" type="sweep" timems="1.301" contextid="65" timestamp="2019-08-03T02:52:42.561" />
<gc-op id="72" type="compact" timems="6.848" contextid="65" timestamp="2019-08-03T02:52:42.569">
  <compact-info movecount="22592" movebytes="884400" />
  <remembered-set-cleared processed="5513" cleared="5385" durationms="0.080" />
</gc-op>
<heap-resize id="73" type="expand" space="default" amount="1048576" count="1" timems="0.053" reason="insufficient free space following gc" timestamp="2019-08-03T02:52:42.569" />
<gc-end id="74" type="partial gc" contextid="65" durationms="17.245" usertimems="20.000" systemtimems="4.000" timestamp="2019-08-03T02:52:42.569" activeThreads="8">
  <mem-info id="75" free="4194304" total="8388608" percent="50">
    <mem type="eden" free="1211096" total="2097152" percent="57" />
    <pending-finalizers system="0" default="0" reference="25" classloader="0" />
    <remembered-set count="3744" freebytes="319872" totalbytes="334848" percent="95" regionsoverflowed="0" regionsstable="0" regionsrebuilding="0"/>
  </mem-info>
</gc-end>
<cycle-end id="76" type="partial gc" contextid="65" timestamp="2019-08-03T02:52:42.569" />
  <attribute name="elasticGC enabled" value="1" />
  <attribute name= "numThreadsSpecified" value="2" />
  <attribute name="heapSize specified" value="0" />
  <attribute name= "numCores" value="8" />
  <attribute name ="GC Interval" value="0" />
  <attribute name ="Control flow" value="2" />
  <attribute name="GC Util Range Max" value="156" />
  <attribute name="Current GC Util" value="38" />
  <attribute name= "Current Time Running" value="4315" />
<exclusive-end id="77" timestamp="2019-08-03T02:52:42.569" durationms="17.937" />

<exclusive-start id="78" timestamp="2019-08-03T02:52:42.648" intervalms="96.234">
  <response-info timems="0.031" idlems="0.031" threads="0" lastid="0000000002184A00" lastname="main" />
</exclusive-start>
<allocation-taxation id="79" taxation-threshold="2097152" timestamp="2019-08-03T02:52:42.648" intervalms="96.236" />
<cycle-start id="80" type="global mark phase" contextid="0" timestamp="2019-08-03T02:52:42.648" intervalms="3588.450" />
<gc-start id="81" type="global mark phase" contextid="80" timestamp="2019-08-03T02:52:42.648">
  <mem-info id="82" free="2097152" total="8388608" percent="25">
    <remembered-set count="3584" freebytes="320512" totalbytes="334848" percent="95" regionsoverflowed="0" regionsstable="0" regionsrebuilding="0"/>
  </mem-info>
</gc-start>
<gc-op id="83" type="mark increment" timems="1.706" contextid="80" timestamp="2019-08-03T02:52:42.650">
  <trace-info objectcount="128" scancount="0" scanbytes="0" />
</gc-op>
<gc-end id="84" type="global mark phase" contextid="80" durationms="1.846" usertimems="0.000" systemtimems="0.000" timestamp="2019-08-03T02:52:42.650" activeThreads="2">
  <mem-info id="85" free="2097152" total="8388608" percent="25">
    <remembered-set count="3584" freebytes="320512" totalbytes="334848" percent="95" regionsoverflowed="0" regionsstable="0" regionsrebuilding="0"/>
  </mem-info>
</gc-end>
<concurrent-start id="86" type="GMP work packet processing" contextid="80" timestamp="2019-08-03T02:52:42.650">
  <concurrent-mark-start scanTarget="18446744073709551615" />
</concurrent-start>
<exclusive-end id="87" timestamp="2019-08-03T02:52:42.650" durationms="2.250" />

<concurrent-end id="88" type="GMP work packet processing" contextid="80" timestamp="2019-08-03T02:52:42.652">
  <concurrent-mark-end bytesScanned="1169320" reasonForTermination="Completed all work in GC phase" />
</concurrent-end>

<exclusive-start id="89" timestamp="2019-08-03T02:52:42.731" intervalms="83.757">
  <response-info timems="0.024" idlems="0.024" threads="0" lastid="0000000002184A00" lastname="main" />
</exclusive-start>
<allocation-taxation id="90" taxation-threshold="2097152" timestamp="2019-08-03T02:52:42.732" intervalms="83.797" />
<cycle-start id="91" type="partial gc" contextid="0" timestamp="2019-08-03T02:52:42.732" intervalms="180.115" />
<gc-start id="92" type="partial gc" contextid="91" timestamp="2019-08-03T02:52:42.732">
  <mem-info id="93" free="0" total="8388608" percent="0">
    <mem type="eden" free="0" total="4194304" percent="0" />
    <remembered-set count="3584" freebytes="320512" totalbytes="334848" percent="95" regionsoverflowed="0" regionsstable="0" regionsrebuilding="0"/>
  </mem-info>
</gc-start>
<allocation-stats totalBytes="4157568" >
  <allocated-bytes non-tlh="123336" tlh="4034232" arrayletleaf="0"/>
  <largest-consumer threadName="main" threadId="0000000002184A00" bytes="2032336" />
</allocation-stats>
<gc-op id="94" type="mark" timems="2.310" contextid="91" timestamp="2019-08-03T02:52:42.735">
  <trace-info objectcount="15788" scancount="13614" scanbytes="496068" />
  <cardclean-info objects="1636" bytes="76264" />
  <remembered-set-cleared processed="2435" cleared="1068" durationms="0.066" />
  <finalization candidates="14" enqueued="0" />
  <ownableSynchronizers candidates="4" cleared="0" />
  <references type="soft" candidates="441" cleared="0" enqueued="0" dynamicThreshold="8" maxThreshold="32" />
  <references type="weak" candidates="2140" cleared="437" enqueued="288" />
  <references type="phantom" candidates="3" cleared="1" enqueued="1" />
  <stringconstants candidates="6051" cleared="0"  />
  <warning details="Mark invoked due to insufficient free space for Copy-Forward" />
</gc-op>
<gc-op id="95" type="classunload" timems="0.002" contextid="91" timestamp="2019-08-03T02:52:42.735">
  <classunload-info classloadercandidates="11" classloadersunloaded="0" classesunloaded="0" anonymousclassesunloaded="0" quiescems="0.000" setupms="0.002" scanms="0.000" postms="0.000" />
</gc-op>
<gc-op id="96" type="sweep" timems="0.368" contextid="91" timestamp="2019-08-03T02:52:42.735" />
<gc-op id="97" type="compact" timems="2.009" contextid="91" timestamp="2019-08-03T02:52:42.738">
  <compact-info movecount="15696" movebytes="691648" />
  <remembered-set-cleared processed="12349" cleared="9576" durationms="0.079" />
</gc-op>
<heap-resize id="98" type="expand" space="default" amount="1048576" count="1" timems="0.058" reason="insufficient free space following gc" timestamp="2019-08-03T02:52:42.738" />
<gc-end id="99" type="partial gc" contextid="91" durationms="6.068" usertimems="8.000" systemtimems="0.000" timestamp="2019-08-03T02:52:42.738" activeThreads="2">
  <mem-info id="100" free="4194304" total="9437184" percent="44">
    <mem type="eden" free="600480" total="1048576" percent="57" />
    <pending-finalizers system="0" default="0" reference="289" classloader="0" />
    <remembered-set count="6336" freebytes="351360" totalbytes="376704" percent="93" regionsoverflowed="0" regionsstable="0" regionsrebuilding="0"/>
  </mem-info>
</gc-end>
<cycle-end id="101" type="partial gc" contextid="91" timestamp="2019-08-03T02:52:42.738" />
  <attribute name="elasticGC enabled" value="1" />
  <attribute name= "numThreadsSpecified" value="2" />
  <attribute name="heapSize specified" value="0" />
  <attribute name= "numCores" value="8" />
  <attribute name ="GC Interval" value="0" />
  <attribute name ="Control flow" value="2" />
  <attribute name="GC Util Range Max" value="156" />
  <attribute name="Current GC Util" value="44" />
  <attribute name= "Current Time Running" value="4489" />
<exclusive-end id="102" timestamp="2019-08-03T02:52:42.738" durationms="6.965" />

<exclusive-start id="103" timestamp="2019-08-03T02:52:42.790" intervalms="58.193">
  <response-info timems="0.052" idlems="0.052" threads="0" lastid="0000000002184A00" lastname="main" />
</exclusive-start>
<allocation-taxation id="104" taxation-threshold="2097152" timestamp="2019-08-03T02:52:42.790" intervalms="58.167" />
<gc-start id="105" type="global mark phase" contextid="80" timestamp="2019-08-03T02:52:42.790">
  <mem-info id="106" free="2097152" total="9437184" percent="22">
    <remembered-set count="6336" freebytes="351360" totalbytes="376704" percent="93" regionsoverflowed="0" regionsstable="0" regionsrebuilding="0"/>
  </mem-info>
</gc-start>
<gc-op id="107" type="mark increment" timems="2.130" contextid="80" timestamp="2019-08-03T02:52:42.792">
  <trace-info objectcount="17883" scancount="15450" scanbytes="563336" />
  <cardclean-info objects="2472" bytes="114700" />
  <finalization candidates="80" enqueued="0" />
  <ownableSynchronizers candidates="21" cleared="0" />
  <references type="soft" candidates="967" cleared="0" enqueued="0" dynamicThreshold="14" maxThreshold="32" />
  <references type="weak" candidates="2986" cleared="20" enqueued="20" />
  <references type="phantom" candidates="103" cleared="2" enqueued="2" />
  <stringconstants candidates="6211" cleared="0"  />
</gc-op>
<gc-op id="108" type="classunload" timems="0.005" contextid="80" timestamp="2019-08-03T02:52:42.792">
  <classunload-info classloadercandidates="11" classloadersunloaded="0" classesunloaded="0" anonymousclassesunloaded="0" quiescems="0.000" setupms="0.004" scanms="0.000" postms="0.000" />
</gc-op>
<gc-end id="109" type="global mark phase" contextid="80" durationms="2.353" usertimems="4.000" systemtimems="0.000" timestamp="2019-08-03T02:52:42.792" activeThreads="8">
  <mem-info id="110" free="2097152" total="9437184" percent="22">
    <pending-finalizers system="0" default="0" reference="22" classloader="0" />
    <remembered-set count="6336" freebytes="351360" totalbytes="376704" percent="93" regionsoverflowed="0" regionsstable="0" regionsrebuilding="0"/>
  </mem-info>
</gc-end>
<cycle-end id="111" type="global mark phase" contextid="80" timestamp="2019-08-03T02:52:42.792" />
  <attribute name="elasticGC enabled" value="1" />
  <attribute name= "numThreadsSpecified" value="2" />
  <attribute name="heapSize specified" value="0" />
  <attribute name= "numCores" value="8" />
  <attribute name ="GC Interval" value="0" />
  <attribute name ="Control flow" value="1" />
  <attribute name="GC Util Range Max" value="156" />
  <attribute name="Current GC Util" value="104" />
  <attribute name= "Current Time Running" value="4545" />
<exclusive-end id="112" timestamp="2019-08-03T02:52:42.792" durationms="2.859" />

<exclusive-start id="113" timestamp="2019-08-03T02:52:42.824" intervalms="34.742">
  <response-info timems="0.063" idlems="0.063" threads="0" lastid="0000000002184A00" lastname="main" />
</exclusive-start>
<allocation-taxation id="114" taxation-threshold="2097152" timestamp="2019-08-03T02:52:42.824" intervalms="34.745" />
<cycle-start id="115" type="partial gc" contextid="0" timestamp="2019-08-03T02:52:42.825" intervalms="92.813" />
<gc-start id="116" type="partial gc" contextid="115" timestamp="2019-08-03T02:52:42.825">
  <mem-info id="117" free="0" total="9437184" percent="0">
    <mem type="eden" free="0" total="4194304" percent="0" />
    <remembered-set count="6336" freebytes="351360" totalbytes="376704" percent="93" regionsoverflowed="0" regionsstable="0" regionsrebuilding="0"/>
  </mem-info>
</gc-start>
<allocation-stats totalBytes="3966384" >
  <allocated-bytes non-tlh="1446240" tlh="2520144" arrayletleaf="0"/>
  <largest-consumer threadName="main" threadId="0000000002184A00" bytes="2007712" />
</allocation-stats>
<gc-op id="118" type="sweep" timems="0.434" contextid="115" timestamp="2019-08-03T02:52:42.825" />
<gc-op id="119" type="mark" timems="2.124" contextid="115" timestamp="2019-08-03T02:52:42.828">
  <trace-info objectcount="13336" scancount="11283" scanbytes="418624" />
  <cardclean-info objects="1186" bytes="68480" />
  <remembered-set-cleared processed="4104" cleared="1890" durationms="0.078" />
  <finalization candidates="15" enqueued="0" />
  <ownableSynchronizers candidates="4" cleared="0" />
  <references type="soft" candidates="338" cleared="0" enqueued="0" dynamicThreshold="7" maxThreshold="32" />
  <references type="weak" candidates="1490" cleared="1" enqueued="1" />
  <references type="phantom" candidates="5" cleared="0" enqueued="0" />
  <stringconstants candidates="6426" cleared="0"  />
  <warning details="Mark invoked due to insufficient free space for Copy-Forward" />
</gc-op>
<gc-op id="120" type="classunload" timems="0.003" contextid="115" timestamp="2019-08-03T02:52:42.828">
  <classunload-info classloadercandidates="11" classloadersunloaded="0" classesunloaded="0" anonymousclassesunloaded="0" quiescems="0.000" setupms="0.003" scanms="0.000" postms="0.000" />
</gc-op>
<gc-op id="121" type="sweep" timems="0.363" contextid="115" timestamp="2019-08-03T02:52:42.829" />
<gc-op id="122" type="compact" timems="1.942" contextid="115" timestamp="2019-08-03T02:52:42.831">
  <compact-info movecount="11917" movebytes="1330392" />
  <remembered-set-cleared processed="12391" cleared="7945" durationms="0.079" />
</gc-op>
<heap-resize id="123" type="expand" space="default" amount="2097152" count="1" timems="0.065" reason="insufficient free space following gc" timestamp="2019-08-03T02:52:42.831" />
<gc-end id="124" type="partial gc" contextid="115" durationms="6.309" usertimems="8.000" systemtimems="0.000" timestamp="2019-08-03T02:52:42.831" activeThreads="2">
  <mem-info id="125" free="5242880" total="11534336" percent="45">
    <mem type="eden" free="93056" total="1048576" percent="8" />
    <pending-finalizers system="0" default="0" reference="1" classloader="0" />
    <remembered-set count="7040" freebytes="432256" totalbytes="460416" percent="93" regionsoverflowed="0" regionsstable="0" regionsrebuilding="0"/>
  </mem-info>
</gc-end>
<cycle-end id="126" type="partial gc" contextid="115" timestamp="2019-08-03T02:52:42.831" />
  <attribute name="elasticGC enabled" value="1" />
  <attribute name= "numThreadsSpecified" value="2" />
  <attribute name="heapSize specified" value="0" />
  <attribute name= "numCores" value="8" />
  <attribute name ="GC Interval" value="0" />
  <attribute name ="Control flow" value="2" />
  <attribute name="GC Util Range Max" value="156" />
  <attribute name="Current GC Util" value="45" />
  <attribute name= "Current Time Running" value="4582" />
<exclusive-end id="127" timestamp="2019-08-03T02:52:42.831" durationms="6.981" />

<exclusive-start id="128" timestamp="2019-08-03T02:52:42.919" intervalms="94.449">
  <response-info timems="0.056" idlems="0.056" threads="0" lastid="0000000002184A00" lastname="main" />
</exclusive-start>
<allocation-taxation id="129" taxation-threshold="2097152" timestamp="2019-08-03T02:52:42.919" intervalms="94.465" />
<cycle-start id="130" type="global mark phase" contextid="0" timestamp="2019-08-03T02:52:42.919" intervalms="271.203" />
<gc-start id="131" type="global mark phase" contextid="130" timestamp="2019-08-03T02:52:42.919">
  <mem-info id="132" free="3145728" total="11534336" percent="27">
    <remembered-set count="6880" freebytes="432896" totalbytes="460416" percent="94" regionsoverflowed="0" regionsstable="0" regionsrebuilding="0"/>
  </mem-info>
</gc-start>
<gc-op id="133" type="mark increment" timems="0.549" contextid="130" timestamp="2019-08-03T02:52:42.920">
  <trace-info objectcount="175" scancount="0" scanbytes="0" />
</gc-op>
<gc-end id="134" type="global mark phase" contextid="130" durationms="0.663" usertimems="0.000" systemtimems="0.000" timestamp="2019-08-03T02:52:42.920" activeThreads="8">
  <mem-info id="135" free="3145728" total="11534336" percent="27">
    <remembered-set count="6880" freebytes="432896" totalbytes="460416" percent="94" regionsoverflowed="0" regionsstable="0" regionsrebuilding="0"/>
  </mem-info>
</gc-end>
<concurrent-start id="136" type="GMP work packet processing" contextid="130" timestamp="2019-08-03T02:52:42.920">
  <concurrent-mark-start scanTarget="18446744073709551615" />
</concurrent-start>
<exclusive-end id="137" timestamp="2019-08-03T02:52:42.920" durationms="1.116" />

<concurrent-end id="138" type="GMP work packet processing" contextid="130" timestamp="2019-08-03T02:52:42.922">
  <concurrent-mark-end bytesScanned="1725960" reasonForTermination="Completed all work in GC phase" />
</concurrent-end>

<exclusive-start id="139" timestamp="2019-08-03T02:52:42.969" intervalms="50.085">
  <response-info timems="0.033" idlems="0.033" threads="0" lastid="0000000002184A00" lastname="main" />
</exclusive-start>
<allocation-taxation id="140" taxation-threshold="2097152" timestamp="2019-08-03T02:52:42.969" intervalms="50.050" />
<cycle-start id="141" type="partial gc" contextid="0" timestamp="2019-08-03T02:52:42.969" intervalms="144.523" />
<gc-start id="142" type="partial gc" contextid="141" timestamp="2019-08-03T02:52:42.969">
  <mem-info id="143" free="1048576" total="11534336" percent="9">
    <mem type="eden" free="0" total="4194304" percent="0" />
    <remembered-set count="6880" freebytes="432896" totalbytes="460416" percent="94" regionsoverflowed="0" regionsstable="0" regionsrebuilding="0"/>
  </mem-info>
</gc-start>
<allocation-stats totalBytes="4157920" >
  <allocated-bytes non-tlh="69312" tlh="4088608" arrayletleaf="0"/>
  <largest-consumer threadName="main" threadId="0000000002184A00" bytes="2084560" />
</allocation-stats>
<gc-op id="144" type="copy forward" timems="4.589" contextid="141" timestamp="2019-08-03T02:52:42.974">
  <memory-copied type="eden" objects="8349" bytes="371504" bytesdiscarded="22952" />
  <memory-copied type="other" objects="2988" bytes="931024" bytesdiscarded="96432" />
  <memory-cardclean objects="746" bytes="47272" />
  <regions eden="4" other="1" />
  <remembered-set-cleared processed="4632" cleared="630" durationms="0.070" />
  <finalization candidates="4" enqueued="0" />
  <references type="soft" candidates="159" cleared="0" enqueued="0" dynamicThreshold="8" maxThreshold="32" />
  <references type="weak" candidates="427" cleared="0" enqueued="0" />
  <references type="phantom" candidates="4" cleared="0" enqueued="0" />
  <stringconstants candidates="7068" cleared="0"  />
  <heap-resize type="expand" space="default" amount="1048576" count="1" timems="0.106" reason="continue current collection" />
</gc-op>
<gc-op id="145" type="classunload" timems="0.003" contextid="141" timestamp="2019-08-03T02:52:42.975">
  <classunload-info classloadercandidates="11" classloadersunloaded="0" classesunloaded="0" anonymousclassesunloaded="0" quiescems="0.000" setupms="0.002" scanms="0.000" postms="0.000" />
</gc-op>
<gc-op id="146" type="compact" timems="0.924" contextid="141" timestamp="2019-08-03T02:52:42.976">
  <compact-info movecount="0" movebytes="0" />
  <remembered-set-cleared processed="10406" cleared="630" durationms="0.079" />
</gc-op>
<gc-end id="147" type="partial gc" contextid="141" durationms="6.509" usertimems="12.000" systemtimems="0.000" timestamp="2019-08-03T02:52:42.976" activeThreads="8">
  <mem-info id="148" free="5242880" total="12582912" percent="41">
    <mem type="eden" free="653808" total="1048576" percent="62" />
    <remembered-set count="7200" freebytes="473472" totalbytes="502272" percent="94" regionsoverflowed="0" regionsstable="0" regionsrebuilding="0"/>
  </mem-info>
</gc-end>
<cycle-end id="149" type="partial gc" contextid="141" timestamp="2019-08-03T02:52:42.976" />
  <attribute name="elasticGC enabled" value="1" />
  <attribute name= "numThreadsSpecified" value="2" />
  <attribute name="heapSize specified" value="0" />
  <attribute name= "numCores" value="8" />
  <attribute name ="GC Interval" value="0" />
  <attribute name ="Control flow" value="1" />
  <attribute name="GC Util Range Max" value="156" />
  <attribute name="Current GC Util" value="151" />
  <attribute name= "Current Time Running" value="4728" />
<exclusive-end id="150" timestamp="2019-08-03T02:52:42.976" durationms="7.119" />

<exclusive-start id="151" timestamp="2019-08-03T02:52:43.023" intervalms="53.693">
  <response-info timems="0.052" idlems="0.052" threads="0" lastid="0000000002184A00" lastname="main" />
</exclusive-start>
<allocation-taxation id="152" taxation-threshold="2097152" timestamp="2019-08-03T02:52:43.023" intervalms="53.708" />
<gc-start id="153" type="global mark phase" contextid="130" timestamp="2019-08-03T02:52:43.023">
  <mem-info id="154" free="3145728" total="12582912" percent="25">
    <remembered-set count="7200" freebytes="473472" totalbytes="502272" percent="94" regionsoverflowed="0" regionsstable="0" regionsrebuilding="0"/>
  </mem-info>
</gc-start>
<gc-op id="155" type="mark increment" timems="3.924" contextid="130" timestamp="2019-08-03T02:52:43.027">
  <trace-info objectcount="3517" scancount="3045" scanbytes="114348" />
  <cardclean-info objects="2530" bytes="123600" />
  <finalization candidates="80" enqueued="0" />
  <ownableSynchronizers candidates="21" cleared="0" />
  <references type="soft" candidates="1021" cleared="0" enqueued="0" dynamicThreshold="13" maxThreshold="32" />
  <references type="weak" candidates="3487" cleared="2" enqueued="2" />
  <references type="phantom" candidates="100" cleared="0" enqueued="0" />
  <stringconstants candidates="7218" cleared="0"  />
</gc-op>
<gc-op id="156" type="classunload" timems="0.004" contextid="130" timestamp="2019-08-03T02:52:43.027">
  <classunload-info classloadercandidates="11" classloadersunloaded="0" classesunloaded="0" anonymousclassesunloaded="0" quiescems="0.000" setupms="0.004" scanms="0.000" postms="0.000" />
</gc-op>
<gc-end id="157" type="global mark phase" contextid="130" durationms="4.220" usertimems="8.000" systemtimems="0.000" timestamp="2019-08-03T02:52:43.027" activeThreads="8">
  <mem-info id="158" free="3145728" total="12582912" percent="25">
    <pending-finalizers system="0" default="0" reference="2" classloader="0" />
    <remembered-set count="7200" freebytes="473472" totalbytes="502272" percent="94" regionsoverflowed="0" regionsstable="0" regionsrebuilding="0"/>
  </mem-info>
</gc-end>
<cycle-end id="159" type="global mark phase" contextid="130" timestamp="2019-08-03T02:52:43.027" />
  <attribute name="elasticGC enabled" value="1" />
  <attribute name= "numThreadsSpecified" value="2" />
  <attribute name="heapSize specified" value="0" />
  <attribute name= "numCores" value="8" />
  <attribute name ="GC Interval" value="0" />
  <attribute name ="Control flow" value="2" />
  <attribute name="GC Util Range Max" value="156" />
  <attribute name="Current GC Util" value="54" />
  <attribute name= "Current Time Running" value="4777" />
<exclusive-end id="160" timestamp="2019-08-03T02:52:43.027" durationms="4.637" />

<exclusive-start id="161" timestamp="2019-08-03T02:52:43.068" intervalms="45.868">
  <response-info timems="0.060" idlems="0.060" threads="0" lastid="0000000002184A00" lastname="main" />
</exclusive-start>
<allocation-taxation id="162" taxation-threshold="2097152" timestamp="2019-08-03T02:52:43.069" intervalms="45.859" />
<cycle-start id="163" type="partial gc" contextid="0" timestamp="2019-08-03T02:52:43.069" intervalms="99.682" />
<gc-start id="164" type="partial gc" contextid="163" timestamp="2019-08-03T02:52:43.069">
  <mem-info id="165" free="1048576" total="12582912" percent="8">
    <mem type="eden" free="0" total="4194304" percent="0" />
    <remembered-set count="7200" freebytes="473472" totalbytes="502272" percent="94" regionsoverflowed="0" regionsstable="0" regionsrebuilding="0"/>
  </mem-info>
</gc-start>
<allocation-stats totalBytes="4191440" >
  <allocated-bytes non-tlh="72584" tlh="4118856" arrayletleaf="0"/>
  <largest-consumer threadName="main" threadId="0000000002184A00" bytes="2095944" />
</allocation-stats>
<gc-op id="166" type="sweep" timems="2.077" contextid="163" timestamp="2019-08-03T02:52:43.072" />
<gc-op id="167" type="copy forward" timems="7.716" contextid="163" timestamp="2019-08-03T02:52:43.080">
  <memory-copied type="eden" objects="1058" bytes="41768" bytesdiscarded="1590" />
  <memory-copied type="other" objects="10181" bytes="445408" bytesdiscarded="25554" />
  <memory-cardclean objects="618" bytes="28600" />
  <memory-traced type="eden" objects="994" bytes="37112" />
  <memory-traced type="other" objects="0" bytes="0" />
  <regions eden="2" other="3" evacuated="4" marked="1" />
  <remembered-set-cleared processed="5751" cleared="1239" durationms="0.100" />
  <references type="soft" candidates="54" cleared="0" enqueued="0" dynamicThreshold="8" maxThreshold="32" />
  <references type="weak" candidates="754" cleared="0" enqueued="0" />
  <stringconstants candidates="7354" cleared="0"  />
  <heap-resize type="expand" space="default" amount="1048576" count="1" timems="0.072" reason="continue current collection" />
</gc-op>
<gc-op id="168" type="classunload" timems="0.003" contextid="163" timestamp="2019-08-03T02:52:43.080">
  <classunload-info classloadercandidates="11" classloadersunloaded="0" classesunloaded="0" anonymousclassesunloaded="0" quiescems="0.000" setupms="0.003" scanms="0.000" postms="0.000" />
</gc-op>
<gc-op id="169" type="compact" timems="4.237" contextid="163" timestamp="2019-08-03T02:52:43.085">
  <compact-info movecount="1280" movebytes="52920" />
  <remembered-set-cleared processed="12985" cleared="2065" durationms="0.114" />
</gc-op>
<heap-resize id="170" type="expand" space="default" amount="2097152" count="1" timems="0.068" reason="insufficient free space following gc" timestamp="2019-08-03T02:52:43.085" />
<gc-end id="171" type="partial gc" contextid="163" durationms="16.053" usertimems="20.000" systemtimems="0.000" timestamp="2019-08-03T02:52:43.085" activeThreads="8">
  <mem-info id="172" free="6291456" total="15728640" percent="40">
    <mem type="eden" free="1917832" total="2097152" percent="91" />
    <remembered-set count="9984" freebytes="587904" totalbytes="627840" percent="93" regionsoverflowed="0" regionsstable="0" regionsrebuilding="0"/>
  </mem-info>
</gc-end>
<cycle-end id="173" type="partial gc" contextid="163" timestamp="2019-08-03T02:52:43.085" />
  <attribute name="elasticGC enabled" value="1" />
  <attribute name= "numThreadsSpecified" value="2" />
  <attribute name="heapSize specified" value="0" />
  <attribute name= "numCores" value="8" />
  <attribute name ="GC Interval" value="0" />
  <attribute name ="Control flow" value="2" />
  <attribute name="GC Util Range Max" value="156" />
  <attribute name="Current GC Util" value="108" />
  <attribute name= "Current Time Running" value="4834" />
<exclusive-end id="174" timestamp="2019-08-03T02:52:43.086" durationms="17.140" />

<exclusive-start id="175" timestamp="2019-08-03T02:52:43.176" intervalms="107.801">
  <response-info timems="0.063" idlems="0.063" threads="0" lastid="0000000002184A00" lastname="main" />
</exclusive-start>
<allocation-taxation id="176" taxation-threshold="6291456" timestamp="2019-08-03T02:52:43.176" intervalms="107.818" />
<cycle-start id="177" type="partial gc" contextid="0" timestamp="2019-08-03T02:52:43.176" intervalms="107.705" />
<gc-start id="178" type="partial gc" contextid="177" timestamp="2019-08-03T02:52:43.177">
  <mem-info id="179" free="0" total="15728640" percent="0">
    <mem type="eden" free="995448" total="7340032" percent="13" />
    <remembered-set count="9504" freebytes="589824" totalbytes="627840" percent="93" regionsoverflowed="0" regionsstable="0" regionsrebuilding="0"/>
  </mem-info>
</gc-start>
<allocation-stats totalBytes="6284128" >
  <allocated-bytes non-tlh="58472" tlh="6225656" arrayletleaf="0"/>
  <largest-consumer threadName="main" threadId="0000000002184A00" bytes="6284128" />
</allocation-stats>
<gc-op id="180" type="mark" timems="6.348" contextid="177" timestamp="2019-08-03T02:52:43.184">
  <trace-info objectcount="12085" scancount="10558" scanbytes="394524" />
  <cardclean-info objects="3173" bytes="156404" />
  <remembered-set-cleared processed="6752" cleared="1554" durationms="0.077" />
  <references type="soft" candidates="2" cleared="0" enqueued="0" dynamicThreshold="12" maxThreshold="32" />
  <references type="weak" candidates="641" cleared="1" enqueued="1" />
  <stringconstants candidates="7569" cleared="0"  />
  <warning details="Mark invoked due to insufficient free space for Copy-Forward" />
</gc-op>
<gc-op id="181" type="classunload" timems="0.003" contextid="177" timestamp="2019-08-03T02:52:43.184">
  <classunload-info classloadercandidates="11" classloadersunloaded="0" classesunloaded="0" anonymousclassesunloaded="0" quiescems="0.000" setupms="0.003" scanms="0.000" postms="0.000" />
</gc-op>
<gc-op id="182" type="sweep" timems="1.341" contextid="177" timestamp="2019-08-03T02:52:43.185" />
<gc-op id="183" type="compact" timems="5.297" contextid="177" timestamp="2019-08-03T02:52:43.191">
  <compact-info movecount="11696" movebytes="468904" />
  <remembered-set-cleared processed="17138" cleared="6722" durationms="0.123" />
</gc-op>
<heap-resize id="184" type="expand" space="default" amount="3145728" count="1" timems="0.068" reason="excessive time being spent in gc" timestamp="2019-08-03T02:52:43.191" />
<gc-end id="185" type="partial gc" contextid="177" durationms="14.618" usertimems="12.000" systemtimems="8.000" timestamp="2019-08-03T02:52:43.191" activeThreads="8">
  <mem-info id="186" free="9437184" total="18874368" percent="50">
    <mem type="eden" free="1611976" total="2097152" percent="76" />
    <pending-finalizers system="0" default="0" reference="1" classloader="0" />
    <remembered-set count="10752" freebytes="710400" totalbytes="753408" percent="94" regionsoverflowed="0" regionsstable="0" regionsrebuilding="0"/>
  </mem-info>
</gc-end>
<cycle-end id="187" type="partial gc" contextid="177" timestamp="2019-08-03T02:52:43.191" />
  <attribute name="elasticGC enabled" value="1" />
  <attribute name= "numThreadsSpecified" value="2" />
  <attribute name="heapSize specified" value="0" />
  <attribute name= "numCores" value="8" />
  <attribute name ="GC Interval" value="0" />
  <attribute name ="Control flow" value="2" />
  <attribute name="GC Util Range Max" value="156" />
  <attribute name="Current GC Util" value="78" />
  <attribute name= "Current Time Running" value="4939" />
<exclusive-end id="188" timestamp="2019-08-03T02:52:43.192" durationms="15.526" />

<exclusive-start id="189" timestamp="2019-08-03T02:52:43.318" intervalms="141.555">
  <response-info timems="0.042" idlems="0.042" threads="0" lastid="0000000002184A00" lastname="main" />
</exclusive-start>
<allocation-taxation id="190" taxation-threshold="9437184" timestamp="2019-08-03T02:52:43.318" intervalms="141.584" />
<cycle-start id="191" type="partial gc" contextid="0" timestamp="2019-08-03T02:52:43.318" intervalms="141.658" />
<gc-start id="192" type="partial gc" contextid="191" timestamp="2019-08-03T02:52:43.318">
  <mem-info id="193" free="0" total="18874368" percent="0">
    <mem type="eden" free="732112" total="10485760" percent="6" />
    <remembered-set count="10528" freebytes="711296" totalbytes="753408" percent="94" regionsoverflowed="0" regionsstable="0" regionsrebuilding="0"/>
  </mem-info>
</gc-start>
<allocation-stats totalBytes="9434544" >
  <allocated-bytes non-tlh="414544" tlh="9020000" arrayletleaf="0"/>
  <largest-consumer threadName="main" threadId="0000000002184A00" bytes="9434544" />
</allocation-stats>
<gc-op id="194" type="mark" timems="4.343" contextid="191" timestamp="2019-08-03T02:52:43.323">
  <trace-info objectcount="20152" scancount="17890" scanbytes="746740" />
  <cardclean-info objects="2664" bytes="139188" />
  <remembered-set-cleared processed="8073" cleared="1813" durationms="0.107" />
  <references type="soft" candidates="74" cleared="0" enqueued="0" dynamicThreshold="16" maxThreshold="32" />
  <references type="weak" candidates="306" cleared="6" enqueued="6" />
  <references type="phantom" candidates="3" cleared="1" enqueued="1" />
  <stringconstants candidates="7846" cleared="0"  />
  <warning details="Mark invoked due to insufficient free space for Copy-Forward" />
</gc-op>
<gc-op id="195" type="classunload" timems="0.004" contextid="191" timestamp="2019-08-03T02:52:43.324">
  <classunload-info classloadercandidates="12" classloadersunloaded="0" classesunloaded="0" anonymousclassesunloaded="0" quiescems="0.000" setupms="0.004" scanms="0.000" postms="0.000" />
</gc-op>
<gc-op id="196" type="sweep" timems="1.194" contextid="191" timestamp="2019-08-03T02:52:43.325" />
<gc-op id="197" type="compact" timems="3.632" contextid="191" timestamp="2019-08-03T02:52:43.329">
  <compact-info movecount="19710" movebytes="1191928" />
  <remembered-set-cleared processed="20373" cleared="7829" durationms="0.133" />
</gc-op>
<gc-end id="198" type="partial gc" contextid="191" durationms="10.642" usertimems="16.000" systemtimems="4.000" timestamp="2019-08-03T02:52:43.329" activeThreads="8">
  <mem-info id="199" free="8388608" total="18874368" percent="44">
    <mem type="eden" free="888480" total="2097152" percent="42" />
    <pending-finalizers system="0" default="0" reference="7" classloader="0" />
    <remembered-set count="12480" freebytes="703488" totalbytes="753408" percent="93" regionsoverflowed="0" regionsstable="0" regionsrebuilding="0"/>
  </mem-info>
</gc-end>
<cycle-end id="200" type="partial gc" contextid="191" timestamp="2019-08-03T02:52:43.329" />
  <attribute name="elasticGC enabled" value="1" />
  <attribute name= "numThreadsSpecified" value="2" />
  <attribute name="heapSize specified" value="0" />
  <attribute name= "numCores" value="8" />
  <attribute name ="GC Interval" value="0" />
  <attribute name ="Control flow" value="3" />
  <attribute name="GC Util Range Max" value="156" />
  <attribute name="Current GC Util" value="116" />
  <attribute name= "Current Time Running" value="5078" />
<exclusive-end id="201" timestamp="2019-08-03T02:52:43.329" durationms="11.683" />

<exclusive-start id="202" timestamp="2019-08-03T02:52:43.419" intervalms="101.382">
  <response-info timems="0.034" idlems="0.034" threads="0" lastid="0000000002184A00" lastname="main" />
</exclusive-start>
<allocation-taxation id="203" taxation-threshold="8388608" timestamp="2019-08-03T02:52:43.419" intervalms="101.347" />
<cycle-start id="204" type="partial gc" contextid="0" timestamp="2019-08-03T02:52:43.419" intervalms="101.299" />
<gc-start id="205" type="partial gc" contextid="204" timestamp="2019-08-03T02:52:43.420">
  <mem-info id="206" free="0" total="18874368" percent="0">
    <mem type="eden" free="0" total="8388608" percent="0" />
    <remembered-set count="12416" freebytes="703744" totalbytes="753408" percent="93" regionsoverflowed="0" regionsstable="0" regionsrebuilding="0"/>
  </mem-info>
</gc-start>
<allocation-stats totalBytes="8385872" >
  <allocated-bytes non-tlh="45992" tlh="8339880" arrayletleaf="0"/>
  <largest-consumer threadName="main" threadId="0000000002184A00" bytes="8381776" />
</allocation-stats>
<gc-op id="207" type="mark" timems="1.812" contextid="204" timestamp="2019-08-03T02:52:43.422">
  <trace-info objectcount="6352" scancount="5673" scanbytes="196556" />
  <cardclean-info objects="1144" bytes="68452" />
  <remembered-set-cleared processed="9505" cleared="1725" durationms="0.094" />
  <references type="soft" candidates="250" cleared="0" enqueued="0" dynamicThreshold="14" maxThreshold="32" />
  <references type="weak" candidates="198" cleared="0" enqueued="0" />
  <references type="phantom" candidates="1" cleared="0" enqueued="0" />
  <stringconstants candidates="8190" cleared="0"  />
  <warning details="Mark invoked due to insufficient free space for Copy-Forward" />
</gc-op>
<gc-op id="208" type="classunload" timems="0.002" contextid="204" timestamp="2019-08-03T02:52:43.422">
  <classunload-info classloadercandidates="13" classloadersunloaded="0" classesunloaded="0" anonymousclassesunloaded="0" quiescems="0.000" setupms="0.002" scanms="0.000" postms="0.000" />
</gc-op>
<gc-op id="209" type="sweep" timems="0.372" contextid="204" timestamp="2019-08-03T02:52:43.423" />
<gc-op id="210" type="compact" timems="1.257" contextid="204" timestamp="2019-08-03T02:52:43.424">
  <compact-info movecount="6350" movebytes="296904" />
  <remembered-set-cleared processed="21567" cleared="5986" durationms="0.094" />
</gc-op>
<gc-end id="211" type="partial gc" contextid="204" durationms="4.587" usertimems="4.000" systemtimems="0.000" timestamp="2019-08-03T02:52:43.424" activeThreads="2">
  <mem-info id="212" free="7340032" total="18874368" percent="38">
    <mem type="eden" free="873448" total="1048576" percent="83" />
    <remembered-set count="12992" freebytes="701440" totalbytes="753408" percent="93" regionsoverflowed="0" regionsstable="0" regionsrebuilding="0"/>
  </mem-info>
</gc-end>
<cycle-end id="213" type="partial gc" contextid="204" timestamp="2019-08-03T02:52:43.424" />
  <attribute name="elasticGC enabled" value="1" />
  <attribute name= "numThreadsSpecified" value="2" />
  <attribute name="heapSize specified" value="0" />
  <attribute name= "numCores" value="8" />
  <attribute name ="GC Interval" value="0" />
  <attribute name ="Control flow" value="2" />
  <attribute name="GC Util Range Max" value="156" />
  <attribute name="Current GC Util" value="54" />
  <attribute name= "Current Time Running" value="5176" />
<exclusive-end id="214" timestamp="2019-08-03T02:52:43.424" durationms="5.316" />

<exclusive-start id="215" timestamp="2019-08-03T02:52:43.479" intervalms="60.322">
  <response-info timems="0.066" idlems="0.066" threads="0" lastid="0000000002184A00" lastname="main" />
</exclusive-start>
<allocation-taxation id="216" taxation-threshold="7340032" timestamp="2019-08-03T02:52:43.480" intervalms="60.345" />
<cycle-start id="217" type="partial gc" contextid="0" timestamp="2019-08-03T02:52:43.480" intervalms="60.358" />
<gc-start id="218" type="partial gc" contextid="217" timestamp="2019-08-03T02:52:43.480">
  <mem-info id="219" free="0" total="18874368" percent="0">
    <mem type="eden" free="0" total="7340032" percent="0" />
    <remembered-set count="12640" freebytes="702848" totalbytes="753408" percent="93" regionsoverflowed="0" regionsstable="0" regionsrebuilding="0"/>
  </mem-info>
</gc-start>
<allocation-stats totalBytes="7339272" >
  <allocated-bytes non-tlh="296208" tlh="7043064" arrayletleaf="0"/>
  <largest-consumer threadName="main" threadId="0000000002184A00" bytes="7339272" />
</allocation-stats>
<gc-op id="220" type="mark" timems="2.002" contextid="217" timestamp="2019-08-03T02:52:43.483">
  <trace-info objectcount="18167" scancount="16306" scanbytes="601344" />
  <cardclean-info objects="673" bytes="50552" />
  <remembered-set-cleared processed="9716" cleared="1045" durationms="0.087" />
  <references type="soft" candidates="224" cleared="0" enqueued="0" dynamicThreshold="12" maxThreshold="32" />
  <references type="weak" candidates="428" cleared="8" enqueued="7" />
  <stringconstants candidates="8310" cleared="0"  />
  <warning details="Mark invoked due to insufficient free space for Copy-Forward" />
</gc-op>
<gc-op id="221" type="classunload" timems="0.003" contextid="217" timestamp="2019-08-03T02:52:43.483">
  <classunload-info classloadercandidates="14" classloadersunloaded="0" classesunloaded="0" anonymousclassesunloaded="0" quiescems="0.000" setupms="0.003" scanms="0.000" postms="0.000" />
</gc-op>
<gc-op id="222" type="sweep" timems="0.397" contextid="217" timestamp="2019-08-03T02:52:43.483" />
<gc-op id="223" type="compact" timems="2.920" contextid="217" timestamp="2019-08-03T02:52:43.486">
  <compact-info movecount="17964" movebytes="763440" />
  <remembered-set-cleared processed="23817" cleared="6452" durationms="0.087" />
</gc-op>
<heap-resize id="224" type="expand" space="default" amount="3145728" count="1" timems="0.070" reason="insufficient free space following gc" timestamp="2019-08-03T02:52:43.487" />
<gc-end id="225" type="partial gc" contextid="217" durationms="6.854" usertimems="8.000" systemtimems="4.000" timestamp="2019-08-03T02:52:43.487" activeThreads="8">
  <mem-info id="226" free="9437184" total="22020096" percent="42">
    <mem type="eden" free="438928" total="1048576" percent="41" />
    <pending-finalizers system="0" default="0" reference="7" classloader="0" />
    <remembered-set count="14496" freebytes="820992" totalbytes="878976" percent="93" regionsoverflowed="0" regionsstable="0" regionsrebuilding="0"/>
  </mem-info>
</gc-end>
<cycle-end id="227" type="partial gc" contextid="217" timestamp="2019-08-03T02:52:43.487" />
  <attribute name="elasticGC enabled" value="1" />
  <attribute name= "numThreadsSpecified" value="2" />
  <attribute name="heapSize specified" value="0" />
  <attribute name= "numCores" value="8" />
  <attribute name ="GC Interval" value="0" />
  <attribute name ="Control flow" value="3" />
  <attribute name="GC Util Range Max" value="156" />
  <attribute name="Current GC Util" value="58" />
  <attribute name= "Current Time Running" value="5237" />
<exclusive-end id="228" timestamp="2019-08-03T02:52:43.487" durationms="7.837" />

<exclusive-start id="229" timestamp="2019-08-03T02:52:43.573" intervalms="93.814">
  <response-info timems="0.026" idlems="0.026" threads="0" lastid="0000000002184A00" lastname="main" />
</exclusive-start>
<sys-start reason="explicit" id="230" timestamp="2019-08-03T02:52:43.573" intervalms="7199.249" />
<cycle-start id="231" type="global garbage collect" contextid="0" timestamp="2019-08-03T02:52:43.574" intervalms="7199.364" />
<gc-start id="232" type="global garbage collect" contextid="231" timestamp="2019-08-03T02:52:43.574">
  <mem-info id="233" free="4061272" total="22020096" percent="18">
    <mem type="eden" free="915544" total="6291456" percent="14" />
    <remembered-set count="14240" freebytes="822016" totalbytes="878976" percent="93" regionsoverflowed="0" regionsstable="0" regionsrebuilding="0"/>
  </mem-info>
</gc-start>
<allocation-stats totalBytes="5374576" >
  <allocated-bytes non-tlh="432240" tlh="4942336" arrayletleaf="0"/>
  <largest-consumer threadName="main" threadId="0000000002184A00" bytes="5374576" />
</allocation-stats>
<gc-op id="234" type="global mark" timems="3.305" contextid="231" timestamp="2019-08-03T02:52:43.577">
  <trace-info objectcount="74604" scancount="60860" scanbytes="2101924" />
  <finalization candidates="80" enqueued="0" />
  <ownableSynchronizers candidates="21" cleared="0" />
  <references type="soft" candidates="1640" cleared="0" enqueued="0" dynamicThreshold="13" maxThreshold="32" />
  <references type="weak" candidates="4531" cleared="32" enqueued="30" />
  <references type="phantom" candidates="102" cleared="2" enqueued="2" />
  <stringconstants candidates="8680" cleared="15"  />
</gc-op>
<gc-op id="235" type="classunload" timems="0.363" contextid="231" timestamp="2019-08-03T02:52:43.578">
  <classunload-info classloadercandidates="17" classloadersunloaded="1" classesunloaded="1" anonymousclassesunloaded="0" quiescems="0.000" setupms="0.351" scanms="0.007" postms="0.005" />
</gc-op>
<gc-op id="236" type="sweep" timems="0.488" contextid="231" timestamp="2019-08-03T02:52:43.579" />
<gc-op id="237" type="compact" timems="6.492" contextid="231" timestamp="2019-08-03T02:52:43.585">
  <compact-info movecount="73402" movebytes="4205360" />
  <remembered-set-cleared processed="27057" cleared="27057" durationms="0.133" />
</gc-op>
<gc-end id="238" type="global garbage collect" contextid="231" durationms="11.789" usertimems="20.000" systemtimems="4.000" timestamp="2019-08-03T02:52:43.586" activeThreads="2">
  <mem-info id="239" free="8388608" total="22020096" percent="38">
    <pending-finalizers system="0" default="0" reference="32" classloader="0" />
    <remembered-set count="10752" freebytes="835968" totalbytes="878976" percent="95" regionsoverflowed="0" regionsstable="0" regionsrebuilding="0"/>
  </mem-info>
</gc-end>
<cycle-end id="240" type="global garbage collect" contextid="231" timestamp="2019-08-03T02:52:43.586" />
  <attribute name="elasticGC enabled" value="1" />
  <attribute name= "numThreadsSpecified" value="2" />
  <attribute name="heapSize specified" value="0" />
  <attribute name= "numCores" value="8" />
  <attribute name ="GC Interval" value="0" />
  <attribute name ="Control flow" value="2" />
  <attribute name="GC Util Range Max" value="156" />
  <attribute name="Current GC Util" value="55" />
  <attribute name= "Current Time Running" value="5332" />
<sys-end id="241" timestamp="2019-08-03T02:52:43.586" />
<exclusive-end id="242" timestamp="2019-08-03T02:52:43.586" durationms="12.856" />

<exclusive-start id="243" timestamp="2019-08-03T02:52:43.776" intervalms="202.194">
  <response-info timems="0.064" idlems="0.064" threads="0" lastid="0000000002184A00" lastname="main" />
</exclusive-start>
<allocation-taxation id="244" taxation-threshold="8388608" timestamp="2019-08-03T02:52:43.776" intervalms="296.081" />
<cycle-start id="245" type="partial gc" contextid="0" timestamp="2019-08-03T02:52:43.776" intervalms="296.116" />
<gc-start id="246" type="partial gc" contextid="245" timestamp="2019-08-03T02:52:43.776">
  <mem-info id="247" free="0" total="22020096" percent="0">
    <mem type="eden" free="0" total="8388608" percent="0" />
    <remembered-set count="10688" freebytes="836224" totalbytes="878976" percent="95" regionsoverflowed="0" regionsstable="0" regionsrebuilding="0"/>
  </mem-info>
</gc-start>
<allocation-stats totalBytes="8387864" >
  <allocated-bytes non-tlh="463952" tlh="7923912" arrayletleaf="0"/>
  <largest-consumer threadName="main" threadId="0000000002184A00" bytes="8379616" />
</allocation-stats>
<gc-op id="248" type="mark" timems="5.152" contextid="245" timestamp="2019-08-03T02:52:43.782">
  <trace-info objectcount="599" scancount="552" scanbytes="52812" />
  <cardclean-info objects="645" bytes="36644" />
  <remembered-set-cleared processed="9304" cleared="155" durationms="0.093" />
  <references type="soft" candidates="34" cleared="0" enqueued="0" dynamicThreshold="12" maxThreshold="32" />
  <references type="weak" candidates="22" cleared="11" enqueued="11" />
  <references type="phantom" candidates="5" cleared="2" enqueued="2" />
  <stringconstants candidates="8698" cleared="12"  />
  <warning details="Mark invoked due to insufficient free space for Copy-Forward" />
</gc-op>
<gc-op id="249" type="classunload" timems="0.003" contextid="245" timestamp="2019-08-03T02:52:43.782">
  <classunload-info classloadercandidates="17" classloadersunloaded="0" classesunloaded="0" anonymousclassesunloaded="0" quiescems="0.000" setupms="0.003" scanms="0.000" postms="0.000" />
</gc-op>
<gc-op id="250" type="sweep" timems="1.345" contextid="245" timestamp="2019-08-03T02:52:43.784" />
<gc-op id="251" type="compact" timems="2.767" contextid="245" timestamp="2019-08-03T02:52:43.787">
  <compact-info movecount="598" movebytes="333104" />
  <remembered-set-cleared processed="18912" cleared="586" durationms="0.093" />
</gc-op>
<heap-resize id="252" type="expand" space="default" amount="1048576" count="1" timems="0.065" reason="insufficient free space following gc" timestamp="2019-08-03T02:52:43.787" />
<gc-end id="253" type="partial gc" contextid="245" durationms="11.240" usertimems="16.000" systemtimems="0.000" timestamp="2019-08-03T02:52:43.788" activeThreads="8">
  <mem-info id="254" free="8388608" total="23068672" percent="36">
    <mem type="eden" free="714952" total="1048576" percent="68" />
    <pending-finalizers system="0" default="0" reference="13" classloader="0" />
    <remembered-set count="12256" freebytes="871808" totalbytes="920832" percent="94" regionsoverflowed="0" regionsstable="0" regionsrebuilding="0"/>
  </mem-info>
</gc-end>
<cycle-end id="255" type="partial gc" contextid="245" timestamp="2019-08-03T02:52:43.788" />
  <attribute name="elasticGC enabled" value="1" />
  <attribute name= "numThreadsSpecified" value="2" />
  <attribute name="heapSize specified" value="0" />
  <attribute name= "numCores" value="8" />
  <attribute name ="GC Interval" value="0" />
  <attribute name ="Control flow" value="3" />
  <attribute name="GC Util Range Max" value="156" />
  <attribute name="Current GC Util" value="81" />
  <attribute name= "Current Time Running" value="5537" />
<exclusive-end id="256" timestamp="2019-08-03T02:52:43.788" durationms="12.472" />

<exclusive-start id="257" timestamp="2019-08-03T02:52:43.962" intervalms="186.820">
  <response-info timems="0.072" idlems="0.072" threads="0" lastid="0000000002184A00" lastname="main" />
</exclusive-start>
<allocation-taxation id="258" taxation-threshold="8388608" timestamp="2019-08-03T02:52:43.963" intervalms="186.871" />
<cycle-start id="259" type="partial gc" contextid="0" timestamp="2019-08-03T02:52:43.963" intervalms="187.464" />
<gc-start id="260" type="partial gc" contextid="259" timestamp="2019-08-03T02:52:43.964">
  <mem-info id="261" free="0" total="23068672" percent="0">
    <mem type="eden" free="0" total="8388608" percent="0" />
    <remembered-set count="11872" freebytes="873344" totalbytes="920832" percent="94" regionsoverflowed="0" regionsstable="0" regionsrebuilding="0"/>
  </mem-info>
</gc-start>
<allocation-stats totalBytes="8387344" >
  <allocated-bytes non-tlh="0" tlh="8387344" arrayletleaf="0"/>
  <largest-consumer threadName="main" threadId="0000000002184A00" bytes="8383248" />
</allocation-stats>
<gc-op id="262" type="mark" timems="6.431" contextid="259" timestamp="2019-08-03T02:52:43.971">
  <trace-info objectcount="568" scancount="525" scanbytes="52068" />
  <cardclean-info objects="223" bytes="23464" />
  <remembered-set-cleared processed="9485" cleared="246" durationms="0.099" />
  <references type="soft" candidates="34" cleared="0" enqueued="0" dynamicThreshold="11" maxThreshold="32" />
  <references type="weak" candidates="10" cleared="0" enqueued="0" />
  <references type="phantom" candidates="3" cleared="0" enqueued="0" />
  <stringconstants candidates="8686" cleared="0"  />
  <warning details="Mark invoked due to insufficient free space for Copy-Forward" />
</gc-op>
<gc-op id="263" type="classunload" timems="0.003" contextid="259" timestamp="2019-08-03T02:52:43.971">
  <classunload-info classloadercandidates="17" classloadersunloaded="0" classesunloaded="0" anonymousclassesunloaded="0" quiescems="0.000" setupms="0.002" scanms="0.000" postms="0.000" />
</gc-op>
<gc-op id="264" type="sweep" timems="0.506" contextid="259" timestamp="2019-08-03T02:52:43.972" />
<gc-op id="265" type="compact" timems="0.898" contextid="259" timestamp="2019-08-03T02:52:43.973">
  <compact-info movecount="566" movebytes="332112" />
  <remembered-set-cleared processed="19114" cleared="624" durationms="0.099" />
</gc-op>
<heap-resize id="266" type="expand" space="default" amount="1048576" count="1" timems="0.050" reason="insufficient free space following gc" timestamp="2019-08-03T02:52:43.973" />
<gc-end id="267" type="partial gc" contextid="259" durationms="9.753" usertimems="16.000" systemtimems="0.000" timestamp="2019-08-03T02:52:43.973" activeThreads="2">
  <mem-info id="268" free="8388608" total="24117248" percent="34">
    <mem type="eden" free="1015616" total="1048576" percent="96" />
    <remembered-set count="14048" freebytes="906496" totalbytes="962688" percent="94" regionsoverflowed="0" regionsstable="0" regionsrebuilding="0"/>
  </mem-info>
</gc-end>
<cycle-end id="269" type="partial gc" contextid="259" timestamp="2019-08-03T02:52:43.974" />
  <attribute name="elasticGC enabled" value="1" />
  <attribute name= "numThreadsSpecified" value="2" />
  <attribute name="heapSize specified" value="0" />
  <attribute name= "numCores" value="8" />
  <attribute name ="GC Interval" value="0" />
  <attribute name ="Control flow" value="2" />
  <attribute name="GC Util Range Max" value="156" />
  <attribute name="Current GC Util" value="10" />
  <attribute name= "Current Time Running" value="5725" />
<exclusive-end id="270" timestamp="2019-08-03T02:52:43.974" durationms="11.534" />

<exclusive-start id="271" timestamp="2019-08-03T02:52:44.012" intervalms="49.703">
  <response-info timems="0.079" idlems="0.079" threads="0" lastid="0000000002184A00" lastname="main" />
</exclusive-start>
<allocation-taxation id="272" taxation-threshold="8388608" timestamp="2019-08-03T02:52:44.012" intervalms="49.731" />
<cycle-start id="273" type="partial gc" contextid="0" timestamp="2019-08-03T02:52:44.013" intervalms="49.242" />
<gc-start id="274" type="partial gc" contextid="273" timestamp="2019-08-03T02:52:44.013">
  <mem-info id="275" free="0" total="24117248" percent="0">
    <mem type="eden" free="1015616" total="9437184" percent="10" />
    <remembered-set count="13696" freebytes="907904" totalbytes="962688" percent="94" regionsoverflowed="0" regionsstable="0" regionsrebuilding="0"/>
  </mem-info>
</gc-start>
<allocation-stats totalBytes="8359816" >
  <allocated-bytes non-tlh="0" tlh="8359816" arrayletleaf="0"/>
  <largest-consumer threadName="main" threadId="0000000002184A00" bytes="8359816" />
</allocation-stats>
<gc-op id="276" type="mark" timems="4.575" contextid="273" timestamp="2019-08-03T02:52:44.018">
  <trace-info objectcount="14" scancount="14" scanbytes="33056" />
  <cardclean-info objects="14" bytes="536" />
  <remembered-set-cleared processed="9593" cleared="9" durationms="0.109" />
  <stringconstants candidates="8686" cleared="0"  />
  <warning details="Mark invoked due to insufficient free space for Copy-Forward" />
</gc-op>
<gc-op id="277" type="classunload" timems="0.003" contextid="273" timestamp="2019-08-03T02:52:44.019">
  <classunload-info classloadercandidates="17" classloadersunloaded="0" classesunloaded="0" anonymousclassesunloaded="0" quiescems="0.000" setupms="0.002" scanms="0.000" postms="0.000" />
</gc-op>
<gc-op id="278" type="sweep" timems="1.121" contextid="273" timestamp="2019-08-03T02:52:44.020" />
<gc-op id="279" type="compact" timems="1.129" contextid="273" timestamp="2019-08-03T02:52:44.021">
  <compact-info movecount="14" movebytes="33072" />
  <remembered-set-cleared processed="19186" cleared="18" durationms="0.109" />
</gc-op>
<heap-resize id="280" type="expand" space="default" amount="2097152" count="1" timems="0.058" reason="insufficient free space following gc" timestamp="2019-08-03T02:52:44.022" />
<gc-end id="281" type="partial gc" contextid="273" durationms="8.891" usertimems="12.000" systemtimems="0.000" timestamp="2019-08-03T02:52:44.022" activeThreads="2">
  <mem-info id="282" free="10485760" total="26214400" percent="40">
    <mem type="eden" free="1015504" total="1048576" percent="96" />
    <remembered-set count="12480" freebytes="996480" totalbytes="1046400" percent="95" regionsoverflowed="0" regionsstable="0" regionsrebuilding="0"/>
  </mem-info>
</gc-end>
<cycle-end id="283" type="partial gc" contextid="273" timestamp="2019-08-03T02:52:44.022" />
  <attribute name="elasticGC enabled" value="1" />
  <attribute name= "numThreadsSpecified" value="2" />
  <attribute name="heapSize specified" value="0" />
  <attribute name= "numCores" value="8" />
  <attribute name ="GC Interval" value="0" />
  <attribute name ="Control flow" value="2" />
  <attribute name="GC Util Range Max" value="156" />
  <attribute name="Current GC Util" value="95" />
  <attribute name= "Current Time Running" value="5773" />
<exclusive-end id="284" timestamp="2019-08-03T02:52:44.022" durationms="10.355" />

<exclusive-start id="285" timestamp="2019-08-03T02:52:44.087" intervalms="74.830">
  <response-info timems="0.033" idlems="0.033" threads="0" lastid="0000000002184A00" lastname="main" />
</exclusive-start>
<allocation-taxation id="286" taxation-threshold="10485760" timestamp="2019-08-03T02:52:44.087" intervalms="74.661" />
<cycle-start id="287" type="partial gc" contextid="0" timestamp="2019-08-03T02:52:44.087" intervalms="74.522" />
<gc-start id="288" type="partial gc" contextid="287" timestamp="2019-08-03T02:52:44.087">
  <mem-info id="289" free="0" total="26214400" percent="0">
    <mem type="eden" free="1015504" total="11534336" percent="8" />
    <remembered-set count="12000" freebytes="998400" totalbytes="1046400" percent="95" regionsoverflowed="0" regionsstable="0" regionsrebuilding="0"/>
  </mem-info>
</gc-start>
<allocation-stats totalBytes="10478136" >
  <allocated-bytes non-tlh="68048" tlh="10410088" arrayletleaf="0"/>
  <largest-consumer threadName="main" threadId="0000000002184A00" bytes="10478136" />
</allocation-stats>
<gc-op id="290" type="mark" timems="1.105" contextid="287" timestamp="2019-08-03T02:52:44.089">
  <trace-info objectcount="2183" scancount="1602" scanbytes="78568" />
  <cardclean-info objects="316" bytes="17012" />
  <remembered-set-cleared processed="9667" cleared="166" durationms="0.148" />
  <references type="soft" candidates="3" cleared="0" enqueued="0" dynamicThreshold="12" maxThreshold="32" />
  <references type="weak" candidates="27" cleared="17" enqueued="17" />
  <references type="phantom" candidates="4" cleared="2" enqueued="2" />
  <stringconstants candidates="9087" cleared="0"  />
  <warning details="Mark invoked due to insufficient free space for Copy-Forward" />
</gc-op>
<gc-op id="291" type="classunload" timems="0.003" contextid="287" timestamp="2019-08-03T02:52:44.089">
  <classunload-info classloadercandidates="17" classloadersunloaded="0" classesunloaded="0" anonymousclassesunloaded="0" quiescems="0.000" setupms="0.003" scanms="0.000" postms="0.000" />
</gc-op>
<gc-op id="292" type="sweep" timems="0.366" contextid="287" timestamp="2019-08-03T02:52:44.090" />
<gc-op id="293" type="compact" timems="3.551" contextid="287" timestamp="2019-08-03T02:52:44.094">
  <compact-info movecount="2183" movebytes="113384" />
  <remembered-set-cleared processed="19460" cleared="426" durationms="0.148" />
</gc-op>
<gc-end id="294" type="partial gc" contextid="287" durationms="6.444" usertimems="8.000" systemtimems="0.000" timestamp="2019-08-03T02:52:44.094" activeThreads="8">
  <mem-info id="295" free="10485760" total="26214400" percent="40">
    <mem type="eden" free="935192" total="1048576" percent="89" />
    <pending-finalizers system="0" default="0" reference="19" classloader="0" />
    <remembered-set count="12352" freebytes="996992" totalbytes="1046400" percent="95" regionsoverflowed="0" regionsstable="0" regionsrebuilding="0"/>
  </mem-info>
</gc-end>
<cycle-end id="296" type="partial gc" contextid="287" timestamp="2019-08-03T02:52:44.094" />
  <attribute name="elasticGC enabled" value="1" />
  <attribute name= "numThreadsSpecified" value="2" />
  <attribute name="heapSize specified" value="0" />
  <attribute name= "numCores" value="8" />
  <attribute name ="GC Interval" value="0" />
  <attribute name ="Control flow" value="3" />
  <attribute name="GC Util Range Max" value="156" />
  <attribute name="Current GC Util" value="11" />
  <attribute name= "Current Time Running" value="5843" />
<exclusive-end id="297" timestamp="2019-08-03T02:52:44.094" durationms="7.351" />

</verbosegc>

