<?xml version="1.0" ?>

<verbosegc xmlns="http://www.ibm.com/j9/verbosegc" version="10b4217_CMPRSS">

<initialized id="1" timestamp="2019-06-16T21:30:13.913">
  <attribute name="gcPolicy" value="-Xgcpolicy:gencon" />
  <attribute name="elasticGC enabled" value="1" />
  <attribute name= "numThreadsSpecified" value="0" />
  <attribute name="heapSize specified" value="0" />
  <attribute name="Current GC Util" value="0" />
  <attribute name= "Current Time Running" value="0" />
  <attribute name ="GC Interval" value="0" />
  <attribute name="ProportionalT" value="0.000000" />
  <attribute name="ProportionalI" value="0.000000" />
  <attribute name="ProportionalH" value="0.000000" />
  <attribute name="IntegralT" value="0.000000" />
  <attribute name="IntegralI" value="0.000000" />
  <attribute name="IntegralH" value="0.000000" />
  <attribute name="DerivativeT" value="0.000000" />
  <attribute name="DerivativeI" value="0.000000" />
  <attribute name="DerivativeH" value="0.000000" />
  <attribute name="Target GC Util Change" value ="0.000000" />
  <attribute name="Current GC Util Change" value="0.000000"/>
  <attribute name="Current Error" value="0.000000" />
  <attribute name="Loop Time for DT" value="0.000000" />
  <attribute name="Output H" value="0"/>
  <attribute name="Output I" value="0"/>
  <attribute name="Output T" value="0"/>
  <attribute name="GC Util currently" value="0" />
  <attribute name="CPU Util currently" value="0" />
  <attribute name="maxHeapSize" value="0x7cbc0000" />
  <attribute name="initialHeapSize" value="0x800000" />
  <attribute name="compressedRefs" value="true" />
  <attribute name="compressedRefsDisplacement" value="0x0" />
  <attribute name="compressedRefsShift" value="0x0" />
  <attribute name="pageSize" value="0x1000" />
  <attribute name="pageType" value="not used" />
  <attribute name="requestedPageSize" value="0x1000" />
  <attribute name="requestedPageType" value="not used" />
  <attribute name="gcthreads" value="4" />
  <attribute name="gcthreads Concurrent Mark" value="1" />
  <attribute name="packetListSplit" value="4" />
  <attribute name="cacheListSplit" value="4" />
  <attribute name="splitFreeListSplitAmount" value="1" />
  <attribute name="numaNodes" value="0" />
  <system>
    <attribute name="physicalMemory" value="8370958336" />
    <attribute name="numCPUs" value="4" />
    <attribute name="architecture" value="amd64" />
    <attribute name="os" value="Linux" />
    <attribute name="osVersion" value="4.4.0-150-generic" />
  </system>
  <vmargs>
    <vmarg name="-Xoptionsfile=/vagrant/jdk/lib/options.default" />
    <vmarg name="-Xlockword:mode=default,noLockword=java/lang/String,noLockword=java/util/MapEntry,noLockword=java/util/HashMap$Entry,noLockword..." />
    <vmarg name="-Xjcl:jclse29" />
    <vmarg name="-Dcom.ibm.oti.vm.bootstrap.library.path=/vagrant/jdk/lib/compressedrefs:/vagrant/jdk/lib" />
    <vmarg name="-Dsun.boot.library.path=/vagrant/jdk/lib/compressedrefs:/vagrant/jdk/lib" />
    <vmarg name="-Djava.library.path=/vagrant/jdk/lib/compressedrefs:/vagrant/jdk/lib:/usr/lib64:/usr/lib" />
    <vmarg name="-Djava.home=/vagrant/jdk" />
    <vmarg name="-Duser.dir=/vagrant" />
    <vmarg name="-Xgcpolicy:gencon" />
    <vmarg name="-Xgcelastic" />
    <vmarg name="-Xcheck:gc:::elasticGC" />
    <vmarg name="-verbose:gc" />
    <vmarg name="-Xloggc:jdk0.5-0.5-1-default-GEN-4CORE-elasticverbose13jython.txt" />
    <vmarg name="-Djava.class.path=dacapo-9.12-MR1-bach.jar" />
    <vmarg name="-Dsun.java.command=dacapo-9.12-MR1-bach.jar jython --size=default" />
    <vmarg name="-Dsun.java.launcher=SUN_STANDARD" />
    <vmarg name="-Dsun.java.launcher.pid=10805" />
  </vmargs>
</initialized>

<exclusive-start id="2" timestamp="2019-06-16T21:30:14.103" intervalms="189.293">
  <response-info timems="0.055" idlems="0.037" threads="1" lastid="0000000002217300" lastname="JIT Compilation Thread-0" />
</exclusive-start>
<af-start id="3" threadId="0000000002214088" totalBytesRequested="7176" timestamp="2019-06-16T21:30:14.103" intervalms="189.519" type="nursery" />
<cycle-start id="4" type="scavenge" contextid="0" timestamp="2019-06-16T21:30:14.103" intervalms="190.015" />
<gc-start id="5" type="scavenge" contextid="4" timestamp="2019-06-16T21:30:14.108">
  <mem-info id="6" free="6062624" total="8388608" percent="72">
    <mem type="nursery" free="0" total="2097152" percent="0">
      <mem type="allocate" free="0" total="1048576" percent="0" />
      <mem type="survivor" free="0" total="1048576" percent="0" />
    </mem>
    <mem type="tenure" free="6062624" total="6291456" percent="96">
      <mem type="soa" free="5748256" total="5977088" percent="96" />
      <mem type="loa" free="314368" total="314368" percent="100" />
    </mem>
    <remembered-set count="3161" />
  </mem-info>
</gc-start>
<allocation-stats totalBytes="1274160" >
  <allocated-bytes non-tlh="344784" tlh="929376" />
  <largest-consumer threadName="main" threadId="0000000002213700" bytes="1199768" />
</allocation-stats>
<gc-op id="7" type="scavenge" timems="2.177" contextid="4" timestamp="2019-06-16T21:30:14.111">
  <scavenger-info tenureage="2" tenuremask="fffc" tiltratio="50" />
  <memory-copied type="nursery" objects="10578" bytes="479616" bytesdiscarded="91080" />
  <finalization candidates="11" enqueued="0" />
  <references type="soft" candidates="62" cleared="0" enqueued="0" dynamicThreshold="32" maxThreshold="32" />
  <references type="weak" candidates="309" cleared="177" enqueued="141" />
  <references type="phantom" candidates="25" cleared="6" enqueued="6" />
</gc-op>
<gc-end id="8" type="scavenge" contextid="4" durationms="5.985" usertimems="4.000" systemtimems="0.000" timestamp="2019-06-16T21:30:14.114" activeThreads="4">
  <mem-info id="9" free="6538408" total="8388608" percent="77">
    <mem type="nursery" free="475784" total="2097152" percent="22">
      <mem type="allocate" free="475784" total="1048576" percent="45" />
      <mem type="survivor" free="0" total="1048576" percent="0" />
    </mem>
    <mem type="tenure" free="6062624" total="6291456" percent="96">
      <mem type="soa" free="5748256" total="5977088" percent="96" />
      <mem type="loa" free="314368" total="314368" percent="100" />
    </mem>
    <pending-finalizers system="0" default="0" reference="147" classloader="0" />
    <remembered-set count="3161" />
  </mem-info>
</gc-end>
<cycle-end id="10" type="scavenge" contextid="4" timestamp="2019-06-16T21:30:14.115" />
  <attribute name="elasticGC enabled" value="1" />
  <attribute name= "numThreadsSpecified" value="0" />
  <attribute name="heapSize specified" value="0" />
  <attribute name="Current GC Util" value="0" />
  <attribute name= "Current Time Running" value="74" />
  <attribute name ="GC Interval" value="1" />
  <attribute name="ProportionalT" value="0.000000" />
  <attribute name="ProportionalI" value="0.000000" />
  <attribute name="ProportionalH" value="0.000000" />
  <attribute name="Current Error" value="0.000000" />
  <attribute name="IntegralT" value="0.000000" />
  <attribute name="IntegralI" value="0.000000" />
  <attribute name="IntegralH" value="0.000000" />
  <attribute name="DerivativeT" value="0.000000" />
  <attribute name="DerivativeI" value="0.000000" />
  <attribute name="DerivativeH" value="0.000000" />
  <attribute name="Loop Time for DT" value="0.000000" />
  <attribute name="Output H" value="0"/>
  <attribute name="Output I" value="0"/>
  <attribute name="Output T" value="0"/>
  <attribute name="Target GC Util Change" value ="20.000000" />
  <attribute name="Current GC Util Change" value="0.000000"/>
  <attribute name="GC Util currently" value="0" />
  <attribute name="CPU Util currently" value="23" />
<allocation-satisfied id="11" threadId="0000000002213700" bytesRequested="7176" />
<af-end id="12" timestamp="2019-06-16T21:30:14.115" threadId="0000000002214088" success="true" from="nursery"/>
<exclusive-end id="13" timestamp="2019-06-16T21:30:14.115" durationms="12.176" />

<exclusive-start id="14" timestamp="2019-06-16T21:30:14.164" intervalms="61.377">
  <response-info timems="0.070" idlems="0.070" threads="0" lastid="0000000002213700" lastname="main" />
</exclusive-start>
<af-start id="15" threadId="0000000002214088" totalBytesRequested="520" timestamp="2019-06-16T21:30:14.164" intervalms="61.297" type="nursery" />
<cycle-start id="16" type="scavenge" contextid="0" timestamp="2019-06-16T21:30:14.164" intervalms="60.927" />
<gc-start id="17" type="scavenge" contextid="16" timestamp="2019-06-16T21:30:14.168">
  <mem-info id="18" free="6054720" total="8388608" percent="72">
    <mem type="nursery" free="0" total="2097152" percent="0">
      <mem type="allocate" free="0" total="1048576" percent="0" />
      <mem type="survivor" free="0" total="1048576" percent="0" />
    </mem>
    <mem type="tenure" free="6054720" total="6291456" percent="96">
      <mem type="soa" free="5740352" total="5977088" percent="96" />
      <mem type="loa" free="314368" total="314368" percent="100" />
    </mem>
    <remembered-set count="3264" />
  </mem-info>
</gc-start>
<allocation-stats totalBytes="482288" >
  <allocated-bytes non-tlh="15080" tlh="467208" />
  <largest-consumer threadName="main" threadId="0000000002213700" bytes="470312" />
</allocation-stats>
<gc-op id="19" type="scavenge" timems="0.972" contextid="16" timestamp="2019-06-16T21:30:14.170">
  <scavenger-info tenureage="5" tenuremask="7fe0" tiltratio="50" />
  <memory-copied type="nursery" objects="10909" bytes="486000" bytesdiscarded="115544" />
  <finalization candidates="11" enqueued="0" />
  <references type="soft" candidates="62" cleared="0" enqueued="0" dynamicThreshold="32" maxThreshold="32" />
  <references type="weak" candidates="248" cleared="103" enqueued="100" />
  <references type="phantom" candidates="37" cleared="12" enqueued="12" />
</gc-op>
<gc-end id="20" type="scavenge" contextid="16" durationms="1.422" usertimems="4.000" systemtimems="0.000" timestamp="2019-06-16T21:30:14.170" activeThreads="4">
  <mem-info id="21" free="6500288" total="8388608" percent="77">
    <mem type="nursery" free="445568" total="2097152" percent="21">
      <mem type="allocate" free="445568" total="1048576" percent="42" />
      <mem type="survivor" free="0" total="1048576" percent="0" />
    </mem>
    <mem type="tenure" free="6054720" total="6291456" percent="96">
      <mem type="soa" free="5740352" total="5977088" percent="96" />
      <mem type="loa" free="314368" total="314368" percent="100" />
    </mem>
    <pending-finalizers system="0" default="0" reference="112" classloader="0" />
    <remembered-set count="3264" />
  </mem-info>
</gc-end>
<cycle-end id="22" type="scavenge" contextid="16" timestamp="2019-06-16T21:30:14.170" />
  <attribute name="elasticGC enabled" value="1" />
  <attribute name= "numThreadsSpecified" value="4" />
  <attribute name="heapSize specified" value="0" />
  <attribute name="Current GC Util" value="18" />
  <attribute name= "Current Time Running" value="135" />
  <attribute name ="GC Interval" value="200" />
  <attribute name="ProportionalT" value="-1.000000" />
  <attribute name="ProportionalI" value="-1.000000" />
  <attribute name="ProportionalH" value="-1.000000" />
  <attribute name="Current Error" value="-2.000000" />
  <attribute name="IntegralT" value="-61.000000" />
  <attribute name="IntegralI" value="-61.000000" />
  <attribute name="IntegralH" value="-61.000000" />
  <attribute name="DerivativeT" value="-0.032787" />
  <attribute name="DerivativeI" value="-0.032787" />
  <attribute name="DerivativeH" value="-0.032787" />
  <attribute name="Loop Time for DT" value="61.000000" />
  <attribute name="Output H" value="2092630016"/>
  <attribute name="Output I" value="200"/>
  <attribute name="Output T" value="4"/>
  <attribute name="Target GC Util Change" value ="20.000000" />
  <attribute name="Current GC Util Change" value="18.000000"/>
  <attribute name="GC Util currently" value="18" />
  <attribute name="CPU Util currently" value="12" />
<allocation-satisfied id="23" threadId="0000000002213700" bytesRequested="520" />
<af-end id="24" timestamp="2019-06-16T21:30:14.170" threadId="0000000002214088" success="true" from="nursery"/>
<exclusive-end id="25" timestamp="2019-06-16T21:30:14.170" durationms="6.495" />

<exclusive-start id="26" timestamp="2019-06-16T21:30:14.181" intervalms="16.655">
  <response-info timems="0.074" idlems="0.074" threads="0" lastid="0000000002213700" lastname="main" />
</exclusive-start>
<af-start id="27" threadId="0000000002214088" totalBytesRequested="20232" timestamp="2019-06-16T21:30:14.181" intervalms="16.642" type="nursery" />
<cycle-start id="28" type="scavenge" contextid="0" timestamp="2019-06-16T21:30:14.181" intervalms="16.616" />
<gc-start id="29" type="scavenge" contextid="28" timestamp="2019-06-16T21:30:14.181">
  <mem-info id="30" free="6052200" total="8388608" percent="72">
    <mem type="nursery" free="0" total="2097152" percent="0">
      <mem type="allocate" free="0" total="1048576" percent="0" />
      <mem type="survivor" free="0" total="1048576" percent="0" />
    </mem>
    <mem type="tenure" free="6052200" total="6291456" percent="96">
      <mem type="soa" free="5737832" total="5977088" percent="95" />
      <mem type="loa" free="314368" total="314368" percent="100" />
    </mem>
    <remembered-set count="3295" />
  </mem-info>
</gc-start>
<allocation-stats totalBytes="416592" >
  <allocated-bytes non-tlh="3040" tlh="413552" />
  <largest-consumer threadName="main" threadId="0000000002213700" bytes="408400" />
</allocation-stats>
<gc-op id="31" type="scavenge" timems="0.929" contextid="28" timestamp="2019-06-16T21:30:14.182">
  <scavenger-info tenureage="4" tenuremask="7ff0" tiltratio="50" />
  <memory-copied type="nursery" objects="10916" bytes="574640" bytesdiscarded="103256" />
  <finalization candidates="11" enqueued="0" />
  <references type="soft" candidates="62" cleared="0" enqueued="0" dynamicThreshold="32" maxThreshold="32" />
  <references type="weak" candidates="217" cleared="69" enqueued="69" />
  <references type="phantom" candidates="39" cleared="10" enqueued="10" />
</gc-op>
<gc-end id="32" type="scavenge" contextid="28" durationms="1.138" usertimems="0.000" systemtimems="0.000" timestamp="2019-06-16T21:30:14.182" activeThreads="4">
  <mem-info id="33" free="6421416" total="8388608" percent="76">
    <mem type="nursery" free="369216" total="2097152" percent="17">
      <mem type="allocate" free="369216" total="1048576" percent="35" />
      <mem type="survivor" free="0" total="1048576" percent="0" />
    </mem>
    <mem type="tenure" free="6052200" total="6291456" percent="96">
      <mem type="soa" free="5737832" total="5977088" percent="95" />
      <mem type="loa" free="314368" total="314368" percent="100" />
    </mem>
    <pending-finalizers system="0" default="0" reference="79" classloader="0" />
    <remembered-set count="1025" />
  </mem-info>
</gc-end>
<cycle-end id="34" type="scavenge" contextid="28" timestamp="2019-06-16T21:30:14.182" />
  <attribute name="elasticGC enabled" value="1" />
  <attribute name= "numThreadsSpecified" value="4" />
  <attribute name="heapSize specified" value="0" />
  <attribute name="Current GC Util" value="44" />
  <attribute name= "Current Time Running" value="147" />
  <attribute name ="GC Interval" value="200" />
  <attribute name="ProportionalT" value="12.000000" />
  <attribute name="ProportionalI" value="12.000000" />
  <attribute name="ProportionalH" value="12.000000" />
  <attribute name="Current Error" value="24.000000" />
  <attribute name="IntegralT" value="83.000000" />
  <attribute name="IntegralI" value="83.000000" />
  <attribute name="IntegralH" value="83.000000" />
  <attribute name="DerivativeT" value="2.000000" />
  <attribute name="DerivativeI" value="2.000000" />
  <attribute name="DerivativeH" value="2.000000" />
  <attribute name="Loop Time for DT" value="12.000000" />
  <attribute name="Output H" value="8388608"/>
  <attribute name="Output I" value="200"/>
  <attribute name="Output T" value="4"/>
  <attribute name="Target GC Util Change" value ="20.000000" />
  <attribute name="Current GC Util Change" value="44.000000"/>
  <attribute name="GC Util currently" value="44" />
  <attribute name="CPU Util currently" value="7" />
<allocation-satisfied id="35" threadId="0000000002213700" bytesRequested="20232" />
<af-end id="36" timestamp="2019-06-16T21:30:14.182" threadId="0000000002214088" success="true" from="nursery"/>
<exclusive-end id="37" timestamp="2019-06-16T21:30:14.183" durationms="1.946" />

<exclusive-start id="38" timestamp="2019-06-16T21:30:14.801" intervalms="620.473">
  <response-info timems="0.096" idlems="0.096" threads="0" lastid="0000000002213700" lastname="main" />
</exclusive-start>
<af-start id="39" threadId="0000000002214088" totalBytesRequested="32704" timestamp="2019-06-16T21:30:14.802" intervalms="620.887" type="nursery" />
<cycle-start id="40" type="scavenge" contextid="0" timestamp="2019-06-16T21:30:14.802" intervalms="621.330" />
<gc-start id="41" type="scavenge" contextid="40" timestamp="2019-06-16T21:30:14.803">
  <mem-info id="42" free="6048480" total="8388608" percent="72">
    <mem type="nursery" free="0" total="2097152" percent="0">
      <mem type="allocate" free="0" total="1048576" percent="0" />
      <mem type="survivor" free="0" total="1048576" percent="0" />
    </mem>
    <mem type="tenure" free="6048480" total="6291456" percent="96">
      <mem type="soa" free="5734112" total="5977088" percent="95" />
      <mem type="loa" free="314368" total="314368" percent="100" />
    </mem>
    <remembered-set count="1091" />
  </mem-info>
</gc-start>
<allocation-stats totalBytes="363832" >
  <allocated-bytes non-tlh="23952" tlh="339880" />
  <largest-consumer threadName="main" threadId="0000000002213700" bytes="363832" />
</allocation-stats>
<gc-op id="43" type="scavenge" timems="4.927" contextid="40" timestamp="2019-06-16T21:30:14.808">
  <scavenger-info tenureage="3" tenuremask="fff8" tiltratio="50" />
  <memory-copied type="nursery" objects="728" bytes="140056" bytesdiscarded="45032" />
  <memory-copied type="tenure" objects="10289" bytes="459856" bytesdiscarded="440" />
  <finalization candidates="13" enqueued="0" />
  <references type="soft" candidates="1" cleared="0" enqueued="0" dynamicThreshold="32" maxThreshold="32" />
  <references type="weak" candidates="61" cleared="46" enqueued="46" />
  <references type="phantom" candidates="20" cleared="10" enqueued="10" />
</gc-op>
<gc-end id="44" type="scavenge" contextid="40" durationms="6.332" usertimems="8.000" systemtimems="0.000" timestamp="2019-06-16T21:30:14.809" activeThreads="4">
  <mem-info id="45" free="6210568" total="8388608" percent="74">
    <mem type="nursery" free="863432" total="2097152" percent="41">
      <mem type="allocate" free="863432" total="1048576" percent="82" />
      <mem type="survivor" free="0" total="1048576" percent="0" />
    </mem>
    <mem type="tenure" free="5347136" total="6291456" percent="84">
      <mem type="soa" free="5032768" total="5977088" percent="84" />
      <mem type="loa" free="314368" total="314368" percent="100" />
    </mem>
    <pending-finalizers system="0" default="0" reference="56" classloader="0" />
    <remembered-set count="206" />
  </mem-info>
</gc-end>
<cycle-end id="46" type="scavenge" contextid="40" timestamp="2019-06-16T21:30:14.809" />
  <attribute name="elasticGC enabled" value="1" />
  <attribute name= "numThreadsSpecified" value="4" />
  <attribute name="heapSize specified" value="0" />
  <attribute name="Current GC Util" value="0" />
  <attribute name= "Current Time Running" value="769" />
  <attribute name ="GC Interval" value="200" />
  <attribute name="ProportionalT" value="-10.000000" />
  <attribute name="ProportionalI" value="-10.000000" />
  <attribute name="ProportionalH" value="-10.000000" />
  <attribute name="Current Error" value="-20.000000" />
  <attribute name="IntegralT" value="-6137.000000" />
  <attribute name="IntegralI" value="-6137.000000" />
  <attribute name="IntegralH" value="-6137.000000" />
  <attribute name="DerivativeT" value="-0.070740" />
  <attribute name="DerivativeI" value="-0.070740" />
  <attribute name="DerivativeH" value="-0.070740" />
  <attribute name="Loop Time for DT" value="622.000000" />
  <attribute name="Output H" value="2092630016"/>
  <attribute name="Output I" value="200"/>
  <attribute name="Output T" value="4"/>
  <attribute name="Target GC Util Change" value ="20.000000" />
  <attribute name="Current GC Util Change" value="0.000000"/>
  <attribute name="GC Util currently" value="0" />
  <attribute name="CPU Util currently" value="6" />
<allocation-satisfied id="47" threadId="0000000002213700" bytesRequested="32704" />
<af-end id="48" timestamp="2019-06-16T21:30:14.810" threadId="0000000002214088" success="true" from="nursery"/>
<exclusive-end id="49" timestamp="2019-06-16T21:30:14.811" durationms="9.800" />

<exclusive-start id="50" timestamp="2019-06-16T21:30:17.827" intervalms="3025.560">
  <response-info timems="0.234" idlems="0.234" threads="0" lastid="0000000002213700" lastname="main" />
</exclusive-start>
<af-start id="51" threadId="0000000002214088" totalBytesRequested="2056" timestamp="2019-06-16T21:30:17.827" intervalms="3025.561" type="nursery" />
<cycle-start id="52" type="scavenge" contextid="0" timestamp="2019-06-16T21:30:17.828" intervalms="3025.520" />
<gc-start id="53" type="scavenge" contextid="52" timestamp="2019-06-16T21:30:17.828">
  <mem-info id="54" free="5346216" total="8388608" percent="63">
    <mem type="nursery" free="0" total="2097152" percent="0">
      <mem type="allocate" free="0" total="1048576" percent="0" />
      <mem type="survivor" free="0" total="1048576" percent="0" />
    </mem>
    <mem type="tenure" free="5346216" total="6291456" percent="84">
      <mem type="soa" free="5031848" total="5977088" percent="84" />
      <mem type="loa" free="314368" total="314368" percent="100" />
    </mem>
    <remembered-set count="229" />
  </mem-info>
</gc-start>
<allocation-stats totalBytes="844664" >
  <allocated-bytes non-tlh="33624" tlh="811040" />
  <largest-consumer threadName="main" threadId="0000000002213700" bytes="844664" />
</allocation-stats>
<gc-op id="55" type="scavenge" timems="3.615" contextid="52" timestamp="2019-06-16T21:30:17.833">
  <scavenger-info tenureage="3" tenuremask="fff8" tiltratio="50" />
  <memory-copied type="nursery" objects="454" bytes="161344" bytesdiscarded="60736" />
  <memory-copied type="tenure" objects="304" bytes="15560" bytesdiscarded="0" />
  <finalization candidates="3" enqueued="1" />
  <references type="soft" candidates="1" cleared="0" enqueued="0" dynamicThreshold="32" maxThreshold="32" />
  <references type="weak" candidates="10" cleared="8" enqueued="8" />
  <references type="phantom" candidates="12" cleared="6" enqueued="6" />
</gc-op>
<gc-end id="56" type="scavenge" contextid="52" durationms="5.171" usertimems="0.000" systemtimems="0.000" timestamp="2019-06-16T21:30:17.833" activeThreads="4">
  <mem-info id="57" free="6172632" total="8388608" percent="73">
    <mem type="nursery" free="826416" total="2097152" percent="39">
      <mem type="allocate" free="826416" total="1048576" percent="78" />
      <mem type="survivor" free="0" total="1048576" percent="0" />
    </mem>
    <mem type="tenure" free="5346216" total="6291456" percent="84">
      <mem type="soa" free="5031848" total="5977088" percent="84" />
      <mem type="loa" free="314368" total="314368" percent="100" />
    </mem>
    <pending-finalizers system="1" default="0" reference="14" classloader="0" />
    <remembered-set count="180" />
  </mem-info>
</gc-end>
<cycle-end id="58" type="scavenge" contextid="52" timestamp="2019-06-16T21:30:17.834" />
  <attribute name="elasticGC enabled" value="1" />
  <attribute name= "numThreadsSpecified" value="4" />
  <attribute name="heapSize specified" value="0" />
  <attribute name="Current GC Util" value="0" />
  <attribute name= "Current Time Running" value="3795" />
  <attribute name ="GC Interval" value="200" />
  <attribute name="ProportionalT" value="-10.000000" />
  <attribute name="ProportionalI" value="-10.000000" />
  <attribute name="ProportionalH" value="-10.000000" />
  <attribute name="Current Error" value="-20.000000" />
  <attribute name="IntegralT" value="-36397.000000" />
  <attribute name="IntegralI" value="-36397.000000" />
  <attribute name="IntegralH" value="-36397.000000" />
  <attribute name="DerivativeT" value="-0.006609" />
  <attribute name="DerivativeI" value="-0.006609" />
  <attribute name="DerivativeH" value="-0.006609" />
  <attribute name="Loop Time for DT" value="3026.000000" />
  <attribute name="Output H" value="2092630016"/>
  <attribute name="Output I" value="200"/>
  <attribute name="Output T" value="4"/>
  <attribute name="Target GC Util Change" value ="20.000000" />
  <attribute name="Current GC Util Change" value="0.000000"/>
  <attribute name="GC Util currently" value="0" />
  <attribute name="CPU Util currently" value="5" />
<allocation-satisfied id="59" threadId="0000000002213700" bytesRequested="2056" />
<af-end id="60" timestamp="2019-06-16T21:30:17.835" threadId="0000000002214088" success="true" from="nursery"/>
<exclusive-end id="61" timestamp="2019-06-16T21:30:17.835" durationms="8.739" />

<exclusive-start id="62" timestamp="2019-06-16T21:30:21.293" intervalms="3466.309">
  <response-info timems="0.193" idlems="0.193" threads="0" lastid="0000000002213700" lastname="main" />
</exclusive-start>
<af-start id="63" threadId="0000000002214088" totalBytesRequested="2056" timestamp="2019-06-16T21:30:21.293" intervalms="3466.313" type="nursery" />
<cycle-start id="64" type="scavenge" contextid="0" timestamp="2019-06-16T21:30:21.294" intervalms="3466.295" />
<gc-start id="65" type="scavenge" contextid="64" timestamp="2019-06-16T21:30:21.294">
  <mem-info id="66" free="5346216" total="8388608" percent="63">
    <mem type="nursery" free="0" total="2097152" percent="0">
      <mem type="allocate" free="0" total="1048576" percent="0" />
      <mem type="survivor" free="0" total="1048576" percent="0" />
    </mem>
    <mem type="tenure" free="5346216" total="6291456" percent="84">
      <mem type="soa" free="5031848" total="5977088" percent="84" />
      <mem type="loa" free="314368" total="314368" percent="100" />
    </mem>
    <remembered-set count="183" />
  </mem-info>
</gc-start>
<allocation-stats totalBytes="812016" >
  <allocated-bytes non-tlh="2056" tlh="809960" />
  <largest-consumer threadName="main" threadId="0000000002213700" bytes="812016" />
</allocation-stats>
<gc-op id="67" type="scavenge" timems="3.365" contextid="64" timestamp="2019-06-16T21:30:21.299">
  <scavenger-info tenureage="3" tenuremask="fff8" tiltratio="50" />
  <memory-copied type="nursery" objects="387" bytes="82752" bytesdiscarded="20096" />
  <memory-copied type="tenure" objects="32" bytes="1896" bytesdiscarded="0" />
  <finalization candidates="2" enqueued="0" />
  <references type="soft" candidates="1" cleared="0" enqueued="0" dynamicThreshold="32" maxThreshold="32" />
  <references type="weak" candidates="1" cleared="0" enqueued="0" />
  <references type="phantom" candidates="5" cleared="0" enqueued="0" />
</gc-op>
<gc-end id="68" type="scavenge" contextid="64" durationms="5.787" usertimems="4.000" systemtimems="4.000" timestamp="2019-06-16T21:30:21.300" activeThreads="4">
  <mem-info id="69" free="6357400" total="8388608" percent="75">
    <mem type="nursery" free="1011184" total="2097152" percent="48">
      <mem type="allocate" free="1011184" total="1114112" percent="90" />
      <mem type="survivor" free="0" total="983040" percent="0" />
    </mem>
    <mem type="tenure" free="5346216" total="6291456" percent="84">
      <mem type="soa" free="5031848" total="5977088" percent="84" />
      <mem type="loa" free="314368" total="314368" percent="100" />
    </mem>
    <remembered-set count="100" />
  </mem-info>
</gc-end>
<cycle-end id="70" type="scavenge" contextid="64" timestamp="2019-06-16T21:30:21.301" />
  <attribute name="elasticGC enabled" value="1" />
  <attribute name= "numThreadsSpecified" value="4" />
  <attribute name="heapSize specified" value="0" />
  <attribute name="Current GC Util" value="0" />
  <attribute name= "Current Time Running" value="7261" />
  <attribute name ="GC Interval" value="200" />
  <attribute name="ProportionalT" value="-10.000000" />
  <attribute name="ProportionalI" value="-10.000000" />
  <attribute name="ProportionalH" value="-10.000000" />
  <attribute name="Current Error" value="-20.000000" />
  <attribute name="IntegralT" value="-71057.000000" />
  <attribute name="IntegralI" value="-71057.000000" />
  <attribute name="IntegralH" value="-71057.000000" />
  <attribute name="DerivativeT" value="-0.005770" />
  <attribute name="DerivativeI" value="-0.005770" />
  <attribute name="DerivativeH" value="-0.005770" />
  <attribute name="Loop Time for DT" value="3466.000000" />
  <attribute name="Output H" value="2092630016"/>
  <attribute name="Output I" value="200"/>
  <attribute name="Output T" value="4"/>
  <attribute name="Target GC Util Change" value ="20.000000" />
  <attribute name="Current GC Util Change" value="0.000000"/>
  <attribute name="GC Util currently" value="0" />
  <attribute name="CPU Util currently" value="3" />
<allocation-satisfied id="71" threadId="0000000002213700" bytesRequested="2056" />
<af-end id="72" timestamp="2019-06-16T21:30:21.302" threadId="0000000002214088" success="true" from="nursery"/>
<exclusive-end id="73" timestamp="2019-06-16T21:30:21.302" durationms="9.213" />

<exclusive-start id="74" timestamp="2019-06-16T21:30:24.881" intervalms="3588.283">
  <response-info timems="0.207" idlems="0.207" threads="0" lastid="0000000002213700" lastname="main" />
</exclusive-start>
<af-start id="75" threadId="0000000002214088" totalBytesRequested="2056" timestamp="2019-06-16T21:30:24.882" intervalms="3588.387" type="nursery" />
<cycle-start id="76" type="scavenge" contextid="0" timestamp="2019-06-16T21:30:24.882" intervalms="3588.356" />
<gc-start id="77" type="scavenge" contextid="76" timestamp="2019-06-16T21:30:24.883">
  <mem-info id="78" free="5346216" total="8388608" percent="63">
    <mem type="nursery" free="0" total="2097152" percent="0">
      <mem type="allocate" free="0" total="1114112" percent="0" />
      <mem type="survivor" free="0" total="983040" percent="0" />
    </mem>
    <mem type="tenure" free="5346216" total="6291456" percent="84">
      <mem type="soa" free="5031848" total="5977088" percent="84" />
      <mem type="loa" free="314368" total="314368" percent="100" />
    </mem>
    <remembered-set count="100" />
  </mem-info>
</gc-start>
<allocation-stats totalBytes="999984" >
  <allocated-bytes non-tlh="2056" tlh="997928" />
  <largest-consumer threadName="main" threadId="0000000002213700" bytes="999984" />
</allocation-stats>
<gc-op id="79" type="scavenge" timems="3.925" contextid="76" timestamp="2019-06-16T21:30:24.888">
  <scavenger-info tenureage="3" tenuremask="fff8" tiltratio="53" />
  <memory-copied type="nursery" objects="157" bytes="25544" bytesdiscarded="52760" />
  <memory-copied type="tenure" objects="230" bytes="57168" bytesdiscarded="40" />
  <finalization candidates="2" enqueued="0" />
  <references type="weak" candidates="1" cleared="0" enqueued="0" />
  <references type="phantom" candidates="3" cleared="0" enqueued="0" />
</gc-op>
<gc-end id="80" type="scavenge" contextid="76" durationms="6.082" usertimems="4.000" systemtimems="4.000" timestamp="2019-06-16T21:30:24.889" activeThreads="4">
  <mem-info id="81" free="6539432" total="8388608" percent="77">
    <mem type="nursery" free="1232384" total="2097152" percent="58">
      <mem type="allocate" free="1232384" total="1310720" percent="94" />
      <mem type="survivor" free="0" total="786432" percent="0" />
    </mem>
    <mem type="tenure" free="5307048" total="6291456" percent="84">
      <mem type="soa" free="4992680" total="5977088" percent="83" />
      <mem type="loa" free="314368" total="314368" percent="100" />
    </mem>
    <remembered-set count="84" />
  </mem-info>
</gc-end>
<cycle-end id="82" type="scavenge" contextid="76" timestamp="2019-06-16T21:30:24.889" />
  <attribute name="elasticGC enabled" value="1" />
  <attribute name= "numThreadsSpecified" value="4" />
  <attribute name="heapSize specified" value="0" />
  <attribute name="Current GC Util" value="0" />
  <attribute name= "Current Time Running" value="10850" />
  <attribute name ="GC Interval" value="200" />
  <attribute name="ProportionalT" value="-10.000000" />
  <attribute name="ProportionalI" value="-10.000000" />
  <attribute name="ProportionalH" value="-10.000000" />
  <attribute name="Current Error" value="-20.000000" />
  <attribute name="IntegralT" value="-35890.000000" />
  <attribute name="IntegralI" value="-35890.000000" />
  <attribute name="IntegralH" value="-35890.000000" />
  <attribute name="DerivativeT" value="-0.005573" />
  <attribute name="DerivativeI" value="-0.005573" />
  <attribute name="DerivativeH" value="-0.005573" />
  <attribute name="Loop Time for DT" value="3589.000000" />
  <attribute name="Output H" value="2092630016"/>
  <attribute name="Output I" value="200"/>
  <attribute name="Output T" value="4"/>
  <attribute name="Target GC Util Change" value ="20.000000" />
  <attribute name="Current GC Util Change" value="0.000000"/>
  <attribute name="GC Util currently" value="0" />
  <attribute name="CPU Util currently" value="3" />
<allocation-satisfied id="83" threadId="0000000002213700" bytesRequested="2056" />
<af-end id="84" timestamp="2019-06-16T21:30:24.890" threadId="0000000002214088" success="true" from="nursery"/>
<exclusive-end id="85" timestamp="2019-06-16T21:30:24.890" durationms="9.158" />

<exclusive-start id="86" timestamp="2019-06-16T21:30:30.017" intervalms="5135.470">
  <response-info timems="0.181" idlems="0.181" threads="0" lastid="0000000002213700" lastname="main" />
</exclusive-start>
<af-start id="87" threadId="0000000002214088" totalBytesRequested="2056" timestamp="2019-06-16T21:30:30.017" intervalms="5135.428" type="nursery" />
<cycle-start id="88" type="scavenge" contextid="0" timestamp="2019-06-16T21:30:30.018" intervalms="5135.504" />
<gc-start id="89" type="scavenge" contextid="88" timestamp="2019-06-16T21:30:30.018">
  <mem-info id="90" free="5307048" total="8388608" percent="63">
    <mem type="nursery" free="0" total="2097152" percent="0">
      <mem type="allocate" free="0" total="1310720" percent="0" />
      <mem type="survivor" free="0" total="786432" percent="0" />
    </mem>
    <mem type="tenure" free="5307048" total="6291456" percent="84">
      <mem type="soa" free="4992680" total="5977088" percent="83" />
      <mem type="loa" free="314368" total="314368" percent="100" />
    </mem>
    <remembered-set count="84" />
  </mem-info>
</gc-start>
<allocation-stats totalBytes="1221192" >
  <allocated-bytes non-tlh="2056" tlh="1219136" />
  <largest-consumer threadName="main" threadId="0000000002213700" bytes="1221192" />
</allocation-stats>
<gc-op id="91" type="scavenge" timems="2.409" contextid="88" timestamp="2019-06-16T21:30:30.022">
  <scavenger-info tenureage="3" tenuremask="ffe8" tiltratio="62" />
  <memory-copied type="nursery" objects="13" bytes="448" bytesdiscarded="77872" />
  <memory-copied type="tenure" objects="144" bytes="25048" bytesdiscarded="0" />
  <references type="phantom" candidates="1" cleared="0" enqueued="0" />
</gc-op>
<gc-end id="92" type="scavenge" contextid="88" durationms="5.416" usertimems="0.000" systemtimems="4.000" timestamp="2019-06-16T21:30:30.024" activeThreads="4">
  <mem-info id="93" free="6670504" total="8388608" percent="79">
    <mem type="nursery" free="1363456" total="2097152" percent="65">
      <mem type="allocate" free="1363456" total="1441792" percent="94" />
      <mem type="survivor" free="0" total="655360" percent="0" />
    </mem>
    <mem type="tenure" free="5307048" total="6291456" percent="84" macro-fragmented="3732887">
      <mem type="soa" free="4992680" total="5977088" percent="83" />
      <mem type="loa" free="314368" total="314368" percent="100" />
    </mem>
    <remembered-set count="62" />
  </mem-info>
</gc-end>
<cycle-end id="94" type="scavenge" contextid="88" timestamp="2019-06-16T21:30:30.024" />
  <attribute name="elasticGC enabled" value="1" />
  <attribute name= "numThreadsSpecified" value="4" />
  <attribute name="heapSize specified" value="0" />
  <attribute name="Current GC Util" value="0" />
  <attribute name= "Current Time Running" value="15985" />
  <attribute name ="GC Interval" value="200" />
  <attribute name="ProportionalT" value="-10.000000" />
  <attribute name="ProportionalI" value="-10.000000" />
  <attribute name="ProportionalH" value="-10.000000" />
  <attribute name="Current Error" value="-20.000000" />
  <attribute name="IntegralT" value="-51350.000000" />
  <attribute name="IntegralI" value="-51350.000000" />
  <attribute name="IntegralH" value="-51350.000000" />
  <attribute name="DerivativeT" value="-0.003895" />
  <attribute name="DerivativeI" value="-0.003895" />
  <attribute name="DerivativeH" value="-0.003895" />
  <attribute name="Loop Time for DT" value="5135.000000" />
  <attribute name="Output H" value="2092630016"/>
  <attribute name="Output I" value="200"/>
  <attribute name="Output T" value="4"/>
  <attribute name="Target GC Util Change" value ="20.000000" />
  <attribute name="Current GC Util Change" value="0.000000"/>
  <attribute name="GC Util currently" value="0" />
  <attribute name="CPU Util currently" value="1" />
<allocation-satisfied id="95" threadId="0000000002213700" bytesRequested="2056" />
<af-end id="96" timestamp="2019-06-16T21:30:30.025" threadId="0000000002214088" success="true" from="nursery"/>
<exclusive-end id="97" timestamp="2019-06-16T21:30:30.026" durationms="9.003" />

<exclusive-start id="98" timestamp="2019-06-16T21:30:36.101" intervalms="6084.411">
  <response-info timems="0.173" idlems="0.173" threads="0" lastid="0000000002213700" lastname="main" />
</exclusive-start>
<af-start id="99" threadId="0000000002214088" totalBytesRequested="2056" timestamp="2019-06-16T21:30:36.102" intervalms="6084.328" type="nursery" />
<cycle-start id="100" type="scavenge" contextid="0" timestamp="2019-06-16T21:30:36.102" intervalms="6084.335" />
<gc-start id="101" type="scavenge" contextid="100" timestamp="2019-06-16T21:30:36.103">
  <mem-info id="102" free="5307048" total="8388608" percent="63">
    <mem type="nursery" free="0" total="2097152" percent="0">
      <mem type="allocate" free="0" total="1441792" percent="0" />
      <mem type="survivor" free="0" total="655360" percent="0" />
    </mem>
    <mem type="tenure" free="5307048" total="6291456" percent="84">
      <mem type="soa" free="4992680" total="5977088" percent="83" />
      <mem type="loa" free="314368" total="314368" percent="100" />
    </mem>
    <remembered-set count="62" />
  </mem-info>
</gc-start>
<allocation-stats totalBytes="1355256" >
  <allocated-bytes non-tlh="2056" tlh="1353200" />
  <largest-consumer threadName="main" threadId="0000000002213700" bytes="1355256" />
</allocation-stats>
<gc-op id="103" type="scavenge" timems="2.747" contextid="100" timestamp="2019-06-16T21:30:36.106">
  <scavenger-info tenureage="3" tenuremask="ffe8" tiltratio="68" />
  <memory-copied type="nursery" objects="13" bytes="584" bytesdiscarded="77736" />
  <references type="phantom" candidates="1" cleared="0" enqueued="0" />
</gc-op>
<gc-end id="104" type="scavenge" contextid="100" durationms="5.775" usertimems="8.000" systemtimems="0.000" timestamp="2019-06-16T21:30:36.108" activeThreads="4">
  <mem-info id="105" free="6801576" total="8388608" percent="81">
    <mem type="nursery" free="1494528" total="2097152" percent="71">
      <mem type="allocate" free="1494528" total="1572864" percent="95" />
      <mem type="survivor" free="0" total="524288" percent="0" />
    </mem>
    <mem type="tenure" free="5307048" total="6291456" percent="84" macro-fragmented="32608">
      <mem type="soa" free="4992680" total="5977088" percent="83" />
      <mem type="loa" free="314368" total="314368" percent="100" />
    </mem>
    <remembered-set count="62" />
  </mem-info>
</gc-end>
<cycle-end id="106" type="scavenge" contextid="100" timestamp="2019-06-16T21:30:36.109" />
  <attribute name="elasticGC enabled" value="1" />
  <attribute name= "numThreadsSpecified" value="4" />
  <attribute name="heapSize specified" value="0" />
  <attribute name="Current GC Util" value="0" />
  <attribute name= "Current Time Running" value="22070" />
  <attribute name ="GC Interval" value="200" />
  <attribute name="ProportionalT" value="-10.000000" />
  <attribute name="ProportionalI" value="-10.000000" />
  <attribute name="ProportionalH" value="-10.000000" />
  <attribute name="Current Error" value="-20.000000" />
  <attribute name="IntegralT" value="-60850.000000" />
  <attribute name="IntegralI" value="-60850.000000" />
  <attribute name="IntegralH" value="-60850.000000" />
  <attribute name="DerivativeT" value="-0.003287" />
  <attribute name="DerivativeI" value="-0.003287" />
  <attribute name="DerivativeH" value="-0.003287" />
  <attribute name="Loop Time for DT" value="6085.000000" />
  <attribute name="Output H" value="2092630016"/>
  <attribute name="Output I" value="200"/>
  <attribute name="Output T" value="4"/>
  <attribute name="Target GC Util Change" value ="20.000000" />
  <attribute name="Current GC Util Change" value="0.000000"/>
  <attribute name="GC Util currently" value="0" />
  <attribute name="CPU Util currently" value="1" />
<allocation-satisfied id="107" threadId="0000000002213700" bytesRequested="2056" />
<af-end id="108" timestamp="2019-06-16T21:30:36.110" threadId="0000000002214088" success="true" from="nursery"/>
<exclusive-end id="109" timestamp="2019-06-16T21:30:36.110" durationms="9.339" />

<exclusive-start id="110" timestamp="2019-06-16T21:30:42.424" intervalms="6322.556">
  <response-info timems="0.184" idlems="0.184" threads="0" lastid="0000000002213700" lastname="main" />
</exclusive-start>
<af-start id="111" threadId="0000000002214088" totalBytesRequested="2056" timestamp="2019-06-16T21:30:42.424" intervalms="6322.579" type="nursery" />
<cycle-start id="112" type="scavenge" contextid="0" timestamp="2019-06-16T21:30:42.425" intervalms="6322.528" />
<gc-start id="113" type="scavenge" contextid="112" timestamp="2019-06-16T21:30:42.425">
  <mem-info id="114" free="5307048" total="8388608" percent="63">
    <mem type="nursery" free="0" total="2097152" percent="0">
      <mem type="allocate" free="0" total="1572864" percent="0" />
      <mem type="survivor" free="0" total="524288" percent="0" />
    </mem>
    <mem type="tenure" free="5307048" total="6291456" percent="84">
      <mem type="soa" free="4992680" total="5977088" percent="83" />
      <mem type="loa" free="314368" total="314368" percent="100" />
    </mem>
    <remembered-set count="62" />
  </mem-info>
</gc-start>
<allocation-stats totalBytes="1482416" >
  <allocated-bytes non-tlh="2056" tlh="1480360" />
  <largest-consumer threadName="main" threadId="0000000002213700" bytes="1482416" />
</allocation-stats>
<gc-op id="115" type="scavenge" timems="2.504" contextid="112" timestamp="2019-06-16T21:30:42.429">
  <scavenger-info tenureage="3" tenuremask="fff8" tiltratio="75" />
  <memory-copied type="nursery" objects="14" bytes="2576" bytesdiscarded="75744" />
  <references type="phantom" candidates="1" cleared="0" enqueued="0" />
</gc-op>
<gc-end id="116" type="scavenge" contextid="112" durationms="5.582" usertimems="4.000" systemtimems="4.000" timestamp="2019-06-16T21:30:42.431" activeThreads="4">
  <mem-info id="117" free="6867112" total="8388608" percent="81">
    <mem type="nursery" free="1560064" total="2097152" percent="74">
      <mem type="allocate" free="1560064" total="1638400" percent="95" />
      <mem type="survivor" free="0" total="458752" percent="0" />
    </mem>
    <mem type="tenure" free="5307048" total="6291456" percent="84" macro-fragmented="0">
      <mem type="soa" free="4992680" total="5977088" percent="83" />
      <mem type="loa" free="314368" total="314368" percent="100" />
    </mem>
    <remembered-set count="62" />
  </mem-info>
</gc-end>
<cycle-end id="118" type="scavenge" contextid="112" timestamp="2019-06-16T21:30:42.431" />
  <attribute name="elasticGC enabled" value="1" />
  <attribute name= "numThreadsSpecified" value="4" />
  <attribute name="heapSize specified" value="0" />
  <attribute name="Current GC Util" value="0" />
  <attribute name= "Current Time Running" value="28392" />
  <attribute name ="GC Interval" value="200" />
  <attribute name="ProportionalT" value="-10.000000" />
  <attribute name="ProportionalI" value="-10.000000" />
  <attribute name="ProportionalH" value="-10.000000" />
  <attribute name="Current Error" value="-20.000000" />
  <attribute name="IntegralT" value="-63220.000000" />
  <attribute name="IntegralI" value="-63220.000000" />
  <attribute name="IntegralH" value="-63220.000000" />
  <attribute name="DerivativeT" value="-0.003164" />
  <attribute name="DerivativeI" value="-0.003164" />
  <attribute name="DerivativeH" value="-0.003164" />
  <attribute name="Loop Time for DT" value="6322.000000" />
  <attribute name="Output H" value="2092630016"/>
  <attribute name="Output I" value="200"/>
  <attribute name="Output T" value="4"/>
  <attribute name="Target GC Util Change" value ="20.000000" />
  <attribute name="Current GC Util Change" value="0.000000"/>
  <attribute name="GC Util currently" value="0" />
  <attribute name="CPU Util currently" value="1" />
<allocation-satisfied id="119" threadId="0000000002213700" bytesRequested="2056" />
<af-end id="120" timestamp="2019-06-16T21:30:42.432" threadId="0000000002214088" success="true" from="nursery"/>
<exclusive-end id="121" timestamp="2019-06-16T21:30:42.433" durationms="9.085" />

<exclusive-start id="122" timestamp="2019-06-16T21:30:48.210" intervalms="5785.918">
  <response-info timems="0.209" idlems="0.209" threads="0" lastid="0000000002213700" lastname="main" />
</exclusive-start>
<af-start id="123" threadId="0000000002214088" totalBytesRequested="2056" timestamp="2019-06-16T21:30:48.210" intervalms="5786.007" type="nursery" />
<cycle-start id="124" type="scavenge" contextid="0" timestamp="2019-06-16T21:30:48.211" intervalms="5786.147" />
<gc-start id="125" type="scavenge" contextid="124" timestamp="2019-06-16T21:30:48.211">
  <mem-info id="126" free="5307048" total="8388608" percent="63">
    <mem type="nursery" free="0" total="2097152" percent="0">
      <mem type="allocate" free="0" total="1638400" percent="0" />
      <mem type="survivor" free="0" total="458752" percent="0" />
    </mem>
    <mem type="tenure" free="5307048" total="6291456" percent="84">
      <mem type="soa" free="4992680" total="5977088" percent="83" />
      <mem type="loa" free="314368" total="314368" percent="100" />
    </mem>
    <remembered-set count="62" />
  </mem-info>
</gc-start>
<allocation-stats totalBytes="1553008" >
  <allocated-bytes non-tlh="2056" tlh="1550952" />
  <largest-consumer threadName="main" threadId="0000000002213700" bytes="1553008" />
</allocation-stats>
<gc-op id="127" type="scavenge" timems="2.789" contextid="124" timestamp="2019-06-16T21:30:48.215">
  <scavenger-info tenureage="3" tenuremask="fff8" tiltratio="78" />
  <memory-copied type="nursery" objects="14" bytes="2568" bytesdiscarded="75752" />
  <references type="phantom" candidates="1" cleared="0" enqueued="0" />
</gc-op>
<gc-end id="128" type="scavenge" contextid="124" durationms="5.514" usertimems="4.000" systemtimems="0.000" timestamp="2019-06-16T21:30:48.217" activeThreads="4">
  <mem-info id="129" free="6998184" total="8388608" percent="83">
    <mem type="nursery" free="1691136" total="2097152" percent="80">
      <mem type="allocate" free="1691136" total="1769472" percent="95" />
      <mem type="survivor" free="0" total="327680" percent="0" />
    </mem>
    <mem type="tenure" free="5307048" total="6291456" percent="84" macro-fragmented="1800196">
      <mem type="soa" free="4992680" total="5977088" percent="83" />
      <mem type="loa" free="314368" total="314368" percent="100" />
    </mem>
    <remembered-set count="62" />
  </mem-info>
</gc-end>
<cycle-end id="130" type="scavenge" contextid="124" timestamp="2019-06-16T21:30:48.218" />
  <attribute name="elasticGC enabled" value="1" />
  <attribute name= "numThreadsSpecified" value="4" />
  <attribute name="heapSize specified" value="0" />
  <attribute name="Current GC Util" value="0" />
  <attribute name= "Current Time Running" value="34178" />
  <attribute name ="GC Interval" value="200" />
  <attribute name="ProportionalT" value="-10.000000" />
  <attribute name="ProportionalI" value="-10.000000" />
  <attribute name="ProportionalH" value="-10.000000" />
  <attribute name="Current Error" value="-20.000000" />
  <attribute name="IntegralT" value="-57860.000000" />
  <attribute name="IntegralI" value="-57860.000000" />
  <attribute name="IntegralH" value="-57860.000000" />
  <attribute name="DerivativeT" value="-0.003457" />
  <attribute name="DerivativeI" value="-0.003457" />
  <attribute name="DerivativeH" value="-0.003457" />
  <attribute name="Loop Time for DT" value="5786.000000" />
  <attribute name="Output H" value="2092630016"/>
  <attribute name="Output I" value="200"/>
  <attribute name="Output T" value="4"/>
  <attribute name="Target GC Util Change" value ="20.000000" />
  <attribute name="Current GC Util Change" value="0.000000"/>
  <attribute name="GC Util currently" value="0" />
  <attribute name="CPU Util currently" value="1" />
<allocation-satisfied id="131" threadId="0000000002213700" bytesRequested="2056" />
<af-end id="132" timestamp="2019-06-16T21:30:48.218" threadId="0000000002214088" success="true" from="nursery"/>
<exclusive-end id="133" timestamp="2019-06-16T21:30:48.219" durationms="9.270" />

<exclusive-start id="134" timestamp="2019-06-16T21:30:52.691" intervalms="4481.442">
  <response-info timems="0.031" idlems="0.031" threads="0" lastid="0000000002213700" lastname="main" />
</exclusive-start>
<af-start id="135" threadId="0000000002214088" totalBytesRequested="86216" timestamp="2019-06-16T21:30:52.691" intervalms="4480.915" type="nursery" />
<cycle-start id="136" type="scavenge" contextid="0" timestamp="2019-06-16T21:30:52.691" intervalms="4480.428" />
<gc-start id="137" type="scavenge" contextid="136" timestamp="2019-06-16T21:30:52.691">
  <mem-info id="138" free="5371408" total="8388608" percent="64">
    <mem type="nursery" free="64832" total="2097152" percent="3">
      <mem type="allocate" free="64832" total="1769472" percent="3" />
      <mem type="survivor" free="0" total="327680" percent="0" />
    </mem>
    <mem type="tenure" free="5306576" total="6291456" percent="84">
      <mem type="soa" free="4992208" total="5977088" percent="83" />
      <mem type="loa" free="314368" total="314368" percent="100" />
    </mem>
    <remembered-set count="87" />
  </mem-info>
</gc-start>
<allocation-stats totalBytes="1619536" >
  <allocated-bytes non-tlh="385688" tlh="1233848" />
  <largest-consumer threadName="main" threadId="0000000002213700" bytes="1619536" />
</allocation-stats>
<gc-op id="139" type="scavenge" timems="1.350" contextid="136" timestamp="2019-06-16T21:30:52.693">
  <scavenger-info tenureage="3" tenuremask="fff8" tiltratio="84" />
  <memory-copied type="nursery" objects="331" bytes="185728" bytesdiscarded="10944" />
  <memory-copied type="tenure" objects="1" bytes="314600" bytesdiscarded="0" />
  <copy-failed type="nursery" objects="1" bytes="314600" />
  <references type="soft" candidates="1" cleared="0" enqueued="0" dynamicThreshold="32" maxThreshold="32" />
  <references type="weak" candidates="1" cleared="1" enqueued="1" />
  <references type="phantom" candidates="19" cleared="1" enqueued="1" />
</gc-op>
<gc-end id="140" type="scavenge" contextid="136" durationms="1.784" usertimems="4.000" systemtimems="0.000" timestamp="2019-06-16T21:30:52.693" activeThreads="4">
  <mem-info id="141" free="5843872" total="8388608" percent="69">
    <mem type="nursery" free="851896" total="2097152" percent="40">
      <mem type="allocate" free="851896" total="1048576" percent="81" />
      <mem type="survivor" free="0" total="1048576" percent="0" />
    </mem>
    <mem type="tenure" free="4991976" total="6291456" percent="79" macro-fragmented="3110739">
      <mem type="soa" free="4677608" total="5977088" percent="78" />
      <mem type="loa" free="314368" total="314368" percent="100" />
    </mem>
    <pending-finalizers system="0" default="0" reference="2" classloader="0" />
    <remembered-set count="86" />
  </mem-info>
</gc-end>
<cycle-end id="142" type="scavenge" contextid="136" timestamp="2019-06-16T21:30:52.693" />
  <attribute name="elasticGC enabled" value="1" />
  <attribute name= "numThreadsSpecified" value="4" />
  <attribute name="heapSize specified" value="0" />
  <attribute name="Current GC Util" value="0" />
  <attribute name= "Current Time Running" value="38657" />
  <attribute name ="GC Interval" value="200" />
  <attribute name="ProportionalT" value="-10.000000" />
  <attribute name="ProportionalI" value="-10.000000" />
  <attribute name="ProportionalH" value="-10.000000" />
  <attribute name="Current Error" value="-20.000000" />
  <attribute name="IntegralT" value="-44790.000000" />
  <attribute name="IntegralI" value="-44790.000000" />
  <attribute name="IntegralH" value="-44790.000000" />
  <attribute name="DerivativeT" value="-0.004465" />
  <attribute name="DerivativeI" value="-0.004465" />
  <attribute name="DerivativeH" value="-0.004465" />
  <attribute name="Loop Time for DT" value="4479.000000" />
  <attribute name="Output H" value="2092630016"/>
  <attribute name="Output I" value="200"/>
  <attribute name="Output T" value="4"/>
  <attribute name="Target GC Util Change" value ="20.000000" />
  <attribute name="Current GC Util Change" value="0.000000"/>
  <attribute name="GC Util currently" value="0" />
  <attribute name="CPU Util currently" value="1" />
<allocation-satisfied id="143" threadId="0000000002213700" bytesRequested="86216" />
<af-end id="144" timestamp="2019-06-16T21:30:52.694" threadId="0000000002214088" success="true" from="nursery"/>
<exclusive-end id="145" timestamp="2019-06-16T21:30:52.694" durationms="2.740" />

<exclusive-start id="146" timestamp="2019-06-16T21:30:52.709" intervalms="17.665">
  <response-info timems="0.054" idlems="0.054" threads="0" lastid="0000000002213700" lastname="main" />
</exclusive-start>
<af-start id="147" threadId="0000000002214088" totalBytesRequested="31768" timestamp="2019-06-16T21:30:52.709" intervalms="17.662" type="nursery" />
<cycle-start id="148" type="scavenge" contextid="0" timestamp="2019-06-16T21:30:52.709" intervalms="17.627" />
<gc-start id="149" type="scavenge" contextid="148" timestamp="2019-06-16T21:30:52.709">
  <mem-info id="150" free="4990680" total="8388608" percent="59">
    <mem type="nursery" free="0" total="2097152" percent="0">
      <mem type="allocate" free="0" total="1048576" percent="0" />
      <mem type="survivor" free="0" total="1048576" percent="0" />
    </mem>
    <mem type="tenure" free="4990680" total="6291456" percent="79">
      <mem type="soa" free="4676312" total="5977088" percent="78" />
      <mem type="loa" free="314368" total="314368" percent="100" />
    </mem>
    <remembered-set count="107" />
  </mem-info>
</gc-start>
<allocation-stats totalBytes="789992" >
  <allocated-bytes non-tlh="347728" tlh="442264" />
  <largest-consumer threadName="main" threadId="0000000002213700" bytes="785896" />
</allocation-stats>
<gc-op id="151" type="scavenge" timems="0.803" contextid="148" timestamp="2019-06-16T21:30:52.710">
  <scavenger-info tenureage="3" tenuremask="fff8" tiltratio="50" />
  <memory-copied type="nursery" objects="476" bytes="375088" bytesdiscarded="73360" />
  <references type="soft" candidates="1" cleared="0" enqueued="0" dynamicThreshold="32" maxThreshold="32" />
  <references type="weak" candidates="6" cleared="5" enqueued="5" />
  <references type="phantom" candidates="29" cleared="0" enqueued="0" />
</gc-op>
<gc-end id="152" type="scavenge" contextid="148" durationms="1.239" usertimems="0.000" systemtimems="0.000" timestamp="2019-06-16T21:30:52.710" activeThreads="4">
  <mem-info id="153" free="5656336" total="8388608" percent="67">
    <mem type="nursery" free="665656" total="2097152" percent="31">
      <mem type="allocate" free="665656" total="1114112" percent="59" />
      <mem type="survivor" free="0" total="983040" percent="0" />
    </mem>
    <mem type="tenure" free="4990680" total="6291456" percent="79" macro-fragmented="140211">
      <mem type="soa" free="4676312" total="5977088" percent="78" />
      <mem type="loa" free="314368" total="314368" percent="100" />
    </mem>
    <pending-finalizers system="0" default="0" reference="5" classloader="0" />
    <remembered-set count="105" />
  </mem-info>
</gc-end>
<cycle-end id="154" type="scavenge" contextid="148" timestamp="2019-06-16T21:30:52.710" />
  <attribute name="elasticGC enabled" value="1" />
  <attribute name= "numThreadsSpecified" value="4" />
  <attribute name="heapSize specified" value="0" />
  <attribute name="Current GC Util" value="13" />
  <attribute name= "Current Time Running" value="38675" />
  <attribute name ="GC Interval" value="200" />
  <attribute name="ProportionalT" value="-3.500000" />
  <attribute name="ProportionalI" value="-3.500000" />
  <attribute name="ProportionalH" value="-3.500000" />
  <attribute name="Current Error" value="-7.000000" />
  <attribute name="IntegralT" value="-63.000000" />
  <attribute name="IntegralI" value="-63.000000" />
  <attribute name="IntegralH" value="-63.000000" />
  <attribute name="DerivativeT" value="-0.388889" />
  <attribute name="DerivativeI" value="-0.388889" />
  <attribute name="DerivativeH" value="-0.388889" />
  <attribute name="Loop Time for DT" value="18.000000" />
  <attribute name="Output H" value="2092630016"/>
  <attribute name="Output I" value="200"/>
  <attribute name="Output T" value="4"/>
  <attribute name="Target GC Util Change" value ="20.000000" />
  <attribute name="Current GC Util Change" value="13.000000"/>
  <attribute name="GC Util currently" value="13" />
  <attribute name="CPU Util currently" value="260033130935" />
<allocation-satisfied id="155" threadId="0000000002213700" bytesRequested="31768" />
<af-end id="156" timestamp="2019-06-16T21:30:52.711" threadId="0000000002214088" success="true" from="nursery"/>
<exclusive-end id="157" timestamp="2019-06-16T21:30:52.711" durationms="1.925" />

<exclusive-start id="158" timestamp="2019-06-16T21:30:52.720" intervalms="11.137">
  <response-info timems="0.063" idlems="0.063" threads="0" lastid="0000000002213700" lastname="main" />
</exclusive-start>
<af-start id="159" threadId="0000000002214088" totalBytesRequested="16656" timestamp="2019-06-16T21:30:52.720" intervalms="11.147" type="nursery" />
<cycle-start id="160" type="scavenge" contextid="0" timestamp="2019-06-16T21:30:52.720" intervalms="11.162" />
<gc-start id="161" type="scavenge" contextid="160" timestamp="2019-06-16T21:30:52.720">
  <mem-info id="162" free="4985096" total="8388608" percent="59">
    <mem type="nursery" free="0" total="2097152" percent="0">
      <mem type="allocate" free="0" total="1114112" percent="0" />
      <mem type="survivor" free="0" total="983040" percent="0" />
    </mem>
    <mem type="tenure" free="4985096" total="6291456" percent="79">
      <mem type="soa" free="4670728" total="5977088" percent="78" />
      <mem type="loa" free="314368" total="314368" percent="100" />
    </mem>
    <remembered-set count="141" />
  </mem-info>
</gc-start>
<allocation-stats totalBytes="639056" >
  <allocated-bytes non-tlh="131720" tlh="507336" />
  <largest-consumer threadName="main" threadId="0000000002213700" bytes="639056" />
</allocation-stats>
<gc-op id="163" type="scavenge" timems="1.000" contextid="160" timestamp="2019-06-16T21:30:52.721">
  <scavenger-info tenureage="3" tenuremask="fff8" tiltratio="53" />
  <memory-copied type="nursery" objects="531" bytes="315728" bytesdiscarded="70256" />
  <references type="soft" candidates="3" cleared="0" enqueued="0" dynamicThreshold="32" maxThreshold="32" />
  <references type="weak" candidates="11" cleared="11" enqueued="11" />
  <references type="phantom" candidates="28" cleared="0" enqueued="0" />
</gc-op>
<heap-resize id="164" type="expand" space="nursery" amount="131072" count="1" timems="0.057" reason="excessive time being spent scavenging" timestamp="2019-06-16T21:30:52.722" />
<gc-end id="165" type="scavenge" contextid="160" durationms="1.622" usertimems="0.000" systemtimems="0.000" timestamp="2019-06-16T21:30:52.722" activeThreads="4">
  <mem-info id="166" free="5844296" total="8519680" percent="68">
    <mem type="nursery" free="859200" total="2228224" percent="38">
      <mem type="allocate" free="859200" total="1245184" percent="69" />
      <mem type="survivor" free="0" total="983040" percent="0" />
    </mem>
    <mem type="tenure" free="4985096" total="6291456" percent="79" macro-fragmented="0">
      <mem type="soa" free="4670728" total="5977088" percent="78" />
      <mem type="loa" free="314368" total="314368" percent="100" />
    </mem>
    <pending-finalizers system="0" default="0" reference="11" classloader="0" />
    <remembered-set count="126" />
  </mem-info>
</gc-end>
<cycle-end id="167" type="scavenge" contextid="160" timestamp="2019-06-16T21:30:52.722" />
  <attribute name="elasticGC enabled" value="1" />
  <attribute name= "numThreadsSpecified" value="4" />
  <attribute name="heapSize specified" value="0" />
  <attribute name="Current GC Util" value="15" />
  <attribute name= "Current Time Running" value="38686" />
  <attribute name ="GC Interval" value="200" />
  <attribute name="ProportionalT" value="-2.500000" />
  <attribute name="ProportionalI" value="-2.500000" />
  <attribute name="ProportionalH" value="-2.500000" />
  <attribute name="Current Error" value="-5.000000" />
  <attribute name="IntegralT" value="-27.500000" />
  <attribute name="IntegralI" value="-27.500000" />
  <attribute name="IntegralH" value="-27.500000" />
  <attribute name="DerivativeT" value="-0.454545" />
  <attribute name="DerivativeI" value="-0.454545" />
  <attribute name="DerivativeH" value="-0.454545" />
  <attribute name="Loop Time for DT" value="11.000000" />
  <attribute name="Output H" value="2092630016"/>
  <attribute name="Output I" value="200"/>
  <attribute name="Output T" value="4"/>
  <attribute name="Target GC Util Change" value ="20.000000" />
  <attribute name="Current GC Util Change" value="15.000000"/>
  <attribute name="GC Util currently" value="15" />
  <attribute name="CPU Util currently" value="418215183881" />
<allocation-satisfied id="168" threadId="0000000002213700" bytesRequested="16656" />
<af-end id="169" timestamp="2019-06-16T21:30:52.722" threadId="0000000002214088" success="true" from="nursery"/>
<exclusive-end id="170" timestamp="2019-06-16T21:30:52.722" durationms="2.184" />

<exclusive-start id="171" timestamp="2019-06-16T21:30:52.745" intervalms="24.712">
  <response-info timems="0.053" idlems="0.053" threads="0" lastid="0000000002213700" lastname="main" />
</exclusive-start>
<af-start id="172" threadId="0000000002214088" totalBytesRequested="22752" timestamp="2019-06-16T21:30:52.745" intervalms="24.707" type="nursery" />
<cycle-start id="173" type="scavenge" contextid="0" timestamp="2019-06-16T21:30:52.745" intervalms="24.686" />
<gc-start id="174" type="scavenge" contextid="173" timestamp="2019-06-16T21:30:52.745">
  <mem-info id="175" free="4973640" total="8519680" percent="58">
    <mem type="nursery" free="0" total="2228224" percent="0">
      <mem type="allocate" free="0" total="1245184" percent="0" />
      <mem type="survivor" free="0" total="983040" percent="0" />
    </mem>
    <mem type="tenure" free="4973640" total="6291456" percent="79">
      <mem type="soa" free="4659272" total="5977088" percent="77" />
      <mem type="loa" free="314368" total="314368" percent="100" />
    </mem>
    <remembered-set count="257" />
  </mem-info>
</gc-start>
<allocation-stats totalBytes="830024" >
  <allocated-bytes non-tlh="28112" tlh="801912" />
  <largest-consumer threadName="main" threadId="0000000002213700" bytes="830024" />
</allocation-stats>
<gc-op id="176" type="scavenge" timems="1.571" contextid="173" timestamp="2019-06-16T21:30:52.747">
  <scavenger-info tenureage="3" tenuremask="fff8" tiltratio="55" />
  <memory-copied type="nursery" objects="330" bytes="194488" bytesdiscarded="36976" />
  <memory-copied type="tenure" objects="300" bytes="161752" bytesdiscarded="0" />
  <references type="soft" candidates="2" cleared="0" enqueued="0" dynamicThreshold="32" maxThreshold="32" />
  <references type="weak" candidates="16" cleared="15" enqueued="15" />
  <references type="phantom" candidates="11" cleared="0" enqueued="0" />
</gc-op>
<gc-end id="177" type="scavenge" contextid="173" durationms="1.904" usertimems="0.000" systemtimems="0.000" timestamp="2019-06-16T21:30:52.747" activeThreads="4">
  <mem-info id="178" free="6010360" total="8519680" percent="70">
    <mem type="nursery" free="1210320" total="2228224" percent="54">
      <mem type="allocate" free="1210320" total="1441792" percent="83" />
      <mem type="survivor" free="0" total="786432" percent="0" />
    </mem>
    <mem type="tenure" free="4800040" total="6291456" percent="76" macro-fragmented="67617">
      <mem type="soa" free="4485672" total="5977088" percent="75" />
      <mem type="loa" free="314368" total="314368" percent="100" />
    </mem>
    <pending-finalizers system="0" default="0" reference="15" classloader="0" />
    <remembered-set count="252" />
  </mem-info>
</gc-end>
<cycle-end id="179" type="scavenge" contextid="173" timestamp="2019-06-16T21:30:52.747" />
  <attribute name="elasticGC enabled" value="1" />
  <attribute name= "numThreadsSpecified" value="4" />
  <attribute name="heapSize specified" value="0" />
  <attribute name="Current GC Util" value="8" />
  <attribute name= "Current Time Running" value="38711" />
  <attribute name ="GC Interval" value="200" />
  <attribute name="ProportionalT" value="-6.000000" />
  <attribute name="ProportionalI" value="-6.000000" />
  <attribute name="ProportionalH" value="-6.000000" />
  <attribute name="Current Error" value="-12.000000" />
  <attribute name="IntegralT" value="-150.000000" />
  <attribute name="IntegralI" value="-150.000000" />
  <attribute name="IntegralH" value="-150.000000" />
  <attribute name="DerivativeT" value="-0.480000" />
  <attribute name="DerivativeI" value="-0.480000" />
  <attribute name="DerivativeH" value="-0.480000" />
  <attribute name="Loop Time for DT" value="25.000000" />
  <attribute name="Output H" value="2092630016"/>
  <attribute name="Output I" value="200"/>
  <attribute name="Output T" value="4"/>
  <attribute name="Target GC Util Change" value ="20.000000" />
  <attribute name="Current GC Util Change" value="8.000000"/>
  <attribute name="GC Util currently" value="8" />
  <attribute name="CPU Util currently" value="187175442598" />
<allocation-satisfied id="180" threadId="0000000002213700" bytesRequested="22752" />
<af-end id="181" timestamp="2019-06-16T21:30:52.747" threadId="0000000002214088" success="true" from="nursery"/>
<exclusive-end id="182" timestamp="2019-06-16T21:30:52.747" durationms="2.458" />

<exclusive-start id="183" timestamp="2019-06-16T21:30:52.791" intervalms="46.632">
  <response-info timems="0.104" idlems="0.104" threads="0" lastid="0000000002213700" lastname="main" />
</exclusive-start>
<af-start id="184" threadId="0000000002214088" totalBytesRequested="16" timestamp="2019-06-16T21:30:52.791" intervalms="46.655" type="nursery" />
<cycle-start id="185" type="scavenge" contextid="0" timestamp="2019-06-16T21:30:52.791" intervalms="46.680" />
<gc-start id="186" type="scavenge" contextid="185" timestamp="2019-06-16T21:30:52.792">
  <mem-info id="187" free="4771400" total="8519680" percent="56">
    <mem type="nursery" free="0" total="2228224" percent="0">
      <mem type="allocate" free="0" total="1441792" percent="0" />
      <mem type="survivor" free="0" total="786432" percent="0" />
    </mem>
    <mem type="tenure" free="4771400" total="6291456" percent="75">
      <mem type="soa" free="4457032" total="5977088" percent="74" />
      <mem type="loa" free="314368" total="314368" percent="100" />
    </mem>
    <remembered-set count="648" />
  </mem-info>
</gc-start>
<allocation-stats totalBytes="1236920" >
  <allocated-bytes non-tlh="51392" tlh="1185528" />
  <largest-consumer threadName="main" threadId="0000000002213700" bytes="1236920" />
</allocation-stats>
<gc-op id="188" type="scavenge" timems="1.311" contextid="185" timestamp="2019-06-16T21:30:52.793">
  <scavenger-info tenureage="3" tenuremask="ffe8" tiltratio="64" />
  <memory-copied type="nursery" objects="2494" bytes="95904" bytesdiscarded="99776" />
  <memory-copied type="tenure" objects="134" bytes="147800" bytesdiscarded="0" />
  <finalization candidates="38" enqueued="1" />
  <ownableSynchronizers candidates="17" cleared="0" />
  <references type="soft" candidates="4" cleared="0" enqueued="0" dynamicThreshold="32" maxThreshold="32" />
  <references type="weak" candidates="641" cleared="325" enqueued="230" />
  <references type="phantom" candidates="6" cleared="2" enqueued="2" />
</gc-op>
<gc-end id="189" type="scavenge" contextid="185" durationms="1.588" usertimems="0.000" systemtimems="0.000" timestamp="2019-06-16T21:30:52.793" activeThreads="4">
  <mem-info id="190" free="6036360" total="8519680" percent="70">
    <mem type="nursery" free="1377024" total="2228224" percent="61">
      <mem type="allocate" free="1377024" total="1572864" percent="87" />
      <mem type="survivor" free="0" total="655360" percent="0" />
    </mem>
    <mem type="tenure" free="4659336" total="6291456" percent="74" macro-fragmented="3732887">
      <mem type="soa" free="4344968" total="5977088" percent="72" />
      <mem type="loa" free="314368" total="314368" percent="100" />
    </mem>
    <pending-finalizers system="1" default="0" reference="232" classloader="0" />
    <remembered-set count="614" />
  </mem-info>
</gc-end>
<cycle-end id="191" type="scavenge" contextid="185" timestamp="2019-06-16T21:30:52.793" />
  <attribute name="elasticGC enabled" value="1" />
  <attribute name= "numThreadsSpecified" value="4" />
  <attribute name="heapSize specified" value="0" />
  <attribute name="Current GC Util" value="6" />
  <attribute name= "Current Time Running" value="38758" />
  <attribute name ="GC Interval" value="200" />
  <attribute name="ProportionalT" value="-7.000000" />
  <attribute name="ProportionalI" value="-7.000000" />
  <attribute name="ProportionalH" value="-7.000000" />
  <attribute name="Current Error" value="-14.000000" />
  <attribute name="IntegralT" value="-329.000000" />
  <attribute name="IntegralI" value="-329.000000" />
  <attribute name="IntegralH" value="-329.000000" />
  <attribute name="DerivativeT" value="-0.297872" />
  <attribute name="DerivativeI" value="-0.297872" />
  <attribute name="DerivativeH" value="-0.297872" />
  <attribute name="Loop Time for DT" value="47.000000" />
  <attribute name="Output H" value="2092630016"/>
  <attribute name="Output I" value="200"/>
  <attribute name="Output T" value="4"/>
  <attribute name="Target GC Util Change" value ="20.000000" />
  <attribute name="Current GC Util Change" value="6.000000"/>
  <attribute name="GC Util currently" value="6" />
  <attribute name="CPU Util currently" value="98680869168" />
<allocation-satisfied id="192" threadId="0000000002213700" bytesRequested="16" />
<af-end id="193" timestamp="2019-06-16T21:30:52.793" threadId="0000000002214088" success="true" from="nursery"/>
<exclusive-end id="194" timestamp="2019-06-16T21:30:52.793" durationms="2.287" />

<exclusive-start id="195" timestamp="2019-06-16T21:30:52.889" intervalms="97.707">
  <response-info timems="0.050" idlems="0.050" threads="0" lastid="0000000002213700" lastname="main" />
</exclusive-start>
<af-start id="196" threadId="0000000002214088" totalBytesRequested="64" timestamp="2019-06-16T21:30:52.889" intervalms="97.742" type="nursery" />
<cycle-start id="197" type="scavenge" contextid="0" timestamp="2019-06-16T21:30:52.889" intervalms="97.769" />
<gc-start id="198" type="scavenge" contextid="197" timestamp="2019-06-16T21:30:52.889">
  <mem-info id="199" free="4624600" total="8519680" percent="54">
    <mem type="nursery" free="0" total="2228224" percent="0">
      <mem type="allocate" free="0" total="1572864" percent="0" />
      <mem type="survivor" free="0" total="655360" percent="0" />
    </mem>
    <mem type="tenure" free="4624600" total="6291456" percent="73">
      <mem type="soa" free="4310232" total="5977088" percent="72" />
      <mem type="loa" free="314368" total="314368" percent="100" />
    </mem>
    <remembered-set count="1027" />
  </mem-info>
</gc-start>
<allocation-stats totalBytes="1408784" >
  <allocated-bytes non-tlh="134384" tlh="1274400" />
  <largest-consumer threadName="main" threadId="0000000002213700" bytes="1396952" />
</allocation-stats>
<gc-op id="200" type="scavenge" timems="0.748" contextid="197" timestamp="2019-06-16T21:30:52.890">
  <scavenger-info tenureage="3" tenuremask="ffe8" tiltratio="70" />
  <memory-copied type="nursery" objects="3170" bytes="126720" bytesdiscarded="68912" />
  <memory-copied type="tenure" objects="37" bytes="3496" bytesdiscarded="0" />
  <finalization candidates="38" enqueued="0" />
  <ownableSynchronizers candidates="17" cleared="0" />
  <references type="soft" candidates="6" cleared="0" enqueued="0" dynamicThreshold="32" maxThreshold="32" />
  <references type="weak" candidates="597" cleared="57" enqueued="48" />
  <references type="phantom" candidates="5" cleared="0" enqueued="0" />
</gc-op>
<gc-end id="201" type="scavenge" contextid="197" durationms="1.152" usertimems="0.000" systemtimems="0.000" timestamp="2019-06-16T21:30:52.890" activeThreads="4">
  <mem-info id="202" free="6067160" total="8519680" percent="71">
    <mem type="nursery" free="1442560" total="2228224" percent="64">
      <mem type="allocate" free="1442560" total="1638400" percent="88" />
      <mem type="survivor" free="0" total="589824" percent="0" />
    </mem>
    <mem type="tenure" free="4624600" total="6291456" percent="73" macro-fragmented="3732887">
      <mem type="soa" free="4310232" total="5977088" percent="72" />
      <mem type="loa" free="314368" total="314368" percent="100" />
    </mem>
    <pending-finalizers system="0" default="0" reference="48" classloader="0" />
    <remembered-set count="931" />
  </mem-info>
</gc-end>
<cycle-end id="203" type="scavenge" contextid="197" timestamp="2019-06-16T21:30:52.891" />
  <attribute name="elasticGC enabled" value="1" />
  <attribute name= "numThreadsSpecified" value="4" />
  <attribute name="heapSize specified" value="0" />
  <attribute name="Current GC Util" value="2" />
  <attribute name= "Current Time Running" value="38856" />
  <attribute name ="GC Interval" value="200" />
  <attribute name="ProportionalT" value="-9.000000" />
  <attribute name="ProportionalI" value="-9.000000" />
  <attribute name="ProportionalH" value="-9.000000" />
  <attribute name="Current Error" value="-18.000000" />
  <attribute name="IntegralT" value="-882.000000" />
  <attribute name="IntegralI" value="-882.000000" />
  <attribute name="IntegralH" value="-882.000000" />
  <attribute name="DerivativeT" value="-0.183673" />
  <attribute name="DerivativeI" value="-0.183673" />
  <attribute name="DerivativeH" value="-0.183673" />
  <attribute name="Loop Time for DT" value="98.000000" />
  <attribute name="Output H" value="2092630016"/>
  <attribute name="Output I" value="200"/>
  <attribute name="Output T" value="4"/>
  <attribute name="Target GC Util Change" value ="20.000000" />
  <attribute name="Current GC Util Change" value="2.000000"/>
  <attribute name="GC Util currently" value="2" />
  <attribute name="CPU Util currently" value="47083908095" />
<allocation-satisfied id="204" threadId="0000000002213700" bytesRequested="64" />
<af-end id="205" timestamp="2019-06-16T21:30:52.891" threadId="0000000002214088" success="true" from="nursery"/>
<exclusive-end id="206" timestamp="2019-06-16T21:30:52.891" durationms="1.894" />

<exclusive-start id="207" timestamp="2019-06-16T21:30:52.979" intervalms="89.907">
  <response-info timems="0.033" idlems="0.033" threads="0" lastid="0000000002213700" lastname="main" />
</exclusive-start>
<af-start id="208" threadId="0000000002214088" totalBytesRequested="40" timestamp="2019-06-16T21:30:52.979" intervalms="89.903" type="nursery" />
<cycle-start id="209" type="scavenge" contextid="0" timestamp="2019-06-16T21:30:52.979" intervalms="89.877" />
<gc-start id="210" type="scavenge" contextid="209" timestamp="2019-06-16T21:30:52.979">
  <mem-info id="211" free="4515392" total="8519680" percent="52">
    <mem type="nursery" free="0" total="2228224" percent="0">
      <mem type="allocate" free="0" total="1638400" percent="0" />
      <mem type="survivor" free="0" total="589824" percent="0" />
    </mem>
    <mem type="tenure" free="4515392" total="6291456" percent="71">
      <mem type="soa" free="4201024" total="5977088" percent="70" />
      <mem type="loa" free="314368" total="314368" percent="100" />
    </mem>
    <remembered-set count="2358" />
  </mem-info>
</gc-start>
<allocation-stats totalBytes="1550128" >
  <allocated-bytes non-tlh="109272" tlh="1440856" />
  <largest-consumer threadName="main" threadId="0000000002213700" bytes="1541936" />
</allocation-stats>
<gc-op id="212" type="scavenge" timems="1.142" contextid="209" timestamp="2019-06-16T21:30:52.981">
  <scavenger-info tenureage="5" tenuremask="ffe0" tiltratio="73" />
  <memory-copied type="nursery" objects="9952" bytes="325728" bytesdiscarded="92008" />
  <finalization candidates="49" enqueued="0" />
  <ownableSynchronizers candidates="17" cleared="0" />
  <references type="soft" candidates="39" cleared="0" enqueued="0" dynamicThreshold="32" maxThreshold="32" />
  <references type="weak" candidates="941" cleared="69" enqueued="53" />
  <references type="phantom" candidates="6" cleared="0" enqueued="0" />
</gc-op>
<gc-end id="213" type="scavenge" contextid="209" durationms="1.530" usertimems="0.000" systemtimems="0.000" timestamp="2019-06-16T21:30:52.981" activeThreads="4">
  <mem-info id="214" free="5735736" total="8519680" percent="67">
    <mem type="nursery" free="1220344" total="2228224" percent="54">
      <mem type="allocate" free="1220344" total="1638400" percent="74" />
      <mem type="survivor" free="0" total="589824" percent="0" />
    </mem>
    <mem type="tenure" free="4515392" total="6291456" percent="71" macro-fragmented="3110739">
      <mem type="soa" free="4201024" total="5977088" percent="70" />
      <mem type="loa" free="314368" total="314368" percent="100" />
    </mem>
    <pending-finalizers system="0" default="0" reference="53" classloader="0" />
    <remembered-set count="2168" />
  </mem-info>
</gc-end>
<cycle-end id="215" type="scavenge" contextid="209" timestamp="2019-06-16T21:30:52.981" />
  <attribute name="elasticGC enabled" value="1" />
  <attribute name= "numThreadsSpecified" value="4" />
  <attribute name="heapSize specified" value="0" />
  <attribute name="Current GC Util" value="1" />
  <attribute name= "Current Time Running" value="38945" />
  <attribute name ="GC Interval" value="200" />
  <attribute name="ProportionalT" value="-9.500000" />
  <attribute name="ProportionalI" value="-9.500000" />
  <attribute name="ProportionalH" value="-9.500000" />
  <attribute name="Current Error" value="-19.000000" />
  <attribute name="IntegralT" value="-845.500000" />
  <attribute name="IntegralI" value="-845.500000" />
  <attribute name="IntegralH" value="-845.500000" />
  <attribute name="DerivativeT" value="-0.213483" />
  <attribute name="DerivativeI" value="-0.213483" />
  <attribute name="DerivativeH" value="-0.213483" />
  <attribute name="Loop Time for DT" value="89.000000" />
  <attribute name="Output H" value="2092630016"/>
  <attribute name="Output I" value="200"/>
  <attribute name="Output T" value="4"/>
  <attribute name="Target GC Util Change" value ="20.000000" />
  <attribute name="Current GC Util Change" value="1.000000"/>
  <attribute name="GC Util currently" value="1" />
  <attribute name="CPU Util currently" value="13" />
<allocation-satisfied id="216" threadId="0000000002213700" bytesRequested="40" />
<af-end id="217" timestamp="2019-06-16T21:30:52.981" threadId="0000000002214088" success="true" from="nursery"/>
<exclusive-end id="218" timestamp="2019-06-16T21:30:52.981" durationms="2.234" />

<exclusive-start id="219" timestamp="2019-06-16T21:30:53.019" intervalms="39.817">
  <response-info timems="0.031" idlems="0.031" threads="0" lastid="0000000002213700" lastname="main" />
</exclusive-start>
<af-start id="220" threadId="0000000002214088" totalBytesRequested="3080" timestamp="2019-06-16T21:30:53.019" intervalms="39.733" type="nursery" />
<cycle-start id="221" type="scavenge" contextid="0" timestamp="2019-06-16T21:30:53.019" intervalms="39.675" />
<gc-start id="222" type="scavenge" contextid="221" timestamp="2019-06-16T21:30:53.019">
  <mem-info id="223" free="4478088" total="8519680" percent="52">
    <mem type="nursery" free="0" total="2228224" percent="0">
      <mem type="allocate" free="0" total="1638400" percent="0" />
      <mem type="survivor" free="0" total="589824" percent="0" />
    </mem>
    <mem type="tenure" free="4478088" total="6291456" percent="71">
      <mem type="soa" free="4163720" total="5977088" percent="69" />
      <mem type="loa" free="314368" total="314368" percent="100" />
    </mem>
    <remembered-set count="2562" />
  </mem-info>
</gc-start>
<allocation-stats totalBytes="1200392" >
  <allocated-bytes non-tlh="37344" tlh="1163048" />
  <largest-consumer threadName="main" threadId="0000000002213700" bytes="1192200" />
</allocation-stats>
<gc-op id="224" type="scavenge" timems="0.836" contextid="221" timestamp="2019-06-16T21:30:53.020">
  <scavenger-info tenureage="3" tenuremask="ffe8" tiltratio="73" />
  <memory-copied type="nursery" objects="8923" bytes="299200" bytesdiscarded="6496" />
  <memory-copied type="tenure" objects="2152" bytes="83552" bytesdiscarded="272" />
  <finalization candidates="49" enqueued="0" />
  <ownableSynchronizers candidates="17" cleared="0" />
  <references type="soft" candidates="44" cleared="0" enqueued="0" dynamicThreshold="32" maxThreshold="32" />
  <references type="weak" candidates="672" cleared="14" enqueued="14" />
  <references type="phantom" candidates="9" cleared="3" enqueued="3" />
</gc-op>
<gc-end id="225" type="scavenge" contextid="221" durationms="1.099" usertimems="0.000" systemtimems="0.000" timestamp="2019-06-16T21:30:53.020" activeThreads="4">
  <mem-info id="226" free="5767040" total="8519680" percent="67">
    <mem type="nursery" free="1398008" total="2228224" percent="62">
      <mem type="allocate" free="1398008" total="1703936" percent="82" />
      <mem type="survivor" free="0" total="524288" percent="0" />
    </mem>
    <mem type="tenure" free="4369032" total="6291456" percent="69" macro-fragmented="3110739">
      <mem type="soa" free="4054664" total="5977088" percent="67" />
      <mem type="loa" free="314368" total="314368" percent="100" />
    </mem>
    <pending-finalizers system="0" default="0" reference="17" classloader="0" />
    <remembered-set count="2062" />
  </mem-info>
</gc-end>
<cycle-end id="227" type="scavenge" contextid="221" timestamp="2019-06-16T21:30:53.020" />
  <attribute name="elasticGC enabled" value="1" />
  <attribute name= "numThreadsSpecified" value="4" />
  <attribute name="heapSize specified" value="0" />
  <attribute name="Current GC Util" value="4" />
  <attribute name= "Current Time Running" value="38985" />
  <attribute name ="GC Interval" value="200" />
  <attribute name="ProportionalT" value="-8.000000" />
  <attribute name="ProportionalI" value="-8.000000" />
  <attribute name="ProportionalH" value="-8.000000" />
  <attribute name="Current Error" value="-16.000000" />
  <attribute name="IntegralT" value="-320.000000" />
  <attribute name="IntegralI" value="-320.000000" />
  <attribute name="IntegralH" value="-320.000000" />
  <attribute name="DerivativeT" value="-0.400000" />
  <attribute name="DerivativeI" value="-0.400000" />
  <attribute name="DerivativeH" value="-0.400000" />
  <attribute name="Loop Time for DT" value="40.000000" />
  <attribute name="Output H" value="2092630016"/>
  <attribute name="Output I" value="200"/>
  <attribute name="Output T" value="4"/>
  <attribute name="Target GC Util Change" value ="20.000000" />
  <attribute name="Current GC Util Change" value="4.000000"/>
  <attribute name="GC Util currently" value="4" />
  <attribute name="CPU Util currently" value="116795814811" />
<allocation-satisfied id="228" threadId="0000000002213700" bytesRequested="3080" />
<af-end id="229" timestamp="2019-06-16T21:30:53.020" threadId="0000000002214088" success="true" from="nursery"/>
<exclusive-end id="230" timestamp="2019-06-16T21:30:53.020" durationms="1.552" />

<exclusive-start id="231" timestamp="2019-06-16T21:30:53.060" intervalms="41.543">
  <response-info timems="0.069" idlems="0.069" threads="0" lastid="0000000002213700" lastname="main" />
</exclusive-start>
<af-start id="232" threadId="0000000002214088" totalBytesRequested="23328" timestamp="2019-06-16T21:30:53.060" intervalms="41.573" type="nursery" />
<cycle-start id="233" type="scavenge" contextid="0" timestamp="2019-06-16T21:30:53.060" intervalms="41.605" />
<gc-start id="234" type="scavenge" contextid="233" timestamp="2019-06-16T21:30:53.060">
  <mem-info id="235" free="4350592" total="8519680" percent="51">
    <mem type="nursery" free="0" total="2228224" percent="0">
      <mem type="allocate" free="0" total="1703936" percent="0" />
      <mem type="survivor" free="0" total="524288" percent="0" />
    </mem>
    <mem type="tenure" free="4350592" total="6291456" percent="69">
      <mem type="soa" free="4036224" total="5977088" percent="67" />
      <mem type="loa" free="314368" total="314368" percent="100" />
    </mem>
    <remembered-set count="2349" />
  </mem-info>
</gc-start>
<allocation-stats totalBytes="1386936" >
  <allocated-bytes non-tlh="21520" tlh="1365416" />
  <largest-consumer threadName="main" threadId="0000000002213700" bytes="1378744" />
</allocation-stats>
<gc-op id="236" type="scavenge" timems="0.897" contextid="233" timestamp="2019-06-16T21:30:53.062">
  <scavenger-info tenureage="3" tenuremask="ffc8" tiltratio="76" />
  <memory-copied type="nursery" objects="10631" bytes="384048" bytesdiscarded="92112" />
  <memory-copied type="tenure" objects="649" bytes="33008" bytesdiscarded="0" />
  <finalization candidates="12" enqueued="0" />
  <references type="soft" candidates="349" cleared="0" enqueued="0" dynamicThreshold="32" maxThreshold="32" />
  <references type="weak" candidates="522" cleared="15" enqueued="15" />
  <references type="phantom" candidates="5" cleared="0" enqueued="0" />
</gc-op>
<gc-end id="237" type="scavenge" contextid="233" durationms="1.263" usertimems="4.000" systemtimems="0.000" timestamp="2019-06-16T21:30:53.062" activeThreads="4">
  <mem-info id="238" free="5578080" total="8519680" percent="65">
    <mem type="nursery" free="1227488" total="2228224" percent="55">
      <mem type="allocate" free="1227488" total="1703936" percent="72" />
      <mem type="survivor" free="0" total="524288" percent="0" />
    </mem>
    <mem type="tenure" free="4350592" total="6291456" percent="69" macro-fragmented="3110739">
      <mem type="soa" free="4036224" total="5977088" percent="67" />
      <mem type="loa" free="314368" total="314368" percent="100" />
    </mem>
    <pending-finalizers system="0" default="0" reference="15" classloader="0" />
    <remembered-set count="1084" />
  </mem-info>
</gc-end>
<cycle-end id="239" type="scavenge" contextid="233" timestamp="2019-06-16T21:30:53.062" />
  <attribute name="elasticGC enabled" value="1" />
  <attribute name= "numThreadsSpecified" value="4" />
  <attribute name="heapSize specified" value="0" />
  <attribute name="Current GC Util" value="4" />
  <attribute name= "Current Time Running" value="39027" />
  <attribute name ="GC Interval" value="200" />
  <attribute name="ProportionalT" value="-8.000000" />
  <attribute name="ProportionalI" value="-8.000000" />
  <attribute name="ProportionalH" value="-8.000000" />
  <attribute name="Current Error" value="-16.000000" />
  <attribute name="IntegralT" value="-336.000000" />
  <attribute name="IntegralI" value="-336.000000" />
  <attribute name="IntegralH" value="-336.000000" />
  <attribute name="DerivativeT" value="-0.380952" />
  <attribute name="DerivativeI" value="-0.380952" />
  <attribute name="DerivativeH" value="-0.380952" />
  <attribute name="Loop Time for DT" value="42.000000" />
  <attribute name="Output H" value="2092630016"/>
  <attribute name="Output I" value="200"/>
  <attribute name="Output T" value="4"/>
  <attribute name="Target GC Util Change" value ="20.000000" />
  <attribute name="Current GC Util Change" value="4.000000"/>
  <attribute name="GC Util currently" value="4" />
  <attribute name="CPU Util currently" value="110599276607" />
<allocation-satisfied id="240" threadId="0000000002213700" bytesRequested="23328" />
<af-end id="241" timestamp="2019-06-16T21:30:53.062" threadId="0000000002214088" success="true" from="nursery"/>
<exclusive-end id="242" timestamp="2019-06-16T21:30:53.062" durationms="1.973" />

<exclusive-start id="243" timestamp="2019-06-16T21:30:55.871" intervalms="2810.612">
  <response-info timems="0.055" idlems="0.055" threads="0" lastid="0000000002213700" lastname="main" />
</exclusive-start>
<af-start id="244" threadId="0000000002214088" totalBytesRequested="15368" timestamp="2019-06-16T21:30:55.871" intervalms="2810.636" type="nursery" />
<cycle-start id="245" type="scavenge" contextid="0" timestamp="2019-06-16T21:30:55.871" intervalms="2810.655" />
<gc-start id="246" type="scavenge" contextid="245" timestamp="2019-06-16T21:30:55.871">
  <mem-info id="247" free="4323312" total="8519680" percent="50">
    <mem type="nursery" free="0" total="2228224" percent="0">
      <mem type="allocate" free="0" total="1703936" percent="0" />
      <mem type="survivor" free="0" total="524288" percent="0" />
    </mem>
    <mem type="tenure" free="4323312" total="6291456" percent="68">
      <mem type="soa" free="4008944" total="5977088" percent="67" />
      <mem type="loa" free="314368" total="314368" percent="100" />
    </mem>
    <remembered-set count="1443" />
  </mem-info>
</gc-start>
<allocation-stats totalBytes="1241952" >
  <allocated-bytes non-tlh="50608" tlh="1191344" />
  <largest-consumer threadName="main" threadId="0000000002213700" bytes="1241952" />
</allocation-stats>
<gc-op id="248" type="scavenge" timems="0.950" contextid="245" timestamp="2019-06-16T21:30:55.872">
  <scavenger-info tenureage="3" tenuremask="ffe8" tiltratio="76" />
  <memory-copied type="nursery" objects="6019" bytes="258880" bytesdiscarded="164800" />
  <memory-copied type="tenure" objects="6934" bytes="201320" bytesdiscarded="160" />
  <finalization candidates="11" enqueued="0" />
  <references type="soft" candidates="467" cleared="0" enqueued="0" dynamicThreshold="32" maxThreshold="32" />
  <references type="weak" candidates="309" cleared="12" enqueued="12" />
  <references type="phantom" candidates="6" cleared="2" enqueued="2" />
</gc-op>
<gc-end id="249" type="scavenge" contextid="245" durationms="1.317" usertimems="0.000" systemtimems="0.000" timestamp="2019-06-16T21:30:55.872" activeThreads="4">
  <mem-info id="250" free="5415904" total="8519680" percent="63">
    <mem type="nursery" free="1279984" total="2228224" percent="57">
      <mem type="allocate" free="1279984" total="1703936" percent="75" />
      <mem type="survivor" free="0" total="524288" percent="0" />
    </mem>
    <mem type="tenure" free="4135920" total="6291456" percent="65" macro-fragmented="2160235">
      <mem type="soa" free="3821552" total="5977088" percent="63" />
      <mem type="loa" free="314368" total="314368" percent="100" />
    </mem>
    <pending-finalizers system="0" default="0" reference="14" classloader="0" />
    <remembered-set count="820" />
  </mem-info>
</gc-end>
<cycle-end id="251" type="scavenge" contextid="245" timestamp="2019-06-16T21:30:55.873" />
  <attribute name="elasticGC enabled" value="1" />
  <attribute name= "numThreadsSpecified" value="4" />
  <attribute name="heapSize specified" value="0" />
  <attribute name="Current GC Util" value="0" />
  <attribute name= "Current Time Running" value="41837" />
  <attribute name ="GC Interval" value="200" />
  <attribute name="ProportionalT" value="-10.000000" />
  <attribute name="ProportionalI" value="-10.000000" />
  <attribute name="ProportionalH" value="-10.000000" />
  <attribute name="Current Error" value="-20.000000" />
  <attribute name="IntegralT" value="-28100.000000" />
  <attribute name="IntegralI" value="-28100.000000" />
  <attribute name="IntegralH" value="-28100.000000" />
  <attribute name="DerivativeT" value="-0.007117" />
  <attribute name="DerivativeI" value="-0.007117" />
  <attribute name="DerivativeH" value="-0.007117" />
  <attribute name="Loop Time for DT" value="2810.000000" />
  <attribute name="Output H" value="2092630016"/>
  <attribute name="Output I" value="200"/>
  <attribute name="Output T" value="4"/>
  <attribute name="Target GC Util Change" value ="20.000000" />
  <attribute name="Current GC Util Change" value="0.000000"/>
  <attribute name="GC Util currently" value="0" />
  <attribute name="CPU Util currently" value="10" />
<allocation-satisfied id="252" threadId="0000000002213700" bytesRequested="15368" />
<af-end id="253" timestamp="2019-06-16T21:30:55.873" threadId="0000000002214088" success="true" from="nursery"/>
<exclusive-end id="254" timestamp="2019-06-16T21:30:55.873" durationms="2.049" />

<exclusive-start id="255" timestamp="2019-06-16T21:30:55.910" intervalms="39.425">
  <response-info timems="0.026" idlems="0.026" threads="0" lastid="0000000002213700" lastname="main" />
</exclusive-start>
<af-start id="256" threadId="0000000002214088" totalBytesRequested="9736" timestamp="2019-06-16T21:30:55.910" intervalms="39.363" type="nursery" />
<cycle-start id="257" type="scavenge" contextid="0" timestamp="2019-06-16T21:30:55.910" intervalms="39.312" />
<gc-start id="258" type="scavenge" contextid="257" timestamp="2019-06-16T21:30:55.910">
  <mem-info id="259" free="4103712" total="8519680" percent="48">
    <mem type="nursery" free="0" total="2228224" percent="0">
      <mem type="allocate" free="0" total="1703936" percent="0" />
      <mem type="survivor" free="0" total="524288" percent="0" />
    </mem>
    <mem type="tenure" free="4103712" total="6291456" percent="65">
      <mem type="soa" free="3789344" total="5977088" percent="63" />
      <mem type="loa" free="314368" total="314368" percent="100" />
    </mem>
    <remembered-set count="1104" />
  </mem-info>
</gc-start>
<allocation-stats totalBytes="1300400" >
  <allocated-bytes non-tlh="47576" tlh="1252824" />
  <largest-consumer threadName="main" threadId="0000000002213700" bytes="1300400" />
</allocation-stats>
<gc-op id="260" type="scavenge" timems="0.638" contextid="257" timestamp="2019-06-16T21:30:55.911">
  <scavenger-info tenureage="3" tenuremask="ff68" tiltratio="76" />
  <memory-copied type="nursery" objects="5468" bytes="252624" bytesdiscarded="110760" />
  <memory-copied type="tenure" objects="1207" bytes="47600" bytesdiscarded="8" />
  <finalization candidates="3" enqueued="0" />
  <references type="soft" candidates="474" cleared="0" enqueued="0" dynamicThreshold="32" maxThreshold="32" />
  <references type="weak" candidates="341" cleared="8" enqueued="8" />
  <references type="phantom" candidates="1" cleared="0" enqueued="0" />
</gc-op>
<gc-end id="261" type="scavenge" contextid="257" durationms="0.874" usertimems="0.000" systemtimems="4.000" timestamp="2019-06-16T21:30:55.911" activeThreads="4">
  <mem-info id="262" free="5470296" total="8519680" percent="64">
    <mem type="nursery" free="1405752" total="2228224" percent="63">
      <mem type="allocate" free="1405752" total="1769472" percent="79" />
      <mem type="survivor" free="0" total="458752" percent="0" />
    </mem>
    <mem type="tenure" free="4064544" total="6291456" percent="64" macro-fragmented="3732887">
      <mem type="soa" free="3750176" total="5977088" percent="62" />
      <mem type="loa" free="314368" total="314368" percent="100" />
    </mem>
    <pending-finalizers system="0" default="0" reference="8" classloader="0" />
    <remembered-set count="801" />
  </mem-info>
</gc-end>
<cycle-end id="263" type="scavenge" contextid="257" timestamp="2019-06-16T21:30:55.911" />
  <attribute name="elasticGC enabled" value="1" />
  <attribute name= "numThreadsSpecified" value="4" />
  <attribute name="heapSize specified" value="0" />
  <attribute name="Current GC Util" value="5" />
  <attribute name= "Current Time Running" value="41876" />
  <attribute name ="GC Interval" value="200" />
  <attribute name="ProportionalT" value="-7.500000" />
  <attribute name="ProportionalI" value="-7.500000" />
  <attribute name="ProportionalH" value="-7.500000" />
  <attribute name="Current Error" value="-15.000000" />
  <attribute name="IntegralT" value="-292.500000" />
  <attribute name="IntegralI" value="-292.500000" />
  <attribute name="IntegralH" value="-292.500000" />
  <attribute name="DerivativeT" value="-0.384615" />
  <attribute name="DerivativeI" value="-0.384615" />
  <attribute name="DerivativeH" value="-0.384615" />
  <attribute name="Loop Time for DT" value="39.000000" />
  <attribute name="Output H" value="2092630016"/>
  <attribute name="Output I" value="200"/>
  <attribute name="Output T" value="4"/>
  <attribute name="Target GC Util Change" value ="20.000000" />
  <attribute name="Current GC Util Change" value="5.000000"/>
  <attribute name="GC Util currently" value="5" />
  <attribute name="CPU Util currently" value="117724524530" />
<allocation-satisfied id="264" threadId="0000000002213700" bytesRequested="9736" />
<af-end id="265" timestamp="2019-06-16T21:30:55.911" threadId="0000000002214088" success="true" from="nursery"/>
<exclusive-end id="266" timestamp="2019-06-16T21:30:55.911" durationms="1.330" />

<exclusive-start id="267" timestamp="2019-06-16T21:30:55.940" intervalms="29.674">
  <response-info timems="0.030" idlems="0.030" threads="0" lastid="0000000002213700" lastname="main" />
</exclusive-start>
<af-start id="268" threadId="0000000002214088" totalBytesRequested="952" timestamp="2019-06-16T21:30:55.940" intervalms="29.683" type="nursery" />
<cycle-start id="269" type="scavenge" contextid="0" timestamp="2019-06-16T21:30:55.940" intervalms="29.686" />
<gc-start id="270" type="scavenge" contextid="269" timestamp="2019-06-16T21:30:55.940">
  <mem-info id="271" free="4045304" total="8519680" percent="47">
    <mem type="nursery" free="0" total="2228224" percent="0">
      <mem type="allocate" free="0" total="1769472" percent="0" />
      <mem type="survivor" free="0" total="458752" percent="0" />
    </mem>
    <mem type="tenure" free="4045304" total="6291456" percent="64">
      <mem type="soa" free="3730936" total="5977088" percent="62" />
      <mem type="loa" free="314368" total="314368" percent="100" />
    </mem>
    <remembered-set count="1030" />
  </mem-info>
</gc-start>
<allocation-stats totalBytes="1395424" >
  <allocated-bytes non-tlh="44344" tlh="1351080" />
  <largest-consumer threadName="main" threadId="0000000002213700" bytes="1395424" />
</allocation-stats>
<gc-op id="272" type="scavenge" timems="0.818" contextid="269" timestamp="2019-06-16T21:30:55.941">
  <scavenger-info tenureage="3" tenuremask="ffe8" tiltratio="79" />
  <memory-copied type="nursery" objects="4208" bytes="174192" bytesdiscarded="21440" />
  <memory-copied type="tenure" objects="2342" bytes="90112" bytesdiscarded="8" />
  <finalization candidates="3" enqueued="0" />
  <references type="soft" candidates="208" cleared="0" enqueued="0" dynamicThreshold="32" maxThreshold="32" />
  <references type="weak" candidates="340" cleared="16" enqueued="16" />
  <references type="phantom" candidates="3" cleared="1" enqueued="1" />
</gc-op>
<gc-end id="273" type="scavenge" contextid="269" durationms="1.088" usertimems="0.000" systemtimems="0.000" timestamp="2019-06-16T21:30:55.941" activeThreads="4">
  <mem-info id="274" free="5579768" total="8519680" percent="65">
    <mem type="nursery" free="1573632" total="2228224" percent="70">
      <mem type="allocate" free="1573632" total="1769472" percent="88" />
      <mem type="survivor" free="0" total="458752" percent="0" />
    </mem>
    <mem type="tenure" free="4006136" total="6291456" percent="63" macro-fragmented="3110739">
      <mem type="soa" free="3691768" total="5977088" percent="61" />
      <mem type="loa" free="314368" total="314368" percent="100" />
    </mem>
    <pending-finalizers system="0" default="0" reference="17" classloader="0" />
    <remembered-set count="632" />
  </mem-info>
</gc-end>
<cycle-end id="275" type="scavenge" contextid="269" timestamp="2019-06-16T21:30:55.941" />
  <attribute name="elasticGC enabled" value="1" />
  <attribute name= "numThreadsSpecified" value="4" />
  <attribute name="heapSize specified" value="0" />
  <attribute name="Current GC Util" value="4" />
  <attribute name= "Current Time Running" value="41906" />
  <attribute name ="GC Interval" value="200" />
  <attribute name="ProportionalT" value="-8.000000" />
  <attribute name="ProportionalI" value="-8.000000" />
  <attribute name="ProportionalH" value="-8.000000" />
  <attribute name="Current Error" value="-16.000000" />
  <attribute name="IntegralT" value="-240.000000" />
  <attribute name="IntegralI" value="-240.000000" />
  <attribute name="IntegralH" value="-240.000000" />
  <attribute name="DerivativeT" value="-0.533333" />
  <attribute name="DerivativeI" value="-0.533333" />
  <attribute name="DerivativeH" value="-0.533333" />
  <attribute name="Loop Time for DT" value="30.000000" />
  <attribute name="Output H" value="2092630016"/>
  <attribute name="Output I" value="200"/>
  <attribute name="Output T" value="4"/>
  <attribute name="Target GC Util Change" value ="20.000000" />
  <attribute name="Current GC Util Change" value="4.000000"/>
  <attribute name="GC Util currently" value="4" />
  <attribute name="CPU Util currently" value="155320085818" />
<allocation-satisfied id="276" threadId="0000000002213700" bytesRequested="952" />
<af-end id="277" timestamp="2019-06-16T21:30:55.941" threadId="0000000002214088" success="true" from="nursery"/>
<exclusive-end id="278" timestamp="2019-06-16T21:30:55.941" durationms="1.577" />

<exclusive-start id="279" timestamp="2019-06-16T21:30:55.999" intervalms="58.738">
  <response-info timems="0.038" idlems="0.038" threads="0" lastid="0000000002213700" lastname="main" />
</exclusive-start>
<af-start id="280" threadId="0000000002214088" totalBytesRequested="7176" timestamp="2019-06-16T21:30:55.999" intervalms="58.737" type="nursery" />
<cycle-start id="281" type="scavenge" contextid="0" timestamp="2019-06-16T21:30:55.999" intervalms="58.736" />
<gc-start id="282" type="scavenge" contextid="281" timestamp="2019-06-16T21:30:55.999">
  <mem-info id="283" free="3956632" total="8519680" percent="46">
    <mem type="nursery" free="0" total="2228224" percent="0">
      <mem type="allocate" free="0" total="1769472" percent="0" />
      <mem type="survivor" free="0" total="458752" percent="0" />
    </mem>
    <mem type="tenure" free="3956632" total="6291456" percent="62">
      <mem type="soa" free="3642264" total="5977088" percent="60" />
      <mem type="loa" free="314368" total="314368" percent="100" />
    </mem>
    <remembered-set count="1081" />
  </mem-info>
</gc-start>
<allocation-stats totalBytes="1610128" >
  <allocated-bytes non-tlh="50456" tlh="1559672" />
  <largest-consumer threadName="main" threadId="0000000002213700" bytes="1606032" />
</allocation-stats>
<gc-op id="284" type="scavenge" timems="0.713" contextid="281" timestamp="2019-06-16T21:30:56.000">
  <scavenger-info tenureage="3" tenuremask="ffe8" tiltratio="79" />
  <memory-copied type="nursery" objects="2888" bytes="150736" bytesdiscarded="8752" />
  <memory-copied type="tenure" objects="2352" bytes="85976" bytesdiscarded="40" />
  <finalization candidates="3" enqueued="0" />
  <references type="soft" candidates="57" cleared="0" enqueued="0" dynamicThreshold="32" maxThreshold="32" />
  <references type="weak" candidates="605" cleared="1" enqueued="1" />
  <references type="phantom" candidates="2" cleared="0" enqueued="0" />
</gc-op>
<gc-end id="285" type="scavenge" contextid="281" durationms="0.961" usertimems="0.000" systemtimems="0.000" timestamp="2019-06-16T21:30:56.000" activeThreads="4">
  <mem-info id="286" free="5553552" total="8519680" percent="65">
    <mem type="nursery" free="1675256" total="2228224" percent="75">
      <mem type="allocate" free="1675256" total="1835008" percent="91" />
      <mem type="survivor" free="0" total="393216" percent="0" />
    </mem>
    <mem type="tenure" free="3878296" total="6291456" percent="61" macro-fragmented="2160235">
      <mem type="soa" free="3563928" total="5977088" percent="59" />
      <mem type="loa" free="314368" total="314368" percent="100" />
    </mem>
    <pending-finalizers system="0" default="0" reference="1" classloader="0" />
    <remembered-set count="812" />
  </mem-info>
</gc-end>
<cycle-end id="287" type="scavenge" contextid="281" timestamp="2019-06-16T21:30:56.000" />
  <attribute name="elasticGC enabled" value="1" />
  <attribute name= "numThreadsSpecified" value="4" />
  <attribute name="heapSize specified" value="0" />
  <attribute name="Current GC Util" value="2" />
  <attribute name= "Current Time Running" value="41965" />
  <attribute name ="GC Interval" value="200" />
  <attribute name="ProportionalT" value="-9.000000" />
  <attribute name="ProportionalI" value="-9.000000" />
  <attribute name="ProportionalH" value="-9.000000" />
  <attribute name="Current Error" value="-18.000000" />
  <attribute name="IntegralT" value="-531.000000" />
  <attribute name="IntegralI" value="-531.000000" />
  <attribute name="IntegralH" value="-531.000000" />
  <attribute name="DerivativeT" value="-0.305085" />
  <attribute name="DerivativeI" value="-0.305085" />
  <attribute name="DerivativeH" value="-0.305085" />
  <attribute name="Loop Time for DT" value="59.000000" />
  <attribute name="Output H" value="2092630016"/>
  <attribute name="Output I" value="200"/>
  <attribute name="Output T" value="4"/>
  <attribute name="Target GC Util Change" value ="20.000000" />
  <attribute name="Current GC Util Change" value="2.000000"/>
  <attribute name="GC Util currently" value="2" />
  <attribute name="CPU Util currently" value="4" />
<allocation-satisfied id="288" threadId="0000000002213700" bytesRequested="7176" />
<af-end id="289" timestamp="2019-06-16T21:30:56.000" threadId="0000000002214088" success="true" from="nursery"/>
<exclusive-end id="290" timestamp="2019-06-16T21:30:56.000" durationms="1.430" />

<exclusive-start id="291" timestamp="2019-06-16T21:30:56.048" intervalms="49.475">
  <response-info timems="0.033" idlems="0.033" threads="0" lastid="0000000002213700" lastname="main" />
</exclusive-start>
<af-start id="292" threadId="0000000002214088" totalBytesRequested="24" timestamp="2019-06-16T21:30:56.048" intervalms="49.550" type="nursery" />
<cycle-start id="293" type="scavenge" contextid="0" timestamp="2019-06-16T21:30:56.048" intervalms="49.624" />
<gc-start id="294" type="scavenge" contextid="293" timestamp="2019-06-16T21:30:56.048">
  <mem-info id="295" free="3828088" total="8519680" percent="44">
    <mem type="nursery" free="0" total="2228224" percent="0">
      <mem type="allocate" free="0" total="1835008" percent="0" />
      <mem type="survivor" free="0" total="393216" percent="0" />
    </mem>
    <mem type="tenure" free="3828088" total="6291456" percent="60">
      <mem type="soa" free="3513720" total="5977088" percent="58" />
      <mem type="loa" free="314368" total="314368" percent="100" />
    </mem>
    <remembered-set count="1369" />
  </mem-info>
</gc-start>
<allocation-stats totalBytes="1723608" >
  <allocated-bytes non-tlh="57384" tlh="1666224" />
  <largest-consumer threadName="main" threadId="0000000002213700" bytes="1723608" />
</allocation-stats>
<gc-op id="296" type="scavenge" timems="0.929" contextid="293" timestamp="2019-06-16T21:30:56.050">
  <scavenger-info tenureage="5" tenuremask="ffe0" tiltratio="82" />
  <memory-copied type="nursery" objects="6709" bytes="266568" bytesdiscarded="126104" />
  <finalization candidates="3" enqueued="0" />
  <ownableSynchronizers candidates="1" cleared="0" />
  <references type="soft" candidates="201" cleared="0" enqueued="0" dynamicThreshold="32" maxThreshold="32" />
  <references type="weak" candidates="927" cleared="1" enqueued="1" />
  <references type="phantom" candidates="1" cleared="0" enqueued="0" />
</gc-op>
<gc-end id="297" type="scavenge" contextid="293" durationms="1.200" usertimems="0.000" systemtimems="0.000" timestamp="2019-06-16T21:30:56.050" activeThreads="4">
  <mem-info id="298" free="5269880" total="8519680" percent="61">
    <mem type="nursery" free="1441792" total="2228224" percent="64">
      <mem type="allocate" free="1441792" total="1835008" percent="78" />
      <mem type="survivor" free="0" total="393216" percent="0" />
    </mem>
    <mem type="tenure" free="3828088" total="6291456" percent="60" macro-fragmented="1800196">
      <mem type="soa" free="3513720" total="5977088" percent="58" />
      <mem type="loa" free="314368" total="314368" percent="100" />
    </mem>
    <pending-finalizers system="0" default="0" reference="1" classloader="0" />
    <remembered-set count="1215" />
  </mem-info>
</gc-end>
<cycle-end id="299" type="scavenge" contextid="293" timestamp="2019-06-16T21:30:56.050" />
  <attribute name="elasticGC enabled" value="1" />
  <attribute name= "numThreadsSpecified" value="4" />
  <attribute name="heapSize specified" value="0" />
  <attribute name="Current GC Util" value="2" />
  <attribute name= "Current Time Running" value="42014" />
  <attribute name ="GC Interval" value="200" />
  <attribute name="ProportionalT" value="-9.000000" />
  <attribute name="ProportionalI" value="-9.000000" />
  <attribute name="ProportionalH" value="-9.000000" />
  <attribute name="Current Error" value="-18.000000" />
  <attribute name="IntegralT" value="-441.000000" />
  <attribute name="IntegralI" value="-441.000000" />
  <attribute name="IntegralH" value="-441.000000" />
  <attribute name="DerivativeT" value="-0.367347" />
  <attribute name="DerivativeI" value="-0.367347" />
  <attribute name="DerivativeH" value="-0.367347" />
  <attribute name="Loop Time for DT" value="49.000000" />
  <attribute name="Output H" value="2092630016"/>
  <attribute name="Output I" value="200"/>
  <attribute name="Output T" value="4"/>
  <attribute name="Target GC Util Change" value ="20.000000" />
  <attribute name="Current GC Util Change" value="2.000000"/>
  <attribute name="GC Util currently" value="2" />
  <attribute name="CPU Util currently" value="92843559569" />
<allocation-satisfied id="300" threadId="0000000002213700" bytesRequested="24" />
<af-end id="301" timestamp="2019-06-16T21:30:56.050" threadId="0000000002214088" success="true" from="nursery"/>
<exclusive-end id="302" timestamp="2019-06-16T21:30:56.050" durationms="1.952" />

<exclusive-start id="303" timestamp="2019-06-16T21:30:56.109" intervalms="60.912">
  <response-info timems="0.051" idlems="0.051" threads="0" lastid="0000000002213700" lastname="main" />
</exclusive-start>
<af-start id="304" threadId="0000000002214088" totalBytesRequested="152" timestamp="2019-06-16T21:30:56.109" intervalms="60.861" type="nursery" />
<cycle-start id="305" type="scavenge" contextid="0" timestamp="2019-06-16T21:30:56.109" intervalms="60.813" />
<gc-start id="306" type="scavenge" contextid="305" timestamp="2019-06-16T21:30:56.109">
  <mem-info id="307" free="3779840" total="8519680" percent="44">
    <mem type="nursery" free="0" total="2228224" percent="0">
      <mem type="allocate" free="0" total="1835008" percent="0" />
      <mem type="survivor" free="0" total="393216" percent="0" />
    </mem>
    <mem type="tenure" free="3779840" total="6291456" percent="60">
      <mem type="soa" free="3465472" total="5977088" percent="57" />
      <mem type="loa" free="314368" total="314368" percent="100" />
    </mem>
    <remembered-set count="1983" />
  </mem-info>
</gc-start>
<allocation-stats totalBytes="1488496" >
  <allocated-bytes non-tlh="48272" tlh="1440224" />
  <largest-consumer threadName="main" threadId="0000000002213700" bytes="1418392" />
</allocation-stats>
<gc-op id="308" type="scavenge" timems="1.155" contextid="305" timestamp="2019-06-16T21:30:56.111">
  <scavenger-info tenureage="3" tenuremask="fff8" tiltratio="82" />
  <memory-copied type="nursery" objects="7934" bytes="326584" bytesdiscarded="65448" />
  <memory-copied type="tenure" objects="2568" bytes="110048" bytesdiscarded="72" />
  <copy-failed type="nursery" objects="839" bytes="28320" />
  <finalization candidates="17" enqueued="0" />
  <ownableSynchronizers candidates="6" cleared="0" />
  <references type="soft" candidates="249" cleared="0" enqueued="0" dynamicThreshold="32" maxThreshold="32" />
  <references type="weak" candidates="1971" cleared="428" enqueued="286" />
  <references type="phantom" candidates="3" cleared="1" enqueued="1" />
</gc-op>
<gc-end id="309" type="scavenge" contextid="305" durationms="1.662" usertimems="0.000" systemtimems="0.000" timestamp="2019-06-16T21:30:56.111" activeThreads="4">
  <mem-info id="310" free="4973056" total="8519680" percent="58">
    <mem type="nursery" free="1310720" total="2228224" percent="58">
      <mem type="allocate" free="1310720" total="1703936" percent="76" />
      <mem type="survivor" free="0" total="524288" percent="0" />
    </mem>
    <mem type="tenure" free="3662336" total="6291456" percent="58" macro-fragmented="3110739">
      <mem type="soa" free="3347968" total="5977088" percent="56" />
      <mem type="loa" free="314368" total="314368" percent="100" />
    </mem>
    <pending-finalizers system="0" default="0" reference="287" classloader="0" />
    <remembered-set count="1658" />
  </mem-info>
</gc-end>
<cycle-end id="311" type="scavenge" contextid="305" timestamp="2019-06-16T21:30:56.111" />
  <attribute name="elasticGC enabled" value="1" />
  <attribute name= "numThreadsSpecified" value="4" />
  <attribute name="heapSize specified" value="0" />
  <attribute name="Current GC Util" value="2" />
  <attribute name= "Current Time Running" value="42075" />
  <attribute name ="GC Interval" value="200" />
  <attribute name="ProportionalT" value="-9.000000" />
  <attribute name="ProportionalI" value="-9.000000" />
  <attribute name="ProportionalH" value="-9.000000" />
  <attribute name="Current Error" value="-18.000000" />
  <attribute name="IntegralT" value="-549.000000" />
  <attribute name="IntegralI" value="-549.000000" />
  <attribute name="IntegralH" value="-549.000000" />
  <attribute name="DerivativeT" value="-0.295082" />
  <attribute name="DerivativeI" value="-0.295082" />
  <attribute name="DerivativeH" value="-0.295082" />
  <attribute name="Loop Time for DT" value="61.000000" />
  <attribute name="Output H" value="2092630016"/>
  <attribute name="Output I" value="200"/>
  <attribute name="Output T" value="4"/>
  <attribute name="Target GC Util Change" value ="20.000000" />
  <attribute name="Current GC Util Change" value="2.000000"/>
  <attribute name="GC Util currently" value="2" />
  <attribute name="CPU Util currently" value="75807469752" />
<allocation-satisfied id="312" threadId="0000000002213700" bytesRequested="152" />
<af-end id="313" timestamp="2019-06-16T21:30:56.111" threadId="0000000002214088" success="true" from="nursery"/>
<exclusive-end id="314" timestamp="2019-06-16T21:30:56.111" durationms="2.403" />

<exclusive-start id="315" timestamp="2019-06-16T21:30:56.139" intervalms="29.544">
  <response-info timems="0.052" idlems="0.052" threads="0" lastid="0000000002213700" lastname="main" />
</exclusive-start>
<af-start id="316" threadId="0000000002214088" totalBytesRequested="8200" timestamp="2019-06-16T21:30:56.139" intervalms="29.550" type="nursery" />
<cycle-start id="317" type="scavenge" contextid="0" timestamp="2019-06-16T21:30:56.139" intervalms="29.559" />
<gc-start id="318" type="scavenge" contextid="317" timestamp="2019-06-16T21:30:56.139">
  <mem-info id="319" free="3650784" total="8519680" percent="42">
    <mem type="nursery" free="0" total="2228224" percent="0">
      <mem type="allocate" free="0" total="1703936" percent="0" />
      <mem type="survivor" free="0" total="524288" percent="0" />
    </mem>
    <mem type="tenure" free="3650784" total="6291456" percent="58">
      <mem type="soa" free="3336416" total="5977088" percent="55" />
      <mem type="loa" free="314368" total="314368" percent="100" />
    </mem>
    <remembered-set count="1869" />
  </mem-info>
</gc-start>
<allocation-stats totalBytes="1312168" >
  <allocated-bytes non-tlh="573176" tlh="738992" />
  <largest-consumer threadName="main" threadId="0000000002213700" bytes="1300336" />
</allocation-stats>
<gc-op id="320" type="scavenge" timems="0.910" contextid="317" timestamp="2019-06-16T21:30:56.140">
  <scavenger-info tenureage="3" tenuremask="7008" tiltratio="76" />
  <memory-copied type="nursery" objects="3910" bytes="523720" bytesdiscarded="40" />
  <memory-copied type="tenure" objects="5191" bytes="398296" bytesdiscarded="80" />
  <copy-failed type="nursery" objects="4114" bytes="359408" />
  <finalization candidates="14" enqueued="0" />
  <ownableSynchronizers candidates="6" cleared="0" />
  <references type="soft" candidates="129" cleared="0" enqueued="0" dynamicThreshold="32" maxThreshold="32" />
  <references type="weak" candidates="502" cleared="7" enqueued="7" />
  <references type="phantom" candidates="7" cleared="1" enqueued="1" />
</gc-op>
<gc-end id="321" type="scavenge" contextid="317" durationms="1.445" usertimems="0.000" systemtimems="0.000" timestamp="2019-06-16T21:30:56.140" activeThreads="4">
  <mem-info id="322" free="3852288" total="8519680" percent="45">
    <mem type="nursery" free="589824" total="2228224" percent="26">
      <mem type="allocate" free="589824" total="1114112" percent="52" />
      <mem type="survivor" free="0" total="1114112" percent="0" />
    </mem>
    <mem type="tenure" free="3262464" total="6291456" percent="51" macro-fragmented="1500163">
      <mem type="soa" free="2948096" total="5977088" percent="49" />
      <mem type="loa" free="314368" total="314368" percent="100" />
    </mem>
    <pending-finalizers system="0" default="0" reference="8" classloader="0" />
    <remembered-set count="2275" />
  </mem-info>
</gc-end>
<cycle-end id="323" type="scavenge" contextid="317" timestamp="2019-06-16T21:30:56.140" />
  <attribute name="elasticGC enabled" value="1" />
  <attribute name= "numThreadsSpecified" value="4" />
  <attribute name="heapSize specified" value="0" />
  <attribute name="Current GC Util" value="6" />
  <attribute name= "Current Time Running" value="42105" />
  <attribute name ="GC Interval" value="200" />
  <attribute name="ProportionalT" value="-7.000000" />
  <attribute name="ProportionalI" value="-7.000000" />
  <attribute name="ProportionalH" value="-7.000000" />
  <attribute name="Current Error" value="-14.000000" />
  <attribute name="IntegralT" value="-210.000000" />
  <attribute name="IntegralI" value="-210.000000" />
  <attribute name="IntegralH" value="-210.000000" />
  <attribute name="DerivativeT" value="-0.466667" />
  <attribute name="DerivativeI" value="-0.466667" />
  <attribute name="DerivativeH" value="-0.466667" />
  <attribute name="Loop Time for DT" value="30.000000" />
  <attribute name="Output H" value="2092630016"/>
  <attribute name="Output I" value="200"/>
  <attribute name="Output T" value="4"/>
  <attribute name="Target GC Util Change" value ="20.000000" />
  <attribute name="Current GC Util Change" value="6.000000"/>
  <attribute name="GC Util currently" value="6" />
  <attribute name="CPU Util currently" value="155812989401" />
<allocation-satisfied id="324" threadId="0000000002213700" bytesRequested="8200" />
<af-end id="325" timestamp="2019-06-16T21:30:56.141" threadId="0000000002214088" success="true" from="nursery"/>
<exclusive-end id="326" timestamp="2019-06-16T21:30:56.141" durationms="2.178" />

<exclusive-start id="327" timestamp="2019-06-16T21:30:56.150" intervalms="11.373">
  <response-info timems="0.060" idlems="0.060" threads="0" lastid="0000000002213700" lastname="main" />
</exclusive-start>
<af-start id="328" threadId="0000000002214088" totalBytesRequested="131080" timestamp="2019-06-16T21:30:56.150" intervalms="11.328" type="nursery" />
<cycle-start id="329" type="scavenge" contextid="0" timestamp="2019-06-16T21:30:56.150" intervalms="11.288" />
<gc-start id="330" type="scavenge" contextid="329" timestamp="2019-06-16T21:30:56.150">
  <mem-info id="331" free="3363856" total="8519680" percent="39">
    <mem type="nursery" free="108952" total="2228224" percent="4">
      <mem type="allocate" free="108952" total="1114112" percent="9" />
      <mem type="survivor" free="0" total="1114112" percent="0" />
    </mem>
    <mem type="tenure" free="3254904" total="6291456" percent="51">
      <mem type="soa" free="2940536" total="5977088" percent="49" />
      <mem type="loa" free="314368" total="314368" percent="100" />
    </mem>
    <remembered-set count="2358" />
  </mem-info>
</gc-start>
<allocation-stats totalBytes="488096" >
  <allocated-bytes non-tlh="111600" tlh="376496" />
  <largest-consumer threadName="main" threadId="0000000002213700" bytes="488096" />
</allocation-stats>
<gc-op id="332" type="scavenge" timems="0.561" contextid="329" timestamp="2019-06-16T21:30:56.151">
  <scavenger-info tenureage="3" tenuremask="ffe8" tiltratio="50" />
  <memory-copied type="nursery" objects="2844" bytes="478656" bytesdiscarded="189856" />
  <memory-copied type="tenure" objects="1119" bytes="39760" bytesdiscarded="104" />
  <finalization candidates="11" enqueued="0" />
  <ownableSynchronizers candidates="5" cleared="0" />
  <references type="soft" candidates="76" cleared="0" enqueued="0" dynamicThreshold="32" maxThreshold="32" />
  <references type="weak" candidates="333" cleared="0" enqueued="0" />
  <references type="phantom" candidates="6" cleared="0" enqueued="0" />
</gc-op>
<gc-end id="333" type="scavenge" contextid="329" durationms="0.999" usertimems="0.000" systemtimems="0.000" timestamp="2019-06-16T21:30:56.151" activeThreads="4">
  <mem-info id="334" free="3551808" total="8519680" percent="41">
    <mem type="nursery" free="445128" total="2228224" percent="19">
      <mem type="allocate" free="445128" total="1114112" percent="39" />
      <mem type="survivor" free="0" total="1114112" percent="0" />
    </mem>
    <mem type="tenure" free="3106680" total="6291456" percent="49" macro-fragmented="1800196">
      <mem type="soa" free="2792312" total="5977088" percent="46" />
      <mem type="loa" free="314368" total="314368" percent="100" />
    </mem>
    <remembered-set count="1479" />
  </mem-info>
</gc-end>
<cycle-end id="335" type="scavenge" contextid="329" timestamp="2019-06-16T21:30:56.151" />
  <attribute name="elasticGC enabled" value="1" />
  <attribute name= "numThreadsSpecified" value="4" />
  <attribute name="heapSize specified" value="0" />
  <attribute name="Current GC Util" value="18" />
  <attribute name= "Current Time Running" value="42116" />
  <attribute name ="GC Interval" value="200" />
  <attribute name="ProportionalT" value="-1.000000" />
  <attribute name="ProportionalI" value="-1.000000" />
  <attribute name="ProportionalH" value="-1.000000" />
  <attribute name="Current Error" value="-2.000000" />
  <attribute name="IntegralT" value="-11.000000" />
  <attribute name="IntegralI" value="-11.000000" />
  <attribute name="IntegralH" value="-11.000000" />
  <attribute name="DerivativeT" value="-0.181818" />
  <attribute name="DerivativeI" value="-0.181818" />
  <attribute name="DerivativeH" value="-0.181818" />
  <attribute name="Loop Time for DT" value="11.000000" />
  <attribute name="Output H" value="2092630016"/>
  <attribute name="Output I" value="200"/>
  <attribute name="Output T" value="4"/>
  <attribute name="Target GC Util Change" value ="20.000000" />
  <attribute name="Current GC Util Change" value="18.000000"/>
  <attribute name="GC Util currently" value="18" />
  <attribute name="CPU Util currently" value="413475078293" />
<allocation-satisfied id="336" threadId="0000000002213700" bytesRequested="131080" />
<af-end id="337" timestamp="2019-06-16T21:30:56.151" threadId="0000000002214088" success="true" from="nursery"/>
<exclusive-end id="338" timestamp="2019-06-16T21:30:56.151" durationms="1.438" />

<exclusive-start id="339" timestamp="2019-06-16T21:30:56.160" intervalms="10.435">
  <response-info timems="0.070" idlems="0.070" threads="0" lastid="0000000002213700" lastname="main" />
</exclusive-start>
<af-start id="340" threadId="0000000002214088" totalBytesRequested="15368" timestamp="2019-06-16T21:30:56.160" intervalms="10.454" type="nursery" />
<cycle-start id="341" type="scavenge" contextid="0" timestamp="2019-06-16T21:30:56.160" intervalms="10.478" />
<gc-start id="342" type="scavenge" contextid="341" timestamp="2019-06-16T21:30:56.161">
  <mem-info id="343" free="3099760" total="8519680" percent="36">
    <mem type="nursery" free="0" total="2228224" percent="0">
      <mem type="allocate" free="0" total="1114112" percent="0" />
      <mem type="survivor" free="0" total="1114112" percent="0" />
    </mem>
    <mem type="tenure" free="3099760" total="6291456" percent="49">
      <mem type="soa" free="2785392" total="5977088" percent="46" />
      <mem type="loa" free="314368" total="314368" percent="100" />
    </mem>
    <remembered-set count="1631" />
  </mem-info>
</gc-start>
<allocation-stats totalBytes="430064" >
  <allocated-bytes non-tlh="269080" tlh="160984" />
  <largest-consumer threadName="main" threadId="0000000002213700" bytes="430064" />
</allocation-stats>
<gc-op id="344" type="scavenge" timems="0.559" contextid="341" timestamp="2019-06-16T21:30:56.161">
  <scavenger-info tenureage="3" tenuremask="ffe8" tiltratio="50" />
  <memory-copied type="nursery" objects="582" bytes="652240" bytesdiscarded="193848" />
  <memory-copied type="tenure" objects="2566" bytes="127528" bytesdiscarded="16" />
  <finalization candidates="11" enqueued="0" />
  <ownableSynchronizers candidates="5" cleared="0" />
  <references type="soft" candidates="10" cleared="0" enqueued="0" dynamicThreshold="32" maxThreshold="32" />
  <references type="weak" candidates="42" cleared="1" enqueued="1" />
  <references type="phantom" candidates="5" cleared="0" enqueued="0" />
</gc-op>
<gc-end id="345" type="scavenge" contextid="341" durationms="0.959" usertimems="0.000" systemtimems="0.000" timestamp="2019-06-16T21:30:56.162" activeThreads="4">
  <mem-info id="346" free="3258680" total="8519680" percent="38">
    <mem type="nursery" free="267976" total="2228224" percent="12">
      <mem type="allocate" free="267976" total="1114112" percent="24" />
      <mem type="survivor" free="0" total="1114112" percent="0" />
    </mem>
    <mem type="tenure" free="2990704" total="6291456" percent="47" macro-fragmented="2592282">
      <mem type="soa" free="2676336" total="5977088" percent="44" />
      <mem type="loa" free="314368" total="314368" percent="100" />
    </mem>
    <pending-finalizers system="0" default="0" reference="1" classloader="0" />
    <remembered-set count="364" />
  </mem-info>
</gc-end>
<cycle-end id="347" type="scavenge" contextid="341" timestamp="2019-06-16T21:30:56.162" />
  <attribute name="elasticGC enabled" value="1" />
  <attribute name= "numThreadsSpecified" value="4" />
  <attribute name="heapSize specified" value="0" />
  <attribute name="Current GC Util" value="12" />
  <attribute name= "Current Time Running" value="42127" />
  <attribute name ="GC Interval" value="200" />
  <attribute name="ProportionalT" value="-4.000000" />
  <attribute name="ProportionalI" value="-4.000000" />
  <attribute name="ProportionalH" value="-4.000000" />
  <attribute name="Current Error" value="-8.000000" />
  <attribute name="IntegralT" value="-44.000000" />
  <attribute name="IntegralI" value="-44.000000" />
  <attribute name="IntegralH" value="-44.000000" />
  <attribute name="DerivativeT" value="-0.727273" />
  <attribute name="DerivativeI" value="-0.727273" />
  <attribute name="DerivativeH" value="-0.727273" />
  <attribute name="Loop Time for DT" value="11.000000" />
  <attribute name="Output H" value="2092630016"/>
  <attribute name="Output I" value="200"/>
  <attribute name="Output T" value="4"/>
  <attribute name="Target GC Util Change" value ="20.000000" />
  <attribute name="Current GC Util Change" value="12.000000"/>
  <attribute name="GC Util currently" value="12" />
  <attribute name="CPU Util currently" value="439081360232" />
<allocation-satisfied id="348" threadId="0000000002213700" bytesRequested="15368" />
<af-end id="349" timestamp="2019-06-16T21:30:56.162" threadId="0000000002214088" success="true" from="nursery"/>
<exclusive-end id="350" timestamp="2019-06-16T21:30:56.162" durationms="1.540" />

<exclusive-start id="351" timestamp="2019-06-16T21:30:56.163" intervalms="2.472">
  <response-info timems="0.045" idlems="0.045" threads="0" lastid="0000000002213700" lastname="main" />
</exclusive-start>
<af-start id="352" threadId="0000000002214088" totalBytesRequested="261128" timestamp="2019-06-16T21:30:56.163" intervalms="2.443" type="nursery" />
<cycle-start id="353" type="scavenge" contextid="0" timestamp="2019-06-16T21:30:56.163" intervalms="2.416" />
<gc-start id="354" type="scavenge" contextid="353" timestamp="2019-06-16T21:30:56.163">
  <mem-info id="355" free="3016984" total="8519680" percent="35">
    <mem type="nursery" free="26280" total="2228224" percent="1">
      <mem type="allocate" free="26280" total="1114112" percent="2" />
      <mem type="survivor" free="0" total="1114112" percent="0" />
    </mem>
    <mem type="tenure" free="2990704" total="6291456" percent="47">
      <mem type="soa" free="2676336" total="5977088" percent="44" />
      <mem type="loa" free="314368" total="314368" percent="100" />
    </mem>
    <remembered-set count="364" />
  </mem-info>
</gc-start>
<allocation-stats totalBytes="241696" >
  <allocated-bytes non-tlh="241696" tlh="0" />
  <largest-consumer threadName="main" threadId="0000000002213700" bytes="241696" />
</allocation-stats>
<gc-op id="356" type="scavenge" timems="0.362" contextid="353" timestamp="2019-06-16T21:30:56.163">
  <scavenger-info tenureage="2" tenuremask="7e0c" tiltratio="50" />
  <memory-copied type="nursery" objects="305" bytes="424072" bytesdiscarded="46480" />
  <memory-copied type="tenure" objects="273" bytes="350936" bytesdiscarded="0" />
  <references type="weak" candidates="1" cleared="0" enqueued="0" />
  <references type="phantom" candidates="1" cleared="0" enqueued="0" />
</gc-op>
<gc-end id="357" type="scavenge" contextid="353" durationms="0.764" usertimems="0.000" systemtimems="0.000" timestamp="2019-06-16T21:30:56.164" activeThreads="4">
  <mem-info id="358" free="3322944" total="8519680" percent="39">
    <mem type="nursery" free="643560" total="2228224" percent="28">
      <mem type="allocate" free="643560" total="1114112" percent="57" />
      <mem type="survivor" free="0" total="1114112" percent="0" />
    </mem>
    <mem type="tenure" free="2679384" total="6291456" percent="42" macro-fragmented="2160235">
      <mem type="soa" free="2365016" total="5977088" percent="39" />
      <mem type="loa" free="314368" total="314368" percent="100" />
    </mem>
    <remembered-set count="243" />
  </mem-info>
</gc-end>
<cycle-end id="359" type="scavenge" contextid="353" timestamp="2019-06-16T21:30:56.164" />
  <attribute name="elasticGC enabled" value="1" />
  <attribute name= "numThreadsSpecified" value="4" />
  <attribute name="heapSize specified" value="0" />
  <attribute name="Current GC Util" value="48" />
  <attribute name= "Current Time Running" value="42129" />
  <attribute name ="GC Interval" value="200" />
  <attribute name="ProportionalT" value="14.000000" />
  <attribute name="ProportionalI" value="14.000000" />
  <attribute name="ProportionalH" value="14.000000" />
  <attribute name="Current Error" value="28.000000" />
  <attribute name="IntegralT" value="28.000000" />
  <attribute name="IntegralI" value="28.000000" />
  <attribute name="IntegralH" value="28.000000" />
  <attribute name="DerivativeT" value="14.000000" />
  <attribute name="DerivativeI" value="14.000000" />
  <attribute name="DerivativeH" value="14.000000" />
  <attribute name="Loop Time for DT" value="2.000000" />
  <attribute name="Output H" value="8388608"/>
  <attribute name="Output I" value="200"/>
  <attribute name="Output T" value="4"/>
  <attribute name="Target GC Util Change" value ="20.000000" />
  <attribute name="Current GC Util Change" value="48.000000"/>
  <attribute name="GC Util currently" value="48" />
  <attribute name="CPU Util currently" value="1935675952806" />
<allocation-satisfied id="360" threadId="0000000002213700" bytesRequested="261128" />
<af-end id="361" timestamp="2019-06-16T21:30:56.164" threadId="0000000002214088" success="true" from="nursery"/>
<exclusive-end id="362" timestamp="2019-06-16T21:30:56.164" durationms="1.189" />

<exclusive-start id="363" timestamp="2019-06-16T21:30:56.171" intervalms="8.260">
  <response-info timems="0.025" idlems="0.025" threads="0" lastid="0000000002213700" lastname="main" />
</exclusive-start>
<af-start id="364" threadId="0000000002214088" totalBytesRequested="5456" timestamp="2019-06-16T21:30:56.171" intervalms="8.295" type="nursery" />
<cycle-start id="365" type="scavenge" contextid="0" timestamp="2019-06-16T21:30:56.171" intervalms="8.331" />
<gc-start id="366" type="scavenge" contextid="365" timestamp="2019-06-16T21:30:56.171">
  <mem-info id="367" free="2677904" total="8519680" percent="31">
    <mem type="nursery" free="0" total="2228224" percent="0">
      <mem type="allocate" free="0" total="1114112" percent="0" />
      <mem type="survivor" free="0" total="1114112" percent="0" />
    </mem>
    <mem type="tenure" free="2677904" total="6291456" percent="42">
      <mem type="soa" free="2363536" total="5977088" percent="39" />
      <mem type="loa" free="314368" total="314368" percent="100" />
    </mem>
    <remembered-set count="266" />
  </mem-info>
</gc-start>
<allocation-stats totalBytes="639800" >
  <allocated-bytes non-tlh="524776" tlh="115024" />
  <largest-consumer threadName="main" threadId="0000000002213700" bytes="639800" />
</allocation-stats>
<gc-op id="368" type="scavenge" timems="0.177" contextid="365" timestamp="2019-06-16T21:30:56.172">
  <scavenger-info tenureage="8" tenuremask="7f00" tiltratio="50" />
  <memory-copied type="nursery" objects="320" bytes="286152" bytesdiscarded="54344" />
</gc-op>
<gc-end id="369" type="scavenge" contextid="365" durationms="0.657" usertimems="4.000" systemtimems="0.000" timestamp="2019-06-16T21:30:56.172" activeThreads="4">
  <mem-info id="370" free="3517056" total="8519680" percent="41">
    <mem type="nursery" free="839152" total="2228224" percent="37">
      <mem type="allocate" free="839152" total="1179648" percent="71" />
      <mem type="survivor" free="0" total="1048576" percent="0" />
    </mem>
    <mem type="tenure" free="2677904" total="6291456" percent="42" macro-fragmented="1800196">
      <mem type="soa" free="2363536" total="5977088" percent="39" />
      <mem type="loa" free="314368" total="314368" percent="100" />
    </mem>
    <remembered-set count="113" />
  </mem-info>
</gc-end>
<cycle-end id="371" type="scavenge" contextid="365" timestamp="2019-06-16T21:30:56.172" />
  <attribute name="elasticGC enabled" value="1" />
  <attribute name= "numThreadsSpecified" value="4" />
  <attribute name="heapSize specified" value="0" />
  <attribute name="Current GC Util" value="9" />
  <attribute name= "Current Time Running" value="42137" />
  <attribute name ="GC Interval" value="200" />
  <attribute name="ProportionalT" value="-5.500000" />
  <attribute name="ProportionalI" value="-5.500000" />
  <attribute name="ProportionalH" value="-5.500000" />
  <attribute name="Current Error" value="-11.000000" />
  <attribute name="IntegralT" value="-44.000000" />
  <attribute name="IntegralI" value="-44.000000" />
  <attribute name="IntegralH" value="-44.000000" />
  <attribute name="DerivativeT" value="-4.875000" />
  <attribute name="DerivativeI" value="-4.875000" />
  <attribute name="DerivativeH" value="-4.875000" />
  <attribute name="Loop Time for DT" value="8.000000" />
  <attribute name="Output H" value="2092630016"/>
  <attribute name="Output I" value="200"/>
  <attribute name="Output T" value="4"/>
  <attribute name="Target GC Util Change" value ="20.000000" />
  <attribute name="Current GC Util Change" value="9.000000"/>
  <attribute name="GC Util currently" value="9" />
  <attribute name="CPU Util currently" value="547941037424" />
<allocation-satisfied id="372" threadId="0000000002213700" bytesRequested="5456" />
<af-end id="373" timestamp="2019-06-16T21:30:56.172" threadId="0000000002214088" success="true" from="nursery"/>
<exclusive-end id="374" timestamp="2019-06-16T21:30:56.172" durationms="1.249" />

<exclusive-start id="375" timestamp="2019-06-16T21:30:56.198" intervalms="27.268">
  <response-info timems="0.070" idlems="0.070" threads="0" lastid="0000000002213700" lastname="main" />
</exclusive-start>
<af-start id="376" threadId="0000000002214088" totalBytesRequested="1032" timestamp="2019-06-16T21:30:56.198" intervalms="27.281" type="nursery" />
<cycle-start id="377" type="scavenge" contextid="0" timestamp="2019-06-16T21:30:56.199" intervalms="27.284" />
<gc-start id="378" type="scavenge" contextid="377" timestamp="2019-06-16T21:30:56.199">
  <mem-info id="379" free="2664496" total="8519680" percent="31">
    <mem type="nursery" free="0" total="2228224" percent="0">
      <mem type="allocate" free="0" total="1179648" percent="0" />
      <mem type="survivor" free="0" total="1048576" percent="0" />
    </mem>
    <mem type="tenure" free="2664496" total="6291456" percent="42">
      <mem type="soa" free="2350128" total="5977088" percent="39" />
      <mem type="loa" free="314368" total="314368" percent="100" />
    </mem>
    <remembered-set count="364" />
  </mem-info>
</gc-start>
<allocation-stats totalBytes="800104" >
  <allocated-bytes non-tlh="18864" tlh="781240" />
  <largest-consumer threadName="main" threadId="0000000002213700" bytes="800104" />
</allocation-stats>
<gc-op id="380" type="scavenge" timems="0.322" contextid="377" timestamp="2019-06-16T21:30:56.199">
  <scavenger-info tenureage="4" tenuremask="fff0" tiltratio="52" />
  <memory-copied type="nursery" objects="1808" bytes="355328" bytesdiscarded="24336" />
  <references type="weak" candidates="2" cleared="1" enqueued="1" />
  <references type="phantom" candidates="1" cleared="0" enqueued="0" />
</gc-op>
<gc-end id="381" type="scavenge" contextid="377" durationms="0.892" usertimems="4.000" systemtimems="0.000" timestamp="2019-06-16T21:30:56.200" activeThreads="4">
  <mem-info id="382" free="3530016" total="8519680" percent="41">
    <mem type="nursery" free="865520" total="2228224" percent="38">
      <mem type="allocate" free="865520" total="1245184" percent="69" />
      <mem type="survivor" free="0" total="983040" percent="0" />
    </mem>
    <mem type="tenure" free="2664496" total="6291456" percent="42" macro-fragmented="116842">
      <mem type="soa" free="2350128" total="5977088" percent="39" />
      <mem type="loa" free="314368" total="314368" percent="100" />
    </mem>
    <pending-finalizers system="0" default="0" reference="1" classloader="0" />
    <remembered-set count="359" />
  </mem-info>
</gc-end>
<cycle-end id="383" type="scavenge" contextid="377" timestamp="2019-06-16T21:30:56.200" />
  <attribute name="elasticGC enabled" value="1" />
  <attribute name= "numThreadsSpecified" value="4" />
  <attribute name="heapSize specified" value="0" />
  <attribute name="Current GC Util" value="2" />
  <attribute name= "Current Time Running" value="42165" />
  <attribute name ="GC Interval" value="200" />
  <attribute name="ProportionalT" value="-9.000000" />
  <attribute name="ProportionalI" value="-9.000000" />
  <attribute name="ProportionalH" value="-9.000000" />
  <attribute name="Current Error" value="-18.000000" />
  <attribute name="IntegralT" value="-252.000000" />
  <attribute name="IntegralI" value="-252.000000" />
  <attribute name="IntegralH" value="-252.000000" />
  <attribute name="DerivativeT" value="-0.642857" />
  <attribute name="DerivativeI" value="-0.642857" />
  <attribute name="DerivativeH" value="-0.642857" />
  <attribute name="Loop Time for DT" value="28.000000" />
  <attribute name="Output H" value="2092630016"/>
  <attribute name="Output I" value="200"/>
  <attribute name="Output T" value="4"/>
  <attribute name="Target GC Util Change" value ="20.000000" />
  <attribute name="Current GC Util Change" value="2.000000"/>
  <attribute name="GC Util currently" value="2" />
  <attribute name="CPU Util currently" value="168740656260" />
<allocation-satisfied id="384" threadId="0000000002213700" bytesRequested="1032" />
<af-end id="385" timestamp="2019-06-16T21:30:56.200" threadId="0000000002214088" success="true" from="nursery"/>
<exclusive-end id="386" timestamp="2019-06-16T21:30:56.200" durationms="1.510" />

<exclusive-start id="387" timestamp="2019-06-16T21:30:56.237" intervalms="38.516">
  <response-info timems="0.069" idlems="0.069" threads="0" lastid="0000000002213700" lastname="main" />
</exclusive-start>
<af-start id="388" threadId="0000000002214088" totalBytesRequested="88" timestamp="2019-06-16T21:30:56.237" intervalms="38.582" type="nursery" />
<cycle-start id="389" type="scavenge" contextid="0" timestamp="2019-06-16T21:30:56.237" intervalms="38.648" />
<gc-start id="390" type="scavenge" contextid="389" timestamp="2019-06-16T21:30:56.237">
  <mem-info id="391" free="2657328" total="8519680" percent="31">
    <mem type="nursery" free="0" total="2228224" percent="0">
      <mem type="allocate" free="0" total="1245184" percent="0" />
      <mem type="survivor" free="0" total="983040" percent="0" />
    </mem>
    <mem type="tenure" free="2657328" total="6291456" percent="42">
      <mem type="soa" free="2342960" total="5977088" percent="39" />
      <mem type="loa" free="314368" total="314368" percent="100" />
    </mem>
    <remembered-set count="465" />
  </mem-info>
</gc-start>
<allocation-stats totalBytes="872224" >
  <allocated-bytes non-tlh="35560" tlh="836664" />
  <largest-consumer threadName="main" threadId="0000000002213700" bytes="872224" />
</allocation-stats>
<gc-op id="392" type="scavenge" timems="0.422" contextid="389" timestamp="2019-06-16T21:30:56.238">
  <scavenger-info tenureage="4" tenuremask="7f10" tiltratio="55" />
  <memory-copied type="nursery" objects="5047" bytes="232008" bytesdiscarded="249768" />
  <memory-copied type="tenure" objects="281" bytes="280360" bytesdiscarded="32" />
  <references type="weak" candidates="5" cleared="1" enqueued="1" />
</gc-op>
<gc-end id="393" type="scavenge" contextid="389" durationms="0.905" usertimems="0.000" systemtimems="0.000" timestamp="2019-06-16T21:30:56.238" activeThreads="4">
  <mem-info id="394" free="3158296" total="8519680" percent="37">
    <mem type="nursery" free="894456" total="2228224" percent="40">
      <mem type="allocate" free="894456" total="1376256" percent="64" />
      <mem type="survivor" free="0" total="851968" percent="0" />
    </mem>
    <mem type="tenure" free="2263840" total="6291456" percent="35" macro-fragmented="2090937">
      <mem type="soa" free="1949472" total="5977088" percent="32" />
      <mem type="loa" free="314368" total="314368" percent="100" />
    </mem>
    <pending-finalizers system="0" default="0" reference="1" classloader="0" />
    <remembered-set count="445" />
  </mem-info>
</gc-end>
<cycle-end id="395" type="scavenge" contextid="389" timestamp="2019-06-16T21:30:56.238" />
  <attribute name="elasticGC enabled" value="1" />
  <attribute name= "numThreadsSpecified" value="4" />
  <attribute name="heapSize specified" value="0" />
  <attribute name="Current GC Util" value="2" />
  <attribute name= "Current Time Running" value="42203" />
  <attribute name ="GC Interval" value="200" />
  <attribute name="ProportionalT" value="-9.000000" />
  <attribute name="ProportionalI" value="-9.000000" />
  <attribute name="ProportionalH" value="-9.000000" />
  <attribute name="Current Error" value="-18.000000" />
  <attribute name="IntegralT" value="-342.000000" />
  <attribute name="IntegralI" value="-342.000000" />
  <attribute name="IntegralH" value="-342.000000" />
  <attribute name="DerivativeT" value="-0.473684" />
  <attribute name="DerivativeI" value="-0.473684" />
  <attribute name="DerivativeH" value="-0.473684" />
  <attribute name="Loop Time for DT" value="38.000000" />
  <attribute name="Output H" value="2092630016"/>
  <attribute name="Output I" value="200"/>
  <attribute name="Output T" value="4"/>
  <attribute name="Target GC Util Change" value ="20.000000" />
  <attribute name="Current GC Util Change" value="2.000000"/>
  <attribute name="GC Util currently" value="2" />
  <attribute name="CPU Util currently" value="119133847701" />
<allocation-satisfied id="396" threadId="0000000002213700" bytesRequested="88" />
<af-end id="397" timestamp="2019-06-16T21:30:56.239" threadId="0000000002214088" success="true" from="nursery"/>
<exclusive-end id="398" timestamp="2019-06-16T21:30:56.239" durationms="1.754" />

<exclusive-start id="399" timestamp="2019-06-16T21:30:56.267" intervalms="30.418">
  <response-info timems="0.029" idlems="0.029" threads="0" lastid="0000000002213700" lastname="main" />
</exclusive-start>
<af-start id="400" threadId="0000000002214088" totalBytesRequested="23280" timestamp="2019-06-16T21:30:56.267" intervalms="30.323" type="nursery" />
<cycle-start id="401" type="scavenge" contextid="0" timestamp="2019-06-16T21:30:56.267" intervalms="30.224" />
<gc-start id="402" type="scavenge" contextid="401" timestamp="2019-06-16T21:30:56.267">
  <mem-info id="403" free="2241544" total="8519680" percent="26">
    <mem type="nursery" free="0" total="2228224" percent="0">
      <mem type="allocate" free="0" total="1376256" percent="0" />
      <mem type="survivor" free="0" total="851968" percent="0" />
    </mem>
    <mem type="tenure" free="2241544" total="6291456" percent="35">
      <mem type="soa" free="1927176" total="5977088" percent="32" />
      <mem type="loa" free="314368" total="314368" percent="100" />
    </mem>
    <remembered-set count="754" />
  </mem-info>
</gc-start>
<allocation-stats totalBytes="914040" >
  <allocated-bytes non-tlh="22384" tlh="891656" />
  <largest-consumer threadName="main" threadId="0000000002213700" bytes="914040" />
</allocation-stats>
<gc-op id="404" type="scavenge" timems="0.428" contextid="401" timestamp="2019-06-16T21:30:56.268">
  <scavenger-info tenureage="8" tenuremask="7f00" tiltratio="61" />
  <memory-copied type="nursery" objects="5986" bytes="273200" bytesdiscarded="130504" />
  <references type="soft" candidates="54" cleared="0" enqueued="0" dynamicThreshold="32" maxThreshold="32" />
  <references type="weak" candidates="170" cleared="0" enqueued="0" />
</gc-op>
<gc-end id="405" type="scavenge" contextid="401" durationms="0.842" usertimems="0.000" systemtimems="0.000" timestamp="2019-06-16T21:30:56.268" activeThreads="4">
  <mem-info id="406" free="3345072" total="8519680" percent="39">
    <mem type="nursery" free="1103528" total="2228224" percent="49">
      <mem type="allocate" free="1103528" total="1507328" percent="73" />
      <mem type="survivor" free="0" total="720896" percent="0" />
    </mem>
    <mem type="tenure" free="2241544" total="6291456" percent="35" macro-fragmented="1500163">
      <mem type="soa" free="1927176" total="5977088" percent="32" />
      <mem type="loa" free="314368" total="314368" percent="100" />
    </mem>
    <remembered-set count="528" />
  </mem-info>
</gc-end>
<cycle-end id="407" type="scavenge" contextid="401" timestamp="2019-06-16T21:30:56.268" />
  <attribute name="elasticGC enabled" value="1" />
  <attribute name= "numThreadsSpecified" value="4" />
  <attribute name="heapSize specified" value="0" />
  <attribute name="Current GC Util" value="3" />
  <attribute name= "Current Time Running" value="42233" />
  <attribute name ="GC Interval" value="200" />
  <attribute name="ProportionalT" value="-8.500000" />
  <attribute name="ProportionalI" value="-8.500000" />
  <attribute name="ProportionalH" value="-8.500000" />
  <attribute name="Current Error" value="-17.000000" />
  <attribute name="IntegralT" value="-255.000000" />
  <attribute name="IntegralI" value="-255.000000" />
  <attribute name="IntegralH" value="-255.000000" />
  <attribute name="DerivativeT" value="-0.566667" />
  <attribute name="DerivativeI" value="-0.566667" />
  <attribute name="DerivativeH" value="-0.566667" />
  <attribute name="Loop Time for DT" value="30.000000" />
  <attribute name="Output H" value="2092630016"/>
  <attribute name="Output I" value="200"/>
  <attribute name="Output T" value="4"/>
  <attribute name="Target GC Util Change" value ="20.000000" />
  <attribute name="Current GC Util Change" value="3.000000"/>
  <attribute name="GC Util currently" value="3" />
  <attribute name="CPU Util currently" value="153415917773" />
<allocation-satisfied id="408" threadId="0000000002213700" bytesRequested="23280" />
<af-end id="409" timestamp="2019-06-16T21:30:56.269" threadId="0000000002214088" success="true" from="nursery"/>
<exclusive-end id="410" timestamp="2019-06-16T21:30:56.269" durationms="1.336" />

<exclusive-start id="411" timestamp="2019-06-16T21:30:56.295" intervalms="27.654">
  <response-info timems="0.030" idlems="0.030" threads="0" lastid="0000000002213700" lastname="main" />
</exclusive-start>
<af-start id="412" threadId="0000000002214088" totalBytesRequested="15368" timestamp="2019-06-16T21:30:56.295" intervalms="27.654" type="nursery" />
<cycle-start id="413" type="scavenge" contextid="0" timestamp="2019-06-16T21:30:56.295" intervalms="27.654" />
<gc-start id="414" type="scavenge" contextid="413" timestamp="2019-06-16T21:30:56.295">
  <mem-info id="415" free="2224792" total="8519680" percent="26">
    <mem type="nursery" free="0" total="2228224" percent="0">
      <mem type="allocate" free="0" total="1507328" percent="0" />
      <mem type="survivor" free="0" total="720896" percent="0" />
    </mem>
    <mem type="tenure" free="2224792" total="6291456" percent="35">
      <mem type="soa" free="1910424" total="5977088" percent="31" />
      <mem type="loa" free="314368" total="314368" percent="100" />
    </mem>
    <remembered-set count="727" />
  </mem-info>
</gc-start>
<allocation-stats totalBytes="1086968" >
  <allocated-bytes non-tlh="40032" tlh="1046936" />
  <largest-consumer threadName="main" threadId="0000000002213700" bytes="1086968" />
</allocation-stats>
<gc-op id="416" type="scavenge" timems="0.572" contextid="413" timestamp="2019-06-16T21:30:56.296">
  <scavenger-info tenureage="3" tenuremask="ff18" tiltratio="67" />
  <memory-copied type="nursery" objects="4852" bytes="272976" bytesdiscarded="96680" />
  <memory-copied type="tenure" objects="1490" bytes="41816" bytesdiscarded="0" />
  <references type="soft" candidates="54" cleared="0" enqueued="0" dynamicThreshold="32" maxThreshold="32" />
  <references type="weak" candidates="251" cleared="0" enqueued="0" />
  <references type="phantom" candidates="1" cleared="0" enqueued="0" />
</gc-op>
<gc-end id="417" type="scavenge" contextid="413" durationms="0.991" usertimems="0.000" systemtimems="0.000" timestamp="2019-06-16T21:30:56.296" activeThreads="4">
  <mem-info id="418" free="3427816" total="8519680" percent="40">
    <mem type="nursery" free="1203024" total="2228224" percent="53">
      <mem type="allocate" free="1203024" total="1572864" percent="76" />
      <mem type="survivor" free="0" total="655360" percent="0" />
    </mem>
    <mem type="tenure" free="2224792" total="6291456" percent="35" macro-fragmented="1800196">
      <mem type="soa" free="1910424" total="5977088" percent="31" />
      <mem type="loa" free="314368" total="314368" percent="100" />
    </mem>
    <remembered-set count="615" />
  </mem-info>
</gc-end>
<cycle-end id="419" type="scavenge" contextid="413" timestamp="2019-06-16T21:30:56.296" />
  <attribute name="elasticGC enabled" value="1" />
  <attribute name= "numThreadsSpecified" value="4" />
  <attribute name="heapSize specified" value="0" />
  <attribute name="Current GC Util" value="4" />
  <attribute name= "Current Time Running" value="42261" />
  <attribute name ="GC Interval" value="200" />
  <attribute name="ProportionalT" value="-8.000000" />
  <attribute name="ProportionalI" value="-8.000000" />
  <attribute name="ProportionalH" value="-8.000000" />
  <attribute name="Current Error" value="-16.000000" />
  <attribute name="IntegralT" value="-224.000000" />
  <attribute name="IntegralI" value="-224.000000" />
  <attribute name="IntegralH" value="-224.000000" />
  <attribute name="DerivativeT" value="-0.571429" />
  <attribute name="DerivativeI" value="-0.571429" />
  <attribute name="DerivativeH" value="-0.571429" />
  <attribute name="Loop Time for DT" value="28.000000" />
  <attribute name="Output H" value="2092630016"/>
  <attribute name="Output I" value="200"/>
  <attribute name="Output T" value="4"/>
  <attribute name="Target GC Util Change" value ="20.000000" />
  <attribute name="Current GC Util Change" value="4.000000"/>
  <attribute name="GC Util currently" value="4" />
  <attribute name="CPU Util currently" value="166727235955" />
<allocation-satisfied id="420" threadId="0000000002213700" bytesRequested="15368" />
<af-end id="421" timestamp="2019-06-16T21:30:56.296" threadId="0000000002214088" success="true" from="nursery"/>
<exclusive-end id="422" timestamp="2019-06-16T21:30:56.296" durationms="1.460" />

<exclusive-start id="423" timestamp="2019-06-16T21:30:56.326" intervalms="30.899">
  <response-info timems="0.037" idlems="0.037" threads="0" lastid="0000000002213700" lastname="main" />
</exclusive-start>
<af-start id="424" threadId="0000000002214088" totalBytesRequested="808" timestamp="2019-06-16T21:30:56.326" intervalms="30.908" type="nursery" />
<cycle-start id="425" type="scavenge" contextid="0" timestamp="2019-06-16T21:30:56.326" intervalms="30.909" />
<gc-start id="426" type="scavenge" contextid="425" timestamp="2019-06-16T21:30:56.326">
  <mem-info id="427" free="2204768" total="8519680" percent="25">
    <mem type="nursery" free="0" total="2228224" percent="0">
      <mem type="allocate" free="0" total="1572864" percent="0" />
      <mem type="survivor" free="0" total="655360" percent="0" />
    </mem>
    <mem type="tenure" free="2204768" total="6291456" percent="35">
      <mem type="soa" free="1890400" total="5977088" percent="31" />
      <mem type="loa" free="314368" total="314368" percent="100" />
    </mem>
    <remembered-set count="851" />
  </mem-info>
</gc-start>
<allocation-stats totalBytes="1221240" >
  <allocated-bytes non-tlh="35392" tlh="1185848" />
  <largest-consumer threadName="main" threadId="0000000002213700" bytes="1221240" />
</allocation-stats>
<gc-op id="428" type="scavenge" timems="0.655" contextid="425" timestamp="2019-06-16T21:30:56.327">
  <scavenger-info tenureage="3" tenuremask="ffc8" tiltratio="70" />
  <memory-copied type="nursery" objects="2193" bytes="90760" bytesdiscarded="65656" />
  <memory-copied type="tenure" objects="3455" bytes="181544" bytesdiscarded="32" />
  <references type="soft" candidates="54" cleared="0" enqueued="0" dynamicThreshold="32" maxThreshold="32" />
  <references type="weak" candidates="462" cleared="0" enqueued="0" />
</gc-op>
<gc-end id="429" type="scavenge" contextid="425" durationms="1.098" usertimems="0.000" systemtimems="0.000" timestamp="2019-06-16T21:30:56.327" activeThreads="4">
  <mem-info id="430" free="3384672" total="8519680" percent="39">
    <mem type="nursery" free="1481728" total="2228224" percent="66">
      <mem type="allocate" free="1481728" total="1638400" percent="90" />
      <mem type="survivor" free="0" total="589824" percent="0" />
    </mem>
    <mem type="tenure" free="1902944" total="6291456" percent="30" macro-fragmented="1041779">
      <mem type="soa" free="1588576" total="5977088" percent="26" />
      <mem type="loa" free="314368" total="314368" percent="100" />
    </mem>
    <remembered-set count="589" />
  </mem-info>
</gc-end>
<cycle-end id="431" type="scavenge" contextid="425" timestamp="2019-06-16T21:30:56.327" />
  <attribute name="elasticGC enabled" value="1" />
  <attribute name= "numThreadsSpecified" value="4" />
  <attribute name="heapSize specified" value="0" />
  <attribute name="Current GC Util" value="4" />
  <attribute name= "Current Time Running" value="42292" />
  <attribute name ="GC Interval" value="200" />
  <attribute name="ProportionalT" value="-8.000000" />
  <attribute name="ProportionalI" value="-8.000000" />
  <attribute name="ProportionalH" value="-8.000000" />
  <attribute name="Current Error" value="-16.000000" />
  <attribute name="IntegralT" value="-248.000000" />
  <attribute name="IntegralI" value="-248.000000" />
  <attribute name="IntegralH" value="-248.000000" />
  <attribute name="DerivativeT" value="-0.516129" />
  <attribute name="DerivativeI" value="-0.516129" />
  <attribute name="DerivativeH" value="-0.516129" />
  <attribute name="Loop Time for DT" value="31.000000" />
  <attribute name="Output H" value="2092630016"/>
  <attribute name="Output I" value="200"/>
  <attribute name="Output T" value="4"/>
  <attribute name="Target GC Util Change" value ="20.000000" />
  <attribute name="Current GC Util Change" value="4.000000"/>
  <attribute name="GC Util currently" value="4" />
  <attribute name="CPU Util currently" value="149187488031" />
<allocation-satisfied id="432" threadId="0000000002213700" bytesRequested="808" />
<af-end id="433" timestamp="2019-06-16T21:30:56.327" threadId="0000000002214088" success="true" from="nursery"/>
<exclusive-end id="434" timestamp="2019-06-16T21:30:56.328" durationms="1.695" />

<exclusive-start id="435" timestamp="2019-06-16T21:30:56.363" intervalms="37.490">
  <response-info timems="0.061" idlems="0.061" threads="0" lastid="0000000002213700" lastname="main" />
</exclusive-start>
<af-start id="436" threadId="0000000002214088" totalBytesRequested="216" timestamp="2019-06-16T21:30:56.363" intervalms="37.484" type="nursery" />
<cycle-start id="437" type="scavenge" contextid="0" timestamp="2019-06-16T21:30:56.363" intervalms="37.484" />
<gc-start id="438" type="scavenge" contextid="437" timestamp="2019-06-16T21:30:56.364">
  <mem-info id="439" free="1884592" total="8519680" percent="22">
    <mem type="nursery" free="0" total="2228224" percent="0">
      <mem type="allocate" free="0" total="1638400" percent="0" />
      <mem type="survivor" free="0" total="589824" percent="0" />
    </mem>
    <mem type="tenure" free="1884592" total="6291456" percent="29">
      <mem type="soa" free="1570224" total="5977088" percent="26" />
      <mem type="loa" free="314368" total="314368" percent="100" />
    </mem>
    <remembered-set count="863" />
  </mem-info>
</gc-start>
<allocation-stats totalBytes="1499144" >
  <allocated-bytes non-tlh="19160" tlh="1479984" />
  <largest-consumer threadName="main" threadId="0000000002213700" bytes="1499144" />
</allocation-stats>
<gc-op id="440" type="scavenge" timems="0.666" contextid="437" timestamp="2019-06-16T21:30:56.364">
  <scavenger-info tenureage="3" tenuremask="ffe8" tiltratio="73" />
  <memory-copied type="nursery" objects="2469" bytes="86368" bytesdiscarded="30856" />
  <memory-copied type="tenure" objects="996" bytes="47672" bytesdiscarded="0" />
  <references type="weak" candidates="456" cleared="0" enqueued="0" />
</gc-op>
<gc-end id="441" type="scavenge" contextid="437" durationms="1.037" usertimems="4.000" systemtimems="0.000" timestamp="2019-06-16T21:30:56.365" activeThreads="4">
  <mem-info id="442" free="3471024" total="8519680" percent="40">
    <mem type="nursery" free="1586432" total="2228224" percent="71">
      <mem type="allocate" free="1586432" total="1703936" percent="93" />
      <mem type="survivor" free="0" total="524288" percent="0" />
    </mem>
    <mem type="tenure" free="1884592" total="6291456" percent="29" macro-fragmented="1790904">
      <mem type="soa" free="1570224" total="5977088" percent="26" />
      <mem type="loa" free="314368" total="314368" percent="100" />
    </mem>
    <remembered-set count="694" />
  </mem-info>
</gc-end>
<cycle-end id="443" type="scavenge" contextid="437" timestamp="2019-06-16T21:30:56.365" />
  <attribute name="elasticGC enabled" value="1" />
  <attribute name= "numThreadsSpecified" value="4" />
  <attribute name="heapSize specified" value="0" />
  <attribute name="Current GC Util" value="3" />
  <attribute name= "Current Time Running" value="42330" />
  <attribute name ="GC Interval" value="200" />
  <attribute name="ProportionalT" value="-8.500000" />
  <attribute name="ProportionalI" value="-8.500000" />
  <attribute name="ProportionalH" value="-8.500000" />
  <attribute name="Current Error" value="-17.000000" />
  <attribute name="IntegralT" value="-323.000000" />
  <attribute name="IntegralI" value="-323.000000" />
  <attribute name="IntegralH" value="-323.000000" />
  <attribute name="DerivativeT" value="-0.447368" />
  <attribute name="DerivativeI" value="-0.447368" />
  <attribute name="DerivativeH" value="-0.447368" />
  <attribute name="Loop Time for DT" value="38.000000" />
  <attribute name="Output H" value="2092630016"/>
  <attribute name="Output I" value="200"/>
  <attribute name="Output T" value="4"/>
  <attribute name="Target GC Util Change" value ="20.000000" />
  <attribute name="Current GC Util Change" value="3.000000"/>
  <attribute name="GC Util currently" value="3" />
  <attribute name="CPU Util currently" value="123060087724" />
<allocation-satisfied id="444" threadId="0000000002213700" bytesRequested="216" />
<af-end id="445" timestamp="2019-06-16T21:30:56.365" threadId="0000000002214088" success="true" from="nursery"/>
<exclusive-end id="446" timestamp="2019-06-16T21:30:56.365" durationms="1.694" />

<exclusive-start id="447" timestamp="2019-06-16T21:30:56.402" intervalms="38.584">
  <response-info timems="0.028" idlems="0.028" threads="0" lastid="0000000002213700" lastname="main" />
</exclusive-start>
<af-start id="448" threadId="0000000002214088" totalBytesRequested="24" timestamp="2019-06-16T21:30:56.402" intervalms="38.612" type="nursery" />
<cycle-start id="449" type="scavenge" contextid="0" timestamp="2019-06-16T21:30:56.402" intervalms="38.647" />
<gc-start id="450" type="scavenge" contextid="449" timestamp="2019-06-16T21:30:56.402">
  <mem-info id="451" free="1863512" total="8519680" percent="21">
    <mem type="nursery" free="0" total="2228224" percent="0">
      <mem type="allocate" free="0" total="1703936" percent="0" />
      <mem type="survivor" free="0" total="524288" percent="0" />
    </mem>
    <mem type="tenure" free="1863512" total="6291456" percent="29">
      <mem type="soa" free="1549144" total="5977088" percent="25" />
      <mem type="loa" free="314368" total="314368" percent="100" />
    </mem>
    <remembered-set count="999" />
  </mem-info>
</gc-start>
<allocation-stats totalBytes="1606680" >
  <allocated-bytes non-tlh="21296" tlh="1585384" />
  <largest-consumer threadName="main" threadId="0000000002213700" bytes="1606680" />
</allocation-stats>
<gc-op id="452" type="scavenge" timems="0.614" contextid="449" timestamp="2019-06-16T21:30:56.403">
  <scavenger-info tenureage="3" tenuremask="ffe8" tiltratio="76" />
  <memory-copied type="nursery" objects="3288" bytes="115776" bytesdiscarded="40648" />
  <memory-copied type="tenure" objects="360" bytes="11288" bytesdiscarded="0" />
  <references type="weak" candidates="524" cleared="0" enqueued="0" />
</gc-op>
<gc-end id="453" type="scavenge" contextid="449" durationms="1.115" usertimems="0.000" systemtimems="0.000" timestamp="2019-06-16T21:30:56.403" activeThreads="4">
  <mem-info id="454" free="3476312" total="8519680" percent="40">
    <mem type="nursery" free="1612800" total="2228224" percent="72">
      <mem type="allocate" free="1612800" total="1769472" percent="91" />
      <mem type="survivor" free="0" total="458752" percent="0" />
    </mem>
    <mem type="tenure" free="1863512" total="6291456" percent="29" macro-fragmented="1790904">
      <mem type="soa" free="1549144" total="5977088" percent="25" />
      <mem type="loa" free="314368" total="314368" percent="100" />
    </mem>
    <remembered-set count="740" />
  </mem-info>
</gc-end>
<cycle-end id="455" type="scavenge" contextid="449" timestamp="2019-06-16T21:30:56.403" />
  <attribute name="elasticGC enabled" value="1" />
  <attribute name= "numThreadsSpecified" value="4" />
  <attribute name="heapSize specified" value="0" />
  <attribute name="Current GC Util" value="3" />
  <attribute name= "Current Time Running" value="42368" />
  <attribute name ="GC Interval" value="200" />
  <attribute name="ProportionalT" value="-8.500000" />
  <attribute name="ProportionalI" value="-8.500000" />
  <attribute name="ProportionalH" value="-8.500000" />
  <attribute name="Current Error" value="-17.000000" />
  <attribute name="IntegralT" value="-323.000000" />
  <attribute name="IntegralI" value="-323.000000" />
  <attribute name="IntegralH" value="-323.000000" />
  <attribute name="DerivativeT" value="-0.447368" />
  <attribute name="DerivativeI" value="-0.447368" />
  <attribute name="DerivativeH" value="-0.447368" />
  <attribute name="Loop Time for DT" value="38.000000" />
  <attribute name="Output H" value="2092630016"/>
  <attribute name="Output I" value="200"/>
  <attribute name="Output T" value="4"/>
  <attribute name="Target GC Util Change" value ="20.000000" />
  <attribute name="Current GC Util Change" value="3.000000"/>
  <attribute name="GC Util currently" value="3" />
  <attribute name="CPU Util currently" value="118928211002" />
<allocation-satisfied id="456" threadId="0000000002213700" bytesRequested="24" />
<af-end id="457" timestamp="2019-06-16T21:30:56.404" threadId="0000000002214088" success="true" from="nursery"/>
<exclusive-end id="458" timestamp="2019-06-16T21:30:56.404" durationms="1.877" />

<exclusive-start id="459" timestamp="2019-06-16T21:30:56.428" intervalms="25.963">
  <response-info timems="0.064" idlems="0.064" threads="0" lastid="0000000002213700" lastname="main" />
</exclusive-start>
<af-start id="460" threadId="0000000002214088" totalBytesRequested="48" timestamp="2019-06-16T21:30:56.428" intervalms="25.983" type="nursery" />
<cycle-start id="461" type="scavenge" contextid="0" timestamp="2019-06-16T21:30:56.428" intervalms="26.002" />
<gc-start id="462" type="scavenge" contextid="461" timestamp="2019-06-16T21:30:56.428">
  <mem-info id="463" free="1858008" total="8519680" percent="21">
    <mem type="nursery" free="0" total="2228224" percent="0">
      <mem type="allocate" free="0" total="1769472" percent="0" />
      <mem type="survivor" free="0" total="458752" percent="0" />
    </mem>
    <mem type="tenure" free="1858008" total="6291456" percent="29">
      <mem type="soa" free="1543640" total="5977088" percent="25" />
      <mem type="loa" free="314368" total="314368" percent="100" />
    </mem>
    <remembered-set count="989" />
  </mem-info>
</gc-start>
<allocation-stats totalBytes="1618048" >
  <allocated-bytes non-tlh="5528" tlh="1612520" />
  <largest-consumer threadName="main" threadId="0000000002213700" bytes="1618048" />
</allocation-stats>
<gc-op id="464" type="scavenge" timems="0.793" contextid="461" timestamp="2019-06-16T21:30:56.429">
  <scavenger-info tenureage="3" tenuremask="ffe8" tiltratio="79" />
  <memory-copied type="nursery" objects="4979" bytes="173280" bytesdiscarded="22400" />
  <memory-copied type="tenure" objects="747" bytes="28008" bytesdiscarded="0" />
  <references type="weak" candidates="350" cleared="0" enqueued="0" />
</gc-op>
<gc-end id="465" type="scavenge" contextid="461" durationms="1.344" usertimems="4.000" systemtimems="0.000" timestamp="2019-06-16T21:30:56.430" activeThreads="4">
  <mem-info id="466" free="3497176" total="8519680" percent="41">
    <mem type="nursery" free="1639168" total="2228224" percent="73">
      <mem type="allocate" free="1639168" total="1835008" percent="89" />
      <mem type="survivor" free="0" total="393216" percent="0" />
    </mem>
    <mem type="tenure" free="1858008" total="6291456" percent="29" macro-fragmented="1790904">
      <mem type="soa" free="1543640" total="5977088" percent="25" />
      <mem type="loa" free="314368" total="314368" percent="100" />
    </mem>
    <remembered-set count="755" />
  </mem-info>
</gc-end>
<cycle-end id="467" type="scavenge" contextid="461" timestamp="2019-06-16T21:30:56.430" />
  <attribute name="elasticGC enabled" value="1" />
  <attribute name= "numThreadsSpecified" value="4" />
  <attribute name="heapSize specified" value="0" />
  <attribute name="Current GC Util" value="3" />
  <attribute name= "Current Time Running" value="42394" />
  <attribute name ="GC Interval" value="200" />
  <attribute name="ProportionalT" value="-8.500000" />
  <attribute name="ProportionalI" value="-8.500000" />
  <attribute name="ProportionalH" value="-8.500000" />
  <attribute name="Current Error" value="-17.000000" />
  <attribute name="IntegralT" value="-221.000000" />
  <attribute name="IntegralI" value="-221.000000" />
  <attribute name="IntegralH" value="-221.000000" />
  <attribute name="DerivativeT" value="-0.653846" />
  <attribute name="DerivativeI" value="-0.653846" />
  <attribute name="DerivativeH" value="-0.653846" />
  <attribute name="Loop Time for DT" value="26.000000" />
  <attribute name="Output H" value="2092630016"/>
  <attribute name="Output I" value="200"/>
  <attribute name="Output T" value="4"/>
  <attribute name="Target GC Util Change" value ="20.000000" />
  <attribute name="Current GC Util Change" value="3.000000"/>
  <attribute name="GC Util currently" value="3" />
  <attribute name="CPU Util currently" value="176439736158" />
<allocation-satisfied id="468" threadId="0000000002213700" bytesRequested="48" />
<af-end id="469" timestamp="2019-06-16T21:30:56.430" threadId="0000000002214088" success="true" from="nursery"/>
<exclusive-end id="470" timestamp="2019-06-16T21:30:56.430" durationms="2.204" />

<exclusive-start id="471" timestamp="2019-06-16T21:30:56.455" intervalms="27.144">
  <response-info timems="0.108" idlems="0.108" threads="0" lastid="0000000002213700" lastname="main" />
</exclusive-start>
<af-start id="472" threadId="0000000002214088" totalBytesRequested="40" timestamp="2019-06-16T21:30:56.455" intervalms="27.107" type="nursery" />
<cycle-start id="473" type="scavenge" contextid="0" timestamp="2019-06-16T21:30:56.455" intervalms="27.090" />
<gc-start id="474" type="scavenge" contextid="473" timestamp="2019-06-16T21:30:56.455">
  <mem-info id="475" free="1849816" total="8519680" percent="21">
    <mem type="nursery" free="0" total="2228224" percent="0">
      <mem type="allocate" free="0" total="1835008" percent="0" />
      <mem type="survivor" free="0" total="393216" percent="0" />
    </mem>
    <mem type="tenure" free="1849816" total="6291456" percent="29">
      <mem type="soa" free="1535448" total="5977088" percent="25" />
      <mem type="loa" free="314368" total="314368" percent="100" />
    </mem>
    <remembered-set count="1005" />
  </mem-info>
</gc-start>
<allocation-stats totalBytes="1647104" >
  <allocated-bytes non-tlh="8240" tlh="1638864" />
  <largest-consumer threadName="main" threadId="0000000002213700" bytes="1647104" />
</allocation-stats>
<gc-op id="476" type="scavenge" timems="0.785" contextid="473" timestamp="2019-06-16T21:30:56.456">
  <scavenger-info tenureage="3" tenuremask="ffe8" tiltratio="82" />
  <memory-copied type="nursery" objects="5551" bytes="196936" bytesdiscarded="37944" />
  <memory-copied type="tenure" objects="1232" bytes="42600" bytesdiscarded="8" />
  <references type="weak" candidates="252" cleared="0" enqueued="0" />
</gc-op>
<gc-end id="477" type="scavenge" contextid="473" durationms="1.424" usertimems="4.000" systemtimems="0.000" timestamp="2019-06-16T21:30:56.457" activeThreads="4">
  <mem-info id="478" free="3410648" total="8519680" percent="40">
    <mem type="nursery" free="1600000" total="2228224" percent="71">
      <mem type="allocate" free="1600000" total="1835008" percent="87" />
      <mem type="survivor" free="0" total="393216" percent="0" />
    </mem>
    <mem type="tenure" free="1810648" total="6291456" percent="28" macro-fragmented="868149">
      <mem type="soa" free="1496280" total="5977088" percent="25" />
      <mem type="loa" free="314368" total="314368" percent="100" />
    </mem>
    <remembered-set count="702" />
  </mem-info>
</gc-end>
<cycle-end id="479" type="scavenge" contextid="473" timestamp="2019-06-16T21:30:56.457" />
  <attribute name="elasticGC enabled" value="1" />
  <attribute name= "numThreadsSpecified" value="4" />
  <attribute name="heapSize specified" value="0" />
  <attribute name="Current GC Util" value="5" />
  <attribute name= "Current Time Running" value="42422" />
  <attribute name ="GC Interval" value="200" />
  <attribute name="ProportionalT" value="-7.500000" />
  <attribute name="ProportionalI" value="-7.500000" />
  <attribute name="ProportionalH" value="-7.500000" />
  <attribute name="Current Error" value="-15.000000" />
  <attribute name="IntegralT" value="-210.000000" />
  <attribute name="IntegralI" value="-210.000000" />
  <attribute name="IntegralH" value="-210.000000" />
  <attribute name="DerivativeT" value="-0.535714" />
  <attribute name="DerivativeI" value="-0.535714" />
  <attribute name="DerivativeH" value="-0.535714" />
  <attribute name="Loop Time for DT" value="28.000000" />
  <attribute name="Output H" value="2092630016"/>
  <attribute name="Output I" value="200"/>
  <attribute name="Output T" value="4"/>
  <attribute name="Target GC Util Change" value ="20.000000" />
  <attribute name="Current GC Util Change" value="5.000000"/>
  <attribute name="GC Util currently" value="5" />
  <attribute name="CPU Util currently" value="170424748180" />
<allocation-satisfied id="480" threadId="0000000002213700" bytesRequested="40" />
<af-end id="481" timestamp="2019-06-16T21:30:56.457" threadId="0000000002214088" success="true" from="nursery"/>
<exclusive-end id="482" timestamp="2019-06-16T21:30:56.457" durationms="2.115" />

<exclusive-start id="483" timestamp="2019-06-16T21:30:56.485" intervalms="29.610">
  <response-info timems="0.059" idlems="0.059" threads="0" lastid="0000000002213700" lastname="main" />
</exclusive-start>
<af-start id="484" threadId="0000000002214088" totalBytesRequested="32" timestamp="2019-06-16T21:30:56.485" intervalms="29.609" type="nursery" />
<cycle-start id="485" type="scavenge" contextid="0" timestamp="2019-06-16T21:30:56.485" intervalms="29.616" />
<gc-start id="486" type="scavenge" contextid="485" timestamp="2019-06-16T21:30:56.485">
  <mem-info id="487" free="1799800" total="8519680" percent="21">
    <mem type="nursery" free="0" total="2228224" percent="0">
      <mem type="allocate" free="0" total="1835008" percent="0" />
      <mem type="survivor" free="0" total="393216" percent="0" />
    </mem>
    <mem type="tenure" free="1799800" total="6291456" percent="28">
      <mem type="soa" free="1485432" total="5977088" percent="24" />
      <mem type="loa" free="314368" total="314368" percent="100" />
    </mem>
    <remembered-set count="968" />
  </mem-info>
</gc-start>
<allocation-stats totalBytes="1609752" >
  <allocated-bytes non-tlh="10888" tlh="1598864" />
  <largest-consumer threadName="main" threadId="0000000002213700" bytes="1609752" />
</allocation-stats>
<gc-op id="488" type="scavenge" timems="0.806" contextid="485" timestamp="2019-06-16T21:30:56.486">
  <scavenger-info tenureage="3" tenuremask="ffe8" tiltratio="82" />
  <memory-copied type="nursery" objects="6064" bytes="217016" bytesdiscarded="57056" />
  <memory-copied type="tenure" objects="1259" bytes="43520" bytesdiscarded="48" />
  <references type="weak" candidates="186" cleared="0" enqueued="0" />
</gc-op>
<gc-end id="489" type="scavenge" contextid="485" durationms="1.448" usertimems="4.000" systemtimems="0.000" timestamp="2019-06-16T21:30:56.486" activeThreads="4">
  <mem-info id="490" free="3321464" total="8519680" percent="38">
    <mem type="nursery" free="1560832" total="2228224" percent="70">
      <mem type="allocate" free="1560832" total="1835008" percent="85" />
      <mem type="survivor" free="0" total="393216" percent="0" />
    </mem>
    <mem type="tenure" free="1760632" total="6291456" percent="27" macro-fragmented="602881">
      <mem type="soa" free="1446264" total="5977088" percent="24" />
      <mem type="loa" free="314368" total="314368" percent="100" />
    </mem>
    <remembered-set count="811" />
  </mem-info>
</gc-end>
<cycle-end id="491" type="scavenge" contextid="485" timestamp="2019-06-16T21:30:56.486" />
  <attribute name="elasticGC enabled" value="1" />
  <attribute name= "numThreadsSpecified" value="4" />
  <attribute name="heapSize specified" value="0" />
  <attribute name="Current GC Util" value="4" />
  <attribute name= "Current Time Running" value="42451" />
  <attribute name ="GC Interval" value="200" />
  <attribute name="ProportionalT" value="-8.000000" />
  <attribute name="ProportionalI" value="-8.000000" />
  <attribute name="ProportionalH" value="-8.000000" />
  <attribute name="Current Error" value="-16.000000" />
  <attribute name="IntegralT" value="-232.000000" />
  <attribute name="IntegralI" value="-232.000000" />
  <attribute name="IntegralH" value="-232.000000" />
  <attribute name="DerivativeT" value="-0.551724" />
  <attribute name="DerivativeI" value="-0.551724" />
  <attribute name="DerivativeH" value="-0.551724" />
  <attribute name="Loop Time for DT" value="29.000000" />
  <attribute name="Output H" value="2092630016"/>
  <attribute name="Output I" value="200"/>
  <attribute name="Output T" value="4"/>
  <attribute name="Target GC Util Change" value ="20.000000" />
  <attribute name="Current GC Util Change" value="4.000000"/>
  <attribute name="GC Util currently" value="4" />
  <attribute name="CPU Util currently" value="155971666728" />
<allocation-satisfied id="492" threadId="0000000002213700" bytesRequested="32" />
<af-end id="493" timestamp="2019-06-16T21:30:56.487" threadId="0000000002214088" success="true" from="nursery"/>
<exclusive-end id="494" timestamp="2019-06-16T21:30:56.487" durationms="2.152" />

<exclusive-start id="495" timestamp="2019-06-16T21:30:56.513" intervalms="28.469">
  <response-info timems="0.027" idlems="0.027" threads="0" lastid="0000000002213700" lastname="main" />
</exclusive-start>
<af-start id="496" threadId="0000000002214088" totalBytesRequested="168" timestamp="2019-06-16T21:30:56.513" intervalms="28.483" type="nursery" />
<cycle-start id="497" type="scavenge" contextid="0" timestamp="2019-06-16T21:30:56.513" intervalms="28.440" />
<gc-start id="498" type="scavenge" contextid="497" timestamp="2019-06-16T21:30:56.513">
  <mem-info id="499" free="1749216" total="8519680" percent="20">
    <mem type="nursery" free="0" total="2228224" percent="0">
      <mem type="allocate" free="0" total="1835008" percent="0" />
      <mem type="survivor" free="0" total="393216" percent="0" />
    </mem>
    <mem type="tenure" free="1749216" total="6291456" percent="27">
      <mem type="soa" free="1434848" total="5977088" percent="24" />
      <mem type="loa" free="314368" total="314368" percent="100" />
    </mem>
    <remembered-set count="1111" />
  </mem-info>
</gc-start>
<allocation-stats totalBytes="1571728" >
  <allocated-bytes non-tlh="11448" tlh="1560280" />
  <largest-consumer threadName="main" threadId="0000000002213700" bytes="1571728" />
</allocation-stats>
<gc-op id="500" type="scavenge" timems="0.646" contextid="497" timestamp="2019-06-16T21:30:56.514">
  <scavenger-info tenureage="3" tenuremask="ffe8" tiltratio="82" />
  <memory-copied type="nursery" objects="5742" bytes="208840" bytesdiscarded="65232" />
  <memory-copied type="tenure" objects="2147" bytes="76536" bytesdiscarded="32" />
  <references type="soft" candidates="2" cleared="0" enqueued="0" dynamicThreshold="32" maxThreshold="32" />
  <references type="weak" candidates="183" cleared="1" enqueued="1" />
</gc-op>
<gc-end id="501" type="scavenge" contextid="497" durationms="1.128" usertimems="0.000" systemtimems="0.000" timestamp="2019-06-16T21:30:56.514" activeThreads="4">
  <mem-info id="502" free="3297248" total="8519680" percent="38">
    <mem type="nursery" free="1626368" total="2228224" percent="72">
      <mem type="allocate" free="1626368" total="1900544" percent="85" />
      <mem type="survivor" free="0" total="327680" percent="0" />
    </mem>
    <mem type="tenure" free="1670880" total="6291456" percent="26" macro-fragmented="502401">
      <mem type="soa" free="1356512" total="5977088" percent="22" />
      <mem type="loa" free="314368" total="314368" percent="100" />
    </mem>
    <pending-finalizers system="0" default="0" reference="1" classloader="0" />
    <remembered-set count="846" />
  </mem-info>
</gc-end>
<cycle-end id="503" type="scavenge" contextid="497" timestamp="2019-06-16T21:30:56.515" />
  <attribute name="elasticGC enabled" value="1" />
  <attribute name= "numThreadsSpecified" value="4" />
  <attribute name="heapSize specified" value="0" />
  <attribute name="Current GC Util" value="4" />
  <attribute name= "Current Time Running" value="42479" />
  <attribute name ="GC Interval" value="200" />
  <attribute name="ProportionalT" value="-8.000000" />
  <attribute name="ProportionalI" value="-8.000000" />
  <attribute name="ProportionalH" value="-8.000000" />
  <attribute name="Current Error" value="-16.000000" />
  <attribute name="IntegralT" value="-224.000000" />
  <attribute name="IntegralI" value="-224.000000" />
  <attribute name="IntegralH" value="-224.000000" />
  <attribute name="DerivativeT" value="-0.571429" />
  <attribute name="DerivativeI" value="-0.571429" />
  <attribute name="DerivativeH" value="-0.571429" />
  <attribute name="Loop Time for DT" value="28.000000" />
  <attribute name="Output H" value="2092630016"/>
  <attribute name="Output I" value="200"/>
  <attribute name="Output T" value="4"/>
  <attribute name="Target GC Util Change" value ="20.000000" />
  <attribute name="Current GC Util Change" value="4.000000"/>
  <attribute name="GC Util currently" value="4" />
  <attribute name="CPU Util currently" value="163180048521" />
<allocation-satisfied id="504" threadId="0000000002213700" bytesRequested="168" />
<af-end id="505" timestamp="2019-06-16T21:30:56.515" threadId="0000000002214088" success="true" from="nursery"/>
<exclusive-end id="506" timestamp="2019-06-16T21:30:56.515" durationms="1.889" />

<exclusive-start id="507" timestamp="2019-06-16T21:30:56.542" intervalms="28.686">
  <response-info timems="0.071" idlems="0.071" threads="0" lastid="0000000002213700" lastname="main" />
</exclusive-start>
<af-start id="508" threadId="0000000002214088" totalBytesRequested="16" timestamp="2019-06-16T21:30:56.542" intervalms="28.699" type="nursery" />
<cycle-start id="509" type="scavenge" contextid="0" timestamp="2019-06-16T21:30:56.542" intervalms="28.733" />
<gc-start id="510" type="scavenge" contextid="509" timestamp="2019-06-16T21:30:56.542">
  <mem-info id="511" free="1663160" total="8519680" percent="19">
    <mem type="nursery" free="0" total="2228224" percent="0">
      <mem type="allocate" free="0" total="1900544" percent="0" />
      <mem type="survivor" free="0" total="327680" percent="0" />
    </mem>
    <mem type="tenure" free="1663160" total="6291456" percent="26">
      <mem type="soa" free="1348792" total="5977088" percent="22" />
      <mem type="loa" free="314368" total="314368" percent="100" />
    </mem>
    <remembered-set count="989" />
  </mem-info>
</gc-start>
<allocation-stats totalBytes="1633168" >
  <allocated-bytes non-tlh="64824" tlh="1568344" />
  <largest-consumer threadName="main" threadId="0000000002213700" bytes="1633168" />
</allocation-stats>
<gc-op id="512" type="scavenge" timems="0.776" contextid="509" timestamp="2019-06-16T21:30:56.543">
  <scavenger-info tenureage="3" tenuremask="7008" tiltratio="85" />
  <memory-copied type="nursery" objects="6393" bytes="261456" bytesdiscarded="66144" />
  <memory-copied type="tenure" objects="1913" bytes="69688" bytesdiscarded="0" />
  <references type="soft" candidates="2" cleared="0" enqueued="0" dynamicThreshold="32" maxThreshold="32" />
  <references type="weak" candidates="138" cleared="4" enqueued="4" />
</gc-op>
<gc-end id="513" type="scavenge" contextid="509" durationms="1.471" usertimems="0.000" systemtimems="0.000" timestamp="2019-06-16T21:30:56.544" activeThreads="4">
  <mem-info id="514" free="3170488" total="8519680" percent="37">
    <mem type="nursery" free="1507328" total="2228224" percent="67">
      <mem type="allocate" free="1507328" total="1835008" percent="82" />
      <mem type="survivor" free="0" total="393216" percent="0" />
    </mem>
    <mem type="tenure" free="1663160" total="6291456" percent="26" macro-fragmented="0">
      <mem type="soa" free="1348792" total="5977088" percent="22" />
      <mem type="loa" free="314368" total="314368" percent="100" />
    </mem>
    <pending-finalizers system="0" default="0" reference="4" classloader="0" />
    <remembered-set count="718" />
  </mem-info>
</gc-end>
<cycle-end id="515" type="scavenge" contextid="509" timestamp="2019-06-16T21:30:56.544" />
  <attribute name="elasticGC enabled" value="1" />
  <attribute name= "numThreadsSpecified" value="4" />
  <attribute name="heapSize specified" value="0" />
  <attribute name="Current GC Util" value="4" />
  <attribute name= "Current Time Running" value="42508" />
  <attribute name ="GC Interval" value="200" />
  <attribute name="ProportionalT" value="-8.000000" />
  <attribute name="ProportionalI" value="-8.000000" />
  <attribute name="ProportionalH" value="-8.000000" />
  <attribute name="Current Error" value="-16.000000" />
  <attribute name="IntegralT" value="-232.000000" />
  <attribute name="IntegralI" value="-232.000000" />
  <attribute name="IntegralH" value="-232.000000" />
  <attribute name="DerivativeT" value="-0.551724" />
  <attribute name="DerivativeI" value="-0.551724" />
  <attribute name="DerivativeH" value="-0.551724" />
  <attribute name="Loop Time for DT" value="29.000000" />
  <attribute name="Output H" value="2092630016"/>
  <attribute name="Output I" value="200"/>
  <attribute name="Output T" value="4"/>
  <attribute name="Target GC Util Change" value ="20.000000" />
  <attribute name="Current GC Util Change" value="4.000000"/>
  <attribute name="GC Util currently" value="4" />
  <attribute name="CPU Util currently" value="159547389295" />
<allocation-satisfied id="516" threadId="0000000002213700" bytesRequested="16" />
<af-end id="517" timestamp="2019-06-16T21:30:56.544" threadId="0000000002214088" success="true" from="nursery"/>
<exclusive-end id="518" timestamp="2019-06-16T21:30:56.544" durationms="2.153" />

<exclusive-start id="519" timestamp="2019-06-16T21:30:56.561" intervalms="19.119">
  <response-info timems="0.066" idlems="0.066" threads="0" lastid="0000000002213700" lastname="main" />
</exclusive-start>
<af-start id="520" threadId="0000000002214088" totalBytesRequested="176" timestamp="2019-06-16T21:30:56.561" intervalms="19.085" type="nursery" />
<cycle-start id="521" type="scavenge" contextid="0" timestamp="2019-06-16T21:30:56.561" intervalms="19.114" />
<gc-start id="522" type="scavenge" contextid="521" timestamp="2019-06-16T21:30:56.561">
  <mem-info id="523" free="1662120" total="8519680" percent="19">
    <mem type="nursery" free="0" total="2228224" percent="0">
      <mem type="allocate" free="0" total="1835008" percent="0" />
      <mem type="survivor" free="0" total="393216" percent="0" />
    </mem>
    <mem type="tenure" free="1662120" total="6291456" percent="26">
      <mem type="soa" free="1347752" total="5977088" percent="22" />
      <mem type="loa" free="314368" total="314368" percent="100" />
    </mem>
    <remembered-set count="765" />
  </mem-info>
</gc-start>
<allocation-stats totalBytes="1507616" >
  <allocated-bytes non-tlh="1056" tlh="1506560" />
  <largest-consumer threadName="main" threadId="0000000002213700" bytes="1507616" />
</allocation-stats>
<gc-op id="524" type="scavenge" timems="0.650" contextid="521" timestamp="2019-06-16T21:30:56.562">
  <scavenger-info tenureage="3" tenuremask="7008" tiltratio="82" />
  <memory-copied type="nursery" objects="5976" bytes="302464" bytesdiscarded="90712" />
  <memory-copied type="tenure" objects="2731" bytes="98304" bytesdiscarded="40" />
  <copy-failed type="nursery" objects="928" bytes="32656" />
  <references type="soft" candidates="2" cleared="0" enqueued="0" dynamicThreshold="32" maxThreshold="32" />
  <references type="weak" candidates="52" cleared="0" enqueued="0" />
</gc-op>
<gc-end id="525" type="scavenge" contextid="521" durationms="1.201" usertimems="0.000" systemtimems="0.000" timestamp="2019-06-16T21:30:56.562" activeThreads="4">
  <mem-info id="526" free="2898600" total="8519680" percent="34">
    <mem type="nursery" free="1376256" total="2228224" percent="61">
      <mem type="allocate" free="1376256" total="1769472" percent="77" />
      <mem type="survivor" free="0" total="458752" percent="0" />
    </mem>
    <mem type="tenure" free="1522344" total="6291456" percent="24" macro-fragmented="0">
      <mem type="soa" free="1207976" total="5977088" percent="20" />
      <mem type="loa" free="314368" total="314368" percent="100" />
    </mem>
    <remembered-set count="699" />
  </mem-info>
</gc-end>
<cycle-end id="527" type="scavenge" contextid="521" timestamp="2019-06-16T21:30:56.563" />
  <attribute name="elasticGC enabled" value="1" />
  <attribute name= "numThreadsSpecified" value="4" />
  <attribute name="heapSize specified" value="0" />
  <attribute name="Current GC Util" value="7" />
  <attribute name= "Current Time Running" value="42527" />
  <attribute name ="GC Interval" value="200" />
  <attribute name="ProportionalT" value="-6.500000" />
  <attribute name="ProportionalI" value="-6.500000" />
  <attribute name="ProportionalH" value="-6.500000" />
  <attribute name="Current Error" value="-13.000000" />
  <attribute name="IntegralT" value="-123.500000" />
  <attribute name="IntegralI" value="-123.500000" />
  <attribute name="IntegralH" value="-123.500000" />
  <attribute name="DerivativeT" value="-0.684211" />
  <attribute name="DerivativeI" value="-0.684211" />
  <attribute name="DerivativeH" value="-0.684211" />
  <attribute name="Loop Time for DT" value="19.000000" />
  <attribute name="Output H" value="2092630016"/>
  <attribute name="Output I" value="200"/>
  <attribute name="Output T" value="4"/>
  <attribute name="Target GC Util Change" value ="20.000000" />
  <attribute name="Current GC Util Change" value="7.000000"/>
  <attribute name="GC Util currently" value="7" />
  <attribute name="CPU Util currently" value="241879226206" />
<allocation-satisfied id="528" threadId="0000000002213700" bytesRequested="176" />
<af-end id="529" timestamp="2019-06-16T21:30:56.563" threadId="0000000002214088" success="true" from="nursery"/>
<exclusive-end id="530" timestamp="2019-06-16T21:30:56.563" durationms="1.904" />

<exclusive-start id="531" timestamp="2019-06-16T21:30:56.613" intervalms="52.581">
  <response-info timems="0.056" idlems="0.056" threads="0" lastid="0000000002213700" lastname="main" />
</exclusive-start>
<af-start id="532" threadId="0000000002214088" totalBytesRequested="16392" timestamp="2019-06-16T21:30:56.614" intervalms="52.619" type="nursery" />
<cycle-start id="533" type="scavenge" contextid="0" timestamp="2019-06-16T21:30:56.614" intervalms="52.592" />
<gc-start id="534" type="scavenge" contextid="533" timestamp="2019-06-16T21:30:56.614">
  <mem-info id="535" free="1505536" total="8519680" percent="17">
    <mem type="nursery" free="0" total="2228224" percent="0">
      <mem type="allocate" free="0" total="1769472" percent="0" />
      <mem type="survivor" free="0" total="458752" percent="0" />
    </mem>
    <mem type="tenure" free="1505536" total="6291456" percent="23">
      <mem type="soa" free="1191168" total="5977088" percent="19" />
      <mem type="loa" free="314368" total="314368" percent="100" />
    </mem>
    <remembered-set count="879" />
  </mem-info>
</gc-start>
<allocation-stats totalBytes="1365056" >
  <allocated-bytes non-tlh="216992" tlh="1148064" />
  <largest-consumer threadName="main" threadId="0000000002213700" bytes="1365056" />
</allocation-stats>
<gc-op id="536" type="scavenge" timems="0.601" contextid="533" timestamp="2019-06-16T21:30:56.615">
  <scavenger-info tenureage="12" tenuremask="7000" tiltratio="79" />
  <memory-copied type="nursery" objects="6595" bytes="458536" bytesdiscarded="104" />
  <memory-copied type="tenure" objects="1366" bytes="266192" bytesdiscarded="0" />
  <copy-failed type="nursery" objects="1366" bytes="266192" />
  <references type="soft" candidates="73" cleared="0" enqueued="0" dynamicThreshold="32" maxThreshold="32" />
  <references type="weak" candidates="60" cleared="0" enqueued="0" />
  <references type="phantom" candidates="1" cleared="0" enqueued="0" />
</gc-op>
<gc-end id="537" type="scavenge" contextid="533" durationms="1.274" usertimems="0.000" systemtimems="0.000" timestamp="2019-06-16T21:30:56.615" activeThreads="4">
  <mem-info id="538" free="1960888" total="8519680" percent="23">
    <mem type="nursery" free="655360" total="2228224" percent="29">
      <mem type="allocate" free="655360" total="1114112" percent="58" />
      <mem type="survivor" free="0" total="1114112" percent="0" />
    </mem>
    <mem type="tenure" free="1305528" total="6291456" percent="20" macro-fragmented="723458">
      <mem type="soa" free="991160" total="5977088" percent="16" />
      <mem type="loa" free="314368" total="314368" percent="100" />
    </mem>
    <remembered-set count="1007" />
  </mem-info>
</gc-end>
<cycle-end id="539" type="scavenge" contextid="533" timestamp="2019-06-16T21:30:56.615" />
  <attribute name="elasticGC enabled" value="1" />
  <attribute name= "numThreadsSpecified" value="4" />
  <attribute name="heapSize specified" value="0" />
  <attribute name="Current GC Util" value="2" />
  <attribute name= "Current Time Running" value="42580" />
  <attribute name ="GC Interval" value="200" />
  <attribute name="ProportionalT" value="-9.000000" />
  <attribute name="ProportionalI" value="-9.000000" />
  <attribute name="ProportionalH" value="-9.000000" />
  <attribute name="Current Error" value="-18.000000" />
  <attribute name="IntegralT" value="-477.000000" />
  <attribute name="IntegralI" value="-477.000000" />
  <attribute name="IntegralH" value="-477.000000" />
  <attribute name="DerivativeT" value="-0.339623" />
  <attribute name="DerivativeI" value="-0.339623" />
  <attribute name="DerivativeH" value="-0.339623" />
  <attribute name="Loop Time for DT" value="53.000000" />
  <attribute name="Output H" value="2092630016"/>
  <attribute name="Output I" value="200"/>
  <attribute name="Output T" value="4"/>
  <attribute name="Target GC Util Change" value ="20.000000" />
  <attribute name="Current GC Util Change" value="2.000000"/>
  <attribute name="GC Util currently" value="2" />
  <attribute name="CPU Util currently" value="87579174471" />
<allocation-satisfied id="540" threadId="0000000002213700" bytesRequested="16392" />
<af-end id="541" timestamp="2019-06-16T21:30:56.616" threadId="0000000002214088" success="true" from="nursery"/>
<exclusive-end id="542" timestamp="2019-06-16T21:30:56.616" durationms="2.280" />

<exclusive-start id="543" timestamp="2019-06-16T21:30:56.637" intervalms="23.290">
  <response-info timems="0.104" idlems="0.104" threads="0" lastid="0000000002213700" lastname="main" />
</exclusive-start>
<af-start id="544" threadId="0000000002214088" totalBytesRequested="40" timestamp="2019-06-16T21:30:56.637" intervalms="23.291" type="nursery" />
<cycle-start id="545" type="scavenge" contextid="0" timestamp="2019-06-16T21:30:56.637" intervalms="23.290" />
<gc-start id="546" type="scavenge" contextid="545" timestamp="2019-06-16T21:30:56.637">
  <mem-info id="547" free="1305456" total="8519680" percent="15">
    <mem type="nursery" free="0" total="2228224" percent="0">
      <mem type="allocate" free="0" total="1114112" percent="0" />
      <mem type="survivor" free="0" total="1114112" percent="0" />
    </mem>
    <mem type="tenure" free="1305456" total="6291456" percent="20">
      <mem type="soa" free="991088" total="5977088" percent="16" />
      <mem type="loa" free="314368" total="314368" percent="100" />
    </mem>
    <remembered-set count="1009" />
  </mem-info>
</gc-start>
<allocation-stats totalBytes="655320" >
  <allocated-bytes non-tlh="16464" tlh="638856" />
  <largest-consumer threadName="main" threadId="0000000002213700" bytes="655320" />
</allocation-stats>
<gc-op id="548" type="scavenge" timems="0.646" contextid="545" timestamp="2019-06-16T21:30:56.638">
  <scavenger-info tenureage="2" tenuremask="781c" tiltratio="50" />
  <memory-copied type="nursery" objects="6774" bytes="487528" bytesdiscarded="200536" />
  <memory-copied type="tenure" objects="4883" bytes="243768" bytesdiscarded="64" />
  <references type="soft" candidates="71" cleared="0" enqueued="0" dynamicThreshold="32" maxThreshold="32" />
  <references type="weak" candidates="8" cleared="0" enqueued="0" />
  <references type="phantom" candidates="1" cleared="0" enqueued="0" />
</gc-op>
<gc-end id="549" type="scavenge" contextid="545" durationms="1.236" usertimems="0.000" systemtimems="4.000" timestamp="2019-06-16T21:30:56.638" activeThreads="4">
  <mem-info id="550" free="1404760" total="8519680" percent="16">
    <mem type="nursery" free="425968" total="2228224" percent="19">
      <mem type="allocate" free="425968" total="1114112" percent="38" />
      <mem type="survivor" free="0" total="1114112" percent="0" />
    </mem>
    <mem type="tenure" free="978792" total="6291456" percent="15" macro-fragmented="845165">
      <mem type="soa" free="664424" total="5977088" percent="11" />
      <mem type="loa" free="314368" total="314368" percent="100" />
    </mem>
    <remembered-set count="463" />
  </mem-info>
</gc-end>
<cycle-end id="551" type="scavenge" contextid="545" timestamp="2019-06-16T21:30:56.638" />
  <attribute name="elasticGC enabled" value="1" />
  <attribute name= "numThreadsSpecified" value="4" />
  <attribute name="heapSize specified" value="0" />
  <attribute name="Current GC Util" value="7" />
  <attribute name= "Current Time Running" value="42603" />
  <attribute name ="GC Interval" value="200" />
  <attribute name="ProportionalT" value="-6.500000" />
  <attribute name="ProportionalI" value="-6.500000" />
  <attribute name="ProportionalH" value="-6.500000" />
  <attribute name="Current Error" value="-13.000000" />
  <attribute name="IntegralT" value="-149.500000" />
  <attribute name="IntegralI" value="-149.500000" />
  <attribute name="IntegralH" value="-149.500000" />
  <attribute name="DerivativeT" value="-0.565217" />
  <attribute name="DerivativeI" value="-0.565217" />
  <attribute name="DerivativeH" value="-0.565217" />
  <attribute name="Loop Time for DT" value="23.000000" />
  <attribute name="Output H" value="2092630016"/>
  <attribute name="Output I" value="200"/>
  <attribute name="Output T" value="4"/>
  <attribute name="Target GC Util Change" value ="20.000000" />
  <attribute name="Current GC Util Change" value="7.000000"/>
  <attribute name="GC Util currently" value="7" />
  <attribute name="CPU Util currently" value="198070273195" />
<allocation-satisfied id="552" threadId="0000000002213700" bytesRequested="40" />
<af-end id="553" timestamp="2019-06-16T21:30:56.639" threadId="0000000002214088" success="true" from="nursery"/>
<exclusive-end id="554" timestamp="2019-06-16T21:30:56.639" durationms="2.071" />

<exclusive-start id="555" timestamp="2019-06-16T21:30:56.648" intervalms="11.350">
  <response-info timems="0.037" idlems="0.037" threads="0" lastid="0000000002213700" lastname="main" />
</exclusive-start>
<af-start id="556" threadId="0000000002214088" totalBytesRequested="23288" timestamp="2019-06-16T21:30:56.648" intervalms="11.302" type="nursery" />
<cycle-start id="557" type="scavenge" contextid="0" timestamp="2019-06-16T21:30:56.648" intervalms="11.264" />
<gc-start id="558" type="scavenge" contextid="557" timestamp="2019-06-16T21:30:56.648">
  <mem-info id="559" free="973712" total="8519680" percent="11">
    <mem type="nursery" free="0" total="2228224" percent="0">
      <mem type="allocate" free="0" total="1114112" percent="0" />
      <mem type="survivor" free="0" total="1114112" percent="0" />
    </mem>
    <mem type="tenure" free="973712" total="6291456" percent="15">
      <mem type="soa" free="659344" total="5977088" percent="11" />
      <mem type="loa" free="314368" total="314368" percent="100" />
    </mem>
    <remembered-set count="529" />
  </mem-info>
</gc-start>
<allocation-stats totalBytes="429912" >
  <allocated-bytes non-tlh="5120" tlh="424792" />
  <largest-consumer threadName="main" threadId="0000000002213700" bytes="429912" />
</allocation-stats>
<gc-op id="560" type="scavenge" timems="0.644" contextid="557" timestamp="2019-06-16T21:30:56.649">
  <scavenger-info tenureage="2" tenuremask="7c04" tiltratio="50" />
  <memory-copied type="nursery" objects="5517" bytes="288952" bytesdiscarded="130856" />
  <memory-copied type="tenure" objects="1705" bytes="214200" bytesdiscarded="32" />
  <references type="weak" candidates="34" cleared="0" enqueued="0" />
</gc-op>
<heap-resize id="561" type="expand" space="nursery" amount="131072" count="1" timems="0.035" reason="excessive time being spent scavenging" timestamp="2019-06-16T21:30:56.649" />
<gc-end id="562" type="scavenge" contextid="557" durationms="1.162" usertimems="0.000" systemtimems="0.000" timestamp="2019-06-16T21:30:56.649" activeThreads="4">
  <mem-info id="563" free="1661576" total="8650752" percent="19">
    <mem type="nursery" free="825352" total="2359296" percent="34">
      <mem type="allocate" free="825352" total="1245184" percent="66" />
      <mem type="survivor" free="0" total="1114112" percent="0" />
    </mem>
    <mem type="tenure" free="836224" total="6291456" percent="13" macro-fragmented="793142">
      <mem type="soa" free="521856" total="5977088" percent="8" />
      <mem type="loa" free="314368" total="314368" percent="100" />
    </mem>
    <remembered-set count="159" />
  </mem-info>
</gc-end>
<cycle-end id="564" type="scavenge" contextid="557" timestamp="2019-06-16T21:30:56.650" />
  <attribute name="elasticGC enabled" value="1" />
  <attribute name= "numThreadsSpecified" value="4" />
  <attribute name="heapSize specified" value="0" />
  <attribute name="Current GC Util" value="15" />
  <attribute name= "Current Time Running" value="42614" />
  <attribute name ="GC Interval" value="200" />
  <attribute name="ProportionalT" value="-2.500000" />
  <attribute name="ProportionalI" value="-2.500000" />
  <attribute name="ProportionalH" value="-2.500000" />
  <attribute name="Current Error" value="-5.000000" />
  <attribute name="IntegralT" value="-27.500000" />
  <attribute name="IntegralI" value="-27.500000" />
  <attribute name="IntegralH" value="-27.500000" />
  <attribute name="DerivativeT" value="-0.454545" />
  <attribute name="DerivativeI" value="-0.454545" />
  <attribute name="DerivativeH" value="-0.454545" />
  <attribute name="Loop Time for DT" value="11.000000" />
  <attribute name="Output H" value="2092630016"/>
  <attribute name="Output I" value="200"/>
  <attribute name="Output T" value="4"/>
  <attribute name="Target GC Util Change" value ="20.000000" />
  <attribute name="Current GC Util Change" value="15.000000"/>
  <attribute name="GC Util currently" value="15" />
  <attribute name="CPU Util currently" value="416445179494" />
<allocation-satisfied id="565" threadId="0000000002213700" bytesRequested="23288" />
<af-end id="566" timestamp="2019-06-16T21:30:56.650" threadId="0000000002214088" success="true" from="nursery"/>
<exclusive-end id="567" timestamp="2019-06-16T21:30:56.650" durationms="1.677" />

<exclusive-start id="568" timestamp="2019-06-16T21:30:56.656" intervalms="7.874">
  <response-info timems="0.030" idlems="0.030" threads="0" lastid="0000000002213700" lastname="main" />
</exclusive-start>
<af-start id="569" threadId="0000000002214088" totalBytesRequested="40" timestamp="2019-06-16T21:30:56.656" intervalms="7.869" type="nursery" />
<cycle-start id="570" type="scavenge" contextid="0" timestamp="2019-06-16T21:30:56.656" intervalms="7.902" />
<gc-start id="571" type="scavenge" contextid="570" timestamp="2019-06-16T21:30:56.656">
  <mem-info id="572" free="836040" total="8650752" percent="9">
    <mem type="nursery" free="0" total="2359296" percent="0">
      <mem type="allocate" free="0" total="1245184" percent="0" />
      <mem type="survivor" free="0" total="1114112" percent="0" />
    </mem>
    <mem type="tenure" free="836040" total="6291456" percent="13">
      <mem type="soa" free="521672" total="5977088" percent="8" />
      <mem type="loa" free="314368" total="314368" percent="100" />
    </mem>
    <remembered-set count="168" />
  </mem-info>
</gc-start>
<allocation-stats totalBytes="825440" >
  <allocated-bytes non-tlh="23472" tlh="801968" />
  <largest-consumer threadName="main" threadId="0000000002213700" bytes="825440" />
</allocation-stats>
<gc-op id="573" type="scavenge" timems="0.920" contextid="570" timestamp="2019-06-16T21:30:56.657">
  <scavenger-info tenureage="2" tenuremask="7c04" tiltratio="52" />
  <memory-copied type="nursery" objects="1958" bytes="66672" bytesdiscarded="42360" />
  <memory-copied type="tenure" objects="4981" bytes="270632" bytesdiscarded="40" />
  <references type="weak" candidates="38" cleared="0" enqueued="0" />
</gc-op>
<heap-resize id="574" type="expand" space="nursery" amount="131072" count="1" timems="0.011" reason="excessive time being spent scavenging" timestamp="2019-06-16T21:30:56.657" />
<gc-end id="575" type="scavenge" contextid="570" durationms="1.407" usertimems="4.000" systemtimems="0.000" timestamp="2019-06-16T21:30:56.658" activeThreads="1">
  <mem-info id="576" free="1926104" total="8781824" percent="21">
    <mem type="nursery" free="1398272" total="2490368" percent="56">
      <mem type="allocate" free="1398272" total="1507328" percent="92" />
      <mem type="survivor" free="0" total="983040" percent="0" />
    </mem>
    <mem type="tenure" free="527832" total="6291456" percent="8" macro-fragmented="444187">
      <mem type="soa" free="213464" total="5977088" percent="3" />
      <mem type="loa" free="314368" total="314368" percent="100" />
    </mem>
    <remembered-set count="334" />
  </mem-info>
</gc-end>
<cycle-end id="577" type="scavenge" contextid="570" timestamp="2019-06-16T21:30:56.658" />
  <attribute name="elasticGC enabled" value="1" />
  <attribute name= "numThreadsSpecified" value="1" />
  <attribute name="heapSize specified" value="0" />
  <attribute name="Current GC Util" value="20" />
  <attribute name= "Current Time Running" value="42622" />
  <attribute name ="GC Interval" value="200" />
  <attribute name="ProportionalT" value="0.000000" />
  <attribute name="ProportionalI" value="0.000000" />
  <attribute name="ProportionalH" value="0.000000" />
  <attribute name="Current Error" value="0.000000" />
  <attribute name="IntegralT" value="0.000000" />
  <attribute name="IntegralI" value="0.000000" />
  <attribute name="IntegralH" value="0.000000" />
  <attribute name="DerivativeT" value="0.000000" />
  <attribute name="DerivativeI" value="0.000000" />
  <attribute name="DerivativeH" value="0.000000" />
  <attribute name="Loop Time for DT" value="8.000000" />
  <attribute name="Output H" value="8388608"/>
  <attribute name="Output I" value="200"/>
  <attribute name="Output T" value="1"/>
  <attribute name="Target GC Util Change" value ="20.000000" />
  <attribute name="Current GC Util Change" value="20.000000"/>
  <attribute name="GC Util currently" value="20" />
  <attribute name="CPU Util currently" value="584425077750" />
<allocation-satisfied id="578" threadId="0000000002213700" bytesRequested="40" />
<af-end id="579" timestamp="2019-06-16T21:30:56.658" threadId="0000000002214088" success="true" from="nursery"/>
<exclusive-end id="580" timestamp="2019-06-16T21:30:56.658" durationms="2.067" />

<concurrent-kickoff id="581" timestamp="2019-06-16T21:30:56.666">
  <kickoff reason="threshold reached" targetBytes="1867303" thresholdFreeBytes="258111"  remainingFree="157184" tenureFreeBytes="527832" nurseryFreeBytes="157184" />
</concurrent-kickoff>
<exclusive-start id="582" timestamp="2019-06-16T21:30:56.666" intervalms="10.266">
  <response-info timems="0.037" idlems="0.037" threads="0" lastid="0000000002213700" lastname="main" />
</exclusive-start>
<cycle-start id="583" type="global" contextid="0" timestamp="2019-06-16T21:30:56.666" intervalms="42753.069" />
<exclusive-end id="584" timestamp="2019-06-16T21:30:56.666" durationms="0.151" />

<exclusive-start id="585" timestamp="2019-06-16T21:30:56.669" intervalms="2.427">
  <response-info timems="0.029" idlems="0.029" threads="0" lastid="0000000002213700" lastname="main" />
</exclusive-start>
<af-start id="586" threadId="0000000002214088" totalBytesRequested="32" timestamp="2019-06-16T21:30:56.669" intervalms="12.693" type="nursery" />
<cycle-start id="587" type="scavenge" contextid="0" timestamp="2019-06-16T21:30:56.669" intervalms="12.699" />
<gc-start id="588" type="scavenge" contextid="587" timestamp="2019-06-16T21:30:56.669">
  <mem-info id="589" free="527832" total="8781824" percent="6">
    <mem type="nursery" free="0" total="2490368" percent="0">
      <mem type="allocate" free="0" total="1507328" percent="0" />
      <mem type="survivor" free="0" total="983040" percent="0" />
    </mem>
    <mem type="tenure" free="527832" total="6291456" percent="8">
      <mem type="soa" free="213464" total="5977088" percent="3" />
      <mem type="loa" free="314368" total="314368" percent="100" />
    </mem>
    <remembered-set count="519" />
  </mem-info>
</gc-start>
<allocation-stats totalBytes="1398048" >
  <allocated-bytes non-tlh="40" tlh="1398008" />
  <largest-consumer threadName="main" threadId="0000000002213700" bytes="1398048" />
</allocation-stats>
<gc-op id="590" type="scavenge" timems="0.519" contextid="587" timestamp="2019-06-16T21:30:56.670">
  <scavenger-info tenureage="4" tenuremask="fff0" tiltratio="60" />
  <memory-copied type="nursery" objects="3936" bytes="152296" bytesdiscarded="43528" />
  <references type="weak" candidates="38" cleared="0" enqueued="0" />
</gc-op>
<gc-end id="591" type="scavenge" contextid="587" durationms="0.954" usertimems="4.000" systemtimems="0.000" timestamp="2019-06-16T21:30:56.670" activeThreads="4">
  <mem-info id="592" free="2035928" total="8781824" percent="23">
    <mem type="nursery" free="1508096" total="2490368" percent="60">
      <mem type="allocate" free="1508096" total="1703936" percent="88" />
      <mem type="survivor" free="0" total="786432" percent="0" />
    </mem>
    <mem type="tenure" free="527832" total="6291456" percent="8" macro-fragmented="410537">
      <mem type="soa" free="213464" total="5977088" percent="3" />
      <mem type="loa" free="314368" total="314368" percent="100" />
    </mem>
    <remembered-set count="469" />
  </mem-info>
</gc-end>
<cycle-end id="593" type="scavenge" contextid="587" timestamp="2019-06-16T21:30:56.670" />
  <attribute name="elasticGC enabled" value="1" />
  <attribute name= "numThreadsSpecified" value="4" />
  <attribute name="heapSize specified" value="0" />
  <attribute name="Current GC Util" value="9" />
  <attribute name= "Current Time Running" value="42635" />
  <attribute name ="GC Interval" value="200" />
  <attribute name="ProportionalT" value="-5.500000" />
  <attribute name="ProportionalI" value="-5.500000" />
  <attribute name="ProportionalH" value="-5.500000" />
  <attribute name="Current Error" value="-11.000000" />
  <attribute name="IntegralT" value="-71.500000" />
  <attribute name="IntegralI" value="-71.500000" />
  <attribute name="IntegralH" value="-71.500000" />
  <attribute name="DerivativeT" value="-0.846154" />
  <attribute name="DerivativeI" value="-0.846154" />
  <attribute name="DerivativeH" value="-0.846154" />
  <attribute name="Loop Time for DT" value="13.000000" />
  <attribute name="Output H" value="2092630016"/>
  <attribute name="Output I" value="200"/>
  <attribute name="Output T" value="4"/>
  <attribute name="Target GC Util Change" value ="20.000000" />
  <attribute name="Current GC Util Change" value="9.000000"/>
  <attribute name="GC Util currently" value="9" />
  <attribute name="CPU Util currently" value="360025573222" />
<allocation-satisfied id="594" threadId="0000000002213700" bytesRequested="32" />
<af-end id="595" timestamp="2019-06-16T21:30:56.672" threadId="0000000002214088" success="true" from="nursery"/>
<exclusive-end id="596" timestamp="2019-06-16T21:30:56.672" durationms="3.252" />

<exclusive-start id="597" timestamp="2019-06-16T21:30:56.689" intervalms="20.614">
  <response-info timems="0.073" idlems="0.073" threads="0" lastid="0000000002213700" lastname="main" />
</exclusive-start>
<af-start id="598" threadId="0000000002214088" totalBytesRequested="24" timestamp="2019-06-16T21:30:56.689" intervalms="20.715" type="nursery" />
<percolate-collect id="599" from="nursery" to="global" reason="concurrent mark exhausted" timestamp="2019-06-16T21:30:56.690"/>
<gc-start id="600" type="global" contextid="583" timestamp="2019-06-16T21:30:56.690">
  <mem-info id="601" free="523072" total="8781824" percent="5">
    <mem type="nursery" free="0" total="2490368" percent="0">
      <mem type="allocate" free="0" total="1703936" percent="0" />
      <mem type="survivor" free="0" total="786432" percent="0" />
    </mem>
    <mem type="tenure" free="523072" total="6291456" percent="8">
      <mem type="soa" free="208704" total="5977088" percent="3" />
      <mem type="loa" free="314368" total="314368" percent="100" />
    </mem>
    <remembered-set count="665" />
  </mem-info>
</gc-start>
<allocation-stats totalBytes="1512544" >
  <allocated-bytes non-tlh="4792" tlh="1507752" />
  <largest-consumer threadName="main" threadId="0000000002213700" bytes="1512544" />
</allocation-stats>
<concurrent-halted id="602" timestamp="2019-06-16T21:30:56.690">
  <halted state="Complete" status="exhausted" />
  <traced bytesTarget="1867303" bytesTotal="2024808" bytesByMutator="526476" bytesByHelper="1498332" percent="108" />
  <cards cleaned="92" thresholdBytes="101679" />
</concurrent-halted>
<gc-op id="603" type="rs-scan" timems="0.426" contextid="583" timestamp="2019-06-16T21:30:56.691">
  <scan objectsFound="608" bytesTraced="182084" workStackOverflowCount="0" />
</gc-op>
<gc-op id="604" type="card-cleaning" timems="0.153" contextid="583" timestamp="2019-06-16T21:30:56.691">
  <card-cleaning cardsCleaned="10" bytesTraced="8312" workStackOverflowCount="0" />
</gc-op>
<gc-op id="605" type="mark" timems="2.407" contextid="583" timestamp="2019-06-16T21:30:56.693">
  <trace-info objectcount="1055" scancount="1036" scanbytes="38308" />
  <finalization candidates="79" enqueued="0" />
  <ownableSynchronizers candidates="23" cleared="0" />
  <references type="soft" candidates="1094" cleared="0" enqueued="0" dynamicThreshold="32" maxThreshold="32" />
  <references type="weak" candidates="3829" cleared="84" enqueued="43" />
  <references type="phantom" candidates="72" cleared="1" enqueued="1" />
  <stringconstants candidates="7835" cleared="0"  />
</gc-op>
<gc-op id="606" type="classunload" timems="0.121" contextid="583" timestamp="2019-06-16T21:30:56.694">
  <classunload-info classloadercandidates="12" classloadersunloaded="0" classesunloaded="0" anonymousclassesunloaded="0" quiescems="0.000" setupms="0.120" scanms="0.001" postms="0.000" />
</gc-op>
<gc-op id="607" type="sweep" timems="0.641" contextid="583" timestamp="2019-06-16T21:30:56.695" />
<mem-info id="608" free="3228416" total="8781824" percent="36">
  <mem type="nursery" free="1447376" total="2490368" percent="58">
    <mem type="allocate" free="1447376" total="1703936" percent="84" />
    <mem type="survivor" free="0" total="786432" percent="0" />
  </mem>
  <mem type="tenure" free="1781040" total="6291456" percent="28" micro-fragmented="64100" macro-fragmented="0">
    <mem type="soa" free="1466672" total="5977088" percent="24" />
    <mem type="loa" free="314368" total="314368" percent="100" />
  </mem>
  <pending-finalizers system="0" default="0" reference="44" classloader="0" />
  <remembered-set count="664" />
</mem-info>
<gc-op id="609" type="compact" timems="15.424" contextid="583" timestamp="2019-06-16T21:30:56.710">
  <compact-info movecount="69081" movebytes="4447648" reason="compact to aid heap contraction" />
</gc-op>
<heap-resize id="610" type="contract" space="tenure" amount="262144" count="1" timems="0.199" reason="heap reconfiguration" timestamp="2019-06-16T21:30:56.711" />
<gc-end id="611" type="global" contextid="583" durationms="21.226" usertimems="24.000" systemtimems="0.000" timestamp="2019-06-16T21:30:56.711" activeThreads="4">
  <mem-info id="612" free="3049376" total="8519680" percent="35">
    <mem type="nursery" free="1492184" total="2490368" percent="59">
      <mem type="allocate" free="1492184" total="1703936" percent="87" />
      <mem type="survivor" free="0" total="786432" percent="0" />
    </mem>
    <mem type="tenure" free="1557192" total="6029312" percent="25">
      <mem type="soa" free="1308360" total="5728256" percent="22" />
      <mem type="loa" free="248832" total="301056" percent="82" />
    </mem>
    <pending-finalizers system="0" default="0" reference="44" classloader="0" />
    <remembered-set count="664" />
  </mem-info>
</gc-end>
<cycle-end id="613" type="global" contextid="583" timestamp="2019-06-16T21:30:56.711" />
  <attribute name="elasticGC enabled" value="1" />
  <attribute name= "numThreadsSpecified" value="4" />
  <attribute name="heapSize specified" value="8781824" />
  <attribute name="Current GC Util" value="31" />
  <attribute name= "Current Time Running" value="42676" />
  <attribute name ="GC Interval" value="200" />
  <attribute name="ProportionalT" value="5.500000" />
  <attribute name="ProportionalI" value="5.500000" />
  <attribute name="ProportionalH" value="5.500000" />
  <attribute name="Current Error" value="11.000000" />
  <attribute name="IntegralT" value="82.500000" />
  <attribute name="IntegralI" value="82.500000" />
  <attribute name="IntegralH" value="82.500000" />
  <attribute name="DerivativeT" value="0.733333" />
  <attribute name="DerivativeI" value="0.733333" />
  <attribute name="DerivativeH" value="0.733333" />
  <attribute name="Loop Time for DT" value="15.000000" />
  <attribute name="Output H" value="8388608"/>
  <attribute name="Output I" value="200"/>
  <attribute name="Output T" value="4"/>
  <attribute name="Target GC Util Change" value ="20.000000" />
  <attribute name="Current GC Util Change" value="31.000000"/>
  <attribute name="GC Util currently" value="31" />
  <attribute name="CPU Util currently" value="295778628081" />
<allocation-satisfied id="614" threadId="0000000002213700" bytesRequested="24" />
<af-end id="615" timestamp="2019-06-16T21:30:56.711" threadId="0000000002214088" success="true" from="nursery"/>
<exclusive-end id="616" timestamp="2019-06-16T21:30:56.711" durationms="22.065" />

<exclusive-start id="617" timestamp="2019-06-16T21:30:56.721" intervalms="32.101">
  <response-info timems="0.062" idlems="0.062" threads="0" lastid="0000000002213700" lastname="main" />
</exclusive-start>
<af-start id="618" threadId="0000000002214088" totalBytesRequested="32" timestamp="2019-06-16T21:30:56.721" intervalms="32.022" type="nursery" />
<cycle-start id="619" type="scavenge" contextid="0" timestamp="2019-06-16T21:30:56.722" intervalms="52.701" />
<gc-start id="620" type="scavenge" contextid="619" timestamp="2019-06-16T21:30:56.722">
  <mem-info id="621" free="1557192" total="8519680" percent="18">
    <mem type="nursery" free="0" total="2490368" percent="0">
      <mem type="allocate" free="0" total="1703936" percent="0" />
      <mem type="survivor" free="0" total="786432" percent="0" />
    </mem>
    <mem type="tenure" free="1557192" total="6029312" percent="25">
      <mem type="soa" free="1308360" total="5728256" percent="22" />
      <mem type="loa" free="248832" total="301056" percent="82" />
    </mem>
    <remembered-set count="933" />
  </mem-info>
</gc-start>
<allocation-stats totalBytes="1491960" >
  <allocated-bytes non-tlh="24" tlh="1491936" />
  <largest-consumer threadName="main" threadId="0000000002213700" bytes="1487864" />
</allocation-stats>
<gc-op id="622" type="scavenge" timems="0.779" contextid="619" timestamp="2019-06-16T21:30:56.722">
  <scavenger-info tenureage="3" tenuremask="7008" tiltratio="68" />
  <memory-copied type="nursery" objects="7641" bytes="292064" bytesdiscarded="60424" />
  <memory-copied type="tenure" objects="384" bytes="12776" bytesdiscarded="0" />
  <ownableSynchronizers candidates="46" cleared="46" />
  <references type="weak" candidates="42" cleared="0" enqueued="0" />
</gc-op>
<gc-end id="623" type="scavenge" contextid="619" durationms="1.262" usertimems="4.000" systemtimems="0.000" timestamp="2019-06-16T21:30:56.723" activeThreads="4">
  <mem-info id="624" free="2934984" total="8519680" percent="34">
    <mem type="nursery" free="1416960" total="2490368" percent="56">
      <mem type="allocate" free="1416960" total="1769472" percent="80" />
      <mem type="survivor" free="0" total="720896" percent="0" />
    </mem>
    <mem type="tenure" free="1518024" total="6029312" percent="25" macro-fragmented="0">
      <mem type="soa" free="1269192" total="5728256" percent="22" />
      <mem type="loa" free="248832" total="301056" percent="82" />
    </mem>
    <remembered-set count="901" />
  </mem-info>
</gc-end>
<cycle-end id="625" type="scavenge" contextid="619" timestamp="2019-06-16T21:30:56.723" />
  <attribute name="elasticGC enabled" value="1" />
  <attribute name= "numThreadsSpecified" value="4" />
  <attribute name="heapSize specified" value="8781824" />
  <attribute name="Current GC Util" value="329" />
  <attribute name= "Current Time Running" value="42688" />
  <attribute name ="GC Interval" value="2040" />
  <attribute name="ProportionalT" value="154.500000" />
  <attribute name="ProportionalI" value="154.500000" />
  <attribute name="ProportionalH" value="154.500000" />
  <attribute name="Current Error" value="309.000000" />
  <attribute name="IntegralT" value="1854.000000" />
  <attribute name="IntegralI" value="1854.000000" />
  <attribute name="IntegralH" value="1854.000000" />
  <attribute name="DerivativeT" value="24.833333" />
  <attribute name="DerivativeI" value="24.833333" />
  <attribute name="DerivativeH" value="24.833333" />
  <attribute name="Loop Time for DT" value="12.000000" />
  <attribute name="Output H" value="8388608"/>
  <attribute name="Output I" value="2040"/>
  <attribute name="Output T" value="4"/>
  <attribute name="Target GC Util Change" value ="20.000000" />
  <attribute name="Current GC Util Change" value="329.000000"/>
  <attribute name="GC Util currently" value="329" />
  <attribute name="CPU Util currently" value="410605528152" />
<allocation-satisfied id="626" threadId="0000000002213700" bytesRequested="32" />
<af-end id="627" timestamp="2019-06-16T21:30:56.723" threadId="0000000002214088" success="true" from="nursery"/>
<exclusive-end id="628" timestamp="2019-06-16T21:30:56.723" durationms="1.891" />

<exclusive-start id="629" timestamp="2019-06-16T21:30:56.733" intervalms="11.182">
  <response-info timems="0.056" idlems="0.056" threads="0" lastid="0000000002213700" lastname="main" />
</exclusive-start>
<af-start id="630" threadId="0000000002214088" totalBytesRequested="936" timestamp="2019-06-16T21:30:56.733" intervalms="11.168" type="nursery" />
<cycle-start id="631" type="scavenge" contextid="0" timestamp="2019-06-16T21:30:56.733" intervalms="11.195" />
<gc-start id="632" type="scavenge" contextid="631" timestamp="2019-06-16T21:30:56.733">
  <mem-info id="633" free="1518024" total="8519680" percent="17">
    <mem type="nursery" free="0" total="2490368" percent="0">
      <mem type="allocate" free="0" total="1769472" percent="0" />
      <mem type="survivor" free="0" total="720896" percent="0" />
    </mem>
    <mem type="tenure" free="1518024" total="6029312" percent="25">
      <mem type="soa" free="1269192" total="5728256" percent="22" />
      <mem type="loa" free="248832" total="301056" percent="82" />
    </mem>
    <remembered-set count="1106" />
  </mem-info>
</gc-start>
<allocation-stats totalBytes="1416088" >
  <allocated-bytes non-tlh="32" tlh="1416056" />
  <largest-consumer threadName="main" threadId="0000000002213700" bytes="1416088" />
</allocation-stats>
<gc-op id="634" type="scavenge" timems="0.812" contextid="631" timestamp="2019-06-16T21:30:56.734">
  <scavenger-info tenureage="3" tenuremask="7008" tiltratio="71" />
  <memory-copied type="nursery" objects="8390" bytes="332640" bytesdiscarded="95928" />
  <memory-copied type="tenure" objects="1363" bytes="46656" bytesdiscarded="16" />
  <references type="weak" candidates="38" cleared="0" enqueued="0" />
</gc-op>
<heap-resize id="635" type="expand" space="nursery" amount="131072" count="1" timems="0.016" reason="excessive time being spent scavenging" timestamp="2019-06-16T21:30:56.734" />
<gc-end id="636" type="scavenge" contextid="631" durationms="1.379" usertimems="4.000" systemtimems="0.000" timestamp="2019-06-16T21:30:56.734" activeThreads="4">
  <mem-info id="637" free="2950816" total="8650752" percent="34">
    <mem type="nursery" free="1471960" total="2621440" percent="56">
      <mem type="allocate" free="1471960" total="1900544" percent="77" />
      <mem type="survivor" free="0" total="720896" percent="0" />
    </mem>
    <mem type="tenure" free="1478856" total="6029312" percent="24" macro-fragmented="868149">
      <mem type="soa" free="1230024" total="5728256" percent="21" />
      <mem type="loa" free="248832" total="301056" percent="82" />
    </mem>
    <remembered-set count="993" />
  </mem-info>
</gc-end>
<cycle-end id="638" type="scavenge" contextid="631" timestamp="2019-06-16T21:30:56.734" />
  <attribute name="elasticGC enabled" value="1" />
  <attribute name= "numThreadsSpecified" value="4" />
  <attribute name="heapSize specified" value="8781824" />
  <attribute name="Current GC Util" value="12" />
  <attribute name= "Current Time Running" value="42699" />
  <attribute name ="GC Interval" value="200" />
  <attribute name="ProportionalT" value="-4.000000" />
  <attribute name="ProportionalI" value="-4.000000" />
  <attribute name="ProportionalH" value="-4.000000" />
  <attribute name="Current Error" value="-8.000000" />
  <attribute name="IntegralT" value="-44.000000" />
  <attribute name="IntegralI" value="-44.000000" />
  <attribute name="IntegralH" value="-44.000000" />
  <attribute name="DerivativeT" value="-28.818182" />
  <attribute name="DerivativeI" value="-28.818182" />
  <attribute name="DerivativeH" value="-28.818182" />
  <attribute name="Loop Time for DT" value="11.000000" />
  <attribute name="Output H" value="2092630016"/>
  <attribute name="Output I" value="200"/>
  <attribute name="Output T" value="4"/>
  <attribute name="Target GC Util Change" value ="20.000000" />
  <attribute name="Current GC Util Change" value="12.000000"/>
  <attribute name="GC Util currently" value="12" />
  <attribute name="CPU Util currently" value="410967667907" />
<allocation-satisfied id="639" threadId="0000000002213700" bytesRequested="936" />
<af-end id="640" timestamp="2019-06-16T21:30:56.735" threadId="0000000002214088" success="true" from="nursery"/>
<exclusive-end id="641" timestamp="2019-06-16T21:30:56.735" durationms="2.175" />

<exclusive-start id="642" timestamp="2019-06-16T21:30:56.747" intervalms="14.262">
  <response-info timems="0.062" idlems="0.062" threads="0" lastid="0000000002213700" lastname="main" />
</exclusive-start>
<af-start id="643" threadId="0000000002214088" totalBytesRequested="32" timestamp="2019-06-16T21:30:56.747" intervalms="14.303" type="nursery" />
<cycle-start id="644" type="scavenge" contextid="0" timestamp="2019-06-16T21:30:56.747" intervalms="14.305" />
<gc-start id="645" type="scavenge" contextid="644" timestamp="2019-06-16T21:30:56.747">
  <mem-info id="646" free="1476976" total="8650752" percent="17">
    <mem type="nursery" free="0" total="2621440" percent="0">
      <mem type="allocate" free="0" total="1900544" percent="0" />
      <mem type="survivor" free="0" total="720896" percent="0" />
    </mem>
    <mem type="tenure" free="1476976" total="6029312" percent="24">
      <mem type="soa" free="1228144" total="5728256" percent="21" />
      <mem type="loa" free="248832" total="301056" percent="82" />
    </mem>
    <remembered-set count="1228" />
  </mem-info>
</gc-start>
<allocation-stats totalBytes="1473616" >
  <allocated-bytes non-tlh="2816" tlh="1470800" />
  <largest-consumer threadName="main" threadId="0000000002213700" bytes="1473616" />
</allocation-stats>
<gc-op id="647" type="scavenge" timems="0.817" contextid="644" timestamp="2019-06-16T21:30:56.748">
  <scavenger-info tenureage="3" tenuremask="7008" tiltratio="72" />
  <memory-copied type="nursery" objects="8511" bytes="325912" bytesdiscarded="97432" />
  <memory-copied type="tenure" objects="1976" bytes="85960" bytesdiscarded="8" />
  <references type="weak" candidates="54" cleared="0" enqueued="0" />
</gc-op>
<gc-end id="648" type="scavenge" contextid="644" durationms="1.467" usertimems="4.000" systemtimems="0.000" timestamp="2019-06-16T21:30:56.749" activeThreads="4">
  <mem-info id="649" free="2976160" total="8650752" percent="34">
    <mem type="nursery" free="1608240" total="2621440" percent="61">
      <mem type="allocate" free="1608240" total="2031616" percent="79" />
      <mem type="survivor" free="0" total="589824" percent="0" />
    </mem>
    <mem type="tenure" free="1367920" total="6029312" percent="22" macro-fragmented="0">
      <mem type="soa" free="1119088" total="5728256" percent="19" />
      <mem type="loa" free="248832" total="301056" percent="82" />
    </mem>
    <remembered-set count="912" />
  </mem-info>
</gc-end>
<cycle-end id="650" type="scavenge" contextid="644" timestamp="2019-06-16T21:30:56.749" />
  <attribute name="elasticGC enabled" value="1" />
  <attribute name= "numThreadsSpecified" value="4" />
  <attribute name="heapSize specified" value="8781824" />
  <attribute name="Current GC Util" value="9" />
  <attribute name= "Current Time Running" value="42713" />
  <attribute name ="GC Interval" value="200" />
  <attribute name="ProportionalT" value="-5.500000" />
  <attribute name="ProportionalI" value="-5.500000" />
  <attribute name="ProportionalH" value="-5.500000" />
  <attribute name="Current Error" value="-11.000000" />
  <attribute name="IntegralT" value="-77.000000" />
  <attribute name="IntegralI" value="-77.000000" />
  <attribute name="IntegralH" value="-77.000000" />
  <attribute name="DerivativeT" value="-0.785714" />
  <attribute name="DerivativeI" value="-0.785714" />
  <attribute name="DerivativeH" value="-0.785714" />
  <attribute name="Loop Time for DT" value="14.000000" />
  <attribute name="Output H" value="2092630016"/>
  <attribute name="Output I" value="200"/>
  <attribute name="Output T" value="4"/>
  <attribute name="Target GC Util Change" value ="20.000000" />
  <attribute name="Current GC Util Change" value="9.000000"/>
  <attribute name="GC Util currently" value="9" />
  <attribute name="CPU Util currently" value="320554712441" />
<allocation-satisfied id="651" threadId="0000000002213700" bytesRequested="32" />
<af-end id="652" timestamp="2019-06-16T21:30:56.749" threadId="0000000002214088" success="true" from="nursery"/>
<exclusive-end id="653" timestamp="2019-06-16T21:30:56.749" durationms="2.229" />

<exclusive-start id="654" timestamp="2019-06-16T21:30:56.767" intervalms="20.084">
  <response-info timems="0.059" idlems="0.059" threads="0" lastid="0000000002213700" lastname="main" />
</exclusive-start>
<af-start id="655" threadId="0000000002214088" totalBytesRequested="48" timestamp="2019-06-16T21:30:56.767" intervalms="20.103" type="nursery" />
<cycle-start id="656" type="scavenge" contextid="0" timestamp="2019-06-16T21:30:56.767" intervalms="20.104" />
<gc-start id="657" type="scavenge" contextid="656" timestamp="2019-06-16T21:30:56.767">
  <mem-info id="658" free="1367632" total="8650752" percent="15">
    <mem type="nursery" free="0" total="2621440" percent="0">
      <mem type="allocate" free="0" total="2031616" percent="0" />
      <mem type="survivor" free="0" total="589824" percent="0" />
    </mem>
    <mem type="tenure" free="1367632" total="6029312" percent="22">
      <mem type="soa" free="1118800" total="5728256" percent="19" />
      <mem type="loa" free="248832" total="301056" percent="82" />
    </mem>
    <remembered-set count="1019" />
  </mem-info>
</gc-start>
<allocation-stats totalBytes="1607744" >
  <allocated-bytes non-tlh="320" tlh="1607424" />
  <largest-consumer threadName="main" threadId="0000000002213700" bytes="1607744" />
</allocation-stats>
<gc-op id="659" type="scavenge" timems="1.114" contextid="656" timestamp="2019-06-16T21:30:56.769">
  <scavenger-info tenureage="3" tenuremask="7008" tiltratio="77" />
  <memory-copied type="nursery" objects="10278" bytes="443352" bytesdiscarded="88096" />
  <memory-copied type="tenure" objects="3989" bytes="151888" bytesdiscarded="96" />
  <references type="weak" candidates="16" cleared="0" enqueued="0" />
</gc-op>
<gc-end id="660" type="scavenge" contextid="656" durationms="1.727" usertimems="4.000" systemtimems="0.000" timestamp="2019-06-16T21:30:56.769" activeThreads="4">
  <mem-info id="661" free="2575696" total="8650752" percent="29">
    <mem type="nursery" free="1434624" total="2621440" percent="54">
      <mem type="allocate" free="1434624" total="1966080" percent="72" />
      <mem type="survivor" free="0" total="655360" percent="0" />
    </mem>
    <mem type="tenure" free="1141072" total="6029312" percent="18" macro-fragmented="0">
      <mem type="soa" free="892240" total="5728256" percent="15" />
      <mem type="loa" free="248832" total="301056" percent="82" />
    </mem>
    <remembered-set count="705" />
  </mem-info>
</gc-end>
<cycle-end id="662" type="scavenge" contextid="656" timestamp="2019-06-16T21:30:56.769" />
  <attribute name="elasticGC enabled" value="1" />
  <attribute name= "numThreadsSpecified" value="4" />
  <attribute name="heapSize specified" value="8781824" />
  <attribute name="Current GC Util" value="7" />
  <attribute name= "Current Time Running" value="42733" />
  <attribute name ="GC Interval" value="200" />
  <attribute name="ProportionalT" value="-6.500000" />
  <attribute name="ProportionalI" value="-6.500000" />
  <attribute name="ProportionalH" value="-6.500000" />
  <attribute name="Current Error" value="-13.000000" />
  <attribute name="IntegralT" value="-130.000000" />
  <attribute name="IntegralI" value="-130.000000" />
  <attribute name="IntegralH" value="-130.000000" />
  <attribute name="DerivativeT" value="-0.650000" />
  <attribute name="DerivativeI" value="-0.650000" />
  <attribute name="DerivativeH" value="-0.650000" />
  <attribute name="Loop Time for DT" value="20.000000" />
  <attribute name="Output H" value="2092630016"/>
  <attribute name="Output I" value="200"/>
  <attribute name="Output T" value="4"/>
  <attribute name="Target GC Util Change" value ="20.000000" />
  <attribute name="Current GC Util Change" value="7.000000"/>
  <attribute name="GC Util currently" value="7" />
  <attribute name="CPU Util currently" value="229245985617" />
<allocation-satisfied id="663" threadId="0000000002213700" bytesRequested="48" />
<af-end id="664" timestamp="2019-06-16T21:30:56.769" threadId="0000000002214088" success="true" from="nursery"/>
<exclusive-end id="665" timestamp="2019-06-16T21:30:56.769" durationms="2.334" />

<exclusive-start id="666" timestamp="2019-06-16T21:30:56.786" intervalms="19.473">
  <response-info timems="0.069" idlems="0.069" threads="0" lastid="0000000002213700" lastname="main" />
</exclusive-start>
<af-start id="667" threadId="0000000002214088" totalBytesRequested="16" timestamp="2019-06-16T21:30:56.787" intervalms="19.478" type="nursery" />
<cycle-start id="668" type="scavenge" contextid="0" timestamp="2019-06-16T21:30:56.787" intervalms="19.479" />
<gc-start id="669" type="scavenge" contextid="668" timestamp="2019-06-16T21:30:56.787">
  <mem-info id="670" free="1141072" total="8650752" percent="13">
    <mem type="nursery" free="0" total="2621440" percent="0">
      <mem type="allocate" free="0" total="1966080" percent="0" />
      <mem type="survivor" free="0" total="655360" percent="0" />
    </mem>
    <mem type="tenure" free="1141072" total="6029312" percent="18">
      <mem type="soa" free="892240" total="5728256" percent="15" />
      <mem type="loa" free="248832" total="301056" percent="82" />
    </mem>
    <remembered-set count="710" />
  </mem-info>
</gc-start>
<allocation-stats totalBytes="1434096" >
  <allocated-bytes non-tlh="48" tlh="1434048" />
  <largest-consumer threadName="main" threadId="0000000002213700" bytes="1434096" />
</allocation-stats>
<gc-op id="671" type="scavenge" timems="0.543" contextid="668" timestamp="2019-06-16T21:30:56.787">
  <scavenger-info tenureage="12" tenuremask="7000" tiltratio="75" />
  <memory-copied type="nursery" objects="12129" bytes="581280" bytesdiscarded="74072" />
  <references type="weak" candidates="16" cleared="0" enqueued="0" />
</gc-op>
<heap-resize id="672" type="expand" space="nursery" amount="131072" count="1" timems="0.016" reason="excessive time being spent scavenging" timestamp="2019-06-16T21:30:56.788" />
<gc-end id="673" type="scavenge" contextid="668" durationms="1.200" usertimems="0.000" systemtimems="0.000" timestamp="2019-06-16T21:30:56.788" activeThreads="4">
  <mem-info id="674" free="2386256" total="8781824" percent="27">
    <mem type="nursery" free="1245184" total="2752512" percent="45">
      <mem type="allocate" free="1245184" total="1900544" percent="65" />
      <mem type="survivor" free="0" total="851968" percent="0" />
    </mem>
    <mem type="tenure" free="1141072" total="6029312" percent="18" macro-fragmented="418667">
      <mem type="soa" free="892240" total="5728256" percent="15" />
      <mem type="loa" free="248832" total="301056" percent="82" />
    </mem>
    <remembered-set count="686" />
  </mem-info>
</gc-end>
<cycle-end id="675" type="scavenge" contextid="668" timestamp="2019-06-16T21:30:56.788" />
  <attribute name="elasticGC enabled" value="1" />
  <attribute name= "numThreadsSpecified" value="4" />
  <attribute name="heapSize specified" value="8781824" />
  <attribute name="Current GC Util" value="9" />
  <attribute name= "Current Time Running" value="42753" />
  <attribute name ="GC Interval" value="200" />
  <attribute name="ProportionalT" value="-5.500000" />
  <attribute name="ProportionalI" value="-5.500000" />
  <attribute name="ProportionalH" value="-5.500000" />
  <attribute name="Current Error" value="-11.000000" />
  <attribute name="IntegralT" value="-110.000000" />
  <attribute name="IntegralI" value="-110.000000" />
  <attribute name="IntegralH" value="-110.000000" />
  <attribute name="DerivativeT" value="-0.550000" />
  <attribute name="DerivativeI" value="-0.550000" />
  <attribute name="DerivativeH" value="-0.550000" />
  <attribute name="Loop Time for DT" value="20.000000" />
  <attribute name="Output H" value="2092630016"/>
  <attribute name="Output I" value="200"/>
  <attribute name="Output T" value="4"/>
  <attribute name="Target GC Util Change" value ="20.000000" />
  <attribute name="Current GC Util Change" value="9.000000"/>
  <attribute name="GC Util currently" value="9" />
  <attribute name="CPU Util currently" value="236776540023" />
<allocation-satisfied id="676" threadId="0000000002213700" bytesRequested="16" />
<af-end id="677" timestamp="2019-06-16T21:30:56.788" threadId="0000000002214088" success="true" from="nursery"/>
<exclusive-end id="678" timestamp="2019-06-16T21:30:56.788" durationms="1.874" />

<exclusive-start id="679" timestamp="2019-06-16T21:30:56.850" intervalms="63.756">
  <response-info timems="0.030" idlems="0.030" threads="0" lastid="0000000002213700" lastname="main" />
</exclusive-start>
<af-start id="680" threadId="0000000002214088" totalBytesRequested="200008" timestamp="2019-06-16T21:30:56.850" intervalms="63.700" type="nursery" />
<cycle-start id="681" type="scavenge" contextid="0" timestamp="2019-06-16T21:30:56.850" intervalms="63.700" />
<gc-start id="682" type="scavenge" contextid="681" timestamp="2019-06-16T21:30:56.850">
  <mem-info id="683" free="1151296" total="8781824" percent="13">
    <mem type="nursery" free="67728" total="2752512" percent="2">
      <mem type="allocate" free="67728" total="1900544" percent="3" />
      <mem type="survivor" free="0" total="851968" percent="0" />
    </mem>
    <mem type="tenure" free="1083568" total="6029312" percent="17">
      <mem type="soa" free="834736" total="5728256" percent="14" />
      <mem type="loa" free="248832" total="301056" percent="82" />
    </mem>
    <remembered-set count="1305" />
  </mem-info>
</gc-start>
<allocation-stats totalBytes="1233200" >
  <allocated-bytes non-tlh="247824" tlh="985376" />
  <largest-consumer threadName="main" threadId="0000000002213700" bytes="1233200" />
</allocation-stats>
<gc-op id="684" type="scavenge" timems="0.907" contextid="681" timestamp="2019-06-16T21:30:56.851">
  <scavenger-info tenureage="3" tenuremask="7818" tiltratio="69" />
  <memory-copied type="nursery" objects="5549" bytes="278464" bytesdiscarded="73552" />
  <memory-copied type="tenure" objects="4022" bytes="162392" bytesdiscarded="40" />
  <references type="soft" candidates="224" cleared="0" enqueued="0" dynamicThreshold="8" maxThreshold="32" />
  <references type="weak" candidates="394" cleared="18" enqueued="12" />
  <references type="phantom" candidates="1" cleared="0" enqueued="0" />
</gc-op>
<gc-end id="685" type="scavenge" contextid="681" durationms="1.394" usertimems="0.000" systemtimems="0.000" timestamp="2019-06-16T21:30:56.852" activeThreads="4">
  <mem-info id="686" free="2645456" total="8781824" percent="30">
    <mem type="nursery" free="1679392" total="2752512" percent="61">
      <mem type="allocate" free="1679392" total="2031616" percent="82" />
      <mem type="survivor" free="0" total="720896" percent="0" />
    </mem>
    <mem type="tenure" free="966064" total="6029312" percent="16" macro-fragmented="0">
      <mem type="soa" free="717232" total="5728256" percent="12" />
      <mem type="loa" free="248832" total="301056" percent="82" />
    </mem>
    <pending-finalizers system="0" default="0" reference="12" classloader="0" />
    <remembered-set count="928" />
  </mem-info>
</gc-end>
<cycle-end id="687" type="scavenge" contextid="681" timestamp="2019-06-16T21:30:56.852" />
  <attribute name="elasticGC enabled" value="1" />
  <attribute name= "numThreadsSpecified" value="4" />
  <attribute name="heapSize specified" value="8781824" />
  <attribute name="Current GC Util" value="2" />
  <attribute name= "Current Time Running" value="42816" />
  <attribute name ="GC Interval" value="200" />
  <attribute name="ProportionalT" value="-9.000000" />
  <attribute name="ProportionalI" value="-9.000000" />
  <attribute name="ProportionalH" value="-9.000000" />
  <attribute name="Current Error" value="-18.000000" />
  <attribute name="IntegralT" value="-567.000000" />
  <attribute name="IntegralI" value="-567.000000" />
  <attribute name="IntegralH" value="-567.000000" />
  <attribute name="DerivativeT" value="-0.285714" />
  <attribute name="DerivativeI" value="-0.285714" />
  <attribute name="DerivativeH" value="-0.285714" />
  <attribute name="Loop Time for DT" value="63.000000" />
  <attribute name="Output H" value="2092630016"/>
  <attribute name="Output I" value="200"/>
  <attribute name="Output T" value="4"/>
  <attribute name="Target GC Util Change" value ="20.000000" />
  <attribute name="Current GC Util Change" value="2.000000"/>
  <attribute name="GC Util currently" value="2" />
  <attribute name="CPU Util currently" value="72489770077" />
<allocation-satisfied id="688" threadId="0000000002213700" bytesRequested="200008" />
<af-end id="689" timestamp="2019-06-16T21:30:56.852" threadId="0000000002214088" success="true" from="nursery"/>
<exclusive-end id="690" timestamp="2019-06-16T21:30:56.852" durationms="1.978" />

<exclusive-start id="691" timestamp="2019-06-16T21:30:56.870" intervalms="19.462">
  <response-info timems="0.072" idlems="0.072" threads="0" lastid="0000000002213700" lastname="main" />
</exclusive-start>
<af-start id="692" threadId="0000000002214088" totalBytesRequested="32" timestamp="2019-06-16T21:30:56.870" intervalms="19.515" type="nursery" />
<cycle-start id="693" type="scavenge" contextid="0" timestamp="2019-06-16T21:30:56.870" intervalms="19.517" />
<gc-start id="694" type="scavenge" contextid="693" timestamp="2019-06-16T21:30:56.870">
  <mem-info id="695" free="966032" total="8781824" percent="11">
    <mem type="nursery" free="0" total="2752512" percent="0">
      <mem type="allocate" free="0" total="2031616" percent="0" />
      <mem type="survivor" free="0" total="720896" percent="0" />
    </mem>
    <mem type="tenure" free="966032" total="6029312" percent="16">
      <mem type="soa" free="717200" total="5728256" percent="12" />
      <mem type="loa" free="248832" total="301056" percent="82" />
    </mem>
    <remembered-set count="931" />
  </mem-info>
</gc-start>
<allocation-stats totalBytes="1679216" >
  <allocated-bytes non-tlh="265584" tlh="1413632" />
  <largest-consumer threadName="main" threadId="0000000002213700" bytes="1675120" />
</allocation-stats>
<gc-op id="696" type="scavenge" timems="0.619" contextid="693" timestamp="2019-06-16T21:30:56.871">
  <scavenger-info tenureage="11" tenuremask="7800" tiltratio="73" />
  <memory-copied type="nursery" objects="8870" bytes="717368" bytesdiscarded="3392" />
  <memory-copied type="tenure" objects="1465" bytes="58720" bytesdiscarded="8" />
  <copy-failed type="nursery" objects="1465" bytes="58720" />
  <references type="soft" candidates="224" cleared="0" enqueued="0" dynamicThreshold="8" maxThreshold="32" />
  <references type="weak" candidates="376" cleared="0" enqueued="0" />
  <references type="phantom" candidates="1" cleared="0" enqueued="0" />
</gc-op>
<gc-end id="697" type="scavenge" contextid="693" durationms="1.263" usertimems="0.000" systemtimems="0.000" timestamp="2019-06-16T21:30:56.871" activeThreads="4">
  <mem-info id="698" free="1520784" total="8781824" percent="17">
    <mem type="nursery" free="655360" total="2752512" percent="23">
      <mem type="allocate" free="655360" total="1376256" percent="47" />
      <mem type="survivor" free="0" total="1376256" percent="0" />
    </mem>
    <mem type="tenure" free="865424" total="6029312" percent="14" macro-fragmented="0">
      <mem type="soa" free="616592" total="5728256" percent="10" />
      <mem type="loa" free="248832" total="301056" percent="82" />
    </mem>
    <remembered-set count="1722" />
  </mem-info>
</gc-end>
<cycle-end id="699" type="scavenge" contextid="693" timestamp="2019-06-16T21:30:56.871" />
  <attribute name="elasticGC enabled" value="1" />
  <attribute name= "numThreadsSpecified" value="4" />
  <attribute name="heapSize specified" value="8781824" />
  <attribute name="Current GC Util" value="8" />
  <attribute name= "Current Time Running" value="42836" />
  <attribute name ="GC Interval" value="200" />
  <attribute name="ProportionalT" value="-6.000000" />
  <attribute name="ProportionalI" value="-6.000000" />
  <attribute name="ProportionalH" value="-6.000000" />
  <attribute name="Current Error" value="-12.000000" />
  <attribute name="IntegralT" value="-120.000000" />
  <attribute name="IntegralI" value="-120.000000" />
  <attribute name="IntegralH" value="-120.000000" />
  <attribute name="DerivativeT" value="-0.600000" />
  <attribute name="DerivativeI" value="-0.600000" />
  <attribute name="DerivativeH" value="-0.600000" />
  <attribute name="Loop Time for DT" value="20.000000" />
  <attribute name="Output H" value="2092630016"/>
  <attribute name="Output I" value="200"/>
  <attribute name="Output T" value="4"/>
  <attribute name="Target GC Util Change" value ="20.000000" />
  <attribute name="Current GC Util Change" value="8.000000"/>
  <attribute name="GC Util currently" value="8" />
  <attribute name="CPU Util currently" value="234836484971" />
<allocation-satisfied id="700" threadId="0000000002213700" bytesRequested="32" />
<af-end id="701" timestamp="2019-06-16T21:30:56.872" threadId="0000000002214088" success="true" from="nursery"/>
<exclusive-end id="702" timestamp="2019-06-16T21:30:56.872" durationms="2.041" />

<exclusive-start id="703" timestamp="2019-06-16T21:30:56.874" intervalms="4.464">
  <response-info timems="0.052" idlems="0.052" threads="0" lastid="0000000002213700" lastname="main" />
</exclusive-start>
<af-start id="704" threadId="0000000002214088" totalBytesRequested="40" timestamp="2019-06-16T21:30:56.874" intervalms="4.422" type="nursery" />
<cycle-start id="705" type="scavenge" contextid="0" timestamp="2019-06-16T21:30:56.874" intervalms="4.406" />
<gc-start id="706" type="scavenge" contextid="705" timestamp="2019-06-16T21:30:56.874">
  <mem-info id="707" free="865424" total="8781824" percent="9">
    <mem type="nursery" free="0" total="2752512" percent="0">
      <mem type="allocate" free="0" total="1376256" percent="0" />
      <mem type="survivor" free="0" total="1376256" percent="0" />
    </mem>
    <mem type="tenure" free="865424" total="6029312" percent="14">
      <mem type="soa" free="616592" total="5728256" percent="10" />
      <mem type="loa" free="248832" total="301056" percent="82" />
    </mem>
    <remembered-set count="1722" />
  </mem-info>
</gc-start>
<allocation-stats totalBytes="655264" >
  <allocated-bytes non-tlh="32" tlh="655232" />
  <largest-consumer threadName="main" threadId="0000000002213700" bytes="655264" />
</allocation-stats>
<gc-op id="708" type="scavenge" timems="0.589" contextid="705" timestamp="2019-06-16T21:30:56.875">
  <scavenger-info tenureage="10" tenuremask="7c00" tiltratio="50" />
  <memory-copied type="nursery" objects="10132" bytes="764640" bytesdiscarded="146624" />
  <references type="soft" candidates="224" cleared="0" enqueued="0" dynamicThreshold="8" maxThreshold="32" />
  <references type="weak" candidates="376" cleared="0" enqueued="0" />
  <references type="phantom" candidates="1" cleared="0" enqueued="0" />
</gc-op>
<gc-end id="709" type="scavenge" contextid="705" durationms="1.009" usertimems="4.000" systemtimems="0.000" timestamp="2019-06-16T21:30:56.875" activeThreads="4">
  <mem-info id="710" free="1395816" total="8781824" percent="15">
    <mem type="nursery" free="530392" total="2752512" percent="19">
      <mem type="allocate" free="530392" total="1441792" percent="36" />
      <mem type="survivor" free="0" total="1310720" percent="0" />
    </mem>
    <mem type="tenure" free="865424" total="6029312" percent="14" macro-fragmented="418667">
      <mem type="soa" free="616592" total="5728256" percent="10" />
      <mem type="loa" free="248832" total="301056" percent="82" />
    </mem>
    <remembered-set count="1220" />
  </mem-info>
</gc-end>
<cycle-end id="711" type="scavenge" contextid="705" timestamp="2019-06-16T21:30:56.875" />
  <attribute name="elasticGC enabled" value="1" />
  <attribute name= "numThreadsSpecified" value="4" />
  <attribute name="heapSize specified" value="8781824" />
  <attribute name="Current GC Util" value="40" />
  <attribute name= "Current Time Running" value="42840" />
  <attribute name ="GC Interval" value="200" />
  <attribute name="ProportionalT" value="10.000000" />
  <attribute name="ProportionalI" value="10.000000" />
  <attribute name="ProportionalH" value="10.000000" />
  <attribute name="Current Error" value="20.000000" />
  <attribute name="IntegralT" value="40.000000" />
  <attribute name="IntegralI" value="40.000000" />
  <attribute name="IntegralH" value="40.000000" />
  <attribute name="DerivativeT" value="5.000000" />
  <attribute name="DerivativeI" value="5.000000" />
  <attribute name="DerivativeH" value="5.000000" />
  <attribute name="Loop Time for DT" value="4.000000" />
  <attribute name="Output H" value="8388608"/>
  <attribute name="Output I" value="200"/>
  <attribute name="Output T" value="4"/>
  <attribute name="Target GC Util Change" value ="20.000000" />
  <attribute name="Current GC Util Change" value="40.000000"/>
  <attribute name="GC Util currently" value="40" />
  <attribute name="CPU Util currently" value="1081494471552" />
<allocation-satisfied id="712" threadId="0000000002213700" bytesRequested="40" />
<af-end id="713" timestamp="2019-06-16T21:30:56.876" threadId="0000000002214088" success="true" from="nursery"/>
<exclusive-end id="714" timestamp="2019-06-16T21:30:56.876" durationms="1.632" />

<exclusive-start id="715" timestamp="2019-06-16T21:30:56.878" intervalms="3.812">
  <response-info timems="0.060" idlems="0.060" threads="0" lastid="0000000002213700" lastname="main" />
</exclusive-start>
<af-start id="716" threadId="0000000002214088" totalBytesRequested="40" timestamp="2019-06-16T21:30:56.878" intervalms="3.776" type="nursery" />
<cycle-start id="717" type="scavenge" contextid="0" timestamp="2019-06-16T21:30:56.878" intervalms="3.786" />
<gc-start id="718" type="scavenge" contextid="717" timestamp="2019-06-16T21:30:56.878">
  <mem-info id="719" free="865424" total="8781824" percent="9">
    <mem type="nursery" free="0" total="2752512" percent="0">
      <mem type="allocate" free="0" total="1441792" percent="0" />
      <mem type="survivor" free="0" total="1310720" percent="0" />
    </mem>
    <mem type="tenure" free="865424" total="6029312" percent="14">
      <mem type="soa" free="616592" total="5728256" percent="10" />
      <mem type="loa" free="248832" total="301056" percent="82" />
    </mem>
    <remembered-set count="1220" />
  </mem-info>
</gc-start>
<allocation-stats totalBytes="530296" >
  <allocated-bytes non-tlh="40" tlh="530256" />
  <largest-consumer threadName="main" threadId="0000000002213700" bytes="530296" />
</allocation-stats>
<gc-op id="720" type="scavenge" timems="0.607" contextid="717" timestamp="2019-06-16T21:30:56.879">
  <scavenger-info tenureage="2" tenuremask="7e2c" tiltratio="52" />
  <memory-copied type="nursery" objects="3802" bytes="153312" bytesdiscarded="226848" />
  <memory-copied type="tenure" objects="7417" bytes="651856" bytesdiscarded="368" />
  <copy-failed type="tenure" objects="1300" bytes="60016" />
</gc-op>
<gc-end id="721" type="scavenge" contextid="717" durationms="1.010" usertimems="0.000" systemtimems="0.000" timestamp="2019-06-16T21:30:56.879" activeThreads="4">
  <mem-info id="722" free="1376000" total="8781824" percent="15">
    <mem type="nursery" free="1127168" total="2752512" percent="40">
      <mem type="allocate" free="1127168" total="1507328" percent="74" />
      <mem type="survivor" free="0" total="1245184" percent="0" />
    </mem>
    <mem type="tenure" free="248832" total="6029312" percent="4" macro-fragmented="201903">
      <mem type="soa" free="0" total="5728256" percent="0" />
      <mem type="loa" free="248832" total="301056" percent="82" />
    </mem>
    <remembered-set count="402" />
  </mem-info>
</gc-end>
<cycle-end id="723" type="scavenge" contextid="717" timestamp="2019-06-16T21:30:56.879" />
  <attribute name="elasticGC enabled" value="1" />
  <attribute name= "numThreadsSpecified" value="4" />
  <attribute name="heapSize specified" value="8781824" />
  <attribute name="Current GC Util" value="39" />
  <attribute name= "Current Time Running" value="42844" />
  <attribute name ="GC Interval" value="200" />
  <attribute name="ProportionalT" value="9.500000" />
  <attribute name="ProportionalI" value="9.500000" />
  <attribute name="ProportionalH" value="9.500000" />
  <attribute name="Current Error" value="19.000000" />
  <attribute name="IntegralT" value="38.000000" />
  <attribute name="IntegralI" value="38.000000" />
  <attribute name="IntegralH" value="38.000000" />
  <attribute name="DerivativeT" value="-0.250000" />
  <attribute name="DerivativeI" value="-0.250000" />
  <attribute name="DerivativeH" value="-0.250000" />
  <attribute name="Loop Time for DT" value="4.000000" />
  <attribute name="Output H" value="8388608"/>
  <attribute name="Output I" value="200"/>
  <attribute name="Output T" value="4"/>
  <attribute name="Target GC Util Change" value ="20.000000" />
  <attribute name="Current GC Util Change" value="39.000000"/>
  <attribute name="GC Util currently" value="39" />
  <attribute name="CPU Util currently" value="1217842880685" />
<allocation-satisfied id="724" threadId="0000000002213700" bytesRequested="40" />
<af-end id="725" timestamp="2019-06-16T21:30:56.879" threadId="0000000002214088" success="true" from="nursery"/>
<exclusive-end id="726" timestamp="2019-06-16T21:30:56.879" durationms="1.518" />

<concurrent-kickoff id="727" timestamp="2019-06-16T21:30:56.883">
  <kickoff reason="next scavenge will percolate" targetBytes="1812547" thresholdFreeBytes="250950"  remainingFree="230144" tenureFreeBytes="248832" nurseryFreeBytes="230144" />
</concurrent-kickoff>
<exclusive-start id="728" timestamp="2019-06-16T21:30:56.883" intervalms="5.021">
  <response-info timems="0.060" idlems="0.060" threads="0" lastid="0000000002213700" lastname="main" />
</exclusive-start>
<cycle-start id="729" type="global" contextid="0" timestamp="2019-06-16T21:30:56.883" intervalms="216.608" />
<exclusive-end id="730" timestamp="2019-06-16T21:30:56.883" durationms="0.126" />

<exclusive-start id="731" timestamp="2019-06-16T21:30:56.884" intervalms="1.352">
  <response-info timems="0.020" idlems="0.020" threads="0" lastid="0000000002213700" lastname="main" />
</exclusive-start>
<af-start id="732" threadId="0000000002214088" totalBytesRequested="16" timestamp="2019-06-16T21:30:56.884" intervalms="6.376" type="nursery" />
<percolate-collect id="733" from="nursery" to="global" reason="failed tenure threshold reached" timestamp="2019-06-16T21:30:56.884"/>
<concurrent-aborted id="734" timestamp="2019-06-16T21:30:56.884">
  <reason value="insufficient progress made" />
</concurrent-aborted>
<cycle-end id="735" type="global" contextid="729" timestamp="2019-06-16T21:30:56.885" />
  <attribute name="elasticGC enabled" value="1" />
  <attribute name= "numThreadsSpecified" value="4" />
  <attribute name="heapSize specified" value="8781824" />
  <attribute name="Current GC Util" value="39" />
  <attribute name= "Current Time Running" value="42844" />
  <attribute name ="GC Interval" value="200" />
  <attribute name="ProportionalT" value="9.500000" />
  <attribute name="ProportionalI" value="9.500000" />
  <attribute name="ProportionalH" value="9.500000" />
  <attribute name="Current Error" value="19.000000" />
  <attribute name="IntegralT" value="38.000000" />
  <attribute name="IntegralI" value="38.000000" />
  <attribute name="IntegralH" value="38.000000" />
  <attribute name="DerivativeT" value="-0.250000" />
  <attribute name="DerivativeI" value="-0.250000" />
  <attribute name="DerivativeH" value="-0.250000" />
  <attribute name="Loop Time for DT" value="4.000000" />
  <attribute name="Output H" value="8388608"/>
  <attribute name="Output I" value="200"/>
  <attribute name="Output T" value="4"/>
  <attribute name="Target GC Util Change" value ="20.000000" />
  <attribute name="Current GC Util Change" value="39.000000"/>
  <attribute name="GC Util currently" value="39" />
  <attribute name="CPU Util currently" value="1217842880685" />
<cycle-start id="736" type="global" contextid="0" timestamp="2019-06-16T21:30:56.885" intervalms="1.743" />
<gc-start id="737" type="global" contextid="736" timestamp="2019-06-16T21:30:56.885">
  <mem-info id="738" free="248832" total="8781824" percent="2">
    <mem type="nursery" free="0" total="2752512" percent="0">
      <mem type="allocate" free="0" total="1507328" percent="0" />
      <mem type="survivor" free="0" total="1245184" percent="0" />
    </mem>
    <mem type="tenure" free="248832" total="6029312" percent="4">
      <mem type="soa" free="0" total="5728256" percent="0" />
      <mem type="loa" free="248832" total="301056" percent="82" />
    </mem>
    <remembered-set count="405" />
  </mem-info>
</gc-start>
<allocation-stats totalBytes="1127040" >
  <allocated-bytes non-tlh="40" tlh="1127000" />
  <largest-consumer threadName="main" threadId="0000000002213700" bytes="1127040" />
</allocation-stats>
<gc-op id="739" type="mark" timems="2.006" contextid="736" timestamp="2019-06-16T21:30:56.887">
  <trace-info objectcount="78037" scancount="65386" scanbytes="2305908" />
  <finalization candidates="79" enqueued="0" />
  <ownableSynchronizers candidates="23" cleared="0" />
  <references type="soft" candidates="1318" cleared="0" enqueued="0" dynamicThreshold="8" maxThreshold="32" />
  <references type="weak" candidates="4123" cleared="2" enqueued="1" />
  <references type="phantom" candidates="71" cleared="0" enqueued="0" />
  <stringconstants candidates="8285" cleared="0"  />
</gc-op>
<gc-op id="740" type="sweep" timems="0.217" contextid="736" timestamp="2019-06-16T21:30:56.887" />
<mem-info id="741" free="2703880" total="8781824" percent="30">
  <mem type="nursery" free="1231448" total="2752512" percent="44">
    <mem type="allocate" free="1231448" total="1507328" percent="81" />
    <mem type="survivor" free="0" total="1245184" percent="0" />
  </mem>
  <mem type="tenure" free="1472432" total="6029312" percent="24" micro-fragmented="5634" macro-fragmented="0">
    <mem type="soa" free="1171376" total="5728256" percent="20" />
    <mem type="loa" free="301056" total="301056" percent="100" />
  </mem>
  <pending-finalizers system="0" default="0" reference="1" classloader="0" />
  <remembered-set count="287" />
</mem-info>
<gc-op id="742" type="compact" timems="16.527" contextid="736" timestamp="2019-06-16T21:30:56.904">
  <compact-info movecount="72245" movebytes="4512512" reason="compact to aid heap contraction" />
</gc-op>
<heap-resize id="743" type="contract" space="tenure" amount="262144" count="1" timems="0.066" reason="heap reconfiguration" timestamp="2019-06-16T21:30:56.904" />
<gc-end id="744" type="global" contextid="736" durationms="19.704" usertimems="28.000" systemtimems="0.000" timestamp="2019-06-16T21:30:56.904" activeThreads="4">
  <mem-info id="745" free="2477520" total="8519680" percent="29">
    <mem type="nursery" free="1283536" total="2752512" percent="46">
      <mem type="allocate" free="1283536" total="1507328" percent="85" />
      <mem type="survivor" free="0" total="1245184" percent="0" />
    </mem>
    <mem type="tenure" free="1193984" total="5767168" percent="20">
      <mem type="soa" free="945152" total="5479424" percent="17" />
      <mem type="loa" free="248832" total="287744" percent="86" />
    </mem>
    <pending-finalizers system="0" default="0" reference="1" classloader="0" />
    <remembered-set count="287" />
  </mem-info>
</gc-end>
<cycle-end id="746" type="global" contextid="736" timestamp="2019-06-16T21:30:56.905" />
  <attribute name="elasticGC enabled" value="1" />
  <attribute name= "numThreadsSpecified" value="4" />
  <attribute name="heapSize specified" value="8781824" />
  <attribute name="Current GC Util" value="26" />
  <attribute name= "Current Time Running" value="42870" />
  <attribute name ="GC Interval" value="200" />
  <attribute name="ProportionalT" value="3.000000" />
  <attribute name="ProportionalI" value="3.000000" />
  <attribute name="ProportionalH" value="3.000000" />
  <attribute name="Current Error" value="6.000000" />
  <attribute name="IntegralT" value="51.000000" />
  <attribute name="IntegralI" value="51.000000" />
  <attribute name="IntegralH" value="51.000000" />
  <attribute name="DerivativeT" value="0.176471" />
  <attribute name="DerivativeI" value="0.176471" />
  <attribute name="DerivativeH" value="0.176471" />
  <attribute name="Loop Time for DT" value="17.000000" />
  <attribute name="Output H" value="8388608"/>
  <attribute name="Output I" value="200"/>
  <attribute name="Output T" value="4"/>
  <attribute name="Target GC Util Change" value ="20.000000" />
  <attribute name="Current GC Util Change" value="26.000000"/>
  <attribute name="GC Util currently" value="26" />
  <attribute name="CPU Util currently" value="276916917883" />
<allocation-satisfied id="747" threadId="0000000002213700" bytesRequested="16" />
<af-end id="748" timestamp="2019-06-16T21:30:56.905" threadId="0000000002214088" success="true" from="nursery"/>
<exclusive-end id="749" timestamp="2019-06-16T21:30:56.905" durationms="20.605" />

<exclusive-start id="750" timestamp="2019-06-16T21:30:56.916" intervalms="31.925">
  <response-info timems="0.033" idlems="0.033" threads="0" lastid="0000000002213700" lastname="main" />
</exclusive-start>
<af-start id="751" threadId="0000000002214088" totalBytesRequested="24" timestamp="2019-06-16T21:30:56.916" intervalms="31.982" type="nursery" />
<cycle-start id="752" type="scavenge" contextid="0" timestamp="2019-06-16T21:30:56.916" intervalms="38.363" />
<gc-start id="753" type="scavenge" contextid="752" timestamp="2019-06-16T21:30:56.917">
  <mem-info id="754" free="1191640" total="8519680" percent="13">
    <mem type="nursery" free="0" total="2752512" percent="0">
      <mem type="allocate" free="0" total="1507328" percent="0" />
      <mem type="survivor" free="0" total="1245184" percent="0" />
    </mem>
    <mem type="tenure" free="1191640" total="5767168" percent="20">
      <mem type="soa" free="942808" total="5479424" percent="17" />
      <mem type="loa" free="248832" total="287744" percent="86" />
    </mem>
    <remembered-set count="381" />
  </mem-info>
</gc-start>
<allocation-stats totalBytes="1285680" >
  <allocated-bytes non-tlh="2360" tlh="1283320" />
  <largest-consumer threadName="main" threadId="0000000002213700" bytes="1285680" />
</allocation-stats>
<gc-op id="755" type="scavenge" timems="0.599" contextid="752" timestamp="2019-06-16T21:30:56.917">
  <scavenger-info tenureage="3" tenuremask="7e08" tiltratio="54" />
  <memory-copied type="nursery" objects="6428" bytes="236768" bytesdiscarded="121104" />
  <memory-copied type="tenure" objects="1240" bytes="57968" bytesdiscarded="0" />
  <ownableSynchronizers candidates="46" cleared="46" />
  <references type="weak" candidates="18" cleared="0" enqueued="0" />
</gc-op>
<gc-end id="756" type="scavenge" contextid="752" durationms="1.092" usertimems="4.000" systemtimems="0.000" timestamp="2019-06-16T21:30:56.918" activeThreads="4">
  <mem-info id="757" free="2297304" total="8519680" percent="26">
    <mem type="nursery" free="1346048" total="2752512" percent="48">
      <mem type="allocate" free="1346048" total="1703936" percent="78" />
      <mem type="survivor" free="0" total="1048576" percent="0" />
    </mem>
    <mem type="tenure" free="951256" total="5767168" percent="16" macro-fragmented="418667">
      <mem type="soa" free="702424" total="5479424" percent="12" />
      <mem type="loa" free="248832" total="287744" percent="86" />
    </mem>
    <remembered-set count="684" />
  </mem-info>
</gc-end>
<cycle-end id="758" type="scavenge" contextid="752" timestamp="2019-06-16T21:30:56.918" />
  <attribute name="elasticGC enabled" value="1" />
  <attribute name= "numThreadsSpecified" value="4" />
  <attribute name="heapSize specified" value="8781824" />
  <attribute name="Current GC Util" value="300" />
  <attribute name= "Current Time Running" value="42883" />
  <attribute name ="GC Interval" value="1984" />
  <attribute name="ProportionalT" value="140.000000" />
  <attribute name="ProportionalI" value="140.000000" />
  <attribute name="ProportionalH" value="140.000000" />
  <attribute name="Current Error" value="280.000000" />
  <attribute name="IntegralT" value="1820.000000" />
  <attribute name="IntegralI" value="1820.000000" />
  <attribute name="IntegralH" value="1820.000000" />
  <attribute name="DerivativeT" value="21.076923" />
  <attribute name="DerivativeI" value="21.076923" />
  <attribute name="DerivativeH" value="21.076923" />
  <attribute name="Loop Time for DT" value="13.000000" />
  <attribute name="Output H" value="8388608"/>
  <attribute name="Output I" value="1984"/>
  <attribute name="Output T" value="4"/>
  <attribute name="Target GC Util Change" value ="20.000000" />
  <attribute name="Current GC Util Change" value="300.000000"/>
  <attribute name="GC Util currently" value="300" />
  <attribute name="CPU Util currently" value="367818067703" />
<allocation-satisfied id="759" threadId="0000000002213700" bytesRequested="24" />
<af-end id="760" timestamp="2019-06-16T21:30:56.918" threadId="0000000002214088" success="true" from="nursery"/>
<exclusive-end id="761" timestamp="2019-06-16T21:30:56.918" durationms="1.779" />

<exclusive-start id="762" timestamp="2019-06-16T21:30:56.925" intervalms="9.155">
  <response-info timems="0.081" idlems="0.081" threads="0" lastid="0000000002213700" lastname="main" />
</exclusive-start>
<af-start id="763" threadId="0000000002214088" totalBytesRequested="40" timestamp="2019-06-16T21:30:56.925" intervalms="9.149" type="nursery" />
<cycle-start id="764" type="scavenge" contextid="0" timestamp="2019-06-16T21:30:56.926" intervalms="9.157" />
<gc-start id="765" type="scavenge" contextid="764" timestamp="2019-06-16T21:30:56.926">
  <mem-info id="766" free="951048" total="8519680" percent="11">
    <mem type="nursery" free="0" total="2752512" percent="0">
      <mem type="allocate" free="0" total="1703936" percent="0" />
      <mem type="survivor" free="0" total="1048576" percent="0" />
    </mem>
    <mem type="tenure" free="951048" total="5767168" percent="16">
      <mem type="soa" free="702216" total="5479424" percent="12" />
      <mem type="loa" free="248832" total="287744" percent="86" />
    </mem>
    <remembered-set count="871" />
  </mem-info>
</gc-start>
<allocation-stats totalBytes="1346040" >
  <allocated-bytes non-tlh="232" tlh="1345808" />
  <largest-consumer threadName="main" threadId="0000000002213700" bytes="1346040" />
</allocation-stats>
<gc-op id="767" type="scavenge" timems="0.732" contextid="764" timestamp="2019-06-16T21:30:56.927">
  <scavenger-info tenureage="3" tenuremask="7e08" tiltratio="61" />
  <memory-copied type="nursery" objects="7021" bytes="260768" bytesdiscarded="52568" />
  <memory-copied type="tenure" objects="1254" bytes="46928" bytesdiscarded="48" />
  <references type="weak" candidates="18" cleared="0" enqueued="0" />
</gc-op>
<heap-resize id="768" type="expand" space="nursery" amount="262144" count="1" timems="0.016" reason="excessive time being spent scavenging" timestamp="2019-06-16T21:30:56.927" />
<gc-end id="769" type="scavenge" contextid="764" durationms="1.414" usertimems="4.000" systemtimems="0.000" timestamp="2019-06-16T21:30:56.927" activeThreads="4">
  <mem-info id="770" free="2564616" total="8781824" percent="29">
    <mem type="nursery" free="1652736" total="3014656" percent="54">
      <mem type="allocate" free="1652736" total="1966080" percent="84" />
      <mem type="survivor" free="0" total="1048576" percent="0" />
    </mem>
    <mem type="tenure" free="911880" total="5767168" percent="15" macro-fragmented="290741">
      <mem type="soa" free="663048" total="5479424" percent="12" />
      <mem type="loa" free="248832" total="287744" percent="86" />
    </mem>
    <remembered-set count="761" />
  </mem-info>
</gc-end>
<cycle-end id="771" type="scavenge" contextid="764" timestamp="2019-06-16T21:30:56.927" />
  <attribute name="elasticGC enabled" value="1" />
  <attribute name= "numThreadsSpecified" value="4" />
  <attribute name="heapSize specified" value="8781824" />
  <attribute name="Current GC Util" value="14" />
  <attribute name= "Current Time Running" value="42892" />
  <attribute name ="GC Interval" value="200" />
  <attribute name="ProportionalT" value="-3.000000" />
  <attribute name="ProportionalI" value="-3.000000" />
  <attribute name="ProportionalH" value="-3.000000" />
  <attribute name="Current Error" value="-6.000000" />
  <attribute name="IntegralT" value="-27.000000" />
  <attribute name="IntegralI" value="-27.000000" />
  <attribute name="IntegralH" value="-27.000000" />
  <attribute name="DerivativeT" value="-31.777778" />
  <attribute name="DerivativeI" value="-31.777778" />
  <attribute name="DerivativeH" value="-31.777778" />
  <attribute name="Loop Time for DT" value="9.000000" />
  <attribute name="Output H" value="2092630016"/>
  <attribute name="Output I" value="200"/>
  <attribute name="Output T" value="4"/>
  <attribute name="Target GC Util Change" value ="20.000000" />
  <attribute name="Current GC Util Change" value="14.000000"/>
  <attribute name="GC Util currently" value="14" />
  <attribute name="CPU Util currently" value="502758602881" />
<allocation-satisfied id="772" threadId="0000000002213700" bytesRequested="40" />
<af-end id="773" timestamp="2019-06-16T21:30:56.927" threadId="0000000002214088" success="true" from="nursery"/>
<exclusive-end id="774" timestamp="2019-06-16T21:30:56.928" durationms="2.292" />

<exclusive-start id="775" timestamp="2019-06-16T21:30:56.949" intervalms="23.232">
  <response-info timems="0.058" idlems="0.058" threads="0" lastid="0000000002213700" lastname="main" />
</exclusive-start>
<af-start id="776" threadId="0000000002214088" totalBytesRequested="312" timestamp="2019-06-16T21:30:56.949" intervalms="23.249" type="nursery" />
<cycle-start id="777" type="scavenge" contextid="0" timestamp="2019-06-16T21:30:56.949" intervalms="23.237" />
<gc-start id="778" type="scavenge" contextid="777" timestamp="2019-06-16T21:30:56.949">
  <mem-info id="779" free="911880" total="8781824" percent="10">
    <mem type="nursery" free="0" total="3014656" percent="0">
      <mem type="allocate" free="0" total="1966080" percent="0" />
      <mem type="survivor" free="0" total="1048576" percent="0" />
    </mem>
    <mem type="tenure" free="911880" total="5767168" percent="15">
      <mem type="soa" free="663048" total="5479424" percent="12" />
      <mem type="loa" free="248832" total="287744" percent="86" />
    </mem>
    <remembered-set count="837" />
  </mem-info>
</gc-start>
<allocation-stats totalBytes="1651960" >
  <allocated-bytes non-tlh="40" tlh="1651920" />
  <largest-consumer threadName="main" threadId="0000000002213700" bytes="1651960" />
</allocation-stats>
<gc-op id="780" type="scavenge" timems="0.755" contextid="777" timestamp="2019-06-16T21:30:56.950">
  <scavenger-info tenureage="3" tenuremask="7e08" tiltratio="65" />
  <memory-copied type="nursery" objects="10807" bytes="482720" bytesdiscarded="71000" />
  <memory-copied type="tenure" objects="1074" bytes="40608" bytesdiscarded="16" />
  <references type="weak" candidates="18" cleared="0" enqueued="0" />
</gc-op>
<gc-end id="781" type="scavenge" contextid="777" durationms="1.348" usertimems="4.000" systemtimems="0.000" timestamp="2019-06-16T21:30:56.950" activeThreads="4">
  <mem-info id="782" free="2481672" total="8781824" percent="28">
    <mem type="nursery" free="1608960" total="3014656" percent="53">
      <mem type="allocate" free="1608960" total="2162688" percent="74" />
      <mem type="survivor" free="0" total="851968" percent="0" />
    </mem>
    <mem type="tenure" free="872712" total="5767168" percent="15" macro-fragmented="0">
      <mem type="soa" free="623880" total="5479424" percent="11" />
      <mem type="loa" free="248832" total="287744" percent="86" />
    </mem>
    <remembered-set count="749" />
  </mem-info>
</gc-end>
<cycle-end id="783" type="scavenge" contextid="777" timestamp="2019-06-16T21:30:56.950" />
  <attribute name="elasticGC enabled" value="1" />
  <attribute name= "numThreadsSpecified" value="4" />
  <attribute name="heapSize specified" value="8781824" />
  <attribute name="Current GC Util" value="5" />
  <attribute name= "Current Time Running" value="42915" />
  <attribute name ="GC Interval" value="200" />
  <attribute name="ProportionalT" value="-7.500000" />
  <attribute name="ProportionalI" value="-7.500000" />
  <attribute name="ProportionalH" value="-7.500000" />
  <attribute name="Current Error" value="-15.000000" />
  <attribute name="IntegralT" value="-172.500000" />
  <attribute name="IntegralI" value="-172.500000" />
  <attribute name="IntegralH" value="-172.500000" />
  <attribute name="DerivativeT" value="-0.652174" />
  <attribute name="DerivativeI" value="-0.652174" />
  <attribute name="DerivativeH" value="-0.652174" />
  <attribute name="Loop Time for DT" value="23.000000" />
  <attribute name="Output H" value="2092630016"/>
  <attribute name="Output I" value="200"/>
  <attribute name="Output T" value="4"/>
  <attribute name="Target GC Util Change" value ="20.000000" />
  <attribute name="Current GC Util Change" value="5.000000"/>
  <attribute name="GC Util currently" value="5" />
  <attribute name="CPU Util currently" value="198925608378" />
<allocation-satisfied id="784" threadId="0000000002213700" bytesRequested="312" />
<af-end id="785" timestamp="2019-06-16T21:30:56.951" threadId="0000000002214088" success="true" from="nursery"/>
<exclusive-end id="786" timestamp="2019-06-16T21:30:56.951" durationms="2.032" />

<exclusive-start id="787" timestamp="2019-06-16T21:30:56.986" intervalms="37.459">
  <response-info timems="0.030" idlems="0.030" threads="0" lastid="0000000002213700" lastname="main" />
</exclusive-start>
<af-start id="788" threadId="0000000002214088" totalBytesRequested="24" timestamp="2019-06-16T21:30:56.986" intervalms="37.444" type="nursery" />
<cycle-start id="789" type="scavenge" contextid="0" timestamp="2019-06-16T21:30:56.986" intervalms="37.450" />
<gc-start id="790" type="scavenge" contextid="789" timestamp="2019-06-16T21:30:56.986">
  <mem-info id="791" free="862216" total="8781824" percent="9">
    <mem type="nursery" free="0" total="3014656" percent="0">
      <mem type="allocate" free="0" total="2162688" percent="0" />
      <mem type="survivor" free="0" total="851968" percent="0" />
    </mem>
    <mem type="tenure" free="862216" total="5767168" percent="14">
      <mem type="soa" free="613384" total="5479424" percent="11" />
      <mem type="loa" free="248832" total="287744" percent="86" />
    </mem>
    <remembered-set count="853" />
  </mem-info>
</gc-start>
<allocation-stats totalBytes="1619192" >
  <allocated-bytes non-tlh="210816" tlh="1408376" />
  <largest-consumer threadName="main" threadId="0000000002213700" bytes="1619192" />
</allocation-stats>
<gc-op id="792" type="scavenge" timems="0.686" contextid="789" timestamp="2019-06-16T21:30:56.987">
  <scavenger-info tenureage="9" tenuremask="7e00" tiltratio="71" />
  <memory-copied type="nursery" objects="8118" bytes="579248" bytesdiscarded="51544" />
  <references type="soft" candidates="1" cleared="0" enqueued="0" dynamicThreshold="6" maxThreshold="32" />
  <references type="weak" candidates="18" cleared="0" enqueued="0" />
  <references type="phantom" candidates="1" cleared="0" enqueued="0" />
</gc-op>
<gc-end id="793" type="scavenge" contextid="789" durationms="1.329" usertimems="0.000" systemtimems="0.000" timestamp="2019-06-16T21:30:56.988" activeThreads="4">
  <mem-info id="794" free="2459584" total="8781824" percent="28">
    <mem type="nursery" free="1597368" total="3014656" percent="52">
      <mem type="allocate" free="1597368" total="2228224" percent="71" />
      <mem type="survivor" free="0" total="786432" percent="0" />
    </mem>
    <mem type="tenure" free="862216" total="5767168" percent="14" macro-fragmented="0">
      <mem type="soa" free="613384" total="5479424" percent="11" />
      <mem type="loa" free="248832" total="287744" percent="86" />
    </mem>
    <remembered-set count="847" />
  </mem-info>
</gc-end>
<cycle-end id="795" type="scavenge" contextid="789" timestamp="2019-06-16T21:30:56.988" />
  <attribute name="elasticGC enabled" value="1" />
  <attribute name= "numThreadsSpecified" value="4" />
  <attribute name="heapSize specified" value="8781824" />
  <attribute name="Current GC Util" value="4" />
  <attribute name= "Current Time Running" value="42952" />
  <attribute name ="GC Interval" value="200" />
  <attribute name="ProportionalT" value="-8.000000" />
  <attribute name="ProportionalI" value="-8.000000" />
  <attribute name="ProportionalH" value="-8.000000" />
  <attribute name="Current Error" value="-16.000000" />
  <attribute name="IntegralT" value="-296.000000" />
  <attribute name="IntegralI" value="-296.000000" />
  <attribute name="IntegralH" value="-296.000000" />
  <attribute name="DerivativeT" value="-0.432432" />
  <attribute name="DerivativeI" value="-0.432432" />
  <attribute name="DerivativeH" value="-0.432432" />
  <attribute name="Loop Time for DT" value="37.000000" />
  <attribute name="Output H" value="2092630016"/>
  <attribute name="Output I" value="200"/>
  <attribute name="Output T" value="4"/>
  <attribute name="Target GC Util Change" value ="20.000000" />
  <attribute name="Current GC Util Change" value="4.000000"/>
  <attribute name="GC Util currently" value="4" />
  <attribute name="CPU Util currently" value="122967508619" />
<allocation-satisfied id="796" threadId="0000000002213700" bytesRequested="24" />
<af-end id="797" timestamp="2019-06-16T21:30:56.988" threadId="0000000002214088" success="true" from="nursery"/>
<exclusive-end id="798" timestamp="2019-06-16T21:30:56.988" durationms="2.200" />

<exclusive-start id="799" timestamp="2019-06-16T21:30:57.100" intervalms="114.233">
  <response-info timems="0.037" idlems="0.037" threads="0" lastid="0000000002213700" lastname="main" />
</exclusive-start>
<af-start id="800" threadId="0000000002214088" totalBytesRequested="160" timestamp="2019-06-16T21:30:57.100" intervalms="114.213" type="nursery" />
<cycle-start id="801" type="scavenge" contextid="0" timestamp="2019-06-16T21:30:57.100" intervalms="114.196" />
<gc-start id="802" type="scavenge" contextid="801" timestamp="2019-06-16T21:30:57.101">
  <mem-info id="803" free="846144" total="8781824" percent="9">
    <mem type="nursery" free="0" total="3014656" percent="0">
      <mem type="allocate" free="0" total="2228224" percent="0" />
      <mem type="survivor" free="0" total="786432" percent="0" />
    </mem>
    <mem type="tenure" free="846144" total="5767168" percent="14">
      <mem type="soa" free="597312" total="5479424" percent="10" />
      <mem type="loa" free="248832" total="287744" percent="86" />
    </mem>
    <remembered-set count="1221" />
  </mem-info>
</gc-start>
<allocation-stats totalBytes="1612376" >
  <allocated-bytes non-tlh="16096" tlh="1596280" />
  <largest-consumer threadName="main" threadId="0000000002213700" bytes="1612376" />
</allocation-stats>
<gc-op id="804" type="scavenge" timems="0.863" contextid="801" timestamp="2019-06-16T21:30:57.102">
  <scavenger-info tenureage="3" tenuremask="7e18" tiltratio="73" />
  <memory-copied type="nursery" objects="5121" bytes="219024" bytesdiscarded="94056" />
  <memory-copied type="tenure" objects="5515" bytes="210000" bytesdiscarded="72" />
  <references type="soft" candidates="315" cleared="0" enqueued="0" dynamicThreshold="6" maxThreshold="32" />
  <references type="weak" candidates="219" cleared="19" enqueued="18" />
</gc-op>
<gc-end id="805" type="scavenge" contextid="801" durationms="1.380" usertimems="0.000" systemtimems="0.000" timestamp="2019-06-16T21:30:57.102" activeThreads="4">
  <mem-info id="806" free="2604352" total="8781824" percent="29">
    <mem type="nursery" free="1914880" total="3014656" percent="63">
      <mem type="allocate" free="1914880" total="2228224" percent="85" />
      <mem type="survivor" free="0" total="786432" percent="0" />
    </mem>
    <mem type="tenure" free="689472" total="5767168" percent="11" macro-fragmented="418667">
      <mem type="soa" free="440640" total="5479424" percent="8" />
      <mem type="loa" free="248832" total="287744" percent="86" />
    </mem>
    <pending-finalizers system="0" default="0" reference="18" classloader="0" />
    <remembered-set count="776" />
  </mem-info>
</gc-end>
<cycle-end id="807" type="scavenge" contextid="801" timestamp="2019-06-16T21:30:57.102" />
  <attribute name="elasticGC enabled" value="1" />
  <attribute name= "numThreadsSpecified" value="4" />
  <attribute name="heapSize specified" value="8781824" />
  <attribute name="Current GC Util" value="1" />
  <attribute name= "Current Time Running" value="43067" />
  <attribute name ="GC Interval" value="200" />
  <attribute name="ProportionalT" value="-9.500000" />
  <attribute name="ProportionalI" value="-9.500000" />
  <attribute name="ProportionalH" value="-9.500000" />
  <attribute name="Current Error" value="-19.000000" />
  <attribute name="IntegralT" value="-1092.500000" />
  <attribute name="IntegralI" value="-1092.500000" />
  <attribute name="IntegralH" value="-1092.500000" />
  <attribute name="DerivativeT" value="-0.165217" />
  <attribute name="DerivativeI" value="-0.165217" />
  <attribute name="DerivativeH" value="-0.165217" />
  <attribute name="Loop Time for DT" value="115.000000" />
  <attribute name="Output H" value="2092630016"/>
  <attribute name="Output I" value="200"/>
  <attribute name="Output T" value="4"/>
  <attribute name="Target GC Util Change" value ="20.000000" />
  <attribute name="Current GC Util Change" value="1.000000"/>
  <attribute name="GC Util currently" value="1" />
  <attribute name="CPU Util currently" value="40408507133" />
<allocation-satisfied id="808" threadId="0000000002213700" bytesRequested="160" />
<af-end id="809" timestamp="2019-06-16T21:30:57.102" threadId="0000000002214088" success="true" from="nursery"/>
<exclusive-end id="810" timestamp="2019-06-16T21:30:57.102" durationms="2.236" />

<exclusive-start id="811" timestamp="2019-06-16T21:30:57.126" intervalms="25.651">
  <response-info timems="0.019" idlems="0.019" threads="0" lastid="0000000002213700" lastname="main" />
</exclusive-start>
<sys-start reason="explicit" id="812" timestamp="2019-06-16T21:30:57.126" intervalms="43212.748" />
<cycle-start id="813" type="global" contextid="0" timestamp="2019-06-16T21:30:57.126" intervalms="241.412" />
<gc-start id="814" type="global" contextid="813" timestamp="2019-06-16T21:30:57.126">
  <mem-info id="815" free="1844264" total="8781824" percent="21">
    <mem type="nursery" free="1161752" total="3014656" percent="38">
      <mem type="allocate" free="1161752" total="2228224" percent="52" />
      <mem type="survivor" free="0" total="786432" percent="0" />
    </mem>
    <mem type="tenure" free="682512" total="5767168" percent="11">
      <mem type="soa" free="433680" total="5479424" percent="7" />
      <mem type="loa" free="248832" total="287744" percent="86" />
    </mem>
    <remembered-set count="908" />
  </mem-info>
</gc-start>
<allocation-stats totalBytes="758416" >
  <allocated-bytes non-tlh="207128" tlh="551288" />
  <largest-consumer threadName="main" threadId="0000000002213700" bytes="758416" />
</allocation-stats>
<gc-op id="816" type="mark" timems="3.233" contextid="813" timestamp="2019-06-16T21:30:57.130">
  <trace-info objectcount="74350" scancount="62134" scanbytes="2115956" />
  <finalization candidates="79" enqueued="0" />
  <ownableSynchronizers candidates="23" cleared="0" />
  <references type="soft" candidates="1639" cleared="0" enqueued="0" dynamicThreshold="6" maxThreshold="32" />
  <references type="weak" candidates="4406" cleared="33" enqueued="23" />
  <references type="phantom" candidates="72" cleared="2" enqueued="2" />
  <stringconstants candidates="8669" cleared="15"  />
</gc-op>
<gc-op id="817" type="classunload" timems="0.376" contextid="813" timestamp="2019-06-16T21:30:57.130">
  <classunload-info classloadercandidates="17" classloadersunloaded="1" classesunloaded="1" anonymousclassesunloaded="0" quiescems="0.000" setupms="0.367" scanms="0.007" postms="0.002" />
</gc-op>
<gc-op id="818" type="sweep" timems="0.296" contextid="813" timestamp="2019-06-16T21:30:57.131" />
<mem-info id="819" free="3677120" total="8781824" percent="41">
  <mem type="nursery" free="2002464" total="3014656" percent="66">
    <mem type="allocate" free="2002464" total="2228224" percent="89" />
    <mem type="survivor" free="0" total="786432" percent="0" />
  </mem>
  <mem type="tenure" free="1674656" total="5767168" percent="29" micro-fragmented="515" macro-fragmented="43696">
    <mem type="soa" free="1386912" total="5479424" percent="25" />
    <mem type="loa" free="287744" total="287744" percent="100" />
  </mem>
  <pending-finalizers system="0" default="0" reference="25" classloader="0" />
  <remembered-set count="663" />
</mem-info>
<gc-op id="820" type="compact" timems="14.544" contextid="813" timestamp="2019-06-16T21:30:57.145">
  <compact-info movecount="64259" movebytes="3755792" reason="compact to aid heap contraction" />
</gc-op>
<heap-resize id="821" type="contract" space="tenure" amount="262144" count="1" timems="0.089" reason="heap reconfiguration" timestamp="2019-06-16T21:30:57.146" />
<gc-end id="822" type="global" contextid="813" durationms="19.827" usertimems="28.000" systemtimems="0.000" timestamp="2019-06-16T21:30:57.146" activeThreads="4">
  <mem-info id="823" free="3442344" total="8519680" percent="40">
    <mem type="nursery" free="2046200" total="3014656" percent="67">
      <mem type="allocate" free="2046200" total="2228224" percent="91" />
      <mem type="survivor" free="0" total="786432" percent="0" />
    </mem>
    <mem type="tenure" free="1396144" total="5505024" percent="25">
      <mem type="soa" free="1147312" total="5230592" percent="21" />
      <mem type="loa" free="248832" total="274432" percent="90" />
    </mem>
    <pending-finalizers system="0" default="0" reference="25" classloader="0" />
    <remembered-set count="663" />
  </mem-info>
</gc-end>
<cycle-end id="824" type="global" contextid="813" timestamp="2019-06-16T21:30:57.146" />
  <attribute name="elasticGC enabled" value="1" />
  <attribute name= "numThreadsSpecified" value="4" />
  <attribute name="heapSize specified" value="8781824" />
  <attribute name="Current GC Util" value="32" />
  <attribute name= "Current Time Running" value="43112" />
  <attribute name ="GC Interval" value="200" />
  <attribute name="ProportionalT" value="6.000000" />
  <attribute name="ProportionalI" value="6.000000" />
  <attribute name="ProportionalH" value="6.000000" />
  <attribute name="Current Error" value="12.000000" />
  <attribute name="IntegralT" value="90.000000" />
  <attribute name="IntegralI" value="90.000000" />
  <attribute name="IntegralH" value="90.000000" />
  <attribute name="DerivativeT" value="0.800000" />
  <attribute name="DerivativeI" value="0.800000" />
  <attribute name="DerivativeH" value="0.800000" />
  <attribute name="Loop Time for DT" value="15.000000" />
  <attribute name="Output H" value="8388608"/>
  <attribute name="Output I" value="200"/>
  <attribute name="Output T" value="4"/>
  <attribute name="Target GC Util Change" value ="20.000000" />
  <attribute name="Current GC Util Change" value="32.000000"/>
  <attribute name="GC Util currently" value="32" />
  <attribute name="CPU Util currently" value="313588152579" />
<sys-end id="825" timestamp="2019-06-16T21:30:57.146" />
<exclusive-end id="826" timestamp="2019-06-16T21:30:57.146" durationms="20.539" />

<exclusive-start id="827" timestamp="2019-06-16T21:30:57.273" intervalms="147.390">
  <response-info timems="0.135" idlems="0.135" threads="0" lastid="0000000002213700" lastname="main" />
</exclusive-start>
<af-start id="828" threadId="0000000002214088" totalBytesRequested="32" timestamp="2019-06-16T21:30:57.273" intervalms="173.121" type="nursery" />
<cycle-start id="829" type="scavenge" contextid="0" timestamp="2019-06-16T21:30:57.274" intervalms="173.213" />
<gc-start id="830" type="scavenge" contextid="829" timestamp="2019-06-16T21:30:57.274">
  <mem-info id="831" free="1394216" total="8519680" percent="16">
    <mem type="nursery" free="0" total="3014656" percent="0">
      <mem type="allocate" free="0" total="2228224" percent="0" />
      <mem type="survivor" free="0" total="786432" percent="0" />
    </mem>
    <mem type="tenure" free="1394216" total="5505024" percent="25">
      <mem type="soa" free="1145384" total="5230592" percent="21" />
      <mem type="loa" free="248832" total="274432" percent="90" />
    </mem>
    <remembered-set count="719" />
  </mem-info>
</gc-start>
<allocation-stats totalBytes="2047808" >
  <allocated-bytes non-tlh="529632" tlh="1518176" />
  <largest-consumer threadName="main" threadId="0000000002213700" bytes="2039560" />
</allocation-stats>
<gc-op id="832" type="scavenge" timems="0.899" contextid="829" timestamp="2019-06-16T21:30:57.275">
  <scavenger-info tenureage="10" tenuremask="7c00" tiltratio="73" />
  <memory-copied type="nursery" objects="5488" bytes="785904" bytesdiscarded="312" />
  <memory-copied type="tenure" objects="7128" bytes="374392" bytesdiscarded="48" />
  <copy-failed type="nursery" objects="7617" bytes="397912" />
  <ownableSynchronizers candidates="46" cleared="46" />
  <references type="soft" candidates="244" cleared="0" enqueued="0" dynamicThreshold="8" maxThreshold="32" />
  <references type="weak" candidates="260" cleared="10" enqueued="10" />
  <references type="phantom" candidates="6" cleared="2" enqueued="2" />
</gc-op>
<gc-end id="833" type="scavenge" contextid="829" durationms="1.587" usertimems="0.000" systemtimems="0.000" timestamp="2019-06-16T21:30:57.275" activeThreads="4">
  <mem-info id="834" free="1612072" total="8519680" percent="18">
    <mem type="nursery" free="720896" total="3014656" percent="23">
      <mem type="allocate" free="720896" total="1507328" percent="47" />
      <mem type="survivor" free="0" total="1507328" percent="0" />
    </mem>
    <mem type="tenure" free="891176" total="5505024" percent="16" macro-fragmented="0">
      <mem type="soa" free="642344" total="5230592" percent="12" />
      <mem type="loa" free="248832" total="274432" percent="90" />
    </mem>
    <pending-finalizers system="0" default="0" reference="12" classloader="0" />
    <remembered-set count="4269" />
  </mem-info>
</gc-end>
<cycle-end id="835" type="scavenge" contextid="829" timestamp="2019-06-16T21:30:57.276" />
  <attribute name="elasticGC enabled" value="1" />
  <attribute name= "numThreadsSpecified" value="4" />
  <attribute name="heapSize specified" value="8781824" />
  <attribute name="Current GC Util" value="13" />
  <attribute name= "Current Time Running" value="43240" />
  <attribute name ="GC Interval" value="200" />
  <attribute name="ProportionalT" value="-3.500000" />
  <attribute name="ProportionalI" value="-3.500000" />
  <attribute name="ProportionalH" value="-3.500000" />
  <attribute name="Current Error" value="-7.000000" />
  <attribute name="IntegralT" value="-448.000000" />
  <attribute name="IntegralI" value="-448.000000" />
  <attribute name="IntegralH" value="-448.000000" />
  <attribute name="DerivativeT" value="-0.148438" />
  <attribute name="DerivativeI" value="-0.148438" />
  <attribute name="DerivativeH" value="-0.148438" />
  <attribute name="Loop Time for DT" value="128.000000" />
  <attribute name="Output H" value="2092630016"/>
  <attribute name="Output I" value="200"/>
  <attribute name="Output T" value="4"/>
  <attribute name="Target GC Util Change" value ="20.000000" />
  <attribute name="Current GC Util Change" value="13.000000"/>
  <attribute name="GC Util currently" value="13" />
  <attribute name="CPU Util currently" value="35927747678" />
<allocation-satisfied id="836" threadId="0000000002213700" bytesRequested="32" />
<af-end id="837" timestamp="2019-06-16T21:30:57.276" threadId="0000000002214088" success="true" from="nursery"/>
<exclusive-end id="838" timestamp="2019-06-16T21:30:57.276" durationms="2.732" />

<exclusive-start id="839" timestamp="2019-06-16T21:30:57.279" intervalms="5.510">
  <response-info timems="0.063" idlems="0.063" threads="0" lastid="0000000002213700" lastname="main" />
</exclusive-start>
<af-start id="840" threadId="0000000002214088" totalBytesRequested="32" timestamp="2019-06-16T21:30:57.279" intervalms="5.440" type="nursery" />
<cycle-start id="841" type="scavenge" contextid="0" timestamp="2019-06-16T21:30:57.279" intervalms="5.361" />
<gc-start id="842" type="scavenge" contextid="841" timestamp="2019-06-16T21:30:57.279">
  <mem-info id="843" free="890968" total="8519680" percent="10">
    <mem type="nursery" free="0" total="3014656" percent="0">
      <mem type="allocate" free="0" total="1507328" percent="0" />
      <mem type="survivor" free="0" total="1507328" percent="0" />
    </mem>
    <mem type="tenure" free="890968" total="5505024" percent="16">
      <mem type="soa" free="642136" total="5230592" percent="12" />
      <mem type="loa" free="248832" total="274432" percent="90" />
    </mem>
    <remembered-set count="4275" />
  </mem-info>
</gc-start>
<allocation-stats totalBytes="720984" >
  <allocated-bytes non-tlh="240" tlh="720744" />
  <largest-consumer threadName="main" threadId="0000000002213700" bytes="720984" />
</allocation-stats>
<gc-op id="844" type="scavenge" timems="0.670" contextid="841" timestamp="2019-06-16T21:30:57.280">
  <scavenger-info tenureage="9" tenuremask="7e00" tiltratio="50" />
  <memory-copied type="nursery" objects="6598" bytes="825640" bytesdiscarded="182616" />
  <references type="soft" candidates="244" cleared="0" enqueued="0" dynamicThreshold="8" maxThreshold="32" />
  <references type="weak" candidates="250" cleared="0" enqueued="0" />
  <references type="phantom" candidates="4" cleared="0" enqueued="0" />
</gc-op>
<heap-resize id="845" type="expand" space="nursery" amount="393216" count="1" timems="0.017" reason="excessive time being spent scavenging" timestamp="2019-06-16T21:30:57.280" />
<gc-end id="846" type="scavenge" contextid="841" durationms="1.452" usertimems="0.000" systemtimems="0.000" timestamp="2019-06-16T21:30:57.281" activeThreads="4">
  <mem-info id="847" free="1586432" total="8912896" percent="17">
    <mem type="nursery" free="695464" total="3407872" percent="20">
      <mem type="allocate" free="695464" total="1703936" percent="40" />
      <mem type="survivor" free="0" total="1703936" percent="0" />
    </mem>
    <mem type="tenure" free="890968" total="5505024" percent="16" macro-fragmented="0">
      <mem type="soa" free="642136" total="5230592" percent="12" />
      <mem type="loa" free="248832" total="274432" percent="90" />
    </mem>
    <remembered-set count="3999" />
  </mem-info>
</gc-end>
<cycle-end id="848" type="scavenge" contextid="841" timestamp="2019-06-16T21:30:57.281" />
  <attribute name="elasticGC enabled" value="1" />
  <attribute name= "numThreadsSpecified" value="4" />
  <attribute name="heapSize specified" value="8781824" />
  <attribute name="Current GC Util" value="45" />
  <attribute name= "Current Time Running" value="43245" />
  <attribute name ="GC Interval" value="200" />
  <attribute name="ProportionalT" value="12.500000" />
  <attribute name="ProportionalI" value="12.500000" />
  <attribute name="ProportionalH" value="12.500000" />
  <attribute name="Current Error" value="25.000000" />
  <attribute name="IntegralT" value="62.500000" />
  <attribute name="IntegralI" value="62.500000" />
  <attribute name="IntegralH" value="62.500000" />
  <attribute name="DerivativeT" value="5.000000" />
  <attribute name="DerivativeI" value="5.000000" />
  <attribute name="DerivativeH" value="5.000000" />
  <attribute name="Loop Time for DT" value="5.000000" />
  <attribute name="Output H" value="8388608"/>
  <attribute name="Output I" value="200"/>
  <attribute name="Output T" value="4"/>
  <attribute name="Target GC Util Change" value ="20.000000" />
  <attribute name="Current GC Util Change" value="45.000000"/>
  <attribute name="GC Util currently" value="45" />
  <attribute name="CPU Util currently" value="847812452994" />
<allocation-satisfied id="849" threadId="0000000002213700" bytesRequested="32" />
<af-end id="850" timestamp="2019-06-16T21:30:57.281" threadId="0000000002214088" success="true" from="nursery"/>
<exclusive-end id="851" timestamp="2019-06-16T21:30:57.281" durationms="2.302" />

<exclusive-start id="852" timestamp="2019-06-16T21:30:57.284" intervalms="4.717">
  <response-info timems="0.026" idlems="0.026" threads="0" lastid="0000000002213700" lastname="main" />
</exclusive-start>
<af-start id="853" threadId="0000000002214088" totalBytesRequested="24" timestamp="2019-06-16T21:30:57.284" intervalms="4.746" type="nursery" />
<cycle-start id="854" type="scavenge" contextid="0" timestamp="2019-06-16T21:30:57.284" intervalms="4.749" />
<gc-start id="855" type="scavenge" contextid="854" timestamp="2019-06-16T21:30:57.284">
  <mem-info id="856" free="890968" total="8912896" percent="9">
    <mem type="nursery" free="0" total="3407872" percent="0">
      <mem type="allocate" free="0" total="1703936" percent="0" />
      <mem type="survivor" free="0" total="1703936" percent="0" />
    </mem>
    <mem type="tenure" free="890968" total="5505024" percent="16">
      <mem type="soa" free="642136" total="5230592" percent="12" />
      <mem type="loa" free="248832" total="274432" percent="90" />
    </mem>
    <remembered-set count="3999" />
  </mem-info>
</gc-start>
<allocation-stats totalBytes="695352" >
  <allocated-bytes non-tlh="32" tlh="695320" />
  <largest-consumer threadName="main" threadId="0000000002213700" bytes="695352" />
</allocation-stats>
<gc-op id="857" type="scavenge" timems="0.620" contextid="854" timestamp="2019-06-16T21:30:57.285">
  <scavenger-info tenureage="2" tenuremask="fffc" tiltratio="50" />
  <memory-copied type="nursery" objects="2374" bytes="349712" bytesdiscarded="161272" />
  <memory-copied type="tenure" objects="5442" bytes="522304" bytesdiscarded="648" />
  <copy-failed type="tenure" objects="1" bytes="262152" />
</gc-op>
<heap-resize id="858" type="expand" space="nursery" amount="524288" count="1" timems="0.013" reason="excessive time being spent scavenging" timestamp="2019-06-16T21:30:57.285" />
<gc-end id="859" type="scavenge" contextid="854" durationms="1.182" usertimems="4.000" systemtimems="0.000" timestamp="2019-06-16T21:30:57.285" activeThreads="4">
  <mem-info id="860" free="1747464" total="9437184" percent="18">
    <mem type="nursery" free="1455096" total="3932160" percent="37">
      <mem type="allocate" free="1455096" total="1966080" percent="74" />
      <mem type="survivor" free="0" total="1966080" percent="0" />
    </mem>
    <mem type="tenure" free="292368" total="5505024" percent="5" macro-fragmented="201903">
      <mem type="soa" free="43536" total="5230592" percent="0" />
      <mem type="loa" free="248832" total="274432" percent="90" />
    </mem>
    <remembered-set count="302" />
  </mem-info>
</gc-end>
<cycle-end id="861" type="scavenge" contextid="854" timestamp="2019-06-16T21:30:57.285" />
  <attribute name="elasticGC enabled" value="1" />
  <attribute name= "numThreadsSpecified" value="4" />
  <attribute name="heapSize specified" value="8781824" />
  <attribute name="Current GC Util" value="36" />
  <attribute name= "Current Time Running" value="43250" />
  <attribute name ="GC Interval" value="200" />
  <attribute name="ProportionalT" value="8.000000" />
  <attribute name="ProportionalI" value="8.000000" />
  <attribute name="ProportionalH" value="8.000000" />
  <attribute name="Current Error" value="16.000000" />
  <attribute name="IntegralT" value="40.000000" />
  <attribute name="IntegralI" value="40.000000" />
  <attribute name="IntegralH" value="40.000000" />
  <attribute name="DerivativeT" value="-1.800000" />
  <attribute name="DerivativeI" value="-1.800000" />
  <attribute name="DerivativeH" value="-1.800000" />
  <attribute name="Loop Time for DT" value="5.000000" />
  <attribute name="Output H" value="8388608"/>
  <attribute name="Output I" value="200"/>
  <attribute name="Output T" value="4"/>
  <attribute name="Target GC Util Change" value ="20.000000" />
  <attribute name="Current GC Util Change" value="36.000000"/>
  <attribute name="GC Util currently" value="36" />
  <attribute name="CPU Util currently" value="1010858927305" />
<allocation-satisfied id="862" threadId="0000000002213700" bytesRequested="24" />
<af-end id="863" timestamp="2019-06-16T21:30:57.285" threadId="0000000002214088" success="true" from="nursery"/>
<exclusive-end id="864" timestamp="2019-06-16T21:30:57.285" durationms="1.870" />

<concurrent-kickoff id="865" timestamp="2019-06-16T21:30:57.289">
  <kickoff reason="next scavenge will percolate" targetBytes="1654935" thresholdFreeBytes="229509"  remainingFree="201720" tenureFreeBytes="292368" nurseryFreeBytes="201720" />
</concurrent-kickoff>
<exclusive-start id="866" timestamp="2019-06-16T21:30:57.289" intervalms="5.350">
  <response-info timems="0.074" idlems="0.074" threads="0" lastid="0000000002213700" lastname="main" />
</exclusive-start>
<cycle-start id="867" type="global" contextid="0" timestamp="2019-06-16T21:30:57.289" intervalms="162.862" />
<exclusive-end id="868" timestamp="2019-06-16T21:30:57.289" durationms="0.185" />

<exclusive-start id="869" timestamp="2019-06-16T21:30:57.290" intervalms="1.266">
  <response-info timems="0.020" idlems="0.020" threads="0" lastid="0000000002213700" lastname="main" />
</exclusive-start>
<af-start id="870" threadId="0000000002214088" totalBytesRequested="24" timestamp="2019-06-16T21:30:57.290" intervalms="6.578" type="nursery" />
<percolate-collect id="871" from="nursery" to="global" reason="failed tenure threshold reached" timestamp="2019-06-16T21:30:57.290"/>
<concurrent-aborted id="872" timestamp="2019-06-16T21:30:57.290">
  <reason value="insufficient progress made" />
</concurrent-aborted>
<cycle-end id="873" type="global" contextid="867" timestamp="2019-06-16T21:30:57.290" />
  <attribute name="elasticGC enabled" value="1" />
  <attribute name= "numThreadsSpecified" value="4" />
  <attribute name="heapSize specified" value="8781824" />
  <attribute name="Current GC Util" value="36" />
  <attribute name= "Current Time Running" value="43250" />
  <attribute name ="GC Interval" value="200" />
  <attribute name="ProportionalT" value="8.000000" />
  <attribute name="ProportionalI" value="8.000000" />
  <attribute name="ProportionalH" value="8.000000" />
  <attribute name="Current Error" value="16.000000" />
  <attribute name="IntegralT" value="40.000000" />
  <attribute name="IntegralI" value="40.000000" />
  <attribute name="IntegralH" value="40.000000" />
  <attribute name="DerivativeT" value="-1.800000" />
  <attribute name="DerivativeI" value="-1.800000" />
  <attribute name="DerivativeH" value="-1.800000" />
  <attribute name="Loop Time for DT" value="5.000000" />
  <attribute name="Output H" value="8388608"/>
  <attribute name="Output I" value="200"/>
  <attribute name="Output T" value="4"/>
  <attribute name="Target GC Util Change" value ="20.000000" />
  <attribute name="Current GC Util Change" value="36.000000"/>
  <attribute name="GC Util currently" value="36" />
  <attribute name="CPU Util currently" value="1010858927305" />
<cycle-start id="874" type="global" contextid="0" timestamp="2019-06-16T21:30:57.291" intervalms="1.641" />
<gc-start id="875" type="global" contextid="874" timestamp="2019-06-16T21:30:57.291">
  <mem-info id="876" free="292368" total="9437184" percent="3">
    <mem type="nursery" free="0" total="3932160" percent="0">
      <mem type="allocate" free="0" total="1966080" percent="0" />
      <mem type="survivor" free="0" total="1966080" percent="0" />
    </mem>
    <mem type="tenure" free="292368" total="5505024" percent="5">
      <mem type="soa" free="43536" total="5230592" percent="0" />
      <mem type="loa" free="248832" total="274432" percent="90" />
    </mem>
    <remembered-set count="506" />
  </mem-info>
</gc-start>
<allocation-stats totalBytes="1454800" >
  <allocated-bytes non-tlh="24" tlh="1454776" />
  <largest-consumer threadName="main" threadId="0000000002213700" bytes="1454800" />
</allocation-stats>
<heap-resize id="877" type="loa expand" space="tenure" amount="55296" count="1" timems="0.089" reason="expand on failed allocate" timestamp="2019-06-16T21:30:57.291" />
<gc-op id="878" type="mark" timems="2.093" contextid="874" timestamp="2019-06-16T21:30:57.293">
  <trace-info objectcount="86473" scancount="73214" scanbytes="2628508" />
  <finalization candidates="79" enqueued="0" />
  <ownableSynchronizers candidates="23" cleared="0" />
  <references type="soft" candidates="1641" cleared="0" enqueued="0" dynamicThreshold="8" maxThreshold="32" />
  <references type="weak" candidates="4374" cleared="0" enqueued="0" />
  <references type="phantom" candidates="74" cleared="3" enqueued="3" />
  <stringconstants candidates="8677" cleared="0"  />
</gc-op>
<gc-op id="879" type="sweep" timems="0.259" contextid="874" timestamp="2019-06-16T21:30:57.293" />
<mem-info id="880" free="2264672" total="9437184" percent="23">
  <mem type="nursery" free="1463544" total="3932160" percent="37">
    <mem type="allocate" free="1463544" total="1966080" percent="74" />
    <mem type="survivor" free="0" total="1966080" percent="0" />
  </mem>
  <mem type="tenure" free="801128" total="5505024" percent="14" micro-fragmented="1538" macro-fragmented="0">
    <mem type="soa" free="483160" total="5175296" percent="9" />
    <mem type="loa" free="317968" total="329728" percent="96" />
  </mem>
  <pending-finalizers system="0" default="0" reference="3" classloader="0" />
  <remembered-set count="506" />
</mem-info>
<gc-op id="881" type="compact" timems="17.276" contextid="874" timestamp="2019-06-16T21:30:57.311">
  <compact-info movecount="75164" movebytes="4596840" reason="compact to aid heap contraction" />
</gc-op>
<heap-resize id="882" type="contract" space="tenure" amount="65536" count="1" timems="0.071" reason="heap reconfiguration" timestamp="2019-06-16T21:30:57.311" />
<gc-end id="883" type="global" contextid="874" durationms="20.843" usertimems="28.000" systemtimems="0.000" timestamp="2019-06-16T21:30:57.312" activeThreads="4">
  <mem-info id="884" free="2208208" total="9371648" percent="23">
    <mem type="nursery" free="1531496" total="3932160" percent="38">
      <mem type="allocate" free="1531496" total="1966080" percent="77" />
      <mem type="survivor" free="0" total="1966080" percent="0" />
    </mem>
    <mem type="tenure" free="676712" total="5439488" percent="12">
      <mem type="soa" free="412520" total="5113856" percent="8" />
      <mem type="loa" free="264192" total="325632" percent="81" />
    </mem>
    <pending-finalizers system="0" default="0" reference="3" classloader="0" />
    <remembered-set count="506" />
  </mem-info>
</gc-end>
<cycle-end id="885" type="global" contextid="874" timestamp="2019-06-16T21:30:57.312" />
  <attribute name="elasticGC enabled" value="1" />
  <attribute name= "numThreadsSpecified" value="4" />
  <attribute name="heapSize specified" value="9437184" />
  <attribute name="Current GC Util" value="25" />
  <attribute name= "Current Time Running" value="43277" />
  <attribute name ="GC Interval" value="200" />
  <attribute name="ProportionalT" value="2.500000" />
  <attribute name="ProportionalI" value="2.500000" />
  <attribute name="ProportionalH" value="2.500000" />
  <attribute name="Current Error" value="5.000000" />
  <attribute name="IntegralT" value="42.500000" />
  <attribute name="IntegralI" value="42.500000" />
  <attribute name="IntegralH" value="42.500000" />
  <attribute name="DerivativeT" value="0.294118" />
  <attribute name="DerivativeI" value="0.294118" />
  <attribute name="DerivativeH" value="0.294118" />
  <attribute name="Loop Time for DT" value="17.000000" />
  <attribute name="Output H" value="8388608"/>
  <attribute name="Output I" value="200"/>
  <attribute name="Output T" value="4"/>
  <attribute name="Target GC Util Change" value ="20.000000" />
  <attribute name="Current GC Util Change" value="25.000000"/>
  <attribute name="GC Util currently" value="25" />
  <attribute name="CPU Util currently" value="264885077139" />
<allocation-satisfied id="886" threadId="0000000002213700" bytesRequested="24" />
<af-end id="887" timestamp="2019-06-16T21:30:57.312" threadId="0000000002214088" success="true" from="nursery"/>
<exclusive-end id="888" timestamp="2019-06-16T21:30:57.312" durationms="21.805" />

<concurrent-kickoff id="889" timestamp="2019-06-16T21:30:57.316">
  <kickoff reason="threshold reached" targetBytes="1635233" thresholdFreeBytes="226789"  remainingFree="179792" tenureFreeBytes="676712" nurseryFreeBytes="179792" />
</concurrent-kickoff>
<exclusive-start id="890" timestamp="2019-06-16T21:30:57.316" intervalms="25.717">
  <response-info timems="0.071" idlems="0.071" threads="0" lastid="0000000002213700" lastname="main" />
</exclusive-start>
<cycle-start id="891" type="global" contextid="0" timestamp="2019-06-16T21:30:57.316" intervalms="25.326" />
<exclusive-end id="892" timestamp="2019-06-16T21:30:57.316" durationms="0.130" />

<exclusive-start id="893" timestamp="2019-06-16T21:30:57.317" intervalms="1.229">
  <response-info timems="0.024" idlems="0.024" threads="0" lastid="0000000002213700" lastname="main" />
</exclusive-start>
<af-start id="894" threadId="0000000002214088" totalBytesRequested="32" timestamp="2019-06-16T21:30:57.317" intervalms="26.946" type="nursery" />
<cycle-start id="895" type="scavenge" contextid="0" timestamp="2019-06-16T21:30:57.317" intervalms="33.515" />
<gc-start id="896" type="scavenge" contextid="895" timestamp="2019-06-16T21:30:57.317">
  <mem-info id="897" free="676712" total="9371648" percent="7">
    <mem type="nursery" free="0" total="3932160" percent="0">
      <mem type="allocate" free="0" total="1966080" percent="0" />
      <mem type="survivor" free="0" total="1966080" percent="0" />
    </mem>
    <mem type="tenure" free="676712" total="5439488" percent="12">
      <mem type="soa" free="412520" total="5113856" percent="8" />
      <mem type="loa" free="264192" total="325632" percent="81" />
    </mem>
    <remembered-set count="775" />
  </mem-info>
</gc-start>
<allocation-stats totalBytes="1531288" >
  <allocated-bytes non-tlh="24" tlh="1531264" />
  <largest-consumer threadName="main" threadId="0000000002213700" bytes="1531288" />
</allocation-stats>
<gc-op id="898" type="scavenge" timems="0.636" contextid="895" timestamp="2019-06-16T21:30:57.318">
  <scavenger-info tenureage="3" tenuremask="ffc8" tiltratio="50" />
  <memory-copied type="nursery" objects="7226" bytes="269216" bytesdiscarded="4960" />
  <memory-copied type="tenure" objects="1" bytes="262152" bytesdiscarded="0" />
  <ownableSynchronizers candidates="46" cleared="46" />
</gc-op>
<gc-end id="899" type="scavenge" contextid="895" durationms="1.165" usertimems="4.000" systemtimems="0.000" timestamp="2019-06-16T21:30:57.319" activeThreads="4">
  <mem-info id="900" free="2499680" total="9371648" percent="26">
    <mem type="nursery" free="2085120" total="3932160" percent="53">
      <mem type="allocate" free="2085120" total="2359296" percent="88" />
      <mem type="survivor" free="0" total="1572864" percent="0" />
    </mem>
    <mem type="tenure" free="414560" total="5439488" percent="7" macro-fragmented="201903">
      <mem type="soa" free="150368" total="5113856" percent="2" />
      <mem type="loa" free="264192" total="325632" percent="81" />
    </mem>
    <remembered-set count="770" />
  </mem-info>
</gc-end>
<cycle-end id="901" type="scavenge" contextid="895" timestamp="2019-06-16T21:30:57.319" />
  <attribute name="elasticGC enabled" value="1" />
  <attribute name= "numThreadsSpecified" value="4" />
  <attribute name="heapSize specified" value="9437184" />
  <attribute name="Current GC Util" value="619" />
  <attribute name= "Current Time Running" value="43283" />
  <attribute name ="GC Interval" value="2200" />
  <attribute name="ProportionalT" value="299.500000" />
  <attribute name="ProportionalI" value="299.500000" />
  <attribute name="ProportionalH" value="299.500000" />
  <attribute name="Current Error" value="599.000000" />
  <attribute name="IntegralT" value="1797.000000" />
  <attribute name="IntegralI" value="1797.000000" />
  <attribute name="IntegralH" value="1797.000000" />
  <attribute name="DerivativeT" value="99.000000" />
  <attribute name="DerivativeI" value="99.000000" />
  <attribute name="DerivativeH" value="99.000000" />
  <attribute name="Loop Time for DT" value="6.000000" />
  <attribute name="Output H" value="8388608"/>
  <attribute name="Output I" value="2200"/>
  <attribute name="Output T" value="4"/>
  <attribute name="Target GC Util Change" value ="20.000000" />
  <attribute name="Current GC Util Change" value="619.000000"/>
  <attribute name="GC Util currently" value="619" />
  <attribute name="CPU Util currently" value="721998727967" />
<allocation-satisfied id="902" threadId="0000000002213700" bytesRequested="32" />
<af-end id="903" timestamp="2019-06-16T21:30:57.320" threadId="0000000002214088" success="true" from="nursery"/>
<exclusive-end id="904" timestamp="2019-06-16T21:30:57.320" durationms="3.382" />

<exclusive-start id="905" timestamp="2019-06-16T21:30:57.328" intervalms="10.493">
  <response-info timems="0.075" idlems="0.075" threads="0" lastid="0000000002213700" lastname="main" />
</exclusive-start>
<af-start id="906" threadId="0000000002214088" totalBytesRequested="32" timestamp="2019-06-16T21:30:57.328" intervalms="10.511" type="nursery" />
<percolate-collect id="907" from="nursery" to="global" reason="concurrent mark exhausted" timestamp="2019-06-16T21:30:57.328"/>
<gc-start id="908" type="global" contextid="891" timestamp="2019-06-16T21:30:57.328">
  <mem-info id="909" free="414560" total="9371648" percent="4">
    <mem type="nursery" free="0" total="3932160" percent="0">
      <mem type="allocate" free="0" total="2359296" percent="0" />
      <mem type="survivor" free="0" total="1572864" percent="0" />
    </mem>
    <mem type="tenure" free="414560" total="5439488" percent="7">
      <mem type="soa" free="150368" total="5113856" percent="2" />
      <mem type="loa" free="264192" total="325632" percent="81" />
    </mem>
    <remembered-set count="1083" />
  </mem-info>
</gc-start>
<allocation-stats totalBytes="2084912" >
  <allocated-bytes non-tlh="32" tlh="2084880" />
  <largest-consumer threadName="main" threadId="0000000002213700" bytes="2084912" />
</allocation-stats>
<concurrent-halted id="910" timestamp="2019-06-16T21:30:57.328">
  <halted state="Complete" status="exhausted" />
  <traced bytesTarget="1635233" bytesTotal="2461092" bytesByMutator="875324" bytesByHelper="1585768" percent="150" />
  <cards cleaned="121" thresholdBytes="89341" />
</concurrent-halted>
<gc-op id="911" type="rs-scan" timems="0.405" contextid="891" timestamp="2019-06-16T21:30:57.329">
  <scan objectsFound="1033" bytesTraced="231524" workStackOverflowCount="0" />
</gc-op>
<gc-op id="912" type="card-cleaning" timems="0.085" contextid="891" timestamp="2019-06-16T21:30:57.329">
  <card-cleaning cardsCleaned="9" bytesTraced="8676" workStackOverflowCount="0" />
</gc-op>
<gc-op id="913" type="mark" timems="1.737" contextid="891" timestamp="2019-06-16T21:30:57.331">
  <trace-info objectcount="4503" scancount="4377" scanbytes="174464" />
  <finalization candidates="79" enqueued="0" />
  <ownableSynchronizers candidates="23" cleared="0" />
  <references type="soft" candidates="1641" cleared="333" enqueued="325" dynamicThreshold="3" maxThreshold="32" />
  <references type="weak" candidates="4374" cleared="0" enqueued="0" />
  <references type="phantom" candidates="71" cleared="0" enqueued="0" />
  <stringconstants candidates="8677" cleared="0"  />
</gc-op>
<gc-op id="914" type="sweep" timems="0.278" contextid="891" timestamp="2019-06-16T21:30:57.331" />
<mem-info id="915" free="2394384" total="9371648" percent="25">
  <mem type="nursery" free="1869888" total="3932160" percent="47">
    <mem type="allocate" free="1869888" total="2359296" percent="79" />
    <mem type="survivor" free="0" total="1572864" percent="0" />
  </mem>
  <mem type="tenure" free="524496" total="5439488" percent="9" micro-fragmented="29755" macro-fragmented="0">
    <mem type="soa" free="198864" total="5113856" percent="3" />
    <mem type="loa" free="325632" total="325632" percent="100" />
  </mem>
  <pending-finalizers system="0" default="0" reference="325" classloader="0" />
  <remembered-set count="1079" />
</mem-info>
<gc-op id="916" type="compact" timems="22.347" contextid="891" timestamp="2019-06-16T21:30:57.354">
  <compact-info movecount="80277" movebytes="4760184" reason="compact to aid heap contraction" />
</gc-op>
<heap-resize id="917" type="expand" space="tenure" amount="2083258368" count="1" timems="0.030" reason="satisfy allocation request" timestamp="2019-06-16T21:30:57.354" />
<gc-end id="918" type="global" contextid="891" durationms="26.613" usertimems="24.000" systemtimems="0.000" timestamp="2019-06-16T21:30:57.355" activeThreads="4">
  <mem-info id="919" free="2085781624" total="2092630016" percent="99">
    <mem type="nursery" free="1970064" total="3932160" percent="50">
      <mem type="allocate" free="1970064" total="2359296" percent="83" />
      <mem type="survivor" free="0" total="1572864" percent="0" />
    </mem>
    <mem type="tenure" free="2083811560" total="2088697856" percent="99">
      <mem type="soa" free="1958490344" total="1963376640" percent="99" />
      <mem type="loa" free="125321216" total="125321216" percent="100" />
    </mem>
    <pending-finalizers system="0" default="0" reference="325" classloader="0" />
    <remembered-set count="1079" />
  </mem-info>
</gc-end>
<cycle-end id="920" type="global" contextid="891" timestamp="2019-06-16T21:30:57.355" />
  <attribute name="elasticGC enabled" value="1" />
  <attribute name= "numThreadsSpecified" value="4" />
  <attribute name="heapSize specified" value="9371648" />
  <attribute name="Current GC Util" value="0" />
  <attribute name= "Current Time Running" value="43320" />
  <attribute name ="GC Interval" value="2200" />
  <attribute name="ProportionalT" value="-10.000000" />
  <attribute name="ProportionalI" value="-10.000000" />
  <attribute name="ProportionalH" value="-10.000000" />
  <attribute name="Current Error" value="-20.000000" />
  <attribute name="IntegralT" value="-220.000000" />
  <attribute name="IntegralI" value="-220.000000" />
  <attribute name="IntegralH" value="-220.000000" />
  <attribute name="DerivativeT" value="-0.909091" />
  <attribute name="DerivativeI" value="-0.909091" />
  <attribute name="DerivativeH" value="-0.909091" />
  <attribute name="Loop Time for DT" value="22.000000" />
  <attribute name="Output H" value="2092630016"/>
  <attribute name="Output I" value="200"/>
  <attribute name="Output T" value="4"/>
  <attribute name="Target GC Util Change" value ="20.000000" />
  <attribute name="Current GC Util Change" value="0.000000"/>
  <attribute name="GC Util currently" value="0" />
  <attribute name="CPU Util currently" value="204609593489" />
<allocation-satisfied id="921" threadId="0000000002213700" bytesRequested="32" />
<af-end id="922" timestamp="2019-06-16T21:30:57.355" threadId="0000000002214088" success="true" from="nursery"/>
<exclusive-end id="923" timestamp="2019-06-16T21:30:57.355" durationms="27.554" />

<exclusive-start id="924" timestamp="2019-06-16T21:30:57.361" intervalms="33.194">
  <response-info timems="0.079" idlems="0.079" threads="0" lastid="0000000002213700" lastname="main" />
</exclusive-start>
<af-start id="925" threadId="0000000002214088" totalBytesRequested="48" timestamp="2019-06-16T21:30:57.361" intervalms="33.230" type="nursery" />
<cycle-start id="926" type="scavenge" contextid="0" timestamp="2019-06-16T21:30:57.361" intervalms="43.749" />
<gc-start id="927" type="scavenge" contextid="926" timestamp="2019-06-16T21:30:57.361">
  <mem-info id="928" free="2083811560" total="2092630016" percent="99">
    <mem type="nursery" free="0" total="3932160" percent="0">
      <mem type="allocate" free="0" total="2359296" percent="0" />
      <mem type="survivor" free="0" total="1572864" percent="0" />
    </mem>
    <mem type="tenure" free="2083811560" total="2088697856" percent="99">
      <mem type="soa" free="1958490344" total="1963376640" percent="99" />
      <mem type="loa" free="125321216" total="125321216" percent="100" />
    </mem>
    <remembered-set count="1789" />
  </mem-info>
</gc-start>
<allocation-stats totalBytes="1969896" >
  <allocated-bytes non-tlh="32" tlh="1969864" />
  <largest-consumer threadName="main" threadId="0000000002213700" bytes="1965800" />
</allocation-stats>
<gc-op id="929" type="scavenge" timems="1.300" contextid="926" timestamp="2019-06-16T21:30:57.363">
  <scavenger-info tenureage="3" tenuremask="7f08" tiltratio="60" />
  <memory-copied type="nursery" objects="11971" bytes="446248" bytesdiscarded="62936" />
  <memory-copied type="tenure" objects="1039" bytes="37656" bytesdiscarded="0" />
  <ownableSynchronizers candidates="46" cleared="46" />
</gc-op>
<gc-end id="930" type="scavenge" contextid="926" durationms="1.994" usertimems="0.000" systemtimems="0.000" timestamp="2019-06-16T21:30:57.363" activeThreads="4">
  <mem-info id="931" free="2085753576" total="2092630016" percent="99">
    <mem type="nursery" free="1981184" total="3932160" percent="50">
      <mem type="allocate" free="1981184" total="2490368" percent="79" />
      <mem type="survivor" free="0" total="1441792" percent="0" />
    </mem>
    <mem type="tenure" free="2083772392" total="2088697856" percent="99" macro-fragmented="18870">
      <mem type="soa" free="1958451176" total="1963376640" percent="99" />
      <mem type="loa" free="125321216" total="125321216" percent="100" />
    </mem>
    <remembered-set count="1571" />
  </mem-info>
</gc-end>
<cycle-end id="932" type="scavenge" contextid="926" timestamp="2019-06-16T21:30:57.363" />
  <attribute name="elasticGC enabled" value="1" />
  <attribute name= "numThreadsSpecified" value="4" />
  <attribute name="heapSize specified" value="9371648" />
  <attribute name="Current GC Util" value="714" />
  <attribute name= "Current Time Running" value="43327" />
  <attribute name ="GC Interval" value="2880" />
  <attribute name="ProportionalT" value="347.000000" />
  <attribute name="ProportionalI" value="347.000000" />
  <attribute name="ProportionalH" value="347.000000" />
  <attribute name="Current Error" value="694.000000" />
  <attribute name="IntegralT" value="2429.000000" />
  <attribute name="IntegralI" value="2429.000000" />
  <attribute name="IntegralH" value="2429.000000" />
  <attribute name="DerivativeT" value="99.142857" />
  <attribute name="DerivativeI" value="99.142857" />
  <attribute name="DerivativeH" value="99.142857" />
  <attribute name="Loop Time for DT" value="7.000000" />
  <attribute name="Output H" value="8388608"/>
  <attribute name="Output I" value="2880"/>
  <attribute name="Output T" value="4"/>
  <attribute name="Target GC Util Change" value ="20.000000" />
  <attribute name="Current GC Util Change" value="714.000000"/>
  <attribute name="GC Util currently" value="714" />
  <attribute name="CPU Util currently" value="648456893660" />
<allocation-satisfied id="933" threadId="0000000002213700" bytesRequested="48" />
<af-end id="934" timestamp="2019-06-16T21:30:57.364" threadId="0000000002214088" success="true" from="nursery"/>
<exclusive-end id="935" timestamp="2019-06-16T21:30:57.364" durationms="2.930" />

<exclusive-start id="936" timestamp="2019-06-16T21:30:57.369" intervalms="8.297">
  <response-info timems="0.065" idlems="0.065" threads="0" lastid="0000000002213700" lastname="main" />
</exclusive-start>
<af-start id="937" threadId="0000000002214088" totalBytesRequested="32" timestamp="2019-06-16T21:30:57.369" intervalms="8.289" type="nursery" />
<cycle-start id="938" type="scavenge" contextid="0" timestamp="2019-06-16T21:30:57.369" intervalms="8.292" />
<gc-start id="939" type="scavenge" contextid="938" timestamp="2019-06-16T21:30:57.369">
  <mem-info id="940" free="2083772392" total="2092630016" percent="99">
    <mem type="nursery" free="0" total="3932160" percent="0">
      <mem type="allocate" free="0" total="2490368" percent="0" />
      <mem type="survivor" free="0" total="1441792" percent="0" />
    </mem>
    <mem type="tenure" free="2083772392" total="2088697856" percent="99">
      <mem type="soa" free="1958451176" total="1963376640" percent="99" />
      <mem type="loa" free="125321216" total="125321216" percent="100" />
    </mem>
    <remembered-set count="1811" />
  </mem-info>
</gc-start>
<allocation-stats totalBytes="1980896" >
  <allocated-bytes non-tlh="48" tlh="1980848" />
  <largest-consumer threadName="main" threadId="0000000002213700" bytes="1980896" />
</allocation-stats>
<gc-op id="941" type="scavenge" timems="1.072" contextid="938" timestamp="2019-06-16T21:30:57.371">
  <scavenger-info tenureage="3" tenuremask="7f08" tiltratio="63" />
  <memory-copied type="nursery" objects="13300" bytes="494768" bytesdiscarded="45136" />
  <memory-copied type="tenure" objects="1189" bytes="45032" bytesdiscarded="272" />
</gc-op>
<gc-end id="942" type="scavenge" contextid="938" durationms="1.867" usertimems="0.000" systemtimems="0.000" timestamp="2019-06-16T21:30:57.371" activeThreads="4">
  <mem-info id="943" free="2085841128" total="2092630016" percent="99">
    <mem type="nursery" free="2147072" total="3932160" percent="54">
      <mem type="allocate" free="2147072" total="2686976" percent="79" />
      <mem type="survivor" free="0" total="1245184" percent="0" />
    </mem>
    <mem type="tenure" free="2083694056" total="2088697856" percent="99" macro-fragmented="18870">
      <mem type="soa" free="1958372840" total="1963376640" percent="99" />
      <mem type="loa" free="125321216" total="125321216" percent="100" />
    </mem>
    <remembered-set count="1711" />
  </mem-info>
</gc-end>
<cycle-end id="944" type="scavenge" contextid="938" timestamp="2019-06-16T21:30:57.371" />
  <attribute name="elasticGC enabled" value="1" />
  <attribute name= "numThreadsSpecified" value="4" />
  <attribute name="heapSize specified" value="9371648" />
  <attribute name="Current GC Util" value="27" />
  <attribute name= "Current Time Running" value="43336" />
  <attribute name ="GC Interval" value="200" />
  <attribute name="ProportionalT" value="3.500000" />
  <attribute name="ProportionalI" value="3.500000" />
  <attribute name="ProportionalH" value="3.500000" />
  <attribute name="Current Error" value="7.000000" />
  <attribute name="IntegralT" value="31.500000" />
  <attribute name="IntegralI" value="31.500000" />
  <attribute name="IntegralH" value="31.500000" />
  <attribute name="DerivativeT" value="-76.333333" />
  <attribute name="DerivativeI" value="-76.333333" />
  <attribute name="DerivativeH" value="-76.333333" />
  <attribute name="Loop Time for DT" value="9.000000" />
  <attribute name="Output H" value="2092630016"/>
  <attribute name="Output I" value="200"/>
  <attribute name="Output T" value="4"/>
  <attribute name="Target GC Util Change" value ="20.000000" />
  <attribute name="Current GC Util Change" value="27.000000"/>
  <attribute name="GC Util currently" value="27" />
  <attribute name="CPU Util currently" value="547558037080" />
<allocation-satisfied id="945" threadId="0000000002213700" bytesRequested="32" />
<af-end id="946" timestamp="2019-06-16T21:30:57.372" threadId="0000000002214088" success="true" from="nursery"/>
<exclusive-end id="947" timestamp="2019-06-16T21:30:57.372" durationms="2.604" />

<exclusive-start id="948" timestamp="2019-06-16T21:30:57.389" intervalms="20.173">
  <response-info timems="0.063" idlems="0.063" threads="0" lastid="0000000002213700" lastname="main" />
</exclusive-start>
<af-start id="949" threadId="0000000002214088" totalBytesRequested="56" timestamp="2019-06-16T21:30:57.389" intervalms="20.196" type="nursery" />
<cycle-start id="950" type="scavenge" contextid="0" timestamp="2019-06-16T21:30:57.390" intervalms="20.200" />
<gc-start id="951" type="scavenge" contextid="950" timestamp="2019-06-16T21:30:57.390">
  <mem-info id="952" free="2083694056" total="2092630016" percent="99">
    <mem type="nursery" free="0" total="3932160" percent="0">
      <mem type="allocate" free="0" total="2686976" percent="0" />
      <mem type="survivor" free="0" total="1245184" percent="0" />
    </mem>
    <mem type="tenure" free="2083694056" total="2088697856" percent="99">
      <mem type="soa" free="1958372840" total="1963376640" percent="99" />
      <mem type="loa" free="125321216" total="125321216" percent="100" />
    </mem>
    <remembered-set count="1785" />
  </mem-info>
</gc-start>
<allocation-stats totalBytes="2145048" >
  <allocated-bytes non-tlh="32" tlh="2145016" />
  <largest-consumer threadName="main" threadId="0000000002213700" bytes="2145048" />
</allocation-stats>
<gc-op id="953" type="scavenge" timems="0.871" contextid="950" timestamp="2019-06-16T21:30:57.391">
  <scavenger-info tenureage="3" tenuremask="ffe8" tiltratio="68" />
  <memory-copied type="nursery" objects="14020" bytes="591792" bytesdiscarded="109912" />
  <memory-copied type="tenure" objects="4616" bytes="176192" bytesdiscarded="40" />
</gc-op>
<gc-end id="954" type="scavenge" contextid="950" durationms="1.610" usertimems="4.000" systemtimems="0.000" timestamp="2019-06-16T21:30:57.391" activeThreads="4">
  <mem-info id="955" free="2085549024" total="2092630016" percent="99">
    <mem type="nursery" free="2050808" total="3932160" percent="52">
      <mem type="allocate" free="2050808" total="2752512" percent="74" />
      <mem type="survivor" free="0" total="1179648" percent="0" />
    </mem>
    <mem type="tenure" free="2083498216" total="2088697856" percent="99" macro-fragmented="3110739">
      <mem type="soa" free="1958177000" total="1963376640" percent="99" />
      <mem type="loa" free="125321216" total="125321216" percent="100" />
    </mem>
    <remembered-set count="1089" />
  </mem-info>
</gc-end>
<cycle-end id="956" type="scavenge" contextid="950" timestamp="2019-06-16T21:30:57.391" />
  <attribute name="elasticGC enabled" value="1" />
  <attribute name= "numThreadsSpecified" value="4" />
  <attribute name="heapSize specified" value="9371648" />
  <attribute name="Current GC Util" value="9" />
  <attribute name= "Current Time Running" value="43356" />
  <attribute name ="GC Interval" value="200" />
  <attribute name="ProportionalT" value="-5.500000" />
  <attribute name="ProportionalI" value="-5.500000" />
  <attribute name="ProportionalH" value="-5.500000" />
  <attribute name="Current Error" value="-11.000000" />
  <attribute name="IntegralT" value="-110.000000" />
  <attribute name="IntegralI" value="-110.000000" />
  <attribute name="IntegralH" value="-110.000000" />
  <attribute name="DerivativeT" value="-0.900000" />
  <attribute name="DerivativeI" value="-0.900000" />
  <attribute name="DerivativeH" value="-0.900000" />
  <attribute name="Loop Time for DT" value="20.000000" />
  <attribute name="Output H" value="2092630016"/>
  <attribute name="Output I" value="200"/>
  <attribute name="Output T" value="4"/>
  <attribute name="Target GC Util Change" value ="20.000000" />
  <attribute name="Current GC Util Change" value="9.000000"/>
  <attribute name="GC Util currently" value="9" />
  <attribute name="CPU Util currently" value="228174853910" />
<allocation-satisfied id="957" threadId="0000000002213700" bytesRequested="56" />
<af-end id="958" timestamp="2019-06-16T21:30:57.392" threadId="0000000002214088" success="true" from="nursery"/>
<exclusive-end id="959" timestamp="2019-06-16T21:30:57.392" durationms="2.489" />

<exclusive-start id="960" timestamp="2019-06-16T21:30:57.439" intervalms="50.251">
  <response-info timems="0.064" idlems="0.064" threads="0" lastid="0000000002213700" lastname="main" />
</exclusive-start>
<af-start id="961" threadId="0000000002214088" totalBytesRequested="200008" timestamp="2019-06-16T21:30:57.440" intervalms="50.169" type="nursery" />
<cycle-start id="962" type="scavenge" contextid="0" timestamp="2019-06-16T21:30:57.440" intervalms="50.132" />
<gc-start id="963" type="scavenge" contextid="962" timestamp="2019-06-16T21:30:57.440">
  <mem-info id="964" free="2083506720" total="2092630016" percent="99">
    <mem type="nursery" free="150264" total="3932160" percent="3">
      <mem type="allocate" free="150264" total="2752512" percent="5" />
      <mem type="survivor" free="0" total="1179648" percent="0" />
    </mem>
    <mem type="tenure" free="2083356456" total="2088697856" percent="99">
      <mem type="soa" free="1958035240" total="1963376640" percent="99" />
      <mem type="loa" free="125321216" total="125321216" percent="100" />
    </mem>
    <remembered-set count="3460" />
  </mem-info>
</gc-start>
<allocation-stats totalBytes="2034480" >
  <allocated-bytes non-tlh="141816" tlh="1892664" />
  <largest-consumer threadName="main" threadId="0000000002213700" bytes="2034480" />
</allocation-stats>
<gc-op id="965" type="scavenge" timems="1.039" contextid="962" timestamp="2019-06-16T21:30:57.441">
  <scavenger-info tenureage="5" tenuremask="ffe0" tiltratio="70" />
  <memory-copied type="nursery" objects="16335" bytes="678104" bytesdiscarded="79776" />
  <references type="soft" candidates="70" cleared="0" enqueued="0" dynamicThreshold="31" maxThreshold="32" />
  <references type="weak" candidates="126" cleared="32" enqueued="23" />
  <references type="phantom" candidates="1" cleared="0" enqueued="0" />
</gc-op>
<gc-end id="966" type="scavenge" contextid="962" durationms="1.641" usertimems="4.000" systemtimems="0.000" timestamp="2019-06-16T21:30:57.441" activeThreads="4">
  <mem-info id="967" free="2085613096" total="2092630016" percent="99">
    <mem type="nursery" free="2256640" total="3932160" percent="57">
      <mem type="allocate" free="2256640" total="3014656" percent="74" />
      <mem type="survivor" free="0" total="917504" percent="0" />
    </mem>
    <mem type="tenure" free="2083356456" total="2088697856" percent="99" macro-fragmented="327720">
      <mem type="soa" free="1958035240" total="1963376640" percent="99" />
      <mem type="loa" free="125321216" total="125321216" percent="100" />
    </mem>
    <pending-finalizers system="0" default="0" reference="23" classloader="0" />
    <remembered-set count="3450" />
  </mem-info>
</gc-end>
<cycle-end id="968" type="scavenge" contextid="962" timestamp="2019-06-16T21:30:57.442" />
  <attribute name="elasticGC enabled" value="1" />
  <attribute name= "numThreadsSpecified" value="4" />
  <attribute name="heapSize specified" value="9371648" />
  <attribute name="Current GC Util" value="4" />
  <attribute name= "Current Time Running" value="43406" />
  <attribute name ="GC Interval" value="200" />
  <attribute name="ProportionalT" value="-8.000000" />
  <attribute name="ProportionalI" value="-8.000000" />
  <attribute name="ProportionalH" value="-8.000000" />
  <attribute name="Current Error" value="-16.000000" />
  <attribute name="IntegralT" value="-400.000000" />
  <attribute name="IntegralI" value="-400.000000" />
  <attribute name="IntegralH" value="-400.000000" />
  <attribute name="DerivativeT" value="-0.320000" />
  <attribute name="DerivativeI" value="-0.320000" />
  <attribute name="DerivativeH" value="-0.320000" />
  <attribute name="Loop Time for DT" value="50.000000" />
  <attribute name="Output H" value="2092630016"/>
  <attribute name="Output I" value="200"/>
  <attribute name="Output T" value="4"/>
  <attribute name="Target GC Util Change" value ="20.000000" />
  <attribute name="Current GC Util Change" value="4.000000"/>
  <attribute name="GC Util currently" value="4" />
  <attribute name="CPU Util currently" value="92382108058" />
<allocation-satisfied id="969" threadId="0000000002213700" bytesRequested="200008" />
<af-end id="970" timestamp="2019-06-16T21:30:57.442" threadId="0000000002214088" success="true" from="nursery"/>
<exclusive-end id="971" timestamp="2019-06-16T21:30:57.442" durationms="2.424" />

<exclusive-start id="972" timestamp="2019-06-16T21:30:57.458" intervalms="18.028">
  <response-info timems="0.071" idlems="0.071" threads="0" lastid="0000000002213700" lastname="main" />
</exclusive-start>
<af-start id="973" threadId="0000000002214088" totalBytesRequested="24" timestamp="2019-06-16T21:30:57.458" intervalms="18.082" type="nursery" />
<cycle-start id="974" type="scavenge" contextid="0" timestamp="2019-06-16T21:30:57.458" intervalms="18.122" />
<gc-start id="975" type="scavenge" contextid="974" timestamp="2019-06-16T21:30:57.458">
  <mem-info id="976" free="2083356456" total="2092630016" percent="99">
    <mem type="nursery" free="0" total="3932160" percent="0">
      <mem type="allocate" free="0" total="3014656" percent="0" />
      <mem type="survivor" free="0" total="917504" percent="0" />
    </mem>
    <mem type="tenure" free="2083356456" total="2088697856" percent="99">
      <mem type="soa" free="1958035240" total="1963376640" percent="99" />
      <mem type="loa" free="125321216" total="125321216" percent="100" />
    </mem>
    <remembered-set count="3452" />
  </mem-info>
</gc-start>
<allocation-stats totalBytes="2256448" >
  <allocated-bytes non-tlh="265552" tlh="1990896" />
  <largest-consumer threadName="main" threadId="0000000002213700" bytes="2252352" />
</allocation-stats>
<gc-op id="977" type="scavenge" timems="1.275" contextid="974" timestamp="2019-06-16T21:30:57.459">
  <scavenger-info tenureage="3" tenuremask="fff8" tiltratio="76" />
  <memory-copied type="nursery" objects="12012" bytes="832136" bytesdiscarded="85264" />
  <memory-copied type="tenure" objects="8931" bytes="346432" bytesdiscarded="168" />
  <copy-failed type="nursery" objects="1237" bytes="54752" />
  <references type="soft" candidates="70" cleared="0" enqueued="0" dynamicThreshold="31" maxThreshold="32" />
  <references type="weak" candidates="94" cleared="0" enqueued="0" />
  <references type="phantom" candidates="1" cleared="0" enqueued="0" />
</gc-op>
<gc-end id="978" type="scavenge" contextid="974" durationms="2.048" usertimems="4.000" systemtimems="0.000" timestamp="2019-06-16T21:30:57.460" activeThreads="4">
  <mem-info id="979" free="2084751144" total="2092630016" percent="99">
    <mem type="nursery" free="1769472" total="3932160" percent="45">
      <mem type="allocate" free="1769472" total="2686976" percent="65" />
      <mem type="survivor" free="0" total="1245184" percent="0" />
    </mem>
    <mem type="tenure" free="2082981672" total="2088697856" percent="99" macro-fragmented="0">
      <mem type="soa" free="1957660456" total="1963376640" percent="99" />
      <mem type="loa" free="125321216" total="125321216" percent="100" />
    </mem>
    <remembered-set count="3629" />
  </mem-info>
</gc-end>
<cycle-end id="980" type="scavenge" contextid="974" timestamp="2019-06-16T21:30:57.460" />
  <attribute name="elasticGC enabled" value="1" />
  <attribute name= "numThreadsSpecified" value="4" />
  <attribute name="heapSize specified" value="9371648" />
  <attribute name="Current GC Util" value="11" />
  <attribute name= "Current Time Running" value="43424" />
  <attribute name ="GC Interval" value="200" />
  <attribute name="ProportionalT" value="-4.500000" />
  <attribute name="ProportionalI" value="-4.500000" />
  <attribute name="ProportionalH" value="-4.500000" />
  <attribute name="Current Error" value="-9.000000" />
  <attribute name="IntegralT" value="-81.000000" />
  <attribute name="IntegralI" value="-81.000000" />
  <attribute name="IntegralH" value="-81.000000" />
  <attribute name="DerivativeT" value="-0.500000" />
  <attribute name="DerivativeI" value="-0.500000" />
  <attribute name="DerivativeH" value="-0.500000" />
  <attribute name="Loop Time for DT" value="18.000000" />
  <attribute name="Output H" value="2092630016"/>
  <attribute name="Output I" value="200"/>
  <attribute name="Output T" value="4"/>
  <attribute name="Target GC Util Change" value ="20.000000" />
  <attribute name="Current GC Util Change" value="11.000000"/>
  <attribute name="GC Util currently" value="11" />
  <attribute name="CPU Util currently" value="251640701052" />
<allocation-satisfied id="981" threadId="0000000002213700" bytesRequested="24" />
<af-end id="982" timestamp="2019-06-16T21:30:57.460" threadId="0000000002214088" success="true" from="nursery"/>
<exclusive-end id="983" timestamp="2019-06-16T21:30:57.460" durationms="2.745" />

<exclusive-start id="984" timestamp="2019-06-16T21:30:57.466" intervalms="8.205">
  <response-info timems="0.074" idlems="0.074" threads="0" lastid="0000000002213700" lastname="main" />
</exclusive-start>
<af-start id="985" threadId="0000000002214088" totalBytesRequested="32" timestamp="2019-06-16T21:30:57.466" intervalms="8.186" type="nursery" />
<cycle-start id="986" type="scavenge" contextid="0" timestamp="2019-06-16T21:30:57.466" intervalms="8.174" />
<gc-start id="987" type="scavenge" contextid="986" timestamp="2019-06-16T21:30:57.466">
  <mem-info id="988" free="2082981672" total="2092630016" percent="99">
    <mem type="nursery" free="0" total="3932160" percent="0">
      <mem type="allocate" free="0" total="2686976" percent="0" />
      <mem type="survivor" free="0" total="1245184" percent="0" />
    </mem>
    <mem type="tenure" free="2082981672" total="2088697856" percent="99">
      <mem type="soa" free="1957660456" total="1963376640" percent="99" />
      <mem type="loa" free="125321216" total="125321216" percent="100" />
    </mem>
    <remembered-set count="3629" />
  </mem-info>
</gc-start>
<allocation-stats totalBytes="1769248" >
  <allocated-bytes non-tlh="24" tlh="1769224" />
  <largest-consumer threadName="main" threadId="0000000002213700" bytes="1769248" />
</allocation-stats>
<gc-op id="989" type="scavenge" timems="0.857" contextid="986" timestamp="2019-06-16T21:30:57.467">
  <scavenger-info tenureage="3" tenuremask="7f88" tiltratio="68" />
  <memory-copied type="nursery" objects="14912" bytes="942576" bytesdiscarded="112272" />
  <memory-copied type="tenure" objects="488" bytes="19224" bytesdiscarded="16" />
  <references type="soft" candidates="70" cleared="0" enqueued="0" dynamicThreshold="31" maxThreshold="32" />
  <references type="weak" candidates="94" cleared="0" enqueued="0" />
  <references type="phantom" candidates="1" cleared="0" enqueued="0" />
</gc-op>
<gc-end id="990" type="scavenge" contextid="986" durationms="1.627" usertimems="4.000" systemtimems="0.000" timestamp="2019-06-16T21:30:57.468" activeThreads="4">
  <mem-info id="991" free="2084705600" total="2092630016" percent="99">
    <mem type="nursery" free="1763096" total="3932160" percent="44">
      <mem type="allocate" free="1763096" total="2818048" percent="62" />
      <mem type="survivor" free="0" total="1114112" percent="0" />
    </mem>
    <mem type="tenure" free="2082942504" total="2088697856" percent="99" macro-fragmented="2592282">
      <mem type="soa" free="1957621288" total="1963376640" percent="99" />
      <mem type="loa" free="125321216" total="125321216" percent="100" />
    </mem>
    <remembered-set count="1089" />
  </mem-info>
</gc-end>
<cycle-end id="992" type="scavenge" contextid="986" timestamp="2019-06-16T21:30:57.468" />
  <attribute name="elasticGC enabled" value="1" />
  <attribute name= "numThreadsSpecified" value="4" />
  <attribute name="heapSize specified" value="9371648" />
  <attribute name="Current GC Util" value="32" />
  <attribute name= "Current Time Running" value="43432" />
  <attribute name ="GC Interval" value="200" />
  <attribute name="ProportionalT" value="6.000000" />
  <attribute name="ProportionalI" value="6.000000" />
  <attribute name="ProportionalH" value="6.000000" />
  <attribute name="Current Error" value="12.000000" />
  <attribute name="IntegralT" value="48.000000" />
  <attribute name="IntegralI" value="48.000000" />
  <attribute name="IntegralH" value="48.000000" />
  <attribute name="DerivativeT" value="1.500000" />
  <attribute name="DerivativeI" value="1.500000" />
  <attribute name="DerivativeH" value="1.500000" />
  <attribute name="Loop Time for DT" value="8.000000" />
  <attribute name="Output H" value="8388608"/>
  <attribute name="Output I" value="200"/>
  <attribute name="Output T" value="4"/>
  <attribute name="Target GC Util Change" value ="20.000000" />
  <attribute name="Current GC Util Change" value="32.000000"/>
  <attribute name="GC Util currently" value="32" />
  <attribute name="CPU Util currently" value="565274394862" />
<allocation-satisfied id="993" threadId="0000000002213700" bytesRequested="32" />
<af-end id="994" timestamp="2019-06-16T21:30:57.468" threadId="0000000002214088" success="true" from="nursery"/>
<exclusive-end id="995" timestamp="2019-06-16T21:30:57.468" durationms="2.415" />

<exclusive-start id="996" timestamp="2019-06-16T21:30:57.479" intervalms="13.203">
  <response-info timems="0.064" idlems="0.064" threads="0" lastid="0000000002213700" lastname="main" />
</exclusive-start>
<af-start id="997" threadId="0000000002214088" totalBytesRequested="16" timestamp="2019-06-16T21:30:57.479" intervalms="13.217" type="nursery" />
<cycle-start id="998" type="scavenge" contextid="0" timestamp="2019-06-16T21:30:57.479" intervalms="13.221" />
<gc-start id="999" type="scavenge" contextid="998" timestamp="2019-06-16T21:30:57.479">
  <mem-info id="1000" free="2082942464" total="2092630016" percent="99">
    <mem type="nursery" free="0" total="3932160" percent="0">
      <mem type="allocate" free="0" total="2818048" percent="0" />
      <mem type="survivor" free="0" total="1114112" percent="0" />
    </mem>
    <mem type="tenure" free="2082942464" total="2088697856" percent="99">
      <mem type="soa" free="1957621248" total="1963376640" percent="99" />
      <mem type="loa" free="125321216" total="125321216" percent="100" />
    </mem>
    <remembered-set count="1090" />
  </mem-info>
</gc-start>
<allocation-stats totalBytes="1762688" >
  <allocated-bytes non-tlh="72" tlh="1762616" />
  <largest-consumer threadName="main" threadId="0000000002213700" bytes="1762688" />
</allocation-stats>
<gc-op id="1001" type="scavenge" timems="0.846" contextid="998" timestamp="2019-06-16T21:30:57.480">
  <scavenger-info tenureage="2" tenuremask="7fcc" tiltratio="71" />
  <memory-copied type="nursery" objects="8765" bytes="385536" bytesdiscarded="142848" />
  <memory-copied type="tenure" objects="10113" bytes="481552" bytesdiscarded="152" />
</gc-op>
<gc-end id="1002" type="scavenge" contextid="998" durationms="1.674" usertimems="4.000" systemtimems="0.000" timestamp="2019-06-16T21:30:57.481" activeThreads="4">
  <mem-info id="1003" free="2084694264" total="2092630016" percent="99">
    <mem type="nursery" free="2289664" total="3932160" percent="58">
      <mem type="allocate" free="2289664" total="2818048" percent="81" />
      <mem type="survivor" free="0" total="1114112" percent="0" />
    </mem>
    <mem type="tenure" free="2082404600" total="2088697856" percent="99" macro-fragmented="0">
      <mem type="soa" free="1957083384" total="1963376640" percent="99" />
      <mem type="loa" free="125321216" total="125321216" percent="100" />
    </mem>
    <remembered-set count="491" />
  </mem-info>
</gc-end>
<cycle-end id="1004" type="scavenge" contextid="998" timestamp="2019-06-16T21:30:57.481" />
  <attribute name="elasticGC enabled" value="1" />
  <attribute name= "numThreadsSpecified" value="4" />
  <attribute name="heapSize specified" value="9371648" />
  <attribute name="Current GC Util" value="16" />
  <attribute name= "Current Time Running" value="43445" />
  <attribute name ="GC Interval" value="200" />
  <attribute name="ProportionalT" value="-2.000000" />
  <attribute name="ProportionalI" value="-2.000000" />
  <attribute name="ProportionalH" value="-2.000000" />
  <attribute name="Current Error" value="-4.000000" />
  <attribute name="IntegralT" value="-26.000000" />
  <attribute name="IntegralI" value="-26.000000" />
  <attribute name="IntegralH" value="-26.000000" />
  <attribute name="DerivativeT" value="-1.230769" />
  <attribute name="DerivativeI" value="-1.230769" />
  <attribute name="DerivativeH" value="-1.230769" />
  <attribute name="Loop Time for DT" value="13.000000" />
  <attribute name="Output H" value="2092630016"/>
  <attribute name="Output I" value="200"/>
  <attribute name="Output T" value="4"/>
  <attribute name="Target GC Util Change" value ="20.000000" />
  <attribute name="Current GC Util Change" value="16.000000"/>
  <attribute name="GC Util currently" value="16" />
  <attribute name="CPU Util currently" value="348316100209" />
<allocation-satisfied id="1005" threadId="0000000002213700" bytesRequested="16" />
<af-end id="1006" timestamp="2019-06-16T21:30:57.481" threadId="0000000002214088" success="true" from="nursery"/>
<exclusive-end id="1007" timestamp="2019-06-16T21:30:57.481" durationms="2.365" />

<exclusive-start id="1008" timestamp="2019-06-16T21:30:57.525" intervalms="45.580">
  <response-info timems="0.032" idlems="0.032" threads="0" lastid="0000000002213700" lastname="main" />
</exclusive-start>
<af-start id="1009" threadId="0000000002214088" totalBytesRequested="240" timestamp="2019-06-16T21:30:57.525" intervalms="45.598" type="nursery" />
<cycle-start id="1010" type="scavenge" contextid="0" timestamp="2019-06-16T21:30:57.525" intervalms="45.599" />
<gc-start id="1011" type="scavenge" contextid="1010" timestamp="2019-06-16T21:30:57.525">
  <mem-info id="1012" free="2082384992" total="2092630016" percent="99">
    <mem type="nursery" free="0" total="3932160" percent="0">
      <mem type="allocate" free="0" total="2818048" percent="0" />
      <mem type="survivor" free="0" total="1114112" percent="0" />
    </mem>
    <mem type="tenure" free="2082384992" total="2088697856" percent="99">
      <mem type="soa" free="1957063776" total="1963376640" percent="99" />
      <mem type="loa" free="125321216" total="125321216" percent="100" />
    </mem>
    <remembered-set count="612" />
  </mem-info>
</gc-start>
<allocation-stats totalBytes="2307400" >
  <allocated-bytes non-tlh="219632" tlh="2087768" />
  <largest-consumer threadName="main" threadId="0000000002213700" bytes="2307400" />
</allocation-stats>
<gc-op id="1013" type="scavenge" timems="0.654" contextid="1010" timestamp="2019-06-16T21:30:57.526">
  <scavenger-info tenureage="6" tenuremask="7fc0" tiltratio="71" />
  <memory-copied type="nursery" objects="8839" bytes="693512" bytesdiscarded="151992" />
  <references type="soft" candidates="33" cleared="0" enqueued="0" dynamicThreshold="31" maxThreshold="32" />
  <references type="weak" candidates="8" cleared="2" enqueued="2" />
  <references type="phantom" candidates="1" cleared="0" enqueued="0" />
</gc-op>
<gc-end id="1014" type="scavenge" contextid="1010" durationms="1.474" usertimems="4.000" systemtimems="0.000" timestamp="2019-06-16T21:30:57.526" activeThreads="4">
  <mem-info id="1015" free="2084357480" total="2092630016" percent="99">
    <mem type="nursery" free="1972488" total="3932160" percent="50">
      <mem type="allocate" free="1972488" total="2818048" percent="69" />
      <mem type="survivor" free="0" total="1114112" percent="0" />
    </mem>
    <mem type="tenure" free="2082384992" total="2088697856" percent="99" macro-fragmented="9100">
      <mem type="soa" free="1957063776" total="1963376640" percent="99" />
      <mem type="loa" free="125321216" total="125321216" percent="100" />
    </mem>
    <pending-finalizers system="0" default="0" reference="2" classloader="0" />
    <remembered-set count="610" />
  </mem-info>
</gc-end>
<cycle-end id="1016" type="scavenge" contextid="1010" timestamp="2019-06-16T21:30:57.527" />
  <attribute name="elasticGC enabled" value="1" />
  <attribute name= "numThreadsSpecified" value="4" />
  <attribute name="heapSize specified" value="9371648" />
  <attribute name="Current GC Util" value="5" />
  <attribute name= "Current Time Running" value="43491" />
  <attribute name ="GC Interval" value="200" />
  <attribute name="ProportionalT" value="-7.500000" />
  <attribute name="ProportionalI" value="-7.500000" />
  <attribute name="ProportionalH" value="-7.500000" />
  <attribute name="Current Error" value="-15.000000" />
  <attribute name="IntegralT" value="-345.000000" />
  <attribute name="IntegralI" value="-345.000000" />
  <attribute name="IntegralH" value="-345.000000" />
  <attribute name="DerivativeT" value="-0.326087" />
  <attribute name="DerivativeI" value="-0.326087" />
  <attribute name="DerivativeH" value="-0.326087" />
  <attribute name="Loop Time for DT" value="46.000000" />
  <attribute name="Output H" value="2092630016"/>
  <attribute name="Output I" value="200"/>
  <attribute name="Output T" value="4"/>
  <attribute name="Target GC Util Change" value ="20.000000" />
  <attribute name="Current GC Util Change" value="5.000000"/>
  <attribute name="GC Util currently" value="5" />
  <attribute name="CPU Util currently" value="101147488262" />
<allocation-satisfied id="1017" threadId="0000000002213700" bytesRequested="240" />
<af-end id="1018" timestamp="2019-06-16T21:30:57.527" threadId="0000000002214088" success="true" from="nursery"/>
<exclusive-end id="1019" timestamp="2019-06-16T21:30:57.527" durationms="2.363" />

<exclusive-start id="1020" timestamp="2019-06-16T21:30:57.532" intervalms="7.390">
  <response-info timems="0.050" idlems="0.050" threads="0" lastid="0000000002213700" lastname="main" />
</exclusive-start>
<af-start id="1021" threadId="0000000002214088" totalBytesRequested="24" timestamp="2019-06-16T21:30:57.532" intervalms="7.316" type="nursery" />
<cycle-start id="1022" type="scavenge" contextid="0" timestamp="2019-06-16T21:30:57.532" intervalms="7.309" />
<gc-start id="1023" type="scavenge" contextid="1022" timestamp="2019-06-16T21:30:57.532">
  <mem-info id="1024" free="2082384992" total="2092630016" percent="99">
    <mem type="nursery" free="0" total="3932160" percent="0">
      <mem type="allocate" free="0" total="2818048" percent="0" />
      <mem type="survivor" free="0" total="1114112" percent="0" />
    </mem>
    <mem type="tenure" free="2082384992" total="2088697856" percent="99">
      <mem type="soa" free="1957063776" total="1963376640" percent="99" />
      <mem type="loa" free="125321216" total="125321216" percent="100" />
    </mem>
    <remembered-set count="611" />
  </mem-info>
</gc-start>
<allocation-stats totalBytes="1971784" >
  <allocated-bytes non-tlh="240" tlh="1971544" />
  <largest-consumer threadName="main" threadId="0000000002213700" bytes="1967688" />
</allocation-stats>
<gc-op id="1025" type="scavenge" timems="0.722" contextid="1022" timestamp="2019-06-16T21:30:57.533">
  <scavenger-info tenureage="3" tenuremask="7fc8" tiltratio="71" />
  <memory-copied type="nursery" objects="8625" bytes="683400" bytesdiscarded="86160" />
  <memory-copied type="tenure" objects="3238" bytes="126336" bytesdiscarded="32" />
  <references type="soft" candidates="33" cleared="0" enqueued="0" dynamicThreshold="31" maxThreshold="32" />
  <references type="weak" candidates="4" cleared="0" enqueued="0" />
  <references type="phantom" candidates="1" cleared="0" enqueued="0" />
</gc-op>
<gc-end id="1026" type="scavenge" contextid="1022" durationms="1.389" usertimems="4.000" systemtimems="0.000" timestamp="2019-06-16T21:30:57.534" activeThreads="4">
  <mem-info id="1027" free="2084289296" total="2092630016" percent="99">
    <mem type="nursery" free="2113968" total="3932160" percent="53">
      <mem type="allocate" free="2113968" total="2883584" percent="73" />
      <mem type="survivor" free="0" total="1048576" percent="0" />
    </mem>
    <mem type="tenure" free="2082175328" total="2088697856" percent="99" macro-fragmented="1310760">
      <mem type="soa" free="1956854112" total="1963376640" percent="99" />
      <mem type="loa" free="125321216" total="125321216" percent="100" />
    </mem>
    <remembered-set count="491" />
  </mem-info>
</gc-end>
<cycle-end id="1028" type="scavenge" contextid="1022" timestamp="2019-06-16T21:30:57.534" />
  <attribute name="elasticGC enabled" value="1" />
  <attribute name= "numThreadsSpecified" value="4" />
  <attribute name="heapSize specified" value="9371648" />
  <attribute name="Current GC Util" value="23" />
  <attribute name= "Current Time Running" value="43498" />
  <attribute name ="GC Interval" value="200" />
  <attribute name="ProportionalT" value="1.500000" />
  <attribute name="ProportionalI" value="1.500000" />
  <attribute name="ProportionalH" value="1.500000" />
  <attribute name="Current Error" value="3.000000" />
  <attribute name="IntegralT" value="10.500000" />
  <attribute name="IntegralI" value="10.500000" />
  <attribute name="IntegralH" value="10.500000" />
  <attribute name="DerivativeT" value="0.428571" />
  <attribute name="DerivativeI" value="0.428571" />
  <attribute name="DerivativeH" value="0.428571" />
  <attribute name="Loop Time for DT" value="7.000000" />
  <attribute name="Output H" value="8388608"/>
  <attribute name="Output I" value="200"/>
  <attribute name="Output T" value="4"/>
  <attribute name="Target GC Util Change" value ="20.000000" />
  <attribute name="Current GC Util Change" value="23.000000"/>
  <attribute name="GC Util currently" value="23" />
  <attribute name="CPU Util currently" value="638899257490" />
<allocation-satisfied id="1029" threadId="0000000002213700" bytesRequested="24" />
<af-end id="1030" timestamp="2019-06-16T21:30:57.534" threadId="0000000002214088" success="true" from="nursery"/>
<exclusive-end id="1031" timestamp="2019-06-16T21:30:57.534" durationms="1.984" />

<exclusive-start id="1032" timestamp="2019-06-16T21:30:57.542" intervalms="10.306">
  <response-info timems="0.061" idlems="0.061" threads="0" lastid="0000000002213700" lastname="main" />
</exclusive-start>
<af-start id="1033" threadId="0000000002214088" totalBytesRequested="56" timestamp="2019-06-16T21:30:57.542" intervalms="10.340" type="nursery" />
<cycle-start id="1034" type="scavenge" contextid="0" timestamp="2019-06-16T21:30:57.542" intervalms="10.342" />
<gc-start id="1035" type="scavenge" contextid="1034" timestamp="2019-06-16T21:30:57.543">
  <mem-info id="1036" free="2082175328" total="2092630016" percent="99">
    <mem type="nursery" free="0" total="3932160" percent="0">
      <mem type="allocate" free="0" total="2883584" percent="0" />
      <mem type="survivor" free="0" total="1048576" percent="0" />
    </mem>
    <mem type="tenure" free="2082175328" total="2088697856" percent="99">
      <mem type="soa" free="1956854112" total="1963376640" percent="99" />
      <mem type="loa" free="125321216" total="125321216" percent="100" />
    </mem>
    <remembered-set count="491" />
  </mem-info>
</gc-start>
<allocation-stats totalBytes="2113624" >
  <allocated-bytes non-tlh="24" tlh="2113600" />
  <largest-consumer threadName="main" threadId="0000000002213700" bytes="2113624" />
</allocation-stats>
<gc-op id="1037" type="scavenge" timems="0.922" contextid="1034" timestamp="2019-06-16T21:30:57.544">
  <scavenger-info tenureage="2" tenuremask="7fcc" tiltratio="73" />
  <memory-copied type="nursery" objects="7454" bytes="333960" bytesdiscarded="102264" />
  <memory-copied type="tenure" objects="3720" bytes="237968" bytesdiscarded="72" />
</gc-op>
<gc-end id="1038" type="scavenge" contextid="1034" durationms="1.666" usertimems="4.000" systemtimems="0.000" timestamp="2019-06-16T21:30:57.544" activeThreads="4">
  <mem-info id="1039" free="2084477424" total="2092630016" percent="99">
    <mem type="nursery" free="2512896" total="3932160" percent="63">
      <mem type="allocate" free="2512896" total="2949120" percent="85" />
      <mem type="survivor" free="0" total="983040" percent="0" />
    </mem>
    <mem type="tenure" free="2081964528" total="2088697856" percent="99" macro-fragmented="1800196">
      <mem type="soa" free="1956643312" total="1963376640" percent="99" />
      <mem type="loa" free="125321216" total="125321216" percent="100" />
    </mem>
    <remembered-set count="247" />
  </mem-info>
</gc-end>
<cycle-end id="1040" type="scavenge" contextid="1034" timestamp="2019-06-16T21:30:57.544" />
  <attribute name="elasticGC enabled" value="1" />
  <attribute name= "numThreadsSpecified" value="4" />
  <attribute name="heapSize specified" value="9371648" />
  <attribute name="Current GC Util" value="17" />
  <attribute name= "Current Time Running" value="43509" />
  <attribute name ="GC Interval" value="200" />
  <attribute name="ProportionalT" value="-1.500000" />
  <attribute name="ProportionalI" value="-1.500000" />
  <attribute name="ProportionalH" value="-1.500000" />
  <attribute name="Current Error" value="-3.000000" />
  <attribute name="IntegralT" value="-16.500000" />
  <attribute name="IntegralI" value="-16.500000" />
  <attribute name="IntegralH" value="-16.500000" />
  <attribute name="DerivativeT" value="-0.545455" />
  <attribute name="DerivativeI" value="-0.545455" />
  <attribute name="DerivativeH" value="-0.545455" />
  <attribute name="Loop Time for DT" value="11.000000" />
  <attribute name="Output H" value="2092630016"/>
  <attribute name="Output I" value="200"/>
  <attribute name="Output T" value="4"/>
  <attribute name="Target GC Util Change" value ="20.000000" />
  <attribute name="Current GC Util Change" value="17.000000"/>
  <attribute name="GC Util currently" value="17" />
  <attribute name="CPU Util currently" value="444892691198" />
<allocation-satisfied id="1041" threadId="0000000002213700" bytesRequested="56" />
<af-end id="1042" timestamp="2019-06-16T21:30:57.545" threadId="0000000002214088" success="true" from="nursery"/>
<exclusive-end id="1043" timestamp="2019-06-16T21:30:57.545" durationms="2.356" />

<exclusive-start id="1044" timestamp="2019-06-16T21:30:57.588" intervalms="46.001">
  <response-info timems="0.030" idlems="0.030" threads="0" lastid="0000000002213700" lastname="main" />
</exclusive-start>
<af-start id="1045" threadId="0000000002214088" totalBytesRequested="32" timestamp="2019-06-16T21:30:57.588" intervalms="46.003" type="nursery" />
<cycle-start id="1046" type="scavenge" contextid="0" timestamp="2019-06-16T21:30:57.588" intervalms="45.998" />
<gc-start id="1047" type="scavenge" contextid="1046" timestamp="2019-06-16T21:30:57.589">
  <mem-info id="1048" free="2081946792" total="2092630016" percent="99">
    <mem type="nursery" free="0" total="3932160" percent="0">
      <mem type="allocate" free="0" total="2949120" percent="0" />
      <mem type="survivor" free="0" total="983040" percent="0" />
    </mem>
    <mem type="tenure" free="2081946792" total="2088697856" percent="99">
      <mem type="soa" free="1956625576" total="1963376640" percent="99" />
      <mem type="loa" free="125321216" total="125321216" percent="100" />
    </mem>
    <remembered-set count="343" />
  </mem-info>
</gc-start>
<allocation-stats totalBytes="2529816" >
  <allocated-bytes non-tlh="217800" tlh="2312016" />
  <largest-consumer threadName="main" threadId="0000000002213700" bytes="2529816" />
</allocation-stats>
<gc-op id="1049" type="scavenge" timems="0.750" contextid="1046" timestamp="2019-06-16T21:30:57.590">
  <scavenger-info tenureage="6" tenuremask="7fc0" tiltratio="75" />
  <memory-copied type="nursery" objects="11942" bytes="874968" bytesdiscarded="108000" />
  <references type="soft" candidates="1" cleared="0" enqueued="0" dynamicThreshold="31" maxThreshold="32" />
  <references type="weak" candidates="20" cleared="0" enqueued="0" />
  <references type="phantom" candidates="1" cleared="0" enqueued="0" />
</gc-op>
<gc-end id="1050" type="scavenge" contextid="1046" durationms="1.515" usertimems="0.000" systemtimems="0.000" timestamp="2019-06-16T21:30:57.590" activeThreads="4">
  <mem-info id="1051" free="2083454120" total="2092630016" percent="99">
    <mem type="nursery" free="1507328" total="3932160" percent="38">
      <mem type="allocate" free="1507328" total="2490368" percent="60" />
      <mem type="survivor" free="0" total="1441792" percent="0" />
    </mem>
    <mem type="tenure" free="2081946792" total="2088697856" percent="99" macro-fragmented="0">
      <mem type="soa" free="1956625576" total="1963376640" percent="99" />
      <mem type="loa" free="125321216" total="125321216" percent="100" />
    </mem>
    <remembered-set count="340" />
  </mem-info>
</gc-end>
<cycle-end id="1052" type="scavenge" contextid="1046" timestamp="2019-06-16T21:30:57.590" />
  <attribute name="elasticGC enabled" value="1" />
  <attribute name= "numThreadsSpecified" value="4" />
  <attribute name="heapSize specified" value="9371648" />
  <attribute name="Current GC Util" value="3" />
  <attribute name= "Current Time Running" value="43555" />
  <attribute name ="GC Interval" value="200" />
  <attribute name="ProportionalT" value="-8.500000" />
  <attribute name="ProportionalI" value="-8.500000" />
  <attribute name="ProportionalH" value="-8.500000" />
  <attribute name="Current Error" value="-17.000000" />
  <attribute name="IntegralT" value="-391.000000" />
  <attribute name="IntegralI" value="-391.000000" />
  <attribute name="IntegralH" value="-391.000000" />
  <attribute name="DerivativeT" value="-0.369565" />
  <attribute name="DerivativeI" value="-0.369565" />
  <attribute name="DerivativeH" value="-0.369565" />
  <attribute name="Loop Time for DT" value="46.000000" />
  <attribute name="Output H" value="2092630016"/>
  <attribute name="Output I" value="200"/>
  <attribute name="Output T" value="4"/>
  <attribute name="Target GC Util Change" value ="20.000000" />
  <attribute name="Current GC Util Change" value="3.000000"/>
  <attribute name="GC Util currently" value="3" />
  <attribute name="CPU Util currently" value="100198241986" />
<allocation-satisfied id="1053" threadId="0000000002213700" bytesRequested="32" />
<af-end id="1054" timestamp="2019-06-16T21:30:57.590" threadId="0000000002214088" success="true" from="nursery"/>
<exclusive-end id="1055" timestamp="2019-06-16T21:30:57.590" durationms="2.267" />

<exclusive-start id="1056" timestamp="2019-06-16T21:30:57.593" intervalms="5.109">
  <response-info timems="0.049" idlems="0.049" threads="0" lastid="0000000002213700" lastname="main" />
</exclusive-start>
<af-start id="1057" threadId="0000000002214088" totalBytesRequested="32" timestamp="2019-06-16T21:30:57.593" intervalms="5.090" type="nursery" />
<cycle-start id="1058" type="scavenge" contextid="0" timestamp="2019-06-16T21:30:57.594" intervalms="5.103" />
<gc-start id="1059" type="scavenge" contextid="1058" timestamp="2019-06-16T21:30:57.594">
  <mem-info id="1060" free="2081946792" total="2092630016" percent="99">
    <mem type="nursery" free="0" total="3932160" percent="0">
      <mem type="allocate" free="0" total="2490368" percent="0" />
      <mem type="survivor" free="0" total="1441792" percent="0" />
    </mem>
    <mem type="tenure" free="2081946792" total="2088697856" percent="99">
      <mem type="soa" free="1956625576" total="1963376640" percent="99" />
      <mem type="loa" free="125321216" total="125321216" percent="100" />
    </mem>
    <remembered-set count="340" />
  </mem-info>
</gc-start>
<allocation-stats totalBytes="1507096" >
  <allocated-bytes non-tlh="32" tlh="1507064" />
  <largest-consumer threadName="main" threadId="0000000002213700" bytes="1507096" />
</allocation-stats>
<gc-op id="1061" type="scavenge" timems="0.718" contextid="1058" timestamp="2019-06-16T21:30:57.594">
  <scavenger-info tenureage="3" tenuremask="7fe8" tiltratio="63" />
  <memory-copied type="nursery" objects="10211" bytes="805424" bytesdiscarded="238920" />
  <memory-copied type="tenure" objects="2856" bytes="112136" bytesdiscarded="224" />
  <references type="soft" candidates="1" cleared="0" enqueued="0" dynamicThreshold="31" maxThreshold="32" />
  <references type="weak" candidates="20" cleared="0" enqueued="0" />
  <references type="phantom" candidates="1" cleared="0" enqueued="0" />
</gc-op>
<gc-end id="1062" type="scavenge" contextid="1058" durationms="1.299" usertimems="4.000" systemtimems="0.000" timestamp="2019-06-16T21:30:57.595" activeThreads="4">
  <mem-info id="1063" free="2083349232" total="2092630016" percent="99">
    <mem type="nursery" free="1511496" total="3932160" percent="38">
      <mem type="allocate" free="1511496" total="2555904" percent="59" />
      <mem type="survivor" free="0" total="1376256" percent="0" />
    </mem>
    <mem type="tenure" free="2081837736" total="2088697856" percent="99" macro-fragmented="2592282">
      <mem type="soa" free="1956516520" total="1963376640" percent="99" />
      <mem type="loa" free="125321216" total="125321216" percent="100" />
    </mem>
    <remembered-set count="356" />
  </mem-info>
</gc-end>
<cycle-end id="1064" type="scavenge" contextid="1058" timestamp="2019-06-16T21:30:57.595" />
  <attribute name="elasticGC enabled" value="1" />
  <attribute name= "numThreadsSpecified" value="4" />
  <attribute name="heapSize specified" value="9371648" />
  <attribute name="Current GC Util" value="38" />
  <attribute name= "Current Time Running" value="43560" />
  <attribute name ="GC Interval" value="200" />
  <attribute name="ProportionalT" value="9.000000" />
  <attribute name="ProportionalI" value="9.000000" />
  <attribute name="ProportionalH" value="9.000000" />
  <attribute name="Current Error" value="18.000000" />
  <attribute name="IntegralT" value="45.000000" />
  <attribute name="IntegralI" value="45.000000" />
  <attribute name="IntegralH" value="45.000000" />
  <attribute name="DerivativeT" value="3.600000" />
  <attribute name="DerivativeI" value="3.600000" />
  <attribute name="DerivativeH" value="3.600000" />
  <attribute name="Loop Time for DT" value="5.000000" />
  <attribute name="Output H" value="8388608"/>
  <attribute name="Output I" value="200"/>
  <attribute name="Output T" value="4"/>
  <attribute name="Target GC Util Change" value ="20.000000" />
  <attribute name="Current GC Util Change" value="38.000000"/>
  <attribute name="GC Util currently" value="38" />
  <attribute name="CPU Util currently" value="922086763014" />
<allocation-satisfied id="1065" threadId="0000000002213700" bytesRequested="32" />
<af-end id="1066" timestamp="2019-06-16T21:30:57.595" threadId="0000000002214088" success="true" from="nursery"/>
<exclusive-end id="1067" timestamp="2019-06-16T21:30:57.595" durationms="2.077" />

<exclusive-start id="1068" timestamp="2019-06-16T21:30:57.598" intervalms="4.794">
  <response-info timems="0.022" idlems="0.022" threads="0" lastid="0000000002213700" lastname="main" />
</exclusive-start>
<af-start id="1069" threadId="0000000002214088" totalBytesRequested="32" timestamp="2019-06-16T21:30:57.598" intervalms="4.854" type="nursery" />
<cycle-start id="1070" type="scavenge" contextid="0" timestamp="2019-06-16T21:30:57.598" intervalms="4.850" />
<gc-start id="1071" type="scavenge" contextid="1070" timestamp="2019-06-16T21:30:57.598">
  <mem-info id="1072" free="2081837736" total="2092630016" percent="99">
    <mem type="nursery" free="0" total="3932160" percent="0">
      <mem type="allocate" free="0" total="2555904" percent="0" />
      <mem type="survivor" free="0" total="1376256" percent="0" />
    </mem>
    <mem type="tenure" free="2081837736" total="2088697856" percent="99">
      <mem type="soa" free="1956516520" total="1963376640" percent="99" />
      <mem type="loa" free="125321216" total="125321216" percent="100" />
    </mem>
    <remembered-set count="356" />
  </mem-info>
</gc-start>
<allocation-stats totalBytes="1511312" >
  <allocated-bytes non-tlh="32" tlh="1511280" />
  <largest-consumer threadName="main" threadId="0000000002213700" bytes="1511312" />
</allocation-stats>
<gc-op id="1073" type="scavenge" timems="0.677" contextid="1070" timestamp="2019-06-16T21:30:57.599">
  <scavenger-info tenureage="3" tenuremask="7ff8" tiltratio="65" />
  <memory-copied type="nursery" objects="9403" bytes="775776" bytesdiscarded="165400" />
  <memory-copied type="tenure" objects="1735" bytes="64944" bytesdiscarded="24" />
  <references type="soft" candidates="1" cleared="0" enqueued="0" dynamicThreshold="31" maxThreshold="32" />
  <references type="weak" candidates="20" cleared="0" enqueued="0" />
  <references type="phantom" candidates="1" cleared="0" enqueued="0" />
</gc-op>
<gc-end id="1074" type="scavenge" contextid="1070" durationms="1.380" usertimems="0.000" systemtimems="0.000" timestamp="2019-06-16T21:30:57.600" activeThreads="4">
  <mem-info id="1075" free="2083513584" total="2092630016" percent="99">
    <mem type="nursery" free="1745736" total="3932160" percent="44">
      <mem type="allocate" free="1745736" total="2686976" percent="64" />
      <mem type="survivor" free="0" total="1245184" percent="0" />
    </mem>
    <mem type="tenure" free="2081767848" total="2088697856" percent="99" macro-fragmented="1800196">
      <mem type="soa" free="1956446632" total="1963376640" percent="99" />
      <mem type="loa" free="125321216" total="125321216" percent="100" />
    </mem>
    <remembered-set count="103" />
  </mem-info>
</gc-end>
<cycle-end id="1076" type="scavenge" contextid="1070" timestamp="2019-06-16T21:30:57.600" />
  <attribute name="elasticGC enabled" value="1" />
  <attribute name= "numThreadsSpecified" value="4" />
  <attribute name="heapSize specified" value="9371648" />
  <attribute name="Current GC Util" value="37" />
  <attribute name= "Current Time Running" value="43565" />
  <attribute name ="GC Interval" value="200" />
  <attribute name="ProportionalT" value="8.500000" />
  <attribute name="ProportionalI" value="8.500000" />
  <attribute name="ProportionalH" value="8.500000" />
  <attribute name="Current Error" value="17.000000" />
  <attribute name="IntegralT" value="42.500000" />
  <attribute name="IntegralI" value="42.500000" />
  <attribute name="IntegralH" value="42.500000" />
  <attribute name="DerivativeT" value="-0.200000" />
  <attribute name="DerivativeI" value="-0.200000" />
  <attribute name="DerivativeH" value="-0.200000" />
  <attribute name="Loop Time for DT" value="5.000000" />
  <attribute name="Output H" value="8388608"/>
  <attribute name="Output I" value="200"/>
  <attribute name="Output T" value="4"/>
  <attribute name="Target GC Util Change" value ="20.000000" />
  <attribute name="Current GC Util Change" value="37.000000"/>
  <attribute name="GC Util currently" value="37" />
  <attribute name="CPU Util currently" value="941544713934" />
<allocation-satisfied id="1077" threadId="0000000002213700" bytesRequested="32" />
<af-end id="1078" timestamp="2019-06-16T21:30:57.600" threadId="0000000002214088" success="true" from="nursery"/>
<exclusive-end id="1079" timestamp="2019-06-16T21:30:57.600" durationms="2.218" />

<exclusive-start id="1080" timestamp="2019-06-16T21:30:57.604" intervalms="5.424">
  <response-info timems="0.067" idlems="0.067" threads="0" lastid="0000000002213700" lastname="main" />
</exclusive-start>
<af-start id="1081" threadId="0000000002214088" totalBytesRequested="24" timestamp="2019-06-16T21:30:57.604" intervalms="5.369" type="nursery" />
<cycle-start id="1082" type="scavenge" contextid="0" timestamp="2019-06-16T21:30:57.604" intervalms="5.363" />
<gc-start id="1083" type="scavenge" contextid="1082" timestamp="2019-06-16T21:30:57.604">
  <mem-info id="1084" free="2081767848" total="2092630016" percent="99">
    <mem type="nursery" free="0" total="3932160" percent="0">
      <mem type="allocate" free="0" total="2686976" percent="0" />
      <mem type="survivor" free="0" total="1245184" percent="0" />
    </mem>
    <mem type="tenure" free="2081767848" total="2088697856" percent="99">
      <mem type="soa" free="1956446632" total="1963376640" percent="99" />
      <mem type="loa" free="125321216" total="125321216" percent="100" />
    </mem>
    <remembered-set count="103" />
  </mem-info>
</gc-start>
<allocation-stats totalBytes="1745432" >
  <allocated-bytes non-tlh="32" tlh="1745400" />
  <largest-consumer threadName="main" threadId="0000000002213700" bytes="1745432" />
</allocation-stats>
<gc-op id="1085" type="scavenge" timems="0.932" contextid="1082" timestamp="2019-06-16T21:30:57.605">
  <scavenger-info tenureage="3" tenuremask="7ff8" tiltratio="68" />
  <memory-copied type="nursery" objects="3661" bytes="136392" bytesdiscarded="20280" />
  <memory-copied type="tenure" objects="7065" bytes="689392" bytesdiscarded="40" />
</gc-op>
<gc-end id="1086" type="scavenge" contextid="1082" durationms="1.635" usertimems="0.000" systemtimems="0.000" timestamp="2019-06-16T21:30:57.605" activeThreads="4">
  <mem-info id="1087" free="2083771224" total="2092630016" percent="99">
    <mem type="nursery" free="2595840" total="3932160" percent="66">
      <mem type="allocate" free="2595840" total="2752512" percent="94" />
      <mem type="survivor" free="0" total="1179648" percent="0" />
    </mem>
    <mem type="tenure" free="2081175384" total="2088697856" percent="99" macro-fragmented="10920">
      <mem type="soa" free="1955854168" total="1963376640" percent="99" />
      <mem type="loa" free="125321216" total="125321216" percent="100" />
    </mem>
    <remembered-set count="460" />
  </mem-info>
</gc-end>
<cycle-end id="1088" type="scavenge" contextid="1082" timestamp="2019-06-16T21:30:57.606" />
  <attribute name="elasticGC enabled" value="1" />
  <attribute name= "numThreadsSpecified" value="4" />
  <attribute name="heapSize specified" value="9371648" />
  <attribute name="Current GC Util" value="32" />
  <attribute name= "Current Time Running" value="43570" />
  <attribute name ="GC Interval" value="200" />
  <attribute name="ProportionalT" value="6.000000" />
  <attribute name="ProportionalI" value="6.000000" />
  <attribute name="ProportionalH" value="6.000000" />
  <attribute name="Current Error" value="12.000000" />
  <attribute name="IntegralT" value="30.000000" />
  <attribute name="IntegralI" value="30.000000" />
  <attribute name="IntegralH" value="30.000000" />
  <attribute name="DerivativeT" value="-1.000000" />
  <attribute name="DerivativeI" value="-1.000000" />
  <attribute name="DerivativeH" value="-1.000000" />
  <attribute name="Loop Time for DT" value="5.000000" />
  <attribute name="Output H" value="8388608"/>
  <attribute name="Output I" value="200"/>
  <attribute name="Output T" value="4"/>
  <attribute name="Target GC Util Change" value ="20.000000" />
  <attribute name="Current GC Util Change" value="32.000000"/>
  <attribute name="GC Util currently" value="32" />
  <attribute name="CPU Util currently" value="854668165939" />
<allocation-satisfied id="1089" threadId="0000000002213700" bytesRequested="24" />
<af-end id="1090" timestamp="2019-06-16T21:30:57.606" threadId="0000000002214088" success="true" from="nursery"/>
<exclusive-end id="1091" timestamp="2019-06-16T21:30:57.606" durationms="2.489" />

<exclusive-start id="1092" timestamp="2019-06-16T21:30:57.611" intervalms="7.209">
  <response-info timems="0.053" idlems="0.053" threads="0" lastid="0000000002213700" lastname="main" />
</exclusive-start>
<af-start id="1093" threadId="0000000002214088" totalBytesRequested="32" timestamp="2019-06-16T21:30:57.611" intervalms="7.206" type="nursery" />
<cycle-start id="1094" type="scavenge" contextid="0" timestamp="2019-06-16T21:30:57.611" intervalms="7.206" />
<gc-start id="1095" type="scavenge" contextid="1094" timestamp="2019-06-16T21:30:57.611">
  <mem-info id="1096" free="2081175384" total="2092630016" percent="99">
    <mem type="nursery" free="0" total="3932160" percent="0">
      <mem type="allocate" free="0" total="2752512" percent="0" />
      <mem type="survivor" free="0" total="1179648" percent="0" />
    </mem>
    <mem type="tenure" free="2081175384" total="2088697856" percent="99">
      <mem type="soa" free="1955854168" total="1963376640" percent="99" />
      <mem type="loa" free="125321216" total="125321216" percent="100" />
    </mem>
    <remembered-set count="671" />
  </mem-info>
</gc-start>
<allocation-stats totalBytes="2595456" >
  <allocated-bytes non-tlh="24" tlh="2595432" />
  <largest-consumer threadName="main" threadId="0000000002213700" bytes="2595456" />
</allocation-stats>
<gc-op id="1097" type="scavenge" timems="0.591" contextid="1094" timestamp="2019-06-16T21:30:57.612">
  <scavenger-info tenureage="5" tenuremask="7fe0" tiltratio="70" />
  <memory-copied type="nursery" objects="5870" bytes="219272" bytesdiscarded="54904" />
</gc-op>
<gc-end id="1098" type="scavenge" contextid="1094" durationms="1.307" usertimems="0.000" systemtimems="0.000" timestamp="2019-06-16T21:30:57.612" activeThreads="4">
  <mem-info id="1099" free="2083784792" total="2092630016" percent="99">
    <mem type="nursery" free="2609408" total="3932160" percent="66">
      <mem type="allocate" free="2609408" total="2883584" percent="90" />
      <mem type="survivor" free="0" total="1048576" percent="0" />
    </mem>
    <mem type="tenure" free="2081175384" total="2088697856" percent="99" macro-fragmented="6319">
      <mem type="soa" free="1955854168" total="1963376640" percent="99" />
      <mem type="loa" free="125321216" total="125321216" percent="100" />
    </mem>
    <remembered-set count="670" />
  </mem-info>
</gc-end>
<cycle-end id="1100" type="scavenge" contextid="1094" timestamp="2019-06-16T21:30:57.613" />
  <attribute name="elasticGC enabled" value="1" />
  <attribute name= "numThreadsSpecified" value="4" />
  <attribute name="heapSize specified" value="9371648" />
  <attribute name="Current GC Util" value="24" />
  <attribute name= "Current Time Running" value="43577" />
  <attribute name ="GC Interval" value="200" />
  <attribute name="ProportionalT" value="2.000000" />
  <attribute name="ProportionalI" value="2.000000" />
  <attribute name="ProportionalH" value="2.000000" />
  <attribute name="Current Error" value="4.000000" />
  <attribute name="IntegralT" value="14.000000" />
  <attribute name="IntegralI" value="14.000000" />
  <attribute name="IntegralH" value="14.000000" />
  <attribute name="DerivativeT" value="-1.142857" />
  <attribute name="DerivativeI" value="-1.142857" />
  <attribute name="DerivativeH" value="-1.142857" />
  <attribute name="Loop Time for DT" value="7.000000" />
  <attribute name="Output H" value="8388608"/>
  <attribute name="Output I" value="200"/>
  <attribute name="Output T" value="4"/>
  <attribute name="Target GC Util Change" value ="20.000000" />
  <attribute name="Current GC Util Change" value="24.000000"/>
  <attribute name="GC Util currently" value="24" />
  <attribute name="CPU Util currently" value="639503927561" />
<allocation-satisfied id="1101" threadId="0000000002213700" bytesRequested="32" />
<af-end id="1102" timestamp="2019-06-16T21:30:57.613" threadId="0000000002214088" success="true" from="nursery"/>
<exclusive-end id="1103" timestamp="2019-06-16T21:30:57.613" durationms="2.127" />

<exclusive-start id="1104" timestamp="2019-06-16T21:30:57.618" intervalms="7.174">
  <response-info timems="0.069" idlems="0.069" threads="0" lastid="0000000002213700" lastname="main" />
</exclusive-start>
<af-start id="1105" threadId="0000000002214088" totalBytesRequested="32" timestamp="2019-06-16T21:30:57.618" intervalms="7.142" type="nursery" />
<cycle-start id="1106" type="scavenge" contextid="0" timestamp="2019-06-16T21:30:57.618" intervalms="7.140" />
<gc-start id="1107" type="scavenge" contextid="1106" timestamp="2019-06-16T21:30:57.618">
  <mem-info id="1108" free="2081175384" total="2092630016" percent="99">
    <mem type="nursery" free="0" total="3932160" percent="0">
      <mem type="allocate" free="0" total="2883584" percent="0" />
      <mem type="survivor" free="0" total="1048576" percent="0" />
    </mem>
    <mem type="tenure" free="2081175384" total="2088697856" percent="99">
      <mem type="soa" free="1955854168" total="1963376640" percent="99" />
      <mem type="loa" free="125321216" total="125321216" percent="100" />
    </mem>
    <remembered-set count="960" />
  </mem-info>
</gc-start>
<allocation-stats totalBytes="2609088" >
  <allocated-bytes non-tlh="32" tlh="2609056" />
  <largest-consumer threadName="main" threadId="0000000002213700" bytes="2609088" />
</allocation-stats>
<gc-op id="1109" type="scavenge" timems="0.714" contextid="1106" timestamp="2019-06-16T21:30:57.619">
  <scavenger-info tenureage="6" tenuremask="7fc0" tiltratio="73" />
  <memory-copied type="nursery" objects="8806" bytes="327568" bytesdiscarded="64112" />
</gc-op>
<gc-end id="1110" type="scavenge" contextid="1106" durationms="1.437" usertimems="0.000" systemtimems="0.000" timestamp="2019-06-16T21:30:57.620" activeThreads="4">
  <mem-info id="1111" free="2083798360" total="2092630016" percent="99">
    <mem type="nursery" free="2622976" total="3932160" percent="66">
      <mem type="allocate" free="2622976" total="3014656" percent="87" />
      <mem type="survivor" free="0" total="917504" percent="0" />
    </mem>
    <mem type="tenure" free="2081175384" total="2088697856" percent="99" macro-fragmented="39130">
      <mem type="soa" free="1955854168" total="1963376640" percent="99" />
      <mem type="loa" free="125321216" total="125321216" percent="100" />
    </mem>
    <remembered-set count="944" />
  </mem-info>
</gc-end>
<cycle-end id="1112" type="scavenge" contextid="1106" timestamp="2019-06-16T21:30:57.620" />
  <attribute name="elasticGC enabled" value="1" />
  <attribute name= "numThreadsSpecified" value="4" />
  <attribute name="heapSize specified" value="9371648" />
  <attribute name="Current GC Util" value="15" />
  <attribute name= "Current Time Running" value="43584" />
  <attribute name ="GC Interval" value="200" />
  <attribute name="ProportionalT" value="-2.500000" />
  <attribute name="ProportionalI" value="-2.500000" />
  <attribute name="ProportionalH" value="-2.500000" />
  <attribute name="Current Error" value="-5.000000" />
  <attribute name="IntegralT" value="-17.500000" />
  <attribute name="IntegralI" value="-17.500000" />
  <attribute name="IntegralH" value="-17.500000" />
  <attribute name="DerivativeT" value="-1.285714" />
  <attribute name="DerivativeI" value="-1.285714" />
  <attribute name="DerivativeH" value="-1.285714" />
  <attribute name="Loop Time for DT" value="7.000000" />
  <attribute name="Output H" value="2092630016"/>
  <attribute name="Output I" value="200"/>
  <attribute name="Output T" value="4"/>
  <attribute name="Target GC Util Change" value ="20.000000" />
  <attribute name="Current GC Util Change" value="15.000000"/>
  <attribute name="GC Util currently" value="15" />
  <attribute name="CPU Util currently" value="645812813106" />
<allocation-satisfied id="1113" threadId="0000000002213700" bytesRequested="32" />
<af-end id="1114" timestamp="2019-06-16T21:30:57.620" threadId="0000000002214088" success="true" from="nursery"/>
<exclusive-end id="1115" timestamp="2019-06-16T21:30:57.620" durationms="2.124" />

<exclusive-start id="1116" timestamp="2019-06-16T21:30:57.625" intervalms="7.186">
  <response-info timems="0.068" idlems="0.068" threads="0" lastid="0000000002213700" lastname="main" />
</exclusive-start>
<af-start id="1117" threadId="0000000002214088" totalBytesRequested="32" timestamp="2019-06-16T21:30:57.625" intervalms="7.182" type="nursery" />
<cycle-start id="1118" type="scavenge" contextid="0" timestamp="2019-06-16T21:30:57.625" intervalms="7.172" />
<gc-start id="1119" type="scavenge" contextid="1118" timestamp="2019-06-16T21:30:57.625">
  <mem-info id="1120" free="2081175384" total="2092630016" percent="99">
    <mem type="nursery" free="0" total="3932160" percent="0">
      <mem type="allocate" free="0" total="3014656" percent="0" />
      <mem type="survivor" free="0" total="917504" percent="0" />
    </mem>
    <mem type="tenure" free="2081175384" total="2088697856" percent="99">
      <mem type="soa" free="1955854168" total="1963376640" percent="99" />
      <mem type="loa" free="125321216" total="125321216" percent="100" />
    </mem>
    <remembered-set count="1218" />
  </mem-info>
</gc-start>
<allocation-stats totalBytes="2622656" >
  <allocated-bytes non-tlh="32" tlh="2622624" />
  <largest-consumer threadName="main" threadId="0000000002213700" bytes="2622656" />
</allocation-stats>
<gc-op id="1121" type="scavenge" timems="0.854" contextid="1118" timestamp="2019-06-16T21:30:57.626">
  <scavenger-info tenureage="3" tenuremask="7fc8" tiltratio="76" />
  <memory-copied type="nursery" objects="10478" bytes="388256" bytesdiscarded="42592" />
  <memory-copied type="tenure" objects="1382" bytes="51304" bytesdiscarded="16" />
</gc-op>
<gc-end id="1122" type="scavenge" contextid="1118" durationms="1.476" usertimems="0.000" systemtimems="0.000" timestamp="2019-06-16T21:30:57.627" activeThreads="4">
  <mem-info id="1123" free="2083785560" total="2092630016" percent="99">
    <mem type="nursery" free="2649344" total="3932160" percent="67">
      <mem type="allocate" free="2649344" total="3080192" percent="86" />
      <mem type="survivor" free="0" total="851968" percent="0" />
    </mem>
    <mem type="tenure" free="2081136216" total="2088697856" percent="99" macro-fragmented="0">
      <mem type="soa" free="1955815000" total="1963376640" percent="99" />
      <mem type="loa" free="125321216" total="125321216" percent="100" />
    </mem>
    <remembered-set count="1109" />
  </mem-info>
</gc-end>
<cycle-end id="1124" type="scavenge" contextid="1118" timestamp="2019-06-16T21:30:57.627" />
  <attribute name="elasticGC enabled" value="1" />
  <attribute name= "numThreadsSpecified" value="4" />
  <attribute name="heapSize specified" value="9371648" />
  <attribute name="Current GC Util" value="17" />
  <attribute name= "Current Time Running" value="43591" />
  <attribute name ="GC Interval" value="200" />
  <attribute name="ProportionalT" value="-1.500000" />
  <attribute name="ProportionalI" value="-1.500000" />
  <attribute name="ProportionalH" value="-1.500000" />
  <attribute name="Current Error" value="-3.000000" />
  <attribute name="IntegralT" value="-10.500000" />
  <attribute name="IntegralI" value="-10.500000" />
  <attribute name="IntegralH" value="-10.500000" />
  <attribute name="DerivativeT" value="-0.428571" />
  <attribute name="DerivativeI" value="-0.428571" />
  <attribute name="DerivativeH" value="-0.428571" />
  <attribute name="Loop Time for DT" value="7.000000" />
  <attribute name="Output H" value="2092630016"/>
  <attribute name="Output I" value="200"/>
  <attribute name="Output T" value="4"/>
  <attribute name="Target GC Util Change" value ="20.000000" />
  <attribute name="Current GC Util Change" value="17.000000"/>
  <attribute name="GC Util currently" value="17" />
  <attribute name="CPU Util currently" value="652682479590" />
<allocation-satisfied id="1125" threadId="0000000002213700" bytesRequested="32" />
<af-end id="1126" timestamp="2019-06-16T21:30:57.627" threadId="0000000002214088" success="true" from="nursery"/>
<exclusive-end id="1127" timestamp="2019-06-16T21:30:57.627" durationms="2.087" />

<exclusive-start id="1128" timestamp="2019-06-16T21:30:57.640" intervalms="14.663">
  <response-info timems="0.064" idlems="0.064" threads="0" lastid="0000000002213700" lastname="main" />
</exclusive-start>
<af-start id="1129" threadId="0000000002214088" totalBytesRequested="28976" timestamp="2019-06-16T21:30:57.640" intervalms="14.723" type="nursery" />
<cycle-start id="1130" type="scavenge" contextid="0" timestamp="2019-06-16T21:30:57.640" intervalms="14.736" />
<gc-start id="1131" type="scavenge" contextid="1130" timestamp="2019-06-16T21:30:57.640">
  <mem-info id="1132" free="2081136048" total="2092630016" percent="99">
    <mem type="nursery" free="0" total="3932160" percent="0">
      <mem type="allocate" free="0" total="3080192" percent="0" />
      <mem type="survivor" free="0" total="851968" percent="0" />
    </mem>
    <mem type="tenure" free="2081136048" total="2088697856" percent="99">
      <mem type="soa" free="1955814832" total="1963376640" percent="99" />
      <mem type="loa" free="125321216" total="125321216" percent="100" />
    </mem>
    <remembered-set count="1234" />
  </mem-info>
</gc-start>
<allocation-stats totalBytes="2631776" >
  <allocated-bytes non-tlh="200" tlh="2631576" />
  <largest-consumer threadName="main" threadId="0000000002213700" bytes="2631776" />
</allocation-stats>
<gc-op id="1133" type="scavenge" timems="0.797" contextid="1130" timestamp="2019-06-16T21:30:57.641">
  <scavenger-info tenureage="3" tenuremask="7fe8" tiltratio="78" />
  <memory-copied type="nursery" objects="10906" bytes="465456" bytesdiscarded="173016" />
  <memory-copied type="tenure" objects="4064" bytes="157768" bytesdiscarded="48" />
</gc-op>
<gc-end id="1134" type="scavenge" contextid="1130" durationms="1.595" usertimems="4.000" systemtimems="0.000" timestamp="2019-06-16T21:30:57.642" activeThreads="4">
  <mem-info id="1135" free="2083363752" total="2092630016" percent="99">
    <mem type="nursery" free="2507256" total="3932160" percent="63">
      <mem type="allocate" free="2507256" total="3145728" percent="79" />
      <mem type="survivor" free="0" total="786432" percent="0" />
    </mem>
    <mem type="tenure" free="2080856496" total="2088697856" percent="99" macro-fragmented="0">
      <mem type="soa" free="1955535280" total="1963376640" percent="99" />
      <mem type="loa" free="125321216" total="125321216" percent="100" />
    </mem>
    <remembered-set count="809" />
  </mem-info>
</gc-end>
<cycle-end id="1136" type="scavenge" contextid="1130" timestamp="2019-06-16T21:30:57.642" />
  <attribute name="elasticGC enabled" value="1" />
  <attribute name= "numThreadsSpecified" value="4" />
  <attribute name="heapSize specified" value="9371648" />
  <attribute name="Current GC Util" value="9" />
  <attribute name= "Current Time Running" value="43606" />
  <attribute name ="GC Interval" value="200" />
  <attribute name="ProportionalT" value="-5.500000" />
  <attribute name="ProportionalI" value="-5.500000" />
  <attribute name="ProportionalH" value="-5.500000" />
  <attribute name="Current Error" value="-11.000000" />
  <attribute name="IntegralT" value="-82.500000" />
  <attribute name="IntegralI" value="-82.500000" />
  <attribute name="IntegralH" value="-82.500000" />
  <attribute name="DerivativeT" value="-0.733333" />
  <attribute name="DerivativeI" value="-0.733333" />
  <attribute name="DerivativeH" value="-0.733333" />
  <attribute name="Loop Time for DT" value="15.000000" />
  <attribute name="Output H" value="2092630016"/>
  <attribute name="Output I" value="200"/>
  <attribute name="Output T" value="4"/>
  <attribute name="Target GC Util Change" value ="20.000000" />
  <attribute name="Current GC Util Change" value="9.000000"/>
  <attribute name="GC Util currently" value="9" />
  <attribute name="CPU Util currently" value="309950776769" />
<allocation-satisfied id="1137" threadId="0000000002213700" bytesRequested="28976" />
<af-end id="1138" timestamp="2019-06-16T21:30:57.642" threadId="0000000002214088" success="true" from="nursery"/>
<exclusive-end id="1139" timestamp="2019-06-16T21:30:57.642" durationms="2.316" />

<exclusive-start id="1140" timestamp="2019-06-16T21:30:57.673" intervalms="33.217">
  <response-info timems="0.058" idlems="0.058" threads="0" lastid="0000000002213700" lastname="main" />
</exclusive-start>
<af-start id="1141" threadId="0000000002214088" totalBytesRequested="32" timestamp="2019-06-16T21:30:57.673" intervalms="33.213" type="nursery" />
<cycle-start id="1142" type="scavenge" contextid="0" timestamp="2019-06-16T21:30:57.673" intervalms="33.166" />
<gc-start id="1143" type="scavenge" contextid="1142" timestamp="2019-06-16T21:30:57.673">
  <mem-info id="1144" free="2080852888" total="2092630016" percent="99">
    <mem type="nursery" free="0" total="3932160" percent="0">
      <mem type="allocate" free="0" total="3145728" percent="0" />
      <mem type="survivor" free="0" total="786432" percent="0" />
    </mem>
    <mem type="tenure" free="2080852888" total="2088697856" percent="99">
      <mem type="soa" free="1955531672" total="1963376640" percent="99" />
      <mem type="loa" free="125321216" total="125321216" percent="100" />
    </mem>
    <remembered-set count="889" />
  </mem-info>
</gc-start>
<allocation-stats totalBytes="2510584" >
  <allocated-bytes non-tlh="232592" tlh="2277992" />
  <largest-consumer threadName="main" threadId="0000000002213700" bytes="2510584" />
</allocation-stats>
<gc-op id="1145" type="scavenge" timems="0.760" contextid="1142" timestamp="2019-06-16T21:30:57.674">
  <scavenger-info tenureage="6" tenuremask="7fc0" tiltratio="80" />
  <memory-copied type="nursery" objects="10245" bytes="683656" bytesdiscarded="102704" />
  <references type="soft" candidates="10" cleared="0" enqueued="0" dynamicThreshold="31" maxThreshold="32" />
  <references type="weak" candidates="2" cleared="0" enqueued="0" />
  <references type="phantom" candidates="1" cleared="0" enqueued="0" />
</gc-op>
<gc-end id="1146" type="scavenge" contextid="1142" durationms="1.382" usertimems="0.000" systemtimems="0.000" timestamp="2019-06-16T21:30:57.675" activeThreads="4">
  <mem-info id="1147" free="2083015576" total="2092630016" percent="99">
    <mem type="nursery" free="2162688" total="3932160" percent="55">
      <mem type="allocate" free="2162688" total="2949120" percent="73" />
      <mem type="survivor" free="0" total="983040" percent="0" />
    </mem>
    <mem type="tenure" free="2080852888" total="2088697856" percent="99" macro-fragmented="60768">
      <mem type="soa" free="1955531672" total="1963376640" percent="99" />
      <mem type="loa" free="125321216" total="125321216" percent="100" />
    </mem>
    <remembered-set count="882" />
  </mem-info>
</gc-end>
<cycle-end id="1148" type="scavenge" contextid="1142" timestamp="2019-06-16T21:30:57.675" />
  <attribute name="elasticGC enabled" value="1" />
  <attribute name= "numThreadsSpecified" value="4" />
  <attribute name="heapSize specified" value="9371648" />
  <attribute name="Current GC Util" value="5" />
  <attribute name= "Current Time Running" value="43639" />
  <attribute name ="GC Interval" value="200" />
  <attribute name="ProportionalT" value="-7.500000" />
  <attribute name="ProportionalI" value="-7.500000" />
  <attribute name="ProportionalH" value="-7.500000" />
  <attribute name="Current Error" value="-15.000000" />
  <attribute name="IntegralT" value="-247.500000" />
  <attribute name="IntegralI" value="-247.500000" />
  <attribute name="IntegralH" value="-247.500000" />
  <attribute name="DerivativeT" value="-0.454545" />
  <attribute name="DerivativeI" value="-0.454545" />
  <attribute name="DerivativeH" value="-0.454545" />
  <attribute name="Loop Time for DT" value="33.000000" />
  <attribute name="Output H" value="2092630016"/>
  <attribute name="Output I" value="200"/>
  <attribute name="Output T" value="4"/>
  <attribute name="Target GC Util Change" value ="20.000000" />
  <attribute name="Current GC Util Change" value="5.000000"/>
  <attribute name="GC Util currently" value="5" />
  <attribute name="CPU Util currently" value="139872538965" />
<allocation-satisfied id="1149" threadId="0000000002213700" bytesRequested="32" />
<af-end id="1150" timestamp="2019-06-16T21:30:57.675" threadId="0000000002214088" success="true" from="nursery"/>
<exclusive-end id="1151" timestamp="2019-06-16T21:30:57.675" durationms="2.178" />

<exclusive-start id="1152" timestamp="2019-06-16T21:30:57.683" intervalms="9.904">
  <response-info timems="0.023" idlems="0.023" threads="0" lastid="0000000002213700" lastname="main" />
</exclusive-start>
<af-start id="1153" threadId="0000000002214088" totalBytesRequested="32" timestamp="2019-06-16T21:30:57.683" intervalms="9.885" type="nursery" />
<cycle-start id="1154" type="scavenge" contextid="0" timestamp="2019-06-16T21:30:57.683" intervalms="9.930" />
<gc-start id="1155" type="scavenge" contextid="1154" timestamp="2019-06-16T21:30:57.683">
  <mem-info id="1156" free="2080850400" total="2092630016" percent="99">
    <mem type="nursery" free="0" total="3932160" percent="0">
      <mem type="allocate" free="0" total="2949120" percent="0" />
      <mem type="survivor" free="0" total="983040" percent="0" />
    </mem>
    <mem type="tenure" free="2080850400" total="2088697856" percent="99">
      <mem type="soa" free="1955529184" total="1963376640" percent="99" />
      <mem type="loa" free="125321216" total="125321216" percent="100" />
    </mem>
    <remembered-set count="919" />
  </mem-info>
</gc-start>
<allocation-stats totalBytes="2164832" >
  <allocated-bytes non-tlh="2520" tlh="2162312" />
  <largest-consumer threadName="main" threadId="0000000002213700" bytes="2164832" />
</allocation-stats>
<gc-op id="1157" type="scavenge" timems="0.798" contextid="1154" timestamp="2019-06-16T21:30:57.684">
  <scavenger-info tenureage="3" tenuremask="7fd8" tiltratio="75" />
  <memory-copied type="nursery" objects="6600" bytes="546888" bytesdiscarded="95472" />
  <memory-copied type="tenure" objects="5566" bytes="210896" bytesdiscarded="16" />
  <references type="soft" candidates="10" cleared="0" enqueued="0" dynamicThreshold="31" maxThreshold="32" />
  <references type="weak" candidates="60" cleared="0" enqueued="0" />
  <references type="phantom" candidates="1" cleared="0" enqueued="0" />
</gc-op>
<gc-end id="1158" type="scavenge" contextid="1154" durationms="1.469" usertimems="0.000" systemtimems="0.000" timestamp="2019-06-16T21:30:57.685" activeThreads="4">
  <mem-info id="1159" free="2083074392" total="2092630016" percent="99">
    <mem type="nursery" free="2372216" total="3932160" percent="60">
      <mem type="allocate" free="2372216" total="3014656" percent="78" />
      <mem type="survivor" free="0" total="917504" percent="0" />
    </mem>
    <mem type="tenure" free="2080702176" total="2088697856" percent="99" macro-fragmented="7583">
      <mem type="soa" free="1955380960" total="1963376640" percent="99" />
      <mem type="loa" free="125321216" total="125321216" percent="100" />
    </mem>
    <remembered-set count="414" />
  </mem-info>
</gc-end>
<cycle-end id="1160" type="scavenge" contextid="1154" timestamp="2019-06-16T21:30:57.685" />
  <attribute name="elasticGC enabled" value="1" />
  <attribute name= "numThreadsSpecified" value="4" />
  <attribute name="heapSize specified" value="9371648" />
  <attribute name="Current GC Util" value="16" />
  <attribute name= "Current Time Running" value="43649" />
  <attribute name ="GC Interval" value="200" />
  <attribute name="ProportionalT" value="-2.000000" />
  <attribute name="ProportionalI" value="-2.000000" />
  <attribute name="ProportionalH" value="-2.000000" />
  <attribute name="Current Error" value="-4.000000" />
  <attribute name="IntegralT" value="-20.000000" />
  <attribute name="IntegralI" value="-20.000000" />
  <attribute name="IntegralH" value="-20.000000" />
  <attribute name="DerivativeT" value="-0.400000" />
  <attribute name="DerivativeI" value="-0.400000" />
  <attribute name="DerivativeH" value="-0.400000" />
  <attribute name="Loop Time for DT" value="10.000000" />
  <attribute name="Output H" value="2092630016"/>
  <attribute name="Output I" value="200"/>
  <attribute name="Output T" value="4"/>
  <attribute name="Target GC Util Change" value ="20.000000" />
  <attribute name="Current GC Util Change" value="16.000000"/>
  <attribute name="GC Util currently" value="16" />
  <attribute name="CPU Util currently" value="456254466501" />
<allocation-satisfied id="1161" threadId="0000000002213700" bytesRequested="32" />
<af-end id="1162" timestamp="2019-06-16T21:30:57.685" threadId="0000000002214088" success="true" from="nursery"/>
<exclusive-end id="1163" timestamp="2019-06-16T21:30:57.685" durationms="2.131" />

<exclusive-start id="1164" timestamp="2019-06-16T21:30:57.725" intervalms="42.550">
  <response-info timems="0.024" idlems="0.024" threads="0" lastid="0000000002213700" lastname="main" />
</exclusive-start>
<af-start id="1165" threadId="0000000002214088" totalBytesRequested="48" timestamp="2019-06-16T21:30:57.726" intervalms="42.573" type="nursery" />
<cycle-start id="1166" type="scavenge" contextid="0" timestamp="2019-06-16T21:30:57.726" intervalms="42.579" />
<gc-start id="1167" type="scavenge" contextid="1166" timestamp="2019-06-16T21:30:57.726">
  <mem-info id="1168" free="2080691352" total="2092630016" percent="99">
    <mem type="nursery" free="0" total="3932160" percent="0">
      <mem type="allocate" free="0" total="3014656" percent="0" />
      <mem type="survivor" free="0" total="917504" percent="0" />
    </mem>
    <mem type="tenure" free="2080691352" total="2088697856" percent="99">
      <mem type="soa" free="1955370136" total="1963376640" percent="99" />
      <mem type="loa" free="125321216" total="125321216" percent="100" />
    </mem>
    <remembered-set count="599" />
  </mem-info>
</gc-start>
<allocation-stats totalBytes="2382048" >
  <allocated-bytes non-tlh="210864" tlh="2171184" />
  <largest-consumer threadName="main" threadId="0000000002213700" bytes="2382048" />
</allocation-stats>
<gc-op id="1169" type="scavenge" timems="0.570" contextid="1166" timestamp="2019-06-16T21:30:57.727">
  <scavenger-info tenureage="3" tenuremask="7fc8" tiltratio="76" />
  <memory-copied type="nursery" objects="5647" bytes="610512" bytesdiscarded="210232" />
  <memory-copied type="tenure" objects="1173" bytes="43936" bytesdiscarded="16" />
  <references type="soft" candidates="11" cleared="0" enqueued="0" dynamicThreshold="31" maxThreshold="32" />
  <references type="weak" candidates="251" cleared="0" enqueued="0" />
  <references type="phantom" candidates="1" cleared="0" enqueued="0" />
</gc-op>
<gc-end id="1170" type="scavenge" contextid="1166" durationms="1.347" usertimems="4.000" systemtimems="0.000" timestamp="2019-06-16T21:30:57.727" activeThreads="4">
  <mem-info id="1171" free="2082776088" total="2092630016" percent="99">
    <mem type="nursery" free="2193792" total="3932160" percent="55">
      <mem type="allocate" free="2193792" total="3014656" percent="72" />
      <mem type="survivor" free="0" total="917504" percent="0" />
    </mem>
    <mem type="tenure" free="2080582296" total="2088697856" percent="99" macro-fragmented="0">
      <mem type="soa" free="1955261080" total="1963376640" percent="99" />
      <mem type="loa" free="125321216" total="125321216" percent="100" />
    </mem>
    <remembered-set count="317" />
  </mem-info>
</gc-end>
<cycle-end id="1172" type="scavenge" contextid="1166" timestamp="2019-06-16T21:30:57.727" />
  <attribute name="elasticGC enabled" value="1" />
  <attribute name= "numThreadsSpecified" value="4" />
  <attribute name="heapSize specified" value="9371648" />
  <attribute name="Current GC Util" value="4" />
  <attribute name= "Current Time Running" value="43692" />
  <attribute name ="GC Interval" value="200" />
  <attribute name="ProportionalT" value="-8.000000" />
  <attribute name="ProportionalI" value="-8.000000" />
  <attribute name="ProportionalH" value="-8.000000" />
  <attribute name="Current Error" value="-16.000000" />
  <attribute name="IntegralT" value="-344.000000" />
  <attribute name="IntegralI" value="-344.000000" />
  <attribute name="IntegralH" value="-344.000000" />
  <attribute name="DerivativeT" value="-0.372093" />
  <attribute name="DerivativeI" value="-0.372093" />
  <attribute name="DerivativeH" value="-0.372093" />
  <attribute name="Loop Time for DT" value="43.000000" />
  <attribute name="Output H" value="2092630016"/>
  <attribute name="Output I" value="200"/>
  <attribute name="Output T" value="4"/>
  <attribute name="Target GC Util Change" value ="20.000000" />
  <attribute name="Current GC Util Change" value="4.000000"/>
  <attribute name="GC Util currently" value="4" />
  <attribute name="CPU Util currently" value="108209947175" />
<allocation-satisfied id="1173" threadId="0000000002213700" bytesRequested="48" />
<af-end id="1174" timestamp="2019-06-16T21:30:57.727" threadId="0000000002214088" success="true" from="nursery"/>
<exclusive-end id="1175" timestamp="2019-06-16T21:30:57.727" durationms="2.010" />

<exclusive-start id="1176" timestamp="2019-06-16T21:30:57.735" intervalms="9.868">
  <response-info timems="0.126" idlems="0.126" threads="0" lastid="0000000002213700" lastname="main" />
</exclusive-start>
<af-start id="1177" threadId="0000000002214088" totalBytesRequested="32" timestamp="2019-06-16T21:30:57.735" intervalms="9.876" type="nursery" />
<cycle-start id="1178" type="scavenge" contextid="0" timestamp="2019-06-16T21:30:57.736" intervalms="9.873" />
<gc-start id="1179" type="scavenge" contextid="1178" timestamp="2019-06-16T21:30:57.736">
  <mem-info id="1180" free="2080582296" total="2092630016" percent="99">
    <mem type="nursery" free="0" total="3932160" percent="0">
      <mem type="allocate" free="0" total="3014656" percent="0" />
      <mem type="survivor" free="0" total="917504" percent="0" />
    </mem>
    <mem type="tenure" free="2080582296" total="2088697856" percent="99">
      <mem type="soa" free="1955261080" total="1963376640" percent="99" />
      <mem type="loa" free="125321216" total="125321216" percent="100" />
    </mem>
    <remembered-set count="317" />
  </mem-info>
</gc-start>
<allocation-stats totalBytes="2193568" >
  <allocated-bytes non-tlh="48" tlh="2193520" />
  <largest-consumer threadName="main" threadId="0000000002213700" bytes="2193568" />
</allocation-stats>
<gc-op id="1181" type="scavenge" timems="0.667" contextid="1178" timestamp="2019-06-16T21:30:57.737">
  <scavenger-info tenureage="6" tenuremask="7fc0" tiltratio="76" />
  <memory-copied type="nursery" objects="10424" bytes="851624" bytesdiscarded="65776" />
  <memory-copied type="tenure" objects="1553" bytes="69864" bytesdiscarded="0" />
  <copy-failed type="nursery" objects="1584" bytes="71352" />
  <references type="soft" candidates="11" cleared="0" enqueued="0" dynamicThreshold="31" maxThreshold="32" />
  <references type="weak" candidates="251" cleared="0" enqueued="0" />
  <references type="phantom" candidates="1" cleared="0" enqueued="0" />
</gc-op>
<gc-end id="1182" type="scavenge" contextid="1178" durationms="1.462" usertimems="4.000" systemtimems="0.000" timestamp="2019-06-16T21:30:57.737" activeThreads="4">
  <mem-info id="1183" free="2082220696" total="2092630016" percent="99">
    <mem type="nursery" free="1638400" total="3932160" percent="41">
      <mem type="allocate" free="1638400" total="2555904" percent="64" />
      <mem type="survivor" free="0" total="1376256" percent="0" />
    </mem>
    <mem type="tenure" free="2080582296" total="2088697856" percent="99" macro-fragmented="0">
      <mem type="soa" free="1955261080" total="1963376640" percent="99" />
      <mem type="loa" free="125321216" total="125321216" percent="100" />
    </mem>
    <remembered-set count="1351" />
  </mem-info>
</gc-end>
<cycle-end id="1184" type="scavenge" contextid="1178" timestamp="2019-06-16T21:30:57.737" />
  <attribute name="elasticGC enabled" value="1" />
  <attribute name= "numThreadsSpecified" value="4" />
  <attribute name="heapSize specified" value="9371648" />
  <attribute name="Current GC Util" value="14" />
  <attribute name= "Current Time Running" value="43702" />
  <attribute name ="GC Interval" value="200" />
  <attribute name="ProportionalT" value="-3.000000" />
  <attribute name="ProportionalI" value="-3.000000" />
  <attribute name="ProportionalH" value="-3.000000" />
  <attribute name="Current Error" value="-6.000000" />
  <attribute name="IntegralT" value="-30.000000" />
  <attribute name="IntegralI" value="-30.000000" />
  <attribute name="IntegralH" value="-30.000000" />
  <attribute name="DerivativeT" value="-0.600000" />
  <attribute name="DerivativeI" value="-0.600000" />
  <attribute name="DerivativeH" value="-0.600000" />
  <attribute name="Loop Time for DT" value="10.000000" />
  <attribute name="Output H" value="2092630016"/>
  <attribute name="Output I" value="200"/>
  <attribute name="Output T" value="4"/>
  <attribute name="Target GC Util Change" value ="20.000000" />
  <attribute name="Current GC Util Change" value="14.000000"/>
  <attribute name="GC Util currently" value="14" />
  <attribute name="CPU Util currently" value="467558251946" />
<allocation-satisfied id="1185" threadId="0000000002213700" bytesRequested="32" />
<af-end id="1186" timestamp="2019-06-16T21:30:57.737" threadId="0000000002214088" success="true" from="nursery"/>
<exclusive-end id="1187" timestamp="2019-06-16T21:30:57.737" durationms="2.075" />

<exclusive-start id="1188" timestamp="2019-06-16T21:30:57.741" intervalms="5.783">
  <response-info timems="0.034" idlems="0.034" threads="0" lastid="0000000002213700" lastname="main" />
</exclusive-start>
<af-start id="1189" threadId="0000000002214088" totalBytesRequested="32" timestamp="2019-06-16T21:30:57.741" intervalms="5.706" type="nursery" />
<cycle-start id="1190" type="scavenge" contextid="0" timestamp="2019-06-16T21:30:57.741" intervalms="5.676" />
<gc-start id="1191" type="scavenge" contextid="1190" timestamp="2019-06-16T21:30:57.741">
  <mem-info id="1192" free="2080582296" total="2092630016" percent="99">
    <mem type="nursery" free="0" total="3932160" percent="0">
      <mem type="allocate" free="0" total="2555904" percent="0" />
      <mem type="survivor" free="0" total="1376256" percent="0" />
    </mem>
    <mem type="tenure" free="2080582296" total="2088697856" percent="99">
      <mem type="soa" free="1955261080" total="1963376640" percent="99" />
      <mem type="loa" free="125321216" total="125321216" percent="100" />
    </mem>
    <remembered-set count="1351" />
  </mem-info>
</gc-start>
<allocation-stats totalBytes="1638184" >
  <allocated-bytes non-tlh="32" tlh="1638152" />
  <largest-consumer threadName="main" threadId="0000000002213700" bytes="1638184" />
</allocation-stats>
<gc-op id="1193" type="scavenge" timems="0.611" contextid="1190" timestamp="2019-06-16T21:30:57.742">
  <scavenger-info tenureage="5" tenuremask="7fe0" tiltratio="65" />
  <memory-copied type="nursery" objects="13183" bytes="951112" bytesdiscarded="151424" />
  <references type="soft" candidates="11" cleared="0" enqueued="0" dynamicThreshold="31" maxThreshold="32" />
  <references type="weak" candidates="251" cleared="0" enqueued="0" />
  <references type="phantom" candidates="1" cleared="0" enqueued="0" />
</gc-op>
<gc-end id="1194" type="scavenge" contextid="1190" durationms="1.157" usertimems="0.000" systemtimems="0.000" timestamp="2019-06-16T21:30:57.742" activeThreads="4">
  <mem-info id="1195" free="2082297704" total="2092630016" percent="99">
    <mem type="nursery" free="1715408" total="3932160" percent="43">
      <mem type="allocate" free="1715408" total="2818048" percent="60" />
      <mem type="survivor" free="0" total="1114112" percent="0" />
    </mem>
    <mem type="tenure" free="2080582296" total="2088697856" percent="99" macro-fragmented="0">
      <mem type="soa" free="1955261080" total="1963376640" percent="99" />
      <mem type="loa" free="125321216" total="125321216" percent="100" />
    </mem>
    <remembered-set count="1177" />
  </mem-info>
</gc-end>
<cycle-end id="1196" type="scavenge" contextid="1190" timestamp="2019-06-16T21:30:57.743" />
  <attribute name="elasticGC enabled" value="1" />
  <attribute name= "numThreadsSpecified" value="4" />
  <attribute name="heapSize specified" value="9371648" />
  <attribute name="Current GC Util" value="33" />
  <attribute name= "Current Time Running" value="43707" />
  <attribute name ="GC Interval" value="200" />
  <attribute name="ProportionalT" value="6.500000" />
  <attribute name="ProportionalI" value="6.500000" />
  <attribute name="ProportionalH" value="6.500000" />
  <attribute name="Current Error" value="13.000000" />
  <attribute name="IntegralT" value="32.500000" />
  <attribute name="IntegralI" value="32.500000" />
  <attribute name="IntegralH" value="32.500000" />
  <attribute name="DerivativeT" value="2.600000" />
  <attribute name="DerivativeI" value="2.600000" />
  <attribute name="DerivativeH" value="2.600000" />
  <attribute name="Loop Time for DT" value="5.000000" />
  <attribute name="Output H" value="8388608"/>
  <attribute name="Output I" value="200"/>
  <attribute name="Output T" value="4"/>
  <attribute name="Target GC Util Change" value ="20.000000" />
  <attribute name="Current GC Util Change" value="33.000000"/>
  <attribute name="GC Util currently" value="33" />
  <attribute name="CPU Util currently" value="844161900565" />
<allocation-satisfied id="1197" threadId="0000000002213700" bytesRequested="32" />
<af-end id="1198" timestamp="2019-06-16T21:30:57.743" threadId="0000000002214088" success="true" from="nursery"/>
<exclusive-end id="1199" timestamp="2019-06-16T21:30:57.743" durationms="1.758" />

<exclusive-start id="1200" timestamp="2019-06-16T21:30:57.747" intervalms="5.839">
  <response-info timems="0.066" idlems="0.066" threads="0" lastid="0000000002213700" lastname="main" />
</exclusive-start>
<af-start id="1201" threadId="0000000002214088" totalBytesRequested="24" timestamp="2019-06-16T21:30:57.747" intervalms="5.887" type="nursery" />
<cycle-start id="1202" type="scavenge" contextid="0" timestamp="2019-06-16T21:30:57.747" intervalms="5.912" />
<gc-start id="1203" type="scavenge" contextid="1202" timestamp="2019-06-16T21:30:57.747">
  <mem-info id="1204" free="2080582296" total="2092630016" percent="99">
    <mem type="nursery" free="0" total="3932160" percent="0">
      <mem type="allocate" free="0" total="2818048" percent="0" />
      <mem type="survivor" free="0" total="1114112" percent="0" />
    </mem>
    <mem type="tenure" free="2080582296" total="2088697856" percent="99">
      <mem type="soa" free="1955261080" total="1963376640" percent="99" />
      <mem type="loa" free="125321216" total="125321216" percent="100" />
    </mem>
    <remembered-set count="1177" />
  </mem-info>
</gc-start>
<allocation-stats totalBytes="1715200" >
  <allocated-bytes non-tlh="32" tlh="1715168" />
  <largest-consumer threadName="main" threadId="0000000002213700" bytes="1715200" />
</allocation-stats>
<gc-op id="1205" type="scavenge" timems="1.155" contextid="1202" timestamp="2019-06-16T21:30:57.749">
  <scavenger-info tenureage="3" tenuremask="7ff8" tiltratio="71" />
  <memory-copied type="nursery" objects="10684" bytes="478864" bytesdiscarded="139744" />
  <memory-copied type="tenure" objects="5586" bytes="584240" bytesdiscarded="168" />
</gc-op>
<gc-end id="1206" type="scavenge" contextid="1202" durationms="1.807" usertimems="4.000" systemtimems="0.000" timestamp="2019-06-16T21:30:57.749" activeThreads="4">
  <mem-info id="1207" free="2082195656" total="2092630016" percent="99">
    <mem type="nursery" free="2199440" total="3932160" percent="55">
      <mem type="allocate" free="2199440" total="2818048" percent="78" />
      <mem type="survivor" free="0" total="1114112" percent="0" />
    </mem>
    <mem type="tenure" free="2079996216" total="2088697856" percent="99" macro-fragmented="5375357">
      <mem type="soa" free="1954675000" total="1963376640" percent="99" />
      <mem type="loa" free="125321216" total="125321216" percent="100" />
    </mem>
    <remembered-set count="799" />
  </mem-info>
</gc-end>
<cycle-end id="1208" type="scavenge" contextid="1202" timestamp="2019-06-16T21:30:57.749" />
  <attribute name="elasticGC enabled" value="1" />
  <attribute name= "numThreadsSpecified" value="4" />
  <attribute name="heapSize specified" value="9371648" />
  <attribute name="Current GC Util" value="30" />
  <attribute name= "Current Time Running" value="43713" />
  <attribute name ="GC Interval" value="200" />
  <attribute name="ProportionalT" value="5.000000" />
  <attribute name="ProportionalI" value="5.000000" />
  <attribute name="ProportionalH" value="5.000000" />
  <attribute name="Current Error" value="10.000000" />
  <attribute name="IntegralT" value="30.000000" />
  <attribute name="IntegralI" value="30.000000" />
  <attribute name="IntegralH" value="30.000000" />
  <attribute name="DerivativeT" value="-0.500000" />
  <attribute name="DerivativeI" value="-0.500000" />
  <attribute name="DerivativeH" value="-0.500000" />
  <attribute name="Loop Time for DT" value="6.000000" />
  <attribute name="Output H" value="8388608"/>
  <attribute name="Output I" value="200"/>
  <attribute name="Output T" value="4"/>
  <attribute name="Target GC Util Change" value ="20.000000" />
  <attribute name="Current GC Util Change" value="30.000000"/>
  <attribute name="GC Util currently" value="30" />
  <attribute name="CPU Util currently" value="765785904496" />
<allocation-satisfied id="1209" threadId="0000000002213700" bytesRequested="24" />
<af-end id="1210" timestamp="2019-06-16T21:30:57.749" threadId="0000000002214088" success="true" from="nursery"/>
<exclusive-end id="1211" timestamp="2019-06-16T21:30:57.749" durationms="2.376" />

<exclusive-start id="1212" timestamp="2019-06-16T21:30:57.754" intervalms="7.263">
  <response-info timems="0.064" idlems="0.064" threads="0" lastid="0000000002213700" lastname="main" />
</exclusive-start>
<af-start id="1213" threadId="0000000002214088" totalBytesRequested="24" timestamp="2019-06-16T21:30:57.754" intervalms="7.266" type="nursery" />
<cycle-start id="1214" type="scavenge" contextid="0" timestamp="2019-06-16T21:30:57.754" intervalms="7.275" />
<gc-start id="1215" type="scavenge" contextid="1214" timestamp="2019-06-16T21:30:57.754">
  <mem-info id="1216" free="2079996216" total="2092630016" percent="99">
    <mem type="nursery" free="0" total="3932160" percent="0">
      <mem type="allocate" free="0" total="2818048" percent="0" />
      <mem type="survivor" free="0" total="1114112" percent="0" />
    </mem>
    <mem type="tenure" free="2079996216" total="2088697856" percent="99">
      <mem type="soa" free="1954675000" total="1963376640" percent="99" />
      <mem type="loa" free="125321216" total="125321216" percent="100" />
    </mem>
    <remembered-set count="1134" />
  </mem-info>
</gc-start>
<allocation-stats totalBytes="2199088" >
  <allocated-bytes non-tlh="24" tlh="2199064" />
  <largest-consumer threadName="main" threadId="0000000002213700" bytes="2199088" />
</allocation-stats>
<gc-op id="1217" type="scavenge" timems="0.949" contextid="1214" timestamp="2019-06-16T21:30:57.756">
  <scavenger-info tenureage="3" tenuremask="7ff8" tiltratio="71" />
  <memory-copied type="nursery" objects="9303" bytes="337784" bytesdiscarded="37000" />
  <memory-copied type="tenure" objects="4712" bytes="263304" bytesdiscarded="16" />
</gc-op>
<gc-end id="1218" type="scavenge" contextid="1214" durationms="1.524" usertimems="0.000" systemtimems="0.000" timestamp="2019-06-16T21:30:57.756" activeThreads="4">
  <mem-info id="1219" free="2082401624" total="2092630016" percent="99">
    <mem type="nursery" free="2574336" total="3932160" percent="65">
      <mem type="allocate" free="2574336" total="2949120" percent="87" />
      <mem type="survivor" free="0" total="983040" percent="0" />
    </mem>
    <mem type="tenure" free="2079827288" total="2088697856" percent="99" macro-fragmented="502401">
      <mem type="soa" free="1954506072" total="1963376640" percent="99" />
      <mem type="loa" free="125321216" total="125321216" percent="100" />
    </mem>
    <remembered-set count="970" />
  </mem-info>
</gc-end>
<cycle-end id="1220" type="scavenge" contextid="1214" timestamp="2019-06-16T21:30:57.756" />
  <attribute name="elasticGC enabled" value="1" />
  <attribute name= "numThreadsSpecified" value="4" />
  <attribute name="heapSize specified" value="9371648" />
  <attribute name="Current GC Util" value="31" />
  <attribute name= "Current Time Running" value="43720" />
  <attribute name ="GC Interval" value="200" />
  <attribute name="ProportionalT" value="5.500000" />
  <attribute name="ProportionalI" value="5.500000" />
  <attribute name="ProportionalH" value="5.500000" />
  <attribute name="Current Error" value="11.000000" />
  <attribute name="IntegralT" value="38.500000" />
  <attribute name="IntegralI" value="38.500000" />
  <attribute name="IntegralH" value="38.500000" />
  <attribute name="DerivativeT" value="0.142857" />
  <attribute name="DerivativeI" value="0.142857" />
  <attribute name="DerivativeH" value="0.142857" />
  <attribute name="Loop Time for DT" value="7.000000" />
  <attribute name="Output H" value="8388608"/>
  <attribute name="Output I" value="200"/>
  <attribute name="Output T" value="4"/>
  <attribute name="Target GC Util Change" value ="20.000000" />
  <attribute name="Current GC Util Change" value="31.000000"/>
  <attribute name="GC Util currently" value="31" />
  <attribute name="CPU Util currently" value="642024269439" />
<allocation-satisfied id="1221" threadId="0000000002213700" bytesRequested="24" />
<af-end id="1222" timestamp="2019-06-16T21:30:57.756" threadId="0000000002214088" success="true" from="nursery"/>
<exclusive-end id="1223" timestamp="2019-06-16T21:30:57.756" durationms="2.298" />

<exclusive-start id="1224" timestamp="2019-06-16T21:30:57.762" intervalms="7.361">
  <response-info timems="0.059" idlems="0.059" threads="0" lastid="0000000002213700" lastname="main" />
</exclusive-start>
<af-start id="1225" threadId="0000000002214088" totalBytesRequested="32" timestamp="2019-06-16T21:30:57.762" intervalms="7.358" type="nursery" />
<cycle-start id="1226" type="scavenge" contextid="0" timestamp="2019-06-16T21:30:57.762" intervalms="7.351" />
<gc-start id="1227" type="scavenge" contextid="1226" timestamp="2019-06-16T21:30:57.762">
  <mem-info id="1228" free="2079827288" total="2092630016" percent="99">
    <mem type="nursery" free="0" total="3932160" percent="0">
      <mem type="allocate" free="0" total="2949120" percent="0" />
      <mem type="survivor" free="0" total="983040" percent="0" />
    </mem>
    <mem type="tenure" free="2079827288" total="2088697856" percent="99">
      <mem type="soa" free="1954506072" total="1963376640" percent="99" />
      <mem type="loa" free="125321216" total="125321216" percent="100" />
    </mem>
    <remembered-set count="1253" />
  </mem-info>
</gc-start>
<allocation-stats totalBytes="2573984" >
  <allocated-bytes non-tlh="24" tlh="2573960" />
  <largest-consumer threadName="main" threadId="0000000002213700" bytes="2573984" />
</allocation-stats>
<gc-op id="1229" type="scavenge" timems="0.723" contextid="1226" timestamp="2019-06-16T21:30:57.763">
  <scavenger-info tenureage="3" tenuremask="7ff8" tiltratio="75" />
  <memory-copied type="nursery" objects="9836" bytes="358248" bytesdiscarded="94872" />
  <memory-copied type="tenure" objects="2744" bytes="98864" bytesdiscarded="16" />
</gc-op>
<gc-end id="1230" type="scavenge" contextid="1226" durationms="1.335" usertimems="0.000" systemtimems="0.000" timestamp="2019-06-16T21:30:57.763" activeThreads="4">
  <mem-info id="1231" free="2082209880" total="2092630016" percent="99">
    <mem type="nursery" free="2561536" total="3932160" percent="65">
      <mem type="allocate" free="2561536" total="3014656" percent="84" />
      <mem type="survivor" free="0" total="917504" percent="0" />
    </mem>
    <mem type="tenure" free="2079648344" total="2088697856" percent="99" macro-fragmented="0">
      <mem type="soa" free="1954327128" total="1963376640" percent="99" />
      <mem type="loa" free="125321216" total="125321216" percent="100" />
    </mem>
    <remembered-set count="1018" />
  </mem-info>
</gc-end>
<cycle-end id="1232" type="scavenge" contextid="1226" timestamp="2019-06-16T21:30:57.763" />
  <attribute name="elasticGC enabled" value="1" />
  <attribute name= "numThreadsSpecified" value="4" />
  <attribute name="heapSize specified" value="9371648" />
  <attribute name="Current GC Util" value="26" />
  <attribute name= "Current Time Running" value="43728" />
  <attribute name ="GC Interval" value="200" />
  <attribute name="ProportionalT" value="3.000000" />
  <attribute name="ProportionalI" value="3.000000" />
  <attribute name="ProportionalH" value="3.000000" />
  <attribute name="Current Error" value="6.000000" />
  <attribute name="IntegralT" value="24.000000" />
  <attribute name="IntegralI" value="24.000000" />
  <attribute name="IntegralH" value="24.000000" />
  <attribute name="DerivativeT" value="-0.625000" />
  <attribute name="DerivativeI" value="-0.625000" />
  <attribute name="DerivativeH" value="-0.625000" />
  <attribute name="Loop Time for DT" value="8.000000" />
  <attribute name="Output H" value="8388608"/>
  <attribute name="Output I" value="200"/>
  <attribute name="Output T" value="4"/>
  <attribute name="Target GC Util Change" value ="20.000000" />
  <attribute name="Current GC Util Change" value="26.000000"/>
  <attribute name="GC Util currently" value="26" />
  <attribute name="CPU Util currently" value="626606162429" />
<allocation-satisfied id="1233" threadId="0000000002213700" bytesRequested="32" />
<af-end id="1234" timestamp="2019-06-16T21:30:57.763" threadId="0000000002214088" success="true" from="nursery"/>
<exclusive-end id="1235" timestamp="2019-06-16T21:30:57.764" durationms="2.043" />

<exclusive-start id="1236" timestamp="2019-06-16T21:30:57.769" intervalms="7.402">
  <response-info timems="0.057" idlems="0.057" threads="0" lastid="0000000002213700" lastname="main" />
</exclusive-start>
<af-start id="1237" threadId="0000000002214088" totalBytesRequested="32" timestamp="2019-06-16T21:30:57.769" intervalms="7.407" type="nursery" />
<cycle-start id="1238" type="scavenge" contextid="0" timestamp="2019-06-16T21:30:57.769" intervalms="7.388" />
<gc-start id="1239" type="scavenge" contextid="1238" timestamp="2019-06-16T21:30:57.769">
  <mem-info id="1240" free="2079648344" total="2092630016" percent="99">
    <mem type="nursery" free="0" total="3932160" percent="0">
      <mem type="allocate" free="0" total="3014656" percent="0" />
      <mem type="survivor" free="0" total="917504" percent="0" />
    </mem>
    <mem type="tenure" free="2079648344" total="2088697856" percent="99">
      <mem type="soa" free="1954327128" total="1963376640" percent="99" />
      <mem type="loa" free="125321216" total="125321216" percent="100" />
    </mem>
    <remembered-set count="1363" />
  </mem-info>
</gc-start>
<allocation-stats totalBytes="2561224" >
  <allocated-bytes non-tlh="32" tlh="2561192" />
  <largest-consumer threadName="main" threadId="0000000002213700" bytes="2561224" />
</allocation-stats>
<gc-op id="1241" type="scavenge" timems="0.700" contextid="1238" timestamp="2019-06-16T21:30:57.770">
  <scavenger-info tenureage="3" tenuremask="7ff8" tiltratio="76" />
  <memory-copied type="nursery" objects="10039" bytes="365440" bytesdiscarded="26240" />
  <memory-copied type="tenure" objects="3098" bytes="112296" bytesdiscarded="48" />
</gc-op>
<gc-end id="1242" type="scavenge" contextid="1238" durationms="1.307" usertimems="0.000" systemtimems="0.000" timestamp="2019-06-16T21:30:57.771" activeThreads="4">
  <mem-info id="1243" free="2082284888" total="2092630016" percent="99">
    <mem type="nursery" free="2754048" total="3932160" percent="70">
      <mem type="allocate" free="2754048" total="3145728" percent="87" />
      <mem type="survivor" free="0" total="786432" percent="0" />
    </mem>
    <mem type="tenure" free="2079530840" total="2088697856" percent="99" macro-fragmented="1310760">
      <mem type="soa" free="1954209624" total="1963376640" percent="99" />
      <mem type="loa" free="125321216" total="125321216" percent="100" />
    </mem>
    <remembered-set count="1072" />
  </mem-info>
</gc-end>
<cycle-end id="1244" type="scavenge" contextid="1238" timestamp="2019-06-16T21:30:57.771" />
  <attribute name="elasticGC enabled" value="1" />
  <attribute name= "numThreadsSpecified" value="4" />
  <attribute name="heapSize specified" value="9371648" />
  <attribute name="Current GC Util" value="23" />
  <attribute name= "Current Time Running" value="43735" />
  <attribute name ="GC Interval" value="200" />
  <attribute name="ProportionalT" value="1.500000" />
  <attribute name="ProportionalI" value="1.500000" />
  <attribute name="ProportionalH" value="1.500000" />
  <attribute name="Current Error" value="3.000000" />
  <attribute name="IntegralT" value="10.500000" />
  <attribute name="IntegralI" value="10.500000" />
  <attribute name="IntegralH" value="10.500000" />
  <attribute name="DerivativeT" value="-0.428571" />
  <attribute name="DerivativeI" value="-0.428571" />
  <attribute name="DerivativeH" value="-0.428571" />
  <attribute name="Loop Time for DT" value="7.000000" />
  <attribute name="Output H" value="8388608"/>
  <attribute name="Output I" value="200"/>
  <attribute name="Output T" value="4"/>
  <attribute name="Target GC Util Change" value ="20.000000" />
  <attribute name="Current GC Util Change" value="23.000000"/>
  <attribute name="GC Util currently" value="23" />
  <attribute name="CPU Util currently" value="628087331365" />
<allocation-satisfied id="1245" threadId="0000000002213700" bytesRequested="32" />
<af-end id="1246" timestamp="2019-06-16T21:30:57.771" threadId="0000000002214088" success="true" from="nursery"/>
<exclusive-end id="1247" timestamp="2019-06-16T21:30:57.771" durationms="2.064" />

<exclusive-start id="1248" timestamp="2019-06-16T21:30:57.777" intervalms="7.793">
  <response-info timems="0.133" idlems="0.133" threads="0" lastid="0000000002213700" lastname="main" />
</exclusive-start>
<af-start id="1249" threadId="0000000002214088" totalBytesRequested="32" timestamp="2019-06-16T21:30:57.777" intervalms="7.805" type="nursery" />
<cycle-start id="1250" type="scavenge" contextid="0" timestamp="2019-06-16T21:30:57.777" intervalms="7.824" />
<gc-start id="1251" type="scavenge" contextid="1250" timestamp="2019-06-16T21:30:57.777">
  <mem-info id="1252" free="2079530840" total="2092630016" percent="99">
    <mem type="nursery" free="0" total="3932160" percent="0">
      <mem type="allocate" free="0" total="3145728" percent="0" />
      <mem type="survivor" free="0" total="786432" percent="0" />
    </mem>
    <mem type="tenure" free="2079530840" total="2088697856" percent="99">
      <mem type="soa" free="1954209624" total="1963376640" percent="99" />
      <mem type="loa" free="125321216" total="125321216" percent="100" />
    </mem>
    <remembered-set count="1415" />
  </mem-info>
</gc-start>
<allocation-stats totalBytes="2753680" >
  <allocated-bytes non-tlh="32" tlh="2753648" />
  <largest-consumer threadName="main" threadId="0000000002213700" bytes="2753680" />
</allocation-stats>
<gc-op id="1253" type="scavenge" timems="1.126" contextid="1250" timestamp="2019-06-16T21:30:57.778">
  <scavenger-info tenureage="3" tenuremask="7ff8" tiltratio="80" />
  <memory-copied type="nursery" objects="10021" bytes="365384" bytesdiscarded="65464" />
  <memory-copied type="tenure" objects="3412" bytes="125144" bytesdiscarded="24" />
</gc-op>
<gc-end id="1254" type="scavenge" contextid="1250" durationms="1.726" usertimems="0.000" systemtimems="0.000" timestamp="2019-06-16T21:30:57.779" activeThreads="4">
  <mem-info id="1255" free="2082193752" total="2092630016" percent="99">
    <mem type="nursery" free="2780416" total="3932160" percent="70">
      <mem type="allocate" free="2780416" total="3211264" percent="86" />
      <mem type="survivor" free="0" total="720896" percent="0" />
    </mem>
    <mem type="tenure" free="2079413336" total="2088697856" percent="99" macro-fragmented="22776">
      <mem type="soa" free="1954092120" total="1963376640" percent="99" />
      <mem type="loa" free="125321216" total="125321216" percent="100" />
    </mem>
    <remembered-set count="1064" />
  </mem-info>
</gc-end>
<cycle-end id="1256" type="scavenge" contextid="1250" timestamp="2019-06-16T21:30:57.779" />
  <attribute name="elasticGC enabled" value="1" />
  <attribute name= "numThreadsSpecified" value="4" />
  <attribute name="heapSize specified" value="9371648" />
  <attribute name="Current GC Util" value="21" />
  <attribute name= "Current Time Running" value="43743" />
  <attribute name ="GC Interval" value="200" />
  <attribute name="ProportionalT" value="0.500000" />
  <attribute name="ProportionalI" value="0.500000" />
  <attribute name="ProportionalH" value="0.500000" />
  <attribute name="Current Error" value="1.000000" />
  <attribute name="IntegralT" value="4.000000" />
  <attribute name="IntegralI" value="4.000000" />
  <attribute name="IntegralH" value="4.000000" />
  <attribute name="DerivativeT" value="-0.250000" />
  <attribute name="DerivativeI" value="-0.250000" />
  <attribute name="DerivativeH" value="-0.250000" />
  <attribute name="Loop Time for DT" value="8.000000" />
  <attribute name="Output H" value="8388608"/>
  <attribute name="Output I" value="200"/>
  <attribute name="Output T" value="4"/>
  <attribute name="Target GC Util Change" value ="20.000000" />
  <attribute name="Current GC Util Change" value="21.000000"/>
  <attribute name="GC Util currently" value="21" />
  <attribute name="CPU Util currently" value="586302125352" />
<allocation-satisfied id="1257" threadId="0000000002213700" bytesRequested="32" />
<af-end id="1258" timestamp="2019-06-16T21:30:57.779" threadId="0000000002214088" success="true" from="nursery"/>
<exclusive-end id="1259" timestamp="2019-06-16T21:30:57.779" durationms="2.524" />

<exclusive-start id="1260" timestamp="2019-06-16T21:30:57.793" intervalms="16.065">
  <response-info timems="0.066" idlems="0.066" threads="0" lastid="0000000002213700" lastname="main" />
</exclusive-start>
<af-start id="1261" threadId="0000000002214088" totalBytesRequested="56" timestamp="2019-06-16T21:30:57.793" intervalms="16.095" type="nursery" />
<cycle-start id="1262" type="scavenge" contextid="0" timestamp="2019-06-16T21:30:57.793" intervalms="16.092" />
<gc-start id="1263" type="scavenge" contextid="1262" timestamp="2019-06-16T21:30:57.793">
  <mem-info id="1264" free="2079413336" total="2092630016" percent="99">
    <mem type="nursery" free="0" total="3932160" percent="0">
      <mem type="allocate" free="0" total="3211264" percent="0" />
      <mem type="survivor" free="0" total="720896" percent="0" />
    </mem>
    <mem type="tenure" free="2079413336" total="2088697856" percent="99">
      <mem type="soa" free="1954092120" total="1963376640" percent="99" />
      <mem type="loa" free="125321216" total="125321216" percent="100" />
    </mem>
    <remembered-set count="1229" />
  </mem-info>
</gc-start>
<allocation-stats totalBytes="2779536" >
  <allocated-bytes non-tlh="32" tlh="2779504" />
  <largest-consumer threadName="main" threadId="0000000002213700" bytes="2779536" />
</allocation-stats>
<gc-op id="1265" type="scavenge" timems="0.885" contextid="1262" timestamp="2019-06-16T21:30:57.794">
  <scavenger-info tenureage="4" tenuremask="7ff0" tiltratio="81" />
  <memory-copied type="nursery" objects="13600" bytes="578904" bytesdiscarded="141992" />
  <memory-copied type="tenure" objects="3419" bytes="140328" bytesdiscarded="48" />
  <copy-failed type="nursery" objects="3419" bytes="140328" />
</gc-op>
<gc-end id="1266" type="scavenge" contextid="1262" durationms="1.543" usertimems="4.000" systemtimems="0.000" timestamp="2019-06-16T21:30:57.795" activeThreads="4">
  <mem-info id="1267" free="2081366616" total="2092630016" percent="99">
    <mem type="nursery" free="2031616" total="3932160" percent="51">
      <mem type="allocate" free="2031616" total="2752512" percent="73" />
      <mem type="survivor" free="0" total="1179648" percent="0" />
    </mem>
    <mem type="tenure" free="2079335000" total="2088697856" percent="99" macro-fragmented="0">
      <mem type="soa" free="1954013784" total="1963376640" percent="99" />
      <mem type="loa" free="125321216" total="125321216" percent="100" />
    </mem>
    <remembered-set count="1812" />
  </mem-info>
</gc-end>
<cycle-end id="1268" type="scavenge" contextid="1262" timestamp="2019-06-16T21:30:57.795" />
  <attribute name="elasticGC enabled" value="1" />
  <attribute name= "numThreadsSpecified" value="4" />
  <attribute name="heapSize specified" value="9371648" />
  <attribute name="Current GC Util" value="10" />
  <attribute name= "Current Time Running" value="43759" />
  <attribute name ="GC Interval" value="200" />
  <attribute name="ProportionalT" value="-5.000000" />
  <attribute name="ProportionalI" value="-5.000000" />
  <attribute name="ProportionalH" value="-5.000000" />
  <attribute name="Current Error" value="-10.000000" />
  <attribute name="IntegralT" value="-80.000000" />
  <attribute name="IntegralI" value="-80.000000" />
  <attribute name="IntegralH" value="-80.000000" />
  <attribute name="DerivativeT" value="-0.687500" />
  <attribute name="DerivativeI" value="-0.687500" />
  <attribute name="DerivativeH" value="-0.687500" />
  <attribute name="Loop Time for DT" value="16.000000" />
  <attribute name="Output H" value="2092630016"/>
  <attribute name="Output I" value="200"/>
  <attribute name="Output T" value="4"/>
  <attribute name="Target GC Util Change" value ="20.000000" />
  <attribute name="Current GC Util Change" value="10.000000"/>
  <attribute name="GC Util currently" value="10" />
  <attribute name="CPU Util currently" value="285339829567" />
<allocation-satisfied id="1269" threadId="0000000002213700" bytesRequested="56" />
<af-end id="1270" timestamp="2019-06-16T21:30:57.795" threadId="0000000002214088" success="true" from="nursery"/>
<exclusive-end id="1271" timestamp="2019-06-16T21:30:57.795" durationms="2.444" />

<exclusive-start id="1272" timestamp="2019-06-16T21:30:57.849" intervalms="56.453">
  <response-info timems="0.022" idlems="0.022" threads="0" lastid="0000000002213700" lastname="main" />
</exclusive-start>
<af-start id="1273" threadId="0000000002214088" totalBytesRequested="200008" timestamp="2019-06-16T21:30:57.849" intervalms="56.392" type="nursery" />
<cycle-start id="1274" type="scavenge" contextid="0" timestamp="2019-06-16T21:30:57.849" intervalms="56.374" />
<gc-start id="1275" type="scavenge" contextid="1274" timestamp="2019-06-16T21:30:57.850">
  <mem-info id="1276" free="2079380056" total="2092630016" percent="99">
    <mem type="nursery" free="69576" total="3932160" percent="1">
      <mem type="allocate" free="69576" total="2752512" percent="2" />
      <mem type="survivor" free="0" total="1179648" percent="0" />
    </mem>
    <mem type="tenure" free="2079310480" total="2088697856" percent="99">
      <mem type="soa" free="1953989264" total="1963376640" percent="99" />
      <mem type="loa" free="125321216" total="125321216" percent="100" />
    </mem>
    <remembered-set count="2460" />
  </mem-info>
</gc-start>
<allocation-stats totalBytes="1985400" >
  <allocated-bytes non-tlh="24576" tlh="1960824" />
  <largest-consumer threadName="main" threadId="0000000002213700" bytes="1985400" />
</allocation-stats>
<gc-op id="1277" type="scavenge" timems="1.262" contextid="1274" timestamp="2019-06-16T21:30:57.851">
  <scavenger-info tenureage="4" tenuremask="7ff0" tiltratio="70" />
  <memory-copied type="nursery" objects="8049" bytes="371952" bytesdiscarded="62704" />
  <memory-copied type="tenure" objects="2839" bytes="106536" bytesdiscarded="48" />
  <references type="soft" candidates="24" cleared="0" enqueued="0" dynamicThreshold="31" maxThreshold="32" />
  <references type="weak" candidates="184" cleared="2" enqueued="2" />
  <references type="phantom" candidates="1" cleared="0" enqueued="0" />
</gc-op>
<gc-end id="1278" type="scavenge" contextid="1274" durationms="1.847" usertimems="0.000" systemtimems="0.000" timestamp="2019-06-16T21:30:57.851" activeThreads="4">
  <mem-info id="1279" free="2081576280" total="2092630016" percent="99">
    <mem type="nursery" free="2383304" total="3932160" percent="60">
      <mem type="allocate" free="2383304" total="2818048" percent="84" />
      <mem type="survivor" free="0" total="1114112" percent="0" />
    </mem>
    <mem type="tenure" free="2079192976" total="2088697856" percent="99" macro-fragmented="1500163">
      <mem type="soa" free="1953871760" total="1963376640" percent="99" />
      <mem type="loa" free="125321216" total="125321216" percent="100" />
    </mem>
    <pending-finalizers system="0" default="0" reference="2" classloader="0" />
    <remembered-set count="2219" />
  </mem-info>
</gc-end>
<cycle-end id="1280" type="scavenge" contextid="1274" timestamp="2019-06-16T21:30:57.851" />
  <attribute name="elasticGC enabled" value="1" />
  <attribute name= "numThreadsSpecified" value="4" />
  <attribute name="heapSize specified" value="9371648" />
  <attribute name="Current GC Util" value="3" />
  <attribute name= "Current Time Running" value="43816" />
  <attribute name ="GC Interval" value="200" />
  <attribute name="ProportionalT" value="-8.500000" />
  <attribute name="ProportionalI" value="-8.500000" />
  <attribute name="ProportionalH" value="-8.500000" />
  <attribute name="Current Error" value="-17.000000" />
  <attribute name="IntegralT" value="-484.500000" />
  <attribute name="IntegralI" value="-484.500000" />
  <attribute name="IntegralH" value="-484.500000" />
  <attribute name="DerivativeT" value="-0.298246" />
  <attribute name="DerivativeI" value="-0.298246" />
  <attribute name="DerivativeH" value="-0.298246" />
  <attribute name="Loop Time for DT" value="57.000000" />
  <attribute name="Output H" value="2092630016"/>
  <attribute name="Output I" value="200"/>
  <attribute name="Output T" value="4"/>
  <attribute name="Target GC Util Change" value ="20.000000" />
  <attribute name="Current GC Util Change" value="3.000000"/>
  <attribute name="GC Util currently" value="3" />
  <attribute name="CPU Util currently" value="81916189380" />
<allocation-satisfied id="1281" threadId="0000000002213700" bytesRequested="200008" />
<af-end id="1282" timestamp="2019-06-16T21:30:57.852" threadId="0000000002214088" success="true" from="nursery"/>
<exclusive-end id="1283" timestamp="2019-06-16T21:30:57.852" durationms="2.435" />

<exclusive-start id="1284" timestamp="2019-06-16T21:30:57.860" intervalms="10.811">
  <response-info timems="0.074" idlems="0.074" threads="0" lastid="0000000002213700" lastname="main" />
</exclusive-start>
<af-start id="1285" threadId="0000000002214088" totalBytesRequested="24" timestamp="2019-06-16T21:30:57.860" intervalms="10.836" type="nursery" />
<cycle-start id="1286" type="scavenge" contextid="0" timestamp="2019-06-16T21:30:57.860" intervalms="10.856" />
<gc-start id="1287" type="scavenge" contextid="1286" timestamp="2019-06-16T21:30:57.860">
  <mem-info id="1288" free="2079192976" total="2092630016" percent="99">
    <mem type="nursery" free="0" total="3932160" percent="0">
      <mem type="allocate" free="0" total="2818048" percent="0" />
      <mem type="survivor" free="0" total="1114112" percent="0" />
    </mem>
    <mem type="tenure" free="2079192976" total="2088697856" percent="99">
      <mem type="soa" free="1953871760" total="1963376640" percent="99" />
      <mem type="loa" free="125321216" total="125321216" percent="100" />
    </mem>
    <remembered-set count="2220" />
  </mem-info>
</gc-start>
<allocation-stats totalBytes="2383120" >
  <allocated-bytes non-tlh="200008" tlh="2183112" />
  <largest-consumer threadName="main" threadId="0000000002213700" bytes="2379024" />
</allocation-stats>
<gc-op id="1289" type="scavenge" timems="1.153" contextid="1286" timestamp="2019-06-16T21:30:57.862">
  <scavenger-info tenureage="3" tenuremask="7ff8" tiltratio="71" />
  <memory-copied type="nursery" objects="7889" bytes="601432" bytesdiscarded="124912" />
  <memory-copied type="tenure" objects="4877" bytes="176944" bytesdiscarded="8" />
  <references type="soft" candidates="24" cleared="0" enqueued="0" dynamicThreshold="31" maxThreshold="32" />
  <references type="weak" candidates="180" cleared="0" enqueued="0" />
  <references type="phantom" candidates="1" cleared="0" enqueued="0" />
</gc-op>
<gc-end id="1290" type="scavenge" contextid="1286" durationms="1.818" usertimems="4.000" systemtimems="0.000" timestamp="2019-06-16T21:30:57.862" activeThreads="4">
  <mem-info id="1291" free="2081179648" total="2092630016" percent="99">
    <mem type="nursery" free="2157168" total="3932160" percent="54">
      <mem type="allocate" free="2157168" total="2883584" percent="74" />
      <mem type="survivor" free="0" total="1048576" percent="0" />
    </mem>
    <mem type="tenure" free="2079022480" total="2088697856" percent="99" macro-fragmented="0">
      <mem type="soa" free="1953701264" total="1963376640" percent="99" />
      <mem type="loa" free="125321216" total="125321216" percent="100" />
    </mem>
    <remembered-set count="981" />
  </mem-info>
</gc-end>
<cycle-end id="1292" type="scavenge" contextid="1286" timestamp="2019-06-16T21:30:57.862" />
  <attribute name="elasticGC enabled" value="1" />
  <attribute name= "numThreadsSpecified" value="4" />
  <attribute name="heapSize specified" value="9371648" />
  <attribute name="Current GC Util" value="24" />
  <attribute name= "Current Time Running" value="43826" />
  <attribute name ="GC Interval" value="200" />
  <attribute name="ProportionalT" value="2.000000" />
  <attribute name="ProportionalI" value="2.000000" />
  <attribute name="ProportionalH" value="2.000000" />
  <attribute name="Current Error" value="4.000000" />
  <attribute name="IntegralT" value="20.000000" />
  <attribute name="IntegralI" value="20.000000" />
  <attribute name="IntegralH" value="20.000000" />
  <attribute name="DerivativeT" value="0.400000" />
  <attribute name="DerivativeI" value="0.400000" />
  <attribute name="DerivativeH" value="0.400000" />
  <attribute name="Loop Time for DT" value="10.000000" />
  <attribute name="Output H" value="8388608"/>
  <attribute name="Output I" value="200"/>
  <attribute name="Output T" value="4"/>
  <attribute name="Target GC Util Change" value ="20.000000" />
  <attribute name="Current GC Util Change" value="24.000000"/>
  <attribute name="GC Util currently" value="24" />
  <attribute name="CPU Util currently" value="422398926532" />
<allocation-satisfied id="1293" threadId="0000000002213700" bytesRequested="24" />
<af-end id="1294" timestamp="2019-06-16T21:30:57.862" threadId="0000000002214088" success="true" from="nursery"/>
<exclusive-end id="1295" timestamp="2019-06-16T21:30:57.863" durationms="2.506" />

<exclusive-start id="1296" timestamp="2019-06-16T21:30:57.892" intervalms="31.994">
  <response-info timems="0.064" idlems="0.064" threads="0" lastid="0000000002213700" lastname="main" />
</exclusive-start>
<af-start id="1297" threadId="0000000002214088" totalBytesRequested="32" timestamp="2019-06-16T21:30:57.892" intervalms="31.995" type="nursery" />
<cycle-start id="1298" type="scavenge" contextid="0" timestamp="2019-06-16T21:30:57.892" intervalms="31.993" />
<gc-start id="1299" type="scavenge" contextid="1298" timestamp="2019-06-16T21:30:57.892">
  <mem-info id="1300" free="2079018904" total="2092630016" percent="99">
    <mem type="nursery" free="0" total="3932160" percent="0">
      <mem type="allocate" free="0" total="2883584" percent="0" />
      <mem type="survivor" free="0" total="1048576" percent="0" />
    </mem>
    <mem type="tenure" free="2079018904" total="2088697856" percent="99">
      <mem type="soa" free="1953697688" total="1963376640" percent="99" />
      <mem type="loa" free="125321216" total="125321216" percent="100" />
    </mem>
    <remembered-set count="1018" />
  </mem-info>
</gc-start>
<allocation-stats totalBytes="2160336" >
  <allocated-bytes non-tlh="203608" tlh="1956728" />
  <largest-consumer threadName="main" threadId="0000000002213700" bytes="2160336" />
</allocation-stats>
<gc-op id="1301" type="scavenge" timems="0.741" contextid="1298" timestamp="2019-06-16T21:30:57.893">
  <scavenger-info tenureage="4" tenuremask="7ff0" tiltratio="73" />
  <memory-copied type="nursery" objects="4767" bytes="461744" bytesdiscarded="86128" />
  <references type="soft" candidates="25" cleared="0" enqueued="0" dynamicThreshold="31" maxThreshold="32" />
  <references type="weak" candidates="180" cleared="0" enqueued="0" />
  <references type="phantom" candidates="1" cleared="0" enqueued="0" />
</gc-op>
<gc-end id="1302" type="scavenge" contextid="1298" durationms="1.357" usertimems="4.000" systemtimems="0.000" timestamp="2019-06-16T21:30:57.894" activeThreads="4">
  <mem-info id="1303" free="2081420056" total="2092630016" percent="99">
    <mem type="nursery" free="2401152" total="3932160" percent="61">
      <mem type="allocate" free="2401152" total="2949120" percent="81" />
      <mem type="survivor" free="0" total="983040" percent="0" />
    </mem>
    <mem type="tenure" free="2079018904" total="2088697856" percent="99" macro-fragmented="0">
      <mem type="soa" free="1953697688" total="1963376640" percent="99" />
      <mem type="loa" free="125321216" total="125321216" percent="100" />
    </mem>
    <remembered-set count="720" />
  </mem-info>
</gc-end>
<cycle-end id="1304" type="scavenge" contextid="1298" timestamp="2019-06-16T21:30:57.894" />
  <attribute name="elasticGC enabled" value="1" />
  <attribute name= "numThreadsSpecified" value="4" />
  <attribute name="heapSize specified" value="9371648" />
  <attribute name="Current GC Util" value="9" />
  <attribute name= "Current Time Running" value="43858" />
  <attribute name ="GC Interval" value="200" />
  <attribute name="ProportionalT" value="-5.500000" />
  <attribute name="ProportionalI" value="-5.500000" />
  <attribute name="ProportionalH" value="-5.500000" />
  <attribute name="Current Error" value="-11.000000" />
  <attribute name="IntegralT" value="-176.000000" />
  <attribute name="IntegralI" value="-176.000000" />
  <attribute name="IntegralH" value="-176.000000" />
  <attribute name="DerivativeT" value="-0.468750" />
  <attribute name="DerivativeI" value="-0.468750" />
  <attribute name="DerivativeH" value="-0.468750" />
  <attribute name="Loop Time for DT" value="32.000000" />
  <attribute name="Output H" value="2092630016"/>
  <attribute name="Output I" value="200"/>
  <attribute name="Output T" value="4"/>
  <attribute name="Target GC Util Change" value ="20.000000" />
  <attribute name="Current GC Util Change" value="9.000000"/>
  <attribute name="GC Util currently" value="9" />
  <attribute name="CPU Util currently" value="144160084628" />
<allocation-satisfied id="1305" threadId="0000000002213700" bytesRequested="32" />
<af-end id="1306" timestamp="2019-06-16T21:30:57.894" threadId="0000000002214088" success="true" from="nursery"/>
<exclusive-end id="1307" timestamp="2019-06-16T21:30:57.894" durationms="2.030" />

<exclusive-start id="1308" timestamp="2019-06-16T21:30:58.016" intervalms="124.172">
  <response-info timems="0.031" idlems="0.031" threads="0" lastid="0000000002213700" lastname="main" />
</exclusive-start>
<af-start id="1309" threadId="0000000002214088" totalBytesRequested="200008" timestamp="2019-06-16T21:30:58.016" intervalms="124.150" type="nursery" />
<cycle-start id="1310" type="scavenge" contextid="0" timestamp="2019-06-16T21:30:58.016" intervalms="124.129" />
<gc-start id="1311" type="scavenge" contextid="1310" timestamp="2019-06-16T21:30:58.016">
  <mem-info id="1312" free="2079083144" total="2092630016" percent="99">
    <mem type="nursery" free="74592" total="3932160" percent="1">
      <mem type="allocate" free="74592" total="2949120" percent="2" />
      <mem type="survivor" free="0" total="983040" percent="0" />
    </mem>
    <mem type="tenure" free="2079008552" total="2088697856" percent="99">
      <mem type="soa" free="1953687336" total="1963376640" percent="99" />
      <mem type="loa" free="125321216" total="125321216" percent="100" />
    </mem>
    <remembered-set count="893" />
  </mem-info>
</gc-start>
<allocation-stats totalBytes="2336056" >
  <allocated-bytes non-tlh="10384" tlh="2325672" />
  <largest-consumer threadName="main" threadId="0000000002213700" bytes="2336056" />
</allocation-stats>
<gc-op id="1313" type="scavenge" timems="1.220" contextid="1310" timestamp="2019-06-16T21:30:58.018">
  <scavenger-info tenureage="4" tenuremask="7ff0" tiltratio="75" />
  <memory-copied type="nursery" objects="3228" bytes="192888" bytesdiscarded="84952" />
  <memory-copied type="tenure" objects="786" bytes="31648" bytesdiscarded="0" />
  <finalization candidates="1" enqueued="1" />
  <references type="soft" candidates="26" cleared="0" enqueued="0" dynamicThreshold="31" maxThreshold="32" />
  <references type="weak" candidates="321" cleared="13" enqueued="13" />
  <references type="phantom" candidates="1" cleared="0" enqueued="0" />
</gc-op>
<gc-end id="1314" type="scavenge" contextid="1310" durationms="1.796" usertimems="0.000" systemtimems="4.000" timestamp="2019-06-16T21:30:58.018" activeThreads="4">
  <mem-info id="1315" free="2081745136" total="2092630016" percent="99">
    <mem type="nursery" free="2736584" total="3932160" percent="69">
      <mem type="allocate" free="2736584" total="3014656" percent="90" />
      <mem type="survivor" free="0" total="917504" percent="0" />
    </mem>
    <mem type="tenure" free="2079008552" total="2088697856" percent="99" macro-fragmented="0">
      <mem type="soa" free="1953687336" total="1963376640" percent="99" />
      <mem type="loa" free="125321216" total="125321216" percent="100" />
    </mem>
    <pending-finalizers system="0" default="1" reference="13" classloader="0" />
    <remembered-set count="710" />
  </mem-info>
</gc-end>
<cycle-end id="1316" type="scavenge" contextid="1310" timestamp="2019-06-16T21:30:58.018" />
  <attribute name="elasticGC enabled" value="1" />
  <attribute name= "numThreadsSpecified" value="4" />
  <attribute name="heapSize specified" value="9371648" />
  <attribute name="Current GC Util" value="1" />
  <attribute name= "Current Time Running" value="43983" />
  <attribute name ="GC Interval" value="200" />
  <attribute name="ProportionalT" value="-9.500000" />
  <attribute name="ProportionalI" value="-9.500000" />
  <attribute name="ProportionalH" value="-9.500000" />
  <attribute name="Current Error" value="-19.000000" />
  <attribute name="IntegralT" value="-1187.500000" />
  <attribute name="IntegralI" value="-1187.500000" />
  <attribute name="IntegralH" value="-1187.500000" />
  <attribute name="DerivativeT" value="-0.152000" />
  <attribute name="DerivativeI" value="-0.152000" />
  <attribute name="DerivativeH" value="-0.152000" />
  <attribute name="Loop Time for DT" value="125.000000" />
  <attribute name="Output H" value="2092630016"/>
  <attribute name="Output I" value="200"/>
  <attribute name="Output T" value="4"/>
  <attribute name="Target GC Util Change" value ="20.000000" />
  <attribute name="Current GC Util Change" value="1.000000"/>
  <attribute name="GC Util currently" value="1" />
  <attribute name="CPU Util currently" value="37168519672" />
<allocation-satisfied id="1317" threadId="0000000002213700" bytesRequested="200008" />
<af-end id="1318" timestamp="2019-06-16T21:30:58.019" threadId="0000000002214088" success="true" from="nursery"/>
<exclusive-end id="1319" timestamp="2019-06-16T21:30:58.019" durationms="2.328" />

<exclusive-start id="1320" timestamp="2019-06-16T21:30:58.030" intervalms="13.544">
  <response-info timems="0.067" idlems="0.067" threads="0" lastid="0000000002213700" lastname="main" />
</exclusive-start>
<af-start id="1321" threadId="0000000002214088" totalBytesRequested="24" timestamp="2019-06-16T21:30:58.030" intervalms="13.539" type="nursery" />
<cycle-start id="1322" type="scavenge" contextid="0" timestamp="2019-06-16T21:30:58.030" intervalms="13.537" />
<gc-start id="1323" type="scavenge" contextid="1322" timestamp="2019-06-16T21:30:58.030">
  <mem-info id="1324" free="2079008432" total="2092630016" percent="99">
    <mem type="nursery" free="0" total="3932160" percent="0">
      <mem type="allocate" free="0" total="3014656" percent="0" />
      <mem type="survivor" free="0" total="917504" percent="0" />
    </mem>
    <mem type="tenure" free="2079008432" total="2088697856" percent="99">
      <mem type="soa" free="1953687216" total="1963376640" percent="99" />
      <mem type="loa" free="125321216" total="125321216" percent="100" />
    </mem>
    <remembered-set count="713" />
  </mem-info>
</gc-start>
<allocation-stats totalBytes="2736408" >
  <allocated-bytes non-tlh="265672" tlh="2470736" />
  <largest-consumer threadName="main" threadId="0000000002213700" bytes="2728096" />
</allocation-stats>
<gc-op id="1325" type="scavenge" timems="1.064" contextid="1322" timestamp="2019-06-16T21:30:58.031">
  <scavenger-info tenureage="4" tenuremask="7ff0" tiltratio="76" />
  <memory-copied type="nursery" objects="7699" bytes="661120" bytesdiscarded="103216" />
  <memory-copied type="tenure" objects="2335" bytes="125456" bytesdiscarded="16" />
  <references type="soft" candidates="2" cleared="0" enqueued="0" dynamicThreshold="31" maxThreshold="32" />
  <references type="weak" candidates="133" cleared="0" enqueued="0" />
  <references type="phantom" candidates="1" cleared="0" enqueued="0" />
</gc-op>
<gc-end id="1326" type="scavenge" contextid="1322" durationms="1.638" usertimems="0.000" systemtimems="0.000" timestamp="2019-06-16T21:30:58.032" activeThreads="1">
  <mem-info id="1327" free="2080875056" total="2092630016" percent="99">
    <mem type="nursery" free="1988024" total="3932160" percent="50">
      <mem type="allocate" free="1988024" total="2752512" percent="72" />
      <mem type="survivor" free="0" total="1179648" percent="0" />
    </mem>
    <mem type="tenure" free="2078887032" total="2088697856" percent="99" macro-fragmented="1000040">
      <mem type="soa" free="1953565816" total="1963376640" percent="99" />
      <mem type="loa" free="125321216" total="125321216" percent="100" />
    </mem>
    <remembered-set count="273" />
  </mem-info>
</gc-end>
<cycle-end id="1328" type="scavenge" contextid="1322" timestamp="2019-06-16T21:30:58.032" />
  <attribute name="elasticGC enabled" value="1" />
  <attribute name= "numThreadsSpecified" value="1" />
  <attribute name="heapSize specified" value="9371648" />
  <attribute name="Current GC Util" value="20" />
  <attribute name= "Current Time Running" value="43996" />
  <attribute name ="GC Interval" value="200" />
  <attribute name="ProportionalT" value="0.000000" />
  <attribute name="ProportionalI" value="0.000000" />
  <attribute name="ProportionalH" value="0.000000" />
  <attribute name="Current Error" value="0.000000" />
  <attribute name="IntegralT" value="0.000000" />
  <attribute name="IntegralI" value="0.000000" />
  <attribute name="IntegralH" value="0.000000" />
  <attribute name="DerivativeT" value="0.000000" />
  <attribute name="DerivativeI" value="0.000000" />
  <attribute name="DerivativeH" value="0.000000" />
  <attribute name="Loop Time for DT" value="13.000000" />
  <attribute name="Output H" value="8388608"/>
  <attribute name="Output I" value="200"/>
  <attribute name="Output T" value="1"/>
  <attribute name="Target GC Util Change" value ="20.000000" />
  <attribute name="Current GC Util Change" value="20.000000"/>
  <attribute name="GC Util currently" value="20" />
  <attribute name="CPU Util currently" value="340974103971" />
<allocation-satisfied id="1329" threadId="0000000002213700" bytesRequested="24" />
<af-end id="1330" timestamp="2019-06-16T21:30:58.032" threadId="0000000002214088" success="true" from="nursery"/>
<exclusive-end id="1331" timestamp="2019-06-16T21:30:58.032" durationms="2.145" />

<exclusive-start id="1332" timestamp="2019-06-16T21:30:58.036" intervalms="5.982">
  <response-info timems="0.056" idlems="0.056" threads="0" lastid="0000000002213700" lastname="main" />
</exclusive-start>
<af-start id="1333" threadId="0000000002214088" totalBytesRequested="32" timestamp="2019-06-16T21:30:58.036" intervalms="5.969" type="nursery" />
<cycle-start id="1334" type="scavenge" contextid="0" timestamp="2019-06-16T21:30:58.036" intervalms="5.967" />
<gc-start id="1335" type="scavenge" contextid="1334" timestamp="2019-06-16T21:30:58.036">
  <mem-info id="1336" free="2078887032" total="2092630016" percent="99">
    <mem type="nursery" free="0" total="3932160" percent="0">
      <mem type="allocate" free="0" total="2752512" percent="0" />
      <mem type="survivor" free="0" total="1179648" percent="0" />
    </mem>
    <mem type="tenure" free="2078887032" total="2088697856" percent="99">
      <mem type="soa" free="1953565816" total="1963376640" percent="99" />
      <mem type="loa" free="125321216" total="125321216" percent="100" />
    </mem>
    <remembered-set count="273" />
  </mem-info>
</gc-start>
<allocation-stats totalBytes="1987800" >
  <allocated-bytes non-tlh="24" tlh="1987776" />
  <largest-consumer threadName="main" threadId="0000000002213700" bytes="1987800" />
</allocation-stats>
<gc-op id="1337" type="scavenge" timems="1.225" contextid="1334" timestamp="2019-06-16T21:30:58.037">
  <scavenger-info tenureage="5" tenuremask="7fe0" tiltratio="70" />
  <memory-copied type="nursery" objects="10458" bytes="760760" bytesdiscarded="174520" />
  <references type="soft" candidates="2" cleared="0" enqueued="0" dynamicThreshold="31" maxThreshold="32" />
  <references type="weak" candidates="133" cleared="0" enqueued="0" />
  <references type="phantom" candidates="1" cleared="0" enqueued="0" />
</gc-op>
<gc-end id="1338" type="scavenge" contextid="1334" durationms="1.789" usertimems="4.000" systemtimems="0.000" timestamp="2019-06-16T21:30:58.038" activeThreads="4">
  <mem-info id="1339" free="2080900720" total="2092630016" percent="99">
    <mem type="nursery" free="2013688" total="3932160" percent="51">
      <mem type="allocate" free="2013688" total="2949120" percent="68" />
      <mem type="survivor" free="0" total="983040" percent="0" />
    </mem>
    <mem type="tenure" free="2078887032" total="2088697856" percent="99" macro-fragmented="655400">
      <mem type="soa" free="1953565816" total="1963376640" percent="99" />
      <mem type="loa" free="125321216" total="125321216" percent="100" />
    </mem>
    <remembered-set count="147" />
  </mem-info>
</gc-end>
<cycle-end id="1340" type="scavenge" contextid="1334" timestamp="2019-06-16T21:30:58.038" />
  <attribute name="elasticGC enabled" value="1" />
  <attribute name= "numThreadsSpecified" value="4" />
  <attribute name="heapSize specified" value="9371648" />
  <attribute name="Current GC Util" value="25" />
  <attribute name= "Current Time Running" value="44002" />
  <attribute name ="GC Interval" value="200" />
  <attribute name="ProportionalT" value="2.500000" />
  <attribute name="ProportionalI" value="2.500000" />
  <attribute name="ProportionalH" value="2.500000" />
  <attribute name="Current Error" value="5.000000" />
  <attribute name="IntegralT" value="15.000000" />
  <attribute name="IntegralI" value="15.000000" />
  <attribute name="IntegralH" value="15.000000" />
  <attribute name="DerivativeT" value="0.833333" />
  <attribute name="DerivativeI" value="0.833333" />
  <attribute name="DerivativeH" value="0.833333" />
  <attribute name="Loop Time for DT" value="6.000000" />
  <attribute name="Output H" value="8388608"/>
  <attribute name="Output I" value="200"/>
  <attribute name="Output T" value="4"/>
  <attribute name="Target GC Util Change" value ="20.000000" />
  <attribute name="Current GC Util Change" value="25.000000"/>
  <attribute name="GC Util currently" value="25" />
  <attribute name="CPU Util currently" value="774347994360" />
<allocation-satisfied id="1341" threadId="0000000002213700" bytesRequested="32" />
<af-end id="1342" timestamp="2019-06-16T21:30:58.038" threadId="0000000002214088" success="true" from="nursery"/>
<exclusive-end id="1343" timestamp="2019-06-16T21:30:58.038" durationms="2.257" />

<exclusive-start id="1344" timestamp="2019-06-16T21:30:58.042" intervalms="6.443">
  <response-info timems="0.061" idlems="0.061" threads="0" lastid="0000000002213700" lastname="main" />
</exclusive-start>
<af-start id="1345" threadId="0000000002214088" totalBytesRequested="32" timestamp="2019-06-16T21:30:58.042" intervalms="6.451" type="nursery" />
<cycle-start id="1346" type="scavenge" contextid="0" timestamp="2019-06-16T21:30:58.042" intervalms="6.451" />
<gc-start id="1347" type="scavenge" contextid="1346" timestamp="2019-06-16T21:30:58.042">
  <mem-info id="1348" free="2078887032" total="2092630016" percent="99">
    <mem type="nursery" free="0" total="3932160" percent="0">
      <mem type="allocate" free="0" total="2949120" percent="0" />
      <mem type="survivor" free="0" total="983040" percent="0" />
    </mem>
    <mem type="tenure" free="2078887032" total="2088697856" percent="99">
      <mem type="soa" free="1953565816" total="1963376640" percent="99" />
      <mem type="loa" free="125321216" total="125321216" percent="100" />
    </mem>
    <remembered-set count="147" />
  </mem-info>
</gc-start>
<allocation-stats totalBytes="2013424" >
  <allocated-bytes non-tlh="32" tlh="2013392" />
  <largest-consumer threadName="main" threadId="0000000002213700" bytes="2013424" />
</allocation-stats>
<gc-op id="1349" type="scavenge" timems="1.662" contextid="1346" timestamp="2019-06-16T21:30:58.044">
  <scavenger-info tenureage="2" tenuremask="7fe4" tiltratio="75" />
  <memory-copied type="nursery" objects="6468" bytes="246896" bytesdiscarded="49408" />
  <memory-copied type="tenure" objects="6773" bytes="619112" bytesdiscarded="72" />
  <references type="soft" candidates="2" cleared="0" enqueued="0" dynamicThreshold="31" maxThreshold="32" />
  <references type="weak" candidates="126" cleared="0" enqueued="0" />
  <references type="phantom" candidates="1" cleared="0" enqueued="0" />
</gc-op>
<gc-end id="1350" type="scavenge" contextid="1346" durationms="2.242" usertimems="4.000" systemtimems="0.000" timestamp="2019-06-16T21:30:58.045" activeThreads="4">
  <mem-info id="1351" free="2080844568" total="2092630016" percent="99">
    <mem type="nursery" free="2652672" total="3932160" percent="67">
      <mem type="allocate" free="2652672" total="2949120" percent="89" />
      <mem type="survivor" free="0" total="983040" percent="0" />
    </mem>
    <mem type="tenure" free="2078191896" total="2088697856" percent="99" macro-fragmented="1500163">
      <mem type="soa" free="1952870680" total="1963376640" percent="99" />
      <mem type="loa" free="125321216" total="125321216" percent="100" />
    </mem>
    <remembered-set count="3052" />
  </mem-info>
</gc-end>
<cycle-end id="1352" type="scavenge" contextid="1346" timestamp="2019-06-16T21:30:58.045" />
  <attribute name="elasticGC enabled" value="1" />
  <attribute name= "numThreadsSpecified" value="4" />
  <attribute name="heapSize specified" value="9371648" />
  <attribute name="Current GC Util" value="48" />
  <attribute name= "Current Time Running" value="44008" />
  <attribute name ="GC Interval" value="200" />
  <attribute name="ProportionalT" value="14.000000" />
  <attribute name="ProportionalI" value="14.000000" />
  <attribute name="ProportionalH" value="14.000000" />
  <attribute name="Current Error" value="28.000000" />
  <attribute name="IntegralT" value="84.000000" />
  <attribute name="IntegralI" value="84.000000" />
  <attribute name="IntegralH" value="84.000000" />
  <attribute name="DerivativeT" value="3.833333" />
  <attribute name="DerivativeI" value="3.833333" />
  <attribute name="DerivativeH" value="3.833333" />
  <attribute name="Loop Time for DT" value="6.000000" />
  <attribute name="Output H" value="8388608"/>
  <attribute name="Output I" value="200"/>
  <attribute name="Output T" value="4"/>
  <attribute name="Target GC Util Change" value ="20.000000" />
  <attribute name="Current GC Util Change" value="48.000000"/>
  <attribute name="GC Util currently" value="48" />
  <attribute name="CPU Util currently" value="713266848130" />
<allocation-satisfied id="1353" threadId="0000000002213700" bytesRequested="32" />
<af-end id="1354" timestamp="2019-06-16T21:30:58.045" threadId="0000000002214088" success="true" from="nursery"/>
<exclusive-end id="1355" timestamp="2019-06-16T21:30:58.045" durationms="2.745" />

<exclusive-start id="1356" timestamp="2019-06-16T21:30:58.055" intervalms="13.179">
  <response-info timems="0.067" idlems="0.067" threads="0" lastid="0000000002213700" lastname="main" />
</exclusive-start>
<af-start id="1357" threadId="0000000002214088" totalBytesRequested="40" timestamp="2019-06-16T21:30:58.055" intervalms="13.194" type="nursery" />
<cycle-start id="1358" type="scavenge" contextid="0" timestamp="2019-06-16T21:30:58.056" intervalms="13.197" />
<gc-start id="1359" type="scavenge" contextid="1358" timestamp="2019-06-16T21:30:58.056">
  <mem-info id="1360" free="2078191896" total="2092630016" percent="99">
    <mem type="nursery" free="0" total="3932160" percent="0">
      <mem type="allocate" free="0" total="2949120" percent="0" />
      <mem type="survivor" free="0" total="983040" percent="0" />
    </mem>
    <mem type="tenure" free="2078191896" total="2088697856" percent="99">
      <mem type="soa" free="1952870680" total="1963376640" percent="99" />
      <mem type="loa" free="125321216" total="125321216" percent="100" />
    </mem>
    <remembered-set count="3091" />
  </mem-info>
</gc-start>
<allocation-stats totalBytes="2652200" >
  <allocated-bytes non-tlh="32" tlh="2652168" />
  <largest-consumer threadName="main" threadId="0000000002213700" bytes="2652200" />
</allocation-stats>
<gc-op id="1361" type="scavenge" timems="1.114" contextid="1358" timestamp="2019-06-16T21:30:58.057">
  <scavenger-info tenureage="4" tenuremask="7fd0" tiltratio="75" />
  <memory-copied type="nursery" objects="12870" bytes="559464" bytesdiscarded="69488" />
  <memory-copied type="tenure" objects="674" bytes="24160" bytesdiscarded="0" />
  <references type="soft" candidates="1" cleared="0" enqueued="0" dynamicThreshold="31" maxThreshold="32" />
</gc-op>
<gc-end id="1362" type="scavenge" contextid="1358" durationms="1.691" usertimems="0.000" systemtimems="0.000" timestamp="2019-06-16T21:30:58.057" activeThreads="4">
  <mem-info id="1363" free="2080512024" total="2092630016" percent="99">
    <mem type="nursery" free="2320128" total="3932160" percent="59">
      <mem type="allocate" free="2320128" total="2949120" percent="78" />
      <mem type="survivor" free="0" total="983040" percent="0" />
    </mem>
    <mem type="tenure" free="2078191896" total="2088697856" percent="99" macro-fragmented="0">
      <mem type="soa" free="1952870680" total="1963376640" percent="99" />
      <mem type="loa" free="125321216" total="125321216" percent="100" />
    </mem>
    <remembered-set count="905" />
  </mem-info>
</gc-end>
<cycle-end id="1364" type="scavenge" contextid="1358" timestamp="2019-06-16T21:30:58.057" />
  <attribute name="elasticGC enabled" value="1" />
  <attribute name= "numThreadsSpecified" value="4" />
  <attribute name="heapSize specified" value="9371648" />
  <attribute name="Current GC Util" value="28" />
  <attribute name= "Current Time Running" value="44022" />
  <attribute name ="GC Interval" value="200" />
  <attribute name="ProportionalT" value="4.000000" />
  <attribute name="ProportionalI" value="4.000000" />
  <attribute name="ProportionalH" value="4.000000" />
  <attribute name="Current Error" value="8.000000" />
  <attribute name="IntegralT" value="56.000000" />
  <attribute name="IntegralI" value="56.000000" />
  <attribute name="IntegralH" value="56.000000" />
  <attribute name="DerivativeT" value="-1.428571" />
  <attribute name="DerivativeI" value="-1.428571" />
  <attribute name="DerivativeH" value="-1.428571" />
  <attribute name="Loop Time for DT" value="14.000000" />
  <attribute name="Output H" value="8388608"/>
  <attribute name="Output I" value="200"/>
  <attribute name="Output T" value="4"/>
  <attribute name="Target GC Util Change" value ="20.000000" />
  <attribute name="Current GC Util Change" value="28.000000"/>
  <attribute name="GC Util currently" value="28" />
  <attribute name="CPU Util currently" value="349261695772" />
<allocation-satisfied id="1365" threadId="0000000002213700" bytesRequested="40" />
<af-end id="1366" timestamp="2019-06-16T21:30:58.058" threadId="0000000002214088" success="true" from="nursery"/>
<exclusive-end id="1367" timestamp="2019-06-16T21:30:58.058" durationms="2.272" />

<exclusive-start id="1368" timestamp="2019-06-16T21:30:58.094" intervalms="38.146">
  <response-info timems="0.030" idlems="0.030" threads="0" lastid="0000000002213700" lastname="main" />
</exclusive-start>
<af-start id="1369" threadId="0000000002214088" totalBytesRequested="48" timestamp="2019-06-16T21:30:58.094" intervalms="38.148" type="nursery" />
<cycle-start id="1370" type="scavenge" contextid="0" timestamp="2019-06-16T21:30:58.094" intervalms="38.153" />
<gc-start id="1371" type="scavenge" contextid="1370" timestamp="2019-06-16T21:30:58.094">
  <mem-info id="1372" free="2078180432" total="2092630016" percent="99">
    <mem type="nursery" free="0" total="3932160" percent="0">
      <mem type="allocate" free="0" total="2949120" percent="0" />
      <mem type="survivor" free="0" total="983040" percent="0" />
    </mem>
    <mem type="tenure" free="2078180432" total="2088697856" percent="99">
      <mem type="soa" free="1952859216" total="1963376640" percent="99" />
      <mem type="loa" free="125321216" total="125321216" percent="100" />
    </mem>
    <remembered-set count="1018" />
  </mem-info>
</gc-start>
<allocation-stats totalBytes="2331040" >
  <allocated-bytes non-tlh="411520" tlh="1919520" />
  <largest-consumer threadName="main" threadId="0000000002213700" bytes="2331040" />
</allocation-stats>
<gc-op id="1373" type="scavenge" timems="1.095" contextid="1370" timestamp="2019-06-16T21:30:58.095">
  <scavenger-info tenureage="6" tenuremask="7fc0" tiltratio="75" />
  <memory-copied type="nursery" objects="10354" bytes="968888" bytesdiscarded="14056" />
  <memory-copied type="tenure" objects="2186" bytes="86832" bytesdiscarded="48" />
  <copy-failed type="nursery" objects="2089" bytes="84448" />
  <references type="soft" candidates="24" cleared="0" enqueued="0" dynamicThreshold="31" maxThreshold="32" />
  <references type="weak" candidates="4" cleared="0" enqueued="0" />
  <references type="phantom" candidates="2" cleared="0" enqueued="0" />
</gc-op>
<gc-end id="1374" type="scavenge" contextid="1370" durationms="1.808" usertimems="0.000" systemtimems="4.000" timestamp="2019-06-16T21:30:58.096" activeThreads="4">
  <mem-info id="1375" free="2079347280" total="2092630016" percent="99">
    <mem type="nursery" free="1245184" total="3932160" percent="31">
      <mem type="allocate" free="1245184" total="2228224" percent="55" />
      <mem type="survivor" free="0" total="1703936" percent="0" />
    </mem>
    <mem type="tenure" free="2078102096" total="2088697856" percent="99" macro-fragmented="0">
      <mem type="soa" free="1952780880" total="1963376640" percent="99" />
      <mem type="loa" free="125321216" total="125321216" percent="100" />
    </mem>
    <remembered-set count="1623" />
  </mem-info>
</gc-end>
<cycle-end id="1376" type="scavenge" contextid="1370" timestamp="2019-06-16T21:30:58.096" />
  <attribute name="elasticGC enabled" value="1" />
  <attribute name= "numThreadsSpecified" value="4" />
  <attribute name="heapSize specified" value="9371648" />
  <attribute name="Current GC Util" value="7" />
  <attribute name= "Current Time Running" value="44060" />
  <attribute name ="GC Interval" value="200" />
  <attribute name="ProportionalT" value="-6.500000" />
  <attribute name="ProportionalI" value="-6.500000" />
  <attribute name="ProportionalH" value="-6.500000" />
  <attribute name="Current Error" value="-13.000000" />
  <attribute name="IntegralT" value="-247.000000" />
  <attribute name="IntegralI" value="-247.000000" />
  <attribute name="IntegralH" value="-247.000000" />
  <attribute name="DerivativeT" value="-0.552632" />
  <attribute name="DerivativeI" value="-0.552632" />
  <attribute name="DerivativeH" value="-0.552632" />
  <attribute name="Loop Time for DT" value="38.000000" />
  <attribute name="Output H" value="2092630016"/>
  <attribute name="Output I" value="200"/>
  <attribute name="Output T" value="4"/>
  <attribute name="Target GC Util Change" value ="20.000000" />
  <attribute name="Current GC Util Change" value="7.000000"/>
  <attribute name="GC Util currently" value="7" />
  <attribute name="CPU Util currently" value="120631133389" />
<allocation-satisfied id="1377" threadId="0000000002213700" bytesRequested="48" />
<af-end id="1378" timestamp="2019-06-16T21:30:58.096" threadId="0000000002214088" success="true" from="nursery"/>
<exclusive-end id="1379" timestamp="2019-06-16T21:30:58.096" durationms="2.573" />

<exclusive-start id="1380" timestamp="2019-06-16T21:30:58.100" intervalms="6.296">
  <response-info timems="0.063" idlems="0.063" threads="0" lastid="0000000002213700" lastname="main" />
</exclusive-start>
<af-start id="1381" threadId="0000000002214088" totalBytesRequested="16" timestamp="2019-06-16T21:30:58.100" intervalms="6.281" type="nursery" />
<cycle-start id="1382" type="scavenge" contextid="0" timestamp="2019-06-16T21:30:58.100" intervalms="6.275" />
<gc-start id="1383" type="scavenge" contextid="1382" timestamp="2019-06-16T21:30:58.100">
  <mem-info id="1384" free="2078102096" total="2092630016" percent="99">
    <mem type="nursery" free="0" total="3932160" percent="0">
      <mem type="allocate" free="0" total="2228224" percent="0" />
      <mem type="survivor" free="0" total="1703936" percent="0" />
    </mem>
    <mem type="tenure" free="2078102096" total="2088697856" percent="99">
      <mem type="soa" free="1952780880" total="1963376640" percent="99" />
      <mem type="loa" free="125321216" total="125321216" percent="100" />
    </mem>
    <remembered-set count="1623" />
  </mem-info>
</gc-start>
<allocation-stats totalBytes="1244984" >
  <allocated-bytes non-tlh="48" tlh="1244936" />
  <largest-consumer threadName="main" threadId="0000000002213700" bytes="1244984" />
</allocation-stats>
<gc-op id="1385" type="scavenge" timems="1.017" contextid="1382" timestamp="2019-06-16T21:30:58.101">
  <scavenger-info tenureage="3" tenuremask="7ff8" tiltratio="56" />
  <memory-copied type="nursery" objects="7849" bytes="655144" bytesdiscarded="237296" />
  <memory-copied type="tenure" objects="4311" bytes="162440" bytesdiscarded="56" />
  <references type="soft" candidates="24" cleared="0" enqueued="0" dynamicThreshold="31" maxThreshold="32" />
  <references type="weak" candidates="4" cleared="0" enqueued="0" />
  <references type="phantom" candidates="1" cleared="0" enqueued="0" />
</gc-op>
<gc-end id="1386" type="scavenge" contextid="1382" durationms="1.633" usertimems="4.000" systemtimems="0.000" timestamp="2019-06-16T21:30:58.102" activeThreads="4">
  <mem-info id="1387" free="2079367680" total="2092630016" percent="99">
    <mem type="nursery" free="1466800" total="3932160" percent="37">
      <mem type="allocate" free="1466800" total="2359296" percent="62" />
      <mem type="survivor" free="0" total="1572864" percent="0" />
    </mem>
    <mem type="tenure" free="2077900880" total="2088697856" percent="99" macro-fragmented="1500163">
      <mem type="soa" free="1952579664" total="1963376640" percent="99" />
      <mem type="loa" free="125321216" total="125321216" percent="100" />
    </mem>
    <remembered-set count="920" />
  </mem-info>
</gc-end>
<cycle-end id="1388" type="scavenge" contextid="1382" timestamp="2019-06-16T21:30:58.102" />
  <attribute name="elasticGC enabled" value="1" />
  <attribute name= "numThreadsSpecified" value="4" />
  <attribute name="heapSize specified" value="9371648" />
  <attribute name="Current GC Util" value="48" />
  <attribute name= "Current Time Running" value="44066" />
  <attribute name ="GC Interval" value="200" />
  <attribute name="ProportionalT" value="14.000000" />
  <attribute name="ProportionalI" value="14.000000" />
  <attribute name="ProportionalH" value="14.000000" />
  <attribute name="Current Error" value="28.000000" />
  <attribute name="IntegralT" value="84.000000" />
  <attribute name="IntegralI" value="84.000000" />
  <attribute name="IntegralH" value="84.000000" />
  <attribute name="DerivativeT" value="4.666667" />
  <attribute name="DerivativeI" value="4.666667" />
  <attribute name="DerivativeH" value="4.666667" />
  <attribute name="Loop Time for DT" value="6.000000" />
  <attribute name="Output H" value="8388608"/>
  <attribute name="Output I" value="200"/>
  <attribute name="Output T" value="4"/>
  <attribute name="Target GC Util Change" value ="20.000000" />
  <attribute name="Current GC Util Change" value="48.000000"/>
  <attribute name="GC Util currently" value="48" />
  <attribute name="CPU Util currently" value="745384790285" />
<allocation-satisfied id="1389" threadId="0000000002213700" bytesRequested="16" />
<af-end id="1390" timestamp="2019-06-16T21:30:58.102" threadId="0000000002214088" success="true" from="nursery"/>
<exclusive-end id="1391" timestamp="2019-06-16T21:30:58.102" durationms="2.241" />

<exclusive-start id="1392" timestamp="2019-06-16T21:30:58.149" intervalms="49.515">
  <response-info timems="0.069" idlems="0.069" threads="0" lastid="0000000002213700" lastname="main" />
</exclusive-start>
<af-start id="1393" threadId="0000000002214088" totalBytesRequested="24" timestamp="2019-06-16T21:30:58.149" intervalms="49.539" type="nursery" />
<cycle-start id="1394" type="scavenge" contextid="0" timestamp="2019-06-16T21:30:58.150" intervalms="49.557" />
<gc-start id="1395" type="scavenge" contextid="1394" timestamp="2019-06-16T21:30:58.150">
  <mem-info id="1396" free="2077895872" total="2092630016" percent="99">
    <mem type="nursery" free="0" total="3932160" percent="0">
      <mem type="allocate" free="0" total="2359296" percent="0" />
      <mem type="survivor" free="0" total="1572864" percent="0" />
    </mem>
    <mem type="tenure" free="2077895872" total="2088697856" percent="99">
      <mem type="soa" free="1952574656" total="1963376640" percent="99" />
      <mem type="loa" free="125321216" total="125321216" percent="100" />
    </mem>
    <remembered-set count="951" />
  </mem-info>
</gc-start>
<allocation-stats totalBytes="1470592" >
  <allocated-bytes non-tlh="434432" tlh="1036160" />
  <largest-consumer threadName="main" threadId="0000000002213700" bytes="1470592" />
</allocation-stats>
<gc-op id="1397" type="scavenge" timems="0.587" contextid="1394" timestamp="2019-06-16T21:30:58.150">
  <scavenger-info tenureage="5" tenuremask="7fe0" tiltratio="60" />
  <memory-copied type="nursery" objects="9126" bytes="1132760" bytesdiscarded="84312" />
  <references type="soft" candidates="25" cleared="0" enqueued="0" dynamicThreshold="31" maxThreshold="32" />
  <references type="weak" candidates="6" cleared="2" enqueued="2" />
  <references type="phantom" candidates="2" cleared="0" enqueued="0" />
</gc-op>
<gc-end id="1398" type="scavenge" contextid="1394" durationms="1.153" usertimems="0.000" systemtimems="0.000" timestamp="2019-06-16T21:30:58.151" activeThreads="4">
  <mem-info id="1399" free="2078841376" total="2092630016" percent="99">
    <mem type="nursery" free="945504" total="3932160" percent="24">
      <mem type="allocate" free="945504" total="2162688" percent="43" />
      <mem type="survivor" free="0" total="1769472" percent="0" />
    </mem>
    <mem type="tenure" free="2077895872" total="2088697856" percent="99" macro-fragmented="348889">
      <mem type="soa" free="1952574656" total="1963376640" percent="99" />
      <mem type="loa" free="125321216" total="125321216" percent="100" />
    </mem>
    <pending-finalizers system="0" default="0" reference="2" classloader="0" />
    <remembered-set count="846" />
  </mem-info>
</gc-end>
<cycle-end id="1400" type="scavenge" contextid="1394" timestamp="2019-06-16T21:30:58.151" />
  <attribute name="elasticGC enabled" value="1" />
  <attribute name= "numThreadsSpecified" value="4" />
  <attribute name="heapSize specified" value="9371648" />
  <attribute name="Current GC Util" value="6" />
  <attribute name= "Current Time Running" value="44116" />
  <attribute name ="GC Interval" value="200" />
  <attribute name="ProportionalT" value="-7.000000" />
  <attribute name="ProportionalI" value="-7.000000" />
  <attribute name="ProportionalH" value="-7.000000" />
  <attribute name="Current Error" value="-14.000000" />
  <attribute name="IntegralT" value="-350.000000" />
  <attribute name="IntegralI" value="-350.000000" />
  <attribute name="IntegralH" value="-350.000000" />
  <attribute name="DerivativeT" value="-0.840000" />
  <attribute name="DerivativeI" value="-0.840000" />
  <attribute name="DerivativeH" value="-0.840000" />
  <attribute name="Loop Time for DT" value="50.000000" />
  <attribute name="Output H" value="2092630016"/>
  <attribute name="Output I" value="200"/>
  <attribute name="Output T" value="4"/>
  <attribute name="Target GC Util Change" value ="20.000000" />
  <attribute name="Current GC Util Change" value="6.000000"/>
  <attribute name="GC Util currently" value="6" />
  <attribute name="CPU Util currently" value="93029605191" />
<allocation-satisfied id="1401" threadId="0000000002213700" bytesRequested="24" />
<af-end id="1402" timestamp="2019-06-16T21:30:58.151" threadId="0000000002214088" success="true" from="nursery"/>
<exclusive-end id="1403" timestamp="2019-06-16T21:30:58.151" durationms="1.862" />

<exclusive-start id="1404" timestamp="2019-06-16T21:30:58.153" intervalms="4.142">
  <response-info timems="0.060" idlems="0.060" threads="0" lastid="0000000002213700" lastname="main" />
</exclusive-start>
<af-start id="1405" threadId="0000000002214088" totalBytesRequested="32" timestamp="2019-06-16T21:30:58.154" intervalms="4.109" type="nursery" />
<cycle-start id="1406" type="scavenge" contextid="0" timestamp="2019-06-16T21:30:58.154" intervalms="4.087" />
<gc-start id="1407" type="scavenge" contextid="1406" timestamp="2019-06-16T21:30:58.154">
  <mem-info id="1408" free="2077895816" total="2092630016" percent="99">
    <mem type="nursery" free="0" total="3932160" percent="0">
      <mem type="allocate" free="0" total="2162688" percent="0" />
      <mem type="survivor" free="0" total="1769472" percent="0" />
    </mem>
    <mem type="tenure" free="2077895816" total="2088697856" percent="99">
      <mem type="soa" free="1952574600" total="1963376640" percent="99" />
      <mem type="loa" free="125321216" total="125321216" percent="100" />
    </mem>
    <remembered-set count="847" />
  </mem-info>
</gc-start>
<allocation-stats totalBytes="945368" >
  <allocated-bytes non-tlh="80" tlh="945288" />
  <largest-consumer threadName="main" threadId="0000000002213700" bytes="945368" />
</allocation-stats>
<gc-op id="1409" type="scavenge" timems="0.669" contextid="1406" timestamp="2019-06-16T21:30:58.154">
  <scavenger-info tenureage="4" tenuremask="7ff0" tiltratio="55" />
  <memory-copied type="nursery" objects="8707" bytes="1139064" bytesdiscarded="209840" />
  <memory-copied type="tenure" objects="1615" bytes="57816" bytesdiscarded="0" />
  <references type="soft" candidates="25" cleared="0" enqueued="0" dynamicThreshold="31" maxThreshold="32" />
  <references type="weak" candidates="4" cleared="0" enqueued="0" />
  <references type="phantom" candidates="2" cleared="0" enqueued="0" />
</gc-op>
<gc-end id="1410" type="scavenge" contextid="1406" durationms="1.227" usertimems="4.000" systemtimems="0.000" timestamp="2019-06-16T21:30:58.155" activeThreads="4">
  <mem-info id="1411" free="2079102704" total="2092630016" percent="99">
    <mem type="nursery" free="1206888" total="3932160" percent="30">
      <mem type="allocate" free="1206888" total="2555904" percent="47" />
      <mem type="survivor" free="0" total="1376256" percent="0" />
    </mem>
    <mem type="tenure" free="2077895816" total="2088697856" percent="99" macro-fragmented="0">
      <mem type="soa" free="1952574600" total="1963376640" percent="99" />
      <mem type="loa" free="125321216" total="125321216" percent="100" />
    </mem>
    <remembered-set count="305" />
  </mem-info>
</gc-end>
<cycle-end id="1412" type="scavenge" contextid="1406" timestamp="2019-06-16T21:30:58.155" />
  <attribute name="elasticGC enabled" value="1" />
  <attribute name= "numThreadsSpecified" value="4" />
  <attribute name="heapSize specified" value="9371648" />
  <attribute name="Current GC Util" value="41" />
  <attribute name= "Current Time Running" value="44120" />
  <attribute name ="GC Interval" value="200" />
  <attribute name="ProportionalT" value="10.500000" />
  <attribute name="ProportionalI" value="10.500000" />
  <attribute name="ProportionalH" value="10.500000" />
  <attribute name="Current Error" value="21.000000" />
  <attribute name="IntegralT" value="42.000000" />
  <attribute name="IntegralI" value="42.000000" />
  <attribute name="IntegralH" value="42.000000" />
  <attribute name="DerivativeT" value="5.250000" />
  <attribute name="DerivativeI" value="5.250000" />
  <attribute name="DerivativeH" value="5.250000" />
  <attribute name="Loop Time for DT" value="4.000000" />
  <attribute name="Output H" value="8388608"/>
  <attribute name="Output I" value="200"/>
  <attribute name="Output T" value="4"/>
  <attribute name="Target GC Util Change" value ="20.000000" />
  <attribute name="Current GC Util Change" value="41.000000"/>
  <attribute name="GC Util currently" value="41" />
  <attribute name="CPU Util currently" value="1137004294474" />
<allocation-satisfied id="1413" threadId="0000000002213700" bytesRequested="32" />
<af-end id="1414" timestamp="2019-06-16T21:30:58.155" threadId="0000000002214088" success="true" from="nursery"/>
<exclusive-end id="1415" timestamp="2019-06-16T21:30:58.155" durationms="1.693" />

<exclusive-start id="1416" timestamp="2019-06-16T21:30:58.158" intervalms="4.694">
  <response-info timems="0.060" idlems="0.060" threads="0" lastid="0000000002213700" lastname="main" />
</exclusive-start>
<af-start id="1417" threadId="0000000002214088" totalBytesRequested="40" timestamp="2019-06-16T21:30:58.158" intervalms="4.692" type="nursery" />
<cycle-start id="1418" type="scavenge" contextid="0" timestamp="2019-06-16T21:30:58.158" intervalms="4.693" />
<gc-start id="1419" type="scavenge" contextid="1418" timestamp="2019-06-16T21:30:58.158">
  <mem-info id="1420" free="2077895816" total="2092630016" percent="99">
    <mem type="nursery" free="0" total="3932160" percent="0">
      <mem type="allocate" free="0" total="2555904" percent="0" />
      <mem type="survivor" free="0" total="1376256" percent="0" />
    </mem>
    <mem type="tenure" free="2077895816" total="2088697856" percent="99">
      <mem type="soa" free="1952574600" total="1963376640" percent="99" />
      <mem type="loa" free="125321216" total="125321216" percent="100" />
    </mem>
    <remembered-set count="305" />
  </mem-info>
</gc-start>
<allocation-stats totalBytes="1206608" >
  <allocated-bytes non-tlh="32" tlh="1206576" />
  <largest-consumer threadName="main" threadId="0000000002213700" bytes="1206608" />
</allocation-stats>
<gc-op id="1421" type="scavenge" timems="0.876" contextid="1418" timestamp="2019-06-16T21:30:58.159">
  <scavenger-info tenureage="2" tenuremask="7ffc" tiltratio="65" />
  <memory-copied type="nursery" objects="3387" bytes="162264" bytesdiscarded="56352" />
  <memory-copied type="tenure" objects="7504" bytes="1070272" bytesdiscarded="88" />
</gc-op>
<gc-end id="1422" type="scavenge" contextid="1418" durationms="1.438" usertimems="4.000" systemtimems="0.000" timestamp="2019-06-16T21:30:58.160" activeThreads="4">
  <mem-info id="1423" free="2079237712" total="2092630016" percent="99">
    <mem type="nursery" free="2402824" total="3932160" percent="61">
      <mem type="allocate" free="2402824" total="2621440" percent="91" />
      <mem type="survivor" free="0" total="1310720" percent="0" />
    </mem>
    <mem type="tenure" free="2076834888" total="2088697856" percent="99" macro-fragmented="22776">
      <mem type="soa" free="1951513672" total="1963376640" percent="99" />
      <mem type="loa" free="125321216" total="125321216" percent="100" />
    </mem>
    <remembered-set count="479" />
  </mem-info>
</gc-end>
<cycle-end id="1424" type="scavenge" contextid="1418" timestamp="2019-06-16T21:30:58.160" />
  <attribute name="elasticGC enabled" value="1" />
  <attribute name= "numThreadsSpecified" value="4" />
  <attribute name="heapSize specified" value="9371648" />
  <attribute name="Current GC Util" value="40" />
  <attribute name= "Current Time Running" value="44124" />
  <attribute name ="GC Interval" value="200" />
  <attribute name="ProportionalT" value="10.000000" />
  <attribute name="ProportionalI" value="10.000000" />
  <attribute name="ProportionalH" value="10.000000" />
  <attribute name="Current Error" value="20.000000" />
  <attribute name="IntegralT" value="40.000000" />
  <attribute name="IntegralI" value="40.000000" />
  <attribute name="IntegralH" value="40.000000" />
  <attribute name="DerivativeT" value="-0.250000" />
  <attribute name="DerivativeI" value="-0.250000" />
  <attribute name="DerivativeH" value="-0.250000" />
  <attribute name="Loop Time for DT" value="4.000000" />
  <attribute name="Output H" value="8388608"/>
  <attribute name="Output I" value="200"/>
  <attribute name="Output T" value="4"/>
  <attribute name="Target GC Util Change" value ="20.000000" />
  <attribute name="Current GC Util Change" value="40.000000"/>
  <attribute name="GC Util currently" value="40" />
  <attribute name="CPU Util currently" value="983258522987" />
<allocation-satisfied id="1425" threadId="0000000002213700" bytesRequested="40" />
<af-end id="1426" timestamp="2019-06-16T21:30:58.160" threadId="0000000002214088" success="true" from="nursery"/>
<exclusive-end id="1427" timestamp="2019-06-16T21:30:58.160" durationms="1.978" />

<exclusive-start id="1428" timestamp="2019-06-16T21:30:58.165" intervalms="7.131">
  <response-info timems="0.060" idlems="0.060" threads="0" lastid="0000000002213700" lastname="main" />
</exclusive-start>
<af-start id="1429" threadId="0000000002214088" totalBytesRequested="32" timestamp="2019-06-16T21:30:58.165" intervalms="7.162" type="nursery" />
<cycle-start id="1430" type="scavenge" contextid="0" timestamp="2019-06-16T21:30:58.165" intervalms="7.169" />
<gc-start id="1431" type="scavenge" contextid="1430" timestamp="2019-06-16T21:30:58.166">
  <mem-info id="1432" free="2076834888" total="2092630016" percent="99">
    <mem type="nursery" free="0" total="3932160" percent="0">
      <mem type="allocate" free="0" total="2621440" percent="0" />
      <mem type="survivor" free="0" total="1310720" percent="0" />
    </mem>
    <mem type="tenure" free="2076834888" total="2088697856" percent="99">
      <mem type="soa" free="1951513672" total="1963376640" percent="99" />
      <mem type="loa" free="125321216" total="125321216" percent="100" />
    </mem>
    <remembered-set count="835" />
  </mem-info>
</gc-start>
<allocation-stats totalBytes="2402544" >
  <allocated-bytes non-tlh="40" tlh="2402504" />
  <largest-consumer threadName="main" threadId="0000000002213700" bytes="2402544" />
</allocation-stats>
<gc-op id="1433" type="scavenge" timems="0.671" contextid="1430" timestamp="2019-06-16T21:30:58.166">
  <scavenger-info tenureage="4" tenuremask="7ff0" tiltratio="66" />
  <memory-copied type="nursery" objects="7237" bytes="315120" bytesdiscarded="108400" />
</gc-op>
<gc-end id="1434" type="scavenge" contextid="1430" durationms="1.232" usertimems="4.000" systemtimems="0.000" timestamp="2019-06-16T21:30:58.167" activeThreads="4">
  <mem-info id="1435" free="2079163880" total="2092630016" percent="99">
    <mem type="nursery" free="2328992" total="3932160" percent="59">
      <mem type="allocate" free="2328992" total="2752512" percent="84" />
      <mem type="survivor" free="0" total="1179648" percent="0" />
    </mem>
    <mem type="tenure" free="2076834888" total="2088697856" percent="99" macro-fragmented="1800196">
      <mem type="soa" free="1951513672" total="1963376640" percent="99" />
      <mem type="loa" free="125321216" total="125321216" percent="100" />
    </mem>
    <remembered-set count="832" />
  </mem-info>
</gc-end>
<cycle-end id="1436" type="scavenge" contextid="1430" timestamp="2019-06-16T21:30:58.167" />
  <attribute name="elasticGC enabled" value="1" />
  <attribute name= "numThreadsSpecified" value="4" />
  <attribute name="heapSize specified" value="9371648" />
  <attribute name="Current GC Util" value="29" />
  <attribute name= "Current Time Running" value="44132" />
  <attribute name ="GC Interval" value="200" />
  <attribute name="ProportionalT" value="4.500000" />
  <attribute name="ProportionalI" value="4.500000" />
  <attribute name="ProportionalH" value="4.500000" />
  <attribute name="Current Error" value="9.000000" />
  <attribute name="IntegralT" value="36.000000" />
  <attribute name="IntegralI" value="36.000000" />
  <attribute name="IntegralH" value="36.000000" />
  <attribute name="DerivativeT" value="-1.375000" />
  <attribute name="DerivativeI" value="-1.375000" />
  <attribute name="DerivativeH" value="-1.375000" />
  <attribute name="Loop Time for DT" value="8.000000" />
  <attribute name="Output H" value="8388608"/>
  <attribute name="Output I" value="200"/>
  <attribute name="Output T" value="4"/>
  <attribute name="Target GC Util Change" value ="20.000000" />
  <attribute name="Current GC Util Change" value="29.000000"/>
  <attribute name="GC Util currently" value="29" />
  <attribute name="CPU Util currently" value="641357111638" />
<allocation-satisfied id="1437" threadId="0000000002213700" bytesRequested="32" />
<af-end id="1438" timestamp="2019-06-16T21:30:58.167" threadId="0000000002214088" success="true" from="nursery"/>
<exclusive-end id="1439" timestamp="2019-06-16T21:30:58.167" durationms="1.841" />

<exclusive-start id="1440" timestamp="2019-06-16T21:30:58.172" intervalms="6.692">
  <response-info timems="0.061" idlems="0.061" threads="0" lastid="0000000002213700" lastname="main" />
</exclusive-start>
<af-start id="1441" threadId="0000000002214088" totalBytesRequested="48" timestamp="2019-06-16T21:30:58.172" intervalms="6.671" type="nursery" />
<cycle-start id="1442" type="scavenge" contextid="0" timestamp="2019-06-16T21:30:58.172" intervalms="6.665" />
<gc-start id="1443" type="scavenge" contextid="1442" timestamp="2019-06-16T21:30:58.172">
  <mem-info id="1444" free="2076834888" total="2092630016" percent="99">
    <mem type="nursery" free="0" total="3932160" percent="0">
      <mem type="allocate" free="0" total="2752512" percent="0" />
      <mem type="survivor" free="0" total="1179648" percent="0" />
    </mem>
    <mem type="tenure" free="2076834888" total="2088697856" percent="99">
      <mem type="soa" free="1951513672" total="1963376640" percent="99" />
      <mem type="loa" free="125321216" total="125321216" percent="100" />
    </mem>
    <remembered-set count="1224" />
  </mem-info>
</gc-start>
<allocation-stats totalBytes="2328648" >
  <allocated-bytes non-tlh="32" tlh="2328616" />
  <largest-consumer threadName="main" threadId="0000000002213700" bytes="2328648" />
</allocation-stats>
<gc-op id="1445" type="scavenge" timems="0.979" contextid="1442" timestamp="2019-06-16T21:30:58.173">
  <scavenger-info tenureage="3" tenuremask="7ff8" tiltratio="70" />
  <memory-copied type="nursery" objects="10645" bytes="425328" bytesdiscarded="83856" />
  <memory-copied type="tenure" objects="1142" bytes="66536" bytesdiscarded="400" />
</gc-op>
<gc-end id="1446" type="scavenge" contextid="1442" durationms="1.551" usertimems="4.000" systemtimems="0.000" timestamp="2019-06-16T21:30:58.174" activeThreads="4">
  <mem-info id="1447" free="2079116624" total="2092630016" percent="99">
    <mem type="nursery" free="2374400" total="3932160" percent="60">
      <mem type="allocate" free="2374400" total="2883584" percent="82" />
      <mem type="survivor" free="0" total="1048576" percent="0" />
    </mem>
    <mem type="tenure" free="2076742224" total="2088697856" percent="99" macro-fragmented="800032">
      <mem type="soa" free="1951421008" total="1963376640" percent="99" />
      <mem type="loa" free="125321216" total="125321216" percent="100" />
    </mem>
    <remembered-set count="1129" />
  </mem-info>
</gc-end>
<cycle-end id="1448" type="scavenge" contextid="1442" timestamp="2019-06-16T21:30:58.174" />
  <attribute name="elasticGC enabled" value="1" />
  <attribute name= "numThreadsSpecified" value="4" />
  <attribute name="heapSize specified" value="9371648" />
  <attribute name="Current GC Util" value="21" />
  <attribute name= "Current Time Running" value="44138" />
  <attribute name ="GC Interval" value="200" />
  <attribute name="ProportionalT" value="0.500000" />
  <attribute name="ProportionalI" value="0.500000" />
  <attribute name="ProportionalH" value="0.500000" />
  <attribute name="Current Error" value="1.000000" />
  <attribute name="IntegralT" value="3.000000" />
  <attribute name="IntegralI" value="3.000000" />
  <attribute name="IntegralH" value="3.000000" />
  <attribute name="DerivativeT" value="-1.333333" />
  <attribute name="DerivativeI" value="-1.333333" />
  <attribute name="DerivativeH" value="-1.333333" />
  <attribute name="Loop Time for DT" value="6.000000" />
  <attribute name="Output H" value="8388608"/>
  <attribute name="Output I" value="200"/>
  <attribute name="Output T" value="4"/>
  <attribute name="Target GC Util Change" value ="20.000000" />
  <attribute name="Current GC Util Change" value="21.000000"/>
  <attribute name="GC Util currently" value="21" />
  <attribute name="CPU Util currently" value="692555884969" />
<allocation-satisfied id="1449" threadId="0000000002213700" bytesRequested="48" />
<af-end id="1450" timestamp="2019-06-16T21:30:58.174" threadId="0000000002214088" success="true" from="nursery"/>
<exclusive-end id="1451" timestamp="2019-06-16T21:30:58.174" durationms="2.051" />

<exclusive-start id="1452" timestamp="2019-06-16T21:30:58.180" intervalms="8.419">
  <response-info timems="0.055" idlems="0.055" threads="0" lastid="0000000002213700" lastname="main" />
</exclusive-start>
<af-start id="1453" threadId="0000000002214088" totalBytesRequested="32" timestamp="2019-06-16T21:30:58.180" intervalms="8.416" type="nursery" />
<cycle-start id="1454" type="scavenge" contextid="0" timestamp="2019-06-16T21:30:58.181" intervalms="8.418" />
<gc-start id="1455" type="scavenge" contextid="1454" timestamp="2019-06-16T21:30:58.181">
  <mem-info id="1456" free="2076742224" total="2092630016" percent="99">
    <mem type="nursery" free="0" total="3932160" percent="0">
      <mem type="allocate" free="0" total="2883584" percent="0" />
      <mem type="survivor" free="0" total="1048576" percent="0" />
    </mem>
    <mem type="tenure" free="2076742224" total="2088697856" percent="99">
      <mem type="soa" free="1951421008" total="1963376640" percent="99" />
      <mem type="loa" free="125321216" total="125321216" percent="100" />
    </mem>
    <remembered-set count="1467" />
  </mem-info>
</gc-start>
<allocation-stats totalBytes="2373992" >
  <allocated-bytes non-tlh="48" tlh="2373944" />
  <largest-consumer threadName="main" threadId="0000000002213700" bytes="2373992" />
</allocation-stats>
<gc-op id="1457" type="scavenge" timems="0.853" contextid="1454" timestamp="2019-06-16T21:30:58.182">
  <scavenger-info tenureage="3" tenuremask="7ff8" tiltratio="73" />
  <memory-copied type="nursery" objects="13884" bytes="553960" bytesdiscarded="72728" />
  <memory-copied type="tenure" objects="2074" bytes="90504" bytesdiscarded="8" />
</gc-op>
<gc-end id="1458" type="scavenge" contextid="1454" durationms="1.417" usertimems="4.000" systemtimems="0.000" timestamp="2019-06-16T21:30:58.182" activeThreads="4">
  <mem-info id="1459" free="2078994768" total="2092630016" percent="99">
    <mem type="nursery" free="2322432" total="3932160" percent="59">
      <mem type="allocate" free="2322432" total="2949120" percent="78" />
      <mem type="survivor" free="0" total="983040" percent="0" />
    </mem>
    <mem type="tenure" free="2076672336" total="2088697856" percent="99" macro-fragmented="2160235">
      <mem type="soa" free="1951351120" total="1963376640" percent="99" />
      <mem type="loa" free="125321216" total="125321216" percent="100" />
    </mem>
    <remembered-set count="1292" />
  </mem-info>
</gc-end>
<cycle-end id="1460" type="scavenge" contextid="1454" timestamp="2019-06-16T21:30:58.182" />
  <attribute name="elasticGC enabled" value="1" />
  <attribute name= "numThreadsSpecified" value="4" />
  <attribute name="heapSize specified" value="9371648" />
  <attribute name="Current GC Util" value="21" />
  <attribute name= "Current Time Running" value="44147" />
  <attribute name ="GC Interval" value="200" />
  <attribute name="ProportionalT" value="0.500000" />
  <attribute name="ProportionalI" value="0.500000" />
  <attribute name="ProportionalH" value="0.500000" />
  <attribute name="Current Error" value="1.000000" />
  <attribute name="IntegralT" value="4.500000" />
  <attribute name="IntegralI" value="4.500000" />
  <attribute name="IntegralH" value="4.500000" />
  <attribute name="DerivativeT" value="0.000000" />
  <attribute name="DerivativeI" value="0.000000" />
  <attribute name="DerivativeH" value="0.000000" />
  <attribute name="Loop Time for DT" value="9.000000" />
  <attribute name="Output H" value="8388608"/>
  <attribute name="Output I" value="200"/>
  <attribute name="Output T" value="4"/>
  <attribute name="Target GC Util Change" value ="20.000000" />
  <attribute name="Current GC Util Change" value="21.000000"/>
  <attribute name="GC Util currently" value="21" />
  <attribute name="CPU Util currently" value="547812876551" />
<allocation-satisfied id="1461" threadId="0000000002213700" bytesRequested="32" />
<af-end id="1462" timestamp="2019-06-16T21:30:58.182" threadId="0000000002214088" success="true" from="nursery"/>
<exclusive-end id="1463" timestamp="2019-06-16T21:30:58.182" durationms="1.915" />

<exclusive-start id="1464" timestamp="2019-06-16T21:30:58.192" intervalms="12.026">
  <response-info timems="0.064" idlems="0.064" threads="0" lastid="0000000002213700" lastname="main" />
</exclusive-start>
<af-start id="1465" threadId="0000000002214088" totalBytesRequested="312" timestamp="2019-06-16T21:30:58.193" intervalms="12.041" type="nursery" />
<cycle-start id="1466" type="scavenge" contextid="0" timestamp="2019-06-16T21:30:58.193" intervalms="12.042" />
<gc-start id="1467" type="scavenge" contextid="1466" timestamp="2019-06-16T21:30:58.193">
  <mem-info id="1468" free="2076672336" total="2092630016" percent="99">
    <mem type="nursery" free="0" total="3932160" percent="0">
      <mem type="allocate" free="0" total="2949120" percent="0" />
      <mem type="survivor" free="0" total="983040" percent="0" />
    </mem>
    <mem type="tenure" free="2076672336" total="2088697856" percent="99">
      <mem type="soa" free="1951351120" total="1963376640" percent="99" />
      <mem type="loa" free="125321216" total="125321216" percent="100" />
    </mem>
    <remembered-set count="1347" />
  </mem-info>
</gc-start>
<allocation-stats totalBytes="2321488" >
  <allocated-bytes non-tlh="32" tlh="2321456" />
  <largest-consumer threadName="main" threadId="0000000002213700" bytes="2321488" />
</allocation-stats>
<gc-op id="1469" type="scavenge" timems="0.907" contextid="1466" timestamp="2019-06-16T21:30:58.194">
  <scavenger-info tenureage="4" tenuremask="7ff0" tiltratio="75" />
  <memory-copied type="nursery" objects="19946" bytes="922520" bytesdiscarded="60520" />
</gc-op>
<gc-end id="1470" type="scavenge" contextid="1466" durationms="1.465" usertimems="4.000" systemtimems="0.000" timestamp="2019-06-16T21:30:58.194" activeThreads="4">
  <mem-info id="1471" free="2078310736" total="2092630016" percent="99">
    <mem type="nursery" free="1638400" total="3932160" percent="41">
      <mem type="allocate" free="1638400" total="2621440" percent="62" />
      <mem type="survivor" free="0" total="1310720" percent="0" />
    </mem>
    <mem type="tenure" free="2076672336" total="2088697856" percent="99" macro-fragmented="242284">
      <mem type="soa" free="1951351120" total="1963376640" percent="99" />
      <mem type="loa" free="125321216" total="125321216" percent="100" />
    </mem>
    <remembered-set count="1342" />
  </mem-info>
</gc-end>
<cycle-end id="1472" type="scavenge" contextid="1466" timestamp="2019-06-16T21:30:58.194" />
  <attribute name="elasticGC enabled" value="1" />
  <attribute name= "numThreadsSpecified" value="4" />
  <attribute name="heapSize specified" value="9371648" />
  <attribute name="Current GC Util" value="16" />
  <attribute name= "Current Time Running" value="44159" />
  <attribute name ="GC Interval" value="200" />
  <attribute name="ProportionalT" value="-2.000000" />
  <attribute name="ProportionalI" value="-2.000000" />
  <attribute name="ProportionalH" value="-2.000000" />
  <attribute name="Current Error" value="-4.000000" />
  <attribute name="IntegralT" value="-24.000000" />
  <attribute name="IntegralI" value="-24.000000" />
  <attribute name="IntegralH" value="-24.000000" />
  <attribute name="DerivativeT" value="-0.416667" />
  <attribute name="DerivativeI" value="-0.416667" />
  <attribute name="DerivativeH" value="-0.416667" />
  <attribute name="Loop Time for DT" value="12.000000" />
  <attribute name="Output H" value="2092630016"/>
  <attribute name="Output I" value="200"/>
  <attribute name="Output T" value="4"/>
  <attribute name="Target GC Util Change" value ="20.000000" />
  <attribute name="Current GC Util Change" value="16.000000"/>
  <attribute name="GC Util currently" value="16" />
  <attribute name="CPU Util currently" value="382907639838" />
<allocation-satisfied id="1473" threadId="0000000002213700" bytesRequested="312" />
<af-end id="1474" timestamp="2019-06-16T21:30:58.194" threadId="0000000002214088" success="true" from="nursery"/>
<exclusive-end id="1475" timestamp="2019-06-16T21:30:58.194" durationms="1.984" />

<exclusive-start id="1476" timestamp="2019-06-16T21:30:58.290" intervalms="97.396">
  <response-info timems="0.064" idlems="0.064" threads="0" lastid="0000000002213700" lastname="main" />
</exclusive-start>
<af-start id="1477" threadId="0000000002214088" totalBytesRequested="16392" timestamp="2019-06-16T21:30:58.290" intervalms="97.388" type="nursery" />
<cycle-start id="1478" type="scavenge" contextid="0" timestamp="2019-06-16T21:30:58.290" intervalms="97.414" />
<gc-start id="1479" type="scavenge" contextid="1478" timestamp="2019-06-16T21:30:58.290">
  <mem-info id="1480" free="2076633712" total="2092630016" percent="99">
    <mem type="nursery" free="0" total="3932160" percent="0">
      <mem type="allocate" free="0" total="2621440" percent="0" />
      <mem type="survivor" free="0" total="1310720" percent="0" />
    </mem>
    <mem type="tenure" free="2076633712" total="2088697856" percent="99">
      <mem type="soa" free="1951312496" total="1963376640" percent="99" />
      <mem type="loa" free="125321216" total="125321216" percent="100" />
    </mem>
    <remembered-set count="1567" />
  </mem-info>
</gc-start>
<allocation-stats totalBytes="1660856" >
  <allocated-bytes non-tlh="470400" tlh="1190456" />
  <largest-consumer threadName="main" threadId="0000000002213700" bytes="1660856" />
</allocation-stats>
<gc-op id="1481" type="scavenge" timems="1.282" contextid="1478" timestamp="2019-06-16T21:30:58.291">
  <scavenger-info tenureage="3" tenuremask="7ff8" tiltratio="66" />
  <memory-copied type="nursery" objects="6043" bytes="529240" bytesdiscarded="72544" />
  <memory-copied type="tenure" objects="7982" bytes="320576" bytesdiscarded="64" />
  <references type="soft" candidates="94" cleared="0" enqueued="0" dynamicThreshold="31" maxThreshold="32" />
  <references type="weak" candidates="196" cleared="9" enqueued="9" />
  <references type="phantom" candidates="1" cleared="0" enqueued="0" />
</gc-op>
<gc-end id="1482" type="scavenge" contextid="1478" durationms="1.844" usertimems="0.000" systemtimems="0.000" timestamp="2019-06-16T21:30:58.292" activeThreads="4">
  <mem-info id="1483" free="2078339872" total="2092630016" percent="99">
    <mem type="nursery" free="2019504" total="3932160" percent="51">
      <mem type="allocate" free="2019504" total="2621440" percent="77" />
      <mem type="survivor" free="0" total="1310720" percent="0" />
    </mem>
    <mem type="tenure" free="2076320368" total="2088697856" percent="99" macro-fragmented="22776">
      <mem type="soa" free="1950999152" total="1963376640" percent="99" />
      <mem type="loa" free="125321216" total="125321216" percent="100" />
    </mem>
    <pending-finalizers system="0" default="0" reference="9" classloader="0" />
    <remembered-set count="965" />
  </mem-info>
</gc-end>
<cycle-end id="1484" type="scavenge" contextid="1478" timestamp="2019-06-16T21:30:58.292" />
  <attribute name="elasticGC enabled" value="1" />
  <attribute name= "numThreadsSpecified" value="4" />
  <attribute name="heapSize specified" value="9371648" />
  <attribute name="Current GC Util" value="2" />
  <attribute name= "Current Time Running" value="44256" />
  <attribute name ="GC Interval" value="200" />
  <attribute name="ProportionalT" value="-9.000000" />
  <attribute name="ProportionalI" value="-9.000000" />
  <attribute name="ProportionalH" value="-9.000000" />
  <attribute name="Current Error" value="-18.000000" />
  <attribute name="IntegralT" value="-873.000000" />
  <attribute name="IntegralI" value="-873.000000" />
  <attribute name="IntegralH" value="-873.000000" />
  <attribute name="DerivativeT" value="-0.185567" />
  <attribute name="DerivativeI" value="-0.185567" />
  <attribute name="DerivativeH" value="-0.185567" />
  <attribute name="Loop Time for DT" value="97.000000" />
  <attribute name="Output H" value="2092630016"/>
  <attribute name="Output I" value="200"/>
  <attribute name="Output T" value="4"/>
  <attribute name="Target GC Util Change" value ="20.000000" />
  <attribute name="Current GC Util Change" value="2.000000"/>
  <attribute name="GC Util currently" value="2" />
  <attribute name="CPU Util currently" value="47342305264" />
<allocation-satisfied id="1485" threadId="0000000002213700" bytesRequested="16392" />
<af-end id="1486" timestamp="2019-06-16T21:30:58.292" threadId="0000000002214088" success="true" from="nursery"/>
<exclusive-end id="1487" timestamp="2019-06-16T21:30:58.292" durationms="2.531" />

<exclusive-start id="1488" timestamp="2019-06-16T21:30:58.296" intervalms="6.416">
  <response-info timems="0.069" idlems="0.069" threads="0" lastid="0000000002213700" lastname="main" />
</exclusive-start>
<af-start id="1489" threadId="0000000002214088" totalBytesRequested="32" timestamp="2019-06-16T21:30:58.296" intervalms="6.399" type="nursery" />
<cycle-start id="1490" type="scavenge" contextid="0" timestamp="2019-06-16T21:30:58.296" intervalms="6.393" />
<gc-start id="1491" type="scavenge" contextid="1490" timestamp="2019-06-16T21:30:58.297">
  <mem-info id="1492" free="2076320368" total="2092630016" percent="99">
    <mem type="nursery" free="0" total="3932160" percent="0">
      <mem type="allocate" free="0" total="2621440" percent="0" />
      <mem type="survivor" free="0" total="1310720" percent="0" />
    </mem>
    <mem type="tenure" free="2076320368" total="2088697856" percent="99">
      <mem type="soa" free="1950999152" total="1963376640" percent="99" />
      <mem type="loa" free="125321216" total="125321216" percent="100" />
    </mem>
    <remembered-set count="965" />
  </mem-info>
</gc-start>
<allocation-stats totalBytes="2019256" >
  <allocated-bytes non-tlh="49168" tlh="1970088" />
  <largest-consumer threadName="main" threadId="0000000002213700" bytes="2019256" />
</allocation-stats>
<gc-op id="1493" type="scavenge" timems="0.706" contextid="1490" timestamp="2019-06-16T21:30:58.297">
  <scavenger-info tenureage="3" tenuremask="7ff8" tiltratio="66" />
  <memory-copied type="nursery" objects="5856" bytes="585064" bytesdiscarded="102288" />
  <memory-copied type="tenure" objects="3401" bytes="143672" bytesdiscarded="80" />
  <references type="soft" candidates="94" cleared="0" enqueued="0" dynamicThreshold="31" maxThreshold="32" />
  <references type="weak" candidates="187" cleared="0" enqueued="0" />
  <references type="phantom" candidates="1" cleared="0" enqueued="0" />
</gc-op>
<gc-end id="1494" type="scavenge" contextid="1490" durationms="1.265" usertimems="0.000" systemtimems="0.000" timestamp="2019-06-16T21:30:58.298" activeThreads="4">
  <mem-info id="1495" free="2078267920" total="2092630016" percent="99">
    <mem type="nursery" free="2065056" total="3932160" percent="52">
      <mem type="allocate" free="2065056" total="2752512" percent="75" />
      <mem type="survivor" free="0" total="1179648" percent="0" />
    </mem>
    <mem type="tenure" free="2076202864" total="2088697856" percent="99" macro-fragmented="0">
      <mem type="soa" free="1950881648" total="1963376640" percent="99" />
      <mem type="loa" free="125321216" total="125321216" percent="100" />
    </mem>
    <remembered-set count="671" />
  </mem-info>
</gc-end>
<cycle-end id="1496" type="scavenge" contextid="1490" timestamp="2019-06-16T21:30:58.298" />
  <attribute name="elasticGC enabled" value="1" />
  <attribute name= "numThreadsSpecified" value="4" />
  <attribute name="heapSize specified" value="9371648" />
  <attribute name="Current GC Util" value="31" />
  <attribute name= "Current Time Running" value="44263" />
  <attribute name ="GC Interval" value="200" />
  <attribute name="ProportionalT" value="5.500000" />
  <attribute name="ProportionalI" value="5.500000" />
  <attribute name="ProportionalH" value="5.500000" />
  <attribute name="Current Error" value="11.000000" />
  <attribute name="IntegralT" value="38.500000" />
  <attribute name="IntegralI" value="38.500000" />
  <attribute name="IntegralH" value="38.500000" />
  <attribute name="DerivativeT" value="1.571429" />
  <attribute name="DerivativeI" value="1.571429" />
  <attribute name="DerivativeH" value="1.571429" />
  <attribute name="Loop Time for DT" value="7.000000" />
  <attribute name="Output H" value="8388608"/>
  <attribute name="Output I" value="200"/>
  <attribute name="Output T" value="4"/>
  <attribute name="Target GC Util Change" value ="20.000000" />
  <attribute name="Current GC Util Change" value="31.000000"/>
  <attribute name="GC Util currently" value="31" />
  <attribute name="CPU Util currently" value="719619294699" />
<allocation-satisfied id="1497" threadId="0000000002213700" bytesRequested="32" />
<af-end id="1498" timestamp="2019-06-16T21:30:58.298" threadId="0000000002214088" success="true" from="nursery"/>
<exclusive-end id="1499" timestamp="2019-06-16T21:30:58.298" durationms="1.785" />

<exclusive-start id="1500" timestamp="2019-06-16T21:30:58.302" intervalms="5.437">
  <response-info timems="0.028" idlems="0.028" threads="0" lastid="0000000002213700" lastname="main" />
</exclusive-start>
<af-start id="1501" threadId="0000000002214088" totalBytesRequested="32" timestamp="2019-06-16T21:30:58.302" intervalms="5.474" type="nursery" />
<cycle-start id="1502" type="scavenge" contextid="0" timestamp="2019-06-16T21:30:58.302" intervalms="5.483" />
<gc-start id="1503" type="scavenge" contextid="1502" timestamp="2019-06-16T21:30:58.302">
  <mem-info id="1504" free="2076202864" total="2092630016" percent="99">
    <mem type="nursery" free="0" total="3932160" percent="0">
      <mem type="allocate" free="0" total="2752512" percent="0" />
      <mem type="survivor" free="0" total="1179648" percent="0" />
    </mem>
    <mem type="tenure" free="2076202864" total="2088697856" percent="99">
      <mem type="soa" free="1950881648" total="1963376640" percent="99" />
      <mem type="loa" free="125321216" total="125321216" percent="100" />
    </mem>
    <remembered-set count="671" />
  </mem-info>
</gc-start>
<allocation-stats totalBytes="2064840" >
  <allocated-bytes non-tlh="32" tlh="2064808" />
  <largest-consumer threadName="main" threadId="0000000002213700" bytes="2064840" />
</allocation-stats>
<gc-op id="1505" type="scavenge" timems="0.610" contextid="1502" timestamp="2019-06-16T21:30:58.303">
  <scavenger-info tenureage="3" tenuremask="7ff8" tiltratio="70" />
  <memory-copied type="nursery" objects="9839" bytes="713816" bytesdiscarded="236456" />
  <memory-copied type="tenure" objects="332" bytes="12688" bytesdiscarded="32" />
  <references type="soft" candidates="94" cleared="0" enqueued="0" dynamicThreshold="31" maxThreshold="32" />
  <references type="weak" candidates="187" cleared="0" enqueued="0" />
  <references type="phantom" candidates="1" cleared="0" enqueued="0" />
</gc-op>
<gc-end id="1506" type="scavenge" contextid="1502" durationms="1.202" usertimems="4.000" systemtimems="0.000" timestamp="2019-06-16T21:30:58.303" activeThreads="4">
  <mem-info id="1507" free="2078000648" total="2092630016" percent="99">
    <mem type="nursery" free="1867672" total="3932160" percent="47">
      <mem type="allocate" free="1867672" total="2818048" percent="66" />
      <mem type="survivor" free="0" total="1114112" percent="0" />
    </mem>
    <mem type="tenure" free="2076132976" total="2088697856" percent="99" macro-fragmented="0">
      <mem type="soa" free="1950811760" total="1963376640" percent="99" />
      <mem type="loa" free="125321216" total="125321216" percent="100" />
    </mem>
    <remembered-set count="224" />
  </mem-info>
</gc-end>
<cycle-end id="1508" type="scavenge" contextid="1502" timestamp="2019-06-16T21:30:58.303" />
  <attribute name="elasticGC enabled" value="1" />
  <attribute name= "numThreadsSpecified" value="4" />
  <attribute name="heapSize specified" value="9371648" />
  <attribute name="Current GC Util" value="31" />
  <attribute name= "Current Time Running" value="44268" />
  <attribute name ="GC Interval" value="200" />
  <attribute name="ProportionalT" value="5.500000" />
  <attribute name="ProportionalI" value="5.500000" />
  <attribute name="ProportionalH" value="5.500000" />
  <attribute name="Current Error" value="11.000000" />
  <attribute name="IntegralT" value="27.500000" />
  <attribute name="IntegralI" value="27.500000" />
  <attribute name="IntegralH" value="27.500000" />
  <attribute name="DerivativeT" value="0.000000" />
  <attribute name="DerivativeI" value="0.000000" />
  <attribute name="DerivativeH" value="0.000000" />
  <attribute name="Loop Time for DT" value="5.000000" />
  <attribute name="Output H" value="8388608"/>
  <attribute name="Output I" value="200"/>
  <attribute name="Output T" value="4"/>
  <attribute name="Target GC Util Change" value ="20.000000" />
  <attribute name="Current GC Util Change" value="31.000000"/>
  <attribute name="GC Util currently" value="31" />
  <attribute name="CPU Util currently" value="830765268872" />
<allocation-satisfied id="1509" threadId="0000000002213700" bytesRequested="32" />
<af-end id="1510" timestamp="2019-06-16T21:30:58.304" threadId="0000000002214088" success="true" from="nursery"/>
<exclusive-end id="1511" timestamp="2019-06-16T21:30:58.304" durationms="1.900" />

<exclusive-start id="1512" timestamp="2019-06-16T21:30:58.331" intervalms="29.298">
  <response-info timems="0.020" idlems="0.020" threads="0" lastid="0000000002213700" lastname="main" />
</exclusive-start>
<af-start id="1513" threadId="0000000002214088" totalBytesRequested="104" timestamp="2019-06-16T21:30:58.331" intervalms="29.324" type="nursery" />
<cycle-start id="1514" type="scavenge" contextid="0" timestamp="2019-06-16T21:30:58.331" intervalms="29.325" />
<gc-start id="1515" type="scavenge" contextid="1514" timestamp="2019-06-16T21:30:58.331">
  <mem-info id="1516" free="2076119384" total="2092630016" percent="99">
    <mem type="nursery" free="0" total="3932160" percent="0">
      <mem type="allocate" free="0" total="2818048" percent="0" />
      <mem type="survivor" free="0" total="1114112" percent="0" />
    </mem>
    <mem type="tenure" free="2076119384" total="2088697856" percent="99">
      <mem type="soa" free="1950798168" total="1963376640" percent="99" />
      <mem type="loa" free="125321216" total="125321216" percent="100" />
    </mem>
    <remembered-set count="508" />
  </mem-info>
</gc-start>
<allocation-stats totalBytes="1880720" >
  <allocated-bytes non-tlh="13624" tlh="1867096" />
  <largest-consumer threadName="main" threadId="0000000002213700" bytes="1880720" />
</allocation-stats>
<gc-op id="1517" type="scavenge" timems="0.384" contextid="1514" timestamp="2019-06-16T21:30:58.332">
  <scavenger-info tenureage="2" tenuremask="7ffc" tiltratio="71" />
  <memory-copied type="nursery" objects="1221" bytes="32888" bytesdiscarded="146008" />
  <memory-copied type="tenure" objects="2229" bytes="136280" bytesdiscarded="72" />
  <references type="soft" candidates="1" cleared="0" enqueued="0" dynamicThreshold="31" maxThreshold="32" />
  <references type="weak" candidates="8" cleared="0" enqueued="0" />
</gc-op>
<gc-end id="1518" type="scavenge" contextid="1514" durationms="1.049" usertimems="0.000" systemtimems="0.000" timestamp="2019-06-16T21:30:58.332" activeThreads="4">
  <mem-info id="1519" free="2078684248" total="2092630016" percent="99">
    <mem type="nursery" free="2704640" total="3932160" percent="68">
      <mem type="allocate" free="2704640" total="2883584" percent="93" />
      <mem type="survivor" free="0" total="1048576" percent="0" />
    </mem>
    <mem type="tenure" free="2075979608" total="2088697856" percent="99" macro-fragmented="98328">
      <mem type="soa" free="1950658392" total="1963376640" percent="99" />
      <mem type="loa" free="125321216" total="125321216" percent="100" />
    </mem>
    <remembered-set count="477" />
  </mem-info>
</gc-end>
<cycle-end id="1520" type="scavenge" contextid="1514" timestamp="2019-06-16T21:30:58.333" />
  <attribute name="elasticGC enabled" value="1" />
  <attribute name= "numThreadsSpecified" value="4" />
  <attribute name="heapSize specified" value="9371648" />
  <attribute name="Current GC Util" value="6" />
  <attribute name= "Current Time Running" value="44297" />
  <attribute name ="GC Interval" value="200" />
  <attribute name="ProportionalT" value="-7.000000" />
  <attribute name="ProportionalI" value="-7.000000" />
  <attribute name="ProportionalH" value="-7.000000" />
  <attribute name="Current Error" value="-14.000000" />
  <attribute name="IntegralT" value="-203.000000" />
  <attribute name="IntegralI" value="-203.000000" />
  <attribute name="IntegralH" value="-203.000000" />
  <attribute name="DerivativeT" value="-0.862069" />
  <attribute name="DerivativeI" value="-0.862069" />
  <attribute name="DerivativeH" value="-0.862069" />
  <attribute name="Loop Time for DT" value="29.000000" />
  <attribute name="Output H" value="2092630016"/>
  <attribute name="Output I" value="200"/>
  <attribute name="Output T" value="4"/>
  <attribute name="Target GC Util Change" value ="20.000000" />
  <attribute name="Current GC Util Change" value="6.000000"/>
  <attribute name="GC Util currently" value="6" />
  <attribute name="CPU Util currently" value="157146416855" />
<allocation-satisfied id="1521" threadId="0000000002213700" bytesRequested="104" />
<af-end id="1522" timestamp="2019-06-16T21:30:58.333" threadId="0000000002214088" success="true" from="nursery"/>
<exclusive-end id="1523" timestamp="2019-06-16T21:30:58.333" durationms="1.854" />

<exclusive-start id="1524" timestamp="2019-06-16T21:30:58.360" intervalms="28.842">
  <response-info timems="0.026" idlems="0.026" threads="0" lastid="0000000002213700" lastname="main" />
</exclusive-start>
<af-start id="1525" threadId="0000000002214088" totalBytesRequested="32" timestamp="2019-06-16T21:30:58.360" intervalms="28.866" type="nursery" />
<cycle-start id="1526" type="scavenge" contextid="0" timestamp="2019-06-16T21:30:58.360" intervalms="28.891" />
<gc-start id="1527" type="scavenge" contextid="1526" timestamp="2019-06-16T21:30:58.360">
  <mem-info id="1528" free="2075978632" total="2092630016" percent="99">
    <mem type="nursery" free="0" total="3932160" percent="0">
      <mem type="allocate" free="0" total="2883584" percent="0" />
      <mem type="survivor" free="0" total="1048576" percent="0" />
    </mem>
    <mem type="tenure" free="2075978632" total="2088697856" percent="99">
      <mem type="soa" free="1950657416" total="1963376640" percent="99" />
      <mem type="loa" free="125321216" total="125321216" percent="100" />
    </mem>
    <remembered-set count="678" />
  </mem-info>
</gc-start>
<allocation-stats totalBytes="2704520" >
  <allocated-bytes non-tlh="201088" tlh="2503432" />
  <largest-consumer threadName="main" threadId="0000000002213700" bytes="2704520" />
</allocation-stats>
<gc-op id="1529" type="scavenge" timems="0.482" contextid="1526" timestamp="2019-06-16T21:30:58.361">
  <scavenger-info tenureage="4" tenuremask="7ff0" tiltratio="73" />
  <memory-copied type="nursery" objects="3705" bytes="131376" bytesdiscarded="125792" />
  <references type="soft" candidates="3" cleared="0" enqueued="0" dynamicThreshold="31" maxThreshold="32" />
  <references type="weak" candidates="57" cleared="1" enqueued="1" />
</gc-op>
<gc-end id="1530" type="scavenge" contextid="1526" durationms="1.154" usertimems="4.000" systemtimems="0.000" timestamp="2019-06-16T21:30:58.361" activeThreads="4">
  <mem-info id="1531" free="2078736008" total="2092630016" percent="99">
    <mem type="nursery" free="2757376" total="3932160" percent="70">
      <mem type="allocate" free="2757376" total="3014656" percent="91" />
      <mem type="survivor" free="0" total="917504" percent="0" />
    </mem>
    <mem type="tenure" free="2075978632" total="2088697856" percent="99" macro-fragmented="0">
      <mem type="soa" free="1950657416" total="1963376640" percent="99" />
      <mem type="loa" free="125321216" total="125321216" percent="100" />
    </mem>
    <pending-finalizers system="0" default="0" reference="1" classloader="0" />
    <remembered-set count="671" />
  </mem-info>
</gc-end>
<cycle-end id="1532" type="scavenge" contextid="1526" timestamp="2019-06-16T21:30:58.362" />
  <attribute name="elasticGC enabled" value="1" />
  <attribute name= "numThreadsSpecified" value="4" />
  <attribute name="heapSize specified" value="9371648" />
  <attribute name="Current GC Util" value="4" />
  <attribute name= "Current Time Running" value="44326" />
  <attribute name ="GC Interval" value="200" />
  <attribute name="ProportionalT" value="-8.000000" />
  <attribute name="ProportionalI" value="-8.000000" />
  <attribute name="ProportionalH" value="-8.000000" />
  <attribute name="Current Error" value="-16.000000" />
  <attribute name="IntegralT" value="-232.000000" />
  <attribute name="IntegralI" value="-232.000000" />
  <attribute name="IntegralH" value="-232.000000" />
  <attribute name="DerivativeT" value="-0.551724" />
  <attribute name="DerivativeI" value="-0.551724" />
  <attribute name="DerivativeH" value="-0.551724" />
  <attribute name="Loop Time for DT" value="29.000000" />
  <attribute name="Output H" value="2092630016"/>
  <attribute name="Output I" value="200"/>
  <attribute name="Output T" value="4"/>
  <attribute name="Target GC Util Change" value ="20.000000" />
  <attribute name="Current GC Util Change" value="4.000000"/>
  <attribute name="GC Util currently" value="4" />
  <attribute name="CPU Util currently" value="159315796658" />
<allocation-satisfied id="1533" threadId="0000000002213700" bytesRequested="32" />
<af-end id="1534" timestamp="2019-06-16T21:30:58.362" threadId="0000000002214088" success="true" from="nursery"/>
<exclusive-end id="1535" timestamp="2019-06-16T21:30:58.362" durationms="2.053" />

<exclusive-start id="1536" timestamp="2019-06-16T21:30:58.397" intervalms="36.991">
  <response-info timems="0.036" idlems="0.036" threads="0" lastid="0000000002213700" lastname="main" />
</exclusive-start>
<af-start id="1537" threadId="0000000002214088" totalBytesRequested="32" timestamp="2019-06-16T21:30:58.397" intervalms="36.938" type="nursery" />
<cycle-start id="1538" type="scavenge" contextid="0" timestamp="2019-06-16T21:30:58.397" intervalms="36.911" />
<gc-start id="1539" type="scavenge" contextid="1538" timestamp="2019-06-16T21:30:58.397">
  <mem-info id="1540" free="2075971744" total="2092630016" percent="99">
    <mem type="nursery" free="0" total="3932160" percent="0">
      <mem type="allocate" free="0" total="3014656" percent="0" />
      <mem type="survivor" free="0" total="917504" percent="0" />
    </mem>
    <mem type="tenure" free="2075971744" total="2088697856" percent="99">
      <mem type="soa" free="1950650528" total="1963376640" percent="99" />
      <mem type="loa" free="125321216" total="125321216" percent="100" />
    </mem>
    <remembered-set count="921" />
  </mem-info>
</gc-start>
<allocation-stats totalBytes="2763872" >
  <allocated-bytes non-tlh="206928" tlh="2556944" />
  <largest-consumer threadName="main" threadId="0000000002213700" bytes="2763872" />
</allocation-stats>
<gc-op id="1541" type="scavenge" timems="0.766" contextid="1538" timestamp="2019-06-16T21:30:58.398">
  <scavenger-info tenureage="5" tenuremask="7fe0" tiltratio="76" />
  <memory-copied type="nursery" objects="6734" bytes="506368" bytesdiscarded="154792" />
  <references type="soft" candidates="4" cleared="0" enqueued="0" dynamicThreshold="31" maxThreshold="32" />
  <references type="weak" candidates="57" cleared="0" enqueued="0" />
  <references type="phantom" candidates="1" cleared="0" enqueued="0" />
</gc-op>
<gc-end id="1542" type="scavenge" contextid="1538" durationms="1.536" usertimems="0.000" systemtimems="0.000" timestamp="2019-06-16T21:30:58.399" activeThreads="4">
  <mem-info id="1543" free="2078325072" total="2092630016" percent="99">
    <mem type="nursery" free="2353328" total="3932160" percent="59">
      <mem type="allocate" free="2353328" total="3014656" percent="78" />
      <mem type="survivor" free="0" total="917504" percent="0" />
    </mem>
    <mem type="tenure" free="2075971744" total="2088697856" percent="99" macro-fragmented="15725">
      <mem type="soa" free="1950650528" total="1963376640" percent="99" />
      <mem type="loa" free="125321216" total="125321216" percent="100" />
    </mem>
    <remembered-set count="588" />
  </mem-info>
</gc-end>
<cycle-end id="1544" type="scavenge" contextid="1538" timestamp="2019-06-16T21:30:58.399" />
  <attribute name="elasticGC enabled" value="1" />
  <attribute name= "numThreadsSpecified" value="4" />
  <attribute name="heapSize specified" value="9371648" />
  <attribute name="Current GC Util" value="3" />
  <attribute name= "Current Time Running" value="44363" />
  <attribute name ="GC Interval" value="200" />
  <attribute name="ProportionalT" value="-8.500000" />
  <attribute name="ProportionalI" value="-8.500000" />
  <attribute name="ProportionalH" value="-8.500000" />
  <attribute name="Current Error" value="-17.000000" />
  <attribute name="IntegralT" value="-314.500000" />
  <attribute name="IntegralI" value="-314.500000" />
  <attribute name="IntegralH" value="-314.500000" />
  <attribute name="DerivativeT" value="-0.459459" />
  <attribute name="DerivativeI" value="-0.459459" />
  <attribute name="DerivativeH" value="-0.459459" />
  <attribute name="Loop Time for DT" value="37.000000" />
  <attribute name="Output H" value="2092630016"/>
  <attribute name="Output I" value="200"/>
  <attribute name="Output T" value="4"/>
  <attribute name="Target GC Util Change" value ="20.000000" />
  <attribute name="Current GC Util Change" value="3.000000"/>
  <attribute name="GC Util currently" value="3" />
  <attribute name="CPU Util currently" value="125307856830" />
<allocation-satisfied id="1545" threadId="0000000002213700" bytesRequested="32" />
<af-end id="1546" timestamp="2019-06-16T21:30:58.399" threadId="0000000002214088" success="true" from="nursery"/>
<exclusive-end id="1547" timestamp="2019-06-16T21:30:58.399" durationms="2.337" />

<exclusive-start id="1548" timestamp="2019-06-16T21:30:58.431" intervalms="34.167">
  <response-info timems="0.031" idlems="0.031" threads="0" lastid="0000000002213700" lastname="main" />
</exclusive-start>
<af-start id="1549" threadId="0000000002214088" totalBytesRequested="24" timestamp="2019-06-16T21:30:58.431" intervalms="34.189" type="nursery" />
<cycle-start id="1550" type="scavenge" contextid="0" timestamp="2019-06-16T21:30:58.431" intervalms="34.190" />
<gc-start id="1551" type="scavenge" contextid="1550" timestamp="2019-06-16T21:30:58.431">
  <mem-info id="1552" free="2075970816" total="2092630016" percent="99">
    <mem type="nursery" free="0" total="3932160" percent="0">
      <mem type="allocate" free="0" total="3014656" percent="0" />
      <mem type="survivor" free="0" total="917504" percent="0" />
    </mem>
    <mem type="tenure" free="2075970816" total="2088697856" percent="99">
      <mem type="soa" free="1950649600" total="1963376640" percent="99" />
      <mem type="loa" free="125321216" total="125321216" percent="100" />
    </mem>
    <remembered-set count="602" />
  </mem-info>
</gc-start>
<allocation-stats totalBytes="2353976" >
  <allocated-bytes non-tlh="200968" tlh="2153008" />
  <largest-consumer threadName="main" threadId="0000000002213700" bytes="2353976" />
</allocation-stats>
<gc-op id="1553" type="scavenge" timems="0.610" contextid="1550" timestamp="2019-06-16T21:30:58.432">
  <scavenger-info tenureage="5" tenuremask="7fe0" tiltratio="76" />
  <memory-copied type="nursery" objects="8091" bytes="562752" bytesdiscarded="81744" />
  <references type="soft" candidates="5" cleared="0" enqueued="0" dynamicThreshold="31" maxThreshold="32" />
  <references type="weak" candidates="57" cleared="0" enqueued="0" />
  <references type="phantom" candidates="1" cleared="0" enqueued="0" />
</gc-op>
<gc-end id="1554" type="scavenge" contextid="1550" durationms="1.275" usertimems="4.000" systemtimems="0.000" timestamp="2019-06-16T21:30:58.433" activeThreads="4">
  <mem-info id="1555" free="2078537400" total="2092630016" percent="99">
    <mem type="nursery" free="2566584" total="3932160" percent="65">
      <mem type="allocate" free="2566584" total="3211264" percent="79" />
      <mem type="survivor" free="0" total="720896" percent="0" />
    </mem>
    <mem type="tenure" free="2075970816" total="2088697856" percent="99" macro-fragmented="502401">
      <mem type="soa" free="1950649600" total="1963376640" percent="99" />
      <mem type="loa" free="125321216" total="125321216" percent="100" />
    </mem>
    <remembered-set count="588" />
  </mem-info>
</gc-end>
<cycle-end id="1556" type="scavenge" contextid="1550" timestamp="2019-06-16T21:30:58.433" />
  <attribute name="elasticGC enabled" value="1" />
  <attribute name= "numThreadsSpecified" value="4" />
  <attribute name="heapSize specified" value="9371648" />
  <attribute name="Current GC Util" value="5" />
  <attribute name= "Current Time Running" value="44397" />
  <attribute name ="GC Interval" value="200" />
  <attribute name="ProportionalT" value="-7.500000" />
  <attribute name="ProportionalI" value="-7.500000" />
  <attribute name="ProportionalH" value="-7.500000" />
  <attribute name="Current Error" value="-15.000000" />
  <attribute name="IntegralT" value="-255.000000" />
  <attribute name="IntegralI" value="-255.000000" />
  <attribute name="IntegralH" value="-255.000000" />
  <attribute name="DerivativeT" value="-0.441176" />
  <attribute name="DerivativeI" value="-0.441176" />
  <attribute name="DerivativeH" value="-0.441176" />
  <attribute name="Loop Time for DT" value="34.000000" />
  <attribute name="Output H" value="2092630016"/>
  <attribute name="Output I" value="200"/>
  <attribute name="Output T" value="4"/>
  <attribute name="Target GC Util Change" value ="20.000000" />
  <attribute name="Current GC Util Change" value="5.000000"/>
  <attribute name="GC Util currently" value="5" />
  <attribute name="CPU Util currently" value="134657442330" />
<allocation-satisfied id="1557" threadId="0000000002213700" bytesRequested="24" />
<af-end id="1558" timestamp="2019-06-16T21:30:58.433" threadId="0000000002214088" success="true" from="nursery"/>
<exclusive-end id="1559" timestamp="2019-06-16T21:30:58.433" durationms="1.957" />

<exclusive-start id="1560" timestamp="2019-06-16T21:30:58.483" intervalms="52.368">
  <response-info timems="0.034" idlems="0.034" threads="0" lastid="0000000002213700" lastname="main" />
</exclusive-start>
<af-start id="1561" threadId="0000000002214088" totalBytesRequested="48" timestamp="2019-06-16T21:30:58.483" intervalms="52.332" type="nursery" />
<cycle-start id="1562" type="scavenge" contextid="0" timestamp="2019-06-16T21:30:58.484" intervalms="52.301" />
<gc-start id="1563" type="scavenge" contextid="1562" timestamp="2019-06-16T21:30:58.484">
  <mem-info id="1564" free="2075967848" total="2092630016" percent="99">
    <mem type="nursery" free="0" total="3932160" percent="0">
      <mem type="allocate" free="0" total="3211264" percent="0" />
      <mem type="survivor" free="0" total="720896" percent="0" />
    </mem>
    <mem type="tenure" free="2075967848" total="2088697856" percent="99">
      <mem type="soa" free="1950646632" total="1963376640" percent="99" />
      <mem type="loa" free="125321216" total="125321216" percent="100" />
    </mem>
    <remembered-set count="607" />
  </mem-info>
</gc-start>
<allocation-stats totalBytes="2569184" >
  <allocated-bytes non-tlh="203000" tlh="2366184" />
  <largest-consumer threadName="main" threadId="0000000002213700" bytes="2569184" />
</allocation-stats>
<gc-op id="1565" type="scavenge" timems="0.650" contextid="1562" timestamp="2019-06-16T21:30:58.484">
  <scavenger-info tenureage="3" tenuremask="7fe8" tiltratio="81" />
  <memory-copied type="nursery" objects="7355" bytes="583456" bytesdiscarded="125880" />
  <memory-copied type="tenure" objects="2154" bytes="89032" bytesdiscarded="32" />
  <references type="soft" candidates="4" cleared="0" enqueued="0" dynamicThreshold="31" maxThreshold="32" />
  <references type="weak" candidates="9" cleared="0" enqueued="0" />
  <references type="phantom" candidates="1" cleared="0" enqueued="0" />
</gc-op>
<gc-end id="1566" type="scavenge" contextid="1562" durationms="1.237" usertimems="0.000" systemtimems="0.000" timestamp="2019-06-16T21:30:58.485" activeThreads="4">
  <mem-info id="1567" free="2078206976" total="2092630016" percent="99">
    <mem type="nursery" free="2501784" total="3932160" percent="63">
      <mem type="allocate" free="2501784" total="3211264" percent="77" />
      <mem type="survivor" free="0" total="720896" percent="0" />
    </mem>
    <mem type="tenure" free="2075705192" total="2088697856" percent="99" macro-fragmented="0">
      <mem type="soa" free="1950383976" total="1963376640" percent="99" />
      <mem type="loa" free="125321216" total="125321216" percent="100" />
    </mem>
    <remembered-set count="426" />
  </mem-info>
</gc-end>
<cycle-end id="1568" type="scavenge" contextid="1562" timestamp="2019-06-16T21:30:58.485" />
  <attribute name="elasticGC enabled" value="1" />
  <attribute name= "numThreadsSpecified" value="4" />
  <attribute name="heapSize specified" value="9371648" />
  <attribute name="Current GC Util" value="2" />
  <attribute name= "Current Time Running" value="44450" />
  <attribute name ="GC Interval" value="200" />
  <attribute name="ProportionalT" value="-9.000000" />
  <attribute name="ProportionalI" value="-9.000000" />
  <attribute name="ProportionalH" value="-9.000000" />
  <attribute name="Current Error" value="-18.000000" />
  <attribute name="IntegralT" value="-477.000000" />
  <attribute name="IntegralI" value="-477.000000" />
  <attribute name="IntegralH" value="-477.000000" />
  <attribute name="DerivativeT" value="-0.339623" />
  <attribute name="DerivativeI" value="-0.339623" />
  <attribute name="DerivativeH" value="-0.339623" />
  <attribute name="Loop Time for DT" value="53.000000" />
  <attribute name="Output H" value="2092630016"/>
  <attribute name="Output I" value="200"/>
  <attribute name="Output T" value="4"/>
  <attribute name="Target GC Util Change" value ="20.000000" />
  <attribute name="Current GC Util Change" value="2.000000"/>
  <attribute name="GC Util currently" value="2" />
  <attribute name="CPU Util currently" value="88349330519" />
<allocation-satisfied id="1569" threadId="0000000002213700" bytesRequested="48" />
<af-end id="1570" timestamp="2019-06-16T21:30:58.485" threadId="0000000002214088" success="true" from="nursery"/>
<exclusive-end id="1571" timestamp="2019-06-16T21:30:58.485" durationms="1.840" />

<exclusive-start id="1572" timestamp="2019-06-16T21:30:58.491" intervalms="7.272">
  <response-info timems="0.085" idlems="0.085" threads="0" lastid="0000000002213700" lastname="main" />
</exclusive-start>
<af-start id="1573" threadId="0000000002214088" totalBytesRequested="40" timestamp="2019-06-16T21:30:58.491" intervalms="7.308" type="nursery" />
<cycle-start id="1574" type="scavenge" contextid="0" timestamp="2019-06-16T21:30:58.491" intervalms="7.354" />
<gc-start id="1575" type="scavenge" contextid="1574" timestamp="2019-06-16T21:30:58.491">
  <mem-info id="1576" free="2075705192" total="2092630016" percent="99">
    <mem type="nursery" free="0" total="3932160" percent="0">
      <mem type="allocate" free="0" total="3211264" percent="0" />
      <mem type="survivor" free="0" total="720896" percent="0" />
    </mem>
    <mem type="tenure" free="2075705192" total="2088697856" percent="99">
      <mem type="soa" free="1950383976" total="1963376640" percent="99" />
      <mem type="loa" free="125321216" total="125321216" percent="100" />
    </mem>
    <remembered-set count="426" />
  </mem-info>
</gc-start>
<allocation-stats totalBytes="2501440" >
  <allocated-bytes non-tlh="48" tlh="2501392" />
  <largest-consumer threadName="main" threadId="0000000002213700" bytes="2501440" />
</allocation-stats>
<gc-op id="1577" type="scavenge" timems="0.754" contextid="1574" timestamp="2019-06-16T21:30:58.492">
  <scavenger-info tenureage="3" tenuremask="7fe8" tiltratio="81" />
  <memory-copied type="nursery" objects="6791" bytes="565088" bytesdiscarded="119608" />
  <memory-copied type="tenure" objects="3570" bytes="136528" bytesdiscarded="0" />
  <references type="soft" candidates="2" cleared="0" enqueued="0" dynamicThreshold="31" maxThreshold="32" />
  <references type="phantom" candidates="1" cleared="0" enqueued="0" />
</gc-op>
<gc-end id="1578" type="scavenge" contextid="1574" durationms="1.524" usertimems="4.000" systemtimems="0.000" timestamp="2019-06-16T21:30:58.493" activeThreads="4">
  <mem-info id="1579" free="2078131072" total="2092630016" percent="99">
    <mem type="nursery" free="2526488" total="3932160" percent="64">
      <mem type="allocate" free="2526488" total="3211264" percent="78" />
      <mem type="survivor" free="0" total="720896" percent="0" />
    </mem>
    <mem type="tenure" free="2075604584" total="2088697856" percent="99" macro-fragmented="800032">
      <mem type="soa" free="1950283368" total="1963376640" percent="99" />
      <mem type="loa" free="125321216" total="125321216" percent="100" />
    </mem>
    <remembered-set count="106" />
  </mem-info>
</gc-end>
<cycle-end id="1580" type="scavenge" contextid="1574" timestamp="2019-06-16T21:30:58.493" />
  <attribute name="elasticGC enabled" value="1" />
  <attribute name= "numThreadsSpecified" value="4" />
  <attribute name="heapSize specified" value="9371648" />
  <attribute name="Current GC Util" value="23" />
  <attribute name= "Current Time Running" value="44457" />
  <attribute name ="GC Interval" value="200" />
  <attribute name="ProportionalT" value="1.500000" />
  <attribute name="ProportionalI" value="1.500000" />
  <attribute name="ProportionalH" value="1.500000" />
  <attribute name="Current Error" value="3.000000" />
  <attribute name="IntegralT" value="10.500000" />
  <attribute name="IntegralI" value="10.500000" />
  <attribute name="IntegralH" value="10.500000" />
  <attribute name="DerivativeT" value="0.428571" />
  <attribute name="DerivativeI" value="0.428571" />
  <attribute name="DerivativeH" value="0.428571" />
  <attribute name="Loop Time for DT" value="7.000000" />
  <attribute name="Output H" value="8388608"/>
  <attribute name="Output I" value="200"/>
  <attribute name="Output T" value="4"/>
  <attribute name="Target GC Util Change" value ="20.000000" />
  <attribute name="Current GC Util Change" value="23.000000"/>
  <attribute name="GC Util currently" value="23" />
  <attribute name="CPU Util currently" value="594169910796" />
<allocation-satisfied id="1581" threadId="0000000002213700" bytesRequested="40" />
<af-end id="1582" timestamp="2019-06-16T21:30:58.493" threadId="0000000002214088" success="true" from="nursery"/>
<exclusive-end id="1583" timestamp="2019-06-16T21:30:58.493" durationms="2.499" />

<exclusive-start id="1584" timestamp="2019-06-16T21:30:58.504" intervalms="12.991">
  <response-info timems="0.051" idlems="0.051" threads="0" lastid="0000000002213700" lastname="main" />
</exclusive-start>
<af-start id="1585" threadId="0000000002214088" totalBytesRequested="16" timestamp="2019-06-16T21:30:58.504" intervalms="12.967" type="nursery" />
<cycle-start id="1586" type="scavenge" contextid="0" timestamp="2019-06-16T21:30:58.504" intervalms="12.942" />
<gc-start id="1587" type="scavenge" contextid="1586" timestamp="2019-06-16T21:30:58.504">
  <mem-info id="1588" free="2075601880" total="2092630016" percent="99">
    <mem type="nursery" free="0" total="3932160" percent="0">
      <mem type="allocate" free="0" total="3211264" percent="0" />
      <mem type="survivor" free="0" total="720896" percent="0" />
    </mem>
    <mem type="tenure" free="2075601880" total="2088697856" percent="99">
      <mem type="soa" free="1950280664" total="1963376640" percent="99" />
      <mem type="loa" free="125321216" total="125321216" percent="100" />
    </mem>
    <remembered-set count="147" />
  </mem-info>
</gc-start>
<allocation-stats totalBytes="2528088" >
  <allocated-bytes non-tlh="2744" tlh="2525344" />
  <largest-consumer threadName="main" threadId="0000000002213700" bytes="2528088" />
</allocation-stats>
<gc-op id="1589" type="scavenge" timems="0.937" contextid="1586" timestamp="2019-06-16T21:30:58.505">
  <scavenger-info tenureage="2" tenuremask="7fe4" tiltratio="81" />
  <memory-copied type="nursery" objects="7379" bytes="297280" bytesdiscarded="55184" />
  <memory-copied type="tenure" objects="1366" bytes="88656" bytesdiscarded="32" />
  <references type="soft" candidates="1" cleared="0" enqueued="0" dynamicThreshold="31" maxThreshold="32" />
  <references type="weak" candidates="20" cleared="0" enqueued="0" />
</gc-op>
<gc-end id="1590" type="scavenge" contextid="1586" durationms="1.721" usertimems="0.000" systemtimems="0.000" timestamp="2019-06-16T21:30:58.506" activeThreads="4">
  <mem-info id="1591" free="2078487000" total="2092630016" percent="99">
    <mem type="nursery" free="2924288" total="3932160" percent="74">
      <mem type="allocate" free="2924288" total="3276800" percent="89" />
      <mem type="survivor" free="0" total="655360" percent="0" />
    </mem>
    <mem type="tenure" free="2075562712" total="2088697856" percent="99" macro-fragmented="1500163">
      <mem type="soa" free="1950241496" total="1963376640" percent="99" />
      <mem type="loa" free="125321216" total="125321216" percent="100" />
    </mem>
    <remembered-set count="340" />
  </mem-info>
</gc-end>
<cycle-end id="1592" type="scavenge" contextid="1586" timestamp="2019-06-16T21:30:58.506" />
  <attribute name="elasticGC enabled" value="1" />
  <attribute name= "numThreadsSpecified" value="4" />
  <attribute name="heapSize specified" value="9371648" />
  <attribute name="Current GC Util" value="13" />
  <attribute name= "Current Time Running" value="44470" />
  <attribute name ="GC Interval" value="200" />
  <attribute name="ProportionalT" value="-3.500000" />
  <attribute name="ProportionalI" value="-3.500000" />
  <attribute name="ProportionalH" value="-3.500000" />
  <attribute name="Current Error" value="-7.000000" />
  <attribute name="IntegralT" value="-45.500000" />
  <attribute name="IntegralI" value="-45.500000" />
  <attribute name="IntegralH" value="-45.500000" />
  <attribute name="DerivativeT" value="-0.769231" />
  <attribute name="DerivativeI" value="-0.769231" />
  <attribute name="DerivativeH" value="-0.769231" />
  <attribute name="Loop Time for DT" value="13.000000" />
  <attribute name="Output H" value="2092630016"/>
  <attribute name="Output I" value="200"/>
  <attribute name="Output T" value="4"/>
  <attribute name="Target GC Util Change" value ="20.000000" />
  <attribute name="Current GC Util Change" value="13.000000"/>
  <attribute name="GC Util currently" value="13" />
  <attribute name="CPU Util currently" value="362970291351" />
<allocation-satisfied id="1593" threadId="0000000002213700" bytesRequested="16" />
<af-end id="1594" timestamp="2019-06-16T21:30:58.506" threadId="0000000002214088" success="true" from="nursery"/>
<exclusive-end id="1595" timestamp="2019-06-16T21:30:58.506" durationms="2.508" />

<exclusive-start id="1596" timestamp="2019-06-16T21:30:58.577" intervalms="73.602">
  <response-info timems="0.158" idlems="0.158" threads="0" lastid="0000000002213700" lastname="main" />
</exclusive-start>
<af-start id="1597" threadId="0000000002214088" totalBytesRequested="24" timestamp="2019-06-16T21:30:58.578" intervalms="73.913" type="nursery" />
<cycle-start id="1598" type="scavenge" contextid="0" timestamp="2019-06-16T21:30:58.578" intervalms="74.163" />
<gc-start id="1599" type="scavenge" contextid="1598" timestamp="2019-06-16T21:30:58.578">
  <mem-info id="1600" free="2075551760" total="2092630016" percent="99">
    <mem type="nursery" free="0" total="3932160" percent="0">
      <mem type="allocate" free="0" total="3276800" percent="0" />
      <mem type="survivor" free="0" total="655360" percent="0" />
    </mem>
    <mem type="tenure" free="2075551760" total="2088697856" percent="99">
      <mem type="soa" free="1950230544" total="1963376640" percent="99" />
      <mem type="loa" free="125321216" total="125321216" percent="100" />
    </mem>
    <remembered-set count="407" />
  </mem-info>
</gc-start>
<allocation-stats totalBytes="2934600" >
  <allocated-bytes non-tlh="210976" tlh="2723624" />
  <largest-consumer threadName="main" threadId="0000000002213700" bytes="2934600" />
</allocation-stats>
<gc-op id="1601" type="scavenge" timems="3.472" contextid="1598" timestamp="2019-06-16T21:30:58.583">
  <scavenger-info tenureage="6" tenuremask="7fc0" tiltratio="83" />
  <memory-copied type="nursery" objects="8563" bytes="614952" bytesdiscarded="40320" />
  <memory-copied type="tenure" objects="965" bytes="36272" bytesdiscarded="0" />
  <copy-failed type="nursery" objects="965" bytes="36272" />
  <references type="soft" candidates="2" cleared="0" enqueued="0" dynamicThreshold="31" maxThreshold="32" />
  <references type="weak" candidates="20" cleared="0" enqueued="0" />
  <references type="phantom" candidates="1" cleared="0" enqueued="0" />
</gc-op>
<gc-end id="1602" type="scavenge" contextid="1598" durationms="6.296" usertimems="8.000" systemtimems="0.000" timestamp="2019-06-16T21:30:58.585" activeThreads="4">
  <mem-info id="1603" free="2077714448" total="2092630016" percent="99">
    <mem type="nursery" free="2162688" total="3932160" percent="55">
      <mem type="allocate" free="2162688" total="2818048" percent="76" />
      <mem type="survivor" free="0" total="1114112" percent="0" />
    </mem>
    <mem type="tenure" free="2075551760" total="2088697856" percent="99" macro-fragmented="32776">
      <mem type="soa" free="1950230544" total="1963376640" percent="99" />
      <mem type="loa" free="125321216" total="125321216" percent="100" />
    </mem>
    <remembered-set count="604" />
  </mem-info>
</gc-end>
<cycle-end id="1604" type="scavenge" contextid="1598" timestamp="2019-06-16T21:30:58.585" />
  <attribute name="elasticGC enabled" value="1" />
  <attribute name= "numThreadsSpecified" value="4" />
  <attribute name="heapSize specified" value="9371648" />
  <attribute name="Current GC Util" value="2" />
  <attribute name= "Current Time Running" value="44545" />
  <attribute name ="GC Interval" value="200" />
  <attribute name="ProportionalT" value="-9.000000" />
  <attribute name="ProportionalI" value="-9.000000" />
  <attribute name="ProportionalH" value="-9.000000" />
  <attribute name="Current Error" value="-18.000000" />
  <attribute name="IntegralT" value="-675.000000" />
  <attribute name="IntegralI" value="-675.000000" />
  <attribute name="IntegralH" value="-675.000000" />
  <attribute name="DerivativeT" value="-0.240000" />
  <attribute name="DerivativeI" value="-0.240000" />
  <attribute name="DerivativeH" value="-0.240000" />
  <attribute name="Loop Time for DT" value="75.000000" />
  <attribute name="Output H" value="2092630016"/>
  <attribute name="Output I" value="200"/>
  <attribute name="Output T" value="4"/>
  <attribute name="Target GC Util Change" value ="20.000000" />
  <attribute name="Current GC Util Change" value="2.000000"/>
  <attribute name="GC Util currently" value="2" />
  <attribute name="CPU Util currently" value="61512176104" />
<allocation-satisfied id="1605" threadId="0000000002213700" bytesRequested="24" />
<af-end id="1606" timestamp="2019-06-16T21:30:58.586" threadId="0000000002214088" success="true" from="nursery"/>
<exclusive-end id="1607" timestamp="2019-06-16T21:30:58.586" durationms="9.159" />

<exclusive-start id="1608" timestamp="2019-06-16T21:30:58.656" intervalms="78.657">
  <response-info timems="0.019" idlems="0.019" threads="0" lastid="0000000002213700" lastname="main" />
</exclusive-start>
<af-start id="1609" threadId="0000000002214088" totalBytesRequested="200008" timestamp="2019-06-16T21:30:58.656" intervalms="78.390" type="nursery" />
<cycle-start id="1610" type="scavenge" contextid="0" timestamp="2019-06-16T21:30:58.656" intervalms="78.163" />
<gc-start id="1611" type="scavenge" contextid="1610" timestamp="2019-06-16T21:30:58.656">
  <mem-info id="1612" free="2075681328" total="2092630016" percent="99">
    <mem type="nursery" free="135840" total="3932160" percent="3">
      <mem type="allocate" free="135840" total="2818048" percent="4" />
      <mem type="survivor" free="0" total="1114112" percent="0" />
    </mem>
    <mem type="tenure" free="2075545488" total="2088697856" percent="99">
      <mem type="soa" free="1950224272" total="1963376640" percent="99" />
      <mem type="loa" free="125321216" total="125321216" percent="100" />
    </mem>
    <remembered-set count="710" />
  </mem-info>
</gc-start>
<allocation-stats totalBytes="2032456" >
  <allocated-bytes non-tlh="206304" tlh="1826152" />
  <largest-consumer threadName="main" threadId="0000000002213700" bytes="2032456" />
</allocation-stats>
<gc-op id="1613" type="scavenge" timems="0.737" contextid="1610" timestamp="2019-06-16T21:30:58.657">
  <scavenger-info tenureage="6" tenuremask="7fc0" tiltratio="71" />
  <memory-copied type="nursery" objects="6225" bytes="302496" bytesdiscarded="119432" />
  <references type="soft" candidates="37" cleared="0" enqueued="0" dynamicThreshold="31" maxThreshold="32" />
  <references type="weak" candidates="83" cleared="2" enqueued="2" />
  <references type="phantom" candidates="1" cleared="0" enqueued="0" />
</gc-op>
<gc-end id="1614" type="scavenge" contextid="1610" durationms="1.490" usertimems="0.000" systemtimems="4.000" timestamp="2019-06-16T21:30:58.658" activeThreads="4">
  <mem-info id="1615" free="2078006920" total="2092630016" percent="99">
    <mem type="nursery" free="2461432" total="3932160" percent="62">
      <mem type="allocate" free="2461432" total="2883584" percent="85" />
      <mem type="survivor" free="0" total="1048576" percent="0" />
    </mem>
    <mem type="tenure" free="2075545488" total="2088697856" percent="99" macro-fragmented="0">
      <mem type="soa" free="1950224272" total="1963376640" percent="99" />
      <mem type="loa" free="125321216" total="125321216" percent="100" />
    </mem>
    <pending-finalizers system="0" default="0" reference="2" classloader="0" />
    <remembered-set count="680" />
  </mem-info>
</gc-end>
<cycle-end id="1616" type="scavenge" contextid="1610" timestamp="2019-06-16T21:30:58.658" />
  <attribute name="elasticGC enabled" value="1" />
  <attribute name= "numThreadsSpecified" value="4" />
  <attribute name="heapSize specified" value="9371648" />
  <attribute name="Current GC Util" value="10" />
  <attribute name= "Current Time Running" value="44622" />
  <attribute name ="GC Interval" value="200" />
  <attribute name="ProportionalT" value="-5.000000" />
  <attribute name="ProportionalI" value="-5.000000" />
  <attribute name="ProportionalH" value="-5.000000" />
  <attribute name="Current Error" value="-10.000000" />
  <attribute name="IntegralT" value="-385.000000" />
  <attribute name="IntegralI" value="-385.000000" />
  <attribute name="IntegralH" value="-385.000000" />
  <attribute name="DerivativeT" value="-0.129870" />
  <attribute name="DerivativeI" value="-0.129870" />
  <attribute name="DerivativeH" value="-0.129870" />
  <attribute name="Loop Time for DT" value="77.000000" />
  <attribute name="Output H" value="2092630016"/>
  <attribute name="Output I" value="200"/>
  <attribute name="Output T" value="4"/>
  <attribute name="Target GC Util Change" value ="20.000000" />
  <attribute name="Current GC Util Change" value="10.000000"/>
  <attribute name="GC Util currently" value="10" />
  <attribute name="CPU Util currently" value="59639211590" />
<allocation-satisfied id="1617" threadId="0000000002213700" bytesRequested="200008" />
<af-end id="1618" timestamp="2019-06-16T21:30:58.658" threadId="0000000002214088" success="true" from="nursery"/>
<exclusive-end id="1619" timestamp="2019-06-16T21:30:58.658" durationms="2.440" />

<exclusive-start id="1620" timestamp="2019-06-16T21:30:58.664" intervalms="8.562">
  <response-info timems="0.037" idlems="0.037" threads="0" lastid="0000000002213700" lastname="main" />
</exclusive-start>
<af-start id="1621" threadId="0000000002214088" totalBytesRequested="32" timestamp="2019-06-16T21:30:58.665" intervalms="8.532" type="nursery" />
<cycle-start id="1622" type="scavenge" contextid="0" timestamp="2019-06-16T21:30:58.665" intervalms="8.523" />
<gc-start id="1623" type="scavenge" contextid="1622" timestamp="2019-06-16T21:30:58.665">
  <mem-info id="1624" free="2075545488" total="2092630016" percent="99">
    <mem type="nursery" free="0" total="3932160" percent="0">
      <mem type="allocate" free="0" total="2883584" percent="0" />
      <mem type="survivor" free="0" total="1048576" percent="0" />
    </mem>
    <mem type="tenure" free="2075545488" total="2088697856" percent="99">
      <mem type="soa" free="1950224272" total="1963376640" percent="99" />
      <mem type="loa" free="125321216" total="125321216" percent="100" />
    </mem>
    <remembered-set count="681" />
  </mem-info>
</gc-start>
<allocation-stats totalBytes="2461104" >
  <allocated-bytes non-tlh="200008" tlh="2261096" />
  <largest-consumer threadName="main" threadId="0000000002213700" bytes="2457008" />
</allocation-stats>
<gc-op id="1625" type="scavenge" timems="0.856" contextid="1622" timestamp="2019-06-16T21:30:58.666">
  <scavenger-info tenureage="6" tenuremask="7fc0" tiltratio="73" />
  <memory-copied type="nursery" objects="15039" bytes="983696" bytesdiscarded="64720" />
  <memory-copied type="tenure" objects="192" bytes="6344" bytesdiscarded="0" />
  <copy-failed type="nursery" objects="96" bytes="3048" />
  <references type="soft" candidates="36" cleared="0" enqueued="0" dynamicThreshold="31" maxThreshold="32" />
  <references type="weak" candidates="79" cleared="0" enqueued="0" />
  <references type="phantom" candidates="1" cleared="0" enqueued="0" />
</gc-op>
<gc-end id="1626" type="scavenge" contextid="1622" durationms="1.614" usertimems="4.000" systemtimems="0.000" timestamp="2019-06-16T21:30:58.666" activeThreads="4">
  <mem-info id="1627" free="2076594064" total="2092630016" percent="99">
    <mem type="nursery" free="1048576" total="3932160" percent="26">
      <mem type="allocate" free="1048576" total="2097152" percent="50" />
      <mem type="survivor" free="0" total="1835008" percent="0" />
    </mem>
    <mem type="tenure" free="2075545488" total="2088697856" percent="99" macro-fragmented="2592282">
      <mem type="soa" free="1950224272" total="1963376640" percent="99" />
      <mem type="loa" free="125321216" total="125321216" percent="100" />
    </mem>
    <remembered-set count="595" />
  </mem-info>
</gc-end>
<cycle-end id="1628" type="scavenge" contextid="1622" timestamp="2019-06-16T21:30:58.667" />
  <attribute name="elasticGC enabled" value="1" />
  <attribute name= "numThreadsSpecified" value="4" />
  <attribute name="heapSize specified" value="9371648" />
  <attribute name="Current GC Util" value="18" />
  <attribute name= "Current Time Running" value="44631" />
  <attribute name ="GC Interval" value="200" />
  <attribute name="ProportionalT" value="-1.000000" />
  <attribute name="ProportionalI" value="-1.000000" />
  <attribute name="ProportionalH" value="-1.000000" />
  <attribute name="Current Error" value="-2.000000" />
  <attribute name="IntegralT" value="-9.000000" />
  <attribute name="IntegralI" value="-9.000000" />
  <attribute name="IntegralH" value="-9.000000" />
  <attribute name="DerivativeT" value="-0.222222" />
  <attribute name="DerivativeI" value="-0.222222" />
  <attribute name="DerivativeH" value="-0.222222" />
  <attribute name="Loop Time for DT" value="9.000000" />
  <attribute name="Output H" value="2092630016"/>
  <attribute name="Output I" value="200"/>
  <attribute name="Output T" value="4"/>
  <attribute name="Target GC Util Change" value ="20.000000" />
  <attribute name="Current GC Util Change" value="18.000000"/>
  <attribute name="GC Util currently" value="18" />
  <attribute name="CPU Util currently" value="541969028855" />
<allocation-satisfied id="1629" threadId="0000000002213700" bytesRequested="32" />
<af-end id="1630" timestamp="2019-06-16T21:30:58.667" threadId="0000000002214088" success="true" from="nursery"/>
<exclusive-end id="1631" timestamp="2019-06-16T21:30:58.667" durationms="2.468" />

<exclusive-start id="1632" timestamp="2019-06-16T21:30:58.669" intervalms="4.220">
  <response-info timems="0.036" idlems="0.036" threads="0" lastid="0000000002213700" lastname="main" />
</exclusive-start>
<af-start id="1633" threadId="0000000002214088" totalBytesRequested="48" timestamp="2019-06-16T21:30:58.669" intervalms="4.207" type="nursery" />
<cycle-start id="1634" type="scavenge" contextid="0" timestamp="2019-06-16T21:30:58.669" intervalms="4.208" />
<gc-start id="1635" type="scavenge" contextid="1634" timestamp="2019-06-16T21:30:58.669">
  <mem-info id="1636" free="2075545488" total="2092630016" percent="99">
    <mem type="nursery" free="0" total="3932160" percent="0">
      <mem type="allocate" free="0" total="2097152" percent="0" />
      <mem type="survivor" free="0" total="1835008" percent="0" />
    </mem>
    <mem type="tenure" free="2075545488" total="2088697856" percent="99">
      <mem type="soa" free="1950224272" total="1963376640" percent="99" />
      <mem type="loa" free="125321216" total="125321216" percent="100" />
    </mem>
    <remembered-set count="595" />
  </mem-info>
</gc-start>
<allocation-stats totalBytes="1048424" >
  <allocated-bytes non-tlh="32" tlh="1048392" />
  <largest-consumer threadName="main" threadId="0000000002213700" bytes="1048424" />
</allocation-stats>
<gc-op id="1637" type="scavenge" timems="0.792" contextid="1634" timestamp="2019-06-16T21:30:58.670">
  <scavenger-info tenureage="4" tenuremask="7ff0" tiltratio="53" />
  <memory-copied type="nursery" objects="11378" bytes="833464" bytesdiscarded="112872" />
  <memory-copied type="tenure" objects="4745" bytes="189816" bytesdiscarded="40" />
  <references type="soft" candidates="36" cleared="0" enqueued="0" dynamicThreshold="31" maxThreshold="32" />
  <references type="weak" candidates="59" cleared="0" enqueued="0" />
  <references type="phantom" candidates="1" cleared="0" enqueued="0" />
</gc-op>
<gc-end id="1638" type="scavenge" contextid="1634" durationms="1.466" usertimems="0.000" systemtimems="4.000" timestamp="2019-06-16T21:30:58.670" activeThreads="4">
  <mem-info id="1639" free="2076586840" total="2092630016" percent="99">
    <mem type="nursery" free="1281736" total="3932160" percent="32">
      <mem type="allocate" free="1281736" total="2228224" percent="57" />
      <mem type="survivor" free="0" total="1703936" percent="0" />
    </mem>
    <mem type="tenure" free="2075305104" total="2088697856" percent="99" macro-fragmented="2592282">
      <mem type="soa" free="1949983888" total="1963376640" percent="99" />
      <mem type="loa" free="125321216" total="125321216" percent="100" />
    </mem>
    <remembered-set count="163" />
  </mem-info>
</gc-end>
<cycle-end id="1640" type="scavenge" contextid="1634" timestamp="2019-06-16T21:30:58.671" />
  <attribute name="elasticGC enabled" value="1" />
  <attribute name= "numThreadsSpecified" value="4" />
  <attribute name="heapSize specified" value="9371648" />
  <attribute name="Current GC Util" value="61" />
  <attribute name= "Current Time Running" value="44635" />
  <attribute name ="GC Interval" value="200" />
  <attribute name="ProportionalT" value="20.500000" />
  <attribute name="ProportionalI" value="20.500000" />
  <attribute name="ProportionalH" value="20.500000" />
  <attribute name="Current Error" value="41.000000" />
  <attribute name="IntegralT" value="82.000000" />
  <attribute name="IntegralI" value="82.000000" />
  <attribute name="IntegralH" value="82.000000" />
  <attribute name="DerivativeT" value="10.250000" />
  <attribute name="DerivativeI" value="10.250000" />
  <attribute name="DerivativeH" value="10.250000" />
  <attribute name="Loop Time for DT" value="4.000000" />
  <attribute name="Output H" value="8388608"/>
  <attribute name="Output I" value="200"/>
  <attribute name="Output T" value="4"/>
  <attribute name="Target GC Util Change" value ="20.000000" />
  <attribute name="Current GC Util Change" value="61.000000"/>
  <attribute name="GC Util currently" value="61" />
  <attribute name="CPU Util currently" value="1121478605920" />
<allocation-satisfied id="1641" threadId="0000000002213700" bytesRequested="48" />
<af-end id="1642" timestamp="2019-06-16T21:30:58.671" threadId="0000000002214088" success="true" from="nursery"/>
<exclusive-end id="1643" timestamp="2019-06-16T21:30:58.671" durationms="2.232" />

<exclusive-start id="1644" timestamp="2019-06-16T21:30:58.673" intervalms="4.552">
  <response-info timems="0.026" idlems="0.026" threads="0" lastid="0000000002213700" lastname="main" />
</exclusive-start>
<af-start id="1645" threadId="0000000002214088" totalBytesRequested="32" timestamp="2019-06-16T21:30:58.673" intervalms="4.552" type="nursery" />
<cycle-start id="1646" type="scavenge" contextid="0" timestamp="2019-06-16T21:30:58.673" intervalms="4.508" />
<gc-start id="1647" type="scavenge" contextid="1646" timestamp="2019-06-16T21:30:58.673">
  <mem-info id="1648" free="2075305104" total="2092630016" percent="99">
    <mem type="nursery" free="0" total="3932160" percent="0">
      <mem type="allocate" free="0" total="2228224" percent="0" />
      <mem type="survivor" free="0" total="1703936" percent="0" />
    </mem>
    <mem type="tenure" free="2075305104" total="2088697856" percent="99">
      <mem type="soa" free="1949983888" total="1963376640" percent="99" />
      <mem type="loa" free="125321216" total="125321216" percent="100" />
    </mem>
    <remembered-set count="163" />
  </mem-info>
</gc-start>
<allocation-stats totalBytes="1281576" >
  <allocated-bytes non-tlh="48" tlh="1281528" />
  <largest-consumer threadName="main" threadId="0000000002213700" bytes="1281576" />
</allocation-stats>
<gc-op id="1649" type="scavenge" timems="0.903" contextid="1646" timestamp="2019-06-16T21:30:58.674">
  <scavenger-info tenureage="2" tenuremask="7ff4" tiltratio="56" />
  <memory-copied type="nursery" objects="3476" bytes="135792" bytesdiscarded="51480" />
  <memory-copied type="tenure" objects="9020" bytes="739376" bytesdiscarded="312" />
  <references type="soft" candidates="35" cleared="0" enqueued="0" dynamicThreshold="31" maxThreshold="32" />
  <references type="weak" candidates="59" cleared="0" enqueued="0" />
  <references type="phantom" candidates="1" cleared="0" enqueued="0" />
</gc-op>
<gc-end id="1650" type="scavenge" contextid="1646" durationms="1.457" usertimems="4.000" systemtimems="0.000" timestamp="2019-06-16T21:30:58.675" activeThreads="4">
  <mem-info id="1651" free="2076848328" total="2092630016" percent="99">
    <mem type="nursery" free="2237440" total="3932160" percent="56">
      <mem type="allocate" free="2237440" total="2424832" percent="92" />
      <mem type="survivor" free="0" total="1507328" percent="0" />
    </mem>
    <mem type="tenure" free="2074610888" total="2088697856" percent="99" macro-fragmented="13104">
      <mem type="soa" free="1949289672" total="1963376640" percent="99" />
      <mem type="loa" free="125321216" total="125321216" percent="100" />
    </mem>
    <remembered-set count="5922" />
  </mem-info>
</gc-end>
<cycle-end id="1652" type="scavenge" contextid="1646" timestamp="2019-06-16T21:30:58.675" />
  <attribute name="elasticGC enabled" value="1" />
  <attribute name= "numThreadsSpecified" value="4" />
  <attribute name="heapSize specified" value="9371648" />
  <attribute name="Current GC Util" value="52" />
  <attribute name= "Current Time Running" value="44639" />
  <attribute name ="GC Interval" value="200" />
  <attribute name="ProportionalT" value="16.000000" />
  <attribute name="ProportionalI" value="16.000000" />
  <attribute name="ProportionalH" value="16.000000" />
  <attribute name="Current Error" value="32.000000" />
  <attribute name="IntegralT" value="64.000000" />
  <attribute name="IntegralI" value="64.000000" />
  <attribute name="IntegralH" value="64.000000" />
  <attribute name="DerivativeT" value="-2.250000" />
  <attribute name="DerivativeI" value="-2.250000" />
  <attribute name="DerivativeH" value="-2.250000" />
  <attribute name="Loop Time for DT" value="4.000000" />
  <attribute name="Output H" value="8388608"/>
  <attribute name="Output I" value="200"/>
  <attribute name="Output T" value="4"/>
  <attribute name="Target GC Util Change" value ="20.000000" />
  <attribute name="Current GC Util Change" value="52.000000"/>
  <attribute name="GC Util currently" value="52" />
  <attribute name="CPU Util currently" value="1038605562755" />
<allocation-satisfied id="1653" threadId="0000000002213700" bytesRequested="32" />
<af-end id="1654" timestamp="2019-06-16T21:30:58.675" threadId="0000000002214088" success="true" from="nursery"/>
<exclusive-end id="1655" timestamp="2019-06-16T21:30:58.675" durationms="1.956" />

<exclusive-start id="1656" timestamp="2019-06-16T21:30:58.678" intervalms="4.981">
  <response-info timems="0.032" idlems="0.032" threads="0" lastid="0000000002213700" lastname="main" />
</exclusive-start>
<af-start id="1657" threadId="0000000002214088" totalBytesRequested="48" timestamp="2019-06-16T21:30:58.678" intervalms="4.975" type="nursery" />
<cycle-start id="1658" type="scavenge" contextid="0" timestamp="2019-06-16T21:30:58.678" intervalms="5.010" />
<gc-start id="1659" type="scavenge" contextid="1658" timestamp="2019-06-16T21:30:58.678">
  <mem-info id="1660" free="2074610888" total="2092630016" percent="99">
    <mem type="nursery" free="0" total="3932160" percent="0">
      <mem type="allocate" free="0" total="2424832" percent="0" />
      <mem type="survivor" free="0" total="1507328" percent="0" />
    </mem>
    <mem type="tenure" free="2074610888" total="2088697856" percent="99">
      <mem type="soa" free="1949289672" total="1963376640" percent="99" />
      <mem type="loa" free="125321216" total="125321216" percent="100" />
    </mem>
    <remembered-set count="5924" />
  </mem-info>
</gc-start>
<allocation-stats totalBytes="2237184" >
  <allocated-bytes non-tlh="32" tlh="2237152" />
  <largest-consumer threadName="main" threadId="0000000002213700" bytes="2237184" />
</allocation-stats>
<gc-op id="1661" type="scavenge" timems="0.613" contextid="1658" timestamp="2019-06-16T21:30:58.679">
  <scavenger-info tenureage="4" tenuremask="7ff0" tiltratio="61" />
  <memory-copied type="nursery" objects="4666" bytes="172152" bytesdiscarded="124296" />
  <memory-copied type="tenure" objects="1088" bytes="47592" bytesdiscarded="0" />
</gc-op>
<gc-end id="1662" type="scavenge" contextid="1658" durationms="1.276" usertimems="4.000" systemtimems="0.000" timestamp="2019-06-16T21:30:58.680" activeThreads="4">
  <mem-info id="1663" free="2076865992" total="2092630016" percent="99">
    <mem type="nursery" free="2324992" total="3932160" percent="59">
      <mem type="allocate" free="2324992" total="2621440" percent="88" />
      <mem type="survivor" free="0" total="1310720" percent="0" />
    </mem>
    <mem type="tenure" free="2074541000" total="2088697856" percent="99" macro-fragmented="0">
      <mem type="soa" free="1949219784" total="1963376640" percent="99" />
      <mem type="loa" free="125321216" total="125321216" percent="100" />
    </mem>
    <remembered-set count="642" />
  </mem-info>
</gc-end>
<cycle-end id="1664" type="scavenge" contextid="1658" timestamp="2019-06-16T21:30:58.680" />
  <attribute name="elasticGC enabled" value="1" />
  <attribute name= "numThreadsSpecified" value="4" />
  <attribute name="heapSize specified" value="9371648" />
  <attribute name="Current GC Util" value="45" />
  <attribute name= "Current Time Running" value="44645" />
  <attribute name ="GC Interval" value="200" />
  <attribute name="ProportionalT" value="12.500000" />
  <attribute name="ProportionalI" value="12.500000" />
  <attribute name="ProportionalH" value="12.500000" />
  <attribute name="Current Error" value="25.000000" />
  <attribute name="IntegralT" value="75.000000" />
  <attribute name="IntegralI" value="75.000000" />
  <attribute name="IntegralH" value="75.000000" />
  <attribute name="DerivativeT" value="-1.166667" />
  <attribute name="DerivativeI" value="-1.166667" />
  <attribute name="DerivativeH" value="-1.166667" />
  <attribute name="Loop Time for DT" value="6.000000" />
  <attribute name="Output H" value="8388608"/>
  <attribute name="Output I" value="200"/>
  <attribute name="Output T" value="4"/>
  <attribute name="Target GC Util Change" value ="20.000000" />
  <attribute name="Current GC Util Change" value="45.000000"/>
  <attribute name="GC Util currently" value="45" />
  <attribute name="CPU Util currently" value="898734106896" />
<allocation-satisfied id="1665" threadId="0000000002213700" bytesRequested="48" />
<af-end id="1666" timestamp="2019-06-16T21:30:58.680" threadId="0000000002214088" success="true" from="nursery"/>
<exclusive-end id="1667" timestamp="2019-06-16T21:30:58.680" durationms="2.041" />

<exclusive-start id="1668" timestamp="2019-06-16T21:30:58.683" intervalms="5.186">
  <response-info timems="0.046" idlems="0.046" threads="0" lastid="0000000002213700" lastname="main" />
</exclusive-start>
<af-start id="1669" threadId="0000000002214088" totalBytesRequested="32" timestamp="2019-06-16T21:30:58.683" intervalms="5.197" type="nursery" />
<cycle-start id="1670" type="scavenge" contextid="0" timestamp="2019-06-16T21:30:58.684" intervalms="5.203" />
<gc-start id="1671" type="scavenge" contextid="1670" timestamp="2019-06-16T21:30:58.684">
  <mem-info id="1672" free="2074541000" total="2092630016" percent="99">
    <mem type="nursery" free="0" total="3932160" percent="0">
      <mem type="allocate" free="0" total="2621440" percent="0" />
      <mem type="survivor" free="0" total="1310720" percent="0" />
    </mem>
    <mem type="tenure" free="2074541000" total="2088697856" percent="99">
      <mem type="soa" free="1949219784" total="1963376640" percent="99" />
      <mem type="loa" free="125321216" total="125321216" percent="100" />
    </mem>
    <remembered-set count="896" />
  </mem-info>
</gc-start>
<allocation-stats totalBytes="2324696" >
  <allocated-bytes non-tlh="48" tlh="2324648" />
  <largest-consumer threadName="main" threadId="0000000002213700" bytes="2324696" />
</allocation-stats>
<gc-op id="1673" type="scavenge" timems="0.511" contextid="1670" timestamp="2019-06-16T21:30:58.684">
  <scavenger-info tenureage="2" tenuremask="7fcc" tiltratio="66" />
  <memory-copied type="nursery" objects="4575" bytes="168768" bytesdiscarded="27072" />
  <memory-copied type="tenure" objects="2273" bytes="84296" bytesdiscarded="48" />
</gc-op>
<gc-end id="1674" type="scavenge" contextid="1670" durationms="1.179" usertimems="0.000" systemtimems="0.000" timestamp="2019-06-16T21:30:58.685" activeThreads="4">
  <mem-info id="1675" free="2077150408" total="2092630016" percent="99">
    <mem type="nursery" free="2687744" total="3932160" percent="68">
      <mem type="allocate" free="2687744" total="2883584" percent="93" />
      <mem type="survivor" free="0" total="1048576" percent="0" />
    </mem>
    <mem type="tenure" free="2074462664" total="2088697856" percent="99" macro-fragmented="502401">
      <mem type="soa" free="1949141448" total="1963376640" percent="99" />
      <mem type="loa" free="125321216" total="125321216" percent="100" />
    </mem>
    <remembered-set count="608" />
  </mem-info>
</gc-end>
<cycle-end id="1676" type="scavenge" contextid="1670" timestamp="2019-06-16T21:30:58.685" />
  <attribute name="elasticGC enabled" value="1" />
  <attribute name= "numThreadsSpecified" value="4" />
  <attribute name="heapSize specified" value="9371648" />
  <attribute name="Current GC Util" value="28" />
  <attribute name= "Current Time Running" value="44650" />
  <attribute name ="GC Interval" value="200" />
  <attribute name="ProportionalT" value="4.000000" />
  <attribute name="ProportionalI" value="4.000000" />
  <attribute name="ProportionalH" value="4.000000" />
  <attribute name="Current Error" value="8.000000" />
  <attribute name="IntegralT" value="20.000000" />
  <attribute name="IntegralI" value="20.000000" />
  <attribute name="IntegralH" value="20.000000" />
  <attribute name="DerivativeT" value="-3.400000" />
  <attribute name="DerivativeI" value="-3.400000" />
  <attribute name="DerivativeH" value="-3.400000" />
  <attribute name="Loop Time for DT" value="5.000000" />
  <attribute name="Output H" value="8388608"/>
  <attribute name="Output I" value="200"/>
  <attribute name="Output T" value="4"/>
  <attribute name="Target GC Util Change" value ="20.000000" />
  <attribute name="Current GC Util Change" value="28.000000"/>
  <attribute name="GC Util currently" value="28" />
  <attribute name="CPU Util currently" value="884747127009" />
<allocation-satisfied id="1677" threadId="0000000002213700" bytesRequested="32" />
<af-end id="1678" timestamp="2019-06-16T21:30:58.685" threadId="0000000002214088" success="true" from="nursery"/>
<exclusive-end id="1679" timestamp="2019-06-16T21:30:58.685" durationms="1.919" />

<exclusive-start id="1680" timestamp="2019-06-16T21:30:58.689" intervalms="5.682">
  <response-info timems="0.101" idlems="0.101" threads="0" lastid="0000000002213700" lastname="main" />
</exclusive-start>
<af-start id="1681" threadId="0000000002214088" totalBytesRequested="32" timestamp="2019-06-16T21:30:58.689" intervalms="5.639" type="nursery" />
<cycle-start id="1682" type="scavenge" contextid="0" timestamp="2019-06-16T21:30:58.689" intervalms="5.634" />
<gc-start id="1683" type="scavenge" contextid="1682" timestamp="2019-06-16T21:30:58.689">
  <mem-info id="1684" free="2074462664" total="2092630016" percent="99">
    <mem type="nursery" free="0" total="3932160" percent="0">
      <mem type="allocate" free="0" total="2883584" percent="0" />
      <mem type="survivor" free="0" total="1048576" percent="0" />
    </mem>
    <mem type="tenure" free="2074462664" total="2088697856" percent="99">
      <mem type="soa" free="1949141448" total="1963376640" percent="99" />
      <mem type="loa" free="125321216" total="125321216" percent="100" />
    </mem>
    <remembered-set count="903" />
  </mem-info>
</gc-start>
<allocation-stats totalBytes="2687232" >
  <allocated-bytes non-tlh="32" tlh="2687200" />
  <largest-consumer threadName="main" threadId="0000000002213700" bytes="2687232" />
</allocation-stats>
<gc-op id="1685" type="scavenge" timems="0.485" contextid="1682" timestamp="2019-06-16T21:30:58.690">
  <scavenger-info tenureage="7" tenuremask="7f80" tiltratio="73" />
  <memory-copied type="nursery" objects="7230" bytes="266152" bytesdiscarded="47192" />
</gc-op>
<gc-end id="1686" type="scavenge" contextid="1682" durationms="1.022" usertimems="0.000" systemtimems="0.000" timestamp="2019-06-16T21:30:58.690" activeThreads="4">
  <mem-info id="1687" free="2077163976" total="2092630016" percent="99">
    <mem type="nursery" free="2701312" total="3932160" percent="68">
      <mem type="allocate" free="2701312" total="3014656" percent="89" />
      <mem type="survivor" free="0" total="917504" percent="0" />
    </mem>
    <mem type="tenure" free="2074462664" total="2088697856" percent="99" macro-fragmented="5375357">
      <mem type="soa" free="1949141448" total="1963376640" percent="99" />
      <mem type="loa" free="125321216" total="125321216" percent="100" />
    </mem>
    <remembered-set count="899" />
  </mem-info>
</gc-end>
<cycle-end id="1688" type="scavenge" contextid="1682" timestamp="2019-06-16T21:30:58.690" />
  <attribute name="elasticGC enabled" value="1" />
  <attribute name= "numThreadsSpecified" value="4" />
  <attribute name="heapSize specified" value="9371648" />
  <attribute name="Current GC Util" value="21" />
  <attribute name= "Current Time Running" value="44655" />
  <attribute name ="GC Interval" value="200" />
  <attribute name="ProportionalT" value="0.500000" />
  <attribute name="ProportionalI" value="0.500000" />
  <attribute name="ProportionalH" value="0.500000" />
  <attribute name="Current Error" value="1.000000" />
  <attribute name="IntegralT" value="2.500000" />
  <attribute name="IntegralI" value="2.500000" />
  <attribute name="IntegralH" value="2.500000" />
  <attribute name="DerivativeT" value="-1.400000" />
  <attribute name="DerivativeI" value="-1.400000" />
  <attribute name="DerivativeH" value="-1.400000" />
  <attribute name="Loop Time for DT" value="5.000000" />
  <attribute name="Output H" value="8388608"/>
  <attribute name="Output I" value="200"/>
  <attribute name="Output T" value="4"/>
  <attribute name="Target GC Util Change" value ="20.000000" />
  <attribute name="Current GC Util Change" value="21.000000"/>
  <attribute name="GC Util currently" value="21" />
  <attribute name="CPU Util currently" value="837668972159" />
<allocation-satisfied id="1689" threadId="0000000002213700" bytesRequested="32" />
<af-end id="1690" timestamp="2019-06-16T21:30:58.690" threadId="0000000002214088" success="true" from="nursery"/>
<exclusive-end id="1691" timestamp="2019-06-16T21:30:58.691" durationms="1.485" />

<exclusive-start id="1692" timestamp="2019-06-16T21:30:58.694" intervalms="5.291">
  <response-info timems="0.032" idlems="0.032" threads="0" lastid="0000000002213700" lastname="main" />
</exclusive-start>
<af-start id="1693" threadId="0000000002214088" totalBytesRequested="32" timestamp="2019-06-16T21:30:58.694" intervalms="5.324" type="nursery" />
<cycle-start id="1694" type="scavenge" contextid="0" timestamp="2019-06-16T21:30:58.695" intervalms="5.325" />
<gc-start id="1695" type="scavenge" contextid="1694" timestamp="2019-06-16T21:30:58.695">
  <mem-info id="1696" free="2074462664" total="2092630016" percent="99">
    <mem type="nursery" free="0" total="3932160" percent="0">
      <mem type="allocate" free="0" total="3014656" percent="0" />
      <mem type="survivor" free="0" total="917504" percent="0" />
    </mem>
    <mem type="tenure" free="2074462664" total="2088697856" percent="99">
      <mem type="soa" free="1949141448" total="1963376640" percent="99" />
      <mem type="loa" free="125321216" total="125321216" percent="100" />
    </mem>
    <remembered-set count="1198" />
  </mem-info>
</gc-start>
<allocation-stats totalBytes="2700976" >
  <allocated-bytes non-tlh="32" tlh="2700944" />
  <largest-consumer threadName="main" threadId="0000000002213700" bytes="2700976" />
</allocation-stats>
<gc-op id="1697" type="scavenge" timems="0.591" contextid="1694" timestamp="2019-06-16T21:30:58.695">
  <scavenger-info tenureage="3" tenuremask="7f08" tiltratio="76" />
  <memory-copied type="nursery" objects="7774" bytes="287168" bytesdiscarded="65344" />
  <memory-copied type="tenure" objects="2051" bytes="74888" bytesdiscarded="16" />
</gc-op>
<gc-end id="1698" type="scavenge" contextid="1694" durationms="1.136" usertimems="0.000" systemtimems="0.000" timestamp="2019-06-16T21:30:58.696" activeThreads="4">
  <mem-info id="1699" free="2077112008" total="2092630016" percent="99">
    <mem type="nursery" free="2727680" total="3932160" percent="69">
      <mem type="allocate" free="2727680" total="3080192" percent="88" />
      <mem type="survivor" free="0" total="851968" percent="0" />
    </mem>
    <mem type="tenure" free="2074384328" total="2088697856" percent="99" macro-fragmented="242284">
      <mem type="soa" free="1949063112" total="1963376640" percent="99" />
      <mem type="loa" free="125321216" total="125321216" percent="100" />
    </mem>
    <remembered-set count="1045" />
  </mem-info>
</gc-end>
<cycle-end id="1700" type="scavenge" contextid="1694" timestamp="2019-06-16T21:30:58.696" />
  <attribute name="elasticGC enabled" value="1" />
  <attribute name= "numThreadsSpecified" value="4" />
  <attribute name="heapSize specified" value="9371648" />
  <attribute name="Current GC Util" value="21" />
  <attribute name= "Current Time Running" value="44661" />
  <attribute name ="GC Interval" value="200" />
  <attribute name="ProportionalT" value="0.500000" />
  <attribute name="ProportionalI" value="0.500000" />
  <attribute name="ProportionalH" value="0.500000" />
  <attribute name="Current Error" value="1.000000" />
  <attribute name="IntegralT" value="3.000000" />
  <attribute name="IntegralI" value="3.000000" />
  <attribute name="IntegralH" value="3.000000" />
  <attribute name="DerivativeT" value="0.000000" />
  <attribute name="DerivativeI" value="0.000000" />
  <attribute name="DerivativeH" value="0.000000" />
  <attribute name="Loop Time for DT" value="6.000000" />
  <attribute name="Output H" value="8388608"/>
  <attribute name="Output I" value="200"/>
  <attribute name="Output T" value="4"/>
  <attribute name="Target GC Util Change" value ="20.000000" />
  <attribute name="Current GC Util Change" value="21.000000"/>
  <attribute name="GC Util currently" value="21" />
  <attribute name="CPU Util currently" value="867359612213" />
<allocation-satisfied id="1701" threadId="0000000002213700" bytesRequested="32" />
<af-end id="1702" timestamp="2019-06-16T21:30:58.696" threadId="0000000002214088" success="true" from="nursery"/>
<exclusive-end id="1703" timestamp="2019-06-16T21:30:58.696" durationms="1.745" />

<exclusive-start id="1704" timestamp="2019-06-16T21:30:58.702" intervalms="7.540">
  <response-info timems="0.041" idlems="0.041" threads="0" lastid="0000000002213700" lastname="main" />
</exclusive-start>
<af-start id="1705" threadId="0000000002214088" totalBytesRequested="56" timestamp="2019-06-16T21:30:58.702" intervalms="7.555" type="nursery" />
<cycle-start id="1706" type="scavenge" contextid="0" timestamp="2019-06-16T21:30:58.702" intervalms="7.557" />
<gc-start id="1707" type="scavenge" contextid="1706" timestamp="2019-06-16T21:30:58.702">
  <mem-info id="1708" free="2074384328" total="2092630016" percent="99">
    <mem type="nursery" free="0" total="3932160" percent="0">
      <mem type="allocate" free="0" total="3080192" percent="0" />
      <mem type="survivor" free="0" total="851968" percent="0" />
    </mem>
    <mem type="tenure" free="2074384328" total="2088697856" percent="99">
      <mem type="soa" free="1949063112" total="1963376640" percent="99" />
      <mem type="loa" free="125321216" total="125321216" percent="100" />
    </mem>
    <remembered-set count="1310" />
  </mem-info>
</gc-start>
<allocation-stats totalBytes="2727272" >
  <allocated-bytes non-tlh="32" tlh="2727240" />
  <largest-consumer threadName="main" threadId="0000000002213700" bytes="2727272" />
</allocation-stats>
<gc-op id="1709" type="scavenge" timems="0.736" contextid="1706" timestamp="2019-06-16T21:30:58.703">
  <scavenger-info tenureage="3" tenuremask="7e08" tiltratio="78" />
  <memory-copied type="nursery" objects="7884" bytes="320952" bytesdiscarded="31560" />
  <memory-copied type="tenure" objects="2228" bytes="83896" bytesdiscarded="72" />
</gc-op>
<gc-end id="1710" type="scavenge" contextid="1706" durationms="1.465" usertimems="4.000" systemtimems="0.000" timestamp="2019-06-16T21:30:58.704" activeThreads="4">
  <mem-info id="1711" free="2077164744" total="2092630016" percent="99">
    <mem type="nursery" free="2858752" total="3932160" percent="72">
      <mem type="allocate" free="2858752" total="3211264" percent="89" />
      <mem type="survivor" free="0" total="720896" percent="0" />
    </mem>
    <mem type="tenure" free="2074305992" total="2088697856" percent="99" macro-fragmented="0">
      <mem type="soa" free="1948984776" total="1963376640" percent="99" />
      <mem type="loa" free="125321216" total="125321216" percent="100" />
    </mem>
    <remembered-set count="1026" />
  </mem-info>
</gc-end>
<cycle-end id="1712" type="scavenge" contextid="1706" timestamp="2019-06-16T21:30:58.704" />
  <attribute name="elasticGC enabled" value="1" />
  <attribute name= "numThreadsSpecified" value="4" />
  <attribute name="heapSize specified" value="9371648" />
  <attribute name="Current GC Util" value="16" />
  <attribute name= "Current Time Running" value="44668" />
  <attribute name ="GC Interval" value="200" />
  <attribute name="ProportionalT" value="-2.000000" />
  <attribute name="ProportionalI" value="-2.000000" />
  <attribute name="ProportionalH" value="-2.000000" />
  <attribute name="Current Error" value="-4.000000" />
  <attribute name="IntegralT" value="-14.000000" />
  <attribute name="IntegralI" value="-14.000000" />
  <attribute name="IntegralH" value="-14.000000" />
  <attribute name="DerivativeT" value="-0.714286" />
  <attribute name="DerivativeI" value="-0.714286" />
  <attribute name="DerivativeH" value="-0.714286" />
  <attribute name="Loop Time for DT" value="7.000000" />
  <attribute name="Output H" value="2092630016"/>
  <attribute name="Output I" value="200"/>
  <attribute name="Output T" value="4"/>
  <attribute name="Target GC Util Change" value ="20.000000" />
  <attribute name="Current GC Util Change" value="16.000000"/>
  <attribute name="GC Util currently" value="16" />
  <attribute name="CPU Util currently" value="593946919319" />
<allocation-satisfied id="1713" threadId="0000000002213700" bytesRequested="56" />
<af-end id="1714" timestamp="2019-06-16T21:30:58.704" threadId="0000000002214088" success="true" from="nursery"/>
<exclusive-end id="1715" timestamp="2019-06-16T21:30:58.704" durationms="2.233" />

<exclusive-start id="1716" timestamp="2019-06-16T21:30:58.728" intervalms="25.951">
  <response-info timems="0.024" idlems="0.024" threads="0" lastid="0000000002213700" lastname="main" />
</exclusive-start>
<af-start id="1717" threadId="0000000002214088" totalBytesRequested="24" timestamp="2019-06-16T21:30:58.728" intervalms="25.957" type="nursery" />
<cycle-start id="1718" type="scavenge" contextid="0" timestamp="2019-06-16T21:30:58.728" intervalms="25.956" />
<gc-start id="1719" type="scavenge" contextid="1718" timestamp="2019-06-16T21:30:58.728">
  <mem-info id="1720" free="2074305216" total="2092630016" percent="99">
    <mem type="nursery" free="0" total="3932160" percent="0">
      <mem type="allocate" free="0" total="3211264" percent="0" />
      <mem type="survivor" free="0" total="720896" percent="0" />
    </mem>
    <mem type="tenure" free="2074305216" total="2088697856" percent="99">
      <mem type="soa" free="1948984000" total="1963376640" percent="99" />
      <mem type="loa" free="125321216" total="125321216" percent="100" />
    </mem>
    <remembered-set count="1044" />
  </mem-info>
</gc-start>
<allocation-stats totalBytes="2859072" >
  <allocated-bytes non-tlh="266384" tlh="2592688" />
  <largest-consumer threadName="main" threadId="0000000002213700" bytes="2859072" />
</allocation-stats>
<gc-op id="1721" type="scavenge" timems="0.819" contextid="1718" timestamp="2019-06-16T21:30:58.729">
  <scavenger-info tenureage="10" tenuremask="7c00" tiltratio="81" />
  <memory-copied type="nursery" objects="8201" bytes="720752" bytesdiscarded="88" />
  <memory-copied type="tenure" objects="5416" bytes="230856" bytesdiscarded="56" />
  <copy-failed type="nursery" objects="5613" bytes="240312" />
  <references type="soft" candidates="1" cleared="0" enqueued="0" dynamicThreshold="31" maxThreshold="32" />
  <references type="phantom" candidates="1" cleared="0" enqueued="0" />
</gc-op>
<gc-end id="1722" type="scavenge" contextid="1718" durationms="1.496" usertimems="4.000" systemtimems="0.000" timestamp="2019-06-16T21:30:58.730" activeThreads="4">
  <mem-info id="1723" free="2075475904" total="2092630016" percent="99">
    <mem type="nursery" free="1441792" total="3932160" percent="36">
      <mem type="allocate" free="1441792" total="2162688" percent="66" />
      <mem type="survivor" free="0" total="1769472" percent="0" />
    </mem>
    <mem type="tenure" free="2074034112" total="2088697856" percent="99" macro-fragmented="0">
      <mem type="soa" free="1948712896" total="1963376640" percent="99" />
      <mem type="loa" free="125321216" total="125321216" percent="100" />
    </mem>
    <remembered-set count="4473" />
  </mem-info>
</gc-end>
<cycle-end id="1724" type="scavenge" contextid="1718" timestamp="2019-06-16T21:30:58.730" />
  <attribute name="elasticGC enabled" value="1" />
  <attribute name= "numThreadsSpecified" value="4" />
  <attribute name="heapSize specified" value="9371648" />
  <attribute name="Current GC Util" value="7" />
  <attribute name= "Current Time Running" value="44694" />
  <attribute name ="GC Interval" value="200" />
  <attribute name="ProportionalT" value="-6.500000" />
  <attribute name="ProportionalI" value="-6.500000" />
  <attribute name="ProportionalH" value="-6.500000" />
  <attribute name="Current Error" value="-13.000000" />
  <attribute name="IntegralT" value="-169.000000" />
  <attribute name="IntegralI" value="-169.000000" />
  <attribute name="IntegralH" value="-169.000000" />
  <attribute name="DerivativeT" value="-0.500000" />
  <attribute name="DerivativeI" value="-0.500000" />
  <attribute name="DerivativeH" value="-0.500000" />
  <attribute name="Loop Time for DT" value="26.000000" />
  <attribute name="Output H" value="2092630016"/>
  <attribute name="Output I" value="200"/>
  <attribute name="Output T" value="4"/>
  <attribute name="Target GC Util Change" value ="20.000000" />
  <attribute name="Current GC Util Change" value="7.000000"/>
  <attribute name="GC Util currently" value="7" />
  <attribute name="CPU Util currently" value="177771512688" />
<allocation-satisfied id="1725" threadId="0000000002213700" bytesRequested="24" />
<af-end id="1726" timestamp="2019-06-16T21:30:58.730" threadId="0000000002214088" success="true" from="nursery"/>
<exclusive-end id="1727" timestamp="2019-06-16T21:30:58.730" durationms="2.219" />

<exclusive-start id="1728" timestamp="2019-06-16T21:30:58.733" intervalms="5.192">
  <response-info timems="0.028" idlems="0.028" threads="0" lastid="0000000002213700" lastname="main" />
</exclusive-start>
<af-start id="1729" threadId="0000000002214088" totalBytesRequested="1504" timestamp="2019-06-16T21:30:58.733" intervalms="5.169" type="nursery" />
<cycle-start id="1730" type="scavenge" contextid="0" timestamp="2019-06-16T21:30:58.733" intervalms="5.134" />
<gc-start id="1731" type="scavenge" contextid="1730" timestamp="2019-06-16T21:30:58.733">
  <mem-info id="1732" free="2074034112" total="2092630016" percent="99">
    <mem type="nursery" free="0" total="3932160" percent="0">
      <mem type="allocate" free="0" total="2162688" percent="0" />
      <mem type="survivor" free="0" total="1769472" percent="0" />
    </mem>
    <mem type="tenure" free="2074034112" total="2088697856" percent="99">
      <mem type="soa" free="1948712896" total="1963376640" percent="99" />
      <mem type="loa" free="125321216" total="125321216" percent="100" />
    </mem>
    <remembered-set count="4473" />
  </mem-info>
</gc-start>
<allocation-stats totalBytes="1440600" >
  <allocated-bytes non-tlh="24" tlh="1440576" />
  <largest-consumer threadName="main" threadId="0000000002213700" bytes="1440600" />
</allocation-stats>
<gc-op id="1733" type="scavenge" timems="0.612" contextid="1730" timestamp="2019-06-16T21:30:58.734">
  <scavenger-info tenureage="3" tenuremask="7e18" tiltratio="55" />
  <memory-copied type="nursery" objects="7093" bytes="686152" bytesdiscarded="199888" />
  <memory-copied type="tenure" objects="3431" bytes="129528" bytesdiscarded="712" />
  <references type="soft" candidates="1" cleared="0" enqueued="0" dynamicThreshold="31" maxThreshold="32" />
  <references type="phantom" candidates="1" cleared="0" enqueued="0" />
</gc-op>
<gc-end id="1734" type="scavenge" contextid="1730" durationms="1.155" usertimems="0.000" systemtimems="0.000" timestamp="2019-06-16T21:30:58.734" activeThreads="4">
  <mem-info id="1735" free="2075371888" total="2092630016" percent="99">
    <mem type="nursery" free="1407664" total="3932160" percent="35">
      <mem type="allocate" free="1407664" total="2293760" percent="61" />
      <mem type="survivor" free="0" total="1638400" percent="0" />
    </mem>
    <mem type="tenure" free="2073964224" total="2088697856" percent="99" macro-fragmented="0">
      <mem type="soa" free="1948643008" total="1963376640" percent="99" />
      <mem type="loa" free="125321216" total="125321216" percent="100" />
    </mem>
    <remembered-set count="3175" />
  </mem-info>
</gc-end>
<cycle-end id="1736" type="scavenge" contextid="1730" timestamp="2019-06-16T21:30:58.735" />
  <attribute name="elasticGC enabled" value="1" />
  <attribute name= "numThreadsSpecified" value="4" />
  <attribute name="heapSize specified" value="9371648" />
  <attribute name="Current GC Util" value="43" />
  <attribute name= "Current Time Running" value="44699" />
  <attribute name ="GC Interval" value="200" />
  <attribute name="ProportionalT" value="11.500000" />
  <attribute name="ProportionalI" value="11.500000" />
  <attribute name="ProportionalH" value="11.500000" />
  <attribute name="Current Error" value="23.000000" />
  <attribute name="IntegralT" value="57.500000" />
  <attribute name="IntegralI" value="57.500000" />
  <attribute name="IntegralH" value="57.500000" />
  <attribute name="DerivativeT" value="4.600000" />
  <attribute name="DerivativeI" value="4.600000" />
  <attribute name="DerivativeH" value="4.600000" />
  <attribute name="Loop Time for DT" value="5.000000" />
  <attribute name="Output H" value="8388608"/>
  <attribute name="Output I" value="200"/>
  <attribute name="Output T" value="4"/>
  <attribute name="Target GC Util Change" value ="20.000000" />
  <attribute name="Current GC Util Change" value="43.000000"/>
  <attribute name="GC Util currently" value="43" />
  <attribute name="CPU Util currently" value="931744654232" />
<allocation-satisfied id="1737" threadId="0000000002213700" bytesRequested="1504" />
<af-end id="1738" timestamp="2019-06-16T21:30:58.735" threadId="0000000002214088" success="true" from="nursery"/>
<exclusive-end id="1739" timestamp="2019-06-16T21:30:58.735" durationms="1.700" />

<exclusive-start id="1740" timestamp="2019-06-16T21:30:58.737" intervalms="4.250">
  <response-info timems="0.030" idlems="0.030" threads="0" lastid="0000000002213700" lastname="main" />
</exclusive-start>
<af-start id="1741" threadId="0000000002214088" totalBytesRequested="32" timestamp="2019-06-16T21:30:58.737" intervalms="4.220" type="nursery" />
<cycle-start id="1742" type="scavenge" contextid="0" timestamp="2019-06-16T21:30:58.737" intervalms="4.225" />
<gc-start id="1743" type="scavenge" contextid="1742" timestamp="2019-06-16T21:30:58.737">
  <mem-info id="1744" free="2073964224" total="2092630016" percent="99">
    <mem type="nursery" free="0" total="3932160" percent="0">
      <mem type="allocate" free="0" total="2293760" percent="0" />
      <mem type="survivor" free="0" total="1638400" percent="0" />
    </mem>
    <mem type="tenure" free="2073964224" total="2088697856" percent="99">
      <mem type="soa" free="1948643008" total="1963376640" percent="99" />
      <mem type="loa" free="125321216" total="125321216" percent="100" />
    </mem>
    <remembered-set count="3175" />
  </mem-info>
</gc-start>
<allocation-stats totalBytes="1407504" >
  <allocated-bytes non-tlh="1504" tlh="1406000" />
  <largest-consumer threadName="main" threadId="0000000002213700" bytes="1407504" />
</allocation-stats>
<gc-op id="1745" type="scavenge" timems="0.570" contextid="1742" timestamp="2019-06-16T21:30:58.738">
  <scavenger-info tenureage="3" tenuremask="7e08" tiltratio="58" />
  <memory-copied type="nursery" objects="7024" bytes="681520" bytesdiscarded="157408" />
  <memory-copied type="tenure" objects="2063" bytes="81440" bytesdiscarded="8" />
  <references type="soft" candidates="1" cleared="0" enqueued="0" dynamicThreshold="31" maxThreshold="32" />
  <references type="phantom" candidates="1" cleared="0" enqueued="0" />
</gc-op>
<gc-end id="1746" type="scavenge" contextid="1742" durationms="1.107" usertimems="0.000" systemtimems="0.000" timestamp="2019-06-16T21:30:58.739" activeThreads="4">
  <mem-info id="1747" free="2075545720" total="2092630016" percent="99">
    <mem type="nursery" free="1651384" total="3932160" percent="41">
      <mem type="allocate" free="1651384" total="2490368" percent="66" />
      <mem type="survivor" free="0" total="1441792" percent="0" />
    </mem>
    <mem type="tenure" free="2073894336" total="2088697856" percent="99" macro-fragmented="0">
      <mem type="soa" free="1948573120" total="1963376640" percent="99" />
      <mem type="loa" free="125321216" total="125321216" percent="100" />
    </mem>
    <remembered-set count="2860" />
  </mem-info>
</gc-end>
<cycle-end id="1748" type="scavenge" contextid="1742" timestamp="2019-06-16T21:30:58.739" />
  <attribute name="elasticGC enabled" value="1" />
  <attribute name= "numThreadsSpecified" value="4" />
  <attribute name="heapSize specified" value="9371648" />
  <attribute name="Current GC Util" value="41" />
  <attribute name= "Current Time Running" value="44703" />
  <attribute name ="GC Interval" value="200" />
  <attribute name="ProportionalT" value="10.500000" />
  <attribute name="ProportionalI" value="10.500000" />
  <attribute name="ProportionalH" value="10.500000" />
  <attribute name="Current Error" value="21.000000" />
  <attribute name="IntegralT" value="42.000000" />
  <attribute name="IntegralI" value="42.000000" />
  <attribute name="IntegralH" value="42.000000" />
  <attribute name="DerivativeT" value="-0.500000" />
  <attribute name="DerivativeI" value="-0.500000" />
  <attribute name="DerivativeH" value="-0.500000" />
  <attribute name="Loop Time for DT" value="4.000000" />
  <attribute name="Output H" value="8388608"/>
  <attribute name="Output I" value="200"/>
  <attribute name="Output T" value="4"/>
  <attribute name="Target GC Util Change" value ="20.000000" />
  <attribute name="Current GC Util Change" value="41.000000"/>
  <attribute name="GC Util currently" value="41" />
  <attribute name="CPU Util currently" value="1093633445168" />
<allocation-satisfied id="1749" threadId="0000000002213700" bytesRequested="32" />
<af-end id="1750" timestamp="2019-06-16T21:30:58.739" threadId="0000000002214088" success="true" from="nursery"/>
<exclusive-end id="1751" timestamp="2019-06-16T21:30:58.739" durationms="1.769" />

<exclusive-start id="1752" timestamp="2019-06-16T21:30:58.742" intervalms="4.926">
  <response-info timems="0.033" idlems="0.033" threads="0" lastid="0000000002213700" lastname="main" />
</exclusive-start>
<af-start id="1753" threadId="0000000002214088" totalBytesRequested="32" timestamp="2019-06-16T21:30:58.742" intervalms="4.968" type="nursery" />
<cycle-start id="1754" type="scavenge" contextid="0" timestamp="2019-06-16T21:30:58.742" intervalms="4.999" />
<gc-start id="1755" type="scavenge" contextid="1754" timestamp="2019-06-16T21:30:58.743">
  <mem-info id="1756" free="2073894336" total="2092630016" percent="99">
    <mem type="nursery" free="0" total="3932160" percent="0">
      <mem type="allocate" free="0" total="2490368" percent="0" />
      <mem type="survivor" free="0" total="1441792" percent="0" />
    </mem>
    <mem type="tenure" free="2073894336" total="2088697856" percent="99">
      <mem type="soa" free="1948573120" total="1963376640" percent="99" />
      <mem type="loa" free="125321216" total="125321216" percent="100" />
    </mem>
    <remembered-set count="2860" />
  </mem-info>
</gc-start>
<allocation-stats totalBytes="1651224" >
  <allocated-bytes non-tlh="32" tlh="1651192" />
  <largest-consumer threadName="main" threadId="0000000002213700" bytes="1651224" />
</allocation-stats>
<gc-op id="1757" type="scavenge" timems="1.033" contextid="1754" timestamp="2019-06-16T21:30:58.744">
  <scavenger-info tenureage="3" tenuremask="ffe8" tiltratio="63" />
  <memory-copied type="nursery" objects="7023" bytes="289728" bytesdiscarded="177720" />
  <memory-copied type="tenure" objects="2705" bytes="494568" bytesdiscarded="352" />
</gc-op>
<gc-end id="1758" type="scavenge" contextid="1754" durationms="1.747" usertimems="0.000" systemtimems="0.000" timestamp="2019-06-16T21:30:58.744" activeThreads="4">
  <mem-info id="1759" free="2075542136" total="2092630016" percent="99">
    <mem type="nursery" free="2153992" total="3932160" percent="54">
      <mem type="allocate" free="2153992" total="2621440" percent="82" />
      <mem type="survivor" free="0" total="1310720" percent="0" />
    </mem>
    <mem type="tenure" free="2073388144" total="2088697856" percent="99" macro-fragmented="1500163">
      <mem type="soa" free="1948066928" total="1963376640" percent="99" />
      <mem type="loa" free="125321216" total="125321216" percent="100" />
    </mem>
    <remembered-set count="756" />
  </mem-info>
</gc-end>
<cycle-end id="1760" type="scavenge" contextid="1754" timestamp="2019-06-16T21:30:58.744" />
  <attribute name="elasticGC enabled" value="1" />
  <attribute name= "numThreadsSpecified" value="4" />
  <attribute name="heapSize specified" value="9371648" />
  <attribute name="Current GC Util" value="30" />
  <attribute name= "Current Time Running" value="44709" />
  <attribute name ="GC Interval" value="200" />
  <attribute name="ProportionalT" value="5.000000" />
  <attribute name="ProportionalI" value="5.000000" />
  <attribute name="ProportionalH" value="5.000000" />
  <attribute name="Current Error" value="10.000000" />
  <attribute name="IntegralT" value="30.000000" />
  <attribute name="IntegralI" value="30.000000" />
  <attribute name="IntegralH" value="30.000000" />
  <attribute name="DerivativeT" value="-1.833333" />
  <attribute name="DerivativeI" value="-1.833333" />
  <attribute name="DerivativeH" value="-1.833333" />
  <attribute name="Loop Time for DT" value="6.000000" />
  <attribute name="Output H" value="8388608"/>
  <attribute name="Output I" value="200"/>
  <attribute name="Output T" value="4"/>
  <attribute name="Target GC Util Change" value ="20.000000" />
  <attribute name="Current GC Util Change" value="30.000000"/>
  <attribute name="GC Util currently" value="30" />
  <attribute name="CPU Util currently" value="897205750357" />
<allocation-satisfied id="1761" threadId="0000000002213700" bytesRequested="32" />
<af-end id="1762" timestamp="2019-06-16T21:30:58.745" threadId="0000000002214088" success="true" from="nursery"/>
<exclusive-end id="1763" timestamp="2019-06-16T21:30:58.745" durationms="2.476" />

<exclusive-start id="1764" timestamp="2019-06-16T21:30:58.749" intervalms="6.438">
  <response-info timems="0.034" idlems="0.034" threads="0" lastid="0000000002213700" lastname="main" />
</exclusive-start>
<af-start id="1765" threadId="0000000002214088" totalBytesRequested="32" timestamp="2019-06-16T21:30:58.749" intervalms="6.435" type="nursery" />
<cycle-start id="1766" type="scavenge" contextid="0" timestamp="2019-06-16T21:30:58.749" intervalms="6.435" />
<gc-start id="1767" type="scavenge" contextid="1766" timestamp="2019-06-16T21:30:58.749">
  <mem-info id="1768" free="2073388144" total="2092630016" percent="99">
    <mem type="nursery" free="0" total="3932160" percent="0">
      <mem type="allocate" free="0" total="2621440" percent="0" />
      <mem type="survivor" free="0" total="1310720" percent="0" />
    </mem>
    <mem type="tenure" free="2073388144" total="2088697856" percent="99">
      <mem type="soa" free="1948066928" total="1963376640" percent="99" />
      <mem type="loa" free="125321216" total="125321216" percent="100" />
    </mem>
    <remembered-set count="1099" />
  </mem-info>
</gc-start>
<allocation-stats totalBytes="2153656" >
  <allocated-bytes non-tlh="32" tlh="2153624" />
  <largest-consumer threadName="main" threadId="0000000002213700" bytes="2153656" />
</allocation-stats>
<gc-op id="1769" type="scavenge" timems="1.461" contextid="1766" timestamp="2019-06-16T21:30:58.751">
  <scavenger-info tenureage="3" tenuremask="ffe8" tiltratio="66" />
  <memory-copied type="nursery" objects="8467" bytes="317392" bytesdiscarded="28176" />
  <memory-copied type="tenure" objects="2200" bytes="106184" bytesdiscarded="32" />
</gc-op>
<gc-end id="1770" type="scavenge" contextid="1766" durationms="2.074" usertimems="4.000" systemtimems="0.000" timestamp="2019-06-16T21:30:58.751" activeThreads="4">
  <mem-info id="1771" free="2075689624" total="2092630016" percent="99">
    <mem type="nursery" free="2472480" total="3932160" percent="62">
      <mem type="allocate" free="2472480" total="2818048" percent="87" />
      <mem type="survivor" free="0" total="1114112" percent="0" />
    </mem>
    <mem type="tenure" free="2073217144" total="2088697856" percent="99" macro-fragmented="0">
      <mem type="soa" free="1947895928" total="1963376640" percent="99" />
      <mem type="loa" free="125321216" total="125321216" percent="100" />
    </mem>
    <remembered-set count="907" />
  </mem-info>
</gc-end>
<cycle-end id="1772" type="scavenge" contextid="1766" timestamp="2019-06-16T21:30:58.751" />
  <attribute name="elasticGC enabled" value="1" />
  <attribute name= "numThreadsSpecified" value="4" />
  <attribute name="heapSize specified" value="9371648" />
  <attribute name="Current GC Util" value="28" />
  <attribute name= "Current Time Running" value="44715" />
  <attribute name ="GC Interval" value="200" />
  <attribute name="ProportionalT" value="4.000000" />
  <attribute name="ProportionalI" value="4.000000" />
  <attribute name="ProportionalH" value="4.000000" />
  <attribute name="Current Error" value="8.000000" />
  <attribute name="IntegralT" value="24.000000" />
  <attribute name="IntegralI" value="24.000000" />
  <attribute name="IntegralH" value="24.000000" />
  <attribute name="DerivativeT" value="-0.333333" />
  <attribute name="DerivativeI" value="-0.333333" />
  <attribute name="DerivativeH" value="-0.333333" />
  <attribute name="Loop Time for DT" value="6.000000" />
  <attribute name="Output H" value="8388608"/>
  <attribute name="Output I" value="200"/>
  <attribute name="Output T" value="4"/>
  <attribute name="Target GC Util Change" value ="20.000000" />
  <attribute name="Current GC Util Change" value="28.000000"/>
  <attribute name="GC Util currently" value="28" />
  <attribute name="CPU Util currently" value="723307214273" />
<allocation-satisfied id="1773" threadId="0000000002213700" bytesRequested="32" />
<af-end id="1774" timestamp="2019-06-16T21:30:58.751" threadId="0000000002214088" success="true" from="nursery"/>
<exclusive-end id="1775" timestamp="2019-06-16T21:30:58.751" durationms="2.840" />

<exclusive-start id="1776" timestamp="2019-06-16T21:30:58.756" intervalms="6.924">
  <response-info timems="0.033" idlems="0.033" threads="0" lastid="0000000002213700" lastname="main" />
</exclusive-start>
<af-start id="1777" threadId="0000000002214088" totalBytesRequested="24" timestamp="2019-06-16T21:30:58.756" intervalms="6.921" type="nursery" />
<cycle-start id="1778" type="scavenge" contextid="0" timestamp="2019-06-16T21:30:58.756" intervalms="6.922" />
<gc-start id="1779" type="scavenge" contextid="1778" timestamp="2019-06-16T21:30:58.756">
  <mem-info id="1780" free="2073217144" total="2092630016" percent="99">
    <mem type="nursery" free="0" total="3932160" percent="0">
      <mem type="allocate" free="0" total="2818048" percent="0" />
      <mem type="survivor" free="0" total="1114112" percent="0" />
    </mem>
    <mem type="tenure" free="2073217144" total="2088697856" percent="99">
      <mem type="soa" free="1947895928" total="1963376640" percent="99" />
      <mem type="loa" free="125321216" total="125321216" percent="100" />
    </mem>
    <remembered-set count="1224" />
  </mem-info>
</gc-start>
<allocation-stats totalBytes="2472040" >
  <allocated-bytes non-tlh="32" tlh="2472008" />
  <largest-consumer threadName="main" threadId="0000000002213700" bytes="2472040" />
</allocation-stats>
<gc-op id="1781" type="scavenge" timems="0.852" contextid="1778" timestamp="2019-06-16T21:30:58.757">
  <scavenger-info tenureage="3" tenuremask="ffe8" tiltratio="71" />
  <memory-copied type="nursery" objects="9511" bytes="354320" bytesdiscarded="37360" />
  <memory-copied type="tenure" objects="1960" bytes="75432" bytesdiscarded="0" />
</gc-op>
<gc-end id="1782" type="scavenge" contextid="1778" durationms="1.490" usertimems="4.000" systemtimems="0.000" timestamp="2019-06-16T21:30:58.757" activeThreads="4">
  <mem-info id="1783" free="2075735416" total="2092630016" percent="99">
    <mem type="nursery" free="2557440" total="3932160" percent="65">
      <mem type="allocate" free="2557440" total="2949120" percent="86" />
      <mem type="survivor" free="0" total="983040" percent="0" />
    </mem>
    <mem type="tenure" free="2073177976" total="2088697856" percent="99" macro-fragmented="262176">
      <mem type="soa" free="1947856760" total="1963376640" percent="99" />
      <mem type="loa" free="125321216" total="125321216" percent="100" />
    </mem>
    <remembered-set count="1055" />
  </mem-info>
</gc-end>
<cycle-end id="1784" type="scavenge" contextid="1778" timestamp="2019-06-16T21:30:58.757" />
  <attribute name="elasticGC enabled" value="1" />
  <attribute name= "numThreadsSpecified" value="4" />
  <attribute name="heapSize specified" value="9371648" />
  <attribute name="Current GC Util" value="31" />
  <attribute name= "Current Time Running" value="44722" />
  <attribute name ="GC Interval" value="200" />
  <attribute name="ProportionalT" value="5.500000" />
  <attribute name="ProportionalI" value="5.500000" />
  <attribute name="ProportionalH" value="5.500000" />
  <attribute name="Current Error" value="11.000000" />
  <attribute name="IntegralT" value="38.500000" />
  <attribute name="IntegralI" value="38.500000" />
  <attribute name="IntegralH" value="38.500000" />
  <attribute name="DerivativeT" value="0.428571" />
  <attribute name="DerivativeI" value="0.428571" />
  <attribute name="DerivativeH" value="0.428571" />
  <attribute name="Loop Time for DT" value="7.000000" />
  <attribute name="Output H" value="8388608"/>
  <attribute name="Output I" value="200"/>
  <attribute name="Output T" value="4"/>
  <attribute name="Target GC Util Change" value ="20.000000" />
  <attribute name="Current GC Util Change" value="31.000000"/>
  <attribute name="GC Util currently" value="31" />
  <attribute name="CPU Util currently" value="664461921499" />
<allocation-satisfied id="1785" threadId="0000000002213700" bytesRequested="24" />
<af-end id="1786" timestamp="2019-06-16T21:30:58.758" threadId="0000000002214088" success="true" from="nursery"/>
<exclusive-end id="1787" timestamp="2019-06-16T21:30:58.758" durationms="2.187" />

<exclusive-start id="1788" timestamp="2019-06-16T21:30:58.764" intervalms="8.532">
  <response-info timems="0.034" idlems="0.034" threads="0" lastid="0000000002213700" lastname="main" />
</exclusive-start>
<af-start id="1789" threadId="0000000002214088" totalBytesRequested="48" timestamp="2019-06-16T21:30:58.764" intervalms="8.535" type="nursery" />
<cycle-start id="1790" type="scavenge" contextid="0" timestamp="2019-06-16T21:30:58.764" intervalms="8.529" />
<gc-start id="1791" type="scavenge" contextid="1790" timestamp="2019-06-16T21:30:58.764">
  <mem-info id="1792" free="2073177976" total="2092630016" percent="99">
    <mem type="nursery" free="0" total="3932160" percent="0">
      <mem type="allocate" free="0" total="2949120" percent="0" />
      <mem type="survivor" free="0" total="983040" percent="0" />
    </mem>
    <mem type="tenure" free="2073177976" total="2088697856" percent="99">
      <mem type="soa" free="1947856760" total="1963376640" percent="99" />
      <mem type="loa" free="125321216" total="125321216" percent="100" />
    </mem>
    <remembered-set count="1362" />
  </mem-info>
</gc-start>
<allocation-stats totalBytes="2557120" >
  <allocated-bytes non-tlh="24" tlh="2557096" />
  <largest-consumer threadName="main" threadId="0000000002213700" bytes="2557120" />
</allocation-stats>
<gc-op id="1793" type="scavenge" timems="0.897" contextid="1790" timestamp="2019-06-16T21:30:58.766">
  <scavenger-info tenureage="5" tenuremask="ffe0" tiltratio="75" />
  <memory-copied type="nursery" objects="14462" bytes="566368" bytesdiscarded="74144" />
</gc-op>
<gc-end id="1794" type="scavenge" contextid="1790" durationms="1.628" usertimems="4.000" systemtimems="0.000" timestamp="2019-06-16T21:30:58.766" activeThreads="4">
  <mem-info id="1795" free="2075486584" total="2092630016" percent="99">
    <mem type="nursery" free="2308608" total="3932160" percent="58">
      <mem type="allocate" free="2308608" total="2949120" percent="78" />
      <mem type="survivor" free="0" total="983040" percent="0" />
    </mem>
    <mem type="tenure" free="2073177976" total="2088697856" percent="99" macro-fragmented="15725">
      <mem type="soa" free="1947856760" total="1963376640" percent="99" />
      <mem type="loa" free="125321216" total="125321216" percent="100" />
    </mem>
    <remembered-set count="1358" />
  </mem-info>
</gc-end>
<cycle-end id="1796" type="scavenge" contextid="1790" timestamp="2019-06-16T21:30:58.766" />
  <attribute name="elasticGC enabled" value="1" />
  <attribute name= "numThreadsSpecified" value="4" />
  <attribute name="heapSize specified" value="9371648" />
  <attribute name="Current GC Util" value="16" />
  <attribute name= "Current Time Running" value="44731" />
  <attribute name ="GC Interval" value="200" />
  <attribute name="ProportionalT" value="-2.000000" />
  <attribute name="ProportionalI" value="-2.000000" />
  <attribute name="ProportionalH" value="-2.000000" />
  <attribute name="Current Error" value="-4.000000" />
  <attribute name="IntegralT" value="-18.000000" />
  <attribute name="IntegralI" value="-18.000000" />
  <attribute name="IntegralH" value="-18.000000" />
  <attribute name="DerivativeT" value="-1.666667" />
  <attribute name="DerivativeI" value="-1.666667" />
  <attribute name="DerivativeH" value="-1.666667" />
  <attribute name="Loop Time for DT" value="9.000000" />
  <attribute name="Output H" value="2092630016"/>
  <attribute name="Output I" value="200"/>
  <attribute name="Output T" value="4"/>
  <attribute name="Target GC Util Change" value ="20.000000" />
  <attribute name="Current GC Util Change" value="16.000000"/>
  <attribute name="GC Util currently" value="16" />
  <attribute name="CPU Util currently" value="536188441191" />
<allocation-satisfied id="1797" threadId="0000000002213700" bytesRequested="48" />
<af-end id="1798" timestamp="2019-06-16T21:30:58.766" threadId="0000000002214088" success="true" from="nursery"/>
<exclusive-end id="1799" timestamp="2019-06-16T21:30:58.766" durationms="2.322" />

<exclusive-start id="1800" timestamp="2019-06-16T21:30:58.793" intervalms="29.214">
  <response-info timems="0.028" idlems="0.028" threads="0" lastid="0000000002213700" lastname="main" />
</exclusive-start>
<af-start id="1801" threadId="0000000002214088" totalBytesRequested="200008" timestamp="2019-06-16T21:30:58.793" intervalms="29.196" type="nursery" />
<cycle-start id="1802" type="scavenge" contextid="0" timestamp="2019-06-16T21:30:58.794" intervalms="29.202" />
<gc-start id="1803" type="scavenge" contextid="1802" timestamp="2019-06-16T21:30:58.794">
  <mem-info id="1804" free="2073177584" total="2092630016" percent="99">
    <mem type="nursery" free="0" total="3932160" percent="0">
      <mem type="allocate" free="0" total="2949120" percent="0" />
      <mem type="survivor" free="0" total="983040" percent="0" />
    </mem>
    <mem type="tenure" free="2073177584" total="2088697856" percent="99">
      <mem type="soa" free="1947856368" total="1963376640" percent="99" />
      <mem type="loa" free="125321216" total="125321216" percent="100" />
    </mem>
    <remembered-set count="1376" />
  </mem-info>
</gc-start>
<allocation-stats totalBytes="2305376" >
  <allocated-bytes non-tlh="440" tlh="2304936" />
  <largest-consumer threadName="main" threadId="0000000002213700" bytes="2305376" />
</allocation-stats>
<gc-op id="1805" type="scavenge" timems="1.045" contextid="1802" timestamp="2019-06-16T21:30:58.795">
  <scavenger-info tenureage="5" tenuremask="ffe0" tiltratio="75" />
  <memory-copied type="nursery" objects="12325" bytes="543016" bytesdiscarded="11360" />
  <references type="soft" candidates="1" cleared="0" enqueued="0" dynamicThreshold="31" maxThreshold="32" />
  <references type="weak" candidates="18" cleared="0" enqueued="0" />
  <references type="phantom" candidates="1" cleared="0" enqueued="0" />
</gc-op>
<gc-end id="1806" type="scavenge" contextid="1802" durationms="1.605" usertimems="0.000" systemtimems="0.000" timestamp="2019-06-16T21:30:58.795" activeThreads="4">
  <mem-info id="1807" free="2075637816" total="2092630016" percent="99">
    <mem type="nursery" free="2460232" total="3932160" percent="62">
      <mem type="allocate" free="2460232" total="3014656" percent="81" />
      <mem type="survivor" free="0" total="917504" percent="0" />
    </mem>
    <mem type="tenure" free="2073177584" total="2088697856" percent="99" macro-fragmented="1800196">
      <mem type="soa" free="1947856368" total="1963376640" percent="99" />
      <mem type="loa" free="125321216" total="125321216" percent="100" />
    </mem>
    <remembered-set count="1371" />
  </mem-info>
</gc-end>
<cycle-end id="1808" type="scavenge" contextid="1802" timestamp="2019-06-16T21:30:58.795" />
  <attribute name="elasticGC enabled" value="1" />
  <attribute name= "numThreadsSpecified" value="4" />
  <attribute name="heapSize specified" value="9371648" />
  <attribute name="Current GC Util" value="6" />
  <attribute name= "Current Time Running" value="44760" />
  <attribute name ="GC Interval" value="200" />
  <attribute name="ProportionalT" value="-7.000000" />
  <attribute name="ProportionalI" value="-7.000000" />
  <attribute name="ProportionalH" value="-7.000000" />
  <attribute name="Current Error" value="-14.000000" />
  <attribute name="IntegralT" value="-203.000000" />
  <attribute name="IntegralI" value="-203.000000" />
  <attribute name="IntegralH" value="-203.000000" />
  <attribute name="DerivativeT" value="-0.482759" />
  <attribute name="DerivativeI" value="-0.482759" />
  <attribute name="DerivativeH" value="-0.482759" />
  <attribute name="Loop Time for DT" value="29.000000" />
  <attribute name="Output H" value="2092630016"/>
  <attribute name="Output I" value="200"/>
  <attribute name="Output T" value="4"/>
  <attribute name="Target GC Util Change" value ="20.000000" />
  <attribute name="Current GC Util Change" value="6.000000"/>
  <attribute name="GC Util currently" value="6" />
  <attribute name="CPU Util currently" value="158486462841" />
<allocation-satisfied id="1809" threadId="0000000002213700" bytesRequested="200008" />
<af-end id="1810" timestamp="2019-06-16T21:30:58.795" threadId="0000000002214088" success="true" from="nursery"/>
<exclusive-end id="1811" timestamp="2019-06-16T21:30:58.796" durationms="2.210" />

<exclusive-start id="1812" timestamp="2019-06-16T21:30:58.800" intervalms="6.301">
  <response-info timems="0.028" idlems="0.028" threads="0" lastid="0000000002213700" lastname="main" />
</exclusive-start>
<af-start id="1813" threadId="0000000002214088" totalBytesRequested="40" timestamp="2019-06-16T21:30:58.800" intervalms="6.318" type="nursery" />
<cycle-start id="1814" type="scavenge" contextid="0" timestamp="2019-06-16T21:30:58.800" intervalms="6.320" />
<gc-start id="1815" type="scavenge" contextid="1814" timestamp="2019-06-16T21:30:58.800">
  <mem-info id="1816" free="2073177584" total="2092630016" percent="99">
    <mem type="nursery" free="0" total="3932160" percent="0">
      <mem type="allocate" free="0" total="3014656" percent="0" />
      <mem type="survivor" free="0" total="917504" percent="0" />
    </mem>
    <mem type="tenure" free="2073177584" total="2088697856" percent="99">
      <mem type="soa" free="1947856368" total="1963376640" percent="99" />
      <mem type="loa" free="125321216" total="125321216" percent="100" />
    </mem>
    <remembered-set count="1371" />
  </mem-info>
</gc-start>
<allocation-stats totalBytes="2459904" >
  <allocated-bytes non-tlh="200008" tlh="2259896" />
  <largest-consumer threadName="main" threadId="0000000002213700" bytes="2459904" />
</allocation-stats>
<gc-op id="1817" type="scavenge" timems="1.066" contextid="1814" timestamp="2019-06-16T21:30:58.801">
  <scavenger-info tenureage="6" tenuremask="ffc0" tiltratio="76" />
  <memory-copied type="nursery" objects="14389" bytes="887568" bytesdiscarded="29880" />
  <memory-copied type="tenure" objects="3151" bytes="123952" bytesdiscarded="104" />
  <copy-failed type="nursery" objects="3151" bytes="123952" />
  <references type="soft" candidates="1" cleared="0" enqueued="0" dynamicThreshold="31" maxThreshold="32" />
  <references type="weak" candidates="18" cleared="0" enqueued="0" />
  <references type="phantom" candidates="1" cleared="0" enqueued="0" />
</gc-op>
<gc-end id="1818" type="scavenge" contextid="1814" durationms="1.717" usertimems="0.000" systemtimems="0.000" timestamp="2019-06-16T21:30:58.802" activeThreads="4">
  <mem-info id="1819" free="2074436336" total="2092630016" percent="99">
    <mem type="nursery" free="1376256" total="3932160" percent="35">
      <mem type="allocate" free="1376256" total="2293760" percent="60" />
      <mem type="survivor" free="0" total="1638400" percent="0" />
    </mem>
    <mem type="tenure" free="2073060080" total="2088697856" percent="99" macro-fragmented="0">
      <mem type="soa" free="1947738864" total="1963376640" percent="99" />
      <mem type="loa" free="125321216" total="125321216" percent="100" />
    </mem>
    <remembered-set count="2598" />
  </mem-info>
</gc-end>
<cycle-end id="1820" type="scavenge" contextid="1814" timestamp="2019-06-16T21:30:58.802" />
  <attribute name="elasticGC enabled" value="1" />
  <attribute name= "numThreadsSpecified" value="4" />
  <attribute name="heapSize specified" value="9371648" />
  <attribute name="Current GC Util" value="30" />
  <attribute name= "Current Time Running" value="44766" />
  <attribute name ="GC Interval" value="200" />
  <attribute name="ProportionalT" value="5.000000" />
  <attribute name="ProportionalI" value="5.000000" />
  <attribute name="ProportionalH" value="5.000000" />
  <attribute name="Current Error" value="10.000000" />
  <attribute name="IntegralT" value="30.000000" />
  <attribute name="IntegralI" value="30.000000" />
  <attribute name="IntegralH" value="30.000000" />
  <attribute name="DerivativeT" value="1.666667" />
  <attribute name="DerivativeI" value="1.666667" />
  <attribute name="DerivativeH" value="1.666667" />
  <attribute name="Loop Time for DT" value="6.000000" />
  <attribute name="Output H" value="8388608"/>
  <attribute name="Output I" value="200"/>
  <attribute name="Output T" value="4"/>
  <attribute name="Target GC Util Change" value ="20.000000" />
  <attribute name="Current GC Util Change" value="30.000000"/>
  <attribute name="GC Util currently" value="30" />
  <attribute name="CPU Util currently" value="724444244268" />
<allocation-satisfied id="1821" threadId="0000000002213700" bytesRequested="40" />
<af-end id="1822" timestamp="2019-06-16T21:30:58.802" threadId="0000000002214088" success="true" from="nursery"/>
<exclusive-end id="1823" timestamp="2019-06-16T21:30:58.802" durationms="2.417" />

<exclusive-start id="1824" timestamp="2019-06-16T21:30:58.803" intervalms="3.794">
  <response-info timems="0.026" idlems="0.026" threads="0" lastid="0000000002213700" lastname="main" />
</exclusive-start>
<af-start id="1825" threadId="0000000002214088" totalBytesRequested="40" timestamp="2019-06-16T21:30:58.804" intervalms="3.785" type="nursery" />
<cycle-start id="1826" type="scavenge" contextid="0" timestamp="2019-06-16T21:30:58.804" intervalms="3.775" />
<gc-start id="1827" type="scavenge" contextid="1826" timestamp="2019-06-16T21:30:58.804">
  <mem-info id="1828" free="2073060080" total="2092630016" percent="99">
    <mem type="nursery" free="0" total="3932160" percent="0">
      <mem type="allocate" free="0" total="2293760" percent="0" />
      <mem type="survivor" free="0" total="1638400" percent="0" />
    </mem>
    <mem type="tenure" free="2073060080" total="2088697856" percent="99">
      <mem type="soa" free="1947738864" total="1963376640" percent="99" />
      <mem type="loa" free="125321216" total="125321216" percent="100" />
    </mem>
    <remembered-set count="2598" />
  </mem-info>
</gc-start>
<allocation-stats totalBytes="1376064" >
  <allocated-bytes non-tlh="40" tlh="1376024" />
  <largest-consumer threadName="main" threadId="0000000002213700" bytes="1376064" />
</allocation-stats>
<gc-op id="1829" type="scavenge" timems="0.849" contextid="1826" timestamp="2019-06-16T21:30:58.805">
  <scavenger-info tenureage="3" tenuremask="7f78" tiltratio="58" />
  <memory-copied type="nursery" objects="6665" bytes="599928" bytesdiscarded="199856" />
  <memory-copied type="tenure" objects="8410" bytes="313008" bytesdiscarded="48" />
  <references type="soft" candidates="1" cleared="0" enqueued="0" dynamicThreshold="31" maxThreshold="32" />
  <references type="weak" candidates="18" cleared="0" enqueued="0" />
  <references type="phantom" candidates="1" cleared="0" enqueued="0" />
</gc-op>
<gc-end id="1830" type="scavenge" contextid="1826" durationms="1.393" usertimems="0.000" systemtimems="0.000" timestamp="2019-06-16T21:30:58.805" activeThreads="4">
  <mem-info id="1831" free="2074344080" total="2092630016" percent="99">
    <mem type="nursery" free="1624992" total="3932160" percent="41">
      <mem type="allocate" free="1624992" total="2424832" percent="67" />
      <mem type="survivor" free="0" total="1507328" percent="0" />
    </mem>
    <mem type="tenure" free="2072719088" total="2088697856" percent="99" macro-fragmented="0">
      <mem type="soa" free="1947397872" total="1963376640" percent="99" />
      <mem type="loa" free="125321216" total="125321216" percent="100" />
    </mem>
    <remembered-set count="289" />
  </mem-info>
</gc-end>
<cycle-end id="1832" type="scavenge" contextid="1826" timestamp="2019-06-16T21:30:58.805" />
  <attribute name="elasticGC enabled" value="1" />
  <attribute name= "numThreadsSpecified" value="4" />
  <attribute name="heapSize specified" value="9371648" />
  <attribute name="Current GC Util" value="67" />
  <attribute name= "Current Time Running" value="44770" />
  <attribute name ="GC Interval" value="200" />
  <attribute name="ProportionalT" value="23.500000" />
  <attribute name="ProportionalI" value="23.500000" />
  <attribute name="ProportionalH" value="23.500000" />
  <attribute name="Current Error" value="47.000000" />
  <attribute name="IntegralT" value="94.000000" />
  <attribute name="IntegralI" value="94.000000" />
  <attribute name="IntegralH" value="94.000000" />
  <attribute name="DerivativeT" value="9.250000" />
  <attribute name="DerivativeI" value="9.250000" />
  <attribute name="DerivativeH" value="9.250000" />
  <attribute name="Loop Time for DT" value="4.000000" />
  <attribute name="Output H" value="8388608"/>
  <attribute name="Output I" value="200"/>
  <attribute name="Output T" value="4"/>
  <attribute name="Target GC Util Change" value ="20.000000" />
  <attribute name="Current GC Util Change" value="67.000000"/>
  <attribute name="GC Util currently" value="67" />
  <attribute name="CPU Util currently" value="1248063909283" />
<allocation-satisfied id="1833" threadId="0000000002213700" bytesRequested="40" />
<af-end id="1834" timestamp="2019-06-16T21:30:58.805" threadId="0000000002214088" success="true" from="nursery"/>
<exclusive-end id="1835" timestamp="2019-06-16T21:30:58.805" durationms="1.927" />

<exclusive-start id="1836" timestamp="2019-06-16T21:30:58.807" intervalms="3.933">
  <response-info timems="0.027" idlems="0.027" threads="0" lastid="0000000002213700" lastname="main" />
</exclusive-start>
<af-start id="1837" threadId="0000000002214088" totalBytesRequested="32" timestamp="2019-06-16T21:30:58.807" intervalms="3.904" type="nursery" />
<cycle-start id="1838" type="scavenge" contextid="0" timestamp="2019-06-16T21:30:58.808" intervalms="3.910" />
<gc-start id="1839" type="scavenge" contextid="1838" timestamp="2019-06-16T21:30:58.808">
  <mem-info id="1840" free="2072719088" total="2092630016" percent="99">
    <mem type="nursery" free="0" total="3932160" percent="0">
      <mem type="allocate" free="0" total="2424832" percent="0" />
      <mem type="survivor" free="0" total="1507328" percent="0" />
    </mem>
    <mem type="tenure" free="2072719088" total="2088697856" percent="99">
      <mem type="soa" free="1947397872" total="1963376640" percent="99" />
      <mem type="loa" free="125321216" total="125321216" percent="100" />
    </mem>
    <remembered-set count="289" />
  </mem-info>
</gc-start>
<allocation-stats totalBytes="1624712" >
  <allocated-bytes non-tlh="40" tlh="1624672" />
  <largest-consumer threadName="main" threadId="0000000002213700" bytes="1624712" />
</allocation-stats>
<gc-op id="1841" type="scavenge" timems="0.754" contextid="1838" timestamp="2019-06-16T21:30:58.808">
  <scavenger-info tenureage="2" tenuremask="7f0c" tiltratio="61" />
  <memory-copied type="nursery" objects="2191" bytes="79432" bytesdiscarded="38072" />
  <memory-copied type="tenure" objects="5702" bytes="565312" bytesdiscarded="88" />
</gc-op>
<gc-end id="1842" type="scavenge" contextid="1838" durationms="1.329" usertimems="0.000" systemtimems="4.000" timestamp="2019-06-16T21:30:58.809" activeThreads="4">
  <mem-info id="1843" free="2074531408" total="2092630016" percent="99">
    <mem type="nursery" free="2438400" total="3932160" percent="62">
      <mem type="allocate" free="2438400" total="2555904" percent="95" />
      <mem type="survivor" free="0" total="1376256" percent="0" />
    </mem>
    <mem type="tenure" free="2072093008" total="2088697856" percent="99" macro-fragmented="602881">
      <mem type="soa" free="1946771792" total="1963376640" percent="99" />
      <mem type="loa" free="125321216" total="125321216" percent="100" />
    </mem>
    <remembered-set count="364" />
  </mem-info>
</gc-end>
<cycle-end id="1844" type="scavenge" contextid="1838" timestamp="2019-06-16T21:30:58.809" />
  <attribute name="elasticGC enabled" value="1" />
  <attribute name= "numThreadsSpecified" value="4" />
  <attribute name="heapSize specified" value="9371648" />
  <attribute name="Current GC Util" value="61" />
  <attribute name= "Current Time Running" value="44774" />
  <attribute name ="GC Interval" value="200" />
  <attribute name="ProportionalT" value="20.500000" />
  <attribute name="ProportionalI" value="20.500000" />
  <attribute name="ProportionalH" value="20.500000" />
  <attribute name="Current Error" value="41.000000" />
  <attribute name="IntegralT" value="82.000000" />
  <attribute name="IntegralI" value="82.000000" />
  <attribute name="IntegralH" value="82.000000" />
  <attribute name="DerivativeT" value="-1.500000" />
  <attribute name="DerivativeI" value="-1.500000" />
  <attribute name="DerivativeH" value="-1.500000" />
  <attribute name="Loop Time for DT" value="4.000000" />
  <attribute name="Output H" value="8388608"/>
  <attribute name="Output I" value="200"/>
  <attribute name="Output T" value="4"/>
  <attribute name="Target GC Util Change" value ="20.000000" />
  <attribute name="Current GC Util Change" value="61.000000"/>
  <attribute name="GC Util currently" value="61" />
  <attribute name="CPU Util currently" value="1187322386565" />
<allocation-satisfied id="1845" threadId="0000000002213700" bytesRequested="32" />
<af-end id="1846" timestamp="2019-06-16T21:30:58.809" threadId="0000000002214088" success="true" from="nursery"/>
<exclusive-end id="1847" timestamp="2019-06-16T21:30:58.809" durationms="1.859" />

<exclusive-start id="1848" timestamp="2019-06-16T21:30:58.812" intervalms="4.252">
  <response-info timems="0.031" idlems="0.031" threads="0" lastid="0000000002213700" lastname="main" />
</exclusive-start>
<af-start id="1849" threadId="0000000002214088" totalBytesRequested="32" timestamp="2019-06-16T21:30:58.812" intervalms="4.290" type="nursery" />
<cycle-start id="1850" type="scavenge" contextid="0" timestamp="2019-06-16T21:30:58.812" intervalms="4.284" />
<gc-start id="1851" type="scavenge" contextid="1850" timestamp="2019-06-16T21:30:58.812">
  <mem-info id="1852" free="2072093008" total="2092630016" percent="99">
    <mem type="nursery" free="0" total="3932160" percent="0">
      <mem type="allocate" free="0" total="2555904" percent="0" />
      <mem type="survivor" free="0" total="1376256" percent="0" />
    </mem>
    <mem type="tenure" free="2072093008" total="2088697856" percent="99">
      <mem type="soa" free="1946771792" total="1963376640" percent="99" />
      <mem type="loa" free="125321216" total="125321216" percent="100" />
    </mem>
    <remembered-set count="504" />
  </mem-info>
</gc-start>
<allocation-stats totalBytes="2438120" >
  <allocated-bytes non-tlh="32" tlh="2438088" />
  <largest-consumer threadName="main" threadId="0000000002213700" bytes="2438120" />
</allocation-stats>
<gc-op id="1853" type="scavenge" timems="0.443" contextid="1850" timestamp="2019-06-16T21:30:58.813">
  <scavenger-info tenureage="9" tenuremask="7e00" tiltratio="65" />
  <memory-copied type="nursery" objects="3555" bytes="130048" bytesdiscarded="26624" />
</gc-op>
<gc-end id="1854" type="scavenge" contextid="1850" durationms="1.151" usertimems="0.000" systemtimems="0.000" timestamp="2019-06-16T21:30:58.813" activeThreads="4">
  <mem-info id="1855" free="2074754384" total="2092630016" percent="99">
    <mem type="nursery" free="2661376" total="3932160" percent="67">
      <mem type="allocate" free="2661376" total="2818048" percent="94" />
      <mem type="survivor" free="0" total="1114112" percent="0" />
    </mem>
    <mem type="tenure" free="2072093008" total="2088697856" percent="99" macro-fragmented="0">
      <mem type="soa" free="1946771792" total="1963376640" percent="99" />
      <mem type="loa" free="125321216" total="125321216" percent="100" />
    </mem>
    <remembered-set count="502" />
  </mem-info>
</gc-end>
<cycle-end id="1856" type="scavenge" contextid="1850" timestamp="2019-06-16T21:30:58.813" />
  <attribute name="elasticGC enabled" value="1" />
  <attribute name= "numThreadsSpecified" value="4" />
  <attribute name="heapSize specified" value="9371648" />
  <attribute name="Current GC Util" value="41" />
  <attribute name= "Current Time Running" value="44778" />
  <attribute name ="GC Interval" value="200" />
  <attribute name="ProportionalT" value="10.500000" />
  <attribute name="ProportionalI" value="10.500000" />
  <attribute name="ProportionalH" value="10.500000" />
  <attribute name="Current Error" value="21.000000" />
  <attribute name="IntegralT" value="42.000000" />
  <attribute name="IntegralI" value="42.000000" />
  <attribute name="IntegralH" value="42.000000" />
  <attribute name="DerivativeT" value="-5.000000" />
  <attribute name="DerivativeI" value="-5.000000" />
  <attribute name="DerivativeH" value="-5.000000" />
  <attribute name="Loop Time for DT" value="4.000000" />
  <attribute name="Output H" value="8388608"/>
  <attribute name="Output I" value="200"/>
  <attribute name="Output T" value="4"/>
  <attribute name="Target GC Util Change" value ="20.000000" />
  <attribute name="Current GC Util Change" value="41.000000"/>
  <attribute name="GC Util currently" value="41" />
  <attribute name="CPU Util currently" value="1044519918529" />
<allocation-satisfied id="1857" threadId="0000000002213700" bytesRequested="32" />
<af-end id="1858" timestamp="2019-06-16T21:30:58.813" threadId="0000000002214088" success="true" from="nursery"/>
<exclusive-end id="1859" timestamp="2019-06-16T21:30:58.813" durationms="1.764" />

<exclusive-start id="1860" timestamp="2019-06-16T21:30:58.816" intervalms="4.773">
  <response-info timems="0.045" idlems="0.045" threads="0" lastid="0000000002213700" lastname="main" />
</exclusive-start>
<af-start id="1861" threadId="0000000002214088" totalBytesRequested="32" timestamp="2019-06-16T21:30:58.816" intervalms="4.780" type="nursery" />
<cycle-start id="1862" type="scavenge" contextid="0" timestamp="2019-06-16T21:30:58.817" intervalms="4.788" />
<gc-start id="1863" type="scavenge" contextid="1862" timestamp="2019-06-16T21:30:58.817">
  <mem-info id="1864" free="2072093008" total="2092630016" percent="99">
    <mem type="nursery" free="0" total="3932160" percent="0">
      <mem type="allocate" free="0" total="2818048" percent="0" />
      <mem type="survivor" free="0" total="1114112" percent="0" />
    </mem>
    <mem type="tenure" free="2072093008" total="2088697856" percent="99">
      <mem type="soa" free="1946771792" total="1963376640" percent="99" />
      <mem type="loa" free="125321216" total="125321216" percent="100" />
    </mem>
    <remembered-set count="721" />
  </mem-info>
</gc-start>
<allocation-stats totalBytes="2661032" >
  <allocated-bytes non-tlh="32" tlh="2661000" />
  <largest-consumer threadName="main" threadId="0000000002213700" bytes="2661032" />
</allocation-stats>
<gc-op id="1865" type="scavenge" timems="0.658" contextid="1862" timestamp="2019-06-16T21:30:58.818">
  <scavenger-info tenureage="3" tenuremask="fff8" tiltratio="71" />
  <memory-copied type="nursery" objects="5225" bytes="189760" bytesdiscarded="36800" />
  <memory-copied type="tenure" objects="674" bytes="24384" bytesdiscarded="0" />
</gc-op>
<gc-end id="1866" type="scavenge" contextid="1862" durationms="1.281" usertimems="0.000" systemtimems="0.000" timestamp="2019-06-16T21:30:58.818" activeThreads="1">
  <mem-info id="1867" free="2074815568" total="2092630016" percent="99">
    <mem type="nursery" free="2722560" total="3932160" percent="69">
      <mem type="allocate" free="2722560" total="2949120" percent="92" />
      <mem type="survivor" free="0" total="983040" percent="0" />
    </mem>
    <mem type="tenure" free="2072093008" total="2088697856" percent="99" macro-fragmented="3732887">
      <mem type="soa" free="1946771792" total="1963376640" percent="99" />
      <mem type="loa" free="125321216" total="125321216" percent="100" />
    </mem>
    <remembered-set count="663" />
  </mem-info>
</gc-end>
<cycle-end id="1868" type="scavenge" contextid="1862" timestamp="2019-06-16T21:30:58.818" />
  <attribute name="elasticGC enabled" value="1" />
  <attribute name= "numThreadsSpecified" value="1" />
  <attribute name="heapSize specified" value="9371648" />
  <attribute name="Current GC Util" value="21" />
  <attribute name= "Current Time Running" value="44783" />
  <attribute name ="GC Interval" value="200" />
  <attribute name="ProportionalT" value="0.500000" />
  <attribute name="ProportionalI" value="0.500000" />
  <attribute name="ProportionalH" value="0.500000" />
  <attribute name="Current Error" value="1.000000" />
  <attribute name="IntegralT" value="2.500000" />
  <attribute name="IntegralI" value="2.500000" />
  <attribute name="IntegralH" value="2.500000" />
  <attribute name="DerivativeT" value="-4.000000" />
  <attribute name="DerivativeI" value="-4.000000" />
  <attribute name="DerivativeH" value="-4.000000" />
  <attribute name="Loop Time for DT" value="5.000000" />
  <attribute name="Output H" value="8388608"/>
  <attribute name="Output I" value="200"/>
  <attribute name="Output T" value="1"/>
  <attribute name="Target GC Util Change" value ="20.000000" />
  <attribute name="Current GC Util Change" value="21.000000"/>
  <attribute name="GC Util currently" value="21" />
  <attribute name="CPU Util currently" value="966180136831" />
<allocation-satisfied id="1869" threadId="0000000002213700" bytesRequested="32" />
<af-end id="1870" timestamp="2019-06-16T21:30:58.818" threadId="0000000002214088" success="true" from="nursery"/>
<exclusive-end id="1871" timestamp="2019-06-16T21:30:58.818" durationms="2.063" />

<exclusive-start id="1872" timestamp="2019-06-16T21:30:58.822" intervalms="5.461">
  <response-info timems="0.035" idlems="0.035" threads="0" lastid="0000000002213700" lastname="main" />
</exclusive-start>
<af-start id="1873" threadId="0000000002214088" totalBytesRequested="48" timestamp="2019-06-16T21:30:58.822" intervalms="5.472" type="nursery" />
<cycle-start id="1874" type="scavenge" contextid="0" timestamp="2019-06-16T21:30:58.822" intervalms="5.469" />
<gc-start id="1875" type="scavenge" contextid="1874" timestamp="2019-06-16T21:30:58.822">
  <mem-info id="1876" free="2072093008" total="2092630016" percent="99">
    <mem type="nursery" free="0" total="3932160" percent="0">
      <mem type="allocate" free="0" total="2949120" percent="0" />
      <mem type="survivor" free="0" total="983040" percent="0" />
    </mem>
    <mem type="tenure" free="2072093008" total="2088697856" percent="99">
      <mem type="soa" free="1946771792" total="1963376640" percent="99" />
      <mem type="loa" free="125321216" total="125321216" percent="100" />
    </mem>
    <remembered-set count="921" />
  </mem-info>
</gc-start>
<allocation-stats totalBytes="2722264" >
  <allocated-bytes non-tlh="32" tlh="2722232" />
  <largest-consumer threadName="main" threadId="0000000002213700" bytes="2722264" />
</allocation-stats>
<gc-op id="1877" type="scavenge" timems="0.749" contextid="1874" timestamp="2019-06-16T21:30:58.823">
  <scavenger-info tenureage="5" tenuremask="ffe0" tiltratio="75" />
  <memory-copied type="nursery" objects="7939" bytes="287840" bytesdiscarded="8608" />
</gc-op>
<gc-end id="1878" type="scavenge" contextid="1874" durationms="1.408" usertimems="0.000" systemtimems="0.000" timestamp="2019-06-16T21:30:58.824" activeThreads="1">
  <mem-info id="1879" free="2074876752" total="2092630016" percent="99">
    <mem type="nursery" free="2783744" total="3932160" percent="70">
      <mem type="allocate" free="2783744" total="3080192" percent="90" />
      <mem type="survivor" free="0" total="851968" percent="0" />
    </mem>
    <mem type="tenure" free="2072093008" total="2088697856" percent="99" macro-fragmented="6450429">
      <mem type="soa" free="1946771792" total="1963376640" percent="99" />
      <mem type="loa" free="125321216" total="125321216" percent="100" />
    </mem>
    <remembered-set count="915" />
  </mem-info>
</gc-end>
<cycle-end id="1880" type="scavenge" contextid="1874" timestamp="2019-06-16T21:30:58.824" />
  <attribute name="elasticGC enabled" value="1" />
  <attribute name= "numThreadsSpecified" value="1" />
  <attribute name="heapSize specified" value="9371648" />
  <attribute name="Current GC Util" value="20" />
  <attribute name= "Current Time Running" value="44788" />
  <attribute name ="GC Interval" value="200" />
  <attribute name="ProportionalT" value="0.000000" />
  <attribute name="ProportionalI" value="0.000000" />
  <attribute name="ProportionalH" value="0.000000" />
  <attribute name="Current Error" value="0.000000" />
  <attribute name="IntegralT" value="0.000000" />
  <attribute name="IntegralI" value="0.000000" />
  <attribute name="IntegralH" value="0.000000" />
  <attribute name="DerivativeT" value="-0.200000" />
  <attribute name="DerivativeI" value="-0.200000" />
  <attribute name="DerivativeH" value="-0.200000" />
  <attribute name="Loop Time for DT" value="5.000000" />
  <attribute name="Output H" value="8388608"/>
  <attribute name="Output I" value="200"/>
  <attribute name="Output T" value="1"/>
  <attribute name="Target GC Util Change" value ="20.000000" />
  <attribute name="Current GC Util Change" value="20.000000"/>
  <attribute name="GC Util currently" value="20" />
  <attribute name="CPU Util currently" value="840999436042" />
<allocation-satisfied id="1881" threadId="0000000002213700" bytesRequested="48" />
<af-end id="1882" timestamp="2019-06-16T21:30:58.824" threadId="0000000002214088" success="true" from="nursery"/>
<exclusive-end id="1883" timestamp="2019-06-16T21:30:58.824" durationms="2.136" />

<exclusive-start id="1884" timestamp="2019-06-16T21:30:58.848" intervalms="26.541">
  <response-info timems="0.029" idlems="0.029" threads="0" lastid="0000000002213700" lastname="main" />
</exclusive-start>
<af-start id="1885" threadId="0000000002214088" totalBytesRequested="22776" timestamp="2019-06-16T21:30:58.848" intervalms="26.505" type="nursery" />
<cycle-start id="1886" type="scavenge" contextid="0" timestamp="2019-06-16T21:30:58.849" intervalms="26.498" />
<gc-start id="1887" type="scavenge" contextid="1886" timestamp="2019-06-16T21:30:58.849">
  <mem-info id="1888" free="2072090976" total="2092630016" percent="99">
    <mem type="nursery" free="0" total="3932160" percent="0">
      <mem type="allocate" free="0" total="3080192" percent="0" />
      <mem type="survivor" free="0" total="851968" percent="0" />
    </mem>
    <mem type="tenure" free="2072090976" total="2088697856" percent="99">
      <mem type="soa" free="1946769760" total="1963376640" percent="99" />
      <mem type="loa" free="125321216" total="125321216" percent="100" />
    </mem>
    <remembered-set count="968" />
  </mem-info>
</gc-start>
<allocation-stats totalBytes="2767976" >
  <allocated-bytes non-tlh="202088" tlh="2565888" />
  <largest-consumer threadName="main" threadId="0000000002213700" bytes="2767976" />
</allocation-stats>
<gc-op id="1889" type="scavenge" timems="0.897" contextid="1886" timestamp="2019-06-16T21:30:58.850">
  <scavenger-info tenureage="3" tenuremask="fff8" tiltratio="78" />
  <memory-copied type="nursery" objects="10461" bytes="733064" bytesdiscarded="118848" />
  <memory-copied type="tenure" objects="2485" bytes="93576" bytesdiscarded="40" />
  <references type="soft" candidates="1" cleared="0" enqueued="0" dynamicThreshold="31" maxThreshold="32" />
  <references type="weak" candidates="8" cleared="0" enqueued="0" />
  <references type="phantom" candidates="1" cleared="0" enqueued="0" />
</gc-op>
<gc-end id="1890" type="scavenge" contextid="1886" durationms="1.538" usertimems="4.000" systemtimems="0.000" timestamp="2019-06-16T21:30:58.850" activeThreads="4">
  <mem-info id="1891" free="2073847648" total="2092630016" percent="99">
    <mem type="nursery" free="1835008" total="3932160" percent="46">
      <mem type="allocate" free="1835008" total="2686976" percent="68" />
      <mem type="survivor" free="0" total="1245184" percent="0" />
    </mem>
    <mem type="tenure" free="2072012640" total="2088697856" percent="99" macro-fragmented="98328">
      <mem type="soa" free="1946691424" total="1963376640" percent="99" />
      <mem type="loa" free="125321216" total="125321216" percent="100" />
    </mem>
    <remembered-set count="726" />
  </mem-info>
</gc-end>
<cycle-end id="1892" type="scavenge" contextid="1886" timestamp="2019-06-16T21:30:58.850" />
  <attribute name="elasticGC enabled" value="1" />
  <attribute name= "numThreadsSpecified" value="4" />
  <attribute name="heapSize specified" value="9371648" />
  <attribute name="Current GC Util" value="4" />
  <attribute name= "Current Time Running" value="44815" />
  <attribute name ="GC Interval" value="200" />
  <attribute name="ProportionalT" value="-8.000000" />
  <attribute name="ProportionalI" value="-8.000000" />
  <attribute name="ProportionalH" value="-8.000000" />
  <attribute name="Current Error" value="-16.000000" />
  <attribute name="IntegralT" value="-216.000000" />
  <attribute name="IntegralI" value="-216.000000" />
  <attribute name="IntegralH" value="-216.000000" />
  <attribute name="DerivativeT" value="-0.592593" />
  <attribute name="DerivativeI" value="-0.592593" />
  <attribute name="DerivativeH" value="-0.592593" />
  <attribute name="Loop Time for DT" value="27.000000" />
  <attribute name="Output H" value="2092630016"/>
  <attribute name="Output I" value="200"/>
  <attribute name="Output T" value="4"/>
  <attribute name="Target GC Util Change" value ="20.000000" />
  <attribute name="Current GC Util Change" value="4.000000"/>
  <attribute name="GC Util currently" value="4" />
  <attribute name="CPU Util currently" value="174130983308" />
<allocation-satisfied id="1893" threadId="0000000002213700" bytesRequested="22776" />
<af-end id="1894" timestamp="2019-06-16T21:30:58.850" threadId="0000000002214088" success="true" from="nursery"/>
<exclusive-end id="1895" timestamp="2019-06-16T21:30:58.850" durationms="2.124" />

<exclusive-start id="1896" timestamp="2019-06-16T21:30:58.854" intervalms="5.621">
  <response-info timems="0.059" idlems="0.059" threads="0" lastid="0000000002213700" lastname="main" />
</exclusive-start>
<af-start id="1897" threadId="0000000002214088" totalBytesRequested="32" timestamp="2019-06-16T21:30:58.854" intervalms="5.641" type="nursery" />
<cycle-start id="1898" type="scavenge" contextid="0" timestamp="2019-06-16T21:30:58.854" intervalms="5.644" />
<gc-start id="1899" type="scavenge" contextid="1898" timestamp="2019-06-16T21:30:58.854">
  <mem-info id="1900" free="2072012640" total="2092630016" percent="99">
    <mem type="nursery" free="0" total="3932160" percent="0">
      <mem type="allocate" free="0" total="2686976" percent="0" />
      <mem type="survivor" free="0" total="1245184" percent="0" />
    </mem>
    <mem type="tenure" free="2072012640" total="2088697856" percent="99">
      <mem type="soa" free="1946691424" total="1963376640" percent="99" />
      <mem type="loa" free="125321216" total="125321216" percent="100" />
    </mem>
    <remembered-set count="726" />
  </mem-info>
</gc-start>
<allocation-stats totalBytes="1834704" >
  <allocated-bytes non-tlh="22776" tlh="1811928" />
  <largest-consumer threadName="main" threadId="0000000002213700" bytes="1834704" />
</allocation-stats>
<gc-op id="1901" type="scavenge" timems="0.583" contextid="1898" timestamp="2019-06-16T21:30:58.855">
  <scavenger-info tenureage="6" tenuremask="ffc0" tiltratio="68" />
  <memory-copied type="nursery" objects="13217" bytes="867248" bytesdiscarded="286000" />
  <references type="soft" candidates="1" cleared="0" enqueued="0" dynamicThreshold="31" maxThreshold="32" />
  <references type="weak" candidates="8" cleared="0" enqueued="0" />
  <references type="phantom" candidates="1" cleared="0" enqueued="0" />
</gc-op>
<gc-end id="1902" type="scavenge" contextid="1898" durationms="1.131" usertimems="4.000" systemtimems="0.000" timestamp="2019-06-16T21:30:58.855" activeThreads="4">
  <mem-info id="1903" free="2073677384" total="2092630016" percent="99">
    <mem type="nursery" free="1664744" total="3932160" percent="42">
      <mem type="allocate" free="1664744" total="2818048" percent="59" />
      <mem type="survivor" free="0" total="1114112" percent="0" />
    </mem>
    <mem type="tenure" free="2072012640" total="2088697856" percent="99" macro-fragmented="1310760">
      <mem type="soa" free="1946691424" total="1963376640" percent="99" />
      <mem type="loa" free="125321216" total="125321216" percent="100" />
    </mem>
    <remembered-set count="718" />
  </mem-info>
</gc-end>
<cycle-end id="1904" type="scavenge" contextid="1898" timestamp="2019-06-16T21:30:58.856" />
  <attribute name="elasticGC enabled" value="1" />
  <attribute name= "numThreadsSpecified" value="4" />
  <attribute name="heapSize specified" value="9371648" />
  <attribute name="Current GC Util" value="36" />
  <attribute name= "Current Time Running" value="44820" />
  <attribute name ="GC Interval" value="200" />
  <attribute name="ProportionalT" value="8.000000" />
  <attribute name="ProportionalI" value="8.000000" />
  <attribute name="ProportionalH" value="8.000000" />
  <attribute name="Current Error" value="16.000000" />
  <attribute name="IntegralT" value="40.000000" />
  <attribute name="IntegralI" value="40.000000" />
  <attribute name="IntegralH" value="40.000000" />
  <attribute name="DerivativeT" value="3.200000" />
  <attribute name="DerivativeI" value="3.200000" />
  <attribute name="DerivativeH" value="3.200000" />
  <attribute name="Loop Time for DT" value="5.000000" />
  <attribute name="Output H" value="8388608"/>
  <attribute name="Output I" value="200"/>
  <attribute name="Output T" value="4"/>
  <attribute name="Target GC Util Change" value ="20.000000" />
  <attribute name="Current GC Util Change" value="36.000000"/>
  <attribute name="GC Util currently" value="36" />
  <attribute name="CPU Util currently" value="832208819580" />
<allocation-satisfied id="1905" threadId="0000000002213700" bytesRequested="32" />
<af-end id="1906" timestamp="2019-06-16T21:30:58.856" threadId="0000000002214088" success="true" from="nursery"/>
<exclusive-end id="1907" timestamp="2019-06-16T21:30:58.856" durationms="1.767" />

<exclusive-start id="1908" timestamp="2019-06-16T21:30:58.859" intervalms="4.510">
  <response-info timems="0.029" idlems="0.029" threads="0" lastid="0000000002213700" lastname="main" />
</exclusive-start>
<af-start id="1909" threadId="0000000002214088" totalBytesRequested="32" timestamp="2019-06-16T21:30:58.859" intervalms="4.524" type="nursery" />
<cycle-start id="1910" type="scavenge" contextid="0" timestamp="2019-06-16T21:30:58.859" intervalms="4.529" />
<gc-start id="1911" type="scavenge" contextid="1910" timestamp="2019-06-16T21:30:58.859">
  <mem-info id="1912" free="2072012640" total="2092630016" percent="99">
    <mem type="nursery" free="0" total="3932160" percent="0">
      <mem type="allocate" free="0" total="2818048" percent="0" />
      <mem type="survivor" free="0" total="1114112" percent="0" />
    </mem>
    <mem type="tenure" free="2072012640" total="2088697856" percent="99">
      <mem type="soa" free="1946691424" total="1963376640" percent="99" />
      <mem type="loa" free="125321216" total="125321216" percent="100" />
    </mem>
    <remembered-set count="718" />
  </mem-info>
</gc-start>
<allocation-stats totalBytes="1664568" >
  <allocated-bytes non-tlh="32" tlh="1664536" />
  <largest-consumer threadName="main" threadId="0000000002213700" bytes="1664568" />
</allocation-stats>
<gc-op id="1913" type="scavenge" timems="0.790" contextid="1910" timestamp="2019-06-16T21:30:58.860">
  <scavenger-info tenureage="3" tenuremask="7818" tiltratio="71" />
  <memory-copied type="nursery" objects="10159" bytes="750928" bytesdiscarded="155560" />
  <memory-copied type="tenure" objects="4954" bytes="185288" bytesdiscarded="48" />
  <references type="soft" candidates="1" cleared="0" enqueued="0" dynamicThreshold="31" maxThreshold="32" />
  <references type="weak" candidates="8" cleared="0" enqueued="0" />
  <references type="phantom" candidates="1" cleared="0" enqueued="0" />
</gc-op>
<gc-end id="1914" type="scavenge" contextid="1910" durationms="1.427" usertimems="4.000" systemtimems="0.000" timestamp="2019-06-16T21:30:58.860" activeThreads="4">
  <mem-info id="1915" free="2073683760" total="2092630016" percent="99">
    <mem type="nursery" free="1911504" total="3932160" percent="48">
      <mem type="allocate" free="1911504" total="2818048" percent="67" />
      <mem type="survivor" free="0" total="1114112" percent="0" />
    </mem>
    <mem type="tenure" free="2071772256" total="2088697856" percent="99" macro-fragmented="0">
      <mem type="soa" free="1946451040" total="1963376640" percent="99" />
      <mem type="loa" free="125321216" total="125321216" percent="100" />
    </mem>
    <remembered-set count="214" />
  </mem-info>
</gc-end>
<cycle-end id="1916" type="scavenge" contextid="1910" timestamp="2019-06-16T21:30:58.860" />
  <attribute name="elasticGC enabled" value="1" />
  <attribute name= "numThreadsSpecified" value="4" />
  <attribute name="heapSize specified" value="9371648" />
  <attribute name="Current GC Util" value="42" />
  <attribute name= "Current Time Running" value="44825" />
  <attribute name ="GC Interval" value="200" />
  <attribute name="ProportionalT" value="11.000000" />
  <attribute name="ProportionalI" value="11.000000" />
  <attribute name="ProportionalH" value="11.000000" />
  <attribute name="Current Error" value="22.000000" />
  <attribute name="IntegralT" value="55.000000" />
  <attribute name="IntegralI" value="55.000000" />
  <attribute name="IntegralH" value="55.000000" />
  <attribute name="DerivativeT" value="1.200000" />
  <attribute name="DerivativeI" value="1.200000" />
  <attribute name="DerivativeH" value="1.200000" />
  <attribute name="Loop Time for DT" value="5.000000" />
  <attribute name="Output H" value="8388608"/>
  <attribute name="Output I" value="200"/>
  <attribute name="Output T" value="4"/>
  <attribute name="Target GC Util Change" value ="20.000000" />
  <attribute name="Current GC Util Change" value="42.000000"/>
  <attribute name="GC Util currently" value="42" />
  <attribute name="CPU Util currently" value="992331288508" />
<allocation-satisfied id="1917" threadId="0000000002213700" bytesRequested="32" />
<af-end id="1918" timestamp="2019-06-16T21:30:58.861" threadId="0000000002214088" success="true" from="nursery"/>
<exclusive-end id="1919" timestamp="2019-06-16T21:30:58.861" durationms="2.088" />

<exclusive-start id="1920" timestamp="2019-06-16T21:30:58.864" intervalms="5.106">
  <response-info timems="0.034" idlems="0.034" threads="0" lastid="0000000002213700" lastname="main" />
</exclusive-start>
<af-start id="1921" threadId="0000000002214088" totalBytesRequested="32" timestamp="2019-06-16T21:30:58.864" intervalms="5.111" type="nursery" />
<cycle-start id="1922" type="scavenge" contextid="0" timestamp="2019-06-16T21:30:58.864" intervalms="5.117" />
<gc-start id="1923" type="scavenge" contextid="1922" timestamp="2019-06-16T21:30:58.864">
  <mem-info id="1924" free="2071772256" total="2092630016" percent="99">
    <mem type="nursery" free="0" total="3932160" percent="0">
      <mem type="allocate" free="0" total="2818048" percent="0" />
      <mem type="survivor" free="0" total="1114112" percent="0" />
    </mem>
    <mem type="tenure" free="2071772256" total="2088697856" percent="99">
      <mem type="soa" free="1946451040" total="1963376640" percent="99" />
      <mem type="loa" free="125321216" total="125321216" percent="100" />
    </mem>
    <remembered-set count="214" />
  </mem-info>
</gc-start>
<allocation-stats totalBytes="1911336" >
  <allocated-bytes non-tlh="32" tlh="1911304" />
  <largest-consumer threadName="main" threadId="0000000002213700" bytes="1911336" />
</allocation-stats>
<gc-op id="1925" type="scavenge" timems="1.055" contextid="1922" timestamp="2019-06-16T21:30:58.865">
  <scavenger-info tenureage="3" tenuremask="7808" tiltratio="71" />
  <memory-copied type="nursery" objects="6837" bytes="299992" bytesdiscarded="290840" />
  <memory-copied type="tenure" objects="5505" bytes="530576" bytesdiscarded="88" />
</gc-op>
<gc-end id="1926" type="scavenge" contextid="1922" durationms="1.713" usertimems="4.000" systemtimems="0.000" timestamp="2019-06-16T21:30:58.866" activeThreads="4">
  <mem-info id="1927" free="2073532456" total="2092630016" percent="99">
    <mem type="nursery" free="2292752" total="3932160" percent="58">
      <mem type="allocate" free="2292752" total="2883584" percent="79" />
      <mem type="survivor" free="0" total="1048576" percent="0" />
    </mem>
    <mem type="tenure" free="2071239704" total="2088697856" percent="99" macro-fragmented="113880">
      <mem type="soa" free="1945918488" total="1963376640" percent="99" />
      <mem type="loa" free="125321216" total="125321216" percent="100" />
    </mem>
    <remembered-set count="725" />
  </mem-info>
</gc-end>
<cycle-end id="1928" type="scavenge" contextid="1922" timestamp="2019-06-16T21:30:58.866" />
  <attribute name="elasticGC enabled" value="1" />
  <attribute name= "numThreadsSpecified" value="4" />
  <attribute name="heapSize specified" value="9371648" />
  <attribute name="Current GC Util" value="44" />
  <attribute name= "Current Time Running" value="44830" />
  <attribute name ="GC Interval" value="200" />
  <attribute name="ProportionalT" value="12.000000" />
  <attribute name="ProportionalI" value="12.000000" />
  <attribute name="ProportionalH" value="12.000000" />
  <attribute name="Current Error" value="24.000000" />
  <attribute name="IntegralT" value="60.000000" />
  <attribute name="IntegralI" value="60.000000" />
  <attribute name="IntegralH" value="60.000000" />
  <attribute name="DerivativeT" value="0.400000" />
  <attribute name="DerivativeI" value="0.400000" />
  <attribute name="DerivativeH" value="0.400000" />
  <attribute name="Loop Time for DT" value="5.000000" />
  <attribute name="Output H" value="8388608"/>
  <attribute name="Output I" value="200"/>
  <attribute name="Output T" value="4"/>
  <attribute name="Target GC Util Change" value ="20.000000" />
  <attribute name="Current GC Util Change" value="44.000000"/>
  <attribute name="GC Util currently" value="44" />
  <attribute name="CPU Util currently" value="911808006921" />
<allocation-satisfied id="1929" threadId="0000000002213700" bytesRequested="32" />
<af-end id="1930" timestamp="2019-06-16T21:30:58.866" threadId="0000000002214088" success="true" from="nursery"/>
<exclusive-end id="1931" timestamp="2019-06-16T21:30:58.866" durationms="2.427" />

<exclusive-start id="1932" timestamp="2019-06-16T21:30:58.870" intervalms="6.173">
  <response-info timems="0.024" idlems="0.024" threads="0" lastid="0000000002213700" lastname="main" />
</exclusive-start>
<af-start id="1933" threadId="0000000002214088" totalBytesRequested="32" timestamp="2019-06-16T21:30:58.870" intervalms="6.163" type="nursery" />
<cycle-start id="1934" type="scavenge" contextid="0" timestamp="2019-06-16T21:30:58.870" intervalms="6.161" />
<gc-start id="1935" type="scavenge" contextid="1934" timestamp="2019-06-16T21:30:58.870">
  <mem-info id="1936" free="2071239704" total="2092630016" percent="98">
    <mem type="nursery" free="0" total="3932160" percent="0">
      <mem type="allocate" free="0" total="2883584" percent="0" />
      <mem type="survivor" free="0" total="1048576" percent="0" />
    </mem>
    <mem type="tenure" free="2071239704" total="2088697856" percent="99">
      <mem type="soa" free="1945918488" total="1963376640" percent="99" />
      <mem type="loa" free="125321216" total="125321216" percent="100" />
    </mem>
    <remembered-set count="1001" />
  </mem-info>
</gc-start>
<allocation-stats totalBytes="2292528" >
  <allocated-bytes non-tlh="32" tlh="2292496" />
  <largest-consumer threadName="main" threadId="0000000002213700" bytes="2292528" />
</allocation-stats>
<gc-op id="1937" type="scavenge" timems="0.582" contextid="1934" timestamp="2019-06-16T21:30:58.871">
  <scavenger-info tenureage="3" tenuremask="7808" tiltratio="73" />
  <memory-copied type="nursery" objects="6987" bytes="253504" bytesdiscarded="82112" />
  <memory-copied type="tenure" objects="2521" bytes="143888" bytesdiscarded="616" />
</gc-op>
<gc-end id="1938" type="scavenge" contextid="1934" durationms="1.205" usertimems="4.000" systemtimems="0.000" timestamp="2019-06-16T21:30:58.871" activeThreads="4">
  <mem-info id="1939" free="2073879576" total="2092630016" percent="99">
    <mem type="nursery" free="2679040" total="3932160" percent="68">
      <mem type="allocate" free="2679040" total="3014656" percent="88" />
      <mem type="survivor" free="0" total="917504" percent="0" />
    </mem>
    <mem type="tenure" free="2071200536" total="2088697856" percent="99" macro-fragmented="868149">
      <mem type="soa" free="1945879320" total="1963376640" percent="99" />
      <mem type="loa" free="125321216" total="125321216" percent="100" />
    </mem>
    <remembered-set count="829" />
  </mem-info>
</gc-end>
<cycle-end id="1940" type="scavenge" contextid="1934" timestamp="2019-06-16T21:30:58.871" />
  <attribute name="elasticGC enabled" value="1" />
  <attribute name= "numThreadsSpecified" value="4" />
  <attribute name="heapSize specified" value="9371648" />
  <attribute name="Current GC Util" value="35" />
  <attribute name= "Current Time Running" value="44836" />
  <attribute name ="GC Interval" value="200" />
  <attribute name="ProportionalT" value="7.500000" />
  <attribute name="ProportionalI" value="7.500000" />
  <attribute name="ProportionalH" value="7.500000" />
  <attribute name="Current Error" value="15.000000" />
  <attribute name="IntegralT" value="45.000000" />
  <attribute name="IntegralI" value="45.000000" />
  <attribute name="IntegralH" value="45.000000" />
  <attribute name="DerivativeT" value="-1.500000" />
  <attribute name="DerivativeI" value="-1.500000" />
  <attribute name="DerivativeH" value="-1.500000" />
  <attribute name="Loop Time for DT" value="6.000000" />
  <attribute name="Output H" value="8388608"/>
  <attribute name="Output I" value="200"/>
  <attribute name="Output T" value="4"/>
  <attribute name="Target GC Util Change" value ="20.000000" />
  <attribute name="Current GC Util Change" value="35.000000"/>
  <attribute name="GC Util currently" value="35" />
  <attribute name="CPU Util currently" value="746513551673" />
<allocation-satisfied id="1941" threadId="0000000002213700" bytesRequested="32" />
<af-end id="1942" timestamp="2019-06-16T21:30:58.872" threadId="0000000002214088" success="true" from="nursery"/>
<exclusive-end id="1943" timestamp="2019-06-16T21:30:58.872" durationms="2.017" />

<exclusive-start id="1944" timestamp="2019-06-16T21:30:58.896" intervalms="26.175">
  <response-info timems="0.035" idlems="0.035" threads="0" lastid="0000000002213700" lastname="main" />
</exclusive-start>
<af-start id="1945" threadId="0000000002214088" totalBytesRequested="48" timestamp="2019-06-16T21:30:58.896" intervalms="26.197" type="nursery" />
<cycle-start id="1946" type="scavenge" contextid="0" timestamp="2019-06-16T21:30:58.896" intervalms="26.188" />
<gc-start id="1947" type="scavenge" contextid="1946" timestamp="2019-06-16T21:30:58.896">
  <mem-info id="1948" free="2071200088" total="2092630016" percent="98">
    <mem type="nursery" free="0" total="3932160" percent="0">
      <mem type="allocate" free="0" total="3014656" percent="0" />
      <mem type="survivor" free="0" total="917504" percent="0" />
    </mem>
    <mem type="tenure" free="2071200088" total="2088697856" percent="99">
      <mem type="soa" free="1945878872" total="1963376640" percent="99" />
      <mem type="loa" free="125321216" total="125321216" percent="100" />
    </mem>
    <remembered-set count="942" />
  </mem-info>
</gc-start>
<allocation-stats totalBytes="2678944" >
  <allocated-bytes non-tlh="200488" tlh="2478456" />
  <largest-consumer threadName="main" threadId="0000000002213700" bytes="2678944" />
</allocation-stats>
<gc-op id="1949" type="scavenge" timems="0.761" contextid="1946" timestamp="2019-06-16T21:30:58.897">
  <scavenger-info tenureage="3" tenuremask="7008" tiltratio="76" />
  <memory-copied type="nursery" objects="10646" bytes="746392" bytesdiscarded="171056" />
  <memory-copied type="tenure" objects="2566" bytes="100464" bytesdiscarded="0" />
  <copy-failed type="nursery" objects="749" bytes="32736" />
  <references type="soft" candidates="1" cleared="0" enqueued="0" dynamicThreshold="31" maxThreshold="32" />
  <references type="weak" candidates="6" cleared="0" enqueued="0" />
  <references type="phantom" candidates="1" cleared="0" enqueued="0" />
</gc-op>
<gc-end id="1950" type="scavenge" contextid="1946" durationms="1.362" usertimems="0.000" systemtimems="0.000" timestamp="2019-06-16T21:30:58.898" activeThreads="4">
  <mem-info id="1951" free="2072703064" total="2092630016" percent="99">
    <mem type="nursery" free="1572864" total="3932160" percent="40">
      <mem type="allocate" free="1572864" total="2490368" percent="63" />
      <mem type="survivor" free="0" total="1441792" percent="0" />
    </mem>
    <mem type="tenure" free="2071130200" total="2088697856" percent="99" macro-fragmented="393240">
      <mem type="soa" free="1945808984" total="1963376640" percent="99" />
      <mem type="loa" free="125321216" total="125321216" percent="100" />
    </mem>
    <remembered-set count="1176" />
  </mem-info>
</gc-end>
<cycle-end id="1952" type="scavenge" contextid="1946" timestamp="2019-06-16T21:30:58.898" />
  <attribute name="elasticGC enabled" value="1" />
  <attribute name= "numThreadsSpecified" value="4" />
  <attribute name="heapSize specified" value="9371648" />
  <attribute name="Current GC Util" value="6" />
  <attribute name= "Current Time Running" value="44862" />
  <attribute name ="GC Interval" value="200" />
  <attribute name="ProportionalT" value="-7.000000" />
  <attribute name="ProportionalI" value="-7.000000" />
  <attribute name="ProportionalH" value="-7.000000" />
  <attribute name="Current Error" value="-14.000000" />
  <attribute name="IntegralT" value="-182.000000" />
  <attribute name="IntegralI" value="-182.000000" />
  <attribute name="IntegralH" value="-182.000000" />
  <attribute name="DerivativeT" value="-1.115385" />
  <attribute name="DerivativeI" value="-1.115385" />
  <attribute name="DerivativeH" value="-1.115385" />
  <attribute name="Loop Time for DT" value="26.000000" />
  <attribute name="Output H" value="2092630016"/>
  <attribute name="Output I" value="200"/>
  <attribute name="Output T" value="4"/>
  <attribute name="Target GC Util Change" value ="20.000000" />
  <attribute name="Current GC Util Change" value="6.000000"/>
  <attribute name="GC Util currently" value="6" />
  <attribute name="CPU Util currently" value="176087264213" />
<allocation-satisfied id="1953" threadId="0000000002213700" bytesRequested="48" />
<af-end id="1954" timestamp="2019-06-16T21:30:58.898" threadId="0000000002214088" success="true" from="nursery"/>
<exclusive-end id="1955" timestamp="2019-06-16T21:30:58.898" durationms="2.218" />

<exclusive-start id="1956" timestamp="2019-06-16T21:30:58.901" intervalms="4.666">
  <response-info timems="0.027" idlems="0.027" threads="0" lastid="0000000002213700" lastname="main" />
</exclusive-start>
<af-start id="1957" threadId="0000000002214088" totalBytesRequested="24" timestamp="2019-06-16T21:30:58.901" intervalms="4.633" type="nursery" />
<cycle-start id="1958" type="scavenge" contextid="0" timestamp="2019-06-16T21:30:58.901" intervalms="4.641" />
<gc-start id="1959" type="scavenge" contextid="1958" timestamp="2019-06-16T21:30:58.901">
  <mem-info id="1960" free="2071130200" total="2092630016" percent="98">
    <mem type="nursery" free="0" total="3932160" percent="0">
      <mem type="allocate" free="0" total="2490368" percent="0" />
      <mem type="survivor" free="0" total="1441792" percent="0" />
    </mem>
    <mem type="tenure" free="2071130200" total="2088697856" percent="99">
      <mem type="soa" free="1945808984" total="1963376640" percent="99" />
      <mem type="loa" free="125321216" total="125321216" percent="100" />
    </mem>
    <remembered-set count="1176" />
  </mem-info>
</gc-start>
<allocation-stats totalBytes="1572704" >
  <allocated-bytes non-tlh="48" tlh="1572656" />
  <largest-consumer threadName="main" threadId="0000000002213700" bytes="1572704" />
</allocation-stats>
<gc-op id="1961" type="scavenge" timems="0.696" contextid="1958" timestamp="2019-06-16T21:30:58.902">
  <scavenger-info tenureage="12" tenuremask="7000" tiltratio="63" />
  <memory-copied type="nursery" objects="13698" bytes="885344" bytesdiscarded="163512" />
  <references type="soft" candidates="1" cleared="0" enqueued="0" dynamicThreshold="31" maxThreshold="32" />
  <references type="weak" candidates="6" cleared="0" enqueued="0" />
  <references type="phantom" candidates="1" cleared="0" enqueued="0" />
</gc-op>
<gc-end id="1962" type="scavenge" contextid="1958" durationms="1.251" usertimems="0.000" systemtimems="0.000" timestamp="2019-06-16T21:30:58.902" activeThreads="4">
  <mem-info id="1963" free="2072833800" total="2092630016" percent="99">
    <mem type="nursery" free="1703600" total="3932160" percent="43">
      <mem type="allocate" free="1703600" total="2752512" percent="61" />
      <mem type="survivor" free="0" total="1179648" percent="0" />
    </mem>
    <mem type="tenure" free="2071130200" total="2088697856" percent="99" macro-fragmented="15725">
      <mem type="soa" free="1945808984" total="1963376640" percent="99" />
      <mem type="loa" free="125321216" total="125321216" percent="100" />
    </mem>
    <remembered-set count="1167" />
  </mem-info>
</gc-end>
<cycle-end id="1964" type="scavenge" contextid="1958" timestamp="2019-06-16T21:30:58.902" />
  <attribute name="elasticGC enabled" value="1" />
  <attribute name= "numThreadsSpecified" value="4" />
  <attribute name="heapSize specified" value="9371648" />
  <attribute name="Current GC Util" value="46" />
  <attribute name= "Current Time Running" value="44867" />
  <attribute name ="GC Interval" value="200" />
  <attribute name="ProportionalT" value="13.000000" />
  <attribute name="ProportionalI" value="13.000000" />
  <attribute name="ProportionalH" value="13.000000" />
  <attribute name="Current Error" value="26.000000" />
  <attribute name="IntegralT" value="65.000000" />
  <attribute name="IntegralI" value="65.000000" />
  <attribute name="IntegralH" value="65.000000" />
  <attribute name="DerivativeT" value="5.200000" />
  <attribute name="DerivativeI" value="5.200000" />
  <attribute name="DerivativeH" value="5.200000" />
  <attribute name="Loop Time for DT" value="5.000000" />
  <attribute name="Output H" value="8388608"/>
  <attribute name="Output I" value="200"/>
  <attribute name="Output T" value="4"/>
  <attribute name="Target GC Util Change" value ="20.000000" />
  <attribute name="Current GC Util Change" value="46.000000"/>
  <attribute name="GC Util currently" value="46" />
  <attribute name="CPU Util currently" value="1011790399646" />
<allocation-satisfied id="1965" threadId="0000000002213700" bytesRequested="24" />
<af-end id="1966" timestamp="2019-06-16T21:30:58.902" threadId="0000000002214088" success="true" from="nursery"/>
<exclusive-end id="1967" timestamp="2019-06-16T21:30:58.903" durationms="1.907" />

<exclusive-start id="1968" timestamp="2019-06-16T21:30:58.904" intervalms="3.798">
  <response-info timems="0.024" idlems="0.024" threads="0" lastid="0000000002213700" lastname="main" />
</exclusive-start>
<af-start id="1969" threadId="0000000002214088" totalBytesRequested="24" timestamp="2019-06-16T21:30:58.905" intervalms="3.793" type="nursery" />
<cycle-start id="1970" type="scavenge" contextid="0" timestamp="2019-06-16T21:30:58.905" intervalms="3.791" />
<gc-start id="1971" type="scavenge" contextid="1970" timestamp="2019-06-16T21:30:58.905">
  <mem-info id="1972" free="2071130200" total="2092630016" percent="98">
    <mem type="nursery" free="0" total="3932160" percent="0">
      <mem type="allocate" free="0" total="2752512" percent="0" />
      <mem type="survivor" free="0" total="1179648" percent="0" />
    </mem>
    <mem type="tenure" free="2071130200" total="2088697856" percent="99">
      <mem type="soa" free="1945808984" total="1963376640" percent="99" />
      <mem type="loa" free="125321216" total="125321216" percent="100" />
    </mem>
    <remembered-set count="1167" />
  </mem-info>
</gc-start>
<allocation-stats totalBytes="1703424" >
  <allocated-bytes non-tlh="24" tlh="1703400" />
  <largest-consumer threadName="main" threadId="0000000002213700" bytes="1703424" />
</allocation-stats>
<gc-op id="1973" type="scavenge" timems="0.856" contextid="1970" timestamp="2019-06-16T21:30:58.906">
  <scavenger-info tenureage="2" tenuremask="781c" tiltratio="70" />
  <memory-copied type="nursery" objects="4952" bytes="208560" bytesdiscarded="319824" />
  <memory-copied type="tenure" objects="10645" bytes="744384" bytesdiscarded="136" />
</gc-op>
<gc-end id="1974" type="scavenge" contextid="1970" durationms="1.426" usertimems="4.000" systemtimems="0.000" timestamp="2019-06-16T21:30:58.906" activeThreads="4">
  <mem-info id="1975" free="2072619520" total="2092630016" percent="99">
    <mem type="nursery" free="2289664" total="3932160" percent="58">
      <mem type="allocate" free="2289664" total="2818048" percent="81" />
      <mem type="survivor" free="0" total="1114112" percent="0" />
    </mem>
    <mem type="tenure" free="2070329856" total="2088697856" percent="99" macro-fragmented="0">
      <mem type="soa" free="1945008640" total="1963376640" percent="99" />
      <mem type="loa" free="125321216" total="125321216" percent="100" />
    </mem>
    <remembered-set count="431" />
  </mem-info>
</gc-end>
<cycle-end id="1976" type="scavenge" contextid="1970" timestamp="2019-06-16T21:30:58.906" />
  <attribute name="elasticGC enabled" value="1" />
  <attribute name= "numThreadsSpecified" value="4" />
  <attribute name="heapSize specified" value="9371648" />
  <attribute name="Current GC Util" value="61" />
  <attribute name= "Current Time Running" value="44871" />
  <attribute name ="GC Interval" value="200" />
  <attribute name="ProportionalT" value="20.500000" />
  <attribute name="ProportionalI" value="20.500000" />
  <attribute name="ProportionalH" value="20.500000" />
  <attribute name="Current Error" value="41.000000" />
  <attribute name="IntegralT" value="82.000000" />
  <attribute name="IntegralI" value="82.000000" />
  <attribute name="IntegralH" value="82.000000" />
  <attribute name="DerivativeT" value="3.750000" />
  <attribute name="DerivativeI" value="3.750000" />
  <attribute name="DerivativeH" value="3.750000" />
  <attribute name="Loop Time for DT" value="4.000000" />
  <attribute name="Output H" value="8388608"/>
  <attribute name="Output I" value="200"/>
  <attribute name="Output T" value="4"/>
  <attribute name="Target GC Util Change" value ="20.000000" />
  <attribute name="Current GC Util Change" value="61.000000"/>
  <attribute name="GC Util currently" value="61" />
  <attribute name="CPU Util currently" value="1200652230027" />
<allocation-satisfied id="1977" threadId="0000000002213700" bytesRequested="24" />
<af-end id="1978" timestamp="2019-06-16T21:30:58.906" threadId="0000000002214088" success="true" from="nursery"/>
<exclusive-end id="1979" timestamp="2019-06-16T21:30:58.907" durationms="2.153" />

<exclusive-start id="1980" timestamp="2019-06-16T21:30:58.909" intervalms="4.852">
  <response-info timems="0.053" idlems="0.053" threads="0" lastid="0000000002213700" lastname="main" />
</exclusive-start>
<af-start id="1981" threadId="0000000002214088" totalBytesRequested="32" timestamp="2019-06-16T21:30:58.909" intervalms="4.863" type="nursery" />
<cycle-start id="1982" type="scavenge" contextid="0" timestamp="2019-06-16T21:30:58.910" intervalms="4.881" />
<gc-start id="1983" type="scavenge" contextid="1982" timestamp="2019-06-16T21:30:58.910">
  <mem-info id="1984" free="2070329856" total="2092630016" percent="98">
    <mem type="nursery" free="0" total="3932160" percent="0">
      <mem type="allocate" free="0" total="2818048" percent="0" />
      <mem type="survivor" free="0" total="1114112" percent="0" />
    </mem>
    <mem type="tenure" free="2070329856" total="2088697856" percent="99">
      <mem type="soa" free="1945008640" total="1963376640" percent="99" />
      <mem type="loa" free="125321216" total="125321216" percent="100" />
    </mem>
    <remembered-set count="693" />
  </mem-info>
</gc-start>
<allocation-stats totalBytes="2289496" >
  <allocated-bytes non-tlh="24" tlh="2289472" />
  <largest-consumer threadName="main" threadId="0000000002213700" bytes="2289496" />
</allocation-stats>
<gc-op id="1985" type="scavenge" timems="0.535" contextid="1982" timestamp="2019-06-16T21:30:58.910">
  <scavenger-info tenureage="6" tenuremask="ffc0" tiltratio="71" />
  <memory-copied type="nursery" objects="7399" bytes="295352" bytesdiscarded="210760" />
</gc-op>
<gc-end id="1986" type="scavenge" contextid="1982" durationms="1.088" usertimems="0.000" systemtimems="0.000" timestamp="2019-06-16T21:30:58.911" activeThreads="4">
  <mem-info id="1987" free="2072772864" total="2092630016" percent="99">
    <mem type="nursery" free="2443008" total="3932160" percent="62">
      <mem type="allocate" free="2443008" total="2949120" percent="82" />
      <mem type="survivor" free="0" total="983040" percent="0" />
    </mem>
    <mem type="tenure" free="2070329856" total="2088697856" percent="99" macro-fragmented="348889">
      <mem type="soa" free="1945008640" total="1963376640" percent="99" />
      <mem type="loa" free="125321216" total="125321216" percent="100" />
    </mem>
    <remembered-set count="692" />
  </mem-info>
</gc-end>
<cycle-end id="1988" type="scavenge" contextid="1982" timestamp="2019-06-16T21:30:58.911" />
  <attribute name="elasticGC enabled" value="1" />
  <attribute name= "numThreadsSpecified" value="4" />
  <attribute name="heapSize specified" value="9371648" />
  <attribute name="Current GC Util" value="52" />
  <attribute name= "Current Time Running" value="44876" />
  <attribute name ="GC Interval" value="200" />
  <attribute name="ProportionalT" value="16.000000" />
  <attribute name="ProportionalI" value="16.000000" />
  <attribute name="ProportionalH" value="16.000000" />
  <attribute name="Current Error" value="32.000000" />
  <attribute name="IntegralT" value="80.000000" />
  <attribute name="IntegralI" value="80.000000" />
  <attribute name="IntegralH" value="80.000000" />
  <attribute name="DerivativeT" value="-1.800000" />
  <attribute name="DerivativeI" value="-1.800000" />
  <attribute name="DerivativeH" value="-1.800000" />
  <attribute name="Loop Time for DT" value="5.000000" />
  <attribute name="Output H" value="8388608"/>
  <attribute name="Output I" value="200"/>
  <attribute name="Output T" value="4"/>
  <attribute name="Target GC Util Change" value ="20.000000" />
  <attribute name="Current GC Util Change" value="52.000000"/>
  <attribute name="GC Util currently" value="52" />
  <attribute name="CPU Util currently" value="956563224492" />
<allocation-satisfied id="1989" threadId="0000000002213700" bytesRequested="32" />
<af-end id="1990" timestamp="2019-06-16T21:30:58.911" threadId="0000000002214088" success="true" from="nursery"/>
<exclusive-end id="1991" timestamp="2019-06-16T21:30:58.911" durationms="1.650" />

<exclusive-start id="1992" timestamp="2019-06-16T21:30:58.914" intervalms="4.436">
  <response-info timems="0.026" idlems="0.026" threads="0" lastid="0000000002213700" lastname="main" />
</exclusive-start>
<af-start id="1993" threadId="0000000002214088" totalBytesRequested="48" timestamp="2019-06-16T21:30:58.914" intervalms="4.426" type="nursery" />
<cycle-start id="1994" type="scavenge" contextid="0" timestamp="2019-06-16T21:30:58.914" intervalms="4.408" />
<gc-start id="1995" type="scavenge" contextid="1994" timestamp="2019-06-16T21:30:58.914">
  <mem-info id="1996" free="2070329856" total="2092630016" percent="98">
    <mem type="nursery" free="0" total="3932160" percent="0">
      <mem type="allocate" free="0" total="2949120" percent="0" />
      <mem type="survivor" free="0" total="983040" percent="0" />
    </mem>
    <mem type="tenure" free="2070329856" total="2088697856" percent="99">
      <mem type="soa" free="1945008640" total="1963376640" percent="99" />
      <mem type="loa" free="125321216" total="125321216" percent="100" />
    </mem>
    <remembered-set count="973" />
  </mem-info>
</gc-start>
<allocation-stats totalBytes="2442648" >
  <allocated-bytes non-tlh="32" tlh="2442616" />
  <largest-consumer threadName="main" threadId="0000000002213700" bytes="2442648" />
</allocation-stats>
<gc-op id="1997" type="scavenge" timems="0.645" contextid="1994" timestamp="2019-06-16T21:30:58.915">
  <scavenger-info tenureage="4" tenuremask="fff0" tiltratio="75" />
  <memory-copied type="nursery" objects="9992" bytes="387840" bytesdiscarded="126720" />
</gc-op>
<gc-end id="1998" type="scavenge" contextid="1994" durationms="1.333" usertimems="0.000" systemtimems="0.000" timestamp="2019-06-16T21:30:58.915" activeThreads="4">
  <mem-info id="1999" free="2072829952" total="2092630016" percent="99">
    <mem type="nursery" free="2500096" total="3932160" percent="63">
      <mem type="allocate" free="2500096" total="3014656" percent="82" />
      <mem type="survivor" free="0" total="917504" percent="0" />
    </mem>
    <mem type="tenure" free="2070329856" total="2088697856" percent="99" macro-fragmented="0">
      <mem type="soa" free="1945008640" total="1963376640" percent="99" />
      <mem type="loa" free="125321216" total="125321216" percent="100" />
    </mem>
    <remembered-set count="968" />
  </mem-info>
</gc-end>
<cycle-end id="2000" type="scavenge" contextid="1994" timestamp="2019-06-16T21:30:58.915" />
  <attribute name="elasticGC enabled" value="1" />
  <attribute name= "numThreadsSpecified" value="4" />
  <attribute name="heapSize specified" value="9371648" />
  <attribute name="Current GC Util" value="29" />
  <attribute name= "Current Time Running" value="44880" />
  <attribute name ="GC Interval" value="200" />
  <attribute name="ProportionalT" value="4.500000" />
  <attribute name="ProportionalI" value="4.500000" />
  <attribute name="ProportionalH" value="4.500000" />
  <attribute name="Current Error" value="9.000000" />
  <attribute name="IntegralT" value="18.000000" />
  <attribute name="IntegralI" value="18.000000" />
  <attribute name="IntegralH" value="18.000000" />
  <attribute name="DerivativeT" value="-5.750000" />
  <attribute name="DerivativeI" value="-5.750000" />
  <attribute name="DerivativeH" value="-5.750000" />
  <attribute name="Loop Time for DT" value="4.000000" />
  <attribute name="Output H" value="8388608"/>
  <attribute name="Output I" value="200"/>
  <attribute name="Output T" value="4"/>
  <attribute name="Target GC Util Change" value ="20.000000" />
  <attribute name="Current GC Util Change" value="29.000000"/>
  <attribute name="GC Util currently" value="29" />
  <attribute name="CPU Util currently" value="1013131403160" />
<allocation-satisfied id="2001" threadId="0000000002213700" bytesRequested="48" />
<af-end id="2002" timestamp="2019-06-16T21:30:58.916" threadId="0000000002214088" success="true" from="nursery"/>
<exclusive-end id="2003" timestamp="2019-06-16T21:30:58.916" durationms="1.903" />

<exclusive-start id="2004" timestamp="2019-06-16T21:30:58.918" intervalms="4.515">
  <response-info timems="0.024" idlems="0.024" threads="0" lastid="0000000002213700" lastname="main" />
</exclusive-start>
<af-start id="2005" threadId="0000000002214088" totalBytesRequested="32" timestamp="2019-06-16T21:30:58.918" intervalms="4.515" type="nursery" />
<cycle-start id="2006" type="scavenge" contextid="0" timestamp="2019-06-16T21:30:58.918" intervalms="4.513" />
<gc-start id="2007" type="scavenge" contextid="2006" timestamp="2019-06-16T21:30:58.918">
  <mem-info id="2008" free="2070329856" total="2092630016" percent="98">
    <mem type="nursery" free="0" total="3932160" percent="0">
      <mem type="allocate" free="0" total="3014656" percent="0" />
      <mem type="survivor" free="0" total="917504" percent="0" />
    </mem>
    <mem type="tenure" free="2070329856" total="2088697856" percent="99">
      <mem type="soa" free="1945008640" total="1963376640" percent="99" />
      <mem type="loa" free="125321216" total="125321216" percent="100" />
    </mem>
    <remembered-set count="1246" />
  </mem-info>
</gc-start>
<allocation-stats totalBytes="2499776" >
  <allocated-bytes non-tlh="48" tlh="2499728" />
  <largest-consumer threadName="main" threadId="0000000002213700" bytes="2499776" />
</allocation-stats>
<gc-op id="2009" type="scavenge" timems="0.831" contextid="2006" timestamp="2019-06-16T21:30:58.919">
  <scavenger-info tenureage="3" tenuremask="fff8" tiltratio="76" />
  <memory-copied type="nursery" objects="8085" bytes="290680" bytesdiscarded="14216" />
  <memory-copied type="tenure" objects="4627" bytes="195920" bytesdiscarded="24" />
</gc-op>
<gc-end id="2010" type="scavenge" contextid="2006" durationms="1.368" usertimems="0.000" systemtimems="4.000" timestamp="2019-06-16T21:30:58.920" activeThreads="4">
  <mem-info id="2011" free="2072968968" total="2092630016" percent="99">
    <mem type="nursery" free="2840832" total="3932160" percent="72">
      <mem type="allocate" free="2840832" total="3145728" percent="90" />
      <mem type="survivor" free="0" total="786432" percent="0" />
    </mem>
    <mem type="tenure" free="2070128136" total="2088697856" percent="99" macro-fragmented="32776">
      <mem type="soa" free="1944806920" total="1963376640" percent="99" />
      <mem type="loa" free="125321216" total="125321216" percent="100" />
    </mem>
    <remembered-set count="1027" />
  </mem-info>
</gc-end>
<cycle-end id="2012" type="scavenge" contextid="2006" timestamp="2019-06-16T21:30:58.920" />
  <attribute name="elasticGC enabled" value="1" />
  <attribute name= "numThreadsSpecified" value="4" />
  <attribute name="heapSize specified" value="9371648" />
  <attribute name="Current GC Util" value="33" />
  <attribute name= "Current Time Running" value="44884" />
  <attribute name ="GC Interval" value="200" />
  <attribute name="ProportionalT" value="6.500000" />
  <attribute name="ProportionalI" value="6.500000" />
  <attribute name="ProportionalH" value="6.500000" />
  <attribute name="Current Error" value="13.000000" />
  <attribute name="IntegralT" value="26.000000" />
  <attribute name="IntegralI" value="26.000000" />
  <attribute name="IntegralH" value="26.000000" />
  <attribute name="DerivativeT" value="1.000000" />
  <attribute name="DerivativeI" value="1.000000" />
  <attribute name="DerivativeH" value="1.000000" />
  <attribute name="Loop Time for DT" value="4.000000" />
  <attribute name="Output H" value="8388608"/>
  <attribute name="Output I" value="200"/>
  <attribute name="Output T" value="4"/>
  <attribute name="Target GC Util Change" value ="20.000000" />
  <attribute name="Current GC Util Change" value="33.000000"/>
  <attribute name="GC Util currently" value="33" />
  <attribute name="CPU Util currently" value="1056932963373" />
<allocation-satisfied id="2013" threadId="0000000002213700" bytesRequested="32" />
<af-end id="2014" timestamp="2019-06-16T21:30:58.920" threadId="0000000002214088" success="true" from="nursery"/>
<exclusive-end id="2015" timestamp="2019-06-16T21:30:58.920" durationms="1.956" />

<exclusive-start id="2016" timestamp="2019-06-16T21:30:58.923" intervalms="5.042">
  <response-info timems="0.064" idlems="0.064" threads="0" lastid="0000000002213700" lastname="main" />
</exclusive-start>
<af-start id="2017" threadId="0000000002214088" totalBytesRequested="32" timestamp="2019-06-16T21:30:58.923" intervalms="5.047" type="nursery" />
<cycle-start id="2018" type="scavenge" contextid="0" timestamp="2019-06-16T21:30:58.923" intervalms="5.056" />
<gc-start id="2019" type="scavenge" contextid="2018" timestamp="2019-06-16T21:30:58.924">
  <mem-info id="2020" free="2070128136" total="2092630016" percent="98">
    <mem type="nursery" free="0" total="3932160" percent="0">
      <mem type="allocate" free="0" total="3145728" percent="0" />
      <mem type="survivor" free="0" total="786432" percent="0" />
    </mem>
    <mem type="tenure" free="2070128136" total="2088697856" percent="99">
      <mem type="soa" free="1944806920" total="1963376640" percent="99" />
      <mem type="loa" free="125321216" total="125321216" percent="100" />
    </mem>
    <remembered-set count="1351" />
  </mem-info>
</gc-start>
<allocation-stats totalBytes="2840536" >
  <allocated-bytes non-tlh="32" tlh="2840504" />
  <largest-consumer threadName="main" threadId="0000000002213700" bytes="2840536" />
</allocation-stats>
<gc-op id="2021" type="scavenge" timems="0.576" contextid="2018" timestamp="2019-06-16T21:30:58.924">
  <scavenger-info tenureage="3" tenuremask="ffc8" tiltratio="80" />
  <memory-copied type="nursery" objects="8620" bytes="309280" bytesdiscarded="43232" />
  <memory-copied type="tenure" objects="2492" bytes="89136" bytesdiscarded="24" />
</gc-op>
<gc-end id="2022" type="scavenge" contextid="2018" durationms="1.133" usertimems="0.000" systemtimems="0.000" timestamp="2019-06-16T21:30:58.925" activeThreads="4">
  <mem-info id="2023" free="2072877832" total="2092630016" percent="99">
    <mem type="nursery" free="2858752" total="3932160" percent="72">
      <mem type="allocate" free="2858752" total="3211264" percent="89" />
      <mem type="survivor" free="0" total="720896" percent="0" />
    </mem>
    <mem type="tenure" free="2070019080" total="2088697856" percent="99" macro-fragmented="3732887">
      <mem type="soa" free="1944697864" total="1963376640" percent="99" />
      <mem type="loa" free="125321216" total="125321216" percent="100" />
    </mem>
    <remembered-set count="1045" />
  </mem-info>
</gc-end>
<cycle-end id="2024" type="scavenge" contextid="2018" timestamp="2019-06-16T21:30:58.925" />
  <attribute name="elasticGC enabled" value="1" />
  <attribute name= "numThreadsSpecified" value="4" />
  <attribute name="heapSize specified" value="9371648" />
  <attribute name="Current GC Util" value="34" />
  <attribute name= "Current Time Running" value="44890" />
  <attribute name ="GC Interval" value="200" />
  <attribute name="ProportionalT" value="7.000000" />
  <attribute name="ProportionalI" value="7.000000" />
  <attribute name="ProportionalH" value="7.000000" />
  <attribute name="Current Error" value="14.000000" />
  <attribute name="IntegralT" value="42.000000" />
  <attribute name="IntegralI" value="42.000000" />
  <attribute name="IntegralH" value="42.000000" />
  <attribute name="DerivativeT" value="0.166667" />
  <attribute name="DerivativeI" value="0.166667" />
  <attribute name="DerivativeH" value="0.166667" />
  <attribute name="Loop Time for DT" value="6.000000" />
  <attribute name="Output H" value="8388608"/>
  <attribute name="Output I" value="200"/>
  <attribute name="Output T" value="4"/>
  <attribute name="Target GC Util Change" value ="20.000000" />
  <attribute name="Current GC Util Change" value="34.000000"/>
  <attribute name="GC Util currently" value="34" />
  <attribute name="CPU Util currently" value="901959412323" />
<allocation-satisfied id="2025" threadId="0000000002213700" bytesRequested="32" />
<af-end id="2026" timestamp="2019-06-16T21:30:58.925" threadId="0000000002214088" success="true" from="nursery"/>
<exclusive-end id="2027" timestamp="2019-06-16T21:30:58.925" durationms="1.866" />

<exclusive-start id="2028" timestamp="2019-06-16T21:30:58.928" intervalms="4.717">
  <response-info timems="0.030" idlems="0.030" threads="0" lastid="0000000002213700" lastname="main" />
</exclusive-start>
<af-start id="2029" threadId="0000000002214088" totalBytesRequested="24" timestamp="2019-06-16T21:30:58.928" intervalms="4.681" type="nursery" />
<cycle-start id="2030" type="scavenge" contextid="0" timestamp="2019-06-16T21:30:58.928" intervalms="4.676" />
<gc-start id="2031" type="scavenge" contextid="2030" timestamp="2019-06-16T21:30:58.928">
  <mem-info id="2032" free="2070019080" total="2092630016" percent="98">
    <mem type="nursery" free="0" total="3932160" percent="0">
      <mem type="allocate" free="0" total="3211264" percent="0" />
      <mem type="survivor" free="0" total="720896" percent="0" />
    </mem>
    <mem type="tenure" free="2070019080" total="2088697856" percent="99">
      <mem type="soa" free="1944697864" total="1963376640" percent="99" />
      <mem type="loa" free="125321216" total="125321216" percent="100" />
    </mem>
    <remembered-set count="1345" />
  </mem-info>
</gc-start>
<allocation-stats totalBytes="2858344" >
  <allocated-bytes non-tlh="32" tlh="2858312" />
  <largest-consumer threadName="main" threadId="0000000002213700" bytes="2858344" />
</allocation-stats>
<gc-op id="2033" type="scavenge" timems="0.645" contextid="2030" timestamp="2019-06-16T21:30:58.929">
  <scavenger-info tenureage="5" tenuremask="ffe0" tiltratio="81" />
  <memory-copied type="nursery" objects="11613" bytes="416336" bytesdiscarded="92848" />
</gc-op>
<gc-end id="2034" type="scavenge" contextid="2030" durationms="1.192" usertimems="0.000" systemtimems="0.000" timestamp="2019-06-16T21:30:58.929" activeThreads="4">
  <mem-info id="2035" free="2072721160" total="2092630016" percent="99">
    <mem type="nursery" free="2702080" total="3932160" percent="68">
      <mem type="allocate" free="2702080" total="3211264" percent="84" />
      <mem type="survivor" free="0" total="720896" percent="0" />
    </mem>
    <mem type="tenure" free="2070019080" total="2088697856" percent="99" macro-fragmented="502401">
      <mem type="soa" free="1944697864" total="1963376640" percent="99" />
      <mem type="loa" free="125321216" total="125321216" percent="100" />
    </mem>
    <remembered-set count="1344" />
  </mem-info>
</gc-end>
<cycle-end id="2036" type="scavenge" contextid="2030" timestamp="2019-06-16T21:30:58.930" />
  <attribute name="elasticGC enabled" value="1" />
  <attribute name= "numThreadsSpecified" value="4" />
  <attribute name="heapSize specified" value="9371648" />
  <attribute name="Current GC Util" value="32" />
  <attribute name= "Current Time Running" value="44894" />
  <attribute name ="GC Interval" value="200" />
  <attribute name="ProportionalT" value="6.000000" />
  <attribute name="ProportionalI" value="6.000000" />
  <attribute name="ProportionalH" value="6.000000" />
  <attribute name="Current Error" value="12.000000" />
  <attribute name="IntegralT" value="24.000000" />
  <attribute name="IntegralI" value="24.000000" />
  <attribute name="IntegralH" value="24.000000" />
  <attribute name="DerivativeT" value="-0.500000" />
  <attribute name="DerivativeI" value="-0.500000" />
  <attribute name="DerivativeH" value="-0.500000" />
  <attribute name="Loop Time for DT" value="4.000000" />
  <attribute name="Output H" value="8388608"/>
  <attribute name="Output I" value="200"/>
  <attribute name="Output T" value="4"/>
  <attribute name="Target GC Util Change" value ="20.000000" />
  <attribute name="Current GC Util Change" value="32.000000"/>
  <attribute name="GC Util currently" value="32" />
  <attribute name="CPU Util currently" value="992198919013" />
<allocation-satisfied id="2037" threadId="0000000002213700" bytesRequested="24" />
<af-end id="2038" timestamp="2019-06-16T21:30:58.930" threadId="0000000002214088" success="true" from="nursery"/>
<exclusive-end id="2039" timestamp="2019-06-16T21:30:58.930" durationms="1.827" />

<exclusive-start id="2040" timestamp="2019-06-16T21:30:58.936" intervalms="8.221">
  <response-info timems="0.029" idlems="0.029" threads="0" lastid="0000000002213700" lastname="main" />
</exclusive-start>
<af-start id="2041" threadId="0000000002214088" totalBytesRequested="64" timestamp="2019-06-16T21:30:58.936" intervalms="8.263" type="nursery" />
<cycle-start id="2042" type="scavenge" contextid="0" timestamp="2019-06-16T21:30:58.936" intervalms="8.262" />
<gc-start id="2043" type="scavenge" contextid="2042" timestamp="2019-06-16T21:30:58.937">
  <mem-info id="2044" free="2070019080" total="2092630016" percent="98">
    <mem type="nursery" free="0" total="3932160" percent="0">
      <mem type="allocate" free="0" total="3211264" percent="0" />
      <mem type="survivor" free="0" total="720896" percent="0" />
    </mem>
    <mem type="tenure" free="2070019080" total="2088697856" percent="99">
      <mem type="soa" free="1944697864" total="1963376640" percent="99" />
      <mem type="loa" free="125321216" total="125321216" percent="100" />
    </mem>
    <remembered-set count="1482" />
  </mem-info>
</gc-start>
<allocation-stats totalBytes="2701440" >
  <allocated-bytes non-tlh="24" tlh="2701416" />
  <largest-consumer threadName="main" threadId="0000000002213700" bytes="2701440" />
</allocation-stats>
<gc-op id="2045" type="scavenge" timems="0.816" contextid="2042" timestamp="2019-06-16T21:30:58.938">
  <scavenger-info tenureage="3" tenuremask="4018" tiltratio="81" />
  <memory-copied type="nursery" objects="8630" bytes="368440" bytesdiscarded="193496" />
  <memory-copied type="tenure" objects="4821" bytes="180304" bytesdiscarded="112" />
</gc-op>
<gc-end id="2046" type="scavenge" contextid="2042" durationms="1.547" usertimems="0.000" systemtimems="0.000" timestamp="2019-06-16T21:30:58.938" activeThreads="4">
  <mem-info id="2047" free="2072577272" total="2092630016" percent="99">
    <mem type="nursery" free="2714864" total="3932160" percent="69">
      <mem type="allocate" free="2714864" total="3276800" percent="82" />
      <mem type="survivor" free="0" total="655360" percent="0" />
    </mem>
    <mem type="tenure" free="2069862408" total="2088697856" percent="99" macro-fragmented="0">
      <mem type="soa" free="1944541192" total="1963376640" percent="99" />
      <mem type="loa" free="125321216" total="125321216" percent="100" />
    </mem>
    <remembered-set count="991" />
  </mem-info>
</gc-end>
<cycle-end id="2048" type="scavenge" contextid="2042" timestamp="2019-06-16T21:30:58.938" />
  <attribute name="elasticGC enabled" value="1" />
  <attribute name= "numThreadsSpecified" value="4" />
  <attribute name="heapSize specified" value="9371648" />
  <attribute name="Current GC Util" value="17" />
  <attribute name= "Current Time Running" value="44903" />
  <attribute name ="GC Interval" value="200" />
  <attribute name="ProportionalT" value="-1.500000" />
  <attribute name="ProportionalI" value="-1.500000" />
  <attribute name="ProportionalH" value="-1.500000" />
  <attribute name="Current Error" value="-3.000000" />
  <attribute name="IntegralT" value="-13.500000" />
  <attribute name="IntegralI" value="-13.500000" />
  <attribute name="IntegralH" value="-13.500000" />
  <attribute name="DerivativeT" value="-1.666667" />
  <attribute name="DerivativeI" value="-1.666667" />
  <attribute name="DerivativeH" value="-1.666667" />
  <attribute name="Loop Time for DT" value="9.000000" />
  <attribute name="Output H" value="2092630016"/>
  <attribute name="Output I" value="200"/>
  <attribute name="Output T" value="4"/>
  <attribute name="Target GC Util Change" value ="20.000000" />
  <attribute name="Current GC Util Change" value="17.000000"/>
  <attribute name="GC Util currently" value="17" />
  <attribute name="CPU Util currently" value="547243619033" />
<allocation-satisfied id="2049" threadId="0000000002213700" bytesRequested="64" />
<af-end id="2050" timestamp="2019-06-16T21:30:58.939" threadId="0000000002214088" success="true" from="nursery"/>
<exclusive-end id="2051" timestamp="2019-06-16T21:30:58.939" durationms="2.463" />

<exclusive-start id="2052" timestamp="2019-06-16T21:30:58.960" intervalms="23.984">
  <response-info timems="0.024" idlems="0.024" threads="0" lastid="0000000002213700" lastname="main" />
</exclusive-start>
<af-start id="2053" threadId="0000000002214088" totalBytesRequested="8504" timestamp="2019-06-16T21:30:58.960" intervalms="23.987" type="nursery" />
<cycle-start id="2054" type="scavenge" contextid="0" timestamp="2019-06-16T21:30:58.960" intervalms="23.979" />
<gc-start id="2055" type="scavenge" contextid="2054" timestamp="2019-06-16T21:30:58.961">
  <mem-info id="2056" free="2069861768" total="2092630016" percent="98">
    <mem type="nursery" free="0" total="3932160" percent="0">
      <mem type="allocate" free="0" total="3276800" percent="0" />
      <mem type="survivor" free="0" total="655360" percent="0" />
    </mem>
    <mem type="tenure" free="2069861768" total="2088697856" percent="99">
      <mem type="soa" free="1944540552" total="1963376640" percent="99" />
      <mem type="loa" free="125321216" total="125321216" percent="100" />
    </mem>
    <remembered-set count="1007" />
  </mem-info>
</gc-start>
<allocation-stats totalBytes="2706736" >
  <allocated-bytes non-tlh="200712" tlh="2506024" />
  <largest-consumer threadName="main" threadId="0000000002213700" bytes="2706736" />
</allocation-stats>
<gc-op id="2057" type="scavenge" timems="0.716" contextid="2054" timestamp="2019-06-16T21:30:58.961">
  <scavenger-info tenureage="14" tenuremask="4000" tiltratio="83" />
  <memory-copied type="nursery" objects="7018" bytes="301912" bytesdiscarded="172616" />
  <references type="soft" candidates="1" cleared="0" enqueued="0" dynamicThreshold="31" maxThreshold="32" />
  <references type="weak" candidates="10" cleared="0" enqueued="0" />
</gc-op>
<gc-end id="2058" type="scavenge" contextid="2054" durationms="1.483" usertimems="0.000" systemtimems="0.000" timestamp="2019-06-16T21:30:58.962" activeThreads="4">
  <mem-info id="2059" free="2072729552" total="2092630016" percent="99">
    <mem type="nursery" free="2867784" total="3932160" percent="72">
      <mem type="allocate" free="2867784" total="3342336" percent="85" />
      <mem type="survivor" free="0" total="589824" percent="0" />
    </mem>
    <mem type="tenure" free="2069861768" total="2088697856" percent="99" macro-fragmented="0">
      <mem type="soa" free="1944540552" total="1963376640" percent="99" />
      <mem type="loa" free="125321216" total="125321216" percent="100" />
    </mem>
    <remembered-set count="999" />
  </mem-info>
</gc-end>
<cycle-end id="2060" type="scavenge" contextid="2054" timestamp="2019-06-16T21:30:58.962" />
  <attribute name="elasticGC enabled" value="1" />
  <attribute name= "numThreadsSpecified" value="4" />
  <attribute name="heapSize specified" value="9371648" />
  <attribute name="Current GC Util" value="7" />
  <attribute name= "Current Time Running" value="44927" />
  <attribute name ="GC Interval" value="200" />
  <attribute name="ProportionalT" value="-6.500000" />
  <attribute name="ProportionalI" value="-6.500000" />
  <attribute name="ProportionalH" value="-6.500000" />
  <attribute name="Current Error" value="-13.000000" />
  <attribute name="IntegralT" value="-156.000000" />
  <attribute name="IntegralI" value="-156.000000" />
  <attribute name="IntegralH" value="-156.000000" />
  <attribute name="DerivativeT" value="-0.541667" />
  <attribute name="DerivativeI" value="-0.541667" />
  <attribute name="DerivativeH" value="-0.541667" />
  <attribute name="Loop Time for DT" value="24.000000" />
  <attribute name="Output H" value="2092630016"/>
  <attribute name="Output I" value="200"/>
  <attribute name="Output T" value="4"/>
  <attribute name="Target GC Util Change" value ="20.000000" />
  <attribute name="Current GC Util Change" value="7.000000"/>
  <attribute name="GC Util currently" value="7" />
  <attribute name="CPU Util currently" value="192072224940" />
<allocation-satisfied id="2061" threadId="0000000002213700" bytesRequested="8504" />
<af-end id="2062" timestamp="2019-06-16T21:30:58.962" threadId="0000000002214088" success="true" from="nursery"/>
<exclusive-end id="2063" timestamp="2019-06-16T21:30:58.962" durationms="2.078" />

<exclusive-start id="2064" timestamp="2019-06-16T21:30:59.024" intervalms="63.555">
  <response-info timems="0.054" idlems="0.054" threads="0" lastid="0000000002213700" lastname="main" />
</exclusive-start>
<af-start id="2065" threadId="0000000002214088" totalBytesRequested="24" timestamp="2019-06-16T21:30:59.024" intervalms="63.612" type="nursery" />
<cycle-start id="2066" type="scavenge" contextid="0" timestamp="2019-06-16T21:30:59.024" intervalms="63.671" />
<gc-start id="2067" type="scavenge" contextid="2066" timestamp="2019-06-16T21:30:59.024">
  <mem-info id="2068" free="2069860696" total="2092630016" percent="98">
    <mem type="nursery" free="0" total="3932160" percent="0">
      <mem type="allocate" free="0" total="3342336" percent="0" />
      <mem type="survivor" free="0" total="589824" percent="0" />
    </mem>
    <mem type="tenure" free="2069860696" total="2088697856" percent="99">
      <mem type="soa" free="1944539480" total="1963376640" percent="99" />
      <mem type="loa" free="125321216" total="125321216" percent="100" />
    </mem>
    <remembered-set count="1027" />
  </mem-info>
</gc-start>
<allocation-stats totalBytes="2868240" >
  <allocated-bytes non-tlh="409592" tlh="2458648" />
  <largest-consumer threadName="main" threadId="0000000002213700" bytes="2868240" />
</allocation-stats>
<gc-op id="2069" type="scavenge" timems="1.115" contextid="2066" timestamp="2019-06-16T21:30:59.026">
  <scavenger-info tenureage="4" tenuremask="4010" tiltratio="85" />
  <memory-copied type="nursery" objects="4516" bytes="469632" bytesdiscarded="120072" />
  <memory-copied type="tenure" objects="5468" bytes="209096" bytesdiscarded="16" />
  <copy-failed type="nursery" objects="2665" bytes="104032" />
  <references type="soft" candidates="3" cleared="0" enqueued="0" dynamicThreshold="31" maxThreshold="32" />
  <references type="weak" candidates="17" cleared="0" enqueued="0" />
  <references type="phantom" candidates="1" cleared="0" enqueued="0" />
</gc-op>
<gc-end id="2070" type="scavenge" contextid="2066" durationms="2.261" usertimems="4.000" systemtimems="0.000" timestamp="2019-06-16T21:30:59.027" activeThreads="4">
  <mem-info id="2071" free="2072106584" total="2092630016" percent="99">
    <mem type="nursery" free="2424832" total="3932160" percent="61">
      <mem type="allocate" free="2424832" total="3014656" percent="80" />
      <mem type="survivor" free="0" total="917504" percent="0" />
    </mem>
    <mem type="tenure" free="2069681752" total="2088697856" percent="99" macro-fragmented="0">
      <mem type="soa" free="1944360536" total="1963376640" percent="99" />
      <mem type="loa" free="125321216" total="125321216" percent="100" />
    </mem>
    <remembered-set count="1501" />
  </mem-info>
</gc-end>
<cycle-end id="2072" type="scavenge" contextid="2066" timestamp="2019-06-16T21:30:59.027" />
  <attribute name="elasticGC enabled" value="1" />
  <attribute name= "numThreadsSpecified" value="4" />
  <attribute name="heapSize specified" value="9371648" />
  <attribute name="Current GC Util" value="2" />
  <attribute name= "Current Time Running" value="44990" />
  <attribute name ="GC Interval" value="200" />
  <attribute name="ProportionalT" value="-9.000000" />
  <attribute name="ProportionalI" value="-9.000000" />
  <attribute name="ProportionalH" value="-9.000000" />
  <attribute name="Current Error" value="-18.000000" />
  <attribute name="IntegralT" value="-567.000000" />
  <attribute name="IntegralI" value="-567.000000" />
  <attribute name="IntegralH" value="-567.000000" />
  <attribute name="DerivativeT" value="-0.285714" />
  <attribute name="DerivativeI" value="-0.285714" />
  <attribute name="DerivativeH" value="-0.285714" />
  <attribute name="Loop Time for DT" value="63.000000" />
  <attribute name="Output H" value="2092630016"/>
  <attribute name="Output I" value="200"/>
  <attribute name="Output T" value="4"/>
  <attribute name="Target GC Util Change" value ="20.000000" />
  <attribute name="Current GC Util Change" value="2.000000"/>
  <attribute name="GC Util currently" value="2" />
  <attribute name="CPU Util currently" value="72268110850" />
<allocation-satisfied id="2073" threadId="0000000002213700" bytesRequested="24" />
<af-end id="2074" timestamp="2019-06-16T21:30:59.027" threadId="0000000002214088" success="true" from="nursery"/>
<exclusive-end id="2075" timestamp="2019-06-16T21:30:59.027" durationms="3.495" />

<exclusive-start id="2076" timestamp="2019-06-16T21:30:59.032" intervalms="8.137">
  <response-info timems="0.052" idlems="0.052" threads="0" lastid="0000000002213700" lastname="main" />
</exclusive-start>
<af-start id="2077" threadId="0000000002214088" totalBytesRequested="32" timestamp="2019-06-16T21:30:59.032" intervalms="8.116" type="nursery" />
<cycle-start id="2078" type="scavenge" contextid="0" timestamp="2019-06-16T21:30:59.032" intervalms="8.101" />
<gc-start id="2079" type="scavenge" contextid="2078" timestamp="2019-06-16T21:30:59.032">
  <mem-info id="2080" free="2069681752" total="2092630016" percent="98">
    <mem type="nursery" free="0" total="3932160" percent="0">
      <mem type="allocate" free="0" total="3014656" percent="0" />
      <mem type="survivor" free="0" total="917504" percent="0" />
    </mem>
    <mem type="tenure" free="2069681752" total="2088697856" percent="99">
      <mem type="soa" free="1944360536" total="1963376640" percent="99" />
      <mem type="loa" free="125321216" total="125321216" percent="100" />
    </mem>
    <remembered-set count="1501" />
  </mem-info>
</gc-start>
<allocation-stats totalBytes="2424568" >
  <allocated-bytes non-tlh="24" tlh="2424544" />
  <largest-consumer threadName="main" threadId="0000000002213700" bytes="2424568" />
</allocation-stats>
<gc-op id="2081" type="scavenge" timems="0.809" contextid="2078" timestamp="2019-06-16T21:30:59.033">
  <scavenger-info tenureage="4" tenuremask="4010" tiltratio="76" />
  <memory-copied type="nursery" objects="5523" bytes="515200" bytesdiscarded="181520" />
  <memory-copied type="tenure" objects="906" bytes="31152" bytesdiscarded="0" />
  <references type="soft" candidates="3" cleared="0" enqueued="0" dynamicThreshold="31" maxThreshold="32" />
  <references type="weak" candidates="17" cleared="0" enqueued="0" />
  <references type="phantom" candidates="1" cleared="0" enqueued="0" />
</gc-op>
<gc-end id="2082" type="scavenge" contextid="2078" durationms="1.751" usertimems="0.000" systemtimems="0.000" timestamp="2019-06-16T21:30:59.034" activeThreads="4">
  <mem-info id="2083" free="2071999576" total="2092630016" percent="99">
    <mem type="nursery" free="2317824" total="3932160" percent="58">
      <mem type="allocate" free="2317824" total="3014656" percent="76" />
      <mem type="survivor" free="0" total="917504" percent="0" />
    </mem>
    <mem type="tenure" free="2069681752" total="2088697856" percent="99" macro-fragmented="524320">
      <mem type="soa" free="1944360536" total="1963376640" percent="99" />
      <mem type="loa" free="125321216" total="125321216" percent="100" />
    </mem>
    <remembered-set count="699" />
  </mem-info>
</gc-end>
<cycle-end id="2084" type="scavenge" contextid="2078" timestamp="2019-06-16T21:30:59.034" />
  <attribute name="elasticGC enabled" value="1" />
  <attribute name= "numThreadsSpecified" value="4" />
  <attribute name="heapSize specified" value="9371648" />
  <attribute name="Current GC Util" value="38" />
  <attribute name= "Current Time Running" value="44999" />
  <attribute name ="GC Interval" value="200" />
  <attribute name="ProportionalT" value="9.000000" />
  <attribute name="ProportionalI" value="9.000000" />
  <attribute name="ProportionalH" value="9.000000" />
  <attribute name="Current Error" value="18.000000" />
  <attribute name="IntegralT" value="81.000000" />
  <attribute name="IntegralI" value="81.000000" />
  <attribute name="IntegralH" value="81.000000" />
  <attribute name="DerivativeT" value="2.000000" />
  <attribute name="DerivativeI" value="2.000000" />
  <attribute name="DerivativeH" value="2.000000" />
  <attribute name="Loop Time for DT" value="9.000000" />
  <attribute name="Output H" value="8388608"/>
  <attribute name="Output I" value="200"/>
  <attribute name="Output T" value="4"/>
  <attribute name="Target GC Util Change" value ="20.000000" />
  <attribute name="Current GC Util Change" value="38.000000"/>
  <attribute name="GC Util currently" value="38" />
  <attribute name="CPU Util currently" value="573689757409" />
<allocation-satisfied id="2085" threadId="0000000002213700" bytesRequested="32" />
<af-end id="2086" timestamp="2019-06-16T21:30:59.034" threadId="0000000002214088" success="true" from="nursery"/>
<exclusive-end id="2087" timestamp="2019-06-16T21:30:59.035" durationms="2.698" />

<exclusive-start id="2088" timestamp="2019-06-16T21:30:59.039" intervalms="6.692">
  <response-info timems="0.034" idlems="0.034" threads="0" lastid="0000000002213700" lastname="main" />
</exclusive-start>
<af-start id="2089" threadId="0000000002214088" totalBytesRequested="32" timestamp="2019-06-16T21:30:59.039" intervalms="6.653" type="nursery" />
<cycle-start id="2090" type="scavenge" contextid="0" timestamp="2019-06-16T21:30:59.039" intervalms="6.622" />
<gc-start id="2091" type="scavenge" contextid="2090" timestamp="2019-06-16T21:30:59.039">
  <mem-info id="2092" free="2069681752" total="2092630016" percent="98">
    <mem type="nursery" free="0" total="3932160" percent="0">
      <mem type="allocate" free="0" total="3014656" percent="0" />
      <mem type="survivor" free="0" total="917504" percent="0" />
    </mem>
    <mem type="tenure" free="2069681752" total="2088697856" percent="99">
      <mem type="soa" free="1944360536" total="1963376640" percent="99" />
      <mem type="loa" free="125321216" total="125321216" percent="100" />
    </mem>
    <remembered-set count="699" />
  </mem-info>
</gc-start>
<allocation-stats totalBytes="2317480" >
  <allocated-bytes non-tlh="32" tlh="2317448" />
  <largest-consumer threadName="main" threadId="0000000002213700" bytes="2317480" />
</allocation-stats>
<gc-op id="2093" type="scavenge" timems="0.634" contextid="2090" timestamp="2019-06-16T21:30:59.040">
  <scavenger-info tenureage="3" tenuremask="4018" tiltratio="76" />
  <memory-copied type="nursery" objects="6700" bytes="529856" bytesdiscarded="331208" />
  <memory-copied type="tenure" objects="634" bytes="52864" bytesdiscarded="24" />
  <references type="soft" candidates="2" cleared="0" enqueued="0" dynamicThreshold="31" maxThreshold="32" />
  <references type="weak" candidates="7" cleared="0" enqueued="0" />
  <references type="phantom" candidates="1" cleared="0" enqueued="0" />
</gc-op>
<gc-end id="2094" type="scavenge" contextid="2090" durationms="1.280" usertimems="4.000" systemtimems="0.000" timestamp="2019-06-16T21:30:59.040" activeThreads="4">
  <mem-info id="2095" free="2071770304" total="2092630016" percent="99">
    <mem type="nursery" free="2219040" total="3932160" percent="56">
      <mem type="allocate" free="2219040" total="3080192" percent="72" />
      <mem type="survivor" free="0" total="851968" percent="0" />
    </mem>
    <mem type="tenure" free="2069551264" total="2088697856" percent="99" macro-fragmented="0">
      <mem type="soa" free="1944230048" total="1963376640" percent="99" />
      <mem type="loa" free="125321216" total="125321216" percent="100" />
    </mem>
    <remembered-set count="94" />
  </mem-info>
</gc-end>
<cycle-end id="2096" type="scavenge" contextid="2090" timestamp="2019-06-16T21:30:59.040" />
  <attribute name="elasticGC enabled" value="1" />
  <attribute name= "numThreadsSpecified" value="4" />
  <attribute name="heapSize specified" value="9371648" />
  <attribute name="Current GC Util" value="37" />
  <attribute name= "Current Time Running" value="45005" />
  <attribute name ="GC Interval" value="200" />
  <attribute name="ProportionalT" value="8.500000" />
  <attribute name="ProportionalI" value="8.500000" />
  <attribute name="ProportionalH" value="8.500000" />
  <attribute name="Current Error" value="17.000000" />
  <attribute name="IntegralT" value="51.000000" />
  <attribute name="IntegralI" value="51.000000" />
  <attribute name="IntegralH" value="51.000000" />
  <attribute name="DerivativeT" value="-0.166667" />
  <attribute name="DerivativeI" value="-0.166667" />
  <attribute name="DerivativeH" value="-0.166667" />
  <attribute name="Loop Time for DT" value="6.000000" />
  <attribute name="Output H" value="8388608"/>
  <attribute name="Output I" value="200"/>
  <attribute name="Output T" value="4"/>
  <attribute name="Target GC Util Change" value ="20.000000" />
  <attribute name="Current GC Util Change" value="37.000000"/>
  <attribute name="GC Util currently" value="37" />
  <attribute name="CPU Util currently" value="719335197443" />
<allocation-satisfied id="2097" threadId="0000000002213700" bytesRequested="32" />
<af-end id="2098" timestamp="2019-06-16T21:30:59.040" threadId="0000000002214088" success="true" from="nursery"/>
<exclusive-end id="2099" timestamp="2019-06-16T21:30:59.041" durationms="1.986" />

<exclusive-start id="2100" timestamp="2019-06-16T21:30:59.044" intervalms="5.264">
  <response-info timems="0.032" idlems="0.032" threads="0" lastid="0000000002213700" lastname="main" />
</exclusive-start>
<af-start id="2101" threadId="0000000002214088" totalBytesRequested="32" timestamp="2019-06-16T21:30:59.044" intervalms="5.260" type="nursery" />
<cycle-start id="2102" type="scavenge" contextid="0" timestamp="2019-06-16T21:30:59.044" intervalms="5.251" />
<gc-start id="2103" type="scavenge" contextid="2102" timestamp="2019-06-16T21:30:59.044">
  <mem-info id="2104" free="2069551264" total="2092630016" percent="98">
    <mem type="nursery" free="0" total="3932160" percent="0">
      <mem type="allocate" free="0" total="3080192" percent="0" />
      <mem type="survivor" free="0" total="851968" percent="0" />
    </mem>
    <mem type="tenure" free="2069551264" total="2088697856" percent="99">
      <mem type="soa" free="1944230048" total="1963376640" percent="99" />
      <mem type="loa" free="125321216" total="125321216" percent="100" />
    </mem>
    <remembered-set count="94" />
  </mem-info>
</gc-start>
<allocation-stats totalBytes="2218712" >
  <allocated-bytes non-tlh="32" tlh="2218680" />
  <largest-consumer threadName="main" threadId="0000000002213700" bytes="2218712" />
</allocation-stats>
<gc-op id="2105" type="scavenge" timems="0.839" contextid="2102" timestamp="2019-06-16T21:30:59.045">
  <scavenger-info tenureage="3" tenuremask="4008" tiltratio="78" />
  <memory-copied type="nursery" objects="5386" bytes="210928" bytesdiscarded="256016" />
  <memory-copied type="tenure" objects="2975" bytes="381112" bytesdiscarded="40" />
</gc-op>
<gc-end id="2106" type="scavenge" contextid="2102" durationms="1.411" usertimems="4.000" systemtimems="0.000" timestamp="2019-06-16T21:30:59.046" activeThreads="4">
  <mem-info id="2107" free="2071904592" total="2092630016" percent="99">
    <mem type="nursery" free="2678784" total="3932160" percent="68">
      <mem type="allocate" free="2678784" total="3145728" percent="85" />
      <mem type="survivor" free="0" total="786432" percent="0" />
    </mem>
    <mem type="tenure" free="2069225808" total="2088697856" percent="99" macro-fragmented="10920">
      <mem type="soa" free="1943904592" total="1963376640" percent="99" />
      <mem type="loa" free="125321216" total="125321216" percent="100" />
    </mem>
    <remembered-set count="585" />
  </mem-info>
</gc-end>
<cycle-end id="2108" type="scavenge" contextid="2102" timestamp="2019-06-16T21:30:59.046" />
  <attribute name="elasticGC enabled" value="1" />
  <attribute name= "numThreadsSpecified" value="4" />
  <attribute name="heapSize specified" value="9371648" />
  <attribute name="Current GC Util" value="34" />
  <attribute name= "Current Time Running" value="45010" />
  <attribute name ="GC Interval" value="200" />
  <attribute name="ProportionalT" value="7.000000" />
  <attribute name="ProportionalI" value="7.000000" />
  <attribute name="ProportionalH" value="7.000000" />
  <attribute name="Current Error" value="14.000000" />
  <attribute name="IntegralT" value="35.000000" />
  <attribute name="IntegralI" value="35.000000" />
  <attribute name="IntegralH" value="35.000000" />
  <attribute name="DerivativeT" value="-0.600000" />
  <attribute name="DerivativeI" value="-0.600000" />
  <attribute name="DerivativeH" value="-0.600000" />
  <attribute name="Loop Time for DT" value="5.000000" />
  <attribute name="Output H" value="8388608"/>
  <attribute name="Output I" value="200"/>
  <attribute name="Output T" value="4"/>
  <attribute name="Target GC Util Change" value ="20.000000" />
  <attribute name="Current GC Util Change" value="34.000000"/>
  <attribute name="GC Util currently" value="34" />
  <attribute name="CPU Util currently" value="883997012873" />
<allocation-satisfied id="2109" threadId="0000000002213700" bytesRequested="32" />
<af-end id="2110" timestamp="2019-06-16T21:30:59.046" threadId="0000000002214088" success="true" from="nursery"/>
<exclusive-end id="2111" timestamp="2019-06-16T21:30:59.046" durationms="2.175" />

<exclusive-start id="2112" timestamp="2019-06-16T21:30:59.051" intervalms="7.215">
  <response-info timems="0.029" idlems="0.029" threads="0" lastid="0000000002213700" lastname="main" />
</exclusive-start>
<af-start id="2113" threadId="0000000002214088" totalBytesRequested="56" timestamp="2019-06-16T21:30:59.051" intervalms="7.217" type="nursery" />
<cycle-start id="2114" type="scavenge" contextid="0" timestamp="2019-06-16T21:30:59.051" intervalms="7.217" />
<gc-start id="2115" type="scavenge" contextid="2114" timestamp="2019-06-16T21:30:59.051">
  <mem-info id="2116" free="2069225808" total="2092630016" percent="98">
    <mem type="nursery" free="0" total="3932160" percent="0">
      <mem type="allocate" free="0" total="3145728" percent="0" />
      <mem type="survivor" free="0" total="786432" percent="0" />
    </mem>
    <mem type="tenure" free="2069225808" total="2088697856" percent="99">
      <mem type="soa" free="1943904592" total="1963376640" percent="99" />
      <mem type="loa" free="125321216" total="125321216" percent="100" />
    </mem>
    <remembered-set count="731" />
  </mem-info>
</gc-start>
<allocation-stats totalBytes="2678456" >
  <allocated-bytes non-tlh="32" tlh="2678424" />
  <largest-consumer threadName="main" threadId="0000000002213700" bytes="2678456" />
</allocation-stats>
<gc-op id="2117" type="scavenge" timems="0.545" contextid="2114" timestamp="2019-06-16T21:30:59.052">
  <scavenger-info tenureage="3" tenuremask="4008" tiltratio="80" />
  <memory-copied type="nursery" objects="5849" bytes="239632" bytesdiscarded="26096" />
  <memory-copied type="tenure" objects="1581" bytes="70520" bytesdiscarded="0" />
</gc-op>
<gc-end id="2118" type="scavenge" contextid="2114" durationms="1.121" usertimems="0.000" systemtimems="0.000" timestamp="2019-06-16T21:30:59.052" activeThreads="4">
  <mem-info id="2119" free="2072101456" total="2092630016" percent="99">
    <mem type="nursery" free="2945536" total="3932160" percent="74">
      <mem type="allocate" free="2945536" total="3211264" percent="91" />
      <mem type="survivor" free="0" total="720896" percent="0" />
    </mem>
    <mem type="tenure" free="2069155920" total="2088697856" percent="99" macro-fragmented="0">
      <mem type="soa" free="1943834704" total="1963376640" percent="99" />
      <mem type="loa" free="125321216" total="125321216" percent="100" />
    </mem>
    <remembered-set count="636" />
  </mem-info>
</gc-end>
<cycle-end id="2120" type="scavenge" contextid="2114" timestamp="2019-06-16T21:30:59.053" />
  <attribute name="elasticGC enabled" value="1" />
  <attribute name= "numThreadsSpecified" value="4" />
  <attribute name="heapSize specified" value="9371648" />
  <attribute name="Current GC Util" value="24" />
  <attribute name= "Current Time Running" value="45017" />
  <attribute name ="GC Interval" value="200" />
  <attribute name="ProportionalT" value="2.000000" />
  <attribute name="ProportionalI" value="2.000000" />
  <attribute name="ProportionalH" value="2.000000" />
  <attribute name="Current Error" value="4.000000" />
  <attribute name="IntegralT" value="14.000000" />
  <attribute name="IntegralI" value="14.000000" />
  <attribute name="IntegralH" value="14.000000" />
  <attribute name="DerivativeT" value="-1.428571" />
  <attribute name="DerivativeI" value="-1.428571" />
  <attribute name="DerivativeH" value="-1.428571" />
  <attribute name="Loop Time for DT" value="7.000000" />
  <attribute name="Output H" value="8388608"/>
  <attribute name="Output I" value="200"/>
  <attribute name="Output T" value="4"/>
  <attribute name="Target GC Util Change" value ="20.000000" />
  <attribute name="Current GC Util Change" value="24.000000"/>
  <attribute name="GC Util currently" value="24" />
  <attribute name="CPU Util currently" value="640039293800" />
<allocation-satisfied id="2121" threadId="0000000002213700" bytesRequested="56" />
<af-end id="2122" timestamp="2019-06-16T21:30:59.053" threadId="0000000002214088" success="true" from="nursery"/>
<exclusive-end id="2123" timestamp="2019-06-16T21:30:59.053" durationms="1.822" />

<exclusive-start id="2124" timestamp="2019-06-16T21:30:59.075" intervalms="24.061">
  <response-info timems="0.036" idlems="0.036" threads="0" lastid="0000000002213700" lastname="main" />
</exclusive-start>
<af-start id="2125" threadId="0000000002214088" totalBytesRequested="32" timestamp="2019-06-16T21:30:59.075" intervalms="24.076" type="nursery" />
<cycle-start id="2126" type="scavenge" contextid="0" timestamp="2019-06-16T21:30:59.075" intervalms="24.084" />
<gc-start id="2127" type="scavenge" contextid="2126" timestamp="2019-06-16T21:30:59.075">
  <mem-info id="2128" free="2069155480" total="2092630016" percent="98">
    <mem type="nursery" free="0" total="3932160" percent="0">
      <mem type="allocate" free="0" total="3211264" percent="0" />
      <mem type="survivor" free="0" total="720896" percent="0" />
    </mem>
    <mem type="tenure" free="2069155480" total="2088697856" percent="99">
      <mem type="soa" free="1943834264" total="1963376640" percent="99" />
      <mem type="loa" free="125321216" total="125321216" percent="100" />
    </mem>
    <remembered-set count="652" />
  </mem-info>
</gc-start>
<allocation-stats totalBytes="2945240" >
  <allocated-bytes non-tlh="200504" tlh="2744736" />
  <largest-consumer threadName="main" threadId="0000000002213700" bytes="2945240" />
</allocation-stats>
<gc-op id="2129" type="scavenge" timems="0.659" contextid="2126" timestamp="2019-06-16T21:30:59.076">
  <scavenger-info tenureage="14" tenuremask="4000" tiltratio="81" />
  <memory-copied type="nursery" objects="10053" bytes="682056" bytesdiscarded="38800" />
  <memory-copied type="tenure" objects="876" bytes="66088" bytesdiscarded="8" />
  <copy-failed type="nursery" objects="876" bytes="66104" />
  <references type="soft" candidates="1" cleared="0" enqueued="0" dynamicThreshold="31" maxThreshold="32" />
  <references type="weak" candidates="6" cleared="0" enqueued="0" />
  <references type="phantom" candidates="1" cleared="0" enqueued="0" />
</gc-op>
<gc-end id="2130" type="scavenge" contextid="2126" durationms="1.389" usertimems="4.000" systemtimems="0.000" timestamp="2019-06-16T21:30:59.077" activeThreads="4">
  <mem-info id="2131" free="2070951320" total="2092630016" percent="98">
    <mem type="nursery" free="1835008" total="3932160" percent="46">
      <mem type="allocate" free="1835008" total="2555904" percent="71" />
      <mem type="survivor" free="0" total="1376256" percent="0" />
    </mem>
    <mem type="tenure" free="2069116312" total="2088697856" percent="99" macro-fragmented="800032">
      <mem type="soa" free="1943795096" total="1963376640" percent="99" />
      <mem type="loa" free="125321216" total="125321216" percent="100" />
    </mem>
    <remembered-set count="936" />
  </mem-info>
</gc-end>
<cycle-end id="2132" type="scavenge" contextid="2126" timestamp="2019-06-16T21:30:59.077" />
  <attribute name="elasticGC enabled" value="1" />
  <attribute name= "numThreadsSpecified" value="4" />
  <attribute name="heapSize specified" value="9371648" />
  <attribute name="Current GC Util" value="5" />
  <attribute name= "Current Time Running" value="45042" />
  <attribute name ="GC Interval" value="200" />
  <attribute name="ProportionalT" value="-7.500000" />
  <attribute name="ProportionalI" value="-7.500000" />
  <attribute name="ProportionalH" value="-7.500000" />
  <attribute name="Current Error" value="-15.000000" />
  <attribute name="IntegralT" value="-187.500000" />
  <attribute name="IntegralI" value="-187.500000" />
  <attribute name="IntegralH" value="-187.500000" />
  <attribute name="DerivativeT" value="-0.760000" />
  <attribute name="DerivativeI" value="-0.760000" />
  <attribute name="DerivativeH" value="-0.760000" />
  <attribute name="Loop Time for DT" value="25.000000" />
  <attribute name="Output H" value="2092630016"/>
  <attribute name="Output I" value="200"/>
  <attribute name="Output T" value="4"/>
  <attribute name="Target GC Util Change" value ="20.000000" />
  <attribute name="Current GC Util Change" value="5.000000"/>
  <attribute name="GC Util currently" value="5" />
  <attribute name="CPU Util currently" value="190196226635" />
<allocation-satisfied id="2133" threadId="0000000002213700" bytesRequested="32" />
<af-end id="2134" timestamp="2019-06-16T21:30:59.077" threadId="0000000002214088" success="true" from="nursery"/>
<exclusive-end id="2135" timestamp="2019-06-16T21:30:59.077" durationms="2.037" />

<exclusive-start id="2136" timestamp="2019-06-16T21:30:59.080" intervalms="4.721">
  <response-info timems="0.030" idlems="0.030" threads="0" lastid="0000000002213700" lastname="main" />
</exclusive-start>
<af-start id="2137" threadId="0000000002214088" totalBytesRequested="32" timestamp="2019-06-16T21:30:59.080" intervalms="4.699" type="nursery" />
<cycle-start id="2138" type="scavenge" contextid="0" timestamp="2019-06-16T21:30:59.080" intervalms="4.693" />
<gc-start id="2139" type="scavenge" contextid="2138" timestamp="2019-06-16T21:30:59.080">
  <mem-info id="2140" free="2069116312" total="2092630016" percent="98">
    <mem type="nursery" free="0" total="3932160" percent="0">
      <mem type="allocate" free="0" total="2555904" percent="0" />
      <mem type="survivor" free="0" total="1376256" percent="0" />
    </mem>
    <mem type="tenure" free="2069116312" total="2088697856" percent="99">
      <mem type="soa" free="1943795096" total="1963376640" percent="99" />
      <mem type="loa" free="125321216" total="125321216" percent="100" />
    </mem>
    <remembered-set count="936" />
  </mem-info>
</gc-start>
<allocation-stats totalBytes="1834744" >
  <allocated-bytes non-tlh="32" tlh="1834712" />
  <largest-consumer threadName="main" threadId="0000000002213700" bytes="1834744" />
</allocation-stats>
<gc-op id="2141" type="scavenge" timems="0.631" contextid="2138" timestamp="2019-06-16T21:30:59.081">
  <scavenger-info tenureage="3" tenuremask="4018" tiltratio="65" />
  <memory-copied type="nursery" objects="8486" bytes="620272" bytesdiscarded="245472" />
  <memory-copied type="tenure" objects="3336" bytes="127536" bytesdiscarded="0" />
  <references type="soft" candidates="1" cleared="0" enqueued="0" dynamicThreshold="31" maxThreshold="32" />
  <references type="weak" candidates="6" cleared="0" enqueued="0" />
  <references type="phantom" candidates="1" cleared="0" enqueued="0" />
</gc-op>
<gc-end id="2142" type="scavenge" contextid="2138" durationms="1.364" usertimems="0.000" systemtimems="0.000" timestamp="2019-06-16T21:30:59.082" activeThreads="4">
  <mem-info id="2143" free="2070732192" total="2092630016" percent="98">
    <mem type="nursery" free="1755656" total="3932160" percent="44">
      <mem type="allocate" free="1755656" total="2621440" percent="66" />
      <mem type="survivor" free="0" total="1310720" percent="0" />
    </mem>
    <mem type="tenure" free="2068976536" total="2088697856" percent="99" macro-fragmented="0">
      <mem type="soa" free="1943655320" total="1963376640" percent="98" />
      <mem type="loa" free="125321216" total="125321216" percent="100" />
    </mem>
    <remembered-set count="649" />
  </mem-info>
</gc-end>
<cycle-end id="2144" type="scavenge" contextid="2138" timestamp="2019-06-16T21:30:59.082" />
  <attribute name="elasticGC enabled" value="1" />
  <attribute name= "numThreadsSpecified" value="4" />
  <attribute name="heapSize specified" value="9371648" />
  <attribute name="Current GC Util" value="44" />
  <attribute name= "Current Time Running" value="45046" />
  <attribute name ="GC Interval" value="200" />
  <attribute name="ProportionalT" value="12.000000" />
  <attribute name="ProportionalI" value="12.000000" />
  <attribute name="ProportionalH" value="12.000000" />
  <attribute name="Current Error" value="24.000000" />
  <attribute name="IntegralT" value="48.000000" />
  <attribute name="IntegralI" value="48.000000" />
  <attribute name="IntegralH" value="48.000000" />
  <attribute name="DerivativeT" value="6.000000" />
  <attribute name="DerivativeI" value="6.000000" />
  <attribute name="DerivativeH" value="6.000000" />
  <attribute name="Loop Time for DT" value="4.000000" />
  <attribute name="Output H" value="8388608"/>
  <attribute name="Output I" value="200"/>
  <attribute name="Output T" value="4"/>
  <attribute name="Target GC Util Change" value ="20.000000" />
  <attribute name="Current GC Util Change" value="44.000000"/>
  <attribute name="GC Util currently" value="44" />
  <attribute name="CPU Util currently" value="991545063159" />
<allocation-satisfied id="2145" threadId="0000000002213700" bytesRequested="32" />
<af-end id="2146" timestamp="2019-06-16T21:30:59.082" threadId="0000000002214088" success="true" from="nursery"/>
<exclusive-end id="2147" timestamp="2019-06-16T21:30:59.082" durationms="1.987" />

<exclusive-start id="2148" timestamp="2019-06-16T21:30:59.084" intervalms="4.537">
  <response-info timems="0.029" idlems="0.029" threads="0" lastid="0000000002213700" lastname="main" />
</exclusive-start>
<af-start id="2149" threadId="0000000002214088" totalBytesRequested="32" timestamp="2019-06-16T21:30:59.084" intervalms="4.537" type="nursery" />
<cycle-start id="2150" type="scavenge" contextid="0" timestamp="2019-06-16T21:30:59.085" intervalms="4.533" />
<gc-start id="2151" type="scavenge" contextid="2150" timestamp="2019-06-16T21:30:59.085">
  <mem-info id="2152" free="2068976536" total="2092630016" percent="98">
    <mem type="nursery" free="0" total="3932160" percent="0">
      <mem type="allocate" free="0" total="2621440" percent="0" />
      <mem type="survivor" free="0" total="1310720" percent="0" />
    </mem>
    <mem type="tenure" free="2068976536" total="2088697856" percent="99">
      <mem type="soa" free="1943655320" total="1963376640" percent="98" />
      <mem type="loa" free="125321216" total="125321216" percent="100" />
    </mem>
    <remembered-set count="649" />
  </mem-info>
</gc-start>
<allocation-stats totalBytes="1755384" >
  <allocated-bytes non-tlh="32" tlh="1755352" />
  <largest-consumer threadName="main" threadId="0000000002213700" bytes="1755384" />
</allocation-stats>
<gc-op id="2153" type="scavenge" timems="0.729" contextid="2150" timestamp="2019-06-16T21:30:59.086">
  <scavenger-info tenureage="2" tenuremask="400c" tiltratio="66" />
  <memory-copied type="nursery" objects="3378" bytes="126968" bytesdiscarded="261640" />
  <memory-copied type="tenure" objects="6692" bytes="553144" bytesdiscarded="104" />
</gc-op>
<gc-end id="2154" type="scavenge" contextid="2150" durationms="1.277" usertimems="4.000" systemtimems="0.000" timestamp="2019-06-16T21:30:59.086" activeThreads="4">
  <mem-info id="2155" free="2070760272" total="2092630016" percent="98">
    <mem type="nursery" free="2363904" total="3932160" percent="60">
      <mem type="allocate" free="2363904" total="2752512" percent="85" />
      <mem type="survivor" free="0" total="1179648" percent="0" />
    </mem>
    <mem type="tenure" free="2068396368" total="2088697856" percent="99" macro-fragmented="0">
      <mem type="soa" free="1943075152" total="1963376640" percent="98" />
      <mem type="loa" free="125321216" total="125321216" percent="100" />
    </mem>
    <remembered-set count="449" />
  </mem-info>
</gc-end>
<cycle-end id="2156" type="scavenge" contextid="2150" timestamp="2019-06-16T21:30:59.086" />
  <attribute name="elasticGC enabled" value="1" />
  <attribute name= "numThreadsSpecified" value="4" />
  <attribute name="heapSize specified" value="9371648" />
  <attribute name="Current GC Util" value="47" />
  <attribute name= "Current Time Running" value="45051" />
  <attribute name ="GC Interval" value="200" />
  <attribute name="ProportionalT" value="13.500000" />
  <attribute name="ProportionalI" value="13.500000" />
  <attribute name="ProportionalH" value="13.500000" />
  <attribute name="Current Error" value="27.000000" />
  <attribute name="IntegralT" value="67.500000" />
  <attribute name="IntegralI" value="67.500000" />
  <attribute name="IntegralH" value="67.500000" />
  <attribute name="DerivativeT" value="0.600000" />
  <attribute name="DerivativeI" value="0.600000" />
  <attribute name="DerivativeH" value="0.600000" />
  <attribute name="Loop Time for DT" value="5.000000" />
  <attribute name="Output H" value="8388608"/>
  <attribute name="Output I" value="200"/>
  <attribute name="Output T" value="4"/>
  <attribute name="Target GC Util Change" value ="20.000000" />
  <attribute name="Current GC Util Change" value="47.000000"/>
  <attribute name="GC Util currently" value="47" />
  <attribute name="CPU Util currently" value="1046213242883" />
<allocation-satisfied id="2157" threadId="0000000002213700" bytesRequested="32" />
<af-end id="2158" timestamp="2019-06-16T21:30:59.086" threadId="0000000002214088" success="true" from="nursery"/>
<exclusive-end id="2159" timestamp="2019-06-16T21:30:59.086" durationms="2.006" />

<exclusive-start id="2160" timestamp="2019-06-16T21:30:59.090" intervalms="5.411">
  <response-info timems="0.048" idlems="0.048" threads="0" lastid="0000000002213700" lastname="main" />
</exclusive-start>
<af-start id="2161" threadId="0000000002214088" totalBytesRequested="32" timestamp="2019-06-16T21:30:59.090" intervalms="5.419" type="nursery" />
<cycle-start id="2162" type="scavenge" contextid="0" timestamp="2019-06-16T21:30:59.090" intervalms="5.427" />
<gc-start id="2163" type="scavenge" contextid="2162" timestamp="2019-06-16T21:30:59.090">
  <mem-info id="2164" free="2068396368" total="2092630016" percent="98">
    <mem type="nursery" free="0" total="3932160" percent="0">
      <mem type="allocate" free="0" total="2752512" percent="0" />
      <mem type="survivor" free="0" total="1179648" percent="0" />
    </mem>
    <mem type="tenure" free="2068396368" total="2088697856" percent="99">
      <mem type="soa" free="1943075152" total="1963376640" percent="98" />
      <mem type="loa" free="125321216" total="125321216" percent="100" />
    </mem>
    <remembered-set count="650" />
  </mem-info>
</gc-start>
<allocation-stats totalBytes="2363648" >
  <allocated-bytes non-tlh="32" tlh="2363616" />
  <largest-consumer threadName="main" threadId="0000000002213700" bytes="2363648" />
</allocation-stats>
<gc-op id="2165" type="scavenge" timems="0.525" contextid="2162" timestamp="2019-06-16T21:30:59.091">
  <scavenger-info tenureage="14" tenuremask="4000" tiltratio="70" />
  <memory-copied type="nursery" objects="5594" bytes="209824" bytesdiscarded="64352" />
</gc-op>
<gc-end id="2166" type="scavenge" contextid="2162" durationms="1.088" usertimems="0.000" systemtimems="0.000" timestamp="2019-06-16T21:30:59.091" activeThreads="4">
  <mem-info id="2167" free="2071071312" total="2092630016" percent="98">
    <mem type="nursery" free="2674944" total="3932160" percent="68">
      <mem type="allocate" free="2674944" total="2949120" percent="90" />
      <mem type="survivor" free="0" total="983040" percent="0" />
    </mem>
    <mem type="tenure" free="2068396368" total="2088697856" percent="99" macro-fragmented="7583">
      <mem type="soa" free="1943075152" total="1963376640" percent="98" />
      <mem type="loa" free="125321216" total="125321216" percent="100" />
    </mem>
    <remembered-set count="649" />
  </mem-info>
</gc-end>
<cycle-end id="2168" type="scavenge" contextid="2162" timestamp="2019-06-16T21:30:59.091" />
  <attribute name="elasticGC enabled" value="1" />
  <attribute name= "numThreadsSpecified" value="4" />
  <attribute name="heapSize specified" value="9371648" />
  <attribute name="Current GC Util" value="38" />
  <attribute name= "Current Time Running" value="45056" />
  <attribute name ="GC Interval" value="200" />
  <attribute name="ProportionalT" value="9.000000" />
  <attribute name="ProportionalI" value="9.000000" />
  <attribute name="ProportionalH" value="9.000000" />
  <attribute name="Current Error" value="18.000000" />
  <attribute name="IntegralT" value="45.000000" />
  <attribute name="IntegralI" value="45.000000" />
  <attribute name="IntegralH" value="45.000000" />
  <attribute name="DerivativeT" value="-1.800000" />
  <attribute name="DerivativeI" value="-1.800000" />
  <attribute name="DerivativeH" value="-1.800000" />
  <attribute name="Loop Time for DT" value="5.000000" />
  <attribute name="Output H" value="8388608"/>
  <attribute name="Output I" value="200"/>
  <attribute name="Output T" value="4"/>
  <attribute name="Target GC Util Change" value ="20.000000" />
  <attribute name="Current GC Util Change" value="38.000000"/>
  <attribute name="GC Util currently" value="38" />
  <attribute name="CPU Util currently" value="846287286494" />
<allocation-satisfied id="2169" threadId="0000000002213700" bytesRequested="32" />
<af-end id="2170" timestamp="2019-06-16T21:30:59.092" threadId="0000000002214088" success="true" from="nursery"/>
<exclusive-end id="2171" timestamp="2019-06-16T21:30:59.092" durationms="1.812" />

<exclusive-start id="2172" timestamp="2019-06-16T21:30:59.095" intervalms="5.262">
  <response-info timems="0.030" idlems="0.030" threads="0" lastid="0000000002213700" lastname="main" />
</exclusive-start>
<af-start id="2173" threadId="0000000002214088" totalBytesRequested="32" timestamp="2019-06-16T21:30:59.095" intervalms="5.259" type="nursery" />
<cycle-start id="2174" type="scavenge" contextid="0" timestamp="2019-06-16T21:30:59.095" intervalms="5.252" />
<gc-start id="2175" type="scavenge" contextid="2174" timestamp="2019-06-16T21:30:59.095">
  <mem-info id="2176" free="2068396368" total="2092630016" percent="98">
    <mem type="nursery" free="0" total="3932160" percent="0">
      <mem type="allocate" free="0" total="2949120" percent="0" />
      <mem type="survivor" free="0" total="983040" percent="0" />
    </mem>
    <mem type="tenure" free="2068396368" total="2088697856" percent="99">
      <mem type="soa" free="1943075152" total="1963376640" percent="98" />
      <mem type="loa" free="125321216" total="125321216" percent="100" />
    </mem>
    <remembered-set count="972" />
  </mem-info>
</gc-start>
<allocation-stats totalBytes="2674552" >
  <allocated-bytes non-tlh="32" tlh="2674520" />
  <largest-consumer threadName="main" threadId="0000000002213700" bytes="2674552" />
</allocation-stats>
<gc-op id="2177" type="scavenge" timems="0.555" contextid="2174" timestamp="2019-06-16T21:30:59.096">
  <scavenger-info tenureage="3" tenuremask="4008" tiltratio="75" />
  <memory-copied type="nursery" objects="6524" bytes="247200" bytesdiscarded="26976" />
  <memory-copied type="tenure" objects="1676" bytes="62216" bytesdiscarded="24" />
</gc-op>
<gc-end id="2178" type="scavenge" contextid="2174" durationms="1.193" usertimems="0.000" systemtimems="0.000" timestamp="2019-06-16T21:30:59.097" activeThreads="4">
  <mem-info id="2179" free="2071163216" total="2092630016" percent="98">
    <mem type="nursery" free="2806016" total="3932160" percent="71">
      <mem type="allocate" free="2806016" total="3080192" percent="91" />
      <mem type="survivor" free="0" total="851968" percent="0" />
    </mem>
    <mem type="tenure" free="2068357200" total="2088697856" percent="99" macro-fragmented="0">
      <mem type="soa" free="1943035984" total="1963376640" percent="98" />
      <mem type="loa" free="125321216" total="125321216" percent="100" />
    </mem>
    <remembered-set count="863" />
  </mem-info>
</gc-end>
<cycle-end id="2180" type="scavenge" contextid="2174" timestamp="2019-06-16T21:30:59.097" />
  <attribute name="elasticGC enabled" value="1" />
  <attribute name= "numThreadsSpecified" value="4" />
  <attribute name="heapSize specified" value="9371648" />
  <attribute name="Current GC Util" value="23" />
  <attribute name= "Current Time Running" value="45061" />
  <attribute name ="GC Interval" value="200" />
  <attribute name="ProportionalT" value="1.500000" />
  <attribute name="ProportionalI" value="1.500000" />
  <attribute name="ProportionalH" value="1.500000" />
  <attribute name="Current Error" value="3.000000" />
  <attribute name="IntegralT" value="7.500000" />
  <attribute name="IntegralI" value="7.500000" />
  <attribute name="IntegralH" value="7.500000" />
  <attribute name="DerivativeT" value="-3.000000" />
  <attribute name="DerivativeI" value="-3.000000" />
  <attribute name="DerivativeH" value="-3.000000" />
  <attribute name="Loop Time for DT" value="5.000000" />
  <attribute name="Output H" value="8388608"/>
  <attribute name="Output I" value="200"/>
  <attribute name="Output T" value="4"/>
  <attribute name="Target GC Util Change" value ="20.000000" />
  <attribute name="Current GC Util Change" value="23.000000"/>
  <attribute name="GC Util currently" value="23" />
  <attribute name="CPU Util currently" value="871337799414" />
<allocation-satisfied id="2181" threadId="0000000002213700" bytesRequested="32" />
<af-end id="2182" timestamp="2019-06-16T21:30:59.097" threadId="0000000002214088" success="true" from="nursery"/>
<exclusive-end id="2183" timestamp="2019-06-16T21:30:59.097" durationms="1.834" />

<exclusive-start id="2184" timestamp="2019-06-16T21:30:59.102" intervalms="7.368">
  <response-info timems="0.035" idlems="0.035" threads="0" lastid="0000000002213700" lastname="main" />
</exclusive-start>
<af-start id="2185" threadId="0000000002214088" totalBytesRequested="72" timestamp="2019-06-16T21:30:59.103" intervalms="7.394" type="nursery" />
<cycle-start id="2186" type="scavenge" contextid="0" timestamp="2019-06-16T21:30:59.103" intervalms="7.399" />
<gc-start id="2187" type="scavenge" contextid="2186" timestamp="2019-06-16T21:30:59.103">
  <mem-info id="2188" free="2068357200" total="2092630016" percent="98">
    <mem type="nursery" free="0" total="3932160" percent="0">
      <mem type="allocate" free="0" total="3080192" percent="0" />
      <mem type="survivor" free="0" total="851968" percent="0" />
    </mem>
    <mem type="tenure" free="2068357200" total="2088697856" percent="99">
      <mem type="soa" free="1943035984" total="1963376640" percent="98" />
      <mem type="loa" free="125321216" total="125321216" percent="100" />
    </mem>
    <remembered-set count="1006" />
  </mem-info>
</gc-start>
<allocation-stats totalBytes="2805472" >
  <allocated-bytes non-tlh="32" tlh="2805440" />
  <largest-consumer threadName="main" threadId="0000000002213700" bytes="2805472" />
</allocation-stats>
<gc-op id="2189" type="scavenge" timems="0.573" contextid="2186" timestamp="2019-06-16T21:30:59.104">
  <scavenger-info tenureage="3" tenuremask="4008" tiltratio="78" />
  <memory-copied type="nursery" objects="6450" bytes="291576" bytesdiscarded="224016" />
  <memory-copied type="tenure" objects="1529" bytes="58808" bytesdiscarded="8" />
</gc-op>
<gc-end id="2190" type="scavenge" contextid="2186" durationms="1.239" usertimems="4.000" systemtimems="0.000" timestamp="2019-06-16T21:30:59.104" activeThreads="4">
  <mem-info id="2191" free="2070948168" total="2092630016" percent="98">
    <mem type="nursery" free="2630136" total="3932160" percent="66">
      <mem type="allocate" free="2630136" total="3145728" percent="83" />
      <mem type="survivor" free="0" total="786432" percent="0" />
    </mem>
    <mem type="tenure" free="2068318032" total="2088697856" percent="99" macro-fragmented="0">
      <mem type="soa" free="1942996816" total="1963376640" percent="98" />
      <mem type="loa" free="125321216" total="125321216" percent="100" />
    </mem>
    <remembered-set count="878" />
  </mem-info>
</gc-end>
<cycle-end id="2192" type="scavenge" contextid="2186" timestamp="2019-06-16T21:30:59.104" />
  <attribute name="elasticGC enabled" value="1" />
  <attribute name= "numThreadsSpecified" value="4" />
  <attribute name="heapSize specified" value="9371648" />
  <attribute name="Current GC Util" value="17" />
  <attribute name= "Current Time Running" value="45069" />
  <attribute name ="GC Interval" value="200" />
  <attribute name="ProportionalT" value="-1.500000" />
  <attribute name="ProportionalI" value="-1.500000" />
  <attribute name="ProportionalH" value="-1.500000" />
  <attribute name="Current Error" value="-3.000000" />
  <attribute name="IntegralT" value="-12.000000" />
  <attribute name="IntegralI" value="-12.000000" />
  <attribute name="IntegralH" value="-12.000000" />
  <attribute name="DerivativeT" value="-0.750000" />
  <attribute name="DerivativeI" value="-0.750000" />
  <attribute name="DerivativeH" value="-0.750000" />
  <attribute name="Loop Time for DT" value="8.000000" />
  <attribute name="Output H" value="2092630016"/>
  <attribute name="Output I" value="200"/>
  <attribute name="Output T" value="4"/>
  <attribute name="Target GC Util Change" value ="20.000000" />
  <attribute name="Current GC Util Change" value="17.000000"/>
  <attribute name="GC Util currently" value="17" />
  <attribute name="CPU Util currently" value="621509717079" />
<allocation-satisfied id="2193" threadId="0000000002213700" bytesRequested="72" />
<af-end id="2194" timestamp="2019-06-16T21:30:59.104" threadId="0000000002214088" success="true" from="nursery"/>
<exclusive-end id="2195" timestamp="2019-06-16T21:30:59.104" durationms="1.909" />

<exclusive-start id="2196" timestamp="2019-06-16T21:30:59.125" intervalms="22.655">
  <response-info timems="0.034" idlems="0.034" threads="0" lastid="0000000002213700" lastname="main" />
</exclusive-start>
<af-start id="2197" threadId="0000000002214088" totalBytesRequested="24" timestamp="2019-06-16T21:30:59.125" intervalms="22.622" type="nursery" />
<cycle-start id="2198" type="scavenge" contextid="0" timestamp="2019-06-16T21:30:59.125" intervalms="22.620" />
<gc-start id="2199" type="scavenge" contextid="2198" timestamp="2019-06-16T21:30:59.125">
  <mem-info id="2200" free="2068317656" total="2092630016" percent="98">
    <mem type="nursery" free="0" total="3932160" percent="0">
      <mem type="allocate" free="0" total="3145728" percent="0" />
      <mem type="survivor" free="0" total="786432" percent="0" />
    </mem>
    <mem type="tenure" free="2068317656" total="2088697856" percent="99">
      <mem type="soa" free="1942996440" total="1963376640" percent="98" />
      <mem type="loa" free="125321216" total="125321216" percent="100" />
    </mem>
    <remembered-set count="891" />
  </mem-info>
</gc-start>
<allocation-stats totalBytes="2629864" >
  <allocated-bytes non-tlh="200456" tlh="2429408" />
  <largest-consumer threadName="main" threadId="0000000002213700" bytes="2629864" />
</allocation-stats>
<gc-op id="2201" type="scavenge" timems="0.675" contextid="2198" timestamp="2019-06-16T21:30:59.126">
  <scavenger-info tenureage="14" tenuremask="4000" tiltratio="80" />
  <memory-copied type="nursery" objects="10955" bytes="763344" bytesdiscarded="23032" />
  <memory-copied type="tenure" objects="944" bytes="36136" bytesdiscarded="32" />
  <copy-failed type="nursery" objects="944" bytes="36136" />
  <references type="soft" candidates="1" cleared="0" enqueued="0" dynamicThreshold="31" maxThreshold="32" />
  <references type="weak" candidates="4" cleared="0" enqueued="0" />
  <references type="phantom" candidates="1" cleared="0" enqueued="0" />
</gc-op>
<gc-end id="2202" type="scavenge" contextid="2198" durationms="1.314" usertimems="0.000" systemtimems="0.000" timestamp="2019-06-16T21:30:59.127" activeThreads="4">
  <mem-info id="2203" free="2069920984" total="2092630016" percent="98">
    <mem type="nursery" free="1703936" total="3932160" percent="43">
      <mem type="allocate" free="1703936" total="2490368" percent="68" />
      <mem type="survivor" free="0" total="1441792" percent="0" />
    </mem>
    <mem type="tenure" free="2068217048" total="2088697856" percent="99" macro-fragmented="0">
      <mem type="soa" free="1942895832" total="1963376640" percent="98" />
      <mem type="loa" free="125321216" total="125321216" percent="100" />
    </mem>
    <remembered-set count="1267" />
  </mem-info>
</gc-end>
<cycle-end id="2204" type="scavenge" contextid="2198" timestamp="2019-06-16T21:30:59.127" />
  <attribute name="elasticGC enabled" value="1" />
  <attribute name= "numThreadsSpecified" value="4" />
  <attribute name="heapSize specified" value="9371648" />
  <attribute name="Current GC Util" value="6" />
  <attribute name= "Current Time Running" value="45091" />
  <attribute name ="GC Interval" value="200" />
  <attribute name="ProportionalT" value="-7.000000" />
  <attribute name="ProportionalI" value="-7.000000" />
  <attribute name="ProportionalH" value="-7.000000" />
  <attribute name="Current Error" value="-14.000000" />
  <attribute name="IntegralT" value="-154.000000" />
  <attribute name="IntegralI" value="-154.000000" />
  <attribute name="IntegralH" value="-154.000000" />
  <attribute name="DerivativeT" value="-0.636364" />
  <attribute name="DerivativeI" value="-0.636364" />
  <attribute name="DerivativeH" value="-0.636364" />
  <attribute name="Loop Time for DT" value="22.000000" />
  <attribute name="Output H" value="2092630016"/>
  <attribute name="Output I" value="200"/>
  <attribute name="Output T" value="4"/>
  <attribute name="Target GC Util Change" value ="20.000000" />
  <attribute name="Current GC Util Change" value="6.000000"/>
  <attribute name="GC Util currently" value="6" />
  <attribute name="CPU Util currently" value="204212031721" />
<allocation-satisfied id="2205" threadId="0000000002213700" bytesRequested="24" />
<af-end id="2206" timestamp="2019-06-16T21:30:59.127" threadId="0000000002214088" success="true" from="nursery"/>
<exclusive-end id="2207" timestamp="2019-06-16T21:30:59.127" durationms="1.997" />

<exclusive-start id="2208" timestamp="2019-06-16T21:30:59.130" intervalms="4.536">
  <response-info timems="0.026" idlems="0.026" threads="0" lastid="0000000002213700" lastname="main" />
</exclusive-start>
<af-start id="2209" threadId="0000000002214088" totalBytesRequested="32" timestamp="2019-06-16T21:30:59.130" intervalms="4.545" type="nursery" />
<cycle-start id="2210" type="scavenge" contextid="0" timestamp="2019-06-16T21:30:59.130" intervalms="4.544" />
<gc-start id="2211" type="scavenge" contextid="2210" timestamp="2019-06-16T21:30:59.130">
  <mem-info id="2212" free="2068217048" total="2092630016" percent="98">
    <mem type="nursery" free="0" total="3932160" percent="0">
      <mem type="allocate" free="0" total="2490368" percent="0" />
      <mem type="survivor" free="0" total="1441792" percent="0" />
    </mem>
    <mem type="tenure" free="2068217048" total="2088697856" percent="99">
      <mem type="soa" free="1942895832" total="1963376640" percent="98" />
      <mem type="loa" free="125321216" total="125321216" percent="100" />
    </mem>
    <remembered-set count="1267" />
  </mem-info>
</gc-start>
<allocation-stats totalBytes="1703712" >
  <allocated-bytes non-tlh="24" tlh="1703688" />
  <largest-consumer threadName="main" threadId="0000000002213700" bytes="1703712" />
</allocation-stats>
<gc-op id="2213" type="scavenge" timems="0.707" contextid="2210" timestamp="2019-06-16T21:30:59.131">
  <scavenger-info tenureage="3" tenuremask="6018" tiltratio="63" />
  <memory-copied type="nursery" objects="7953" bytes="637192" bytesdiscarded="147560" />
  <memory-copied type="tenure" objects="4292" bytes="172016" bytesdiscarded="32" />
  <references type="soft" candidates="1" cleared="0" enqueued="0" dynamicThreshold="31" maxThreshold="32" />
  <references type="weak" candidates="4" cleared="0" enqueued="0" />
  <references type="phantom" candidates="1" cleared="0" enqueued="0" />
</gc-op>
<gc-end id="2214" type="scavenge" contextid="2210" durationms="1.357" usertimems="0.000" systemtimems="0.000" timestamp="2019-06-16T21:30:59.131" activeThreads="4">
  <mem-info id="2215" free="2069905456" total="2092630016" percent="98">
    <mem type="nursery" free="1836632" total="3932160" percent="46">
      <mem type="allocate" free="1836632" total="2621440" percent="70" />
      <mem type="survivor" free="0" total="1310720" percent="0" />
    </mem>
    <mem type="tenure" free="2068068824" total="2088697856" percent="99" macro-fragmented="0">
      <mem type="soa" free="1942747608" total="1963376640" percent="98" />
      <mem type="loa" free="125321216" total="125321216" percent="100" />
    </mem>
    <remembered-set count="830" />
  </mem-info>
</gc-end>
<cycle-end id="2216" type="scavenge" contextid="2210" timestamp="2019-06-16T21:30:59.131" />
  <attribute name="elasticGC enabled" value="1" />
  <attribute name= "numThreadsSpecified" value="4" />
  <attribute name="heapSize specified" value="9371648" />
  <attribute name="Current GC Util" value="48" />
  <attribute name= "Current Time Running" value="45096" />
  <attribute name ="GC Interval" value="200" />
  <attribute name="ProportionalT" value="14.000000" />
  <attribute name="ProportionalI" value="14.000000" />
  <attribute name="ProportionalH" value="14.000000" />
  <attribute name="Current Error" value="28.000000" />
  <attribute name="IntegralT" value="70.000000" />
  <attribute name="IntegralI" value="70.000000" />
  <attribute name="IntegralH" value="70.000000" />
  <attribute name="DerivativeT" value="5.600000" />
  <attribute name="DerivativeI" value="5.600000" />
  <attribute name="DerivativeH" value="5.600000" />
  <attribute name="Loop Time for DT" value="5.000000" />
  <attribute name="Output H" value="8388608"/>
  <attribute name="Output I" value="200"/>
  <attribute name="Output T" value="4"/>
  <attribute name="Target GC Util Change" value ="20.000000" />
  <attribute name="Current GC Util Change" value="48.000000"/>
  <attribute name="GC Util currently" value="48" />
  <attribute name="CPU Util currently" value="1009725068569" />
<allocation-satisfied id="2217" threadId="0000000002213700" bytesRequested="32" />
<af-end id="2218" timestamp="2019-06-16T21:30:59.132" threadId="0000000002214088" success="true" from="nursery"/>
<exclusive-end id="2219" timestamp="2019-06-16T21:30:59.132" durationms="2.087" />

<exclusive-start id="2220" timestamp="2019-06-16T21:30:59.134" intervalms="4.816">
  <response-info timems="0.032" idlems="0.032" threads="0" lastid="0000000002213700" lastname="main" />
</exclusive-start>
<af-start id="2221" threadId="0000000002214088" totalBytesRequested="32" timestamp="2019-06-16T21:30:59.135" intervalms="4.812" type="nursery" />
<cycle-start id="2222" type="scavenge" contextid="0" timestamp="2019-06-16T21:30:59.135" intervalms="4.809" />
<gc-start id="2223" type="scavenge" contextid="2222" timestamp="2019-06-16T21:30:59.135">
  <mem-info id="2224" free="2068068824" total="2092630016" percent="98">
    <mem type="nursery" free="0" total="3932160" percent="0">
      <mem type="allocate" free="0" total="2621440" percent="0" />
      <mem type="survivor" free="0" total="1310720" percent="0" />
    </mem>
    <mem type="tenure" free="2068068824" total="2088697856" percent="99">
      <mem type="soa" free="1942747608" total="1963376640" percent="98" />
      <mem type="loa" free="125321216" total="125321216" percent="100" />
    </mem>
    <remembered-set count="830" />
  </mem-info>
</gc-start>
<allocation-stats totalBytes="1836456" >
  <allocated-bytes non-tlh="32" tlh="1836424" />
  <largest-consumer threadName="main" threadId="0000000002213700" bytes="1836456" />
</allocation-stats>
<gc-op id="2225" type="scavenge" timems="0.622" contextid="2222" timestamp="2019-06-16T21:30:59.135">
  <scavenger-info tenureage="3" tenuremask="ffc8" tiltratio="66" />
  <memory-copied type="nursery" objects="7801" bytes="629488" bytesdiscarded="70184" />
  <memory-copied type="tenure" objects="1189" bytes="45952" bytesdiscarded="8" />
  <references type="soft" candidates="1" cleared="0" enqueued="0" dynamicThreshold="31" maxThreshold="32" />
  <references type="weak" candidates="4" cleared="0" enqueued="0" />
  <references type="phantom" candidates="1" cleared="0" enqueued="0" />
</gc-op>
<gc-end id="2226" type="scavenge" contextid="2222" durationms="1.164" usertimems="0.000" systemtimems="0.000" timestamp="2019-06-16T21:30:59.136" activeThreads="4">
  <mem-info id="2227" free="2070051720" total="2092630016" percent="98">
    <mem type="nursery" free="2052784" total="3932160" percent="52">
      <mem type="allocate" free="2052784" total="2752512" percent="74" />
      <mem type="survivor" free="0" total="1179648" percent="0" />
    </mem>
    <mem type="tenure" free="2067998936" total="2088697856" percent="99" macro-fragmented="4479464">
      <mem type="soa" free="1942677720" total="1963376640" percent="98" />
      <mem type="loa" free="125321216" total="125321216" percent="100" />
    </mem>
    <remembered-set count="474" />
  </mem-info>
</gc-end>
<cycle-end id="2228" type="scavenge" contextid="2222" timestamp="2019-06-16T21:30:59.136" />
  <attribute name="elasticGC enabled" value="1" />
  <attribute name= "numThreadsSpecified" value="4" />
  <attribute name="heapSize specified" value="9371648" />
  <attribute name="Current GC Util" value="46" />
  <attribute name= "Current Time Running" value="45101" />
  <attribute name ="GC Interval" value="200" />
  <attribute name="ProportionalT" value="13.000000" />
  <attribute name="ProportionalI" value="13.000000" />
  <attribute name="ProportionalH" value="13.000000" />
  <attribute name="Current Error" value="26.000000" />
  <attribute name="IntegralT" value="65.000000" />
  <attribute name="IntegralI" value="65.000000" />
  <attribute name="IntegralH" value="65.000000" />
  <attribute name="DerivativeT" value="-0.400000" />
  <attribute name="DerivativeI" value="-0.400000" />
  <attribute name="DerivativeH" value="-0.400000" />
  <attribute name="Loop Time for DT" value="5.000000" />
  <attribute name="Output H" value="8388608"/>
  <attribute name="Output I" value="200"/>
  <attribute name="Output T" value="4"/>
  <attribute name="Target GC Util Change" value ="20.000000" />
  <attribute name="Current GC Util Change" value="46.000000"/>
  <attribute name="GC Util currently" value="46" />
  <attribute name="CPU Util currently" value="974003200604" />
<allocation-satisfied id="2229" threadId="0000000002213700" bytesRequested="32" />
<af-end id="2230" timestamp="2019-06-16T21:30:59.136" threadId="0000000002214088" success="true" from="nursery"/>
<exclusive-end id="2231" timestamp="2019-06-16T21:30:59.136" durationms="1.804" />

<exclusive-start id="2232" timestamp="2019-06-16T21:30:59.139" intervalms="4.961">
  <response-info timems="0.032" idlems="0.032" threads="0" lastid="0000000002213700" lastname="main" />
</exclusive-start>
<af-start id="2233" threadId="0000000002214088" totalBytesRequested="24" timestamp="2019-06-16T21:30:59.139" intervalms="4.960" type="nursery" />
<cycle-start id="2234" type="scavenge" contextid="0" timestamp="2019-06-16T21:30:59.140" intervalms="4.961" />
<gc-start id="2235" type="scavenge" contextid="2234" timestamp="2019-06-16T21:30:59.140">
  <mem-info id="2236" free="2067998936" total="2092630016" percent="98">
    <mem type="nursery" free="0" total="3932160" percent="0">
      <mem type="allocate" free="0" total="2752512" percent="0" />
      <mem type="survivor" free="0" total="1179648" percent="0" />
    </mem>
    <mem type="tenure" free="2067998936" total="2088697856" percent="99">
      <mem type="soa" free="1942677720" total="1963376640" percent="98" />
      <mem type="loa" free="125321216" total="125321216" percent="100" />
    </mem>
    <remembered-set count="474" />
  </mem-info>
</gc-start>
<allocation-stats totalBytes="2052568" >
  <allocated-bytes non-tlh="32" tlh="2052536" />
  <largest-consumer threadName="main" threadId="0000000002213700" bytes="2052568" />
</allocation-stats>
<gc-op id="2237" type="scavenge" timems="0.832" contextid="2234" timestamp="2019-06-16T21:30:59.141">
  <scavenger-info tenureage="3" tenuremask="ffe8" tiltratio="70" />
  <memory-copied type="nursery" objects="4001" bytes="144216" bytesdiscarded="43176" />
  <memory-copied type="tenure" objects="5165" bytes="534968" bytesdiscarded="88" />
</gc-op>
<gc-end id="2238" type="scavenge" contextid="2234" durationms="1.382" usertimems="4.000" systemtimems="0.000" timestamp="2019-06-16T21:30:59.141" activeThreads="4">
  <mem-info id="2239" free="2070087720" total="2092630016" percent="98">
    <mem type="nursery" free="2630656" total="3932160" percent="66">
      <mem type="allocate" free="2630656" total="2818048" percent="93" />
      <mem type="survivor" free="0" total="1114112" percent="0" />
    </mem>
    <mem type="tenure" free="2067457064" total="2088697856" percent="98" macro-fragmented="4479464">
      <mem type="soa" free="1942135848" total="1963376640" percent="98" />
      <mem type="loa" free="125321216" total="125321216" percent="100" />
    </mem>
    <remembered-set count="495" />
  </mem-info>
</gc-end>
<cycle-end id="2240" type="scavenge" contextid="2234" timestamp="2019-06-16T21:30:59.141" />
  <attribute name="elasticGC enabled" value="1" />
  <attribute name= "numThreadsSpecified" value="4" />
  <attribute name="heapSize specified" value="9371648" />
  <attribute name="Current GC Util" value="36" />
  <attribute name= "Current Time Running" value="45106" />
  <attribute name ="GC Interval" value="200" />
  <attribute name="ProportionalT" value="8.000000" />
  <attribute name="ProportionalI" value="8.000000" />
  <attribute name="ProportionalH" value="8.000000" />
  <attribute name="Current Error" value="16.000000" />
  <attribute name="IntegralT" value="40.000000" />
  <attribute name="IntegralI" value="40.000000" />
  <attribute name="IntegralH" value="40.000000" />
  <attribute name="DerivativeT" value="-2.000000" />
  <attribute name="DerivativeI" value="-2.000000" />
  <attribute name="DerivativeH" value="-2.000000" />
  <attribute name="Loop Time for DT" value="5.000000" />
  <attribute name="Output H" value="8388608"/>
  <attribute name="Output I" value="200"/>
  <attribute name="Output T" value="4"/>
  <attribute name="Target GC Util Change" value ="20.000000" />
  <attribute name="Current GC Util Change" value="36.000000"/>
  <attribute name="GC Util currently" value="36" />
  <attribute name="CPU Util currently" value="928824669606" />
<allocation-satisfied id="2241" threadId="0000000002213700" bytesRequested="24" />
<af-end id="2242" timestamp="2019-06-16T21:30:59.141" threadId="0000000002214088" success="true" from="nursery"/>
<exclusive-end id="2243" timestamp="2019-06-16T21:30:59.141" durationms="1.969" />

<exclusive-start id="2244" timestamp="2019-06-16T21:30:59.145" intervalms="5.847">
  <response-info timems="0.028" idlems="0.028" threads="0" lastid="0000000002213700" lastname="main" />
</exclusive-start>
<af-start id="2245" threadId="0000000002214088" totalBytesRequested="48" timestamp="2019-06-16T21:30:59.145" intervalms="5.848" type="nursery" />
<cycle-start id="2246" type="scavenge" contextid="0" timestamp="2019-06-16T21:30:59.145" intervalms="5.822" />
<gc-start id="2247" type="scavenge" contextid="2246" timestamp="2019-06-16T21:30:59.145">
  <mem-info id="2248" free="2067457064" total="2092630016" percent="98">
    <mem type="nursery" free="0" total="3932160" percent="0">
      <mem type="allocate" free="0" total="2818048" percent="0" />
      <mem type="survivor" free="0" total="1114112" percent="0" />
    </mem>
    <mem type="tenure" free="2067457064" total="2088697856" percent="98">
      <mem type="soa" free="1942135848" total="1963376640" percent="98" />
      <mem type="loa" free="125321216" total="125321216" percent="100" />
    </mem>
    <remembered-set count="636" />
  </mem-info>
</gc-start>
<allocation-stats totalBytes="2630312" >
  <allocated-bytes non-tlh="24" tlh="2630288" />
  <largest-consumer threadName="main" threadId="0000000002213700" bytes="2630312" />
</allocation-stats>
<gc-op id="2249" type="scavenge" timems="0.466" contextid="2246" timestamp="2019-06-16T21:30:59.146">
  <scavenger-info tenureage="5" tenuremask="ffe0" tiltratio="71" />
  <memory-copied type="nursery" objects="5536" bytes="202400" bytesdiscarded="32608" />
</gc-op>
<gc-end id="2250" type="scavenge" contextid="2246" durationms="1.000" usertimems="0.000" systemtimems="0.000" timestamp="2019-06-16T21:30:59.146" activeThreads="4">
  <mem-info id="2251" free="2070171176" total="2092630016" percent="98">
    <mem type="nursery" free="2714112" total="3932160" percent="69">
      <mem type="allocate" free="2714112" total="2949120" percent="92" />
      <mem type="survivor" free="0" total="983040" percent="0" />
    </mem>
    <mem type="tenure" free="2067457064" total="2088697856" percent="98" macro-fragmented="47576">
      <mem type="soa" free="1942135848" total="1963376640" percent="98" />
      <mem type="loa" free="125321216" total="125321216" percent="100" />
    </mem>
    <remembered-set count="634" />
  </mem-info>
</gc-end>
<cycle-end id="2252" type="scavenge" contextid="2246" timestamp="2019-06-16T21:30:59.147" />
  <attribute name="elasticGC enabled" value="1" />
  <attribute name= "numThreadsSpecified" value="4" />
  <attribute name="heapSize specified" value="9371648" />
  <attribute name="Current GC Util" value="32" />
  <attribute name= "Current Time Running" value="45111" />
  <attribute name ="GC Interval" value="200" />
  <attribute name="ProportionalT" value="6.000000" />
  <attribute name="ProportionalI" value="6.000000" />
  <attribute name="ProportionalH" value="6.000000" />
  <attribute name="Current Error" value="12.000000" />
  <attribute name="IntegralT" value="30.000000" />
  <attribute name="IntegralI" value="30.000000" />
  <attribute name="IntegralH" value="30.000000" />
  <attribute name="DerivativeT" value="-0.800000" />
  <attribute name="DerivativeI" value="-0.800000" />
  <attribute name="DerivativeH" value="-0.800000" />
  <attribute name="Loop Time for DT" value="5.000000" />
  <attribute name="Output H" value="8388608"/>
  <attribute name="Output I" value="200"/>
  <attribute name="Output T" value="4"/>
  <attribute name="Target GC Util Change" value ="20.000000" />
  <attribute name="Current GC Util Change" value="32.000000"/>
  <attribute name="GC Util currently" value="32" />
  <attribute name="CPU Util currently" value="796032890859" />
<allocation-satisfied id="2253" threadId="0000000002213700" bytesRequested="48" />
<af-end id="2254" timestamp="2019-06-16T21:30:59.147" threadId="0000000002214088" success="true" from="nursery"/>
<exclusive-end id="2255" timestamp="2019-06-16T21:30:59.147" durationms="1.596" />

<exclusive-start id="2256" timestamp="2019-06-16T21:30:59.150" intervalms="5.209">
  <response-info timems="0.036" idlems="0.036" threads="0" lastid="0000000002213700" lastname="main" />
</exclusive-start>
<af-start id="2257" threadId="0000000002214088" totalBytesRequested="32" timestamp="2019-06-16T21:30:59.151" intervalms="5.208" type="nursery" />
<cycle-start id="2258" type="scavenge" contextid="0" timestamp="2019-06-16T21:30:59.151" intervalms="5.238" />
<gc-start id="2259" type="scavenge" contextid="2258" timestamp="2019-06-16T21:30:59.151">
  <mem-info id="2260" free="2067457064" total="2092630016" percent="98">
    <mem type="nursery" free="0" total="3932160" percent="0">
      <mem type="allocate" free="0" total="2949120" percent="0" />
      <mem type="survivor" free="0" total="983040" percent="0" />
    </mem>
    <mem type="tenure" free="2067457064" total="2088697856" percent="98">
      <mem type="soa" free="1942135848" total="1963376640" percent="98" />
      <mem type="loa" free="125321216" total="125321216" percent="100" />
    </mem>
    <remembered-set count="762" />
  </mem-info>
</gc-start>
<allocation-stats totalBytes="2713792" >
  <allocated-bytes non-tlh="48" tlh="2713744" />
  <largest-consumer threadName="main" threadId="0000000002213700" bytes="2713792" />
</allocation-stats>
<gc-op id="2261" type="scavenge" timems="0.485" contextid="2258" timestamp="2019-06-16T21:30:59.151">
  <scavenger-info tenureage="3" tenuremask="fff8" tiltratio="75" />
  <memory-copied type="nursery" objects="4668" bytes="174776" bytesdiscarded="21064" />
  <memory-copied type="tenure" objects="2428" bytes="86808" bytesdiscarded="16" />
</gc-op>
<gc-end id="2262" type="scavenge" contextid="2258" durationms="1.028" usertimems="0.000" systemtimems="0.000" timestamp="2019-06-16T21:30:59.152" activeThreads="4">
  <mem-info id="2263" free="2070328616" total="2092630016" percent="98">
    <mem type="nursery" free="2949888" total="3932160" percent="75">
      <mem type="allocate" free="2949888" total="3145728" percent="93" />
      <mem type="survivor" free="0" total="786432" percent="0" />
    </mem>
    <mem type="tenure" free="2067378728" total="2088697856" percent="98" macro-fragmented="3110739">
      <mem type="soa" free="1942057512" total="1963376640" percent="98" />
      <mem type="loa" free="125321216" total="125321216" percent="100" />
    </mem>
    <remembered-set count="535" />
  </mem-info>
</gc-end>
<cycle-end id="2264" type="scavenge" contextid="2258" timestamp="2019-06-16T21:30:59.152" />
  <attribute name="elasticGC enabled" value="1" />
  <attribute name= "numThreadsSpecified" value="4" />
  <attribute name="heapSize specified" value="9371648" />
  <attribute name="Current GC Util" value="21" />
  <attribute name= "Current Time Running" value="45117" />
  <attribute name ="GC Interval" value="200" />
  <attribute name="ProportionalT" value="0.500000" />
  <attribute name="ProportionalI" value="0.500000" />
  <attribute name="ProportionalH" value="0.500000" />
  <attribute name="Current Error" value="1.000000" />
  <attribute name="IntegralT" value="3.000000" />
  <attribute name="IntegralI" value="3.000000" />
  <attribute name="IntegralH" value="3.000000" />
  <attribute name="DerivativeT" value="-1.833333" />
  <attribute name="DerivativeI" value="-1.833333" />
  <attribute name="DerivativeH" value="-1.833333" />
  <attribute name="Loop Time for DT" value="6.000000" />
  <attribute name="Output H" value="8388608"/>
  <attribute name="Output I" value="200"/>
  <attribute name="Output T" value="4"/>
  <attribute name="Target GC Util Change" value ="20.000000" />
  <attribute name="Current GC Util Change" value="21.000000"/>
  <attribute name="GC Util currently" value="21" />
  <attribute name="CPU Util currently" value="875085390017" />
<allocation-satisfied id="2265" threadId="0000000002213700" bytesRequested="32" />
<af-end id="2266" timestamp="2019-06-16T21:30:59.152" threadId="0000000002214088" success="true" from="nursery"/>
<exclusive-end id="2267" timestamp="2019-06-16T21:30:59.152" durationms="1.683" />

<exclusive-start id="2268" timestamp="2019-06-16T21:30:59.156" intervalms="5.521">
  <response-info timems="0.032" idlems="0.032" threads="0" lastid="0000000002213700" lastname="main" />
</exclusive-start>
<af-start id="2269" threadId="0000000002214088" totalBytesRequested="32" timestamp="2019-06-16T21:30:59.156" intervalms="5.518" type="nursery" />
<cycle-start id="2270" type="scavenge" contextid="0" timestamp="2019-06-16T21:30:59.156" intervalms="5.513" />
<gc-start id="2271" type="scavenge" contextid="2270" timestamp="2019-06-16T21:30:59.156">
  <mem-info id="2272" free="2067378728" total="2092630016" percent="98">
    <mem type="nursery" free="0" total="3932160" percent="0">
      <mem type="allocate" free="0" total="3145728" percent="0" />
      <mem type="survivor" free="0" total="786432" percent="0" />
    </mem>
    <mem type="tenure" free="2067378728" total="2088697856" percent="98">
      <mem type="soa" free="1942057512" total="1963376640" percent="98" />
      <mem type="loa" free="125321216" total="125321216" percent="100" />
    </mem>
    <remembered-set count="771" />
  </mem-info>
</gc-start>
<allocation-stats totalBytes="2949488" >
  <allocated-bytes non-tlh="32" tlh="2949456" />
  <largest-consumer threadName="main" threadId="0000000002213700" bytes="2949488" />
</allocation-stats>
<gc-op id="2273" type="scavenge" timems="0.461" contextid="2270" timestamp="2019-06-16T21:30:59.157">
  <scavenger-info tenureage="3" tenuremask="ffc8" tiltratio="80" />
  <memory-copied type="nursery" objects="5865" bytes="219640" bytesdiscarded="54536" />
  <memory-copied type="tenure" objects="1334" bytes="49480" bytesdiscarded="8" />
</gc-op>
<gc-end id="2274" type="scavenge" contextid="2270" durationms="1.027" usertimems="4.000" systemtimems="0.000" timestamp="2019-06-16T21:30:59.157" activeThreads="4">
  <mem-info id="2275" free="2070276648" total="2092630016" percent="98">
    <mem type="nursery" free="2937088" total="3932160" percent="74">
      <mem type="allocate" free="2937088" total="3211264" percent="91" />
      <mem type="survivor" free="0" total="720896" percent="0" />
    </mem>
    <mem type="tenure" free="2067339560" total="2088697856" percent="98" macro-fragmented="3732887">
      <mem type="soa" free="1942018344" total="1963376640" percent="98" />
      <mem type="loa" free="125321216" total="125321216" percent="100" />
    </mem>
    <remembered-set count="631" />
  </mem-info>
</gc-end>
<cycle-end id="2276" type="scavenge" contextid="2270" timestamp="2019-06-16T21:30:59.157" />
  <attribute name="elasticGC enabled" value="1" />
  <attribute name= "numThreadsSpecified" value="4" />
  <attribute name="heapSize specified" value="9371648" />
  <attribute name="Current GC Util" value="21" />
  <attribute name= "Current Time Running" value="45122" />
  <attribute name ="GC Interval" value="200" />
  <attribute name="ProportionalT" value="0.500000" />
  <attribute name="ProportionalI" value="0.500000" />
  <attribute name="ProportionalH" value="0.500000" />
  <attribute name="Current Error" value="1.000000" />
  <attribute name="IntegralT" value="2.500000" />
  <attribute name="IntegralI" value="2.500000" />
  <attribute name="IntegralH" value="2.500000" />
  <attribute name="DerivativeT" value="0.000000" />
  <attribute name="DerivativeI" value="0.000000" />
  <attribute name="DerivativeH" value="0.000000" />
  <attribute name="Loop Time for DT" value="5.000000" />
  <attribute name="Output H" value="8388608"/>
  <attribute name="Output I" value="200"/>
  <attribute name="Output T" value="4"/>
  <attribute name="Target GC Util Change" value ="20.000000" />
  <attribute name="Current GC Util Change" value="21.000000"/>
  <attribute name="GC Util currently" value="21" />
  <attribute name="CPU Util currently" value="836860746289" />
<allocation-satisfied id="2277" threadId="0000000002213700" bytesRequested="32" />
<af-end id="2278" timestamp="2019-06-16T21:30:59.158" threadId="0000000002214088" success="true" from="nursery"/>
<exclusive-end id="2279" timestamp="2019-06-16T21:30:59.158" durationms="1.661" />

<exclusive-start id="2280" timestamp="2019-06-16T21:30:59.164" intervalms="8.334">
  <response-info timems="0.037" idlems="0.037" threads="0" lastid="0000000002213700" lastname="main" />
</exclusive-start>
<af-start id="2281" threadId="0000000002214088" totalBytesRequested="56" timestamp="2019-06-16T21:30:59.164" intervalms="8.346" type="nursery" />
<cycle-start id="2282" type="scavenge" contextid="0" timestamp="2019-06-16T21:30:59.165" intervalms="8.352" />
<gc-start id="2283" type="scavenge" contextid="2282" timestamp="2019-06-16T21:30:59.165">
  <mem-info id="2284" free="2067339560" total="2092630016" percent="98">
    <mem type="nursery" free="0" total="3932160" percent="0">
      <mem type="allocate" free="0" total="3211264" percent="0" />
      <mem type="survivor" free="0" total="720896" percent="0" />
    </mem>
    <mem type="tenure" free="2067339560" total="2088697856" percent="98">
      <mem type="soa" free="1942018344" total="1963376640" percent="98" />
      <mem type="loa" free="125321216" total="125321216" percent="100" />
    </mem>
    <remembered-set count="794" />
  </mem-info>
</gc-start>
<allocation-stats totalBytes="2936544" >
  <allocated-bytes non-tlh="32" tlh="2936512" />
  <largest-consumer threadName="main" threadId="0000000002213700" bytes="2936544" />
</allocation-stats>
<gc-op id="2285" type="scavenge" timems="0.551" contextid="2282" timestamp="2019-06-16T21:30:59.165">
  <scavenger-info tenureage="5" tenuremask="ffe0" tiltratio="81" />
  <memory-copied type="nursery" objects="8458" bytes="359096" bytesdiscarded="71752" />
</gc-op>
<gc-end id="2286" type="scavenge" contextid="2282" durationms="1.204" usertimems="4.000" systemtimems="0.000" timestamp="2019-06-16T21:30:59.166" activeThreads="4">
  <mem-info id="2287" free="2070185512" total="2092630016" percent="98">
    <mem type="nursery" free="2845952" total="3932160" percent="72">
      <mem type="allocate" free="2845952" total="3276800" percent="86" />
      <mem type="survivor" free="0" total="655360" percent="0" />
    </mem>
    <mem type="tenure" free="2067339560" total="2088697856" percent="98" macro-fragmented="10920">
      <mem type="soa" free="1942018344" total="1963376640" percent="98" />
      <mem type="loa" free="125321216" total="125321216" percent="100" />
    </mem>
    <remembered-set count="791" />
  </mem-info>
</gc-end>
<cycle-end id="2288" type="scavenge" contextid="2282" timestamp="2019-06-16T21:30:59.166" />
  <attribute name="elasticGC enabled" value="1" />
  <attribute name= "numThreadsSpecified" value="4" />
  <attribute name="heapSize specified" value="9371648" />
  <attribute name="Current GC Util" value="14" />
  <attribute name= "Current Time Running" value="45131" />
  <attribute name ="GC Interval" value="200" />
  <attribute name="ProportionalT" value="-3.000000" />
  <attribute name="ProportionalI" value="-3.000000" />
  <attribute name="ProportionalH" value="-3.000000" />
  <attribute name="Current Error" value="-6.000000" />
  <attribute name="IntegralT" value="-27.000000" />
  <attribute name="IntegralI" value="-27.000000" />
  <attribute name="IntegralH" value="-27.000000" />
  <attribute name="DerivativeT" value="-0.777778" />
  <attribute name="DerivativeI" value="-0.777778" />
  <attribute name="DerivativeH" value="-0.777778" />
  <attribute name="Loop Time for DT" value="9.000000" />
  <attribute name="Output H" value="2092630016"/>
  <attribute name="Output I" value="200"/>
  <attribute name="Output T" value="4"/>
  <attribute name="Target GC Util Change" value ="20.000000" />
  <attribute name="Current GC Util Change" value="14.000000"/>
  <attribute name="GC Util currently" value="14" />
  <attribute name="CPU Util currently" value="546834358643" />
<allocation-satisfied id="2289" threadId="0000000002213700" bytesRequested="56" />
<af-end id="2290" timestamp="2019-06-16T21:30:59.166" threadId="0000000002214088" success="true" from="nursery"/>
<exclusive-end id="2291" timestamp="2019-06-16T21:30:59.166" durationms="1.891" />

<exclusive-start id="2292" timestamp="2019-06-16T21:30:59.191" intervalms="26.734">
  <response-info timems="0.031" idlems="0.031" threads="0" lastid="0000000002213700" lastname="main" />
</exclusive-start>
<af-start id="2293" threadId="0000000002214088" totalBytesRequested="56" timestamp="2019-06-16T21:30:59.191" intervalms="26.749" type="nursery" />
<cycle-start id="2294" type="scavenge" contextid="0" timestamp="2019-06-16T21:30:59.191" intervalms="26.753" />
<gc-start id="2295" type="scavenge" contextid="2294" timestamp="2019-06-16T21:30:59.191">
  <mem-info id="2296" free="2067338696" total="2092630016" percent="98">
    <mem type="nursery" free="0" total="3932160" percent="0">
      <mem type="allocate" free="0" total="3276800" percent="0" />
      <mem type="survivor" free="0" total="655360" percent="0" />
    </mem>
    <mem type="tenure" free="2067338696" total="2088697856" percent="98">
      <mem type="soa" free="1942017480" total="1963376640" percent="98" />
      <mem type="loa" free="125321216" total="125321216" percent="100" />
    </mem>
    <remembered-set count="818" />
  </mem-info>
</gc-start>
<allocation-stats totalBytes="2845896" >
  <allocated-bytes non-tlh="200928" tlh="2644968" />
  <largest-consumer threadName="main" threadId="0000000002213700" bytes="2845896" />
</allocation-stats>
<gc-op id="2297" type="scavenge" timems="0.847" contextid="2294" timestamp="2019-06-16T21:30:59.192">
  <scavenger-info tenureage="5" tenuremask="ffe0" tiltratio="83" />
  <memory-copied type="nursery" objects="13818" bytes="593256" bytesdiscarded="62080" />
  <memory-copied type="tenure" objects="1297" bytes="50208" bytesdiscarded="16" />
  <copy-failed type="nursery" objects="1297" bytes="50208" />
  <references type="soft" candidates="1" cleared="0" enqueued="0" dynamicThreshold="31" maxThreshold="32" />
  <references type="weak" candidates="10" cleared="0" enqueued="0" />
</gc-op>
<gc-end id="2298" type="scavenge" contextid="2294" durationms="1.517" usertimems="4.000" systemtimems="0.000" timestamp="2019-06-16T21:30:59.193" activeThreads="4">
  <mem-info id="2299" free="2069527752" total="2092630016" percent="98">
    <mem type="nursery" free="2228224" total="3932160" percent="56">
      <mem type="allocate" free="2228224" total="2883584" percent="77" />
      <mem type="survivor" free="0" total="1048576" percent="0" />
    </mem>
    <mem type="tenure" free="2067299528" total="2088697856" percent="98" macro-fragmented="0">
      <mem type="soa" free="1941978312" total="1963376640" percent="98" />
      <mem type="loa" free="125321216" total="125321216" percent="100" />
    </mem>
    <remembered-set count="1182" />
  </mem-info>
</gc-end>
<cycle-end id="2300" type="scavenge" contextid="2294" timestamp="2019-06-16T21:30:59.193" />
  <attribute name="elasticGC enabled" value="1" />
  <attribute name= "numThreadsSpecified" value="4" />
  <attribute name="heapSize specified" value="9371648" />
  <attribute name="Current GC Util" value="5" />
  <attribute name= "Current Time Running" value="45157" />
  <attribute name ="GC Interval" value="200" />
  <attribute name="ProportionalT" value="-7.500000" />
  <attribute name="ProportionalI" value="-7.500000" />
  <attribute name="ProportionalH" value="-7.500000" />
  <attribute name="Current Error" value="-15.000000" />
  <attribute name="IntegralT" value="-195.000000" />
  <attribute name="IntegralI" value="-195.000000" />
  <attribute name="IntegralH" value="-195.000000" />
  <attribute name="DerivativeT" value="-0.576923" />
  <attribute name="DerivativeI" value="-0.576923" />
  <attribute name="DerivativeH" value="-0.576923" />
  <attribute name="Loop Time for DT" value="26.000000" />
  <attribute name="Output H" value="2092630016"/>
  <attribute name="Output I" value="200"/>
  <attribute name="Output T" value="4"/>
  <attribute name="Target GC Util Change" value ="20.000000" />
  <attribute name="Current GC Util Change" value="5.000000"/>
  <attribute name="GC Util currently" value="5" />
  <attribute name="CPU Util currently" value="172211672738" />
<allocation-satisfied id="2301" threadId="0000000002213700" bytesRequested="56" />
<af-end id="2302" timestamp="2019-06-16T21:30:59.193" threadId="0000000002214088" success="true" from="nursery"/>
<exclusive-end id="2303" timestamp="2019-06-16T21:30:59.193" durationms="2.205" />

<exclusive-start id="2304" timestamp="2019-06-16T21:30:59.229" intervalms="37.672">
  <response-info timems="0.027" idlems="0.027" threads="0" lastid="0000000002213700" lastname="main" />
</exclusive-start>
<af-start id="2305" threadId="0000000002214088" totalBytesRequested="8200" timestamp="2019-06-16T21:30:59.229" intervalms="37.625" type="nursery" />
<cycle-start id="2306" type="scavenge" contextid="0" timestamp="2019-06-16T21:30:59.229" intervalms="37.613" />
<gc-start id="2307" type="scavenge" contextid="2306" timestamp="2019-06-16T21:30:59.229">
  <mem-info id="2308" free="2067298576" total="2092630016" percent="98">
    <mem type="nursery" free="0" total="3932160" percent="0">
      <mem type="allocate" free="0" total="2883584" percent="0" />
      <mem type="survivor" free="0" total="1048576" percent="0" />
    </mem>
    <mem type="tenure" free="2067298576" total="2088697856" percent="98">
      <mem type="soa" free="1941977360" total="1963376640" percent="98" />
      <mem type="loa" free="125321216" total="125321216" percent="100" />
    </mem>
    <remembered-set count="1356" />
  </mem-info>
</gc-start>
<allocation-stats totalBytes="2225648" >
  <allocated-bytes non-tlh="201016" tlh="2024632" />
  <largest-consumer threadName="main" threadId="0000000002213700" bytes="2225648" />
</allocation-stats>
<gc-op id="2309" type="scavenge" timems="1.093" contextid="2306" timestamp="2019-06-16T21:30:59.230">
  <scavenger-info tenureage="3" tenuremask="fff8" tiltratio="73" />
  <memory-copied type="nursery" objects="11867" bytes="502936" bytesdiscarded="122440" />
  <memory-copied type="tenure" objects="5310" bytes="203744" bytesdiscarded="80" />
  <references type="soft" candidates="3" cleared="0" enqueued="0" dynamicThreshold="31" maxThreshold="32" />
  <references type="weak" candidates="14" cleared="0" enqueued="0" />
  <references type="phantom" candidates="1" cleared="0" enqueued="0" />
</gc-op>
<gc-end id="2310" type="scavenge" contextid="2306" durationms="1.689" usertimems="4.000" systemtimems="0.000" timestamp="2019-06-16T21:30:59.231" activeThreads="4">
  <mem-info id="2311" free="2069395664" total="2092630016" percent="98">
    <mem type="nursery" free="2323648" total="3932160" percent="59">
      <mem type="allocate" free="2323648" total="2949120" percent="78" />
      <mem type="survivor" free="0" total="983040" percent="0" />
    </mem>
    <mem type="tenure" free="2067072016" total="2088697856" percent="98" macro-fragmented="2592282">
      <mem type="soa" free="1941750800" total="1963376640" percent="98" />
      <mem type="loa" free="125321216" total="125321216" percent="100" />
    </mem>
    <remembered-set count="979" />
  </mem-info>
</gc-end>
<cycle-end id="2312" type="scavenge" contextid="2306" timestamp="2019-06-16T21:30:59.231" />
  <attribute name="elasticGC enabled" value="1" />
  <attribute name= "numThreadsSpecified" value="4" />
  <attribute name="heapSize specified" value="9371648" />
  <attribute name="Current GC Util" value="6" />
  <attribute name= "Current Time Running" value="45195" />
  <attribute name ="GC Interval" value="200" />
  <attribute name="ProportionalT" value="-7.000000" />
  <attribute name="ProportionalI" value="-7.000000" />
  <attribute name="ProportionalH" value="-7.000000" />
  <attribute name="Current Error" value="-14.000000" />
  <attribute name="IntegralT" value="-266.000000" />
  <attribute name="IntegralI" value="-266.000000" />
  <attribute name="IntegralH" value="-266.000000" />
  <attribute name="DerivativeT" value="-0.368421" />
  <attribute name="DerivativeI" value="-0.368421" />
  <attribute name="DerivativeH" value="-0.368421" />
  <attribute name="Loop Time for DT" value="38.000000" />
  <attribute name="Output H" value="2092630016"/>
  <attribute name="Output I" value="200"/>
  <attribute name="Output T" value="4"/>
  <attribute name="Target GC Util Change" value ="20.000000" />
  <attribute name="Current GC Util Change" value="6.000000"/>
  <attribute name="GC Util currently" value="6" />
  <attribute name="CPU Util currently" value="122880271051" />
<allocation-satisfied id="2313" threadId="0000000002213700" bytesRequested="8200" />
<af-end id="2314" timestamp="2019-06-16T21:30:59.231" threadId="0000000002214088" success="true" from="nursery"/>
<exclusive-end id="2315" timestamp="2019-06-16T21:30:59.231" durationms="2.393" />

<exclusive-start id="2316" timestamp="2019-06-16T21:30:59.266" intervalms="37.547">
  <response-info timems="0.030" idlems="0.030" threads="0" lastid="0000000002213700" lastname="main" />
</exclusive-start>
<af-start id="2317" threadId="0000000002214088" totalBytesRequested="32" timestamp="2019-06-16T21:30:59.266" intervalms="37.592" type="nursery" />
<cycle-start id="2318" type="scavenge" contextid="0" timestamp="2019-06-16T21:30:59.266" intervalms="37.605" />
<gc-start id="2319" type="scavenge" contextid="2318" timestamp="2019-06-16T21:30:59.267">
  <mem-info id="2320" free="2067071384" total="2092630016" percent="98">
    <mem type="nursery" free="0" total="3932160" percent="0">
      <mem type="allocate" free="0" total="2949120" percent="0" />
      <mem type="survivor" free="0" total="983040" percent="0" />
    </mem>
    <mem type="tenure" free="2067071384" total="2088697856" percent="98">
      <mem type="soa" free="1941750168" total="1963376640" percent="98" />
      <mem type="loa" free="125321216" total="125321216" percent="100" />
    </mem>
    <remembered-set count="992" />
  </mem-info>
</gc-start>
<allocation-stats totalBytes="2323688" >
  <allocated-bytes non-tlh="608856" tlh="1714832" />
  <largest-consumer threadName="main" threadId="0000000002213700" bytes="2323688" />
</allocation-stats>
<gc-op id="2321" type="scavenge" timems="0.762" contextid="2318" timestamp="2019-06-16T21:30:59.268">
  <scavenger-info tenureage="3" tenuremask="ff88" tiltratio="75" />
  <memory-copied type="nursery" objects="14595" bytes="915816" bytesdiscarded="67072" />
  <memory-copied type="tenure" objects="3077" bytes="120368" bytesdiscarded="8" />
  <copy-failed type="nursery" objects="1682" bytes="67336" />
  <references type="soft" candidates="5" cleared="0" enqueued="0" dynamicThreshold="31" maxThreshold="32" />
  <references type="weak" candidates="22" cleared="0" enqueued="0" />
  <references type="phantom" candidates="1" cleared="0" enqueued="0" />
</gc-op>
<gc-end id="2322" type="scavenge" contextid="2318" durationms="1.455" usertimems="4.000" systemtimems="0.000" timestamp="2019-06-16T21:30:59.268" activeThreads="4">
  <mem-info id="2323" free="2068281496" total="2092630016" percent="98">
    <mem type="nursery" free="1310720" total="3932160" percent="33">
      <mem type="allocate" free="1310720" total="2293760" percent="57" />
      <mem type="survivor" free="0" total="1638400" percent="0" />
    </mem>
    <mem type="tenure" free="2066970776" total="2088697856" percent="98" macro-fragmented="0">
      <mem type="soa" free="1941649560" total="1963376640" percent="98" />
      <mem type="loa" free="125321216" total="125321216" percent="100" />
    </mem>
    <remembered-set count="926" />
  </mem-info>
</gc-end>
<cycle-end id="2324" type="scavenge" contextid="2318" timestamp="2019-06-16T21:30:59.268" />
  <attribute name="elasticGC enabled" value="1" />
  <attribute name= "numThreadsSpecified" value="4" />
  <attribute name="heapSize specified" value="9371648" />
  <attribute name="Current GC Util" value="5" />
  <attribute name= "Current Time Running" value="45233" />
  <attribute name ="GC Interval" value="200" />
  <attribute name="ProportionalT" value="-7.500000" />
  <attribute name="ProportionalI" value="-7.500000" />
  <attribute name="ProportionalH" value="-7.500000" />
  <attribute name="Current Error" value="-15.000000" />
  <attribute name="IntegralT" value="-285.000000" />
  <attribute name="IntegralI" value="-285.000000" />
  <attribute name="IntegralH" value="-285.000000" />
  <attribute name="DerivativeT" value="-0.394737" />
  <attribute name="DerivativeI" value="-0.394737" />
  <attribute name="DerivativeH" value="-0.394737" />
  <attribute name="Loop Time for DT" value="38.000000" />
  <attribute name="Output H" value="2092630016"/>
  <attribute name="Output I" value="200"/>
  <attribute name="Output T" value="4"/>
  <attribute name="Target GC Util Change" value ="20.000000" />
  <attribute name="Current GC Util Change" value="5.000000"/>
  <attribute name="GC Util currently" value="5" />
  <attribute name="CPU Util currently" value="122285602583" />
<allocation-satisfied id="2325" threadId="0000000002213700" bytesRequested="32" />
<af-end id="2326" timestamp="2019-06-16T21:30:59.268" threadId="0000000002214088" success="true" from="nursery"/>
<exclusive-end id="2327" timestamp="2019-06-16T21:30:59.268" durationms="2.176" />

<exclusive-start id="2328" timestamp="2019-06-16T21:30:59.270" intervalms="3.862">
  <response-info timems="0.032" idlems="0.032" threads="0" lastid="0000000002213700" lastname="main" />
</exclusive-start>
<af-start id="2329" threadId="0000000002214088" totalBytesRequested="32" timestamp="2019-06-16T21:30:59.270" intervalms="3.809" type="nursery" />
<cycle-start id="2330" type="scavenge" contextid="0" timestamp="2019-06-16T21:30:59.270" intervalms="3.766" />
<gc-start id="2331" type="scavenge" contextid="2330" timestamp="2019-06-16T21:30:59.270">
  <mem-info id="2332" free="2066970776" total="2092630016" percent="98">
    <mem type="nursery" free="0" total="3932160" percent="0">
      <mem type="allocate" free="0" total="2293760" percent="0" />
      <mem type="survivor" free="0" total="1638400" percent="0" />
    </mem>
    <mem type="tenure" free="2066970776" total="2088697856" percent="98">
      <mem type="soa" free="1941649560" total="1963376640" percent="98" />
      <mem type="loa" free="125321216" total="125321216" percent="100" />
    </mem>
    <remembered-set count="926" />
  </mem-info>
</gc-start>
<allocation-stats totalBytes="1310568" >
  <allocated-bytes non-tlh="32" tlh="1310536" />
  <largest-consumer threadName="main" threadId="0000000002213700" bytes="1310568" />
</allocation-stats>
<gc-op id="2333" type="scavenge" timems="0.679" contextid="2330" timestamp="2019-06-16T21:30:59.271">
  <scavenger-info tenureage="3" tenuremask="ffe8" tiltratio="58" />
  <memory-copied type="nursery" objects="10358" bytes="706912" bytesdiscarded="93296" />
  <memory-copied type="tenure" objects="5404" bytes="252096" bytesdiscarded="32" />
  <references type="soft" candidates="4" cleared="0" enqueued="0" dynamicThreshold="31" maxThreshold="32" />
  <references type="weak" candidates="12" cleared="0" enqueued="0" />
  <references type="phantom" candidates="1" cleared="0" enqueued="0" />
</gc-op>
<gc-end id="2334" type="scavenge" contextid="2330" durationms="1.262" usertimems="4.000" systemtimems="0.000" timestamp="2019-06-16T21:30:59.272" activeThreads="4">
  <mem-info id="2335" free="2068422720" total="2092630016" percent="98">
    <mem type="nursery" free="1624496" total="3932160" percent="41">
      <mem type="allocate" free="1624496" total="2424832" percent="66" />
      <mem type="survivor" free="0" total="1507328" percent="0" />
    </mem>
    <mem type="tenure" free="2066798224" total="2088697856" percent="98" macro-fragmented="868149">
      <mem type="soa" free="1941477008" total="1963376640" percent="98" />
      <mem type="loa" free="125321216" total="125321216" percent="100" />
    </mem>
    <remembered-set count="597" />
  </mem-info>
</gc-end>
<cycle-end id="2336" type="scavenge" contextid="2330" timestamp="2019-06-16T21:30:59.272" />
  <attribute name="elasticGC enabled" value="1" />
  <attribute name= "numThreadsSpecified" value="4" />
  <attribute name="heapSize specified" value="9371648" />
  <attribute name="Current GC Util" value="75" />
  <attribute name= "Current Time Running" value="45236" />
  <attribute name ="GC Interval" value="200" />
  <attribute name="ProportionalT" value="27.500000" />
  <attribute name="ProportionalI" value="27.500000" />
  <attribute name="ProportionalH" value="27.500000" />
  <attribute name="Current Error" value="55.000000" />
  <attribute name="IntegralT" value="82.500000" />
  <attribute name="IntegralI" value="82.500000" />
  <attribute name="IntegralH" value="82.500000" />
  <attribute name="DerivativeT" value="18.333333" />
  <attribute name="DerivativeI" value="18.333333" />
  <attribute name="DerivativeH" value="18.333333" />
  <attribute name="Loop Time for DT" value="3.000000" />
  <attribute name="Output H" value="8388608"/>
  <attribute name="Output I" value="200"/>
  <attribute name="Output T" value="4"/>
  <attribute name="Target GC Util Change" value ="20.000000" />
  <attribute name="Current GC Util Change" value="75.000000"/>
  <attribute name="GC Util currently" value="75" />
  <attribute name="CPU Util currently" value="1270712061550" />
<allocation-satisfied id="2337" threadId="0000000002213700" bytesRequested="32" />
<af-end id="2338" timestamp="2019-06-16T21:30:59.272" threadId="0000000002214088" success="true" from="nursery"/>
<exclusive-end id="2339" timestamp="2019-06-16T21:30:59.272" durationms="1.846" />

<exclusive-start id="2340" timestamp="2019-06-16T21:30:59.274" intervalms="3.837">
  <response-info timems="0.030" idlems="0.030" threads="0" lastid="0000000002213700" lastname="main" />
</exclusive-start>
<af-start id="2341" threadId="0000000002214088" totalBytesRequested="32" timestamp="2019-06-16T21:30:59.274" intervalms="3.861" type="nursery" />
<cycle-start id="2342" type="scavenge" contextid="0" timestamp="2019-06-16T21:30:59.274" intervalms="3.894" />
<gc-start id="2343" type="scavenge" contextid="2342" timestamp="2019-06-16T21:30:59.274">
  <mem-info id="2344" free="2066798224" total="2092630016" percent="98">
    <mem type="nursery" free="0" total="3932160" percent="0">
      <mem type="allocate" free="0" total="2424832" percent="0" />
      <mem type="survivor" free="0" total="1507328" percent="0" />
    </mem>
    <mem type="tenure" free="2066798224" total="2088697856" percent="98">
      <mem type="soa" free="1941477008" total="1963376640" percent="98" />
      <mem type="loa" free="125321216" total="125321216" percent="100" />
    </mem>
    <remembered-set count="597" />
  </mem-info>
</gc-start>
<allocation-stats totalBytes="1624280" >
  <allocated-bytes non-tlh="32" tlh="1624248" />
  <largest-consumer threadName="main" threadId="0000000002213700" bytes="1624280" />
</allocation-stats>
<gc-op id="2345" type="scavenge" timems="0.635" contextid="2342" timestamp="2019-06-16T21:30:59.275">
  <scavenger-info tenureage="3" tenuremask="ffe8" tiltratio="61" />
  <memory-copied type="nursery" objects="7992" bytes="621000" bytesdiscarded="169872" />
  <memory-copied type="tenure" objects="3774" bytes="138232" bytesdiscarded="24" />
  <references type="soft" candidates="2" cleared="0" enqueued="0" dynamicThreshold="31" maxThreshold="32" />
  <references type="weak" candidates="8" cleared="0" enqueued="0" />
  <references type="phantom" candidates="1" cleared="0" enqueued="0" />
</gc-op>
<gc-end id="2346" type="scavenge" contextid="2342" durationms="1.177" usertimems="4.000" systemtimems="0.000" timestamp="2019-06-16T21:30:59.275" activeThreads="4">
  <mem-info id="2347" free="2068392680" total="2092630016" percent="98">
    <mem type="nursery" free="1764952" total="3932160" percent="44">
      <mem type="allocate" free="1764952" total="2555904" percent="69" />
      <mem type="survivor" free="0" total="1376256" percent="0" />
    </mem>
    <mem type="tenure" free="2066627728" total="2088697856" percent="98" macro-fragmented="0">
      <mem type="soa" free="1941306512" total="1963376640" percent="98" />
      <mem type="loa" free="125321216" total="125321216" percent="100" />
    </mem>
    <remembered-set count="401" />
  </mem-info>
</gc-end>
<cycle-end id="2348" type="scavenge" contextid="2342" timestamp="2019-06-16T21:30:59.276" />
  <attribute name="elasticGC enabled" value="1" />
  <attribute name= "numThreadsSpecified" value="4" />
  <attribute name="heapSize specified" value="9371648" />
  <attribute name="Current GC Util" value="60" />
  <attribute name= "Current Time Running" value="45240" />
  <attribute name ="GC Interval" value="200" />
  <attribute name="ProportionalT" value="20.000000" />
  <attribute name="ProportionalI" value="20.000000" />
  <attribute name="ProportionalH" value="20.000000" />
  <attribute name="Current Error" value="40.000000" />
  <attribute name="IntegralT" value="80.000000" />
  <attribute name="IntegralI" value="80.000000" />
  <attribute name="IntegralH" value="80.000000" />
  <attribute name="DerivativeT" value="-3.750000" />
  <attribute name="DerivativeI" value="-3.750000" />
  <attribute name="DerivativeH" value="-3.750000" />
  <attribute name="Loop Time for DT" value="4.000000" />
  <attribute name="Output H" value="8388608"/>
  <attribute name="Output I" value="200"/>
  <attribute name="Output T" value="4"/>
  <attribute name="Target GC Util Change" value ="20.000000" />
  <attribute name="Current GC Util Change" value="60.000000"/>
  <attribute name="GC Util currently" value="60" />
  <attribute name="CPU Util currently" value="1183479534235" />
<allocation-satisfied id="2349" threadId="0000000002213700" bytesRequested="32" />
<af-end id="2350" timestamp="2019-06-16T21:30:59.276" threadId="0000000002214088" success="true" from="nursery"/>
<exclusive-end id="2351" timestamp="2019-06-16T21:30:59.276" durationms="1.838" />

<exclusive-start id="2352" timestamp="2019-06-16T21:30:59.278" intervalms="3.979">
  <response-info timems="0.065" idlems="0.065" threads="0" lastid="0000000002213700" lastname="main" />
</exclusive-start>
<af-start id="2353" threadId="0000000002214088" totalBytesRequested="48" timestamp="2019-06-16T21:30:59.278" intervalms="3.977" type="nursery" />
<cycle-start id="2354" type="scavenge" contextid="0" timestamp="2019-06-16T21:30:59.278" intervalms="3.976" />
<gc-start id="2355" type="scavenge" contextid="2354" timestamp="2019-06-16T21:30:59.278">
  <mem-info id="2356" free="2066627728" total="2092630016" percent="98">
    <mem type="nursery" free="0" total="3932160" percent="0">
      <mem type="allocate" free="0" total="2555904" percent="0" />
      <mem type="survivor" free="0" total="1376256" percent="0" />
    </mem>
    <mem type="tenure" free="2066627728" total="2088697856" percent="98">
      <mem type="soa" free="1941306512" total="1963376640" percent="98" />
      <mem type="loa" free="125321216" total="125321216" percent="100" />
    </mem>
    <remembered-set count="401" />
  </mem-info>
</gc-start>
<allocation-stats totalBytes="1764744" >
  <allocated-bytes non-tlh="32" tlh="1764712" />
  <largest-consumer threadName="main" threadId="0000000002213700" bytes="1764744" />
</allocation-stats>
<gc-op id="2357" type="scavenge" timems="0.797" contextid="2354" timestamp="2019-06-16T21:30:59.279">
  <scavenger-info tenureage="3" tenuremask="ffe8" tiltratio="65" />
  <memory-copied type="nursery" objects="4325" bytes="159392" bytesdiscarded="97888" />
  <memory-copied type="tenure" objects="5208" bytes="518456" bytesdiscarded="416" />
</gc-op>
<gc-end id="2358" type="scavenge" contextid="2354" durationms="1.344" usertimems="4.000" systemtimems="0.000" timestamp="2019-06-16T21:30:59.280" activeThreads="4">
  <mem-info id="2359" free="2068491328" total="2092630016" percent="98">
    <mem type="nursery" free="2429696" total="3932160" percent="61">
      <mem type="allocate" free="2429696" total="2686976" percent="90" />
      <mem type="survivor" free="0" total="1245184" percent="0" />
    </mem>
    <mem type="tenure" free="2066061632" total="2088697856" percent="98" macro-fragmented="418667">
      <mem type="soa" free="1940740416" total="1963376640" percent="98" />
      <mem type="loa" free="125321216" total="125321216" percent="100" />
    </mem>
    <remembered-set count="523" />
  </mem-info>
</gc-end>
<cycle-end id="2360" type="scavenge" contextid="2354" timestamp="2019-06-16T21:30:59.280" />
  <attribute name="elasticGC enabled" value="1" />
  <attribute name= "numThreadsSpecified" value="4" />
  <attribute name="heapSize specified" value="9371648" />
  <attribute name="Current GC Util" value="54" />
  <attribute name= "Current Time Running" value="45244" />
  <attribute name ="GC Interval" value="200" />
  <attribute name="ProportionalT" value="17.000000" />
  <attribute name="ProportionalI" value="17.000000" />
  <attribute name="ProportionalH" value="17.000000" />
  <attribute name="Current Error" value="34.000000" />
  <attribute name="IntegralT" value="68.000000" />
  <attribute name="IntegralI" value="68.000000" />
  <attribute name="IntegralH" value="68.000000" />
  <attribute name="DerivativeT" value="-1.500000" />
  <attribute name="DerivativeI" value="-1.500000" />
  <attribute name="DerivativeH" value="-1.500000" />
  <attribute name="Loop Time for DT" value="4.000000" />
  <attribute name="Output H" value="8388608"/>
  <attribute name="Output I" value="200"/>
  <attribute name="Output T" value="4"/>
  <attribute name="Target GC Util Change" value ="20.000000" />
  <attribute name="Current GC Util Change" value="54.000000"/>
  <attribute name="GC Util currently" value="54" />
  <attribute name="CPU Util currently" value="1158876678439" />
<allocation-satisfied id="2361" threadId="0000000002213700" bytesRequested="48" />
<af-end id="2362" timestamp="2019-06-16T21:30:59.280" threadId="0000000002214088" success="true" from="nursery"/>
<exclusive-end id="2363" timestamp="2019-06-16T21:30:59.280" durationms="1.989" />

<exclusive-start id="2364" timestamp="2019-06-16T21:30:59.283" intervalms="4.844">
  <response-info timems="0.031" idlems="0.031" threads="0" lastid="0000000002213700" lastname="main" />
</exclusive-start>
<af-start id="2365" threadId="0000000002214088" totalBytesRequested="32" timestamp="2019-06-16T21:30:59.283" intervalms="4.850" type="nursery" />
<cycle-start id="2366" type="scavenge" contextid="0" timestamp="2019-06-16T21:30:59.283" intervalms="4.851" />
<gc-start id="2367" type="scavenge" contextid="2366" timestamp="2019-06-16T21:30:59.283">
  <mem-info id="2368" free="2066061632" total="2092630016" percent="98">
    <mem type="nursery" free="0" total="3932160" percent="0">
      <mem type="allocate" free="0" total="2686976" percent="0" />
      <mem type="survivor" free="0" total="1245184" percent="0" />
    </mem>
    <mem type="tenure" free="2066061632" total="2088697856" percent="98">
      <mem type="soa" free="1940740416" total="1963376640" percent="98" />
      <mem type="loa" free="125321216" total="125321216" percent="100" />
    </mem>
    <remembered-set count="731" />
  </mem-info>
</gc-start>
<allocation-stats totalBytes="2429416" >
  <allocated-bytes non-tlh="48" tlh="2429368" />
  <largest-consumer threadName="main" threadId="0000000002213700" bytes="2429416" />
</allocation-stats>
<gc-op id="2369" type="scavenge" timems="0.527" contextid="2366" timestamp="2019-06-16T21:30:59.284">
  <scavenger-info tenureage="3" tenuremask="ffe8" tiltratio="68" />
  <memory-copied type="nursery" objects="5425" bytes="196656" bytesdiscarded="38352" />
  <memory-copied type="tenure" objects="1200" bytes="44552" bytesdiscarded="24" />
</gc-op>
<gc-end id="2370" type="scavenge" contextid="2366" durationms="1.069" usertimems="4.000" systemtimems="0.000" timestamp="2019-06-16T21:30:59.284" activeThreads="4">
  <mem-info id="2371" free="2068671040" total="2092630016" percent="98">
    <mem type="nursery" free="2648576" total="3932160" percent="67">
      <mem type="allocate" free="2648576" total="2883584" percent="91" />
      <mem type="survivor" free="0" total="1048576" percent="0" />
    </mem>
    <mem type="tenure" free="2066022464" total="2088697856" percent="98" macro-fragmented="2592282">
      <mem type="soa" free="1940701248" total="1963376640" percent="98" />
      <mem type="loa" free="125321216" total="125321216" percent="100" />
    </mem>
    <remembered-set count="596" />
  </mem-info>
</gc-end>
<cycle-end id="2372" type="scavenge" contextid="2366" timestamp="2019-06-16T21:30:59.284" />
  <attribute name="elasticGC enabled" value="1" />
  <attribute name= "numThreadsSpecified" value="4" />
  <attribute name="heapSize specified" value="9371648" />
  <attribute name="Current GC Util" value="37" />
  <attribute name= "Current Time Running" value="45249" />
  <attribute name ="GC Interval" value="200" />
  <attribute name="ProportionalT" value="8.500000" />
  <attribute name="ProportionalI" value="8.500000" />
  <attribute name="ProportionalH" value="8.500000" />
  <attribute name="Current Error" value="17.000000" />
  <attribute name="IntegralT" value="42.500000" />
  <attribute name="IntegralI" value="42.500000" />
  <attribute name="IntegralH" value="42.500000" />
  <attribute name="DerivativeT" value="-3.400000" />
  <attribute name="DerivativeI" value="-3.400000" />
  <attribute name="DerivativeH" value="-3.400000" />
  <attribute name="Loop Time for DT" value="5.000000" />
  <attribute name="Output H" value="8388608"/>
  <attribute name="Output I" value="200"/>
  <attribute name="Output T" value="4"/>
  <attribute name="Target GC Util Change" value ="20.000000" />
  <attribute name="Current GC Util Change" value="37.000000"/>
  <attribute name="GC Util currently" value="37" />
  <attribute name="CPU Util currently" value="951516402723" />
<allocation-satisfied id="2373" threadId="0000000002213700" bytesRequested="32" />
<af-end id="2374" timestamp="2019-06-16T21:30:59.284" threadId="0000000002214088" success="true" from="nursery"/>
<exclusive-end id="2375" timestamp="2019-06-16T21:30:59.285" durationms="1.761" />

<exclusive-start id="2376" timestamp="2019-06-16T21:30:59.287" intervalms="4.672">
  <response-info timems="0.032" idlems="0.032" threads="0" lastid="0000000002213700" lastname="main" />
</exclusive-start>
<af-start id="2377" threadId="0000000002214088" totalBytesRequested="32" timestamp="2019-06-16T21:30:59.288" intervalms="4.670" type="nursery" />
<cycle-start id="2378" type="scavenge" contextid="0" timestamp="2019-06-16T21:30:59.288" intervalms="4.670" />
<gc-start id="2379" type="scavenge" contextid="2378" timestamp="2019-06-16T21:30:59.288">
  <mem-info id="2380" free="2066022464" total="2092630016" percent="98">
    <mem type="nursery" free="0" total="3932160" percent="0">
      <mem type="allocate" free="0" total="2883584" percent="0" />
      <mem type="survivor" free="0" total="1048576" percent="0" />
    </mem>
    <mem type="tenure" free="2066022464" total="2088697856" percent="98">
      <mem type="soa" free="1940701248" total="1963376640" percent="98" />
      <mem type="loa" free="125321216" total="125321216" percent="100" />
    </mem>
    <remembered-set count="826" />
  </mem-info>
</gc-start>
<allocation-stats totalBytes="2648184" >
  <allocated-bytes non-tlh="32" tlh="2648152" />
  <largest-consumer threadName="main" threadId="0000000002213700" bytes="2648184" />
</allocation-stats>
<gc-op id="2381" type="scavenge" timems="0.527" contextid="2378" timestamp="2019-06-16T21:30:59.288">
  <scavenger-info tenureage="3" tenuremask="ffe8" tiltratio="73" />
  <memory-copied type="nursery" objects="6611" bytes="239952" bytesdiscarded="34224" />
  <memory-copied type="tenure" objects="1450" bytes="53688" bytesdiscarded="88" />
</gc-op>
<gc-end id="2382" type="scavenge" contextid="2378" durationms="1.071" usertimems="0.000" systemtimems="0.000" timestamp="2019-06-16T21:30:59.289" activeThreads="4">
  <mem-info id="2383" free="2068684608" total="2092630016" percent="98">
    <mem type="nursery" free="2740480" total="3932160" percent="69">
      <mem type="allocate" free="2740480" total="3014656" percent="90" />
      <mem type="survivor" free="0" total="917504" percent="0" />
    </mem>
    <mem type="tenure" free="2065944128" total="2088697856" percent="98" macro-fragmented="1048608">
      <mem type="soa" free="1940622912" total="1963376640" percent="98" />
      <mem type="loa" free="125321216" total="125321216" percent="100" />
    </mem>
    <remembered-set count="683" />
  </mem-info>
</gc-end>
<cycle-end id="2384" type="scavenge" contextid="2378" timestamp="2019-06-16T21:30:59.289" />
  <attribute name="elasticGC enabled" value="1" />
  <attribute name= "numThreadsSpecified" value="4" />
  <attribute name="heapSize specified" value="9371648" />
  <attribute name="Current GC Util" value="25" />
  <attribute name= "Current Time Running" value="45254" />
  <attribute name ="GC Interval" value="200" />
  <attribute name="ProportionalT" value="2.500000" />
  <attribute name="ProportionalI" value="2.500000" />
  <attribute name="ProportionalH" value="2.500000" />
  <attribute name="Current Error" value="5.000000" />
  <attribute name="IntegralT" value="12.500000" />
  <attribute name="IntegralI" value="12.500000" />
  <attribute name="IntegralH" value="12.500000" />
  <attribute name="DerivativeT" value="-2.400000" />
  <attribute name="DerivativeI" value="-2.400000" />
  <attribute name="DerivativeH" value="-2.400000" />
  <attribute name="Loop Time for DT" value="5.000000" />
  <attribute name="Output H" value="8388608"/>
  <attribute name="Output I" value="200"/>
  <attribute name="Output T" value="4"/>
  <attribute name="Target GC Util Change" value ="20.000000" />
  <attribute name="Current GC Util Change" value="25.000000"/>
  <attribute name="GC Util currently" value="25" />
  <attribute name="CPU Util currently" value="985993745731" />
<allocation-satisfied id="2385" threadId="0000000002213700" bytesRequested="32" />
<af-end id="2386" timestamp="2019-06-16T21:30:59.289" threadId="0000000002214088" success="true" from="nursery"/>
<exclusive-end id="2387" timestamp="2019-06-16T21:30:59.289" durationms="1.738" />

<exclusive-start id="2388" timestamp="2019-06-16T21:30:59.294" intervalms="6.501">
  <response-info timems="0.081" idlems="0.081" threads="0" lastid="0000000002213700" lastname="main" />
</exclusive-start>
<af-start id="2389" threadId="0000000002214088" totalBytesRequested="64" timestamp="2019-06-16T21:30:59.294" intervalms="6.525" type="nursery" />
<cycle-start id="2390" type="scavenge" contextid="0" timestamp="2019-06-16T21:30:59.294" intervalms="6.535" />
<gc-start id="2391" type="scavenge" contextid="2390" timestamp="2019-06-16T21:30:59.294">
  <mem-info id="2392" free="2065944128" total="2092630016" percent="98">
    <mem type="nursery" free="0" total="3932160" percent="0">
      <mem type="allocate" free="0" total="3014656" percent="0" />
      <mem type="survivor" free="0" total="917504" percent="0" />
    </mem>
    <mem type="tenure" free="2065944128" total="2088697856" percent="98">
      <mem type="soa" free="1940622912" total="1963376640" percent="98" />
      <mem type="loa" free="125321216" total="125321216" percent="100" />
    </mem>
    <remembered-set count="890" />
  </mem-info>
</gc-start>
<allocation-stats totalBytes="2739792" >
  <allocated-bytes non-tlh="32" tlh="2739760" />
  <largest-consumer threadName="main" threadId="0000000002213700" bytes="2739792" />
</allocation-stats>
<gc-op id="2393" type="scavenge" timems="0.689" contextid="2390" timestamp="2019-06-16T21:30:59.295">
  <scavenger-info tenureage="3" tenuremask="ffe8" tiltratio="76" />
  <memory-copied type="nursery" objects="8989" bytes="360400" bytesdiscarded="70448" />
  <memory-copied type="tenure" objects="1412" bytes="54568" bytesdiscarded="24" />
</gc-op>
<gc-end id="2394" type="scavenge" contextid="2390" durationms="1.366" usertimems="4.000" systemtimems="0.000" timestamp="2019-06-16T21:30:59.296" activeThreads="4">
  <mem-info id="2395" free="2068554304" total="2092630016" percent="98">
    <mem type="nursery" free="2649344" total="3932160" percent="67">
      <mem type="allocate" free="2649344" total="3080192" percent="86" />
      <mem type="survivor" free="0" total="851968" percent="0" />
    </mem>
    <mem type="tenure" free="2065904960" total="2088697856" percent="98" macro-fragmented="3110739">
      <mem type="soa" free="1940583744" total="1963376640" percent="98" />
      <mem type="loa" free="125321216" total="125321216" percent="100" />
    </mem>
    <remembered-set count="761" />
  </mem-info>
</gc-end>
<cycle-end id="2396" type="scavenge" contextid="2390" timestamp="2019-06-16T21:30:59.296" />
  <attribute name="elasticGC enabled" value="1" />
  <attribute name= "numThreadsSpecified" value="4" />
  <attribute name="heapSize specified" value="9371648" />
  <attribute name="Current GC Util" value="18" />
  <attribute name= "Current Time Running" value="45260" />
  <attribute name ="GC Interval" value="200" />
  <attribute name="ProportionalT" value="-1.000000" />
  <attribute name="ProportionalI" value="-1.000000" />
  <attribute name="ProportionalH" value="-1.000000" />
  <attribute name="Current Error" value="-2.000000" />
  <attribute name="IntegralT" value="-6.000000" />
  <attribute name="IntegralI" value="-6.000000" />
  <attribute name="IntegralH" value="-6.000000" />
  <attribute name="DerivativeT" value="-1.166667" />
  <attribute name="DerivativeI" value="-1.166667" />
  <attribute name="DerivativeH" value="-1.166667" />
  <attribute name="Loop Time for DT" value="6.000000" />
  <attribute name="Output H" value="2092630016"/>
  <attribute name="Output I" value="200"/>
  <attribute name="Output T" value="4"/>
  <attribute name="Target GC Util Change" value ="20.000000" />
  <attribute name="Current GC Util Change" value="18.000000"/>
  <attribute name="GC Util currently" value="18" />
  <attribute name="CPU Util currently" value="695355292889" />
<allocation-satisfied id="2397" threadId="0000000002213700" bytesRequested="64" />
<af-end id="2398" timestamp="2019-06-16T21:30:59.296" threadId="0000000002214088" success="true" from="nursery"/>
<exclusive-end id="2399" timestamp="2019-06-16T21:30:59.296" durationms="2.132" />

<exclusive-start id="2400" timestamp="2019-06-16T21:30:59.322" intervalms="27.977">
  <response-info timems="0.064" idlems="0.064" threads="0" lastid="0000000002213700" lastname="main" />
</exclusive-start>
<af-start id="2401" threadId="0000000002214088" totalBytesRequested="32" timestamp="2019-06-16T21:30:59.322" intervalms="27.950" type="nursery" />
<cycle-start id="2402" type="scavenge" contextid="0" timestamp="2019-06-16T21:30:59.322" intervalms="27.913" />
<gc-start id="2403" type="scavenge" contextid="2402" timestamp="2019-06-16T21:30:59.322">
  <mem-info id="2404" free="2065903784" total="2092630016" percent="98">
    <mem type="nursery" free="0" total="3932160" percent="0">
      <mem type="allocate" free="0" total="3080192" percent="0" />
      <mem type="survivor" free="0" total="851968" percent="0" />
    </mem>
    <mem type="tenure" free="2065903784" total="2088697856" percent="98">
      <mem type="soa" free="1940582568" total="1963376640" percent="98" />
      <mem type="loa" free="125321216" total="125321216" percent="100" />
    </mem>
    <remembered-set count="796" />
  </mem-info>
</gc-start>
<allocation-stats totalBytes="2650152" >
  <allocated-bytes non-tlh="266792" tlh="2383360" />
  <largest-consumer threadName="main" threadId="0000000002213700" bytes="2650152" />
</allocation-stats>
<gc-op id="2405" type="scavenge" timems="0.815" contextid="2402" timestamp="2019-06-16T21:30:59.323">
  <scavenger-info tenureage="14" tenuremask="4000" tiltratio="78" />
  <memory-copied type="nursery" objects="10757" bytes="810696" bytesdiscarded="41216" />
  <memory-copied type="tenure" objects="3308" bytes="132152" bytesdiscarded="0" />
  <copy-failed type="nursery" objects="3393" bytes="136232" />
  <references type="soft" candidates="1" cleared="0" enqueued="0" dynamicThreshold="31" maxThreshold="32" />
  <references type="weak" candidates="16" cleared="0" enqueued="0" />
  <references type="phantom" candidates="1" cleared="0" enqueued="0" />
</gc-op>
<gc-end id="2406" type="scavenge" contextid="2402" durationms="1.379" usertimems="4.000" systemtimems="0.000" timestamp="2019-06-16T21:30:59.324" activeThreads="4">
  <mem-info id="2407" free="2067201704" total="2092630016" percent="98">
    <mem type="nursery" free="1376256" total="3932160" percent="35">
      <mem type="allocate" free="1376256" total="2228224" percent="61" />
      <mem type="survivor" free="0" total="1703936" percent="0" />
    </mem>
    <mem type="tenure" free="2065825448" total="2088697856" percent="98" macro-fragmented="800032">
      <mem type="soa" free="1940504232" total="1963376640" percent="98" />
      <mem type="loa" free="125321216" total="125321216" percent="100" />
    </mem>
    <remembered-set count="1844" />
  </mem-info>
</gc-end>
<cycle-end id="2408" type="scavenge" contextid="2402" timestamp="2019-06-16T21:30:59.324" />
  <attribute name="elasticGC enabled" value="1" />
  <attribute name= "numThreadsSpecified" value="4" />
  <attribute name="heapSize specified" value="9371648" />
  <attribute name="Current GC Util" value="5" />
  <attribute name= "Current Time Running" value="45288" />
  <attribute name ="GC Interval" value="200" />
  <attribute name="ProportionalT" value="-7.500000" />
  <attribute name="ProportionalI" value="-7.500000" />
  <attribute name="ProportionalH" value="-7.500000" />
  <attribute name="Current Error" value="-15.000000" />
  <attribute name="IntegralT" value="-210.000000" />
  <attribute name="IntegralI" value="-210.000000" />
  <attribute name="IntegralH" value="-210.000000" />
  <attribute name="DerivativeT" value="-0.535714" />
  <attribute name="DerivativeI" value="-0.535714" />
  <attribute name="DerivativeH" value="-0.535714" />
  <attribute name="Loop Time for DT" value="28.000000" />
  <attribute name="Output H" value="2092630016"/>
  <attribute name="Output I" value="200"/>
  <attribute name="Output T" value="4"/>
  <attribute name="Target GC Util Change" value ="20.000000" />
  <attribute name="Current GC Util Change" value="5.000000"/>
  <attribute name="GC Util currently" value="5" />
  <attribute name="CPU Util currently" value="165828609586" />
<allocation-satisfied id="2409" threadId="0000000002213700" bytesRequested="32" />
<af-end id="2410" timestamp="2019-06-16T21:30:59.324" threadId="0000000002214088" success="true" from="nursery"/>
<exclusive-end id="2411" timestamp="2019-06-16T21:30:59.324" durationms="1.902" />

<exclusive-start id="2412" timestamp="2019-06-16T21:30:59.326" intervalms="3.841">
  <response-info timems="0.024" idlems="0.024" threads="0" lastid="0000000002213700" lastname="main" />
</exclusive-start>
<af-start id="2413" threadId="0000000002214088" totalBytesRequested="32" timestamp="2019-06-16T21:30:59.326" intervalms="3.813" type="nursery" />
<cycle-start id="2414" type="scavenge" contextid="0" timestamp="2019-06-16T21:30:59.326" intervalms="3.808" />
<gc-start id="2415" type="scavenge" contextid="2414" timestamp="2019-06-16T21:30:59.326">
  <mem-info id="2416" free="2065825448" total="2092630016" percent="98">
    <mem type="nursery" free="0" total="3932160" percent="0">
      <mem type="allocate" free="0" total="2228224" percent="0" />
      <mem type="survivor" free="0" total="1703936" percent="0" />
    </mem>
    <mem type="tenure" free="2065825448" total="2088697856" percent="98">
      <mem type="soa" free="1940504232" total="1963376640" percent="98" />
      <mem type="loa" free="125321216" total="125321216" percent="100" />
    </mem>
    <remembered-set count="1844" />
  </mem-info>
</gc-start>
<allocation-stats totalBytes="1376064" >
  <allocated-bytes non-tlh="32" tlh="1376032" />
  <largest-consumer threadName="main" threadId="0000000002213700" bytes="1376064" />
</allocation-stats>
<gc-op id="2417" type="scavenge" timems="0.518" contextid="2414" timestamp="2019-06-16T21:30:59.327">
  <scavenger-info tenureage="3" tenuremask="fff8" tiltratio="56" />
  <memory-copied type="nursery" objects="7382" bytes="684536" bytesdiscarded="96704" />
  <memory-copied type="tenure" objects="4500" bytes="168264" bytesdiscarded="80" />
  <references type="soft" candidates="1" cleared="0" enqueued="0" dynamicThreshold="31" maxThreshold="32" />
  <references type="weak" candidates="16" cleared="0" enqueued="0" />
  <references type="phantom" candidates="1" cleared="0" enqueued="0" />
</gc-op>
<gc-end id="2418" type="scavenge" contextid="2414" durationms="1.070" usertimems="4.000" systemtimems="0.000" timestamp="2019-06-16T21:30:59.327" activeThreads="4">
  <mem-info id="2419" free="2067185336" total="2092630016" percent="98">
    <mem type="nursery" free="1578000" total="3932160" percent="40">
      <mem type="allocate" free="1578000" total="2359296" percent="66" />
      <mem type="survivor" free="0" total="1572864" percent="0" />
    </mem>
    <mem type="tenure" free="2065607336" total="2088697856" percent="98" macro-fragmented="2160235">
      <mem type="soa" free="1940286120" total="1963376640" percent="98" />
      <mem type="loa" free="125321216" total="125321216" percent="100" />
    </mem>
    <remembered-set count="1387" />
  </mem-info>
</gc-end>
<cycle-end id="2420" type="scavenge" contextid="2414" timestamp="2019-06-16T21:30:59.327" />
  <attribute name="elasticGC enabled" value="1" />
  <attribute name= "numThreadsSpecified" value="4" />
  <attribute name="heapSize specified" value="9371648" />
  <attribute name="Current GC Util" value="64" />
  <attribute name= "Current Time Running" value="45292" />
  <attribute name ="GC Interval" value="200" />
  <attribute name="ProportionalT" value="22.000000" />
  <attribute name="ProportionalI" value="22.000000" />
  <attribute name="ProportionalH" value="22.000000" />
  <attribute name="Current Error" value="44.000000" />
  <attribute name="IntegralT" value="88.000000" />
  <attribute name="IntegralI" value="88.000000" />
  <attribute name="IntegralH" value="88.000000" />
  <attribute name="DerivativeT" value="11.000000" />
  <attribute name="DerivativeI" value="11.000000" />
  <attribute name="DerivativeH" value="11.000000" />
  <attribute name="Loop Time for DT" value="4.000000" />
  <attribute name="Output H" value="8388608"/>
  <attribute name="Output I" value="200"/>
  <attribute name="Output T" value="4"/>
  <attribute name="Target GC Util Change" value ="20.000000" />
  <attribute name="Current GC Util Change" value="64.000000"/>
  <attribute name="GC Util currently" value="64" />
  <attribute name="CPU Util currently" value="1223322162134" />
<allocation-satisfied id="2421" threadId="0000000002213700" bytesRequested="32" />
<af-end id="2422" timestamp="2019-06-16T21:30:59.327" threadId="0000000002214088" success="true" from="nursery"/>
<exclusive-end id="2423" timestamp="2019-06-16T21:30:59.327" durationms="1.518" />

<exclusive-start id="2424" timestamp="2019-06-16T21:30:59.329" intervalms="3.549">
  <response-info timems="0.024" idlems="0.024" threads="0" lastid="0000000002213700" lastname="main" />
</exclusive-start>
<af-start id="2425" threadId="0000000002214088" totalBytesRequested="24" timestamp="2019-06-16T21:30:59.329" intervalms="3.557" type="nursery" />
<cycle-start id="2426" type="scavenge" contextid="0" timestamp="2019-06-16T21:30:59.329" intervalms="3.561" />
<gc-start id="2427" type="scavenge" contextid="2426" timestamp="2019-06-16T21:30:59.397">
  <mem-info id="2428" free="2065607336" total="2092630016" percent="98">
    <mem type="nursery" free="0" total="3932160" percent="0">
      <mem type="allocate" free="0" total="2359296" percent="0" />
      <mem type="survivor" free="0" total="1572864" percent="0" />
    </mem>
    <mem type="tenure" free="2065607336" total="2088697856" percent="98">
      <mem type="soa" free="1940286120" total="1963376640" percent="98" />
      <mem type="loa" free="125321216" total="125321216" percent="100" />
    </mem>
    <remembered-set count="1387" />
  </mem-info>
</gc-start>
<allocation-stats totalBytes="1577864" >
  <allocated-bytes non-tlh="32" tlh="1577832" />
  <largest-consumer threadName="main" threadId="0000000002213700" bytes="1577864" />
</allocation-stats>
<gc-op id="2429" type="scavenge" timems="0.819" contextid="2426" timestamp="2019-06-16T21:30:59.398">
  <scavenger-info tenureage="2" tenuremask="ffcc" tiltratio="60" />
  <memory-copied type="nursery" objects="2492" bytes="92672" bytesdiscarded="226048" />
  <memory-copied type="tenure" objects="6166" bytes="639608" bytesdiscarded="136" />
</gc-op>
<gc-end id="2430" type="scavenge" contextid="2426" durationms="62.228" usertimems="52.000" systemtimems="12.000" timestamp="2019-06-16T21:30:59.459" activeThreads="4">
  <mem-info id="2431" free="2067128920" total="2092630016" percent="98">
    <mem type="nursery" free="2237184" total="3932160" percent="56">
      <mem type="allocate" free="2237184" total="2555904" percent="87" />
      <mem type="survivor" free="0" total="1376256" percent="0" />
    </mem>
    <mem type="tenure" free="2064891736" total="2088697856" percent="98" macro-fragmented="81140">
      <mem type="soa" free="1939570520" total="1963376640" percent="98" />
      <mem type="loa" free="125321216" total="125321216" percent="100" />
    </mem>
    <remembered-set count="335" />
  </mem-info>
</gc-end>
<cycle-end id="2432" type="scavenge" contextid="2426" timestamp="2019-06-16T21:30:59.459" />
  <attribute name="elasticGC enabled" value="1" />
  <attribute name= "numThreadsSpecified" value="4" />
  <attribute name="heapSize specified" value="9371648" />
  <attribute name="Current GC Util" value="2" />
  <attribute name= "Current Time Running" value="45363" />
  <attribute name ="GC Interval" value="200" />
  <attribute name="ProportionalT" value="-9.000000" />
  <attribute name="ProportionalI" value="-9.000000" />
  <attribute name="ProportionalH" value="-9.000000" />
  <attribute name="Current Error" value="-18.000000" />
  <attribute name="IntegralT" value="-639.000000" />
  <attribute name="IntegralI" value="-639.000000" />
  <attribute name="IntegralH" value="-639.000000" />
  <attribute name="DerivativeT" value="-0.873239" />
  <attribute name="DerivativeI" value="-0.873239" />
  <attribute name="DerivativeH" value="-0.873239" />
  <attribute name="Loop Time for DT" value="71.000000" />
  <attribute name="Output H" value="2092630016"/>
  <attribute name="Output I" value="200"/>
  <attribute name="Output T" value="4"/>
  <attribute name="Target GC Util Change" value ="20.000000" />
  <attribute name="Current GC Util Change" value="2.000000"/>
  <attribute name="GC Util currently" value="2" />
  <attribute name="CPU Util currently" value="64829187072" />
<allocation-satisfied id="2433" threadId="0000000002213700" bytesRequested="24" />
<af-end id="2434" timestamp="2019-06-16T21:30:59.460" threadId="0000000002214088" success="true" from="nursery"/>
<exclusive-end id="2435" timestamp="2019-06-16T21:30:59.460" durationms="130.272" />

<exclusive-start id="2436" timestamp="2019-06-16T21:30:59.463" intervalms="133.354">
  <response-info timems="0.082" idlems="0.082" threads="0" lastid="0000000002213700" lastname="main" />
</exclusive-start>
<af-start id="2437" threadId="0000000002214088" totalBytesRequested="32" timestamp="2019-06-16T21:30:59.463" intervalms="133.376" type="nursery" />
<cycle-start id="2438" type="scavenge" contextid="0" timestamp="2019-06-16T21:30:59.463" intervalms="133.391" />
<gc-start id="2439" type="scavenge" contextid="2438" timestamp="2019-06-16T21:30:59.463">
  <mem-info id="2440" free="2064891736" total="2092630016" percent="98">
    <mem type="nursery" free="0" total="3932160" percent="0">
      <mem type="allocate" free="0" total="2555904" percent="0" />
      <mem type="survivor" free="0" total="1376256" percent="0" />
    </mem>
    <mem type="tenure" free="2064891736" total="2088697856" percent="98">
      <mem type="soa" free="1939570520" total="1963376640" percent="98" />
      <mem type="loa" free="125321216" total="125321216" percent="100" />
    </mem>
    <remembered-set count="527" />
  </mem-info>
</gc-start>
<allocation-stats totalBytes="2236928" >
  <allocated-bytes non-tlh="24" tlh="2236904" />
  <largest-consumer threadName="main" threadId="0000000002213700" bytes="2236928" />
</allocation-stats>
<gc-op id="2441" type="scavenge" timems="0.435" contextid="2438" timestamp="2019-06-16T21:30:59.464">
  <scavenger-info tenureage="5" tenuremask="ffe0" tiltratio="65" />
  <memory-copied type="nursery" objects="4687" bytes="175288" bytesdiscarded="20552" />
</gc-op>
<gc-end id="2442" type="scavenge" contextid="2438" durationms="1.032" usertimems="0.000" systemtimems="0.000" timestamp="2019-06-16T21:30:59.464" activeThreads="4">
  <mem-info id="2443" free="2067448408" total="2092630016" percent="98">
    <mem type="nursery" free="2556672" total="3932160" percent="65">
      <mem type="allocate" free="2556672" total="2752512" percent="92" />
      <mem type="survivor" free="0" total="1179648" percent="0" />
    </mem>
    <mem type="tenure" free="2064891736" total="2088697856" percent="98" macro-fragmented="348889">
      <mem type="soa" free="1939570520" total="1963376640" percent="98" />
      <mem type="loa" free="125321216" total="125321216" percent="100" />
    </mem>
    <remembered-set count="526" />
  </mem-info>
</gc-end>
<cycle-end id="2444" type="scavenge" contextid="2438" timestamp="2019-06-16T21:30:59.464" />
  <attribute name="elasticGC enabled" value="1" />
  <attribute name= "numThreadsSpecified" value="4" />
  <attribute name="heapSize specified" value="9371648" />
  <attribute name="Current GC Util" value="197" />
  <attribute name= "Current Time Running" value="45429" />
  <attribute name ="GC Interval" value="4000" />
  <attribute name="ProportionalT" value="88.500000" />
  <attribute name="ProportionalI" value="88.500000" />
  <attribute name="ProportionalH" value="88.500000" />
  <attribute name="Current Error" value="177.000000" />
  <attribute name="IntegralT" value="5841.000000" />
  <attribute name="IntegralI" value="5841.000000" />
  <attribute name="IntegralH" value="5841.000000" />
  <attribute name="DerivativeT" value="2.681818" />
  <attribute name="DerivativeI" value="2.681818" />
  <attribute name="DerivativeH" value="2.681818" />
  <attribute name="Loop Time for DT" value="66.000000" />
  <attribute name="Output H" value="8388608"/>
  <attribute name="Output I" value="4000"/>
  <attribute name="Output T" value="4"/>
  <attribute name="Target GC Util Change" value ="20.000000" />
  <attribute name="Current GC Util Change" value="197.000000"/>
  <attribute name="GC Util currently" value="197" />
  <attribute name="CPU Util currently" value="69996886518" />
<allocation-satisfied id="2445" threadId="0000000002213700" bytesRequested="32" />
<af-end id="2446" timestamp="2019-06-16T21:30:59.464" threadId="0000000002214088" success="true" from="nursery"/>
<exclusive-end id="2447" timestamp="2019-06-16T21:30:59.464" durationms="1.570" />

<exclusive-start id="2448" timestamp="2019-06-16T21:30:59.468" intervalms="4.967">
  <response-info timems="0.022" idlems="0.022" threads="0" lastid="0000000002213700" lastname="main" />
</exclusive-start>
<af-start id="2449" threadId="0000000002214088" totalBytesRequested="32" timestamp="2019-06-16T21:30:59.468" intervalms="4.951" type="nursery" />
<cycle-start id="2450" type="scavenge" contextid="0" timestamp="2019-06-16T21:30:59.468" intervalms="4.936" />
<gc-start id="2451" type="scavenge" contextid="2450" timestamp="2019-06-16T21:30:59.468">
  <mem-info id="2452" free="2064891736" total="2092630016" percent="98">
    <mem type="nursery" free="0" total="3932160" percent="0">
      <mem type="allocate" free="0" total="2752512" percent="0" />
      <mem type="survivor" free="0" total="1179648" percent="0" />
    </mem>
    <mem type="tenure" free="2064891736" total="2088697856" percent="98">
      <mem type="soa" free="1939570520" total="1963376640" percent="98" />
      <mem type="loa" free="125321216" total="125321216" percent="100" />
    </mem>
    <remembered-set count="702" />
  </mem-info>
</gc-start>
<allocation-stats totalBytes="2556432" >
  <allocated-bytes non-tlh="32" tlh="2556400" />
  <largest-consumer threadName="main" threadId="0000000002213700" bytes="2556432" />
</allocation-stats>
<gc-op id="2453" type="scavenge" timems="0.421" contextid="2450" timestamp="2019-06-16T21:30:59.468">
  <scavenger-info tenureage="3" tenuremask="fff8" tiltratio="70" />
  <memory-copied type="nursery" objects="5811" bytes="215512" bytesdiscarded="19496" />
  <memory-copied type="tenure" objects="1128" bytes="41360" bytesdiscarded="0" />
</gc-op>
<gc-end id="2454" type="scavenge" contextid="2450" durationms="0.977" usertimems="4.000" systemtimems="0.000" timestamp="2019-06-16T21:30:59.469" activeThreads="4">
  <mem-info id="2455" free="2067605848" total="2092630016" percent="98">
    <mem type="nursery" free="2714112" total="3932160" percent="69">
      <mem type="allocate" free="2714112" total="2949120" percent="92" />
      <mem type="survivor" free="0" total="983040" percent="0" />
    </mem>
    <mem type="tenure" free="2064891736" total="2088697856" percent="98" macro-fragmented="0">
      <mem type="soa" free="1939570520" total="1963376640" percent="98" />
      <mem type="loa" free="125321216" total="125321216" percent="100" />
    </mem>
    <remembered-set count="638" />
  </mem-info>
</gc-end>
<cycle-end id="2456" type="scavenge" contextid="2450" timestamp="2019-06-16T21:30:59.469" />
  <attribute name="elasticGC enabled" value="1" />
  <attribute name= "numThreadsSpecified" value="4" />
  <attribute name="heapSize specified" value="9371648" />
  <attribute name="Current GC Util" value="24" />
  <attribute name= "Current Time Running" value="45434" />
  <attribute name ="GC Interval" value="200" />
  <attribute name="ProportionalT" value="2.000000" />
  <attribute name="ProportionalI" value="2.000000" />
  <attribute name="ProportionalH" value="2.000000" />
  <attribute name="Current Error" value="4.000000" />
  <attribute name="IntegralT" value="10.000000" />
  <attribute name="IntegralI" value="10.000000" />
  <attribute name="IntegralH" value="10.000000" />
  <attribute name="DerivativeT" value="-34.600000" />
  <attribute name="DerivativeI" value="-34.600000" />
  <attribute name="DerivativeH" value="-34.600000" />
  <attribute name="Loop Time for DT" value="5.000000" />
  <attribute name="Output H" value="2092630016"/>
  <attribute name="Output I" value="200"/>
  <attribute name="Output T" value="4"/>
  <attribute name="Target GC Util Change" value ="20.000000" />
  <attribute name="Current GC Util Change" value="24.000000"/>
  <attribute name="GC Util currently" value="24" />
  <attribute name="CPU Util currently" value="944218713327" />
<allocation-satisfied id="2457" threadId="0000000002213700" bytesRequested="32" />
<af-end id="2458" timestamp="2019-06-16T21:30:59.469" threadId="0000000002214088" success="true" from="nursery"/>
<exclusive-end id="2459" timestamp="2019-06-16T21:30:59.469" durationms="1.441" />

<exclusive-start id="2460" timestamp="2019-06-16T21:30:59.473" intervalms="5.042">
  <response-info timems="0.031" idlems="0.031" threads="0" lastid="0000000002213700" lastname="main" />
</exclusive-start>
<af-start id="2461" threadId="0000000002214088" totalBytesRequested="48" timestamp="2019-06-16T21:30:59.473" intervalms="5.040" type="nursery" />
<cycle-start id="2462" type="scavenge" contextid="0" timestamp="2019-06-16T21:30:59.473" intervalms="5.039" />
<gc-start id="2463" type="scavenge" contextid="2462" timestamp="2019-06-16T21:30:59.473">
  <mem-info id="2464" free="2064891736" total="2092630016" percent="98">
    <mem type="nursery" free="0" total="3932160" percent="0">
      <mem type="allocate" free="0" total="2949120" percent="0" />
      <mem type="survivor" free="0" total="983040" percent="0" />
    </mem>
    <mem type="tenure" free="2064891736" total="2088697856" percent="98">
      <mem type="soa" free="1939570520" total="1963376640" percent="98" />
      <mem type="loa" free="125321216" total="125321216" percent="100" />
    </mem>
    <remembered-set count="838" />
  </mem-info>
</gc-start>
<allocation-stats totalBytes="2713784" >
  <allocated-bytes non-tlh="32" tlh="2713752" />
  <largest-consumer threadName="main" threadId="0000000002213700" bytes="2713784" />
</allocation-stats>
<gc-op id="2465" type="scavenge" timems="0.557" contextid="2462" timestamp="2019-06-16T21:30:59.474">
  <scavenger-info tenureage="3" tenuremask="ffe8" tiltratio="75" />
  <memory-copied type="nursery" objects="6642" bytes="244840" bytesdiscarded="29336" />
  <memory-copied type="tenure" objects="1321" bytes="49064" bytesdiscarded="64" />
</gc-op>
<gc-end id="2466" type="scavenge" contextid="2462" durationms="1.114" usertimems="0.000" systemtimems="0.000" timestamp="2019-06-16T21:30:59.474" activeThreads="4">
  <mem-info id="2467" free="2067619416" total="2092630016" percent="98">
    <mem type="nursery" free="2806016" total="3932160" percent="71">
      <mem type="allocate" free="2806016" total="3080192" percent="91" />
      <mem type="survivor" free="0" total="851968" percent="0" />
    </mem>
    <mem type="tenure" free="2064813400" total="2088697856" percent="98" macro-fragmented="655400">
      <mem type="soa" free="1939492184" total="1963376640" percent="98" />
      <mem type="loa" free="125321216" total="125321216" percent="100" />
    </mem>
    <remembered-set count="779" />
  </mem-info>
</gc-end>
<cycle-end id="2468" type="scavenge" contextid="2462" timestamp="2019-06-16T21:30:59.474" />
  <attribute name="elasticGC enabled" value="1" />
  <attribute name= "numThreadsSpecified" value="4" />
  <attribute name="heapSize specified" value="9371648" />
  <attribute name="Current GC Util" value="24" />
  <attribute name= "Current Time Running" value="45439" />
  <attribute name ="GC Interval" value="200" />
  <attribute name="ProportionalT" value="2.000000" />
  <attribute name="ProportionalI" value="2.000000" />
  <attribute name="ProportionalH" value="2.000000" />
  <attribute name="Current Error" value="4.000000" />
  <attribute name="IntegralT" value="10.000000" />
  <attribute name="IntegralI" value="10.000000" />
  <attribute name="IntegralH" value="10.000000" />
  <attribute name="DerivativeT" value="0.000000" />
  <attribute name="DerivativeI" value="0.000000" />
  <attribute name="DerivativeH" value="0.000000" />
  <attribute name="Loop Time for DT" value="5.000000" />
  <attribute name="Output H" value="8388608"/>
  <attribute name="Output I" value="200"/>
  <attribute name="Output T" value="4"/>
  <attribute name="Target GC Util Change" value ="20.000000" />
  <attribute name="Current GC Util Change" value="24.000000"/>
  <attribute name="GC Util currently" value="24" />
  <attribute name="CPU Util currently" value="915687659320" />
<allocation-satisfied id="2469" threadId="0000000002213700" bytesRequested="48" />
<af-end id="2470" timestamp="2019-06-16T21:30:59.474" threadId="0000000002214088" success="true" from="nursery"/>
<exclusive-end id="2471" timestamp="2019-06-16T21:30:59.474" durationms="1.589" />

<exclusive-start id="2472" timestamp="2019-06-16T21:30:59.478" intervalms="5.295">
  <response-info timems="0.033" idlems="0.033" threads="0" lastid="0000000002213700" lastname="main" />
</exclusive-start>
<af-start id="2473" threadId="0000000002214088" totalBytesRequested="32" timestamp="2019-06-16T21:30:59.478" intervalms="5.297" type="nursery" />
<cycle-start id="2474" type="scavenge" contextid="0" timestamp="2019-06-16T21:30:59.478" intervalms="5.298" />
<gc-start id="2475" type="scavenge" contextid="2474" timestamp="2019-06-16T21:30:59.478">
  <mem-info id="2476" free="2064813400" total="2092630016" percent="98">
    <mem type="nursery" free="0" total="3932160" percent="0">
      <mem type="allocate" free="0" total="3080192" percent="0" />
      <mem type="survivor" free="0" total="851968" percent="0" />
    </mem>
    <mem type="tenure" free="2064813400" total="2088697856" percent="98">
      <mem type="soa" free="1939492184" total="1963376640" percent="98" />
      <mem type="loa" free="125321216" total="125321216" percent="100" />
    </mem>
    <remembered-set count="985" />
  </mem-info>
</gc-start>
<allocation-stats totalBytes="2805720" >
  <allocated-bytes non-tlh="48" tlh="2805672" />
  <largest-consumer threadName="main" threadId="0000000002213700" bytes="2805720" />
</allocation-stats>
<gc-op id="2477" type="scavenge" timems="0.729" contextid="2474" timestamp="2019-06-16T21:30:59.479">
  <scavenger-info tenureage="5" tenuremask="ffe0" tiltratio="78" />
  <memory-copied type="nursery" objects="8941" bytes="327960" bytesdiscarded="63720" />
</gc-op>
<gc-end id="2478" type="scavenge" contextid="2474" durationms="1.292" usertimems="4.000" systemtimems="0.000" timestamp="2019-06-16T21:30:59.479" activeThreads="4">
  <mem-info id="2479" free="2067567448" total="2092630016" percent="98">
    <mem type="nursery" free="2754048" total="3932160" percent="70">
      <mem type="allocate" free="2754048" total="3145728" percent="87" />
      <mem type="survivor" free="0" total="786432" percent="0" />
    </mem>
    <mem type="tenure" free="2064813400" total="2088697856" percent="98" macro-fragmented="91104">
      <mem type="soa" free="1939492184" total="1963376640" percent="98" />
      <mem type="loa" free="125321216" total="125321216" percent="100" />
    </mem>
    <remembered-set count="984" />
  </mem-info>
</gc-end>
<cycle-end id="2480" type="scavenge" contextid="2474" timestamp="2019-06-16T21:30:59.480" />
  <attribute name="elasticGC enabled" value="1" />
  <attribute name= "numThreadsSpecified" value="4" />
  <attribute name="heapSize specified" value="9371648" />
  <attribute name="Current GC Util" value="25" />
  <attribute name= "Current Time Running" value="45444" />
  <attribute name ="GC Interval" value="200" />
  <attribute name="ProportionalT" value="2.500000" />
  <attribute name="ProportionalI" value="2.500000" />
  <attribute name="ProportionalH" value="2.500000" />
  <attribute name="Current Error" value="5.000000" />
  <attribute name="IntegralT" value="12.500000" />
  <attribute name="IntegralI" value="12.500000" />
  <attribute name="IntegralH" value="12.500000" />
  <attribute name="DerivativeT" value="0.200000" />
  <attribute name="DerivativeI" value="0.200000" />
  <attribute name="DerivativeH" value="0.200000" />
  <attribute name="Loop Time for DT" value="5.000000" />
  <attribute name="Output H" value="8388608"/>
  <attribute name="Output I" value="200"/>
  <attribute name="Output T" value="4"/>
  <attribute name="Target GC Util Change" value ="20.000000" />
  <attribute name="Current GC Util Change" value="25.000000"/>
  <attribute name="GC Util currently" value="25" />
  <attribute name="CPU Util currently" value="869671297740" />
<allocation-satisfied id="2481" threadId="0000000002213700" bytesRequested="32" />
<af-end id="2482" timestamp="2019-06-16T21:30:59.480" threadId="0000000002214088" success="true" from="nursery"/>
<exclusive-end id="2483" timestamp="2019-06-16T21:30:59.480" durationms="1.801" />

<exclusive-start id="2484" timestamp="2019-06-16T21:30:59.484" intervalms="6.192">
  <response-info timems="0.084" idlems="0.084" threads="0" lastid="0000000002213700" lastname="main" />
</exclusive-start>
<af-start id="2485" threadId="0000000002214088" totalBytesRequested="56" timestamp="2019-06-16T21:30:59.484" intervalms="6.189" type="nursery" />
<cycle-start id="2486" type="scavenge" contextid="0" timestamp="2019-06-16T21:30:59.484" intervalms="6.182" />
<gc-start id="2487" type="scavenge" contextid="2486" timestamp="2019-06-16T21:30:59.484">
  <mem-info id="2488" free="2064813400" total="2092630016" percent="98">
    <mem type="nursery" free="0" total="3932160" percent="0">
      <mem type="allocate" free="0" total="3145728" percent="0" />
      <mem type="survivor" free="0" total="786432" percent="0" />
    </mem>
    <mem type="tenure" free="2064813400" total="2088697856" percent="98">
      <mem type="soa" free="1939492184" total="1963376640" percent="98" />
      <mem type="loa" free="125321216" total="125321216" percent="100" />
    </mem>
    <remembered-set count="1173" />
  </mem-info>
</gc-start>
<allocation-stats totalBytes="2753664" >
  <allocated-bytes non-tlh="32" tlh="2753632" />
  <largest-consumer threadName="main" threadId="0000000002213700" bytes="2753664" />
</allocation-stats>
<gc-op id="2489" type="scavenge" timems="1.144" contextid="2486" timestamp="2019-06-16T21:30:59.486">
  <scavenger-info tenureage="3" tenuremask="fff8" tiltratio="80" />
  <memory-copied type="nursery" objects="7591" bytes="275712" bytesdiscarded="37632" />
  <memory-copied type="tenure" objects="4102" bytes="151544" bytesdiscarded="40" />
</gc-op>
<gc-end id="2490" type="scavenge" contextid="2486" durationms="1.525" usertimems="4.000" systemtimems="0.000" timestamp="2019-06-16T21:30:59.486" activeThreads="4">
  <mem-info id="2491" free="2067593816" total="2092630016" percent="98">
    <mem type="nursery" free="2897920" total="3932160" percent="73">
      <mem type="allocate" free="2897920" total="3211264" percent="90" />
      <mem type="survivor" free="0" total="720896" percent="0" />
    </mem>
    <mem type="tenure" free="2064695896" total="2088697856" percent="98" macro-fragmented="9100">
      <mem type="soa" free="1939374680" total="1963376640" percent="98" />
      <mem type="loa" free="125321216" total="125321216" percent="100" />
    </mem>
    <remembered-set count="816" />
  </mem-info>
</gc-end>
<cycle-end id="2492" type="scavenge" contextid="2486" timestamp="2019-06-16T21:30:59.486" />
  <attribute name="elasticGC enabled" value="1" />
  <attribute name= "numThreadsSpecified" value="4" />
  <attribute name="heapSize specified" value="9371648" />
  <attribute name="Current GC Util" value="22" />
  <attribute name= "Current Time Running" value="45450" />
  <attribute name ="GC Interval" value="200" />
  <attribute name="ProportionalT" value="1.000000" />
  <attribute name="ProportionalI" value="1.000000" />
  <attribute name="ProportionalH" value="1.000000" />
  <attribute name="Current Error" value="2.000000" />
  <attribute name="IntegralT" value="6.000000" />
  <attribute name="IntegralI" value="6.000000" />
  <attribute name="IntegralH" value="6.000000" />
  <attribute name="DerivativeT" value="-0.500000" />
  <attribute name="DerivativeI" value="-0.500000" />
  <attribute name="DerivativeH" value="-0.500000" />
  <attribute name="Loop Time for DT" value="6.000000" />
  <attribute name="Output H" value="8388608"/>
  <attribute name="Output I" value="200"/>
  <attribute name="Output T" value="4"/>
  <attribute name="Target GC Util Change" value ="20.000000" />
  <attribute name="Current GC Util Change" value="22.000000"/>
  <attribute name="GC Util currently" value="22" />
  <attribute name="CPU Util currently" value="747279987907" />
<allocation-satisfied id="2493" threadId="0000000002213700" bytesRequested="56" />
<af-end id="2494" timestamp="2019-06-16T21:30:59.486" threadId="0000000002214088" success="true" from="nursery"/>
<exclusive-end id="2495" timestamp="2019-06-16T21:30:59.486" durationms="1.967" />

<exclusive-start id="2496" timestamp="2019-06-16T21:30:59.500" intervalms="15.428">
  <response-info timems="0.076" idlems="0.076" threads="0" lastid="0000000002213700" lastname="main" />
</exclusive-start>
<af-start id="2497" threadId="0000000002214088" totalBytesRequested="56" timestamp="2019-06-16T21:30:59.500" intervalms="15.477" type="nursery" />
<cycle-start id="2498" type="scavenge" contextid="0" timestamp="2019-06-16T21:30:59.500" intervalms="15.479" />
<gc-start id="2499" type="scavenge" contextid="2498" timestamp="2019-06-16T21:30:59.500">
  <mem-info id="2500" free="2064695896" total="2092630016" percent="98">
    <mem type="nursery" free="0" total="3932160" percent="0">
      <mem type="allocate" free="0" total="3211264" percent="0" />
      <mem type="survivor" free="0" total="720896" percent="0" />
    </mem>
    <mem type="tenure" free="2064695896" total="2088697856" percent="98">
      <mem type="soa" free="1939374680" total="1963376640" percent="98" />
      <mem type="loa" free="125321216" total="125321216" percent="100" />
    </mem>
    <remembered-set count="946" />
  </mem-info>
</gc-start>
<allocation-stats totalBytes="2897512" >
  <allocated-bytes non-tlh="56" tlh="2897456" />
  <largest-consumer threadName="main" threadId="0000000002213700" bytes="2897512" />
</allocation-stats>
<gc-op id="2501" type="scavenge" timems="1.000" contextid="2498" timestamp="2019-06-16T21:30:59.501">
  <scavenger-info tenureage="3" tenuremask="ffc8" tiltratio="81" />
  <memory-copied type="nursery" objects="7871" bytes="320288" bytesdiscarded="110560" />
  <memory-copied type="tenure" objects="2310" bytes="84616" bytesdiscarded="0" />
</gc-op>
<gc-end id="2502" type="scavenge" contextid="2498" durationms="1.396" usertimems="4.000" systemtimems="0.000" timestamp="2019-06-16T21:30:59.501" activeThreads="4">
  <mem-info id="2503" free="2067502680" total="2092630016" percent="98">
    <mem type="nursery" free="2845952" total="3932160" percent="72">
      <mem type="allocate" free="2845952" total="3276800" percent="86" />
      <mem type="survivor" free="0" total="655360" percent="0" />
    </mem>
    <mem type="tenure" free="2064656728" total="2088697856" percent="98" macro-fragmented="0">
      <mem type="soa" free="1939335512" total="1963376640" percent="98" />
      <mem type="loa" free="125321216" total="125321216" percent="100" />
    </mem>
    <remembered-set count="691" />
  </mem-info>
</gc-end>
<cycle-end id="2504" type="scavenge" contextid="2498" timestamp="2019-06-16T21:30:59.501" />
  <attribute name="elasticGC enabled" value="1" />
  <attribute name= "numThreadsSpecified" value="4" />
  <attribute name="heapSize specified" value="9371648" />
  <attribute name="Current GC Util" value="16" />
  <attribute name= "Current Time Running" value="45466" />
  <attribute name ="GC Interval" value="200" />
  <attribute name="ProportionalT" value="-2.000000" />
  <attribute name="ProportionalI" value="-2.000000" />
  <attribute name="ProportionalH" value="-2.000000" />
  <attribute name="Current Error" value="-4.000000" />
  <attribute name="IntegralT" value="-32.000000" />
  <attribute name="IntegralI" value="-32.000000" />
  <attribute name="IntegralH" value="-32.000000" />
  <attribute name="DerivativeT" value="-0.375000" />
  <attribute name="DerivativeI" value="-0.375000" />
  <attribute name="DerivativeH" value="-0.375000" />
  <attribute name="Loop Time for DT" value="16.000000" />
  <attribute name="Output H" value="2092630016"/>
  <attribute name="Output I" value="200"/>
  <attribute name="Output T" value="4"/>
  <attribute name="Target GC Util Change" value ="20.000000" />
  <attribute name="Current GC Util Change" value="16.000000"/>
  <attribute name="GC Util currently" value="16" />
  <attribute name="CPU Util currently" value="297739985483" />
<allocation-satisfied id="2505" threadId="0000000002213700" bytesRequested="56" />
<af-end id="2506" timestamp="2019-06-16T21:30:59.501" threadId="0000000002214088" success="true" from="nursery"/>
<exclusive-end id="2507" timestamp="2019-06-16T21:30:59.501" durationms="1.906" />

<exclusive-start id="2508" timestamp="2019-06-16T21:30:59.538" intervalms="38.399">
  <response-info timems="0.021" idlems="0.021" threads="0" lastid="0000000002213700" lastname="main" />
</exclusive-start>
<af-start id="2509" threadId="0000000002214088" totalBytesRequested="32" timestamp="2019-06-16T21:30:59.538" intervalms="38.359" type="nursery" />
<cycle-start id="2510" type="scavenge" contextid="0" timestamp="2019-06-16T21:30:59.538" intervalms="38.361" />
<gc-start id="2511" type="scavenge" contextid="2510" timestamp="2019-06-16T21:30:59.538">
  <mem-info id="2512" free="2064656104" total="2092630016" percent="98">
    <mem type="nursery" free="0" total="3932160" percent="0">
      <mem type="allocate" free="0" total="3276800" percent="0" />
      <mem type="survivor" free="0" total="655360" percent="0" />
    </mem>
    <mem type="tenure" free="2064656104" total="2088697856" percent="98">
      <mem type="soa" free="1939334888" total="1963376640" percent="98" />
      <mem type="loa" free="125321216" total="125321216" percent="100" />
    </mem>
    <remembered-set count="709" />
  </mem-info>
</gc-start>
<allocation-stats totalBytes="2846184" >
  <allocated-bytes non-tlh="200688" tlh="2645496" />
  <largest-consumer threadName="main" threadId="0000000002213700" bytes="2846184" />
</allocation-stats>
<gc-op id="2513" type="scavenge" timems="1.504" contextid="2510" timestamp="2019-06-16T21:30:59.540">
  <scavenger-info tenureage="5" tenuremask="ffe0" tiltratio="83" />
  <memory-copied type="nursery" objects="6938" bytes="599080" bytesdiscarded="56224" />
  <memory-copied type="tenure" objects="6162" bytes="232792" bytesdiscarded="72" />
  <copy-failed type="nursery" objects="6162" bytes="232792" />
  <references type="soft" candidates="1" cleared="0" enqueued="0" dynamicThreshold="31" maxThreshold="32" />
  <references type="weak" candidates="2" cleared="0" enqueued="0" />
  <references type="phantom" candidates="1" cleared="0" enqueued="0" />
</gc-op>
<gc-end id="2514" type="scavenge" contextid="2510" durationms="1.899" usertimems="4.000" systemtimems="0.000" timestamp="2019-06-16T21:30:59.540" activeThreads="4">
  <mem-info id="2515" free="2066229736" total="2092630016" percent="98">
    <mem type="nursery" free="1769472" total="3932160" percent="45">
      <mem type="allocate" free="1769472" total="2424832" percent="72" />
      <mem type="survivor" free="0" total="1507328" percent="0" />
    </mem>
    <mem type="tenure" free="2064460264" total="2088697856" percent="98" macro-fragmented="0">
      <mem type="soa" free="1939139048" total="1963376640" percent="98" />
      <mem type="loa" free="125321216" total="125321216" percent="100" />
    </mem>
    <remembered-set count="1606" />
  </mem-info>
</gc-end>
<cycle-end id="2516" type="scavenge" contextid="2510" timestamp="2019-06-16T21:30:59.540" />
  <attribute name="elasticGC enabled" value="1" />
  <attribute name= "numThreadsSpecified" value="4" />
  <attribute name="heapSize specified" value="9371648" />
  <attribute name="Current GC Util" value="6" />
  <attribute name= "Current Time Running" value="45504" />
  <attribute name ="GC Interval" value="200" />
  <attribute name="ProportionalT" value="-7.000000" />
  <attribute name="ProportionalI" value="-7.000000" />
  <attribute name="ProportionalH" value="-7.000000" />
  <attribute name="Current Error" value="-14.000000" />
  <attribute name="IntegralT" value="-266.000000" />
  <attribute name="IntegralI" value="-266.000000" />
  <attribute name="IntegralH" value="-266.000000" />
  <attribute name="DerivativeT" value="-0.368421" />
  <attribute name="DerivativeI" value="-0.368421" />
  <attribute name="DerivativeH" value="-0.368421" />
  <attribute name="Loop Time for DT" value="38.000000" />
  <attribute name="Output H" value="2092630016"/>
  <attribute name="Output I" value="200"/>
  <attribute name="Output T" value="4"/>
  <attribute name="Target GC Util Change" value ="20.000000" />
  <attribute name="Current GC Util Change" value="6.000000"/>
  <attribute name="GC Util currently" value="6" />
  <attribute name="CPU Util currently" value="120197377998" />
<allocation-satisfied id="2517" threadId="0000000002213700" bytesRequested="32" />
<af-end id="2518" timestamp="2019-06-16T21:30:59.540" threadId="0000000002214088" success="true" from="nursery"/>
<exclusive-end id="2519" timestamp="2019-06-16T21:30:59.540" durationms="2.377" />

<exclusive-start id="2520" timestamp="2019-06-16T21:30:59.547" intervalms="8.897">
  <response-info timems="0.215" idlems="0.215" threads="0" lastid="0000000002213700" lastname="main" />
</exclusive-start>
<af-start id="2521" threadId="0000000002214088" totalBytesRequested="32" timestamp="2019-06-16T21:30:59.547" intervalms="8.873" type="nursery" />
<cycle-start id="2522" type="scavenge" contextid="0" timestamp="2019-06-16T21:30:59.547" intervalms="8.864" />
<gc-start id="2523" type="scavenge" contextid="2522" timestamp="2019-06-16T21:30:59.547">
  <mem-info id="2524" free="2064460264" total="2092630016" percent="98">
    <mem type="nursery" free="0" total="3932160" percent="0">
      <mem type="allocate" free="0" total="2424832" percent="0" />
      <mem type="survivor" free="0" total="1507328" percent="0" />
    </mem>
    <mem type="tenure" free="2064460264" total="2088697856" percent="98">
      <mem type="soa" free="1939139048" total="1963376640" percent="98" />
      <mem type="loa" free="125321216" total="125321216" percent="100" />
    </mem>
    <remembered-set count="1606" />
  </mem-info>
</gc-start>
<allocation-stats totalBytes="1769176" >
  <allocated-bytes non-tlh="32" tlh="1769144" />
  <largest-consumer threadName="main" threadId="0000000002213700" bytes="1769176" />
</allocation-stats>
<gc-op id="2525" type="scavenge" timems="1.359" contextid="2522" timestamp="2019-06-16T21:30:59.549">
  <scavenger-info tenureage="3" tenuremask="fff8" tiltratio="61" />
  <memory-copied type="nursery" objects="7563" bytes="631296" bytesdiscarded="115488" />
  <memory-copied type="tenure" objects="972" bytes="26904" bytesdiscarded="8" />
  <references type="soft" candidates="1" cleared="0" enqueued="0" dynamicThreshold="31" maxThreshold="32" />
  <references type="weak" candidates="2" cleared="0" enqueued="0" />
  <references type="phantom" candidates="1" cleared="0" enqueued="0" />
</gc-op>
<gc-end id="2526" type="scavenge" contextid="2522" durationms="1.737" usertimems="4.000" systemtimems="0.000" timestamp="2019-06-16T21:30:59.549" activeThreads="4">
  <mem-info id="2527" free="2066230160" total="2092630016" percent="98">
    <mem type="nursery" free="1809064" total="3932160" percent="46">
      <mem type="allocate" free="1809064" total="2555904" percent="70" />
      <mem type="survivor" free="0" total="1376256" percent="0" />
    </mem>
    <mem type="tenure" free="2064421096" total="2088697856" percent="98" macro-fragmented="0">
      <mem type="soa" free="1939099880" total="1963376640" percent="98" />
      <mem type="loa" free="125321216" total="125321216" percent="100" />
    </mem>
    <remembered-set count="612" />
  </mem-info>
</gc-end>
<cycle-end id="2528" type="scavenge" contextid="2522" timestamp="2019-06-16T21:30:59.549" />
  <attribute name="elasticGC enabled" value="1" />
  <attribute name= "numThreadsSpecified" value="4" />
  <attribute name="heapSize specified" value="9371648" />
  <attribute name="Current GC Util" value="41" />
  <attribute name= "Current Time Running" value="45513" />
  <attribute name ="GC Interval" value="200" />
  <attribute name="ProportionalT" value="10.500000" />
  <attribute name="ProportionalI" value="10.500000" />
  <attribute name="ProportionalH" value="10.500000" />
  <attribute name="Current Error" value="21.000000" />
  <attribute name="IntegralT" value="94.500000" />
  <attribute name="IntegralI" value="94.500000" />
  <attribute name="IntegralH" value="94.500000" />
  <attribute name="DerivativeT" value="2.333333" />
  <attribute name="DerivativeI" value="2.333333" />
  <attribute name="DerivativeH" value="2.333333" />
  <attribute name="Loop Time for DT" value="9.000000" />
  <attribute name="Output H" value="8388608"/>
  <attribute name="Output I" value="200"/>
  <attribute name="Output T" value="4"/>
  <attribute name="Target GC Util Change" value ="20.000000" />
  <attribute name="Current GC Util Change" value="41.000000"/>
  <attribute name="GC Util currently" value="41" />
  <attribute name="CPU Util currently" value="521644577273" />
<allocation-satisfied id="2529" threadId="0000000002213700" bytesRequested="32" />
<af-end id="2530" timestamp="2019-06-16T21:30:59.549" threadId="0000000002214088" success="true" from="nursery"/>
<exclusive-end id="2531" timestamp="2019-06-16T21:30:59.549" durationms="2.146" />

<exclusive-start id="2532" timestamp="2019-06-16T21:30:59.554" intervalms="6.772">
  <response-info timems="0.100" idlems="0.100" threads="0" lastid="0000000002213700" lastname="main" />
</exclusive-start>
<af-start id="2533" threadId="0000000002214088" totalBytesRequested="32" timestamp="2019-06-16T21:30:59.554" intervalms="6.772" type="nursery" />
<cycle-start id="2534" type="scavenge" contextid="0" timestamp="2019-06-16T21:30:59.554" intervalms="6.772" />
<gc-start id="2535" type="scavenge" contextid="2534" timestamp="2019-06-16T21:30:59.554">
  <mem-info id="2536" free="2064421096" total="2092630016" percent="98">
    <mem type="nursery" free="0" total="3932160" percent="0">
      <mem type="allocate" free="0" total="2555904" percent="0" />
      <mem type="survivor" free="0" total="1376256" percent="0" />
    </mem>
    <mem type="tenure" free="2064421096" total="2088697856" percent="98">
      <mem type="soa" free="1939099880" total="1963376640" percent="98" />
      <mem type="loa" free="125321216" total="125321216" percent="100" />
    </mem>
    <remembered-set count="612" />
  </mem-info>
</gc-start>
<allocation-stats totalBytes="1808888" >
  <allocated-bytes non-tlh="32" tlh="1808856" />
  <largest-consumer threadName="main" threadId="0000000002213700" bytes="1808888" />
</allocation-stats>
<gc-op id="2537" type="scavenge" timems="1.389" contextid="2534" timestamp="2019-06-16T21:30:59.555">
  <scavenger-info tenureage="3" tenuremask="ffc8" tiltratio="65" />
  <memory-copied type="nursery" objects="9248" bytes="693496" bytesdiscarded="190496" />
  <memory-copied type="tenure" objects="297" bytes="8448" bytesdiscarded="0" />
  <references type="soft" candidates="1" cleared="0" enqueued="0" dynamicThreshold="31" maxThreshold="32" />
  <references type="weak" candidates="2" cleared="0" enqueued="0" />
  <references type="phantom" candidates="1" cleared="0" enqueued="0" />
</gc-op>
<gc-end id="2538" type="scavenge" contextid="2534" durationms="1.771" usertimems="4.000" systemtimems="0.000" timestamp="2019-06-16T21:30:59.556" activeThreads="4">
  <mem-info id="2539" free="2066224024" total="2092630016" percent="98">
    <mem type="nursery" free="1802928" total="3932160" percent="45">
      <mem type="allocate" free="1802928" total="2686976" percent="67" />
      <mem type="survivor" free="0" total="1245184" percent="0" />
    </mem>
    <mem type="tenure" free="2064421096" total="2088697856" percent="98" macro-fragmented="3732887">
      <mem type="soa" free="1939099880" total="1963376640" percent="98" />
      <mem type="loa" free="125321216" total="125321216" percent="100" />
    </mem>
    <remembered-set count="328" />
  </mem-info>
</gc-end>
<cycle-end id="2540" type="scavenge" contextid="2534" timestamp="2019-06-16T21:30:59.556" />
  <attribute name="elasticGC enabled" value="1" />
  <attribute name= "numThreadsSpecified" value="4" />
  <attribute name="heapSize specified" value="9371648" />
  <attribute name="Current GC Util" value="48" />
  <attribute name= "Current Time Running" value="45520" />
  <attribute name ="GC Interval" value="200" />
  <attribute name="ProportionalT" value="14.000000" />
  <attribute name="ProportionalI" value="14.000000" />
  <attribute name="ProportionalH" value="14.000000" />
  <attribute name="Current Error" value="28.000000" />
  <attribute name="IntegralT" value="98.000000" />
  <attribute name="IntegralI" value="98.000000" />
  <attribute name="IntegralH" value="98.000000" />
  <attribute name="DerivativeT" value="1.000000" />
  <attribute name="DerivativeI" value="1.000000" />
  <attribute name="DerivativeH" value="1.000000" />
  <attribute name="Loop Time for DT" value="7.000000" />
  <attribute name="Output H" value="8388608"/>
  <attribute name="Output I" value="200"/>
  <attribute name="Output T" value="4"/>
  <attribute name="Target GC Util Change" value ="20.000000" />
  <attribute name="Current GC Util Change" value="48.000000"/>
  <attribute name="GC Util currently" value="48" />
  <attribute name="CPU Util currently" value="680619027622" />
<allocation-satisfied id="2541" threadId="0000000002213700" bytesRequested="32" />
<af-end id="2542" timestamp="2019-06-16T21:30:59.556" threadId="0000000002214088" success="true" from="nursery"/>
<exclusive-end id="2543" timestamp="2019-06-16T21:30:59.556" durationms="2.177" />

<exclusive-start id="2544" timestamp="2019-06-16T21:30:59.560" intervalms="6.600">
  <response-info timems="0.066" idlems="0.066" threads="0" lastid="0000000002213700" lastname="main" />
</exclusive-start>
<af-start id="2545" threadId="0000000002214088" totalBytesRequested="32" timestamp="2019-06-16T21:30:59.560" intervalms="6.613" type="nursery" />
<cycle-start id="2546" type="scavenge" contextid="0" timestamp="2019-06-16T21:30:59.560" intervalms="6.615" />
<gc-start id="2547" type="scavenge" contextid="2546" timestamp="2019-06-16T21:30:59.560">
  <mem-info id="2548" free="2064421096" total="2092630016" percent="98">
    <mem type="nursery" free="0" total="3932160" percent="0">
      <mem type="allocate" free="0" total="2686976" percent="0" />
      <mem type="survivor" free="0" total="1245184" percent="0" />
    </mem>
    <mem type="tenure" free="2064421096" total="2088697856" percent="98">
      <mem type="soa" free="1939099880" total="1963376640" percent="98" />
      <mem type="loa" free="125321216" total="125321216" percent="100" />
    </mem>
    <remembered-set count="328" />
  </mem-info>
</gc-start>
<allocation-stats totalBytes="1802656" >
  <allocated-bytes non-tlh="32" tlh="1802624" />
  <largest-consumer threadName="main" threadId="0000000002213700" bytes="1802656" />
</allocation-stats>
<gc-op id="2549" type="scavenge" timems="1.348" contextid="2546" timestamp="2019-06-16T21:30:59.562">
  <scavenger-info tenureage="3" tenuremask="ffe8" tiltratio="68" />
  <memory-copied type="nursery" objects="4947" bytes="180336" bytesdiscarded="169104" />
  <memory-copied type="tenure" objects="5413" bytes="554624" bytesdiscarded="104" />
</gc-op>
<gc-end id="2550" type="scavenge" contextid="2546" durationms="1.722" usertimems="4.000" systemtimems="0.000" timestamp="2019-06-16T21:30:59.562" activeThreads="4">
  <mem-info id="2551" free="2066281112" total="2092630016" percent="98">
    <mem type="nursery" free="2403072" total="3932160" percent="61">
      <mem type="allocate" free="2403072" total="2752512" percent="87" />
      <mem type="survivor" free="0" total="1179648" percent="0" />
    </mem>
    <mem type="tenure" free="2063878040" total="2088697856" percent="98" macro-fragmented="10920">
      <mem type="soa" free="1938556824" total="1963376640" percent="98" />
      <mem type="loa" free="125321216" total="125321216" percent="100" />
    </mem>
    <remembered-set count="603" />
  </mem-info>
</gc-end>
<cycle-end id="2552" type="scavenge" contextid="2546" timestamp="2019-06-16T21:30:59.562" />
  <attribute name="elasticGC enabled" value="1" />
  <attribute name= "numThreadsSpecified" value="4" />
  <attribute name="heapSize specified" value="9371648" />
  <attribute name="Current GC Util" value="51" />
  <attribute name= "Current Time Running" value="45526" />
  <attribute name ="GC Interval" value="200" />
  <attribute name="ProportionalT" value="15.500000" />
  <attribute name="ProportionalI" value="15.500000" />
  <attribute name="ProportionalH" value="15.500000" />
  <attribute name="Current Error" value="31.000000" />
  <attribute name="IntegralT" value="93.000000" />
  <attribute name="IntegralI" value="93.000000" />
  <attribute name="IntegralH" value="93.000000" />
  <attribute name="DerivativeT" value="0.500000" />
  <attribute name="DerivativeI" value="0.500000" />
  <attribute name="DerivativeH" value="0.500000" />
  <attribute name="Loop Time for DT" value="6.000000" />
  <attribute name="Output H" value="8388608"/>
  <attribute name="Output I" value="200"/>
  <attribute name="Output T" value="4"/>
  <attribute name="Target GC Util Change" value ="20.000000" />
  <attribute name="Current GC Util Change" value="51.000000"/>
  <attribute name="GC Util currently" value="51" />
  <attribute name="CPU Util currently" value="696593949289" />
<allocation-satisfied id="2553" threadId="0000000002213700" bytesRequested="32" />
<af-end id="2554" timestamp="2019-06-16T21:30:59.562" threadId="0000000002214088" success="true" from="nursery"/>
<exclusive-end id="2555" timestamp="2019-06-16T21:30:59.562" durationms="2.145" />

<exclusive-start id="2556" timestamp="2019-06-16T21:30:59.567" intervalms="7.034">
  <response-info timems="0.066" idlems="0.066" threads="0" lastid="0000000002213700" lastname="main" />
</exclusive-start>
<af-start id="2557" threadId="0000000002214088" totalBytesRequested="32" timestamp="2019-06-16T21:30:59.567" intervalms="7.028" type="nursery" />
<cycle-start id="2558" type="scavenge" contextid="0" timestamp="2019-06-16T21:30:59.567" intervalms="7.027" />
<gc-start id="2559" type="scavenge" contextid="2558" timestamp="2019-06-16T21:30:59.567">
  <mem-info id="2560" free="2063877984" total="2092630016" percent="98">
    <mem type="nursery" free="0" total="3932160" percent="0">
      <mem type="allocate" free="0" total="2752512" percent="0" />
      <mem type="survivor" free="0" total="1179648" percent="0" />
    </mem>
    <mem type="tenure" free="2063877984" total="2088697856" percent="98">
      <mem type="soa" free="1938556768" total="1963376640" percent="98" />
      <mem type="loa" free="125321216" total="125321216" percent="100" />
    </mem>
    <remembered-set count="838" />
  </mem-info>
</gc-start>
<allocation-stats totalBytes="2402864" >
  <allocated-bytes non-tlh="88" tlh="2402776" />
  <largest-consumer threadName="main" threadId="0000000002213700" bytes="2402864" />
</allocation-stats>
<gc-op id="2561" type="scavenge" timems="0.923" contextid="2558" timestamp="2019-06-16T21:30:59.569">
  <scavenger-info tenureage="3" tenuremask="ffe8" tiltratio="70" />
  <memory-copied type="nursery" objects="6262" bytes="227832" bytesdiscarded="46344" />
  <memory-copied type="tenure" objects="1597" bytes="59144" bytesdiscarded="40" />
</gc-op>
<gc-end id="2562" type="scavenge" contextid="2558" durationms="1.287" usertimems="4.000" systemtimems="0.000" timestamp="2019-06-16T21:30:59.569" activeThreads="4">
  <mem-info id="2563" free="2066513760" total="2092630016" percent="98">
    <mem type="nursery" free="2674944" total="3932160" percent="68">
      <mem type="allocate" free="2674944" total="2949120" percent="90" />
      <mem type="survivor" free="0" total="983040" percent="0" />
    </mem>
    <mem type="tenure" free="2063838816" total="2088697856" percent="98" macro-fragmented="348889">
      <mem type="soa" free="1938517600" total="1963376640" percent="98" />
      <mem type="loa" free="125321216" total="125321216" percent="100" />
    </mem>
    <remembered-set count="687" />
  </mem-info>
</gc-end>
<cycle-end id="2564" type="scavenge" contextid="2558" timestamp="2019-06-16T21:30:59.569" />
  <attribute name="elasticGC enabled" value="1" />
  <attribute name= "numThreadsSpecified" value="4" />
  <attribute name="heapSize specified" value="9371648" />
  <attribute name="Current GC Util" value="52" />
  <attribute name= "Current Time Running" value="45533" />
  <attribute name ="GC Interval" value="200" />
  <attribute name="ProportionalT" value="16.000000" />
  <attribute name="ProportionalI" value="16.000000" />
  <attribute name="ProportionalH" value="16.000000" />
  <attribute name="Current Error" value="32.000000" />
  <attribute name="IntegralT" value="112.000000" />
  <attribute name="IntegralI" value="112.000000" />
  <attribute name="IntegralH" value="112.000000" />
  <attribute name="DerivativeT" value="0.142857" />
  <attribute name="DerivativeI" value="0.142857" />
  <attribute name="DerivativeH" value="0.142857" />
  <attribute name="Loop Time for DT" value="7.000000" />
  <attribute name="Output H" value="8388608"/>
  <attribute name="Output I" value="200"/>
  <attribute name="Output T" value="4"/>
  <attribute name="Target GC Util Change" value ="20.000000" />
  <attribute name="Current GC Util Change" value="52.000000"/>
  <attribute name="GC Util currently" value="52" />
  <attribute name="CPU Util currently" value="656771602452" />
<allocation-satisfied id="2565" threadId="0000000002213700" bytesRequested="32" />
<af-end id="2566" timestamp="2019-06-16T21:30:59.569" threadId="0000000002214088" success="true" from="nursery"/>
<exclusive-end id="2567" timestamp="2019-06-16T21:30:59.569" durationms="1.695" />

<exclusive-start id="2568" timestamp="2019-06-16T21:30:59.575" intervalms="7.816">
  <response-info timems="0.064" idlems="0.064" threads="0" lastid="0000000002213700" lastname="main" />
</exclusive-start>
<af-start id="2569" threadId="0000000002214088" totalBytesRequested="32" timestamp="2019-06-16T21:30:59.575" intervalms="7.811" type="nursery" />
<cycle-start id="2570" type="scavenge" contextid="0" timestamp="2019-06-16T21:30:59.575" intervalms="7.811" />
<gc-start id="2571" type="scavenge" contextid="2570" timestamp="2019-06-16T21:30:59.575">
  <mem-info id="2572" free="2063838816" total="2092630016" percent="98">
    <mem type="nursery" free="0" total="3932160" percent="0">
      <mem type="allocate" free="0" total="2949120" percent="0" />
      <mem type="survivor" free="0" total="983040" percent="0" />
    </mem>
    <mem type="tenure" free="2063838816" total="2088697856" percent="98">
      <mem type="soa" free="1938517600" total="1963376640" percent="98" />
      <mem type="loa" free="125321216" total="125321216" percent="100" />
    </mem>
    <remembered-set count="903" />
  </mem-info>
</gc-start>
<allocation-stats totalBytes="2674600" >
  <allocated-bytes non-tlh="32" tlh="2674568" />
  <largest-consumer threadName="main" threadId="0000000002213700" bytes="2674600" />
</allocation-stats>
<gc-op id="2573" type="scavenge" timems="0.759" contextid="2570" timestamp="2019-06-16T21:30:59.576">
  <scavenger-info tenureage="3" tenuremask="ffe8" tiltratio="75" />
  <memory-copied type="nursery" objects="6926" bytes="254208" bytesdiscarded="59136" />
  <memory-copied type="tenure" objects="1987" bytes="70816" bytesdiscarded="32" />
</gc-op>
<gc-end id="2574" type="scavenge" contextid="2570" durationms="1.122" usertimems="4.000" systemtimems="0.000" timestamp="2019-06-16T21:30:59.576" activeThreads="4">
  <mem-info id="2575" free="2066527328" total="2092630016" percent="98">
    <mem type="nursery" free="2766848" total="3932160" percent="70">
      <mem type="allocate" free="2766848" total="3080192" percent="89" />
      <mem type="survivor" free="0" total="851968" percent="0" />
    </mem>
    <mem type="tenure" free="2063760480" total="2088697856" percent="98" macro-fragmented="723458">
      <mem type="soa" free="1938439264" total="1963376640" percent="98" />
      <mem type="loa" free="125321216" total="125321216" percent="100" />
    </mem>
    <remembered-set count="708" />
  </mem-info>
</gc-end>
<cycle-end id="2576" type="scavenge" contextid="2570" timestamp="2019-06-16T21:30:59.576" />
  <attribute name="elasticGC enabled" value="1" />
  <attribute name= "numThreadsSpecified" value="4" />
  <attribute name="heapSize specified" value="9371648" />
  <attribute name="Current GC Util" value="27" />
  <attribute name= "Current Time Running" value="45541" />
  <attribute name ="GC Interval" value="200" />
  <attribute name="ProportionalT" value="3.500000" />
  <attribute name="ProportionalI" value="3.500000" />
  <attribute name="ProportionalH" value="3.500000" />
  <attribute name="Current Error" value="7.000000" />
  <attribute name="IntegralT" value="28.000000" />
  <attribute name="IntegralI" value="28.000000" />
  <attribute name="IntegralH" value="28.000000" />
  <attribute name="DerivativeT" value="-3.125000" />
  <attribute name="DerivativeI" value="-3.125000" />
  <attribute name="DerivativeH" value="-3.125000" />
  <attribute name="Loop Time for DT" value="8.000000" />
  <attribute name="Output H" value="8388608"/>
  <attribute name="Output I" value="200"/>
  <attribute name="Output T" value="4"/>
  <attribute name="Target GC Util Change" value ="20.000000" />
  <attribute name="Current GC Util Change" value="27.000000"/>
  <attribute name="GC Util currently" value="27" />
  <attribute name="CPU Util currently" value="591402535012" />
<allocation-satisfied id="2577" threadId="0000000002213700" bytesRequested="32" />
<af-end id="2578" timestamp="2019-06-16T21:30:59.577" threadId="0000000002214088" success="true" from="nursery"/>
<exclusive-end id="2579" timestamp="2019-06-16T21:30:59.577" durationms="1.519" />

<exclusive-start id="2580" timestamp="2019-06-16T21:30:59.604" intervalms="29.338">
  <response-info timems="0.026" idlems="0.026" threads="0" lastid="0000000002213700" lastname="main" />
</exclusive-start>
<af-start id="2581" threadId="0000000002214088" totalBytesRequested="16392" timestamp="2019-06-16T21:30:59.605" intervalms="29.352" type="nursery" />
<cycle-start id="2582" type="scavenge" contextid="0" timestamp="2019-06-16T21:30:59.605" intervalms="29.438" />
<gc-start id="2583" type="scavenge" contextid="2582" timestamp="2019-06-16T21:30:59.605">
  <mem-info id="2584" free="2063759344" total="2092630016" percent="98">
    <mem type="nursery" free="0" total="3932160" percent="0">
      <mem type="allocate" free="0" total="3080192" percent="0" />
      <mem type="survivor" free="0" total="851968" percent="0" />
    </mem>
    <mem type="tenure" free="2063759344" total="2088697856" percent="98">
      <mem type="soa" free="1938438128" total="1963376640" percent="98" />
      <mem type="loa" free="125321216" total="125321216" percent="100" />
    </mem>
    <remembered-set count="828" />
  </mem-info>
</gc-start>
<allocation-stats totalBytes="2754496" >
  <allocated-bytes non-tlh="1168" tlh="2753328" />
  <largest-consumer threadName="main" threadId="0000000002213700" bytes="2754496" />
</allocation-stats>
<gc-op id="2585" type="scavenge" timems="1.219" contextid="2582" timestamp="2019-06-16T21:30:59.606">
  <scavenger-info tenureage="3" tenuremask="ffe8" tiltratio="78" />
  <memory-copied type="nursery" objects="6291" bytes="279680" bytesdiscarded="72784" />
  <memory-copied type="tenure" objects="1071" bytes="41272" bytesdiscarded="0" />
  <references type="soft" candidates="1" cleared="0" enqueued="0" dynamicThreshold="31" maxThreshold="32" />
  <references type="phantom" candidates="1" cleared="0" enqueued="0" />
</gc-op>
<gc-end id="2586" type="scavenge" contextid="2582" durationms="1.648" usertimems="4.000" systemtimems="0.000" timestamp="2019-06-16T21:30:59.606" activeThreads="4">
  <mem-info id="2587" free="2066513392" total="2092630016" percent="98">
    <mem type="nursery" free="2793216" total="3932160" percent="71">
      <mem type="allocate" free="2793216" total="3145728" percent="88" />
      <mem type="survivor" free="0" total="786432" percent="0" />
    </mem>
    <mem type="tenure" free="2063720176" total="2088697856" percent="98" macro-fragmented="0">
      <mem type="soa" free="1938398960" total="1963376640" percent="98" />
      <mem type="loa" free="125321216" total="125321216" percent="100" />
    </mem>
    <remembered-set count="712" />
  </mem-info>
</gc-end>
<cycle-end id="2588" type="scavenge" contextid="2582" timestamp="2019-06-16T21:30:59.607" />
  <attribute name="elasticGC enabled" value="1" />
  <attribute name= "numThreadsSpecified" value="4" />
  <attribute name="heapSize specified" value="9371648" />
  <attribute name="Current GC Util" value="4" />
  <attribute name= "Current Time Running" value="45571" />
  <attribute name ="GC Interval" value="200" />
  <attribute name="ProportionalT" value="-8.000000" />
  <attribute name="ProportionalI" value="-8.000000" />
  <attribute name="ProportionalH" value="-8.000000" />
  <attribute name="Current Error" value="-16.000000" />
  <attribute name="IntegralT" value="-240.000000" />
  <attribute name="IntegralI" value="-240.000000" />
  <attribute name="IntegralH" value="-240.000000" />
  <attribute name="DerivativeT" value="-0.766667" />
  <attribute name="DerivativeI" value="-0.766667" />
  <attribute name="DerivativeH" value="-0.766667" />
  <attribute name="Loop Time for DT" value="30.000000" />
  <attribute name="Output H" value="2092630016"/>
  <attribute name="Output I" value="200"/>
  <attribute name="Output T" value="4"/>
  <attribute name="Target GC Util Change" value ="20.000000" />
  <attribute name="Current GC Util Change" value="4.000000"/>
  <attribute name="GC Util currently" value="4" />
  <attribute name="CPU Util currently" value="155667107332" />
<allocation-satisfied id="2589" threadId="0000000002213700" bytesRequested="16392" />
<af-end id="2590" timestamp="2019-06-16T21:30:59.607" threadId="0000000002214088" success="true" from="nursery"/>
<exclusive-end id="2591" timestamp="2019-06-16T21:30:59.607" durationms="2.410" />

<exclusive-start id="2592" timestamp="2019-06-16T21:30:59.611" intervalms="6.684">
  <response-info timems="0.032" idlems="0.032" threads="0" lastid="0000000002213700" lastname="main" />
</exclusive-start>
<af-start id="2593" threadId="0000000002214088" totalBytesRequested="24" timestamp="2019-06-16T21:30:59.611" intervalms="6.671" type="nursery" />
<cycle-start id="2594" type="scavenge" contextid="0" timestamp="2019-06-16T21:30:59.611" intervalms="6.619" />
<gc-start id="2595" type="scavenge" contextid="2594" timestamp="2019-06-16T21:30:59.611">
  <mem-info id="2596" free="2063720176" total="2092630016" percent="98">
    <mem type="nursery" free="0" total="3932160" percent="0">
      <mem type="allocate" free="0" total="3145728" percent="0" />
      <mem type="survivor" free="0" total="786432" percent="0" />
    </mem>
    <mem type="tenure" free="2063720176" total="2088697856" percent="98">
      <mem type="soa" free="1938398960" total="1963376640" percent="98" />
      <mem type="loa" free="125321216" total="125321216" percent="100" />
    </mem>
    <remembered-set count="712" />
  </mem-info>
</gc-start>
<allocation-stats totalBytes="2792968" >
  <allocated-bytes non-tlh="216400" tlh="2576568" />
  <largest-consumer threadName="main" threadId="0000000002213700" bytes="2792968" />
</allocation-stats>
<gc-op id="2597" type="scavenge" timems="1.249" contextid="2594" timestamp="2019-06-16T21:30:59.613">
  <scavenger-info tenureage="5" tenuremask="ffe0" tiltratio="80" />
  <memory-copied type="nursery" objects="10825" bytes="705760" bytesdiscarded="80616" />
  <memory-copied type="tenure" objects="975" bytes="39440" bytesdiscarded="32" />
  <copy-failed type="nursery" objects="975" bytes="39440" />
  <references type="soft" candidates="1" cleared="0" enqueued="0" dynamicThreshold="31" maxThreshold="32" />
  <references type="phantom" candidates="1" cleared="0" enqueued="0" />
</gc-op>
<gc-end id="2598" type="scavenge" contextid="2594" durationms="1.744" usertimems="4.000" systemtimems="0.000" timestamp="2019-06-16T21:30:59.613" activeThreads="4">
  <mem-info id="2599" free="2065516016" total="2092630016" percent="98">
    <mem type="nursery" free="1835008" total="3932160" percent="46">
      <mem type="allocate" free="1835008" total="2621440" percent="70" />
      <mem type="survivor" free="0" total="1310720" percent="0" />
    </mem>
    <mem type="tenure" free="2063681008" total="2088697856" percent="98" macro-fragmented="0">
      <mem type="soa" free="1938359792" total="1963376640" percent="98" />
      <mem type="loa" free="125321216" total="125321216" percent="100" />
    </mem>
    <remembered-set count="1163" />
  </mem-info>
</gc-end>
<cycle-end id="2600" type="scavenge" contextid="2594" timestamp="2019-06-16T21:30:59.613" />
  <attribute name="elasticGC enabled" value="1" />
  <attribute name= "numThreadsSpecified" value="4" />
  <attribute name="heapSize specified" value="9371648" />
  <attribute name="Current GC Util" value="42" />
  <attribute name= "Current Time Running" value="45577" />
  <attribute name ="GC Interval" value="200" />
  <attribute name="ProportionalT" value="11.000000" />
  <attribute name="ProportionalI" value="11.000000" />
  <attribute name="ProportionalH" value="11.000000" />
  <attribute name="Current Error" value="22.000000" />
  <attribute name="IntegralT" value="66.000000" />
  <attribute name="IntegralI" value="66.000000" />
  <attribute name="IntegralH" value="66.000000" />
  <attribute name="DerivativeT" value="3.666667" />
  <attribute name="DerivativeI" value="3.666667" />
  <attribute name="DerivativeH" value="3.666667" />
  <attribute name="Loop Time for DT" value="6.000000" />
  <attribute name="Output H" value="8388608"/>
  <attribute name="Output I" value="200"/>
  <attribute name="Output T" value="4"/>
  <attribute name="Target GC Util Change" value ="20.000000" />
  <attribute name="Current GC Util Change" value="42.000000"/>
  <attribute name="GC Util currently" value="42" />
  <attribute name="CPU Util currently" value="702882196020" />
<allocation-satisfied id="2601" threadId="0000000002213700" bytesRequested="24" />
<af-end id="2602" timestamp="2019-06-16T21:30:59.613" threadId="0000000002214088" success="true" from="nursery"/>
<exclusive-end id="2603" timestamp="2019-06-16T21:30:59.613" durationms="2.256" />

<exclusive-start id="2604" timestamp="2019-06-16T21:30:59.617" intervalms="5.395">
  <response-info timems="0.063" idlems="0.063" threads="0" lastid="0000000002213700" lastname="main" />
</exclusive-start>
<af-start id="2605" threadId="0000000002214088" totalBytesRequested="536" timestamp="2019-06-16T21:30:59.617" intervalms="5.429" type="nursery" />
<cycle-start id="2606" type="scavenge" contextid="0" timestamp="2019-06-16T21:30:59.617" intervalms="5.437" />
<gc-start id="2607" type="scavenge" contextid="2606" timestamp="2019-06-16T21:30:59.617">
  <mem-info id="2608" free="2063681008" total="2092630016" percent="98">
    <mem type="nursery" free="0" total="3932160" percent="0">
      <mem type="allocate" free="0" total="2621440" percent="0" />
      <mem type="survivor" free="0" total="1310720" percent="0" />
    </mem>
    <mem type="tenure" free="2063681008" total="2088697856" percent="98">
      <mem type="soa" free="1938359792" total="1963376640" percent="98" />
      <mem type="loa" free="125321216" total="125321216" percent="100" />
    </mem>
    <remembered-set count="1163" />
  </mem-info>
</gc-start>
<allocation-stats totalBytes="1834376" >
  <allocated-bytes non-tlh="24" tlh="1834352" />
  <largest-consumer threadName="main" threadId="0000000002213700" bytes="1834376" />
</allocation-stats>
<gc-op id="2609" type="scavenge" timems="1.277" contextid="2606" timestamp="2019-06-16T21:30:59.618">
  <scavenger-info tenureage="2" tenuremask="fffc" tiltratio="66" />
  <memory-copied type="nursery" objects="7577" bytes="306120" bytesdiscarded="6720" />
  <memory-copied type="tenure" objects="5284" bytes="221392" bytesdiscarded="112" />
</gc-op>
<gc-end id="2610" type="scavenge" contextid="2606" durationms="1.657" usertimems="4.000" systemtimems="0.000" timestamp="2019-06-16T21:30:59.618" activeThreads="4">
  <mem-info id="2611" free="2065833984" total="2092630016" percent="98">
    <mem type="nursery" free="2374136" total="3932160" percent="60">
      <mem type="allocate" free="2374136" total="2686976" percent="88" />
      <mem type="survivor" free="0" total="1245184" percent="0" />
    </mem>
    <mem type="tenure" free="2063459848" total="2088697856" percent="98" macro-fragmented="524320">
      <mem type="soa" free="1938138632" total="1963376640" percent="98" />
      <mem type="loa" free="125321216" total="125321216" percent="100" />
    </mem>
    <remembered-set count="91" />
  </mem-info>
</gc-end>
<cycle-end id="2612" type="scavenge" contextid="2606" timestamp="2019-06-16T21:30:59.619" />
  <attribute name="elasticGC enabled" value="1" />
  <attribute name= "numThreadsSpecified" value="4" />
  <attribute name="heapSize specified" value="9371648" />
  <attribute name="Current GC Util" value="58" />
  <attribute name= "Current Time Running" value="45583" />
  <attribute name ="GC Interval" value="200" />
  <attribute name="ProportionalT" value="19.000000" />
  <attribute name="ProportionalI" value="19.000000" />
  <attribute name="ProportionalH" value="19.000000" />
  <attribute name="Current Error" value="38.000000" />
  <attribute name="IntegralT" value="114.000000" />
  <attribute name="IntegralI" value="114.000000" />
  <attribute name="IntegralH" value="114.000000" />
  <attribute name="DerivativeT" value="2.666667" />
  <attribute name="DerivativeI" value="2.666667" />
  <attribute name="DerivativeH" value="2.666667" />
  <attribute name="Loop Time for DT" value="6.000000" />
  <attribute name="Output H" value="8388608"/>
  <attribute name="Output I" value="200"/>
  <attribute name="Output T" value="4"/>
  <attribute name="Target GC Util Change" value ="20.000000" />
  <attribute name="Current GC Util Change" value="58.000000"/>
  <attribute name="GC Util currently" value="58" />
  <attribute name="CPU Util currently" value="871811206994" />
<allocation-satisfied id="2613" threadId="0000000002213700" bytesRequested="536" />
<af-end id="2614" timestamp="2019-06-16T21:30:59.619" threadId="0000000002214088" success="true" from="nursery"/>
<exclusive-end id="2615" timestamp="2019-06-16T21:30:59.619" durationms="2.283" />

<exclusive-start id="2616" timestamp="2019-06-16T21:30:59.649" intervalms="32.429">
  <response-info timems="0.047" idlems="0.047" threads="0" lastid="0000000002213700" lastname="main" />
</exclusive-start>
<af-start id="2617" threadId="0000000002214088" totalBytesRequested="40" timestamp="2019-06-16T21:30:59.649" intervalms="32.406" type="nursery" />
<cycle-start id="2618" type="scavenge" contextid="0" timestamp="2019-06-16T21:30:59.649" intervalms="32.460" />
<gc-start id="2619" type="scavenge" contextid="2618" timestamp="2019-06-16T21:30:59.649">
  <mem-info id="2620" free="2063457144" total="2092630016" percent="98">
    <mem type="nursery" free="0" total="3932160" percent="0">
      <mem type="allocate" free="0" total="2686976" percent="0" />
      <mem type="survivor" free="0" total="1245184" percent="0" />
    </mem>
    <mem type="tenure" free="2063457144" total="2088697856" percent="98">
      <mem type="soa" free="1938135928" total="1963376640" percent="98" />
      <mem type="loa" free="125321216" total="125321216" percent="100" />
    </mem>
    <remembered-set count="145" />
  </mem-info>
</gc-start>
<allocation-stats totalBytes="2376064" >
  <allocated-bytes non-tlh="203248" tlh="2172816" />
  <largest-consumer threadName="main" threadId="0000000002213700" bytes="2376064" />
</allocation-stats>
<gc-op id="2621" type="scavenge" timems="1.250" contextid="2618" timestamp="2019-06-16T21:30:59.651">
  <scavenger-info tenureage="14" tenuremask="4000" tiltratio="68" />
  <memory-copied type="nursery" objects="2098" bytes="343504" bytesdiscarded="102328" />
  <references type="soft" candidates="1" cleared="0" enqueued="0" dynamicThreshold="31" maxThreshold="32" />
  <references type="phantom" candidates="1" cleared="0" enqueued="0" />
</gc-op>
<gc-end id="2622" type="scavenge" contextid="2618" durationms="1.670" usertimems="4.000" systemtimems="0.000" timestamp="2019-06-16T21:30:59.651" activeThreads="4">
  <mem-info id="2623" free="2065894840" total="2092630016" percent="98">
    <mem type="nursery" free="2437696" total="3932160" percent="61">
      <mem type="allocate" free="2437696" total="2883584" percent="84" />
      <mem type="survivor" free="0" total="1048576" percent="0" />
    </mem>
    <mem type="tenure" free="2063457144" total="2088697856" percent="98" macro-fragmented="3110739">
      <mem type="soa" free="1938135928" total="1963376640" percent="98" />
      <mem type="loa" free="125321216" total="125321216" percent="100" />
    </mem>
    <remembered-set count="145" />
  </mem-info>
</gc-end>
<cycle-end id="2624" type="scavenge" contextid="2618" timestamp="2019-06-16T21:30:59.651" />
  <attribute name="elasticGC enabled" value="1" />
  <attribute name= "numThreadsSpecified" value="4" />
  <attribute name="heapSize specified" value="9371648" />
  <attribute name="Current GC Util" value="10" />
  <attribute name= "Current Time Running" value="45615" />
  <attribute name ="GC Interval" value="200" />
  <attribute name="ProportionalT" value="-5.000000" />
  <attribute name="ProportionalI" value="-5.000000" />
  <attribute name="ProportionalH" value="-5.000000" />
  <attribute name="Current Error" value="-10.000000" />
  <attribute name="IntegralT" value="-160.000000" />
  <attribute name="IntegralI" value="-160.000000" />
  <attribute name="IntegralH" value="-160.000000" />
  <attribute name="DerivativeT" value="-1.500000" />
  <attribute name="DerivativeI" value="-1.500000" />
  <attribute name="DerivativeH" value="-1.500000" />
  <attribute name="Loop Time for DT" value="32.000000" />
  <attribute name="Output H" value="2092630016"/>
  <attribute name="Output I" value="200"/>
  <attribute name="Output T" value="4"/>
  <attribute name="Target GC Util Change" value ="20.000000" />
  <attribute name="Current GC Util Change" value="10.000000"/>
  <attribute name="GC Util currently" value="10" />
  <attribute name="CPU Util currently" value="141857084266" />
<allocation-satisfied id="2625" threadId="0000000002213700" bytesRequested="40" />
<af-end id="2626" timestamp="2019-06-16T21:30:59.651" threadId="0000000002214088" success="true" from="nursery"/>
<exclusive-end id="2627" timestamp="2019-06-16T21:30:59.651" durationms="2.394" />

<exclusive-start id="2628" timestamp="2019-06-16T21:30:59.722" intervalms="72.593">
  <response-info timems="0.026" idlems="0.026" threads="0" lastid="0000000002213700" lastname="main" />
</exclusive-start>
<af-start id="2629" threadId="0000000002214088" totalBytesRequested="32776" timestamp="2019-06-16T21:30:59.722" intervalms="72.639" type="nursery" />
<cycle-start id="2630" type="scavenge" contextid="0" timestamp="2019-06-16T21:30:59.722" intervalms="72.623" />
<gc-start id="2631" type="scavenge" contextid="2630" timestamp="2019-06-16T21:30:59.722">
  <mem-info id="2632" free="2063428072" total="2092630016" percent="98">
    <mem type="nursery" free="0" total="3932160" percent="0">
      <mem type="allocate" free="0" total="2883584" percent="0" />
      <mem type="survivor" free="0" total="1048576" percent="0" />
    </mem>
    <mem type="tenure" free="2063428072" total="2088697856" percent="98">
      <mem type="soa" free="1938106856" total="1963376640" percent="98" />
      <mem type="loa" free="125321216" total="125321216" percent="100" />
    </mem>
    <remembered-set count="618" />
  </mem-info>
</gc-start>
<allocation-stats totalBytes="2441632" >
  <allocated-bytes non-tlh="229120" tlh="2212512" />
  <largest-consumer threadName="main" threadId="0000000002213700" bytes="2441632" />
</allocation-stats>
<gc-op id="2633" type="scavenge" timems="1.510" contextid="2630" timestamp="2019-06-16T21:30:59.724">
  <scavenger-info tenureage="14" tenuremask="4000" tiltratio="73" />
  <memory-copied type="nursery" objects="5613" bytes="477648" bytesdiscarded="141120" />
  <references type="soft" candidates="633" cleared="0" enqueued="0" dynamicThreshold="31" maxThreshold="32" />
  <references type="weak" candidates="67" cleared="19" enqueued="19" />
  <references type="phantom" candidates="1" cleared="0" enqueued="0" />
</gc-op>
<gc-end id="2634" type="scavenge" contextid="2630" durationms="2.009" usertimems="0.000" systemtimems="0.000" timestamp="2019-06-16T21:30:59.724" activeThreads="4">
  <mem-info id="2635" free="2065758232" total="2092630016" percent="98">
    <mem type="nursery" free="2330160" total="3932160" percent="59">
      <mem type="allocate" free="2330160" total="2949120" percent="79" />
      <mem type="survivor" free="0" total="983040" percent="0" />
    </mem>
    <mem type="tenure" free="2063428072" total="2088697856" percent="98" macro-fragmented="290741">
      <mem type="soa" free="1938106856" total="1963376640" percent="98" />
      <mem type="loa" free="125321216" total="125321216" percent="100" />
    </mem>
    <pending-finalizers system="0" default="0" reference="19" classloader="0" />
    <remembered-set count="617" />
  </mem-info>
</gc-end>
<cycle-end id="2636" type="scavenge" contextid="2630" timestamp="2019-06-16T21:30:59.724" />
  <attribute name="elasticGC enabled" value="1" />
  <attribute name= "numThreadsSpecified" value="4" />
  <attribute name="heapSize specified" value="9371648" />
  <attribute name="Current GC Util" value="4" />
  <attribute name= "Current Time Running" value="45688" />
  <attribute name ="GC Interval" value="200" />
  <attribute name="ProportionalT" value="-8.000000" />
  <attribute name="ProportionalI" value="-8.000000" />
  <attribute name="ProportionalH" value="-8.000000" />
  <attribute name="Current Error" value="-16.000000" />
  <attribute name="IntegralT" value="-584.000000" />
  <attribute name="IntegralI" value="-584.000000" />
  <attribute name="IntegralH" value="-584.000000" />
  <attribute name="DerivativeT" value="-0.219178" />
  <attribute name="DerivativeI" value="-0.219178" />
  <attribute name="DerivativeH" value="-0.219178" />
  <attribute name="Loop Time for DT" value="73.000000" />
  <attribute name="Output H" value="2092630016"/>
  <attribute name="Output I" value="200"/>
  <attribute name="Output T" value="4"/>
  <attribute name="Target GC Util Change" value ="20.000000" />
  <attribute name="Current GC Util Change" value="4.000000"/>
  <attribute name="GC Util currently" value="4" />
  <attribute name="CPU Util currently" value="63328007942" />
<allocation-satisfied id="2637" threadId="0000000002213700" bytesRequested="32776" />
<af-end id="2638" timestamp="2019-06-16T21:30:59.724" threadId="0000000002214088" success="true" from="nursery"/>
<exclusive-end id="2639" timestamp="2019-06-16T21:30:59.724" durationms="2.752" />

<exclusive-start id="2640" timestamp="2019-06-16T21:30:59.729" intervalms="7.947">
  <response-info timems="0.065" idlems="0.065" threads="0" lastid="0000000002213700" lastname="main" />
</exclusive-start>
<af-start id="2641" threadId="0000000002214088" totalBytesRequested="72" timestamp="2019-06-16T21:30:59.730" intervalms="7.931" type="nursery" />
<cycle-start id="2642" type="scavenge" contextid="0" timestamp="2019-06-16T21:30:59.730" intervalms="7.897" />
<gc-start id="2643" type="scavenge" contextid="2642" timestamp="2019-06-16T21:30:59.730">
  <mem-info id="2644" free="2063428072" total="2092630016" percent="98">
    <mem type="nursery" free="0" total="3932160" percent="0">
      <mem type="allocate" free="0" total="2949120" percent="0" />
      <mem type="survivor" free="0" total="983040" percent="0" />
    </mem>
    <mem type="tenure" free="2063428072" total="2088697856" percent="98">
      <mem type="soa" free="1938106856" total="1963376640" percent="98" />
      <mem type="loa" free="125321216" total="125321216" percent="100" />
    </mem>
    <remembered-set count="617" />
  </mem-info>
</gc-start>
<allocation-stats totalBytes="2329968" >
  <allocated-bytes non-tlh="98320" tlh="2231648" />
  <largest-consumer threadName="main" threadId="0000000002213700" bytes="2329968" />
</allocation-stats>
<gc-op id="2645" type="scavenge" timems="1.340" contextid="2642" timestamp="2019-06-16T21:30:59.731">
  <scavenger-info tenureage="14" tenuremask="4000" tiltratio="75" />
  <memory-copied type="nursery" objects="12039" bytes="848872" bytesdiscarded="134048" />
  <memory-copied type="tenure" objects="424" bytes="22912" bytesdiscarded="0" />
  <copy-failed type="nursery" objects="424" bytes="22912" />
  <references type="soft" candidates="633" cleared="0" enqueued="0" dynamicThreshold="31" maxThreshold="32" />
  <references type="weak" candidates="48" cleared="0" enqueued="0" />
  <references type="phantom" candidates="1" cleared="0" enqueued="0" />
</gc-op>
<gc-end id="2646" type="scavenge" contextid="2642" durationms="1.815" usertimems="4.000" systemtimems="0.000" timestamp="2019-06-16T21:30:59.732" activeThreads="4">
  <mem-info id="2647" free="2065000936" total="2092630016" percent="98">
    <mem type="nursery" free="1572864" total="3932160" percent="40">
      <mem type="allocate" free="1572864" total="2555904" percent="61" />
      <mem type="survivor" free="0" total="1376256" percent="0" />
    </mem>
    <mem type="tenure" free="2063428072" total="2088697856" percent="98" macro-fragmented="1800196">
      <mem type="soa" free="1938106856" total="1963376640" percent="98" />
      <mem type="loa" free="125321216" total="125321216" percent="100" />
    </mem>
    <remembered-set count="880" />
  </mem-info>
</gc-end>
<cycle-end id="2648" type="scavenge" contextid="2642" timestamp="2019-06-16T21:30:59.732" />
  <attribute name="elasticGC enabled" value="1" />
  <attribute name= "numThreadsSpecified" value="4" />
  <attribute name="heapSize specified" value="9371648" />
  <attribute name="Current GC Util" value="39" />
  <attribute name= "Current Time Running" value="45696" />
  <attribute name ="GC Interval" value="200" />
  <attribute name="ProportionalT" value="9.500000" />
  <attribute name="ProportionalI" value="9.500000" />
  <attribute name="ProportionalH" value="9.500000" />
  <attribute name="Current Error" value="19.000000" />
  <attribute name="IntegralT" value="76.000000" />
  <attribute name="IntegralI" value="76.000000" />
  <attribute name="IntegralH" value="76.000000" />
  <attribute name="DerivativeT" value="2.375000" />
  <attribute name="DerivativeI" value="2.375000" />
  <attribute name="DerivativeH" value="2.375000" />
  <attribute name="Loop Time for DT" value="8.000000" />
  <attribute name="Output H" value="8388608"/>
  <attribute name="Output I" value="200"/>
  <attribute name="Output T" value="4"/>
  <attribute name="Target GC Util Change" value ="20.000000" />
  <attribute name="Current GC Util Change" value="39.000000"/>
  <attribute name="GC Util currently" value="39" />
  <attribute name="CPU Util currently" value="592955512199" />
<allocation-satisfied id="2649" threadId="0000000002213700" bytesRequested="72" />
<af-end id="2650" timestamp="2019-06-16T21:30:59.732" threadId="0000000002214088" success="true" from="nursery"/>
<exclusive-end id="2651" timestamp="2019-06-16T21:30:59.732" durationms="2.517" />

<exclusive-start id="2652" timestamp="2019-06-16T21:30:59.734" intervalms="4.639">
  <response-info timems="0.049" idlems="0.049" threads="0" lastid="0000000002213700" lastname="main" />
</exclusive-start>
<af-start id="2653" threadId="0000000002214088" totalBytesRequested="24" timestamp="2019-06-16T21:30:59.734" intervalms="4.627" type="nursery" />
<cycle-start id="2654" type="scavenge" contextid="0" timestamp="2019-06-16T21:30:59.734" intervalms="4.615" />
<gc-start id="2655" type="scavenge" contextid="2654" timestamp="2019-06-16T21:30:59.734">
  <mem-info id="2656" free="2063428072" total="2092630016" percent="98">
    <mem type="nursery" free="0" total="3932160" percent="0">
      <mem type="allocate" free="0" total="2555904" percent="0" />
      <mem type="survivor" free="0" total="1376256" percent="0" />
    </mem>
    <mem type="tenure" free="2063428072" total="2088697856" percent="98">
      <mem type="soa" free="1938106856" total="1963376640" percent="98" />
      <mem type="loa" free="125321216" total="125321216" percent="100" />
    </mem>
    <remembered-set count="880" />
  </mem-info>
</gc-start>
<allocation-stats totalBytes="1572712" >
  <allocated-bytes non-tlh="72" tlh="1572640" />
  <largest-consumer threadName="main" threadId="0000000002213700" bytes="1572712" />
</allocation-stats>
<gc-op id="2657" type="scavenge" timems="1.712" contextid="2654" timestamp="2019-06-16T21:30:59.736">
  <scavenger-info tenureage="13" tenuremask="6000" tiltratio="65" />
  <memory-copied type="nursery" objects="15212" bytes="962872" bytesdiscarded="188832" />
  <references type="soft" candidates="633" cleared="0" enqueued="0" dynamicThreshold="31" maxThreshold="32" />
  <references type="weak" candidates="48" cleared="0" enqueued="0" />
  <references type="phantom" candidates="1" cleared="0" enqueued="0" />
</gc-op>
<gc-end id="2658" type="scavenge" contextid="2654" durationms="2.050" usertimems="4.000" systemtimems="0.000" timestamp="2019-06-16T21:30:59.736" activeThreads="4">
  <mem-info id="2659" free="2064963224" total="2092630016" percent="98">
    <mem type="nursery" free="1535152" total="3932160" percent="39">
      <mem type="allocate" free="1535152" total="2686976" percent="57" />
      <mem type="survivor" free="0" total="1245184" percent="0" />
    </mem>
    <mem type="tenure" free="2063428072" total="2088697856" percent="98" macro-fragmented="1800196">
      <mem type="soa" free="1938106856" total="1963376640" percent="98" />
      <mem type="loa" free="125321216" total="125321216" percent="100" />
    </mem>
    <remembered-set count="436" />
  </mem-info>
</gc-end>
<cycle-end id="2660" type="scavenge" contextid="2654" timestamp="2019-06-16T21:30:59.737" />
  <attribute name="elasticGC enabled" value="1" />
  <attribute name= "numThreadsSpecified" value="4" />
  <attribute name="heapSize specified" value="9371648" />
  <attribute name="Current GC Util" value="70" />
  <attribute name= "Current Time Running" value="45700" />
  <attribute name ="GC Interval" value="200" />
  <attribute name="ProportionalT" value="25.000000" />
  <attribute name="ProportionalI" value="25.000000" />
  <attribute name="ProportionalH" value="25.000000" />
  <attribute name="Current Error" value="50.000000" />
  <attribute name="IntegralT" value="100.000000" />
  <attribute name="IntegralI" value="100.000000" />
  <attribute name="IntegralH" value="100.000000" />
  <attribute name="DerivativeT" value="7.750000" />
  <attribute name="DerivativeI" value="7.750000" />
  <attribute name="DerivativeH" value="7.750000" />
  <attribute name="Loop Time for DT" value="4.000000" />
  <attribute name="Output H" value="8388608"/>
  <attribute name="Output I" value="200"/>
  <attribute name="Output T" value="4"/>
  <attribute name="Target GC Util Change" value ="20.000000" />
  <attribute name="Current GC Util Change" value="70.000000"/>
  <attribute name="GC Util currently" value="70" />
  <attribute name="CPU Util currently" value="1020299862690" />
<allocation-satisfied id="2661" threadId="0000000002213700" bytesRequested="24" />
<af-end id="2662" timestamp="2019-06-16T21:30:59.737" threadId="0000000002214088" success="true" from="nursery"/>
<exclusive-end id="2663" timestamp="2019-06-16T21:30:59.737" durationms="2.619" />

<exclusive-start id="2664" timestamp="2019-06-16T21:30:59.739" intervalms="4.507">
  <response-info timems="0.063" idlems="0.063" threads="0" lastid="0000000002213700" lastname="main" />
</exclusive-start>
<af-start id="2665" threadId="0000000002214088" totalBytesRequested="24" timestamp="2019-06-16T21:30:59.739" intervalms="4.468" type="nursery" />
<cycle-start id="2666" type="scavenge" contextid="0" timestamp="2019-06-16T21:30:59.739" intervalms="4.471" />
<gc-start id="2667" type="scavenge" contextid="2666" timestamp="2019-06-16T21:30:59.739">
  <mem-info id="2668" free="2063428072" total="2092630016" percent="98">
    <mem type="nursery" free="0" total="3932160" percent="0">
      <mem type="allocate" free="0" total="2686976" percent="0" />
      <mem type="survivor" free="0" total="1245184" percent="0" />
    </mem>
    <mem type="tenure" free="2063428072" total="2088697856" percent="98">
      <mem type="soa" free="1938106856" total="1963376640" percent="98" />
      <mem type="loa" free="125321216" total="125321216" percent="100" />
    </mem>
    <remembered-set count="436" />
  </mem-info>
</gc-start>
<allocation-stats totalBytes="1534992" >
  <allocated-bytes non-tlh="24" tlh="1534968" />
  <largest-consumer threadName="main" threadId="0000000002213700" bytes="1534992" />
</allocation-stats>
<gc-op id="2669" type="scavenge" timems="1.705" contextid="2666" timestamp="2019-06-16T21:30:59.741">
  <scavenger-info tenureage="2" tenuremask="701c" tiltratio="68" />
  <memory-copied type="nursery" objects="5933" bytes="215560" bytesdiscarded="173048" />
  <memory-copied type="tenure" objects="12030" bytes="848488" bytesdiscarded="240" />
</gc-op>
<gc-end id="2670" type="scavenge" contextid="2666" durationms="2.055" usertimems="0.000" systemtimems="4.000" timestamp="2019-06-16T21:30:59.741" activeThreads="4">
  <mem-info id="2671" free="2064838944" total="2092630016" percent="98">
    <mem type="nursery" free="2363904" total="3932160" percent="60">
      <mem type="allocate" free="2363904" total="2752512" percent="85" />
      <mem type="survivor" free="0" total="1179648" percent="0" />
    </mem>
    <mem type="tenure" free="2062475040" total="2088697856" percent="98" macro-fragmented="27173">
      <mem type="soa" free="1937153824" total="1963376640" percent="98" />
      <mem type="loa" free="125321216" total="125321216" percent="100" />
    </mem>
    <remembered-set count="627" />
  </mem-info>
</gc-end>
<cycle-end id="2672" type="scavenge" contextid="2666" timestamp="2019-06-16T21:30:59.741" />
  <attribute name="elasticGC enabled" value="1" />
  <attribute name= "numThreadsSpecified" value="4" />
  <attribute name="heapSize specified" value="9371648" />
  <attribute name="Current GC Util" value="95" />
  <attribute name= "Current Time Running" value="45705" />
  <attribute name ="GC Interval" value="232" />
  <attribute name="ProportionalT" value="37.500000" />
  <attribute name="ProportionalI" value="37.500000" />
  <attribute name="ProportionalH" value="37.500000" />
  <attribute name="Current Error" value="75.000000" />
  <attribute name="IntegralT" value="187.500000" />
  <attribute name="IntegralI" value="187.500000" />
  <attribute name="IntegralH" value="187.500000" />
  <attribute name="DerivativeT" value="5.000000" />
  <attribute name="DerivativeI" value="5.000000" />
  <attribute name="DerivativeH" value="5.000000" />
  <attribute name="Loop Time for DT" value="5.000000" />
  <attribute name="Output H" value="8388608"/>
  <attribute name="Output I" value="232"/>
  <attribute name="Output T" value="4"/>
  <attribute name="Target GC Util Change" value ="20.000000" />
  <attribute name="Current GC Util Change" value="95.000000"/>
  <attribute name="GC Util currently" value="95" />
  <attribute name="CPU Util currently" value="1029985748201" />
<allocation-satisfied id="2673" threadId="0000000002213700" bytesRequested="24" />
<af-end id="2674" timestamp="2019-06-16T21:30:59.741" threadId="0000000002214088" success="true" from="nursery"/>
<exclusive-end id="2675" timestamp="2019-06-16T21:30:59.741" durationms="2.599" />

<exclusive-start id="2676" timestamp="2019-06-16T21:30:59.746" intervalms="7.642">
  <response-info timems="0.055" idlems="0.055" threads="0" lastid="0000000002213700" lastname="main" />
</exclusive-start>
<af-start id="2677" threadId="0000000002214088" totalBytesRequested="56" timestamp="2019-06-16T21:30:59.746" intervalms="7.685" type="nursery" />
<cycle-start id="2678" type="scavenge" contextid="0" timestamp="2019-06-16T21:30:59.746" intervalms="7.689" />
<gc-start id="2679" type="scavenge" contextid="2678" timestamp="2019-06-16T21:30:59.747">
  <mem-info id="2680" free="2062475040" total="2092630016" percent="98">
    <mem type="nursery" free="0" total="3932160" percent="0">
      <mem type="allocate" free="0" total="2752512" percent="0" />
      <mem type="survivor" free="0" total="1179648" percent="0" />
    </mem>
    <mem type="tenure" free="2062475040" total="2088697856" percent="98">
      <mem type="soa" free="1937153824" total="1963376640" percent="98" />
      <mem type="loa" free="125321216" total="125321216" percent="100" />
    </mem>
    <remembered-set count="956" />
  </mem-info>
</gc-start>
<allocation-stats totalBytes="2363672" >
  <allocated-bytes non-tlh="24" tlh="2363648" />
  <largest-consumer threadName="main" threadId="0000000002213700" bytes="2363672" />
</allocation-stats>
<gc-op id="2681" type="scavenge" timems="1.182" contextid="2678" timestamp="2019-06-16T21:30:59.748">
  <scavenger-info tenureage="13" tenuremask="6000" tiltratio="70" />
  <memory-copied type="nursery" objects="11111" bytes="443808" bytesdiscarded="65376" />
</gc-op>
<gc-end id="2682" type="scavenge" contextid="2678" durationms="1.644" usertimems="4.000" systemtimems="0.000" timestamp="2019-06-16T21:30:59.748" activeThreads="4">
  <mem-info id="2683" free="2064783904" total="2092630016" percent="98">
    <mem type="nursery" free="2308864" total="3932160" percent="58">
      <mem type="allocate" free="2308864" total="2818048" percent="81" />
      <mem type="survivor" free="0" total="1114112" percent="0" />
    </mem>
    <mem type="tenure" free="2062475040" total="2088697856" percent="98" macro-fragmented="0">
      <mem type="soa" free="1937153824" total="1963376640" percent="98" />
      <mem type="loa" free="125321216" total="125321216" percent="100" />
    </mem>
    <remembered-set count="953" />
  </mem-info>
</gc-end>
<cycle-end id="2684" type="scavenge" contextid="2678" timestamp="2019-06-16T21:30:59.748" />
  <attribute name="elasticGC enabled" value="1" />
  <attribute name= "numThreadsSpecified" value="4" />
  <attribute name="heapSize specified" value="9371648" />
  <attribute name="Current GC Util" value="54" />
  <attribute name= "Current Time Running" value="45713" />
  <attribute name ="GC Interval" value="200" />
  <attribute name="ProportionalT" value="17.000000" />
  <attribute name="ProportionalI" value="17.000000" />
  <attribute name="ProportionalH" value="17.000000" />
  <attribute name="Current Error" value="34.000000" />
  <attribute name="IntegralT" value="136.000000" />
  <attribute name="IntegralI" value="136.000000" />
  <attribute name="IntegralH" value="136.000000" />
  <attribute name="DerivativeT" value="-5.125000" />
  <attribute name="DerivativeI" value="-5.125000" />
  <attribute name="DerivativeH" value="-5.125000" />
  <attribute name="Loop Time for DT" value="8.000000" />
  <attribute name="Output H" value="8388608"/>
  <attribute name="Output I" value="200"/>
  <attribute name="Output T" value="4"/>
  <attribute name="Target GC Util Change" value ="20.000000" />
  <attribute name="Current GC Util Change" value="54.000000"/>
  <attribute name="GC Util currently" value="54" />
  <attribute name="CPU Util currently" value="593163873803" />
<allocation-satisfied id="2685" threadId="0000000002213700" bytesRequested="56" />
<af-end id="2686" timestamp="2019-06-16T21:30:59.748" threadId="0000000002214088" success="true" from="nursery"/>
<exclusive-end id="2687" timestamp="2019-06-16T21:30:59.749" durationms="2.234" />

<exclusive-start id="2688" timestamp="2019-06-16T21:30:59.822" intervalms="75.324">
  <response-info timems="0.065" idlems="0.065" threads="0" lastid="0000000002213700" lastname="main" />
</exclusive-start>
<af-start id="2689" threadId="0000000002214088" totalBytesRequested="200008" timestamp="2019-06-16T21:30:59.822" intervalms="75.465" type="nursery" />
<cycle-start id="2690" type="scavenge" contextid="0" timestamp="2019-06-16T21:30:59.822" intervalms="75.572" />
<gc-start id="2691" type="scavenge" contextid="2690" timestamp="2019-06-16T21:30:59.822">
  <mem-info id="2692" free="2062601696" total="2092630016" percent="98">
    <mem type="nursery" free="146176" total="3932160" percent="3">
      <mem type="allocate" free="146176" total="2818048" percent="5" />
      <mem type="survivor" free="0" total="1114112" percent="0" />
    </mem>
    <mem type="tenure" free="2062455520" total="2088697856" percent="98">
      <mem type="soa" free="1937134304" total="1963376640" percent="98" />
      <mem type="loa" free="125321216" total="125321216" percent="100" />
    </mem>
    <remembered-set count="1133" />
  </mem-info>
</gc-start>
<allocation-stats totalBytes="2181792" >
  <allocated-bytes non-tlh="19576" tlh="2162216" />
  <largest-consumer threadName="main" threadId="0000000002213700" bytes="2181792" />
</allocation-stats>
<gc-op id="2693" type="scavenge" timems="2.935" contextid="2690" timestamp="2019-06-16T21:30:59.826">
  <scavenger-info tenureage="13" tenuremask="6000" tiltratio="71" />
  <memory-copied type="nursery" objects="10613" bytes="485936" bytesdiscarded="61720" />
  <references type="soft" candidates="144" cleared="0" enqueued="0" dynamicThreshold="31" maxThreshold="32" />
  <references type="weak" candidates="71" cleared="1" enqueued="1" />
  <references type="phantom" candidates="1" cleared="0" enqueued="0" />
</gc-op>
<gc-end id="2694" type="scavenge" contextid="2690" durationms="3.762" usertimems="8.000" systemtimems="0.000" timestamp="2019-06-16T21:30:59.826" activeThreads="4">
  <mem-info id="2695" free="2064856776" total="2092630016" percent="98">
    <mem type="nursery" free="2401256" total="3932160" percent="61">
      <mem type="allocate" free="2401256" total="2949120" percent="81" />
      <mem type="survivor" free="0" total="983040" percent="0" />
    </mem>
    <mem type="tenure" free="2062455520" total="2088697856" percent="98" macro-fragmented="0">
      <mem type="soa" free="1937134304" total="1963376640" percent="98" />
      <mem type="loa" free="125321216" total="125321216" percent="100" />
    </mem>
    <pending-finalizers system="0" default="0" reference="1" classloader="0" />
    <remembered-set count="1122" />
  </mem-info>
</gc-end>
<cycle-end id="2696" type="scavenge" contextid="2690" timestamp="2019-06-16T21:30:59.826" />
  <attribute name="elasticGC enabled" value="1" />
  <attribute name= "numThreadsSpecified" value="4" />
  <attribute name="heapSize specified" value="9371648" />
  <attribute name="Current GC Util" value="3" />
  <attribute name= "Current Time Running" value="45788" />
  <attribute name ="GC Interval" value="200" />
  <attribute name="ProportionalT" value="-8.500000" />
  <attribute name="ProportionalI" value="-8.500000" />
  <attribute name="ProportionalH" value="-8.500000" />
  <attribute name="Current Error" value="-17.000000" />
  <attribute name="IntegralT" value="-637.500000" />
  <attribute name="IntegralI" value="-637.500000" />
  <attribute name="IntegralH" value="-637.500000" />
  <attribute name="DerivativeT" value="-0.680000" />
  <attribute name="DerivativeI" value="-0.680000" />
  <attribute name="DerivativeH" value="-0.680000" />
  <attribute name="Loop Time for DT" value="75.000000" />
  <attribute name="Output H" value="2092630016"/>
  <attribute name="Output I" value="200"/>
  <attribute name="Output T" value="4"/>
  <attribute name="Target GC Util Change" value ="20.000000" />
  <attribute name="Current GC Util Change" value="3.000000"/>
  <attribute name="GC Util currently" value="3" />
  <attribute name="CPU Util currently" value="60799320817" />
<allocation-satisfied id="2697" threadId="0000000002213700" bytesRequested="200008" />
<af-end id="2698" timestamp="2019-06-16T21:30:59.826" threadId="0000000002214088" success="true" from="nursery"/>
<exclusive-end id="2699" timestamp="2019-06-16T21:30:59.827" durationms="4.993" />

<exclusive-start id="2700" timestamp="2019-06-16T21:30:59.834" intervalms="12.266">
  <response-info timems="0.087" idlems="0.087" threads="0" lastid="0000000002213700" lastname="main" />
</exclusive-start>
<af-start id="2701" threadId="0000000002214088" totalBytesRequested="32" timestamp="2019-06-16T21:30:59.834" intervalms="12.120" type="nursery" />
<cycle-start id="2702" type="scavenge" contextid="0" timestamp="2019-06-16T21:30:59.834" intervalms="11.990" />
<gc-start id="2703" type="scavenge" contextid="2702" timestamp="2019-06-16T21:30:59.834">
  <mem-info id="2704" free="2062455520" total="2092630016" percent="98">
    <mem type="nursery" free="0" total="3932160" percent="0">
      <mem type="allocate" free="0" total="2949120" percent="0" />
      <mem type="survivor" free="0" total="983040" percent="0" />
    </mem>
    <mem type="tenure" free="2062455520" total="2088697856" percent="98">
      <mem type="soa" free="1937134304" total="1963376640" percent="98" />
      <mem type="loa" free="125321216" total="125321216" percent="100" />
    </mem>
    <remembered-set count="1122" />
  </mem-info>
</gc-start>
<allocation-stats totalBytes="2400976" >
  <allocated-bytes non-tlh="200008" tlh="2200968" />
  <largest-consumer threadName="main" threadId="0000000002213700" bytes="2400976" />
</allocation-stats>
<gc-op id="2705" type="scavenge" timems="3.215" contextid="2702" timestamp="2019-06-16T21:30:59.837">
  <scavenger-info tenureage="13" tenuremask="6000" tiltratio="75" />
  <memory-copied type="nursery" objects="14668" bytes="913888" bytesdiscarded="69024" />
  <memory-copied type="tenure" objects="1295" bytes="48208" bytesdiscarded="0" />
  <copy-failed type="nursery" objects="1295" bytes="48208" />
  <references type="soft" candidates="144" cleared="0" enqueued="0" dynamicThreshold="31" maxThreshold="32" />
  <references type="weak" candidates="70" cleared="0" enqueued="0" />
  <references type="phantom" candidates="1" cleared="0" enqueued="0" />
</gc-op>
<gc-end id="2706" type="scavenge" contextid="2702" durationms="3.808" usertimems="8.000" systemtimems="0.000" timestamp="2019-06-16T21:30:59.838" activeThreads="4">
  <mem-info id="2707" free="2063792608" total="2092630016" percent="98">
    <mem type="nursery" free="1376256" total="3932160" percent="35">
      <mem type="allocate" free="1376256" total="2359296" percent="58" />
      <mem type="survivor" free="0" total="1572864" percent="0" />
    </mem>
    <mem type="tenure" free="2062416352" total="2088697856" percent="98" macro-fragmented="800032">
      <mem type="soa" free="1937095136" total="1963376640" percent="98" />
      <mem type="loa" free="125321216" total="125321216" percent="100" />
    </mem>
    <remembered-set count="1901" />
  </mem-info>
</gc-end>
<cycle-end id="2708" type="scavenge" contextid="2702" timestamp="2019-06-16T21:30:59.838" />
  <attribute name="elasticGC enabled" value="1" />
  <attribute name= "numThreadsSpecified" value="4" />
  <attribute name="heapSize specified" value="9371648" />
  <attribute name="Current GC Util" value="51" />
  <attribute name= "Current Time Running" value="45800" />
  <attribute name ="GC Interval" value="208" />
  <attribute name="ProportionalT" value="15.500000" />
  <attribute name="ProportionalI" value="15.500000" />
  <attribute name="ProportionalH" value="15.500000" />
  <attribute name="Current Error" value="31.000000" />
  <attribute name="IntegralT" value="186.000000" />
  <attribute name="IntegralI" value="186.000000" />
  <attribute name="IntegralH" value="186.000000" />
  <attribute name="DerivativeT" value="2.583333" />
  <attribute name="DerivativeI" value="2.583333" />
  <attribute name="DerivativeH" value="2.583333" />
  <attribute name="Loop Time for DT" value="12.000000" />
  <attribute name="Output H" value="8388608"/>
  <attribute name="Output I" value="208"/>
  <attribute name="Output T" value="4"/>
  <attribute name="Target GC Util Change" value ="20.000000" />
  <attribute name="Current GC Util Change" value="51.000000"/>
  <attribute name="GC Util currently" value="51" />
  <attribute name="CPU Util currently" value="395357473853" />
<allocation-satisfied id="2709" threadId="0000000002213700" bytesRequested="32" />
<af-end id="2710" timestamp="2019-06-16T21:30:59.838" threadId="0000000002214088" success="true" from="nursery"/>
<exclusive-end id="2711" timestamp="2019-06-16T21:30:59.839" durationms="4.709" />

<exclusive-start id="2712" timestamp="2019-06-16T21:30:59.841" intervalms="7.050">
  <response-info timems="0.070" idlems="0.070" threads="0" lastid="0000000002213700" lastname="main" />
</exclusive-start>
<af-start id="2713" threadId="0000000002214088" totalBytesRequested="32" timestamp="2019-06-16T21:30:59.841" intervalms="7.028" type="nursery" />
<cycle-start id="2714" type="scavenge" contextid="0" timestamp="2019-06-16T21:30:59.841" intervalms="7.016" />
<gc-start id="2715" type="scavenge" contextid="2714" timestamp="2019-06-16T21:30:59.841">
  <mem-info id="2716" free="2062416352" total="2092630016" percent="98">
    <mem type="nursery" free="0" total="3932160" percent="0">
      <mem type="allocate" free="0" total="2359296" percent="0" />
      <mem type="survivor" free="0" total="1572864" percent="0" />
    </mem>
    <mem type="tenure" free="2062416352" total="2088697856" percent="98">
      <mem type="soa" free="1937095136" total="1963376640" percent="98" />
      <mem type="loa" free="125321216" total="125321216" percent="100" />
    </mem>
    <remembered-set count="1901" />
  </mem-info>
</gc-start>
<allocation-stats totalBytes="1376056" >
  <allocated-bytes non-tlh="32" tlh="1376024" />
  <largest-consumer threadName="main" threadId="0000000002213700" bytes="1376056" />
</allocation-stats>
<gc-op id="2717" type="scavenge" timems="2.519" contextid="2714" timestamp="2019-06-16T21:30:59.844">
  <scavenger-info tenureage="3" tenuremask="7038" tiltratio="60" />
  <memory-copied type="nursery" objects="9394" bytes="704016" bytesdiscarded="90064" />
  <memory-copied type="tenure" objects="7233" bytes="285232" bytesdiscarded="192" />
  <references type="soft" candidates="144" cleared="0" enqueued="0" dynamicThreshold="31" maxThreshold="32" />
  <references type="weak" candidates="70" cleared="0" enqueued="0" />
  <references type="phantom" candidates="1" cleared="0" enqueued="0" />
</gc-op>
<gc-end id="2718" type="scavenge" contextid="2714" durationms="2.952" usertimems="8.000" systemtimems="0.000" timestamp="2019-06-16T21:30:59.844" activeThreads="4">
  <mem-info id="2719" free="2063811968" total="2092630016" percent="98">
    <mem type="nursery" free="1630624" total="3932160" percent="41">
      <mem type="allocate" free="1630624" total="2424832" percent="67" />
      <mem type="survivor" free="0" total="1507328" percent="0" />
    </mem>
    <mem type="tenure" free="2062181344" total="2088697856" percent="98" macro-fragmented="0">
      <mem type="soa" free="1936860128" total="1963376640" percent="98" />
      <mem type="loa" free="125321216" total="125321216" percent="100" />
    </mem>
    <remembered-set count="239" />
  </mem-info>
</gc-end>
<cycle-end id="2720" type="scavenge" contextid="2714" timestamp="2019-06-16T21:30:59.844" />
  <attribute name="elasticGC enabled" value="1" />
  <attribute name= "numThreadsSpecified" value="4" />
  <attribute name="heapSize specified" value="9371648" />
  <attribute name="Current GC Util" value="92" />
  <attribute name= "Current Time Running" value="45807" />
  <attribute name ="GC Interval" value="296" />
  <attribute name="ProportionalT" value="36.000000" />
  <attribute name="ProportionalI" value="36.000000" />
  <attribute name="ProportionalH" value="36.000000" />
  <attribute name="Current Error" value="72.000000" />
  <attribute name="IntegralT" value="252.000000" />
  <attribute name="IntegralI" value="252.000000" />
  <attribute name="IntegralH" value="252.000000" />
  <attribute name="DerivativeT" value="5.857143" />
  <attribute name="DerivativeI" value="5.857143" />
  <attribute name="DerivativeH" value="5.857143" />
  <attribute name="Loop Time for DT" value="7.000000" />
  <attribute name="Output H" value="8388608"/>
  <attribute name="Output I" value="296"/>
  <attribute name="Output T" value="4"/>
  <attribute name="Target GC Util Change" value ="20.000000" />
  <attribute name="Current GC Util Change" value="92.000000"/>
  <attribute name="GC Util currently" value="92" />
  <attribute name="CPU Util currently" value="660850158593" />
<allocation-satisfied id="2721" threadId="0000000002213700" bytesRequested="32" />
<af-end id="2722" timestamp="2019-06-16T21:30:59.844" threadId="0000000002214088" success="true" from="nursery"/>
<exclusive-end id="2723" timestamp="2019-06-16T21:30:59.844" durationms="3.511" />

<exclusive-start id="2724" timestamp="2019-06-16T21:30:59.848" intervalms="6.997">
  <response-info timems="0.067" idlems="0.067" threads="0" lastid="0000000002213700" lastname="main" />
</exclusive-start>
<af-start id="2725" threadId="0000000002214088" totalBytesRequested="104" timestamp="2019-06-16T21:30:59.848" intervalms="6.994" type="nursery" />
<cycle-start id="2726" type="scavenge" contextid="0" timestamp="2019-06-16T21:30:59.848" intervalms="6.988" />
<gc-start id="2727" type="scavenge" contextid="2726" timestamp="2019-06-16T21:30:59.848">
  <mem-info id="2728" free="2062181344" total="2092630016" percent="98">
    <mem type="nursery" free="0" total="3932160" percent="0">
      <mem type="allocate" free="0" total="2424832" percent="0" />
      <mem type="survivor" free="0" total="1507328" percent="0" />
    </mem>
    <mem type="tenure" free="2062181344" total="2088697856" percent="98">
      <mem type="soa" free="1936860128" total="1963376640" percent="98" />
      <mem type="loa" free="125321216" total="125321216" percent="100" />
    </mem>
    <remembered-set count="239" />
  </mem-info>
</gc-start>
<allocation-stats totalBytes="1630312" >
  <allocated-bytes non-tlh="32" tlh="1630280" />
  <largest-consumer threadName="main" threadId="0000000002213700" bytes="1630312" />
</allocation-stats>
<gc-op id="2729" type="scavenge" timems="1.542" contextid="2726" timestamp="2019-06-16T21:30:59.850">
  <scavenger-info tenureage="3" tenuremask="7008" tiltratio="61" />
  <memory-copied type="nursery" objects="8340" bytes="381080" bytesdiscarded="42104" />
  <memory-copied type="tenure" objects="2049" bytes="115240" bytesdiscarded="64" />
</gc-op>
<gc-end id="2730" type="scavenge" contextid="2726" durationms="1.950" usertimems="4.000" systemtimems="0.000" timestamp="2019-06-16T21:30:59.850" activeThreads="4">
  <mem-info id="2731" free="2064157880" total="2092630016" percent="98">
    <mem type="nursery" free="2132720" total="3932160" percent="54">
      <mem type="allocate" free="2132720" total="2555904" percent="83" />
      <mem type="survivor" free="0" total="1376256" percent="0" />
    </mem>
    <mem type="tenure" free="2062025160" total="2088697856" percent="98" macro-fragmented="3110739">
      <mem type="soa" free="1936703944" total="1963376640" percent="98" />
      <mem type="loa" free="125321216" total="125321216" percent="100" />
    </mem>
    <remembered-set count="97" />
  </mem-info>
</gc-end>
<cycle-end id="2732" type="scavenge" contextid="2726" timestamp="2019-06-16T21:30:59.850" />
  <attribute name="elasticGC enabled" value="1" />
  <attribute name= "numThreadsSpecified" value="4" />
  <attribute name="heapSize specified" value="9371648" />
  <attribute name="Current GC Util" value="72" />
  <attribute name= "Current Time Running" value="45814" />
  <attribute name ="GC Interval" value="208" />
  <attribute name="ProportionalT" value="26.000000" />
  <attribute name="ProportionalI" value="26.000000" />
  <attribute name="ProportionalH" value="26.000000" />
  <attribute name="Current Error" value="52.000000" />
  <attribute name="IntegralT" value="182.000000" />
  <attribute name="IntegralI" value="182.000000" />
  <attribute name="IntegralH" value="182.000000" />
  <attribute name="DerivativeT" value="-2.857143" />
  <attribute name="DerivativeI" value="-2.857143" />
  <attribute name="DerivativeH" value="-2.857143" />
  <attribute name="Loop Time for DT" value="7.000000" />
  <attribute name="Output H" value="8388608"/>
  <attribute name="Output I" value="208"/>
  <attribute name="Output T" value="4"/>
  <attribute name="Target GC Util Change" value ="20.000000" />
  <attribute name="Current GC Util Change" value="72.000000"/>
  <attribute name="GC Util currently" value="72" />
  <attribute name="CPU Util currently" value="661716369513" />
<allocation-satisfied id="2733" threadId="0000000002213700" bytesRequested="104" />
<af-end id="2734" timestamp="2019-06-16T21:30:59.850" threadId="0000000002214088" success="true" from="nursery"/>
<exclusive-end id="2735" timestamp="2019-06-16T21:30:59.850" durationms="2.350" />

<exclusive-start id="2736" timestamp="2019-06-16T21:30:59.892" intervalms="44.429">
  <response-info timems="0.035" idlems="0.035" threads="0" lastid="0000000002213700" lastname="main" />
</exclusive-start>
<af-start id="2737" threadId="0000000002214088" totalBytesRequested="1932752" timestamp="2019-06-16T21:30:59.892" intervalms="44.439" type="nursery" />
<cycle-start id="2738" type="scavenge" contextid="0" timestamp="2019-06-16T21:30:59.892" intervalms="44.438" />
<gc-start id="2739" type="scavenge" contextid="2738" timestamp="2019-06-16T21:30:59.893">
  <mem-info id="2740" free="2062128672" total="2092630016" percent="98">
    <mem type="nursery" free="117760" total="3932160" percent="2">
      <mem type="allocate" free="117760" total="2555904" percent="4" />
      <mem type="survivor" free="0" total="1376256" percent="0" />
    </mem>
    <mem type="tenure" free="2062010912" total="2088697856" percent="98">
      <mem type="soa" free="1936689696" total="1963376640" percent="98" />
      <mem type="loa" free="125321216" total="125321216" percent="100" />
    </mem>
    <remembered-set count="195" />
  </mem-info>
</gc-start>
<allocation-stats totalBytes="2029072" >
  <allocated-bytes non-tlh="980736" tlh="1048336" />
  <largest-consumer threadName="main" threadId="0000000002213700" bytes="2029072" />
</allocation-stats>
<gc-op id="2741" type="scavenge" timems="1.179" contextid="2738" timestamp="2019-06-16T21:30:59.894">
  <scavenger-info tenureage="12" tenuremask="7000" tiltratio="65" />
  <memory-copied type="nursery" objects="449" bytes="1060728" bytesdiscarded="117880" />
  <finalization candidates="3" enqueued="1" />
  <references type="soft" candidates="1" cleared="0" enqueued="0" dynamicThreshold="31" maxThreshold="32" />
  <references type="weak" candidates="32" cleared="3" enqueued="3" />
  <references type="phantom" candidates="3" cleared="0" enqueued="0" />
</gc-op>
<gc-end id="2742" type="scavenge" contextid="2738" durationms="1.535" usertimems="0.000" systemtimems="0.000" timestamp="2019-06-16T21:30:59.894" activeThreads="4">
  <mem-info id="2743" free="2062994912" total="2092630016" percent="98">
    <mem type="nursery" free="984000" total="3932160" percent="25">
      <mem type="allocate" free="984000" total="2162688" percent="45" />
      <mem type="survivor" free="0" total="1769472" percent="0" />
    </mem>
    <mem type="tenure" free="2062010912" total="2088697856" percent="98" macro-fragmented="655400">
      <mem type="soa" free="1936689696" total="1963376640" percent="98" />
      <mem type="loa" free="125321216" total="125321216" percent="100" />
    </mem>
    <pending-finalizers system="0" default="1" reference="3" classloader="0" />
    <remembered-set count="192" />
  </mem-info>
</gc-end>
<cycle-end id="2744" type="scavenge" contextid="2738" timestamp="2019-06-16T21:30:59.894" />
  <attribute name="elasticGC enabled" value="1" />
  <attribute name= "numThreadsSpecified" value="4" />
  <attribute name="heapSize specified" value="9371648" />
  <attribute name="Current GC Util" value="8" />
  <attribute name= "Current Time Running" value="45859" />
  <attribute name ="GC Interval" value="200" />
  <attribute name="ProportionalT" value="-6.000000" />
  <attribute name="ProportionalI" value="-6.000000" />
  <attribute name="ProportionalH" value="-6.000000" />
  <attribute name="Current Error" value="-12.000000" />
  <attribute name="IntegralT" value="-270.000000" />
  <attribute name="IntegralI" value="-270.000000" />
  <attribute name="IntegralH" value="-270.000000" />
  <attribute name="DerivativeT" value="-1.422222" />
  <attribute name="DerivativeI" value="-1.422222" />
  <attribute name="DerivativeH" value="-1.422222" />
  <attribute name="Loop Time for DT" value="45.000000" />
  <attribute name="Output H" value="2092630016"/>
  <attribute name="Output I" value="200"/>
  <attribute name="Output T" value="4"/>
  <attribute name="Target GC Util Change" value ="20.000000" />
  <attribute name="Current GC Util Change" value="8.000000"/>
  <attribute name="GC Util currently" value="8" />
  <attribute name="CPU Util currently" value="103760013116" />
<allocation-satisfied id="2745" threadId="0000000002213700" bytesRequested="1932752" />
<af-end id="2746" timestamp="2019-06-16T21:30:59.895" threadId="0000000002214088" success="true" from="tenure-soa"/>
<exclusive-end id="2747" timestamp="2019-06-16T21:30:59.895" durationms="2.776" />

<exclusive-start id="2748" timestamp="2019-06-16T21:30:59.983" intervalms="90.299">
  <response-info timems="0.043" idlems="0.043" threads="0" lastid="0000000002213700" lastname="main" />
</exclusive-start>
<af-start id="2749" threadId="0000000002214088" totalBytesRequested="80" timestamp="2019-06-16T21:30:59.983" intervalms="90.379" type="nursery" />
<cycle-start id="2750" type="scavenge" contextid="0" timestamp="2019-06-16T21:30:59.983" intervalms="90.431" />
<gc-start id="2751" type="scavenge" contextid="2750" timestamp="2019-06-16T21:30:59.983">
  <mem-info id="2752" free="2060077456" total="2092630016" percent="98">
    <mem type="nursery" free="0" total="3932160" percent="0">
      <mem type="allocate" free="0" total="2162688" percent="0" />
      <mem type="survivor" free="0" total="1769472" percent="0" />
    </mem>
    <mem type="tenure" free="2060077456" total="2088697856" percent="98">
      <mem type="soa" free="1934756240" total="1963376640" percent="98" />
      <mem type="loa" free="125321216" total="125321216" percent="100" />
    </mem>
    <remembered-set count="206" />
  </mem-info>
</gc-start>
<allocation-stats totalBytes="2915600" >
  <allocated-bytes non-tlh="1933456" tlh="982144" />
  <largest-consumer threadName="main" threadId="0000000002213700" bytes="2911504" />
</allocation-stats>
<gc-op id="2753" type="scavenge" timems="1.136" contextid="2750" timestamp="2019-06-16T21:30:59.984">
  <scavenger-info tenureage="11" tenuremask="7800" tiltratio="55" />
  <memory-copied type="nursery" objects="2231" bytes="136640" bytesdiscarded="114752" />
  <finalization candidates="2" enqueued="1" />
  <references type="soft" candidates="1" cleared="0" enqueued="0" dynamicThreshold="31" maxThreshold="32" />
  <references type="weak" candidates="41" cleared="0" enqueued="0" />
  <references type="phantom" candidates="2" cleared="0" enqueued="0" />
</gc-op>
<gc-end id="2754" type="scavenge" contextid="2750" durationms="1.497" usertimems="4.000" systemtimems="0.000" timestamp="2019-06-16T21:30:59.985" activeThreads="4">
  <mem-info id="2755" free="2062054208" total="2092630016" percent="98">
    <mem type="nursery" free="1976752" total="3932160" percent="50">
      <mem type="allocate" free="1976752" total="2228224" percent="88" />
      <mem type="survivor" free="0" total="1703936" percent="0" />
    </mem>
    <mem type="tenure" free="2060077456" total="2088697856" percent="98" macro-fragmented="868149">
      <mem type="soa" free="1934756240" total="1963376640" percent="98" />
      <mem type="loa" free="125321216" total="125321216" percent="100" />
    </mem>
    <pending-finalizers system="0" default="1" reference="0" classloader="0" />
    <remembered-set count="201" />
  </mem-info>
</gc-end>
<cycle-end id="2756" type="scavenge" contextid="2750" timestamp="2019-06-16T21:30:59.985" />
  <attribute name="elasticGC enabled" value="1" />
  <attribute name= "numThreadsSpecified" value="4" />
  <attribute name="heapSize specified" value="9371648" />
  <attribute name="Current GC Util" value="4" />
  <attribute name= "Current Time Running" value="45949" />
  <attribute name ="GC Interval" value="200" />
  <attribute name="ProportionalT" value="-8.000000" />
  <attribute name="ProportionalI" value="-8.000000" />
  <attribute name="ProportionalH" value="-8.000000" />
  <attribute name="Current Error" value="-16.000000" />
  <attribute name="IntegralT" value="-720.000000" />
  <attribute name="IntegralI" value="-720.000000" />
  <attribute name="IntegralH" value="-720.000000" />
  <attribute name="DerivativeT" value="-0.177778" />
  <attribute name="DerivativeI" value="-0.177778" />
  <attribute name="DerivativeH" value="-0.177778" />
  <attribute name="Loop Time for DT" value="90.000000" />
  <attribute name="Output H" value="2092630016"/>
  <attribute name="Output I" value="200"/>
  <attribute name="Output T" value="4"/>
  <attribute name="Target GC Util Change" value ="20.000000" />
  <attribute name="Current GC Util Change" value="4.000000"/>
  <attribute name="GC Util currently" value="4" />
  <attribute name="CPU Util currently" value="50972057033" />
<allocation-satisfied id="2757" threadId="0000000002213700" bytesRequested="80" />
<af-end id="2758" timestamp="2019-06-16T21:30:59.985" threadId="0000000002214088" success="true" from="nursery"/>
<exclusive-end id="2759" timestamp="2019-06-16T21:30:59.985" durationms="2.196" />

<exclusive-start id="2760" timestamp="2019-06-16T21:31:00.034" intervalms="51.423">
  <response-info timems="0.076" idlems="0.076" threads="0" lastid="0000000002213700" lastname="main" />
</exclusive-start>
<af-start id="2761" threadId="0000000002214088" totalBytesRequested="32" timestamp="2019-06-16T21:31:00.034" intervalms="51.412" type="nursery" />
<cycle-start id="2762" type="scavenge" contextid="0" timestamp="2019-06-16T21:31:00.034" intervalms="51.407" />
<gc-start id="2763" type="scavenge" contextid="2762" timestamp="2019-06-16T21:31:00.034">
  <mem-info id="2764" free="2060077392" total="2092630016" percent="98">
    <mem type="nursery" free="0" total="3932160" percent="0">
      <mem type="allocate" free="0" total="2228224" percent="0" />
      <mem type="survivor" free="0" total="1703936" percent="0" />
    </mem>
    <mem type="tenure" free="2060077392" total="2088697856" percent="98">
      <mem type="soa" free="1934756176" total="1963376640" percent="98" />
      <mem type="loa" free="125321216" total="125321216" percent="100" />
    </mem>
    <remembered-set count="202" />
  </mem-info>
</gc-start>
<allocation-stats totalBytes="1973624" >
  <allocated-bytes non-tlh="144" tlh="1973480" />
  <largest-consumer threadName="main" threadId="0000000002213700" bytes="1973624" />
</allocation-stats>
<gc-op id="2765" type="scavenge" timems="1.460" contextid="2762" timestamp="2019-06-16T21:31:00.036">
  <scavenger-info tenureage="12" tenuremask="7000" tiltratio="56" />
  <memory-copied type="nursery" objects="5609" bytes="212088" bytesdiscarded="117664" />
  <finalization candidates="1" enqueued="0" />
  <references type="soft" candidates="1" cleared="0" enqueued="0" dynamicThreshold="31" maxThreshold="32" />
  <references type="weak" candidates="41" cleared="0" enqueued="0" />
  <references type="phantom" candidates="2" cleared="0" enqueued="0" />
</gc-op>
<gc-end id="2766" type="scavenge" contextid="2762" durationms="1.920" usertimems="4.000" systemtimems="0.000" timestamp="2019-06-16T21:31:00.036" activeThreads="4">
  <mem-info id="2767" free="2062303488" total="2092630016" percent="98">
    <mem type="nursery" free="2226096" total="3932160" percent="56">
      <mem type="allocate" free="2226096" total="2555904" percent="87" />
      <mem type="survivor" free="0" total="1376256" percent="0" />
    </mem>
    <mem type="tenure" free="2060077392" total="2088697856" percent="98" macro-fragmented="3110739">
      <mem type="soa" free="1934756176" total="1963376640" percent="98" />
      <mem type="loa" free="125321216" total="125321216" percent="100" />
    </mem>
    <remembered-set count="138" />
  </mem-info>
</gc-end>
<cycle-end id="2768" type="scavenge" contextid="2762" timestamp="2019-06-16T21:31:00.036" />
  <attribute name="elasticGC enabled" value="1" />
  <attribute name= "numThreadsSpecified" value="4" />
  <attribute name="heapSize specified" value="9371648" />
  <attribute name="Current GC Util" value="5" />
  <attribute name= "Current Time Running" value="46001" />
  <attribute name ="GC Interval" value="200" />
  <attribute name="ProportionalT" value="-7.500000" />
  <attribute name="ProportionalI" value="-7.500000" />
  <attribute name="ProportionalH" value="-7.500000" />
  <attribute name="Current Error" value="-15.000000" />
  <attribute name="IntegralT" value="-390.000000" />
  <attribute name="IntegralI" value="-390.000000" />
  <attribute name="IntegralH" value="-390.000000" />
  <attribute name="DerivativeT" value="-0.288462" />
  <attribute name="DerivativeI" value="-0.288462" />
  <attribute name="DerivativeH" value="-0.288462" />
  <attribute name="Loop Time for DT" value="52.000000" />
  <attribute name="Output H" value="2092630016"/>
  <attribute name="Output I" value="200"/>
  <attribute name="Output T" value="4"/>
  <attribute name="Target GC Util Change" value ="20.000000" />
  <attribute name="Current GC Util Change" value="5.000000"/>
  <attribute name="GC Util currently" value="5" />
  <attribute name="CPU Util currently" value="89544659857" />
<allocation-satisfied id="2769" threadId="0000000002213700" bytesRequested="32" />
<af-end id="2770" timestamp="2019-06-16T21:31:00.037" threadId="0000000002214088" success="true" from="nursery"/>
<exclusive-end id="2771" timestamp="2019-06-16T21:31:00.037" durationms="2.499" />

<exclusive-start id="2772" timestamp="2019-06-16T21:31:00.073" intervalms="38.870">
  <response-info timems="0.036" idlems="0.036" threads="0" lastid="0000000002213700" lastname="main" />
</exclusive-start>
<af-start id="2773" threadId="0000000002214088" totalBytesRequested="768" timestamp="2019-06-16T21:31:00.073" intervalms="38.848" type="nursery" />
<cycle-start id="2774" type="scavenge" contextid="0" timestamp="2019-06-16T21:31:00.073" intervalms="38.807" />
<gc-start id="2775" type="scavenge" contextid="2774" timestamp="2019-06-16T21:31:00.073">
  <mem-info id="2776" free="2060077392" total="2092630016" percent="98">
    <mem type="nursery" free="0" total="3932160" percent="0">
      <mem type="allocate" free="0" total="2555904" percent="0" />
      <mem type="survivor" free="0" total="1376256" percent="0" />
    </mem>
    <mem type="tenure" free="2060077392" total="2088697856" percent="98">
      <mem type="soa" free="1934756176" total="1963376640" percent="98" />
      <mem type="loa" free="125321216" total="125321216" percent="100" />
    </mem>
    <remembered-set count="138" />
  </mem-info>
</gc-start>
<allocation-stats totalBytes="2222528" >
  <allocated-bytes non-tlh="32" tlh="2222496" />
  <largest-consumer threadName="main" threadId="0000000002213700" bytes="2222528" />
</allocation-stats>
<gc-op id="2777" type="scavenge" timems="1.400" contextid="2774" timestamp="2019-06-16T21:31:00.075">
  <scavenger-info tenureage="6" tenuremask="6040" tiltratio="65" />
  <memory-copied type="nursery" objects="9542" bytes="281208" bytesdiscarded="94104" />
  <memory-copied type="tenure" objects="4" bytes="32872" bytesdiscarded="0" />
  <finalization candidates="1" enqueued="0" />
  <references type="soft" candidates="1" cleared="0" enqueued="0" dynamicThreshold="31" maxThreshold="32" />
  <references type="weak" candidates="41" cleared="0" enqueued="0" />
  <references type="phantom" candidates="2" cleared="0" enqueued="0" />
</gc-op>
<gc-end id="2778" type="scavenge" contextid="2774" durationms="1.784" usertimems="4.000" systemtimems="0.000" timestamp="2019-06-16T21:31:00.075" activeThreads="4">
  <mem-info id="2779" free="2062454536" total="2092630016" percent="98">
    <mem type="nursery" free="2377144" total="3932160" percent="60">
      <mem type="allocate" free="2377144" total="2752512" percent="86" />
      <mem type="survivor" free="0" total="1179648" percent="0" />
    </mem>
    <mem type="tenure" free="2060077392" total="2088697856" percent="98" macro-fragmented="290741">
      <mem type="soa" free="1934756176" total="1963376640" percent="98" />
      <mem type="loa" free="125321216" total="125321216" percent="100" />
    </mem>
    <remembered-set count="126" />
  </mem-info>
</gc-end>
<cycle-end id="2780" type="scavenge" contextid="2774" timestamp="2019-06-16T21:31:00.075" />
  <attribute name="elasticGC enabled" value="1" />
  <attribute name= "numThreadsSpecified" value="4" />
  <attribute name="heapSize specified" value="9371648" />
  <attribute name="Current GC Util" value="9" />
  <attribute name= "Current Time Running" value="46039" />
  <attribute name ="GC Interval" value="200" />
  <attribute name="ProportionalT" value="-5.500000" />
  <attribute name="ProportionalI" value="-5.500000" />
  <attribute name="ProportionalH" value="-5.500000" />
  <attribute name="Current Error" value="-11.000000" />
  <attribute name="IntegralT" value="-209.000000" />
  <attribute name="IntegralI" value="-209.000000" />
  <attribute name="IntegralH" value="-209.000000" />
  <attribute name="DerivativeT" value="-0.289474" />
  <attribute name="DerivativeI" value="-0.289474" />
  <attribute name="DerivativeH" value="-0.289474" />
  <attribute name="Loop Time for DT" value="38.000000" />
  <attribute name="Output H" value="2092630016"/>
  <attribute name="Output I" value="200"/>
  <attribute name="Output T" value="4"/>
  <attribute name="Target GC Util Change" value ="20.000000" />
  <attribute name="Current GC Util Change" value="9.000000"/>
  <attribute name="GC Util currently" value="9" />
  <attribute name="CPU Util currently" value="119259156786" />
<allocation-satisfied id="2781" threadId="0000000002213700" bytesRequested="768" />
<af-end id="2782" timestamp="2019-06-16T21:31:00.075" threadId="0000000002214088" success="true" from="nursery"/>
<exclusive-end id="2783" timestamp="2019-06-16T21:31:00.075" durationms="2.298" />

<exclusive-start id="2784" timestamp="2019-06-16T21:31:00.110" intervalms="36.613">
  <response-info timems="0.034" idlems="0.034" threads="0" lastid="0000000002213700" lastname="main" />
</exclusive-start>
<af-start id="2785" threadId="0000000002214088" totalBytesRequested="32" timestamp="2019-06-16T21:31:00.110" intervalms="36.616" type="nursery" />
<cycle-start id="2786" type="scavenge" contextid="0" timestamp="2019-06-16T21:31:00.110" intervalms="36.614" />
<gc-start id="2787" type="scavenge" contextid="2786" timestamp="2019-06-16T21:31:00.110">
  <mem-info id="2788" free="2060077392" total="2092630016" percent="98">
    <mem type="nursery" free="0" total="3932160" percent="0">
      <mem type="allocate" free="0" total="2752512" percent="0" />
      <mem type="survivor" free="0" total="1179648" percent="0" />
    </mem>
    <mem type="tenure" free="2060077392" total="2088697856" percent="98">
      <mem type="soa" free="1934756176" total="1963376640" percent="98" />
      <mem type="loa" free="125321216" total="125321216" percent="100" />
    </mem>
    <remembered-set count="126" />
  </mem-info>
</gc-start>
<allocation-stats totalBytes="2374072" >
  <allocated-bytes non-tlh="768" tlh="2373304" />
  <largest-consumer threadName="main" threadId="0000000002213700" bytes="2374072" />
</allocation-stats>
<gc-op id="2789" type="scavenge" timems="1.559" contextid="2786" timestamp="2019-06-16T21:31:00.111">
  <scavenger-info tenureage="3" tenuremask="6018" tiltratio="70" />
  <memory-copied type="nursery" objects="11619" bytes="300080" bytesdiscarded="91360" />
  <memory-copied type="tenure" objects="2123" bytes="90384" bytesdiscarded="16" />
  <finalization candidates="1" enqueued="0" />
</gc-op>
<gc-end id="2790" type="scavenge" contextid="2786" durationms="1.939" usertimems="4.000" systemtimems="0.000" timestamp="2019-06-16T21:31:00.112" activeThreads="4">
  <mem-info id="2791" free="2062499312" total="2092630016" percent="98">
    <mem type="nursery" free="2492144" total="3932160" percent="63">
      <mem type="allocate" free="2492144" total="2883584" percent="86" />
      <mem type="survivor" free="0" total="1048576" percent="0" />
    </mem>
    <mem type="tenure" free="2060007168" total="2088697856" percent="98" macro-fragmented="868149">
      <mem type="soa" free="1934685952" total="1963376640" percent="98" />
      <mem type="loa" free="125321216" total="125321216" percent="100" />
    </mem>
    <remembered-set count="105" />
  </mem-info>
</gc-end>
<cycle-end id="2792" type="scavenge" contextid="2786" timestamp="2019-06-16T21:31:00.112" />
  <attribute name="elasticGC enabled" value="1" />
  <attribute name= "numThreadsSpecified" value="4" />
  <attribute name="heapSize specified" value="9371648" />
  <attribute name="Current GC Util" value="7" />
  <attribute name= "Current Time Running" value="46076" />
  <attribute name ="GC Interval" value="200" />
  <attribute name="ProportionalT" value="-6.500000" />
  <attribute name="ProportionalI" value="-6.500000" />
  <attribute name="ProportionalH" value="-6.500000" />
  <attribute name="Current Error" value="-13.000000" />
  <attribute name="IntegralT" value="-240.500000" />
  <attribute name="IntegralI" value="-240.500000" />
  <attribute name="IntegralH" value="-240.500000" />
  <attribute name="DerivativeT" value="-0.351351" />
  <attribute name="DerivativeI" value="-0.351351" />
  <attribute name="DerivativeH" value="-0.351351" />
  <attribute name="Loop Time for DT" value="37.000000" />
  <attribute name="Output H" value="2092630016"/>
  <attribute name="Output I" value="200"/>
  <attribute name="Output T" value="4"/>
  <attribute name="Target GC Util Change" value ="20.000000" />
  <attribute name="Current GC Util Change" value="7.000000"/>
  <attribute name="GC Util currently" value="7" />
  <attribute name="CPU Util currently" value="125946761102" />
<allocation-satisfied id="2793" threadId="0000000002213700" bytesRequested="32" />
<af-end id="2794" timestamp="2019-06-16T21:31:00.112" threadId="0000000002214088" success="true" from="nursery"/>
<exclusive-end id="2795" timestamp="2019-06-16T21:31:00.112" durationms="2.437" />

<exclusive-start id="2796" timestamp="2019-06-16T21:31:00.146" intervalms="36.409">
  <response-info timems="0.078" idlems="0.078" threads="0" lastid="0000000002213700" lastname="main" />
</exclusive-start>
<af-start id="2797" threadId="0000000002214088" totalBytesRequested="712" timestamp="2019-06-16T21:31:00.146" intervalms="36.398" type="nursery" />
<cycle-start id="2798" type="scavenge" contextid="0" timestamp="2019-06-16T21:31:00.146" intervalms="36.397" />
<gc-start id="2799" type="scavenge" contextid="2798" timestamp="2019-06-16T21:31:00.146">
  <mem-info id="2800" free="2060007168" total="2092630016" percent="98">
    <mem type="nursery" free="0" total="3932160" percent="0">
      <mem type="allocate" free="0" total="2883584" percent="0" />
      <mem type="survivor" free="0" total="1048576" percent="0" />
    </mem>
    <mem type="tenure" free="2060007168" total="2088697856" percent="98">
      <mem type="soa" free="1934685952" total="1963376640" percent="98" />
      <mem type="loa" free="125321216" total="125321216" percent="100" />
    </mem>
    <remembered-set count="108" />
  </mem-info>
</gc-start>
<allocation-stats totalBytes="2488312" >
  <allocated-bytes non-tlh="32" tlh="2488280" />
  <largest-consumer threadName="main" threadId="0000000002213700" bytes="2488312" />
</allocation-stats>
<gc-op id="2801" type="scavenge" timems="1.032" contextid="2798" timestamp="2019-06-16T21:31:00.147">
  <scavenger-info tenureage="3" tenuremask="6008" tiltratio="73" />
  <memory-copied type="nursery" objects="12726" bytes="330128" bytesdiscarded="131200" />
  <memory-copied type="tenure" objects="3343" bytes="80712" bytesdiscarded="16" />
</gc-op>
<gc-end id="2802" type="scavenge" contextid="2798" durationms="1.406" usertimems="0.000" systemtimems="0.000" timestamp="2019-06-16T21:31:00.148" activeThreads="4">
  <mem-info id="2803" free="2062521328" total="2092630016" percent="98">
    <mem type="nursery" free="2553328" total="3932160" percent="64">
      <mem type="allocate" free="2553328" total="3014656" percent="84" />
      <mem type="survivor" free="0" total="917504" percent="0" />
    </mem>
    <mem type="tenure" free="2059968000" total="2088697856" percent="98" macro-fragmented="0">
      <mem type="soa" free="1934646784" total="1963376640" percent="98" />
      <mem type="loa" free="125321216" total="125321216" percent="100" />
    </mem>
    <remembered-set count="136" />
  </mem-info>
</gc-end>
<cycle-end id="2804" type="scavenge" contextid="2798" timestamp="2019-06-16T21:31:00.148" />
  <attribute name="elasticGC enabled" value="1" />
  <attribute name= "numThreadsSpecified" value="4" />
  <attribute name="heapSize specified" value="9371648" />
  <attribute name="Current GC Util" value="9" />
  <attribute name= "Current Time Running" value="46112" />
  <attribute name ="GC Interval" value="200" />
  <attribute name="ProportionalT" value="-5.500000" />
  <attribute name="ProportionalI" value="-5.500000" />
  <attribute name="ProportionalH" value="-5.500000" />
  <attribute name="Current Error" value="-11.000000" />
  <attribute name="IntegralT" value="-198.000000" />
  <attribute name="IntegralI" value="-198.000000" />
  <attribute name="IntegralH" value="-198.000000" />
  <attribute name="DerivativeT" value="-0.305556" />
  <attribute name="DerivativeI" value="-0.305556" />
  <attribute name="DerivativeH" value="-0.305556" />
  <attribute name="Loop Time for DT" value="36.000000" />
  <attribute name="Output H" value="2092630016"/>
  <attribute name="Output I" value="200"/>
  <attribute name="Output T" value="4"/>
  <attribute name="Target GC Util Change" value ="20.000000" />
  <attribute name="Current GC Util Change" value="9.000000"/>
  <attribute name="GC Util currently" value="9" />
  <attribute name="CPU Util currently" value="126648617559" />
<allocation-satisfied id="2805" threadId="0000000002213700" bytesRequested="712" />
<af-end id="2806" timestamp="2019-06-16T21:31:00.148" threadId="0000000002214088" success="true" from="nursery"/>
<exclusive-end id="2807" timestamp="2019-06-16T21:31:00.148" durationms="1.875" />

<exclusive-start id="2808" timestamp="2019-06-16T21:31:00.184" intervalms="38.073">
  <response-info timems="0.031" idlems="0.031" threads="0" lastid="0000000002213700" lastname="main" />
</exclusive-start>
<af-start id="2809" threadId="0000000002214088" totalBytesRequested="16" timestamp="2019-06-16T21:31:00.184" intervalms="38.089" type="nursery" />
<cycle-start id="2810" type="scavenge" contextid="0" timestamp="2019-06-16T21:31:00.184" intervalms="38.092" />
<gc-start id="2811" type="scavenge" contextid="2810" timestamp="2019-06-16T21:31:00.184">
  <mem-info id="2812" free="2059968000" total="2092630016" percent="98">
    <mem type="nursery" free="0" total="3932160" percent="0">
      <mem type="allocate" free="0" total="3014656" percent="0" />
      <mem type="survivor" free="0" total="917504" percent="0" />
    </mem>
    <mem type="tenure" free="2059968000" total="2088697856" percent="98">
      <mem type="soa" free="1934646784" total="1963376640" percent="98" />
      <mem type="loa" free="125321216" total="125321216" percent="100" />
    </mem>
    <remembered-set count="139" />
  </mem-info>
</gc-start>
<allocation-stats totalBytes="2547736" >
  <allocated-bytes non-tlh="712" tlh="2547024" />
  <largest-consumer threadName="main" threadId="0000000002213700" bytes="2547736" />
</allocation-stats>
<gc-op id="2813" type="scavenge" timems="1.198" contextid="2810" timestamp="2019-06-16T21:31:00.186">
  <scavenger-info tenureage="3" tenuremask="ffe8" tiltratio="76" />
  <memory-copied type="nursery" objects="13607" bytes="356272" bytesdiscarded="34912" />
  <memory-copied type="tenure" objects="3918" bytes="99912" bytesdiscarded="40" />
</gc-op>
<gc-end id="2814" type="scavenge" contextid="2810" durationms="1.773" usertimems="4.000" systemtimems="0.000" timestamp="2019-06-16T21:31:00.186" activeThreads="4">
  <mem-info id="2815" free="2062500336" total="2092630016" percent="98">
    <mem type="nursery" free="2689008" total="3932160" percent="68">
      <mem type="allocate" free="2689008" total="3080192" percent="87" />
      <mem type="survivor" free="0" total="851968" percent="0" />
    </mem>
    <mem type="tenure" free="2059811328" total="2088697856" percent="98" macro-fragmented="47576">
      <mem type="soa" free="1934490112" total="1963376640" percent="98" />
      <mem type="loa" free="125321216" total="125321216" percent="100" />
    </mem>
    <remembered-set count="157" />
  </mem-info>
</gc-end>
<cycle-end id="2816" type="scavenge" contextid="2810" timestamp="2019-06-16T21:31:00.186" />
  <attribute name="elasticGC enabled" value="1" />
  <attribute name= "numThreadsSpecified" value="4" />
  <attribute name="heapSize specified" value="9371648" />
  <attribute name="Current GC Util" value="8" />
  <attribute name= "Current Time Running" value="46150" />
  <attribute name ="GC Interval" value="200" />
  <attribute name="ProportionalT" value="-6.000000" />
  <attribute name="ProportionalI" value="-6.000000" />
  <attribute name="ProportionalH" value="-6.000000" />
  <attribute name="Current Error" value="-12.000000" />
  <attribute name="IntegralT" value="-228.000000" />
  <attribute name="IntegralI" value="-228.000000" />
  <attribute name="IntegralH" value="-228.000000" />
  <attribute name="DerivativeT" value="-0.315789" />
  <attribute name="DerivativeI" value="-0.315789" />
  <attribute name="DerivativeH" value="-0.315789" />
  <attribute name="Loop Time for DT" value="38.000000" />
  <attribute name="Output H" value="2092630016"/>
  <attribute name="Output I" value="200"/>
  <attribute name="Output T" value="4"/>
  <attribute name="Target GC Util Change" value ="20.000000" />
  <attribute name="Current GC Util Change" value="8.000000"/>
  <attribute name="GC Util currently" value="8" />
  <attribute name="CPU Util currently" value="121085758458" />
<allocation-satisfied id="2817" threadId="0000000002213700" bytesRequested="16" />
<af-end id="2818" timestamp="2019-06-16T21:31:00.186" threadId="0000000002214088" success="true" from="nursery"/>
<exclusive-end id="2819" timestamp="2019-06-16T21:31:00.186" durationms="2.363" />

<exclusive-start id="2820" timestamp="2019-06-16T21:31:00.216" intervalms="31.593">
  <response-info timems="0.031" idlems="0.031" threads="0" lastid="0000000002213700" lastname="main" />
</exclusive-start>
<af-start id="2821" threadId="0000000002214088" totalBytesRequested="72" timestamp="2019-06-16T21:31:00.216" intervalms="31.582" type="nursery" />
<cycle-start id="2822" type="scavenge" contextid="0" timestamp="2019-06-16T21:31:00.216" intervalms="31.581" />
<gc-start id="2823" type="scavenge" contextid="2822" timestamp="2019-06-16T21:31:00.216">
  <mem-info id="2824" free="2059811328" total="2092630016" percent="98">
    <mem type="nursery" free="0" total="3932160" percent="0">
      <mem type="allocate" free="0" total="3080192" percent="0" />
      <mem type="survivor" free="0" total="851968" percent="0" />
    </mem>
    <mem type="tenure" free="2059811328" total="2088697856" percent="98">
      <mem type="soa" free="1934490112" total="1963376640" percent="98" />
      <mem type="loa" free="125321216" total="125321216" percent="100" />
    </mem>
    <remembered-set count="170" />
  </mem-info>
</gc-start>
<allocation-stats totalBytes="2686048" >
  <allocated-bytes non-tlh="16" tlh="2686032" />
  <largest-consumer threadName="main" threadId="0000000002213700" bytes="2686048" />
</allocation-stats>
<gc-op id="2825" type="scavenge" timems="0.994" contextid="2822" timestamp="2019-06-16T21:31:00.217">
  <scavenger-info tenureage="5" tenuremask="ffe0" tiltratio="78" />
  <memory-copied type="nursery" objects="18754" bytes="485264" bytesdiscarded="98688" />
</gc-op>
<gc-end id="2826" type="scavenge" contextid="2822" durationms="1.553" usertimems="4.000" systemtimems="0.000" timestamp="2019-06-16T21:31:00.217" activeThreads="4">
  <mem-info id="2827" free="2062438640" total="2092630016" percent="98">
    <mem type="nursery" free="2627312" total="3932160" percent="66">
      <mem type="allocate" free="2627312" total="3211264" percent="81" />
      <mem type="survivor" free="0" total="720896" percent="0" />
    </mem>
    <mem type="tenure" free="2059811328" total="2088697856" percent="98" macro-fragmented="0">
      <mem type="soa" free="1934490112" total="1963376640" percent="98" />
      <mem type="loa" free="125321216" total="125321216" percent="100" />
    </mem>
    <remembered-set count="169" />
  </mem-info>
</gc-end>
<cycle-end id="2828" type="scavenge" contextid="2822" timestamp="2019-06-16T21:31:00.218" />
  <attribute name="elasticGC enabled" value="1" />
  <attribute name= "numThreadsSpecified" value="4" />
  <attribute name="heapSize specified" value="9371648" />
  <attribute name="Current GC Util" value="10" />
  <attribute name= "Current Time Running" value="46182" />
  <attribute name ="GC Interval" value="200" />
  <attribute name="ProportionalT" value="-5.000000" />
  <attribute name="ProportionalI" value="-5.000000" />
  <attribute name="ProportionalH" value="-5.000000" />
  <attribute name="Current Error" value="-10.000000" />
  <attribute name="IntegralT" value="-160.000000" />
  <attribute name="IntegralI" value="-160.000000" />
  <attribute name="IntegralH" value="-160.000000" />
  <attribute name="DerivativeT" value="-0.312500" />
  <attribute name="DerivativeI" value="-0.312500" />
  <attribute name="DerivativeH" value="-0.312500" />
  <attribute name="Loop Time for DT" value="32.000000" />
  <attribute name="Output H" value="2092630016"/>
  <attribute name="Output I" value="200"/>
  <attribute name="Output T" value="4"/>
  <attribute name="Target GC Util Change" value ="20.000000" />
  <attribute name="Current GC Util Change" value="10.000000"/>
  <attribute name="GC Util currently" value="10" />
  <attribute name="CPU Util currently" value="145992361853" />
<allocation-satisfied id="2829" threadId="0000000002213700" bytesRequested="72" />
<af-end id="2830" timestamp="2019-06-16T21:31:00.218" threadId="0000000002214088" success="true" from="nursery"/>
<exclusive-end id="2831" timestamp="2019-06-16T21:31:00.218" durationms="2.137" />

<exclusive-start id="2832" timestamp="2019-06-16T21:31:00.244" intervalms="28.579">
  <response-info timems="0.036" idlems="0.036" threads="0" lastid="0000000002213700" lastname="main" />
</exclusive-start>
<af-start id="2833" threadId="0000000002214088" totalBytesRequested="664" timestamp="2019-06-16T21:31:00.244" intervalms="28.587" type="nursery" />
<cycle-start id="2834" type="scavenge" contextid="0" timestamp="2019-06-16T21:31:00.244" intervalms="28.586" />
<gc-start id="2835" type="scavenge" contextid="2834" timestamp="2019-06-16T21:31:00.244">
  <mem-info id="2836" free="2059811328" total="2092630016" percent="98">
    <mem type="nursery" free="0" total="3932160" percent="0">
      <mem type="allocate" free="0" total="3211264" percent="0" />
      <mem type="survivor" free="0" total="720896" percent="0" />
    </mem>
    <mem type="tenure" free="2059811328" total="2088697856" percent="98">
      <mem type="soa" free="1934490112" total="1963376640" percent="98" />
      <mem type="loa" free="125321216" total="125321216" percent="100" />
    </mem>
    <remembered-set count="180" />
  </mem-info>
</gc-start>
<allocation-stats totalBytes="2623088" >
  <allocated-bytes non-tlh="72" tlh="2623016" />
  <largest-consumer threadName="main" threadId="0000000002213700" bytes="2623088" />
</allocation-stats>
<gc-op id="2837" type="scavenge" timems="1.314" contextid="2834" timestamp="2019-06-16T21:31:00.246">
  <scavenger-info tenureage="2" tenuremask="fffc" tiltratio="81" />
  <memory-copied type="nursery" objects="10326" bytes="258192" bytesdiscarded="222576" />
  <memory-copied type="tenure" objects="13558" bytes="354904" bytesdiscarded="32" />
</gc-op>
<gc-end id="2838" type="scavenge" contextid="2834" durationms="1.876" usertimems="4.000" systemtimems="0.000" timestamp="2019-06-16T21:31:00.246" activeThreads="4">
  <mem-info id="2839" free="2062100224" total="2092630016" percent="98">
    <mem type="nursery" free="2730496" total="3932160" percent="69">
      <mem type="allocate" free="2730496" total="3211264" percent="85" />
      <mem type="survivor" free="0" total="720896" percent="0" />
    </mem>
    <mem type="tenure" free="2059369728" total="2088697856" percent="98" macro-fragmented="1048608">
      <mem type="soa" free="1934048512" total="1963376640" percent="98" />
      <mem type="loa" free="125321216" total="125321216" percent="100" />
    </mem>
    <remembered-set count="227" />
  </mem-info>
</gc-end>
<cycle-end id="2840" type="scavenge" contextid="2834" timestamp="2019-06-16T21:31:00.246" />
  <attribute name="elasticGC enabled" value="1" />
  <attribute name= "numThreadsSpecified" value="4" />
  <attribute name="heapSize specified" value="9371648" />
  <attribute name="Current GC Util" value="10" />
  <attribute name= "Current Time Running" value="46210" />
  <attribute name ="GC Interval" value="200" />
  <attribute name="ProportionalT" value="-5.000000" />
  <attribute name="ProportionalI" value="-5.000000" />
  <attribute name="ProportionalH" value="-5.000000" />
  <attribute name="Current Error" value="-10.000000" />
  <attribute name="IntegralT" value="-140.000000" />
  <attribute name="IntegralI" value="-140.000000" />
  <attribute name="IntegralH" value="-140.000000" />
  <attribute name="DerivativeT" value="-0.357143" />
  <attribute name="DerivativeI" value="-0.357143" />
  <attribute name="DerivativeH" value="-0.357143" />
  <attribute name="Loop Time for DT" value="28.000000" />
  <attribute name="Output H" value="2092630016"/>
  <attribute name="Output I" value="200"/>
  <attribute name="Output T" value="4"/>
  <attribute name="Target GC Util Change" value ="20.000000" />
  <attribute name="Current GC Util Change" value="10.000000"/>
  <attribute name="GC Util currently" value="10" />
  <attribute name="CPU Util currently" value="161331186238" />
<allocation-satisfied id="2841" threadId="0000000002213700" bytesRequested="664" />
<af-end id="2842" timestamp="2019-06-16T21:31:00.247" threadId="0000000002214088" success="true" from="nursery"/>
<exclusive-end id="2843" timestamp="2019-06-16T21:31:00.247" durationms="2.476" />

<exclusive-start id="2844" timestamp="2019-06-16T21:31:00.272" intervalms="28.262">
  <response-info timems="0.056" idlems="0.056" threads="0" lastid="0000000002213700" lastname="main" />
</exclusive-start>
<af-start id="2845" threadId="0000000002214088" totalBytesRequested="16" timestamp="2019-06-16T21:31:00.273" intervalms="28.252" type="nursery" />
<cycle-start id="2846" type="scavenge" contextid="0" timestamp="2019-06-16T21:31:00.273" intervalms="28.253" />
<gc-start id="2847" type="scavenge" contextid="2846" timestamp="2019-06-16T21:31:00.273">
  <mem-info id="2848" free="2059369728" total="2092630016" percent="98">
    <mem type="nursery" free="0" total="3932160" percent="0">
      <mem type="allocate" free="0" total="3211264" percent="0" />
      <mem type="survivor" free="0" total="720896" percent="0" />
    </mem>
    <mem type="tenure" free="2059369728" total="2088697856" percent="98">
      <mem type="soa" free="1934048512" total="1963376640" percent="98" />
      <mem type="loa" free="125321216" total="125321216" percent="100" />
    </mem>
    <remembered-set count="290" />
  </mem-info>
</gc-start>
<allocation-stats totalBytes="2728088" >
  <allocated-bytes non-tlh="664" tlh="2727424" />
  <largest-consumer threadName="main" threadId="0000000002213700" bytes="2728088" />
</allocation-stats>
<gc-op id="2849" type="scavenge" timems="1.065" contextid="2846" timestamp="2019-06-16T21:31:00.274">
  <scavenger-info tenureage="6" tenuremask="ffc0" tiltratio="81" />
  <memory-copied type="nursery" objects="16084" bytes="429608" bytesdiscarded="154840" />
</gc-op>
<gc-end id="2850" type="scavenge" contextid="2846" durationms="1.460" usertimems="4.000" systemtimems="0.000" timestamp="2019-06-16T21:31:00.274" activeThreads="4">
  <mem-info id="2851" free="2062062080" total="2092630016" percent="98">
    <mem type="nursery" free="2692352" total="3932160" percent="68">
      <mem type="allocate" free="2692352" total="3276800" percent="82" />
      <mem type="survivor" free="0" total="655360" percent="0" />
    </mem>
    <mem type="tenure" free="2059369728" total="2088697856" percent="98" macro-fragmented="655400">
      <mem type="soa" free="1934048512" total="1963376640" percent="98" />
      <mem type="loa" free="125321216" total="125321216" percent="100" />
    </mem>
    <remembered-set count="289" />
  </mem-info>
</gc-end>
<cycle-end id="2852" type="scavenge" contextid="2846" timestamp="2019-06-16T21:31:00.274" />
  <attribute name="elasticGC enabled" value="1" />
  <attribute name= "numThreadsSpecified" value="4" />
  <attribute name="heapSize specified" value="9371648" />
  <attribute name="Current GC Util" value="12" />
  <attribute name= "Current Time Running" value="46239" />
  <attribute name ="GC Interval" value="200" />
  <attribute name="ProportionalT" value="-4.000000" />
  <attribute name="ProportionalI" value="-4.000000" />
  <attribute name="ProportionalH" value="-4.000000" />
  <attribute name="Current Error" value="-8.000000" />
  <attribute name="IntegralT" value="-116.000000" />
  <attribute name="IntegralI" value="-116.000000" />
  <attribute name="IntegralH" value="-116.000000" />
  <attribute name="DerivativeT" value="-0.275862" />
  <attribute name="DerivativeI" value="-0.275862" />
  <attribute name="DerivativeH" value="-0.275862" />
  <attribute name="Loop Time for DT" value="29.000000" />
  <attribute name="Output H" value="2092630016"/>
  <attribute name="Output I" value="200"/>
  <attribute name="Output T" value="4"/>
  <attribute name="Target GC Util Change" value ="20.000000" />
  <attribute name="Current GC Util Change" value="12.000000"/>
  <attribute name="GC Util currently" value="12" />
  <attribute name="CPU Util currently" value="163259987236" />
<allocation-satisfied id="2853" threadId="0000000002213700" bytesRequested="16" />
<af-end id="2854" timestamp="2019-06-16T21:31:00.275" threadId="0000000002214088" success="true" from="nursery"/>
<exclusive-end id="2855" timestamp="2019-06-16T21:31:00.275" durationms="2.139" />

<exclusive-start id="2856" timestamp="2019-06-16T21:31:00.317" intervalms="44.088">
  <response-info timems="0.145" idlems="0.145" threads="0" lastid="0000000002213700" lastname="main" />
</exclusive-start>
<af-start id="2857" threadId="0000000002214088" totalBytesRequested="24" timestamp="2019-06-16T21:31:00.317" intervalms="44.133" type="nursery" />
<cycle-start id="2858" type="scavenge" contextid="0" timestamp="2019-06-16T21:31:00.317" intervalms="44.188" />
<gc-start id="2859" type="scavenge" contextid="2858" timestamp="2019-06-16T21:31:00.317">
  <mem-info id="2860" free="2059369728" total="2092630016" percent="98">
    <mem type="nursery" free="0" total="3932160" percent="0">
      <mem type="allocate" free="0" total="3276800" percent="0" />
      <mem type="survivor" free="0" total="655360" percent="0" />
    </mem>
    <mem type="tenure" free="2059369728" total="2088697856" percent="98">
      <mem type="soa" free="1934048512" total="1963376640" percent="98" />
      <mem type="loa" free="125321216" total="125321216" percent="100" />
    </mem>
    <remembered-set count="322" />
  </mem-info>
</gc-start>
<allocation-stats totalBytes="2688928" >
  <allocated-bytes non-tlh="16" tlh="2688912" />
  <largest-consumer threadName="main" threadId="0000000002213700" bytes="2688928" />
</allocation-stats>
<gc-op id="2861" type="scavenge" timems="0.868" contextid="2858" timestamp="2019-06-16T21:31:00.318">
  <scavenger-info tenureage="3" tenuremask="fff8" tiltratio="83" />
  <memory-copied type="nursery" objects="16583" bytes="437920" bytesdiscarded="76640" />
  <memory-copied type="tenure" objects="5124" bytes="128288" bytesdiscarded="32" />
</gc-op>
<gc-end id="2862" type="scavenge" contextid="2858" durationms="1.324" usertimems="4.000" systemtimems="0.000" timestamp="2019-06-16T21:31:00.318" activeThreads="4">
  <mem-info id="2863" free="2062153984" total="2092630016" percent="98">
    <mem type="nursery" free="2893312" total="3932160" percent="73">
      <mem type="allocate" free="2893312" total="3407872" percent="84" />
      <mem type="survivor" free="0" total="524288" percent="0" />
    </mem>
    <mem type="tenure" free="2059260672" total="2088697856" percent="98" macro-fragmented="1310760">
      <mem type="soa" free="1933939456" total="1963376640" percent="98" />
      <mem type="loa" free="125321216" total="125321216" percent="100" />
    </mem>
    <remembered-set count="292" />
  </mem-info>
</gc-end>
<cycle-end id="2864" type="scavenge" contextid="2858" timestamp="2019-06-16T21:31:00.318" />
  <attribute name="elasticGC enabled" value="1" />
  <attribute name= "numThreadsSpecified" value="4" />
  <attribute name="heapSize specified" value="9371648" />
  <attribute name="Current GC Util" value="5" />
  <attribute name= "Current Time Running" value="46283" />
  <attribute name ="GC Interval" value="200" />
  <attribute name="ProportionalT" value="-7.500000" />
  <attribute name="ProportionalI" value="-7.500000" />
  <attribute name="ProportionalH" value="-7.500000" />
  <attribute name="Current Error" value="-15.000000" />
  <attribute name="IntegralT" value="-330.000000" />
  <attribute name="IntegralI" value="-330.000000" />
  <attribute name="IntegralH" value="-330.000000" />
  <attribute name="DerivativeT" value="-0.340909" />
  <attribute name="DerivativeI" value="-0.340909" />
  <attribute name="DerivativeH" value="-0.340909" />
  <attribute name="Loop Time for DT" value="44.000000" />
  <attribute name="Output H" value="2092630016"/>
  <attribute name="Output I" value="200"/>
  <attribute name="Output T" value="4"/>
  <attribute name="Target GC Util Change" value ="20.000000" />
  <attribute name="Current GC Util Change" value="5.000000"/>
  <attribute name="GC Util currently" value="5" />
  <attribute name="CPU Util currently" value="104063730723" />
<allocation-satisfied id="2865" threadId="0000000002213700" bytesRequested="24" />
<af-end id="2866" timestamp="2019-06-16T21:31:00.319" threadId="0000000002214088" success="true" from="nursery"/>
<exclusive-end id="2867" timestamp="2019-06-16T21:31:00.319" durationms="2.176" />

<exclusive-start id="2868" timestamp="2019-06-16T21:31:00.351" intervalms="34.553">
  <response-info timems="0.038" idlems="0.038" threads="0" lastid="0000000002213700" lastname="main" />
</exclusive-start>
<af-start id="2869" threadId="0000000002214088" totalBytesRequested="32" timestamp="2019-06-16T21:31:00.351" intervalms="34.525" type="nursery" />
<cycle-start id="2870" type="scavenge" contextid="0" timestamp="2019-06-16T21:31:00.351" intervalms="34.488" />
<gc-start id="2871" type="scavenge" contextid="2870" timestamp="2019-06-16T21:31:00.351">
  <mem-info id="2872" free="2059260672" total="2092630016" percent="98">
    <mem type="nursery" free="0" total="3932160" percent="0">
      <mem type="allocate" free="0" total="3407872" percent="0" />
      <mem type="survivor" free="0" total="524288" percent="0" />
    </mem>
    <mem type="tenure" free="2059260672" total="2088697856" percent="98">
      <mem type="soa" free="1933939456" total="1963376640" percent="98" />
      <mem type="loa" free="125321216" total="125321216" percent="100" />
    </mem>
    <remembered-set count="318" />
  </mem-info>
</gc-start>
<allocation-stats totalBytes="2889968" >
  <allocated-bytes non-tlh="24" tlh="2889944" />
  <largest-consumer threadName="main" threadId="0000000002213700" bytes="2889968" />
</allocation-stats>
<gc-op id="2873" type="scavenge" timems="0.911" contextid="2870" timestamp="2019-06-16T21:31:00.352">
  <scavenger-info tenureage="2" tenuremask="ffec" tiltratio="86" />
  <memory-copied type="nursery" objects="11979" bytes="290200" bytesdiscarded="67688" />
  <memory-copied type="tenure" objects="10914" bytes="300168" bytesdiscarded="64" />
</gc-op>
<gc-end id="2874" type="scavenge" contextid="2870" durationms="1.359" usertimems="4.000" systemtimems="0.000" timestamp="2019-06-16T21:31:00.353" activeThreads="4">
  <mem-info id="2875" free="2061967600" total="2092630016" percent="98">
    <mem type="nursery" free="3049984" total="3932160" percent="77">
      <mem type="allocate" free="3049984" total="3407872" percent="89" />
      <mem type="survivor" free="0" total="524288" percent="0" />
    </mem>
    <mem type="tenure" free="2058917616" total="2088697856" percent="98" macro-fragmented="2592282">
      <mem type="soa" free="1933596400" total="1963376640" percent="98" />
      <mem type="loa" free="125321216" total="125321216" percent="100" />
    </mem>
    <remembered-set count="236" />
  </mem-info>
</gc-end>
<cycle-end id="2876" type="scavenge" contextid="2870" timestamp="2019-06-16T21:31:00.353" />
  <attribute name="elasticGC enabled" value="1" />
  <attribute name= "numThreadsSpecified" value="4" />
  <attribute name="heapSize specified" value="9371648" />
  <attribute name="Current GC Util" value="7" />
  <attribute name= "Current Time Running" value="46317" />
  <attribute name ="GC Interval" value="200" />
  <attribute name="ProportionalT" value="-6.500000" />
  <attribute name="ProportionalI" value="-6.500000" />
  <attribute name="ProportionalH" value="-6.500000" />
  <attribute name="Current Error" value="-13.000000" />
  <attribute name="IntegralT" value="-221.000000" />
  <attribute name="IntegralI" value="-221.000000" />
  <attribute name="IntegralH" value="-221.000000" />
  <attribute name="DerivativeT" value="-0.382353" />
  <attribute name="DerivativeI" value="-0.382353" />
  <attribute name="DerivativeH" value="-0.382353" />
  <attribute name="Loop Time for DT" value="34.000000" />
  <attribute name="Output H" value="2092630016"/>
  <attribute name="Output I" value="200"/>
  <attribute name="Output T" value="4"/>
  <attribute name="Target GC Util Change" value ="20.000000" />
  <attribute name="Current GC Util Change" value="7.000000"/>
  <attribute name="GC Util currently" value="7" />
  <attribute name="CPU Util currently" value="134044219112" />
<allocation-satisfied id="2877" threadId="0000000002213700" bytesRequested="32" />
<af-end id="2878" timestamp="2019-06-16T21:31:00.353" threadId="0000000002214088" success="true" from="nursery"/>
<exclusive-end id="2879" timestamp="2019-06-16T21:31:00.353" durationms="2.166" />

<exclusive-start id="2880" timestamp="2019-06-16T21:31:00.368" intervalms="16.646">
  <response-info timems="0.032" idlems="0.032" threads="0" lastid="0000000002213700" lastname="main" />
</exclusive-start>
<af-start id="2881" threadId="0000000002214088" totalBytesRequested="16" timestamp="2019-06-16T21:31:00.368" intervalms="16.646" type="nursery" />
<cycle-start id="2882" type="scavenge" contextid="0" timestamp="2019-06-16T21:31:00.368" intervalms="16.684" />
<gc-start id="2883" type="scavenge" contextid="2882" timestamp="2019-06-16T21:31:00.368">
  <mem-info id="2884" free="2058917616" total="2092630016" percent="98">
    <mem type="nursery" free="0" total="3932160" percent="0">
      <mem type="allocate" free="0" total="3407872" percent="0" />
      <mem type="survivor" free="0" total="524288" percent="0" />
    </mem>
    <mem type="tenure" free="2058917616" total="2088697856" percent="98">
      <mem type="soa" free="1933596400" total="1963376640" percent="98" />
      <mem type="loa" free="125321216" total="125321216" percent="100" />
    </mem>
    <remembered-set count="308" />
  </mem-info>
</gc-start>
<allocation-stats totalBytes="3044712" >
  <allocated-bytes non-tlh="32" tlh="3044680" />
  <largest-consumer threadName="main" threadId="0000000002213700" bytes="3044712" />
</allocation-stats>
<gc-op id="2885" type="scavenge" timems="0.687" contextid="2882" timestamp="2019-06-16T21:31:00.369">
  <scavenger-info tenureage="2" tenuremask="ffe4" tiltratio="86" />
  <memory-copied type="nursery" objects="12941" bytes="312440" bytesdiscarded="207496" />
  <memory-copied type="tenure" objects="5624" bytes="136576" bytesdiscarded="8" />
</gc-op>
<gc-end id="2886" type="scavenge" contextid="2882" durationms="1.183" usertimems="4.000" systemtimems="0.000" timestamp="2019-06-16T21:31:00.369" activeThreads="4">
  <mem-info id="2887" free="2061766384" total="2092630016" percent="98">
    <mem type="nursery" free="2887936" total="3932160" percent="73">
      <mem type="allocate" free="2887936" total="3407872" percent="84" />
      <mem type="survivor" free="0" total="524288" percent="0" />
    </mem>
    <mem type="tenure" free="2058878448" total="2088697856" percent="98" macro-fragmented="0">
      <mem type="soa" free="1933557232" total="1963376640" percent="98" />
      <mem type="loa" free="125321216" total="125321216" percent="100" />
    </mem>
    <remembered-set count="268" />
  </mem-info>
</gc-end>
<cycle-end id="2888" type="scavenge" contextid="2882" timestamp="2019-06-16T21:31:00.369" />
  <attribute name="elasticGC enabled" value="1" />
  <attribute name= "numThreadsSpecified" value="4" />
  <attribute name="heapSize specified" value="9371648" />
  <attribute name="Current GC Util" value="15" />
  <attribute name= "Current Time Running" value="46334" />
  <attribute name ="GC Interval" value="200" />
  <attribute name="ProportionalT" value="-2.500000" />
  <attribute name="ProportionalI" value="-2.500000" />
  <attribute name="ProportionalH" value="-2.500000" />
  <attribute name="Current Error" value="-5.000000" />
  <attribute name="IntegralT" value="-42.500000" />
  <attribute name="IntegralI" value="-42.500000" />
  <attribute name="IntegralH" value="-42.500000" />
  <attribute name="DerivativeT" value="-0.294118" />
  <attribute name="DerivativeI" value="-0.294118" />
  <attribute name="DerivativeH" value="-0.294118" />
  <attribute name="Loop Time for DT" value="17.000000" />
  <attribute name="Output H" value="2092630016"/>
  <attribute name="Output I" value="200"/>
  <attribute name="Output T" value="4"/>
  <attribute name="Target GC Util Change" value ="20.000000" />
  <attribute name="Current GC Util Change" value="15.000000"/>
  <attribute name="GC Util currently" value="15" />
  <attribute name="CPU Util currently" value="274595277665" />
<allocation-satisfied id="2889" threadId="0000000002213700" bytesRequested="16" />
<af-end id="2890" timestamp="2019-06-16T21:31:00.370" threadId="0000000002214088" success="true" from="nursery"/>
<exclusive-end id="2891" timestamp="2019-06-16T21:31:00.370" durationms="1.844" />

<exclusive-start id="2892" timestamp="2019-06-16T21:31:00.383" intervalms="15.397">
  <response-info timems="0.069" idlems="0.069" threads="0" lastid="0000000002213700" lastname="main" />
</exclusive-start>
<af-start id="2893" threadId="0000000002214088" totalBytesRequested="24" timestamp="2019-06-16T21:31:00.383" intervalms="15.357" type="nursery" />
<cycle-start id="2894" type="scavenge" contextid="0" timestamp="2019-06-16T21:31:00.383" intervalms="15.312" />
<gc-start id="2895" type="scavenge" contextid="2894" timestamp="2019-06-16T21:31:00.383">
  <mem-info id="2896" free="2058878448" total="2092630016" percent="98">
    <mem type="nursery" free="0" total="3932160" percent="0">
      <mem type="allocate" free="0" total="3407872" percent="0" />
      <mem type="survivor" free="0" total="524288" percent="0" />
    </mem>
    <mem type="tenure" free="2058878448" total="2088697856" percent="98">
      <mem type="soa" free="1933557232" total="1963376640" percent="98" />
      <mem type="loa" free="125321216" total="125321216" percent="100" />
    </mem>
    <remembered-set count="354" />
  </mem-info>
</gc-start>
<allocation-stats totalBytes="2884816" >
  <allocated-bytes non-tlh="16" tlh="2884800" />
  <largest-consumer threadName="main" threadId="0000000002213700" bytes="2884816" />
</allocation-stats>
<gc-op id="2897" type="scavenge" timems="0.682" contextid="2894" timestamp="2019-06-16T21:31:00.384">
  <scavenger-info tenureage="2" tenuremask="fff4" tiltratio="86" />
  <memory-copied type="nursery" objects="12838" bytes="308776" bytesdiscarded="149720" />
  <memory-copied type="tenure" objects="6303" bytes="152344" bytesdiscarded="432" />
</gc-op>
<gc-end id="2898" type="scavenge" contextid="2894" durationms="1.085" usertimems="4.000" systemtimems="0.000" timestamp="2019-06-16T21:31:00.384" activeThreads="4">
  <mem-info id="2899" free="2061692144" total="2092630016" percent="98">
    <mem type="nursery" free="3014912" total="3932160" percent="76">
      <mem type="allocate" free="3014912" total="3473408" percent="86" />
      <mem type="survivor" free="0" total="458752" percent="0" />
    </mem>
    <mem type="tenure" free="2058677232" total="2088697856" percent="98" macro-fragmented="2592282">
      <mem type="soa" free="1933356016" total="1963376640" percent="98" />
      <mem type="loa" free="125321216" total="125321216" percent="100" />
    </mem>
    <remembered-set count="295" />
  </mem-info>
</gc-end>
<cycle-end id="2900" type="scavenge" contextid="2894" timestamp="2019-06-16T21:31:00.385" />
  <attribute name="elasticGC enabled" value="1" />
  <attribute name= "numThreadsSpecified" value="4" />
  <attribute name="heapSize specified" value="9371648" />
  <attribute name="Current GC Util" value="15" />
  <attribute name= "Current Time Running" value="46349" />
  <attribute name ="GC Interval" value="200" />
  <attribute name="ProportionalT" value="-2.500000" />
  <attribute name="ProportionalI" value="-2.500000" />
  <attribute name="ProportionalH" value="-2.500000" />
  <attribute name="Current Error" value="-5.000000" />
  <attribute name="IntegralT" value="-37.500000" />
  <attribute name="IntegralI" value="-37.500000" />
  <attribute name="IntegralH" value="-37.500000" />
  <attribute name="DerivativeT" value="-0.333333" />
  <attribute name="DerivativeI" value="-0.333333" />
  <attribute name="DerivativeH" value="-0.333333" />
  <attribute name="Loop Time for DT" value="15.000000" />
  <attribute name="Output H" value="2092630016"/>
  <attribute name="Output I" value="200"/>
  <attribute name="Output T" value="4"/>
  <attribute name="Target GC Util Change" value ="20.000000" />
  <attribute name="Current GC Util Change" value="15.000000"/>
  <attribute name="GC Util currently" value="15" />
  <attribute name="CPU Util currently" value="303671001406" />
<allocation-satisfied id="2901" threadId="0000000002213700" bytesRequested="24" />
<af-end id="2902" timestamp="2019-06-16T21:31:00.385" threadId="0000000002214088" success="true" from="nursery"/>
<exclusive-end id="2903" timestamp="2019-06-16T21:31:00.385" durationms="1.610" />

<exclusive-start id="2904" timestamp="2019-06-16T21:31:00.399" intervalms="15.361">
  <response-info timems="0.077" idlems="0.077" threads="0" lastid="0000000002213700" lastname="main" />
</exclusive-start>
<af-start id="2905" threadId="0000000002214088" totalBytesRequested="24" timestamp="2019-06-16T21:31:00.399" intervalms="15.387" type="nursery" />
<cycle-start id="2906" type="scavenge" contextid="0" timestamp="2019-06-16T21:31:00.399" intervalms="15.389" />
<gc-start id="2907" type="scavenge" contextid="2906" timestamp="2019-06-16T21:31:00.399">
  <mem-info id="2908" free="2058677232" total="2092630016" percent="98">
    <mem type="nursery" free="0" total="3932160" percent="0">
      <mem type="allocate" free="0" total="3473408" percent="0" />
      <mem type="survivor" free="0" total="458752" percent="0" />
    </mem>
    <mem type="tenure" free="2058677232" total="2088697856" percent="98">
      <mem type="soa" free="1933356016" total="1963376640" percent="98" />
      <mem type="loa" free="125321216" total="125321216" percent="100" />
    </mem>
    <remembered-set count="379" />
  </mem-info>
</gc-start>
<allocation-stats totalBytes="3011648" >
  <allocated-bytes non-tlh="24" tlh="3011624" />
  <largest-consumer threadName="main" threadId="0000000002213700" bytes="3011648" />
</allocation-stats>
<gc-op id="2909" type="scavenge" timems="0.851" contextid="2906" timestamp="2019-06-16T21:31:00.400">
  <scavenger-info tenureage="4" tenuremask="fff0" tiltratio="88" />
  <memory-copied type="nursery" objects="15742" bytes="387896" bytesdiscarded="70856" />
  <memory-copied type="tenure" objects="3581" bytes="78376" bytesdiscarded="0" />
  <copy-failed type="nursery" objects="3581" bytes="78376" />
</gc-op>
<gc-end id="2910" type="scavenge" contextid="2906" durationms="1.269" usertimems="0.000" systemtimems="4.000" timestamp="2019-06-16T21:31:00.400" activeThreads="4">
  <mem-info id="2911" free="2061329136" total="2092630016" percent="98">
    <mem type="nursery" free="2752512" total="3932160" percent="70">
      <mem type="allocate" free="2752512" total="3211264" percent="85" />
      <mem type="survivor" free="0" total="720896" percent="0" />
    </mem>
    <mem type="tenure" free="2058576624" total="2088697856" percent="98" macro-fragmented="0">
      <mem type="soa" free="1933255408" total="1963376640" percent="98" />
      <mem type="loa" free="125321216" total="125321216" percent="100" />
    </mem>
    <remembered-set count="475" />
  </mem-info>
</gc-end>
<cycle-end id="2912" type="scavenge" contextid="2906" timestamp="2019-06-16T21:31:00.400" />
  <attribute name="elasticGC enabled" value="1" />
  <attribute name= "numThreadsSpecified" value="4" />
  <attribute name="heapSize specified" value="9371648" />
  <attribute name="Current GC Util" value="14" />
  <attribute name= "Current Time Running" value="46365" />
  <attribute name ="GC Interval" value="200" />
  <attribute name="ProportionalT" value="-3.000000" />
  <attribute name="ProportionalI" value="-3.000000" />
  <attribute name="ProportionalH" value="-3.000000" />
  <attribute name="Current Error" value="-6.000000" />
  <attribute name="IntegralT" value="-48.000000" />
  <attribute name="IntegralI" value="-48.000000" />
  <attribute name="IntegralH" value="-48.000000" />
  <attribute name="DerivativeT" value="-0.375000" />
  <attribute name="DerivativeI" value="-0.375000" />
  <attribute name="DerivativeH" value="-0.375000" />
  <attribute name="Loop Time for DT" value="16.000000" />
  <attribute name="Output H" value="2092630016"/>
  <attribute name="Output I" value="200"/>
  <attribute name="Output T" value="4"/>
  <attribute name="Target GC Util Change" value ="20.000000" />
  <attribute name="Current GC Util Change" value="14.000000"/>
  <attribute name="GC Util currently" value="14" />
  <attribute name="CPU Util currently" value="299536239166" />
<allocation-satisfied id="2913" threadId="0000000002213700" bytesRequested="24" />
<af-end id="2914" timestamp="2019-06-16T21:31:00.400" threadId="0000000002214088" success="true" from="nursery"/>
<exclusive-end id="2915" timestamp="2019-06-16T21:31:00.400" durationms="1.853" />

<exclusive-start id="2916" timestamp="2019-06-16T21:31:00.417" intervalms="18.886">
  <response-info timems="0.086" idlems="0.086" threads="0" lastid="0000000002213700" lastname="main" />
</exclusive-start>
<af-start id="2917" threadId="0000000002214088" totalBytesRequested="664" timestamp="2019-06-16T21:31:00.418" intervalms="18.950" type="nursery" />
<cycle-start id="2918" type="scavenge" contextid="0" timestamp="2019-06-16T21:31:00.418" intervalms="18.993" />
<gc-start id="2919" type="scavenge" contextid="2918" timestamp="2019-06-16T21:31:00.418">
  <mem-info id="2920" free="2058576624" total="2092630016" percent="98">
    <mem type="nursery" free="0" total="3932160" percent="0">
      <mem type="allocate" free="0" total="3211264" percent="0" />
      <mem type="survivor" free="0" total="720896" percent="0" />
    </mem>
    <mem type="tenure" free="2058576624" total="2088697856" percent="98">
      <mem type="soa" free="1933255408" total="1963376640" percent="98" />
      <mem type="loa" free="125321216" total="125321216" percent="100" />
    </mem>
    <remembered-set count="623" />
  </mem-info>
</gc-start>
<allocation-stats totalBytes="2748968" >
  <allocated-bytes non-tlh="24" tlh="2748944" />
  <largest-consumer threadName="main" threadId="0000000002213700" bytes="2748968" />
</allocation-stats>
<gc-op id="2921" type="scavenge" timems="1.007" contextid="2918" timestamp="2019-06-16T21:31:00.419">
  <scavenger-info tenureage="2" tenuremask="fffc" tiltratio="81" />
  <memory-copied type="nursery" objects="9771" bytes="279192" bytesdiscarded="150640" />
  <memory-copied type="tenure" objects="11654" bytes="280584" bytesdiscarded="8" />
</gc-op>
<gc-end id="2922" type="scavenge" contextid="2918" durationms="1.502" usertimems="4.000" systemtimems="0.000" timestamp="2019-06-16T21:31:00.419" activeThreads="4">
  <mem-info id="2923" free="2061197032" total="2092630016" percent="98">
    <mem type="nursery" free="2846968" total="3932160" percent="72">
      <mem type="allocate" free="2846968" total="3276800" percent="86" />
      <mem type="survivor" free="0" total="655360" percent="0" />
    </mem>
    <mem type="tenure" free="2058350064" total="2088697856" percent="98" macro-fragmented="0">
      <mem type="soa" free="1933028848" total="1963376640" percent="98" />
      <mem type="loa" free="125321216" total="125321216" percent="100" />
    </mem>
    <remembered-set count="438" />
  </mem-info>
</gc-end>
<cycle-end id="2924" type="scavenge" contextid="2918" timestamp="2019-06-16T21:31:00.419" />
  <attribute name="elasticGC enabled" value="1" />
  <attribute name= "numThreadsSpecified" value="4" />
  <attribute name="heapSize specified" value="9371648" />
  <attribute name="Current GC Util" value="14" />
  <attribute name= "Current Time Running" value="46384" />
  <attribute name ="GC Interval" value="200" />
  <attribute name="ProportionalT" value="-3.000000" />
  <attribute name="ProportionalI" value="-3.000000" />
  <attribute name="ProportionalH" value="-3.000000" />
  <attribute name="Current Error" value="-6.000000" />
  <attribute name="IntegralT" value="-57.000000" />
  <attribute name="IntegralI" value="-57.000000" />
  <attribute name="IntegralH" value="-57.000000" />
  <attribute name="DerivativeT" value="-0.315789" />
  <attribute name="DerivativeI" value="-0.315789" />
  <attribute name="DerivativeH" value="-0.315789" />
  <attribute name="Loop Time for DT" value="19.000000" />
  <attribute name="Output H" value="2092630016"/>
  <attribute name="Output I" value="200"/>
  <attribute name="Output T" value="4"/>
  <attribute name="Target GC Util Change" value ="20.000000" />
  <attribute name="Current GC Util Change" value="14.000000"/>
  <attribute name="GC Util currently" value="14" />
  <attribute name="CPU Util currently" value="241141498835" />
<allocation-satisfied id="2925" threadId="0000000002213700" bytesRequested="664" />
<af-end id="2926" timestamp="2019-06-16T21:31:00.420" threadId="0000000002214088" success="true" from="nursery"/>
<exclusive-end id="2927" timestamp="2019-06-16T21:31:00.420" durationms="2.384" />

<exclusive-start id="2928" timestamp="2019-06-16T21:31:00.432" intervalms="14.191">
  <response-info timems="0.072" idlems="0.072" threads="0" lastid="0000000002213700" lastname="main" />
</exclusive-start>
<af-start id="2929" threadId="0000000002214088" totalBytesRequested="32" timestamp="2019-06-16T21:31:00.432" intervalms="14.158" type="nursery" />
<cycle-start id="2930" type="scavenge" contextid="0" timestamp="2019-06-16T21:31:00.432" intervalms="14.155" />
<gc-start id="2931" type="scavenge" contextid="2930" timestamp="2019-06-16T21:31:00.432">
  <mem-info id="2932" free="2058350064" total="2092630016" percent="98">
    <mem type="nursery" free="0" total="3932160" percent="0">
      <mem type="allocate" free="0" total="3276800" percent="0" />
      <mem type="survivor" free="0" total="655360" percent="0" />
    </mem>
    <mem type="tenure" free="2058350064" total="2088697856" percent="98">
      <mem type="soa" free="1933028848" total="1963376640" percent="98" />
      <mem type="loa" free="125321216" total="125321216" percent="100" />
    </mem>
    <remembered-set count="486" />
  </mem-info>
</gc-start>
<allocation-stats totalBytes="2843352" >
  <allocated-bytes non-tlh="664" tlh="2842688" />
  <largest-consumer threadName="main" threadId="0000000002213700" bytes="2843352" />
</allocation-stats>
<gc-op id="2933" type="scavenge" timems="0.652" contextid="2930" timestamp="2019-06-16T21:31:00.433">
  <scavenger-info tenureage="2" tenuremask="4004" tiltratio="83" />
  <memory-copied type="nursery" objects="11723" bytes="352040" bytesdiscarded="86240" />
  <memory-copied type="tenure" objects="4041" bytes="106168" bytesdiscarded="0" />
</gc-op>
<gc-end id="2934" type="scavenge" contextid="2930" durationms="1.134" usertimems="4.000" systemtimems="0.000" timestamp="2019-06-16T21:31:00.433" activeThreads="4">
  <mem-info id="2935" free="2061087976" total="2092630016" percent="98">
    <mem type="nursery" free="2838520" total="3932160" percent="72">
      <mem type="allocate" free="2838520" total="3276800" percent="86" />
      <mem type="survivor" free="0" total="655360" percent="0" />
    </mem>
    <mem type="tenure" free="2058249456" total="2088697856" percent="98" macro-fragmented="0">
      <mem type="soa" free="1932928240" total="1963376640" percent="98" />
      <mem type="loa" free="125321216" total="125321216" percent="100" />
    </mem>
    <remembered-set count="338" />
  </mem-info>
</gc-end>
<cycle-end id="2936" type="scavenge" contextid="2930" timestamp="2019-06-16T21:31:00.433" />
  <attribute name="elasticGC enabled" value="1" />
  <attribute name= "numThreadsSpecified" value="4" />
  <attribute name="heapSize specified" value="9371648" />
  <attribute name="Current GC Util" value="17" />
  <attribute name= "Current Time Running" value="46398" />
  <attribute name ="GC Interval" value="200" />
  <attribute name="ProportionalT" value="-1.500000" />
  <attribute name="ProportionalI" value="-1.500000" />
  <attribute name="ProportionalH" value="-1.500000" />
  <attribute name="Current Error" value="-3.000000" />
  <attribute name="IntegralT" value="-21.000000" />
  <attribute name="IntegralI" value="-21.000000" />
  <attribute name="IntegralH" value="-21.000000" />
  <attribute name="DerivativeT" value="-0.214286" />
  <attribute name="DerivativeI" value="-0.214286" />
  <attribute name="DerivativeH" value="-0.214286" />
  <attribute name="Loop Time for DT" value="14.000000" />
  <attribute name="Output H" value="2092630016"/>
  <attribute name="Output I" value="200"/>
  <attribute name="Output T" value="4"/>
  <attribute name="Target GC Util Change" value ="20.000000" />
  <attribute name="Current GC Util Change" value="17.000000"/>
  <attribute name="GC Util currently" value="17" />
  <attribute name="CPU Util currently" value="326175421739" />
<allocation-satisfied id="2937" threadId="0000000002213700" bytesRequested="32" />
<af-end id="2938" timestamp="2019-06-16T21:31:00.433" threadId="0000000002214088" success="true" from="nursery"/>
<exclusive-end id="2939" timestamp="2019-06-16T21:31:00.433" durationms="1.796" />

<exclusive-start id="2940" timestamp="2019-06-16T21:31:00.442" intervalms="10.823">
  <response-info timems="0.076" idlems="0.076" threads="0" lastid="0000000002213700" lastname="main" />
</exclusive-start>
<af-start id="2941" threadId="0000000002214088" totalBytesRequested="664" timestamp="2019-06-16T21:31:00.443" intervalms="10.811" type="nursery" />
<cycle-start id="2942" type="scavenge" contextid="0" timestamp="2019-06-16T21:31:00.443" intervalms="10.809" />
<gc-start id="2943" type="scavenge" contextid="2942" timestamp="2019-06-16T21:31:00.443">
  <mem-info id="2944" free="2058249456" total="2092630016" percent="98">
    <mem type="nursery" free="0" total="3932160" percent="0">
      <mem type="allocate" free="0" total="3276800" percent="0" />
      <mem type="survivor" free="0" total="655360" percent="0" />
    </mem>
    <mem type="tenure" free="2058249456" total="2088697856" percent="98">
      <mem type="soa" free="1932928240" total="1963376640" percent="98" />
      <mem type="loa" free="125321216" total="125321216" percent="100" />
    </mem>
    <remembered-set count="385" />
  </mem-info>
</gc-start>
<allocation-stats totalBytes="2834984" >
  <allocated-bytes non-tlh="32" tlh="2834952" />
  <largest-consumer threadName="main" threadId="0000000002213700" bytes="2834984" />
</allocation-stats>
<gc-op id="2945" type="scavenge" timems="1.304" contextid="2942" timestamp="2019-06-16T21:31:00.444">
  <scavenger-info tenureage="14" tenuremask="4000" tiltratio="83" />
  <memory-copied type="nursery" objects="17316" bytes="488352" bytesdiscarded="64360" />
</gc-op>
<gc-end id="2946" type="scavenge" contextid="2942" durationms="1.807" usertimems="0.000" systemtimems="0.000" timestamp="2019-06-16T21:31:00.445" activeThreads="1">
  <mem-info id="2947" free="2060908008" total="2092630016" percent="98">
    <mem type="nursery" free="2658552" total="3932160" percent="67">
      <mem type="allocate" free="2658552" total="3211264" percent="82" />
      <mem type="survivor" free="0" total="720896" percent="0" />
    </mem>
    <mem type="tenure" free="2058249456" total="2088697856" percent="98" macro-fragmented="2592282">
      <mem type="soa" free="1932928240" total="1963376640" percent="98" />
      <mem type="loa" free="125321216" total="125321216" percent="100" />
    </mem>
    <remembered-set count="385" />
  </mem-info>
</gc-end>
<cycle-end id="2948" type="scavenge" contextid="2942" timestamp="2019-06-16T21:31:00.445" />
  <attribute name="elasticGC enabled" value="1" />
  <attribute name= "numThreadsSpecified" value="1" />
  <attribute name="heapSize specified" value="9371648" />
  <attribute name="Current GC Util" value="19" />
  <attribute name= "Current Time Running" value="46409" />
  <attribute name ="GC Interval" value="200" />
  <attribute name="ProportionalT" value="-0.500000" />
  <attribute name="ProportionalI" value="-0.500000" />
  <attribute name="ProportionalH" value="-0.500000" />
  <attribute name="Current Error" value="-1.000000" />
  <attribute name="IntegralT" value="-5.500000" />
  <attribute name="IntegralI" value="-5.500000" />
  <attribute name="IntegralH" value="-5.500000" />
  <attribute name="DerivativeT" value="-0.090909" />
  <attribute name="DerivativeI" value="-0.090909" />
  <attribute name="DerivativeH" value="-0.090909" />
  <attribute name="Loop Time for DT" value="11.000000" />
  <attribute name="Output H" value="8388608"/>
  <attribute name="Output I" value="200"/>
  <attribute name="Output T" value="1"/>
  <attribute name="Target GC Util Change" value ="20.000000" />
  <attribute name="Current GC Util Change" value="19.000000"/>
  <attribute name="GC Util currently" value="19" />
  <attribute name="CPU Util currently" value="425960297574" />
<allocation-satisfied id="2949" threadId="0000000002213700" bytesRequested="664" />
<af-end id="2950" timestamp="2019-06-16T21:31:00.445" threadId="0000000002214088" success="true" from="nursery"/>
<exclusive-end id="2951" timestamp="2019-06-16T21:31:00.445" durationms="2.638" />

<exclusive-start id="2952" timestamp="2019-06-16T21:31:00.453" intervalms="10.933">
  <response-info timems="0.072" idlems="0.072" threads="0" lastid="0000000002213700" lastname="main" />
</exclusive-start>
<af-start id="2953" threadId="0000000002214088" totalBytesRequested="32" timestamp="2019-06-16T21:31:00.454" intervalms="10.955" type="nursery" />
<cycle-start id="2954" type="scavenge" contextid="0" timestamp="2019-06-16T21:31:00.454" intervalms="10.914" />
<gc-start id="2955" type="scavenge" contextid="2954" timestamp="2019-06-16T21:31:00.454">
  <mem-info id="2956" free="2058249456" total="2092630016" percent="98">
    <mem type="nursery" free="0" total="3932160" percent="0">
      <mem type="allocate" free="0" total="3211264" percent="0" />
      <mem type="survivor" free="0" total="720896" percent="0" />
    </mem>
    <mem type="tenure" free="2058249456" total="2088697856" percent="98">
      <mem type="soa" free="1932928240" total="1963376640" percent="98" />
      <mem type="loa" free="125321216" total="125321216" percent="100" />
    </mem>
    <remembered-set count="440" />
  </mem-info>
</gc-start>
<allocation-stats totalBytes="2654752" >
  <allocated-bytes non-tlh="664" tlh="2654088" />
  <largest-consumer threadName="main" threadId="0000000002213700" bytes="2654752" />
</allocation-stats>
<gc-op id="2957" type="scavenge" timems="0.950" contextid="2954" timestamp="2019-06-16T21:31:00.455">
  <scavenger-info tenureage="3" tenuremask="4008" tiltratio="81" />
  <memory-copied type="nursery" objects="17115" bytes="450408" bytesdiscarded="94872" />
  <memory-copied type="tenure" objects="5669" bytes="170672" bytesdiscarded="80" />
</gc-op>
<gc-end id="2958" type="scavenge" contextid="2954" durationms="1.364" usertimems="4.000" systemtimems="0.000" timestamp="2019-06-16T21:31:00.455" activeThreads="4">
  <mem-info id="2959" free="2060769256" total="2092630016" percent="98">
    <mem type="nursery" free="2731520" total="3932160" percent="69">
      <mem type="allocate" free="2731520" total="3276800" percent="83" />
      <mem type="survivor" free="0" total="655360" percent="0" />
    </mem>
    <mem type="tenure" free="2058037736" total="2088697856" percent="98" macro-fragmented="2160235">
      <mem type="soa" free="1932716520" total="1963376640" percent="98" />
      <mem type="loa" free="125321216" total="125321216" percent="100" />
    </mem>
    <remembered-set count="266" />
  </mem-info>
</gc-end>
<cycle-end id="2960" type="scavenge" contextid="2954" timestamp="2019-06-16T21:31:00.455" />
  <attribute name="elasticGC enabled" value="1" />
  <attribute name= "numThreadsSpecified" value="4" />
  <attribute name="heapSize specified" value="9371648" />
  <attribute name="Current GC Util" value="16" />
  <attribute name= "Current Time Running" value="46420" />
  <attribute name ="GC Interval" value="200" />
  <attribute name="ProportionalT" value="-2.000000" />
  <attribute name="ProportionalI" value="-2.000000" />
  <attribute name="ProportionalH" value="-2.000000" />
  <attribute name="Current Error" value="-4.000000" />
  <attribute name="IntegralT" value="-22.000000" />
  <attribute name="IntegralI" value="-22.000000" />
  <attribute name="IntegralH" value="-22.000000" />
  <attribute name="DerivativeT" value="-0.363636" />
  <attribute name="DerivativeI" value="-0.363636" />
  <attribute name="DerivativeH" value="-0.363636" />
  <attribute name="Loop Time for DT" value="11.000000" />
  <attribute name="Output H" value="2092630016"/>
  <attribute name="Output I" value="200"/>
  <attribute name="Output T" value="4"/>
  <attribute name="Target GC Util Change" value ="20.000000" />
  <attribute name="Current GC Util Change" value="16.000000"/>
  <attribute name="GC Util currently" value="16" />
  <attribute name="CPU Util currently" value="427687708973" />
<allocation-satisfied id="2961" threadId="0000000002213700" bytesRequested="32" />
<af-end id="2962" timestamp="2019-06-16T21:31:00.455" threadId="0000000002214088" success="true" from="nursery"/>
<exclusive-end id="2963" timestamp="2019-06-16T21:31:00.455" durationms="2.136" />

<exclusive-start id="2964" timestamp="2019-06-16T21:31:00.464" intervalms="10.357">
  <response-info timems="0.036" idlems="0.036" threads="0" lastid="0000000002213700" lastname="main" />
</exclusive-start>
<af-start id="2965" threadId="0000000002214088" totalBytesRequested="32" timestamp="2019-06-16T21:31:00.464" intervalms="10.342" type="nursery" />
<cycle-start id="2966" type="scavenge" contextid="0" timestamp="2019-06-16T21:31:00.464" intervalms="10.382" />
<gc-start id="2967" type="scavenge" contextid="2966" timestamp="2019-06-16T21:31:00.464">
  <mem-info id="2968" free="2058037736" total="2092630016" percent="98">
    <mem type="nursery" free="0" total="3932160" percent="0">
      <mem type="allocate" free="0" total="3276800" percent="0" />
      <mem type="survivor" free="0" total="655360" percent="0" />
    </mem>
    <mem type="tenure" free="2058037736" total="2088697856" percent="98">
      <mem type="soa" free="1932716520" total="1963376640" percent="98" />
      <mem type="loa" free="125321216" total="125321216" percent="100" />
    </mem>
    <remembered-set count="316" />
  </mem-info>
</gc-start>
<allocation-stats totalBytes="2727200" >
  <allocated-bytes non-tlh="32" tlh="2727168" />
  <largest-consumer threadName="main" threadId="0000000002213700" bytes="2727200" />
</allocation-stats>
<gc-op id="2969" type="scavenge" timems="0.932" contextid="2966" timestamp="2019-06-16T21:31:00.465">
  <scavenger-info tenureage="3" tenuremask="4008" tiltratio="83" />
  <memory-copied type="nursery" objects="16520" bytes="402672" bytesdiscarded="125712" />
  <memory-copied type="tenure" objects="6001" bytes="179224" bytesdiscarded="8" />
</gc-op>
<gc-end id="2970" type="scavenge" contextid="2966" durationms="1.447" usertimems="0.000" systemtimems="4.000" timestamp="2019-06-16T21:31:00.466" activeThreads="4">
  <mem-info id="2971" free="2060607208" total="2092630016" percent="98">
    <mem type="nursery" free="2748416" total="3932160" percent="69">
      <mem type="allocate" free="2748416" total="3276800" percent="83" />
      <mem type="survivor" free="0" total="655360" percent="0" />
    </mem>
    <mem type="tenure" free="2057858792" total="2088697856" percent="98" macro-fragmented="1800196">
      <mem type="soa" free="1932537576" total="1963376640" percent="98" />
      <mem type="loa" free="125321216" total="125321216" percent="100" />
    </mem>
    <remembered-set count="309" />
  </mem-info>
</gc-end>
<cycle-end id="2972" type="scavenge" contextid="2966" timestamp="2019-06-16T21:31:00.466" />
  <attribute name="elasticGC enabled" value="1" />
  <attribute name= "numThreadsSpecified" value="4" />
  <attribute name="heapSize specified" value="9371648" />
  <attribute name="Current GC Util" value="25" />
  <attribute name= "Current Time Running" value="46430" />
  <attribute name ="GC Interval" value="200" />
  <attribute name="ProportionalT" value="2.500000" />
  <attribute name="ProportionalI" value="2.500000" />
  <attribute name="ProportionalH" value="2.500000" />
  <attribute name="Current Error" value="5.000000" />
  <attribute name="IntegralT" value="25.000000" />
  <attribute name="IntegralI" value="25.000000" />
  <attribute name="IntegralH" value="25.000000" />
  <attribute name="DerivativeT" value="0.500000" />
  <attribute name="DerivativeI" value="0.500000" />
  <attribute name="DerivativeH" value="0.500000" />
  <attribute name="Loop Time for DT" value="10.000000" />
  <attribute name="Output H" value="8388608"/>
  <attribute name="Output I" value="200"/>
  <attribute name="Output T" value="4"/>
  <attribute name="Target GC Util Change" value ="20.000000" />
  <attribute name="Current GC Util Change" value="25.000000"/>
  <attribute name="GC Util currently" value="25" />
  <attribute name="CPU Util currently" value="438232017943" />
<allocation-satisfied id="2973" threadId="0000000002213700" bytesRequested="32" />
<af-end id="2974" timestamp="2019-06-16T21:31:00.466" threadId="0000000002214088" success="true" from="nursery"/>
<exclusive-end id="2975" timestamp="2019-06-16T21:31:00.466" durationms="2.238" />

<exclusive-start id="2976" timestamp="2019-06-16T21:31:00.474" intervalms="10.510">
  <response-info timems="0.038" idlems="0.038" threads="0" lastid="0000000002213700" lastname="main" />
</exclusive-start>
<af-start id="2977" threadId="0000000002214088" totalBytesRequested="688" timestamp="2019-06-16T21:31:00.474" intervalms="10.491" type="nursery" />
<cycle-start id="2978" type="scavenge" contextid="0" timestamp="2019-06-16T21:31:00.474" intervalms="10.453" />
<gc-start id="2979" type="scavenge" contextid="2978" timestamp="2019-06-16T21:31:00.475">
  <mem-info id="2980" free="2057858792" total="2092630016" percent="98">
    <mem type="nursery" free="0" total="3932160" percent="0">
      <mem type="allocate" free="0" total="3276800" percent="0" />
      <mem type="survivor" free="0" total="655360" percent="0" />
    </mem>
    <mem type="tenure" free="2057858792" total="2088697856" percent="98">
      <mem type="soa" free="1932537576" total="1963376640" percent="98" />
      <mem type="loa" free="125321216" total="125321216" percent="100" />
    </mem>
    <remembered-set count="379" />
  </mem-info>
</gc-start>
<allocation-stats totalBytes="2742608" >
  <allocated-bytes non-tlh="32" tlh="2742576" />
  <largest-consumer threadName="main" threadId="0000000002213700" bytes="2742608" />
</allocation-stats>
<gc-op id="2981" type="scavenge" timems="0.743" contextid="2978" timestamp="2019-06-16T21:31:00.475">
  <scavenger-info tenureage="3" tenuremask="4008" tiltratio="83" />
  <memory-copied type="nursery" objects="16305" bytes="398704" bytesdiscarded="168848" />
  <memory-copied type="tenure" objects="5592" bytes="136352" bytesdiscarded="0" />
</gc-op>
<gc-end id="2982" type="scavenge" contextid="2978" durationms="1.142" usertimems="4.000" systemtimems="0.000" timestamp="2019-06-16T21:31:00.476" activeThreads="4">
  <mem-info id="2983" free="2060532968" total="2092630016" percent="98">
    <mem type="nursery" free="2774784" total="3932160" percent="70">
      <mem type="allocate" free="2774784" total="3342336" percent="83" />
      <mem type="survivor" free="0" total="589824" percent="0" />
    </mem>
    <mem type="tenure" free="2057758184" total="2088697856" percent="98" macro-fragmented="0">
      <mem type="soa" free="1932436968" total="1963376640" percent="98" />
      <mem type="loa" free="125321216" total="125321216" percent="100" />
    </mem>
    <remembered-set count="326" />
  </mem-info>
</gc-end>
<cycle-end id="2984" type="scavenge" contextid="2978" timestamp="2019-06-16T21:31:00.476" />
  <attribute name="elasticGC enabled" value="1" />
  <attribute name= "numThreadsSpecified" value="4" />
  <attribute name="heapSize specified" value="9371648" />
  <attribute name="Current GC Util" value="26" />
  <attribute name= "Current Time Running" value="46441" />
  <attribute name ="GC Interval" value="200" />
  <attribute name="ProportionalT" value="3.000000" />
  <attribute name="ProportionalI" value="3.000000" />
  <attribute name="ProportionalH" value="3.000000" />
  <attribute name="Current Error" value="6.000000" />
  <attribute name="IntegralT" value="33.000000" />
  <attribute name="IntegralI" value="33.000000" />
  <attribute name="IntegralH" value="33.000000" />
  <attribute name="DerivativeT" value="0.090909" />
  <attribute name="DerivativeI" value="0.090909" />
  <attribute name="DerivativeH" value="0.090909" />
  <attribute name="Loop Time for DT" value="11.000000" />
  <attribute name="Output H" value="8388608"/>
  <attribute name="Output I" value="200"/>
  <attribute name="Output T" value="4"/>
  <attribute name="Target GC Util Change" value ="20.000000" />
  <attribute name="Current GC Util Change" value="26.000000"/>
  <attribute name="GC Util currently" value="26" />
  <attribute name="CPU Util currently" value="447411892081" />
<allocation-satisfied id="2985" threadId="0000000002213700" bytesRequested="688" />
<af-end id="2986" timestamp="2019-06-16T21:31:00.476" threadId="0000000002214088" success="true" from="nursery"/>
<exclusive-end id="2987" timestamp="2019-06-16T21:31:00.476" durationms="1.765" />

<exclusive-start id="2988" timestamp="2019-06-16T21:31:00.484" intervalms="9.814">
  <response-info timems="0.060" idlems="0.060" threads="0" lastid="0000000002213700" lastname="main" />
</exclusive-start>
<af-start id="2989" threadId="0000000002214088" totalBytesRequested="40" timestamp="2019-06-16T21:31:00.484" intervalms="9.811" type="nursery" />
<cycle-start id="2990" type="scavenge" contextid="0" timestamp="2019-06-16T21:31:00.484" intervalms="9.809" />
<gc-start id="2991" type="scavenge" contextid="2990" timestamp="2019-06-16T21:31:00.484">
  <mem-info id="2992" free="2057758184" total="2092630016" percent="98">
    <mem type="nursery" free="0" total="3932160" percent="0">
      <mem type="allocate" free="0" total="3342336" percent="0" />
      <mem type="survivor" free="0" total="589824" percent="0" />
    </mem>
    <mem type="tenure" free="2057758184" total="2088697856" percent="98">
      <mem type="soa" free="1932436968" total="1963376640" percent="98" />
      <mem type="loa" free="125321216" total="125321216" percent="100" />
    </mem>
    <remembered-set count="395" />
  </mem-info>
</gc-start>
<allocation-stats totalBytes="2772328" >
  <allocated-bytes non-tlh="688" tlh="2771640" />
  <largest-consumer threadName="main" threadId="0000000002213700" bytes="2772328" />
</allocation-stats>
<gc-op id="2993" type="scavenge" timems="0.978" contextid="2990" timestamp="2019-06-16T21:31:00.485">
  <scavenger-info tenureage="2" tenuremask="400c" tiltratio="85" />
  <memory-copied type="nursery" objects="10923" bytes="270616" bytesdiscarded="95720" />
  <memory-copied type="tenure" objects="10854" bytes="264544" bytesdiscarded="104" />
</gc-op>
<gc-end id="2994" type="scavenge" contextid="2990" durationms="1.381" usertimems="0.000" systemtimems="0.000" timestamp="2019-06-16T21:31:00.486" activeThreads="4">
  <mem-info id="2995" free="2060446184" total="2092630016" percent="98">
    <mem type="nursery" free="2976000" total="3932160" percent="75">
      <mem type="allocate" free="2976000" total="3342336" percent="89" />
      <mem type="survivor" free="0" total="589824" percent="0" />
    </mem>
    <mem type="tenure" free="2057470184" total="2088697856" percent="98" macro-fragmented="0">
      <mem type="soa" free="1932148968" total="1963376640" percent="98" />
      <mem type="loa" free="125321216" total="125321216" percent="100" />
    </mem>
    <remembered-set count="262" />
  </mem-info>
</gc-end>
<cycle-end id="2996" type="scavenge" contextid="2990" timestamp="2019-06-16T21:31:00.486" />
  <attribute name="elasticGC enabled" value="1" />
  <attribute name= "numThreadsSpecified" value="4" />
  <attribute name="heapSize specified" value="9371648" />
  <attribute name="Current GC Util" value="25" />
  <attribute name= "Current Time Running" value="46450" />
  <attribute name ="GC Interval" value="200" />
  <attribute name="ProportionalT" value="2.500000" />
  <attribute name="ProportionalI" value="2.500000" />
  <attribute name="ProportionalH" value="2.500000" />
  <attribute name="Current Error" value="5.000000" />
  <attribute name="IntegralT" value="22.500000" />
  <attribute name="IntegralI" value="22.500000" />
  <attribute name="IntegralH" value="22.500000" />
  <attribute name="DerivativeT" value="-0.111111" />
  <attribute name="DerivativeI" value="-0.111111" />
  <attribute name="DerivativeH" value="-0.111111" />
  <attribute name="Loop Time for DT" value="9.000000" />
  <attribute name="Output H" value="8388608"/>
  <attribute name="Output I" value="200"/>
  <attribute name="Output T" value="4"/>
  <attribute name="Target GC Util Change" value ="20.000000" />
  <attribute name="Current GC Util Change" value="25.000000"/>
  <attribute name="GC Util currently" value="25" />
  <attribute name="CPU Util currently" value="470180310643" />
<allocation-satisfied id="2997" threadId="0000000002213700" bytesRequested="40" />
<af-end id="2998" timestamp="2019-06-16T21:31:00.486" threadId="0000000002214088" success="true" from="nursery"/>
<exclusive-end id="2999" timestamp="2019-06-16T21:31:00.486" durationms="2.060" />

<exclusive-start id="3000" timestamp="2019-06-16T21:31:00.495" intervalms="10.565">
  <response-info timems="0.034" idlems="0.034" threads="0" lastid="0000000002213700" lastname="main" />
</exclusive-start>
<af-start id="3001" threadId="0000000002214088" totalBytesRequested="64" timestamp="2019-06-16T21:31:00.495" intervalms="10.577" type="nursery" />
<cycle-start id="3002" type="scavenge" contextid="0" timestamp="2019-06-16T21:31:00.495" intervalms="10.577" />
<gc-start id="3003" type="scavenge" contextid="3002" timestamp="2019-06-16T21:31:00.495">
  <mem-info id="3004" free="2057470184" total="2092630016" percent="98">
    <mem type="nursery" free="0" total="3932160" percent="0">
      <mem type="allocate" free="0" total="3342336" percent="0" />
      <mem type="survivor" free="0" total="589824" percent="0" />
    </mem>
    <mem type="tenure" free="2057470184" total="2088697856" percent="98">
      <mem type="soa" free="1932148968" total="1963376640" percent="98" />
      <mem type="loa" free="125321216" total="125321216" percent="100" />
    </mem>
    <remembered-set count="359" />
  </mem-info>
</gc-start>
<allocation-stats totalBytes="2973128" >
  <allocated-bytes non-tlh="40" tlh="2973088" />
  <largest-consumer threadName="main" threadId="0000000002213700" bytes="2973128" />
</allocation-stats>
<gc-op id="3005" type="scavenge" timems="0.579" contextid="3002" timestamp="2019-06-16T21:31:00.496">
  <scavenger-info tenureage="2" tenuremask="4004" tiltratio="85" />
  <memory-copied type="nursery" objects="11430" bytes="279880" bytesdiscarded="78008" />
  <memory-copied type="tenure" objects="5401" bytes="132864" bytesdiscarded="16" />
</gc-op>
<gc-end id="3006" type="scavenge" contextid="3002" durationms="0.977" usertimems="0.000" systemtimems="4.000" timestamp="2019-06-16T21:31:00.496" activeThreads="4">
  <mem-info id="3007" free="2060349672" total="2092630016" percent="98">
    <mem type="nursery" free="3049984" total="3932160" percent="77">
      <mem type="allocate" free="3049984" total="3407872" percent="89" />
      <mem type="survivor" free="0" total="524288" percent="0" />
    </mem>
    <mem type="tenure" free="2057299688" total="2088697856" percent="98" macro-fragmented="0">
      <mem type="soa" free="1931978472" total="1963376640" percent="98" />
      <mem type="loa" free="125321216" total="125321216" percent="100" />
    </mem>
    <remembered-set count="292" />
  </mem-info>
</gc-end>
<cycle-end id="3008" type="scavenge" contextid="3002" timestamp="2019-06-16T21:31:00.496" />
  <attribute name="elasticGC enabled" value="1" />
  <attribute name= "numThreadsSpecified" value="4" />
  <attribute name="heapSize specified" value="9371648" />
  <attribute name="Current GC Util" value="22" />
  <attribute name= "Current Time Running" value="46461" />
  <attribute name ="GC Interval" value="200" />
  <attribute name="ProportionalT" value="1.000000" />
  <attribute name="ProportionalI" value="1.000000" />
  <attribute name="ProportionalH" value="1.000000" />
  <attribute name="Current Error" value="2.000000" />
  <attribute name="IntegralT" value="11.000000" />
  <attribute name="IntegralI" value="11.000000" />
  <attribute name="IntegralH" value="11.000000" />
  <attribute name="DerivativeT" value="-0.272727" />
  <attribute name="DerivativeI" value="-0.272727" />
  <attribute name="DerivativeH" value="-0.272727" />
  <attribute name="Loop Time for DT" value="11.000000" />
  <attribute name="Output H" value="8388608"/>
  <attribute name="Output I" value="200"/>
  <attribute name="Output T" value="4"/>
  <attribute name="Target GC Util Change" value ="20.000000" />
  <attribute name="Current GC Util Change" value="22.000000"/>
  <attribute name="GC Util currently" value="22" />
  <attribute name="CPU Util currently" value="435876969331" />
<allocation-satisfied id="3009" threadId="0000000002213700" bytesRequested="64" />
<af-end id="3010" timestamp="2019-06-16T21:31:00.496" threadId="0000000002214088" success="true" from="nursery"/>
<exclusive-end id="3011" timestamp="2019-06-16T21:31:00.496" durationms="1.553" />

<exclusive-start id="3012" timestamp="2019-06-16T21:31:00.504" intervalms="9.875">
  <response-info timems="0.043" idlems="0.043" threads="0" lastid="0000000002213700" lastname="main" />
</exclusive-start>
<af-start id="3013" threadId="0000000002214088" totalBytesRequested="16" timestamp="2019-06-16T21:31:00.505" intervalms="9.892" type="nursery" />
<cycle-start id="3014" type="scavenge" contextid="0" timestamp="2019-06-16T21:31:00.505" intervalms="9.894" />
<gc-start id="3015" type="scavenge" contextid="3014" timestamp="2019-06-16T21:31:00.505">
  <mem-info id="3016" free="2057299688" total="2092630016" percent="98">
    <mem type="nursery" free="0" total="3932160" percent="0">
      <mem type="allocate" free="0" total="3407872" percent="0" />
      <mem type="survivor" free="0" total="524288" percent="0" />
    </mem>
    <mem type="tenure" free="2057299688" total="2088697856" percent="98">
      <mem type="soa" free="1931978472" total="1963376640" percent="98" />
      <mem type="loa" free="125321216" total="125321216" percent="100" />
    </mem>
    <remembered-set count="383" />
  </mem-info>
</gc-start>
<allocation-stats totalBytes="3046224" >
  <allocated-bytes non-tlh="64" tlh="3046160" />
  <largest-consumer threadName="main" threadId="0000000002213700" bytes="3046224" />
</allocation-stats>
<gc-op id="3017" type="scavenge" timems="1.435" contextid="3014" timestamp="2019-06-16T21:31:00.506">
  <scavenger-info tenureage="2" tenuremask="4004" tiltratio="86" />
  <memory-copied type="nursery" objects="12483" bytes="301864" bytesdiscarded="78296" />
  <memory-copied type="tenure" objects="5472" bytes="136464" bytesdiscarded="8" />
</gc-op>
<gc-end id="3018" type="scavenge" contextid="3014" durationms="1.860" usertimems="4.000" systemtimems="0.000" timestamp="2019-06-16T21:31:00.507" activeThreads="1">
  <mem-info id="3019" free="2060179176" total="2092630016" percent="98">
    <mem type="nursery" free="3027712" total="3932160" percent="76">
      <mem type="allocate" free="3027712" total="3407872" percent="88" />
      <mem type="survivor" free="0" total="524288" percent="0" />
    </mem>
    <mem type="tenure" free="2057151464" total="2088697856" percent="98" macro-fragmented="0">
      <mem type="soa" free="1931830248" total="1963376640" percent="98" />
      <mem type="loa" free="125321216" total="125321216" percent="100" />
    </mem>
    <remembered-set count="319" />
  </mem-info>
</gc-end>
<cycle-end id="3020" type="scavenge" contextid="3014" timestamp="2019-06-16T21:31:00.507" />
  <attribute name="elasticGC enabled" value="1" />
  <attribute name= "numThreadsSpecified" value="1" />
  <attribute name="heapSize specified" value="9371648" />
  <attribute name="Current GC Util" value="20" />
  <attribute name= "Current Time Running" value="46471" />
  <attribute name ="GC Interval" value="200" />
  <attribute name="ProportionalT" value="0.000000" />
  <attribute name="ProportionalI" value="0.000000" />
  <attribute name="ProportionalH" value="0.000000" />
  <attribute name="Current Error" value="0.000000" />
  <attribute name="IntegralT" value="0.000000" />
  <attribute name="IntegralI" value="0.000000" />
  <attribute name="IntegralH" value="0.000000" />
  <attribute name="DerivativeT" value="-0.200000" />
  <attribute name="DerivativeI" value="-0.200000" />
  <attribute name="DerivativeH" value="-0.200000" />
  <attribute name="Loop Time for DT" value="10.000000" />
  <attribute name="Output H" value="8388608"/>
  <attribute name="Output I" value="200"/>
  <attribute name="Output T" value="1"/>
  <attribute name="Target GC Util Change" value ="20.000000" />
  <attribute name="Current GC Util Change" value="20.000000"/>
  <attribute name="GC Util currently" value="20" />
  <attribute name="CPU Util currently" value="466068188168" />
<allocation-satisfied id="3021" threadId="0000000002213700" bytesRequested="16" />
<af-end id="3022" timestamp="2019-06-16T21:31:00.507" threadId="0000000002214088" success="true" from="nursery"/>
<exclusive-end id="3023" timestamp="2019-06-16T21:31:00.507" durationms="2.488" />

<exclusive-start id="3024" timestamp="2019-06-16T21:31:00.515" intervalms="10.711">
  <response-info timems="0.066" idlems="0.066" threads="0" lastid="0000000002213700" lastname="main" />
</exclusive-start>
<af-start id="3025" threadId="0000000002214088" totalBytesRequested="80" timestamp="2019-06-16T21:31:00.515" intervalms="10.694" type="nursery" />
<cycle-start id="3026" type="scavenge" contextid="0" timestamp="2019-06-16T21:31:00.515" intervalms="10.694" />
<gc-start id="3027" type="scavenge" contextid="3026" timestamp="2019-06-16T21:31:00.515">
  <mem-info id="3028" free="2057151464" total="2092630016" percent="98">
    <mem type="nursery" free="0" total="3932160" percent="0">
      <mem type="allocate" free="0" total="3407872" percent="0" />
      <mem type="survivor" free="0" total="524288" percent="0" />
    </mem>
    <mem type="tenure" free="2057151464" total="2088697856" percent="98">
      <mem type="soa" free="1931830248" total="1963376640" percent="98" />
      <mem type="loa" free="125321216" total="125321216" percent="100" />
    </mem>
    <remembered-set count="408" />
  </mem-info>
</gc-start>
<allocation-stats totalBytes="3024272" >
  <allocated-bytes non-tlh="16" tlh="3024256" />
  <largest-consumer threadName="main" threadId="0000000002213700" bytes="3024272" />
</allocation-stats>
<gc-op id="3029" type="scavenge" timems="0.726" contextid="3026" timestamp="2019-06-16T21:31:00.516">
  <scavenger-info tenureage="2" tenuremask="4004" tiltratio="86" />
  <memory-copied type="nursery" objects="12952" bytes="315288" bytesdiscarded="90216" />
  <memory-copied type="tenure" objects="5906" bytes="142120" bytesdiscarded="56" />
</gc-op>
<gc-end id="3030" type="scavenge" contextid="3026" durationms="1.129" usertimems="4.000" systemtimems="0.000" timestamp="2019-06-16T21:31:00.517" activeThreads="4">
  <mem-info id="3031" free="2060079592" total="2092630016" percent="98">
    <mem type="nursery" free="3067904" total="3932160" percent="78">
      <mem type="allocate" free="3067904" total="3473408" percent="88" />
      <mem type="survivor" free="0" total="458752" percent="0" />
    </mem>
    <mem type="tenure" free="2057011688" total="2088697856" percent="98" macro-fragmented="2592282">
      <mem type="soa" free="1931690472" total="1963376640" percent="98" />
      <mem type="loa" free="125321216" total="125321216" percent="100" />
    </mem>
    <remembered-set count="306" />
  </mem-info>
</gc-end>
<cycle-end id="3032" type="scavenge" contextid="3026" timestamp="2019-06-16T21:31:00.517" />
  <attribute name="elasticGC enabled" value="1" />
  <attribute name= "numThreadsSpecified" value="4" />
  <attribute name="heapSize specified" value="9371648" />
  <attribute name="Current GC Util" value="18" />
  <attribute name= "Current Time Running" value="46482" />
  <attribute name ="GC Interval" value="200" />
  <attribute name="ProportionalT" value="-1.000000" />
  <attribute name="ProportionalI" value="-1.000000" />
  <attribute name="ProportionalH" value="-1.000000" />
  <attribute name="Current Error" value="-2.000000" />
  <attribute name="IntegralT" value="-11.000000" />
  <attribute name="IntegralI" value="-11.000000" />
  <attribute name="IntegralH" value="-11.000000" />
  <attribute name="DerivativeT" value="-0.181818" />
  <attribute name="DerivativeI" value="-0.181818" />
  <attribute name="DerivativeH" value="-0.181818" />
  <attribute name="Loop Time for DT" value="11.000000" />
  <attribute name="Output H" value="2092630016"/>
  <attribute name="Output I" value="200"/>
  <attribute name="Output T" value="4"/>
  <attribute name="Target GC Util Change" value ="20.000000" />
  <attribute name="Current GC Util Change" value="18.000000"/>
  <attribute name="GC Util currently" value="18" />
  <attribute name="CPU Util currently" value="431315244476" />
<allocation-satisfied id="3033" threadId="0000000002213700" bytesRequested="80" />
<af-end id="3034" timestamp="2019-06-16T21:31:00.517" threadId="0000000002214088" success="true" from="nursery"/>
<exclusive-end id="3035" timestamp="2019-06-16T21:31:00.517" durationms="1.692" />

<exclusive-start id="3036" timestamp="2019-06-16T21:31:00.525" intervalms="9.466">
  <response-info timems="0.036" idlems="0.036" threads="0" lastid="0000000002213700" lastname="main" />
</exclusive-start>
<af-start id="3037" threadId="0000000002214088" totalBytesRequested="32" timestamp="2019-06-16T21:31:00.525" intervalms="9.465" type="nursery" />
<cycle-start id="3038" type="scavenge" contextid="0" timestamp="2019-06-16T21:31:00.525" intervalms="9.474" />
<gc-start id="3039" type="scavenge" contextid="3038" timestamp="2019-06-16T21:31:00.525">
  <mem-info id="3040" free="2057011688" total="2092630016" percent="98">
    <mem type="nursery" free="0" total="3932160" percent="0">
      <mem type="allocate" free="0" total="3473408" percent="0" />
      <mem type="survivor" free="0" total="458752" percent="0" />
    </mem>
    <mem type="tenure" free="2057011688" total="2088697856" percent="98">
      <mem type="soa" free="1931690472" total="1963376640" percent="98" />
      <mem type="loa" free="125321216" total="125321216" percent="100" />
    </mem>
    <remembered-set count="416" />
  </mem-info>
</gc-start>
<allocation-stats totalBytes="3064416" >
  <allocated-bytes non-tlh="80" tlh="3064336" />
  <largest-consumer threadName="main" threadId="0000000002213700" bytes="3064416" />
</allocation-stats>
<gc-op id="3041" type="scavenge" timems="0.715" contextid="3038" timestamp="2019-06-16T21:31:00.526">
  <scavenger-info tenureage="2" tenuremask="4004" tiltratio="88" />
  <memory-copied type="nursery" objects="12647" bytes="317120" bytesdiscarded="141632" />
  <memory-copied type="tenure" objects="6531" bytes="158544" bytesdiscarded="64" />
</gc-op>
<gc-end id="3042" type="scavenge" contextid="3038" durationms="1.122" usertimems="0.000" systemtimems="0.000" timestamp="2019-06-16T21:31:00.526" activeThreads="4">
  <mem-info id="3043" free="2060026344" total="2092630016" percent="98">
    <mem type="nursery" free="3014656" total="3932160" percent="76">
      <mem type="allocate" free="3014656" total="3473408" percent="86" />
      <mem type="survivor" free="0" total="458752" percent="0" />
    </mem>
    <mem type="tenure" free="2057011688" total="2088697856" percent="98" macro-fragmented="3732887">
      <mem type="soa" free="1931690472" total="1963376640" percent="98" />
      <mem type="loa" free="125321216" total="125321216" percent="100" />
    </mem>
    <remembered-set count="318" />
  </mem-info>
</gc-end>
<cycle-end id="3044" type="scavenge" contextid="3038" timestamp="2019-06-16T21:31:00.526" />
  <attribute name="elasticGC enabled" value="1" />
  <attribute name= "numThreadsSpecified" value="4" />
  <attribute name="heapSize specified" value="9371648" />
  <attribute name="Current GC Util" value="23" />
  <attribute name= "Current Time Running" value="46491" />
  <attribute name ="GC Interval" value="200" />
  <attribute name="ProportionalT" value="1.500000" />
  <attribute name="ProportionalI" value="1.500000" />
  <attribute name="ProportionalH" value="1.500000" />
  <attribute name="Current Error" value="3.000000" />
  <attribute name="IntegralT" value="13.500000" />
  <attribute name="IntegralI" value="13.500000" />
  <attribute name="IntegralH" value="13.500000" />
  <attribute name="DerivativeT" value="0.333333" />
  <attribute name="DerivativeI" value="0.333333" />
  <attribute name="DerivativeH" value="0.333333" />
  <attribute name="Loop Time for DT" value="9.000000" />
  <attribute name="Output H" value="8388608"/>
  <attribute name="Output I" value="200"/>
  <attribute name="Output T" value="4"/>
  <attribute name="Target GC Util Change" value ="20.000000" />
  <attribute name="Current GC Util Change" value="23.000000"/>
  <attribute name="GC Util currently" value="23" />
  <attribute name="CPU Util currently" value="486695331826" />
<allocation-satisfied id="3045" threadId="0000000002213700" bytesRequested="32" />
<af-end id="3046" timestamp="2019-06-16T21:31:00.526" threadId="0000000002214088" success="true" from="nursery"/>
<exclusive-end id="3047" timestamp="2019-06-16T21:31:00.526" durationms="1.706" />

<exclusive-start id="3048" timestamp="2019-06-16T21:31:00.533" intervalms="8.543">
  <response-info timems="0.142" idlems="0.142" threads="0" lastid="0000000002213700" lastname="main" />
</exclusive-start>
<af-start id="3049" threadId="0000000002214088" totalBytesRequested="664" timestamp="2019-06-16T21:31:00.533" intervalms="8.527" type="nursery" />
<cycle-start id="3050" type="scavenge" contextid="0" timestamp="2019-06-16T21:31:00.533" intervalms="8.528" />
<gc-start id="3051" type="scavenge" contextid="3050" timestamp="2019-06-16T21:31:00.533">
  <mem-info id="3052" free="2057011688" total="2092630016" percent="98">
    <mem type="nursery" free="0" total="3932160" percent="0">
      <mem type="allocate" free="0" total="3473408" percent="0" />
      <mem type="survivor" free="0" total="458752" percent="0" />
    </mem>
    <mem type="tenure" free="2057011688" total="2088697856" percent="98">
      <mem type="soa" free="1931690472" total="1963376640" percent="98" />
      <mem type="loa" free="125321216" total="125321216" percent="100" />
    </mem>
    <remembered-set count="433" />
  </mem-info>
</gc-start>
<allocation-stats totalBytes="3010336" >
  <allocated-bytes non-tlh="32" tlh="3010304" />
  <largest-consumer threadName="main" threadId="0000000002213700" bytes="3010336" />
</allocation-stats>
<gc-op id="3053" type="scavenge" timems="0.775" contextid="3050" timestamp="2019-06-16T21:31:00.534">
  <scavenger-info tenureage="2" tenuremask="4004" tiltratio="88" />
  <memory-copied type="nursery" objects="12196" bytes="317280" bytesdiscarded="141472" />
  <memory-copied type="tenure" objects="6578" bytes="160312" bytesdiscarded="104" />
  <copy-failed type="nursery" objects="203" bytes="4784" />
</gc-op>
<gc-end id="3054" type="scavenge" contextid="3050" durationms="1.176" usertimems="4.000" systemtimems="0.000" timestamp="2019-06-16T21:31:00.535" activeThreads="4">
  <mem-info id="3055" free="2059689448" total="2092630016" percent="98">
    <mem type="nursery" free="3080192" total="3932160" percent="78">
      <mem type="allocate" free="3080192" total="3538944" percent="87" />
      <mem type="survivor" free="0" total="393216" percent="0" />
    </mem>
    <mem type="tenure" free="2056609256" total="2088697856" percent="98" macro-fragmented="0">
      <mem type="soa" free="1931288040" total="1963376640" percent="98" />
      <mem type="loa" free="125321216" total="125321216" percent="100" />
    </mem>
    <remembered-set count="343" />
  </mem-info>
</gc-end>
<cycle-end id="3056" type="scavenge" contextid="3050" timestamp="2019-06-16T21:31:00.535" />
  <attribute name="elasticGC enabled" value="1" />
  <attribute name= "numThreadsSpecified" value="4" />
  <attribute name="heapSize specified" value="9371648" />
  <attribute name="Current GC Util" value="25" />
  <attribute name= "Current Time Running" value="46500" />
  <attribute name ="GC Interval" value="200" />
  <attribute name="ProportionalT" value="2.500000" />
  <attribute name="ProportionalI" value="2.500000" />
  <attribute name="ProportionalH" value="2.500000" />
  <attribute name="Current Error" value="5.000000" />
  <attribute name="IntegralT" value="22.500000" />
  <attribute name="IntegralI" value="22.500000" />
  <attribute name="IntegralH" value="22.500000" />
  <attribute name="DerivativeT" value="0.222222" />
  <attribute name="DerivativeI" value="0.222222" />
  <attribute name="DerivativeH" value="0.222222" />
  <attribute name="Loop Time for DT" value="9.000000" />
  <attribute name="Output H" value="8388608"/>
  <attribute name="Output I" value="200"/>
  <attribute name="Output T" value="4"/>
  <attribute name="Target GC Util Change" value ="20.000000" />
  <attribute name="Current GC Util Change" value="25.000000"/>
  <attribute name="GC Util currently" value="25" />
  <attribute name="CPU Util currently" value="540959472775" />
<allocation-satisfied id="3057" threadId="0000000002213700" bytesRequested="664" />
<af-end id="3058" timestamp="2019-06-16T21:31:00.535" threadId="0000000002214088" success="true" from="nursery"/>
<exclusive-end id="3059" timestamp="2019-06-16T21:31:00.535" durationms="1.746" />

<exclusive-start id="3060" timestamp="2019-06-16T21:31:00.542" intervalms="8.526">
  <response-info timems="0.060" idlems="0.060" threads="0" lastid="0000000002213700" lastname="main" />
</exclusive-start>
<af-start id="3061" threadId="0000000002214088" totalBytesRequested="40" timestamp="2019-06-16T21:31:00.542" intervalms="8.531" type="nursery" />
<cycle-start id="3062" type="scavenge" contextid="0" timestamp="2019-06-16T21:31:00.542" intervalms="8.521" />
<gc-start id="3063" type="scavenge" contextid="3062" timestamp="2019-06-16T21:31:00.542">
  <mem-info id="3064" free="2056609256" total="2092630016" percent="98">
    <mem type="nursery" free="0" total="3932160" percent="0">
      <mem type="allocate" free="0" total="3538944" percent="0" />
      <mem type="survivor" free="0" total="393216" percent="0" />
    </mem>
    <mem type="tenure" free="2056609256" total="2088697856" percent="98">
      <mem type="soa" free="1931288040" total="1963376640" percent="98" />
      <mem type="loa" free="125321216" total="125321216" percent="100" />
    </mem>
    <remembered-set count="595" />
  </mem-info>
</gc-start>
<allocation-stats totalBytes="3076688" >
  <allocated-bytes non-tlh="664" tlh="3076024" />
  <largest-consumer threadName="main" threadId="0000000002213700" bytes="3076688" />
</allocation-stats>
<gc-op id="3065" type="scavenge" timems="0.624" contextid="3062" timestamp="2019-06-16T21:31:00.543">
  <scavenger-info tenureage="2" tenuremask="4004" tiltratio="90" />
  <memory-copied type="nursery" objects="12353" bytes="317552" bytesdiscarded="75664" />
  <memory-copied type="tenure" objects="6421" bytes="164048" bytesdiscarded="40" />
  <copy-failed type="nursery" objects="203" bytes="4624" />
</gc-op>
<gc-end id="3066" type="scavenge" contextid="3062" durationms="1.029" usertimems="0.000" systemtimems="0.000" timestamp="2019-06-16T21:31:00.543" activeThreads="4">
  <mem-info id="3067" free="2059654376" total="2092630016" percent="98">
    <mem type="nursery" free="3145728" total="3932160" percent="80">
      <mem type="allocate" free="3145728" total="3538944" percent="88" />
      <mem type="survivor" free="0" total="393216" percent="0" />
    </mem>
    <mem type="tenure" free="2056508648" total="2088697856" percent="98" macro-fragmented="0">
      <mem type="soa" free="1931187432" total="1963376640" percent="98" />
      <mem type="loa" free="125321216" total="125321216" percent="100" />
    </mem>
    <remembered-set count="482" />
  </mem-info>
</gc-end>
<cycle-end id="3068" type="scavenge" contextid="3062" timestamp="2019-06-16T21:31:00.543" />
  <attribute name="elasticGC enabled" value="1" />
  <attribute name= "numThreadsSpecified" value="4" />
  <attribute name="heapSize specified" value="9371648" />
  <attribute name="Current GC Util" value="24" />
  <attribute name= "Current Time Running" value="46508" />
  <attribute name ="GC Interval" value="200" />
  <attribute name="ProportionalT" value="2.000000" />
  <attribute name="ProportionalI" value="2.000000" />
  <attribute name="ProportionalH" value="2.000000" />
  <attribute name="Current Error" value="4.000000" />
  <attribute name="IntegralT" value="16.000000" />
  <attribute name="IntegralI" value="16.000000" />
  <attribute name="IntegralH" value="16.000000" />
  <attribute name="DerivativeT" value="-0.125000" />
  <attribute name="DerivativeI" value="-0.125000" />
  <attribute name="DerivativeH" value="-0.125000" />
  <attribute name="Loop Time for DT" value="8.000000" />
  <attribute name="Output H" value="8388608"/>
  <attribute name="Output I" value="200"/>
  <attribute name="Output T" value="4"/>
  <attribute name="Target GC Util Change" value ="20.000000" />
  <attribute name="Current GC Util Change" value="24.000000"/>
  <attribute name="GC Util currently" value="24" />
  <attribute name="CPU Util currently" value="541151049463" />
<allocation-satisfied id="3069" threadId="0000000002213700" bytesRequested="40" />
<af-end id="3070" timestamp="2019-06-16T21:31:00.543" threadId="0000000002214088" success="true" from="nursery"/>
<exclusive-end id="3071" timestamp="2019-06-16T21:31:00.543" durationms="1.593" />

<exclusive-start id="3072" timestamp="2019-06-16T21:31:00.559" intervalms="17.176">
  <response-info timems="0.069" idlems="0.069" threads="0" lastid="0000000002213700" lastname="main" />
</exclusive-start>
<af-start id="3073" threadId="0000000002214088" totalBytesRequested="80" timestamp="2019-06-16T21:31:00.559" intervalms="17.196" type="nursery" />
<cycle-start id="3074" type="scavenge" contextid="0" timestamp="2019-06-16T21:31:00.559" intervalms="17.195" />
<gc-start id="3075" type="scavenge" contextid="3074" timestamp="2019-06-16T21:31:00.559">
  <mem-info id="3076" free="2056508648" total="2092630016" percent="98">
    <mem type="nursery" free="0" total="3932160" percent="0">
      <mem type="allocate" free="0" total="3538944" percent="0" />
      <mem type="survivor" free="0" total="393216" percent="0" />
    </mem>
    <mem type="tenure" free="2056508648" total="2088697856" percent="98">
      <mem type="soa" free="1931187432" total="1963376640" percent="98" />
      <mem type="loa" free="125321216" total="125321216" percent="100" />
    </mem>
    <remembered-set count="717" />
  </mem-info>
</gc-start>
<allocation-stats totalBytes="3144448" >
  <allocated-bytes non-tlh="65584" tlh="3078864" />
  <largest-consumer threadName="main" threadId="0000000002213700" bytes="3144448" />
</allocation-stats>
<gc-op id="3077" type="scavenge" timems="0.844" contextid="3074" timestamp="2019-06-16T21:31:00.560">
  <scavenger-info tenureage="2" tenuremask="4004" tiltratio="90" />
  <memory-copied type="nursery" objects="9073" bytes="372680" bytesdiscarded="20536" />
  <memory-copied type="tenure" objects="11059" bytes="266312" bytesdiscarded="72" />
  <copy-failed type="nursery" objects="5143" bytes="110840" />
</gc-op>
<gc-end id="3078" type="scavenge" contextid="3074" durationms="1.242" usertimems="4.000" systemtimems="0.000" timestamp="2019-06-16T21:31:00.560" activeThreads="4">
  <mem-info id="3079" free="2059100136" total="2092630016" percent="98">
    <mem type="nursery" free="2818048" total="3932160" percent="71">
      <mem type="allocate" free="2818048" total="3211264" percent="87" />
      <mem type="survivor" free="0" total="720896" percent="0" />
    </mem>
    <mem type="tenure" free="2056282088" total="2088697856" percent="98" macro-fragmented="3732887">
      <mem type="soa" free="1930960872" total="1963376640" percent="98" />
      <mem type="loa" free="125321216" total="125321216" percent="100" />
    </mem>
    <remembered-set count="1390" />
  </mem-info>
</gc-end>
<cycle-end id="3080" type="scavenge" contextid="3074" timestamp="2019-06-16T21:31:00.561" />
  <attribute name="elasticGC enabled" value="1" />
  <attribute name= "numThreadsSpecified" value="4" />
  <attribute name="heapSize specified" value="9371648" />
  <attribute name="Current GC Util" value="12" />
  <attribute name= "Current Time Running" value="46525" />
  <attribute name ="GC Interval" value="200" />
  <attribute name="ProportionalT" value="-4.000000" />
  <attribute name="ProportionalI" value="-4.000000" />
  <attribute name="ProportionalH" value="-4.000000" />
  <attribute name="Current Error" value="-8.000000" />
  <attribute name="IntegralT" value="-68.000000" />
  <attribute name="IntegralI" value="-68.000000" />
  <attribute name="IntegralH" value="-68.000000" />
  <attribute name="DerivativeT" value="-0.705882" />
  <attribute name="DerivativeI" value="-0.705882" />
  <attribute name="DerivativeH" value="-0.705882" />
  <attribute name="Loop Time for DT" value="17.000000" />
  <attribute name="Output H" value="2092630016"/>
  <attribute name="Output I" value="200"/>
  <attribute name="Output T" value="4"/>
  <attribute name="Target GC Util Change" value ="20.000000" />
  <attribute name="Current GC Util Change" value="12.000000"/>
  <attribute name="GC Util currently" value="12" />
  <attribute name="CPU Util currently" value="268216261806" />
<allocation-satisfied id="3081" threadId="0000000002213700" bytesRequested="80" />
<af-end id="3082" timestamp="2019-06-16T21:31:00.561" threadId="0000000002214088" success="true" from="nursery"/>
<exclusive-end id="3083" timestamp="2019-06-16T21:31:00.561" durationms="1.836" />

<exclusive-start id="3084" timestamp="2019-06-16T21:31:00.566" intervalms="7.515">
  <response-info timems="0.034" idlems="0.034" threads="0" lastid="0000000002213700" lastname="main" />
</exclusive-start>
<af-start id="3085" threadId="0000000002214088" totalBytesRequested="664" timestamp="2019-06-16T21:31:00.567" intervalms="7.492" type="nursery" />
<cycle-start id="3086" type="scavenge" contextid="0" timestamp="2019-06-16T21:31:00.567" intervalms="7.490" />
<gc-start id="3087" type="scavenge" contextid="3086" timestamp="2019-06-16T21:31:00.567">
  <mem-info id="3088" free="2056282088" total="2092630016" percent="98">
    <mem type="nursery" free="0" total="3932160" percent="0">
      <mem type="allocate" free="0" total="3211264" percent="0" />
      <mem type="survivor" free="0" total="720896" percent="0" />
    </mem>
    <mem type="tenure" free="2056282088" total="2088697856" percent="98">
      <mem type="soa" free="1930960872" total="1963376640" percent="98" />
      <mem type="loa" free="125321216" total="125321216" percent="100" />
    </mem>
    <remembered-set count="1447" />
  </mem-info>
</gc-start>
<allocation-stats totalBytes="2813448" >
  <allocated-bytes non-tlh="80" tlh="2813368" />
  <largest-consumer threadName="main" threadId="0000000002213700" bytes="2813448" />
</allocation-stats>
<gc-op id="3089" type="scavenge" timems="0.609" contextid="3086" timestamp="2019-06-16T21:31:00.567">
  <scavenger-info tenureage="2" tenuremask="4004" tiltratio="81" />
  <memory-copied type="nursery" objects="9977" bytes="379048" bytesdiscarded="132200" />
  <memory-copied type="tenure" objects="4905" bytes="131536" bytesdiscarded="0" />
</gc-op>
<gc-end id="3090" type="scavenge" contextid="3086" durationms="1.008" usertimems="4.000" systemtimems="0.000" timestamp="2019-06-16T21:31:00.568" activeThreads="4">
  <mem-info id="3091" free="2058912216" total="2092630016" percent="98">
    <mem type="nursery" free="2700016" total="3932160" percent="68">
      <mem type="allocate" free="2700016" total="3211264" percent="84" />
      <mem type="survivor" free="0" total="720896" percent="0" />
    </mem>
    <mem type="tenure" free="2056212200" total="2088697856" percent="98" macro-fragmented="0">
      <mem type="soa" free="1930890984" total="1963376640" percent="98" />
      <mem type="loa" free="125321216" total="125321216" percent="100" />
    </mem>
    <remembered-set count="843" />
  </mem-info>
</gc-end>
<cycle-end id="3092" type="scavenge" contextid="3086" timestamp="2019-06-16T21:31:00.568" />
  <attribute name="elasticGC enabled" value="1" />
  <attribute name= "numThreadsSpecified" value="4" />
  <attribute name="heapSize specified" value="9371648" />
  <attribute name="Current GC Util" value="33" />
  <attribute name= "Current Time Running" value="46533" />
  <attribute name ="GC Interval" value="200" />
  <attribute name="ProportionalT" value="6.500000" />
  <attribute name="ProportionalI" value="6.500000" />
  <attribute name="ProportionalH" value="6.500000" />
  <attribute name="Current Error" value="13.000000" />
  <attribute name="IntegralT" value="52.000000" />
  <attribute name="IntegralI" value="52.000000" />
  <attribute name="IntegralH" value="52.000000" />
  <attribute name="DerivativeT" value="1.625000" />
  <attribute name="DerivativeI" value="1.625000" />
  <attribute name="DerivativeH" value="1.625000" />
  <attribute name="Loop Time for DT" value="8.000000" />
  <attribute name="Output H" value="8388608"/>
  <attribute name="Output I" value="200"/>
  <attribute name="Output T" value="4"/>
  <attribute name="Target GC Util Change" value ="20.000000" />
  <attribute name="Current GC Util Change" value="33.000000"/>
  <attribute name="GC Util currently" value="33" />
  <attribute name="CPU Util currently" value="615752945655" />
<allocation-satisfied id="3093" threadId="0000000002213700" bytesRequested="664" />
<af-end id="3094" timestamp="2019-06-16T21:31:00.568" threadId="0000000002214088" success="true" from="nursery"/>
<exclusive-end id="3095" timestamp="2019-06-16T21:31:00.568" durationms="1.560" />

<exclusive-start id="3096" timestamp="2019-06-16T21:31:00.573" intervalms="6.972">
  <response-info timems="0.030" idlems="0.030" threads="0" lastid="0000000002213700" lastname="main" />
</exclusive-start>
<af-start id="3097" threadId="0000000002214088" totalBytesRequested="32" timestamp="2019-06-16T21:31:00.573" intervalms="6.954" type="nursery" />
<cycle-start id="3098" type="scavenge" contextid="0" timestamp="2019-06-16T21:31:00.574" intervalms="6.953" />
<gc-start id="3099" type="scavenge" contextid="3098" timestamp="2019-06-16T21:31:00.574">
  <mem-info id="3100" free="2056212200" total="2092630016" percent="98">
    <mem type="nursery" free="0" total="3932160" percent="0">
      <mem type="allocate" free="0" total="3211264" percent="0" />
      <mem type="survivor" free="0" total="720896" percent="0" />
    </mem>
    <mem type="tenure" free="2056212200" total="2088697856" percent="98">
      <mem type="soa" free="1930890984" total="1963376640" percent="98" />
      <mem type="loa" free="125321216" total="125321216" percent="100" />
    </mem>
    <remembered-set count="898" />
  </mem-info>
</gc-start>
<allocation-stats totalBytes="2697224" >
  <allocated-bytes non-tlh="664" tlh="2696560" />
  <largest-consumer threadName="main" threadId="0000000002213700" bytes="2697224" />
</allocation-stats>
<gc-op id="3101" type="scavenge" timems="0.775" contextid="3098" timestamp="2019-06-16T21:31:00.575">
  <scavenger-info tenureage="2" tenuremask="4004" tiltratio="81" />
  <memory-copied type="nursery" objects="11381" bytes="274736" bytesdiscarded="175312" />
  <memory-copied type="tenure" objects="4089" bytes="238280" bytesdiscarded="16" />
</gc-op>
<gc-end id="3102" type="scavenge" contextid="3098" durationms="1.174" usertimems="4.000" systemtimems="0.000" timestamp="2019-06-16T21:31:00.575" activeThreads="4">
  <mem-info id="3103" free="2058737368" total="2092630016" percent="98">
    <mem type="nursery" free="2826752" total="3932160" percent="71">
      <mem type="allocate" free="2826752" total="3276800" percent="86" />
      <mem type="survivor" free="0" total="655360" percent="0" />
    </mem>
    <mem type="tenure" free="2055910616" total="2088697856" percent="98" macro-fragmented="0">
      <mem type="soa" free="1930589400" total="1963376640" percent="98" />
      <mem type="loa" free="125321216" total="125321216" percent="100" />
    </mem>
    <remembered-set count="233" />
  </mem-info>
</gc-end>
<cycle-end id="3104" type="scavenge" contextid="3098" timestamp="2019-06-16T21:31:00.575" />
  <attribute name="elasticGC enabled" value="1" />
  <attribute name= "numThreadsSpecified" value="4" />
  <attribute name="heapSize specified" value="9371648" />
  <attribute name="Current GC Util" value="31" />
  <attribute name= "Current Time Running" value="46540" />
  <attribute name ="GC Interval" value="200" />
  <attribute name="ProportionalT" value="5.500000" />
  <attribute name="ProportionalI" value="5.500000" />
  <attribute name="ProportionalH" value="5.500000" />
  <attribute name="Current Error" value="11.000000" />
  <attribute name="IntegralT" value="38.500000" />
  <attribute name="IntegralI" value="38.500000" />
  <attribute name="IntegralH" value="38.500000" />
  <attribute name="DerivativeT" value="-0.285714" />
  <attribute name="DerivativeI" value="-0.285714" />
  <attribute name="DerivativeH" value="-0.285714" />
  <attribute name="Loop Time for DT" value="7.000000" />
  <attribute name="Output H" value="8388608"/>
  <attribute name="Output I" value="200"/>
  <attribute name="Output T" value="4"/>
  <attribute name="Target GC Util Change" value ="20.000000" />
  <attribute name="Current GC Util Change" value="31.000000"/>
  <attribute name="GC Util currently" value="31" />
  <attribute name="CPU Util currently" value="664368972382" />
<allocation-satisfied id="3105" threadId="0000000002213700" bytesRequested="32" />
<af-end id="3106" timestamp="2019-06-16T21:31:00.575" threadId="0000000002214088" success="true" from="nursery"/>
<exclusive-end id="3107" timestamp="2019-06-16T21:31:00.575" durationms="1.701" />

<exclusive-start id="3108" timestamp="2019-06-16T21:31:00.581" intervalms="7.643">
  <response-info timems="0.246" idlems="0.246" threads="0" lastid="0000000002213700" lastname="main" />
</exclusive-start>
<af-start id="3109" threadId="0000000002214088" totalBytesRequested="16" timestamp="2019-06-16T21:31:00.581" intervalms="7.650" type="nursery" />
<cycle-start id="3110" type="scavenge" contextid="0" timestamp="2019-06-16T21:31:00.581" intervalms="7.653" />
<gc-start id="3111" type="scavenge" contextid="3110" timestamp="2019-06-16T21:31:00.581">
  <mem-info id="3112" free="2055910616" total="2092630016" percent="98">
    <mem type="nursery" free="0" total="3932160" percent="0">
      <mem type="allocate" free="0" total="3276800" percent="0" />
      <mem type="survivor" free="0" total="655360" percent="0" />
    </mem>
    <mem type="tenure" free="2055910616" total="2088697856" percent="98">
      <mem type="soa" free="1930589400" total="1963376640" percent="98" />
      <mem type="loa" free="125321216" total="125321216" percent="100" />
    </mem>
    <remembered-set count="307" />
  </mem-info>
</gc-start>
<allocation-stats totalBytes="2821992" >
  <allocated-bytes non-tlh="32" tlh="2821960" />
  <largest-consumer threadName="main" threadId="0000000002213700" bytes="2821992" />
</allocation-stats>
<gc-op id="3113" type="scavenge" timems="0.896" contextid="3110" timestamp="2019-06-16T21:31:00.582">
  <scavenger-info tenureage="2" tenuremask="4004" tiltratio="83" />
  <memory-copied type="nursery" objects="12293" bytes="303520" bytesdiscarded="110432" />
  <memory-copied type="tenure" objects="5834" bytes="138632" bytesdiscarded="24" />
</gc-op>
<gc-end id="3114" type="scavenge" contextid="3110" durationms="1.311" usertimems="0.000" systemtimems="0.000" timestamp="2019-06-16T21:31:00.583" activeThreads="4">
  <mem-info id="3115" free="2058760664" total="2092630016" percent="98">
    <mem type="nursery" free="2928384" total="3932160" percent="74">
      <mem type="allocate" free="2928384" total="3342336" percent="87" />
      <mem type="survivor" free="0" total="589824" percent="0" />
    </mem>
    <mem type="tenure" free="2055832280" total="2088697856" percent="98" macro-fragmented="13104">
      <mem type="soa" free="1930511064" total="1963376640" percent="98" />
      <mem type="loa" free="125321216" total="125321216" percent="100" />
    </mem>
    <remembered-set count="239" />
  </mem-info>
</gc-end>
<cycle-end id="3116" type="scavenge" contextid="3110" timestamp="2019-06-16T21:31:00.583" />
  <attribute name="elasticGC enabled" value="1" />
  <attribute name= "numThreadsSpecified" value="4" />
  <attribute name="heapSize specified" value="9371648" />
  <attribute name="Current GC Util" value="28" />
  <attribute name= "Current Time Running" value="46547" />
  <attribute name ="GC Interval" value="200" />
  <attribute name="ProportionalT" value="4.000000" />
  <attribute name="ProportionalI" value="4.000000" />
  <attribute name="ProportionalH" value="4.000000" />
  <attribute name="Current Error" value="8.000000" />
  <attribute name="IntegralT" value="28.000000" />
  <attribute name="IntegralI" value="28.000000" />
  <attribute name="IntegralH" value="28.000000" />
  <attribute name="DerivativeT" value="-0.428571" />
  <attribute name="DerivativeI" value="-0.428571" />
  <attribute name="DerivativeH" value="-0.428571" />
  <attribute name="Loop Time for DT" value="7.000000" />
  <attribute name="Output H" value="8388608"/>
  <attribute name="Output I" value="200"/>
  <attribute name="Output T" value="4"/>
  <attribute name="Target GC Util Change" value ="20.000000" />
  <attribute name="Current GC Util Change" value="28.000000"/>
  <attribute name="GC Util currently" value="28" />
  <attribute name="CPU Util currently" value="600406929209" />
<allocation-satisfied id="3117" threadId="0000000002213700" bytesRequested="16" />
<af-end id="3118" timestamp="2019-06-16T21:31:00.583" threadId="0000000002214088" success="true" from="nursery"/>
<exclusive-end id="3119" timestamp="2019-06-16T21:31:00.583" durationms="1.877" />

<exclusive-start id="3120" timestamp="2019-06-16T21:31:00.588" intervalms="7.254">
  <response-info timems="0.028" idlems="0.028" threads="0" lastid="0000000002213700" lastname="main" />
</exclusive-start>
<af-start id="3121" threadId="0000000002214088" totalBytesRequested="664" timestamp="2019-06-16T21:31:00.588" intervalms="7.266" type="nursery" />
<cycle-start id="3122" type="scavenge" contextid="0" timestamp="2019-06-16T21:31:00.589" intervalms="7.322" />
<gc-start id="3123" type="scavenge" contextid="3122" timestamp="2019-06-16T21:31:00.589">
  <mem-info id="3124" free="2055832280" total="2092630016" percent="98">
    <mem type="nursery" free="0" total="3932160" percent="0">
      <mem type="allocate" free="0" total="3342336" percent="0" />
      <mem type="survivor" free="0" total="589824" percent="0" />
    </mem>
    <mem type="tenure" free="2055832280" total="2088697856" percent="98">
      <mem type="soa" free="1930511064" total="1963376640" percent="98" />
      <mem type="loa" free="125321216" total="125321216" percent="100" />
    </mem>
    <remembered-set count="312" />
  </mem-info>
</gc-start>
<allocation-stats totalBytes="2924752" >
  <allocated-bytes non-tlh="16" tlh="2924736" />
  <largest-consumer threadName="main" threadId="0000000002213700" bytes="2924752" />
</allocation-stats>
<gc-op id="3125" type="scavenge" timems="0.851" contextid="3122" timestamp="2019-06-16T21:31:00.590">
  <scavenger-info tenureage="2" tenuremask="4004" tiltratio="85" />
  <memory-copied type="nursery" objects="12772" bytes="318584" bytesdiscarded="156808" />
  <memory-copied type="tenure" objects="5490" bytes="133904" bytesdiscarded="24" />
</gc-op>
<gc-end id="3126" type="scavenge" contextid="3122" durationms="1.253" usertimems="4.000" systemtimems="0.000" timestamp="2019-06-16T21:31:00.590" activeThreads="4">
  <mem-info id="3127" free="2058594264" total="2092630016" percent="98">
    <mem type="nursery" free="2932480" total="3932160" percent="74">
      <mem type="allocate" free="2932480" total="3407872" percent="86" />
      <mem type="survivor" free="0" total="524288" percent="0" />
    </mem>
    <mem type="tenure" free="2055661784" total="2088697856" percent="98" macro-fragmented="196632">
      <mem type="soa" free="1930340568" total="1963376640" percent="98" />
      <mem type="loa" free="125321216" total="125321216" percent="100" />
    </mem>
    <remembered-set count="257" />
  </mem-info>
</gc-end>
<cycle-end id="3128" type="scavenge" contextid="3122" timestamp="2019-06-16T21:31:00.590" />
  <attribute name="elasticGC enabled" value="1" />
  <attribute name= "numThreadsSpecified" value="4" />
  <attribute name="heapSize specified" value="9371648" />
  <attribute name="Current GC Util" value="30" />
  <attribute name= "Current Time Running" value="46555" />
  <attribute name ="GC Interval" value="200" />
  <attribute name="ProportionalT" value="5.000000" />
  <attribute name="ProportionalI" value="5.000000" />
  <attribute name="ProportionalH" value="5.000000" />
  <attribute name="Current Error" value="10.000000" />
  <attribute name="IntegralT" value="40.000000" />
  <attribute name="IntegralI" value="40.000000" />
  <attribute name="IntegralH" value="40.000000" />
  <attribute name="DerivativeT" value="0.250000" />
  <attribute name="DerivativeI" value="0.250000" />
  <attribute name="DerivativeH" value="0.250000" />
  <attribute name="Loop Time for DT" value="8.000000" />
  <attribute name="Output H" value="8388608"/>
  <attribute name="Output I" value="200"/>
  <attribute name="Output T" value="4"/>
  <attribute name="Target GC Util Change" value ="20.000000" />
  <attribute name="Current GC Util Change" value="30.000000"/>
  <attribute name="GC Util currently" value="30" />
  <attribute name="CPU Util currently" value="633544798952" />
<allocation-satisfied id="3129" threadId="0000000002213700" bytesRequested="664" />
<af-end id="3130" timestamp="2019-06-16T21:31:00.590" threadId="0000000002214088" success="true" from="nursery"/>
<exclusive-end id="3131" timestamp="2019-06-16T21:31:00.590" durationms="1.894" />

<exclusive-start id="3132" timestamp="2019-06-16T21:31:00.596" intervalms="7.300">
  <response-info timems="0.029" idlems="0.029" threads="0" lastid="0000000002213700" lastname="main" />
</exclusive-start>
<af-start id="3133" threadId="0000000002214088" totalBytesRequested="48" timestamp="2019-06-16T21:31:00.596" intervalms="7.246" type="nursery" />
<cycle-start id="3134" type="scavenge" contextid="0" timestamp="2019-06-16T21:31:00.596" intervalms="7.186" />
<gc-start id="3135" type="scavenge" contextid="3134" timestamp="2019-06-16T21:31:00.596">
  <mem-info id="3136" free="2055661784" total="2092630016" percent="98">
    <mem type="nursery" free="0" total="3932160" percent="0">
      <mem type="allocate" free="0" total="3407872" percent="0" />
      <mem type="survivor" free="0" total="524288" percent="0" />
    </mem>
    <mem type="tenure" free="2055661784" total="2088697856" percent="98">
      <mem type="soa" free="1930340568" total="1963376640" percent="98" />
      <mem type="loa" free="125321216" total="125321216" percent="100" />
    </mem>
    <remembered-set count="330" />
  </mem-info>
</gc-start>
<allocation-stats totalBytes="2928368" >
  <allocated-bytes non-tlh="664" tlh="2927704" />
  <largest-consumer threadName="main" threadId="0000000002213700" bytes="2928368" />
</allocation-stats>
<gc-op id="3137" type="scavenge" timems="0.759" contextid="3134" timestamp="2019-06-16T21:31:00.597">
  <scavenger-info tenureage="2" tenuremask="4004" tiltratio="86" />
  <memory-copied type="nursery" objects="12050" bytes="291760" bytesdiscarded="175184" />
  <memory-copied type="tenure" objects="6752" bytes="168296" bytesdiscarded="8" />
</gc-op>
<gc-end id="3138" type="scavenge" contextid="3134" durationms="1.156" usertimems="4.000" systemtimems="0.000" timestamp="2019-06-16T21:31:00.597" activeThreads="4">
  <mem-info id="3139" free="2058485208" total="2092630016" percent="98">
    <mem type="nursery" free="2940928" total="3932160" percent="74">
      <mem type="allocate" free="2940928" total="3407872" percent="86" />
      <mem type="survivor" free="0" total="524288" percent="0" />
    </mem>
    <mem type="tenure" free="2055544280" total="2088697856" percent="98" macro-fragmented="348889">
      <mem type="soa" free="1930223064" total="1963376640" percent="98" />
      <mem type="loa" free="125321216" total="125321216" percent="100" />
    </mem>
    <remembered-set count="253" />
  </mem-info>
</gc-end>
<cycle-end id="3140" type="scavenge" contextid="3134" timestamp="2019-06-16T21:31:00.597" />
  <attribute name="elasticGC enabled" value="1" />
  <attribute name= "numThreadsSpecified" value="4" />
  <attribute name="heapSize specified" value="9371648" />
  <attribute name="Current GC Util" value="29" />
  <attribute name= "Current Time Running" value="46562" />
  <attribute name ="GC Interval" value="200" />
  <attribute name="ProportionalT" value="4.500000" />
  <attribute name="ProportionalI" value="4.500000" />
  <attribute name="ProportionalH" value="4.500000" />
  <attribute name="Current Error" value="9.000000" />
  <attribute name="IntegralT" value="31.500000" />
  <attribute name="IntegralI" value="31.500000" />
  <attribute name="IntegralH" value="31.500000" />
  <attribute name="DerivativeT" value="-0.142857" />
  <attribute name="DerivativeI" value="-0.142857" />
  <attribute name="DerivativeH" value="-0.142857" />
  <attribute name="Loop Time for DT" value="7.000000" />
  <attribute name="Output H" value="8388608"/>
  <attribute name="Output I" value="200"/>
  <attribute name="Output T" value="4"/>
  <attribute name="Target GC Util Change" value ="20.000000" />
  <attribute name="Current GC Util Change" value="29.000000"/>
  <attribute name="GC Util currently" value="29" />
  <attribute name="CPU Util currently" value="641820008763" />
<allocation-satisfied id="3141" threadId="0000000002213700" bytesRequested="48" />
<af-end id="3142" timestamp="2019-06-16T21:31:00.597" threadId="0000000002214088" success="true" from="nursery"/>
<exclusive-end id="3143" timestamp="2019-06-16T21:31:00.597" durationms="1.666" />

<exclusive-start id="3144" timestamp="2019-06-16T21:31:00.603" intervalms="7.165">
  <response-info timems="0.053" idlems="0.053" threads="0" lastid="0000000002213700" lastname="main" />
</exclusive-start>
<af-start id="3145" threadId="0000000002214088" totalBytesRequested="664" timestamp="2019-06-16T21:31:00.603" intervalms="7.167" type="nursery" />
<cycle-start id="3146" type="scavenge" contextid="0" timestamp="2019-06-16T21:31:00.603" intervalms="7.166" />
<gc-start id="3147" type="scavenge" contextid="3146" timestamp="2019-06-16T21:31:00.603">
  <mem-info id="3148" free="2055544280" total="2092630016" percent="98">
    <mem type="nursery" free="0" total="3932160" percent="0">
      <mem type="allocate" free="0" total="3407872" percent="0" />
      <mem type="survivor" free="0" total="524288" percent="0" />
    </mem>
    <mem type="tenure" free="2055544280" total="2088697856" percent="98">
      <mem type="soa" free="1930223064" total="1963376640" percent="98" />
      <mem type="loa" free="125321216" total="125321216" percent="100" />
    </mem>
    <remembered-set count="333" />
  </mem-info>
</gc-start>
<allocation-stats totalBytes="2937776" >
  <allocated-bytes non-tlh="48" tlh="2937728" />
  <largest-consumer threadName="main" threadId="0000000002213700" bytes="2937776" />
</allocation-stats>
<gc-op id="3149" type="scavenge" timems="0.719" contextid="3146" timestamp="2019-06-16T21:31:00.604">
  <scavenger-info tenureage="2" tenuremask="4004" tiltratio="86" />
  <memory-copied type="nursery" objects="12425" bytes="300976" bytesdiscarded="174416" />
  <memory-copied type="tenure" objects="5966" bytes="148152" bytesdiscarded="0" />
</gc-op>
<gc-end id="3150" type="scavenge" contextid="3146" durationms="1.105" usertimems="0.000" systemtimems="0.000" timestamp="2019-06-16T21:31:00.604" activeThreads="4">
  <mem-info id="3151" free="2058441688" total="2092630016" percent="98">
    <mem type="nursery" free="2998016" total="3932160" percent="76">
      <mem type="allocate" free="2998016" total="3473408" percent="86" />
      <mem type="survivor" free="0" total="458752" percent="0" />
    </mem>
    <mem type="tenure" free="2055443672" total="2088697856" percent="98" macro-fragmented="0">
      <mem type="soa" free="1930122456" total="1963376640" percent="98" />
      <mem type="loa" free="125321216" total="125321216" percent="100" />
    </mem>
    <remembered-set count="257" />
  </mem-info>
</gc-end>
<cycle-end id="3152" type="scavenge" contextid="3146" timestamp="2019-06-16T21:31:00.604" />
  <attribute name="elasticGC enabled" value="1" />
  <attribute name= "numThreadsSpecified" value="4" />
  <attribute name="heapSize specified" value="9371648" />
  <attribute name="Current GC Util" value="28" />
  <attribute name= "Current Time Running" value="46569" />
  <attribute name ="GC Interval" value="200" />
  <attribute name="ProportionalT" value="4.000000" />
  <attribute name="ProportionalI" value="4.000000" />
  <attribute name="ProportionalH" value="4.000000" />
  <attribute name="Current Error" value="8.000000" />
  <attribute name="IntegralT" value="28.000000" />
  <attribute name="IntegralI" value="28.000000" />
  <attribute name="IntegralH" value="28.000000" />
  <attribute name="DerivativeT" value="-0.142857" />
  <attribute name="DerivativeI" value="-0.142857" />
  <attribute name="DerivativeH" value="-0.142857" />
  <attribute name="Loop Time for DT" value="7.000000" />
  <attribute name="Output H" value="8388608"/>
  <attribute name="Output I" value="200"/>
  <attribute name="Output T" value="4"/>
  <attribute name="Target GC Util Change" value ="20.000000" />
  <attribute name="Current GC Util Change" value="28.000000"/>
  <attribute name="GC Util currently" value="28" />
  <attribute name="CPU Util currently" value="644081946955" />
<allocation-satisfied id="3153" threadId="0000000002213700" bytesRequested="664" />
<af-end id="3154" timestamp="2019-06-16T21:31:00.604" threadId="0000000002214088" success="true" from="nursery"/>
<exclusive-end id="3155" timestamp="2019-06-16T21:31:00.604" durationms="1.577" />

<exclusive-start id="3156" timestamp="2019-06-16T21:31:00.610" intervalms="7.097">
  <response-info timems="0.050" idlems="0.050" threads="0" lastid="0000000002213700" lastname="main" />
</exclusive-start>
<af-start id="3157" threadId="0000000002214088" totalBytesRequested="40" timestamp="2019-06-16T21:31:00.610" intervalms="7.145" type="nursery" />
<cycle-start id="3158" type="scavenge" contextid="0" timestamp="2019-06-16T21:31:00.610" intervalms="7.146" />
<gc-start id="3159" type="scavenge" contextid="3158" timestamp="2019-06-16T21:31:00.610">
  <mem-info id="3160" free="2055443672" total="2092630016" percent="98">
    <mem type="nursery" free="0" total="3932160" percent="0">
      <mem type="allocate" free="0" total="3473408" percent="0" />
      <mem type="survivor" free="0" total="458752" percent="0" />
    </mem>
    <mem type="tenure" free="2055443672" total="2088697856" percent="98">
      <mem type="soa" free="1930122456" total="1963376640" percent="98" />
      <mem type="loa" free="125321216" total="125321216" percent="100" />
    </mem>
    <remembered-set count="335" />
  </mem-info>
</gc-start>
<allocation-stats totalBytes="2994448" >
  <allocated-bytes non-tlh="664" tlh="2993784" />
  <largest-consumer threadName="main" threadId="0000000002213700" bytes="2994448" />
</allocation-stats>
<gc-op id="3161" type="scavenge" timems="0.715" contextid="3158" timestamp="2019-06-16T21:31:00.611">
  <scavenger-info tenureage="2" tenuremask="4004" tiltratio="88" />
  <memory-copied type="nursery" objects="12388" bytes="307744" bytesdiscarded="136928" />
  <memory-copied type="tenure" objects="6033" bytes="142360" bytesdiscarded="24" />
</gc-op>
<gc-end id="3162" type="scavenge" contextid="3158" durationms="1.106" usertimems="0.000" systemtimems="0.000" timestamp="2019-06-16T21:31:00.611" activeThreads="4">
  <mem-info id="3163" free="2058301912" total="2092630016" percent="98">
    <mem type="nursery" free="3028736" total="3932160" percent="77">
      <mem type="allocate" free="3028736" total="3473408" percent="87" />
      <mem type="survivor" free="0" total="458752" percent="0" />
    </mem>
    <mem type="tenure" free="2055273176" total="2088697856" percent="98" macro-fragmented="0">
      <mem type="soa" free="1929951960" total="1963376640" percent="98" />
      <mem type="loa" free="125321216" total="125321216" percent="100" />
    </mem>
    <remembered-set count="264" />
  </mem-info>
</gc-end>
<cycle-end id="3164" type="scavenge" contextid="3158" timestamp="2019-06-16T21:31:00.611" />
  <attribute name="elasticGC enabled" value="1" />
  <attribute name= "numThreadsSpecified" value="4" />
  <attribute name="heapSize specified" value="9371648" />
  <attribute name="Current GC Util" value="27" />
  <attribute name= "Current Time Running" value="46576" />
  <attribute name ="GC Interval" value="200" />
  <attribute name="ProportionalT" value="3.500000" />
  <attribute name="ProportionalI" value="3.500000" />
  <attribute name="ProportionalH" value="3.500000" />
  <attribute name="Current Error" value="7.000000" />
  <attribute name="IntegralT" value="24.500000" />
  <attribute name="IntegralI" value="24.500000" />
  <attribute name="IntegralH" value="24.500000" />
  <attribute name="DerivativeT" value="-0.142857" />
  <attribute name="DerivativeI" value="-0.142857" />
  <attribute name="DerivativeH" value="-0.142857" />
  <attribute name="Loop Time for DT" value="7.000000" />
  <attribute name="Output H" value="8388608"/>
  <attribute name="Output I" value="200"/>
  <attribute name="Output T" value="4"/>
  <attribute name="Target GC Util Change" value ="20.000000" />
  <attribute name="Current GC Util Change" value="27.000000"/>
  <attribute name="GC Util currently" value="27" />
  <attribute name="CPU Util currently" value="644886062736" />
<allocation-satisfied id="3165" threadId="0000000002213700" bytesRequested="40" />
<af-end id="3166" timestamp="2019-06-16T21:31:00.611" threadId="0000000002214088" success="true" from="nursery"/>
<exclusive-end id="3167" timestamp="2019-06-16T21:31:00.611" durationms="1.627" />

<exclusive-start id="3168" timestamp="2019-06-16T21:31:00.617" intervalms="7.237">
  <response-info timems="0.075" idlems="0.075" threads="0" lastid="0000000002213700" lastname="main" />
</exclusive-start>
<af-start id="3169" threadId="0000000002214088" totalBytesRequested="664" timestamp="2019-06-16T21:31:00.617" intervalms="7.191" type="nursery" />
<cycle-start id="3170" type="scavenge" contextid="0" timestamp="2019-06-16T21:31:00.617" intervalms="7.177" />
<gc-start id="3171" type="scavenge" contextid="3170" timestamp="2019-06-16T21:31:00.617">
  <mem-info id="3172" free="2055273176" total="2092630016" percent="98">
    <mem type="nursery" free="0" total="3932160" percent="0">
      <mem type="allocate" free="0" total="3473408" percent="0" />
      <mem type="survivor" free="0" total="458752" percent="0" />
    </mem>
    <mem type="tenure" free="2055273176" total="2088697856" percent="98">
      <mem type="soa" free="1929951960" total="1963376640" percent="98" />
      <mem type="loa" free="125321216" total="125321216" percent="100" />
    </mem>
    <remembered-set count="349" />
  </mem-info>
</gc-start>
<allocation-stats totalBytes="3023304" >
  <allocated-bytes non-tlh="40" tlh="3023264" />
  <largest-consumer threadName="main" threadId="0000000002213700" bytes="3023304" />
</allocation-stats>
<gc-op id="3173" type="scavenge" timems="0.917" contextid="3170" timestamp="2019-06-16T21:31:00.618">
  <scavenger-info tenureage="2" tenuremask="4004" tiltratio="88" />
  <memory-copied type="nursery" objects="12257" bytes="303736" bytesdiscarded="155016" />
  <memory-copied type="tenure" objects="6338" bytes="156512" bytesdiscarded="24" />
</gc-op>
<gc-end id="3174" type="scavenge" contextid="3170" durationms="1.349" usertimems="4.000" systemtimems="0.000" timestamp="2019-06-16T21:31:00.619" activeThreads="4">
  <mem-info id="3175" free="2057977560" total="2092630016" percent="98">
    <mem type="nursery" free="3014656" total="3932160" percent="76">
      <mem type="allocate" free="3014656" total="3473408" percent="86" />
      <mem type="survivor" free="0" total="458752" percent="0" />
    </mem>
    <mem type="tenure" free="2054962904" total="2088697856" percent="98" macro-fragmented="0">
      <mem type="soa" free="1929641688" total="1963376640" percent="98" />
      <mem type="loa" free="125321216" total="125321216" percent="100" />
    </mem>
    <remembered-set count="279" />
  </mem-info>
</gc-end>
<cycle-end id="3176" type="scavenge" contextid="3170" timestamp="2019-06-16T21:31:00.619" />
  <attribute name="elasticGC enabled" value="1" />
  <attribute name= "numThreadsSpecified" value="4" />
  <attribute name="heapSize specified" value="9371648" />
  <attribute name="Current GC Util" value="27" />
  <attribute name= "Current Time Running" value="46583" />
  <attribute name ="GC Interval" value="200" />
  <attribute name="ProportionalT" value="3.500000" />
  <attribute name="ProportionalI" value="3.500000" />
  <attribute name="ProportionalH" value="3.500000" />
  <attribute name="Current Error" value="7.000000" />
  <attribute name="IntegralT" value="24.500000" />
  <attribute name="IntegralI" value="24.500000" />
  <attribute name="IntegralH" value="24.500000" />
  <attribute name="DerivativeT" value="0.000000" />
  <attribute name="DerivativeI" value="0.000000" />
  <attribute name="DerivativeH" value="0.000000" />
  <attribute name="Loop Time for DT" value="7.000000" />
  <attribute name="Output H" value="8388608"/>
  <attribute name="Output I" value="200"/>
  <attribute name="Output T" value="4"/>
  <attribute name="Target GC Util Change" value ="20.000000" />
  <attribute name="Current GC Util Change" value="27.000000"/>
  <attribute name="GC Util currently" value="27" />
  <attribute name="CPU Util currently" value="641652302639" />
<allocation-satisfied id="3177" threadId="0000000002213700" bytesRequested="664" />
<af-end id="3178" timestamp="2019-06-16T21:31:00.619" threadId="0000000002214088" success="true" from="nursery"/>
<exclusive-end id="3179" timestamp="2019-06-16T21:31:00.619" durationms="2.014" />

<exclusive-start id="3180" timestamp="2019-06-16T21:31:00.625" intervalms="7.579">
  <response-info timems="0.065" idlems="0.065" threads="0" lastid="0000000002213700" lastname="main" />
</exclusive-start>
<af-start id="3181" threadId="0000000002214088" totalBytesRequested="680" timestamp="2019-06-16T21:31:00.625" intervalms="7.585" type="nursery" />
<cycle-start id="3182" type="scavenge" contextid="0" timestamp="2019-06-16T21:31:00.625" intervalms="7.653" />
<gc-start id="3183" type="scavenge" contextid="3182" timestamp="2019-06-16T21:31:00.625">
  <mem-info id="3184" free="2054962904" total="2092630016" percent="98">
    <mem type="nursery" free="0" total="3932160" percent="0">
      <mem type="allocate" free="0" total="3473408" percent="0" />
      <mem type="survivor" free="0" total="458752" percent="0" />
    </mem>
    <mem type="tenure" free="2054962904" total="2088697856" percent="98">
      <mem type="soa" free="1929641688" total="1963376640" percent="98" />
      <mem type="loa" free="125321216" total="125321216" percent="100" />
    </mem>
    <remembered-set count="367" />
  </mem-info>
</gc-start>
<allocation-stats totalBytes="3010840" >
  <allocated-bytes non-tlh="664" tlh="3010176" />
  <largest-consumer threadName="main" threadId="0000000002213700" bytes="3010840" />
</allocation-stats>
<gc-op id="3185" type="scavenge" timems="0.796" contextid="3182" timestamp="2019-06-16T21:31:00.626">
  <scavenger-info tenureage="2" tenuremask="4004" tiltratio="88" />
  <memory-copied type="nursery" objects="12424" bytes="307496" bytesdiscarded="67288" />
  <memory-copied type="tenure" objects="5977" bytes="147928" bytesdiscarded="32" />
</gc-op>
<gc-end id="3186" type="scavenge" contextid="3182" durationms="1.244" usertimems="0.000" systemtimems="0.000" timestamp="2019-06-16T21:31:00.626" activeThreads="4">
  <mem-info id="3187" free="2057952472" total="2092630016" percent="98">
    <mem type="nursery" free="3098624" total="3932160" percent="78">
      <mem type="allocate" free="3098624" total="3473408" percent="89" />
      <mem type="survivor" free="0" total="458752" percent="0" />
    </mem>
    <mem type="tenure" free="2054853848" total="2088697856" percent="98" macro-fragmented="0">
      <mem type="soa" free="1929532632" total="1963376640" percent="98" />
      <mem type="loa" free="125321216" total="125321216" percent="100" />
    </mem>
    <remembered-set count="291" />
  </mem-info>
</gc-end>
<cycle-end id="3188" type="scavenge" contextid="3182" timestamp="2019-06-16T21:31:00.626" />
  <attribute name="elasticGC enabled" value="1" />
  <attribute name= "numThreadsSpecified" value="4" />
  <attribute name="heapSize specified" value="9371648" />
  <attribute name="Current GC Util" value="25" />
  <attribute name= "Current Time Running" value="46591" />
  <attribute name ="GC Interval" value="200" />
  <attribute name="ProportionalT" value="2.500000" />
  <attribute name="ProportionalI" value="2.500000" />
  <attribute name="ProportionalH" value="2.500000" />
  <attribute name="Current Error" value="5.000000" />
  <attribute name="IntegralT" value="20.000000" />
  <attribute name="IntegralI" value="20.000000" />
  <attribute name="IntegralH" value="20.000000" />
  <attribute name="DerivativeT" value="-0.250000" />
  <attribute name="DerivativeI" value="-0.250000" />
  <attribute name="DerivativeH" value="-0.250000" />
  <attribute name="Loop Time for DT" value="8.000000" />
  <attribute name="Output H" value="8388608"/>
  <attribute name="Output I" value="200"/>
  <attribute name="Output T" value="4"/>
  <attribute name="Target GC Util Change" value ="20.000000" />
  <attribute name="Current GC Util Change" value="25.000000"/>
  <attribute name="GC Util currently" value="25" />
  <attribute name="CPU Util currently" value="598440496416" />
<allocation-satisfied id="3189" threadId="0000000002213700" bytesRequested="680" />
<af-end id="3190" timestamp="2019-06-16T21:31:00.626" threadId="0000000002214088" success="true" from="nursery"/>
<exclusive-end id="3191" timestamp="2019-06-16T21:31:00.626" durationms="1.795" />

<exclusive-start id="3192" timestamp="2019-06-16T21:31:00.632" intervalms="7.487">
  <response-info timems="0.029" idlems="0.029" threads="0" lastid="0000000002213700" lastname="main" />
</exclusive-start>
<af-start id="3193" threadId="0000000002214088" totalBytesRequested="32" timestamp="2019-06-16T21:31:00.632" intervalms="7.476" type="nursery" />
<cycle-start id="3194" type="scavenge" contextid="0" timestamp="2019-06-16T21:31:00.632" intervalms="7.421" />
<gc-start id="3195" type="scavenge" contextid="3194" timestamp="2019-06-16T21:31:00.632">
  <mem-info id="3196" free="2054853848" total="2092630016" percent="98">
    <mem type="nursery" free="0" total="3932160" percent="0">
      <mem type="allocate" free="0" total="3473408" percent="0" />
      <mem type="survivor" free="0" total="458752" percent="0" />
    </mem>
    <mem type="tenure" free="2054853848" total="2088697856" percent="98">
      <mem type="soa" free="1929532632" total="1963376640" percent="98" />
      <mem type="loa" free="125321216" total="125321216" percent="100" />
    </mem>
    <remembered-set count="381" />
  </mem-info>
</gc-start>
<allocation-stats totalBytes="3096952" >
  <allocated-bytes non-tlh="680" tlh="3096272" />
  <largest-consumer threadName="main" threadId="0000000002213700" bytes="3096952" />
</allocation-stats>
<gc-op id="3197" type="scavenge" timems="0.627" contextid="3194" timestamp="2019-06-16T21:31:00.633">
  <scavenger-info tenureage="2" tenuremask="4004" tiltratio="88" />
  <memory-copied type="nursery" objects="12296" bytes="303840" bytesdiscarded="132384" />
  <memory-copied type="tenure" objects="6226" bytes="153704" bytesdiscarded="24" />
</gc-op>
<gc-end id="3198" type="scavenge" contextid="3194" durationms="1.020" usertimems="4.000" systemtimems="0.000" timestamp="2019-06-16T21:31:00.633" activeThreads="4">
  <mem-info id="3199" free="2057855960" total="2092630016" percent="98">
    <mem type="nursery" free="3102720" total="3932160" percent="78">
      <mem type="allocate" free="3102720" total="3538944" percent="87" />
      <mem type="survivor" free="0" total="393216" percent="0" />
    </mem>
    <mem type="tenure" free="2054753240" total="2088697856" percent="98" macro-fragmented="1310760">
      <mem type="soa" free="1929432024" total="1963376640" percent="98" />
      <mem type="loa" free="125321216" total="125321216" percent="100" />
    </mem>
    <remembered-set count="288" />
  </mem-info>
</gc-end>
<cycle-end id="3200" type="scavenge" contextid="3194" timestamp="2019-06-16T21:31:00.633" />
  <attribute name="elasticGC enabled" value="1" />
  <attribute name= "numThreadsSpecified" value="4" />
  <attribute name="heapSize specified" value="9371648" />
  <attribute name="Current GC Util" value="27" />
  <attribute name= "Current Time Running" value="46598" />
  <attribute name ="GC Interval" value="200" />
  <attribute name="ProportionalT" value="3.500000" />
  <attribute name="ProportionalI" value="3.500000" />
  <attribute name="ProportionalH" value="3.500000" />
  <attribute name="Current Error" value="7.000000" />
  <attribute name="IntegralT" value="24.500000" />
  <attribute name="IntegralI" value="24.500000" />
  <attribute name="IntegralH" value="24.500000" />
  <attribute name="DerivativeT" value="0.285714" />
  <attribute name="DerivativeI" value="0.285714" />
  <attribute name="DerivativeH" value="0.285714" />
  <attribute name="Loop Time for DT" value="7.000000" />
  <attribute name="Output H" value="8388608"/>
  <attribute name="Output I" value="200"/>
  <attribute name="Output T" value="4"/>
  <attribute name="Target GC Util Change" value ="20.000000" />
  <attribute name="Current GC Util Change" value="27.000000"/>
  <attribute name="GC Util currently" value="27" />
  <attribute name="CPU Util currently" value="626293430274" />
<allocation-satisfied id="3201" threadId="0000000002213700" bytesRequested="32" />
<af-end id="3202" timestamp="2019-06-16T21:31:00.634" threadId="0000000002214088" success="true" from="nursery"/>
<exclusive-end id="3203" timestamp="2019-06-16T21:31:00.634" durationms="1.558" />

<exclusive-start id="3204" timestamp="2019-06-16T21:31:00.639" intervalms="7.289">
  <response-info timems="0.063" idlems="0.063" threads="0" lastid="0000000002213700" lastname="main" />
</exclusive-start>
<af-start id="3205" threadId="0000000002214088" totalBytesRequested="664" timestamp="2019-06-16T21:31:00.640" intervalms="7.300" type="nursery" />
<cycle-start id="3206" type="scavenge" contextid="0" timestamp="2019-06-16T21:31:00.640" intervalms="7.358" />
<gc-start id="3207" type="scavenge" contextid="3206" timestamp="2019-06-16T21:31:00.640">
  <mem-info id="3208" free="2054753240" total="2092630016" percent="98">
    <mem type="nursery" free="0" total="3932160" percent="0">
      <mem type="allocate" free="0" total="3538944" percent="0" />
      <mem type="survivor" free="0" total="393216" percent="0" />
    </mem>
    <mem type="tenure" free="2054753240" total="2088697856" percent="98">
      <mem type="soa" free="1929432024" total="1963376640" percent="98" />
      <mem type="loa" free="125321216" total="125321216" percent="100" />
    </mem>
    <remembered-set count="395" />
  </mem-info>
</gc-start>
<allocation-stats totalBytes="3099432" >
  <allocated-bytes non-tlh="32" tlh="3099400" />
  <largest-consumer threadName="main" threadId="0000000002213700" bytes="3099432" />
</allocation-stats>
<gc-op id="3209" type="scavenge" timems="0.654" contextid="3206" timestamp="2019-06-16T21:31:00.641">
  <scavenger-info tenureage="2" tenuremask="4004" tiltratio="90" />
  <memory-copied type="nursery" objects="12504" bytes="306416" bytesdiscarded="82192" />
  <memory-copied type="tenure" objects="6142" bytes="151600" bytesdiscarded="72" />
</gc-op>
<gc-end id="3210" type="scavenge" contextid="3206" durationms="1.101" usertimems="0.000" systemtimems="0.000" timestamp="2019-06-16T21:31:00.641" activeThreads="4">
  <mem-info id="3211" free="2057733080" total="2092630016" percent="98">
    <mem type="nursery" free="3150336" total="3932160" percent="80">
      <mem type="allocate" free="3150336" total="3538944" percent="89" />
      <mem type="survivor" free="0" total="393216" percent="0" />
    </mem>
    <mem type="tenure" free="2054582744" total="2088697856" percent="98" macro-fragmented="0">
      <mem type="soa" free="1929261528" total="1963376640" percent="98" />
      <mem type="loa" free="125321216" total="125321216" percent="100" />
    </mem>
    <remembered-set count="304" />
  </mem-info>
</gc-end>
<cycle-end id="3212" type="scavenge" contextid="3206" timestamp="2019-06-16T21:31:00.641" />
  <attribute name="elasticGC enabled" value="1" />
  <attribute name= "numThreadsSpecified" value="4" />
  <attribute name="heapSize specified" value="9371648" />
  <attribute name="Current GC Util" value="27" />
  <attribute name= "Current Time Running" value="46606" />
  <attribute name ="GC Interval" value="200" />
  <attribute name="ProportionalT" value="3.500000" />
  <attribute name="ProportionalI" value="3.500000" />
  <attribute name="ProportionalH" value="3.500000" />
  <attribute name="Current Error" value="7.000000" />
  <attribute name="IntegralT" value="28.000000" />
  <attribute name="IntegralI" value="28.000000" />
  <attribute name="IntegralH" value="28.000000" />
  <attribute name="DerivativeT" value="0.000000" />
  <attribute name="DerivativeI" value="0.000000" />
  <attribute name="DerivativeH" value="0.000000" />
  <attribute name="Loop Time for DT" value="8.000000" />
  <attribute name="Output H" value="8388608"/>
  <attribute name="Output I" value="200"/>
  <attribute name="Output T" value="4"/>
  <attribute name="Target GC Util Change" value ="20.000000" />
  <attribute name="Current GC Util Change" value="27.000000"/>
  <attribute name="GC Util currently" value="27" />
  <attribute name="CPU Util currently" value="621510386007" />
<allocation-satisfied id="3213" threadId="0000000002213700" bytesRequested="664" />
<af-end id="3214" timestamp="2019-06-16T21:31:00.641" threadId="0000000002214088" success="true" from="nursery"/>
<exclusive-end id="3215" timestamp="2019-06-16T21:31:00.641" durationms="1.761" />

<exclusive-start id="3216" timestamp="2019-06-16T21:31:00.647" intervalms="7.732">
  <response-info timems="0.066" idlems="0.066" threads="0" lastid="0000000002213700" lastname="main" />
</exclusive-start>
<af-start id="3217" threadId="0000000002214088" totalBytesRequested="16" timestamp="2019-06-16T21:31:00.647" intervalms="7.757" type="nursery" />
<cycle-start id="3218" type="scavenge" contextid="0" timestamp="2019-06-16T21:31:00.647" intervalms="7.744" />
<gc-start id="3219" type="scavenge" contextid="3218" timestamp="2019-06-16T21:31:00.647">
  <mem-info id="3220" free="2054582744" total="2092630016" percent="98">
    <mem type="nursery" free="0" total="3932160" percent="0">
      <mem type="allocate" free="0" total="3538944" percent="0" />
      <mem type="survivor" free="0" total="393216" percent="0" />
    </mem>
    <mem type="tenure" free="2054582744" total="2088697856" percent="98">
      <mem type="soa" free="1929261528" total="1963376640" percent="98" />
      <mem type="loa" free="125321216" total="125321216" percent="100" />
    </mem>
    <remembered-set count="403" />
  </mem-info>
</gc-start>
<allocation-stats totalBytes="3145528" >
  <allocated-bytes non-tlh="664" tlh="3144864" />
  <largest-consumer threadName="main" threadId="0000000002213700" bytes="3145528" />
</allocation-stats>
<gc-op id="3221" type="scavenge" timems="0.891" contextid="3218" timestamp="2019-06-16T21:31:00.649">
  <scavenger-info tenureage="2" tenuremask="4004" tiltratio="90" />
  <memory-copied type="nursery" objects="11273" bytes="288968" bytesdiscarded="104248" />
  <memory-copied type="tenure" objects="7958" bytes="181568" bytesdiscarded="24" />
  <copy-failed type="nursery" objects="1848" bytes="30424" />
</gc-op>
<gc-end id="3222" type="scavenge" contextid="3218" durationms="1.399" usertimems="4.000" systemtimems="0.000" timestamp="2019-06-16T21:31:00.649" activeThreads="4">
  <mem-info id="3223" free="2057549528" total="2092630016" percent="98">
    <mem type="nursery" free="3145728" total="3932160" percent="80">
      <mem type="allocate" free="3145728" total="3538944" percent="88" />
      <mem type="survivor" free="0" total="393216" percent="0" />
    </mem>
    <mem type="tenure" free="2054403800" total="2088697856" percent="98" macro-fragmented="1500163">
      <mem type="soa" free="1929082584" total="1963376640" percent="98" />
      <mem type="loa" free="125321216" total="125321216" percent="100" />
    </mem>
    <remembered-set count="1576" />
  </mem-info>
</gc-end>
<cycle-end id="3224" type="scavenge" contextid="3218" timestamp="2019-06-16T21:31:00.649" />
  <attribute name="elasticGC enabled" value="1" />
  <attribute name= "numThreadsSpecified" value="4" />
  <attribute name="heapSize specified" value="9371648" />
  <attribute name="Current GC Util" value="27" />
  <attribute name= "Current Time Running" value="46614" />
  <attribute name ="GC Interval" value="200" />
  <attribute name="ProportionalT" value="3.500000" />
  <attribute name="ProportionalI" value="3.500000" />
  <attribute name="ProportionalH" value="3.500000" />
  <attribute name="Current Error" value="7.000000" />
  <attribute name="IntegralT" value="28.000000" />
  <attribute name="IntegralI" value="28.000000" />
  <attribute name="IntegralH" value="28.000000" />
  <attribute name="DerivativeT" value="0.000000" />
  <attribute name="DerivativeI" value="0.000000" />
  <attribute name="DerivativeH" value="0.000000" />
  <attribute name="Loop Time for DT" value="8.000000" />
  <attribute name="Output H" value="8388608"/>
  <attribute name="Output I" value="200"/>
  <attribute name="Output T" value="4"/>
  <attribute name="Target GC Util Change" value ="20.000000" />
  <attribute name="Current GC Util Change" value="27.000000"/>
  <attribute name="GC Util currently" value="27" />
  <attribute name="CPU Util currently" value="594442179561" />
<allocation-satisfied id="3225" threadId="0000000002213700" bytesRequested="16" />
<af-end id="3226" timestamp="2019-06-16T21:31:00.649" threadId="0000000002214088" success="true" from="nursery"/>
<exclusive-end id="3227" timestamp="2019-06-16T21:31:00.649" durationms="2.125" />

<exclusive-start id="3228" timestamp="2019-06-16T21:31:00.655" intervalms="7.946">
  <response-info timems="0.063" idlems="0.063" threads="0" lastid="0000000002213700" lastname="main" />
</exclusive-start>
<af-start id="3229" threadId="0000000002214088" totalBytesRequested="648" timestamp="2019-06-16T21:31:00.655" intervalms="7.915" type="nursery" />
<cycle-start id="3230" type="scavenge" contextid="0" timestamp="2019-06-16T21:31:00.655" intervalms="7.924" />
<gc-start id="3231" type="scavenge" contextid="3230" timestamp="2019-06-16T21:31:00.655">
  <mem-info id="3232" free="2054403800" total="2092630016" percent="98">
    <mem type="nursery" free="0" total="3932160" percent="0">
      <mem type="allocate" free="0" total="3538944" percent="0" />
      <mem type="survivor" free="0" total="393216" percent="0" />
    </mem>
    <mem type="tenure" free="2054403800" total="2088697856" percent="98">
      <mem type="soa" free="1929082584" total="1963376640" percent="98" />
      <mem type="loa" free="125321216" total="125321216" percent="100" />
    </mem>
    <remembered-set count="1687" />
  </mem-info>
</gc-start>
<allocation-stats totalBytes="3142456" >
  <allocated-bytes non-tlh="16" tlh="3142440" />
  <largest-consumer threadName="main" threadId="0000000002213700" bytes="3142456" />
</allocation-stats>
<gc-op id="3233" type="scavenge" timems="0.738" contextid="3230" timestamp="2019-06-16T21:31:00.656">
  <scavenger-info tenureage="2" tenuremask="4004" tiltratio="90" />
  <memory-copied type="nursery" objects="10639" bytes="278672" bytesdiscarded="114544" />
  <memory-copied type="tenure" objects="6950" bytes="163720" bytesdiscarded="32" />
  <copy-failed type="nursery" objects="1040" bytes="17952" />
</gc-op>
<gc-end id="3234" type="scavenge" contextid="3230" durationms="1.177" usertimems="4.000" systemtimems="0.000" timestamp="2019-06-16T21:31:00.657" activeThreads="4">
  <mem-info id="3235" free="2057432024" total="2092630016" percent="98">
    <mem type="nursery" free="3145728" total="3932160" percent="80">
      <mem type="allocate" free="3145728" total="3538944" percent="88" />
      <mem type="survivor" free="0" total="393216" percent="0" />
    </mem>
    <mem type="tenure" free="2054286296" total="2088697856" percent="98" macro-fragmented="0">
      <mem type="soa" free="1928965080" total="1963376640" percent="98" />
      <mem type="loa" free="125321216" total="125321216" percent="100" />
    </mem>
    <remembered-set count="2059" />
  </mem-info>
</gc-end>
<cycle-end id="3236" type="scavenge" contextid="3230" timestamp="2019-06-16T21:31:00.657" />
  <attribute name="elasticGC enabled" value="1" />
  <attribute name= "numThreadsSpecified" value="4" />
  <attribute name="heapSize specified" value="9371648" />
  <attribute name="Current GC Util" value="28" />
  <attribute name= "Current Time Running" value="46621" />
  <attribute name ="GC Interval" value="200" />
  <attribute name="ProportionalT" value="4.000000" />
  <attribute name="ProportionalI" value="4.000000" />
  <attribute name="ProportionalH" value="4.000000" />
  <attribute name="Current Error" value="8.000000" />
  <attribute name="IntegralT" value="28.000000" />
  <attribute name="IntegralI" value="28.000000" />
  <attribute name="IntegralH" value="28.000000" />
  <attribute name="DerivativeT" value="0.142857" />
  <attribute name="DerivativeI" value="0.142857" />
  <attribute name="DerivativeH" value="0.142857" />
  <attribute name="Loop Time for DT" value="7.000000" />
  <attribute name="Output H" value="8388608"/>
  <attribute name="Output I" value="200"/>
  <attribute name="Output T" value="4"/>
  <attribute name="Target GC Util Change" value ="20.000000" />
  <attribute name="Current GC Util Change" value="28.000000"/>
  <attribute name="GC Util currently" value="28" />
  <attribute name="CPU Util currently" value="583393506184" />
<allocation-satisfied id="3237" threadId="0000000002213700" bytesRequested="648" />
<af-end id="3238" timestamp="2019-06-16T21:31:00.657" threadId="0000000002214088" success="true" from="nursery"/>
<exclusive-end id="3239" timestamp="2019-06-16T21:31:00.657" durationms="1.822" />

<exclusive-start id="3240" timestamp="2019-06-16T21:31:00.663" intervalms="7.805">
  <response-info timems="0.062" idlems="0.062" threads="0" lastid="0000000002213700" lastname="main" />
</exclusive-start>
<af-start id="3241" threadId="0000000002214088" totalBytesRequested="664" timestamp="2019-06-16T21:31:00.663" intervalms="7.820" type="nursery" />
<cycle-start id="3242" type="scavenge" contextid="0" timestamp="2019-06-16T21:31:00.663" intervalms="7.823" />
<gc-start id="3243" type="scavenge" contextid="3242" timestamp="2019-06-16T21:31:00.663">
  <mem-info id="3244" free="2054286296" total="2092630016" percent="98">
    <mem type="nursery" free="0" total="3932160" percent="0">
      <mem type="allocate" free="0" total="3538944" percent="0" />
      <mem type="survivor" free="0" total="393216" percent="0" />
    </mem>
    <mem type="tenure" free="2054286296" total="2088697856" percent="98">
      <mem type="soa" free="1928965080" total="1963376640" percent="98" />
      <mem type="loa" free="125321216" total="125321216" percent="100" />
    </mem>
    <remembered-set count="2178" />
  </mem-info>
</gc-start>
<allocation-stats totalBytes="3141616" >
  <allocated-bytes non-tlh="648" tlh="3140968" />
  <largest-consumer threadName="main" threadId="0000000002213700" bytes="3141616" />
</allocation-stats>
<gc-op id="3245" type="scavenge" timems="0.688" contextid="3242" timestamp="2019-06-16T21:31:00.664">
  <scavenger-info tenureage="2" tenuremask="4004" tiltratio="90" />
  <memory-copied type="nursery" objects="11347" bytes="291392" bytesdiscarded="101824" />
  <memory-copied type="tenure" objects="6064" bytes="157832" bytesdiscarded="48" />
  <copy-failed type="nursery" objects="751" bytes="15904" />
</gc-op>
<gc-end id="3246" type="scavenge" contextid="3242" durationms="1.113" usertimems="4.000" systemtimems="0.000" timestamp="2019-06-16T21:31:00.664" activeThreads="4">
  <mem-info id="3247" free="2057253080" total="2092630016" percent="98">
    <mem type="nursery" free="3145728" total="3932160" percent="80">
      <mem type="allocate" free="3145728" total="3538944" percent="88" />
      <mem type="survivor" free="0" total="393216" percent="0" />
    </mem>
    <mem type="tenure" free="2054107352" total="2088697856" percent="98" macro-fragmented="0">
      <mem type="soa" free="1928786136" total="1963376640" percent="98" />
      <mem type="loa" free="125321216" total="125321216" percent="100" />
    </mem>
    <remembered-set count="1027" />
  </mem-info>
</gc-end>
<cycle-end id="3248" type="scavenge" contextid="3242" timestamp="2019-06-16T21:31:00.664" />
  <attribute name="elasticGC enabled" value="1" />
  <attribute name= "numThreadsSpecified" value="4" />
  <attribute name="heapSize specified" value="9371648" />
  <attribute name="Current GC Util" value="28" />
  <attribute name= "Current Time Running" value="46629" />
  <attribute name ="GC Interval" value="200" />
  <attribute name="ProportionalT" value="4.000000" />
  <attribute name="ProportionalI" value="4.000000" />
  <attribute name="ProportionalH" value="4.000000" />
  <attribute name="Current Error" value="8.000000" />
  <attribute name="IntegralT" value="32.000000" />
  <attribute name="IntegralI" value="32.000000" />
  <attribute name="IntegralH" value="32.000000" />
  <attribute name="DerivativeT" value="0.000000" />
  <attribute name="DerivativeI" value="0.000000" />
  <attribute name="DerivativeH" value="0.000000" />
  <attribute name="Loop Time for DT" value="8.000000" />
  <attribute name="Output H" value="8388608"/>
  <attribute name="Output I" value="200"/>
  <attribute name="Output T" value="4"/>
  <attribute name="Target GC Util Change" value ="20.000000" />
  <attribute name="Current GC Util Change" value="28.000000"/>
  <attribute name="GC Util currently" value="28" />
  <attribute name="CPU Util currently" value="592578971577" />
<allocation-satisfied id="3249" threadId="0000000002213700" bytesRequested="664" />
<af-end id="3250" timestamp="2019-06-16T21:31:00.665" threadId="0000000002214088" success="true" from="nursery"/>
<exclusive-end id="3251" timestamp="2019-06-16T21:31:00.665" durationms="1.780" />

<exclusive-start id="3252" timestamp="2019-06-16T21:31:00.671" intervalms="7.603">
  <response-info timems="0.029" idlems="0.029" threads="0" lastid="0000000002213700" lastname="main" />
</exclusive-start>
<af-start id="3253" threadId="0000000002214088" totalBytesRequested="24" timestamp="2019-06-16T21:31:00.671" intervalms="7.595" type="nursery" />
<cycle-start id="3254" type="scavenge" contextid="0" timestamp="2019-06-16T21:31:00.671" intervalms="7.539" />
<gc-start id="3255" type="scavenge" contextid="3254" timestamp="2019-06-16T21:31:00.671">
  <mem-info id="3256" free="2054107352" total="2092630016" percent="98">
    <mem type="nursery" free="0" total="3932160" percent="0">
      <mem type="allocate" free="0" total="3538944" percent="0" />
      <mem type="survivor" free="0" total="393216" percent="0" />
    </mem>
    <mem type="tenure" free="2054107352" total="2088697856" percent="98">
      <mem type="soa" free="1928786136" total="1963376640" percent="98" />
      <mem type="loa" free="125321216" total="125321216" percent="100" />
    </mem>
    <remembered-set count="1137" />
  </mem-info>
</gc-start>
<allocation-stats totalBytes="3139968" >
  <allocated-bytes non-tlh="664" tlh="3139304" />
  <largest-consumer threadName="main" threadId="0000000002213700" bytes="3139968" />
</allocation-stats>
<gc-op id="3257" type="scavenge" timems="0.796" contextid="3254" timestamp="2019-06-16T21:31:00.672">
  <scavenger-info tenureage="2" tenuremask="4004" tiltratio="90" />
  <memory-copied type="nursery" objects="12644" bytes="320808" bytesdiscarded="53976" />
  <memory-copied type="tenure" objects="5273" bytes="135272" bytesdiscarded="776" />
</gc-op>
<gc-end id="3258" type="scavenge" contextid="3254" durationms="1.183" usertimems="4.000" systemtimems="0.000" timestamp="2019-06-16T21:31:00.672" activeThreads="4">
  <mem-info id="3259" free="2057031128" total="2092630016" percent="98">
    <mem type="nursery" free="3164160" total="3932160" percent="80">
      <mem type="allocate" free="3164160" total="3538944" percent="89" />
      <mem type="survivor" free="0" total="393216" percent="0" />
    </mem>
    <mem type="tenure" free="2053866968" total="2088697856" percent="98" macro-fragmented="0">
      <mem type="soa" free="1928545752" total="1963376640" percent="98" />
      <mem type="loa" free="125321216" total="125321216" percent="100" />
    </mem>
    <remembered-set count="542" />
  </mem-info>
</gc-end>
<cycle-end id="3260" type="scavenge" contextid="3254" timestamp="2019-06-16T21:31:00.672" />
  <attribute name="elasticGC enabled" value="1" />
  <attribute name= "numThreadsSpecified" value="4" />
  <attribute name="heapSize specified" value="9371648" />
  <attribute name="Current GC Util" value="29" />
  <attribute name= "Current Time Running" value="46637" />
  <attribute name ="GC Interval" value="200" />
  <attribute name="ProportionalT" value="4.500000" />
  <attribute name="ProportionalI" value="4.500000" />
  <attribute name="ProportionalH" value="4.500000" />
  <attribute name="Current Error" value="9.000000" />
  <attribute name="IntegralT" value="36.000000" />
  <attribute name="IntegralI" value="36.000000" />
  <attribute name="IntegralH" value="36.000000" />
  <attribute name="DerivativeT" value="0.125000" />
  <attribute name="DerivativeI" value="0.125000" />
  <attribute name="DerivativeH" value="0.125000" />
  <attribute name="Loop Time for DT" value="8.000000" />
  <attribute name="Output H" value="8388608"/>
  <attribute name="Output I" value="200"/>
  <attribute name="Output T" value="4"/>
  <attribute name="Target GC Util Change" value ="20.000000" />
  <attribute name="Current GC Util Change" value="29.000000"/>
  <attribute name="GC Util currently" value="29" />
  <attribute name="CPU Util currently" value="612508074682" />
<allocation-satisfied id="3261" threadId="0000000002213700" bytesRequested="24" />
<af-end id="3262" timestamp="2019-06-16T21:31:00.672" threadId="0000000002214088" success="true" from="nursery"/>
<exclusive-end id="3263" timestamp="2019-06-16T21:31:00.672" durationms="1.800" />

<exclusive-start id="3264" timestamp="2019-06-16T21:31:00.678" intervalms="7.642">
  <response-info timems="0.067" idlems="0.067" threads="0" lastid="0000000002213700" lastname="main" />
</exclusive-start>
<af-start id="3265" threadId="0000000002214088" totalBytesRequested="680" timestamp="2019-06-16T21:31:00.678" intervalms="7.631" type="nursery" />
<cycle-start id="3266" type="scavenge" contextid="0" timestamp="2019-06-16T21:31:00.678" intervalms="7.682" />
<gc-start id="3267" type="scavenge" contextid="3266" timestamp="2019-06-16T21:31:00.678">
  <mem-info id="3268" free="2053866968" total="2092630016" percent="98">
    <mem type="nursery" free="0" total="3932160" percent="0">
      <mem type="allocate" free="0" total="3538944" percent="0" />
      <mem type="survivor" free="0" total="393216" percent="0" />
    </mem>
    <mem type="tenure" free="2053866968" total="2088697856" percent="98">
      <mem type="soa" free="1928545752" total="1963376640" percent="98" />
      <mem type="loa" free="125321216" total="125321216" percent="100" />
    </mem>
    <remembered-set count="767" />
  </mem-info>
</gc-start>
<allocation-stats totalBytes="3159520" >
  <allocated-bytes non-tlh="24" tlh="3159496" />
  <largest-consumer threadName="main" threadId="0000000002213700" bytes="3159520" />
</allocation-stats>
<gc-op id="3269" type="scavenge" timems="0.920" contextid="3266" timestamp="2019-06-16T21:31:00.679">
  <scavenger-info tenureage="2" tenuremask="4004" tiltratio="90" />
  <memory-copied type="nursery" objects="11479" bytes="289640" bytesdiscarded="103576" />
  <memory-copied type="tenure" objects="7522" bytes="187648" bytesdiscarded="8" />
  <copy-failed type="nursery" objects="1502" bytes="33656" />
</gc-op>
<gc-end id="3270" type="scavenge" contextid="3266" durationms="1.303" usertimems="0.000" systemtimems="0.000" timestamp="2019-06-16T21:31:00.680" activeThreads="4">
  <mem-info id="3271" free="2056872920" total="2092630016" percent="98">
    <mem type="nursery" free="3145728" total="3932160" percent="80">
      <mem type="allocate" free="3145728" total="3538944" percent="88" />
      <mem type="survivor" free="0" total="393216" percent="0" />
    </mem>
    <mem type="tenure" free="2053727192" total="2088697856" percent="98" macro-fragmented="98328">
      <mem type="soa" free="1928405976" total="1963376640" percent="98" />
      <mem type="loa" free="125321216" total="125321216" percent="100" />
    </mem>
    <remembered-set count="834" />
  </mem-info>
</gc-end>
<cycle-end id="3272" type="scavenge" contextid="3266" timestamp="2019-06-16T21:31:00.680" />
  <attribute name="elasticGC enabled" value="1" />
  <attribute name= "numThreadsSpecified" value="4" />
  <attribute name="heapSize specified" value="9371648" />
  <attribute name="Current GC Util" value="27" />
  <attribute name= "Current Time Running" value="46644" />
  <attribute name ="GC Interval" value="200" />
  <attribute name="ProportionalT" value="3.500000" />
  <attribute name="ProportionalI" value="3.500000" />
  <attribute name="ProportionalH" value="3.500000" />
  <attribute name="Current Error" value="7.000000" />
  <attribute name="IntegralT" value="24.500000" />
  <attribute name="IntegralI" value="24.500000" />
  <attribute name="IntegralH" value="24.500000" />
  <attribute name="DerivativeT" value="-0.285714" />
  <attribute name="DerivativeI" value="-0.285714" />
  <attribute name="DerivativeH" value="-0.285714" />
  <attribute name="Loop Time for DT" value="7.000000" />
  <attribute name="Output H" value="8388608"/>
  <attribute name="Output I" value="200"/>
  <attribute name="Output T" value="4"/>
  <attribute name="Target GC Util Change" value ="20.000000" />
  <attribute name="Current GC Util Change" value="27.000000"/>
  <attribute name="GC Util currently" value="27" />
  <attribute name="CPU Util currently" value="601022354350" />
<allocation-satisfied id="3273" threadId="0000000002213700" bytesRequested="680" />
<af-end id="3274" timestamp="2019-06-16T21:31:00.680" threadId="0000000002214088" success="true" from="nursery"/>
<exclusive-end id="3275" timestamp="2019-06-16T21:31:00.680" durationms="2.039" />

<exclusive-start id="3276" timestamp="2019-06-16T21:31:00.686" intervalms="7.989">
  <response-info timems="0.063" idlems="0.063" threads="0" lastid="0000000002213700" lastname="main" />
</exclusive-start>
<af-start id="3277" threadId="0000000002214088" totalBytesRequested="88" timestamp="2019-06-16T21:31:00.686" intervalms="8.002" type="nursery" />
<cycle-start id="3278" type="scavenge" contextid="0" timestamp="2019-06-16T21:31:00.686" intervalms="7.951" />
<gc-start id="3279" type="scavenge" contextid="3278" timestamp="2019-06-16T21:31:00.686">
  <mem-info id="3280" free="2053727192" total="2092630016" percent="98">
    <mem type="nursery" free="0" total="3932160" percent="0">
      <mem type="allocate" free="0" total="3538944" percent="0" />
      <mem type="survivor" free="0" total="393216" percent="0" />
    </mem>
    <mem type="tenure" free="2053727192" total="2088697856" percent="98">
      <mem type="soa" free="1928405976" total="1963376640" percent="98" />
      <mem type="loa" free="125321216" total="125321216" percent="100" />
    </mem>
    <remembered-set count="1144" />
  </mem-info>
</gc-start>
<allocation-stats totalBytes="3140856" >
  <allocated-bytes non-tlh="680" tlh="3140176" />
  <largest-consumer threadName="main" threadId="0000000002213700" bytes="3140856" />
</allocation-stats>
<gc-op id="3281" type="scavenge" timems="0.733" contextid="3278" timestamp="2019-06-16T21:31:00.687">
  <scavenger-info tenureage="2" tenuremask="4004" tiltratio="90" />
  <memory-copied type="nursery" objects="9150" bytes="234648" bytesdiscarded="158568" />
  <memory-copied type="tenure" objects="8566" bytes="202768" bytesdiscarded="24" />
  <copy-failed type="nursery" objects="2261" bytes="47064" />
</gc-op>
<gc-end id="3282" type="scavenge" contextid="3278" durationms="1.156" usertimems="4.000" systemtimems="0.000" timestamp="2019-06-16T21:31:00.688" activeThreads="4">
  <mem-info id="3283" free="2056716248" total="2092630016" percent="98">
    <mem type="nursery" free="3145728" total="3932160" percent="80">
      <mem type="allocate" free="3145728" total="3538944" percent="88" />
      <mem type="survivor" free="0" total="393216" percent="0" />
    </mem>
    <mem type="tenure" free="2053570520" total="2088697856" percent="98" macro-fragmented="0">
      <mem type="soa" free="1928249304" total="1963376640" percent="98" />
      <mem type="loa" free="125321216" total="125321216" percent="100" />
    </mem>
    <remembered-set count="1323" />
  </mem-info>
</gc-end>
<cycle-end id="3284" type="scavenge" contextid="3278" timestamp="2019-06-16T21:31:00.688" />
  <attribute name="elasticGC enabled" value="1" />
  <attribute name= "numThreadsSpecified" value="4" />
  <attribute name="heapSize specified" value="9371648" />
  <attribute name="Current GC Util" value="26" />
  <attribute name= "Current Time Running" value="46652" />
  <attribute name ="GC Interval" value="200" />
  <attribute name="ProportionalT" value="3.000000" />
  <attribute name="ProportionalI" value="3.000000" />
  <attribute name="ProportionalH" value="3.000000" />
  <attribute name="Current Error" value="6.000000" />
  <attribute name="IntegralT" value="24.000000" />
  <attribute name="IntegralI" value="24.000000" />
  <attribute name="IntegralH" value="24.000000" />
  <attribute name="DerivativeT" value="-0.125000" />
  <attribute name="DerivativeI" value="-0.125000" />
  <attribute name="DerivativeH" value="-0.125000" />
  <attribute name="Loop Time for DT" value="8.000000" />
  <attribute name="Output H" value="8388608"/>
  <attribute name="Output I" value="200"/>
  <attribute name="Output T" value="4"/>
  <attribute name="Target GC Util Change" value ="20.000000" />
  <attribute name="Current GC Util Change" value="26.000000"/>
  <attribute name="GC Util currently" value="26" />
  <attribute name="CPU Util currently" value="579840203090" />
<allocation-satisfied id="3285" threadId="0000000002213700" bytesRequested="88" />
<af-end id="3286" timestamp="2019-06-16T21:31:00.688" threadId="0000000002214088" success="true" from="nursery"/>
<exclusive-end id="3287" timestamp="2019-06-16T21:31:00.688" durationms="1.734" />

<exclusive-start id="3288" timestamp="2019-06-16T21:31:00.694" intervalms="7.621">
  <response-info timems="0.061" idlems="0.061" threads="0" lastid="0000000002213700" lastname="main" />
</exclusive-start>
<af-start id="3289" threadId="0000000002214088" totalBytesRequested="32" timestamp="2019-06-16T21:31:00.694" intervalms="7.616" type="nursery" />
<cycle-start id="3290" type="scavenge" contextid="0" timestamp="2019-06-16T21:31:00.694" intervalms="7.672" />
<gc-start id="3291" type="scavenge" contextid="3290" timestamp="2019-06-16T21:31:00.694">
  <mem-info id="3292" free="2053570520" total="2092630016" percent="98">
    <mem type="nursery" free="0" total="3932160" percent="0">
      <mem type="allocate" free="0" total="3538944" percent="0" />
      <mem type="survivor" free="0" total="393216" percent="0" />
    </mem>
    <mem type="tenure" free="2053570520" total="2088697856" percent="98">
      <mem type="soa" free="1928249304" total="1963376640" percent="98" />
      <mem type="loa" free="125321216" total="125321216" percent="100" />
    </mem>
    <remembered-set count="1686" />
  </mem-info>
</gc-start>
<allocation-stats totalBytes="3139928" >
  <allocated-bytes non-tlh="88" tlh="3139840" />
  <largest-consumer threadName="main" threadId="0000000002213700" bytes="3139928" />
</allocation-stats>
<gc-op id="3293" type="scavenge" timems="0.797" contextid="3290" timestamp="2019-06-16T21:31:00.695">
  <scavenger-info tenureage="2" tenuremask="4004" tiltratio="90" />
  <memory-copied type="nursery" objects="10659" bytes="258688" bytesdiscarded="116096" />
  <memory-copied type="tenure" objects="4758" bytes="123688" bytesdiscarded="16" />
</gc-op>
<gc-end id="3294" type="scavenge" contextid="3290" durationms="1.219" usertimems="4.000" systemtimems="0.000" timestamp="2019-06-16T21:31:00.695" activeThreads="4">
  <mem-info id="3295" free="2056656344" total="2092630016" percent="98">
    <mem type="nursery" free="3164160" total="3932160" percent="80">
      <mem type="allocate" free="3164160" total="3538944" percent="89" />
      <mem type="survivor" free="0" total="393216" percent="0" />
    </mem>
    <mem type="tenure" free="2053492184" total="2088697856" percent="98" macro-fragmented="1048608">
      <mem type="soa" free="1928170968" total="1963376640" percent="98" />
      <mem type="loa" free="125321216" total="125321216" percent="100" />
    </mem>
    <remembered-set count="923" />
  </mem-info>
</gc-end>
<cycle-end id="3296" type="scavenge" contextid="3290" timestamp="2019-06-16T21:31:00.695" />
  <attribute name="elasticGC enabled" value="1" />
  <attribute name= "numThreadsSpecified" value="4" />
  <attribute name="heapSize specified" value="9371648" />
  <attribute name="Current GC Util" value="27" />
  <attribute name= "Current Time Running" value="46660" />
  <attribute name ="GC Interval" value="200" />
  <attribute name="ProportionalT" value="3.500000" />
  <attribute name="ProportionalI" value="3.500000" />
  <attribute name="ProportionalH" value="3.500000" />
  <attribute name="Current Error" value="7.000000" />
  <attribute name="IntegralT" value="28.000000" />
  <attribute name="IntegralI" value="28.000000" />
  <attribute name="IntegralH" value="28.000000" />
  <attribute name="DerivativeT" value="0.125000" />
  <attribute name="DerivativeI" value="0.125000" />
  <attribute name="DerivativeH" value="0.125000" />
  <attribute name="Loop Time for DT" value="8.000000" />
  <attribute name="Output H" value="8388608"/>
  <attribute name="Output I" value="200"/>
  <attribute name="Output T" value="4"/>
  <attribute name="Target GC Util Change" value ="20.000000" />
  <attribute name="Current GC Util Change" value="27.000000"/>
  <attribute name="GC Util currently" value="27" />
  <attribute name="CPU Util currently" value="600862449496" />
<allocation-satisfied id="3297" threadId="0000000002213700" bytesRequested="32" />
<af-end id="3298" timestamp="2019-06-16T21:31:00.696" threadId="0000000002214088" success="true" from="nursery"/>
<exclusive-end id="3299" timestamp="2019-06-16T21:31:00.696" durationms="1.921" />

<exclusive-start id="3300" timestamp="2019-06-16T21:31:00.702" intervalms="7.824">
  <response-info timems="0.060" idlems="0.060" threads="0" lastid="0000000002213700" lastname="main" />
</exclusive-start>
<af-start id="3301" threadId="0000000002214088" totalBytesRequested="664" timestamp="2019-06-16T21:31:00.702" intervalms="7.814" type="nursery" />
<cycle-start id="3302" type="scavenge" contextid="0" timestamp="2019-06-16T21:31:00.702" intervalms="7.756" />
<gc-start id="3303" type="scavenge" contextid="3302" timestamp="2019-06-16T21:31:00.702">
  <mem-info id="3304" free="2053492184" total="2092630016" percent="98">
    <mem type="nursery" free="0" total="3932160" percent="0">
      <mem type="allocate" free="0" total="3538944" percent="0" />
      <mem type="survivor" free="0" total="393216" percent="0" />
    </mem>
    <mem type="tenure" free="2053492184" total="2088697856" percent="98">
      <mem type="soa" free="1928170968" total="1963376640" percent="98" />
      <mem type="loa" free="125321216" total="125321216" percent="100" />
    </mem>
    <remembered-set count="1299" />
  </mem-info>
</gc-start>
<allocation-stats totalBytes="3158896" >
  <allocated-bytes non-tlh="32" tlh="3158864" />
  <largest-consumer threadName="main" threadId="0000000002213700" bytes="3158896" />
</allocation-stats>
<gc-op id="3305" type="scavenge" timems="0.839" contextid="3302" timestamp="2019-06-16T21:31:00.703">
  <scavenger-info tenureage="2" tenuremask="4004" tiltratio="90" />
  <memory-copied type="nursery" objects="12558" bytes="298400" bytesdiscarded="94816" />
  <memory-copied type="tenure" objects="4372" bytes="109584" bytesdiscarded="8" />
</gc-op>
<gc-end id="3306" type="scavenge" contextid="3302" durationms="1.225" usertimems="4.000" systemtimems="0.000" timestamp="2019-06-16T21:31:00.703" activeThreads="4">
  <mem-info id="3307" free="2056498136" total="2092630016" percent="98">
    <mem type="nursery" free="3145728" total="3932160" percent="80">
      <mem type="allocate" free="3145728" total="3538944" percent="88" />
      <mem type="survivor" free="0" total="393216" percent="0" />
    </mem>
    <mem type="tenure" free="2053352408" total="2088697856" percent="98" macro-fragmented="0">
      <mem type="soa" free="1928031192" total="1963376640" percent="98" />
      <mem type="loa" free="125321216" total="125321216" percent="100" />
    </mem>
    <remembered-set count="849" />
  </mem-info>
</gc-end>
<cycle-end id="3308" type="scavenge" contextid="3302" timestamp="2019-06-16T21:31:00.703" />
  <attribute name="elasticGC enabled" value="1" />
  <attribute name= "numThreadsSpecified" value="4" />
  <attribute name="heapSize specified" value="9371648" />
  <attribute name="Current GC Util" value="25" />
  <attribute name= "Current Time Running" value="46668" />
  <attribute name ="GC Interval" value="200" />
  <attribute name="ProportionalT" value="2.500000" />
  <attribute name="ProportionalI" value="2.500000" />
  <attribute name="ProportionalH" value="2.500000" />
  <attribute name="Current Error" value="5.000000" />
  <attribute name="IntegralT" value="20.000000" />
  <attribute name="IntegralI" value="20.000000" />
  <attribute name="IntegralH" value="20.000000" />
  <attribute name="DerivativeT" value="-0.250000" />
  <attribute name="DerivativeI" value="-0.250000" />
  <attribute name="DerivativeH" value="-0.250000" />
  <attribute name="Loop Time for DT" value="8.000000" />
  <attribute name="Output H" value="8388608"/>
  <attribute name="Output I" value="200"/>
  <attribute name="Output T" value="4"/>
  <attribute name="Target GC Util Change" value ="20.000000" />
  <attribute name="Current GC Util Change" value="25.000000"/>
  <attribute name="GC Util currently" value="25" />
  <attribute name="CPU Util currently" value="594968048648" />
<allocation-satisfied id="3309" threadId="0000000002213700" bytesRequested="664" />
<af-end id="3310" timestamp="2019-06-16T21:31:00.703" threadId="0000000002214088" success="true" from="nursery"/>
<exclusive-end id="3311" timestamp="2019-06-16T21:31:00.703" durationms="1.744" />

<exclusive-start id="3312" timestamp="2019-06-16T21:31:00.709" intervalms="7.592">
  <response-info timems="0.043" idlems="0.043" threads="0" lastid="0000000002213700" lastname="main" />
</exclusive-start>
<af-start id="3313" threadId="0000000002214088" totalBytesRequested="664" timestamp="2019-06-16T21:31:00.709" intervalms="7.570" type="nursery" />
<cycle-start id="3314" type="scavenge" contextid="0" timestamp="2019-06-16T21:31:00.709" intervalms="7.572" />
<gc-start id="3315" type="scavenge" contextid="3314" timestamp="2019-06-16T21:31:00.709">
  <mem-info id="3316" free="2053352408" total="2092630016" percent="98">
    <mem type="nursery" free="0" total="3932160" percent="0">
      <mem type="allocate" free="0" total="3538944" percent="0" />
      <mem type="survivor" free="0" total="393216" percent="0" />
    </mem>
    <mem type="tenure" free="2053352408" total="2088697856" percent="98">
      <mem type="soa" free="1928031192" total="1963376640" percent="98" />
      <mem type="loa" free="125321216" total="125321216" percent="100" />
    </mem>
    <remembered-set count="1146" />
  </mem-info>
</gc-start>
<allocation-stats totalBytes="3141080" >
  <allocated-bytes non-tlh="664" tlh="3140416" />
  <largest-consumer threadName="main" threadId="0000000002213700" bytes="3141080" />
</allocation-stats>
<gc-op id="3317" type="scavenge" timems="0.857" contextid="3314" timestamp="2019-06-16T21:31:00.710">
  <scavenger-info tenureage="2" tenuremask="4004" tiltratio="90" />
  <memory-copied type="nursery" objects="12558" bytes="298424" bytesdiscarded="76360" />
  <memory-copied type="tenure" objects="6240" bytes="147904" bytesdiscarded="16" />
</gc-op>
<gc-end id="3318" type="scavenge" contextid="3314" durationms="1.278" usertimems="0.000" systemtimems="0.000" timestamp="2019-06-16T21:31:00.711" activeThreads="4">
  <mem-info id="3319" free="2056376792" total="2092630016" percent="98">
    <mem type="nursery" free="3164160" total="3932160" percent="80">
      <mem type="allocate" free="3164160" total="3538944" percent="89" />
      <mem type="survivor" free="0" total="393216" percent="0" />
    </mem>
    <mem type="tenure" free="2053212632" total="2088697856" percent="98" macro-fragmented="242284">
      <mem type="soa" free="1927891416" total="1963376640" percent="98" />
      <mem type="loa" free="125321216" total="125321216" percent="100" />
    </mem>
    <remembered-set count="778" />
  </mem-info>
</gc-end>
<cycle-end id="3320" type="scavenge" contextid="3314" timestamp="2019-06-16T21:31:00.711" />
  <attribute name="elasticGC enabled" value="1" />
  <attribute name= "numThreadsSpecified" value="4" />
  <attribute name="heapSize specified" value="9371648" />
  <attribute name="Current GC Util" value="27" />
  <attribute name= "Current Time Running" value="46675" />
  <attribute name ="GC Interval" value="200" />
  <attribute name="ProportionalT" value="3.500000" />
  <attribute name="ProportionalI" value="3.500000" />
  <attribute name="ProportionalH" value="3.500000" />
  <attribute name="Current Error" value="7.000000" />
  <attribute name="IntegralT" value="24.500000" />
  <attribute name="IntegralI" value="24.500000" />
  <attribute name="IntegralH" value="24.500000" />
  <attribute name="DerivativeT" value="0.285714" />
  <attribute name="DerivativeI" value="0.285714" />
  <attribute name="DerivativeH" value="0.285714" />
  <attribute name="Loop Time for DT" value="7.000000" />
  <attribute name="Output H" value="8388608"/>
  <attribute name="Output I" value="200"/>
  <attribute name="Output T" value="4"/>
  <attribute name="Target GC Util Change" value ="20.000000" />
  <attribute name="Current GC Util Change" value="27.000000"/>
  <attribute name="GC Util currently" value="27" />
  <attribute name="CPU Util currently" value="609485331180" />
<allocation-satisfied id="3321" threadId="0000000002213700" bytesRequested="664" />
<af-end id="3322" timestamp="2019-06-16T21:31:00.711" threadId="0000000002214088" success="true" from="nursery"/>
<exclusive-end id="3323" timestamp="2019-06-16T21:31:00.711" durationms="1.936" />

<exclusive-start id="3324" timestamp="2019-06-16T21:31:00.717" intervalms="7.792">
  <response-info timems="0.042" idlems="0.042" threads="0" lastid="0000000002213700" lastname="main" />
</exclusive-start>
<af-start id="3325" threadId="0000000002214088" totalBytesRequested="672" timestamp="2019-06-16T21:31:00.717" intervalms="7.812" type="nursery" />
<cycle-start id="3326" type="scavenge" contextid="0" timestamp="2019-06-16T21:31:00.717" intervalms="7.814" />
<gc-start id="3327" type="scavenge" contextid="3326" timestamp="2019-06-16T21:31:00.717">
  <mem-info id="3328" free="2053212632" total="2092630016" percent="98">
    <mem type="nursery" free="0" total="3932160" percent="0">
      <mem type="allocate" free="0" total="3538944" percent="0" />
      <mem type="survivor" free="0" total="393216" percent="0" />
    </mem>
    <mem type="tenure" free="2053212632" total="2088697856" percent="98">
      <mem type="soa" free="1927891416" total="1963376640" percent="98" />
      <mem type="loa" free="125321216" total="125321216" percent="100" />
    </mem>
    <remembered-set count="1054" />
  </mem-info>
</gc-start>
<allocation-stats totalBytes="3159832" >
  <allocated-bytes non-tlh="664" tlh="3159168" />
  <largest-consumer threadName="main" threadId="0000000002213700" bytes="3159832" />
</allocation-stats>
<gc-op id="3329" type="scavenge" timems="0.766" contextid="3326" timestamp="2019-06-16T21:31:00.718">
  <scavenger-info tenureage="2" tenuremask="4004" tiltratio="90" />
  <memory-copied type="nursery" objects="9527" bytes="243360" bytesdiscarded="149856" />
  <memory-copied type="tenure" objects="9331" bytes="207176" bytesdiscarded="32" />
  <copy-failed type="nursery" objects="3067" bytes="58768" />
</gc-op>
<gc-end id="3330" type="scavenge" contextid="3326" durationms="1.193" usertimems="0.000" systemtimems="0.000" timestamp="2019-06-16T21:31:00.718" activeThreads="4">
  <mem-info id="3331" free="2056187864" total="2092630016" percent="98">
    <mem type="nursery" free="3145728" total="3932160" percent="80">
      <mem type="allocate" free="3145728" total="3538944" percent="88" />
      <mem type="survivor" free="0" total="393216" percent="0" />
    </mem>
    <mem type="tenure" free="2053042136" total="2088697856" percent="98" macro-fragmented="0">
      <mem type="soa" free="1927720920" total="1963376640" percent="98" />
      <mem type="loa" free="125321216" total="125321216" percent="100" />
    </mem>
    <remembered-set count="1271" />
  </mem-info>
</gc-end>
<cycle-end id="3332" type="scavenge" contextid="3326" timestamp="2019-06-16T21:31:00.718" />
  <attribute name="elasticGC enabled" value="1" />
  <attribute name= "numThreadsSpecified" value="4" />
  <attribute name="heapSize specified" value="9371648" />
  <attribute name="Current GC Util" value="28" />
  <attribute name= "Current Time Running" value="46683" />
  <attribute name ="GC Interval" value="200" />
  <attribute name="ProportionalT" value="4.000000" />
  <attribute name="ProportionalI" value="4.000000" />
  <attribute name="ProportionalH" value="4.000000" />
  <attribute name="Current Error" value="8.000000" />
  <attribute name="IntegralT" value="32.000000" />
  <attribute name="IntegralI" value="32.000000" />
  <attribute name="IntegralH" value="32.000000" />
  <attribute name="DerivativeT" value="0.125000" />
  <attribute name="DerivativeI" value="0.125000" />
  <attribute name="DerivativeH" value="0.125000" />
  <attribute name="Loop Time for DT" value="8.000000" />
  <attribute name="Output H" value="8388608"/>
  <attribute name="Output I" value="200"/>
  <attribute name="Output T" value="4"/>
  <attribute name="Target GC Util Change" value ="20.000000" />
  <attribute name="Current GC Util Change" value="28.000000"/>
  <attribute name="GC Util currently" value="28" />
  <attribute name="CPU Util currently" value="589441503911" />
<allocation-satisfied id="3333" threadId="0000000002213700" bytesRequested="672" />
<af-end id="3334" timestamp="2019-06-16T21:31:00.719" threadId="0000000002214088" success="true" from="nursery"/>
<exclusive-end id="3335" timestamp="2019-06-16T21:31:00.719" durationms="1.720" />

<exclusive-start id="3336" timestamp="2019-06-16T21:31:00.724" intervalms="7.473">
  <response-info timems="0.075" idlems="0.075" threads="0" lastid="0000000002213700" lastname="main" />
</exclusive-start>
<af-start id="3337" threadId="0000000002214088" totalBytesRequested="32" timestamp="2019-06-16T21:31:00.725" intervalms="7.480" type="nursery" />
<cycle-start id="3338" type="scavenge" contextid="0" timestamp="2019-06-16T21:31:00.725" intervalms="7.535" />
<gc-start id="3339" type="scavenge" contextid="3338" timestamp="2019-06-16T21:31:00.725">
  <mem-info id="3340" free="2053042136" total="2092630016" percent="98">
    <mem type="nursery" free="0" total="3932160" percent="0">
      <mem type="allocate" free="0" total="3538944" percent="0" />
      <mem type="survivor" free="0" total="393216" percent="0" />
    </mem>
    <mem type="tenure" free="2053042136" total="2088697856" percent="98">
      <mem type="soa" free="1927720920" total="1963376640" percent="98" />
      <mem type="loa" free="125321216" total="125321216" percent="100" />
    </mem>
    <remembered-set count="1393" />
  </mem-info>
</gc-start>
<allocation-stats totalBytes="3143136" >
  <allocated-bytes non-tlh="672" tlh="3142464" />
  <largest-consumer threadName="main" threadId="0000000002213700" bytes="3143136" />
</allocation-stats>
<gc-op id="3341" type="scavenge" timems="0.662" contextid="3338" timestamp="2019-06-16T21:31:00.726">
  <scavenger-info tenureage="2" tenuremask="4004" tiltratio="90" />
  <memory-copied type="nursery" objects="11017" bytes="275864" bytesdiscarded="117352" />
  <memory-copied type="tenure" objects="4991" bytes="127920" bytesdiscarded="40" />
</gc-op>
<gc-end id="3342" type="scavenge" contextid="3338" durationms="1.093" usertimems="4.000" systemtimems="0.000" timestamp="2019-06-16T21:31:00.726" activeThreads="4">
  <mem-info id="3343" free="2056048088" total="2092630016" percent="98">
    <mem type="nursery" free="3145728" total="3932160" percent="80">
      <mem type="allocate" free="3145728" total="3538944" percent="88" />
      <mem type="survivor" free="0" total="393216" percent="0" />
    </mem>
    <mem type="tenure" free="2052902360" total="2088697856" percent="98" macro-fragmented="0">
      <mem type="soa" free="1927581144" total="1963376640" percent="98" />
      <mem type="loa" free="125321216" total="125321216" percent="100" />
    </mem>
    <remembered-set count="562" />
  </mem-info>
</gc-end>
<cycle-end id="3344" type="scavenge" contextid="3338" timestamp="2019-06-16T21:31:00.726" />
  <attribute name="elasticGC enabled" value="1" />
  <attribute name= "numThreadsSpecified" value="4" />
  <attribute name="heapSize specified" value="9371648" />
  <attribute name="Current GC Util" value="28" />
  <attribute name= "Current Time Running" value="46691" />
  <attribute name ="GC Interval" value="200" />
  <attribute name="ProportionalT" value="4.000000" />
  <attribute name="ProportionalI" value="4.000000" />
  <attribute name="ProportionalH" value="4.000000" />
  <attribute name="Current Error" value="8.000000" />
  <attribute name="IntegralT" value="32.000000" />
  <attribute name="IntegralI" value="32.000000" />
  <attribute name="IntegralH" value="32.000000" />
  <attribute name="DerivativeT" value="0.000000" />
  <attribute name="DerivativeI" value="0.000000" />
  <attribute name="DerivativeH" value="0.000000" />
  <attribute name="Loop Time for DT" value="8.000000" />
  <attribute name="Output H" value="8388608"/>
  <attribute name="Output I" value="200"/>
  <attribute name="Output T" value="4"/>
  <attribute name="Target GC Util Change" value ="20.000000" />
  <attribute name="Current GC Util Change" value="28.000000"/>
  <attribute name="GC Util currently" value="28" />
  <attribute name="CPU Util currently" value="611388778913" />
<allocation-satisfied id="3345" threadId="0000000002213700" bytesRequested="32" />
<af-end id="3346" timestamp="2019-06-16T21:31:00.726" threadId="0000000002214088" success="true" from="nursery"/>
<exclusive-end id="3347" timestamp="2019-06-16T21:31:00.726" durationms="1.774" />

<exclusive-start id="3348" timestamp="2019-06-16T21:31:00.732" intervalms="7.568">
  <response-info timems="0.062" idlems="0.062" threads="0" lastid="0000000002213700" lastname="main" />
</exclusive-start>
<af-start id="3349" threadId="0000000002214088" totalBytesRequested="648" timestamp="2019-06-16T21:31:00.732" intervalms="7.565" type="nursery" />
<cycle-start id="3350" type="scavenge" contextid="0" timestamp="2019-06-16T21:31:00.732" intervalms="7.508" />
<gc-start id="3351" type="scavenge" contextid="3350" timestamp="2019-06-16T21:31:00.732">
  <mem-info id="3352" free="2052902360" total="2092630016" percent="98">
    <mem type="nursery" free="0" total="3932160" percent="0">
      <mem type="allocate" free="0" total="3538944" percent="0" />
      <mem type="survivor" free="0" total="393216" percent="0" />
    </mem>
    <mem type="tenure" free="2052902360" total="2088697856" percent="98">
      <mem type="soa" free="1927581144" total="1963376640" percent="98" />
      <mem type="loa" free="125321216" total="125321216" percent="100" />
    </mem>
    <remembered-set count="678" />
  </mem-info>
</gc-start>
<allocation-stats totalBytes="3141736" >
  <allocated-bytes non-tlh="32" tlh="3141704" />
  <largest-consumer threadName="main" threadId="0000000002213700" bytes="3141736" />
</allocation-stats>
<gc-op id="3353" type="scavenge" timems="0.700" contextid="3350" timestamp="2019-06-16T21:31:00.733">
  <scavenger-info tenureage="2" tenuremask="4004" tiltratio="90" />
  <memory-copied type="nursery" objects="13019" bytes="323168" bytesdiscarded="70048" />
  <memory-copied type="tenure" objects="4517" bytes="114776" bytesdiscarded="72" />
</gc-op>
<gc-end id="3354" type="scavenge" contextid="3350" durationms="1.060" usertimems="4.000" systemtimems="0.000" timestamp="2019-06-16T21:31:00.733" activeThreads="4">
  <mem-info id="3355" free="2055807704" total="2092630016" percent="98">
    <mem type="nursery" free="3145728" total="3932160" percent="80">
      <mem type="allocate" free="3145728" total="3538944" percent="88" />
      <mem type="survivor" free="0" total="393216" percent="0" />
    </mem>
    <mem type="tenure" free="2052661976" total="2088697856" percent="98" macro-fragmented="0">
      <mem type="soa" free="1927340760" total="1963376640" percent="98" />
      <mem type="loa" free="125321216" total="125321216" percent="100" />
    </mem>
    <remembered-set count="353" />
  </mem-info>
</gc-end>
<cycle-end id="3356" type="scavenge" contextid="3350" timestamp="2019-06-16T21:31:00.733" />
  <attribute name="elasticGC enabled" value="1" />
  <attribute name= "numThreadsSpecified" value="4" />
  <attribute name="heapSize specified" value="9371648" />
  <attribute name="Current GC Util" value="25" />
  <attribute name= "Current Time Running" value="46698" />
  <attribute name ="GC Interval" value="200" />
  <attribute name="ProportionalT" value="2.500000" />
  <attribute name="ProportionalI" value="2.500000" />
  <attribute name="ProportionalH" value="2.500000" />
  <attribute name="Current Error" value="5.000000" />
  <attribute name="IntegralT" value="17.500000" />
  <attribute name="IntegralI" value="17.500000" />
  <attribute name="IntegralH" value="17.500000" />
  <attribute name="DerivativeT" value="-0.428571" />
  <attribute name="DerivativeI" value="-0.428571" />
  <attribute name="DerivativeH" value="-0.428571" />
  <attribute name="Loop Time for DT" value="7.000000" />
  <attribute name="Output H" value="8388608"/>
  <attribute name="Output I" value="200"/>
  <attribute name="Output T" value="4"/>
  <attribute name="Target GC Util Change" value ="20.000000" />
  <attribute name="Current GC Util Change" value="25.000000"/>
  <attribute name="GC Util currently" value="25" />
  <attribute name="CPU Util currently" value="615217859629" />
<allocation-satisfied id="3357" threadId="0000000002213700" bytesRequested="648" />
<af-end id="3358" timestamp="2019-06-16T21:31:00.734" threadId="0000000002214088" success="true" from="nursery"/>
<exclusive-end id="3359" timestamp="2019-06-16T21:31:00.734" durationms="1.713" />

<exclusive-start id="3360" timestamp="2019-06-16T21:31:00.748" intervalms="15.607">
  <response-info timems="0.068" idlems="0.068" threads="0" lastid="0000000002213700" lastname="main" />
</exclusive-start>
<af-start id="3361" threadId="0000000002214088" totalBytesRequested="16" timestamp="2019-06-16T21:31:00.748" intervalms="15.653" type="nursery" />
<cycle-start id="3362" type="scavenge" contextid="0" timestamp="2019-06-16T21:31:00.748" intervalms="15.735" />
<gc-start id="3363" type="scavenge" contextid="3362" timestamp="2019-06-16T21:31:00.748">
  <mem-info id="3364" free="2052661976" total="2092630016" percent="98">
    <mem type="nursery" free="0" total="3932160" percent="0">
      <mem type="allocate" free="0" total="3538944" percent="0" />
      <mem type="survivor" free="0" total="393216" percent="0" />
    </mem>
    <mem type="tenure" free="2052661976" total="2088697856" percent="98">
      <mem type="soa" free="1927340760" total="1963376640" percent="98" />
      <mem type="loa" free="125321216" total="125321216" percent="100" />
    </mem>
    <remembered-set count="465" />
  </mem-info>
</gc-start>
<allocation-stats totalBytes="3143480" >
  <allocated-bytes non-tlh="131728" tlh="3011752" />
  <largest-consumer threadName="main" threadId="0000000002213700" bytes="3143480" />
</allocation-stats>
<gc-op id="3365" type="scavenge" timems="1.045" contextid="3362" timestamp="2019-06-16T21:31:00.749">
  <scavenger-info tenureage="2" tenuremask="4004" tiltratio="90" />
  <memory-copied type="nursery" objects="8517" bytes="359920" bytesdiscarded="33296" />
  <memory-copied type="tenure" objects="10890" bytes="265248" bytesdiscarded="24" />
  <copy-failed type="nursery" objects="4452" bytes="106512" />
</gc-op>
<gc-end id="3366" type="scavenge" contextid="3362" durationms="1.547" usertimems="4.000" systemtimems="0.000" timestamp="2019-06-16T21:31:00.750" activeThreads="4">
  <mem-info id="3367" free="2055222744" total="2092630016" percent="98">
    <mem type="nursery" free="2818048" total="3932160" percent="71">
      <mem type="allocate" free="2818048" total="3211264" percent="87" />
      <mem type="survivor" free="0" total="720896" percent="0" />
    </mem>
    <mem type="tenure" free="2052404696" total="2088697856" percent="98" macro-fragmented="0">
      <mem type="soa" free="1927083480" total="1963376640" percent="98" />
      <mem type="loa" free="125321216" total="125321216" percent="100" />
    </mem>
    <remembered-set count="1425" />
  </mem-info>
</gc-end>
<cycle-end id="3368" type="scavenge" contextid="3362" timestamp="2019-06-16T21:31:00.750" />
  <attribute name="elasticGC enabled" value="1" />
  <attribute name= "numThreadsSpecified" value="4" />
  <attribute name="heapSize specified" value="9371648" />
  <attribute name="Current GC Util" value="12" />
  <attribute name= "Current Time Running" value="46714" />
  <attribute name ="GC Interval" value="200" />
  <attribute name="ProportionalT" value="-4.000000" />
  <attribute name="ProportionalI" value="-4.000000" />
  <attribute name="ProportionalH" value="-4.000000" />
  <attribute name="Current Error" value="-8.000000" />
  <attribute name="IntegralT" value="-64.000000" />
  <attribute name="IntegralI" value="-64.000000" />
  <attribute name="IntegralH" value="-64.000000" />
  <attribute name="DerivativeT" value="-0.812500" />
  <attribute name="DerivativeI" value="-0.812500" />
  <attribute name="DerivativeH" value="-0.812500" />
  <attribute name="Loop Time for DT" value="16.000000" />
  <attribute name="Output H" value="2092630016"/>
  <attribute name="Output I" value="200"/>
  <attribute name="Output T" value="4"/>
  <attribute name="Target GC Util Change" value ="20.000000" />
  <attribute name="Current GC Util Change" value="12.000000"/>
  <attribute name="GC Util currently" value="12" />
  <attribute name="CPU Util currently" value="290541688329" />
<allocation-satisfied id="3369" threadId="0000000002213700" bytesRequested="16" />
<af-end id="3370" timestamp="2019-06-16T21:31:00.750" threadId="0000000002214088" success="true" from="nursery"/>
<exclusive-end id="3371" timestamp="2019-06-16T21:31:00.750" durationms="2.307" />

<exclusive-start id="3372" timestamp="2019-06-16T21:31:00.763" intervalms="15.562">
  <response-info timems="0.106" idlems="0.106" threads="0" lastid="0000000002213700" lastname="main" />
</exclusive-start>
<af-start id="3373" threadId="0000000002214088" totalBytesRequested="48" timestamp="2019-06-16T21:31:00.763" intervalms="15.613" type="nursery" />
<cycle-start id="3374" type="scavenge" contextid="0" timestamp="2019-06-16T21:31:00.763" intervalms="15.592" />
<gc-start id="3375" type="scavenge" contextid="3374" timestamp="2019-06-16T21:31:00.764">
  <mem-info id="3376" free="2052404696" total="2092630016" percent="98">
    <mem type="nursery" free="0" total="3932160" percent="0">
      <mem type="allocate" free="0" total="3211264" percent="0" />
      <mem type="survivor" free="0" total="720896" percent="0" />
    </mem>
    <mem type="tenure" free="2052404696" total="2088697856" percent="98">
      <mem type="soa" free="1927083480" total="1963376640" percent="98" />
      <mem type="loa" free="125321216" total="125321216" percent="100" />
    </mem>
    <remembered-set count="1485" />
  </mem-info>
</gc-start>
<allocation-stats totalBytes="2814984" >
  <allocated-bytes non-tlh="131096" tlh="2683888" />
  <largest-consumer threadName="main" threadId="0000000002213700" bytes="2814984" />
</allocation-stats>
<gc-op id="3377" type="scavenge" timems="0.895" contextid="3374" timestamp="2019-06-16T21:31:00.765">
  <scavenger-info tenureage="2" tenuremask="4004" tiltratio="81" />
  <memory-copied type="nursery" objects="10187" bytes="540496" bytesdiscarded="180400" />
  <memory-copied type="tenure" objects="5920" bytes="148048" bytesdiscarded="8" />
  <copy-failed type="nursery" objects="2086" bytes="43408" />
</gc-op>
<gc-end id="3378" type="scavenge" contextid="3374" durationms="1.335" usertimems="4.000" systemtimems="0.000" timestamp="2019-06-16T21:31:00.765" activeThreads="4">
  <mem-info id="3379" free="2054790360" total="2092630016" percent="98">
    <mem type="nursery" free="2424832" total="3932160" percent="61">
      <mem type="allocate" free="2424832" total="3145728" percent="77" />
      <mem type="survivor" free="0" total="786432" percent="0" />
    </mem>
    <mem type="tenure" free="2052365528" total="2088697856" percent="98" macro-fragmented="0">
      <mem type="soa" free="1927044312" total="1963376640" percent="98" />
      <mem type="loa" free="125321216" total="125321216" percent="100" />
    </mem>
    <remembered-set count="1617" />
  </mem-info>
</gc-end>
<cycle-end id="3380" type="scavenge" contextid="3374" timestamp="2019-06-16T21:31:00.765" />
  <attribute name="elasticGC enabled" value="1" />
  <attribute name= "numThreadsSpecified" value="4" />
  <attribute name="heapSize specified" value="9371648" />
  <attribute name="Current GC Util" value="15" />
  <attribute name= "Current Time Running" value="46730" />
  <attribute name ="GC Interval" value="200" />
  <attribute name="ProportionalT" value="-2.500000" />
  <attribute name="ProportionalI" value="-2.500000" />
  <attribute name="ProportionalH" value="-2.500000" />
  <attribute name="Current Error" value="-5.000000" />
  <attribute name="IntegralT" value="-40.000000" />
  <attribute name="IntegralI" value="-40.000000" />
  <attribute name="IntegralH" value="-40.000000" />
  <attribute name="DerivativeT" value="-0.312500" />
  <attribute name="DerivativeI" value="-0.312500" />
  <attribute name="DerivativeH" value="-0.312500" />
  <attribute name="Loop Time for DT" value="16.000000" />
  <attribute name="Output H" value="2092630016"/>
  <attribute name="Output I" value="200"/>
  <attribute name="Output T" value="4"/>
  <attribute name="Target GC Util Change" value ="20.000000" />
  <attribute name="Current GC Util Change" value="15.000000"/>
  <attribute name="GC Util currently" value="15" />
  <attribute name="CPU Util currently" value="297000636466" />
<allocation-satisfied id="3381" threadId="0000000002213700" bytesRequested="48" />
<af-end id="3382" timestamp="2019-06-16T21:31:00.765" threadId="0000000002214088" success="true" from="nursery"/>
<exclusive-end id="3383" timestamp="2019-06-16T21:31:00.765" durationms="2.147" />

<exclusive-start id="3384" timestamp="2019-06-16T21:31:00.770" intervalms="6.608">
  <response-info timems="0.063" idlems="0.063" threads="0" lastid="0000000002213700" lastname="main" />
</exclusive-start>
<af-start id="3385" threadId="0000000002214088" totalBytesRequested="24" timestamp="2019-06-16T21:31:00.770" intervalms="6.517" type="nursery" />
<cycle-start id="3386" type="scavenge" contextid="0" timestamp="2019-06-16T21:31:00.770" intervalms="6.506" />
<gc-start id="3387" type="scavenge" contextid="3386" timestamp="2019-06-16T21:31:00.770">
  <mem-info id="3388" free="2052365528" total="2092630016" percent="98">
    <mem type="nursery" free="0" total="3932160" percent="0">
      <mem type="allocate" free="0" total="3145728" percent="0" />
      <mem type="survivor" free="0" total="786432" percent="0" />
    </mem>
    <mem type="tenure" free="2052365528" total="2088697856" percent="98">
      <mem type="soa" free="1927044312" total="1963376640" percent="98" />
      <mem type="loa" free="125321216" total="125321216" percent="100" />
    </mem>
    <remembered-set count="1660" />
  </mem-info>
</gc-start>
<allocation-stats totalBytes="2420968" >
  <allocated-bytes non-tlh="48" tlh="2420920" />
  <largest-consumer threadName="main" threadId="0000000002213700" bytes="2420968" />
</allocation-stats>
<gc-op id="3389" type="scavenge" timems="0.915" contextid="3386" timestamp="2019-06-16T21:31:00.771">
  <scavenger-info tenureage="2" tenuremask="4004" tiltratio="80" />
  <memory-copied type="nursery" objects="10621" bytes="417904" bytesdiscarded="224664" />
  <memory-copied type="tenure" objects="4634" bytes="252528" bytesdiscarded="8" />
</gc-op>
<gc-end id="3390" type="scavenge" contextid="3386" durationms="1.287" usertimems="4.000" systemtimems="0.000" timestamp="2019-06-16T21:31:00.771" activeThreads="4">
  <mem-info id="3391" free="2054606280" total="2092630016" percent="98">
    <mem type="nursery" free="2503160" total="3932160" percent="63">
      <mem type="allocate" free="2503160" total="3145728" percent="79" />
      <mem type="survivor" free="0" total="786432" percent="0" />
    </mem>
    <mem type="tenure" free="2052103120" total="2088697856" percent="98" macro-fragmented="60768">
      <mem type="soa" free="1926781904" total="1963376640" percent="98" />
      <mem type="loa" free="125321216" total="125321216" percent="100" />
    </mem>
    <remembered-set count="678" />
  </mem-info>
</gc-end>
<cycle-end id="3392" type="scavenge" contextid="3386" timestamp="2019-06-16T21:31:00.771" />
  <attribute name="elasticGC enabled" value="1" />
  <attribute name= "numThreadsSpecified" value="4" />
  <attribute name="heapSize specified" value="9371648" />
  <attribute name="Current GC Util" value="40" />
  <attribute name= "Current Time Running" value="46736" />
  <attribute name ="GC Interval" value="200" />
  <attribute name="ProportionalT" value="10.000000" />
  <attribute name="ProportionalI" value="10.000000" />
  <attribute name="ProportionalH" value="10.000000" />
  <attribute name="Current Error" value="20.000000" />
  <attribute name="IntegralT" value="60.000000" />
  <attribute name="IntegralI" value="60.000000" />
  <attribute name="IntegralH" value="60.000000" />
  <attribute name="DerivativeT" value="3.333333" />
  <attribute name="DerivativeI" value="3.333333" />
  <attribute name="DerivativeH" value="3.333333" />
  <attribute name="Loop Time for DT" value="6.000000" />
  <attribute name="Output H" value="8388608"/>
  <attribute name="Output I" value="200"/>
  <attribute name="Output T" value="4"/>
  <attribute name="Target GC Util Change" value ="20.000000" />
  <attribute name="Current GC Util Change" value="40.000000"/>
  <attribute name="GC Util currently" value="40" />
  <attribute name="CPU Util currently" value="716885544341" />
<allocation-satisfied id="3393" threadId="0000000002213700" bytesRequested="24" />
<af-end id="3394" timestamp="2019-06-16T21:31:00.772" threadId="0000000002214088" success="true" from="nursery"/>
<exclusive-end id="3395" timestamp="2019-06-16T21:31:00.772" durationms="1.999" />

<exclusive-start id="3396" timestamp="2019-06-16T21:31:00.776" intervalms="6.666">
  <response-info timems="0.023" idlems="0.023" threads="0" lastid="0000000002213700" lastname="main" />
</exclusive-start>
<af-start id="3397" threadId="0000000002214088" totalBytesRequested="664" timestamp="2019-06-16T21:31:00.777" intervalms="6.662" type="nursery" />
<cycle-start id="3398" type="scavenge" contextid="0" timestamp="2019-06-16T21:31:00.777" intervalms="6.672" />
<gc-start id="3399" type="scavenge" contextid="3398" timestamp="2019-06-16T21:31:00.777">
  <mem-info id="3400" free="2052103120" total="2092630016" percent="98">
    <mem type="nursery" free="0" total="3932160" percent="0">
      <mem type="allocate" free="0" total="3145728" percent="0" />
      <mem type="survivor" free="0" total="786432" percent="0" />
    </mem>
    <mem type="tenure" free="2052103120" total="2088697856" percent="98">
      <mem type="soa" free="1926781904" total="1963376640" percent="98" />
      <mem type="loa" free="125321216" total="125321216" percent="100" />
    </mem>
    <remembered-set count="728" />
  </mem-info>
</gc-start>
<allocation-stats totalBytes="2501336" >
  <allocated-bytes non-tlh="24" tlh="2501312" />
  <largest-consumer threadName="main" threadId="0000000002213700" bytes="2501336" />
</allocation-stats>
<gc-op id="3401" type="scavenge" timems="0.701" contextid="3398" timestamp="2019-06-16T21:31:00.778">
  <scavenger-info tenureage="2" tenuremask="4004" tiltratio="80" />
  <memory-copied type="nursery" objects="10547" bytes="269200" bytesdiscarded="180848" />
  <memory-copied type="tenure" objects="5479" bytes="285112" bytesdiscarded="24" />
</gc-op>
<gc-end id="3402" type="scavenge" contextid="3398" durationms="1.072" usertimems="4.000" systemtimems="0.000" timestamp="2019-06-16T21:31:00.778" activeThreads="4">
  <mem-info id="3403" free="2054492872" total="2092630016" percent="98">
    <mem type="nursery" free="2761216" total="3932160" percent="70">
      <mem type="allocate" free="2761216" total="3211264" percent="85" />
      <mem type="survivor" free="0" total="720896" percent="0" />
    </mem>
    <mem type="tenure" free="2051731656" total="2088697856" percent="98" macro-fragmented="60768">
      <mem type="soa" free="1926410440" total="1963376640" percent="98" />
      <mem type="loa" free="125321216" total="125321216" percent="100" />
    </mem>
    <remembered-set count="216" />
  </mem-info>
</gc-end>
<cycle-end id="3404" type="scavenge" contextid="3398" timestamp="2019-06-16T21:31:00.778" />
  <attribute name="elasticGC enabled" value="1" />
  <attribute name= "numThreadsSpecified" value="4" />
  <attribute name="heapSize specified" value="9371648" />
  <attribute name="Current GC Util" value="37" />
  <attribute name= "Current Time Running" value="46743" />
  <attribute name ="GC Interval" value="200" />
  <attribute name="ProportionalT" value="8.500000" />
  <attribute name="ProportionalI" value="8.500000" />
  <attribute name="ProportionalH" value="8.500000" />
  <attribute name="Current Error" value="17.000000" />
  <attribute name="IntegralT" value="59.500000" />
  <attribute name="IntegralI" value="59.500000" />
  <attribute name="IntegralH" value="59.500000" />
  <attribute name="DerivativeT" value="-0.428571" />
  <attribute name="DerivativeI" value="-0.428571" />
  <attribute name="DerivativeH" value="-0.428571" />
  <attribute name="Loop Time for DT" value="7.000000" />
  <attribute name="Output H" value="8388608"/>
  <attribute name="Output I" value="200"/>
  <attribute name="Output T" value="4"/>
  <attribute name="Target GC Util Change" value ="20.000000" />
  <attribute name="Current GC Util Change" value="37.000000"/>
  <attribute name="GC Util currently" value="37" />
  <attribute name="CPU Util currently" value="691618517714" />
<allocation-satisfied id="3405" threadId="0000000002213700" bytesRequested="664" />
<af-end id="3406" timestamp="2019-06-16T21:31:00.778" threadId="0000000002214088" success="true" from="nursery"/>
<exclusive-end id="3407" timestamp="2019-06-16T21:31:00.778" durationms="1.662" />

<exclusive-start id="3408" timestamp="2019-06-16T21:31:00.783" intervalms="6.824">
  <response-info timems="0.027" idlems="0.027" threads="0" lastid="0000000002213700" lastname="main" />
</exclusive-start>
<af-start id="3409" threadId="0000000002214088" totalBytesRequested="664" timestamp="2019-06-16T21:31:00.783" intervalms="6.816" type="nursery" />
<cycle-start id="3410" type="scavenge" contextid="0" timestamp="2019-06-16T21:31:00.783" intervalms="6.758" />
<gc-start id="3411" type="scavenge" contextid="3410" timestamp="2019-06-16T21:31:00.783">
  <mem-info id="3412" free="2051731656" total="2092630016" percent="98">
    <mem type="nursery" free="0" total="3932160" percent="0">
      <mem type="allocate" free="0" total="3211264" percent="0" />
      <mem type="survivor" free="0" total="720896" percent="0" />
    </mem>
    <mem type="tenure" free="2051731656" total="2088697856" percent="98">
      <mem type="soa" free="1926410440" total="1963376640" percent="98" />
      <mem type="loa" free="125321216" total="125321216" percent="100" />
    </mem>
    <remembered-set count="402" />
  </mem-info>
</gc-start>
<allocation-stats totalBytes="2757832" >
  <allocated-bytes non-tlh="664" tlh="2757168" />
  <largest-consumer threadName="main" threadId="0000000002213700" bytes="2757832" />
</allocation-stats>
<gc-op id="3413" type="scavenge" timems="0.685" contextid="3410" timestamp="2019-06-16T21:31:00.784">
  <scavenger-info tenureage="2" tenuremask="4004" tiltratio="81" />
  <memory-copied type="nursery" objects="10995" bytes="275800" bytesdiscarded="129704" />
  <memory-copied type="tenure" objects="5097" bytes="131560" bytesdiscarded="8" />
</gc-op>
<gc-end id="3414" type="scavenge" contextid="3410" durationms="1.050" usertimems="0.000" systemtimems="0.000" timestamp="2019-06-16T21:31:00.785" activeThreads="4">
  <mem-info id="3415" free="2054533064" total="2092630016" percent="98">
    <mem type="nursery" free="2871296" total="3932160" percent="73">
      <mem type="allocate" free="2871296" total="3276800" percent="87" />
      <mem type="survivor" free="0" total="655360" percent="0" />
    </mem>
    <mem type="tenure" free="2051661768" total="2088697856" percent="98" macro-fragmented="524320">
      <mem type="soa" free="1926340552" total="1963376640" percent="98" />
      <mem type="loa" free="125321216" total="125321216" percent="100" />
    </mem>
    <remembered-set count="345" />
  </mem-info>
</gc-end>
<cycle-end id="3416" type="scavenge" contextid="3410" timestamp="2019-06-16T21:31:00.785" />
  <attribute name="elasticGC enabled" value="1" />
  <attribute name= "numThreadsSpecified" value="4" />
  <attribute name="heapSize specified" value="9371648" />
  <attribute name="Current GC Util" value="35" />
  <attribute name= "Current Time Running" value="46749" />
  <attribute name ="GC Interval" value="200" />
  <attribute name="ProportionalT" value="7.500000" />
  <attribute name="ProportionalI" value="7.500000" />
  <attribute name="ProportionalH" value="7.500000" />
  <attribute name="Current Error" value="15.000000" />
  <attribute name="IntegralT" value="45.000000" />
  <attribute name="IntegralI" value="45.000000" />
  <attribute name="IntegralH" value="45.000000" />
  <attribute name="DerivativeT" value="-0.333333" />
  <attribute name="DerivativeI" value="-0.333333" />
  <attribute name="DerivativeH" value="-0.333333" />
  <attribute name="Loop Time for DT" value="6.000000" />
  <attribute name="Output H" value="8388608"/>
  <attribute name="Output I" value="200"/>
  <attribute name="Output T" value="4"/>
  <attribute name="Target GC Util Change" value ="20.000000" />
  <attribute name="Current GC Util Change" value="35.000000"/>
  <attribute name="GC Util currently" value="35" />
  <attribute name="CPU Util currently" value="684267931846" />
<allocation-satisfied id="3417" threadId="0000000002213700" bytesRequested="664" />
<af-end id="3418" timestamp="2019-06-16T21:31:00.785" threadId="0000000002214088" success="true" from="nursery"/>
<exclusive-end id="3419" timestamp="2019-06-16T21:31:00.785" durationms="1.505" />

<exclusive-start id="3420" timestamp="2019-06-16T21:31:00.791" intervalms="7.431">
  <response-info timems="0.053" idlems="0.053" threads="0" lastid="0000000002213700" lastname="main" />
</exclusive-start>
<af-start id="3421" threadId="0000000002214088" totalBytesRequested="40" timestamp="2019-06-16T21:31:00.791" intervalms="7.436" type="nursery" />
<cycle-start id="3422" type="scavenge" contextid="0" timestamp="2019-06-16T21:31:00.791" intervalms="7.432" />
<gc-start id="3423" type="scavenge" contextid="3422" timestamp="2019-06-16T21:31:00.791">
  <mem-info id="3424" free="2051661768" total="2092630016" percent="98">
    <mem type="nursery" free="0" total="3932160" percent="0">
      <mem type="allocate" free="0" total="3276800" percent="0" />
      <mem type="survivor" free="0" total="655360" percent="0" />
    </mem>
    <mem type="tenure" free="2051661768" total="2088697856" percent="98">
      <mem type="soa" free="1926340552" total="1963376640" percent="98" />
      <mem type="loa" free="125321216" total="125321216" percent="100" />
    </mem>
    <remembered-set count="711" />
  </mem-info>
</gc-start>
<allocation-stats totalBytes="2866376" >
  <allocated-bytes non-tlh="664" tlh="2865712" />
  <largest-consumer threadName="main" threadId="0000000002213700" bytes="2866376" />
</allocation-stats>
<gc-op id="3425" type="scavenge" timems="0.645" contextid="3422" timestamp="2019-06-16T21:31:00.792">
  <scavenger-info tenureage="2" tenuremask="4004" tiltratio="83" />
  <memory-copied type="nursery" objects="12281" bytes="304920" bytesdiscarded="131304" />
  <memory-copied type="tenure" objects="5396" bytes="135496" bytesdiscarded="0" />
</gc-op>
<gc-end id="3426" type="scavenge" contextid="3422" durationms="1.011" usertimems="0.000" systemtimems="0.000" timestamp="2019-06-16T21:31:00.792" activeThreads="4">
  <mem-info id="3427" free="2054528712" total="2092630016" percent="98">
    <mem type="nursery" free="2906112" total="3932160" percent="73">
      <mem type="allocate" free="2906112" total="3342336" percent="86" />
      <mem type="survivor" free="0" total="589824" percent="0" />
    </mem>
    <mem type="tenure" free="2051622600" total="2088697856" percent="98" macro-fragmented="723458">
      <mem type="soa" free="1926301384" total="1963376640" percent="98" />
      <mem type="loa" free="125321216" total="125321216" percent="100" />
    </mem>
    <remembered-set count="653" />
  </mem-info>
</gc-end>
<cycle-end id="3428" type="scavenge" contextid="3422" timestamp="2019-06-16T21:31:00.792" />
  <attribute name="elasticGC enabled" value="1" />
  <attribute name= "numThreadsSpecified" value="4" />
  <attribute name="heapSize specified" value="9371648" />
  <attribute name="Current GC Util" value="24" />
  <attribute name= "Current Time Running" value="46757" />
  <attribute name ="GC Interval" value="200" />
  <attribute name="ProportionalT" value="2.000000" />
  <attribute name="ProportionalI" value="2.000000" />
  <attribute name="ProportionalH" value="2.000000" />
  <attribute name="Current Error" value="4.000000" />
  <attribute name="IntegralT" value="16.000000" />
  <attribute name="IntegralI" value="16.000000" />
  <attribute name="IntegralH" value="16.000000" />
  <attribute name="DerivativeT" value="-1.375000" />
  <attribute name="DerivativeI" value="-1.375000" />
  <attribute name="DerivativeH" value="-1.375000" />
  <attribute name="Loop Time for DT" value="8.000000" />
  <attribute name="Output H" value="8388608"/>
  <attribute name="Output I" value="200"/>
  <attribute name="Output T" value="4"/>
  <attribute name="Target GC Util Change" value ="20.000000" />
  <attribute name="Current GC Util Change" value="24.000000"/>
  <attribute name="GC Util currently" value="24" />
  <attribute name="CPU Util currently" value="620848632769" />
<allocation-satisfied id="3429" threadId="0000000002213700" bytesRequested="40" />
<af-end id="3430" timestamp="2019-06-16T21:31:00.792" threadId="0000000002214088" success="true" from="nursery"/>
<exclusive-end id="3431" timestamp="2019-06-16T21:31:00.792" durationms="1.464" />

<exclusive-start id="3432" timestamp="2019-06-16T21:31:00.798" intervalms="7.009">
  <response-info timems="0.054" idlems="0.054" threads="0" lastid="0000000002213700" lastname="main" />
</exclusive-start>
<af-start id="3433" threadId="0000000002214088" totalBytesRequested="656" timestamp="2019-06-16T21:31:00.798" intervalms="7.005" type="nursery" />
<cycle-start id="3434" type="scavenge" contextid="0" timestamp="2019-06-16T21:31:00.798" intervalms="7.005" />
<gc-start id="3435" type="scavenge" contextid="3434" timestamp="2019-06-16T21:31:00.798">
  <mem-info id="3436" free="2051622600" total="2092630016" percent="98">
    <mem type="nursery" free="0" total="3932160" percent="0">
      <mem type="allocate" free="0" total="3342336" percent="0" />
      <mem type="survivor" free="0" total="589824" percent="0" />
    </mem>
    <mem type="tenure" free="2051622600" total="2088697856" percent="98">
      <mem type="soa" free="1926301384" total="1963376640" percent="98" />
      <mem type="loa" free="125321216" total="125321216" percent="100" />
    </mem>
    <remembered-set count="966" />
  </mem-info>
</gc-start>
<allocation-stats totalBytes="2900968" >
  <allocated-bytes non-tlh="40" tlh="2900928" />
  <largest-consumer threadName="main" threadId="0000000002213700" bytes="2900968" />
</allocation-stats>
<gc-op id="3437" type="scavenge" timems="0.751" contextid="3434" timestamp="2019-06-16T21:31:00.799">
  <scavenger-info tenureage="2" tenuremask="4004" tiltratio="85" />
  <memory-copied type="nursery" objects="12527" bytes="306568" bytesdiscarded="160376" />
  <memory-copied type="tenure" objects="5545" bytes="138192" bytesdiscarded="88" />
</gc-op>
<gc-end id="3438" type="scavenge" contextid="3434" durationms="1.112" usertimems="0.000" systemtimems="0.000" timestamp="2019-06-16T21:31:00.799" activeThreads="4">
  <mem-info id="3439" free="2054191816" total="2092630016" percent="98">
    <mem type="nursery" free="2940928" total="3932160" percent="74">
      <mem type="allocate" free="2940928" total="3407872" percent="86" />
      <mem type="survivor" free="0" total="524288" percent="0" />
    </mem>
    <mem type="tenure" free="2051250888" total="2088697856" percent="98" macro-fragmented="60768">
      <mem type="soa" free="1925929672" total="1963376640" percent="98" />
      <mem type="loa" free="125321216" total="125321216" percent="100" />
    </mem>
    <remembered-set count="783" />
  </mem-info>
</gc-end>
<cycle-end id="3440" type="scavenge" contextid="3434" timestamp="2019-06-16T21:31:00.799" />
  <attribute name="elasticGC enabled" value="1" />
  <attribute name= "numThreadsSpecified" value="4" />
  <attribute name="heapSize specified" value="9371648" />
  <attribute name="Current GC Util" value="26" />
  <attribute name= "Current Time Running" value="46764" />
  <attribute name ="GC Interval" value="200" />
  <attribute name="ProportionalT" value="3.000000" />
  <attribute name="ProportionalI" value="3.000000" />
  <attribute name="ProportionalH" value="3.000000" />
  <attribute name="Current Error" value="6.000000" />
  <attribute name="IntegralT" value="21.000000" />
  <attribute name="IntegralI" value="21.000000" />
  <attribute name="IntegralH" value="21.000000" />
  <attribute name="DerivativeT" value="0.285714" />
  <attribute name="DerivativeI" value="0.285714" />
  <attribute name="DerivativeH" value="0.285714" />
  <attribute name="Loop Time for DT" value="7.000000" />
  <attribute name="Output H" value="8388608"/>
  <attribute name="Output I" value="200"/>
  <attribute name="Output T" value="4"/>
  <attribute name="Target GC Util Change" value ="20.000000" />
  <attribute name="Current GC Util Change" value="26.000000"/>
  <attribute name="GC Util currently" value="26" />
  <attribute name="CPU Util currently" value="658325876183" />
<allocation-satisfied id="3441" threadId="0000000002213700" bytesRequested="656" />
<af-end id="3442" timestamp="2019-06-16T21:31:00.799" threadId="0000000002214088" success="true" from="nursery"/>
<exclusive-end id="3443" timestamp="2019-06-16T21:31:00.799" durationms="1.560" />

<exclusive-start id="3444" timestamp="2019-06-16T21:31:00.805" intervalms="7.204">
  <response-info timems="0.069" idlems="0.069" threads="0" lastid="0000000002213700" lastname="main" />
</exclusive-start>
<af-start id="3445" threadId="0000000002214088" totalBytesRequested="32" timestamp="2019-06-16T21:31:00.805" intervalms="7.271" type="nursery" />
<cycle-start id="3446" type="scavenge" contextid="0" timestamp="2019-06-16T21:31:00.805" intervalms="7.315" />
<gc-start id="3447" type="scavenge" contextid="3446" timestamp="2019-06-16T21:31:00.805">
  <mem-info id="3448" free="2051250888" total="2092630016" percent="98">
    <mem type="nursery" free="0" total="3932160" percent="0">
      <mem type="allocate" free="0" total="3407872" percent="0" />
      <mem type="survivor" free="0" total="524288" percent="0" />
    </mem>
    <mem type="tenure" free="2051250888" total="2088697856" percent="98">
      <mem type="soa" free="1925929672" total="1963376640" percent="98" />
      <mem type="loa" free="125321216" total="125321216" percent="100" />
    </mem>
    <remembered-set count="929" />
  </mem-info>
</gc-start>
<allocation-stats totalBytes="2938560" >
  <allocated-bytes non-tlh="656" tlh="2937904" />
  <largest-consumer threadName="main" threadId="0000000002213700" bytes="2938560" />
</allocation-stats>
<gc-op id="3449" type="scavenge" timems="0.819" contextid="3446" timestamp="2019-06-16T21:31:00.806">
  <scavenger-info tenureage="2" tenuremask="4004" tiltratio="86" />
  <memory-copied type="nursery" objects="11954" bytes="293664" bytesdiscarded="125664" />
  <memory-copied type="tenure" objects="6663" bytes="163456" bytesdiscarded="0" />
</gc-op>
<gc-end id="3450" type="scavenge" contextid="3446" durationms="1.204" usertimems="0.000" systemtimems="0.000" timestamp="2019-06-16T21:31:00.806" activeThreads="4">
  <mem-info id="3451" free="2054161096" total="2092630016" percent="98">
    <mem type="nursery" free="2988544" total="3932160" percent="76">
      <mem type="allocate" free="2988544" total="3407872" percent="87" />
      <mem type="survivor" free="0" total="524288" percent="0" />
    </mem>
    <mem type="tenure" free="2051172552" total="2088697856" percent="98" macro-fragmented="60768">
      <mem type="soa" free="1925851336" total="1963376640" percent="98" />
      <mem type="loa" free="125321216" total="125321216" percent="100" />
    </mem>
    <remembered-set count="563" />
  </mem-info>
</gc-end>
<cycle-end id="3452" type="scavenge" contextid="3446" timestamp="2019-06-16T21:31:00.807" />
  <attribute name="elasticGC enabled" value="1" />
  <attribute name= "numThreadsSpecified" value="4" />
  <attribute name="heapSize specified" value="9371648" />
  <attribute name="Current GC Util" value="27" />
  <attribute name= "Current Time Running" value="46771" />
  <attribute name ="GC Interval" value="200" />
  <attribute name="ProportionalT" value="3.500000" />
  <attribute name="ProportionalI" value="3.500000" />
  <attribute name="ProportionalH" value="3.500000" />
  <attribute name="Current Error" value="7.000000" />
  <attribute name="IntegralT" value="24.500000" />
  <attribute name="IntegralI" value="24.500000" />
  <attribute name="IntegralH" value="24.500000" />
  <attribute name="DerivativeT" value="0.142857" />
  <attribute name="DerivativeI" value="0.142857" />
  <attribute name="DerivativeH" value="0.142857" />
  <attribute name="Loop Time for DT" value="7.000000" />
  <attribute name="Output H" value="8388608"/>
  <attribute name="Output I" value="200"/>
  <attribute name="Output T" value="4"/>
  <attribute name="Target GC Util Change" value ="20.000000" />
  <attribute name="Current GC Util Change" value="27.000000"/>
  <attribute name="GC Util currently" value="27" />
  <attribute name="CPU Util currently" value="623868433586" />
<allocation-satisfied id="3453" threadId="0000000002213700" bytesRequested="32" />
<af-end id="3454" timestamp="2019-06-16T21:31:00.807" threadId="0000000002214088" success="true" from="nursery"/>
<exclusive-end id="3455" timestamp="2019-06-16T21:31:00.807" durationms="2.006" />

<exclusive-start id="3456" timestamp="2019-06-16T21:31:00.813" intervalms="7.637">
  <response-info timems="0.057" idlems="0.057" threads="0" lastid="0000000002213700" lastname="main" />
</exclusive-start>
<af-start id="3457" threadId="0000000002214088" totalBytesRequested="80" timestamp="2019-06-16T21:31:00.813" intervalms="7.573" type="nursery" />
<cycle-start id="3458" type="scavenge" contextid="0" timestamp="2019-06-16T21:31:00.813" intervalms="7.529" />
<gc-start id="3459" type="scavenge" contextid="3458" timestamp="2019-06-16T21:31:00.813">
  <mem-info id="3460" free="2051172552" total="2092630016" percent="98">
    <mem type="nursery" free="0" total="3932160" percent="0">
      <mem type="allocate" free="0" total="3407872" percent="0" />
      <mem type="survivor" free="0" total="524288" percent="0" />
    </mem>
    <mem type="tenure" free="2051172552" total="2088697856" percent="98">
      <mem type="soa" free="1925851336" total="1963376640" percent="98" />
      <mem type="loa" free="125321216" total="125321216" percent="100" />
    </mem>
    <remembered-set count="640" />
  </mem-info>
</gc-start>
<allocation-stats totalBytes="2984312" >
  <allocated-bytes non-tlh="32" tlh="2984280" />
  <largest-consumer threadName="main" threadId="0000000002213700" bytes="2984312" />
</allocation-stats>
<gc-op id="3461" type="scavenge" timems="0.627" contextid="3458" timestamp="2019-06-16T21:31:00.813">
  <scavenger-info tenureage="2" tenuremask="4004" tiltratio="86" />
  <memory-copied type="nursery" objects="12014" bytes="302104" bytesdiscarded="125672" />
  <memory-copied type="tenure" objects="5795" bytes="140528" bytesdiscarded="24" />
</gc-op>
<gc-end id="3462" type="scavenge" contextid="3458" durationms="0.990" usertimems="0.000" systemtimems="0.000" timestamp="2019-06-16T21:31:00.814" activeThreads="4">
  <mem-info id="3463" free="2054109128" total="2092630016" percent="98">
    <mem type="nursery" free="3045632" total="3932160" percent="77">
      <mem type="allocate" free="3045632" total="3473408" percent="87" />
      <mem type="survivor" free="0" total="458752" percent="0" />
    </mem>
    <mem type="tenure" free="2051063496" total="2088697856" percent="98" macro-fragmented="1500163">
      <mem type="soa" free="1925742280" total="1963376640" percent="98" />
      <mem type="loa" free="125321216" total="125321216" percent="100" />
    </mem>
    <remembered-set count="324" />
  </mem-info>
</gc-end>
<cycle-end id="3464" type="scavenge" contextid="3458" timestamp="2019-06-16T21:31:00.814" />
  <attribute name="elasticGC enabled" value="1" />
  <attribute name= "numThreadsSpecified" value="4" />
  <attribute name="heapSize specified" value="9371648" />
  <attribute name="Current GC Util" value="29" />
  <attribute name= "Current Time Running" value="46779" />
  <attribute name ="GC Interval" value="200" />
  <attribute name="ProportionalT" value="4.500000" />
  <attribute name="ProportionalI" value="4.500000" />
  <attribute name="ProportionalH" value="4.500000" />
  <attribute name="Current Error" value="9.000000" />
  <attribute name="IntegralT" value="36.000000" />
  <attribute name="IntegralI" value="36.000000" />
  <attribute name="IntegralH" value="36.000000" />
  <attribute name="DerivativeT" value="0.250000" />
  <attribute name="DerivativeI" value="0.250000" />
  <attribute name="DerivativeH" value="0.250000" />
  <attribute name="Loop Time for DT" value="8.000000" />
  <attribute name="Output H" value="8388608"/>
  <attribute name="Output I" value="200"/>
  <attribute name="Output T" value="4"/>
  <attribute name="Target GC Util Change" value ="20.000000" />
  <attribute name="Current GC Util Change" value="29.000000"/>
  <attribute name="GC Util currently" value="29" />
  <attribute name="CPU Util currently" value="618537455598" />
<allocation-satisfied id="3465" threadId="0000000002213700" bytesRequested="80" />
<af-end id="3466" timestamp="2019-06-16T21:31:00.814" threadId="0000000002214088" success="true" from="nursery"/>
<exclusive-end id="3467" timestamp="2019-06-16T21:31:00.814" durationms="1.445" />

<exclusive-start id="3468" timestamp="2019-06-16T21:31:00.820" intervalms="7.158">
  <response-info timems="0.054" idlems="0.054" threads="0" lastid="0000000002213700" lastname="main" />
</exclusive-start>
<af-start id="3469" threadId="0000000002214088" totalBytesRequested="648" timestamp="2019-06-16T21:31:00.820" intervalms="7.155" type="nursery" />
<cycle-start id="3470" type="scavenge" contextid="0" timestamp="2019-06-16T21:31:00.820" intervalms="7.155" />
<gc-start id="3471" type="scavenge" contextid="3470" timestamp="2019-06-16T21:31:00.820">
  <mem-info id="3472" free="2051063496" total="2092630016" percent="98">
    <mem type="nursery" free="0" total="3932160" percent="0">
      <mem type="allocate" free="0" total="3473408" percent="0" />
      <mem type="survivor" free="0" total="458752" percent="0" />
    </mem>
    <mem type="tenure" free="2051063496" total="2088697856" percent="98">
      <mem type="soa" free="1925742280" total="1963376640" percent="98" />
      <mem type="loa" free="125321216" total="125321216" percent="100" />
    </mem>
    <remembered-set count="410" />
  </mem-info>
</gc-start>
<allocation-stats totalBytes="3041672" >
  <allocated-bytes non-tlh="80" tlh="3041592" />
  <largest-consumer threadName="main" threadId="0000000002213700" bytes="3041672" />
</allocation-stats>
<gc-op id="3473" type="scavenge" timems="0.720" contextid="3470" timestamp="2019-06-16T21:31:00.821">
  <scavenger-info tenureage="2" tenuremask="4004" tiltratio="88" />
  <memory-copied type="nursery" objects="12109" bytes="304408" bytesdiscarded="114920" />
  <memory-copied type="tenure" objects="6079" bytes="150144" bytesdiscarded="56" />
</gc-op>
<gc-end id="3474" type="scavenge" contextid="3470" durationms="1.079" usertimems="0.000" systemtimems="0.000" timestamp="2019-06-16T21:31:00.821" activeThreads="4">
  <mem-info id="3475" free="2053877192" total="2092630016" percent="98">
    <mem type="nursery" free="3054080" total="3932160" percent="77">
      <mem type="allocate" free="3054080" total="3473408" percent="87" />
      <mem type="survivor" free="0" total="458752" percent="0" />
    </mem>
    <mem type="tenure" free="2050823112" total="2088697856" percent="98" macro-fragmented="1500163">
      <mem type="soa" free="1925501896" total="1963376640" percent="98" />
      <mem type="loa" free="125321216" total="125321216" percent="100" />
    </mem>
    <remembered-set count="261" />
  </mem-info>
</gc-end>
<cycle-end id="3476" type="scavenge" contextid="3470" timestamp="2019-06-16T21:31:00.821" />
  <attribute name="elasticGC enabled" value="1" />
  <attribute name= "numThreadsSpecified" value="4" />
  <attribute name="heapSize specified" value="9371648" />
  <attribute name="Current GC Util" value="29" />
  <attribute name= "Current Time Running" value="46786" />
  <attribute name ="GC Interval" value="200" />
  <attribute name="ProportionalT" value="4.500000" />
  <attribute name="ProportionalI" value="4.500000" />
  <attribute name="ProportionalH" value="4.500000" />
  <attribute name="Current Error" value="9.000000" />
  <attribute name="IntegralT" value="31.500000" />
  <attribute name="IntegralI" value="31.500000" />
  <attribute name="IntegralH" value="31.500000" />
  <attribute name="DerivativeT" value="0.000000" />
  <attribute name="DerivativeI" value="0.000000" />
  <attribute name="DerivativeH" value="0.000000" />
  <attribute name="Loop Time for DT" value="7.000000" />
  <attribute name="Output H" value="8388608"/>
  <attribute name="Output I" value="200"/>
  <attribute name="Output T" value="4"/>
  <attribute name="Target GC Util Change" value ="20.000000" />
  <attribute name="Current GC Util Change" value="29.000000"/>
  <attribute name="GC Util currently" value="29" />
  <attribute name="CPU Util currently" value="644912035190" />
<allocation-satisfied id="3477" threadId="0000000002213700" bytesRequested="648" />
<af-end id="3478" timestamp="2019-06-16T21:31:00.821" threadId="0000000002214088" success="true" from="nursery"/>
<exclusive-end id="3479" timestamp="2019-06-16T21:31:00.821" durationms="1.519" />

<exclusive-start id="3480" timestamp="2019-06-16T21:31:00.827" intervalms="7.257">
  <response-info timems="0.068" idlems="0.068" threads="0" lastid="0000000002213700" lastname="main" />
</exclusive-start>
<af-start id="3481" threadId="0000000002214088" totalBytesRequested="648" timestamp="2019-06-16T21:31:00.827" intervalms="7.256" type="nursery" />
<cycle-start id="3482" type="scavenge" contextid="0" timestamp="2019-06-16T21:31:00.827" intervalms="7.320" />
<gc-start id="3483" type="scavenge" contextid="3482" timestamp="2019-06-16T21:31:00.827">
  <mem-info id="3484" free="2050823112" total="2092630016" percent="98">
    <mem type="nursery" free="0" total="3932160" percent="0">
      <mem type="allocate" free="0" total="3473408" percent="0" />
      <mem type="survivor" free="0" total="458752" percent="0" />
    </mem>
    <mem type="tenure" free="2050823112" total="2088697856" percent="98">
      <mem type="soa" free="1925501896" total="1963376640" percent="98" />
      <mem type="loa" free="125321216" total="125321216" percent="100" />
    </mem>
    <remembered-set count="337" />
  </mem-info>
</gc-start>
<allocation-stats totalBytes="3051960" >
  <allocated-bytes non-tlh="648" tlh="3051312" />
  <largest-consumer threadName="main" threadId="0000000002213700" bytes="3051960" />
</allocation-stats>
<gc-op id="3485" type="scavenge" timems="0.759" contextid="3482" timestamp="2019-06-16T21:31:00.828">
  <scavenger-info tenureage="2" tenuremask="4004" tiltratio="88" />
  <memory-copied type="nursery" objects="12469" bytes="310672" bytesdiscarded="148080" />
  <memory-copied type="tenure" objects="5890" bytes="150792" bytesdiscarded="0" />
</gc-op>
<gc-end id="3486" type="scavenge" contextid="3482" durationms="1.123" usertimems="0.000" systemtimems="0.000" timestamp="2019-06-16T21:31:00.828" activeThreads="4">
  <mem-info id="3487" free="2053767880" total="2092630016" percent="98">
    <mem type="nursery" free="3014656" total="3932160" percent="76">
      <mem type="allocate" free="3014656" total="3473408" percent="86" />
      <mem type="survivor" free="0" total="458752" percent="0" />
    </mem>
    <mem type="tenure" free="2050753224" total="2088697856" percent="98" macro-fragmented="0">
      <mem type="soa" free="1925432008" total="1963376640" percent="98" />
      <mem type="loa" free="125321216" total="125321216" percent="100" />
    </mem>
    <remembered-set count="261" />
  </mem-info>
</gc-end>
<cycle-end id="3488" type="scavenge" contextid="3482" timestamp="2019-06-16T21:31:00.828" />
  <attribute name="elasticGC enabled" value="1" />
  <attribute name= "numThreadsSpecified" value="4" />
  <attribute name="heapSize specified" value="9371648" />
  <attribute name="Current GC Util" value="26" />
  <attribute name= "Current Time Running" value="46793" />
  <attribute name ="GC Interval" value="200" />
  <attribute name="ProportionalT" value="3.000000" />
  <attribute name="ProportionalI" value="3.000000" />
  <attribute name="ProportionalH" value="3.000000" />
  <attribute name="Current Error" value="6.000000" />
  <attribute name="IntegralT" value="21.000000" />
  <attribute name="IntegralI" value="21.000000" />
  <attribute name="IntegralH" value="21.000000" />
  <attribute name="DerivativeT" value="-0.428571" />
  <attribute name="DerivativeI" value="-0.428571" />
  <attribute name="DerivativeH" value="-0.428571" />
  <attribute name="Loop Time for DT" value="7.000000" />
  <attribute name="Output H" value="8388608"/>
  <attribute name="Output I" value="200"/>
  <attribute name="Output T" value="4"/>
  <attribute name="Target GC Util Change" value ="20.000000" />
  <attribute name="Current GC Util Change" value="26.000000"/>
  <attribute name="GC Util currently" value="26" />
  <attribute name="CPU Util currently" value="629865295597" />
<allocation-satisfied id="3489" threadId="0000000002213700" bytesRequested="648" />
<af-end id="3490" timestamp="2019-06-16T21:31:00.829" threadId="0000000002214088" success="true" from="nursery"/>
<exclusive-end id="3491" timestamp="2019-06-16T21:31:00.829" durationms="1.634" />

<exclusive-start id="3492" timestamp="2019-06-16T21:31:00.834" intervalms="7.274">
  <response-info timems="0.070" idlems="0.070" threads="0" lastid="0000000002213700" lastname="main" />
</exclusive-start>
<af-start id="3493" threadId="0000000002214088" totalBytesRequested="40" timestamp="2019-06-16T21:31:00.834" intervalms="7.275" type="nursery" />
<cycle-start id="3494" type="scavenge" contextid="0" timestamp="2019-06-16T21:31:00.834" intervalms="7.211" />
<gc-start id="3495" type="scavenge" contextid="3494" timestamp="2019-06-16T21:31:00.834">
  <mem-info id="3496" free="2050753224" total="2092630016" percent="97">
    <mem type="nursery" free="0" total="3932160" percent="0">
      <mem type="allocate" free="0" total="3473408" percent="0" />
      <mem type="survivor" free="0" total="458752" percent="0" />
    </mem>
    <mem type="tenure" free="2050753224" total="2088697856" percent="98">
      <mem type="soa" free="1925432008" total="1963376640" percent="98" />
      <mem type="loa" free="125321216" total="125321216" percent="100" />
    </mem>
    <remembered-set count="349" />
  </mem-info>
</gc-start>
<allocation-stats totalBytes="3011688" >
  <allocated-bytes non-tlh="648" tlh="3011040" />
  <largest-consumer threadName="main" threadId="0000000002213700" bytes="3011688" />
</allocation-stats>
<gc-op id="3497" type="scavenge" timems="0.721" contextid="3494" timestamp="2019-06-16T21:31:00.835">
  <scavenger-info tenureage="2" tenuremask="4004" tiltratio="88" />
  <memory-copied type="nursery" objects="12462" bytes="316088" bytesdiscarded="103240" />
  <memory-copied type="tenure" objects="6171" bytes="152360" bytesdiscarded="736" />
</gc-op>
<gc-end id="3498" type="scavenge" contextid="3494" durationms="1.087" usertimems="0.000" systemtimems="0.000" timestamp="2019-06-16T21:31:00.836" activeThreads="4">
  <mem-info id="3499" free="2053737416" total="2092630016" percent="98">
    <mem type="nursery" free="3054080" total="3932160" percent="77">
      <mem type="allocate" free="3054080" total="3473408" percent="87" />
      <mem type="survivor" free="0" total="458752" percent="0" />
    </mem>
    <mem type="tenure" free="2050683336" total="2088697856" percent="98" macro-fragmented="22776">
      <mem type="soa" free="1925362120" total="1963376640" percent="98" />
      <mem type="loa" free="125321216" total="125321216" percent="100" />
    </mem>
    <remembered-set count="267" />
  </mem-info>
</gc-end>
<cycle-end id="3500" type="scavenge" contextid="3494" timestamp="2019-06-16T21:31:00.836" />
  <attribute name="elasticGC enabled" value="1" />
  <attribute name= "numThreadsSpecified" value="4" />
  <attribute name="heapSize specified" value="9371648" />
  <attribute name="Current GC Util" value="27" />
  <attribute name= "Current Time Running" value="46800" />
  <attribute name ="GC Interval" value="200" />
  <attribute name="ProportionalT" value="3.500000" />
  <attribute name="ProportionalI" value="3.500000" />
  <attribute name="ProportionalH" value="3.500000" />
  <attribute name="Current Error" value="7.000000" />
  <attribute name="IntegralT" value="24.500000" />
  <attribute name="IntegralI" value="24.500000" />
  <attribute name="IntegralH" value="24.500000" />
  <attribute name="DerivativeT" value="0.142857" />
  <attribute name="DerivativeI" value="0.142857" />
  <attribute name="DerivativeH" value="0.142857" />
  <attribute name="Loop Time for DT" value="7.000000" />
  <attribute name="Output H" value="8388608"/>
  <attribute name="Output I" value="200"/>
  <attribute name="Output T" value="4"/>
  <attribute name="Target GC Util Change" value ="20.000000" />
  <attribute name="Current GC Util Change" value="27.000000"/>
  <attribute name="GC Util currently" value="27" />
  <attribute name="CPU Util currently" value="639787650738" />
<allocation-satisfied id="3501" threadId="0000000002213700" bytesRequested="40" />
<af-end id="3502" timestamp="2019-06-16T21:31:00.836" threadId="0000000002214088" success="true" from="nursery"/>
<exclusive-end id="3503" timestamp="2019-06-16T21:31:00.836" durationms="1.512" />

<exclusive-start id="3504" timestamp="2019-06-16T21:31:00.841" intervalms="7.237">
  <response-info timems="0.065" idlems="0.065" threads="0" lastid="0000000002213700" lastname="main" />
</exclusive-start>
<af-start id="3505" threadId="0000000002214088" totalBytesRequested="32" timestamp="2019-06-16T21:31:00.842" intervalms="7.289" type="nursery" />
<cycle-start id="3506" type="scavenge" contextid="0" timestamp="2019-06-16T21:31:00.842" intervalms="7.347" />
<gc-start id="3507" type="scavenge" contextid="3506" timestamp="2019-06-16T21:31:00.842">
  <mem-info id="3508" free="2050683336" total="2092630016" percent="97">
    <mem type="nursery" free="0" total="3932160" percent="0">
      <mem type="allocate" free="0" total="3473408" percent="0" />
      <mem type="survivor" free="0" total="458752" percent="0" />
    </mem>
    <mem type="tenure" free="2050683336" total="2088697856" percent="98">
      <mem type="soa" free="1925362120" total="1963376640" percent="98" />
      <mem type="loa" free="125321216" total="125321216" percent="100" />
    </mem>
    <remembered-set count="344" />
  </mem-info>
</gc-start>
<allocation-stats totalBytes="3050864" >
  <allocated-bytes non-tlh="40" tlh="3050824" />
  <largest-consumer threadName="main" threadId="0000000002213700" bytes="3050864" />
</allocation-stats>
<gc-op id="3509" type="scavenge" timems="0.785" contextid="3506" timestamp="2019-06-16T21:31:00.843">
  <scavenger-info tenureage="2" tenuremask="4004" tiltratio="88" />
  <memory-copied type="nursery" objects="12445" bytes="318312" bytesdiscarded="131736" />
  <memory-copied type="tenure" objects="6250" bytes="157016" bytesdiscarded="0" />
</gc-op>
<gc-end id="3510" type="scavenge" contextid="3506" durationms="1.260" usertimems="0.000" systemtimems="0.000" timestamp="2019-06-16T21:31:00.843" activeThreads="4">
  <mem-info id="3511" free="2053562568" total="2092630016" percent="98">
    <mem type="nursery" free="3088896" total="3932160" percent="78">
      <mem type="allocate" free="3088896" total="3538944" percent="87" />
      <mem type="survivor" free="0" total="393216" percent="0" />
    </mem>
    <mem type="tenure" free="2050473672" total="2088697856" percent="98" macro-fragmented="0">
      <mem type="soa" free="1925152456" total="1963376640" percent="98" />
      <mem type="loa" free="125321216" total="125321216" percent="100" />
    </mem>
    <remembered-set count="263" />
  </mem-info>
</gc-end>
<cycle-end id="3512" type="scavenge" contextid="3506" timestamp="2019-06-16T21:31:00.843" />
  <attribute name="elasticGC enabled" value="1" />
  <attribute name= "numThreadsSpecified" value="4" />
  <attribute name="heapSize specified" value="9371648" />
  <attribute name="Current GC Util" value="26" />
  <attribute name= "Current Time Running" value="46808" />
  <attribute name ="GC Interval" value="200" />
  <attribute name="ProportionalT" value="3.000000" />
  <attribute name="ProportionalI" value="3.000000" />
  <attribute name="ProportionalH" value="3.000000" />
  <attribute name="Current Error" value="6.000000" />
  <attribute name="IntegralT" value="24.000000" />
  <attribute name="IntegralI" value="24.000000" />
  <attribute name="IntegralH" value="24.000000" />
  <attribute name="DerivativeT" value="-0.125000" />
  <attribute name="DerivativeI" value="-0.125000" />
  <attribute name="DerivativeH" value="-0.125000" />
  <attribute name="Loop Time for DT" value="8.000000" />
  <attribute name="Output H" value="8388608"/>
  <attribute name="Output I" value="200"/>
  <attribute name="Output T" value="4"/>
  <attribute name="Target GC Util Change" value ="20.000000" />
  <attribute name="Current GC Util Change" value="26.000000"/>
  <attribute name="GC Util currently" value="26" />
  <attribute name="CPU Util currently" value="613860671082" />
<allocation-satisfied id="3513" threadId="0000000002213700" bytesRequested="32" />
<af-end id="3514" timestamp="2019-06-16T21:31:00.843" threadId="0000000002214088" success="true" from="nursery"/>
<exclusive-end id="3515" timestamp="2019-06-16T21:31:00.843" durationms="1.872" />

<exclusive-start id="3516" timestamp="2019-06-16T21:31:00.849" intervalms="7.695">
  <response-info timems="0.057" idlems="0.057" threads="0" lastid="0000000002213700" lastname="main" />
</exclusive-start>
<af-start id="3517" threadId="0000000002214088" totalBytesRequested="664" timestamp="2019-06-16T21:31:00.849" intervalms="7.682" type="nursery" />
<cycle-start id="3518" type="scavenge" contextid="0" timestamp="2019-06-16T21:31:00.849" intervalms="7.668" />
<gc-start id="3519" type="scavenge" contextid="3518" timestamp="2019-06-16T21:31:00.850">
  <mem-info id="3520" free="2050473672" total="2092630016" percent="97">
    <mem type="nursery" free="0" total="3932160" percent="0">
      <mem type="allocate" free="0" total="3538944" percent="0" />
      <mem type="survivor" free="0" total="393216" percent="0" />
    </mem>
    <mem type="tenure" free="2050473672" total="2088697856" percent="98">
      <mem type="soa" free="1925152456" total="1963376640" percent="98" />
      <mem type="loa" free="125321216" total="125321216" percent="100" />
    </mem>
    <remembered-set count="383" />
  </mem-info>
</gc-start>
<allocation-stats totalBytes="3085816" >
  <allocated-bytes non-tlh="32" tlh="3085784" />
  <largest-consumer threadName="main" threadId="0000000002213700" bytes="3085816" />
</allocation-stats>
<gc-op id="3521" type="scavenge" timems="0.953" contextid="3518" timestamp="2019-06-16T21:31:00.851">
  <scavenger-info tenureage="2" tenuremask="4004" tiltratio="90" />
  <memory-copied type="nursery" objects="8468" bytes="242208" bytesdiscarded="151008" />
  <memory-copied type="tenure" objects="11186" bytes="262688" bytesdiscarded="40" />
  <copy-failed type="nursery" objects="5036" bytes="105968" />
</gc-op>
<gc-end id="3522" type="scavenge" contextid="3518" durationms="1.400" usertimems="0.000" systemtimems="0.000" timestamp="2019-06-16T21:31:00.851" activeThreads="4">
  <mem-info id="3523" free="2053274312" total="2092630016" percent="98">
    <mem type="nursery" free="3080192" total="3932160" percent="78">
      <mem type="allocate" free="3080192" total="3473408" percent="88" />
      <mem type="survivor" free="0" total="458752" percent="0" />
    </mem>
    <mem type="tenure" free="2050194120" total="2088697856" percent="98" macro-fragmented="400016">
      <mem type="soa" free="1924872904" total="1963376640" percent="98" />
      <mem type="loa" free="125321216" total="125321216" percent="100" />
    </mem>
    <remembered-set count="1045" />
  </mem-info>
</gc-end>
<cycle-end id="3524" type="scavenge" contextid="3518" timestamp="2019-06-16T21:31:00.851" />
  <attribute name="elasticGC enabled" value="1" />
  <attribute name= "numThreadsSpecified" value="4" />
  <attribute name="heapSize specified" value="9371648" />
  <attribute name="Current GC Util" value="25" />
  <attribute name= "Current Time Running" value="46816" />
  <attribute name ="GC Interval" value="200" />
  <attribute name="ProportionalT" value="2.500000" />
  <attribute name="ProportionalI" value="2.500000" />
  <attribute name="ProportionalH" value="2.500000" />
  <attribute name="Current Error" value="5.000000" />
  <attribute name="IntegralT" value="20.000000" />
  <attribute name="IntegralI" value="20.000000" />
  <attribute name="IntegralH" value="20.000000" />
  <attribute name="DerivativeT" value="-0.125000" />
  <attribute name="DerivativeI" value="-0.125000" />
  <attribute name="DerivativeH" value="-0.125000" />
  <attribute name="Loop Time for DT" value="8.000000" />
  <attribute name="Output H" value="8388608"/>
  <attribute name="Output I" value="200"/>
  <attribute name="Output T" value="4"/>
  <attribute name="Target GC Util Change" value ="20.000000" />
  <attribute name="Current GC Util Change" value="25.000000"/>
  <attribute name="GC Util currently" value="25" />
  <attribute name="CPU Util currently" value="604607178391" />
<allocation-satisfied id="3525" threadId="0000000002213700" bytesRequested="664" />
<af-end id="3526" timestamp="2019-06-16T21:31:00.851" threadId="0000000002214088" success="true" from="nursery"/>
<exclusive-end id="3527" timestamp="2019-06-16T21:31:00.851" durationms="1.976" />

<exclusive-start id="3528" timestamp="2019-06-16T21:31:00.857" intervalms="7.675">
  <response-info timems="0.072" idlems="0.072" threads="0" lastid="0000000002213700" lastname="main" />
</exclusive-start>
<af-start id="3529" threadId="0000000002214088" totalBytesRequested="672" timestamp="2019-06-16T21:31:00.857" intervalms="7.700" type="nursery" />
<cycle-start id="3530" type="scavenge" contextid="0" timestamp="2019-06-16T21:31:00.857" intervalms="7.660" />
<gc-start id="3531" type="scavenge" contextid="3530" timestamp="2019-06-16T21:31:00.857">
  <mem-info id="3532" free="2050194120" total="2092630016" percent="97">
    <mem type="nursery" free="0" total="3932160" percent="0">
      <mem type="allocate" free="0" total="3473408" percent="0" />
      <mem type="survivor" free="0" total="458752" percent="0" />
    </mem>
    <mem type="tenure" free="2050194120" total="2088697856" percent="98">
      <mem type="soa" free="1924872904" total="1963376640" percent="98" />
      <mem type="loa" free="125321216" total="125321216" percent="100" />
    </mem>
    <remembered-set count="1134" />
  </mem-info>
</gc-start>
<allocation-stats totalBytes="3075952" >
  <allocated-bytes non-tlh="664" tlh="3075288" />
  <largest-consumer threadName="main" threadId="0000000002213700" bytes="3075952" />
</allocation-stats>
<gc-op id="3533" type="scavenge" timems="0.504" contextid="3530" timestamp="2019-06-16T21:31:00.858">
  <scavenger-info tenureage="2" tenuremask="4004" tiltratio="88" />
  <memory-copied type="nursery" objects="10679" bytes="282368" bytesdiscarded="176384" />
  <memory-copied type="tenure" objects="4085" bytes="116528" bytesdiscarded="8" />
</gc-op>
<gc-end id="3534" type="scavenge" contextid="3530" durationms="0.866" usertimems="0.000" systemtimems="0.000" timestamp="2019-06-16T21:31:00.858" activeThreads="4">
  <mem-info id="3535" free="2053108168" total="2092630016" percent="98">
    <mem type="nursery" free="3014656" total="3932160" percent="76">
      <mem type="allocate" free="3014656" total="3473408" percent="86" />
      <mem type="survivor" free="0" total="458752" percent="0" />
    </mem>
    <mem type="tenure" free="2050093512" total="2088697856" percent="98" macro-fragmented="0">
      <mem type="soa" free="1924772296" total="1963376640" percent="98" />
      <mem type="loa" free="125321216" total="125321216" percent="100" />
    </mem>
    <remembered-set count="475" />
  </mem-info>
</gc-end>
<cycle-end id="3536" type="scavenge" contextid="3530" timestamp="2019-06-16T21:31:00.858" />
  <attribute name="elasticGC enabled" value="1" />
  <attribute name= "numThreadsSpecified" value="4" />
  <attribute name="heapSize specified" value="9371648" />
  <attribute name="Current GC Util" value="28" />
  <attribute name= "Current Time Running" value="46823" />
  <attribute name ="GC Interval" value="200" />
  <attribute name="ProportionalT" value="4.000000" />
  <attribute name="ProportionalI" value="4.000000" />
  <attribute name="ProportionalH" value="4.000000" />
  <attribute name="Current Error" value="8.000000" />
  <attribute name="IntegralT" value="28.000000" />
  <attribute name="IntegralI" value="28.000000" />
  <attribute name="IntegralH" value="28.000000" />
  <attribute name="DerivativeT" value="0.428571" />
  <attribute name="DerivativeI" value="0.428571" />
  <attribute name="DerivativeH" value="0.428571" />
  <attribute name="Loop Time for DT" value="7.000000" />
  <attribute name="Output H" value="8388608"/>
  <attribute name="Output I" value="200"/>
  <attribute name="Output T" value="4"/>
  <attribute name="Target GC Util Change" value ="20.000000" />
  <attribute name="Current GC Util Change" value="28.000000"/>
  <attribute name="GC Util currently" value="28" />
  <attribute name="CPU Util currently" value="611655401065" />
<allocation-satisfied id="3537" threadId="0000000002213700" bytesRequested="672" />
<af-end id="3538" timestamp="2019-06-16T21:31:00.858" threadId="0000000002214088" success="true" from="nursery"/>
<exclusive-end id="3539" timestamp="2019-06-16T21:31:00.858" durationms="1.384" />

<exclusive-start id="3540" timestamp="2019-06-16T21:31:00.864" intervalms="7.007">
  <response-info timems="0.053" idlems="0.053" threads="0" lastid="0000000002213700" lastname="main" />
</exclusive-start>
<af-start id="3541" threadId="0000000002214088" totalBytesRequested="32" timestamp="2019-06-16T21:31:00.864" intervalms="6.994" type="nursery" />
<cycle-start id="3542" type="scavenge" contextid="0" timestamp="2019-06-16T21:31:00.864" intervalms="6.990" />
<gc-start id="3543" type="scavenge" contextid="3542" timestamp="2019-06-16T21:31:00.864">
  <mem-info id="3544" free="2050093512" total="2092630016" percent="97">
    <mem type="nursery" free="0" total="3932160" percent="0">
      <mem type="allocate" free="0" total="3473408" percent="0" />
      <mem type="survivor" free="0" total="458752" percent="0" />
    </mem>
    <mem type="tenure" free="2050093512" total="2088697856" percent="98">
      <mem type="soa" free="1924772296" total="1963376640" percent="98" />
      <mem type="loa" free="125321216" total="125321216" percent="100" />
    </mem>
    <remembered-set count="826" />
  </mem-info>
</gc-start>
<allocation-stats totalBytes="3011584" >
  <allocated-bytes non-tlh="672" tlh="3010912" />
  <largest-consumer threadName="main" threadId="0000000002213700" bytes="3011584" />
</allocation-stats>
<gc-op id="3545" type="scavenge" timems="0.660" contextid="3542" timestamp="2019-06-16T21:31:00.865">
  <scavenger-info tenureage="2" tenuremask="4004" tiltratio="88" />
  <memory-copied type="nursery" objects="12522" bytes="313408" bytesdiscarded="44480" />
  <memory-copied type="tenure" objects="4329" bytes="123536" bytesdiscarded="8" />
</gc-op>
<gc-end id="3546" type="scavenge" contextid="3542" durationms="1.020" usertimems="0.000" systemtimems="0.000" timestamp="2019-06-16T21:31:00.865" activeThreads="4">
  <mem-info id="3547" free="2053108424" total="2092630016" percent="98">
    <mem type="nursery" free="3115520" total="3932160" percent="79">
      <mem type="allocate" free="3115520" total="3473408" percent="89" />
      <mem type="survivor" free="0" total="458752" percent="0" />
    </mem>
    <mem type="tenure" free="2049992904" total="2088697856" percent="98" macro-fragmented="3732887">
      <mem type="soa" free="1924671688" total="1963376640" percent="98" />
      <mem type="loa" free="125321216" total="125321216" percent="100" />
    </mem>
    <remembered-set count="541" />
  </mem-info>
</gc-end>
<cycle-end id="3548" type="scavenge" contextid="3542" timestamp="2019-06-16T21:31:00.865" />
  <attribute name="elasticGC enabled" value="1" />
  <attribute name= "numThreadsSpecified" value="4" />
  <attribute name="heapSize specified" value="9371648" />
  <attribute name="Current GC Util" value="25" />
  <attribute name= "Current Time Running" value="46830" />
  <attribute name ="GC Interval" value="200" />
  <attribute name="ProportionalT" value="2.500000" />
  <attribute name="ProportionalI" value="2.500000" />
  <attribute name="ProportionalH" value="2.500000" />
  <attribute name="Current Error" value="5.000000" />
  <attribute name="IntegralT" value="17.500000" />
  <attribute name="IntegralI" value="17.500000" />
  <attribute name="IntegralH" value="17.500000" />
  <attribute name="DerivativeT" value="-0.428571" />
  <attribute name="DerivativeI" value="-0.428571" />
  <attribute name="DerivativeH" value="-0.428571" />
  <attribute name="Loop Time for DT" value="7.000000" />
  <attribute name="Output H" value="8388608"/>
  <attribute name="Output I" value="200"/>
  <attribute name="Output T" value="4"/>
  <attribute name="Target GC Util Change" value ="20.000000" />
  <attribute name="Current GC Util Change" value="25.000000"/>
  <attribute name="GC Util currently" value="25" />
  <attribute name="CPU Util currently" value="660196339327" />
<allocation-satisfied id="3549" threadId="0000000002213700" bytesRequested="32" />
<af-end id="3550" timestamp="2019-06-16T21:31:00.865" threadId="0000000002214088" success="true" from="nursery"/>
<exclusive-end id="3551" timestamp="2019-06-16T21:31:00.865" durationms="1.504" />

<exclusive-start id="3552" timestamp="2019-06-16T21:31:00.871" intervalms="7.369">
  <response-info timems="0.071" idlems="0.071" threads="0" lastid="0000000002213700" lastname="main" />
</exclusive-start>
<af-start id="3553" threadId="0000000002214088" totalBytesRequested="56" timestamp="2019-06-16T21:31:00.871" intervalms="7.376" type="nursery" />
<cycle-start id="3554" type="scavenge" contextid="0" timestamp="2019-06-16T21:31:00.871" intervalms="7.435" />
<gc-start id="3555" type="scavenge" contextid="3554" timestamp="2019-06-16T21:31:00.872">
  <mem-info id="3556" free="2049992904" total="2092630016" percent="97">
    <mem type="nursery" free="0" total="3932160" percent="0">
      <mem type="allocate" free="0" total="3473408" percent="0" />
      <mem type="survivor" free="0" total="458752" percent="0" />
    </mem>
    <mem type="tenure" free="2049992904" total="2088697856" percent="98">
      <mem type="soa" free="1924671688" total="1963376640" percent="98" />
      <mem type="loa" free="125321216" total="125321216" percent="100" />
    </mem>
    <remembered-set count="911" />
  </mem-info>
</gc-start>
<allocation-stats totalBytes="3111296" >
  <allocated-bytes non-tlh="32" tlh="3111264" />
  <largest-consumer threadName="main" threadId="0000000002213700" bytes="3111296" />
</allocation-stats>
<gc-op id="3557" type="scavenge" timems="0.859" contextid="3554" timestamp="2019-06-16T21:31:00.873">
  <scavenger-info tenureage="2" tenuremask="4004" tiltratio="88" />
  <memory-copied type="nursery" objects="12626" bytes="310560" bytesdiscarded="148192" />
  <memory-copied type="tenure" objects="6300" bytes="157496" bytesdiscarded="72" />
</gc-op>
<gc-end id="3558" type="scavenge" contextid="3554" durationms="1.335" usertimems="0.000" systemtimems="0.000" timestamp="2019-06-16T21:31:00.873" activeThreads="4">
  <mem-info id="3559" free="2052933320" total="2092630016" percent="98">
    <mem type="nursery" free="3080192" total="3932160" percent="78">
      <mem type="allocate" free="3080192" total="3538944" percent="87" />
      <mem type="survivor" free="0" total="393216" percent="0" />
    </mem>
    <mem type="tenure" free="2049853128" total="2088697856" percent="98" macro-fragmented="2592282">
      <mem type="soa" free="1924531912" total="1963376640" percent="98" />
      <mem type="loa" free="125321216" total="125321216" percent="100" />
    </mem>
    <remembered-set count="819" />
  </mem-info>
</gc-end>
<cycle-end id="3560" type="scavenge" contextid="3554" timestamp="2019-06-16T21:31:00.873" />
  <attribute name="elasticGC enabled" value="1" />
  <attribute name= "numThreadsSpecified" value="4" />
  <attribute name="heapSize specified" value="9371648" />
  <attribute name="Current GC Util" value="25" />
  <attribute name= "Current Time Running" value="46838" />
  <attribute name ="GC Interval" value="200" />
  <attribute name="ProportionalT" value="2.500000" />
  <attribute name="ProportionalI" value="2.500000" />
  <attribute name="ProportionalH" value="2.500000" />
  <attribute name="Current Error" value="5.000000" />
  <attribute name="IntegralT" value="20.000000" />
  <attribute name="IntegralI" value="20.000000" />
  <attribute name="IntegralH" value="20.000000" />
  <attribute name="DerivativeT" value="0.000000" />
  <attribute name="DerivativeI" value="0.000000" />
  <attribute name="DerivativeH" value="0.000000" />
  <attribute name="Loop Time for DT" value="8.000000" />
  <attribute name="Output H" value="8388608"/>
  <attribute name="Output I" value="200"/>
  <attribute name="Output T" value="4"/>
  <attribute name="Target GC Util Change" value ="20.000000" />
  <attribute name="Current GC Util Change" value="25.000000"/>
  <attribute name="GC Util currently" value="25" />
  <attribute name="CPU Util currently" value="606613297312" />
<allocation-satisfied id="3561" threadId="0000000002213700" bytesRequested="56" />
<af-end id="3562" timestamp="2019-06-16T21:31:00.873" threadId="0000000002214088" success="true" from="nursery"/>
<exclusive-end id="3563" timestamp="2019-06-16T21:31:00.873" durationms="1.976" />

<exclusive-start id="3564" timestamp="2019-06-16T21:31:00.879" intervalms="7.555">
  <response-info timems="0.037" idlems="0.037" threads="0" lastid="0000000002213700" lastname="main" />
</exclusive-start>
<af-start id="3565" threadId="0000000002214088" totalBytesRequested="1206336" timestamp="2019-06-16T21:31:00.879" intervalms="7.504" type="nursery" />
<cycle-start id="3566" type="scavenge" contextid="0" timestamp="2019-06-16T21:31:00.879" intervalms="7.443" />
<gc-start id="3567" type="scavenge" contextid="3566" timestamp="2019-06-16T21:31:00.879">
  <mem-info id="3568" free="2050916968" total="2092630016" percent="98">
    <mem type="nursery" free="1063840" total="3932160" percent="27">
      <mem type="allocate" free="1063840" total="3538944" percent="30" />
      <mem type="survivor" free="0" total="393216" percent="0" />
    </mem>
    <mem type="tenure" free="2049853128" total="2088697856" percent="98">
      <mem type="soa" free="1924531912" total="1963376640" percent="98" />
      <mem type="loa" free="125321216" total="125321216" percent="100" />
    </mem>
    <remembered-set count="962" />
  </mem-info>
</gc-start>
<allocation-stats totalBytes="2014272" >
  <allocated-bytes non-tlh="603232" tlh="1411040" />
  <largest-consumer threadName="main" threadId="0000000002213700" bytes="2014272" />
</allocation-stats>
<gc-op id="3569" type="scavenge" timems="0.961" contextid="3566" timestamp="2019-06-16T21:31:00.880">
  <scavenger-info tenureage="2" tenuremask="4004" tiltratio="90" />
  <memory-copied type="nursery" objects="9237" bytes="232080" bytesdiscarded="103512" />
  <memory-copied type="tenure" objects="6176" bytes="757832" bytesdiscarded="88" />
  <copy-failed type="nursery" objects="1" bytes="603176" />
  <finalization candidates="1" enqueued="0" />
  <references type="weak" candidates="4" cleared="0" enqueued="0" />
  <references type="phantom" candidates="1" cleared="0" enqueued="0" />
</gc-op>
<gc-end id="3570" type="scavenge" contextid="3566" durationms="1.332" usertimems="0.000" systemtimems="4.000" timestamp="2019-06-16T21:31:00.880" activeThreads="4">
  <mem-info id="3571" free="2051221664" total="2092630016" percent="98">
    <mem type="nursery" free="2089216" total="3932160" percent="53">
      <mem type="allocate" free="2089216" total="2424832" percent="86" />
      <mem type="survivor" free="0" total="1507328" percent="0" />
    </mem>
    <mem type="tenure" free="2049132448" total="2088697856" percent="98" macro-fragmented="1500163">
      <mem type="soa" free="1923811232" total="1963376640" percent="97" />
      <mem type="loa" free="125321216" total="125321216" percent="100" />
    </mem>
    <remembered-set count="611" />
  </mem-info>
</gc-end>
<cycle-end id="3572" type="scavenge" contextid="3566" timestamp="2019-06-16T21:31:00.880" />
  <attribute name="elasticGC enabled" value="1" />
  <attribute name= "numThreadsSpecified" value="4" />
  <attribute name="heapSize specified" value="9371648" />
  <attribute name="Current GC Util" value="27" />
  <attribute name= "Current Time Running" value="46845" />
  <attribute name ="GC Interval" value="200" />
  <attribute name="ProportionalT" value="3.500000" />
  <attribute name="ProportionalI" value="3.500000" />
  <attribute name="ProportionalH" value="3.500000" />
  <attribute name="Current Error" value="7.000000" />
  <attribute name="IntegralT" value="24.500000" />
  <attribute name="IntegralI" value="24.500000" />
  <attribute name="IntegralH" value="24.500000" />
  <attribute name="DerivativeT" value="0.285714" />
  <attribute name="DerivativeI" value="0.285714" />
  <attribute name="DerivativeH" value="0.285714" />
  <attribute name="Loop Time for DT" value="7.000000" />
  <attribute name="Output H" value="8388608"/>
  <attribute name="Output I" value="200"/>
  <attribute name="Output T" value="4"/>
  <attribute name="Target GC Util Change" value ="20.000000" />
  <attribute name="Current GC Util Change" value="27.000000"/>
  <attribute name="GC Util currently" value="27" />
  <attribute name="CPU Util currently" value="633347116414" />
<allocation-satisfied id="3573" threadId="0000000002213700" bytesRequested="1206336" />
<af-end id="3574" timestamp="2019-06-16T21:31:00.881" threadId="0000000002214088" success="true" from="nursery"/>
<exclusive-end id="3575" timestamp="2019-06-16T21:31:00.881" durationms="1.867" />

<exclusive-start id="3576" timestamp="2019-06-16T21:31:00.885" intervalms="6.402">
  <response-info timems="0.094" idlems="0.094" threads="0" lastid="0000000002213700" lastname="main" />
</exclusive-start>
<af-start id="3577" threadId="0000000002214088" totalBytesRequested="80" timestamp="2019-06-16T21:31:00.885" intervalms="6.444" type="nursery" />
<cycle-start id="3578" type="scavenge" contextid="0" timestamp="2019-06-16T21:31:00.885" intervalms="6.508" />
<gc-start id="3579" type="scavenge" contextid="3578" timestamp="2019-06-16T21:31:00.886">
  <mem-info id="3580" free="2049132448" total="2092630016" percent="97">
    <mem type="nursery" free="0" total="3932160" percent="0">
      <mem type="allocate" free="0" total="2424832" percent="0" />
      <mem type="survivor" free="0" total="1507328" percent="0" />
    </mem>
    <mem type="tenure" free="2049132448" total="2088697856" percent="98">
      <mem type="soa" free="1923811232" total="1963376640" percent="97" />
      <mem type="loa" free="125321216" total="125321216" percent="100" />
    </mem>
    <remembered-set count="612" />
  </mem-info>
</gc-start>
<allocation-stats totalBytes="2089016" >
  <allocated-bytes non-tlh="1206336" tlh="882680" />
  <largest-consumer threadName="main" threadId="0000000002213700" bytes="2089016" />
</allocation-stats>
<gc-op id="3581" type="scavenge" timems="0.753" contextid="3578" timestamp="2019-06-16T21:31:00.886">
  <scavenger-info tenureage="2" tenuremask="4004" tiltratio="61" />
  <memory-copied type="nursery" objects="3347" bytes="1307424" bytesdiscarded="199880" />
  <memory-copied type="tenure" objects="7738" bytes="175416" bytesdiscarded="16" />
  <copy-failed type="nursery" objects="1338" bytes="21528" />
  <finalization candidates="1" enqueued="1" />
  <references type="weak" candidates="6" cleared="0" enqueued="0" />
</gc-op>
<gc-end id="3582" type="scavenge" contextid="3578" durationms="1.125" usertimems="4.000" systemtimems="0.000" timestamp="2019-06-16T21:31:00.887" activeThreads="4">
  <mem-info id="3583" free="2049280928" total="2092630016" percent="97">
    <mem type="nursery" free="458752" total="3932160" percent="11">
      <mem type="allocate" free="458752" total="1966080" percent="23" />
      <mem type="survivor" free="0" total="1966080" percent="0" />
    </mem>
    <mem type="tenure" free="2048822176" total="2088697856" percent="98" macro-fragmented="1500163">
      <mem type="soa" free="1923500960" total="1963376640" percent="97" />
      <mem type="loa" free="125321216" total="125321216" percent="100" />
    </mem>
    <pending-finalizers system="0" default="1" reference="0" classloader="0" />
    <remembered-set count="812" />
  </mem-info>
</gc-end>
<cycle-end id="3584" type="scavenge" contextid="3578" timestamp="2019-06-16T21:31:00.887" />
  <attribute name="elasticGC enabled" value="1" />
  <attribute name= "numThreadsSpecified" value="4" />
  <attribute name="heapSize specified" value="9371648" />
  <attribute name="Current GC Util" value="32" />
  <attribute name= "Current Time Running" value="46852" />
  <attribute name ="GC Interval" value="200" />
  <attribute name="ProportionalT" value="6.000000" />
  <attribute name="ProportionalI" value="6.000000" />
  <attribute name="ProportionalH" value="6.000000" />
  <attribute name="Current Error" value="12.000000" />
  <attribute name="IntegralT" value="42.000000" />
  <attribute name="IntegralI" value="42.000000" />
  <attribute name="IntegralH" value="42.000000" />
  <attribute name="DerivativeT" value="0.714286" />
  <attribute name="DerivativeI" value="0.714286" />
  <attribute name="DerivativeH" value="0.714286" />
  <attribute name="Loop Time for DT" value="7.000000" />
  <attribute name="Output H" value="8388608"/>
  <attribute name="Output I" value="200"/>
  <attribute name="Output T" value="4"/>
  <attribute name="Target GC Util Change" value ="20.000000" />
  <attribute name="Current GC Util Change" value="32.000000"/>
  <attribute name="GC Util currently" value="32" />
  <attribute name="CPU Util currently" value="701802073182" />
<allocation-satisfied id="3585" threadId="0000000002213700" bytesRequested="80" />
<af-end id="3586" timestamp="2019-06-16T21:31:00.887" threadId="0000000002214088" success="true" from="nursery"/>
<exclusive-end id="3587" timestamp="2019-06-16T21:31:00.887" durationms="1.762" />

<exclusive-start id="3588" timestamp="2019-06-16T21:31:00.889" intervalms="3.655">
  <response-info timems="0.026" idlems="0.026" threads="0" lastid="0000000002213700" lastname="main" />
</exclusive-start>
<af-start id="3589" threadId="0000000002214088" totalBytesRequested="32" timestamp="2019-06-16T21:31:00.889" intervalms="3.600" type="nursery" />
<cycle-start id="3590" type="scavenge" contextid="0" timestamp="2019-06-16T21:31:00.889" intervalms="3.535" />
<gc-start id="3591" type="scavenge" contextid="3590" timestamp="2019-06-16T21:31:00.889">
  <mem-info id="3592" free="2048822176" total="2092630016" percent="97">
    <mem type="nursery" free="0" total="3932160" percent="0">
      <mem type="allocate" free="0" total="1966080" percent="0" />
      <mem type="survivor" free="0" total="1966080" percent="0" />
    </mem>
    <mem type="tenure" free="2048822176" total="2088697856" percent="98">
      <mem type="soa" free="1923500960" total="1963376640" percent="97" />
      <mem type="loa" free="125321216" total="125321216" percent="100" />
    </mem>
    <remembered-set count="812" />
  </mem-info>
</gc-start>
<allocation-stats totalBytes="458696" >
  <allocated-bytes non-tlh="80" tlh="458616" />
  <largest-consumer threadName="main" threadId="0000000002213700" bytes="458696" />
</allocation-stats>
<gc-op id="3593" type="scavenge" timems="0.394" contextid="3590" timestamp="2019-06-16T21:31:00.890">
  <scavenger-info tenureage="2" tenuremask="fff4" tiltratio="50" />
  <memory-copied type="nursery" objects="2263" bytes="1262808" bytesdiscarded="245352" />
  <memory-copied type="tenure" objects="1953" bytes="53760" bytesdiscarded="8" />
  <references type="weak" candidates="2" cleared="0" enqueued="0" />
</gc-op>
<gc-end id="3594" type="scavenge" contextid="3590" durationms="0.760" usertimems="4.000" systemtimems="0.000" timestamp="2019-06-16T21:31:00.890" activeThreads="4">
  <mem-info id="3595" free="2049306464" total="2092630016" percent="97">
    <mem type="nursery" free="523456" total="3932160" percent="13">
      <mem type="allocate" free="523456" total="2031616" percent="25" />
      <mem type="survivor" free="0" total="1900544" percent="0" />
    </mem>
    <mem type="tenure" free="2048783008" total="2088697856" percent="98" macro-fragmented="602881">
      <mem type="soa" free="1923461792" total="1963376640" percent="97" />
      <mem type="loa" free="125321216" total="125321216" percent="100" />
    </mem>
    <remembered-set count="287" />
  </mem-info>
</gc-end>
<cycle-end id="3596" type="scavenge" contextid="3590" timestamp="2019-06-16T21:31:00.890" />
  <attribute name="elasticGC enabled" value="1" />
  <attribute name= "numThreadsSpecified" value="4" />
  <attribute name="heapSize specified" value="9371648" />
  <attribute name="Current GC Util" value="49" />
  <attribute name= "Current Time Running" value="46855" />
  <attribute name ="GC Interval" value="200" />
  <attribute name="ProportionalT" value="14.500000" />
  <attribute name="ProportionalI" value="14.500000" />
  <attribute name="ProportionalH" value="14.500000" />
  <attribute name="Current Error" value="29.000000" />
  <attribute name="IntegralT" value="43.500000" />
  <attribute name="IntegralI" value="43.500000" />
  <attribute name="IntegralH" value="43.500000" />
  <attribute name="DerivativeT" value="5.666667" />
  <attribute name="DerivativeI" value="5.666667" />
  <attribute name="DerivativeH" value="5.666667" />
  <attribute name="Loop Time for DT" value="3.000000" />
  <attribute name="Output H" value="8388608"/>
  <attribute name="Output I" value="200"/>
  <attribute name="Output T" value="4"/>
  <attribute name="Target GC Util Change" value ="20.000000" />
  <attribute name="Current GC Util Change" value="49.000000"/>
  <attribute name="GC Util currently" value="49" />
  <attribute name="CPU Util currently" value="1327210441950" />
<allocation-satisfied id="3597" threadId="0000000002213700" bytesRequested="32" />
<af-end id="3598" timestamp="2019-06-16T21:31:00.890" threadId="0000000002214088" success="true" from="nursery"/>
<exclusive-end id="3599" timestamp="2019-06-16T21:31:00.890" durationms="1.261" />

<exclusive-start id="3600" timestamp="2019-06-16T21:31:00.893" intervalms="3.818">
  <response-info timems="0.024" idlems="0.024" threads="0" lastid="0000000002213700" lastname="main" />
</exclusive-start>
<af-start id="3601" threadId="0000000002214088" totalBytesRequested="80" timestamp="2019-06-16T21:31:00.893" intervalms="3.821" type="nursery" />
<cycle-start id="3602" type="scavenge" contextid="0" timestamp="2019-06-16T21:31:00.893" intervalms="3.822" />
<gc-start id="3603" type="scavenge" contextid="3602" timestamp="2019-06-16T21:31:00.893">
  <mem-info id="3604" free="2048783008" total="2092630016" percent="97">
    <mem type="nursery" free="0" total="3932160" percent="0">
      <mem type="allocate" free="0" total="2031616" percent="0" />
      <mem type="survivor" free="0" total="1900544" percent="0" />
    </mem>
    <mem type="tenure" free="2048783008" total="2088697856" percent="98">
      <mem type="soa" free="1923461792" total="1963376640" percent="97" />
      <mem type="loa" free="125321216" total="125321216" percent="100" />
    </mem>
    <remembered-set count="287" />
  </mem-info>
</gc-start>
<allocation-stats totalBytes="523368" >
  <allocated-bytes non-tlh="32" tlh="523336" />
  <largest-consumer threadName="main" threadId="0000000002213700" bytes="523368" />
</allocation-stats>
<gc-op id="3605" type="scavenge" timems="0.658" contextid="3602" timestamp="2019-06-16T21:31:00.894">
  <scavenger-info tenureage="2" tenuremask="fff4" tiltratio="51" />
  <memory-copied type="nursery" objects="1979" bytes="51904" bytesdiscarded="165960" />
  <memory-copied type="tenure" objects="1338" bytes="1238248" bytesdiscarded="0" />
</gc-op>
<gc-end id="3606" type="scavenge" contextid="3602" durationms="1.020" usertimems="0.000" systemtimems="0.000" timestamp="2019-06-16T21:31:00.894" activeThreads="4">
  <mem-info id="3607" free="2049482328" total="2092630016" percent="97">
    <mem type="nursery" free="1944824" total="3932160" percent="49">
      <mem type="allocate" free="1944824" total="2162688" percent="89" />
      <mem type="survivor" free="0" total="1769472" percent="0" />
    </mem>
    <mem type="tenure" free="2047537504" total="2088697856" percent="98" macro-fragmented="400016">
      <mem type="soa" free="1922216288" total="1963376640" percent="97" />
      <mem type="loa" free="125321216" total="125321216" percent="100" />
    </mem>
    <remembered-set count="97" />
  </mem-info>
</gc-end>
<cycle-end id="3608" type="scavenge" contextid="3602" timestamp="2019-06-16T21:31:00.894" />
  <attribute name="elasticGC enabled" value="1" />
  <attribute name= "numThreadsSpecified" value="4" />
  <attribute name="heapSize specified" value="9371648" />
  <attribute name="Current GC Util" value="31" />
  <attribute name= "Current Time Running" value="46859" />
  <attribute name ="GC Interval" value="200" />
  <attribute name="ProportionalT" value="5.500000" />
  <attribute name="ProportionalI" value="5.500000" />
  <attribute name="ProportionalH" value="5.500000" />
  <attribute name="Current Error" value="11.000000" />
  <attribute name="IntegralT" value="22.000000" />
  <attribute name="IntegralI" value="22.000000" />
  <attribute name="IntegralH" value="22.000000" />
  <attribute name="DerivativeT" value="-4.500000" />
  <attribute name="DerivativeI" value="-4.500000" />
  <attribute name="DerivativeH" value="-4.500000" />
  <attribute name="Loop Time for DT" value="4.000000" />
  <attribute name="Output H" value="8388608"/>
  <attribute name="Output I" value="200"/>
  <attribute name="Output T" value="4"/>
  <attribute name="Target GC Util Change" value ="20.000000" />
  <attribute name="Current GC Util Change" value="31.000000"/>
  <attribute name="GC Util currently" value="31" />
  <attribute name="CPU Util currently" value="1209800892298" />
<allocation-satisfied id="3609" threadId="0000000002213700" bytesRequested="80" />
<af-end id="3610" timestamp="2019-06-16T21:31:00.894" threadId="0000000002214088" success="true" from="nursery"/>
<exclusive-end id="3611" timestamp="2019-06-16T21:31:00.894" durationms="1.468" />

<exclusive-start id="3612" timestamp="2019-06-16T21:31:00.903" intervalms="10.018">
  <response-info timems="0.066" idlems="0.066" threads="0" lastid="0000000002213700" lastname="main" />
</exclusive-start>
<af-start id="3613" threadId="0000000002214088" totalBytesRequested="80" timestamp="2019-06-16T21:31:00.903" intervalms="10.079" type="nursery" />
<cycle-start id="3614" type="scavenge" contextid="0" timestamp="2019-06-16T21:31:00.903" intervalms="10.129" />
<gc-start id="3615" type="scavenge" contextid="3614" timestamp="2019-06-16T21:31:00.903">
  <mem-info id="3616" free="2047537504" total="2092630016" percent="97">
    <mem type="nursery" free="0" total="3932160" percent="0">
      <mem type="allocate" free="0" total="2162688" percent="0" />
      <mem type="survivor" free="0" total="1769472" percent="0" />
    </mem>
    <mem type="tenure" free="2047537504" total="2088697856" percent="98">
      <mem type="soa" free="1922216288" total="1963376640" percent="97" />
      <mem type="loa" free="125321216" total="125321216" percent="100" />
    </mem>
    <remembered-set count="97" />
  </mem-info>
</gc-start>
<allocation-stats totalBytes="1944408" >
  <allocated-bytes non-tlh="80" tlh="1944328" />
  <largest-consumer threadName="main" threadId="0000000002213700" bytes="1944408" />
</allocation-stats>
<gc-op id="3617" type="scavenge" timems="0.454" contextid="3614" timestamp="2019-06-16T21:31:00.904">
  <scavenger-info tenureage="4" tenuremask="fff0" tiltratio="55" />
  <memory-copied type="nursery" objects="6695" bytes="165680" bytesdiscarded="138712" />
</gc-op>
<gc-end id="3618" type="scavenge" contextid="3614" durationms="0.953" usertimems="4.000" systemtimems="0.000" timestamp="2019-06-16T21:31:00.904" activeThreads="4">
  <mem-info id="3619" free="2049657944" total="2092630016" percent="97">
    <mem type="nursery" free="2120440" total="3932160" percent="53">
      <mem type="allocate" free="2120440" total="2424832" percent="87" />
      <mem type="survivor" free="0" total="1507328" percent="0" />
    </mem>
    <mem type="tenure" free="2047537504" total="2088697856" percent="98" macro-fragmented="3110739">
      <mem type="soa" free="1922216288" total="1963376640" percent="97" />
      <mem type="loa" free="125321216" total="125321216" percent="100" />
    </mem>
    <remembered-set count="96" />
  </mem-info>
</gc-end>
<cycle-end id="3620" type="scavenge" contextid="3614" timestamp="2019-06-16T21:31:00.904" />
  <attribute name="elasticGC enabled" value="1" />
  <attribute name= "numThreadsSpecified" value="4" />
  <attribute name="heapSize specified" value="9371648" />
  <attribute name="Current GC Util" value="12" />
  <attribute name= "Current Time Running" value="46869" />
  <attribute name ="GC Interval" value="200" />
  <attribute name="ProportionalT" value="-4.000000" />
  <attribute name="ProportionalI" value="-4.000000" />
  <attribute name="ProportionalH" value="-4.000000" />
  <attribute name="Current Error" value="-8.000000" />
  <attribute name="IntegralT" value="-40.000000" />
  <attribute name="IntegralI" value="-40.000000" />
  <attribute name="IntegralH" value="-40.000000" />
  <attribute name="DerivativeT" value="-1.900000" />
  <attribute name="DerivativeI" value="-1.900000" />
  <attribute name="DerivativeH" value="-1.900000" />
  <attribute name="Loop Time for DT" value="10.000000" />
  <attribute name="Output H" value="2092630016"/>
  <attribute name="Output I" value="200"/>
  <attribute name="Output T" value="4"/>
  <attribute name="Target GC Util Change" value ="20.000000" />
  <attribute name="Current GC Util Change" value="12.000000"/>
  <attribute name="GC Util currently" value="12" />
  <attribute name="CPU Util currently" value="446771954035" />
<allocation-satisfied id="3621" threadId="0000000002213700" bytesRequested="80" />
<af-end id="3622" timestamp="2019-06-16T21:31:00.904" threadId="0000000002214088" success="true" from="nursery"/>
<exclusive-end id="3623" timestamp="2019-06-16T21:31:00.904" durationms="1.616" />

<exclusive-start id="3624" timestamp="2019-06-16T21:31:00.912" intervalms="9.783">
  <response-info timems="0.063" idlems="0.063" threads="0" lastid="0000000002213700" lastname="main" />
</exclusive-start>
<af-start id="3625" threadId="0000000002214088" totalBytesRequested="80" timestamp="2019-06-16T21:31:00.913" intervalms="9.785" type="nursery" />
<cycle-start id="3626" type="scavenge" contextid="0" timestamp="2019-06-16T21:31:00.913" intervalms="9.794" />
<gc-start id="3627" type="scavenge" contextid="3626" timestamp="2019-06-16T21:31:00.913">
  <mem-info id="3628" free="2047537504" total="2092630016" percent="97">
    <mem type="nursery" free="0" total="3932160" percent="0">
      <mem type="allocate" free="0" total="2424832" percent="0" />
      <mem type="survivor" free="0" total="1507328" percent="0" />
    </mem>
    <mem type="tenure" free="2047537504" total="2088697856" percent="98">
      <mem type="soa" free="1922216288" total="1963376640" percent="97" />
      <mem type="loa" free="125321216" total="125321216" percent="100" />
    </mem>
    <remembered-set count="97" />
  </mem-info>
</gc-start>
<allocation-stats totalBytes="2120064" >
  <allocated-bytes non-tlh="80" tlh="2119984" />
  <largest-consumer threadName="main" threadId="0000000002213700" bytes="2120064" />
</allocation-stats>
<gc-op id="3629" type="scavenge" timems="0.499" contextid="3626" timestamp="2019-06-16T21:31:00.914">
  <scavenger-info tenureage="3" tenuremask="fff8" tiltratio="61" />
  <memory-copied type="nursery" objects="11059" bytes="263792" bytesdiscarded="149656" />
  <memory-copied type="tenure" objects="896" bytes="19712" bytesdiscarded="0" />
</gc-op>
<gc-end id="3630" type="scavenge" contextid="3626" durationms="0.955" usertimems="4.000" systemtimems="0.000" timestamp="2019-06-16T21:31:00.914" activeThreads="4">
  <mem-info id="3631" free="2049745496" total="2092630016" percent="97">
    <mem type="nursery" free="2207992" total="3932160" percent="56">
      <mem type="allocate" free="2207992" total="2621440" percent="84" />
      <mem type="survivor" free="0" total="1310720" percent="0" />
    </mem>
    <mem type="tenure" free="2047537504" total="2088697856" percent="98" macro-fragmented="131104">
      <mem type="soa" free="1922216288" total="1963376640" percent="97" />
      <mem type="loa" free="125321216" total="125321216" percent="100" />
    </mem>
    <remembered-set count="96" />
  </mem-info>
</gc-end>
<cycle-end id="3632" type="scavenge" contextid="3626" timestamp="2019-06-16T21:31:00.914" />
  <attribute name="elasticGC enabled" value="1" />
  <attribute name= "numThreadsSpecified" value="4" />
  <attribute name="heapSize specified" value="9371648" />
  <attribute name="Current GC Util" value="12" />
  <attribute name= "Current Time Running" value="46879" />
  <attribute name ="GC Interval" value="200" />
  <attribute name="ProportionalT" value="-4.000000" />
  <attribute name="ProportionalI" value="-4.000000" />
  <attribute name="ProportionalH" value="-4.000000" />
  <attribute name="Current Error" value="-8.000000" />
  <attribute name="IntegralT" value="-40.000000" />
  <attribute name="IntegralI" value="-40.000000" />
  <attribute name="IntegralH" value="-40.000000" />
  <attribute name="DerivativeT" value="-0.800000" />
  <attribute name="DerivativeI" value="-0.800000" />
  <attribute name="DerivativeH" value="-0.800000" />
  <attribute name="Loop Time for DT" value="10.000000" />
  <attribute name="Output H" value="2092630016"/>
  <attribute name="Output I" value="200"/>
  <attribute name="Output T" value="4"/>
  <attribute name="Target GC Util Change" value ="20.000000" />
  <attribute name="Current GC Util Change" value="12.000000"/>
  <attribute name="GC Util currently" value="12" />
  <attribute name="CPU Util currently" value="472769415310" />
<allocation-satisfied id="3633" threadId="0000000002213700" bytesRequested="80" />
<af-end id="3634" timestamp="2019-06-16T21:31:00.914" threadId="0000000002214088" success="true" from="nursery"/>
<exclusive-end id="3635" timestamp="2019-06-16T21:31:00.914" durationms="1.685" />

<exclusive-start id="3636" timestamp="2019-06-16T21:31:00.922" intervalms="9.901">
  <response-info timems="0.027" idlems="0.027" threads="0" lastid="0000000002213700" lastname="main" />
</exclusive-start>
<af-start id="3637" threadId="0000000002214088" totalBytesRequested="16" timestamp="2019-06-16T21:31:00.922" intervalms="9.890" type="nursery" />
<cycle-start id="3638" type="scavenge" contextid="0" timestamp="2019-06-16T21:31:00.923" intervalms="9.877" />
<gc-start id="3639" type="scavenge" contextid="3638" timestamp="2019-06-16T21:31:00.923">
  <mem-info id="3640" free="2047537504" total="2092630016" percent="97">
    <mem type="nursery" free="0" total="3932160" percent="0">
      <mem type="allocate" free="0" total="2621440" percent="0" />
      <mem type="survivor" free="0" total="1310720" percent="0" />
    </mem>
    <mem type="tenure" free="2047537504" total="2088697856" percent="98">
      <mem type="soa" free="1922216288" total="1963376640" percent="97" />
      <mem type="loa" free="125321216" total="125321216" percent="100" />
    </mem>
    <remembered-set count="175" />
  </mem-info>
</gc-start>
<allocation-stats totalBytes="2207688" >
  <allocated-bytes non-tlh="80" tlh="2207608" />
  <largest-consumer threadName="main" threadId="0000000002213700" bytes="2207688" />
</allocation-stats>
<gc-op id="3641" type="scavenge" timems="0.537" contextid="3638" timestamp="2019-06-16T21:31:00.923">
  <scavenger-info tenureage="2" tenuremask="ffec" tiltratio="66" />
  <memory-copied type="nursery" objects="10810" bytes="275208" bytesdiscarded="154624" />
  <memory-copied type="tenure" objects="5774" bytes="128984" bytesdiscarded="32" />
</gc-op>
<gc-end id="3642" type="scavenge" contextid="3638" durationms="0.995" usertimems="4.000" systemtimems="0.000" timestamp="2019-06-16T21:31:00.924" activeThreads="4">
  <mem-info id="3643" free="2049816664" total="2092630016" percent="97">
    <mem type="nursery" free="2388216" total="3932160" percent="60">
      <mem type="allocate" free="2388216" total="2818048" percent="84" />
      <mem type="survivor" free="0" total="1114112" percent="0" />
    </mem>
    <mem type="tenure" free="2047428448" total="2088697856" percent="98" macro-fragmented="502401">
      <mem type="soa" free="1922107232" total="1963376640" percent="97" />
      <mem type="loa" free="125321216" total="125321216" percent="100" />
    </mem>
    <remembered-set count="175" />
  </mem-info>
</gc-end>
<cycle-end id="3644" type="scavenge" contextid="3638" timestamp="2019-06-16T21:31:00.924" />
  <attribute name="elasticGC enabled" value="1" />
  <attribute name= "numThreadsSpecified" value="4" />
  <attribute name="heapSize specified" value="9371648" />
  <attribute name="Current GC Util" value="17" />
  <attribute name= "Current Time Running" value="46889" />
  <attribute name ="GC Interval" value="200" />
  <attribute name="ProportionalT" value="-1.500000" />
  <attribute name="ProportionalI" value="-1.500000" />
  <attribute name="ProportionalH" value="-1.500000" />
  <attribute name="Current Error" value="-3.000000" />
  <attribute name="IntegralT" value="-15.000000" />
  <attribute name="IntegralI" value="-15.000000" />
  <attribute name="IntegralH" value="-15.000000" />
  <attribute name="DerivativeT" value="-0.300000" />
  <attribute name="DerivativeI" value="-0.300000" />
  <attribute name="DerivativeH" value="-0.300000" />
  <attribute name="Loop Time for DT" value="10.000000" />
  <attribute name="Output H" value="2092630016"/>
  <attribute name="Output I" value="200"/>
  <attribute name="Output T" value="4"/>
  <attribute name="Target GC Util Change" value ="20.000000" />
  <attribute name="Current GC Util Change" value="17.000000"/>
  <attribute name="GC Util currently" value="17" />
  <attribute name="CPU Util currently" value="467445314872" />
<allocation-satisfied id="3645" threadId="0000000002213700" bytesRequested="16" />
<af-end id="3646" timestamp="2019-06-16T21:31:00.924" threadId="0000000002214088" success="true" from="nursery"/>
<exclusive-end id="3647" timestamp="2019-06-16T21:31:00.924" durationms="1.608" />

<exclusive-start id="3648" timestamp="2019-06-16T21:31:00.933" intervalms="10.227">
  <response-info timems="0.029" idlems="0.029" threads="0" lastid="0000000002213700" lastname="main" />
</exclusive-start>
<af-start id="3649" threadId="0000000002214088" totalBytesRequested="24" timestamp="2019-06-16T21:31:00.933" intervalms="10.230" type="nursery" />
<cycle-start id="3650" type="scavenge" contextid="0" timestamp="2019-06-16T21:31:00.933" intervalms="10.226" />
<gc-start id="3651" type="scavenge" contextid="3650" timestamp="2019-06-16T21:31:00.933">
  <mem-info id="3652" free="2047428448" total="2092630016" percent="97">
    <mem type="nursery" free="0" total="3932160" percent="0">
      <mem type="allocate" free="0" total="2818048" percent="0" />
      <mem type="survivor" free="0" total="1114112" percent="0" />
    </mem>
    <mem type="tenure" free="2047428448" total="2088697856" percent="98">
      <mem type="soa" free="1922107232" total="1963376640" percent="97" />
      <mem type="loa" free="125321216" total="125321216" percent="100" />
    </mem>
    <remembered-set count="175" />
  </mem-info>
</gc-start>
<allocation-stats totalBytes="2387960" >
  <allocated-bytes non-tlh="16" tlh="2387944" />
  <largest-consumer threadName="main" threadId="0000000002213700" bytes="2387960" />
</allocation-stats>
<gc-op id="3653" type="scavenge" timems="1.195" contextid="3650" timestamp="2019-06-16T21:31:00.934">
  <scavenger-info tenureage="2" tenuremask="ffe4" tiltratio="71" />
  <memory-copied type="nursery" objects="11521" bytes="290992" bytesdiscarded="82776" />
  <memory-copied type="tenure" objects="5260" bytes="117824" bytesdiscarded="40" />
</gc-op>
<gc-end id="3654" type="scavenge" contextid="3650" durationms="1.686" usertimems="0.000" systemtimems="0.000" timestamp="2019-06-16T21:31:00.935" activeThreads="1">
  <mem-info id="3655" free="2049894744" total="2092630016" percent="97">
    <mem type="nursery" free="2575352" total="3932160" percent="65">
      <mem type="allocate" free="2575352" total="2949120" percent="87" />
      <mem type="survivor" free="0" total="983040" percent="0" />
    </mem>
    <mem type="tenure" free="2047319392" total="2088697856" percent="98" macro-fragmented="2592282">
      <mem type="soa" free="1921998176" total="1963376640" percent="97" />
      <mem type="loa" free="125321216" total="125321216" percent="100" />
    </mem>
    <remembered-set count="174" />
  </mem-info>
</gc-end>
<cycle-end id="3656" type="scavenge" contextid="3650" timestamp="2019-06-16T21:31:00.935" />
  <attribute name="elasticGC enabled" value="1" />
  <attribute name= "numThreadsSpecified" value="1" />
  <attribute name="heapSize specified" value="9371648" />
  <attribute name="Current GC Util" value="19" />
  <attribute name= "Current Time Running" value="46899" />
  <attribute name ="GC Interval" value="200" />
  <attribute name="ProportionalT" value="-0.500000" />
  <attribute name="ProportionalI" value="-0.500000" />
  <attribute name="ProportionalH" value="-0.500000" />
  <attribute name="Current Error" value="-1.000000" />
  <attribute name="IntegralT" value="-5.000000" />
  <attribute name="IntegralI" value="-5.000000" />
  <attribute name="IntegralH" value="-5.000000" />
  <attribute name="DerivativeT" value="-0.100000" />
  <attribute name="DerivativeI" value="-0.100000" />
  <attribute name="DerivativeH" value="-0.100000" />
  <attribute name="Loop Time for DT" value="10.000000" />
  <attribute name="Output H" value="8388608"/>
  <attribute name="Output I" value="200"/>
  <attribute name="Output T" value="1"/>
  <attribute name="Target GC Util Change" value ="20.000000" />
  <attribute name="Current GC Util Change" value="19.000000"/>
  <attribute name="GC Util currently" value="19" />
  <attribute name="CPU Util currently" value="449702709314" />
<allocation-satisfied id="3657" threadId="0000000002213700" bytesRequested="24" />
<af-end id="3658" timestamp="2019-06-16T21:31:00.935" threadId="0000000002214088" success="true" from="nursery"/>
<exclusive-end id="3659" timestamp="2019-06-16T21:31:00.935" durationms="2.297" />

<exclusive-start id="3660" timestamp="2019-06-16T21:31:00.944" intervalms="11.068">
  <response-info timems="0.100" idlems="0.100" threads="0" lastid="0000000002213700" lastname="main" />
</exclusive-start>
<af-start id="3661" threadId="0000000002214088" totalBytesRequested="24" timestamp="2019-06-16T21:31:00.944" intervalms="11.088" type="nursery" />
<cycle-start id="3662" type="scavenge" contextid="0" timestamp="2019-06-16T21:31:00.944" intervalms="11.102" />
<gc-start id="3663" type="scavenge" contextid="3662" timestamp="2019-06-16T21:31:00.944">
  <mem-info id="3664" free="2047319392" total="2092630016" percent="97">
    <mem type="nursery" free="0" total="3932160" percent="0">
      <mem type="allocate" free="0" total="2949120" percent="0" />
      <mem type="survivor" free="0" total="983040" percent="0" />
    </mem>
    <mem type="tenure" free="2047319392" total="2088697856" percent="98">
      <mem type="soa" free="1921998176" total="1963376640" percent="97" />
      <mem type="loa" free="125321216" total="125321216" percent="100" />
    </mem>
    <remembered-set count="371" />
  </mem-info>
</gc-start>
<allocation-stats totalBytes="2575056" >
  <allocated-bytes non-tlh="24" tlh="2575032" />
  <largest-consumer threadName="main" threadId="0000000002213700" bytes="2575056" />
</allocation-stats>
<gc-op id="3665" type="scavenge" timems="0.727" contextid="3662" timestamp="2019-06-16T21:31:00.945">
  <scavenger-info tenureage="2" tenuremask="fff4" tiltratio="75" />
  <memory-copied type="nursery" objects="12457" bytes="345128" bytesdiscarded="134368" />
  <memory-copied type="tenure" objects="5440" bytes="121856" bytesdiscarded="16" />
</gc-op>
<gc-end id="3666" type="scavenge" contextid="3662" durationms="1.197" usertimems="4.000" systemtimems="0.000" timestamp="2019-06-16T21:31:00.945" activeThreads="4">
  <mem-info id="3667" free="2049841752" total="2092630016" percent="97">
    <mem type="nursery" free="2600696" total="3932160" percent="66">
      <mem type="allocate" free="2600696" total="3080192" percent="84" />
      <mem type="survivor" free="0" total="851968" percent="0" />
    </mem>
    <mem type="tenure" free="2047241056" total="2088697856" percent="98" macro-fragmented="262176">
      <mem type="soa" free="1921919840" total="1963376640" percent="97" />
      <mem type="loa" free="125321216" total="125321216" percent="100" />
    </mem>
    <remembered-set count="292" />
  </mem-info>
</gc-end>
<cycle-end id="3668" type="scavenge" contextid="3662" timestamp="2019-06-16T21:31:00.945" />
  <attribute name="elasticGC enabled" value="1" />
  <attribute name= "numThreadsSpecified" value="4" />
  <attribute name="heapSize specified" value="9371648" />
  <attribute name="Current GC Util" value="14" />
  <attribute name= "Current Time Running" value="46910" />
  <attribute name ="GC Interval" value="200" />
  <attribute name="ProportionalT" value="-3.000000" />
  <attribute name="ProportionalI" value="-3.000000" />
  <attribute name="ProportionalH" value="-3.000000" />
  <attribute name="Current Error" value="-6.000000" />
  <attribute name="IntegralT" value="-33.000000" />
  <attribute name="IntegralI" value="-33.000000" />
  <attribute name="IntegralH" value="-33.000000" />
  <attribute name="DerivativeT" value="-0.545455" />
  <attribute name="DerivativeI" value="-0.545455" />
  <attribute name="DerivativeH" value="-0.545455" />
  <attribute name="Loop Time for DT" value="11.000000" />
  <attribute name="Output H" value="2092630016"/>
  <attribute name="Output I" value="200"/>
  <attribute name="Output T" value="4"/>
  <attribute name="Target GC Util Change" value ="20.000000" />
  <attribute name="Current GC Util Change" value="14.000000"/>
  <attribute name="GC Util currently" value="14" />
  <attribute name="CPU Util currently" value="415207570999" />
<allocation-satisfied id="3669" threadId="0000000002213700" bytesRequested="24" />
<af-end id="3670" timestamp="2019-06-16T21:31:00.945" threadId="0000000002214088" success="true" from="nursery"/>
<exclusive-end id="3671" timestamp="2019-06-16T21:31:00.946" durationms="1.866" />

<exclusive-start id="3672" timestamp="2019-06-16T21:31:00.954" intervalms="10.436">
  <response-info timems="0.029" idlems="0.029" threads="0" lastid="0000000002213700" lastname="main" />
</exclusive-start>
<af-start id="3673" threadId="0000000002214088" totalBytesRequested="24" timestamp="2019-06-16T21:31:00.954" intervalms="10.422" type="nursery" />
<cycle-start id="3674" type="scavenge" contextid="0" timestamp="2019-06-16T21:31:00.954" intervalms="10.409" />
<gc-start id="3675" type="scavenge" contextid="3674" timestamp="2019-06-16T21:31:00.954">
  <mem-info id="3676" free="2047241056" total="2092630016" percent="97">
    <mem type="nursery" free="0" total="3932160" percent="0">
      <mem type="allocate" free="0" total="3080192" percent="0" />
      <mem type="survivor" free="0" total="851968" percent="0" />
    </mem>
    <mem type="tenure" free="2047241056" total="2088697856" percent="98">
      <mem type="soa" free="1921919840" total="1963376640" percent="97" />
      <mem type="loa" free="125321216" total="125321216" percent="100" />
    </mem>
    <remembered-set count="293" />
  </mem-info>
</gc-start>
<allocation-stats totalBytes="2600312" >
  <allocated-bytes non-tlh="24" tlh="2600288" />
  <largest-consumer threadName="main" threadId="0000000002213700" bytes="2600312" />
</allocation-stats>
<gc-op id="3677" type="scavenge" timems="0.563" contextid="3674" timestamp="2019-06-16T21:31:00.955">
  <scavenger-info tenureage="2" tenuremask="fff4" tiltratio="78" />
  <memory-copied type="nursery" objects="12972" bytes="356648" bytesdiscarded="175840" />
  <memory-copied type="tenure" objects="5979" bytes="133928" bytesdiscarded="40" />
</gc-op>
<gc-end id="3678" type="scavenge" contextid="3674" durationms="1.019" usertimems="0.000" systemtimems="0.000" timestamp="2019-06-16T21:31:00.955" activeThreads="4">
  <mem-info id="3679" free="2049706072" total="2092630016" percent="97">
    <mem type="nursery" free="2613240" total="3932160" percent="66">
      <mem type="allocate" free="2613240" total="3145728" percent="83" />
      <mem type="survivor" free="0" total="786432" percent="0" />
    </mem>
    <mem type="tenure" free="2047092832" total="2088697856" percent="98" macro-fragmented="800032">
      <mem type="soa" free="1921771616" total="1963376640" percent="97" />
      <mem type="loa" free="125321216" total="125321216" percent="100" />
    </mem>
    <remembered-set count="292" />
  </mem-info>
</gc-end>
<cycle-end id="3680" type="scavenge" contextid="3674" timestamp="2019-06-16T21:31:00.956" />
  <attribute name="elasticGC enabled" value="1" />
  <attribute name= "numThreadsSpecified" value="4" />
  <attribute name="heapSize specified" value="9371648" />
  <attribute name="Current GC Util" value="21" />
  <attribute name= "Current Time Running" value="46921" />
  <attribute name ="GC Interval" value="200" />
  <attribute name="ProportionalT" value="0.500000" />
  <attribute name="ProportionalI" value="0.500000" />
  <attribute name="ProportionalH" value="0.500000" />
  <attribute name="Current Error" value="1.000000" />
  <attribute name="IntegralT" value="5.500000" />
  <attribute name="IntegralI" value="5.500000" />
  <attribute name="IntegralH" value="5.500000" />
  <attribute name="DerivativeT" value="0.090909" />
  <attribute name="DerivativeI" value="0.090909" />
  <attribute name="DerivativeH" value="0.090909" />
  <attribute name="Loop Time for DT" value="11.000000" />
  <attribute name="Output H" value="8388608"/>
  <attribute name="Output I" value="200"/>
  <attribute name="Output T" value="4"/>
  <attribute name="Target GC Util Change" value ="20.000000" />
  <attribute name="Current GC Util Change" value="21.000000"/>
  <attribute name="GC Util currently" value="21" />
  <attribute name="CPU Util currently" value="444359801227" />
<allocation-satisfied id="3681" threadId="0000000002213700" bytesRequested="24" />
<af-end id="3682" timestamp="2019-06-16T21:31:00.956" threadId="0000000002214088" success="true" from="nursery"/>
<exclusive-end id="3683" timestamp="2019-06-16T21:31:00.956" durationms="1.717" />

<exclusive-start id="3684" timestamp="2019-06-16T21:31:00.963" intervalms="9.238">
  <response-info timems="0.061" idlems="0.061" threads="0" lastid="0000000002213700" lastname="main" />
</exclusive-start>
<af-start id="3685" threadId="0000000002214088" totalBytesRequested="80" timestamp="2019-06-16T21:31:00.963" intervalms="9.244" type="nursery" />
<cycle-start id="3686" type="scavenge" contextid="0" timestamp="2019-06-16T21:31:00.964" intervalms="9.259" />
<gc-start id="3687" type="scavenge" contextid="3686" timestamp="2019-06-16T21:31:00.964">
  <mem-info id="3688" free="2047092832" total="2092630016" percent="97">
    <mem type="nursery" free="0" total="3932160" percent="0">
      <mem type="allocate" free="0" total="3145728" percent="0" />
      <mem type="survivor" free="0" total="786432" percent="0" />
    </mem>
    <mem type="tenure" free="2047092832" total="2088697856" percent="98">
      <mem type="soa" free="1921771616" total="1963376640" percent="97" />
      <mem type="loa" free="125321216" total="125321216" percent="100" />
    </mem>
    <remembered-set count="293" />
  </mem-info>
</gc-start>
<allocation-stats totalBytes="2612736" >
  <allocated-bytes non-tlh="24" tlh="2612712" />
  <largest-consumer threadName="main" threadId="0000000002213700" bytes="2612736" />
</allocation-stats>
<gc-op id="3689" type="scavenge" timems="0.641" contextid="3686" timestamp="2019-06-16T21:31:00.965">
  <scavenger-info tenureage="2" tenuremask="fff4" tiltratio="80" />
  <memory-copied type="nursery" objects="13007" bytes="291360" bytesdiscarded="52704" />
  <memory-copied type="tenure" objects="6451" bytes="210464" bytesdiscarded="0" />
</gc-op>
<gc-end id="3690" type="scavenge" contextid="3686" durationms="1.100" usertimems="4.000" systemtimems="0.000" timestamp="2019-06-16T21:31:00.965" activeThreads="4">
  <mem-info id="3691" free="2049816152" total="2092630016" percent="97">
    <mem type="nursery" free="2867200" total="3932160" percent="72">
      <mem type="allocate" free="2867200" total="3211264" percent="89" />
      <mem type="survivor" free="0" total="720896" percent="0" />
    </mem>
    <mem type="tenure" free="2046948952" total="2088697856" percent="98" macro-fragmented="1500163">
      <mem type="soa" free="1921627736" total="1963376640" percent="97" />
      <mem type="loa" free="125321216" total="125321216" percent="100" />
    </mem>
    <remembered-set count="96" />
  </mem-info>
</gc-end>
<cycle-end id="3692" type="scavenge" contextid="3686" timestamp="2019-06-16T21:31:00.965" />
  <attribute name="elasticGC enabled" value="1" />
  <attribute name= "numThreadsSpecified" value="4" />
  <attribute name="heapSize specified" value="9371648" />
  <attribute name="Current GC Util" value="21" />
  <attribute name= "Current Time Running" value="46930" />
  <attribute name ="GC Interval" value="200" />
  <attribute name="ProportionalT" value="0.500000" />
  <attribute name="ProportionalI" value="0.500000" />
  <attribute name="ProportionalH" value="0.500000" />
  <attribute name="Current Error" value="1.000000" />
  <attribute name="IntegralT" value="4.500000" />
  <attribute name="IntegralI" value="4.500000" />
  <attribute name="IntegralH" value="4.500000" />
  <attribute name="DerivativeT" value="0.000000" />
  <attribute name="DerivativeI" value="0.000000" />
  <attribute name="DerivativeH" value="0.000000" />
  <attribute name="Loop Time for DT" value="9.000000" />
  <attribute name="Output H" value="8388608"/>
  <attribute name="Output I" value="200"/>
  <attribute name="Output T" value="4"/>
  <attribute name="Target GC Util Change" value ="20.000000" />
  <attribute name="Current GC Util Change" value="21.000000"/>
  <attribute name="GC Util currently" value="21" />
  <attribute name="CPU Util currently" value="497575233867" />
<allocation-satisfied id="3693" threadId="0000000002213700" bytesRequested="80" />
<af-end id="3694" timestamp="2019-06-16T21:31:00.965" threadId="0000000002214088" success="true" from="nursery"/>
<exclusive-end id="3695" timestamp="2019-06-16T21:31:00.965" durationms="1.792" />

<exclusive-start id="3696" timestamp="2019-06-16T21:31:00.972" intervalms="8.545">
  <response-info timems="0.029" idlems="0.029" threads="0" lastid="0000000002213700" lastname="main" />
</exclusive-start>
<af-start id="3697" threadId="0000000002214088" totalBytesRequested="16" timestamp="2019-06-16T21:31:00.972" intervalms="8.483" type="nursery" />
<cycle-start id="3698" type="scavenge" contextid="0" timestamp="2019-06-16T21:31:00.972" intervalms="8.427" />
<gc-start id="3699" type="scavenge" contextid="3698" timestamp="2019-06-16T21:31:00.972">
  <mem-info id="3700" free="2046948952" total="2092630016" percent="97">
    <mem type="nursery" free="0" total="3932160" percent="0">
      <mem type="allocate" free="0" total="3211264" percent="0" />
      <mem type="survivor" free="0" total="720896" percent="0" />
    </mem>
    <mem type="tenure" free="2046948952" total="2088697856" percent="98">
      <mem type="soa" free="1921627736" total="1963376640" percent="97" />
      <mem type="loa" free="125321216" total="125321216" percent="100" />
    </mem>
    <remembered-set count="317" />
  </mem-info>
</gc-start>
<allocation-stats totalBytes="2866728" >
  <allocated-bytes non-tlh="80" tlh="2866648" />
  <largest-consumer threadName="main" threadId="0000000002213700" bytes="2866728" />
</allocation-stats>
<gc-op id="3701" type="scavenge" timems="0.626" contextid="3698" timestamp="2019-06-16T21:31:00.973">
  <scavenger-info tenureage="2" tenuremask="fff4" tiltratio="81" />
  <memory-copied type="nursery" objects="13752" bytes="308080" bytesdiscarded="128144" />
  <memory-copied type="tenure" objects="6486" bytes="145248" bytesdiscarded="24" />
</gc-op>
<gc-end id="3702" type="scavenge" contextid="3698" durationms="0.994" usertimems="0.000" systemtimems="0.000" timestamp="2019-06-16T21:31:00.973" activeThreads="4">
  <mem-info id="3703" free="2049562968" total="2092630016" percent="97">
    <mem type="nursery" free="2840576" total="3932160" percent="72">
      <mem type="allocate" free="2840576" total="3276800" percent="86" />
      <mem type="survivor" free="0" total="655360" percent="0" />
    </mem>
    <mem type="tenure" free="2046722392" total="2088697856" percent="97" macro-fragmented="393240">
      <mem type="soa" free="1921401176" total="1963376640" percent="97" />
      <mem type="loa" free="125321216" total="125321216" percent="100" />
    </mem>
    <remembered-set count="316" />
  </mem-info>
</gc-end>
<cycle-end id="3704" type="scavenge" contextid="3698" timestamp="2019-06-16T21:31:00.973" />
  <attribute name="elasticGC enabled" value="1" />
  <attribute name= "numThreadsSpecified" value="4" />
  <attribute name="heapSize specified" value="9371648" />
  <attribute name="Current GC Util" value="23" />
  <attribute name= "Current Time Running" value="46938" />
  <attribute name ="GC Interval" value="200" />
  <attribute name="ProportionalT" value="1.500000" />
  <attribute name="ProportionalI" value="1.500000" />
  <attribute name="ProportionalH" value="1.500000" />
  <attribute name="Current Error" value="3.000000" />
  <attribute name="IntegralT" value="12.000000" />
  <attribute name="IntegralI" value="12.000000" />
  <attribute name="IntegralH" value="12.000000" />
  <attribute name="DerivativeT" value="0.250000" />
  <attribute name="DerivativeI" value="0.250000" />
  <attribute name="DerivativeH" value="0.250000" />
  <attribute name="Loop Time for DT" value="8.000000" />
  <attribute name="Output H" value="8388608"/>
  <attribute name="Output I" value="200"/>
  <attribute name="Output T" value="4"/>
  <attribute name="Target GC Util Change" value ="20.000000" />
  <attribute name="Current GC Util Change" value="23.000000"/>
  <attribute name="GC Util currently" value="23" />
  <attribute name="CPU Util currently" value="556733926374" />
<allocation-satisfied id="3705" threadId="0000000002213700" bytesRequested="16" />
<af-end id="3706" timestamp="2019-06-16T21:31:00.973" threadId="0000000002214088" success="true" from="nursery"/>
<exclusive-end id="3707" timestamp="2019-06-16T21:31:00.973" durationms="1.477" />

<exclusive-start id="3708" timestamp="2019-06-16T21:31:00.980" intervalms="8.167">
  <response-info timems="0.086" idlems="0.086" threads="0" lastid="0000000002213700" lastname="main" />
</exclusive-start>
<af-start id="3709" threadId="0000000002214088" totalBytesRequested="16" timestamp="2019-06-16T21:31:00.980" intervalms="8.232" type="nursery" />
<cycle-start id="3710" type="scavenge" contextid="0" timestamp="2019-06-16T21:31:00.980" intervalms="8.290" />
<gc-start id="3711" type="scavenge" contextid="3710" timestamp="2019-06-16T21:31:00.980">
  <mem-info id="3712" free="2046722392" total="2092630016" percent="97">
    <mem type="nursery" free="0" total="3932160" percent="0">
      <mem type="allocate" free="0" total="3276800" percent="0" />
      <mem type="survivor" free="0" total="655360" percent="0" />
    </mem>
    <mem type="tenure" free="2046722392" total="2088697856" percent="97">
      <mem type="soa" free="1921401176" total="1963376640" percent="97" />
      <mem type="loa" free="125321216" total="125321216" percent="100" />
    </mem>
    <remembered-set count="1241" />
  </mem-info>
</gc-start>
<allocation-stats totalBytes="2840088" >
  <allocated-bytes non-tlh="16" tlh="2840072" />
  <largest-consumer threadName="main" threadId="0000000002213700" bytes="2840088" />
</allocation-stats>
<gc-op id="3713" type="scavenge" timems="0.646" contextid="3710" timestamp="2019-06-16T21:31:00.981">
  <scavenger-info tenureage="2" tenuremask="fff4" tiltratio="83" />
  <memory-copied type="nursery" objects="14424" bytes="323272" bytesdiscarded="104504" />
  <memory-copied type="tenure" objects="6497" bytes="145520" bytesdiscarded="0" />
</gc-op>
<gc-end id="3714" type="scavenge" contextid="3710" durationms="1.145" usertimems="0.000" systemtimems="0.000" timestamp="2019-06-16T21:31:00.982" activeThreads="4">
  <mem-info id="3715" free="2049527896" total="2092630016" percent="97">
    <mem type="nursery" free="2914560" total="3932160" percent="74">
      <mem type="allocate" free="2914560" total="3342336" percent="87" />
      <mem type="survivor" free="0" total="589824" percent="0" />
    </mem>
    <mem type="tenure" free="2046613336" total="2088697856" percent="97" macro-fragmented="1310760">
      <mem type="soa" free="1921292120" total="1963376640" percent="97" />
      <mem type="loa" free="125321216" total="125321216" percent="100" />
    </mem>
    <remembered-set count="1240" />
  </mem-info>
</gc-end>
<cycle-end id="3716" type="scavenge" contextid="3710" timestamp="2019-06-16T21:31:00.982" />
  <attribute name="elasticGC enabled" value="1" />
  <attribute name= "numThreadsSpecified" value="4" />
  <attribute name="heapSize specified" value="9371648" />
  <attribute name="Current GC Util" value="23" />
  <attribute name= "Current Time Running" value="46947" />
  <attribute name ="GC Interval" value="200" />
  <attribute name="ProportionalT" value="1.500000" />
  <attribute name="ProportionalI" value="1.500000" />
  <attribute name="ProportionalH" value="1.500000" />
  <attribute name="Current Error" value="3.000000" />
  <attribute name="IntegralT" value="13.500000" />
  <attribute name="IntegralI" value="13.500000" />
  <attribute name="IntegralH" value="13.500000" />
  <attribute name="DerivativeT" value="0.000000" />
  <attribute name="DerivativeI" value="0.000000" />
  <attribute name="DerivativeH" value="0.000000" />
  <attribute name="Loop Time for DT" value="9.000000" />
  <attribute name="Output H" value="8388608"/>
  <attribute name="Output I" value="200"/>
  <attribute name="Output T" value="4"/>
  <attribute name="Target GC Util Change" value ="20.000000" />
  <attribute name="Current GC Util Change" value="23.000000"/>
  <attribute name="GC Util currently" value="23" />
  <attribute name="CPU Util currently" value="545149346886" />
<allocation-satisfied id="3717" threadId="0000000002213700" bytesRequested="16" />
<af-end id="3718" timestamp="2019-06-16T21:31:00.982" threadId="0000000002214088" success="true" from="nursery"/>
<exclusive-end id="3719" timestamp="2019-06-16T21:31:00.982" durationms="1.839" />

<exclusive-start id="3720" timestamp="2019-06-16T21:31:00.988" intervalms="7.867">
  <response-info timems="0.059" idlems="0.059" threads="0" lastid="0000000002213700" lastname="main" />
</exclusive-start>
<af-start id="3721" threadId="0000000002214088" totalBytesRequested="80" timestamp="2019-06-16T21:31:00.988" intervalms="7.861" type="nursery" />
<cycle-start id="3722" type="scavenge" contextid="0" timestamp="2019-06-16T21:31:00.988" intervalms="7.855" />
<gc-start id="3723" type="scavenge" contextid="3722" timestamp="2019-06-16T21:31:00.988">
  <mem-info id="3724" free="2046613336" total="2092630016" percent="97">
    <mem type="nursery" free="0" total="3932160" percent="0">
      <mem type="allocate" free="0" total="3342336" percent="0" />
      <mem type="survivor" free="0" total="589824" percent="0" />
    </mem>
    <mem type="tenure" free="2046613336" total="2088697856" percent="97">
      <mem type="soa" free="1921292120" total="1963376640" percent="97" />
      <mem type="loa" free="125321216" total="125321216" percent="100" />
    </mem>
    <remembered-set count="1419" />
  </mem-info>
</gc-start>
<allocation-stats totalBytes="2913952" >
  <allocated-bytes non-tlh="131096" tlh="2782856" />
  <largest-consumer threadName="main" threadId="0000000002213700" bytes="2913952" />
</allocation-stats>
<gc-op id="3725" type="scavenge" timems="0.724" contextid="3722" timestamp="2019-06-16T21:31:00.989">
  <scavenger-info tenureage="2" tenuremask="fff4" tiltratio="85" />
  <memory-copied type="nursery" objects="14030" bytes="445528" bytesdiscarded="113328" />
  <memory-copied type="tenure" objects="7227" bytes="161888" bytesdiscarded="32" />
</gc-op>
<gc-end id="3726" type="scavenge" contextid="3722" durationms="1.088" usertimems="4.000" systemtimems="0.000" timestamp="2019-06-16T21:31:00.989" activeThreads="4">
  <mem-info id="3727" free="2049152336" total="2092630016" percent="97">
    <mem type="nursery" free="2717944" total="3932160" percent="69">
      <mem type="allocate" free="2717944" total="3276800" percent="82" />
      <mem type="survivor" free="0" total="655360" percent="0" />
    </mem>
    <mem type="tenure" free="2046434392" total="2088697856" percent="97" macro-fragmented="5375357">
      <mem type="soa" free="1921113176" total="1963376640" percent="97" />
      <mem type="loa" free="125321216" total="125321216" percent="100" />
    </mem>
    <remembered-set count="1200" />
  </mem-info>
</gc-end>
<cycle-end id="3728" type="scavenge" contextid="3722" timestamp="2019-06-16T21:31:00.989" />
  <attribute name="elasticGC enabled" value="1" />
  <attribute name= "numThreadsSpecified" value="4" />
  <attribute name="heapSize specified" value="9371648" />
  <attribute name="Current GC Util" value="28" />
  <attribute name= "Current Time Running" value="46954" />
  <attribute name ="GC Interval" value="200" />
  <attribute name="ProportionalT" value="4.000000" />
  <attribute name="ProportionalI" value="4.000000" />
  <attribute name="ProportionalH" value="4.000000" />
  <attribute name="Current Error" value="8.000000" />
  <attribute name="IntegralT" value="28.000000" />
  <attribute name="IntegralI" value="28.000000" />
  <attribute name="IntegralH" value="28.000000" />
  <attribute name="DerivativeT" value="0.714286" />
  <attribute name="DerivativeI" value="0.714286" />
  <attribute name="DerivativeH" value="0.714286" />
  <attribute name="Loop Time for DT" value="7.000000" />
  <attribute name="Output H" value="8388608"/>
  <attribute name="Output I" value="200"/>
  <attribute name="Output T" value="4"/>
  <attribute name="Target GC Util Change" value ="20.000000" />
  <attribute name="Current GC Util Change" value="28.000000"/>
  <attribute name="GC Util currently" value="28" />
  <attribute name="CPU Util currently" value="599999947156" />
<allocation-satisfied id="3729" threadId="0000000002213700" bytesRequested="80" />
<af-end id="3730" timestamp="2019-06-16T21:31:00.990" threadId="0000000002214088" success="true" from="nursery"/>
<exclusive-end id="3731" timestamp="2019-06-16T21:31:00.990" durationms="1.676" />

<exclusive-start id="3732" timestamp="2019-06-16T21:31:00.995" intervalms="7.292">
  <response-info timems="0.062" idlems="0.062" threads="0" lastid="0000000002213700" lastname="main" />
</exclusive-start>
<af-start id="3733" threadId="0000000002214088" totalBytesRequested="32" timestamp="2019-06-16T21:31:00.995" intervalms="7.291" type="nursery" />
<cycle-start id="3734" type="scavenge" contextid="0" timestamp="2019-06-16T21:31:00.995" intervalms="7.295" />
<gc-start id="3735" type="scavenge" contextid="3734" timestamp="2019-06-16T21:31:00.996">
  <mem-info id="3736" free="2046434392" total="2092630016" percent="97">
    <mem type="nursery" free="0" total="3932160" percent="0">
      <mem type="allocate" free="0" total="3276800" percent="0" />
      <mem type="survivor" free="0" total="655360" percent="0" />
    </mem>
    <mem type="tenure" free="2046434392" total="2088697856" percent="97">
      <mem type="soa" free="1921113176" total="1963376640" percent="97" />
      <mem type="loa" free="125321216" total="125321216" percent="100" />
    </mem>
    <remembered-set count="1711" />
  </mem-info>
</gc-start>
<allocation-stats totalBytes="2717520" >
  <allocated-bytes non-tlh="80" tlh="2717440" />
  <largest-consumer threadName="main" threadId="0000000002213700" bytes="2717520" />
</allocation-stats>
<gc-op id="3737" type="scavenge" timems="0.728" contextid="3734" timestamp="2019-06-16T21:31:00.996">
  <scavenger-info tenureage="2" tenuremask="fff4" tiltratio="83" />
  <memory-copied type="nursery" objects="13567" bytes="435072" bytesdiscarded="193672" />
  <memory-copied type="tenure" objects="7171" bytes="160664" bytesdiscarded="8" />
</gc-op>
<gc-end id="3738" type="scavenge" contextid="3734" durationms="1.200" usertimems="0.000" systemtimems="0.000" timestamp="2019-06-16T21:31:00.997" activeThreads="4">
  <mem-info id="3739" free="2049078096" total="2092630016" percent="97">
    <mem type="nursery" free="2713592" total="3932160" percent="69">
      <mem type="allocate" free="2713592" total="3342336" percent="81" />
      <mem type="survivor" free="0" total="589824" percent="0" />
    </mem>
    <mem type="tenure" free="2046364504" total="2088697856" percent="97" macro-fragmented="0">
      <mem type="soa" free="1921043288" total="1963376640" percent="97" />
      <mem type="loa" free="125321216" total="125321216" percent="100" />
    </mem>
    <remembered-set count="785" />
  </mem-info>
</gc-end>
<cycle-end id="3740" type="scavenge" contextid="3734" timestamp="2019-06-16T21:31:00.997" />
  <attribute name="elasticGC enabled" value="1" />
  <attribute name= "numThreadsSpecified" value="4" />
  <attribute name="heapSize specified" value="9371648" />
  <attribute name="Current GC Util" value="28" />
  <attribute name= "Current Time Running" value="46962" />
  <attribute name ="GC Interval" value="200" />
  <attribute name="ProportionalT" value="4.000000" />
  <attribute name="ProportionalI" value="4.000000" />
  <attribute name="ProportionalH" value="4.000000" />
  <attribute name="Current Error" value="8.000000" />
  <attribute name="IntegralT" value="32.000000" />
  <attribute name="IntegralI" value="32.000000" />
  <attribute name="IntegralH" value="32.000000" />
  <attribute name="DerivativeT" value="0.000000" />
  <attribute name="DerivativeI" value="0.000000" />
  <attribute name="DerivativeH" value="0.000000" />
  <attribute name="Loop Time for DT" value="8.000000" />
  <attribute name="Output H" value="8388608"/>
  <attribute name="Output I" value="200"/>
  <attribute name="Output T" value="4"/>
  <attribute name="Target GC Util Change" value ="20.000000" />
  <attribute name="Current GC Util Change" value="28.000000"/>
  <attribute name="GC Util currently" value="28" />
  <attribute name="CPU Util currently" value="620457716066" />
<allocation-satisfied id="3741" threadId="0000000002213700" bytesRequested="32" />
<af-end id="3742" timestamp="2019-06-16T21:31:00.997" threadId="0000000002214088" success="true" from="nursery"/>
<exclusive-end id="3743" timestamp="2019-06-16T21:31:00.997" durationms="1.827" />

<exclusive-start id="3744" timestamp="2019-06-16T21:31:01.003" intervalms="7.345">
  <response-info timems="0.055" idlems="0.055" threads="0" lastid="0000000002213700" lastname="main" />
</exclusive-start>
<af-start id="3745" threadId="0000000002214088" totalBytesRequested="48" timestamp="2019-06-16T21:31:01.003" intervalms="7.343" type="nursery" />
<cycle-start id="3746" type="scavenge" contextid="0" timestamp="2019-06-16T21:31:01.003" intervalms="7.341" />
<gc-start id="3747" type="scavenge" contextid="3746" timestamp="2019-06-16T21:31:01.003">
  <mem-info id="3748" free="2046364504" total="2092630016" percent="97">
    <mem type="nursery" free="0" total="3932160" percent="0">
      <mem type="allocate" free="0" total="3342336" percent="0" />
      <mem type="survivor" free="0" total="589824" percent="0" />
    </mem>
    <mem type="tenure" free="2046364504" total="2088697856" percent="97">
      <mem type="soa" free="1921043288" total="1963376640" percent="97" />
      <mem type="loa" free="125321216" total="125321216" percent="100" />
    </mem>
    <remembered-set count="981" />
  </mem-info>
</gc-start>
<allocation-stats totalBytes="2713128" >
  <allocated-bytes non-tlh="32" tlh="2713096" />
  <largest-consumer threadName="main" threadId="0000000002213700" bytes="2713128" />
</allocation-stats>
<gc-op id="3749" type="scavenge" timems="0.828" contextid="3746" timestamp="2019-06-16T21:31:01.004">
  <scavenger-info tenureage="2" tenuremask="fff4" tiltratio="85" />
  <memory-copied type="nursery" objects="13368" bytes="299512" bytesdiscarded="89096" />
  <memory-copied type="tenure" objects="6833" bytes="284168" bytesdiscarded="8" />
</gc-op>
<gc-end id="3750" type="scavenge" contextid="3746" durationms="1.315" usertimems="4.000" systemtimems="0.000" timestamp="2019-06-16T21:31:01.004" activeThreads="4">
  <mem-info id="3751" free="2048977488" total="2092630016" percent="97">
    <mem type="nursery" free="2953728" total="3932160" percent="75">
      <mem type="allocate" free="2953728" total="3342336" percent="88" />
      <mem type="survivor" free="0" total="589824" percent="0" />
    </mem>
    <mem type="tenure" free="2046023760" total="2088697856" percent="97" macro-fragmented="2160235">
      <mem type="soa" free="1920702544" total="1963376640" percent="97" />
      <mem type="loa" free="125321216" total="125321216" percent="100" />
    </mem>
    <remembered-set count="802" />
  </mem-info>
</gc-end>
<cycle-end id="3752" type="scavenge" contextid="3746" timestamp="2019-06-16T21:31:01.004" />
  <attribute name="elasticGC enabled" value="1" />
  <attribute name= "numThreadsSpecified" value="4" />
  <attribute name="heapSize specified" value="9371648" />
  <attribute name="Current GC Util" value="28" />
  <attribute name= "Current Time Running" value="46969" />
  <attribute name ="GC Interval" value="200" />
  <attribute name="ProportionalT" value="4.000000" />
  <attribute name="ProportionalI" value="4.000000" />
  <attribute name="ProportionalH" value="4.000000" />
  <attribute name="Current Error" value="8.000000" />
  <attribute name="IntegralT" value="28.000000" />
  <attribute name="IntegralI" value="28.000000" />
  <attribute name="IntegralH" value="28.000000" />
  <attribute name="DerivativeT" value="0.000000" />
  <attribute name="DerivativeI" value="0.000000" />
  <attribute name="DerivativeH" value="0.000000" />
  <attribute name="Loop Time for DT" value="7.000000" />
  <attribute name="Output H" value="8388608"/>
  <attribute name="Output I" value="200"/>
  <attribute name="Output T" value="4"/>
  <attribute name="Target GC Util Change" value ="20.000000" />
  <attribute name="Current GC Util Change" value="28.000000"/>
  <attribute name="GC Util currently" value="28" />
  <attribute name="CPU Util currently" value="626332642420" />
<allocation-satisfied id="3753" threadId="0000000002213700" bytesRequested="48" />
<af-end id="3754" timestamp="2019-06-16T21:31:01.004" threadId="0000000002214088" success="true" from="nursery"/>
<exclusive-end id="3755" timestamp="2019-06-16T21:31:01.005" durationms="1.992" />

<exclusive-start id="3756" timestamp="2019-06-16T21:31:01.067" intervalms="64.485">
  <response-info timems="0.068" idlems="0.068" threads="0" lastid="0000000002213700" lastname="main" />
</exclusive-start>
<af-start id="3757" threadId="0000000002214088" totalBytesRequested="24" timestamp="2019-06-16T21:31:01.067" intervalms="64.545" type="nursery" />
<cycle-start id="3758" type="scavenge" contextid="0" timestamp="2019-06-16T21:31:01.067" intervalms="64.575" />
<gc-start id="3759" type="scavenge" contextid="3758" timestamp="2019-06-16T21:31:01.068">
  <mem-info id="3760" free="2046005224" total="2092630016" percent="97">
    <mem type="nursery" free="0" total="3932160" percent="0">
      <mem type="allocate" free="0" total="3342336" percent="0" />
      <mem type="survivor" free="0" total="589824" percent="0" />
    </mem>
    <mem type="tenure" free="2046005224" total="2088697856" percent="97">
      <mem type="soa" free="1920684008" total="1963376640" percent="97" />
      <mem type="loa" free="125321216" total="125321216" percent="100" />
    </mem>
    <remembered-set count="1660" />
  </mem-info>
</gc-start>
<allocation-stats totalBytes="2971864" >
  <allocated-bytes non-tlh="18584" tlh="2953280" />
  <largest-consumer threadName="main" threadId="0000000002213700" bytes="2971864" />
</allocation-stats>
<gc-op id="3761" type="scavenge" timems="0.919" contextid="3758" timestamp="2019-06-16T21:31:01.069">
  <scavenger-info tenureage="2" tenuremask="fff4" tiltratio="85" />
  <memory-copied type="nursery" objects="18856" bytes="484360" bytesdiscarded="96752" />
  <memory-copied type="tenure" objects="6705" bytes="150192" bytesdiscarded="0" />
  <references type="soft" candidates="2139" cleared="0" enqueued="0" dynamicThreshold="31" maxThreshold="32" />
  <references type="weak" candidates="74" cleared="6" enqueued="4" />
</gc-op>
<gc-end id="3762" type="scavenge" contextid="3758" durationms="1.394" usertimems="0.000" systemtimems="4.000" timestamp="2019-06-16T21:31:01.069" activeThreads="4">
  <mem-info id="3763" free="2048526296" total="2092630016" percent="97">
    <mem type="nursery" free="2630128" total="3932160" percent="66">
      <mem type="allocate" free="2630128" total="3211264" percent="81" />
      <mem type="survivor" free="0" total="720896" percent="0" />
    </mem>
    <mem type="tenure" free="2045896168" total="2088697856" percent="97" macro-fragmented="3732887">
      <mem type="soa" free="1920574952" total="1963376640" percent="97" />
      <mem type="loa" free="125321216" total="125321216" percent="100" />
    </mem>
    <pending-finalizers system="0" default="0" reference="4" classloader="0" />
    <remembered-set count="1280" />
  </mem-info>
</gc-end>
<cycle-end id="3764" type="scavenge" contextid="3758" timestamp="2019-06-16T21:31:01.069" />
  <attribute name="elasticGC enabled" value="1" />
  <attribute name= "numThreadsSpecified" value="4" />
  <attribute name="heapSize specified" value="9371648" />
  <attribute name="Current GC Util" value="3" />
  <attribute name= "Current Time Running" value="47034" />
  <attribute name ="GC Interval" value="200" />
  <attribute name="ProportionalT" value="-8.500000" />
  <attribute name="ProportionalI" value="-8.500000" />
  <attribute name="ProportionalH" value="-8.500000" />
  <attribute name="Current Error" value="-17.000000" />
  <attribute name="IntegralT" value="-552.500000" />
  <attribute name="IntegralI" value="-552.500000" />
  <attribute name="IntegralH" value="-552.500000" />
  <attribute name="DerivativeT" value="-0.384615" />
  <attribute name="DerivativeI" value="-0.384615" />
  <attribute name="DerivativeH" value="-0.384615" />
  <attribute name="Loop Time for DT" value="65.000000" />
  <attribute name="Output H" value="2092630016"/>
  <attribute name="Output I" value="200"/>
  <attribute name="Output T" value="4"/>
  <attribute name="Target GC Util Change" value ="20.000000" />
  <attribute name="Current GC Util Change" value="3.000000"/>
  <attribute name="GC Util currently" value="3" />
  <attribute name="CPU Util currently" value="71401979605" />
<allocation-satisfied id="3765" threadId="0000000002213700" bytesRequested="24" />
<af-end id="3766" timestamp="2019-06-16T21:31:01.069" threadId="0000000002214088" success="true" from="nursery"/>
<exclusive-end id="3767" timestamp="2019-06-16T21:31:01.069" durationms="2.158" />

<exclusive-start id="3768" timestamp="2019-06-16T21:31:01.114" intervalms="46.509">
  <response-info timems="0.032" idlems="0.032" threads="0" lastid="0000000002213700" lastname="main" />
</exclusive-start>
<af-start id="3769" threadId="0000000002214088" totalBytesRequested="24" timestamp="2019-06-16T21:31:01.114" intervalms="46.497" type="nursery" />
<cycle-start id="3770" type="scavenge" contextid="0" timestamp="2019-06-16T21:31:01.114" intervalms="46.475" />
<gc-start id="3771" type="scavenge" contextid="3770" timestamp="2019-06-16T21:31:01.114">
  <mem-info id="3772" free="2045896168" total="2092630016" percent="97">
    <mem type="nursery" free="0" total="3932160" percent="0">
      <mem type="allocate" free="0" total="3211264" percent="0" />
      <mem type="survivor" free="0" total="720896" percent="0" />
    </mem>
    <mem type="tenure" free="2045896168" total="2088697856" percent="97">
      <mem type="soa" free="1920574952" total="1963376640" percent="97" />
      <mem type="loa" free="125321216" total="125321216" percent="100" />
    </mem>
    <remembered-set count="1281" />
  </mem-info>
</gc-start>
<allocation-stats totalBytes="2629904" >
  <allocated-bytes non-tlh="24" tlh="2629880" />
  <largest-consumer threadName="main" threadId="0000000002213700" bytes="2625808" />
</allocation-stats>
<gc-op id="3773" type="scavenge" timems="0.787" contextid="3770" timestamp="2019-06-16T21:31:01.115">
  <scavenger-info tenureage="2" tenuremask="4004" tiltratio="81" />
  <memory-copied type="nursery" objects="12223" bytes="336256" bytesdiscarded="113768" />
  <memory-copied type="tenure" objects="6632" bytes="148560" bytesdiscarded="24" />
  <references type="soft" candidates="2139" cleared="0" enqueued="0" dynamicThreshold="31" maxThreshold="32" />
  <references type="weak" candidates="68" cleared="0" enqueued="0" />
</gc-op>
<gc-end id="3774" type="scavenge" contextid="3770" durationms="1.247" usertimems="0.000" systemtimems="0.000" timestamp="2019-06-16T21:31:01.115" activeThreads="4">
  <mem-info id="3775" free="2048417000" total="2092630016" percent="97">
    <mem type="nursery" free="2761216" total="3932160" percent="70">
      <mem type="allocate" free="2761216" total="3211264" percent="85" />
      <mem type="survivor" free="0" total="720896" percent="0" />
    </mem>
    <mem type="tenure" free="2045655784" total="2088697856" percent="97" macro-fragmented="290741">
      <mem type="soa" free="1920334568" total="1963376640" percent="97" />
      <mem type="loa" free="125321216" total="125321216" percent="100" />
    </mem>
    <remembered-set count="1068" />
  </mem-info>
</gc-end>
<cycle-end id="3776" type="scavenge" contextid="3770" timestamp="2019-06-16T21:31:01.115" />
  <attribute name="elasticGC enabled" value="1" />
  <attribute name= "numThreadsSpecified" value="4" />
  <attribute name="heapSize specified" value="9371648" />
  <attribute name="Current GC Util" value="6" />
  <attribute name= "Current Time Running" value="47080" />
  <attribute name ="GC Interval" value="200" />
  <attribute name="ProportionalT" value="-7.000000" />
  <attribute name="ProportionalI" value="-7.000000" />
  <attribute name="ProportionalH" value="-7.000000" />
  <attribute name="Current Error" value="-14.000000" />
  <attribute name="IntegralT" value="-322.000000" />
  <attribute name="IntegralI" value="-322.000000" />
  <attribute name="IntegralH" value="-322.000000" />
  <attribute name="DerivativeT" value="-0.304348" />
  <attribute name="DerivativeI" value="-0.304348" />
  <attribute name="DerivativeH" value="-0.304348" />
  <attribute name="Loop Time for DT" value="46.000000" />
  <attribute name="Output H" value="2092630016"/>
  <attribute name="Output I" value="200"/>
  <attribute name="Output T" value="4"/>
  <attribute name="Target GC Util Change" value ="20.000000" />
  <attribute name="Current GC Util Change" value="6.000000"/>
  <attribute name="GC Util currently" value="6" />
  <attribute name="CPU Util currently" value="99274527517" />
<allocation-satisfied id="3777" threadId="0000000002213700" bytesRequested="24" />
<af-end id="3778" timestamp="2019-06-16T21:31:01.115" threadId="0000000002214088" success="true" from="nursery"/>
<exclusive-end id="3779" timestamp="2019-06-16T21:31:01.116" durationms="1.964" />

<exclusive-start id="3780" timestamp="2019-06-16T21:31:01.141" intervalms="27.677">
  <response-info timems="0.084" idlems="0.084" threads="0" lastid="0000000002213700" lastname="main" />
</exclusive-start>
<af-start id="3781" threadId="0000000002214088" totalBytesRequested="16" timestamp="2019-06-16T21:31:01.141" intervalms="27.656" type="nursery" />
<cycle-start id="3782" type="scavenge" contextid="0" timestamp="2019-06-16T21:31:01.141" intervalms="27.627" />
<gc-start id="3783" type="scavenge" contextid="3782" timestamp="2019-06-16T21:31:01.142">
  <mem-info id="3784" free="2045655784" total="2092630016" percent="97">
    <mem type="nursery" free="0" total="3932160" percent="0">
      <mem type="allocate" free="0" total="3211264" percent="0" />
      <mem type="survivor" free="0" total="720896" percent="0" />
    </mem>
    <mem type="tenure" free="2045655784" total="2088697856" percent="97">
      <mem type="soa" free="1920334568" total="1963376640" percent="97" />
      <mem type="loa" free="125321216" total="125321216" percent="100" />
    </mem>
    <remembered-set count="1068" />
  </mem-info>
</gc-start>
<allocation-stats totalBytes="2761048" >
  <allocated-bytes non-tlh="24" tlh="2761024" />
  <largest-consumer threadName="main" threadId="0000000002213700" bytes="2761048" />
</allocation-stats>
<gc-op id="3785" type="scavenge" timems="0.514" contextid="3782" timestamp="2019-06-16T21:31:01.142">
  <scavenger-info tenureage="2" tenuremask="4004" tiltratio="81" />
  <memory-copied type="nursery" objects="6" bytes="632" bytesdiscarded="77704" />
  <memory-copied type="tenure" objects="12218" bytes="335648" bytesdiscarded="200" />
</gc-op>
<gc-end id="3786" type="scavenge" contextid="3782" durationms="0.928" usertimems="0.000" systemtimems="0.000" timestamp="2019-06-16T21:31:01.143" activeThreads="4">
  <mem-info id="3787" free="2048474088" total="2092630016" percent="97">
    <mem type="nursery" free="3198464" total="3932160" percent="81">
      <mem type="allocate" free="3198464" total="3276800" percent="97" />
      <mem type="survivor" free="0" total="655360" percent="0" />
    </mem>
    <mem type="tenure" free="2045275624" total="2088697856" percent="97" macro-fragmented="1048608">
      <mem type="soa" free="1919954408" total="1963376640" percent="97" />
      <mem type="loa" free="125321216" total="125321216" percent="100" />
    </mem>
    <remembered-set count="99" />
  </mem-info>
</gc-end>
<cycle-end id="3788" type="scavenge" contextid="3782" timestamp="2019-06-16T21:31:01.143" />
  <attribute name="elasticGC enabled" value="1" />
  <attribute name= "numThreadsSpecified" value="4" />
  <attribute name="heapSize specified" value="9371648" />
  <attribute name="Current GC Util" value="8" />
  <attribute name= "Current Time Running" value="47108" />
  <attribute name ="GC Interval" value="200" />
  <attribute name="ProportionalT" value="-6.000000" />
  <attribute name="ProportionalI" value="-6.000000" />
  <attribute name="ProportionalH" value="-6.000000" />
  <attribute name="Current Error" value="-12.000000" />
  <attribute name="IntegralT" value="-168.000000" />
  <attribute name="IntegralI" value="-168.000000" />
  <attribute name="IntegralH" value="-168.000000" />
  <attribute name="DerivativeT" value="-0.428571" />
  <attribute name="DerivativeI" value="-0.428571" />
  <attribute name="DerivativeH" value="-0.428571" />
  <attribute name="Loop Time for DT" value="28.000000" />
  <attribute name="Output H" value="2092630016"/>
  <attribute name="Output I" value="200"/>
  <attribute name="Output T" value="4"/>
  <attribute name="Target GC Util Change" value ="20.000000" />
  <attribute name="Current GC Util Change" value="8.000000"/>
  <attribute name="GC Util currently" value="8" />
  <attribute name="CPU Util currently" value="167271106894" />
<allocation-satisfied id="3789" threadId="0000000002213700" bytesRequested="16" />
<af-end id="3790" timestamp="2019-06-16T21:31:01.143" threadId="0000000002214088" success="true" from="nursery"/>
<exclusive-end id="3791" timestamp="2019-06-16T21:31:01.143" durationms="1.617" />

<exclusive-start id="3792" timestamp="2019-06-16T21:31:01.155" intervalms="14.166">
  <response-info timems="0.058" idlems="0.058" threads="0" lastid="0000000002213700" lastname="main" />
</exclusive-start>
<af-start id="3793" threadId="0000000002214088" totalBytesRequested="32" timestamp="2019-06-16T21:31:01.156" intervalms="14.149" type="nursery" />
<cycle-start id="3794" type="scavenge" contextid="0" timestamp="2019-06-16T21:31:01.156" intervalms="14.149" />
<gc-start id="3795" type="scavenge" contextid="3794" timestamp="2019-06-16T21:31:01.156">
  <mem-info id="3796" free="2045275624" total="2092630016" percent="97">
    <mem type="nursery" free="0" total="3932160" percent="0">
      <mem type="allocate" free="0" total="3276800" percent="0" />
      <mem type="survivor" free="0" total="655360" percent="0" />
    </mem>
    <mem type="tenure" free="2045275624" total="2088697856" percent="97">
      <mem type="soa" free="1919954408" total="1963376640" percent="97" />
      <mem type="loa" free="125321216" total="125321216" percent="100" />
    </mem>
    <remembered-set count="99" />
  </mem-info>
</gc-start>
<allocation-stats totalBytes="3198224" >
  <allocated-bytes non-tlh="16" tlh="3198208" />
  <largest-consumer threadName="main" threadId="0000000002213700" bytes="3198224" />
</allocation-stats>
<gc-op id="3797" type="scavenge" timems="0.209" contextid="3794" timestamp="2019-06-16T21:31:01.156">
  <scavenger-info tenureage="14" tenuremask="4000" tiltratio="83" />
  <memory-copied type="nursery" objects="3" bytes="560" bytesdiscarded="77776" />
</gc-op>
<gc-end id="3798" type="scavenge" contextid="3794" durationms="0.638" usertimems="0.000" systemtimems="0.000" timestamp="2019-06-16T21:31:01.156" activeThreads="4">
  <mem-info id="3799" free="2048605160" total="2092630016" percent="97">
    <mem type="nursery" free="3329536" total="3932160" percent="84">
      <mem type="allocate" free="3329536" total="3407872" percent="97" />
      <mem type="survivor" free="0" total="524288" percent="0" />
    </mem>
    <mem type="tenure" free="2045275624" total="2088697856" percent="97" macro-fragmented="5375357">
      <mem type="soa" free="1919954408" total="1963376640" percent="97" />
      <mem type="loa" free="125321216" total="125321216" percent="100" />
    </mem>
    <remembered-set count="99" />
  </mem-info>
</gc-end>
<cycle-end id="3800" type="scavenge" contextid="3794" timestamp="2019-06-16T21:31:01.156" />
  <attribute name="elasticGC enabled" value="1" />
  <attribute name= "numThreadsSpecified" value="4" />
  <attribute name="heapSize specified" value="9371648" />
  <attribute name="Current GC Util" value="13" />
  <attribute name= "Current Time Running" value="47122" />
  <attribute name ="GC Interval" value="200" />
  <attribute name="ProportionalT" value="-3.500000" />
  <attribute name="ProportionalI" value="-3.500000" />
  <attribute name="ProportionalH" value="-3.500000" />
  <attribute name="Current Error" value="-7.000000" />
  <attribute name="IntegralT" value="-49.000000" />
  <attribute name="IntegralI" value="-49.000000" />
  <attribute name="IntegralH" value="-49.000000" />
  <attribute name="DerivativeT" value="-0.500000" />
  <attribute name="DerivativeI" value="-0.500000" />
  <attribute name="DerivativeH" value="-0.500000" />
  <attribute name="Loop Time for DT" value="14.000000" />
  <attribute name="Output H" value="2092630016"/>
  <attribute name="Output I" value="200"/>
  <attribute name="Output T" value="4"/>
  <attribute name="Target GC Util Change" value ="20.000000" />
  <attribute name="Current GC Util Change" value="13.000000"/>
  <attribute name="GC Util currently" value="13" />
  <attribute name="CPU Util currently" value="325448962006" />
<allocation-satisfied id="3801" threadId="0000000002213700" bytesRequested="32" />
<af-end id="3802" timestamp="2019-06-16T21:31:01.157" threadId="0000000002214088" success="true" from="nursery"/>
<exclusive-end id="3803" timestamp="2019-06-16T21:31:01.157" durationms="1.264" />

<exclusive-start id="3804" timestamp="2019-06-16T21:31:01.187" intervalms="31.901">
  <response-info timems="0.070" idlems="0.070" threads="0" lastid="0000000002213700" lastname="main" />
</exclusive-start>
<af-start id="3805" threadId="0000000002214088" totalBytesRequested="32" timestamp="2019-06-16T21:31:01.187" intervalms="31.935" type="nursery" />
<cycle-start id="3806" type="scavenge" contextid="0" timestamp="2019-06-16T21:31:01.188" intervalms="31.950" />
<gc-start id="3807" type="scavenge" contextid="3806" timestamp="2019-06-16T21:31:01.188">
  <mem-info id="3808" free="2045275624" total="2092630016" percent="97">
    <mem type="nursery" free="0" total="3932160" percent="0">
      <mem type="allocate" free="0" total="3407872" percent="0" />
      <mem type="survivor" free="0" total="524288" percent="0" />
    </mem>
    <mem type="tenure" free="2045275624" total="2088697856" percent="97">
      <mem type="soa" free="1919954408" total="1963376640" percent="97" />
      <mem type="loa" free="125321216" total="125321216" percent="100" />
    </mem>
    <remembered-set count="105" />
  </mem-info>
</gc-start>
<allocation-stats totalBytes="3329432" >
  <allocated-bytes non-tlh="32" tlh="3329400" />
  <largest-consumer threadName="main" threadId="0000000002213700" bytes="3329432" />
</allocation-stats>
<gc-op id="3809" type="scavenge" timems="0.255" contextid="3806" timestamp="2019-06-16T21:31:01.188">
  <scavenger-info tenureage="14" tenuremask="4000" tiltratio="86" />
  <memory-copied type="nursery" objects="27" bytes="1336" bytesdiscarded="116168" />
  <references type="weak" candidates="2" cleared="0" enqueued="0" />
</gc-op>
<gc-end id="3810" type="scavenge" contextid="3806" durationms="0.735" usertimems="0.000" systemtimems="0.000" timestamp="2019-06-16T21:31:01.188" activeThreads="4">
  <mem-info id="3811" free="2048697064" total="2092630016" percent="97">
    <mem type="nursery" free="3421440" total="3932160" percent="87">
      <mem type="allocate" free="3421440" total="3538944" percent="96" />
      <mem type="survivor" free="0" total="393216" percent="0" />
    </mem>
    <mem type="tenure" free="2045275624" total="2088697856" percent="97" macro-fragmented="2592282">
      <mem type="soa" free="1919954408" total="1963376640" percent="97" />
      <mem type="loa" free="125321216" total="125321216" percent="100" />
    </mem>
    <remembered-set count="105" />
  </mem-info>
</gc-end>
<cycle-end id="3812" type="scavenge" contextid="3806" timestamp="2019-06-16T21:31:01.189" />
  <attribute name="elasticGC enabled" value="1" />
  <attribute name= "numThreadsSpecified" value="4" />
  <attribute name="heapSize specified" value="9371648" />
  <attribute name="Current GC Util" value="2" />
  <attribute name= "Current Time Running" value="47154" />
  <attribute name ="GC Interval" value="200" />
  <attribute name="ProportionalT" value="-9.000000" />
  <attribute name="ProportionalI" value="-9.000000" />
  <attribute name="ProportionalH" value="-9.000000" />
  <attribute name="Current Error" value="-18.000000" />
  <attribute name="IntegralT" value="-288.000000" />
  <attribute name="IntegralI" value="-288.000000" />
  <attribute name="IntegralH" value="-288.000000" />
  <attribute name="DerivativeT" value="-0.562500" />
  <attribute name="DerivativeI" value="-0.562500" />
  <attribute name="DerivativeH" value="-0.562500" />
  <attribute name="Loop Time for DT" value="32.000000" />
  <attribute name="Output H" value="2092630016"/>
  <attribute name="Output I" value="200"/>
  <attribute name="Output T" value="4"/>
  <attribute name="Target GC Util Change" value ="20.000000" />
  <attribute name="Current GC Util Change" value="2.000000"/>
  <attribute name="GC Util currently" value="2" />
  <attribute name="CPU Util currently" value="144010077987" />
<allocation-satisfied id="3813" threadId="0000000002213700" bytesRequested="32" />
<af-end id="3814" timestamp="2019-06-16T21:31:01.189" threadId="0000000002214088" success="true" from="nursery"/>
<exclusive-end id="3815" timestamp="2019-06-16T21:31:01.189" durationms="1.514" />

<exclusive-start id="3816" timestamp="2019-06-16T21:31:01.221" intervalms="33.722">
  <response-info timems="0.124" idlems="0.124" threads="0" lastid="0000000002213700" lastname="main" />
</exclusive-start>
<af-start id="3817" threadId="0000000002214088" totalBytesRequested="32" timestamp="2019-06-16T21:31:01.221" intervalms="33.731" type="nursery" />
<cycle-start id="3818" type="scavenge" contextid="0" timestamp="2019-06-16T21:31:01.221" intervalms="33.743" />
<gc-start id="3819" type="scavenge" contextid="3818" timestamp="2019-06-16T21:31:01.221">
  <mem-info id="3820" free="2045275624" total="2092630016" percent="97">
    <mem type="nursery" free="0" total="3932160" percent="0">
      <mem type="allocate" free="0" total="3538944" percent="0" />
      <mem type="survivor" free="0" total="393216" percent="0" />
    </mem>
    <mem type="tenure" free="2045275624" total="2088697856" percent="97">
      <mem type="soa" free="1919954408" total="1963376640" percent="97" />
      <mem type="loa" free="125321216" total="125321216" percent="100" />
    </mem>
    <remembered-set count="105" />
  </mem-info>
</gc-start>
<allocation-stats totalBytes="3421144" >
  <allocated-bytes non-tlh="32" tlh="3421112" />
  <largest-consumer threadName="main" threadId="0000000002213700" bytes="3421144" />
</allocation-stats>
<gc-op id="3821" type="scavenge" timems="0.259" contextid="3818" timestamp="2019-06-16T21:31:01.222">
  <scavenger-info tenureage="14" tenuremask="4000" tiltratio="90" />
  <memory-copied type="nursery" objects="28" bytes="1360" bytesdiscarded="146864" />
  <references type="weak" candidates="2" cleared="0" enqueued="0" />
</gc-op>
<gc-end id="3822" type="scavenge" contextid="3818" durationms="0.802" usertimems="4.000" systemtimems="0.000" timestamp="2019-06-16T21:31:01.222" activeThreads="4">
  <mem-info id="3823" free="2048666344" total="2092630016" percent="97">
    <mem type="nursery" free="3390720" total="3932160" percent="86">
      <mem type="allocate" free="3390720" total="3538944" percent="95" />
      <mem type="survivor" free="0" total="393216" percent="0" />
    </mem>
    <mem type="tenure" free="2045275624" total="2088697856" percent="97" macro-fragmented="400016">
      <mem type="soa" free="1919954408" total="1963376640" percent="97" />
      <mem type="loa" free="125321216" total="125321216" percent="100" />
    </mem>
    <remembered-set count="99" />
  </mem-info>
</gc-end>
<cycle-end id="3824" type="scavenge" contextid="3818" timestamp="2019-06-16T21:31:01.222" />
  <attribute name="elasticGC enabled" value="1" />
  <attribute name= "numThreadsSpecified" value="4" />
  <attribute name="heapSize specified" value="9371648" />
  <attribute name="Current GC Util" value="2" />
  <attribute name= "Current Time Running" value="47188" />
  <attribute name ="GC Interval" value="200" />
  <attribute name="ProportionalT" value="-9.000000" />
  <attribute name="ProportionalI" value="-9.000000" />
  <attribute name="ProportionalH" value="-9.000000" />
  <attribute name="Current Error" value="-18.000000" />
  <attribute name="IntegralT" value="-306.000000" />
  <attribute name="IntegralI" value="-306.000000" />
  <attribute name="IntegralH" value="-306.000000" />
  <attribute name="DerivativeT" value="-0.529412" />
  <attribute name="DerivativeI" value="-0.529412" />
  <attribute name="DerivativeH" value="-0.529412" />
  <attribute name="Loop Time for DT" value="34.000000" />
  <attribute name="Output H" value="2092630016"/>
  <attribute name="Output I" value="200"/>
  <attribute name="Output T" value="4"/>
  <attribute name="Target GC Util Change" value ="20.000000" />
  <attribute name="Current GC Util Change" value="2.000000"/>
  <attribute name="GC Util currently" value="2" />
  <attribute name="CPU Util currently" value="136582411254" />
<allocation-satisfied id="3825" threadId="0000000002213700" bytesRequested="32" />
<af-end id="3826" timestamp="2019-06-16T21:31:01.223" threadId="0000000002214088" success="true" from="nursery"/>
<exclusive-end id="3827" timestamp="2019-06-16T21:31:01.223" durationms="1.700" />

<exclusive-start id="3828" timestamp="2019-06-16T21:31:01.255" intervalms="33.532">
  <response-info timems="0.122" idlems="0.122" threads="0" lastid="0000000002213700" lastname="main" />
</exclusive-start>
<af-start id="3829" threadId="0000000002214088" totalBytesRequested="32" timestamp="2019-06-16T21:31:01.255" intervalms="33.522" type="nursery" />
<cycle-start id="3830" type="scavenge" contextid="0" timestamp="2019-06-16T21:31:01.255" intervalms="33.526" />
<gc-start id="3831" type="scavenge" contextid="3830" timestamp="2019-06-16T21:31:01.255">
  <mem-info id="3832" free="2045275624" total="2092630016" percent="97">
    <mem type="nursery" free="0" total="3932160" percent="0">
      <mem type="allocate" free="0" total="3538944" percent="0" />
      <mem type="survivor" free="0" total="393216" percent="0" />
    </mem>
    <mem type="tenure" free="2045275624" total="2088697856" percent="97">
      <mem type="soa" free="1919954408" total="1963376640" percent="97" />
      <mem type="loa" free="125321216" total="125321216" percent="100" />
    </mem>
    <remembered-set count="99" />
  </mem-info>
</gc-start>
<allocation-stats totalBytes="3390248" >
  <allocated-bytes non-tlh="32" tlh="3390216" />
  <largest-consumer threadName="main" threadId="0000000002213700" bytes="3390248" />
</allocation-stats>
<gc-op id="3833" type="scavenge" timems="0.237" contextid="3830" timestamp="2019-06-16T21:31:01.255">
  <scavenger-info tenureage="14" tenuremask="4000" tiltratio="90" />
  <memory-copied type="nursery" objects="28" bytes="1360" bytesdiscarded="116144" />
  <references type="weak" candidates="2" cleared="0" enqueued="0" />
</gc-op>
<gc-end id="3834" type="scavenge" contextid="3830" durationms="0.782" usertimems="0.000" systemtimems="0.000" timestamp="2019-06-16T21:31:01.256" activeThreads="4">
  <mem-info id="3835" free="2048697064" total="2092630016" percent="97">
    <mem type="nursery" free="3421440" total="3932160" percent="87">
      <mem type="allocate" free="3421440" total="3538944" percent="96" />
      <mem type="survivor" free="0" total="393216" percent="0" />
    </mem>
    <mem type="tenure" free="2045275624" total="2088697856" percent="97" macro-fragmented="3732887">
      <mem type="soa" free="1919954408" total="1963376640" percent="97" />
      <mem type="loa" free="125321216" total="125321216" percent="100" />
    </mem>
    <remembered-set count="99" />
  </mem-info>
</gc-end>
<cycle-end id="3836" type="scavenge" contextid="3830" timestamp="2019-06-16T21:31:01.256" />
  <attribute name="elasticGC enabled" value="1" />
  <attribute name= "numThreadsSpecified" value="4" />
  <attribute name="heapSize specified" value="9371648" />
  <attribute name="Current GC Util" value="2" />
  <attribute name= "Current Time Running" value="47221" />
  <attribute name ="GC Interval" value="200" />
  <attribute name="ProportionalT" value="-9.000000" />
  <attribute name="ProportionalI" value="-9.000000" />
  <attribute name="ProportionalH" value="-9.000000" />
  <attribute name="Current Error" value="-18.000000" />
  <attribute name="IntegralT" value="-297.000000" />
  <attribute name="IntegralI" value="-297.000000" />
  <attribute name="IntegralH" value="-297.000000" />
  <attribute name="DerivativeT" value="-0.545455" />
  <attribute name="DerivativeI" value="-0.545455" />
  <attribute name="DerivativeH" value="-0.545455" />
  <attribute name="Loop Time for DT" value="33.000000" />
  <attribute name="Output H" value="2092630016"/>
  <attribute name="Output I" value="200"/>
  <attribute name="Output T" value="4"/>
  <attribute name="Target GC Util Change" value ="20.000000" />
  <attribute name="Current GC Util Change" value="2.000000"/>
  <attribute name="GC Util currently" value="2" />
  <attribute name="CPU Util currently" value="137587888888" />
<allocation-satisfied id="3837" threadId="0000000002213700" bytesRequested="32" />
<af-end id="3838" timestamp="2019-06-16T21:31:01.256" threadId="0000000002214088" success="true" from="nursery"/>
<exclusive-end id="3839" timestamp="2019-06-16T21:31:01.256" durationms="1.673" />

<exclusive-start id="3840" timestamp="2019-06-16T21:31:01.289" intervalms="34.255">
  <response-info timems="0.098" idlems="0.098" threads="0" lastid="0000000002213700" lastname="main" />
</exclusive-start>
<af-start id="3841" threadId="0000000002214088" totalBytesRequested="32" timestamp="2019-06-16T21:31:01.289" intervalms="34.267" type="nursery" />
<cycle-start id="3842" type="scavenge" contextid="0" timestamp="2019-06-16T21:31:01.289" intervalms="34.304" />
<gc-start id="3843" type="scavenge" contextid="3842" timestamp="2019-06-16T21:31:01.289">
  <mem-info id="3844" free="2045275624" total="2092630016" percent="97">
    <mem type="nursery" free="0" total="3932160" percent="0">
      <mem type="allocate" free="0" total="3538944" percent="0" />
      <mem type="survivor" free="0" total="393216" percent="0" />
    </mem>
    <mem type="tenure" free="2045275624" total="2088697856" percent="97">
      <mem type="soa" free="1919954408" total="1963376640" percent="97" />
      <mem type="loa" free="125321216" total="125321216" percent="100" />
    </mem>
    <remembered-set count="99" />
  </mem-info>
</gc-start>
<allocation-stats totalBytes="3420920" >
  <allocated-bytes non-tlh="32" tlh="3420888" />
  <largest-consumer threadName="main" threadId="0000000002213700" bytes="3420920" />
</allocation-stats>
<gc-op id="3845" type="scavenge" timems="0.323" contextid="3842" timestamp="2019-06-16T21:31:01.290">
  <scavenger-info tenureage="14" tenuremask="4000" tiltratio="90" />
  <memory-copied type="nursery" objects="28" bytes="1360" bytesdiscarded="116144" />
  <references type="weak" candidates="2" cleared="0" enqueued="0" />
</gc-op>
<gc-end id="3846" type="scavenge" contextid="3842" durationms="0.816" usertimems="0.000" systemtimems="0.000" timestamp="2019-06-16T21:31:01.290" activeThreads="4">
  <mem-info id="3847" free="2048697064" total="2092630016" percent="97">
    <mem type="nursery" free="3421440" total="3932160" percent="87">
      <mem type="allocate" free="3421440" total="3538944" percent="96" />
      <mem type="survivor" free="0" total="393216" percent="0" />
    </mem>
    <mem type="tenure" free="2045275624" total="2088697856" percent="97" macro-fragmented="2592282">
      <mem type="soa" free="1919954408" total="1963376640" percent="97" />
      <mem type="loa" free="125321216" total="125321216" percent="100" />
    </mem>
    <remembered-set count="99" />
  </mem-info>
</gc-end>
<cycle-end id="3848" type="scavenge" contextid="3842" timestamp="2019-06-16T21:31:01.290" />
  <attribute name="elasticGC enabled" value="1" />
  <attribute name= "numThreadsSpecified" value="4" />
  <attribute name="heapSize specified" value="9371648" />
  <attribute name="Current GC Util" value="2" />
  <attribute name= "Current Time Running" value="47255" />
  <attribute name ="GC Interval" value="200" />
  <attribute name="ProportionalT" value="-9.000000" />
  <attribute name="ProportionalI" value="-9.000000" />
  <attribute name="ProportionalH" value="-9.000000" />
  <attribute name="Current Error" value="-18.000000" />
  <attribute name="IntegralT" value="-306.000000" />
  <attribute name="IntegralI" value="-306.000000" />
  <attribute name="IntegralH" value="-306.000000" />
  <attribute name="DerivativeT" value="-0.529412" />
  <attribute name="DerivativeI" value="-0.529412" />
  <attribute name="DerivativeH" value="-0.529412" />
  <attribute name="Loop Time for DT" value="34.000000" />
  <attribute name="Output H" value="2092630016"/>
  <attribute name="Output I" value="200"/>
  <attribute name="Output T" value="4"/>
  <attribute name="Target GC Util Change" value ="20.000000" />
  <attribute name="Current GC Util Change" value="2.000000"/>
  <attribute name="GC Util currently" value="2" />
  <attribute name="CPU Util currently" value="134406693636" />
<allocation-satisfied id="3849" threadId="0000000002213700" bytesRequested="32" />
<af-end id="3850" timestamp="2019-06-16T21:31:01.290" threadId="0000000002214088" success="true" from="nursery"/>
<exclusive-end id="3851" timestamp="2019-06-16T21:31:01.290" durationms="1.596" />

<exclusive-start id="3852" timestamp="2019-06-16T21:31:01.322" intervalms="33.531">
  <response-info timems="0.080" idlems="0.080" threads="0" lastid="0000000002213700" lastname="main" />
</exclusive-start>
<af-start id="3853" threadId="0000000002214088" totalBytesRequested="32" timestamp="2019-06-16T21:31:01.322" intervalms="33.517" type="nursery" />
<cycle-start id="3854" type="scavenge" contextid="0" timestamp="2019-06-16T21:31:01.323" intervalms="33.478" />
<gc-start id="3855" type="scavenge" contextid="3854" timestamp="2019-06-16T21:31:01.323">
  <mem-info id="3856" free="2045275624" total="2092630016" percent="97">
    <mem type="nursery" free="0" total="3932160" percent="0">
      <mem type="allocate" free="0" total="3538944" percent="0" />
      <mem type="survivor" free="0" total="393216" percent="0" />
    </mem>
    <mem type="tenure" free="2045275624" total="2088697856" percent="97">
      <mem type="soa" free="1919954408" total="1963376640" percent="97" />
      <mem type="loa" free="125321216" total="125321216" percent="100" />
    </mem>
    <remembered-set count="99" />
  </mem-info>
</gc-start>
<allocation-stats totalBytes="3421016" >
  <allocated-bytes non-tlh="32" tlh="3420984" />
  <largest-consumer threadName="main" threadId="0000000002213700" bytes="3421016" />
</allocation-stats>
<gc-op id="3857" type="scavenge" timems="0.267" contextid="3854" timestamp="2019-06-16T21:31:01.323">
  <scavenger-info tenureage="3" tenuremask="fff8" tiltratio="90" />
  <memory-copied type="nursery" objects="1" bytes="24" bytesdiscarded="69864" />
  <memory-copied type="tenure" objects="27" bytes="1336" bytesdiscarded="0" />
</gc-op>
<gc-end id="3858" type="scavenge" contextid="3854" durationms="0.757" usertimems="4.000" systemtimems="0.000" timestamp="2019-06-16T21:31:01.324" activeThreads="4">
  <mem-info id="3859" free="2048744680" total="2092630016" percent="97">
    <mem type="nursery" free="3469056" total="3932160" percent="88">
      <mem type="allocate" free="3469056" total="3538944" percent="98" />
      <mem type="survivor" free="0" total="393216" percent="0" />
    </mem>
    <mem type="tenure" free="2045275624" total="2088697856" percent="97" macro-fragmented="2160235">
      <mem type="soa" free="1919954408" total="1963376640" percent="97" />
      <mem type="loa" free="125321216" total="125321216" percent="100" />
    </mem>
    <remembered-set count="98" />
  </mem-info>
</gc-end>
<cycle-end id="3860" type="scavenge" contextid="3854" timestamp="2019-06-16T21:31:01.324" />
  <attribute name="elasticGC enabled" value="1" />
  <attribute name= "numThreadsSpecified" value="4" />
  <attribute name="heapSize specified" value="9371648" />
  <attribute name="Current GC Util" value="2" />
  <attribute name= "Current Time Running" value="47289" />
  <attribute name ="GC Interval" value="200" />
  <attribute name="ProportionalT" value="-9.000000" />
  <attribute name="ProportionalI" value="-9.000000" />
  <attribute name="ProportionalH" value="-9.000000" />
  <attribute name="Current Error" value="-18.000000" />
  <attribute name="IntegralT" value="-306.000000" />
  <attribute name="IntegralI" value="-306.000000" />
  <attribute name="IntegralH" value="-306.000000" />
  <attribute name="DerivativeT" value="-0.529412" />
  <attribute name="DerivativeI" value="-0.529412" />
  <attribute name="DerivativeH" value="-0.529412" />
  <attribute name="Loop Time for DT" value="34.000000" />
  <attribute name="Output H" value="2092630016"/>
  <attribute name="Output I" value="200"/>
  <attribute name="Output T" value="4"/>
  <attribute name="Target GC Util Change" value ="20.000000" />
  <attribute name="Current GC Util Change" value="2.000000"/>
  <attribute name="GC Util currently" value="2" />
  <attribute name="CPU Util currently" value="137813645465" />
<allocation-satisfied id="3861" threadId="0000000002213700" bytesRequested="32" />
<af-end id="3862" timestamp="2019-06-16T21:31:01.324" threadId="0000000002214088" success="true" from="nursery"/>
<exclusive-end id="3863" timestamp="2019-06-16T21:31:01.324" durationms="1.576" />

<exclusive-start id="3864" timestamp="2019-06-16T21:31:02.227" intervalms="904.830">
  <response-info timems="0.086" idlems="0.086" threads="0" lastid="0000000002213700" lastname="main" />
</exclusive-start>
<af-start id="3865" threadId="0000000002214088" totalBytesRequested="1168" timestamp="2019-06-16T21:31:02.227" intervalms="904.858" type="nursery" />
<cycle-start id="3866" type="scavenge" contextid="0" timestamp="2019-06-16T21:31:02.227" intervalms="904.869" />
<gc-start id="3867" type="scavenge" contextid="3866" timestamp="2019-06-16T21:31:02.228">
  <mem-info id="3868" free="2045275560" total="2092630016" percent="97">
    <mem type="nursery" free="0" total="3932160" percent="0">
      <mem type="allocate" free="0" total="3538944" percent="0" />
      <mem type="survivor" free="0" total="393216" percent="0" />
    </mem>
    <mem type="tenure" free="2045275560" total="2088697856" percent="97">
      <mem type="soa" free="1919954344" total="1963376640" percent="97" />
      <mem type="loa" free="125321216" total="125321216" percent="100" />
    </mem>
    <remembered-set count="119" />
  </mem-info>
</gc-start>
<allocation-stats totalBytes="3461400" >
  <allocated-bytes non-tlh="96" tlh="3461304" />
  <largest-consumer threadName="main" threadId="0000000002213700" bytes="3461400" />
</allocation-stats>
<gc-op id="3869" type="scavenge" timems="0.247" contextid="3866" timestamp="2019-06-16T21:31:02.228">
  <scavenger-info tenureage="3" tenuremask="fed8" tiltratio="90" />
  <memory-copied type="nursery" objects="81" bytes="3168" bytesdiscarded="75168" />
</gc-op>
<gc-end id="3870" type="scavenge" contextid="3866" durationms="0.627" usertimems="4.000" systemtimems="0.000" timestamp="2019-06-16T21:31:02.228" activeThreads="4">
  <mem-info id="3871" free="2048736168" total="2092630016" percent="97">
    <mem type="nursery" free="3460608" total="3932160" percent="88">
      <mem type="allocate" free="3460608" total="3538944" percent="97" />
      <mem type="survivor" free="0" total="393216" percent="0" />
    </mem>
    <mem type="tenure" free="2045275560" total="2088697856" percent="97" macro-fragmented="1800196">
      <mem type="soa" free="1919954344" total="1963376640" percent="97" />
      <mem type="loa" free="125321216" total="125321216" percent="100" />
    </mem>
    <remembered-set count="119" />
  </mem-info>
</gc-end>
<cycle-end id="3872" type="scavenge" contextid="3866" timestamp="2019-06-16T21:31:02.228" />
  <attribute name="elasticGC enabled" value="1" />
  <attribute name= "numThreadsSpecified" value="4" />
  <attribute name="heapSize specified" value="9371648" />
  <attribute name="Current GC Util" value="0" />
  <attribute name= "Current Time Running" value="48194" />
  <attribute name ="GC Interval" value="200" />
  <attribute name="ProportionalT" value="-10.000000" />
  <attribute name="ProportionalI" value="-10.000000" />
  <attribute name="ProportionalH" value="-10.000000" />
  <attribute name="Current Error" value="-20.000000" />
  <attribute name="IntegralT" value="-9050.000000" />
  <attribute name="IntegralI" value="-9050.000000" />
  <attribute name="IntegralH" value="-9050.000000" />
  <attribute name="DerivativeT" value="-0.022099" />
  <attribute name="DerivativeI" value="-0.022099" />
  <attribute name="DerivativeH" value="-0.022099" />
  <attribute name="Loop Time for DT" value="905.000000" />
  <attribute name="Output H" value="2092630016"/>
  <attribute name="Output I" value="200"/>
  <attribute name="Output T" value="4"/>
  <attribute name="Target GC Util Change" value ="20.000000" />
  <attribute name="Current GC Util Change" value="0.000000"/>
  <attribute name="GC Util currently" value="0" />
  <attribute name="CPU Util currently" value="32" />
<allocation-satisfied id="3873" threadId="0000000002213700" bytesRequested="1168" />
<af-end id="3874" timestamp="2019-06-16T21:31:02.229" threadId="0000000002214088" success="true" from="nursery"/>
<exclusive-end id="3875" timestamp="2019-06-16T21:31:02.229" durationms="1.474" />

<exclusive-start id="3876" timestamp="2019-06-16T21:31:02.230" intervalms="3.259">
  <response-info timems="0.062" idlems="0.062" threads="0" lastid="0000000002213700" lastname="main" />
</exclusive-start>
<af-start id="3877" threadId="0000000002214088" totalBytesRequested="1168" timestamp="2019-06-16T21:31:02.230" intervalms="3.131" type="nursery" />
<cycle-start id="3878" type="scavenge" contextid="0" timestamp="2019-06-16T21:31:02.231" intervalms="3.060" />
<gc-start id="3879" type="scavenge" contextid="3878" timestamp="2019-06-16T21:31:02.231">
  <mem-info id="3880" free="2045275560" total="2092630016" percent="97">
    <mem type="nursery" free="0" total="3932160" percent="0">
      <mem type="allocate" free="0" total="3538944" percent="0" />
      <mem type="survivor" free="0" total="393216" percent="0" />
    </mem>
    <mem type="tenure" free="2045275560" total="2088697856" percent="97">
      <mem type="soa" free="1919954344" total="1963376640" percent="97" />
      <mem type="loa" free="125321216" total="125321216" percent="100" />
    </mem>
    <remembered-set count="119" />
  </mem-info>
</gc-start>
<allocation-stats totalBytes="3444672" >
  <allocated-bytes non-tlh="1168" tlh="3443504" />
  <largest-consumer threadName="main" threadId="0000000002213700" bytes="3444672" />
</allocation-stats>
<gc-op id="3881" type="scavenge" timems="0.195" contextid="3878" timestamp="2019-06-16T21:31:02.231">
  <scavenger-info tenureage="3" tenuremask="fff8" tiltratio="90" />
  <memory-copied type="nursery" objects="81" bytes="3168" bytesdiscarded="75168" />
</gc-op>
<gc-end id="3882" type="scavenge" contextid="3878" durationms="0.552" usertimems="0.000" systemtimems="0.000" timestamp="2019-06-16T21:31:02.231" activeThreads="4">
  <mem-info id="3883" free="2048736168" total="2092630016" percent="97">
    <mem type="nursery" free="3460608" total="3932160" percent="88">
      <mem type="allocate" free="3460608" total="3538944" percent="97" />
      <mem type="survivor" free="0" total="393216" percent="0" />
    </mem>
    <mem type="tenure" free="2045275560" total="2088697856" percent="97" macro-fragmented="2160235">
      <mem type="soa" free="1919954344" total="1963376640" percent="97" />
      <mem type="loa" free="125321216" total="125321216" percent="100" />
    </mem>
    <remembered-set count="113" />
  </mem-info>
</gc-end>
<cycle-end id="3884" type="scavenge" contextid="3878" timestamp="2019-06-16T21:31:02.231" />
  <attribute name="elasticGC enabled" value="1" />
  <attribute name= "numThreadsSpecified" value="4" />
  <attribute name="heapSize specified" value="9371648" />
  <attribute name="Current GC Util" value="28" />
  <attribute name= "Current Time Running" value="48197" />
  <attribute name ="GC Interval" value="200" />
  <attribute name="ProportionalT" value="4.000000" />
  <attribute name="ProportionalI" value="4.000000" />
  <attribute name="ProportionalH" value="4.000000" />
  <attribute name="Current Error" value="8.000000" />
  <attribute name="IntegralT" value="12.000000" />
  <attribute name="IntegralI" value="12.000000" />
  <attribute name="IntegralH" value="12.000000" />
  <attribute name="DerivativeT" value="2.666667" />
  <attribute name="DerivativeI" value="2.666667" />
  <attribute name="DerivativeH" value="2.666667" />
  <attribute name="Loop Time for DT" value="3.000000" />
  <attribute name="Output H" value="8388608"/>
  <attribute name="Output I" value="200"/>
  <attribute name="Output T" value="4"/>
  <attribute name="Target GC Util Change" value ="20.000000" />
  <attribute name="Current GC Util Change" value="28.000000"/>
  <attribute name="GC Util currently" value="28" />
  <attribute name="CPU Util currently" value="1558614939487" />
<allocation-satisfied id="3885" threadId="0000000002213700" bytesRequested="1168" />
<af-end id="3886" timestamp="2019-06-16T21:31:02.231" threadId="0000000002214088" success="true" from="nursery"/>
<exclusive-end id="3887" timestamp="2019-06-16T21:31:02.231" durationms="1.019" />

<exclusive-start id="3888" timestamp="2019-06-16T21:31:02.233" intervalms="2.546">
  <response-info timems="0.033" idlems="0.033" threads="0" lastid="0000000002213700" lastname="main" />
</exclusive-start>
<af-start id="3889" threadId="0000000002214088" totalBytesRequested="1168" timestamp="2019-06-16T21:31:02.233" intervalms="2.551" type="nursery" />
<cycle-start id="3890" type="scavenge" contextid="0" timestamp="2019-06-16T21:31:02.233" intervalms="2.555" />
<gc-start id="3891" type="scavenge" contextid="3890" timestamp="2019-06-16T21:31:02.233">
  <mem-info id="3892" free="2045275560" total="2092630016" percent="97">
    <mem type="nursery" free="0" total="3932160" percent="0">
      <mem type="allocate" free="0" total="3538944" percent="0" />
      <mem type="survivor" free="0" total="393216" percent="0" />
    </mem>
    <mem type="tenure" free="2045275560" total="2088697856" percent="97">
      <mem type="soa" free="1919954344" total="1963376640" percent="97" />
      <mem type="loa" free="125321216" total="125321216" percent="100" />
    </mem>
    <remembered-set count="113" />
  </mem-info>
</gc-start>
<allocation-stats totalBytes="3443440" >
  <allocated-bytes non-tlh="1168" tlh="3442272" />
  <largest-consumer threadName="main" threadId="0000000002213700" bytes="3443440" />
</allocation-stats>
<gc-op id="3893" type="scavenge" timems="0.199" contextid="3890" timestamp="2019-06-16T21:31:02.233">
  <scavenger-info tenureage="3" tenuremask="fff8" tiltratio="90" />
  <memory-copied type="nursery" objects="81" bytes="3168" bytesdiscarded="75168" />
</gc-op>
<gc-end id="3894" type="scavenge" contextid="3890" durationms="0.558" usertimems="4.000" systemtimems="0.000" timestamp="2019-06-16T21:31:02.234" activeThreads="4">
  <mem-info id="3895" free="2048736168" total="2092630016" percent="97">
    <mem type="nursery" free="3460608" total="3932160" percent="88">
      <mem type="allocate" free="3460608" total="3538944" percent="97" />
      <mem type="survivor" free="0" total="393216" percent="0" />
    </mem>
    <mem type="tenure" free="2045275560" total="2088697856" percent="97" macro-fragmented="1800196">
      <mem type="soa" free="1919954344" total="1963376640" percent="97" />
      <mem type="loa" free="125321216" total="125321216" percent="100" />
    </mem>
    <remembered-set count="112" />
  </mem-info>
</gc-end>
<cycle-end id="3896" type="scavenge" contextid="3890" timestamp="2019-06-16T21:31:02.234" />
  <attribute name="elasticGC enabled" value="1" />
  <attribute name= "numThreadsSpecified" value="4" />
  <attribute name="heapSize specified" value="9371648" />
  <attribute name="Current GC Util" value="28" />
  <attribute name= "Current Time Running" value="48199" />
  <attribute name ="GC Interval" value="200" />
  <attribute name="ProportionalT" value="4.000000" />
  <attribute name="ProportionalI" value="4.000000" />
  <attribute name="ProportionalH" value="4.000000" />
  <attribute name="Current Error" value="8.000000" />
  <attribute name="IntegralT" value="8.000000" />
  <attribute name="IntegralI" value="8.000000" />
  <attribute name="IntegralH" value="8.000000" />
  <attribute name="DerivativeT" value="0.000000" />
  <attribute name="DerivativeI" value="0.000000" />
  <attribute name="DerivativeH" value="0.000000" />
  <attribute name="Loop Time for DT" value="2.000000" />
  <attribute name="Output H" value="8388608"/>
  <attribute name="Output I" value="200"/>
  <attribute name="Output T" value="4"/>
  <attribute name="Target GC Util Change" value ="20.000000" />
  <attribute name="Current GC Util Change" value="28.000000"/>
  <attribute name="GC Util currently" value="28" />
  <attribute name="CPU Util currently" value="1805452741866" />
<allocation-satisfied id="3897" threadId="0000000002213700" bytesRequested="1168" />
<af-end id="3898" timestamp="2019-06-16T21:31:02.234" threadId="0000000002214088" success="true" from="nursery"/>
<exclusive-end id="3899" timestamp="2019-06-16T21:31:02.234" durationms="1.030" />

<exclusive-start id="3900" timestamp="2019-06-16T21:31:02.236" intervalms="2.551">
  <response-info timems="0.054" idlems="0.054" threads="0" lastid="0000000002213700" lastname="main" />
</exclusive-start>
<af-start id="3901" threadId="0000000002214088" totalBytesRequested="1168" timestamp="2019-06-16T21:31:02.236" intervalms="2.544" type="nursery" />
<cycle-start id="3902" type="scavenge" contextid="0" timestamp="2019-06-16T21:31:02.236" intervalms="2.535" />
<gc-start id="3903" type="scavenge" contextid="3902" timestamp="2019-06-16T21:31:02.236">
  <mem-info id="3904" free="2045275560" total="2092630016" percent="97">
    <mem type="nursery" free="0" total="3932160" percent="0">
      <mem type="allocate" free="0" total="3538944" percent="0" />
      <mem type="survivor" free="0" total="393216" percent="0" />
    </mem>
    <mem type="tenure" free="2045275560" total="2088697856" percent="97">
      <mem type="soa" free="1919954344" total="1963376640" percent="97" />
      <mem type="loa" free="125321216" total="125321216" percent="100" />
    </mem>
    <remembered-set count="112" />
  </mem-info>
</gc-start>
<allocation-stats totalBytes="3444672" >
  <allocated-bytes non-tlh="1168" tlh="3443504" />
  <largest-consumer threadName="main" threadId="0000000002213700" bytes="3444672" />
</allocation-stats>
<gc-op id="3905" type="scavenge" timems="0.198" contextid="3902" timestamp="2019-06-16T21:31:02.236">
  <scavenger-info tenureage="3" tenuremask="fff8" tiltratio="90" />
  <memory-copied type="nursery" objects="1" bytes="32" bytesdiscarded="39136" />
  <memory-copied type="tenure" objects="80" bytes="3136" bytesdiscarded="0" />
</gc-op>
<gc-end id="3906" type="scavenge" contextid="3902" durationms="0.554" usertimems="0.000" systemtimems="0.000" timestamp="2019-06-16T21:31:02.236" activeThreads="4">
  <mem-info id="3907" free="2048775336" total="2092630016" percent="97">
    <mem type="nursery" free="3499776" total="3932160" percent="89">
      <mem type="allocate" free="3499776" total="3538944" percent="98" />
      <mem type="survivor" free="0" total="393216" percent="0" />
    </mem>
    <mem type="tenure" free="2045275560" total="2088697856" percent="97" macro-fragmented="116842">
      <mem type="soa" free="1919954344" total="1963376640" percent="97" />
      <mem type="loa" free="125321216" total="125321216" percent="100" />
    </mem>
    <remembered-set count="101" />
  </mem-info>
</gc-end>
<cycle-end id="3908" type="scavenge" contextid="3902" timestamp="2019-06-16T21:31:02.236" />
  <attribute name="elasticGC enabled" value="1" />
  <attribute name= "numThreadsSpecified" value="4" />
  <attribute name="heapSize specified" value="9371648" />
  <attribute name="Current GC Util" value="29" />
  <attribute name= "Current Time Running" value="48202" />
  <attribute name ="GC Interval" value="200" />
  <attribute name="ProportionalT" value="4.500000" />
  <attribute name="ProportionalI" value="4.500000" />
  <attribute name="ProportionalH" value="4.500000" />
  <attribute name="Current Error" value="9.000000" />
  <attribute name="IntegralT" value="13.500000" />
  <attribute name="IntegralI" value="13.500000" />
  <attribute name="IntegralH" value="13.500000" />
  <attribute name="DerivativeT" value="0.333333" />
  <attribute name="DerivativeI" value="0.333333" />
  <attribute name="DerivativeH" value="0.333333" />
  <attribute name="Loop Time for DT" value="3.000000" />
  <attribute name="Output H" value="8388608"/>
  <attribute name="Output I" value="200"/>
  <attribute name="Output T" value="4"/>
  <attribute name="Target GC Util Change" value ="20.000000" />
  <attribute name="Current GC Util Change" value="29.000000"/>
  <attribute name="GC Util currently" value="29" />
  <attribute name="CPU Util currently" value="1825706041632" />
<allocation-satisfied id="3909" threadId="0000000002213700" bytesRequested="1168" />
<af-end id="3910" timestamp="2019-06-16T21:31:02.237" threadId="0000000002214088" success="true" from="nursery"/>
<exclusive-end id="3911" timestamp="2019-06-16T21:31:02.237" durationms="1.045" />

<exclusive-start id="3912" timestamp="2019-06-16T21:31:02.238" intervalms="2.582">
  <response-info timems="0.027" idlems="0.027" threads="0" lastid="0000000002213700" lastname="main" />
</exclusive-start>
<af-start id="3913" threadId="0000000002214088" totalBytesRequested="1168" timestamp="2019-06-16T21:31:02.238" intervalms="2.586" type="nursery" />
<cycle-start id="3914" type="scavenge" contextid="0" timestamp="2019-06-16T21:31:02.238" intervalms="2.583" />
<gc-start id="3915" type="scavenge" contextid="3914" timestamp="2019-06-16T21:31:02.238">
  <mem-info id="3916" free="2045275560" total="2092630016" percent="97">
    <mem type="nursery" free="0" total="3932160" percent="0">
      <mem type="allocate" free="0" total="3538944" percent="0" />
      <mem type="survivor" free="0" total="393216" percent="0" />
    </mem>
    <mem type="tenure" free="2045275560" total="2088697856" percent="97">
      <mem type="soa" free="1919954344" total="1963376640" percent="97" />
      <mem type="loa" free="125321216" total="125321216" percent="100" />
    </mem>
    <remembered-set count="102" />
  </mem-info>
</gc-start>
<allocation-stats totalBytes="3482864" >
  <allocated-bytes non-tlh="1168" tlh="3481696" />
  <largest-consumer threadName="main" threadId="0000000002213700" bytes="3482864" />
</allocation-stats>
<gc-op id="3917" type="scavenge" timems="0.165" contextid="3914" timestamp="2019-06-16T21:31:02.239">
  <scavenger-info tenureage="3" tenuremask="ffe8" tiltratio="90" />
  <memory-copied type="nursery" objects="1" bytes="32" bytesdiscarded="39136" />
</gc-op>
<gc-end id="3918" type="scavenge" contextid="3914" durationms="0.687" usertimems="4.000" systemtimems="0.000" timestamp="2019-06-16T21:31:02.239" activeThreads="4">
  <mem-info id="3919" free="2048775336" total="2092630016" percent="97">
    <mem type="nursery" free="3499776" total="3932160" percent="89">
      <mem type="allocate" free="3499776" total="3538944" percent="98" />
      <mem type="survivor" free="0" total="393216" percent="0" />
    </mem>
    <mem type="tenure" free="2045275560" total="2088697856" percent="97" macro-fragmented="1310760">
      <mem type="soa" free="1919954344" total="1963376640" percent="97" />
      <mem type="loa" free="125321216" total="125321216" percent="100" />
    </mem>
    <remembered-set count="101" />
  </mem-info>
</gc-end>
<cycle-end id="3920" type="scavenge" contextid="3914" timestamp="2019-06-16T21:31:02.239" />
  <attribute name="elasticGC enabled" value="1" />
  <attribute name= "numThreadsSpecified" value="4" />
  <attribute name="heapSize specified" value="9371648" />
  <attribute name="Current GC Util" value="28" />
  <attribute name= "Current Time Running" value="48204" />
  <attribute name ="GC Interval" value="200" />
  <attribute name="ProportionalT" value="4.000000" />
  <attribute name="ProportionalI" value="4.000000" />
  <attribute name="ProportionalH" value="4.000000" />
  <attribute name="Current Error" value="8.000000" />
  <attribute name="IntegralT" value="8.000000" />
  <attribute name="IntegralI" value="8.000000" />
  <attribute name="IntegralH" value="8.000000" />
  <attribute name="DerivativeT" value="-0.500000" />
  <attribute name="DerivativeI" value="-0.500000" />
  <attribute name="DerivativeH" value="-0.500000" />
  <attribute name="Loop Time for DT" value="2.000000" />
  <attribute name="Output H" value="8388608"/>
  <attribute name="Output I" value="200"/>
  <attribute name="Output T" value="4"/>
  <attribute name="Target GC Util Change" value ="20.000000" />
  <attribute name="Current GC Util Change" value="28.000000"/>
  <attribute name="GC Util currently" value="28" />
  <attribute name="CPU Util currently" value="1785674981554" />
<allocation-satisfied id="3921" threadId="0000000002213700" bytesRequested="1168" />
<af-end id="3922" timestamp="2019-06-16T21:31:02.239" threadId="0000000002214088" success="true" from="nursery"/>
<exclusive-end id="3923" timestamp="2019-06-16T21:31:02.239" durationms="1.136" />

<exclusive-start id="3924" timestamp="2019-06-16T21:31:02.241" intervalms="2.822">
  <response-info timems="0.050" idlems="0.050" threads="0" lastid="0000000002213700" lastname="main" />
</exclusive-start>
<af-start id="3925" threadId="0000000002214088" totalBytesRequested="1168" timestamp="2019-06-16T21:31:02.241" intervalms="2.814" type="nursery" />
<cycle-start id="3926" type="scavenge" contextid="0" timestamp="2019-06-16T21:31:02.241" intervalms="2.820" />
<gc-start id="3927" type="scavenge" contextid="3926" timestamp="2019-06-16T21:31:02.241">
  <mem-info id="3928" free="2045275560" total="2092630016" percent="97">
    <mem type="nursery" free="0" total="3932160" percent="0">
      <mem type="allocate" free="0" total="3538944" percent="0" />
      <mem type="survivor" free="0" total="393216" percent="0" />
    </mem>
    <mem type="tenure" free="2045275560" total="2088697856" percent="97">
      <mem type="soa" free="1919954344" total="1963376640" percent="97" />
      <mem type="loa" free="125321216" total="125321216" percent="100" />
    </mem>
    <remembered-set count="102" />
  </mem-info>
</gc-start>
<allocation-stats totalBytes="3484096" >
  <allocated-bytes non-tlh="1168" tlh="3482928" />
  <largest-consumer threadName="main" threadId="0000000002213700" bytes="3484096" />
</allocation-stats>
<gc-op id="3929" type="scavenge" timems="0.166" contextid="3926" timestamp="2019-06-16T21:31:02.241">
  <scavenger-info tenureage="3" tenuremask="fff8" tiltratio="90" />
  <memory-copied type="nursery" objects="1" bytes="32" bytesdiscarded="39136" />
</gc-op>
<gc-end id="3930" type="scavenge" contextid="3926" durationms="0.692" usertimems="4.000" systemtimems="0.000" timestamp="2019-06-16T21:31:02.242" activeThreads="4">
  <mem-info id="3931" free="2048775336" total="2092630016" percent="97">
    <mem type="nursery" free="3499776" total="3932160" percent="89">
      <mem type="allocate" free="3499776" total="3538944" percent="98" />
      <mem type="survivor" free="0" total="393216" percent="0" />
    </mem>
    <mem type="tenure" free="2045275560" total="2088697856" percent="97" macro-fragmented="502401">
      <mem type="soa" free="1919954344" total="1963376640" percent="97" />
      <mem type="loa" free="125321216" total="125321216" percent="100" />
    </mem>
    <remembered-set count="101" />
  </mem-info>
</gc-end>
<cycle-end id="3932" type="scavenge" contextid="3926" timestamp="2019-06-16T21:31:02.242" />
  <attribute name="elasticGC enabled" value="1" />
  <attribute name= "numThreadsSpecified" value="4" />
  <attribute name="heapSize specified" value="9371648" />
  <attribute name="Current GC Util" value="23" />
  <attribute name= "Current Time Running" value="48207" />
  <attribute name ="GC Interval" value="200" />
  <attribute name="ProportionalT" value="1.500000" />
  <attribute name="ProportionalI" value="1.500000" />
  <attribute name="ProportionalH" value="1.500000" />
  <attribute name="Current Error" value="3.000000" />
  <attribute name="IntegralT" value="4.500000" />
  <attribute name="IntegralI" value="4.500000" />
  <attribute name="IntegralH" value="4.500000" />
  <attribute name="DerivativeT" value="-1.666667" />
  <attribute name="DerivativeI" value="-1.666667" />
  <attribute name="DerivativeH" value="-1.666667" />
  <attribute name="Loop Time for DT" value="3.000000" />
  <attribute name="Output H" value="8388608"/>
  <attribute name="Output I" value="200"/>
  <attribute name="Output T" value="4"/>
  <attribute name="Target GC Util Change" value ="20.000000" />
  <attribute name="Current GC Util Change" value="23.000000"/>
  <attribute name="GC Util currently" value="23" />
  <attribute name="CPU Util currently" value="1630654860358" />
<allocation-satisfied id="3933" threadId="0000000002213700" bytesRequested="1168" />
<af-end id="3934" timestamp="2019-06-16T21:31:02.242" threadId="0000000002214088" success="true" from="nursery"/>
<exclusive-end id="3935" timestamp="2019-06-16T21:31:02.242" durationms="1.141" />

<exclusive-start id="3936" timestamp="2019-06-16T21:31:02.244" intervalms="2.832">
  <response-info timems="0.054" idlems="0.054" threads="0" lastid="0000000002213700" lastname="main" />
</exclusive-start>
<af-start id="3937" threadId="0000000002214088" totalBytesRequested="1168" timestamp="2019-06-16T21:31:02.244" intervalms="2.838" type="nursery" />
<cycle-start id="3938" type="scavenge" contextid="0" timestamp="2019-06-16T21:31:02.244" intervalms="2.836" />
<gc-start id="3939" type="scavenge" contextid="3938" timestamp="2019-06-16T21:31:02.244">
  <mem-info id="3940" free="2045275560" total="2092630016" percent="97">
    <mem type="nursery" free="0" total="3932160" percent="0">
      <mem type="allocate" free="0" total="3538944" percent="0" />
      <mem type="survivor" free="0" total="393216" percent="0" />
    </mem>
    <mem type="tenure" free="2045275560" total="2088697856" percent="97">
      <mem type="soa" free="1919954344" total="1963376640" percent="97" />
      <mem type="loa" free="125321216" total="125321216" percent="100" />
    </mem>
    <remembered-set count="102" />
  </mem-info>
</gc-start>
<allocation-stats totalBytes="3482864" >
  <allocated-bytes non-tlh="1168" tlh="3481696" />
  <largest-consumer threadName="main" threadId="0000000002213700" bytes="3482864" />
</allocation-stats>
<gc-op id="3941" type="scavenge" timems="0.173" contextid="3938" timestamp="2019-06-16T21:31:02.244">
  <scavenger-info tenureage="3" tenuremask="fff8" tiltratio="90" />
  <memory-copied type="nursery" objects="1" bytes="32" bytesdiscarded="39136" />
</gc-op>
<gc-end id="3942" type="scavenge" contextid="3938" durationms="0.695" usertimems="0.000" systemtimems="0.000" timestamp="2019-06-16T21:31:02.245" activeThreads="4">
  <mem-info id="3943" free="2048775336" total="2092630016" percent="97">
    <mem type="nursery" free="3499776" total="3932160" percent="89">
      <mem type="allocate" free="3499776" total="3538944" percent="98" />
      <mem type="survivor" free="0" total="393216" percent="0" />
    </mem>
    <mem type="tenure" free="2045275560" total="2088697856" percent="97" macro-fragmented="327720">
      <mem type="soa" free="1919954344" total="1963376640" percent="97" />
      <mem type="loa" free="125321216" total="125321216" percent="100" />
    </mem>
    <remembered-set count="101" />
  </mem-info>
</gc-end>
<cycle-end id="3944" type="scavenge" contextid="3938" timestamp="2019-06-16T21:31:02.245" />
  <attribute name="elasticGC enabled" value="1" />
  <attribute name= "numThreadsSpecified" value="4" />
  <attribute name="heapSize specified" value="9371648" />
  <attribute name="Current GC Util" value="23" />
  <attribute name= "Current Time Running" value="48210" />
  <attribute name ="GC Interval" value="200" />
  <attribute name="ProportionalT" value="1.500000" />
  <attribute name="ProportionalI" value="1.500000" />
  <attribute name="ProportionalH" value="1.500000" />
  <attribute name="Current Error" value="3.000000" />
  <attribute name="IntegralT" value="4.500000" />
  <attribute name="IntegralI" value="4.500000" />
  <attribute name="IntegralH" value="4.500000" />
  <attribute name="DerivativeT" value="0.000000" />
  <attribute name="DerivativeI" value="0.000000" />
  <attribute name="DerivativeH" value="0.000000" />
  <attribute name="Loop Time for DT" value="3.000000" />
  <attribute name="Output H" value="8388608"/>
  <attribute name="Output I" value="200"/>
  <attribute name="Output T" value="4"/>
  <attribute name="Target GC Util Change" value ="20.000000" />
  <attribute name="Current GC Util Change" value="23.000000"/>
  <attribute name="GC Util currently" value="23" />
  <attribute name="CPU Util currently" value="1631044725837" />
<allocation-satisfied id="3945" threadId="0000000002213700" bytesRequested="1168" />
<af-end id="3946" timestamp="2019-06-16T21:31:02.245" threadId="0000000002214088" success="true" from="nursery"/>
<exclusive-end id="3947" timestamp="2019-06-16T21:31:02.245" durationms="1.152" />

<exclusive-start id="3948" timestamp="2019-06-16T21:31:02.247" intervalms="2.870">
  <response-info timems="0.057" idlems="0.057" threads="0" lastid="0000000002213700" lastname="main" />
</exclusive-start>
<af-start id="3949" threadId="0000000002214088" totalBytesRequested="1168" timestamp="2019-06-16T21:31:02.247" intervalms="2.871" type="nursery" />
<cycle-start id="3950" type="scavenge" contextid="0" timestamp="2019-06-16T21:31:02.247" intervalms="2.872" />
<gc-start id="3951" type="scavenge" contextid="3950" timestamp="2019-06-16T21:31:02.247">
  <mem-info id="3952" free="2045275560" total="2092630016" percent="97">
    <mem type="nursery" free="0" total="3932160" percent="0">
      <mem type="allocate" free="0" total="3538944" percent="0" />
      <mem type="survivor" free="0" total="393216" percent="0" />
    </mem>
    <mem type="tenure" free="2045275560" total="2088697856" percent="97">
      <mem type="soa" free="1919954344" total="1963376640" percent="97" />
      <mem type="loa" free="125321216" total="125321216" percent="100" />
    </mem>
    <remembered-set count="102" />
  </mem-info>
</gc-start>
<allocation-stats totalBytes="3484096" >
  <allocated-bytes non-tlh="1168" tlh="3482928" />
  <largest-consumer threadName="main" threadId="0000000002213700" bytes="3484096" />
</allocation-stats>
<gc-op id="3953" type="scavenge" timems="0.180" contextid="3950" timestamp="2019-06-16T21:31:02.247">
  <scavenger-info tenureage="3" tenuremask="fff8" tiltratio="90" />
  <memory-copied type="nursery" objects="1" bytes="32" bytesdiscarded="39136" />
</gc-op>
<gc-end id="3954" type="scavenge" contextid="3950" durationms="0.703" usertimems="4.000" systemtimems="0.000" timestamp="2019-06-16T21:31:02.248" activeThreads="4">
  <mem-info id="3955" free="2048775336" total="2092630016" percent="97">
    <mem type="nursery" free="3499776" total="3932160" percent="89">
      <mem type="allocate" free="3499776" total="3538944" percent="98" />
      <mem type="survivor" free="0" total="393216" percent="0" />
    </mem>
    <mem type="tenure" free="2045275560" total="2088697856" percent="97" macro-fragmented="116842">
      <mem type="soa" free="1919954344" total="1963376640" percent="97" />
      <mem type="loa" free="125321216" total="125321216" percent="100" />
    </mem>
    <remembered-set count="101" />
  </mem-info>
</gc-end>
<cycle-end id="3956" type="scavenge" contextid="3950" timestamp="2019-06-16T21:31:02.248" />
  <attribute name="elasticGC enabled" value="1" />
  <attribute name= "numThreadsSpecified" value="4" />
  <attribute name="heapSize specified" value="9371648" />
  <attribute name="Current GC Util" value="23" />
  <attribute name= "Current Time Running" value="48213" />
  <attribute name ="GC Interval" value="200" />
  <attribute name="ProportionalT" value="1.500000" />
  <attribute name="ProportionalI" value="1.500000" />
  <attribute name="ProportionalH" value="1.500000" />
  <attribute name="Current Error" value="3.000000" />
  <attribute name="IntegralT" value="4.500000" />
  <attribute name="IntegralI" value="4.500000" />
  <attribute name="IntegralH" value="4.500000" />
  <attribute name="DerivativeT" value="0.000000" />
  <attribute name="DerivativeI" value="0.000000" />
  <attribute name="DerivativeH" value="0.000000" />
  <attribute name="Loop Time for DT" value="3.000000" />
  <attribute name="Output H" value="8388608"/>
  <attribute name="Output I" value="200"/>
  <attribute name="Output T" value="4"/>
  <attribute name="Target GC Util Change" value ="20.000000" />
  <attribute name="Current GC Util Change" value="23.000000"/>
  <attribute name="GC Util currently" value="23" />
  <attribute name="CPU Util currently" value="1602252336830" />
<allocation-satisfied id="3957" threadId="0000000002213700" bytesRequested="1168" />
<af-end id="3958" timestamp="2019-06-16T21:31:02.248" threadId="0000000002214088" success="true" from="nursery"/>
<exclusive-end id="3959" timestamp="2019-06-16T21:31:02.248" durationms="1.159" />

<exclusive-start id="3960" timestamp="2019-06-16T21:31:02.249" intervalms="2.675">
  <response-info timems="0.081" idlems="0.081" threads="0" lastid="0000000002213700" lastname="main" />
</exclusive-start>
<af-start id="3961" threadId="0000000002214088" totalBytesRequested="1168" timestamp="2019-06-16T21:31:02.249" intervalms="2.672" type="nursery" />
<cycle-start id="3962" type="scavenge" contextid="0" timestamp="2019-06-16T21:31:02.249" intervalms="2.676" />
<gc-start id="3963" type="scavenge" contextid="3962" timestamp="2019-06-16T21:31:02.250">
  <mem-info id="3964" free="2045275560" total="2092630016" percent="97">
    <mem type="nursery" free="0" total="3932160" percent="0">
      <mem type="allocate" free="0" total="3538944" percent="0" />
      <mem type="survivor" free="0" total="393216" percent="0" />
    </mem>
    <mem type="tenure" free="2045275560" total="2088697856" percent="97">
      <mem type="soa" free="1919954344" total="1963376640" percent="97" />
      <mem type="loa" free="125321216" total="125321216" percent="100" />
    </mem>
    <remembered-set count="102" />
  </mem-info>
</gc-start>
<allocation-stats totalBytes="3482864" >
  <allocated-bytes non-tlh="1168" tlh="3481696" />
  <largest-consumer threadName="main" threadId="0000000002213700" bytes="3482864" />
</allocation-stats>
<gc-op id="3965" type="scavenge" timems="0.197" contextid="3962" timestamp="2019-06-16T21:31:02.250">
  <scavenger-info tenureage="3" tenuremask="fff8" tiltratio="90" />
  <memory-copied type="nursery" objects="1" bytes="32" bytesdiscarded="39136" />
</gc-op>
<gc-end id="3966" type="scavenge" contextid="3962" durationms="0.719" usertimems="0.000" systemtimems="0.000" timestamp="2019-06-16T21:31:02.250" activeThreads="4">
  <mem-info id="3967" free="2048775336" total="2092630016" percent="97">
    <mem type="nursery" free="3499776" total="3932160" percent="89">
      <mem type="allocate" free="3499776" total="3538944" percent="98" />
      <mem type="survivor" free="0" total="393216" percent="0" />
    </mem>
    <mem type="tenure" free="2045275560" total="2088697856" percent="97" macro-fragmented="348889">
      <mem type="soa" free="1919954344" total="1963376640" percent="97" />
      <mem type="loa" free="125321216" total="125321216" percent="100" />
    </mem>
    <remembered-set count="101" />
  </mem-info>
</gc-end>
<cycle-end id="3968" type="scavenge" contextid="3962" timestamp="2019-06-16T21:31:02.250" />
  <attribute name="elasticGC enabled" value="1" />
  <attribute name= "numThreadsSpecified" value="4" />
  <attribute name="heapSize specified" value="9371648" />
  <attribute name="Current GC Util" value="25" />
  <attribute name= "Current Time Running" value="48215" />
  <attribute name ="GC Interval" value="200" />
  <attribute name="ProportionalT" value="2.500000" />
  <attribute name="ProportionalI" value="2.500000" />
  <attribute name="ProportionalH" value="2.500000" />
  <attribute name="Current Error" value="5.000000" />
  <attribute name="IntegralT" value="5.000000" />
  <attribute name="IntegralI" value="5.000000" />
  <attribute name="IntegralH" value="5.000000" />
  <attribute name="DerivativeT" value="1.000000" />
  <attribute name="DerivativeI" value="1.000000" />
  <attribute name="DerivativeH" value="1.000000" />
  <attribute name="Loop Time for DT" value="2.000000" />
  <attribute name="Output H" value="8388608"/>
  <attribute name="Output I" value="200"/>
  <attribute name="Output T" value="4"/>
  <attribute name="Target GC Util Change" value ="20.000000" />
  <attribute name="Current GC Util Change" value="25.000000"/>
  <attribute name="GC Util currently" value="25" />
  <attribute name="CPU Util currently" value="1725031072113" />
<allocation-satisfied id="3969" threadId="0000000002213700" bytesRequested="1168" />
<af-end id="3970" timestamp="2019-06-16T21:31:02.250" threadId="0000000002214088" success="true" from="nursery"/>
<exclusive-end id="3971" timestamp="2019-06-16T21:31:02.250" durationms="1.166" />

<exclusive-start id="3972" timestamp="2019-06-16T21:31:02.252" intervalms="2.594">
  <response-info timems="0.028" idlems="0.028" threads="0" lastid="0000000002213700" lastname="main" />
</exclusive-start>
<af-start id="3973" threadId="0000000002214088" totalBytesRequested="1168" timestamp="2019-06-16T21:31:02.252" intervalms="2.595" type="nursery" />
<cycle-start id="3974" type="scavenge" contextid="0" timestamp="2019-06-16T21:31:02.252" intervalms="2.591" />
<gc-start id="3975" type="scavenge" contextid="3974" timestamp="2019-06-16T21:31:02.252">
  <mem-info id="3976" free="2045275560" total="2092630016" percent="97">
    <mem type="nursery" free="0" total="3932160" percent="0">
      <mem type="allocate" free="0" total="3538944" percent="0" />
      <mem type="survivor" free="0" total="393216" percent="0" />
    </mem>
    <mem type="tenure" free="2045275560" total="2088697856" percent="97">
      <mem type="soa" free="1919954344" total="1963376640" percent="97" />
      <mem type="loa" free="125321216" total="125321216" percent="100" />
    </mem>
    <remembered-set count="102" />
  </mem-info>
</gc-start>
<allocation-stats totalBytes="3484096" >
  <allocated-bytes non-tlh="1168" tlh="3482928" />
  <largest-consumer threadName="main" threadId="0000000002213700" bytes="3484096" />
</allocation-stats>
<gc-op id="3977" type="scavenge" timems="0.159" contextid="3974" timestamp="2019-06-16T21:31:02.252">
  <scavenger-info tenureage="3" tenuremask="fff8" tiltratio="90" />
  <memory-copied type="nursery" objects="1" bytes="32" bytesdiscarded="39136" />
</gc-op>
<gc-end id="3978" type="scavenge" contextid="3974" durationms="0.680" usertimems="4.000" systemtimems="0.000" timestamp="2019-06-16T21:31:02.253" activeThreads="4">
  <mem-info id="3979" free="2048775336" total="2092630016" percent="97">
    <mem type="nursery" free="3499776" total="3932160" percent="89">
      <mem type="allocate" free="3499776" total="3538944" percent="98" />
      <mem type="survivor" free="0" total="393216" percent="0" />
    </mem>
    <mem type="tenure" free="2045275560" total="2088697856" percent="97" macro-fragmented="1500163">
      <mem type="soa" free="1919954344" total="1963376640" percent="97" />
      <mem type="loa" free="125321216" total="125321216" percent="100" />
    </mem>
    <remembered-set count="101" />
  </mem-info>
</gc-end>
<cycle-end id="3980" type="scavenge" contextid="3974" timestamp="2019-06-16T21:31:02.253" />
  <attribute name="elasticGC enabled" value="1" />
  <attribute name= "numThreadsSpecified" value="4" />
  <attribute name="heapSize specified" value="9371648" />
  <attribute name="Current GC Util" value="26" />
  <attribute name= "Current Time Running" value="48218" />
  <attribute name ="GC Interval" value="200" />
  <attribute name="ProportionalT" value="3.000000" />
  <attribute name="ProportionalI" value="3.000000" />
  <attribute name="ProportionalH" value="3.000000" />
  <attribute name="Current Error" value="6.000000" />
  <attribute name="IntegralT" value="9.000000" />
  <attribute name="IntegralI" value="9.000000" />
  <attribute name="IntegralH" value="9.000000" />
  <attribute name="DerivativeT" value="0.333333" />
  <attribute name="DerivativeI" value="0.333333" />
  <attribute name="DerivativeH" value="0.333333" />
  <attribute name="Loop Time for DT" value="3.000000" />
  <attribute name="Output H" value="8388608"/>
  <attribute name="Output I" value="200"/>
  <attribute name="Output T" value="4"/>
  <attribute name="Target GC Util Change" value ="20.000000" />
  <attribute name="Current GC Util Change" value="26.000000"/>
  <attribute name="GC Util currently" value="26" />
  <attribute name="CPU Util currently" value="1780846713841" />
<allocation-satisfied id="3981" threadId="0000000002213700" bytesRequested="1168" />
<af-end id="3982" timestamp="2019-06-16T21:31:02.253" threadId="0000000002214088" success="true" from="nursery"/>
<exclusive-end id="3983" timestamp="2019-06-16T21:31:02.253" durationms="1.126" />

<exclusive-start id="3984" timestamp="2019-06-16T21:31:02.255" intervalms="2.616">
  <response-info timems="0.062" idlems="0.062" threads="0" lastid="0000000002213700" lastname="main" />
</exclusive-start>
<af-start id="3985" threadId="0000000002214088" totalBytesRequested="1168" timestamp="2019-06-16T21:31:02.255" intervalms="2.617" type="nursery" />
<cycle-start id="3986" type="scavenge" contextid="0" timestamp="2019-06-16T21:31:02.255" intervalms="2.618" />
<gc-start id="3987" type="scavenge" contextid="3986" timestamp="2019-06-16T21:31:02.255">
  <mem-info id="3988" free="2045275560" total="2092630016" percent="97">
    <mem type="nursery" free="0" total="3932160" percent="0">
      <mem type="allocate" free="0" total="3538944" percent="0" />
      <mem type="survivor" free="0" total="393216" percent="0" />
    </mem>
    <mem type="tenure" free="2045275560" total="2088697856" percent="97">
      <mem type="soa" free="1919954344" total="1963376640" percent="97" />
      <mem type="loa" free="125321216" total="125321216" percent="100" />
    </mem>
    <remembered-set count="102" />
  </mem-info>
</gc-start>
<allocation-stats totalBytes="3482864" >
  <allocated-bytes non-tlh="1168" tlh="3481696" />
  <largest-consumer threadName="main" threadId="0000000002213700" bytes="3482864" />
</allocation-stats>
<gc-op id="3989" type="scavenge" timems="0.169" contextid="3986" timestamp="2019-06-16T21:31:02.255">
  <scavenger-info tenureage="3" tenuremask="fff8" tiltratio="90" />
  <memory-copied type="nursery" objects="1" bytes="32" bytesdiscarded="39136" />
</gc-op>
<gc-end id="3990" type="scavenge" contextid="3986" durationms="0.692" usertimems="0.000" systemtimems="0.000" timestamp="2019-06-16T21:31:02.255" activeThreads="4">
  <mem-info id="3991" free="2048775336" total="2092630016" percent="97">
    <mem type="nursery" free="3499776" total="3932160" percent="89">
      <mem type="allocate" free="3499776" total="3538944" percent="98" />
      <mem type="survivor" free="0" total="393216" percent="0" />
    </mem>
    <mem type="tenure" free="2045275560" total="2088697856" percent="97" macro-fragmented="290741">
      <mem type="soa" free="1919954344" total="1963376640" percent="97" />
      <mem type="loa" free="125321216" total="125321216" percent="100" />
    </mem>
    <remembered-set count="101" />
  </mem-info>
</gc-end>
<cycle-end id="3992" type="scavenge" contextid="3986" timestamp="2019-06-16T21:31:02.255" />
  <attribute name="elasticGC enabled" value="1" />
  <attribute name= "numThreadsSpecified" value="4" />
  <attribute name="heapSize specified" value="9371648" />
  <attribute name="Current GC Util" value="25" />
  <attribute name= "Current Time Running" value="48221" />
  <attribute name ="GC Interval" value="200" />
  <attribute name="ProportionalT" value="2.500000" />
  <attribute name="ProportionalI" value="2.500000" />
  <attribute name="ProportionalH" value="2.500000" />
  <attribute name="Current Error" value="5.000000" />
  <attribute name="IntegralT" value="7.500000" />
  <attribute name="IntegralI" value="7.500000" />
  <attribute name="IntegralH" value="7.500000" />
  <attribute name="DerivativeT" value="-0.333333" />
  <attribute name="DerivativeI" value="-0.333333" />
  <attribute name="DerivativeH" value="-0.333333" />
  <attribute name="Loop Time for DT" value="3.000000" />
  <attribute name="Output H" value="8388608"/>
  <attribute name="Output I" value="200"/>
  <attribute name="Output T" value="4"/>
  <attribute name="Target GC Util Change" value ="20.000000" />
  <attribute name="Current GC Util Change" value="25.000000"/>
  <attribute name="GC Util currently" value="25" />
  <attribute name="CPU Util currently" value="1758997834262" />
<allocation-satisfied id="3993" threadId="0000000002213700" bytesRequested="1168" />
<af-end id="3994" timestamp="2019-06-16T21:31:02.256" threadId="0000000002214088" success="true" from="nursery"/>
<exclusive-end id="3995" timestamp="2019-06-16T21:31:02.256" durationms="1.152" />

<exclusive-start id="3996" timestamp="2019-06-16T21:31:02.257" intervalms="2.623">
  <response-info timems="0.068" idlems="0.068" threads="0" lastid="0000000002213700" lastname="main" />
</exclusive-start>
<af-start id="3997" threadId="0000000002214088" totalBytesRequested="1168" timestamp="2019-06-16T21:31:02.257" intervalms="2.628" type="nursery" />
<cycle-start id="3998" type="scavenge" contextid="0" timestamp="2019-06-16T21:31:02.257" intervalms="2.626" />
<gc-start id="3999" type="scavenge" contextid="3998" timestamp="2019-06-16T21:31:02.257">
  <mem-info id="4000" free="2045275560" total="2092630016" percent="97">
    <mem type="nursery" free="0" total="3932160" percent="0">
      <mem type="allocate" free="0" total="3538944" percent="0" />
      <mem type="survivor" free="0" total="393216" percent="0" />
    </mem>
    <mem type="tenure" free="2045275560" total="2088697856" percent="97">
      <mem type="soa" free="1919954344" total="1963376640" percent="97" />
      <mem type="loa" free="125321216" total="125321216" percent="100" />
    </mem>
    <remembered-set count="102" />
  </mem-info>
</gc-start>
<allocation-stats totalBytes="3484096" >
  <allocated-bytes non-tlh="1168" tlh="3482928" />
  <largest-consumer threadName="main" threadId="0000000002213700" bytes="3484096" />
</allocation-stats>
<gc-op id="4001" type="scavenge" timems="0.170" contextid="3998" timestamp="2019-06-16T21:31:02.258">
  <scavenger-info tenureage="3" tenuremask="fff8" tiltratio="90" />
  <memory-copied type="nursery" objects="1" bytes="32" bytesdiscarded="39136" />
</gc-op>
<gc-end id="4002" type="scavenge" contextid="3998" durationms="0.700" usertimems="0.000" systemtimems="0.000" timestamp="2019-06-16T21:31:02.258" activeThreads="4">
  <mem-info id="4003" free="2048775336" total="2092630016" percent="97">
    <mem type="nursery" free="3499776" total="3932160" percent="89">
      <mem type="allocate" free="3499776" total="3538944" percent="98" />
      <mem type="survivor" free="0" total="393216" percent="0" />
    </mem>
    <mem type="tenure" free="2045275560" total="2088697856" percent="97" macro-fragmented="723458">
      <mem type="soa" free="1919954344" total="1963376640" percent="97" />
      <mem type="loa" free="125321216" total="125321216" percent="100" />
    </mem>
    <remembered-set count="101" />
  </mem-info>
</gc-end>
<cycle-end id="4004" type="scavenge" contextid="3998" timestamp="2019-06-16T21:31:02.258" />
  <attribute name="elasticGC enabled" value="1" />
  <attribute name= "numThreadsSpecified" value="4" />
  <attribute name="heapSize specified" value="9371648" />
  <attribute name="Current GC Util" value="25" />
  <attribute name= "Current Time Running" value="48223" />
  <attribute name ="GC Interval" value="200" />
  <attribute name="ProportionalT" value="2.500000" />
  <attribute name="ProportionalI" value="2.500000" />
  <attribute name="ProportionalH" value="2.500000" />
  <attribute name="Current Error" value="5.000000" />
  <attribute name="IntegralT" value="5.000000" />
  <attribute name="IntegralI" value="5.000000" />
  <attribute name="IntegralH" value="5.000000" />
  <attribute name="DerivativeT" value="0.000000" />
  <attribute name="DerivativeI" value="0.000000" />
  <attribute name="DerivativeH" value="0.000000" />
  <attribute name="Loop Time for DT" value="2.000000" />
  <attribute name="Output H" value="8388608"/>
  <attribute name="Output I" value="200"/>
  <attribute name="Output T" value="4"/>
  <attribute name="Target GC Util Change" value ="20.000000" />
  <attribute name="Current GC Util Change" value="25.000000"/>
  <attribute name="GC Util currently" value="25" />
  <attribute name="CPU Util currently" value="1751599979383" />
<allocation-satisfied id="4005" threadId="0000000002213700" bytesRequested="1168" />
<af-end id="4006" timestamp="2019-06-16T21:31:02.258" threadId="0000000002214088" success="true" from="nursery"/>
<exclusive-end id="4007" timestamp="2019-06-16T21:31:02.258" durationms="1.162" />

<exclusive-start id="4008" timestamp="2019-06-16T21:31:02.260" intervalms="2.608">
  <response-info timems="0.035" idlems="0.035" threads="0" lastid="0000000002213700" lastname="main" />
</exclusive-start>
<af-start id="4009" threadId="0000000002214088" totalBytesRequested="1168" timestamp="2019-06-16T21:31:02.260" intervalms="2.603" type="nursery" />
<cycle-start id="4010" type="scavenge" contextid="0" timestamp="2019-06-16T21:31:02.260" intervalms="2.603" />
<gc-start id="4011" type="scavenge" contextid="4010" timestamp="2019-06-16T21:31:02.260">
  <mem-info id="4012" free="2045275560" total="2092630016" percent="97">
    <mem type="nursery" free="0" total="3932160" percent="0">
      <mem type="allocate" free="0" total="3538944" percent="0" />
      <mem type="survivor" free="0" total="393216" percent="0" />
    </mem>
    <mem type="tenure" free="2045275560" total="2088697856" percent="97">
      <mem type="soa" free="1919954344" total="1963376640" percent="97" />
      <mem type="loa" free="125321216" total="125321216" percent="100" />
    </mem>
    <remembered-set count="102" />
  </mem-info>
</gc-start>
<allocation-stats totalBytes="3482864" >
  <allocated-bytes non-tlh="1168" tlh="3481696" />
  <largest-consumer threadName="main" threadId="0000000002213700" bytes="3482864" />
</allocation-stats>
<gc-op id="4013" type="scavenge" timems="0.172" contextid="4010" timestamp="2019-06-16T21:31:02.260">
  <scavenger-info tenureage="3" tenuremask="fff8" tiltratio="90" />
  <memory-copied type="nursery" objects="1" bytes="32" bytesdiscarded="39136" />
</gc-op>
<gc-end id="4014" type="scavenge" contextid="4010" durationms="0.709" usertimems="0.000" systemtimems="0.000" timestamp="2019-06-16T21:31:02.261" activeThreads="4">
  <mem-info id="4015" free="2048775336" total="2092630016" percent="97">
    <mem type="nursery" free="3499776" total="3932160" percent="89">
      <mem type="allocate" free="3499776" total="3538944" percent="98" />
      <mem type="survivor" free="0" total="393216" percent="0" />
    </mem>
    <mem type="tenure" free="2045275560" total="2088697856" percent="97" macro-fragmented="655400">
      <mem type="soa" free="1919954344" total="1963376640" percent="97" />
      <mem type="loa" free="125321216" total="125321216" percent="100" />
    </mem>
    <remembered-set count="101" />
  </mem-info>
</gc-end>
<cycle-end id="4016" type="scavenge" contextid="4010" timestamp="2019-06-16T21:31:02.261" />
  <attribute name="elasticGC enabled" value="1" />
  <attribute name= "numThreadsSpecified" value="4" />
  <attribute name="heapSize specified" value="9371648" />
  <attribute name="Current GC Util" value="26" />
  <attribute name= "Current Time Running" value="48226" />
  <attribute name ="GC Interval" value="200" />
  <attribute name="ProportionalT" value="3.000000" />
  <attribute name="ProportionalI" value="3.000000" />
  <attribute name="ProportionalH" value="3.000000" />
  <attribute name="Current Error" value="6.000000" />
  <attribute name="IntegralT" value="9.000000" />
  <attribute name="IntegralI" value="9.000000" />
  <attribute name="IntegralH" value="9.000000" />
  <attribute name="DerivativeT" value="0.333333" />
  <attribute name="DerivativeI" value="0.333333" />
  <attribute name="DerivativeH" value="0.333333" />
  <attribute name="Loop Time for DT" value="3.000000" />
  <attribute name="Output H" value="8388608"/>
  <attribute name="Output I" value="200"/>
  <attribute name="Output T" value="4"/>
  <attribute name="Target GC Util Change" value ="20.000000" />
  <attribute name="Current GC Util Change" value="26.000000"/>
  <attribute name="GC Util currently" value="26" />
  <attribute name="CPU Util currently" value="1777626588448" />
<allocation-satisfied id="4017" threadId="0000000002213700" bytesRequested="1168" />
<af-end id="4018" timestamp="2019-06-16T21:31:02.261" threadId="0000000002214088" success="true" from="nursery"/>
<exclusive-end id="4019" timestamp="2019-06-16T21:31:02.261" durationms="1.156" />

<exclusive-start id="4020" timestamp="2019-06-16T21:31:02.262" intervalms="2.630">
  <response-info timems="0.060" idlems="0.060" threads="0" lastid="0000000002213700" lastname="main" />
</exclusive-start>
<af-start id="4021" threadId="0000000002214088" totalBytesRequested="1168" timestamp="2019-06-16T21:31:02.262" intervalms="2.627" type="nursery" />
<cycle-start id="4022" type="scavenge" contextid="0" timestamp="2019-06-16T21:31:02.262" intervalms="2.625" />
<gc-start id="4023" type="scavenge" contextid="4022" timestamp="2019-06-16T21:31:02.263">
  <mem-info id="4024" free="2045275560" total="2092630016" percent="97">
    <mem type="nursery" free="0" total="3932160" percent="0">
      <mem type="allocate" free="0" total="3538944" percent="0" />
      <mem type="survivor" free="0" total="393216" percent="0" />
    </mem>
    <mem type="tenure" free="2045275560" total="2088697856" percent="97">
      <mem type="soa" free="1919954344" total="1963376640" percent="97" />
      <mem type="loa" free="125321216" total="125321216" percent="100" />
    </mem>
    <remembered-set count="102" />
  </mem-info>
</gc-start>
<allocation-stats totalBytes="3484096" >
  <allocated-bytes non-tlh="1168" tlh="3482928" />
  <largest-consumer threadName="main" threadId="0000000002213700" bytes="3484096" />
</allocation-stats>
<gc-op id="4025" type="scavenge" timems="0.155" contextid="4022" timestamp="2019-06-16T21:31:02.263">
  <scavenger-info tenureage="3" tenuremask="fff8" tiltratio="90" />
  <memory-copied type="nursery" objects="1" bytes="32" bytesdiscarded="39136" />
</gc-op>
<gc-end id="4026" type="scavenge" contextid="4022" durationms="0.674" usertimems="4.000" systemtimems="0.000" timestamp="2019-06-16T21:31:02.263" activeThreads="4">
  <mem-info id="4027" free="2048775336" total="2092630016" percent="97">
    <mem type="nursery" free="3499776" total="3932160" percent="89">
      <mem type="allocate" free="3499776" total="3538944" percent="98" />
      <mem type="survivor" free="0" total="393216" percent="0" />
    </mem>
    <mem type="tenure" free="2045275560" total="2088697856" percent="97" macro-fragmented="290741">
      <mem type="soa" free="1919954344" total="1963376640" percent="97" />
      <mem type="loa" free="125321216" total="125321216" percent="100" />
    </mem>
    <remembered-set count="101" />
  </mem-info>
</gc-end>
<cycle-end id="4028" type="scavenge" contextid="4022" timestamp="2019-06-16T21:31:02.263" />
  <attribute name="elasticGC enabled" value="1" />
  <attribute name= "numThreadsSpecified" value="4" />
  <attribute name="heapSize specified" value="9371648" />
  <attribute name="Current GC Util" value="26" />
  <attribute name= "Current Time Running" value="48229" />
  <attribute name ="GC Interval" value="200" />
  <attribute name="ProportionalT" value="3.000000" />
  <attribute name="ProportionalI" value="3.000000" />
  <attribute name="ProportionalH" value="3.000000" />
  <attribute name="Current Error" value="6.000000" />
  <attribute name="IntegralT" value="9.000000" />
  <attribute name="IntegralI" value="9.000000" />
  <attribute name="IntegralH" value="9.000000" />
  <attribute name="DerivativeT" value="0.000000" />
  <attribute name="DerivativeI" value="0.000000" />
  <attribute name="DerivativeH" value="0.000000" />
  <attribute name="Loop Time for DT" value="3.000000" />
  <attribute name="Output H" value="8388608"/>
  <attribute name="Output I" value="200"/>
  <attribute name="Output T" value="4"/>
  <attribute name="Target GC Util Change" value ="20.000000" />
  <attribute name="Current GC Util Change" value="26.000000"/>
  <attribute name="GC Util currently" value="26" />
  <attribute name="CPU Util currently" value="1758491435306" />
<allocation-satisfied id="4029" threadId="0000000002213700" bytesRequested="1168" />
<af-end id="4030" timestamp="2019-06-16T21:31:02.263" threadId="0000000002214088" success="true" from="nursery"/>
<exclusive-end id="4031" timestamp="2019-06-16T21:31:02.263" durationms="1.113" />

<exclusive-start id="4032" timestamp="2019-06-16T21:31:02.265" intervalms="2.580">
  <response-info timems="0.062" idlems="0.062" threads="0" lastid="0000000002213700" lastname="main" />
</exclusive-start>
<af-start id="4033" threadId="0000000002214088" totalBytesRequested="1168" timestamp="2019-06-16T21:31:02.265" intervalms="2.579" type="nursery" />
<cycle-start id="4034" type="scavenge" contextid="0" timestamp="2019-06-16T21:31:02.265" intervalms="2.566" />
<gc-start id="4035" type="scavenge" contextid="4034" timestamp="2019-06-16T21:31:02.265">
  <mem-info id="4036" free="2045275560" total="2092630016" percent="97">
    <mem type="nursery" free="0" total="3932160" percent="0">
      <mem type="allocate" free="0" total="3538944" percent="0" />
      <mem type="survivor" free="0" total="393216" percent="0" />
    </mem>
    <mem type="tenure" free="2045275560" total="2088697856" percent="97">
      <mem type="soa" free="1919954344" total="1963376640" percent="97" />
      <mem type="loa" free="125321216" total="125321216" percent="100" />
    </mem>
    <remembered-set count="102" />
  </mem-info>
</gc-start>
<allocation-stats totalBytes="3482864" >
  <allocated-bytes non-tlh="1168" tlh="3481696" />
  <largest-consumer threadName="main" threadId="0000000002213700" bytes="3482864" />
</allocation-stats>
<gc-op id="4037" type="scavenge" timems="0.162" contextid="4034" timestamp="2019-06-16T21:31:02.265">
  <scavenger-info tenureage="3" tenuremask="fff8" tiltratio="90" />
  <memory-copied type="nursery" objects="1" bytes="32" bytesdiscarded="39136" />
</gc-op>
<gc-end id="4038" type="scavenge" contextid="4034" durationms="0.693" usertimems="4.000" systemtimems="0.000" timestamp="2019-06-16T21:31:02.266" activeThreads="4">
  <mem-info id="4039" free="2048775336" total="2092630016" percent="97">
    <mem type="nursery" free="3499776" total="3932160" percent="89">
      <mem type="allocate" free="3499776" total="3538944" percent="98" />
      <mem type="survivor" free="0" total="393216" percent="0" />
    </mem>
    <mem type="tenure" free="2045275560" total="2088697856" percent="97" macro-fragmented="168253">
      <mem type="soa" free="1919954344" total="1963376640" percent="97" />
      <mem type="loa" free="125321216" total="125321216" percent="100" />
    </mem>
    <remembered-set count="101" />
  </mem-info>
</gc-end>
<cycle-end id="4040" type="scavenge" contextid="4034" timestamp="2019-06-16T21:31:02.266" />
  <attribute name="elasticGC enabled" value="1" />
  <attribute name= "numThreadsSpecified" value="4" />
  <attribute name="heapSize specified" value="9371648" />
  <attribute name="Current GC Util" value="26" />
  <attribute name= "Current Time Running" value="48231" />
  <attribute name ="GC Interval" value="200" />
  <attribute name="ProportionalT" value="3.000000" />
  <attribute name="ProportionalI" value="3.000000" />
  <attribute name="ProportionalH" value="3.000000" />
  <attribute name="Current Error" value="6.000000" />
  <attribute name="IntegralT" value="6.000000" />
  <attribute name="IntegralI" value="6.000000" />
  <attribute name="IntegralH" value="6.000000" />
  <attribute name="DerivativeT" value="0.000000" />
  <attribute name="DerivativeI" value="0.000000" />
  <attribute name="DerivativeH" value="0.000000" />
  <attribute name="Loop Time for DT" value="2.000000" />
  <attribute name="Output H" value="8388608"/>
  <attribute name="Output I" value="200"/>
  <attribute name="Output T" value="4"/>
  <attribute name="Target GC Util Change" value ="20.000000" />
  <attribute name="Current GC Util Change" value="26.000000"/>
  <attribute name="GC Util currently" value="26" />
  <attribute name="CPU Util currently" value="1801102134313" />
<allocation-satisfied id="4041" threadId="0000000002213700" bytesRequested="1168" />
<af-end id="4042" timestamp="2019-06-16T21:31:02.266" threadId="0000000002214088" success="true" from="nursery"/>
<exclusive-end id="4043" timestamp="2019-06-16T21:31:02.266" durationms="1.106" />

<exclusive-start id="4044" timestamp="2019-06-16T21:31:02.267" intervalms="2.536">
  <response-info timems="0.055" idlems="0.055" threads="0" lastid="0000000002213700" lastname="main" />
</exclusive-start>
<af-start id="4045" threadId="0000000002214088" totalBytesRequested="1168" timestamp="2019-06-16T21:31:02.268" intervalms="2.545" type="nursery" />
<cycle-start id="4046" type="scavenge" contextid="0" timestamp="2019-06-16T21:31:02.268" intervalms="2.557" />
<gc-start id="4047" type="scavenge" contextid="4046" timestamp="2019-06-16T21:31:02.268">
  <mem-info id="4048" free="2045275560" total="2092630016" percent="97">
    <mem type="nursery" free="0" total="3932160" percent="0">
      <mem type="allocate" free="0" total="3538944" percent="0" />
      <mem type="survivor" free="0" total="393216" percent="0" />
    </mem>
    <mem type="tenure" free="2045275560" total="2088697856" percent="97">
      <mem type="soa" free="1919954344" total="1963376640" percent="97" />
      <mem type="loa" free="125321216" total="125321216" percent="100" />
    </mem>
    <remembered-set count="102" />
  </mem-info>
</gc-start>
<allocation-stats totalBytes="3484096" >
  <allocated-bytes non-tlh="1168" tlh="3482928" />
  <largest-consumer threadName="main" threadId="0000000002213700" bytes="3484096" />
</allocation-stats>
<gc-op id="4049" type="scavenge" timems="0.160" contextid="4046" timestamp="2019-06-16T21:31:02.268">
  <scavenger-info tenureage="3" tenuremask="fff8" tiltratio="90" />
  <memory-copied type="nursery" objects="1" bytes="32" bytesdiscarded="39136" />
</gc-op>
<gc-end id="4050" type="scavenge" contextid="4046" durationms="0.680" usertimems="4.000" systemtimems="0.000" timestamp="2019-06-16T21:31:02.268" activeThreads="4">
  <mem-info id="4051" free="2048775336" total="2092630016" percent="97">
    <mem type="nursery" free="3499776" total="3932160" percent="89">
      <mem type="allocate" free="3499776" total="3538944" percent="98" />
      <mem type="survivor" free="0" total="393216" percent="0" />
    </mem>
    <mem type="tenure" free="2045275560" total="2088697856" percent="97" macro-fragmented="262176">
      <mem type="soa" free="1919954344" total="1963376640" percent="97" />
      <mem type="loa" free="125321216" total="125321216" percent="100" />
    </mem>
    <remembered-set count="101" />
  </mem-info>
</gc-end>
<cycle-end id="4052" type="scavenge" contextid="4046" timestamp="2019-06-16T21:31:02.268" />
  <attribute name="elasticGC enabled" value="1" />
  <attribute name= "numThreadsSpecified" value="4" />
  <attribute name="heapSize specified" value="9371648" />
  <attribute name="Current GC Util" value="26" />
  <attribute name= "Current Time Running" value="48234" />
  <attribute name ="GC Interval" value="200" />
  <attribute name="ProportionalT" value="3.000000" />
  <attribute name="ProportionalI" value="3.000000" />
  <attribute name="ProportionalH" value="3.000000" />
  <attribute name="Current Error" value="6.000000" />
  <attribute name="IntegralT" value="9.000000" />
  <attribute name="IntegralI" value="9.000000" />
  <attribute name="IntegralH" value="9.000000" />
  <attribute name="DerivativeT" value="0.000000" />
  <attribute name="DerivativeI" value="0.000000" />
  <attribute name="DerivativeH" value="0.000000" />
  <attribute name="Loop Time for DT" value="3.000000" />
  <attribute name="Output H" value="8388608"/>
  <attribute name="Output I" value="200"/>
  <attribute name="Output T" value="4"/>
  <attribute name="Target GC Util Change" value ="20.000000" />
  <attribute name="Current GC Util Change" value="26.000000"/>
  <attribute name="GC Util currently" value="26" />
  <attribute name="CPU Util currently" value="1802094508005" />
<allocation-satisfied id="4053" threadId="0000000002213700" bytesRequested="1168" />
<af-end id="4054" timestamp="2019-06-16T21:31:02.269" threadId="0000000002214088" success="true" from="nursery"/>
<exclusive-end id="4055" timestamp="2019-06-16T21:31:02.269" durationms="1.121" />

<exclusive-start id="4056" timestamp="2019-06-16T21:31:02.270" intervalms="2.663">
  <response-info timems="0.064" idlems="0.064" threads="0" lastid="0000000002213700" lastname="main" />
</exclusive-start>
<af-start id="4057" threadId="0000000002214088" totalBytesRequested="1168" timestamp="2019-06-16T21:31:02.270" intervalms="2.692" type="nursery" />
<cycle-start id="4058" type="scavenge" contextid="0" timestamp="2019-06-16T21:31:02.270" intervalms="2.700" />
<gc-start id="4059" type="scavenge" contextid="4058" timestamp="2019-06-16T21:31:02.270">
  <mem-info id="4060" free="2045275560" total="2092630016" percent="97">
    <mem type="nursery" free="0" total="3932160" percent="0">
      <mem type="allocate" free="0" total="3538944" percent="0" />
      <mem type="survivor" free="0" total="393216" percent="0" />
    </mem>
    <mem type="tenure" free="2045275560" total="2088697856" percent="97">
      <mem type="soa" free="1919954344" total="1963376640" percent="97" />
      <mem type="loa" free="125321216" total="125321216" percent="100" />
    </mem>
    <remembered-set count="102" />
  </mem-info>
</gc-start>
<allocation-stats totalBytes="3483560" >
  <allocated-bytes non-tlh="1168" tlh="3482392" />
  <largest-consumer threadName="main" threadId="0000000002213700" bytes="3483560" />
</allocation-stats>
<gc-op id="4061" type="scavenge" timems="0.195" contextid="4058" timestamp="2019-06-16T21:31:02.271">
  <scavenger-info tenureage="9" tenuremask="fe00" tiltratio="90" />
  <memory-copied type="nursery" objects="2" bytes="56" bytesdiscarded="78280" />
</gc-op>
<gc-end id="4062" type="scavenge" contextid="4058" durationms="0.725" usertimems="4.000" systemtimems="0.000" timestamp="2019-06-16T21:31:02.271" activeThreads="4">
  <mem-info id="4063" free="2048736168" total="2092630016" percent="97">
    <mem type="nursery" free="3460608" total="3932160" percent="88">
      <mem type="allocate" free="3460608" total="3538944" percent="97" />
      <mem type="survivor" free="0" total="393216" percent="0" />
    </mem>
    <mem type="tenure" free="2045275560" total="2088697856" percent="97" macro-fragmented="1500163">
      <mem type="soa" free="1919954344" total="1963376640" percent="97" />
      <mem type="loa" free="125321216" total="125321216" percent="100" />
    </mem>
    <remembered-set count="102" />
  </mem-info>
</gc-end>
<cycle-end id="4064" type="scavenge" contextid="4058" timestamp="2019-06-16T21:31:02.271" />
  <attribute name="elasticGC enabled" value="1" />
  <attribute name= "numThreadsSpecified" value="4" />
  <attribute name="heapSize specified" value="9371648" />
  <attribute name="Current GC Util" value="24" />
  <attribute name= "Current Time Running" value="48236" />
  <attribute name ="GC Interval" value="200" />
  <attribute name="ProportionalT" value="2.000000" />
  <attribute name="ProportionalI" value="2.000000" />
  <attribute name="ProportionalH" value="2.000000" />
  <attribute name="Current Error" value="4.000000" />
  <attribute name="IntegralT" value="4.000000" />
  <attribute name="IntegralI" value="4.000000" />
  <attribute name="IntegralH" value="4.000000" />
  <attribute name="DerivativeT" value="-1.000000" />
  <attribute name="DerivativeI" value="-1.000000" />
  <attribute name="DerivativeH" value="-1.000000" />
  <attribute name="Loop Time for DT" value="2.000000" />
  <attribute name="Output H" value="8388608"/>
  <attribute name="Output I" value="200"/>
  <attribute name="Output T" value="4"/>
  <attribute name="Target GC Util Change" value ="20.000000" />
  <attribute name="Current GC Util Change" value="24.000000"/>
  <attribute name="GC Util currently" value="24" />
  <attribute name="CPU Util currently" value="1695336291980" />
<allocation-satisfied id="4065" threadId="0000000002213700" bytesRequested="1168" />
<af-end id="4066" timestamp="2019-06-16T21:31:02.271" threadId="0000000002214088" success="true" from="nursery"/>
<exclusive-end id="4067" timestamp="2019-06-16T21:31:02.271" durationms="1.237" />

<exclusive-start id="4068" timestamp="2019-06-16T21:31:02.273" intervalms="2.682">
  <response-info timems="0.032" idlems="0.032" threads="0" lastid="0000000002213700" lastname="main" />
</exclusive-start>
<af-start id="4069" threadId="0000000002214088" totalBytesRequested="1168" timestamp="2019-06-16T21:31:02.273" intervalms="2.655" type="nursery" />
<cycle-start id="4070" type="scavenge" contextid="0" timestamp="2019-06-16T21:31:02.273" intervalms="2.657" />
<gc-start id="4071" type="scavenge" contextid="4070" timestamp="2019-06-16T21:31:02.273">
  <mem-info id="4072" free="2045275560" total="2092630016" percent="97">
    <mem type="nursery" free="0" total="3932160" percent="0">
      <mem type="allocate" free="0" total="3538944" percent="0" />
      <mem type="survivor" free="0" total="393216" percent="0" />
    </mem>
    <mem type="tenure" free="2045275560" total="2088697856" percent="97">
      <mem type="soa" free="1919954344" total="1963376640" percent="97" />
      <mem type="loa" free="125321216" total="125321216" percent="100" />
    </mem>
    <remembered-set count="102" />
  </mem-info>
</gc-start>
<allocation-stats totalBytes="3446016" >
  <allocated-bytes non-tlh="1168" tlh="3444848" />
  <largest-consumer threadName="main" threadId="0000000002213700" bytes="3446016" />
</allocation-stats>
<gc-op id="4073" type="scavenge" timems="0.178" contextid="4070" timestamp="2019-06-16T21:31:02.273">
  <scavenger-info tenureage="8" tenuremask="ff00" tiltratio="90" />
  <memory-copied type="nursery" objects="2" bytes="56" bytesdiscarded="78280" />
</gc-op>
<gc-end id="4074" type="scavenge" contextid="4070" durationms="0.709" usertimems="0.000" systemtimems="0.000" timestamp="2019-06-16T21:31:02.274" activeThreads="4">
  <mem-info id="4075" free="2048736168" total="2092630016" percent="97">
    <mem type="nursery" free="3460608" total="3932160" percent="88">
      <mem type="allocate" free="3460608" total="3538944" percent="97" />
      <mem type="survivor" free="0" total="393216" percent="0" />
    </mem>
    <mem type="tenure" free="2045275560" total="2088697856" percent="97" macro-fragmented="60768">
      <mem type="soa" free="1919954344" total="1963376640" percent="97" />
      <mem type="loa" free="125321216" total="125321216" percent="100" />
    </mem>
    <remembered-set count="102" />
  </mem-info>
</gc-end>
<cycle-end id="4076" type="scavenge" contextid="4070" timestamp="2019-06-16T21:31:02.274" />
  <attribute name="elasticGC enabled" value="1" />
  <attribute name= "numThreadsSpecified" value="4" />
  <attribute name="heapSize specified" value="9371648" />
  <attribute name="Current GC Util" value="28" />
  <attribute name= "Current Time Running" value="48239" />
  <attribute name ="GC Interval" value="200" />
  <attribute name="ProportionalT" value="4.000000" />
  <attribute name="ProportionalI" value="4.000000" />
  <attribute name="ProportionalH" value="4.000000" />
  <attribute name="Current Error" value="8.000000" />
  <attribute name="IntegralT" value="12.000000" />
  <attribute name="IntegralI" value="12.000000" />
  <attribute name="IntegralH" value="12.000000" />
  <attribute name="DerivativeT" value="1.333333" />
  <attribute name="DerivativeI" value="1.333333" />
  <attribute name="DerivativeH" value="1.333333" />
  <attribute name="Loop Time for DT" value="3.000000" />
  <attribute name="Output H" value="8388608"/>
  <attribute name="Output I" value="200"/>
  <attribute name="Output T" value="4"/>
  <attribute name="Target GC Util Change" value ="20.000000" />
  <attribute name="Current GC Util Change" value="28.000000"/>
  <attribute name="GC Util currently" value="28" />
  <attribute name="CPU Util currently" value="1734517938011" />
<allocation-satisfied id="4077" threadId="0000000002213700" bytesRequested="1168" />
<af-end id="4078" timestamp="2019-06-16T21:31:02.274" threadId="0000000002214088" success="true" from="nursery"/>
<exclusive-end id="4079" timestamp="2019-06-16T21:31:02.274" durationms="1.269" />

<exclusive-start id="4080" timestamp="2019-06-16T21:31:02.276" intervalms="2.739">
  <response-info timems="0.060" idlems="0.060" threads="0" lastid="0000000002213700" lastname="main" />
</exclusive-start>
<af-start id="4081" threadId="0000000002214088" totalBytesRequested="1168" timestamp="2019-06-16T21:31:02.276" intervalms="2.746" type="nursery" />
<cycle-start id="4082" type="scavenge" contextid="0" timestamp="2019-06-16T21:31:02.276" intervalms="2.749" />
<gc-start id="4083" type="scavenge" contextid="4082" timestamp="2019-06-16T21:31:02.276">
  <mem-info id="4084" free="2045275560" total="2092630016" percent="97">
    <mem type="nursery" free="0" total="3932160" percent="0">
      <mem type="allocate" free="0" total="3538944" percent="0" />
      <mem type="survivor" free="0" total="393216" percent="0" />
    </mem>
    <mem type="tenure" free="2045275560" total="2088697856" percent="97">
      <mem type="soa" free="1919954344" total="1963376640" percent="97" />
      <mem type="loa" free="125321216" total="125321216" percent="100" />
    </mem>
    <remembered-set count="102" />
  </mem-info>
</gc-start>
<allocation-stats totalBytes="3444760" >
  <allocated-bytes non-tlh="1168" tlh="3443592" />
  <largest-consumer threadName="main" threadId="0000000002213700" bytes="3444760" />
</allocation-stats>
<gc-op id="4085" type="scavenge" timems="0.195" contextid="4082" timestamp="2019-06-16T21:31:02.276">
  <scavenger-info tenureage="8" tenuremask="ff00" tiltratio="90" />
  <memory-copied type="nursery" objects="2" bytes="56" bytesdiscarded="78280" />
</gc-op>
<gc-end id="4086" type="scavenge" contextid="4082" durationms="0.723" usertimems="4.000" systemtimems="0.000" timestamp="2019-06-16T21:31:02.277" activeThreads="4">
  <mem-info id="4087" free="2048736168" total="2092630016" percent="97">
    <mem type="nursery" free="3460608" total="3932160" percent="88">
      <mem type="allocate" free="3460608" total="3538944" percent="97" />
      <mem type="survivor" free="0" total="393216" percent="0" />
    </mem>
    <mem type="tenure" free="2045275560" total="2088697856" percent="97" macro-fragmented="655400">
      <mem type="soa" free="1919954344" total="1963376640" percent="97" />
      <mem type="loa" free="125321216" total="125321216" percent="100" />
    </mem>
    <remembered-set count="102" />
  </mem-info>
</gc-end>
<cycle-end id="4088" type="scavenge" contextid="4082" timestamp="2019-06-16T21:31:02.277" />
  <attribute name="elasticGC enabled" value="1" />
  <attribute name= "numThreadsSpecified" value="4" />
  <attribute name="heapSize specified" value="9371648" />
  <attribute name="Current GC Util" value="26" />
  <attribute name= "Current Time Running" value="48242" />
  <attribute name ="GC Interval" value="200" />
  <attribute name="ProportionalT" value="3.000000" />
  <attribute name="ProportionalI" value="3.000000" />
  <attribute name="ProportionalH" value="3.000000" />
  <attribute name="Current Error" value="6.000000" />
  <attribute name="IntegralT" value="9.000000" />
  <attribute name="IntegralI" value="9.000000" />
  <attribute name="IntegralH" value="9.000000" />
  <attribute name="DerivativeT" value="-0.666667" />
  <attribute name="DerivativeI" value="-0.666667" />
  <attribute name="DerivativeH" value="-0.666667" />
  <attribute name="Loop Time for DT" value="3.000000" />
  <attribute name="Output H" value="8388608"/>
  <attribute name="Output I" value="200"/>
  <attribute name="Output T" value="4"/>
  <attribute name="Target GC Util Change" value ="20.000000" />
  <attribute name="Current GC Util Change" value="26.000000"/>
  <attribute name="GC Util currently" value="26" />
  <attribute name="CPU Util currently" value="1681552994603" />
<allocation-satisfied id="4089" threadId="0000000002213700" bytesRequested="1168" />
<af-end id="4090" timestamp="2019-06-16T21:31:02.277" threadId="0000000002214088" success="true" from="nursery"/>
<exclusive-end id="4091" timestamp="2019-06-16T21:31:02.277" durationms="1.210" />

<exclusive-start id="4092" timestamp="2019-06-16T21:31:02.278" intervalms="2.729">
  <response-info timems="0.067" idlems="0.067" threads="0" lastid="0000000002213700" lastname="main" />
</exclusive-start>
<af-start id="4093" threadId="0000000002214088" totalBytesRequested="1168" timestamp="2019-06-16T21:31:02.278" intervalms="2.727" type="nursery" />
<cycle-start id="4094" type="scavenge" contextid="0" timestamp="2019-06-16T21:31:02.278" intervalms="2.717" />
<gc-start id="4095" type="scavenge" contextid="4094" timestamp="2019-06-16T21:31:02.279">
  <mem-info id="4096" free="2045275560" total="2092630016" percent="97">
    <mem type="nursery" free="0" total="3932160" percent="0">
      <mem type="allocate" free="0" total="3538944" percent="0" />
      <mem type="survivor" free="0" total="393216" percent="0" />
    </mem>
    <mem type="tenure" free="2045275560" total="2088697856" percent="97">
      <mem type="soa" free="1919954344" total="1963376640" percent="97" />
      <mem type="loa" free="125321216" total="125321216" percent="100" />
    </mem>
    <remembered-set count="102" />
  </mem-info>
</gc-start>
<allocation-stats totalBytes="3446016" >
  <allocated-bytes non-tlh="1168" tlh="3444848" />
  <largest-consumer threadName="main" threadId="0000000002213700" bytes="3446016" />
</allocation-stats>
<gc-op id="4097" type="scavenge" timems="0.233" contextid="4094" timestamp="2019-06-16T21:31:02.279">
  <scavenger-info tenureage="8" tenuremask="ff00" tiltratio="90" />
  <memory-copied type="nursery" objects="2" bytes="56" bytesdiscarded="78280" />
</gc-op>
<gc-end id="4098" type="scavenge" contextid="4094" durationms="0.761" usertimems="4.000" systemtimems="0.000" timestamp="2019-06-16T21:31:02.279" activeThreads="4">
  <mem-info id="4099" free="2048736168" total="2092630016" percent="97">
    <mem type="nursery" free="3460608" total="3932160" percent="88">
      <mem type="allocate" free="3460608" total="3538944" percent="97" />
      <mem type="survivor" free="0" total="393216" percent="0" />
    </mem>
    <mem type="tenure" free="2045275560" total="2088697856" percent="97" macro-fragmented="1048608">
      <mem type="soa" free="1919954344" total="1963376640" percent="97" />
      <mem type="loa" free="125321216" total="125321216" percent="100" />
    </mem>
    <remembered-set count="102" />
  </mem-info>
</gc-end>
<cycle-end id="4100" type="scavenge" contextid="4094" timestamp="2019-06-16T21:31:02.279" />
  <attribute name="elasticGC enabled" value="1" />
  <attribute name= "numThreadsSpecified" value="4" />
  <attribute name="heapSize specified" value="9371648" />
  <attribute name="Current GC Util" value="27" />
  <attribute name= "Current Time Running" value="48245" />
  <attribute name ="GC Interval" value="200" />
  <attribute name="ProportionalT" value="3.500000" />
  <attribute name="ProportionalI" value="3.500000" />
  <attribute name="ProportionalH" value="3.500000" />
  <attribute name="Current Error" value="7.000000" />
  <attribute name="IntegralT" value="10.500000" />
  <attribute name="IntegralI" value="10.500000" />
  <attribute name="IntegralH" value="10.500000" />
  <attribute name="DerivativeT" value="0.333333" />
  <attribute name="DerivativeI" value="0.333333" />
  <attribute name="DerivativeH" value="0.333333" />
  <attribute name="Loop Time for DT" value="3.000000" />
  <attribute name="Output H" value="8388608"/>
  <attribute name="Output I" value="200"/>
  <attribute name="Output T" value="4"/>
  <attribute name="Target GC Util Change" value ="20.000000" />
  <attribute name="Current GC Util Change" value="27.000000"/>
  <attribute name="GC Util currently" value="27" />
  <attribute name="CPU Util currently" value="1688481114059" />
<allocation-satisfied id="4101" threadId="0000000002213700" bytesRequested="1168" />
<af-end id="4102" timestamp="2019-06-16T21:31:02.279" threadId="0000000002214088" success="true" from="nursery"/>
<exclusive-end id="4103" timestamp="2019-06-16T21:31:02.280" durationms="1.254" />

<exclusive-start id="4104" timestamp="2019-06-16T21:31:02.281" intervalms="2.746">
  <response-info timems="0.049" idlems="0.049" threads="0" lastid="0000000002213700" lastname="main" />
</exclusive-start>
<af-start id="4105" threadId="0000000002214088" totalBytesRequested="1168" timestamp="2019-06-16T21:31:02.281" intervalms="2.735" type="nursery" />
<cycle-start id="4106" type="scavenge" contextid="0" timestamp="2019-06-16T21:31:02.281" intervalms="2.736" />
<gc-start id="4107" type="scavenge" contextid="4106" timestamp="2019-06-16T21:31:02.281">
  <mem-info id="4108" free="2045275560" total="2092630016" percent="97">
    <mem type="nursery" free="0" total="3932160" percent="0">
      <mem type="allocate" free="0" total="3538944" percent="0" />
      <mem type="survivor" free="0" total="393216" percent="0" />
    </mem>
    <mem type="tenure" free="2045275560" total="2088697856" percent="97">
      <mem type="soa" free="1919954344" total="1963376640" percent="97" />
      <mem type="loa" free="125321216" total="125321216" percent="100" />
    </mem>
    <remembered-set count="102" />
  </mem-info>
</gc-start>
<allocation-stats totalBytes="3444784" >
  <allocated-bytes non-tlh="1168" tlh="3443616" />
  <largest-consumer threadName="main" threadId="0000000002213700" bytes="3444784" />
</allocation-stats>
<gc-op id="4109" type="scavenge" timems="0.197" contextid="4106" timestamp="2019-06-16T21:31:02.282">
  <scavenger-info tenureage="8" tenuremask="ff00" tiltratio="90" />
  <memory-copied type="nursery" objects="2" bytes="56" bytesdiscarded="78280" />
</gc-op>
<gc-end id="4110" type="scavenge" contextid="4106" durationms="0.734" usertimems="0.000" systemtimems="0.000" timestamp="2019-06-16T21:31:02.282" activeThreads="4">
  <mem-info id="4111" free="2048736168" total="2092630016" percent="97">
    <mem type="nursery" free="3460608" total="3932160" percent="88">
      <mem type="allocate" free="3460608" total="3538944" percent="97" />
      <mem type="survivor" free="0" total="393216" percent="0" />
    </mem>
    <mem type="tenure" free="2045275560" total="2088697856" percent="97" macro-fragmented="418667">
      <mem type="soa" free="1919954344" total="1963376640" percent="97" />
      <mem type="loa" free="125321216" total="125321216" percent="100" />
    </mem>
    <remembered-set count="102" />
  </mem-info>
</gc-end>
<cycle-end id="4112" type="scavenge" contextid="4106" timestamp="2019-06-16T21:31:02.282" />
  <attribute name="elasticGC enabled" value="1" />
  <attribute name= "numThreadsSpecified" value="4" />
  <attribute name="heapSize specified" value="9371648" />
  <attribute name="Current GC Util" value="28" />
  <attribute name= "Current Time Running" value="48247" />
  <attribute name ="GC Interval" value="200" />
  <attribute name="ProportionalT" value="4.000000" />
  <attribute name="ProportionalI" value="4.000000" />
  <attribute name="ProportionalH" value="4.000000" />
  <attribute name="Current Error" value="8.000000" />
  <attribute name="IntegralT" value="8.000000" />
  <attribute name="IntegralI" value="8.000000" />
  <attribute name="IntegralH" value="8.000000" />
  <attribute name="DerivativeT" value="0.500000" />
  <attribute name="DerivativeI" value="0.500000" />
  <attribute name="DerivativeH" value="0.500000" />
  <attribute name="Loop Time for DT" value="2.000000" />
  <attribute name="Output H" value="8388608"/>
  <attribute name="Output I" value="200"/>
  <attribute name="Output T" value="4"/>
  <attribute name="Target GC Util Change" value ="20.000000" />
  <attribute name="Current GC Util Change" value="28.000000"/>
  <attribute name="GC Util currently" value="28" />
  <attribute name="CPU Util currently" value="1687840896076" />
<allocation-satisfied id="4113" threadId="0000000002213700" bytesRequested="1168" />
<af-end id="4114" timestamp="2019-06-16T21:31:02.282" threadId="0000000002214088" success="true" from="nursery"/>
<exclusive-end id="4115" timestamp="2019-06-16T21:31:02.282" durationms="1.192" />

<exclusive-start id="4116" timestamp="2019-06-16T21:31:02.284" intervalms="2.629">
  <response-info timems="0.031" idlems="0.031" threads="0" lastid="0000000002213700" lastname="main" />
</exclusive-start>
<af-start id="4117" threadId="0000000002214088" totalBytesRequested="1168" timestamp="2019-06-16T21:31:02.284" intervalms="2.633" type="nursery" />
<cycle-start id="4118" type="scavenge" contextid="0" timestamp="2019-06-16T21:31:02.284" intervalms="2.633" />
<gc-start id="4119" type="scavenge" contextid="4118" timestamp="2019-06-16T21:31:02.284">
  <mem-info id="4120" free="2045275560" total="2092630016" percent="97">
    <mem type="nursery" free="0" total="3932160" percent="0">
      <mem type="allocate" free="0" total="3538944" percent="0" />
      <mem type="survivor" free="0" total="393216" percent="0" />
    </mem>
    <mem type="tenure" free="2045275560" total="2088697856" percent="97">
      <mem type="soa" free="1919954344" total="1963376640" percent="97" />
      <mem type="loa" free="125321216" total="125321216" percent="100" />
    </mem>
    <remembered-set count="102" />
  </mem-info>
</gc-start>
<allocation-stats totalBytes="3446016" >
  <allocated-bytes non-tlh="1168" tlh="3444848" />
  <largest-consumer threadName="main" threadId="0000000002213700" bytes="3446016" />
</allocation-stats>
<gc-op id="4121" type="scavenge" timems="0.192" contextid="4118" timestamp="2019-06-16T21:31:02.284">
  <scavenger-info tenureage="8" tenuremask="ff00" tiltratio="90" />
  <memory-copied type="nursery" objects="2" bytes="56" bytesdiscarded="78280" />
</gc-op>
<gc-end id="4122" type="scavenge" contextid="4118" durationms="0.726" usertimems="0.000" systemtimems="0.000" timestamp="2019-06-16T21:31:02.285" activeThreads="4">
  <mem-info id="4123" free="2048736168" total="2092630016" percent="97">
    <mem type="nursery" free="3460608" total="3932160" percent="88">
      <mem type="allocate" free="3460608" total="3538944" percent="97" />
      <mem type="survivor" free="0" total="393216" percent="0" />
    </mem>
    <mem type="tenure" free="2045275560" total="2088697856" percent="97" macro-fragmented="168253">
      <mem type="soa" free="1919954344" total="1963376640" percent="97" />
      <mem type="loa" free="125321216" total="125321216" percent="100" />
    </mem>
    <remembered-set count="102" />
  </mem-info>
</gc-end>
<cycle-end id="4124" type="scavenge" contextid="4118" timestamp="2019-06-16T21:31:02.285" />
  <attribute name="elasticGC enabled" value="1" />
  <attribute name= "numThreadsSpecified" value="4" />
  <attribute name="heapSize specified" value="9371648" />
  <attribute name="Current GC Util" value="28" />
  <attribute name= "Current Time Running" value="48250" />
  <attribute name ="GC Interval" value="200" />
  <attribute name="ProportionalT" value="4.000000" />
  <attribute name="ProportionalI" value="4.000000" />
  <attribute name="ProportionalH" value="4.000000" />
  <attribute name="Current Error" value="8.000000" />
  <attribute name="IntegralT" value="12.000000" />
  <attribute name="IntegralI" value="12.000000" />
  <attribute name="IntegralH" value="12.000000" />
  <attribute name="DerivativeT" value="0.000000" />
  <attribute name="DerivativeI" value="0.000000" />
  <attribute name="DerivativeH" value="0.000000" />
  <attribute name="Loop Time for DT" value="3.000000" />
  <attribute name="Output H" value="8388608"/>
  <attribute name="Output I" value="200"/>
  <attribute name="Output T" value="4"/>
  <attribute name="Target GC Util Change" value ="20.000000" />
  <attribute name="Current GC Util Change" value="28.000000"/>
  <attribute name="GC Util currently" value="28" />
  <attribute name="CPU Util currently" value="1755864859443" />
<allocation-satisfied id="4125" threadId="0000000002213700" bytesRequested="1168" />
<af-end id="4126" timestamp="2019-06-16T21:31:02.285" threadId="0000000002214088" success="true" from="nursery"/>
<exclusive-end id="4127" timestamp="2019-06-16T21:31:02.285" durationms="1.186" />

<exclusive-start id="4128" timestamp="2019-06-16T21:31:02.286" intervalms="2.653">
  <response-info timems="0.031" idlems="0.031" threads="0" lastid="0000000002213700" lastname="main" />
</exclusive-start>
<af-start id="4129" threadId="0000000002214088" totalBytesRequested="1168" timestamp="2019-06-16T21:31:02.286" intervalms="2.653" type="nursery" />
<cycle-start id="4130" type="scavenge" contextid="0" timestamp="2019-06-16T21:31:02.286" intervalms="2.651" />
<gc-start id="4131" type="scavenge" contextid="4130" timestamp="2019-06-16T21:31:02.287">
  <mem-info id="4132" free="2045275560" total="2092630016" percent="97">
    <mem type="nursery" free="0" total="3932160" percent="0">
      <mem type="allocate" free="0" total="3538944" percent="0" />
      <mem type="survivor" free="0" total="393216" percent="0" />
    </mem>
    <mem type="tenure" free="2045275560" total="2088697856" percent="97">
      <mem type="soa" free="1919954344" total="1963376640" percent="97" />
      <mem type="loa" free="125321216" total="125321216" percent="100" />
    </mem>
    <remembered-set count="102" />
  </mem-info>
</gc-start>
<allocation-stats totalBytes="3444784" >
  <allocated-bytes non-tlh="1168" tlh="3443616" />
  <largest-consumer threadName="main" threadId="0000000002213700" bytes="3444784" />
</allocation-stats>
<gc-op id="4133" type="scavenge" timems="0.197" contextid="4130" timestamp="2019-06-16T21:31:02.287">
  <scavenger-info tenureage="8" tenuremask="ff00" tiltratio="90" />
  <memory-copied type="nursery" objects="2" bytes="56" bytesdiscarded="78280" />
</gc-op>
<gc-end id="4134" type="scavenge" contextid="4130" durationms="0.728" usertimems="0.000" systemtimems="0.000" timestamp="2019-06-16T21:31:02.287" activeThreads="4">
  <mem-info id="4135" free="2048736168" total="2092630016" percent="97">
    <mem type="nursery" free="3460608" total="3932160" percent="88">
      <mem type="allocate" free="3460608" total="3538944" percent="97" />
      <mem type="survivor" free="0" total="393216" percent="0" />
    </mem>
    <mem type="tenure" free="2045275560" total="2088697856" percent="97" macro-fragmented="201903">
      <mem type="soa" free="1919954344" total="1963376640" percent="97" />
      <mem type="loa" free="125321216" total="125321216" percent="100" />
    </mem>
    <remembered-set count="102" />
  </mem-info>
</gc-end>
<cycle-end id="4136" type="scavenge" contextid="4130" timestamp="2019-06-16T21:31:02.287" />
  <attribute name="elasticGC enabled" value="1" />
  <attribute name= "numThreadsSpecified" value="4" />
  <attribute name="heapSize specified" value="9371648" />
  <attribute name="Current GC Util" value="27" />
  <attribute name= "Current Time Running" value="48253" />
  <attribute name ="GC Interval" value="200" />
  <attribute name="ProportionalT" value="3.500000" />
  <attribute name="ProportionalI" value="3.500000" />
  <attribute name="ProportionalH" value="3.500000" />
  <attribute name="Current Error" value="7.000000" />
  <attribute name="IntegralT" value="10.500000" />
  <attribute name="IntegralI" value="10.500000" />
  <attribute name="IntegralH" value="10.500000" />
  <attribute name="DerivativeT" value="-0.333333" />
  <attribute name="DerivativeI" value="-0.333333" />
  <attribute name="DerivativeH" value="-0.333333" />
  <attribute name="Loop Time for DT" value="3.000000" />
  <attribute name="Output H" value="8388608"/>
  <attribute name="Output I" value="200"/>
  <attribute name="Output T" value="4"/>
  <attribute name="Target GC Util Change" value ="20.000000" />
  <attribute name="Current GC Util Change" value="27.000000"/>
  <attribute name="GC Util currently" value="27" />
  <attribute name="CPU Util currently" value="1742295049241" />
<allocation-satisfied id="4137" threadId="0000000002213700" bytesRequested="1168" />
<af-end id="4138" timestamp="2019-06-16T21:31:02.287" threadId="0000000002214088" success="true" from="nursery"/>
<exclusive-end id="4139" timestamp="2019-06-16T21:31:02.288" durationms="1.184" />

<exclusive-start id="4140" timestamp="2019-06-16T21:31:02.289" intervalms="2.672">
  <response-info timems="0.062" idlems="0.062" threads="0" lastid="0000000002213700" lastname="main" />
</exclusive-start>
<af-start id="4141" threadId="0000000002214088" totalBytesRequested="1168" timestamp="2019-06-16T21:31:02.289" intervalms="2.669" type="nursery" />
<cycle-start id="4142" type="scavenge" contextid="0" timestamp="2019-06-16T21:31:02.289" intervalms="2.683" />
<gc-start id="4143" type="scavenge" contextid="4142" timestamp="2019-06-16T21:31:02.289">
  <mem-info id="4144" free="2045275560" total="2092630016" percent="97">
    <mem type="nursery" free="0" total="3932160" percent="0">
      <mem type="allocate" free="0" total="3538944" percent="0" />
      <mem type="survivor" free="0" total="393216" percent="0" />
    </mem>
    <mem type="tenure" free="2045275560" total="2088697856" percent="97">
      <mem type="soa" free="1919954344" total="1963376640" percent="97" />
      <mem type="loa" free="125321216" total="125321216" percent="100" />
    </mem>
    <remembered-set count="102" />
  </mem-info>
</gc-start>
<allocation-stats totalBytes="3446016" >
  <allocated-bytes non-tlh="1168" tlh="3444848" />
  <largest-consumer threadName="main" threadId="0000000002213700" bytes="3446016" />
</allocation-stats>
<gc-op id="4145" type="scavenge" timems="0.208" contextid="4142" timestamp="2019-06-16T21:31:02.290">
  <scavenger-info tenureage="8" tenuremask="ff00" tiltratio="90" />
  <memory-copied type="nursery" objects="2" bytes="56" bytesdiscarded="78280" />
</gc-op>
<gc-end id="4146" type="scavenge" contextid="4142" durationms="0.744" usertimems="0.000" systemtimems="0.000" timestamp="2019-06-16T21:31:02.290" activeThreads="4">
  <mem-info id="4147" free="2048736168" total="2092630016" percent="97">
    <mem type="nursery" free="3460608" total="3932160" percent="88">
      <mem type="allocate" free="3460608" total="3538944" percent="97" />
      <mem type="survivor" free="0" total="393216" percent="0" />
    </mem>
    <mem type="tenure" free="2045275560" total="2088697856" percent="97" macro-fragmented="348889">
      <mem type="soa" free="1919954344" total="1963376640" percent="97" />
      <mem type="loa" free="125321216" total="125321216" percent="100" />
    </mem>
    <remembered-set count="102" />
  </mem-info>
</gc-end>
<cycle-end id="4148" type="scavenge" contextid="4142" timestamp="2019-06-16T21:31:02.290" />
  <attribute name="elasticGC enabled" value="1" />
  <attribute name= "numThreadsSpecified" value="4" />
  <attribute name="heapSize specified" value="9371648" />
  <attribute name="Current GC Util" value="26" />
  <attribute name= "Current Time Running" value="48255" />
  <attribute name ="GC Interval" value="200" />
  <attribute name="ProportionalT" value="3.000000" />
  <attribute name="ProportionalI" value="3.000000" />
  <attribute name="ProportionalH" value="3.000000" />
  <attribute name="Current Error" value="6.000000" />
  <attribute name="IntegralT" value="6.000000" />
  <attribute name="IntegralI" value="6.000000" />
  <attribute name="IntegralH" value="6.000000" />
  <attribute name="DerivativeT" value="-0.500000" />
  <attribute name="DerivativeI" value="-0.500000" />
  <attribute name="DerivativeH" value="-0.500000" />
  <attribute name="Loop Time for DT" value="2.000000" />
  <attribute name="Output H" value="8388608"/>
  <attribute name="Output I" value="200"/>
  <attribute name="Output T" value="4"/>
  <attribute name="Target GC Util Change" value ="20.000000" />
  <attribute name="Current GC Util Change" value="26.000000"/>
  <attribute name="GC Util currently" value="26" />
  <attribute name="CPU Util currently" value="1711457934385" />
<allocation-satisfied id="4149" threadId="0000000002213700" bytesRequested="1168" />
<af-end id="4150" timestamp="2019-06-16T21:31:02.290" threadId="0000000002214088" success="true" from="nursery"/>
<exclusive-end id="4151" timestamp="2019-06-16T21:31:02.290" durationms="1.218" />

<exclusive-start id="4152" timestamp="2019-06-16T21:31:02.292" intervalms="2.670">
  <response-info timems="0.022" idlems="0.022" threads="0" lastid="0000000002213700" lastname="main" />
</exclusive-start>
<af-start id="4153" threadId="0000000002214088" totalBytesRequested="1168" timestamp="2019-06-16T21:31:02.292" intervalms="2.665" type="nursery" />
<cycle-start id="4154" type="scavenge" contextid="0" timestamp="2019-06-16T21:31:02.292" intervalms="2.649" />
<gc-start id="4155" type="scavenge" contextid="4154" timestamp="2019-06-16T21:31:02.292">
  <mem-info id="4156" free="2045275560" total="2092630016" percent="97">
    <mem type="nursery" free="0" total="3932160" percent="0">
      <mem type="allocate" free="0" total="3538944" percent="0" />
      <mem type="survivor" free="0" total="393216" percent="0" />
    </mem>
    <mem type="tenure" free="2045275560" total="2088697856" percent="97">
      <mem type="soa" free="1919954344" total="1963376640" percent="97" />
      <mem type="loa" free="125321216" total="125321216" percent="100" />
    </mem>
    <remembered-set count="102" />
  </mem-info>
</gc-start>
<allocation-stats totalBytes="3444784" >
  <allocated-bytes non-tlh="1168" tlh="3443616" />
  <largest-consumer threadName="main" threadId="0000000002213700" bytes="3444784" />
</allocation-stats>
<gc-op id="4157" type="scavenge" timems="0.205" contextid="4154" timestamp="2019-06-16T21:31:02.292">
  <scavenger-info tenureage="9" tenuremask="fe00" tiltratio="90" />
  <memory-copied type="nursery" objects="2" bytes="56" bytesdiscarded="78280" />
</gc-op>
<gc-end id="4158" type="scavenge" contextid="4154" durationms="0.731" usertimems="4.000" systemtimems="0.000" timestamp="2019-06-16T21:31:02.293" activeThreads="4">
  <mem-info id="4159" free="2048736168" total="2092630016" percent="97">
    <mem type="nursery" free="3460608" total="3932160" percent="88">
      <mem type="allocate" free="3460608" total="3538944" percent="97" />
      <mem type="survivor" free="0" total="393216" percent="0" />
    </mem>
    <mem type="tenure" free="2045275560" total="2088697856" percent="97" macro-fragmented="348889">
      <mem type="soa" free="1919954344" total="1963376640" percent="97" />
      <mem type="loa" free="125321216" total="125321216" percent="100" />
    </mem>
    <remembered-set count="102" />
  </mem-info>
</gc-end>
<cycle-end id="4160" type="scavenge" contextid="4154" timestamp="2019-06-16T21:31:02.293" />
  <attribute name="elasticGC enabled" value="1" />
  <attribute name= "numThreadsSpecified" value="4" />
  <attribute name="heapSize specified" value="9371648" />
  <attribute name="Current GC Util" value="28" />
  <attribute name= "Current Time Running" value="48258" />
  <attribute name ="GC Interval" value="200" />
  <attribute name="ProportionalT" value="4.000000" />
  <attribute name="ProportionalI" value="4.000000" />
  <attribute name="ProportionalH" value="4.000000" />
  <attribute name="Current Error" value="8.000000" />
  <attribute name="IntegralT" value="12.000000" />
  <attribute name="IntegralI" value="12.000000" />
  <attribute name="IntegralH" value="12.000000" />
  <attribute name="DerivativeT" value="0.666667" />
  <attribute name="DerivativeI" value="0.666667" />
  <attribute name="DerivativeH" value="0.666667" />
  <attribute name="Loop Time for DT" value="3.000000" />
  <attribute name="Output H" value="8388608"/>
  <attribute name="Output I" value="200"/>
  <attribute name="Output T" value="4"/>
  <attribute name="Target GC Util Change" value ="20.000000" />
  <attribute name="Current GC Util Change" value="28.000000"/>
  <attribute name="GC Util currently" value="28" />
  <attribute name="CPU Util currently" value="1751506178518" />
<allocation-satisfied id="4161" threadId="0000000002213700" bytesRequested="1168" />
<af-end id="4162" timestamp="2019-06-16T21:31:02.293" threadId="0000000002214088" success="true" from="nursery"/>
<exclusive-end id="4163" timestamp="2019-06-16T21:31:02.293" durationms="1.169" />

<exclusive-start id="4164" timestamp="2019-06-16T21:31:02.294" intervalms="2.639">
  <response-info timems="0.031" idlems="0.031" threads="0" lastid="0000000002213700" lastname="main" />
</exclusive-start>
<af-start id="4165" threadId="0000000002214088" totalBytesRequested="1168" timestamp="2019-06-16T21:31:02.294" intervalms="2.658" type="nursery" />
<cycle-start id="4166" type="scavenge" contextid="0" timestamp="2019-06-16T21:31:02.294" intervalms="2.662" />
<gc-start id="4167" type="scavenge" contextid="4166" timestamp="2019-06-16T21:31:02.295">
  <mem-info id="4168" free="2045275560" total="2092630016" percent="97">
    <mem type="nursery" free="0" total="3932160" percent="0">
      <mem type="allocate" free="0" total="3538944" percent="0" />
      <mem type="survivor" free="0" total="393216" percent="0" />
    </mem>
    <mem type="tenure" free="2045275560" total="2088697856" percent="97">
      <mem type="soa" free="1919954344" total="1963376640" percent="97" />
      <mem type="loa" free="125321216" total="125321216" percent="100" />
    </mem>
    <remembered-set count="102" />
  </mem-info>
</gc-start>
<allocation-stats totalBytes="3446016" >
  <allocated-bytes non-tlh="1168" tlh="3444848" />
  <largest-consumer threadName="main" threadId="0000000002213700" bytes="3446016" />
</allocation-stats>
<gc-op id="4169" type="scavenge" timems="0.194" contextid="4166" timestamp="2019-06-16T21:31:02.295">
  <scavenger-info tenureage="9" tenuremask="fe00" tiltratio="90" />
  <memory-copied type="nursery" objects="2" bytes="56" bytesdiscarded="78280" />
</gc-op>
<gc-end id="4170" type="scavenge" contextid="4166" durationms="0.728" usertimems="0.000" systemtimems="0.000" timestamp="2019-06-16T21:31:02.295" activeThreads="4">
  <mem-info id="4171" free="2048736168" total="2092630016" percent="97">
    <mem type="nursery" free="3460608" total="3932160" percent="88">
      <mem type="allocate" free="3460608" total="3538944" percent="97" />
      <mem type="survivor" free="0" total="393216" percent="0" />
    </mem>
    <mem type="tenure" free="2045275560" total="2088697856" percent="97" macro-fragmented="116842">
      <mem type="soa" free="1919954344" total="1963376640" percent="97" />
      <mem type="loa" free="125321216" total="125321216" percent="100" />
    </mem>
    <remembered-set count="102" />
  </mem-info>
</gc-end>
<cycle-end id="4172" type="scavenge" contextid="4166" timestamp="2019-06-16T21:31:02.295" />
  <attribute name="elasticGC enabled" value="1" />
  <attribute name= "numThreadsSpecified" value="4" />
  <attribute name="heapSize specified" value="9371648" />
  <attribute name="Current GC Util" value="26" />
  <attribute name= "Current Time Running" value="48261" />
  <attribute name ="GC Interval" value="200" />
  <attribute name="ProportionalT" value="3.000000" />
  <attribute name="ProportionalI" value="3.000000" />
  <attribute name="ProportionalH" value="3.000000" />
  <attribute name="Current Error" value="6.000000" />
  <attribute name="IntegralT" value="9.000000" />
  <attribute name="IntegralI" value="9.000000" />
  <attribute name="IntegralH" value="9.000000" />
  <attribute name="DerivativeT" value="-0.666667" />
  <attribute name="DerivativeI" value="-0.666667" />
  <attribute name="DerivativeH" value="-0.666667" />
  <attribute name="Loop Time for DT" value="3.000000" />
  <attribute name="Output H" value="8388608"/>
  <attribute name="Output I" value="200"/>
  <attribute name="Output T" value="4"/>
  <attribute name="Target GC Util Change" value ="20.000000" />
  <attribute name="Current GC Util Change" value="26.000000"/>
  <attribute name="GC Util currently" value="26" />
  <attribute name="CPU Util currently" value="1726403338290" />
<allocation-satisfied id="4173" threadId="0000000002213700" bytesRequested="1168" />
<af-end id="4174" timestamp="2019-06-16T21:31:02.295" threadId="0000000002214088" success="true" from="nursery"/>
<exclusive-end id="4175" timestamp="2019-06-16T21:31:02.295" durationms="1.199" />

<exclusive-start id="4176" timestamp="2019-06-16T21:31:02.297" intervalms="2.644">
  <response-info timems="0.031" idlems="0.031" threads="0" lastid="0000000002213700" lastname="main" />
</exclusive-start>
<af-start id="4177" threadId="0000000002214088" totalBytesRequested="1168" timestamp="2019-06-16T21:31:02.297" intervalms="2.634" type="nursery" />
<cycle-start id="4178" type="scavenge" contextid="0" timestamp="2019-06-16T21:31:02.297" intervalms="2.629" />
<gc-start id="4179" type="scavenge" contextid="4178" timestamp="2019-06-16T21:31:02.297">
  <mem-info id="4180" free="2045275560" total="2092630016" percent="97">
    <mem type="nursery" free="0" total="3932160" percent="0">
      <mem type="allocate" free="0" total="3538944" percent="0" />
      <mem type="survivor" free="0" total="393216" percent="0" />
    </mem>
    <mem type="tenure" free="2045275560" total="2088697856" percent="97">
      <mem type="soa" free="1919954344" total="1963376640" percent="97" />
      <mem type="loa" free="125321216" total="125321216" percent="100" />
    </mem>
    <remembered-set count="102" />
  </mem-info>
</gc-start>
<allocation-stats totalBytes="3444784" >
  <allocated-bytes non-tlh="1168" tlh="3443616" />
  <largest-consumer threadName="main" threadId="0000000002213700" bytes="3444784" />
</allocation-stats>
<gc-op id="4181" type="scavenge" timems="0.185" contextid="4178" timestamp="2019-06-16T21:31:02.297">
  <scavenger-info tenureage="9" tenuremask="fe00" tiltratio="90" />
  <memory-copied type="nursery" objects="2" bytes="56" bytesdiscarded="78280" />
</gc-op>
<gc-end id="4182" type="scavenge" contextid="4178" durationms="0.713" usertimems="0.000" systemtimems="0.000" timestamp="2019-06-16T21:31:02.298" activeThreads="4">
  <mem-info id="4183" free="2048736168" total="2092630016" percent="97">
    <mem type="nursery" free="3460608" total="3932160" percent="88">
      <mem type="allocate" free="3460608" total="3538944" percent="97" />
      <mem type="survivor" free="0" total="393216" percent="0" />
    </mem>
    <mem type="tenure" free="2045275560" total="2088697856" percent="97" macro-fragmented="2160235">
      <mem type="soa" free="1919954344" total="1963376640" percent="97" />
      <mem type="loa" free="125321216" total="125321216" percent="100" />
    </mem>
    <remembered-set count="102" />
  </mem-info>
</gc-end>
<cycle-end id="4184" type="scavenge" contextid="4178" timestamp="2019-06-16T21:31:02.298" />
  <attribute name="elasticGC enabled" value="1" />
  <attribute name= "numThreadsSpecified" value="4" />
  <attribute name="heapSize specified" value="9371648" />
  <attribute name="Current GC Util" value="28" />
  <attribute name= "Current Time Running" value="48263" />
  <attribute name ="GC Interval" value="200" />
  <attribute name="ProportionalT" value="4.000000" />
  <attribute name="ProportionalI" value="4.000000" />
  <attribute name="ProportionalH" value="4.000000" />
  <attribute name="Current Error" value="8.000000" />
  <attribute name="IntegralT" value="8.000000" />
  <attribute name="IntegralI" value="8.000000" />
  <attribute name="IntegralH" value="8.000000" />
  <attribute name="DerivativeT" value="1.000000" />
  <attribute name="DerivativeI" value="1.000000" />
  <attribute name="DerivativeH" value="1.000000" />
  <attribute name="Loop Time for DT" value="2.000000" />
  <attribute name="Output H" value="8388608"/>
  <attribute name="Output I" value="200"/>
  <attribute name="Output T" value="4"/>
  <attribute name="Target GC Util Change" value ="20.000000" />
  <attribute name="Current GC Util Change" value="28.000000"/>
  <attribute name="GC Util currently" value="28" />
  <attribute name="CPU Util currently" value="1775216563798" />
<allocation-satisfied id="4185" threadId="0000000002213700" bytesRequested="1168" />
<af-end id="4186" timestamp="2019-06-16T21:31:02.298" threadId="0000000002214088" success="true" from="nursery"/>
<exclusive-end id="4187" timestamp="2019-06-16T21:31:02.298" durationms="1.141" />

<exclusive-start id="4188" timestamp="2019-06-16T21:31:02.300" intervalms="2.616">
  <response-info timems="0.087" idlems="0.087" threads="0" lastid="0000000002213700" lastname="main" />
</exclusive-start>
<af-start id="4189" threadId="0000000002214088" totalBytesRequested="1168" timestamp="2019-06-16T21:31:02.300" intervalms="2.605" type="nursery" />
<cycle-start id="4190" type="scavenge" contextid="0" timestamp="2019-06-16T21:31:02.300" intervalms="2.607" />
<gc-start id="4191" type="scavenge" contextid="4190" timestamp="2019-06-16T21:31:02.300">
  <mem-info id="4192" free="2045275560" total="2092630016" percent="97">
    <mem type="nursery" free="0" total="3932160" percent="0">
      <mem type="allocate" free="0" total="3538944" percent="0" />
      <mem type="survivor" free="0" total="393216" percent="0" />
    </mem>
    <mem type="tenure" free="2045275560" total="2088697856" percent="97">
      <mem type="soa" free="1919954344" total="1963376640" percent="97" />
      <mem type="loa" free="125321216" total="125321216" percent="100" />
    </mem>
    <remembered-set count="102" />
  </mem-info>
</gc-start>
<allocation-stats totalBytes="3446016" >
  <allocated-bytes non-tlh="1168" tlh="3444848" />
  <largest-consumer threadName="main" threadId="0000000002213700" bytes="3446016" />
</allocation-stats>
<gc-op id="4193" type="scavenge" timems="0.182" contextid="4190" timestamp="2019-06-16T21:31:02.300">
  <scavenger-info tenureage="9" tenuremask="fe00" tiltratio="90" />
  <memory-copied type="nursery" objects="2" bytes="56" bytesdiscarded="78280" />
</gc-op>
<gc-end id="4194" type="scavenge" contextid="4190" durationms="0.705" usertimems="4.000" systemtimems="0.000" timestamp="2019-06-16T21:31:02.300" activeThreads="4">
  <mem-info id="4195" free="2048736168" total="2092630016" percent="97">
    <mem type="nursery" free="3460608" total="3932160" percent="88">
      <mem type="allocate" free="3460608" total="3538944" percent="97" />
      <mem type="survivor" free="0" total="393216" percent="0" />
    </mem>
    <mem type="tenure" free="2045275560" total="2088697856" percent="97" macro-fragmented="262176">
      <mem type="soa" free="1919954344" total="1963376640" percent="97" />
      <mem type="loa" free="125321216" total="125321216" percent="100" />
    </mem>
    <remembered-set count="102" />
  </mem-info>
</gc-end>
<cycle-end id="4196" type="scavenge" contextid="4190" timestamp="2019-06-16T21:31:02.301" />
  <attribute name="elasticGC enabled" value="1" />
  <attribute name= "numThreadsSpecified" value="4" />
  <attribute name="heapSize specified" value="9371648" />
  <attribute name="Current GC Util" value="27" />
  <attribute name= "Current Time Running" value="48266" />
  <attribute name ="GC Interval" value="200" />
  <attribute name="ProportionalT" value="3.500000" />
  <attribute name="ProportionalI" value="3.500000" />
  <attribute name="ProportionalH" value="3.500000" />
  <attribute name="Current Error" value="7.000000" />
  <attribute name="IntegralT" value="10.500000" />
  <attribute name="IntegralI" value="10.500000" />
  <attribute name="IntegralH" value="10.500000" />
  <attribute name="DerivativeT" value="-0.333333" />
  <attribute name="DerivativeI" value="-0.333333" />
  <attribute name="DerivativeH" value="-0.333333" />
  <attribute name="Loop Time for DT" value="3.000000" />
  <attribute name="Output H" value="8388608"/>
  <attribute name="Output I" value="200"/>
  <attribute name="Output T" value="4"/>
  <attribute name="Target GC Util Change" value ="20.000000" />
  <attribute name="Current GC Util Change" value="27.000000"/>
  <attribute name="GC Util currently" value="27" />
  <attribute name="CPU Util currently" value="1759606569281" />
<allocation-satisfied id="4197" threadId="0000000002213700" bytesRequested="1168" />
<af-end id="4198" timestamp="2019-06-16T21:31:02.301" threadId="0000000002214088" success="true" from="nursery"/>
<exclusive-end id="4199" timestamp="2019-06-16T21:31:02.301" durationms="1.143" />

<exclusive-start id="4200" timestamp="2019-06-16T21:31:02.302" intervalms="2.594">
  <response-info timems="0.026" idlems="0.026" threads="0" lastid="0000000002213700" lastname="main" />
</exclusive-start>
<af-start id="4201" threadId="0000000002214088" totalBytesRequested="1168" timestamp="2019-06-16T21:31:02.302" intervalms="2.610" type="nursery" />
<cycle-start id="4202" type="scavenge" contextid="0" timestamp="2019-06-16T21:31:02.302" intervalms="2.615" />
<gc-start id="4203" type="scavenge" contextid="4202" timestamp="2019-06-16T21:31:02.302">
  <mem-info id="4204" free="2045275560" total="2092630016" percent="97">
    <mem type="nursery" free="0" total="3932160" percent="0">
      <mem type="allocate" free="0" total="3538944" percent="0" />
      <mem type="survivor" free="0" total="393216" percent="0" />
    </mem>
    <mem type="tenure" free="2045275560" total="2088697856" percent="97">
      <mem type="soa" free="1919954344" total="1963376640" percent="97" />
      <mem type="loa" free="125321216" total="125321216" percent="100" />
    </mem>
    <remembered-set count="102" />
  </mem-info>
</gc-start>
<allocation-stats totalBytes="3444784" >
  <allocated-bytes non-tlh="1168" tlh="3443616" />
  <largest-consumer threadName="main" threadId="0000000002213700" bytes="3444784" />
</allocation-stats>
<gc-op id="4205" type="scavenge" timems="0.197" contextid="4202" timestamp="2019-06-16T21:31:02.303">
  <scavenger-info tenureage="9" tenuremask="fe00" tiltratio="90" />
  <memory-copied type="nursery" objects="2" bytes="56" bytesdiscarded="78280" />
</gc-op>
<gc-end id="4206" type="scavenge" contextid="4202" durationms="0.735" usertimems="0.000" systemtimems="0.000" timestamp="2019-06-16T21:31:02.303" activeThreads="4">
  <mem-info id="4207" free="2048736168" total="2092630016" percent="97">
    <mem type="nursery" free="3460608" total="3932160" percent="88">
      <mem type="allocate" free="3460608" total="3538944" percent="97" />
      <mem type="survivor" free="0" total="393216" percent="0" />
    </mem>
    <mem type="tenure" free="2045275560" total="2088697856" percent="97" macro-fragmented="1800196">
      <mem type="soa" free="1919954344" total="1963376640" percent="97" />
      <mem type="loa" free="125321216" total="125321216" percent="100" />
    </mem>
    <remembered-set count="102" />
  </mem-info>
</gc-end>
<cycle-end id="4208" type="scavenge" contextid="4202" timestamp="2019-06-16T21:31:02.303" />
  <attribute name="elasticGC enabled" value="1" />
  <attribute name= "numThreadsSpecified" value="4" />
  <attribute name="heapSize specified" value="9371648" />
  <attribute name="Current GC Util" value="26" />
  <attribute name= "Current Time Running" value="48268" />
  <attribute name ="GC Interval" value="200" />
  <attribute name="ProportionalT" value="3.000000" />
  <attribute name="ProportionalI" value="3.000000" />
  <attribute name="ProportionalH" value="3.000000" />
  <attribute name="Current Error" value="6.000000" />
  <attribute name="IntegralT" value="6.000000" />
  <attribute name="IntegralI" value="6.000000" />
  <attribute name="IntegralH" value="6.000000" />
  <attribute name="DerivativeT" value="-0.500000" />
  <attribute name="DerivativeI" value="-0.500000" />
  <attribute name="DerivativeH" value="-0.500000" />
  <attribute name="Loop Time for DT" value="2.000000" />
  <attribute name="Output H" value="8388608"/>
  <attribute name="Output I" value="200"/>
  <attribute name="Output T" value="4"/>
  <attribute name="Target GC Util Change" value ="20.000000" />
  <attribute name="Current GC Util Change" value="26.000000"/>
  <attribute name="GC Util currently" value="26" />
  <attribute name="CPU Util currently" value="1749877247016" />
<allocation-satisfied id="4209" threadId="0000000002213700" bytesRequested="1168" />
<af-end id="4210" timestamp="2019-06-16T21:31:02.303" threadId="0000000002214088" success="true" from="nursery"/>
<exclusive-end id="4211" timestamp="2019-06-16T21:31:02.303" durationms="1.204" />

<exclusive-start id="4212" timestamp="2019-06-16T21:31:02.305" intervalms="2.613">
  <response-info timems="0.025" idlems="0.025" threads="0" lastid="0000000002213700" lastname="main" />
</exclusive-start>
<af-start id="4213" threadId="0000000002214088" totalBytesRequested="1168" timestamp="2019-06-16T21:31:02.305" intervalms="2.606" type="nursery" />
<cycle-start id="4214" type="scavenge" contextid="0" timestamp="2019-06-16T21:31:02.305" intervalms="2.607" />
<gc-start id="4215" type="scavenge" contextid="4214" timestamp="2019-06-16T21:31:02.305">
  <mem-info id="4216" free="2045275560" total="2092630016" percent="97">
    <mem type="nursery" free="0" total="3932160" percent="0">
      <mem type="allocate" free="0" total="3538944" percent="0" />
      <mem type="survivor" free="0" total="393216" percent="0" />
    </mem>
    <mem type="tenure" free="2045275560" total="2088697856" percent="97">
      <mem type="soa" free="1919954344" total="1963376640" percent="97" />
      <mem type="loa" free="125321216" total="125321216" percent="100" />
    </mem>
    <remembered-set count="102" />
  </mem-info>
</gc-start>
<allocation-stats totalBytes="3445992" >
  <allocated-bytes non-tlh="1168" tlh="3444824" />
  <largest-consumer threadName="main" threadId="0000000002213700" bytes="3445992" />
</allocation-stats>
<gc-op id="4217" type="scavenge" timems="0.195" contextid="4214" timestamp="2019-06-16T21:31:02.305">
  <scavenger-info tenureage="9" tenuremask="fe00" tiltratio="90" />
  <memory-copied type="nursery" objects="2" bytes="56" bytesdiscarded="39112" />
</gc-op>
<gc-end id="4218" type="scavenge" contextid="4214" durationms="0.725" usertimems="4.000" systemtimems="0.000" timestamp="2019-06-16T21:31:02.306" activeThreads="4">
  <mem-info id="4219" free="2048775336" total="2092630016" percent="97">
    <mem type="nursery" free="3499776" total="3932160" percent="89">
      <mem type="allocate" free="3499776" total="3538944" percent="98" />
      <mem type="survivor" free="0" total="393216" percent="0" />
    </mem>
    <mem type="tenure" free="2045275560" total="2088697856" percent="97" macro-fragmented="800032">
      <mem type="soa" free="1919954344" total="1963376640" percent="97" />
      <mem type="loa" free="125321216" total="125321216" percent="100" />
    </mem>
    <remembered-set count="102" />
  </mem-info>
</gc-end>
<cycle-end id="4220" type="scavenge" contextid="4214" timestamp="2019-06-16T21:31:02.306" />
  <attribute name="elasticGC enabled" value="1" />
  <attribute name= "numThreadsSpecified" value="4" />
  <attribute name="heapSize specified" value="9371648" />
  <attribute name="Current GC Util" value="27" />
  <attribute name= "Current Time Running" value="48271" />
  <attribute name ="GC Interval" value="200" />
  <attribute name="ProportionalT" value="3.500000" />
  <attribute name="ProportionalI" value="3.500000" />
  <attribute name="ProportionalH" value="3.500000" />
  <attribute name="Current Error" value="7.000000" />
  <attribute name="IntegralT" value="10.500000" />
  <attribute name="IntegralI" value="10.500000" />
  <attribute name="IntegralH" value="10.500000" />
  <attribute name="DerivativeT" value="0.333333" />
  <attribute name="DerivativeI" value="0.333333" />
  <attribute name="DerivativeH" value="0.333333" />
  <attribute name="Loop Time for DT" value="3.000000" />
  <attribute name="Output H" value="8388608"/>
  <attribute name="Output I" value="200"/>
  <attribute name="Output T" value="4"/>
  <attribute name="Target GC Util Change" value ="20.000000" />
  <attribute name="Current GC Util Change" value="27.000000"/>
  <attribute name="GC Util currently" value="27" />
  <attribute name="CPU Util currently" value="1775672474835" />
<allocation-satisfied id="4221" threadId="0000000002213700" bytesRequested="1168" />
<af-end id="4222" timestamp="2019-06-16T21:31:02.306" threadId="0000000002214088" success="true" from="nursery"/>
<exclusive-end id="4223" timestamp="2019-06-16T21:31:02.306" durationms="1.185" />

<exclusive-start id="4224" timestamp="2019-06-16T21:31:02.307" intervalms="2.626">
  <response-info timems="0.061" idlems="0.061" threads="0" lastid="0000000002213700" lastname="main" />
</exclusive-start>
<af-start id="4225" threadId="0000000002214088" totalBytesRequested="1168" timestamp="2019-06-16T21:31:02.307" intervalms="2.625" type="nursery" />
<cycle-start id="4226" type="scavenge" contextid="0" timestamp="2019-06-16T21:31:02.308" intervalms="2.620" />
<gc-start id="4227" type="scavenge" contextid="4226" timestamp="2019-06-16T21:31:02.308">
  <mem-info id="4228" free="2045275560" total="2092630016" percent="97">
    <mem type="nursery" free="0" total="3932160" percent="0">
      <mem type="allocate" free="0" total="3538944" percent="0" />
      <mem type="survivor" free="0" total="393216" percent="0" />
    </mem>
    <mem type="tenure" free="2045275560" total="2088697856" percent="97">
      <mem type="soa" free="1919954344" total="1963376640" percent="97" />
      <mem type="loa" free="125321216" total="125321216" percent="100" />
    </mem>
    <remembered-set count="102" />
  </mem-info>
</gc-start>
<allocation-stats totalBytes="3484232" >
  <allocated-bytes non-tlh="1168" tlh="3483064" />
  <largest-consumer threadName="main" threadId="0000000002213700" bytes="3484232" />
</allocation-stats>
<gc-op id="4229" type="scavenge" timems="0.175" contextid="4226" timestamp="2019-06-16T21:31:02.308">
  <scavenger-info tenureage="9" tenuremask="fe00" tiltratio="90" />
  <memory-copied type="nursery" objects="2" bytes="56" bytesdiscarded="78280" />
</gc-op>
<gc-end id="4230" type="scavenge" contextid="4226" durationms="0.704" usertimems="0.000" systemtimems="0.000" timestamp="2019-06-16T21:31:02.308" activeThreads="4">
  <mem-info id="4231" free="2048736168" total="2092630016" percent="97">
    <mem type="nursery" free="3460608" total="3932160" percent="88">
      <mem type="allocate" free="3460608" total="3538944" percent="97" />
      <mem type="survivor" free="0" total="393216" percent="0" />
    </mem>
    <mem type="tenure" free="2045275560" total="2088697856" percent="97" macro-fragmented="2160235">
      <mem type="soa" free="1919954344" total="1963376640" percent="97" />
      <mem type="loa" free="125321216" total="125321216" percent="100" />
    </mem>
    <remembered-set count="102" />
  </mem-info>
</gc-end>
<cycle-end id="4232" type="scavenge" contextid="4226" timestamp="2019-06-16T21:31:02.308" />
  <attribute name="elasticGC enabled" value="1" />
  <attribute name= "numThreadsSpecified" value="4" />
  <attribute name="heapSize specified" value="9371648" />
  <attribute name="Current GC Util" value="26" />
  <attribute name= "Current Time Running" value="48274" />
  <attribute name ="GC Interval" value="200" />
  <attribute name="ProportionalT" value="3.000000" />
  <attribute name="ProportionalI" value="3.000000" />
  <attribute name="ProportionalH" value="3.000000" />
  <attribute name="Current Error" value="6.000000" />
  <attribute name="IntegralT" value="9.000000" />
  <attribute name="IntegralI" value="9.000000" />
  <attribute name="IntegralH" value="9.000000" />
  <attribute name="DerivativeT" value="-0.333333" />
  <attribute name="DerivativeI" value="-0.333333" />
  <attribute name="DerivativeH" value="-0.333333" />
  <attribute name="Loop Time for DT" value="3.000000" />
  <attribute name="Output H" value="8388608"/>
  <attribute name="Output I" value="200"/>
  <attribute name="Output T" value="4"/>
  <attribute name="Target GC Util Change" value ="20.000000" />
  <attribute name="Current GC Util Change" value="26.000000"/>
  <attribute name="GC Util currently" value="26" />
  <attribute name="CPU Util currently" value="1762867474076" />
<allocation-satisfied id="4233" threadId="0000000002213700" bytesRequested="1168" />
<af-end id="4234" timestamp="2019-06-16T21:31:02.308" threadId="0000000002214088" success="true" from="nursery"/>
<exclusive-end id="4235" timestamp="2019-06-16T21:31:02.309" durationms="1.148" />

<exclusive-start id="4236" timestamp="2019-06-16T21:31:02.310" intervalms="2.580">
  <response-info timems="0.027" idlems="0.027" threads="0" lastid="0000000002213700" lastname="main" />
</exclusive-start>
<af-start id="4237" threadId="0000000002214088" totalBytesRequested="1168" timestamp="2019-06-16T21:31:02.310" intervalms="2.578" type="nursery" />
<cycle-start id="4238" type="scavenge" contextid="0" timestamp="2019-06-16T21:31:02.310" intervalms="2.577" />
<gc-start id="4239" type="scavenge" contextid="4238" timestamp="2019-06-16T21:31:02.310">
  <mem-info id="4240" free="2045275560" total="2092630016" percent="97">
    <mem type="nursery" free="0" total="3932160" percent="0">
      <mem type="allocate" free="0" total="3538944" percent="0" />
      <mem type="survivor" free="0" total="393216" percent="0" />
    </mem>
    <mem type="tenure" free="2045275560" total="2088697856" percent="97">
      <mem type="soa" free="1919954344" total="1963376640" percent="97" />
      <mem type="loa" free="125321216" total="125321216" percent="100" />
    </mem>
    <remembered-set count="102" />
  </mem-info>
</gc-start>
<allocation-stats totalBytes="3446016" >
  <allocated-bytes non-tlh="1168" tlh="3444848" />
  <largest-consumer threadName="main" threadId="0000000002213700" bytes="3446016" />
</allocation-stats>
<gc-op id="4241" type="scavenge" timems="0.153" contextid="4238" timestamp="2019-06-16T21:31:02.310">
  <scavenger-info tenureage="9" tenuremask="fe00" tiltratio="90" />
  <memory-copied type="nursery" objects="2" bytes="56" bytesdiscarded="78280" />
</gc-op>
<gc-end id="4242" type="scavenge" contextid="4238" durationms="0.677" usertimems="4.000" systemtimems="0.000" timestamp="2019-06-16T21:31:02.311" activeThreads="4">
  <mem-info id="4243" free="2048736168" total="2092630016" percent="97">
    <mem type="nursery" free="3460608" total="3932160" percent="88">
      <mem type="allocate" free="3460608" total="3538944" percent="97" />
      <mem type="survivor" free="0" total="393216" percent="0" />
    </mem>
    <mem type="tenure" free="2045275560" total="2088697856" percent="97" macro-fragmented="1500163">
      <mem type="soa" free="1919954344" total="1963376640" percent="97" />
      <mem type="loa" free="125321216" total="125321216" percent="100" />
    </mem>
    <remembered-set count="102" />
  </mem-info>
</gc-end>
<cycle-end id="4244" type="scavenge" contextid="4238" timestamp="2019-06-16T21:31:02.311" />
  <attribute name="elasticGC enabled" value="1" />
  <attribute name= "numThreadsSpecified" value="4" />
  <attribute name="heapSize specified" value="9371648" />
  <attribute name="Current GC Util" value="26" />
  <attribute name= "Current Time Running" value="48276" />
  <attribute name ="GC Interval" value="200" />
  <attribute name="ProportionalT" value="3.000000" />
  <attribute name="ProportionalI" value="3.000000" />
  <attribute name="ProportionalH" value="3.000000" />
  <attribute name="Current Error" value="6.000000" />
  <attribute name="IntegralT" value="6.000000" />
  <attribute name="IntegralI" value="6.000000" />
  <attribute name="IntegralH" value="6.000000" />
  <attribute name="DerivativeT" value="0.000000" />
  <attribute name="DerivativeI" value="0.000000" />
  <attribute name="DerivativeH" value="0.000000" />
  <attribute name="Loop Time for DT" value="2.000000" />
  <attribute name="Output H" value="8388608"/>
  <attribute name="Output I" value="200"/>
  <attribute name="Output T" value="4"/>
  <attribute name="Target GC Util Change" value ="20.000000" />
  <attribute name="Current GC Util Change" value="26.000000"/>
  <attribute name="GC Util currently" value="26" />
  <attribute name="CPU Util currently" value="1797318645356" />
<allocation-satisfied id="4245" threadId="0000000002213700" bytesRequested="1168" />
<af-end id="4246" timestamp="2019-06-16T21:31:02.311" threadId="0000000002214088" success="true" from="nursery"/>
<exclusive-end id="4247" timestamp="2019-06-16T21:31:02.311" durationms="1.121" />

<exclusive-start id="4248" timestamp="2019-06-16T21:31:02.312" intervalms="2.519">
  <response-info timems="0.030" idlems="0.030" threads="0" lastid="0000000002213700" lastname="main" />
</exclusive-start>
<af-start id="4249" threadId="0000000002214088" totalBytesRequested="1168" timestamp="2019-06-16T21:31:02.313" intervalms="2.520" type="nursery" />
<cycle-start id="4250" type="scavenge" contextid="0" timestamp="2019-06-16T21:31:02.313" intervalms="2.520" />
<gc-start id="4251" type="scavenge" contextid="4250" timestamp="2019-06-16T21:31:02.313">
  <mem-info id="4252" free="2045275560" total="2092630016" percent="97">
    <mem type="nursery" free="0" total="3932160" percent="0">
      <mem type="allocate" free="0" total="3538944" percent="0" />
      <mem type="survivor" free="0" total="393216" percent="0" />
    </mem>
    <mem type="tenure" free="2045275560" total="2088697856" percent="97">
      <mem type="soa" free="1919954344" total="1963376640" percent="97" />
      <mem type="loa" free="125321216" total="125321216" percent="100" />
    </mem>
    <remembered-set count="102" />
  </mem-info>
</gc-start>
<allocation-stats totalBytes="3444784" >
  <allocated-bytes non-tlh="1168" tlh="3443616" />
  <largest-consumer threadName="main" threadId="0000000002213700" bytes="3444784" />
</allocation-stats>
<gc-op id="4253" type="scavenge" timems="0.166" contextid="4250" timestamp="2019-06-16T21:31:02.313">
  <scavenger-info tenureage="9" tenuremask="fe00" tiltratio="90" />
  <memory-copied type="nursery" objects="2" bytes="56" bytesdiscarded="78280" />
</gc-op>
<gc-end id="4254" type="scavenge" contextid="4250" durationms="0.717" usertimems="4.000" systemtimems="0.000" timestamp="2019-06-16T21:31:02.313" activeThreads="4">
  <mem-info id="4255" free="2048736168" total="2092630016" percent="97">
    <mem type="nursery" free="3460608" total="3932160" percent="88">
      <mem type="allocate" free="3460608" total="3538944" percent="97" />
      <mem type="survivor" free="0" total="393216" percent="0" />
    </mem>
    <mem type="tenure" free="2045275560" total="2088697856" percent="97" macro-fragmented="1310760">
      <mem type="soa" free="1919954344" total="1963376640" percent="97" />
      <mem type="loa" free="125321216" total="125321216" percent="100" />
    </mem>
    <remembered-set count="102" />
  </mem-info>
</gc-end>
<cycle-end id="4256" type="scavenge" contextid="4250" timestamp="2019-06-16T21:31:02.313" />
  <attribute name="elasticGC enabled" value="1" />
  <attribute name= "numThreadsSpecified" value="4" />
  <attribute name="heapSize specified" value="9371648" />
  <attribute name="Current GC Util" value="26" />
  <attribute name= "Current Time Running" value="48279" />
  <attribute name ="GC Interval" value="200" />
  <attribute name="ProportionalT" value="3.000000" />
  <attribute name="ProportionalI" value="3.000000" />
  <attribute name="ProportionalH" value="3.000000" />
  <attribute name="Current Error" value="6.000000" />
  <attribute name="IntegralT" value="9.000000" />
  <attribute name="IntegralI" value="9.000000" />
  <attribute name="IntegralH" value="9.000000" />
  <attribute name="DerivativeT" value="0.000000" />
  <attribute name="DerivativeI" value="0.000000" />
  <attribute name="DerivativeH" value="0.000000" />
  <attribute name="Loop Time for DT" value="3.000000" />
  <attribute name="Output H" value="8388608"/>
  <attribute name="Output I" value="200"/>
  <attribute name="Output T" value="4"/>
  <attribute name="Target GC Util Change" value ="20.000000" />
  <attribute name="Current GC Util Change" value="26.000000"/>
  <attribute name="GC Util currently" value="26" />
  <attribute name="CPU Util currently" value="1826251175063" />
<allocation-satisfied id="4257" threadId="0000000002213700" bytesRequested="1168" />
<af-end id="4258" timestamp="2019-06-16T21:31:02.314" threadId="0000000002214088" success="true" from="nursery"/>
<exclusive-end id="4259" timestamp="2019-06-16T21:31:02.314" durationms="1.168" />

<exclusive-start id="4260" timestamp="2019-06-16T21:31:02.315" intervalms="2.611">
  <response-info timems="0.057" idlems="0.057" threads="0" lastid="0000000002213700" lastname="main" />
</exclusive-start>
<af-start id="4261" threadId="0000000002214088" totalBytesRequested="1168" timestamp="2019-06-16T21:31:02.315" intervalms="2.612" type="nursery" />
<cycle-start id="4262" type="scavenge" contextid="0" timestamp="2019-06-16T21:31:02.315" intervalms="2.613" />
<gc-start id="4263" type="scavenge" contextid="4262" timestamp="2019-06-16T21:31:02.315">
  <mem-info id="4264" free="2045275560" total="2092630016" percent="97">
    <mem type="nursery" free="0" total="3932160" percent="0">
      <mem type="allocate" free="0" total="3538944" percent="0" />
      <mem type="survivor" free="0" total="393216" percent="0" />
    </mem>
    <mem type="tenure" free="2045275560" total="2088697856" percent="97">
      <mem type="soa" free="1919954344" total="1963376640" percent="97" />
      <mem type="loa" free="125321216" total="125321216" percent="100" />
    </mem>
    <remembered-set count="102" />
  </mem-info>
</gc-start>
<allocation-stats totalBytes="3446016" >
  <allocated-bytes non-tlh="1168" tlh="3444848" />
  <largest-consumer threadName="main" threadId="0000000002213700" bytes="3446016" />
</allocation-stats>
<gc-op id="4265" type="scavenge" timems="0.165" contextid="4262" timestamp="2019-06-16T21:31:02.316">
  <scavenger-info tenureage="9" tenuremask="fe00" tiltratio="90" />
  <memory-copied type="nursery" objects="2" bytes="56" bytesdiscarded="78280" />
</gc-op>
<gc-end id="4266" type="scavenge" contextid="4262" durationms="0.695" usertimems="0.000" systemtimems="0.000" timestamp="2019-06-16T21:31:02.316" activeThreads="4">
  <mem-info id="4267" free="2048736168" total="2092630016" percent="97">
    <mem type="nursery" free="3460608" total="3932160" percent="88">
      <mem type="allocate" free="3460608" total="3538944" percent="97" />
      <mem type="survivor" free="0" total="393216" percent="0" />
    </mem>
    <mem type="tenure" free="2045275560" total="2088697856" percent="97" macro-fragmented="800032">
      <mem type="soa" free="1919954344" total="1963376640" percent="97" />
      <mem type="loa" free="125321216" total="125321216" percent="100" />
    </mem>
    <remembered-set count="102" />
  </mem-info>
</gc-end>
<cycle-end id="4268" type="scavenge" contextid="4262" timestamp="2019-06-16T21:31:02.316" />
  <attribute name="elasticGC enabled" value="1" />
  <attribute name= "numThreadsSpecified" value="4" />
  <attribute name="heapSize specified" value="9371648" />
  <attribute name="Current GC Util" value="26" />
  <attribute name= "Current Time Running" value="48281" />
  <attribute name ="GC Interval" value="200" />
  <attribute name="ProportionalT" value="3.000000" />
  <attribute name="ProportionalI" value="3.000000" />
  <attribute name="ProportionalH" value="3.000000" />
  <attribute name="Current Error" value="6.000000" />
  <attribute name="IntegralT" value="6.000000" />
  <attribute name="IntegralI" value="6.000000" />
  <attribute name="IntegralH" value="6.000000" />
  <attribute name="DerivativeT" value="0.000000" />
  <attribute name="DerivativeI" value="0.000000" />
  <attribute name="DerivativeH" value="0.000000" />
  <attribute name="Loop Time for DT" value="2.000000" />
  <attribute name="Output H" value="8388608"/>
  <attribute name="Output I" value="200"/>
  <attribute name="Output T" value="4"/>
  <attribute name="Target GC Util Change" value ="20.000000" />
  <attribute name="Current GC Util Change" value="26.000000"/>
  <attribute name="GC Util currently" value="26" />
  <attribute name="CPU Util currently" value="1762981366452" />
<allocation-satisfied id="4269" threadId="0000000002213700" bytesRequested="1168" />
<af-end id="4270" timestamp="2019-06-16T21:31:02.316" threadId="0000000002214088" success="true" from="nursery"/>
<exclusive-end id="4271" timestamp="2019-06-16T21:31:02.316" durationms="1.146" />

<exclusive-start id="4272" timestamp="2019-06-16T21:31:02.318" intervalms="2.612">
  <response-info timems="0.057" idlems="0.057" threads="0" lastid="0000000002213700" lastname="main" />
</exclusive-start>
<af-start id="4273" threadId="0000000002214088" totalBytesRequested="1168" timestamp="2019-06-16T21:31:02.318" intervalms="2.608" type="nursery" />
<cycle-start id="4274" type="scavenge" contextid="0" timestamp="2019-06-16T21:31:02.318" intervalms="2.608" />
<gc-start id="4275" type="scavenge" contextid="4274" timestamp="2019-06-16T21:31:02.318">
  <mem-info id="4276" free="2045275560" total="2092630016" percent="97">
    <mem type="nursery" free="0" total="3932160" percent="0">
      <mem type="allocate" free="0" total="3538944" percent="0" />
      <mem type="survivor" free="0" total="393216" percent="0" />
    </mem>
    <mem type="tenure" free="2045275560" total="2088697856" percent="97">
      <mem type="soa" free="1919954344" total="1963376640" percent="97" />
      <mem type="loa" free="125321216" total="125321216" percent="100" />
    </mem>
    <remembered-set count="102" />
  </mem-info>
</gc-start>
<allocation-stats totalBytes="3444784" >
  <allocated-bytes non-tlh="1168" tlh="3443616" />
  <largest-consumer threadName="main" threadId="0000000002213700" bytes="3444784" />
</allocation-stats>
<gc-op id="4277" type="scavenge" timems="0.173" contextid="4274" timestamp="2019-06-16T21:31:02.318">
  <scavenger-info tenureage="9" tenuremask="fe00" tiltratio="90" />
  <memory-copied type="nursery" objects="2" bytes="56" bytesdiscarded="78280" />
</gc-op>
<gc-end id="4278" type="scavenge" contextid="4274" durationms="0.696" usertimems="0.000" systemtimems="0.000" timestamp="2019-06-16T21:31:02.319" activeThreads="4">
  <mem-info id="4279" free="2048736168" total="2092630016" percent="97">
    <mem type="nursery" free="3460608" total="3932160" percent="88">
      <mem type="allocate" free="3460608" total="3538944" percent="97" />
      <mem type="survivor" free="0" total="393216" percent="0" />
    </mem>
    <mem type="tenure" free="2045275560" total="2088697856" percent="97" macro-fragmented="142728">
      <mem type="soa" free="1919954344" total="1963376640" percent="97" />
      <mem type="loa" free="125321216" total="125321216" percent="100" />
    </mem>
    <remembered-set count="102" />
  </mem-info>
</gc-end>
<cycle-end id="4280" type="scavenge" contextid="4274" timestamp="2019-06-16T21:31:02.319" />
  <attribute name="elasticGC enabled" value="1" />
  <attribute name= "numThreadsSpecified" value="4" />
  <attribute name="heapSize specified" value="9371648" />
  <attribute name="Current GC Util" value="26" />
  <attribute name= "Current Time Running" value="48284" />
  <attribute name ="GC Interval" value="200" />
  <attribute name="ProportionalT" value="3.000000" />
  <attribute name="ProportionalI" value="3.000000" />
  <attribute name="ProportionalH" value="3.000000" />
  <attribute name="Current Error" value="6.000000" />
  <attribute name="IntegralT" value="9.000000" />
  <attribute name="IntegralI" value="9.000000" />
  <attribute name="IntegralH" value="9.000000" />
  <attribute name="DerivativeT" value="0.000000" />
  <attribute name="DerivativeI" value="0.000000" />
  <attribute name="DerivativeH" value="0.000000" />
  <attribute name="Loop Time for DT" value="3.000000" />
  <attribute name="Output H" value="8388608"/>
  <attribute name="Output I" value="200"/>
  <attribute name="Output T" value="4"/>
  <attribute name="Target GC Util Change" value ="20.000000" />
  <attribute name="Current GC Util Change" value="26.000000"/>
  <attribute name="GC Util currently" value="26" />
  <attribute name="CPU Util currently" value="1770428979162" />
<allocation-satisfied id="4281" threadId="0000000002213700" bytesRequested="1168" />
<af-end id="4282" timestamp="2019-06-16T21:31:02.319" threadId="0000000002214088" success="true" from="nursery"/>
<exclusive-end id="4283" timestamp="2019-06-16T21:31:02.319" durationms="1.148" />

<exclusive-start id="4284" timestamp="2019-06-16T21:31:02.320" intervalms="2.582">
  <response-info timems="0.058" idlems="0.058" threads="0" lastid="0000000002213700" lastname="main" />
</exclusive-start>
<af-start id="4285" threadId="0000000002214088" totalBytesRequested="1168" timestamp="2019-06-16T21:31:02.320" intervalms="2.578" type="nursery" />
<cycle-start id="4286" type="scavenge" contextid="0" timestamp="2019-06-16T21:31:02.320" intervalms="2.582" />
<gc-start id="4287" type="scavenge" contextid="4286" timestamp="2019-06-16T21:31:02.320">
  <mem-info id="4288" free="2045275560" total="2092630016" percent="97">
    <mem type="nursery" free="0" total="3932160" percent="0">
      <mem type="allocate" free="0" total="3538944" percent="0" />
      <mem type="survivor" free="0" total="393216" percent="0" />
    </mem>
    <mem type="tenure" free="2045275560" total="2088697856" percent="97">
      <mem type="soa" free="1919954344" total="1963376640" percent="97" />
      <mem type="loa" free="125321216" total="125321216" percent="100" />
    </mem>
    <remembered-set count="102" />
  </mem-info>
</gc-start>
<allocation-stats totalBytes="3446016" >
  <allocated-bytes non-tlh="1168" tlh="3444848" />
  <largest-consumer threadName="main" threadId="0000000002213700" bytes="3446016" />
</allocation-stats>
<gc-op id="4289" type="scavenge" timems="0.180" contextid="4286" timestamp="2019-06-16T21:31:02.321">
  <scavenger-info tenureage="9" tenuremask="fe00" tiltratio="90" />
  <memory-copied type="nursery" objects="2" bytes="56" bytesdiscarded="78280" />
</gc-op>
<gc-end id="4290" type="scavenge" contextid="4286" durationms="0.695" usertimems="4.000" systemtimems="0.000" timestamp="2019-06-16T21:31:02.321" activeThreads="4">
  <mem-info id="4291" free="2048736168" total="2092630016" percent="97">
    <mem type="nursery" free="3460608" total="3932160" percent="88">
      <mem type="allocate" free="3460608" total="3538944" percent="97" />
      <mem type="survivor" free="0" total="393216" percent="0" />
    </mem>
    <mem type="tenure" free="2045275560" total="2088697856" percent="97" macro-fragmented="2160235">
      <mem type="soa" free="1919954344" total="1963376640" percent="97" />
      <mem type="loa" free="125321216" total="125321216" percent="100" />
    </mem>
    <remembered-set count="102" />
  </mem-info>
</gc-end>
<cycle-end id="4292" type="scavenge" contextid="4286" timestamp="2019-06-16T21:31:02.321" />
  <attribute name="elasticGC enabled" value="1" />
  <attribute name= "numThreadsSpecified" value="4" />
  <attribute name="heapSize specified" value="9371648" />
  <attribute name="Current GC Util" value="26" />
  <attribute name= "Current Time Running" value="48286" />
  <attribute name ="GC Interval" value="200" />
  <attribute name="ProportionalT" value="3.000000" />
  <attribute name="ProportionalI" value="3.000000" />
  <attribute name="ProportionalH" value="3.000000" />
  <attribute name="Current Error" value="6.000000" />
  <attribute name="IntegralT" value="6.000000" />
  <attribute name="IntegralI" value="6.000000" />
  <attribute name="IntegralH" value="6.000000" />
  <attribute name="DerivativeT" value="0.000000" />
  <attribute name="DerivativeI" value="0.000000" />
  <attribute name="DerivativeH" value="0.000000" />
  <attribute name="Loop Time for DT" value="2.000000" />
  <attribute name="Output H" value="8388608"/>
  <attribute name="Output I" value="200"/>
  <attribute name="Output T" value="4"/>
  <attribute name="Target GC Util Change" value ="20.000000" />
  <attribute name="Current GC Util Change" value="26.000000"/>
  <attribute name="GC Util currently" value="26" />
  <attribute name="CPU Util currently" value="1789455382697" />
<allocation-satisfied id="4293" threadId="0000000002213700" bytesRequested="1168" />
<af-end id="4294" timestamp="2019-06-16T21:31:02.321" threadId="0000000002214088" success="true" from="nursery"/>
<exclusive-end id="4295" timestamp="2019-06-16T21:31:02.321" durationms="1.142" />

<exclusive-start id="4296" timestamp="2019-06-16T21:31:02.323" intervalms="2.526">
  <response-info timems="0.025" idlems="0.025" threads="0" lastid="0000000002213700" lastname="main" />
</exclusive-start>
<af-start id="4297" threadId="0000000002214088" totalBytesRequested="1168" timestamp="2019-06-16T21:31:02.323" intervalms="2.527" type="nursery" />
<cycle-start id="4298" type="scavenge" contextid="0" timestamp="2019-06-16T21:31:02.323" intervalms="2.522" />
<gc-start id="4299" type="scavenge" contextid="4298" timestamp="2019-06-16T21:31:02.323">
  <mem-info id="4300" free="2045275560" total="2092630016" percent="97">
    <mem type="nursery" free="0" total="3932160" percent="0">
      <mem type="allocate" free="0" total="3538944" percent="0" />
      <mem type="survivor" free="0" total="393216" percent="0" />
    </mem>
    <mem type="tenure" free="2045275560" total="2088697856" percent="97">
      <mem type="soa" free="1919954344" total="1963376640" percent="97" />
      <mem type="loa" free="125321216" total="125321216" percent="100" />
    </mem>
    <remembered-set count="102" />
  </mem-info>
</gc-start>
<allocation-stats totalBytes="3444760" >
  <allocated-bytes non-tlh="1168" tlh="3443592" />
  <largest-consumer threadName="main" threadId="0000000002213700" bytes="3444760" />
</allocation-stats>
<gc-op id="4301" type="scavenge" timems="0.166" contextid="4298" timestamp="2019-06-16T21:31:02.323">
  <scavenger-info tenureage="9" tenuremask="fe00" tiltratio="90" />
  <memory-copied type="nursery" objects="2" bytes="56" bytesdiscarded="78280" />
</gc-op>
<gc-end id="4302" type="scavenge" contextid="4298" durationms="0.682" usertimems="0.000" systemtimems="0.000" timestamp="2019-06-16T21:31:02.324" activeThreads="4">
  <mem-info id="4303" free="2048736168" total="2092630016" percent="97">
    <mem type="nursery" free="3460608" total="3932160" percent="88">
      <mem type="allocate" free="3460608" total="3538944" percent="97" />
      <mem type="survivor" free="0" total="393216" percent="0" />
    </mem>
    <mem type="tenure" free="2045275560" total="2088697856" percent="97" macro-fragmented="418667">
      <mem type="soa" free="1919954344" total="1963376640" percent="97" />
      <mem type="loa" free="125321216" total="125321216" percent="100" />
    </mem>
    <remembered-set count="102" />
  </mem-info>
</gc-end>
<cycle-end id="4304" type="scavenge" contextid="4298" timestamp="2019-06-16T21:31:02.324" />
  <attribute name="elasticGC enabled" value="1" />
  <attribute name= "numThreadsSpecified" value="4" />
  <attribute name="heapSize specified" value="9371648" />
  <attribute name="Current GC Util" value="28" />
  <attribute name= "Current Time Running" value="48289" />
  <attribute name ="GC Interval" value="200" />
  <attribute name="ProportionalT" value="4.000000" />
  <attribute name="ProportionalI" value="4.000000" />
  <attribute name="ProportionalH" value="4.000000" />
  <attribute name="Current Error" value="8.000000" />
  <attribute name="IntegralT" value="12.000000" />
  <attribute name="IntegralI" value="12.000000" />
  <attribute name="IntegralH" value="12.000000" />
  <attribute name="DerivativeT" value="0.666667" />
  <attribute name="DerivativeI" value="0.666667" />
  <attribute name="DerivativeH" value="0.666667" />
  <attribute name="Loop Time for DT" value="3.000000" />
  <attribute name="Output H" value="8388608"/>
  <attribute name="Output I" value="200"/>
  <attribute name="Output T" value="4"/>
  <attribute name="Target GC Util Change" value ="20.000000" />
  <attribute name="Current GC Util Change" value="28.000000"/>
  <attribute name="GC Util currently" value="28" />
  <attribute name="CPU Util currently" value="1829031785447" />
<allocation-satisfied id="4305" threadId="0000000002213700" bytesRequested="1168" />
<af-end id="4306" timestamp="2019-06-16T21:31:02.324" threadId="0000000002214088" success="true" from="nursery"/>
<exclusive-end id="4307" timestamp="2019-06-16T21:31:02.324" durationms="1.112" />

<exclusive-start id="4308" timestamp="2019-06-16T21:31:02.325" intervalms="2.492">
  <response-info timems="0.037" idlems="0.037" threads="0" lastid="0000000002213700" lastname="main" />
</exclusive-start>
<af-start id="4309" threadId="0000000002214088" totalBytesRequested="1168" timestamp="2019-06-16T21:31:02.325" intervalms="2.490" type="nursery" />
<cycle-start id="4310" type="scavenge" contextid="0" timestamp="2019-06-16T21:31:02.325" intervalms="2.495" />
<gc-start id="4311" type="scavenge" contextid="4310" timestamp="2019-06-16T21:31:02.326">
  <mem-info id="4312" free="2045275560" total="2092630016" percent="97">
    <mem type="nursery" free="0" total="3932160" percent="0">
      <mem type="allocate" free="0" total="3538944" percent="0" />
      <mem type="survivor" free="0" total="393216" percent="0" />
    </mem>
    <mem type="tenure" free="2045275560" total="2088697856" percent="97">
      <mem type="soa" free="1919954344" total="1963376640" percent="97" />
      <mem type="loa" free="125321216" total="125321216" percent="100" />
    </mem>
    <remembered-set count="102" />
  </mem-info>
</gc-start>
<allocation-stats totalBytes="3446016" >
  <allocated-bytes non-tlh="1168" tlh="3444848" />
  <largest-consumer threadName="main" threadId="0000000002213700" bytes="3446016" />
</allocation-stats>
<gc-op id="4313" type="scavenge" timems="0.164" contextid="4310" timestamp="2019-06-16T21:31:02.326">
  <scavenger-info tenureage="9" tenuremask="fe00" tiltratio="90" />
  <memory-copied type="nursery" objects="2" bytes="56" bytesdiscarded="78280" />
</gc-op>
<gc-end id="4314" type="scavenge" contextid="4310" durationms="0.681" usertimems="4.000" systemtimems="0.000" timestamp="2019-06-16T21:31:02.326" activeThreads="4">
  <mem-info id="4315" free="2048736168" total="2092630016" percent="97">
    <mem type="nursery" free="3460608" total="3932160" percent="88">
      <mem type="allocate" free="3460608" total="3538944" percent="97" />
      <mem type="survivor" free="0" total="393216" percent="0" />
    </mem>
    <mem type="tenure" free="2045275560" total="2088697856" percent="97" macro-fragmented="116842">
      <mem type="soa" free="1919954344" total="1963376640" percent="97" />
      <mem type="loa" free="125321216" total="125321216" percent="100" />
    </mem>
    <remembered-set count="102" />
  </mem-info>
</gc-end>
<cycle-end id="4316" type="scavenge" contextid="4310" timestamp="2019-06-16T21:31:02.326" />
  <attribute name="elasticGC enabled" value="1" />
  <attribute name= "numThreadsSpecified" value="4" />
  <attribute name="heapSize specified" value="9371648" />
  <attribute name="Current GC Util" value="26" />
  <attribute name= "Current Time Running" value="48292" />
  <attribute name ="GC Interval" value="200" />
  <attribute name="ProportionalT" value="3.000000" />
  <attribute name="ProportionalI" value="3.000000" />
  <attribute name="ProportionalH" value="3.000000" />
  <attribute name="Current Error" value="6.000000" />
  <attribute name="IntegralT" value="9.000000" />
  <attribute name="IntegralI" value="9.000000" />
  <attribute name="IntegralH" value="9.000000" />
  <attribute name="DerivativeT" value="-0.666667" />
  <attribute name="DerivativeI" value="-0.666667" />
  <attribute name="DerivativeH" value="-0.666667" />
  <attribute name="Loop Time for DT" value="3.000000" />
  <attribute name="Output H" value="8388608"/>
  <attribute name="Output I" value="200"/>
  <attribute name="Output T" value="4"/>
  <attribute name="Target GC Util Change" value ="20.000000" />
  <attribute name="Current GC Util Change" value="26.000000"/>
  <attribute name="GC Util currently" value="26" />
  <attribute name="CPU Util currently" value="1850061034792" />
<allocation-satisfied id="4317" threadId="0000000002213700" bytesRequested="1168" />
<af-end id="4318" timestamp="2019-06-16T21:31:02.326" threadId="0000000002214088" success="true" from="nursery"/>
<exclusive-end id="4319" timestamp="2019-06-16T21:31:02.326" durationms="1.115" />

<exclusive-start id="4320" timestamp="2019-06-16T21:31:02.328" intervalms="2.481">
  <response-info timems="0.030" idlems="0.030" threads="0" lastid="0000000002213700" lastname="main" />
</exclusive-start>
<af-start id="4321" threadId="0000000002214088" totalBytesRequested="1168" timestamp="2019-06-16T21:31:02.328" intervalms="2.486" type="nursery" />
<cycle-start id="4322" type="scavenge" contextid="0" timestamp="2019-06-16T21:31:02.328" intervalms="2.482" />
<gc-start id="4323" type="scavenge" contextid="4322" timestamp="2019-06-16T21:31:02.328">
  <mem-info id="4324" free="2045275560" total="2092630016" percent="97">
    <mem type="nursery" free="0" total="3932160" percent="0">
      <mem type="allocate" free="0" total="3538944" percent="0" />
      <mem type="survivor" free="0" total="393216" percent="0" />
    </mem>
    <mem type="tenure" free="2045275560" total="2088697856" percent="97">
      <mem type="soa" free="1919954344" total="1963376640" percent="97" />
      <mem type="loa" free="125321216" total="125321216" percent="100" />
    </mem>
    <remembered-set count="102" />
  </mem-info>
</gc-start>
<allocation-stats totalBytes="3444784" >
  <allocated-bytes non-tlh="1168" tlh="3443616" />
  <largest-consumer threadName="main" threadId="0000000002213700" bytes="3444784" />
</allocation-stats>
<gc-op id="4325" type="scavenge" timems="0.159" contextid="4322" timestamp="2019-06-16T21:31:02.328">
  <scavenger-info tenureage="9" tenuremask="fe00" tiltratio="90" />
  <memory-copied type="nursery" objects="2" bytes="56" bytesdiscarded="78280" />
</gc-op>
<gc-end id="4326" type="scavenge" contextid="4322" durationms="0.678" usertimems="0.000" systemtimems="0.000" timestamp="2019-06-16T21:31:02.329" activeThreads="4">
  <mem-info id="4327" free="2048736168" total="2092630016" percent="97">
    <mem type="nursery" free="3460608" total="3932160" percent="88">
      <mem type="allocate" free="3460608" total="3538944" percent="97" />
      <mem type="survivor" free="0" total="393216" percent="0" />
    </mem>
    <mem type="tenure" free="2045275560" total="2088697856" percent="97" macro-fragmented="723458">
      <mem type="soa" free="1919954344" total="1963376640" percent="97" />
      <mem type="loa" free="125321216" total="125321216" percent="100" />
    </mem>
    <remembered-set count="102" />
  </mem-info>
</gc-end>
<cycle-end id="4328" type="scavenge" contextid="4322" timestamp="2019-06-16T21:31:02.329" />
  <attribute name="elasticGC enabled" value="1" />
  <attribute name= "numThreadsSpecified" value="4" />
  <attribute name="heapSize specified" value="9371648" />
  <attribute name="Current GC Util" value="26" />
  <attribute name= "Current Time Running" value="48294" />
  <attribute name ="GC Interval" value="200" />
  <attribute name="ProportionalT" value="3.000000" />
  <attribute name="ProportionalI" value="3.000000" />
  <attribute name="ProportionalH" value="3.000000" />
  <attribute name="Current Error" value="6.000000" />
  <attribute name="IntegralT" value="6.000000" />
  <attribute name="IntegralI" value="6.000000" />
  <attribute name="IntegralH" value="6.000000" />
  <attribute name="DerivativeT" value="0.000000" />
  <attribute name="DerivativeI" value="0.000000" />
  <attribute name="DerivativeH" value="0.000000" />
  <attribute name="Loop Time for DT" value="2.000000" />
  <attribute name="Output H" value="8388608"/>
  <attribute name="Output I" value="200"/>
  <attribute name="Output T" value="4"/>
  <attribute name="Target GC Util Change" value ="20.000000" />
  <attribute name="Current GC Util Change" value="26.000000"/>
  <attribute name="GC Util currently" value="26" />
  <attribute name="CPU Util currently" value="1857185886758" />
<allocation-satisfied id="4329" threadId="0000000002213700" bytesRequested="1168" />
<af-end id="4330" timestamp="2019-06-16T21:31:02.329" threadId="0000000002214088" success="true" from="nursery"/>
<exclusive-end id="4331" timestamp="2019-06-16T21:31:02.329" durationms="1.111" />

<exclusive-start id="4332" timestamp="2019-06-16T21:31:02.330" intervalms="2.551">
  <response-info timems="0.066" idlems="0.066" threads="0" lastid="0000000002213700" lastname="main" />
</exclusive-start>
<af-start id="4333" threadId="0000000002214088" totalBytesRequested="1168" timestamp="2019-06-16T21:31:02.330" intervalms="2.550" type="nursery" />
<cycle-start id="4334" type="scavenge" contextid="0" timestamp="2019-06-16T21:31:02.330" intervalms="2.551" />
<gc-start id="4335" type="scavenge" contextid="4334" timestamp="2019-06-16T21:31:02.331">
  <mem-info id="4336" free="2045275560" total="2092630016" percent="97">
    <mem type="nursery" free="0" total="3932160" percent="0">
      <mem type="allocate" free="0" total="3538944" percent="0" />
      <mem type="survivor" free="0" total="393216" percent="0" />
    </mem>
    <mem type="tenure" free="2045275560" total="2088697856" percent="97">
      <mem type="soa" free="1919954344" total="1963376640" percent="97" />
      <mem type="loa" free="125321216" total="125321216" percent="100" />
    </mem>
    <remembered-set count="102" />
  </mem-info>
</gc-start>
<allocation-stats totalBytes="3446016" >
  <allocated-bytes non-tlh="1168" tlh="3444848" />
  <largest-consumer threadName="main" threadId="0000000002213700" bytes="3446016" />
</allocation-stats>
<gc-op id="4337" type="scavenge" timems="0.175" contextid="4334" timestamp="2019-06-16T21:31:02.331">
  <scavenger-info tenureage="9" tenuremask="fe00" tiltratio="90" />
  <memory-copied type="nursery" objects="2" bytes="56" bytesdiscarded="78280" />
</gc-op>
<gc-end id="4338" type="scavenge" contextid="4334" durationms="0.698" usertimems="4.000" systemtimems="0.000" timestamp="2019-06-16T21:31:02.331" activeThreads="4">
  <mem-info id="4339" free="2048736168" total="2092630016" percent="97">
    <mem type="nursery" free="3460608" total="3932160" percent="88">
      <mem type="allocate" free="3460608" total="3538944" percent="97" />
      <mem type="survivor" free="0" total="393216" percent="0" />
    </mem>
    <mem type="tenure" free="2045275560" total="2088697856" percent="97" macro-fragmented="3110739">
      <mem type="soa" free="1919954344" total="1963376640" percent="97" />
      <mem type="loa" free="125321216" total="125321216" percent="100" />
    </mem>
    <remembered-set count="102" />
  </mem-info>
</gc-end>
<cycle-end id="4340" type="scavenge" contextid="4334" timestamp="2019-06-16T21:31:02.331" />
  <attribute name="elasticGC enabled" value="1" />
  <attribute name= "numThreadsSpecified" value="4" />
  <attribute name="heapSize specified" value="9371648" />
  <attribute name="Current GC Util" value="25" />
  <attribute name= "Current Time Running" value="48297" />
  <attribute name ="GC Interval" value="200" />
  <attribute name="ProportionalT" value="2.500000" />
  <attribute name="ProportionalI" value="2.500000" />
  <attribute name="ProportionalH" value="2.500000" />
  <attribute name="Current Error" value="5.000000" />
  <attribute name="IntegralT" value="7.500000" />
  <attribute name="IntegralI" value="7.500000" />
  <attribute name="IntegralH" value="7.500000" />
  <attribute name="DerivativeT" value="-0.333333" />
  <attribute name="DerivativeI" value="-0.333333" />
  <attribute name="DerivativeH" value="-0.333333" />
  <attribute name="Loop Time for DT" value="3.000000" />
  <attribute name="Output H" value="8388608"/>
  <attribute name="Output I" value="200"/>
  <attribute name="Output T" value="4"/>
  <attribute name="Target GC Util Change" value ="20.000000" />
  <attribute name="Current GC Util Change" value="25.000000"/>
  <attribute name="GC Util currently" value="25" />
  <attribute name="CPU Util currently" value="1802625630463" />
<allocation-satisfied id="4341" threadId="0000000002213700" bytesRequested="1168" />
<af-end id="4342" timestamp="2019-06-16T21:31:02.331" threadId="0000000002214088" success="true" from="nursery"/>
<exclusive-end id="4343" timestamp="2019-06-16T21:31:02.331" durationms="1.147" />

<exclusive-start id="4344" timestamp="2019-06-16T21:31:02.333" intervalms="2.569">
  <response-info timems="0.053" idlems="0.053" threads="0" lastid="0000000002213700" lastname="main" />
</exclusive-start>
<af-start id="4345" threadId="0000000002214088" totalBytesRequested="1168" timestamp="2019-06-16T21:31:02.333" intervalms="2.568" type="nursery" />
<cycle-start id="4346" type="scavenge" contextid="0" timestamp="2019-06-16T21:31:02.333" intervalms="2.549" />
<gc-start id="4347" type="scavenge" contextid="4346" timestamp="2019-06-16T21:31:02.333">
  <mem-info id="4348" free="2045275560" total="2092630016" percent="97">
    <mem type="nursery" free="0" total="3932160" percent="0">
      <mem type="allocate" free="0" total="3538944" percent="0" />
      <mem type="survivor" free="0" total="393216" percent="0" />
    </mem>
    <mem type="tenure" free="2045275560" total="2088697856" percent="97">
      <mem type="soa" free="1919954344" total="1963376640" percent="97" />
      <mem type="loa" free="125321216" total="125321216" percent="100" />
    </mem>
    <remembered-set count="102" />
  </mem-info>
</gc-start>
<allocation-stats totalBytes="3444784" >
  <allocated-bytes non-tlh="1168" tlh="3443616" />
  <largest-consumer threadName="main" threadId="0000000002213700" bytes="3444784" />
</allocation-stats>
<gc-op id="4349" type="scavenge" timems="0.188" contextid="4346" timestamp="2019-06-16T21:31:02.333">
  <scavenger-info tenureage="9" tenuremask="fe00" tiltratio="90" />
  <memory-copied type="nursery" objects="2" bytes="56" bytesdiscarded="78280" />
</gc-op>
<gc-end id="4350" type="scavenge" contextid="4346" durationms="0.706" usertimems="0.000" systemtimems="0.000" timestamp="2019-06-16T21:31:02.334" activeThreads="4">
  <mem-info id="4351" free="2048736168" total="2092630016" percent="97">
    <mem type="nursery" free="3460608" total="3932160" percent="88">
      <mem type="allocate" free="3460608" total="3538944" percent="97" />
      <mem type="survivor" free="0" total="393216" percent="0" />
    </mem>
    <mem type="tenure" free="2045275560" total="2088697856" percent="97" macro-fragmented="655400">
      <mem type="soa" free="1919954344" total="1963376640" percent="97" />
      <mem type="loa" free="125321216" total="125321216" percent="100" />
    </mem>
    <remembered-set count="102" />
  </mem-info>
</gc-end>
<cycle-end id="4352" type="scavenge" contextid="4346" timestamp="2019-06-16T21:31:02.334" />
  <attribute name="elasticGC enabled" value="1" />
  <attribute name= "numThreadsSpecified" value="4" />
  <attribute name="heapSize specified" value="9371648" />
  <attribute name="Current GC Util" value="26" />
  <attribute name= "Current Time Running" value="48299" />
  <attribute name ="GC Interval" value="200" />
  <attribute name="ProportionalT" value="3.000000" />
  <attribute name="ProportionalI" value="3.000000" />
  <attribute name="ProportionalH" value="3.000000" />
  <attribute name="Current Error" value="6.000000" />
  <attribute name="IntegralT" value="6.000000" />
  <attribute name="IntegralI" value="6.000000" />
  <attribute name="IntegralH" value="6.000000" />
  <attribute name="DerivativeT" value="0.500000" />
  <attribute name="DerivativeI" value="0.500000" />
  <attribute name="DerivativeH" value="0.500000" />
  <attribute name="Loop Time for DT" value="2.000000" />
  <attribute name="Output H" value="8388608"/>
  <attribute name="Output I" value="200"/>
  <attribute name="Output T" value="4"/>
  <attribute name="Target GC Util Change" value ="20.000000" />
  <attribute name="Current GC Util Change" value="26.000000"/>
  <attribute name="GC Util currently" value="26" />
  <attribute name="CPU Util currently" value="1820089357853" />
<allocation-satisfied id="4353" threadId="0000000002213700" bytesRequested="1168" />
<af-end id="4354" timestamp="2019-06-16T21:31:02.334" threadId="0000000002214088" success="true" from="nursery"/>
<exclusive-end id="4355" timestamp="2019-06-16T21:31:02.334" durationms="1.121" />

<exclusive-start id="4356" timestamp="2019-06-16T21:31:02.335" intervalms="2.499">
  <response-info timems="0.028" idlems="0.028" threads="0" lastid="0000000002213700" lastname="main" />
</exclusive-start>
<af-start id="4357" threadId="0000000002214088" totalBytesRequested="1168" timestamp="2019-06-16T21:31:02.335" intervalms="2.498" type="nursery" />
<cycle-start id="4358" type="scavenge" contextid="0" timestamp="2019-06-16T21:31:02.336" intervalms="2.514" />
<gc-start id="4359" type="scavenge" contextid="4358" timestamp="2019-06-16T21:31:02.336">
  <mem-info id="4360" free="2045275560" total="2092630016" percent="97">
    <mem type="nursery" free="0" total="3932160" percent="0">
      <mem type="allocate" free="0" total="3538944" percent="0" />
      <mem type="survivor" free="0" total="393216" percent="0" />
    </mem>
    <mem type="tenure" free="2045275560" total="2088697856" percent="97">
      <mem type="soa" free="1919954344" total="1963376640" percent="97" />
      <mem type="loa" free="125321216" total="125321216" percent="100" />
    </mem>
    <remembered-set count="102" />
  </mem-info>
</gc-start>
<allocation-stats totalBytes="3446016" >
  <allocated-bytes non-tlh="1168" tlh="3444848" />
  <largest-consumer threadName="main" threadId="0000000002213700" bytes="3446016" />
</allocation-stats>
<gc-op id="4361" type="scavenge" timems="0.167" contextid="4358" timestamp="2019-06-16T21:31:02.336">
  <scavenger-info tenureage="9" tenuremask="fe00" tiltratio="90" />
  <memory-copied type="nursery" objects="2" bytes="56" bytesdiscarded="78280" />
</gc-op>
<gc-end id="4362" type="scavenge" contextid="4358" durationms="0.686" usertimems="4.000" systemtimems="0.000" timestamp="2019-06-16T21:31:02.336" activeThreads="4">
  <mem-info id="4363" free="2048736168" total="2092630016" percent="97">
    <mem type="nursery" free="3460608" total="3932160" percent="88">
      <mem type="allocate" free="3460608" total="3538944" percent="97" />
      <mem type="survivor" free="0" total="393216" percent="0" />
    </mem>
    <mem type="tenure" free="2045275560" total="2088697856" percent="97" macro-fragmented="400016">
      <mem type="soa" free="1919954344" total="1963376640" percent="97" />
      <mem type="loa" free="125321216" total="125321216" percent="100" />
    </mem>
    <remembered-set count="102" />
  </mem-info>
</gc-end>
<cycle-end id="4364" type="scavenge" contextid="4358" timestamp="2019-06-16T21:31:02.336" />
  <attribute name="elasticGC enabled" value="1" />
  <attribute name= "numThreadsSpecified" value="4" />
  <attribute name="heapSize specified" value="9371648" />
  <attribute name="Current GC Util" value="27" />
  <attribute name= "Current Time Running" value="48302" />
  <attribute name ="GC Interval" value="200" />
  <attribute name="ProportionalT" value="3.500000" />
  <attribute name="ProportionalI" value="3.500000" />
  <attribute name="ProportionalH" value="3.500000" />
  <attribute name="Current Error" value="7.000000" />
  <attribute name="IntegralT" value="10.500000" />
  <attribute name="IntegralI" value="10.500000" />
  <attribute name="IntegralH" value="10.500000" />
  <attribute name="DerivativeT" value="0.333333" />
  <attribute name="DerivativeI" value="0.333333" />
  <attribute name="DerivativeH" value="0.333333" />
  <attribute name="Loop Time for DT" value="3.000000" />
  <attribute name="Output H" value="8388608"/>
  <attribute name="Output I" value="200"/>
  <attribute name="Output T" value="4"/>
  <attribute name="Target GC Util Change" value ="20.000000" />
  <attribute name="Current GC Util Change" value="27.000000"/>
  <attribute name="GC Util currently" value="27" />
  <attribute name="CPU Util currently" value="1828048659904" />
<allocation-satisfied id="4365" threadId="0000000002213700" bytesRequested="1168" />
<af-end id="4366" timestamp="2019-06-16T21:31:02.336" threadId="0000000002214088" success="true" from="nursery"/>
<exclusive-end id="4367" timestamp="2019-06-16T21:31:02.337" durationms="1.117" />

<exclusive-start id="4368" timestamp="2019-06-16T21:31:02.338" intervalms="2.519">
  <response-info timems="0.027" idlems="0.027" threads="0" lastid="0000000002213700" lastname="main" />
</exclusive-start>
<af-start id="4369" threadId="0000000002214088" totalBytesRequested="1168" timestamp="2019-06-16T21:31:02.338" intervalms="2.523" type="nursery" />
<cycle-start id="4370" type="scavenge" contextid="0" timestamp="2019-06-16T21:31:02.338" intervalms="2.524" />
<gc-start id="4371" type="scavenge" contextid="4370" timestamp="2019-06-16T21:31:02.338">
  <mem-info id="4372" free="2045275560" total="2092630016" percent="97">
    <mem type="nursery" free="0" total="3932160" percent="0">
      <mem type="allocate" free="0" total="3538944" percent="0" />
      <mem type="survivor" free="0" total="393216" percent="0" />
    </mem>
    <mem type="tenure" free="2045275560" total="2088697856" percent="97">
      <mem type="soa" free="1919954344" total="1963376640" percent="97" />
      <mem type="loa" free="125321216" total="125321216" percent="100" />
    </mem>
    <remembered-set count="102" />
  </mem-info>
</gc-start>
<allocation-stats totalBytes="3444784" >
  <allocated-bytes non-tlh="1168" tlh="3443616" />
  <largest-consumer threadName="main" threadId="0000000002213700" bytes="3444784" />
</allocation-stats>
<gc-op id="4373" type="scavenge" timems="0.157" contextid="4370" timestamp="2019-06-16T21:31:02.338">
  <scavenger-info tenureage="9" tenuremask="fe00" tiltratio="90" />
  <memory-copied type="nursery" objects="2" bytes="56" bytesdiscarded="78280" />
</gc-op>
<gc-end id="4374" type="scavenge" contextid="4370" durationms="0.675" usertimems="0.000" systemtimems="0.000" timestamp="2019-06-16T21:31:02.339" activeThreads="4">
  <mem-info id="4375" free="2048736168" total="2092630016" percent="97">
    <mem type="nursery" free="3460608" total="3932160" percent="88">
      <mem type="allocate" free="3460608" total="3538944" percent="97" />
      <mem type="survivor" free="0" total="393216" percent="0" />
    </mem>
    <mem type="tenure" free="2045275560" total="2088697856" percent="97" macro-fragmented="868149">
      <mem type="soa" free="1919954344" total="1963376640" percent="97" />
      <mem type="loa" free="125321216" total="125321216" percent="100" />
    </mem>
    <remembered-set count="102" />
  </mem-info>
</gc-end>
<cycle-end id="4376" type="scavenge" contextid="4370" timestamp="2019-06-16T21:31:02.339" />
  <attribute name="elasticGC enabled" value="1" />
  <attribute name= "numThreadsSpecified" value="4" />
  <attribute name="heapSize specified" value="9371648" />
  <attribute name="Current GC Util" value="26" />
  <attribute name= "Current Time Running" value="48304" />
  <attribute name ="GC Interval" value="200" />
  <attribute name="ProportionalT" value="3.000000" />
  <attribute name="ProportionalI" value="3.000000" />
  <attribute name="ProportionalH" value="3.000000" />
  <attribute name="Current Error" value="6.000000" />
  <attribute name="IntegralT" value="6.000000" />
  <attribute name="IntegralI" value="6.000000" />
  <attribute name="IntegralH" value="6.000000" />
  <attribute name="DerivativeT" value="-0.500000" />
  <attribute name="DerivativeI" value="-0.500000" />
  <attribute name="DerivativeH" value="-0.500000" />
  <attribute name="Loop Time for DT" value="2.000000" />
  <attribute name="Output H" value="8388608"/>
  <attribute name="Output I" value="200"/>
  <attribute name="Output T" value="4"/>
  <attribute name="Target GC Util Change" value ="20.000000" />
  <attribute name="Current GC Util Change" value="26.000000"/>
  <attribute name="GC Util currently" value="26" />
  <attribute name="CPU Util currently" value="1828144316142" />
<allocation-satisfied id="4377" threadId="0000000002213700" bytesRequested="1168" />
<af-end id="4378" timestamp="2019-06-16T21:31:02.339" threadId="0000000002214088" success="true" from="nursery"/>
<exclusive-end id="4379" timestamp="2019-06-16T21:31:02.339" durationms="1.112" />

<exclusive-start id="4380" timestamp="2019-06-16T21:31:02.340" intervalms="2.484">
  <response-info timems="0.027" idlems="0.027" threads="0" lastid="0000000002213700" lastname="main" />
</exclusive-start>
<af-start id="4381" threadId="0000000002214088" totalBytesRequested="1168" timestamp="2019-06-16T21:31:02.340" intervalms="2.482" type="nursery" />
<cycle-start id="4382" type="scavenge" contextid="0" timestamp="2019-06-16T21:31:02.341" intervalms="2.481" />
<gc-start id="4383" type="scavenge" contextid="4382" timestamp="2019-06-16T21:31:02.341">
  <mem-info id="4384" free="2045275560" total="2092630016" percent="97">
    <mem type="nursery" free="0" total="3932160" percent="0">
      <mem type="allocate" free="0" total="3538944" percent="0" />
      <mem type="survivor" free="0" total="393216" percent="0" />
    </mem>
    <mem type="tenure" free="2045275560" total="2088697856" percent="97">
      <mem type="soa" free="1919954344" total="1963376640" percent="97" />
      <mem type="loa" free="125321216" total="125321216" percent="100" />
    </mem>
    <remembered-set count="102" />
  </mem-info>
</gc-start>
<allocation-stats totalBytes="3446016" >
  <allocated-bytes non-tlh="1168" tlh="3444848" />
  <largest-consumer threadName="main" threadId="0000000002213700" bytes="3446016" />
</allocation-stats>
<gc-op id="4385" type="scavenge" timems="0.172" contextid="4382" timestamp="2019-06-16T21:31:02.341">
  <scavenger-info tenureage="9" tenuremask="fe00" tiltratio="90" />
  <memory-copied type="nursery" objects="2" bytes="56" bytesdiscarded="78280" />
</gc-op>
<gc-end id="4386" type="scavenge" contextid="4382" durationms="0.688" usertimems="4.000" systemtimems="0.000" timestamp="2019-06-16T21:31:02.341" activeThreads="4">
  <mem-info id="4387" free="2048736168" total="2092630016" percent="97">
    <mem type="nursery" free="3460608" total="3932160" percent="88">
      <mem type="allocate" free="3460608" total="3538944" percent="97" />
      <mem type="survivor" free="0" total="393216" percent="0" />
    </mem>
    <mem type="tenure" free="2045275560" total="2088697856" percent="97" macro-fragmented="60768">
      <mem type="soa" free="1919954344" total="1963376640" percent="97" />
      <mem type="loa" free="125321216" total="125321216" percent="100" />
    </mem>
    <remembered-set count="102" />
  </mem-info>
</gc-end>
<cycle-end id="4388" type="scavenge" contextid="4382" timestamp="2019-06-16T21:31:02.341" />
  <attribute name="elasticGC enabled" value="1" />
  <attribute name= "numThreadsSpecified" value="4" />
  <attribute name="heapSize specified" value="9371648" />
  <attribute name="Current GC Util" value="26" />
  <attribute name= "Current Time Running" value="48307" />
  <attribute name ="GC Interval" value="200" />
  <attribute name="ProportionalT" value="3.000000" />
  <attribute name="ProportionalI" value="3.000000" />
  <attribute name="ProportionalH" value="3.000000" />
  <attribute name="Current Error" value="6.000000" />
  <attribute name="IntegralT" value="9.000000" />
  <attribute name="IntegralI" value="9.000000" />
  <attribute name="IntegralH" value="9.000000" />
  <attribute name="DerivativeT" value="0.000000" />
  <attribute name="DerivativeI" value="0.000000" />
  <attribute name="DerivativeH" value="0.000000" />
  <attribute name="Loop Time for DT" value="3.000000" />
  <attribute name="Output H" value="8388608"/>
  <attribute name="Output I" value="200"/>
  <attribute name="Output T" value="4"/>
  <attribute name="Target GC Util Change" value ="20.000000" />
  <attribute name="Current GC Util Change" value="26.000000"/>
  <attribute name="GC Util currently" value="26" />
  <attribute name="CPU Util currently" value="1859905535252" />
<allocation-satisfied id="4389" threadId="0000000002213700" bytesRequested="1168" />
<af-end id="4390" timestamp="2019-06-16T21:31:02.341" threadId="0000000002214088" success="true" from="nursery"/>
<exclusive-end id="4391" timestamp="2019-06-16T21:31:02.342" durationms="1.117" />

<exclusive-start id="4392" timestamp="2019-06-16T21:31:02.343" intervalms="2.512">
  <response-info timems="0.031" idlems="0.031" threads="0" lastid="0000000002213700" lastname="main" />
</exclusive-start>
<af-start id="4393" threadId="0000000002214088" totalBytesRequested="1168" timestamp="2019-06-16T21:31:02.343" intervalms="2.511" type="nursery" />
<cycle-start id="4394" type="scavenge" contextid="0" timestamp="2019-06-16T21:31:02.343" intervalms="2.511" />
<gc-start id="4395" type="scavenge" contextid="4394" timestamp="2019-06-16T21:31:02.343">
  <mem-info id="4396" free="2045275560" total="2092630016" percent="97">
    <mem type="nursery" free="0" total="3932160" percent="0">
      <mem type="allocate" free="0" total="3538944" percent="0" />
      <mem type="survivor" free="0" total="393216" percent="0" />
    </mem>
    <mem type="tenure" free="2045275560" total="2088697856" percent="97">
      <mem type="soa" free="1919954344" total="1963376640" percent="97" />
      <mem type="loa" free="125321216" total="125321216" percent="100" />
    </mem>
    <remembered-set count="102" />
  </mem-info>
</gc-start>
<allocation-stats totalBytes="3444784" >
  <allocated-bytes non-tlh="1168" tlh="3443616" />
  <largest-consumer threadName="main" threadId="0000000002213700" bytes="3444784" />
</allocation-stats>
<gc-op id="4397" type="scavenge" timems="0.169" contextid="4394" timestamp="2019-06-16T21:31:02.343">
  <scavenger-info tenureage="9" tenuremask="fe00" tiltratio="90" />
  <memory-copied type="nursery" objects="2" bytes="56" bytesdiscarded="78280" />
</gc-op>
<gc-end id="4398" type="scavenge" contextid="4394" durationms="0.687" usertimems="0.000" systemtimems="0.000" timestamp="2019-06-16T21:31:02.344" activeThreads="4">
  <mem-info id="4399" free="2048736168" total="2092630016" percent="97">
    <mem type="nursery" free="3460608" total="3932160" percent="88">
      <mem type="allocate" free="3460608" total="3538944" percent="97" />
      <mem type="survivor" free="0" total="393216" percent="0" />
    </mem>
    <mem type="tenure" free="2045275560" total="2088697856" percent="97" macro-fragmented="524320">
      <mem type="soa" free="1919954344" total="1963376640" percent="97" />
      <mem type="loa" free="125321216" total="125321216" percent="100" />
    </mem>
    <remembered-set count="102" />
  </mem-info>
</gc-end>
<cycle-end id="4400" type="scavenge" contextid="4394" timestamp="2019-06-16T21:31:02.344" />
  <attribute name="elasticGC enabled" value="1" />
  <attribute name= "numThreadsSpecified" value="4" />
  <attribute name="heapSize specified" value="9371648" />
  <attribute name="Current GC Util" value="27" />
  <attribute name= "Current Time Running" value="48309" />
  <attribute name ="GC Interval" value="200" />
  <attribute name="ProportionalT" value="3.500000" />
  <attribute name="ProportionalI" value="3.500000" />
  <attribute name="ProportionalH" value="3.500000" />
  <attribute name="Current Error" value="7.000000" />
  <attribute name="IntegralT" value="7.000000" />
  <attribute name="IntegralI" value="7.000000" />
  <attribute name="IntegralH" value="7.000000" />
  <attribute name="DerivativeT" value="0.500000" />
  <attribute name="DerivativeI" value="0.500000" />
  <attribute name="DerivativeH" value="0.500000" />
  <attribute name="Loop Time for DT" value="2.000000" />
  <attribute name="Output H" value="8388608"/>
  <attribute name="Output I" value="200"/>
  <attribute name="Output T" value="4"/>
  <attribute name="Target GC Util Change" value ="20.000000" />
  <attribute name="Current GC Util Change" value="27.000000"/>
  <attribute name="GC Util currently" value="27" />
  <attribute name="CPU Util currently" value="1834845496580" />
<allocation-satisfied id="4401" threadId="0000000002213700" bytesRequested="1168" />
<af-end id="4402" timestamp="2019-06-16T21:31:02.344" threadId="0000000002214088" success="true" from="nursery"/>
<exclusive-end id="4403" timestamp="2019-06-16T21:31:02.344" durationms="1.130" />

<exclusive-start id="4404" timestamp="2019-06-16T21:31:02.345" intervalms="2.530">
  <response-info timems="0.029" idlems="0.029" threads="0" lastid="0000000002213700" lastname="main" />
</exclusive-start>
<af-start id="4405" threadId="0000000002214088" totalBytesRequested="1168" timestamp="2019-06-16T21:31:02.346" intervalms="2.532" type="nursery" />
<cycle-start id="4406" type="scavenge" contextid="0" timestamp="2019-06-16T21:31:02.346" intervalms="2.533" />
<gc-start id="4407" type="scavenge" contextid="4406" timestamp="2019-06-16T21:31:02.346">
  <mem-info id="4408" free="2045275560" total="2092630016" percent="97">
    <mem type="nursery" free="0" total="3932160" percent="0">
      <mem type="allocate" free="0" total="3538944" percent="0" />
      <mem type="survivor" free="0" total="393216" percent="0" />
    </mem>
    <mem type="tenure" free="2045275560" total="2088697856" percent="97">
      <mem type="soa" free="1919954344" total="1963376640" percent="97" />
      <mem type="loa" free="125321216" total="125321216" percent="100" />
    </mem>
    <remembered-set count="102" />
  </mem-info>
</gc-start>
<allocation-stats totalBytes="3446016" >
  <allocated-bytes non-tlh="1168" tlh="3444848" />
  <largest-consumer threadName="main" threadId="0000000002213700" bytes="3446016" />
</allocation-stats>
<gc-op id="4409" type="scavenge" timems="0.167" contextid="4406" timestamp="2019-06-16T21:31:02.346">
  <scavenger-info tenureage="9" tenuremask="fe00" tiltratio="90" />
  <memory-copied type="nursery" objects="2" bytes="56" bytesdiscarded="78280" />
</gc-op>
<gc-end id="4410" type="scavenge" contextid="4406" durationms="0.687" usertimems="0.000" systemtimems="0.000" timestamp="2019-06-16T21:31:02.346" activeThreads="4">
  <mem-info id="4411" free="2048736168" total="2092630016" percent="97">
    <mem type="nursery" free="3460608" total="3932160" percent="88">
      <mem type="allocate" free="3460608" total="3538944" percent="97" />
      <mem type="survivor" free="0" total="393216" percent="0" />
    </mem>
    <mem type="tenure" free="2045275560" total="2088697856" percent="97" macro-fragmented="2592282">
      <mem type="soa" free="1919954344" total="1963376640" percent="97" />
      <mem type="loa" free="125321216" total="125321216" percent="100" />
    </mem>
    <remembered-set count="102" />
  </mem-info>
</gc-end>
<cycle-end id="4412" type="scavenge" contextid="4406" timestamp="2019-06-16T21:31:02.346" />
  <attribute name="elasticGC enabled" value="1" />
  <attribute name= "numThreadsSpecified" value="4" />
  <attribute name="heapSize specified" value="9371648" />
  <attribute name="Current GC Util" value="26" />
  <attribute name= "Current Time Running" value="48312" />
  <attribute name ="GC Interval" value="200" />
  <attribute name="ProportionalT" value="3.000000" />
  <attribute name="ProportionalI" value="3.000000" />
  <attribute name="ProportionalH" value="3.000000" />
  <attribute name="Current Error" value="6.000000" />
  <attribute name="IntegralT" value="9.000000" />
  <attribute name="IntegralI" value="9.000000" />
  <attribute name="IntegralH" value="9.000000" />
  <attribute name="DerivativeT" value="-0.333333" />
  <attribute name="DerivativeI" value="-0.333333" />
  <attribute name="DerivativeH" value="-0.333333" />
  <attribute name="Loop Time for DT" value="3.000000" />
  <attribute name="Output H" value="8388608"/>
  <attribute name="Output I" value="200"/>
  <attribute name="Output T" value="4"/>
  <attribute name="Target GC Util Change" value ="20.000000" />
  <attribute name="Current GC Util Change" value="26.000000"/>
  <attribute name="GC Util currently" value="26" />
  <attribute name="CPU Util currently" value="1817866680564" />
<allocation-satisfied id="4413" threadId="0000000002213700" bytesRequested="1168" />
<af-end id="4414" timestamp="2019-06-16T21:31:02.347" threadId="0000000002214088" success="true" from="nursery"/>
<exclusive-end id="4415" timestamp="2019-06-16T21:31:02.347" durationms="1.135" />

<exclusive-start id="4416" timestamp="2019-06-16T21:31:02.348" intervalms="2.552">
  <response-info timems="0.064" idlems="0.064" threads="0" lastid="0000000002213700" lastname="main" />
</exclusive-start>
<af-start id="4417" threadId="0000000002214088" totalBytesRequested="1168" timestamp="2019-06-16T21:31:02.348" intervalms="2.553" type="nursery" />
<cycle-start id="4418" type="scavenge" contextid="0" timestamp="2019-06-16T21:31:02.348" intervalms="2.554" />
<gc-start id="4419" type="scavenge" contextid="4418" timestamp="2019-06-16T21:31:02.348">
  <mem-info id="4420" free="2045275560" total="2092630016" percent="97">
    <mem type="nursery" free="0" total="3932160" percent="0">
      <mem type="allocate" free="0" total="3538944" percent="0" />
      <mem type="survivor" free="0" total="393216" percent="0" />
    </mem>
    <mem type="tenure" free="2045275560" total="2088697856" percent="97">
      <mem type="soa" free="1919954344" total="1963376640" percent="97" />
      <mem type="loa" free="125321216" total="125321216" percent="100" />
    </mem>
    <remembered-set count="102" />
  </mem-info>
</gc-start>
<allocation-stats totalBytes="3444784" >
  <allocated-bytes non-tlh="1168" tlh="3443616" />
  <largest-consumer threadName="main" threadId="0000000002213700" bytes="3444784" />
</allocation-stats>
<gc-op id="4421" type="scavenge" timems="0.172" contextid="4418" timestamp="2019-06-16T21:31:02.348">
  <scavenger-info tenureage="9" tenuremask="fe00" tiltratio="90" />
  <memory-copied type="nursery" objects="2" bytes="56" bytesdiscarded="78280" />
</gc-op>
<gc-end id="4422" type="scavenge" contextid="4418" durationms="0.693" usertimems="0.000" systemtimems="0.000" timestamp="2019-06-16T21:31:02.349" activeThreads="4">
  <mem-info id="4423" free="2048736168" total="2092630016" percent="97">
    <mem type="nursery" free="3460608" total="3932160" percent="88">
      <mem type="allocate" free="3460608" total="3538944" percent="97" />
      <mem type="survivor" free="0" total="393216" percent="0" />
    </mem>
    <mem type="tenure" free="2045275560" total="2088697856" percent="97" macro-fragmented="290741">
      <mem type="soa" free="1919954344" total="1963376640" percent="97" />
      <mem type="loa" free="125321216" total="125321216" percent="100" />
    </mem>
    <remembered-set count="102" />
  </mem-info>
</gc-end>
<cycle-end id="4424" type="scavenge" contextid="4418" timestamp="2019-06-16T21:31:02.349" />
  <attribute name="elasticGC enabled" value="1" />
  <attribute name= "numThreadsSpecified" value="4" />
  <attribute name="heapSize specified" value="9371648" />
  <attribute name="Current GC Util" value="26" />
  <attribute name= "Current Time Running" value="48314" />
  <attribute name ="GC Interval" value="200" />
  <attribute name="ProportionalT" value="3.000000" />
  <attribute name="ProportionalI" value="3.000000" />
  <attribute name="ProportionalH" value="3.000000" />
  <attribute name="Current Error" value="6.000000" />
  <attribute name="IntegralT" value="6.000000" />
  <attribute name="IntegralI" value="6.000000" />
  <attribute name="IntegralH" value="6.000000" />
  <attribute name="DerivativeT" value="0.000000" />
  <attribute name="DerivativeI" value="0.000000" />
  <attribute name="DerivativeH" value="0.000000" />
  <attribute name="Loop Time for DT" value="2.000000" />
  <attribute name="Output H" value="8388608"/>
  <attribute name="Output I" value="200"/>
  <attribute name="Output T" value="4"/>
  <attribute name="Target GC Util Change" value ="20.000000" />
  <attribute name="Current GC Util Change" value="26.000000"/>
  <attribute name="GC Util currently" value="26" />
  <attribute name="CPU Util currently" value="1805218812371" />
<allocation-satisfied id="4425" threadId="0000000002213700" bytesRequested="1168" />
<af-end id="4426" timestamp="2019-06-16T21:31:02.349" threadId="0000000002214088" success="true" from="nursery"/>
<exclusive-end id="4427" timestamp="2019-06-16T21:31:02.349" durationms="1.157" />

<exclusive-start id="4428" timestamp="2019-06-16T21:31:02.351" intervalms="2.566">
  <response-info timems="0.030" idlems="0.030" threads="0" lastid="0000000002213700" lastname="main" />
</exclusive-start>
<af-start id="4429" threadId="0000000002214088" totalBytesRequested="1168" timestamp="2019-06-16T21:31:02.351" intervalms="2.567" type="nursery" />
<cycle-start id="4430" type="scavenge" contextid="0" timestamp="2019-06-16T21:31:02.351" intervalms="2.566" />
<gc-start id="4431" type="scavenge" contextid="4430" timestamp="2019-06-16T21:31:02.351">
  <mem-info id="4432" free="2045275560" total="2092630016" percent="97">
    <mem type="nursery" free="0" total="3932160" percent="0">
      <mem type="allocate" free="0" total="3538944" percent="0" />
      <mem type="survivor" free="0" total="393216" percent="0" />
    </mem>
    <mem type="tenure" free="2045275560" total="2088697856" percent="97">
      <mem type="soa" free="1919954344" total="1963376640" percent="97" />
      <mem type="loa" free="125321216" total="125321216" percent="100" />
    </mem>
    <remembered-set count="102" />
  </mem-info>
</gc-start>
<allocation-stats totalBytes="3446016" >
  <allocated-bytes non-tlh="1168" tlh="3444848" />
  <largest-consumer threadName="main" threadId="0000000002213700" bytes="3446016" />
</allocation-stats>
<gc-op id="4433" type="scavenge" timems="0.175" contextid="4430" timestamp="2019-06-16T21:31:02.351">
  <scavenger-info tenureage="9" tenuremask="fe00" tiltratio="90" />
  <memory-copied type="nursery" objects="2" bytes="56" bytesdiscarded="78280" />
</gc-op>
<gc-end id="4434" type="scavenge" contextid="4430" durationms="0.698" usertimems="0.000" systemtimems="0.000" timestamp="2019-06-16T21:31:02.351" activeThreads="4">
  <mem-info id="4435" free="2048736168" total="2092630016" percent="97">
    <mem type="nursery" free="3460608" total="3932160" percent="88">
      <mem type="allocate" free="3460608" total="3538944" percent="97" />
      <mem type="survivor" free="0" total="393216" percent="0" />
    </mem>
    <mem type="tenure" free="2045275560" total="2088697856" percent="97" macro-fragmented="60768">
      <mem type="soa" free="1919954344" total="1963376640" percent="97" />
      <mem type="loa" free="125321216" total="125321216" percent="100" />
    </mem>
    <remembered-set count="102" />
  </mem-info>
</gc-end>
<cycle-end id="4436" type="scavenge" contextid="4430" timestamp="2019-06-16T21:31:02.352" />
  <attribute name="elasticGC enabled" value="1" />
  <attribute name= "numThreadsSpecified" value="4" />
  <attribute name="heapSize specified" value="9371648" />
  <attribute name="Current GC Util" value="26" />
  <attribute name= "Current Time Running" value="48317" />
  <attribute name ="GC Interval" value="200" />
  <attribute name="ProportionalT" value="3.000000" />
  <attribute name="ProportionalI" value="3.000000" />
  <attribute name="ProportionalH" value="3.000000" />
  <attribute name="Current Error" value="6.000000" />
  <attribute name="IntegralT" value="9.000000" />
  <attribute name="IntegralI" value="9.000000" />
  <attribute name="IntegralH" value="9.000000" />
  <attribute name="DerivativeT" value="0.000000" />
  <attribute name="DerivativeI" value="0.000000" />
  <attribute name="DerivativeH" value="0.000000" />
  <attribute name="Loop Time for DT" value="3.000000" />
  <attribute name="Output H" value="8388608"/>
  <attribute name="Output I" value="200"/>
  <attribute name="Output T" value="4"/>
  <attribute name="Target GC Util Change" value ="20.000000" />
  <attribute name="Current GC Util Change" value="26.000000"/>
  <attribute name="GC Util currently" value="26" />
  <attribute name="CPU Util currently" value="1795889419999" />
<allocation-satisfied id="4437" threadId="0000000002213700" bytesRequested="1168" />
<af-end id="4438" timestamp="2019-06-16T21:31:02.352" threadId="0000000002214088" success="true" from="nursery"/>
<exclusive-end id="4439" timestamp="2019-06-16T21:31:02.352" durationms="1.149" />

<exclusive-start id="4440" timestamp="2019-06-16T21:31:02.353" intervalms="2.597">
  <response-info timems="0.048" idlems="0.048" threads="0" lastid="0000000002213700" lastname="main" />
</exclusive-start>
<af-start id="4441" threadId="0000000002214088" totalBytesRequested="1168" timestamp="2019-06-16T21:31:02.353" intervalms="2.597" type="nursery" />
<cycle-start id="4442" type="scavenge" contextid="0" timestamp="2019-06-16T21:31:02.353" intervalms="2.600" />
<gc-start id="4443" type="scavenge" contextid="4442" timestamp="2019-06-16T21:31:02.353">
  <mem-info id="4444" free="2045275560" total="2092630016" percent="97">
    <mem type="nursery" free="0" total="3932160" percent="0">
      <mem type="allocate" free="0" total="3538944" percent="0" />
      <mem type="survivor" free="0" total="393216" percent="0" />
    </mem>
    <mem type="tenure" free="2045275560" total="2088697856" percent="97">
      <mem type="soa" free="1919954344" total="1963376640" percent="97" />
      <mem type="loa" free="125321216" total="125321216" percent="100" />
    </mem>
    <remembered-set count="102" />
  </mem-info>
</gc-start>
<allocation-stats totalBytes="3444760" >
  <allocated-bytes non-tlh="1168" tlh="3443592" />
  <largest-consumer threadName="main" threadId="0000000002213700" bytes="3444760" />
</allocation-stats>
<gc-op id="4445" type="scavenge" timems="0.179" contextid="4442" timestamp="2019-06-16T21:31:02.354">
  <scavenger-info tenureage="9" tenuremask="fe00" tiltratio="90" />
  <memory-copied type="nursery" objects="2" bytes="56" bytesdiscarded="78280" />
</gc-op>
<gc-end id="4446" type="scavenge" contextid="4442" durationms="0.708" usertimems="4.000" systemtimems="0.000" timestamp="2019-06-16T21:31:02.354" activeThreads="4">
  <mem-info id="4447" free="2048736168" total="2092630016" percent="97">
    <mem type="nursery" free="3460608" total="3932160" percent="88">
      <mem type="allocate" free="3460608" total="3538944" percent="97" />
      <mem type="survivor" free="0" total="393216" percent="0" />
    </mem>
    <mem type="tenure" free="2045275560" total="2088697856" percent="97" macro-fragmented="2160235">
      <mem type="soa" free="1919954344" total="1963376640" percent="97" />
      <mem type="loa" free="125321216" total="125321216" percent="100" />
    </mem>
    <remembered-set count="102" />
  </mem-info>
</gc-end>
<cycle-end id="4448" type="scavenge" contextid="4442" timestamp="2019-06-16T21:31:02.354" />
  <attribute name="elasticGC enabled" value="1" />
  <attribute name= "numThreadsSpecified" value="4" />
  <attribute name="heapSize specified" value="9371648" />
  <attribute name="Current GC Util" value="26" />
  <attribute name= "Current Time Running" value="48319" />
  <attribute name ="GC Interval" value="200" />
  <attribute name="ProportionalT" value="3.000000" />
  <attribute name="ProportionalI" value="3.000000" />
  <attribute name="ProportionalH" value="3.000000" />
  <attribute name="Current Error" value="6.000000" />
  <attribute name="IntegralT" value="6.000000" />
  <attribute name="IntegralI" value="6.000000" />
  <attribute name="IntegralH" value="6.000000" />
  <attribute name="DerivativeT" value="0.000000" />
  <attribute name="DerivativeI" value="0.000000" />
  <attribute name="DerivativeH" value="0.000000" />
  <attribute name="Loop Time for DT" value="2.000000" />
  <attribute name="Output H" value="8388608"/>
  <attribute name="Output I" value="200"/>
  <attribute name="Output T" value="4"/>
  <attribute name="Target GC Util Change" value ="20.000000" />
  <attribute name="Current GC Util Change" value="26.000000"/>
  <attribute name="GC Util currently" value="26" />
  <attribute name="CPU Util currently" value="1765940977874" />
<allocation-satisfied id="4449" threadId="0000000002213700" bytesRequested="1168" />
<af-end id="4450" timestamp="2019-06-16T21:31:02.354" threadId="0000000002214088" success="true" from="nursery"/>
<exclusive-end id="4451" timestamp="2019-06-16T21:31:02.354" durationms="1.171" />

<exclusive-start id="4452" timestamp="2019-06-16T21:31:02.356" intervalms="2.600">
  <response-info timems="0.031" idlems="0.031" threads="0" lastid="0000000002213700" lastname="main" />
</exclusive-start>
<af-start id="4453" threadId="0000000002214088" totalBytesRequested="1168" timestamp="2019-06-16T21:31:02.356" intervalms="2.602" type="nursery" />
<cycle-start id="4454" type="scavenge" contextid="0" timestamp="2019-06-16T21:31:02.356" intervalms="2.600" />
<gc-start id="4455" type="scavenge" contextid="4454" timestamp="2019-06-16T21:31:02.356">
  <mem-info id="4456" free="2045275560" total="2092630016" percent="97">
    <mem type="nursery" free="0" total="3932160" percent="0">
      <mem type="allocate" free="0" total="3538944" percent="0" />
      <mem type="survivor" free="0" total="393216" percent="0" />
    </mem>
    <mem type="tenure" free="2045275560" total="2088697856" percent="97">
      <mem type="soa" free="1919954344" total="1963376640" percent="97" />
      <mem type="loa" free="125321216" total="125321216" percent="100" />
    </mem>
    <remembered-set count="102" />
  </mem-info>
</gc-start>
<allocation-stats totalBytes="3446016" >
  <allocated-bytes non-tlh="1168" tlh="3444848" />
  <largest-consumer threadName="main" threadId="0000000002213700" bytes="3446016" />
</allocation-stats>
<gc-op id="4457" type="scavenge" timems="0.192" contextid="4454" timestamp="2019-06-16T21:31:02.356">
  <scavenger-info tenureage="9" tenuremask="fe00" tiltratio="90" />
  <memory-copied type="nursery" objects="2" bytes="56" bytesdiscarded="78280" />
</gc-op>
<gc-end id="4458" type="scavenge" contextid="4454" durationms="0.714" usertimems="0.000" systemtimems="0.000" timestamp="2019-06-16T21:31:02.357" activeThreads="4">
  <mem-info id="4459" free="2048736168" total="2092630016" percent="97">
    <mem type="nursery" free="3460608" total="3932160" percent="88">
      <mem type="allocate" free="3460608" total="3538944" percent="97" />
      <mem type="survivor" free="0" total="393216" percent="0" />
    </mem>
    <mem type="tenure" free="2045275560" total="2088697856" percent="97" macro-fragmented="196632">
      <mem type="soa" free="1919954344" total="1963376640" percent="97" />
      <mem type="loa" free="125321216" total="125321216" percent="100" />
    </mem>
    <remembered-set count="102" />
  </mem-info>
</gc-end>
<cycle-end id="4460" type="scavenge" contextid="4454" timestamp="2019-06-16T21:31:02.357" />
  <attribute name="elasticGC enabled" value="1" />
  <attribute name= "numThreadsSpecified" value="4" />
  <attribute name="heapSize specified" value="9371648" />
  <attribute name="Current GC Util" value="27" />
  <attribute name= "Current Time Running" value="48322" />
  <attribute name ="GC Interval" value="200" />
  <attribute name="ProportionalT" value="3.500000" />
  <attribute name="ProportionalI" value="3.500000" />
  <attribute name="ProportionalH" value="3.500000" />
  <attribute name="Current Error" value="7.000000" />
  <attribute name="IntegralT" value="10.500000" />
  <attribute name="IntegralI" value="10.500000" />
  <attribute name="IntegralH" value="10.500000" />
  <attribute name="DerivativeT" value="0.333333" />
  <attribute name="DerivativeI" value="0.333333" />
  <attribute name="DerivativeH" value="0.333333" />
  <attribute name="Loop Time for DT" value="3.000000" />
  <attribute name="Output H" value="8388608"/>
  <attribute name="Output I" value="200"/>
  <attribute name="Output T" value="4"/>
  <attribute name="Target GC Util Change" value ="20.000000" />
  <attribute name="Current GC Util Change" value="27.000000"/>
  <attribute name="GC Util currently" value="27" />
  <attribute name="CPU Util currently" value="1778627552710" />
<allocation-satisfied id="4461" threadId="0000000002213700" bytesRequested="1168" />
<af-end id="4462" timestamp="2019-06-16T21:31:02.357" threadId="0000000002214088" success="true" from="nursery"/>
<exclusive-end id="4463" timestamp="2019-06-16T21:31:02.357" durationms="1.177" />

<exclusive-start id="4464" timestamp="2019-06-16T21:31:02.358" intervalms="2.609">
  <response-info timems="0.028" idlems="0.028" threads="0" lastid="0000000002213700" lastname="main" />
</exclusive-start>
<af-start id="4465" threadId="0000000002214088" totalBytesRequested="1168" timestamp="2019-06-16T21:31:02.358" intervalms="2.606" type="nursery" />
<cycle-start id="4466" type="scavenge" contextid="0" timestamp="2019-06-16T21:31:02.359" intervalms="2.605" />
<gc-start id="4467" type="scavenge" contextid="4466" timestamp="2019-06-16T21:31:02.359">
  <mem-info id="4468" free="2045275560" total="2092630016" percent="97">
    <mem type="nursery" free="0" total="3932160" percent="0">
      <mem type="allocate" free="0" total="3538944" percent="0" />
      <mem type="survivor" free="0" total="393216" percent="0" />
    </mem>
    <mem type="tenure" free="2045275560" total="2088697856" percent="97">
      <mem type="soa" free="1919954344" total="1963376640" percent="97" />
      <mem type="loa" free="125321216" total="125321216" percent="100" />
    </mem>
    <remembered-set count="102" />
  </mem-info>
</gc-start>
<allocation-stats totalBytes="3444784" >
  <allocated-bytes non-tlh="1168" tlh="3443616" />
  <largest-consumer threadName="main" threadId="0000000002213700" bytes="3444784" />
</allocation-stats>
<gc-op id="4469" type="scavenge" timems="0.178" contextid="4466" timestamp="2019-06-16T21:31:02.359">
  <scavenger-info tenureage="9" tenuremask="fe00" tiltratio="90" />
  <memory-copied type="nursery" objects="2" bytes="56" bytesdiscarded="78280" />
</gc-op>
<gc-end id="4470" type="scavenge" contextid="4466" durationms="0.699" usertimems="4.000" systemtimems="0.000" timestamp="2019-06-16T21:31:02.359" activeThreads="4">
  <mem-info id="4471" free="2048736168" total="2092630016" percent="97">
    <mem type="nursery" free="3460608" total="3932160" percent="88">
      <mem type="allocate" free="3460608" total="3538944" percent="97" />
      <mem type="survivor" free="0" total="393216" percent="0" />
    </mem>
    <mem type="tenure" free="2045275560" total="2088697856" percent="97" macro-fragmented="868149">
      <mem type="soa" free="1919954344" total="1963376640" percent="97" />
      <mem type="loa" free="125321216" total="125321216" percent="100" />
    </mem>
    <remembered-set count="102" />
  </mem-info>
</gc-end>
<cycle-end id="4472" type="scavenge" contextid="4466" timestamp="2019-06-16T21:31:02.359" />
  <attribute name="elasticGC enabled" value="1" />
  <attribute name= "numThreadsSpecified" value="4" />
  <attribute name="heapSize specified" value="9371648" />
  <attribute name="Current GC Util" value="27" />
  <attribute name= "Current Time Running" value="48325" />
  <attribute name ="GC Interval" value="200" />
  <attribute name="ProportionalT" value="3.500000" />
  <attribute name="ProportionalI" value="3.500000" />
  <attribute name="ProportionalH" value="3.500000" />
  <attribute name="Current Error" value="7.000000" />
  <attribute name="IntegralT" value="10.500000" />
  <attribute name="IntegralI" value="10.500000" />
  <attribute name="IntegralH" value="10.500000" />
  <attribute name="DerivativeT" value="0.000000" />
  <attribute name="DerivativeI" value="0.000000" />
  <attribute name="DerivativeH" value="0.000000" />
  <attribute name="Loop Time for DT" value="3.000000" />
  <attribute name="Output H" value="8388608"/>
  <attribute name="Output I" value="200"/>
  <attribute name="Output T" value="4"/>
  <attribute name="Target GC Util Change" value ="20.000000" />
  <attribute name="Current GC Util Change" value="27.000000"/>
  <attribute name="GC Util currently" value="27" />
  <attribute name="CPU Util currently" value="1772890759306" />
<allocation-satisfied id="4473" threadId="0000000002213700" bytesRequested="1168" />
<af-end id="4474" timestamp="2019-06-16T21:31:02.359" threadId="0000000002214088" success="true" from="nursery"/>
<exclusive-end id="4475" timestamp="2019-06-16T21:31:02.360" durationms="1.155" />

<exclusive-start id="4476" timestamp="2019-06-16T21:31:02.361" intervalms="2.581">
  <response-info timems="0.029" idlems="0.029" threads="0" lastid="0000000002213700" lastname="main" />
</exclusive-start>
<af-start id="4477" threadId="0000000002214088" totalBytesRequested="1168" timestamp="2019-06-16T21:31:02.361" intervalms="2.578" type="nursery" />
<cycle-start id="4478" type="scavenge" contextid="0" timestamp="2019-06-16T21:31:02.361" intervalms="2.572" />
<gc-start id="4479" type="scavenge" contextid="4478" timestamp="2019-06-16T21:31:02.361">
  <mem-info id="4480" free="2045275560" total="2092630016" percent="97">
    <mem type="nursery" free="0" total="3932160" percent="0">
      <mem type="allocate" free="0" total="3538944" percent="0" />
      <mem type="survivor" free="0" total="393216" percent="0" />
    </mem>
    <mem type="tenure" free="2045275560" total="2088697856" percent="97">
      <mem type="soa" free="1919954344" total="1963376640" percent="97" />
      <mem type="loa" free="125321216" total="125321216" percent="100" />
    </mem>
    <remembered-set count="102" />
  </mem-info>
</gc-start>
<allocation-stats totalBytes="3446016" >
  <allocated-bytes non-tlh="1168" tlh="3444848" />
  <largest-consumer threadName="main" threadId="0000000002213700" bytes="3446016" />
</allocation-stats>
<gc-op id="4481" type="scavenge" timems="0.184" contextid="4478" timestamp="2019-06-16T21:31:02.361">
  <scavenger-info tenureage="9" tenuremask="fe00" tiltratio="90" />
  <memory-copied type="nursery" objects="2" bytes="56" bytesdiscarded="78280" />
</gc-op>
<gc-end id="4482" type="scavenge" contextid="4478" durationms="0.709" usertimems="0.000" systemtimems="0.000" timestamp="2019-06-16T21:31:02.362" activeThreads="4">
  <mem-info id="4483" free="2048736168" total="2092630016" percent="97">
    <mem type="nursery" free="3460608" total="3932160" percent="88">
      <mem type="allocate" free="3460608" total="3538944" percent="97" />
      <mem type="survivor" free="0" total="393216" percent="0" />
    </mem>
    <mem type="tenure" free="2045275560" total="2088697856" percent="97" macro-fragmented="5375357">
      <mem type="soa" free="1919954344" total="1963376640" percent="97" />
      <mem type="loa" free="125321216" total="125321216" percent="100" />
    </mem>
    <remembered-set count="102" />
  </mem-info>
</gc-end>
<cycle-end id="4484" type="scavenge" contextid="4478" timestamp="2019-06-16T21:31:02.362" />
  <attribute name="elasticGC enabled" value="1" />
  <attribute name= "numThreadsSpecified" value="4" />
  <attribute name="heapSize specified" value="9371648" />
  <attribute name="Current GC Util" value="26" />
  <attribute name= "Current Time Running" value="48327" />
  <attribute name ="GC Interval" value="200" />
  <attribute name="ProportionalT" value="3.000000" />
  <attribute name="ProportionalI" value="3.000000" />
  <attribute name="ProportionalH" value="3.000000" />
  <attribute name="Current Error" value="6.000000" />
  <attribute name="IntegralT" value="6.000000" />
  <attribute name="IntegralI" value="6.000000" />
  <attribute name="IntegralH" value="6.000000" />
  <attribute name="DerivativeT" value="-0.500000" />
  <attribute name="DerivativeI" value="-0.500000" />
  <attribute name="DerivativeH" value="-0.500000" />
  <attribute name="Loop Time for DT" value="2.000000" />
  <attribute name="Output H" value="8388608"/>
  <attribute name="Output I" value="200"/>
  <attribute name="Output T" value="4"/>
  <attribute name="Target GC Util Change" value ="20.000000" />
  <attribute name="Current GC Util Change" value="26.000000"/>
  <attribute name="GC Util currently" value="26" />
  <attribute name="CPU Util currently" value="1800037779936" />
<allocation-satisfied id="4485" threadId="0000000002213700" bytesRequested="1168" />
<af-end id="4486" timestamp="2019-06-16T21:31:02.362" threadId="0000000002214088" success="true" from="nursery"/>
<exclusive-end id="4487" timestamp="2019-06-16T21:31:02.362" durationms="1.144" />

<exclusive-start id="4488" timestamp="2019-06-16T21:31:02.364" intervalms="2.576">
  <response-info timems="0.047" idlems="0.047" threads="0" lastid="0000000002213700" lastname="main" />
</exclusive-start>
<af-start id="4489" threadId="0000000002214088" totalBytesRequested="1168" timestamp="2019-06-16T21:31:02.364" intervalms="2.581" type="nursery" />
<cycle-start id="4490" type="scavenge" contextid="0" timestamp="2019-06-16T21:31:02.364" intervalms="2.588" />
<gc-start id="4491" type="scavenge" contextid="4490" timestamp="2019-06-16T21:31:02.364">
  <mem-info id="4492" free="2045275560" total="2092630016" percent="97">
    <mem type="nursery" free="0" total="3932160" percent="0">
      <mem type="allocate" free="0" total="3538944" percent="0" />
      <mem type="survivor" free="0" total="393216" percent="0" />
    </mem>
    <mem type="tenure" free="2045275560" total="2088697856" percent="97">
      <mem type="soa" free="1919954344" total="1963376640" percent="97" />
      <mem type="loa" free="125321216" total="125321216" percent="100" />
    </mem>
    <remembered-set count="102" />
  </mem-info>
</gc-start>
<allocation-stats totalBytes="3444784" >
  <allocated-bytes non-tlh="1168" tlh="3443616" />
  <largest-consumer threadName="main" threadId="0000000002213700" bytes="3444784" />
</allocation-stats>
<gc-op id="4493" type="scavenge" timems="0.201" contextid="4490" timestamp="2019-06-16T21:31:02.364">
  <scavenger-info tenureage="9" tenuremask="fe00" tiltratio="90" />
  <memory-copied type="nursery" objects="2" bytes="56" bytesdiscarded="78280" />
</gc-op>
<gc-end id="4494" type="scavenge" contextid="4490" durationms="0.726" usertimems="0.000" systemtimems="0.000" timestamp="2019-06-16T21:31:02.364" activeThreads="4">
  <mem-info id="4495" free="2048736168" total="2092630016" percent="97">
    <mem type="nursery" free="3460608" total="3932160" percent="88">
      <mem type="allocate" free="3460608" total="3538944" percent="97" />
      <mem type="survivor" free="0" total="393216" percent="0" />
    </mem>
    <mem type="tenure" free="2045275560" total="2088697856" percent="97" macro-fragmented="5375357">
      <mem type="soa" free="1919954344" total="1963376640" percent="97" />
      <mem type="loa" free="125321216" total="125321216" percent="100" />
    </mem>
    <remembered-set count="102" />
  </mem-info>
</gc-end>
<cycle-end id="4496" type="scavenge" contextid="4490" timestamp="2019-06-16T21:31:02.365" />
  <attribute name="elasticGC enabled" value="1" />
  <attribute name= "numThreadsSpecified" value="4" />
  <attribute name="heapSize specified" value="9371648" />
  <attribute name="Current GC Util" value="27" />
  <attribute name= "Current Time Running" value="48330" />
  <attribute name ="GC Interval" value="200" />
  <attribute name="ProportionalT" value="3.500000" />
  <attribute name="ProportionalI" value="3.500000" />
  <attribute name="ProportionalH" value="3.500000" />
  <attribute name="Current Error" value="7.000000" />
  <attribute name="IntegralT" value="10.500000" />
  <attribute name="IntegralI" value="10.500000" />
  <attribute name="IntegralH" value="10.500000" />
  <attribute name="DerivativeT" value="0.333333" />
  <attribute name="DerivativeI" value="0.333333" />
  <attribute name="DerivativeH" value="0.333333" />
  <attribute name="Loop Time for DT" value="3.000000" />
  <attribute name="Output H" value="8388608"/>
  <attribute name="Output I" value="200"/>
  <attribute name="Output T" value="4"/>
  <attribute name="Target GC Util Change" value ="20.000000" />
  <attribute name="Current GC Util Change" value="27.000000"/>
  <attribute name="GC Util currently" value="27" />
  <attribute name="CPU Util currently" value="1770097362732" />
<allocation-satisfied id="4497" threadId="0000000002213700" bytesRequested="1168" />
<af-end id="4498" timestamp="2019-06-16T21:31:02.365" threadId="0000000002214088" success="true" from="nursery"/>
<exclusive-end id="4499" timestamp="2019-06-16T21:31:02.365" durationms="1.180" />

<exclusive-start id="4500" timestamp="2019-06-16T21:31:02.366" intervalms="2.679">
  <response-info timems="0.061" idlems="0.061" threads="0" lastid="0000000002213700" lastname="main" />
</exclusive-start>
<af-start id="4501" threadId="0000000002214088" totalBytesRequested="1168" timestamp="2019-06-16T21:31:02.366" intervalms="2.680" type="nursery" />
<cycle-start id="4502" type="scavenge" contextid="0" timestamp="2019-06-16T21:31:02.366" intervalms="2.679" />
<gc-start id="4503" type="scavenge" contextid="4502" timestamp="2019-06-16T21:31:02.366">
  <mem-info id="4504" free="2045275560" total="2092630016" percent="97">
    <mem type="nursery" free="0" total="3932160" percent="0">
      <mem type="allocate" free="0" total="3538944" percent="0" />
      <mem type="survivor" free="0" total="393216" percent="0" />
    </mem>
    <mem type="tenure" free="2045275560" total="2088697856" percent="97">
      <mem type="soa" free="1919954344" total="1963376640" percent="97" />
      <mem type="loa" free="125321216" total="125321216" percent="100" />
    </mem>
    <remembered-set count="102" />
  </mem-info>
</gc-start>
<allocation-stats totalBytes="3446016" >
  <allocated-bytes non-tlh="1168" tlh="3444848" />
  <largest-consumer threadName="main" threadId="0000000002213700" bytes="3446016" />
</allocation-stats>
<gc-op id="4505" type="scavenge" timems="0.211" contextid="4502" timestamp="2019-06-16T21:31:02.367">
  <scavenger-info tenureage="9" tenuremask="fe00" tiltratio="90" />
  <memory-copied type="nursery" objects="2" bytes="56" bytesdiscarded="78280" />
</gc-op>
<gc-end id="4506" type="scavenge" contextid="4502" durationms="0.734" usertimems="4.000" systemtimems="0.000" timestamp="2019-06-16T21:31:02.367" activeThreads="4">
  <mem-info id="4507" free="2048736168" total="2092630016" percent="97">
    <mem type="nursery" free="3460608" total="3932160" percent="88">
      <mem type="allocate" free="3460608" total="3538944" percent="97" />
      <mem type="survivor" free="0" total="393216" percent="0" />
    </mem>
    <mem type="tenure" free="2045275560" total="2088697856" percent="97" macro-fragmented="242284">
      <mem type="soa" free="1919954344" total="1963376640" percent="97" />
      <mem type="loa" free="125321216" total="125321216" percent="100" />
    </mem>
    <remembered-set count="102" />
  </mem-info>
</gc-end>
<cycle-end id="4508" type="scavenge" contextid="4502" timestamp="2019-06-16T21:31:02.367" />
  <attribute name="elasticGC enabled" value="1" />
  <attribute name= "numThreadsSpecified" value="4" />
  <attribute name="heapSize specified" value="9371648" />
  <attribute name="Current GC Util" value="27" />
  <attribute name= "Current Time Running" value="48332" />
  <attribute name ="GC Interval" value="200" />
  <attribute name="ProportionalT" value="3.500000" />
  <attribute name="ProportionalI" value="3.500000" />
  <attribute name="ProportionalH" value="3.500000" />
  <attribute name="Current Error" value="7.000000" />
  <attribute name="IntegralT" value="7.000000" />
  <attribute name="IntegralI" value="7.000000" />
  <attribute name="IntegralH" value="7.000000" />
  <attribute name="DerivativeT" value="0.000000" />
  <attribute name="DerivativeI" value="0.000000" />
  <attribute name="DerivativeH" value="0.000000" />
  <attribute name="Loop Time for DT" value="2.000000" />
  <attribute name="Output H" value="8388608"/>
  <attribute name="Output I" value="200"/>
  <attribute name="Output T" value="4"/>
  <attribute name="Target GC Util Change" value ="20.000000" />
  <attribute name="Current GC Util Change" value="27.000000"/>
  <attribute name="GC Util currently" value="27" />
  <attribute name="CPU Util currently" value="1725063980659" />
<allocation-satisfied id="4509" threadId="0000000002213700" bytesRequested="1168" />
<af-end id="4510" timestamp="2019-06-16T21:31:02.367" threadId="0000000002214088" success="true" from="nursery"/>
<exclusive-end id="4511" timestamp="2019-06-16T21:31:02.367" durationms="1.200" />

<exclusive-start id="4512" timestamp="2019-06-16T21:31:02.369" intervalms="2.645">
  <response-info timems="0.062" idlems="0.062" threads="0" lastid="0000000002213700" lastname="main" />
</exclusive-start>
<af-start id="4513" threadId="0000000002214088" totalBytesRequested="1168" timestamp="2019-06-16T21:31:02.369" intervalms="2.643" type="nursery" />
<cycle-start id="4514" type="scavenge" contextid="0" timestamp="2019-06-16T21:31:02.369" intervalms="2.639" />
<gc-start id="4515" type="scavenge" contextid="4514" timestamp="2019-06-16T21:31:02.369">
  <mem-info id="4516" free="2045275560" total="2092630016" percent="97">
    <mem type="nursery" free="0" total="3932160" percent="0">
      <mem type="allocate" free="0" total="3538944" percent="0" />
      <mem type="survivor" free="0" total="393216" percent="0" />
    </mem>
    <mem type="tenure" free="2045275560" total="2088697856" percent="97">
      <mem type="soa" free="1919954344" total="1963376640" percent="97" />
      <mem type="loa" free="125321216" total="125321216" percent="100" />
    </mem>
    <remembered-set count="102" />
  </mem-info>
</gc-start>
<allocation-stats totalBytes="3444784" >
  <allocated-bytes non-tlh="1168" tlh="3443616" />
  <largest-consumer threadName="main" threadId="0000000002213700" bytes="3444784" />
</allocation-stats>
<gc-op id="4517" type="scavenge" timems="0.191" contextid="4514" timestamp="2019-06-16T21:31:02.369">
  <scavenger-info tenureage="9" tenuremask="fe00" tiltratio="90" />
  <memory-copied type="nursery" objects="2" bytes="56" bytesdiscarded="78280" />
</gc-op>
<gc-end id="4518" type="scavenge" contextid="4514" durationms="0.728" usertimems="0.000" systemtimems="0.000" timestamp="2019-06-16T21:31:02.370" activeThreads="4">
  <mem-info id="4519" free="2048736168" total="2092630016" percent="97">
    <mem type="nursery" free="3460608" total="3932160" percent="88">
      <mem type="allocate" free="3460608" total="3538944" percent="97" />
      <mem type="survivor" free="0" total="393216" percent="0" />
    </mem>
    <mem type="tenure" free="2045275560" total="2088697856" percent="97" macro-fragmented="418667">
      <mem type="soa" free="1919954344" total="1963376640" percent="97" />
      <mem type="loa" free="125321216" total="125321216" percent="100" />
    </mem>
    <remembered-set count="102" />
  </mem-info>
</gc-end>
<cycle-end id="4520" type="scavenge" contextid="4514" timestamp="2019-06-16T21:31:02.370" />
  <attribute name="elasticGC enabled" value="1" />
  <attribute name= "numThreadsSpecified" value="4" />
  <attribute name="heapSize specified" value="9371648" />
  <attribute name="Current GC Util" value="26" />
  <attribute name= "Current Time Running" value="48335" />
  <attribute name ="GC Interval" value="200" />
  <attribute name="ProportionalT" value="3.000000" />
  <attribute name="ProportionalI" value="3.000000" />
  <attribute name="ProportionalH" value="3.000000" />
  <attribute name="Current Error" value="6.000000" />
  <attribute name="IntegralT" value="9.000000" />
  <attribute name="IntegralI" value="9.000000" />
  <attribute name="IntegralH" value="9.000000" />
  <attribute name="DerivativeT" value="-0.333333" />
  <attribute name="DerivativeI" value="-0.333333" />
  <attribute name="DerivativeH" value="-0.333333" />
  <attribute name="Loop Time for DT" value="3.000000" />
  <attribute name="Output H" value="8388608"/>
  <attribute name="Output I" value="200"/>
  <attribute name="Output T" value="4"/>
  <attribute name="Target GC Util Change" value ="20.000000" />
  <attribute name="Current GC Util Change" value="26.000000"/>
  <attribute name="GC Util currently" value="26" />
  <attribute name="CPU Util currently" value="1746654917446" />
<allocation-satisfied id="4521" threadId="0000000002213700" bytesRequested="1168" />
<af-end id="4522" timestamp="2019-06-16T21:31:02.370" threadId="0000000002214088" success="true" from="nursery"/>
<exclusive-end id="4523" timestamp="2019-06-16T21:31:02.370" durationms="1.175" />

<exclusive-start id="4524" timestamp="2019-06-16T21:31:02.371" intervalms="2.591">
  <response-info timems="0.029" idlems="0.029" threads="0" lastid="0000000002213700" lastname="main" />
</exclusive-start>
<af-start id="4525" threadId="0000000002214088" totalBytesRequested="1168" timestamp="2019-06-16T21:31:02.372" intervalms="2.591" type="nursery" />
<cycle-start id="4526" type="scavenge" contextid="0" timestamp="2019-06-16T21:31:02.372" intervalms="2.597" />
<gc-start id="4527" type="scavenge" contextid="4526" timestamp="2019-06-16T21:31:02.372">
  <mem-info id="4528" free="2045275560" total="2092630016" percent="97">
    <mem type="nursery" free="0" total="3932160" percent="0">
      <mem type="allocate" free="0" total="3538944" percent="0" />
      <mem type="survivor" free="0" total="393216" percent="0" />
    </mem>
    <mem type="tenure" free="2045275560" total="2088697856" percent="97">
      <mem type="soa" free="1919954344" total="1963376640" percent="97" />
      <mem type="loa" free="125321216" total="125321216" percent="100" />
    </mem>
    <remembered-set count="102" />
  </mem-info>
</gc-start>
<allocation-stats totalBytes="3446016" >
  <allocated-bytes non-tlh="1168" tlh="3444848" />
  <largest-consumer threadName="main" threadId="0000000002213700" bytes="3446016" />
</allocation-stats>
<gc-op id="4529" type="scavenge" timems="0.170" contextid="4526" timestamp="2019-06-16T21:31:02.372">
  <scavenger-info tenureage="9" tenuremask="fe00" tiltratio="90" />
  <memory-copied type="nursery" objects="2" bytes="56" bytesdiscarded="78280" />
</gc-op>
<gc-end id="4530" type="scavenge" contextid="4526" durationms="0.693" usertimems="0.000" systemtimems="0.000" timestamp="2019-06-16T21:31:02.372" activeThreads="4">
  <mem-info id="4531" free="2048736168" total="2092630016" percent="97">
    <mem type="nursery" free="3460608" total="3932160" percent="88">
      <mem type="allocate" free="3460608" total="3538944" percent="97" />
      <mem type="survivor" free="0" total="393216" percent="0" />
    </mem>
    <mem type="tenure" free="2045275560" total="2088697856" percent="97" macro-fragmented="290741">
      <mem type="soa" free="1919954344" total="1963376640" percent="97" />
      <mem type="loa" free="125321216" total="125321216" percent="100" />
    </mem>
    <remembered-set count="102" />
  </mem-info>
</gc-end>
<cycle-end id="4532" type="scavenge" contextid="4526" timestamp="2019-06-16T21:31:02.372" />
  <attribute name="elasticGC enabled" value="1" />
  <attribute name= "numThreadsSpecified" value="4" />
  <attribute name="heapSize specified" value="9371648" />
  <attribute name="Current GC Util" value="26" />
  <attribute name= "Current Time Running" value="48338" />
  <attribute name ="GC Interval" value="200" />
  <attribute name="ProportionalT" value="3.000000" />
  <attribute name="ProportionalI" value="3.000000" />
  <attribute name="ProportionalH" value="3.000000" />
  <attribute name="Current Error" value="6.000000" />
  <attribute name="IntegralT" value="9.000000" />
  <attribute name="IntegralI" value="9.000000" />
  <attribute name="IntegralH" value="9.000000" />
  <attribute name="DerivativeT" value="0.000000" />
  <attribute name="DerivativeI" value="0.000000" />
  <attribute name="DerivativeH" value="0.000000" />
  <attribute name="Loop Time for DT" value="3.000000" />
  <attribute name="Output H" value="8388608"/>
  <attribute name="Output I" value="200"/>
  <attribute name="Output T" value="4"/>
  <attribute name="Target GC Util Change" value ="20.000000" />
  <attribute name="Current GC Util Change" value="26.000000"/>
  <attribute name="GC Util currently" value="26" />
  <attribute name="CPU Util currently" value="1777511480953" />
<allocation-satisfied id="4533" threadId="0000000002213700" bytesRequested="1168" />
<af-end id="4534" timestamp="2019-06-16T21:31:02.373" threadId="0000000002214088" success="true" from="nursery"/>
<exclusive-end id="4535" timestamp="2019-06-16T21:31:02.373" durationms="1.151" />

<exclusive-start id="4536" timestamp="2019-06-16T21:31:02.374" intervalms="2.612">
  <response-info timems="0.065" idlems="0.065" threads="0" lastid="0000000002213700" lastname="main" />
</exclusive-start>
<af-start id="4537" threadId="0000000002214088" totalBytesRequested="1168" timestamp="2019-06-16T21:31:02.374" intervalms="2.608" type="nursery" />
<cycle-start id="4538" type="scavenge" contextid="0" timestamp="2019-06-16T21:31:02.374" intervalms="2.606" />
<gc-start id="4539" type="scavenge" contextid="4538" timestamp="2019-06-16T21:31:02.374">
  <mem-info id="4540" free="2045275560" total="2092630016" percent="97">
    <mem type="nursery" free="0" total="3932160" percent="0">
      <mem type="allocate" free="0" total="3538944" percent="0" />
      <mem type="survivor" free="0" total="393216" percent="0" />
    </mem>
    <mem type="tenure" free="2045275560" total="2088697856" percent="97">
      <mem type="soa" free="1919954344" total="1963376640" percent="97" />
      <mem type="loa" free="125321216" total="125321216" percent="100" />
    </mem>
    <remembered-set count="102" />
  </mem-info>
</gc-start>
<allocation-stats totalBytes="3444784" >
  <allocated-bytes non-tlh="1168" tlh="3443616" />
  <largest-consumer threadName="main" threadId="0000000002213700" bytes="3444784" />
</allocation-stats>
<gc-op id="4541" type="scavenge" timems="0.168" contextid="4538" timestamp="2019-06-16T21:31:02.375">
  <scavenger-info tenureage="9" tenuremask="fe00" tiltratio="90" />
  <memory-copied type="nursery" objects="2" bytes="56" bytesdiscarded="78280" />
</gc-op>
<gc-end id="4542" type="scavenge" contextid="4538" durationms="0.686" usertimems="4.000" systemtimems="0.000" timestamp="2019-06-16T21:31:02.375" activeThreads="4">
  <mem-info id="4543" free="2048736168" total="2092630016" percent="97">
    <mem type="nursery" free="3460608" total="3932160" percent="88">
      <mem type="allocate" free="3460608" total="3538944" percent="97" />
      <mem type="survivor" free="0" total="393216" percent="0" />
    </mem>
    <mem type="tenure" free="2045275560" total="2088697856" percent="97" macro-fragmented="1310760">
      <mem type="soa" free="1919954344" total="1963376640" percent="97" />
      <mem type="loa" free="125321216" total="125321216" percent="100" />
    </mem>
    <remembered-set count="102" />
  </mem-info>
</gc-end>
<cycle-end id="4544" type="scavenge" contextid="4538" timestamp="2019-06-16T21:31:02.375" />
  <attribute name="elasticGC enabled" value="1" />
  <attribute name= "numThreadsSpecified" value="4" />
  <attribute name="heapSize specified" value="9371648" />
  <attribute name="Current GC Util" value="26" />
  <attribute name= "Current Time Running" value="48340" />
  <attribute name ="GC Interval" value="200" />
  <attribute name="ProportionalT" value="3.000000" />
  <attribute name="ProportionalI" value="3.000000" />
  <attribute name="ProportionalH" value="3.000000" />
  <attribute name="Current Error" value="6.000000" />
  <attribute name="IntegralT" value="6.000000" />
  <attribute name="IntegralI" value="6.000000" />
  <attribute name="IntegralH" value="6.000000" />
  <attribute name="DerivativeT" value="0.000000" />
  <attribute name="DerivativeI" value="0.000000" />
  <attribute name="DerivativeH" value="0.000000" />
  <attribute name="Loop Time for DT" value="2.000000" />
  <attribute name="Output H" value="8388608"/>
  <attribute name="Output I" value="200"/>
  <attribute name="Output T" value="4"/>
  <attribute name="Target GC Util Change" value ="20.000000" />
  <attribute name="Current GC Util Change" value="26.000000"/>
  <attribute name="GC Util currently" value="26" />
  <attribute name="CPU Util currently" value="1774138892423" />
<allocation-satisfied id="4545" threadId="0000000002213700" bytesRequested="1168" />
<af-end id="4546" timestamp="2019-06-16T21:31:02.375" threadId="0000000002214088" success="true" from="nursery"/>
<exclusive-end id="4547" timestamp="2019-06-16T21:31:02.375" durationms="1.128" />

<exclusive-start id="4548" timestamp="2019-06-16T21:31:02.377" intervalms="2.530">
  <response-info timems="0.027" idlems="0.027" threads="0" lastid="0000000002213700" lastname="main" />
</exclusive-start>
<af-start id="4549" threadId="0000000002214088" totalBytesRequested="1168" timestamp="2019-06-16T21:31:02.377" intervalms="2.530" type="nursery" />
<cycle-start id="4550" type="scavenge" contextid="0" timestamp="2019-06-16T21:31:02.377" intervalms="2.529" />
<gc-start id="4551" type="scavenge" contextid="4550" timestamp="2019-06-16T21:31:02.377">
  <mem-info id="4552" free="2045275560" total="2092630016" percent="97">
    <mem type="nursery" free="0" total="3932160" percent="0">
      <mem type="allocate" free="0" total="3538944" percent="0" />
      <mem type="survivor" free="0" total="393216" percent="0" />
    </mem>
    <mem type="tenure" free="2045275560" total="2088697856" percent="97">
      <mem type="soa" free="1919954344" total="1963376640" percent="97" />
      <mem type="loa" free="125321216" total="125321216" percent="100" />
    </mem>
    <remembered-set count="102" />
  </mem-info>
</gc-start>
<allocation-stats totalBytes="3446016" >
  <allocated-bytes non-tlh="1168" tlh="3444848" />
  <largest-consumer threadName="main" threadId="0000000002213700" bytes="3446016" />
</allocation-stats>
<gc-op id="4553" type="scavenge" timems="0.180" contextid="4550" timestamp="2019-06-16T21:31:02.377">
  <scavenger-info tenureage="9" tenuremask="fe00" tiltratio="90" />
  <memory-copied type="nursery" objects="2" bytes="56" bytesdiscarded="78280" />
</gc-op>
<gc-end id="4554" type="scavenge" contextid="4550" durationms="0.686" usertimems="0.000" systemtimems="0.000" timestamp="2019-06-16T21:31:02.377" activeThreads="4">
  <mem-info id="4555" free="2048736168" total="2092630016" percent="97">
    <mem type="nursery" free="3460608" total="3932160" percent="88">
      <mem type="allocate" free="3460608" total="3538944" percent="97" />
      <mem type="survivor" free="0" total="393216" percent="0" />
    </mem>
    <mem type="tenure" free="2045275560" total="2088697856" percent="97" macro-fragmented="502401">
      <mem type="soa" free="1919954344" total="1963376640" percent="97" />
      <mem type="loa" free="125321216" total="125321216" percent="100" />
    </mem>
    <remembered-set count="102" />
  </mem-info>
</gc-end>
<cycle-end id="4556" type="scavenge" contextid="4550" timestamp="2019-06-16T21:31:02.378" />
  <attribute name="elasticGC enabled" value="1" />
  <attribute name= "numThreadsSpecified" value="4" />
  <attribute name="heapSize specified" value="9371648" />
  <attribute name="Current GC Util" value="26" />
  <attribute name= "Current Time Running" value="48343" />
  <attribute name ="GC Interval" value="200" />
  <attribute name="ProportionalT" value="3.000000" />
  <attribute name="ProportionalI" value="3.000000" />
  <attribute name="ProportionalH" value="3.000000" />
  <attribute name="Current Error" value="6.000000" />
  <attribute name="IntegralT" value="9.000000" />
  <attribute name="IntegralI" value="9.000000" />
  <attribute name="IntegralH" value="9.000000" />
  <attribute name="DerivativeT" value="0.000000" />
  <attribute name="DerivativeI" value="0.000000" />
  <attribute name="DerivativeH" value="0.000000" />
  <attribute name="Loop Time for DT" value="3.000000" />
  <attribute name="Output H" value="8388608"/>
  <attribute name="Output I" value="200"/>
  <attribute name="Output T" value="4"/>
  <attribute name="Target GC Util Change" value ="20.000000" />
  <attribute name="Current GC Util Change" value="26.000000"/>
  <attribute name="GC Util currently" value="26" />
  <attribute name="CPU Util currently" value="1823464586066" />
<allocation-satisfied id="4557" threadId="0000000002213700" bytesRequested="1168" />
<af-end id="4558" timestamp="2019-06-16T21:31:02.378" threadId="0000000002214088" success="true" from="nursery"/>
<exclusive-end id="4559" timestamp="2019-06-16T21:31:02.378" durationms="1.165" />

<exclusive-start id="4560" timestamp="2019-06-16T21:31:02.379" intervalms="2.615">
  <response-info timems="0.051" idlems="0.051" threads="0" lastid="0000000002213700" lastname="main" />
</exclusive-start>
<af-start id="4561" threadId="0000000002214088" totalBytesRequested="1168" timestamp="2019-06-16T21:31:02.379" intervalms="2.626" type="nursery" />
<cycle-start id="4562" type="scavenge" contextid="0" timestamp="2019-06-16T21:31:02.379" intervalms="2.635" />
<gc-start id="4563" type="scavenge" contextid="4562" timestamp="2019-06-16T21:31:02.379">
  <mem-info id="4564" free="2045275560" total="2092630016" percent="97">
    <mem type="nursery" free="0" total="3932160" percent="0">
      <mem type="allocate" free="0" total="3538944" percent="0" />
      <mem type="survivor" free="0" total="393216" percent="0" />
    </mem>
    <mem type="tenure" free="2045275560" total="2088697856" percent="97">
      <mem type="soa" free="1919954344" total="1963376640" percent="97" />
      <mem type="loa" free="125321216" total="125321216" percent="100" />
    </mem>
    <remembered-set count="102" />
  </mem-info>
</gc-start>
<allocation-stats totalBytes="3444784" >
  <allocated-bytes non-tlh="1168" tlh="3443616" />
  <largest-consumer threadName="main" threadId="0000000002213700" bytes="3444784" />
</allocation-stats>
<gc-op id="4565" type="scavenge" timems="0.216" contextid="4562" timestamp="2019-06-16T21:31:02.380">
  <scavenger-info tenureage="9" tenuremask="fe00" tiltratio="90" />
  <memory-copied type="nursery" objects="2" bytes="56" bytesdiscarded="78280" />
</gc-op>
<gc-end id="4566" type="scavenge" contextid="4562" durationms="0.762" usertimems="0.000" systemtimems="0.000" timestamp="2019-06-16T21:31:02.380" activeThreads="4">
  <mem-info id="4567" free="2048736168" total="2092630016" percent="97">
    <mem type="nursery" free="3460608" total="3932160" percent="88">
      <mem type="allocate" free="3460608" total="3538944" percent="97" />
      <mem type="survivor" free="0" total="393216" percent="0" />
    </mem>
    <mem type="tenure" free="2045275560" total="2088697856" percent="97" macro-fragmented="201903">
      <mem type="soa" free="1919954344" total="1963376640" percent="97" />
      <mem type="loa" free="125321216" total="125321216" percent="100" />
    </mem>
    <remembered-set count="102" />
  </mem-info>
</gc-end>
<cycle-end id="4568" type="scavenge" contextid="4562" timestamp="2019-06-16T21:31:02.380" />
  <attribute name="elasticGC enabled" value="1" />
  <attribute name= "numThreadsSpecified" value="4" />
  <attribute name="heapSize specified" value="9371648" />
  <attribute name="Current GC Util" value="26" />
  <attribute name= "Current Time Running" value="48345" />
  <attribute name ="GC Interval" value="200" />
  <attribute name="ProportionalT" value="3.000000" />
  <attribute name="ProportionalI" value="3.000000" />
  <attribute name="ProportionalH" value="3.000000" />
  <attribute name="Current Error" value="6.000000" />
  <attribute name="IntegralT" value="6.000000" />
  <attribute name="IntegralI" value="6.000000" />
  <attribute name="IntegralH" value="6.000000" />
  <attribute name="DerivativeT" value="0.000000" />
  <attribute name="DerivativeI" value="0.000000" />
  <attribute name="DerivativeH" value="0.000000" />
  <attribute name="Loop Time for DT" value="2.000000" />
  <attribute name="Output H" value="8388608"/>
  <attribute name="Output I" value="200"/>
  <attribute name="Output T" value="4"/>
  <attribute name="Target GC Util Change" value ="20.000000" />
  <attribute name="Current GC Util Change" value="26.000000"/>
  <attribute name="GC Util currently" value="26" />
  <attribute name="CPU Util currently" value="1730089853786" />
<allocation-satisfied id="4569" threadId="0000000002213700" bytesRequested="1168" />
<af-end id="4570" timestamp="2019-06-16T21:31:02.380" threadId="0000000002214088" success="true" from="nursery"/>
<exclusive-end id="4571" timestamp="2019-06-16T21:31:02.380" durationms="1.266" />

<exclusive-start id="4572" timestamp="2019-06-16T21:31:02.383" intervalms="3.601">
  <response-info timems="0.921" idlems="0.468" threads="1" lastid="000000000221AF00" lastname="JIT Compilation Thread-1" />
</exclusive-start>
<af-start id="4573" threadId="0000000002214088" totalBytesRequested="1168" timestamp="2019-06-16T21:31:02.383" intervalms="3.598" type="nursery" />
<cycle-start id="4574" type="scavenge" contextid="0" timestamp="2019-06-16T21:31:02.383" intervalms="3.594" />
<gc-start id="4575" type="scavenge" contextid="4574" timestamp="2019-06-16T21:31:02.383">
  <mem-info id="4576" free="2045275560" total="2092630016" percent="97">
    <mem type="nursery" free="0" total="3932160" percent="0">
      <mem type="allocate" free="0" total="3538944" percent="0" />
      <mem type="survivor" free="0" total="393216" percent="0" />
    </mem>
    <mem type="tenure" free="2045275560" total="2088697856" percent="97">
      <mem type="soa" free="1919954344" total="1963376640" percent="97" />
      <mem type="loa" free="125321216" total="125321216" percent="100" />
    </mem>
    <remembered-set count="102" />
  </mem-info>
</gc-start>
<allocation-stats totalBytes="3445992" >
  <allocated-bytes non-tlh="1168" tlh="3444824" />
  <largest-consumer threadName="main" threadId="0000000002213700" bytes="3445992" />
</allocation-stats>
<gc-op id="4577" type="scavenge" timems="0.214" contextid="4574" timestamp="2019-06-16T21:31:02.383">
  <scavenger-info tenureage="9" tenuremask="fe00" tiltratio="90" />
  <memory-copied type="nursery" objects="2" bytes="56" bytesdiscarded="78280" />
</gc-op>
<gc-end id="4578" type="scavenge" contextid="4574" durationms="0.739" usertimems="0.000" systemtimems="0.000" timestamp="2019-06-16T21:31:02.384" activeThreads="4">
  <mem-info id="4579" free="2048736168" total="2092630016" percent="97">
    <mem type="nursery" free="3460608" total="3932160" percent="88">
      <mem type="allocate" free="3460608" total="3538944" percent="97" />
      <mem type="survivor" free="0" total="393216" percent="0" />
    </mem>
    <mem type="tenure" free="2045275560" total="2088697856" percent="97" macro-fragmented="290741">
      <mem type="soa" free="1919954344" total="1963376640" percent="97" />
      <mem type="loa" free="125321216" total="125321216" percent="100" />
    </mem>
    <remembered-set count="102" />
  </mem-info>
</gc-end>
<cycle-end id="4580" type="scavenge" contextid="4574" timestamp="2019-06-16T21:31:02.384" />
  <attribute name="elasticGC enabled" value="1" />
  <attribute name= "numThreadsSpecified" value="4" />
  <attribute name="heapSize specified" value="9371648" />
  <attribute name="Current GC Util" value="21" />
  <attribute name= "Current Time Running" value="48349" />
  <attribute name ="GC Interval" value="200" />
  <attribute name="ProportionalT" value="0.500000" />
  <attribute name="ProportionalI" value="0.500000" />
  <attribute name="ProportionalH" value="0.500000" />
  <attribute name="Current Error" value="1.000000" />
  <attribute name="IntegralT" value="2.000000" />
  <attribute name="IntegralI" value="2.000000" />
  <attribute name="IntegralH" value="2.000000" />
  <attribute name="DerivativeT" value="-1.250000" />
  <attribute name="DerivativeI" value="-1.250000" />
  <attribute name="DerivativeH" value="-1.250000" />
  <attribute name="Loop Time for DT" value="4.000000" />
  <attribute name="Output H" value="8388608"/>
  <attribute name="Output I" value="200"/>
  <attribute name="Output T" value="4"/>
  <attribute name="Target GC Util Change" value ="20.000000" />
  <attribute name="Current GC Util Change" value="21.000000"/>
  <attribute name="GC Util currently" value="21" />
  <attribute name="CPU Util currently" value="1289888646410" />
<allocation-satisfied id="4581" threadId="0000000002213700" bytesRequested="1168" />
<af-end id="4582" timestamp="2019-06-16T21:31:02.384" threadId="0000000002214088" success="true" from="nursery"/>
<exclusive-end id="4583" timestamp="2019-06-16T21:31:02.384" durationms="1.207" />

<exclusive-start id="4584" timestamp="2019-06-16T21:31:02.385" intervalms="2.647">
  <response-info timems="0.028" idlems="0.028" threads="0" lastid="0000000002213700" lastname="main" />
</exclusive-start>
<af-start id="4585" threadId="0000000002214088" totalBytesRequested="1168" timestamp="2019-06-16T21:31:02.386" intervalms="2.642" type="nursery" />
<cycle-start id="4586" type="scavenge" contextid="0" timestamp="2019-06-16T21:31:02.386" intervalms="2.638" />
<gc-start id="4587" type="scavenge" contextid="4586" timestamp="2019-06-16T21:31:02.386">
  <mem-info id="4588" free="2045275560" total="2092630016" percent="97">
    <mem type="nursery" free="0" total="3932160" percent="0">
      <mem type="allocate" free="0" total="3538944" percent="0" />
      <mem type="survivor" free="0" total="393216" percent="0" />
    </mem>
    <mem type="tenure" free="2045275560" total="2088697856" percent="97">
      <mem type="soa" free="1919954344" total="1963376640" percent="97" />
      <mem type="loa" free="125321216" total="125321216" percent="100" />
    </mem>
    <remembered-set count="102" />
  </mem-info>
</gc-start>
<allocation-stats totalBytes="3444784" >
  <allocated-bytes non-tlh="1168" tlh="3443616" />
  <largest-consumer threadName="main" threadId="0000000002213700" bytes="3444784" />
</allocation-stats>
<gc-op id="4589" type="scavenge" timems="0.170" contextid="4586" timestamp="2019-06-16T21:31:02.386">
  <scavenger-info tenureage="9" tenuremask="fe00" tiltratio="90" />
  <memory-copied type="nursery" objects="2" bytes="56" bytesdiscarded="78280" />
</gc-op>
<gc-end id="4590" type="scavenge" contextid="4586" durationms="0.687" usertimems="4.000" systemtimems="0.000" timestamp="2019-06-16T21:31:02.386" activeThreads="4">
  <mem-info id="4591" free="2048736168" total="2092630016" percent="97">
    <mem type="nursery" free="3460608" total="3932160" percent="88">
      <mem type="allocate" free="3460608" total="3538944" percent="97" />
      <mem type="survivor" free="0" total="393216" percent="0" />
    </mem>
    <mem type="tenure" free="2045275560" total="2088697856" percent="97" macro-fragmented="800032">
      <mem type="soa" free="1919954344" total="1963376640" percent="97" />
      <mem type="loa" free="125321216" total="125321216" percent="100" />
    </mem>
    <remembered-set count="102" />
  </mem-info>
</gc-end>
<cycle-end id="4592" type="scavenge" contextid="4586" timestamp="2019-06-16T21:31:02.386" />
  <attribute name="elasticGC enabled" value="1" />
  <attribute name= "numThreadsSpecified" value="4" />
  <attribute name="heapSize specified" value="9371648" />
  <attribute name="Current GC Util" value="26" />
  <attribute name= "Current Time Running" value="48352" />
  <attribute name ="GC Interval" value="200" />
  <attribute name="ProportionalT" value="3.000000" />
  <attribute name="ProportionalI" value="3.000000" />
  <attribute name="ProportionalH" value="3.000000" />
  <attribute name="Current Error" value="6.000000" />
  <attribute name="IntegralT" value="9.000000" />
  <attribute name="IntegralI" value="9.000000" />
  <attribute name="IntegralH" value="9.000000" />
  <attribute name="DerivativeT" value="1.666667" />
  <attribute name="DerivativeI" value="1.666667" />
  <attribute name="DerivativeH" value="1.666667" />
  <attribute name="Loop Time for DT" value="3.000000" />
  <attribute name="Output H" value="8388608"/>
  <attribute name="Output I" value="200"/>
  <attribute name="Output T" value="4"/>
  <attribute name="Target GC Util Change" value ="20.000000" />
  <attribute name="Current GC Util Change" value="26.000000"/>
  <attribute name="GC Util currently" value="26" />
  <attribute name="CPU Util currently" value="1758424384055" />
<allocation-satisfied id="4593" threadId="0000000002213700" bytesRequested="1168" />
<af-end id="4594" timestamp="2019-06-16T21:31:02.387" threadId="0000000002214088" success="true" from="nursery"/>
<exclusive-end id="4595" timestamp="2019-06-16T21:31:02.387" durationms="1.120" />

<exclusive-start id="4596" timestamp="2019-06-16T21:31:02.388" intervalms="2.510">
  <response-info timems="0.027" idlems="0.027" threads="0" lastid="0000000002213700" lastname="main" />
</exclusive-start>
<af-start id="4597" threadId="0000000002214088" totalBytesRequested="1168" timestamp="2019-06-16T21:31:02.388" intervalms="2.506" type="nursery" />
<cycle-start id="4598" type="scavenge" contextid="0" timestamp="2019-06-16T21:31:02.388" intervalms="2.505" />
<gc-start id="4599" type="scavenge" contextid="4598" timestamp="2019-06-16T21:31:02.388">
  <mem-info id="4600" free="2045275560" total="2092630016" percent="97">
    <mem type="nursery" free="0" total="3932160" percent="0">
      <mem type="allocate" free="0" total="3538944" percent="0" />
      <mem type="survivor" free="0" total="393216" percent="0" />
    </mem>
    <mem type="tenure" free="2045275560" total="2088697856" percent="97">
      <mem type="soa" free="1919954344" total="1963376640" percent="97" />
      <mem type="loa" free="125321216" total="125321216" percent="100" />
    </mem>
    <remembered-set count="102" />
  </mem-info>
</gc-start>
<allocation-stats totalBytes="3446016" >
  <allocated-bytes non-tlh="1168" tlh="3444848" />
  <largest-consumer threadName="main" threadId="0000000002213700" bytes="3446016" />
</allocation-stats>
<gc-op id="4601" type="scavenge" timems="0.174" contextid="4598" timestamp="2019-06-16T21:31:02.388">
  <scavenger-info tenureage="9" tenuremask="fe00" tiltratio="90" />
  <memory-copied type="nursery" objects="2" bytes="56" bytesdiscarded="39112" />
</gc-op>
<gc-end id="4602" type="scavenge" contextid="4598" durationms="0.699" usertimems="0.000" systemtimems="0.000" timestamp="2019-06-16T21:31:02.389" activeThreads="4">
  <mem-info id="4603" free="2048775336" total="2092630016" percent="97">
    <mem type="nursery" free="3499776" total="3932160" percent="89">
      <mem type="allocate" free="3499776" total="3538944" percent="98" />
      <mem type="survivor" free="0" total="393216" percent="0" />
    </mem>
    <mem type="tenure" free="2045275560" total="2088697856" percent="97" macro-fragmented="1800196">
      <mem type="soa" free="1919954344" total="1963376640" percent="97" />
      <mem type="loa" free="125321216" total="125321216" percent="100" />
    </mem>
    <remembered-set count="102" />
  </mem-info>
</gc-end>
<cycle-end id="4604" type="scavenge" contextid="4598" timestamp="2019-06-16T21:31:02.389" />
  <attribute name="elasticGC enabled" value="1" />
  <attribute name= "numThreadsSpecified" value="4" />
  <attribute name="heapSize specified" value="9371648" />
  <attribute name="Current GC Util" value="26" />
  <attribute name= "Current Time Running" value="48354" />
  <attribute name ="GC Interval" value="200" />
  <attribute name="ProportionalT" value="3.000000" />
  <attribute name="ProportionalI" value="3.000000" />
  <attribute name="ProportionalH" value="3.000000" />
  <attribute name="Current Error" value="6.000000" />
  <attribute name="IntegralT" value="6.000000" />
  <attribute name="IntegralI" value="6.000000" />
  <attribute name="IntegralH" value="6.000000" />
  <attribute name="DerivativeT" value="0.000000" />
  <attribute name="DerivativeI" value="0.000000" />
  <attribute name="DerivativeH" value="0.000000" />
  <attribute name="Loop Time for DT" value="2.000000" />
  <attribute name="Output H" value="8388608"/>
  <attribute name="Output I" value="200"/>
  <attribute name="Output T" value="4"/>
  <attribute name="Target GC Util Change" value ="20.000000" />
  <attribute name="Current GC Util Change" value="26.000000"/>
  <attribute name="GC Util currently" value="26" />
  <attribute name="CPU Util currently" value="1837606228121" />
<allocation-satisfied id="4605" threadId="0000000002213700" bytesRequested="1168" />
<af-end id="4606" timestamp="2019-06-16T21:31:02.389" threadId="0000000002214088" success="true" from="nursery"/>
<exclusive-end id="4607" timestamp="2019-06-16T21:31:02.389" durationms="1.134" />

<exclusive-start id="4608" timestamp="2019-06-16T21:31:02.391" intervalms="2.542">
  <response-info timems="0.033" idlems="0.033" threads="0" lastid="0000000002213700" lastname="main" />
</exclusive-start>
<af-start id="4609" threadId="0000000002214088" totalBytesRequested="1168" timestamp="2019-06-16T21:31:02.391" intervalms="2.546" type="nursery" />
<cycle-start id="4610" type="scavenge" contextid="0" timestamp="2019-06-16T21:31:02.391" intervalms="2.551" />
<gc-start id="4611" type="scavenge" contextid="4610" timestamp="2019-06-16T21:31:02.391">
  <mem-info id="4612" free="2045275560" total="2092630016" percent="97">
    <mem type="nursery" free="0" total="3932160" percent="0">
      <mem type="allocate" free="0" total="3538944" percent="0" />
      <mem type="survivor" free="0" total="393216" percent="0" />
    </mem>
    <mem type="tenure" free="2045275560" total="2088697856" percent="97">
      <mem type="soa" free="1919954344" total="1963376640" percent="97" />
      <mem type="loa" free="125321216" total="125321216" percent="100" />
    </mem>
    <remembered-set count="102" />
  </mem-info>
</gc-start>
<allocation-stats totalBytes="3484232" >
  <allocated-bytes non-tlh="1168" tlh="3483064" />
  <largest-consumer threadName="main" threadId="0000000002213700" bytes="3484232" />
</allocation-stats>
<gc-op id="4613" type="scavenge" timems="0.172" contextid="4610" timestamp="2019-06-16T21:31:02.391">
  <scavenger-info tenureage="9" tenuremask="fe00" tiltratio="90" />
  <memory-copied type="nursery" objects="2" bytes="56" bytesdiscarded="78280" />
</gc-op>
<gc-end id="4614" type="scavenge" contextid="4610" durationms="0.696" usertimems="0.000" systemtimems="0.000" timestamp="2019-06-16T21:31:02.391" activeThreads="4">
  <mem-info id="4615" free="2048736168" total="2092630016" percent="97">
    <mem type="nursery" free="3460608" total="3932160" percent="88">
      <mem type="allocate" free="3460608" total="3538944" percent="97" />
      <mem type="survivor" free="0" total="393216" percent="0" />
    </mem>
    <mem type="tenure" free="2045275560" total="2088697856" percent="97" macro-fragmented="418667">
      <mem type="soa" free="1919954344" total="1963376640" percent="97" />
      <mem type="loa" free="125321216" total="125321216" percent="100" />
    </mem>
    <remembered-set count="102" />
  </mem-info>
</gc-end>
<cycle-end id="4616" type="scavenge" contextid="4610" timestamp="2019-06-16T21:31:02.391" />
  <attribute name="elasticGC enabled" value="1" />
  <attribute name= "numThreadsSpecified" value="4" />
  <attribute name="heapSize specified" value="9371648" />
  <attribute name="Current GC Util" value="26" />
  <attribute name= "Current Time Running" value="48357" />
  <attribute name ="GC Interval" value="200" />
  <attribute name="ProportionalT" value="3.000000" />
  <attribute name="ProportionalI" value="3.000000" />
  <attribute name="ProportionalH" value="3.000000" />
  <attribute name="Current Error" value="6.000000" />
  <attribute name="IntegralT" value="9.000000" />
  <attribute name="IntegralI" value="9.000000" />
  <attribute name="IntegralH" value="9.000000" />
  <attribute name="DerivativeT" value="0.000000" />
  <attribute name="DerivativeI" value="0.000000" />
  <attribute name="DerivativeH" value="0.000000" />
  <attribute name="Loop Time for DT" value="3.000000" />
  <attribute name="Output H" value="8388608"/>
  <attribute name="Output I" value="200"/>
  <attribute name="Output T" value="4"/>
  <attribute name="Target GC Util Change" value ="20.000000" />
  <attribute name="Current GC Util Change" value="26.000000"/>
  <attribute name="GC Util currently" value="26" />
  <attribute name="CPU Util currently" value="1805679661023" />
<allocation-satisfied id="4617" threadId="0000000002213700" bytesRequested="1168" />
<af-end id="4618" timestamp="2019-06-16T21:31:02.392" threadId="0000000002214088" success="true" from="nursery"/>
<exclusive-end id="4619" timestamp="2019-06-16T21:31:02.392" durationms="1.144" />

<exclusive-start id="4620" timestamp="2019-06-16T21:31:02.393" intervalms="2.520">
  <response-info timems="0.026" idlems="0.026" threads="0" lastid="0000000002213700" lastname="main" />
</exclusive-start>
<af-start id="4621" threadId="0000000002214088" totalBytesRequested="1168" timestamp="2019-06-16T21:31:02.393" intervalms="2.522" type="nursery" />
<cycle-start id="4622" type="scavenge" contextid="0" timestamp="2019-06-16T21:31:02.393" intervalms="2.522" />
<gc-start id="4623" type="scavenge" contextid="4622" timestamp="2019-06-16T21:31:02.393">
  <mem-info id="4624" free="2045275560" total="2092630016" percent="97">
    <mem type="nursery" free="0" total="3932160" percent="0">
      <mem type="allocate" free="0" total="3538944" percent="0" />
      <mem type="survivor" free="0" total="393216" percent="0" />
    </mem>
    <mem type="tenure" free="2045275560" total="2088697856" percent="97">
      <mem type="soa" free="1919954344" total="1963376640" percent="97" />
      <mem type="loa" free="125321216" total="125321216" percent="100" />
    </mem>
    <remembered-set count="102" />
  </mem-info>
</gc-start>
<allocation-stats totalBytes="3446016" >
  <allocated-bytes non-tlh="1168" tlh="3444848" />
  <largest-consumer threadName="main" threadId="0000000002213700" bytes="3446016" />
</allocation-stats>
<gc-op id="4625" type="scavenge" timems="0.172" contextid="4622" timestamp="2019-06-16T21:31:02.394">
  <scavenger-info tenureage="9" tenuremask="fe00" tiltratio="90" />
  <memory-copied type="nursery" objects="2" bytes="56" bytesdiscarded="78280" />
</gc-op>
<gc-end id="4626" type="scavenge" contextid="4622" durationms="0.694" usertimems="4.000" systemtimems="0.000" timestamp="2019-06-16T21:31:02.394" activeThreads="4">
  <mem-info id="4627" free="2048736168" total="2092630016" percent="97">
    <mem type="nursery" free="3460608" total="3932160" percent="88">
      <mem type="allocate" free="3460608" total="3538944" percent="97" />
      <mem type="survivor" free="0" total="393216" percent="0" />
    </mem>
    <mem type="tenure" free="2045275560" total="2088697856" percent="97" macro-fragmented="262176">
      <mem type="soa" free="1919954344" total="1963376640" percent="97" />
      <mem type="loa" free="125321216" total="125321216" percent="100" />
    </mem>
    <remembered-set count="102" />
  </mem-info>
</gc-end>
<cycle-end id="4628" type="scavenge" contextid="4622" timestamp="2019-06-16T21:31:02.394" />
  <attribute name="elasticGC enabled" value="1" />
  <attribute name= "numThreadsSpecified" value="4" />
  <attribute name="heapSize specified" value="9371648" />
  <attribute name="Current GC Util" value="26" />
  <attribute name= "Current Time Running" value="48359" />
  <attribute name ="GC Interval" value="200" />
  <attribute name="ProportionalT" value="3.000000" />
  <attribute name="ProportionalI" value="3.000000" />
  <attribute name="ProportionalH" value="3.000000" />
  <attribute name="Current Error" value="6.000000" />
  <attribute name="IntegralT" value="6.000000" />
  <attribute name="IntegralI" value="6.000000" />
  <attribute name="IntegralH" value="6.000000" />
  <attribute name="DerivativeT" value="0.000000" />
  <attribute name="DerivativeI" value="0.000000" />
  <attribute name="DerivativeH" value="0.000000" />
  <attribute name="Loop Time for DT" value="2.000000" />
  <attribute name="Output H" value="8388608"/>
  <attribute name="Output I" value="200"/>
  <attribute name="Output T" value="4"/>
  <attribute name="Target GC Util Change" value ="20.000000" />
  <attribute name="Current GC Util Change" value="26.000000"/>
  <attribute name="GC Util currently" value="26" />
  <attribute name="CPU Util currently" value="1828695257543" />
<allocation-satisfied id="4629" threadId="0000000002213700" bytesRequested="1168" />
<af-end id="4630" timestamp="2019-06-16T21:31:02.394" threadId="0000000002214088" success="true" from="nursery"/>
<exclusive-end id="4631" timestamp="2019-06-16T21:31:02.394" durationms="1.141" />

<exclusive-start id="4632" timestamp="2019-06-16T21:31:02.396" intervalms="2.554">
  <response-info timems="0.070" idlems="0.070" threads="0" lastid="0000000002213700" lastname="main" />
</exclusive-start>
<af-start id="4633" threadId="0000000002214088" totalBytesRequested="1168" timestamp="2019-06-16T21:31:02.396" intervalms="2.555" type="nursery" />
<cycle-start id="4634" type="scavenge" contextid="0" timestamp="2019-06-16T21:31:02.396" intervalms="2.554" />
<gc-start id="4635" type="scavenge" contextid="4634" timestamp="2019-06-16T21:31:02.396">
  <mem-info id="4636" free="2045275560" total="2092630016" percent="97">
    <mem type="nursery" free="0" total="3932160" percent="0">
      <mem type="allocate" free="0" total="3538944" percent="0" />
      <mem type="survivor" free="0" total="393216" percent="0" />
    </mem>
    <mem type="tenure" free="2045275560" total="2088697856" percent="97">
      <mem type="soa" free="1919954344" total="1963376640" percent="97" />
      <mem type="loa" free="125321216" total="125321216" percent="100" />
    </mem>
    <remembered-set count="102" />
  </mem-info>
</gc-start>
<allocation-stats totalBytes="3444784" >
  <allocated-bytes non-tlh="1168" tlh="3443616" />
  <largest-consumer threadName="main" threadId="0000000002213700" bytes="3444784" />
</allocation-stats>
<gc-op id="4637" type="scavenge" timems="0.178" contextid="4634" timestamp="2019-06-16T21:31:02.396">
  <scavenger-info tenureage="9" tenuremask="fe00" tiltratio="90" />
  <memory-copied type="nursery" objects="2" bytes="56" bytesdiscarded="78280" />
</gc-op>
<gc-end id="4638" type="scavenge" contextid="4634" durationms="0.703" usertimems="0.000" systemtimems="0.000" timestamp="2019-06-16T21:31:02.396" activeThreads="4">
  <mem-info id="4639" free="2048736168" total="2092630016" percent="97">
    <mem type="nursery" free="3460608" total="3932160" percent="88">
      <mem type="allocate" free="3460608" total="3538944" percent="97" />
      <mem type="survivor" free="0" total="393216" percent="0" />
    </mem>
    <mem type="tenure" free="2045275560" total="2088697856" percent="97" macro-fragmented="2160235">
      <mem type="soa" free="1919954344" total="1963376640" percent="97" />
      <mem type="loa" free="125321216" total="125321216" percent="100" />
    </mem>
    <remembered-set count="102" />
  </mem-info>
</gc-end>
<cycle-end id="4640" type="scavenge" contextid="4634" timestamp="2019-06-16T21:31:02.397" />
  <attribute name="elasticGC enabled" value="1" />
  <attribute name= "numThreadsSpecified" value="4" />
  <attribute name="heapSize specified" value="9371648" />
  <attribute name="Current GC Util" value="25" />
  <attribute name= "Current Time Running" value="48362" />
  <attribute name ="GC Interval" value="200" />
  <attribute name="ProportionalT" value="2.500000" />
  <attribute name="ProportionalI" value="2.500000" />
  <attribute name="ProportionalH" value="2.500000" />
  <attribute name="Current Error" value="5.000000" />
  <attribute name="IntegralT" value="7.500000" />
  <attribute name="IntegralI" value="7.500000" />
  <attribute name="IntegralH" value="7.500000" />
  <attribute name="DerivativeT" value="-0.333333" />
  <attribute name="DerivativeI" value="-0.333333" />
  <attribute name="DerivativeH" value="-0.333333" />
  <attribute name="Loop Time for DT" value="3.000000" />
  <attribute name="Output H" value="8388608"/>
  <attribute name="Output I" value="200"/>
  <attribute name="Output T" value="4"/>
  <attribute name="Target GC Util Change" value ="20.000000" />
  <attribute name="Current GC Util Change" value="25.000000"/>
  <attribute name="GC Util currently" value="25" />
  <attribute name="CPU Util currently" value="1803803809970" />
<allocation-satisfied id="4641" threadId="0000000002213700" bytesRequested="1168" />
<af-end id="4642" timestamp="2019-06-16T21:31:02.397" threadId="0000000002214088" success="true" from="nursery"/>
<exclusive-end id="4643" timestamp="2019-06-16T21:31:02.397" durationms="1.153" />

<exclusive-start id="4644" timestamp="2019-06-16T21:31:02.398" intervalms="2.623">
  <response-info timems="0.060" idlems="0.060" threads="0" lastid="0000000002213700" lastname="main" />
</exclusive-start>
<af-start id="4645" threadId="0000000002214088" totalBytesRequested="1168" timestamp="2019-06-16T21:31:02.398" intervalms="2.629" type="nursery" />
<cycle-start id="4646" type="scavenge" contextid="0" timestamp="2019-06-16T21:31:02.398" intervalms="2.630" />
<gc-start id="4647" type="scavenge" contextid="4646" timestamp="2019-06-16T21:31:02.398">
  <mem-info id="4648" free="2045275560" total="2092630016" percent="97">
    <mem type="nursery" free="0" total="3932160" percent="0">
      <mem type="allocate" free="0" total="3538944" percent="0" />
      <mem type="survivor" free="0" total="393216" percent="0" />
    </mem>
    <mem type="tenure" free="2045275560" total="2088697856" percent="97">
      <mem type="soa" free="1919954344" total="1963376640" percent="97" />
      <mem type="loa" free="125321216" total="125321216" percent="100" />
    </mem>
    <remembered-set count="102" />
  </mem-info>
</gc-start>
<allocation-stats totalBytes="3446016" >
  <allocated-bytes non-tlh="1168" tlh="3444848" />
  <largest-consumer threadName="main" threadId="0000000002213700" bytes="3446016" />
</allocation-stats>
<gc-op id="4649" type="scavenge" timems="0.174" contextid="4646" timestamp="2019-06-16T21:31:02.399">
  <scavenger-info tenureage="9" tenuremask="fe00" tiltratio="90" />
  <memory-copied type="nursery" objects="2" bytes="56" bytesdiscarded="78280" />
</gc-op>
<gc-end id="4650" type="scavenge" contextid="4646" durationms="0.699" usertimems="0.000" systemtimems="0.000" timestamp="2019-06-16T21:31:02.399" activeThreads="4">
  <mem-info id="4651" free="2048736168" total="2092630016" percent="97">
    <mem type="nursery" free="3460608" total="3932160" percent="88">
      <mem type="allocate" free="3460608" total="3538944" percent="97" />
      <mem type="survivor" free="0" total="393216" percent="0" />
    </mem>
    <mem type="tenure" free="2045275560" total="2088697856" percent="97" macro-fragmented="1310760">
      <mem type="soa" free="1919954344" total="1963376640" percent="97" />
      <mem type="loa" free="125321216" total="125321216" percent="100" />
    </mem>
    <remembered-set count="102" />
  </mem-info>
</gc-end>
<cycle-end id="4652" type="scavenge" contextid="4646" timestamp="2019-06-16T21:31:02.399" />
  <attribute name="elasticGC enabled" value="1" />
  <attribute name= "numThreadsSpecified" value="4" />
  <attribute name="heapSize specified" value="9371648" />
  <attribute name="Current GC Util" value="25" />
  <attribute name= "Current Time Running" value="48364" />
  <attribute name ="GC Interval" value="200" />
  <attribute name="ProportionalT" value="2.500000" />
  <attribute name="ProportionalI" value="2.500000" />
  <attribute name="ProportionalH" value="2.500000" />
  <attribute name="Current Error" value="5.000000" />
  <attribute name="IntegralT" value="5.000000" />
  <attribute name="IntegralI" value="5.000000" />
  <attribute name="IntegralH" value="5.000000" />
  <attribute name="DerivativeT" value="0.000000" />
  <attribute name="DerivativeI" value="0.000000" />
  <attribute name="DerivativeH" value="0.000000" />
  <attribute name="Loop Time for DT" value="2.000000" />
  <attribute name="Output H" value="8388608"/>
  <attribute name="Output I" value="200"/>
  <attribute name="Output T" value="4"/>
  <attribute name="Target GC Util Change" value ="20.000000" />
  <attribute name="Current GC Util Change" value="25.000000"/>
  <attribute name="GC Util currently" value="25" />
  <attribute name="CPU Util currently" value="1752722374586" />
<allocation-satisfied id="4653" threadId="0000000002213700" bytesRequested="1168" />
<af-end id="4654" timestamp="2019-06-16T21:31:02.399" threadId="0000000002214088" success="true" from="nursery"/>
<exclusive-end id="4655" timestamp="2019-06-16T21:31:02.399" durationms="1.160" />

<exclusive-start id="4656" timestamp="2019-06-16T21:31:02.401" intervalms="2.559">
  <response-info timems="0.046" idlems="0.046" threads="0" lastid="0000000002213700" lastname="main" />
</exclusive-start>
<af-start id="4657" threadId="0000000002214088" totalBytesRequested="1168" timestamp="2019-06-16T21:31:02.401" intervalms="2.554" type="nursery" />
<cycle-start id="4658" type="scavenge" contextid="0" timestamp="2019-06-16T21:31:02.401" intervalms="2.554" />
<gc-start id="4659" type="scavenge" contextid="4658" timestamp="2019-06-16T21:31:02.401">
  <mem-info id="4660" free="2045275560" total="2092630016" percent="97">
    <mem type="nursery" free="0" total="3932160" percent="0">
      <mem type="allocate" free="0" total="3538944" percent="0" />
      <mem type="survivor" free="0" total="393216" percent="0" />
    </mem>
    <mem type="tenure" free="2045275560" total="2088697856" percent="97">
      <mem type="soa" free="1919954344" total="1963376640" percent="97" />
      <mem type="loa" free="125321216" total="125321216" percent="100" />
    </mem>
    <remembered-set count="102" />
  </mem-info>
</gc-start>
<allocation-stats totalBytes="3444760" >
  <allocated-bytes non-tlh="1168" tlh="3443592" />
  <largest-consumer threadName="main" threadId="0000000002213700" bytes="3444760" />
</allocation-stats>
<gc-op id="4661" type="scavenge" timems="0.190" contextid="4658" timestamp="2019-06-16T21:31:02.401">
  <scavenger-info tenureage="9" tenuremask="fe00" tiltratio="90" />
  <memory-copied type="nursery" objects="2" bytes="56" bytesdiscarded="39112" />
</gc-op>
<gc-end id="4662" type="scavenge" contextid="4658" durationms="0.709" usertimems="0.000" systemtimems="0.000" timestamp="2019-06-16T21:31:02.402" activeThreads="4">
  <mem-info id="4663" free="2048775336" total="2092630016" percent="97">
    <mem type="nursery" free="3499776" total="3932160" percent="89">
      <mem type="allocate" free="3499776" total="3538944" percent="98" />
      <mem type="survivor" free="0" total="393216" percent="0" />
    </mem>
    <mem type="tenure" free="2045275560" total="2088697856" percent="97" macro-fragmented="201903">
      <mem type="soa" free="1919954344" total="1963376640" percent="97" />
      <mem type="loa" free="125321216" total="125321216" percent="100" />
    </mem>
    <remembered-set count="102" />
  </mem-info>
</gc-end>
<cycle-end id="4664" type="scavenge" contextid="4658" timestamp="2019-06-16T21:31:02.402" />
  <attribute name="elasticGC enabled" value="1" />
  <attribute name= "numThreadsSpecified" value="4" />
  <attribute name="heapSize specified" value="9371648" />
  <attribute name="Current GC Util" value="26" />
  <attribute name= "Current Time Running" value="48367" />
  <attribute name ="GC Interval" value="200" />
  <attribute name="ProportionalT" value="3.000000" />
  <attribute name="ProportionalI" value="3.000000" />
  <attribute name="ProportionalH" value="3.000000" />
  <attribute name="Current Error" value="6.000000" />
  <attribute name="IntegralT" value="9.000000" />
  <attribute name="IntegralI" value="9.000000" />
  <attribute name="IntegralH" value="9.000000" />
  <attribute name="DerivativeT" value="0.333333" />
  <attribute name="DerivativeI" value="0.333333" />
  <attribute name="DerivativeH" value="0.333333" />
  <attribute name="Loop Time for DT" value="3.000000" />
  <attribute name="Output H" value="8388608"/>
  <attribute name="Output I" value="200"/>
  <attribute name="Output T" value="4"/>
  <attribute name="Target GC Util Change" value ="20.000000" />
  <attribute name="Current GC Util Change" value="26.000000"/>
  <attribute name="GC Util currently" value="26" />
  <attribute name="CPU Util currently" value="1813192301393" />
<allocation-satisfied id="4665" threadId="0000000002213700" bytesRequested="1168" />
<af-end id="4666" timestamp="2019-06-16T21:31:02.402" threadId="0000000002214088" success="true" from="nursery"/>
<exclusive-end id="4667" timestamp="2019-06-16T21:31:02.402" durationms="1.165" />

<exclusive-start id="4668" timestamp="2019-06-16T21:31:02.403" intervalms="2.585">
  <response-info timems="0.057" idlems="0.057" threads="0" lastid="0000000002213700" lastname="main" />
</exclusive-start>
<af-start id="4669" threadId="0000000002214088" totalBytesRequested="1168" timestamp="2019-06-16T21:31:02.403" intervalms="2.579" type="nursery" />
<cycle-start id="4670" type="scavenge" contextid="0" timestamp="2019-06-16T21:31:02.403" intervalms="2.587" />
<gc-start id="4671" type="scavenge" contextid="4670" timestamp="2019-06-16T21:31:02.404">
  <mem-info id="4672" free="2045275560" total="2092630016" percent="97">
    <mem type="nursery" free="0" total="3932160" percent="0">
      <mem type="allocate" free="0" total="3538944" percent="0" />
      <mem type="survivor" free="0" total="393216" percent="0" />
    </mem>
    <mem type="tenure" free="2045275560" total="2088697856" percent="97">
      <mem type="soa" free="1919954344" total="1963376640" percent="97" />
      <mem type="loa" free="125321216" total="125321216" percent="100" />
    </mem>
    <remembered-set count="102" />
  </mem-info>
</gc-start>
<allocation-stats totalBytes="3485464" >
  <allocated-bytes non-tlh="1168" tlh="3484296" />
  <largest-consumer threadName="main" threadId="0000000002213700" bytes="3485464" />
</allocation-stats>
<gc-op id="4673" type="scavenge" timems="0.161" contextid="4670" timestamp="2019-06-16T21:31:02.404">
  <scavenger-info tenureage="9" tenuremask="fe00" tiltratio="90" />
  <memory-copied type="nursery" objects="2" bytes="56" bytesdiscarded="78280" />
</gc-op>
<gc-end id="4674" type="scavenge" contextid="4670" durationms="0.685" usertimems="0.000" systemtimems="4.000" timestamp="2019-06-16T21:31:02.404" activeThreads="4">
  <mem-info id="4675" free="2048736168" total="2092630016" percent="97">
    <mem type="nursery" free="3460608" total="3932160" percent="88">
      <mem type="allocate" free="3460608" total="3538944" percent="97" />
      <mem type="survivor" free="0" total="393216" percent="0" />
    </mem>
    <mem type="tenure" free="2045275560" total="2088697856" percent="97" macro-fragmented="3110739">
      <mem type="soa" free="1919954344" total="1963376640" percent="97" />
      <mem type="loa" free="125321216" total="125321216" percent="100" />
    </mem>
    <remembered-set count="102" />
  </mem-info>
</gc-end>
<cycle-end id="4676" type="scavenge" contextid="4670" timestamp="2019-06-16T21:31:02.404" />
  <attribute name="elasticGC enabled" value="1" />
  <attribute name= "numThreadsSpecified" value="4" />
  <attribute name="heapSize specified" value="9371648" />
  <attribute name="Current GC Util" value="26" />
  <attribute name= "Current Time Running" value="48370" />
  <attribute name ="GC Interval" value="200" />
  <attribute name="ProportionalT" value="3.000000" />
  <attribute name="ProportionalI" value="3.000000" />
  <attribute name="ProportionalH" value="3.000000" />
  <attribute name="Current Error" value="6.000000" />
  <attribute name="IntegralT" value="9.000000" />
  <attribute name="IntegralI" value="9.000000" />
  <attribute name="IntegralH" value="9.000000" />
  <attribute name="DerivativeT" value="0.000000" />
  <attribute name="DerivativeI" value="0.000000" />
  <attribute name="DerivativeH" value="0.000000" />
  <attribute name="Loop Time for DT" value="3.000000" />
  <attribute name="Output H" value="8388608"/>
  <attribute name="Output I" value="200"/>
  <attribute name="Output T" value="4"/>
  <attribute name="Target GC Util Change" value ="20.000000" />
  <attribute name="Current GC Util Change" value="26.000000"/>
  <attribute name="GC Util currently" value="26" />
  <attribute name="CPU Util currently" value="1776281861025" />
<allocation-satisfied id="4677" threadId="0000000002213700" bytesRequested="1168" />
<af-end id="4678" timestamp="2019-06-16T21:31:02.404" threadId="0000000002214088" success="true" from="nursery"/>
<exclusive-end id="4679" timestamp="2019-06-16T21:31:02.404" durationms="1.138" />

<exclusive-start id="4680" timestamp="2019-06-16T21:31:02.406" intervalms="2.560">
  <response-info timems="0.028" idlems="0.028" threads="0" lastid="0000000002213700" lastname="main" />
</exclusive-start>
<af-start id="4681" threadId="0000000002214088" totalBytesRequested="1168" timestamp="2019-06-16T21:31:02.406" intervalms="2.565" type="nursery" />
<cycle-start id="4682" type="scavenge" contextid="0" timestamp="2019-06-16T21:31:02.406" intervalms="2.564" />
<gc-start id="4683" type="scavenge" contextid="4682" timestamp="2019-06-16T21:31:02.406">
  <mem-info id="4684" free="2045275560" total="2092630016" percent="97">
    <mem type="nursery" free="0" total="3932160" percent="0">
      <mem type="allocate" free="0" total="3538944" percent="0" />
      <mem type="survivor" free="0" total="393216" percent="0" />
    </mem>
    <mem type="tenure" free="2045275560" total="2088697856" percent="97">
      <mem type="soa" free="1919954344" total="1963376640" percent="97" />
      <mem type="loa" free="125321216" total="125321216" percent="100" />
    </mem>
    <remembered-set count="102" />
  </mem-info>
</gc-start>
<allocation-stats totalBytes="3444784" >
  <allocated-bytes non-tlh="1168" tlh="3443616" />
  <largest-consumer threadName="main" threadId="0000000002213700" bytes="3444784" />
</allocation-stats>
<gc-op id="4685" type="scavenge" timems="0.154" contextid="4682" timestamp="2019-06-16T21:31:02.406">
  <scavenger-info tenureage="9" tenuremask="fe00" tiltratio="90" />
  <memory-copied type="nursery" objects="2" bytes="56" bytesdiscarded="78280" />
</gc-op>
<gc-end id="4686" type="scavenge" contextid="4682" durationms="0.680" usertimems="0.000" systemtimems="0.000" timestamp="2019-06-16T21:31:02.407" activeThreads="4">
  <mem-info id="4687" free="2048736168" total="2092630016" percent="97">
    <mem type="nursery" free="3460608" total="3932160" percent="88">
      <mem type="allocate" free="3460608" total="3538944" percent="97" />
      <mem type="survivor" free="0" total="393216" percent="0" />
    </mem>
    <mem type="tenure" free="2045275560" total="2088697856" percent="97" macro-fragmented="1800196">
      <mem type="soa" free="1919954344" total="1963376640" percent="97" />
      <mem type="loa" free="125321216" total="125321216" percent="100" />
    </mem>
    <remembered-set count="102" />
  </mem-info>
</gc-end>
<cycle-end id="4688" type="scavenge" contextid="4682" timestamp="2019-06-16T21:31:02.407" />
  <attribute name="elasticGC enabled" value="1" />
  <attribute name= "numThreadsSpecified" value="4" />
  <attribute name="heapSize specified" value="9371648" />
  <attribute name="Current GC Util" value="25" />
  <attribute name= "Current Time Running" value="48372" />
  <attribute name ="GC Interval" value="200" />
  <attribute name="ProportionalT" value="2.500000" />
  <attribute name="ProportionalI" value="2.500000" />
  <attribute name="ProportionalH" value="2.500000" />
  <attribute name="Current Error" value="5.000000" />
  <attribute name="IntegralT" value="5.000000" />
  <attribute name="IntegralI" value="5.000000" />
  <attribute name="IntegralH" value="5.000000" />
  <attribute name="DerivativeT" value="-0.500000" />
  <attribute name="DerivativeI" value="-0.500000" />
  <attribute name="DerivativeH" value="-0.500000" />
  <attribute name="Loop Time for DT" value="2.000000" />
  <attribute name="Output H" value="8388608"/>
  <attribute name="Output I" value="200"/>
  <attribute name="Output T" value="4"/>
  <attribute name="Target GC Util Change" value ="20.000000" />
  <attribute name="Current GC Util Change" value="25.000000"/>
  <attribute name="GC Util currently" value="25" />
  <attribute name="CPU Util currently" value="1798003967389" />
<allocation-satisfied id="4689" threadId="0000000002213700" bytesRequested="1168" />
<af-end id="4690" timestamp="2019-06-16T21:31:02.407" threadId="0000000002214088" success="true" from="nursery"/>
<exclusive-end id="4691" timestamp="2019-06-16T21:31:02.407" durationms="1.138" />

<exclusive-start id="4692" timestamp="2019-06-16T21:31:02.408" intervalms="2.569">
  <response-info timems="0.067" idlems="0.067" threads="0" lastid="0000000002213700" lastname="main" />
</exclusive-start>
<af-start id="4693" threadId="0000000002214088" totalBytesRequested="1168" timestamp="2019-06-16T21:31:02.409" intervalms="2.562" type="nursery" />
<cycle-start id="4694" type="scavenge" contextid="0" timestamp="2019-06-16T21:31:02.409" intervalms="2.553" />
<gc-start id="4695" type="scavenge" contextid="4694" timestamp="2019-06-16T21:31:02.409">
  <mem-info id="4696" free="2045275560" total="2092630016" percent="97">
    <mem type="nursery" free="0" total="3932160" percent="0">
      <mem type="allocate" free="0" total="3538944" percent="0" />
      <mem type="survivor" free="0" total="393216" percent="0" />
    </mem>
    <mem type="tenure" free="2045275560" total="2088697856" percent="97">
      <mem type="soa" free="1919954344" total="1963376640" percent="97" />
      <mem type="loa" free="125321216" total="125321216" percent="100" />
    </mem>
    <remembered-set count="102" />
  </mem-info>
</gc-start>
<allocation-stats totalBytes="3446016" >
  <allocated-bytes non-tlh="1168" tlh="3444848" />
  <largest-consumer threadName="main" threadId="0000000002213700" bytes="3446016" />
</allocation-stats>
<gc-op id="4697" type="scavenge" timems="0.170" contextid="4694" timestamp="2019-06-16T21:31:02.409">
  <scavenger-info tenureage="9" tenuremask="fe00" tiltratio="90" />
  <memory-copied type="nursery" objects="2" bytes="56" bytesdiscarded="78280" />
</gc-op>
<gc-end id="4698" type="scavenge" contextid="4694" durationms="0.704" usertimems="0.000" systemtimems="0.000" timestamp="2019-06-16T21:31:02.409" activeThreads="4">
  <mem-info id="4699" free="2048736168" total="2092630016" percent="97">
    <mem type="nursery" free="3460608" total="3932160" percent="88">
      <mem type="allocate" free="3460608" total="3538944" percent="97" />
      <mem type="survivor" free="0" total="393216" percent="0" />
    </mem>
    <mem type="tenure" free="2045275560" total="2088697856" percent="97" macro-fragmented="131104">
      <mem type="soa" free="1919954344" total="1963376640" percent="97" />
      <mem type="loa" free="125321216" total="125321216" percent="100" />
    </mem>
    <remembered-set count="102" />
  </mem-info>
</gc-end>
<cycle-end id="4700" type="scavenge" contextid="4694" timestamp="2019-06-16T21:31:02.409" />
  <attribute name="elasticGC enabled" value="1" />
  <attribute name= "numThreadsSpecified" value="4" />
  <attribute name="heapSize specified" value="9371648" />
  <attribute name="Current GC Util" value="25" />
  <attribute name= "Current Time Running" value="48375" />
  <attribute name ="GC Interval" value="200" />
  <attribute name="ProportionalT" value="2.500000" />
  <attribute name="ProportionalI" value="2.500000" />
  <attribute name="ProportionalH" value="2.500000" />
  <attribute name="Current Error" value="5.000000" />
  <attribute name="IntegralT" value="7.500000" />
  <attribute name="IntegralI" value="7.500000" />
  <attribute name="IntegralH" value="7.500000" />
  <attribute name="DerivativeT" value="0.000000" />
  <attribute name="DerivativeI" value="0.000000" />
  <attribute name="DerivativeH" value="0.000000" />
  <attribute name="Loop Time for DT" value="3.000000" />
  <attribute name="Output H" value="8388608"/>
  <attribute name="Output I" value="200"/>
  <attribute name="Output T" value="4"/>
  <attribute name="Target GC Util Change" value ="20.000000" />
  <attribute name="Current GC Util Change" value="25.000000"/>
  <attribute name="GC Util currently" value="25" />
  <attribute name="CPU Util currently" value="1802492467929" />
<allocation-satisfied id="4701" threadId="0000000002213700" bytesRequested="1168" />
<af-end id="4702" timestamp="2019-06-16T21:31:02.410" threadId="0000000002214088" success="true" from="nursery"/>
<exclusive-end id="4703" timestamp="2019-06-16T21:31:02.410" durationms="1.142" />

<exclusive-start id="4704" timestamp="2019-06-16T21:31:02.411" intervalms="2.515">
  <response-info timems="0.028" idlems="0.028" threads="0" lastid="0000000002213700" lastname="main" />
</exclusive-start>
<af-start id="4705" threadId="0000000002214088" totalBytesRequested="1168" timestamp="2019-06-16T21:31:02.411" intervalms="2.520" type="nursery" />
<cycle-start id="4706" type="scavenge" contextid="0" timestamp="2019-06-16T21:31:02.411" intervalms="2.521" />
<gc-start id="4707" type="scavenge" contextid="4706" timestamp="2019-06-16T21:31:02.411">
  <mem-info id="4708" free="2045275560" total="2092630016" percent="97">
    <mem type="nursery" free="0" total="3932160" percent="0">
      <mem type="allocate" free="0" total="3538944" percent="0" />
      <mem type="survivor" free="0" total="393216" percent="0" />
    </mem>
    <mem type="tenure" free="2045275560" total="2088697856" percent="97">
      <mem type="soa" free="1919954344" total="1963376640" percent="97" />
      <mem type="loa" free="125321216" total="125321216" percent="100" />
    </mem>
    <remembered-set count="102" />
  </mem-info>
</gc-start>
<allocation-stats totalBytes="3444784" >
  <allocated-bytes non-tlh="1168" tlh="3443616" />
  <largest-consumer threadName="main" threadId="0000000002213700" bytes="3444784" />
</allocation-stats>
<gc-op id="4709" type="scavenge" timems="0.171" contextid="4706" timestamp="2019-06-16T21:31:02.411">
  <scavenger-info tenureage="9" tenuremask="fe00" tiltratio="90" />
  <memory-copied type="nursery" objects="2" bytes="56" bytesdiscarded="78280" />
</gc-op>
<gc-end id="4710" type="scavenge" contextid="4706" durationms="0.695" usertimems="0.000" systemtimems="0.000" timestamp="2019-06-16T21:31:02.412" activeThreads="4">
  <mem-info id="4711" free="2048736168" total="2092630016" percent="97">
    <mem type="nursery" free="3460608" total="3932160" percent="88">
      <mem type="allocate" free="3460608" total="3538944" percent="97" />
      <mem type="survivor" free="0" total="393216" percent="0" />
    </mem>
    <mem type="tenure" free="2045275560" total="2088697856" percent="97" macro-fragmented="262176">
      <mem type="soa" free="1919954344" total="1963376640" percent="97" />
      <mem type="loa" free="125321216" total="125321216" percent="100" />
    </mem>
    <remembered-set count="102" />
  </mem-info>
</gc-end>
<cycle-end id="4712" type="scavenge" contextid="4706" timestamp="2019-06-16T21:31:02.412" />
  <attribute name="elasticGC enabled" value="1" />
  <attribute name= "numThreadsSpecified" value="4" />
  <attribute name="heapSize specified" value="9371648" />
  <attribute name="Current GC Util" value="26" />
  <attribute name= "Current Time Running" value="48377" />
  <attribute name ="GC Interval" value="200" />
  <attribute name="ProportionalT" value="3.000000" />
  <attribute name="ProportionalI" value="3.000000" />
  <attribute name="ProportionalH" value="3.000000" />
  <attribute name="Current Error" value="6.000000" />
  <attribute name="IntegralT" value="6.000000" />
  <attribute name="IntegralI" value="6.000000" />
  <attribute name="IntegralH" value="6.000000" />
  <attribute name="DerivativeT" value="0.500000" />
  <attribute name="DerivativeI" value="0.500000" />
  <attribute name="DerivativeH" value="0.500000" />
  <attribute name="Loop Time for DT" value="2.000000" />
  <attribute name="Output H" value="8388608"/>
  <attribute name="Output I" value="200"/>
  <attribute name="Output T" value="4"/>
  <attribute name="Target GC Util Change" value ="20.000000" />
  <attribute name="Current GC Util Change" value="26.000000"/>
  <attribute name="GC Util currently" value="26" />
  <attribute name="CPU Util currently" value="1827602397144" />
<allocation-satisfied id="4713" threadId="0000000002213700" bytesRequested="1168" />
<af-end id="4714" timestamp="2019-06-16T21:31:02.412" threadId="0000000002214088" success="true" from="nursery"/>
<exclusive-end id="4715" timestamp="2019-06-16T21:31:02.412" durationms="1.196" />

<exclusive-start id="4716" timestamp="2019-06-16T21:31:02.414" intervalms="2.672">
  <response-info timems="0.093" idlems="0.093" threads="0" lastid="0000000002213700" lastname="main" />
</exclusive-start>
<af-start id="4717" threadId="0000000002214088" totalBytesRequested="1168" timestamp="2019-06-16T21:31:02.414" intervalms="2.671" type="nursery" />
<cycle-start id="4718" type="scavenge" contextid="0" timestamp="2019-06-16T21:31:02.414" intervalms="2.671" />
<gc-start id="4719" type="scavenge" contextid="4718" timestamp="2019-06-16T21:31:02.414">
  <mem-info id="4720" free="2045275560" total="2092630016" percent="97">
    <mem type="nursery" free="0" total="3932160" percent="0">
      <mem type="allocate" free="0" total="3538944" percent="0" />
      <mem type="survivor" free="0" total="393216" percent="0" />
    </mem>
    <mem type="tenure" free="2045275560" total="2088697856" percent="97">
      <mem type="soa" free="1919954344" total="1963376640" percent="97" />
      <mem type="loa" free="125321216" total="125321216" percent="100" />
    </mem>
    <remembered-set count="102" />
  </mem-info>
</gc-start>
<allocation-stats totalBytes="3446016" >
  <allocated-bytes non-tlh="1168" tlh="3444848" />
  <largest-consumer threadName="main" threadId="0000000002213700" bytes="3446016" />
</allocation-stats>
<gc-op id="4721" type="scavenge" timems="0.180" contextid="4718" timestamp="2019-06-16T21:31:02.414">
  <scavenger-info tenureage="9" tenuremask="fe00" tiltratio="90" />
  <memory-copied type="nursery" objects="2" bytes="56" bytesdiscarded="78280" />
</gc-op>
<gc-end id="4722" type="scavenge" contextid="4718" durationms="0.708" usertimems="0.000" systemtimems="4.000" timestamp="2019-06-16T21:31:02.415" activeThreads="4">
  <mem-info id="4723" free="2048736168" total="2092630016" percent="97">
    <mem type="nursery" free="3460608" total="3932160" percent="88">
      <mem type="allocate" free="3460608" total="3538944" percent="97" />
      <mem type="survivor" free="0" total="393216" percent="0" />
    </mem>
    <mem type="tenure" free="2045275560" total="2088697856" percent="97" macro-fragmented="60768">
      <mem type="soa" free="1919954344" total="1963376640" percent="97" />
      <mem type="loa" free="125321216" total="125321216" percent="100" />
    </mem>
    <remembered-set count="102" />
  </mem-info>
</gc-end>
<cycle-end id="4724" type="scavenge" contextid="4718" timestamp="2019-06-16T21:31:02.415" />
  <attribute name="elasticGC enabled" value="1" />
  <attribute name= "numThreadsSpecified" value="4" />
  <attribute name="heapSize specified" value="9371648" />
  <attribute name="Current GC Util" value="24" />
  <attribute name= "Current Time Running" value="48380" />
  <attribute name ="GC Interval" value="200" />
  <attribute name="ProportionalT" value="2.000000" />
  <attribute name="ProportionalI" value="2.000000" />
  <attribute name="ProportionalH" value="2.000000" />
  <attribute name="Current Error" value="4.000000" />
  <attribute name="IntegralT" value="6.000000" />
  <attribute name="IntegralI" value="6.000000" />
  <attribute name="IntegralH" value="6.000000" />
  <attribute name="DerivativeT" value="-0.666667" />
  <attribute name="DerivativeI" value="-0.666667" />
  <attribute name="DerivativeH" value="-0.666667" />
  <attribute name="Loop Time for DT" value="3.000000" />
  <attribute name="Output H" value="8388608"/>
  <attribute name="Output I" value="200"/>
  <attribute name="Output T" value="4"/>
  <attribute name="Target GC Util Change" value ="20.000000" />
  <attribute name="Current GC Util Change" value="24.000000"/>
  <attribute name="GC Util currently" value="24" />
  <attribute name="CPU Util currently" value="1728525114562" />
<allocation-satisfied id="4725" threadId="0000000002213700" bytesRequested="1168" />
<af-end id="4726" timestamp="2019-06-16T21:31:02.415" threadId="0000000002214088" success="true" from="nursery"/>
<exclusive-end id="4727" timestamp="2019-06-16T21:31:02.415" durationms="1.156" />

<exclusive-start id="4728" timestamp="2019-06-16T21:31:02.416" intervalms="2.535">
  <response-info timems="0.028" idlems="0.028" threads="0" lastid="0000000002213700" lastname="main" />
</exclusive-start>
<af-start id="4729" threadId="0000000002214088" totalBytesRequested="1168" timestamp="2019-06-16T21:31:02.416" intervalms="2.536" type="nursery" />
<cycle-start id="4730" type="scavenge" contextid="0" timestamp="2019-06-16T21:31:02.416" intervalms="2.535" />
<gc-start id="4731" type="scavenge" contextid="4730" timestamp="2019-06-16T21:31:02.416">
  <mem-info id="4732" free="2045275560" total="2092630016" percent="97">
    <mem type="nursery" free="0" total="3932160" percent="0">
      <mem type="allocate" free="0" total="3538944" percent="0" />
      <mem type="survivor" free="0" total="393216" percent="0" />
    </mem>
    <mem type="tenure" free="2045275560" total="2088697856" percent="97">
      <mem type="soa" free="1919954344" total="1963376640" percent="97" />
      <mem type="loa" free="125321216" total="125321216" percent="100" />
    </mem>
    <remembered-set count="102" />
  </mem-info>
</gc-start>
<allocation-stats totalBytes="3444784" >
  <allocated-bytes non-tlh="1168" tlh="3443616" />
  <largest-consumer threadName="main" threadId="0000000002213700" bytes="3444784" />
</allocation-stats>
<gc-op id="4733" type="scavenge" timems="0.159" contextid="4730" timestamp="2019-06-16T21:31:02.417">
  <scavenger-info tenureage="9" tenuremask="fe00" tiltratio="90" />
  <memory-copied type="nursery" objects="2" bytes="56" bytesdiscarded="78280" />
</gc-op>
<gc-end id="4734" type="scavenge" contextid="4730" durationms="0.694" usertimems="0.000" systemtimems="0.000" timestamp="2019-06-16T21:31:02.417" activeThreads="4">
  <mem-info id="4735" free="2048736168" total="2092630016" percent="97">
    <mem type="nursery" free="3460608" total="3932160" percent="88">
      <mem type="allocate" free="3460608" total="3538944" percent="97" />
      <mem type="survivor" free="0" total="393216" percent="0" />
    </mem>
    <mem type="tenure" free="2045275560" total="2088697856" percent="97" macro-fragmented="98328">
      <mem type="soa" free="1919954344" total="1963376640" percent="97" />
      <mem type="loa" free="125321216" total="125321216" percent="100" />
    </mem>
    <remembered-set count="102" />
  </mem-info>
</gc-end>
<cycle-end id="4736" type="scavenge" contextid="4730" timestamp="2019-06-16T21:31:02.417" />
  <attribute name="elasticGC enabled" value="1" />
  <attribute name= "numThreadsSpecified" value="4" />
  <attribute name="heapSize specified" value="9371648" />
  <attribute name="Current GC Util" value="26" />
  <attribute name= "Current Time Running" value="48382" />
  <attribute name ="GC Interval" value="200" />
  <attribute name="ProportionalT" value="3.000000" />
  <attribute name="ProportionalI" value="3.000000" />
  <attribute name="ProportionalH" value="3.000000" />
  <attribute name="Current Error" value="6.000000" />
  <attribute name="IntegralT" value="6.000000" />
  <attribute name="IntegralI" value="6.000000" />
  <attribute name="IntegralH" value="6.000000" />
  <attribute name="DerivativeT" value="1.000000" />
  <attribute name="DerivativeI" value="1.000000" />
  <attribute name="DerivativeH" value="1.000000" />
  <attribute name="Loop Time for DT" value="2.000000" />
  <attribute name="Output H" value="8388608"/>
  <attribute name="Output I" value="200"/>
  <attribute name="Output T" value="4"/>
  <attribute name="Target GC Util Change" value ="20.000000" />
  <attribute name="Current GC Util Change" value="26.000000"/>
  <attribute name="GC Util currently" value="26" />
  <attribute name="CPU Util currently" value="1814695624919" />
<allocation-satisfied id="4737" threadId="0000000002213700" bytesRequested="1168" />
<af-end id="4738" timestamp="2019-06-16T21:31:02.417" threadId="0000000002214088" success="true" from="nursery"/>
<exclusive-end id="4739" timestamp="2019-06-16T21:31:02.417" durationms="1.126" />

<exclusive-start id="4740" timestamp="2019-06-16T21:31:02.419" intervalms="2.522">
  <response-info timems="0.027" idlems="0.027" threads="0" lastid="0000000002213700" lastname="main" />
</exclusive-start>
<af-start id="4741" threadId="0000000002214088" totalBytesRequested="1168" timestamp="2019-06-16T21:31:02.419" intervalms="2.522" type="nursery" />
<cycle-start id="4742" type="scavenge" contextid="0" timestamp="2019-06-16T21:31:02.419" intervalms="2.524" />
<gc-start id="4743" type="scavenge" contextid="4742" timestamp="2019-06-16T21:31:02.419">
  <mem-info id="4744" free="2045275560" total="2092630016" percent="97">
    <mem type="nursery" free="0" total="3932160" percent="0">
      <mem type="allocate" free="0" total="3538944" percent="0" />
      <mem type="survivor" free="0" total="393216" percent="0" />
    </mem>
    <mem type="tenure" free="2045275560" total="2088697856" percent="97">
      <mem type="soa" free="1919954344" total="1963376640" percent="97" />
      <mem type="loa" free="125321216" total="125321216" percent="100" />
    </mem>
    <remembered-set count="102" />
  </mem-info>
</gc-start>
<allocation-stats totalBytes="3445992" >
  <allocated-bytes non-tlh="1168" tlh="3444824" />
  <largest-consumer threadName="main" threadId="0000000002213700" bytes="3445992" />
</allocation-stats>
<gc-op id="4745" type="scavenge" timems="0.172" contextid="4742" timestamp="2019-06-16T21:31:02.419">
  <scavenger-info tenureage="9" tenuremask="fe00" tiltratio="90" />
  <memory-copied type="nursery" objects="2" bytes="56" bytesdiscarded="78280" />
</gc-op>
<gc-end id="4746" type="scavenge" contextid="4742" durationms="0.700" usertimems="0.000" systemtimems="0.000" timestamp="2019-06-16T21:31:02.420" activeThreads="4">
  <mem-info id="4747" free="2048736168" total="2092630016" percent="97">
    <mem type="nursery" free="3460608" total="3932160" percent="88">
      <mem type="allocate" free="3460608" total="3538944" percent="97" />
      <mem type="survivor" free="0" total="393216" percent="0" />
    </mem>
    <mem type="tenure" free="2045275560" total="2088697856" percent="97" macro-fragmented="2160235">
      <mem type="soa" free="1919954344" total="1963376640" percent="97" />
      <mem type="loa" free="125321216" total="125321216" percent="100" />
    </mem>
    <remembered-set count="102" />
  </mem-info>
</gc-end>
<cycle-end id="4748" type="scavenge" contextid="4742" timestamp="2019-06-16T21:31:02.420" />
  <attribute name="elasticGC enabled" value="1" />
  <attribute name= "numThreadsSpecified" value="4" />
  <attribute name="heapSize specified" value="9371648" />
  <attribute name="Current GC Util" value="26" />
  <attribute name= "Current Time Running" value="48385" />
  <attribute name ="GC Interval" value="200" />
  <attribute name="ProportionalT" value="3.000000" />
  <attribute name="ProportionalI" value="3.000000" />
  <attribute name="ProportionalH" value="3.000000" />
  <attribute name="Current Error" value="6.000000" />
  <attribute name="IntegralT" value="9.000000" />
  <attribute name="IntegralI" value="9.000000" />
  <attribute name="IntegralH" value="9.000000" />
  <attribute name="DerivativeT" value="0.000000" />
  <attribute name="DerivativeI" value="0.000000" />
  <attribute name="DerivativeH" value="0.000000" />
  <attribute name="Loop Time for DT" value="3.000000" />
  <attribute name="Output H" value="8388608"/>
  <attribute name="Output I" value="200"/>
  <attribute name="Output T" value="4"/>
  <attribute name="Target GC Util Change" value ="20.000000" />
  <attribute name="Current GC Util Change" value="26.000000"/>
  <attribute name="GC Util currently" value="26" />
  <attribute name="CPU Util currently" value="1834725779569" />
<allocation-satisfied id="4749" threadId="0000000002213700" bytesRequested="1168" />
<af-end id="4750" timestamp="2019-06-16T21:31:02.420" threadId="0000000002214088" success="true" from="nursery"/>
<exclusive-end id="4751" timestamp="2019-06-16T21:31:02.420" durationms="1.148" />

<exclusive-start id="4752" timestamp="2019-06-16T21:31:02.421" intervalms="2.564">
  <response-info timems="0.033" idlems="0.033" threads="0" lastid="0000000002213700" lastname="main" />
</exclusive-start>
<af-start id="4753" threadId="0000000002214088" totalBytesRequested="1168" timestamp="2019-06-16T21:31:02.421" intervalms="2.563" type="nursery" />
<cycle-start id="4754" type="scavenge" contextid="0" timestamp="2019-06-16T21:31:02.421" intervalms="2.566" />
<gc-start id="4755" type="scavenge" contextid="4754" timestamp="2019-06-16T21:31:02.422">
  <mem-info id="4756" free="2045275560" total="2092630016" percent="97">
    <mem type="nursery" free="0" total="3932160" percent="0">
      <mem type="allocate" free="0" total="3538944" percent="0" />
      <mem type="survivor" free="0" total="393216" percent="0" />
    </mem>
    <mem type="tenure" free="2045275560" total="2088697856" percent="97">
      <mem type="soa" free="1919954344" total="1963376640" percent="97" />
      <mem type="loa" free="125321216" total="125321216" percent="100" />
    </mem>
    <remembered-set count="102" />
  </mem-info>
</gc-start>
<allocation-stats totalBytes="3444784" >
  <allocated-bytes non-tlh="1168" tlh="3443616" />
  <largest-consumer threadName="main" threadId="0000000002213700" bytes="3444784" />
</allocation-stats>
<gc-op id="4757" type="scavenge" timems="0.172" contextid="4754" timestamp="2019-06-16T21:31:02.422">
  <scavenger-info tenureage="9" tenuremask="fe00" tiltratio="90" />
  <memory-copied type="nursery" objects="2" bytes="56" bytesdiscarded="78280" />
</gc-op>
<gc-end id="4758" type="scavenge" contextid="4754" durationms="0.700" usertimems="4.000" systemtimems="0.000" timestamp="2019-06-16T21:31:02.422" activeThreads="4">
  <mem-info id="4759" free="2048736168" total="2092630016" percent="97">
    <mem type="nursery" free="3460608" total="3932160" percent="88">
      <mem type="allocate" free="3460608" total="3538944" percent="97" />
      <mem type="survivor" free="0" total="393216" percent="0" />
    </mem>
    <mem type="tenure" free="2045275560" total="2088697856" percent="97" macro-fragmented="98328">
      <mem type="soa" free="1919954344" total="1963376640" percent="97" />
      <mem type="loa" free="125321216" total="125321216" percent="100" />
    </mem>
    <remembered-set count="102" />
  </mem-info>
</gc-end>
<cycle-end id="4760" type="scavenge" contextid="4754" timestamp="2019-06-16T21:31:02.422" />
  <attribute name="elasticGC enabled" value="1" />
  <attribute name= "numThreadsSpecified" value="4" />
  <attribute name="heapSize specified" value="9371648" />
  <attribute name="Current GC Util" value="26" />
  <attribute name= "Current Time Running" value="48388" />
  <attribute name ="GC Interval" value="200" />
  <attribute name="ProportionalT" value="3.000000" />
  <attribute name="ProportionalI" value="3.000000" />
  <attribute name="ProportionalH" value="3.000000" />
  <attribute name="Current Error" value="6.000000" />
  <attribute name="IntegralT" value="9.000000" />
  <attribute name="IntegralI" value="9.000000" />
  <attribute name="IntegralH" value="9.000000" />
  <attribute name="DerivativeT" value="0.000000" />
  <attribute name="DerivativeI" value="0.000000" />
  <attribute name="DerivativeH" value="0.000000" />
  <attribute name="Loop Time for DT" value="3.000000" />
  <attribute name="Output H" value="8388608"/>
  <attribute name="Output I" value="200"/>
  <attribute name="Output T" value="4"/>
  <attribute name="Target GC Util Change" value ="20.000000" />
  <attribute name="Current GC Util Change" value="26.000000"/>
  <attribute name="GC Util currently" value="26" />
  <attribute name="CPU Util currently" value="1795217588345" />
<allocation-satisfied id="4761" threadId="0000000002213700" bytesRequested="1168" />
<af-end id="4762" timestamp="2019-06-16T21:31:02.422" threadId="0000000002214088" success="true" from="nursery"/>
<exclusive-end id="4763" timestamp="2019-06-16T21:31:02.422" durationms="1.149" />

<exclusive-start id="4764" timestamp="2019-06-16T21:31:02.424" intervalms="2.518">
  <response-info timems="0.025" idlems="0.025" threads="0" lastid="0000000002213700" lastname="main" />
</exclusive-start>
<af-start id="4765" threadId="0000000002214088" totalBytesRequested="1168" timestamp="2019-06-16T21:31:02.424" intervalms="2.518" type="nursery" />
<cycle-start id="4766" type="scavenge" contextid="0" timestamp="2019-06-16T21:31:02.424" intervalms="2.513" />
<gc-start id="4767" type="scavenge" contextid="4766" timestamp="2019-06-16T21:31:02.424">
  <mem-info id="4768" free="2045275560" total="2092630016" percent="97">
    <mem type="nursery" free="0" total="3932160" percent="0">
      <mem type="allocate" free="0" total="3538944" percent="0" />
      <mem type="survivor" free="0" total="393216" percent="0" />
    </mem>
    <mem type="tenure" free="2045275560" total="2088697856" percent="97">
      <mem type="soa" free="1919954344" total="1963376640" percent="97" />
      <mem type="loa" free="125321216" total="125321216" percent="100" />
    </mem>
    <remembered-set count="102" />
  </mem-info>
</gc-start>
<allocation-stats totalBytes="3446016" >
  <allocated-bytes non-tlh="1168" tlh="3444848" />
  <largest-consumer threadName="main" threadId="0000000002213700" bytes="3446016" />
</allocation-stats>
<gc-op id="4769" type="scavenge" timems="0.149" contextid="4766" timestamp="2019-06-16T21:31:02.424">
  <scavenger-info tenureage="9" tenuremask="fe00" tiltratio="90" />
  <memory-copied type="nursery" objects="2" bytes="56" bytesdiscarded="78280" />
</gc-op>
<gc-end id="4770" type="scavenge" contextid="4766" durationms="0.671" usertimems="0.000" systemtimems="0.000" timestamp="2019-06-16T21:31:02.425" activeThreads="4">
  <mem-info id="4771" free="2048736168" total="2092630016" percent="97">
    <mem type="nursery" free="3460608" total="3932160" percent="88">
      <mem type="allocate" free="3460608" total="3538944" percent="97" />
      <mem type="survivor" free="0" total="393216" percent="0" />
    </mem>
    <mem type="tenure" free="2045275560" total="2088697856" percent="97" macro-fragmented="327720">
      <mem type="soa" free="1919954344" total="1963376640" percent="97" />
      <mem type="loa" free="125321216" total="125321216" percent="100" />
    </mem>
    <remembered-set count="102" />
  </mem-info>
</gc-end>
<cycle-end id="4772" type="scavenge" contextid="4766" timestamp="2019-06-16T21:31:02.425" />
  <attribute name="elasticGC enabled" value="1" />
  <attribute name= "numThreadsSpecified" value="4" />
  <attribute name="heapSize specified" value="9371648" />
  <attribute name="Current GC Util" value="27" />
  <attribute name= "Current Time Running" value="48390" />
  <attribute name ="GC Interval" value="200" />
  <attribute name="ProportionalT" value="3.500000" />
  <attribute name="ProportionalI" value="3.500000" />
  <attribute name="ProportionalH" value="3.500000" />
  <attribute name="Current Error" value="7.000000" />
  <attribute name="IntegralT" value="7.000000" />
  <attribute name="IntegralI" value="7.000000" />
  <attribute name="IntegralH" value="7.000000" />
  <attribute name="DerivativeT" value="0.500000" />
  <attribute name="DerivativeI" value="0.500000" />
  <attribute name="DerivativeH" value="0.500000" />
  <attribute name="Loop Time for DT" value="2.000000" />
  <attribute name="Output H" value="8388608"/>
  <attribute name="Output I" value="200"/>
  <attribute name="Output T" value="4"/>
  <attribute name="Target GC Util Change" value ="20.000000" />
  <attribute name="Current GC Util Change" value="27.000000"/>
  <attribute name="GC Util currently" value="27" />
  <attribute name="CPU Util currently" value="1841159255372" />
<allocation-satisfied id="4773" threadId="0000000002213700" bytesRequested="1168" />
<af-end id="4774" timestamp="2019-06-16T21:31:02.425" threadId="0000000002214088" success="true" from="nursery"/>
<exclusive-end id="4775" timestamp="2019-06-16T21:31:02.425" durationms="1.107" />

<exclusive-start id="4776" timestamp="2019-06-16T21:31:02.426" intervalms="2.491">
  <response-info timems="0.027" idlems="0.027" threads="0" lastid="0000000002213700" lastname="main" />
</exclusive-start>
<af-start id="4777" threadId="0000000002214088" totalBytesRequested="1168" timestamp="2019-06-16T21:31:02.426" intervalms="2.493" type="nursery" />
<cycle-start id="4778" type="scavenge" contextid="0" timestamp="2019-06-16T21:31:02.426" intervalms="2.494" />
<gc-start id="4779" type="scavenge" contextid="4778" timestamp="2019-06-16T21:31:02.427">
  <mem-info id="4780" free="2045275560" total="2092630016" percent="97">
    <mem type="nursery" free="0" total="3932160" percent="0">
      <mem type="allocate" free="0" total="3538944" percent="0" />
      <mem type="survivor" free="0" total="393216" percent="0" />
    </mem>
    <mem type="tenure" free="2045275560" total="2088697856" percent="97">
      <mem type="soa" free="1919954344" total="1963376640" percent="97" />
      <mem type="loa" free="125321216" total="125321216" percent="100" />
    </mem>
    <remembered-set count="102" />
  </mem-info>
</gc-start>
<allocation-stats totalBytes="3444784" >
  <allocated-bytes non-tlh="1168" tlh="3443616" />
  <largest-consumer threadName="main" threadId="0000000002213700" bytes="3444784" />
</allocation-stats>
<gc-op id="4781" type="scavenge" timems="0.172" contextid="4778" timestamp="2019-06-16T21:31:02.427">
  <scavenger-info tenureage="9" tenuremask="fe00" tiltratio="90" />
  <memory-copied type="nursery" objects="2" bytes="56" bytesdiscarded="78280" />
</gc-op>
<gc-end id="4782" type="scavenge" contextid="4778" durationms="0.697" usertimems="4.000" systemtimems="0.000" timestamp="2019-06-16T21:31:02.427" activeThreads="4">
  <mem-info id="4783" free="2048736168" total="2092630016" percent="97">
    <mem type="nursery" free="3460608" total="3932160" percent="88">
      <mem type="allocate" free="3460608" total="3538944" percent="97" />
      <mem type="survivor" free="0" total="393216" percent="0" />
    </mem>
    <mem type="tenure" free="2045275560" total="2088697856" percent="97" macro-fragmented="3732887">
      <mem type="soa" free="1919954344" total="1963376640" percent="97" />
      <mem type="loa" free="125321216" total="125321216" percent="100" />
    </mem>
    <remembered-set count="102" />
  </mem-info>
</gc-end>
<cycle-end id="4784" type="scavenge" contextid="4778" timestamp="2019-06-16T21:31:02.427" />
  <attribute name="elasticGC enabled" value="1" />
  <attribute name= "numThreadsSpecified" value="4" />
  <attribute name="heapSize specified" value="9371648" />
  <attribute name="Current GC Util" value="25" />
  <attribute name= "Current Time Running" value="48393" />
  <attribute name ="GC Interval" value="200" />
  <attribute name="ProportionalT" value="2.500000" />
  <attribute name="ProportionalI" value="2.500000" />
  <attribute name="ProportionalH" value="2.500000" />
  <attribute name="Current Error" value="5.000000" />
  <attribute name="IntegralT" value="7.500000" />
  <attribute name="IntegralI" value="7.500000" />
  <attribute name="IntegralH" value="7.500000" />
  <attribute name="DerivativeT" value="-0.666667" />
  <attribute name="DerivativeI" value="-0.666667" />
  <attribute name="DerivativeH" value="-0.666667" />
  <attribute name="Loop Time for DT" value="3.000000" />
  <attribute name="Output H" value="8388608"/>
  <attribute name="Output I" value="200"/>
  <attribute name="Output T" value="4"/>
  <attribute name="Target GC Util Change" value ="20.000000" />
  <attribute name="Current GC Util Change" value="25.000000"/>
  <attribute name="GC Util currently" value="25" />
  <attribute name="CPU Util currently" value="1847377479545" />
<allocation-satisfied id="4785" threadId="0000000002213700" bytesRequested="1168" />
<af-end id="4786" timestamp="2019-06-16T21:31:02.427" threadId="0000000002214088" success="true" from="nursery"/>
<exclusive-end id="4787" timestamp="2019-06-16T21:31:02.427" durationms="1.144" />

<exclusive-start id="4788" timestamp="2019-06-16T21:31:02.429" intervalms="2.588">
  <response-info timems="0.047" idlems="0.047" threads="0" lastid="0000000002213700" lastname="main" />
</exclusive-start>
<af-start id="4789" threadId="0000000002214088" totalBytesRequested="1168" timestamp="2019-06-16T21:31:02.429" intervalms="2.602" type="nursery" />
<cycle-start id="4790" type="scavenge" contextid="0" timestamp="2019-06-16T21:31:02.429" intervalms="2.601" />
<gc-start id="4791" type="scavenge" contextid="4790" timestamp="2019-06-16T21:31:02.429">
  <mem-info id="4792" free="2045275560" total="2092630016" percent="97">
    <mem type="nursery" free="0" total="3932160" percent="0">
      <mem type="allocate" free="0" total="3538944" percent="0" />
      <mem type="survivor" free="0" total="393216" percent="0" />
    </mem>
    <mem type="tenure" free="2045275560" total="2088697856" percent="97">
      <mem type="soa" free="1919954344" total="1963376640" percent="97" />
      <mem type="loa" free="125321216" total="125321216" percent="100" />
    </mem>
    <remembered-set count="102" />
  </mem-info>
</gc-start>
<allocation-stats totalBytes="3446016" >
  <allocated-bytes non-tlh="1168" tlh="3444848" />
  <largest-consumer threadName="main" threadId="0000000002213700" bytes="3446016" />
</allocation-stats>
<gc-op id="4793" type="scavenge" timems="0.209" contextid="4790" timestamp="2019-06-16T21:31:02.429">
  <scavenger-info tenureage="9" tenuremask="fe00" tiltratio="90" />
  <memory-copied type="nursery" objects="2" bytes="56" bytesdiscarded="78280" />
</gc-op>
<gc-end id="4794" type="scavenge" contextid="4790" durationms="0.741" usertimems="0.000" systemtimems="0.000" timestamp="2019-06-16T21:31:02.430" activeThreads="4">
  <mem-info id="4795" free="2048736168" total="2092630016" percent="97">
    <mem type="nursery" free="3460608" total="3932160" percent="88">
      <mem type="allocate" free="3460608" total="3538944" percent="97" />
      <mem type="survivor" free="0" total="393216" percent="0" />
    </mem>
    <mem type="tenure" free="2045275560" total="2088697856" percent="97" macro-fragmented="142728">
      <mem type="soa" free="1919954344" total="1963376640" percent="97" />
      <mem type="loa" free="125321216" total="125321216" percent="100" />
    </mem>
    <remembered-set count="102" />
  </mem-info>
</gc-end>
<cycle-end id="4796" type="scavenge" contextid="4790" timestamp="2019-06-16T21:31:02.430" />
  <attribute name="elasticGC enabled" value="1" />
  <attribute name= "numThreadsSpecified" value="4" />
  <attribute name="heapSize specified" value="9371648" />
  <attribute name="Current GC Util" value="25" />
  <attribute name= "Current Time Running" value="48395" />
  <attribute name ="GC Interval" value="200" />
  <attribute name="ProportionalT" value="2.500000" />
  <attribute name="ProportionalI" value="2.500000" />
  <attribute name="ProportionalH" value="2.500000" />
  <attribute name="Current Error" value="5.000000" />
  <attribute name="IntegralT" value="5.000000" />
  <attribute name="IntegralI" value="5.000000" />
  <attribute name="IntegralH" value="5.000000" />
  <attribute name="DerivativeT" value="0.000000" />
  <attribute name="DerivativeI" value="0.000000" />
  <attribute name="DerivativeH" value="0.000000" />
  <attribute name="Loop Time for DT" value="2.000000" />
  <attribute name="Output H" value="8388608"/>
  <attribute name="Output I" value="200"/>
  <attribute name="Output T" value="4"/>
  <attribute name="Target GC Util Change" value ="20.000000" />
  <attribute name="Current GC Util Change" value="25.000000"/>
  <attribute name="GC Util currently" value="25" />
  <attribute name="CPU Util currently" value="1755283428503" />
<allocation-satisfied id="4797" threadId="0000000002213700" bytesRequested="1168" />
<af-end id="4798" timestamp="2019-06-16T21:31:02.430" threadId="0000000002214088" success="true" from="nursery"/>
<exclusive-end id="4799" timestamp="2019-06-16T21:31:02.430" durationms="1.224" />

<exclusive-start id="4800" timestamp="2019-06-16T21:31:02.432" intervalms="2.672">
  <response-info timems="0.063" idlems="0.063" threads="0" lastid="0000000002213700" lastname="main" />
</exclusive-start>
<af-start id="4801" threadId="0000000002214088" totalBytesRequested="1168" timestamp="2019-06-16T21:31:02.432" intervalms="2.660" type="nursery" />
<cycle-start id="4802" type="scavenge" contextid="0" timestamp="2019-06-16T21:31:02.432" intervalms="2.661" />
<gc-start id="4803" type="scavenge" contextid="4802" timestamp="2019-06-16T21:31:02.432">
  <mem-info id="4804" free="2045275560" total="2092630016" percent="97">
    <mem type="nursery" free="0" total="3932160" percent="0">
      <mem type="allocate" free="0" total="3538944" percent="0" />
      <mem type="survivor" free="0" total="393216" percent="0" />
    </mem>
    <mem type="tenure" free="2045275560" total="2088697856" percent="97">
      <mem type="soa" free="1919954344" total="1963376640" percent="97" />
      <mem type="loa" free="125321216" total="125321216" percent="100" />
    </mem>
    <remembered-set count="102" />
  </mem-info>
</gc-start>
<allocation-stats totalBytes="3444784" >
  <allocated-bytes non-tlh="1168" tlh="3443616" />
  <largest-consumer threadName="main" threadId="0000000002213700" bytes="3444784" />
</allocation-stats>
<gc-op id="4805" type="scavenge" timems="0.186" contextid="4802" timestamp="2019-06-16T21:31:02.432">
  <scavenger-info tenureage="9" tenuremask="fe00" tiltratio="90" />
  <memory-copied type="nursery" objects="2" bytes="56" bytesdiscarded="78280" />
</gc-op>
<gc-end id="4806" type="scavenge" contextid="4802" durationms="0.717" usertimems="4.000" systemtimems="0.000" timestamp="2019-06-16T21:31:02.432" activeThreads="4">
  <mem-info id="4807" free="2048736168" total="2092630016" percent="97">
    <mem type="nursery" free="3460608" total="3932160" percent="88">
      <mem type="allocate" free="3460608" total="3538944" percent="97" />
      <mem type="survivor" free="0" total="393216" percent="0" />
    </mem>
    <mem type="tenure" free="2045275560" total="2088697856" percent="97" macro-fragmented="1500163">
      <mem type="soa" free="1919954344" total="1963376640" percent="97" />
      <mem type="loa" free="125321216" total="125321216" percent="100" />
    </mem>
    <remembered-set count="102" />
  </mem-info>
</gc-end>
<cycle-end id="4808" type="scavenge" contextid="4802" timestamp="2019-06-16T21:31:02.433" />
  <attribute name="elasticGC enabled" value="1" />
  <attribute name= "numThreadsSpecified" value="4" />
  <attribute name="heapSize specified" value="9371648" />
  <attribute name="Current GC Util" value="26" />
  <attribute name= "Current Time Running" value="48398" />
  <attribute name ="GC Interval" value="200" />
  <attribute name="ProportionalT" value="3.000000" />
  <attribute name="ProportionalI" value="3.000000" />
  <attribute name="ProportionalH" value="3.000000" />
  <attribute name="Current Error" value="6.000000" />
  <attribute name="IntegralT" value="9.000000" />
  <attribute name="IntegralI" value="9.000000" />
  <attribute name="IntegralH" value="9.000000" />
  <attribute name="DerivativeT" value="0.333333" />
  <attribute name="DerivativeI" value="0.333333" />
  <attribute name="DerivativeH" value="0.333333" />
  <attribute name="Loop Time for DT" value="3.000000" />
  <attribute name="Output H" value="8388608"/>
  <attribute name="Output I" value="200"/>
  <attribute name="Output T" value="4"/>
  <attribute name="Target GC Util Change" value ="20.000000" />
  <attribute name="Current GC Util Change" value="26.000000"/>
  <attribute name="GC Util currently" value="26" />
  <attribute name="CPU Util currently" value="1741881772681" />
<allocation-satisfied id="4809" threadId="0000000002213700" bytesRequested="1168" />
<af-end id="4810" timestamp="2019-06-16T21:31:02.433" threadId="0000000002214088" success="true" from="nursery"/>
<exclusive-end id="4811" timestamp="2019-06-16T21:31:02.433" durationms="1.172" />

<exclusive-start id="4812" timestamp="2019-06-16T21:31:02.434" intervalms="2.653">
  <response-info timems="0.065" idlems="0.065" threads="0" lastid="0000000002213700" lastname="main" />
</exclusive-start>
<af-start id="4813" threadId="0000000002214088" totalBytesRequested="1168" timestamp="2019-06-16T21:31:02.434" intervalms="2.654" type="nursery" />
<cycle-start id="4814" type="scavenge" contextid="0" timestamp="2019-06-16T21:31:02.434" intervalms="2.655" />
<gc-start id="4815" type="scavenge" contextid="4814" timestamp="2019-06-16T21:31:02.434">
  <mem-info id="4816" free="2045275560" total="2092630016" percent="97">
    <mem type="nursery" free="0" total="3932160" percent="0">
      <mem type="allocate" free="0" total="3538944" percent="0" />
      <mem type="survivor" free="0" total="393216" percent="0" />
    </mem>
    <mem type="tenure" free="2045275560" total="2088697856" percent="97">
      <mem type="soa" free="1919954344" total="1963376640" percent="97" />
      <mem type="loa" free="125321216" total="125321216" percent="100" />
    </mem>
    <remembered-set count="102" />
  </mem-info>
</gc-start>
<allocation-stats totalBytes="3446016" >
  <allocated-bytes non-tlh="1168" tlh="3444848" />
  <largest-consumer threadName="main" threadId="0000000002213700" bytes="3446016" />
</allocation-stats>
<gc-op id="4817" type="scavenge" timems="0.179" contextid="4814" timestamp="2019-06-16T21:31:02.435">
  <scavenger-info tenureage="9" tenuremask="fe00" tiltratio="90" />
  <memory-copied type="nursery" objects="2" bytes="56" bytesdiscarded="78280" />
</gc-op>
<gc-end id="4818" type="scavenge" contextid="4814" durationms="0.709" usertimems="0.000" systemtimems="0.000" timestamp="2019-06-16T21:31:02.435" activeThreads="4">
  <mem-info id="4819" free="2048736168" total="2092630016" percent="97">
    <mem type="nursery" free="3460608" total="3932160" percent="88">
      <mem type="allocate" free="3460608" total="3538944" percent="97" />
      <mem type="survivor" free="0" total="393216" percent="0" />
    </mem>
    <mem type="tenure" free="2045275560" total="2088697856" percent="97" macro-fragmented="1800196">
      <mem type="soa" free="1919954344" total="1963376640" percent="97" />
      <mem type="loa" free="125321216" total="125321216" percent="100" />
    </mem>
    <remembered-set count="102" />
  </mem-info>
</gc-end>
<cycle-end id="4820" type="scavenge" contextid="4814" timestamp="2019-06-16T21:31:02.435" />
  <attribute name="elasticGC enabled" value="1" />
  <attribute name= "numThreadsSpecified" value="4" />
  <attribute name="heapSize specified" value="9371648" />
  <attribute name="Current GC Util" value="26" />
  <attribute name= "Current Time Running" value="48400" />
  <attribute name ="GC Interval" value="200" />
  <attribute name="ProportionalT" value="3.000000" />
  <attribute name="ProportionalI" value="3.000000" />
  <attribute name="ProportionalH" value="3.000000" />
  <attribute name="Current Error" value="6.000000" />
  <attribute name="IntegralT" value="6.000000" />
  <attribute name="IntegralI" value="6.000000" />
  <attribute name="IntegralH" value="6.000000" />
  <attribute name="DerivativeT" value="0.000000" />
  <attribute name="DerivativeI" value="0.000000" />
  <attribute name="DerivativeH" value="0.000000" />
  <attribute name="Loop Time for DT" value="2.000000" />
  <attribute name="Output H" value="8388608"/>
  <attribute name="Output I" value="200"/>
  <attribute name="Output T" value="4"/>
  <attribute name="Target GC Util Change" value ="20.000000" />
  <attribute name="Current GC Util Change" value="26.000000"/>
  <attribute name="GC Util currently" value="26" />
  <attribute name="CPU Util currently" value="1739178605191" />
<allocation-satisfied id="4821" threadId="0000000002213700" bytesRequested="1168" />
<af-end id="4822" timestamp="2019-06-16T21:31:02.435" threadId="0000000002214088" success="true" from="nursery"/>
<exclusive-end id="4823" timestamp="2019-06-16T21:31:02.435" durationms="1.160" />

<exclusive-start id="4824" timestamp="2019-06-16T21:31:02.437" intervalms="2.596">
  <response-info timems="0.065" idlems="0.065" threads="0" lastid="0000000002213700" lastname="main" />
</exclusive-start>
<af-start id="4825" threadId="0000000002214088" totalBytesRequested="1168" timestamp="2019-06-16T21:31:02.437" intervalms="2.594" type="nursery" />
<cycle-start id="4826" type="scavenge" contextid="0" timestamp="2019-06-16T21:31:02.437" intervalms="2.593" />
<gc-start id="4827" type="scavenge" contextid="4826" timestamp="2019-06-16T21:31:02.555">
  <mem-info id="4828" free="2045275560" total="2092630016" percent="97">
    <mem type="nursery" free="0" total="3932160" percent="0">
      <mem type="allocate" free="0" total="3538944" percent="0" />
      <mem type="survivor" free="0" total="393216" percent="0" />
    </mem>
    <mem type="tenure" free="2045275560" total="2088697856" percent="97">
      <mem type="soa" free="1919954344" total="1963376640" percent="97" />
      <mem type="loa" free="125321216" total="125321216" percent="100" />
    </mem>
    <remembered-set count="102" />
  </mem-info>
</gc-start>
<allocation-stats totalBytes="3444784" >
  <allocated-bytes non-tlh="1168" tlh="3443616" />
  <largest-consumer threadName="main" threadId="0000000002213700" bytes="3444784" />
</allocation-stats>
<gc-op id="4829" type="scavenge" timems="0.339" contextid="4826" timestamp="2019-06-16T21:31:02.555">
  <scavenger-info tenureage="9" tenuremask="fe00" tiltratio="90" />
  <memory-copied type="nursery" objects="2" bytes="56" bytesdiscarded="39112" />
</gc-op>
<gc-end id="4830" type="scavenge" contextid="4826" durationms="116.002" usertimems="104.000" systemtimems="12.000" timestamp="2019-06-16T21:31:02.671" activeThreads="4">
  <mem-info id="4831" free="2048775336" total="2092630016" percent="97">
    <mem type="nursery" free="3499776" total="3932160" percent="89">
      <mem type="allocate" free="3499776" total="3538944" percent="98" />
      <mem type="survivor" free="0" total="393216" percent="0" />
    </mem>
    <mem type="tenure" free="2045275560" total="2088697856" percent="97" macro-fragmented="201903">
      <mem type="soa" free="1919954344" total="1963376640" percent="97" />
      <mem type="loa" free="125321216" total="125321216" percent="100" />
    </mem>
    <remembered-set count="102" />
  </mem-info>
</gc-end>
<cycle-end id="4832" type="scavenge" contextid="4826" timestamp="2019-06-16T21:31:02.671" />
  <attribute name="elasticGC enabled" value="1" />
  <attribute name= "numThreadsSpecified" value="4" />
  <attribute name="heapSize specified" value="9371648" />
  <attribute name="Current GC Util" value="0" />
  <attribute name= "Current Time Running" value="48521" />
  <attribute name ="GC Interval" value="200" />
  <attribute name="ProportionalT" value="-10.000000" />
  <attribute name="ProportionalI" value="-10.000000" />
  <attribute name="ProportionalH" value="-10.000000" />
  <attribute name="Current Error" value="-20.000000" />
  <attribute name="IntegralT" value="-1210.000000" />
  <attribute name="IntegralI" value="-1210.000000" />
  <attribute name="IntegralH" value="-1210.000000" />
  <attribute name="DerivativeT" value="-0.214876" />
  <attribute name="DerivativeI" value="-0.214876" />
  <attribute name="DerivativeH" value="-0.214876" />
  <attribute name="Loop Time for DT" value="121.000000" />
  <attribute name="Output H" value="2092630016"/>
  <attribute name="Output I" value="200"/>
  <attribute name="Output T" value="4"/>
  <attribute name="Target GC Util Change" value ="20.000000" />
  <attribute name="Current GC Util Change" value="0.000000"/>
  <attribute name="GC Util currently" value="0" />
  <attribute name="CPU Util currently" value="38254533765" />
<allocation-satisfied id="4833" threadId="0000000002213700" bytesRequested="1168" />
<af-end id="4834" timestamp="2019-06-16T21:31:02.671" threadId="0000000002214088" success="true" from="nursery"/>
<exclusive-end id="4835" timestamp="2019-06-16T21:31:02.672" durationms="234.754" />

<exclusive-start id="4836" timestamp="2019-06-16T21:31:02.673" intervalms="236.390">
  <response-info timems="0.081" idlems="0.081" threads="0" lastid="0000000002213700" lastname="main" />
</exclusive-start>
<af-start id="4837" threadId="0000000002214088" totalBytesRequested="1168" timestamp="2019-06-16T21:31:02.673" intervalms="236.442" type="nursery" />
<cycle-start id="4838" type="scavenge" contextid="0" timestamp="2019-06-16T21:31:02.673" intervalms="236.516" />
<gc-start id="4839" type="scavenge" contextid="4838" timestamp="2019-06-16T21:31:02.674">
  <mem-info id="4840" free="2045275560" total="2092630016" percent="97">
    <mem type="nursery" free="0" total="3932160" percent="0">
      <mem type="allocate" free="0" total="3538944" percent="0" />
      <mem type="survivor" free="0" total="393216" percent="0" />
    </mem>
    <mem type="tenure" free="2045275560" total="2088697856" percent="97">
      <mem type="soa" free="1919954344" total="1963376640" percent="97" />
      <mem type="loa" free="125321216" total="125321216" percent="100" />
    </mem>
    <remembered-set count="102" />
  </mem-info>
</gc-start>
<allocation-stats totalBytes="3485440" >
  <allocated-bytes non-tlh="1168" tlh="3484272" />
  <largest-consumer threadName="main" threadId="0000000002213700" bytes="3485440" />
</allocation-stats>
<gc-op id="4841" type="scavenge" timems="0.293" contextid="4838" timestamp="2019-06-16T21:31:02.674">
  <scavenger-info tenureage="9" tenuremask="fe00" tiltratio="90" />
  <memory-copied type="nursery" objects="2" bytes="56" bytesdiscarded="78280" />
</gc-op>
<gc-end id="4842" type="scavenge" contextid="4838" durationms="0.915" usertimems="0.000" systemtimems="0.000" timestamp="2019-06-16T21:31:02.674" activeThreads="4">
  <mem-info id="4843" free="2048736168" total="2092630016" percent="97">
    <mem type="nursery" free="3460608" total="3932160" percent="88">
      <mem type="allocate" free="3460608" total="3538944" percent="97" />
      <mem type="survivor" free="0" total="393216" percent="0" />
    </mem>
    <mem type="tenure" free="2045275560" total="2088697856" percent="97" macro-fragmented="868149">
      <mem type="soa" free="1919954344" total="1963376640" percent="97" />
      <mem type="loa" free="125321216" total="125321216" percent="100" />
    </mem>
    <remembered-set count="102" />
  </mem-info>
</gc-end>
<cycle-end id="4844" type="scavenge" contextid="4838" timestamp="2019-06-16T21:31:02.675" />
  <attribute name="elasticGC enabled" value="1" />
  <attribute name= "numThreadsSpecified" value="4" />
  <attribute name="heapSize specified" value="9371648" />
  <attribute name="Current GC Util" value="196" />
  <attribute name= "Current Time Running" value="48640" />
  <attribute name ="GC Interval" value="4000" />
  <attribute name="ProportionalT" value="88.000000" />
  <attribute name="ProportionalI" value="88.000000" />
  <attribute name="ProportionalH" value="88.000000" />
  <attribute name="Current Error" value="176.000000" />
  <attribute name="IntegralT" value="10472.000000" />
  <attribute name="IntegralI" value="10472.000000" />
  <attribute name="IntegralH" value="10472.000000" />
  <attribute name="DerivativeT" value="1.478992" />
  <attribute name="DerivativeI" value="1.478992" />
  <attribute name="DerivativeH" value="1.478992" />
  <attribute name="Loop Time for DT" value="119.000000" />
  <attribute name="Output H" value="8388608"/>
  <attribute name="Output I" value="4000"/>
  <attribute name="Output T" value="4"/>
  <attribute name="Target GC Util Change" value ="20.000000" />
  <attribute name="Current GC Util Change" value="196.000000"/>
  <attribute name="GC Util currently" value="196" />
  <attribute name="CPU Util currently" value="38865720818" />
<allocation-satisfied id="4845" threadId="0000000002213700" bytesRequested="1168" />
<af-end id="4846" timestamp="2019-06-16T21:31:02.675" threadId="0000000002214088" success="true" from="nursery"/>
<exclusive-end id="4847" timestamp="2019-06-16T21:31:02.675" durationms="1.650" />

<exclusive-start id="4848" timestamp="2019-06-16T21:31:02.676" intervalms="3.126">
  <response-info timems="0.055" idlems="0.055" threads="0" lastid="0000000002213700" lastname="main" />
</exclusive-start>
<af-start id="4849" threadId="0000000002214088" totalBytesRequested="1168" timestamp="2019-06-16T21:31:02.676" intervalms="3.116" type="nursery" />
<cycle-start id="4850" type="scavenge" contextid="0" timestamp="2019-06-16T21:31:02.677" intervalms="3.070" />
<gc-start id="4851" type="scavenge" contextid="4850" timestamp="2019-06-16T21:31:02.677">
  <mem-info id="4852" free="2045275560" total="2092630016" percent="97">
    <mem type="nursery" free="0" total="3932160" percent="0">
      <mem type="allocate" free="0" total="3538944" percent="0" />
      <mem type="survivor" free="0" total="393216" percent="0" />
    </mem>
    <mem type="tenure" free="2045275560" total="2088697856" percent="97">
      <mem type="soa" free="1919954344" total="1963376640" percent="97" />
      <mem type="loa" free="125321216" total="125321216" percent="100" />
    </mem>
    <remembered-set count="102" />
  </mem-info>
</gc-start>
<allocation-stats totalBytes="3444784" >
  <allocated-bytes non-tlh="1168" tlh="3443616" />
  <largest-consumer threadName="main" threadId="0000000002213700" bytes="3444784" />
</allocation-stats>
<gc-op id="4853" type="scavenge" timems="0.189" contextid="4850" timestamp="2019-06-16T21:31:02.677">
  <scavenger-info tenureage="9" tenuremask="fe00" tiltratio="90" />
  <memory-copied type="nursery" objects="2" bytes="56" bytesdiscarded="78280" />
</gc-op>
<gc-end id="4854" type="scavenge" contextid="4850" durationms="0.724" usertimems="0.000" systemtimems="0.000" timestamp="2019-06-16T21:31:02.677" activeThreads="4">
  <mem-info id="4855" free="2048736168" total="2092630016" percent="97">
    <mem type="nursery" free="3460608" total="3932160" percent="88">
      <mem type="allocate" free="3460608" total="3538944" percent="97" />
      <mem type="survivor" free="0" total="393216" percent="0" />
    </mem>
    <mem type="tenure" free="2045275560" total="2088697856" percent="97" macro-fragmented="418667">
      <mem type="soa" free="1919954344" total="1963376640" percent="97" />
      <mem type="loa" free="125321216" total="125321216" percent="100" />
    </mem>
    <remembered-set count="102" />
  </mem-info>
</gc-end>
<cycle-end id="4856" type="scavenge" contextid="4850" timestamp="2019-06-16T21:31:02.677" />
  <attribute name="elasticGC enabled" value="1" />
  <attribute name= "numThreadsSpecified" value="4" />
  <attribute name="heapSize specified" value="9371648" />
  <attribute name="Current GC Util" value="30" />
  <attribute name= "Current Time Running" value="48643" />
  <attribute name ="GC Interval" value="200" />
  <attribute name="ProportionalT" value="5.000000" />
  <attribute name="ProportionalI" value="5.000000" />
  <attribute name="ProportionalH" value="5.000000" />
  <attribute name="Current Error" value="10.000000" />
  <attribute name="IntegralT" value="15.000000" />
  <attribute name="IntegralI" value="15.000000" />
  <attribute name="IntegralH" value="15.000000" />
  <attribute name="DerivativeT" value="-55.333333" />
  <attribute name="DerivativeI" value="-55.333333" />
  <attribute name="DerivativeH" value="-55.333333" />
  <attribute name="Loop Time for DT" value="3.000000" />
  <attribute name="Output H" value="2092630016"/>
  <attribute name="Output I" value="200"/>
  <attribute name="Output T" value="4"/>
  <attribute name="Target GC Util Change" value ="20.000000" />
  <attribute name="Current GC Util Change" value="30.000000"/>
  <attribute name="GC Util currently" value="30" />
  <attribute name="CPU Util currently" value="1547759098863" />
<allocation-satisfied id="4857" threadId="0000000002213700" bytesRequested="1168" />
<af-end id="4858" timestamp="2019-06-16T21:31:02.678" threadId="0000000002214088" success="true" from="nursery"/>
<exclusive-end id="4859" timestamp="2019-06-16T21:31:02.678" durationms="1.293" />

<exclusive-start id="4860" timestamp="2019-06-16T21:31:02.679" intervalms="2.738">
  <response-info timems="0.055" idlems="0.055" threads="0" lastid="0000000002213700" lastname="main" />
</exclusive-start>
<af-start id="4861" threadId="0000000002214088" totalBytesRequested="1168" timestamp="2019-06-16T21:31:02.679" intervalms="2.703" type="nursery" />
<cycle-start id="4862" type="scavenge" contextid="0" timestamp="2019-06-16T21:31:02.679" intervalms="2.683" />
<gc-start id="4863" type="scavenge" contextid="4862" timestamp="2019-06-16T21:31:02.679">
  <mem-info id="4864" free="2045275560" total="2092630016" percent="97">
    <mem type="nursery" free="0" total="3932160" percent="0">
      <mem type="allocate" free="0" total="3538944" percent="0" />
      <mem type="survivor" free="0" total="393216" percent="0" />
    </mem>
    <mem type="tenure" free="2045275560" total="2088697856" percent="97">
      <mem type="soa" free="1919954344" total="1963376640" percent="97" />
      <mem type="loa" free="125321216" total="125321216" percent="100" />
    </mem>
    <remembered-set count="102" />
  </mem-info>
</gc-start>
<allocation-stats totalBytes="3446016" >
  <allocated-bytes non-tlh="1168" tlh="3444848" />
  <largest-consumer threadName="main" threadId="0000000002213700" bytes="3446016" />
</allocation-stats>
<gc-op id="4865" type="scavenge" timems="0.219" contextid="4862" timestamp="2019-06-16T21:31:02.680">
  <scavenger-info tenureage="9" tenuremask="fe00" tiltratio="90" />
  <memory-copied type="nursery" objects="2" bytes="56" bytesdiscarded="78280" />
</gc-op>
<gc-end id="4866" type="scavenge" contextid="4862" durationms="0.800" usertimems="0.000" systemtimems="0.000" timestamp="2019-06-16T21:31:02.680" activeThreads="4">
  <mem-info id="4867" free="2048736168" total="2092630016" percent="97">
    <mem type="nursery" free="3460608" total="3932160" percent="88">
      <mem type="allocate" free="3460608" total="3538944" percent="97" />
      <mem type="survivor" free="0" total="393216" percent="0" />
    </mem>
    <mem type="tenure" free="2045275560" total="2088697856" percent="97" macro-fragmented="723458">
      <mem type="soa" free="1919954344" total="1963376640" percent="97" />
      <mem type="loa" free="125321216" total="125321216" percent="100" />
    </mem>
    <remembered-set count="102" />
  </mem-info>
</gc-end>
<cycle-end id="4868" type="scavenge" contextid="4862" timestamp="2019-06-16T21:31:02.680" />
  <attribute name="elasticGC enabled" value="1" />
  <attribute name= "numThreadsSpecified" value="4" />
  <attribute name="heapSize specified" value="9371648" />
  <attribute name="Current GC Util" value="27" />
  <attribute name= "Current Time Running" value="48645" />
  <attribute name ="GC Interval" value="200" />
  <attribute name="ProportionalT" value="3.500000" />
  <attribute name="ProportionalI" value="3.500000" />
  <attribute name="ProportionalH" value="3.500000" />
  <attribute name="Current Error" value="7.000000" />
  <attribute name="IntegralT" value="7.000000" />
  <attribute name="IntegralI" value="7.000000" />
  <attribute name="IntegralH" value="7.000000" />
  <attribute name="DerivativeT" value="-1.500000" />
  <attribute name="DerivativeI" value="-1.500000" />
  <attribute name="DerivativeH" value="-1.500000" />
  <attribute name="Loop Time for DT" value="2.000000" />
  <attribute name="Output H" value="8388608"/>
  <attribute name="Output I" value="200"/>
  <attribute name="Output T" value="4"/>
  <attribute name="Target GC Util Change" value ="20.000000" />
  <attribute name="Current GC Util Change" value="27.000000"/>
  <attribute name="GC Util currently" value="27" />
  <attribute name="CPU Util currently" value="1718939472532" />
<allocation-satisfied id="4869" threadId="0000000002213700" bytesRequested="1168" />
<af-end id="4870" timestamp="2019-06-16T21:31:02.680" threadId="0000000002214088" success="true" from="nursery"/>
<exclusive-end id="4871" timestamp="2019-06-16T21:31:02.680" durationms="1.366" />

<exclusive-start id="4872" timestamp="2019-06-16T21:31:02.682" intervalms="2.836">
  <response-info timems="0.057" idlems="0.057" threads="0" lastid="0000000002213700" lastname="main" />
</exclusive-start>
<af-start id="4873" threadId="0000000002214088" totalBytesRequested="1168" timestamp="2019-06-16T21:31:02.682" intervalms="2.840" type="nursery" />
<cycle-start id="4874" type="scavenge" contextid="0" timestamp="2019-06-16T21:31:02.682" intervalms="2.834" />
<gc-start id="4875" type="scavenge" contextid="4874" timestamp="2019-06-16T21:31:02.682">
  <mem-info id="4876" free="2045275560" total="2092630016" percent="97">
    <mem type="nursery" free="0" total="3932160" percent="0">
      <mem type="allocate" free="0" total="3538944" percent="0" />
      <mem type="survivor" free="0" total="393216" percent="0" />
    </mem>
    <mem type="tenure" free="2045275560" total="2088697856" percent="97">
      <mem type="soa" free="1919954344" total="1963376640" percent="97" />
      <mem type="loa" free="125321216" total="125321216" percent="100" />
    </mem>
    <remembered-set count="102" />
  </mem-info>
</gc-start>
<allocation-stats totalBytes="3444784" >
  <allocated-bytes non-tlh="1168" tlh="3443616" />
  <largest-consumer threadName="main" threadId="0000000002213700" bytes="3444784" />
</allocation-stats>
<gc-op id="4877" type="scavenge" timems="0.192" contextid="4874" timestamp="2019-06-16T21:31:02.682">
  <scavenger-info tenureage="9" tenuremask="fe00" tiltratio="90" />
  <memory-copied type="nursery" objects="2" bytes="56" bytesdiscarded="78280" />
</gc-op>
<gc-end id="4878" type="scavenge" contextid="4874" durationms="0.722" usertimems="4.000" systemtimems="0.000" timestamp="2019-06-16T21:31:02.683" activeThreads="4">
  <mem-info id="4879" free="2048736168" total="2092630016" percent="97">
    <mem type="nursery" free="3460608" total="3932160" percent="88">
      <mem type="allocate" free="3460608" total="3538944" percent="97" />
      <mem type="survivor" free="0" total="393216" percent="0" />
    </mem>
    <mem type="tenure" free="2045275560" total="2088697856" percent="97" macro-fragmented="201903">
      <mem type="soa" free="1919954344" total="1963376640" percent="97" />
      <mem type="loa" free="125321216" total="125321216" percent="100" />
    </mem>
    <remembered-set count="102" />
  </mem-info>
</gc-end>
<cycle-end id="4880" type="scavenge" contextid="4874" timestamp="2019-06-16T21:31:02.683" />
  <attribute name="elasticGC enabled" value="1" />
  <attribute name= "numThreadsSpecified" value="4" />
  <attribute name="heapSize specified" value="9371648" />
  <attribute name="Current GC Util" value="27" />
  <attribute name= "Current Time Running" value="48648" />
  <attribute name ="GC Interval" value="200" />
  <attribute name="ProportionalT" value="3.500000" />
  <attribute name="ProportionalI" value="3.500000" />
  <attribute name="ProportionalH" value="3.500000" />
  <attribute name="Current Error" value="7.000000" />
  <attribute name="IntegralT" value="10.500000" />
  <attribute name="IntegralI" value="10.500000" />
  <attribute name="IntegralH" value="10.500000" />
  <attribute name="DerivativeT" value="0.000000" />
  <attribute name="DerivativeI" value="0.000000" />
  <attribute name="DerivativeH" value="0.000000" />
  <attribute name="Loop Time for DT" value="3.000000" />
  <attribute name="Output H" value="8388608"/>
  <attribute name="Output I" value="200"/>
  <attribute name="Output T" value="4"/>
  <attribute name="Target GC Util Change" value ="20.000000" />
  <attribute name="Current GC Util Change" value="27.000000"/>
  <attribute name="GC Util currently" value="27" />
  <attribute name="CPU Util currently" value="1633083592018" />
<allocation-satisfied id="4881" threadId="0000000002213700" bytesRequested="1168" />
<af-end id="4882" timestamp="2019-06-16T21:31:02.683" threadId="0000000002214088" success="true" from="nursery"/>
<exclusive-end id="4883" timestamp="2019-06-16T21:31:02.683" durationms="1.192" />

<exclusive-start id="4884" timestamp="2019-06-16T21:31:02.685" intervalms="2.632">
  <response-info timems="0.032" idlems="0.032" threads="0" lastid="0000000002213700" lastname="main" />
</exclusive-start>
<af-start id="4885" threadId="0000000002214088" totalBytesRequested="1168" timestamp="2019-06-16T21:31:02.685" intervalms="2.665" type="nursery" />
<cycle-start id="4886" type="scavenge" contextid="0" timestamp="2019-06-16T21:31:02.685" intervalms="2.678" />
<gc-start id="4887" type="scavenge" contextid="4886" timestamp="2019-06-16T21:31:02.685">
  <mem-info id="4888" free="2045275560" total="2092630016" percent="97">
    <mem type="nursery" free="0" total="3932160" percent="0">
      <mem type="allocate" free="0" total="3538944" percent="0" />
      <mem type="survivor" free="0" total="393216" percent="0" />
    </mem>
    <mem type="tenure" free="2045275560" total="2088697856" percent="97">
      <mem type="soa" free="1919954344" total="1963376640" percent="97" />
      <mem type="loa" free="125321216" total="125321216" percent="100" />
    </mem>
    <remembered-set count="102" />
  </mem-info>
</gc-start>
<allocation-stats totalBytes="3446016" >
  <allocated-bytes non-tlh="1168" tlh="3444848" />
  <largest-consumer threadName="main" threadId="0000000002213700" bytes="3446016" />
</allocation-stats>
<gc-op id="4889" type="scavenge" timems="0.199" contextid="4886" timestamp="2019-06-16T21:31:02.685">
  <scavenger-info tenureage="9" tenuremask="fe00" tiltratio="90" />
  <memory-copied type="nursery" objects="2" bytes="56" bytesdiscarded="78280" />
</gc-op>
<gc-end id="4890" type="scavenge" contextid="4886" durationms="0.731" usertimems="0.000" systemtimems="0.000" timestamp="2019-06-16T21:31:02.686" activeThreads="4">
  <mem-info id="4891" free="2048736168" total="2092630016" percent="97">
    <mem type="nursery" free="3460608" total="3932160" percent="88">
      <mem type="allocate" free="3460608" total="3538944" percent="97" />
      <mem type="survivor" free="0" total="393216" percent="0" />
    </mem>
    <mem type="tenure" free="2045275560" total="2088697856" percent="97" macro-fragmented="32776">
      <mem type="soa" free="1919954344" total="1963376640" percent="97" />
      <mem type="loa" free="125321216" total="125321216" percent="100" />
    </mem>
    <remembered-set count="102" />
  </mem-info>
</gc-end>
<cycle-end id="4892" type="scavenge" contextid="4886" timestamp="2019-06-16T21:31:02.686" />
  <attribute name="elasticGC enabled" value="1" />
  <attribute name= "numThreadsSpecified" value="4" />
  <attribute name="heapSize specified" value="9371648" />
  <attribute name="Current GC Util" value="27" />
  <attribute name= "Current Time Running" value="48651" />
  <attribute name ="GC Interval" value="200" />
  <attribute name="ProportionalT" value="3.500000" />
  <attribute name="ProportionalI" value="3.500000" />
  <attribute name="ProportionalH" value="3.500000" />
  <attribute name="Current Error" value="7.000000" />
  <attribute name="IntegralT" value="10.500000" />
  <attribute name="IntegralI" value="10.500000" />
  <attribute name="IntegralH" value="10.500000" />
  <attribute name="DerivativeT" value="0.000000" />
  <attribute name="DerivativeI" value="0.000000" />
  <attribute name="DerivativeH" value="0.000000" />
  <attribute name="Loop Time for DT" value="3.000000" />
  <attribute name="Output H" value="8388608"/>
  <attribute name="Output I" value="200"/>
  <attribute name="Output T" value="4"/>
  <attribute name="Target GC Util Change" value ="20.000000" />
  <attribute name="Current GC Util Change" value="27.000000"/>
  <attribute name="GC Util currently" value="27" />
  <attribute name="CPU Util currently" value="1724043098617" />
<allocation-satisfied id="4893" threadId="0000000002213700" bytesRequested="1168" />
<af-end id="4894" timestamp="2019-06-16T21:31:02.686" threadId="0000000002214088" success="true" from="nursery"/>
<exclusive-end id="4895" timestamp="2019-06-16T21:31:02.686" durationms="1.306" />

<exclusive-start id="4896" timestamp="2019-06-16T21:31:02.687" intervalms="2.719">
  <response-info timems="0.040" idlems="0.040" threads="0" lastid="0000000002213700" lastname="main" />
</exclusive-start>
<af-start id="4897" threadId="0000000002214088" totalBytesRequested="1168" timestamp="2019-06-16T21:31:02.687" intervalms="2.679" type="nursery" />
<cycle-start id="4898" type="scavenge" contextid="0" timestamp="2019-06-16T21:31:02.687" intervalms="2.665" />
<gc-start id="4899" type="scavenge" contextid="4898" timestamp="2019-06-16T21:31:02.687">
  <mem-info id="4900" free="2045275560" total="2092630016" percent="97">
    <mem type="nursery" free="0" total="3932160" percent="0">
      <mem type="allocate" free="0" total="3538944" percent="0" />
      <mem type="survivor" free="0" total="393216" percent="0" />
    </mem>
    <mem type="tenure" free="2045275560" total="2088697856" percent="97">
      <mem type="soa" free="1919954344" total="1963376640" percent="97" />
      <mem type="loa" free="125321216" total="125321216" percent="100" />
    </mem>
    <remembered-set count="102" />
  </mem-info>
</gc-start>
<allocation-stats totalBytes="3444784" >
  <allocated-bytes non-tlh="1168" tlh="3443616" />
  <largest-consumer threadName="main" threadId="0000000002213700" bytes="3444784" />
</allocation-stats>
<gc-op id="4901" type="scavenge" timems="0.192" contextid="4898" timestamp="2019-06-16T21:31:02.688">
  <scavenger-info tenureage="9" tenuremask="fe00" tiltratio="90" />
  <memory-copied type="nursery" objects="2" bytes="56" bytesdiscarded="78280" />
</gc-op>
<gc-end id="4902" type="scavenge" contextid="4898" durationms="0.719" usertimems="4.000" systemtimems="0.000" timestamp="2019-06-16T21:31:02.688" activeThreads="4">
  <mem-info id="4903" free="2048736168" total="2092630016" percent="97">
    <mem type="nursery" free="3460608" total="3932160" percent="88">
      <mem type="allocate" free="3460608" total="3538944" percent="97" />
      <mem type="survivor" free="0" total="393216" percent="0" />
    </mem>
    <mem type="tenure" free="2045275560" total="2088697856" percent="97" macro-fragmented="290741">
      <mem type="soa" free="1919954344" total="1963376640" percent="97" />
      <mem type="loa" free="125321216" total="125321216" percent="100" />
    </mem>
    <remembered-set count="102" />
  </mem-info>
</gc-end>
<cycle-end id="4904" type="scavenge" contextid="4898" timestamp="2019-06-16T21:31:02.688" />
  <attribute name="elasticGC enabled" value="1" />
  <attribute name= "numThreadsSpecified" value="4" />
  <attribute name="heapSize specified" value="9371648" />
  <attribute name="Current GC Util" value="27" />
  <attribute name= "Current Time Running" value="48653" />
  <attribute name ="GC Interval" value="200" />
  <attribute name="ProportionalT" value="3.500000" />
  <attribute name="ProportionalI" value="3.500000" />
  <attribute name="ProportionalH" value="3.500000" />
  <attribute name="Current Error" value="7.000000" />
  <attribute name="IntegralT" value="7.000000" />
  <attribute name="IntegralI" value="7.000000" />
  <attribute name="IntegralH" value="7.000000" />
  <attribute name="DerivativeT" value="0.000000" />
  <attribute name="DerivativeI" value="0.000000" />
  <attribute name="DerivativeH" value="0.000000" />
  <attribute name="Loop Time for DT" value="2.000000" />
  <attribute name="Output H" value="8388608"/>
  <attribute name="Output I" value="200"/>
  <attribute name="Output T" value="4"/>
  <attribute name="Target GC Util Change" value ="20.000000" />
  <attribute name="Current GC Util Change" value="27.000000"/>
  <attribute name="GC Util currently" value="27" />
  <attribute name="CPU Util currently" value="1729289295469" />
<allocation-satisfied id="4905" threadId="0000000002213700" bytesRequested="1168" />
<af-end id="4906" timestamp="2019-06-16T21:31:02.688" threadId="0000000002214088" success="true" from="nursery"/>
<exclusive-end id="4907" timestamp="2019-06-16T21:31:02.689" durationms="1.283" />

<exclusive-start id="4908" timestamp="2019-06-16T21:31:02.690" intervalms="2.831">
  <response-info timems="0.101" idlems="0.101" threads="0" lastid="0000000002213700" lastname="main" />
</exclusive-start>
<af-start id="4909" threadId="0000000002214088" totalBytesRequested="1168" timestamp="2019-06-16T21:31:02.690" intervalms="2.838" type="nursery" />
<cycle-start id="4910" type="scavenge" contextid="0" timestamp="2019-06-16T21:31:02.690" intervalms="2.864" />
<gc-start id="4911" type="scavenge" contextid="4910" timestamp="2019-06-16T21:31:02.690">
  <mem-info id="4912" free="2045275560" total="2092630016" percent="97">
    <mem type="nursery" free="0" total="3932160" percent="0">
      <mem type="allocate" free="0" total="3538944" percent="0" />
      <mem type="survivor" free="0" total="393216" percent="0" />
    </mem>
    <mem type="tenure" free="2045275560" total="2088697856" percent="97">
      <mem type="soa" free="1919954344" total="1963376640" percent="97" />
      <mem type="loa" free="125321216" total="125321216" percent="100" />
    </mem>
    <remembered-set count="102" />
  </mem-info>
</gc-start>
<allocation-stats totalBytes="3446016" >
  <allocated-bytes non-tlh="1168" tlh="3444848" />
  <largest-consumer threadName="main" threadId="0000000002213700" bytes="3446016" />
</allocation-stats>
<gc-op id="4913" type="scavenge" timems="0.170" contextid="4910" timestamp="2019-06-16T21:31:02.691">
  <scavenger-info tenureage="9" tenuremask="fe00" tiltratio="90" />
  <memory-copied type="nursery" objects="2" bytes="56" bytesdiscarded="78280" />
</gc-op>
<gc-end id="4914" type="scavenge" contextid="4910" durationms="0.730" usertimems="0.000" systemtimems="0.000" timestamp="2019-06-16T21:31:02.691" activeThreads="4">
  <mem-info id="4915" free="2048736168" total="2092630016" percent="97">
    <mem type="nursery" free="3460608" total="3932160" percent="88">
      <mem type="allocate" free="3460608" total="3538944" percent="97" />
      <mem type="survivor" free="0" total="393216" percent="0" />
    </mem>
    <mem type="tenure" free="2045275560" total="2088697856" percent="97" macro-fragmented="75960">
      <mem type="soa" free="1919954344" total="1963376640" percent="97" />
      <mem type="loa" free="125321216" total="125321216" percent="100" />
    </mem>
    <remembered-set count="102" />
  </mem-info>
</gc-end>
<cycle-end id="4916" type="scavenge" contextid="4910" timestamp="2019-06-16T21:31:02.691" />
  <attribute name="elasticGC enabled" value="1" />
  <attribute name= "numThreadsSpecified" value="4" />
  <attribute name="heapSize specified" value="9371648" />
  <attribute name="Current GC Util" value="25" />
  <attribute name= "Current Time Running" value="48656" />
  <attribute name ="GC Interval" value="200" />
  <attribute name="ProportionalT" value="2.500000" />
  <attribute name="ProportionalI" value="2.500000" />
  <attribute name="ProportionalH" value="2.500000" />
  <attribute name="Current Error" value="5.000000" />
  <attribute name="IntegralT" value="7.500000" />
  <attribute name="IntegralI" value="7.500000" />
  <attribute name="IntegralH" value="7.500000" />
  <attribute name="DerivativeT" value="-0.666667" />
  <attribute name="DerivativeI" value="-0.666667" />
  <attribute name="DerivativeH" value="-0.666667" />
  <attribute name="Loop Time for DT" value="3.000000" />
  <attribute name="Output H" value="8388608"/>
  <attribute name="Output I" value="200"/>
  <attribute name="Output T" value="4"/>
  <attribute name="Target GC Util Change" value ="20.000000" />
  <attribute name="Current GC Util Change" value="25.000000"/>
  <attribute name="GC Util currently" value="25" />
  <attribute name="CPU Util currently" value="1601010241602" />
<allocation-satisfied id="4917" threadId="0000000002213700" bytesRequested="1168" />
<af-end id="4918" timestamp="2019-06-16T21:31:02.691" threadId="0000000002214088" success="true" from="nursery"/>
<exclusive-end id="4919" timestamp="2019-06-16T21:31:02.691" durationms="1.236" />

<exclusive-start id="4920" timestamp="2019-06-16T21:31:02.693" intervalms="2.629">
  <response-info timems="0.030" idlems="0.030" threads="0" lastid="0000000002213700" lastname="main" />
</exclusive-start>
<af-start id="4921" threadId="0000000002214088" totalBytesRequested="1168" timestamp="2019-06-16T21:31:02.693" intervalms="2.616" type="nursery" />
<cycle-start id="4922" type="scavenge" contextid="0" timestamp="2019-06-16T21:31:02.693" intervalms="2.589" />
<gc-start id="4923" type="scavenge" contextid="4922" timestamp="2019-06-16T21:31:02.693">
  <mem-info id="4924" free="2045275560" total="2092630016" percent="97">
    <mem type="nursery" free="0" total="3932160" percent="0">
      <mem type="allocate" free="0" total="3538944" percent="0" />
      <mem type="survivor" free="0" total="393216" percent="0" />
    </mem>
    <mem type="tenure" free="2045275560" total="2088697856" percent="97">
      <mem type="soa" free="1919954344" total="1963376640" percent="97" />
      <mem type="loa" free="125321216" total="125321216" percent="100" />
    </mem>
    <remembered-set count="102" />
  </mem-info>
</gc-start>
<allocation-stats totalBytes="3444784" >
  <allocated-bytes non-tlh="1168" tlh="3443616" />
  <largest-consumer threadName="main" threadId="0000000002213700" bytes="3444784" />
</allocation-stats>
<gc-op id="4925" type="scavenge" timems="0.177" contextid="4922" timestamp="2019-06-16T21:31:02.693">
  <scavenger-info tenureage="9" tenuremask="fe00" tiltratio="90" />
  <memory-copied type="nursery" objects="2" bytes="56" bytesdiscarded="78280" />
</gc-op>
<gc-end id="4926" type="scavenge" contextid="4922" durationms="0.714" usertimems="0.000" systemtimems="0.000" timestamp="2019-06-16T21:31:02.694" activeThreads="4">
  <mem-info id="4927" free="2048736168" total="2092630016" percent="97">
    <mem type="nursery" free="3460608" total="3932160" percent="88">
      <mem type="allocate" free="3460608" total="3538944" percent="97" />
      <mem type="survivor" free="0" total="393216" percent="0" />
    </mem>
    <mem type="tenure" free="2045275560" total="2088697856" percent="97" macro-fragmented="1048608">
      <mem type="soa" free="1919954344" total="1963376640" percent="97" />
      <mem type="loa" free="125321216" total="125321216" percent="100" />
    </mem>
    <remembered-set count="102" />
  </mem-info>
</gc-end>
<cycle-end id="4928" type="scavenge" contextid="4922" timestamp="2019-06-16T21:31:02.694" />
  <attribute name="elasticGC enabled" value="1" />
  <attribute name= "numThreadsSpecified" value="4" />
  <attribute name="heapSize specified" value="9371648" />
  <attribute name="Current GC Util" value="27" />
  <attribute name= "Current Time Running" value="48659" />
  <attribute name ="GC Interval" value="200" />
  <attribute name="ProportionalT" value="3.500000" />
  <attribute name="ProportionalI" value="3.500000" />
  <attribute name="ProportionalH" value="3.500000" />
  <attribute name="Current Error" value="7.000000" />
  <attribute name="IntegralT" value="10.500000" />
  <attribute name="IntegralI" value="10.500000" />
  <attribute name="IntegralH" value="10.500000" />
  <attribute name="DerivativeT" value="0.666667" />
  <attribute name="DerivativeI" value="0.666667" />
  <attribute name="DerivativeH" value="0.666667" />
  <attribute name="Loop Time for DT" value="3.000000" />
  <attribute name="Output H" value="8388608"/>
  <attribute name="Output I" value="200"/>
  <attribute name="Output T" value="4"/>
  <attribute name="Target GC Util Change" value ="20.000000" />
  <attribute name="Current GC Util Change" value="27.000000"/>
  <attribute name="GC Util currently" value="27" />
  <attribute name="CPU Util currently" value="1797851859516" />
<allocation-satisfied id="4929" threadId="0000000002213700" bytesRequested="1168" />
<af-end id="4930" timestamp="2019-06-16T21:31:02.694" threadId="0000000002214088" success="true" from="nursery"/>
<exclusive-end id="4931" timestamp="2019-06-16T21:31:02.694" durationms="1.262" />

<exclusive-start id="4932" timestamp="2019-06-16T21:31:02.696" intervalms="3.459">
  <response-info timems="0.029" idlems="0.029" threads="0" lastid="0000000002213700" lastname="main" />
</exclusive-start>
<af-start id="4933" threadId="0000000002214088" totalBytesRequested="1168" timestamp="2019-06-16T21:31:02.696" intervalms="3.513" type="nursery" />
<cycle-start id="4934" type="scavenge" contextid="0" timestamp="2019-06-16T21:31:02.696" intervalms="3.529" />
<gc-start id="4935" type="scavenge" contextid="4934" timestamp="2019-06-16T21:31:02.696">
  <mem-info id="4936" free="2045275560" total="2092630016" percent="97">
    <mem type="nursery" free="0" total="3932160" percent="0">
      <mem type="allocate" free="0" total="3538944" percent="0" />
      <mem type="survivor" free="0" total="393216" percent="0" />
    </mem>
    <mem type="tenure" free="2045275560" total="2088697856" percent="97">
      <mem type="soa" free="1919954344" total="1963376640" percent="97" />
      <mem type="loa" free="125321216" total="125321216" percent="100" />
    </mem>
    <remembered-set count="107" />
  </mem-info>
</gc-start>
<allocation-stats totalBytes="3449656" >
  <allocated-bytes non-tlh="1168" tlh="3448488" />
  <largest-consumer threadName="main" threadId="0000000002213700" bytes="3449656" />
</allocation-stats>
<gc-op id="4937" type="scavenge" timems="0.170" contextid="4934" timestamp="2019-06-16T21:31:02.697">
  <scavenger-info tenureage="9" tenuremask="fe00" tiltratio="90" />
  <memory-copied type="nursery" objects="28" bytes="1960" bytesdiscarded="37208" />
</gc-op>
<gc-end id="4938" type="scavenge" contextid="4934" durationms="0.701" usertimems="0.000" systemtimems="0.000" timestamp="2019-06-16T21:31:02.697" activeThreads="1">
  <mem-info id="4939" free="2048775336" total="2092630016" percent="97">
    <mem type="nursery" free="3499776" total="3932160" percent="89">
      <mem type="allocate" free="3499776" total="3538944" percent="98" />
      <mem type="survivor" free="0" total="393216" percent="0" />
    </mem>
    <mem type="tenure" free="2045275560" total="2088697856" percent="97" macro-fragmented="200008">
      <mem type="soa" free="1919954344" total="1963376640" percent="97" />
      <mem type="loa" free="125321216" total="125321216" percent="100" />
    </mem>
    <remembered-set count="107" />
  </mem-info>
</gc-end>
<cycle-end id="4940" type="scavenge" contextid="4934" timestamp="2019-06-16T21:31:02.697" />
  <attribute name="elasticGC enabled" value="1" />
  <attribute name= "numThreadsSpecified" value="1" />
  <attribute name="heapSize specified" value="9371648" />
  <attribute name="Current GC Util" value="21" />
  <attribute name= "Current Time Running" value="48662" />
  <attribute name ="GC Interval" value="200" />
  <attribute name="ProportionalT" value="0.500000" />
  <attribute name="ProportionalI" value="0.500000" />
  <attribute name="ProportionalH" value="0.500000" />
  <attribute name="Current Error" value="1.000000" />
  <attribute name="IntegralT" value="1.500000" />
  <attribute name="IntegralI" value="1.500000" />
  <attribute name="IntegralH" value="1.500000" />
  <attribute name="DerivativeT" value="-2.000000" />
  <attribute name="DerivativeI" value="-2.000000" />
  <attribute name="DerivativeH" value="-2.000000" />
  <attribute name="Loop Time for DT" value="3.000000" />
  <attribute name="Output H" value="8388608"/>
  <attribute name="Output I" value="200"/>
  <attribute name="Output T" value="1"/>
  <attribute name="Target GC Util Change" value ="20.000000" />
  <attribute name="Current GC Util Change" value="21.000000"/>
  <attribute name="GC Util currently" value="21" />
  <attribute name="CPU Util currently" value="1304425274350" />
<allocation-satisfied id="4941" threadId="0000000002213700" bytesRequested="1168" />
<af-end id="4942" timestamp="2019-06-16T21:31:02.697" threadId="0000000002214088" success="true" from="nursery"/>
<exclusive-end id="4943" timestamp="2019-06-16T21:31:02.697" durationms="1.266" />

<exclusive-start id="4944" timestamp="2019-06-16T21:31:02.700" intervalms="3.397">
  <response-info timems="0.034" idlems="0.034" threads="0" lastid="0000000002213700" lastname="main" />
</exclusive-start>
<af-start id="4945" threadId="0000000002214088" totalBytesRequested="1168" timestamp="2019-06-16T21:31:02.700" intervalms="3.382" type="nursery" />
<cycle-start id="4946" type="scavenge" contextid="0" timestamp="2019-06-16T21:31:02.700" intervalms="3.364" />
<gc-start id="4947" type="scavenge" contextid="4946" timestamp="2019-06-16T21:31:02.700">
  <mem-info id="4948" free="2045275560" total="2092630016" percent="97">
    <mem type="nursery" free="0" total="3932160" percent="0">
      <mem type="allocate" free="0" total="3538944" percent="0" />
      <mem type="survivor" free="0" total="393216" percent="0" />
    </mem>
    <mem type="tenure" free="2045275560" total="2088697856" percent="97">
      <mem type="soa" free="1919954344" total="1963376640" percent="97" />
      <mem type="loa" free="125321216" total="125321216" percent="100" />
    </mem>
    <remembered-set count="107" />
  </mem-info>
</gc-start>
<allocation-stats totalBytes="3478200" >
  <allocated-bytes non-tlh="1168" tlh="3477032" />
  <largest-consumer threadName="main" threadId="0000000002213700" bytes="3478200" />
</allocation-stats>
<gc-op id="4949" type="scavenge" timems="0.201" contextid="4946" timestamp="2019-06-16T21:31:02.700">
  <scavenger-info tenureage="3" tenuremask="fff8" tiltratio="90" />
  <memory-copied type="nursery" objects="28" bytes="1960" bytesdiscarded="76376" />
</gc-op>
<gc-end id="4950" type="scavenge" contextid="4946" durationms="0.728" usertimems="4.000" systemtimems="0.000" timestamp="2019-06-16T21:31:02.701" activeThreads="4">
  <mem-info id="4951" free="2048736168" total="2092630016" percent="97">
    <mem type="nursery" free="3460608" total="3932160" percent="88">
      <mem type="allocate" free="3460608" total="3538944" percent="97" />
      <mem type="survivor" free="0" total="393216" percent="0" />
    </mem>
    <mem type="tenure" free="2045275560" total="2088697856" percent="97" macro-fragmented="242284">
      <mem type="soa" free="1919954344" total="1963376640" percent="97" />
      <mem type="loa" free="125321216" total="125321216" percent="100" />
    </mem>
    <remembered-set count="97" />
  </mem-info>
</gc-end>
<cycle-end id="4952" type="scavenge" contextid="4946" timestamp="2019-06-16T21:31:02.701" />
  <attribute name="elasticGC enabled" value="1" />
  <attribute name= "numThreadsSpecified" value="4" />
  <attribute name="heapSize specified" value="9371648" />
  <attribute name="Current GC Util" value="17" />
  <attribute name= "Current Time Running" value="48666" />
  <attribute name ="GC Interval" value="200" />
  <attribute name="ProportionalT" value="-1.500000" />
  <attribute name="ProportionalI" value="-1.500000" />
  <attribute name="ProportionalH" value="-1.500000" />
  <attribute name="Current Error" value="-3.000000" />
  <attribute name="IntegralT" value="-6.000000" />
  <attribute name="IntegralI" value="-6.000000" />
  <attribute name="IntegralH" value="-6.000000" />
  <attribute name="DerivativeT" value="-1.000000" />
  <attribute name="DerivativeI" value="-1.000000" />
  <attribute name="DerivativeH" value="-1.000000" />
  <attribute name="Loop Time for DT" value="4.000000" />
  <attribute name="Output H" value="2092630016"/>
  <attribute name="Output I" value="200"/>
  <attribute name="Output T" value="4"/>
  <attribute name="Target GC Util Change" value ="20.000000" />
  <attribute name="Current GC Util Change" value="17.000000"/>
  <attribute name="GC Util currently" value="17" />
  <attribute name="CPU Util currently" value="1370581079010" />
<allocation-satisfied id="4953" threadId="0000000002213700" bytesRequested="1168" />
<af-end id="4954" timestamp="2019-06-16T21:31:02.701" threadId="0000000002214088" success="true" from="nursery"/>
<exclusive-end id="4955" timestamp="2019-06-16T21:31:02.701" durationms="1.332" />

<exclusive-start id="4956" timestamp="2019-06-16T21:31:02.703" intervalms="3.452">
  <response-info timems="0.086" idlems="0.086" threads="0" lastid="0000000002213700" lastname="main" />
</exclusive-start>
<af-start id="4957" threadId="0000000002214088" totalBytesRequested="1168" timestamp="2019-06-16T21:31:02.703" intervalms="3.427" type="nursery" />
<cycle-start id="4958" type="scavenge" contextid="0" timestamp="2019-06-16T21:31:02.703" intervalms="3.429" />
<gc-start id="4959" type="scavenge" contextid="4958" timestamp="2019-06-16T21:31:02.703">
  <mem-info id="4960" free="2045275560" total="2092630016" percent="97">
    <mem type="nursery" free="0" total="3932160" percent="0">
      <mem type="allocate" free="0" total="3538944" percent="0" />
      <mem type="survivor" free="0" total="393216" percent="0" />
    </mem>
    <mem type="tenure" free="2045275560" total="2088697856" percent="97">
      <mem type="soa" free="1919954344" total="1963376640" percent="97" />
      <mem type="loa" free="125321216" total="125321216" percent="100" />
    </mem>
    <remembered-set count="97" />
  </mem-info>
</gc-start>
<allocation-stats totalBytes="3438520" >
  <allocated-bytes non-tlh="1168" tlh="3437352" />
  <largest-consumer threadName="main" threadId="0000000002213700" bytes="3438520" />
</allocation-stats>
<gc-op id="4961" type="scavenge" timems="0.203" contextid="4958" timestamp="2019-06-16T21:31:02.704">
  <scavenger-info tenureage="3" tenuremask="fff8" tiltratio="90" />
  <memory-copied type="nursery" objects="28" bytes="1960" bytesdiscarded="76376" />
</gc-op>
<gc-end id="4962" type="scavenge" contextid="4958" durationms="0.732" usertimems="0.000" systemtimems="0.000" timestamp="2019-06-16T21:31:02.704" activeThreads="4">
  <mem-info id="4963" free="2048736168" total="2092630016" percent="97">
    <mem type="nursery" free="3460608" total="3932160" percent="88">
      <mem type="allocate" free="3460608" total="3538944" percent="97" />
      <mem type="survivor" free="0" total="393216" percent="0" />
    </mem>
    <mem type="tenure" free="2045275560" total="2088697856" percent="97" macro-fragmented="4479464">
      <mem type="soa" free="1919954344" total="1963376640" percent="97" />
      <mem type="loa" free="125321216" total="125321216" percent="100" />
    </mem>
    <remembered-set count="97" />
  </mem-info>
</gc-end>
<cycle-end id="4964" type="scavenge" contextid="4958" timestamp="2019-06-16T21:31:02.704" />
  <attribute name="elasticGC enabled" value="1" />
  <attribute name= "numThreadsSpecified" value="4" />
  <attribute name="heapSize specified" value="9371648" />
  <attribute name="Current GC Util" value="22" />
  <attribute name= "Current Time Running" value="48669" />
  <attribute name ="GC Interval" value="200" />
  <attribute name="ProportionalT" value="1.000000" />
  <attribute name="ProportionalI" value="1.000000" />
  <attribute name="ProportionalH" value="1.000000" />
  <attribute name="Current Error" value="2.000000" />
  <attribute name="IntegralT" value="3.000000" />
  <attribute name="IntegralI" value="3.000000" />
  <attribute name="IntegralH" value="3.000000" />
  <attribute name="DerivativeT" value="0.666667" />
  <attribute name="DerivativeI" value="0.666667" />
  <attribute name="DerivativeH" value="0.666667" />
  <attribute name="Loop Time for DT" value="3.000000" />
  <attribute name="Output H" value="8388608"/>
  <attribute name="Output I" value="200"/>
  <attribute name="Output T" value="4"/>
  <attribute name="Target GC Util Change" value ="20.000000" />
  <attribute name="Current GC Util Change" value="22.000000"/>
  <attribute name="GC Util currently" value="22" />
  <attribute name="CPU Util currently" value="1342503457854" />
<allocation-satisfied id="4965" threadId="0000000002213700" bytesRequested="1168" />
<af-end id="4966" timestamp="2019-06-16T21:31:02.704" threadId="0000000002214088" success="true" from="nursery"/>
<exclusive-end id="4967" timestamp="2019-06-16T21:31:02.704" durationms="1.221" />

<exclusive-start id="4968" timestamp="2019-06-16T21:31:02.706" intervalms="3.222">
  <response-info timems="0.030" idlems="0.030" threads="0" lastid="0000000002213700" lastname="main" />
</exclusive-start>
<af-start id="4969" threadId="0000000002214088" totalBytesRequested="1168" timestamp="2019-06-16T21:31:02.706" intervalms="3.234" type="nursery" />
<cycle-start id="4970" type="scavenge" contextid="0" timestamp="2019-06-16T21:31:02.706" intervalms="3.236" />
<gc-start id="4971" type="scavenge" contextid="4970" timestamp="2019-06-16T21:31:02.706">
  <mem-info id="4972" free="2045275560" total="2092630016" percent="97">
    <mem type="nursery" free="0" total="3932160" percent="0">
      <mem type="allocate" free="0" total="3538944" percent="0" />
      <mem type="survivor" free="0" total="393216" percent="0" />
    </mem>
    <mem type="tenure" free="2045275560" total="2088697856" percent="97">
      <mem type="soa" free="1919954344" total="1963376640" percent="97" />
      <mem type="loa" free="125321216" total="125321216" percent="100" />
    </mem>
    <remembered-set count="97" />
  </mem-info>
</gc-start>
<allocation-stats totalBytes="3438520" >
  <allocated-bytes non-tlh="1168" tlh="3437352" />
  <largest-consumer threadName="main" threadId="0000000002213700" bytes="3438520" />
</allocation-stats>
<gc-op id="4973" type="scavenge" timems="0.227" contextid="4970" timestamp="2019-06-16T21:31:02.707">
  <scavenger-info tenureage="3" tenuremask="fff8" tiltratio="90" />
  <memory-copied type="nursery" objects="1" bytes="40" bytesdiscarded="39128" />
  <memory-copied type="tenure" objects="27" bytes="1920" bytesdiscarded="0" />
</gc-op>
<gc-end id="4974" type="scavenge" contextid="4970" durationms="0.759" usertimems="0.000" systemtimems="0.000" timestamp="2019-06-16T21:31:02.707" activeThreads="4">
  <mem-info id="4975" free="2048775336" total="2092630016" percent="97">
    <mem type="nursery" free="3499776" total="3932160" percent="89">
      <mem type="allocate" free="3499776" total="3538944" percent="98" />
      <mem type="survivor" free="0" total="393216" percent="0" />
    </mem>
    <mem type="tenure" free="2045275560" total="2088697856" percent="97" macro-fragmented="0">
      <mem type="soa" free="1919954344" total="1963376640" percent="97" />
      <mem type="loa" free="125321216" total="125321216" percent="100" />
    </mem>
    <remembered-set count="101" />
  </mem-info>
</gc-end>
<cycle-end id="4976" type="scavenge" contextid="4970" timestamp="2019-06-16T21:31:02.707" />
  <attribute name="elasticGC enabled" value="1" />
  <attribute name= "numThreadsSpecified" value="4" />
  <attribute name="heapSize specified" value="9371648" />
  <attribute name="Current GC Util" value="23" />
  <attribute name= "Current Time Running" value="48672" />
  <attribute name ="GC Interval" value="200" />
  <attribute name="ProportionalT" value="1.500000" />
  <attribute name="ProportionalI" value="1.500000" />
  <attribute name="ProportionalH" value="1.500000" />
  <attribute name="Current Error" value="3.000000" />
  <attribute name="IntegralT" value="4.500000" />
  <attribute name="IntegralI" value="4.500000" />
  <attribute name="IntegralH" value="4.500000" />
  <attribute name="DerivativeT" value="0.333333" />
  <attribute name="DerivativeI" value="0.333333" />
  <attribute name="DerivativeH" value="0.333333" />
  <attribute name="Loop Time for DT" value="3.000000" />
  <attribute name="Output H" value="8388608"/>
  <attribute name="Output I" value="200"/>
  <attribute name="Output T" value="4"/>
  <attribute name="Target GC Util Change" value ="20.000000" />
  <attribute name="Current GC Util Change" value="23.000000"/>
  <attribute name="GC Util currently" value="23" />
  <attribute name="CPU Util currently" value="1420399829026" />
<allocation-satisfied id="4977" threadId="0000000002213700" bytesRequested="1168" />
<af-end id="4978" timestamp="2019-06-16T21:31:02.707" threadId="0000000002214088" success="true" from="nursery"/>
<exclusive-end id="4979" timestamp="2019-06-16T21:31:02.708" durationms="1.264" />

<exclusive-start id="4980" timestamp="2019-06-16T21:31:02.710" intervalms="3.303">
  <response-info timems="0.030" idlems="0.030" threads="0" lastid="0000000002213700" lastname="main" />
</exclusive-start>
<af-start id="4981" threadId="0000000002214088" totalBytesRequested="1168" timestamp="2019-06-16T21:31:02.710" intervalms="3.289" type="nursery" />
<cycle-start id="4982" type="scavenge" contextid="0" timestamp="2019-06-16T21:31:02.710" intervalms="3.286" />
<gc-start id="4983" type="scavenge" contextid="4982" timestamp="2019-06-16T21:31:02.710">
  <mem-info id="4984" free="2045275560" total="2092630016" percent="97">
    <mem type="nursery" free="0" total="3932160" percent="0">
      <mem type="allocate" free="0" total="3538944" percent="0" />
      <mem type="survivor" free="0" total="393216" percent="0" />
    </mem>
    <mem type="tenure" free="2045275560" total="2088697856" percent="97">
      <mem type="soa" free="1919954344" total="1963376640" percent="97" />
      <mem type="loa" free="125321216" total="125321216" percent="100" />
    </mem>
    <remembered-set count="102" />
  </mem-info>
</gc-start>
<allocation-stats totalBytes="3478200" >
  <allocated-bytes non-tlh="1168" tlh="3477032" />
  <largest-consumer threadName="main" threadId="0000000002213700" bytes="3478200" />
</allocation-stats>
<gc-op id="4985" type="scavenge" timems="0.190" contextid="4982" timestamp="2019-06-16T21:31:02.710">
  <scavenger-info tenureage="3" tenuremask="ffe8" tiltratio="90" />
  <memory-copied type="nursery" objects="1" bytes="40" bytesdiscarded="39128" />
</gc-op>
<gc-end id="4986" type="scavenge" contextid="4982" durationms="0.715" usertimems="4.000" systemtimems="0.000" timestamp="2019-06-16T21:31:02.710" activeThreads="4">
  <mem-info id="4987" free="2048775336" total="2092630016" percent="97">
    <mem type="nursery" free="3499776" total="3932160" percent="89">
      <mem type="allocate" free="3499776" total="3538944" percent="98" />
      <mem type="survivor" free="0" total="393216" percent="0" />
    </mem>
    <mem type="tenure" free="2045275560" total="2088697856" percent="97" macro-fragmented="0">
      <mem type="soa" free="1919954344" total="1963376640" percent="97" />
      <mem type="loa" free="125321216" total="125321216" percent="100" />
    </mem>
    <remembered-set count="101" />
  </mem-info>
</gc-end>
<cycle-end id="4988" type="scavenge" contextid="4982" timestamp="2019-06-16T21:31:02.711" />
  <attribute name="elasticGC enabled" value="1" />
  <attribute name= "numThreadsSpecified" value="4" />
  <attribute name="heapSize specified" value="9371648" />
  <attribute name="Current GC Util" value="25" />
  <attribute name= "Current Time Running" value="48676" />
  <attribute name ="GC Interval" value="200" />
  <attribute name="ProportionalT" value="2.500000" />
  <attribute name="ProportionalI" value="2.500000" />
  <attribute name="ProportionalH" value="2.500000" />
  <attribute name="Current Error" value="5.000000" />
  <attribute name="IntegralT" value="10.000000" />
  <attribute name="IntegralI" value="10.000000" />
  <attribute name="IntegralH" value="10.000000" />
  <attribute name="DerivativeT" value="0.500000" />
  <attribute name="DerivativeI" value="0.500000" />
  <attribute name="DerivativeH" value="0.500000" />
  <attribute name="Loop Time for DT" value="4.000000" />
  <attribute name="Output H" value="8388608"/>
  <attribute name="Output I" value="200"/>
  <attribute name="Output T" value="4"/>
  <attribute name="Target GC Util Change" value ="20.000000" />
  <attribute name="Current GC Util Change" value="25.000000"/>
  <attribute name="GC Util currently" value="25" />
  <attribute name="CPU Util currently" value="1404350428679" />
<allocation-satisfied id="4989" threadId="0000000002213700" bytesRequested="1168" />
<af-end id="4990" timestamp="2019-06-16T21:31:02.711" threadId="0000000002214088" success="true" from="nursery"/>
<exclusive-end id="4991" timestamp="2019-06-16T21:31:02.711" durationms="1.203" />

<exclusive-start id="4992" timestamp="2019-06-16T21:31:02.713" intervalms="3.177">
  <response-info timems="0.034" idlems="0.034" threads="0" lastid="0000000002213700" lastname="main" />
</exclusive-start>
<af-start id="4993" threadId="0000000002214088" totalBytesRequested="1168" timestamp="2019-06-16T21:31:02.713" intervalms="3.171" type="nursery" />
<cycle-start id="4994" type="scavenge" contextid="0" timestamp="2019-06-16T21:31:02.713" intervalms="3.170" />
<gc-start id="4995" type="scavenge" contextid="4994" timestamp="2019-06-16T21:31:02.713">
  <mem-info id="4996" free="2045275560" total="2092630016" percent="97">
    <mem type="nursery" free="0" total="3932160" percent="0">
      <mem type="allocate" free="0" total="3538944" percent="0" />
      <mem type="survivor" free="0" total="393216" percent="0" />
    </mem>
    <mem type="tenure" free="2045275560" total="2088697856" percent="97">
      <mem type="soa" free="1919954344" total="1963376640" percent="97" />
      <mem type="loa" free="125321216" total="125321216" percent="100" />
    </mem>
    <remembered-set count="102" />
  </mem-info>
</gc-start>
<allocation-stats totalBytes="3478200" >
  <allocated-bytes non-tlh="1168" tlh="3477032" />
  <largest-consumer threadName="main" threadId="0000000002213700" bytes="3478200" />
</allocation-stats>
<gc-op id="4997" type="scavenge" timems="0.209" contextid="4994" timestamp="2019-06-16T21:31:02.713">
  <scavenger-info tenureage="3" tenuremask="fff8" tiltratio="90" />
  <memory-copied type="nursery" objects="1" bytes="40" bytesdiscarded="39128" />
</gc-op>
<gc-end id="4998" type="scavenge" contextid="4994" durationms="0.730" usertimems="4.000" systemtimems="0.000" timestamp="2019-06-16T21:31:02.714" activeThreads="4">
  <mem-info id="4999" free="2048775336" total="2092630016" percent="97">
    <mem type="nursery" free="3499776" total="3932160" percent="89">
      <mem type="allocate" free="3499776" total="3538944" percent="98" />
      <mem type="survivor" free="0" total="393216" percent="0" />
    </mem>
    <mem type="tenure" free="2045275560" total="2088697856" percent="97" macro-fragmented="0">
      <mem type="soa" free="1919954344" total="1963376640" percent="97" />
      <mem type="loa" free="125321216" total="125321216" percent="100" />
    </mem>
    <remembered-set count="101" />
  </mem-info>
</gc-end>
<cycle-end id="5000" type="scavenge" contextid="4994" timestamp="2019-06-16T21:31:02.714" />
  <attribute name="elasticGC enabled" value="1" />
  <attribute name= "numThreadsSpecified" value="4" />
  <attribute name="heapSize specified" value="9371648" />
  <attribute name="Current GC Util" value="23" />
  <attribute name= "Current Time Running" value="48679" />
  <attribute name ="GC Interval" value="200" />
  <attribute name="ProportionalT" value="1.500000" />
  <attribute name="ProportionalI" value="1.500000" />
  <attribute name="ProportionalH" value="1.500000" />
  <attribute name="Current Error" value="3.000000" />
  <attribute name="IntegralT" value="4.500000" />
  <attribute name="IntegralI" value="4.500000" />
  <attribute name="IntegralH" value="4.500000" />
  <attribute name="DerivativeT" value="-0.666667" />
  <attribute name="DerivativeI" value="-0.666667" />
  <attribute name="DerivativeH" value="-0.666667" />
  <attribute name="Loop Time for DT" value="3.000000" />
  <attribute name="Output H" value="8388608"/>
  <attribute name="Output I" value="200"/>
  <attribute name="Output T" value="4"/>
  <attribute name="Target GC Util Change" value ="20.000000" />
  <attribute name="Current GC Util Change" value="23.000000"/>
  <attribute name="GC Util currently" value="23" />
  <attribute name="CPU Util currently" value="1461032875288" />
<allocation-satisfied id="5001" threadId="0000000002213700" bytesRequested="1168" />
<af-end id="5002" timestamp="2019-06-16T21:31:02.714" threadId="0000000002214088" success="true" from="nursery"/>
<exclusive-end id="5003" timestamp="2019-06-16T21:31:02.714" durationms="1.200" />

<exclusive-start id="5004" timestamp="2019-06-16T21:31:02.716" intervalms="3.163">
  <response-info timems="0.029" idlems="0.029" threads="0" lastid="0000000002213700" lastname="main" />
</exclusive-start>
<af-start id="5005" threadId="0000000002214088" totalBytesRequested="1168" timestamp="2019-06-16T21:31:02.716" intervalms="3.159" type="nursery" />
<cycle-start id="5006" type="scavenge" contextid="0" timestamp="2019-06-16T21:31:02.716" intervalms="3.158" />
<gc-start id="5007" type="scavenge" contextid="5006" timestamp="2019-06-16T21:31:02.716">
  <mem-info id="5008" free="2045275560" total="2092630016" percent="97">
    <mem type="nursery" free="0" total="3932160" percent="0">
      <mem type="allocate" free="0" total="3538944" percent="0" />
      <mem type="survivor" free="0" total="393216" percent="0" />
    </mem>
    <mem type="tenure" free="2045275560" total="2088697856" percent="97">
      <mem type="soa" free="1919954344" total="1963376640" percent="97" />
      <mem type="loa" free="125321216" total="125321216" percent="100" />
    </mem>
    <remembered-set count="102" />
  </mem-info>
</gc-start>
<allocation-stats totalBytes="3478200" >
  <allocated-bytes non-tlh="1168" tlh="3477032" />
  <largest-consumer threadName="main" threadId="0000000002213700" bytes="3478200" />
</allocation-stats>
<gc-op id="5009" type="scavenge" timems="0.170" contextid="5006" timestamp="2019-06-16T21:31:02.716">
  <scavenger-info tenureage="3" tenuremask="fff8" tiltratio="90" />
  <memory-copied type="nursery" objects="1" bytes="40" bytesdiscarded="39128" />
</gc-op>
<gc-end id="5010" type="scavenge" contextid="5006" durationms="0.684" usertimems="4.000" systemtimems="0.000" timestamp="2019-06-16T21:31:02.717" activeThreads="4">
  <mem-info id="5011" free="2048775336" total="2092630016" percent="97">
    <mem type="nursery" free="3499776" total="3932160" percent="89">
      <mem type="allocate" free="3499776" total="3538944" percent="98" />
      <mem type="survivor" free="0" total="393216" percent="0" />
    </mem>
    <mem type="tenure" free="2045275560" total="2088697856" percent="97" macro-fragmented="0">
      <mem type="soa" free="1919954344" total="1963376640" percent="97" />
      <mem type="loa" free="125321216" total="125321216" percent="100" />
    </mem>
    <remembered-set count="101" />
  </mem-info>
</gc-end>
<cycle-end id="5012" type="scavenge" contextid="5006" timestamp="2019-06-16T21:31:02.717" />
  <attribute name="elasticGC enabled" value="1" />
  <attribute name= "numThreadsSpecified" value="4" />
  <attribute name="heapSize specified" value="9371648" />
  <attribute name="Current GC Util" value="23" />
  <attribute name= "Current Time Running" value="48682" />
  <attribute name ="GC Interval" value="200" />
  <attribute name="ProportionalT" value="1.500000" />
  <attribute name="ProportionalI" value="1.500000" />
  <attribute name="ProportionalH" value="1.500000" />
  <attribute name="Current Error" value="3.000000" />
  <attribute name="IntegralT" value="4.500000" />
  <attribute name="IntegralI" value="4.500000" />
  <attribute name="IntegralH" value="4.500000" />
  <attribute name="DerivativeT" value="0.000000" />
  <attribute name="DerivativeI" value="0.000000" />
  <attribute name="DerivativeH" value="0.000000" />
  <attribute name="Loop Time for DT" value="3.000000" />
  <attribute name="Output H" value="8388608"/>
  <attribute name="Output I" value="200"/>
  <attribute name="Output T" value="4"/>
  <attribute name="Target GC Util Change" value ="20.000000" />
  <attribute name="Current GC Util Change" value="23.000000"/>
  <attribute name="GC Util currently" value="23" />
  <attribute name="CPU Util currently" value="1462085276456" />
<allocation-satisfied id="5013" threadId="0000000002213700" bytesRequested="1168" />
<af-end id="5014" timestamp="2019-06-16T21:31:02.717" threadId="0000000002214088" success="true" from="nursery"/>
<exclusive-end id="5015" timestamp="2019-06-16T21:31:02.717" durationms="1.140" />

<exclusive-start id="5016" timestamp="2019-06-16T21:31:02.719" intervalms="3.182">
  <response-info timems="0.105" idlems="0.105" threads="0" lastid="0000000002213700" lastname="main" />
</exclusive-start>
<af-start id="5017" threadId="0000000002214088" totalBytesRequested="1168" timestamp="2019-06-16T21:31:02.719" intervalms="3.190" type="nursery" />
<cycle-start id="5018" type="scavenge" contextid="0" timestamp="2019-06-16T21:31:02.719" intervalms="3.191" />
<gc-start id="5019" type="scavenge" contextid="5018" timestamp="2019-06-16T21:31:02.719">
  <mem-info id="5020" free="2045275560" total="2092630016" percent="97">
    <mem type="nursery" free="0" total="3932160" percent="0">
      <mem type="allocate" free="0" total="3538944" percent="0" />
      <mem type="survivor" free="0" total="393216" percent="0" />
    </mem>
    <mem type="tenure" free="2045275560" total="2088697856" percent="97">
      <mem type="soa" free="1919954344" total="1963376640" percent="97" />
      <mem type="loa" free="125321216" total="125321216" percent="100" />
    </mem>
    <remembered-set count="102" />
  </mem-info>
</gc-start>
<allocation-stats totalBytes="3478200" >
  <allocated-bytes non-tlh="1168" tlh="3477032" />
  <largest-consumer threadName="main" threadId="0000000002213700" bytes="3478200" />
</allocation-stats>
<gc-op id="5021" type="scavenge" timems="0.185" contextid="5018" timestamp="2019-06-16T21:31:02.720">
  <scavenger-info tenureage="3" tenuremask="fff8" tiltratio="90" />
  <memory-copied type="nursery" objects="1" bytes="40" bytesdiscarded="39128" />
</gc-op>
<gc-end id="5022" type="scavenge" contextid="5018" durationms="0.703" usertimems="0.000" systemtimems="0.000" timestamp="2019-06-16T21:31:02.720" activeThreads="4">
  <mem-info id="5023" free="2048775336" total="2092630016" percent="97">
    <mem type="nursery" free="3499776" total="3932160" percent="89">
      <mem type="allocate" free="3499776" total="3538944" percent="98" />
      <mem type="survivor" free="0" total="393216" percent="0" />
    </mem>
    <mem type="tenure" free="2045275560" total="2088697856" percent="97" macro-fragmented="0">
      <mem type="soa" free="1919954344" total="1963376640" percent="97" />
      <mem type="loa" free="125321216" total="125321216" percent="100" />
    </mem>
    <remembered-set count="101" />
  </mem-info>
</gc-end>
<cycle-end id="5024" type="scavenge" contextid="5018" timestamp="2019-06-16T21:31:02.720" />
  <attribute name="elasticGC enabled" value="1" />
  <attribute name= "numThreadsSpecified" value="4" />
  <attribute name="heapSize specified" value="9371648" />
  <attribute name="Current GC Util" value="21" />
  <attribute name= "Current Time Running" value="48685" />
  <attribute name ="GC Interval" value="200" />
  <attribute name="ProportionalT" value="0.500000" />
  <attribute name="ProportionalI" value="0.500000" />
  <attribute name="ProportionalH" value="0.500000" />
  <attribute name="Current Error" value="1.000000" />
  <attribute name="IntegralT" value="1.500000" />
  <attribute name="IntegralI" value="1.500000" />
  <attribute name="IntegralH" value="1.500000" />
  <attribute name="DerivativeT" value="-0.666667" />
  <attribute name="DerivativeI" value="-0.666667" />
  <attribute name="DerivativeH" value="-0.666667" />
  <attribute name="Loop Time for DT" value="3.000000" />
  <attribute name="Output H" value="8388608"/>
  <attribute name="Output I" value="200"/>
  <attribute name="Output T" value="4"/>
  <attribute name="Target GC Util Change" value ="20.000000" />
  <attribute name="Current GC Util Change" value="21.000000"/>
  <attribute name="GC Util currently" value="21" />
  <attribute name="CPU Util currently" value="1441913831845" />
<allocation-satisfied id="5025" threadId="0000000002213700" bytesRequested="1168" />
<af-end id="5026" timestamp="2019-06-16T21:31:02.720" threadId="0000000002214088" success="true" from="nursery"/>
<exclusive-end id="5027" timestamp="2019-06-16T21:31:02.720" durationms="1.177" />

<exclusive-start id="5028" timestamp="2019-06-16T21:31:02.722" intervalms="3.288">
  <response-info timems="0.103" idlems="0.103" threads="0" lastid="0000000002213700" lastname="main" />
</exclusive-start>
<af-start id="5029" threadId="0000000002214088" totalBytesRequested="1168" timestamp="2019-06-16T21:31:02.722" intervalms="3.282" type="nursery" />
<cycle-start id="5030" type="scavenge" contextid="0" timestamp="2019-06-16T21:31:02.722" intervalms="3.282" />
<gc-start id="5031" type="scavenge" contextid="5030" timestamp="2019-06-16T21:31:02.723">
  <mem-info id="5032" free="2045275560" total="2092630016" percent="97">
    <mem type="nursery" free="0" total="3932160" percent="0">
      <mem type="allocate" free="0" total="3538944" percent="0" />
      <mem type="survivor" free="0" total="393216" percent="0" />
    </mem>
    <mem type="tenure" free="2045275560" total="2088697856" percent="97">
      <mem type="soa" free="1919954344" total="1963376640" percent="97" />
      <mem type="loa" free="125321216" total="125321216" percent="100" />
    </mem>
    <remembered-set count="102" />
  </mem-info>
</gc-start>
<allocation-stats totalBytes="3478200" >
  <allocated-bytes non-tlh="1168" tlh="3477032" />
  <largest-consumer threadName="main" threadId="0000000002213700" bytes="3478200" />
</allocation-stats>
<gc-op id="5033" type="scavenge" timems="0.181" contextid="5030" timestamp="2019-06-16T21:31:02.723">
  <scavenger-info tenureage="3" tenuremask="fff8" tiltratio="90" />
  <memory-copied type="nursery" objects="1" bytes="40" bytesdiscarded="39128" />
</gc-op>
<gc-end id="5034" type="scavenge" contextid="5030" durationms="0.695" usertimems="4.000" systemtimems="0.000" timestamp="2019-06-16T21:31:02.723" activeThreads="4">
  <mem-info id="5035" free="2048775336" total="2092630016" percent="97">
    <mem type="nursery" free="3499776" total="3932160" percent="89">
      <mem type="allocate" free="3499776" total="3538944" percent="98" />
      <mem type="survivor" free="0" total="393216" percent="0" />
    </mem>
    <mem type="tenure" free="2045275560" total="2088697856" percent="97" macro-fragmented="0">
      <mem type="soa" free="1919954344" total="1963376640" percent="97" />
      <mem type="loa" free="125321216" total="125321216" percent="100" />
    </mem>
    <remembered-set count="101" />
  </mem-info>
</gc-end>
<cycle-end id="5036" type="scavenge" contextid="5030" timestamp="2019-06-16T21:31:02.723" />
  <attribute name="elasticGC enabled" value="1" />
  <attribute name= "numThreadsSpecified" value="4" />
  <attribute name="heapSize specified" value="9371648" />
  <attribute name="Current GC Util" value="21" />
  <attribute name= "Current Time Running" value="48689" />
  <attribute name ="GC Interval" value="200" />
  <attribute name="ProportionalT" value="0.500000" />
  <attribute name="ProportionalI" value="0.500000" />
  <attribute name="ProportionalH" value="0.500000" />
  <attribute name="Current Error" value="1.000000" />
  <attribute name="IntegralT" value="2.000000" />
  <attribute name="IntegralI" value="2.000000" />
  <attribute name="IntegralH" value="2.000000" />
  <attribute name="DerivativeT" value="0.000000" />
  <attribute name="DerivativeI" value="0.000000" />
  <attribute name="DerivativeH" value="0.000000" />
  <attribute name="Loop Time for DT" value="4.000000" />
  <attribute name="Output H" value="8388608"/>
  <attribute name="Output I" value="200"/>
  <attribute name="Output T" value="4"/>
  <attribute name="Target GC Util Change" value ="20.000000" />
  <attribute name="Current GC Util Change" value="21.000000"/>
  <attribute name="GC Util currently" value="21" />
  <attribute name="CPU Util currently" value="1405995823676" />
<allocation-satisfied id="5037" threadId="0000000002213700" bytesRequested="1168" />
<af-end id="5038" timestamp="2019-06-16T21:31:02.723" threadId="0000000002214088" success="true" from="nursery"/>
<exclusive-end id="5039" timestamp="2019-06-16T21:31:02.724" durationms="1.164" />

<exclusive-start id="5040" timestamp="2019-06-16T21:31:02.726" intervalms="3.189">
  <response-info timems="0.032" idlems="0.032" threads="0" lastid="0000000002213700" lastname="main" />
</exclusive-start>
<af-start id="5041" threadId="0000000002214088" totalBytesRequested="1168" timestamp="2019-06-16T21:31:02.726" intervalms="3.181" type="nursery" />
<cycle-start id="5042" type="scavenge" contextid="0" timestamp="2019-06-16T21:31:02.726" intervalms="3.179" />
<gc-start id="5043" type="scavenge" contextid="5042" timestamp="2019-06-16T21:31:02.726">
  <mem-info id="5044" free="2045275560" total="2092630016" percent="97">
    <mem type="nursery" free="0" total="3932160" percent="0">
      <mem type="allocate" free="0" total="3538944" percent="0" />
      <mem type="survivor" free="0" total="393216" percent="0" />
    </mem>
    <mem type="tenure" free="2045275560" total="2088697856" percent="97">
      <mem type="soa" free="1919954344" total="1963376640" percent="97" />
      <mem type="loa" free="125321216" total="125321216" percent="100" />
    </mem>
    <remembered-set count="102" />
  </mem-info>
</gc-start>
<allocation-stats totalBytes="3478200" >
  <allocated-bytes non-tlh="1168" tlh="3477032" />
  <largest-consumer threadName="main" threadId="0000000002213700" bytes="3478200" />
</allocation-stats>
<gc-op id="5045" type="scavenge" timems="0.162" contextid="5042" timestamp="2019-06-16T21:31:02.726">
  <scavenger-info tenureage="3" tenuremask="fff8" tiltratio="90" />
  <memory-copied type="nursery" objects="1" bytes="40" bytesdiscarded="39128" />
</gc-op>
<gc-end id="5046" type="scavenge" contextid="5042" durationms="0.670" usertimems="0.000" systemtimems="0.000" timestamp="2019-06-16T21:31:02.726" activeThreads="4">
  <mem-info id="5047" free="2048775336" total="2092630016" percent="97">
    <mem type="nursery" free="3499776" total="3932160" percent="89">
      <mem type="allocate" free="3499776" total="3538944" percent="98" />
      <mem type="survivor" free="0" total="393216" percent="0" />
    </mem>
    <mem type="tenure" free="2045275560" total="2088697856" percent="97" macro-fragmented="0">
      <mem type="soa" free="1919954344" total="1963376640" percent="97" />
      <mem type="loa" free="125321216" total="125321216" percent="100" />
    </mem>
    <remembered-set count="101" />
  </mem-info>
</gc-end>
<cycle-end id="5048" type="scavenge" contextid="5042" timestamp="2019-06-16T21:31:02.726" />
  <attribute name="elasticGC enabled" value="1" />
  <attribute name= "numThreadsSpecified" value="4" />
  <attribute name="heapSize specified" value="9371648" />
  <attribute name="Current GC Util" value="22" />
  <attribute name= "Current Time Running" value="48692" />
  <attribute name ="GC Interval" value="200" />
  <attribute name="ProportionalT" value="1.000000" />
  <attribute name="ProportionalI" value="1.000000" />
  <attribute name="ProportionalH" value="1.000000" />
  <attribute name="Current Error" value="2.000000" />
  <attribute name="IntegralT" value="3.000000" />
  <attribute name="IntegralI" value="3.000000" />
  <attribute name="IntegralH" value="3.000000" />
  <attribute name="DerivativeT" value="0.333333" />
  <attribute name="DerivativeI" value="0.333333" />
  <attribute name="DerivativeH" value="0.333333" />
  <attribute name="Loop Time for DT" value="3.000000" />
  <attribute name="Output H" value="8388608"/>
  <attribute name="Output I" value="200"/>
  <attribute name="Output T" value="4"/>
  <attribute name="Target GC Util Change" value ="20.000000" />
  <attribute name="Current GC Util Change" value="22.000000"/>
  <attribute name="GC Util currently" value="22" />
  <attribute name="CPU Util currently" value="1457733590081" />
<allocation-satisfied id="5049" threadId="0000000002213700" bytesRequested="1168" />
<af-end id="5050" timestamp="2019-06-16T21:31:02.727" threadId="0000000002214088" success="true" from="nursery"/>
<exclusive-end id="5051" timestamp="2019-06-16T21:31:02.727" durationms="1.106" />

<exclusive-start id="5052" timestamp="2019-06-16T21:31:02.729" intervalms="3.023">
  <response-info timems="0.028" idlems="0.028" threads="0" lastid="0000000002213700" lastname="main" />
</exclusive-start>
<af-start id="5053" threadId="0000000002214088" totalBytesRequested="1168" timestamp="2019-06-16T21:31:02.729" intervalms="3.021" type="nursery" />
<cycle-start id="5054" type="scavenge" contextid="0" timestamp="2019-06-16T21:31:02.729" intervalms="3.021" />
<gc-start id="5055" type="scavenge" contextid="5054" timestamp="2019-06-16T21:31:02.729">
  <mem-info id="5056" free="2045275560" total="2092630016" percent="97">
    <mem type="nursery" free="0" total="3932160" percent="0">
      <mem type="allocate" free="0" total="3538944" percent="0" />
      <mem type="survivor" free="0" total="393216" percent="0" />
    </mem>
    <mem type="tenure" free="2045275560" total="2088697856" percent="97">
      <mem type="soa" free="1919954344" total="1963376640" percent="97" />
      <mem type="loa" free="125321216" total="125321216" percent="100" />
    </mem>
    <remembered-set count="102" />
  </mem-info>
</gc-start>
<allocation-stats totalBytes="3478200" >
  <allocated-bytes non-tlh="1168" tlh="3477032" />
  <largest-consumer threadName="main" threadId="0000000002213700" bytes="3478200" />
</allocation-stats>
<gc-op id="5057" type="scavenge" timems="0.196" contextid="5054" timestamp="2019-06-16T21:31:02.729">
  <scavenger-info tenureage="3" tenuremask="fff8" tiltratio="90" />
  <memory-copied type="nursery" objects="1" bytes="40" bytesdiscarded="39128" />
</gc-op>
<gc-end id="5058" type="scavenge" contextid="5054" durationms="0.709" usertimems="0.000" systemtimems="0.000" timestamp="2019-06-16T21:31:02.729" activeThreads="4">
  <mem-info id="5059" free="2048775336" total="2092630016" percent="97">
    <mem type="nursery" free="3499776" total="3932160" percent="89">
      <mem type="allocate" free="3499776" total="3538944" percent="98" />
      <mem type="survivor" free="0" total="393216" percent="0" />
    </mem>
    <mem type="tenure" free="2045275560" total="2088697856" percent="97" macro-fragmented="0">
      <mem type="soa" free="1919954344" total="1963376640" percent="97" />
      <mem type="loa" free="125321216" total="125321216" percent="100" />
    </mem>
    <remembered-set count="101" />
  </mem-info>
</gc-end>
<cycle-end id="5060" type="scavenge" contextid="5054" timestamp="2019-06-16T21:31:02.730" />
  <attribute name="elasticGC enabled" value="1" />
  <attribute name= "numThreadsSpecified" value="4" />
  <attribute name="heapSize specified" value="9371648" />
  <attribute name="Current GC Util" value="21" />
  <attribute name= "Current Time Running" value="48695" />
  <attribute name ="GC Interval" value="200" />
  <attribute name="ProportionalT" value="0.500000" />
  <attribute name="ProportionalI" value="0.500000" />
  <attribute name="ProportionalH" value="0.500000" />
  <attribute name="Current Error" value="1.000000" />
  <attribute name="IntegralT" value="1.500000" />
  <attribute name="IntegralI" value="1.500000" />
  <attribute name="IntegralH" value="1.500000" />
  <attribute name="DerivativeT" value="-0.333333" />
  <attribute name="DerivativeI" value="-0.333333" />
  <attribute name="DerivativeH" value="-0.333333" />
  <attribute name="Loop Time for DT" value="3.000000" />
  <attribute name="Output H" value="8388608"/>
  <attribute name="Output I" value="200"/>
  <attribute name="Output T" value="4"/>
  <attribute name="Target GC Util Change" value ="20.000000" />
  <attribute name="Current GC Util Change" value="21.000000"/>
  <attribute name="GC Util currently" value="21" />
  <attribute name="CPU Util currently" value="1526478690010" />
<allocation-satisfied id="5061" threadId="0000000002213700" bytesRequested="1168" />
<af-end id="5062" timestamp="2019-06-16T21:31:02.730" threadId="0000000002214088" success="true" from="nursery"/>
<exclusive-end id="5063" timestamp="2019-06-16T21:31:02.730" durationms="1.147" />

<exclusive-start id="5064" timestamp="2019-06-16T21:31:02.732" intervalms="3.097">
  <response-info timems="0.029" idlems="0.029" threads="0" lastid="0000000002213700" lastname="main" />
</exclusive-start>
<af-start id="5065" threadId="0000000002214088" totalBytesRequested="1168" timestamp="2019-06-16T21:31:02.732" intervalms="3.111" type="nursery" />
<cycle-start id="5066" type="scavenge" contextid="0" timestamp="2019-06-16T21:31:02.732" intervalms="3.118" />
<gc-start id="5067" type="scavenge" contextid="5066" timestamp="2019-06-16T21:31:02.732">
  <mem-info id="5068" free="2045275560" total="2092630016" percent="97">
    <mem type="nursery" free="0" total="3932160" percent="0">
      <mem type="allocate" free="0" total="3538944" percent="0" />
      <mem type="survivor" free="0" total="393216" percent="0" />
    </mem>
    <mem type="tenure" free="2045275560" total="2088697856" percent="97">
      <mem type="soa" free="1919954344" total="1963376640" percent="97" />
      <mem type="loa" free="125321216" total="125321216" percent="100" />
    </mem>
    <remembered-set count="102" />
  </mem-info>
</gc-start>
<allocation-stats totalBytes="3478200" >
  <allocated-bytes non-tlh="1168" tlh="3477032" />
  <largest-consumer threadName="main" threadId="0000000002213700" bytes="3478200" />
</allocation-stats>
<gc-op id="5069" type="scavenge" timems="0.196" contextid="5066" timestamp="2019-06-16T21:31:02.732">
  <scavenger-info tenureage="3" tenuremask="fff8" tiltratio="90" />
  <memory-copied type="nursery" objects="1" bytes="40" bytesdiscarded="39128" />
</gc-op>
<gc-end id="5070" type="scavenge" contextid="5066" durationms="0.712" usertimems="0.000" systemtimems="0.000" timestamp="2019-06-16T21:31:02.733" activeThreads="4">
  <mem-info id="5071" free="2048775336" total="2092630016" percent="97">
    <mem type="nursery" free="3499776" total="3932160" percent="89">
      <mem type="allocate" free="3499776" total="3538944" percent="98" />
      <mem type="survivor" free="0" total="393216" percent="0" />
    </mem>
    <mem type="tenure" free="2045275560" total="2088697856" percent="97" macro-fragmented="0">
      <mem type="soa" free="1919954344" total="1963376640" percent="97" />
      <mem type="loa" free="125321216" total="125321216" percent="100" />
    </mem>
    <remembered-set count="101" />
  </mem-info>
</gc-end>
<cycle-end id="5072" type="scavenge" contextid="5066" timestamp="2019-06-16T21:31:02.733" />
  <attribute name="elasticGC enabled" value="1" />
  <attribute name= "numThreadsSpecified" value="4" />
  <attribute name="heapSize specified" value="9371648" />
  <attribute name="Current GC Util" value="22" />
  <attribute name= "Current Time Running" value="48698" />
  <attribute name ="GC Interval" value="200" />
  <attribute name="ProportionalT" value="1.000000" />
  <attribute name="ProportionalI" value="1.000000" />
  <attribute name="ProportionalH" value="1.000000" />
  <attribute name="Current Error" value="2.000000" />
  <attribute name="IntegralT" value="3.000000" />
  <attribute name="IntegralI" value="3.000000" />
  <attribute name="IntegralH" value="3.000000" />
  <attribute name="DerivativeT" value="0.333333" />
  <attribute name="DerivativeI" value="0.333333" />
  <attribute name="DerivativeH" value="0.333333" />
  <attribute name="Loop Time for DT" value="3.000000" />
  <attribute name="Output H" value="8388608"/>
  <attribute name="Output I" value="200"/>
  <attribute name="Output T" value="4"/>
  <attribute name="Target GC Util Change" value ="20.000000" />
  <attribute name="Current GC Util Change" value="22.000000"/>
  <attribute name="GC Util currently" value="22" />
  <attribute name="CPU Util currently" value="1472748774982" />
<allocation-satisfied id="5073" threadId="0000000002213700" bytesRequested="1168" />
<af-end id="5074" timestamp="2019-06-16T21:31:02.733" threadId="0000000002214088" success="true" from="nursery"/>
<exclusive-end id="5075" timestamp="2019-06-16T21:31:02.733" durationms="1.192" />

<exclusive-start id="5076" timestamp="2019-06-16T21:31:02.735" intervalms="3.219">
  <response-info timems="0.028" idlems="0.028" threads="0" lastid="0000000002213700" lastname="main" />
</exclusive-start>
<af-start id="5077" threadId="0000000002214088" totalBytesRequested="1168" timestamp="2019-06-16T21:31:02.735" intervalms="3.214" type="nursery" />
<cycle-start id="5078" type="scavenge" contextid="0" timestamp="2019-06-16T21:31:02.735" intervalms="3.212" />
<gc-start id="5079" type="scavenge" contextid="5078" timestamp="2019-06-16T21:31:02.735">
  <mem-info id="5080" free="2045275560" total="2092630016" percent="97">
    <mem type="nursery" free="0" total="3932160" percent="0">
      <mem type="allocate" free="0" total="3538944" percent="0" />
      <mem type="survivor" free="0" total="393216" percent="0" />
    </mem>
    <mem type="tenure" free="2045275560" total="2088697856" percent="97">
      <mem type="soa" free="1919954344" total="1963376640" percent="97" />
      <mem type="loa" free="125321216" total="125321216" percent="100" />
    </mem>
    <remembered-set count="102" />
  </mem-info>
</gc-start>
<allocation-stats totalBytes="3478200" >
  <allocated-bytes non-tlh="1168" tlh="3477032" />
  <largest-consumer threadName="main" threadId="0000000002213700" bytes="3478200" />
</allocation-stats>
<gc-op id="5081" type="scavenge" timems="0.182" contextid="5078" timestamp="2019-06-16T21:31:02.735">
  <scavenger-info tenureage="3" tenuremask="fff8" tiltratio="90" />
  <memory-copied type="nursery" objects="1" bytes="40" bytesdiscarded="39128" />
</gc-op>
<gc-end id="5082" type="scavenge" contextid="5078" durationms="0.695" usertimems="0.000" systemtimems="0.000" timestamp="2019-06-16T21:31:02.736" activeThreads="4">
  <mem-info id="5083" free="2048775336" total="2092630016" percent="97">
    <mem type="nursery" free="3499776" total="3932160" percent="89">
      <mem type="allocate" free="3499776" total="3538944" percent="98" />
      <mem type="survivor" free="0" total="393216" percent="0" />
    </mem>
    <mem type="tenure" free="2045275560" total="2088697856" percent="97" macro-fragmented="0">
      <mem type="soa" free="1919954344" total="1963376640" percent="97" />
      <mem type="loa" free="125321216" total="125321216" percent="100" />
    </mem>
    <remembered-set count="101" />
  </mem-info>
</gc-end>
<cycle-end id="5084" type="scavenge" contextid="5078" timestamp="2019-06-16T21:31:02.736" />
  <attribute name="elasticGC enabled" value="1" />
  <attribute name= "numThreadsSpecified" value="4" />
  <attribute name="heapSize specified" value="9371648" />
  <attribute name="Current GC Util" value="21" />
  <attribute name= "Current Time Running" value="48701" />
  <attribute name ="GC Interval" value="200" />
  <attribute name="ProportionalT" value="0.500000" />
  <attribute name="ProportionalI" value="0.500000" />
  <attribute name="ProportionalH" value="0.500000" />
  <attribute name="Current Error" value="1.000000" />
  <attribute name="IntegralT" value="1.500000" />
  <attribute name="IntegralI" value="1.500000" />
  <attribute name="IntegralH" value="1.500000" />
  <attribute name="DerivativeT" value="-0.333333" />
  <attribute name="DerivativeI" value="-0.333333" />
  <attribute name="DerivativeH" value="-0.333333" />
  <attribute name="Loop Time for DT" value="3.000000" />
  <attribute name="Output H" value="8388608"/>
  <attribute name="Output I" value="200"/>
  <attribute name="Output T" value="4"/>
  <attribute name="Target GC Util Change" value ="20.000000" />
  <attribute name="Current GC Util Change" value="21.000000"/>
  <attribute name="GC Util currently" value="21" />
  <attribute name="CPU Util currently" value="1439669011396" />
<allocation-satisfied id="5085" threadId="0000000002213700" bytesRequested="1168" />
<af-end id="5086" timestamp="2019-06-16T21:31:02.736" threadId="0000000002214088" success="true" from="nursery"/>
<exclusive-end id="5087" timestamp="2019-06-16T21:31:02.736" durationms="1.156" />

<exclusive-start id="5088" timestamp="2019-06-16T21:31:02.738" intervalms="3.174">
  <response-info timems="0.027" idlems="0.027" threads="0" lastid="0000000002213700" lastname="main" />
</exclusive-start>
<af-start id="5089" threadId="0000000002214088" totalBytesRequested="1168" timestamp="2019-06-16T21:31:02.738" intervalms="3.175" type="nursery" />
<cycle-start id="5090" type="scavenge" contextid="0" timestamp="2019-06-16T21:31:02.738" intervalms="3.175" />
<gc-start id="5091" type="scavenge" contextid="5090" timestamp="2019-06-16T21:31:02.738">
  <mem-info id="5092" free="2045275560" total="2092630016" percent="97">
    <mem type="nursery" free="0" total="3932160" percent="0">
      <mem type="allocate" free="0" total="3538944" percent="0" />
      <mem type="survivor" free="0" total="393216" percent="0" />
    </mem>
    <mem type="tenure" free="2045275560" total="2088697856" percent="97">
      <mem type="soa" free="1919954344" total="1963376640" percent="97" />
      <mem type="loa" free="125321216" total="125321216" percent="100" />
    </mem>
    <remembered-set count="102" />
  </mem-info>
</gc-start>
<allocation-stats totalBytes="3478200" >
  <allocated-bytes non-tlh="1168" tlh="3477032" />
  <largest-consumer threadName="main" threadId="0000000002213700" bytes="3478200" />
</allocation-stats>
<gc-op id="5093" type="scavenge" timems="0.179" contextid="5090" timestamp="2019-06-16T21:31:02.739">
  <scavenger-info tenureage="3" tenuremask="fff8" tiltratio="90" />
  <memory-copied type="nursery" objects="1" bytes="40" bytesdiscarded="39128" />
</gc-op>
<gc-end id="5094" type="scavenge" contextid="5090" durationms="0.695" usertimems="0.000" systemtimems="0.000" timestamp="2019-06-16T21:31:02.739" activeThreads="4">
  <mem-info id="5095" free="2048775336" total="2092630016" percent="97">
    <mem type="nursery" free="3499776" total="3932160" percent="89">
      <mem type="allocate" free="3499776" total="3538944" percent="98" />
      <mem type="survivor" free="0" total="393216" percent="0" />
    </mem>
    <mem type="tenure" free="2045275560" total="2088697856" percent="97" macro-fragmented="0">
      <mem type="soa" free="1919954344" total="1963376640" percent="97" />
      <mem type="loa" free="125321216" total="125321216" percent="100" />
    </mem>
    <remembered-set count="101" />
  </mem-info>
</gc-end>
<cycle-end id="5096" type="scavenge" contextid="5090" timestamp="2019-06-16T21:31:02.739" />
  <attribute name="elasticGC enabled" value="1" />
  <attribute name= "numThreadsSpecified" value="4" />
  <attribute name="heapSize specified" value="9371648" />
  <attribute name="Current GC Util" value="21" />
  <attribute name= "Current Time Running" value="48704" />
  <attribute name ="GC Interval" value="200" />
  <attribute name="ProportionalT" value="0.500000" />
  <attribute name="ProportionalI" value="0.500000" />
  <attribute name="ProportionalH" value="0.500000" />
  <attribute name="Current Error" value="1.000000" />
  <attribute name="IntegralT" value="1.500000" />
  <attribute name="IntegralI" value="1.500000" />
  <attribute name="IntegralH" value="1.500000" />
  <attribute name="DerivativeT" value="0.000000" />
  <attribute name="DerivativeI" value="0.000000" />
  <attribute name="DerivativeH" value="0.000000" />
  <attribute name="Loop Time for DT" value="3.000000" />
  <attribute name="Output H" value="8388608"/>
  <attribute name="Output I" value="200"/>
  <attribute name="Output T" value="4"/>
  <attribute name="Target GC Util Change" value ="20.000000" />
  <attribute name="Current GC Util Change" value="21.000000"/>
  <attribute name="GC Util currently" value="21" />
  <attribute name="CPU Util currently" value="1451344846828" />
<allocation-satisfied id="5097" threadId="0000000002213700" bytesRequested="1168" />
<af-end id="5098" timestamp="2019-06-16T21:31:02.739" threadId="0000000002214088" success="true" from="nursery"/>
<exclusive-end id="5099" timestamp="2019-06-16T21:31:02.739" durationms="1.160" />

<exclusive-start id="5100" timestamp="2019-06-16T21:31:02.741" intervalms="3.220">
  <response-info timems="0.054" idlems="0.054" threads="0" lastid="0000000002213700" lastname="main" />
</exclusive-start>
<af-start id="5101" threadId="0000000002214088" totalBytesRequested="1168" timestamp="2019-06-16T21:31:02.741" intervalms="3.213" type="nursery" />
<cycle-start id="5102" type="scavenge" contextid="0" timestamp="2019-06-16T21:31:02.741" intervalms="3.218" />
<gc-start id="5103" type="scavenge" contextid="5102" timestamp="2019-06-16T21:31:02.741">
  <mem-info id="5104" free="2045275560" total="2092630016" percent="97">
    <mem type="nursery" free="0" total="3932160" percent="0">
      <mem type="allocate" free="0" total="3538944" percent="0" />
      <mem type="survivor" free="0" total="393216" percent="0" />
    </mem>
    <mem type="tenure" free="2045275560" total="2088697856" percent="97">
      <mem type="soa" free="1919954344" total="1963376640" percent="97" />
      <mem type="loa" free="125321216" total="125321216" percent="100" />
    </mem>
    <remembered-set count="102" />
  </mem-info>
</gc-start>
<allocation-stats totalBytes="3478200" >
  <allocated-bytes non-tlh="1168" tlh="3477032" />
  <largest-consumer threadName="main" threadId="0000000002213700" bytes="3478200" />
</allocation-stats>
<gc-op id="5105" type="scavenge" timems="0.155" contextid="5102" timestamp="2019-06-16T21:31:02.742">
  <scavenger-info tenureage="3" tenuremask="fff8" tiltratio="90" />
  <memory-copied type="nursery" objects="1" bytes="40" bytesdiscarded="39128" />
</gc-op>
<gc-end id="5106" type="scavenge" contextid="5102" durationms="0.672" usertimems="0.000" systemtimems="0.000" timestamp="2019-06-16T21:31:02.742" activeThreads="1">
  <mem-info id="5107" free="2048775336" total="2092630016" percent="97">
    <mem type="nursery" free="3499776" total="3932160" percent="89">
      <mem type="allocate" free="3499776" total="3538944" percent="98" />
      <mem type="survivor" free="0" total="393216" percent="0" />
    </mem>
    <mem type="tenure" free="2045275560" total="2088697856" percent="97" macro-fragmented="0">
      <mem type="soa" free="1919954344" total="1963376640" percent="97" />
      <mem type="loa" free="125321216" total="125321216" percent="100" />
    </mem>
    <remembered-set count="101" />
  </mem-info>
</gc-end>
<cycle-end id="5108" type="scavenge" contextid="5102" timestamp="2019-06-16T21:31:02.742" />
  <attribute name="elasticGC enabled" value="1" />
  <attribute name= "numThreadsSpecified" value="1" />
  <attribute name="heapSize specified" value="9371648" />
  <attribute name="Current GC Util" value="20" />
  <attribute name= "Current Time Running" value="48707" />
  <attribute name ="GC Interval" value="200" />
  <attribute name="ProportionalT" value="0.000000" />
  <attribute name="ProportionalI" value="0.000000" />
  <attribute name="ProportionalH" value="0.000000" />
  <attribute name="Current Error" value="0.000000" />
  <attribute name="IntegralT" value="0.000000" />
  <attribute name="IntegralI" value="0.000000" />
  <attribute name="IntegralH" value="0.000000" />
  <attribute name="DerivativeT" value="-0.333333" />
  <attribute name="DerivativeI" value="-0.333333" />
  <attribute name="DerivativeH" value="-0.333333" />
  <attribute name="Loop Time for DT" value="3.000000" />
  <attribute name="Output H" value="8388608"/>
  <attribute name="Output I" value="200"/>
  <attribute name="Output T" value="1"/>
  <attribute name="Target GC Util Change" value ="20.000000" />
  <attribute name="Current GC Util Change" value="20.000000"/>
  <attribute name="GC Util currently" value="20" />
  <attribute name="CPU Util currently" value="1432303813580" />
<allocation-satisfied id="5109" threadId="0000000002213700" bytesRequested="1168" />
<af-end id="5110" timestamp="2019-06-16T21:31:02.742" threadId="0000000002214088" success="true" from="nursery"/>
<exclusive-end id="5111" timestamp="2019-06-16T21:31:02.742" durationms="1.134" />

<exclusive-start id="5112" timestamp="2019-06-16T21:31:02.744" intervalms="3.165">
  <response-info timems="0.068" idlems="0.068" threads="0" lastid="0000000002213700" lastname="main" />
</exclusive-start>
<af-start id="5113" threadId="0000000002214088" totalBytesRequested="1168" timestamp="2019-06-16T21:31:02.745" intervalms="3.168" type="nursery" />
<cycle-start id="5114" type="scavenge" contextid="0" timestamp="2019-06-16T21:31:02.745" intervalms="3.162" />
<gc-start id="5115" type="scavenge" contextid="5114" timestamp="2019-06-16T21:31:02.745">
  <mem-info id="5116" free="2045275560" total="2092630016" percent="97">
    <mem type="nursery" free="0" total="3932160" percent="0">
      <mem type="allocate" free="0" total="3538944" percent="0" />
      <mem type="survivor" free="0" total="393216" percent="0" />
    </mem>
    <mem type="tenure" free="2045275560" total="2088697856" percent="97">
      <mem type="soa" free="1919954344" total="1963376640" percent="97" />
      <mem type="loa" free="125321216" total="125321216" percent="100" />
    </mem>
    <remembered-set count="102" />
  </mem-info>
</gc-start>
<allocation-stats totalBytes="3478200" >
  <allocated-bytes non-tlh="1168" tlh="3477032" />
  <largest-consumer threadName="main" threadId="0000000002213700" bytes="3478200" />
</allocation-stats>
<gc-op id="5117" type="scavenge" timems="0.230" contextid="5114" timestamp="2019-06-16T21:31:02.745">
  <scavenger-info tenureage="3" tenuremask="fff8" tiltratio="90" />
  <memory-copied type="nursery" objects="1" bytes="40" bytesdiscarded="39128" />
</gc-op>
<gc-end id="5118" type="scavenge" contextid="5114" durationms="0.752" usertimems="0.000" systemtimems="0.000" timestamp="2019-06-16T21:31:02.745" activeThreads="4">
  <mem-info id="5119" free="2048775336" total="2092630016" percent="97">
    <mem type="nursery" free="3499776" total="3932160" percent="89">
      <mem type="allocate" free="3499776" total="3538944" percent="98" />
      <mem type="survivor" free="0" total="393216" percent="0" />
    </mem>
    <mem type="tenure" free="2045275560" total="2088697856" percent="97" macro-fragmented="0">
      <mem type="soa" free="1919954344" total="1963376640" percent="97" />
      <mem type="loa" free="125321216" total="125321216" percent="100" />
    </mem>
    <remembered-set count="101" />
  </mem-info>
</gc-end>
<cycle-end id="5120" type="scavenge" contextid="5114" timestamp="2019-06-16T21:31:02.745" />
  <attribute name="elasticGC enabled" value="1" />
  <attribute name= "numThreadsSpecified" value="4" />
  <attribute name="heapSize specified" value="9371648" />
  <attribute name="Current GC Util" value="17" />
  <attribute name= "Current Time Running" value="48711" />
  <attribute name ="GC Interval" value="200" />
  <attribute name="ProportionalT" value="-1.500000" />
  <attribute name="ProportionalI" value="-1.500000" />
  <attribute name="ProportionalH" value="-1.500000" />
  <attribute name="Current Error" value="-3.000000" />
  <attribute name="IntegralT" value="-6.000000" />
  <attribute name="IntegralI" value="-6.000000" />
  <attribute name="IntegralH" value="-6.000000" />
  <attribute name="DerivativeT" value="-0.750000" />
  <attribute name="DerivativeI" value="-0.750000" />
  <attribute name="DerivativeH" value="-0.750000" />
  <attribute name="Loop Time for DT" value="4.000000" />
  <attribute name="Output H" value="2092630016"/>
  <attribute name="Output I" value="200"/>
  <attribute name="Output T" value="4"/>
  <attribute name="Target GC Util Change" value ="20.000000" />
  <attribute name="Current GC Util Change" value="17.000000"/>
  <attribute name="GC Util currently" value="17" />
  <attribute name="CPU Util currently" value="1457976463152" />
<allocation-satisfied id="5121" threadId="0000000002213700" bytesRequested="1168" />
<af-end id="5122" timestamp="2019-06-16T21:31:02.746" threadId="0000000002214088" success="true" from="nursery"/>
<exclusive-end id="5123" timestamp="2019-06-16T21:31:02.746" durationms="1.209" />

<exclusive-start id="5124" timestamp="2019-06-16T21:31:02.748" intervalms="3.228">
  <response-info timems="0.026" idlems="0.026" threads="0" lastid="0000000002213700" lastname="main" />
</exclusive-start>
<af-start id="5125" threadId="0000000002214088" totalBytesRequested="1168" timestamp="2019-06-16T21:31:02.748" intervalms="3.232" type="nursery" />
<cycle-start id="5126" type="scavenge" contextid="0" timestamp="2019-06-16T21:31:02.748" intervalms="3.237" />
<gc-start id="5127" type="scavenge" contextid="5126" timestamp="2019-06-16T21:31:02.748">
  <mem-info id="5128" free="2045275560" total="2092630016" percent="97">
    <mem type="nursery" free="0" total="3932160" percent="0">
      <mem type="allocate" free="0" total="3538944" percent="0" />
      <mem type="survivor" free="0" total="393216" percent="0" />
    </mem>
    <mem type="tenure" free="2045275560" total="2088697856" percent="97">
      <mem type="soa" free="1919954344" total="1963376640" percent="97" />
      <mem type="loa" free="125321216" total="125321216" percent="100" />
    </mem>
    <remembered-set count="102" />
  </mem-info>
</gc-start>
<allocation-stats totalBytes="3478392" >
  <allocated-bytes non-tlh="1168" tlh="3477224" />
  <largest-consumer threadName="main" threadId="0000000002213700" bytes="3478392" />
</allocation-stats>
<gc-op id="5129" type="scavenge" timems="0.189" contextid="5126" timestamp="2019-06-16T21:31:02.748">
  <scavenger-info tenureage="9" tenuremask="fe00" tiltratio="90" />
  <memory-copied type="nursery" objects="2" bytes="64" bytesdiscarded="78272" />
</gc-op>
<gc-end id="5130" type="scavenge" contextid="5126" durationms="0.708" usertimems="0.000" systemtimems="0.000" timestamp="2019-06-16T21:31:02.749" activeThreads="4">
  <mem-info id="5131" free="2048736168" total="2092630016" percent="97">
    <mem type="nursery" free="3460608" total="3932160" percent="88">
      <mem type="allocate" free="3460608" total="3538944" percent="97" />
      <mem type="survivor" free="0" total="393216" percent="0" />
    </mem>
    <mem type="tenure" free="2045275560" total="2088697856" percent="97" macro-fragmented="0">
      <mem type="soa" free="1919954344" total="1963376640" percent="97" />
      <mem type="loa" free="125321216" total="125321216" percent="100" />
    </mem>
    <remembered-set count="102" />
  </mem-info>
</gc-end>
<cycle-end id="5132" type="scavenge" contextid="5126" timestamp="2019-06-16T21:31:02.749" />
  <attribute name="elasticGC enabled" value="1" />
  <attribute name= "numThreadsSpecified" value="4" />
  <attribute name="heapSize specified" value="9371648" />
  <attribute name="Current GC Util" value="22" />
  <attribute name= "Current Time Running" value="48714" />
  <attribute name ="GC Interval" value="200" />
  <attribute name="ProportionalT" value="1.000000" />
  <attribute name="ProportionalI" value="1.000000" />
  <attribute name="ProportionalH" value="1.000000" />
  <attribute name="Current Error" value="2.000000" />
  <attribute name="IntegralT" value="3.000000" />
  <attribute name="IntegralI" value="3.000000" />
  <attribute name="IntegralH" value="3.000000" />
  <attribute name="DerivativeT" value="0.666667" />
  <attribute name="DerivativeI" value="0.666667" />
  <attribute name="DerivativeH" value="0.666667" />
  <attribute name="Loop Time for DT" value="3.000000" />
  <attribute name="Output H" value="8388608"/>
  <attribute name="Output I" value="200"/>
  <attribute name="Output T" value="4"/>
  <attribute name="Target GC Util Change" value ="20.000000" />
  <attribute name="Current GC Util Change" value="22.000000"/>
  <attribute name="GC Util currently" value="22" />
  <attribute name="CPU Util currently" value="1422646792306" />
<allocation-satisfied id="5133" threadId="0000000002213700" bytesRequested="1168" />
<af-end id="5134" timestamp="2019-06-16T21:31:02.749" threadId="0000000002214088" success="true" from="nursery"/>
<exclusive-end id="5135" timestamp="2019-06-16T21:31:02.749" durationms="1.180" />

<exclusive-start id="5136" timestamp="2019-06-16T21:31:02.751" intervalms="3.116">
  <response-info timems="0.026" idlems="0.026" threads="0" lastid="0000000002213700" lastname="main" />
</exclusive-start>
<af-start id="5137" threadId="0000000002214088" totalBytesRequested="1168" timestamp="2019-06-16T21:31:02.751" intervalms="3.117" type="nursery" />
<cycle-start id="5138" type="scavenge" contextid="0" timestamp="2019-06-16T21:31:02.751" intervalms="3.113" />
<gc-start id="5139" type="scavenge" contextid="5138" timestamp="2019-06-16T21:31:02.751">
  <mem-info id="5140" free="2045275560" total="2092630016" percent="97">
    <mem type="nursery" free="0" total="3932160" percent="0">
      <mem type="allocate" free="0" total="3538944" percent="0" />
      <mem type="survivor" free="0" total="393216" percent="0" />
    </mem>
    <mem type="tenure" free="2045275560" total="2088697856" percent="97">
      <mem type="soa" free="1919954344" total="1963376640" percent="97" />
      <mem type="loa" free="125321216" total="125321216" percent="100" />
    </mem>
    <remembered-set count="102" />
  </mem-info>
</gc-start>
<allocation-stats totalBytes="3439840" >
  <allocated-bytes non-tlh="1168" tlh="3438672" />
  <largest-consumer threadName="main" threadId="0000000002213700" bytes="3439840" />
</allocation-stats>
<gc-op id="5141" type="scavenge" timems="0.189" contextid="5138" timestamp="2019-06-16T21:31:02.751">
  <scavenger-info tenureage="9" tenuremask="fe00" tiltratio="90" />
  <memory-copied type="nursery" objects="2" bytes="64" bytesdiscarded="78272" />
</gc-op>
<gc-end id="5142" type="scavenge" contextid="5138" durationms="0.705" usertimems="0.000" systemtimems="0.000" timestamp="2019-06-16T21:31:02.752" activeThreads="4">
  <mem-info id="5143" free="2048736168" total="2092630016" percent="97">
    <mem type="nursery" free="3460608" total="3932160" percent="88">
      <mem type="allocate" free="3460608" total="3538944" percent="97" />
      <mem type="survivor" free="0" total="393216" percent="0" />
    </mem>
    <mem type="tenure" free="2045275560" total="2088697856" percent="97" macro-fragmented="0">
      <mem type="soa" free="1919954344" total="1963376640" percent="97" />
      <mem type="loa" free="125321216" total="125321216" percent="100" />
    </mem>
    <remembered-set count="102" />
  </mem-info>
</gc-end>
<cycle-end id="5144" type="scavenge" contextid="5138" timestamp="2019-06-16T21:31:02.752" />
  <attribute name="elasticGC enabled" value="1" />
  <attribute name= "numThreadsSpecified" value="4" />
  <attribute name="heapSize specified" value="9371648" />
  <attribute name="Current GC Util" value="22" />
  <attribute name= "Current Time Running" value="48717" />
  <attribute name ="GC Interval" value="200" />
  <attribute name="ProportionalT" value="1.000000" />
  <attribute name="ProportionalI" value="1.000000" />
  <attribute name="ProportionalH" value="1.000000" />
  <attribute name="Current Error" value="2.000000" />
  <attribute name="IntegralT" value="3.000000" />
  <attribute name="IntegralI" value="3.000000" />
  <attribute name="IntegralH" value="3.000000" />
  <attribute name="DerivativeT" value="0.000000" />
  <attribute name="DerivativeI" value="0.000000" />
  <attribute name="DerivativeH" value="0.000000" />
  <attribute name="Loop Time for DT" value="3.000000" />
  <attribute name="Output H" value="8388608"/>
  <attribute name="Output I" value="200"/>
  <attribute name="Output T" value="4"/>
  <attribute name="Target GC Util Change" value ="20.000000" />
  <attribute name="Current GC Util Change" value="22.000000"/>
  <attribute name="GC Util currently" value="22" />
  <attribute name="CPU Util currently" value="1482873918419" />
<allocation-satisfied id="5145" threadId="0000000002213700" bytesRequested="1168" />
<af-end id="5146" timestamp="2019-06-16T21:31:02.752" threadId="0000000002214088" success="true" from="nursery"/>
<exclusive-end id="5147" timestamp="2019-06-16T21:31:02.752" durationms="1.172" />

<exclusive-start id="5148" timestamp="2019-06-16T21:31:02.754" intervalms="3.206">
  <response-info timems="0.099" idlems="0.099" threads="0" lastid="0000000002213700" lastname="main" />
</exclusive-start>
<af-start id="5149" threadId="0000000002214088" totalBytesRequested="1168" timestamp="2019-06-16T21:31:02.754" intervalms="3.205" type="nursery" />
<cycle-start id="5150" type="scavenge" contextid="0" timestamp="2019-06-16T21:31:02.754" intervalms="3.204" />
<gc-start id="5151" type="scavenge" contextid="5150" timestamp="2019-06-16T21:31:02.754">
  <mem-info id="5152" free="2045275560" total="2092630016" percent="97">
    <mem type="nursery" free="0" total="3932160" percent="0">
      <mem type="allocate" free="0" total="3538944" percent="0" />
      <mem type="survivor" free="0" total="393216" percent="0" />
    </mem>
    <mem type="tenure" free="2045275560" total="2088697856" percent="97">
      <mem type="soa" free="1919954344" total="1963376640" percent="97" />
      <mem type="loa" free="125321216" total="125321216" percent="100" />
    </mem>
    <remembered-set count="102" />
  </mem-info>
</gc-start>
<allocation-stats totalBytes="3439864" >
  <allocated-bytes non-tlh="1168" tlh="3438696" />
  <largest-consumer threadName="main" threadId="0000000002213700" bytes="3439864" />
</allocation-stats>
<gc-op id="5153" type="scavenge" timems="0.185" contextid="5150" timestamp="2019-06-16T21:31:02.754">
  <scavenger-info tenureage="9" tenuremask="fe00" tiltratio="90" />
  <memory-copied type="nursery" objects="2" bytes="64" bytesdiscarded="78272" />
</gc-op>
<gc-end id="5154" type="scavenge" contextid="5150" durationms="0.698" usertimems="0.000" systemtimems="0.000" timestamp="2019-06-16T21:31:02.755" activeThreads="4">
  <mem-info id="5155" free="2048736168" total="2092630016" percent="97">
    <mem type="nursery" free="3460608" total="3932160" percent="88">
      <mem type="allocate" free="3460608" total="3538944" percent="97" />
      <mem type="survivor" free="0" total="393216" percent="0" />
    </mem>
    <mem type="tenure" free="2045275560" total="2088697856" percent="97" macro-fragmented="0">
      <mem type="soa" free="1919954344" total="1963376640" percent="97" />
      <mem type="loa" free="125321216" total="125321216" percent="100" />
    </mem>
    <remembered-set count="102" />
  </mem-info>
</gc-end>
<cycle-end id="5156" type="scavenge" contextid="5150" timestamp="2019-06-16T21:31:02.755" />
  <attribute name="elasticGC enabled" value="1" />
  <attribute name= "numThreadsSpecified" value="4" />
  <attribute name="heapSize specified" value="9371648" />
  <attribute name="Current GC Util" value="21" />
  <attribute name= "Current Time Running" value="48720" />
  <attribute name ="GC Interval" value="200" />
  <attribute name="ProportionalT" value="0.500000" />
  <attribute name="ProportionalI" value="0.500000" />
  <attribute name="ProportionalH" value="0.500000" />
  <attribute name="Current Error" value="1.000000" />
  <attribute name="IntegralT" value="1.500000" />
  <attribute name="IntegralI" value="1.500000" />
  <attribute name="IntegralH" value="1.500000" />
  <attribute name="DerivativeT" value="-0.333333" />
  <attribute name="DerivativeI" value="-0.333333" />
  <attribute name="DerivativeH" value="-0.333333" />
  <attribute name="Loop Time for DT" value="3.000000" />
  <attribute name="Output H" value="8388608"/>
  <attribute name="Output I" value="200"/>
  <attribute name="Output T" value="4"/>
  <attribute name="Target GC Util Change" value ="20.000000" />
  <attribute name="Current GC Util Change" value="21.000000"/>
  <attribute name="GC Util currently" value="21" />
  <attribute name="CPU Util currently" value="1440959592400" />
<allocation-satisfied id="5157" threadId="0000000002213700" bytesRequested="1168" />
<af-end id="5158" timestamp="2019-06-16T21:31:02.755" threadId="0000000002214088" success="true" from="nursery"/>
<exclusive-end id="5159" timestamp="2019-06-16T21:31:02.755" durationms="1.159" />

<exclusive-start id="5160" timestamp="2019-06-16T21:31:02.757" intervalms="3.162">
  <response-info timems="0.038" idlems="0.038" threads="0" lastid="0000000002213700" lastname="main" />
</exclusive-start>
<af-start id="5161" threadId="0000000002214088" totalBytesRequested="1168" timestamp="2019-06-16T21:31:02.757" intervalms="3.165" type="nursery" />
<cycle-start id="5162" type="scavenge" contextid="0" timestamp="2019-06-16T21:31:02.757" intervalms="3.164" />
<gc-start id="5163" type="scavenge" contextid="5162" timestamp="2019-06-16T21:31:02.757">
  <mem-info id="5164" free="2045275560" total="2092630016" percent="97">
    <mem type="nursery" free="0" total="3932160" percent="0">
      <mem type="allocate" free="0" total="3538944" percent="0" />
      <mem type="survivor" free="0" total="393216" percent="0" />
    </mem>
    <mem type="tenure" free="2045275560" total="2088697856" percent="97">
      <mem type="soa" free="1919954344" total="1963376640" percent="97" />
      <mem type="loa" free="125321216" total="125321216" percent="100" />
    </mem>
    <remembered-set count="102" />
  </mem-info>
</gc-start>
<allocation-stats totalBytes="3439840" >
  <allocated-bytes non-tlh="1168" tlh="3438672" />
  <largest-consumer threadName="main" threadId="0000000002213700" bytes="3439840" />
</allocation-stats>
<gc-op id="5165" type="scavenge" timems="0.169" contextid="5162" timestamp="2019-06-16T21:31:02.758">
  <scavenger-info tenureage="9" tenuremask="fe00" tiltratio="90" />
  <memory-copied type="nursery" objects="2" bytes="64" bytesdiscarded="78272" />
</gc-op>
<gc-end id="5166" type="scavenge" contextid="5162" durationms="0.689" usertimems="0.000" systemtimems="0.000" timestamp="2019-06-16T21:31:02.758" activeThreads="4">
  <mem-info id="5167" free="2048736168" total="2092630016" percent="97">
    <mem type="nursery" free="3460608" total="3932160" percent="88">
      <mem type="allocate" free="3460608" total="3538944" percent="97" />
      <mem type="survivor" free="0" total="393216" percent="0" />
    </mem>
    <mem type="tenure" free="2045275560" total="2088697856" percent="97" macro-fragmented="0">
      <mem type="soa" free="1919954344" total="1963376640" percent="97" />
      <mem type="loa" free="125321216" total="125321216" percent="100" />
    </mem>
    <remembered-set count="102" />
  </mem-info>
</gc-end>
<cycle-end id="5168" type="scavenge" contextid="5162" timestamp="2019-06-16T21:31:02.758" />
  <attribute name="elasticGC enabled" value="1" />
  <attribute name= "numThreadsSpecified" value="4" />
  <attribute name="heapSize specified" value="9371648" />
  <attribute name="Current GC Util" value="21" />
  <attribute name= "Current Time Running" value="48723" />
  <attribute name ="GC Interval" value="200" />
  <attribute name="ProportionalT" value="0.500000" />
  <attribute name="ProportionalI" value="0.500000" />
  <attribute name="ProportionalH" value="0.500000" />
  <attribute name="Current Error" value="1.000000" />
  <attribute name="IntegralT" value="1.500000" />
  <attribute name="IntegralI" value="1.500000" />
  <attribute name="IntegralH" value="1.500000" />
  <attribute name="DerivativeT" value="0.000000" />
  <attribute name="DerivativeI" value="0.000000" />
  <attribute name="DerivativeH" value="0.000000" />
  <attribute name="Loop Time for DT" value="3.000000" />
  <attribute name="Output H" value="8388608"/>
  <attribute name="Output I" value="200"/>
  <attribute name="Output T" value="4"/>
  <attribute name="Target GC Util Change" value ="20.000000" />
  <attribute name="Current GC Util Change" value="21.000000"/>
  <attribute name="GC Util currently" value="21" />
  <attribute name="CPU Util currently" value="1455270265879" />
<allocation-satisfied id="5169" threadId="0000000002213700" bytesRequested="1168" />
<af-end id="5170" timestamp="2019-06-16T21:31:02.758" threadId="0000000002214088" success="true" from="nursery"/>
<exclusive-end id="5171" timestamp="2019-06-16T21:31:02.758" durationms="1.162" />

<exclusive-start id="5172" timestamp="2019-06-16T21:31:02.760" intervalms="3.059">
  <response-info timems="0.032" idlems="0.032" threads="0" lastid="0000000002213700" lastname="main" />
</exclusive-start>
<af-start id="5173" threadId="0000000002214088" totalBytesRequested="1168" timestamp="2019-06-16T21:31:02.760" intervalms="3.052" type="nursery" />
<cycle-start id="5174" type="scavenge" contextid="0" timestamp="2019-06-16T21:31:02.760" intervalms="3.051" />
<gc-start id="5175" type="scavenge" contextid="5174" timestamp="2019-06-16T21:31:02.760">
  <mem-info id="5176" free="2045275560" total="2092630016" percent="97">
    <mem type="nursery" free="0" total="3932160" percent="0">
      <mem type="allocate" free="0" total="3538944" percent="0" />
      <mem type="survivor" free="0" total="393216" percent="0" />
    </mem>
    <mem type="tenure" free="2045275560" total="2088697856" percent="97">
      <mem type="soa" free="1919954344" total="1963376640" percent="97" />
      <mem type="loa" free="125321216" total="125321216" percent="100" />
    </mem>
    <remembered-set count="102" />
  </mem-info>
</gc-start>
<allocation-stats totalBytes="3439864" >
  <allocated-bytes non-tlh="1168" tlh="3438696" />
  <largest-consumer threadName="main" threadId="0000000002213700" bytes="3439864" />
</allocation-stats>
<gc-op id="5177" type="scavenge" timems="0.175" contextid="5174" timestamp="2019-06-16T21:31:02.761">
  <scavenger-info tenureage="9" tenuremask="fe00" tiltratio="90" />
  <memory-copied type="nursery" objects="2" bytes="64" bytesdiscarded="78272" />
</gc-op>
<gc-end id="5178" type="scavenge" contextid="5174" durationms="0.687" usertimems="4.000" systemtimems="0.000" timestamp="2019-06-16T21:31:02.761" activeThreads="4">
  <mem-info id="5179" free="2048736168" total="2092630016" percent="97">
    <mem type="nursery" free="3460608" total="3932160" percent="88">
      <mem type="allocate" free="3460608" total="3538944" percent="97" />
      <mem type="survivor" free="0" total="393216" percent="0" />
    </mem>
    <mem type="tenure" free="2045275560" total="2088697856" percent="97" macro-fragmented="0">
      <mem type="soa" free="1919954344" total="1963376640" percent="97" />
      <mem type="loa" free="125321216" total="125321216" percent="100" />
    </mem>
    <remembered-set count="102" />
  </mem-info>
</gc-end>
<cycle-end id="5180" type="scavenge" contextid="5174" timestamp="2019-06-16T21:31:02.761" />
  <attribute name="elasticGC enabled" value="1" />
  <attribute name= "numThreadsSpecified" value="4" />
  <attribute name="heapSize specified" value="9371648" />
  <attribute name="Current GC Util" value="22" />
  <attribute name= "Current Time Running" value="48726" />
  <attribute name ="GC Interval" value="200" />
  <attribute name="ProportionalT" value="1.000000" />
  <attribute name="ProportionalI" value="1.000000" />
  <attribute name="ProportionalH" value="1.000000" />
  <attribute name="Current Error" value="2.000000" />
  <attribute name="IntegralT" value="3.000000" />
  <attribute name="IntegralI" value="3.000000" />
  <attribute name="IntegralH" value="3.000000" />
  <attribute name="DerivativeT" value="0.333333" />
  <attribute name="DerivativeI" value="0.333333" />
  <attribute name="DerivativeH" value="0.333333" />
  <attribute name="Loop Time for DT" value="3.000000" />
  <attribute name="Output H" value="8388608"/>
  <attribute name="Output I" value="200"/>
  <attribute name="Output T" value="4"/>
  <attribute name="Target GC Util Change" value ="20.000000" />
  <attribute name="Current GC Util Change" value="22.000000"/>
  <attribute name="GC Util currently" value="22" />
  <attribute name="CPU Util currently" value="1513844805617" />
<allocation-satisfied id="5181" threadId="0000000002213700" bytesRequested="1168" />
<af-end id="5182" timestamp="2019-06-16T21:31:02.761" threadId="0000000002214088" success="true" from="nursery"/>
<exclusive-end id="5183" timestamp="2019-06-16T21:31:02.761" durationms="1.127" />

<exclusive-start id="5184" timestamp="2019-06-16T21:31:02.763" intervalms="3.029">
  <response-info timems="0.028" idlems="0.028" threads="0" lastid="0000000002213700" lastname="main" />
</exclusive-start>
<af-start id="5185" threadId="0000000002214088" totalBytesRequested="1168" timestamp="2019-06-16T21:31:02.763" intervalms="3.034" type="nursery" />
<cycle-start id="5186" type="scavenge" contextid="0" timestamp="2019-06-16T21:31:02.763" intervalms="3.034" />
<gc-start id="5187" type="scavenge" contextid="5186" timestamp="2019-06-16T21:31:02.763">
  <mem-info id="5188" free="2045275560" total="2092630016" percent="97">
    <mem type="nursery" free="0" total="3932160" percent="0">
      <mem type="allocate" free="0" total="3538944" percent="0" />
      <mem type="survivor" free="0" total="393216" percent="0" />
    </mem>
    <mem type="tenure" free="2045275560" total="2088697856" percent="97">
      <mem type="soa" free="1919954344" total="1963376640" percent="97" />
      <mem type="loa" free="125321216" total="125321216" percent="100" />
    </mem>
    <remembered-set count="102" />
  </mem-info>
</gc-start>
<allocation-stats totalBytes="3439840" >
  <allocated-bytes non-tlh="1168" tlh="3438672" />
  <largest-consumer threadName="main" threadId="0000000002213700" bytes="3439840" />
</allocation-stats>
<gc-op id="5189" type="scavenge" timems="0.167" contextid="5186" timestamp="2019-06-16T21:31:02.764">
  <scavenger-info tenureage="9" tenuremask="fe00" tiltratio="90" />
  <memory-copied type="nursery" objects="2" bytes="64" bytesdiscarded="78272" />
</gc-op>
<gc-end id="5190" type="scavenge" contextid="5186" durationms="0.684" usertimems="4.000" systemtimems="0.000" timestamp="2019-06-16T21:31:02.764" activeThreads="4">
  <mem-info id="5191" free="2048736168" total="2092630016" percent="97">
    <mem type="nursery" free="3460608" total="3932160" percent="88">
      <mem type="allocate" free="3460608" total="3538944" percent="97" />
      <mem type="survivor" free="0" total="393216" percent="0" />
    </mem>
    <mem type="tenure" free="2045275560" total="2088697856" percent="97" macro-fragmented="0">
      <mem type="soa" free="1919954344" total="1963376640" percent="97" />
      <mem type="loa" free="125321216" total="125321216" percent="100" />
    </mem>
    <remembered-set count="102" />
  </mem-info>
</gc-end>
<cycle-end id="5192" type="scavenge" contextid="5186" timestamp="2019-06-16T21:31:02.764" />
  <attribute name="elasticGC enabled" value="1" />
  <attribute name= "numThreadsSpecified" value="4" />
  <attribute name="heapSize specified" value="9371648" />
  <attribute name="Current GC Util" value="22" />
  <attribute name= "Current Time Running" value="48729" />
  <attribute name ="GC Interval" value="200" />
  <attribute name="ProportionalT" value="1.000000" />
  <attribute name="ProportionalI" value="1.000000" />
  <attribute name="ProportionalH" value="1.000000" />
  <attribute name="Current Error" value="2.000000" />
  <attribute name="IntegralT" value="3.000000" />
  <attribute name="IntegralI" value="3.000000" />
  <attribute name="IntegralH" value="3.000000" />
  <attribute name="DerivativeT" value="0.000000" />
  <attribute name="DerivativeI" value="0.000000" />
  <attribute name="DerivativeH" value="0.000000" />
  <attribute name="Loop Time for DT" value="3.000000" />
  <attribute name="Output H" value="8388608"/>
  <attribute name="Output I" value="200"/>
  <attribute name="Output T" value="4"/>
  <attribute name="Target GC Util Change" value ="20.000000" />
  <attribute name="Current GC Util Change" value="22.000000"/>
  <attribute name="GC Util currently" value="22" />
  <attribute name="CPU Util currently" value="1519180293429" />
<allocation-satisfied id="5193" threadId="0000000002213700" bytesRequested="1168" />
<af-end id="5194" timestamp="2019-06-16T21:31:02.764" threadId="0000000002214088" success="true" from="nursery"/>
<exclusive-end id="5195" timestamp="2019-06-16T21:31:02.764" durationms="1.138" />

<exclusive-start id="5196" timestamp="2019-06-16T21:31:02.766" intervalms="3.125">
  <response-info timems="0.067" idlems="0.067" threads="0" lastid="0000000002213700" lastname="main" />
</exclusive-start>
<af-start id="5197" threadId="0000000002214088" totalBytesRequested="1168" timestamp="2019-06-16T21:31:02.766" intervalms="3.119" type="nursery" />
<cycle-start id="5198" type="scavenge" contextid="0" timestamp="2019-06-16T21:31:02.766" intervalms="3.121" />
<gc-start id="5199" type="scavenge" contextid="5198" timestamp="2019-06-16T21:31:02.767">
  <mem-info id="5200" free="2045275560" total="2092630016" percent="97">
    <mem type="nursery" free="0" total="3932160" percent="0">
      <mem type="allocate" free="0" total="3538944" percent="0" />
      <mem type="survivor" free="0" total="393216" percent="0" />
    </mem>
    <mem type="tenure" free="2045275560" total="2088697856" percent="97">
      <mem type="soa" free="1919954344" total="1963376640" percent="97" />
      <mem type="loa" free="125321216" total="125321216" percent="100" />
    </mem>
    <remembered-set count="102" />
  </mem-info>
</gc-start>
<allocation-stats totalBytes="3439864" >
  <allocated-bytes non-tlh="1168" tlh="3438696" />
  <largest-consumer threadName="main" threadId="0000000002213700" bytes="3439864" />
</allocation-stats>
<gc-op id="5201" type="scavenge" timems="0.177" contextid="5198" timestamp="2019-06-16T21:31:02.767">
  <scavenger-info tenureage="9" tenuremask="fe00" tiltratio="90" />
  <memory-copied type="nursery" objects="2" bytes="64" bytesdiscarded="78272" />
</gc-op>
<gc-end id="5202" type="scavenge" contextid="5198" durationms="0.686" usertimems="0.000" systemtimems="0.000" timestamp="2019-06-16T21:31:02.767" activeThreads="4">
  <mem-info id="5203" free="2048736168" total="2092630016" percent="97">
    <mem type="nursery" free="3460608" total="3932160" percent="88">
      <mem type="allocate" free="3460608" total="3538944" percent="97" />
      <mem type="survivor" free="0" total="393216" percent="0" />
    </mem>
    <mem type="tenure" free="2045275560" total="2088697856" percent="97" macro-fragmented="0">
      <mem type="soa" free="1919954344" total="1963376640" percent="97" />
      <mem type="loa" free="125321216" total="125321216" percent="100" />
    </mem>
    <remembered-set count="102" />
  </mem-info>
</gc-end>
<cycle-end id="5204" type="scavenge" contextid="5198" timestamp="2019-06-16T21:31:02.767" />
  <attribute name="elasticGC enabled" value="1" />
  <attribute name= "numThreadsSpecified" value="4" />
  <attribute name="heapSize specified" value="9371648" />
  <attribute name="Current GC Util" value="21" />
  <attribute name= "Current Time Running" value="48733" />
  <attribute name ="GC Interval" value="200" />
  <attribute name="ProportionalT" value="0.500000" />
  <attribute name="ProportionalI" value="0.500000" />
  <attribute name="ProportionalH" value="0.500000" />
  <attribute name="Current Error" value="1.000000" />
  <attribute name="IntegralT" value="2.000000" />
  <attribute name="IntegralI" value="2.000000" />
  <attribute name="IntegralH" value="2.000000" />
  <attribute name="DerivativeT" value="-0.250000" />
  <attribute name="DerivativeI" value="-0.250000" />
  <attribute name="DerivativeH" value="-0.250000" />
  <attribute name="Loop Time for DT" value="4.000000" />
  <attribute name="Output H" value="8388608"/>
  <attribute name="Output I" value="200"/>
  <attribute name="Output T" value="4"/>
  <attribute name="Target GC Util Change" value ="20.000000" />
  <attribute name="Current GC Util Change" value="21.000000"/>
  <attribute name="GC Util currently" value="21" />
  <attribute name="CPU Util currently" value="1480828827910" />
<allocation-satisfied id="5205" threadId="0000000002213700" bytesRequested="1168" />
<af-end id="5206" timestamp="2019-06-16T21:31:02.767" threadId="0000000002214088" success="true" from="nursery"/>
<exclusive-end id="5207" timestamp="2019-06-16T21:31:02.767" durationms="1.131" />

<exclusive-start id="5208" timestamp="2019-06-16T21:31:02.769" intervalms="2.778">
  <response-info timems="0.061" idlems="0.061" threads="0" lastid="0000000002213700" lastname="main" />
</exclusive-start>
<af-start id="5209" threadId="0000000002214088" totalBytesRequested="1168" timestamp="2019-06-16T21:31:02.769" intervalms="2.780" type="nursery" />
<cycle-start id="5210" type="scavenge" contextid="0" timestamp="2019-06-16T21:31:02.769" intervalms="2.781" />
<gc-start id="5211" type="scavenge" contextid="5210" timestamp="2019-06-16T21:31:02.769">
  <mem-info id="5212" free="2045275560" total="2092630016" percent="97">
    <mem type="nursery" free="0" total="3932160" percent="0">
      <mem type="allocate" free="0" total="3538944" percent="0" />
      <mem type="survivor" free="0" total="393216" percent="0" />
    </mem>
    <mem type="tenure" free="2045275560" total="2088697856" percent="97">
      <mem type="soa" free="1919954344" total="1963376640" percent="97" />
      <mem type="loa" free="125321216" total="125321216" percent="100" />
    </mem>
    <remembered-set count="102" />
  </mem-info>
</gc-start>
<allocation-stats totalBytes="3439840" >
  <allocated-bytes non-tlh="1168" tlh="3438672" />
  <largest-consumer threadName="main" threadId="0000000002213700" bytes="3439840" />
</allocation-stats>
<gc-op id="5213" type="scavenge" timems="0.158" contextid="5210" timestamp="2019-06-16T21:31:02.770">
  <scavenger-info tenureage="9" tenuremask="fe00" tiltratio="90" />
  <memory-copied type="nursery" objects="2" bytes="64" bytesdiscarded="78272" />
</gc-op>
<gc-end id="5214" type="scavenge" contextid="5210" durationms="0.676" usertimems="4.000" systemtimems="0.000" timestamp="2019-06-16T21:31:02.770" activeThreads="4">
  <mem-info id="5215" free="2048736168" total="2092630016" percent="97">
    <mem type="nursery" free="3460608" total="3932160" percent="88">
      <mem type="allocate" free="3460608" total="3538944" percent="97" />
      <mem type="survivor" free="0" total="393216" percent="0" />
    </mem>
    <mem type="tenure" free="2045275560" total="2088697856" percent="97" macro-fragmented="0">
      <mem type="soa" free="1919954344" total="1963376640" percent="97" />
      <mem type="loa" free="125321216" total="125321216" percent="100" />
    </mem>
    <remembered-set count="102" />
  </mem-info>
</gc-end>
<cycle-end id="5216" type="scavenge" contextid="5210" timestamp="2019-06-16T21:31:02.770" />
  <attribute name="elasticGC enabled" value="1" />
  <attribute name= "numThreadsSpecified" value="4" />
  <attribute name="heapSize specified" value="9371648" />
  <attribute name="Current GC Util" value="23" />
  <attribute name= "Current Time Running" value="48735" />
  <attribute name ="GC Interval" value="200" />
  <attribute name="ProportionalT" value="1.500000" />
  <attribute name="ProportionalI" value="1.500000" />
  <attribute name="ProportionalH" value="1.500000" />
  <attribute name="Current Error" value="3.000000" />
  <attribute name="IntegralT" value="3.000000" />
  <attribute name="IntegralI" value="3.000000" />
  <attribute name="IntegralH" value="3.000000" />
  <attribute name="DerivativeT" value="1.000000" />
  <attribute name="DerivativeI" value="1.000000" />
  <attribute name="DerivativeH" value="1.000000" />
  <attribute name="Loop Time for DT" value="2.000000" />
  <attribute name="Output H" value="8388608"/>
  <attribute name="Output I" value="200"/>
  <attribute name="Output T" value="4"/>
  <attribute name="Target GC Util Change" value ="20.000000" />
  <attribute name="Current GC Util Change" value="23.000000"/>
  <attribute name="GC Util currently" value="23" />
  <attribute name="CPU Util currently" value="1655092190136" />
<allocation-satisfied id="5217" threadId="0000000002213700" bytesRequested="1168" />
<af-end id="5218" timestamp="2019-06-16T21:31:02.770" threadId="0000000002214088" success="true" from="nursery"/>
<exclusive-end id="5219" timestamp="2019-06-16T21:31:02.770" durationms="1.123" />

<exclusive-start id="5220" timestamp="2019-06-16T21:31:02.772" intervalms="2.774">
  <response-info timems="0.063" idlems="0.063" threads="0" lastid="0000000002213700" lastname="main" />
</exclusive-start>
<af-start id="5221" threadId="0000000002214088" totalBytesRequested="1168" timestamp="2019-06-16T21:31:02.772" intervalms="2.773" type="nursery" />
<cycle-start id="5222" type="scavenge" contextid="0" timestamp="2019-06-16T21:31:02.772" intervalms="2.771" />
<gc-start id="5223" type="scavenge" contextid="5222" timestamp="2019-06-16T21:31:02.772">
  <mem-info id="5224" free="2045275560" total="2092630016" percent="97">
    <mem type="nursery" free="0" total="3932160" percent="0">
      <mem type="allocate" free="0" total="3538944" percent="0" />
      <mem type="survivor" free="0" total="393216" percent="0" />
    </mem>
    <mem type="tenure" free="2045275560" total="2088697856" percent="97">
      <mem type="soa" free="1919954344" total="1963376640" percent="97" />
      <mem type="loa" free="125321216" total="125321216" percent="100" />
    </mem>
    <remembered-set count="102" />
  </mem-info>
</gc-start>
<allocation-stats totalBytes="3439864" >
  <allocated-bytes non-tlh="1168" tlh="3438696" />
  <largest-consumer threadName="main" threadId="0000000002213700" bytes="3439864" />
</allocation-stats>
<gc-op id="5225" type="scavenge" timems="0.175" contextid="5222" timestamp="2019-06-16T21:31:02.772">
  <scavenger-info tenureage="9" tenuremask="fe00" tiltratio="90" />
  <memory-copied type="nursery" objects="2" bytes="64" bytesdiscarded="78272" />
</gc-op>
<gc-end id="5226" type="scavenge" contextid="5222" durationms="0.683" usertimems="0.000" systemtimems="0.000" timestamp="2019-06-16T21:31:02.773" activeThreads="4">
  <mem-info id="5227" free="2048736168" total="2092630016" percent="97">
    <mem type="nursery" free="3460608" total="3932160" percent="88">
      <mem type="allocate" free="3460608" total="3538944" percent="97" />
      <mem type="survivor" free="0" total="393216" percent="0" />
    </mem>
    <mem type="tenure" free="2045275560" total="2088697856" percent="97" macro-fragmented="0">
      <mem type="soa" free="1919954344" total="1963376640" percent="97" />
      <mem type="loa" free="125321216" total="125321216" percent="100" />
    </mem>
    <remembered-set count="102" />
  </mem-info>
</gc-end>
<cycle-end id="5228" type="scavenge" contextid="5222" timestamp="2019-06-16T21:31:02.773" />
  <attribute name="elasticGC enabled" value="1" />
  <attribute name= "numThreadsSpecified" value="4" />
  <attribute name="heapSize specified" value="9371648" />
  <attribute name="Current GC Util" value="24" />
  <attribute name= "Current Time Running" value="48738" />
  <attribute name ="GC Interval" value="200" />
  <attribute name="ProportionalT" value="2.000000" />
  <attribute name="ProportionalI" value="2.000000" />
  <attribute name="ProportionalH" value="2.000000" />
  <attribute name="Current Error" value="4.000000" />
  <attribute name="IntegralT" value="6.000000" />
  <attribute name="IntegralI" value="6.000000" />
  <attribute name="IntegralH" value="6.000000" />
  <attribute name="DerivativeT" value="0.333333" />
  <attribute name="DerivativeI" value="0.333333" />
  <attribute name="DerivativeH" value="0.333333" />
  <attribute name="Loop Time for DT" value="3.000000" />
  <attribute name="Output H" value="8388608"/>
  <attribute name="Output I" value="200"/>
  <attribute name="Output T" value="4"/>
  <attribute name="Target GC Util Change" value ="20.000000" />
  <attribute name="Current GC Util Change" value="24.000000"/>
  <attribute name="GC Util currently" value="24" />
  <attribute name="CPU Util currently" value="1666464060565" />
<allocation-satisfied id="5229" threadId="0000000002213700" bytesRequested="1168" />
<af-end id="5230" timestamp="2019-06-16T21:31:02.773" threadId="0000000002214088" success="true" from="nursery"/>
<exclusive-end id="5231" timestamp="2019-06-16T21:31:02.773" durationms="1.117" />

<exclusive-start id="5232" timestamp="2019-06-16T21:31:02.775" intervalms="2.771">
  <response-info timems="0.034" idlems="0.034" threads="0" lastid="0000000002213700" lastname="main" />
</exclusive-start>
<af-start id="5233" threadId="0000000002214088" totalBytesRequested="1168" timestamp="2019-06-16T21:31:02.775" intervalms="2.778" type="nursery" />
<cycle-start id="5234" type="scavenge" contextid="0" timestamp="2019-06-16T21:31:02.775" intervalms="2.784" />
<gc-start id="5235" type="scavenge" contextid="5234" timestamp="2019-06-16T21:31:02.775">
  <mem-info id="5236" free="2045275560" total="2092630016" percent="97">
    <mem type="nursery" free="0" total="3932160" percent="0">
      <mem type="allocate" free="0" total="3538944" percent="0" />
      <mem type="survivor" free="0" total="393216" percent="0" />
    </mem>
    <mem type="tenure" free="2045275560" total="2088697856" percent="97">
      <mem type="soa" free="1919954344" total="1963376640" percent="97" />
      <mem type="loa" free="125321216" total="125321216" percent="100" />
    </mem>
    <remembered-set count="102" />
  </mem-info>
</gc-start>
<allocation-stats totalBytes="3438600" >
  <allocated-bytes non-tlh="1168" tlh="3437432" />
  <largest-consumer threadName="main" threadId="0000000002213700" bytes="3438600" />
</allocation-stats>
<gc-op id="5237" type="scavenge" timems="0.187" contextid="5234" timestamp="2019-06-16T21:31:02.775">
  <scavenger-info tenureage="9" tenuremask="fe00" tiltratio="90" />
  <memory-copied type="nursery" objects="2" bytes="64" bytesdiscarded="78272" />
</gc-op>
<gc-end id="5238" type="scavenge" contextid="5234" durationms="0.702" usertimems="0.000" systemtimems="0.000" timestamp="2019-06-16T21:31:02.776" activeThreads="4">
  <mem-info id="5239" free="2048736168" total="2092630016" percent="97">
    <mem type="nursery" free="3460608" total="3932160" percent="88">
      <mem type="allocate" free="3460608" total="3538944" percent="97" />
      <mem type="survivor" free="0" total="393216" percent="0" />
    </mem>
    <mem type="tenure" free="2045275560" total="2088697856" percent="97" macro-fragmented="0">
      <mem type="soa" free="1919954344" total="1963376640" percent="97" />
      <mem type="loa" free="125321216" total="125321216" percent="100" />
    </mem>
    <remembered-set count="102" />
  </mem-info>
</gc-end>
<cycle-end id="5240" type="scavenge" contextid="5234" timestamp="2019-06-16T21:31:02.776" />
  <attribute name="elasticGC enabled" value="1" />
  <attribute name= "numThreadsSpecified" value="4" />
  <attribute name="heapSize specified" value="9371648" />
  <attribute name="Current GC Util" value="23" />
  <attribute name= "Current Time Running" value="48741" />
  <attribute name ="GC Interval" value="200" />
  <attribute name="ProportionalT" value="1.500000" />
  <attribute name="ProportionalI" value="1.500000" />
  <attribute name="ProportionalH" value="1.500000" />
  <attribute name="Current Error" value="3.000000" />
  <attribute name="IntegralT" value="4.500000" />
  <attribute name="IntegralI" value="4.500000" />
  <attribute name="IntegralH" value="4.500000" />
  <attribute name="DerivativeT" value="-0.333333" />
  <attribute name="DerivativeI" value="-0.333333" />
  <attribute name="DerivativeH" value="-0.333333" />
  <attribute name="Loop Time for DT" value="3.000000" />
  <attribute name="Output H" value="8388608"/>
  <attribute name="Output I" value="200"/>
  <attribute name="Output T" value="4"/>
  <attribute name="Target GC Util Change" value ="20.000000" />
  <attribute name="Current GC Util Change" value="23.000000"/>
  <attribute name="GC Util currently" value="23" />
  <attribute name="CPU Util currently" value="1652955965925" />
<allocation-satisfied id="5241" threadId="0000000002213700" bytesRequested="1168" />
<af-end id="5242" timestamp="2019-06-16T21:31:02.776" threadId="0000000002214088" success="true" from="nursery"/>
<exclusive-end id="5243" timestamp="2019-06-16T21:31:02.776" durationms="1.209" />

<exclusive-start id="5244" timestamp="2019-06-16T21:31:02.778" intervalms="2.919">
  <response-info timems="0.031" idlems="0.031" threads="0" lastid="0000000002213700" lastname="main" />
</exclusive-start>
<af-start id="5245" threadId="0000000002214088" totalBytesRequested="1168" timestamp="2019-06-16T21:31:02.778" intervalms="2.927" type="nursery" />
<cycle-start id="5246" type="scavenge" contextid="0" timestamp="2019-06-16T21:31:02.778" intervalms="2.923" />
<gc-start id="5247" type="scavenge" contextid="5246" timestamp="2019-06-16T21:31:02.778">
  <mem-info id="5248" free="2045275560" total="2092630016" percent="97">
    <mem type="nursery" free="0" total="3932160" percent="0">
      <mem type="allocate" free="0" total="3538944" percent="0" />
      <mem type="survivor" free="0" total="393216" percent="0" />
    </mem>
    <mem type="tenure" free="2045275560" total="2088697856" percent="97">
      <mem type="soa" free="1919954344" total="1963376640" percent="97" />
      <mem type="loa" free="125321216" total="125321216" percent="100" />
    </mem>
    <remembered-set count="102" />
  </mem-info>
</gc-start>
<allocation-stats totalBytes="3439864" >
  <allocated-bytes non-tlh="1168" tlh="3438696" />
  <largest-consumer threadName="main" threadId="0000000002213700" bytes="3439864" />
</allocation-stats>
<gc-op id="5249" type="scavenge" timems="0.177" contextid="5246" timestamp="2019-06-16T21:31:02.778">
  <scavenger-info tenureage="9" tenuremask="fe00" tiltratio="90" />
  <memory-copied type="nursery" objects="2" bytes="64" bytesdiscarded="78272" />
</gc-op>
<gc-end id="5250" type="scavenge" contextid="5246" durationms="0.691" usertimems="0.000" systemtimems="0.000" timestamp="2019-06-16T21:31:02.779" activeThreads="4">
  <mem-info id="5251" free="2048736168" total="2092630016" percent="97">
    <mem type="nursery" free="3460608" total="3932160" percent="88">
      <mem type="allocate" free="3460608" total="3538944" percent="97" />
      <mem type="survivor" free="0" total="393216" percent="0" />
    </mem>
    <mem type="tenure" free="2045275560" total="2088697856" percent="97" macro-fragmented="0">
      <mem type="soa" free="1919954344" total="1963376640" percent="97" />
      <mem type="loa" free="125321216" total="125321216" percent="100" />
    </mem>
    <remembered-set count="102" />
  </mem-info>
</gc-end>
<cycle-end id="5252" type="scavenge" contextid="5246" timestamp="2019-06-16T21:31:02.779" />
  <attribute name="elasticGC enabled" value="1" />
  <attribute name= "numThreadsSpecified" value="4" />
  <attribute name="heapSize specified" value="9371648" />
  <attribute name="Current GC Util" value="23" />
  <attribute name= "Current Time Running" value="48744" />
  <attribute name ="GC Interval" value="200" />
  <attribute name="ProportionalT" value="1.500000" />
  <attribute name="ProportionalI" value="1.500000" />
  <attribute name="ProportionalH" value="1.500000" />
  <attribute name="Current Error" value="3.000000" />
  <attribute name="IntegralT" value="4.500000" />
  <attribute name="IntegralI" value="4.500000" />
  <attribute name="IntegralH" value="4.500000" />
  <attribute name="DerivativeT" value="0.000000" />
  <attribute name="DerivativeI" value="0.000000" />
  <attribute name="DerivativeH" value="0.000000" />
  <attribute name="Loop Time for DT" value="3.000000" />
  <attribute name="Output H" value="8388608"/>
  <attribute name="Output I" value="200"/>
  <attribute name="Output T" value="4"/>
  <attribute name="Target GC Util Change" value ="20.000000" />
  <attribute name="Current GC Util Change" value="23.000000"/>
  <attribute name="GC Util currently" value="23" />
  <attribute name="CPU Util currently" value="1576156576900" />
<allocation-satisfied id="5253" threadId="0000000002213700" bytesRequested="1168" />
<af-end id="5254" timestamp="2019-06-16T21:31:02.779" threadId="0000000002214088" success="true" from="nursery"/>
<exclusive-end id="5255" timestamp="2019-06-16T21:31:02.779" durationms="1.234" />

<exclusive-start id="5256" timestamp="2019-06-16T21:31:02.781" intervalms="2.907">
  <response-info timems="0.036" idlems="0.036" threads="0" lastid="0000000002213700" lastname="main" />
</exclusive-start>
<af-start id="5257" threadId="0000000002214088" totalBytesRequested="1168" timestamp="2019-06-16T21:31:02.781" intervalms="2.911" type="nursery" />
<cycle-start id="5258" type="scavenge" contextid="0" timestamp="2019-06-16T21:31:02.781" intervalms="2.910" />
<gc-start id="5259" type="scavenge" contextid="5258" timestamp="2019-06-16T21:31:02.781">
  <mem-info id="5260" free="2045275560" total="2092630016" percent="97">
    <mem type="nursery" free="0" total="3932160" percent="0">
      <mem type="allocate" free="0" total="3538944" percent="0" />
      <mem type="survivor" free="0" total="393216" percent="0" />
    </mem>
    <mem type="tenure" free="2045275560" total="2088697856" percent="97">
      <mem type="soa" free="1919954344" total="1963376640" percent="97" />
      <mem type="loa" free="125321216" total="125321216" percent="100" />
    </mem>
    <remembered-set count="102" />
  </mem-info>
</gc-start>
<allocation-stats totalBytes="3438600" >
  <allocated-bytes non-tlh="1168" tlh="3437432" />
  <largest-consumer threadName="main" threadId="0000000002213700" bytes="3438600" />
</allocation-stats>
<gc-op id="5261" type="scavenge" timems="0.254" contextid="5258" timestamp="2019-06-16T21:31:02.781">
  <scavenger-info tenureage="9" tenuremask="fe00" tiltratio="90" />
  <memory-copied type="nursery" objects="2" bytes="64" bytesdiscarded="78272" />
</gc-op>
<gc-end id="5262" type="scavenge" contextid="5258" durationms="0.787" usertimems="4.000" systemtimems="0.000" timestamp="2019-06-16T21:31:02.782" activeThreads="4">
  <mem-info id="5263" free="2048736168" total="2092630016" percent="97">
    <mem type="nursery" free="3460608" total="3932160" percent="88">
      <mem type="allocate" free="3460608" total="3538944" percent="97" />
      <mem type="survivor" free="0" total="393216" percent="0" />
    </mem>
    <mem type="tenure" free="2045275560" total="2088697856" percent="97" macro-fragmented="0">
      <mem type="soa" free="1919954344" total="1963376640" percent="97" />
      <mem type="loa" free="125321216" total="125321216" percent="100" />
    </mem>
    <remembered-set count="102" />
  </mem-info>
</gc-end>
<cycle-end id="5264" type="scavenge" contextid="5258" timestamp="2019-06-16T21:31:02.782" />
  <attribute name="elasticGC enabled" value="1" />
  <attribute name= "numThreadsSpecified" value="4" />
  <attribute name="heapSize specified" value="9371648" />
  <attribute name="Current GC Util" value="24" />
  <attribute name= "Current Time Running" value="48747" />
  <attribute name ="GC Interval" value="200" />
  <attribute name="ProportionalT" value="2.000000" />
  <attribute name="ProportionalI" value="2.000000" />
  <attribute name="ProportionalH" value="2.000000" />
  <attribute name="Current Error" value="4.000000" />
  <attribute name="IntegralT" value="6.000000" />
  <attribute name="IntegralI" value="6.000000" />
  <attribute name="IntegralH" value="6.000000" />
  <attribute name="DerivativeT" value="0.333333" />
  <attribute name="DerivativeI" value="0.333333" />
  <attribute name="DerivativeH" value="0.333333" />
  <attribute name="Loop Time for DT" value="3.000000" />
  <attribute name="Output H" value="8388608"/>
  <attribute name="Output I" value="200"/>
  <attribute name="Output T" value="4"/>
  <attribute name="Target GC Util Change" value ="20.000000" />
  <attribute name="Current GC Util Change" value="24.000000"/>
  <attribute name="GC Util currently" value="24" />
  <attribute name="CPU Util currently" value="1580236374853" />
<allocation-satisfied id="5265" threadId="0000000002213700" bytesRequested="1168" />
<af-end id="5266" timestamp="2019-06-16T21:31:02.782" threadId="0000000002214088" success="true" from="nursery"/>
<exclusive-end id="5267" timestamp="2019-06-16T21:31:02.782" durationms="1.353" />

<exclusive-start id="5268" timestamp="2019-06-16T21:31:02.784" intervalms="3.044">
  <response-info timems="0.072" idlems="0.072" threads="0" lastid="0000000002213700" lastname="main" />
</exclusive-start>
<af-start id="5269" threadId="0000000002214088" totalBytesRequested="1168" timestamp="2019-06-16T21:31:02.784" intervalms="3.039" type="nursery" />
<cycle-start id="5270" type="scavenge" contextid="0" timestamp="2019-06-16T21:31:02.784" intervalms="3.042" />
<gc-start id="5271" type="scavenge" contextid="5270" timestamp="2019-06-16T21:31:02.784">
  <mem-info id="5272" free="2045275560" total="2092630016" percent="97">
    <mem type="nursery" free="0" total="3932160" percent="0">
      <mem type="allocate" free="0" total="3538944" percent="0" />
      <mem type="survivor" free="0" total="393216" percent="0" />
    </mem>
    <mem type="tenure" free="2045275560" total="2088697856" percent="97">
      <mem type="soa" free="1919954344" total="1963376640" percent="97" />
      <mem type="loa" free="125321216" total="125321216" percent="100" />
    </mem>
    <remembered-set count="102" />
  </mem-info>
</gc-start>
<allocation-stats totalBytes="3439864" >
  <allocated-bytes non-tlh="1168" tlh="3438696" />
  <largest-consumer threadName="main" threadId="0000000002213700" bytes="3439864" />
</allocation-stats>
<gc-op id="5273" type="scavenge" timems="0.175" contextid="5270" timestamp="2019-06-16T21:31:02.784">
  <scavenger-info tenureage="9" tenuremask="fe00" tiltratio="90" />
  <memory-copied type="nursery" objects="2" bytes="64" bytesdiscarded="78272" />
</gc-op>
<gc-end id="5274" type="scavenge" contextid="5270" durationms="0.690" usertimems="0.000" systemtimems="0.000" timestamp="2019-06-16T21:31:02.784" activeThreads="4">
  <mem-info id="5275" free="2048736168" total="2092630016" percent="97">
    <mem type="nursery" free="3460608" total="3932160" percent="88">
      <mem type="allocate" free="3460608" total="3538944" percent="97" />
      <mem type="survivor" free="0" total="393216" percent="0" />
    </mem>
    <mem type="tenure" free="2045275560" total="2088697856" percent="97" macro-fragmented="0">
      <mem type="soa" free="1919954344" total="1963376640" percent="97" />
      <mem type="loa" free="125321216" total="125321216" percent="100" />
    </mem>
    <remembered-set count="102" />
  </mem-info>
</gc-end>
<cycle-end id="5276" type="scavenge" contextid="5270" timestamp="2019-06-16T21:31:02.785" />
  <attribute name="elasticGC enabled" value="1" />
  <attribute name= "numThreadsSpecified" value="4" />
  <attribute name="heapSize specified" value="9371648" />
  <attribute name="Current GC Util" value="25" />
  <attribute name= "Current Time Running" value="48750" />
  <attribute name ="GC Interval" value="200" />
  <attribute name="ProportionalT" value="2.500000" />
  <attribute name="ProportionalI" value="2.500000" />
  <attribute name="ProportionalH" value="2.500000" />
  <attribute name="Current Error" value="5.000000" />
  <attribute name="IntegralT" value="7.500000" />
  <attribute name="IntegralI" value="7.500000" />
  <attribute name="IntegralH" value="7.500000" />
  <attribute name="DerivativeT" value="0.333333" />
  <attribute name="DerivativeI" value="0.333333" />
  <attribute name="DerivativeH" value="0.333333" />
  <attribute name="Loop Time for DT" value="3.000000" />
  <attribute name="Output H" value="8388608"/>
  <attribute name="Output I" value="200"/>
  <attribute name="Output T" value="4"/>
  <attribute name="Target GC Util Change" value ="20.000000" />
  <attribute name="Current GC Util Change" value="25.000000"/>
  <attribute name="GC Util currently" value="25" />
  <attribute name="CPU Util currently" value="1519237346597" />
<allocation-satisfied id="5277" threadId="0000000002213700" bytesRequested="1168" />
<af-end id="5278" timestamp="2019-06-16T21:31:02.785" threadId="0000000002214088" success="true" from="nursery"/>
<exclusive-end id="5279" timestamp="2019-06-16T21:31:02.785" durationms="1.224" />

<exclusive-start id="5280" timestamp="2019-06-16T21:31:02.786" intervalms="2.909">
  <response-info timems="0.068" idlems="0.068" threads="0" lastid="0000000002213700" lastname="main" />
</exclusive-start>
<af-start id="5281" threadId="0000000002214088" totalBytesRequested="1168" timestamp="2019-06-16T21:31:02.787" intervalms="2.895" type="nursery" />
<cycle-start id="5282" type="scavenge" contextid="0" timestamp="2019-06-16T21:31:02.787" intervalms="2.901" />
<gc-start id="5283" type="scavenge" contextid="5282" timestamp="2019-06-16T21:31:02.787">
  <mem-info id="5284" free="2045275560" total="2092630016" percent="97">
    <mem type="nursery" free="0" total="3932160" percent="0">
      <mem type="allocate" free="0" total="3538944" percent="0" />
      <mem type="survivor" free="0" total="393216" percent="0" />
    </mem>
    <mem type="tenure" free="2045275560" total="2088697856" percent="97">
      <mem type="soa" free="1919954344" total="1963376640" percent="97" />
      <mem type="loa" free="125321216" total="125321216" percent="100" />
    </mem>
    <remembered-set count="102" />
  </mem-info>
</gc-start>
<allocation-stats totalBytes="3438600" >
  <allocated-bytes non-tlh="1168" tlh="3437432" />
  <largest-consumer threadName="main" threadId="0000000002213700" bytes="3438600" />
</allocation-stats>
<gc-op id="5285" type="scavenge" timems="0.189" contextid="5282" timestamp="2019-06-16T21:31:02.787">
  <scavenger-info tenureage="9" tenuremask="fe00" tiltratio="90" />
  <memory-copied type="nursery" objects="2" bytes="64" bytesdiscarded="78272" />
</gc-op>
<gc-end id="5286" type="scavenge" contextid="5282" durationms="0.706" usertimems="0.000" systemtimems="0.000" timestamp="2019-06-16T21:31:02.787" activeThreads="4">
  <mem-info id="5287" free="2048736168" total="2092630016" percent="97">
    <mem type="nursery" free="3460608" total="3932160" percent="88">
      <mem type="allocate" free="3460608" total="3538944" percent="97" />
      <mem type="survivor" free="0" total="393216" percent="0" />
    </mem>
    <mem type="tenure" free="2045275560" total="2088697856" percent="97" macro-fragmented="0">
      <mem type="soa" free="1919954344" total="1963376640" percent="97" />
      <mem type="loa" free="125321216" total="125321216" percent="100" />
    </mem>
    <remembered-set count="102" />
  </mem-info>
</gc-end>
<cycle-end id="5288" type="scavenge" contextid="5282" timestamp="2019-06-16T21:31:02.787" />
  <attribute name="elasticGC enabled" value="1" />
  <attribute name= "numThreadsSpecified" value="4" />
  <attribute name="heapSize specified" value="9371648" />
  <attribute name="Current GC Util" value="24" />
  <attribute name= "Current Time Running" value="48753" />
  <attribute name ="GC Interval" value="200" />
  <attribute name="ProportionalT" value="2.000000" />
  <attribute name="ProportionalI" value="2.000000" />
  <attribute name="ProportionalH" value="2.000000" />
  <attribute name="Current Error" value="4.000000" />
  <attribute name="IntegralT" value="6.000000" />
  <attribute name="IntegralI" value="6.000000" />
  <attribute name="IntegralH" value="6.000000" />
  <attribute name="DerivativeT" value="-0.333333" />
  <attribute name="DerivativeI" value="-0.333333" />
  <attribute name="DerivativeH" value="-0.333333" />
  <attribute name="Loop Time for DT" value="3.000000" />
  <attribute name="Output H" value="8388608"/>
  <attribute name="Output I" value="200"/>
  <attribute name="Output T" value="4"/>
  <attribute name="Target GC Util Change" value ="20.000000" />
  <attribute name="Current GC Util Change" value="24.000000"/>
  <attribute name="GC Util currently" value="24" />
  <attribute name="CPU Util currently" value="1590707725318" />
<allocation-satisfied id="5289" threadId="0000000002213700" bytesRequested="1168" />
<af-end id="5290" timestamp="2019-06-16T21:31:02.788" threadId="0000000002214088" success="true" from="nursery"/>
<exclusive-end id="5291" timestamp="2019-06-16T21:31:02.788" durationms="1.175" />

<exclusive-start id="5292" timestamp="2019-06-16T21:31:02.789" intervalms="2.854">
  <response-info timems="0.054" idlems="0.054" threads="0" lastid="0000000002213700" lastname="main" />
</exclusive-start>
<af-start id="5293" threadId="0000000002214088" totalBytesRequested="1168" timestamp="2019-06-16T21:31:02.789" intervalms="2.859" type="nursery" />
<cycle-start id="5294" type="scavenge" contextid="0" timestamp="2019-06-16T21:31:02.789" intervalms="2.851" />
<gc-start id="5295" type="scavenge" contextid="5294" timestamp="2019-06-16T21:31:02.790">
  <mem-info id="5296" free="2045275560" total="2092630016" percent="97">
    <mem type="nursery" free="0" total="3932160" percent="0">
      <mem type="allocate" free="0" total="3538944" percent="0" />
      <mem type="survivor" free="0" total="393216" percent="0" />
    </mem>
    <mem type="tenure" free="2045275560" total="2088697856" percent="97">
      <mem type="soa" free="1919954344" total="1963376640" percent="97" />
      <mem type="loa" free="125321216" total="125321216" percent="100" />
    </mem>
    <remembered-set count="102" />
  </mem-info>
</gc-start>
<allocation-stats totalBytes="3439840" >
  <allocated-bytes non-tlh="1168" tlh="3438672" />
  <largest-consumer threadName="main" threadId="0000000002213700" bytes="3439840" />
</allocation-stats>
<gc-op id="5297" type="scavenge" timems="0.213" contextid="5294" timestamp="2019-06-16T21:31:02.790">
  <scavenger-info tenureage="9" tenuremask="fe00" tiltratio="90" />
  <memory-copied type="nursery" objects="2" bytes="64" bytesdiscarded="78272" />
</gc-op>
<gc-end id="5298" type="scavenge" contextid="5294" durationms="0.729" usertimems="4.000" systemtimems="0.000" timestamp="2019-06-16T21:31:02.790" activeThreads="4">
  <mem-info id="5299" free="2048736168" total="2092630016" percent="97">
    <mem type="nursery" free="3460608" total="3932160" percent="88">
      <mem type="allocate" free="3460608" total="3538944" percent="97" />
      <mem type="survivor" free="0" total="393216" percent="0" />
    </mem>
    <mem type="tenure" free="2045275560" total="2088697856" percent="97" macro-fragmented="0">
      <mem type="soa" free="1919954344" total="1963376640" percent="97" />
      <mem type="loa" free="125321216" total="125321216" percent="100" />
    </mem>
    <remembered-set count="102" />
  </mem-info>
</gc-end>
<cycle-end id="5300" type="scavenge" contextid="5294" timestamp="2019-06-16T21:31:02.790" />
  <attribute name="elasticGC enabled" value="1" />
  <attribute name= "numThreadsSpecified" value="4" />
  <attribute name="heapSize specified" value="9371648" />
  <attribute name="Current GC Util" value="24" />
  <attribute name= "Current Time Running" value="48756" />
  <attribute name ="GC Interval" value="200" />
  <attribute name="ProportionalT" value="2.000000" />
  <attribute name="ProportionalI" value="2.000000" />
  <attribute name="ProportionalH" value="2.000000" />
  <attribute name="Current Error" value="4.000000" />
  <attribute name="IntegralT" value="6.000000" />
  <attribute name="IntegralI" value="6.000000" />
  <attribute name="IntegralH" value="6.000000" />
  <attribute name="DerivativeT" value="0.000000" />
  <attribute name="DerivativeI" value="0.000000" />
  <attribute name="DerivativeH" value="0.000000" />
  <attribute name="Loop Time for DT" value="3.000000" />
  <attribute name="Output H" value="8388608"/>
  <attribute name="Output I" value="200"/>
  <attribute name="Output T" value="4"/>
  <attribute name="Target GC Util Change" value ="20.000000" />
  <attribute name="Current GC Util Change" value="24.000000"/>
  <attribute name="GC Util currently" value="24" />
  <attribute name="CPU Util currently" value="1615735640790" />
<allocation-satisfied id="5301" threadId="0000000002213700" bytesRequested="1168" />
<af-end id="5302" timestamp="2019-06-16T21:31:02.790" threadId="0000000002214088" success="true" from="nursery"/>
<exclusive-end id="5303" timestamp="2019-06-16T21:31:02.791" durationms="1.197" />

<exclusive-start id="5304" timestamp="2019-06-16T21:31:02.792" intervalms="2.883">
  <response-info timems="0.092" idlems="0.092" threads="0" lastid="0000000002213700" lastname="main" />
</exclusive-start>
<af-start id="5305" threadId="0000000002214088" totalBytesRequested="1168" timestamp="2019-06-16T21:31:02.792" intervalms="2.873" type="nursery" />
<cycle-start id="5306" type="scavenge" contextid="0" timestamp="2019-06-16T21:31:02.792" intervalms="2.874" />
<gc-start id="5307" type="scavenge" contextid="5306" timestamp="2019-06-16T21:31:02.792">
  <mem-info id="5308" free="2045275560" total="2092630016" percent="97">
    <mem type="nursery" free="0" total="3932160" percent="0">
      <mem type="allocate" free="0" total="3538944" percent="0" />
      <mem type="survivor" free="0" total="393216" percent="0" />
    </mem>
    <mem type="tenure" free="2045275560" total="2088697856" percent="97">
      <mem type="soa" free="1919954344" total="1963376640" percent="97" />
      <mem type="loa" free="125321216" total="125321216" percent="100" />
    </mem>
    <remembered-set count="102" />
  </mem-info>
</gc-start>
<allocation-stats totalBytes="3438624" >
  <allocated-bytes non-tlh="1168" tlh="3437456" />
  <largest-consumer threadName="main" threadId="0000000002213700" bytes="3438624" />
</allocation-stats>
<gc-op id="5309" type="scavenge" timems="0.181" contextid="5306" timestamp="2019-06-16T21:31:02.793">
  <scavenger-info tenureage="10" tenuremask="fc00" tiltratio="90" />
  <memory-copied type="nursery" objects="2" bytes="64" bytesdiscarded="78272" />
</gc-op>
<gc-end id="5310" type="scavenge" contextid="5306" durationms="0.702" usertimems="4.000" systemtimems="0.000" timestamp="2019-06-16T21:31:02.793" activeThreads="4">
  <mem-info id="5311" free="2048736168" total="2092630016" percent="97">
    <mem type="nursery" free="3460608" total="3932160" percent="88">
      <mem type="allocate" free="3460608" total="3538944" percent="97" />
      <mem type="survivor" free="0" total="393216" percent="0" />
    </mem>
    <mem type="tenure" free="2045275560" total="2088697856" percent="97" macro-fragmented="0">
      <mem type="soa" free="1919954344" total="1963376640" percent="97" />
      <mem type="loa" free="125321216" total="125321216" percent="100" />
    </mem>
    <remembered-set count="102" />
  </mem-info>
</gc-end>
<cycle-end id="5312" type="scavenge" contextid="5306" timestamp="2019-06-16T21:31:02.793" />
  <attribute name="elasticGC enabled" value="1" />
  <attribute name= "numThreadsSpecified" value="4" />
  <attribute name="heapSize specified" value="9371648" />
  <attribute name="Current GC Util" value="24" />
  <attribute name= "Current Time Running" value="48758" />
  <attribute name ="GC Interval" value="200" />
  <attribute name="ProportionalT" value="2.000000" />
  <attribute name="ProportionalI" value="2.000000" />
  <attribute name="ProportionalH" value="2.000000" />
  <attribute name="Current Error" value="4.000000" />
  <attribute name="IntegralT" value="4.000000" />
  <attribute name="IntegralI" value="4.000000" />
  <attribute name="IntegralH" value="4.000000" />
  <attribute name="DerivativeT" value="0.000000" />
  <attribute name="DerivativeI" value="0.000000" />
  <attribute name="DerivativeH" value="0.000000" />
  <attribute name="Loop Time for DT" value="2.000000" />
  <attribute name="Output H" value="8388608"/>
  <attribute name="Output I" value="200"/>
  <attribute name="Output T" value="4"/>
  <attribute name="Target GC Util Change" value ="20.000000" />
  <attribute name="Current GC Util Change" value="24.000000"/>
  <attribute name="GC Util currently" value="24" />
  <attribute name="CPU Util currently" value="1607489901945" />
<allocation-satisfied id="5313" threadId="0000000002213700" bytesRequested="1168" />
<af-end id="5314" timestamp="2019-06-16T21:31:02.793" threadId="0000000002214088" success="true" from="nursery"/>
<exclusive-end id="5315" timestamp="2019-06-16T21:31:02.793" durationms="1.145" />

<exclusive-start id="5316" timestamp="2019-06-16T21:31:02.795" intervalms="2.808">
  <response-info timems="0.061" idlems="0.061" threads="0" lastid="0000000002213700" lastname="main" />
</exclusive-start>
<af-start id="5317" threadId="0000000002214088" totalBytesRequested="1168" timestamp="2019-06-16T21:31:02.795" intervalms="2.814" type="nursery" />
<cycle-start id="5318" type="scavenge" contextid="0" timestamp="2019-06-16T21:31:02.795" intervalms="2.811" />
<gc-start id="5319" type="scavenge" contextid="5318" timestamp="2019-06-16T21:31:02.795">
  <mem-info id="5320" free="2045275560" total="2092630016" percent="97">
    <mem type="nursery" free="0" total="3932160" percent="0">
      <mem type="allocate" free="0" total="3538944" percent="0" />
      <mem type="survivor" free="0" total="393216" percent="0" />
    </mem>
    <mem type="tenure" free="2045275560" total="2088697856" percent="97">
      <mem type="soa" free="1919954344" total="1963376640" percent="97" />
      <mem type="loa" free="125321216" total="125321216" percent="100" />
    </mem>
    <remembered-set count="102" />
  </mem-info>
</gc-start>
<allocation-stats totalBytes="3439840" >
  <allocated-bytes non-tlh="1168" tlh="3438672" />
  <largest-consumer threadName="main" threadId="0000000002213700" bytes="3439840" />
</allocation-stats>
<gc-op id="5321" type="scavenge" timems="0.184" contextid="5318" timestamp="2019-06-16T21:31:02.796">
  <scavenger-info tenureage="10" tenuremask="fc00" tiltratio="90" />
  <memory-copied type="nursery" objects="2" bytes="64" bytesdiscarded="78272" />
</gc-op>
<gc-end id="5322" type="scavenge" contextid="5318" durationms="0.704" usertimems="0.000" systemtimems="0.000" timestamp="2019-06-16T21:31:02.796" activeThreads="4">
  <mem-info id="5323" free="2048736168" total="2092630016" percent="97">
    <mem type="nursery" free="3460608" total="3932160" percent="88">
      <mem type="allocate" free="3460608" total="3538944" percent="97" />
      <mem type="survivor" free="0" total="393216" percent="0" />
    </mem>
    <mem type="tenure" free="2045275560" total="2088697856" percent="97" macro-fragmented="0">
      <mem type="soa" free="1919954344" total="1963376640" percent="97" />
      <mem type="loa" free="125321216" total="125321216" percent="100" />
    </mem>
    <remembered-set count="102" />
  </mem-info>
</gc-end>
<cycle-end id="5324" type="scavenge" contextid="5318" timestamp="2019-06-16T21:31:02.796" />
  <attribute name="elasticGC enabled" value="1" />
  <attribute name= "numThreadsSpecified" value="4" />
  <attribute name="heapSize specified" value="9371648" />
  <attribute name="Current GC Util" value="24" />
  <attribute name= "Current Time Running" value="48761" />
  <attribute name ="GC Interval" value="200" />
  <attribute name="ProportionalT" value="2.000000" />
  <attribute name="ProportionalI" value="2.000000" />
  <attribute name="ProportionalH" value="2.000000" />
  <attribute name="Current Error" value="4.000000" />
  <attribute name="IntegralT" value="6.000000" />
  <attribute name="IntegralI" value="6.000000" />
  <attribute name="IntegralH" value="6.000000" />
  <attribute name="DerivativeT" value="0.000000" />
  <attribute name="DerivativeI" value="0.000000" />
  <attribute name="DerivativeH" value="0.000000" />
  <attribute name="Loop Time for DT" value="3.000000" />
  <attribute name="Output H" value="8388608"/>
  <attribute name="Output I" value="200"/>
  <attribute name="Output T" value="4"/>
  <attribute name="Target GC Util Change" value ="20.000000" />
  <attribute name="Current GC Util Change" value="24.000000"/>
  <attribute name="GC Util currently" value="24" />
  <attribute name="CPU Util currently" value="1636477184434" />
<allocation-satisfied id="5325" threadId="0000000002213700" bytesRequested="1168" />
<af-end id="5326" timestamp="2019-06-16T21:31:02.796" threadId="0000000002214088" success="true" from="nursery"/>
<exclusive-end id="5327" timestamp="2019-06-16T21:31:02.796" durationms="1.154" />

<exclusive-start id="5328" timestamp="2019-06-16T21:31:02.798" intervalms="2.863">
  <response-info timems="0.073" idlems="0.073" threads="0" lastid="0000000002213700" lastname="main" />
</exclusive-start>
<af-start id="5329" threadId="0000000002214088" totalBytesRequested="1168" timestamp="2019-06-16T21:31:02.798" intervalms="2.861" type="nursery" />
<cycle-start id="5330" type="scavenge" contextid="0" timestamp="2019-06-16T21:31:02.798" intervalms="2.841" />
<gc-start id="5331" type="scavenge" contextid="5330" timestamp="2019-06-16T21:31:02.798">
  <mem-info id="5332" free="2045275560" total="2092630016" percent="97">
    <mem type="nursery" free="0" total="3932160" percent="0">
      <mem type="allocate" free="0" total="3538944" percent="0" />
      <mem type="survivor" free="0" total="393216" percent="0" />
    </mem>
    <mem type="tenure" free="2045275560" total="2088697856" percent="97">
      <mem type="soa" free="1919954344" total="1963376640" percent="97" />
      <mem type="loa" free="125321216" total="125321216" percent="100" />
    </mem>
    <remembered-set count="102" />
  </mem-info>
</gc-start>
<allocation-stats totalBytes="3438624" >
  <allocated-bytes non-tlh="1168" tlh="3437456" />
  <largest-consumer threadName="main" threadId="0000000002213700" bytes="3438624" />
</allocation-stats>
<gc-op id="5333" type="scavenge" timems="0.203" contextid="5330" timestamp="2019-06-16T21:31:02.798">
  <scavenger-info tenureage="10" tenuremask="fc00" tiltratio="90" />
  <memory-copied type="nursery" objects="2" bytes="64" bytesdiscarded="78272" />
</gc-op>
<gc-end id="5334" type="scavenge" contextid="5330" durationms="0.719" usertimems="0.000" systemtimems="0.000" timestamp="2019-06-16T21:31:02.799" activeThreads="4">
  <mem-info id="5335" free="2048736168" total="2092630016" percent="97">
    <mem type="nursery" free="3460608" total="3932160" percent="88">
      <mem type="allocate" free="3460608" total="3538944" percent="97" />
      <mem type="survivor" free="0" total="393216" percent="0" />
    </mem>
    <mem type="tenure" free="2045275560" total="2088697856" percent="97" macro-fragmented="0">
      <mem type="soa" free="1919954344" total="1963376640" percent="97" />
      <mem type="loa" free="125321216" total="125321216" percent="100" />
    </mem>
    <remembered-set count="102" />
  </mem-info>
</gc-end>
<cycle-end id="5336" type="scavenge" contextid="5330" timestamp="2019-06-16T21:31:02.799" />
  <attribute name="elasticGC enabled" value="1" />
  <attribute name= "numThreadsSpecified" value="4" />
  <attribute name="heapSize specified" value="9371648" />
  <attribute name="Current GC Util" value="24" />
  <attribute name= "Current Time Running" value="48764" />
  <attribute name ="GC Interval" value="200" />
  <attribute name="ProportionalT" value="2.000000" />
  <attribute name="ProportionalI" value="2.000000" />
  <attribute name="ProportionalH" value="2.000000" />
  <attribute name="Current Error" value="4.000000" />
  <attribute name="IntegralT" value="6.000000" />
  <attribute name="IntegralI" value="6.000000" />
  <attribute name="IntegralH" value="6.000000" />
  <attribute name="DerivativeT" value="0.000000" />
  <attribute name="DerivativeI" value="0.000000" />
  <attribute name="DerivativeH" value="0.000000" />
  <attribute name="Loop Time for DT" value="3.000000" />
  <attribute name="Output H" value="8388608"/>
  <attribute name="Output I" value="200"/>
  <attribute name="Output T" value="4"/>
  <attribute name="Target GC Util Change" value ="20.000000" />
  <attribute name="Current GC Util Change" value="24.000000"/>
  <attribute name="GC Util currently" value="24" />
  <attribute name="CPU Util currently" value="1627797697832" />
<allocation-satisfied id="5337" threadId="0000000002213700" bytesRequested="1168" />
<af-end id="5338" timestamp="2019-06-16T21:31:02.799" threadId="0000000002214088" success="true" from="nursery"/>
<exclusive-end id="5339" timestamp="2019-06-16T21:31:02.799" durationms="1.146" />

<exclusive-start id="5340" timestamp="2019-06-16T21:31:02.801" intervalms="2.772">
  <response-info timems="0.028" idlems="0.028" threads="0" lastid="0000000002213700" lastname="main" />
</exclusive-start>
<af-start id="5341" threadId="0000000002214088" totalBytesRequested="1168" timestamp="2019-06-16T21:31:02.801" intervalms="2.772" type="nursery" />
<cycle-start id="5342" type="scavenge" contextid="0" timestamp="2019-06-16T21:31:02.801" intervalms="2.790" />
<gc-start id="5343" type="scavenge" contextid="5342" timestamp="2019-06-16T21:31:02.801">
  <mem-info id="5344" free="2045275560" total="2092630016" percent="97">
    <mem type="nursery" free="0" total="3932160" percent="0">
      <mem type="allocate" free="0" total="3538944" percent="0" />
      <mem type="survivor" free="0" total="393216" percent="0" />
    </mem>
    <mem type="tenure" free="2045275560" total="2088697856" percent="97">
      <mem type="soa" free="1919954344" total="1963376640" percent="97" />
      <mem type="loa" free="125321216" total="125321216" percent="100" />
    </mem>
    <remembered-set count="102" />
  </mem-info>
</gc-start>
<allocation-stats totalBytes="3439840" >
  <allocated-bytes non-tlh="1168" tlh="3438672" />
  <largest-consumer threadName="main" threadId="0000000002213700" bytes="3439840" />
</allocation-stats>
<gc-op id="5345" type="scavenge" timems="0.232" contextid="5342" timestamp="2019-06-16T21:31:02.801">
  <scavenger-info tenureage="10" tenuremask="fc00" tiltratio="90" />
  <memory-copied type="nursery" objects="2" bytes="64" bytesdiscarded="78272" />
</gc-op>
<gc-end id="5346" type="scavenge" contextid="5342" durationms="0.749" usertimems="4.000" systemtimems="0.000" timestamp="2019-06-16T21:31:02.802" activeThreads="4">
  <mem-info id="5347" free="2048736168" total="2092630016" percent="97">
    <mem type="nursery" free="3460608" total="3932160" percent="88">
      <mem type="allocate" free="3460608" total="3538944" percent="97" />
      <mem type="survivor" free="0" total="393216" percent="0" />
    </mem>
    <mem type="tenure" free="2045275560" total="2088697856" percent="97" macro-fragmented="0">
      <mem type="soa" free="1919954344" total="1963376640" percent="97" />
      <mem type="loa" free="125321216" total="125321216" percent="100" />
    </mem>
    <remembered-set count="102" />
  </mem-info>
</gc-end>
<cycle-end id="5348" type="scavenge" contextid="5342" timestamp="2019-06-16T21:31:02.802" />
  <attribute name="elasticGC enabled" value="1" />
  <attribute name= "numThreadsSpecified" value="4" />
  <attribute name="heapSize specified" value="9371648" />
  <attribute name="Current GC Util" value="24" />
  <attribute name= "Current Time Running" value="48767" />
  <attribute name ="GC Interval" value="200" />
  <attribute name="ProportionalT" value="2.000000" />
  <attribute name="ProportionalI" value="2.000000" />
  <attribute name="ProportionalH" value="2.000000" />
  <attribute name="Current Error" value="4.000000" />
  <attribute name="IntegralT" value="6.000000" />
  <attribute name="IntegralI" value="6.000000" />
  <attribute name="IntegralH" value="6.000000" />
  <attribute name="DerivativeT" value="0.000000" />
  <attribute name="DerivativeI" value="0.000000" />
  <attribute name="DerivativeH" value="0.000000" />
  <attribute name="Loop Time for DT" value="3.000000" />
  <attribute name="Output H" value="8388608"/>
  <attribute name="Output I" value="200"/>
  <attribute name="Output T" value="4"/>
  <attribute name="Target GC Util Change" value ="20.000000" />
  <attribute name="Current GC Util Change" value="24.000000"/>
  <attribute name="GC Util currently" value="24" />
  <attribute name="CPU Util currently" value="1656082382027" />
<allocation-satisfied id="5349" threadId="0000000002213700" bytesRequested="1168" />
<af-end id="5350" timestamp="2019-06-16T21:31:02.802" threadId="0000000002214088" success="true" from="nursery"/>
<exclusive-end id="5351" timestamp="2019-06-16T21:31:02.802" durationms="1.191" />

<exclusive-start id="5352" timestamp="2019-06-16T21:31:02.803" intervalms="2.836">
  <response-info timems="0.063" idlems="0.063" threads="0" lastid="0000000002213700" lastname="main" />
</exclusive-start>
<af-start id="5353" threadId="0000000002214088" totalBytesRequested="1168" timestamp="2019-06-16T21:31:02.804" intervalms="2.831" type="nursery" />
<cycle-start id="5354" type="scavenge" contextid="0" timestamp="2019-06-16T21:31:02.804" intervalms="2.830" />
<gc-start id="5355" type="scavenge" contextid="5354" timestamp="2019-06-16T21:31:02.804">
  <mem-info id="5356" free="2045275560" total="2092630016" percent="97">
    <mem type="nursery" free="0" total="3932160" percent="0">
      <mem type="allocate" free="0" total="3538944" percent="0" />
      <mem type="survivor" free="0" total="393216" percent="0" />
    </mem>
    <mem type="tenure" free="2045275560" total="2088697856" percent="97">
      <mem type="soa" free="1919954344" total="1963376640" percent="97" />
      <mem type="loa" free="125321216" total="125321216" percent="100" />
    </mem>
    <remembered-set count="102" />
  </mem-info>
</gc-start>
<allocation-stats totalBytes="3439864" >
  <allocated-bytes non-tlh="1168" tlh="3438696" />
  <largest-consumer threadName="main" threadId="0000000002213700" bytes="3439864" />
</allocation-stats>
<gc-op id="5357" type="scavenge" timems="0.161" contextid="5354" timestamp="2019-06-16T21:31:02.804">
  <scavenger-info tenureage="10" tenuremask="fc00" tiltratio="90" />
  <memory-copied type="nursery" objects="2" bytes="64" bytesdiscarded="78272" />
</gc-op>
<gc-end id="5358" type="scavenge" contextid="5354" durationms="0.669" usertimems="4.000" systemtimems="0.000" timestamp="2019-06-16T21:31:02.804" activeThreads="4">
  <mem-info id="5359" free="2048736168" total="2092630016" percent="97">
    <mem type="nursery" free="3460608" total="3932160" percent="88">
      <mem type="allocate" free="3460608" total="3538944" percent="97" />
      <mem type="survivor" free="0" total="393216" percent="0" />
    </mem>
    <mem type="tenure" free="2045275560" total="2088697856" percent="97" macro-fragmented="0">
      <mem type="soa" free="1919954344" total="1963376640" percent="97" />
      <mem type="loa" free="125321216" total="125321216" percent="100" />
    </mem>
    <remembered-set count="102" />
  </mem-info>
</gc-end>
<cycle-end id="5360" type="scavenge" contextid="5354" timestamp="2019-06-16T21:31:02.804" />
  <attribute name="elasticGC enabled" value="1" />
  <attribute name= "numThreadsSpecified" value="4" />
  <attribute name="heapSize specified" value="9371648" />
  <attribute name="Current GC Util" value="25" />
  <attribute name= "Current Time Running" value="48770" />
  <attribute name ="GC Interval" value="200" />
  <attribute name="ProportionalT" value="2.500000" />
  <attribute name="ProportionalI" value="2.500000" />
  <attribute name="ProportionalH" value="2.500000" />
  <attribute name="Current Error" value="5.000000" />
  <attribute name="IntegralT" value="7.500000" />
  <attribute name="IntegralI" value="7.500000" />
  <attribute name="IntegralH" value="7.500000" />
  <attribute name="DerivativeT" value="0.333333" />
  <attribute name="DerivativeI" value="0.333333" />
  <attribute name="DerivativeH" value="0.333333" />
  <attribute name="Loop Time for DT" value="3.000000" />
  <attribute name="Output H" value="8388608"/>
  <attribute name="Output I" value="200"/>
  <attribute name="Output T" value="4"/>
  <attribute name="Target GC Util Change" value ="20.000000" />
  <attribute name="Current GC Util Change" value="25.000000"/>
  <attribute name="GC Util currently" value="25" />
  <attribute name="CPU Util currently" value="1634087568230" />
<allocation-satisfied id="5361" threadId="0000000002213700" bytesRequested="1168" />
<af-end id="5362" timestamp="2019-06-16T21:31:02.805" threadId="0000000002214088" success="true" from="nursery"/>
<exclusive-end id="5363" timestamp="2019-06-16T21:31:02.805" durationms="1.094" />

<exclusive-start id="5364" timestamp="2019-06-16T21:31:02.806" intervalms="2.712">
  <response-info timems="0.029" idlems="0.029" threads="0" lastid="0000000002213700" lastname="main" />
</exclusive-start>
<af-start id="5365" threadId="0000000002214088" totalBytesRequested="1168" timestamp="2019-06-16T21:31:02.806" intervalms="2.722" type="nursery" />
<cycle-start id="5366" type="scavenge" contextid="0" timestamp="2019-06-16T21:31:02.806" intervalms="2.730" />
<gc-start id="5367" type="scavenge" contextid="5366" timestamp="2019-06-16T21:31:02.806">
  <mem-info id="5368" free="2045275560" total="2092630016" percent="97">
    <mem type="nursery" free="0" total="3932160" percent="0">
      <mem type="allocate" free="0" total="3538944" percent="0" />
      <mem type="survivor" free="0" total="393216" percent="0" />
    </mem>
    <mem type="tenure" free="2045275560" total="2088697856" percent="97">
      <mem type="soa" free="1919954344" total="1963376640" percent="97" />
      <mem type="loa" free="125321216" total="125321216" percent="100" />
    </mem>
    <remembered-set count="102" />
  </mem-info>
</gc-start>
<allocation-stats totalBytes="3439840" >
  <allocated-bytes non-tlh="1168" tlh="3438672" />
  <largest-consumer threadName="main" threadId="0000000002213700" bytes="3439840" />
</allocation-stats>
<gc-op id="5369" type="scavenge" timems="0.182" contextid="5366" timestamp="2019-06-16T21:31:02.807">
  <scavenger-info tenureage="10" tenuremask="fc00" tiltratio="90" />
  <memory-copied type="nursery" objects="2" bytes="64" bytesdiscarded="78272" />
</gc-op>
<gc-end id="5370" type="scavenge" contextid="5366" durationms="0.705" usertimems="4.000" systemtimems="0.000" timestamp="2019-06-16T21:31:02.807" activeThreads="4">
  <mem-info id="5371" free="2048736168" total="2092630016" percent="97">
    <mem type="nursery" free="3460608" total="3932160" percent="88">
      <mem type="allocate" free="3460608" total="3538944" percent="97" />
      <mem type="survivor" free="0" total="393216" percent="0" />
    </mem>
    <mem type="tenure" free="2045275560" total="2088697856" percent="97" macro-fragmented="0">
      <mem type="soa" free="1919954344" total="1963376640" percent="97" />
      <mem type="loa" free="125321216" total="125321216" percent="100" />
    </mem>
    <remembered-set count="102" />
  </mem-info>
</gc-end>
<cycle-end id="5372" type="scavenge" contextid="5366" timestamp="2019-06-16T21:31:02.807" />
  <attribute name="elasticGC enabled" value="1" />
  <attribute name= "numThreadsSpecified" value="4" />
  <attribute name="heapSize specified" value="9371648" />
  <attribute name="Current GC Util" value="23" />
  <attribute name= "Current Time Running" value="48772" />
  <attribute name ="GC Interval" value="200" />
  <attribute name="ProportionalT" value="1.500000" />
  <attribute name="ProportionalI" value="1.500000" />
  <attribute name="ProportionalH" value="1.500000" />
  <attribute name="Current Error" value="3.000000" />
  <attribute name="IntegralT" value="3.000000" />
  <attribute name="IntegralI" value="3.000000" />
  <attribute name="IntegralH" value="3.000000" />
  <attribute name="DerivativeT" value="-1.000000" />
  <attribute name="DerivativeI" value="-1.000000" />
  <attribute name="DerivativeH" value="-1.000000" />
  <attribute name="Loop Time for DT" value="2.000000" />
  <attribute name="Output H" value="8388608"/>
  <attribute name="Output I" value="200"/>
  <attribute name="Output T" value="4"/>
  <attribute name="Target GC Util Change" value ="20.000000" />
  <attribute name="Current GC Util Change" value="23.000000"/>
  <attribute name="GC Util currently" value="23" />
  <attribute name="CPU Util currently" value="1675374454655" />
<allocation-satisfied id="5373" threadId="0000000002213700" bytesRequested="1168" />
<af-end id="5374" timestamp="2019-06-16T21:31:02.807" threadId="0000000002214088" success="true" from="nursery"/>
<exclusive-end id="5375" timestamp="2019-06-16T21:31:02.807" durationms="1.167" />

<exclusive-start id="5376" timestamp="2019-06-16T21:31:02.809" intervalms="2.796">
  <response-info timems="0.031" idlems="0.031" threads="0" lastid="0000000002213700" lastname="main" />
</exclusive-start>
<af-start id="5377" threadId="0000000002214088" totalBytesRequested="1168" timestamp="2019-06-16T21:31:02.809" intervalms="2.792" type="nursery" />
<cycle-start id="5378" type="scavenge" contextid="0" timestamp="2019-06-16T21:31:02.809" intervalms="2.789" />
<gc-start id="5379" type="scavenge" contextid="5378" timestamp="2019-06-16T21:31:02.809">
  <mem-info id="5380" free="2045275560" total="2092630016" percent="97">
    <mem type="nursery" free="0" total="3932160" percent="0">
      <mem type="allocate" free="0" total="3538944" percent="0" />
      <mem type="survivor" free="0" total="393216" percent="0" />
    </mem>
    <mem type="tenure" free="2045275560" total="2088697856" percent="97">
      <mem type="soa" free="1919954344" total="1963376640" percent="97" />
      <mem type="loa" free="125321216" total="125321216" percent="100" />
    </mem>
    <remembered-set count="102" />
  </mem-info>
</gc-start>
<allocation-stats totalBytes="3439864" >
  <allocated-bytes non-tlh="1168" tlh="3438696" />
  <largest-consumer threadName="main" threadId="0000000002213700" bytes="3439864" />
</allocation-stats>
<gc-op id="5381" type="scavenge" timems="0.179" contextid="5378" timestamp="2019-06-16T21:31:02.809">
  <scavenger-info tenureage="10" tenuremask="fc00" tiltratio="90" />
  <memory-copied type="nursery" objects="2" bytes="64" bytesdiscarded="78272" />
</gc-op>
<gc-end id="5382" type="scavenge" contextid="5378" durationms="0.696" usertimems="0.000" systemtimems="0.000" timestamp="2019-06-16T21:31:02.810" activeThreads="4">
  <mem-info id="5383" free="2048736168" total="2092630016" percent="97">
    <mem type="nursery" free="3460608" total="3932160" percent="88">
      <mem type="allocate" free="3460608" total="3538944" percent="97" />
      <mem type="survivor" free="0" total="393216" percent="0" />
    </mem>
    <mem type="tenure" free="2045275560" total="2088697856" percent="97" macro-fragmented="0">
      <mem type="soa" free="1919954344" total="1963376640" percent="97" />
      <mem type="loa" free="125321216" total="125321216" percent="100" />
    </mem>
    <remembered-set count="102" />
  </mem-info>
</gc-end>
<cycle-end id="5384" type="scavenge" contextid="5378" timestamp="2019-06-16T21:31:02.810" />
  <attribute name="elasticGC enabled" value="1" />
  <attribute name= "numThreadsSpecified" value="4" />
  <attribute name="heapSize specified" value="9371648" />
  <attribute name="Current GC Util" value="24" />
  <attribute name= "Current Time Running" value="48775" />
  <attribute name ="GC Interval" value="200" />
  <attribute name="ProportionalT" value="2.000000" />
  <attribute name="ProportionalI" value="2.000000" />
  <attribute name="ProportionalH" value="2.000000" />
  <attribute name="Current Error" value="4.000000" />
  <attribute name="IntegralT" value="6.000000" />
  <attribute name="IntegralI" value="6.000000" />
  <attribute name="IntegralH" value="6.000000" />
  <attribute name="DerivativeT" value="0.333333" />
  <attribute name="DerivativeI" value="0.333333" />
  <attribute name="DerivativeH" value="0.333333" />
  <attribute name="Loop Time for DT" value="3.000000" />
  <attribute name="Output H" value="8388608"/>
  <attribute name="Output I" value="200"/>
  <attribute name="Output T" value="4"/>
  <attribute name="Target GC Util Change" value ="20.000000" />
  <attribute name="Current GC Util Change" value="24.000000"/>
  <attribute name="GC Util currently" value="24" />
  <attribute name="CPU Util currently" value="1662374424906" />
<allocation-satisfied id="5385" threadId="0000000002213700" bytesRequested="1168" />
<af-end id="5386" timestamp="2019-06-16T21:31:02.810" threadId="0000000002214088" success="true" from="nursery"/>
<exclusive-end id="5387" timestamp="2019-06-16T21:31:02.810" durationms="1.147" />

<exclusive-start id="5388" timestamp="2019-06-16T21:31:02.812" intervalms="2.815">
  <response-info timems="0.062" idlems="0.062" threads="0" lastid="0000000002213700" lastname="main" />
</exclusive-start>
<af-start id="5389" threadId="0000000002214088" totalBytesRequested="1168" timestamp="2019-06-16T21:31:02.812" intervalms="2.819" type="nursery" />
<cycle-start id="5390" type="scavenge" contextid="0" timestamp="2019-06-16T21:31:02.812" intervalms="2.818" />
<gc-start id="5391" type="scavenge" contextid="5390" timestamp="2019-06-16T21:31:02.812">
  <mem-info id="5392" free="2045275560" total="2092630016" percent="97">
    <mem type="nursery" free="0" total="3932160" percent="0">
      <mem type="allocate" free="0" total="3538944" percent="0" />
      <mem type="survivor" free="0" total="393216" percent="0" />
    </mem>
    <mem type="tenure" free="2045275560" total="2088697856" percent="97">
      <mem type="soa" free="1919954344" total="1963376640" percent="97" />
      <mem type="loa" free="125321216" total="125321216" percent="100" />
    </mem>
    <remembered-set count="102" />
  </mem-info>
</gc-start>
<allocation-stats totalBytes="3439840" >
  <allocated-bytes non-tlh="1168" tlh="3438672" />
  <largest-consumer threadName="main" threadId="0000000002213700" bytes="3439840" />
</allocation-stats>
<gc-op id="5393" type="scavenge" timems="0.185" contextid="5390" timestamp="2019-06-16T21:31:02.812">
  <scavenger-info tenureage="10" tenuremask="fc00" tiltratio="90" />
  <memory-copied type="nursery" objects="2" bytes="64" bytesdiscarded="78272" />
</gc-op>
<gc-end id="5394" type="scavenge" contextid="5390" durationms="0.706" usertimems="4.000" systemtimems="0.000" timestamp="2019-06-16T21:31:02.813" activeThreads="4">
  <mem-info id="5395" free="2048736168" total="2092630016" percent="97">
    <mem type="nursery" free="3460608" total="3932160" percent="88">
      <mem type="allocate" free="3460608" total="3538944" percent="97" />
      <mem type="survivor" free="0" total="393216" percent="0" />
    </mem>
    <mem type="tenure" free="2045275560" total="2088697856" percent="97" macro-fragmented="0">
      <mem type="soa" free="1919954344" total="1963376640" percent="97" />
      <mem type="loa" free="125321216" total="125321216" percent="100" />
    </mem>
    <remembered-set count="102" />
  </mem-info>
</gc-end>
<cycle-end id="5396" type="scavenge" contextid="5390" timestamp="2019-06-16T21:31:02.813" />
  <attribute name="elasticGC enabled" value="1" />
  <attribute name= "numThreadsSpecified" value="4" />
  <attribute name="heapSize specified" value="9371648" />
  <attribute name="Current GC Util" value="24" />
  <attribute name= "Current Time Running" value="48778" />
  <attribute name ="GC Interval" value="200" />
  <attribute name="ProportionalT" value="2.000000" />
  <attribute name="ProportionalI" value="2.000000" />
  <attribute name="ProportionalH" value="2.000000" />
  <attribute name="Current Error" value="4.000000" />
  <attribute name="IntegralT" value="6.000000" />
  <attribute name="IntegralI" value="6.000000" />
  <attribute name="IntegralH" value="6.000000" />
  <attribute name="DerivativeT" value="0.000000" />
  <attribute name="DerivativeI" value="0.000000" />
  <attribute name="DerivativeH" value="0.000000" />
  <attribute name="Loop Time for DT" value="3.000000" />
  <attribute name="Output H" value="8388608"/>
  <attribute name="Output I" value="200"/>
  <attribute name="Output T" value="4"/>
  <attribute name="Target GC Util Change" value ="20.000000" />
  <attribute name="Current GC Util Change" value="24.000000"/>
  <attribute name="GC Util currently" value="24" />
  <attribute name="CPU Util currently" value="1631394376411" />
<allocation-satisfied id="5397" threadId="0000000002213700" bytesRequested="1168" />
<af-end id="5398" timestamp="2019-06-16T21:31:02.813" threadId="0000000002214088" success="true" from="nursery"/>
<exclusive-end id="5399" timestamp="2019-06-16T21:31:02.813" durationms="1.170" />

<exclusive-start id="5400" timestamp="2019-06-16T21:31:02.815" intervalms="2.896">
  <response-info timems="0.070" idlems="0.070" threads="0" lastid="0000000002213700" lastname="main" />
</exclusive-start>
<af-start id="5401" threadId="0000000002214088" totalBytesRequested="1168" timestamp="2019-06-16T21:31:02.815" intervalms="2.894" type="nursery" />
<cycle-start id="5402" type="scavenge" contextid="0" timestamp="2019-06-16T21:31:02.815" intervalms="2.894" />
<gc-start id="5403" type="scavenge" contextid="5402" timestamp="2019-06-16T21:31:02.815">
  <mem-info id="5404" free="2045275560" total="2092630016" percent="97">
    <mem type="nursery" free="0" total="3932160" percent="0">
      <mem type="allocate" free="0" total="3538944" percent="0" />
      <mem type="survivor" free="0" total="393216" percent="0" />
    </mem>
    <mem type="tenure" free="2045275560" total="2088697856" percent="97">
      <mem type="soa" free="1919954344" total="1963376640" percent="97" />
      <mem type="loa" free="125321216" total="125321216" percent="100" />
    </mem>
    <remembered-set count="102" />
  </mem-info>
</gc-start>
<allocation-stats totalBytes="3439864" >
  <allocated-bytes non-tlh="1168" tlh="3438696" />
  <largest-consumer threadName="main" threadId="0000000002213700" bytes="3439864" />
</allocation-stats>
<gc-op id="5405" type="scavenge" timems="0.173" contextid="5402" timestamp="2019-06-16T21:31:02.815">
  <scavenger-info tenureage="10" tenuremask="fc00" tiltratio="90" />
  <memory-copied type="nursery" objects="2" bytes="64" bytesdiscarded="78272" />
</gc-op>
<gc-end id="5406" type="scavenge" contextid="5402" durationms="0.692" usertimems="0.000" systemtimems="0.000" timestamp="2019-06-16T21:31:02.816" activeThreads="4">
  <mem-info id="5407" free="2048736168" total="2092630016" percent="97">
    <mem type="nursery" free="3460608" total="3932160" percent="88">
      <mem type="allocate" free="3460608" total="3538944" percent="97" />
      <mem type="survivor" free="0" total="393216" percent="0" />
    </mem>
    <mem type="tenure" free="2045275560" total="2088697856" percent="97" macro-fragmented="0">
      <mem type="soa" free="1919954344" total="1963376640" percent="97" />
      <mem type="loa" free="125321216" total="125321216" percent="100" />
    </mem>
    <remembered-set count="102" />
  </mem-info>
</gc-end>
<cycle-end id="5408" type="scavenge" contextid="5402" timestamp="2019-06-16T21:31:02.816" />
  <attribute name="elasticGC enabled" value="1" />
  <attribute name= "numThreadsSpecified" value="4" />
  <attribute name="heapSize specified" value="9371648" />
  <attribute name="Current GC Util" value="24" />
  <attribute name= "Current Time Running" value="48781" />
  <attribute name ="GC Interval" value="200" />
  <attribute name="ProportionalT" value="2.000000" />
  <attribute name="ProportionalI" value="2.000000" />
  <attribute name="ProportionalH" value="2.000000" />
  <attribute name="Current Error" value="4.000000" />
  <attribute name="IntegralT" value="6.000000" />
  <attribute name="IntegralI" value="6.000000" />
  <attribute name="IntegralH" value="6.000000" />
  <attribute name="DerivativeT" value="0.000000" />
  <attribute name="DerivativeI" value="0.000000" />
  <attribute name="DerivativeH" value="0.000000" />
  <attribute name="Loop Time for DT" value="3.000000" />
  <attribute name="Output H" value="8388608"/>
  <attribute name="Output I" value="200"/>
  <attribute name="Output T" value="4"/>
  <attribute name="Target GC Util Change" value ="20.000000" />
  <attribute name="Current GC Util Change" value="24.000000"/>
  <attribute name="GC Util currently" value="24" />
  <attribute name="CPU Util currently" value="1590674804908" />
<allocation-satisfied id="5409" threadId="0000000002213700" bytesRequested="1168" />
<af-end id="5410" timestamp="2019-06-16T21:31:02.816" threadId="0000000002214088" success="true" from="nursery"/>
<exclusive-end id="5411" timestamp="2019-06-16T21:31:02.816" durationms="1.155" />

<exclusive-start id="5412" timestamp="2019-06-16T21:31:02.818" intervalms="2.903">
  <response-info timems="0.103" idlems="0.103" threads="0" lastid="0000000002213700" lastname="main" />
</exclusive-start>
<af-start id="5413" threadId="0000000002214088" totalBytesRequested="1168" timestamp="2019-06-16T21:31:02.818" intervalms="2.905" type="nursery" />
<cycle-start id="5414" type="scavenge" contextid="0" timestamp="2019-06-16T21:31:02.818" intervalms="2.904" />
<gc-start id="5415" type="scavenge" contextid="5414" timestamp="2019-06-16T21:31:02.818">
  <mem-info id="5416" free="2045275560" total="2092630016" percent="97">
    <mem type="nursery" free="0" total="3932160" percent="0">
      <mem type="allocate" free="0" total="3538944" percent="0" />
      <mem type="survivor" free="0" total="393216" percent="0" />
    </mem>
    <mem type="tenure" free="2045275560" total="2088697856" percent="97">
      <mem type="soa" free="1919954344" total="1963376640" percent="97" />
      <mem type="loa" free="125321216" total="125321216" percent="100" />
    </mem>
    <remembered-set count="102" />
  </mem-info>
</gc-start>
<allocation-stats totalBytes="3439840" >
  <allocated-bytes non-tlh="1168" tlh="3438672" />
  <largest-consumer threadName="main" threadId="0000000002213700" bytes="3439840" />
</allocation-stats>
<gc-op id="5417" type="scavenge" timems="0.187" contextid="5414" timestamp="2019-06-16T21:31:02.818">
  <scavenger-info tenureage="10" tenuremask="fc00" tiltratio="90" />
  <memory-copied type="nursery" objects="2" bytes="64" bytesdiscarded="78272" />
</gc-op>
<gc-end id="5418" type="scavenge" contextid="5414" durationms="0.710" usertimems="0.000" systemtimems="0.000" timestamp="2019-06-16T21:31:02.819" activeThreads="4">
  <mem-info id="5419" free="2048736168" total="2092630016" percent="97">
    <mem type="nursery" free="3460608" total="3932160" percent="88">
      <mem type="allocate" free="3460608" total="3538944" percent="97" />
      <mem type="survivor" free="0" total="393216" percent="0" />
    </mem>
    <mem type="tenure" free="2045275560" total="2088697856" percent="97" macro-fragmented="0">
      <mem type="soa" free="1919954344" total="1963376640" percent="97" />
      <mem type="loa" free="125321216" total="125321216" percent="100" />
    </mem>
    <remembered-set count="102" />
  </mem-info>
</gc-end>
<cycle-end id="5420" type="scavenge" contextid="5414" timestamp="2019-06-16T21:31:02.819" />
  <attribute name="elasticGC enabled" value="1" />
  <attribute name= "numThreadsSpecified" value="4" />
  <attribute name="heapSize specified" value="9371648" />
  <attribute name="Current GC Util" value="24" />
  <attribute name= "Current Time Running" value="48784" />
  <attribute name ="GC Interval" value="200" />
  <attribute name="ProportionalT" value="2.000000" />
  <attribute name="ProportionalI" value="2.000000" />
  <attribute name="ProportionalH" value="2.000000" />
  <attribute name="Current Error" value="4.000000" />
  <attribute name="IntegralT" value="6.000000" />
  <attribute name="IntegralI" value="6.000000" />
  <attribute name="IntegralH" value="6.000000" />
  <attribute name="DerivativeT" value="0.000000" />
  <attribute name="DerivativeI" value="0.000000" />
  <attribute name="DerivativeH" value="0.000000" />
  <attribute name="Loop Time for DT" value="3.000000" />
  <attribute name="Output H" value="8388608"/>
  <attribute name="Output I" value="200"/>
  <attribute name="Output T" value="4"/>
  <attribute name="Target GC Util Change" value ="20.000000" />
  <attribute name="Current GC Util Change" value="24.000000"/>
  <attribute name="GC Util currently" value="24" />
  <attribute name="CPU Util currently" value="1587632828815" />
<allocation-satisfied id="5421" threadId="0000000002213700" bytesRequested="1168" />
<af-end id="5422" timestamp="2019-06-16T21:31:02.819" threadId="0000000002214088" success="true" from="nursery"/>
<exclusive-end id="5423" timestamp="2019-06-16T21:31:02.819" durationms="1.169" />

<exclusive-start id="5424" timestamp="2019-06-16T21:31:02.820" intervalms="2.833">
  <response-info timems="0.067" idlems="0.067" threads="0" lastid="0000000002213700" lastname="main" />
</exclusive-start>
<af-start id="5425" threadId="0000000002214088" totalBytesRequested="1168" timestamp="2019-06-16T21:31:02.821" intervalms="2.829" type="nursery" />
<cycle-start id="5426" type="scavenge" contextid="0" timestamp="2019-06-16T21:31:02.821" intervalms="2.829" />
<gc-start id="5427" type="scavenge" contextid="5426" timestamp="2019-06-16T21:31:02.821">
  <mem-info id="5428" free="2045275560" total="2092630016" percent="97">
    <mem type="nursery" free="0" total="3932160" percent="0">
      <mem type="allocate" free="0" total="3538944" percent="0" />
      <mem type="survivor" free="0" total="393216" percent="0" />
    </mem>
    <mem type="tenure" free="2045275560" total="2088697856" percent="97">
      <mem type="soa" free="1919954344" total="1963376640" percent="97" />
      <mem type="loa" free="125321216" total="125321216" percent="100" />
    </mem>
    <remembered-set count="102" />
  </mem-info>
</gc-start>
<allocation-stats totalBytes="3439840" >
  <allocated-bytes non-tlh="1168" tlh="3438672" />
  <largest-consumer threadName="main" threadId="0000000002213700" bytes="3439840" />
</allocation-stats>
<gc-op id="5429" type="scavenge" timems="0.181" contextid="5426" timestamp="2019-06-16T21:31:02.821">
  <scavenger-info tenureage="10" tenuremask="fc00" tiltratio="90" />
  <memory-copied type="nursery" objects="2" bytes="64" bytesdiscarded="78272" />
</gc-op>
<gc-end id="5430" type="scavenge" contextid="5426" durationms="0.713" usertimems="0.000" systemtimems="0.000" timestamp="2019-06-16T21:31:02.821" activeThreads="4">
  <mem-info id="5431" free="2048736168" total="2092630016" percent="97">
    <mem type="nursery" free="3460608" total="3932160" percent="88">
      <mem type="allocate" free="3460608" total="3538944" percent="97" />
      <mem type="survivor" free="0" total="393216" percent="0" />
    </mem>
    <mem type="tenure" free="2045275560" total="2088697856" percent="97" macro-fragmented="0">
      <mem type="soa" free="1919954344" total="1963376640" percent="97" />
      <mem type="loa" free="125321216" total="125321216" percent="100" />
    </mem>
    <remembered-set count="102" />
  </mem-info>
</gc-end>
<cycle-end id="5432" type="scavenge" contextid="5426" timestamp="2019-06-16T21:31:02.821" />
  <attribute name="elasticGC enabled" value="1" />
  <attribute name= "numThreadsSpecified" value="4" />
  <attribute name="heapSize specified" value="9371648" />
  <attribute name="Current GC Util" value="24" />
  <attribute name= "Current Time Running" value="48787" />
  <attribute name ="GC Interval" value="200" />
  <attribute name="ProportionalT" value="2.000000" />
  <attribute name="ProportionalI" value="2.000000" />
  <attribute name="ProportionalH" value="2.000000" />
  <attribute name="Current Error" value="4.000000" />
  <attribute name="IntegralT" value="6.000000" />
  <attribute name="IntegralI" value="6.000000" />
  <attribute name="IntegralH" value="6.000000" />
  <attribute name="DerivativeT" value="0.000000" />
  <attribute name="DerivativeI" value="0.000000" />
  <attribute name="DerivativeH" value="0.000000" />
  <attribute name="Loop Time for DT" value="3.000000" />
  <attribute name="Output H" value="8388608"/>
  <attribute name="Output I" value="200"/>
  <attribute name="Output T" value="4"/>
  <attribute name="Target GC Util Change" value ="20.000000" />
  <attribute name="Current GC Util Change" value="24.000000"/>
  <attribute name="GC Util currently" value="24" />
  <attribute name="CPU Util currently" value="1636489379404" />
<allocation-satisfied id="5433" threadId="0000000002213700" bytesRequested="1168" />
<af-end id="5434" timestamp="2019-06-16T21:31:02.822" threadId="0000000002214088" success="true" from="nursery"/>
<exclusive-end id="5435" timestamp="2019-06-16T21:31:02.822" durationms="1.182" />

<exclusive-start id="5436" timestamp="2019-06-16T21:31:02.823" intervalms="2.822">
  <response-info timems="0.039" idlems="0.039" threads="0" lastid="0000000002213700" lastname="main" />
</exclusive-start>
<af-start id="5437" threadId="0000000002214088" totalBytesRequested="1168" timestamp="2019-06-16T21:31:02.823" intervalms="2.825" type="nursery" />
<cycle-start id="5438" type="scavenge" contextid="0" timestamp="2019-06-16T21:31:02.823" intervalms="2.831" />
<gc-start id="5439" type="scavenge" contextid="5438" timestamp="2019-06-16T21:31:02.823">
  <mem-info id="5440" free="2045275560" total="2092630016" percent="97">
    <mem type="nursery" free="0" total="3932160" percent="0">
      <mem type="allocate" free="0" total="3538944" percent="0" />
      <mem type="survivor" free="0" total="393216" percent="0" />
    </mem>
    <mem type="tenure" free="2045275560" total="2088697856" percent="97">
      <mem type="soa" free="1919954344" total="1963376640" percent="97" />
      <mem type="loa" free="125321216" total="125321216" percent="100" />
    </mem>
    <remembered-set count="102" />
  </mem-info>
</gc-start>
<allocation-stats totalBytes="3439864" >
  <allocated-bytes non-tlh="1168" tlh="3438696" />
  <largest-consumer threadName="main" threadId="0000000002213700" bytes="3439864" />
</allocation-stats>
<gc-op id="5441" type="scavenge" timems="0.263" contextid="5438" timestamp="2019-06-16T21:31:02.824">
  <scavenger-info tenureage="10" tenuremask="fc00" tiltratio="90" />
  <memory-copied type="nursery" objects="2" bytes="64" bytesdiscarded="78272" />
</gc-op>
<gc-end id="5442" type="scavenge" contextid="5438" durationms="0.797" usertimems="4.000" systemtimems="0.000" timestamp="2019-06-16T21:31:02.824" activeThreads="4">
  <mem-info id="5443" free="2048736168" total="2092630016" percent="97">
    <mem type="nursery" free="3460608" total="3932160" percent="88">
      <mem type="allocate" free="3460608" total="3538944" percent="97" />
      <mem type="survivor" free="0" total="393216" percent="0" />
    </mem>
    <mem type="tenure" free="2045275560" total="2088697856" percent="97" macro-fragmented="0">
      <mem type="soa" free="1919954344" total="1963376640" percent="97" />
      <mem type="loa" free="125321216" total="125321216" percent="100" />
    </mem>
    <remembered-set count="102" />
  </mem-info>
</gc-end>
<cycle-end id="5444" type="scavenge" contextid="5438" timestamp="2019-06-16T21:31:02.824" />
  <attribute name="elasticGC enabled" value="1" />
  <attribute name= "numThreadsSpecified" value="4" />
  <attribute name="heapSize specified" value="9371648" />
  <attribute name="Current GC Util" value="25" />
  <attribute name= "Current Time Running" value="48789" />
  <attribute name ="GC Interval" value="200" />
  <attribute name="ProportionalT" value="2.500000" />
  <attribute name="ProportionalI" value="2.500000" />
  <attribute name="ProportionalH" value="2.500000" />
  <attribute name="Current Error" value="5.000000" />
  <attribute name="IntegralT" value="5.000000" />
  <attribute name="IntegralI" value="5.000000" />
  <attribute name="IntegralH" value="5.000000" />
  <attribute name="DerivativeT" value="0.500000" />
  <attribute name="DerivativeI" value="0.500000" />
  <attribute name="DerivativeH" value="0.500000" />
  <attribute name="Loop Time for DT" value="2.000000" />
  <attribute name="Output H" value="8388608"/>
  <attribute name="Output I" value="200"/>
  <attribute name="Output T" value="4"/>
  <attribute name="Target GC Util Change" value ="20.000000" />
  <attribute name="Current GC Util Change" value="25.000000"/>
  <attribute name="GC Util currently" value="25" />
  <attribute name="CPU Util currently" value="1620187670966" />
<allocation-satisfied id="5445" threadId="0000000002213700" bytesRequested="1168" />
<af-end id="5446" timestamp="2019-06-16T21:31:02.824" threadId="0000000002214088" success="true" from="nursery"/>
<exclusive-end id="5447" timestamp="2019-06-16T21:31:02.825" durationms="1.281" />

<exclusive-start id="5448" timestamp="2019-06-16T21:31:02.826" intervalms="2.980">
  <response-info timems="0.071" idlems="0.071" threads="0" lastid="0000000002213700" lastname="main" />
</exclusive-start>
<af-start id="5449" threadId="0000000002214088" totalBytesRequested="1168" timestamp="2019-06-16T21:31:02.826" intervalms="2.976" type="nursery" />
<cycle-start id="5450" type="scavenge" contextid="0" timestamp="2019-06-16T21:31:02.826" intervalms="2.968" />
<gc-start id="5451" type="scavenge" contextid="5450" timestamp="2019-06-16T21:31:02.826">
  <mem-info id="5452" free="2045275560" total="2092630016" percent="97">
    <mem type="nursery" free="0" total="3932160" percent="0">
      <mem type="allocate" free="0" total="3538944" percent="0" />
      <mem type="survivor" free="0" total="393216" percent="0" />
    </mem>
    <mem type="tenure" free="2045275560" total="2088697856" percent="97">
      <mem type="soa" free="1919954344" total="1963376640" percent="97" />
      <mem type="loa" free="125321216" total="125321216" percent="100" />
    </mem>
    <remembered-set count="102" />
  </mem-info>
</gc-start>
<allocation-stats totalBytes="3439840" >
  <allocated-bytes non-tlh="1168" tlh="3438672" />
  <largest-consumer threadName="main" threadId="0000000002213700" bytes="3439840" />
</allocation-stats>
<gc-op id="5453" type="scavenge" timems="0.167" contextid="5450" timestamp="2019-06-16T21:31:02.827">
  <scavenger-info tenureage="10" tenuremask="fc00" tiltratio="90" />
  <memory-copied type="nursery" objects="2" bytes="64" bytesdiscarded="78272" />
</gc-op>
<gc-end id="5454" type="scavenge" contextid="5450" durationms="0.684" usertimems="0.000" systemtimems="0.000" timestamp="2019-06-16T21:31:02.827" activeThreads="4">
  <mem-info id="5455" free="2048736168" total="2092630016" percent="97">
    <mem type="nursery" free="3460608" total="3932160" percent="88">
      <mem type="allocate" free="3460608" total="3538944" percent="97" />
      <mem type="survivor" free="0" total="393216" percent="0" />
    </mem>
    <mem type="tenure" free="2045275560" total="2088697856" percent="97" macro-fragmented="0">
      <mem type="soa" free="1919954344" total="1963376640" percent="97" />
      <mem type="loa" free="125321216" total="125321216" percent="100" />
    </mem>
    <remembered-set count="102" />
  </mem-info>
</gc-end>
<cycle-end id="5456" type="scavenge" contextid="5450" timestamp="2019-06-16T21:31:02.827" />
  <attribute name="elasticGC enabled" value="1" />
  <attribute name= "numThreadsSpecified" value="4" />
  <attribute name="heapSize specified" value="9371648" />
  <attribute name="Current GC Util" value="25" />
  <attribute name= "Current Time Running" value="48792" />
  <attribute name ="GC Interval" value="200" />
  <attribute name="ProportionalT" value="2.500000" />
  <attribute name="ProportionalI" value="2.500000" />
  <attribute name="ProportionalH" value="2.500000" />
  <attribute name="Current Error" value="5.000000" />
  <attribute name="IntegralT" value="7.500000" />
  <attribute name="IntegralI" value="7.500000" />
  <attribute name="IntegralH" value="7.500000" />
  <attribute name="DerivativeT" value="0.000000" />
  <attribute name="DerivativeI" value="0.000000" />
  <attribute name="DerivativeH" value="0.000000" />
  <attribute name="Loop Time for DT" value="3.000000" />
  <attribute name="Output H" value="8388608"/>
  <attribute name="Output I" value="200"/>
  <attribute name="Output T" value="4"/>
  <attribute name="Target GC Util Change" value ="20.000000" />
  <attribute name="Current GC Util Change" value="25.000000"/>
  <attribute name="GC Util currently" value="25" />
  <attribute name="CPU Util currently" value="1562241184522" />
<allocation-satisfied id="5457" threadId="0000000002213700" bytesRequested="1168" />
<af-end id="5458" timestamp="2019-06-16T21:31:02.827" threadId="0000000002214088" success="true" from="nursery"/>
<exclusive-end id="5459" timestamp="2019-06-16T21:31:02.827" durationms="1.132" />

<exclusive-start id="5460" timestamp="2019-06-16T21:31:02.829" intervalms="2.798">
  <response-info timems="0.061" idlems="0.061" threads="0" lastid="0000000002213700" lastname="main" />
</exclusive-start>
<af-start id="5461" threadId="0000000002214088" totalBytesRequested="1168" timestamp="2019-06-16T21:31:02.829" intervalms="2.799" type="nursery" />
<cycle-start id="5462" type="scavenge" contextid="0" timestamp="2019-06-16T21:31:02.829" intervalms="2.804" />
<gc-start id="5463" type="scavenge" contextid="5462" timestamp="2019-06-16T21:31:02.829">
  <mem-info id="5464" free="2045275560" total="2092630016" percent="97">
    <mem type="nursery" free="0" total="3932160" percent="0">
      <mem type="allocate" free="0" total="3538944" percent="0" />
      <mem type="survivor" free="0" total="393216" percent="0" />
    </mem>
    <mem type="tenure" free="2045275560" total="2088697856" percent="97">
      <mem type="soa" free="1919954344" total="1963376640" percent="97" />
      <mem type="loa" free="125321216" total="125321216" percent="100" />
    </mem>
    <remembered-set count="102" />
  </mem-info>
</gc-start>
<allocation-stats totalBytes="3439864" >
  <allocated-bytes non-tlh="1168" tlh="3438696" />
  <largest-consumer threadName="main" threadId="0000000002213700" bytes="3439864" />
</allocation-stats>
<gc-op id="5465" type="scavenge" timems="0.201" contextid="5462" timestamp="2019-06-16T21:31:02.830">
  <scavenger-info tenureage="10" tenuremask="fc00" tiltratio="90" />
  <memory-copied type="nursery" objects="2" bytes="64" bytesdiscarded="78272" />
</gc-op>
<gc-end id="5466" type="scavenge" contextid="5462" durationms="0.721" usertimems="0.000" systemtimems="0.000" timestamp="2019-06-16T21:31:02.830" activeThreads="4">
  <mem-info id="5467" free="2048736168" total="2092630016" percent="97">
    <mem type="nursery" free="3460608" total="3932160" percent="88">
      <mem type="allocate" free="3460608" total="3538944" percent="97" />
      <mem type="survivor" free="0" total="393216" percent="0" />
    </mem>
    <mem type="tenure" free="2045275560" total="2088697856" percent="97" macro-fragmented="0">
      <mem type="soa" free="1919954344" total="1963376640" percent="97" />
      <mem type="loa" free="125321216" total="125321216" percent="100" />
    </mem>
    <remembered-set count="102" />
  </mem-info>
</gc-end>
<cycle-end id="5468" type="scavenge" contextid="5462" timestamp="2019-06-16T21:31:02.830" />
  <attribute name="elasticGC enabled" value="1" />
  <attribute name= "numThreadsSpecified" value="4" />
  <attribute name="heapSize specified" value="9371648" />
  <attribute name="Current GC Util" value="24" />
  <attribute name= "Current Time Running" value="48795" />
  <attribute name ="GC Interval" value="200" />
  <attribute name="ProportionalT" value="2.000000" />
  <attribute name="ProportionalI" value="2.000000" />
  <attribute name="ProportionalH" value="2.000000" />
  <attribute name="Current Error" value="4.000000" />
  <attribute name="IntegralT" value="6.000000" />
  <attribute name="IntegralI" value="6.000000" />
  <attribute name="IntegralH" value="6.000000" />
  <attribute name="DerivativeT" value="-0.333333" />
  <attribute name="DerivativeI" value="-0.333333" />
  <attribute name="DerivativeH" value="-0.333333" />
  <attribute name="Loop Time for DT" value="3.000000" />
  <attribute name="Output H" value="8388608"/>
  <attribute name="Output I" value="200"/>
  <attribute name="Output T" value="4"/>
  <attribute name="Target GC Util Change" value ="20.000000" />
  <attribute name="Current GC Util Change" value="24.000000"/>
  <attribute name="GC Util currently" value="24" />
  <attribute name="CPU Util currently" value="1639596310790" />
<allocation-satisfied id="5469" threadId="0000000002213700" bytesRequested="1168" />
<af-end id="5470" timestamp="2019-06-16T21:31:02.830" threadId="0000000002214088" success="true" from="nursery"/>
<exclusive-end id="5471" timestamp="2019-06-16T21:31:02.830" durationms="1.198" />

<exclusive-start id="5472" timestamp="2019-06-16T21:31:02.832" intervalms="2.902">
  <response-info timems="0.047" idlems="0.047" threads="0" lastid="0000000002213700" lastname="main" />
</exclusive-start>
<af-start id="5473" threadId="0000000002214088" totalBytesRequested="1168" timestamp="2019-06-16T21:31:02.832" intervalms="2.902" type="nursery" />
<cycle-start id="5474" type="scavenge" contextid="0" timestamp="2019-06-16T21:31:02.832" intervalms="2.897" />
<gc-start id="5475" type="scavenge" contextid="5474" timestamp="2019-06-16T21:31:02.832">
  <mem-info id="5476" free="2045275560" total="2092630016" percent="97">
    <mem type="nursery" free="0" total="3932160" percent="0">
      <mem type="allocate" free="0" total="3538944" percent="0" />
      <mem type="survivor" free="0" total="393216" percent="0" />
    </mem>
    <mem type="tenure" free="2045275560" total="2088697856" percent="97">
      <mem type="soa" free="1919954344" total="1963376640" percent="97" />
      <mem type="loa" free="125321216" total="125321216" percent="100" />
    </mem>
    <remembered-set count="102" />
  </mem-info>
</gc-start>
<allocation-stats totalBytes="3439840" >
  <allocated-bytes non-tlh="1168" tlh="3438672" />
  <largest-consumer threadName="main" threadId="0000000002213700" bytes="3439840" />
</allocation-stats>
<gc-op id="5477" type="scavenge" timems="0.185" contextid="5474" timestamp="2019-06-16T21:31:02.832">
  <scavenger-info tenureage="10" tenuremask="fc00" tiltratio="90" />
  <memory-copied type="nursery" objects="2" bytes="64" bytesdiscarded="78272" />
</gc-op>
<gc-end id="5478" type="scavenge" contextid="5474" durationms="0.699" usertimems="0.000" systemtimems="0.000" timestamp="2019-06-16T21:31:02.833" activeThreads="4">
  <mem-info id="5479" free="2048736168" total="2092630016" percent="97">
    <mem type="nursery" free="3460608" total="3932160" percent="88">
      <mem type="allocate" free="3460608" total="3538944" percent="97" />
      <mem type="survivor" free="0" total="393216" percent="0" />
    </mem>
    <mem type="tenure" free="2045275560" total="2088697856" percent="97" macro-fragmented="0">
      <mem type="soa" free="1919954344" total="1963376640" percent="97" />
      <mem type="loa" free="125321216" total="125321216" percent="100" />
    </mem>
    <remembered-set count="102" />
  </mem-info>
</gc-end>
<cycle-end id="5480" type="scavenge" contextid="5474" timestamp="2019-06-16T21:31:02.833" />
  <attribute name="elasticGC enabled" value="1" />
  <attribute name= "numThreadsSpecified" value="4" />
  <attribute name="heapSize specified" value="9371648" />
  <attribute name="Current GC Util" value="25" />
  <attribute name= "Current Time Running" value="48798" />
  <attribute name ="GC Interval" value="200" />
  <attribute name="ProportionalT" value="2.500000" />
  <attribute name="ProportionalI" value="2.500000" />
  <attribute name="ProportionalH" value="2.500000" />
  <attribute name="Current Error" value="5.000000" />
  <attribute name="IntegralT" value="7.500000" />
  <attribute name="IntegralI" value="7.500000" />
  <attribute name="IntegralH" value="7.500000" />
  <attribute name="DerivativeT" value="0.333333" />
  <attribute name="DerivativeI" value="0.333333" />
  <attribute name="DerivativeH" value="0.333333" />
  <attribute name="Loop Time for DT" value="3.000000" />
  <attribute name="Output H" value="8388608"/>
  <attribute name="Output I" value="200"/>
  <attribute name="Output T" value="4"/>
  <attribute name="Target GC Util Change" value ="20.000000" />
  <attribute name="Current GC Util Change" value="25.000000"/>
  <attribute name="GC Util currently" value="25" />
  <attribute name="CPU Util currently" value="1593651907348" />
<allocation-satisfied id="5481" threadId="0000000002213700" bytesRequested="1168" />
<af-end id="5482" timestamp="2019-06-16T21:31:02.833" threadId="0000000002214088" success="true" from="nursery"/>
<exclusive-end id="5483" timestamp="2019-06-16T21:31:02.833" durationms="1.173" />

<exclusive-start id="5484" timestamp="2019-06-16T21:31:02.835" intervalms="2.840">
  <response-info timems="0.063" idlems="0.063" threads="0" lastid="0000000002213700" lastname="main" />
</exclusive-start>
<af-start id="5485" threadId="0000000002214088" totalBytesRequested="1168" timestamp="2019-06-16T21:31:02.835" intervalms="2.838" type="nursery" />
<cycle-start id="5486" type="scavenge" contextid="0" timestamp="2019-06-16T21:31:02.835" intervalms="2.838" />
<gc-start id="5487" type="scavenge" contextid="5486" timestamp="2019-06-16T21:31:02.835">
  <mem-info id="5488" free="2045275560" total="2092630016" percent="97">
    <mem type="nursery" free="0" total="3932160" percent="0">
      <mem type="allocate" free="0" total="3538944" percent="0" />
      <mem type="survivor" free="0" total="393216" percent="0" />
    </mem>
    <mem type="tenure" free="2045275560" total="2088697856" percent="97">
      <mem type="soa" free="1919954344" total="1963376640" percent="97" />
      <mem type="loa" free="125321216" total="125321216" percent="100" />
    </mem>
    <remembered-set count="102" />
  </mem-info>
</gc-start>
<allocation-stats totalBytes="3439864" >
  <allocated-bytes non-tlh="1168" tlh="3438696" />
  <largest-consumer threadName="main" threadId="0000000002213700" bytes="3439864" />
</allocation-stats>
<gc-op id="5489" type="scavenge" timems="0.202" contextid="5486" timestamp="2019-06-16T21:31:02.835">
  <scavenger-info tenureage="10" tenuremask="fc00" tiltratio="90" />
  <memory-copied type="nursery" objects="2" bytes="64" bytesdiscarded="78272" />
</gc-op>
<gc-end id="5490" type="scavenge" contextid="5486" durationms="0.711" usertimems="0.000" systemtimems="0.000" timestamp="2019-06-16T21:31:02.836" activeThreads="4">
  <mem-info id="5491" free="2048736168" total="2092630016" percent="97">
    <mem type="nursery" free="3460608" total="3932160" percent="88">
      <mem type="allocate" free="3460608" total="3538944" percent="97" />
      <mem type="survivor" free="0" total="393216" percent="0" />
    </mem>
    <mem type="tenure" free="2045275560" total="2088697856" percent="97" macro-fragmented="0">
      <mem type="soa" free="1919954344" total="1963376640" percent="97" />
      <mem type="loa" free="125321216" total="125321216" percent="100" />
    </mem>
    <remembered-set count="102" />
  </mem-info>
</gc-end>
<cycle-end id="5492" type="scavenge" contextid="5486" timestamp="2019-06-16T21:31:02.836" />
  <attribute name="elasticGC enabled" value="1" />
  <attribute name= "numThreadsSpecified" value="4" />
  <attribute name="heapSize specified" value="9371648" />
  <attribute name="Current GC Util" value="25" />
  <attribute name= "Current Time Running" value="48801" />
  <attribute name ="GC Interval" value="200" />
  <attribute name="ProportionalT" value="2.500000" />
  <attribute name="ProportionalI" value="2.500000" />
  <attribute name="ProportionalH" value="2.500000" />
  <attribute name="Current Error" value="5.000000" />
  <attribute name="IntegralT" value="7.500000" />
  <attribute name="IntegralI" value="7.500000" />
  <attribute name="IntegralH" value="7.500000" />
  <attribute name="DerivativeT" value="0.000000" />
  <attribute name="DerivativeI" value="0.000000" />
  <attribute name="DerivativeH" value="0.000000" />
  <attribute name="Loop Time for DT" value="3.000000" />
  <attribute name="Output H" value="8388608"/>
  <attribute name="Output I" value="200"/>
  <attribute name="Output T" value="4"/>
  <attribute name="Target GC Util Change" value ="20.000000" />
  <attribute name="Current GC Util Change" value="25.000000"/>
  <attribute name="GC Util currently" value="25" />
  <attribute name="CPU Util currently" value="1630265754572" />
<allocation-satisfied id="5493" threadId="0000000002213700" bytesRequested="1168" />
<af-end id="5494" timestamp="2019-06-16T21:31:02.836" threadId="0000000002214088" success="true" from="nursery"/>
<exclusive-end id="5495" timestamp="2019-06-16T21:31:02.836" durationms="1.157" />

<exclusive-start id="5496" timestamp="2019-06-16T21:31:02.838" intervalms="2.834">
  <response-info timems="0.065" idlems="0.065" threads="0" lastid="0000000002213700" lastname="main" />
</exclusive-start>
<af-start id="5497" threadId="0000000002214088" totalBytesRequested="1168" timestamp="2019-06-16T21:31:02.838" intervalms="2.833" type="nursery" />
<cycle-start id="5498" type="scavenge" contextid="0" timestamp="2019-06-16T21:31:02.838" intervalms="2.835" />
<gc-start id="5499" type="scavenge" contextid="5498" timestamp="2019-06-16T21:31:02.838">
  <mem-info id="5500" free="2045275560" total="2092630016" percent="97">
    <mem type="nursery" free="0" total="3932160" percent="0">
      <mem type="allocate" free="0" total="3538944" percent="0" />
      <mem type="survivor" free="0" total="393216" percent="0" />
    </mem>
    <mem type="tenure" free="2045275560" total="2088697856" percent="97">
      <mem type="soa" free="1919954344" total="1963376640" percent="97" />
      <mem type="loa" free="125321216" total="125321216" percent="100" />
    </mem>
    <remembered-set count="102" />
  </mem-info>
</gc-start>
<allocation-stats totalBytes="3438600" >
  <allocated-bytes non-tlh="1168" tlh="3437432" />
  <largest-consumer threadName="main" threadId="0000000002213700" bytes="3438600" />
</allocation-stats>
<gc-op id="5501" type="scavenge" timems="0.183" contextid="5498" timestamp="2019-06-16T21:31:02.838">
  <scavenger-info tenureage="10" tenuremask="fc00" tiltratio="90" />
  <memory-copied type="nursery" objects="2" bytes="64" bytesdiscarded="78272" />
</gc-op>
<gc-end id="5502" type="scavenge" contextid="5498" durationms="0.698" usertimems="4.000" systemtimems="0.000" timestamp="2019-06-16T21:31:02.839" activeThreads="4">
  <mem-info id="5503" free="2048736168" total="2092630016" percent="97">
    <mem type="nursery" free="3460608" total="3932160" percent="88">
      <mem type="allocate" free="3460608" total="3538944" percent="97" />
      <mem type="survivor" free="0" total="393216" percent="0" />
    </mem>
    <mem type="tenure" free="2045275560" total="2088697856" percent="97" macro-fragmented="0">
      <mem type="soa" free="1919954344" total="1963376640" percent="97" />
      <mem type="loa" free="125321216" total="125321216" percent="100" />
    </mem>
    <remembered-set count="102" />
  </mem-info>
</gc-end>
<cycle-end id="5504" type="scavenge" contextid="5498" timestamp="2019-06-16T21:31:02.839" />
  <attribute name="elasticGC enabled" value="1" />
  <attribute name= "numThreadsSpecified" value="4" />
  <attribute name="heapSize specified" value="9371648" />
  <attribute name="Current GC Util" value="24" />
  <attribute name= "Current Time Running" value="48804" />
  <attribute name ="GC Interval" value="200" />
  <attribute name="ProportionalT" value="2.000000" />
  <attribute name="ProportionalI" value="2.000000" />
  <attribute name="ProportionalH" value="2.000000" />
  <attribute name="Current Error" value="4.000000" />
  <attribute name="IntegralT" value="6.000000" />
  <attribute name="IntegralI" value="6.000000" />
  <attribute name="IntegralH" value="6.000000" />
  <attribute name="DerivativeT" value="-0.333333" />
  <attribute name="DerivativeI" value="-0.333333" />
  <attribute name="DerivativeH" value="-0.333333" />
  <attribute name="Loop Time for DT" value="3.000000" />
  <attribute name="Output H" value="8388608"/>
  <attribute name="Output I" value="200"/>
  <attribute name="Output T" value="4"/>
  <attribute name="Target GC Util Change" value ="20.000000" />
  <attribute name="Current GC Util Change" value="24.000000"/>
  <attribute name="GC Util currently" value="24" />
  <attribute name="CPU Util currently" value="1623874261925" />
<allocation-satisfied id="5505" threadId="0000000002213700" bytesRequested="1168" />
<af-end id="5506" timestamp="2019-06-16T21:31:02.839" threadId="0000000002214088" success="true" from="nursery"/>
<exclusive-end id="5507" timestamp="2019-06-16T21:31:02.839" durationms="1.157" />

<exclusive-start id="5508" timestamp="2019-06-16T21:31:02.840" intervalms="2.845">
  <response-info timems="0.077" idlems="0.077" threads="0" lastid="0000000002213700" lastname="main" />
</exclusive-start>
<af-start id="5509" threadId="0000000002214088" totalBytesRequested="1168" timestamp="2019-06-16T21:31:02.841" intervalms="2.857" type="nursery" />
<cycle-start id="5510" type="scavenge" contextid="0" timestamp="2019-06-16T21:31:02.841" intervalms="2.858" />
<gc-start id="5511" type="scavenge" contextid="5510" timestamp="2019-06-16T21:31:02.841">
  <mem-info id="5512" free="2045275560" total="2092630016" percent="97">
    <mem type="nursery" free="0" total="3932160" percent="0">
      <mem type="allocate" free="0" total="3538944" percent="0" />
      <mem type="survivor" free="0" total="393216" percent="0" />
    </mem>
    <mem type="tenure" free="2045275560" total="2088697856" percent="97">
      <mem type="soa" free="1919954344" total="1963376640" percent="97" />
      <mem type="loa" free="125321216" total="125321216" percent="100" />
    </mem>
    <remembered-set count="102" />
  </mem-info>
</gc-start>
<allocation-stats totalBytes="3439864" >
  <allocated-bytes non-tlh="1168" tlh="3438696" />
  <largest-consumer threadName="main" threadId="0000000002213700" bytes="3439864" />
</allocation-stats>
<gc-op id="5513" type="scavenge" timems="0.210" contextid="5510" timestamp="2019-06-16T21:31:02.841">
  <scavenger-info tenureage="10" tenuremask="fc00" tiltratio="90" />
  <memory-copied type="nursery" objects="2" bytes="64" bytesdiscarded="78272" />
</gc-op>
<gc-end id="5514" type="scavenge" contextid="5510" durationms="0.760" usertimems="0.000" systemtimems="0.000" timestamp="2019-06-16T21:31:02.841" activeThreads="4">
  <mem-info id="5515" free="2048736168" total="2092630016" percent="97">
    <mem type="nursery" free="3460608" total="3932160" percent="88">
      <mem type="allocate" free="3460608" total="3538944" percent="97" />
      <mem type="survivor" free="0" total="393216" percent="0" />
    </mem>
    <mem type="tenure" free="2045275560" total="2088697856" percent="97" macro-fragmented="0">
      <mem type="soa" free="1919954344" total="1963376640" percent="97" />
      <mem type="loa" free="125321216" total="125321216" percent="100" />
    </mem>
    <remembered-set count="102" />
  </mem-info>
</gc-end>
<cycle-end id="5516" type="scavenge" contextid="5510" timestamp="2019-06-16T21:31:02.842" />
  <attribute name="elasticGC enabled" value="1" />
  <attribute name= "numThreadsSpecified" value="4" />
  <attribute name="heapSize specified" value="9371648" />
  <attribute name="Current GC Util" value="24" />
  <attribute name= "Current Time Running" value="48807" />
  <attribute name ="GC Interval" value="200" />
  <attribute name="ProportionalT" value="2.000000" />
  <attribute name="ProportionalI" value="2.000000" />
  <attribute name="ProportionalH" value="2.000000" />
  <attribute name="Current Error" value="4.000000" />
  <attribute name="IntegralT" value="6.000000" />
  <attribute name="IntegralI" value="6.000000" />
  <attribute name="IntegralH" value="6.000000" />
  <attribute name="DerivativeT" value="0.000000" />
  <attribute name="DerivativeI" value="0.000000" />
  <attribute name="DerivativeH" value="0.000000" />
  <attribute name="Loop Time for DT" value="3.000000" />
  <attribute name="Output H" value="8388608"/>
  <attribute name="Output I" value="200"/>
  <attribute name="Output T" value="4"/>
  <attribute name="Target GC Util Change" value ="20.000000" />
  <attribute name="Current GC Util Change" value="24.000000"/>
  <attribute name="GC Util currently" value="24" />
  <attribute name="CPU Util currently" value="1605669801622" />
<allocation-satisfied id="5517" threadId="0000000002213700" bytesRequested="1168" />
<af-end id="5518" timestamp="2019-06-16T21:31:02.842" threadId="0000000002214088" success="true" from="nursery"/>
<exclusive-end id="5519" timestamp="2019-06-16T21:31:02.842" durationms="1.256" />

<exclusive-start id="5520" timestamp="2019-06-16T21:31:02.843" intervalms="2.968">
  <response-info timems="0.070" idlems="0.070" threads="0" lastid="0000000002213700" lastname="main" />
</exclusive-start>
<af-start id="5521" threadId="0000000002214088" totalBytesRequested="1168" timestamp="2019-06-16T21:31:02.843" intervalms="2.958" type="nursery" />
<cycle-start id="5522" type="scavenge" contextid="0" timestamp="2019-06-16T21:31:02.844" intervalms="2.956" />
<gc-start id="5523" type="scavenge" contextid="5522" timestamp="2019-06-16T21:31:02.844">
  <mem-info id="5524" free="2045275560" total="2092630016" percent="97">
    <mem type="nursery" free="0" total="3932160" percent="0">
      <mem type="allocate" free="0" total="3538944" percent="0" />
      <mem type="survivor" free="0" total="393216" percent="0" />
    </mem>
    <mem type="tenure" free="2045275560" total="2088697856" percent="97">
      <mem type="soa" free="1919954344" total="1963376640" percent="97" />
      <mem type="loa" free="125321216" total="125321216" percent="100" />
    </mem>
    <remembered-set count="102" />
  </mem-info>
</gc-start>
<allocation-stats totalBytes="3438600" >
  <allocated-bytes non-tlh="1168" tlh="3437432" />
  <largest-consumer threadName="main" threadId="0000000002213700" bytes="3438600" />
</allocation-stats>
<gc-op id="5525" type="scavenge" timems="0.223" contextid="5522" timestamp="2019-06-16T21:31:02.844">
  <scavenger-info tenureage="10" tenuremask="fc00" tiltratio="90" />
  <memory-copied type="nursery" objects="2" bytes="64" bytesdiscarded="78272" />
</gc-op>
<gc-end id="5526" type="scavenge" contextid="5522" durationms="0.741" usertimems="0.000" systemtimems="0.000" timestamp="2019-06-16T21:31:02.844" activeThreads="4">
  <mem-info id="5527" free="2048736168" total="2092630016" percent="97">
    <mem type="nursery" free="3460608" total="3932160" percent="88">
      <mem type="allocate" free="3460608" total="3538944" percent="97" />
      <mem type="survivor" free="0" total="393216" percent="0" />
    </mem>
    <mem type="tenure" free="2045275560" total="2088697856" percent="97" macro-fragmented="0">
      <mem type="soa" free="1919954344" total="1963376640" percent="97" />
      <mem type="loa" free="125321216" total="125321216" percent="100" />
    </mem>
    <remembered-set count="102" />
  </mem-info>
</gc-end>
<cycle-end id="5528" type="scavenge" contextid="5522" timestamp="2019-06-16T21:31:02.844" />
  <attribute name="elasticGC enabled" value="1" />
  <attribute name= "numThreadsSpecified" value="4" />
  <attribute name="heapSize specified" value="9371648" />
  <attribute name="Current GC Util" value="26" />
  <attribute name= "Current Time Running" value="48810" />
  <attribute name ="GC Interval" value="200" />
  <attribute name="ProportionalT" value="3.000000" />
  <attribute name="ProportionalI" value="3.000000" />
  <attribute name="ProportionalH" value="3.000000" />
  <attribute name="Current Error" value="6.000000" />
  <attribute name="IntegralT" value="9.000000" />
  <attribute name="IntegralI" value="9.000000" />
  <attribute name="IntegralH" value="9.000000" />
  <attribute name="DerivativeT" value="0.666667" />
  <attribute name="DerivativeI" value="0.666667" />
  <attribute name="DerivativeH" value="0.666667" />
  <attribute name="Loop Time for DT" value="3.000000" />
  <attribute name="Output H" value="8388608"/>
  <attribute name="Output I" value="200"/>
  <attribute name="Output T" value="4"/>
  <attribute name="Target GC Util Change" value ="20.000000" />
  <attribute name="Current GC Util Change" value="26.000000"/>
  <attribute name="GC Util currently" value="26" />
  <attribute name="CPU Util currently" value="1563561115562" />
<allocation-satisfied id="5529" threadId="0000000002213700" bytesRequested="1168" />
<af-end id="5530" timestamp="2019-06-16T21:31:02.845" threadId="0000000002214088" success="true" from="nursery"/>
<exclusive-end id="5531" timestamp="2019-06-16T21:31:02.845" durationms="1.206" />

<exclusive-start id="5532" timestamp="2019-06-16T21:31:02.846" intervalms="2.934">
  <response-info timems="0.072" idlems="0.072" threads="0" lastid="0000000002213700" lastname="main" />
</exclusive-start>
<af-start id="5533" threadId="0000000002214088" totalBytesRequested="1168" timestamp="2019-06-16T21:31:02.846" intervalms="2.941" type="nursery" />
<cycle-start id="5534" type="scavenge" contextid="0" timestamp="2019-06-16T21:31:02.846" intervalms="2.942" />
<gc-start id="5535" type="scavenge" contextid="5534" timestamp="2019-06-16T21:31:02.847">
  <mem-info id="5536" free="2045275560" total="2092630016" percent="97">
    <mem type="nursery" free="0" total="3932160" percent="0">
      <mem type="allocate" free="0" total="3538944" percent="0" />
      <mem type="survivor" free="0" total="393216" percent="0" />
    </mem>
    <mem type="tenure" free="2045275560" total="2088697856" percent="97">
      <mem type="soa" free="1919954344" total="1963376640" percent="97" />
      <mem type="loa" free="125321216" total="125321216" percent="100" />
    </mem>
    <remembered-set count="102" />
  </mem-info>
</gc-start>
<allocation-stats totalBytes="3439864" >
  <allocated-bytes non-tlh="1168" tlh="3438696" />
  <largest-consumer threadName="main" threadId="0000000002213700" bytes="3439864" />
</allocation-stats>
<gc-op id="5537" type="scavenge" timems="0.180" contextid="5534" timestamp="2019-06-16T21:31:02.847">
  <scavenger-info tenureage="10" tenuremask="fc00" tiltratio="90" />
  <memory-copied type="nursery" objects="2" bytes="64" bytesdiscarded="78272" />
</gc-op>
<gc-end id="5538" type="scavenge" contextid="5534" durationms="0.696" usertimems="4.000" systemtimems="0.000" timestamp="2019-06-16T21:31:02.847" activeThreads="4">
  <mem-info id="5539" free="2048736168" total="2092630016" percent="97">
    <mem type="nursery" free="3460608" total="3932160" percent="88">
      <mem type="allocate" free="3460608" total="3538944" percent="97" />
      <mem type="survivor" free="0" total="393216" percent="0" />
    </mem>
    <mem type="tenure" free="2045275560" total="2088697856" percent="97" macro-fragmented="0">
      <mem type="soa" free="1919954344" total="1963376640" percent="97" />
      <mem type="loa" free="125321216" total="125321216" percent="100" />
    </mem>
    <remembered-set count="102" />
  </mem-info>
</gc-end>
<cycle-end id="5540" type="scavenge" contextid="5534" timestamp="2019-06-16T21:31:02.847" />
  <attribute name="elasticGC enabled" value="1" />
  <attribute name= "numThreadsSpecified" value="4" />
  <attribute name="heapSize specified" value="9371648" />
  <attribute name="Current GC Util" value="24" />
  <attribute name= "Current Time Running" value="48813" />
  <attribute name ="GC Interval" value="200" />
  <attribute name="ProportionalT" value="2.000000" />
  <attribute name="ProportionalI" value="2.000000" />
  <attribute name="ProportionalH" value="2.000000" />
  <attribute name="Current Error" value="4.000000" />
  <attribute name="IntegralT" value="6.000000" />
  <attribute name="IntegralI" value="6.000000" />
  <attribute name="IntegralH" value="6.000000" />
  <attribute name="DerivativeT" value="-0.666667" />
  <attribute name="DerivativeI" value="-0.666667" />
  <attribute name="DerivativeH" value="-0.666667" />
  <attribute name="Loop Time for DT" value="3.000000" />
  <attribute name="Output H" value="8388608"/>
  <attribute name="Output I" value="200"/>
  <attribute name="Output T" value="4"/>
  <attribute name="Target GC Util Change" value ="20.000000" />
  <attribute name="Current GC Util Change" value="24.000000"/>
  <attribute name="GC Util currently" value="24" />
  <attribute name="CPU Util currently" value="1566706239518" />
<allocation-satisfied id="5541" threadId="0000000002213700" bytesRequested="1168" />
<af-end id="5542" timestamp="2019-06-16T21:31:02.847" threadId="0000000002214088" success="true" from="nursery"/>
<exclusive-end id="5543" timestamp="2019-06-16T21:31:02.848" durationms="1.169" />

<exclusive-start id="5544" timestamp="2019-06-16T21:31:02.849" intervalms="2.833">
  <response-info timems="0.045" idlems="0.045" threads="0" lastid="0000000002213700" lastname="main" />
</exclusive-start>
<af-start id="5545" threadId="0000000002214088" totalBytesRequested="1168" timestamp="2019-06-16T21:31:02.849" intervalms="2.830" type="nursery" />
<cycle-start id="5546" type="scavenge" contextid="0" timestamp="2019-06-16T21:31:02.849" intervalms="2.828" />
<gc-start id="5547" type="scavenge" contextid="5546" timestamp="2019-06-16T21:31:02.849">
  <mem-info id="5548" free="2045275560" total="2092630016" percent="97">
    <mem type="nursery" free="0" total="3932160" percent="0">
      <mem type="allocate" free="0" total="3538944" percent="0" />
      <mem type="survivor" free="0" total="393216" percent="0" />
    </mem>
    <mem type="tenure" free="2045275560" total="2088697856" percent="97">
      <mem type="soa" free="1919954344" total="1963376640" percent="97" />
      <mem type="loa" free="125321216" total="125321216" percent="100" />
    </mem>
    <remembered-set count="102" />
  </mem-info>
</gc-start>
<allocation-stats totalBytes="3438600" >
  <allocated-bytes non-tlh="1168" tlh="3437432" />
  <largest-consumer threadName="main" threadId="0000000002213700" bytes="3438600" />
</allocation-stats>
<gc-op id="5549" type="scavenge" timems="0.198" contextid="5546" timestamp="2019-06-16T21:31:02.850">
  <scavenger-info tenureage="10" tenuremask="fc00" tiltratio="90" />
  <memory-copied type="nursery" objects="2" bytes="64" bytesdiscarded="78272" />
</gc-op>
<gc-end id="5550" type="scavenge" contextid="5546" durationms="0.720" usertimems="0.000" systemtimems="0.000" timestamp="2019-06-16T21:31:02.850" activeThreads="4">
  <mem-info id="5551" free="2048736168" total="2092630016" percent="97">
    <mem type="nursery" free="3460608" total="3932160" percent="88">
      <mem type="allocate" free="3460608" total="3538944" percent="97" />
      <mem type="survivor" free="0" total="393216" percent="0" />
    </mem>
    <mem type="tenure" free="2045275560" total="2088697856" percent="97" macro-fragmented="0">
      <mem type="soa" free="1919954344" total="1963376640" percent="97" />
      <mem type="loa" free="125321216" total="125321216" percent="100" />
    </mem>
    <remembered-set count="102" />
  </mem-info>
</gc-end>
<cycle-end id="5552" type="scavenge" contextid="5546" timestamp="2019-06-16T21:31:02.850" />
  <attribute name="elasticGC enabled" value="1" />
  <attribute name= "numThreadsSpecified" value="4" />
  <attribute name="heapSize specified" value="9371648" />
  <attribute name="Current GC Util" value="25" />
  <attribute name= "Current Time Running" value="48815" />
  <attribute name ="GC Interval" value="200" />
  <attribute name="ProportionalT" value="2.500000" />
  <attribute name="ProportionalI" value="2.500000" />
  <attribute name="ProportionalH" value="2.500000" />
  <attribute name="Current Error" value="5.000000" />
  <attribute name="IntegralT" value="5.000000" />
  <attribute name="IntegralI" value="5.000000" />
  <attribute name="IntegralH" value="5.000000" />
  <attribute name="DerivativeT" value="0.500000" />
  <attribute name="DerivativeI" value="0.500000" />
  <attribute name="DerivativeH" value="0.500000" />
  <attribute name="Loop Time for DT" value="2.000000" />
  <attribute name="Output H" value="8388608"/>
  <attribute name="Output I" value="200"/>
  <attribute name="Output T" value="4"/>
  <attribute name="Target GC Util Change" value ="20.000000" />
  <attribute name="Current GC Util Change" value="25.000000"/>
  <attribute name="GC Util currently" value="25" />
  <attribute name="CPU Util currently" value="1627063731419" />
<allocation-satisfied id="5553" threadId="0000000002213700" bytesRequested="1168" />
<af-end id="5554" timestamp="2019-06-16T21:31:02.850" threadId="0000000002214088" success="true" from="nursery"/>
<exclusive-end id="5555" timestamp="2019-06-16T21:31:02.850" durationms="1.193" />

<exclusive-start id="5556" timestamp="2019-06-16T21:31:02.852" intervalms="2.868">
  <response-info timems="0.035" idlems="0.035" threads="0" lastid="0000000002213700" lastname="main" />
</exclusive-start>
<af-start id="5557" threadId="0000000002214088" totalBytesRequested="1168" timestamp="2019-06-16T21:31:02.852" intervalms="2.874" type="nursery" />
<cycle-start id="5558" type="scavenge" contextid="0" timestamp="2019-06-16T21:31:02.852" intervalms="2.877" />
<gc-start id="5559" type="scavenge" contextid="5558" timestamp="2019-06-16T21:31:02.852">
  <mem-info id="5560" free="2045275560" total="2092630016" percent="97">
    <mem type="nursery" free="0" total="3932160" percent="0">
      <mem type="allocate" free="0" total="3538944" percent="0" />
      <mem type="survivor" free="0" total="393216" percent="0" />
    </mem>
    <mem type="tenure" free="2045275560" total="2088697856" percent="97">
      <mem type="soa" free="1919954344" total="1963376640" percent="97" />
      <mem type="loa" free="125321216" total="125321216" percent="100" />
    </mem>
    <remembered-set count="102" />
  </mem-info>
</gc-start>
<allocation-stats totalBytes="3439840" >
  <allocated-bytes non-tlh="1168" tlh="3438672" />
  <largest-consumer threadName="main" threadId="0000000002213700" bytes="3439840" />
</allocation-stats>
<gc-op id="5561" type="scavenge" timems="0.239" contextid="5558" timestamp="2019-06-16T21:31:02.853">
  <scavenger-info tenureage="10" tenuremask="fc00" tiltratio="90" />
  <memory-copied type="nursery" objects="2" bytes="64" bytesdiscarded="78272" />
</gc-op>
<gc-end id="5562" type="scavenge" contextid="5558" durationms="0.757" usertimems="0.000" systemtimems="0.000" timestamp="2019-06-16T21:31:02.853" activeThreads="4">
  <mem-info id="5563" free="2048736168" total="2092630016" percent="97">
    <mem type="nursery" free="3460608" total="3932160" percent="88">
      <mem type="allocate" free="3460608" total="3538944" percent="97" />
      <mem type="survivor" free="0" total="393216" percent="0" />
    </mem>
    <mem type="tenure" free="2045275560" total="2088697856" percent="97" macro-fragmented="0">
      <mem type="soa" free="1919954344" total="1963376640" percent="97" />
      <mem type="loa" free="125321216" total="125321216" percent="100" />
    </mem>
    <remembered-set count="102" />
  </mem-info>
</gc-end>
<cycle-end id="5564" type="scavenge" contextid="5558" timestamp="2019-06-16T21:31:02.853" />
  <attribute name="elasticGC enabled" value="1" />
  <attribute name= "numThreadsSpecified" value="4" />
  <attribute name="heapSize specified" value="9371648" />
  <attribute name="Current GC Util" value="25" />
  <attribute name= "Current Time Running" value="48818" />
  <attribute name ="GC Interval" value="200" />
  <attribute name="ProportionalT" value="2.500000" />
  <attribute name="ProportionalI" value="2.500000" />
  <attribute name="ProportionalH" value="2.500000" />
  <attribute name="Current Error" value="5.000000" />
  <attribute name="IntegralT" value="7.500000" />
  <attribute name="IntegralI" value="7.500000" />
  <attribute name="IntegralH" value="7.500000" />
  <attribute name="DerivativeT" value="0.000000" />
  <attribute name="DerivativeI" value="0.000000" />
  <attribute name="DerivativeH" value="0.000000" />
  <attribute name="Loop Time for DT" value="3.000000" />
  <attribute name="Output H" value="8388608"/>
  <attribute name="Output I" value="200"/>
  <attribute name="Output T" value="4"/>
  <attribute name="Target GC Util Change" value ="20.000000" />
  <attribute name="Current GC Util Change" value="25.000000"/>
  <attribute name="GC Util currently" value="25" />
  <attribute name="CPU Util currently" value="1606456214671" />
<allocation-satisfied id="5565" threadId="0000000002213700" bytesRequested="1168" />
<af-end id="5566" timestamp="2019-06-16T21:31:02.853" threadId="0000000002214088" success="true" from="nursery"/>
<exclusive-end id="5567" timestamp="2019-06-16T21:31:02.853" durationms="1.238" />

<exclusive-start id="5568" timestamp="2019-06-16T21:31:02.855" intervalms="2.980">
  <response-info timems="0.067" idlems="0.067" threads="0" lastid="0000000002213700" lastname="main" />
</exclusive-start>
<af-start id="5569" threadId="0000000002214088" totalBytesRequested="1168" timestamp="2019-06-16T21:31:02.855" intervalms="2.976" type="nursery" />
<cycle-start id="5570" type="scavenge" contextid="0" timestamp="2019-06-16T21:31:02.855" intervalms="2.974" />
<gc-start id="5571" type="scavenge" contextid="5570" timestamp="2019-06-16T21:31:02.855">
  <mem-info id="5572" free="2045275560" total="2092630016" percent="97">
    <mem type="nursery" free="0" total="3932160" percent="0">
      <mem type="allocate" free="0" total="3538944" percent="0" />
      <mem type="survivor" free="0" total="393216" percent="0" />
    </mem>
    <mem type="tenure" free="2045275560" total="2088697856" percent="97">
      <mem type="soa" free="1919954344" total="1963376640" percent="97" />
      <mem type="loa" free="125321216" total="125321216" percent="100" />
    </mem>
    <remembered-set count="102" />
  </mem-info>
</gc-start>
<allocation-stats totalBytes="3438624" >
  <allocated-bytes non-tlh="1168" tlh="3437456" />
  <largest-consumer threadName="main" threadId="0000000002213700" bytes="3438624" />
</allocation-stats>
<gc-op id="5573" type="scavenge" timems="0.198" contextid="5570" timestamp="2019-06-16T21:31:02.856">
  <scavenger-info tenureage="10" tenuremask="fc00" tiltratio="90" />
  <memory-copied type="nursery" objects="2" bytes="64" bytesdiscarded="78272" />
</gc-op>
<gc-end id="5574" type="scavenge" contextid="5570" durationms="0.712" usertimems="0.000" systemtimems="0.000" timestamp="2019-06-16T21:31:02.856" activeThreads="4">
  <mem-info id="5575" free="2048736168" total="2092630016" percent="97">
    <mem type="nursery" free="3460608" total="3932160" percent="88">
      <mem type="allocate" free="3460608" total="3538944" percent="97" />
      <mem type="survivor" free="0" total="393216" percent="0" />
    </mem>
    <mem type="tenure" free="2045275560" total="2088697856" percent="97" macro-fragmented="0">
      <mem type="soa" free="1919954344" total="1963376640" percent="97" />
      <mem type="loa" free="125321216" total="125321216" percent="100" />
    </mem>
    <remembered-set count="102" />
  </mem-info>
</gc-end>
<cycle-end id="5576" type="scavenge" contextid="5570" timestamp="2019-06-16T21:31:02.856" />
  <attribute name="elasticGC enabled" value="1" />
  <attribute name= "numThreadsSpecified" value="4" />
  <attribute name="heapSize specified" value="9371648" />
  <attribute name="Current GC Util" value="24" />
  <attribute name= "Current Time Running" value="48821" />
  <attribute name ="GC Interval" value="200" />
  <attribute name="ProportionalT" value="2.000000" />
  <attribute name="ProportionalI" value="2.000000" />
  <attribute name="ProportionalH" value="2.000000" />
  <attribute name="Current Error" value="4.000000" />
  <attribute name="IntegralT" value="6.000000" />
  <attribute name="IntegralI" value="6.000000" />
  <attribute name="IntegralH" value="6.000000" />
  <attribute name="DerivativeT" value="-0.333333" />
  <attribute name="DerivativeI" value="-0.333333" />
  <attribute name="DerivativeH" value="-0.333333" />
  <attribute name="Loop Time for DT" value="3.000000" />
  <attribute name="Output H" value="8388608"/>
  <attribute name="Output I" value="200"/>
  <attribute name="Output T" value="4"/>
  <attribute name="Target GC Util Change" value ="20.000000" />
  <attribute name="Current GC Util Change" value="24.000000"/>
  <attribute name="GC Util currently" value="24" />
  <attribute name="CPU Util currently" value="1555392535551" />
<allocation-satisfied id="5577" threadId="0000000002213700" bytesRequested="1168" />
<af-end id="5578" timestamp="2019-06-16T21:31:02.856" threadId="0000000002214088" success="true" from="nursery"/>
<exclusive-end id="5579" timestamp="2019-06-16T21:31:02.856" durationms="1.175" />

<exclusive-start id="5580" timestamp="2019-06-16T21:31:02.865" intervalms="10.006">
  <response-info timems="0.048" idlems="0.048" threads="0" lastid="0000000002213700" lastname="main" />
</exclusive-start>
<af-start id="5581" threadId="0000000002214088" totalBytesRequested="80" timestamp="2019-06-16T21:31:02.865" intervalms="10.062" type="nursery" />
<cycle-start id="5582" type="scavenge" contextid="0" timestamp="2019-06-16T21:31:02.865" intervalms="10.073" />
<gc-start id="5583" type="scavenge" contextid="5582" timestamp="2019-06-16T21:31:02.865">
  <mem-info id="5584" free="2045275560" total="2092630016" percent="97">
    <mem type="nursery" free="0" total="3932160" percent="0">
      <mem type="allocate" free="0" total="3538944" percent="0" />
      <mem type="survivor" free="0" total="393216" percent="0" />
    </mem>
    <mem type="tenure" free="2045275560" total="2088697856" percent="97">
      <mem type="soa" free="1919954344" total="1963376640" percent="97" />
      <mem type="loa" free="125321216" total="125321216" percent="100" />
    </mem>
    <remembered-set count="107" />
  </mem-info>
</gc-start>
<allocation-stats totalBytes="3456368" >
  <allocated-bytes non-tlh="1168" tlh="3455200" />
  <largest-consumer threadName="main" threadId="0000000002213700" bytes="3456368" />
</allocation-stats>
<gc-op id="5585" type="scavenge" timems="0.228" contextid="5582" timestamp="2019-06-16T21:31:02.866">
  <scavenger-info tenureage="10" tenuremask="fc00" tiltratio="90" />
  <memory-copied type="nursery" objects="154" bytes="5080" bytesdiscarded="73256" />
</gc-op>
<gc-end id="5586" type="scavenge" contextid="5582" durationms="0.763" usertimems="0.000" systemtimems="0.000" timestamp="2019-06-16T21:31:02.866" activeThreads="4">
  <mem-info id="5587" free="2048736168" total="2092630016" percent="97">
    <mem type="nursery" free="3460608" total="3932160" percent="88">
      <mem type="allocate" free="3460608" total="3538944" percent="97" />
      <mem type="survivor" free="0" total="393216" percent="0" />
    </mem>
    <mem type="tenure" free="2045275560" total="2088697856" percent="97" macro-fragmented="0">
      <mem type="soa" free="1919954344" total="1963376640" percent="97" />
      <mem type="loa" free="125321216" total="125321216" percent="100" />
    </mem>
    <remembered-set count="107" />
  </mem-info>
</gc-end>
<cycle-end id="5588" type="scavenge" contextid="5582" timestamp="2019-06-16T21:31:02.866" />
  <attribute name="elasticGC enabled" value="1" />
  <attribute name= "numThreadsSpecified" value="4" />
  <attribute name="heapSize specified" value="9371648" />
  <attribute name="Current GC Util" value="7" />
  <attribute name= "Current Time Running" value="48831" />
  <attribute name ="GC Interval" value="200" />
  <attribute name="ProportionalT" value="-6.500000" />
  <attribute name="ProportionalI" value="-6.500000" />
  <attribute name="ProportionalH" value="-6.500000" />
  <attribute name="Current Error" value="-13.000000" />
  <attribute name="IntegralT" value="-65.000000" />
  <attribute name="IntegralI" value="-65.000000" />
  <attribute name="IntegralH" value="-65.000000" />
  <attribute name="DerivativeT" value="-1.700000" />
  <attribute name="DerivativeI" value="-1.700000" />
  <attribute name="DerivativeH" value="-1.700000" />
  <attribute name="Loop Time for DT" value="10.000000" />
  <attribute name="Output H" value="2092630016"/>
  <attribute name="Output I" value="200"/>
  <attribute name="Output T" value="4"/>
  <attribute name="Target GC Util Change" value ="20.000000" />
  <attribute name="Current GC Util Change" value="7.000000"/>
  <attribute name="GC Util currently" value="7" />
  <attribute name="CPU Util currently" value="456126079112" />
<allocation-satisfied id="5589" threadId="0000000002213700" bytesRequested="80" />
<af-end id="5590" timestamp="2019-06-16T21:31:02.866" threadId="0000000002214088" success="true" from="nursery"/>
<exclusive-end id="5591" timestamp="2019-06-16T21:31:02.866" durationms="1.331" />

<exclusive-start id="5592" timestamp="2019-06-16T21:31:02.894" intervalms="29.159">
  <response-info timems="0.037" idlems="0.037" threads="0" lastid="0000000002213700" lastname="main" />
</exclusive-start>
<af-start id="5593" threadId="0000000002214088" totalBytesRequested="24" timestamp="2019-06-16T21:31:02.894" intervalms="29.173" type="nursery" />
<cycle-start id="5594" type="scavenge" contextid="0" timestamp="2019-06-16T21:31:02.894" intervalms="29.175" />
<gc-start id="5595" type="scavenge" contextid="5594" timestamp="2019-06-16T21:31:02.895">
  <mem-info id="5596" free="2045275560" total="2092630016" percent="97">
    <mem type="nursery" free="0" total="3932160" percent="0">
      <mem type="allocate" free="0" total="3538944" percent="0" />
      <mem type="survivor" free="0" total="393216" percent="0" />
    </mem>
    <mem type="tenure" free="2045275560" total="2088697856" percent="97">
      <mem type="soa" free="1919954344" total="1963376640" percent="97" />
      <mem type="loa" free="125321216" total="125321216" percent="100" />
    </mem>
    <remembered-set count="107" />
  </mem-info>
</gc-start>
<allocation-stats totalBytes="3460032" >
  <allocated-bytes non-tlh="80" tlh="3459952" />
  <largest-consumer threadName="main" threadId="0000000002213700" bytes="3460032" />
</allocation-stats>
<gc-op id="5597" type="scavenge" timems="0.267" contextid="5594" timestamp="2019-06-16T21:31:02.895">
  <scavenger-info tenureage="3" tenuremask="fff8" tiltratio="90" />
  <memory-copied type="nursery" objects="161" bytes="5312" bytesdiscarded="73024" />
</gc-op>
<gc-end id="5598" type="scavenge" contextid="5594" durationms="0.798" usertimems="4.000" systemtimems="0.000" timestamp="2019-06-16T21:31:02.895" activeThreads="4">
  <mem-info id="5599" free="2048736168" total="2092630016" percent="97">
    <mem type="nursery" free="3460608" total="3932160" percent="88">
      <mem type="allocate" free="3460608" total="3538944" percent="97" />
      <mem type="survivor" free="0" total="393216" percent="0" />
    </mem>
    <mem type="tenure" free="2045275560" total="2088697856" percent="97" macro-fragmented="0">
      <mem type="soa" free="1919954344" total="1963376640" percent="97" />
      <mem type="loa" free="125321216" total="125321216" percent="100" />
    </mem>
    <remembered-set count="97" />
  </mem-info>
</gc-end>
<cycle-end id="5600" type="scavenge" contextid="5594" timestamp="2019-06-16T21:31:02.895" />
  <attribute name="elasticGC enabled" value="1" />
  <attribute name= "numThreadsSpecified" value="4" />
  <attribute name="heapSize specified" value="9371648" />
  <attribute name="Current GC Util" value="2" />
  <attribute name= "Current Time Running" value="48861" />
  <attribute name ="GC Interval" value="200" />
  <attribute name="ProportionalT" value="-9.000000" />
  <attribute name="ProportionalI" value="-9.000000" />
  <attribute name="ProportionalH" value="-9.000000" />
  <attribute name="Current Error" value="-18.000000" />
  <attribute name="IntegralT" value="-270.000000" />
  <attribute name="IntegralI" value="-270.000000" />
  <attribute name="IntegralH" value="-270.000000" />
  <attribute name="DerivativeT" value="-0.600000" />
  <attribute name="DerivativeI" value="-0.600000" />
  <attribute name="DerivativeH" value="-0.600000" />
  <attribute name="Loop Time for DT" value="30.000000" />
  <attribute name="Output H" value="2092630016"/>
  <attribute name="Output I" value="200"/>
  <attribute name="Output T" value="4"/>
  <attribute name="Target GC Util Change" value ="20.000000" />
  <attribute name="Current GC Util Change" value="2.000000"/>
  <attribute name="GC Util currently" value="2" />
  <attribute name="CPU Util currently" value="158022218873" />
<allocation-satisfied id="5601" threadId="0000000002213700" bytesRequested="24" />
<af-end id="5602" timestamp="2019-06-16T21:31:02.896" threadId="0000000002214088" success="true" from="nursery"/>
<exclusive-end id="5603" timestamp="2019-06-16T21:31:02.896" durationms="1.384" />

<exclusive-start id="5604" timestamp="2019-06-16T21:31:02.921" intervalms="26.617">
  <response-info timems="0.041" idlems="0.041" threads="0" lastid="0000000002213700" lastname="main" />
</exclusive-start>
<af-start id="5605" threadId="0000000002214088" totalBytesRequested="24" timestamp="2019-06-16T21:31:02.921" intervalms="26.610" type="nursery" />
<cycle-start id="5606" type="scavenge" contextid="0" timestamp="2019-06-16T21:31:02.921" intervalms="26.611" />
<gc-start id="5607" type="scavenge" contextid="5606" timestamp="2019-06-16T21:31:02.921">
  <mem-info id="5608" free="2045275560" total="2092630016" percent="97">
    <mem type="nursery" free="0" total="3932160" percent="0">
      <mem type="allocate" free="0" total="3538944" percent="0" />
      <mem type="survivor" free="0" total="393216" percent="0" />
    </mem>
    <mem type="tenure" free="2045275560" total="2088697856" percent="97">
      <mem type="soa" free="1919954344" total="1963376640" percent="97" />
      <mem type="loa" free="125321216" total="125321216" percent="100" />
    </mem>
    <remembered-set count="97" />
  </mem-info>
</gc-start>
<allocation-stats totalBytes="3460120" >
  <allocated-bytes non-tlh="24" tlh="3460096" />
  <largest-consumer threadName="main" threadId="0000000002213700" bytes="3460120" />
</allocation-stats>
<gc-op id="5609" type="scavenge" timems="0.234" contextid="5606" timestamp="2019-06-16T21:31:02.921">
  <scavenger-info tenureage="3" tenuremask="fff8" tiltratio="90" />
  <memory-copied type="nursery" objects="159" bytes="5272" bytesdiscarded="73064" />
</gc-op>
<gc-end id="5610" type="scavenge" contextid="5606" durationms="0.774" usertimems="0.000" systemtimems="0.000" timestamp="2019-06-16T21:31:02.922" activeThreads="4">
  <mem-info id="5611" free="2048736168" total="2092630016" percent="97">
    <mem type="nursery" free="3460608" total="3932160" percent="88">
      <mem type="allocate" free="3460608" total="3538944" percent="97" />
      <mem type="survivor" free="0" total="393216" percent="0" />
    </mem>
    <mem type="tenure" free="2045275560" total="2088697856" percent="97" macro-fragmented="0">
      <mem type="soa" free="1919954344" total="1963376640" percent="97" />
      <mem type="loa" free="125321216" total="125321216" percent="100" />
    </mem>
    <remembered-set count="97" />
  </mem-info>
</gc-end>
<cycle-end id="5612" type="scavenge" contextid="5606" timestamp="2019-06-16T21:31:02.922" />
  <attribute name="elasticGC enabled" value="1" />
  <attribute name= "numThreadsSpecified" value="4" />
  <attribute name="heapSize specified" value="9371648" />
  <attribute name="Current GC Util" value="3" />
  <attribute name= "Current Time Running" value="48887" />
  <attribute name ="GC Interval" value="200" />
  <attribute name="ProportionalT" value="-8.500000" />
  <attribute name="ProportionalI" value="-8.500000" />
  <attribute name="ProportionalH" value="-8.500000" />
  <attribute name="Current Error" value="-17.000000" />
  <attribute name="IntegralT" value="-221.000000" />
  <attribute name="IntegralI" value="-221.000000" />
  <attribute name="IntegralH" value="-221.000000" />
  <attribute name="DerivativeT" value="-0.653846" />
  <attribute name="DerivativeI" value="-0.653846" />
  <attribute name="DerivativeH" value="-0.653846" />
  <attribute name="Loop Time for DT" value="26.000000" />
  <attribute name="Output H" value="2092630016"/>
  <attribute name="Output I" value="200"/>
  <attribute name="Output T" value="4"/>
  <attribute name="Target GC Util Change" value ="20.000000" />
  <attribute name="Current GC Util Change" value="3.000000"/>
  <attribute name="GC Util currently" value="3" />
  <attribute name="CPU Util currently" value="173308031356" />
<allocation-satisfied id="5613" threadId="0000000002213700" bytesRequested="24" />
<af-end id="5614" timestamp="2019-06-16T21:31:02.922" threadId="0000000002214088" success="true" from="nursery"/>
<exclusive-end id="5615" timestamp="2019-06-16T21:31:02.922" durationms="1.353" />

<exclusive-start id="5616" timestamp="2019-06-16T21:31:02.948" intervalms="26.934">
  <response-info timems="0.093" idlems="0.093" threads="0" lastid="0000000002213700" lastname="main" />
</exclusive-start>
<af-start id="5617" threadId="0000000002214088" totalBytesRequested="64" timestamp="2019-06-16T21:31:02.948" intervalms="26.943" type="nursery" />
<cycle-start id="5618" type="scavenge" contextid="0" timestamp="2019-06-16T21:31:02.948" intervalms="26.937" />
<gc-start id="5619" type="scavenge" contextid="5618" timestamp="2019-06-16T21:31:02.948">
  <mem-info id="5620" free="2045275560" total="2092630016" percent="97">
    <mem type="nursery" free="0" total="3932160" percent="0">
      <mem type="allocate" free="0" total="3538944" percent="0" />
      <mem type="survivor" free="0" total="393216" percent="0" />
    </mem>
    <mem type="tenure" free="2045275560" total="2088697856" percent="97">
      <mem type="soa" free="1919954344" total="1963376640" percent="97" />
      <mem type="loa" free="125321216" total="125321216" percent="100" />
    </mem>
    <remembered-set count="97" />
  </mem-info>
</gc-start>
<allocation-stats totalBytes="3460064" >
  <allocated-bytes non-tlh="24" tlh="3460040" />
  <largest-consumer threadName="main" threadId="0000000002213700" bytes="3460064" />
</allocation-stats>
<gc-op id="5621" type="scavenge" timems="0.293" contextid="5618" timestamp="2019-06-16T21:31:02.948">
  <scavenger-info tenureage="3" tenuremask="fff8" tiltratio="90" />
  <memory-copied type="nursery" objects="102" bytes="3312" bytesdiscarded="75024" />
  <memory-copied type="tenure" objects="51" bytes="1704" bytesdiscarded="0" />
</gc-op>
<gc-end id="5622" type="scavenge" contextid="5618" durationms="0.664" usertimems="0.000" systemtimems="4.000" timestamp="2019-06-16T21:31:02.949" activeThreads="4">
  <mem-info id="5623" free="2048736168" total="2092630016" percent="97">
    <mem type="nursery" free="3460608" total="3932160" percent="88">
      <mem type="allocate" free="3460608" total="3538944" percent="97" />
      <mem type="survivor" free="0" total="393216" percent="0" />
    </mem>
    <mem type="tenure" free="2045275560" total="2088697856" percent="97" macro-fragmented="0">
      <mem type="soa" free="1919954344" total="1963376640" percent="97" />
      <mem type="loa" free="125321216" total="125321216" percent="100" />
    </mem>
    <remembered-set count="98" />
  </mem-info>
</gc-end>
<cycle-end id="5624" type="scavenge" contextid="5618" timestamp="2019-06-16T21:31:02.949" />
  <attribute name="elasticGC enabled" value="1" />
  <attribute name= "numThreadsSpecified" value="4" />
  <attribute name="heapSize specified" value="9371648" />
  <attribute name="Current GC Util" value="3" />
  <attribute name= "Current Time Running" value="48914" />
  <attribute name ="GC Interval" value="200" />
  <attribute name="ProportionalT" value="-8.500000" />
  <attribute name="ProportionalI" value="-8.500000" />
  <attribute name="ProportionalH" value="-8.500000" />
  <attribute name="Current Error" value="-17.000000" />
  <attribute name="IntegralT" value="-229.500000" />
  <attribute name="IntegralI" value="-229.500000" />
  <attribute name="IntegralH" value="-229.500000" />
  <attribute name="DerivativeT" value="-0.629630" />
  <attribute name="DerivativeI" value="-0.629630" />
  <attribute name="DerivativeH" value="-0.629630" />
  <attribute name="Loop Time for DT" value="27.000000" />
  <attribute name="Output H" value="2092630016"/>
  <attribute name="Output I" value="200"/>
  <attribute name="Output T" value="4"/>
  <attribute name="Target GC Util Change" value ="20.000000" />
  <attribute name="Current GC Util Change" value="3.000000"/>
  <attribute name="GC Util currently" value="3" />
  <attribute name="CPU Util currently" value="171252220711" />
<allocation-satisfied id="5625" threadId="0000000002213700" bytesRequested="64" />
<af-end id="5626" timestamp="2019-06-16T21:31:02.949" threadId="0000000002214088" success="true" from="nursery"/>
<exclusive-end id="5627" timestamp="2019-06-16T21:31:02.949" durationms="1.258" />

<exclusive-start id="5628" timestamp="2019-06-16T21:31:02.975" intervalms="26.872">
  <response-info timems="0.037" idlems="0.037" threads="0" lastid="0000000002213700" lastname="main" />
</exclusive-start>
<af-start id="5629" threadId="0000000002214088" totalBytesRequested="24" timestamp="2019-06-16T21:31:02.975" intervalms="26.899" type="nursery" />
<cycle-start id="5630" type="scavenge" contextid="0" timestamp="2019-06-16T21:31:02.975" intervalms="26.900" />
<gc-start id="5631" type="scavenge" contextid="5630" timestamp="2019-06-16T21:31:02.975">
  <mem-info id="5632" free="2045275560" total="2092630016" percent="97">
    <mem type="nursery" free="0" total="3932160" percent="0">
      <mem type="allocate" free="0" total="3538944" percent="0" />
      <mem type="survivor" free="0" total="393216" percent="0" />
    </mem>
    <mem type="tenure" free="2045275560" total="2088697856" percent="97">
      <mem type="soa" free="1919954344" total="1963376640" percent="97" />
      <mem type="loa" free="125321216" total="125321216" percent="100" />
    </mem>
    <remembered-set count="99" />
  </mem-info>
</gc-start>
<allocation-stats totalBytes="3460192" >
  <allocated-bytes non-tlh="64" tlh="3460128" />
  <largest-consumer threadName="main" threadId="0000000002213700" bytes="3460192" />
</allocation-stats>
<gc-op id="5633" type="scavenge" timems="0.203" contextid="5630" timestamp="2019-06-16T21:31:02.975">
  <scavenger-info tenureage="3" tenuremask="ffe8" tiltratio="90" />
  <memory-copied type="nursery" objects="100" bytes="3264" bytesdiscarded="75072" />
</gc-op>
<gc-end id="5634" type="scavenge" contextid="5630" durationms="0.567" usertimems="0.000" systemtimems="0.000" timestamp="2019-06-16T21:31:02.976" activeThreads="4">
  <mem-info id="5635" free="2048736168" total="2092630016" percent="97">
    <mem type="nursery" free="3460608" total="3932160" percent="88">
      <mem type="allocate" free="3460608" total="3538944" percent="97" />
      <mem type="survivor" free="0" total="393216" percent="0" />
    </mem>
    <mem type="tenure" free="2045275560" total="2088697856" percent="97" macro-fragmented="0">
      <mem type="soa" free="1919954344" total="1963376640" percent="97" />
      <mem type="loa" free="125321216" total="125321216" percent="100" />
    </mem>
    <remembered-set count="98" />
  </mem-info>
</gc-end>
<cycle-end id="5636" type="scavenge" contextid="5630" timestamp="2019-06-16T21:31:02.976" />
  <attribute name="elasticGC enabled" value="1" />
  <attribute name= "numThreadsSpecified" value="4" />
  <attribute name="heapSize specified" value="9371648" />
  <attribute name="Current GC Util" value="2" />
  <attribute name= "Current Time Running" value="48941" />
  <attribute name ="GC Interval" value="200" />
  <attribute name="ProportionalT" value="-9.000000" />
  <attribute name="ProportionalI" value="-9.000000" />
  <attribute name="ProportionalH" value="-9.000000" />
  <attribute name="Current Error" value="-18.000000" />
  <attribute name="IntegralT" value="-243.000000" />
  <attribute name="IntegralI" value="-243.000000" />
  <attribute name="IntegralH" value="-243.000000" />
  <attribute name="DerivativeT" value="-0.666667" />
  <attribute name="DerivativeI" value="-0.666667" />
  <attribute name="DerivativeH" value="-0.666667" />
  <attribute name="Loop Time for DT" value="27.000000" />
  <attribute name="Output H" value="2092630016"/>
  <attribute name="Output I" value="200"/>
  <attribute name="Output T" value="4"/>
  <attribute name="Target GC Util Change" value ="20.000000" />
  <attribute name="Current GC Util Change" value="2.000000"/>
  <attribute name="GC Util currently" value="2" />
  <attribute name="CPU Util currently" value="171412913131" />
<allocation-satisfied id="5637" threadId="0000000002213700" bytesRequested="24" />
<af-end id="5638" timestamp="2019-06-16T21:31:02.976" threadId="0000000002214088" success="true" from="nursery"/>
<exclusive-end id="5639" timestamp="2019-06-16T21:31:02.976" durationms="1.185" />

<exclusive-start id="5640" timestamp="2019-06-16T21:31:02.997" intervalms="22.038">
  <response-info timems="0.136" idlems="0.136" threads="0" lastid="0000000002213700" lastname="main" />
</exclusive-start>
<af-start id="5641" threadId="0000000002214088" totalBytesRequested="64" timestamp="2019-06-16T21:31:02.997" intervalms="22.006" type="nursery" />
<cycle-start id="5642" type="scavenge" contextid="0" timestamp="2019-06-16T21:31:02.997" intervalms="22.015" />
<gc-start id="5643" type="scavenge" contextid="5642" timestamp="2019-06-16T21:31:02.997">
  <mem-info id="5644" free="2045275560" total="2092630016" percent="97">
    <mem type="nursery" free="0" total="3932160" percent="0">
      <mem type="allocate" free="0" total="3538944" percent="0" />
      <mem type="survivor" free="0" total="393216" percent="0" />
    </mem>
    <mem type="tenure" free="2045275560" total="2088697856" percent="97">
      <mem type="soa" free="1919954344" total="1963376640" percent="97" />
      <mem type="loa" free="125321216" total="125321216" percent="100" />
    </mem>
    <remembered-set count="99" />
  </mem-info>
</gc-start>
<allocation-stats totalBytes="3459968" >
  <allocated-bytes non-tlh="24" tlh="3459944" />
  <largest-consumer threadName="main" threadId="0000000002213700" bytes="3459968" />
</allocation-stats>
<gc-op id="5645" type="scavenge" timems="0.249" contextid="5642" timestamp="2019-06-16T21:31:02.997">
  <scavenger-info tenureage="3" tenuremask="fff8" tiltratio="90" />
  <memory-copied type="nursery" objects="103" bytes="3328" bytesdiscarded="75008" />
</gc-op>
<gc-end id="5646" type="scavenge" contextid="5642" durationms="0.638" usertimems="4.000" systemtimems="0.000" timestamp="2019-06-16T21:31:02.998" activeThreads="4">
  <mem-info id="5647" free="2048736168" total="2092630016" percent="97">
    <mem type="nursery" free="3460608" total="3932160" percent="88">
      <mem type="allocate" free="3460608" total="3538944" percent="97" />
      <mem type="survivor" free="0" total="393216" percent="0" />
    </mem>
    <mem type="tenure" free="2045275560" total="2088697856" percent="97" macro-fragmented="0">
      <mem type="soa" free="1919954344" total="1963376640" percent="97" />
      <mem type="loa" free="125321216" total="125321216" percent="100" />
    </mem>
    <remembered-set count="97" />
  </mem-info>
</gc-end>
<cycle-end id="5648" type="scavenge" contextid="5642" timestamp="2019-06-16T21:31:02.998" />
  <attribute name="elasticGC enabled" value="1" />
  <attribute name= "numThreadsSpecified" value="4" />
  <attribute name="heapSize specified" value="9371648" />
  <attribute name="Current GC Util" value="2" />
  <attribute name= "Current Time Running" value="48963" />
  <attribute name ="GC Interval" value="200" />
  <attribute name="ProportionalT" value="-9.000000" />
  <attribute name="ProportionalI" value="-9.000000" />
  <attribute name="ProportionalH" value="-9.000000" />
  <attribute name="Current Error" value="-18.000000" />
  <attribute name="IntegralT" value="-198.000000" />
  <attribute name="IntegralI" value="-198.000000" />
  <attribute name="IntegralH" value="-198.000000" />
  <attribute name="DerivativeT" value="-0.818182" />
  <attribute name="DerivativeI" value="-0.818182" />
  <attribute name="DerivativeH" value="-0.818182" />
  <attribute name="Loop Time for DT" value="22.000000" />
  <attribute name="Output H" value="2092630016"/>
  <attribute name="Output I" value="200"/>
  <attribute name="Output T" value="4"/>
  <attribute name="Target GC Util Change" value ="20.000000" />
  <attribute name="Current GC Util Change" value="2.000000"/>
  <attribute name="GC Util currently" value="2" />
  <attribute name="CPU Util currently" value="209306817142" />
<allocation-satisfied id="5649" threadId="0000000002213700" bytesRequested="64" />
<af-end id="5650" timestamp="2019-06-16T21:31:02.998" threadId="0000000002214088" success="true" from="nursery"/>
<exclusive-end id="5651" timestamp="2019-06-16T21:31:02.998" durationms="1.237" />

<exclusive-start id="5652" timestamp="2019-06-16T21:31:03.024" intervalms="27.434">
  <response-info timems="0.047" idlems="0.047" threads="0" lastid="0000000002213700" lastname="main" />
</exclusive-start>
<af-start id="5653" threadId="0000000002214088" totalBytesRequested="64" timestamp="2019-06-16T21:31:03.024" intervalms="27.409" type="nursery" />
<cycle-start id="5654" type="scavenge" contextid="0" timestamp="2019-06-16T21:31:03.024" intervalms="27.405" />
<gc-start id="5655" type="scavenge" contextid="5654" timestamp="2019-06-16T21:31:03.024">
  <mem-info id="5656" free="2045275560" total="2092630016" percent="97">
    <mem type="nursery" free="0" total="3932160" percent="0">
      <mem type="allocate" free="0" total="3538944" percent="0" />
      <mem type="survivor" free="0" total="393216" percent="0" />
    </mem>
    <mem type="tenure" free="2045275560" total="2088697856" percent="97">
      <mem type="soa" free="1919954344" total="1963376640" percent="97" />
      <mem type="loa" free="125321216" total="125321216" percent="100" />
    </mem>
    <remembered-set count="105" />
  </mem-info>
</gc-start>
<allocation-stats totalBytes="3459984" >
  <allocated-bytes non-tlh="64" tlh="3459920" />
  <largest-consumer threadName="main" threadId="0000000002213700" bytes="3459984" />
</allocation-stats>
<gc-op id="5657" type="scavenge" timems="0.249" contextid="5654" timestamp="2019-06-16T21:31:03.025">
  <scavenger-info tenureage="3" tenuremask="fff8" tiltratio="90" />
  <memory-copied type="nursery" objects="329" bytes="10712" bytesdiscarded="207352" />
  <references type="weak" candidates="37" cleared="0" enqueued="0" />
</gc-op>
<gc-end id="5658" type="scavenge" contextid="5654" durationms="0.617" usertimems="0.000" systemtimems="0.000" timestamp="2019-06-16T21:31:03.025" activeThreads="4">
  <mem-info id="5659" free="2048596392" total="2092630016" percent="97">
    <mem type="nursery" free="3320832" total="3932160" percent="84">
      <mem type="allocate" free="3320832" total="3538944" percent="93" />
      <mem type="survivor" free="0" total="393216" percent="0" />
    </mem>
    <mem type="tenure" free="2045275560" total="2088697856" percent="97" macro-fragmented="0">
      <mem type="soa" free="1919954344" total="1963376640" percent="97" />
      <mem type="loa" free="125321216" total="125321216" percent="100" />
    </mem>
    <remembered-set count="105" />
  </mem-info>
</gc-end>
<cycle-end id="5660" type="scavenge" contextid="5654" timestamp="2019-06-16T21:31:03.025" />
  <attribute name="elasticGC enabled" value="1" />
  <attribute name= "numThreadsSpecified" value="4" />
  <attribute name="heapSize specified" value="9371648" />
  <attribute name="Current GC Util" value="2" />
  <attribute name= "Current Time Running" value="48990" />
  <attribute name ="GC Interval" value="200" />
  <attribute name="ProportionalT" value="-9.000000" />
  <attribute name="ProportionalI" value="-9.000000" />
  <attribute name="ProportionalH" value="-9.000000" />
  <attribute name="Current Error" value="-18.000000" />
  <attribute name="IntegralT" value="-243.000000" />
  <attribute name="IntegralI" value="-243.000000" />
  <attribute name="IntegralH" value="-243.000000" />
  <attribute name="DerivativeT" value="-0.666667" />
  <attribute name="DerivativeI" value="-0.666667" />
  <attribute name="DerivativeH" value="-0.666667" />
  <attribute name="Loop Time for DT" value="27.000000" />
  <attribute name="Output H" value="2092630016"/>
  <attribute name="Output I" value="200"/>
  <attribute name="Output T" value="4"/>
  <attribute name="Target GC Util Change" value ="20.000000" />
  <attribute name="Current GC Util Change" value="2.000000"/>
  <attribute name="GC Util currently" value="2" />
  <attribute name="CPU Util currently" value="168368685750" />
<allocation-satisfied id="5661" threadId="0000000002213700" bytesRequested="64" />
<af-end id="5662" timestamp="2019-06-16T21:31:03.025" threadId="0000000002214088" success="true" from="nursery"/>
<exclusive-end id="5663" timestamp="2019-06-16T21:31:03.025" durationms="1.189" />

<exclusive-start id="5664" timestamp="2019-06-16T21:31:03.062" intervalms="37.459">
  <response-info timems="0.041" idlems="0.041" threads="0" lastid="0000000002213700" lastname="main" />
</exclusive-start>
<af-start id="5665" threadId="0000000002214088" totalBytesRequested="24" timestamp="2019-06-16T21:31:03.062" intervalms="37.502" type="nursery" />
<cycle-start id="5666" type="scavenge" contextid="0" timestamp="2019-06-16T21:31:03.062" intervalms="37.504" />
<gc-start id="5667" type="scavenge" contextid="5666" timestamp="2019-06-16T21:31:03.062">
  <mem-info id="5668" free="2045275560" total="2092630016" percent="97">
    <mem type="nursery" free="0" total="3932160" percent="0">
      <mem type="allocate" free="0" total="3538944" percent="0" />
      <mem type="survivor" free="0" total="393216" percent="0" />
    </mem>
    <mem type="tenure" free="2045275560" total="2088697856" percent="97">
      <mem type="soa" free="1919954344" total="1963376640" percent="97" />
      <mem type="loa" free="125321216" total="125321216" percent="100" />
    </mem>
    <remembered-set count="105" />
  </mem-info>
</gc-start>
<allocation-stats totalBytes="3320160" >
  <allocated-bytes non-tlh="64" tlh="3320096" />
  <largest-consumer threadName="main" threadId="0000000002213700" bytes="3320160" />
</allocation-stats>
<gc-op id="5669" type="scavenge" timems="0.275" contextid="5666" timestamp="2019-06-16T21:31:03.062">
  <scavenger-info tenureage="3" tenuremask="fff8" tiltratio="90" />
  <memory-copied type="nursery" objects="326" bytes="10696" bytesdiscarded="207416" />
  <references type="weak" candidates="37" cleared="0" enqueued="0" />
</gc-op>
<gc-end id="5670" type="scavenge" contextid="5666" durationms="0.643" usertimems="0.000" systemtimems="0.000" timestamp="2019-06-16T21:31:03.063" activeThreads="4">
  <mem-info id="5671" free="2048596392" total="2092630016" percent="97">
    <mem type="nursery" free="3320832" total="3932160" percent="84">
      <mem type="allocate" free="3320832" total="3538944" percent="93" />
      <mem type="survivor" free="0" total="393216" percent="0" />
    </mem>
    <mem type="tenure" free="2045275560" total="2088697856" percent="97" macro-fragmented="0">
      <mem type="soa" free="1919954344" total="1963376640" percent="97" />
      <mem type="loa" free="125321216" total="125321216" percent="100" />
    </mem>
    <remembered-set count="100" />
  </mem-info>
</gc-end>
<cycle-end id="5672" type="scavenge" contextid="5666" timestamp="2019-06-16T21:31:03.063" />
  <attribute name="elasticGC enabled" value="1" />
  <attribute name= "numThreadsSpecified" value="4" />
  <attribute name="heapSize specified" value="9371648" />
  <attribute name="Current GC Util" value="1" />
  <attribute name= "Current Time Running" value="49028" />
  <attribute name ="GC Interval" value="200" />
  <attribute name="ProportionalT" value="-9.500000" />
  <attribute name="ProportionalI" value="-9.500000" />
  <attribute name="ProportionalH" value="-9.500000" />
  <attribute name="Current Error" value="-19.000000" />
  <attribute name="IntegralT" value="-361.000000" />
  <attribute name="IntegralI" value="-361.000000" />
  <attribute name="IntegralH" value="-361.000000" />
  <attribute name="DerivativeT" value="-0.500000" />
  <attribute name="DerivativeI" value="-0.500000" />
  <attribute name="DerivativeH" value="-0.500000" />
  <attribute name="Loop Time for DT" value="38.000000" />
  <attribute name="Output H" value="2092630016"/>
  <attribute name="Output I" value="200"/>
  <attribute name="Output T" value="4"/>
  <attribute name="Target GC Util Change" value ="20.000000" />
  <attribute name="Current GC Util Change" value="1.000000"/>
  <attribute name="GC Util currently" value="1" />
  <attribute name="CPU Util currently" value="122984829244" />
<allocation-satisfied id="5673" threadId="0000000002213700" bytesRequested="24" />
<af-end id="5674" timestamp="2019-06-16T21:31:03.063" threadId="0000000002214088" success="true" from="nursery"/>
<exclusive-end id="5675" timestamp="2019-06-16T21:31:03.063" durationms="1.232" />

<exclusive-start id="5676" timestamp="2019-06-16T21:31:03.095" intervalms="33.224">
  <response-info timems="0.043" idlems="0.043" threads="0" lastid="0000000002213700" lastname="main" />
</exclusive-start>
<af-start id="5677" threadId="0000000002214088" totalBytesRequested="32" timestamp="2019-06-16T21:31:03.095" intervalms="33.218" type="nursery" />
<cycle-start id="5678" type="scavenge" contextid="0" timestamp="2019-06-16T21:31:03.095" intervalms="33.222" />
<gc-start id="5679" type="scavenge" contextid="5678" timestamp="2019-06-16T21:31:03.095">
  <mem-info id="5680" free="2045275560" total="2092630016" percent="97">
    <mem type="nursery" free="0" total="3932160" percent="0">
      <mem type="allocate" free="0" total="3538944" percent="0" />
      <mem type="survivor" free="0" total="393216" percent="0" />
    </mem>
    <mem type="tenure" free="2045275560" total="2088697856" percent="97">
      <mem type="soa" free="1919954344" total="1963376640" percent="97" />
      <mem type="loa" free="125321216" total="125321216" percent="100" />
    </mem>
    <remembered-set count="100" />
  </mem-info>
</gc-start>
<allocation-stats totalBytes="3320312" >
  <allocated-bytes non-tlh="24" tlh="3320288" />
  <largest-consumer threadName="main" threadId="0000000002213700" bytes="3320312" />
</allocation-stats>
<gc-op id="5681" type="scavenge" timems="0.255" contextid="5678" timestamp="2019-06-16T21:31:03.095">
  <scavenger-info tenureage="3" tenuremask="fff8" tiltratio="90" />
  <memory-copied type="nursery" objects="334" bytes="10976" bytesdiscarded="237856" />
  <references type="weak" candidates="37" cleared="0" enqueued="0" />
</gc-op>
<gc-end id="5682" type="scavenge" contextid="5678" durationms="0.627" usertimems="4.000" systemtimems="0.000" timestamp="2019-06-16T21:31:03.096" activeThreads="4">
  <mem-info id="5683" free="2048565672" total="2092630016" percent="97">
    <mem type="nursery" free="3290112" total="3932160" percent="83">
      <mem type="allocate" free="3290112" total="3538944" percent="92" />
      <mem type="survivor" free="0" total="393216" percent="0" />
    </mem>
    <mem type="tenure" free="2045275560" total="2088697856" percent="97" macro-fragmented="0">
      <mem type="soa" free="1919954344" total="1963376640" percent="97" />
      <mem type="loa" free="125321216" total="125321216" percent="100" />
    </mem>
    <remembered-set count="100" />
  </mem-info>
</gc-end>
<cycle-end id="5684" type="scavenge" contextid="5678" timestamp="2019-06-16T21:31:03.096" />
  <attribute name="elasticGC enabled" value="1" />
  <attribute name= "numThreadsSpecified" value="4" />
  <attribute name="heapSize specified" value="9371648" />
  <attribute name="Current GC Util" value="2" />
  <attribute name= "Current Time Running" value="49061" />
  <attribute name ="GC Interval" value="200" />
  <attribute name="ProportionalT" value="-9.000000" />
  <attribute name="ProportionalI" value="-9.000000" />
  <attribute name="ProportionalH" value="-9.000000" />
  <attribute name="Current Error" value="-18.000000" />
  <attribute name="IntegralT" value="-297.000000" />
  <attribute name="IntegralI" value="-297.000000" />
  <attribute name="IntegralH" value="-297.000000" />
  <attribute name="DerivativeT" value="-0.545455" />
  <attribute name="DerivativeI" value="-0.545455" />
  <attribute name="DerivativeH" value="-0.545455" />
  <attribute name="Loop Time for DT" value="33.000000" />
  <attribute name="Output H" value="2092630016"/>
  <attribute name="Output I" value="200"/>
  <attribute name="Output T" value="4"/>
  <attribute name="Target GC Util Change" value ="20.000000" />
  <attribute name="Current GC Util Change" value="2.000000"/>
  <attribute name="GC Util currently" value="2" />
  <attribute name="CPU Util currently" value="138774602652" />
<allocation-satisfied id="5685" threadId="0000000002213700" bytesRequested="32" />
<af-end id="5686" timestamp="2019-06-16T21:31:03.096" threadId="0000000002214088" success="true" from="nursery"/>
<exclusive-end id="5687" timestamp="2019-06-16T21:31:03.096" durationms="1.261" />

<exclusive-start id="5688" timestamp="2019-06-16T21:31:03.124" intervalms="28.904">
  <response-info timems="0.044" idlems="0.044" threads="0" lastid="0000000002213700" lastname="main" />
</exclusive-start>
<af-start id="5689" threadId="0000000002214088" totalBytesRequested="24" timestamp="2019-06-16T21:31:03.124" intervalms="28.918" type="nursery" />
<cycle-start id="5690" type="scavenge" contextid="0" timestamp="2019-06-16T21:31:03.124" intervalms="28.915" />
<gc-start id="5691" type="scavenge" contextid="5690" timestamp="2019-06-16T21:31:03.124">
  <mem-info id="5692" free="2045275560" total="2092630016" percent="97">
    <mem type="nursery" free="0" total="3932160" percent="0">
      <mem type="allocate" free="0" total="3538944" percent="0" />
      <mem type="survivor" free="0" total="393216" percent="0" />
    </mem>
    <mem type="tenure" free="2045275560" total="2088697856" percent="97">
      <mem type="soa" free="1919954344" total="1963376640" percent="97" />
      <mem type="loa" free="125321216" total="125321216" percent="100" />
    </mem>
    <remembered-set count="100" />
  </mem-info>
</gc-start>
<allocation-stats totalBytes="3289728" >
  <allocated-bytes non-tlh="32" tlh="3289696" />
  <largest-consumer threadName="main" threadId="0000000002213700" bytes="3289728" />
</allocation-stats>
<gc-op id="5693" type="scavenge" timems="0.254" contextid="5690" timestamp="2019-06-16T21:31:03.124">
  <scavenger-info tenureage="3" tenuremask="fff8" tiltratio="90" />
  <memory-copied type="nursery" objects="114" bytes="3488" bytesdiscarded="35680" />
  <memory-copied type="tenure" objects="213" bytes="7232" bytesdiscarded="0" />
</gc-op>
<gc-end id="5694" type="scavenge" contextid="5690" durationms="0.639" usertimems="4.000" systemtimems="0.000" timestamp="2019-06-16T21:31:03.125" activeThreads="4">
  <mem-info id="5695" free="2048775336" total="2092630016" percent="97">
    <mem type="nursery" free="3499776" total="3932160" percent="89">
      <mem type="allocate" free="3499776" total="3538944" percent="98" />
      <mem type="survivor" free="0" total="393216" percent="0" />
    </mem>
    <mem type="tenure" free="2045275560" total="2088697856" percent="97" macro-fragmented="0">
      <mem type="soa" free="1919954344" total="1963376640" percent="97" />
      <mem type="loa" free="125321216" total="125321216" percent="100" />
    </mem>
    <remembered-set count="98" />
  </mem-info>
</gc-end>
<cycle-end id="5696" type="scavenge" contextid="5690" timestamp="2019-06-16T21:31:03.125" />
  <attribute name="elasticGC enabled" value="1" />
  <attribute name= "numThreadsSpecified" value="4" />
  <attribute name="heapSize specified" value="9371648" />
  <attribute name="Current GC Util" value="2" />
  <attribute name= "Current Time Running" value="49090" />
  <attribute name ="GC Interval" value="200" />
  <attribute name="ProportionalT" value="-9.000000" />
  <attribute name="ProportionalI" value="-9.000000" />
  <attribute name="ProportionalH" value="-9.000000" />
  <attribute name="Current Error" value="-18.000000" />
  <attribute name="IntegralT" value="-261.000000" />
  <attribute name="IntegralI" value="-261.000000" />
  <attribute name="IntegralH" value="-261.000000" />
  <attribute name="DerivativeT" value="-0.620690" />
  <attribute name="DerivativeI" value="-0.620690" />
  <attribute name="DerivativeH" value="-0.620690" />
  <attribute name="Loop Time for DT" value="29.000000" />
  <attribute name="Output H" value="2092630016"/>
  <attribute name="Output I" value="200"/>
  <attribute name="Output T" value="4"/>
  <attribute name="Target GC Util Change" value ="20.000000" />
  <attribute name="Current GC Util Change" value="2.000000"/>
  <attribute name="GC Util currently" value="2" />
  <attribute name="CPU Util currently" value="159409767172" />
<allocation-satisfied id="5697" threadId="0000000002213700" bytesRequested="24" />
<af-end id="5698" timestamp="2019-06-16T21:31:03.125" threadId="0000000002214088" success="true" from="nursery"/>
<exclusive-end id="5699" timestamp="2019-06-16T21:31:03.125" durationms="1.269" />

<exclusive-start id="5700" timestamp="2019-06-16T21:31:03.153" intervalms="28.970">
  <response-info timems="0.036" idlems="0.036" threads="0" lastid="0000000002213700" lastname="main" />
</exclusive-start>
<af-start id="5701" threadId="0000000002214088" totalBytesRequested="32" timestamp="2019-06-16T21:31:03.153" intervalms="28.970" type="nursery" />
<cycle-start id="5702" type="scavenge" contextid="0" timestamp="2019-06-16T21:31:03.153" intervalms="28.969" />
<gc-start id="5703" type="scavenge" contextid="5702" timestamp="2019-06-16T21:31:03.153">
  <mem-info id="5704" free="2045275560" total="2092630016" percent="97">
    <mem type="nursery" free="0" total="3932160" percent="0">
      <mem type="allocate" free="0" total="3538944" percent="0" />
      <mem type="survivor" free="0" total="393216" percent="0" />
    </mem>
    <mem type="tenure" free="2045275560" total="2088697856" percent="97">
      <mem type="soa" free="1919954344" total="1963376640" percent="97" />
      <mem type="loa" free="125321216" total="125321216" percent="100" />
    </mem>
    <remembered-set count="99" />
  </mem-info>
</gc-start>
<allocation-stats totalBytes="3499344" >
  <allocated-bytes non-tlh="24" tlh="3499320" />
  <largest-consumer threadName="main" threadId="0000000002213700" bytes="3499344" />
</allocation-stats>
<gc-op id="5705" type="scavenge" timems="0.226" contextid="5702" timestamp="2019-06-16T21:31:03.153">
  <scavenger-info tenureage="11" tenuremask="f800" tiltratio="90" />
  <memory-copied type="nursery" objects="125" bytes="3864" bytesdiscarded="74472" />
</gc-op>
<gc-end id="5706" type="scavenge" contextid="5702" durationms="0.600" usertimems="4.000" systemtimems="0.000" timestamp="2019-06-16T21:31:03.154" activeThreads="4">
  <mem-info id="5707" free="2048736168" total="2092630016" percent="97">
    <mem type="nursery" free="3460608" total="3932160" percent="88">
      <mem type="allocate" free="3460608" total="3538944" percent="97" />
      <mem type="survivor" free="0" total="393216" percent="0" />
    </mem>
    <mem type="tenure" free="2045275560" total="2088697856" percent="97" macro-fragmented="0">
      <mem type="soa" free="1919954344" total="1963376640" percent="97" />
      <mem type="loa" free="125321216" total="125321216" percent="100" />
    </mem>
    <remembered-set count="99" />
  </mem-info>
</gc-end>
<cycle-end id="5708" type="scavenge" contextid="5702" timestamp="2019-06-16T21:31:03.154" />
  <attribute name="elasticGC enabled" value="1" />
  <attribute name= "numThreadsSpecified" value="4" />
  <attribute name="heapSize specified" value="9371648" />
  <attribute name="Current GC Util" value="2" />
  <attribute name= "Current Time Running" value="49119" />
  <attribute name ="GC Interval" value="200" />
  <attribute name="ProportionalT" value="-9.000000" />
  <attribute name="ProportionalI" value="-9.000000" />
  <attribute name="ProportionalH" value="-9.000000" />
  <attribute name="Current Error" value="-18.000000" />
  <attribute name="IntegralT" value="-261.000000" />
  <attribute name="IntegralI" value="-261.000000" />
  <attribute name="IntegralH" value="-261.000000" />
  <attribute name="DerivativeT" value="-0.620690" />
  <attribute name="DerivativeI" value="-0.620690" />
  <attribute name="DerivativeH" value="-0.620690" />
  <attribute name="Loop Time for DT" value="29.000000" />
  <attribute name="Output H" value="2092630016"/>
  <attribute name="Output I" value="200"/>
  <attribute name="Output T" value="4"/>
  <attribute name="Target GC Util Change" value ="20.000000" />
  <attribute name="Current GC Util Change" value="2.000000"/>
  <attribute name="GC Util currently" value="2" />
  <attribute name="CPU Util currently" value="159243306158" />
<allocation-satisfied id="5709" threadId="0000000002213700" bytesRequested="32" />
<af-end id="5710" timestamp="2019-06-16T21:31:03.154" threadId="0000000002214088" success="true" from="nursery"/>
<exclusive-end id="5711" timestamp="2019-06-16T21:31:03.154" durationms="1.248" />

<exclusive-start id="5712" timestamp="2019-06-16T21:31:03.181" intervalms="28.628">
  <response-info timems="0.034" idlems="0.034" threads="0" lastid="0000000002213700" lastname="main" />
</exclusive-start>
<af-start id="5713" threadId="0000000002214088" totalBytesRequested="64" timestamp="2019-06-16T21:31:03.181" intervalms="28.620" type="nursery" />
<cycle-start id="5714" type="scavenge" contextid="0" timestamp="2019-06-16T21:31:03.182" intervalms="28.626" />
<gc-start id="5715" type="scavenge" contextid="5714" timestamp="2019-06-16T21:31:03.182">
  <mem-info id="5716" free="2045275560" total="2092630016" percent="97">
    <mem type="nursery" free="0" total="3932160" percent="0">
      <mem type="allocate" free="0" total="3538944" percent="0" />
      <mem type="survivor" free="0" total="393216" percent="0" />
    </mem>
    <mem type="tenure" free="2045275560" total="2088697856" percent="97">
      <mem type="soa" free="1919954344" total="1963376640" percent="97" />
      <mem type="loa" free="125321216" total="125321216" percent="100" />
    </mem>
    <remembered-set count="99" />
  </mem-info>
</gc-start>
<allocation-stats totalBytes="3460104" >
  <allocated-bytes non-tlh="32" tlh="3460072" />
  <largest-consumer threadName="main" threadId="0000000002213700" bytes="3460104" />
</allocation-stats>
<gc-op id="5717" type="scavenge" timems="0.221" contextid="5714" timestamp="2019-06-16T21:31:03.182">
  <scavenger-info tenureage="13" tenuremask="e000" tiltratio="90" />
  <memory-copied type="nursery" objects="118" bytes="3576" bytesdiscarded="74760" />
</gc-op>
<gc-end id="5718" type="scavenge" contextid="5714" durationms="0.593" usertimems="0.000" systemtimems="0.000" timestamp="2019-06-16T21:31:03.182" activeThreads="4">
  <mem-info id="5719" free="2048736168" total="2092630016" percent="97">
    <mem type="nursery" free="3460608" total="3932160" percent="88">
      <mem type="allocate" free="3460608" total="3538944" percent="97" />
      <mem type="survivor" free="0" total="393216" percent="0" />
    </mem>
    <mem type="tenure" free="2045275560" total="2088697856" percent="97" macro-fragmented="0">
      <mem type="soa" free="1919954344" total="1963376640" percent="97" />
      <mem type="loa" free="125321216" total="125321216" percent="100" />
    </mem>
    <remembered-set count="97" />
  </mem-info>
</gc-end>
<cycle-end id="5720" type="scavenge" contextid="5714" timestamp="2019-06-16T21:31:03.182" />
  <attribute name="elasticGC enabled" value="1" />
  <attribute name= "numThreadsSpecified" value="4" />
  <attribute name="heapSize specified" value="9371648" />
  <attribute name="Current GC Util" value="2" />
  <attribute name= "Current Time Running" value="49148" />
  <attribute name ="GC Interval" value="200" />
  <attribute name="ProportionalT" value="-9.000000" />
  <attribute name="ProportionalI" value="-9.000000" />
  <attribute name="ProportionalH" value="-9.000000" />
  <attribute name="Current Error" value="-18.000000" />
  <attribute name="IntegralT" value="-261.000000" />
  <attribute name="IntegralI" value="-261.000000" />
  <attribute name="IntegralH" value="-261.000000" />
  <attribute name="DerivativeT" value="-0.620690" />
  <attribute name="DerivativeI" value="-0.620690" />
  <attribute name="DerivativeH" value="-0.620690" />
  <attribute name="Loop Time for DT" value="29.000000" />
  <attribute name="Output H" value="2092630016"/>
  <attribute name="Output I" value="200"/>
  <attribute name="Output T" value="4"/>
  <attribute name="Target GC Util Change" value ="20.000000" />
  <attribute name="Current GC Util Change" value="2.000000"/>
  <attribute name="GC Util currently" value="2" />
  <attribute name="CPU Util currently" value="161114920826" />
<allocation-satisfied id="5721" threadId="0000000002213700" bytesRequested="64" />
<af-end id="5722" timestamp="2019-06-16T21:31:03.182" threadId="0000000002214088" success="true" from="nursery"/>
<exclusive-end id="5723" timestamp="2019-06-16T21:31:03.182" durationms="1.213" />

<exclusive-start id="5724" timestamp="2019-06-16T21:31:03.208" intervalms="27.083">
  <response-info timems="0.039" idlems="0.039" threads="0" lastid="0000000002213700" lastname="main" />
</exclusive-start>
<af-start id="5725" threadId="0000000002214088" totalBytesRequested="24" timestamp="2019-06-16T21:31:03.209" intervalms="27.073" type="nursery" />
<cycle-start id="5726" type="scavenge" contextid="0" timestamp="2019-06-16T21:31:03.209" intervalms="27.065" />
<gc-start id="5727" type="scavenge" contextid="5726" timestamp="2019-06-16T21:31:03.209">
  <mem-info id="5728" free="2045275560" total="2092630016" percent="97">
    <mem type="nursery" free="0" total="3932160" percent="0">
      <mem type="allocate" free="0" total="3538944" percent="0" />
      <mem type="survivor" free="0" total="393216" percent="0" />
    </mem>
    <mem type="tenure" free="2045275560" total="2088697856" percent="97">
      <mem type="soa" free="1919954344" total="1963376640" percent="97" />
      <mem type="loa" free="125321216" total="125321216" percent="100" />
    </mem>
    <remembered-set count="98" />
  </mem-info>
</gc-start>
<allocation-stats totalBytes="3460184" >
  <allocated-bytes non-tlh="64" tlh="3460120" />
  <largest-consumer threadName="main" threadId="0000000002213700" bytes="3460184" />
</allocation-stats>
<gc-op id="5729" type="scavenge" timems="0.230" contextid="5726" timestamp="2019-06-16T21:31:03.209">
  <scavenger-info tenureage="13" tenuremask="e000" tiltratio="90" />
  <memory-copied type="nursery" objects="127" bytes="3904" bytesdiscarded="74432" />
</gc-op>
<gc-end id="5730" type="scavenge" contextid="5726" durationms="0.606" usertimems="0.000" systemtimems="0.000" timestamp="2019-06-16T21:31:03.209" activeThreads="4">
  <mem-info id="5731" free="2048736168" total="2092630016" percent="97">
    <mem type="nursery" free="3460608" total="3932160" percent="88">
      <mem type="allocate" free="3460608" total="3538944" percent="97" />
      <mem type="survivor" free="0" total="393216" percent="0" />
    </mem>
    <mem type="tenure" free="2045275560" total="2088697856" percent="97" macro-fragmented="0">
      <mem type="soa" free="1919954344" total="1963376640" percent="97" />
      <mem type="loa" free="125321216" total="125321216" percent="100" />
    </mem>
    <remembered-set count="98" />
  </mem-info>
</gc-end>
<cycle-end id="5732" type="scavenge" contextid="5726" timestamp="2019-06-16T21:31:03.209" />
  <attribute name="elasticGC enabled" value="1" />
  <attribute name= "numThreadsSpecified" value="4" />
  <attribute name="heapSize specified" value="9371648" />
  <attribute name="Current GC Util" value="2" />
  <attribute name= "Current Time Running" value="49175" />
  <attribute name ="GC Interval" value="200" />
  <attribute name="ProportionalT" value="-9.000000" />
  <attribute name="ProportionalI" value="-9.000000" />
  <attribute name="ProportionalH" value="-9.000000" />
  <attribute name="Current Error" value="-18.000000" />
  <attribute name="IntegralT" value="-243.000000" />
  <attribute name="IntegralI" value="-243.000000" />
  <attribute name="IntegralH" value="-243.000000" />
  <attribute name="DerivativeT" value="-0.666667" />
  <attribute name="DerivativeI" value="-0.666667" />
  <attribute name="DerivativeH" value="-0.666667" />
  <attribute name="Loop Time for DT" value="27.000000" />
  <attribute name="Output H" value="2092630016"/>
  <attribute name="Output I" value="200"/>
  <attribute name="Output T" value="4"/>
  <attribute name="Target GC Util Change" value ="20.000000" />
  <attribute name="Current GC Util Change" value="2.000000"/>
  <attribute name="GC Util currently" value="2" />
  <attribute name="CPU Util currently" value="170440840086" />
<allocation-satisfied id="5733" threadId="0000000002213700" bytesRequested="24" />
<af-end id="5734" timestamp="2019-06-16T21:31:03.210" threadId="0000000002214088" success="true" from="nursery"/>
<exclusive-end id="5735" timestamp="2019-06-16T21:31:03.210" durationms="1.210" />

<exclusive-start id="5736" timestamp="2019-06-16T21:31:03.233" intervalms="24.776">
  <response-info timems="0.035" idlems="0.035" threads="0" lastid="0000000002213700" lastname="main" />
</exclusive-start>
<af-start id="5737" threadId="0000000002214088" totalBytesRequested="32" timestamp="2019-06-16T21:31:03.233" intervalms="24.779" type="nursery" />
<cycle-start id="5738" type="scavenge" contextid="0" timestamp="2019-06-16T21:31:03.233" intervalms="24.779" />
<gc-start id="5739" type="scavenge" contextid="5738" timestamp="2019-06-16T21:31:03.233">
  <mem-info id="5740" free="2045275560" total="2092630016" percent="97">
    <mem type="nursery" free="0" total="3932160" percent="0">
      <mem type="allocate" free="0" total="3538944" percent="0" />
      <mem type="survivor" free="0" total="393216" percent="0" />
    </mem>
    <mem type="tenure" free="2045275560" total="2088697856" percent="97">
      <mem type="soa" free="1919954344" total="1963376640" percent="97" />
      <mem type="loa" free="125321216" total="125321216" percent="100" />
    </mem>
    <remembered-set count="98" />
  </mem-info>
</gc-start>
<allocation-stats totalBytes="3460216" >
  <allocated-bytes non-tlh="24" tlh="3460192" />
  <largest-consumer threadName="main" threadId="0000000002213700" bytes="3460216" />
</allocation-stats>
<gc-op id="5741" type="scavenge" timems="0.208" contextid="5738" timestamp="2019-06-16T21:31:03.234">
  <scavenger-info tenureage="14" tenuremask="c000" tiltratio="90" />
  <memory-copied type="nursery" objects="122" bytes="3768" bytesdiscarded="74568" />
</gc-op>
<gc-end id="5742" type="scavenge" contextid="5738" durationms="0.578" usertimems="4.000" systemtimems="0.000" timestamp="2019-06-16T21:31:03.234" activeThreads="4">
  <mem-info id="5743" free="2048736168" total="2092630016" percent="97">
    <mem type="nursery" free="3460608" total="3932160" percent="88">
      <mem type="allocate" free="3460608" total="3538944" percent="97" />
      <mem type="survivor" free="0" total="393216" percent="0" />
    </mem>
    <mem type="tenure" free="2045275560" total="2088697856" percent="97" macro-fragmented="0">
      <mem type="soa" free="1919954344" total="1963376640" percent="97" />
      <mem type="loa" free="125321216" total="125321216" percent="100" />
    </mem>
    <remembered-set count="98" />
  </mem-info>
</gc-end>
<cycle-end id="5744" type="scavenge" contextid="5738" timestamp="2019-06-16T21:31:03.234" />
  <attribute name="elasticGC enabled" value="1" />
  <attribute name= "numThreadsSpecified" value="4" />
  <attribute name="heapSize specified" value="9371648" />
  <attribute name="Current GC Util" value="2" />
  <attribute name= "Current Time Running" value="49200" />
  <attribute name ="GC Interval" value="200" />
  <attribute name="ProportionalT" value="-9.000000" />
  <attribute name="ProportionalI" value="-9.000000" />
  <attribute name="ProportionalH" value="-9.000000" />
  <attribute name="Current Error" value="-18.000000" />
  <attribute name="IntegralT" value="-225.000000" />
  <attribute name="IntegralI" value="-225.000000" />
  <attribute name="IntegralH" value="-225.000000" />
  <attribute name="DerivativeT" value="-0.720000" />
  <attribute name="DerivativeI" value="-0.720000" />
  <attribute name="DerivativeH" value="-0.720000" />
  <attribute name="Loop Time for DT" value="25.000000" />
  <attribute name="Output H" value="2092630016"/>
  <attribute name="Output I" value="200"/>
  <attribute name="Output T" value="4"/>
  <attribute name="Target GC Util Change" value ="20.000000" />
  <attribute name="Current GC Util Change" value="2.000000"/>
  <attribute name="GC Util currently" value="2" />
  <attribute name="CPU Util currently" value="186023278657" />
<allocation-satisfied id="5745" threadId="0000000002213700" bytesRequested="32" />
<af-end id="5746" timestamp="2019-06-16T21:31:03.234" threadId="0000000002214088" success="true" from="nursery"/>
<exclusive-end id="5747" timestamp="2019-06-16T21:31:03.234" durationms="1.191" />

<exclusive-start id="5748" timestamp="2019-06-16T21:31:03.258" intervalms="24.397">
  <response-info timems="0.042" idlems="0.042" threads="0" lastid="0000000002213700" lastname="main" />
</exclusive-start>
<af-start id="5749" threadId="0000000002214088" totalBytesRequested="32" timestamp="2019-06-16T21:31:03.258" intervalms="24.381" type="nursery" />
<cycle-start id="5750" type="scavenge" contextid="0" timestamp="2019-06-16T21:31:03.258" intervalms="24.398" />
<gc-start id="5751" type="scavenge" contextid="5750" timestamp="2019-06-16T21:31:03.258">
  <mem-info id="5752" free="2045275560" total="2092630016" percent="97">
    <mem type="nursery" free="0" total="3932160" percent="0">
      <mem type="allocate" free="0" total="3538944" percent="0" />
      <mem type="survivor" free="0" total="393216" percent="0" />
    </mem>
    <mem type="tenure" free="2045275560" total="2088697856" percent="97">
      <mem type="soa" free="1919954344" total="1963376640" percent="97" />
      <mem type="loa" free="125321216" total="125321216" percent="100" />
    </mem>
    <remembered-set count="98" />
  </mem-info>
</gc-start>
<allocation-stats totalBytes="3460144" >
  <allocated-bytes non-tlh="32" tlh="3460112" />
  <largest-consumer threadName="main" threadId="0000000002213700" bytes="3460144" />
</allocation-stats>
<gc-op id="5753" type="scavenge" timems="0.214" contextid="5750" timestamp="2019-06-16T21:31:03.258">
  <scavenger-info tenureage="14" tenuremask="c000" tiltratio="90" />
  <memory-copied type="nursery" objects="128" bytes="3920" bytesdiscarded="74416" />
</gc-op>
<gc-end id="5754" type="scavenge" contextid="5750" durationms="0.589" usertimems="0.000" systemtimems="0.000" timestamp="2019-06-16T21:31:03.258" activeThreads="4">
  <mem-info id="5755" free="2048736168" total="2092630016" percent="97">
    <mem type="nursery" free="3460608" total="3932160" percent="88">
      <mem type="allocate" free="3460608" total="3538944" percent="97" />
      <mem type="survivor" free="0" total="393216" percent="0" />
    </mem>
    <mem type="tenure" free="2045275560" total="2088697856" percent="97" macro-fragmented="0">
      <mem type="soa" free="1919954344" total="1963376640" percent="97" />
      <mem type="loa" free="125321216" total="125321216" percent="100" />
    </mem>
    <remembered-set count="98" />
  </mem-info>
</gc-end>
<cycle-end id="5756" type="scavenge" contextid="5750" timestamp="2019-06-16T21:31:03.259" />
  <attribute name="elasticGC enabled" value="1" />
  <attribute name= "numThreadsSpecified" value="4" />
  <attribute name="heapSize specified" value="9371648" />
  <attribute name="Current GC Util" value="2" />
  <attribute name= "Current Time Running" value="49224" />
  <attribute name ="GC Interval" value="200" />
  <attribute name="ProportionalT" value="-9.000000" />
  <attribute name="ProportionalI" value="-9.000000" />
  <attribute name="ProportionalH" value="-9.000000" />
  <attribute name="Current Error" value="-18.000000" />
  <attribute name="IntegralT" value="-216.000000" />
  <attribute name="IntegralI" value="-216.000000" />
  <attribute name="IntegralH" value="-216.000000" />
  <attribute name="DerivativeT" value="-0.750000" />
  <attribute name="DerivativeI" value="-0.750000" />
  <attribute name="DerivativeH" value="-0.750000" />
  <attribute name="Loop Time for DT" value="24.000000" />
  <attribute name="Output H" value="2092630016"/>
  <attribute name="Output I" value="200"/>
  <attribute name="Output T" value="4"/>
  <attribute name="Target GC Util Change" value ="20.000000" />
  <attribute name="Current GC Util Change" value="2.000000"/>
  <attribute name="GC Util currently" value="2" />
  <attribute name="CPU Util currently" value="189017537684" />
<allocation-satisfied id="5757" threadId="0000000002213700" bytesRequested="32" />
<af-end id="5758" timestamp="2019-06-16T21:31:03.259" threadId="0000000002214088" success="true" from="nursery"/>
<exclusive-end id="5759" timestamp="2019-06-16T21:31:03.259" durationms="1.203" />

<exclusive-start id="5760" timestamp="2019-06-16T21:31:03.264" intervalms="6.507">
  <response-info timems="0.079" idlems="0.079" threads="0" lastid="0000000002213700" lastname="main" />
</exclusive-start>
<af-start id="5761" threadId="0000000002214088" totalBytesRequested="240" timestamp="2019-06-16T21:31:03.264" intervalms="6.503" type="nursery" />
<cycle-start id="5762" type="scavenge" contextid="0" timestamp="2019-06-16T21:31:03.264" intervalms="6.481" />
<gc-start id="5763" type="scavenge" contextid="5762" timestamp="2019-06-16T21:31:03.264">
  <mem-info id="5764" free="2045275560" total="2092630016" percent="97">
    <mem type="nursery" free="0" total="3932160" percent="0">
      <mem type="allocate" free="0" total="3538944" percent="0" />
      <mem type="survivor" free="0" total="393216" percent="0" />
    </mem>
    <mem type="tenure" free="2045275560" total="2088697856" percent="97">
      <mem type="soa" free="1919954344" total="1963376640" percent="97" />
      <mem type="loa" free="125321216" total="125321216" percent="100" />
    </mem>
    <remembered-set count="103" />
  </mem-info>
</gc-start>
<allocation-stats totalBytes="3457760" >
  <allocated-bytes non-tlh="32" tlh="3457728" />
  <largest-consumer threadName="main" threadId="0000000002213700" bytes="3457760" />
</allocation-stats>
<gc-op id="5765" type="scavenge" timems="0.225" contextid="5762" timestamp="2019-06-16T21:31:03.265">
  <scavenger-info tenureage="14" tenuremask="4000" tiltratio="90" />
  <memory-copied type="nursery" objects="138" bytes="4424" bytesdiscarded="113080" />
  <references type="weak" candidates="2" cleared="0" enqueued="0" />
</gc-op>
<gc-end id="5766" type="scavenge" contextid="5762" durationms="0.591" usertimems="0.000" systemtimems="0.000" timestamp="2019-06-16T21:31:03.265" activeThreads="4">
  <mem-info id="5767" free="2048697000" total="2092630016" percent="97">
    <mem type="nursery" free="3421440" total="3932160" percent="87">
      <mem type="allocate" free="3421440" total="3538944" percent="96" />
      <mem type="survivor" free="0" total="393216" percent="0" />
    </mem>
    <mem type="tenure" free="2045275560" total="2088697856" percent="97" macro-fragmented="0">
      <mem type="soa" free="1919954344" total="1963376640" percent="97" />
      <mem type="loa" free="125321216" total="125321216" percent="100" />
    </mem>
    <remembered-set count="103" />
  </mem-info>
</gc-end>
<cycle-end id="5768" type="scavenge" contextid="5762" timestamp="2019-06-16T21:31:03.265" />
  <attribute name="elasticGC enabled" value="1" />
  <attribute name= "numThreadsSpecified" value="4" />
  <attribute name="heapSize specified" value="9371648" />
  <attribute name="Current GC Util" value="10" />
  <attribute name= "Current Time Running" value="49230" />
  <attribute name ="GC Interval" value="200" />
  <attribute name="ProportionalT" value="-5.000000" />
  <attribute name="ProportionalI" value="-5.000000" />
  <attribute name="ProportionalH" value="-5.000000" />
  <attribute name="Current Error" value="-10.000000" />
  <attribute name="IntegralT" value="-30.000000" />
  <attribute name="IntegralI" value="-30.000000" />
  <attribute name="IntegralH" value="-30.000000" />
  <attribute name="DerivativeT" value="-1.666667" />
  <attribute name="DerivativeI" value="-1.666667" />
  <attribute name="DerivativeH" value="-1.666667" />
  <attribute name="Loop Time for DT" value="6.000000" />
  <attribute name="Output H" value="2092630016"/>
  <attribute name="Output I" value="200"/>
  <attribute name="Output T" value="4"/>
  <attribute name="Target GC Util Change" value ="20.000000" />
  <attribute name="Current GC Util Change" value="10.000000"/>
  <attribute name="GC Util currently" value="10" />
  <attribute name="CPU Util currently" value="713405871661" />
<allocation-satisfied id="5769" threadId="0000000002213700" bytesRequested="240" />
<af-end id="5770" timestamp="2019-06-16T21:31:03.265" threadId="0000000002214088" success="true" from="nursery"/>
<exclusive-end id="5771" timestamp="2019-06-16T21:31:03.265" durationms="1.174" />

<exclusive-start id="5772" timestamp="2019-06-16T21:31:03.269" intervalms="5.443">
  <response-info timems="0.113" idlems="0.113" threads="0" lastid="0000000002213700" lastname="main" />
</exclusive-start>
<af-start id="5773" threadId="0000000002214088" totalBytesRequested="144" timestamp="2019-06-16T21:31:03.270" intervalms="5.428" type="nursery" />
<cycle-start id="5774" type="scavenge" contextid="0" timestamp="2019-06-16T21:31:03.270" intervalms="5.426" />
<gc-start id="5775" type="scavenge" contextid="5774" timestamp="2019-06-16T21:31:03.270">
  <mem-info id="5776" free="2045275560" total="2092630016" percent="97">
    <mem type="nursery" free="0" total="3932160" percent="0">
      <mem type="allocate" free="0" total="3538944" percent="0" />
      <mem type="survivor" free="0" total="393216" percent="0" />
    </mem>
    <mem type="tenure" free="2045275560" total="2088697856" percent="97">
      <mem type="soa" free="1919954344" total="1963376640" percent="97" />
      <mem type="loa" free="125321216" total="125321216" percent="100" />
    </mem>
    <remembered-set count="103" />
  </mem-info>
</gc-start>
<allocation-stats totalBytes="3419320" >
  <allocated-bytes non-tlh="240" tlh="3419080" />
  <largest-consumer threadName="main" threadId="0000000002213700" bytes="3419320" />
</allocation-stats>
<gc-op id="5777" type="scavenge" timems="0.248" contextid="5774" timestamp="2019-06-16T21:31:03.270">
  <scavenger-info tenureage="14" tenuremask="c000" tiltratio="90" />
  <memory-copied type="nursery" objects="138" bytes="4328" bytesdiscarded="143896" />
  <references type="weak" candidates="2" cleared="0" enqueued="0" />
</gc-op>
<gc-end id="5778" type="scavenge" contextid="5774" durationms="0.626" usertimems="4.000" systemtimems="0.000" timestamp="2019-06-16T21:31:03.270" activeThreads="4">
  <mem-info id="5779" free="2048666280" total="2092630016" percent="97">
    <mem type="nursery" free="3390720" total="3932160" percent="86">
      <mem type="allocate" free="3390720" total="3538944" percent="95" />
      <mem type="survivor" free="0" total="393216" percent="0" />
    </mem>
    <mem type="tenure" free="2045275560" total="2088697856" percent="97" macro-fragmented="0">
      <mem type="soa" free="1919954344" total="1963376640" percent="97" />
      <mem type="loa" free="125321216" total="125321216" percent="100" />
    </mem>
    <remembered-set count="98" />
  </mem-info>
</gc-end>
<cycle-end id="5780" type="scavenge" contextid="5774" timestamp="2019-06-16T21:31:03.271" />
  <attribute name="elasticGC enabled" value="1" />
  <attribute name= "numThreadsSpecified" value="4" />
  <attribute name="heapSize specified" value="9371648" />
  <attribute name="Current GC Util" value="13" />
  <attribute name= "Current Time Running" value="49236" />
  <attribute name ="GC Interval" value="200" />
  <attribute name="ProportionalT" value="-3.500000" />
  <attribute name="ProportionalI" value="-3.500000" />
  <attribute name="ProportionalH" value="-3.500000" />
  <attribute name="Current Error" value="-7.000000" />
  <attribute name="IntegralT" value="-21.000000" />
  <attribute name="IntegralI" value="-21.000000" />
  <attribute name="IntegralH" value="-21.000000" />
  <attribute name="DerivativeT" value="-1.166667" />
  <attribute name="DerivativeI" value="-1.166667" />
  <attribute name="DerivativeH" value="-1.166667" />
  <attribute name="Loop Time for DT" value="6.000000" />
  <attribute name="Output H" value="2092630016"/>
  <attribute name="Output I" value="200"/>
  <attribute name="Output T" value="4"/>
  <attribute name="Target GC Util Change" value ="20.000000" />
  <attribute name="Current GC Util Change" value="13.000000"/>
  <attribute name="GC Util currently" value="13" />
  <attribute name="CPU Util currently" value="850183798305" />
<allocation-satisfied id="5781" threadId="0000000002213700" bytesRequested="144" />
<af-end id="5782" timestamp="2019-06-16T21:31:03.271" threadId="0000000002214088" success="true" from="nursery"/>
<exclusive-end id="5783" timestamp="2019-06-16T21:31:03.271" durationms="1.198" />

<exclusive-start id="5784" timestamp="2019-06-16T21:31:03.275" intervalms="5.773">
  <response-info timems="0.031" idlems="0.031" threads="0" lastid="0000000002213700" lastname="main" />
</exclusive-start>
<af-start id="5785" threadId="0000000002214088" totalBytesRequested="88" timestamp="2019-06-16T21:31:03.275" intervalms="5.781" type="nursery" />
<cycle-start id="5786" type="scavenge" contextid="0" timestamp="2019-06-16T21:31:03.275" intervalms="5.791" />
<gc-start id="5787" type="scavenge" contextid="5786" timestamp="2019-06-16T21:31:03.276">
  <mem-info id="5788" free="2045275560" total="2092630016" percent="97">
    <mem type="nursery" free="0" total="3932160" percent="0">
      <mem type="allocate" free="0" total="3538944" percent="0" />
      <mem type="survivor" free="0" total="393216" percent="0" />
    </mem>
    <mem type="tenure" free="2045275560" total="2088697856" percent="97">
      <mem type="soa" free="1919954344" total="1963376640" percent="97" />
      <mem type="loa" free="125321216" total="125321216" percent="100" />
    </mem>
    <remembered-set count="98" />
  </mem-info>
</gc-start>
<allocation-stats totalBytes="3388096" >
  <allocated-bytes non-tlh="144" tlh="3387952" />
  <largest-consumer threadName="main" threadId="0000000002213700" bytes="3388096" />
</allocation-stats>
<gc-op id="5789" type="scavenge" timems="0.226" contextid="5786" timestamp="2019-06-16T21:31:03.276">
  <scavenger-info tenureage="14" tenuremask="c000" tiltratio="90" />
  <memory-copied type="nursery" objects="139" bytes="4296" bytesdiscarded="205368" />
  <references type="weak" candidates="2" cleared="0" enqueued="0" />
</gc-op>
<gc-end id="5790" type="scavenge" contextid="5786" durationms="0.587" usertimems="0.000" systemtimems="0.000" timestamp="2019-06-16T21:31:03.276" activeThreads="4">
  <mem-info id="5791" free="2048604840" total="2092630016" percent="97">
    <mem type="nursery" free="3329280" total="3932160" percent="84">
      <mem type="allocate" free="3329280" total="3538944" percent="94" />
      <mem type="survivor" free="0" total="393216" percent="0" />
    </mem>
    <mem type="tenure" free="2045275560" total="2088697856" percent="97" macro-fragmented="0">
      <mem type="soa" free="1919954344" total="1963376640" percent="97" />
      <mem type="loa" free="125321216" total="125321216" percent="100" />
    </mem>
    <remembered-set count="98" />
  </mem-info>
</gc-end>
<cycle-end id="5792" type="scavenge" contextid="5786" timestamp="2019-06-16T21:31:03.276" />
  <attribute name="elasticGC enabled" value="1" />
  <attribute name= "numThreadsSpecified" value="4" />
  <attribute name="heapSize specified" value="9371648" />
  <attribute name="Current GC Util" value="12" />
  <attribute name= "Current Time Running" value="49242" />
  <attribute name ="GC Interval" value="200" />
  <attribute name="ProportionalT" value="-4.000000" />
  <attribute name="ProportionalI" value="-4.000000" />
  <attribute name="ProportionalH" value="-4.000000" />
  <attribute name="Current Error" value="-8.000000" />
  <attribute name="IntegralT" value="-24.000000" />
  <attribute name="IntegralI" value="-24.000000" />
  <attribute name="IntegralH" value="-24.000000" />
  <attribute name="DerivativeT" value="-1.333333" />
  <attribute name="DerivativeI" value="-1.333333" />
  <attribute name="DerivativeH" value="-1.333333" />
  <attribute name="Loop Time for DT" value="6.000000" />
  <attribute name="Output H" value="2092630016"/>
  <attribute name="Output I" value="200"/>
  <attribute name="Output T" value="4"/>
  <attribute name="Target GC Util Change" value ="20.000000" />
  <attribute name="Current GC Util Change" value="12.000000"/>
  <attribute name="GC Util currently" value="12" />
  <attribute name="CPU Util currently" value="797350166324" />
<allocation-satisfied id="5793" threadId="0000000002213700" bytesRequested="88" />
<af-end id="5794" timestamp="2019-06-16T21:31:03.276" threadId="0000000002214088" success="true" from="nursery"/>
<exclusive-end id="5795" timestamp="2019-06-16T21:31:03.276" durationms="1.155" />

<exclusive-start id="5796" timestamp="2019-06-16T21:31:03.281" intervalms="5.432">
  <response-info timems="0.067" idlems="0.067" threads="0" lastid="0000000002213700" lastname="main" />
</exclusive-start>
