<?xml version="1.0" ?>

<verbosegc xmlns="http://www.ibm.com/j9/verbosegc" version="10b4217_CMPRSS">

<initialized id="1" timestamp="2019-06-15T03:59:54.744">
  <attribute name="gcPolicy" value="-Xgcpolicy:gencon" />
  <attribute name="elasticGC enabled" value="1" />
  <attribute name= "numThreadsSpecified" value="0" />
  <attribute name="heapSize specified" value="0" />
  <attribute name="Current GC Util" value="0" />
  <attribute name= "Current Time Running" value="0" />
  <attribute name ="GC Interval" value="0" />
  <attribute name="ProportionalT" value="0.000000" />
  <attribute name="ProportionalI" value="0.000000" />
  <attribute name="ProportionalH" value="0.000000" />
  <attribute name="IntegralT" value="0.000000" />
  <attribute name="IntegralI" value="0.000000" />
  <attribute name="IntegralH" value="0.000000" />
  <attribute name="DerivativeT" value="0.000000" />
  <attribute name="DerivativeI" value="0.000000" />
  <attribute name="DerivativeH" value="0.000000" />
  <attribute name="Target GC Util Change" value ="0.000000" />
  <attribute name="Current GC Util Change" value="0.000000"/>
  <attribute name="Current Error" value="0.000000" />
  <attribute name="Loop Time for DT" value="0.000000" />
  <attribute name="Output H" value="0"/>
  <attribute name="Output I" value="0"/>
  <attribute name="Output T" value="0"/>
  <attribute name="GC Util currently" value="0" />
  <attribute name="CPU Util currently" value="0" />
  <attribute name="maxHeapSize" value="0x7cbc0000" />
  <attribute name="initialHeapSize" value="0x800000" />
  <attribute name="compressedRefs" value="true" />
  <attribute name="compressedRefsDisplacement" value="0x0" />
  <attribute name="compressedRefsShift" value="0x0" />
  <attribute name="pageSize" value="0x1000" />
  <attribute name="pageType" value="not used" />
  <attribute name="requestedPageSize" value="0x1000" />
  <attribute name="requestedPageType" value="not used" />
  <attribute name="gcthreads" value="4" />
  <attribute name="gcthreads Concurrent Mark" value="1" />
  <attribute name="packetListSplit" value="4" />
  <attribute name="cacheListSplit" value="4" />
  <attribute name="splitFreeListSplitAmount" value="1" />
  <attribute name="numaNodes" value="0" />
  <system>
    <attribute name="physicalMemory" value="8370962432" />
    <attribute name="numCPUs" value="4" />
    <attribute name="architecture" value="amd64" />
    <attribute name="os" value="Linux" />
    <attribute name="osVersion" value="4.4.0-148-generic" />
  </system>
  <vmargs>
    <vmarg name="-Xoptionsfile=/vagrant/jdk/lib/options.default" />
    <vmarg name="-Xlockword:mode=default,noLockword=java/lang/String,noLockword=java/util/MapEntry,noLockword=java/util/HashMap$Entry,noLockword..." />
    <vmarg name="-Xjcl:jclse29" />
    <vmarg name="-Dcom.ibm.oti.vm.bootstrap.library.path=/vagrant/jdk/lib/compressedrefs:/vagrant/jdk/lib" />
    <vmarg name="-Dsun.boot.library.path=/vagrant/jdk/lib/compressedrefs:/vagrant/jdk/lib" />
    <vmarg name="-Djava.library.path=/vagrant/jdk/lib/compressedrefs:/vagrant/jdk/lib:/usr/lib64:/usr/lib" />
    <vmarg name="-Djava.home=/vagrant/jdk" />
    <vmarg name="-Duser.dir=/vagrant" />
    <vmarg name="-verbose:gc" />
    <vmarg name="-Xgcelastic" />
    <vmarg name="-Xcheck:gc:::elasticGC" />
    <vmarg name="-Xloggc:default-jdk0.5-1-1.5-verbose10sunflow.txt" />
    <vmarg name="-Djava.class.path=dacapo-9.12-MR1-bach.jar" />
    <vmarg name="-Dsun.java.command=dacapo-9.12-MR1-bach.jar sunflow --size=default" />
    <vmarg name="-Dsun.java.launcher=SUN_STANDARD" />
    <vmarg name="-Dsun.java.launcher.pid=8275" />
  </vmargs>
</initialized>

<exclusive-start id="2" timestamp="2019-06-15T03:59:54.922" intervalms="177.293">
  <response-info timems="0.019" idlems="0.019" threads="0" lastid="0000000001FB7700" lastname="main" />
</exclusive-start>
<af-start id="3" threadId="0000000001FB8088" totalBytesRequested="7176" timestamp="2019-06-15T03:59:54.922" intervalms="177.515" type="nursery" />
<cycle-start id="4" type="scavenge" contextid="0" timestamp="2019-06-15T03:59:54.922" intervalms="177.998" />
<gc-start id="5" type="scavenge" contextid="4" timestamp="2019-06-15T03:59:54.928">
  <mem-info id="6" free="6062624" total="8388608" percent="72">
    <mem type="nursery" free="0" total="2097152" percent="0">
      <mem type="allocate" free="0" total="1048576" percent="0" />
      <mem type="survivor" free="0" total="1048576" percent="0" />
    </mem>
    <mem type="tenure" free="6062624" total="6291456" percent="96">
      <mem type="soa" free="5748256" total="5977088" percent="96" />
      <mem type="loa" free="314368" total="314368" percent="100" />
    </mem>
    <remembered-set count="3161" />
  </mem-info>
</gc-start>
<allocation-stats totalBytes="1275184" >
  <allocated-bytes non-tlh="344784" tlh="930400" />
  <largest-consumer threadName="main" threadId="0000000001FB7700" bytes="1198424" />
</allocation-stats>
<gc-op id="7" type="scavenge" timems="1.811" contextid="4" timestamp="2019-06-15T03:59:54.930">
  <scavenger-info tenureage="2" tenuremask="fffc" tiltratio="50" />
  <memory-copied type="nursery" objects="10578" bytes="479600" bytesdiscarded="130264" />
  <finalization candidates="11" enqueued="0" />
  <references type="soft" candidates="62" cleared="0" enqueued="0" dynamicThreshold="32" maxThreshold="32" />
  <references type="weak" candidates="309" cleared="177" enqueued="141" />
  <references type="phantom" candidates="25" cleared="6" enqueued="6" />
</gc-op>
<gc-end id="8" type="scavenge" contextid="4" durationms="5.337" usertimems="8.000" systemtimems="0.000" timestamp="2019-06-15T03:59:54.933" activeThreads="4">
  <mem-info id="9" free="6499240" total="8388608" percent="77">
    <mem type="nursery" free="436616" total="2097152" percent="20">
      <mem type="allocate" free="436616" total="1048576" percent="41" />
      <mem type="survivor" free="0" total="1048576" percent="0" />
    </mem>
    <mem type="tenure" free="6062624" total="6291456" percent="96">
      <mem type="soa" free="5748256" total="5977088" percent="96" />
      <mem type="loa" free="314368" total="314368" percent="100" />
    </mem>
    <pending-finalizers system="0" default="0" reference="147" classloader="0" />
    <remembered-set count="3161" />
  </mem-info>
</gc-end>
<cycle-end id="10" type="scavenge" contextid="4" timestamp="2019-06-15T03:59:54.933" />
  <attribute name="elasticGC enabled" value="1" />
  <attribute name= "numThreadsSpecified" value="0" />
  <attribute name="heapSize specified" value="0" />
  <attribute name="Current GC Util" value="0" />
  <attribute name= "Current Time Running" value="72" />
  <attribute name ="GC Interval" value="1" />
  <attribute name="ProportionalT" value="0.000000" />
  <attribute name="ProportionalI" value="0.000000" />
  <attribute name="ProportionalH" value="0.000000" />
  <attribute name="Current Error" value="0.000000" />
  <attribute name="IntegralT" value="0.000000" />
  <attribute name="IntegralI" value="0.000000" />
  <attribute name="IntegralH" value="0.000000" />
  <attribute name="DerivativeT" value="0.000000" />
  <attribute name="DerivativeI" value="0.000000" />
  <attribute name="DerivativeH" value="0.000000" />
  <attribute name="Loop Time for DT" value="0.000000" />
  <attribute name="Output H" value="0"/>
  <attribute name="Output I" value="0"/>
  <attribute name="Output T" value="0"/>
  <attribute name="Target GC Util Change" value ="20.000000" />
  <attribute name="Current GC Util Change" value="0.000000"/>
  <attribute name="GC Util currently" value="0" />
  <attribute name="CPU Util currently" value="37" />
<allocation-satisfied id="11" threadId="0000000001FB7700" bytesRequested="7176" />
<af-end id="12" timestamp="2019-06-15T03:59:54.933" threadId="0000000001FB8088" success="true" from="nursery"/>
<exclusive-end id="13" timestamp="2019-06-15T03:59:54.933" durationms="11.866" />

<exclusive-start id="14" timestamp="2019-06-15T03:59:54.952" intervalms="30.086">
  <response-info timems="0.030" idlems="0.030" threads="0" lastid="0000000001FB7700" lastname="main" />
</exclusive-start>
<af-start id="15" threadId="0000000001FB8088" totalBytesRequested="15200" timestamp="2019-06-15T03:59:54.952" intervalms="29.935" type="nursery" />
<cycle-start id="16" type="scavenge" contextid="0" timestamp="2019-06-15T03:59:54.952" intervalms="29.515" />
<gc-start id="17" type="scavenge" contextid="16" timestamp="2019-06-15T03:59:54.956">
  <mem-info id="18" free="6054888" total="8388608" percent="72">
    <mem type="nursery" free="0" total="2097152" percent="0">
      <mem type="allocate" free="0" total="1048576" percent="0" />
      <mem type="survivor" free="0" total="1048576" percent="0" />
    </mem>
    <mem type="tenure" free="6054888" total="6291456" percent="96">
      <mem type="soa" free="5740520" total="5977088" percent="96" />
      <mem type="loa" free="314368" total="314368" percent="100" />
    </mem>
    <remembered-set count="3262" />
  </mem-info>
</gc-start>
<allocation-stats totalBytes="435304" >
  <allocated-bytes non-tlh="14912" tlh="420392" />
  <largest-consumer threadName="main" threadId="0000000001FB7700" bytes="423328" />
</allocation-stats>
<gc-op id="19" type="scavenge" timems="0.936" contextid="16" timestamp="2019-06-15T03:59:54.957">
  <scavenger-info tenureage="5" tenuremask="7fe0" tiltratio="50" />
  <memory-copied type="nursery" objects="10890" bytes="485664" bytesdiscarded="202416" />
  <finalization candidates="11" enqueued="0" />
  <references type="soft" candidates="62" cleared="0" enqueued="0" dynamicThreshold="32" maxThreshold="32" />
  <references type="weak" candidates="241" cleared="96" enqueued="93" />
  <references type="phantom" candidates="37" cleared="12" enqueued="12" />
</gc-op>
<gc-end id="20" type="scavenge" contextid="16" durationms="4.824" usertimems="4.000" systemtimems="0.000" timestamp="2019-06-15T03:59:54.961" activeThreads="4">
  <mem-info id="21" free="6413920" total="8388608" percent="76">
    <mem type="nursery" free="359032" total="2097152" percent="17">
      <mem type="allocate" free="359032" total="1048576" percent="34" />
      <mem type="survivor" free="0" total="1048576" percent="0" />
    </mem>
    <mem type="tenure" free="6054888" total="6291456" percent="96">
      <mem type="soa" free="5740520" total="5977088" percent="96" />
      <mem type="loa" free="314368" total="314368" percent="100" />
    </mem>
    <pending-finalizers system="0" default="0" reference="105" classloader="0" />
    <remembered-set count="3262" />
  </mem-info>
</gc-end>
<cycle-end id="22" type="scavenge" contextid="16" timestamp="2019-06-15T03:59:54.961" />
  <attribute name="elasticGC enabled" value="1" />
  <attribute name= "numThreadsSpecified" value="0" />
  <attribute name="heapSize specified" value="0" />
  <attribute name="Current GC Util" value="38" />
  <attribute name= "Current Time Running" value="100" />
  <attribute name ="GC Interval" value="1" />
  <attribute name="ProportionalT" value="0.000000" />
  <attribute name="ProportionalI" value="0.000000" />
  <attribute name="ProportionalH" value="0.000000" />
  <attribute name="Current Error" value="0.000000" />
  <attribute name="IntegralT" value="0.000000" />
  <attribute name="IntegralI" value="0.000000" />
  <attribute name="IntegralH" value="0.000000" />
  <attribute name="DerivativeT" value="0.000000" />
  <attribute name="DerivativeI" value="0.000000" />
  <attribute name="DerivativeH" value="0.000000" />
  <attribute name="Loop Time for DT" value="72.000000" />
  <attribute name="Output H" value="0"/>
  <attribute name="Output I" value="0"/>
  <attribute name="Output T" value="0"/>
  <attribute name="Target GC Util Change" value ="20.000000" />
  <attribute name="Current GC Util Change" value="38.000000"/>
  <attribute name="GC Util currently" value="38" />
  <attribute name="CPU Util currently" value="8" />
<allocation-satisfied id="23" threadId="0000000001FB7700" bytesRequested="15200" />
<af-end id="24" timestamp="2019-06-15T03:59:54.961" threadId="0000000001FB8088" success="true" from="nursery"/>
<exclusive-end id="25" timestamp="2019-06-15T03:59:54.961" durationms="9.474" />

<exclusive-start id="26" timestamp="2019-06-15T03:59:54.970" intervalms="18.733">
  <response-info timems="0.052" idlems="0.052" threads="0" lastid="0000000001FB7700" lastname="main" />
</exclusive-start>
<af-start id="27" threadId="0000000001FB8088" totalBytesRequested="7176" timestamp="2019-06-15T03:59:54.970" intervalms="18.744" type="nursery" />
<cycle-start id="28" type="scavenge" contextid="0" timestamp="2019-06-15T03:59:54.971" intervalms="18.746" />
<gc-start id="29" type="scavenge" contextid="28" timestamp="2019-06-15T03:59:54.974">
  <mem-info id="30" free="6052896" total="8388608" percent="72">
    <mem type="nursery" free="0" total="2097152" percent="0">
      <mem type="allocate" free="0" total="1048576" percent="0" />
      <mem type="survivor" free="0" total="1048576" percent="0" />
    </mem>
    <mem type="tenure" free="6052896" total="6291456" percent="96">
      <mem type="soa" free="5738528" total="5977088" percent="96" />
      <mem type="loa" free="314368" total="314368" percent="100" />
    </mem>
    <remembered-set count="3286" />
  </mem-info>
</gc-start>
<allocation-stats totalBytes="324400" >
  <allocated-bytes non-tlh="17192" tlh="307208" />
  <largest-consumer threadName="main" threadId="0000000001FB7700" bytes="316208" />
</allocation-stats>
<gc-op id="31" type="scavenge" timems="0.791" contextid="28" timestamp="2019-06-15T03:59:54.975">
  <scavenger-info tenureage="4" tenuremask="7ff0" tiltratio="50" />
  <memory-copied type="nursery" objects="10908" bytes="500416" bytesdiscarded="179856" />
  <finalization candidates="11" enqueued="0" />
  <references type="soft" candidates="62" cleared="0" enqueued="0" dynamicThreshold="32" maxThreshold="32" />
  <references type="weak" candidates="218" cleared="70" enqueued="70" />
  <references type="phantom" candidates="37" cleared="9" enqueued="9" />
</gc-op>
<gc-end id="32" type="scavenge" contextid="28" durationms="1.028" usertimems="0.000" systemtimems="0.000" timestamp="2019-06-15T03:59:54.975" activeThreads="4">
  <mem-info id="33" free="6419736" total="8388608" percent="76">
    <mem type="nursery" free="366840" total="2097152" percent="17">
      <mem type="allocate" free="366840" total="1048576" percent="34" />
      <mem type="survivor" free="0" total="1048576" percent="0" />
    </mem>
    <mem type="tenure" free="6052896" total="6291456" percent="96">
      <mem type="soa" free="5738528" total="5977088" percent="96" />
      <mem type="loa" free="314368" total="314368" percent="100" />
    </mem>
    <pending-finalizers system="0" default="0" reference="79" classloader="0" />
    <remembered-set count="1016" />
  </mem-info>
</gc-end>
<cycle-end id="34" type="scavenge" contextid="28" timestamp="2019-06-15T03:59:54.975" />
  <attribute name="elasticGC enabled" value="1" />
  <attribute name= "numThreadsSpecified" value="4" />
  <attribute name="heapSize specified" value="0" />
  <attribute name="Current GC Util" value="46" />
  <attribute name= "Current Time Running" value="119" />
  <attribute name ="GC Interval" value="512" />
  <attribute name="ProportionalT" value="13.000000" />
  <attribute name="ProportionalI" value="13.000000" />
  <attribute name="ProportionalH" value="13.000000" />
  <attribute name="Current Error" value="26.000000" />
  <attribute name="IntegralT" value="494.000000" />
  <attribute name="IntegralI" value="494.000000" />
  <attribute name="IntegralH" value="494.000000" />
  <attribute name="DerivativeT" value="2.052632" />
  <attribute name="DerivativeI" value="2.052632" />
  <attribute name="DerivativeH" value="2.052632" />
  <attribute name="Loop Time for DT" value="19.000000" />
  <attribute name="Output H" value="8388608"/>
  <attribute name="Output I" value="512"/>
  <attribute name="Output T" value="4"/>
  <attribute name="Target GC Util Change" value ="20.000000" />
  <attribute name="Current GC Util Change" value="46.000000"/>
  <attribute name="GC Util currently" value="46" />
  <attribute name="CPU Util currently" value="1" />
<allocation-satisfied id="35" threadId="0000000001FB7700" bytesRequested="7176" />
<af-end id="36" timestamp="2019-06-15T03:59:54.976" threadId="0000000001FB8088" success="true" from="nursery"/>
<exclusive-end id="37" timestamp="2019-06-15T03:59:54.976" durationms="5.417" />

<exclusive-start id="38" timestamp="2019-06-15T03:59:54.988" intervalms="17.759">
  <response-info timems="0.026" idlems="0.026" threads="0" lastid="0000000001FB7700" lastname="main" />
</exclusive-start>
<af-start id="39" threadId="0000000001FB8088" totalBytesRequested="8200" timestamp="2019-06-15T03:59:54.988" intervalms="17.748" type="nursery" />
<cycle-start id="40" type="scavenge" contextid="0" timestamp="2019-06-15T03:59:54.988" intervalms="17.740" />
<gc-start id="41" type="scavenge" contextid="40" timestamp="2019-06-15T03:59:54.988">
  <mem-info id="42" free="6047792" total="8388608" percent="72">
    <mem type="nursery" free="0" total="2097152" percent="0">
      <mem type="allocate" free="0" total="1048576" percent="0" />
      <mem type="survivor" free="0" total="1048576" percent="0" />
    </mem>
    <mem type="tenure" free="6047792" total="6291456" percent="96">
      <mem type="soa" free="5733424" total="5977088" percent="95" />
      <mem type="loa" free="314368" total="314368" percent="100" />
    </mem>
    <remembered-set count="1099" />
  </mem-info>
</gc-start>
<allocation-stats totalBytes="367776" >
  <allocated-bytes non-tlh="12280" tlh="355496" />
  <largest-consumer threadName="main" threadId="0000000001FB7700" bytes="367776" />
</allocation-stats>
<gc-op id="43" type="scavenge" timems="0.944" contextid="40" timestamp="2019-06-15T03:59:54.989">
  <scavenger-info tenureage="3" tenuremask="fff8" tiltratio="50" />
  <memory-copied type="nursery" objects="690" bytes="79648" bytesdiscarded="37800" />
  <memory-copied type="tenure" objects="10290" bytes="460040" bytesdiscarded="88" />
  <finalization candidates="13" enqueued="0" />
  <references type="soft" candidates="1" cleared="0" enqueued="0" dynamicThreshold="32" maxThreshold="32" />
  <references type="weak" candidates="70" cleared="55" enqueued="55" />
  <references type="phantom" candidates="18" cleared="9" enqueued="9" />
</gc-op>
<heap-resize id="44" type="expand" space="nursery" amount="131072" count="1" timems="0.056" reason="excessive time being spent scavenging" timestamp="2019-06-15T03:59:54.990" />
<gc-end id="45" type="scavenge" contextid="40" durationms="1.302" usertimems="0.000" systemtimems="0.000" timestamp="2019-06-15T03:59:54.990" activeThreads="4">
  <mem-info id="46" free="6486936" total="8519680" percent="76">
    <mem type="nursery" free="996608" total="2228224" percent="44">
      <mem type="allocate" free="996608" total="1114112" percent="89" />
      <mem type="survivor" free="0" total="1114112" percent="0" />
    </mem>
    <mem type="tenure" free="5490328" total="6291456" percent="87">
      <mem type="soa" free="5175960" total="5977088" percent="86" />
      <mem type="loa" free="314368" total="314368" percent="100" />
    </mem>
    <pending-finalizers system="0" default="0" reference="64" classloader="0" />
    <remembered-set count="213" />
  </mem-info>
</gc-end>
<cycle-end id="47" type="scavenge" contextid="40" timestamp="2019-06-15T03:59:54.990" />
  <attribute name="elasticGC enabled" value="1" />
  <attribute name= "numThreadsSpecified" value="4" />
  <attribute name="heapSize specified" value="0" />
  <attribute name="Current GC Util" value="36" />
  <attribute name= "Current Time Running" value="133" />
  <attribute name ="GC Interval" value="728" />
  <attribute name="ProportionalT" value="8.000000" />
  <attribute name="ProportionalI" value="8.000000" />
  <attribute name="ProportionalH" value="8.000000" />
  <attribute name="Current Error" value="16.000000" />
  <attribute name="IntegralT" value="718.000000" />
  <attribute name="IntegralI" value="718.000000" />
  <attribute name="IntegralH" value="718.000000" />
  <attribute name="DerivativeT" value="-1.071429" />
  <attribute name="DerivativeI" value="-1.071429" />
  <attribute name="DerivativeH" value="-1.071429" />
  <attribute name="Loop Time for DT" value="14.000000" />
  <attribute name="Output H" value="8388608"/>
  <attribute name="Output I" value="728"/>
  <attribute name="Output T" value="4"/>
  <attribute name="Target GC Util Change" value ="20.000000" />
  <attribute name="Current GC Util Change" value="36.000000"/>
  <attribute name="GC Util currently" value="36" />
  <attribute name="CPU Util currently" value="327501489059" />
<allocation-satisfied id="48" threadId="0000000001FB7700" bytesRequested="8200" />
<af-end id="49" timestamp="2019-06-15T03:59:54.990" threadId="0000000001FB8088" success="true" from="nursery"/>
<exclusive-end id="50" timestamp="2019-06-15T03:59:54.990" durationms="1.721" />

<exclusive-start id="51" timestamp="2019-06-15T03:59:55.127" intervalms="138.777">
  <response-info timems="0.072" idlems="0.072" threads="0" lastid="0000000001FB7700" lastname="main" />
</exclusive-start>
<af-start id="52" threadId="0000000001FB8088" totalBytesRequested="48" timestamp="2019-06-15T03:59:55.127" intervalms="138.830" type="nursery" />
<cycle-start id="53" type="scavenge" contextid="0" timestamp="2019-06-15T03:59:55.127" intervalms="138.871" />
<gc-start id="54" type="scavenge" contextid="53" timestamp="2019-06-15T03:59:55.127">
  <mem-info id="55" free="5400608" total="8519680" percent="63">
    <mem type="nursery" free="0" total="2228224" percent="0">
      <mem type="allocate" free="0" total="1114112" percent="0" />
      <mem type="survivor" free="0" total="1114112" percent="0" />
    </mem>
    <mem type="tenure" free="5400608" total="6291456" percent="85">
      <mem type="soa" free="5086240" total="5977088" percent="85" />
      <mem type="loa" free="314368" total="314368" percent="100" />
    </mem>
    <remembered-set count="1703" />
  </mem-info>
</gc-start>
<allocation-stats totalBytes="1085616" >
  <allocated-bytes non-tlh="219648" tlh="865968" />
  <largest-consumer threadName="main" threadId="0000000001FB7700" bytes="1085616" />
</allocation-stats>
<gc-op id="56" type="scavenge" timems="1.151" contextid="53" timestamp="2019-06-15T03:59:55.129">
  <scavenger-info tenureage="3" tenuremask="fff8" tiltratio="50" />
  <memory-copied type="nursery" objects="6385" bytes="344384" bytesdiscarded="45624" />
  <memory-copied type="tenure" objects="299" bytes="14984" bytesdiscarded="40" />
  <finalization candidates="47" enqueued="1" />
  <ownableSynchronizers candidates="1" cleared="0" />
  <references type="soft" candidates="48" cleared="0" enqueued="0" dynamicThreshold="32" maxThreshold="32" />
  <references type="weak" candidates="723" cleared="287" enqueued="198" />
  <references type="phantom" candidates="14" cleared="5" enqueued="5" />
</gc-op>
<gc-end id="57" type="scavenge" contextid="53" durationms="1.402" usertimems="0.000" systemtimems="0.000" timestamp="2019-06-15T03:59:55.129" activeThreads="4">
  <mem-info id="58" free="6085248" total="8519680" percent="71">
    <mem type="nursery" free="723808" total="2228224" percent="32">
      <mem type="allocate" free="723808" total="1114112" percent="64" />
      <mem type="survivor" free="0" total="1114112" percent="0" />
    </mem>
    <mem type="tenure" free="5361440" total="6291456" percent="85">
      <mem type="soa" free="5047072" total="5977088" percent="84" />
      <mem type="loa" free="314368" total="314368" percent="100" />
    </mem>
    <pending-finalizers system="1" default="0" reference="203" classloader="0" />
    <remembered-set count="1663" />
  </mem-info>
</gc-end>
<cycle-end id="59" type="scavenge" contextid="53" timestamp="2019-06-15T03:59:55.129" />
  <attribute name="elasticGC enabled" value="1" />
  <attribute name= "numThreadsSpecified" value="4" />
  <attribute name="heapSize specified" value="0" />
  <attribute name="Current GC Util" value="1" />
  <attribute name= "Current Time Running" value="272" />
  <attribute name ="GC Interval" value="200" />
  <attribute name="ProportionalT" value="-9.500000" />
  <attribute name="ProportionalI" value="-9.500000" />
  <attribute name="ProportionalH" value="-9.500000" />
  <attribute name="Current Error" value="-19.000000" />
  <attribute name="IntegralT" value="-1923.000000" />
  <attribute name="IntegralI" value="-1923.000000" />
  <attribute name="IntegralH" value="-1923.000000" />
  <attribute name="DerivativeT" value="-0.377698" />
  <attribute name="DerivativeI" value="-0.377698" />
  <attribute name="DerivativeH" value="-0.377698" />
  <attribute name="Loop Time for DT" value="139.000000" />
  <attribute name="Output H" value="2092630016"/>
  <attribute name="Output I" value="200"/>
  <attribute name="Output T" value="4"/>
  <attribute name="Target GC Util Change" value ="20.000000" />
  <attribute name="Current GC Util Change" value="1.000000"/>
  <attribute name="GC Util currently" value="1" />
  <attribute name="CPU Util currently" value="11" />
<allocation-satisfied id="60" threadId="0000000001FB7700" bytesRequested="48" />
<af-end id="61" timestamp="2019-06-15T03:59:55.129" threadId="0000000001FB8088" success="true" from="nursery"/>
<exclusive-end id="62" timestamp="2019-06-15T03:59:55.129" durationms="2.098" />

<exclusive-start id="63" timestamp="2019-06-15T03:59:55.208" intervalms="81.095">
  <response-info timems="0.060" idlems="0.060" threads="0" lastid="0000000001FB7700" lastname="main" />
</exclusive-start>
<af-start id="64" threadId="0000000001FB8088" totalBytesRequested="196616" timestamp="2019-06-15T03:59:55.208" intervalms="81.058" type="nursery" />
<cycle-start id="65" type="scavenge" contextid="0" timestamp="2019-06-15T03:59:55.208" intervalms="81.025" />
<gc-start id="66" type="scavenge" contextid="65" timestamp="2019-06-15T03:59:55.208">
  <mem-info id="67" free="5377568" total="8519680" percent="63">
    <mem type="nursery" free="80688" total="2228224" percent="3">
      <mem type="allocate" free="80688" total="1114112" percent="7" />
      <mem type="survivor" free="0" total="1114112" percent="0" />
    </mem>
    <mem type="tenure" free="5296880" total="6291456" percent="84">
      <mem type="soa" free="4982512" total="5977088" percent="83" />
      <mem type="loa" free="314368" total="314368" percent="100" />
    </mem>
    <remembered-set count="2535" />
  </mem-info>
</gc-start>
<allocation-stats totalBytes="706440" >
  <allocated-bytes non-tlh="64608" tlh="641832" />
  <largest-consumer threadName="main" threadId="0000000001FB7700" bytes="682712" />
</allocation-stats>
<gc-op id="68" type="scavenge" timems="0.898" contextid="65" timestamp="2019-06-15T03:59:55.209">
  <scavenger-info tenureage="3" tenuremask="fff8" tiltratio="50" />
  <memory-copied type="nursery" objects="9391" bytes="479040" bytesdiscarded="67048" />
  <memory-copied type="tenure" objects="28" bytes="1744" bytesdiscarded="0" />
  <finalization candidates="113" enqueued="0" />
  <ownableSynchronizers candidates="3" cleared="0" />
  <references type="soft" candidates="69" cleared="0" enqueued="0" dynamicThreshold="32" maxThreshold="32" />
  <references type="weak" candidates="607" cleared="17" enqueued="8" />
  <references type="phantom" candidates="16" cleared="0" enqueued="0" />
</gc-op>
<gc-end id="69" type="scavenge" contextid="65" durationms="1.094" usertimems="4.000" systemtimems="0.000" timestamp="2019-06-15T03:59:55.209" activeThreads="4">
  <mem-info id="70" free="5864280" total="8519680" percent="68">
    <mem type="nursery" free="567400" total="2228224" percent="25">
      <mem type="allocate" free="567400" total="1114112" percent="50" />
      <mem type="survivor" free="0" total="1114112" percent="0" />
    </mem>
    <mem type="tenure" free="5296880" total="6291456" percent="84">
      <mem type="soa" free="4982512" total="5977088" percent="83" />
      <mem type="loa" free="314368" total="314368" percent="100" />
    </mem>
    <pending-finalizers system="0" default="0" reference="8" classloader="0" />
    <remembered-set count="2439" />
  </mem-info>
</gc-end>
<cycle-end id="71" type="scavenge" contextid="65" timestamp="2019-06-15T03:59:55.209" />
  <attribute name="elasticGC enabled" value="1" />
  <attribute name= "numThreadsSpecified" value="4" />
  <attribute name="heapSize specified" value="0" />
  <attribute name="Current GC Util" value="1" />
  <attribute name= "Current Time Running" value="353" />
  <attribute name ="GC Interval" value="200" />
  <attribute name="ProportionalT" value="-9.500000" />
  <attribute name="ProportionalI" value="-9.500000" />
  <attribute name="ProportionalH" value="-9.500000" />
  <attribute name="Current Error" value="-19.000000" />
  <attribute name="IntegralT" value="-3462.000000" />
  <attribute name="IntegralI" value="-3462.000000" />
  <attribute name="IntegralH" value="-3462.000000" />
  <attribute name="DerivativeT" value="-0.351852" />
  <attribute name="DerivativeI" value="-0.351852" />
  <attribute name="DerivativeH" value="-0.351852" />
  <attribute name="Loop Time for DT" value="81.000000" />
  <attribute name="Output H" value="2092630016"/>
  <attribute name="Output I" value="200"/>
  <attribute name="Output T" value="4"/>
  <attribute name="Target GC Util Change" value ="20.000000" />
  <attribute name="Current GC Util Change" value="1.000000"/>
  <attribute name="GC Util currently" value="1" />
  <attribute name="CPU Util currently" value="13" />
<allocation-satisfied id="72" threadId="0000000001FB7700" bytesRequested="196616" />
<af-end id="73" timestamp="2019-06-15T03:59:55.210" threadId="0000000001FB8088" success="true" from="nursery"/>
<exclusive-end id="74" timestamp="2019-06-15T03:59:55.210" durationms="1.602" />

<exclusive-start id="75" timestamp="2019-06-15T03:59:55.223" intervalms="15.175">
  <response-info timems="0.058" idlems="0.058" threads="0" lastid="0000000001FB7700" lastname="main" />
</exclusive-start>
<af-start id="76" threadId="0000000001FB8088" totalBytesRequested="262152" timestamp="2019-06-15T03:59:55.223" intervalms="15.190" type="nursery" />
<cycle-start id="77" type="scavenge" contextid="0" timestamp="2019-06-15T03:59:55.223" intervalms="15.221" />
<gc-start id="78" type="scavenge" contextid="77" timestamp="2019-06-15T03:59:55.224">
  <mem-info id="79" free="5371256" total="8519680" percent="63">
    <mem type="nursery" free="75872" total="2228224" percent="3">
      <mem type="allocate" free="75872" total="1114112" percent="6" />
      <mem type="survivor" free="0" total="1114112" percent="0" />
    </mem>
    <mem type="tenure" free="5295384" total="6291456" percent="84">
      <mem type="soa" free="4981016" total="5977088" percent="83" />
      <mem type="loa" free="314368" total="314368" percent="100" />
    </mem>
    <remembered-set count="2458" />
  </mem-info>
</gc-start>
<allocation-stats totalBytes="489096" >
  <allocated-bytes non-tlh="198112" tlh="290984" />
  <largest-consumer threadName="main" threadId="0000000001FB7700" bytes="480904" />
</allocation-stats>
<gc-op id="80" type="scavenge" timems="1.055" contextid="77" timestamp="2019-06-15T03:59:55.225">
  <scavenger-info tenureage="2" tenuremask="7ffc" tiltratio="50" />
  <memory-copied type="nursery" objects="3196" bytes="323128" bytesdiscarded="29936" />
  <memory-copied type="tenure" objects="6136" bytes="317936" bytesdiscarded="680" />
  <finalization candidates="113" enqueued="0" />
  <ownableSynchronizers candidates="3" cleared="0" />
  <references type="soft" candidates="21" cleared="0" enqueued="0" dynamicThreshold="32" maxThreshold="32" />
  <references type="weak" candidates="156" cleared="1" enqueued="1" />
  <references type="phantom" candidates="4" cleared="1" enqueued="1" />
</gc-op>
<gc-end id="81" type="scavenge" contextid="77" durationms="1.422" usertimems="0.000" systemtimems="0.000" timestamp="2019-06-15T03:59:55.225" activeThreads="4">
  <mem-info id="82" free="5919736" total="8519680" percent="69">
    <mem type="nursery" free="891896" total="2228224" percent="40">
      <mem type="allocate" free="891896" total="1245184" percent="71" />
      <mem type="survivor" free="0" total="983040" percent="0" />
    </mem>
    <mem type="tenure" free="5027840" total="6291456" percent="79">
      <mem type="soa" free="4713472" total="5977088" percent="78" />
      <mem type="loa" free="314368" total="314368" percent="100" />
    </mem>
    <pending-finalizers system="0" default="0" reference="2" classloader="0" />
    <remembered-set count="1022" />
  </mem-info>
</gc-end>
<cycle-end id="83" type="scavenge" contextid="77" timestamp="2019-06-15T03:59:55.225" />
  <attribute name="elasticGC enabled" value="1" />
  <attribute name= "numThreadsSpecified" value="4" />
  <attribute name="heapSize specified" value="0" />
  <attribute name="Current GC Util" value="9" />
  <attribute name= "Current Time Running" value="368" />
  <attribute name ="GC Interval" value="200" />
  <attribute name="ProportionalT" value="-5.500000" />
  <attribute name="ProportionalI" value="-5.500000" />
  <attribute name="ProportionalH" value="-5.500000" />
  <attribute name="Current Error" value="-11.000000" />
  <attribute name="IntegralT" value="-3627.000000" />
  <attribute name="IntegralI" value="-3627.000000" />
  <attribute name="IntegralH" value="-3627.000000" />
  <attribute name="DerivativeT" value="-1.100000" />
  <attribute name="DerivativeI" value="-1.100000" />
  <attribute name="DerivativeH" value="-1.100000" />
  <attribute name="Loop Time for DT" value="15.000000" />
  <attribute name="Output H" value="2092630016"/>
  <attribute name="Output I" value="200"/>
  <attribute name="Output T" value="4"/>
  <attribute name="Target GC Util Change" value ="20.000000" />
  <attribute name="Current GC Util Change" value="9.000000"/>
  <attribute name="GC Util currently" value="9" />
  <attribute name="CPU Util currently" value="301315983134" />
<allocation-satisfied id="84" threadId="0000000001FB7700" bytesRequested="262152" />
<af-end id="85" timestamp="2019-06-15T03:59:55.225" threadId="0000000001FB8088" success="true" from="nursery"/>
<exclusive-end id="86" timestamp="2019-06-15T03:59:55.225" durationms="2.002" />

<exclusive-start id="87" timestamp="2019-06-15T03:59:55.245" intervalms="21.757">
  <response-info timems="0.036" idlems="0.036" threads="0" lastid="0000000001FB7700" lastname="main" />
</exclusive-start>
<af-start id="88" threadId="0000000001FB8088" totalBytesRequested="16" timestamp="2019-06-15T03:59:55.245" intervalms="21.831" type="nursery" />
<cycle-start id="89" type="scavenge" contextid="0" timestamp="2019-06-15T03:59:55.245" intervalms="21.870" />
<gc-start id="90" type="scavenge" contextid="89" timestamp="2019-06-15T03:59:55.245">
  <mem-info id="91" free="5027840" total="8519680" percent="59">
    <mem type="nursery" free="0" total="2228224" percent="0">
      <mem type="allocate" free="0" total="1245184" percent="0" />
      <mem type="survivor" free="0" total="983040" percent="0" />
    </mem>
    <mem type="tenure" free="5027840" total="6291456" percent="79">
      <mem type="soa" free="4713472" total="5977088" percent="78" />
      <mem type="loa" free="314368" total="314368" percent="100" />
    </mem>
    <remembered-set count="1022" />
  </mem-info>
</gc-start>
<allocation-stats totalBytes="891896" >
  <allocated-bytes non-tlh="262152" tlh="629744" />
  <largest-consumer threadName="main" threadId="0000000001FB7700" bytes="883704" />
</allocation-stats>
<gc-op id="92" type="scavenge" timems="0.564" contextid="89" timestamp="2019-06-15T03:59:55.246">
  <scavenger-info tenureage="2" tenuremask="7ffc" tiltratio="55" />
  <memory-copied type="nursery" objects="21" bytes="463224" bytesdiscarded="73864" />
  <memory-copied type="tenure" objects="3170" bytes="122368" bytesdiscarded="152" />
  <finalization candidates="67" enqueued="0" />
  <ownableSynchronizers candidates="2" cleared="0" />
</gc-op>
<gc-end id="93" type="scavenge" contextid="89" durationms="0.896" usertimems="0.000" systemtimems="0.000" timestamp="2019-06-15T03:59:55.246" activeThreads="4">
  <mem-info id="94" free="5723120" total="8519680" percent="67">
    <mem type="nursery" free="773616" total="2228224" percent="34">
      <mem type="allocate" free="773616" total="1310720" percent="59" />
      <mem type="survivor" free="0" total="917504" percent="0" />
    </mem>
    <mem type="tenure" free="4949504" total="6291456" percent="78">
      <mem type="soa" free="4635136" total="5977088" percent="77" />
      <mem type="loa" free="314368" total="314368" percent="100" />
    </mem>
    <remembered-set count="90" />
  </mem-info>
</gc-end>
<cycle-end id="95" type="scavenge" contextid="89" timestamp="2019-06-15T03:59:55.246" />
  <attribute name="elasticGC enabled" value="1" />
  <attribute name= "numThreadsSpecified" value="4" />
  <attribute name="heapSize specified" value="0" />
  <attribute name="Current GC Util" value="7" />
  <attribute name= "Current Time Running" value="390" />
  <attribute name ="GC Interval" value="200" />
  <attribute name="ProportionalT" value="-6.500000" />
  <attribute name="ProportionalI" value="-6.500000" />
  <attribute name="ProportionalH" value="-6.500000" />
  <attribute name="Current Error" value="-13.000000" />
  <attribute name="IntegralT" value="-286.000000" />
  <attribute name="IntegralI" value="-286.000000" />
  <attribute name="IntegralH" value="-286.000000" />
  <attribute name="DerivativeT" value="-0.886364" />
  <attribute name="DerivativeI" value="-0.886364" />
  <attribute name="DerivativeH" value="-0.886364" />
  <attribute name="Loop Time for DT" value="22.000000" />
  <attribute name="Output H" value="2092630016"/>
  <attribute name="Output I" value="200"/>
  <attribute name="Output T" value="4"/>
  <attribute name="Target GC Util Change" value ="20.000000" />
  <attribute name="Current GC Util Change" value="7.000000"/>
  <attribute name="GC Util currently" value="7" />
  <attribute name="CPU Util currently" value="10" />
<allocation-satisfied id="96" threadId="0000000001FB7700" bytesRequested="16" />
<af-end id="97" timestamp="2019-06-15T03:59:55.247" threadId="0000000001FB8088" success="true" from="nursery"/>
<exclusive-end id="98" timestamp="2019-06-15T03:59:55.247" durationms="1.689" />

<exclusive-start id="99" timestamp="2019-06-15T03:59:55.250" intervalms="5.197">
  <response-info timems="0.030" idlems="0.030" threads="0" lastid="0000000001FB7700" lastname="main" />
</exclusive-start>
<sys-start reason="explicit" id="100" timestamp="2019-06-15T03:59:55.250" intervalms="505.938" />
<cycle-start id="101" type="global" contextid="0" timestamp="2019-06-15T03:59:55.250" intervalms="506.117" />
<gc-start id="102" type="global" contextid="101" timestamp="2019-06-15T03:59:55.250">
  <mem-info id="103" free="4989928" total="8519680" percent="58">
    <mem type="nursery" free="40424" total="2228224" percent="1">
      <mem type="allocate" free="40424" total="1310720" percent="3" />
      <mem type="survivor" free="0" total="917504" percent="0" />
    </mem>
    <mem type="tenure" free="4949504" total="6291456" percent="78">
      <mem type="soa" free="4635136" total="5977088" percent="77" />
      <mem type="loa" free="314368" total="314368" percent="100" />
    </mem>
    <remembered-set count="94" />
  </mem-info>
</gc-start>
<allocation-stats totalBytes="733192" >
  <allocated-bytes non-tlh="262168" tlh="471024" />
  <largest-consumer threadName="main" threadId="0000000001FB7700" bytes="733192" />
</allocation-stats>
<gc-op id="104" type="mark" timems="1.699" contextid="101" timestamp="2019-06-15T03:59:55.252">
  <trace-info objectcount="29281" scancount="23469" scanbytes="764084" />
  <finalization candidates="124" enqueued="0" />
  <ownableSynchronizers candidates="3" cleared="0" />
  <references type="soft" candidates="131" cleared="0" enqueued="0" dynamicThreshold="32" maxThreshold="32" />
  <references type="weak" candidates="735" cleared="56" enqueued="29" />
  <references type="phantom" candidates="37" cleared="0" enqueued="0" />
  <stringconstants candidates="3958" cleared="0"  />
</gc-op>
<gc-op id="105" type="classunload" timems="0.120" contextid="101" timestamp="2019-06-15T03:59:55.253">
  <classunload-info classloadercandidates="7" classloadersunloaded="0" classesunloaded="0" anonymousclassesunloaded="0" quiescems="0.000" setupms="0.119" scanms="0.000" postms="0.001" />
</gc-op>
<gc-op id="106" type="sweep" timems="0.810" contextid="101" timestamp="2019-06-15T03:59:55.254" />
<mem-info id="107" free="5757752" total="8519680" percent="67">
  <mem type="nursery" free="781824" total="2228224" percent="35">
    <mem type="allocate" free="781824" total="1310720" percent="59" />
    <mem type="survivor" free="0" total="917504" percent="0" />
  </mem>
  <mem type="tenure" free="4975928" total="6291456" percent="79" micro-fragmented="3344" macro-fragmented="0">
    <mem type="soa" free="4661560" total="5977088" percent="77" />
    <mem type="loa" free="314368" total="314368" percent="100" />
  </mem>
  <pending-finalizers system="0" default="0" reference="29" classloader="0" />
  <remembered-set count="91" />
</mem-info>
<gc-op id="108" type="compact" timems="6.621" contextid="101" timestamp="2019-06-15T03:59:55.260">
  <compact-info movecount="24858" movebytes="1650040" reason="compact to aid heap contraction" />
</gc-op>
<heap-resize id="109" type="contract" space="tenure" amount="131072" count="1" timems="0.248" reason="heap reconfiguration" timestamp="2019-06-15T03:59:55.261" />
<gc-end id="110" type="global" contextid="101" durationms="10.778" usertimems="12.000" systemtimems="0.000" timestamp="2019-06-15T03:59:55.261" activeThreads="4">
  <mem-info id="111" free="5637256" total="8388608" percent="67">
    <mem type="nursery" free="781904" total="2228224" percent="35">
      <mem type="allocate" free="781904" total="1310720" percent="59" />
      <mem type="survivor" free="0" total="917504" percent="0" />
    </mem>
    <mem type="tenure" free="4855352" total="6160384" percent="78">
      <mem type="soa" free="4548152" total="5853184" percent="77" />
      <mem type="loa" free="307200" total="307200" percent="100" />
    </mem>
    <pending-finalizers system="0" default="0" reference="29" classloader="0" />
    <remembered-set count="91" />
  </mem-info>
</gc-end>
<cycle-end id="112" type="global" contextid="101" timestamp="2019-06-15T03:59:55.261" />
  <attribute name="elasticGC enabled" value="1" />
  <attribute name= "numThreadsSpecified" value="4" />
  <attribute name="heapSize specified" value="8519680" />
  <attribute name="Current GC Util" value="31" />
  <attribute name= "Current Time Running" value="405" />
  <attribute name ="GC Interval" value="200" />
  <attribute name="ProportionalT" value="5.500000" />
  <attribute name="ProportionalI" value="5.500000" />
  <attribute name="ProportionalH" value="5.500000" />
  <attribute name="Current Error" value="11.000000" />
  <attribute name="IntegralT" value="77.000000" />
  <attribute name="IntegralI" value="77.000000" />
  <attribute name="IntegralH" value="77.000000" />
  <attribute name="DerivativeT" value="2.357143" />
  <attribute name="DerivativeI" value="2.357143" />
  <attribute name="DerivativeH" value="2.357143" />
  <attribute name="Loop Time for DT" value="7.000000" />
  <attribute name="Output H" value="8388608"/>
  <attribute name="Output I" value="200"/>
  <attribute name="Output T" value="4"/>
  <attribute name="Target GC Util Change" value ="20.000000" />
  <attribute name="Current GC Util Change" value="31.000000"/>
  <attribute name="GC Util currently" value="31" />
  <attribute name="CPU Util currently" value="680983656873" />
<sys-end id="113" timestamp="2019-06-15T03:59:55.262" />
<exclusive-end id="114" timestamp="2019-06-15T03:59:55.262" durationms="11.477" />

<exclusive-start id="115" timestamp="2019-06-15T03:59:55.278" intervalms="27.347">
  <response-info timems="0.060" idlems="0.060" threads="0" lastid="0000000001FB7700" lastname="main" />
</exclusive-start>
<af-start id="116" threadId="0000000001FB8088" totalBytesRequested="40" timestamp="2019-06-15T03:59:55.278" intervalms="32.486" type="nursery" />
<cycle-start id="117" type="scavenge" contextid="0" timestamp="2019-06-15T03:59:55.278" intervalms="32.457" />
<gc-start id="118" type="scavenge" contextid="117" timestamp="2019-06-15T03:59:55.278">
  <mem-info id="119" free="4853216" total="8388608" percent="57">
    <mem type="nursery" free="0" total="2228224" percent="0">
      <mem type="allocate" free="0" total="1310720" percent="0" />
      <mem type="survivor" free="0" total="917504" percent="0" />
    </mem>
    <mem type="tenure" free="4853216" total="6160384" percent="78">
      <mem type="soa" free="4546016" total="5853184" percent="77" />
      <mem type="loa" free="307200" total="307200" percent="100" />
    </mem>
    <remembered-set count="171" />
  </mem-info>
</gc-start>
<allocation-stats totalBytes="783616" >
  <allocated-bytes non-tlh="167224" tlh="616392" />
  <largest-consumer threadName="main" threadId="0000000001FB7700" bytes="779520" />
</allocation-stats>
<gc-op id="120" type="scavenge" timems="0.518" contextid="117" timestamp="2019-06-15T03:59:55.278">
  <scavenger-info tenureage="1" tenuremask="7ffe" tiltratio="58" />
  <memory-copied type="nursery" objects="5026" bytes="584016" bytesdiscarded="106992" />
  <memory-copied type="tenure" objects="17" bytes="266424" bytesdiscarded="0" />
  <ownableSynchronizers candidates="6" cleared="6" />
  <references type="soft" candidates="3" cleared="0" enqueued="0" dynamicThreshold="25" maxThreshold="32" />
  <references type="weak" candidates="20" cleared="11" enqueued="9" />
  <references type="phantom" candidates="2" cleared="0" enqueued="0" />
</gc-op>
<gc-end id="121" type="scavenge" contextid="117" durationms="0.746" usertimems="0.000" systemtimems="0.000" timestamp="2019-06-15T03:59:55.279" activeThreads="4">
  <mem-info id="122" free="5175664" total="8388608" percent="61">
    <mem type="nursery" free="685208" total="2228224" percent="30">
      <mem type="allocate" free="685208" total="1376256" percent="49" />
      <mem type="survivor" free="0" total="851968" percent="0" />
    </mem>
    <mem type="tenure" free="4490456" total="6160384" percent="72">
      <mem type="soa" free="4183256" total="5853184" percent="71" />
      <mem type="loa" free="307200" total="307200" percent="100" />
    </mem>
    <pending-finalizers system="0" default="0" reference="9" classloader="0" />
    <remembered-set count="142" />
  </mem-info>
</gc-end>
<cycle-end id="123" type="scavenge" contextid="117" timestamp="2019-06-15T03:59:55.279" />
  <attribute name="elasticGC enabled" value="1" />
  <attribute name= "numThreadsSpecified" value="4" />
  <attribute name="heapSize specified" value="8519680" />
  <attribute name="Current GC Util" value="47" />
  <attribute name= "Current Time Running" value="422" />
  <attribute name ="GC Interval" value="480" />
  <attribute name="ProportionalT" value="13.500000" />
  <attribute name="ProportionalI" value="13.500000" />
  <attribute name="ProportionalH" value="13.500000" />
  <attribute name="Current Error" value="27.000000" />
  <attribute name="IntegralT" value="459.000000" />
  <attribute name="IntegralI" value="459.000000" />
  <attribute name="IntegralH" value="459.000000" />
  <attribute name="DerivativeT" value="1.411765" />
  <attribute name="DerivativeI" value="1.411765" />
  <attribute name="DerivativeH" value="1.411765" />
  <attribute name="Loop Time for DT" value="17.000000" />
  <attribute name="Output H" value="8388608"/>
  <attribute name="Output I" value="480"/>
  <attribute name="Output T" value="4"/>
  <attribute name="Target GC Util Change" value ="20.000000" />
  <attribute name="Current GC Util Change" value="47.000000"/>
  <attribute name="GC Util currently" value="47" />
  <attribute name="CPU Util currently" value="265438529922" />
<allocation-satisfied id="124" threadId="0000000001FB7700" bytesRequested="40" />
<af-end id="125" timestamp="2019-06-15T03:59:55.279" threadId="0000000001FB8088" success="true" from="nursery"/>
<exclusive-end id="126" timestamp="2019-06-15T03:59:55.279" durationms="1.303" />

<exclusive-start id="127" timestamp="2019-06-15T03:59:55.312" intervalms="34.100">
  <response-info timems="0.031" idlems="0.031" threads="0" lastid="0000000001FB7700" lastname="main" />
</exclusive-start>
<af-start id="128" threadId="0000000001FB8088" totalBytesRequested="130008" timestamp="2019-06-15T03:59:55.312" intervalms="34.063" type="nursery" />
<cycle-start id="129" type="scavenge" contextid="0" timestamp="2019-06-15T03:59:55.312" intervalms="34.022" />
<gc-start id="130" type="scavenge" contextid="129" timestamp="2019-06-15T03:59:55.312">
  <mem-info id="131" free="4553608" total="8388608" percent="54">
    <mem type="nursery" free="86088" total="2228224" percent="3">
      <mem type="allocate" free="86088" total="1376256" percent="6" />
      <mem type="survivor" free="0" total="851968" percent="0" />
    </mem>
    <mem type="tenure" free="4467520" total="6160384" percent="72">
      <mem type="soa" free="4160320" total="5853184" percent="71" />
      <mem type="loa" free="307200" total="307200" percent="100" />
    </mem>
    <remembered-set count="500" />
  </mem-info>
</gc-start>
<allocation-stats totalBytes="621776" >
  <allocated-bytes non-tlh="77288" tlh="544488" />
  <largest-consumer threadName="main" threadId="0000000001FB7700" bytes="617680" />
</allocation-stats>
<gc-op id="132" type="scavenge" timems="0.776" contextid="129" timestamp="2019-06-15T03:59:55.313">
  <scavenger-info tenureage="1" tenuremask="7ffe" tiltratio="61" />
  <memory-copied type="nursery" objects="6525" bytes="313656" bytesdiscarded="176792" />
  <memory-copied type="tenure" objects="4995" bytes="582064" bytesdiscarded="24" />
  <references type="soft" candidates="9" cleared="0" enqueued="0" dynamicThreshold="25" maxThreshold="32" />
  <references type="weak" candidates="4" cleared="0" enqueued="0" />
</gc-op>
<gc-end id="133" type="scavenge" contextid="129" durationms="0.986" usertimems="0.000" systemtimems="0.000" timestamp="2019-06-15T03:59:55.313" activeThreads="4">
  <mem-info id="134" free="4794432" total="8388608" percent="57">
    <mem type="nursery" free="951256" total="2228224" percent="42">
      <mem type="allocate" free="951256" total="1441792" percent="65" />
      <mem type="survivor" free="0" total="786432" percent="0" />
    </mem>
    <mem type="tenure" free="3843176" total="6160384" percent="62">
      <mem type="soa" free="3535976" total="5853184" percent="60" />
      <mem type="loa" free="307200" total="307200" percent="100" />
    </mem>
    <remembered-set count="489" />
  </mem-info>
</gc-end>
<cycle-end id="135" type="scavenge" contextid="129" timestamp="2019-06-15T03:59:55.313" />
  <attribute name="elasticGC enabled" value="1" />
  <attribute name= "numThreadsSpecified" value="4" />
  <attribute name="heapSize specified" value="8519680" />
  <attribute name="Current GC Util" value="3" />
  <attribute name= "Current Time Running" value="456" />
  <attribute name ="GC Interval" value="200" />
  <attribute name="ProportionalT" value="-8.500000" />
  <attribute name="ProportionalI" value="-8.500000" />
  <attribute name="ProportionalH" value="-8.500000" />
  <attribute name="Current Error" value="-17.000000" />
  <attribute name="IntegralT" value="-578.000000" />
  <attribute name="IntegralI" value="-578.000000" />
  <attribute name="IntegralH" value="-578.000000" />
  <attribute name="DerivativeT" value="-1.941176" />
  <attribute name="DerivativeI" value="-1.941176" />
  <attribute name="DerivativeH" value="-1.941176" />
  <attribute name="Loop Time for DT" value="34.000000" />
  <attribute name="Output H" value="2092630016"/>
  <attribute name="Output I" value="200"/>
  <attribute name="Output T" value="4"/>
  <attribute name="Target GC Util Change" value ="20.000000" />
  <attribute name="Current GC Util Change" value="3.000000"/>
  <attribute name="GC Util currently" value="3" />
  <attribute name="CPU Util currently" value="135772686263" />
<allocation-satisfied id="136" threadId="0000000001FB7700" bytesRequested="130008" />
<af-end id="137" timestamp="2019-06-15T03:59:55.313" threadId="0000000001FB8088" success="true" from="nursery"/>
<exclusive-end id="138" timestamp="2019-06-15T03:59:55.313" durationms="1.485" />

<exclusive-start id="139" timestamp="2019-06-15T03:59:55.386" intervalms="74.144">
  <response-info timems="0.054" idlems="0.054" threads="0" lastid="0000000001FB7700" lastname="main" />
</exclusive-start>
<af-start id="140" threadId="0000000001FB8088" totalBytesRequested="10688" timestamp="2019-06-15T03:59:55.386" intervalms="74.149" type="nursery" />
<cycle-start id="141" type="scavenge" contextid="0" timestamp="2019-06-15T03:59:55.386" intervalms="74.149" />
<gc-start id="142" type="scavenge" contextid="141" timestamp="2019-06-15T03:59:55.386">
  <mem-info id="143" free="3822608" total="8388608" percent="45">
    <mem type="nursery" free="0" total="2228224" percent="0">
      <mem type="allocate" free="0" total="1441792" percent="0" />
      <mem type="survivor" free="0" total="786432" percent="0" />
    </mem>
    <mem type="tenure" free="3822608" total="6160384" percent="62">
      <mem type="soa" free="3515408" total="5853184" percent="60" />
      <mem type="loa" free="307200" total="307200" percent="100" />
    </mem>
    <remembered-set count="763" />
  </mem-info>
</gc-start>
<allocation-stats totalBytes="959408" >
  <allocated-bytes non-tlh="150576" tlh="808832" />
  <largest-consumer threadName="main" threadId="0000000001FB7700" bytes="959408" />
</allocation-stats>
<gc-op id="144" type="scavenge" timems="0.689" contextid="141" timestamp="2019-06-15T03:59:55.387">
  <scavenger-info tenureage="1" tenuremask="7ffe" tiltratio="64" />
  <memory-copied type="nursery" objects="1700" bytes="112656" bytesdiscarded="110592" />
  <memory-copied type="tenure" objects="3581" bytes="157280" bytesdiscarded="712" />
  <references type="soft" candidates="1" cleared="0" enqueued="0" dynamicThreshold="25" maxThreshold="32" />
  <references type="weak" candidates="15" cleared="13" enqueued="13" />
</gc-op>
<gc-end id="145" type="scavenge" contextid="141" durationms="0.882" usertimems="0.000" systemtimems="0.000" timestamp="2019-06-15T03:59:55.387" activeThreads="4">
  <mem-info id="146" free="5024232" total="8388608" percent="59">
    <mem type="nursery" free="1284064" total="2228224" percent="57">
      <mem type="allocate" free="1284064" total="1507328" percent="85" />
      <mem type="survivor" free="0" total="720896" percent="0" />
    </mem>
    <mem type="tenure" free="3740168" total="6160384" percent="60">
      <mem type="soa" free="3432968" total="5853184" percent="58" />
      <mem type="loa" free="307200" total="307200" percent="100" />
    </mem>
    <pending-finalizers system="0" default="0" reference="13" classloader="0" />
    <remembered-set count="715" />
  </mem-info>
</gc-end>
<cycle-end id="147" type="scavenge" contextid="141" timestamp="2019-06-15T03:59:55.387" />
  <attribute name="elasticGC enabled" value="1" />
  <attribute name= "numThreadsSpecified" value="4" />
  <attribute name="heapSize specified" value="8519680" />
  <attribute name="Current GC Util" value="2" />
  <attribute name= "Current Time Running" value="530" />
  <attribute name ="GC Interval" value="200" />
  <attribute name="ProportionalT" value="-9.000000" />
  <attribute name="ProportionalI" value="-9.000000" />
  <attribute name="ProportionalH" value="-9.000000" />
  <attribute name="Current Error" value="-18.000000" />
  <attribute name="IntegralT" value="-1332.000000" />
  <attribute name="IntegralI" value="-1332.000000" />
  <attribute name="IntegralH" value="-1332.000000" />
  <attribute name="DerivativeT" value="-0.364865" />
  <attribute name="DerivativeI" value="-0.364865" />
  <attribute name="DerivativeH" value="-0.364865" />
  <attribute name="Loop Time for DT" value="74.000000" />
  <attribute name="Output H" value="2092630016"/>
  <attribute name="Output I" value="200"/>
  <attribute name="Output T" value="4"/>
  <attribute name="Target GC Util Change" value ="20.000000" />
  <attribute name="Current GC Util Change" value="2.000000"/>
  <attribute name="GC Util currently" value="2" />
  <attribute name="CPU Util currently" value="14" />
<allocation-satisfied id="148" threadId="0000000001FB7700" bytesRequested="10688" />
<af-end id="149" timestamp="2019-06-15T03:59:55.387" threadId="0000000001FB8088" success="true" from="nursery"/>
<exclusive-end id="150" timestamp="2019-06-15T03:59:55.387" durationms="1.412" />

<exclusive-start id="151" timestamp="2019-06-15T03:59:55.411" intervalms="24.765">
  <response-info timems="0.081" idlems="0.045" threads="1" lastid="000000000230C900" lastname="Thread-4" />
</exclusive-start>
<af-start id="152" threadId="0000000002309688" totalBytesRequested="1928" timestamp="2019-06-15T03:59:55.411" intervalms="24.841" type="nursery" />
<cycle-start id="153" type="scavenge" contextid="0" timestamp="2019-06-15T03:59:55.411" intervalms="24.944" />
<gc-start id="154" type="scavenge" contextid="153" timestamp="2019-06-15T03:59:55.411">
  <mem-info id="155" free="3725360" total="8388608" percent="44">
    <mem type="nursery" free="0" total="2228224" percent="0">
      <mem type="allocate" free="0" total="1507328" percent="0" />
      <mem type="survivor" free="0" total="720896" percent="0" />
    </mem>
    <mem type="tenure" free="3725360" total="6160384" percent="60">
      <mem type="soa" free="3418160" total="5853184" percent="58" />
      <mem type="loa" free="307200" total="307200" percent="100" />
    </mem>
    <remembered-set count="928" />
  </mem-info>
</gc-start>
<allocation-stats totalBytes="1287272" >
  <allocated-bytes non-tlh="79776" tlh="1207496" />
  <largest-consumer threadName="main" threadId="0000000001FB7700" bytes="732608" />
</allocation-stats>
<gc-op id="156" type="scavenge" timems="0.728" contextid="153" timestamp="2019-06-15T03:59:55.412">
  <scavenger-info tenureage="2" tenuremask="7ffc" tiltratio="67" />
  <memory-copied type="nursery" objects="3304" bytes="633152" bytesdiscarded="87656" />
  <memory-copied type="tenure" objects="1" bytes="54280" bytesdiscarded="0" />
  <copy-failed type="nursery" objects="1" bytes="54280" />
  <references type="soft" candidates="5" cleared="0" enqueued="0" dynamicThreshold="25" maxThreshold="32" />
  <references type="weak" candidates="11" cleared="7" enqueued="7" />
</gc-op>
<gc-end id="157" type="scavenge" contextid="153" durationms="1.119" usertimems="4.000" systemtimems="0.000" timestamp="2019-06-15T03:59:55.412" activeThreads="4">
  <mem-info id="158" free="4064296" total="8388608" percent="48">
    <mem type="nursery" free="393216" total="2228224" percent="17">
      <mem type="allocate" free="393216" total="1114112" percent="35" />
      <mem type="survivor" free="0" total="1114112" percent="0" />
    </mem>
    <mem type="tenure" free="3671080" total="6160384" percent="59">
      <mem type="soa" free="3363880" total="5853184" percent="57" />
      <mem type="loa" free="307200" total="307200" percent="100" />
    </mem>
    <pending-finalizers system="0" default="0" reference="7" classloader="0" />
    <remembered-set count="563" />
  </mem-info>
</gc-end>
<cycle-end id="159" type="scavenge" contextid="153" timestamp="2019-06-15T03:59:55.412" />
  <attribute name="elasticGC enabled" value="1" />
  <attribute name= "numThreadsSpecified" value="4" />
  <attribute name="heapSize specified" value="8519680" />
  <attribute name="Current GC Util" value="4" />
  <attribute name= "Current Time Running" value="556" />
  <attribute name ="GC Interval" value="200" />
  <attribute name="ProportionalT" value="-8.000000" />
  <attribute name="ProportionalI" value="-8.000000" />
  <attribute name="ProportionalH" value="-8.000000" />
  <attribute name="Current Error" value="-16.000000" />
  <attribute name="IntegralT" value="-416.000000" />
  <attribute name="IntegralI" value="-416.000000" />
  <attribute name="IntegralH" value="-416.000000" />
  <attribute name="DerivativeT" value="-0.923077" />
  <attribute name="DerivativeI" value="-0.923077" />
  <attribute name="DerivativeH" value="-0.923077" />
  <attribute name="Loop Time for DT" value="26.000000" />
  <attribute name="Output H" value="2092630016"/>
  <attribute name="Output I" value="200"/>
  <attribute name="Output T" value="4"/>
  <attribute name="Target GC Util Change" value ="20.000000" />
  <attribute name="Current GC Util Change" value="4.000000"/>
  <attribute name="GC Util currently" value="4" />
  <attribute name="CPU Util currently" value="183469250565" />
<allocation-satisfied id="160" threadId="0000000002308D00" bytesRequested="1928" />
<af-end id="161" timestamp="2019-06-15T03:59:55.412" threadId="0000000002309688" success="true" from="nursery"/>
<exclusive-end id="162" timestamp="2019-06-15T03:59:55.413" durationms="2.052" />

<exclusive-start id="163" timestamp="2019-06-15T03:59:55.415" intervalms="4.703">
  <response-info timems="0.046" idlems="0.046" threads="0" lastid="0000000002308D00" lastname="Thread-3" />
</exclusive-start>
<af-start id="164" threadId="0000000002309688" totalBytesRequested="2336" timestamp="2019-06-15T03:59:55.415" intervalms="4.685" type="nursery" />
<cycle-start id="165" type="scavenge" contextid="0" timestamp="2019-06-15T03:59:55.416" intervalms="4.653" />
<gc-start id="166" type="scavenge" contextid="165" timestamp="2019-06-15T03:59:55.416">
  <mem-info id="167" free="3671080" total="8388608" percent="43">
    <mem type="nursery" free="0" total="2228224" percent="0">
      <mem type="allocate" free="0" total="1114112" percent="0" />
      <mem type="survivor" free="0" total="1114112" percent="0" />
    </mem>
    <mem type="tenure" free="3671080" total="6160384" percent="59">
      <mem type="soa" free="3363880" total="5853184" percent="57" />
      <mem type="loa" free="307200" total="307200" percent="100" />
    </mem>
    <remembered-set count="563" />
  </mem-info>
</gc-start>
<allocation-stats totalBytes="390256" >
  <allocated-bytes non-tlh="164768" tlh="225488" />
  <largest-consumer threadName="Thread-3" threadId="0000000002308D00" bytes="215128" />
</allocation-stats>
<gc-op id="168" type="scavenge" timems="0.850" contextid="165" timestamp="2019-06-15T03:59:55.417">
  <scavenger-info tenureage="1" tenuremask="7ffe" tiltratio="50" />
  <memory-copied type="nursery" objects="494" bytes="388864" bytesdiscarded="888" />
  <memory-copied type="tenure" objects="3276" bytes="632312" bytesdiscarded="376" />
</gc-op>
<heap-resize id="169" type="expand" space="nursery" amount="393216" count="1" timems="0.128" reason="excessive time being spent scavenging" timestamp="2019-06-15T03:59:55.417" />
<gc-end id="170" type="scavenge" contextid="165" durationms="1.433" usertimems="4.000" systemtimems="0.000" timestamp="2019-06-15T03:59:55.417" activeThreads="4">
  <mem-info id="171" free="3827464" total="8781824" percent="43">
    <mem type="nursery" free="920968" total="2621440" percent="35">
      <mem type="allocate" free="920968" total="1310720" percent="70" />
      <mem type="survivor" free="0" total="1310720" percent="0" />
    </mem>
    <mem type="tenure" free="2906496" total="6160384" percent="47">
      <mem type="soa" free="2599296" total="5853184" percent="44" />
      <mem type="loa" free="307200" total="307200" percent="100" />
    </mem>
    <remembered-set count="289" />
  </mem-info>
</gc-end>
<cycle-end id="172" type="scavenge" contextid="165" timestamp="2019-06-15T03:59:55.417" />
  <attribute name="elasticGC enabled" value="1" />
  <attribute name= "numThreadsSpecified" value="4" />
  <attribute name="heapSize specified" value="8519680" />
  <attribute name="Current GC Util" value="31" />
  <attribute name= "Current Time Running" value="560" />
  <attribute name ="GC Interval" value="200" />
  <attribute name="ProportionalT" value="5.500000" />
  <attribute name="ProportionalI" value="5.500000" />
  <attribute name="ProportionalH" value="5.500000" />
  <attribute name="Current Error" value="11.000000" />
  <attribute name="IntegralT" value="44.000000" />
  <attribute name="IntegralI" value="44.000000" />
  <attribute name="IntegralH" value="44.000000" />
  <attribute name="DerivativeT" value="4.125000" />
  <attribute name="DerivativeI" value="4.125000" />
  <attribute name="DerivativeH" value="4.125000" />
  <attribute name="Loop Time for DT" value="4.000000" />
  <attribute name="Output H" value="8388608"/>
  <attribute name="Output I" value="200"/>
  <attribute name="Output T" value="4"/>
  <attribute name="Target GC Util Change" value ="20.000000" />
  <attribute name="Current GC Util Change" value="31.000000"/>
  <attribute name="GC Util currently" value="31" />
  <attribute name="CPU Util currently" value="1004319831264" />
<allocation-satisfied id="173" threadId="0000000002308D00" bytesRequested="2336" />
<af-end id="174" timestamp="2019-06-15T03:59:55.417" threadId="0000000002309688" success="true" from="nursery"/>
<exclusive-end id="175" timestamp="2019-06-15T03:59:55.417" durationms="2.157" />

<exclusive-start id="176" timestamp="2019-06-15T03:59:55.433" intervalms="17.847">
  <response-info timems="0.084" idlems="0.084" threads="0" lastid="0000000002310500" lastname="Thread-5" />
</exclusive-start>
<af-start id="177" threadId="0000000002310E88" totalBytesRequested="24" timestamp="2019-06-15T03:59:55.433" intervalms="17.901" type="nursery" />
<cycle-start id="178" type="scavenge" contextid="0" timestamp="2019-06-15T03:59:55.433" intervalms="17.945" />
<gc-start id="179" type="scavenge" contextid="178" timestamp="2019-06-15T03:59:55.434">
  <mem-info id="180" free="2904304" total="8781824" percent="33">
    <mem type="nursery" free="0" total="2621440" percent="0">
      <mem type="allocate" free="0" total="1310720" percent="0" />
      <mem type="survivor" free="0" total="1310720" percent="0" />
    </mem>
    <mem type="tenure" free="2904304" total="6160384" percent="47">
      <mem type="soa" free="2597104" total="5853184" percent="44" />
      <mem type="loa" free="307200" total="307200" percent="100" />
    </mem>
    <remembered-set count="329" />
  </mem-info>
</gc-start>
<allocation-stats totalBytes="909416" >
  <allocated-bytes non-tlh="190248" tlh="719168" />
  <largest-consumer threadName="Thread-3" threadId="0000000002308D00" bytes="591096" />
</allocation-stats>
<gc-op id="181" type="scavenge" timems="2.599" contextid="178" timestamp="2019-06-15T03:59:55.436">
  <scavenger-info tenureage="1" tenuremask="7ffe" tiltratio="50" />
  <memory-copied type="nursery" objects="299" bytes="664280" bytesdiscarded="50160" />
  <memory-copied type="tenure" objects="494" bytes="388864" bytesdiscarded="0" />
</gc-op>
<heap-resize id="182" type="expand" space="nursery" amount="262144" count="1" timems="0.020" reason="excessive time being spent scavenging" timestamp="2019-06-15T03:59:55.437" />
<gc-end id="183" type="scavenge" contextid="178" durationms="3.168" usertimems="4.000" systemtimems="0.000" timestamp="2019-06-15T03:59:55.437" activeThreads="4">
  <mem-info id="184" free="3450296" total="9043968" percent="38">
    <mem type="nursery" free="923960" total="2883584" percent="32">
      <mem type="allocate" free="923960" total="1638400" percent="56" />
      <mem type="survivor" free="0" total="1245184" percent="0" />
    </mem>
    <mem type="tenure" free="2526336" total="6160384" percent="41">
      <mem type="soa" free="2219136" total="5853184" percent="37" />
      <mem type="loa" free="307200" total="307200" percent="100" />
    </mem>
    <remembered-set count="128" />
  </mem-info>
</gc-end>
<cycle-end id="185" type="scavenge" contextid="178" timestamp="2019-06-15T03:59:55.437" />
  <attribute name="elasticGC enabled" value="1" />
  <attribute name= "numThreadsSpecified" value="4" />
  <attribute name="heapSize specified" value="8519680" />
  <attribute name="Current GC Util" value="9" />
  <attribute name= "Current Time Running" value="578" />
  <attribute name ="GC Interval" value="200" />
  <attribute name="ProportionalT" value="-5.500000" />
  <attribute name="ProportionalI" value="-5.500000" />
  <attribute name="ProportionalH" value="-5.500000" />
  <attribute name="Current Error" value="-11.000000" />
  <attribute name="IntegralT" value="-198.000000" />
  <attribute name="IntegralI" value="-198.000000" />
  <attribute name="IntegralH" value="-198.000000" />
  <attribute name="DerivativeT" value="-1.833333" />
  <attribute name="DerivativeI" value="-1.833333" />
  <attribute name="DerivativeH" value="-1.833333" />
  <attribute name="Loop Time for DT" value="18.000000" />
  <attribute name="Output H" value="2092630016"/>
  <attribute name="Output I" value="200"/>
  <attribute name="Output T" value="4"/>
  <attribute name="Target GC Util Change" value ="20.000000" />
  <attribute name="Current GC Util Change" value="9.000000"/>
  <attribute name="GC Util currently" value="9" />
  <attribute name="CPU Util currently" value="255887378896" />
<allocation-satisfied id="186" threadId="0000000002310500" bytesRequested="24" />
<af-end id="187" timestamp="2019-06-15T03:59:55.437" threadId="0000000002310E88" success="true" from="nursery"/>
<exclusive-end id="188" timestamp="2019-06-15T03:59:55.437" durationms="4.105" />

<exclusive-start id="189" timestamp="2019-06-15T03:59:55.446" intervalms="12.638">
  <response-info timems="0.057" idlems="0.057" threads="0" lastid="0000000002310500" lastname="Thread-5" />
</exclusive-start>
<af-start id="190" threadId="0000000002310E88" totalBytesRequested="196616" timestamp="2019-06-15T03:59:55.446" intervalms="12.586" type="nursery" />
<cycle-start id="191" type="scavenge" contextid="0" timestamp="2019-06-15T03:59:55.446" intervalms="12.543" />
<gc-start id="192" type="scavenge" contextid="191" timestamp="2019-06-15T03:59:55.446">
  <mem-info id="193" free="2716880" total="9043968" percent="30">
    <mem type="nursery" free="190776" total="2883584" percent="6">
      <mem type="allocate" free="190776" total="1638400" percent="11" />
      <mem type="survivor" free="0" total="1245184" percent="0" />
    </mem>
    <mem type="tenure" free="2526104" total="6160384" percent="41">
      <mem type="soa" free="2218904" total="5853184" percent="37" />
      <mem type="loa" free="307200" total="307200" percent="100" />
    </mem>
    <remembered-set count="131" />
  </mem-info>
</gc-start>
<allocation-stats totalBytes="733280" >
  <allocated-bytes non-tlh="256" tlh="733024" />
  <largest-consumer threadName="Thread-5" threadId="0000000002310500" bytes="733280" />
</allocation-stats>
<gc-op id="194" type="scavenge" timems="0.879" contextid="191" timestamp="2019-06-15T03:59:55.447">
  <scavenger-info tenureage="1" tenuremask="7ffe" tiltratio="56" />
  <memory-copied type="nursery" objects="4106" bytes="213208" bytesdiscarded="57896" />
  <memory-copied type="tenure" objects="294" bytes="664160" bytesdiscarded="0" />
</gc-op>
<heap-resize id="195" type="expand" space="nursery" amount="131072" count="1" timems="0.019" reason="excessive time being spent scavenging" timestamp="2019-06-15T03:59:55.447" />
<gc-end id="196" type="scavenge" contextid="191" durationms="1.216" usertimems="4.000" systemtimems="0.000" timestamp="2019-06-15T03:59:55.447" activeThreads="4">
  <mem-info id="197" free="3570888" total="9175040" percent="38">
    <mem type="nursery" free="1629440" total="3014656" percent="54">
      <mem type="allocate" free="1629440" total="1900544" percent="85" />
      <mem type="survivor" free="0" total="1114112" percent="0" />
    </mem>
    <mem type="tenure" free="1941448" total="6160384" percent="31">
      <mem type="soa" free="1634248" total="5853184" percent="27" />
      <mem type="loa" free="307200" total="307200" percent="100" />
    </mem>
    <remembered-set count="135" />
  </mem-info>
</gc-end>
<cycle-end id="198" type="scavenge" contextid="191" timestamp="2019-06-15T03:59:55.447" />
  <attribute name="elasticGC enabled" value="1" />
  <attribute name= "numThreadsSpecified" value="4" />
  <attribute name="heapSize specified" value="8519680" />
  <attribute name="Current GC Util" value="42" />
  <attribute name= "Current Time Running" value="591" />
  <attribute name ="GC Interval" value="304" />
  <attribute name="ProportionalT" value="11.000000" />
  <attribute name="ProportionalI" value="11.000000" />
  <attribute name="ProportionalH" value="11.000000" />
  <attribute name="Current Error" value="22.000000" />
  <attribute name="IntegralT" value="286.000000" />
  <attribute name="IntegralI" value="286.000000" />
  <attribute name="IntegralH" value="286.000000" />
  <attribute name="DerivativeT" value="2.538462" />
  <attribute name="DerivativeI" value="2.538462" />
  <attribute name="DerivativeH" value="2.538462" />
  <attribute name="Loop Time for DT" value="13.000000" />
  <attribute name="Output H" value="8388608"/>
  <attribute name="Output I" value="304"/>
  <attribute name="Output T" value="4"/>
  <attribute name="Target GC Util Change" value ="20.000000" />
  <attribute name="Current GC Util Change" value="42.000000"/>
  <attribute name="GC Util currently" value="42" />
  <attribute name="CPU Util currently" value="372132031421" />
<allocation-satisfied id="199" threadId="0000000002310500" bytesRequested="196616" />
<af-end id="200" timestamp="2019-06-15T03:59:55.448" threadId="0000000002310E88" success="true" from="nursery"/>
<exclusive-end id="201" timestamp="2019-06-15T03:59:55.448" durationms="2.142" />

<exclusive-start id="202" timestamp="2019-06-15T03:59:55.515" intervalms="69.002">
  <response-info timems="0.058" idlems="0.058" threads="0" lastid="0000000002310500" lastname="Thread-5" />
</exclusive-start>
<af-start id="203" threadId="0000000002310E88" totalBytesRequested="8264" timestamp="2019-06-15T03:59:55.515" intervalms="69.022" type="nursery" />
<cycle-start id="204" type="scavenge" contextid="0" timestamp="2019-06-15T03:59:55.515" intervalms="69.029" />
<gc-start id="205" type="scavenge" contextid="204" timestamp="2019-06-15T03:59:55.515">
  <mem-info id="206" free="1941448" total="9175040" percent="21">
    <mem type="nursery" free="0" total="3014656" percent="0">
      <mem type="allocate" free="0" total="1900544" percent="0" />
      <mem type="survivor" free="0" total="1114112" percent="0" />
    </mem>
    <mem type="tenure" free="1941448" total="6160384" percent="31">
      <mem type="soa" free="1634248" total="5853184" percent="27" />
      <mem type="loa" free="307200" total="307200" percent="100" />
    </mem>
    <remembered-set count="135" />
  </mem-info>
</gc-start>
<allocation-stats totalBytes="1614248" >
  <allocated-bytes non-tlh="684096" tlh="930152" />
  <largest-consumer threadName="Thread-5" threadId="0000000002310500" bytes="1614248" />
</allocation-stats>
<gc-op id="207" type="scavenge" timems="0.628" contextid="204" timestamp="2019-06-15T03:59:55.516">
  <scavenger-info tenureage="1" tenuremask="7ffe" tiltratio="63" />
  <memory-copied type="nursery" objects="16" bytes="184664" bytesdiscarded="1976" />
  <memory-copied type="tenure" objects="4105" bytes="213184" bytesdiscarded="40" />
</gc-op>
<gc-end id="208" type="scavenge" contextid="204" durationms="0.950" usertimems="4.000" systemtimems="0.000" timestamp="2019-06-15T03:59:55.516" activeThreads="4">
  <mem-info id="209" free="3621552" total="9175040" percent="39">
    <mem type="nursery" free="1976048" total="3014656" percent="65">
      <mem type="allocate" free="1976048" total="2162688" percent="91" />
      <mem type="survivor" free="0" total="851968" percent="0" />
    </mem>
    <mem type="tenure" free="1645504" total="6160384" percent="26">
      <mem type="soa" free="1338304" total="5853184" percent="22" />
      <mem type="loa" free="307200" total="307200" percent="100" />
    </mem>
    <remembered-set count="107" />
  </mem-info>
</gc-end>
<cycle-end id="210" type="scavenge" contextid="204" timestamp="2019-06-15T03:59:55.516" />
  <attribute name="elasticGC enabled" value="1" />
  <attribute name= "numThreadsSpecified" value="4" />
  <attribute name="heapSize specified" value="8519680" />
  <attribute name="Current GC Util" value="2" />
  <attribute name= "Current Time Running" value="660" />
  <attribute name ="GC Interval" value="200" />
  <attribute name="ProportionalT" value="-9.000000" />
  <attribute name="ProportionalI" value="-9.000000" />
  <attribute name="ProportionalH" value="-9.000000" />
  <attribute name="Current Error" value="-18.000000" />
  <attribute name="IntegralT" value="-1242.000000" />
  <attribute name="IntegralI" value="-1242.000000" />
  <attribute name="IntegralH" value="-1242.000000" />
  <attribute name="DerivativeT" value="-0.869565" />
  <attribute name="DerivativeI" value="-0.869565" />
  <attribute name="DerivativeH" value="-0.869565" />
  <attribute name="Loop Time for DT" value="69.000000" />
  <attribute name="Output H" value="2092630016"/>
  <attribute name="Output I" value="200"/>
  <attribute name="Output T" value="4"/>
  <attribute name="Target GC Util Change" value ="20.000000" />
  <attribute name="Current GC Util Change" value="2.000000"/>
  <attribute name="GC Util currently" value="2" />
  <attribute name="CPU Util currently" value="18" />
<allocation-satisfied id="211" threadId="0000000002310500" bytesRequested="8264" />
<af-end id="212" timestamp="2019-06-15T03:59:55.516" threadId="0000000002310E88" success="true" from="nursery"/>
<exclusive-end id="213" timestamp="2019-06-15T03:59:55.517" durationms="1.834" />

<exclusive-start id="214" timestamp="2019-06-15T03:59:55.522" intervalms="6.913">
  <response-info timems="0.020" idlems="0.020" threads="0" lastid="0000000002310500" lastname="Thread-5" />
</exclusive-start>
<af-start id="215" threadId="0000000002310E88" totalBytesRequested="1160" timestamp="2019-06-15T03:59:55.522" intervalms="6.849" type="nursery" />
<cycle-start id="216" type="scavenge" contextid="0" timestamp="2019-06-15T03:59:55.522" intervalms="6.838" />
<gc-start id="217" type="scavenge" contextid="216" timestamp="2019-06-15T03:59:55.522">
  <mem-info id="218" free="1645504" total="9175040" percent="17">
    <mem type="nursery" free="0" total="3014656" percent="0">
      <mem type="allocate" free="0" total="2162688" percent="0" />
      <mem type="survivor" free="0" total="851968" percent="0" />
    </mem>
    <mem type="tenure" free="1645504" total="6160384" percent="26">
      <mem type="soa" free="1338304" total="5853184" percent="22" />
      <mem type="loa" free="307200" total="307200" percent="100" />
    </mem>
    <remembered-set count="107" />
  </mem-info>
</gc-start>
<allocation-stats totalBytes="1970976" >
  <allocated-bytes non-tlh="8264" tlh="1962712" />
  <largest-consumer threadName="Thread-5" threadId="0000000002310500" bytes="1970976" />
</allocation-stats>
<gc-op id="219" type="scavenge" timems="0.346" contextid="216" timestamp="2019-06-15T03:59:55.522">
  <scavenger-info tenureage="2" tenuremask="7ffc" tiltratio="71" />
  <memory-copied type="nursery" objects="35" bytes="148792" bytesdiscarded="1216" />
</gc-op>
<gc-end id="220" type="scavenge" contextid="216" durationms="0.611" usertimems="4.000" systemtimems="0.000" timestamp="2019-06-15T03:59:55.523" activeThreads="4">
  <mem-info id="221" free="3789256" total="9175040" percent="41">
    <mem type="nursery" free="2143752" total="3014656" percent="71">
      <mem type="allocate" free="2143752" total="2293760" percent="93" />
      <mem type="survivor" free="0" total="720896" percent="0" />
    </mem>
    <mem type="tenure" free="1645504" total="6160384" percent="26">
      <mem type="soa" free="1338304" total="5853184" percent="22" />
      <mem type="loa" free="307200" total="307200" percent="100" />
    </mem>
    <remembered-set count="105" />
  </mem-info>
</gc-end>
<cycle-end id="222" type="scavenge" contextid="216" timestamp="2019-06-15T03:59:55.523" />
  <attribute name="elasticGC enabled" value="1" />
  <attribute name= "numThreadsSpecified" value="4" />
  <attribute name="heapSize specified" value="8519680" />
  <attribute name="Current GC Util" value="18" />
  <attribute name= "Current Time Running" value="666" />
  <attribute name ="GC Interval" value="200" />
  <attribute name="ProportionalT" value="-1.000000" />
  <attribute name="ProportionalI" value="-1.000000" />
  <attribute name="ProportionalH" value="-1.000000" />
  <attribute name="Current Error" value="-2.000000" />
  <attribute name="IntegralT" value="-12.000000" />
  <attribute name="IntegralI" value="-12.000000" />
  <attribute name="IntegralH" value="-12.000000" />
  <attribute name="DerivativeT" value="-0.500000" />
  <attribute name="DerivativeI" value="-0.500000" />
  <attribute name="DerivativeH" value="-0.500000" />
  <attribute name="Loop Time for DT" value="6.000000" />
  <attribute name="Output H" value="2092630016"/>
  <attribute name="Output I" value="200"/>
  <attribute name="Output T" value="4"/>
  <attribute name="Target GC Util Change" value ="20.000000" />
  <attribute name="Current GC Util Change" value="18.000000"/>
  <attribute name="GC Util currently" value="18" />
  <attribute name="CPU Util currently" value="685070247795" />
<allocation-satisfied id="223" threadId="0000000002310500" bytesRequested="1160" />
<af-end id="224" timestamp="2019-06-15T03:59:55.523" threadId="0000000002310E88" success="true" from="nursery"/>
<exclusive-end id="225" timestamp="2019-06-15T03:59:55.523" durationms="1.334" />

<exclusive-start id="226" timestamp="2019-06-15T03:59:55.529" intervalms="7.126">
  <response-info timems="0.024" idlems="0.024" threads="0" lastid="0000000002310500" lastname="Thread-5" />
</exclusive-start>
<af-start id="227" threadId="0000000002310E88" totalBytesRequested="440" timestamp="2019-06-15T03:59:55.529" intervalms="7.136" type="nursery" />
<cycle-start id="228" type="scavenge" contextid="0" timestamp="2019-06-15T03:59:55.529" intervalms="7.103" />
<gc-start id="229" type="scavenge" contextid="228" timestamp="2019-06-15T03:59:55.529">
  <mem-info id="230" free="1645504" total="9175040" percent="17">
    <mem type="nursery" free="0" total="3014656" percent="0">
      <mem type="allocate" free="0" total="2293760" percent="0" />
      <mem type="survivor" free="0" total="720896" percent="0" />
    </mem>
    <mem type="tenure" free="1645504" total="6160384" percent="26">
      <mem type="soa" free="1338304" total="5853184" percent="22" />
      <mem type="loa" free="307200" total="307200" percent="100" />
    </mem>
    <remembered-set count="105" />
  </mem-info>
</gc-start>
<allocation-stats totalBytes="2138848" >
  <allocated-bytes non-tlh="70896" tlh="2067952" />
  <largest-consumer threadName="Thread-5" threadId="0000000002310500" bytes="2138848" />
</allocation-stats>
<gc-op id="231" type="scavenge" timems="0.345" contextid="228" timestamp="2019-06-15T03:59:55.529">
  <scavenger-info tenureage="3" tenuremask="7ff8" tiltratio="76" />
  <memory-copied type="nursery" objects="49" bytes="145864" bytesdiscarded="32776" />
</gc-op>
<gc-end id="232" type="scavenge" contextid="228" durationms="0.527" usertimems="0.000" systemtimems="0.000" timestamp="2019-06-15T03:59:55.530" activeThreads="4">
  <mem-info id="233" free="3826160" total="9175040" percent="41">
    <mem type="nursery" free="2180656" total="3014656" percent="72">
      <mem type="allocate" free="2180656" total="2359296" percent="92" />
      <mem type="survivor" free="0" total="655360" percent="0" />
    </mem>
    <mem type="tenure" free="1645504" total="6160384" percent="26">
      <mem type="soa" free="1338304" total="5853184" percent="22" />
      <mem type="loa" free="307200" total="307200" percent="100" />
    </mem>
    <remembered-set count="105" />
  </mem-info>
</gc-end>
<cycle-end id="234" type="scavenge" contextid="228" timestamp="2019-06-15T03:59:55.530" />
  <attribute name="elasticGC enabled" value="1" />
  <attribute name= "numThreadsSpecified" value="4" />
  <attribute name="heapSize specified" value="8519680" />
  <attribute name="Current GC Util" value="10" />
  <attribute name= "Current Time Running" value="673" />
  <attribute name ="GC Interval" value="200" />
  <attribute name="ProportionalT" value="-5.000000" />
  <attribute name="ProportionalI" value="-5.000000" />
  <attribute name="ProportionalH" value="-5.000000" />
  <attribute name="Current Error" value="-10.000000" />
  <attribute name="IntegralT" value="-70.000000" />
  <attribute name="IntegralI" value="-70.000000" />
  <attribute name="IntegralH" value="-70.000000" />
  <attribute name="DerivativeT" value="-2.142857" />
  <attribute name="DerivativeI" value="-2.142857" />
  <attribute name="DerivativeH" value="-2.142857" />
  <attribute name="Loop Time for DT" value="7.000000" />
  <attribute name="Output H" value="2092630016"/>
  <attribute name="Output I" value="200"/>
  <attribute name="Output T" value="4"/>
  <attribute name="Target GC Util Change" value ="20.000000" />
  <attribute name="Current GC Util Change" value="10.000000"/>
  <attribute name="GC Util currently" value="10" />
  <attribute name="CPU Util currently" value="659999533113" />
<allocation-satisfied id="235" threadId="0000000002310500" bytesRequested="440" />
<af-end id="236" timestamp="2019-06-15T03:59:55.530" threadId="0000000002310E88" success="true" from="nursery"/>
<exclusive-end id="237" timestamp="2019-06-15T03:59:55.530" durationms="1.091" />

<exclusive-start id="238" timestamp="2019-06-15T03:59:55.573" intervalms="44.712">
  <response-info timems="0.081" idlems="0.081" threads="0" lastid="000000000230C900" lastname="Thread-10" />
</exclusive-start>
<af-start id="239" threadId="000000000230D288" totalBytesRequested="48" timestamp="2019-06-15T03:59:55.574" intervalms="44.767" type="nursery" />
<cycle-start id="240" type="scavenge" contextid="0" timestamp="2019-06-15T03:59:55.574" intervalms="44.772" />
<gc-start id="241" type="scavenge" contextid="240" timestamp="2019-06-15T03:59:55.574">
  <mem-info id="242" free="1639680" total="9175040" percent="17">
    <mem type="nursery" free="0" total="3014656" percent="0">
      <mem type="allocate" free="0" total="2359296" percent="0" />
      <mem type="survivor" free="0" total="655360" percent="0" />
    </mem>
    <mem type="tenure" free="1639680" total="6160384" percent="26">
      <mem type="soa" free="1332480" total="5853184" percent="22" />
      <mem type="loa" free="307200" total="307200" percent="100" />
    </mem>
    <remembered-set count="194" />
  </mem-info>
</gc-start>
<allocation-stats totalBytes="2183392" >
  <allocated-bytes non-tlh="447240" tlh="1736152" />
  <largest-consumer threadName="Thread-9" threadId="0000000002310500" bytes="560696" />
</allocation-stats>
<gc-op id="243" type="scavenge" timems="0.929" contextid="240" timestamp="2019-06-15T03:59:55.575">
  <scavenger-info tenureage="4" tenuremask="7ff0" tiltratio="78" />
  <memory-copied type="nursery" objects="6689" bytes="655184" bytesdiscarded="136" />
  <memory-copied type="tenure" objects="13656" bytes="706496" bytesdiscarded="40" />
  <copy-failed type="nursery" objects="13656" bytes="706496" />
</gc-op>
<gc-end id="244" type="scavenge" contextid="240" durationms="1.261" usertimems="4.000" systemtimems="0.000" timestamp="2019-06-15T03:59:55.575" activeThreads="4">
  <mem-info id="245" free="1703680" total="9175040" percent="18">
    <mem type="nursery" free="851968" total="3014656" percent="28">
      <mem type="allocate" free="851968" total="1507328" percent="56" />
      <mem type="survivor" free="0" total="1507328" percent="0" />
    </mem>
    <mem type="tenure" free="851712" total="6160384" percent="13">
      <mem type="soa" free="544512" total="5853184" percent="9" />
      <mem type="loa" free="307200" total="307200" percent="100" />
    </mem>
    <remembered-set count="189" />
  </mem-info>
</gc-end>
<cycle-end id="246" type="scavenge" contextid="240" timestamp="2019-06-15T03:59:55.575" />
  <attribute name="elasticGC enabled" value="1" />
  <attribute name= "numThreadsSpecified" value="4" />
  <attribute name="heapSize specified" value="8519680" />
  <attribute name="Current GC Util" value="1" />
  <attribute name= "Current Time Running" value="718" />
  <attribute name ="GC Interval" value="200" />
  <attribute name="ProportionalT" value="-9.500000" />
  <attribute name="ProportionalI" value="-9.500000" />
  <attribute name="ProportionalH" value="-9.500000" />
  <attribute name="Current Error" value="-19.000000" />
  <attribute name="IntegralT" value="-855.000000" />
  <attribute name="IntegralI" value="-855.000000" />
  <attribute name="IntegralH" value="-855.000000" />
  <attribute name="DerivativeT" value="-0.633333" />
  <attribute name="DerivativeI" value="-0.633333" />
  <attribute name="DerivativeH" value="-0.633333" />
  <attribute name="Loop Time for DT" value="45.000000" />
  <attribute name="Output H" value="2092630016"/>
  <attribute name="Output I" value="200"/>
  <attribute name="Output T" value="4"/>
  <attribute name="Target GC Util Change" value ="20.000000" />
  <attribute name="Current GC Util Change" value="1.000000"/>
  <attribute name="GC Util currently" value="1" />
  <attribute name="CPU Util currently" value="21" />
<allocation-satisfied id="247" threadId="000000000230C900" bytesRequested="48" />
<af-end id="248" timestamp="2019-06-15T03:59:55.575" threadId="000000000230D288" success="true" from="nursery"/>
<exclusive-end id="249" timestamp="2019-06-15T03:59:55.575" durationms="1.939" />

<concurrent-kickoff id="250" timestamp="2019-06-15T03:59:55.594">
  <kickoff reason="threshold reached" targetBytes="1828401" thresholdFreeBytes="252890"  remainingFree="237520" tenureFreeBytes="851712" nurseryFreeBytes="237520" />
</concurrent-kickoff>
<exclusive-start id="251" timestamp="2019-06-15T03:59:55.596" intervalms="22.443">
  <response-info timems="1.673" idlems="0.895" threads="1" lastid="0000000002308D00" lastname="Thread-8" />
</exclusive-start>
<cycle-start id="252" type="global" contextid="0" timestamp="2019-06-15T03:59:55.596" intervalms="345.657" />
<exclusive-end id="253" timestamp="2019-06-15T03:59:55.596" durationms="0.308" />

<exclusive-start id="254" timestamp="2019-06-15T03:59:55.608" intervalms="11.608">
  <response-info timems="0.092" idlems="0.049" threads="1" lastid="000000000230C900" lastname="Thread-10" />
</exclusive-start>
<af-start id="255" threadId="0000000002314A88" totalBytesRequested="40" timestamp="2019-06-15T03:59:55.608" intervalms="34.075" type="nursery" />
<cycle-start id="256" type="scavenge" contextid="0" timestamp="2019-06-15T03:59:55.608" intervalms="34.173" />
<gc-start id="257" type="scavenge" contextid="256" timestamp="2019-06-15T03:59:55.608">
  <mem-info id="258" free="851712" total="9175040" percent="9">
    <mem type="nursery" free="0" total="3014656" percent="0">
      <mem type="allocate" free="0" total="1507328" percent="0" />
      <mem type="survivor" free="0" total="1507328" percent="0" />
    </mem>
    <mem type="tenure" free="851712" total="6160384" percent="13">
      <mem type="soa" free="544512" total="5853184" percent="9" />
      <mem type="loa" free="307200" total="307200" percent="100" />
    </mem>
    <remembered-set count="250" />
  </mem-info>
</gc-start>
<allocation-stats totalBytes="851640" >
  <allocated-bytes non-tlh="48" tlh="851592" />
  <largest-consumer threadName="Thread-10" threadId="000000000230C900" bytes="311200" />
</allocation-stats>
<gc-op id="259" type="scavenge" timems="1.431" contextid="256" timestamp="2019-06-15T03:59:55.610">
  <scavenger-info tenureage="3" tenuremask="7ff8" tiltratio="50" />
  <memory-copied type="nursery" objects="6886" bytes="660656" bytesdiscarded="59376" />
</gc-op>
<gc-end id="260" type="scavenge" contextid="256" durationms="1.831" usertimems="0.000" systemtimems="0.000" timestamp="2019-06-15T03:59:55.610" activeThreads="4">
  <mem-info id="261" free="1638968" total="9175040" percent="17">
    <mem type="nursery" free="787256" total="3014656" percent="26">
      <mem type="allocate" free="787256" total="1507328" percent="52" />
      <mem type="survivor" free="0" total="1507328" percent="0" />
    </mem>
    <mem type="tenure" free="851712" total="6160384" percent="13">
      <mem type="soa" free="544512" total="5853184" percent="9" />
      <mem type="loa" free="307200" total="307200" percent="100" />
    </mem>
    <remembered-set count="212" />
  </mem-info>
</gc-end>
<cycle-end id="262" type="scavenge" contextid="256" timestamp="2019-06-15T03:59:55.610" />
  <attribute name="elasticGC enabled" value="1" />
  <attribute name= "numThreadsSpecified" value="4" />
  <attribute name="heapSize specified" value="8519680" />
  <attribute name="Current GC Util" value="8" />
  <attribute name= "Current Time Running" value="753" />
  <attribute name ="GC Interval" value="200" />
  <attribute name="ProportionalT" value="-6.000000" />
  <attribute name="ProportionalI" value="-6.000000" />
  <attribute name="ProportionalH" value="-6.000000" />
  <attribute name="Current Error" value="-12.000000" />
  <attribute name="IntegralT" value="-420.000000" />
  <attribute name="IntegralI" value="-420.000000" />
  <attribute name="IntegralH" value="-420.000000" />
  <attribute name="DerivativeT" value="-0.514286" />
  <attribute name="DerivativeI" value="-0.514286" />
  <attribute name="DerivativeH" value="-0.514286" />
  <attribute name="Loop Time for DT" value="35.000000" />
  <attribute name="Output H" value="2092630016"/>
  <attribute name="Output I" value="200"/>
  <attribute name="Output T" value="4"/>
  <attribute name="Target GC Util Change" value ="20.000000" />
  <attribute name="Current GC Util Change" value="8.000000"/>
  <attribute name="GC Util currently" value="8" />
  <attribute name="CPU Util currently" value="134765951779" />
<allocation-satisfied id="263" threadId="0000000002314100" bytesRequested="40" />
<af-end id="264" timestamp="2019-06-15T03:59:55.610" threadId="0000000002314A88" success="true" from="nursery"/>
<exclusive-end id="265" timestamp="2019-06-15T03:59:55.610" durationms="2.877" />

<exclusive-start id="266" timestamp="2019-06-15T03:59:55.615" intervalms="7.420">
  <response-info timems="0.208" idlems="0.208" threads="0" lastid="0000000002310500" lastname="Thread-9" />
</exclusive-start>
<concurrent-collection-start id="267" timestamp="2019-06-15T03:59:55.615" intervalms="870.768" >
  <concurrent-trace-info reason="card cleaning threshold reached" tracedByMutators="213616" tracedByHelpers="964000" cardsCleaned="18" workStackOverflowCount="0" />
</concurrent-collection-start>
<gc-start id="268" type="global" contextid="252" timestamp="2019-06-15T03:59:55.615">
  <mem-info id="269" free="1438224" total="9175040" percent="15">
    <mem type="nursery" free="586512" total="3014656" percent="19">
      <mem type="allocate" free="586512" total="1507328" percent="38" />
      <mem type="survivor" free="0" total="1507328" percent="0" />
    </mem>
    <mem type="tenure" free="851712" total="6160384" percent="13">
      <mem type="soa" free="544512" total="5853184" percent="9" />
      <mem type="loa" free="307200" total="307200" percent="100" />
    </mem>
    <remembered-set count="213" />
  </mem-info>
</gc-start>
<allocation-stats totalBytes="200696" >
  <allocated-bytes non-tlh="40" tlh="200656" />
  <largest-consumer threadName="Thread-10" threadId="000000000230C900" bytes="61432" />
</allocation-stats>
<gc-op id="270" type="rs-scan" timems="0.605" contextid="252" timestamp="2019-06-15T03:59:55.616">
  <scan objectsFound="127" bytesTraced="6412" workStackOverflowCount="0" />
</gc-op>
<gc-op id="271" type="card-cleaning" timems="0.535" contextid="252" timestamp="2019-06-15T03:59:55.617">
  <card-cleaning cardsCleaned="1" bytesTraced="16032" workStackOverflowCount="0" />
</gc-op>
<gc-op id="272" type="mark" timems="1.363" contextid="252" timestamp="2019-06-15T03:59:55.618">
  <trace-info objectcount="20352" scancount="20316" scanbytes="1040616" />
  <finalization candidates="124" enqueued="0" />
  <ownableSynchronizers candidates="3" cleared="0" />
  <references type="soft" candidates="148" cleared="0" enqueued="0" dynamicThreshold="25" maxThreshold="32" />
  <references type="weak" candidates="695" cleared="2" enqueued="1" />
  <references type="phantom" candidates="39" cleared="2" enqueued="2" />
  <stringconstants candidates="4597" cleared="1"  />
</gc-op>
<gc-op id="273" type="sweep" timems="0.694" contextid="252" timestamp="2019-06-15T03:59:55.619" />
<mem-info id="274" free="3470848" total="9175040" percent="37">
  <mem type="nursery" free="838072" total="3014656" percent="27">
    <mem type="allocate" free="838072" total="1507328" percent="55" />
    <mem type="survivor" free="0" total="1507328" percent="0" />
  </mem>
  <mem type="tenure" free="2632776" total="6160384" percent="42" micro-fragmented="5651" macro-fragmented="0">
    <mem type="soa" free="2325576" total="5853184" percent="39" />
    <mem type="loa" free="307200" total="307200" percent="100" />
  </mem>
  <pending-finalizers system="0" default="0" reference="3" classloader="0" />
  <remembered-set count="212" />
</mem-info>
<gc-op id="275" type="compact" timems="9.463" contextid="252" timestamp="2019-06-15T03:59:55.629">
  <compact-info movecount="58050" movebytes="3932216" reason="compact to aid heap contraction" />
</gc-op>
<heap-resize id="276" type="contract" space="tenure" amount="262144" count="1" timems="0.074" reason="heap reconfiguration" timestamp="2019-06-15T03:59:55.629" />
<gc-end id="277" type="global" contextid="252" durationms="14.395" usertimems="20.000" systemtimems="0.000" timestamp="2019-06-15T03:59:55.630" activeThreads="4">
  <mem-info id="278" free="3179248" total="8912896" percent="35">
    <mem type="nursery" free="846784" total="3014656" percent="28">
      <mem type="allocate" free="846784" total="1507328" percent="56" />
      <mem type="survivor" free="0" total="1507328" percent="0" />
    </mem>
    <mem type="tenure" free="2332464" total="5898240" percent="39">
      <mem type="soa" free="2082608" total="5603328" percent="37" />
      <mem type="loa" free="249856" total="294912" percent="84" />
    </mem>
    <pending-finalizers system="0" default="0" reference="3" classloader="0" />
    <remembered-set count="212" />
  </mem-info>
</gc-end>
<cycle-end id="279" type="global" contextid="252" timestamp="2019-06-15T03:59:55.630" />
  <attribute name="elasticGC enabled" value="1" />
  <attribute name= "numThreadsSpecified" value="4" />
  <attribute name="heapSize specified" value="9175040" />
  <attribute name="Current GC Util" value="56" />
  <attribute name= "Current Time Running" value="773" />
  <attribute name ="GC Interval" value="200" />
  <attribute name="ProportionalT" value="18.000000" />
  <attribute name="ProportionalI" value="18.000000" />
  <attribute name="ProportionalH" value="18.000000" />
  <attribute name="Current Error" value="36.000000" />
  <attribute name="IntegralT" value="324.000000" />
  <attribute name="IntegralI" value="324.000000" />
  <attribute name="IntegralH" value="324.000000" />
  <attribute name="DerivativeT" value="-8.000000" />
  <attribute name="DerivativeI" value="-8.000000" />
  <attribute name="DerivativeH" value="-8.000000" />
  <attribute name="Loop Time for DT" value="9.000000" />
  <attribute name="Output H" value="8388608"/>
  <attribute name="Output I" value="336"/>
  <attribute name="Output T" value="4"/>
  <attribute name="Target GC Util Change" value ="20.000000" />
  <attribute name="Current GC Util Change" value="56.000000"/>
  <attribute name="GC Util currently" value="56" />
  <attribute name="CPU Util currently" value="478886243355" />
<concurrent-collection-end id="280" timestamp="2019-06-15T03:59:55.630" />
<exclusive-end id="281" timestamp="2019-06-15T03:59:55.630" durationms="15.077" />

<exclusive-start id="282" timestamp="2019-06-15T03:59:55.657" intervalms="41.592">
  <response-info timems="0.296" idlems="0.192" threads="2" lastid="0000000002308D00" lastname="Thread-8" />
</exclusive-start>
<af-start id="283" threadId="0000000002314A88" totalBytesRequested="24" timestamp="2019-06-15T03:59:55.657" intervalms="49.049" type="nursery" />
<cycle-start id="284" type="scavenge" contextid="0" timestamp="2019-06-15T03:59:55.657" intervalms="49.062" />
<gc-start id="285" type="scavenge" contextid="284" timestamp="2019-06-15T03:59:55.657">
  <mem-info id="286" free="2332464" total="8912896" percent="26">
    <mem type="nursery" free="0" total="3014656" percent="0">
      <mem type="allocate" free="0" total="1507328" percent="0" />
      <mem type="survivor" free="0" total="1507328" percent="0" />
    </mem>
    <mem type="tenure" free="2332464" total="5898240" percent="39">
      <mem type="soa" free="2082608" total="5603328" percent="37" />
      <mem type="loa" free="249856" total="294912" percent="84" />
    </mem>
    <remembered-set count="336" />
  </mem-info>
</gc-start>
<allocation-stats totalBytes="846320" >
  <allocated-bytes non-tlh="0" tlh="846320" />
  <largest-consumer threadName="Thread-10" threadId="000000000230C900" bytes="331592" />
</allocation-stats>
<gc-op id="287" type="scavenge" timems="2.389" contextid="284" timestamp="2019-06-15T03:59:55.660">
  <scavenger-info tenureage="2" tenuremask="7ffc" tiltratio="50" />
  <memory-copied type="nursery" objects="625" bytes="17000" bytesdiscarded="100504" />
  <memory-copied type="tenure" objects="6481" bytes="648440" bytesdiscarded="40" />
  <ownableSynchronizers candidates="6" cleared="6" />
</gc-op>
<gc-end id="288" type="scavenge" contextid="284" durationms="2.839" usertimems="4.000" systemtimems="0.000" timestamp="2019-06-15T03:59:55.660" activeThreads="4">
  <mem-info id="289" free="2941568" total="8912896" percent="33">
    <mem type="nursery" free="1389824" total="3014656" percent="46">
      <mem type="allocate" free="1389824" total="1507328" percent="92" />
      <mem type="survivor" free="0" total="1507328" percent="0" />
    </mem>
    <mem type="tenure" free="1551744" total="5898240" percent="26">
      <mem type="soa" free="1301888" total="5603328" percent="23" />
      <mem type="loa" free="249856" total="294912" percent="84" />
    </mem>
    <remembered-set count="452" />
  </mem-info>
</gc-end>
<cycle-end id="290" type="scavenge" contextid="284" timestamp="2019-06-15T03:59:55.660" />
  <attribute name="elasticGC enabled" value="1" />
  <attribute name= "numThreadsSpecified" value="4" />
  <attribute name="heapSize specified" value="9175040" />
  <attribute name="Current GC Util" value="35" />
  <attribute name= "Current Time Running" value="802" />
  <attribute name ="GC Interval" value="448" />
  <attribute name="ProportionalT" value="7.500000" />
  <attribute name="ProportionalI" value="7.500000" />
  <attribute name="ProportionalH" value="7.500000" />
  <attribute name="Current Error" value="15.000000" />
  <attribute name="IntegralT" value="435.000000" />
  <attribute name="IntegralI" value="435.000000" />
  <attribute name="IntegralH" value="435.000000" />
  <attribute name="DerivativeT" value="-1.086207" />
  <attribute name="DerivativeI" value="-1.086207" />
  <attribute name="DerivativeH" value="-1.086207" />
  <attribute name="Loop Time for DT" value="29.000000" />
  <attribute name="Output H" value="8388608"/>
  <attribute name="Output I" value="448"/>
  <attribute name="Output T" value="4"/>
  <attribute name="Target GC Util Change" value ="20.000000" />
  <attribute name="Current GC Util Change" value="35.000000"/>
  <attribute name="GC Util currently" value="35" />
  <attribute name="CPU Util currently" value="12" />
<allocation-satisfied id="291" threadId="0000000002314100" bytesRequested="24" />
<af-end id="292" timestamp="2019-06-15T03:59:55.660" threadId="0000000002314A88" success="true" from="nursery"/>
<exclusive-end id="293" timestamp="2019-06-15T03:59:55.661" durationms="4.007" />

<exclusive-start id="294" timestamp="2019-06-15T03:59:55.669" intervalms="12.719">
  <response-info timems="0.037" idlems="0.020" threads="1" lastid="000000000230C900" lastname="Thread-10" />
</exclusive-start>
<af-start id="295" threadId="0000000002314A88" totalBytesRequested="40" timestamp="2019-06-15T03:59:55.669" intervalms="12.600" type="nursery" />
<cycle-start id="296" type="scavenge" contextid="0" timestamp="2019-06-15T03:59:55.669" intervalms="12.482" />
<gc-start id="297" type="scavenge" contextid="296" timestamp="2019-06-15T03:59:55.670">
  <mem-info id="298" free="1551744" total="8912896" percent="17">
    <mem type="nursery" free="0" total="3014656" percent="0">
      <mem type="allocate" free="0" total="1507328" percent="0" />
      <mem type="survivor" free="0" total="1507328" percent="0" />
    </mem>
    <mem type="tenure" free="1551744" total="5898240" percent="26">
      <mem type="soa" free="1301888" total="5603328" percent="23" />
      <mem type="loa" free="249856" total="294912" percent="84" />
    </mem>
    <remembered-set count="779" />
  </mem-info>
</gc-start>
<allocation-stats totalBytes="1389392" >
  <allocated-bytes non-tlh="24" tlh="1389368" />
  <largest-consumer threadName="Thread-9" threadId="0000000002310500" bytes="450416" />
</allocation-stats>
<gc-op id="299" type="scavenge" timems="2.213" contextid="296" timestamp="2019-06-15T03:59:55.672">
  <scavenger-info tenureage="3" tenuremask="7ff8" tiltratio="50" />
  <memory-copied type="nursery" objects="922" bytes="24000" bytesdiscarded="93504" />
</gc-op>
<heap-resize id="300" type="expand" space="nursery" amount="262144" count="1" timems="0.016" reason="excessive time being spent scavenging" timestamp="2019-06-15T03:59:55.672" />
<gc-end id="301" type="scavenge" contextid="296" durationms="2.802" usertimems="4.000" systemtimems="0.000" timestamp="2019-06-15T03:59:55.672" activeThreads="4">
  <mem-info id="302" free="3072640" total="9175040" percent="33">
    <mem type="nursery" free="1520896" total="3276800" percent="46">
      <mem type="allocate" free="1520896" total="1638400" percent="92" />
      <mem type="survivor" free="0" total="1638400" percent="0" />
    </mem>
    <mem type="tenure" free="1551744" total="5898240" percent="26">
      <mem type="soa" free="1301888" total="5603328" percent="23" />
      <mem type="loa" free="249856" total="294912" percent="84" />
    </mem>
    <remembered-set count="779" />
  </mem-info>
</gc-end>
<cycle-end id="303" type="scavenge" contextid="296" timestamp="2019-06-15T03:59:55.673" />
  <attribute name="elasticGC enabled" value="1" />
  <attribute name= "numThreadsSpecified" value="4" />
  <attribute name="heapSize specified" value="9175040" />
  <attribute name="Current GC Util" value="30" />
  <attribute name= "Current Time Running" value="814" />
  <attribute name ="GC Interval" value="200" />
  <attribute name="ProportionalT" value="5.000000" />
  <attribute name="ProportionalI" value="5.000000" />
  <attribute name="ProportionalH" value="5.000000" />
  <attribute name="Current Error" value="10.000000" />
  <attribute name="IntegralT" value="120.000000" />
  <attribute name="IntegralI" value="120.000000" />
  <attribute name="IntegralH" value="120.000000" />
  <attribute name="DerivativeT" value="-0.625000" />
  <attribute name="DerivativeI" value="-0.625000" />
  <attribute name="DerivativeH" value="-0.625000" />
  <attribute name="Loop Time for DT" value="12.000000" />
  <attribute name="Output H" value="8388608"/>
  <attribute name="Output I" value="200"/>
  <attribute name="Output T" value="4"/>
  <attribute name="Target GC Util Change" value ="20.000000" />
  <attribute name="Current GC Util Change" value="30.000000"/>
  <attribute name="GC Util currently" value="30" />
  <attribute name="CPU Util currently" value="370644829075" />
<allocation-satisfied id="304" threadId="0000000002314100" bytesRequested="40" />
<af-end id="305" timestamp="2019-06-15T03:59:55.673" threadId="0000000002314A88" success="true" from="nursery"/>
<exclusive-end id="306" timestamp="2019-06-15T03:59:55.673" durationms="3.575" />

<exclusive-start id="307" timestamp="2019-06-15T03:59:55.688" intervalms="19.085">
  <response-info timems="0.060" idlems="0.033" threads="2" lastid="0000000001FBEF00" lastname="JIT Compilation Thread-1" />
</exclusive-start>
<af-start id="308" threadId="000000000230D288" totalBytesRequested="40" timestamp="2019-06-15T03:59:55.689" intervalms="19.149" type="nursery" />
<cycle-start id="309" type="scavenge" contextid="0" timestamp="2019-06-15T03:59:55.689" intervalms="19.155" />
<gc-start id="310" type="scavenge" contextid="309" timestamp="2019-06-15T03:59:55.689">
  <mem-info id="311" free="1551744" total="9175040" percent="16">
    <mem type="nursery" free="0" total="3276800" percent="0">
      <mem type="allocate" free="0" total="1638400" percent="0" />
      <mem type="survivor" free="0" total="1638400" percent="0" />
    </mem>
    <mem type="tenure" free="1551744" total="5898240" percent="26">
      <mem type="soa" free="1301888" total="5603328" percent="23" />
      <mem type="loa" free="249856" total="294912" percent="84" />
    </mem>
    <remembered-set count="1124" />
  </mem-info>
</gc-start>
<allocation-stats totalBytes="1520440" >
  <allocated-bytes non-tlh="40" tlh="1520400" />
  <largest-consumer threadName="Thread-10" threadId="000000000230C900" bytes="540472" />
</allocation-stats>
<gc-op id="312" type="scavenge" timems="2.274" contextid="309" timestamp="2019-06-15T03:59:55.691">
  <scavenger-info tenureage="3" tenuremask="fff8" tiltratio="50" />
  <memory-copied type="nursery" objects="1055" bytes="26456" bytesdiscarded="91048" />
  <memory-copied type="tenure" objects="202" bytes="5568" bytesdiscarded="0" />
</gc-op>
<heap-resize id="313" type="expand" space="nursery" amount="262144" count="1" timems="0.049" reason="excessive time being spent scavenging" timestamp="2019-06-15T03:59:55.691" />
<gc-end id="314" type="scavenge" contextid="309" durationms="2.725" usertimems="4.000" systemtimems="0.000" timestamp="2019-06-15T03:59:55.691" activeThreads="4">
  <mem-info id="315" free="3361152" total="9437184" percent="35">
    <mem type="nursery" free="1848576" total="3538944" percent="52">
      <mem type="allocate" free="1848576" total="1966080" percent="94" />
      <mem type="survivor" free="0" total="1572864" percent="0" />
    </mem>
    <mem type="tenure" free="1512576" total="5898240" percent="25">
      <mem type="soa" free="1262720" total="5603328" percent="22" />
      <mem type="loa" free="249856" total="294912" percent="84" />
    </mem>
    <remembered-set count="945" />
  </mem-info>
</gc-end>
<cycle-end id="316" type="scavenge" contextid="309" timestamp="2019-06-15T03:59:55.692" />
  <attribute name="elasticGC enabled" value="1" />
  <attribute name= "numThreadsSpecified" value="4" />
  <attribute name="heapSize specified" value="9175040" />
  <attribute name="Current GC Util" value="15" />
  <attribute name= "Current Time Running" value="833" />
  <attribute name ="GC Interval" value="200" />
  <attribute name="ProportionalT" value="-2.500000" />
  <attribute name="ProportionalI" value="-2.500000" />
  <attribute name="ProportionalH" value="-2.500000" />
  <attribute name="Current Error" value="-5.000000" />
  <attribute name="IntegralT" value="-95.000000" />
  <attribute name="IntegralI" value="-95.000000" />
  <attribute name="IntegralH" value="-95.000000" />
  <attribute name="DerivativeT" value="-1.184211" />
  <attribute name="DerivativeI" value="-1.184211" />
  <attribute name="DerivativeH" value="-1.184211" />
  <attribute name="Loop Time for DT" value="19.000000" />
  <attribute name="Output H" value="2092630016"/>
  <attribute name="Output I" value="200"/>
  <attribute name="Output T" value="4"/>
  <attribute name="Target GC Util Change" value ="20.000000" />
  <attribute name="Current GC Util Change" value="15.000000"/>
  <attribute name="GC Util currently" value="15" />
  <attribute name="CPU Util currently" value="241853627876" />
<allocation-satisfied id="317" threadId="000000000230C900" bytesRequested="40" />
<af-end id="318" timestamp="2019-06-15T03:59:55.692" threadId="000000000230D288" success="true" from="nursery"/>
<exclusive-end id="319" timestamp="2019-06-15T03:59:55.692" durationms="3.664" />

<exclusive-start id="320" timestamp="2019-06-15T03:59:55.698" intervalms="9.225">
  <response-info timems="0.040" idlems="0.022" threads="1" lastid="000000000230C900" lastname="Thread-10" />
</exclusive-start>
<af-start id="321" threadId="0000000002314A88" totalBytesRequested="24" timestamp="2019-06-15T03:59:55.698" intervalms="9.103" type="nursery" />
<cycle-start id="322" type="scavenge" contextid="0" timestamp="2019-06-15T03:59:55.698" intervalms="9.060" />
<gc-start id="323" type="scavenge" contextid="322" timestamp="2019-06-15T03:59:55.698">
  <mem-info id="324" free="1512576" total="9437184" percent="16">
    <mem type="nursery" free="0" total="3538944" percent="0">
      <mem type="allocate" free="0" total="1966080" percent="0" />
      <mem type="survivor" free="0" total="1572864" percent="0" />
    </mem>
    <mem type="tenure" free="1512576" total="5898240" percent="25">
      <mem type="soa" free="1262720" total="5603328" percent="22" />
      <mem type="loa" free="249856" total="294912" percent="84" />
    </mem>
    <remembered-set count="1492" />
  </mem-info>
</gc-start>
<allocation-stats totalBytes="1847920" >
  <allocated-bytes non-tlh="40" tlh="1847880" />
  <largest-consumer threadName="Thread-8" threadId="0000000002308D00" bytes="585472" />
</allocation-stats>
<gc-op id="325" type="scavenge" timems="2.239" contextid="322" timestamp="2019-06-15T03:59:55.700">
  <scavenger-info tenureage="3" tenuremask="ffe8" tiltratio="55" />
  <memory-copied type="nursery" objects="1318" bytes="32248" bytesdiscarded="85256" />
  <memory-copied type="tenure" objects="184" bytes="4416" bytesdiscarded="0" />
</gc-op>
<heap-resize id="326" type="expand" space="nursery" amount="524288" count="1" timems="0.022" reason="excessive time being spent scavenging" timestamp="2019-06-15T03:59:55.700" />
<gc-end id="327" type="scavenge" contextid="322" durationms="2.571" usertimems="8.000" systemtimems="0.000" timestamp="2019-06-15T03:59:55.700" activeThreads="4">
  <mem-info id="328" free="4016512" total="9961472" percent="40">
    <mem type="nursery" free="2503936" total="4063232" percent="61">
      <mem type="allocate" free="2503936" total="2621440" percent="95" />
      <mem type="survivor" free="0" total="1441792" percent="0" />
    </mem>
    <mem type="tenure" free="1512576" total="5898240" percent="25">
      <mem type="soa" free="1262720" total="5603328" percent="22" />
      <mem type="loa" free="249856" total="294912" percent="84" />
    </mem>
    <remembered-set count="1308" />
  </mem-info>
</gc-end>
<cycle-end id="329" type="scavenge" contextid="322" timestamp="2019-06-15T03:59:55.700" />
  <attribute name="elasticGC enabled" value="1" />
  <attribute name= "numThreadsSpecified" value="4" />
  <attribute name="heapSize specified" value="9175040" />
  <attribute name="Current GC Util" value="43" />
  <attribute name= "Current Time Running" value="842" />
  <attribute name ="GC Interval" value="224" />
  <attribute name="ProportionalT" value="11.500000" />
  <attribute name="ProportionalI" value="11.500000" />
  <attribute name="ProportionalH" value="11.500000" />
  <attribute name="Current Error" value="23.000000" />
  <attribute name="IntegralT" value="207.000000" />
  <attribute name="IntegralI" value="207.000000" />
  <attribute name="IntegralH" value="207.000000" />
  <attribute name="DerivativeT" value="3.833333" />
  <attribute name="DerivativeI" value="3.833333" />
  <attribute name="DerivativeH" value="3.833333" />
  <attribute name="Loop Time for DT" value="9.000000" />
  <attribute name="Output H" value="8388608"/>
  <attribute name="Output I" value="224"/>
  <attribute name="Output T" value="4"/>
  <attribute name="Target GC Util Change" value ="20.000000" />
  <attribute name="Current GC Util Change" value="43.000000"/>
  <attribute name="GC Util currently" value="43" />
  <attribute name="CPU Util currently" value="516665156059" />
<allocation-satisfied id="330" threadId="0000000002314100" bytesRequested="24" />
<af-end id="331" timestamp="2019-06-15T03:59:55.701" threadId="0000000002314A88" success="true" from="nursery"/>
<exclusive-end id="332" timestamp="2019-06-15T03:59:55.701" durationms="3.008" />

<exclusive-start id="333" timestamp="2019-06-15T03:59:55.709" intervalms="11.206">
  <response-info timems="0.034" idlems="0.019" threads="1" lastid="000000000230C900" lastname="Thread-10" />
</exclusive-start>
<af-start id="334" threadId="0000000002314A88" totalBytesRequested="40" timestamp="2019-06-15T03:59:55.709" intervalms="11.280" type="nursery" />
<cycle-start id="335" type="scavenge" contextid="0" timestamp="2019-06-15T03:59:55.709" intervalms="11.325" />
<gc-start id="336" type="scavenge" contextid="335" timestamp="2019-06-15T03:59:55.709">
  <mem-info id="337" free="1512576" total="9961472" percent="15">
    <mem type="nursery" free="0" total="4063232" percent="0">
      <mem type="allocate" free="0" total="2621440" percent="0" />
      <mem type="survivor" free="0" total="1441792" percent="0" />
    </mem>
    <mem type="tenure" free="1512576" total="5898240" percent="25">
      <mem type="soa" free="1262720" total="5603328" percent="22" />
      <mem type="loa" free="249856" total="294912" percent="84" />
    </mem>
    <remembered-set count="2211" />
  </mem-info>
</gc-start>
<allocation-stats totalBytes="2503376" >
  <allocated-bytes non-tlh="24" tlh="2503352" />
  <largest-consumer threadName="Thread-9" threadId="0000000002310500" bytes="1146616" />
</allocation-stats>
<gc-op id="338" type="scavenge" timems="1.869" contextid="335" timestamp="2019-06-15T03:59:55.711">
  <scavenger-info tenureage="3" tenuremask="ffe8" tiltratio="64" />
  <memory-copied type="nursery" objects="2070" bytes="51104" bytesdiscarded="66400" />
  <memory-copied type="tenure" objects="330" bytes="7920" bytesdiscarded="0" />
</gc-op>
<heap-resize id="339" type="expand" space="nursery" amount="393216" count="1" timems="0.036" reason="excessive time being spent scavenging" timestamp="2019-06-15T03:59:55.711" />
<gc-end id="340" type="scavenge" contextid="335" durationms="2.427" usertimems="8.000" systemtimems="0.000" timestamp="2019-06-15T03:59:55.712" activeThreads="4">
  <mem-info id="341" free="4671872" total="10354688" percent="45">
    <mem type="nursery" free="3159296" total="4456448" percent="70">
      <mem type="allocate" free="3159296" total="3276800" percent="96" />
      <mem type="survivor" free="0" total="1179648" percent="0" />
    </mem>
    <mem type="tenure" free="1512576" total="5898240" percent="25">
      <mem type="soa" free="1262720" total="5603328" percent="22" />
      <mem type="loa" free="249856" total="294912" percent="84" />
    </mem>
    <remembered-set count="1879" />
  </mem-info>
</gc-end>
<cycle-end id="342" type="scavenge" contextid="335" timestamp="2019-06-15T03:59:55.712" />
  <attribute name="elasticGC enabled" value="1" />
  <attribute name= "numThreadsSpecified" value="4" />
  <attribute name="heapSize specified" value="9175040" />
  <attribute name="Current GC Util" value="29" />
  <attribute name= "Current Time Running" value="854" />
  <attribute name ="GC Interval" value="200" />
  <attribute name="ProportionalT" value="4.500000" />
  <attribute name="ProportionalI" value="4.500000" />
  <attribute name="ProportionalH" value="4.500000" />
  <attribute name="Current Error" value="9.000000" />
  <attribute name="IntegralT" value="108.000000" />
  <attribute name="IntegralI" value="108.000000" />
  <attribute name="IntegralH" value="108.000000" />
  <attribute name="DerivativeT" value="-1.750000" />
  <attribute name="DerivativeI" value="-1.750000" />
  <attribute name="DerivativeH" value="-1.750000" />
  <attribute name="Loop Time for DT" value="12.000000" />
  <attribute name="Output H" value="8388608"/>
  <attribute name="Output I" value="200"/>
  <attribute name="Output T" value="4"/>
  <attribute name="Target GC Util Change" value ="20.000000" />
  <attribute name="Current GC Util Change" value="29.000000"/>
  <attribute name="GC Util currently" value="29" />
  <attribute name="CPU Util currently" value="400493826980" />
<allocation-satisfied id="343" threadId="0000000002314100" bytesRequested="40" />
<af-end id="344" timestamp="2019-06-15T03:59:55.712" threadId="0000000002314A88" success="true" from="nursery"/>
<exclusive-end id="345" timestamp="2019-06-15T03:59:55.712" durationms="3.172" />

<exclusive-start id="346" timestamp="2019-06-15T03:59:55.723" intervalms="13.865">
  <response-info timems="0.169" idlems="0.165" threads="1" lastid="0000000002314100" lastname="Thread-7" />
</exclusive-start>
<af-start id="347" threadId="000000000230D288" totalBytesRequested="40" timestamp="2019-06-15T03:59:55.723" intervalms="13.868" type="nursery" />
<cycle-start id="348" type="scavenge" contextid="0" timestamp="2019-06-15T03:59:55.723" intervalms="13.864" />
<gc-start id="349" type="scavenge" contextid="348" timestamp="2019-06-15T03:59:55.723">
  <mem-info id="350" free="1512576" total="10354688" percent="14">
    <mem type="nursery" free="0" total="4456448" percent="0">
      <mem type="allocate" free="0" total="3276800" percent="0" />
      <mem type="survivor" free="0" total="1179648" percent="0" />
    </mem>
    <mem type="tenure" free="1512576" total="5898240" percent="25">
      <mem type="soa" free="1262720" total="5603328" percent="22" />
      <mem type="loa" free="249856" total="294912" percent="84" />
    </mem>
    <remembered-set count="2403" />
  </mem-info>
</gc-start>
<allocation-stats totalBytes="3158528" >
  <allocated-bytes non-tlh="40" tlh="3158488" />
  <largest-consumer threadName="Thread-8" threadId="0000000002308D00" bytes="1401840" />
</allocation-stats>
<gc-op id="351" type="scavenge" timems="2.531" contextid="348" timestamp="2019-06-15T03:59:55.726">
  <scavenger-info tenureage="3" tenuremask="ffe8" tiltratio="73" />
  <memory-copied type="nursery" objects="2157" bytes="52840" bytesdiscarded="64664" />
  <memory-copied type="tenure" objects="345" bytes="8280" bytesdiscarded="0" />
</gc-op>
<heap-resize id="352" type="expand" space="nursery" amount="393216" count="1" timems="0.036" reason="excessive time being spent scavenging" timestamp="2019-06-15T03:59:55.726" />
<gc-end id="353" type="scavenge" contextid="348" durationms="3.006" usertimems="4.000" systemtimems="0.000" timestamp="2019-06-15T03:59:55.726" activeThreads="4">
  <mem-info id="354" free="5327232" total="10747904" percent="49">
    <mem type="nursery" free="3814656" total="4849664" percent="78">
      <mem type="allocate" free="3814656" total="3932160" percent="97" />
      <mem type="survivor" free="0" total="917504" percent="0" />
    </mem>
    <mem type="tenure" free="1512576" total="5898240" percent="25">
      <mem type="soa" free="1262720" total="5603328" percent="22" />
      <mem type="loa" free="249856" total="294912" percent="84" />
    </mem>
    <remembered-set count="2058" />
  </mem-info>
</gc-end>
<cycle-end id="355" type="scavenge" contextid="348" timestamp="2019-06-15T03:59:55.726" />
  <attribute name="elasticGC enabled" value="1" />
  <attribute name= "numThreadsSpecified" value="4" />
  <attribute name="heapSize specified" value="9175040" />
  <attribute name="Current GC Util" value="23" />
  <attribute name= "Current Time Running" value="867" />
  <attribute name ="GC Interval" value="200" />
  <attribute name="ProportionalT" value="1.500000" />
  <attribute name="ProportionalI" value="1.500000" />
  <attribute name="ProportionalH" value="1.500000" />
  <attribute name="Current Error" value="3.000000" />
  <attribute name="IntegralT" value="39.000000" />
  <attribute name="IntegralI" value="39.000000" />
  <attribute name="IntegralH" value="39.000000" />
  <attribute name="DerivativeT" value="-0.692308" />
  <attribute name="DerivativeI" value="-0.692308" />
  <attribute name="DerivativeH" value="-0.692308" />
  <attribute name="Loop Time for DT" value="13.000000" />
  <attribute name="Output H" value="8388608"/>
  <attribute name="Output I" value="200"/>
  <attribute name="Output T" value="4"/>
  <attribute name="Target GC Util Change" value ="20.000000" />
  <attribute name="Current GC Util Change" value="23.000000"/>
  <attribute name="GC Util currently" value="23" />
  <attribute name="CPU Util currently" value="334269066546" />
<allocation-satisfied id="356" threadId="000000000230C900" bytesRequested="40" />
<af-end id="357" timestamp="2019-06-15T03:59:55.726" threadId="000000000230D288" success="true" from="nursery"/>
<exclusive-end id="358" timestamp="2019-06-15T03:59:55.727" durationms="3.960" />

<exclusive-start id="359" timestamp="2019-06-15T03:59:55.736" intervalms="13.463">
  <response-info timems="0.037" idlems="0.020" threads="1" lastid="000000000230C900" lastname="Thread-10" />
</exclusive-start>
<af-start id="360" threadId="0000000002314A88" totalBytesRequested="24" timestamp="2019-06-15T03:59:55.736" intervalms="13.497" type="nursery" />
<cycle-start id="361" type="scavenge" contextid="0" timestamp="2019-06-15T03:59:55.736" intervalms="13.541" />
<gc-start id="362" type="scavenge" contextid="361" timestamp="2019-06-15T03:59:55.737">
  <mem-info id="363" free="1512576" total="10747904" percent="14">
    <mem type="nursery" free="0" total="4849664" percent="0">
      <mem type="allocate" free="0" total="3932160" percent="0" />
      <mem type="survivor" free="0" total="917504" percent="0" />
    </mem>
    <mem type="tenure" free="1512576" total="5898240" percent="25">
      <mem type="soa" free="1262720" total="5603328" percent="22" />
      <mem type="loa" free="249856" total="294912" percent="84" />
    </mem>
    <remembered-set count="2901" />
  </mem-info>
</gc-start>
<allocation-stats totalBytes="3813912" >
  <allocated-bytes non-tlh="40" tlh="3813872" />
  <largest-consumer threadName="Thread-7" threadId="0000000002314100" bytes="1655768" />
</allocation-stats>
<gc-op id="364" type="scavenge" timems="2.960" contextid="361" timestamp="2019-06-15T03:59:55.740">
  <scavenger-info tenureage="3" tenuremask="ffe8" tiltratio="81" />
  <memory-copied type="nursery" objects="2578" bytes="63424" bytesdiscarded="93248" />
  <memory-copied type="tenure" objects="541" bytes="12984" bytesdiscarded="0" />
</gc-op>
<heap-resize id="365" type="expand" space="nursery" amount="524288" count="1" timems="0.037" reason="excessive time being spent scavenging" timestamp="2019-06-15T03:59:55.740" />
<gc-end id="366" type="scavenge" contextid="361" durationms="3.590" usertimems="12.000" systemtimems="0.000" timestamp="2019-06-15T03:59:55.740" activeThreads="4">
  <mem-info id="367" free="5943424" total="11272192" percent="52">
    <mem type="nursery" free="4430848" total="5373952" percent="82">
      <mem type="allocate" free="4430848" total="4587520" percent="96" />
      <mem type="survivor" free="0" total="786432" percent="0" />
    </mem>
    <mem type="tenure" free="1512576" total="5898240" percent="25">
      <mem type="soa" free="1262720" total="5603328" percent="22" />
      <mem type="loa" free="249856" total="294912" percent="84" />
    </mem>
    <remembered-set count="2360" />
  </mem-info>
</gc-end>
<cycle-end id="368" type="scavenge" contextid="361" timestamp="2019-06-15T03:59:55.740" />
  <attribute name="elasticGC enabled" value="1" />
  <attribute name= "numThreadsSpecified" value="4" />
  <attribute name="heapSize specified" value="9175040" />
  <attribute name="Current GC Util" value="29" />
  <attribute name= "Current Time Running" value="881" />
  <attribute name ="GC Interval" value="200" />
  <attribute name="ProportionalT" value="4.500000" />
  <attribute name="ProportionalI" value="4.500000" />
  <attribute name="ProportionalH" value="4.500000" />
  <attribute name="Current Error" value="9.000000" />
  <attribute name="IntegralT" value="126.000000" />
  <attribute name="IntegralI" value="126.000000" />
  <attribute name="IntegralH" value="126.000000" />
  <attribute name="DerivativeT" value="0.642857" />
  <attribute name="DerivativeI" value="0.642857" />
  <attribute name="DerivativeH" value="0.642857" />
  <attribute name="Loop Time for DT" value="14.000000" />
  <attribute name="Output H" value="8388608"/>
  <attribute name="Output I" value="200"/>
  <attribute name="Output T" value="4"/>
  <attribute name="Target GC Util Change" value ="20.000000" />
  <attribute name="Current GC Util Change" value="29.000000"/>
  <attribute name="GC Util currently" value="29" />
  <attribute name="CPU Util currently" value="336495454338" />
<allocation-satisfied id="369" threadId="0000000002314100" bytesRequested="24" />
<af-end id="370" timestamp="2019-06-15T03:59:55.740" threadId="0000000002314A88" success="true" from="nursery"/>
<exclusive-end id="371" timestamp="2019-06-15T03:59:55.741" durationms="4.485" />

<exclusive-start id="372" timestamp="2019-06-15T03:59:55.748" intervalms="11.500">
  <response-info timems="0.082" idlems="0.082" threads="0" lastid="0000000002308D00" lastname="Thread-8" />
</exclusive-start>
<af-start id="373" threadId="0000000002309688" totalBytesRequested="40" timestamp="2019-06-15T03:59:55.748" intervalms="11.453" type="nursery" />
<cycle-start id="374" type="scavenge" contextid="0" timestamp="2019-06-15T03:59:55.748" intervalms="11.403" />
<gc-start id="375" type="scavenge" contextid="374" timestamp="2019-06-15T03:59:55.748">
  <mem-info id="376" free="1512576" total="11272192" percent="13">
    <mem type="nursery" free="0" total="5373952" percent="0">
      <mem type="allocate" free="0" total="4587520" percent="0" />
      <mem type="survivor" free="0" total="786432" percent="0" />
    </mem>
    <mem type="tenure" free="1512576" total="5898240" percent="25">
      <mem type="soa" free="1262720" total="5603328" percent="22" />
      <mem type="loa" free="249856" total="294912" percent="84" />
    </mem>
    <remembered-set count="3252" />
  </mem-info>
</gc-start>
<allocation-stats totalBytes="4430008" >
  <allocated-bytes non-tlh="24" tlh="4429984" />
  <largest-consumer threadName="Thread-8" threadId="0000000002308D00" bytes="1789632" />
</allocation-stats>
<gc-op id="377" type="scavenge" timems="0.363" contextid="374" timestamp="2019-06-15T03:59:55.748">
  <scavenger-info tenureage="3" tenuremask="ffe8" tiltratio="85" />
  <memory-copied type="nursery" objects="2566" bytes="63152" bytesdiscarded="146512" />
  <memory-copied type="tenure" objects="905" bytes="21720" bytesdiscarded="0" />
</gc-op>
<gc-end id="378" type="scavenge" contextid="374" durationms="0.668" usertimems="4.000" systemtimems="0.000" timestamp="2019-06-15T03:59:55.749" activeThreads="4">
  <mem-info id="379" free="6008704" total="11272192" percent="53">
    <mem type="nursery" free="4574464" total="5373952" percent="85">
      <mem type="allocate" free="4574464" total="4784128" percent="95" />
      <mem type="survivor" free="0" total="589824" percent="0" />
    </mem>
    <mem type="tenure" free="1434240" total="5898240" percent="24">
      <mem type="soa" free="1184384" total="5603328" percent="21" />
      <mem type="loa" free="249856" total="294912" percent="84" />
    </mem>
    <remembered-set count="2347" />
  </mem-info>
</gc-end>
<cycle-end id="380" type="scavenge" contextid="374" timestamp="2019-06-15T03:59:55.749" />
  <attribute name="elasticGC enabled" value="1" />
  <attribute name= "numThreadsSpecified" value="4" />
  <attribute name="heapSize specified" value="9175040" />
  <attribute name="Current GC Util" value="41" />
  <attribute name= "Current Time Running" value="892" />
  <attribute name ="GC Interval" value="248" />
  <attribute name="ProportionalT" value="10.500000" />
  <attribute name="ProportionalI" value="10.500000" />
  <attribute name="ProportionalH" value="10.500000" />
  <attribute name="Current Error" value="21.000000" />
  <attribute name="IntegralT" value="231.000000" />
  <attribute name="IntegralI" value="231.000000" />
  <attribute name="IntegralH" value="231.000000" />
  <attribute name="DerivativeT" value="1.636364" />
  <attribute name="DerivativeI" value="1.636364" />
  <attribute name="DerivativeH" value="1.636364" />
  <attribute name="Loop Time for DT" value="11.000000" />
  <attribute name="Output H" value="8388608"/>
  <attribute name="Output I" value="248"/>
  <attribute name="Output T" value="4"/>
  <attribute name="Target GC Util Change" value ="20.000000" />
  <attribute name="Current GC Util Change" value="41.000000"/>
  <attribute name="GC Util currently" value="41" />
  <attribute name="CPU Util currently" value="409518091430" />
<allocation-satisfied id="381" threadId="0000000002308D00" bytesRequested="40" />
<af-end id="382" timestamp="2019-06-15T03:59:55.749" threadId="0000000002309688" success="true" from="nursery"/>
<exclusive-end id="383" timestamp="2019-06-15T03:59:55.749" durationms="1.285" />

<exclusive-start id="384" timestamp="2019-06-15T03:59:55.755" intervalms="7.713">
  <response-info timems="0.033" idlems="0.033" threads="0" lastid="0000000002308D00" lastname="Thread-8" />
</exclusive-start>
<af-start id="385" threadId="0000000002309688" totalBytesRequested="40" timestamp="2019-06-15T03:59:55.756" intervalms="8.382" type="nursery" />
<cycle-start id="386" type="scavenge" contextid="0" timestamp="2019-06-15T03:59:55.756" intervalms="8.420" />
<gc-start id="387" type="scavenge" contextid="386" timestamp="2019-06-15T03:59:55.756">
  <mem-info id="388" free="1434240" total="11272192" percent="12">
    <mem type="nursery" free="0" total="5373952" percent="0">
      <mem type="allocate" free="0" total="4784128" percent="0" />
      <mem type="survivor" free="0" total="589824" percent="0" />
    </mem>
    <mem type="tenure" free="1434240" total="5898240" percent="24">
      <mem type="soa" free="1184384" total="5603328" percent="21" />
      <mem type="loa" free="249856" total="294912" percent="84" />
    </mem>
    <remembered-set count="3908" />
  </mem-info>
</gc-start>
<allocation-stats totalBytes="4573768" >
  <allocated-bytes non-tlh="40" tlh="4573728" />
  <largest-consumer threadName="Thread-9" threadId="0000000002310500" bytes="2076392" />
</allocation-stats>
<gc-op id="389" type="scavenge" timems="0.550" contextid="386" timestamp="2019-06-15T03:59:55.757">
  <scavenger-info tenureage="3" tenuremask="ffe8" tiltratio="89" />
  <memory-copied type="nursery" objects="3578" bytes="87312" bytesdiscarded="253680" />
  <memory-copied type="tenure" objects="524" bytes="12576" bytesdiscarded="0" />
</gc-op>
<heap-resize id="390" type="expand" space="nursery" amount="393216" count="1" timems="0.015" reason="excessive time being spent scavenging" timestamp="2019-06-15T03:59:55.757" />
<gc-end id="391" type="scavenge" contextid="386" durationms="1.134" usertimems="4.000" systemtimems="0.000" timestamp="2019-06-15T03:59:55.757" activeThreads="4">
  <mem-info id="392" free="6205056" total="11665408" percent="53">
    <mem type="nursery" free="4770816" total="5767168" percent="82">
      <mem type="allocate" free="4770816" total="5111808" percent="93" />
      <mem type="survivor" free="0" total="655360" percent="0" />
    </mem>
    <mem type="tenure" free="1434240" total="5898240" percent="24">
      <mem type="soa" free="1184384" total="5603328" percent="21" />
      <mem type="loa" free="249856" total="294912" percent="84" />
    </mem>
    <remembered-set count="3384" />
  </mem-info>
</gc-end>
<cycle-end id="393" type="scavenge" contextid="386" timestamp="2019-06-15T03:59:55.758" />
  <attribute name="elasticGC enabled" value="1" />
  <attribute name= "numThreadsSpecified" value="4" />
  <attribute name="heapSize specified" value="9175040" />
  <attribute name="Current GC Util" value="11" />
  <attribute name= "Current Time Running" value="901" />
  <attribute name ="GC Interval" value="200" />
  <attribute name="ProportionalT" value="-4.500000" />
  <attribute name="ProportionalI" value="-4.500000" />
  <attribute name="ProportionalH" value="-4.500000" />
  <attribute name="Current Error" value="-9.000000" />
  <attribute name="IntegralT" value="-81.000000" />
  <attribute name="IntegralI" value="-81.000000" />
  <attribute name="IntegralH" value="-81.000000" />
  <attribute name="DerivativeT" value="-5.000000" />
  <attribute name="DerivativeI" value="-5.000000" />
  <attribute name="DerivativeH" value="-5.000000" />
  <attribute name="Loop Time for DT" value="9.000000" />
  <attribute name="Output H" value="2092630016"/>
  <attribute name="Output I" value="200"/>
  <attribute name="Output T" value="4"/>
  <attribute name="Target GC Util Change" value ="20.000000" />
  <attribute name="Current GC Util Change" value="11.000000"/>
  <attribute name="GC Util currently" value="11" />
  <attribute name="CPU Util currently" value="547760303139" />
<allocation-satisfied id="394" threadId="0000000002308D00" bytesRequested="40" />
<af-end id="395" timestamp="2019-06-15T03:59:55.758" threadId="0000000002309688" success="true" from="nursery"/>
<exclusive-end id="396" timestamp="2019-06-15T03:59:55.758" durationms="2.670" />

<exclusive-start id="397" timestamp="2019-06-15T03:59:55.763" intervalms="7.784">
  <response-info timems="0.169" idlems="0.169" threads="0" lastid="0000000002310500" lastname="Thread-9" />
</exclusive-start>
<af-start id="398" threadId="0000000002310E88" totalBytesRequested="24" timestamp="2019-06-15T03:59:55.763" intervalms="7.108" type="nursery" />
<cycle-start id="399" type="scavenge" contextid="0" timestamp="2019-06-15T03:59:55.763" intervalms="7.075" />
<gc-start id="400" type="scavenge" contextid="399" timestamp="2019-06-15T03:59:55.763">
  <mem-info id="401" free="1434240" total="11665408" percent="12">
    <mem type="nursery" free="0" total="5767168" percent="0">
      <mem type="allocate" free="0" total="5111808" percent="0" />
      <mem type="survivor" free="0" total="655360" percent="0" />
    </mem>
    <mem type="tenure" free="1434240" total="5898240" percent="24">
      <mem type="soa" free="1184384" total="5603328" percent="21" />
      <mem type="loa" free="249856" total="294912" percent="84" />
    </mem>
    <remembered-set count="4640" />
  </mem-info>
</gc-start>
<allocation-stats totalBytes="4770032" >
  <allocated-bytes non-tlh="40" tlh="4769992" />
  <largest-consumer threadName="Thread-9" threadId="0000000002310500" bytes="1551096" />
</allocation-stats>
<gc-op id="402" type="scavenge" timems="0.296" contextid="399" timestamp="2019-06-15T03:59:55.764">
  <scavenger-info tenureage="3" tenuremask="ffe8" tiltratio="88" />
  <memory-copied type="nursery" objects="3990" bytes="97216" bytesdiscarded="151616" />
  <memory-copied type="tenure" objects="845" bytes="20280" bytesdiscarded="0" />
</gc-op>
<gc-end id="403" type="scavenge" contextid="399" durationms="0.578" usertimems="0.000" systemtimems="0.000" timestamp="2019-06-15T03:59:55.764" activeThreads="4">
  <mem-info id="404" free="6323584" total="11665408" percent="54">
    <mem type="nursery" free="4928512" total="5767168" percent="85">
      <mem type="allocate" free="4928512" total="5177344" percent="95" />
      <mem type="survivor" free="0" total="589824" percent="0" />
    </mem>
    <mem type="tenure" free="1395072" total="5898240" percent="23">
      <mem type="soa" free="1145216" total="5603328" percent="20" />
      <mem type="loa" free="249856" total="294912" percent="84" />
    </mem>
    <remembered-set count="3795" />
  </mem-info>
</gc-end>
<cycle-end id="405" type="scavenge" contextid="399" timestamp="2019-06-15T03:59:55.764" />
  <attribute name="elasticGC enabled" value="1" />
  <attribute name= "numThreadsSpecified" value="4" />
  <attribute name="heapSize specified" value="9175040" />
  <attribute name="Current GC Util" value="17" />
  <attribute name= "Current Time Running" value="908" />
  <attribute name ="GC Interval" value="200" />
  <attribute name="ProportionalT" value="-1.500000" />
  <attribute name="ProportionalI" value="-1.500000" />
  <attribute name="ProportionalH" value="-1.500000" />
  <attribute name="Current Error" value="-3.000000" />
  <attribute name="IntegralT" value="-21.000000" />
  <attribute name="IntegralI" value="-21.000000" />
  <attribute name="IntegralH" value="-21.000000" />
  <attribute name="DerivativeT" value="-0.642857" />
  <attribute name="DerivativeI" value="-0.642857" />
  <attribute name="DerivativeH" value="-0.642857" />
  <attribute name="Loop Time for DT" value="7.000000" />
  <attribute name="Output H" value="2092630016"/>
  <attribute name="Output I" value="200"/>
  <attribute name="Output T" value="4"/>
  <attribute name="Target GC Util Change" value ="20.000000" />
  <attribute name="Current GC Util Change" value="17.000000"/>
  <attribute name="GC Util currently" value="17" />
  <attribute name="CPU Util currently" value="655924533401" />
<allocation-satisfied id="406" threadId="0000000002310500" bytesRequested="24" />
<af-end id="407" timestamp="2019-06-15T03:59:55.764" threadId="0000000002310E88" success="true" from="nursery"/>
<exclusive-end id="408" timestamp="2019-06-15T03:59:55.764" durationms="1.138" />

<exclusive-start id="409" timestamp="2019-06-15T03:59:55.770" intervalms="7.285">
  <response-info timems="0.378" idlems="0.378" threads="0" lastid="0000000002308D00" lastname="Thread-8" />
</exclusive-start>
<af-start id="410" threadId="0000000002309688" totalBytesRequested="24" timestamp="2019-06-15T03:59:55.770" intervalms="7.292" type="nursery" />
<cycle-start id="411" type="scavenge" contextid="0" timestamp="2019-06-15T03:59:55.771" intervalms="7.291" />
<gc-start id="412" type="scavenge" contextid="411" timestamp="2019-06-15T03:59:55.771">
  <mem-info id="413" free="1395072" total="11665408" percent="11">
    <mem type="nursery" free="0" total="5767168" percent="0">
      <mem type="allocate" free="0" total="5177344" percent="0" />
      <mem type="survivor" free="0" total="589824" percent="0" />
    </mem>
    <mem type="tenure" free="1395072" total="5898240" percent="23">
      <mem type="soa" free="1145216" total="5603328" percent="20" />
      <mem type="loa" free="249856" total="294912" percent="84" />
    </mem>
    <remembered-set count="4789" />
  </mem-info>
</gc-start>
<allocation-stats totalBytes="4927464" >
  <allocated-bytes non-tlh="24" tlh="4927440" />
  <largest-consumer threadName="Thread-9" threadId="0000000002310500" bytes="1822376" />
</allocation-stats>
<gc-op id="414" type="scavenge" timems="0.561" contextid="411" timestamp="2019-06-15T03:59:55.771">
  <scavenger-info tenureage="5" tenuremask="ffe0" tiltratio="89" />
  <memory-copied type="nursery" objects="4935" bytes="119744" bytesdiscarded="221248" />
</gc-op>
<heap-resize id="415" type="expand" space="nursery" amount="393216" count="1" timems="0.014" reason="excessive time being spent scavenging" timestamp="2019-06-15T03:59:55.772" />
<gc-end id="416" type="scavenge" contextid="411" durationms="1.258" usertimems="4.000" systemtimems="0.000" timestamp="2019-06-15T03:59:55.772" activeThreads="4">
  <mem-info id="417" free="6559104" total="12058624" percent="54">
    <mem type="nursery" free="5164032" total="6160384" percent="83">
      <mem type="allocate" free="5164032" total="5505024" percent="93" />
      <mem type="survivor" free="0" total="655360" percent="0" />
    </mem>
    <mem type="tenure" free="1395072" total="5898240" percent="23">
      <mem type="soa" free="1145216" total="5603328" percent="20" />
      <mem type="loa" free="249856" total="294912" percent="84" />
    </mem>
    <remembered-set count="4789" />
  </mem-info>
</gc-end>
<cycle-end id="418" type="scavenge" contextid="411" timestamp="2019-06-15T03:59:55.772" />
  <attribute name="elasticGC enabled" value="1" />
  <attribute name= "numThreadsSpecified" value="4" />
  <attribute name="heapSize specified" value="9175040" />
  <attribute name="Current GC Util" value="12" />
  <attribute name= "Current Time Running" value="915" />
  <attribute name ="GC Interval" value="200" />
  <attribute name="ProportionalT" value="-4.000000" />
  <attribute name="ProportionalI" value="-4.000000" />
  <attribute name="ProportionalH" value="-4.000000" />
  <attribute name="Current Error" value="-8.000000" />
  <attribute name="IntegralT" value="-56.000000" />
  <attribute name="IntegralI" value="-56.000000" />
  <attribute name="IntegralH" value="-56.000000" />
  <attribute name="DerivativeT" value="-1.714286" />
  <attribute name="DerivativeI" value="-1.714286" />
  <attribute name="DerivativeH" value="-1.714286" />
  <attribute name="Loop Time for DT" value="7.000000" />
  <attribute name="Output H" value="2092630016"/>
  <attribute name="Output I" value="200"/>
  <attribute name="Output T" value="4"/>
  <attribute name="Target GC Util Change" value ="20.000000" />
  <attribute name="Current GC Util Change" value="12.000000"/>
  <attribute name="GC Util currently" value="12" />
  <attribute name="CPU Util currently" value="627821494338" />
<allocation-satisfied id="419" threadId="0000000002308D00" bytesRequested="24" />
<af-end id="420" timestamp="2019-06-15T03:59:55.772" threadId="0000000002309688" success="true" from="nursery"/>
<exclusive-end id="421" timestamp="2019-06-15T03:59:55.772" durationms="2.023" />

<exclusive-start id="422" timestamp="2019-06-15T03:59:55.779" intervalms="8.906">
  <response-info timems="0.054" idlems="0.054" threads="0" lastid="0000000002310500" lastname="Thread-9" />
</exclusive-start>
<af-start id="423" threadId="0000000002310E88" totalBytesRequested="40" timestamp="2019-06-15T03:59:55.779" intervalms="8.996" type="nursery" />
<cycle-start id="424" type="scavenge" contextid="0" timestamp="2019-06-15T03:59:55.780" intervalms="9.009" />
<gc-start id="425" type="scavenge" contextid="424" timestamp="2019-06-15T03:59:55.780">
  <mem-info id="426" free="1395072" total="12058624" percent="11">
    <mem type="nursery" free="0" total="6160384" percent="0">
      <mem type="allocate" free="0" total="5505024" percent="0" />
      <mem type="survivor" free="0" total="655360" percent="0" />
    </mem>
    <mem type="tenure" free="1395072" total="5898240" percent="23">
      <mem type="soa" free="1145216" total="5603328" percent="20" />
      <mem type="loa" free="249856" total="294912" percent="84" />
    </mem>
    <remembered-set count="5669" />
  </mem-info>
</gc-start>
<allocation-stats totalBytes="5163072" >
  <allocated-bytes non-tlh="24" tlh="5163048" />
  <largest-consumer threadName="Thread-9" threadId="0000000002310500" bytes="2198224" />
</allocation-stats>
<gc-op id="427" type="scavenge" timems="0.407" contextid="424" timestamp="2019-06-15T03:59:55.780">
  <scavenger-info tenureage="3" tenuremask="fff8" tiltratio="89" />
  <memory-copied type="nursery" objects="3342" bytes="81360" bytesdiscarded="128304" />
  <memory-copied type="tenure" objects="2451" bytes="58824" bytesdiscarded="0" />
</gc-op>
<gc-end id="428" type="scavenge" contextid="424" durationms="0.847" usertimems="0.000" systemtimems="4.000" timestamp="2019-06-15T03:59:55.781" activeThreads="4">
  <mem-info id="429" free="6519936" total="12058624" percent="54">
    <mem type="nursery" free="5295360" total="6160384" percent="85">
      <mem type="allocate" free="5295360" total="5505024" percent="96" />
      <mem type="survivor" free="0" total="655360" percent="0" />
    </mem>
    <mem type="tenure" free="1224576" total="5898240" percent="20">
      <mem type="soa" free="974720" total="5603328" percent="17" />
      <mem type="loa" free="249856" total="294912" percent="84" />
    </mem>
    <remembered-set count="3218" />
  </mem-info>
</gc-end>
<cycle-end id="430" type="scavenge" contextid="424" timestamp="2019-06-15T03:59:55.781" />
  <attribute name="elasticGC enabled" value="1" />
  <attribute name= "numThreadsSpecified" value="4" />
  <attribute name="heapSize specified" value="9175040" />
  <attribute name="Current GC Util" value="13" />
  <attribute name= "Current Time Running" value="924" />
  <attribute name ="GC Interval" value="200" />
  <attribute name="ProportionalT" value="-3.500000" />
  <attribute name="ProportionalI" value="-3.500000" />
  <attribute name="ProportionalH" value="-3.500000" />
  <attribute name="Current Error" value="-7.000000" />
  <attribute name="IntegralT" value="-63.000000" />
  <attribute name="IntegralI" value="-63.000000" />
  <attribute name="IntegralH" value="-63.000000" />
  <attribute name="DerivativeT" value="-1.166667" />
  <attribute name="DerivativeI" value="-1.166667" />
  <attribute name="DerivativeH" value="-1.166667" />
  <attribute name="Loop Time for DT" value="9.000000" />
  <attribute name="Output H" value="2092630016"/>
  <attribute name="Output I" value="200"/>
  <attribute name="Output T" value="4"/>
  <attribute name="Target GC Util Change" value ="20.000000" />
  <attribute name="Current GC Util Change" value="13.000000"/>
  <attribute name="GC Util currently" value="13" />
  <attribute name="CPU Util currently" value="508362035323" />
<allocation-satisfied id="431" threadId="0000000002310500" bytesRequested="40" />
<af-end id="432" timestamp="2019-06-15T03:59:55.781" threadId="0000000002310E88" success="true" from="nursery"/>
<exclusive-end id="433" timestamp="2019-06-15T03:59:55.781" durationms="1.752" />

<exclusive-start id="434" timestamp="2019-06-15T03:59:55.789" intervalms="9.863">
  <response-info timems="0.281" idlems="0.281" threads="0" lastid="0000000002314100" lastname="Thread-7" />
</exclusive-start>
<af-start id="435" threadId="0000000002314A88" totalBytesRequested="40" timestamp="2019-06-15T03:59:55.789" intervalms="9.756" type="nursery" />
<cycle-start id="436" type="scavenge" contextid="0" timestamp="2019-06-15T03:59:55.789" intervalms="9.717" />
<gc-start id="437" type="scavenge" contextid="436" timestamp="2019-06-15T03:59:55.789">
  <mem-info id="438" free="1224576" total="12058624" percent="10">
    <mem type="nursery" free="0" total="6160384" percent="0">
      <mem type="allocate" free="0" total="5505024" percent="0" />
      <mem type="survivor" free="0" total="655360" percent="0" />
    </mem>
    <mem type="tenure" free="1224576" total="5898240" percent="20">
      <mem type="soa" free="974720" total="5603328" percent="17" />
      <mem type="loa" free="249856" total="294912" percent="84" />
    </mem>
    <remembered-set count="3693" />
  </mem-info>
</gc-start>
<allocation-stats totalBytes="5294544" >
  <allocated-bytes non-tlh="40" tlh="5294504" />
  <largest-consumer threadName="Thread-10" threadId="000000000230C900" bytes="2890536" />
</allocation-stats>
<gc-op id="439" type="scavenge" timems="0.318" contextid="436" timestamp="2019-06-15T03:59:55.790">
  <scavenger-info tenureage="3" tenuremask="ffc8" tiltratio="89" />
  <memory-copied type="nursery" objects="2739" bytes="66656" bytesdiscarded="112288" />
  <memory-copied type="tenure" objects="1253" bytes="30072" bytesdiscarded="8" />
</gc-op>
<gc-end id="440" type="scavenge" contextid="436" durationms="0.502" usertimems="0.000" systemtimems="0.000" timestamp="2019-06-15T03:59:55.790" activeThreads="4">
  <mem-info id="441" free="6349440" total="12058624" percent="52">
    <mem type="nursery" free="5326080" total="6160384" percent="86">
      <mem type="allocate" free="5326080" total="5505024" percent="96" />
      <mem type="survivor" free="0" total="655360" percent="0" />
    </mem>
    <mem type="tenure" free="1023360" total="5898240" percent="17">
      <mem type="soa" free="773504" total="5603328" percent="13" />
      <mem type="loa" free="249856" total="294912" percent="84" />
    </mem>
    <remembered-set count="2440" />
  </mem-info>
</gc-end>
<cycle-end id="442" type="scavenge" contextid="436" timestamp="2019-06-15T03:59:55.790" />
  <attribute name="elasticGC enabled" value="1" />
  <attribute name= "numThreadsSpecified" value="4" />
  <attribute name="heapSize specified" value="9175040" />
  <attribute name="Current GC Util" value="11" />
  <attribute name= "Current Time Running" value="934" />
  <attribute name ="GC Interval" value="200" />
  <attribute name="ProportionalT" value="-4.500000" />
  <attribute name="ProportionalI" value="-4.500000" />
  <attribute name="ProportionalH" value="-4.500000" />
  <attribute name="Current Error" value="-9.000000" />
  <attribute name="IntegralT" value="-90.000000" />
  <attribute name="IntegralI" value="-90.000000" />
  <attribute name="IntegralH" value="-90.000000" />
  <attribute name="DerivativeT" value="-1.350000" />
  <attribute name="DerivativeI" value="-1.350000" />
  <attribute name="DerivativeH" value="-1.350000" />
  <attribute name="Loop Time for DT" value="10.000000" />
  <attribute name="Output H" value="2092630016"/>
  <attribute name="Output I" value="200"/>
  <attribute name="Output T" value="4"/>
  <attribute name="Target GC Util Change" value ="20.000000" />
  <attribute name="Current GC Util Change" value="11.000000"/>
  <attribute name="GC Util currently" value="11" />
  <attribute name="CPU Util currently" value="482902396602" />
<allocation-satisfied id="443" threadId="0000000002314100" bytesRequested="40" />
<af-end id="444" timestamp="2019-06-15T03:59:55.790" threadId="0000000002314A88" success="true" from="nursery"/>
<exclusive-end id="445" timestamp="2019-06-15T03:59:55.790" durationms="0.999" />

<exclusive-start id="446" timestamp="2019-06-15T03:59:55.796" intervalms="6.395">
  <response-info timems="0.025" idlems="0.025" threads="0" lastid="000000000230C900" lastname="Thread-10" />
</exclusive-start>
<af-start id="447" threadId="000000000230D288" totalBytesRequested="40" timestamp="2019-06-15T03:59:55.797" intervalms="7.866" type="nursery" />
<cycle-start id="448" type="scavenge" contextid="0" timestamp="2019-06-15T03:59:55.797" intervalms="7.886" />
<gc-start id="449" type="scavenge" contextid="448" timestamp="2019-06-15T03:59:55.798">
  <mem-info id="450" free="1023104" total="12058624" percent="8">
    <mem type="nursery" free="0" total="6160384" percent="0">
      <mem type="allocate" free="0" total="5505024" percent="0" />
      <mem type="survivor" free="0" total="655360" percent="0" />
    </mem>
    <mem type="tenure" free="1023104" total="5898240" percent="17">
      <mem type="soa" free="773248" total="5603328" percent="13" />
      <mem type="loa" free="249856" total="294912" percent="84" />
    </mem>
    <remembered-set count="2961" />
  </mem-info>
</gc-start>
<allocation-stats totalBytes="5325528" >
  <allocated-bytes non-tlh="296" tlh="5325232" />
  <largest-consumer threadName="Thread-8" threadId="0000000002308D00" bytes="2014920" />
</allocation-stats>
<gc-op id="451" type="scavenge" timems="6.301" contextid="448" timestamp="2019-06-15T03:59:55.804">
  <scavenger-info tenureage="3" tenuremask="ffe8" tiltratio="89" />
  <memory-copied type="nursery" objects="3009" bytes="77168" bytesdiscarded="163216" />
  <memory-copied type="tenure" objects="994" bytes="23856" bytesdiscarded="0" />
</gc-op>
<heap-resize id="452" type="expand" space="nursery" amount="1703936" count="1" timems="0.016" reason="excessive time being spent scavenging" timestamp="2019-06-15T03:59:55.808" />
<gc-end id="453" type="scavenge" contextid="448" durationms="10.010" usertimems="12.000" systemtimems="0.000" timestamp="2019-06-15T03:59:55.808" activeThreads="4">
  <mem-info id="454" free="7795072" total="13762560" percent="56">
    <mem type="nursery" free="6771968" total="7864320" percent="86">
      <mem type="allocate" free="6771968" total="7012352" percent="96" />
      <mem type="survivor" free="0" total="851968" percent="0" />
    </mem>
    <mem type="tenure" free="1023104" total="5898240" percent="17">
      <mem type="soa" free="773248" total="5603328" percent="13" />
      <mem type="loa" free="249856" total="294912" percent="84" />
    </mem>
    <remembered-set count="1963" />
  </mem-info>
</gc-end>
<cycle-end id="455" type="scavenge" contextid="448" timestamp="2019-06-15T03:59:55.808" />
  <attribute name="elasticGC enabled" value="1" />
  <attribute name= "numThreadsSpecified" value="4" />
  <attribute name="heapSize specified" value="9175040" />
  <attribute name="Current GC Util" value="10" />
  <attribute name= "Current Time Running" value="942" />
  <attribute name ="GC Interval" value="200" />
  <attribute name="ProportionalT" value="-5.000000" />
  <attribute name="ProportionalI" value="-5.000000" />
  <attribute name="ProportionalH" value="-5.000000" />
  <attribute name="Current Error" value="-10.000000" />
  <attribute name="IntegralT" value="-80.000000" />
  <attribute name="IntegralI" value="-80.000000" />
  <attribute name="IntegralH" value="-80.000000" />
  <attribute name="DerivativeT" value="-1.875000" />
  <attribute name="DerivativeI" value="-1.875000" />
  <attribute name="DerivativeH" value="-1.875000" />
  <attribute name="Loop Time for DT" value="8.000000" />
  <attribute name="Output H" value="2092630016"/>
  <attribute name="Output I" value="200"/>
  <attribute name="Output T" value="4"/>
  <attribute name="Target GC Util Change" value ="20.000000" />
  <attribute name="Current GC Util Change" value="10.000000"/>
  <attribute name="GC Util currently" value="10" />
  <attribute name="CPU Util currently" value="544229186563" />
<allocation-satisfied id="456" threadId="000000000230C900" bytesRequested="40" />
<af-end id="457" timestamp="2019-06-15T03:59:55.808" threadId="000000000230D288" success="true" from="nursery"/>
<exclusive-end id="458" timestamp="2019-06-15T03:59:55.808" durationms="12.586" />

<exclusive-start id="459" timestamp="2019-06-15T03:59:55.818" intervalms="22.807">
  <response-info timems="0.113" idlems="0.047" threads="3" lastid="0000000002310500" lastname="Thread-9" />
</exclusive-start>
<af-start id="460" threadId="000000000230D288" totalBytesRequested="40" timestamp="2019-06-15T03:59:55.818" intervalms="21.350" type="nursery" />
<cycle-start id="461" type="scavenge" contextid="0" timestamp="2019-06-15T03:59:55.819" intervalms="21.358" />
<gc-start id="462" type="scavenge" contextid="461" timestamp="2019-06-15T03:59:55.819">
  <mem-info id="463" free="1023104" total="13762560" percent="7">
    <mem type="nursery" free="0" total="7864320" percent="0">
      <mem type="allocate" free="0" total="7012352" percent="0" />
      <mem type="survivor" free="0" total="851968" percent="0" />
    </mem>
    <mem type="tenure" free="1023104" total="5898240" percent="17">
      <mem type="soa" free="773248" total="5603328" percent="13" />
      <mem type="loa" free="249856" total="294912" percent="84" />
    </mem>
    <remembered-set count="2506" />
  </mem-info>
</gc-start>
<allocation-stats totalBytes="6770928" >
  <allocated-bytes non-tlh="40" tlh="6770888" />
  <largest-consumer threadName="Thread-10" threadId="000000000230C900" bytes="2588400" />
</allocation-stats>
<gc-op id="464" type="scavenge" timems="2.244" contextid="461" timestamp="2019-06-15T03:59:55.821">
  <scavenger-info tenureage="3" tenuremask="4008" tiltratio="89" />
  <memory-copied type="nursery" objects="2614" bytes="75912" bytesdiscarded="236232" />
  <memory-copied type="tenure" objects="880" bytes="21120" bytesdiscarded="0" />
</gc-op>
<heap-resize id="465" type="expand" space="nursery" amount="655360" count="1" timems="0.020" reason="excessive time being spent scavenging" timestamp="2019-06-15T03:59:55.821" />
<gc-end id="466" type="scavenge" contextid="461" durationms="2.537" usertimems="8.000" systemtimems="0.000" timestamp="2019-06-15T03:59:55.821" activeThreads="4">
  <mem-info id="467" free="8339504" total="14417920" percent="57">
    <mem type="nursery" free="7355568" total="8519680" percent="86">
      <mem type="allocate" free="7355568" total="7667712" percent="95" />
      <mem type="survivor" free="0" total="851968" percent="0" />
    </mem>
    <mem type="tenure" free="983936" total="5898240" percent="16">
      <mem type="soa" free="734080" total="5603328" percent="13" />
      <mem type="loa" free="249856" total="294912" percent="84" />
    </mem>
    <remembered-set count="1625" />
  </mem-info>
</gc-end>
<cycle-end id="468" type="scavenge" contextid="461" timestamp="2019-06-15T03:59:55.821" />
  <attribute name="elasticGC enabled" value="1" />
  <attribute name= "numThreadsSpecified" value="4" />
  <attribute name="heapSize specified" value="9175040" />
  <attribute name="Current GC Util" value="14" />
  <attribute name= "Current Time Running" value="963" />
  <attribute name ="GC Interval" value="200" />
  <attribute name="ProportionalT" value="-3.000000" />
  <attribute name="ProportionalI" value="-3.000000" />
  <attribute name="ProportionalH" value="-3.000000" />
  <attribute name="Current Error" value="-6.000000" />
  <attribute name="IntegralT" value="-126.000000" />
  <attribute name="IntegralI" value="-126.000000" />
  <attribute name="IntegralH" value="-126.000000" />
  <attribute name="DerivativeT" value="-0.428571" />
  <attribute name="DerivativeI" value="-0.428571" />
  <attribute name="DerivativeH" value="-0.428571" />
  <attribute name="Loop Time for DT" value="21.000000" />
  <attribute name="Output H" value="2092630016"/>
  <attribute name="Output I" value="200"/>
  <attribute name="Output T" value="4"/>
  <attribute name="Target GC Util Change" value ="20.000000" />
  <attribute name="Current GC Util Change" value="14.000000"/>
  <attribute name="GC Util currently" value="14" />
  <attribute name="CPU Util currently" value="222572094916" />
<allocation-satisfied id="469" threadId="000000000230C900" bytesRequested="40" />
<af-end id="470" timestamp="2019-06-15T03:59:55.821" threadId="000000000230D288" success="true" from="nursery"/>
<exclusive-end id="471" timestamp="2019-06-15T03:59:55.821" durationms="3.061" />

<exclusive-start id="472" timestamp="2019-06-15T03:59:55.831" intervalms="13.132">
  <response-info timems="0.027" idlems="0.027" threads="0" lastid="0000000002308D00" lastname="Thread-8" />
</exclusive-start>
<af-start id="473" threadId="0000000002309688" totalBytesRequested="40" timestamp="2019-06-15T03:59:55.832" intervalms="13.110" type="nursery" />
<cycle-start id="474" type="scavenge" contextid="0" timestamp="2019-06-15T03:59:55.832" intervalms="13.113" />
<gc-start id="475" type="scavenge" contextid="474" timestamp="2019-06-15T03:59:55.832">
  <mem-info id="476" free="983936" total="14417920" percent="6">
    <mem type="nursery" free="0" total="8519680" percent="0">
      <mem type="allocate" free="0" total="7667712" percent="0" />
      <mem type="survivor" free="0" total="851968" percent="0" />
    </mem>
    <mem type="tenure" free="983936" total="5898240" percent="16">
      <mem type="soa" free="734080" total="5603328" percent="13" />
      <mem type="loa" free="249856" total="294912" percent="84" />
    </mem>
    <remembered-set count="2134" />
  </mem-info>
</gc-start>
<allocation-stats totalBytes="7354512" >
  <allocated-bytes non-tlh="40" tlh="7354472" />
  <largest-consumer threadName="Thread-10" threadId="000000000230C900" bytes="3590808" />
</allocation-stats>
<gc-op id="477" type="scavenge" timems="0.640" contextid="474" timestamp="2019-06-15T03:59:55.833">
  <scavenger-info tenureage="3" tenuremask="4008" tiltratio="90" />
  <memory-copied type="nursery" objects="2542" bytes="83072" bytesdiscarded="87424" />
  <memory-copied type="tenure" objects="689" bytes="16536" bytesdiscarded="0" />
</gc-op>
<heap-resize id="478" type="expand" space="nursery" amount="393216" count="1" timems="0.011" reason="excessive time being spent scavenging" timestamp="2019-06-15T03:59:55.833" />
<gc-end id="479" type="scavenge" contextid="474" durationms="1.202" usertimems="0.000" systemtimems="0.000" timestamp="2019-06-15T03:59:55.833" activeThreads="4">
  <mem-info id="480" free="8677504" total="14811136" percent="58">
    <mem type="nursery" free="7824896" total="8912896" percent="87">
      <mem type="allocate" free="7824896" total="7995392" percent="97" />
      <mem type="survivor" free="0" total="917504" percent="0" />
    </mem>
    <mem type="tenure" free="852608" total="5898240" percent="14">
      <mem type="soa" free="602752" total="5603328" percent="10" />
      <mem type="loa" free="249856" total="294912" percent="84" />
    </mem>
    <remembered-set count="1659" />
  </mem-info>
</gc-end>
<cycle-end id="481" type="scavenge" contextid="474" timestamp="2019-06-15T03:59:55.833" />
  <attribute name="elasticGC enabled" value="1" />
  <attribute name= "numThreadsSpecified" value="4" />
  <attribute name="heapSize specified" value="9175040" />
  <attribute name="Current GC Util" value="26" />
  <attribute name= "Current Time Running" value="976" />
  <attribute name ="GC Interval" value="200" />
  <attribute name="ProportionalT" value="3.000000" />
  <attribute name="ProportionalI" value="3.000000" />
  <attribute name="ProportionalH" value="3.000000" />
  <attribute name="Current Error" value="6.000000" />
  <attribute name="IntegralT" value="78.000000" />
  <attribute name="IntegralI" value="78.000000" />
  <attribute name="IntegralH" value="78.000000" />
  <attribute name="DerivativeT" value="0.692308" />
  <attribute name="DerivativeI" value="0.692308" />
  <attribute name="DerivativeH" value="0.692308" />
  <attribute name="Loop Time for DT" value="13.000000" />
  <attribute name="Output H" value="8388608"/>
  <attribute name="Output I" value="200"/>
  <attribute name="Output T" value="4"/>
  <attribute name="Target GC Util Change" value ="20.000000" />
  <attribute name="Current GC Util Change" value="26.000000"/>
  <attribute name="GC Util currently" value="26" />
  <attribute name="CPU Util currently" value="348782559829" />
<allocation-satisfied id="482" threadId="0000000002308D00" bytesRequested="40" />
<af-end id="483" timestamp="2019-06-15T03:59:55.833" threadId="0000000002309688" success="true" from="nursery"/>
<exclusive-end id="484" timestamp="2019-06-15T03:59:55.833" durationms="1.790" />

<exclusive-start id="485" timestamp="2019-06-15T03:59:55.842" intervalms="10.676">
  <response-info timems="0.032" idlems="0.032" threads="0" lastid="000000000230C900" lastname="Thread-10" />
</exclusive-start>
<af-start id="486" threadId="000000000230D288" totalBytesRequested="40" timestamp="2019-06-15T03:59:55.842" intervalms="10.706" type="nursery" />
<cycle-start id="487" type="scavenge" contextid="0" timestamp="2019-06-15T03:59:55.842" intervalms="10.700" />
<gc-start id="488" type="scavenge" contextid="487" timestamp="2019-06-15T03:59:55.842">
  <mem-info id="489" free="852608" total="14811136" percent="5">
    <mem type="nursery" free="0" total="8912896" percent="0">
      <mem type="allocate" free="0" total="7995392" percent="0" />
      <mem type="survivor" free="0" total="917504" percent="0" />
    </mem>
    <mem type="tenure" free="852608" total="5898240" percent="14">
      <mem type="soa" free="602752" total="5603328" percent="10" />
      <mem type="loa" free="249856" total="294912" percent="84" />
    </mem>
    <remembered-set count="2180" />
  </mem-info>
</gc-start>
<allocation-stats totalBytes="7823640" >
  <allocated-bytes non-tlh="40" tlh="7823600" />
  <largest-consumer threadName="Thread-10" threadId="000000000230C900" bytes="3253296" />
</allocation-stats>
<gc-op id="490" type="scavenge" timems="2.268" contextid="487" timestamp="2019-06-15T03:59:55.845">
  <scavenger-info tenureage="3" tenuremask="4008" tiltratio="89" />
  <memory-copied type="nursery" objects="6869" bytes="320504" bytesdiscarded="344584" />
  <memory-copied type="tenure" objects="1330" bytes="36216" bytesdiscarded="240" />
</gc-op>
<heap-resize id="491" type="expand" space="nursery" amount="786432" count="1" timems="0.149" reason="excessive time being spent scavenging" timestamp="2019-06-15T03:59:55.845" />
<gc-end id="492" type="scavenge" contextid="487" durationms="2.717" usertimems="8.000" systemtimems="0.000" timestamp="2019-06-15T03:59:55.845" activeThreads="4">
  <mem-info id="493" free="8765288" total="15597568" percent="56">
    <mem type="nursery" free="7985664" total="9699328" percent="82">
      <mem type="allocate" free="7985664" total="8650752" percent="92" />
      <mem type="survivor" free="0" total="1048576" percent="0" />
    </mem>
    <mem type="tenure" free="779624" total="5898240" percent="13">
      <mem type="soa" free="529768" total="5603328" percent="9" />
      <mem type="loa" free="249856" total="294912" percent="84" />
    </mem>
    <remembered-set count="1665" />
  </mem-info>
</gc-end>
<cycle-end id="494" type="scavenge" contextid="487" timestamp="2019-06-15T03:59:55.845" />
  <attribute name="elasticGC enabled" value="1" />
  <attribute name= "numThreadsSpecified" value="4" />
  <attribute name="heapSize specified" value="9175040" />
  <attribute name="Current GC Util" value="13" />
  <attribute name= "Current Time Running" value="987" />
  <attribute name ="GC Interval" value="200" />
  <attribute name="ProportionalT" value="-3.500000" />
  <attribute name="ProportionalI" value="-3.500000" />
  <attribute name="ProportionalH" value="-3.500000" />
  <attribute name="Current Error" value="-7.000000" />
  <attribute name="IntegralT" value="-77.000000" />
  <attribute name="IntegralI" value="-77.000000" />
  <attribute name="IntegralH" value="-77.000000" />
  <attribute name="DerivativeT" value="-1.772727" />
  <attribute name="DerivativeI" value="-1.772727" />
  <attribute name="DerivativeH" value="-1.772727" />
  <attribute name="Loop Time for DT" value="11.000000" />
  <attribute name="Output H" value="2092630016"/>
  <attribute name="Output I" value="200"/>
  <attribute name="Output T" value="4"/>
  <attribute name="Target GC Util Change" value ="20.000000" />
  <attribute name="Current GC Util Change" value="13.000000"/>
  <attribute name="GC Util currently" value="13" />
  <attribute name="CPU Util currently" value="430983709377" />
<allocation-satisfied id="495" threadId="000000000230C900" bytesRequested="40" />
<af-end id="496" timestamp="2019-06-15T03:59:55.845" threadId="000000000230D288" success="true" from="nursery"/>
<exclusive-end id="497" timestamp="2019-06-15T03:59:55.845" durationms="3.244" />

<exclusive-start id="498" timestamp="2019-06-15T03:59:55.853" intervalms="10.627">
  <response-info timems="0.093" idlems="0.093" threads="0" lastid="000000000230C900" lastname="Thread-10" />
</exclusive-start>
<af-start id="499" threadId="000000000230D288" totalBytesRequested="40" timestamp="2019-06-15T03:59:55.853" intervalms="10.652" type="nursery" />
<cycle-start id="500" type="scavenge" contextid="0" timestamp="2019-06-15T03:59:55.853" intervalms="10.655" />
<gc-start id="501" type="scavenge" contextid="500" timestamp="2019-06-15T03:59:55.853">
  <mem-info id="502" free="779624" total="15597568" percent="4">
    <mem type="nursery" free="0" total="9699328" percent="0">
      <mem type="allocate" free="0" total="8650752" percent="0" />
      <mem type="survivor" free="0" total="1048576" percent="0" />
    </mem>
    <mem type="tenure" free="779624" total="5898240" percent="13">
      <mem type="soa" free="529768" total="5603328" percent="9" />
      <mem type="loa" free="249856" total="294912" percent="84" />
    </mem>
    <remembered-set count="2131" />
  </mem-info>
</gc-start>
<allocation-stats totalBytes="7984520" >
  <allocated-bytes non-tlh="40" tlh="7984480" />
  <largest-consumer threadName="Thread-9" threadId="0000000002310500" bytes="2707072" />
</allocation-stats>
<gc-op id="503" type="scavenge" timems="1.718" contextid="500" timestamp="2019-06-15T03:59:55.855">
  <scavenger-info tenureage="5" tenuremask="ffe0" tiltratio="89" />
  <memory-copied type="nursery" objects="8009" bytes="347944" bytesdiscarded="62936" />
</gc-op>
<heap-resize id="504" type="expand" space="nursery" amount="917504" count="1" timems="0.028" reason="excessive time being spent scavenging" timestamp="2019-06-15T03:59:55.855" />
<gc-end id="505" type="scavenge" contextid="500" durationms="2.139" usertimems="4.000" systemtimems="0.000" timestamp="2019-06-15T03:59:55.855" activeThreads="4">
  <mem-info id="506" free="9871464" total="16515072" percent="59">
    <mem type="nursery" free="9091840" total="10616832" percent="85">
      <mem type="allocate" free="9091840" total="9502720" percent="95" />
      <mem type="survivor" free="0" total="1114112" percent="0" />
    </mem>
    <mem type="tenure" free="779624" total="5898240" percent="13">
      <mem type="soa" free="529768" total="5603328" percent="9" />
      <mem type="loa" free="249856" total="294912" percent="84" />
    </mem>
    <remembered-set count="2130" />
  </mem-info>
</gc-end>
<cycle-end id="507" type="scavenge" contextid="500" timestamp="2019-06-15T03:59:55.855" />
  <attribute name="elasticGC enabled" value="1" />
  <attribute name= "numThreadsSpecified" value="4" />
  <attribute name="heapSize specified" value="9175040" />
  <attribute name="Current GC Util" value="33" />
  <attribute name= "Current Time Running" value="998" />
  <attribute name ="GC Interval" value="200" />
  <attribute name="ProportionalT" value="6.500000" />
  <attribute name="ProportionalI" value="6.500000" />
  <attribute name="ProportionalH" value="6.500000" />
  <attribute name="Current Error" value="13.000000" />
  <attribute name="IntegralT" value="143.000000" />
  <attribute name="IntegralI" value="143.000000" />
  <attribute name="IntegralH" value="143.000000" />
  <attribute name="DerivativeT" value="1.772727" />
  <attribute name="DerivativeI" value="1.772727" />
  <attribute name="DerivativeH" value="1.772727" />
  <attribute name="Loop Time for DT" value="11.000000" />
  <attribute name="Output H" value="8388608"/>
  <attribute name="Output I" value="200"/>
  <attribute name="Output T" value="4"/>
  <attribute name="Target GC Util Change" value ="20.000000" />
  <attribute name="Current GC Util Change" value="33.000000"/>
  <attribute name="GC Util currently" value="33" />
  <attribute name="CPU Util currently" value="431850083499" />
<allocation-satisfied id="508" threadId="000000000230C900" bytesRequested="40" />
<af-end id="509" timestamp="2019-06-15T03:59:55.856" threadId="000000000230D288" success="true" from="nursery"/>
<exclusive-end id="510" timestamp="2019-06-15T03:59:55.856" durationms="2.893" />

<exclusive-start id="511" timestamp="2019-06-15T03:59:55.865" intervalms="12.067">
  <response-info timems="0.242" idlems="0.242" threads="0" lastid="0000000002310500" lastname="Thread-9" />
</exclusive-start>
<af-start id="512" threadId="0000000002310E88" totalBytesRequested="40" timestamp="2019-06-15T03:59:55.865" intervalms="12.079" type="nursery" />
<cycle-start id="513" type="scavenge" contextid="0" timestamp="2019-06-15T03:59:55.865" intervalms="12.106" />
<gc-start id="514" type="scavenge" contextid="513" timestamp="2019-06-15T03:59:55.865">
  <mem-info id="515" free="779624" total="16515072" percent="4">
    <mem type="nursery" free="0" total="10616832" percent="0">
      <mem type="allocate" free="0" total="9502720" percent="0" />
      <mem type="survivor" free="0" total="1114112" percent="0" />
    </mem>
    <mem type="tenure" free="779624" total="5898240" percent="13">
      <mem type="soa" free="529768" total="5603328" percent="9" />
      <mem type="loa" free="249856" total="294912" percent="84" />
    </mem>
    <remembered-set count="2579" />
  </mem-info>
</gc-start>
<allocation-stats totalBytes="9090568" >
  <allocated-bytes non-tlh="40" tlh="9090528" />
  <largest-consumer threadName="Thread-10" threadId="000000000230C900" bytes="3377424" />
</allocation-stats>
<gc-op id="516" type="scavenge" timems="0.472" contextid="513" timestamp="2019-06-15T03:59:55.866">
  <scavenger-info tenureage="3" tenuremask="fff8" tiltratio="89" />
  <memory-copied type="nursery" objects="8325" bytes="338104" bytesdiscarded="125768" />
  <memory-copied type="tenure" objects="1077" bytes="42872" bytesdiscarded="0" />
</gc-op>
<gc-end id="517" type="scavenge" contextid="513" durationms="0.781" usertimems="4.000" systemtimems="0.000" timestamp="2019-06-15T03:59:55.866" activeThreads="4">
  <mem-info id="518" free="9818472" total="16515072" percent="59">
    <mem type="nursery" free="9038848" total="10616832" percent="85">
      <mem type="allocate" free="9038848" total="9502720" percent="95" />
      <mem type="survivor" free="0" total="1114112" percent="0" />
    </mem>
    <mem type="tenure" free="779624" total="5898240" percent="13">
      <mem type="soa" free="529768" total="5603328" percent="9" />
      <mem type="loa" free="249856" total="294912" percent="84" />
    </mem>
    <remembered-set count="1525" />
  </mem-info>
</gc-end>
<cycle-end id="519" type="scavenge" contextid="513" timestamp="2019-06-15T03:59:55.866" />
  <attribute name="elasticGC enabled" value="1" />
  <attribute name= "numThreadsSpecified" value="4" />
  <attribute name="heapSize specified" value="9175040" />
  <attribute name="Current GC Util" value="23" />
  <attribute name= "Current Time Running" value="1010" />
  <attribute name ="GC Interval" value="200" />
  <attribute name="ProportionalT" value="1.500000" />
  <attribute name="ProportionalI" value="1.500000" />
  <attribute name="ProportionalH" value="1.500000" />
  <attribute name="Current Error" value="3.000000" />
  <attribute name="IntegralT" value="36.000000" />
  <attribute name="IntegralI" value="36.000000" />
  <attribute name="IntegralH" value="36.000000" />
  <attribute name="DerivativeT" value="-1.250000" />
  <attribute name="DerivativeI" value="-1.250000" />
  <attribute name="DerivativeH" value="-1.250000" />
  <attribute name="Loop Time for DT" value="12.000000" />
  <attribute name="Output H" value="8388608"/>
  <attribute name="Output I" value="200"/>
  <attribute name="Output T" value="4"/>
  <attribute name="Target GC Util Change" value ="20.000000" />
  <attribute name="Current GC Util Change" value="23.000000"/>
  <attribute name="GC Util currently" value="23" />
  <attribute name="CPU Util currently" value="380606279417" />
<allocation-satisfied id="520" threadId="0000000002310500" bytesRequested="40" />
<af-end id="521" timestamp="2019-06-15T03:59:55.866" threadId="0000000002310E88" success="true" from="nursery"/>
<exclusive-end id="522" timestamp="2019-06-15T03:59:55.866" durationms="1.475" />

<exclusive-start id="523" timestamp="2019-06-15T03:59:55.877" intervalms="12.445">
  <response-info timems="0.046" idlems="0.025" threads="1" lastid="0000000002310500" lastname="Thread-9" />
</exclusive-start>
<af-start id="524" threadId="0000000002314A88" totalBytesRequested="24" timestamp="2019-06-15T03:59:55.877" intervalms="12.427" type="nursery" />
<cycle-start id="525" type="scavenge" contextid="0" timestamp="2019-06-15T03:59:55.878" intervalms="12.396" />
<gc-start id="526" type="scavenge" contextid="525" timestamp="2019-06-15T03:59:55.878">
  <mem-info id="527" free="779624" total="16515072" percent="4">
    <mem type="nursery" free="0" total="10616832" percent="0">
      <mem type="allocate" free="0" total="9502720" percent="0" />
      <mem type="survivor" free="0" total="1114112" percent="0" />
    </mem>
    <mem type="tenure" free="779624" total="5898240" percent="13">
      <mem type="soa" free="529768" total="5603328" percent="9" />
      <mem type="loa" free="249856" total="294912" percent="84" />
    </mem>
    <remembered-set count="2535" />
  </mem-info>
</gc-start>
<allocation-stats totalBytes="9037680" >
  <allocated-bytes non-tlh="40" tlh="9037640" />
  <largest-consumer threadName="Thread-10" threadId="000000000230C900" bytes="4532688" />
</allocation-stats>
<gc-op id="528" type="scavenge" timems="0.532" contextid="525" timestamp="2019-06-15T03:59:55.878">
  <scavenger-info tenureage="3" tenuremask="ffc8" tiltratio="89" />
  <memory-copied type="nursery" objects="4360" bytes="105304" bytesdiscarded="358568" />
  <memory-copied type="tenure" objects="5548" bytes="270528" bytesdiscarded="24" />
</gc-op>
<gc-end id="529" type="scavenge" contextid="525" durationms="0.794" usertimems="4.000" systemtimems="0.000" timestamp="2019-06-15T03:59:55.878" activeThreads="4">
  <mem-info id="530" free="9617256" total="16515072" percent="58">
    <mem type="nursery" free="9038848" total="10616832" percent="85">
      <mem type="allocate" free="9038848" total="9502720" percent="95" />
      <mem type="survivor" free="0" total="1114112" percent="0" />
    </mem>
    <mem type="tenure" free="578408" total="5898240" percent="9">
      <mem type="soa" free="328552" total="5603328" percent="5" />
      <mem type="loa" free="249856" total="294912" percent="84" />
    </mem>
    <remembered-set count="4342" />
  </mem-info>
</gc-end>
<cycle-end id="531" type="scavenge" contextid="525" timestamp="2019-06-15T03:59:55.878" />
  <attribute name="elasticGC enabled" value="1" />
  <attribute name= "numThreadsSpecified" value="4" />
  <attribute name="heapSize specified" value="9175040" />
  <attribute name="Current GC Util" value="10" />
  <attribute name= "Current Time Running" value="1022" />
  <attribute name ="GC Interval" value="200" />
  <attribute name="ProportionalT" value="-5.000000" />
  <attribute name="ProportionalI" value="-5.000000" />
  <attribute name="ProportionalH" value="-5.000000" />
  <attribute name="Current Error" value="-10.000000" />
  <attribute name="IntegralT" value="-120.000000" />
  <attribute name="IntegralI" value="-120.000000" />
  <attribute name="IntegralH" value="-120.000000" />
  <attribute name="DerivativeT" value="-1.625000" />
  <attribute name="DerivativeI" value="-1.625000" />
  <attribute name="DerivativeH" value="-1.625000" />
  <attribute name="Loop Time for DT" value="12.000000" />
  <attribute name="Output H" value="2092630016"/>
  <attribute name="Output I" value="200"/>
  <attribute name="Output T" value="4"/>
  <attribute name="Target GC Util Change" value ="20.000000" />
  <attribute name="Current GC Util Change" value="10.000000"/>
  <attribute name="GC Util currently" value="10" />
  <attribute name="CPU Util currently" value="372529974353" />
<allocation-satisfied id="532" threadId="0000000002314100" bytesRequested="24" />
<af-end id="533" timestamp="2019-06-15T03:59:55.879" threadId="0000000002314A88" success="true" from="nursery"/>
<exclusive-end id="534" timestamp="2019-06-15T03:59:55.879" durationms="1.415" />

<exclusive-start id="535" timestamp="2019-06-15T03:59:55.889" intervalms="11.313">
  <response-info timems="0.037" idlems="0.037" threads="0" lastid="000000000230C900" lastname="Thread-10" />
</exclusive-start>
<af-start id="536" threadId="000000000230D288" totalBytesRequested="40" timestamp="2019-06-15T03:59:55.889" intervalms="11.338" type="nursery" />
<cycle-start id="537" type="scavenge" contextid="0" timestamp="2019-06-15T03:59:55.889" intervalms="11.343" />
<gc-start id="538" type="scavenge" contextid="537" timestamp="2019-06-15T03:59:55.889">
  <mem-info id="539" free="578408" total="16515072" percent="3">
    <mem type="nursery" free="0" total="10616832" percent="0">
      <mem type="allocate" free="0" total="9502720" percent="0" />
      <mem type="survivor" free="0" total="1114112" percent="0" />
    </mem>
    <mem type="tenure" free="578408" total="5898240" percent="9">
      <mem type="soa" free="328552" total="5603328" percent="5" />
      <mem type="loa" free="249856" total="294912" percent="84" />
    </mem>
    <remembered-set count="5551" />
  </mem-info>
</gc-start>
<allocation-stats totalBytes="9037392" >
  <allocated-bytes non-tlh="24" tlh="9037368" />
  <largest-consumer threadName="Thread-10" threadId="000000000230C900" bytes="4275416" />
</allocation-stats>
<gc-op id="540" type="scavenge" timems="1.798" contextid="537" timestamp="2019-06-15T03:59:55.891">
  <scavenger-info tenureage="5" tenuremask="ffe0" tiltratio="89" />
  <memory-copied type="nursery" objects="5586" bytes="134880" bytesdiscarded="206112" />
</gc-op>
<heap-resize id="541" type="expand" space="nursery" amount="917504" count="1" timems="0.025" reason="excessive time being spent scavenging" timestamp="2019-06-15T03:59:55.891" />
<gc-end id="542" type="scavenge" contextid="537" durationms="2.138" usertimems="4.000" systemtimems="0.000" timestamp="2019-06-15T03:59:55.891" activeThreads="4">
  <mem-info id="543" free="10526568" total="17432576" percent="60">
    <mem type="nursery" free="9948160" total="11534336" percent="86">
      <mem type="allocate" free="9948160" total="10289152" percent="96" />
      <mem type="survivor" free="0" total="1245184" percent="0" />
    </mem>
    <mem type="tenure" free="578408" total="5898240" percent="9">
      <mem type="soa" free="328552" total="5603328" percent="5" />
      <mem type="loa" free="249856" total="294912" percent="84" />
    </mem>
    <remembered-set count="5551" />
  </mem-info>
</gc-end>
<cycle-end id="544" type="scavenge" contextid="537" timestamp="2019-06-15T03:59:55.891" />
  <attribute name="elasticGC enabled" value="1" />
  <attribute name= "numThreadsSpecified" value="4" />
  <attribute name="heapSize specified" value="9175040" />
  <attribute name="Current GC Util" value="13" />
  <attribute name= "Current Time Running" value="1033" />
  <attribute name ="GC Interval" value="200" />
  <attribute name="ProportionalT" value="-3.500000" />
  <attribute name="ProportionalI" value="-3.500000" />
  <attribute name="ProportionalH" value="-3.500000" />
  <attribute name="Current Error" value="-7.000000" />
  <attribute name="IntegralT" value="-77.000000" />
  <attribute name="IntegralI" value="-77.000000" />
  <attribute name="IntegralH" value="-77.000000" />
  <attribute name="DerivativeT" value="-0.954545" />
  <attribute name="DerivativeI" value="-0.954545" />
  <attribute name="DerivativeH" value="-0.954545" />
  <attribute name="Loop Time for DT" value="11.000000" />
  <attribute name="Output H" value="2092630016"/>
  <attribute name="Output I" value="200"/>
  <attribute name="Output T" value="4"/>
  <attribute name="Target GC Util Change" value ="20.000000" />
  <attribute name="Current GC Util Change" value="13.000000"/>
  <attribute name="GC Util currently" value="13" />
  <attribute name="CPU Util currently" value="409387836189" />
<allocation-satisfied id="545" threadId="000000000230C900" bytesRequested="40" />
<af-end id="546" timestamp="2019-06-15T03:59:55.891" threadId="000000000230D288" success="true" from="nursery"/>
<exclusive-end id="547" timestamp="2019-06-15T03:59:55.892" durationms="2.982" />

<exclusive-start id="548" timestamp="2019-06-15T03:59:55.904" intervalms="15.355">
  <response-info timems="0.106" idlems="0.106" threads="0" lastid="000000000230C900" lastname="Thread-10" />
</exclusive-start>
<af-start id="549" threadId="000000000230D288" totalBytesRequested="40" timestamp="2019-06-15T03:59:55.904" intervalms="15.306" type="nursery" />
<cycle-start id="550" type="scavenge" contextid="0" timestamp="2019-06-15T03:59:55.904" intervalms="15.305" />
<gc-start id="551" type="scavenge" contextid="550" timestamp="2019-06-15T03:59:55.904">
  <mem-info id="552" free="578408" total="17432576" percent="3">
    <mem type="nursery" free="0" total="11534336" percent="0">
      <mem type="allocate" free="0" total="10289152" percent="0" />
      <mem type="survivor" free="0" total="1245184" percent="0" />
    </mem>
    <mem type="tenure" free="578408" total="5898240" percent="9">
      <mem type="soa" free="328552" total="5603328" percent="5" />
      <mem type="loa" free="249856" total="294912" percent="84" />
    </mem>
    <remembered-set count="7684" />
  </mem-info>
</gc-start>
<allocation-stats totalBytes="9946944" >
  <allocated-bytes non-tlh="40" tlh="9946904" />
  <largest-consumer threadName="Thread-10" threadId="000000000230C900" bytes="4484568" />
</allocation-stats>
<gc-op id="553" type="scavenge" timems="1.592" contextid="550" timestamp="2019-06-15T03:59:55.906">
  <scavenger-info tenureage="4" tenuremask="fff0" tiltratio="89" />
  <memory-copied type="nursery" objects="12760" bytes="444672" bytesdiscarded="89088" />
  <memory-copied type="tenure" objects="1135" bytes="27240" bytesdiscarded="0" />
</gc-op>
<gc-end id="554" type="scavenge" contextid="550" durationms="1.904" usertimems="4.000" systemtimems="0.000" timestamp="2019-06-15T03:59:55.906" activeThreads="4">
  <mem-info id="555" free="10399336" total="17432576" percent="59">
    <mem type="nursery" free="9820928" total="11534336" percent="85">
      <mem type="allocate" free="9820928" total="10354688" percent="94" />
      <mem type="survivor" free="0" total="1179648" percent="0" />
    </mem>
    <mem type="tenure" free="578408" total="5898240" percent="9">
      <mem type="soa" free="328552" total="5603328" percent="5" />
      <mem type="loa" free="249856" total="294912" percent="84" />
    </mem>
    <remembered-set count="6549" />
  </mem-info>
</gc-end>
<cycle-end id="556" type="scavenge" contextid="550" timestamp="2019-06-15T03:59:55.906" />
  <attribute name="elasticGC enabled" value="1" />
  <attribute name= "numThreadsSpecified" value="4" />
  <attribute name="heapSize specified" value="9175040" />
  <attribute name="Current GC Util" value="19" />
  <attribute name= "Current Time Running" value="1049" />
  <attribute name ="GC Interval" value="200" />
  <attribute name="ProportionalT" value="-0.500000" />
  <attribute name="ProportionalI" value="-0.500000" />
  <attribute name="ProportionalH" value="-0.500000" />
  <attribute name="Current Error" value="-1.000000" />
  <attribute name="IntegralT" value="-16.000000" />
  <attribute name="IntegralI" value="-16.000000" />
  <attribute name="IntegralH" value="-16.000000" />
  <attribute name="DerivativeT" value="-0.093750" />
  <attribute name="DerivativeI" value="-0.093750" />
  <attribute name="DerivativeH" value="-0.093750" />
  <attribute name="Loop Time for DT" value="16.000000" />
  <attribute name="Output H" value="2092630016"/>
  <attribute name="Output I" value="200"/>
  <attribute name="Output T" value="4"/>
  <attribute name="Target GC Util Change" value ="20.000000" />
  <attribute name="Current GC Util Change" value="19.000000"/>
  <attribute name="GC Util currently" value="19" />
  <attribute name="CPU Util currently" value="299813794357" />
<allocation-satisfied id="557" threadId="000000000230C900" bytesRequested="40" />
<af-end id="558" timestamp="2019-06-15T03:59:55.906" threadId="000000000230D288" success="true" from="nursery"/>
<exclusive-end id="559" timestamp="2019-06-15T03:59:55.906" durationms="2.524" />

<exclusive-start id="560" timestamp="2019-06-15T03:59:55.916" intervalms="12.421">
  <response-info timems="0.025" idlems="0.025" threads="0" lastid="000000000230C900" lastname="Thread-10" />
</exclusive-start>
<af-start id="561" threadId="000000000230D288" totalBytesRequested="40" timestamp="2019-06-15T03:59:55.917" intervalms="12.436" type="nursery" />
<cycle-start id="562" type="scavenge" contextid="0" timestamp="2019-06-15T03:59:55.917" intervalms="12.431" />
<gc-start id="563" type="scavenge" contextid="562" timestamp="2019-06-15T03:59:55.917">
  <mem-info id="564" free="578408" total="17432576" percent="3">
    <mem type="nursery" free="0" total="11534336" percent="0">
      <mem type="allocate" free="0" total="10354688" percent="0" />
      <mem type="survivor" free="0" total="1179648" percent="0" />
    </mem>
    <mem type="tenure" free="578408" total="5898240" percent="9">
      <mem type="soa" free="328552" total="5603328" percent="5" />
      <mem type="loa" free="249856" total="294912" percent="84" />
    </mem>
    <remembered-set count="6983" />
  </mem-info>
</gc-start>
<allocation-stats totalBytes="9819720" >
  <allocated-bytes non-tlh="40" tlh="9819680" />
  <largest-consumer threadName="Thread-10" threadId="000000000230C900" bytes="4685232" />
</allocation-stats>
<gc-op id="565" type="scavenge" timems="1.478" contextid="562" timestamp="2019-06-15T03:59:55.918">
  <scavenger-info tenureage="3" tenuremask="ffd8" tiltratio="89" />
  <memory-copied type="nursery" objects="11035" bytes="402984" bytesdiscarded="139224" />
  <memory-copied type="tenure" objects="3118" bytes="74832" bytesdiscarded="0" />
</gc-op>
<heap-resize id="566" type="expand" space="nursery" amount="655360" count="1" timems="0.023" reason="excessive time being spent scavenging" timestamp="2019-06-15T03:59:55.918" />
<gc-end id="567" type="scavenge" contextid="562" durationms="1.887" usertimems="4.000" systemtimems="0.000" timestamp="2019-06-15T03:59:55.919" activeThreads="4">
  <mem-info id="568" free="10980712" total="18087936" percent="60">
    <mem type="nursery" free="10402304" total="12189696" percent="85">
      <mem type="allocate" free="10402304" total="10944512" percent="95" />
      <mem type="survivor" free="0" total="1245184" percent="0" />
    </mem>
    <mem type="tenure" free="578408" total="5898240" percent="9">
      <mem type="soa" free="328552" total="5603328" percent="5" />
      <mem type="loa" free="249856" total="294912" percent="84" />
    </mem>
    <remembered-set count="3864" />
  </mem-info>
</gc-end>
<cycle-end id="569" type="scavenge" contextid="562" timestamp="2019-06-15T03:59:55.919" />
  <attribute name="elasticGC enabled" value="1" />
  <attribute name= "numThreadsSpecified" value="4" />
  <attribute name="heapSize specified" value="9175040" />
  <attribute name="Current GC Util" value="22" />
  <attribute name= "Current Time Running" value="1061" />
  <attribute name ="GC Interval" value="200" />
  <attribute name="ProportionalT" value="1.000000" />
  <attribute name="ProportionalI" value="1.000000" />
  <attribute name="ProportionalH" value="1.000000" />
  <attribute name="Current Error" value="2.000000" />
  <attribute name="IntegralT" value="24.000000" />
  <attribute name="IntegralI" value="24.000000" />
  <attribute name="IntegralH" value="24.000000" />
  <attribute name="DerivativeT" value="0.250000" />
  <attribute name="DerivativeI" value="0.250000" />
  <attribute name="DerivativeH" value="0.250000" />
  <attribute name="Loop Time for DT" value="12.000000" />
  <attribute name="Output H" value="8388608"/>
  <attribute name="Output I" value="200"/>
  <attribute name="Output T" value="4"/>
  <attribute name="Target GC Util Change" value ="20.000000" />
  <attribute name="Current GC Util Change" value="22.000000"/>
  <attribute name="GC Util currently" value="22" />
  <attribute name="CPU Util currently" value="371309688928" />
<allocation-satisfied id="570" threadId="000000000230C900" bytesRequested="40" />
<af-end id="571" timestamp="2019-06-15T03:59:55.919" threadId="000000000230D288" success="true" from="nursery"/>
<exclusive-end id="572" timestamp="2019-06-15T03:59:55.919" durationms="2.515" />

<exclusive-start id="573" timestamp="2019-06-15T03:59:55.927" intervalms="10.441">
  <response-info timems="0.033" idlems="0.033" threads="0" lastid="0000000002308D00" lastname="Thread-8" />
</exclusive-start>
<af-start id="574" threadId="0000000002309688" totalBytesRequested="40" timestamp="2019-06-15T03:59:55.927" intervalms="10.444" type="nursery" />
<cycle-start id="575" type="scavenge" contextid="0" timestamp="2019-06-15T03:59:55.927" intervalms="10.447" />
<gc-start id="576" type="scavenge" contextid="575" timestamp="2019-06-15T03:59:55.927">
  <mem-info id="577" free="578408" total="18087936" percent="3">
    <mem type="nursery" free="0" total="12189696" percent="0">
      <mem type="allocate" free="0" total="10944512" percent="0" />
      <mem type="survivor" free="0" total="1245184" percent="0" />
    </mem>
    <mem type="tenure" free="578408" total="5898240" percent="9">
      <mem type="soa" free="328552" total="5603328" percent="5" />
      <mem type="loa" free="249856" total="294912" percent="84" />
    </mem>
    <remembered-set count="4893" />
  </mem-info>
</gc-start>
<allocation-stats totalBytes="10400848" >
  <allocated-bytes non-tlh="40" tlh="10400808" />
  <largest-consumer threadName="Thread-8" threadId="0000000002308D00" bytes="3803176" />
</allocation-stats>
<gc-op id="578" type="scavenge" timems="0.800" contextid="575" timestamp="2019-06-15T03:59:55.928">
  <scavenger-info tenureage="2" tenuremask="ffcc" tiltratio="89" />
  <memory-copied type="nursery" objects="9776" bytes="372800" bytesdiscarded="160960" />
  <memory-copied type="tenure" objects="9441" bytes="363960" bytesdiscarded="24" />
</gc-op>
<heap-resize id="579" type="expand" space="nursery" amount="655360" count="1" timems="0.014" reason="excessive time being spent scavenging" timestamp="2019-06-15T03:59:55.928" />
<gc-end id="580" type="scavenge" contextid="575" durationms="1.199" usertimems="4.000" systemtimems="0.000" timestamp="2019-06-15T03:59:55.928" activeThreads="4">
  <mem-info id="581" free="11250432" total="18743296" percent="60">
    <mem type="nursery" free="11000576" total="12845056" percent="85">
      <mem type="allocate" free="11000576" total="11534336" percent="95" />
      <mem type="survivor" free="0" total="1310720" percent="0" />
    </mem>
    <mem type="tenure" free="249856" total="5898240" percent="4">
      <mem type="soa" free="0" total="5603328" percent="0" />
      <mem type="loa" free="249856" total="294912" percent="84" />
    </mem>
    <remembered-set count="3916" />
  </mem-info>
</gc-end>
<cycle-end id="582" type="scavenge" contextid="575" timestamp="2019-06-15T03:59:55.928" />
  <attribute name="elasticGC enabled" value="1" />
  <attribute name= "numThreadsSpecified" value="4" />
  <attribute name="heapSize specified" value="9175040" />
  <attribute name="Current GC Util" value="24" />
  <attribute name= "Current Time Running" value="1072" />
  <attribute name ="GC Interval" value="200" />
  <attribute name="ProportionalT" value="2.000000" />
  <attribute name="ProportionalI" value="2.000000" />
  <attribute name="ProportionalH" value="2.000000" />
  <attribute name="Current Error" value="4.000000" />
  <attribute name="IntegralT" value="44.000000" />
  <attribute name="IntegralI" value="44.000000" />
  <attribute name="IntegralH" value="44.000000" />
  <attribute name="DerivativeT" value="0.272727" />
  <attribute name="DerivativeI" value="0.272727" />
  <attribute name="DerivativeH" value="0.272727" />
  <attribute name="Loop Time for DT" value="11.000000" />
  <attribute name="Output H" value="8388608"/>
  <attribute name="Output I" value="200"/>
  <attribute name="Output T" value="4"/>
  <attribute name="Target GC Util Change" value ="20.000000" />
  <attribute name="Current GC Util Change" value="24.000000"/>
  <attribute name="GC Util currently" value="24" />
  <attribute name="CPU Util currently" value="441160136496" />
<allocation-satisfied id="583" threadId="0000000002308D00" bytesRequested="40" />
<af-end id="584" timestamp="2019-06-15T03:59:55.929" threadId="0000000002309688" success="true" from="nursery"/>
<exclusive-end id="585" timestamp="2019-06-15T03:59:55.929" durationms="1.793" />

<concurrent-kickoff id="586" timestamp="2019-06-15T03:59:55.936">
  <kickoff reason="threshold reached" targetBytes="1603486" thresholdFreeBytes="224969"  remainingFree="195328" tenureFreeBytes="249856" nurseryFreeBytes="195328" />
</concurrent-kickoff>
<exclusive-start id="587" timestamp="2019-06-15T03:59:55.937" intervalms="9.686">
  <response-info timems="0.032" idlems="0.032" threads="0" lastid="0000000002310500" lastname="Thread-9" />
</exclusive-start>
<cycle-start id="588" type="global" contextid="0" timestamp="2019-06-15T03:59:55.937" intervalms="340.528" />
<exclusive-end id="589" timestamp="2019-06-15T03:59:55.937" durationms="0.184" />

<exclusive-start id="590" timestamp="2019-06-15T03:59:55.937" intervalms="0.506">
  <response-info timems="0.024" idlems="0.024" threads="0" lastid="0000000002314100" lastname="Thread-7" />
</exclusive-start>
<af-start id="591" threadId="0000000002314A88" totalBytesRequested="40" timestamp="2019-06-15T03:59:55.937" intervalms="10.162" type="nursery" />
<cycle-start id="592" type="scavenge" contextid="0" timestamp="2019-06-15T03:59:55.937" intervalms="10.155" />
<gc-start id="593" type="scavenge" contextid="592" timestamp="2019-06-15T03:59:55.937">
  <mem-info id="594" free="249856" total="18743296" percent="1">
    <mem type="nursery" free="0" total="12845056" percent="0">
      <mem type="allocate" free="0" total="11534336" percent="0" />
      <mem type="survivor" free="0" total="1310720" percent="0" />
    </mem>
    <mem type="tenure" free="249856" total="5898240" percent="4">
      <mem type="soa" free="0" total="5603328" percent="0" />
      <mem type="loa" free="249856" total="294912" percent="84" />
    </mem>
    <remembered-set count="5715" />
  </mem-info>
</gc-start>
<allocation-stats totalBytes="10999096" >
  <allocated-bytes non-tlh="40" tlh="10999056" />
  <largest-consumer threadName="Thread-8" threadId="0000000002308D00" bytes="3636872" />
</allocation-stats>
<gc-op id="595" type="scavenge" timems="0.594" contextid="592" timestamp="2019-06-15T03:59:55.938">
  <scavenger-info tenureage="5" tenuremask="ffe0" tiltratio="89" />
  <memory-copied type="nursery" objects="12027" bytes="427064" bytesdiscarded="123592" />
</gc-op>
<gc-end id="596" type="scavenge" contextid="592" durationms="0.812" usertimems="0.000" systemtimems="0.000" timestamp="2019-06-15T03:59:55.938" activeThreads="4">
  <mem-info id="597" free="11233536" total="18743296" percent="59">
    <mem type="nursery" free="10983680" total="12845056" percent="85">
      <mem type="allocate" free="10983680" total="11534336" percent="95" />
      <mem type="survivor" free="0" total="1310720" percent="0" />
    </mem>
    <mem type="tenure" free="249856" total="5898240" percent="4">
      <mem type="soa" free="0" total="5603328" percent="0" />
      <mem type="loa" free="249856" total="294912" percent="84" />
    </mem>
    <remembered-set count="5696" />
  </mem-info>
</gc-end>
<cycle-end id="598" type="scavenge" contextid="592" timestamp="2019-06-15T03:59:55.938" />
  <attribute name="elasticGC enabled" value="1" />
  <attribute name= "numThreadsSpecified" value="4" />
  <attribute name="heapSize specified" value="9175040" />
  <attribute name="Current GC Util" value="23" />
  <attribute name= "Current Time Running" value="1082" />
  <attribute name ="GC Interval" value="200" />
  <attribute name="ProportionalT" value="1.500000" />
  <attribute name="ProportionalI" value="1.500000" />
  <attribute name="ProportionalH" value="1.500000" />
  <attribute name="Current Error" value="3.000000" />
  <attribute name="IntegralT" value="30.000000" />
  <attribute name="IntegralI" value="30.000000" />
  <attribute name="IntegralH" value="30.000000" />
  <attribute name="DerivativeT" value="-0.150000" />
  <attribute name="DerivativeI" value="-0.150000" />
  <attribute name="DerivativeH" value="-0.150000" />
  <attribute name="Loop Time for DT" value="10.000000" />
  <attribute name="Output H" value="8388608"/>
  <attribute name="Output I" value="200"/>
  <attribute name="Output T" value="4"/>
  <attribute name="Target GC Util Change" value ="20.000000" />
  <attribute name="Current GC Util Change" value="23.000000"/>
  <attribute name="GC Util currently" value="23" />
  <attribute name="CPU Util currently" value="455989518253" />
<allocation-satisfied id="599" threadId="0000000002314100" bytesRequested="40" />
<af-end id="600" timestamp="2019-06-15T03:59:55.938" threadId="0000000002314A88" success="true" from="nursery"/>
<exclusive-end id="601" timestamp="2019-06-15T03:59:55.938" durationms="1.323" />

<exclusive-start id="602" timestamp="2019-06-15T03:59:55.948" intervalms="11.273">
  <response-info timems="0.046" idlems="0.046" threads="0" lastid="0000000002314100" lastname="Thread-7" />
</exclusive-start>
<concurrent-collection-start id="603" timestamp="2019-06-15T03:59:55.948" intervalms="333.372" >
  <concurrent-trace-info reason="card cleaning threshold reached" tracedByMutators="976224" tracedByHelpers="936856" cardsCleaned="192" workStackOverflowCount="0" />
</concurrent-collection-start>
<gc-start id="604" type="global" contextid="588" timestamp="2019-06-15T03:59:55.949">
  <mem-info id="605" free="249856" total="18743296" percent="1">
    <mem type="nursery" free="0" total="12845056" percent="0">
      <mem type="allocate" free="0" total="11534336" percent="0" />
      <mem type="survivor" free="0" total="1310720" percent="0" />
    </mem>
    <mem type="tenure" free="249856" total="5898240" percent="4">
      <mem type="soa" free="0" total="5603328" percent="0" />
      <mem type="loa" free="249856" total="294912" percent="84" />
    </mem>
    <remembered-set count="6348" />
  </mem-info>
</gc-start>
<allocation-stats totalBytes="10982240" >
  <allocated-bytes non-tlh="40" tlh="10982200" />
  <largest-consumer threadName="Thread-10" threadId="000000000230C900" bytes="3898896" />
</allocation-stats>
<gc-op id="606" type="rs-scan" timems="0.422" contextid="588" timestamp="2019-06-15T03:59:55.949">
  <scan objectsFound="4861" bytesTraced="411928" workStackOverflowCount="0" />
</gc-op>
<gc-op id="607" type="card-cleaning" timems="0.078" contextid="588" timestamp="2019-06-15T03:59:55.949">
  <card-cleaning cardsCleaned="5" bytesTraced="11256" workStackOverflowCount="0" />
</gc-op>
<gc-op id="608" type="mark" timems="1.348" contextid="588" timestamp="2019-06-15T03:59:55.951">
  <trace-info objectcount="19274" scancount="19241" scanbytes="876220" />
  <finalization candidates="124" enqueued="0" />
  <ownableSynchronizers candidates="3" cleared="0" />
  <references type="soft" candidates="148" cleared="0" enqueued="0" dynamicThreshold="12" maxThreshold="32" />
  <references type="weak" candidates="693" cleared="0" enqueued="0" />
  <references type="phantom" candidates="37" cleared="0" enqueued="0" />
  <stringconstants candidates="4597" cleared="0"  />
</gc-op>
<gc-op id="609" type="sweep" timems="0.304" contextid="588" timestamp="2019-06-15T03:59:55.951" />
<mem-info id="610" free="12461088" total="18743296" percent="66">
  <mem type="nursery" free="10790136" total="12845056" percent="84">
    <mem type="allocate" free="10790136" total="11534336" percent="93" />
    <mem type="survivor" free="0" total="1310720" percent="0" />
  </mem>
  <mem type="tenure" free="1670952" total="5898240" percent="28" micro-fragmented="140078" macro-fragmented="0">
    <mem type="soa" free="1376040" total="5603328" percent="24" />
    <mem type="loa" free="294912" total="294912" percent="100" />
  </mem>
  <remembered-set count="5456" />
</mem-info>
<gc-op id="611" type="compact" timems="9.028" contextid="588" timestamp="2019-06-15T03:59:55.960">
  <compact-info movecount="67440" movebytes="4066968" reason="compact to aid heap contraction" />
</gc-op>
<heap-resize id="612" type="contract" space="tenure" amount="262144" count="1" timems="0.080" reason="heap reconfiguration" timestamp="2019-06-15T03:59:55.961" />
<gc-end id="613" type="global" contextid="588" durationms="12.404" usertimems="16.000" systemtimems="0.000" timestamp="2019-06-15T03:59:55.961" activeThreads="4">
  <mem-info id="614" free="12343336" total="18481152" percent="66">
    <mem type="nursery" free="10843312" total="12845056" percent="84">
      <mem type="allocate" free="10843312" total="11534336" percent="94" />
      <mem type="survivor" free="0" total="1310720" percent="0" />
    </mem>
    <mem type="tenure" free="1500024" total="5636096" percent="26">
      <mem type="soa" free="1251192" total="5354496" percent="23" />
      <mem type="loa" free="248832" total="281600" percent="88" />
    </mem>
    <remembered-set count="5456" />
  </mem-info>
</gc-end>
<cycle-end id="615" type="global" contextid="588" timestamp="2019-06-15T03:59:55.961" />
  <attribute name="elasticGC enabled" value="1" />
  <attribute name= "numThreadsSpecified" value="4" />
  <attribute name="heapSize specified" value="18743296" />
  <attribute name="Current GC Util" value="33" />
  <attribute name= "Current Time Running" value="1105" />
  <attribute name ="GC Interval" value="200" />
  <attribute name="ProportionalT" value="6.500000" />
  <attribute name="ProportionalI" value="6.500000" />
  <attribute name="ProportionalH" value="6.500000" />
  <attribute name="Current Error" value="13.000000" />
  <attribute name="IntegralT" value="117.000000" />
  <attribute name="IntegralI" value="117.000000" />
  <attribute name="IntegralH" value="117.000000" />
  <attribute name="DerivativeT" value="0.500000" />
  <attribute name="DerivativeI" value="0.500000" />
  <attribute name="DerivativeH" value="0.500000" />
  <attribute name="Loop Time for DT" value="9.000000" />
  <attribute name="Output H" value="8388608"/>
  <attribute name="Output I" value="200"/>
  <attribute name="Output T" value="4"/>
  <attribute name="Target GC Util Change" value ="20.000000" />
  <attribute name="Current GC Util Change" value="33.000000"/>
  <attribute name="GC Util currently" value="33" />
  <attribute name="CPU Util currently" value="501034732687" />
<concurrent-collection-end id="616" timestamp="2019-06-15T03:59:55.961" />
<exclusive-end id="617" timestamp="2019-06-15T03:59:55.961" durationms="13.087" />

<exclusive-start id="618" timestamp="2019-06-15T03:59:55.970" intervalms="22.209">
  <response-info timems="0.050" idlems="0.050" threads="0" lastid="000000000230C900" lastname="Thread-10" />
</exclusive-start>
<af-start id="619" threadId="000000000230D288" totalBytesRequested="40" timestamp="2019-06-15T03:59:55.971" intervalms="33.525" type="nursery" />
<cycle-start id="620" type="scavenge" contextid="0" timestamp="2019-06-15T03:59:55.971" intervalms="33.554" />
<gc-start id="621" type="scavenge" contextid="620" timestamp="2019-06-15T03:59:55.971">
  <mem-info id="622" free="1500024" total="18481152" percent="8">
    <mem type="nursery" free="0" total="12845056" percent="0">
      <mem type="allocate" free="0" total="11534336" percent="0" />
      <mem type="survivor" free="0" total="1310720" percent="0" />
    </mem>
    <mem type="tenure" free="1500024" total="5636096" percent="26">
      <mem type="soa" free="1251192" total="5354496" percent="23" />
      <mem type="loa" free="248832" total="281600" percent="88" />
    </mem>
    <remembered-set count="6065" />
  </mem-info>
</gc-start>
<allocation-stats totalBytes="10841648" >
  <allocated-bytes non-tlh="0" tlh="10841648" />
  <largest-consumer threadName="Thread-8" threadId="0000000002308D00" bytes="4275512" />
</allocation-stats>
<gc-op id="623" type="scavenge" timems="1.929" contextid="620" timestamp="2019-06-15T03:59:55.973">
  <scavenger-info tenureage="2" tenuremask="fff4" tiltratio="89" />
  <memory-copied type="nursery" objects="12192" bytes="431008" bytesdiscarded="290144" />
  <memory-copied type="tenure" objects="6328" bytes="289248" bytesdiscarded="72" />
  <ownableSynchronizers candidates="6" cleared="6" />
</gc-op>
<gc-end id="624" type="scavenge" contextid="620" durationms="2.331" usertimems="4.000" systemtimems="0.000" timestamp="2019-06-15T03:59:55.973" activeThreads="4">
  <mem-info id="625" free="11928944" total="18481152" percent="64">
    <mem type="nursery" free="10813184" total="12845056" percent="84">
      <mem type="allocate" free="10813184" total="11534336" percent="93" />
      <mem type="survivor" free="0" total="1310720" percent="0" />
    </mem>
    <mem type="tenure" free="1115760" total="5636096" percent="19">
      <mem type="soa" free="866928" total="5354496" percent="16" />
      <mem type="loa" free="248832" total="281600" percent="88" />
    </mem>
    <remembered-set count="5952" />
  </mem-info>
</gc-end>
<cycle-end id="626" type="scavenge" contextid="620" timestamp="2019-06-15T03:59:55.973" />
  <attribute name="elasticGC enabled" value="1" />
  <attribute name= "numThreadsSpecified" value="4" />
  <attribute name="heapSize specified" value="18743296" />
  <attribute name="Current GC Util" value="105" />
  <attribute name= "Current Time Running" value="1115" />
  <attribute name ="GC Interval" value="904" />
  <attribute name="ProportionalT" value="42.500000" />
  <attribute name="ProportionalI" value="42.500000" />
  <attribute name="ProportionalH" value="42.500000" />
  <attribute name="Current Error" value="85.000000" />
  <attribute name="IntegralT" value="850.000000" />
  <attribute name="IntegralI" value="850.000000" />
  <attribute name="IntegralH" value="850.000000" />
  <attribute name="DerivativeT" value="10.800000" />
  <attribute name="DerivativeI" value="10.800000" />
  <attribute name="DerivativeH" value="10.800000" />
  <attribute name="Loop Time for DT" value="10.000000" />
  <attribute name="Output H" value="8388608"/>
  <attribute name="Output I" value="904"/>
  <attribute name="Output T" value="4"/>
  <attribute name="Target GC Util Change" value ="20.000000" />
  <attribute name="Current GC Util Change" value="105.000000"/>
  <attribute name="GC Util currently" value="105" />
  <attribute name="CPU Util currently" value="434390061443" />
<allocation-satisfied id="627" threadId="000000000230C900" bytesRequested="40" />
<af-end id="628" timestamp="2019-06-15T03:59:55.973" threadId="000000000230D288" success="true" from="nursery"/>
<exclusive-end id="629" timestamp="2019-06-15T03:59:55.974" durationms="3.025" />

<exclusive-start id="630" timestamp="2019-06-15T03:59:55.982" intervalms="11.188">
  <response-info timems="0.035" idlems="0.019" threads="1" lastid="0000000002314100" lastname="Thread-7" />
</exclusive-start>
<af-start id="631" threadId="000000000230D288" totalBytesRequested="40" timestamp="2019-06-15T03:59:55.982" intervalms="11.136" type="nursery" />
<cycle-start id="632" type="scavenge" contextid="0" timestamp="2019-06-15T03:59:55.982" intervalms="11.113" />
<gc-start id="633" type="scavenge" contextid="632" timestamp="2019-06-15T03:59:55.982">
  <mem-info id="634" free="1115760" total="18481152" percent="6">
    <mem type="nursery" free="0" total="12845056" percent="0">
      <mem type="allocate" free="0" total="11534336" percent="0" />
      <mem type="survivor" free="0" total="1310720" percent="0" />
    </mem>
    <mem type="tenure" free="1115760" total="5636096" percent="19">
      <mem type="soa" free="866928" total="5354496" percent="16" />
      <mem type="loa" free="248832" total="281600" percent="88" />
    </mem>
    <remembered-set count="7052" />
  </mem-info>
</gc-start>
<allocation-stats totalBytes="10811896" >
  <allocated-bytes non-tlh="40" tlh="10811856" />
  <largest-consumer threadName="Thread-8" threadId="0000000002308D00" bytes="3767936" />
</allocation-stats>
<gc-op id="635" type="scavenge" timems="2.381" contextid="632" timestamp="2019-06-15T03:59:55.985">
  <scavenger-info tenureage="5" tenuremask="ffe0" tiltratio="89" />
  <memory-copied type="nursery" objects="13884" bytes="471488" bytesdiscarded="96064" />
</gc-op>
<heap-resize id="636" type="expand" space="nursery" amount="1310720" count="1" timems="0.025" reason="excessive time being spent scavenging" timestamp="2019-06-15T03:59:55.985" />
<gc-end id="637" type="scavenge" contextid="632" durationms="2.786" usertimems="8.000" systemtimems="0.000" timestamp="2019-06-15T03:59:55.985" activeThreads="4">
  <mem-info id="638" free="13262192" total="19791872" percent="67">
    <mem type="nursery" free="12146432" total="14155776" percent="85">
      <mem type="allocate" free="12146432" total="12713984" percent="95" />
      <mem type="survivor" free="0" total="1441792" percent="0" />
    </mem>
    <mem type="tenure" free="1115760" total="5636096" percent="19">
      <mem type="soa" free="866928" total="5354496" percent="16" />
      <mem type="loa" free="248832" total="281600" percent="88" />
    </mem>
    <remembered-set count="7051" />
  </mem-info>
</gc-end>
<cycle-end id="639" type="scavenge" contextid="632" timestamp="2019-06-15T03:59:55.985" />
  <attribute name="elasticGC enabled" value="1" />
  <attribute name= "numThreadsSpecified" value="4" />
  <attribute name="heapSize specified" value="18743296" />
  <attribute name="Current GC Util" value="29" />
  <attribute name= "Current Time Running" value="1126" />
  <attribute name ="GC Interval" value="200" />
  <attribute name="ProportionalT" value="4.500000" />
  <attribute name="ProportionalI" value="4.500000" />
  <attribute name="ProportionalH" value="4.500000" />
  <attribute name="Current Error" value="9.000000" />
  <attribute name="IntegralT" value="99.000000" />
  <attribute name="IntegralI" value="99.000000" />
  <attribute name="IntegralH" value="99.000000" />
  <attribute name="DerivativeT" value="-10.363636" />
  <attribute name="DerivativeI" value="-10.363636" />
  <attribute name="DerivativeH" value="-10.363636" />
  <attribute name="Loop Time for DT" value="11.000000" />
  <attribute name="Output H" value="8388608"/>
  <attribute name="Output I" value="200"/>
  <attribute name="Output T" value="4"/>
  <attribute name="Target GC Util Change" value ="20.000000" />
  <attribute name="Current GC Util Change" value="29.000000"/>
  <attribute name="GC Util currently" value="29" />
  <attribute name="CPU Util currently" value="419680040006" />
<allocation-satisfied id="640" threadId="000000000230C900" bytesRequested="40" />
<af-end id="641" timestamp="2019-06-15T03:59:55.985" threadId="000000000230D288" success="true" from="nursery"/>
<exclusive-end id="642" timestamp="2019-06-15T03:59:55.985" durationms="3.340" />

<exclusive-start id="643" timestamp="2019-06-15T03:59:55.994" intervalms="12.788">
  <response-info timems="0.031" idlems="0.031" threads="0" lastid="0000000002310500" lastname="Thread-9" />
</exclusive-start>
<af-start id="644" threadId="0000000002310E88" totalBytesRequested="40" timestamp="2019-06-15T03:59:55.995" intervalms="12.833" type="nursery" />
<cycle-start id="645" type="scavenge" contextid="0" timestamp="2019-06-15T03:59:55.995" intervalms="12.840" />
<gc-start id="646" type="scavenge" contextid="645" timestamp="2019-06-15T03:59:55.995">
  <mem-info id="647" free="1115760" total="19791872" percent="5">
    <mem type="nursery" free="0" total="14155776" percent="0">
      <mem type="allocate" free="0" total="12713984" percent="0" />
      <mem type="survivor" free="0" total="1441792" percent="0" />
    </mem>
    <mem type="tenure" free="1115760" total="5636096" percent="19">
      <mem type="soa" free="866928" total="5354496" percent="16" />
      <mem type="loa" free="248832" total="281600" percent="88" />
    </mem>
    <remembered-set count="8140" />
  </mem-info>
</gc-start>
<allocation-stats totalBytes="12144816" >
  <allocated-bytes non-tlh="40" tlh="12144776" />
  <largest-consumer threadName="Thread-8" threadId="0000000002308D00" bytes="4423216" />
</allocation-stats>
<gc-op id="648" type="scavenge" timems="1.083" contextid="645" timestamp="2019-06-15T03:59:55.996">
  <scavenger-info tenureage="3" tenuremask="fff8" tiltratio="89" />
  <memory-copied type="nursery" objects="17418" bytes="694064" bytesdiscarded="172240" />
  <memory-copied type="tenure" objects="3598" bytes="86352" bytesdiscarded="0" />
</gc-op>
<heap-resize id="649" type="expand" space="nursery" amount="655360" count="1" timems="0.016" reason="excessive time being spent scavenging" timestamp="2019-06-15T03:59:55.996" />
<gc-end id="650" type="scavenge" contextid="645" durationms="1.560" usertimems="4.000" systemtimems="0.000" timestamp="2019-06-15T03:59:55.996" activeThreads="4">
  <mem-info id="651" free="13374320" total="20447232" percent="65">
    <mem type="nursery" free="12437504" total="14811136" percent="83">
      <mem type="allocate" free="12437504" total="13303808" percent="93" />
      <mem type="survivor" free="0" total="1507328" percent="0" />
    </mem>
    <mem type="tenure" free="936816" total="5636096" percent="16">
      <mem type="soa" free="687984" total="5354496" percent="12" />
      <mem type="loa" free="248832" total="281600" percent="88" />
    </mem>
    <remembered-set count="4542" />
  </mem-info>
</gc-end>
<cycle-end id="652" type="scavenge" contextid="645" timestamp="2019-06-15T03:59:55.996" />
  <attribute name="elasticGC enabled" value="1" />
  <attribute name= "numThreadsSpecified" value="4" />
  <attribute name="heapSize specified" value="18743296" />
  <attribute name="Current GC Util" value="30" />
  <attribute name= "Current Time Running" value="1139" />
  <attribute name ="GC Interval" value="200" />
  <attribute name="ProportionalT" value="5.000000" />
  <attribute name="ProportionalI" value="5.000000" />
  <attribute name="ProportionalH" value="5.000000" />
  <attribute name="Current Error" value="10.000000" />
  <attribute name="IntegralT" value="130.000000" />
  <attribute name="IntegralI" value="130.000000" />
  <attribute name="IntegralH" value="130.000000" />
  <attribute name="DerivativeT" value="0.115385" />
  <attribute name="DerivativeI" value="0.115385" />
  <attribute name="DerivativeH" value="0.115385" />
  <attribute name="Loop Time for DT" value="13.000000" />
  <attribute name="Output H" value="8388608"/>
  <attribute name="Output I" value="200"/>
  <attribute name="Output T" value="4"/>
  <attribute name="Target GC Util Change" value ="20.000000" />
  <attribute name="Current GC Util Change" value="30.000000"/>
  <attribute name="GC Util currently" value="30" />
  <attribute name="CPU Util currently" value="360759691418" />
<allocation-satisfied id="653" threadId="0000000002310500" bytesRequested="40" />
<af-end id="654" timestamp="2019-06-15T03:59:55.997" threadId="0000000002310E88" success="true" from="nursery"/>
<exclusive-end id="655" timestamp="2019-06-15T03:59:55.997" durationms="2.219" />

<exclusive-start id="656" timestamp="2019-06-15T03:59:56.007" intervalms="12.424">
  <response-info timems="0.042" idlems="0.042" threads="0" lastid="0000000002308D00" lastname="Thread-8" />
</exclusive-start>
<af-start id="657" threadId="0000000002309688" totalBytesRequested="40" timestamp="2019-06-15T03:59:56.007" intervalms="12.448" type="nursery" />
<cycle-start id="658" type="scavenge" contextid="0" timestamp="2019-06-15T03:59:56.007" intervalms="12.441" />
<gc-start id="659" type="scavenge" contextid="658" timestamp="2019-06-15T03:59:56.007">
  <mem-info id="660" free="936816" total="20447232" percent="4">
    <mem type="nursery" free="0" total="14811136" percent="0">
      <mem type="allocate" free="0" total="13303808" percent="0" />
      <mem type="survivor" free="0" total="1507328" percent="0" />
    </mem>
    <mem type="tenure" free="936816" total="5636096" percent="16">
      <mem type="soa" free="687984" total="5354496" percent="12" />
      <mem type="loa" free="248832" total="281600" percent="88" />
    </mem>
    <remembered-set count="5298" />
  </mem-info>
</gc-start>
<allocation-stats totalBytes="12435992" >
  <allocated-bytes non-tlh="40" tlh="12435952" />
  <largest-consumer threadName="Thread-9" threadId="0000000002310500" bytes="4357544" />
</allocation-stats>
<gc-op id="661" type="scavenge" timems="0.871" contextid="658" timestamp="2019-06-15T03:59:56.008">
  <scavenger-info tenureage="3" tenuremask="ffa8" tiltratio="89" />
  <memory-copied type="nursery" objects="16596" bytes="673840" bytesdiscarded="174296" />
  <memory-copied type="tenure" objects="8412" bytes="339264" bytesdiscarded="720" />
</gc-op>
<gc-end id="662" type="scavenge" contextid="658" durationms="1.061" usertimems="4.000" systemtimems="0.000" timestamp="2019-06-15T03:59:56.008" activeThreads="4">
  <mem-info id="663" free="13090664" total="20447232" percent="64">
    <mem type="nursery" free="12455672" total="14811136" percent="84">
      <mem type="allocate" free="12455672" total="13303808" percent="93" />
      <mem type="survivor" free="0" total="1507328" percent="0" />
    </mem>
    <mem type="tenure" free="634992" total="5636096" percent="11">
      <mem type="soa" free="386160" total="5354496" percent="7" />
      <mem type="loa" free="248832" total="281600" percent="88" />
    </mem>
    <remembered-set count="3788" />
  </mem-info>
</gc-end>
<cycle-end id="664" type="scavenge" contextid="658" timestamp="2019-06-15T03:59:56.008" />
  <attribute name="elasticGC enabled" value="1" />
  <attribute name= "numThreadsSpecified" value="4" />
  <attribute name="heapSize specified" value="18743296" />
  <attribute name="Current GC Util" value="18" />
  <attribute name= "Current Time Running" value="1152" />
  <attribute name ="GC Interval" value="200" />
  <attribute name="ProportionalT" value="-1.000000" />
  <attribute name="ProportionalI" value="-1.000000" />
  <attribute name="ProportionalH" value="-1.000000" />
  <attribute name="Current Error" value="-2.000000" />
  <attribute name="IntegralT" value="-26.000000" />
  <attribute name="IntegralI" value="-26.000000" />
  <attribute name="IntegralH" value="-26.000000" />
  <attribute name="DerivativeT" value="-1.384615" />
  <attribute name="DerivativeI" value="-1.384615" />
  <attribute name="DerivativeH" value="-1.384615" />
  <attribute name="Loop Time for DT" value="13.000000" />
  <attribute name="Output H" value="2092630016"/>
  <attribute name="Output I" value="200"/>
  <attribute name="Output T" value="4"/>
  <attribute name="Target GC Util Change" value ="20.000000" />
  <attribute name="Current GC Util Change" value="18.000000"/>
  <attribute name="GC Util currently" value="18" />
  <attribute name="CPU Util currently" value="371675437483" />
<allocation-satisfied id="665" threadId="0000000002308D00" bytesRequested="40" />
<af-end id="666" timestamp="2019-06-15T03:59:56.009" threadId="0000000002309688" success="true" from="nursery"/>
<exclusive-end id="667" timestamp="2019-06-15T03:59:56.009" durationms="1.701" />

<exclusive-start id="668" timestamp="2019-06-15T03:59:56.019" intervalms="11.719">
  <response-info timems="0.037" idlems="0.037" threads="0" lastid="0000000002308D00" lastname="Thread-8" />
</exclusive-start>
<af-start id="669" threadId="0000000002309688" totalBytesRequested="40" timestamp="2019-06-15T03:59:56.019" intervalms="11.676" type="nursery" />
<cycle-start id="670" type="scavenge" contextid="0" timestamp="2019-06-15T03:59:56.019" intervalms="11.672" />
<gc-start id="671" type="scavenge" contextid="670" timestamp="2019-06-15T03:59:56.019">
  <mem-info id="672" free="634992" total="20447232" percent="3">
    <mem type="nursery" free="0" total="14811136" percent="0">
      <mem type="allocate" free="0" total="13303808" percent="0" />
      <mem type="survivor" free="0" total="1507328" percent="0" />
    </mem>
    <mem type="tenure" free="634992" total="5636096" percent="11">
      <mem type="soa" free="386160" total="5354496" percent="7" />
      <mem type="loa" free="248832" total="281600" percent="88" />
    </mem>
    <remembered-set count="4777" />
  </mem-info>
</gc-start>
<allocation-stats totalBytes="12453936" >
  <allocated-bytes non-tlh="40" tlh="12453896" />
  <largest-consumer threadName="Thread-9" threadId="0000000002310500" bytes="4291664" />
</allocation-stats>
<gc-op id="673" type="scavenge" timems="0.724" contextid="670" timestamp="2019-06-15T03:59:56.020">
  <scavenger-info tenureage="3" tenuremask="4008" tiltratio="89" />
  <memory-copied type="nursery" objects="17152" bytes="687600" bytesdiscarded="178704" />
  <memory-copied type="tenure" objects="1706" bytes="40944" bytesdiscarded="0" />
</gc-op>
<heap-resize id="674" type="expand" space="nursery" amount="917504" count="1" timems="0.014" reason="excessive time being spent scavenging" timestamp="2019-06-15T03:59:56.020" />
<gc-end id="675" type="scavenge" contextid="670" durationms="1.152" usertimems="0.000" systemtimems="0.000" timestamp="2019-06-15T03:59:56.020" activeThreads="4">
  <mem-info id="676" free="13819760" total="21364736" percent="64">
    <mem type="nursery" free="13223936" total="15728640" percent="84">
      <mem type="allocate" free="13223936" total="14090240" percent="93" />
      <mem type="survivor" free="0" total="1638400" percent="0" />
    </mem>
    <mem type="tenure" free="595824" total="5636096" percent="10">
      <mem type="soa" free="346992" total="5354496" percent="6" />
      <mem type="loa" free="248832" total="281600" percent="88" />
    </mem>
    <remembered-set count="3470" />
  </mem-info>
</gc-end>
<cycle-end id="677" type="scavenge" contextid="670" timestamp="2019-06-15T03:59:56.020" />
  <attribute name="elasticGC enabled" value="1" />
  <attribute name= "numThreadsSpecified" value="4" />
  <attribute name="heapSize specified" value="18743296" />
  <attribute name="Current GC Util" value="21" />
  <attribute name= "Current Time Running" value="1163" />
  <attribute name ="GC Interval" value="200" />
  <attribute name="ProportionalT" value="0.500000" />
  <attribute name="ProportionalI" value="0.500000" />
  <attribute name="ProportionalH" value="0.500000" />
  <attribute name="Current Error" value="1.000000" />
  <attribute name="IntegralT" value="11.000000" />
  <attribute name="IntegralI" value="11.000000" />
  <attribute name="IntegralH" value="11.000000" />
  <attribute name="DerivativeT" value="0.136364" />
  <attribute name="DerivativeI" value="0.136364" />
  <attribute name="DerivativeH" value="0.136364" />
  <attribute name="Loop Time for DT" value="11.000000" />
  <attribute name="Output H" value="8388608"/>
  <attribute name="Output I" value="200"/>
  <attribute name="Output T" value="4"/>
  <attribute name="Target GC Util Change" value ="20.000000" />
  <attribute name="Current GC Util Change" value="21.000000"/>
  <attribute name="GC Util currently" value="21" />
  <attribute name="CPU Util currently" value="392128164178" />
<allocation-satisfied id="678" threadId="0000000002308D00" bytesRequested="40" />
<af-end id="679" timestamp="2019-06-15T03:59:56.020" threadId="0000000002309688" success="true" from="nursery"/>
<exclusive-end id="680" timestamp="2019-06-15T03:59:56.020" durationms="1.806" />

<exclusive-start id="681" timestamp="2019-06-15T03:59:56.031" intervalms="12.445">
  <response-info timems="0.031" idlems="0.031" threads="0" lastid="0000000002310500" lastname="Thread-9" />
</exclusive-start>
<af-start id="682" threadId="0000000002310E88" totalBytesRequested="40" timestamp="2019-06-15T03:59:56.031" intervalms="12.458" type="nursery" />
<cycle-start id="683" type="scavenge" contextid="0" timestamp="2019-06-15T03:59:56.031" intervalms="12.463" />
<gc-start id="684" type="scavenge" contextid="683" timestamp="2019-06-15T03:59:56.031">
  <mem-info id="685" free="595824" total="21364736" percent="2">
    <mem type="nursery" free="0" total="15728640" percent="0">
      <mem type="allocate" free="0" total="14090240" percent="0" />
      <mem type="survivor" free="0" total="1638400" percent="0" />
    </mem>
    <mem type="tenure" free="595824" total="5636096" percent="10">
      <mem type="soa" free="346992" total="5354496" percent="6" />
      <mem type="loa" free="248832" total="281600" percent="88" />
    </mem>
    <remembered-set count="4494" />
  </mem-info>
</gc-start>
<allocation-stats totalBytes="13222080" >
  <allocated-bytes non-tlh="40" tlh="13222040" />
  <largest-consumer threadName="Thread-9" threadId="0000000002310500" bytes="4423016" />
</allocation-stats>
<gc-op id="686" type="scavenge" timems="1.414" contextid="683" timestamp="2019-06-15T03:59:56.033">
  <scavenger-info tenureage="3" tenuremask="4008" tiltratio="89" />
  <memory-copied type="nursery" objects="12749" bytes="444664" bytesdiscarded="19208" />
  <memory-copied type="tenure" objects="7055" bytes="306696" bytesdiscarded="0" />
</gc-op>
<gc-end id="687" type="scavenge" contextid="683" durationms="1.829" usertimems="4.000" systemtimems="0.000" timestamp="2019-06-15T03:59:56.033" activeThreads="4">
  <mem-info id="688" free="14006016" total="21364736" percent="65">
    <mem type="nursery" free="13691904" total="15728640" percent="87">
      <mem type="allocate" free="13691904" total="14155776" percent="96" />
      <mem type="survivor" free="0" total="1572864" percent="0" />
    </mem>
    <mem type="tenure" free="314112" total="5636096" percent="5">
      <mem type="soa" free="65280" total="5354496" percent="1" />
      <mem type="loa" free="248832" total="281600" percent="88" />
    </mem>
    <remembered-set count="4554" />
  </mem-info>
</gc-end>
<cycle-end id="689" type="scavenge" contextid="683" timestamp="2019-06-15T03:59:56.033" />
  <attribute name="elasticGC enabled" value="1" />
  <attribute name= "numThreadsSpecified" value="4" />
  <attribute name="heapSize specified" value="18743296" />
  <attribute name="Current GC Util" value="16" />
  <attribute name= "Current Time Running" value="1176" />
  <attribute name ="GC Interval" value="200" />
  <attribute name="ProportionalT" value="-2.000000" />
  <attribute name="ProportionalI" value="-2.000000" />
  <attribute name="ProportionalH" value="-2.000000" />
  <attribute name="Current Error" value="-4.000000" />
  <attribute name="IntegralT" value="-52.000000" />
  <attribute name="IntegralI" value="-52.000000" />
  <attribute name="IntegralH" value="-52.000000" />
  <attribute name="DerivativeT" value="-0.576923" />
  <attribute name="DerivativeI" value="-0.576923" />
  <attribute name="DerivativeH" value="-0.576923" />
  <attribute name="Loop Time for DT" value="13.000000" />
  <attribute name="Output H" value="2092630016"/>
  <attribute name="Output I" value="200"/>
  <attribute name="Output T" value="4"/>
  <attribute name="Target GC Util Change" value ="20.000000" />
  <attribute name="Current GC Util Change" value="16.000000"/>
  <attribute name="GC Util currently" value="16" />
  <attribute name="CPU Util currently" value="370675484314" />
<allocation-satisfied id="690" threadId="0000000002310500" bytesRequested="40" />
<af-end id="691" timestamp="2019-06-15T03:59:56.034" threadId="0000000002310E88" success="true" from="nursery"/>
<exclusive-end id="692" timestamp="2019-06-15T03:59:56.034" durationms="2.585" />

<concurrent-kickoff id="693" timestamp="2019-06-15T03:59:56.045">
  <kickoff reason="threshold reached" targetBytes="1591678" thresholdFreeBytes="224198"  remainingFree="191448" tenureFreeBytes="314112" nurseryFreeBytes="191448" />
</concurrent-kickoff>
<exclusive-start id="694" timestamp="2019-06-15T03:59:56.045" intervalms="13.904">
  <response-info timems="0.107" idlems="0.064" threads="2" lastid="0000000002308D00" lastname="Thread-8" />
</exclusive-start>
<cycle-start id="695" type="global" contextid="0" timestamp="2019-06-15T03:59:56.045" intervalms="108.458" />
<exclusive-end id="696" timestamp="2019-06-15T03:59:56.045" durationms="0.181" />

<exclusive-start id="697" timestamp="2019-06-15T03:59:56.046" intervalms="0.659">
  <response-info timems="0.025" idlems="0.025" threads="0" lastid="0000000002310500" lastname="Thread-9" />
</exclusive-start>
<af-start id="698" threadId="0000000002310E88" totalBytesRequested="40" timestamp="2019-06-15T03:59:56.046" intervalms="14.504" type="nursery" />
<cycle-start id="699" type="scavenge" contextid="0" timestamp="2019-06-15T03:59:56.046" intervalms="14.500" />
<gc-start id="700" type="scavenge" contextid="699" timestamp="2019-06-15T03:59:56.046">
  <mem-info id="701" free="314112" total="21364736" percent="1">
    <mem type="nursery" free="0" total="15728640" percent="0">
      <mem type="allocate" free="0" total="14155776" percent="0" />
      <mem type="survivor" free="0" total="1572864" percent="0" />
    </mem>
    <mem type="tenure" free="314112" total="5636096" percent="5">
      <mem type="soa" free="65280" total="5354496" percent="1" />
      <mem type="loa" free="248832" total="281600" percent="88" />
    </mem>
    <remembered-set count="5691" />
  </mem-info>
</gc-start>
<allocation-stats totalBytes="13690248" >
  <allocated-bytes non-tlh="40" tlh="13690208" />
  <largest-consumer threadName="Thread-9" threadId="0000000002310500" bytes="4614552" />
</allocation-stats>
<gc-op id="702" type="scavenge" timems="1.778" contextid="699" timestamp="2019-06-15T03:59:56.048">
  <scavenger-info tenureage="3" tenuremask="4008" tiltratio="90" />
  <memory-copied type="nursery" objects="18204" bytes="679544" bytesdiscarded="24712" />
  <memory-copied type="tenure" objects="3077" bytes="107400" bytesdiscarded="0" />
  <copy-failed type="tenure" objects="4634" bytes="215040" />
</gc-op>
<heap-resize id="703" type="expand" space="nursery" amount="1310720" count="1" timems="0.019" reason="excessive time being spent scavenging" timestamp="2019-06-15T03:59:56.048" />
<gc-end id="704" type="scavenge" contextid="699" durationms="2.359" usertimems="4.000" systemtimems="0.000" timestamp="2019-06-15T03:59:56.048" activeThreads="1">
  <mem-info id="705" free="14880000" total="22675456" percent="65">
    <mem type="nursery" free="14631168" total="17039360" percent="85">
      <mem type="allocate" free="14631168" total="15335424" percent="95" />
      <mem type="survivor" free="0" total="1703936" percent="0" />
    </mem>
    <mem type="tenure" free="248832" total="5636096" percent="4">
      <mem type="soa" free="0" total="5354496" percent="0" />
      <mem type="loa" free="248832" total="281600" percent="88" />
    </mem>
    <remembered-set count="4391" />
  </mem-info>
</gc-end>
<cycle-end id="706" type="scavenge" contextid="699" timestamp="2019-06-15T03:59:56.048" />
  <attribute name="elasticGC enabled" value="1" />
  <attribute name= "numThreadsSpecified" value="1" />
  <attribute name="heapSize specified" value="18743296" />
  <attribute name="Current GC Util" value="20" />
  <attribute name= "Current Time Running" value="1190" />
  <attribute name ="GC Interval" value="200" />
  <attribute name="ProportionalT" value="0.000000" />
  <attribute name="ProportionalI" value="0.000000" />
  <attribute name="ProportionalH" value="0.000000" />
  <attribute name="Current Error" value="0.000000" />
  <attribute name="IntegralT" value="0.000000" />
  <attribute name="IntegralI" value="0.000000" />
  <attribute name="IntegralH" value="0.000000" />
  <attribute name="DerivativeT" value="0.000000" />
  <attribute name="DerivativeI" value="0.000000" />
  <attribute name="DerivativeH" value="0.000000" />
  <attribute name="Loop Time for DT" value="14.000000" />
  <attribute name="Output H" value="8388608"/>
  <attribute name="Output I" value="200"/>
  <attribute name="Output T" value="1"/>
  <attribute name="Target GC Util Change" value ="20.000000" />
  <attribute name="Current GC Util Change" value="20.000000"/>
  <attribute name="GC Util currently" value="20" />
  <attribute name="CPU Util currently" value="318200266987" />
<allocation-satisfied id="707" threadId="0000000002310500" bytesRequested="40" />
<af-end id="708" timestamp="2019-06-15T03:59:56.049" threadId="0000000002310E88" success="true" from="nursery"/>
<exclusive-end id="709" timestamp="2019-06-15T03:59:56.049" durationms="3.370" />

<exclusive-start id="710" timestamp="2019-06-15T03:59:56.064" intervalms="18.455">
  <response-info timems="0.043" idlems="0.043" threads="0" lastid="0000000002310500" lastname="Thread-9" />
</exclusive-start>
<concurrent-collection-start id="711" timestamp="2019-06-15T03:59:56.064" intervalms="115.743" >
  <concurrent-trace-info reason="card cleaning threshold reached" tracedByMutators="354408" tracedByHelpers="1514128" cardsCleaned="233" workStackOverflowCount="0" />
</concurrent-collection-start>
<gc-start id="712" type="global" contextid="695" timestamp="2019-06-15T03:59:56.064">
  <mem-info id="713" free="248832" total="22675456" percent="1">
    <mem type="nursery" free="0" total="17039360" percent="0">
      <mem type="allocate" free="0" total="15335424" percent="0" />
      <mem type="survivor" free="0" total="1703936" percent="0" />
    </mem>
    <mem type="tenure" free="248832" total="5636096" percent="4">
      <mem type="soa" free="0" total="5354496" percent="0" />
      <mem type="loa" free="248832" total="281600" percent="88" />
    </mem>
    <remembered-set count="5511" />
  </mem-info>
</gc-start>
<allocation-stats totalBytes="14629488" >
  <allocated-bytes non-tlh="40" tlh="14629448" />
  <largest-consumer threadName="Thread-8" threadId="0000000002308D00" bytes="4554216" />
</allocation-stats>
<gc-op id="714" type="rs-scan" timems="0.718" contextid="695" timestamp="2019-06-15T03:59:56.065">
  <scan objectsFound="3426" bytesTraced="292344" workStackOverflowCount="0" />
</gc-op>
<gc-op id="715" type="card-cleaning" timems="0.249" contextid="695" timestamp="2019-06-15T03:59:56.065">
  <card-cleaning cardsCleaned="4" bytesTraced="2080" workStackOverflowCount="0" />
</gc-op>
<gc-op id="716" type="mark" timems="1.462" contextid="695" timestamp="2019-06-15T03:59:56.067">
  <trace-info objectcount="16023" scancount="15991" scanbytes="660328" />
  <finalization candidates="124" enqueued="0" />
  <ownableSynchronizers candidates="3" cleared="0" />
  <references type="soft" candidates="148" cleared="0" enqueued="0" dynamicThreshold="8" maxThreshold="32" />
  <references type="weak" candidates="693" cleared="0" enqueued="0" />
  <references type="phantom" candidates="37" cleared="0" enqueued="0" />
  <stringconstants candidates="4597" cleared="0"  />
</gc-op>
<gc-op id="717" type="sweep" timems="0.763" contextid="695" timestamp="2019-06-15T03:59:56.068" />
<mem-info id="718" free="16465112" total="22675456" percent="72">
  <mem type="nursery" free="14610696" total="17039360" percent="85">
    <mem type="allocate" free="14610696" total="15335424" percent="95" />
    <mem type="survivor" free="0" total="1703936" percent="0" />
  </mem>
  <mem type="tenure" free="1854416" total="5636096" percent="32" micro-fragmented="2311" macro-fragmented="0">
    <mem type="soa" free="1572816" total="5354496" percent="29" />
    <mem type="loa" free="281600" total="281600" percent="100" />
  </mem>
  <remembered-set count="3903" />
</mem-info>
<gc-op id="719" type="compact" timems="6.638" contextid="695" timestamp="2019-06-15T03:59:56.075">
  <compact-info movecount="42013" movebytes="2478704" reason="compact to aid heap contraction" />
</gc-op>
<heap-resize id="720" type="contract" space="tenure" amount="262144" count="1" timems="0.077" reason="heap reconfiguration" timestamp="2019-06-15T03:59:56.075" />
<gc-end id="721" type="global" contextid="695" durationms="11.225" usertimems="16.000" systemtimems="0.000" timestamp="2019-06-15T03:59:56.075" activeThreads="4">
  <mem-info id="722" free="16219976" total="22413312" percent="72">
    <mem type="nursery" free="14645744" total="17039360" percent="85">
      <mem type="allocate" free="14645744" total="15335424" percent="95" />
      <mem type="survivor" free="0" total="1703936" percent="0" />
    </mem>
    <mem type="tenure" free="1574232" total="5373952" percent="29">
      <mem type="soa" free="1325400" total="5105664" percent="25" />
      <mem type="loa" free="248832" total="268288" percent="92" />
    </mem>
    <remembered-set count="3903" />
  </mem-info>
</gc-end>
<cycle-end id="723" type="global" contextid="695" timestamp="2019-06-15T03:59:56.076" />
  <attribute name="elasticGC enabled" value="1" />
  <attribute name= "numThreadsSpecified" value="4" />
  <attribute name="heapSize specified" value="22675456" />
  <attribute name="Current GC Util" value="76" />
  <attribute name= "Current Time Running" value="1219" />
  <attribute name ="GC Interval" value="200" />
  <attribute name="ProportionalT" value="28.000000" />
  <attribute name="ProportionalI" value="28.000000" />
  <attribute name="ProportionalH" value="28.000000" />
  <attribute name="Current Error" value="56.000000" />
  <attribute name="IntegralT" value="392.000000" />
  <attribute name="IntegralI" value="392.000000" />
  <attribute name="IntegralH" value="392.000000" />
  <attribute name="DerivativeT" value="-11.785714" />
  <attribute name="DerivativeI" value="-11.785714" />
  <attribute name="DerivativeH" value="-11.785714" />
  <attribute name="Loop Time for DT" value="7.000000" />
  <attribute name="Output H" value="8388608"/>
  <attribute name="Output I" value="408"/>
  <attribute name="Output T" value="4"/>
  <attribute name="Target GC Util Change" value ="20.000000" />
  <attribute name="Current GC Util Change" value="76.000000"/>
  <attribute name="GC Util currently" value="76" />
  <attribute name="CPU Util currently" value="678713525709" />
<concurrent-collection-end id="724" timestamp="2019-06-15T03:59:56.076" />
<exclusive-end id="725" timestamp="2019-06-15T03:59:56.076" durationms="11.729" />

<exclusive-start id="726" timestamp="2019-06-15T03:59:56.088" intervalms="23.542">
  <response-info timems="0.034" idlems="0.034" threads="0" lastid="0000000002308D00" lastname="Thread-8" />
</exclusive-start>
<af-start id="727" threadId="0000000002309688" totalBytesRequested="40" timestamp="2019-06-15T03:59:56.088" intervalms="42.078" type="nursery" />
<cycle-start id="728" type="scavenge" contextid="0" timestamp="2019-06-15T03:59:56.088" intervalms="42.092" />
<gc-start id="729" type="scavenge" contextid="728" timestamp="2019-06-15T03:59:56.088">
  <mem-info id="730" free="1574232" total="22413312" percent="7">
    <mem type="nursery" free="0" total="17039360" percent="0">
      <mem type="allocate" free="0" total="15335424" percent="0" />
      <mem type="survivor" free="0" total="1703936" percent="0" />
    </mem>
    <mem type="tenure" free="1574232" total="5373952" percent="29">
      <mem type="soa" free="1325400" total="5105664" percent="25" />
      <mem type="loa" free="248832" total="268288" percent="92" />
    </mem>
    <remembered-set count="4716" />
  </mem-info>
</gc-start>
<allocation-stats totalBytes="14644112" >
  <allocated-bytes non-tlh="0" tlh="14644112" />
  <largest-consumer threadName="Thread-8" threadId="0000000002308D00" bytes="4857256" />
</allocation-stats>
<gc-op id="731" type="scavenge" timems="0.817" contextid="728" timestamp="2019-06-15T03:59:56.089">
  <scavenger-info tenureage="3" tenuremask="4018" tiltratio="90" />
  <memory-copied type="nursery" objects="20173" bytes="759776" bytesdiscarded="346912" />
  <memory-copied type="tenure" objects="6192" bytes="252432" bytesdiscarded="24" />
  <ownableSynchronizers candidates="6" cleared="6" />
</gc-op>
<gc-end id="732" type="scavenge" contextid="728" durationms="1.130" usertimems="4.000" systemtimems="0.000" timestamp="2019-06-15T03:59:56.089" activeThreads="4">
  <mem-info id="733" free="15238488" total="22413312" percent="67">
    <mem type="nursery" free="14228736" total="17039360" percent="83">
      <mem type="allocate" free="14228736" total="15335424" percent="92" />
      <mem type="survivor" free="0" total="1703936" percent="0" />
    </mem>
    <mem type="tenure" free="1009752" total="5373952" percent="18">
      <mem type="soa" free="760920" total="5105664" percent="14" />
      <mem type="loa" free="248832" total="268288" percent="92" />
    </mem>
    <remembered-set count="7176" />
  </mem-info>
</gc-end>
<cycle-end id="734" type="scavenge" contextid="728" timestamp="2019-06-15T03:59:56.089" />
  <attribute name="elasticGC enabled" value="1" />
  <attribute name= "numThreadsSpecified" value="4" />
  <attribute name="heapSize specified" value="22675456" />
  <attribute name="Current GC Util" value="59" />
  <attribute name= "Current Time Running" value="1232" />
  <attribute name ="GC Interval" value="528" />
  <attribute name="ProportionalT" value="19.500000" />
  <attribute name="ProportionalI" value="19.500000" />
  <attribute name="ProportionalH" value="19.500000" />
  <attribute name="Current Error" value="39.000000" />
  <attribute name="IntegralT" value="507.000000" />
  <attribute name="IntegralI" value="507.000000" />
  <attribute name="IntegralH" value="507.000000" />
  <attribute name="DerivativeT" value="-1.961538" />
  <attribute name="DerivativeI" value="-1.961538" />
  <attribute name="DerivativeH" value="-1.961538" />
  <attribute name="Loop Time for DT" value="13.000000" />
  <attribute name="Output H" value="8388608"/>
  <attribute name="Output I" value="528"/>
  <attribute name="Output T" value="4"/>
  <attribute name="Target GC Util Change" value ="20.000000" />
  <attribute name="Current GC Util Change" value="59.000000"/>
  <attribute name="GC Util currently" value="59" />
  <attribute name="CPU Util currently" value="349361550928" />
<allocation-satisfied id="735" threadId="0000000002308D00" bytesRequested="40" />
<af-end id="736" timestamp="2019-06-15T03:59:56.089" threadId="0000000002309688" success="true" from="nursery"/>
<exclusive-end id="737" timestamp="2019-06-15T03:59:56.089" durationms="1.764" />

<exclusive-start id="738" timestamp="2019-06-15T03:59:56.098" intervalms="10.439">
  <response-info timems="0.055" idlems="0.055" threads="0" lastid="0000000002308D00" lastname="Thread-8" />
</exclusive-start>
<af-start id="739" threadId="0000000002309688" totalBytesRequested="40" timestamp="2019-06-15T03:59:56.098" intervalms="10.424" type="nursery" />
<cycle-start id="740" type="scavenge" contextid="0" timestamp="2019-06-15T03:59:56.098" intervalms="10.400" />
<gc-start id="741" type="scavenge" contextid="740" timestamp="2019-06-15T03:59:56.098">
  <mem-info id="742" free="1009752" total="22413312" percent="4">
    <mem type="nursery" free="0" total="17039360" percent="0">
      <mem type="allocate" free="0" total="15335424" percent="0" />
      <mem type="survivor" free="0" total="1703936" percent="0" />
    </mem>
    <mem type="tenure" free="1009752" total="5373952" percent="18">
      <mem type="soa" free="760920" total="5105664" percent="14" />
      <mem type="loa" free="248832" total="268288" percent="92" />
    </mem>
    <remembered-set count="8501" />
  </mem-info>
</gc-start>
<allocation-stats totalBytes="14227000" >
  <allocated-bytes non-tlh="40" tlh="14226960" />
  <largest-consumer threadName="Thread-10" threadId="000000000230C900" bytes="4102896" />
</allocation-stats>
<gc-op id="743" type="scavenge" timems="0.622" contextid="740" timestamp="2019-06-15T03:59:56.099">
  <scavenger-info tenureage="14" tenuremask="4000" tiltratio="90" />
  <memory-copied type="nursery" objects="22363" bytes="812488" bytesdiscarded="245312" />
</gc-op>
<gc-end id="744" type="scavenge" contextid="740" durationms="0.919" usertimems="0.000" systemtimems="0.000" timestamp="2019-06-15T03:59:56.099" activeThreads="4">
  <mem-info id="745" free="15287376" total="22413312" percent="68">
    <mem type="nursery" free="14277624" total="17039360" percent="83">
      <mem type="allocate" free="14277624" total="15335424" percent="93" />
      <mem type="survivor" free="0" total="1703936" percent="0" />
    </mem>
    <mem type="tenure" free="1009752" total="5373952" percent="18">
      <mem type="soa" free="760920" total="5105664" percent="14" />
      <mem type="loa" free="248832" total="268288" percent="92" />
    </mem>
    <remembered-set count="8500" />
  </mem-info>
</gc-end>
<cycle-end id="746" type="scavenge" contextid="740" timestamp="2019-06-15T03:59:56.099" />
  <attribute name="elasticGC enabled" value="1" />
  <attribute name= "numThreadsSpecified" value="4" />
  <attribute name="heapSize specified" value="22675456" />
  <attribute name="Current GC Util" value="27" />
  <attribute name= "Current Time Running" value="1243" />
  <attribute name ="GC Interval" value="200" />
  <attribute name="ProportionalT" value="3.500000" />
  <attribute name="ProportionalI" value="3.500000" />
  <attribute name="ProportionalH" value="3.500000" />
  <attribute name="Current Error" value="7.000000" />
  <attribute name="IntegralT" value="77.000000" />
  <attribute name="IntegralI" value="77.000000" />
  <attribute name="IntegralH" value="77.000000" />
  <attribute name="DerivativeT" value="-4.363636" />
  <attribute name="DerivativeI" value="-4.363636" />
  <attribute name="DerivativeH" value="-4.363636" />
  <attribute name="Loop Time for DT" value="11.000000" />
  <attribute name="Output H" value="8388608"/>
  <attribute name="Output I" value="200"/>
  <attribute name="Output T" value="4"/>
  <attribute name="Target GC Util Change" value ="20.000000" />
  <attribute name="Current GC Util Change" value="27.000000"/>
  <attribute name="GC Util currently" value="27" />
  <attribute name="CPU Util currently" value="444069312865" />
<allocation-satisfied id="747" threadId="0000000002308D00" bytesRequested="40" />
<af-end id="748" timestamp="2019-06-15T03:59:56.100" threadId="0000000002309688" success="true" from="nursery"/>
<exclusive-end id="749" timestamp="2019-06-15T03:59:56.100" durationms="1.524" />

<exclusive-start id="750" timestamp="2019-06-15T03:59:56.111" intervalms="12.808">
  <response-info timems="0.024" idlems="0.024" threads="1" lastid="0000000002310500" lastname="Thread-9" />
</exclusive-start>
<af-start id="751" threadId="0000000002314A88" totalBytesRequested="40" timestamp="2019-06-15T03:59:56.112" intervalms="13.838" type="nursery" />
<cycle-start id="752" type="scavenge" contextid="0" timestamp="2019-06-15T03:59:56.112" intervalms="13.869" />
<gc-start id="753" type="scavenge" contextid="752" timestamp="2019-06-15T03:59:56.112">
  <mem-info id="754" free="1009752" total="22413312" percent="4">
    <mem type="nursery" free="0" total="17039360" percent="0">
      <mem type="allocate" free="0" total="15335424" percent="0" />
      <mem type="survivor" free="0" total="1703936" percent="0" />
    </mem>
    <mem type="tenure" free="1009752" total="5373952" percent="18">
      <mem type="soa" free="760920" total="5105664" percent="14" />
      <mem type="loa" free="248832" total="268288" percent="92" />
    </mem>
    <remembered-set count="9272" />
  </mem-info>
</gc-start>
<allocation-stats totalBytes="14276040" >
  <allocated-bytes non-tlh="40" tlh="14276000" />
  <largest-consumer threadName="Thread-10" threadId="000000000230C900" bytes="5471568" />
</allocation-stats>
<gc-op id="755" type="scavenge" timems="1.345" contextid="752" timestamp="2019-06-15T03:59:56.114">
  <scavenger-info tenureage="3" tenuremask="4018" tiltratio="90" />
  <memory-copied type="nursery" objects="14932" bytes="496280" bytesdiscarded="185704" />
  <memory-copied type="tenure" objects="9093" bytes="355608" bytesdiscarded="0" />
</gc-op>
<gc-end id="756" type="scavenge" contextid="752" durationms="1.665" usertimems="4.000" systemtimems="0.000" timestamp="2019-06-15T03:59:56.114" activeThreads="4">
  <mem-info id="757" free="15361368" total="22413312" percent="68">
    <mem type="nursery" free="14653440" total="17039360" percent="85">
      <mem type="allocate" free="14653440" total="15335424" percent="95" />
      <mem type="survivor" free="0" total="1703936" percent="0" />
    </mem>
    <mem type="tenure" free="707928" total="5373952" percent="13">
      <mem type="soa" free="459096" total="5105664" percent="8" />
      <mem type="loa" free="248832" total="268288" percent="92" />
    </mem>
    <remembered-set count="7654" />
  </mem-info>
</gc-end>
<cycle-end id="758" type="scavenge" contextid="752" timestamp="2019-06-15T03:59:56.114" />
  <attribute name="elasticGC enabled" value="1" />
  <attribute name= "numThreadsSpecified" value="4" />
  <attribute name="heapSize specified" value="22675456" />
  <attribute name="Current GC Util" value="15" />
  <attribute name= "Current Time Running" value="1257" />
  <attribute name ="GC Interval" value="200" />
  <attribute name="ProportionalT" value="-2.500000" />
  <attribute name="ProportionalI" value="-2.500000" />
  <attribute name="ProportionalH" value="-2.500000" />
  <attribute name="Current Error" value="-5.000000" />
  <attribute name="IntegralT" value="-70.000000" />
  <attribute name="IntegralI" value="-70.000000" />
  <attribute name="IntegralH" value="-70.000000" />
  <attribute name="DerivativeT" value="-1.285714" />
  <attribute name="DerivativeI" value="-1.285714" />
  <attribute name="DerivativeH" value="-1.285714" />
  <attribute name="Loop Time for DT" value="14.000000" />
  <attribute name="Output H" value="2092630016"/>
  <attribute name="Output I" value="200"/>
  <attribute name="Output T" value="4"/>
  <attribute name="Target GC Util Change" value ="20.000000" />
  <attribute name="Current GC Util Change" value="15.000000"/>
  <attribute name="GC Util currently" value="15" />
  <attribute name="CPU Util currently" value="332306850399" />
<allocation-satisfied id="759" threadId="0000000002314100" bytesRequested="40" />
<af-end id="760" timestamp="2019-06-15T03:59:56.114" threadId="0000000002314A88" success="true" from="nursery"/>
<exclusive-end id="761" timestamp="2019-06-15T03:59:56.114" durationms="3.396" />

<exclusive-start id="762" timestamp="2019-06-15T03:59:56.127" intervalms="16.315">
  <response-info timems="0.040" idlems="0.022" threads="1" lastid="000000000230C900" lastname="Thread-10" />
</exclusive-start>
<af-start id="763" threadId="0000000002314A88" totalBytesRequested="40" timestamp="2019-06-15T03:59:56.127" intervalms="15.274" type="nursery" />
<cycle-start id="764" type="scavenge" contextid="0" timestamp="2019-06-15T03:59:56.127" intervalms="15.254" />
<gc-start id="765" type="scavenge" contextid="764" timestamp="2019-06-15T03:59:56.128">
  <mem-info id="766" free="707928" total="22413312" percent="3">
    <mem type="nursery" free="0" total="17039360" percent="0">
      <mem type="allocate" free="0" total="15335424" percent="0" />
      <mem type="survivor" free="0" total="1703936" percent="0" />
    </mem>
    <mem type="tenure" free="707928" total="5373952" percent="13">
      <mem type="soa" free="459096" total="5105664" percent="8" />
      <mem type="loa" free="248832" total="268288" percent="92" />
    </mem>
    <remembered-set count="8973" />
  </mem-info>
</gc-start>
<allocation-stats totalBytes="14651544" >
  <allocated-bytes non-tlh="40" tlh="14651504" />
  <largest-consumer threadName="Thread-8" threadId="0000000002308D00" bytes="5078464" />
</allocation-stats>
<gc-op id="767" type="scavenge" timems="1.142" contextid="764" timestamp="2019-06-15T03:59:56.129">
  <scavenger-info tenureage="3" tenuremask="4008" tiltratio="90" />
  <memory-copied type="nursery" objects="5983" bytes="144648" bytesdiscarded="143352" />
  <memory-copied type="tenure" objects="10934" bytes="399792" bytesdiscarded="0" />
</gc-op>
<heap-resize id="768" type="expand" space="nursery" amount="786432" count="1" timems="0.023" reason="excessive time being spent scavenging" timestamp="2019-06-15T03:59:56.129" />
<gc-end id="769" type="scavenge" contextid="764" durationms="1.568" usertimems="4.000" systemtimems="0.000" timestamp="2019-06-15T03:59:56.129" activeThreads="4">
  <mem-info id="770" free="16089832" total="23199744" percent="69">
    <mem type="nursery" free="15702784" total="17825792" percent="88">
      <mem type="allocate" free="15702784" total="15990784" percent="98" />
      <mem type="survivor" free="0" total="1835008" percent="0" />
    </mem>
    <mem type="tenure" free="387048" total="5373952" percent="7">
      <mem type="soa" free="138216" total="5105664" percent="2" />
      <mem type="loa" free="248832" total="268288" percent="92" />
    </mem>
    <remembered-set count="5885" />
  </mem-info>
</gc-end>
<cycle-end id="771" type="scavenge" contextid="764" timestamp="2019-06-15T03:59:56.129" />
  <attribute name="elasticGC enabled" value="1" />
  <attribute name= "numThreadsSpecified" value="4" />
  <attribute name="heapSize specified" value="22675456" />
  <attribute name="Current GC Util" value="22" />
  <attribute name= "Current Time Running" value="1272" />
  <attribute name ="GC Interval" value="200" />
  <attribute name="ProportionalT" value="1.000000" />
  <attribute name="ProportionalI" value="1.000000" />
  <attribute name="ProportionalH" value="1.000000" />
  <attribute name="Current Error" value="2.000000" />
  <attribute name="IntegralT" value="30.000000" />
  <attribute name="IntegralI" value="30.000000" />
  <attribute name="IntegralH" value="30.000000" />
  <attribute name="DerivativeT" value="0.200000" />
  <attribute name="DerivativeI" value="0.200000" />
  <attribute name="DerivativeH" value="0.200000" />
  <attribute name="Loop Time for DT" value="15.000000" />
  <attribute name="Output H" value="8388608"/>
  <attribute name="Output I" value="200"/>
  <attribute name="Output T" value="4"/>
  <attribute name="Target GC Util Change" value ="20.000000" />
  <attribute name="Current GC Util Change" value="22.000000"/>
  <attribute name="GC Util currently" value="22" />
  <attribute name="CPU Util currently" value="302118894797" />
<allocation-satisfied id="772" threadId="0000000002314100" bytesRequested="40" />
<af-end id="773" timestamp="2019-06-15T03:59:56.129" threadId="0000000002314A88" success="true" from="nursery"/>
<exclusive-end id="774" timestamp="2019-06-15T03:59:56.129" durationms="2.154" />

<concurrent-kickoff id="775" timestamp="2019-06-15T03:59:56.143">
  <kickoff reason="threshold reached" targetBytes="1572689" thresholdFreeBytes="222247"  remainingFree="105216" tenureFreeBytes="387048" nurseryFreeBytes="105216" />
</concurrent-kickoff>
<exclusive-start id="776" timestamp="2019-06-15T03:59:56.143" intervalms="15.829">
  <response-info timems="0.061" idlems="0.042" threads="2" lastid="000000000230C900" lastname="Thread-10" />
</exclusive-start>
<cycle-start id="777" type="global" contextid="0" timestamp="2019-06-15T03:59:56.143" intervalms="98.051" />
<exclusive-end id="778" timestamp="2019-06-15T03:59:56.143" durationms="0.194" />

<exclusive-start id="779" timestamp="2019-06-15T03:59:56.143" intervalms="0.326">
  <response-info timems="0.029" idlems="0.029" threads="0" lastid="0000000002308D00" lastname="Thread-8" />
</exclusive-start>
<af-start id="780" threadId="0000000002309688" totalBytesRequested="40" timestamp="2019-06-15T03:59:56.143" intervalms="16.135" type="nursery" />
<cycle-start id="781" type="scavenge" contextid="0" timestamp="2019-06-15T03:59:56.144" intervalms="16.138" />
<gc-start id="782" type="scavenge" contextid="781" timestamp="2019-06-15T03:59:56.144">
  <mem-info id="783" free="387048" total="23199744" percent="1">
    <mem type="nursery" free="0" total="17825792" percent="0">
      <mem type="allocate" free="0" total="15990784" percent="0" />
      <mem type="survivor" free="0" total="1835008" percent="0" />
    </mem>
    <mem type="tenure" free="387048" total="5373952" percent="7">
      <mem type="soa" free="138216" total="5105664" percent="2" />
      <mem type="loa" free="248832" total="268288" percent="92" />
    </mem>
    <remembered-set count="7057" />
  </mem-info>
</gc-start>
<allocation-stats totalBytes="15700832" >
  <allocated-bytes non-tlh="40" tlh="15700792" />
  <largest-consumer threadName="Thread-8" threadId="0000000002308D00" bytes="5340488" />
</allocation-stats>
<gc-op id="784" type="scavenge" timems="0.577" contextid="781" timestamp="2019-06-15T03:59:56.144">
  <scavenger-info tenureage="3" tenuremask="4008" tiltratio="89" />
  <memory-copied type="nursery" objects="17407" bytes="694088" bytesdiscarded="69280" />
  <memory-copied type="tenure" objects="2153" bytes="51672" bytesdiscarded="0" />
</gc-op>
<gc-end id="785" type="scavenge" contextid="781" durationms="0.762" usertimems="4.000" systemtimems="0.000" timestamp="2019-06-15T03:59:56.144" activeThreads="4">
  <mem-info id="786" free="15513856" total="23199744" percent="66">
    <mem type="nursery" free="15227416" total="17825792" percent="85">
      <mem type="allocate" free="15227416" total="15990784" percent="95" />
      <mem type="survivor" free="0" total="1835008" percent="0" />
    </mem>
    <mem type="tenure" free="286440" total="5373952" percent="5">
      <mem type="soa" free="37608" total="5105664" percent="0" />
      <mem type="loa" free="248832" total="268288" percent="92" />
    </mem>
    <remembered-set count="4904" />
  </mem-info>
</gc-end>
<cycle-end id="787" type="scavenge" contextid="781" timestamp="2019-06-15T03:59:56.144" />
  <attribute name="elasticGC enabled" value="1" />
  <attribute name= "numThreadsSpecified" value="4" />
  <attribute name="heapSize specified" value="22675456" />
  <attribute name="Current GC Util" value="19" />
  <attribute name= "Current Time Running" value="1288" />
  <attribute name ="GC Interval" value="200" />
  <attribute name="ProportionalT" value="-0.500000" />
  <attribute name="ProportionalI" value="-0.500000" />
  <attribute name="ProportionalH" value="-0.500000" />
  <attribute name="Current Error" value="-1.000000" />
  <attribute name="IntegralT" value="-16.000000" />
  <attribute name="IntegralI" value="-16.000000" />
  <attribute name="IntegralH" value="-16.000000" />
  <attribute name="DerivativeT" value="-0.281250" />
  <attribute name="DerivativeI" value="-0.281250" />
  <attribute name="DerivativeH" value="-0.281250" />
  <attribute name="Loop Time for DT" value="16.000000" />
  <attribute name="Output H" value="2092630016"/>
  <attribute name="Output I" value="200"/>
  <attribute name="Output T" value="4"/>
  <attribute name="Target GC Util Change" value ="20.000000" />
  <attribute name="Current GC Util Change" value="19.000000"/>
  <attribute name="GC Util currently" value="19" />
  <attribute name="CPU Util currently" value="287568644507" />
<allocation-satisfied id="788" threadId="0000000002308D00" bytesRequested="40" />
<af-end id="789" timestamp="2019-06-15T03:59:56.145" threadId="0000000002309688" success="true" from="nursery"/>
<exclusive-end id="790" timestamp="2019-06-15T03:59:56.145" durationms="1.290" />

<exclusive-start id="791" timestamp="2019-06-15T03:59:56.161" intervalms="17.378">
  <response-info timems="0.049" idlems="0.049" threads="0" lastid="000000000230C900" lastname="Thread-10" />
</exclusive-start>
<af-start id="792" threadId="000000000230D288" totalBytesRequested="40" timestamp="2019-06-15T03:59:56.161" intervalms="17.402" type="nursery" />
<percolate-collect id="793" from="nursery" to="global" reason="concurrent mark exhausted" timestamp="2019-06-15T03:59:56.161"/>
<gc-start id="794" type="global" contextid="777" timestamp="2019-06-15T03:59:56.161">
  <mem-info id="795" free="286440" total="23199744" percent="1">
    <mem type="nursery" free="0" total="17825792" percent="0">
      <mem type="allocate" free="0" total="15990784" percent="0" />
      <mem type="survivor" free="0" total="1835008" percent="0" />
    </mem>
    <mem type="tenure" free="286440" total="5373952" percent="5">
      <mem type="soa" free="37608" total="5105664" percent="0" />
      <mem type="loa" free="248832" total="268288" percent="92" />
    </mem>
    <remembered-set count="5813" />
  </mem-info>
</gc-start>
<allocation-stats totalBytes="15225264" >
  <allocated-bytes non-tlh="40" tlh="15225224" />
  <largest-consumer threadName="Thread-8" threadId="0000000002308D00" bytes="5340552" />
</allocation-stats>
<concurrent-halted id="796" timestamp="2019-06-15T03:59:56.161">
  <halted state="Complete" status="exhausted" />
  <traced bytesTarget="1572689" bytesTotal="1900672" bytesByMutator="788028" bytesByHelper="1112644" percent="120" />
  <cards cleaned="219" thresholdBytes="87551" />
</concurrent-halted>
<gc-op id="797" type="rs-scan" timems="0.746" contextid="777" timestamp="2019-06-15T03:59:56.162">
  <scan objectsFound="3759" bytesTraced="314432" workStackOverflowCount="0" />
</gc-op>
<gc-op id="798" type="card-cleaning" timems="0.458" contextid="777" timestamp="2019-06-15T03:59:56.163">
  <card-cleaning cardsCleaned="5" bytesTraced="5688" workStackOverflowCount="0" />
</gc-op>
<gc-op id="799" type="mark" timems="1.522" contextid="777" timestamp="2019-06-15T03:59:56.164">
  <trace-info objectcount="12566" scancount="12534" scanbytes="577368" />
  <finalization candidates="124" enqueued="0" />
  <ownableSynchronizers candidates="3" cleared="0" />
  <references type="soft" candidates="148" cleared="0" enqueued="0" dynamicThreshold="9" maxThreshold="32" />
  <references type="weak" candidates="693" cleared="0" enqueued="0" />
  <references type="phantom" candidates="37" cleared="0" enqueued="0" />
  <stringconstants candidates="4597" cleared="0"  />
</gc-op>
<gc-op id="800" type="sweep" timems="0.904" contextid="777" timestamp="2019-06-15T03:59:56.165" />
<mem-info id="801" free="16907368" total="23199744" percent="72">
  <mem type="nursery" free="15298728" total="17825792" percent="85">
    <mem type="allocate" free="15298728" total="15990784" percent="95" />
    <mem type="survivor" free="0" total="1835008" percent="0" />
  </mem>
  <mem type="tenure" free="1608640" total="5373952" percent="29" micro-fragmented="0" macro-fragmented="0">
    <mem type="soa" free="1340352" total="5105664" percent="26" />
    <mem type="loa" free="268288" total="268288" percent="100" />
  </mem>
  <remembered-set count="3813" />
</mem-info>
<gc-op id="802" type="compact" timems="5.536" contextid="777" timestamp="2019-06-15T03:59:56.171">
  <compact-info movecount="28698" movebytes="1239552" reason="compact to aid heap contraction" />
</gc-op>
<heap-resize id="803" type="contract" space="tenure" amount="262144" count="1" timems="0.069" reason="heap reconfiguration" timestamp="2019-06-15T03:59:56.171" />
<gc-end id="804" type="global" contextid="777" durationms="10.482" usertimems="24.000" systemtimems="0.000" timestamp="2019-06-15T03:59:56.172" activeThreads="4">
  <mem-info id="805" free="16672120" total="22937600" percent="72">
    <mem type="nursery" free="15331696" total="17825792" percent="86">
      <mem type="allocate" free="15331696" total="15990784" percent="95" />
      <mem type="survivor" free="0" total="1835008" percent="0" />
    </mem>
    <mem type="tenure" free="1340424" total="5111808" percent="26">
      <mem type="soa" free="1091592" total="4856832" percent="22" />
      <mem type="loa" free="248832" total="254976" percent="97" />
    </mem>
    <remembered-set count="3813" />
  </mem-info>
</gc-end>
<cycle-end id="806" type="global" contextid="777" timestamp="2019-06-15T03:59:56.172" />
  <attribute name="elasticGC enabled" value="1" />
  <attribute name= "numThreadsSpecified" value="4" />
  <attribute name="heapSize specified" value="23199744" />
  <attribute name="Current GC Util" value="113" />
  <attribute name= "Current Time Running" value="1315" />
  <attribute name ="GC Interval" value="200" />
  <attribute name="ProportionalT" value="46.500000" />
  <attribute name="ProportionalI" value="46.500000" />
  <attribute name="ProportionalH" value="46.500000" />
  <attribute name="Current Error" value="93.000000" />
  <attribute name="IntegralT" value="465.000000" />
  <attribute name="IntegralI" value="465.000000" />
  <attribute name="IntegralH" value="465.000000" />
  <attribute name="DerivativeT" value="-19.500000" />
  <attribute name="DerivativeI" value="-19.500000" />
  <attribute name="DerivativeH" value="-19.500000" />
  <attribute name="Loop Time for DT" value="5.000000" />
  <attribute name="Output H" value="8388608"/>
  <attribute name="Output I" value="496"/>
  <attribute name="Output T" value="4"/>
  <attribute name="Target GC Util Change" value ="20.000000" />
  <attribute name="Current GC Util Change" value="113.000000"/>
  <attribute name="GC Util currently" value="113" />
  <attribute name="CPU Util currently" value="815542557184" />
<allocation-satisfied id="807" threadId="000000000230C900" bytesRequested="40" />
<af-end id="808" timestamp="2019-06-15T03:59:56.172" threadId="000000000230D288" success="true" from="nursery"/>
<exclusive-end id="809" timestamp="2019-06-15T03:59:56.172" durationms="11.281" />

<exclusive-start id="810" timestamp="2019-06-15T03:59:56.185" intervalms="24.464">
  <response-info timems="0.136" idlems="0.095" threads="1" lastid="0000000002310500" lastname="Thread-9" />
</exclusive-start>
<af-start id="811" threadId="0000000002309688" totalBytesRequested="40" timestamp="2019-06-15T03:59:56.185" intervalms="24.476" type="nursery" />
<cycle-start id="812" type="scavenge" contextid="0" timestamp="2019-06-15T03:59:56.185" intervalms="41.916" />
<gc-start id="813" type="scavenge" contextid="812" timestamp="2019-06-15T03:59:56.186">
  <mem-info id="814" free="1340424" total="22937600" percent="5">
    <mem type="nursery" free="0" total="17825792" percent="0">
      <mem type="allocate" free="0" total="15990784" percent="0" />
      <mem type="survivor" free="0" total="1835008" percent="0" />
    </mem>
    <mem type="tenure" free="1340424" total="5111808" percent="26">
      <mem type="soa" free="1091592" total="4856832" percent="22" />
      <mem type="loa" free="248832" total="254976" percent="97" />
    </mem>
    <remembered-set count="4601" />
  </mem-info>
</gc-start>
<allocation-stats totalBytes="15329744" >
  <allocated-bytes non-tlh="40" tlh="15329704" />
  <largest-consumer threadName="Thread-10" threadId="000000000230C900" bytes="5995808" />
</allocation-stats>
<gc-op id="815" type="scavenge" timems="1.313" contextid="812" timestamp="2019-06-15T03:59:56.187">
  <scavenger-info tenureage="3" tenuremask="4008" tiltratio="89" />
  <memory-copied type="nursery" objects="17363" bytes="692776" bytesdiscarded="117320" />
  <memory-copied type="tenure" objects="1002" bytes="24048" bytesdiscarded="0" />
  <ownableSynchronizers candidates="6" cleared="6" />
</gc-op>
<gc-end id="816" type="scavenge" contextid="812" durationms="1.562" usertimems="4.000" systemtimems="0.000" timestamp="2019-06-15T03:59:56.187" activeThreads="4">
  <mem-info id="817" free="16481944" total="22937600" percent="71">
    <mem type="nursery" free="15180688" total="17825792" percent="85">
      <mem type="allocate" free="15180688" total="15990784" percent="94" />
      <mem type="survivor" free="0" total="1835008" percent="0" />
    </mem>
    <mem type="tenure" free="1301256" total="5111808" percent="25">
      <mem type="soa" free="1052424" total="4856832" percent="21" />
      <mem type="loa" free="248832" total="254976" percent="97" />
    </mem>
    <remembered-set count="3599" />
  </mem-info>
</gc-end>
<cycle-end id="818" type="scavenge" contextid="812" timestamp="2019-06-15T03:59:56.187" />
  <attribute name="elasticGC enabled" value="1" />
  <attribute name= "numThreadsSpecified" value="4" />
  <attribute name="heapSize specified" value="23199744" />
  <attribute name="Current GC Util" value="68" />
  <attribute name= "Current Time Running" value="1330" />
  <attribute name ="GC Interval" value="744" />
  <attribute name="ProportionalT" value="24.000000" />
  <attribute name="ProportionalI" value="24.000000" />
  <attribute name="ProportionalH" value="24.000000" />
  <attribute name="Current Error" value="48.000000" />
  <attribute name="IntegralT" value="720.000000" />
  <attribute name="IntegralI" value="720.000000" />
  <attribute name="IntegralH" value="720.000000" />
  <attribute name="DerivativeT" value="-4.500000" />
  <attribute name="DerivativeI" value="-4.500000" />
  <attribute name="DerivativeH" value="-4.500000" />
  <attribute name="Loop Time for DT" value="15.000000" />
  <attribute name="Output H" value="8388608"/>
  <attribute name="Output I" value="744"/>
  <attribute name="Output T" value="4"/>
  <attribute name="Target GC Util Change" value ="20.000000" />
  <attribute name="Current GC Util Change" value="68.000000"/>
  <attribute name="GC Util currently" value="68" />
  <attribute name="CPU Util currently" value="317671910715" />
<allocation-satisfied id="819" threadId="0000000002308D00" bytesRequested="40" />
<af-end id="820" timestamp="2019-06-15T03:59:56.187" threadId="0000000002309688" success="true" from="nursery"/>
<exclusive-end id="821" timestamp="2019-06-15T03:59:56.188" durationms="2.359" />

<exclusive-start id="822" timestamp="2019-06-15T03:59:56.202" intervalms="16.848">
  <response-info timems="0.057" idlems="0.057" threads="0" lastid="000000000230C900" lastname="Thread-10" />
</exclusive-start>
<af-start id="823" threadId="000000000230D288" totalBytesRequested="24" timestamp="2019-06-15T03:59:56.202" intervalms="16.848" type="nursery" />
<cycle-start id="824" type="scavenge" contextid="0" timestamp="2019-06-15T03:59:56.202" intervalms="16.811" />
<gc-start id="825" type="scavenge" contextid="824" timestamp="2019-06-15T03:59:56.202">
  <mem-info id="826" free="1301256" total="22937600" percent="5">
    <mem type="nursery" free="0" total="17825792" percent="0">
      <mem type="allocate" free="0" total="15990784" percent="0" />
      <mem type="survivor" free="0" total="1835008" percent="0" />
    </mem>
    <mem type="tenure" free="1301256" total="5111808" percent="25">
      <mem type="soa" free="1052424" total="4856832" percent="21" />
      <mem type="loa" free="248832" total="254976" percent="97" />
    </mem>
    <remembered-set count="4056" />
  </mem-info>
</gc-start>
<allocation-stats totalBytes="15178944" >
  <allocated-bytes non-tlh="40" tlh="15178904" />
  <largest-consumer threadName="Thread-10" threadId="000000000230C900" bytes="7044304" />
</allocation-stats>
<gc-op id="827" type="scavenge" timems="0.968" contextid="824" timestamp="2019-06-15T03:59:56.203">
  <scavenger-info tenureage="14" tenuremask="4000" tiltratio="89" />
  <memory-copied type="nursery" objects="18937" bytes="730776" bytesdiscarded="113256" />
</gc-op>
<gc-end id="828" type="scavenge" contextid="824" durationms="1.253" usertimems="4.000" systemtimems="0.000" timestamp="2019-06-15T03:59:56.204" activeThreads="4">
  <mem-info id="829" free="16448008" total="22937600" percent="71">
    <mem type="nursery" free="15146752" total="17825792" percent="84">
      <mem type="allocate" free="15146752" total="15990784" percent="94" />
      <mem type="survivor" free="0" total="1835008" percent="0" />
    </mem>
    <mem type="tenure" free="1301256" total="5111808" percent="25">
      <mem type="soa" free="1052424" total="4856832" percent="21" />
      <mem type="loa" free="248832" total="254976" percent="97" />
    </mem>
    <remembered-set count="4056" />
  </mem-info>
</gc-end>
<cycle-end id="830" type="scavenge" contextid="824" timestamp="2019-06-15T03:59:56.204" />
  <attribute name="elasticGC enabled" value="1" />
  <attribute name= "numThreadsSpecified" value="4" />
  <attribute name="heapSize specified" value="23199744" />
  <attribute name="Current GC Util" value="21" />
  <attribute name= "Current Time Running" value="1347" />
  <attribute name ="GC Interval" value="200" />
  <attribute name="ProportionalT" value="0.500000" />
  <attribute name="ProportionalI" value="0.500000" />
  <attribute name="ProportionalH" value="0.500000" />
  <attribute name="Current Error" value="1.000000" />
  <attribute name="IntegralT" value="17.000000" />
  <attribute name="IntegralI" value="17.000000" />
  <attribute name="IntegralH" value="17.000000" />
  <attribute name="DerivativeT" value="-4.147059" />
  <attribute name="DerivativeI" value="-4.147059" />
  <attribute name="DerivativeH" value="-4.147059" />
  <attribute name="Loop Time for DT" value="17.000000" />
  <attribute name="Output H" value="8388608"/>
  <attribute name="Output I" value="200"/>
  <attribute name="Output T" value="4"/>
  <attribute name="Target GC Util Change" value ="20.000000" />
  <attribute name="Current GC Util Change" value="21.000000"/>
  <attribute name="GC Util currently" value="21" />
  <attribute name="CPU Util currently" value="272447621375" />
<allocation-satisfied id="831" threadId="000000000230C900" bytesRequested="24" />
<af-end id="832" timestamp="2019-06-15T03:59:56.204" threadId="000000000230D288" success="true" from="nursery"/>
<exclusive-end id="833" timestamp="2019-06-15T03:59:56.204" durationms="1.956" />

<exclusive-start id="834" timestamp="2019-06-15T03:59:56.213" intervalms="11.275">
  <response-info timems="0.029" idlems="0.029" threads="0" lastid="0000000002314100" lastname="Thread-7" />
</exclusive-start>
<af-start id="835" threadId="0000000002314A88" totalBytesRequested="24" timestamp="2019-06-15T03:59:56.216" intervalms="13.463" type="nursery" />
<cycle-start id="836" type="scavenge" contextid="0" timestamp="2019-06-15T03:59:56.216" intervalms="13.565" />
<gc-start id="837" type="scavenge" contextid="836" timestamp="2019-06-15T03:59:56.216">
  <mem-info id="838" free="1301256" total="22937600" percent="5">
    <mem type="nursery" free="0" total="17825792" percent="0">
      <mem type="allocate" free="0" total="15990784" percent="0" />
      <mem type="survivor" free="0" total="1835008" percent="0" />
    </mem>
    <mem type="tenure" free="1301256" total="5111808" percent="25">
      <mem type="soa" free="1052424" total="4856832" percent="21" />
      <mem type="loa" free="248832" total="254976" percent="97" />
    </mem>
    <remembered-set count="4594" />
  </mem-info>
</gc-start>
<allocation-stats totalBytes="15144984" >
  <allocated-bytes non-tlh="24" tlh="15144960" />
  <largest-consumer threadName="Thread-7" threadId="0000000002314100" bytes="4816408" />
</allocation-stats>
<gc-op id="839" type="scavenge" timems="1.904" contextid="836" timestamp="2019-06-15T03:59:56.218">
  <scavenger-info tenureage="3" tenuremask="4018" tiltratio="89" />
  <memory-copied type="nursery" objects="8405" bytes="203136" bytesdiscarded="37248" />
  <memory-copied type="tenure" objects="12046" bytes="563856" bytesdiscarded="0" />
</gc-op>
<heap-resize id="840" type="expand" space="nursery" amount="1441792" count="1" timems="0.016" reason="excessive time being spent scavenging" timestamp="2019-06-15T03:59:56.218" />
<gc-end id="841" type="scavenge" contextid="836" durationms="2.436" usertimems="4.000" systemtimems="0.000" timestamp="2019-06-15T03:59:56.218" activeThreads="1">
  <mem-info id="842" free="17634968" total="24379392" percent="72">
    <mem type="nursery" free="16995584" total="19267584" percent="88">
      <mem type="allocate" free="16995584" total="17235968" percent="98" />
      <mem type="survivor" free="0" total="2031616" percent="0" />
    </mem>
    <mem type="tenure" free="639384" total="5111808" percent="12">
      <mem type="soa" free="390552" total="4856832" percent="8" />
      <mem type="loa" free="248832" total="254976" percent="97" />
    </mem>
    <remembered-set count="8218" />
  </mem-info>
</gc-end>
<cycle-end id="843" type="scavenge" contextid="836" timestamp="2019-06-15T03:59:56.219" />
  <attribute name="elasticGC enabled" value="1" />
  <attribute name= "numThreadsSpecified" value="1" />
  <attribute name="heapSize specified" value="23199744" />
  <attribute name="Current GC Util" value="20" />
  <attribute name= "Current Time Running" value="1361" />
  <attribute name ="GC Interval" value="200" />
  <attribute name="ProportionalT" value="0.000000" />
  <attribute name="ProportionalI" value="0.000000" />
  <attribute name="ProportionalH" value="0.000000" />
  <attribute name="Current Error" value="0.000000" />
  <attribute name="IntegralT" value="0.000000" />
  <attribute name="IntegralI" value="0.000000" />
  <attribute name="IntegralH" value="0.000000" />
  <attribute name="DerivativeT" value="-0.107143" />
  <attribute name="DerivativeI" value="-0.107143" />
  <attribute name="DerivativeH" value="-0.107143" />
  <attribute name="Loop Time for DT" value="14.000000" />
  <attribute name="Output H" value="8388608"/>
  <attribute name="Output I" value="200"/>
  <attribute name="Output T" value="1"/>
  <attribute name="Target GC Util Change" value ="20.000000" />
  <attribute name="Current GC Util Change" value="20.000000"/>
  <attribute name="GC Util currently" value="20" />
  <attribute name="CPU Util currently" value="335433793259" />
<allocation-satisfied id="844" threadId="0000000002314100" bytesRequested="24" />
<af-end id="845" timestamp="2019-06-15T03:59:56.219" threadId="0000000002314A88" success="true" from="nursery"/>
<exclusive-end id="846" timestamp="2019-06-15T03:59:56.219" durationms="5.592" />

<concurrent-kickoff id="847" timestamp="2019-06-15T03:59:56.234">
  <kickoff reason="threshold reached" targetBytes="1558277" thresholdFreeBytes="220685"  remainingFree="152832" tenureFreeBytes="639384" nurseryFreeBytes="152832" />
</concurrent-kickoff>
<exclusive-start id="848" timestamp="2019-06-15T03:59:56.234" intervalms="20.758">
  <response-info timems="0.096" idlems="0.096" threads="0" lastid="0000000002308D00" lastname="Thread-8" />
</exclusive-start>
<cycle-start id="849" type="global" contextid="0" timestamp="2019-06-15T03:59:56.234" intervalms="91.042" />
<exclusive-end id="850" timestamp="2019-06-15T03:59:56.234" durationms="0.171" />

<exclusive-start id="851" timestamp="2019-06-15T03:59:56.235" intervalms="0.584">
  <response-info timems="0.064" idlems="0.064" threads="0" lastid="000000000230C900" lastname="Thread-10" />
</exclusive-start>
<af-start id="852" threadId="000000000230D288" totalBytesRequested="24" timestamp="2019-06-15T03:59:56.235" intervalms="19.120" type="nursery" />
<cycle-start id="853" type="scavenge" contextid="0" timestamp="2019-06-15T03:59:56.235" intervalms="19.026" />
<gc-start id="854" type="scavenge" contextid="853" timestamp="2019-06-15T03:59:56.235">
  <mem-info id="855" free="639384" total="24379392" percent="2">
    <mem type="nursery" free="0" total="19267584" percent="0">
      <mem type="allocate" free="0" total="17235968" percent="0" />
      <mem type="survivor" free="0" total="2031616" percent="0" />
    </mem>
    <mem type="tenure" free="639384" total="5111808" percent="12">
      <mem type="soa" free="390552" total="4856832" percent="8" />
      <mem type="loa" free="248832" total="254976" percent="97" />
    </mem>
    <remembered-set count="9748" />
  </mem-info>
</gc-start>
<allocation-stats totalBytes="16993448" >
  <allocated-bytes non-tlh="24" tlh="16993424" />
  <largest-consumer threadName="Thread-8" threadId="0000000002308D00" bytes="6126888" />
</allocation-stats>
<gc-op id="856" type="scavenge" timems="1.321" contextid="853" timestamp="2019-06-15T03:59:56.236">
  <scavenger-info tenureage="3" tenuremask="4008" tiltratio="89" />
  <memory-copied type="nursery" objects="17001" bytes="684232" bytesdiscarded="141632" />
  <memory-copied type="tenure" objects="5050" bytes="121200" bytesdiscarded="0" />
</gc-op>
<gc-end id="857" type="scavenge" contextid="853" durationms="1.542" usertimems="4.000" systemtimems="0.000" timestamp="2019-06-15T03:59:56.237" activeThreads="4">
  <mem-info id="858" free="16896912" total="24379392" percent="69">
    <mem type="nursery" free="16475640" total="19267584" percent="85">
      <mem type="allocate" free="16475640" total="17301504" percent="95" />
      <mem type="survivor" free="0" total="1966080" percent="0" />
    </mem>
    <mem type="tenure" free="421272" total="5111808" percent="8">
      <mem type="soa" free="172440" total="4856832" percent="3" />
      <mem type="loa" free="248832" total="254976" percent="97" />
    </mem>
    <remembered-set count="4698" />
  </mem-info>
</gc-end>
<cycle-end id="859" type="scavenge" contextid="853" timestamp="2019-06-15T03:59:56.237" />
  <attribute name="elasticGC enabled" value="1" />
  <attribute name= "numThreadsSpecified" value="4" />
  <attribute name="heapSize specified" value="23199744" />
  <attribute name="Current GC Util" value="10" />
  <attribute name= "Current Time Running" value="1379" />
  <attribute name ="GC Interval" value="200" />
  <attribute name="ProportionalT" value="-5.000000" />
  <attribute name="ProportionalI" value="-5.000000" />
  <attribute name="ProportionalH" value="-5.000000" />
  <attribute name="Current Error" value="-10.000000" />
  <attribute name="IntegralT" value="-180.000000" />
  <attribute name="IntegralI" value="-180.000000" />
  <attribute name="IntegralH" value="-180.000000" />
  <attribute name="DerivativeT" value="-0.833333" />
  <attribute name="DerivativeI" value="-0.833333" />
  <attribute name="DerivativeH" value="-0.833333" />
  <attribute name="Loop Time for DT" value="18.000000" />
  <attribute name="Output H" value="2092630016"/>
  <attribute name="Output I" value="200"/>
  <attribute name="Output T" value="4"/>
  <attribute name="Target GC Util Change" value ="20.000000" />
  <attribute name="Current GC Util Change" value="10.000000"/>
  <attribute name="GC Util currently" value="10" />
  <attribute name="CPU Util currently" value="245433245175" />
<allocation-satisfied id="860" threadId="000000000230C900" bytesRequested="24" />
<af-end id="861" timestamp="2019-06-15T03:59:56.237" threadId="000000000230D288" success="true" from="nursery"/>
<exclusive-end id="862" timestamp="2019-06-15T03:59:56.237" durationms="2.227" />

<exclusive-start id="863" timestamp="2019-06-15T03:59:56.257" intervalms="22.765">
  <response-info timems="0.041" idlems="0.022" threads="1" lastid="0000000002310500" lastname="Thread-9" />
</exclusive-start>
<af-start id="864" threadId="0000000002314A88" totalBytesRequested="40" timestamp="2019-06-15T03:59:56.258" intervalms="22.802" type="nursery" />
<percolate-collect id="865" from="nursery" to="global" reason="concurrent mark exhausted" timestamp="2019-06-15T03:59:56.258"/>
<gc-start id="866" type="global" contextid="849" timestamp="2019-06-15T03:59:56.258">
  <mem-info id="867" free="421272" total="24379392" percent="1">
    <mem type="nursery" free="0" total="19267584" percent="0">
      <mem type="allocate" free="0" total="17301504" percent="0" />
      <mem type="survivor" free="0" total="1966080" percent="0" />
    </mem>
    <mem type="tenure" free="421272" total="5111808" percent="8">
      <mem type="soa" free="172440" total="4856832" percent="3" />
      <mem type="loa" free="248832" total="254976" percent="97" />
    </mem>
    <remembered-set count="5736" />
  </mem-info>
</gc-start>
<allocation-stats totalBytes="16473768" >
  <allocated-bytes non-tlh="24" tlh="16473744" />
  <largest-consumer threadName="Thread-10" threadId="000000000230C900" bytes="7652072" />
</allocation-stats>
<concurrent-halted id="868" timestamp="2019-06-15T03:59:56.258">
  <halted state="Complete" status="exhausted" />
  <traced bytesTarget="1558277" bytesTotal="1920952" bytesByMutator="797452" bytesByHelper="1123500" percent="123" />
  <cards cleaned="219" thresholdBytes="86936" />
</concurrent-halted>
<gc-op id="869" type="rs-scan" timems="0.416" contextid="849" timestamp="2019-06-15T03:59:56.258">
  <scan objectsFound="3880" bytesTraced="320240" workStackOverflowCount="0" />
</gc-op>
<gc-op id="870" type="card-cleaning" timems="0.191" contextid="849" timestamp="2019-06-15T03:59:56.259">
  <card-cleaning cardsCleaned="4" bytesTraced="8136" workStackOverflowCount="0" />
</gc-op>
<gc-op id="871" type="mark" timems="1.331" contextid="849" timestamp="2019-06-15T03:59:56.260">
  <trace-info objectcount="14860" scancount="14828" scanbytes="632664" />
  <finalization candidates="124" enqueued="0" />
  <ownableSynchronizers candidates="3" cleared="0" />
  <references type="soft" candidates="148" cleared="0" enqueued="0" dynamicThreshold="8" maxThreshold="32" />
  <references type="weak" candidates="693" cleared="0" enqueued="0" />
  <references type="phantom" candidates="37" cleared="0" enqueued="0" />
  <stringconstants candidates="4597" cleared="0"  />
</gc-op>
<gc-op id="872" type="sweep" timems="0.745" contextid="849" timestamp="2019-06-15T03:59:56.261" />
<mem-info id="873" free="17880640" total="24379392" percent="73">
  <mem type="nursery" free="16554448" total="19267584" percent="85">
    <mem type="allocate" free="16554448" total="17301504" percent="95" />
    <mem type="survivor" free="0" total="1966080" percent="0" />
  </mem>
  <mem type="tenure" free="1326192" total="5111808" percent="25" micro-fragmented="0" macro-fragmented="0">
    <mem type="soa" free="1071216" total="4856832" percent="22" />
    <mem type="loa" free="254976" total="254976" percent="100" />
  </mem>
  <remembered-set count="3933" />
</mem-info>
<gc-op id="874" type="compact" timems="5.592" contextid="849" timestamp="2019-06-15T03:59:56.267">
  <compact-info movecount="31147" movebytes="1298568" reason="compact to aid heap contraction" />
</gc-op>
<heap-resize id="875" type="contract" space="tenure" amount="196608" count="1" timems="0.066" reason="heap reconfiguration" timestamp="2019-06-15T03:59:56.267" />
<gc-end id="876" type="global" contextid="849" durationms="9.737" usertimems="28.000" systemtimems="0.000" timestamp="2019-06-15T03:59:56.267" activeThreads="4">
  <mem-info id="877" free="17655456" total="24182784" percent="73">
    <mem type="nursery" free="16584240" total="19267584" percent="86">
      <mem type="allocate" free="16584240" total="17301504" percent="95" />
      <mem type="survivor" free="0" total="1966080" percent="0" />
    </mem>
    <mem type="tenure" free="1071216" total="4915200" percent="21">
      <mem type="soa" free="883824" total="4669440" percent="18" />
      <mem type="loa" free="187392" total="245760" percent="76" />
    </mem>
    <remembered-set count="3933" />
  </mem-info>
</gc-end>
<cycle-end id="878" type="global" contextid="849" timestamp="2019-06-15T03:59:56.268" />
  <attribute name="elasticGC enabled" value="1" />
  <attribute name= "numThreadsSpecified" value="4" />
  <attribute name="heapSize specified" value="24379392" />
  <attribute name="Current GC Util" value="107" />
  <attribute name= "Current Time Running" value="1411" />
  <attribute name ="GC Interval" value="200" />
  <attribute name="ProportionalT" value="43.500000" />
  <attribute name="ProportionalI" value="43.500000" />
  <attribute name="ProportionalH" value="43.500000" />
  <attribute name="Current Error" value="87.000000" />
  <attribute name="IntegralT" value="435.000000" />
  <attribute name="IntegralI" value="435.000000" />
  <attribute name="IntegralH" value="435.000000" />
  <attribute name="DerivativeT" value="-14.700000" />
  <attribute name="DerivativeI" value="-14.700000" />
  <attribute name="DerivativeH" value="-14.700000" />
  <attribute name="Loop Time for DT" value="5.000000" />
  <attribute name="Output H" value="8388608"/>
  <attribute name="Output I" value="464"/>
  <attribute name="Output T" value="4"/>
  <attribute name="Target GC Util Change" value ="20.000000" />
  <attribute name="Current GC Util Change" value="107.000000"/>
  <attribute name="GC Util currently" value="107" />
  <attribute name="CPU Util currently" value="804564699870" />
<allocation-satisfied id="879" threadId="0000000002314100" bytesRequested="40" />
<af-end id="880" timestamp="2019-06-15T03:59:56.268" threadId="0000000002314A88" success="true" from="nursery"/>
<exclusive-end id="881" timestamp="2019-06-15T03:59:56.268" durationms="10.460" />

<exclusive-start id="882" timestamp="2019-06-15T03:59:56.285" intervalms="27.152">
  <response-info timems="0.031" idlems="0.031" threads="0" lastid="000000000230C900" lastname="Thread-10" />
</exclusive-start>
<af-start id="883" threadId="000000000230D288" totalBytesRequested="40" timestamp="2019-06-15T03:59:56.285" intervalms="27.171" type="nursery" />
<cycle-start id="884" type="scavenge" contextid="0" timestamp="2019-06-15T03:59:56.285" intervalms="49.995" />
<gc-start id="885" type="scavenge" contextid="884" timestamp="2019-06-15T03:59:56.285">
  <mem-info id="886" free="1071216" total="24182784" percent="4">
    <mem type="nursery" free="0" total="19267584" percent="0">
      <mem type="allocate" free="0" total="17301504" percent="0" />
      <mem type="survivor" free="0" total="1966080" percent="0" />
    </mem>
    <mem type="tenure" free="1071216" total="4915200" percent="21">
      <mem type="soa" free="883824" total="4669440" percent="18" />
      <mem type="loa" free="187392" total="245760" percent="76" />
    </mem>
    <remembered-set count="4700" />
  </mem-info>
</gc-start>
<allocation-stats totalBytes="16581992" >
  <allocated-bytes non-tlh="40" tlh="16581952" />
  <largest-consumer threadName="Thread-8" threadId="0000000002308D00" bytes="6650968" />
</allocation-stats>
<gc-op id="887" type="scavenge" timems="1.564" contextid="884" timestamp="2019-06-15T03:59:56.287">
  <scavenger-info tenureage="3" tenuremask="4008" tiltratio="89" />
  <memory-copied type="nursery" objects="24230" bytes="995176" bytesdiscarded="239624" />
  <memory-copied type="tenure" objects="1061" bytes="25464" bytesdiscarded="0" />
  <ownableSynchronizers candidates="6" cleared="6" />
</gc-op>
<gc-end id="888" type="scavenge" contextid="884" durationms="1.903" usertimems="4.000" systemtimems="0.000" timestamp="2019-06-15T03:59:56.287" activeThreads="4">
  <mem-info id="889" free="17059584" total="24182784" percent="70">
    <mem type="nursery" free="16066704" total="19267584" percent="83">
      <mem type="allocate" free="16066704" total="17301504" percent="92" />
      <mem type="survivor" free="0" total="1966080" percent="0" />
    </mem>
    <mem type="tenure" free="992880" total="4915200" percent="20">
      <mem type="soa" free="805488" total="4669440" percent="17" />
      <mem type="loa" free="187392" total="245760" percent="76" />
    </mem>
    <remembered-set count="3639" />
  </mem-info>
</gc-end>
<cycle-end id="890" type="scavenge" contextid="884" timestamp="2019-06-15T03:59:56.287" />
  <attribute name="elasticGC enabled" value="1" />
  <attribute name= "numThreadsSpecified" value="4" />
  <attribute name="heapSize specified" value="24379392" />
  <attribute name="Current GC Util" value="68" />
  <attribute name= "Current Time Running" value="1430" />
  <attribute name ="GC Interval" value="936" />
  <attribute name="ProportionalT" value="24.000000" />
  <attribute name="ProportionalI" value="24.000000" />
  <attribute name="ProportionalH" value="24.000000" />
  <attribute name="Current Error" value="48.000000" />
  <attribute name="IntegralT" value="912.000000" />
  <attribute name="IntegralI" value="912.000000" />
  <attribute name="IntegralH" value="912.000000" />
  <attribute name="DerivativeT" value="-3.078947" />
  <attribute name="DerivativeI" value="-3.078947" />
  <attribute name="DerivativeH" value="-3.078947" />
  <attribute name="Loop Time for DT" value="19.000000" />
  <attribute name="Output H" value="8388608"/>
  <attribute name="Output I" value="936"/>
  <attribute name="Output T" value="4"/>
  <attribute name="Target GC Util Change" value ="20.000000" />
  <attribute name="Current GC Util Change" value="68.000000"/>
  <attribute name="GC Util currently" value="68" />
  <attribute name="CPU Util currently" value="253363726607" />
<allocation-satisfied id="891" threadId="000000000230C900" bytesRequested="40" />
<af-end id="892" timestamp="2019-06-15T03:59:56.287" threadId="000000000230D288" success="true" from="nursery"/>
<exclusive-end id="893" timestamp="2019-06-15T03:59:56.287" durationms="2.664" />

<exclusive-start id="894" timestamp="2019-06-15T03:59:56.304" intervalms="19.155">
  <response-info timems="0.225" idlems="0.196" threads="1" lastid="0000000002314100" lastname="Thread-7" />
</exclusive-start>
<af-start id="895" threadId="0000000002310E88" totalBytesRequested="24" timestamp="2019-06-15T03:59:56.304" intervalms="19.133" type="nursery" />
<cycle-start id="896" type="scavenge" contextid="0" timestamp="2019-06-15T03:59:56.304" intervalms="19.117" />
<gc-start id="897" type="scavenge" contextid="896" timestamp="2019-06-15T03:59:56.304">
  <mem-info id="898" free="992880" total="24182784" percent="4">
    <mem type="nursery" free="0" total="19267584" percent="0">
      <mem type="allocate" free="0" total="17301504" percent="0" />
      <mem type="survivor" free="0" total="1966080" percent="0" />
    </mem>
    <mem type="tenure" free="992880" total="4915200" percent="20">
      <mem type="soa" free="805488" total="4669440" percent="17" />
      <mem type="loa" free="187392" total="245760" percent="76" />
    </mem>
    <remembered-set count="4483" />
  </mem-info>
</gc-start>
<allocation-stats totalBytes="16064696" >
  <allocated-bytes non-tlh="40" tlh="16064656" />
  <largest-consumer threadName="Thread-8" threadId="0000000002308D00" bytes="5965008" />
</allocation-stats>
<gc-op id="899" type="scavenge" timems="2.152" contextid="896" timestamp="2019-06-15T03:59:56.306">
  <scavenger-info tenureage="14" tenuremask="4000" tiltratio="89" />
  <memory-copied type="nursery" objects="33354" bytes="1350800" bytesdiscarded="84088" />
</gc-op>
<heap-resize id="900" type="expand" space="nursery" amount="1179648" count="1" timems="0.016" reason="excessive time being spent scavenging" timestamp="2019-06-15T03:59:56.307" />
<gc-end id="901" type="scavenge" contextid="896" durationms="2.780" usertimems="8.000" systemtimems="0.000" timestamp="2019-06-15T03:59:56.307" activeThreads="1">
  <mem-info id="902" free="17908072" total="25362432" percent="70">
    <mem type="nursery" free="16915192" total="20447232" percent="82">
      <mem type="allocate" free="16915192" total="18350080" percent="92" />
      <mem type="survivor" free="0" total="2097152" percent="0" />
    </mem>
    <mem type="tenure" free="992880" total="4915200" percent="20">
      <mem type="soa" free="805488" total="4669440" percent="17" />
      <mem type="loa" free="187392" total="245760" percent="76" />
    </mem>
    <remembered-set count="4482" />
  </mem-info>
</gc-end>
<cycle-end id="903" type="scavenge" contextid="896" timestamp="2019-06-15T03:59:56.307" />
  <attribute name="elasticGC enabled" value="1" />
  <attribute name= "numThreadsSpecified" value="1" />
  <attribute name="heapSize specified" value="24379392" />
  <attribute name="Current GC Util" value="20" />
  <attribute name= "Current Time Running" value="1449" />
  <attribute name ="GC Interval" value="200" />
  <attribute name="ProportionalT" value="0.000000" />
  <attribute name="ProportionalI" value="0.000000" />
  <attribute name="ProportionalH" value="0.000000" />
  <attribute name="Current Error" value="0.000000" />
  <attribute name="IntegralT" value="0.000000" />
  <attribute name="IntegralI" value="0.000000" />
  <attribute name="IntegralH" value="0.000000" />
  <attribute name="DerivativeT" value="-3.789474" />
  <attribute name="DerivativeI" value="-3.789474" />
  <attribute name="DerivativeH" value="-3.789474" />
  <attribute name="Loop Time for DT" value="19.000000" />
  <attribute name="Output H" value="8388608"/>
  <attribute name="Output I" value="200"/>
  <attribute name="Output T" value="1"/>
  <attribute name="Target GC Util Change" value ="20.000000" />
  <attribute name="Current GC Util Change" value="20.000000"/>
  <attribute name="GC Util currently" value="20" />
  <attribute name="CPU Util currently" value="241497500257" />
<allocation-satisfied id="904" threadId="0000000002310500" bytesRequested="24" />
<af-end id="905" timestamp="2019-06-15T03:59:56.307" threadId="0000000002310E88" success="true" from="nursery"/>
<exclusive-end id="906" timestamp="2019-06-15T03:59:56.307" durationms="3.569" />

<exclusive-start id="907" timestamp="2019-06-15T03:59:56.324" intervalms="20.117">
  <response-info timems="0.055" idlems="0.055" threads="0" lastid="0000000002314100" lastname="Thread-7" />
</exclusive-start>
<af-start id="908" threadId="0000000002314A88" totalBytesRequested="40" timestamp="2019-06-15T03:59:56.324" intervalms="20.113" type="nursery" />
<cycle-start id="909" type="scavenge" contextid="0" timestamp="2019-06-15T03:59:56.324" intervalms="20.098" />
<gc-start id="910" type="scavenge" contextid="909" timestamp="2019-06-15T03:59:56.324">
  <mem-info id="911" free="992880" total="25362432" percent="3">
    <mem type="nursery" free="0" total="20447232" percent="0">
      <mem type="allocate" free="0" total="18350080" percent="0" />
      <mem type="survivor" free="0" total="2097152" percent="0" />
    </mem>
    <mem type="tenure" free="992880" total="4915200" percent="20">
      <mem type="soa" free="805488" total="4669440" percent="17" />
      <mem type="loa" free="187392" total="245760" percent="76" />
    </mem>
    <remembered-set count="4482" />
  </mem-info>
</gc-start>
<allocation-stats totalBytes="16913264" >
  <allocated-bytes non-tlh="24" tlh="16913240" />
  <largest-consumer threadName="Thread-8" threadId="0000000002308D00" bytes="5733784" />
</allocation-stats>
<gc-op id="912" type="scavenge" timems="1.260" contextid="909" timestamp="2019-06-15T03:59:56.326">
  <scavenger-info tenureage="3" tenuremask="4008" tiltratio="89" />
  <memory-copied type="nursery" objects="29103" bytes="1248960" bytesdiscarded="105504" />
  <memory-copied type="tenure" objects="760" bytes="18240" bytesdiscarded="0" />
</gc-op>
<gc-end id="913" type="scavenge" contextid="909" durationms="1.632" usertimems="4.000" systemtimems="0.000" timestamp="2019-06-15T03:59:56.326" activeThreads="4">
  <mem-info id="914" free="17910160" total="25362432" percent="70">
    <mem type="nursery" free="16995616" total="20447232" percent="83">
      <mem type="allocate" free="16995616" total="18350080" percent="92" />
      <mem type="survivor" free="0" total="2097152" percent="0" />
    </mem>
    <mem type="tenure" free="914544" total="4915200" percent="18">
      <mem type="soa" free="727152" total="4669440" percent="15" />
      <mem type="loa" free="187392" total="245760" percent="76" />
    </mem>
    <remembered-set count="3721" />
  </mem-info>
</gc-end>
<cycle-end id="915" type="scavenge" contextid="909" timestamp="2019-06-15T03:59:56.326" />
  <attribute name="elasticGC enabled" value="1" />
  <attribute name= "numThreadsSpecified" value="4" />
  <attribute name="heapSize specified" value="24379392" />
  <attribute name="Current GC Util" value="12" />
  <attribute name= "Current Time Running" value="1469" />
  <attribute name ="GC Interval" value="200" />
  <attribute name="ProportionalT" value="-4.000000" />
  <attribute name="ProportionalI" value="-4.000000" />
  <attribute name="ProportionalH" value="-4.000000" />
  <attribute name="Current Error" value="-8.000000" />
  <attribute name="IntegralT" value="-160.000000" />
  <attribute name="IntegralI" value="-160.000000" />
  <attribute name="IntegralH" value="-160.000000" />
  <attribute name="DerivativeT" value="-0.600000" />
  <attribute name="DerivativeI" value="-0.600000" />
  <attribute name="DerivativeH" value="-0.600000" />
  <attribute name="Loop Time for DT" value="20.000000" />
  <attribute name="Output H" value="2092630016"/>
  <attribute name="Output I" value="200"/>
  <attribute name="Output T" value="4"/>
  <attribute name="Target GC Util Change" value ="20.000000" />
  <attribute name="Current GC Util Change" value="12.000000"/>
  <attribute name="GC Util currently" value="12" />
  <attribute name="CPU Util currently" value="231056811860" />
<allocation-satisfied id="916" threadId="0000000002314100" bytesRequested="40" />
<af-end id="917" timestamp="2019-06-15T03:59:56.326" threadId="0000000002314A88" success="true" from="nursery"/>
<exclusive-end id="918" timestamp="2019-06-15T03:59:56.326" durationms="2.412" />

<exclusive-start id="919" timestamp="2019-06-15T03:59:56.344" intervalms="20.136">
  <response-info timems="0.122" idlems="0.068" threads="1" lastid="000000000230C900" lastname="Thread-10" />
</exclusive-start>
<af-start id="920" threadId="0000000002314A88" totalBytesRequested="40" timestamp="2019-06-15T03:59:56.344" intervalms="20.141" type="nursery" />
<cycle-start id="921" type="scavenge" contextid="0" timestamp="2019-06-15T03:59:56.344" intervalms="20.143" />
<gc-start id="922" type="scavenge" contextid="921" timestamp="2019-06-15T03:59:56.344">
  <mem-info id="923" free="914544" total="25362432" percent="3">
    <mem type="nursery" free="0" total="20447232" percent="0">
      <mem type="allocate" free="0" total="18350080" percent="0" />
      <mem type="survivor" free="0" total="2097152" percent="0" />
    </mem>
    <mem type="tenure" free="914544" total="4915200" percent="18">
      <mem type="soa" free="727152" total="4669440" percent="15" />
      <mem type="loa" free="187392" total="245760" percent="76" />
    </mem>
    <remembered-set count="3721" />
  </mem-info>
</gc-start>
<allocation-stats totalBytes="16993336" >
  <allocated-bytes non-tlh="40" tlh="16993296" />
  <largest-consumer threadName="Thread-7" threadId="0000000002314100" bytes="6476280" />
</allocation-stats>
<gc-op id="924" type="scavenge" timems="1.370" contextid="921" timestamp="2019-06-15T03:59:56.346">
  <scavenger-info tenureage="5" tenuremask="4020" tiltratio="89" />
  <memory-copied type="nursery" objects="30348" bytes="1279176" bytesdiscarded="75288" />
  <memory-copied type="tenure" objects="989" bytes="23736" bytesdiscarded="0" />
</gc-op>
<gc-end id="925" type="scavenge" contextid="921" durationms="1.848" usertimems="8.000" systemtimems="0.000" timestamp="2019-06-15T03:59:56.346" activeThreads="4">
  <mem-info id="926" free="17870992" total="25362432" percent="70">
    <mem type="nursery" free="16995616" total="20447232" percent="83">
      <mem type="allocate" free="16995616" total="18350080" percent="92" />
      <mem type="survivor" free="0" total="2097152" percent="0" />
    </mem>
    <mem type="tenure" free="875376" total="4915200" percent="17">
      <mem type="soa" free="687984" total="4669440" percent="14" />
      <mem type="loa" free="187392" total="245760" percent="76" />
    </mem>
    <remembered-set count="2732" />
  </mem-info>
</gc-end>
<cycle-end id="927" type="scavenge" contextid="921" timestamp="2019-06-15T03:59:56.346" />
  <attribute name="elasticGC enabled" value="1" />
  <attribute name= "numThreadsSpecified" value="4" />
  <attribute name="heapSize specified" value="24379392" />
  <attribute name="Current GC Util" value="15" />
  <attribute name= "Current Time Running" value="1489" />
  <attribute name ="GC Interval" value="200" />
  <attribute name="ProportionalT" value="-2.500000" />
  <attribute name="ProportionalI" value="-2.500000" />
  <attribute name="ProportionalH" value="-2.500000" />
  <attribute name="Current Error" value="-5.000000" />
  <attribute name="IntegralT" value="-100.000000" />
  <attribute name="IntegralI" value="-100.000000" />
  <attribute name="IntegralH" value="-100.000000" />
  <attribute name="DerivativeT" value="-0.375000" />
  <attribute name="DerivativeI" value="-0.375000" />
  <attribute name="DerivativeH" value="-0.375000" />
  <attribute name="Loop Time for DT" value="20.000000" />
  <attribute name="Output H" value="2092630016"/>
  <attribute name="Output I" value="200"/>
  <attribute name="Output T" value="4"/>
  <attribute name="Target GC Util Change" value ="20.000000" />
  <attribute name="Current GC Util Change" value="15.000000"/>
  <attribute name="GC Util currently" value="15" />
  <attribute name="CPU Util currently" value="227761290583" />
<allocation-satisfied id="928" threadId="0000000002314100" bytesRequested="40" />
<af-end id="929" timestamp="2019-06-15T03:59:56.347" threadId="0000000002314A88" success="true" from="nursery"/>
<exclusive-end id="930" timestamp="2019-06-15T03:59:56.347" durationms="2.676" />

<exclusive-start id="931" timestamp="2019-06-15T03:59:56.364" intervalms="19.815">
  <response-info timems="0.027" idlems="0.027" threads="0" lastid="0000000002314100" lastname="Thread-7" />
</exclusive-start>
<af-start id="932" threadId="0000000002314A88" totalBytesRequested="40" timestamp="2019-06-15T03:59:56.364" intervalms="19.790" type="nursery" />
<cycle-start id="933" type="scavenge" contextid="0" timestamp="2019-06-15T03:59:56.364" intervalms="19.829" />
<gc-start id="934" type="scavenge" contextid="933" timestamp="2019-06-15T03:59:56.364">
  <mem-info id="935" free="875376" total="25362432" percent="3">
    <mem type="nursery" free="0" total="20447232" percent="0">
      <mem type="allocate" free="0" total="18350080" percent="0" />
      <mem type="survivor" free="0" total="2097152" percent="0" />
    </mem>
    <mem type="tenure" free="875376" total="4915200" percent="17">
      <mem type="soa" free="687984" total="4669440" percent="14" />
      <mem type="loa" free="187392" total="245760" percent="76" />
    </mem>
    <remembered-set count="2732" />
  </mem-info>
</gc-start>
<allocation-stats totalBytes="16993216" >
  <allocated-bytes non-tlh="40" tlh="16993176" />
  <largest-consumer threadName="Thread-7" threadId="0000000002314100" bytes="5951912" />
</allocation-stats>
<gc-op id="936" type="scavenge" timems="1.807" contextid="933" timestamp="2019-06-15T03:59:56.366">
  <scavenger-info tenureage="3" tenuremask="4018" tiltratio="89" />
  <memory-copied type="nursery" objects="10315" bytes="386624" bytesdiscarded="124864" />
  <memory-copied type="tenure" objects="21384" bytes="925344" bytesdiscarded="48" />
  <heap-resize type="expand" space="tenure" amount="262144" count="4" timems="0.034" reason="continue current collection" />
</gc-op>
<heap-resize id="937" type="expand" space="nursery" amount="1179648" count="1" timems="0.013" reason="excessive time being spent scavenging" timestamp="2019-06-15T03:59:56.366" />
<gc-end id="938" type="scavenge" contextid="933" durationms="2.459" usertimems="4.000" systemtimems="0.000" timestamp="2019-06-15T03:59:56.367" activeThreads="4">
  <mem-info id="939" free="19070976" total="26804224" percent="71">
    <mem type="nursery" free="18887168" total="21626880" percent="87">
      <mem type="allocate" free="18887168" total="19398656" percent="97" />
      <mem type="survivor" free="0" total="2228224" percent="0" />
    </mem>
    <mem type="tenure" free="183808" total="5177344" percent="3">
      <mem type="soa" free="0" total="4919296" percent="0" />
      <mem type="loa" free="183808" total="258048" percent="71" />
    </mem>
    <remembered-set count="2828" />
  </mem-info>
</gc-end>
<cycle-end id="940" type="scavenge" contextid="933" timestamp="2019-06-15T03:59:56.367" />
  <attribute name="elasticGC enabled" value="1" />
  <attribute name= "numThreadsSpecified" value="4" />
  <attribute name="heapSize specified" value="24379392" />
  <attribute name="Current GC Util" value="18" />
  <attribute name= "Current Time Running" value="1509" />
  <attribute name ="GC Interval" value="200" />
  <attribute name="ProportionalT" value="-1.000000" />
  <attribute name="ProportionalI" value="-1.000000" />
  <attribute name="ProportionalH" value="-1.000000" />
  <attribute name="Current Error" value="-2.000000" />
  <attribute name="IntegralT" value="-40.000000" />
  <attribute name="IntegralI" value="-40.000000" />
  <attribute name="IntegralH" value="-40.000000" />
  <attribute name="DerivativeT" value="-0.150000" />
  <attribute name="DerivativeI" value="-0.150000" />
  <attribute name="DerivativeH" value="-0.150000" />
  <attribute name="Loop Time for DT" value="20.000000" />
  <attribute name="Output H" value="2092630016"/>
  <attribute name="Output I" value="200"/>
  <attribute name="Output T" value="4"/>
  <attribute name="Target GC Util Change" value ="20.000000" />
  <attribute name="Current GC Util Change" value="18.000000"/>
  <attribute name="GC Util currently" value="18" />
  <attribute name="CPU Util currently" value="232706549496" />
<allocation-satisfied id="941" threadId="0000000002314100" bytesRequested="40" />
<af-end id="942" timestamp="2019-06-15T03:59:56.367" threadId="0000000002314A88" success="true" from="nursery"/>
<exclusive-end id="943" timestamp="2019-06-15T03:59:56.367" durationms="3.336" />

<concurrent-kickoff id="944" timestamp="2019-06-15T03:59:56.392">
  <kickoff reason="threshold reached" targetBytes="1649710" thresholdFreeBytes="233974"  remainingFree="143872" tenureFreeBytes="183808" nurseryFreeBytes="143872" />
</concurrent-kickoff>
<exclusive-start id="945" timestamp="2019-06-15T03:59:56.392" intervalms="28.214">
  <response-info timems="0.091" idlems="0.091" threads="0" lastid="0000000002314100" lastname="Thread-7" />
</exclusive-start>
<cycle-start id="946" type="global" contextid="0" timestamp="2019-06-15T03:59:56.392" intervalms="157.980" />
<exclusive-end id="947" timestamp="2019-06-15T03:59:56.392" durationms="0.262" />

<exclusive-start id="948" timestamp="2019-06-15T03:59:56.393" intervalms="0.828">
  <response-info timems="0.052" idlems="0.052" threads="0" lastid="0000000002310500" lastname="Thread-9" />
</exclusive-start>
<af-start id="949" threadId="0000000002310E88" totalBytesRequested="40" timestamp="2019-06-15T03:59:56.393" intervalms="29.080" type="nursery" />
<cycle-start id="950" type="scavenge" contextid="0" timestamp="2019-06-15T03:59:56.393" intervalms="29.106" />
<gc-start id="951" type="scavenge" contextid="950" timestamp="2019-06-15T03:59:56.393">
  <mem-info id="952" free="183808" total="26804224" percent="0">
    <mem type="nursery" free="0" total="21626880" percent="0">
      <mem type="allocate" free="0" total="19398656" percent="0" />
      <mem type="survivor" free="0" total="2228224" percent="0" />
    </mem>
    <mem type="tenure" free="183808" total="5177344" percent="3">
      <mem type="soa" free="0" total="4919296" percent="0" />
      <mem type="loa" free="183808" total="258048" percent="71" />
    </mem>
    <remembered-set count="3653" />
  </mem-info>
</gc-start>
<allocation-stats totalBytes="18884448" >
  <allocated-bytes non-tlh="40" tlh="18884408" />
  <largest-consumer threadName="Thread-7" threadId="0000000002314100" bytes="6257944" />
</allocation-stats>
<gc-op id="953" type="scavenge" timems="1.460" contextid="950" timestamp="2019-06-15T03:59:56.395">
  <scavenger-info tenureage="3" tenuremask="4008" tiltratio="89" />
  <memory-copied type="nursery" objects="4728" bytes="114816" bytesdiscarded="173184" />
  <memory-copied type="tenure" objects="6532" bytes="294144" bytesdiscarded="104" />
  <heap-resize type="expand" space="tenure" amount="524288" count="8" timems="0.362" reason="continue current collection" />
</gc-op>
<gc-end id="954" type="scavenge" contextid="950" durationms="1.715" usertimems="4.000" systemtimems="0.000" timestamp="2019-06-15T03:59:56.395" activeThreads="4">
  <mem-info id="955" free="19460864" total="27328512" percent="71">
    <mem type="nursery" free="19176192" total="21626880" percent="88">
      <mem type="allocate" free="19176192" total="19464192" percent="98" />
      <mem type="survivor" free="0" total="2162688" percent="0" />
    </mem>
    <mem type="tenure" free="284672" total="5701632" percent="4">
      <mem type="soa" free="0" total="5416960" percent="0" />
      <mem type="loa" free="284672" total="284672" percent="100" />
    </mem>
    <remembered-set count="4576" />
  </mem-info>
</gc-end>
<cycle-end id="956" type="scavenge" contextid="950" timestamp="2019-06-15T03:59:56.395" />
  <attribute name="elasticGC enabled" value="1" />
  <attribute name= "numThreadsSpecified" value="4" />
  <attribute name="heapSize specified" value="24379392" />
  <attribute name="Current GC Util" value="15" />
  <attribute name= "Current Time Running" value="1538" />
  <attribute name ="GC Interval" value="200" />
  <attribute name="ProportionalT" value="-2.500000" />
  <attribute name="ProportionalI" value="-2.500000" />
  <attribute name="ProportionalH" value="-2.500000" />
  <attribute name="Current Error" value="-5.000000" />
  <attribute name="IntegralT" value="-145.000000" />
  <attribute name="IntegralI" value="-145.000000" />
  <attribute name="IntegralH" value="-145.000000" />
  <attribute name="DerivativeT" value="-0.258621" />
  <attribute name="DerivativeI" value="-0.258621" />
  <attribute name="DerivativeH" value="-0.258621" />
  <attribute name="Loop Time for DT" value="29.000000" />
  <attribute name="Output H" value="2092630016"/>
  <attribute name="Output I" value="200"/>
  <attribute name="Output T" value="4"/>
  <attribute name="Target GC Util Change" value ="20.000000" />
  <attribute name="Current GC Util Change" value="15.000000"/>
  <attribute name="GC Util currently" value="15" />
  <attribute name="CPU Util currently" value="158456703020" />
<allocation-satisfied id="957" threadId="0000000002310500" bytesRequested="40" />
<af-end id="958" timestamp="2019-06-15T03:59:56.395" threadId="0000000002310E88" success="true" from="nursery"/>
<exclusive-end id="959" timestamp="2019-06-15T03:59:56.395" durationms="2.470" />

<exclusive-start id="960" timestamp="2019-06-15T03:59:56.420" intervalms="27.626">
  <response-info timems="0.515" idlems="0.515" threads="0" lastid="0000000002308D00" lastname="Thread-8" />
</exclusive-start>
<concurrent-collection-start id="961" timestamp="2019-06-15T03:59:56.421" intervalms="356.438" >
  <concurrent-trace-info reason="card cleaning threshold reached" tracedByMutators="976372" tracedByHelpers="1156828" cardsCleaned="317" workStackOverflowCount="0" />
</concurrent-collection-start>
<gc-start id="962" type="global" contextid="946" timestamp="2019-06-15T03:59:56.421">
  <mem-info id="963" free="284672" total="27328512" percent="1">
    <mem type="nursery" free="0" total="21626880" percent="0">
      <mem type="allocate" free="0" total="19464192" percent="0" />
      <mem type="survivor" free="0" total="2162688" percent="0" />
    </mem>
    <mem type="tenure" free="284672" total="5701632" percent="4">
      <mem type="soa" free="0" total="5416960" percent="0" />
      <mem type="loa" free="284672" total="284672" percent="100" />
    </mem>
    <remembered-set count="5638" />
  </mem-info>
</gc-start>
<allocation-stats totalBytes="19173944" >
  <allocated-bytes non-tlh="40" tlh="19173904" />
  <largest-consumer threadName="Thread-9" threadId="0000000002310500" bytes="7306560" />
</allocation-stats>
<gc-op id="964" type="rs-scan" timems="0.653" contextid="946" timestamp="2019-06-15T03:59:56.422">
  <scan objectsFound="3602" bytesTraced="320412" workStackOverflowCount="0" />
</gc-op>
<gc-op id="965" type="card-cleaning" timems="0.260" contextid="946" timestamp="2019-06-15T03:59:56.422">
  <card-cleaning cardsCleaned="6" bytesTraced="10896" workStackOverflowCount="0" />
</gc-op>
<gc-op id="966" type="mark" timems="1.302" contextid="946" timestamp="2019-06-15T03:59:56.423">
  <trace-info objectcount="8337" scancount="8305" scanbytes="338620" />
  <finalization candidates="124" enqueued="0" />
  <ownableSynchronizers candidates="3" cleared="0" />
  <references type="soft" candidates="148" cleared="47" enqueued="44" dynamicThreshold="6" maxThreshold="32" />
  <references type="weak" candidates="693" cleared="0" enqueued="0" />
  <references type="phantom" candidates="37" cleared="0" enqueued="0" />
  <stringconstants candidates="4597" cleared="0"  />
</gc-op>
<gc-op id="967" type="sweep" timems="0.760" contextid="946" timestamp="2019-06-15T03:59:56.424" />
<mem-info id="968" free="20722304" total="27328512" percent="75">
  <mem type="nursery" free="19300760" total="21626880" percent="89">
    <mem type="allocate" free="19300760" total="19464192" percent="99" />
    <mem type="survivor" free="0" total="2162688" percent="0" />
  </mem>
  <mem type="tenure" free="1421544" total="5701632" percent="24" micro-fragmented="7700" macro-fragmented="0">
    <mem type="soa" free="1136872" total="5416960" percent="20" />
    <mem type="loa" free="284672" total="284672" percent="100" />
  </mem>
  <pending-finalizers system="0" default="0" reference="44" classloader="0" />
  <remembered-set count="5638" />
</mem-info>
<gc-op id="969" type="compact" timems="12.991" contextid="946" timestamp="2019-06-15T03:59:56.437">
  <compact-info movecount="64168" movebytes="4077616" reason="compact to aid heap contraction" />
</gc-op>
<heap-resize id="970" type="contract" space="tenure" amount="262144" count="1" timems="0.015" reason="heap reconfiguration" timestamp="2019-06-15T03:59:56.438" />
<gc-end id="971" type="global" contextid="946" durationms="17.299" usertimems="44.000" systemtimems="0.000" timestamp="2019-06-15T03:59:56.438" activeThreads="4">
  <mem-info id="972" free="20469000" total="27066368" percent="75">
    <mem type="nursery" free="19324672" total="21626880" percent="89">
      <mem type="allocate" free="19324672" total="19464192" percent="99" />
      <mem type="survivor" free="0" total="2162688" percent="0" />
    </mem>
    <mem type="tenure" free="1144328" total="5439488" percent="21">
      <mem type="soa" free="895496" total="5168128" percent="17" />
      <mem type="loa" free="248832" total="271360" percent="91" />
    </mem>
    <pending-finalizers system="0" default="0" reference="44" classloader="0" />
    <remembered-set count="5638" />
  </mem-info>
</gc-end>
<cycle-end id="973" type="global" contextid="946" timestamp="2019-06-15T03:59:56.438" />
  <attribute name="elasticGC enabled" value="1" />
  <attribute name= "numThreadsSpecified" value="4" />
  <attribute name="heapSize specified" value="27328512" />
  <attribute name="Current GC Util" value="47" />
  <attribute name= "Current Time Running" value="1582" />
  <attribute name ="GC Interval" value="200" />
  <attribute name="ProportionalT" value="13.500000" />
  <attribute name="ProportionalI" value="13.500000" />
  <attribute name="ProportionalH" value="13.500000" />
  <attribute name="Current Error" value="27.000000" />
  <attribute name="IntegralT" value="351.000000" />
  <attribute name="IntegralI" value="351.000000" />
  <attribute name="IntegralH" value="351.000000" />
  <attribute name="DerivativeT" value="-15.000000" />
  <attribute name="DerivativeI" value="-15.000000" />
  <attribute name="DerivativeH" value="-15.000000" />
  <attribute name="Loop Time for DT" value="13.000000" />
  <attribute name="Output H" value="8388608"/>
  <attribute name="Output I" value="352"/>
  <attribute name="Output T" value="4"/>
  <attribute name="Target GC Util Change" value ="20.000000" />
  <attribute name="Current GC Util Change" value="47.000000"/>
  <attribute name="GC Util currently" value="47" />
  <attribute name="CPU Util currently" value="349899667227" />
<concurrent-collection-end id="974" timestamp="2019-06-15T03:59:56.438" />
<exclusive-end id="975" timestamp="2019-06-15T03:59:56.438" durationms="17.971" />

<exclusive-start id="976" timestamp="2019-06-15T03:59:56.463" intervalms="42.392">
  <response-info timems="0.037" idlems="0.020" threads="1" lastid="0000000002308D00" lastname="Thread-8" />
</exclusive-start>
<af-start id="977" threadId="0000000002314A88" totalBytesRequested="40" timestamp="2019-06-15T03:59:56.463" intervalms="70.069" type="nursery" />
<cycle-start id="978" type="scavenge" contextid="0" timestamp="2019-06-15T03:59:56.463" intervalms="70.049" />
<gc-start id="979" type="scavenge" contextid="978" timestamp="2019-06-15T03:59:56.463">
  <mem-info id="980" free="1144328" total="27066368" percent="4">
    <mem type="nursery" free="0" total="21626880" percent="0">
      <mem type="allocate" free="0" total="19464192" percent="0" />
      <mem type="survivor" free="0" total="2162688" percent="0" />
    </mem>
    <mem type="tenure" free="1144328" total="5439488" percent="21">
      <mem type="soa" free="895496" total="5168128" percent="17" />
      <mem type="loa" free="248832" total="271360" percent="91" />
    </mem>
    <remembered-set count="6880" />
  </mem-info>
</gc-start>
<allocation-stats totalBytes="19322184" >
  <allocated-bytes non-tlh="0" tlh="19322184" />
  <largest-consumer threadName="Thread-9" threadId="0000000002310500" bytes="7699520" />
</allocation-stats>
<gc-op id="981" type="scavenge" timems="0.590" contextid="978" timestamp="2019-06-15T03:59:56.464">
  <scavenger-info tenureage="3" tenuremask="ffe8" tiltratio="90" />
  <memory-copied type="nursery" objects="4770" bytes="116544" bytesdiscarded="132288" />
  <memory-copied type="tenure" objects="2158" bytes="51792" bytesdiscarded="0" />
  <ownableSynchronizers candidates="6" cleared="6" />
</gc-op>
<gc-end id="982" type="scavenge" contextid="978" durationms="1.150" usertimems="4.000" systemtimems="0.000" timestamp="2019-06-15T03:59:56.464" activeThreads="4">
  <mem-info id="983" free="20150024" total="27066368" percent="74">
    <mem type="nursery" free="19215360" total="21626880" percent="88">
      <mem type="allocate" free="19215360" total="19464192" percent="98" />
      <mem type="survivor" free="0" total="2162688" percent="0" />
    </mem>
    <mem type="tenure" free="934664" total="5439488" percent="17">
      <mem type="soa" free="685832" total="5168128" percent="13" />
      <mem type="loa" free="248832" total="271360" percent="91" />
    </mem>
    <remembered-set count="4721" />
  </mem-info>
</gc-end>
<cycle-end id="984" type="scavenge" contextid="978" timestamp="2019-06-15T03:59:56.465" />
  <attribute name="elasticGC enabled" value="1" />
  <attribute name= "numThreadsSpecified" value="4" />
  <attribute name="heapSize specified" value="27328512" />
  <attribute name="Current GC Util" value="46" />
  <attribute name= "Current Time Running" value="1608" />
  <attribute name ="GC Interval" value="688" />
  <attribute name="ProportionalT" value="13.000000" />
  <attribute name="ProportionalI" value="13.000000" />
  <attribute name="ProportionalH" value="13.000000" />
  <attribute name="Current Error" value="26.000000" />
  <attribute name="IntegralT" value="676.000000" />
  <attribute name="IntegralI" value="676.000000" />
  <attribute name="IntegralH" value="676.000000" />
  <attribute name="DerivativeT" value="-0.057692" />
  <attribute name="DerivativeI" value="-0.057692" />
  <attribute name="DerivativeH" value="-0.057692" />
  <attribute name="Loop Time for DT" value="26.000000" />
  <attribute name="Output H" value="8388608"/>
  <attribute name="Output I" value="688"/>
  <attribute name="Output T" value="4"/>
  <attribute name="Target GC Util Change" value ="20.000000" />
  <attribute name="Current GC Util Change" value="46.000000"/>
  <attribute name="GC Util currently" value="46" />
  <attribute name="CPU Util currently" value="177201484998" />
<allocation-satisfied id="985" threadId="0000000002314100" bytesRequested="40" />
<af-end id="986" timestamp="2019-06-15T03:59:56.465" threadId="0000000002314A88" success="true" from="nursery"/>
<exclusive-end id="987" timestamp="2019-06-15T03:59:56.465" durationms="1.989" />

<exclusive-start id="988" timestamp="2019-06-15T03:59:56.500" intervalms="37.062">
  <response-info timems="0.059" idlems="0.059" threads="0" lastid="0000000002310500" lastname="Thread-9" />
</exclusive-start>
<af-start id="989" threadId="0000000002310E88" totalBytesRequested="40" timestamp="2019-06-15T03:59:56.500" intervalms="37.027" type="nursery" />
<cycle-start id="990" type="scavenge" contextid="0" timestamp="2019-06-15T03:59:56.500" intervalms="36.982" />
<gc-start id="991" type="scavenge" contextid="990" timestamp="2019-06-15T03:59:56.500">
  <mem-info id="992" free="934664" total="27066368" percent="3">
    <mem type="nursery" free="0" total="21626880" percent="0">
      <mem type="allocate" free="0" total="19464192" percent="0" />
      <mem type="survivor" free="0" total="2162688" percent="0" />
    </mem>
    <mem type="tenure" free="934664" total="5439488" percent="17">
      <mem type="soa" free="685832" total="5168128" percent="13" />
      <mem type="loa" free="248832" total="271360" percent="91" />
    </mem>
    <remembered-set count="6365" />
  </mem-info>
</gc-start>
<allocation-stats totalBytes="19212928" >
  <allocated-bytes non-tlh="40" tlh="19212888" />
  <largest-consumer threadName="Thread-7" threadId="0000000002314100" bytes="9436968" />
</allocation-stats>
<gc-op id="993" type="scavenge" timems="0.477" contextid="990" timestamp="2019-06-15T03:59:56.501">
  <scavenger-info tenureage="3" tenuremask="ffe8" tiltratio="90" />
  <memory-copied type="nursery" objects="5281" bytes="129424" bytesdiscarded="334448" />
  <memory-copied type="tenure" objects="1278" bytes="30672" bytesdiscarded="0" />
</gc-op>
<gc-end id="994" type="scavenge" contextid="990" durationms="0.911" usertimems="0.000" systemtimems="0.000" timestamp="2019-06-15T03:59:56.501" activeThreads="4">
  <mem-info id="995" free="19895816" total="27066368" percent="73">
    <mem type="nursery" free="19000320" total="21626880" percent="87">
      <mem type="allocate" free="19000320" total="19464192" percent="97" />
      <mem type="survivor" free="0" total="2162688" percent="0" />
    </mem>
    <mem type="tenure" free="895496" total="5439488" percent="16">
      <mem type="soa" free="646664" total="5168128" percent="12" />
      <mem type="loa" free="248832" total="271360" percent="91" />
    </mem>
    <remembered-set count="5087" />
  </mem-info>
</gc-end>
<cycle-end id="996" type="scavenge" contextid="990" timestamp="2019-06-15T03:59:56.501" />
  <attribute name="elasticGC enabled" value="1" />
  <attribute name= "numThreadsSpecified" value="4" />
  <attribute name="heapSize specified" value="27328512" />
  <attribute name="Current GC Util" value="4" />
  <attribute name= "Current Time Running" value="1645" />
  <attribute name ="GC Interval" value="200" />
  <attribute name="ProportionalT" value="-8.000000" />
  <attribute name="ProportionalI" value="-8.000000" />
  <attribute name="ProportionalH" value="-8.000000" />
  <attribute name="Current Error" value="-16.000000" />
  <attribute name="IntegralT" value="-592.000000" />
  <attribute name="IntegralI" value="-592.000000" />
  <attribute name="IntegralH" value="-592.000000" />
  <attribute name="DerivativeT" value="-1.702703" />
  <attribute name="DerivativeI" value="-1.702703" />
  <attribute name="DerivativeH" value="-1.702703" />
  <attribute name="Loop Time for DT" value="37.000000" />
  <attribute name="Output H" value="2092630016"/>
  <attribute name="Output I" value="200"/>
  <attribute name="Output T" value="4"/>
  <attribute name="Target GC Util Change" value ="20.000000" />
  <attribute name="Current GC Util Change" value="4.000000"/>
  <attribute name="GC Util currently" value="4" />
  <attribute name="CPU Util currently" value="124804594281" />
<allocation-satisfied id="997" threadId="0000000002310500" bytesRequested="40" />
<af-end id="998" timestamp="2019-06-15T03:59:56.501" threadId="0000000002310E88" success="true" from="nursery"/>
<exclusive-end id="999" timestamp="2019-06-15T03:59:56.501" durationms="1.557" />

<exclusive-start id="1000" timestamp="2019-06-15T03:59:56.523" intervalms="23.284">
  <response-info timems="0.056" idlems="0.056" threads="0" lastid="000000000230C900" lastname="Thread-10" />
</exclusive-start>
<af-start id="1001" threadId="000000000230D288" totalBytesRequested="40" timestamp="2019-06-15T03:59:56.524" intervalms="24.171" type="nursery" />
<cycle-start id="1002" type="scavenge" contextid="0" timestamp="2019-06-15T03:59:56.528" intervalms="27.843" />
<gc-start id="1003" type="scavenge" contextid="1002" timestamp="2019-06-15T03:59:56.528">
  <mem-info id="1004" free="895496" total="27066368" percent="3">
    <mem type="nursery" free="0" total="21626880" percent="0">
      <mem type="allocate" free="0" total="19464192" percent="0" />
      <mem type="survivor" free="0" total="2162688" percent="0" />
    </mem>
    <mem type="tenure" free="895496" total="5439488" percent="16">
      <mem type="soa" free="646664" total="5168128" percent="12" />
      <mem type="loa" free="248832" total="271360" percent="91" />
    </mem>
    <remembered-set count="6599" />
  </mem-info>
</gc-start>
<allocation-stats totalBytes="18997904" >
  <allocated-bytes non-tlh="40" tlh="18997864" />
  <largest-consumer threadName="Thread-7" threadId="0000000002314100" bytes="6908000" />
</allocation-stats>
<gc-op id="1005" type="scavenge" timems="0.869" contextid="1002" timestamp="2019-06-15T03:59:56.529">
  <scavenger-info tenureage="3" tenuremask="ffe8" tiltratio="90" />
  <memory-copied type="nursery" objects="5697" bytes="139136" bytesdiscarded="95872" />
  <memory-copied type="tenure" objects="1031" bytes="24744" bytesdiscarded="0" />
</gc-op>
<gc-end id="1006" type="scavenge" contextid="1002" durationms="1.316" usertimems="4.000" systemtimems="0.000" timestamp="2019-06-15T03:59:56.529" activeThreads="4">
  <mem-info id="1007" free="20085512" total="27066368" percent="74">
    <mem type="nursery" free="19229184" total="21626880" percent="88">
      <mem type="allocate" free="19229184" total="19464192" percent="98" />
      <mem type="survivor" free="0" total="2162688" percent="0" />
    </mem>
    <mem type="tenure" free="856328" total="5439488" percent="15">
      <mem type="soa" free="607496" total="5168128" percent="11" />
      <mem type="loa" free="248832" total="271360" percent="91" />
    </mem>
    <remembered-set count="5524" />
  </mem-info>
</gc-end>
<cycle-end id="1008" type="scavenge" contextid="1002" timestamp="2019-06-15T03:59:56.530" />
  <attribute name="elasticGC enabled" value="1" />
  <attribute name= "numThreadsSpecified" value="4" />
  <attribute name="heapSize specified" value="27328512" />
  <attribute name="Current GC Util" value="4" />
  <attribute name= "Current Time Running" value="1673" />
  <attribute name ="GC Interval" value="200" />
  <attribute name="ProportionalT" value="-8.000000" />
  <attribute name="ProportionalI" value="-8.000000" />
  <attribute name="ProportionalH" value="-8.000000" />
  <attribute name="Current Error" value="-16.000000" />
  <attribute name="IntegralT" value="-448.000000" />
  <attribute name="IntegralI" value="-448.000000" />
  <attribute name="IntegralH" value="-448.000000" />
  <attribute name="DerivativeT" value="-0.857143" />
  <attribute name="DerivativeI" value="-0.857143" />
  <attribute name="DerivativeH" value="-0.857143" />
  <attribute name="Loop Time for DT" value="28.000000" />
  <attribute name="Output H" value="2092630016"/>
  <attribute name="Output I" value="200"/>
  <attribute name="Output T" value="4"/>
  <attribute name="Target GC Util Change" value ="20.000000" />
  <attribute name="Current GC Util Change" value="4.000000"/>
  <attribute name="GC Util currently" value="4" />
  <attribute name="CPU Util currently" value="165418251788" />
<allocation-satisfied id="1009" threadId="000000000230C900" bytesRequested="40" />
<af-end id="1010" timestamp="2019-06-15T03:59:56.530" threadId="000000000230D288" success="true" from="nursery"/>
<exclusive-end id="1011" timestamp="2019-06-15T03:59:56.530" durationms="6.851" />

<exclusive-start id="1012" timestamp="2019-06-15T03:59:56.554" intervalms="30.735">
  <response-info timems="0.036" idlems="0.036" threads="0" lastid="0000000002314100" lastname="Thread-7" />
</exclusive-start>
<af-start id="1013" threadId="0000000002314A88" totalBytesRequested="40" timestamp="2019-06-15T03:59:56.554" intervalms="29.877" type="nursery" />
<cycle-start id="1014" type="scavenge" contextid="0" timestamp="2019-06-15T03:59:56.554" intervalms="26.252" />
<gc-start id="1015" type="scavenge" contextid="1014" timestamp="2019-06-15T03:59:56.554">
  <mem-info id="1016" free="856328" total="27066368" percent="3">
    <mem type="nursery" free="0" total="21626880" percent="0">
      <mem type="allocate" free="0" total="19464192" percent="0" />
      <mem type="survivor" free="0" total="2162688" percent="0" />
    </mem>
    <mem type="tenure" free="856328" total="5439488" percent="15">
      <mem type="soa" free="607496" total="5168128" percent="11" />
      <mem type="loa" free="248832" total="271360" percent="91" />
    </mem>
    <remembered-set count="6755" />
  </mem-info>
</gc-start>
<allocation-stats totalBytes="19226904" >
  <allocated-bytes non-tlh="40" tlh="19226864" />
  <largest-consumer threadName="Thread-10" threadId="000000000230C900" bytes="6520120" />
</allocation-stats>
<gc-op id="1017" type="scavenge" timems="0.841" contextid="1014" timestamp="2019-06-15T03:59:56.556">
  <scavenger-info tenureage="3" tenuremask="ffe8" tiltratio="90" />
  <memory-copied type="nursery" objects="4592" bytes="111376" bytesdiscarded="106736" />
  <memory-copied type="tenure" objects="2274" bytes="55568" bytesdiscarded="0" />
</gc-op>
<gc-end id="1018" type="scavenge" contextid="1014" durationms="1.386" usertimems="4.000" systemtimems="0.000" timestamp="2019-06-15T03:59:56.556" activeThreads="4">
  <mem-info id="1019" free="19931912" total="27066368" percent="73">
    <mem type="nursery" free="19246080" total="21626880" percent="88">
      <mem type="allocate" free="19246080" total="19464192" percent="98" />
      <mem type="survivor" free="0" total="2162688" percent="0" />
    </mem>
    <mem type="tenure" free="685832" total="5439488" percent="12">
      <mem type="soa" free="437000" total="5168128" percent="8" />
      <mem type="loa" free="248832" total="271360" percent="91" />
    </mem>
    <remembered-set count="4481" />
  </mem-info>
</gc-end>
<cycle-end id="1020" type="scavenge" contextid="1014" timestamp="2019-06-15T03:59:56.556" />
  <attribute name="elasticGC enabled" value="1" />
  <attribute name= "numThreadsSpecified" value="4" />
  <attribute name="heapSize specified" value="27328512" />
  <attribute name="Current GC Util" value="8" />
  <attribute name= "Current Time Running" value="1699" />
  <attribute name ="GC Interval" value="200" />
  <attribute name="ProportionalT" value="-6.000000" />
  <attribute name="ProportionalI" value="-6.000000" />
  <attribute name="ProportionalH" value="-6.000000" />
  <attribute name="Current Error" value="-12.000000" />
  <attribute name="IntegralT" value="-312.000000" />
  <attribute name="IntegralI" value="-312.000000" />
  <attribute name="IntegralH" value="-312.000000" />
  <attribute name="DerivativeT" value="-0.692308" />
  <attribute name="DerivativeI" value="-0.692308" />
  <attribute name="DerivativeH" value="-0.692308" />
  <attribute name="Loop Time for DT" value="26.000000" />
  <attribute name="Output H" value="2092630016"/>
  <attribute name="Output I" value="200"/>
  <attribute name="Output T" value="4"/>
  <attribute name="Target GC Util Change" value ="20.000000" />
  <attribute name="Current GC Util Change" value="8.000000"/>
  <attribute name="GC Util currently" value="8" />
  <attribute name="CPU Util currently" value="175788448392" />
<allocation-satisfied id="1021" threadId="0000000002314100" bytesRequested="40" />
<af-end id="1022" timestamp="2019-06-15T03:59:56.556" threadId="0000000002314A88" success="true" from="nursery"/>
<exclusive-end id="1023" timestamp="2019-06-15T03:59:56.556" durationms="2.276" />

<exclusive-start id="1024" timestamp="2019-06-15T03:59:56.575" intervalms="21.379">
  <response-info timems="0.210" idlems="0.191" threads="1" lastid="0000000002308D00" lastname="Thread-8" />
</exclusive-start>
<af-start id="1025" threadId="0000000002310E88" totalBytesRequested="40" timestamp="2019-06-15T03:59:56.575" intervalms="21.355" type="nursery" />
<cycle-start id="1026" type="scavenge" contextid="0" timestamp="2019-06-15T03:59:56.576" intervalms="21.306" />
<gc-start id="1027" type="scavenge" contextid="1026" timestamp="2019-06-15T03:59:56.576">
  <mem-info id="1028" free="685832" total="27066368" percent="2">
    <mem type="nursery" free="0" total="21626880" percent="0">
      <mem type="allocate" free="0" total="19464192" percent="0" />
      <mem type="survivor" free="0" total="2162688" percent="0" />
    </mem>
    <mem type="tenure" free="685832" total="5439488" percent="12">
      <mem type="soa" free="437000" total="5168128" percent="8" />
      <mem type="loa" free="248832" total="271360" percent="91" />
    </mem>
    <remembered-set count="5381" />
  </mem-info>
</gc-start>
<allocation-stats totalBytes="19243728" >
  <allocated-bytes non-tlh="40" tlh="19243688" />
  <largest-consumer threadName="Thread-7" threadId="0000000002314100" bytes="8726528" />
</allocation-stats>
<gc-op id="1029" type="scavenge" timems="1.306" contextid="1026" timestamp="2019-06-15T03:59:56.577">
  <scavenger-info tenureage="3" tenuremask="ffe8" tiltratio="90" />
  <memory-copied type="nursery" objects="11440" bytes="413416" bytesdiscarded="114968" />
  <memory-copied type="tenure" objects="1630" bytes="39120" bytesdiscarded="0" />
</gc-op>
<gc-end id="1030" type="scavenge" contextid="1026" durationms="1.535" usertimems="4.000" systemtimems="0.000" timestamp="2019-06-15T03:59:56.577" activeThreads="4">
  <mem-info id="1031" free="19490312" total="27066368" percent="72">
    <mem type="nursery" free="18935808" total="21626880" percent="87">
      <mem type="allocate" free="18935808" total="19464192" percent="97" />
      <mem type="survivor" free="0" total="2162688" percent="0" />
    </mem>
    <mem type="tenure" free="554504" total="5439488" percent="10">
      <mem type="soa" free="305672" total="5168128" percent="5" />
      <mem type="loa" free="248832" total="271360" percent="91" />
    </mem>
    <remembered-set count="3751" />
  </mem-info>
</gc-end>
<cycle-end id="1032" type="scavenge" contextid="1026" timestamp="2019-06-15T03:59:56.577" />
  <attribute name="elasticGC enabled" value="1" />
  <attribute name= "numThreadsSpecified" value="4" />
  <attribute name="heapSize specified" value="27328512" />
  <attribute name="Current GC Util" value="10" />
  <attribute name= "Current Time Running" value="1720" />
  <attribute name ="GC Interval" value="200" />
  <attribute name="ProportionalT" value="-5.000000" />
  <attribute name="ProportionalI" value="-5.000000" />
  <attribute name="ProportionalH" value="-5.000000" />
  <attribute name="Current Error" value="-10.000000" />
  <attribute name="IntegralT" value="-210.000000" />
  <attribute name="IntegralI" value="-210.000000" />
  <attribute name="IntegralH" value="-210.000000" />
  <attribute name="DerivativeT" value="-0.714286" />
  <attribute name="DerivativeI" value="-0.714286" />
  <attribute name="DerivativeH" value="-0.714286" />
  <attribute name="Loop Time for DT" value="21.000000" />
  <attribute name="Output H" value="2092630016"/>
  <attribute name="Output I" value="200"/>
  <attribute name="Output T" value="4"/>
  <attribute name="Target GC Util Change" value ="20.000000" />
  <attribute name="Current GC Util Change" value="10.000000"/>
  <attribute name="GC Util currently" value="10" />
  <attribute name="CPU Util currently" value="218455777819" />
<allocation-satisfied id="1033" threadId="0000000002310500" bytesRequested="40" />
<af-end id="1034" timestamp="2019-06-15T03:59:56.577" threadId="0000000002310E88" success="true" from="nursery"/>
<exclusive-end id="1035" timestamp="2019-06-15T03:59:56.577" durationms="2.192" />

<exclusive-start id="1036" timestamp="2019-06-15T03:59:56.591" intervalms="15.376">
  <response-info timems="0.024" idlems="0.024" threads="0" lastid="0000000002314100" lastname="Thread-7" />
</exclusive-start>
<af-start id="1037" threadId="0000000002314A88" totalBytesRequested="40" timestamp="2019-06-15T03:59:56.591" intervalms="15.321" type="nursery" />
<cycle-start id="1038" type="scavenge" contextid="0" timestamp="2019-06-15T03:59:56.591" intervalms="15.320" />
<gc-start id="1039" type="scavenge" contextid="1038" timestamp="2019-06-15T03:59:56.591">
  <mem-info id="1040" free="554504" total="27066368" percent="2">
    <mem type="nursery" free="0" total="21626880" percent="0">
      <mem type="allocate" free="0" total="19464192" percent="0" />
      <mem type="survivor" free="0" total="2162688" percent="0" />
    </mem>
    <mem type="tenure" free="554504" total="5439488" percent="10">
      <mem type="soa" free="305672" total="5168128" percent="5" />
      <mem type="loa" free="248832" total="271360" percent="91" />
    </mem>
    <remembered-set count="4429" />
  </mem-info>
</gc-start>
<allocation-stats totalBytes="18933296" >
  <allocated-bytes non-tlh="40" tlh="18933256" />
  <largest-consumer threadName="Thread-7" threadId="0000000002314100" bytes="6651040" />
</allocation-stats>
<gc-op id="1041" type="scavenge" timems="1.207" contextid="1038" timestamp="2019-06-15T03:59:56.592">
  <scavenger-info tenureage="3" tenuremask="ffe8" tiltratio="90" />
  <memory-copied type="nursery" objects="11411" bytes="412328" bytesdiscarded="146776" />
  <memory-copied type="tenure" objects="1508" bytes="36192" bytesdiscarded="0" />
</gc-op>
<heap-resize id="1042" type="expand" space="nursery" amount="917504" count="1" timems="0.016" reason="excessive time being spent scavenging" timestamp="2019-06-15T03:59:56.593" />
<gc-end id="1043" type="scavenge" contextid="1038" durationms="1.707" usertimems="4.000" systemtimems="0.000" timestamp="2019-06-15T03:59:56.593" activeThreads="4">
  <mem-info id="1044" free="20206856" total="27983872" percent="72">
    <mem type="nursery" free="19691520" total="22544384" percent="87">
      <mem type="allocate" free="19691520" total="20250624" percent="97" />
      <mem type="survivor" free="0" total="2293760" percent="0" />
    </mem>
    <mem type="tenure" free="515336" total="5439488" percent="9">
      <mem type="soa" free="266504" total="5168128" percent="5" />
      <mem type="loa" free="248832" total="271360" percent="91" />
    </mem>
    <remembered-set count="2920" />
  </mem-info>
</gc-end>
<cycle-end id="1045" type="scavenge" contextid="1038" timestamp="2019-06-15T03:59:56.593" />
  <attribute name="elasticGC enabled" value="1" />
  <attribute name= "numThreadsSpecified" value="4" />
  <attribute name="heapSize specified" value="27328512" />
  <attribute name="Current GC Util" value="19" />
  <attribute name= "Current Time Running" value="1735" />
  <attribute name ="GC Interval" value="200" />
  <attribute name="ProportionalT" value="-0.500000" />
  <attribute name="ProportionalI" value="-0.500000" />
  <attribute name="ProportionalH" value="-0.500000" />
  <attribute name="Current Error" value="-1.000000" />
  <attribute name="IntegralT" value="-15.000000" />
  <attribute name="IntegralI" value="-15.000000" />
  <attribute name="IntegralH" value="-15.000000" />
  <attribute name="DerivativeT" value="-0.100000" />
  <attribute name="DerivativeI" value="-0.100000" />
  <attribute name="DerivativeH" value="-0.100000" />
  <attribute name="Loop Time for DT" value="15.000000" />
  <attribute name="Output H" value="2092630016"/>
  <attribute name="Output I" value="200"/>
  <attribute name="Output T" value="4"/>
  <attribute name="Target GC Util Change" value ="20.000000" />
  <attribute name="Current GC Util Change" value="19.000000"/>
  <attribute name="GC Util currently" value="19" />
  <attribute name="CPU Util currently" value="301661199606" />
<allocation-satisfied id="1046" threadId="0000000002314100" bytesRequested="40" />
<af-end id="1047" timestamp="2019-06-15T03:59:56.593" threadId="0000000002314A88" success="true" from="nursery"/>
<exclusive-end id="1048" timestamp="2019-06-15T03:59:56.593" durationms="2.436" />

<exclusive-start id="1049" timestamp="2019-06-15T03:59:56.606" intervalms="15.092">
  <response-info timems="0.022" idlems="0.022" threads="0" lastid="000000000230C900" lastname="Thread-10" />
</exclusive-start>
<af-start id="1050" threadId="000000000230D288" totalBytesRequested="40" timestamp="2019-06-15T03:59:56.606" intervalms="15.081" type="nursery" />
<cycle-start id="1051" type="scavenge" contextid="0" timestamp="2019-06-15T03:59:56.606" intervalms="15.082" />
<gc-start id="1052" type="scavenge" contextid="1051" timestamp="2019-06-15T03:59:56.606">
  <mem-info id="1053" free="515336" total="27983872" percent="1">
    <mem type="nursery" free="0" total="22544384" percent="0">
      <mem type="allocate" free="0" total="20250624" percent="0" />
      <mem type="survivor" free="0" total="2293760" percent="0" />
    </mem>
    <mem type="tenure" free="515336" total="5439488" percent="9">
      <mem type="soa" free="266504" total="5168128" percent="5" />
      <mem type="loa" free="248832" total="271360" percent="91" />
    </mem>
    <remembered-set count="3711" />
  </mem-info>
</gc-start>
<allocation-stats totalBytes="19689216" >
  <allocated-bytes non-tlh="40" tlh="19689176" />
  <largest-consumer threadName="Thread-7" threadId="0000000002314100" bytes="6231368" />
</allocation-stats>
<gc-op id="1054" type="scavenge" timems="1.157" contextid="1051" timestamp="2019-06-15T03:59:56.608">
  <scavenger-info tenureage="3" tenuremask="ffe8" tiltratio="89" />
  <memory-copied type="nursery" objects="11367" bytes="411648" bytesdiscarded="38400" />
  <memory-copied type="tenure" objects="1241" bytes="29784" bytesdiscarded="0" />
</gc-op>
<gc-end id="1055" type="scavenge" contextid="1051" durationms="1.537" usertimems="0.000" systemtimems="0.000" timestamp="2019-06-15T03:59:56.608" activeThreads="1">
  <mem-info id="1056" free="20315912" total="27983872" percent="72">
    <mem type="nursery" free="19800576" total="22544384" percent="87">
      <mem type="allocate" free="19800576" total="20250624" percent="97" />
      <mem type="survivor" free="0" total="2293760" percent="0" />
    </mem>
    <mem type="tenure" free="515336" total="5439488" percent="9">
      <mem type="soa" free="266504" total="5168128" percent="5" />
      <mem type="loa" free="248832" total="271360" percent="91" />
    </mem>
    <remembered-set count="2470" />
  </mem-info>
</gc-end>
<cycle-end id="1057" type="scavenge" contextid="1051" timestamp="2019-06-15T03:59:56.608" />
  <attribute name="elasticGC enabled" value="1" />
  <attribute name= "numThreadsSpecified" value="1" />
  <attribute name="heapSize specified" value="27328512" />
  <attribute name="Current GC Util" value="20" />
  <attribute name= "Current Time Running" value="1751" />
  <attribute name ="GC Interval" value="200" />
  <attribute name="ProportionalT" value="0.000000" />
  <attribute name="ProportionalI" value="0.000000" />
  <attribute name="ProportionalH" value="0.000000" />
  <attribute name="Current Error" value="0.000000" />
  <attribute name="IntegralT" value="0.000000" />
  <attribute name="IntegralI" value="0.000000" />
  <attribute name="IntegralH" value="0.000000" />
  <attribute name="DerivativeT" value="0.000000" />
  <attribute name="DerivativeI" value="0.000000" />
  <attribute name="DerivativeH" value="0.000000" />
  <attribute name="Loop Time for DT" value="16.000000" />
  <attribute name="Output H" value="8388608"/>
  <attribute name="Output I" value="200"/>
  <attribute name="Output T" value="1"/>
  <attribute name="Target GC Util Change" value ="20.000000" />
  <attribute name="Current GC Util Change" value="20.000000"/>
  <attribute name="GC Util currently" value="20" />
  <attribute name="CPU Util currently" value="301543384222" />
<allocation-satisfied id="1058" threadId="000000000230C900" bytesRequested="40" />
<af-end id="1059" timestamp="2019-06-15T03:59:56.608" threadId="000000000230D288" success="true" from="nursery"/>
<exclusive-end id="1060" timestamp="2019-06-15T03:59:56.608" durationms="2.177" />

<exclusive-start id="1061" timestamp="2019-06-15T03:59:56.619" intervalms="13.246">
  <response-info timems="0.021" idlems="0.021" threads="0" lastid="0000000002310500" lastname="Thread-9" />
</exclusive-start>
<af-start id="1062" threadId="0000000002310E88" totalBytesRequested="40" timestamp="2019-06-15T03:59:56.619" intervalms="13.271" type="nursery" />
<cycle-start id="1063" type="scavenge" contextid="0" timestamp="2019-06-15T03:59:56.619" intervalms="13.304" />
<gc-start id="1064" type="scavenge" contextid="1063" timestamp="2019-06-15T03:59:56.619">
  <mem-info id="1065" free="515336" total="27983872" percent="1">
    <mem type="nursery" free="0" total="22544384" percent="0">
      <mem type="allocate" free="0" total="20250624" percent="0" />
      <mem type="survivor" free="0" total="2293760" percent="0" />
    </mem>
    <mem type="tenure" free="515336" total="5439488" percent="9">
      <mem type="soa" free="266504" total="5168128" percent="5" />
      <mem type="loa" free="248832" total="271360" percent="91" />
    </mem>
    <remembered-set count="2936" />
  </mem-info>
</gc-start>
<allocation-stats totalBytes="19798032" >
  <allocated-bytes non-tlh="40" tlh="19797992" />
  <largest-consumer threadName="Thread-8" threadId="0000000002308D00" bytes="6143440" />
</allocation-stats>
<gc-op id="1066" type="scavenge" timems="1.724" contextid="1063" timestamp="2019-06-15T03:59:56.621">
  <scavenger-info tenureage="3" tenuremask="ffe8" tiltratio="89" />
  <memory-copied type="nursery" objects="17384" bytes="693384" bytesdiscarded="119928" />
  <memory-copied type="tenure" objects="8379" bytes="338472" bytesdiscarded="32" />
  <heap-resize type="expand" space="tenure" amount="65536" count="1" timems="0.014" reason="continue current collection" />
</gc-op>
<heap-resize id="1067" type="expand" space="nursery" amount="1048576" count="1" timems="0.012" reason="excessive time being spent scavenging" timestamp="2019-06-15T03:59:56.621" />
<gc-end id="1068" type="scavenge" contextid="1063" durationms="2.014" usertimems="0.000" systemtimems="4.000" timestamp="2019-06-15T03:59:56.621" activeThreads="4">
  <mem-info id="1069" free="20630016" total="29097984" percent="70">
    <mem type="nursery" free="20354816" total="23592960" percent="86">
      <mem type="allocate" free="20354816" total="21168128" percent="96" />
      <mem type="survivor" free="0" total="2424832" percent="0" />
    </mem>
    <mem type="tenure" free="275200" total="5505024" percent="4">
      <mem type="soa" free="23296" total="5230592" percent="0" />
      <mem type="loa" free="251904" total="274432" percent="91" />
    </mem>
    <remembered-set count="3515" />
  </mem-info>
</gc-end>
<cycle-end id="1070" type="scavenge" contextid="1063" timestamp="2019-06-15T03:59:56.621" />
  <attribute name="elasticGC enabled" value="1" />
  <attribute name= "numThreadsSpecified" value="4" />
  <attribute name="heapSize specified" value="27328512" />
  <attribute name="Current GC Util" value="9" />
  <attribute name= "Current Time Running" value="1764" />
  <attribute name ="GC Interval" value="200" />
  <attribute name="ProportionalT" value="-5.500000" />
  <attribute name="ProportionalI" value="-5.500000" />
  <attribute name="ProportionalH" value="-5.500000" />
  <attribute name="Current Error" value="-11.000000" />
  <attribute name="IntegralT" value="-143.000000" />
  <attribute name="IntegralI" value="-143.000000" />
  <attribute name="IntegralH" value="-143.000000" />
  <attribute name="DerivativeT" value="-1.269231" />
  <attribute name="DerivativeI" value="-1.269231" />
  <attribute name="DerivativeH" value="-1.269231" />
  <attribute name="Loop Time for DT" value="13.000000" />
  <attribute name="Output H" value="2092630016"/>
  <attribute name="Output I" value="200"/>
  <attribute name="Output T" value="4"/>
  <attribute name="Target GC Util Change" value ="20.000000" />
  <attribute name="Current GC Util Change" value="9.000000"/>
  <attribute name="GC Util currently" value="9" />
  <attribute name="CPU Util currently" value="353168073651" />
<allocation-satisfied id="1071" threadId="0000000002310500" bytesRequested="40" />
<af-end id="1072" timestamp="2019-06-15T03:59:56.622" threadId="0000000002310E88" success="true" from="nursery"/>
<exclusive-end id="1073" timestamp="2019-06-15T03:59:56.622" durationms="2.566" />

<concurrent-kickoff id="1074" timestamp="2019-06-15T03:59:56.632">
  <kickoff reason="threshold reached" targetBytes="1813148" thresholdFreeBytes="257097"  remainingFree="194304" tenureFreeBytes="275200" nurseryFreeBytes="194304" />
</concurrent-kickoff>
<exclusive-start id="1075" timestamp="2019-06-15T03:59:56.632" intervalms="12.754">
  <response-info timems="0.022" idlems="0.022" threads="0" lastid="0000000002308D00" lastname="Thread-8" />
</exclusive-start>
<cycle-start id="1076" type="global" contextid="0" timestamp="2019-06-15T03:59:56.632" intervalms="239.737" />
<exclusive-end id="1077" timestamp="2019-06-15T03:59:56.632" durationms="0.186" />

<exclusive-start id="1078" timestamp="2019-06-15T03:59:56.632" intervalms="0.443">
  <response-info timems="0.021" idlems="0.021" threads="0" lastid="0000000002314100" lastname="Thread-7" />
</exclusive-start>
<af-start id="1079" threadId="0000000002314A88" totalBytesRequested="40" timestamp="2019-06-15T03:59:56.632" intervalms="13.168" type="nursery" />
<cycle-start id="1080" type="scavenge" contextid="0" timestamp="2019-06-15T03:59:56.632" intervalms="13.130" />
<gc-start id="1081" type="scavenge" contextid="1080" timestamp="2019-06-15T03:59:56.633">
  <mem-info id="1082" free="275200" total="29097984" percent="0">
    <mem type="nursery" free="0" total="23592960" percent="0">
      <mem type="allocate" free="0" total="21168128" percent="0" />
      <mem type="survivor" free="0" total="2424832" percent="0" />
    </mem>
    <mem type="tenure" free="275200" total="5505024" percent="4">
      <mem type="soa" free="23296" total="5230592" percent="0" />
      <mem type="loa" free="251904" total="274432" percent="91" />
    </mem>
    <remembered-set count="4064" />
  </mem-info>
</gc-start>
<allocation-stats totalBytes="20352400" >
  <allocated-bytes non-tlh="40" tlh="20352360" />
  <largest-consumer threadName="Thread-8" threadId="0000000002308D00" bytes="5995880" />
</allocation-stats>
<gc-op id="1083" type="scavenge" timems="1.507" contextid="1080" timestamp="2019-06-15T03:59:56.634">
  <scavenger-info tenureage="3" tenuremask="ffe8" tiltratio="89" />
  <memory-copied type="nursery" objects="19290" bytes="739376" bytesdiscarded="191440" />
  <memory-copied type="tenure" objects="1571" bytes="37704" bytesdiscarded="0" />
</gc-op>
<gc-end id="1084" type="scavenge" contextid="1080" durationms="1.935" usertimems="0.000" systemtimems="0.000" timestamp="2019-06-15T03:59:56.634" activeThreads="4">
  <mem-info id="1085" free="20578048" total="29097984" percent="70">
    <mem type="nursery" free="20302848" total="23592960" percent="86">
      <mem type="allocate" free="20302848" total="21233664" percent="95" />
      <mem type="survivor" free="0" total="2359296" percent="0" />
    </mem>
    <mem type="tenure" free="275200" total="5505024" percent="4">
      <mem type="soa" free="23296" total="5230592" percent="0" />
      <mem type="loa" free="251904" total="274432" percent="91" />
    </mem>
    <remembered-set count="2491" />
  </mem-info>
</gc-end>
<cycle-end id="1086" type="scavenge" contextid="1080" timestamp="2019-06-15T03:59:56.635" />
  <attribute name="elasticGC enabled" value="1" />
  <attribute name= "numThreadsSpecified" value="4" />
  <attribute name="heapSize specified" value="27328512" />
  <attribute name="Current GC Util" value="37" />
  <attribute name= "Current Time Running" value="1777" />
  <attribute name ="GC Interval" value="232" />
  <attribute name="ProportionalT" value="8.500000" />
  <attribute name="ProportionalI" value="8.500000" />
  <attribute name="ProportionalH" value="8.500000" />
  <attribute name="Current Error" value="17.000000" />
  <attribute name="IntegralT" value="221.000000" />
  <attribute name="IntegralI" value="221.000000" />
  <attribute name="IntegralH" value="221.000000" />
  <attribute name="DerivativeT" value="1.961538" />
  <attribute name="DerivativeI" value="1.961538" />
  <attribute name="DerivativeH" value="1.961538" />
  <attribute name="Loop Time for DT" value="13.000000" />
  <attribute name="Output H" value="8388608"/>
  <attribute name="Output I" value="232"/>
  <attribute name="Output T" value="4"/>
  <attribute name="Target GC Util Change" value ="20.000000" />
  <attribute name="Current GC Util Change" value="37.000000"/>
  <attribute name="GC Util currently" value="37" />
  <attribute name="CPU Util currently" value="348537938851" />
<allocation-satisfied id="1087" threadId="0000000002314100" bytesRequested="40" />
<af-end id="1088" timestamp="2019-06-15T03:59:56.635" threadId="0000000002314A88" success="true" from="nursery"/>
<exclusive-end id="1089" timestamp="2019-06-15T03:59:56.635" durationms="2.628" />

<exclusive-start id="1090" timestamp="2019-06-15T03:59:56.647" intervalms="14.967">
  <response-info timems="0.024" idlems="0.024" threads="0" lastid="0000000002310500" lastname="Thread-9" />
</exclusive-start>
<af-start id="1091" threadId="0000000002310E88" totalBytesRequested="40" timestamp="2019-06-15T03:59:56.647" intervalms="14.966" type="nursery" />
<cycle-start id="1092" type="scavenge" contextid="0" timestamp="2019-06-15T03:59:56.647" intervalms="14.968" />
<gc-start id="1093" type="scavenge" contextid="1092" timestamp="2019-06-15T03:59:56.647">
  <mem-info id="1094" free="275200" total="29097984" percent="0">
    <mem type="nursery" free="0" total="23592960" percent="0">
      <mem type="allocate" free="0" total="21233664" percent="0" />
      <mem type="survivor" free="0" total="2359296" percent="0" />
    </mem>
    <mem type="tenure" free="275200" total="5505024" percent="4">
      <mem type="soa" free="23296" total="5230592" percent="0" />
      <mem type="loa" free="251904" total="274432" percent="91" />
    </mem>
    <remembered-set count="3240" />
  </mem-info>
</gc-start>
<allocation-stats totalBytes="20300240" >
  <allocated-bytes non-tlh="40" tlh="20300200" />
  <largest-consumer threadName="Thread-8" threadId="0000000002308D00" bytes="5733712" />
</allocation-stats>
<gc-op id="1095" type="scavenge" timems="1.665" contextid="1092" timestamp="2019-06-15T03:59:56.649">
  <scavenger-info tenureage="3" tenuremask="ffe8" tiltratio="90" />
  <memory-copied type="nursery" objects="21641" bytes="924384" bytesdiscarded="157704" />
  <memory-copied type="tenure" objects="1118" bytes="26832" bytesdiscarded="0" />
</gc-op>
<heap-resize id="1096" type="expand" space="nursery" amount="1048576" count="1" timems="0.019" reason="excessive time being spent scavenging" timestamp="2019-06-15T03:59:56.649" />
<gc-end id="1097" type="scavenge" contextid="1092" durationms="1.885" usertimems="4.000" systemtimems="0.000" timestamp="2019-06-15T03:59:56.649" activeThreads="4">
  <mem-info id="1098" free="21344280" total="30146560" percent="70">
    <mem type="nursery" free="21069080" total="24641536" percent="85">
      <mem type="allocate" free="21069080" total="22151168" percent="95" />
      <mem type="survivor" free="0" total="2490368" percent="0" />
    </mem>
    <mem type="tenure" free="275200" total="5505024" percent="4">
      <mem type="soa" free="23296" total="5230592" percent="0" />
      <mem type="loa" free="251904" total="274432" percent="91" />
    </mem>
    <remembered-set count="2122" />
  </mem-info>
</gc-end>
<cycle-end id="1099" type="scavenge" contextid="1092" timestamp="2019-06-15T03:59:56.649" />
  <attribute name="elasticGC enabled" value="1" />
  <attribute name= "numThreadsSpecified" value="4" />
  <attribute name="heapSize specified" value="27328512" />
  <attribute name="Current GC Util" value="25" />
  <attribute name= "Current Time Running" value="1792" />
  <attribute name ="GC Interval" value="200" />
  <attribute name="ProportionalT" value="2.500000" />
  <attribute name="ProportionalI" value="2.500000" />
  <attribute name="ProportionalH" value="2.500000" />
  <attribute name="Current Error" value="5.000000" />
  <attribute name="IntegralT" value="75.000000" />
  <attribute name="IntegralI" value="75.000000" />
  <attribute name="IntegralH" value="75.000000" />
  <attribute name="DerivativeT" value="-1.200000" />
  <attribute name="DerivativeI" value="-1.200000" />
  <attribute name="DerivativeH" value="-1.200000" />
  <attribute name="Loop Time for DT" value="15.000000" />
  <attribute name="Output H" value="8388608"/>
  <attribute name="Output I" value="200"/>
  <attribute name="Output T" value="4"/>
  <attribute name="Target GC Util Change" value ="20.000000" />
  <attribute name="Current GC Util Change" value="25.000000"/>
  <attribute name="GC Util currently" value="25" />
  <attribute name="CPU Util currently" value="309335090935" />
<allocation-satisfied id="1100" threadId="0000000002310500" bytesRequested="40" />
<af-end id="1101" timestamp="2019-06-15T03:59:56.650" threadId="0000000002310E88" success="true" from="nursery"/>
<exclusive-end id="1102" timestamp="2019-06-15T03:59:56.650" durationms="3.171" />

<exclusive-start id="1103" timestamp="2019-06-15T03:59:56.651" intervalms="3.669">
  <response-info timems="0.021" idlems="0.021" threads="0" lastid="0000000002310500" lastname="Thread-9" />
</exclusive-start>
<concurrent-collection-start id="1104" timestamp="2019-06-15T03:59:56.651" intervalms="230.331" >
  <concurrent-trace-info reason="card cleaning threshold reached" tracedByMutators="1385820" tracedByHelpers="560188" cardsCleaned="346" workStackOverflowCount="0" />
</concurrent-collection-start>
<gc-start id="1105" type="global" contextid="1076" timestamp="2019-06-15T03:59:56.651">
  <mem-info id="1106" free="20942832" total="30146560" percent="69">
    <mem type="nursery" free="20667632" total="24641536" percent="83">
      <mem type="allocate" free="20667632" total="22151168" percent="93" />
      <mem type="survivor" free="0" total="2490368" percent="0" />
    </mem>
    <mem type="tenure" free="275200" total="5505024" percent="4">
      <mem type="soa" free="23296" total="5230592" percent="0" />
      <mem type="loa" free="251904" total="274432" percent="91" />
    </mem>
    <remembered-set count="2124" />
  </mem-info>
</gc-start>
<allocation-stats totalBytes="401424" >
  <allocated-bytes non-tlh="40" tlh="401384" />
  <largest-consumer threadName="Thread-9" threadId="0000000002310500" bytes="135200" />
</allocation-stats>
<gc-op id="1107" type="rs-scan" timems="0.634" contextid="1076" timestamp="2019-06-15T03:59:56.652">
  <scan objectsFound="1898" bytesTraced="206320" workStackOverflowCount="0" />
</gc-op>
<gc-op id="1108" type="card-cleaning" timems="0.254" contextid="1076" timestamp="2019-06-15T03:59:56.652">
  <card-cleaning cardsCleaned="4" bytesTraced="3872" workStackOverflowCount="0" />
</gc-op>
<gc-op id="1109" type="mark" timems="1.309" contextid="1076" timestamp="2019-06-15T03:59:56.654">
  <trace-info objectcount="17266" scancount="17234" scanbytes="827916" />
  <finalization candidates="124" enqueued="0" />
  <ownableSynchronizers candidates="3" cleared="0" />
  <references type="soft" candidates="101" cleared="16" enqueued="14" dynamicThreshold="6" maxThreshold="32" />
  <references type="weak" candidates="693" cleared="0" enqueued="0" />
  <references type="phantom" candidates="37" cleared="0" enqueued="0" />
  <stringconstants candidates="4597" cleared="0"  />
</gc-op>
<gc-op id="1110" type="sweep" timems="0.702" contextid="1076" timestamp="2019-06-15T03:59:56.654" />
<mem-info id="1111" free="22937032" total="30146560" percent="76">
  <mem type="nursery" free="21245880" total="24641536" percent="86">
    <mem type="allocate" free="21245880" total="22151168" percent="95" />
    <mem type="survivor" free="0" total="2490368" percent="0" />
  </mem>
  <mem type="tenure" free="1691152" total="5505024" percent="30" micro-fragmented="145868" macro-fragmented="0">
    <mem type="soa" free="1416720" total="5230592" percent="27" />
    <mem type="loa" free="274432" total="274432" percent="100" />
  </mem>
  <pending-finalizers system="0" default="0" reference="14" classloader="0" />
  <remembered-set count="1952" />
</mem-info>
<gc-op id="1112" type="compact" timems="11.822" contextid="1076" timestamp="2019-06-15T03:59:56.666">
  <compact-info movecount="70024" movebytes="4318136" reason="compact to aid heap contraction" />
</gc-op>
<heap-resize id="1113" type="contract" space="tenure" amount="262144" count="1" timems="0.081" reason="heap reconfiguration" timestamp="2019-06-15T03:59:56.667" />
<gc-end id="1114" type="global" contextid="1076" durationms="15.846" usertimems="28.000" systemtimems="0.000" timestamp="2019-06-15T03:59:56.667" activeThreads="4">
  <mem-info id="1115" free="22820624" total="29884416" percent="76">
    <mem type="nursery" free="21262280" total="24641536" percent="86">
      <mem type="allocate" free="21262280" total="22151168" percent="95" />
      <mem type="survivor" free="0" total="2490368" percent="0" />
    </mem>
    <mem type="tenure" free="1558344" total="5242880" percent="29">
      <mem type="soa" free="1308488" total="4980736" percent="26" />
      <mem type="loa" free="249856" total="262144" percent="95" />
    </mem>
    <pending-finalizers system="0" default="0" reference="14" classloader="0" />
    <remembered-set count="1952" />
  </mem-info>
</gc-end>
<cycle-end id="1116" type="global" contextid="1076" timestamp="2019-06-15T03:59:56.667" />
  <attribute name="elasticGC enabled" value="1" />
  <attribute name= "numThreadsSpecified" value="4" />
  <attribute name="heapSize specified" value="30146560" />
  <attribute name="Current GC Util" value="61" />
  <attribute name= "Current Time Running" value="1811" />
  <attribute name ="GC Interval" value="200" />
  <attribute name="ProportionalT" value="20.500000" />
  <attribute name="ProportionalI" value="20.500000" />
  <attribute name="ProportionalH" value="20.500000" />
  <attribute name="Current Error" value="41.000000" />
  <attribute name="IntegralT" value="492.000000" />
  <attribute name="IntegralI" value="492.000000" />
  <attribute name="IntegralH" value="492.000000" />
  <attribute name="DerivativeT" value="-15.125000" />
  <attribute name="DerivativeI" value="-15.125000" />
  <attribute name="DerivativeH" value="-15.125000" />
  <attribute name="Loop Time for DT" value="12.000000" />
  <attribute name="Output H" value="8388608"/>
  <attribute name="Output I" value="504"/>
  <attribute name="Output T" value="4"/>
  <attribute name="Target GC Util Change" value ="20.000000" />
  <attribute name="Current GC Util Change" value="61.000000"/>
  <attribute name="GC Util currently" value="61" />
  <attribute name="CPU Util currently" value="386341772037" />
<concurrent-collection-end id="1117" timestamp="2019-06-15T03:59:56.667" />
<exclusive-end id="1118" timestamp="2019-06-15T03:59:56.667" durationms="16.305" />

<exclusive-start id="1119" timestamp="2019-06-15T03:59:56.678" intervalms="27.036">
  <response-info timems="0.044" idlems="0.044" threads="0" lastid="0000000002308D00" lastname="Thread-8" />
</exclusive-start>
<af-start id="1120" threadId="0000000002309688" totalBytesRequested="40" timestamp="2019-06-15T03:59:56.678" intervalms="30.720" type="nursery" />
<cycle-start id="1121" type="scavenge" contextid="0" timestamp="2019-06-15T03:59:56.678" intervalms="30.724" />
<gc-start id="1122" type="scavenge" contextid="1121" timestamp="2019-06-15T03:59:56.678">
  <mem-info id="1123" free="1558344" total="29884416" percent="5">
    <mem type="nursery" free="0" total="24641536" percent="0">
      <mem type="allocate" free="0" total="22151168" percent="0" />
      <mem type="survivor" free="0" total="2490368" percent="0" />
    </mem>
    <mem type="tenure" free="1558344" total="5242880" percent="29">
      <mem type="soa" free="1308488" total="4980736" percent="26" />
      <mem type="loa" free="249856" total="262144" percent="95" />
    </mem>
    <remembered-set count="2283" />
  </mem-info>
</gc-start>
<allocation-stats totalBytes="21259576" >
  <allocated-bytes non-tlh="0" tlh="21259576" />
  <largest-consumer threadName="Thread-8" threadId="0000000002308D00" bytes="6208776" />
</allocation-stats>
<gc-op id="1124" type="scavenge" timems="0.797" contextid="1121" timestamp="2019-06-15T03:59:56.679">
  <scavenger-info tenureage="5" tenuremask="ffe0" tiltratio="89" />
  <memory-copied type="nursery" objects="21924" bytes="940472" bytesdiscarded="236104" />
  <ownableSynchronizers candidates="6" cleared="6" />
</gc-op>
<gc-end id="1125" type="scavenge" contextid="1121" durationms="1.102" usertimems="4.000" systemtimems="0.000" timestamp="2019-06-15T03:59:56.679" activeThreads="4">
  <mem-info id="1126" free="22532936" total="29884416" percent="75">
    <mem type="nursery" free="20974592" total="24641536" percent="85">
      <mem type="allocate" free="20974592" total="22151168" percent="94" />
      <mem type="survivor" free="0" total="2490368" percent="0" />
    </mem>
    <mem type="tenure" free="1558344" total="5242880" percent="29">
      <mem type="soa" free="1308488" total="4980736" percent="26" />
      <mem type="loa" free="249856" total="262144" percent="95" />
    </mem>
    <remembered-set count="2282" />
  </mem-info>
</gc-end>
<cycle-end id="1127" type="scavenge" contextid="1121" timestamp="2019-06-15T03:59:56.679" />
  <attribute name="elasticGC enabled" value="1" />
  <attribute name= "numThreadsSpecified" value="4" />
  <attribute name="heapSize specified" value="30146560" />
  <attribute name="Current GC Util" value="92" />
  <attribute name= "Current Time Running" value="1823" />
  <attribute name ="GC Interval" value="904" />
  <attribute name="ProportionalT" value="36.000000" />
  <attribute name="ProportionalI" value="36.000000" />
  <attribute name="ProportionalH" value="36.000000" />
  <attribute name="Current Error" value="72.000000" />
  <attribute name="IntegralT" value="864.000000" />
  <attribute name="IntegralI" value="864.000000" />
  <attribute name="IntegralH" value="864.000000" />
  <attribute name="DerivativeT" value="3.875000" />
  <attribute name="DerivativeI" value="3.875000" />
  <attribute name="DerivativeH" value="3.875000" />
  <attribute name="Loop Time for DT" value="12.000000" />
  <attribute name="Output H" value="8388608"/>
  <attribute name="Output I" value="904"/>
  <attribute name="Output T" value="4"/>
  <attribute name="Target GC Util Change" value ="20.000000" />
  <attribute name="Current GC Util Change" value="92.000000"/>
  <attribute name="GC Util currently" value="92" />
  <attribute name="CPU Util currently" value="386571348124" />
<allocation-satisfied id="1128" threadId="0000000002308D00" bytesRequested="40" />
<af-end id="1129" timestamp="2019-06-15T03:59:56.680" threadId="0000000002309688" success="true" from="nursery"/>
<exclusive-end id="1130" timestamp="2019-06-15T03:59:56.680" durationms="1.825" />

<exclusive-start id="1131" timestamp="2019-06-15T03:59:56.690" intervalms="12.491">
  <response-info timems="0.023" idlems="0.021" threads="1" lastid="0000000002308D00" lastname="Thread-8" />
</exclusive-start>
<af-start id="1132" threadId="000000000230D288" totalBytesRequested="40" timestamp="2019-06-15T03:59:56.690" intervalms="12.489" type="nursery" />
<cycle-start id="1133" type="scavenge" contextid="0" timestamp="2019-06-15T03:59:56.691" intervalms="12.489" />
<gc-start id="1134" type="scavenge" contextid="1133" timestamp="2019-06-15T03:59:56.691">
  <mem-info id="1135" free="1558344" total="29884416" percent="5">
    <mem type="nursery" free="0" total="24641536" percent="0">
      <mem type="allocate" free="0" total="22151168" percent="0" />
      <mem type="survivor" free="0" total="2490368" percent="0" />
    </mem>
    <mem type="tenure" free="1558344" total="5242880" percent="29">
      <mem type="soa" free="1308488" total="4980736" percent="26" />
      <mem type="loa" free="249856" total="262144" percent="95" />
    </mem>
    <remembered-set count="2563" />
  </mem-info>
</gc-start>
<allocation-stats totalBytes="20971736" >
  <allocated-bytes non-tlh="40" tlh="20971696" />
  <largest-consumer threadName="Thread-8" threadId="0000000002308D00" bytes="5995808" />
</allocation-stats>
<gc-op id="1136" type="scavenge" timems="1.775" contextid="1133" timestamp="2019-06-15T03:59:56.693">
  <scavenger-info tenureage="3" tenuremask="ffe8" tiltratio="89" />
  <memory-copied type="nursery" objects="22381" bytes="951440" bytesdiscarded="182752" />
  <memory-copied type="tenure" objects="1503" bytes="36072" bytesdiscarded="0" />
</gc-op>
<gc-end id="1137" type="scavenge" contextid="1133" durationms="1.959" usertimems="8.000" systemtimems="0.000" timestamp="2019-06-15T03:59:56.693" activeThreads="4">
  <mem-info id="1138" free="22374104" total="29884416" percent="74">
    <mem type="nursery" free="21016976" total="24641536" percent="85">
      <mem type="allocate" free="21016976" total="22151168" percent="94" />
      <mem type="survivor" free="0" total="2490368" percent="0" />
    </mem>
    <mem type="tenure" free="1357128" total="5242880" percent="25">
      <mem type="soa" free="1107272" total="4980736" percent="22" />
      <mem type="loa" free="249856" total="262144" percent="95" />
    </mem>
    <remembered-set count="2005" />
  </mem-info>
</gc-end>
<cycle-end id="1139" type="scavenge" contextid="1133" timestamp="2019-06-15T03:59:56.693" />
  <attribute name="elasticGC enabled" value="1" />
  <attribute name= "numThreadsSpecified" value="4" />
  <attribute name="heapSize specified" value="30146560" />
  <attribute name="Current GC Util" value="22" />
  <attribute name= "Current Time Running" value="1835" />
  <attribute name ="GC Interval" value="200" />
  <attribute name="ProportionalT" value="1.000000" />
  <attribute name="ProportionalI" value="1.000000" />
  <attribute name="ProportionalH" value="1.000000" />
  <attribute name="Current Error" value="2.000000" />
  <attribute name="IntegralT" value="24.000000" />
  <attribute name="IntegralI" value="24.000000" />
  <attribute name="IntegralH" value="24.000000" />
  <attribute name="DerivativeT" value="-8.750000" />
  <attribute name="DerivativeI" value="-8.750000" />
  <attribute name="DerivativeH" value="-8.750000" />
  <attribute name="Loop Time for DT" value="12.000000" />
  <attribute name="Output H" value="8388608"/>
  <attribute name="Output I" value="200"/>
  <attribute name="Output T" value="4"/>
  <attribute name="Target GC Util Change" value ="20.000000" />
  <attribute name="Current GC Util Change" value="22.000000"/>
  <attribute name="GC Util currently" value="22" />
  <attribute name="CPU Util currently" value="372794858409" />
<allocation-satisfied id="1140" threadId="000000000230C900" bytesRequested="40" />
<af-end id="1141" timestamp="2019-06-15T03:59:56.693" threadId="000000000230D288" success="true" from="nursery"/>
<exclusive-end id="1142" timestamp="2019-06-15T03:59:56.693" durationms="2.702" />

<exclusive-start id="1143" timestamp="2019-06-15T03:59:56.705" intervalms="14.594">
  <response-info timems="0.025" idlems="0.024" threads="1" lastid="000000000230C900" lastname="Thread-10" />
</exclusive-start>
<af-start id="1144" threadId="0000000002310E88" totalBytesRequested="40" timestamp="2019-06-15T03:59:56.705" intervalms="14.603" type="nursery" />
<cycle-start id="1145" type="scavenge" contextid="0" timestamp="2019-06-15T03:59:56.705" intervalms="14.597" />
<gc-start id="1146" type="scavenge" contextid="1145" timestamp="2019-06-15T03:59:56.705">
  <mem-info id="1147" free="1357128" total="29884416" percent="4">
    <mem type="nursery" free="0" total="24641536" percent="0">
      <mem type="allocate" free="0" total="22151168" percent="0" />
      <mem type="survivor" free="0" total="2490368" percent="0" />
    </mem>
    <mem type="tenure" free="1357128" total="5242880" percent="25">
      <mem type="soa" free="1107272" total="4980736" percent="22" />
      <mem type="loa" free="249856" total="262144" percent="95" />
    </mem>
    <remembered-set count="2336" />
  </mem-info>
</gc-start>
<allocation-stats totalBytes="21014336" >
  <allocated-bytes non-tlh="40" tlh="21014296" />
  <largest-consumer threadName="Thread-9" threadId="0000000002310500" bytes="6913104" />
</allocation-stats>
<gc-op id="1148" type="scavenge" timems="1.845" contextid="1145" timestamp="2019-06-15T03:59:56.707">
  <scavenger-info tenureage="3" tenuremask="ffe8" tiltratio="89" />
  <memory-copied type="nursery" objects="8709" bytes="356136" bytesdiscarded="163800" />
  <memory-copied type="tenure" objects="11538" bytes="543384" bytesdiscarded="48" />
</gc-op>
<heap-resize id="1149" type="expand" space="nursery" amount="2097152" count="1" timems="0.017" reason="excessive time being spent scavenging" timestamp="2019-06-15T03:59:56.707" />
<gc-end id="1150" type="scavenge" contextid="1145" durationms="2.227" usertimems="8.000" systemtimems="0.000" timestamp="2019-06-15T03:59:56.708" activeThreads="4">
  <mem-info id="1151" free="24222936" total="31981568" percent="75">
    <mem type="nursery" free="23466240" total="26738688" percent="87">
      <mem type="allocate" free="23466240" total="23986176" percent="97" />
      <mem type="survivor" free="0" total="2752512" percent="0" />
    </mem>
    <mem type="tenure" free="756696" total="5242880" percent="14">
      <mem type="soa" free="506840" total="4980736" percent="10" />
      <mem type="loa" free="249856" total="262144" percent="95" />
    </mem>
    <remembered-set count="2767" />
  </mem-info>
</gc-end>
<cycle-end id="1152" type="scavenge" contextid="1145" timestamp="2019-06-15T03:59:56.708" />
  <attribute name="elasticGC enabled" value="1" />
  <attribute name= "numThreadsSpecified" value="4" />
  <attribute name="heapSize specified" value="30146560" />
  <attribute name="Current GC Util" value="29" />
  <attribute name= "Current Time Running" value="1850" />
  <attribute name ="GC Interval" value="200" />
  <attribute name="ProportionalT" value="4.500000" />
  <attribute name="ProportionalI" value="4.500000" />
  <attribute name="ProportionalH" value="4.500000" />
  <attribute name="Current Error" value="9.000000" />
  <attribute name="IntegralT" value="135.000000" />
  <attribute name="IntegralI" value="135.000000" />
  <attribute name="IntegralH" value="135.000000" />
  <attribute name="DerivativeT" value="0.700000" />
  <attribute name="DerivativeI" value="0.700000" />
  <attribute name="DerivativeH" value="0.700000" />
  <attribute name="Loop Time for DT" value="15.000000" />
  <attribute name="Output H" value="8388608"/>
  <attribute name="Output I" value="200"/>
  <attribute name="Output T" value="4"/>
  <attribute name="Target GC Util Change" value ="20.000000" />
  <attribute name="Current GC Util Change" value="29.000000"/>
  <attribute name="GC Util currently" value="29" />
  <attribute name="CPU Util currently" value="313690560238" />
<allocation-satisfied id="1153" threadId="0000000002310500" bytesRequested="40" />
<af-end id="1154" timestamp="2019-06-15T03:59:56.708" threadId="0000000002310E88" success="true" from="nursery"/>
<exclusive-end id="1155" timestamp="2019-06-15T03:59:56.708" durationms="2.808" />

<exclusive-start id="1156" timestamp="2019-06-15T03:59:56.723" intervalms="18.376">
  <response-info timems="0.032" idlems="0.032" threads="0" lastid="0000000002310500" lastname="Thread-9" />
</exclusive-start>
<af-start id="1157" threadId="0000000002310E88" totalBytesRequested="40" timestamp="2019-06-15T03:59:56.723" intervalms="18.354" type="nursery" />
<cycle-start id="1158" type="scavenge" contextid="0" timestamp="2019-06-15T03:59:56.724" intervalms="18.354" />
<gc-start id="1159" type="scavenge" contextid="1158" timestamp="2019-06-15T03:59:56.724">
  <mem-info id="1160" free="756696" total="31981568" percent="2">
    <mem type="nursery" free="0" total="26738688" percent="0">
      <mem type="allocate" free="0" total="23986176" percent="0" />
      <mem type="survivor" free="0" total="2752512" percent="0" />
    </mem>
    <mem type="tenure" free="756696" total="5242880" percent="14">
      <mem type="soa" free="506840" total="4980736" percent="10" />
      <mem type="loa" free="249856" total="262144" percent="95" />
    </mem>
    <remembered-set count="3586" />
  </mem-info>
</gc-start>
<allocation-stats totalBytes="23463264" >
  <allocated-bytes non-tlh="40" tlh="23463224" />
  <largest-consumer threadName="Thread-9" threadId="0000000002310500" bytes="8748048" />
</allocation-stats>
<gc-op id="1161" type="scavenge" timems="1.787" contextid="1158" timestamp="2019-06-15T03:59:56.726">
  <scavenger-info tenureage="5" tenuremask="ffa0" tiltratio="89" />
  <memory-copied type="nursery" objects="18002" bytes="717248" bytesdiscarded="235840" />
</gc-op>
<heap-resize id="1162" type="expand" space="nursery" amount="1310720" count="1" timems="0.014" reason="excessive time being spent scavenging" timestamp="2019-06-15T03:59:56.726" />
<gc-end id="1163" type="scavenge" contextid="1158" durationms="2.165" usertimems="4.000" systemtimems="0.000" timestamp="2019-06-15T03:59:56.726" activeThreads="4">
  <mem-info id="1164" free="25034968" total="33292288" percent="75">
    <mem type="nursery" free="24278272" total="28049408" percent="86">
      <mem type="allocate" free="24278272" total="25231360" percent="96" />
      <mem type="survivor" free="0" total="2818048" percent="0" />
    </mem>
    <mem type="tenure" free="756696" total="5242880" percent="14">
      <mem type="soa" free="506840" total="4980736" percent="10" />
      <mem type="loa" free="249856" total="262144" percent="95" />
    </mem>
    <remembered-set count="3586" />
  </mem-info>
</gc-end>
<cycle-end id="1165" type="scavenge" contextid="1158" timestamp="2019-06-15T03:59:56.726" />
  <attribute name="elasticGC enabled" value="1" />
  <attribute name= "numThreadsSpecified" value="4" />
  <attribute name="heapSize specified" value="30146560" />
  <attribute name="Current GC Util" value="26" />
  <attribute name= "Current Time Running" value="1868" />
  <attribute name ="GC Interval" value="200" />
  <attribute name="ProportionalT" value="3.000000" />
  <attribute name="ProportionalI" value="3.000000" />
  <attribute name="ProportionalH" value="3.000000" />
  <attribute name="Current Error" value="6.000000" />
  <attribute name="IntegralT" value="108.000000" />
  <attribute name="IntegralI" value="108.000000" />
  <attribute name="IntegralH" value="108.000000" />
  <attribute name="DerivativeT" value="-0.250000" />
  <attribute name="DerivativeI" value="-0.250000" />
  <attribute name="DerivativeH" value="-0.250000" />
  <attribute name="Loop Time for DT" value="18.000000" />
  <attribute name="Output H" value="8388608"/>
  <attribute name="Output I" value="200"/>
  <attribute name="Output T" value="4"/>
  <attribute name="Target GC Util Change" value ="20.000000" />
  <attribute name="Current GC Util Change" value="26.000000"/>
  <attribute name="GC Util currently" value="26" />
  <attribute name="CPU Util currently" value="251075282429" />
<allocation-satisfied id="1166" threadId="0000000002310500" bytesRequested="40" />
<af-end id="1167" timestamp="2019-06-15T03:59:56.726" threadId="0000000002310E88" success="true" from="nursery"/>
<exclusive-end id="1168" timestamp="2019-06-15T03:59:56.726" durationms="2.728" />

<exclusive-start id="1169" timestamp="2019-06-15T03:59:56.740" intervalms="17.134">
  <response-info timems="0.032" idlems="0.032" threads="0" lastid="000000000230C900" lastname="Thread-10" />
</exclusive-start>
<af-start id="1170" threadId="000000000230D288" totalBytesRequested="40" timestamp="2019-06-15T03:59:56.741" intervalms="17.153" type="nursery" />
<cycle-start id="1171" type="scavenge" contextid="0" timestamp="2019-06-15T03:59:56.741" intervalms="17.161" />
<gc-start id="1172" type="scavenge" contextid="1171" timestamp="2019-06-15T03:59:56.741">
  <mem-info id="1173" free="756696" total="33292288" percent="2">
    <mem type="nursery" free="0" total="28049408" percent="0">
      <mem type="allocate" free="0" total="25231360" percent="0" />
      <mem type="survivor" free="0" total="2818048" percent="0" />
    </mem>
    <mem type="tenure" free="756696" total="5242880" percent="14">
      <mem type="soa" free="506840" total="4980736" percent="10" />
      <mem type="loa" free="249856" total="262144" percent="95" />
    </mem>
    <remembered-set count="4283" />
  </mem-info>
</gc-start>
<allocation-stats totalBytes="24275376" >
  <allocated-bytes non-tlh="40" tlh="24275336" />
  <largest-consumer threadName="Thread-9" threadId="0000000002310500" bytes="7044312" />
</allocation-stats>
<gc-op id="1174" type="scavenge" timems="1.484" contextid="1171" timestamp="2019-06-15T03:59:56.743">
  <scavenger-info tenureage="3" tenuremask="fff8" tiltratio="89" />
  <memory-copied type="nursery" objects="16586" bytes="674584" bytesdiscarded="166232" />
  <memory-copied type="tenure" objects="2206" bytes="61720" bytesdiscarded="8" />
</gc-op>
<gc-end id="1175" type="scavenge" contextid="1171" durationms="1.836" usertimems="4.000" systemtimems="0.000" timestamp="2019-06-15T03:59:56.743" activeThreads="4">
  <mem-info id="1176" free="25108072" total="33292288" percent="75">
    <mem type="nursery" free="24390544" total="28049408" percent="86">
      <mem type="allocate" free="24390544" total="25231360" percent="96" />
      <mem type="survivor" free="0" total="2818048" percent="0" />
    </mem>
    <mem type="tenure" free="717528" total="5242880" percent="13">
      <mem type="soa" free="467672" total="4980736" percent="9" />
      <mem type="loa" free="249856" total="262144" percent="95" />
    </mem>
    <remembered-set count="2506" />
  </mem-info>
</gc-end>
<cycle-end id="1177" type="scavenge" contextid="1171" timestamp="2019-06-15T03:59:56.743" />
  <attribute name="elasticGC enabled" value="1" />
  <attribute name= "numThreadsSpecified" value="4" />
  <attribute name="heapSize specified" value="30146560" />
  <attribute name="Current GC Util" value="26" />
  <attribute name= "Current Time Running" value="1885" />
  <attribute name ="GC Interval" value="200" />
  <attribute name="ProportionalT" value="3.000000" />
  <attribute name="ProportionalI" value="3.000000" />
  <attribute name="ProportionalH" value="3.000000" />
  <attribute name="Current Error" value="6.000000" />
  <attribute name="IntegralT" value="102.000000" />
  <attribute name="IntegralI" value="102.000000" />
  <attribute name="IntegralH" value="102.000000" />
  <attribute name="DerivativeT" value="0.000000" />
  <attribute name="DerivativeI" value="0.000000" />
  <attribute name="DerivativeH" value="0.000000" />
  <attribute name="Loop Time for DT" value="17.000000" />
  <attribute name="Output H" value="8388608"/>
  <attribute name="Output I" value="200"/>
  <attribute name="Output T" value="4"/>
  <attribute name="Target GC Util Change" value ="20.000000" />
  <attribute name="Current GC Util Change" value="26.000000"/>
  <attribute name="GC Util currently" value="26" />
  <attribute name="CPU Util currently" value="268106720869" />
<allocation-satisfied id="1178" threadId="000000000230C900" bytesRequested="40" />
<af-end id="1179" timestamp="2019-06-15T03:59:56.743" threadId="000000000230D288" success="true" from="nursery"/>
<exclusive-end id="1180" timestamp="2019-06-15T03:59:56.743" durationms="2.552" />

<exclusive-start id="1181" timestamp="2019-06-15T03:59:56.760" intervalms="19.990">
  <response-info timems="1.751" idlems="0.903" threads="1" lastid="0000000002308D00" lastname="Thread-8" />
</exclusive-start>
<af-start id="1182" threadId="0000000002310E88" totalBytesRequested="40" timestamp="2019-06-15T03:59:56.761" intervalms="20.023" type="nursery" />
<cycle-start id="1183" type="scavenge" contextid="0" timestamp="2019-06-15T03:59:56.761" intervalms="20.058" />
<gc-start id="1184" type="scavenge" contextid="1183" timestamp="2019-06-15T03:59:56.761">
  <mem-info id="1185" free="717528" total="33292288" percent="2">
    <mem type="nursery" free="0" total="28049408" percent="0">
      <mem type="allocate" free="0" total="25231360" percent="0" />
      <mem type="survivor" free="0" total="2818048" percent="0" />
    </mem>
    <mem type="tenure" free="717528" total="5242880" percent="13">
      <mem type="soa" free="467672" total="4980736" percent="9" />
      <mem type="loa" free="249856" total="262144" percent="95" />
    </mem>
    <remembered-set count="3433" />
  </mem-info>
</gc-start>
<allocation-stats totalBytes="24387360" >
  <allocated-bytes non-tlh="40" tlh="24387320" />
  <largest-consumer threadName="Thread-8" threadId="0000000002308D00" bytes="6651008" />
</allocation-stats>
<gc-op id="1186" type="scavenge" timems="1.402" contextid="1183" timestamp="2019-06-15T03:59:56.762">
  <scavenger-info tenureage="14" tenuremask="4000" tiltratio="89" />
  <memory-copied type="nursery" objects="14769" bytes="630608" bytesdiscarded="544" />
</gc-op>
<gc-end id="1187" type="scavenge" contextid="1183" durationms="1.696" usertimems="0.000" systemtimems="0.000" timestamp="2019-06-15T03:59:56.763" activeThreads="1">
  <mem-info id="1188" free="25317736" total="33292288" percent="76">
    <mem type="nursery" free="24600208" total="28049408" percent="87">
      <mem type="allocate" free="24600208" total="25231360" percent="97" />
      <mem type="survivor" free="0" total="2818048" percent="0" />
    </mem>
    <mem type="tenure" free="717528" total="5242880" percent="13">
      <mem type="soa" free="467672" total="4980736" percent="9" />
      <mem type="loa" free="249856" total="262144" percent="95" />
    </mem>
    <remembered-set count="3433" />
  </mem-info>
</gc-end>
<cycle-end id="1189" type="scavenge" contextid="1183" timestamp="2019-06-15T03:59:56.763" />
  <attribute name="elasticGC enabled" value="1" />
  <attribute name= "numThreadsSpecified" value="1" />
  <attribute name="heapSize specified" value="30146560" />
  <attribute name="Current GC Util" value="20" />
  <attribute name= "Current Time Running" value="1905" />
  <attribute name ="GC Interval" value="200" />
  <attribute name="ProportionalT" value="0.000000" />
  <attribute name="ProportionalI" value="0.000000" />
  <attribute name="ProportionalH" value="0.000000" />
  <attribute name="Current Error" value="0.000000" />
  <attribute name="IntegralT" value="0.000000" />
  <attribute name="IntegralI" value="0.000000" />
  <attribute name="IntegralH" value="0.000000" />
  <attribute name="DerivativeT" value="-0.450000" />
  <attribute name="DerivativeI" value="-0.450000" />
  <attribute name="DerivativeH" value="-0.450000" />
  <attribute name="Loop Time for DT" value="20.000000" />
  <attribute name="Output H" value="8388608"/>
  <attribute name="Output I" value="200"/>
  <attribute name="Output T" value="1"/>
  <attribute name="Target GC Util Change" value ="20.000000" />
  <attribute name="Current GC Util Change" value="20.000000"/>
  <attribute name="GC Util currently" value="20" />
  <attribute name="CPU Util currently" value="230488474930" />
<allocation-satisfied id="1190" threadId="0000000002310500" bytesRequested="40" />
<af-end id="1191" timestamp="2019-06-15T03:59:56.763" threadId="0000000002310E88" success="true" from="nursery"/>
<exclusive-end id="1192" timestamp="2019-06-15T03:59:56.763" durationms="2.358" />

<exclusive-start id="1193" timestamp="2019-06-15T03:59:56.785" intervalms="24.373">
  <response-info timems="0.047" idlems="0.047" threads="0" lastid="0000000002310500" lastname="Thread-9" />
</exclusive-start>
<af-start id="1194" threadId="0000000002310E88" totalBytesRequested="40" timestamp="2019-06-15T03:59:56.785" intervalms="24.330" type="nursery" />
<cycle-start id="1195" type="scavenge" contextid="0" timestamp="2019-06-15T03:59:56.785" intervalms="24.285" />
<gc-start id="1196" type="scavenge" contextid="1195" timestamp="2019-06-15T03:59:56.785">
  <mem-info id="1197" free="717528" total="33292288" percent="2">
    <mem type="nursery" free="0" total="28049408" percent="0">
      <mem type="allocate" free="0" total="25231360" percent="0" />
      <mem type="survivor" free="0" total="2818048" percent="0" />
    </mem>
    <mem type="tenure" free="717528" total="5242880" percent="13">
      <mem type="soa" free="467672" total="4980736" percent="9" />
      <mem type="loa" free="249856" total="262144" percent="95" />
    </mem>
    <remembered-set count="4202" />
  </mem-info>
</gc-start>
<allocation-stats totalBytes="24597304" >
  <allocated-bytes non-tlh="40" tlh="24597264" />
  <largest-consumer threadName="Thread-10" threadId="000000000230C900" bytes="10148376" />
</allocation-stats>
<gc-op id="1198" type="scavenge" timems="1.510" contextid="1195" timestamp="2019-06-15T03:59:56.787">
  <scavenger-info tenureage="14" tenuremask="4000" tiltratio="89" />
  <memory-copied type="nursery" objects="16463" bytes="671192" bytesdiscarded="138904" />
</gc-op>
<gc-end id="1199" type="scavenge" contextid="1195" durationms="1.791" usertimems="4.000" systemtimems="0.000" timestamp="2019-06-15T03:59:56.787" activeThreads="4">
  <mem-info id="1200" free="25138792" total="33292288" percent="75">
    <mem type="nursery" free="24421264" total="28049408" percent="87">
      <mem type="allocate" free="24421264" total="25231360" percent="96" />
      <mem type="survivor" free="0" total="2818048" percent="0" />
    </mem>
    <mem type="tenure" free="717528" total="5242880" percent="13">
      <mem type="soa" free="467672" total="4980736" percent="9" />
      <mem type="loa" free="249856" total="262144" percent="95" />
    </mem>
    <remembered-set count="4202" />
  </mem-info>
</gc-end>
<cycle-end id="1201" type="scavenge" contextid="1195" timestamp="2019-06-15T03:59:56.787" />
  <attribute name="elasticGC enabled" value="1" />
  <attribute name= "numThreadsSpecified" value="4" />
  <attribute name="heapSize specified" value="30146560" />
  <attribute name="Current GC Util" value="6" />
  <attribute name= "Current Time Running" value="1930" />
  <attribute name ="GC Interval" value="200" />
  <attribute name="ProportionalT" value="-7.000000" />
  <attribute name="ProportionalI" value="-7.000000" />
  <attribute name="ProportionalH" value="-7.000000" />
  <attribute name="Current Error" value="-14.000000" />
  <attribute name="IntegralT" value="-350.000000" />
  <attribute name="IntegralI" value="-350.000000" />
  <attribute name="IntegralH" value="-350.000000" />
  <attribute name="DerivativeT" value="-0.840000" />
  <attribute name="DerivativeI" value="-0.840000" />
  <attribute name="DerivativeH" value="-0.840000" />
  <attribute name="Loop Time for DT" value="25.000000" />
  <attribute name="Output H" value="2092630016"/>
  <attribute name="Output I" value="200"/>
  <attribute name="Output T" value="4"/>
  <attribute name="Target GC Util Change" value ="20.000000" />
  <attribute name="Current GC Util Change" value="6.000000"/>
  <attribute name="GC Util currently" value="6" />
  <attribute name="CPU Util currently" value="189911050799" />
<allocation-satisfied id="1202" threadId="0000000002310500" bytesRequested="40" />
<af-end id="1203" timestamp="2019-06-15T03:59:56.787" threadId="0000000002310E88" success="true" from="nursery"/>
<exclusive-end id="1204" timestamp="2019-06-15T03:59:56.787" durationms="2.372" />

<exclusive-start id="1205" timestamp="2019-06-15T03:59:56.806" intervalms="20.872">
  <response-info timems="0.044" idlems="0.044" threads="0" lastid="0000000002310500" lastname="Thread-9" />
</exclusive-start>
<af-start id="1206" threadId="0000000002310E88" totalBytesRequested="40" timestamp="2019-06-15T03:59:56.806" intervalms="20.896" type="nursery" />
<cycle-start id="1207" type="scavenge" contextid="0" timestamp="2019-06-15T03:59:56.806" intervalms="20.895" />
<gc-start id="1208" type="scavenge" contextid="1207" timestamp="2019-06-15T03:59:56.806">
  <mem-info id="1209" free="717528" total="33292288" percent="2">
    <mem type="nursery" free="0" total="28049408" percent="0">
      <mem type="allocate" free="0" total="25231360" percent="0" />
      <mem type="survivor" free="0" total="2818048" percent="0" />
    </mem>
    <mem type="tenure" free="717528" total="5242880" percent="13">
      <mem type="soa" free="467672" total="4980736" percent="9" />
      <mem type="loa" free="249856" total="262144" percent="95" />
    </mem>
    <remembered-set count="5353" />
  </mem-info>
</gc-start>
<allocation-stats totalBytes="24418680" >
  <allocated-bytes non-tlh="40" tlh="24418640" />
  <largest-consumer threadName="Thread-10" threadId="000000000230C900" bytes="9796568" />
</allocation-stats>
<gc-op id="1210" type="scavenge" timems="1.093" contextid="1207" timestamp="2019-06-15T03:59:56.807">
  <scavenger-info tenureage="3" tenuremask="4038" tiltratio="89" />
  <memory-copied type="nursery" objects="9920" bytes="377096" bytesdiscarded="81400" />
  <memory-copied type="tenure" objects="8225" bytes="334776" bytesdiscarded="48" />
</gc-op>
<gc-end id="1211" type="scavenge" contextid="1207" durationms="1.385" usertimems="4.000" systemtimems="0.000" timestamp="2019-06-15T03:59:56.807" activeThreads="4">
  <mem-info id="1212" free="25157848" total="33292288" percent="75">
    <mem type="nursery" free="24772864" total="28049408" percent="88">
      <mem type="allocate" free="24772864" total="25231360" percent="98" />
      <mem type="survivor" free="0" total="2818048" percent="0" />
    </mem>
    <mem type="tenure" free="384984" total="5242880" percent="7">
      <mem type="soa" free="135128" total="4980736" percent="2" />
      <mem type="loa" free="249856" total="262144" percent="95" />
    </mem>
    <remembered-set count="4347" />
  </mem-info>
</gc-end>
<cycle-end id="1213" type="scavenge" contextid="1207" timestamp="2019-06-15T03:59:56.808" />
  <attribute name="elasticGC enabled" value="1" />
  <attribute name= "numThreadsSpecified" value="4" />
  <attribute name="heapSize specified" value="30146560" />
  <attribute name="Current GC Util" value="19" />
  <attribute name= "Current Time Running" value="1951" />
  <attribute name ="GC Interval" value="200" />
  <attribute name="ProportionalT" value="-0.500000" />
  <attribute name="ProportionalI" value="-0.500000" />
  <attribute name="ProportionalH" value="-0.500000" />
  <attribute name="Current Error" value="-1.000000" />
  <attribute name="IntegralT" value="-21.000000" />
  <attribute name="IntegralI" value="-21.000000" />
  <attribute name="IntegralH" value="-21.000000" />
  <attribute name="DerivativeT" value="-0.071429" />
  <attribute name="DerivativeI" value="-0.071429" />
  <attribute name="DerivativeH" value="-0.071429" />
  <attribute name="Loop Time for DT" value="21.000000" />
  <attribute name="Output H" value="2092630016"/>
  <attribute name="Output I" value="200"/>
  <attribute name="Output T" value="4"/>
  <attribute name="Target GC Util Change" value ="20.000000" />
  <attribute name="Current GC Util Change" value="19.000000"/>
  <attribute name="GC Util currently" value="19" />
  <attribute name="CPU Util currently" value="220678115090" />
<allocation-satisfied id="1214" threadId="0000000002310500" bytesRequested="40" />
<af-end id="1215" timestamp="2019-06-15T03:59:56.808" threadId="0000000002310E88" success="true" from="nursery"/>
<exclusive-end id="1216" timestamp="2019-06-15T03:59:56.808" durationms="2.003" />

<concurrent-kickoff id="1217" timestamp="2019-06-15T03:59:56.833">
  <kickoff reason="threshold reached" targetBytes="1760370" thresholdFreeBytes="250933"  remainingFree="217304" tenureFreeBytes="384984" nurseryFreeBytes="217304" />
</concurrent-kickoff>
<exclusive-start id="1218" timestamp="2019-06-15T03:59:56.833" intervalms="27.529">
  <response-info timems="0.156" idlems="0.094" threads="2" lastid="000000000230C900" lastname="Thread-10" />
</exclusive-start>
<cycle-start id="1219" type="global" contextid="0" timestamp="2019-06-15T03:59:56.833" intervalms="201.478" />
<exclusive-end id="1220" timestamp="2019-06-15T03:59:56.833" durationms="0.192" />

<exclusive-start id="1221" timestamp="2019-06-15T03:59:56.834" intervalms="0.353">
  <response-info timems="0.027" idlems="0.027" threads="0" lastid="000000000230C900" lastname="Thread-10" />
</exclusive-start>
<af-start id="1222" threadId="000000000230D288" totalBytesRequested="40" timestamp="2019-06-15T03:59:56.834" intervalms="27.857" type="nursery" />
<cycle-start id="1223" type="scavenge" contextid="0" timestamp="2019-06-15T03:59:56.834" intervalms="27.870" />
<gc-start id="1224" type="scavenge" contextid="1223" timestamp="2019-06-15T03:59:56.834">
  <mem-info id="1225" free="384984" total="33292288" percent="1">
    <mem type="nursery" free="0" total="28049408" percent="0">
      <mem type="allocate" free="0" total="25231360" percent="0" />
      <mem type="survivor" free="0" total="2818048" percent="0" />
    </mem>
    <mem type="tenure" free="384984" total="5242880" percent="7">
      <mem type="soa" free="135128" total="4980736" percent="2" />
      <mem type="loa" free="249856" total="262144" percent="95" />
    </mem>
    <remembered-set count="5598" />
  </mem-info>
</gc-start>
<allocation-stats totalBytes="24769848" >
  <allocated-bytes non-tlh="40" tlh="24769808" />
  <largest-consumer threadName="Thread-9" threadId="0000000002310500" bytes="8354984" />
</allocation-stats>
<gc-op id="1226" type="scavenge" timems="0.808" contextid="1223" timestamp="2019-06-15T03:59:56.835">
  <scavenger-info tenureage="3" tenuremask="4008" tiltratio="89" />
  <memory-copied type="nursery" objects="5580" bytes="135560" bytesdiscarded="253048" />
  <memory-copied type="tenure" objects="6294" bytes="288432" bytesdiscarded="104" />
  <heap-resize type="expand" space="tenure" amount="131072" count="2" timems="0.032" reason="continue current collection" />
</gc-op>
<gc-end id="1227" type="scavenge" contextid="1223" durationms="1.179" usertimems="0.000" systemtimems="0.000" timestamp="2019-06-15T03:59:56.835" activeThreads="4">
  <mem-info id="1228" free="25098752" total="33423360" percent="75">
    <mem type="nursery" free="24842752" total="28049408" percent="88">
      <mem type="allocate" free="24842752" total="25231360" percent="98" />
      <mem type="survivor" free="0" total="2818048" percent="0" />
    </mem>
    <mem type="tenure" free="256000" total="5373952" percent="4">
      <mem type="soa" free="0" total="5105664" percent="0" />
      <mem type="loa" free="256000" total="268288" percent="95" />
    </mem>
    <remembered-set count="5352" />
  </mem-info>
</gc-end>
<cycle-end id="1229" type="scavenge" contextid="1223" timestamp="2019-06-15T03:59:56.835" />
  <attribute name="elasticGC enabled" value="1" />
  <attribute name= "numThreadsSpecified" value="4" />
  <attribute name="heapSize specified" value="30146560" />
  <attribute name="Current GC Util" value="10" />
  <attribute name= "Current Time Running" value="1978" />
  <attribute name ="GC Interval" value="200" />
  <attribute name="ProportionalT" value="-5.000000" />
  <attribute name="ProportionalI" value="-5.000000" />
  <attribute name="ProportionalH" value="-5.000000" />
  <attribute name="Current Error" value="-10.000000" />
  <attribute name="IntegralT" value="-270.000000" />
  <attribute name="IntegralI" value="-270.000000" />
  <attribute name="IntegralH" value="-270.000000" />
  <attribute name="DerivativeT" value="-0.555556" />
  <attribute name="DerivativeI" value="-0.555556" />
  <attribute name="DerivativeH" value="-0.555556" />
  <attribute name="Loop Time for DT" value="27.000000" />
  <attribute name="Output H" value="2092630016"/>
  <attribute name="Output I" value="200"/>
  <attribute name="Output T" value="4"/>
  <attribute name="Target GC Util Change" value ="20.000000" />
  <attribute name="Current GC Util Change" value="10.000000"/>
  <attribute name="GC Util currently" value="10" />
  <attribute name="CPU Util currently" value="164972737447" />
<allocation-satisfied id="1230" threadId="000000000230C900" bytesRequested="40" />
<af-end id="1231" timestamp="2019-06-15T03:59:56.835" threadId="000000000230D288" success="true" from="nursery"/>
<exclusive-end id="1232" timestamp="2019-06-15T03:59:56.836" durationms="1.920" />

<exclusive-start id="1233" timestamp="2019-06-15T03:59:56.867" intervalms="33.076">
  <response-info timems="0.032" idlems="0.032" threads="0" lastid="0000000002310500" lastname="Thread-9" />
</exclusive-start>
<af-start id="1234" threadId="0000000002310E88" totalBytesRequested="24" timestamp="2019-06-15T03:59:56.867" intervalms="33.159" type="nursery" />
<percolate-collect id="1235" from="nursery" to="global" reason="concurrent mark exhausted" timestamp="2019-06-15T03:59:56.867"/>
<gc-start id="1236" type="global" contextid="1219" timestamp="2019-06-15T03:59:56.867">
  <mem-info id="1237" free="256000" total="33423360" percent="0">
    <mem type="nursery" free="0" total="28049408" percent="0">
      <mem type="allocate" free="0" total="25231360" percent="0" />
      <mem type="survivor" free="0" total="2818048" percent="0" />
    </mem>
    <mem type="tenure" free="256000" total="5373952" percent="4">
      <mem type="soa" free="0" total="5105664" percent="0" />
      <mem type="loa" free="256000" total="268288" percent="95" />
    </mem>
    <remembered-set count="6916" />
  </mem-info>
</gc-start>
<allocation-stats totalBytes="24840488" >
  <allocated-bytes non-tlh="40" tlh="24840448" />
  <largest-consumer threadName="Thread-10" threadId="000000000230C900" bytes="9141568" />
</allocation-stats>
<concurrent-halted id="1238" timestamp="2019-06-15T03:59:56.867">
  <halted state="Complete" status="exhausted" />
  <traced bytesTarget="1802171" bytesTotal="2438116" bytesByMutator="1262104" bytesByHelper="1176012" percent="135" />
  <cards cleaned="382" thresholdBytes="98852" />
</concurrent-halted>
<gc-op id="1239" type="rs-scan" timems="1.003" contextid="1219" timestamp="2019-06-15T03:59:56.868">
  <scan objectsFound="6832" bytesTraced="581840" workStackOverflowCount="0" />
</gc-op>
<gc-op id="1240" type="card-cleaning" timems="0.129" contextid="1219" timestamp="2019-06-15T03:59:56.868">
  <card-cleaning cardsCleaned="11" bytesTraced="9364" workStackOverflowCount="0" />
</gc-op>
<gc-op id="1241" type="mark" timems="1.144" contextid="1219" timestamp="2019-06-15T03:59:56.870">
  <trace-info objectcount="650" scancount="618" scanbytes="16912" />
  <finalization candidates="124" enqueued="0" />
  <ownableSynchronizers candidates="3" cleared="0" />
  <references type="soft" candidates="85" cleared="0" enqueued="0" dynamicThreshold="9" maxThreshold="32" />
  <references type="weak" candidates="693" cleared="0" enqueued="0" />
  <references type="phantom" candidates="37" cleared="0" enqueued="0" />
  <stringconstants candidates="4597" cleared="0"  />
</gc-op>
<gc-op id="1242" type="sweep" timems="0.764" contextid="1219" timestamp="2019-06-15T03:59:56.871" />
<mem-info id="1243" free="26257552" total="33423360" percent="78">
  <mem type="nursery" free="25024496" total="28049408" percent="89">
    <mem type="allocate" free="25024496" total="25231360" percent="99" />
    <mem type="survivor" free="0" total="2818048" percent="0" />
  </mem>
  <mem type="tenure" free="1233056" total="5373952" percent="22" micro-fragmented="18458" macro-fragmented="0">
    <mem type="soa" free="964768" total="5105664" percent="18" />
    <mem type="loa" free="268288" total="268288" percent="100" />
  </mem>
  <remembered-set count="6916" />
</mem-info>
<gc-op id="1244" type="compact" timems="13.326" contextid="1219" timestamp="2019-06-15T03:59:56.884">
  <compact-info movecount="64815" movebytes="4053112" reason="compact to aid heap contraction" />
</gc-op>
<heap-resize id="1245" type="contract" space="tenure" amount="262144" count="1" timems="0.087" reason="heap reconfiguration" timestamp="2019-06-15T03:59:56.884" />
<gc-end id="1246" type="global" contextid="1219" durationms="17.452" usertimems="20.000" systemtimems="4.000" timestamp="2019-06-15T03:59:56.885" activeThreads="4">
  <mem-info id="1247" free="26033816" total="33161216" percent="78">
    <mem type="nursery" free="25058360" total="28049408" percent="89">
      <mem type="allocate" free="25058360" total="25231360" percent="99" />
      <mem type="survivor" free="0" total="2818048" percent="0" />
    </mem>
    <mem type="tenure" free="975456" total="5111808" percent="19">
      <mem type="soa" free="726624" total="4856832" percent="14" />
      <mem type="loa" free="248832" total="254976" percent="97" />
    </mem>
    <remembered-set count="6916" />
  </mem-info>
</gc-end>
<cycle-end id="1248" type="global" contextid="1219" timestamp="2019-06-15T03:59:56.885" />
  <attribute name="elasticGC enabled" value="1" />
  <attribute name= "numThreadsSpecified" value="4" />
  <attribute name="heapSize specified" value="33423360" />
  <attribute name="Current GC Util" value="42" />
  <attribute name= "Current Time Running" value="2028" />
  <attribute name ="GC Interval" value="200" />
  <attribute name="ProportionalT" value="11.000000" />
  <attribute name="ProportionalI" value="11.000000" />
  <attribute name="ProportionalH" value="11.000000" />
  <attribute name="Current Error" value="22.000000" />
  <attribute name="IntegralT" value="286.000000" />
  <attribute name="IntegralI" value="286.000000" />
  <attribute name="IntegralH" value="286.000000" />
  <attribute name="DerivativeT" value="-20.076923" />
  <attribute name="DerivativeI" value="-20.076923" />
  <attribute name="DerivativeH" value="-20.076923" />
  <attribute name="Loop Time for DT" value="13.000000" />
  <attribute name="Output H" value="8388608"/>
  <attribute name="Output I" value="280"/>
  <attribute name="Output T" value="4"/>
  <attribute name="Target GC Util Change" value ="20.000000" />
  <attribute name="Current GC Util Change" value="42.000000"/>
  <attribute name="GC Util currently" value="42" />
  <attribute name="CPU Util currently" value="343526582834" />
<allocation-satisfied id="1249" threadId="0000000002310500" bytesRequested="24" />
<af-end id="1250" timestamp="2019-06-15T03:59:56.885" threadId="0000000002310E88" success="true" from="nursery"/>
<exclusive-end id="1251" timestamp="2019-06-15T03:59:56.885" durationms="18.298" />

<exclusive-start id="1252" timestamp="2019-06-15T03:59:56.902" intervalms="35.068">
  <response-info timems="0.030" idlems="0.030" threads="0" lastid="000000000230C900" lastname="Thread-10" />
</exclusive-start>
<af-start id="1253" threadId="000000000230D288" totalBytesRequested="40" timestamp="2019-06-15T03:59:56.902" intervalms="35.021" type="nursery" />
<cycle-start id="1254" type="scavenge" contextid="0" timestamp="2019-06-15T03:59:56.902" intervalms="68.181" />
<gc-start id="1255" type="scavenge" contextid="1254" timestamp="2019-06-15T03:59:56.902">
  <mem-info id="1256" free="975456" total="33161216" percent="2">
    <mem type="nursery" free="0" total="28049408" percent="0">
      <mem type="allocate" free="0" total="25231360" percent="0" />
      <mem type="survivor" free="0" total="2818048" percent="0" />
    </mem>
    <mem type="tenure" free="975456" total="5111808" percent="19">
      <mem type="soa" free="726624" total="4856832" percent="14" />
      <mem type="loa" free="248832" total="254976" percent="97" />
    </mem>
    <remembered-set count="8213" />
  </mem-info>
</gc-start>
<allocation-stats totalBytes="25054456" >
  <allocated-bytes non-tlh="24" tlh="25054432" />
  <largest-consumer threadName="Thread-10" threadId="000000000230C900" bytes="11130176" />
</allocation-stats>
<gc-op id="1257" type="scavenge" timems="1.042" contextid="1254" timestamp="2019-06-15T03:59:56.903">
  <scavenger-info tenureage="3" tenuremask="4008" tiltratio="89" />
  <memory-copied type="nursery" objects="6670" bytes="161400" bytesdiscarded="227208" />
  <memory-copied type="tenure" objects="1713" bytes="41112" bytesdiscarded="0" />
  <ownableSynchronizers candidates="6" cleared="6" />
</gc-op>
<gc-end id="1258" type="scavenge" contextid="1254" durationms="1.249" usertimems="4.000" systemtimems="0.000" timestamp="2019-06-15T03:59:56.903" activeThreads="4">
  <mem-info id="1259" free="25700704" total="33161216" percent="77">
    <mem type="nursery" free="24842752" total="28049408" percent="88">
      <mem type="allocate" free="24842752" total="25231360" percent="98" />
      <mem type="survivor" free="0" total="2818048" percent="0" />
    </mem>
    <mem type="tenure" free="857952" total="5111808" percent="16">
      <mem type="soa" free="609120" total="4856832" percent="12" />
      <mem type="loa" free="248832" total="254976" percent="97" />
    </mem>
    <remembered-set count="6500" />
  </mem-info>
</gc-end>
<cycle-end id="1260" type="scavenge" contextid="1254" timestamp="2019-06-15T03:59:56.903" />
  <attribute name="elasticGC enabled" value="1" />
  <attribute name= "numThreadsSpecified" value="4" />
  <attribute name="heapSize specified" value="33423360" />
  <attribute name="Current GC Util" value="153" />
  <attribute name= "Current Time Running" value="2046" />
  <attribute name ="GC Interval" value="2472" />
  <attribute name="ProportionalT" value="66.500000" />
  <attribute name="ProportionalI" value="66.500000" />
  <attribute name="ProportionalH" value="66.500000" />
  <attribute name="Current Error" value="133.000000" />
  <attribute name="IntegralT" value="2394.000000" />
  <attribute name="IntegralI" value="2394.000000" />
  <attribute name="IntegralH" value="2394.000000" />
  <attribute name="DerivativeT" value="9.250000" />
  <attribute name="DerivativeI" value="9.250000" />
  <attribute name="DerivativeH" value="9.250000" />
  <attribute name="Loop Time for DT" value="18.000000" />
  <attribute name="Output H" value="8388608"/>
  <attribute name="Output I" value="2472"/>
  <attribute name="Output T" value="4"/>
  <attribute name="Target GC Util Change" value ="20.000000" />
  <attribute name="Current GC Util Change" value="153.000000"/>
  <attribute name="GC Util currently" value="153" />
  <attribute name="CPU Util currently" value="255540982188" />
<allocation-satisfied id="1261" threadId="000000000230C900" bytesRequested="40" />
<af-end id="1262" timestamp="2019-06-15T03:59:56.904" threadId="000000000230D288" success="true" from="nursery"/>
<exclusive-end id="1263" timestamp="2019-06-15T03:59:56.904" durationms="1.929" />

<exclusive-start id="1264" timestamp="2019-06-15T03:59:56.922" intervalms="20.119">
  <response-info timems="0.051" idlems="0.051" threads="0" lastid="0000000002310500" lastname="Thread-9" />
</exclusive-start>
<af-start id="1265" threadId="0000000002310E88" totalBytesRequested="40" timestamp="2019-06-15T03:59:56.922" intervalms="20.138" type="nursery" />
<cycle-start id="1266" type="scavenge" contextid="0" timestamp="2019-06-15T03:59:56.922" intervalms="20.174" />
<gc-start id="1267" type="scavenge" contextid="1266" timestamp="2019-06-15T03:59:56.922">
  <mem-info id="1268" free="857952" total="33161216" percent="2">
    <mem type="nursery" free="0" total="28049408" percent="0">
      <mem type="allocate" free="0" total="25231360" percent="0" />
      <mem type="survivor" free="0" total="2818048" percent="0" />
    </mem>
    <mem type="tenure" free="857952" total="5111808" percent="16">
      <mem type="soa" free="609120" total="4856832" percent="12" />
      <mem type="loa" free="248832" total="254976" percent="97" />
    </mem>
    <remembered-set count="7407" />
  </mem-info>
</gc-start>
<allocation-stats totalBytes="24842192" >
  <allocated-bytes non-tlh="40" tlh="24842152" />
  <largest-consumer threadName="Thread-10" threadId="000000000230C900" bytes="10342240" />
</allocation-stats>
<gc-op id="1269" type="scavenge" timems="1.304" contextid="1266" timestamp="2019-06-15T03:59:56.924">
  <scavenger-info tenureage="3" tenuremask="4008" tiltratio="89" />
  <memory-copied type="nursery" objects="12423" bytes="436976" bytesdiscarded="183568" />
  <memory-copied type="tenure" objects="1590" bytes="38160" bytesdiscarded="0" />
</gc-op>
<gc-end id="1270" type="scavenge" contextid="1266" durationms="1.652" usertimems="4.000" systemtimems="0.000" timestamp="2019-06-15T03:59:56.924" activeThreads="4">
  <mem-info id="1271" free="25328992" total="33161216" percent="76">
    <mem type="nursery" free="24610816" total="28049408" percent="87">
      <mem type="allocate" free="24610816" total="25231360" percent="97" />
      <mem type="survivor" free="0" total="2818048" percent="0" />
    </mem>
    <mem type="tenure" free="718176" total="5111808" percent="14">
      <mem type="soa" free="469344" total="4856832" percent="9" />
      <mem type="loa" free="248832" total="254976" percent="97" />
    </mem>
    <remembered-set count="5817" />
  </mem-info>
</gc-end>
<cycle-end id="1272" type="scavenge" contextid="1266" timestamp="2019-06-15T03:59:56.924" />
  <attribute name="elasticGC enabled" value="1" />
  <attribute name= "numThreadsSpecified" value="4" />
  <attribute name="heapSize specified" value="33423360" />
  <attribute name="Current GC Util" value="12" />
  <attribute name= "Current Time Running" value="2067" />
  <attribute name ="GC Interval" value="200" />
  <attribute name="ProportionalT" value="-4.000000" />
  <attribute name="ProportionalI" value="-4.000000" />
  <attribute name="ProportionalH" value="-4.000000" />
  <attribute name="Current Error" value="-8.000000" />
  <attribute name="IntegralT" value="-168.000000" />
  <attribute name="IntegralI" value="-168.000000" />
  <attribute name="IntegralH" value="-168.000000" />
  <attribute name="DerivativeT" value="-10.071429" />
  <attribute name="DerivativeI" value="-10.071429" />
  <attribute name="DerivativeH" value="-10.071429" />
  <attribute name="Loop Time for DT" value="21.000000" />
  <attribute name="Output H" value="2092630016"/>
  <attribute name="Output I" value="200"/>
  <attribute name="Output T" value="4"/>
  <attribute name="Target GC Util Change" value ="20.000000" />
  <attribute name="Current GC Util Change" value="12.000000"/>
  <attribute name="GC Util currently" value="12" />
  <attribute name="CPU Util currently" value="227185670957" />
<allocation-satisfied id="1273" threadId="0000000002310500" bytesRequested="40" />
<af-end id="1274" timestamp="2019-06-15T03:59:56.924" threadId="0000000002310E88" success="true" from="nursery"/>
<exclusive-end id="1275" timestamp="2019-06-15T03:59:56.924" durationms="2.320" />

<exclusive-start id="1276" timestamp="2019-06-15T03:59:56.942" intervalms="20.521">
  <response-info timems="0.028" idlems="0.028" threads="0" lastid="0000000002310500" lastname="Thread-9" />
</exclusive-start>
<af-start id="1277" threadId="0000000002310E88" totalBytesRequested="40" timestamp="2019-06-15T03:59:56.943" intervalms="20.469" type="nursery" />
<cycle-start id="1278" type="scavenge" contextid="0" timestamp="2019-06-15T03:59:56.943" intervalms="20.423" />
<gc-start id="1279" type="scavenge" contextid="1278" timestamp="2019-06-15T03:59:56.943">
  <mem-info id="1280" free="718176" total="33161216" percent="2">
    <mem type="nursery" free="0" total="28049408" percent="0">
      <mem type="allocate" free="0" total="25231360" percent="0" />
      <mem type="survivor" free="0" total="2818048" percent="0" />
    </mem>
    <mem type="tenure" free="718176" total="5111808" percent="14">
      <mem type="soa" free="469344" total="4856832" percent="9" />
      <mem type="loa" free="248832" total="254976" percent="97" />
    </mem>
    <remembered-set count="6480" />
  </mem-info>
</gc-start>
<allocation-stats totalBytes="24610104" >
  <allocated-bytes non-tlh="40" tlh="24610064" />
  <largest-consumer threadName="Thread-10" threadId="000000000230C900" bytes="10059544" />
</allocation-stats>
<gc-op id="1281" type="scavenge" timems="0.830" contextid="1278" timestamp="2019-06-15T03:59:56.944">
  <scavenger-info tenureage="3" tenuremask="4008" tiltratio="89" />
  <memory-copied type="nursery" objects="12516" bytes="439240" bytesdiscarded="181304" />
  <memory-copied type="tenure" objects="1950" bytes="46800" bytesdiscarded="0" />
</gc-op>
<gc-end id="1282" type="scavenge" contextid="1278" durationms="0.994" usertimems="0.000" systemtimems="4.000" timestamp="2019-06-15T03:59:56.944" activeThreads="4">
  <mem-info id="1283" free="25197664" total="33161216" percent="75">
    <mem type="nursery" free="24610816" total="28049408" percent="87">
      <mem type="allocate" free="24610816" total="25231360" percent="97" />
      <mem type="survivor" free="0" total="2818048" percent="0" />
    </mem>
    <mem type="tenure" free="586848" total="5111808" percent="11">
      <mem type="soa" free="338016" total="4856832" percent="6" />
      <mem type="loa" free="248832" total="254976" percent="97" />
    </mem>
    <remembered-set count="4529" />
  </mem-info>
</gc-end>
<cycle-end id="1284" type="scavenge" contextid="1278" timestamp="2019-06-15T03:59:56.944" />
  <attribute name="elasticGC enabled" value="1" />
  <attribute name= "numThreadsSpecified" value="4" />
  <attribute name="heapSize specified" value="33423360" />
  <attribute name="Current GC Util" value="16" />
  <attribute name= "Current Time Running" value="2087" />
  <attribute name ="GC Interval" value="200" />
  <attribute name="ProportionalT" value="-2.000000" />
  <attribute name="ProportionalI" value="-2.000000" />
  <attribute name="ProportionalH" value="-2.000000" />
  <attribute name="Current Error" value="-4.000000" />
  <attribute name="IntegralT" value="-80.000000" />
  <attribute name="IntegralI" value="-80.000000" />
  <attribute name="IntegralH" value="-80.000000" />
  <attribute name="DerivativeT" value="-0.300000" />
  <attribute name="DerivativeI" value="-0.300000" />
  <attribute name="DerivativeH" value="-0.300000" />
  <attribute name="Loop Time for DT" value="20.000000" />
  <attribute name="Output H" value="2092630016"/>
  <attribute name="Output I" value="200"/>
  <attribute name="Output T" value="4"/>
  <attribute name="Target GC Util Change" value ="20.000000" />
  <attribute name="Current GC Util Change" value="16.000000"/>
  <attribute name="GC Util currently" value="16" />
  <attribute name="CPU Util currently" value="227477829116" />
<allocation-satisfied id="1285" threadId="0000000002310500" bytesRequested="40" />
<af-end id="1286" timestamp="2019-06-15T03:59:56.944" threadId="0000000002310E88" success="true" from="nursery"/>
<exclusive-end id="1287" timestamp="2019-06-15T03:59:56.944" durationms="1.545" />

<exclusive-start id="1288" timestamp="2019-06-15T03:59:56.961" intervalms="18.950">
  <response-info timems="0.029" idlems="0.029" threads="0" lastid="0000000002310500" lastname="Thread-9" />
</exclusive-start>
<af-start id="1289" threadId="0000000002310E88" totalBytesRequested="40" timestamp="2019-06-15T03:59:56.961" intervalms="18.979" type="nursery" />
<cycle-start id="1290" type="scavenge" contextid="0" timestamp="2019-06-15T03:59:56.962" intervalms="18.979" />
<gc-start id="1291" type="scavenge" contextid="1290" timestamp="2019-06-15T03:59:56.962">
  <mem-info id="1292" free="586848" total="33161216" percent="1">
    <mem type="nursery" free="0" total="28049408" percent="0">
      <mem type="allocate" free="0" total="25231360" percent="0" />
      <mem type="survivor" free="0" total="2818048" percent="0" />
    </mem>
    <mem type="tenure" free="586848" total="5111808" percent="11">
      <mem type="soa" free="338016" total="4856832" percent="6" />
      <mem type="loa" free="248832" total="254976" percent="97" />
    </mem>
    <remembered-set count="5194" />
  </mem-info>
</gc-start>
<allocation-stats totalBytes="24610112" >
  <allocated-bytes non-tlh="40" tlh="24610072" />
  <largest-consumer threadName="Thread-10" threadId="000000000230C900" bytes="9404144" />
</allocation-stats>
<gc-op id="1293" type="scavenge" timems="1.454" contextid="1290" timestamp="2019-06-15T03:59:56.963">
  <scavenger-info tenureage="3" tenuremask="4008" tiltratio="89" />
  <memory-copied type="nursery" objects="11168" bytes="407216" bytesdiscarded="112720" />
  <memory-copied type="tenure" objects="2866" bytes="68784" bytesdiscarded="0" />
</gc-op>
<gc-end id="1294" type="scavenge" contextid="1290" durationms="1.745" usertimems="4.000" systemtimems="0.000" timestamp="2019-06-15T03:59:56.963" activeThreads="4">
  <mem-info id="1295" free="25259104" total="33161216" percent="76">
    <mem type="nursery" free="24711424" total="28049408" percent="88">
      <mem type="allocate" free="24711424" total="25231360" percent="97" />
      <mem type="survivor" free="0" total="2818048" percent="0" />
    </mem>
    <mem type="tenure" free="547680" total="5111808" percent="10">
      <mem type="soa" free="298848" total="4856832" percent="6" />
      <mem type="loa" free="248832" total="254976" percent="97" />
    </mem>
    <remembered-set count="2328" />
  </mem-info>
</gc-end>
<cycle-end id="1296" type="scavenge" contextid="1290" timestamp="2019-06-15T03:59:56.964" />
  <attribute name="elasticGC enabled" value="1" />
  <attribute name= "numThreadsSpecified" value="4" />
  <attribute name="heapSize specified" value="33423360" />
  <attribute name="Current GC Util" value="11" />
  <attribute name= "Current Time Running" value="2106" />
  <attribute name ="GC Interval" value="200" />
  <attribute name="ProportionalT" value="-4.500000" />
  <attribute name="ProportionalI" value="-4.500000" />
  <attribute name="ProportionalH" value="-4.500000" />
  <attribute name="Current Error" value="-9.000000" />
  <attribute name="IntegralT" value="-171.000000" />
  <attribute name="IntegralI" value="-171.000000" />
  <attribute name="IntegralH" value="-171.000000" />
  <attribute name="DerivativeT" value="-0.710526" />
  <attribute name="DerivativeI" value="-0.710526" />
  <attribute name="DerivativeH" value="-0.710526" />
  <attribute name="Loop Time for DT" value="19.000000" />
  <attribute name="Output H" value="2092630016"/>
  <attribute name="Output I" value="200"/>
  <attribute name="Output T" value="4"/>
  <attribute name="Target GC Util Change" value ="20.000000" />
  <attribute name="Current GC Util Change" value="11.000000"/>
  <attribute name="GC Util currently" value="11" />
  <attribute name="CPU Util currently" value="241407630528" />
<allocation-satisfied id="1297" threadId="0000000002310500" bytesRequested="40" />
<af-end id="1298" timestamp="2019-06-15T03:59:56.964" threadId="0000000002310E88" success="true" from="nursery"/>
<exclusive-end id="1299" timestamp="2019-06-15T03:59:56.964" durationms="2.365" />

<exclusive-start id="1300" timestamp="2019-06-15T03:59:56.983" intervalms="21.736">
  <response-info timems="0.033" idlems="0.033" threads="0" lastid="0000000002308D00" lastname="Thread-8" />
</exclusive-start>
<af-start id="1301" threadId="0000000002309688" totalBytesRequested="40" timestamp="2019-06-15T03:59:56.983" intervalms="21.748" type="nursery" />
<cycle-start id="1302" type="scavenge" contextid="0" timestamp="2019-06-15T03:59:56.983" intervalms="21.753" />
<gc-start id="1303" type="scavenge" contextid="1302" timestamp="2019-06-15T03:59:56.983">
  <mem-info id="1304" free="547680" total="33161216" percent="1">
    <mem type="nursery" free="0" total="28049408" percent="0">
      <mem type="allocate" free="0" total="25231360" percent="0" />
      <mem type="survivor" free="0" total="2818048" percent="0" />
    </mem>
    <mem type="tenure" free="547680" total="5111808" percent="10">
      <mem type="soa" free="298848" total="4856832" percent="6" />
      <mem type="loa" free="248832" total="254976" percent="97" />
    </mem>
    <remembered-set count="3391" />
  </mem-info>
</gc-start>
<allocation-stats totalBytes="24710184" >
  <allocated-bytes non-tlh="40" tlh="24710144" />
  <largest-consumer threadName="Thread-8" threadId="0000000002308D00" bytes="6651576" />
</allocation-stats>
<gc-op id="1305" type="scavenge" timems="1.364" contextid="1302" timestamp="2019-06-15T03:59:56.985">
  <scavenger-info tenureage="3" tenuremask="4008" tiltratio="89" />
  <memory-copied type="nursery" objects="5067" bytes="123280" bytesdiscarded="134000" />
  <memory-copied type="tenure" objects="7334" bytes="313392" bytesdiscarded="72" />
</gc-op>
<gc-end id="1306" type="scavenge" contextid="1302" durationms="1.925" usertimems="4.000" systemtimems="0.000" timestamp="2019-06-15T03:59:56.985" activeThreads="4">
  <mem-info id="1307" free="25253872" total="33161216" percent="76">
    <mem type="nursery" free="24974080" total="28049408" percent="89">
      <mem type="allocate" free="24974080" total="25231360" percent="98" />
      <mem type="survivor" free="0" total="2818048" percent="0" />
    </mem>
    <mem type="tenure" free="279792" total="5111808" percent="5">
      <mem type="soa" free="30960" total="4856832" percent="0" />
      <mem type="loa" free="248832" total="254976" percent="97" />
    </mem>
    <remembered-set count="4870" />
  </mem-info>
</gc-end>
<cycle-end id="1308" type="scavenge" contextid="1302" timestamp="2019-06-15T03:59:56.986" />
  <attribute name="elasticGC enabled" value="1" />
  <attribute name= "numThreadsSpecified" value="4" />
  <attribute name="heapSize specified" value="33423360" />
  <attribute name="Current GC Util" value="16" />
  <attribute name= "Current Time Running" value="2128" />
  <attribute name ="GC Interval" value="200" />
  <attribute name="ProportionalT" value="-2.000000" />
  <attribute name="ProportionalI" value="-2.000000" />
  <attribute name="ProportionalH" value="-2.000000" />
  <attribute name="Current Error" value="-4.000000" />
  <attribute name="IntegralT" value="-88.000000" />
  <attribute name="IntegralI" value="-88.000000" />
  <attribute name="IntegralH" value="-88.000000" />
  <attribute name="DerivativeT" value="-0.272727" />
  <attribute name="DerivativeI" value="-0.272727" />
  <attribute name="DerivativeH" value="-0.272727" />
  <attribute name="Loop Time for DT" value="22.000000" />
  <attribute name="Output H" value="2092630016"/>
  <attribute name="Output I" value="200"/>
  <attribute name="Output T" value="4"/>
  <attribute name="Target GC Util Change" value ="20.000000" />
  <attribute name="Current GC Util Change" value="16.000000"/>
  <attribute name="GC Util currently" value="16" />
  <attribute name="CPU Util currently" value="210653229291" />
<allocation-satisfied id="1309" threadId="0000000002308D00" bytesRequested="40" />
<af-end id="1310" timestamp="2019-06-15T03:59:56.986" threadId="0000000002309688" success="true" from="nursery"/>
<exclusive-end id="1311" timestamp="2019-06-15T03:59:56.986" durationms="2.739" />

<concurrent-kickoff id="1312" timestamp="2019-06-15T03:59:56.998">
  <kickoff reason="threshold reached" targetBytes="1832846" thresholdFreeBytes="260660"  remainingFree="201432" tenureFreeBytes="279792" nurseryFreeBytes="201432" />
</concurrent-kickoff>
<exclusive-start id="1313" timestamp="2019-06-15T03:59:56.998" intervalms="15.322">
  <response-info timems="0.086" idlems="0.052" threads="1" lastid="0000000002310500" lastname="Thread-9" />
</exclusive-start>
<cycle-start id="1314" type="global" contextid="0" timestamp="2019-06-15T03:59:56.998" intervalms="165.139" />
<exclusive-end id="1315" timestamp="2019-06-15T03:59:56.999" durationms="0.190" />

<exclusive-start id="1316" timestamp="2019-06-15T03:59:56.999" intervalms="0.572">
  <response-info timems="0.030" idlems="0.030" threads="0" lastid="0000000002314100" lastname="Thread-7" />
</exclusive-start>
<af-start id="1317" threadId="0000000002314A88" totalBytesRequested="40" timestamp="2019-06-15T03:59:56.999" intervalms="15.846" type="nursery" />
<cycle-start id="1318" type="scavenge" contextid="0" timestamp="2019-06-15T03:59:56.999" intervalms="15.882" />
<gc-start id="1319" type="scavenge" contextid="1318" timestamp="2019-06-15T03:59:56.999">
  <mem-info id="1320" free="279792" total="33161216" percent="0">
    <mem type="nursery" free="0" total="28049408" percent="0">
      <mem type="allocate" free="0" total="25231360" percent="0" />
      <mem type="survivor" free="0" total="2818048" percent="0" />
    </mem>
    <mem type="tenure" free="279792" total="5111808" percent="5">
      <mem type="soa" free="30960" total="4856832" percent="0" />
      <mem type="loa" free="248832" total="254976" percent="97" />
    </mem>
    <remembered-set count="6210" />
  </mem-info>
</gc-start>
<allocation-stats totalBytes="24973144" >
  <allocated-bytes non-tlh="40" tlh="24973104" />
  <largest-consumer threadName="Thread-10" threadId="000000000230C900" bytes="7044928" />
</allocation-stats>
<gc-op id="1321" type="scavenge" timems="0.360" contextid="1318" timestamp="2019-06-15T03:59:57.000">
  <scavenger-info tenureage="3" tenuremask="4008" tiltratio="89" />
  <memory-copied type="nursery" objects="4398" bytes="107176" bytesdiscarded="88664" />
  <memory-copied type="tenure" objects="2020" bytes="48480" bytesdiscarded="0" />
</gc-op>
<gc-end id="1322" type="scavenge" contextid="1318" durationms="0.624" usertimems="0.000" systemtimems="0.000" timestamp="2019-06-15T03:59:57.000" activeThreads="4">
  <mem-info id="1323" free="25284352" total="33161216" percent="76">
    <mem type="nursery" free="25035520" total="28049408" percent="89">
      <mem type="allocate" free="25035520" total="25231360" percent="99" />
      <mem type="survivor" free="0" total="2818048" percent="0" />
    </mem>
    <mem type="tenure" free="248832" total="5111808" percent="4">
      <mem type="soa" free="0" total="4856832" percent="0" />
      <mem type="loa" free="248832" total="254976" percent="97" />
    </mem>
    <remembered-set count="4190" />
  </mem-info>
</gc-end>
<cycle-end id="1324" type="scavenge" contextid="1318" timestamp="2019-06-15T03:59:57.000" />
  <attribute name="elasticGC enabled" value="1" />
  <attribute name= "numThreadsSpecified" value="4" />
  <attribute name="heapSize specified" value="33423360" />
  <attribute name="Current GC Util" value="23" />
  <attribute name= "Current Time Running" value="2144" />
  <attribute name ="GC Interval" value="200" />
  <attribute name="ProportionalT" value="1.500000" />
  <attribute name="ProportionalI" value="1.500000" />
  <attribute name="ProportionalH" value="1.500000" />
  <attribute name="Current Error" value="3.000000" />
  <attribute name="IntegralT" value="48.000000" />
  <attribute name="IntegralI" value="48.000000" />
  <attribute name="IntegralH" value="48.000000" />
  <attribute name="DerivativeT" value="0.281250" />
  <attribute name="DerivativeI" value="0.281250" />
  <attribute name="DerivativeH" value="0.281250" />
  <attribute name="Loop Time for DT" value="16.000000" />
  <attribute name="Output H" value="8388608"/>
  <attribute name="Output I" value="200"/>
  <attribute name="Output T" value="4"/>
  <attribute name="Target GC Util Change" value ="20.000000" />
  <attribute name="Current GC Util Change" value="23.000000"/>
  <attribute name="GC Util currently" value="23" />
  <attribute name="CPU Util currently" value="292873556265" />
<allocation-satisfied id="1325" threadId="0000000002314100" bytesRequested="40" />
<af-end id="1326" timestamp="2019-06-15T03:59:57.000" threadId="0000000002314A88" success="true" from="nursery"/>
<exclusive-end id="1327" timestamp="2019-06-15T03:59:57.000" durationms="1.194" />

<exclusive-start id="1328" timestamp="2019-06-15T03:59:57.016" intervalms="16.882">
  <response-info timems="0.033" idlems="0.033" threads="0" lastid="0000000002308D00" lastname="Thread-8" />
</exclusive-start>
<af-start id="1329" threadId="0000000002309688" totalBytesRequested="40" timestamp="2019-06-15T03:59:57.016" intervalms="16.891" type="nursery" />
<cycle-start id="1330" type="scavenge" contextid="0" timestamp="2019-06-15T03:59:57.016" intervalms="16.851" />
<gc-start id="1331" type="scavenge" contextid="1330" timestamp="2019-06-15T03:59:57.016">
  <mem-info id="1332" free="248832" total="33161216" percent="0">
    <mem type="nursery" free="0" total="28049408" percent="0">
      <mem type="allocate" free="0" total="25231360" percent="0" />
      <mem type="survivor" free="0" total="2818048" percent="0" />
    </mem>
    <mem type="tenure" free="248832" total="5111808" percent="4">
      <mem type="soa" free="0" total="4856832" percent="0" />
      <mem type="loa" free="248832" total="254976" percent="97" />
    </mem>
    <remembered-set count="5429" />
  </mem-info>
</gc-start>
<allocation-stats totalBytes="25034280" >
  <allocated-bytes non-tlh="40" tlh="25034240" />
  <largest-consumer threadName="Thread-10" threadId="000000000230C900" bytes="6913752" />
</allocation-stats>
<gc-op id="1333" type="scavenge" timems="1.292" contextid="1330" timestamp="2019-06-15T03:59:57.018">
  <scavenger-info tenureage="3" tenuremask="4008" tiltratio="89" />
  <memory-copied type="nursery" objects="4163" bytes="101520" bytesdiscarded="208752" />
  <memory-copied type="tenure" objects="1464" bytes="35136" bytesdiscarded="0" />
  <heap-resize type="expand" space="tenure" amount="65536" count="1" timems="0.016" reason="continue current collection" />
</gc-op>
<heap-resize id="1334" type="expand" space="nursery" amount="1179648" count="1" timems="0.016" reason="excessive time being spent scavenging" timestamp="2019-06-15T03:59:57.018" />
<gc-end id="1335" type="scavenge" contextid="1330" durationms="2.071" usertimems="4.000" systemtimems="0.000" timestamp="2019-06-15T03:59:57.018" activeThreads="4">
  <mem-info id="1336" free="26244864" total="34406400" percent="76">
    <mem type="nursery" free="25969664" total="29229056" percent="88">
      <mem type="allocate" free="25969664" total="26279936" percent="98" />
      <mem type="survivor" free="0" total="2949120" percent="0" />
    </mem>
    <mem type="tenure" free="275200" total="5177344" percent="5">
      <mem type="soa" free="23296" total="4919296" percent="0" />
      <mem type="loa" free="251904" total="258048" percent="97" />
    </mem>
    <remembered-set count="3965" />
  </mem-info>
</gc-end>
<cycle-end id="1337" type="scavenge" contextid="1330" timestamp="2019-06-15T03:59:57.018" />
  <attribute name="elasticGC enabled" value="1" />
  <attribute name= "numThreadsSpecified" value="4" />
  <attribute name="heapSize specified" value="33423360" />
  <attribute name="Current GC Util" value="6" />
  <attribute name= "Current Time Running" value="2161" />
  <attribute name ="GC Interval" value="200" />
  <attribute name="ProportionalT" value="-7.000000" />
  <attribute name="ProportionalI" value="-7.000000" />
  <attribute name="ProportionalH" value="-7.000000" />
  <attribute name="Current Error" value="-14.000000" />
  <attribute name="IntegralT" value="-238.000000" />
  <attribute name="IntegralI" value="-238.000000" />
  <attribute name="IntegralH" value="-238.000000" />
  <attribute name="DerivativeT" value="-1.500000" />
  <attribute name="DerivativeI" value="-1.500000" />
  <attribute name="DerivativeH" value="-1.500000" />
  <attribute name="Loop Time for DT" value="17.000000" />
  <attribute name="Output H" value="2092630016"/>
  <attribute name="Output I" value="200"/>
  <attribute name="Output T" value="4"/>
  <attribute name="Target GC Util Change" value ="20.000000" />
  <attribute name="Current GC Util Change" value="6.000000"/>
  <attribute name="GC Util currently" value="6" />
  <attribute name="CPU Util currently" value="272172359433" />
<allocation-satisfied id="1338" threadId="0000000002308D00" bytesRequested="40" />
<af-end id="1339" timestamp="2019-06-15T03:59:57.020" threadId="0000000002309688" success="true" from="nursery"/>
<exclusive-end id="1340" timestamp="2019-06-15T03:59:57.020" durationms="3.882" />

<exclusive-start id="1341" timestamp="2019-06-15T03:59:57.021" intervalms="4.740">
  <response-info timems="0.023" idlems="0.023" threads="0" lastid="0000000002314100" lastname="Thread-7" />
</exclusive-start>
<concurrent-collection-start id="1342" timestamp="2019-06-15T03:59:57.021" intervalms="369.774" >
  <concurrent-trace-info reason="card cleaning threshold reached" tracedByMutators="2088384" tracedByHelpers="679328" cardsCleaned="670" workStackOverflowCount="0" />
</concurrent-collection-start>
<gc-start id="1343" type="global" contextid="1314" timestamp="2019-06-15T03:59:57.021">
  <mem-info id="1344" free="25843416" total="34406400" percent="75">
    <mem type="nursery" free="25568216" total="29229056" percent="87">
      <mem type="allocate" free="25568216" total="26279936" percent="97" />
      <mem type="survivor" free="0" total="2949120" percent="0" />
    </mem>
    <mem type="tenure" free="275200" total="5177344" percent="5">
      <mem type="soa" free="23296" total="4919296" percent="0" />
      <mem type="loa" free="251904" total="258048" percent="97" />
    </mem>
    <remembered-set count="3974" />
  </mem-info>
</gc-start>
<allocation-stats totalBytes="401424" >
  <allocated-bytes non-tlh="40" tlh="401384" />
  <largest-consumer threadName="Thread-8" threadId="0000000002308D00" bytes="135184" />
</allocation-stats>
<gc-op id="1345" type="rs-scan" timems="0.293" contextid="1314" timestamp="2019-06-15T03:59:57.021">
  <scan objectsFound="3896" bytesTraced="366704" workStackOverflowCount="0" />
</gc-op>
<gc-op id="1346" type="card-cleaning" timems="0.067" contextid="1314" timestamp="2019-06-15T03:59:57.022">
  <card-cleaning cardsCleaned="11" bytesTraced="12888" workStackOverflowCount="0" />
</gc-op>
<gc-op id="1347" type="mark" timems="0.460" contextid="1314" timestamp="2019-06-15T03:59:57.022">
  <trace-info objectcount="582" scancount="550" scanbytes="15312" />
  <finalization candidates="124" enqueued="0" />
  <ownableSynchronizers candidates="3" cleared="0" />
  <references type="soft" candidates="85" cleared="1" enqueued="0" dynamicThreshold="6" maxThreshold="32" />
  <references type="weak" candidates="693" cleared="0" enqueued="0" />
  <references type="phantom" candidates="37" cleared="0" enqueued="0" />
  <stringconstants candidates="4597" cleared="0"  />
</gc-op>
<gc-op id="1348" type="sweep" timems="0.210" contextid="1314" timestamp="2019-06-15T03:59:57.022" />
<mem-info id="1349" free="26927136" total="34406400" percent="78">
  <mem type="nursery" free="26167232" total="29229056" percent="89">
    <mem type="allocate" free="26167232" total="26279936" percent="99" />
    <mem type="survivor" free="0" total="2949120" percent="0" />
  </mem>
  <mem type="tenure" free="759904" total="5177344" percent="14" micro-fragmented="57642" macro-fragmented="0">
    <mem type="soa" free="501856" total="4919296" percent="10" />
    <mem type="loa" free="258048" total="258048" percent="100" />
  </mem>
  <remembered-set count="3974" />
</mem-info>
<gc-op id="1350" type="compact" timems="10.662" contextid="1314" timestamp="2019-06-15T03:59:57.033">
  <compact-info movecount="60824" movebytes="3707056" reason="compact to aid heap contraction" />
</gc-op>
<heap-resize id="1351" type="expand" space="tenure" amount="2058223616" count="1" timems="0.018" reason="satisfy allocation request" timestamp="2019-06-15T03:59:57.034" />
<gc-end id="1352" type="global" contextid="1314" durationms="13.042" usertimems="12.000" systemtimems="0.000" timestamp="2019-06-15T03:59:57.034" activeThreads="4">
  <mem-info id="1353" free="2085249712" total="2092630016" percent="99">
    <mem type="nursery" free="26179808" total="29229056" percent="89">
      <mem type="allocate" free="26179808" total="26279936" percent="99" />
      <mem type="survivor" free="0" total="2949120" percent="0" />
    </mem>
    <mem type="tenure" free="2059069904" total="2063400960" percent="99">
      <mem type="soa" free="1955899856" total="1960230912" percent="99" />
      <mem type="loa" free="103170048" total="103170048" percent="100" />
    </mem>
    <remembered-set count="3974" />
  </mem-info>
</gc-end>
<cycle-end id="1354" type="global" contextid="1314" timestamp="2019-06-15T03:59:57.034" />
  <attribute name="elasticGC enabled" value="1" />
  <attribute name= "numThreadsSpecified" value="4" />
  <attribute name="heapSize specified" value="34406400" />
  <attribute name="Current GC Util" value="17" />
  <attribute name= "Current Time Running" value="2178" />
  <attribute name ="GC Interval" value="200" />
  <attribute name="ProportionalT" value="-1.500000" />
  <attribute name="ProportionalI" value="-1.500000" />
  <attribute name="ProportionalH" value="-1.500000" />
  <attribute name="Current Error" value="-3.000000" />
  <attribute name="IntegralT" value="-33.000000" />
  <attribute name="IntegralI" value="-33.000000" />
  <attribute name="IntegralH" value="-33.000000" />
  <attribute name="DerivativeT" value="-1.363636" />
  <attribute name="DerivativeI" value="-1.363636" />
  <attribute name="DerivativeH" value="-1.363636" />
  <attribute name="Loop Time for DT" value="11.000000" />
  <attribute name="Output H" value="2092630016"/>
  <attribute name="Output I" value="200"/>
  <attribute name="Output T" value="4"/>
  <attribute name="Target GC Util Change" value ="20.000000" />
  <attribute name="Current GC Util Change" value="17.000000"/>
  <attribute name="GC Util currently" value="17" />
  <attribute name="CPU Util currently" value="425958685409" />
<concurrent-collection-end id="1355" timestamp="2019-06-15T03:59:57.034" />
<exclusive-end id="1356" timestamp="2019-06-15T03:59:57.034" durationms="13.632" />

<exclusive-start id="1357" timestamp="2019-06-15T03:59:57.047" intervalms="26.451">
  <response-info timems="0.026" idlems="0.026" threads="0" lastid="0000000002310500" lastname="Thread-9" />
</exclusive-start>
<af-start id="1358" threadId="0000000002310E88" totalBytesRequested="40" timestamp="2019-06-15T03:59:57.047" intervalms="31.197" type="nursery" />
<cycle-start id="1359" type="scavenge" contextid="0" timestamp="2019-06-15T03:59:57.047" intervalms="31.196" />
<gc-start id="1360" type="scavenge" contextid="1359" timestamp="2019-06-15T03:59:57.047">
  <mem-info id="1361" free="2059069904" total="2092630016" percent="98">
    <mem type="nursery" free="0" total="29229056" percent="0">
      <mem type="allocate" free="0" total="26279936" percent="0" />
      <mem type="survivor" free="0" total="2949120" percent="0" />
    </mem>
    <mem type="tenure" free="2059069904" total="2063400960" percent="99">
      <mem type="soa" free="1955899856" total="1960230912" percent="99" />
      <mem type="loa" free="103170048" total="103170048" percent="100" />
    </mem>
    <remembered-set count="5067" />
  </mem-info>
</gc-start>
<allocation-stats totalBytes="26175664" >
  <allocated-bytes non-tlh="0" tlh="26175664" />
  <largest-consumer threadName="Thread-7" threadId="0000000002314100" bytes="8174192" />
</allocation-stats>
<gc-op id="1362" type="scavenge" timems="1.047" contextid="1359" timestamp="2019-06-15T03:59:57.048">
  <scavenger-info tenureage="3" tenuremask="4008" tiltratio="89" />
  <memory-copied type="nursery" objects="10454" bytes="389704" bytesdiscarded="138680" />
  <memory-copied type="tenure" objects="1291" bytes="30984" bytesdiscarded="0" />
  <ownableSynchronizers candidates="6" cleared="6" />
</gc-op>
<gc-end id="1363" type="scavenge" contextid="1359" durationms="1.213" usertimems="4.000" systemtimems="0.000" timestamp="2019-06-15T03:59:57.049" activeThreads="4">
  <mem-info id="1364" free="2084743120" total="2092630016" percent="99">
    <mem type="nursery" free="25751552" total="29229056" percent="88">
      <mem type="allocate" free="25751552" total="26279936" percent="97" />
      <mem type="survivor" free="0" total="2949120" percent="0" />
    </mem>
    <mem type="tenure" free="2058991568" total="2063400960" percent="99">
      <mem type="soa" free="1955821520" total="1960230912" percent="99" />
      <mem type="loa" free="103170048" total="103170048" percent="100" />
    </mem>
    <remembered-set count="3776" />
  </mem-info>
</gc-end>
<cycle-end id="1365" type="scavenge" contextid="1359" timestamp="2019-06-15T03:59:57.049" />
  <attribute name="elasticGC enabled" value="1" />
  <attribute name= "numThreadsSpecified" value="4" />
  <attribute name="heapSize specified" value="34406400" />
  <attribute name="Current GC Util" value="83" />
  <attribute name= "Current Time Running" value="2192" />
  <attribute name ="GC Interval" value="920" />
  <attribute name="ProportionalT" value="31.500000" />
  <attribute name="ProportionalI" value="31.500000" />
  <attribute name="ProportionalH" value="31.500000" />
  <attribute name="Current Error" value="63.000000" />
  <attribute name="IntegralT" value="882.000000" />
  <attribute name="IntegralI" value="882.000000" />
  <attribute name="IntegralH" value="882.000000" />
  <attribute name="DerivativeT" value="6.750000" />
  <attribute name="DerivativeI" value="6.750000" />
  <attribute name="DerivativeH" value="6.750000" />
  <attribute name="Loop Time for DT" value="14.000000" />
  <attribute name="Output H" value="8388608"/>
  <attribute name="Output I" value="920"/>
  <attribute name="Output T" value="4"/>
  <attribute name="Target GC Util Change" value ="20.000000" />
  <attribute name="Current GC Util Change" value="83.000000"/>
  <attribute name="GC Util currently" value="83" />
  <attribute name="CPU Util currently" value="330008763001" />
<allocation-satisfied id="1366" threadId="0000000002310500" bytesRequested="40" />
<af-end id="1367" timestamp="2019-06-15T03:59:57.049" threadId="0000000002310E88" success="true" from="nursery"/>
<exclusive-end id="1368" timestamp="2019-06-15T03:59:57.049" durationms="1.769" />

<exclusive-start id="1369" timestamp="2019-06-15T03:59:57.061" intervalms="14.134">
  <response-info timems="0.025" idlems="0.025" threads="0" lastid="0000000002314100" lastname="Thread-7" />
</exclusive-start>
<af-start id="1370" threadId="0000000002314A88" totalBytesRequested="40" timestamp="2019-06-15T03:59:57.061" intervalms="14.125" type="nursery" />
<cycle-start id="1371" type="scavenge" contextid="0" timestamp="2019-06-15T03:59:57.061" intervalms="14.131" />
<gc-start id="1372" type="scavenge" contextid="1371" timestamp="2019-06-15T03:59:57.061">
  <mem-info id="1373" free="2058991568" total="2092630016" percent="98">
    <mem type="nursery" free="0" total="29229056" percent="0">
      <mem type="allocate" free="0" total="26279936" percent="0" />
      <mem type="survivor" free="0" total="2949120" percent="0" />
    </mem>
    <mem type="tenure" free="2058991568" total="2063400960" percent="99">
      <mem type="soa" free="1955821520" total="1960230912" percent="99" />
      <mem type="loa" free="103170048" total="103170048" percent="100" />
    </mem>
    <remembered-set count="4330" />
  </mem-info>
</gc-start>
<allocation-stats totalBytes="25750344" >
  <allocated-bytes non-tlh="40" tlh="25750304" />
  <largest-consumer threadName="Thread-7" threadId="0000000002314100" bytes="7437968" />
</allocation-stats>
<gc-op id="1374" type="scavenge" timems="0.606" contextid="1371" timestamp="2019-06-15T03:59:57.062">
  <scavenger-info tenureage="3" tenuremask="4008" tiltratio="89" />
  <memory-copied type="nursery" objects="22639" bytes="956112" bytesdiscarded="208800" />
  <memory-copied type="tenure" objects="1343" bytes="32232" bytesdiscarded="0" />
</gc-op>
<gc-end id="1375" type="scavenge" contextid="1371" durationms="1.010" usertimems="4.000" systemtimems="0.000" timestamp="2019-06-15T03:59:57.062" activeThreads="4">
  <mem-info id="1376" free="2083966816" total="2092630016" percent="99">
    <mem type="nursery" free="25115024" total="29229056" percent="85">
      <mem type="allocate" free="25115024" total="26279936" percent="95" />
      <mem type="survivor" free="0" total="2949120" percent="0" />
    </mem>
    <mem type="tenure" free="2058851792" total="2063400960" percent="99">
      <mem type="soa" free="1955681744" total="1960230912" percent="99" />
      <mem type="loa" free="103170048" total="103170048" percent="100" />
    </mem>
    <remembered-set count="2986" />
  </mem-info>
</gc-end>
<cycle-end id="1377" type="scavenge" contextid="1371" timestamp="2019-06-15T03:59:57.063" />
  <attribute name="elasticGC enabled" value="1" />
  <attribute name= "numThreadsSpecified" value="4" />
  <attribute name="heapSize specified" value="34406400" />
  <attribute name="Current GC Util" value="18" />
  <attribute name= "Current Time Running" value="2206" />
  <attribute name ="GC Interval" value="200" />
  <attribute name="ProportionalT" value="-1.000000" />
  <attribute name="ProportionalI" value="-1.000000" />
  <attribute name="ProportionalH" value="-1.000000" />
  <attribute name="Current Error" value="-2.000000" />
  <attribute name="IntegralT" value="-28.000000" />
  <attribute name="IntegralI" value="-28.000000" />
  <attribute name="IntegralH" value="-28.000000" />
  <attribute name="DerivativeT" value="-6.964286" />
  <attribute name="DerivativeI" value="-6.964286" />
  <attribute name="DerivativeH" value="-6.964286" />
  <attribute name="Loop Time for DT" value="14.000000" />
  <attribute name="Output H" value="2092630016"/>
  <attribute name="Output I" value="200"/>
  <attribute name="Output T" value="4"/>
  <attribute name="Target GC Util Change" value ="20.000000" />
  <attribute name="Current GC Util Change" value="18.000000"/>
  <attribute name="GC Util currently" value="18" />
  <attribute name="CPU Util currently" value="322289327473" />
<allocation-satisfied id="1378" threadId="0000000002314100" bytesRequested="40" />
<af-end id="1379" timestamp="2019-06-15T03:59:57.063" threadId="0000000002314A88" success="true" from="nursery"/>
<exclusive-end id="1380" timestamp="2019-06-15T03:59:57.063" durationms="1.823" />

<exclusive-start id="1381" timestamp="2019-06-15T03:59:57.079" intervalms="17.362">
  <response-info timems="0.036" idlems="0.036" threads="0" lastid="0000000002308D00" lastname="Thread-8" />
</exclusive-start>
<af-start id="1382" threadId="0000000002309688" totalBytesRequested="24" timestamp="2019-06-15T03:59:57.079" intervalms="17.394" type="nursery" />
<cycle-start id="1383" type="scavenge" contextid="0" timestamp="2019-06-15T03:59:57.079" intervalms="17.395" />
<gc-start id="1384" type="scavenge" contextid="1383" timestamp="2019-06-15T03:59:57.079">
  <mem-info id="1385" free="2058851792" total="2092630016" percent="98">
    <mem type="nursery" free="0" total="29229056" percent="0">
      <mem type="allocate" free="0" total="26279936" percent="0" />
      <mem type="survivor" free="0" total="2949120" percent="0" />
    </mem>
    <mem type="tenure" free="2058851792" total="2063400960" percent="99">
      <mem type="soa" free="1955681744" total="1960230912" percent="99" />
      <mem type="loa" free="103170048" total="103170048" percent="100" />
    </mem>
    <remembered-set count="3125" />
  </mem-info>
</gc-start>
<allocation-stats totalBytes="25112512" >
  <allocated-bytes non-tlh="40" tlh="25112472" />
  <largest-consumer threadName="Thread-7" threadId="0000000002314100" bytes="8617200" />
</allocation-stats>
<gc-op id="1386" type="scavenge" timems="1.852" contextid="1383" timestamp="2019-06-15T03:59:57.081">
  <scavenger-info tenureage="3" tenuremask="4008" tiltratio="89" />
  <memory-copied type="nursery" objects="23997" bytes="988936" bytesdiscarded="153704" />
  <memory-copied type="tenure" objects="1241" bytes="29784" bytesdiscarded="0" />
</gc-op>
<gc-end id="1387" type="scavenge" contextid="1383" durationms="2.259" usertimems="4.000" systemtimems="0.000" timestamp="2019-06-15T03:59:57.081" activeThreads="4">
  <mem-info id="1388" free="2083949920" total="2092630016" percent="99">
    <mem type="nursery" free="25137296" total="29229056" percent="86">
      <mem type="allocate" free="25137296" total="26279936" percent="95" />
      <mem type="survivor" free="0" total="2949120" percent="0" />
    </mem>
    <mem type="tenure" free="2058812624" total="2063400960" percent="99">
      <mem type="soa" free="1955642576" total="1960230912" percent="99" />
      <mem type="loa" free="103170048" total="103170048" percent="100" />
    </mem>
    <remembered-set count="1882" />
  </mem-info>
</gc-end>
<cycle-end id="1389" type="scavenge" contextid="1383" timestamp="2019-06-15T03:59:57.081" />
  <attribute name="elasticGC enabled" value="1" />
  <attribute name= "numThreadsSpecified" value="4" />
  <attribute name="heapSize specified" value="34406400" />
  <attribute name="Current GC Util" value="12" />
  <attribute name= "Current Time Running" value="2223" />
  <attribute name ="GC Interval" value="200" />
  <attribute name="ProportionalT" value="-4.000000" />
  <attribute name="ProportionalI" value="-4.000000" />
  <attribute name="ProportionalH" value="-4.000000" />
  <attribute name="Current Error" value="-8.000000" />
  <attribute name="IntegralT" value="-136.000000" />
  <attribute name="IntegralI" value="-136.000000" />
  <attribute name="IntegralH" value="-136.000000" />
  <attribute name="DerivativeT" value="-0.705882" />
  <attribute name="DerivativeI" value="-0.705882" />
  <attribute name="DerivativeH" value="-0.705882" />
  <attribute name="Loop Time for DT" value="17.000000" />
  <attribute name="Output H" value="2092630016"/>
  <attribute name="Output I" value="200"/>
  <attribute name="Output T" value="4"/>
  <attribute name="Target GC Util Change" value ="20.000000" />
  <attribute name="Current GC Util Change" value="12.000000"/>
  <attribute name="GC Util currently" value="12" />
  <attribute name="CPU Util currently" value="267269389455" />
<allocation-satisfied id="1390" threadId="0000000002308D00" bytesRequested="24" />
<af-end id="1391" timestamp="2019-06-15T03:59:57.081" threadId="0000000002309688" success="true" from="nursery"/>
<exclusive-end id="1392" timestamp="2019-06-15T03:59:57.082" durationms="3.004" />

<exclusive-start id="1393" timestamp="2019-06-15T03:59:57.098" intervalms="19.638">
  <response-info timems="1.863" idlems="0.955" threads="1" lastid="000000000230C900" lastname="Thread-10" />
</exclusive-start>
<af-start id="1394" threadId="0000000002314A88" totalBytesRequested="40" timestamp="2019-06-15T03:59:57.098" intervalms="19.633" type="nursery" />
<cycle-start id="1395" type="scavenge" contextid="0" timestamp="2019-06-15T03:59:57.098" intervalms="19.685" />
<gc-start id="1396" type="scavenge" contextid="1395" timestamp="2019-06-15T03:59:57.099">
  <mem-info id="1397" free="2058812624" total="2092630016" percent="98">
    <mem type="nursery" free="0" total="29229056" percent="0">
      <mem type="allocate" free="0" total="26279936" percent="0" />
      <mem type="survivor" free="0" total="2949120" percent="0" />
    </mem>
    <mem type="tenure" free="2058812624" total="2063400960" percent="99">
      <mem type="soa" free="1955642576" total="1960230912" percent="99" />
      <mem type="loa" free="103170048" total="103170048" percent="100" />
    </mem>
    <remembered-set count="2064" />
  </mem-info>
</gc-start>
<allocation-stats totalBytes="25134896" >
  <allocated-bytes non-tlh="24" tlh="25134872" />
  <largest-consumer threadName="Thread-7" threadId="0000000002314100" bytes="8092888" />
</allocation-stats>
<gc-op id="1398" type="scavenge" timems="0.998" contextid="1395" timestamp="2019-06-15T03:59:57.100">
  <scavenger-info tenureage="2" tenuremask="ffec" tiltratio="89" />
  <memory-copied type="nursery" objects="5142" bytes="124608" bytesdiscarded="185664" />
  <memory-copied type="tenure" objects="21320" bytes="923808" bytesdiscarded="48" />
</gc-op>
<gc-end id="1399" type="scavenge" contextid="1395" durationms="1.426" usertimems="4.000" systemtimems="0.000" timestamp="2019-06-15T03:59:57.100" activeThreads="4">
  <mem-info id="1400" free="2083827040" total="2092630016" percent="99">
    <mem type="nursery" free="25969664" total="29229056" percent="88">
      <mem type="allocate" free="25969664" total="26279936" percent="98" />
      <mem type="survivor" free="0" total="2949120" percent="0" />
    </mem>
    <mem type="tenure" free="2057857376" total="2063400960" percent="99">
      <mem type="soa" free="1954687328" total="1960230912" percent="99" />
      <mem type="loa" free="103170048" total="103170048" percent="100" />
    </mem>
    <remembered-set count="5027" />
  </mem-info>
</gc-end>
<cycle-end id="1401" type="scavenge" contextid="1395" timestamp="2019-06-15T03:59:57.100" />
  <attribute name="elasticGC enabled" value="1" />
  <attribute name= "numThreadsSpecified" value="4" />
  <attribute name="heapSize specified" value="34406400" />
  <attribute name="Current GC Util" value="22" />
  <attribute name= "Current Time Running" value="2243" />
  <attribute name ="GC Interval" value="200" />
  <attribute name="ProportionalT" value="1.000000" />
  <attribute name="ProportionalI" value="1.000000" />
  <attribute name="ProportionalH" value="1.000000" />
  <attribute name="Current Error" value="2.000000" />
  <attribute name="IntegralT" value="40.000000" />
  <attribute name="IntegralI" value="40.000000" />
  <attribute name="IntegralH" value="40.000000" />
  <attribute name="DerivativeT" value="0.150000" />
  <attribute name="DerivativeI" value="0.150000" />
  <attribute name="DerivativeH" value="0.150000" />
  <attribute name="Loop Time for DT" value="20.000000" />
  <attribute name="Output H" value="8388608"/>
  <attribute name="Output I" value="200"/>
  <attribute name="Output T" value="4"/>
  <attribute name="Target GC Util Change" value ="20.000000" />
  <attribute name="Current GC Util Change" value="22.000000"/>
  <attribute name="GC Util currently" value="22" />
  <attribute name="CPU Util currently" value="231658233233" />
<allocation-satisfied id="1402" threadId="0000000002314100" bytesRequested="40" />
<af-end id="1403" timestamp="2019-06-15T03:59:57.100" threadId="0000000002314A88" success="true" from="nursery"/>
<exclusive-end id="1404" timestamp="2019-06-15T03:59:57.100" durationms="2.183" />

<exclusive-start id="1405" timestamp="2019-06-15T03:59:57.116" intervalms="17.910">
  <response-info timems="1.482" idlems="0.752" threads="1" lastid="000000000230C900" lastname="Thread-10" />
</exclusive-start>
<af-start id="1406" threadId="0000000002314A88" totalBytesRequested="40" timestamp="2019-06-15T03:59:57.116" intervalms="17.927" type="nursery" />
<cycle-start id="1407" type="scavenge" contextid="0" timestamp="2019-06-15T03:59:57.116" intervalms="17.910" />
<gc-start id="1408" type="scavenge" contextid="1407" timestamp="2019-06-15T03:59:57.116">
  <mem-info id="1409" free="2057857376" total="2092630016" percent="98">
    <mem type="nursery" free="0" total="29229056" percent="0">
      <mem type="allocate" free="0" total="26279936" percent="0" />
      <mem type="survivor" free="0" total="2949120" percent="0" />
    </mem>
    <mem type="tenure" free="2057857376" total="2063400960" percent="99">
      <mem type="soa" free="1954687328" total="1960230912" percent="99" />
      <mem type="loa" free="103170048" total="103170048" percent="100" />
    </mem>
    <remembered-set count="7378" />
  </mem-info>
</gc-start>
<allocation-stats totalBytes="25968512" >
  <allocated-bytes non-tlh="40" tlh="25968472" />
  <largest-consumer threadName="Thread-7" threadId="0000000002314100" bytes="8355624" />
</allocation-stats>
<gc-op id="1410" type="scavenge" timems="1.208" contextid="1407" timestamp="2019-06-15T03:59:57.118">
  <scavenger-info tenureage="2" tenuremask="ffec" tiltratio="89" />
  <memory-copied type="nursery" objects="10811" bytes="397880" bytesdiscarded="43720" />
  <memory-copied type="tenure" objects="2531" bytes="60744" bytesdiscarded="0" />
</gc-op>
<gc-end id="1411" type="scavenge" contextid="1407" durationms="1.469" usertimems="0.000" systemtimems="0.000" timestamp="2019-06-15T03:59:57.118" activeThreads="1">
  <mem-info id="1412" free="2083625824" total="2092630016" percent="99">
    <mem type="nursery" free="25838336" total="29229056" percent="88">
      <mem type="allocate" free="25838336" total="26279936" percent="98" />
      <mem type="survivor" free="0" total="2949120" percent="0" />
    </mem>
    <mem type="tenure" free="2057787488" total="2063400960" percent="99">
      <mem type="soa" free="1954617440" total="1960230912" percent="99" />
      <mem type="loa" free="103170048" total="103170048" percent="100" />
    </mem>
    <remembered-set count="4847" />
  </mem-info>
</gc-end>
<cycle-end id="1413" type="scavenge" contextid="1407" timestamp="2019-06-15T03:59:57.118" />
  <attribute name="elasticGC enabled" value="1" />
  <attribute name= "numThreadsSpecified" value="1" />
  <attribute name="heapSize specified" value="34406400" />
  <attribute name="Current GC Util" value="20" />
  <attribute name= "Current Time Running" value="2261" />
  <attribute name ="GC Interval" value="200" />
  <attribute name="ProportionalT" value="0.000000" />
  <attribute name="ProportionalI" value="0.000000" />
  <attribute name="ProportionalH" value="0.000000" />
  <attribute name="Current Error" value="0.000000" />
  <attribute name="IntegralT" value="0.000000" />
  <attribute name="IntegralI" value="0.000000" />
  <attribute name="IntegralH" value="0.000000" />
  <attribute name="DerivativeT" value="-0.166667" />
  <attribute name="DerivativeI" value="-0.166667" />
  <attribute name="DerivativeH" value="-0.166667" />
  <attribute name="Loop Time for DT" value="18.000000" />
  <attribute name="Output H" value="8388608"/>
  <attribute name="Output I" value="200"/>
  <attribute name="Output T" value="1"/>
  <attribute name="Target GC Util Change" value ="20.000000" />
  <attribute name="Current GC Util Change" value="20.000000"/>
  <attribute name="GC Util currently" value="20" />
  <attribute name="CPU Util currently" value="259795908204" />
<allocation-satisfied id="1414" threadId="0000000002314100" bytesRequested="40" />
<af-end id="1415" timestamp="2019-06-15T03:59:57.118" threadId="0000000002314A88" success="true" from="nursery"/>
<exclusive-end id="1416" timestamp="2019-06-15T03:59:57.118" durationms="2.255" />

<exclusive-start id="1417" timestamp="2019-06-15T03:59:57.134" intervalms="18.121">
  <response-info timems="0.032" idlems="0.032" threads="0" lastid="0000000002308D00" lastname="Thread-8" />
</exclusive-start>
<af-start id="1418" threadId="0000000002309688" totalBytesRequested="40" timestamp="2019-06-15T03:59:57.134" intervalms="18.128" type="nursery" />
<cycle-start id="1419" type="scavenge" contextid="0" timestamp="2019-06-15T03:59:57.134" intervalms="18.096" />
<gc-start id="1420" type="scavenge" contextid="1419" timestamp="2019-06-15T03:59:57.135">
  <mem-info id="1421" free="2057787488" total="2092630016" percent="98">
    <mem type="nursery" free="0" total="29229056" percent="0">
      <mem type="allocate" free="0" total="26279936" percent="0" />
      <mem type="survivor" free="0" total="2949120" percent="0" />
    </mem>
    <mem type="tenure" free="2057787488" total="2063400960" percent="99">
      <mem type="soa" free="1954617440" total="1960230912" percent="99" />
      <mem type="loa" free="103170048" total="103170048" percent="100" />
    </mem>
    <remembered-set count="6694" />
  </mem-info>
</gc-start>
<allocation-stats totalBytes="25837328" >
  <allocated-bytes non-tlh="40" tlh="25837288" />
  <largest-consumer threadName="Thread-7" threadId="0000000002314100" bytes="8355520" />
</allocation-stats>
<gc-op id="1422" type="scavenge" timems="1.317" contextid="1419" timestamp="2019-06-15T03:59:57.136">
  <scavenger-info tenureage="2" tenuremask="fff4" tiltratio="89" />
  <memory-copied type="nursery" objects="17142" bytes="687480" bytesdiscarded="126720" />
  <memory-copied type="tenure" objects="2393" bytes="57432" bytesdiscarded="0" />
</gc-op>
<gc-end id="1423" type="scavenge" contextid="1419" durationms="1.828" usertimems="4.000" systemtimems="0.000" timestamp="2019-06-15T03:59:57.136" activeThreads="4">
  <mem-info id="1424" free="2083174888" total="2092630016" percent="99">
    <mem type="nursery" free="25465736" total="29229056" percent="87">
      <mem type="allocate" free="25465736" total="26279936" percent="96" />
      <mem type="survivor" free="0" total="2949120" percent="0" />
    </mem>
    <mem type="tenure" free="2057709152" total="2063400960" percent="99">
      <mem type="soa" free="1954539104" total="1960230912" percent="99" />
      <mem type="loa" free="103170048" total="103170048" percent="100" />
    </mem>
    <remembered-set count="4300" />
  </mem-info>
</gc-end>
<cycle-end id="1425" type="scavenge" contextid="1419" timestamp="2019-06-15T03:59:57.137" />
  <attribute name="elasticGC enabled" value="1" />
  <attribute name= "numThreadsSpecified" value="4" />
  <attribute name="heapSize specified" value="34406400" />
  <attribute name="Current GC Util" value="7" />
  <attribute name= "Current Time Running" value="2279" />
  <attribute name ="GC Interval" value="200" />
  <attribute name="ProportionalT" value="-6.500000" />
  <attribute name="ProportionalI" value="-6.500000" />
  <attribute name="ProportionalH" value="-6.500000" />
  <attribute name="Current Error" value="-13.000000" />
  <attribute name="IntegralT" value="-234.000000" />
  <attribute name="IntegralI" value="-234.000000" />
  <attribute name="IntegralH" value="-234.000000" />
  <attribute name="DerivativeT" value="-1.083333" />
  <attribute name="DerivativeI" value="-1.083333" />
  <attribute name="DerivativeH" value="-1.083333" />
  <attribute name="Loop Time for DT" value="18.000000" />
  <attribute name="Output H" value="2092630016"/>
  <attribute name="Output I" value="200"/>
  <attribute name="Output T" value="4"/>
  <attribute name="Target GC Util Change" value ="20.000000" />
  <attribute name="Current GC Util Change" value="7.000000"/>
  <attribute name="GC Util currently" value="7" />
  <attribute name="CPU Util currently" value="254246192670" />
<allocation-satisfied id="1426" threadId="0000000002308D00" bytesRequested="40" />
<af-end id="1427" timestamp="2019-06-15T03:59:57.137" threadId="0000000002309688" success="true" from="nursery"/>
<exclusive-end id="1428" timestamp="2019-06-15T03:59:57.137" durationms="2.586" />

<exclusive-start id="1429" timestamp="2019-06-15T03:59:57.153" intervalms="18.448">
  <response-info timems="0.047" idlems="0.047" threads="0" lastid="0000000002310500" lastname="Thread-9" />
</exclusive-start>
<af-start id="1430" threadId="0000000002310E88" totalBytesRequested="40" timestamp="2019-06-15T03:59:57.153" intervalms="18.436" type="nursery" />
<cycle-start id="1431" type="scavenge" contextid="0" timestamp="2019-06-15T03:59:57.153" intervalms="18.436" />
<gc-start id="1432" type="scavenge" contextid="1431" timestamp="2019-06-15T03:59:57.153">
  <mem-info id="1433" free="2057709152" total="2092630016" percent="98">
    <mem type="nursery" free="0" total="29229056" percent="0">
      <mem type="allocate" free="0" total="26279936" percent="0" />
      <mem type="survivor" free="0" total="2949120" percent="0" />
    </mem>
    <mem type="tenure" free="2057709152" total="2063400960" percent="99">
      <mem type="soa" free="1954539104" total="1960230912" percent="99" />
      <mem type="loa" free="103170048" total="103170048" percent="100" />
    </mem>
    <remembered-set count="5622" />
  </mem-info>
</gc-start>
<allocation-stats totalBytes="25462200" >
  <allocated-bytes non-tlh="40" tlh="25462160" />
  <largest-consumer threadName="Thread-8" threadId="0000000002308D00" bytes="7568504" />
</allocation-stats>
<gc-op id="1434" type="scavenge" timems="1.911" contextid="1431" timestamp="2019-06-15T03:59:57.155">
  <scavenger-info tenureage="2" tenuremask="fff4" tiltratio="89" />
  <memory-copied type="nursery" objects="18046" bytes="708888" bytesdiscarded="193368" />
  <memory-copied type="tenure" objects="8231" bytes="334920" bytesdiscarded="24" />
</gc-op>
<gc-end id="1435" type="scavenge" contextid="1431" durationms="2.131" usertimems="0.000" systemtimems="4.000" timestamp="2019-06-15T03:59:57.155" activeThreads="4">
  <mem-info id="1436" free="2082653680" total="2092630016" percent="99">
    <mem type="nursery" free="25377680" total="29229056" percent="86">
      <mem type="allocate" free="25377680" total="26279936" percent="96" />
      <mem type="survivor" free="0" total="2949120" percent="0" />
    </mem>
    <mem type="tenure" free="2057276000" total="2063400960" percent="99">
      <mem type="soa" free="1954105952" total="1960230912" percent="99" />
      <mem type="loa" free="103170048" total="103170048" percent="100" />
    </mem>
    <remembered-set count="3895" />
  </mem-info>
</gc-end>
<cycle-end id="1437" type="scavenge" contextid="1431" timestamp="2019-06-15T03:59:57.155" />
  <attribute name="elasticGC enabled" value="1" />
  <attribute name= "numThreadsSpecified" value="4" />
  <attribute name="heapSize specified" value="34406400" />
  <attribute name="Current GC Util" value="16" />
  <attribute name= "Current Time Running" value="2297" />
  <attribute name ="GC Interval" value="200" />
  <attribute name="ProportionalT" value="-2.000000" />
  <attribute name="ProportionalI" value="-2.000000" />
  <attribute name="ProportionalH" value="-2.000000" />
  <attribute name="Current Error" value="-4.000000" />
  <attribute name="IntegralT" value="-72.000000" />
  <attribute name="IntegralI" value="-72.000000" />
  <attribute name="IntegralH" value="-72.000000" />
  <attribute name="DerivativeT" value="-0.333333" />
  <attribute name="DerivativeI" value="-0.333333" />
  <attribute name="DerivativeH" value="-0.333333" />
  <attribute name="Loop Time for DT" value="18.000000" />
  <attribute name="Output H" value="2092630016"/>
  <attribute name="Output I" value="200"/>
  <attribute name="Output T" value="4"/>
  <attribute name="Target GC Util Change" value ="20.000000" />
  <attribute name="Current GC Util Change" value="16.000000"/>
  <attribute name="GC Util currently" value="16" />
  <attribute name="CPU Util currently" value="251358694300" />
<allocation-satisfied id="1438" threadId="0000000002310500" bytesRequested="40" />
<af-end id="1439" timestamp="2019-06-15T03:59:57.155" threadId="0000000002310E88" success="true" from="nursery"/>
<exclusive-end id="1440" timestamp="2019-06-15T03:59:57.155" durationms="2.776" />

<exclusive-start id="1441" timestamp="2019-06-15T03:59:57.172" intervalms="19.797">
  <response-info timems="0.029" idlems="0.029" threads="0" lastid="0000000002310500" lastname="Thread-9" />
</exclusive-start>
<af-start id="1442" threadId="0000000002310E88" totalBytesRequested="24" timestamp="2019-06-15T03:59:57.173" intervalms="19.763" type="nursery" />
<cycle-start id="1443" type="scavenge" contextid="0" timestamp="2019-06-15T03:59:57.173" intervalms="19.758" />
<gc-start id="1444" type="scavenge" contextid="1443" timestamp="2019-06-15T03:59:57.173">
  <mem-info id="1445" free="2057276000" total="2092630016" percent="98">
    <mem type="nursery" free="0" total="29229056" percent="0">
      <mem type="allocate" free="0" total="26279936" percent="0" />
      <mem type="survivor" free="0" total="2949120" percent="0" />
    </mem>
    <mem type="tenure" free="2057276000" total="2063400960" percent="99">
      <mem type="soa" free="1954105952" total="1960230912" percent="99" />
      <mem type="loa" free="103170048" total="103170048" percent="100" />
    </mem>
    <remembered-set count="5526" />
  </mem-info>
</gc-start>
<allocation-stats totalBytes="25376512" >
  <allocated-bytes non-tlh="40" tlh="25376472" />
  <largest-consumer threadName="Thread-8" threadId="0000000002308D00" bytes="7700168" />
</allocation-stats>
<gc-op id="1446" type="scavenge" timems="1.714" contextid="1443" timestamp="2019-06-15T03:59:57.175">
  <scavenger-info tenureage="2" tenuremask="4004" tiltratio="89" />
  <memory-copied type="nursery" objects="12042" bytes="427744" bytesdiscarded="122912" />
  <memory-copied type="tenure" objects="8649" bytes="344952" bytesdiscarded="24" />
</gc-op>
<gc-end id="1447" type="scavenge" contextid="1443" durationms="1.922" usertimems="4.000" systemtimems="0.000" timestamp="2019-06-15T03:59:57.175" activeThreads="4">
  <mem-info id="1448" free="2082664288" total="2092630016" percent="99">
    <mem type="nursery" free="25729280" total="29229056" percent="88">
      <mem type="allocate" free="25729280" total="26279936" percent="97" />
      <mem type="survivor" free="0" total="2949120" percent="0" />
    </mem>
    <mem type="tenure" free="2056935008" total="2063400960" percent="99">
      <mem type="soa" free="1953764960" total="1960230912" percent="99" />
      <mem type="loa" free="103170048" total="103170048" percent="100" />
    </mem>
    <remembered-set count="5481" />
  </mem-info>
</gc-end>
<cycle-end id="1449" type="scavenge" contextid="1443" timestamp="2019-06-15T03:59:57.175" />
  <attribute name="elasticGC enabled" value="1" />
  <attribute name= "numThreadsSpecified" value="4" />
  <attribute name="heapSize specified" value="34406400" />
  <attribute name="Current GC Util" value="22" />
  <attribute name= "Current Time Running" value="2317" />
  <attribute name ="GC Interval" value="200" />
  <attribute name="ProportionalT" value="1.000000" />
  <attribute name="ProportionalI" value="1.000000" />
  <attribute name="ProportionalH" value="1.000000" />
  <attribute name="Current Error" value="2.000000" />
  <attribute name="IntegralT" value="40.000000" />
  <attribute name="IntegralI" value="40.000000" />
  <attribute name="IntegralH" value="40.000000" />
  <attribute name="DerivativeT" value="0.150000" />
  <attribute name="DerivativeI" value="0.150000" />
  <attribute name="DerivativeH" value="0.150000" />
  <attribute name="Loop Time for DT" value="20.000000" />
  <attribute name="Output H" value="8388608"/>
  <attribute name="Output I" value="200"/>
  <attribute name="Output T" value="4"/>
  <attribute name="Target GC Util Change" value ="20.000000" />
  <attribute name="Current GC Util Change" value="22.000000"/>
  <attribute name="GC Util currently" value="22" />
  <attribute name="CPU Util currently" value="234008393120" />
<allocation-satisfied id="1450" threadId="0000000002310500" bytesRequested="24" />
<af-end id="1451" timestamp="2019-06-15T03:59:57.175" threadId="0000000002310E88" success="true" from="nursery"/>
<exclusive-end id="1452" timestamp="2019-06-15T03:59:57.175" durationms="2.444" />

<exclusive-start id="1453" timestamp="2019-06-15T03:59:57.193" intervalms="20.256">
  <response-info timems="0.549" idlems="0.285" threads="1" lastid="000000000230C900" lastname="Thread-10" />
</exclusive-start>
<af-start id="1454" threadId="0000000002314A88" totalBytesRequested="40" timestamp="2019-06-15T03:59:57.193" intervalms="20.223" type="nursery" />
<cycle-start id="1455" type="scavenge" contextid="0" timestamp="2019-06-15T03:59:57.193" intervalms="20.226" />
<gc-start id="1456" type="scavenge" contextid="1455" timestamp="2019-06-15T03:59:57.193">
  <mem-info id="1457" free="2056935008" total="2092630016" percent="98">
    <mem type="nursery" free="0" total="29229056" percent="0">
      <mem type="allocate" free="0" total="26279936" percent="0" />
      <mem type="survivor" free="0" total="2949120" percent="0" />
    </mem>
    <mem type="tenure" free="2056935008" total="2063400960" percent="99">
      <mem type="soa" free="1953764960" total="1960230912" percent="99" />
      <mem type="loa" free="103170048" total="103170048" percent="100" />
    </mem>
    <remembered-set count="6946" />
  </mem-info>
</gc-start>
<allocation-stats totalBytes="25726376" >
  <allocated-bytes non-tlh="24" tlh="25726352" />
  <largest-consumer threadName="Thread-8" threadId="0000000002308D00" bytes="7568512" />
</allocation-stats>
<gc-op id="1458" type="scavenge" timems="0.704" contextid="1455" timestamp="2019-06-15T03:59:57.194">
  <scavenger-info tenureage="2" tenuremask="4004" tiltratio="89" />
  <memory-copied type="nursery" objects="11137" bytes="406016" bytesdiscarded="237688" />
  <memory-copied type="tenure" objects="9210" bytes="358416" bytesdiscarded="0" />
</gc-op>
<gc-end id="1459" type="scavenge" contextid="1455" durationms="1.096" usertimems="0.000" systemtimems="0.000" timestamp="2019-06-15T03:59:57.194" activeThreads="4">
  <mem-info id="1460" free="2082207976" total="2092630016" percent="99">
    <mem type="nursery" free="25636232" total="29229056" percent="87">
      <mem type="allocate" free="25636232" total="26279936" percent="97" />
      <mem type="survivor" free="0" total="2949120" percent="0" />
    </mem>
    <mem type="tenure" free="2056571744" total="2063400960" percent="99">
      <mem type="soa" free="1953401696" total="1960230912" percent="99" />
      <mem type="loa" free="103170048" total="103170048" percent="100" />
    </mem>
    <remembered-set count="5138" />
  </mem-info>
</gc-end>
<cycle-end id="1461" type="scavenge" contextid="1455" timestamp="2019-06-15T03:59:57.194" />
  <attribute name="elasticGC enabled" value="1" />
  <attribute name= "numThreadsSpecified" value="4" />
  <attribute name="heapSize specified" value="34406400" />
  <attribute name="Current GC Util" value="19" />
  <attribute name= "Current Time Running" value="2338" />
  <attribute name ="GC Interval" value="200" />
  <attribute name="ProportionalT" value="-0.500000" />
  <attribute name="ProportionalI" value="-0.500000" />
  <attribute name="ProportionalH" value="-0.500000" />
  <attribute name="Current Error" value="-1.000000" />
  <attribute name="IntegralT" value="-21.000000" />
  <attribute name="IntegralI" value="-21.000000" />
  <attribute name="IntegralH" value="-21.000000" />
  <attribute name="DerivativeT" value="-0.214286" />
  <attribute name="DerivativeI" value="-0.214286" />
  <attribute name="DerivativeH" value="-0.214286" />
  <attribute name="Loop Time for DT" value="21.000000" />
  <attribute name="Output H" value="2092630016"/>
  <attribute name="Output I" value="200"/>
  <attribute name="Output T" value="4"/>
  <attribute name="Target GC Util Change" value ="20.000000" />
  <attribute name="Current GC Util Change" value="19.000000"/>
  <attribute name="GC Util currently" value="19" />
  <attribute name="CPU Util currently" value="225976537123" />
<allocation-satisfied id="1462" threadId="0000000002314100" bytesRequested="40" />
<af-end id="1463" timestamp="2019-06-15T03:59:57.194" threadId="0000000002314A88" success="true" from="nursery"/>
<exclusive-end id="1464" timestamp="2019-06-15T03:59:57.194" durationms="1.769" />

<exclusive-start id="1465" timestamp="2019-06-15T03:59:57.212" intervalms="19.301">
  <response-info timems="0.039" idlems="0.039" threads="0" lastid="0000000002308D00" lastname="Thread-8" />
</exclusive-start>
<af-start id="1466" threadId="0000000002309688" totalBytesRequested="40" timestamp="2019-06-15T03:59:57.212" intervalms="19.350" type="nursery" />
<cycle-start id="1467" type="scavenge" contextid="0" timestamp="2019-06-15T03:59:57.212" intervalms="19.391" />
<gc-start id="1468" type="scavenge" contextid="1467" timestamp="2019-06-15T03:59:57.212">
  <mem-info id="1469" free="2056571744" total="2092630016" percent="98">
    <mem type="nursery" free="0" total="29229056" percent="0">
      <mem type="allocate" free="0" total="26279936" percent="0" />
      <mem type="survivor" free="0" total="2949120" percent="0" />
    </mem>
    <mem type="tenure" free="2056571744" total="2063400960" percent="99">
      <mem type="soa" free="1953401696" total="1960230912" percent="99" />
      <mem type="loa" free="103170048" total="103170048" percent="100" />
    </mem>
    <remembered-set count="6489" />
  </mem-info>
</gc-start>
<allocation-stats totalBytes="25635080" >
  <allocated-bytes non-tlh="40" tlh="25635040" />
  <largest-consumer threadName="Thread-8" threadId="0000000002308D00" bytes="8093344" />
</allocation-stats>
<gc-op id="1470" type="scavenge" timems="0.988" contextid="1467" timestamp="2019-06-15T03:59:57.214">
  <scavenger-info tenureage="2" tenuremask="4004" tiltratio="89" />
  <memory-copied type="nursery" objects="10382" bytes="388032" bytesdiscarded="131904" />
  <memory-copied type="tenure" objects="2585" bytes="62040" bytesdiscarded="0" />
</gc-op>
<gc-end id="1471" type="scavenge" contextid="1467" durationms="1.536" usertimems="4.000" systemtimems="0.000" timestamp="2019-06-15T03:59:57.214" activeThreads="4">
  <mem-info id="1472" free="2082292576" total="2092630016" percent="99">
    <mem type="nursery" free="25760000" total="29229056" percent="88">
      <mem type="allocate" free="25760000" total="26279936" percent="98" />
      <mem type="survivor" free="0" total="2949120" percent="0" />
    </mem>
    <mem type="tenure" free="2056532576" total="2063400960" percent="99">
      <mem type="soa" free="1953362528" total="1960230912" percent="99" />
      <mem type="loa" free="103170048" total="103170048" percent="100" />
    </mem>
    <remembered-set count="3903" />
  </mem-info>
</gc-end>
<cycle-end id="1473" type="scavenge" contextid="1467" timestamp="2019-06-15T03:59:57.214" />
  <attribute name="elasticGC enabled" value="1" />
  <attribute name= "numThreadsSpecified" value="4" />
  <attribute name="heapSize specified" value="34406400" />
  <attribute name="Current GC Util" value="12" />
  <attribute name= "Current Time Running" value="2357" />
  <attribute name ="GC Interval" value="200" />
  <attribute name="ProportionalT" value="-4.000000" />
  <attribute name="ProportionalI" value="-4.000000" />
  <attribute name="ProportionalH" value="-4.000000" />
  <attribute name="Current Error" value="-8.000000" />
  <attribute name="IntegralT" value="-152.000000" />
  <attribute name="IntegralI" value="-152.000000" />
  <attribute name="IntegralH" value="-152.000000" />
  <attribute name="DerivativeT" value="-0.631579" />
  <attribute name="DerivativeI" value="-0.631579" />
  <attribute name="DerivativeH" value="-0.631579" />
  <attribute name="Loop Time for DT" value="19.000000" />
  <attribute name="Output H" value="2092630016"/>
  <attribute name="Output I" value="200"/>
  <attribute name="Output T" value="4"/>
  <attribute name="Target GC Util Change" value ="20.000000" />
  <attribute name="Current GC Util Change" value="12.000000"/>
  <attribute name="GC Util currently" value="12" />
  <attribute name="CPU Util currently" value="236991824652" />
<allocation-satisfied id="1474" threadId="0000000002308D00" bytesRequested="40" />
<af-end id="1475" timestamp="2019-06-15T03:59:57.214" threadId="0000000002309688" success="true" from="nursery"/>
<exclusive-end id="1476" timestamp="2019-06-15T03:59:57.214" durationms="2.302" />

<exclusive-start id="1477" timestamp="2019-06-15T03:59:57.233" intervalms="20.989">
  <response-info timems="0.029" idlems="0.029" threads="0" lastid="0000000002308D00" lastname="Thread-8" />
</exclusive-start>
<af-start id="1478" threadId="0000000002309688" totalBytesRequested="40" timestamp="2019-06-15T03:59:57.233" intervalms="20.979" type="nursery" />
<cycle-start id="1479" type="scavenge" contextid="0" timestamp="2019-06-15T03:59:57.233" intervalms="20.978" />
<gc-start id="1480" type="scavenge" contextid="1479" timestamp="2019-06-15T03:59:57.233">
  <mem-info id="1481" free="2056532576" total="2092630016" percent="98">
    <mem type="nursery" free="0" total="29229056" percent="0">
      <mem type="allocate" free="0" total="26279936" percent="0" />
      <mem type="survivor" free="0" total="2949120" percent="0" />
    </mem>
    <mem type="tenure" free="2056532576" total="2063400960" percent="99">
      <mem type="soa" free="1953362528" total="1960230912" percent="99" />
      <mem type="loa" free="103170048" total="103170048" percent="100" />
    </mem>
    <remembered-set count="6740" />
  </mem-info>
</gc-start>
<allocation-stats totalBytes="25759400" >
  <allocated-bytes non-tlh="40" tlh="25759360" />
  <largest-consumer threadName="Thread-8" threadId="0000000002308D00" bytes="9404360" />
</allocation-stats>
<gc-op id="1482" type="scavenge" timems="1.205" contextid="1479" timestamp="2019-06-15T03:59:57.235">
  <scavenger-info tenureage="2" tenuremask="4004" tiltratio="89" />
  <memory-copied type="nursery" objects="5485" bytes="132976" bytesdiscarded="155024" />
  <memory-copied type="tenure" objects="8301" bytes="336600" bytesdiscarded="0" />
</gc-op>
<gc-end id="1483" type="scavenge" contextid="1479" durationms="1.682" usertimems="4.000" systemtimems="0.000" timestamp="2019-06-15T03:59:57.235" activeThreads="4">
  <mem-info id="1484" free="2082175072" total="2092630016" percent="99">
    <mem type="nursery" free="25991936" total="29229056" percent="88">
      <mem type="allocate" free="25991936" total="26279936" percent="98" />
      <mem type="survivor" free="0" total="2949120" percent="0" />
    </mem>
    <mem type="tenure" free="2056183136" total="2063400960" percent="99">
      <mem type="soa" free="1953013088" total="1960230912" percent="99" />
      <mem type="loa" free="103170048" total="103170048" percent="100" />
    </mem>
    <remembered-set count="5318" />
  </mem-info>
</gc-end>
<cycle-end id="1485" type="scavenge" contextid="1479" timestamp="2019-06-15T03:59:57.235" />
  <attribute name="elasticGC enabled" value="1" />
  <attribute name= "numThreadsSpecified" value="4" />
  <attribute name="heapSize specified" value="34406400" />
  <attribute name="Current GC Util" value="12" />
  <attribute name= "Current Time Running" value="2378" />
  <attribute name ="GC Interval" value="200" />
  <attribute name="ProportionalT" value="-4.000000" />
  <attribute name="ProportionalI" value="-4.000000" />
  <attribute name="ProportionalH" value="-4.000000" />
  <attribute name="Current Error" value="-8.000000" />
  <attribute name="IntegralT" value="-168.000000" />
  <attribute name="IntegralI" value="-168.000000" />
  <attribute name="IntegralH" value="-168.000000" />
  <attribute name="DerivativeT" value="-0.571429" />
  <attribute name="DerivativeI" value="-0.571429" />
  <attribute name="DerivativeH" value="-0.571429" />
  <attribute name="Loop Time for DT" value="21.000000" />
  <attribute name="Output H" value="2092630016"/>
  <attribute name="Output I" value="200"/>
  <attribute name="Output T" value="4"/>
  <attribute name="Target GC Util Change" value ="20.000000" />
  <attribute name="Current GC Util Change" value="12.000000"/>
  <attribute name="GC Util currently" value="12" />
  <attribute name="CPU Util currently" value="220637118606" />
<allocation-satisfied id="1486" threadId="0000000002308D00" bytesRequested="40" />
<af-end id="1487" timestamp="2019-06-15T03:59:57.236" threadId="0000000002309688" success="true" from="nursery"/>
<exclusive-end id="1488" timestamp="2019-06-15T03:59:57.236" durationms="2.656" />

<exclusive-start id="1489" timestamp="2019-06-15T03:59:57.253" intervalms="20.129">
  <response-info timems="0.031" idlems="0.031" threads="0" lastid="0000000002308D00" lastname="Thread-8" />
</exclusive-start>
<af-start id="1490" threadId="0000000002309688" totalBytesRequested="40" timestamp="2019-06-15T03:59:57.253" intervalms="20.211" type="nursery" />
<cycle-start id="1491" type="scavenge" contextid="0" timestamp="2019-06-15T03:59:57.253" intervalms="20.224" />
<gc-start id="1492" type="scavenge" contextid="1491" timestamp="2019-06-15T03:59:57.254">
  <mem-info id="1493" free="2056183136" total="2092630016" percent="98">
    <mem type="nursery" free="0" total="29229056" percent="0">
      <mem type="allocate" free="0" total="26279936" percent="0" />
      <mem type="survivor" free="0" total="2949120" percent="0" />
    </mem>
    <mem type="tenure" free="2056183136" total="2063400960" percent="99">
      <mem type="soa" free="1953013088" total="1960230912" percent="99" />
      <mem type="loa" free="103170048" total="103170048" percent="100" />
    </mem>
    <remembered-set count="7002" />
  </mem-info>
</gc-start>
<allocation-stats totalBytes="25990976" >
  <allocated-bytes non-tlh="40" tlh="25990936" />
  <largest-consumer threadName="Thread-9" threadId="0000000002310500" bytes="9181672" />
</allocation-stats>
<gc-op id="1494" type="scavenge" timems="1.325" contextid="1491" timestamp="2019-06-15T03:59:57.255">
  <scavenger-info tenureage="2" tenuremask="4004" tiltratio="89" />
  <memory-copied type="nursery" objects="15299" bytes="505880" bytesdiscarded="100840" />
  <memory-copied type="tenure" objects="1791" bytes="42984" bytesdiscarded="0" />
</gc-op>
<gc-end id="1495" type="scavenge" contextid="1491" durationms="1.730" usertimems="4.000" systemtimems="0.000" timestamp="2019-06-15T03:59:57.255" activeThreads="4">
  <mem-info id="1496" free="2081817184" total="2092630016" percent="99">
    <mem type="nursery" free="25673216" total="29229056" percent="87">
      <mem type="allocate" free="25673216" total="26279936" percent="97" />
      <mem type="survivor" free="0" total="2949120" percent="0" />
    </mem>
    <mem type="tenure" free="2056143968" total="2063400960" percent="99">
      <mem type="soa" free="1952973920" total="1960230912" percent="99" />
      <mem type="loa" free="103170048" total="103170048" percent="100" />
    </mem>
    <remembered-set count="5211" />
  </mem-info>
</gc-end>
<cycle-end id="1497" type="scavenge" contextid="1491" timestamp="2019-06-15T03:59:57.256" />
  <attribute name="elasticGC enabled" value="1" />
  <attribute name= "numThreadsSpecified" value="4" />
  <attribute name="heapSize specified" value="34406400" />
  <attribute name="Current GC Util" value="14" />
  <attribute name= "Current Time Running" value="2398" />
  <attribute name ="GC Interval" value="200" />
  <attribute name="ProportionalT" value="-3.000000" />
  <attribute name="ProportionalI" value="-3.000000" />
  <attribute name="ProportionalH" value="-3.000000" />
  <attribute name="Current Error" value="-6.000000" />
  <attribute name="IntegralT" value="-120.000000" />
  <attribute name="IntegralI" value="-120.000000" />
  <attribute name="IntegralH" value="-120.000000" />
  <attribute name="DerivativeT" value="-0.450000" />
  <attribute name="DerivativeI" value="-0.450000" />
  <attribute name="DerivativeH" value="-0.450000" />
  <attribute name="Loop Time for DT" value="20.000000" />
  <attribute name="Output H" value="2092630016"/>
  <attribute name="Output I" value="200"/>
  <attribute name="Output T" value="4"/>
  <attribute name="Target GC Util Change" value ="20.000000" />
  <attribute name="Current GC Util Change" value="14.000000"/>
  <attribute name="GC Util currently" value="14" />
  <attribute name="CPU Util currently" value="228590227805" />
<allocation-satisfied id="1498" threadId="0000000002308D00" bytesRequested="40" />
<af-end id="1499" timestamp="2019-06-15T03:59:57.256" threadId="0000000002309688" success="true" from="nursery"/>
<exclusive-end id="1500" timestamp="2019-06-15T03:59:57.256" durationms="2.935" />

<exclusive-start id="1501" timestamp="2019-06-15T03:59:57.273" intervalms="19.394">
  <response-info timems="0.035" idlems="0.035" threads="0" lastid="0000000002310500" lastname="Thread-9" />
</exclusive-start>
<af-start id="1502" threadId="0000000002310E88" totalBytesRequested="40" timestamp="2019-06-15T03:59:57.273" intervalms="19.364" type="nursery" />
<cycle-start id="1503" type="scavenge" contextid="0" timestamp="2019-06-15T03:59:57.273" intervalms="19.311" />
<gc-start id="1504" type="scavenge" contextid="1503" timestamp="2019-06-15T03:59:57.273">
  <mem-info id="1505" free="2056143968" total="2092630016" percent="98">
    <mem type="nursery" free="0" total="29229056" percent="0">
      <mem type="allocate" free="0" total="26279936" percent="0" />
      <mem type="survivor" free="0" total="2949120" percent="0" />
    </mem>
    <mem type="tenure" free="2056143968" total="2063400960" percent="99">
      <mem type="soa" free="1952973920" total="1960230912" percent="99" />
      <mem type="loa" free="103170048" total="103170048" percent="100" />
    </mem>
    <remembered-set count="7295" />
  </mem-info>
</gc-start>
<allocation-stats totalBytes="25672696" >
  <allocated-bytes non-tlh="40" tlh="25672656" />
  <largest-consumer threadName="Thread-8" threadId="0000000002308D00" bytes="9011216" />
</allocation-stats>
<gc-op id="1506" type="scavenge" timems="1.017" contextid="1503" timestamp="2019-06-15T03:59:57.274">
  <scavenger-info tenureage="2" tenuremask="4004" tiltratio="89" />
  <memory-copied type="nursery" objects="12859" bytes="446776" bytesdiscarded="173768" />
  <memory-copied type="tenure" objects="3435" bytes="82440" bytesdiscarded="0" />
</gc-op>
<gc-end id="1507" type="scavenge" contextid="1503" durationms="1.206" usertimems="0.000" systemtimems="0.000" timestamp="2019-06-15T03:59:57.274" activeThreads="4">
  <mem-info id="1508" free="2081764192" total="2092630016" percent="99">
    <mem type="nursery" free="25659392" total="29229056" percent="87">
      <mem type="allocate" free="25659392" total="26279936" percent="97" />
      <mem type="survivor" free="0" total="2949120" percent="0" />
    </mem>
    <mem type="tenure" free="2056104800" total="2063400960" percent="99">
      <mem type="soa" free="1952934752" total="1960230912" percent="99" />
      <mem type="loa" free="103170048" total="103170048" percent="100" />
    </mem>
    <remembered-set count="3859" />
  </mem-info>
</gc-end>
<cycle-end id="1509" type="scavenge" contextid="1503" timestamp="2019-06-15T03:59:57.274" />
  <attribute name="elasticGC enabled" value="1" />
  <attribute name= "numThreadsSpecified" value="4" />
  <attribute name="heapSize specified" value="34406400" />
  <attribute name="Current GC Util" value="16" />
  <attribute name= "Current Time Running" value="2417" />
  <attribute name ="GC Interval" value="200" />
  <attribute name="ProportionalT" value="-2.000000" />
  <attribute name="ProportionalI" value="-2.000000" />
  <attribute name="ProportionalH" value="-2.000000" />
  <attribute name="Current Error" value="-4.000000" />
  <attribute name="IntegralT" value="-76.000000" />
  <attribute name="IntegralI" value="-76.000000" />
  <attribute name="IntegralH" value="-76.000000" />
  <attribute name="DerivativeT" value="-0.315789" />
  <attribute name="DerivativeI" value="-0.315789" />
  <attribute name="DerivativeH" value="-0.315789" />
  <attribute name="Loop Time for DT" value="19.000000" />
  <attribute name="Output H" value="2092630016"/>
  <attribute name="Output I" value="200"/>
  <attribute name="Output T" value="4"/>
  <attribute name="Target GC Util Change" value ="20.000000" />
  <attribute name="Current GC Util Change" value="16.000000"/>
  <attribute name="GC Util currently" value="16" />
  <attribute name="CPU Util currently" value="239686141931" />
<allocation-satisfied id="1510" threadId="0000000002310500" bytesRequested="40" />
<af-end id="1511" timestamp="2019-06-15T03:59:57.274" threadId="0000000002310E88" success="true" from="nursery"/>
<exclusive-end id="1512" timestamp="2019-06-15T03:59:57.274" durationms="1.882" />

<exclusive-start id="1513" timestamp="2019-06-15T03:59:57.290" intervalms="17.811">
  <response-info timems="0.060" idlems="0.060" threads="0" lastid="0000000002310500" lastname="Thread-9" />
</exclusive-start>
<af-start id="1514" threadId="0000000002310E88" totalBytesRequested="40" timestamp="2019-06-15T03:59:57.290" intervalms="17.772" type="nursery" />
<cycle-start id="1515" type="scavenge" contextid="0" timestamp="2019-06-15T03:59:57.291" intervalms="17.777" />
<gc-start id="1516" type="scavenge" contextid="1515" timestamp="2019-06-15T03:59:57.291">
  <mem-info id="1517" free="2056104800" total="2092630016" percent="98">
    <mem type="nursery" free="0" total="29229056" percent="0">
      <mem type="allocate" free="0" total="26279936" percent="0" />
      <mem type="survivor" free="0" total="2949120" percent="0" />
    </mem>
    <mem type="tenure" free="2056104800" total="2063400960" percent="99">
      <mem type="soa" free="1952934752" total="1960230912" percent="99" />
      <mem type="loa" free="103170048" total="103170048" percent="100" />
    </mem>
    <remembered-set count="5914" />
  </mem-info>
</gc-start>
<allocation-stats totalBytes="25658616" >
  <allocated-bytes non-tlh="40" tlh="25658576" />
  <largest-consumer threadName="Thread-9" threadId="0000000002310500" bytes="9928264" />
</allocation-stats>
<gc-op id="1518" type="scavenge" timems="1.237" contextid="1515" timestamp="2019-06-15T03:59:57.292">
  <scavenger-info tenureage="2" tenuremask="4004" tiltratio="89" />
  <memory-copied type="nursery" objects="12887" bytes="447696" bytesdiscarded="181296" />
  <memory-copied type="tenure" objects="2709" bytes="65016" bytesdiscarded="0" />
</gc-op>
<gc-end id="1519" type="scavenge" contextid="1515" durationms="1.528" usertimems="4.000" systemtimems="0.000" timestamp="2019-06-15T03:59:57.292" activeThreads="4">
  <mem-info id="1520" free="2081716576" total="2092630016" percent="99">
    <mem type="nursery" free="25650944" total="29229056" percent="87">
      <mem type="allocate" free="25650944" total="26279936" percent="97" />
      <mem type="survivor" free="0" total="2949120" percent="0" />
    </mem>
    <mem type="tenure" free="2056065632" total="2063400960" percent="99">
      <mem type="soa" free="1952895584" total="1960230912" percent="99" />
      <mem type="loa" free="103170048" total="103170048" percent="100" />
    </mem>
    <remembered-set count="4228" />
  </mem-info>
</gc-end>
<cycle-end id="1521" type="scavenge" contextid="1515" timestamp="2019-06-15T03:59:57.292" />
  <attribute name="elasticGC enabled" value="1" />
  <attribute name= "numThreadsSpecified" value="4" />
  <attribute name="heapSize specified" value="34406400" />
  <attribute name="Current GC Util" value="15" />
  <attribute name= "Current Time Running" value="2435" />
  <attribute name ="GC Interval" value="200" />
  <attribute name="ProportionalT" value="-2.500000" />
  <attribute name="ProportionalI" value="-2.500000" />
  <attribute name="ProportionalH" value="-2.500000" />
  <attribute name="Current Error" value="-5.000000" />
  <attribute name="IntegralT" value="-90.000000" />
  <attribute name="IntegralI" value="-90.000000" />
  <attribute name="IntegralH" value="-90.000000" />
  <attribute name="DerivativeT" value="-0.416667" />
  <attribute name="DerivativeI" value="-0.416667" />
  <attribute name="DerivativeH" value="-0.416667" />
  <attribute name="Loop Time for DT" value="18.000000" />
  <attribute name="Output H" value="2092630016"/>
  <attribute name="Output I" value="200"/>
  <attribute name="Output T" value="4"/>
  <attribute name="Target GC Util Change" value ="20.000000" />
  <attribute name="Current GC Util Change" value="15.000000"/>
  <attribute name="GC Util currently" value="15" />
  <attribute name="CPU Util currently" value="258345109992" />
<allocation-satisfied id="1522" threadId="0000000002310500" bytesRequested="40" />
<af-end id="1523" timestamp="2019-06-15T03:59:57.292" threadId="0000000002310E88" success="true" from="nursery"/>
<exclusive-end id="1524" timestamp="2019-06-15T03:59:57.292" durationms="2.166" />

<exclusive-start id="1525" timestamp="2019-06-15T03:59:57.313" intervalms="22.635">
  <response-info timems="0.036" idlems="0.024" threads="2" lastid="0000000002314100" lastname="Thread-7" />
</exclusive-start>
<af-start id="1526" threadId="000000000230D288" totalBytesRequested="40" timestamp="2019-06-15T03:59:57.313" intervalms="22.654" type="nursery" />
<cycle-start id="1527" type="scavenge" contextid="0" timestamp="2019-06-15T03:59:57.313" intervalms="22.650" />
<gc-start id="1528" type="scavenge" contextid="1527" timestamp="2019-06-15T03:59:57.313">
  <mem-info id="1529" free="2056065632" total="2092630016" percent="98">
    <mem type="nursery" free="0" total="29229056" percent="0">
      <mem type="allocate" free="0" total="26279936" percent="0" />
      <mem type="survivor" free="0" total="2949120" percent="0" />
    </mem>
    <mem type="tenure" free="2056065632" total="2063400960" percent="99">
      <mem type="soa" free="1952895584" total="1960230912" percent="99" />
      <mem type="loa" free="103170048" total="103170048" percent="100" />
    </mem>
    <remembered-set count="5520" />
  </mem-info>
</gc-start>
<allocation-stats totalBytes="25650384" >
  <allocated-bytes non-tlh="40" tlh="25650344" />
  <largest-consumer threadName="Thread-9" threadId="0000000002310500" bytes="10845912" />
</allocation-stats>
<gc-op id="1530" type="scavenge" timems="0.669" contextid="1527" timestamp="2019-06-15T03:59:57.314">
  <scavenger-info tenureage="2" tenuremask="4004" tiltratio="89" />
  <memory-copied type="nursery" objects="10776" bytes="397136" bytesdiscarded="223408" />
  <memory-copied type="tenure" objects="10023" bytes="377928" bytesdiscarded="0" />
</gc-op>
<gc-end id="1531" type="scavenge" contextid="1527" durationms="1.131" usertimems="4.000" systemtimems="0.000" timestamp="2019-06-15T03:59:57.314" activeThreads="4">
  <mem-info id="1532" free="2081291872" total="2092630016" percent="99">
    <mem type="nursery" free="25659392" total="29229056" percent="87">
      <mem type="allocate" free="25659392" total="26279936" percent="97" />
      <mem type="survivor" free="0" total="2949120" percent="0" />
    </mem>
    <mem type="tenure" free="2055632480" total="2063400960" percent="99">
      <mem type="soa" free="1952462432" total="1960230912" percent="99" />
      <mem type="loa" free="103170048" total="103170048" percent="100" />
    </mem>
    <remembered-set count="4630" />
  </mem-info>
</gc-end>
<cycle-end id="1533" type="scavenge" contextid="1527" timestamp="2019-06-15T03:59:57.315" />
  <attribute name="elasticGC enabled" value="1" />
  <attribute name= "numThreadsSpecified" value="4" />
  <attribute name="heapSize specified" value="34406400" />
  <attribute name="Current GC Util" value="12" />
  <attribute name= "Current Time Running" value="2458" />
  <attribute name ="GC Interval" value="200" />
  <attribute name="ProportionalT" value="-4.000000" />
  <attribute name="ProportionalI" value="-4.000000" />
  <attribute name="ProportionalH" value="-4.000000" />
  <attribute name="Current Error" value="-8.000000" />
  <attribute name="IntegralT" value="-184.000000" />
  <attribute name="IntegralI" value="-184.000000" />
  <attribute name="IntegralH" value="-184.000000" />
  <attribute name="DerivativeT" value="-0.521739" />
  <attribute name="DerivativeI" value="-0.521739" />
  <attribute name="DerivativeH" value="-0.521739" />
  <attribute name="Loop Time for DT" value="23.000000" />
  <attribute name="Output H" value="2092630016"/>
  <attribute name="Output I" value="200"/>
  <attribute name="Output T" value="4"/>
  <attribute name="Target GC Util Change" value ="20.000000" />
  <attribute name="Current GC Util Change" value="12.000000"/>
  <attribute name="GC Util currently" value="12" />
  <attribute name="CPU Util currently" value="202594555780" />
<allocation-satisfied id="1534" threadId="000000000230C900" bytesRequested="40" />
<af-end id="1535" timestamp="2019-06-15T03:59:57.315" threadId="000000000230D288" success="true" from="nursery"/>
<exclusive-end id="1536" timestamp="2019-06-15T03:59:57.315" durationms="1.866" />

<exclusive-start id="1537" timestamp="2019-06-15T03:59:57.334" intervalms="20.843">
  <response-info timems="0.702" idlems="0.272" threads="2" lastid="000000000230C900" lastname="Thread-10" />
</exclusive-start>
<af-start id="1538" threadId="0000000002310E88" totalBytesRequested="136" timestamp="2019-06-15T03:59:57.334" intervalms="20.876" type="nursery" />
<cycle-start id="1539" type="scavenge" contextid="0" timestamp="2019-06-15T03:59:57.334" intervalms="20.874" />
<gc-start id="1540" type="scavenge" contextid="1539" timestamp="2019-06-15T03:59:57.334">
  <mem-info id="1541" free="2055632480" total="2092630016" percent="98">
    <mem type="nursery" free="0" total="29229056" percent="0">
      <mem type="allocate" free="0" total="26279936" percent="0" />
      <mem type="survivor" free="0" total="2949120" percent="0" />
    </mem>
    <mem type="tenure" free="2055632480" total="2063400960" percent="99">
      <mem type="soa" free="1952462432" total="1960230912" percent="99" />
      <mem type="loa" free="103170048" total="103170048" percent="100" />
    </mem>
    <remembered-set count="5122" />
  </mem-info>
</gc-start>
<allocation-stats totalBytes="25658400" >
  <allocated-bytes non-tlh="40" tlh="25658360" />
  <largest-consumer threadName="Thread-9" threadId="0000000002310500" bytes="11632016" />
</allocation-stats>
<gc-op id="1542" type="scavenge" timems="1.622" contextid="1539" timestamp="2019-06-15T03:59:57.336">
  <scavenger-info tenureage="2" tenuremask="4004" tiltratio="89" />
  <memory-copied type="nursery" objects="21701" bytes="934232" bytesdiscarded="87688" />
  <memory-copied type="tenure" objects="2673" bytes="64152" bytesdiscarded="0" />
</gc-op>
<gc-end id="1543" type="scavenge" contextid="1539" durationms="1.839" usertimems="0.000" systemtimems="4.000" timestamp="2019-06-15T03:59:57.336" activeThreads="4">
  <mem-info id="1544" free="2080759168" total="2092630016" percent="99">
    <mem type="nursery" free="25258016" total="29229056" percent="86">
      <mem type="allocate" free="25258016" total="26279936" percent="96" />
      <mem type="survivor" free="0" total="2949120" percent="0" />
    </mem>
    <mem type="tenure" free="2055501152" total="2063400960" percent="99">
      <mem type="soa" free="1952331104" total="1960230912" percent="99" />
      <mem type="loa" free="103170048" total="103170048" percent="100" />
    </mem>
    <remembered-set count="2448" />
  </mem-info>
</gc-end>
<cycle-end id="1545" type="scavenge" contextid="1539" timestamp="2019-06-15T03:59:57.336" />
  <attribute name="elasticGC enabled" value="1" />
  <attribute name= "numThreadsSpecified" value="4" />
  <attribute name="heapSize specified" value="34406400" />
  <attribute name="Current GC Util" value="10" />
  <attribute name= "Current Time Running" value="2479" />
  <attribute name ="GC Interval" value="200" />
  <attribute name="ProportionalT" value="-5.000000" />
  <attribute name="ProportionalI" value="-5.000000" />
  <attribute name="ProportionalH" value="-5.000000" />
  <attribute name="Current Error" value="-10.000000" />
  <attribute name="IntegralT" value="-210.000000" />
  <attribute name="IntegralI" value="-210.000000" />
  <attribute name="IntegralH" value="-210.000000" />
  <attribute name="DerivativeT" value="-0.714286" />
  <attribute name="DerivativeI" value="-0.714286" />
  <attribute name="DerivativeH" value="-0.714286" />
  <attribute name="Loop Time for DT" value="21.000000" />
  <attribute name="Output H" value="2092630016"/>
  <attribute name="Output I" value="200"/>
  <attribute name="Output T" value="4"/>
  <attribute name="Target GC Util Change" value ="20.000000" />
  <attribute name="Current GC Util Change" value="10.000000"/>
  <attribute name="GC Util currently" value="10" />
  <attribute name="CPU Util currently" value="222841731280" />
<allocation-satisfied id="1546" threadId="0000000002310500" bytesRequested="136" />
<af-end id="1547" timestamp="2019-06-15T03:59:57.336" threadId="0000000002310E88" success="true" from="nursery"/>
<exclusive-end id="1548" timestamp="2019-06-15T03:59:57.336" durationms="2.539" />

<exclusive-start id="1549" timestamp="2019-06-15T03:59:57.354" intervalms="19.918">
  <response-info timems="0.058" idlems="0.058" threads="0" lastid="0000000002310500" lastname="Thread-9" />
</exclusive-start>
<af-start id="1550" threadId="0000000002310E88" totalBytesRequested="40" timestamp="2019-06-15T03:59:57.354" intervalms="19.872" type="nursery" />
<cycle-start id="1551" type="scavenge" contextid="0" timestamp="2019-06-15T03:59:57.354" intervalms="19.868" />
<gc-start id="1552" type="scavenge" contextid="1551" timestamp="2019-06-15T03:59:57.354">
  <mem-info id="1553" free="2055501152" total="2092630016" percent="98">
    <mem type="nursery" free="0" total="29229056" percent="0">
      <mem type="allocate" free="0" total="26279936" percent="0" />
      <mem type="survivor" free="0" total="2949120" percent="0" />
    </mem>
    <mem type="tenure" free="2055501152" total="2063400960" percent="99">
      <mem type="soa" free="1952331104" total="1960230912" percent="99" />
      <mem type="loa" free="103170048" total="103170048" percent="100" />
    </mem>
    <remembered-set count="2728" />
  </mem-info>
</gc-start>
<allocation-stats totalBytes="25257288" >
  <allocated-bytes non-tlh="136" tlh="25257152" />
  <largest-consumer threadName="Thread-9" threadId="0000000002310500" bytes="11912704" />
</allocation-stats>
<gc-op id="1554" type="scavenge" timems="2.059" contextid="1551" timestamp="2019-06-15T03:59:57.356">
  <scavenger-info tenureage="2" tenuremask="4004" tiltratio="89" />
  <memory-copied type="nursery" objects="15804" bytes="655944" bytesdiscarded="135096" />
  <memory-copied type="tenure" objects="7893" bytes="326808" bytesdiscarded="24" />
</gc-op>
<gc-end id="1555" type="scavenge" contextid="1551" durationms="2.272" usertimems="0.000" systemtimems="4.000" timestamp="2019-06-15T03:59:57.356" activeThreads="4">
  <mem-info id="1556" free="2080749664" total="2092630016" percent="99">
    <mem type="nursery" free="25488896" total="29229056" percent="87">
      <mem type="allocate" free="25488896" total="26279936" percent="96" />
      <mem type="survivor" free="0" total="2949120" percent="0" />
    </mem>
    <mem type="tenure" free="2055260768" total="2063400960" percent="99">
      <mem type="soa" free="1952090720" total="1960230912" percent="99" />
      <mem type="loa" free="103170048" total="103170048" percent="100" />
    </mem>
    <remembered-set count="2835" />
  </mem-info>
</gc-end>
<cycle-end id="1557" type="scavenge" contextid="1551" timestamp="2019-06-15T03:59:57.356" />
  <attribute name="elasticGC enabled" value="1" />
  <attribute name= "numThreadsSpecified" value="4" />
  <attribute name="heapSize specified" value="34406400" />
  <attribute name="Current GC Util" value="22" />
  <attribute name= "Current Time Running" value="2498" />
  <attribute name ="GC Interval" value="200" />
  <attribute name="ProportionalT" value="1.000000" />
  <attribute name="ProportionalI" value="1.000000" />
  <attribute name="ProportionalH" value="1.000000" />
  <attribute name="Current Error" value="2.000000" />
  <attribute name="IntegralT" value="38.000000" />
  <attribute name="IntegralI" value="38.000000" />
  <attribute name="IntegralH" value="38.000000" />
  <attribute name="DerivativeT" value="0.157895" />
  <attribute name="DerivativeI" value="0.157895" />
  <attribute name="DerivativeH" value="0.157895" />
  <attribute name="Loop Time for DT" value="19.000000" />
  <attribute name="Output H" value="8388608"/>
  <attribute name="Output I" value="200"/>
  <attribute name="Output T" value="4"/>
  <attribute name="Target GC Util Change" value ="20.000000" />
  <attribute name="Current GC Util Change" value="22.000000"/>
  <attribute name="GC Util currently" value="22" />
  <attribute name="CPU Util currently" value="232822034385" />
<allocation-satisfied id="1558" threadId="0000000002310500" bytesRequested="40" />
<af-end id="1559" timestamp="2019-06-15T03:59:57.357" threadId="0000000002310E88" success="true" from="nursery"/>
<exclusive-end id="1560" timestamp="2019-06-15T03:59:57.357" durationms="2.866" />

<exclusive-start id="1561" timestamp="2019-06-15T03:59:57.370" intervalms="16.529">
  <response-info timems="0.070" idlems="0.070" threads="0" lastid="0000000002310500" lastname="Thread-9" />
</exclusive-start>
<af-start id="1562" threadId="0000000002310E88" totalBytesRequested="24" timestamp="2019-06-15T03:59:57.370" intervalms="16.505" type="nursery" />
<cycle-start id="1563" type="scavenge" contextid="0" timestamp="2019-06-15T03:59:57.370" intervalms="16.498" />
<gc-start id="1564" type="scavenge" contextid="1563" timestamp="2019-06-15T03:59:57.371">
  <mem-info id="1565" free="2055260768" total="2092630016" percent="98">
    <mem type="nursery" free="0" total="29229056" percent="0">
      <mem type="allocate" free="0" total="26279936" percent="0" />
      <mem type="survivor" free="0" total="2949120" percent="0" />
    </mem>
    <mem type="tenure" free="2055260768" total="2063400960" percent="99">
      <mem type="soa" free="1952090720" total="1960230912" percent="99" />
      <mem type="loa" free="103170048" total="103170048" percent="100" />
    </mem>
    <remembered-set count="3053" />
  </mem-info>
</gc-start>
<allocation-stats totalBytes="25487816" >
  <allocated-bytes non-tlh="40" tlh="25487776" />
  <largest-consumer threadName="Thread-9" threadId="0000000002310500" bytes="9333824" />
</allocation-stats>
<gc-op id="1566" type="scavenge" timems="1.797" contextid="1563" timestamp="2019-06-15T03:59:57.372">
  <scavenger-info tenureage="2" tenuremask="4004" tiltratio="89" />
  <memory-copied type="nursery" objects="9066" bytes="356672" bytesdiscarded="185536" />
  <memory-copied type="tenure" objects="13593" bytes="600984" bytesdiscarded="48" />
</gc-op>
<gc-end id="1567" type="scavenge" contextid="1563" durationms="2.085" usertimems="0.000" systemtimems="4.000" timestamp="2019-06-15T03:59:57.373" activeThreads="4">
  <mem-info id="1568" free="2080302688" total="2092630016" percent="99">
    <mem type="nursery" free="25737728" total="29229056" percent="88">
      <mem type="allocate" free="25737728" total="26279936" percent="97" />
      <mem type="survivor" free="0" total="2949120" percent="0" />
    </mem>
    <mem type="tenure" free="2054564960" total="2063400960" percent="99">
      <mem type="soa" free="1951394912" total="1960230912" percent="99" />
      <mem type="loa" free="103170048" total="103170048" percent="100" />
    </mem>
    <remembered-set count="3002" />
  </mem-info>
</gc-end>
<cycle-end id="1569" type="scavenge" contextid="1563" timestamp="2019-06-15T03:59:57.373" />
  <attribute name="elasticGC enabled" value="1" />
  <attribute name= "numThreadsSpecified" value="4" />
  <attribute name="heapSize specified" value="34406400" />
  <attribute name="Current GC Util" value="28" />
  <attribute name= "Current Time Running" value="2515" />
  <attribute name ="GC Interval" value="200" />
  <attribute name="ProportionalT" value="4.000000" />
  <attribute name="ProportionalI" value="4.000000" />
  <attribute name="ProportionalH" value="4.000000" />
  <attribute name="Current Error" value="8.000000" />
  <attribute name="IntegralT" value="136.000000" />
  <attribute name="IntegralI" value="136.000000" />
  <attribute name="IntegralH" value="136.000000" />
  <attribute name="DerivativeT" value="0.529412" />
  <attribute name="DerivativeI" value="0.529412" />
  <attribute name="DerivativeH" value="0.529412" />
  <attribute name="Loop Time for DT" value="17.000000" />
  <attribute name="Output H" value="8388608"/>
  <attribute name="Output I" value="200"/>
  <attribute name="Output T" value="4"/>
  <attribute name="Target GC Util Change" value ="20.000000" />
  <attribute name="Current GC Util Change" value="28.000000"/>
  <attribute name="GC Util currently" value="28" />
  <attribute name="CPU Util currently" value="278208941593" />
<allocation-satisfied id="1570" threadId="0000000002310500" bytesRequested="24" />
<af-end id="1571" timestamp="2019-06-15T03:59:57.373" threadId="0000000002310E88" success="true" from="nursery"/>
<exclusive-end id="1572" timestamp="2019-06-15T03:59:57.373" durationms="2.641" />

<exclusive-start id="1573" timestamp="2019-06-15T03:59:57.386" intervalms="15.420">
  <response-info timems="0.036" idlems="0.036" threads="0" lastid="0000000002314100" lastname="Thread-7" />
</exclusive-start>
<af-start id="1574" threadId="0000000002314A88" totalBytesRequested="24" timestamp="2019-06-15T03:59:57.386" intervalms="15.457" type="nursery" />
<cycle-start id="1575" type="scavenge" contextid="0" timestamp="2019-06-15T03:59:57.386" intervalms="15.487" />
<gc-start id="1576" type="scavenge" contextid="1575" timestamp="2019-06-15T03:59:57.386">
  <mem-info id="1577" free="2054564960" total="2092630016" percent="98">
    <mem type="nursery" free="0" total="29229056" percent="0">
      <mem type="allocate" free="0" total="26279936" percent="0" />
      <mem type="survivor" free="0" total="2949120" percent="0" />
    </mem>
    <mem type="tenure" free="2054564960" total="2063400960" percent="99">
      <mem type="soa" free="1951394912" total="1960230912" percent="99" />
      <mem type="loa" free="103170048" total="103170048" percent="100" />
    </mem>
    <remembered-set count="4087" />
  </mem-info>
</gc-start>
<allocation-stats totalBytes="25735264" >
  <allocated-bytes non-tlh="24" tlh="25735240" />
  <largest-consumer threadName="Thread-9" threadId="0000000002310500" bytes="9451224" />
</allocation-stats>
<gc-op id="1578" type="scavenge" timems="0.458" contextid="1575" timestamp="2019-06-15T03:59:57.387">
  <scavenger-info tenureage="2" tenuremask="4004" tiltratio="89" />
  <memory-copied type="nursery" objects="8592" bytes="345768" bytesdiscarded="196440" />
  <memory-copied type="tenure" objects="1844" bytes="44256" bytesdiscarded="0" />
</gc-op>
<gc-end id="1579" type="scavenge" contextid="1575" durationms="0.880" usertimems="4.000" systemtimems="0.000" timestamp="2019-06-15T03:59:57.387" activeThreads="4">
  <mem-info id="1580" free="2080302688" total="2092630016" percent="99">
    <mem type="nursery" free="25737728" total="29229056" percent="88">
      <mem type="allocate" free="25737728" total="26279936" percent="97" />
      <mem type="survivor" free="0" total="2949120" percent="0" />
    </mem>
    <mem type="tenure" free="2054564960" total="2063400960" percent="99">
      <mem type="soa" free="1951394912" total="1960230912" percent="99" />
      <mem type="loa" free="103170048" total="103170048" percent="100" />
    </mem>
    <remembered-set count="2242" />
  </mem-info>
</gc-end>
<cycle-end id="1581" type="scavenge" contextid="1575" timestamp="2019-06-15T03:59:57.387" />
  <attribute name="elasticGC enabled" value="1" />
  <attribute name= "numThreadsSpecified" value="4" />
  <attribute name="heapSize specified" value="34406400" />
  <attribute name="Current GC Util" value="26" />
  <attribute name= "Current Time Running" value="2531" />
  <attribute name ="GC Interval" value="200" />
  <attribute name="ProportionalT" value="3.000000" />
  <attribute name="ProportionalI" value="3.000000" />
  <attribute name="ProportionalH" value="3.000000" />
  <attribute name="Current Error" value="6.000000" />
  <attribute name="IntegralT" value="96.000000" />
  <attribute name="IntegralI" value="96.000000" />
  <attribute name="IntegralH" value="96.000000" />
  <attribute name="DerivativeT" value="-0.187500" />
  <attribute name="DerivativeI" value="-0.187500" />
  <attribute name="DerivativeH" value="-0.187500" />
  <attribute name="Loop Time for DT" value="16.000000" />
  <attribute name="Output H" value="8388608"/>
  <attribute name="Output I" value="200"/>
  <attribute name="Output T" value="4"/>
  <attribute name="Target GC Util Change" value ="20.000000" />
  <attribute name="Current GC Util Change" value="26.000000"/>
  <attribute name="GC Util currently" value="26" />
  <attribute name="CPU Util currently" value="295078841805" />
<allocation-satisfied id="1582" threadId="0000000002314100" bytesRequested="24" />
<af-end id="1583" timestamp="2019-06-15T03:59:57.387" threadId="0000000002314A88" success="true" from="nursery"/>
<exclusive-end id="1584" timestamp="2019-06-15T03:59:57.387" durationms="1.575" />

<exclusive-start id="1585" timestamp="2019-06-15T03:59:57.400" intervalms="14.268">
  <response-info timems="0.033" idlems="0.033" threads="0" lastid="0000000002310500" lastname="Thread-9" />
</exclusive-start>
<af-start id="1586" threadId="0000000002310E88" totalBytesRequested="24" timestamp="2019-06-15T03:59:57.400" intervalms="14.247" type="nursery" />
<cycle-start id="1587" type="scavenge" contextid="0" timestamp="2019-06-15T03:59:57.400" intervalms="14.221" />
<gc-start id="1588" type="scavenge" contextid="1587" timestamp="2019-06-15T03:59:57.400">
  <mem-info id="1589" free="2054564960" total="2092630016" percent="98">
    <mem type="nursery" free="0" total="29229056" percent="0">
      <mem type="allocate" free="0" total="26279936" percent="0" />
      <mem type="survivor" free="0" total="2949120" percent="0" />
    </mem>
    <mem type="tenure" free="2054564960" total="2063400960" percent="99">
      <mem type="soa" free="1951394912" total="1960230912" percent="99" />
      <mem type="loa" free="103170048" total="103170048" percent="100" />
    </mem>
    <remembered-set count="3281" />
  </mem-info>
</gc-start>
<allocation-stats totalBytes="25735280" >
  <allocated-bytes non-tlh="24" tlh="25735256" />
  <largest-consumer threadName="Thread-9" threadId="0000000002310500" bytes="9927736" />
</allocation-stats>
<gc-op id="1590" type="scavenge" timems="1.490" contextid="1587" timestamp="2019-06-15T03:59:57.402">
  <scavenger-info tenureage="2" tenuremask="4004" tiltratio="89" />
  <memory-copied type="nursery" objects="2676" bytes="65248" bytesdiscarded="91424" />
  <memory-copied type="tenure" objects="6930" bytes="303696" bytesdiscarded="0" />
</gc-op>
<gc-end id="1591" type="scavenge" contextid="1587" durationms="1.782" usertimems="4.000" systemtimems="0.000" timestamp="2019-06-15T03:59:57.402" activeThreads="4">
  <mem-info id="1592" free="2080478560" total="2092630016" percent="99">
    <mem type="nursery" free="26123264" total="29229056" percent="89">
      <mem type="allocate" free="26123264" total="26279936" percent="99" />
      <mem type="survivor" free="0" total="2949120" percent="0" />
    </mem>
    <mem type="tenure" free="2054355296" total="2063400960" percent="99">
      <mem type="soa" free="1951185248" total="1960230912" percent="99" />
      <mem type="loa" free="103170048" total="103170048" percent="100" />
    </mem>
    <remembered-set count="2584" />
  </mem-info>
</gc-end>
<cycle-end id="1593" type="scavenge" contextid="1587" timestamp="2019-06-15T03:59:57.402" />
  <attribute name="elasticGC enabled" value="1" />
  <attribute name= "numThreadsSpecified" value="4" />
  <attribute name="heapSize specified" value="34406400" />
  <attribute name="Current GC Util" value="10" />
  <attribute name= "Current Time Running" value="2545" />
  <attribute name ="GC Interval" value="200" />
  <attribute name="ProportionalT" value="-5.000000" />
  <attribute name="ProportionalI" value="-5.000000" />
  <attribute name="ProportionalH" value="-5.000000" />
  <attribute name="Current Error" value="-10.000000" />
  <attribute name="IntegralT" value="-140.000000" />
  <attribute name="IntegralI" value="-140.000000" />
  <attribute name="IntegralH" value="-140.000000" />
  <attribute name="DerivativeT" value="-1.714286" />
  <attribute name="DerivativeI" value="-1.714286" />
  <attribute name="DerivativeH" value="-1.714286" />
  <attribute name="Loop Time for DT" value="14.000000" />
  <attribute name="Output H" value="2092630016"/>
  <attribute name="Output I" value="200"/>
  <attribute name="Output T" value="4"/>
  <attribute name="Target GC Util Change" value ="20.000000" />
  <attribute name="Current GC Util Change" value="10.000000"/>
  <attribute name="GC Util currently" value="10" />
  <attribute name="CPU Util currently" value="326359276445" />
<allocation-satisfied id="1594" threadId="0000000002310500" bytesRequested="24" />
<af-end id="1595" timestamp="2019-06-15T03:59:57.402" threadId="0000000002310E88" success="true" from="nursery"/>
<exclusive-end id="1596" timestamp="2019-06-15T03:59:57.402" durationms="2.412" />

<exclusive-start id="1597" timestamp="2019-06-15T03:59:57.416" intervalms="15.672">
  <response-info timems="1.173" idlems="0.597" threads="1" lastid="0000000002314100" lastname="Thread-7" />
</exclusive-start>
<af-start id="1598" threadId="000000000230D288" totalBytesRequested="24" timestamp="2019-06-15T03:59:57.416" intervalms="15.700" type="nursery" />
<cycle-start id="1599" type="scavenge" contextid="0" timestamp="2019-06-15T03:59:57.416" intervalms="15.747" />
<gc-start id="1600" type="scavenge" contextid="1599" timestamp="2019-06-15T03:59:57.416">
  <mem-info id="1601" free="2054355296" total="2092630016" percent="98">
    <mem type="nursery" free="0" total="29229056" percent="0">
      <mem type="allocate" free="0" total="26279936" percent="0" />
      <mem type="survivor" free="0" total="2949120" percent="0" />
    </mem>
    <mem type="tenure" free="2054355296" total="2063400960" percent="99">
      <mem type="soa" free="1951185248" total="1960230912" percent="99" />
      <mem type="loa" free="103170048" total="103170048" percent="100" />
    </mem>
    <remembered-set count="3748" />
  </mem-info>
</gc-start>
<allocation-stats totalBytes="26120696" >
  <allocated-bytes non-tlh="24" tlh="26120672" />
  <largest-consumer threadName="Thread-9" threadId="0000000002310500" bytes="8879312" />
</allocation-stats>
<gc-op id="1602" type="scavenge" timems="0.792" contextid="1599" timestamp="2019-06-15T03:59:57.417">
  <scavenger-info tenureage="2" tenuremask="4004" tiltratio="89" />
  <memory-copied type="nursery" objects="2602" bytes="64024" bytesdiscarded="45032" />
  <memory-copied type="tenure" objects="1278" bytes="30672" bytesdiscarded="0" />
</gc-op>
<gc-end id="1603" type="scavenge" contextid="1599" durationms="1.212" usertimems="0.000" systemtimems="0.000" timestamp="2019-06-15T03:59:57.417" activeThreads="1">
  <mem-info id="1604" free="2080487008" total="2092630016" percent="99">
    <mem type="nursery" free="26170880" total="29229056" percent="89">
      <mem type="allocate" free="26170880" total="26279936" percent="99" />
      <mem type="survivor" free="0" total="2949120" percent="0" />
    </mem>
    <mem type="tenure" free="2054316128" total="2063400960" percent="99">
      <mem type="soa" free="1951146080" total="1960230912" percent="99" />
      <mem type="loa" free="103170048" total="103170048" percent="100" />
    </mem>
    <remembered-set count="2470" />
  </mem-info>
</gc-end>
<cycle-end id="1605" type="scavenge" contextid="1599" timestamp="2019-06-15T03:59:57.418" />
  <attribute name="elasticGC enabled" value="1" />
  <attribute name= "numThreadsSpecified" value="1" />
  <attribute name="heapSize specified" value="34406400" />
  <attribute name="Current GC Util" value="20" />
  <attribute name= "Current Time Running" value="2561" />
  <attribute name ="GC Interval" value="200" />
  <attribute name="ProportionalT" value="0.000000" />
  <attribute name="ProportionalI" value="0.000000" />
  <attribute name="ProportionalH" value="0.000000" />
  <attribute name="Current Error" value="0.000000" />
  <attribute name="IntegralT" value="0.000000" />
  <attribute name="IntegralI" value="0.000000" />
  <attribute name="IntegralH" value="0.000000" />
  <attribute name="DerivativeT" value="0.000000" />
  <attribute name="DerivativeI" value="0.000000" />
  <attribute name="DerivativeH" value="0.000000" />
  <attribute name="Loop Time for DT" value="16.000000" />
  <attribute name="Output H" value="8388608"/>
  <attribute name="Output I" value="200"/>
  <attribute name="Output T" value="1"/>
  <attribute name="Target GC Util Change" value ="20.000000" />
  <attribute name="Current GC Util Change" value="20.000000"/>
  <attribute name="GC Util currently" value="20" />
  <attribute name="CPU Util currently" value="288359830958" />
<allocation-satisfied id="1606" threadId="000000000230C900" bytesRequested="24" />
<af-end id="1607" timestamp="2019-06-15T03:59:57.418" threadId="000000000230D288" success="true" from="nursery"/>
<exclusive-end id="1608" timestamp="2019-06-15T03:59:57.418" durationms="2.227" />

<exclusive-start id="1609" timestamp="2019-06-15T03:59:57.428" intervalms="12.768">
  <response-info timems="0.040" idlems="0.040" threads="0" lastid="0000000002310500" lastname="Thread-9" />
</exclusive-start>
<af-start id="1610" threadId="0000000002310E88" totalBytesRequested="40" timestamp="2019-06-15T03:59:57.429" intervalms="12.768" type="nursery" />
<cycle-start id="1611" type="scavenge" contextid="0" timestamp="2019-06-15T03:59:57.429" intervalms="12.762" />
<gc-start id="1612" type="scavenge" contextid="1611" timestamp="2019-06-15T03:59:57.429">
  <mem-info id="1613" free="2054316128" total="2092630016" percent="98">
    <mem type="nursery" free="0" total="29229056" percent="0">
      <mem type="allocate" free="0" total="26279936" percent="0" />
      <mem type="survivor" free="0" total="2949120" percent="0" />
    </mem>
    <mem type="tenure" free="2054316128" total="2063400960" percent="99">
      <mem type="soa" free="1951146080" total="1960230912" percent="99" />
      <mem type="loa" free="103170048" total="103170048" percent="100" />
    </mem>
    <remembered-set count="3615" />
  </mem-info>
</gc-start>
<allocation-stats totalBytes="26168624" >
  <allocated-bytes non-tlh="24" tlh="26168600" />
  <largest-consumer threadName="Thread-9" threadId="0000000002310500" bytes="7830840" />
</allocation-stats>
<gc-op id="1614" type="scavenge" timems="1.356" contextid="1611" timestamp="2019-06-15T03:59:57.430">
  <scavenger-info tenureage="2" tenuremask="4004" tiltratio="89" />
  <memory-copied type="nursery" objects="2610" bytes="64376" bytesdiscarded="276616" />
  <memory-copied type="tenure" objects="1210" bytes="29040" bytesdiscarded="0" />
</gc-op>
<gc-end id="1615" type="scavenge" contextid="1611" durationms="1.629" usertimems="0.000" systemtimems="0.000" timestamp="2019-06-15T03:59:57.430" activeThreads="4">
  <mem-info id="1616" free="2080215904" total="2092630016" percent="99">
    <mem type="nursery" free="25938944" total="29229056" percent="88">
      <mem type="allocate" free="25938944" total="26279936" percent="98" />
      <mem type="survivor" free="0" total="2949120" percent="0" />
    </mem>
    <mem type="tenure" free="2054276960" total="2063400960" percent="99">
      <mem type="soa" free="1951106912" total="1960230912" percent="99" />
      <mem type="loa" free="103170048" total="103170048" percent="100" />
    </mem>
    <remembered-set count="2405" />
  </mem-info>
</gc-end>
<cycle-end id="1617" type="scavenge" contextid="1611" timestamp="2019-06-15T03:59:57.430" />
  <attribute name="elasticGC enabled" value="1" />
  <attribute name= "numThreadsSpecified" value="4" />
  <attribute name="heapSize specified" value="34406400" />
  <attribute name="Current GC Util" value="7" />
  <attribute name= "Current Time Running" value="2573" />
  <attribute name ="GC Interval" value="200" />
  <attribute name="ProportionalT" value="-6.500000" />
  <attribute name="ProportionalI" value="-6.500000" />
  <attribute name="ProportionalH" value="-6.500000" />
  <attribute name="Current Error" value="-13.000000" />
  <attribute name="IntegralT" value="-156.000000" />
  <attribute name="IntegralI" value="-156.000000" />
  <attribute name="IntegralH" value="-156.000000" />
  <attribute name="DerivativeT" value="-1.625000" />
  <attribute name="DerivativeI" value="-1.625000" />
  <attribute name="DerivativeH" value="-1.625000" />
  <attribute name="Loop Time for DT" value="12.000000" />
  <attribute name="Output H" value="2092630016"/>
  <attribute name="Output I" value="200"/>
  <attribute name="Output T" value="4"/>
  <attribute name="Target GC Util Change" value ="20.000000" />
  <attribute name="Current GC Util Change" value="7.000000"/>
  <attribute name="GC Util currently" value="7" />
  <attribute name="CPU Util currently" value="368880610775" />
<allocation-satisfied id="1618" threadId="0000000002310500" bytesRequested="40" />
<af-end id="1619" timestamp="2019-06-15T03:59:57.431" threadId="0000000002310E88" success="true" from="nursery"/>
<exclusive-end id="1620" timestamp="2019-06-15T03:59:57.431" durationms="2.243" />

<exclusive-start id="1621" timestamp="2019-06-15T03:59:57.440" intervalms="11.913">
  <response-info timems="0.024" idlems="0.024" threads="0" lastid="0000000002314100" lastname="Thread-7" />
</exclusive-start>
<af-start id="1622" threadId="0000000002314A88" totalBytesRequested="24" timestamp="2019-06-15T03:59:57.440" intervalms="11.836" type="nursery" />
<cycle-start id="1623" type="scavenge" contextid="0" timestamp="2019-06-15T03:59:57.440" intervalms="11.796" />
<gc-start id="1624" type="scavenge" contextid="1623" timestamp="2019-06-15T03:59:57.441">
  <mem-info id="1625" free="2054276960" total="2092630016" percent="98">
    <mem type="nursery" free="0" total="29229056" percent="0">
      <mem type="allocate" free="0" total="26279936" percent="0" />
      <mem type="survivor" free="0" total="2949120" percent="0" />
    </mem>
    <mem type="tenure" free="2054276960" total="2063400960" percent="99">
      <mem type="soa" free="1951106912" total="1960230912" percent="99" />
      <mem type="loa" free="103170048" total="103170048" percent="100" />
    </mem>
    <remembered-set count="3622" />
  </mem-info>
</gc-start>
<allocation-stats totalBytes="25937976" >
  <allocated-bytes non-tlh="40" tlh="25937936" />
  <largest-consumer threadName="Thread-9" threadId="0000000002310500" bytes="7569176" />
</allocation-stats>
<gc-op id="1626" type="scavenge" timems="0.371" contextid="1623" timestamp="2019-06-15T03:59:57.441">
  <scavenger-info tenureage="2" tenuremask="4004" tiltratio="89" />
  <memory-copied type="nursery" objects="2716" bytes="67088" bytesdiscarded="273904" />
  <memory-copied type="tenure" objects="1163" bytes="27912" bytesdiscarded="0" />
</gc-op>
<gc-end id="1627" type="scavenge" contextid="1623" durationms="0.756" usertimems="0.000" systemtimems="0.000" timestamp="2019-06-15T03:59:57.441" activeThreads="4">
  <mem-info id="1628" free="2080215904" total="2092630016" percent="99">
    <mem type="nursery" free="25938944" total="29229056" percent="88">
      <mem type="allocate" free="25938944" total="26279936" percent="98" />
      <mem type="survivor" free="0" total="2949120" percent="0" />
    </mem>
    <mem type="tenure" free="2054276960" total="2063400960" percent="99">
      <mem type="soa" free="1951106912" total="1960230912" percent="99" />
      <mem type="loa" free="103170048" total="103170048" percent="100" />
    </mem>
    <remembered-set count="2459" />
  </mem-info>
</gc-end>
<cycle-end id="1629" type="scavenge" contextid="1623" timestamp="2019-06-15T03:59:57.441" />
  <attribute name="elasticGC enabled" value="1" />
  <attribute name= "numThreadsSpecified" value="4" />
  <attribute name="heapSize specified" value="34406400" />
  <attribute name="Current GC Util" value="26" />
  <attribute name= "Current Time Running" value="2585" />
  <attribute name ="GC Interval" value="200" />
  <attribute name="ProportionalT" value="3.000000" />
  <attribute name="ProportionalI" value="3.000000" />
  <attribute name="ProportionalH" value="3.000000" />
  <attribute name="Current Error" value="6.000000" />
  <attribute name="IntegralT" value="72.000000" />
  <attribute name="IntegralI" value="72.000000" />
  <attribute name="IntegralH" value="72.000000" />
  <attribute name="DerivativeT" value="0.750000" />
  <attribute name="DerivativeI" value="0.750000" />
  <attribute name="DerivativeH" value="0.750000" />
  <attribute name="Loop Time for DT" value="12.000000" />
  <attribute name="Output H" value="8388608"/>
  <attribute name="Output I" value="200"/>
  <attribute name="Output T" value="4"/>
  <attribute name="Target GC Util Change" value ="20.000000" />
  <attribute name="Current GC Util Change" value="26.000000"/>
  <attribute name="GC Util currently" value="26" />
  <attribute name="CPU Util currently" value="388980049355" />
<allocation-satisfied id="1630" threadId="0000000002314100" bytesRequested="24" />
<af-end id="1631" timestamp="2019-06-15T03:59:57.442" threadId="0000000002314A88" success="true" from="nursery"/>
<exclusive-end id="1632" timestamp="2019-06-15T03:59:57.442" durationms="1.381" />

<exclusive-start id="1633" timestamp="2019-06-15T03:59:57.451" intervalms="10.946">
  <response-info timems="0.030" idlems="0.030" threads="0" lastid="0000000002314100" lastname="Thread-7" />
</exclusive-start>
<af-start id="1634" threadId="0000000002314A88" totalBytesRequested="40" timestamp="2019-06-15T03:59:57.451" intervalms="10.982" type="nursery" />
<cycle-start id="1635" type="scavenge" contextid="0" timestamp="2019-06-15T03:59:57.451" intervalms="10.981" />
<gc-start id="1636" type="scavenge" contextid="1635" timestamp="2019-06-15T03:59:57.452">
  <mem-info id="1637" free="2054276960" total="2092630016" percent="98">
    <mem type="nursery" free="0" total="29229056" percent="0">
      <mem type="allocate" free="0" total="26279936" percent="0" />
      <mem type="survivor" free="0" total="2949120" percent="0" />
    </mem>
    <mem type="tenure" free="2054276960" total="2063400960" percent="99">
      <mem type="soa" free="1951106912" total="1960230912" percent="99" />
      <mem type="loa" free="103170048" total="103170048" percent="100" />
    </mem>
    <remembered-set count="3752" />
  </mem-info>
</gc-start>
<allocation-stats totalBytes="25936368" >
  <allocated-bytes non-tlh="24" tlh="25936344" />
  <largest-consumer threadName="Thread-9" threadId="0000000002310500" bytes="7555384" />
</allocation-stats>
<gc-op id="1638" type="scavenge" timems="0.397" contextid="1635" timestamp="2019-06-15T03:59:57.452">
  <scavenger-info tenureage="2" tenuremask="4004" tiltratio="89" />
  <memory-copied type="nursery" objects="2877" bytes="71048" bytesdiscarded="423544" />
  <memory-copied type="tenure" objects="1145" bytes="27480" bytesdiscarded="0" />
</gc-op>
<gc-end id="1639" type="scavenge" contextid="1635" durationms="0.734" usertimems="0.000" systemtimems="0.000" timestamp="2019-06-15T03:59:57.452" activeThreads="4">
  <mem-info id="1640" free="2079961696" total="2092630016" percent="99">
    <mem type="nursery" free="25785344" total="29229056" percent="88">
      <mem type="allocate" free="25785344" total="26279936" percent="98" />
      <mem type="survivor" free="0" total="2949120" percent="0" />
    </mem>
    <mem type="tenure" free="2054176352" total="2063400960" percent="99">
      <mem type="soa" free="1951006304" total="1960230912" percent="99" />
      <mem type="loa" free="103170048" total="103170048" percent="100" />
    </mem>
    <remembered-set count="2607" />
  </mem-info>
</gc-end>
<cycle-end id="1641" type="scavenge" contextid="1635" timestamp="2019-06-15T03:59:57.452" />
  <attribute name="elasticGC enabled" value="1" />
  <attribute name= "numThreadsSpecified" value="4" />
  <attribute name="heapSize specified" value="34406400" />
  <attribute name="Current GC Util" value="8" />
  <attribute name= "Current Time Running" value="2596" />
  <attribute name ="GC Interval" value="200" />
  <attribute name="ProportionalT" value="-6.000000" />
  <attribute name="ProportionalI" value="-6.000000" />
  <attribute name="ProportionalH" value="-6.000000" />
  <attribute name="Current Error" value="-12.000000" />
  <attribute name="IntegralT" value="-132.000000" />
  <attribute name="IntegralI" value="-132.000000" />
  <attribute name="IntegralH" value="-132.000000" />
  <attribute name="DerivativeT" value="-2.454545" />
  <attribute name="DerivativeI" value="-2.454545" />
  <attribute name="DerivativeH" value="-2.454545" />
  <attribute name="Loop Time for DT" value="11.000000" />
  <attribute name="Output H" value="2092630016"/>
  <attribute name="Output I" value="200"/>
  <attribute name="Output T" value="4"/>
  <attribute name="Target GC Util Change" value ="20.000000" />
  <attribute name="Current GC Util Change" value="8.000000"/>
  <attribute name="GC Util currently" value="8" />
  <attribute name="CPU Util currently" value="418413289626" />
<allocation-satisfied id="1642" threadId="0000000002314100" bytesRequested="40" />
<af-end id="1643" timestamp="2019-06-15T03:59:57.453" threadId="0000000002314A88" success="true" from="nursery"/>
<exclusive-end id="1644" timestamp="2019-06-15T03:59:57.453" durationms="1.409" />

<exclusive-start id="1645" timestamp="2019-06-15T03:59:57.462" intervalms="10.377">
  <response-info timems="0.025" idlems="0.025" threads="0" lastid="0000000002310500" lastname="Thread-9" />
</exclusive-start>
<af-start id="1646" threadId="0000000002310E88" totalBytesRequested="40" timestamp="2019-06-15T03:59:57.462" intervalms="10.370" type="nursery" />
<cycle-start id="1647" type="scavenge" contextid="0" timestamp="2019-06-15T03:59:57.462" intervalms="10.366" />
<gc-start id="1648" type="scavenge" contextid="1647" timestamp="2019-06-15T03:59:57.462">
  <mem-info id="1649" free="2054176352" total="2092630016" percent="98">
    <mem type="nursery" free="0" total="29229056" percent="0">
      <mem type="allocate" free="0" total="26279936" percent="0" />
      <mem type="survivor" free="0" total="2949120" percent="0" />
    </mem>
    <mem type="tenure" free="2054176352" total="2063400960" percent="99">
      <mem type="soa" free="1951006304" total="1960230912" percent="99" />
      <mem type="loa" free="103170048" total="103170048" percent="100" />
    </mem>
    <remembered-set count="4087" />
  </mem-info>
</gc-start>
<allocation-stats totalBytes="25784512" >
  <allocated-bytes non-tlh="40" tlh="25784472" />
  <largest-consumer threadName="Thread-9" threadId="0000000002310500" bytes="7306888" />
</allocation-stats>
<gc-op id="1650" type="scavenge" timems="1.162" contextid="1647" timestamp="2019-06-15T03:59:57.463">
  <scavenger-info tenureage="2" tenuremask="fff4" tiltratio="89" />
  <memory-copied type="nursery" objects="3065" bytes="75184" bytesdiscarded="265808" />
  <memory-copied type="tenure" objects="1217" bytes="29208" bytesdiscarded="0" />
</gc-op>
<gc-end id="1651" type="scavenge" contextid="1647" durationms="1.436" usertimems="4.000" systemtimems="0.000" timestamp="2019-06-15T03:59:57.463" activeThreads="4">
  <mem-info id="1652" free="2080115296" total="2092630016" percent="99">
    <mem type="nursery" free="25938944" total="29229056" percent="88">
      <mem type="allocate" free="25938944" total="26279936" percent="98" />
      <mem type="survivor" free="0" total="2949120" percent="0" />
    </mem>
    <mem type="tenure" free="2054176352" total="2063400960" percent="99">
      <mem type="soa" free="1951006304" total="1960230912" percent="99" />
      <mem type="loa" free="103170048" total="103170048" percent="100" />
    </mem>
    <remembered-set count="2870" />
  </mem-info>
</gc-end>
<cycle-end id="1653" type="scavenge" contextid="1647" timestamp="2019-06-15T03:59:57.463" />
  <attribute name="elasticGC enabled" value="1" />
  <attribute name= "numThreadsSpecified" value="4" />
  <attribute name="heapSize specified" value="34406400" />
  <attribute name="Current GC Util" value="9" />
  <attribute name= "Current Time Running" value="2606" />
  <attribute name ="GC Interval" value="200" />
  <attribute name="ProportionalT" value="-5.500000" />
  <attribute name="ProportionalI" value="-5.500000" />
  <attribute name="ProportionalH" value="-5.500000" />
  <attribute name="Current Error" value="-11.000000" />
  <attribute name="IntegralT" value="-110.000000" />
  <attribute name="IntegralI" value="-110.000000" />
  <attribute name="IntegralH" value="-110.000000" />
  <attribute name="DerivativeT" value="-1.650000" />
  <attribute name="DerivativeI" value="-1.650000" />
  <attribute name="DerivativeH" value="-1.650000" />
  <attribute name="Loop Time for DT" value="10.000000" />
  <attribute name="Output H" value="2092630016"/>
  <attribute name="Output I" value="200"/>
  <attribute name="Output T" value="4"/>
  <attribute name="Target GC Util Change" value ="20.000000" />
  <attribute name="Current GC Util Change" value="9.000000"/>
  <attribute name="GC Util currently" value="9" />
  <attribute name="CPU Util currently" value="449955045924" />
<allocation-satisfied id="1654" threadId="0000000002310500" bytesRequested="40" />
<af-end id="1655" timestamp="2019-06-15T03:59:57.464" threadId="0000000002310E88" success="true" from="nursery"/>
<exclusive-end id="1656" timestamp="2019-06-15T03:59:57.464" durationms="2.022" />

<exclusive-start id="1657" timestamp="2019-06-15T03:59:57.472" intervalms="10.219">
  <response-info timems="0.036" idlems="0.036" threads="0" lastid="000000000230C900" lastname="Thread-10" />
</exclusive-start>
<af-start id="1658" threadId="000000000230D288" totalBytesRequested="40" timestamp="2019-06-15T03:59:57.472" intervalms="10.226" type="nursery" />
<cycle-start id="1659" type="scavenge" contextid="0" timestamp="2019-06-15T03:59:57.472" intervalms="10.236" />
<gc-start id="1660" type="scavenge" contextid="1659" timestamp="2019-06-15T03:59:57.472">
  <mem-info id="1661" free="2054176352" total="2092630016" percent="98">
    <mem type="nursery" free="0" total="29229056" percent="0">
      <mem type="allocate" free="0" total="26279936" percent="0" />
      <mem type="survivor" free="0" total="2949120" percent="0" />
    </mem>
    <mem type="tenure" free="2054176352" total="2063400960" percent="99">
      <mem type="soa" free="1951006304" total="1960230912" percent="99" />
      <mem type="loa" free="103170048" total="103170048" percent="100" />
    </mem>
    <remembered-set count="4726" />
  </mem-info>
</gc-start>
<allocation-stats totalBytes="25937512" >
  <allocated-bytes non-tlh="40" tlh="25937472" />
  <largest-consumer threadName="Thread-10" threadId="000000000230C900" bytes="7437880" />
</allocation-stats>
<gc-op id="1662" type="scavenge" timems="0.929" contextid="1659" timestamp="2019-06-15T03:59:57.473">
  <scavenger-info tenureage="2" tenuremask="fff4" tiltratio="89" />
  <memory-copied type="nursery" objects="3606" bytes="87920" bytesdiscarded="68752" />
  <memory-copied type="tenure" objects="1289" bytes="30936" bytesdiscarded="0" />
</gc-op>
<gc-end id="1663" type="scavenge" contextid="1659" durationms="1.317" usertimems="0.000" systemtimems="0.000" timestamp="2019-06-15T03:59:57.473" activeThreads="4">
  <mem-info id="1664" free="2080299616" total="2092630016" percent="99">
    <mem type="nursery" free="26123264" total="29229056" percent="89">
      <mem type="allocate" free="26123264" total="26279936" percent="99" />
      <mem type="survivor" free="0" total="2949120" percent="0" />
    </mem>
    <mem type="tenure" free="2054176352" total="2063400960" percent="99">
      <mem type="soa" free="1951006304" total="1960230912" percent="99" />
      <mem type="loa" free="103170048" total="103170048" percent="100" />
    </mem>
    <remembered-set count="3437" />
  </mem-info>
</gc-end>
<cycle-end id="1665" type="scavenge" contextid="1659" timestamp="2019-06-15T03:59:57.474" />
  <attribute name="elasticGC enabled" value="1" />
  <attribute name= "numThreadsSpecified" value="4" />
  <attribute name="heapSize specified" value="34406400" />
  <attribute name="Current GC Util" value="24" />
  <attribute name= "Current Time Running" value="2617" />
  <attribute name ="GC Interval" value="200" />
  <attribute name="ProportionalT" value="2.000000" />
  <attribute name="ProportionalI" value="2.000000" />
  <attribute name="ProportionalH" value="2.000000" />
  <attribute name="Current Error" value="4.000000" />
  <attribute name="IntegralT" value="44.000000" />
  <attribute name="IntegralI" value="44.000000" />
  <attribute name="IntegralH" value="44.000000" />
  <attribute name="DerivativeT" value="0.545455" />
  <attribute name="DerivativeI" value="0.545455" />
  <attribute name="DerivativeH" value="0.545455" />
  <attribute name="Loop Time for DT" value="11.000000" />
  <attribute name="Output H" value="8388608"/>
  <attribute name="Output I" value="200"/>
  <attribute name="Output T" value="4"/>
  <attribute name="Target GC Util Change" value ="20.000000" />
  <attribute name="Current GC Util Change" value="24.000000"/>
  <attribute name="GC Util currently" value="24" />
  <attribute name="CPU Util currently" value="447621948931" />
<allocation-satisfied id="1666" threadId="000000000230C900" bytesRequested="40" />
<af-end id="1667" timestamp="2019-06-15T03:59:57.474" threadId="000000000230D288" success="true" from="nursery"/>
<exclusive-end id="1668" timestamp="2019-06-15T03:59:57.474" durationms="1.984" />

<exclusive-start id="1669" timestamp="2019-06-15T03:59:57.483" intervalms="10.741">
  <response-info timems="0.024" idlems="0.024" threads="0" lastid="0000000002314100" lastname="Thread-7" />
</exclusive-start>
<af-start id="1670" threadId="0000000002314A88" totalBytesRequested="40" timestamp="2019-06-15T03:59:57.483" intervalms="10.774" type="nursery" />
<cycle-start id="1671" type="scavenge" contextid="0" timestamp="2019-06-15T03:59:57.483" intervalms="10.826" />
<gc-start id="1672" type="scavenge" contextid="1671" timestamp="2019-06-15T03:59:57.483">
  <mem-info id="1673" free="2054176352" total="2092630016" percent="98">
    <mem type="nursery" free="0" total="29229056" percent="0">
      <mem type="allocate" free="0" total="26279936" percent="0" />
      <mem type="survivor" free="0" total="2949120" percent="0" />
    </mem>
    <mem type="tenure" free="2054176352" total="2063400960" percent="99">
      <mem type="soa" free="1951006304" total="1960230912" percent="99" />
      <mem type="loa" free="103170048" total="103170048" percent="100" />
    </mem>
    <remembered-set count="5247" />
  </mem-info>
</gc-start>
<allocation-stats totalBytes="26122248" >
  <allocated-bytes non-tlh="40" tlh="26122208" />
  <largest-consumer threadName="Thread-10" threadId="000000000230C900" bytes="7608984" />
</allocation-stats>
<gc-op id="1674" type="scavenge" timems="0.634" contextid="1671" timestamp="2019-06-15T03:59:57.484">
  <scavenger-info tenureage="2" tenuremask="fff4" tiltratio="89" />
  <memory-copied type="nursery" objects="15929" bytes="658624" bytesdiscarded="176960" />
  <memory-copied type="tenure" objects="1473" bytes="35352" bytesdiscarded="0" />
</gc-op>
<gc-end id="1675" type="scavenge" contextid="1671" durationms="0.975" usertimems="0.000" systemtimems="0.000" timestamp="2019-06-15T03:59:57.484" activeThreads="4">
  <mem-info id="1676" free="2079620704" total="2092630016" percent="99">
    <mem type="nursery" free="25444352" total="29229056" percent="87">
      <mem type="allocate" free="25444352" total="26279936" percent="96" />
      <mem type="survivor" free="0" total="2949120" percent="0" />
    </mem>
    <mem type="tenure" free="2054176352" total="2063400960" percent="99">
      <mem type="soa" free="1951006304" total="1960230912" percent="99" />
      <mem type="loa" free="103170048" total="103170048" percent="100" />
    </mem>
    <remembered-set count="3774" />
  </mem-info>
</gc-end>
<cycle-end id="1677" type="scavenge" contextid="1671" timestamp="2019-06-15T03:59:57.484" />
  <attribute name="elasticGC enabled" value="1" />
  <attribute name= "numThreadsSpecified" value="4" />
  <attribute name="heapSize specified" value="34406400" />
  <attribute name="Current GC Util" value="19" />
  <attribute name= "Current Time Running" value="2628" />
  <attribute name ="GC Interval" value="200" />
  <attribute name="ProportionalT" value="-0.500000" />
  <attribute name="ProportionalI" value="-0.500000" />
  <attribute name="ProportionalH" value="-0.500000" />
  <attribute name="Current Error" value="-1.000000" />
  <attribute name="IntegralT" value="-11.000000" />
  <attribute name="IntegralI" value="-11.000000" />
  <attribute name="IntegralH" value="-11.000000" />
  <attribute name="DerivativeT" value="-0.681818" />
  <attribute name="DerivativeI" value="-0.681818" />
  <attribute name="DerivativeH" value="-0.681818" />
  <attribute name="Loop Time for DT" value="11.000000" />
  <attribute name="Output H" value="2092630016"/>
  <attribute name="Output I" value="200"/>
  <attribute name="Output T" value="4"/>
  <attribute name="Target GC Util Change" value ="20.000000" />
  <attribute name="Current GC Util Change" value="19.000000"/>
  <attribute name="GC Util currently" value="19" />
  <attribute name="CPU Util currently" value="425789377940" />
<allocation-satisfied id="1678" threadId="0000000002314100" bytesRequested="40" />
<af-end id="1679" timestamp="2019-06-15T03:59:57.484" threadId="0000000002314A88" success="true" from="nursery"/>
<exclusive-end id="1680" timestamp="2019-06-15T03:59:57.484" durationms="1.733" />

<exclusive-start id="1681" timestamp="2019-06-15T03:59:57.493" intervalms="10.665">
  <response-info timems="0.025" idlems="0.025" threads="0" lastid="0000000002310500" lastname="Thread-9" />
</exclusive-start>
<af-start id="1682" threadId="0000000002310E88" totalBytesRequested="40" timestamp="2019-06-15T03:59:57.493" intervalms="10.623" type="nursery" />
<cycle-start id="1683" type="scavenge" contextid="0" timestamp="2019-06-15T03:59:57.493" intervalms="10.560" />
<gc-start id="1684" type="scavenge" contextid="1683" timestamp="2019-06-15T03:59:57.494">
  <mem-info id="1685" free="2054176352" total="2092630016" percent="98">
    <mem type="nursery" free="0" total="29229056" percent="0">
      <mem type="allocate" free="0" total="26279936" percent="0" />
      <mem type="survivor" free="0" total="2949120" percent="0" />
    </mem>
    <mem type="tenure" free="2054176352" total="2063400960" percent="99">
      <mem type="soa" free="1951006304" total="1960230912" percent="99" />
      <mem type="loa" free="103170048" total="103170048" percent="100" />
    </mem>
    <remembered-set count="4880" />
  </mem-info>
</gc-start>
<allocation-stats totalBytes="25443432" >
  <allocated-bytes non-tlh="40" tlh="25443392" />
  <largest-consumer threadName="Thread-9" threadId="0000000002310500" bytes="7044752" />
</allocation-stats>
<gc-op id="1686" type="scavenge" timems="1.582" contextid="1683" timestamp="2019-06-15T03:59:57.495">
  <scavenger-info tenureage="2" tenuremask="fff4" tiltratio="89" />
  <memory-copied type="nursery" objects="15969" bytes="659776" bytesdiscarded="111152" />
  <memory-copied type="tenure" objects="1869" bytes="44856" bytesdiscarded="0" />
</gc-op>
<gc-end id="1687" type="scavenge" contextid="1683" durationms="1.866" usertimems="4.000" systemtimems="0.000" timestamp="2019-06-15T03:59:57.495" activeThreads="4">
  <mem-info id="1688" free="2079646192" total="2092630016" percent="99">
    <mem type="nursery" free="25509008" total="29229056" percent="87">
      <mem type="allocate" free="25509008" total="26279936" percent="97" />
      <mem type="survivor" free="0" total="2949120" percent="0" />
    </mem>
    <mem type="tenure" free="2054137184" total="2063400960" percent="99">
      <mem type="soa" free="1950967136" total="1960230912" percent="99" />
      <mem type="loa" free="103170048" total="103170048" percent="100" />
    </mem>
    <remembered-set count="3009" />
  </mem-info>
</gc-end>
<cycle-end id="1689" type="scavenge" contextid="1683" timestamp="2019-06-15T03:59:57.496" />
  <attribute name="elasticGC enabled" value="1" />
  <attribute name= "numThreadsSpecified" value="4" />
  <attribute name="heapSize specified" value="34406400" />
  <attribute name="Current GC Util" value="19" />
  <attribute name= "Current Time Running" value="2638" />
  <attribute name ="GC Interval" value="200" />
  <attribute name="ProportionalT" value="-0.500000" />
  <attribute name="ProportionalI" value="-0.500000" />
  <attribute name="ProportionalH" value="-0.500000" />
  <attribute name="Current Error" value="-1.000000" />
  <attribute name="IntegralT" value="-10.000000" />
  <attribute name="IntegralI" value="-10.000000" />
  <attribute name="IntegralH" value="-10.000000" />
  <attribute name="DerivativeT" value="-0.150000" />
  <attribute name="DerivativeI" value="-0.150000" />
  <attribute name="DerivativeH" value="-0.150000" />
  <attribute name="Loop Time for DT" value="10.000000" />
  <attribute name="Output H" value="2092630016"/>
  <attribute name="Output I" value="200"/>
  <attribute name="Output T" value="4"/>
  <attribute name="Target GC Util Change" value ="20.000000" />
  <attribute name="Current GC Util Change" value="19.000000"/>
  <attribute name="GC Util currently" value="19" />
  <attribute name="CPU Util currently" value="439485862386" />
<allocation-satisfied id="1690" threadId="0000000002310500" bytesRequested="40" />
<af-end id="1691" timestamp="2019-06-15T03:59:57.496" threadId="0000000002310E88" success="true" from="nursery"/>
<exclusive-end id="1692" timestamp="2019-06-15T03:59:57.496" durationms="2.453" />

<exclusive-start id="1693" timestamp="2019-06-15T03:59:57.505" intervalms="12.010">
  <response-info timems="0.028" idlems="0.028" threads="0" lastid="0000000002308D00" lastname="Thread-8" />
</exclusive-start>
<af-start id="1694" threadId="0000000002309688" totalBytesRequested="40" timestamp="2019-06-15T03:59:57.505" intervalms="12.028" type="nursery" />
<cycle-start id="1695" type="scavenge" contextid="0" timestamp="2019-06-15T03:59:57.505" intervalms="12.038" />
<gc-start id="1696" type="scavenge" contextid="1695" timestamp="2019-06-15T03:59:57.506">
  <mem-info id="1697" free="2054137184" total="2092630016" percent="98">
    <mem type="nursery" free="0" total="29229056" percent="0">
      <mem type="allocate" free="0" total="26279936" percent="0" />
      <mem type="survivor" free="0" total="2949120" percent="0" />
    </mem>
    <mem type="tenure" free="2054137184" total="2063400960" percent="99">
      <mem type="soa" free="1950967136" total="1960230912" percent="99" />
      <mem type="loa" free="103170048" total="103170048" percent="100" />
    </mem>
    <remembered-set count="3854" />
  </mem-info>
</gc-start>
<allocation-stats totalBytes="25506504" >
  <allocated-bytes non-tlh="40" tlh="25506464" />
  <largest-consumer threadName="Thread-10" threadId="000000000230C900" bytes="7306552" />
</allocation-stats>
<gc-op id="1698" type="scavenge" timems="1.632" contextid="1695" timestamp="2019-06-15T03:59:57.507">
  <scavenger-info tenureage="2" tenuremask="fff4" tiltratio="89" />
  <memory-copied type="nursery" objects="9677" bytes="371088" bytesdiscarded="179568" />
  <memory-copied type="tenure" objects="13776" bytes="605376" bytesdiscarded="72" />
</gc-op>
<gc-end id="1699" type="scavenge" contextid="1695" durationms="2.211" usertimems="4.000" systemtimems="0.000" timestamp="2019-06-15T03:59:57.508" activeThreads="4">
  <mem-info id="1700" free="2079100768" total="2092630016" percent="99">
    <mem type="nursery" free="25729280" total="29229056" percent="88">
      <mem type="allocate" free="25729280" total="26279936" percent="97" />
      <mem type="survivor" free="0" total="2949120" percent="0" />
    </mem>
    <mem type="tenure" free="2053371488" total="2063400960" percent="99">
      <mem type="soa" free="1950201440" total="1960230912" percent="99" />
      <mem type="loa" free="103170048" total="103170048" percent="100" />
    </mem>
    <remembered-set count="3449" />
  </mem-info>
</gc-end>
<cycle-end id="1701" type="scavenge" contextid="1695" timestamp="2019-06-15T03:59:57.508" />
  <attribute name="elasticGC enabled" value="1" />
  <attribute name= "numThreadsSpecified" value="4" />
  <attribute name="heapSize specified" value="34406400" />
  <attribute name="Current GC Util" value="30" />
  <attribute name= "Current Time Running" value="2650" />
  <attribute name ="GC Interval" value="200" />
  <attribute name="ProportionalT" value="5.000000" />
  <attribute name="ProportionalI" value="5.000000" />
  <attribute name="ProportionalH" value="5.000000" />
  <attribute name="Current Error" value="10.000000" />
  <attribute name="IntegralT" value="120.000000" />
  <attribute name="IntegralI" value="120.000000" />
  <attribute name="IntegralH" value="120.000000" />
  <attribute name="DerivativeT" value="1.250000" />
  <attribute name="DerivativeI" value="1.250000" />
  <attribute name="DerivativeH" value="1.250000" />
  <attribute name="Loop Time for DT" value="12.000000" />
  <attribute name="Output H" value="8388608"/>
  <attribute name="Output I" value="200"/>
  <attribute name="Output T" value="4"/>
  <attribute name="Target GC Util Change" value ="20.000000" />
  <attribute name="Current GC Util Change" value="30.000000"/>
  <attribute name="GC Util currently" value="30" />
  <attribute name="CPU Util currently" value="379336530892" />
<allocation-satisfied id="1702" threadId="0000000002308D00" bytesRequested="40" />
<af-end id="1703" timestamp="2019-06-15T03:59:57.508" threadId="0000000002309688" success="true" from="nursery"/>
<exclusive-end id="1704" timestamp="2019-06-15T03:59:57.508" durationms="3.041" />

<exclusive-start id="1705" timestamp="2019-06-15T03:59:57.519" intervalms="13.949">
  <response-info timems="0.033" idlems="0.033" threads="0" lastid="0000000002314100" lastname="Thread-7" />
</exclusive-start>
<af-start id="1706" threadId="0000000002314A88" totalBytesRequested="40" timestamp="2019-06-15T03:59:57.519" intervalms="13.953" type="nursery" />
<cycle-start id="1707" type="scavenge" contextid="0" timestamp="2019-06-15T03:59:57.519" intervalms="13.956" />
<gc-start id="1708" type="scavenge" contextid="1707" timestamp="2019-06-15T03:59:57.520">
  <mem-info id="1709" free="2053371488" total="2092630016" percent="98">
    <mem type="nursery" free="0" total="29229056" percent="0">
      <mem type="allocate" free="0" total="26279936" percent="0" />
      <mem type="survivor" free="0" total="2949120" percent="0" />
    </mem>
    <mem type="tenure" free="2053371488" total="2063400960" percent="99">
      <mem type="soa" free="1950201440" total="1960230912" percent="99" />
      <mem type="loa" free="103170048" total="103170048" percent="100" />
    </mem>
    <remembered-set count="4261" />
  </mem-info>
</gc-start>
<allocation-stats totalBytes="25728264" >
  <allocated-bytes non-tlh="40" tlh="25728224" />
  <largest-consumer threadName="Thread-10" threadId="000000000230C900" bytes="7569152" />
</allocation-stats>
<gc-op id="1710" type="scavenge" timems="0.505" contextid="1707" timestamp="2019-06-15T03:59:57.520">
  <scavenger-info tenureage="2" tenuremask="fff4" tiltratio="89" />
  <memory-copied type="nursery" objects="15507" bytes="648720" bytesdiscarded="91488" />
  <memory-copied type="tenure" objects="1846" bytes="44304" bytesdiscarded="0" />
</gc-op>
<gc-end id="1711" type="scavenge" contextid="1707" durationms="0.906" usertimems="0.000" systemtimems="0.000" timestamp="2019-06-15T03:59:57.520" activeThreads="4">
  <mem-info id="1712" free="2078911216" total="2092630016" percent="99">
    <mem type="nursery" free="25539728" total="29229056" percent="87">
      <mem type="allocate" free="25539728" total="26279936" percent="97" />
      <mem type="survivor" free="0" total="2949120" percent="0" />
    </mem>
    <mem type="tenure" free="2053371488" total="2063400960" percent="99">
      <mem type="soa" free="1950201440" total="1960230912" percent="99" />
      <mem type="loa" free="103170048" total="103170048" percent="100" />
    </mem>
    <remembered-set count="2414" />
  </mem-info>
</gc-end>
<cycle-end id="1713" type="scavenge" contextid="1707" timestamp="2019-06-15T03:59:57.521" />
  <attribute name="elasticGC enabled" value="1" />
  <attribute name= "numThreadsSpecified" value="4" />
  <attribute name="heapSize specified" value="34406400" />
  <attribute name="Current GC Util" value="28" />
  <attribute name= "Current Time Running" value="2664" />
  <attribute name ="GC Interval" value="200" />
  <attribute name="ProportionalT" value="4.000000" />
  <attribute name="ProportionalI" value="4.000000" />
  <attribute name="ProportionalH" value="4.000000" />
  <attribute name="Current Error" value="8.000000" />
  <attribute name="IntegralT" value="112.000000" />
  <attribute name="IntegralI" value="112.000000" />
  <attribute name="IntegralH" value="112.000000" />
  <attribute name="DerivativeT" value="-0.214286" />
  <attribute name="DerivativeI" value="-0.214286" />
  <attribute name="DerivativeH" value="-0.214286" />
  <attribute name="Loop Time for DT" value="14.000000" />
  <attribute name="Output H" value="8388608"/>
  <attribute name="Output I" value="200"/>
  <attribute name="Output T" value="4"/>
  <attribute name="Target GC Util Change" value ="20.000000" />
  <attribute name="Current GC Util Change" value="28.000000"/>
  <attribute name="GC Util currently" value="28" />
  <attribute name="CPU Util currently" value="330452971065" />
<allocation-satisfied id="1714" threadId="0000000002314100" bytesRequested="40" />
<af-end id="1715" timestamp="2019-06-15T03:59:57.521" threadId="0000000002314A88" success="true" from="nursery"/>
<exclusive-end id="1716" timestamp="2019-06-15T03:59:57.521" durationms="1.672" />

<exclusive-start id="1717" timestamp="2019-06-15T03:59:57.532" intervalms="12.967">
  <response-info timems="0.024" idlems="0.024" threads="0" lastid="000000000230C900" lastname="Thread-10" />
</exclusive-start>
<af-start id="1718" threadId="000000000230D288" totalBytesRequested="40" timestamp="2019-06-15T03:59:57.532" intervalms="12.949" type="nursery" />
<cycle-start id="1719" type="scavenge" contextid="0" timestamp="2019-06-15T03:59:57.532" intervalms="12.948" />
<gc-start id="1720" type="scavenge" contextid="1719" timestamp="2019-06-15T03:59:57.532">
  <mem-info id="1721" free="2053371488" total="2092630016" percent="98">
    <mem type="nursery" free="0" total="29229056" percent="0">
      <mem type="allocate" free="0" total="26279936" percent="0" />
      <mem type="survivor" free="0" total="2949120" percent="0" />
    </mem>
    <mem type="tenure" free="2053371488" total="2063400960" percent="99">
      <mem type="soa" free="1950201440" total="1960230912" percent="99" />
      <mem type="loa" free="103170048" total="103170048" percent="100" />
    </mem>
    <remembered-set count="2854" />
  </mem-info>
</gc-start>
<allocation-stats totalBytes="25537256" >
  <allocated-bytes non-tlh="40" tlh="25537216" />
  <largest-consumer threadName="Thread-10" threadId="000000000230C900" bytes="7044408" />
</allocation-stats>
<gc-op id="1722" type="scavenge" timems="1.680" contextid="1719" timestamp="2019-06-15T03:59:57.535">
  <scavenger-info tenureage="2" tenuremask="fff4" tiltratio="89" />
  <memory-copied type="nursery" objects="9628" bytes="369680" bytesdiscarded="211696" />
  <memory-copied type="tenure" objects="7611" bytes="320040" bytesdiscarded="0" />
</gc-op>
<gc-end id="1723" type="scavenge" contextid="1719" durationms="2.176" usertimems="4.000" systemtimems="0.000" timestamp="2019-06-15T03:59:57.535" activeThreads="4">
  <mem-info id="1724" free="2078899552" total="2092630016" percent="99">
    <mem type="nursery" free="25698560" total="29229056" percent="87">
      <mem type="allocate" free="25698560" total="26279936" percent="97" />
      <mem type="survivor" free="0" total="2949120" percent="0" />
    </mem>
    <mem type="tenure" free="2053200992" total="2063400960" percent="99">
      <mem type="soa" free="1950030944" total="1960230912" percent="99" />
      <mem type="loa" free="103170048" total="103170048" percent="100" />
    </mem>
    <remembered-set count="2021" />
  </mem-info>
</gc-end>
<cycle-end id="1725" type="scavenge" contextid="1719" timestamp="2019-06-15T03:59:57.535" />
  <attribute name="elasticGC enabled" value="1" />
  <attribute name= "numThreadsSpecified" value="4" />
  <attribute name="heapSize specified" value="34406400" />
  <attribute name="Current GC Util" value="14" />
  <attribute name= "Current Time Running" value="2677" />
  <attribute name ="GC Interval" value="200" />
  <attribute name="ProportionalT" value="-3.000000" />
  <attribute name="ProportionalI" value="-3.000000" />
  <attribute name="ProportionalH" value="-3.000000" />
  <attribute name="Current Error" value="-6.000000" />
  <attribute name="IntegralT" value="-78.000000" />
  <attribute name="IntegralI" value="-78.000000" />
  <attribute name="IntegralH" value="-78.000000" />
  <attribute name="DerivativeT" value="-1.615385" />
  <attribute name="DerivativeI" value="-1.615385" />
  <attribute name="DerivativeH" value="-1.615385" />
  <attribute name="Loop Time for DT" value="13.000000" />
  <attribute name="Output H" value="2092630016"/>
  <attribute name="Output I" value="200"/>
  <attribute name="Output T" value="4"/>
  <attribute name="Target GC Util Change" value ="20.000000" />
  <attribute name="Current GC Util Change" value="14.000000"/>
  <attribute name="GC Util currently" value="14" />
  <attribute name="CPU Util currently" value="354478019087" />
<allocation-satisfied id="1726" threadId="000000000230C900" bytesRequested="40" />
<af-end id="1727" timestamp="2019-06-15T03:59:57.535" threadId="000000000230D288" success="true" from="nursery"/>
<exclusive-end id="1728" timestamp="2019-06-15T03:59:57.535" durationms="2.983" />

<exclusive-start id="1729" timestamp="2019-06-15T03:59:57.547" intervalms="14.498">
  <response-info timems="0.034" idlems="0.034" threads="0" lastid="0000000002314100" lastname="Thread-7" />
</exclusive-start>
<af-start id="1730" threadId="0000000002314A88" totalBytesRequested="40" timestamp="2019-06-15T03:59:57.547" intervalms="14.515" type="nursery" />
<cycle-start id="1731" type="scavenge" contextid="0" timestamp="2019-06-15T03:59:57.547" intervalms="14.527" />
<gc-start id="1732" type="scavenge" contextid="1731" timestamp="2019-06-15T03:59:57.547">
  <mem-info id="1733" free="2053200992" total="2092630016" percent="98">
    <mem type="nursery" free="0" total="29229056" percent="0">
      <mem type="allocate" free="0" total="26279936" percent="0" />
      <mem type="survivor" free="0" total="2949120" percent="0" />
    </mem>
    <mem type="tenure" free="2053200992" total="2063400960" percent="99">
      <mem type="soa" free="1950030944" total="1960230912" percent="99" />
      <mem type="loa" free="103170048" total="103170048" percent="100" />
    </mem>
    <remembered-set count="2781" />
  </mem-info>
</gc-start>
<allocation-stats totalBytes="25698144" >
  <allocated-bytes non-tlh="40" tlh="25698104" />
  <largest-consumer threadName="Thread-10" threadId="000000000230C900" bytes="7176160" />
</allocation-stats>
<gc-op id="1734" type="scavenge" timems="0.455" contextid="1731" timestamp="2019-06-15T03:59:57.548">
  <scavenger-info tenureage="2" tenuremask="fff4" tiltratio="89" />
  <memory-copied type="nursery" objects="3214" bytes="78536" bytesdiscarded="354616" />
  <memory-copied type="tenure" objects="7579" bytes="319272" bytesdiscarded="0" />
</gc-op>
<gc-end id="1735" type="scavenge" contextid="1731" durationms="0.836" usertimems="0.000" systemtimems="0.000" timestamp="2019-06-15T03:59:57.548" activeThreads="4">
  <mem-info id="1736" free="2078653792" total="2092630016" percent="99">
    <mem type="nursery" free="25846784" total="29229056" percent="88">
      <mem type="allocate" free="25846784" total="26279936" percent="98" />
      <mem type="survivor" free="0" total="2949120" percent="0" />
    </mem>
    <mem type="tenure" free="2052807008" total="2063400960" percent="99">
      <mem type="soa" free="1949636960" total="1960230912" percent="99" />
      <mem type="loa" free="103170048" total="103170048" percent="100" />
    </mem>
    <remembered-set count="3060" />
  </mem-info>
</gc-end>
<cycle-end id="1737" type="scavenge" contextid="1731" timestamp="2019-06-15T03:59:57.548" />
  <attribute name="elasticGC enabled" value="1" />
  <attribute name= "numThreadsSpecified" value="4" />
  <attribute name="heapSize specified" value="34406400" />
  <attribute name="Current GC Util" value="26" />
  <attribute name= "Current Time Running" value="2692" />
  <attribute name ="GC Interval" value="200" />
  <attribute name="ProportionalT" value="3.000000" />
  <attribute name="ProportionalI" value="3.000000" />
  <attribute name="ProportionalH" value="3.000000" />
  <attribute name="Current Error" value="6.000000" />
  <attribute name="IntegralT" value="90.000000" />
  <attribute name="IntegralI" value="90.000000" />
  <attribute name="IntegralH" value="90.000000" />
  <attribute name="DerivativeT" value="0.600000" />
  <attribute name="DerivativeI" value="0.600000" />
  <attribute name="DerivativeH" value="0.600000" />
  <attribute name="Loop Time for DT" value="15.000000" />
  <attribute name="Output H" value="8388608"/>
  <attribute name="Output I" value="200"/>
  <attribute name="Output T" value="4"/>
  <attribute name="Target GC Util Change" value ="20.000000" />
  <attribute name="Current GC Util Change" value="26.000000"/>
  <attribute name="GC Util currently" value="26" />
  <attribute name="CPU Util currently" value="319954548757" />
<allocation-satisfied id="1738" threadId="0000000002314100" bytesRequested="40" />
<af-end id="1739" timestamp="2019-06-15T03:59:57.548" threadId="0000000002314A88" success="true" from="nursery"/>
<exclusive-end id="1740" timestamp="2019-06-15T03:59:57.548" durationms="1.578" />

<exclusive-start id="1741" timestamp="2019-06-15T03:59:57.559" intervalms="12.764">
  <response-info timems="0.027" idlems="0.027" threads="0" lastid="0000000002310500" lastname="Thread-9" />
</exclusive-start>
<af-start id="1742" threadId="0000000002310E88" totalBytesRequested="24" timestamp="2019-06-15T03:59:57.560" intervalms="12.746" type="nursery" />
<cycle-start id="1743" type="scavenge" contextid="0" timestamp="2019-06-15T03:59:57.560" intervalms="12.724" />
<gc-start id="1744" type="scavenge" contextid="1743" timestamp="2019-06-15T03:59:57.560">
  <mem-info id="1745" free="2052807008" total="2092630016" percent="98">
    <mem type="nursery" free="0" total="29229056" percent="0">
      <mem type="allocate" free="0" total="26279936" percent="0" />
      <mem type="survivor" free="0" total="2949120" percent="0" />
    </mem>
    <mem type="tenure" free="2052807008" total="2063400960" percent="99">
      <mem type="soa" free="1949636960" total="1960230912" percent="99" />
      <mem type="loa" free="103170048" total="103170048" percent="100" />
    </mem>
    <remembered-set count="5215" />
  </mem-info>
</gc-start>
<allocation-stats totalBytes="25846360" >
  <allocated-bytes non-tlh="40" tlh="25846320" />
  <largest-consumer threadName="Thread-10" threadId="000000000230C900" bytes="7438184" />
</allocation-stats>
<gc-op id="1746" type="scavenge" timems="1.447" contextid="1743" timestamp="2019-06-15T03:59:57.561">
  <scavenger-info tenureage="2" tenuremask="fff4" tiltratio="89" />
  <memory-copied type="nursery" objects="3647" bytes="89504" bytesdiscarded="67168" />
  <memory-copied type="tenure" objects="1808" bytes="43392" bytesdiscarded="0" />
</gc-op>
<gc-end id="1747" type="scavenge" contextid="1743" durationms="1.738" usertimems="4.000" systemtimems="0.000" timestamp="2019-06-15T03:59:57.561" activeThreads="4">
  <mem-info id="1748" free="2078891104" total="2092630016" percent="99">
    <mem type="nursery" free="26123264" total="29229056" percent="89">
      <mem type="allocate" free="26123264" total="26279936" percent="99" />
      <mem type="survivor" free="0" total="2949120" percent="0" />
    </mem>
    <mem type="tenure" free="2052767840" total="2063400960" percent="99">
      <mem type="soa" free="1949597792" total="1960230912" percent="99" />
      <mem type="loa" free="103170048" total="103170048" percent="100" />
    </mem>
    <remembered-set count="3407" />
  </mem-info>
</gc-end>
<cycle-end id="1749" type="scavenge" contextid="1743" timestamp="2019-06-15T03:59:57.562" />
  <attribute name="elasticGC enabled" value="1" />
  <attribute name= "numThreadsSpecified" value="4" />
  <attribute name="heapSize specified" value="34406400" />
  <attribute name="Current GC Util" value="12" />
  <attribute name= "Current Time Running" value="2704" />
  <attribute name ="GC Interval" value="200" />
  <attribute name="ProportionalT" value="-4.000000" />
  <attribute name="ProportionalI" value="-4.000000" />
  <attribute name="ProportionalH" value="-4.000000" />
  <attribute name="Current Error" value="-8.000000" />
  <attribute name="IntegralT" value="-96.000000" />
  <attribute name="IntegralI" value="-96.000000" />
  <attribute name="IntegralH" value="-96.000000" />
  <attribute name="DerivativeT" value="-1.750000" />
  <attribute name="DerivativeI" value="-1.750000" />
  <attribute name="DerivativeH" value="-1.750000" />
  <attribute name="Loop Time for DT" value="12.000000" />
  <attribute name="Output H" value="2092630016"/>
  <attribute name="Output I" value="200"/>
  <attribute name="Output T" value="4"/>
  <attribute name="Target GC Util Change" value ="20.000000" />
  <attribute name="Current GC Util Change" value="12.000000"/>
  <attribute name="GC Util currently" value="12" />
  <attribute name="CPU Util currently" value="363688570988" />
<allocation-satisfied id="1750" threadId="0000000002310500" bytesRequested="24" />
<af-end id="1751" timestamp="2019-06-15T03:59:57.562" threadId="0000000002310E88" success="true" from="nursery"/>
<exclusive-end id="1752" timestamp="2019-06-15T03:59:57.562" durationms="2.337" />

<exclusive-start id="1753" timestamp="2019-06-15T03:59:57.573" intervalms="13.906">
  <response-info timems="0.021" idlems="0.021" threads="0" lastid="0000000002310500" lastname="Thread-9" />
</exclusive-start>
<af-start id="1754" threadId="0000000002310E88" totalBytesRequested="24" timestamp="2019-06-15T03:59:57.573" intervalms="13.904" type="nursery" />
<cycle-start id="1755" type="scavenge" contextid="0" timestamp="2019-06-15T03:59:57.574" intervalms="13.904" />
<gc-start id="1756" type="scavenge" contextid="1755" timestamp="2019-06-15T03:59:57.574">
  <mem-info id="1757" free="2052767840" total="2092630016" percent="98">
    <mem type="nursery" free="0" total="29229056" percent="0">
      <mem type="allocate" free="0" total="26279936" percent="0" />
      <mem type="survivor" free="0" total="2949120" percent="0" />
    </mem>
    <mem type="tenure" free="2052767840" total="2063400960" percent="99">
      <mem type="soa" free="1949597792" total="1960230912" percent="99" />
      <mem type="loa" free="103170048" total="103170048" percent="100" />
    </mem>
    <remembered-set count="5593" />
  </mem-info>
</gc-start>
<allocation-stats totalBytes="26120528" >
  <allocated-bytes non-tlh="24" tlh="26120504" />
  <largest-consumer threadName="Thread-10" threadId="000000000230C900" bytes="7044560" />
</allocation-stats>
<gc-op id="1758" type="scavenge" timems="1.123" contextid="1755" timestamp="2019-06-15T03:59:57.575">
  <scavenger-info tenureage="2" tenuremask="fff4" tiltratio="89" />
  <memory-copied type="nursery" objects="11352" bytes="411896" bytesdiscarded="138760" />
  <memory-copied type="tenure" objects="1154" bytes="27696" bytesdiscarded="0" />
</gc-op>
<gc-end id="1759" type="scavenge" contextid="1755" durationms="1.411" usertimems="0.000" systemtimems="0.000" timestamp="2019-06-15T03:59:57.575" activeThreads="4">
  <mem-info id="1760" free="2078497120" total="2092630016" percent="99">
    <mem type="nursery" free="25729280" total="29229056" percent="88">
      <mem type="allocate" free="25729280" total="26279936" percent="97" />
      <mem type="survivor" free="0" total="2949120" percent="0" />
    </mem>
    <mem type="tenure" free="2052767840" total="2063400960" percent="99">
      <mem type="soa" free="1949597792" total="1960230912" percent="99" />
      <mem type="loa" free="103170048" total="103170048" percent="100" />
    </mem>
    <remembered-set count="4439" />
  </mem-info>
</gc-end>
<cycle-end id="1761" type="scavenge" contextid="1755" timestamp="2019-06-15T03:59:57.575" />
  <attribute name="elasticGC enabled" value="1" />
  <attribute name= "numThreadsSpecified" value="4" />
  <attribute name="heapSize specified" value="34406400" />
  <attribute name="Current GC Util" value="23" />
  <attribute name= "Current Time Running" value="2718" />
  <attribute name ="GC Interval" value="200" />
  <attribute name="ProportionalT" value="1.500000" />
  <attribute name="ProportionalI" value="1.500000" />
  <attribute name="ProportionalH" value="1.500000" />
  <attribute name="Current Error" value="3.000000" />
  <attribute name="IntegralT" value="42.000000" />
  <attribute name="IntegralI" value="42.000000" />
  <attribute name="IntegralH" value="42.000000" />
  <attribute name="DerivativeT" value="0.321429" />
  <attribute name="DerivativeI" value="0.321429" />
  <attribute name="DerivativeH" value="0.321429" />
  <attribute name="Loop Time for DT" value="14.000000" />
  <attribute name="Output H" value="8388608"/>
  <attribute name="Output I" value="200"/>
  <attribute name="Output T" value="4"/>
  <attribute name="Target GC Util Change" value ="20.000000" />
  <attribute name="Current GC Util Change" value="23.000000"/>
  <attribute name="GC Util currently" value="23" />
  <attribute name="CPU Util currently" value="332146326712" />
<allocation-satisfied id="1762" threadId="0000000002310500" bytesRequested="24" />
<af-end id="1763" timestamp="2019-06-15T03:59:57.575" threadId="0000000002310E88" success="true" from="nursery"/>
<exclusive-end id="1764" timestamp="2019-06-15T03:59:57.575" durationms="1.997" />

<exclusive-start id="1765" timestamp="2019-06-15T03:59:57.587" intervalms="13.524">
  <response-info timems="0.024" idlems="0.024" threads="0" lastid="0000000002310500" lastname="Thread-9" />
</exclusive-start>
<af-start id="1766" threadId="0000000002310E88" totalBytesRequested="40" timestamp="2019-06-15T03:59:57.587" intervalms="13.522" type="nursery" />
<cycle-start id="1767" type="scavenge" contextid="0" timestamp="2019-06-15T03:59:57.587" intervalms="13.520" />
<gc-start id="1768" type="scavenge" contextid="1767" timestamp="2019-06-15T03:59:57.587">
  <mem-info id="1769" free="2052767840" total="2092630016" percent="98">
    <mem type="nursery" free="0" total="29229056" percent="0">
      <mem type="allocate" free="0" total="26279936" percent="0" />
      <mem type="survivor" free="0" total="2949120" percent="0" />
    </mem>
    <mem type="tenure" free="2052767840" total="2063400960" percent="99">
      <mem type="soa" free="1949597792" total="1960230912" percent="99" />
      <mem type="loa" free="103170048" total="103170048" percent="100" />
    </mem>
    <remembered-set count="5293" />
  </mem-info>
</gc-start>
<allocation-stats totalBytes="25727048" >
  <allocated-bytes non-tlh="24" tlh="25727024" />
  <largest-consumer threadName="Thread-7" threadId="0000000002314100" bytes="7175616" />
</allocation-stats>
<gc-op id="1770" type="scavenge" timems="1.277" contextid="1767" timestamp="2019-06-15T03:59:57.589">
  <scavenger-info tenureage="2" tenuremask="fff4" tiltratio="89" />
  <memory-copied type="nursery" objects="13654" bytes="467160" bytesdiscarded="114216" />
  <memory-copied type="tenure" objects="2149" bytes="51576" bytesdiscarded="0" />
</gc-op>
<gc-end id="1771" type="scavenge" contextid="1767" durationms="1.559" usertimems="0.000" systemtimems="0.000" timestamp="2019-06-15T03:59:57.589" activeThreads="4">
  <mem-info id="1772" free="2078226016" total="2092630016" percent="99">
    <mem type="nursery" free="25698560" total="29229056" percent="87">
      <mem type="allocate" free="25698560" total="26279936" percent="97" />
      <mem type="survivor" free="0" total="2949120" percent="0" />
    </mem>
    <mem type="tenure" free="2052527456" total="2063400960" percent="99">
      <mem type="soa" free="1949357408" total="1960230912" percent="99" />
      <mem type="loa" free="103170048" total="103170048" percent="100" />
    </mem>
    <remembered-set count="3143" />
  </mem-info>
</gc-end>
<cycle-end id="1773" type="scavenge" contextid="1767" timestamp="2019-06-15T03:59:57.589" />
  <attribute name="elasticGC enabled" value="1" />
  <attribute name= "numThreadsSpecified" value="4" />
  <attribute name="heapSize specified" value="34406400" />
  <attribute name="Current GC Util" value="19" />
  <attribute name= "Current Time Running" value="2732" />
  <attribute name ="GC Interval" value="200" />
  <attribute name="ProportionalT" value="-0.500000" />
  <attribute name="ProportionalI" value="-0.500000" />
  <attribute name="ProportionalH" value="-0.500000" />
  <attribute name="Current Error" value="-1.000000" />
  <attribute name="IntegralT" value="-14.000000" />
  <attribute name="IntegralI" value="-14.000000" />
  <attribute name="IntegralH" value="-14.000000" />
  <attribute name="DerivativeT" value="-0.428571" />
  <attribute name="DerivativeI" value="-0.428571" />
  <attribute name="DerivativeH" value="-0.428571" />
  <attribute name="Loop Time for DT" value="14.000000" />
  <attribute name="Output H" value="2092630016"/>
  <attribute name="Output I" value="200"/>
  <attribute name="Output T" value="4"/>
  <attribute name="Target GC Util Change" value ="20.000000" />
  <attribute name="Current GC Util Change" value="19.000000"/>
  <attribute name="GC Util currently" value="19" />
  <attribute name="CPU Util currently" value="341051820523" />
<allocation-satisfied id="1774" threadId="0000000002310500" bytesRequested="40" />
<af-end id="1775" timestamp="2019-06-15T03:59:57.589" threadId="0000000002310E88" success="true" from="nursery"/>
<exclusive-end id="1776" timestamp="2019-06-15T03:59:57.589" durationms="2.145" />

<exclusive-start id="1777" timestamp="2019-06-15T03:59:57.601" intervalms="13.770">
  <response-info timems="0.205" idlems="0.205" threads="0" lastid="000000000230C900" lastname="Thread-10" />
</exclusive-start>
<af-start id="1778" threadId="000000000230D288" totalBytesRequested="40" timestamp="2019-06-15T03:59:57.601" intervalms="13.781" type="nursery" />
<cycle-start id="1779" type="scavenge" contextid="0" timestamp="2019-06-15T03:59:57.601" intervalms="13.795" />
<gc-start id="1780" type="scavenge" contextid="1779" timestamp="2019-06-15T03:59:57.601">
  <mem-info id="1781" free="2052527456" total="2092630016" percent="98">
    <mem type="nursery" free="0" total="29229056" percent="0">
      <mem type="allocate" free="0" total="26279936" percent="0" />
      <mem type="survivor" free="0" total="2949120" percent="0" />
    </mem>
    <mem type="tenure" free="2052527456" total="2063400960" percent="99">
      <mem type="soa" free="1949357408" total="1960230912" percent="99" />
      <mem type="loa" free="103170048" total="103170048" percent="100" />
    </mem>
    <remembered-set count="4002" />
  </mem-info>
</gc-start>
<allocation-stats totalBytes="25697880" >
  <allocated-bytes non-tlh="40" tlh="25697840" />
  <largest-consumer threadName="Thread-7" threadId="0000000002314100" bytes="7044936" />
</allocation-stats>
<gc-op id="1782" type="scavenge" timems="1.313" contextid="1779" timestamp="2019-06-15T03:59:57.603">
  <scavenger-info tenureage="2" tenuremask="fff4" tiltratio="89" />
  <memory-copied type="nursery" objects="9576" bytes="369256" bytesdiscarded="181400" />
  <memory-copied type="tenure" objects="3223" bytes="77352" bytesdiscarded="0" />
</gc-op>
<gc-end id="1783" type="scavenge" contextid="1779" durationms="1.746" usertimems="4.000" systemtimems="0.000" timestamp="2019-06-15T03:59:57.603" activeThreads="4">
  <mem-info id="1784" free="2078178400" total="2092630016" percent="99">
    <mem type="nursery" free="25729280" total="29229056" percent="88">
      <mem type="allocate" free="25729280" total="26279936" percent="97" />
      <mem type="survivor" free="0" total="2949120" percent="0" />
    </mem>
    <mem type="tenure" free="2052449120" total="2063400960" percent="99">
      <mem type="soa" free="1949279072" total="1960230912" percent="99" />
      <mem type="loa" free="103170048" total="103170048" percent="100" />
    </mem>
    <remembered-set count="1802" />
  </mem-info>
</gc-end>
<cycle-end id="1785" type="scavenge" contextid="1779" timestamp="2019-06-15T03:59:57.603" />
  <attribute name="elasticGC enabled" value="1" />
  <attribute name= "numThreadsSpecified" value="4" />
  <attribute name="heapSize specified" value="34406400" />
  <attribute name="Current GC Util" value="22" />
  <attribute name= "Current Time Running" value="2746" />
  <attribute name ="GC Interval" value="200" />
  <attribute name="ProportionalT" value="1.000000" />
  <attribute name="ProportionalI" value="1.000000" />
  <attribute name="ProportionalH" value="1.000000" />
  <attribute name="Current Error" value="2.000000" />
  <attribute name="IntegralT" value="28.000000" />
  <attribute name="IntegralI" value="28.000000" />
  <attribute name="IntegralH" value="28.000000" />
  <attribute name="DerivativeT" value="0.214286" />
  <attribute name="DerivativeI" value="0.214286" />
  <attribute name="DerivativeH" value="0.214286" />
  <attribute name="Loop Time for DT" value="14.000000" />
  <attribute name="Output H" value="8388608"/>
  <attribute name="Output I" value="200"/>
  <attribute name="Output T" value="4"/>
  <attribute name="Target GC Util Change" value ="20.000000" />
  <attribute name="Current GC Util Change" value="22.000000"/>
  <attribute name="GC Util currently" value="22" />
  <attribute name="CPU Util currently" value="331635563306" />
<allocation-satisfied id="1786" threadId="000000000230C900" bytesRequested="40" />
<af-end id="1787" timestamp="2019-06-15T03:59:57.603" threadId="000000000230D288" success="true" from="nursery"/>
<exclusive-end id="1788" timestamp="2019-06-15T03:59:57.603" durationms="2.566" />

<exclusive-start id="1789" timestamp="2019-06-15T03:59:57.617" intervalms="16.104">
  <response-info timems="0.812" idlems="0.547" threads="2" lastid="0000000002314100" lastname="Thread-7" />
</exclusive-start>
<af-start id="1790" threadId="000000000230D288" totalBytesRequested="40" timestamp="2019-06-15T03:59:57.617" intervalms="16.106" type="nursery" />
<cycle-start id="1791" type="scavenge" contextid="0" timestamp="2019-06-15T03:59:57.617" intervalms="16.108" />
<gc-start id="1792" type="scavenge" contextid="1791" timestamp="2019-06-15T03:59:57.617">
  <mem-info id="1793" free="2052449120" total="2092630016" percent="98">
    <mem type="nursery" free="0" total="29229056" percent="0">
      <mem type="allocate" free="0" total="26279936" percent="0" />
      <mem type="survivor" free="0" total="2949120" percent="0" />
    </mem>
    <mem type="tenure" free="2052449120" total="2063400960" percent="99">
      <mem type="soa" free="1949279072" total="1960230912" percent="99" />
      <mem type="loa" free="103170048" total="103170048" percent="100" />
    </mem>
    <remembered-set count="4100" />
  </mem-info>
</gc-start>
<allocation-stats totalBytes="25728992" >
  <allocated-bytes non-tlh="40" tlh="25728952" />
  <largest-consumer threadName="Thread-10" threadId="000000000230C900" bytes="8224656" />
</allocation-stats>
<gc-op id="1794" type="scavenge" timems="1.731" contextid="1791" timestamp="2019-06-15T03:59:57.619">
  <scavenger-info tenureage="4" tenuremask="fff0" tiltratio="89" />
  <memory-copied type="nursery" objects="21594" bytes="794440" bytesdiscarded="72752" />
</gc-op>
<gc-end id="1795" type="scavenge" contextid="1791" durationms="1.947" usertimems="0.000" systemtimems="0.000" timestamp="2019-06-15T03:59:57.619" activeThreads="1">
  <mem-info id="1796" free="2077861864" total="2092630016" percent="99">
    <mem type="nursery" free="25412744" total="29229056" percent="86">
      <mem type="allocate" free="25412744" total="26279936" percent="96" />
      <mem type="survivor" free="0" total="2949120" percent="0" />
    </mem>
    <mem type="tenure" free="2052449120" total="2063400960" percent="99">
      <mem type="soa" free="1949279072" total="1960230912" percent="99" />
      <mem type="loa" free="103170048" total="103170048" percent="100" />
    </mem>
    <remembered-set count="4100" />
  </mem-info>
</gc-end>
<cycle-end id="1797" type="scavenge" contextid="1791" timestamp="2019-06-15T03:59:57.619" />
  <attribute name="elasticGC enabled" value="1" />
  <attribute name= "numThreadsSpecified" value="1" />
  <attribute name="heapSize specified" value="34406400" />
  <attribute name="Current GC Util" value="20" />
  <attribute name= "Current Time Running" value="2761" />
  <attribute name ="GC Interval" value="200" />
  <attribute name="ProportionalT" value="0.000000" />
  <attribute name="ProportionalI" value="0.000000" />
  <attribute name="ProportionalH" value="0.000000" />
  <attribute name="Current Error" value="0.000000" />
  <attribute name="IntegralT" value="0.000000" />
  <attribute name="IntegralI" value="0.000000" />
  <attribute name="IntegralH" value="0.000000" />
  <attribute name="DerivativeT" value="-0.200000" />
  <attribute name="DerivativeI" value="-0.200000" />
  <attribute name="DerivativeH" value="-0.200000" />
  <attribute name="Loop Time for DT" value="15.000000" />
  <attribute name="Output H" value="8388608"/>
  <attribute name="Output I" value="200"/>
  <attribute name="Output T" value="1"/>
  <attribute name="Target GC Util Change" value ="20.000000" />
  <attribute name="Current GC Util Change" value="20.000000"/>
  <attribute name="GC Util currently" value="20" />
  <attribute name="CPU Util currently" value="289694090960" />
<allocation-satisfied id="1798" threadId="000000000230C900" bytesRequested="40" />
<af-end id="1799" timestamp="2019-06-15T03:59:57.619" threadId="000000000230D288" success="true" from="nursery"/>
<exclusive-end id="1800" timestamp="2019-06-15T03:59:57.619" durationms="2.664" />

<exclusive-start id="1801" timestamp="2019-06-15T03:59:57.632" intervalms="15.287">
  <response-info timems="0.025" idlems="0.025" threads="0" lastid="000000000230C900" lastname="Thread-10" />
</exclusive-start>
<af-start id="1802" threadId="000000000230D288" totalBytesRequested="40" timestamp="2019-06-15T03:59:57.632" intervalms="15.312" type="nursery" />
<cycle-start id="1803" type="scavenge" contextid="0" timestamp="2019-06-15T03:59:57.632" intervalms="15.306" />
<gc-start id="1804" type="scavenge" contextid="1803" timestamp="2019-06-15T03:59:57.632">
  <mem-info id="1805" free="2052449120" total="2092630016" percent="98">
    <mem type="nursery" free="0" total="29229056" percent="0">
      <mem type="allocate" free="0" total="26279936" percent="0" />
      <mem type="survivor" free="0" total="2949120" percent="0" />
    </mem>
    <mem type="tenure" free="2052449120" total="2063400960" percent="99">
      <mem type="soa" free="1949279072" total="1960230912" percent="99" />
      <mem type="loa" free="103170048" total="103170048" percent="100" />
    </mem>
    <remembered-set count="5070" />
  </mem-info>
</gc-start>
<allocation-stats totalBytes="25412240" >
  <allocated-bytes non-tlh="40" tlh="25412200" />
  <largest-consumer threadName="Thread-10" threadId="000000000230C900" bytes="8224672" />
</allocation-stats>
<gc-op id="1806" type="scavenge" timems="1.521" contextid="1803" timestamp="2019-06-15T03:59:57.634">
  <scavenger-info tenureage="3" tenuremask="4008" tiltratio="89" />
  <memory-copied type="nursery" objects="16043" bytes="661592" bytesdiscarded="117784" />
  <memory-copied type="tenure" objects="853" bytes="20472" bytesdiscarded="0" />
</gc-op>
<gc-end id="1807" type="scavenge" contextid="1803" durationms="1.915" usertimems="4.000" systemtimems="0.000" timestamp="2019-06-15T03:59:57.634" activeThreads="4">
  <mem-info id="1808" free="2077949680" total="2092630016" percent="99">
    <mem type="nursery" free="25500560" total="29229056" percent="87">
      <mem type="allocate" free="25500560" total="26279936" percent="97" />
      <mem type="survivor" free="0" total="2949120" percent="0" />
    </mem>
    <mem type="tenure" free="2052449120" total="2063400960" percent="99">
      <mem type="soa" free="1949279072" total="1960230912" percent="99" />
      <mem type="loa" free="103170048" total="103170048" percent="100" />
    </mem>
    <remembered-set count="4216" />
  </mem-info>
</gc-end>
<cycle-end id="1809" type="scavenge" contextid="1803" timestamp="2019-06-15T03:59:57.634" />
  <attribute name="elasticGC enabled" value="1" />
  <attribute name= "numThreadsSpecified" value="4" />
  <attribute name="heapSize specified" value="34406400" />
  <attribute name="Current GC Util" value="11" />
  <attribute name= "Current Time Running" value="2777" />
  <attribute name ="GC Interval" value="200" />
  <attribute name="ProportionalT" value="-4.500000" />
  <attribute name="ProportionalI" value="-4.500000" />
  <attribute name="ProportionalH" value="-4.500000" />
  <attribute name="Current Error" value="-9.000000" />
  <attribute name="IntegralT" value="-144.000000" />
  <attribute name="IntegralI" value="-144.000000" />
  <attribute name="IntegralH" value="-144.000000" />
  <attribute name="DerivativeT" value="-0.843750" />
  <attribute name="DerivativeI" value="-0.843750" />
  <attribute name="DerivativeH" value="-0.843750" />
  <attribute name="Loop Time for DT" value="16.000000" />
  <attribute name="Output H" value="2092630016"/>
  <attribute name="Output I" value="200"/>
  <attribute name="Output T" value="4"/>
  <attribute name="Target GC Util Change" value ="20.000000" />
  <attribute name="Current GC Util Change" value="11.000000"/>
  <attribute name="GC Util currently" value="11" />
  <attribute name="CPU Util currently" value="296973822964" />
<allocation-satisfied id="1810" threadId="000000000230C900" bytesRequested="40" />
<af-end id="1811" timestamp="2019-06-15T03:59:57.635" threadId="000000000230D288" success="true" from="nursery"/>
<exclusive-end id="1812" timestamp="2019-06-15T03:59:57.635" durationms="2.760" />

<exclusive-start id="1813" timestamp="2019-06-15T03:59:57.646" intervalms="13.753">
  <response-info timems="0.033" idlems="0.033" threads="0" lastid="0000000002310500" lastname="Thread-9" />
</exclusive-start>
<af-start id="1814" threadId="0000000002310E88" totalBytesRequested="40" timestamp="2019-06-15T03:59:57.646" intervalms="13.741" type="nursery" />
<cycle-start id="1815" type="scavenge" contextid="0" timestamp="2019-06-15T03:59:57.646" intervalms="13.739" />
<gc-start id="1816" type="scavenge" contextid="1815" timestamp="2019-06-15T03:59:57.646">
  <mem-info id="1817" free="2052449120" total="2092630016" percent="98">
    <mem type="nursery" free="0" total="29229056" percent="0">
      <mem type="allocate" free="0" total="26279936" percent="0" />
      <mem type="survivor" free="0" total="2949120" percent="0" />
    </mem>
    <mem type="tenure" free="2052449120" total="2063400960" percent="99">
      <mem type="soa" free="1949279072" total="1960230912" percent="99" />
      <mem type="loa" free="103170048" total="103170048" percent="100" />
    </mem>
    <remembered-set count="6089" />
  </mem-info>
</gc-start>
<allocation-stats totalBytes="25498096" >
  <allocated-bytes non-tlh="40" tlh="25498056" />
  <largest-consumer threadName="Thread-7" threadId="0000000002314100" bytes="6913384" />
</allocation-stats>
<gc-op id="1818" type="scavenge" timems="1.840" contextid="1815" timestamp="2019-06-15T03:59:57.648">
  <scavenger-info tenureage="14" tenuremask="4000" tiltratio="89" />
  <memory-copied type="nursery" objects="27725" bytes="1079304" bytesdiscarded="152280" />
</gc-op>
<gc-end id="1819" type="scavenge" contextid="1815" durationms="1.994" usertimems="8.000" systemtimems="0.000" timestamp="2019-06-15T03:59:57.648" activeThreads="4">
  <mem-info id="1820" free="2077497472" total="2092630016" percent="99">
    <mem type="nursery" free="25048352" total="29229056" percent="85">
      <mem type="allocate" free="25048352" total="26279936" percent="95" />
      <mem type="survivor" free="0" total="2949120" percent="0" />
    </mem>
    <mem type="tenure" free="2052449120" total="2063400960" percent="99">
      <mem type="soa" free="1949279072" total="1960230912" percent="99" />
      <mem type="loa" free="103170048" total="103170048" percent="100" />
    </mem>
    <remembered-set count="6089" />
  </mem-info>
</gc-end>
<cycle-end id="1821" type="scavenge" contextid="1815" timestamp="2019-06-15T03:59:57.648" />
  <attribute name="elasticGC enabled" value="1" />
  <attribute name= "numThreadsSpecified" value="4" />
  <attribute name="heapSize specified" value="34406400" />
  <attribute name="Current GC Util" value="32" />
  <attribute name= "Current Time Running" value="2790" />
  <attribute name ="GC Interval" value="200" />
  <attribute name="ProportionalT" value="6.000000" />
  <attribute name="ProportionalI" value="6.000000" />
  <attribute name="ProportionalH" value="6.000000" />
  <attribute name="Current Error" value="12.000000" />
  <attribute name="IntegralT" value="156.000000" />
  <attribute name="IntegralI" value="156.000000" />
  <attribute name="IntegralH" value="156.000000" />
  <attribute name="DerivativeT" value="1.384615" />
  <attribute name="DerivativeI" value="1.384615" />
  <attribute name="DerivativeH" value="1.384615" />
  <attribute name="Loop Time for DT" value="13.000000" />
  <attribute name="Output H" value="8388608"/>
  <attribute name="Output I" value="200"/>
  <attribute name="Output T" value="4"/>
  <attribute name="Target GC Util Change" value ="20.000000" />
  <attribute name="Current GC Util Change" value="32.000000"/>
  <attribute name="GC Util currently" value="32" />
  <attribute name="CPU Util currently" value="342227120018" />
<allocation-satisfied id="1822" threadId="0000000002310500" bytesRequested="40" />
<af-end id="1823" timestamp="2019-06-15T03:59:57.648" threadId="0000000002310E88" success="true" from="nursery"/>
<exclusive-end id="1824" timestamp="2019-06-15T03:59:57.648" durationms="2.557" />

<exclusive-start id="1825" timestamp="2019-06-15T03:59:57.659" intervalms="13.382">
  <response-info timems="0.033" idlems="0.033" threads="0" lastid="0000000002310500" lastname="Thread-9" />
</exclusive-start>
<af-start id="1826" threadId="0000000002310E88" totalBytesRequested="40" timestamp="2019-06-15T03:59:57.659" intervalms="13.359" type="nursery" />
<cycle-start id="1827" type="scavenge" contextid="0" timestamp="2019-06-15T03:59:57.659" intervalms="13.359" />
<gc-start id="1828" type="scavenge" contextid="1827" timestamp="2019-06-15T03:59:57.659">
  <mem-info id="1829" free="2052449120" total="2092630016" percent="98">
    <mem type="nursery" free="0" total="29229056" percent="0">
      <mem type="allocate" free="0" total="26279936" percent="0" />
      <mem type="survivor" free="0" total="2949120" percent="0" />
    </mem>
    <mem type="tenure" free="2052449120" total="2063400960" percent="99">
      <mem type="soa" free="1949279072" total="1960230912" percent="99" />
      <mem type="loa" free="103170048" total="103170048" percent="100" />
    </mem>
    <remembered-set count="6359" />
  </mem-info>
</gc-start>
<allocation-stats totalBytes="25047928" >
  <allocated-bytes non-tlh="40" tlh="25047888" />
  <largest-consumer threadName="Thread-7" threadId="0000000002314100" bytes="6913992" />
</allocation-stats>
<gc-op id="1830" type="scavenge" timems="1.294" contextid="1827" timestamp="2019-06-15T03:59:57.661">
  <scavenger-info tenureage="3" tenuremask="4008" tiltratio="89" />
  <memory-copied type="nursery" objects="28631" bytes="1101064" bytesdiscarded="225896" />
  <memory-copied type="tenure" objects="3322" bytes="79728" bytesdiscarded="0" />
</gc-op>
<gc-end id="1831" type="scavenge" contextid="1827" durationms="1.462" usertimems="0.000" systemtimems="4.000" timestamp="2019-06-15T03:59:57.661" activeThreads="4">
  <mem-info id="1832" free="2077362928" total="2092630016" percent="99">
    <mem type="nursery" free="24952976" total="29229056" percent="85">
      <mem type="allocate" free="24952976" total="26279936" percent="94" />
      <mem type="survivor" free="0" total="2949120" percent="0" />
    </mem>
    <mem type="tenure" free="2052409952" total="2063400960" percent="99">
      <mem type="soa" free="1949239904" total="1960230912" percent="99" />
      <mem type="loa" free="103170048" total="103170048" percent="100" />
    </mem>
    <remembered-set count="4059" />
  </mem-info>
</gc-end>
<cycle-end id="1833" type="scavenge" contextid="1827" timestamp="2019-06-15T03:59:57.661" />
  <attribute name="elasticGC enabled" value="1" />
  <attribute name= "numThreadsSpecified" value="4" />
  <attribute name="heapSize specified" value="34406400" />
  <attribute name="Current GC Util" value="33" />
  <attribute name= "Current Time Running" value="2804" />
  <attribute name ="GC Interval" value="200" />
  <attribute name="ProportionalT" value="6.500000" />
  <attribute name="ProportionalI" value="6.500000" />
  <attribute name="ProportionalH" value="6.500000" />
  <attribute name="Current Error" value="13.000000" />
  <attribute name="IntegralT" value="182.000000" />
  <attribute name="IntegralI" value="182.000000" />
  <attribute name="IntegralH" value="182.000000" />
  <attribute name="DerivativeT" value="0.107143" />
  <attribute name="DerivativeI" value="0.107143" />
  <attribute name="DerivativeH" value="0.107143" />
  <attribute name="Loop Time for DT" value="14.000000" />
  <attribute name="Output H" value="8388608"/>
  <attribute name="Output I" value="200"/>
  <attribute name="Output T" value="4"/>
  <attribute name="Target GC Util Change" value ="20.000000" />
  <attribute name="Current GC Util Change" value="33.000000"/>
  <attribute name="GC Util currently" value="33" />
  <attribute name="CPU Util currently" value="345234659136" />
<allocation-satisfied id="1834" threadId="0000000002310500" bytesRequested="40" />
<af-end id="1835" timestamp="2019-06-15T03:59:57.661" threadId="0000000002310E88" success="true" from="nursery"/>
<exclusive-end id="1836" timestamp="2019-06-15T03:59:57.661" durationms="2.012" />

<exclusive-start id="1837" timestamp="2019-06-15T03:59:57.672" intervalms="13.314">
  <response-info timems="0.024" idlems="0.023" threads="1" lastid="000000000230C900" lastname="Thread-10" />
</exclusive-start>
<af-start id="1838" threadId="0000000002310E88" totalBytesRequested="40" timestamp="2019-06-15T03:59:57.673" intervalms="13.314" type="nursery" />
<cycle-start id="1839" type="scavenge" contextid="0" timestamp="2019-06-15T03:59:57.673" intervalms="13.307" />
<gc-start id="1840" type="scavenge" contextid="1839" timestamp="2019-06-15T03:59:57.673">
  <mem-info id="1841" free="2052409952" total="2092630016" percent="98">
    <mem type="nursery" free="0" total="29229056" percent="0">
      <mem type="allocate" free="0" total="26279936" percent="0" />
      <mem type="survivor" free="0" total="2949120" percent="0" />
    </mem>
    <mem type="tenure" free="2052409952" total="2063400960" percent="99">
      <mem type="soa" free="1949239904" total="1960230912" percent="99" />
      <mem type="loa" free="103170048" total="103170048" percent="100" />
    </mem>
    <remembered-set count="4318" />
  </mem-info>
</gc-start>
<allocation-stats totalBytes="24950744" >
  <allocated-bytes non-tlh="40" tlh="24950704" />
  <largest-consumer threadName="Thread-7" threadId="0000000002314100" bytes="7093760" />
</allocation-stats>
<gc-op id="1842" type="scavenge" timems="1.503" contextid="1839" timestamp="2019-06-15T03:59:57.674">
  <scavenger-info tenureage="3" tenuremask="4008" tiltratio="89" />
  <memory-copied type="nursery" objects="15666" bytes="514720" bytesdiscarded="167264" />
  <memory-copied type="tenure" objects="11524" bytes="551328" bytesdiscarded="72" />
</gc-op>
<gc-end id="1843" type="scavenge" contextid="1839" durationms="1.793" usertimems="4.000" systemtimems="0.000" timestamp="2019-06-15T03:59:57.675" activeThreads="4">
  <mem-info id="1844" free="2077544032" total="2092630016" percent="99">
    <mem type="nursery" free="25597952" total="29229056" percent="87">
      <mem type="allocate" free="25597952" total="26279936" percent="97" />
      <mem type="survivor" free="0" total="2949120" percent="0" />
    </mem>
    <mem type="tenure" free="2051946080" total="2063400960" percent="99">
      <mem type="soa" free="1948776032" total="1960230912" percent="99" />
      <mem type="loa" free="103170048" total="103170048" percent="100" />
    </mem>
    <remembered-set count="9544" />
  </mem-info>
</gc-end>
<cycle-end id="1845" type="scavenge" contextid="1839" timestamp="2019-06-15T03:59:57.675" />
  <attribute name="elasticGC enabled" value="1" />
  <attribute name= "numThreadsSpecified" value="4" />
  <attribute name="heapSize specified" value="34406400" />
  <attribute name="Current GC Util" value="26" />
  <attribute name= "Current Time Running" value="2817" />
  <attribute name ="GC Interval" value="200" />
  <attribute name="ProportionalT" value="3.000000" />
  <attribute name="ProportionalI" value="3.000000" />
  <attribute name="ProportionalH" value="3.000000" />
  <attribute name="Current Error" value="6.000000" />
  <attribute name="IntegralT" value="78.000000" />
  <attribute name="IntegralI" value="78.000000" />
  <attribute name="IntegralH" value="78.000000" />
  <attribute name="DerivativeT" value="-0.807692" />
  <attribute name="DerivativeI" value="-0.807692" />
  <attribute name="DerivativeH" value="-0.807692" />
  <attribute name="Loop Time for DT" value="13.000000" />
  <attribute name="Output H" value="8388608"/>
  <attribute name="Output I" value="200"/>
  <attribute name="Output T" value="4"/>
  <attribute name="Target GC Util Change" value ="20.000000" />
  <attribute name="Current GC Util Change" value="26.000000"/>
  <attribute name="GC Util currently" value="26" />
  <attribute name="CPU Util currently" value="343563153793" />
<allocation-satisfied id="1846" threadId="0000000002310500" bytesRequested="40" />
<af-end id="1847" timestamp="2019-06-15T03:59:57.675" threadId="0000000002310E88" success="true" from="nursery"/>
<exclusive-end id="1848" timestamp="2019-06-15T03:59:57.675" durationms="2.384" />

<exclusive-start id="1849" timestamp="2019-06-15T03:59:57.690" intervalms="17.112">
  <response-info timems="0.031" idlems="0.031" threads="0" lastid="0000000002314100" lastname="Thread-7" />
</exclusive-start>
<af-start id="1850" threadId="0000000002314A88" totalBytesRequested="40" timestamp="2019-06-15T03:59:57.690" intervalms="17.156" type="nursery" />
<cycle-start id="1851" type="scavenge" contextid="0" timestamp="2019-06-15T03:59:57.690" intervalms="17.191" />
<gc-start id="1852" type="scavenge" contextid="1851" timestamp="2019-06-15T03:59:57.690">
  <mem-info id="1853" free="2051946080" total="2092630016" percent="98">
    <mem type="nursery" free="0" total="29229056" percent="0">
      <mem type="allocate" free="0" total="26279936" percent="0" />
      <mem type="survivor" free="0" total="2949120" percent="0" />
    </mem>
    <mem type="tenure" free="2051946080" total="2063400960" percent="99">
      <mem type="soa" free="1948776032" total="1960230912" percent="99" />
      <mem type="loa" free="103170048" total="103170048" percent="100" />
    </mem>
    <remembered-set count="12278" />
  </mem-info>
</gc-start>
<allocation-stats totalBytes="25597304" >
  <allocated-bytes non-tlh="40" tlh="25597264" />
  <largest-consumer threadName="Thread-9" threadId="0000000002310500" bytes="8486736" />
</allocation-stats>
<gc-op id="1854" type="scavenge" timems="0.769" contextid="1851" timestamp="2019-06-15T03:59:57.691">
  <scavenger-info tenureage="14" tenuremask="4000" tiltratio="89" />
  <memory-copied type="nursery" objects="31361" bytes="1166360" bytesdiscarded="189160" />
</gc-op>
<gc-end id="1855" type="scavenge" contextid="1851" durationms="1.227" usertimems="4.000" systemtimems="0.000" timestamp="2019-06-15T03:59:57.691" activeThreads="4">
  <mem-info id="1856" free="2076870496" total="2092630016" percent="99">
    <mem type="nursery" free="24924416" total="29229056" percent="85">
      <mem type="allocate" free="24924416" total="26279936" percent="94" />
      <mem type="survivor" free="0" total="2949120" percent="0" />
    </mem>
    <mem type="tenure" free="2051946080" total="2063400960" percent="99">
      <mem type="soa" free="1948776032" total="1960230912" percent="99" />
      <mem type="loa" free="103170048" total="103170048" percent="100" />
    </mem>
    <remembered-set count="12278" />
  </mem-info>
</gc-end>
<cycle-end id="1857" type="scavenge" contextid="1851" timestamp="2019-06-15T03:59:57.691" />
  <attribute name="elasticGC enabled" value="1" />
  <attribute name= "numThreadsSpecified" value="4" />
  <attribute name="heapSize specified" value="34406400" />
  <attribute name="Current GC Util" value="24" />
  <attribute name= "Current Time Running" value="2835" />
  <attribute name ="GC Interval" value="200" />
  <attribute name="ProportionalT" value="2.000000" />
  <attribute name="ProportionalI" value="2.000000" />
  <attribute name="ProportionalH" value="2.000000" />
  <attribute name="Current Error" value="4.000000" />
  <attribute name="IntegralT" value="72.000000" />
  <attribute name="IntegralI" value="72.000000" />
  <attribute name="IntegralH" value="72.000000" />
  <attribute name="DerivativeT" value="-0.166667" />
  <attribute name="DerivativeI" value="-0.166667" />
  <attribute name="DerivativeH" value="-0.166667" />
  <attribute name="Loop Time for DT" value="18.000000" />
  <attribute name="Output H" value="8388608"/>
  <attribute name="Output I" value="200"/>
  <attribute name="Output T" value="4"/>
  <attribute name="Target GC Util Change" value ="20.000000" />
  <attribute name="Current GC Util Change" value="24.000000"/>
  <attribute name="GC Util currently" value="24" />
  <attribute name="CPU Util currently" value="265551099823" />
<allocation-satisfied id="1858" threadId="0000000002314100" bytesRequested="40" />
<af-end id="1859" timestamp="2019-06-15T03:59:57.692" threadId="0000000002314A88" success="true" from="nursery"/>
<exclusive-end id="1860" timestamp="2019-06-15T03:59:57.692" durationms="2.100" />

<exclusive-start id="1861" timestamp="2019-06-15T03:59:57.708" intervalms="18.889">
  <response-info timems="3.899" idlems="2.614" threads="2" lastid="0000000002314100" lastname="Thread-7" />
</exclusive-start>
<af-start id="1862" threadId="0000000002309688" totalBytesRequested="40" timestamp="2019-06-15T03:59:57.709" intervalms="18.945" type="nursery" />
<cycle-start id="1863" type="scavenge" contextid="0" timestamp="2019-06-15T03:59:57.709" intervalms="19.010" />
<gc-start id="1864" type="scavenge" contextid="1863" timestamp="2019-06-15T03:59:57.709">
  <mem-info id="1865" free="2051946080" total="2092630016" percent="98">
    <mem type="nursery" free="0" total="29229056" percent="0">
      <mem type="allocate" free="0" total="26279936" percent="0" />
      <mem type="survivor" free="0" total="2949120" percent="0" />
    </mem>
    <mem type="tenure" free="2051946080" total="2063400960" percent="99">
      <mem type="soa" free="1948776032" total="1960230912" percent="99" />
      <mem type="loa" free="103170048" total="103170048" percent="100" />
    </mem>
    <remembered-set count="12481" />
  </mem-info>
</gc-start>
<allocation-stats totalBytes="24924064" >
  <allocated-bytes non-tlh="40" tlh="24924024" />
  <largest-consumer threadName="Thread-9" threadId="0000000002310500" bytes="7569160" />
</allocation-stats>
<gc-op id="1866" type="scavenge" timems="1.855" contextid="1863" timestamp="2019-06-15T03:59:57.711">
  <scavenger-info tenureage="4" tenuremask="4090" tiltratio="89" />
  <memory-copied type="nursery" objects="35734" bytes="1408416" bytesdiscarded="116544" />
  <memory-copied type="tenure" objects="6281" bytes="150744" bytesdiscarded="0" />
</gc-op>
<gc-end id="1867" type="scavenge" contextid="1863" durationms="2.485" usertimems="4.000" systemtimems="0.000" timestamp="2019-06-15T03:59:57.712" activeThreads="4">
  <mem-info id="1868" free="2076530560" total="2092630016" percent="99">
    <mem type="nursery" free="24754976" total="29229056" percent="84">
      <mem type="allocate" free="24754976" total="26279936" percent="94" />
      <mem type="survivor" free="0" total="2949120" percent="0" />
    </mem>
    <mem type="tenure" free="2051775584" total="2063400960" percent="99">
      <mem type="soa" free="1948605536" total="1960230912" percent="99" />
      <mem type="loa" free="103170048" total="103170048" percent="100" />
    </mem>
    <remembered-set count="7221" />
  </mem-info>
</gc-end>
<cycle-end id="1869" type="scavenge" contextid="1863" timestamp="2019-06-15T03:59:57.712" />
  <attribute name="elasticGC enabled" value="1" />
  <attribute name= "numThreadsSpecified" value="4" />
  <attribute name="heapSize specified" value="34406400" />
  <attribute name="Current GC Util" value="14" />
  <attribute name= "Current Time Running" value="2854" />
  <attribute name ="GC Interval" value="200" />
  <attribute name="ProportionalT" value="-3.000000" />
  <attribute name="ProportionalI" value="-3.000000" />
  <attribute name="ProportionalH" value="-3.000000" />
  <attribute name="Current Error" value="-6.000000" />
  <attribute name="IntegralT" value="-114.000000" />
  <attribute name="IntegralI" value="-114.000000" />
  <attribute name="IntegralH" value="-114.000000" />
  <attribute name="DerivativeT" value="-0.789474" />
  <attribute name="DerivativeI" value="-0.789474" />
  <attribute name="DerivativeH" value="-0.789474" />
  <attribute name="Loop Time for DT" value="19.000000" />
  <attribute name="Output H" value="2092630016"/>
  <attribute name="Output I" value="200"/>
  <attribute name="Output T" value="4"/>
  <attribute name="Target GC Util Change" value ="20.000000" />
  <attribute name="Current GC Util Change" value="14.000000"/>
  <attribute name="GC Util currently" value="14" />
  <attribute name="CPU Util currently" value="242248670634" />
<allocation-satisfied id="1870" threadId="0000000002308D00" bytesRequested="40" />
<af-end id="1871" timestamp="2019-06-15T03:59:57.712" threadId="0000000002309688" success="true" from="nursery"/>
<exclusive-end id="1872" timestamp="2019-06-15T03:59:57.712" durationms="3.684" />

<exclusive-start id="1873" timestamp="2019-06-15T03:59:57.727" intervalms="18.492">
  <response-info timems="0.048" idlems="0.026" threads="1" lastid="0000000002310500" lastname="Thread-9" />
</exclusive-start>
<af-start id="1874" threadId="0000000002314A88" totalBytesRequested="40" timestamp="2019-06-15T03:59:57.727" intervalms="18.413" type="nursery" />
<cycle-start id="1875" type="scavenge" contextid="0" timestamp="2019-06-15T03:59:57.727" intervalms="18.315" />
<gc-start id="1876" type="scavenge" contextid="1875" timestamp="2019-06-15T03:59:57.727">
  <mem-info id="1877" free="2051775584" total="2092630016" percent="98">
    <mem type="nursery" free="0" total="29229056" percent="0">
      <mem type="allocate" free="0" total="26279936" percent="0" />
      <mem type="survivor" free="0" total="2949120" percent="0" />
    </mem>
    <mem type="tenure" free="2051775584" total="2063400960" percent="99">
      <mem type="soa" free="1948605536" total="1960230912" percent="99" />
      <mem type="loa" free="103170048" total="103170048" percent="100" />
    </mem>
    <remembered-set count="7221" />
  </mem-info>
</gc-start>
<allocation-stats totalBytes="24754528" >
  <allocated-bytes non-tlh="40" tlh="24754488" />
  <largest-consumer threadName="Thread-10" threadId="000000000230C900" bytes="9010904" />
</allocation-stats>
<gc-op id="1878" type="scavenge" timems="2.084" contextid="1875" timestamp="2019-06-15T03:59:57.729">
  <scavenger-info tenureage="3" tenuremask="4008" tiltratio="89" />
  <memory-copied type="nursery" objects="27948" bytes="1084232" bytesdiscarded="131512" />
  <memory-copied type="tenure" objects="7874" bytes="326352" bytesdiscarded="0" />
</gc-op>
<gc-end id="1879" type="scavenge" contextid="1875" durationms="2.294" usertimems="4.000" systemtimems="0.000" timestamp="2019-06-15T03:59:57.730" activeThreads="4">
  <mem-info id="1880" free="2076498784" total="2092630016" percent="99">
    <mem type="nursery" free="25064192" total="29229056" percent="85">
      <mem type="allocate" free="25064192" total="26279936" percent="95" />
      <mem type="survivor" free="0" total="2949120" percent="0" />
    </mem>
    <mem type="tenure" free="2051434592" total="2063400960" percent="99">
      <mem type="soa" free="1948264544" total="1960230912" percent="99" />
      <mem type="loa" free="103170048" total="103170048" percent="100" />
    </mem>
    <remembered-set count="5093" />
  </mem-info>
</gc-end>
<cycle-end id="1881" type="scavenge" contextid="1875" timestamp="2019-06-15T03:59:57.730" />
  <attribute name="elasticGC enabled" value="1" />
  <attribute name= "numThreadsSpecified" value="4" />
  <attribute name="heapSize specified" value="34406400" />
  <attribute name="Current GC Util" value="27" />
  <attribute name= "Current Time Running" value="2872" />
  <attribute name ="GC Interval" value="200" />
  <attribute name="ProportionalT" value="3.500000" />
  <attribute name="ProportionalI" value="3.500000" />
  <attribute name="ProportionalH" value="3.500000" />
  <attribute name="Current Error" value="7.000000" />
  <attribute name="IntegralT" value="126.000000" />
  <attribute name="IntegralI" value="126.000000" />
  <attribute name="IntegralH" value="126.000000" />
  <attribute name="DerivativeT" value="0.583333" />
  <attribute name="DerivativeI" value="0.583333" />
  <attribute name="DerivativeH" value="0.583333" />
  <attribute name="Loop Time for DT" value="18.000000" />
  <attribute name="Output H" value="8388608"/>
  <attribute name="Output I" value="200"/>
  <attribute name="Output T" value="4"/>
  <attribute name="Target GC Util Change" value ="20.000000" />
  <attribute name="Current GC Util Change" value="27.000000"/>
  <attribute name="GC Util currently" value="27" />
  <attribute name="CPU Util currently" value="255553542445" />
<allocation-satisfied id="1882" threadId="0000000002314100" bytesRequested="40" />
<af-end id="1883" timestamp="2019-06-15T03:59:57.730" threadId="0000000002314A88" success="true" from="nursery"/>
<exclusive-end id="1884" timestamp="2019-06-15T03:59:57.730" durationms="2.918" />

<exclusive-start id="1885" timestamp="2019-06-15T03:59:57.744" intervalms="17.442">
  <response-info timems="0.028" idlems="0.026" threads="2" lastid="0000000002310500" lastname="Thread-9" />
</exclusive-start>
<af-start id="1886" threadId="000000000230D288" totalBytesRequested="40" timestamp="2019-06-15T03:59:57.745" intervalms="17.456" type="nursery" />
<cycle-start id="1887" type="scavenge" contextid="0" timestamp="2019-06-15T03:59:57.745" intervalms="17.467" />
<gc-start id="1888" type="scavenge" contextid="1887" timestamp="2019-06-15T03:59:57.745">
  <mem-info id="1889" free="2051434592" total="2092630016" percent="98">
    <mem type="nursery" free="0" total="29229056" percent="0">
      <mem type="allocate" free="0" total="26279936" percent="0" />
      <mem type="survivor" free="0" total="2949120" percent="0" />
    </mem>
    <mem type="tenure" free="2051434592" total="2063400960" percent="99">
      <mem type="soa" free="1948264544" total="1960230912" percent="99" />
      <mem type="loa" free="103170048" total="103170048" percent="100" />
    </mem>
    <remembered-set count="5364" />
  </mem-info>
</gc-start>
<allocation-stats totalBytes="25064072" >
  <allocated-bytes non-tlh="40" tlh="25064032" />
  <largest-consumer threadName="Thread-10" threadId="000000000230C900" bytes="8880112" />
</allocation-stats>
<gc-op id="1890" type="scavenge" timems="1.592" contextid="1887" timestamp="2019-06-15T03:59:57.747">
  <scavenger-info tenureage="5" tenuremask="4020" tiltratio="89" />
  <memory-copied type="nursery" objects="24823" bytes="1008848" bytesdiscarded="145456" />
  <memory-copied type="tenure" objects="1256" bytes="30144" bytesdiscarded="0" />
</gc-op>
<gc-end id="1891" type="scavenge" contextid="1887" durationms="2.000" usertimems="4.000" systemtimems="0.000" timestamp="2019-06-15T03:59:57.747" activeThreads="4">
  <mem-info id="1892" free="2076521056" total="2092630016" percent="99">
    <mem type="nursery" free="25125632" total="29229056" percent="85">
      <mem type="allocate" free="25125632" total="26279936" percent="95" />
      <mem type="survivor" free="0" total="2949120" percent="0" />
    </mem>
    <mem type="tenure" free="2051395424" total="2063400960" percent="99">
      <mem type="soa" free="1948225376" total="1960230912" percent="99" />
      <mem type="loa" free="103170048" total="103170048" percent="100" />
    </mem>
    <remembered-set count="4108" />
  </mem-info>
</gc-end>
<cycle-end id="1893" type="scavenge" contextid="1887" timestamp="2019-06-15T03:59:57.747" />
  <attribute name="elasticGC enabled" value="1" />
  <attribute name= "numThreadsSpecified" value="4" />
  <attribute name="heapSize specified" value="34406400" />
  <attribute name="Current GC Util" value="27" />
  <attribute name= "Current Time Running" value="2889" />
  <attribute name ="GC Interval" value="200" />
  <attribute name="ProportionalT" value="3.500000" />
  <attribute name="ProportionalI" value="3.500000" />
  <attribute name="ProportionalH" value="3.500000" />
  <attribute name="Current Error" value="7.000000" />
  <attribute name="IntegralT" value="119.000000" />
  <attribute name="IntegralI" value="119.000000" />
  <attribute name="IntegralH" value="119.000000" />
  <attribute name="DerivativeT" value="0.000000" />
  <attribute name="DerivativeI" value="0.000000" />
  <attribute name="DerivativeH" value="0.000000" />
  <attribute name="Loop Time for DT" value="17.000000" />
  <attribute name="Output H" value="8388608"/>
  <attribute name="Output I" value="200"/>
  <attribute name="Output T" value="4"/>
  <attribute name="Target GC Util Change" value ="20.000000" />
  <attribute name="Current GC Util Change" value="27.000000"/>
  <attribute name="GC Util currently" value="27" />
  <attribute name="CPU Util currently" value="261148714960" />
<allocation-satisfied id="1894" threadId="000000000230C900" bytesRequested="40" />
<af-end id="1895" timestamp="2019-06-15T03:59:57.747" threadId="000000000230D288" success="true" from="nursery"/>
<exclusive-end id="1896" timestamp="2019-06-15T03:59:57.747" durationms="2.807" />

<exclusive-start id="1897" timestamp="2019-06-15T03:59:57.761" intervalms="16.976">
  <response-info timems="0.031" idlems="0.028" threads="1" lastid="0000000002308D00" lastname="Thread-8" />
</exclusive-start>
<af-start id="1898" threadId="000000000230D288" totalBytesRequested="40" timestamp="2019-06-15T03:59:57.762" intervalms="17.020" type="nursery" />
<cycle-start id="1899" type="scavenge" contextid="0" timestamp="2019-06-15T03:59:57.762" intervalms="17.054" />
<gc-start id="1900" type="scavenge" contextid="1899" timestamp="2019-06-15T03:59:57.762">
  <mem-info id="1901" free="2051395424" total="2092630016" percent="98">
    <mem type="nursery" free="0" total="29229056" percent="0">
      <mem type="allocate" free="0" total="26279936" percent="0" />
      <mem type="survivor" free="0" total="2949120" percent="0" />
    </mem>
    <mem type="tenure" free="2051395424" total="2063400960" percent="99">
      <mem type="soa" free="1948225376" total="1960230912" percent="99" />
      <mem type="loa" free="103170048" total="103170048" percent="100" />
    </mem>
    <remembered-set count="4569" />
  </mem-info>
</gc-start>
<allocation-stats totalBytes="25124984" >
  <allocated-bytes non-tlh="40" tlh="25124944" />
  <largest-consumer threadName="Thread-10" threadId="000000000230C900" bytes="8577664" />
</allocation-stats>
<gc-op id="1902" type="scavenge" timems="1.760" contextid="1899" timestamp="2019-06-15T03:59:57.764">
  <scavenger-info tenureage="14" tenuremask="4000" tiltratio="89" />
  <memory-copied type="nursery" objects="27949" bytes="1083928" bytesdiscarded="170984" />
</gc-op>
<gc-end id="1903" type="scavenge" contextid="1899" durationms="2.151" usertimems="4.000" systemtimems="0.000" timestamp="2019-06-15T03:59:57.764" activeThreads="4">
  <mem-info id="1904" free="2076420448" total="2092630016" percent="99">
    <mem type="nursery" free="25025024" total="29229056" percent="85">
      <mem type="allocate" free="25025024" total="26279936" percent="95" />
      <mem type="survivor" free="0" total="2949120" percent="0" />
    </mem>
    <mem type="tenure" free="2051395424" total="2063400960" percent="99">
      <mem type="soa" free="1948225376" total="1960230912" percent="99" />
      <mem type="loa" free="103170048" total="103170048" percent="100" />
    </mem>
    <remembered-set count="4569" />
  </mem-info>
</gc-end>
<cycle-end id="1905" type="scavenge" contextid="1899" timestamp="2019-06-15T03:59:57.764" />
  <attribute name="elasticGC enabled" value="1" />
  <attribute name= "numThreadsSpecified" value="4" />
  <attribute name="heapSize specified" value="34406400" />
  <attribute name="Current GC Util" value="22" />
  <attribute name= "Current Time Running" value="2906" />
  <attribute name ="GC Interval" value="200" />
  <attribute name="ProportionalT" value="1.000000" />
  <attribute name="ProportionalI" value="1.000000" />
  <attribute name="ProportionalH" value="1.000000" />
  <attribute name="Current Error" value="2.000000" />
  <attribute name="IntegralT" value="34.000000" />
  <attribute name="IntegralI" value="34.000000" />
  <attribute name="IntegralH" value="34.000000" />
  <attribute name="DerivativeT" value="-0.441176" />
  <attribute name="DerivativeI" value="-0.441176" />
  <attribute name="DerivativeH" value="-0.441176" />
  <attribute name="Loop Time for DT" value="17.000000" />
  <attribute name="Output H" value="8388608"/>
  <attribute name="Output I" value="200"/>
  <attribute name="Output T" value="4"/>
  <attribute name="Target GC Util Change" value ="20.000000" />
  <attribute name="Current GC Util Change" value="22.000000"/>
  <attribute name="GC Util currently" value="22" />
  <attribute name="CPU Util currently" value="270654193471" />
<allocation-satisfied id="1906" threadId="000000000230C900" bytesRequested="40" />
<af-end id="1907" timestamp="2019-06-15T03:59:57.764" threadId="000000000230D288" success="true" from="nursery"/>
<exclusive-end id="1908" timestamp="2019-06-15T03:59:57.764" durationms="3.069" />

<exclusive-start id="1909" timestamp="2019-06-15T03:59:57.779" intervalms="17.205">
  <response-info timems="0.077" idlems="0.077" threads="0" lastid="000000000230C900" lastname="Thread-10" />
</exclusive-start>
<af-start id="1910" threadId="000000000230D288" totalBytesRequested="40" timestamp="2019-06-15T03:59:57.779" intervalms="17.158" type="nursery" />
<cycle-start id="1911" type="scavenge" contextid="0" timestamp="2019-06-15T03:59:57.779" intervalms="17.161" />
<gc-start id="1912" type="scavenge" contextid="1911" timestamp="2019-06-15T03:59:57.779">
  <mem-info id="1913" free="2051395424" total="2092630016" percent="98">
    <mem type="nursery" free="0" total="29229056" percent="0">
      <mem type="allocate" free="0" total="26279936" percent="0" />
      <mem type="survivor" free="0" total="2949120" percent="0" />
    </mem>
    <mem type="tenure" free="2051395424" total="2063400960" percent="99">
      <mem type="soa" free="1948225376" total="1960230912" percent="99" />
      <mem type="loa" free="103170048" total="103170048" percent="100" />
    </mem>
    <remembered-set count="6740" />
  </mem-info>
</gc-start>
<allocation-stats totalBytes="25024808" >
  <allocated-bytes non-tlh="40" tlh="25024768" />
  <largest-consumer threadName="Thread-10" threadId="000000000230C900" bytes="8748968" />
</allocation-stats>
<gc-op id="1914" type="scavenge" timems="1.755" contextid="1911" timestamp="2019-06-15T03:59:57.781">
  <scavenger-info tenureage="3" tenuremask="4018" tiltratio="89" />
  <memory-copied type="nursery" objects="20750" bytes="636520" bytesdiscarded="76184" />
  <memory-copied type="tenure" objects="12094" bytes="565008" bytesdiscarded="24" />
</gc-op>
<gc-end id="1915" type="scavenge" contextid="1911" durationms="2.089" usertimems="0.000" systemtimems="4.000" timestamp="2019-06-15T03:59:57.781" activeThreads="4">
  <mem-info id="1916" free="2076437344" total="2092630016" percent="99">
    <mem type="nursery" free="25567232" total="29229056" percent="87">
      <mem type="allocate" free="25567232" total="26279936" percent="97" />
      <mem type="survivor" free="0" total="2949120" percent="0" />
    </mem>
    <mem type="tenure" free="2050870112" total="2063400960" percent="99">
      <mem type="soa" free="1947700064" total="1960230912" percent="99" />
      <mem type="loa" free="103170048" total="103170048" percent="100" />
    </mem>
    <remembered-set count="10596" />
  </mem-info>
</gc-end>
<cycle-end id="1917" type="scavenge" contextid="1911" timestamp="2019-06-15T03:59:57.781" />
  <attribute name="elasticGC enabled" value="1" />
  <attribute name= "numThreadsSpecified" value="4" />
  <attribute name="heapSize specified" value="34406400" />
  <attribute name="Current GC Util" value="22" />
  <attribute name= "Current Time Running" value="2924" />
  <attribute name ="GC Interval" value="200" />
  <attribute name="ProportionalT" value="1.000000" />
  <attribute name="ProportionalI" value="1.000000" />
  <attribute name="ProportionalH" value="1.000000" />
  <attribute name="Current Error" value="2.000000" />
  <attribute name="IntegralT" value="36.000000" />
  <attribute name="IntegralI" value="36.000000" />
  <attribute name="IntegralH" value="36.000000" />
  <attribute name="DerivativeT" value="0.000000" />
  <attribute name="DerivativeI" value="0.000000" />
  <attribute name="DerivativeH" value="0.000000" />
  <attribute name="Loop Time for DT" value="18.000000" />
  <attribute name="Output H" value="8388608"/>
  <attribute name="Output I" value="200"/>
  <attribute name="Output T" value="4"/>
  <attribute name="Target GC Util Change" value ="20.000000" />
  <attribute name="Current GC Util Change" value="22.000000"/>
  <attribute name="GC Util currently" value="22" />
  <attribute name="CPU Util currently" value="269031952487" />
<allocation-satisfied id="1918" threadId="000000000230C900" bytesRequested="40" />
<af-end id="1919" timestamp="2019-06-15T03:59:57.781" threadId="000000000230D288" success="true" from="nursery"/>
<exclusive-end id="1920" timestamp="2019-06-15T03:59:57.782" durationms="2.925" />

<exclusive-start id="1921" timestamp="2019-06-15T03:59:57.795" intervalms="16.257">
  <response-info timems="0.029" idlems="0.029" threads="0" lastid="0000000002308D00" lastname="Thread-8" />
</exclusive-start>
<af-start id="1922" threadId="0000000002309688" totalBytesRequested="40" timestamp="2019-06-15T03:59:57.795" intervalms="16.265" type="nursery" />
<cycle-start id="1923" type="scavenge" contextid="0" timestamp="2019-06-15T03:59:57.795" intervalms="16.290" />
<gc-start id="1924" type="scavenge" contextid="1923" timestamp="2019-06-15T03:59:57.795">
  <mem-info id="1925" free="2050870112" total="2092630016" percent="98">
    <mem type="nursery" free="0" total="29229056" percent="0">
      <mem type="allocate" free="0" total="26279936" percent="0" />
      <mem type="survivor" free="0" total="2949120" percent="0" />
    </mem>
    <mem type="tenure" free="2050870112" total="2063400960" percent="99">
      <mem type="soa" free="1947700064" total="1960230912" percent="99" />
      <mem type="loa" free="103170048" total="103170048" percent="100" />
    </mem>
    <remembered-set count="13019" />
  </mem-info>
</gc-start>
<allocation-stats totalBytes="25566880" >
  <allocated-bytes non-tlh="40" tlh="25566840" />
  <largest-consumer threadName="Thread-10" threadId="000000000230C900" bytes="8617888" />
</allocation-stats>
<gc-op id="1926" type="scavenge" timems="2.163" contextid="1923" timestamp="2019-06-15T03:59:57.798">
  <scavenger-info tenureage="3" tenuremask="4048" tiltratio="89" />
  <memory-copied type="nursery" objects="19060" bytes="595840" bytesdiscarded="186752" />
  <memory-copied type="tenure" objects="12556" bytes="438720" bytesdiscarded="0" />
</gc-op>
<gc-end id="1927" type="scavenge" contextid="1923" durationms="2.697" usertimems="4.000" systemtimems="4.000" timestamp="2019-06-15T03:59:57.798" activeThreads="4">
  <mem-info id="1928" free="2075941864" total="2092630016" percent="99">
    <mem type="nursery" free="25497344" total="29229056" percent="87">
      <mem type="allocate" free="25497344" total="26279936" percent="97" />
      <mem type="survivor" free="0" total="2949120" percent="0" />
    </mem>
    <mem type="tenure" free="2050444520" total="2063400960" percent="99">
      <mem type="soa" free="1947274472" total="1960230912" percent="99" />
      <mem type="loa" free="103170048" total="103170048" percent="100" />
    </mem>
    <remembered-set count="11240" />
  </mem-info>
</gc-end>
<cycle-end id="1929" type="scavenge" contextid="1923" timestamp="2019-06-15T03:59:57.798" />
  <attribute name="elasticGC enabled" value="1" />
  <attribute name= "numThreadsSpecified" value="4" />
  <attribute name="heapSize specified" value="34406400" />
  <attribute name="Current GC Util" value="27" />
  <attribute name= "Current Time Running" value="2940" />
  <attribute name ="GC Interval" value="200" />
  <attribute name="ProportionalT" value="3.500000" />
  <attribute name="ProportionalI" value="3.500000" />
  <attribute name="ProportionalH" value="3.500000" />
  <attribute name="Current Error" value="7.000000" />
  <attribute name="IntegralT" value="112.000000" />
  <attribute name="IntegralI" value="112.000000" />
  <attribute name="IntegralH" value="112.000000" />
  <attribute name="DerivativeT" value="0.468750" />
  <attribute name="DerivativeI" value="0.468750" />
  <attribute name="DerivativeH" value="0.468750" />
  <attribute name="Loop Time for DT" value="16.000000" />
  <attribute name="Output H" value="8388608"/>
  <attribute name="Output I" value="200"/>
  <attribute name="Output T" value="4"/>
  <attribute name="Target GC Util Change" value ="20.000000" />
  <attribute name="Current GC Util Change" value="27.000000"/>
  <attribute name="GC Util currently" value="27" />
  <attribute name="CPU Util currently" value="282568757028" />
<allocation-satisfied id="1930" threadId="0000000002308D00" bytesRequested="40" />
<af-end id="1931" timestamp="2019-06-15T03:59:57.798" threadId="0000000002309688" success="true" from="nursery"/>
<exclusive-end id="1932" timestamp="2019-06-15T03:59:57.798" durationms="3.598" />

<exclusive-start id="1933" timestamp="2019-06-15T03:59:57.811" intervalms="16.183">
  <response-info timems="0.043" idlems="0.043" threads="1" lastid="000000000230C900" lastname="Thread-10" />
</exclusive-start>
<af-start id="1934" threadId="0000000002309688" totalBytesRequested="40" timestamp="2019-06-15T03:59:57.811" intervalms="16.174" type="nursery" />
<cycle-start id="1935" type="scavenge" contextid="0" timestamp="2019-06-15T03:59:57.811" intervalms="16.146" />
<gc-start id="1936" type="scavenge" contextid="1935" timestamp="2019-06-15T03:59:57.811">
  <mem-info id="1937" free="2050444520" total="2092630016" percent="97">
    <mem type="nursery" free="0" total="29229056" percent="0">
      <mem type="allocate" free="0" total="26279936" percent="0" />
      <mem type="survivor" free="0" total="2949120" percent="0" />
    </mem>
    <mem type="tenure" free="2050444520" total="2063400960" percent="99">
      <mem type="soa" free="1947274472" total="1960230912" percent="99" />
      <mem type="loa" free="103170048" total="103170048" percent="100" />
    </mem>
    <remembered-set count="12813" />
  </mem-info>
</gc-start>
<allocation-stats totalBytes="25497032" >
  <allocated-bytes non-tlh="40" tlh="25496992" />
  <largest-consumer threadName="Thread-10" threadId="000000000230C900" bytes="8748936" />
</allocation-stats>
<gc-op id="1938" type="scavenge" timems="1.878" contextid="1935" timestamp="2019-06-15T03:59:57.813">
  <scavenger-info tenureage="14" tenuremask="4000" tiltratio="89" />
  <memory-copied type="nursery" objects="35663" bytes="1268840" bytesdiscarded="248728" />
</gc-op>
<gc-end id="1939" type="scavenge" contextid="1935" durationms="2.288" usertimems="4.000" systemtimems="0.000" timestamp="2019-06-15T03:59:57.814" activeThreads="4">
  <mem-info id="1940" free="2075206888" total="2092630016" percent="99">
    <mem type="nursery" free="24762368" total="29229056" percent="84">
      <mem type="allocate" free="24762368" total="26279936" percent="94" />
      <mem type="survivor" free="0" total="2949120" percent="0" />
    </mem>
    <mem type="tenure" free="2050444520" total="2063400960" percent="99">
      <mem type="soa" free="1947274472" total="1960230912" percent="99" />
      <mem type="loa" free="103170048" total="103170048" percent="100" />
    </mem>
    <remembered-set count="12812" />
  </mem-info>
</gc-end>
<cycle-end id="1941" type="scavenge" contextid="1935" timestamp="2019-06-15T03:59:57.814" />
  <attribute name="elasticGC enabled" value="1" />
  <attribute name= "numThreadsSpecified" value="4" />
  <attribute name="heapSize specified" value="34406400" />
  <attribute name="Current GC Util" value="34" />
  <attribute name= "Current Time Running" value="2956" />
  <attribute name ="GC Interval" value="232" />
  <attribute name="ProportionalT" value="7.000000" />
  <attribute name="ProportionalI" value="7.000000" />
  <attribute name="ProportionalH" value="7.000000" />
  <attribute name="Current Error" value="14.000000" />
  <attribute name="IntegralT" value="224.000000" />
  <attribute name="IntegralI" value="224.000000" />
  <attribute name="IntegralH" value="224.000000" />
  <attribute name="DerivativeT" value="0.656250" />
  <attribute name="DerivativeI" value="0.656250" />
  <attribute name="DerivativeH" value="0.656250" />
  <attribute name="Loop Time for DT" value="16.000000" />
  <attribute name="Output H" value="8388608"/>
  <attribute name="Output I" value="232"/>
  <attribute name="Output T" value="4"/>
  <attribute name="Target GC Util Change" value ="20.000000" />
  <attribute name="Current GC Util Change" value="34.000000"/>
  <attribute name="GC Util currently" value="34" />
  <attribute name="CPU Util currently" value="287797437979" />
<allocation-satisfied id="1942" threadId="0000000002308D00" bytesRequested="40" />
<af-end id="1943" timestamp="2019-06-15T03:59:57.814" threadId="0000000002309688" success="true" from="nursery"/>
<exclusive-end id="1944" timestamp="2019-06-15T03:59:57.814" durationms="3.075" />

<exclusive-start id="1945" timestamp="2019-06-15T03:59:57.826" intervalms="15.166">
  <response-info timems="0.053" idlems="0.053" threads="0" lastid="0000000002314100" lastname="Thread-7" />
</exclusive-start>
<af-start id="1946" threadId="0000000002314A88" totalBytesRequested="40" timestamp="2019-06-15T03:59:57.826" intervalms="15.180" type="nursery" />
<cycle-start id="1947" type="scavenge" contextid="0" timestamp="2019-06-15T03:59:57.826" intervalms="15.137" />
<gc-start id="1948" type="scavenge" contextid="1947" timestamp="2019-06-15T03:59:57.827">
  <mem-info id="1949" free="2050444520" total="2092630016" percent="97">
    <mem type="nursery" free="0" total="29229056" percent="0">
      <mem type="allocate" free="0" total="26279936" percent="0" />
      <mem type="survivor" free="0" total="2949120" percent="0" />
    </mem>
    <mem type="tenure" free="2050444520" total="2063400960" percent="99">
      <mem type="soa" free="1947274472" total="1960230912" percent="99" />
      <mem type="loa" free="103170048" total="103170048" percent="100" />
    </mem>
    <remembered-set count="13223" />
  </mem-info>
</gc-start>
<allocation-stats totalBytes="24761984" >
  <allocated-bytes non-tlh="40" tlh="24761944" />
  <largest-consumer threadName="Thread-10" threadId="000000000230C900" bytes="8355744" />
</allocation-stats>
<gc-op id="1950" type="scavenge" timems="1.391" contextid="1947" timestamp="2019-06-15T03:59:57.828">
  <scavenger-info tenureage="14" tenuremask="4000" tiltratio="89" />
  <memory-copied type="nursery" objects="36014" bytes="1277528" bytesdiscarded="192424" />
</gc-op>
<gc-end id="1951" type="scavenge" contextid="1947" durationms="1.682" usertimems="4.000" systemtimems="0.000" timestamp="2019-06-15T03:59:57.828" activeThreads="4">
  <mem-info id="1952" free="2075254504" total="2092630016" percent="99">
    <mem type="nursery" free="24809984" total="29229056" percent="84">
      <mem type="allocate" free="24809984" total="26279936" percent="94" />
      <mem type="survivor" free="0" total="2949120" percent="0" />
    </mem>
    <mem type="tenure" free="2050444520" total="2063400960" percent="99">
      <mem type="soa" free="1947274472" total="1960230912" percent="99" />
      <mem type="loa" free="103170048" total="103170048" percent="100" />
    </mem>
    <remembered-set count="13221" />
  </mem-info>
</gc-end>
<cycle-end id="1953" type="scavenge" contextid="1947" timestamp="2019-06-15T03:59:57.828" />
  <attribute name="elasticGC enabled" value="1" />
  <attribute name= "numThreadsSpecified" value="4" />
  <attribute name="heapSize specified" value="34406400" />
  <attribute name="Current GC Util" value="32" />
  <attribute name= "Current Time Running" value="2971" />
  <attribute name ="GC Interval" value="200" />
  <attribute name="ProportionalT" value="6.000000" />
  <attribute name="ProportionalI" value="6.000000" />
  <attribute name="ProportionalH" value="6.000000" />
  <attribute name="Current Error" value="12.000000" />
  <attribute name="IntegralT" value="180.000000" />
  <attribute name="IntegralI" value="180.000000" />
  <attribute name="IntegralH" value="180.000000" />
  <attribute name="DerivativeT" value="-0.200000" />
  <attribute name="DerivativeI" value="-0.200000" />
  <attribute name="DerivativeH" value="-0.200000" />
  <attribute name="Loop Time for DT" value="15.000000" />
  <attribute name="Output H" value="8388608"/>
  <attribute name="Output I" value="200"/>
  <attribute name="Output T" value="4"/>
  <attribute name="Target GC Util Change" value ="20.000000" />
  <attribute name="Current GC Util Change" value="32.000000"/>
  <attribute name="GC Util currently" value="32" />
  <attribute name="CPU Util currently" value="304171971235" />
<allocation-satisfied id="1954" threadId="0000000002314100" bytesRequested="40" />
<af-end id="1955" timestamp="2019-06-15T03:59:57.828" threadId="0000000002314A88" success="true" from="nursery"/>
<exclusive-end id="1956" timestamp="2019-06-15T03:59:57.829" durationms="2.335" />

<exclusive-start id="1957" timestamp="2019-06-15T03:59:57.840" intervalms="14.255">
  <response-info timems="0.034" idlems="0.019" threads="1" lastid="0000000002310500" lastname="Thread-9" />
</exclusive-start>
<af-start id="1958" threadId="0000000002314A88" totalBytesRequested="40" timestamp="2019-06-15T03:59:57.841" intervalms="14.229" type="nursery" />
<cycle-start id="1959" type="scavenge" contextid="0" timestamp="2019-06-15T03:59:57.841" intervalms="14.226" />
<gc-start id="1960" type="scavenge" contextid="1959" timestamp="2019-06-15T03:59:57.841">
  <mem-info id="1961" free="2050444520" total="2092630016" percent="97">
    <mem type="nursery" free="0" total="29229056" percent="0">
      <mem type="allocate" free="0" total="26279936" percent="0" />
      <mem type="survivor" free="0" total="2949120" percent="0" />
    </mem>
    <mem type="tenure" free="2050444520" total="2063400960" percent="99">
      <mem type="soa" free="1947274472" total="1960230912" percent="99" />
      <mem type="loa" free="103170048" total="103170048" percent="100" />
    </mem>
    <remembered-set count="13866" />
  </mem-info>
</gc-start>
<allocation-stats totalBytes="24809648" >
  <allocated-bytes non-tlh="40" tlh="24809608" />
  <largest-consumer threadName="Thread-10" threadId="000000000230C900" bytes="8393128" />
</allocation-stats>
<gc-op id="1962" type="scavenge" timems="1.397" contextid="1959" timestamp="2019-06-15T03:59:57.842">
  <scavenger-info tenureage="4" tenuremask="4030" tiltratio="89" />
  <memory-copied type="nursery" objects="27374" bytes="1070008" bytesdiscarded="178616" />
  <memory-copied type="tenure" objects="7984" bytes="191616" bytesdiscarded="264" />
</gc-op>
<gc-end id="1963" type="scavenge" contextid="1959" durationms="1.686" usertimems="4.000" systemtimems="0.000" timestamp="2019-06-15T03:59:57.842" activeThreads="4">
  <mem-info id="1964" free="2075405944" total="2092630016" percent="99">
    <mem type="nursery" free="25031312" total="29229056" percent="85">
      <mem type="allocate" free="25031312" total="26279936" percent="95" />
      <mem type="survivor" free="0" total="2949120" percent="0" />
    </mem>
    <mem type="tenure" free="2050374632" total="2063400960" percent="99">
      <mem type="soa" free="1947204584" total="1960230912" percent="99" />
      <mem type="loa" free="103170048" total="103170048" percent="100" />
    </mem>
    <remembered-set count="5882" />
  </mem-info>
</gc-end>
<cycle-end id="1965" type="scavenge" contextid="1959" timestamp="2019-06-15T03:59:57.843" />
  <attribute name="elasticGC enabled" value="1" />
  <attribute name= "numThreadsSpecified" value="4" />
  <attribute name="heapSize specified" value="34406400" />
  <attribute name="Current GC Util" value="27" />
  <attribute name= "Current Time Running" value="2985" />
  <attribute name ="GC Interval" value="200" />
  <attribute name="ProportionalT" value="3.500000" />
  <attribute name="ProportionalI" value="3.500000" />
  <attribute name="ProportionalH" value="3.500000" />
  <attribute name="Current Error" value="7.000000" />
  <attribute name="IntegralT" value="98.000000" />
  <attribute name="IntegralI" value="98.000000" />
  <attribute name="IntegralH" value="98.000000" />
  <attribute name="DerivativeT" value="-0.535714" />
  <attribute name="DerivativeI" value="-0.535714" />
  <attribute name="DerivativeH" value="-0.535714" />
  <attribute name="Loop Time for DT" value="14.000000" />
  <attribute name="Output H" value="8388608"/>
  <attribute name="Output I" value="200"/>
  <attribute name="Output T" value="4"/>
  <attribute name="Target GC Util Change" value ="20.000000" />
  <attribute name="Current GC Util Change" value="27.000000"/>
  <attribute name="GC Util currently" value="27" />
  <attribute name="CPU Util currently" value="324403014496" />
<allocation-satisfied id="1966" threadId="0000000002314100" bytesRequested="40" />
<af-end id="1967" timestamp="2019-06-15T03:59:57.843" threadId="0000000002314A88" success="true" from="nursery"/>
<exclusive-end id="1968" timestamp="2019-06-15T03:59:57.843" durationms="2.305" />

<exclusive-start id="1969" timestamp="2019-06-15T03:59:57.855" intervalms="14.280">
  <response-info timems="0.042" idlems="0.023" threads="1" lastid="0000000002314100" lastname="Thread-7" />
</exclusive-start>
<af-start id="1970" threadId="0000000002310E88" totalBytesRequested="24" timestamp="2019-06-15T03:59:57.855" intervalms="14.279" type="nursery" />
<cycle-start id="1971" type="scavenge" contextid="0" timestamp="2019-06-15T03:59:57.855" intervalms="14.286" />
<gc-start id="1972" type="scavenge" contextid="1971" timestamp="2019-06-15T03:59:57.855">
  <mem-info id="1973" free="2050374632" total="2092630016" percent="97">
    <mem type="nursery" free="0" total="29229056" percent="0">
      <mem type="allocate" free="0" total="26279936" percent="0" />
      <mem type="survivor" free="0" total="2949120" percent="0" />
    </mem>
    <mem type="tenure" free="2050374632" total="2063400960" percent="99">
      <mem type="soa" free="1947204584" total="1960230912" percent="99" />
      <mem type="loa" free="103170048" total="103170048" percent="100" />
    </mem>
    <remembered-set count="6389" />
  </mem-info>
</gc-start>
<allocation-stats totalBytes="25031032" >
  <allocated-bytes non-tlh="40" tlh="25030992" />
  <largest-consumer threadName="Thread-10" threadId="000000000230C900" bytes="8483392" />
</allocation-stats>
<gc-op id="1974" type="scavenge" timems="2.317" contextid="1971" timestamp="2019-06-15T03:59:57.858">
  <scavenger-info tenureage="3" tenuremask="4008" tiltratio="89" />
  <memory-copied type="nursery" objects="15615" bytes="513032" bytesdiscarded="146680" />
  <memory-copied type="tenure" objects="13960" bytes="609792" bytesdiscarded="72" />
</gc-op>
<gc-end id="1975" type="scavenge" contextid="1971" durationms="2.608" usertimems="8.000" systemtimems="0.000" timestamp="2019-06-15T03:59:57.858" activeThreads="4">
  <mem-info id="1976" free="2075375368" total="2092630016" percent="99">
    <mem type="nursery" free="25620224" total="29229056" percent="87">
      <mem type="allocate" free="25620224" total="26279936" percent="97" />
      <mem type="survivor" free="0" total="2949120" percent="0" />
    </mem>
    <mem type="tenure" free="2049755144" total="2063400960" percent="99">
      <mem type="soa" free="1946585096" total="1960230912" percent="99" />
      <mem type="loa" free="103170048" total="103170048" percent="100" />
    </mem>
    <remembered-set count="8572" />
  </mem-info>
</gc-end>
<cycle-end id="1977" type="scavenge" contextid="1971" timestamp="2019-06-15T03:59:57.858" />
  <attribute name="elasticGC enabled" value="1" />
  <attribute name= "numThreadsSpecified" value="4" />
  <attribute name="heapSize specified" value="34406400" />
  <attribute name="Current GC Util" value="26" />
  <attribute name= "Current Time Running" value="3000" />
  <attribute name ="GC Interval" value="200" />
  <attribute name="ProportionalT" value="3.000000" />
  <attribute name="ProportionalI" value="3.000000" />
  <attribute name="ProportionalH" value="3.000000" />
  <attribute name="Current Error" value="6.000000" />
  <attribute name="IntegralT" value="90.000000" />
  <attribute name="IntegralI" value="90.000000" />
  <attribute name="IntegralH" value="90.000000" />
  <attribute name="DerivativeT" value="-0.100000" />
  <attribute name="DerivativeI" value="-0.100000" />
  <attribute name="DerivativeH" value="-0.100000" />
  <attribute name="Loop Time for DT" value="15.000000" />
  <attribute name="Output H" value="8388608"/>
  <attribute name="Output I" value="200"/>
  <attribute name="Output T" value="4"/>
  <attribute name="Target GC Util Change" value ="20.000000" />
  <attribute name="Current GC Util Change" value="26.000000"/>
  <attribute name="GC Util currently" value="26" />
  <attribute name="CPU Util currently" value="322786325882" />
<allocation-satisfied id="1978" threadId="0000000002310500" bytesRequested="24" />
<af-end id="1979" timestamp="2019-06-15T03:59:57.858" threadId="0000000002310E88" success="true" from="nursery"/>
<exclusive-end id="1980" timestamp="2019-06-15T03:59:57.858" durationms="3.233" />

<exclusive-start id="1981" timestamp="2019-06-15T03:59:57.872" intervalms="17.346">
  <response-info timems="0.031" idlems="0.031" threads="0" lastid="000000000230C900" lastname="Thread-10" />
</exclusive-start>
<af-start id="1982" threadId="000000000230D288" totalBytesRequested="24" timestamp="2019-06-15T03:59:57.872" intervalms="17.362" type="nursery" />
<cycle-start id="1983" type="scavenge" contextid="0" timestamp="2019-06-15T03:59:57.872" intervalms="17.367" />
<gc-start id="1984" type="scavenge" contextid="1983" timestamp="2019-06-15T03:59:57.872">
  <mem-info id="1985" free="2049755144" total="2092630016" percent="97">
    <mem type="nursery" free="0" total="29229056" percent="0">
      <mem type="allocate" free="0" total="26279936" percent="0" />
      <mem type="survivor" free="0" total="2949120" percent="0" />
    </mem>
    <mem type="tenure" free="2049755144" total="2063400960" percent="99">
      <mem type="soa" free="1946585096" total="1960230912" percent="99" />
      <mem type="loa" free="103170048" total="103170048" percent="100" />
    </mem>
    <remembered-set count="10106" />
  </mem-info>
</gc-start>
<allocation-stats totalBytes="25617816" >
  <allocated-bytes non-tlh="24" tlh="25617792" />
  <largest-consumer threadName="Thread-10" threadId="000000000230C900" bytes="10062568" />
</allocation-stats>
<gc-op id="1986" type="scavenge" timems="1.654" contextid="1983" timestamp="2019-06-15T03:59:57.874">
  <scavenger-info tenureage="5" tenuremask="4020" tiltratio="89" />
  <memory-copied type="nursery" objects="13986" bytes="473800" bytesdiscarded="116024" />
  <memory-copied type="tenure" objects="4194" bytes="100656" bytesdiscarded="0" />
</gc-op>
<gc-end id="1987" type="scavenge" contextid="1983" durationms="2.218" usertimems="4.000" systemtimems="0.000" timestamp="2019-06-15T03:59:57.875" activeThreads="4">
  <mem-info id="1988" free="2075244040" total="2092630016" percent="99">
    <mem type="nursery" free="25690112" total="29229056" percent="87">
      <mem type="allocate" free="25690112" total="26279936" percent="97" />
      <mem type="survivor" free="0" total="2949120" percent="0" />
    </mem>
    <mem type="tenure" free="2049553928" total="2063400960" percent="99">
      <mem type="soa" free="1946383880" total="1960230912" percent="99" />
      <mem type="loa" free="103170048" total="103170048" percent="100" />
    </mem>
    <remembered-set count="6934" />
  </mem-info>
</gc-end>
<cycle-end id="1989" type="scavenge" contextid="1983" timestamp="2019-06-15T03:59:57.875" />
  <attribute name="elasticGC enabled" value="1" />
  <attribute name= "numThreadsSpecified" value="4" />
  <attribute name="heapSize specified" value="34406400" />
  <attribute name="Current GC Util" value="29" />
  <attribute name= "Current Time Running" value="3017" />
  <attribute name ="GC Interval" value="200" />
  <attribute name="ProportionalT" value="4.500000" />
  <attribute name="ProportionalI" value="4.500000" />
  <attribute name="ProportionalH" value="4.500000" />
  <attribute name="Current Error" value="9.000000" />
  <attribute name="IntegralT" value="153.000000" />
  <attribute name="IntegralI" value="153.000000" />
  <attribute name="IntegralH" value="153.000000" />
  <attribute name="DerivativeT" value="0.264706" />
  <attribute name="DerivativeI" value="0.264706" />
  <attribute name="DerivativeH" value="0.264706" />
  <attribute name="Loop Time for DT" value="17.000000" />
  <attribute name="Output H" value="8388608"/>
  <attribute name="Output I" value="200"/>
  <attribute name="Output T" value="4"/>
  <attribute name="Target GC Util Change" value ="20.000000" />
  <attribute name="Current GC Util Change" value="29.000000"/>
  <attribute name="GC Util currently" value="29" />
  <attribute name="CPU Util currently" value="264102877265" />
<allocation-satisfied id="1990" threadId="000000000230C900" bytesRequested="24" />
<af-end id="1991" timestamp="2019-06-15T03:59:57.875" threadId="000000000230D288" success="true" from="nursery"/>
<exclusive-end id="1992" timestamp="2019-06-15T03:59:57.875" durationms="3.143" />

<exclusive-start id="1993" timestamp="2019-06-15T03:59:57.893" intervalms="21.226">
  <response-info timems="0.048" idlems="0.048" threads="0" lastid="0000000002314100" lastname="Thread-7" />
</exclusive-start>
<af-start id="1994" threadId="0000000002314A88" totalBytesRequested="40" timestamp="2019-06-15T03:59:57.893" intervalms="21.229" type="nursery" />
<cycle-start id="1995" type="scavenge" contextid="0" timestamp="2019-06-15T03:59:57.894" intervalms="21.244" />
<gc-start id="1996" type="scavenge" contextid="1995" timestamp="2019-06-15T03:59:57.894">
  <mem-info id="1997" free="2049553928" total="2092630016" percent="97">
    <mem type="nursery" free="0" total="29229056" percent="0">
      <mem type="allocate" free="0" total="26279936" percent="0" />
      <mem type="survivor" free="0" total="2949120" percent="0" />
    </mem>
    <mem type="tenure" free="2049553928" total="2063400960" percent="99">
      <mem type="soa" free="1946383880" total="1960230912" percent="99" />
      <mem type="loa" free="103170048" total="103170048" percent="100" />
    </mem>
    <remembered-set count="8263" />
  </mem-info>
</gc-start>
<allocation-stats totalBytes="25687512" >
  <allocated-bytes non-tlh="24" tlh="25687488" />
  <largest-consumer threadName="Thread-8" threadId="0000000002308D00" bytes="12417896" />
</allocation-stats>
<gc-op id="1998" type="scavenge" timems="1.333" contextid="1995" timestamp="2019-06-15T03:59:57.895">
  <scavenger-info tenureage="3" tenuremask="4008" tiltratio="89" />
  <memory-copied type="nursery" objects="10736" bytes="258472" bytesdiscarded="292184" />
  <memory-copied type="tenure" objects="6741" bytes="299160" bytesdiscarded="24" />
</gc-op>
<gc-end id="1999" type="scavenge" contextid="1995" durationms="1.546" usertimems="4.000" systemtimems="0.000" timestamp="2019-06-15T03:59:57.895" activeThreads="4">
  <mem-info id="2000" free="2074911496" total="2092630016" percent="99">
    <mem type="nursery" free="25729280" total="29229056" percent="88">
      <mem type="allocate" free="25729280" total="26279936" percent="97" />
      <mem type="survivor" free="0" total="2949120" percent="0" />
    </mem>
    <mem type="tenure" free="2049182216" total="2063400960" percent="99">
      <mem type="soa" free="1946012168" total="1960230912" percent="99" />
      <mem type="loa" free="103170048" total="103170048" percent="100" />
    </mem>
    <remembered-set count="9649" />
  </mem-info>
</gc-end>
<cycle-end id="2001" type="scavenge" contextid="1995" timestamp="2019-06-15T03:59:57.895" />
  <attribute name="elasticGC enabled" value="1" />
  <attribute name= "numThreadsSpecified" value="4" />
  <attribute name="heapSize specified" value="34406400" />
  <attribute name="Current GC Util" value="19" />
  <attribute name= "Current Time Running" value="3038" />
  <attribute name ="GC Interval" value="200" />
  <attribute name="ProportionalT" value="-0.500000" />
  <attribute name="ProportionalI" value="-0.500000" />
  <attribute name="ProportionalH" value="-0.500000" />
  <attribute name="Current Error" value="-1.000000" />
  <attribute name="IntegralT" value="-21.000000" />
  <attribute name="IntegralI" value="-21.000000" />
  <attribute name="IntegralH" value="-21.000000" />
  <attribute name="DerivativeT" value="-0.714286" />
  <attribute name="DerivativeI" value="-0.714286" />
  <attribute name="DerivativeH" value="-0.714286" />
  <attribute name="Loop Time for DT" value="21.000000" />
  <attribute name="Output H" value="2092630016"/>
  <attribute name="Output I" value="200"/>
  <attribute name="Output T" value="4"/>
  <attribute name="Target GC Util Change" value ="20.000000" />
  <attribute name="Current GC Util Change" value="19.000000"/>
  <attribute name="GC Util currently" value="19" />
  <attribute name="CPU Util currently" value="218864136634" />
<allocation-satisfied id="2002" threadId="0000000002314100" bytesRequested="40" />
<af-end id="2003" timestamp="2019-06-15T03:59:57.895" threadId="0000000002314A88" success="true" from="nursery"/>
<exclusive-end id="2004" timestamp="2019-06-15T03:59:57.896" durationms="2.217" />

</verbosegc>

