
<?xml version="1.0" ?>

<verbosegc xmlns="http://www.ibm.com/j9/verbosegc" version="6fe7bac_CMPRSS">

<gc check installed>
<initialized id="1" timestamp="2019-08-08T20:23:52.501">
  <attribute name="gcPolicy" value="-Xgcpolicy:gencon" />
  <attribute name="elasticGC enabled" value="1" />
  <attribute name= "numThreadsSpecified" value="0" />
  <attribute name="heapSize specified" value="0" />
  <attribute name="Current GC Util" value="0" />
  <attribute name= "Current Time Running" value="0" />
  <attribute name ="GC Interval" value="0" />
  <attribute name="Target GC Util Change" value ="0.000000" />
  <attribute name="Current GC Util Change" value="0.000000"/>
  <attribute name="Current Error" value="0.000000" />
  <attribute name="Output H" value="0"/>
  <attribute name="Output I" value="0"/>
  <attribute name="Output T" value="0"/>
  <attribute name= "Current Time Running" value="0" />
  <attribute name="GC Util currently" value="0" />
  <attribute name="CPU Util currently" value="0" />
  <attribute name="maxHeapSize" value="0xfa900000" />
  <attribute name="initialHeapSize" value="0x800000" />
  <attribute name="compressedRefs" value="true" />
  <attribute name="compressedRefsDisplacement" value="0x0" />
  <attribute name="compressedRefsShift" value="0x3" />
  <attribute name="pageSize" value="0x1000" />
  <attribute name="pageType" value="not used" />
  <attribute name="requestedPageSize" value="0x1000" />
  <attribute name="requestedPageType" value="not used" />
  <attribute name="gcthreads" value="16" />
  <attribute name="gcthreads Concurrent Mark" value="1" />
  <attribute name="packetListSplit" value="16" />
  <attribute name="cacheListSplit" value="16" />
  <attribute name="splitFreeListSplitAmount" value="2" />
  <attribute name="numaNodes" value="0" />
  <system>
    <attribute name="physicalMemory" value="16815001600" />
    <attribute name="numCPUs" value="16" />
    <attribute name="architecture" value="amd64" />
    <attribute name="os" value="Linux" />
    <attribute name="osVersion" value="4.15.0" />
  </system>
  <vmargs>
    <vmarg name="-Xoptionsfile=/jdk/lib/options.default" />
    <vmarg name="-Xlockword:mode=default,noLockword=java/lang/String,noLockword=java/util/MapEntry,noLockword=java/util/HashMap$Entry,noLockword..." />
    <vmarg name="-Xjcl:jclse29" />
    <vmarg name="-Dcom.ibm.oti.vm.bootstrap.library.path=/jdk/lib/compressedrefs:/jdk/lib" />
    <vmarg name="-Dsun.boot.library.path=/jdk/lib/compressedrefs:/jdk/lib" />
    <vmarg name="-Djava.library.path=/jdk/lib/compressedrefs:/jdk/lib:/usr/lib64:/usr/lib" />
    <vmarg name="-Djava.home=/jdk" />
    <vmarg name="-Duser.dir=/" />
    <vmarg name="-Xgcelastic" />
    <vmarg name="-Xcheck:gc:::elasticGC" />
    <vmarg name="-verbose:gc" />
    <vmarg name="-Djava.class.path=dacapo-9.12-MR1-bach.jar" />
    <vmarg name="-Dsun.java.command=dacapo-9.12-MR1-bach.jar avrora jython pmd sunflow xalan --size=large" />
    <vmarg name="-Dsun.java.launcher=SUN_STANDARD" />
    <vmarg name="-Dsun.java.launcher.pid=1" />
  </vmargs>
</initialized>

<exclusive-start id="2" timestamp="2019-08-08T20:23:52.626" intervalms="124.335">
  <response-info timems="0.026" idlems="0.026" threads="0" lastid="0000000000959F00" lastname="main" />
</exclusive-start>
<af-start id="3" threadId="000000000095A888" totalBytesRequested="15632" timestamp="2019-08-08T20:23:52.626" intervalms="124.398" type="nursery" />
<cycle-start id="4" type="scavenge" contextid="0" timestamp="2019-08-08T20:23:52.626" intervalms="124.423" />
<gc check: start verifying slots before local gc (1)>
<gc check: finished verifying slots before local gc (1)>
<gc-start id="5" type="scavenge" contextid="4" timestamp="2019-08-08T20:23:52.632">
  <mem-info id="6" free="6064760" total="8388608" percent="72">
    <mem type="nursery" free="0" total="2097152" percent="0">
      <mem type="allocate" free="0" total="1048576" percent="0" />
      <mem type="survivor" free="0" total="1048576" percent="0" />
    </mem>
    <mem type="tenure" free="6064760" total="6291456" percent="96">
      <mem type="soa" free="5750392" total="5977088" percent="96" />
      <mem type="loa" free="314368" total="314368" percent="100" />
    </mem>
    <remembered-set count="3125" />
  </mem-info>
</gc-start>
<allocation-stats totalBytes="1268072" >
  <allocated-bytes non-tlh="268280" tlh="999792" />
  <largest-consumer threadName="main" threadId="0000000000959F00" bytes="1170920" />
</allocation-stats>
<gc-op id="7" type="scavenge" timems="1.983" contextid="4" timestamp="2019-08-08T20:23:52.634">
  <scavenger-info tenureage="2" tenuremask="fffc" tiltratio="50" />
  <memory-copied type="nursery" objects="10588" bytes="503816" bytesdiscarded="118000" />
  <finalization candidates="11" enqueued="0" />
  <references type="soft" candidates="62" cleared="0" enqueued="0" dynamicThreshold="32" maxThreshold="32" />
  <references type="weak" candidates="284" cleared="152" enqueued="116" />
  <references type="phantom" candidates="19" cleared="3" enqueued="3" />
</gc-op>
<gc check: start verifying slots after local gc (1)>
<gc check: finished verifying slots after local gc (1)>
<gc-end id="8" type="scavenge" contextid="4" durationms="6.493" usertimems="6.111" systemtimems="3.051" timestamp="2019-08-08T20:23:52.638" activeThreads="16">
  <mem-info id="9" free="6489320" total="8388608" percent="77">
    <mem type="nursery" free="424560" total="2097152" percent="20">
      <mem type="allocate" free="424560" total="1048576" percent="40" />
      <mem type="survivor" free="0" total="1048576" percent="0" />
    </mem>
    <mem type="tenure" free="6064760" total="6291456" percent="96">
      <mem type="soa" free="5750392" total="5977088" percent="96" />
      <mem type="loa" free="314368" total="314368" percent="100" />
    </mem>
    <pending-finalizers system="0" default="0" reference="119" classloader="0" />
    <remembered-set count="3125" />
  </mem-info>
</gc-end>
<cycle-end id="10" type="scavenge" contextid="4" timestamp="2019-08-08T20:23:52.638" />
  <attribute name="elasticGC enabled" value="1" />
  <attribute name= "numThreadsSpecified" value="0" />
  <attribute name="heapSize specified" value="0" />
  <attribute name="Current GC Util" value="0" />
  <attribute name= "Current Time Running" value="51" />
  <attribute name ="GC Interval" value="1" />
  <attribute name="Target GC Util Change" value ="80.000000" />
  <attribute name="Current GC Util Change" value="0.000000"/>
  <attribute name="Current Error" value="0.000000" />
  <attribute name="Output H" value="0"/>
  <attribute name="Output I" value="0"/>
  <attribute name="Output T" value="0"/>
  <attribute name= "Current Time Running" value="51" />
  <attribute name="GC Util currently" value="0" />
  <attribute name="CPU Util currently" value="20" />
<allocation-satisfied id="11" threadId="0000000000959F00" bytesRequested="15632" />
<af-end id="12" timestamp="2019-08-08T20:23:52.638" threadId="000000000095A888" success="true" from="nursery"/>
<exclusive-end id="13" timestamp="2019-08-08T20:23:52.638" durationms="12.292" />

<exclusive-start id="14" timestamp="2019-08-08T20:23:52.656" intervalms="30.174">
  <response-info timems="0.040" idlems="0.040" threads="0" lastid="0000000000959F00" lastname="main" />
</exclusive-start>
<af-start id="15" threadId="000000000095A888" totalBytesRequested="32" timestamp="2019-08-08T20:23:52.656" intervalms="30.160" type="nursery" />
<cycle-start id="16" type="scavenge" contextid="0" timestamp="2019-08-08T20:23:52.656" intervalms="30.155" />
<gc check: start verifying slots before local gc (2)>
<gc check: finished verifying slots before local gc (2)>
<gc-start id="17" type="scavenge" contextid="16" timestamp="2019-08-08T20:23:52.661">
  <mem-info id="18" free="6054880" total="8388608" percent="72">
    <mem type="nursery" free="0" total="2097152" percent="0">
      <mem type="allocate" free="0" total="1048576" percent="0" />
      <mem type="survivor" free="0" total="1048576" percent="0" />
    </mem>
    <mem type="tenure" free="6054880" total="6291456" percent="96">
      <mem type="soa" free="5740512" total="5977088" percent="96" />
      <mem type="loa" free="314368" total="314368" percent="100" />
    </mem>
    <remembered-set count="3262" />
  </mem-info>
</gc-start>
<allocation-stats totalBytes="433168" >
  <allocated-bytes non-tlh="25512" tlh="407656" />
  <largest-consumer threadName="main" threadId="0000000000959F00" bytes="421192" />
</allocation-stats>
<gc-op id="19" type="scavenge" timems="3.834" contextid="16" timestamp="2019-08-08T20:23:52.665">
  <scavenger-info tenureage="5" tenuremask="7fe0" tiltratio="50" />
  <memory-copied type="nursery" objects="11071" bytes="493576" bytesdiscarded="129224" />
  <finalization candidates="11" enqueued="0" />
  <references type="soft" candidates="62" cleared="0" enqueued="0" dynamicThreshold="32" maxThreshold="32" />
  <references type="weak" candidates="261" cleared="117" enqueued="114" />
  <references type="phantom" candidates="41" cleared="14" enqueued="14" />
</gc-op>
<gc check: start verifying slots after local gc (2)>
<gc check: finished verifying slots after local gc (2)>
<gc-end id="20" type="scavenge" contextid="16" durationms="7.665" usertimems="7.534" systemtimems="2.545" timestamp="2019-08-08T20:23:52.668" activeThreads="16">
  <mem-info id="21" free="6479096" total="8388608" percent="77">
    <mem type="nursery" free="424216" total="2097152" percent="20">
      <mem type="allocate" free="424216" total="1048576" percent="40" />
      <mem type="survivor" free="0" total="1048576" percent="0" />
    </mem>
    <mem type="tenure" free="6054880" total="6291456" percent="96">
      <mem type="soa" free="5740512" total="5977088" percent="96" />
      <mem type="loa" free="314368" total="314368" percent="100" />
    </mem>
    <pending-finalizers system="0" default="0" reference="128" classloader="0" />
    <remembered-set count="3262" />
  </mem-info>
</gc-end>
<cycle-end id="22" type="scavenge" contextid="16" timestamp="2019-08-08T20:23:52.668" />
  <attribute name="elasticGC enabled" value="1" />
  <attribute name= "numThreadsSpecified" value="0" />
  <attribute name="heapSize specified" value="0" />
  <attribute name="Current GC Util" value="53" />
  <attribute name= "Current Time Running" value="80" />
  <attribute name ="GC Interval" value="1" />
  <attribute name="Target GC Util Change" value ="80.000000" />
  <attribute name="Current GC Util Change" value="53.000000"/>
  <attribute name="Current Error" value="0.000000" />
  <attribute name="Output H" value="0"/>
  <attribute name="Output I" value="0"/>
  <attribute name="Output T" value="0"/>
  <attribute name= "Current Time Running" value="80" />
  <attribute name="GC Util currently" value="53" />
  <attribute name="CPU Util currently" value="15" />
<allocation-satisfied id="23" threadId="0000000000959F00" bytesRequested="32" />
<af-end id="24" timestamp="2019-08-08T20:23:52.668" threadId="000000000095A888" success="true" from="nursery"/>
<exclusive-end id="25" timestamp="2019-08-08T20:23:52.668" durationms="12.443" />

<exclusive-start id="26" timestamp="2019-08-08T20:23:52.680" intervalms="24.104">
  <response-info timems="0.012" idlems="0.012" threads="0" lastid="0000000000959F00" lastname="main" />
</exclusive-start>
<af-start id="27" threadId="000000000095A888" totalBytesRequested="16392" timestamp="2019-08-08T20:23:52.680" intervalms="24.098" type="nursery" />
<cycle-start id="28" type="scavenge" contextid="0" timestamp="2019-08-08T20:23:52.680" intervalms="24.096" />
<gc check: start verifying slots before local gc (3)>
<gc check: finished verifying slots before local gc (3)>
<gc-start id="29" type="scavenge" contextid="28" timestamp="2019-08-08T20:23:52.684">
  <mem-info id="30" free="6052104" total="8388608" percent="72">
    <mem type="nursery" free="0" total="2097152" percent="0">
      <mem type="allocate" free="0" total="1048576" percent="0" />
      <mem type="survivor" free="0" total="1048576" percent="0" />
    </mem>
    <mem type="tenure" free="6052104" total="6291456" percent="96">
      <mem type="soa" free="5737736" total="5977088" percent="95" />
      <mem type="loa" free="314368" total="314368" percent="100" />
    </mem>
    <remembered-set count="3296" />
  </mem-info>
</gc-start>
<allocation-stats totalBytes="407040" >
  <allocated-bytes non-tlh="2808" tlh="404232" />
  <largest-consumer threadName="main" threadId="0000000000959F00" bytes="398848" />
</allocation-stats>
<gc-op id="31" type="scavenge" timems="2.241" contextid="28" timestamp="2019-08-08T20:23:52.686">
  <scavenger-info tenureage="4" tenuremask="7ff0" tiltratio="50" />
  <memory-copied type="nursery" objects="11020" bytes="512672" bytesdiscarded="141640" />
  <finalization candidates="11" enqueued="0" />
  <references type="soft" candidates="62" cleared="0" enqueued="0" dynamicThreshold="32" maxThreshold="32" />
  <references type="weak" candidates="224" cleared="78" enqueued="78" />
  <references type="phantom" candidates="39" cleared="10" enqueued="10" />
</gc-op>
<heap-resize id="32" type="expand" space="nursery" amount="131072" count="1" timems="0.016" reason="excessive time being spent scavenging" timestamp="2019-08-08T20:23:52.686" />
<gc-end id="33" type="scavenge" contextid="28" durationms="2.340" usertimems="4.690" systemtimems="0.356" timestamp="2019-08-08T20:23:52.686" activeThreads="16">
  <mem-info id="34" free="6510352" total="8519680" percent="76">
    <mem type="nursery" free="458248" total="2228224" percent="20">
      <mem type="allocate" free="458248" total="1114112" percent="41" />
      <mem type="survivor" free="0" total="1114112" percent="0" />
    </mem>
    <mem type="tenure" free="6052104" total="6291456" percent="96">
      <mem type="soa" free="5737736" total="5977088" percent="95" />
      <mem type="loa" free="314368" total="314368" percent="100" />
    </mem>
    <pending-finalizers system="0" default="0" reference="88" classloader="0" />
    <remembered-set count="1057" />
  </mem-info>
</gc-end>
<cycle-end id="35" type="scavenge" contextid="28" timestamp="2019-08-08T20:23:52.686" />
  <attribute name="elasticGC enabled" value="1" />
  <attribute name= "numThreadsSpecified" value="16" />
  <attribute name="heapSize specified" value="0" />
  <attribute name="Current GC Util" value="63" />
  <attribute name= "Current Time Running" value="103" />
  <attribute name ="GC Interval" value="2017" />
  <attribute name="Target GC Util Change" value ="80.000000" />
  <attribute name="Current GC Util Change" value="63.000000"/>
  <attribute name="Current Error" value="17.000000" />
  <attribute name="Output H" value="8426464"/>
  <attribute name="Output I" value="2016"/>
  <attribute name="Output T" value="16"/>
  <attribute name= "Current Time Running" value="103" />
  <attribute name="GC Util currently" value="63" />
  <attribute name="CPU Util currently" value="13" />
<allocation-satisfied id="36" threadId="0000000000959F00" bytesRequested="16392" />
<af-end id="37" timestamp="2019-08-08T20:23:52.686" threadId="000000000095A888" success="true" from="nursery"/>
<exclusive-end id="38" timestamp="2019-08-08T20:23:52.686" durationms="6.414" />

<exclusive-start id="39" timestamp="2019-08-08T20:23:52.716" intervalms="36.305">
  <response-info timems="0.015" idlems="0.015" threads="0" lastid="0000000000959F00" lastname="main" />
</exclusive-start>
<af-start id="40" threadId="000000000095A888" totalBytesRequested="2056" timestamp="2019-08-08T20:23:52.716" intervalms="36.301" type="nursery" />
<cycle-start id="41" type="scavenge" contextid="0" timestamp="2019-08-08T20:23:52.716" intervalms="36.300" />
<gc-start id="42" type="scavenge" contextid="41" timestamp="2019-08-08T20:23:52.716">
  <mem-info id="43" free="6047520" total="8519680" percent="70">
    <mem type="nursery" free="0" total="2228224" percent="0">
      <mem type="allocate" free="0" total="1114112" percent="0" />
      <mem type="survivor" free="0" total="1114112" percent="0" />
    </mem>
    <mem type="tenure" free="6047520" total="6291456" percent="96">
      <mem type="soa" free="5733152" total="5977088" percent="95" />
      <mem type="loa" free="314368" total="314368" percent="100" />
    </mem>
    <remembered-set count="1135" />
  </mem-info>
</gc-start>
<allocation-stats totalBytes="436592" >
  <allocated-bytes non-tlh="20976" tlh="415616" />
  <largest-consumer threadName="main" threadId="0000000000959F00" bytes="436592" />
</allocation-stats>
<gc-op id="44" type="scavenge" timems="4.519" contextid="41" timestamp="2019-08-08T20:23:52.721">
  <scavenger-info tenureage="3" tenuremask="fff8" tiltratio="50" />
  <memory-copied type="nursery" objects="784" bytes="114728" bytesdiscarded="135192" />
  <memory-copied type="tenure" objects="10372" bytes="465432" bytesdiscarded="872" />
  <finalization candidates="14" enqueued="1" />
  <references type="soft" candidates="1" cleared="0" enqueued="0" dynamicThreshold="32" maxThreshold="32" />
  <references type="weak" candidates="66" cleared="50" enqueued="50" />
  <references type="phantom" candidates="27" cleared="10" enqueued="10" />
</gc-op>
<heap-resize id="45" type="expand" space="nursery" amount="131072" count="1" timems="0.013" reason="excessive time being spent scavenging" timestamp="2019-08-08T20:23:52.721" />
<gc-end id="46" type="scavenge" contextid="41" durationms="4.613" usertimems="2.775" systemtimems="2.149" timestamp="2019-08-08T20:23:52.721" activeThreads="16">
  <mem-info id="47" free="6331384" total="8650752" percent="73">
    <mem type="nursery" free="929640" total="2359296" percent="39">
      <mem type="allocate" free="929640" total="1179648" percent="78" />
      <mem type="survivor" free="0" total="1179648" percent="0" />
    </mem>
    <mem type="tenure" free="5401744" total="6291456" percent="85">
      <mem type="soa" free="5087376" total="5977088" percent="85" />
      <mem type="loa" free="314368" total="314368" percent="100" />
    </mem>
    <pending-finalizers system="1" default="0" reference="60" classloader="0" />
    <remembered-set count="248" />
  </mem-info>
</gc-end>
<cycle-end id="48" type="scavenge" contextid="41" timestamp="2019-08-08T20:23:52.721" />
  <attribute name="elasticGC enabled" value="1" />
  <attribute name= "numThreadsSpecified" value="16" />
  <attribute name="heapSize specified" value="0" />
  <attribute name="Current GC Util" value="27" />
  <attribute name= "Current Time Running" value="136" />
  <attribute name ="GC Interval" value="2041" />
  <attribute name="Target GC Util Change" value ="80.000000" />
  <attribute name="Current GC Util Change" value="27.000000"/>
  <attribute name="Current Error" value="70.000000" />
  <attribute name="Output H" value="8557560"/>
  <attribute name="Output I" value="2040"/>
  <attribute name="Output T" value="16"/>
  <attribute name= "Current Time Running" value="136" />
  <attribute name="GC Util currently" value="27" />
  <attribute name="CPU Util currently" value="17" />
<allocation-satisfied id="49" threadId="0000000000959F00" bytesRequested="2056" />
<af-end id="50" timestamp="2019-08-08T20:23:52.721" threadId="000000000095A888" success="true" from="nursery"/>
<exclusive-end id="51" timestamp="2019-08-08T20:23:52.721" durationms="4.737" />

<exclusive-start id="52" timestamp="2019-08-08T20:23:52.745" intervalms="28.892">
  <response-info timems="0.015" idlems="0.015" threads="0" lastid="0000000000959F00" lastname="main" />
</exclusive-start>
<af-start id="53" threadId="000000000095A888" totalBytesRequested="2056" timestamp="2019-08-08T20:23:52.745" intervalms="28.900" type="nursery" />
<cycle-start id="54" type="scavenge" contextid="0" timestamp="2019-08-08T20:23:52.745" intervalms="28.902" />
<gc-start id="55" type="scavenge" contextid="54" timestamp="2019-08-08T20:23:52.745">
  <mem-info id="56" free="5401744" total="8650752" percent="62">
    <mem type="nursery" free="0" total="2359296" percent="0">
      <mem type="allocate" free="0" total="1179648" percent="0" />
      <mem type="survivor" free="0" total="1179648" percent="0" />
    </mem>
    <mem type="tenure" free="5401744" total="6291456" percent="85">
      <mem type="soa" free="5087376" total="5977088" percent="85" />
      <mem type="loa" free="314368" total="314368" percent="100" />
    </mem>
    <remembered-set count="248" />
  </mem-info>
</gc-start>
<allocation-stats totalBytes="921624" >
  <allocated-bytes non-tlh="2056" tlh="919568" />
  <largest-consumer threadName="main" threadId="0000000000959F00" bytes="921624" />
</allocation-stats>
<gc-op id="57" type="scavenge" timems="4.560" contextid="54" timestamp="2019-08-08T20:23:52.750">
  <scavenger-info tenureage="3" tenuremask="fff8" tiltratio="50" />
  <memory-copied type="nursery" objects="308" bytes="80872" bytesdiscarded="24296" />
  <memory-copied type="tenure" objects="331" bytes="16824" bytesdiscarded="0" />
  <finalization candidates="2" enqueued="0" />
  <references type="soft" candidates="1" cleared="0" enqueued="0" dynamicThreshold="32" maxThreshold="32" />
  <references type="weak" candidates="2" cleared="0" enqueued="0" />
  <references type="phantom" candidates="5" cleared="0" enqueued="0" />
</gc-op>
<heap-resize id="58" type="expand" space="nursery" amount="262144" count="1" timems="0.014" reason="excessive time being spent scavenging" timestamp="2019-08-08T20:23:52.750" />
<gc-end id="59" type="scavenge" contextid="54" durationms="4.655" usertimems="1.133" systemtimems="3.244" timestamp="2019-08-08T20:23:52.750" activeThreads="16">
  <mem-info id="60" free="6591088" total="8912896" percent="73">
    <mem type="nursery" free="1205472" total="2621440" percent="45">
      <mem type="allocate" free="1205472" total="1310720" percent="91" />
      <mem type="survivor" free="0" total="1310720" percent="0" />
    </mem>
    <mem type="tenure" free="5385616" total="6291456" percent="85">
      <mem type="soa" free="5071248" total="5977088" percent="84" />
      <mem type="loa" free="314368" total="314368" percent="100" />
    </mem>
    <remembered-set count="188" />
  </mem-info>
</gc-end>
<cycle-end id="61" type="scavenge" contextid="54" timestamp="2019-08-08T20:23:52.750" />
  <attribute name="elasticGC enabled" value="1" />
  <attribute name= "numThreadsSpecified" value="16" />
  <attribute name="heapSize specified" value="0" />
  <attribute name="Current GC Util" value="16" />
  <attribute name= "Current Time Running" value="164" />
  <attribute name ="GC Interval" value="2081" />
  <attribute name="Target GC Util Change" value ="80.000000" />
  <attribute name="Current GC Util Change" value="16.000000"/>
  <attribute name="Current Error" value="134.000000" />
  <attribute name="Output H" value="8688672"/>
  <attribute name="Output I" value="2080"/>
  <attribute name="Output T" value="16"/>
  <attribute name= "Current Time Running" value="164" />
  <attribute name="GC Util currently" value="16" />
  <attribute name="CPU Util currently" value="9" />
<allocation-satisfied id="62" threadId="0000000000959F00" bytesRequested="2056" />
<af-end id="63" timestamp="2019-08-08T20:23:52.750" threadId="000000000095A888" success="true" from="nursery"/>
<exclusive-end id="64" timestamp="2019-08-08T20:23:52.750" durationms="4.786" />

<exclusive-start id="65" timestamp="2019-08-08T20:23:52.776" intervalms="30.680">
  <response-info timems="0.014" idlems="0.014" threads="0" lastid="0000000000959F00" lastname="main" />
</exclusive-start>
<af-start id="66" threadId="000000000095A888" totalBytesRequested="2056" timestamp="2019-08-08T20:23:52.776" intervalms="30.676" type="nursery" />
<cycle-start id="67" type="scavenge" contextid="0" timestamp="2019-08-08T20:23:52.776" intervalms="30.675" />
<gc-start id="68" type="scavenge" contextid="67" timestamp="2019-08-08T20:23:52.776">
  <mem-info id="69" free="5385616" total="8912896" percent="60">
    <mem type="nursery" free="0" total="2621440" percent="0">
      <mem type="allocate" free="0" total="1310720" percent="0" />
      <mem type="survivor" free="0" total="1310720" percent="0" />
    </mem>
    <mem type="tenure" free="5385616" total="6291456" percent="85">
      <mem type="soa" free="5071248" total="5977088" percent="84" />
      <mem type="loa" free="314368" total="314368" percent="100" />
    </mem>
    <remembered-set count="188" />
  </mem-info>
</gc-start>
<allocation-stats totalBytes="1195136" >
  <allocated-bytes non-tlh="4112" tlh="1191024" />
  <largest-consumer threadName="main" threadId="0000000000959F00" bytes="1195136" />
</allocation-stats>
<gc-op id="70" type="scavenge" timems="2.681" contextid="67" timestamp="2019-08-08T20:23:52.779">
  <scavenger-info tenureage="5" tenuremask="ffe0" tiltratio="50" />
  <memory-copied type="nursery" objects="309" bytes="82928" bytesdiscarded="14560" />
  <finalization candidates="2" enqueued="0" />
  <references type="soft" candidates="1" cleared="0" enqueued="0" dynamicThreshold="32" maxThreshold="32" />
  <references type="weak" candidates="2" cleared="0" enqueued="0" />
  <references type="phantom" candidates="5" cleared="0" enqueued="0" />
</gc-op>
<gc-end id="71" type="scavenge" contextid="67" durationms="2.867" usertimems="3.241" systemtimems="1.540" timestamp="2019-08-08T20:23:52.779" activeThreads="16">
  <mem-info id="72" free="6860912" total="8912896" percent="76">
    <mem type="nursery" free="1475296" total="2621440" percent="56">
      <mem type="allocate" free="1475296" total="1572864" percent="93" />
      <mem type="survivor" free="0" total="1048576" percent="0" />
    </mem>
    <mem type="tenure" free="5385616" total="6291456" percent="85">
      <mem type="soa" free="5071248" total="5977088" percent="84" />
      <mem type="loa" free="314368" total="314368" percent="100" />
    </mem>
    <remembered-set count="117" />
  </mem-info>
</gc-end>
<cycle-end id="73" type="scavenge" contextid="67" timestamp="2019-08-08T20:23:52.779" />
  <attribute name="elasticGC enabled" value="1" />
  <attribute name= "numThreadsSpecified" value="16" />
  <attribute name="heapSize specified" value="0" />
  <attribute name="Current GC Util" value="14" />
  <attribute name= "Current Time Running" value="195" />
  <attribute name ="GC Interval" value="2121" />
  <attribute name="Target GC Util Change" value ="80.000000" />
  <attribute name="Current GC Util Change" value="14.000000"/>
  <attribute name="Current Error" value="200.000000" />
  <attribute name="Output H" value="8950856"/>
  <attribute name="Output I" value="2120"/>
  <attribute name="Output T" value="16"/>
  <attribute name= "Current Time Running" value="195" />
  <attribute name="GC Util currently" value="14" />
  <attribute name="CPU Util currently" value="10" />
<allocation-satisfied id="74" threadId="0000000000959F00" bytesRequested="2056" />
<af-end id="75" timestamp="2019-08-08T20:23:52.779" threadId="000000000095A888" success="true" from="nursery"/>
<exclusive-end id="76" timestamp="2019-08-08T20:23:52.779" durationms="3.016" />

<exclusive-start id="77" timestamp="2019-08-08T20:23:52.813" intervalms="37.450">
  <response-info timems="0.043" idlems="0.043" threads="0" lastid="0000000000959F00" lastname="main" />
</exclusive-start>
<sys-start reason="explicit" id="78" timestamp="2019-08-08T20:23:52.813" intervalms="311.979" />
<cycle-start id="79" type="global" contextid="0" timestamp="2019-08-08T20:23:52.813" intervalms="311.993" />
<gc-start id="80" type="global" contextid="79" timestamp="2019-08-08T20:23:52.813">
  <mem-info id="81" free="5504984" total="8912896" percent="61">
    <mem type="nursery" free="126368" total="2621440" percent="4">
      <mem type="allocate" free="126368" total="1572864" percent="8" />
      <mem type="survivor" free="0" total="1048576" percent="0" />
    </mem>
    <mem type="tenure" free="5378616" total="6291456" percent="85">
      <mem type="soa" free="5064248" total="5977088" percent="84" />
      <mem type="loa" free="314368" total="314368" percent="100" />
    </mem>
    <remembered-set count="195" />
  </mem-info>
</gc-start>
<allocation-stats totalBytes="1325592" >
  <allocated-bytes non-tlh="174240" tlh="1151352" />
  <largest-consumer threadName="main" threadId="0000000000959F00" bytes="1325592" />
</allocation-stats>
<gc-op id="82" type="mark" timems="8.882" contextid="79" timestamp="2019-08-08T20:23:52.823">
  <trace-info objectcount="17068" scancount="14059" scanbytes="450380" />
  <finalization candidates="13" enqueued="0" />
  <references type="soft" candidates="66" cleared="0" enqueued="0" dynamicThreshold="32" maxThreshold="32" />
  <references type="weak" candidates="172" cleared="43" enqueued="35" />
  <references type="phantom" candidates="37" cleared="4" enqueued="4" />
  <stringconstants candidates="2455" cleared="0"  />
</gc-op>
<gc-op id="83" type="classunload" timems="0.002" contextid="79" timestamp="2019-08-08T20:23:52.823">
  <classunload-info classloadercandidates="6" classloadersunloaded="0" classesunloaded="0" anonymousclassesunloaded="0" quiescems="0.890" setupms="0.002" scanms="0.000" postms="0.000" />
</gc-op>
<gc-op id="84" type="sweep" timems="1.664" contextid="79" timestamp="2019-08-08T20:23:52.825" />
<mem-info id="85" free="6848208" total="8912896" percent="76">
  <mem type="nursery" free="1292368" total="2621440" percent="49">
    <mem type="allocate" free="1292368" total="1572864" percent="82" />
    <mem type="survivor" free="0" total="1048576" percent="0" />
  </mem>
  <mem type="tenure" free="5555840" total="6291456" percent="88" micro-fragmented="259" macro-fragmented="0">
    <mem type="soa" free="5241472" total="5977088" percent="87" />
    <mem type="loa" free="314368" total="314368" percent="100" />
  </mem>
  <pending-finalizers system="0" default="0" reference="39" classloader="0" />
  <remembered-set count="194" />
</mem-info>
<gc-op id="86" type="compact" timems="7.227" contextid="79" timestamp="2019-08-08T20:23:52.832">
  <compact-info movecount="12645" movebytes="809352" reason="compact to aid heap contraction" />
</gc-op>
<heap-resize id="87" type="expand" space="tenure" amount="65536" count="1" timems="0.016" reason="satisfy allocation request" timestamp="2019-08-08T20:23:52.833" />
<gc-end id="88" type="global" contextid="79" durationms="19.444" usertimems="12.714" systemtimems="17.480" timestamp="2019-08-08T20:23:52.833" activeThreads="16">
  <mem-info id="89" free="6936600" total="8978432" percent="77">
    <mem type="nursery" free="1312376" total="2621440" percent="50">
      <mem type="allocate" free="1312376" total="1572864" percent="83" />
      <mem type="survivor" free="0" total="1048576" percent="0" />
    </mem>
    <mem type="tenure" free="5624224" total="6356992" percent="88">
      <mem type="soa" free="5306784" total="6039552" percent="87" />
      <mem type="loa" free="317440" total="317440" percent="100" />
    </mem>
    <pending-finalizers system="0" default="0" reference="39" classloader="0" />
    <remembered-set count="194" />
  </mem-info>
</gc-end>
<cycle-end id="90" type="global" contextid="79" timestamp="2019-08-08T20:23:52.833" />
  <attribute name="elasticGC enabled" value="1" />
  <attribute name= "numThreadsSpecified" value="16" />
  <attribute name="heapSize specified" value="8912896" />
  <attribute name="Current GC Util" value="83" />
  <attribute name= "Current Time Running" value="251" />
  <attribute name ="GC Interval" value="2121" />
  <attribute name="Target GC Util Change" value ="80.000000" />
  <attribute name="Current GC Util Change" value="83.000000"/>
  <attribute name="Current Error" value="-120.000000" />
  <attribute name="Output H" value="8950672"/>
  <attribute name="Output I" value="1936"/>
  <attribute name="Output T" value="16"/>
  <attribute name= "Current Time Running" value="251" />
  <attribute name="GC Util currently" value="83" />
  <attribute name="CPU Util currently" value="158799584071" />
<sys-end id="91" timestamp="2019-08-08T20:23:52.833" />
<exclusive-end id="92" timestamp="2019-08-08T20:23:52.833" durationms="19.561" />

===== DaCapo 9.12-MR1 avrora starting =====
<exclusive-start id="93" timestamp="2019-08-08T20:23:52.868" intervalms="54.563">
  <response-info timems="0.053" idlems="0.053" threads="0" lastid="0000000000959F00" lastname="main" />
</exclusive-start>
<af-start id="94" threadId="000000000095A888" totalBytesRequested="7176" timestamp="2019-08-08T20:23:52.868" intervalms="92.019" type="nursery" />
<cycle-start id="95" type="scavenge" contextid="0" timestamp="2019-08-08T20:23:52.868" intervalms="92.026" />
<gc-start id="96" type="scavenge" contextid="95" timestamp="2019-08-08T20:23:52.868">
  <mem-info id="97" free="5541184" total="8978432" percent="61">
    <mem type="nursery" free="0" total="2621440" percent="0">
      <mem type="allocate" free="0" total="1572864" percent="0" />
      <mem type="survivor" free="0" total="1048576" percent="0" />
    </mem>
    <mem type="tenure" free="5541184" total="6356992" percent="87">
      <mem type="soa" free="5223744" total="6039552" percent="86" />
      <mem type="loa" free="317440" total="317440" percent="100" />
    </mem>
    <remembered-set count="865" />
  </mem-info>
</gc-start>
<allocation-stats totalBytes="1385936" >
  <allocated-bytes non-tlh="83040" tlh="1302896" />
  <largest-consumer threadName="main" threadId="0000000000959F00" bytes="1381840" />
</allocation-stats>
<gc-op id="98" type="scavenge" timems="2.844" contextid="95" timestamp="2019-08-08T20:23:52.871">
  <scavenger-info tenureage="3" tenuremask="fff8" tiltratio="60" />
  <memory-copied type="nursery" objects="2518" bytes="328352" bytesdiscarded="46240" />
  <memory-copied type="tenure" objects="240" bytes="59136" bytesdiscarded="0" />
  <finalization candidates="2" enqueued="0" />
  <references type="soft" candidates="3" cleared="0" enqueued="0" dynamicThreshold="28" maxThreshold="32" />
  <references type="weak" candidates="34" cleared="32" enqueued="32" />
  <references type="phantom" candidates="8" cleared="0" enqueued="0" />
</gc-op>
<gc-end id="99" type="scavenge" contextid="95" durationms="2.951" usertimems="1.230" systemtimems="3.305" timestamp="2019-08-08T20:23:52.871" activeThreads="16">
  <mem-info id="100" free="6707824" total="8978432" percent="74">
    <mem type="nursery" free="1263688" total="2621440" percent="48">
      <mem type="allocate" free="1263688" total="1638400" percent="77" />
      <mem type="survivor" free="0" total="983040" percent="0" />
    </mem>
    <mem type="tenure" free="5444136" total="6356992" percent="85">
      <mem type="soa" free="5126696" total="6039552" percent="84" />
      <mem type="loa" free="317440" total="317440" percent="100" />
    </mem>
    <pending-finalizers system="0" default="0" reference="32" classloader="0" />
    <remembered-set count="841" />
  </mem-info>
</gc-end>
<cycle-end id="101" type="scavenge" contextid="95" timestamp="2019-08-08T20:23:52.871" />
  <attribute name="elasticGC enabled" value="1" />
  <attribute name= "numThreadsSpecified" value="16" />
  <attribute name="heapSize specified" value="8912896" />
  <attribute name="Current GC Util" value="20" />
  <attribute name= "Current Time Running" value="287" />
  <attribute name ="GC Interval" value="1969" />
  <attribute name="Target GC Util Change" value ="80.000000" />
  <attribute name="Current GC Util Change" value="20.000000"/>
  <attribute name="Current Error" value="-60.000000" />
  <attribute name="Output H" value="9016240"/>
  <attribute name="Output I" value="1968"/>
  <attribute name="Output T" value="16"/>
  <attribute name= "Current Time Running" value="287" />
  <attribute name="GC Util currently" value="20" />
  <attribute name="CPU Util currently" value="8" />
<allocation-satisfied id="102" threadId="0000000000959F00" bytesRequested="7176" />
<af-end id="103" timestamp="2019-08-08T20:23:52.871" threadId="000000000095A888" success="true" from="nursery"/>
<exclusive-end id="104" timestamp="2019-08-08T20:23:52.871" durationms="3.100" />

<exclusive-start id="105" timestamp="2019-08-08T20:23:52.907" intervalms="39.047">
  <response-info timems="0.012" idlems="0.012" threads="0" lastid="0000000000959F00" lastname="main" />
</exclusive-start>
<af-start id="106" threadId="000000000095A888" totalBytesRequested="24" timestamp="2019-08-08T20:23:52.907" intervalms="39.041" type="nursery" />
<cycle-start id="107" type="scavenge" contextid="0" timestamp="2019-08-08T20:23:52.907" intervalms="39.034" />
<gc-start id="108" type="scavenge" contextid="107" timestamp="2019-08-08T20:23:52.907">
  <mem-info id="109" free="5418352" total="8978432" percent="60">
    <mem type="nursery" free="0" total="2621440" percent="0">
      <mem type="allocate" free="0" total="1638400" percent="0" />
      <mem type="survivor" free="0" total="983040" percent="0" />
    </mem>
    <mem type="tenure" free="5418352" total="6356992" percent="85">
      <mem type="soa" free="5100912" total="6039552" percent="84" />
      <mem type="loa" free="317440" total="317440" percent="100" />
    </mem>
    <remembered-set count="1133" />
  </mem-info>
</gc-start>
<allocation-stats totalBytes="1286824" >
  <allocated-bytes non-tlh="107944" tlh="1178880" />
  <largest-consumer threadName="main" threadId="0000000000959F00" bytes="1286824" />
</allocation-stats>
<gc-op id="110" type="scavenge" timems="2.340" contextid="107" timestamp="2019-08-08T20:23:52.909">
  <scavenger-info tenureage="3" tenuremask="ffc8" tiltratio="62" />
  <memory-copied type="nursery" objects="3086" bytes="365376" bytesdiscarded="62744" />
  <references type="soft" candidates="3" cleared="0" enqueued="0" dynamicThreshold="28" maxThreshold="32" />
  <references type="weak" candidates="3" cleared="2" enqueued="2" />
  <references type="phantom" candidates="7" cleared="0" enqueued="0" />
</gc-op>
<gc-end id="111" type="scavenge" contextid="107" durationms="2.458" usertimems="2.167" systemtimems="2.546" timestamp="2019-08-08T20:23:52.910" activeThreads="16">
  <mem-info id="112" free="6759656" total="8978432" percent="75">
    <mem type="nursery" free="1341304" total="2621440" percent="51">
      <mem type="allocate" free="1341304" total="1769472" percent="75" />
      <mem type="survivor" free="0" total="851968" percent="0" />
    </mem>
    <mem type="tenure" free="5418352" total="6356992" percent="85">
      <mem type="soa" free="5100912" total="6039552" percent="84" />
      <mem type="loa" free="317440" total="317440" percent="100" />
    </mem>
    <pending-finalizers system="0" default="0" reference="2" classloader="0" />
    <remembered-set count="1131" />
  </mem-info>
</gc-end>
<cycle-end id="113" type="scavenge" contextid="107" timestamp="2019-08-08T20:23:52.910" />
  <attribute name="elasticGC enabled" value="1" />
  <attribute name= "numThreadsSpecified" value="16" />
  <attribute name="heapSize specified" value="8912896" />
  <attribute name="Current GC Util" value="11" />
  <attribute name= "Current Time Running" value="326" />
  <attribute name ="GC Interval" value="2009" />
  <attribute name="Target GC Util Change" value ="80.000000" />
  <attribute name="Current GC Util Change" value="11.000000"/>
  <attribute name="Current Error" value="9.000000" />
  <attribute name="Output H" value="9016280"/>
  <attribute name="Output I" value="2008"/>
  <attribute name="Output T" value="16"/>
  <attribute name= "Current Time Running" value="326" />
  <attribute name="GC Util currently" value="11" />
  <attribute name="CPU Util currently" value="3" />
<allocation-satisfied id="114" threadId="0000000000959F00" bytesRequested="24" />
<af-end id="115" timestamp="2019-08-08T20:23:52.910" threadId="000000000095A888" success="true" from="nursery"/>
<exclusive-end id="116" timestamp="2019-08-08T20:23:52.910" durationms="2.595" />

<exclusive-start id="117" timestamp="2019-08-08T20:23:52.976" intervalms="68.703">
  <response-info timems="0.031" idlems="0.031" threads="0" lastid="0000000000959F00" lastname="main" />
</exclusive-start>
<af-start id="118" threadId="000000000095A888" totalBytesRequested="24" timestamp="2019-08-08T20:23:52.976" intervalms="68.699" type="nursery" />
<cycle-start id="119" type="scavenge" contextid="0" timestamp="2019-08-08T20:23:52.976" intervalms="68.699" />
<gc-start id="120" type="scavenge" contextid="119" timestamp="2019-08-08T20:23:52.976">
  <mem-info id="121" free="5414304" total="8978432" percent="60">
    <mem type="nursery" free="0" total="2621440" percent="0">
      <mem type="allocate" free="0" total="1769472" percent="0" />
      <mem type="survivor" free="0" total="851968" percent="0" />
    </mem>
    <mem type="tenure" free="5414304" total="6356992" percent="85">
      <mem type="soa" free="5096864" total="6039552" percent="84" />
      <mem type="loa" free="317440" total="317440" percent="100" />
    </mem>
    <remembered-set count="1215" />
  </mem-info>
</gc-start>
<allocation-stats totalBytes="1344440" >
  <allocated-bytes non-tlh="4072" tlh="1340368" />
  <largest-consumer threadName="main" threadId="0000000000959F00" bytes="1344440" />
</allocation-stats>
<gc-op id="122" type="scavenge" timems="7.091" contextid="119" timestamp="2019-08-08T20:23:52.983">
  <scavenger-info tenureage="3" tenuremask="fff8" tiltratio="67" />
  <memory-copied type="nursery" objects="13093" bytes="851840" bytesdiscarded="72" />
  <memory-copied type="tenure" objects="21034" bytes="472952" bytesdiscarded="64" />
  <copy-failed type="nursery" objects="21034" bytes="472952" />
  <references type="soft" candidates="3" cleared="0" enqueued="0" dynamicThreshold="28" maxThreshold="32" />
  <references type="weak" candidates="2" cleared="1" enqueued="1" />
  <references type="phantom" candidates="11" cleared="5" enqueued="5" />
</gc-op>
<heap-resize id="123" type="expand" space="nursery" amount="262144" count="1" timems="0.019" reason="excessive time being spent scavenging" timestamp="2019-08-08T20:23:52.983" />
<gc-end id="124" type="scavenge" contextid="119" durationms="7.245" usertimems="7.581" systemtimems="0.672" timestamp="2019-08-08T20:23:52.983" activeThreads="16">
  <mem-info id="125" free="5488800" total="9240576" percent="59">
    <mem type="nursery" free="589824" total="2883584" percent="20">
      <mem type="allocate" free="589824" total="1441792" percent="40" />
      <mem type="survivor" free="0" total="1441792" percent="0" />
    </mem>
    <mem type="tenure" free="4898976" total="6356992" percent="77">
      <mem type="soa" free="4581536" total="6039552" percent="75" />
      <mem type="loa" free="317440" total="317440" percent="100" />
    </mem>
    <pending-finalizers system="0" default="0" reference="6" classloader="0" />
    <remembered-set count="20915" />
  </mem-info>
</gc-end>
<cycle-end id="126" type="scavenge" contextid="119" timestamp="2019-08-08T20:23:52.983" />
  <attribute name="elasticGC enabled" value="1" />
  <attribute name= "numThreadsSpecified" value="16" />
  <attribute name="heapSize specified" value="8912896" />
  <attribute name="Current GC Util" value="6" />
  <attribute name= "Current Time Running" value="395" />
  <attribute name ="GC Interval" value="2049" />
  <attribute name="Target GC Util Change" value ="80.000000" />
  <attribute name="Current GC Util Change" value="6.000000"/>
  <attribute name="Current Error" value="83.000000" />
  <attribute name="Output H" value="9016320"/>
  <attribute name="Output I" value="2048"/>
  <attribute name="Output T" value="16"/>
  <attribute name= "Current Time Running" value="395" />
  <attribute name="GC Util currently" value="6" />
  <attribute name="CPU Util currently" value="13" />
<allocation-satisfied id="127" threadId="0000000000959F00" bytesRequested="24" />
<af-end id="128" timestamp="2019-08-08T20:23:52.983" threadId="000000000095A888" success="true" from="nursery"/>
<exclusive-end id="129" timestamp="2019-08-08T20:23:52.983" durationms="7.444" />

<exclusive-start id="130" timestamp="2019-08-08T20:23:53.008" intervalms="32.109">
  <response-info timems="0.052" idlems="0.052" threads="0" lastid="0000000000959F00" lastname="main" />
</exclusive-start>
<af-start id="131" threadId="000000000095A888" totalBytesRequested="40" timestamp="2019-08-08T20:23:53.008" intervalms="32.127" type="nursery" />
<cycle-start id="132" type="scavenge" contextid="0" timestamp="2019-08-08T20:23:53.008" intervalms="32.131" />
<gc-start id="133" type="scavenge" contextid="132" timestamp="2019-08-08T20:23:53.008">
  <mem-info id="134" free="4898936" total="9240576" percent="53">
    <mem type="nursery" free="0" total="2883584" percent="0">
      <mem type="allocate" free="0" total="1441792" percent="0" />
      <mem type="survivor" free="0" total="1441792" percent="0" />
    </mem>
    <mem type="tenure" free="4898936" total="6356992" percent="77">
      <mem type="soa" free="4581496" total="6039552" percent="75" />
      <mem type="loa" free="317440" total="317440" percent="100" />
    </mem>
    <remembered-set count="20917" />
  </mem-info>
</gc-start>
<allocation-stats totalBytes="589832" >
  <allocated-bytes non-tlh="106136" tlh="483696" />
  <largest-consumer threadName="main" threadId="0000000000959F00" bytes="589832" />
</allocation-stats>
<gc-op id="135" type="scavenge" timems="2.546" contextid="132" timestamp="2019-08-08T20:23:53.010">
  <scavenger-info tenureage="3" tenuremask="fff8" tiltratio="50" />
  <memory-copied type="nursery" objects="24645" bytes="997000" bytesdiscarded="274560" />
  <memory-copied type="tenure" objects="2290" bytes="300224" bytesdiscarded="32" />
  <references type="phantom" candidates="2" cleared="2" enqueued="2" />
</gc-op>
<gc-end id="136" type="scavenge" contextid="132" durationms="2.619" usertimems="10.944" systemtimems="1.128" timestamp="2019-08-08T20:23:53.011" activeThreads="16">
  <mem-info id="137" free="4675728" total="9240576" percent="50">
    <mem type="nursery" free="170224" total="2883584" percent="5">
      <mem type="allocate" free="170224" total="1441792" percent="11" />
      <mem type="survivor" free="0" total="1441792" percent="0" />
    </mem>
    <mem type="tenure" free="4505504" total="6356992" percent="70">
      <mem type="soa" free="4188064" total="6039552" percent="69" />
      <mem type="loa" free="317440" total="317440" percent="100" />
    </mem>
    <pending-finalizers system="0" default="0" reference="2" classloader="0" />
    <remembered-set count="20599" />
  </mem-info>
</gc-end>
<cycle-end id="138" type="scavenge" contextid="132" timestamp="2019-08-08T20:23:53.011" />
  <attribute name="elasticGC enabled" value="1" />
  <attribute name= "numThreadsSpecified" value="16" />
  <attribute name="heapSize specified" value="8912896" />
  <attribute name="Current GC Util" value="26" />
  <attribute name= "Current Time Running" value="427" />
  <attribute name ="GC Interval" value="2033" />
  <attribute name="Target GC Util Change" value ="80.000000" />
  <attribute name="Current GC Util Change" value="26.000000"/>
  <attribute name="Current Error" value="54.000000" />
  <attribute name="Output H" value="9278448"/>
  <attribute name="Output I" value="2032"/>
  <attribute name="Output T" value="16"/>
  <attribute name= "Current Time Running" value="427" />
  <attribute name="GC Util currently" value="26" />
  <attribute name="CPU Util currently" value="35949260401" />
<allocation-satisfied id="139" threadId="0000000000959F00" bytesRequested="40" />
<af-end id="140" timestamp="2019-08-08T20:23:53.011" threadId="000000000095A888" success="true" from="nursery"/>
<exclusive-end id="141" timestamp="2019-08-08T20:23:53.011" durationms="2.768" />

<exclusive-start id="142" timestamp="2019-08-08T20:23:53.015" intervalms="7.536">
  <response-info timems="0.032" idlems="0.032" threads="0" lastid="0000000000959F00" lastname="main" />
</exclusive-start>
<af-start id="143" threadId="000000000095A888" totalBytesRequested="80" timestamp="2019-08-08T20:23:53.015" intervalms="7.521" type="nursery" />
<cycle-start id="144" type="scavenge" contextid="0" timestamp="2019-08-08T20:23:53.015" intervalms="7.518" />
<gc-start id="145" type="scavenge" contextid="144" timestamp="2019-08-08T20:23:53.015">
  <mem-info id="146" free="4505504" total="9240576" percent="48">
    <mem type="nursery" free="0" total="2883584" percent="0">
      <mem type="allocate" free="0" total="1441792" percent="0" />
      <mem type="survivor" free="0" total="1441792" percent="0" />
    </mem>
    <mem type="tenure" free="4505504" total="6356992" percent="70">
      <mem type="soa" free="4188064" total="6039552" percent="69" />
      <mem type="loa" free="317440" total="317440" percent="100" />
    </mem>
    <remembered-set count="20601" />
  </mem-info>
</gc-start>
<allocation-stats totalBytes="170144" >
  <allocated-bytes non-tlh="40" tlh="170104" />
  <largest-consumer threadName="main" threadId="0000000000959F00" bytes="170144" />
</allocation-stats>
<gc-op id="147" type="scavenge" timems="3.384" contextid="144" timestamp="2019-08-08T20:23:53.019">
  <scavenger-info tenureage="3" tenuremask="fff8" tiltratio="50" />
  <memory-copied type="nursery" objects="26351" bytes="997680" bytesdiscarded="162064" />
  <memory-copied type="tenure" objects="627" bytes="51432" bytesdiscarded="0" />
  <references type="phantom" candidates="1" cleared="1" enqueued="1" />
</gc-op>
<heap-resize id="148" type="expand" space="nursery" amount="524288" count="1" timems="0.013" reason="excessive time being spent scavenging" timestamp="2019-08-08T20:23:53.019" />
<gc-end id="149" type="scavenge" contextid="144" durationms="3.476" usertimems="7.013" systemtimems="4.036" timestamp="2019-08-08T20:23:53.019" activeThreads="16">
  <mem-info id="150" free="4980528" total="9764864" percent="51">
    <mem type="nursery" free="544184" total="3407872" percent="15">
      <mem type="allocate" free="544184" total="1703936" percent="31" />
      <mem type="survivor" free="0" total="1703936" percent="0" />
    </mem>
    <mem type="tenure" free="4436344" total="6356992" percent="69">
      <mem type="soa" free="4118904" total="6039552" percent="68" />
      <mem type="loa" free="317440" total="317440" percent="100" />
    </mem>
    <pending-finalizers system="0" default="0" reference="1" classloader="0" />
    <remembered-set count="11403" />
  </mem-info>
</gc-end>
<cycle-end id="151" type="scavenge" contextid="144" timestamp="2019-08-08T20:23:53.019" />
  <attribute name="elasticGC enabled" value="1" />
  <attribute name= "numThreadsSpecified" value="16" />
  <attribute name="heapSize specified" value="8912896" />
  <attribute name="Current GC Util" value="161" />
  <attribute name= "Current Time Running" value="435" />
  <attribute name ="GC Interval" value="1993" />
  <attribute name="Target GC Util Change" value ="80.000000" />
  <attribute name="Current GC Util Change" value="161.000000"/>
  <attribute name="Current Error" value="-27.000000" />
  <attribute name="Output H" value="9278408"/>
  <attribute name="Output I" value="1992"/>
  <attribute name="Output T" value="16"/>
  <attribute name= "Current Time Running" value="435" />
  <attribute name="GC Util currently" value="161" />
  <attribute name="CPU Util currently" value="153316537503" />
<allocation-satisfied id="152" threadId="0000000000959F00" bytesRequested="80" />
<af-end id="153" timestamp="2019-08-08T20:23:53.019" threadId="000000000095A888" success="true" from="nursery"/>
<exclusive-end id="154" timestamp="2019-08-08T20:23:53.019" durationms="3.598" />

<exclusive-start id="155" timestamp="2019-08-08T20:23:53.033" intervalms="17.296">
  <response-info timems="0.032" idlems="0.032" threads="0" lastid="0000000000959F00" lastname="main" />
</exclusive-start>
<af-start id="156" threadId="000000000095A888" totalBytesRequested="24" timestamp="2019-08-08T20:23:53.033" intervalms="17.293" type="nursery" />
<cycle-start id="157" type="scavenge" contextid="0" timestamp="2019-08-08T20:23:53.033" intervalms="17.291" />
<gc-start id="158" type="scavenge" contextid="157" timestamp="2019-08-08T20:23:53.033">
  <mem-info id="159" free="4436344" total="9764864" percent="45">
    <mem type="nursery" free="0" total="3407872" percent="0">
      <mem type="allocate" free="0" total="1703936" percent="0" />
      <mem type="survivor" free="0" total="1703936" percent="0" />
    </mem>
    <mem type="tenure" free="4436344" total="6356992" percent="69">
      <mem type="soa" free="4118904" total="6039552" percent="68" />
      <mem type="loa" free="317440" total="317440" percent="100" />
    </mem>
    <remembered-set count="11406" />
  </mem-info>
</gc-start>
<allocation-stats totalBytes="544144" >
  <allocated-bytes non-tlh="105712" tlh="438432" />
  <largest-consumer threadName="main" threadId="0000000000959F00" bytes="544144" />
</allocation-stats>
<gc-op id="160" type="scavenge" timems="2.523" contextid="157" timestamp="2019-08-08T20:23:53.035">
  <scavenger-info tenureage="3" tenuremask="fff8" tiltratio="50" />
  <memory-copied type="nursery" objects="28741" bytes="955912" bytesdiscarded="135392" />
  <memory-copied type="tenure" objects="9342" bytes="449624" bytesdiscarded="64" />
  <references type="phantom" candidates="2" cleared="1" enqueued="1" />
</gc-op>
<heap-resize id="161" type="expand" space="nursery" amount="262144" count="1" timems="0.015" reason="excessive time being spent scavenging" timestamp="2019-08-08T20:23:53.035" />
<gc-end id="162" type="scavenge" contextid="157" durationms="2.650" usertimems="9.691" systemtimems="0.307" timestamp="2019-08-08T20:23:53.035" activeThreads="8">
  <mem-info id="163" free="4545720" total="10027008" percent="45">
    <mem type="nursery" free="743704" total="3670016" percent="20">
      <mem type="allocate" free="743704" total="1835008" percent="40" />
      <mem type="survivor" free="0" total="1835008" percent="0" />
    </mem>
    <mem type="tenure" free="3802016" total="6356992" percent="59">
      <mem type="soa" free="3484576" total="6039552" percent="57" />
      <mem type="loa" free="317440" total="317440" percent="100" />
    </mem>
    <pending-finalizers system="0" default="0" reference="1" classloader="0" />
    <remembered-set count="116" />
  </mem-info>
</gc-end>
<cycle-end id="164" type="scavenge" contextid="157" timestamp="2019-08-08T20:23:53.035" />
  <attribute name="elasticGC enabled" value="1" />
  <attribute name= "numThreadsSpecified" value="8" />
  <attribute name="heapSize specified" value="8912896" />
  <attribute name="Current GC Util" value="64" />
  <attribute name= "Current Time Running" value="452" />
  <attribute name ="GC Interval" value="2001" />
  <attribute name="Target GC Util Change" value ="80.000000" />
  <attribute name="Current GC Util Change" value="64.000000"/>
  <attribute name="Current Error" value="-11.000000" />
  <attribute name="Output H" value="9802704"/>
  <attribute name="Output I" value="2000"/>
  <attribute name="Output T" value="8"/>
  <attribute name= "Current Time Running" value="452" />
  <attribute name="GC Util currently" value="64" />
  <attribute name="CPU Util currently" value="66493520143" />
<allocation-satisfied id="165" threadId="0000000000959F00" bytesRequested="24" />
<af-end id="166" timestamp="2019-08-08T20:23:53.035" threadId="000000000095A888" success="true" from="nursery"/>
<exclusive-end id="167" timestamp="2019-08-08T20:23:53.035" durationms="2.805" />

<exclusive-start id="168" timestamp="2019-08-08T20:23:53.056" intervalms="23.219">
  <response-info timems="0.021" idlems="0.021" threads="0" lastid="0000000000959F00" lastname="main" />
</exclusive-start>
<af-start id="169" threadId="000000000095A888" totalBytesRequested="40" timestamp="2019-08-08T20:23:53.056" intervalms="23.225" type="nursery" />
<cycle-start id="170" type="scavenge" contextid="0" timestamp="2019-08-08T20:23:53.056" intervalms="23.227" />
<gc-start id="171" type="scavenge" contextid="170" timestamp="2019-08-08T20:23:53.056">
  <mem-info id="172" free="3798160" total="10027008" percent="37">
    <mem type="nursery" free="0" total="3670016" percent="0">
      <mem type="allocate" free="0" total="1835008" percent="0" />
      <mem type="survivor" free="0" total="1835008" percent="0" />
    </mem>
    <mem type="tenure" free="3798160" total="6356992" percent="59">
      <mem type="soa" free="3480720" total="6039552" percent="57" />
      <mem type="loa" free="317440" total="317440" percent="100" />
    </mem>
    <remembered-set count="172" />
  </mem-info>
</gc-start>
<allocation-stats totalBytes="747200" >
  <allocated-bytes non-tlh="69592" tlh="677608" />
  <largest-consumer threadName="main" threadId="0000000000959F00" bytes="747200" />
</allocation-stats>
<gc-op id="173" type="scavenge" timems="3.543" contextid="170" timestamp="2019-08-08T20:23:53.060">
  <scavenger-info tenureage="2" tenuremask="fffc" tiltratio="50" />
  <memory-copied type="nursery" objects="24648" bytes="810128" bytesdiscarded="254648" />
  <memory-copied type="tenure" objects="16781" bytes="534872" bytesdiscarded="208" />
  <references type="weak" candidates="5" cleared="5" enqueued="5" />
  <references type="phantom" candidates="2" cleared="2" enqueued="2" />
</gc-op>
<heap-resize id="174" type="expand" space="nursery" amount="262144" count="1" timems="0.017" reason="excessive time being spent scavenging" timestamp="2019-08-08T20:23:53.060" />
<gc-end id="175" type="scavenge" contextid="170" durationms="3.665" usertimems="5.652" systemtimems="7.136" timestamp="2019-08-08T20:23:53.060" activeThreads="16">
  <mem-info id="176" free="4292640" total="10289152" percent="41">
    <mem type="nursery" free="901264" total="3932160" percent="22">
      <mem type="allocate" free="901264" total="1966080" percent="45" />
      <mem type="survivor" free="0" total="1966080" percent="0" />
    </mem>
    <mem type="tenure" free="3391376" total="6356992" percent="53">
      <mem type="soa" free="3073936" total="6039552" percent="50" />
      <mem type="loa" free="317440" total="317440" percent="100" />
    </mem>
    <pending-finalizers system="0" default="0" reference="7" classloader="0" />
    <remembered-set count="149" />
  </mem-info>
</gc-end>
<cycle-end id="177" type="scavenge" contextid="170" timestamp="2019-08-08T20:23:53.060" />
  <attribute name="elasticGC enabled" value="1" />
  <attribute name= "numThreadsSpecified" value="16" />
  <attribute name="heapSize specified" value="8912896" />
  <attribute name="Current GC Util" value="41" />
  <attribute name= "Current Time Running" value="475" />
  <attribute name ="GC Interval" value="2017" />
  <attribute name="Target GC Util Change" value ="80.000000" />
  <attribute name="Current GC Util Change" value="41.000000"/>
  <attribute name="Current Error" value="28.000000" />
  <attribute name="Output H" value="10064864"/>
  <attribute name="Output I" value="2016"/>
  <attribute name="Output T" value="16"/>
  <attribute name= "Current Time Running" value="475" />
  <attribute name="GC Util currently" value="41" />
  <attribute name="CPU Util currently" value="49684687787" />
<allocation-satisfied id="178" threadId="0000000000959F00" bytesRequested="40" />
<af-end id="179" timestamp="2019-08-08T20:23:53.060" threadId="000000000095A888" success="true" from="nursery"/>
<exclusive-end id="180" timestamp="2019-08-08T20:23:53.060" durationms="3.809" />

<exclusive-start id="181" timestamp="2019-08-08T20:23:53.195" intervalms="138.907">
  <response-info timems="0.016" idlems="0.016" threads="0" lastid="0000000000959F00" lastname="main" />
</exclusive-start>
<af-start id="182" threadId="000000000095A888" totalBytesRequested="192" timestamp="2019-08-08T20:23:53.195" intervalms="138.932" type="nursery" />
<cycle-start id="183" type="scavenge" contextid="0" timestamp="2019-08-08T20:23:53.195" intervalms="138.938" />
<gc-start id="184" type="scavenge" contextid="183" timestamp="2019-08-08T20:23:53.195">
  <mem-info id="185" free="3367592" total="10289152" percent="32">
    <mem type="nursery" free="0" total="3932160" percent="0">
      <mem type="allocate" free="0" total="1966080" percent="0" />
      <mem type="survivor" free="0" total="1966080" percent="0" />
    </mem>
    <mem type="tenure" free="3367592" total="6356992" percent="52">
      <mem type="soa" free="3050152" total="6039552" percent="50" />
      <mem type="loa" free="317440" total="317440" percent="100" />
    </mem>
    <remembered-set count="586" />
  </mem-info>
</gc-start>
<allocation-stats totalBytes="924040" >
  <allocated-bytes non-tlh="71152" tlh="852888" />
  <largest-consumer threadName="main" threadId="0000000000959F00" bytes="924040" />
</allocation-stats>
<gc-op id="186" type="scavenge" timems="11.223" contextid="183" timestamp="2019-08-08T20:23:53.206">
  <scavenger-info tenureage="1" tenuremask="fffe" tiltratio="50" />
  <memory-copied type="nursery" objects="1379" bytes="88472" bytesdiscarded="67456" />
  <memory-copied type="tenure" objects="24583" bytes="804448" bytesdiscarded="392" />
  <references type="weak" candidates="2" cleared="2" enqueued="2" />
</gc-op>
<gc-end id="187" type="scavenge" contextid="183" durationms="11.328" usertimems="8.468" systemtimems="5.559" timestamp="2019-08-08T20:23:53.206" activeThreads="16">
  <mem-info id="188" free="4565192" total="10289152" percent="44">
    <mem type="nursery" free="2072280" total="3932160" percent="52">
      <mem type="allocate" free="2072280" total="2228224" percent="93" />
      <mem type="survivor" free="0" total="1703936" percent="0" />
    </mem>
    <mem type="tenure" free="2492912" total="6356992" percent="39">
      <mem type="soa" free="2175472" total="6039552" percent="36" />
      <mem type="loa" free="317440" total="317440" percent="100" />
    </mem>
    <pending-finalizers system="0" default="0" reference="2" classloader="0" />
    <remembered-set count="570" />
  </mem-info>
</gc-end>
<cycle-end id="189" type="scavenge" contextid="183" timestamp="2019-08-08T20:23:53.206" />
  <attribute name="elasticGC enabled" value="1" />
  <attribute name= "numThreadsSpecified" value="16" />
  <attribute name="heapSize specified" value="8912896" />
  <attribute name="Current GC Util" value="9" />
  <attribute name= "Current Time Running" value="614" />
  <attribute name ="GC Interval" value="2065" />
  <attribute name="Target GC Util Change" value ="80.000000" />
  <attribute name="Current GC Util Change" value="9.000000"/>
  <attribute name="Current Error" value="99.000000" />
  <attribute name="Output H" value="10327056"/>
  <attribute name="Output I" value="2064"/>
  <attribute name="Output T" value="16"/>
  <attribute name= "Current Time Running" value="614" />
  <attribute name="GC Util currently" value="9" />
  <attribute name="CPU Util currently" value="31" />
<allocation-satisfied id="190" threadId="0000000000959F00" bytesRequested="192" />
<af-end id="191" timestamp="2019-08-08T20:23:53.206" threadId="000000000095A888" success="true" from="nursery"/>
<exclusive-end id="192" timestamp="2019-08-08T20:23:53.206" durationms="11.561" />

<exclusive-start id="193" timestamp="2019-08-08T20:23:53.266" intervalms="71.677">
  <response-info timems="0.018" idlems="0.018" threads="0" lastid="0000000000959F00" lastname="main" />
</exclusive-start>
<af-start id="194" threadId="000000000095A888" totalBytesRequested="9232" timestamp="2019-08-08T20:23:53.266" intervalms="71.651" type="nursery" />
<cycle-start id="195" type="scavenge" contextid="0" timestamp="2019-08-08T20:23:53.267" intervalms="71.646" />
<gc-start id="196" type="scavenge" contextid="195" timestamp="2019-08-08T20:23:53.267">
  <mem-info id="197" free="2461744" total="10289152" percent="23">
    <mem type="nursery" free="0" total="3932160" percent="0">
      <mem type="allocate" free="0" total="2228224" percent="0" />
      <mem type="survivor" free="0" total="1703936" percent="0" />
    </mem>
    <mem type="tenure" free="2461744" total="6356992" percent="38">
      <mem type="soa" free="2144304" total="6039552" percent="35" />
      <mem type="loa" free="317440" total="317440" percent="100" />
    </mem>
    <remembered-set count="969" />
  </mem-info>
</gc-start>
<allocation-stats totalBytes="2092968" >
  <allocated-bytes non-tlh="31360" tlh="2061608" />
  <largest-consumer threadName="main" threadId="0000000000959F00" bytes="2092968" />
</allocation-stats>
<gc-op id="198" type="scavenge" timems="2.137" contextid="195" timestamp="2019-08-08T20:23:53.269">
  <scavenger-info tenureage="2" tenuremask="fffc" tiltratio="56" />
  <memory-copied type="nursery" objects="12932" bytes="748432" bytesdiscarded="123424" />
</gc-op>
<gc-end id="199" type="scavenge" contextid="195" durationms="2.295" usertimems="2.047" systemtimems="3.892" timestamp="2019-08-08T20:23:53.269" activeThreads="16">
  <mem-info id="200" free="3817984" total="10289152" percent="37">
    <mem type="nursery" free="1356240" total="3932160" percent="34">
      <mem type="allocate" free="1356240" total="2228224" percent="60" />
      <mem type="survivor" free="0" total="1703936" percent="0" />
    </mem>
    <mem type="tenure" free="2461744" total="6356992" percent="38">
      <mem type="soa" free="2144304" total="6039552" percent="35" />
      <mem type="loa" free="317440" total="317440" percent="100" />
    </mem>
    <remembered-set count="917" />
  </mem-info>
</gc-end>
<cycle-end id="201" type="scavenge" contextid="195" timestamp="2019-08-08T20:23:53.269" />
  <attribute name="elasticGC enabled" value="1" />
  <attribute name= "numThreadsSpecified" value="16" />
  <attribute name="heapSize specified" value="8912896" />
  <attribute name="Current GC Util" value="19" />
  <attribute name= "Current Time Running" value="686" />
  <attribute name ="GC Interval" value="2097" />
  <attribute name="Target GC Util Change" value ="80.000000" />
  <attribute name="Current GC Util Change" value="19.000000"/>
  <attribute name="Current Error" value="160.000000" />
  <attribute name="Output H" value="10327088"/>
  <attribute name="Output I" value="2096"/>
  <attribute name="Output T" value="16"/>
  <attribute name= "Current Time Running" value="686" />
  <attribute name="GC Util currently" value="19" />
  <attribute name="CPU Util currently" value="25" />
<allocation-satisfied id="202" threadId="0000000000959F00" bytesRequested="9232" />
<af-end id="203" timestamp="2019-08-08T20:23:53.269" threadId="000000000095A888" success="true" from="nursery"/>
<exclusive-end id="204" timestamp="2019-08-08T20:23:53.269" durationms="2.429" />

<exclusive-start id="205" timestamp="2019-08-08T20:23:53.296" intervalms="29.696">
  <response-info timems="0.014" idlems="0.014" threads="0" lastid="0000000000959F00" lastname="main" />
</exclusive-start>
<af-start id="206" threadId="000000000095A888" totalBytesRequested="8200" timestamp="2019-08-08T20:23:53.296" intervalms="29.714" type="nursery" />
<cycle-start id="207" type="scavenge" contextid="0" timestamp="2019-08-08T20:23:53.296" intervalms="29.718" />
<gc-start id="208" type="scavenge" contextid="207" timestamp="2019-08-08T20:23:53.296">
  <mem-info id="209" free="2461744" total="10289152" percent="23">
    <mem type="nursery" free="0" total="3932160" percent="0">
      <mem type="allocate" free="0" total="2228224" percent="0" />
      <mem type="survivor" free="0" total="1703936" percent="0" />
    </mem>
    <mem type="tenure" free="2461744" total="6356992" percent="38">
      <mem type="soa" free="2144304" total="6039552" percent="35" />
      <mem type="loa" free="317440" total="317440" percent="100" />
    </mem>
    <remembered-set count="933" />
  </mem-info>
</gc-start>
<allocation-stats totalBytes="1350328" >
  <allocated-bytes non-tlh="192328" tlh="1158000" />
  <largest-consumer threadName="main" threadId="0000000000959F00" bytes="1350328" />
</allocation-stats>
<gc-op id="210" type="scavenge" timems="3.137" contextid="207" timestamp="2019-08-08T20:23:53.299">
  <scavenger-info tenureage="1" tenuremask="fffe" tiltratio="56" />
  <memory-copied type="nursery" objects="15766" bytes="1134096" bytesdiscarded="315272" />
  <memory-copied type="tenure" objects="12771" bytes="745800" bytesdiscarded="728" />
</gc-op>
<heap-resize id="211" type="expand" space="nursery" amount="262144" count="1" timems="0.013" reason="excessive time being spent scavenging" timestamp="2019-08-08T20:23:53.300" />
<gc-end id="212" type="scavenge" contextid="207" durationms="3.291" usertimems="7.599" systemtimems="4.086" timestamp="2019-08-08T20:23:53.300" activeThreads="16">
  <mem-info id="213" free="2489360" total="10551296" percent="23">
    <mem type="nursery" free="778720" total="4194304" percent="18">
      <mem type="allocate" free="778720" total="2228224" percent="34" />
      <mem type="survivor" free="0" total="1966080" percent="0" />
    </mem>
    <mem type="tenure" free="1710640" total="6356992" percent="26">
      <mem type="soa" free="1393200" total="6039552" percent="23" />
      <mem type="loa" free="317440" total="317440" percent="100" />
    </mem>
    <remembered-set count="506" />
  </mem-info>
</gc-end>
<cycle-end id="214" type="scavenge" contextid="207" timestamp="2019-08-08T20:23:53.300" />
  <attribute name="elasticGC enabled" value="1" />
  <attribute name= "numThreadsSpecified" value="16" />
  <attribute name="heapSize specified" value="8912896" />
  <attribute name="Current GC Util" value="19" />
  <attribute name= "Current Time Running" value="715" />
  <attribute name ="GC Interval" value="2041" />
  <attribute name="Target GC Util Change" value ="80.000000" />
  <attribute name="Current GC Util Change" value="19.000000"/>
  <attribute name="Current Error" value="61.000000" />
  <attribute name="Output H" value="10327032"/>
  <attribute name="Output I" value="2040"/>
  <attribute name="Output T" value="16"/>
  <attribute name= "Current Time Running" value="715" />
  <attribute name="GC Util currently" value="19" />
  <attribute name="CPU Util currently" value="5" />
<allocation-satisfied id="215" threadId="0000000000959F00" bytesRequested="8200" />
<af-end id="216" timestamp="2019-08-08T20:23:53.300" threadId="000000000095A888" success="true" from="nursery"/>
<exclusive-end id="217" timestamp="2019-08-08T20:23:53.300" durationms="3.475" />

<exclusive-start id="218" timestamp="2019-08-08T20:23:53.307" intervalms="11.092">
  <response-info timems="0.014" idlems="0.014" threads="0" lastid="0000000000959F00" lastname="main" />
</exclusive-start>
<af-start id="219" threadId="000000000095A888" totalBytesRequested="39552" timestamp="2019-08-08T20:23:53.307" intervalms="11.054" type="nursery" />
<cycle-start id="220" type="scavenge" contextid="0" timestamp="2019-08-08T20:23:53.307" intervalms="11.048" />
<gc-start id="221" type="scavenge" contextid="220" timestamp="2019-08-08T20:23:53.307">
  <mem-info id="222" free="1710640" total="10551296" percent="16">
    <mem type="nursery" free="0" total="4194304" percent="0">
      <mem type="allocate" free="0" total="2228224" percent="0" />
      <mem type="survivor" free="0" total="1966080" percent="0" />
    </mem>
    <mem type="tenure" free="1710640" total="6356992" percent="26">
      <mem type="soa" free="1393200" total="6039552" percent="23" />
      <mem type="loa" free="317440" total="317440" percent="100" />
    </mem>
    <remembered-set count="518" />
  </mem-info>
</gc-start>
<allocation-stats totalBytes="756080" >
  <allocated-bytes non-tlh="136512" tlh="619568" />
  <largest-consumer threadName="main" threadId="0000000000959F00" bytes="756080" />
</allocation-stats>
<gc-op id="223" type="scavenge" timems="2.923" contextid="220" timestamp="2019-08-08T20:23:53.310">
  <scavenger-info tenureage="1" tenuremask="fffe" tiltratio="53" />
  <memory-copied type="nursery" objects="9730" bytes="633512" bytesdiscarded="127824" />
  <memory-copied type="tenure" objects="15759" bytes="1133856" bytesdiscarded="1576" />
</gc-op>
<heap-resize id="224" type="expand" space="nursery" amount="393216" count="1" timems="0.014" reason="excessive time being spent scavenging" timestamp="2019-08-08T20:23:53.310" />
<gc-end id="225" type="scavenge" contextid="220" durationms="3.055" usertimems="6.663" systemtimems="0.812" timestamp="2019-08-08T20:23:53.310" activeThreads="16">
  <mem-info id="226" free="2341856" total="10944512" percent="21">
    <mem type="nursery" free="1860008" total="4587520" percent="40">
      <mem type="allocate" free="1860008" total="2621440" percent="70" />
      <mem type="survivor" free="0" total="1966080" percent="0" />
    </mem>
    <mem type="tenure" free="481848" total="6356992" percent="7">
      <mem type="soa" free="164408" total="6039552" percent="2" />
      <mem type="loa" free="317440" total="317440" percent="100" />
    </mem>
    <remembered-set count="123" />
  </mem-info>
</gc-end>
<cycle-end id="227" type="scavenge" contextid="220" timestamp="2019-08-08T20:23:53.310" />
  <attribute name="elasticGC enabled" value="1" />
  <attribute name= "numThreadsSpecified" value="16" />
  <attribute name="heapSize specified" value="8912896" />
  <attribute name="Current GC Util" value="105" />
  <attribute name= "Current Time Running" value="726" />
  <attribute name ="GC Interval" value="2025" />
  <attribute name="Target GC Util Change" value ="80.000000" />
  <attribute name="Current GC Util Change" value="105.000000"/>
  <attribute name="Current Error" value="36.000000" />
  <attribute name="Output H" value="10589160"/>
  <attribute name="Output I" value="2024"/>
  <attribute name="Output T" value="16"/>
  <attribute name= "Current Time Running" value="726" />
  <attribute name="GC Util currently" value="105" />
  <attribute name="CPU Util currently" value="104404466346" />
<allocation-satisfied id="228" threadId="0000000000959F00" bytesRequested="39552" />
<af-end id="229" timestamp="2019-08-08T20:23:53.310" threadId="000000000095A888" success="true" from="nursery"/>
<exclusive-end id="230" timestamp="2019-08-08T20:23:53.311" durationms="3.269" />

<concurrent-kickoff id="231" timestamp="2019-08-08T20:23:54.173">
  <kickoff reason="threshold reached" targetBytes="1886753" thresholdFreeBytes="261356"  remainingFree="258584" tenureFreeBytes="480560" nurseryFreeBytes="258584" />
</concurrent-kickoff>
<exclusive-start id="232" timestamp="2019-08-08T20:23:54.175" intervalms="867.350">
  <response-info timems="1.256" idlems="0.656" threads="1" lastid="0000000000C80200" lastname="node-24" />
</exclusive-start>
<cycle-start id="233" type="global" contextid="0" timestamp="2019-08-08T20:23:54.175" intervalms="1361.162" />
<exclusive-end id="234" timestamp="2019-08-08T20:23:54.175" durationms="0.032" />

<exclusive-start id="235" timestamp="2019-08-08T20:23:54.602" intervalms="427.780">
  <response-info timems="0.461" idlems="0.254" threads="1" lastid="0000000000C80200" lastname="node-24" />
</exclusive-start>
<concurrent-collection-start id="236" timestamp="2019-08-08T20:23:54.602" intervalms="2100.999" >
  <concurrent-trace-info reason="card cleaning threshold reached" tracedByMutators="39408" tracedByHelpers="4119712" cardsCleaned="17" workStackOverflowCount="0" />
</concurrent-collection-start>
<gc-start id="237" type="global" contextid="233" timestamp="2019-08-08T20:23:54.602">
  <mem-info id="238" free="558920" total="10944512" percent="5">
    <mem type="nursery" free="78360" total="4587520" percent="1">
      <mem type="allocate" free="78360" total="2621440" percent="2" />
      <mem type="survivor" free="0" total="1966080" percent="0" />
    </mem>
    <mem type="tenure" free="480560" total="6356992" percent="7">
      <mem type="soa" free="163120" total="6039552" percent="2" />
      <mem type="loa" free="317440" total="317440" percent="100" />
    </mem>
    <remembered-set count="248" />
  </mem-info>
</gc-start>
<allocation-stats totalBytes="1776008" >
  <allocated-bytes non-tlh="238320" tlh="1537688" />
  <largest-consumer threadName="main" threadId="0000000000959F00" bytes="945896" />
</allocation-stats>
<gc-op id="239" type="rs-scan" timems="2.459" contextid="233" timestamp="2019-08-08T20:23:54.605">
  <scan objectsFound="164" bytesTraced="11140" workStackOverflowCount="0" />
</gc-op>
<gc-op id="240" type="card-cleaning" timems="4.382" contextid="233" timestamp="2019-08-08T20:23:54.609">
  <card-cleaning cardsCleaned="9" bytesTraced="1174764" workStackOverflowCount="0" />
</gc-op>
<gc-op id="241" type="mark" timems="7.499" contextid="233" timestamp="2019-08-08T20:23:54.617">
  <trace-info objectcount="351" scancount="310" scanbytes="7332" />
  <finalization candidates="13" enqueued="0" />
  <references type="soft" candidates="66" cleared="0" enqueued="0" dynamicThreshold="28" maxThreshold="32" />
  <references type="weak" candidates="132" cleared="2" enqueued="2" />
  <references type="phantom" candidates="35" cleared="2" enqueued="2" />
  <stringconstants candidates="3837" cleared="0"  />
</gc-op>
<gc-op id="242" type="sweep" timems="2.682" contextid="233" timestamp="2019-08-08T20:23:54.620" />
<mem-info id="243" free="1930480" total="10944512" percent="17">
  <mem type="nursery" free="1035072" total="4587520" percent="22">
    <mem type="allocate" free="1035072" total="2621440" percent="39" />
    <mem type="survivor" free="0" total="1966080" percent="0" />
  </mem>
  <mem type="tenure" free="895408" total="6356992" percent="14" micro-fragmented="25604" macro-fragmented="0">
    <mem type="soa" free="577968" total="6039552" percent="9" />
    <mem type="loa" free="317440" total="317440" percent="100" />
  </mem>
  <pending-finalizers system="0" default="0" reference="4" classloader="0" />
  <remembered-set count="238" />
</mem-info>
<gc-op id="244" type="compact" timems="72.027" contextid="233" timestamp="2019-08-08T20:23:54.692">
  <compact-info movecount="139854" movebytes="6608008" reason="compact to aid heap contraction" />
</gc-op>
<heap-resize id="245" type="expand" space="tenure" amount="65536" count="1" timems="0.020" reason="satisfy allocation request" timestamp="2019-08-08T20:23:54.693" />
<gc-end id="246" type="global" contextid="233" durationms="90.624" usertimems="108.021" systemtimems="25.898" timestamp="2019-08-08T20:23:54.693" activeThreads="16">
  <mem-info id="247" free="2145560" total="11010048" percent="19">
    <mem type="nursery" free="1180288" total="4587520" percent="25">
      <mem type="allocate" free="1180288" total="2621440" percent="45" />
      <mem type="survivor" free="0" total="1966080" percent="0" />
    </mem>
    <mem type="tenure" free="965272" total="6422528" percent="15">
      <mem type="soa" free="644760" total="6102016" percent="10" />
      <mem type="loa" free="320512" total="320512" percent="100" />
    </mem>
    <pending-finalizers system="0" default="0" reference="4" classloader="0" />
    <remembered-set count="238" />
  </mem-info>
</gc-end>
<cycle-end id="248" type="global" contextid="233" timestamp="2019-08-08T20:23:54.693" />
  <attribute name="elasticGC enabled" value="1" />
  <attribute name= "numThreadsSpecified" value="16" />
  <attribute name="heapSize specified" value="10944512" />
  <attribute name="Current GC Util" value="62" />
  <attribute name= "Current Time Running" value="2111" />
  <attribute name ="GC Interval" value="2025" />
  <attribute name="Target GC Util Change" value ="80.000000" />
  <attribute name="Current GC Util Change" value="62.000000"/>
  <attribute name="Current Error" value="-123.000000" />
  <attribute name="Output H" value="10982288"/>
  <attribute name="Output I" value="1936"/>
  <attribute name="Output T" value="16"/>
  <attribute name= "Current Time Running" value="2111" />
  <attribute name="GC Util currently" value="62" />
  <attribute name="CPU Util currently" value="2" />
<concurrent-collection-end id="249" timestamp="2019-08-08T20:23:54.693" />
<exclusive-end id="250" timestamp="2019-08-08T20:23:54.693" durationms="90.899" />

<concurrent-kickoff id="251" timestamp="2019-08-08T20:23:56.358">
  <kickoff reason="threshold reached" targetBytes="2313190" thresholdFreeBytes="320159"  remainingFree="307840" tenureFreeBytes="965272" nurseryFreeBytes="307840" />
</concurrent-kickoff>
<exclusive-start id="252" timestamp="2019-08-08T20:23:56.359" intervalms="1756.256">
  <response-info timems="0.273" idlems="0.273" threads="0" lastid="0000000000C47F00" lastname="node-6" />
</exclusive-start>
<cycle-start id="253" type="global" contextid="0" timestamp="2019-08-08T20:23:56.359" intervalms="2184.035" />
<exclusive-end id="254" timestamp="2019-08-08T20:23:56.359" durationms="0.031" />

<exclusive-start id="255" timestamp="2019-08-08T20:23:57.066" intervalms="707.088">
  <response-info timems="0.276" idlems="0.276" threads="0" lastid="0000000000C4F700" lastname="node-5" />
</exclusive-start>
<concurrent-collection-start id="256" timestamp="2019-08-08T20:23:57.066" intervalms="2463.340" >
  <concurrent-trace-info reason="card cleaning threshold reached" tracedByMutators="457636" tracedByHelpers="3707664" cardsCleaned="34" workStackOverflowCount="0" />
</concurrent-collection-start>
<gc-start id="257" type="global" contextid="253" timestamp="2019-08-08T20:23:57.066">
  <mem-info id="258" free="1035544" total="11010048" percent="9">
    <mem type="nursery" free="70272" total="4587520" percent="1">
      <mem type="allocate" free="70272" total="2621440" percent="2" />
      <mem type="survivor" free="0" total="1966080" percent="0" />
    </mem>
    <mem type="tenure" free="965272" total="6422528" percent="15">
      <mem type="soa" free="644760" total="6102016" percent="10" />
      <mem type="loa" free="320512" total="320512" percent="100" />
    </mem>
    <remembered-set count="245" />
  </mem-info>
</gc-start>
<allocation-stats totalBytes="1108944" >
  <allocated-bytes non-tlh="0" tlh="1108944" />
  <largest-consumer threadName="node-3" threadId="0000000000C83D00" bytes="171984" />
</allocation-stats>
<gc-op id="259" type="rs-scan" timems="1.032" contextid="253" timestamp="2019-08-08T20:23:57.067">
  <scan objectsFound="164" bytesTraced="11620" workStackOverflowCount="0" />
</gc-op>
<gc-op id="260" type="card-cleaning" timems="2.338" contextid="253" timestamp="2019-08-08T20:23:57.069">
  <card-cleaning cardsCleaned="15" bytesTraced="1174788" workStackOverflowCount="0" />
</gc-op>
<gc-op id="261" type="mark" timems="5.263" contextid="253" timestamp="2019-08-08T20:23:57.075">
  <trace-info objectcount="356" scancount="315" scanbytes="7452" />
  <finalization candidates="13" enqueued="0" />
  <references type="soft" candidates="66" cleared="0" enqueued="0" dynamicThreshold="4" maxThreshold="32" />
  <references type="weak" candidates="130" cleared="0" enqueued="0" />
  <references type="phantom" candidates="33" cleared="0" enqueued="0" />
  <stringconstants candidates="3837" cleared="0"  />
</gc-op>
<gc-op id="262" type="sweep" timems="4.203" contextid="253" timestamp="2019-08-08T20:23:57.079" />
<mem-info id="263" free="2141048" total="11010048" percent="19">
  <mem type="nursery" free="1175776" total="4587520" percent="25">
    <mem type="allocate" free="1175776" total="2621440" percent="44" />
    <mem type="survivor" free="0" total="1966080" percent="0" />
  </mem>
  <mem type="tenure" free="965272" total="6422528" percent="15" micro-fragmented="0" macro-fragmented="0">
    <mem type="soa" free="644760" total="6102016" percent="10" />
    <mem type="loa" free="320512" total="320512" percent="100" />
  </mem>
  <remembered-set count="239" />
</mem-info>
<gc-op id="264" type="compact" timems="61.356" contextid="253" timestamp="2019-08-08T20:23:57.140">
  <compact-info movecount="114026" movebytes="5146840" reason="compact to aid heap contraction" />
</gc-op>
<heap-resize id="265" type="expand" space="tenure" amount="65536" count="1" timems="0.017" reason="satisfy allocation request" timestamp="2019-08-08T20:23:57.142" />
<gc-end id="266" type="global" contextid="253" durationms="75.845" usertimems="85.521" systemtimems="19.917" timestamp="2019-08-08T20:23:57.142" activeThreads="16">
  <mem-info id="267" free="2212096" total="11075584" percent="19">
    <mem type="nursery" free="1181128" total="4587520" percent="25">
      <mem type="allocate" free="1181128" total="2621440" percent="45" />
      <mem type="survivor" free="0" total="1966080" percent="0" />
    </mem>
    <mem type="tenure" free="1030968" total="6488064" percent="15">
      <mem type="soa" free="707384" total="6164480" percent="11" />
      <mem type="loa" free="323584" total="323584" percent="100" />
    </mem>
    <remembered-set count="239" />
  </mem-info>
</gc-end>
<cycle-end id="268" type="global" contextid="253" timestamp="2019-08-08T20:23:57.142" />
  <attribute name="elasticGC enabled" value="1" />
  <attribute name= "numThreadsSpecified" value="16" />
  <attribute name="heapSize specified" value="11010048" />
  <attribute name="Current GC Util" value="32" />
  <attribute name= "Current Time Running" value="4559" />
  <attribute name ="GC Interval" value="2025" />
  <attribute name="Target GC Util Change" value ="80.000000" />
  <attribute name="Current GC Util Change" value="32.000000"/>
  <attribute name="Current Error" value="-140.000000" />
  <attribute name="Output H" value="11047808"/>
  <attribute name="Output I" value="1920"/>
  <attribute name="Output T" value="16"/>
  <attribute name= "Current Time Running" value="4559" />
  <attribute name="GC Util currently" value="32" />
  <attribute name="CPU Util currently" value="18785858866" />
<concurrent-collection-end id="269" timestamp="2019-08-08T20:23:57.142" />
<exclusive-end id="270" timestamp="2019-08-08T20:23:57.142" durationms="76.293" />

<concurrent-kickoff id="271" timestamp="2019-08-08T20:23:58.390">
  <kickoff reason="threshold reached" targetBytes="2676486" thresholdFreeBytes="370326"  remainingFree="349640" tenureFreeBytes="1030968" nurseryFreeBytes="349640" />
</concurrent-kickoff>
<exclusive-start id="272" timestamp="2019-08-08T20:23:58.390" intervalms="1324.296">
  <response-info timems="0.022" idlems="0.022" threads="0" lastid="0000000000C78A00" lastname="node-1" />
</exclusive-start>
<cycle-start id="273" type="global" contextid="0" timestamp="2019-08-08T20:23:58.390" intervalms="2031.382" />
<exclusive-end id="274" timestamp="2019-08-08T20:23:58.390" durationms="0.060" />

<exclusive-start id="275" timestamp="2019-08-08T20:23:58.554" intervalms="164.270">
  <response-info timems="0.201" idlems="0.201" threads="0" lastid="0000000000C4F700" lastname="node-5" />
</exclusive-start>
<concurrent-collection-start id="276" timestamp="2019-08-08T20:23:58.554" intervalms="1488.543" >
  <concurrent-trace-info reason="card cleaning threshold reached" tracedByMutators="54952" tracedByHelpers="4113132" cardsCleaned="35" workStackOverflowCount="0" />
</concurrent-collection-start>
<gc-start id="277" type="global" contextid="273" timestamp="2019-08-08T20:23:58.554">
  <mem-info id="278" free="1143040" total="11075584" percent="10">
    <mem type="nursery" free="112072" total="4587520" percent="2">
      <mem type="allocate" free="112072" total="2621440" percent="4" />
      <mem type="survivor" free="0" total="1966080" percent="0" />
    </mem>
    <mem type="tenure" free="1030968" total="6488064" percent="15">
      <mem type="soa" free="707384" total="6164480" percent="11" />
      <mem type="loa" free="323584" total="323584" percent="100" />
    </mem>
    <remembered-set count="241" />
  </mem-info>
</gc-start>
<allocation-stats totalBytes="1065392" >
  <allocated-bytes non-tlh="0" tlh="1065392" />
  <largest-consumer threadName="node-5" threadId="0000000000C4F700" bytes="122600" />
</allocation-stats>
<gc-op id="279" type="rs-scan" timems="1.432" contextid="273" timestamp="2019-08-08T20:23:58.556">
  <scan objectsFound="159" bytesTraced="11460" workStackOverflowCount="0" />
</gc-op>
<gc-op id="280" type="card-cleaning" timems="1.479" contextid="273" timestamp="2019-08-08T20:23:58.557">
  <card-cleaning cardsCleaned="20" bytesTraced="1176256" workStackOverflowCount="0" />
</gc-op>
<gc-op id="281" type="mark" timems="6.926" contextid="273" timestamp="2019-08-08T20:23:58.564">
  <trace-info objectcount="349" scancount="308" scanbytes="7276" />
  <finalization candidates="13" enqueued="0" />
  <references type="soft" candidates="66" cleared="0" enqueued="0" dynamicThreshold="5" maxThreshold="32" />
  <references type="weak" candidates="130" cleared="0" enqueued="0" />
  <references type="phantom" candidates="33" cleared="0" enqueued="0" />
  <stringconstants candidates="3837" cleared="0"  />
</gc-op>
<gc-op id="282" type="sweep" timems="4.218" contextid="273" timestamp="2019-08-08T20:23:58.569" />
<mem-info id="283" free="2207840" total="11075584" percent="19">
  <mem type="nursery" free="1176872" total="4587520" percent="25">
    <mem type="allocate" free="1176872" total="2621440" percent="44" />
    <mem type="survivor" free="0" total="1966080" percent="0" />
  </mem>
  <mem type="tenure" free="1030968" total="6488064" percent="15" micro-fragmented="0" macro-fragmented="704304">
    <mem type="soa" free="707384" total="6164480" percent="11" />
    <mem type="loa" free="323584" total="323584" percent="100" />
  </mem>
  <remembered-set count="238" />
</mem-info>
<gc-op id="284" type="compact" timems="17.745" contextid="273" timestamp="2019-08-08T20:23:58.586">
  <compact-info movecount="5845" movebytes="195344" reason="compact to aid heap contraction" />
</gc-op>
<heap-resize id="285" type="expand" space="tenure" amount="65536" count="1" timems="0.018" reason="satisfy allocation request" timestamp="2019-08-08T20:23:58.588" />
<gc-end id="286" type="global" contextid="273" durationms="33.488" usertimems="20.678" systemtimems="36.794" timestamp="2019-08-08T20:23:58.588" activeThreads="16">
  <mem-info id="287" free="2279440" total="11141120" percent="20">
    <mem type="nursery" free="1182888" total="4587520" percent="25">
      <mem type="allocate" free="1182888" total="2621440" percent="45" />
      <mem type="survivor" free="0" total="1966080" percent="0" />
    </mem>
    <mem type="tenure" free="1096552" total="6553600" percent="16">
      <mem type="soa" free="768872" total="6225920" percent="12" />
      <mem type="loa" free="327680" total="327680" percent="100" />
    </mem>
    <remembered-set count="238" />
  </mem-info>
</gc-end>
<cycle-end id="288" type="global" contextid="273" timestamp="2019-08-08T20:23:58.588" />
  <attribute name="elasticGC enabled" value="1" />
  <attribute name= "numThreadsSpecified" value="16" />
  <attribute name="heapSize specified" value="11075584" />
  <attribute name="Current GC Util" value="101" />
  <attribute name= "Current Time Running" value="6006" />
  <attribute name ="GC Interval" value="2025" />
  <attribute name="Target GC Util Change" value ="80.000000" />
  <attribute name="Current GC Util Change" value="101.000000"/>
  <attribute name="Current Error" value="-231.000000" />
  <attribute name="Output H" value="11113296"/>
  <attribute name="Output I" value="1872"/>
  <attribute name="Output T" value="16"/>
  <attribute name= "Current Time Running" value="6006" />
  <attribute name="GC Util currently" value="101" />
  <attribute name="CPU Util currently" value="64745532850" />
<concurrent-collection-end id="289" timestamp="2019-08-08T20:23:58.588" />
<exclusive-end id="290" timestamp="2019-08-08T20:23:58.588" durationms="33.721" />

<concurrent-kickoff id="291" timestamp="2019-08-08T20:23:59.192">
  <kickoff reason="threshold reached" targetBytes="2982464" thresholdFreeBytes="412606"  remainingFree="400552" tenureFreeBytes="1096552" nurseryFreeBytes="400552" />
</concurrent-kickoff>
<exclusive-start id="292" timestamp="2019-08-08T20:23:59.192" intervalms="637.807">
  <response-info timems="0.016" idlems="0.016" threads="0" lastid="0000000000C78A00" lastname="node-1" />
</exclusive-start>
<cycle-start id="293" type="global" contextid="0" timestamp="2019-08-08T20:23:59.192" intervalms="802.074" />
<exclusive-end id="294" timestamp="2019-08-08T20:23:59.192" durationms="0.026" />

<exclusive-start id="295" timestamp="2019-08-08T20:23:59.426" intervalms="233.989">
  <response-info timems="0.800" idlems="0.532" threads="2" lastid="0000000000C47F00" lastname="node-6" />
</exclusive-start>
<concurrent-collection-start id="296" timestamp="2019-08-08T20:23:59.426" intervalms="871.924" >
  <concurrent-trace-info reason="card cleaning threshold reached" tracedByMutators="356200" tracedByHelpers="3813212" cardsCleaned="45" workStackOverflowCount="0" />
</concurrent-collection-start>
<gc-start id="297" type="global" contextid="293" timestamp="2019-08-08T20:23:59.426">
  <mem-info id="298" free="1165328" total="11141120" percent="10">
    <mem type="nursery" free="68776" total="4587520" percent="1">
      <mem type="allocate" free="68776" total="2621440" percent="2" />
      <mem type="survivor" free="0" total="1966080" percent="0" />
    </mem>
    <mem type="tenure" free="1096552" total="6553600" percent="16">
      <mem type="soa" free="768872" total="6225920" percent="12" />
      <mem type="loa" free="327680" total="327680" percent="100" />
    </mem>
    <remembered-set count="238" />
  </mem-info>
</gc-start>
<allocation-stats totalBytes="1112992" >
  <allocated-bytes non-tlh="0" tlh="1112992" />
  <largest-consumer threadName="node-4" threadId="0000000000C8F100" bytes="106488" />
</allocation-stats>
<gc-op id="299" type="rs-scan" timems="1.642" contextid="293" timestamp="2019-08-08T20:23:59.428">
  <scan objectsFound="171" bytesTraced="11860" workStackOverflowCount="0" />
</gc-op>
<gc-op id="300" type="card-cleaning" timems="5.709" contextid="293" timestamp="2019-08-08T20:23:59.434">
  <card-cleaning cardsCleaned="0" bytesTraced="1166968" workStackOverflowCount="0" />
</gc-op>
<gc-op id="301" type="mark" timems="4.516" contextid="293" timestamp="2019-08-08T20:23:59.438">
  <trace-info objectcount="388" scancount="337" scanbytes="7828" />
  <finalization candidates="13" enqueued="0" />
  <references type="soft" candidates="66" cleared="0" enqueued="0" dynamicThreshold="5" maxThreshold="32" />
  <references type="weak" candidates="130" cleared="0" enqueued="0" />
  <references type="phantom" candidates="33" cleared="0" enqueued="0" />
  <stringconstants candidates="3837" cleared="0"  />
</gc-op>
<gc-op id="302" type="sweep" timems="5.148" contextid="293" timestamp="2019-08-08T20:23:59.444" />
<mem-info id="303" free="2268192" total="11141120" percent="20">
  <mem type="nursery" free="1171640" total="4587520" percent="25">
    <mem type="allocate" free="1171640" total="2621440" percent="44" />
    <mem type="survivor" free="0" total="1966080" percent="0" />
  </mem>
  <mem type="tenure" free="1096552" total="6553600" percent="16" micro-fragmented="0" macro-fragmented="0">
    <mem type="soa" free="768872" total="6225920" percent="12" />
    <mem type="loa" free="327680" total="327680" percent="100" />
  </mem>
  <remembered-set count="238" />
</mem-info>
<gc-op id="304" type="compact" timems="21.873" contextid="293" timestamp="2019-08-08T20:23:59.466">
  <compact-info movecount="2463" movebytes="70616" reason="compact to aid heap contraction" />
</gc-op>
<heap-resize id="305" type="expand" space="tenure" amount="65536" count="1" timems="0.022" reason="satisfy allocation request" timestamp="2019-08-08T20:23:59.467" />
<gc-end id="306" type="global" contextid="293" durationms="40.339" usertimems="31.237" systemtimems="34.760" timestamp="2019-08-08T20:23:59.467" activeThreads="16">
  <mem-info id="307" free="2339640" total="11206656" percent="20">
    <mem type="nursery" free="1177552" total="4587520" percent="25">
      <mem type="allocate" free="1177552" total="2621440" percent="44" />
      <mem type="survivor" free="0" total="1966080" percent="0" />
    </mem>
    <mem type="tenure" free="1162088" total="6619136" percent="17">
      <mem type="soa" free="831336" total="6288384" percent="13" />
      <mem type="loa" free="330752" total="330752" percent="100" />
    </mem>
    <remembered-set count="238" />
  </mem-info>
</gc-end>
<cycle-end id="308" type="global" contextid="293" timestamp="2019-08-08T20:23:59.467" />
  <attribute name="elasticGC enabled" value="1" />
  <attribute name= "numThreadsSpecified" value="16" />
  <attribute name="heapSize specified" value="11141120" />
  <attribute name="Current GC Util" value="83" />
  <attribute name= "Current Time Running" value="6885" />
  <attribute name ="GC Interval" value="2025" />
  <attribute name="Target GC Util Change" value ="80.000000" />
  <attribute name="Current GC Util Change" value="83.000000"/>
  <attribute name="Current Error" value="-261.000000" />
  <attribute name="Output H" value="11178816"/>
  <attribute name="Output I" value="1856"/>
  <attribute name="Output T" value="16"/>
  <attribute name= "Current Time Running" value="6885" />
  <attribute name="GC Util currently" value="83" />
  <attribute name="CPU Util currently" value="52314251088" />
<concurrent-collection-end id="309" timestamp="2019-08-08T20:23:59.467" />
<exclusive-end id="310" timestamp="2019-08-08T20:23:59.467" durationms="41.070" />

<concurrent-kickoff id="311" timestamp="2019-08-08T20:24:00.069">
  <kickoff reason="threshold reached" targetBytes="3237852" thresholdFreeBytes="447790"  remainingFree="436176" tenureFreeBytes="1162088" nurseryFreeBytes="436176" />
</concurrent-kickoff>
<exclusive-start id="312" timestamp="2019-08-08T20:24:00.069" intervalms="643.395">
  <response-info timems="0.514" idlems="0.514" threads="0" lastid="0000000000C40700" lastname="node-12" />
</exclusive-start>
<cycle-start id="313" type="global" contextid="0" timestamp="2019-08-08T20:24:00.070" intervalms="877.417" />
<exclusive-end id="314" timestamp="2019-08-08T20:24:00.070" durationms="0.056" />

<exclusive-start id="315" timestamp="2019-08-08T20:24:00.212" intervalms="142.835">
  <response-info timems="0.936" idlems="0.482" threads="1" lastid="0000000000C53300" lastname="node-13" />
</exclusive-start>
<concurrent-collection-start id="316" timestamp="2019-08-08T20:24:00.212" intervalms="786.118" >
  <concurrent-trace-info reason="card cleaning threshold reached" tracedByMutators="402004" tracedByHelpers="3766848" cardsCleaned="51" workStackOverflowCount="0" />
</concurrent-collection-start>
<gc-start id="317" type="global" contextid="313" timestamp="2019-08-08T20:24:00.212">
  <mem-info id="318" free="1299256" total="11206656" percent="11">
    <mem type="nursery" free="137168" total="4587520" percent="2">
      <mem type="allocate" free="137168" total="2621440" percent="5" />
      <mem type="survivor" free="0" total="1966080" percent="0" />
    </mem>
    <mem type="tenure" free="1162088" total="6619136" percent="17">
      <mem type="soa" free="831336" total="6288384" percent="13" />
      <mem type="loa" free="330752" total="330752" percent="100" />
    </mem>
    <remembered-set count="238" />
  </mem-info>
</gc-start>
<allocation-stats totalBytes="1037984" >
  <allocated-bytes non-tlh="0" tlh="1037984" />
  <largest-consumer threadName="node-8" threadId="0000000000C92D00" bytes="90112" />
</allocation-stats>
<gc-op id="319" type="rs-scan" timems="1.413" contextid="313" timestamp="2019-08-08T20:24:00.214">
  <scan objectsFound="129" bytesTraced="9500" workStackOverflowCount="0" />
</gc-op>
<gc-op id="320" type="card-cleaning" timems="1.592" contextid="313" timestamp="2019-08-08T20:24:00.215">
  <card-cleaning cardsCleaned="42" bytesTraced="1184280" workStackOverflowCount="0" />
</gc-op>
<gc-op id="321" type="mark" timems="4.881" contextid="313" timestamp="2019-08-08T20:24:00.220">
  <trace-info objectcount="359" scancount="318" scanbytes="7612" />
  <finalization candidates="13" enqueued="0" />
  <references type="soft" candidates="66" cleared="20" enqueued="16" dynamicThreshold="5" maxThreshold="32" />
  <references type="weak" candidates="130" cleared="0" enqueued="0" />
  <references type="phantom" candidates="33" cleared="0" enqueued="0" />
  <stringconstants candidates="3837" cleared="0"  />
</gc-op>
<gc-op id="322" type="sweep" timems="2.854" contextid="313" timestamp="2019-08-08T20:24:00.223" />
<mem-info id="323" free="2344336" total="11206656" percent="20">
  <mem type="nursery" free="1182248" total="4587520" percent="25">
    <mem type="allocate" free="1182248" total="2621440" percent="45" />
    <mem type="survivor" free="0" total="1966080" percent="0" />
  </mem>
  <mem type="tenure" free="1162088" total="6619136" percent="17" micro-fragmented="3584" macro-fragmented="0">
    <mem type="soa" free="831336" total="6288384" percent="13" />
    <mem type="loa" free="330752" total="330752" percent="100" />
  </mem>
  <pending-finalizers system="0" default="0" reference="16" classloader="0" />
  <remembered-set count="238" />
</mem-info>
<gc-op id="324" type="compact" timems="61.850" contextid="313" timestamp="2019-08-08T20:24:00.285">
  <compact-info movecount="118919" movebytes="5240840" reason="compact to aid heap contraction" />
</gc-op>
<heap-resize id="325" type="expand" space="tenure" amount="65536" count="1" timems="0.018" reason="satisfy allocation request" timestamp="2019-08-08T20:24:00.286" />
<gc-end id="326" type="global" contextid="313" durationms="73.638" usertimems="75.900" systemtimems="26.797" timestamp="2019-08-08T20:24:00.286" activeThreads="16">
  <mem-info id="327" free="2416016" total="11272192" percent="21">
    <mem type="nursery" free="1186080" total="4587520" percent="25">
      <mem type="allocate" free="1186080" total="2621440" percent="45" />
      <mem type="survivor" free="0" total="1966080" percent="0" />
    </mem>
    <mem type="tenure" free="1229936" total="6684672" percent="18">
      <mem type="soa" free="896112" total="6350848" percent="14" />
      <mem type="loa" free="333824" total="333824" percent="100" />
    </mem>
    <pending-finalizers system="0" default="0" reference="16" classloader="0" />
    <remembered-set count="238" />
  </mem-info>
</gc-end>
<cycle-end id="328" type="global" contextid="313" timestamp="2019-08-08T20:24:00.286" />
  <attribute name="elasticGC enabled" value="1" />
  <attribute name= "numThreadsSpecified" value="16" />
  <attribute name="heapSize specified" value="11206656" />
  <attribute name="Current GC Util" value="32" />
  <attribute name= "Current Time Running" value="7705" />
  <attribute name ="GC Interval" value="2025" />
  <attribute name="Target GC Util Change" value ="80.000000" />
  <attribute name="Current GC Util Change" value="32.000000"/>
  <attribute name="Current Error" value="48.000000" />
  <attribute name="Output H" value="11244528"/>
  <attribute name="Output I" value="2032"/>
  <attribute name="Output T" value="16"/>
  <attribute name= "Current Time Running" value="7705" />
  <attribute name="GC Util currently" value="32" />
  <attribute name="CPU Util currently" value="18627932420" />
<concurrent-collection-end id="329" timestamp="2019-08-08T20:24:00.286" />
<exclusive-end id="330" timestamp="2019-08-08T20:24:00.286" durationms="73.835" />

<concurrent-kickoff id="331" timestamp="2019-08-08T20:24:00.658">
  <kickoff reason="threshold reached" targetBytes="3449293" thresholdFreeBytes="477009"  remainingFree="456992" tenureFreeBytes="1229936" nurseryFreeBytes="456992" />
</concurrent-kickoff>
<exclusive-start id="332" timestamp="2019-08-08T20:24:00.659" intervalms="446.325">
  <response-info timems="0.545" idlems="0.545" threads="0" lastid="0000000000C47F00" lastname="node-6" />
</exclusive-start>
<cycle-start id="333" type="global" contextid="0" timestamp="2019-08-08T20:24:00.659" intervalms="589.152" />
<exclusive-end id="334" timestamp="2019-08-08T20:24:00.659" durationms="0.048" />

<exclusive-start id="335" timestamp="2019-08-08T20:24:00.882" intervalms="222.964">
  <response-info timems="0.343" idlems="0.231" threads="1" lastid="0000000000C92D00" lastname="node-8" />
</exclusive-start>
<concurrent-collection-start id="336" timestamp="2019-08-08T20:24:00.882" intervalms="669.309" >
  <concurrent-trace-info reason="card cleaning threshold reached" tracedByMutators="219880" tracedByHelpers="3953216" cardsCleaned="48" workStackOverflowCount="0" />
</concurrent-collection-start>
<gc-start id="337" type="global" contextid="333" timestamp="2019-08-08T20:24:00.882">
  <mem-info id="338" free="1371536" total="11272192" percent="12">
    <mem type="nursery" free="141600" total="4587520" percent="3">
      <mem type="allocate" free="141600" total="2621440" percent="5" />
      <mem type="survivor" free="0" total="1966080" percent="0" />
    </mem>
    <mem type="tenure" free="1229936" total="6684672" percent="18">
      <mem type="soa" free="896112" total="6350848" percent="14" />
      <mem type="loa" free="333824" total="333824" percent="100" />
    </mem>
    <remembered-set count="254" />
  </mem-info>
</gc-start>
<allocation-stats totalBytes="1042952" >
  <allocated-bytes non-tlh="0" tlh="1042952" />
  <largest-consumer threadName="node-7" threadId="0000000000C7C600" bytes="90088" />
</allocation-stats>
<gc-op id="339" type="rs-scan" timems="2.250" contextid="333" timestamp="2019-08-08T20:24:00.884">
  <scan objectsFound="168" bytesTraced="11636" workStackOverflowCount="0" />
</gc-op>
<gc-op id="340" type="card-cleaning" timems="2.677" contextid="333" timestamp="2019-08-08T20:24:00.887">
  <card-cleaning cardsCleaned="3" bytesTraced="1166320" workStackOverflowCount="0" />
</gc-op>
<gc-op id="341" type="mark" timems="5.865" contextid="333" timestamp="2019-08-08T20:24:00.893">
  <trace-info objectcount="374" scancount="332" scanbytes="7812" />
  <finalization candidates="13" enqueued="0" />
  <references type="soft" candidates="46" cleared="1" enqueued="0" dynamicThreshold="5" maxThreshold="32" />
  <references type="weak" candidates="130" cleared="0" enqueued="0" />
  <references type="phantom" candidates="33" cleared="0" enqueued="0" />
  <stringconstants candidates="3837" cleared="0"  />
</gc-op>
<gc-op id="342" type="sweep" timems="18.557" contextid="333" timestamp="2019-08-08T20:24:00.911" />
<mem-info id="343" free="2404616" total="11272192" percent="21">
  <mem type="nursery" free="1174680" total="4587520" percent="25">
    <mem type="allocate" free="1174680" total="2621440" percent="44" />
    <mem type="survivor" free="0" total="1966080" percent="0" />
  </mem>
  <mem type="tenure" free="1229936" total="6684672" percent="18" micro-fragmented="5893" macro-fragmented="0">
    <mem type="soa" free="896112" total="6350848" percent="14" />
    <mem type="loa" free="333824" total="333824" percent="100" />
  </mem>
  <remembered-set count="238" />
</mem-info>
<gc-op id="344" type="compact" timems="67.229" contextid="333" timestamp="2019-08-08T20:24:00.979">
  <compact-info movecount="119590" movebytes="5267152" reason="compact to aid heap contraction" />
</gc-op>
<heap-resize id="345" type="expand" space="tenure" amount="65536" count="1" timems="0.096" reason="satisfy allocation request" timestamp="2019-08-08T20:24:00.982" />
<gc-end id="346" type="global" contextid="333" durationms="100.460" usertimems="89.506" systemtimems="43.160" timestamp="2019-08-08T20:24:00.982" activeThreads="16">
  <mem-info id="347" free="2485424" total="11337728" percent="21">
    <mem type="nursery" free="1186640" total="4587520" percent="25">
      <mem type="allocate" free="1186640" total="2621440" percent="45" />
      <mem type="survivor" free="0" total="1966080" percent="0" />
    </mem>
    <mem type="tenure" free="1298784" total="6750208" percent="19">
      <mem type="soa" free="961888" total="6413312" percent="14" />
      <mem type="loa" free="336896" total="336896" percent="100" />
    </mem>
    <remembered-set count="238" />
  </mem-info>
</gc-end>
<cycle-end id="348" type="global" contextid="333" timestamp="2019-08-08T20:24:00.982" />
  <attribute name="elasticGC enabled" value="1" />
  <attribute name= "numThreadsSpecified" value="16" />
  <attribute name="heapSize specified" value="11272192" />
  <attribute name="Current GC Util" value="112" />
  <attribute name= "Current Time Running" value="8398" />
  <attribute name ="GC Interval" value="2025" />
  <attribute name="Target GC Util Change" value ="80.000000" />
  <attribute name="Current GC Util Change" value="112.000000"/>
  <attribute name="Current Error" value="-35.000000" />
  <attribute name="Output H" value="11310016"/>
  <attribute name="Output I" value="1984"/>
  <attribute name="Output T" value="16"/>
  <attribute name= "Current Time Running" value="8398" />
  <attribute name="GC Util currently" value="112" />
  <attribute name="CPU Util currently" value="17137637458" />
<concurrent-collection-end id="349" timestamp="2019-08-08T20:24:00.982" />
<exclusive-end id="350" timestamp="2019-08-08T20:24:00.982" durationms="100.663" />

<concurrent-kickoff id="351" timestamp="2019-08-08T20:24:01.471">
  <kickoff reason="threshold reached" targetBytes="3624265" thresholdFreeBytes="500803"  remainingFree="482128" tenureFreeBytes="1298784" nurseryFreeBytes="482128" />
</concurrent-kickoff>
<exclusive-start id="352" timestamp="2019-08-08T20:24:01.472" intervalms="590.079">
  <response-info timems="0.193" idlems="0.193" threads="0" lastid="0000000000C74E00" lastname="node-0" />
</exclusive-start>
<cycle-start id="353" type="global" contextid="0" timestamp="2019-08-08T20:24:01.472" intervalms="813.172" />
<exclusive-end id="354" timestamp="2019-08-08T20:24:01.472" durationms="0.205" />

<exclusive-start id="355" timestamp="2019-08-08T20:24:01.626" intervalms="154.230">
  <response-info timems="0.117" idlems="0.117" threads="0" lastid="0000000000C62200" lastname="node-14" />
</exclusive-start>
<concurrent-collection-start id="356" timestamp="2019-08-08T20:24:01.626" intervalms="744.275" >
  <concurrent-trace-info reason="card cleaning threshold reached" tracedByMutators="128216" tracedByHelpers="4045632" cardsCleaned="46" workStackOverflowCount="0" />
</concurrent-collection-start>
<gc-start id="357" type="global" contextid="353" timestamp="2019-08-08T20:24:01.626">
  <mem-info id="358" free="1469616" total="11337728" percent="12">
    <mem type="nursery" free="170832" total="4587520" percent="3">
      <mem type="allocate" free="170832" total="2621440" percent="6" />
      <mem type="survivor" free="0" total="1966080" percent="0" />
    </mem>
    <mem type="tenure" free="1298784" total="6750208" percent="19">
      <mem type="soa" free="961888" total="6413312" percent="14" />
      <mem type="loa" free="336896" total="336896" percent="100" />
    </mem>
    <remembered-set count="238" />
  </mem-info>
</gc-start>
<allocation-stats totalBytes="1014568" >
  <allocated-bytes non-tlh="0" tlh="1014568" />
  <largest-consumer threadName="node-14" threadId="0000000000C62200" bytes="73704" />
</allocation-stats>
<gc-op id="359" type="rs-scan" timems="2.012" contextid="353" timestamp="2019-08-08T20:24:01.628">
  <scan objectsFound="151" bytesTraced="11092" workStackOverflowCount="0" />
</gc-op>
<gc-op id="360" type="card-cleaning" timems="5.370" contextid="353" timestamp="2019-08-08T20:24:01.633">
  <card-cleaning cardsCleaned="29" bytesTraced="1183452" workStackOverflowCount="0" />
</gc-op>
<gc-op id="361" type="mark" timems="10.224" contextid="353" timestamp="2019-08-08T20:24:01.644">
  <trace-info objectcount="371" scancount="330" scanbytes="7836" />
  <finalization candidates="13" enqueued="0" />
  <references type="soft" candidates="45" cleared="0" enqueued="0" dynamicThreshold="6" maxThreshold="32" />
  <references type="weak" candidates="130" cleared="0" enqueued="0" />
  <references type="phantom" candidates="33" cleared="0" enqueued="0" />
  <stringconstants candidates="3837" cleared="0"  />
</gc-op>
<gc-op id="362" type="sweep" timems="2.974" contextid="353" timestamp="2019-08-08T20:24:01.647" />
<mem-info id="363" free="2478656" total="11337728" percent="21">
  <mem type="nursery" free="1179872" total="4587520" percent="25">
    <mem type="allocate" free="1179872" total="2621440" percent="45" />
    <mem type="survivor" free="0" total="1966080" percent="0" />
  </mem>
  <mem type="tenure" free="1298784" total="6750208" percent="19" micro-fragmented="0" macro-fragmented="723458">
    <mem type="soa" free="961888" total="6413312" percent="14" />
    <mem type="loa" free="336896" total="336896" percent="100" />
  </mem>
  <remembered-set count="238" />
</mem-info>
<gc-op id="364" type="compact" timems="14.176" contextid="353" timestamp="2019-08-08T20:24:01.661">
  <compact-info movecount="2363" movebytes="60096" reason="compact to aid heap contraction" />
</gc-op>
<heap-resize id="365" type="expand" space="tenure" amount="65536" count="1" timems="0.026" reason="satisfy allocation request" timestamp="2019-08-08T20:24:01.662" />
<gc-end id="366" type="global" contextid="353" durationms="36.337" usertimems="28.412" systemtimems="27.439" timestamp="2019-08-08T20:24:01.662" activeThreads="16">
  <mem-info id="367" free="2552360" total="11403264" percent="22">
    <mem type="nursery" free="1188040" total="4587520" percent="25">
      <mem type="allocate" free="1188040" total="2621440" percent="45" />
      <mem type="survivor" free="0" total="1966080" percent="0" />
    </mem>
    <mem type="tenure" free="1364320" total="6815744" percent="20">
      <mem type="soa" free="1024352" total="6475776" percent="15" />
      <mem type="loa" free="339968" total="339968" percent="100" />
    </mem>
    <remembered-set count="238" />
  </mem-info>
</gc-end>
<cycle-end id="368" type="global" contextid="353" timestamp="2019-08-08T20:24:01.662" />
  <attribute name="elasticGC enabled" value="1" />
  <attribute name= "numThreadsSpecified" value="16" />
  <attribute name="heapSize specified" value="11337728" />
  <attribute name="Current GC Util" value="92" />
  <attribute name= "Current Time Running" value="9080" />
  <attribute name ="GC Interval" value="2025" />
  <attribute name="Target GC Util Change" value ="80.000000" />
  <attribute name="Current GC Util Change" value="92.000000"/>
  <attribute name="Current Error" value="-39.000000" />
  <attribute name="Output H" value="11375552"/>
  <attribute name="Output I" value="1984"/>
  <attribute name="Output T" value="16"/>
  <attribute name= "Current Time Running" value="9080" />
  <attribute name="GC Util currently" value="92" />
  <attribute name="CPU Util currently" value="81111674239" />
<concurrent-collection-end id="369" timestamp="2019-08-08T20:24:01.662" />
<exclusive-end id="370" timestamp="2019-08-08T20:24:01.662" durationms="36.556" />

<concurrent-kickoff id="371" timestamp="2019-08-08T20:24:02.116">
  <kickoff reason="threshold reached" targetBytes="3767706" thresholdFreeBytes="520713"  remainingFree="499912" tenureFreeBytes="1364320" nurseryFreeBytes="499912" />
</concurrent-kickoff>
<exclusive-start id="372" timestamp="2019-08-08T20:24:02.117" intervalms="491.084">
  <response-info timems="0.515" idlems="0.515" threads="0" lastid="0000000000C7C600" lastname="node-7" />
</exclusive-start>
<cycle-start id="373" type="global" contextid="0" timestamp="2019-08-08T20:24:02.117" intervalms="645.154" />
<exclusive-end id="374" timestamp="2019-08-08T20:24:02.117" durationms="0.016" />

<exclusive-start id="375" timestamp="2019-08-08T20:24:02.233" intervalms="116.476">
  <response-info timems="0.098" idlems="0.098" threads="0" lastid="0000000000C74E00" lastname="node-0" />
</exclusive-start>
<concurrent-collection-start id="376" timestamp="2019-08-08T20:24:02.234" intervalms="607.575" >
  <concurrent-trace-info reason="card cleaning threshold reached" tracedByMutators="117952" tracedByHelpers="4047772" cardsCleaned="30" workStackOverflowCount="0" />
</concurrent-collection-start>
<gc-start id="377" type="global" contextid="373" timestamp="2019-08-08T20:24:02.234">
  <mem-info id="378" free="1524264" total="11403264" percent="13">
    <mem type="nursery" free="159944" total="4587520" percent="3">
      <mem type="allocate" free="159944" total="2621440" percent="6" />
      <mem type="survivor" free="0" total="1966080" percent="0" />
    </mem>
    <mem type="tenure" free="1364320" total="6815744" percent="20">
      <mem type="soa" free="1024352" total="6475776" percent="15" />
      <mem type="loa" free="339968" total="339968" percent="100" />
    </mem>
    <remembered-set count="238" />
  </mem-info>
</gc-start>
<allocation-stats totalBytes="1027712" >
  <allocated-bytes non-tlh="0" tlh="1027712" />
  <largest-consumer threadName="node-2" threadId="0000000000C5E600" bytes="61440" />
</allocation-stats>
<gc-op id="379" type="rs-scan" timems="4.823" contextid="373" timestamp="2019-08-08T20:24:02.238">
  <scan objectsFound="149" bytesTraced="11028" workStackOverflowCount="0" />
</gc-op>
<gc-op id="380" type="card-cleaning" timems="1.439" contextid="373" timestamp="2019-08-08T20:24:02.240">
  <card-cleaning cardsCleaned="29" bytesTraced="1183004" workStackOverflowCount="0" />
</gc-op>
<gc-op id="381" type="mark" timems="2.622" contextid="373" timestamp="2019-08-08T20:24:02.243">
  <trace-info objectcount="371" scancount="330" scanbytes="7860" />
  <finalization candidates="13" enqueued="0" />
  <references type="soft" candidates="45" cleared="0" enqueued="0" dynamicThreshold="6" maxThreshold="32" />
  <references type="weak" candidates="130" cleared="0" enqueued="0" />
  <references type="phantom" candidates="33" cleared="0" enqueued="0" />
  <stringconstants candidates="3837" cleared="0"  />
</gc-op>
<gc-op id="382" type="sweep" timems="1.245" contextid="373" timestamp="2019-08-08T20:24:02.244" />
<mem-info id="383" free="2552624" total="11403264" percent="22">
  <mem type="nursery" free="1188304" total="4587520" percent="25">
    <mem type="allocate" free="1188304" total="2621440" percent="45" />
    <mem type="survivor" free="0" total="1966080" percent="0" />
  </mem>
  <mem type="tenure" free="1364320" total="6815744" percent="20" micro-fragmented="0" macro-fragmented="868149">
    <mem type="soa" free="1024352" total="6475776" percent="15" />
    <mem type="loa" free="339968" total="339968" percent="100" />
  </mem>
  <remembered-set count="238" />
</mem-info>
<gc-op id="384" type="compact" timems="12.265" contextid="373" timestamp="2019-08-08T20:24:02.256">
  <compact-info movecount="2332" movebytes="57392" reason="compact to aid heap contraction" />
</gc-op>
<heap-resize id="385" type="expand" space="tenure" amount="65536" count="1" timems="0.019" reason="satisfy allocation request" timestamp="2019-08-08T20:24:02.257" />
<gc-end id="386" type="global" contextid="373" durationms="23.687" usertimems="15.535" systemtimems="18.925" timestamp="2019-08-08T20:24:02.257" activeThreads="16">
  <mem-info id="387" free="2620600" total="11468800" percent="22">
    <mem type="nursery" free="1190744" total="4587520" percent="25">
      <mem type="allocate" free="1190744" total="2621440" percent="45" />
      <mem type="survivor" free="0" total="1966080" percent="0" />
    </mem>
    <mem type="tenure" free="1429856" total="6881280" percent="20">
      <mem type="soa" free="1085792" total="6537216" percent="16" />
      <mem type="loa" free="344064" total="344064" percent="100" />
    </mem>
    <remembered-set count="238" />
  </mem-info>
</gc-end>
<cycle-end id="388" type="global" contextid="373" timestamp="2019-08-08T20:24:02.257" />
  <attribute name="elasticGC enabled" value="1" />
  <attribute name= "numThreadsSpecified" value="16" />
  <attribute name="heapSize specified" value="11403264" />
  <attribute name="Current GC Util" value="68" />
  <attribute name= "Current Time Running" value="9675" />
  <attribute name ="GC Interval" value="2025" />
  <attribute name="Target GC Util Change" value ="80.000000" />
  <attribute name="Current GC Util Change" value="68.000000"/>
  <attribute name="Current Error" value="-284.000000" />
  <attribute name="Output H" value="11440944"/>
  <attribute name="Output I" value="1840"/>
  <attribute name="Output T" value="16"/>
  <attribute name= "Current Time Running" value="9675" />
  <attribute name="GC Util currently" value="68" />
  <attribute name="CPU Util currently" value="93741503297" />
<concurrent-collection-end id="389" timestamp="2019-08-08T20:24:02.257" />
<exclusive-end id="390" timestamp="2019-08-08T20:24:02.257" durationms="23.944" />

<exclusive-start id="391" timestamp="2019-08-08T20:24:03.049" intervalms="815.528">
  <response-info timems="0.035" idlems="0.021" threads="1" lastid="0000000000C8F100" lastname="node-4" />
</exclusive-start>
<af-start id="392" threadId="0000000000C57888" totalBytesRequested="376" timestamp="2019-08-08T20:24:03.049" intervalms="9741.822" type="nursery" />
<cycle-start id="393" type="scavenge" contextid="0" timestamp="2019-08-08T20:24:03.049" intervalms="9741.861" />
<gc-start id="394" type="scavenge" contextid="393" timestamp="2019-08-08T20:24:03.049">
  <mem-info id="395" free="1429856" total="11468800" percent="12">
    <mem type="nursery" free="0" total="4587520" percent="0">
      <mem type="allocate" free="0" total="2621440" percent="0" />
      <mem type="survivor" free="0" total="1966080" percent="0" />
    </mem>
    <mem type="tenure" free="1429856" total="6881280" percent="20">
      <mem type="soa" free="1085792" total="6537216" percent="16" />
      <mem type="loa" free="344064" total="344064" percent="100" />
    </mem>
    <remembered-set count="238" />
  </mem-info>
</gc-start>
<allocation-stats totalBytes="1188176" >
  <allocated-bytes non-tlh="0" tlh="1188176" />
  <largest-consumer threadName="node-8" threadId="0000000000C92D00" bytes="90104" />
</allocation-stats>
<gc-op id="396" type="scavenge" timems="4.993" contextid="393" timestamp="2019-08-08T20:24:03.054">
  <scavenger-info tenureage="1" tenuremask="7ffe" tiltratio="57" />
  <memory-copied type="nursery" objects="12825" bytes="807760" bytesdiscarded="244272" />
  <memory-copied type="tenure" objects="9559" bytes="630728" bytesdiscarded="440" />
</gc-op>
<gc-end id="397" type="scavenge" contextid="393" durationms="5.271" usertimems="7.717" systemtimems="3.936" timestamp="2019-08-08T20:24:03.054" activeThreads="16">
  <mem-info id="398" free="2555136" total="11468800" percent="22">
    <mem type="nursery" free="1897008" total="4587520" percent="41">
      <mem type="allocate" free="1897008" total="2949120" percent="64" />
      <mem type="survivor" free="0" total="1638400" percent="0" />
    </mem>
    <mem type="tenure" free="658128" total="6881280" percent="9" macro-fragmented="32608">
      <mem type="soa" free="314064" total="6537216" percent="4" />
      <mem type="loa" free="344064" total="344064" percent="100" />
    </mem>
    <remembered-set count="236" />
  </mem-info>
</gc-end>
<cycle-end id="399" type="scavenge" contextid="393" timestamp="2019-08-08T20:24:03.054" />
  <attribute name="elasticGC enabled" value="1" />
  <attribute name= "numThreadsSpecified" value="16" />
  <attribute name="heapSize specified" value="11403264" />
  <attribute name="Current GC Util" value="1" />
  <attribute name= "Current Time Running" value="10468" />
  <attribute name ="GC Interval" value="1889" />
  <attribute name="Target GC Util Change" value ="80.000000" />
  <attribute name="Current GC Util Change" value="1.000000"/>
  <attribute name="Current Error" value="-205.000000" />
  <attribute name="Output H" value="11506528"/>
  <attribute name="Output I" value="1888"/>
  <attribute name="Output T" value="16"/>
  <attribute name= "Current Time Running" value="10468" />
  <attribute name="GC Util currently" value="1" />
  <attribute name="CPU Util currently" value="13" />
<allocation-satisfied id="400" threadId="0000000000C56F00" bytesRequested="376" />
<af-end id="401" timestamp="2019-08-08T20:24:03.055" threadId="0000000000C57888" success="true" from="nursery"/>
<exclusive-end id="402" timestamp="2019-08-08T20:24:03.055" durationms="5.567" />

<concurrent-kickoff id="403" timestamp="2019-08-08T20:24:03.933">
  <kickoff reason="threshold reached" targetBytes="3882340" thresholdFreeBytes="536629"  remainingFree="524848" tenureFreeBytes="658128" nurseryFreeBytes="524848" />
</concurrent-kickoff>
<exclusive-start id="404" timestamp="2019-08-08T20:24:03.934" intervalms="885.186">
  <response-info timems="0.676" idlems="0.363" threads="1" lastid="0000000000C9E100" lastname="node-20" />
</exclusive-start>
<cycle-start id="405" type="global" contextid="0" timestamp="2019-08-08T20:24:03.934" intervalms="1817.204" />
<exclusive-end id="406" timestamp="2019-08-08T20:24:03.934" durationms="0.033" />

<exclusive-start id="407" timestamp="2019-08-08T20:24:04.206" intervalms="272.092">
  <response-info timems="0.027" idlems="0.027" threads="0" lastid="0000000000C7C600" lastname="node-7" />
</exclusive-start>
<concurrent-collection-start id="408" timestamp="2019-08-08T20:24:04.206" intervalms="1972.788" >
  <concurrent-trace-info reason="card cleaning threshold reached" tracedByMutators="394408" tracedByHelpers="4294672" cardsCleaned="61" workStackOverflowCount="0" />
</concurrent-collection-start>
<gc-start id="409" type="global" contextid="405" timestamp="2019-08-08T20:24:04.206">
  <mem-info id="410" free="769280" total="11468800" percent="6">
    <mem type="nursery" free="111152" total="4587520" percent="2">
      <mem type="allocate" free="111152" total="2949120" percent="3" />
      <mem type="survivor" free="0" total="1638400" percent="0" />
    </mem>
    <mem type="tenure" free="658128" total="6881280" percent="9">
      <mem type="soa" free="314064" total="6537216" percent="4" />
      <mem type="loa" free="344064" total="344064" percent="100" />
    </mem>
    <remembered-set count="252" />
  </mem-info>
</gc-start>
<allocation-stats totalBytes="1782904" >
  <allocated-bytes non-tlh="376" tlh="1782528" />
  <largest-consumer threadName="node-8" threadId="0000000000C92D00" bytes="122624" />
</allocation-stats>
<gc-op id="411" type="rs-scan" timems="5.303" contextid="405" timestamp="2019-08-08T20:24:04.212">
  <scan objectsFound="152" bytesTraced="667232" workStackOverflowCount="0" />
</gc-op>
<gc-op id="412" type="card-cleaning" timems="1.810" contextid="405" timestamp="2019-08-08T20:24:04.214">
  <card-cleaning cardsCleaned="23" bytesTraced="32284" workStackOverflowCount="0" />
</gc-op>
<gc-op id="413" type="mark" timems="8.992" contextid="405" timestamp="2019-08-08T20:24:04.223">
  <trace-info objectcount="378" scancount="331" scanbytes="7804" />
  <finalization candidates="13" enqueued="0" />
  <references type="soft" candidates="45" cleared="0" enqueued="0" dynamicThreshold="6" maxThreshold="32" />
  <references type="weak" candidates="130" cleared="0" enqueued="0" />
  <references type="phantom" candidates="33" cleared="0" enqueued="0" />
  <stringconstants candidates="3837" cleared="0"  />
</gc-op>
<gc-op id="414" type="sweep" timems="3.803" contextid="405" timestamp="2019-08-08T20:24:04.226" />
<mem-info id="415" free="2924864" total="11468800" percent="25">
  <mem type="nursery" free="2126272" total="4587520" percent="46">
    <mem type="allocate" free="2126272" total="2949120" percent="72" />
    <mem type="survivor" free="0" total="1638400" percent="0" />
  </mem>
  <mem type="tenure" free="798592" total="6881280" percent="11" micro-fragmented="0" macro-fragmented="0">
    <mem type="soa" free="454528" total="6537216" percent="6" />
    <mem type="loa" free="344064" total="344064" percent="100" />
  </mem>
  <remembered-set count="251" />
</mem-info>
<gc-op id="416" type="compact" timems="21.592" contextid="405" timestamp="2019-08-08T20:24:04.248">
  <compact-info movecount="22197" movebytes="1419608" reason="compact to aid heap contraction" />
</gc-op>
<heap-resize id="417" type="expand" space="tenure" amount="65536" count="1" timems="0.021" reason="satisfy allocation request" timestamp="2019-08-08T20:24:04.249" />
<gc-end id="418" type="global" contextid="405" durationms="42.509" usertimems="26.153" systemtimems="39.920" timestamp="2019-08-08T20:24:04.249" activeThreads="16">
  <mem-info id="419" free="3008792" total="11534336" percent="26">
    <mem type="nursery" free="2144208" total="4587520" percent="46">
      <mem type="allocate" free="2144208" total="2949120" percent="72" />
      <mem type="survivor" free="0" total="1638400" percent="0" />
    </mem>
    <mem type="tenure" free="864584" total="6946816" percent="12">
      <mem type="soa" free="517448" total="6599680" percent="7" />
      <mem type="loa" free="347136" total="347136" percent="100" />
    </mem>
    <remembered-set count="251" />
  </mem-info>
</gc-end>
<cycle-end id="420" type="global" contextid="405" timestamp="2019-08-08T20:24:04.249" />
  <attribute name="elasticGC enabled" value="1" />
  <attribute name= "numThreadsSpecified" value="16" />
  <attribute name="heapSize specified" value="11468800" />
  <attribute name="Current GC Util" value="80" />
  <attribute name= "Current Time Running" value="11667" />
  <attribute name ="GC Interval" value="1889" />
  <attribute name="Target GC Util Change" value ="80.000000" />
  <attribute name="Current GC Util Change" value="80.000000"/>
  <attribute name="Current Error" value="-57.000000" />
  <attribute name="Output H" value="11506608"/>
  <attribute name="Output I" value="1968"/>
  <attribute name="Output T" value="16"/>
  <attribute name= "Current Time Running" value="11667" />
  <attribute name="GC Util currently" value="80" />
  <attribute name="CPU Util currently" value="53338330090" />
<concurrent-collection-end id="421" timestamp="2019-08-08T20:24:04.249" />
<exclusive-end id="422" timestamp="2019-08-08T20:24:04.249" durationms="42.683" />

<concurrent-kickoff id="423" timestamp="2019-08-08T20:24:05.171">
  <kickoff reason="threshold reached" targetBytes="4075664" thresholdFreeBytes="561991"  remainingFree="538576" tenureFreeBytes="864584" nurseryFreeBytes="538576" />
</concurrent-kickoff>
<exclusive-start id="424" timestamp="2019-08-08T20:24:05.171" intervalms="964.706">
  <response-info timems="0.085" idlems="0.085" threads="0" lastid="0000000000C62200" lastname="node-14" />
</exclusive-start>
<cycle-start id="425" type="global" contextid="0" timestamp="2019-08-08T20:24:05.171" intervalms="1236.784" />
<exclusive-end id="426" timestamp="2019-08-08T20:24:05.171" durationms="0.015" />

<exclusive-start id="427" timestamp="2019-08-08T20:24:05.691" intervalms="520.401">
  <response-info timems="0.284" idlems="0.284" threads="0" lastid="0000000000C6D600" lastname="node-19" />
</exclusive-start>
<concurrent-collection-start id="428" timestamp="2019-08-08T20:24:05.691" intervalms="1485.130" >
  <concurrent-trace-info reason="card cleaning threshold reached" tracedByMutators="276128" tracedByHelpers="4410820" cardsCleaned="57" workStackOverflowCount="0" />
</concurrent-collection-start>
<gc-start id="429" type="global" contextid="425" timestamp="2019-08-08T20:24:05.691">
  <mem-info id="430" free="1026328" total="11534336" percent="8">
    <mem type="nursery" free="161744" total="4587520" percent="3">
      <mem type="allocate" free="161744" total="2949120" percent="5" />
      <mem type="survivor" free="0" total="1638400" percent="0" />
    </mem>
    <mem type="tenure" free="864584" total="6946816" percent="12">
      <mem type="soa" free="517448" total="6599680" percent="7" />
      <mem type="loa" free="347136" total="347136" percent="100" />
    </mem>
    <remembered-set count="252" />
  </mem-info>
</gc-start>
<allocation-stats totalBytes="1980488" >
  <allocated-bytes non-tlh="0" tlh="1980488" />
  <largest-consumer threadName="node-9" threadId="0000000000C65E00" bytes="122656" />
</allocation-stats>
<gc-op id="431" type="rs-scan" timems="3.863" contextid="425" timestamp="2019-08-08T20:24:05.695">
  <scan objectsFound="131" bytesTraced="664720" workStackOverflowCount="0" />
</gc-op>
<gc-op id="432" type="card-cleaning" timems="1.711" contextid="425" timestamp="2019-08-08T20:24:05.697">
  <card-cleaning cardsCleaned="34" bytesTraced="36720" workStackOverflowCount="0" />
</gc-op>
<gc-op id="433" type="mark" timems="7.918" contextid="425" timestamp="2019-08-08T20:24:05.705">
  <trace-info objectcount="362" scancount="321" scanbytes="7684" />
  <finalization candidates="13" enqueued="0" />
  <references type="soft" candidates="45" cleared="0" enqueued="0" dynamicThreshold="3" maxThreshold="32" />
  <references type="weak" candidates="130" cleared="0" enqueued="0" />
  <references type="phantom" candidates="33" cleared="0" enqueued="0" />
  <stringconstants candidates="3837" cleared="0"  />
</gc-op>
<gc-op id="434" type="sweep" timems="3.436" contextid="425" timestamp="2019-08-08T20:24:05.709" />
<mem-info id="435" free="3011632" total="11534336" percent="26">
  <mem type="nursery" free="2147048" total="4587520" percent="46">
    <mem type="allocate" free="2147048" total="2949120" percent="72" />
    <mem type="survivor" free="0" total="1638400" percent="0" />
  </mem>
  <mem type="tenure" free="864584" total="6946816" percent="12" micro-fragmented="0" macro-fragmented="13104">
    <mem type="soa" free="517448" total="6599680" percent="7" />
    <mem type="loa" free="347136" total="347136" percent="100" />
  </mem>
  <remembered-set count="252" />
</mem-info>
<gc-op id="436" type="compact" timems="20.644" contextid="425" timestamp="2019-08-08T20:24:05.729">
  <compact-info movecount="12723" movebytes="796752" reason="compact to aid heap contraction" />
</gc-op>
<heap-resize id="437" type="expand" space="tenure" amount="65536" count="1" timems="0.023" reason="satisfy allocation request" timestamp="2019-08-08T20:24:05.730" />
<gc-end id="438" type="global" contextid="425" durationms="38.785" usertimems="30.680" systemtimems="28.835" timestamp="2019-08-08T20:24:05.730" activeThreads="16">
  <mem-info id="439" free="3082488" total="11599872" percent="26">
    <mem type="nursery" free="2152368" total="4587520" percent="46">
      <mem type="allocate" free="2152368" total="2949120" percent="72" />
      <mem type="survivor" free="0" total="1638400" percent="0" />
    </mem>
    <mem type="tenure" free="930120" total="7012352" percent="13">
      <mem type="soa" free="579912" total="6662144" percent="8" />
      <mem type="loa" free="350208" total="350208" percent="100" />
    </mem>
    <remembered-set count="252" />
  </mem-info>
</gc-end>
<cycle-end id="440" type="global" contextid="425" timestamp="2019-08-08T20:24:05.731" />
  <attribute name="elasticGC enabled" value="1" />
  <attribute name= "numThreadsSpecified" value="16" />
  <attribute name="heapSize specified" value="11534336" />
  <attribute name="Current GC Util" value="115" />
  <attribute name= "Current Time Running" value="13148" />
  <attribute name ="GC Interval" value="1889" />
  <attribute name="Target GC Util Change" value ="80.000000" />
  <attribute name="Current GC Util Change" value="115.000000"/>
  <attribute name="Current Error" value="-35.000000" />
  <attribute name="Output H" value="11572160"/>
  <attribute name="Output I" value="1984"/>
  <attribute name="Output T" value="16"/>
  <attribute name= "Current Time Running" value="13148" />
  <attribute name="GC Util currently" value="115" />
  <attribute name="CPU Util currently" value="55753233167" />
<concurrent-collection-end id="441" timestamp="2019-08-08T20:24:05.731" />
<exclusive-end id="442" timestamp="2019-08-08T20:24:05.731" durationms="39.900" />

<concurrent-kickoff id="443" timestamp="2019-08-08T20:24:06.542">
  <kickoff reason="threshold reached" targetBytes="4233615" thresholdFreeBytes="584036"  remainingFree="567216" tenureFreeBytes="930120" nurseryFreeBytes="567216" />
</concurrent-kickoff>
<exclusive-start id="444" timestamp="2019-08-08T20:24:06.542" intervalms="850.937">
  <response-info timems="0.214" idlems="0.214" threads="0" lastid="0000000000C71200" lastname="node-16" />
</exclusive-start>
<cycle-start id="445" type="global" contextid="0" timestamp="2019-08-08T20:24:06.542" intervalms="1371.348" />
<exclusive-end id="446" timestamp="2019-08-08T20:24:06.542" durationms="0.026" />

<exclusive-start id="447" timestamp="2019-08-08T20:24:06.842" intervalms="299.883">
  <response-info timems="1.794" idlems="1.794" threads="0" lastid="0000000000C5E600" lastname="node-2" />
</exclusive-start>
<concurrent-collection-start id="448" timestamp="2019-08-08T20:24:06.842" intervalms="1150.801" >
  <concurrent-trace-info reason="card cleaning threshold reached" tracedByMutators="305660" tracedByHelpers="4383100" cardsCleaned="61" workStackOverflowCount="0" />
</concurrent-collection-start>
<gc-start id="449" type="global" contextid="445" timestamp="2019-08-08T20:24:06.842">
  <mem-info id="450" free="1100024" total="11599872" percent="9">
    <mem type="nursery" free="169904" total="4587520" percent="3">
      <mem type="allocate" free="169904" total="2949120" percent="5" />
      <mem type="survivor" free="0" total="1638400" percent="0" />
    </mem>
    <mem type="tenure" free="930120" total="7012352" percent="13">
      <mem type="soa" free="579912" total="6662144" percent="8" />
      <mem type="loa" free="350208" total="350208" percent="100" />
    </mem>
    <remembered-set count="252" />
  </mem-info>
</gc-start>
<allocation-stats totalBytes="1981088" >
  <allocated-bytes non-tlh="0" tlh="1981088" />
  <largest-consumer threadName="node-19" threadId="0000000000C6D600" bytes="106488" />
</allocation-stats>
<gc-op id="451" type="rs-scan" timems="2.894" contextid="445" timestamp="2019-08-08T20:24:06.845">
  <scan objectsFound="126" bytesTraced="664152" workStackOverflowCount="0" />
</gc-op>
<gc-op id="452" type="card-cleaning" timems="1.319" contextid="445" timestamp="2019-08-08T20:24:06.847">
  <card-cleaning cardsCleaned="40" bytesTraced="39940" workStackOverflowCount="0" />
</gc-op>
<gc-op id="453" type="mark" timems="8.282" contextid="445" timestamp="2019-08-08T20:24:06.855">
  <trace-info objectcount="365" scancount="324" scanbytes="7764" />
  <finalization candidates="13" enqueued="0" />
  <references type="soft" candidates="45" cleared="0" enqueued="0" dynamicThreshold="4" maxThreshold="32" />
  <references type="weak" candidates="130" cleared="0" enqueued="0" />
  <references type="phantom" candidates="33" cleared="0" enqueued="0" />
  <stringconstants candidates="3837" cleared="0"  />
</gc-op>
<gc-op id="454" type="sweep" timems="6.294" contextid="445" timestamp="2019-08-08T20:24:06.861" />
<mem-info id="455" free="3079888" total="11599872" percent="26">
  <mem type="nursery" free="2149768" total="4587520" percent="46">
    <mem type="allocate" free="2149768" total="2949120" percent="72" />
    <mem type="survivor" free="0" total="1638400" percent="0" />
  </mem>
  <mem type="tenure" free="930120" total="7012352" percent="13" micro-fragmented="0" macro-fragmented="704304">
    <mem type="soa" free="579912" total="6662144" percent="8" />
    <mem type="loa" free="350208" total="350208" percent="100" />
  </mem>
  <remembered-set count="252" />
</mem-info>
<gc-op id="456" type="compact" timems="15.349" contextid="445" timestamp="2019-08-08T20:24:06.877">
  <compact-info movecount="12623" movebytes="792184" reason="compact to aid heap contraction" />
</gc-op>
<heap-resize id="457" type="expand" space="tenure" amount="65536" count="1" timems="0.021" reason="satisfy allocation request" timestamp="2019-08-08T20:24:06.878" />
<gc-end id="458" type="global" contextid="445" durationms="35.952" usertimems="27.869" systemtimems="24.983" timestamp="2019-08-08T20:24:06.878" activeThreads="16">
  <mem-info id="459" free="3148408" total="11665408" percent="26">
    <mem type="nursery" free="2152752" total="4587520" percent="46">
      <mem type="allocate" free="2152752" total="2949120" percent="72" />
      <mem type="survivor" free="0" total="1638400" percent="0" />
    </mem>
    <mem type="tenure" free="995656" total="7077888" percent="14">
      <mem type="soa" free="642376" total="6724608" percent="9" />
      <mem type="loa" free="353280" total="353280" percent="100" />
    </mem>
    <remembered-set count="252" />
  </mem-info>
</gc-end>
<cycle-end id="460" type="global" contextid="445" timestamp="2019-08-08T20:24:06.879" />
  <attribute name="elasticGC enabled" value="1" />
  <attribute name= "numThreadsSpecified" value="16" />
  <attribute name="heapSize specified" value="11599872" />
  <attribute name="Current GC Util" value="94" />
  <attribute name= "Current Time Running" value="14296" />
  <attribute name ="GC Interval" value="1889" />
  <attribute name="Target GC Util Change" value ="80.000000" />
  <attribute name="Current GC Util Change" value="94.000000"/>
  <attribute name="Current Error" value="-69.000000" />
  <attribute name="Output H" value="11637680"/>
  <attribute name="Output I" value="1968"/>
  <attribute name="Output T" value="16"/>
  <attribute name= "Current Time Running" value="14296" />
  <attribute name="GC Util currently" value="94" />
  <attribute name="CPU Util currently" value="74940644558" />
<concurrent-collection-end id="461" timestamp="2019-08-08T20:24:06.879" />
<exclusive-end id="462" timestamp="2019-08-08T20:24:06.879" durationms="36.483" />

<concurrent-kickoff id="463" timestamp="2019-08-08T20:24:07.539">
  <kickoff reason="threshold reached" targetBytes="4363000" thresholdFreeBytes="602091"  remainingFree="583984" tenureFreeBytes="995656" nurseryFreeBytes="583984" />
</concurrent-kickoff>
<exclusive-start id="464" timestamp="2019-08-08T20:24:07.539" intervalms="696.815">
  <response-info timems="0.095" idlems="0.095" threads="0" lastid="0000000000C40700" lastname="node-12" />
</exclusive-start>
<cycle-start id="465" type="global" contextid="0" timestamp="2019-08-08T20:24:07.539" intervalms="996.688" />
<exclusive-end id="466" timestamp="2019-08-08T20:24:07.539" durationms="0.015" />

<exclusive-start id="467" timestamp="2019-08-08T20:24:07.618" intervalms="79.360">
  <response-info timems="0.135" idlems="0.071" threads="1" lastid="0000000000C53300" lastname="node-13" />
</exclusive-start>
<concurrent-collection-start id="468" timestamp="2019-08-08T20:24:07.618" intervalms="776.185" >
  <concurrent-trace-info reason="card cleaning threshold reached" tracedByMutators="240120" tracedByHelpers="4447944" cardsCleaned="59" workStackOverflowCount="0" />
</concurrent-collection-start>
<gc-start id="469" type="global" contextid="465" timestamp="2019-08-08T20:24:07.618">
  <mem-info id="470" free="1170040" total="11665408" percent="10">
    <mem type="nursery" free="174384" total="4587520" percent="3">
      <mem type="allocate" free="174384" total="2949120" percent="5" />
      <mem type="survivor" free="0" total="1638400" percent="0" />
    </mem>
    <mem type="tenure" free="995656" total="7077888" percent="14">
      <mem type="soa" free="642376" total="6724608" percent="9" />
      <mem type="loa" free="353280" total="353280" percent="100" />
    </mem>
    <remembered-set count="254" />
  </mem-info>
</gc-start>
<allocation-stats totalBytes="1973176" >
  <allocated-bytes non-tlh="0" tlh="1973176" />
  <largest-consumer threadName="node-8" threadId="0000000000C92D00" bytes="106488" />
</allocation-stats>
<gc-op id="471" type="rs-scan" timems="3.283" contextid="465" timestamp="2019-08-08T20:24:07.622">
  <scan objectsFound="192" bytesTraced="670216" workStackOverflowCount="0" />
</gc-op>
<gc-op id="472" type="card-cleaning" timems="3.609" contextid="465" timestamp="2019-08-08T20:24:07.626">
  <card-cleaning cardsCleaned="0" bytesTraced="3108" workStackOverflowCount="0" />
</gc-op>
<gc-op id="473" type="mark" timems="11.500" contextid="465" timestamp="2019-08-08T20:24:07.637">
  <trace-info objectcount="421" scancount="360" scanbytes="8428" />
  <finalization candidates="13" enqueued="0" />
  <references type="soft" candidates="45" cleared="0" enqueued="0" dynamicThreshold="4" maxThreshold="32" />
  <references type="weak" candidates="130" cleared="0" enqueued="0" />
  <references type="phantom" candidates="33" cleared="0" enqueued="0" />
  <stringconstants candidates="3837" cleared="0"  />
</gc-op>
<gc-op id="474" type="sweep" timems="6.139" contextid="465" timestamp="2019-08-08T20:24:07.643" />
<mem-info id="475" free="3121032" total="11665408" percent="26">
  <mem type="nursery" free="2125376" total="4587520" percent="46">
    <mem type="allocate" free="2125376" total="2949120" percent="72" />
    <mem type="survivor" free="0" total="1638400" percent="0" />
  </mem>
  <mem type="tenure" free="995656" total="7077888" percent="14" micro-fragmented="0" macro-fragmented="951770">
    <mem type="soa" free="642376" total="6724608" percent="9" />
    <mem type="loa" free="353280" total="353280" percent="100" />
  </mem>
  <remembered-set count="254" />
</mem-info>
<gc-op id="476" type="compact" timems="14.416" contextid="465" timestamp="2019-08-08T20:24:07.658">
  <compact-info movecount="11991" movebytes="773544" reason="compact to aid heap contraction" />
</gc-op>
<heap-resize id="477" type="expand" space="tenure" amount="65536" count="1" timems="0.023" reason="satisfy allocation request" timestamp="2019-08-08T20:24:07.658" />
<gc-end id="478" type="global" contextid="465" durationms="39.992" usertimems="22.112" systemtimems="35.142" timestamp="2019-08-08T20:24:07.658" activeThreads="16">
  <mem-info id="479" free="3195728" total="11730944" percent="27">
    <mem type="nursery" free="2134536" total="4587520" percent="46">
      <mem type="allocate" free="2134536" total="2949120" percent="72" />
      <mem type="survivor" free="0" total="1638400" percent="0" />
    </mem>
    <mem type="tenure" free="1061192" total="7143424" percent="14">
      <mem type="soa" free="704840" total="6787072" percent="10" />
      <mem type="loa" free="356352" total="356352" percent="100" />
    </mem>
    <remembered-set count="254" />
  </mem-info>
</gc-end>
<cycle-end id="480" type="global" contextid="465" timestamp="2019-08-08T20:24:07.659" />
  <attribute name="elasticGC enabled" value="1" />
  <attribute name= "numThreadsSpecified" value="16" />
  <attribute name="heapSize specified" value="11665408" />
  <attribute name="Current GC Util" value="121" />
  <attribute name= "Current Time Running" value="15077" />
  <attribute name ="GC Interval" value="1889" />
  <attribute name="Target GC Util Change" value ="80.000000" />
  <attribute name="Current GC Util Change" value="121.000000"/>
  <attribute name="Current Error" value="-70.000000" />
  <attribute name="Output H" value="11703208"/>
  <attribute name="Output I" value="1960"/>
  <attribute name="Output T" value="16"/>
  <attribute name= "Current Time Running" value="15077" />
  <attribute name="GC Util currently" value="121" />
  <attribute name="CPU Util currently" value="79746237403" />
<concurrent-collection-end id="481" timestamp="2019-08-08T20:24:07.659" />
<exclusive-end id="482" timestamp="2019-08-08T20:24:07.659" durationms="40.435" />

<concurrent-kickoff id="483" timestamp="2019-08-08T20:24:08.295">
  <kickoff reason="threshold reached" targetBytes="4467915" thresholdFreeBytes="616493"  remainingFree="602632" tenureFreeBytes="1061192" nurseryFreeBytes="602632" />
</concurrent-kickoff>
<exclusive-start id="484" timestamp="2019-08-08T20:24:08.295" intervalms="676.592">
  <response-info timems="0.311" idlems="0.311" threads="0" lastid="0000000000C74E00" lastname="node-0" />
</exclusive-start>
<cycle-start id="485" type="global" contextid="0" timestamp="2019-08-08T20:24:08.295" intervalms="755.995" />
<exclusive-end id="486" timestamp="2019-08-08T20:24:08.295" durationms="0.062" />

<exclusive-start id="487" timestamp="2019-08-08T20:24:08.771" intervalms="475.952">
  <response-info timems="2.552" idlems="2.552" threads="0" lastid="0000000000C87900" lastname="node-23" />
</exclusive-start>
<concurrent-collection-start id="488" timestamp="2019-08-08T20:24:08.771" intervalms="1152.533" >
  <concurrent-trace-info reason="card cleaning threshold reached" tracedByMutators="343584" tracedByHelpers="4345684" cardsCleaned="59" workStackOverflowCount="0" />
</concurrent-collection-start>
<gc-start id="489" type="global" contextid="485" timestamp="2019-08-08T20:24:08.771">
  <mem-info id="490" free="1065808" total="11730944" percent="9">
    <mem type="nursery" free="4616" total="4587520" percent="0">
      <mem type="allocate" free="4616" total="2949120" percent="0" />
      <mem type="survivor" free="0" total="1638400" percent="0" />
    </mem>
    <mem type="tenure" free="1061192" total="7143424" percent="14">
      <mem type="soa" free="704840" total="6787072" percent="10" />
      <mem type="loa" free="356352" total="356352" percent="100" />
    </mem>
    <remembered-set count="255" />
  </mem-info>
</gc-start>
<allocation-stats totalBytes="2127552" >
  <allocated-bytes non-tlh="0" tlh="2127552" />
  <largest-consumer threadName="node-20" threadId="0000000000C9E100" bytes="122864" />
</allocation-stats>
<gc-op id="491" type="rs-scan" timems="2.577" contextid="485" timestamp="2019-08-08T20:24:08.774">
  <scan objectsFound="131" bytesTraced="663464" workStackOverflowCount="0" />
</gc-op>
<gc-op id="492" type="card-cleaning" timems="2.410" contextid="485" timestamp="2019-08-08T20:24:08.776">
  <card-cleaning cardsCleaned="39" bytesTraced="38256" workStackOverflowCount="0" />
</gc-op>
<gc-op id="493" type="mark" timems="8.781" contextid="485" timestamp="2019-08-08T20:24:08.785">
  <trace-info objectcount="377" scancount="335" scanbytes="7860" />
  <finalization candidates="13" enqueued="0" />
  <references type="soft" candidates="45" cleared="0" enqueued="0" dynamicThreshold="4" maxThreshold="32" />
  <references type="weak" candidates="130" cleared="0" enqueued="0" />
  <references type="phantom" candidates="33" cleared="0" enqueued="0" />
  <stringconstants candidates="3837" cleared="0"  />
</gc-op>
<gc-op id="494" type="sweep" timems="4.054" contextid="485" timestamp="2019-08-08T20:24:08.789" />
<mem-info id="495" free="3205264" total="11730944" percent="27">
  <mem type="nursery" free="2144072" total="4587520" percent="46">
    <mem type="allocate" free="2144072" total="2949120" percent="72" />
    <mem type="survivor" free="0" total="1638400" percent="0" />
  </mem>
  <mem type="tenure" free="1061192" total="7143424" percent="14" micro-fragmented="0" macro-fragmented="851290">
    <mem type="soa" free="704840" total="6787072" percent="10" />
    <mem type="loa" free="356352" total="356352" percent="100" />
  </mem>
  <remembered-set count="255" />
</mem-info>
<gc-op id="496" type="compact" timems="14.950" contextid="485" timestamp="2019-08-08T20:24:08.804">
  <compact-info movecount="8068" movebytes="441096" reason="compact to aid heap contraction" />
</gc-op>
<heap-resize id="497" type="expand" space="tenure" amount="65536" count="1" timems="0.027" reason="satisfy allocation request" timestamp="2019-08-08T20:24:08.809" />
<gc-end id="498" type="global" contextid="485" durationms="38.424" usertimems="24.016" systemtimems="42.053" timestamp="2019-08-08T20:24:08.809" activeThreads="16">
  <mem-info id="499" free="3277224" total="11796480" percent="27">
    <mem type="nursery" free="2150496" total="4587520" percent="46">
      <mem type="allocate" free="2150496" total="2949120" percent="72" />
      <mem type="survivor" free="0" total="1638400" percent="0" />
    </mem>
    <mem type="tenure" free="1126728" total="7208960" percent="15">
      <mem type="soa" free="766280" total="6848512" percent="11" />
      <mem type="loa" free="360448" total="360448" percent="100" />
    </mem>
    <remembered-set count="255" />
  </mem-info>
</gc-end>
<cycle-end id="500" type="global" contextid="485" timestamp="2019-08-08T20:24:08.809" />
  <attribute name="elasticGC enabled" value="1" />
  <attribute name= "numThreadsSpecified" value="16" />
  <attribute name="heapSize specified" value="11730944" />
  <attribute name="Current GC Util" value="109" />
  <attribute name= "Current Time Running" value="16223" />
  <attribute name ="GC Interval" value="1889" />
  <attribute name="Target GC Util Change" value ="80.000000" />
  <attribute name="Current GC Util Change" value="109.000000"/>
  <attribute name="Current Error" value="-209.000000" />
  <attribute name="Output H" value="11768664"/>
  <attribute name="Output I" value="1880"/>
  <attribute name="Output T" value="16"/>
  <attribute name= "Current Time Running" value="16223" />
  <attribute name="GC Util currently" value="109" />
  <attribute name="CPU Util currently" value="76499579982" />
<concurrent-collection-end id="501" timestamp="2019-08-08T20:24:08.810" />
<exclusive-end id="502" timestamp="2019-08-08T20:24:08.810" durationms="38.613" />

<concurrent-kickoff id="503" timestamp="2019-08-08T20:24:09.429">
  <kickoff reason="threshold reached" targetBytes="4553219" thresholdFreeBytes="628478"  remainingFree="610400" tenureFreeBytes="1126728" nurseryFreeBytes="610400" />
</concurrent-kickoff>
<exclusive-start id="504" timestamp="2019-08-08T20:24:09.430" intervalms="658.796">
  <response-info timems="0.660" idlems="0.660" threads="0" lastid="0000000000C47F00" lastname="node-6" />
</exclusive-start>
<cycle-start id="505" type="global" contextid="0" timestamp="2019-08-08T20:24:09.430" intervalms="1134.882" />
<exclusive-end id="506" timestamp="2019-08-08T20:24:09.430" durationms="0.308" />

<exclusive-start id="507" timestamp="2019-08-08T20:24:09.506" intervalms="76.559">
  <response-info timems="0.032" idlems="0.032" threads="0" lastid="0000000000C65E00" lastname="node-9" />
</exclusive-start>
<concurrent-collection-start id="508" timestamp="2019-08-08T20:24:09.506" intervalms="735.380" >
  <concurrent-trace-info reason="card cleaning threshold reached" tracedByMutators="153584" tracedByHelpers="4535860" cardsCleaned="60" workStackOverflowCount="0" />
</concurrent-collection-start>
<gc-start id="509" type="global" contextid="505" timestamp="2019-08-08T20:24:09.506">
  <mem-info id="510" free="1327528" total="11796480" percent="11">
    <mem type="nursery" free="200800" total="4587520" percent="4">
      <mem type="allocate" free="200800" total="2949120" percent="6" />
      <mem type="survivor" free="0" total="1638400" percent="0" />
    </mem>
    <mem type="tenure" free="1126728" total="7208960" percent="15">
      <mem type="soa" free="766280" total="6848512" percent="11" />
      <mem type="loa" free="360448" total="360448" percent="100" />
    </mem>
    <remembered-set count="257" />
  </mem-info>
</gc-start>
<allocation-stats totalBytes="1946744" >
  <allocated-bytes non-tlh="0" tlh="1946744" />
  <largest-consumer threadName="node-9" threadId="0000000000C65E00" bytes="106472" />
</allocation-stats>
<gc-op id="511" type="rs-scan" timems="3.549" contextid="505" timestamp="2019-08-08T20:24:09.510">
  <scan objectsFound="167" bytesTraced="666584" workStackOverflowCount="0" />
</gc-op>
<gc-op id="512" type="card-cleaning" timems="1.699" contextid="505" timestamp="2019-08-08T20:24:09.512">
  <card-cleaning cardsCleaned="10" bytesTraced="9060" workStackOverflowCount="0" />
</gc-op>
<gc-op id="513" type="mark" timems="8.934" contextid="505" timestamp="2019-08-08T20:24:09.521">
  <trace-info objectcount="374" scancount="331" scanbytes="7772" />
  <finalization candidates="13" enqueued="0" />
  <references type="soft" candidates="45" cleared="0" enqueued="0" dynamicThreshold="5" maxThreshold="32" />
  <references type="weak" candidates="130" cleared="0" enqueued="0" />
  <references type="phantom" candidates="33" cleared="0" enqueued="0" />
  <stringconstants candidates="3837" cleared="0"  />
</gc-op>
<gc-op id="514" type="sweep" timems="6.953" contextid="505" timestamp="2019-08-08T20:24:09.528" />
<mem-info id="515" free="3259168" total="11796480" percent="27">
  <mem type="nursery" free="2132440" total="4587520" percent="46">
    <mem type="allocate" free="2132440" total="2949120" percent="72" />
    <mem type="survivor" free="0" total="1638400" percent="0" />
  </mem>
  <mem type="tenure" free="1126728" total="7208960" percent="15" micro-fragmented="0" macro-fragmented="925361">
    <mem type="soa" free="766280" total="6848512" percent="11" />
    <mem type="loa" free="360448" total="360448" percent="100" />
  </mem>
  <remembered-set count="257" />
</mem-info>
<gc-op id="516" type="compact" timems="15.803" contextid="505" timestamp="2019-08-08T20:24:09.544">
  <compact-info movecount="8057" movebytes="440800" reason="compact to aid heap contraction" />
</gc-op>
<heap-resize id="517" type="expand" space="tenure" amount="65536" count="1" timems="0.019" reason="satisfy allocation request" timestamp="2019-08-08T20:24:09.544" />
<gc-end id="518" type="global" contextid="505" durationms="37.835" usertimems="26.253" systemtimems="31.211" timestamp="2019-08-08T20:24:09.544" activeThreads="16">
  <mem-info id="519" free="3343056" total="11862016" percent="28">
    <mem type="nursery" free="2150792" total="4587520" percent="46">
      <mem type="allocate" free="2150792" total="2949120" percent="72" />
      <mem type="survivor" free="0" total="1638400" percent="0" />
    </mem>
    <mem type="tenure" free="1192264" total="7274496" percent="16">
      <mem type="soa" free="828744" total="6910976" percent="11" />
      <mem type="loa" free="363520" total="363520" percent="100" />
    </mem>
    <remembered-set count="257" />
  </mem-info>
</gc-end>
<cycle-end id="520" type="global" contextid="505" timestamp="2019-08-08T20:24:09.544" />
  <attribute name="elasticGC enabled" value="1" />
  <attribute name= "numThreadsSpecified" value="16" />
  <attribute name="heapSize specified" value="11796480" />
  <attribute name="Current GC Util" value="98" />
  <attribute name= "Current Time Running" value="16963" />
  <attribute name ="GC Interval" value="1889" />
  <attribute name="Target GC Util Change" value ="80.000000" />
  <attribute name="Current GC Util Change" value="98.000000"/>
  <attribute name="Current Error" value="-99.000000" />
  <attribute name="Output H" value="11834264"/>
  <attribute name="Output I" value="1944"/>
  <attribute name="Output T" value="16"/>
  <attribute name= "Current Time Running" value="16963" />
  <attribute name="GC Util currently" value="98" />
  <attribute name="CPU Util currently" value="72871702581" />
<concurrent-collection-end id="521" timestamp="2019-08-08T20:24:09.544" />
<exclusive-end id="522" timestamp="2019-08-08T20:24:09.544" durationms="38.150" />

<concurrent-kickoff id="523" timestamp="2019-08-08T20:24:09.970">
  <kickoff reason="threshold reached" targetBytes="4622063" thresholdFreeBytes="638136"  remainingFree="631176" tenureFreeBytes="1192264" nurseryFreeBytes="631176" />
</concurrent-kickoff>
<exclusive-start id="524" timestamp="2019-08-08T20:24:09.970" intervalms="463.992">
  <response-info timems="0.033" idlems="0.019" threads="1" lastid="0000000000C4BB00" lastname="node-25" />
</exclusive-start>
<cycle-start id="525" type="global" contextid="0" timestamp="2019-08-08T20:24:09.970" intervalms="540.386" />
<exclusive-end id="526" timestamp="2019-08-08T20:24:09.970" durationms="0.030" />

<exclusive-start id="527" timestamp="2019-08-08T20:24:10.321" intervalms="350.842">
  <response-info timems="0.024" idlems="0.024" threads="0" lastid="0000000000C69A00" lastname="node-11" />
</exclusive-start>
<concurrent-collection-start id="528" timestamp="2019-08-08T20:24:10.321" intervalms="814.797" >
  <concurrent-trace-info reason="card cleaning threshold reached" tracedByMutators="569344" tracedByHelpers="4160236" cardsCleaned="117" workStackOverflowCount="0" />
</concurrent-collection-start>
<gc-start id="529" type="global" contextid="525" timestamp="2019-08-08T20:24:10.321">
  <mem-info id="530" free="1192264" total="11862016" percent="10">
    <mem type="nursery" free="0" total="4587520" percent="0">
      <mem type="allocate" free="0" total="2949120" percent="0" />
      <mem type="survivor" free="0" total="1638400" percent="0" />
    </mem>
    <mem type="tenure" free="1192264" total="7274496" percent="16">
      <mem type="soa" free="828744" total="6910976" percent="11" />
      <mem type="loa" free="363520" total="363520" percent="100" />
    </mem>
    <remembered-set count="259" />
  </mem-info>
</gc-start>
<allocation-stats totalBytes="2148560" >
  <allocated-bytes non-tlh="0" tlh="2148560" />
  <largest-consumer threadName="node-12" threadId="0000000000C40700" bytes="122856" />
</allocation-stats>
<heap-resize id="531" type="loa contract" space="tenure" amount="72704" count="1" timems="0.000" reason="contract underutilized loa" timestamp="2019-08-08T20:24:10.321" />
<gc-op id="532" type="rs-scan" timems="5.079" contextid="525" timestamp="2019-08-08T20:24:10.326">
  <scan objectsFound="190" bytesTraced="668232" workStackOverflowCount="0" />
</gc-op>
<gc-op id="533" type="card-cleaning" timems="1.057" contextid="525" timestamp="2019-08-08T20:24:10.327">
  <card-cleaning cardsCleaned="8" bytesTraced="6880" workStackOverflowCount="0" />
</gc-op>
<gc-op id="534" type="mark" timems="10.024" contextid="525" timestamp="2019-08-08T20:24:10.337">
  <trace-info objectcount="360" scancount="319" scanbytes="7644" />
  <finalization candidates="13" enqueued="0" />
  <references type="soft" candidates="45" cleared="0" enqueued="0" dynamicThreshold="5" maxThreshold="32" />
  <references type="weak" candidates="130" cleared="0" enqueued="0" />
  <references type="phantom" candidates="33" cleared="0" enqueued="0" />
  <stringconstants candidates="3837" cleared="0"  />
</gc-op>
<gc-op id="535" type="sweep" timems="3.677" contextid="525" timestamp="2019-08-08T20:24:10.341" />
<mem-info id="536" free="3328344" total="11862016" percent="28">
  <mem type="nursery" free="2136080" total="4587520" percent="46">
    <mem type="allocate" free="2136080" total="2949120" percent="72" />
    <mem type="survivor" free="0" total="1638400" percent="0" />
  </mem>
  <mem type="tenure" free="1192264" total="7274496" percent="16" micro-fragmented="0" macro-fragmented="0">
    <mem type="soa" free="901448" total="6983680" percent="12" />
    <mem type="loa" free="290816" total="290816" percent="100" />
  </mem>
  <remembered-set count="259" />
</mem-info>
<gc-op id="537" type="compact" timems="20.263" contextid="525" timestamp="2019-08-08T20:24:10.362">
  <compact-info movecount="8038" movebytes="440048" reason="compact to aid heap contraction" />
</gc-op>
<heap-resize id="538" type="expand" space="tenure" amount="65536" count="1" timems="0.026" reason="satisfy allocation request" timestamp="2019-08-08T20:24:10.364" />
<heap-resize id="539" type="loa contract" space="tenure" amount="220160" count="1" timems="0.000" reason="contract to meet minimum soa" timestamp="2019-08-08T20:24:10.364" />
<gc-end id="540" type="global" contextid="525" durationms="42.840" usertimems="28.543" systemtimems="39.241" timestamp="2019-08-08T20:24:10.364" activeThreads="16">
  <mem-info id="541" free="3409344" total="11927552" percent="28">
    <mem type="nursery" free="2151544" total="4587520" percent="46">
      <mem type="allocate" free="2151544" total="2949120" percent="72" />
      <mem type="survivor" free="0" total="1638400" percent="0" />
    </mem>
    <mem type="tenure" free="1257800" total="7340032" percent="17">
      <mem type="soa" free="1185096" total="7267328" percent="16" />
      <mem type="loa" free="72704" total="72704" percent="100" />
    </mem>
    <remembered-set count="259" />
  </mem-info>
</gc-end>
<cycle-end id="542" type="global" contextid="525" timestamp="2019-08-08T20:24:10.364" />
  <attribute name="elasticGC enabled" value="1" />
  <attribute name= "numThreadsSpecified" value="16" />
  <attribute name="heapSize specified" value="11862016" />
  <attribute name="Current GC Util" value="108" />
  <attribute name= "Current Time Running" value="17781" />
  <attribute name ="GC Interval" value="1889" />
  <attribute name="Target GC Util Change" value ="80.000000" />
  <attribute name="Current GC Util Change" value="108.000000"/>
  <attribute name="Current Error" value="-54.000000" />
  <attribute name="Output H" value="11899832"/>
  <attribute name="Output I" value="1976"/>
  <attribute name="Output T" value="16"/>
  <attribute name= "Current Time Running" value="17781" />
  <attribute name="GC Util currently" value="108" />
  <attribute name="CPU Util currently" value="56203274959" />
<concurrent-collection-end id="543" timestamp="2019-08-08T20:24:10.364" />
<exclusive-end id="544" timestamp="2019-08-08T20:24:10.364" durationms="43.183" />

<exclusive-start id="545" timestamp="2019-08-08T20:24:11.203" intervalms="882.061">
  <response-info timems="0.036" idlems="0.036" threads="0" lastid="0000000000C71200" lastname="node-16" />
</exclusive-start>
<af-start id="546" threadId="0000000000C71B88" totalBytesRequested="48" timestamp="2019-08-08T20:24:11.203" intervalms="8154.270" type="nursery" />
<cycle-start id="547" type="scavenge" contextid="0" timestamp="2019-08-08T20:24:11.203" intervalms="8154.246" />
<gc-start id="548" type="scavenge" contextid="547" timestamp="2019-08-08T20:24:11.203">
  <mem-info id="549" free="1257800" total="11927552" percent="10">
    <mem type="nursery" free="0" total="4587520" percent="0">
      <mem type="allocate" free="0" total="2949120" percent="0" />
      <mem type="survivor" free="0" total="1638400" percent="0" />
    </mem>
    <mem type="tenure" free="1257800" total="7340032" percent="17">
      <mem type="soa" free="1185096" total="7267328" percent="16" />
      <mem type="loa" free="72704" total="72704" percent="100" />
    </mem>
    <remembered-set count="260" />
  </mem-info>
</gc-start>
<allocation-stats totalBytes="2149024" >
  <allocated-bytes non-tlh="0" tlh="2149024" />
  <largest-consumer threadName="node-8" threadId="0000000000C92D00" bytes="106472" />
</allocation-stats>
<gc-op id="550" type="scavenge" timems="3.368" contextid="547" timestamp="2019-08-08T20:24:11.207">
  <scavenger-info tenureage="1" tenuremask="7ffe" tiltratio="64" />
  <memory-copied type="nursery" objects="131" bytes="4352" bytesdiscarded="195328" />
  <memory-copied type="tenure" objects="12487" bytes="791600" bytesdiscarded="960" />
</gc-op>
<gc-end id="551" type="scavenge" contextid="547" durationms="4.272" usertimems="5.515" systemtimems="2.303" timestamp="2019-08-08T20:24:11.208" activeThreads="16">
  <mem-info id="552" free="3142392" total="11927552" percent="26">
    <mem type="nursery" free="2880512" total="4587520" percent="62">
      <mem type="allocate" free="2880512" total="3080192" percent="93" />
      <mem type="survivor" free="0" total="1507328" percent="0" />
    </mem>
    <mem type="tenure" free="261880" total="7340032" percent="3" macro-fragmented="215209">
      <mem type="soa" free="189176" total="7267328" percent="2" />
      <mem type="loa" free="72704" total="72704" percent="100" />
    </mem>
    <remembered-set count="312" />
  </mem-info>
</gc-end>
<cycle-end id="553" type="scavenge" contextid="547" timestamp="2019-08-08T20:24:11.208" />
  <attribute name="elasticGC enabled" value="1" />
  <attribute name= "numThreadsSpecified" value="16" />
  <attribute name="heapSize specified" value="11862016" />
  <attribute name="Current GC Util" value="2" />
  <attribute name= "Current Time Running" value="18623" />
  <attribute name ="GC Interval" value="2049" />
  <attribute name="Target GC Util Change" value ="80.000000" />
  <attribute name="Current GC Util Change" value="2.000000"/>
  <attribute name="Current Error" value="78.000000" />
  <attribute name="Output H" value="11965440"/>
  <attribute name="Output I" value="2048"/>
  <attribute name="Output T" value="16"/>
  <attribute name= "Current Time Running" value="18623" />
  <attribute name="GC Util currently" value="2" />
  <attribute name="CPU Util currently" value="11" />
<allocation-satisfied id="554" threadId="0000000000C71200" bytesRequested="48" />
<af-end id="555" timestamp="2019-08-08T20:24:11.209" threadId="0000000000C71B88" success="true" from="nursery"/>
<exclusive-end id="556" timestamp="2019-08-08T20:24:11.209" durationms="5.346" />

<concurrent-kickoff id="557" timestamp="2019-08-08T20:24:12.347">
  <kickoff reason="threshold reached" targetBytes="4688195" thresholdFreeBytes="646675"  remainingFree="627664" tenureFreeBytes="261880" nurseryFreeBytes="627664" />
</concurrent-kickoff>
<exclusive-start id="558" timestamp="2019-08-08T20:24:12.348" intervalms="1144.994">
  <response-info timems="1.052" idlems="1.052" threads="0" lastid="0000000000C6D600" lastname="node-19" />
</exclusive-start>
<cycle-start id="559" type="global" contextid="0" timestamp="2019-08-08T20:24:12.348" intervalms="2377.904" />
<exclusive-end id="560" timestamp="2019-08-08T20:24:12.348" durationms="0.046" />

<exclusive-start id="561" timestamp="2019-08-08T20:24:12.490" intervalms="142.272">
  <response-info timems="0.033" idlems="0.033" threads="0" lastid="0000000000C92D00" lastname="node-8" />
</exclusive-start>
<concurrent-collection-start id="562" timestamp="2019-08-08T20:24:12.491" intervalms="2169.387" >
  <concurrent-trace-info reason="card cleaning threshold reached" tracedByMutators="1661616" tracedByHelpers="3659092" cardsCleaned="107" workStackOverflowCount="0" />
</concurrent-collection-start>
<gc-start id="563" type="global" contextid="559" timestamp="2019-08-08T20:24:12.491">
  <mem-info id="564" free="393928" total="11927552" percent="3">
    <mem type="nursery" free="132048" total="4587520" percent="2">
      <mem type="allocate" free="132048" total="3080192" percent="4" />
      <mem type="survivor" free="0" total="1507328" percent="0" />
    </mem>
    <mem type="tenure" free="261880" total="7340032" percent="3">
      <mem type="soa" free="189176" total="7267328" percent="2" />
      <mem type="loa" free="72704" total="72704" percent="100" />
    </mem>
    <remembered-set count="420" />
  </mem-info>
</gc-start>
<allocation-stats totalBytes="2744800" >
  <allocated-bytes non-tlh="48" tlh="2744752" />
  <largest-consumer threadName="node-8" threadId="0000000000C92D00" bytes="143104" />
</allocation-stats>
<gc-op id="565" type="rs-scan" timems="4.554" contextid="559" timestamp="2019-08-08T20:24:12.495">
  <scan objectsFound="90" bytesTraced="7472" workStackOverflowCount="0" />
</gc-op>
<gc-op id="566" type="card-cleaning" timems="1.375" contextid="559" timestamp="2019-08-08T20:24:12.497">
  <card-cleaning cardsCleaned="104" bytesTraced="105720" workStackOverflowCount="0" />
</gc-op>
<gc-op id="567" type="mark" timems="9.662" contextid="559" timestamp="2019-08-08T20:24:12.506">
  <trace-info objectcount="269" scancount="228" scanbytes="5948" />
  <finalization candidates="13" enqueued="0" />
  <references type="soft" candidates="45" cleared="0" enqueued="0" dynamicThreshold="5" maxThreshold="32" />
  <references type="weak" candidates="130" cleared="0" enqueued="0" />
  <references type="phantom" candidates="33" cleared="0" enqueued="0" />
  <stringconstants candidates="3837" cleared="0"  />
</gc-op>
<gc-op id="568" type="sweep" timems="3.763" contextid="559" timestamp="2019-08-08T20:24:12.510" />
<mem-info id="569" free="3535376" total="11927552" percent="29">
  <mem type="nursery" free="3070240" total="4587520" percent="66">
    <mem type="allocate" free="3070240" total="3080192" percent="99" />
    <mem type="survivor" free="0" total="1507328" percent="0" />
  </mem>
  <mem type="tenure" free="465136" total="7340032" percent="6" micro-fragmented="1537" macro-fragmented="0">
    <mem type="soa" free="392432" total="7267328" percent="5" />
    <mem type="loa" free="72704" total="72704" percent="100" />
  </mem>
  <remembered-set count="396" />
</mem-info>
<gc-op id="570" type="compact" timems="23.824" contextid="559" timestamp="2019-08-08T20:24:12.534">
  <compact-info movecount="12552" movebytes="780992" reason="compact to aid heap contraction" />
</gc-op>
<heap-resize id="571" type="expand" space="tenure" amount="65536" count="1" timems="0.025" reason="satisfy allocation request" timestamp="2019-08-08T20:24:12.536" />
<gc-end id="572" type="global" contextid="559" durationms="45.320" usertimems="25.802" systemtimems="39.305" timestamp="2019-08-08T20:24:12.536" activeThreads="16">
  <mem-info id="573" free="3607128" total="11993088" percent="30">
    <mem type="nursery" free="3074896" total="4587520" percent="67">
      <mem type="allocate" free="3074896" total="3080192" percent="99" />
      <mem type="survivor" free="0" total="1507328" percent="0" />
    </mem>
    <mem type="tenure" free="532232" total="7405568" percent="7">
      <mem type="soa" free="458504" total="7331840" percent="6" />
      <mem type="loa" free="73728" total="73728" percent="100" />
    </mem>
    <remembered-set count="396" />
  </mem-info>
</gc-end>
<cycle-end id="574" type="global" contextid="559" timestamp="2019-08-08T20:24:12.536" />
  <attribute name="elasticGC enabled" value="1" />
  <attribute name= "numThreadsSpecified" value="16" />
  <attribute name="heapSize specified" value="11927552" />
  <attribute name="Current GC Util" value="55" />
  <attribute name= "Current Time Running" value="19953" />
  <attribute name ="GC Interval" value="2049" />
  <attribute name="Target GC Util Change" value ="80.000000" />
  <attribute name="Current GC Util Change" value="55.000000"/>
  <attribute name="Current Error" value="-40.000000" />
  <attribute name="Output H" value="11965376"/>
  <attribute name="Output I" value="1984"/>
  <attribute name="Output T" value="16"/>
  <attribute name= "Current Time Running" value="19953" />
  <attribute name="GC Util currently" value="55" />
  <attribute name="CPU Util currently" value="48272228378" />
<concurrent-collection-end id="575" timestamp="2019-08-08T20:24:12.536" />
<exclusive-end id="576" timestamp="2019-08-08T20:24:12.536" durationms="45.537" />

<concurrent-kickoff id="577" timestamp="2019-08-08T20:24:13.630">
  <kickoff reason="threshold reached" targetBytes="4856486" thresholdFreeBytes="669997"  remainingFree="658256" tenureFreeBytes="532232" nurseryFreeBytes="658256" />
</concurrent-kickoff>
<exclusive-start id="578" timestamp="2019-08-08T20:24:13.631" intervalms="1140.402">
  <response-info timems="1.067" idlems="0.536" threads="1" lastid="0000000000C9E100" lastname="node-20" />
</exclusive-start>
<cycle-start id="579" type="global" contextid="0" timestamp="2019-08-08T20:24:13.631" intervalms="1282.666" />
<exclusive-end id="580" timestamp="2019-08-08T20:24:13.631" durationms="0.028" />

<exclusive-start id="581" timestamp="2019-08-08T20:24:13.908" intervalms="277.631">
  <response-info timems="0.371" idlems="0.371" threads="0" lastid="0000000000C71200" lastname="node-16" />
</exclusive-start>
<af-start id="582" threadId="0000000000C71B88" totalBytesRequested="24" timestamp="2019-08-08T20:24:13.909" intervalms="2705.166" type="nursery" />
<cycle-start id="583" type="scavenge" contextid="0" timestamp="2019-08-08T20:24:13.909" intervalms="2705.156" />
<gc-start id="584" type="scavenge" contextid="583" timestamp="2019-08-08T20:24:13.909">
  <mem-info id="585" free="532232" total="11993088" percent="4">
    <mem type="nursery" free="0" total="4587520" percent="0">
      <mem type="allocate" free="0" total="3080192" percent="0" />
      <mem type="survivor" free="0" total="1507328" percent="0" />
    </mem>
    <mem type="tenure" free="532232" total="7405568" percent="7">
      <mem type="soa" free="458504" total="7331840" percent="6" />
      <mem type="loa" free="73728" total="73728" percent="100" />
    </mem>
    <remembered-set count="421" />
  </mem-info>
</gc-start>
<allocation-stats totalBytes="3069824" >
  <allocated-bytes non-tlh="0" tlh="3069824" />
  <largest-consumer threadName="node-9" threadId="0000000000C65E00" bytes="143352" />
</allocation-stats>
<gc-op id="586" type="scavenge" timems="1.375" contextid="583" timestamp="2019-08-08T20:24:13.910">
  <scavenger-info tenureage="2" tenuremask="7ffc" tiltratio="67" />
  <memory-copied type="nursery" objects="2130" bytes="52832" bytesdiscarded="76192" />
</gc-op>
<gc-end id="587" type="scavenge" contextid="583" durationms="1.653" usertimems="0.719" systemtimems="3.041" timestamp="2019-08-08T20:24:13.910" activeThreads="16">
  <mem-info id="588" free="3745544" total="11993088" percent="31">
    <mem type="nursery" free="3213312" total="4587520" percent="70">
      <mem type="allocate" free="3213312" total="3342336" percent="96" />
      <mem type="survivor" free="0" total="1245184" percent="0" />
    </mem>
    <mem type="tenure" free="532232" total="7405568" percent="7" macro-fragmented="418667">
      <mem type="soa" free="458504" total="7331840" percent="6" />
      <mem type="loa" free="73728" total="73728" percent="100" />
    </mem>
    <remembered-set count="354" />
  </mem-info>
</gc-end>
<cycle-end id="589" type="scavenge" contextid="583" timestamp="2019-08-08T20:24:13.910" />
  <attribute name="elasticGC enabled" value="1" />
  <attribute name= "numThreadsSpecified" value="16" />
  <attribute name="heapSize specified" value="11927552" />
  <attribute name="Current GC Util" value="1" />
  <attribute name= "Current Time Running" value="21328" />
  <attribute name ="GC Interval" value="2025" />
  <attribute name="Target GC Util Change" value ="80.000000" />
  <attribute name="Current GC Util Change" value="1.000000"/>
  <attribute name="Current Error" value="39.000000" />
  <attribute name="Output H" value="12030952"/>
  <attribute name="Output I" value="2024"/>
  <attribute name="Output T" value="16"/>
  <attribute name= "Current Time Running" value="21328" />
  <attribute name="GC Util currently" value="1" />
  <attribute name="CPU Util currently" value="13" />
<allocation-satisfied id="590" threadId="0000000000C71200" bytesRequested="24" />
<af-end id="591" timestamp="2019-08-08T20:24:13.910" threadId="0000000000C71B88" success="true" from="nursery"/>
<exclusive-end id="592" timestamp="2019-08-08T20:24:13.910" durationms="1.941" />

<exclusive-start id="593" timestamp="2019-08-08T20:24:13.911" intervalms="2.589">
  <response-info timems="0.209" idlems="0.209" threads="0" lastid="0000000000C78A00" lastname="node-1" />
</exclusive-start>
<concurrent-collection-start id="594" timestamp="2019-08-08T20:24:13.911" intervalms="1420.549" >
  <concurrent-trace-info reason="card cleaning threshold reached" tracedByMutators="847276" tracedByHelpers="4584956" cardsCleaned="175" workStackOverflowCount="0" />
</concurrent-collection-start>
<gc-start id="595" type="global" contextid="579" timestamp="2019-08-08T20:24:13.911">
  <mem-info id="596" free="3684080" total="11993088" percent="30">
    <mem type="nursery" free="3151848" total="4587520" percent="68">
      <mem type="allocate" free="3151848" total="3342336" percent="94" />
      <mem type="survivor" free="0" total="1245184" percent="0" />
    </mem>
    <mem type="tenure" free="532232" total="7405568" percent="7">
      <mem type="soa" free="458504" total="7331840" percent="6" />
      <mem type="loa" free="73728" total="73728" percent="100" />
    </mem>
    <remembered-set count="357" />
  </mem-info>
</gc-start>
<allocation-stats totalBytes="61464" >
  <allocated-bytes non-tlh="24" tlh="61440" />
  <largest-consumer threadName="node-16" threadId="0000000000C71200" bytes="20504" />
</allocation-stats>
<gc-op id="597" type="rs-scan" timems="1.468" contextid="579" timestamp="2019-08-08T20:24:13.913">
  <scan objectsFound="236" bytesTraced="13728" workStackOverflowCount="0" />
</gc-op>
<gc-op id="598" type="card-cleaning" timems="4.238" contextid="579" timestamp="2019-08-08T20:24:13.917">
  <card-cleaning cardsCleaned="8" bytesTraced="49100" workStackOverflowCount="0" />
</gc-op>
<gc-op id="599" type="mark" timems="9.440" contextid="579" timestamp="2019-08-08T20:24:13.926">
  <trace-info objectcount="282" scancount="241" scanbytes="6252" />
  <finalization candidates="13" enqueued="0" />
  <references type="soft" candidates="45" cleared="0" enqueued="0" dynamicThreshold="2" maxThreshold="32" />
  <references type="weak" candidates="130" cleared="0" enqueued="0" />
  <references type="phantom" candidates="33" cleared="0" enqueued="0" />
  <stringconstants candidates="3837" cleared="0"  />
</gc-op>
<gc-op id="600" type="sweep" timems="7.139" contextid="579" timestamp="2019-08-08T20:24:13.934" />
<mem-info id="601" free="3869304" total="11993088" percent="32">
  <mem type="nursery" free="3337072" total="4587520" percent="72">
    <mem type="allocate" free="3337072" total="3342336" percent="99" />
    <mem type="survivor" free="0" total="1245184" percent="0" />
  </mem>
  <mem type="tenure" free="532232" total="7405568" percent="7" micro-fragmented="768" macro-fragmented="418667">
    <mem type="soa" free="458504" total="7331840" percent="6" />
    <mem type="loa" free="73728" total="73728" percent="100" />
  </mem>
  <remembered-set count="332" />
</mem-info>
<gc-op id="602" type="compact" timems="19.795" contextid="579" timestamp="2019-08-08T20:24:13.953">
  <compact-info movecount="3992" movebytes="113520" reason="compact to aid heap contraction" />
</gc-op>
<heap-resize id="603" type="expand" space="tenure" amount="65536" count="1" timems="0.021" reason="satisfy allocation request" timestamp="2019-08-08T20:24:13.954" />
<gc-end id="604" type="global" contextid="579" durationms="43.206" usertimems="20.091" systemtimems="35.087" timestamp="2019-08-08T20:24:13.954" activeThreads="8">
  <mem-info id="605" free="3935488" total="12058624" percent="32">
    <mem type="nursery" free="3337120" total="4587520" percent="72">
      <mem type="allocate" free="3337120" total="3342336" percent="99" />
      <mem type="survivor" free="0" total="1245184" percent="0" />
    </mem>
    <mem type="tenure" free="598368" total="7471104" percent="8">
      <mem type="soa" free="524640" total="7397376" percent="7" />
      <mem type="loa" free="73728" total="73728" percent="100" />
    </mem>
    <remembered-set count="332" />
  </mem-info>
</gc-end>
<cycle-end id="606" type="global" contextid="579" timestamp="2019-08-08T20:24:13.954" />
  <attribute name="elasticGC enabled" value="1" />
  <attribute name= "numThreadsSpecified" value="8" />
  <attribute name="heapSize specified" value="11993088" />
  <attribute name="Current GC Util" value="54" />
  <attribute name= "Current Time Running" value="21373" />
  <attribute name ="GC Interval" value="2025" />
  <attribute name="Target GC Util Change" value ="80.000000" />
  <attribute name="Current GC Util Change" value="54.000000"/>
  <attribute name="Current Error" value="-13.000000" />
  <attribute name="Output H" value="12030928"/>
  <attribute name="Output I" value="2000"/>
  <attribute name="Output T" value="8"/>
  <attribute name= "Current Time Running" value="21373" />
  <attribute name="GC Util currently" value="54" />
  <attribute name="CPU Util currently" value="58162963257" />
<concurrent-collection-end id="607" timestamp="2019-08-08T20:24:13.954" />
<exclusive-end id="608" timestamp="2019-08-08T20:24:13.954" durationms="43.333" />

<concurrent-kickoff id="609" timestamp="2019-08-08T20:24:15.013">
  <kickoff reason="threshold reached" targetBytes="5016384" thresholdFreeBytes="690835"  remainingFree="678816" tenureFreeBytes="598368" nurseryFreeBytes="678816" />
</concurrent-kickoff>
<exclusive-start id="610" timestamp="2019-08-08T20:24:15.013" intervalms="1102.244">
  <response-info timems="0.526" idlems="0.526" threads="0" lastid="0000000000C8F100" lastname="node-4" />
</exclusive-start>
<cycle-start id="611" type="global" contextid="0" timestamp="2019-08-08T20:24:15.013" intervalms="1382.489" />
<exclusive-end id="612" timestamp="2019-08-08T20:24:15.013" durationms="0.057" />

<exclusive-start id="613" timestamp="2019-08-08T20:24:15.382" intervalms="368.415">
  <response-info timems="0.083" idlems="0.083" threads="0" lastid="0000000000C69A00" lastname="node-11" />
</exclusive-start>
<af-start id="614" threadId="0000000000C6A388" totalBytesRequested="24" timestamp="2019-08-08T20:24:15.382" intervalms="1473.360" type="nursery" />
<cycle-start id="615" type="scavenge" contextid="0" timestamp="2019-08-08T20:24:15.382" intervalms="1473.368" />
<gc-start id="616" type="scavenge" contextid="615" timestamp="2019-08-08T20:24:15.382">
  <mem-info id="617" free="598368" total="12058624" percent="4">
    <mem type="nursery" free="0" total="4587520" percent="0">
      <mem type="allocate" free="0" total="3342336" percent="0" />
      <mem type="survivor" free="0" total="1245184" percent="0" />
    </mem>
    <mem type="tenure" free="598368" total="7471104" percent="8">
      <mem type="soa" free="524640" total="7397376" percent="7" />
      <mem type="loa" free="73728" total="73728" percent="100" />
    </mem>
    <remembered-set count="404" />
  </mem-info>
</gc-start>
<allocation-stats totalBytes="3333528" >
  <allocated-bytes non-tlh="0" tlh="3333528" />
  <largest-consumer threadName="node-7" threadId="0000000000C7C600" bytes="172000" />
</allocation-stats>
<gc-op id="618" type="scavenge" timems="4.130" contextid="615" timestamp="2019-08-08T20:24:15.386">
  <scavenger-info tenureage="3" tenuremask="7ff8" tiltratio="72" />
  <memory-copied type="nursery" objects="2178" bytes="54040" bytesdiscarded="58856" />
</gc-op>
<gc-end id="619" type="scavenge" contextid="615" durationms="4.294" usertimems="1.817" systemtimems="3.360" timestamp="2019-08-08T20:24:15.386" activeThreads="16">
  <mem-info id="620" free="4089952" total="12058624" percent="33">
    <mem type="nursery" free="3491584" total="4587520" percent="76">
      <mem type="allocate" free="3491584" total="3604480" percent="96" />
      <mem type="survivor" free="0" total="983040" percent="0" />
    </mem>
    <mem type="tenure" free="598368" total="7471104" percent="8" macro-fragmented="502401">
      <mem type="soa" free="524640" total="7397376" percent="7" />
      <mem type="loa" free="73728" total="73728" percent="100" />
    </mem>
    <remembered-set count="339" />
  </mem-info>
</gc-end>
<cycle-end id="621" type="scavenge" contextid="615" timestamp="2019-08-08T20:24:15.386" />
  <attribute name="elasticGC enabled" value="1" />
  <attribute name= "numThreadsSpecified" value="16" />
  <attribute name="heapSize specified" value="11993088" />
  <attribute name="Current GC Util" value="1" />
  <attribute name= "Current Time Running" value="22801" />
  <attribute name ="GC Interval" value="2041" />
  <attribute name="Target GC Util Change" value ="80.000000" />
  <attribute name="Current GC Util Change" value="1.000000"/>
  <attribute name="Current Error" value="66.000000" />
  <attribute name="Output H" value="12096504"/>
  <attribute name="Output I" value="2040"/>
  <attribute name="Output T" value="16"/>
  <attribute name= "Current Time Running" value="22801" />
  <attribute name="GC Util currently" value="1" />
  <attribute name="CPU Util currently" value="13" />
<allocation-satisfied id="622" threadId="0000000000C69A00" bytesRequested="24" />
<af-end id="623" timestamp="2019-08-08T20:24:15.387" threadId="0000000000C6A388" success="true" from="nursery"/>
<exclusive-end id="624" timestamp="2019-08-08T20:24:15.387" durationms="4.885" />

<exclusive-start id="625" timestamp="2019-08-08T20:24:15.387" intervalms="5.390">
  <response-info timems="0.017" idlems="0.017" threads="0" lastid="0000000000C62200" lastname="node-14" />
</exclusive-start>
<concurrent-collection-start id="626" timestamp="2019-08-08T20:24:15.387" intervalms="1476.049" >
  <concurrent-trace-info reason="card cleaning threshold reached" tracedByMutators="2089008" tracedByHelpers="3296972" cardsCleaned="119" workStackOverflowCount="0" />
</concurrent-collection-start>
<gc-start id="627" type="global" contextid="611" timestamp="2019-08-08T20:24:15.387">
  <mem-info id="628" free="3987528" total="12058624" percent="33">
    <mem type="nursery" free="3389160" total="4587520" percent="73">
      <mem type="allocate" free="3389160" total="3604480" percent="94" />
      <mem type="survivor" free="0" total="983040" percent="0" />
    </mem>
    <mem type="tenure" free="598368" total="7471104" percent="8">
      <mem type="soa" free="524640" total="7397376" percent="7" />
      <mem type="loa" free="73728" total="73728" percent="100" />
    </mem>
    <remembered-set count="343" />
  </mem-info>
</gc-start>
<allocation-stats totalBytes="102424" >
  <allocated-bytes non-tlh="24" tlh="102400" />
  <largest-consumer threadName="node-11" threadId="0000000000C69A00" bytes="20504" />
</allocation-stats>
<gc-op id="629" type="rs-scan" timems="1.174" contextid="611" timestamp="2019-08-08T20:24:15.388">
  <scan objectsFound="220" bytesTraced="13136" workStackOverflowCount="0" />
</gc-op>
<gc-op id="630" type="card-cleaning" timems="1.193" contextid="611" timestamp="2019-08-08T20:24:15.390">
  <card-cleaning cardsCleaned="17" bytesTraced="52564" workStackOverflowCount="0" />
</gc-op>
<gc-op id="631" type="mark" timems="5.581" contextid="611" timestamp="2019-08-08T20:24:15.395">
  <trace-info objectcount="267" scancount="226" scanbytes="5892" />
  <finalization candidates="13" enqueued="0" />
  <references type="soft" candidates="45" cleared="0" enqueued="0" dynamicThreshold="2" maxThreshold="32" />
  <references type="weak" candidates="130" cleared="0" enqueued="0" />
  <references type="phantom" candidates="33" cleared="0" enqueued="0" />
  <stringconstants candidates="3837" cleared="0"  />
</gc-op>
<gc-op id="632" type="sweep" timems="3.936" contextid="611" timestamp="2019-08-08T20:24:15.399" />
<mem-info id="633" free="4196736" total="12058624" percent="34">
  <mem type="nursery" free="3598368" total="4587520" percent="78">
    <mem type="allocate" free="3598368" total="3604480" percent="99" />
    <mem type="survivor" free="0" total="983040" percent="0" />
  </mem>
  <mem type="tenure" free="598368" total="7471104" percent="8" micro-fragmented="20752" macro-fragmented="418667">
    <mem type="soa" free="524640" total="7397376" percent="7" />
    <mem type="loa" free="73728" total="73728" percent="100" />
  </mem>
  <remembered-set count="316" />
</mem-info>
<gc-op id="634" type="compact" timems="20.045" contextid="611" timestamp="2019-08-08T20:24:15.419">
  <compact-info movecount="3336" movebytes="93696" reason="compact to aid heap contraction" />
</gc-op>
<heap-resize id="635" type="expand" space="tenure" amount="65536" count="1" timems="0.024" reason="satisfy allocation request" timestamp="2019-08-08T20:24:15.422" />
<gc-end id="636" type="global" contextid="611" durationms="34.987" usertimems="13.196" systemtimems="40.304" timestamp="2019-08-08T20:24:15.422" activeThreads="16">
  <mem-info id="637" free="4263640" total="12124160" percent="35">
    <mem type="nursery" free="3599088" total="4587520" percent="78">
      <mem type="allocate" free="3599088" total="3604480" percent="99" />
      <mem type="survivor" free="0" total="983040" percent="0" />
    </mem>
    <mem type="tenure" free="664552" total="7536640" percent="8">
      <mem type="soa" free="589800" total="7461888" percent="7" />
      <mem type="loa" free="74752" total="74752" percent="100" />
    </mem>
    <remembered-set count="316" />
  </mem-info>
</gc-end>
<cycle-end id="638" type="global" contextid="611" timestamp="2019-08-08T20:24:15.422" />
  <attribute name="elasticGC enabled" value="1" />
  <attribute name= "numThreadsSpecified" value="16" />
  <attribute name="heapSize specified" value="12058624" />
  <attribute name="Current GC Util" value="91" />
  <attribute name= "Current Time Running" value="22839" />
  <attribute name ="GC Interval" value="2041" />
  <attribute name="Target GC Util Change" value ="80.000000" />
  <attribute name="Current GC Util Change" value="91.000000"/>
  <attribute name="Current Error" value="-193.000000" />
  <attribute name="Output H" value="12096360"/>
  <attribute name="Output I" value="1896"/>
  <attribute name="Output T" value="16"/>
  <attribute name= "Current Time Running" value="22839" />
  <attribute name="GC Util currently" value="91" />
  <attribute name="CPU Util currently" value="57310692621" />
<concurrent-collection-end id="639" timestamp="2019-08-08T20:24:15.422" />
<exclusive-end id="640" timestamp="2019-08-08T20:24:15.422" durationms="35.170" />

<concurrent-kickoff id="641" timestamp="2019-08-08T20:24:16.792">
  <kickoff reason="threshold reached" targetBytes="5134238" thresholdFreeBytes="706549"  remainingFree="678640" tenureFreeBytes="664552" nurseryFreeBytes="678640" />
</concurrent-kickoff>
<exclusive-start id="642" timestamp="2019-08-08T20:24:16.798" intervalms="1411.123">
  <response-info timems="6.228" idlems="6.228" threads="0" lastid="0000000000C74E00" lastname="node-0" />
</exclusive-start>
<cycle-start id="643" type="global" contextid="0" timestamp="2019-08-08T20:24:16.798" intervalms="1784.917" />
<exclusive-end id="644" timestamp="2019-08-08T20:24:16.798" durationms="0.043" />

<exclusive-start id="645" timestamp="2019-08-08T20:24:17.277" intervalms="478.449">
  <response-info timems="0.139" idlems="0.139" threads="0" lastid="0000000000C65E00" lastname="node-9" />
</exclusive-start>
<concurrent-collection-start id="646" timestamp="2019-08-08T20:24:17.277" intervalms="1889.618" >
  <concurrent-trace-info reason="card cleaning threshold reached" tracedByMutators="770492" tracedByHelpers="4607748" cardsCleaned="156" workStackOverflowCount="0" />
</concurrent-collection-start>
<gc-start id="647" type="global" contextid="643" timestamp="2019-08-08T20:24:17.277">
  <mem-info id="648" free="664552" total="12124160" percent="5">
    <mem type="nursery" free="0" total="4587520" percent="0">
      <mem type="allocate" free="0" total="3604480" percent="0" />
      <mem type="survivor" free="0" total="983040" percent="0" />
    </mem>
    <mem type="tenure" free="664552" total="7536640" percent="8">
      <mem type="soa" free="589800" total="7461888" percent="7" />
      <mem type="loa" free="74752" total="74752" percent="100" />
    </mem>
    <remembered-set count="401" />
  </mem-info>
</gc-start>
<allocation-stats totalBytes="3595088" >
  <allocated-bytes non-tlh="0" tlh="3595088" />
  <largest-consumer threadName="node-14" threadId="0000000000C62200" bytes="172000" />
</allocation-stats>
<gc-op id="649" type="rs-scan" timems="2.399" contextid="643" timestamp="2019-08-08T20:24:17.279">
  <scan objectsFound="121" bytesTraced="9616" workStackOverflowCount="0" />
</gc-op>
<gc-op id="650" type="card-cleaning" timems="2.237" contextid="643" timestamp="2019-08-08T20:24:17.282">
  <card-cleaning cardsCleaned="68" bytesTraced="112316" workStackOverflowCount="0" />
</gc-op>
<gc-op id="651" type="mark" timems="9.722" contextid="643" timestamp="2019-08-08T20:24:17.291">
  <trace-info objectcount="269" scancount="228" scanbytes="5948" />
  <finalization candidates="13" enqueued="0" />
  <references type="soft" candidates="45" cleared="0" enqueued="0" dynamicThreshold="2" maxThreshold="32" />
  <references type="weak" candidates="130" cleared="0" enqueued="0" />
  <references type="phantom" candidates="33" cleared="0" enqueued="0" />
  <stringconstants candidates="3837" cleared="0"  />
</gc-op>
<gc-op id="652" type="sweep" timems="4.103" contextid="643" timestamp="2019-08-08T20:24:17.295" />
<mem-info id="653" free="4262456" total="12124160" percent="35">
  <mem type="nursery" free="3597136" total="4587520" percent="78">
    <mem type="allocate" free="3597136" total="3604480" percent="99" />
    <mem type="survivor" free="0" total="983040" percent="0" />
  </mem>
  <mem type="tenure" free="665320" total="7536640" percent="8" micro-fragmented="0" macro-fragmented="418667">
    <mem type="soa" free="590568" total="7461888" percent="7" />
    <mem type="loa" free="74752" total="74752" percent="100" />
  </mem>
  <remembered-set count="369" />
</mem-info>
<gc-op id="654" type="compact" timems="20.616" contextid="643" timestamp="2019-08-08T20:24:17.316">
  <compact-info movecount="3322" movebytes="93672" reason="compact to aid heap contraction" />
</gc-op>
<heap-resize id="655" type="expand" space="tenure" amount="65536" count="1" timems="0.024" reason="satisfy allocation request" timestamp="2019-08-08T20:24:17.318" />
<gc-end id="656" type="global" contextid="643" durationms="40.812" usertimems="20.891" systemtimems="35.819" timestamp="2019-08-08T20:24:17.318" activeThreads="16">
  <mem-info id="657" free="4330040" total="12189696" percent="35">
    <mem type="nursery" free="3599184" total="4587520" percent="78">
      <mem type="allocate" free="3599184" total="3604480" percent="99" />
      <mem type="survivor" free="0" total="983040" percent="0" />
    </mem>
    <mem type="tenure" free="730856" total="7602176" percent="9">
      <mem type="soa" free="655080" total="7526400" percent="8" />
      <mem type="loa" free="75776" total="75776" percent="100" />
    </mem>
    <remembered-set count="369" />
  </mem-info>
</gc-end>
<cycle-end id="658" type="global" contextid="643" timestamp="2019-08-08T20:24:17.318" />
  <attribute name="elasticGC enabled" value="1" />
  <attribute name= "numThreadsSpecified" value="16" />
  <attribute name="heapSize specified" value="12124160" />
  <attribute name="Current GC Util" value="111" />
  <attribute name= "Current Time Running" value="24735" />
  <attribute name ="GC Interval" value="2041" />
  <attribute name="Target GC Util Change" value ="80.000000" />
  <attribute name="Current GC Util Change" value="111.000000"/>
  <attribute name="Current Error" value="-31.000000" />
  <attribute name="Output H" value="12161984"/>
  <attribute name="Output I" value="1984"/>
  <attribute name="Output T" value="16"/>
  <attribute name= "Current Time Running" value="24735" />
  <attribute name="GC Util currently" value="111" />
  <attribute name="CPU Util currently" value="55845366076" />
<concurrent-collection-end id="659" timestamp="2019-08-08T20:24:17.318" />
<exclusive-end id="660" timestamp="2019-08-08T20:24:17.318" durationms="41.506" />

<concurrent-kickoff id="661" timestamp="2019-08-08T20:24:18.371">
  <kickoff reason="threshold reached" targetBytes="5228992" thresholdFreeBytes="719808"  remainingFree="691024" tenureFreeBytes="730856" nurseryFreeBytes="691024" />
</concurrent-kickoff>
<exclusive-start id="662" timestamp="2019-08-08T20:24:18.371" intervalms="1094.068">
  <response-info timems="0.030" idlems="0.030" threads="0" lastid="0000000000C53300" lastname="node-13" />
</exclusive-start>
<cycle-start id="663" type="global" contextid="0" timestamp="2019-08-08T20:24:18.371" intervalms="1572.493" />
<exclusive-end id="664" timestamp="2019-08-08T20:24:18.371" durationms="0.016" />

<exclusive-start id="665" timestamp="2019-08-08T20:24:18.804" intervalms="433.589">
  <response-info timems="0.576" idlems="0.576" threads="0" lastid="0000000000C8B500" lastname="node-21" />
</exclusive-start>
<concurrent-collection-start id="666" timestamp="2019-08-08T20:24:18.804" intervalms="1527.656" >
  <concurrent-trace-info reason="card cleaning threshold reached" tracedByMutators="803592" tracedByHelpers="4563340" cardsCleaned="131" workStackOverflowCount="0" />
</concurrent-collection-start>
<gc-start id="667" type="global" contextid="663" timestamp="2019-08-08T20:24:18.804">
  <mem-info id="668" free="730856" total="12189696" percent="5">
    <mem type="nursery" free="0" total="4587520" percent="0">
      <mem type="allocate" free="0" total="3604480" percent="0" />
      <mem type="survivor" free="0" total="983040" percent="0" />
    </mem>
    <mem type="tenure" free="730856" total="7602176" percent="9">
      <mem type="soa" free="655080" total="7526400" percent="8" />
      <mem type="loa" free="75776" total="75776" percent="100" />
    </mem>
    <remembered-set count="404" />
  </mem-info>
</gc-start>
<allocation-stats totalBytes="3595576" >
  <allocated-bytes non-tlh="0" tlh="3595576" />
  <largest-consumer threadName="node-20" threadId="0000000000C9E100" bytes="184280" />
</allocation-stats>
<gc-op id="669" type="rs-scan" timems="3.128" contextid="663" timestamp="2019-08-08T20:24:18.808">
  <scan objectsFound="99" bytesTraced="8944" workStackOverflowCount="0" />
</gc-op>
<gc-op id="670" type="card-cleaning" timems="2.992" contextid="663" timestamp="2019-08-08T20:24:18.811">
  <card-cleaning cardsCleaned="81" bytesTraced="132636" workStackOverflowCount="0" />
</gc-op>
<gc-op id="671" type="mark" timems="10.277" contextid="663" timestamp="2019-08-08T20:24:18.821">
  <trace-info objectcount="290" scancount="243" scanbytes="6236" />
  <finalization candidates="13" enqueued="0" />
  <references type="soft" candidates="45" cleared="0" enqueued="0" dynamicThreshold="3" maxThreshold="32" />
  <references type="weak" candidates="130" cleared="0" enqueued="0" />
  <references type="phantom" candidates="33" cleared="0" enqueued="0" />
  <stringconstants candidates="3837" cleared="0"  />
</gc-op>
<gc-op id="672" type="sweep" timems="4.275" contextid="663" timestamp="2019-08-08T20:24:18.825" />
<mem-info id="673" free="4314128" total="12189696" percent="35">
  <mem type="nursery" free="3582504" total="4587520" percent="78">
    <mem type="allocate" free="3582504" total="3604480" percent="99" />
    <mem type="survivor" free="0" total="983040" percent="0" />
  </mem>
  <mem type="tenure" free="731624" total="7602176" percent="9" micro-fragmented="0" macro-fragmented="502401">
    <mem type="soa" free="655848" total="7526400" percent="8" />
    <mem type="loa" free="75776" total="75776" percent="100" />
  </mem>
  <remembered-set count="372" />
</mem-info>
<gc-op id="674" type="compact" timems="18.696" contextid="663" timestamp="2019-08-08T20:24:18.844">
  <compact-info movecount="3298" movebytes="97256" reason="compact to aid heap contraction" />
</gc-op>
<heap-resize id="675" type="expand" space="tenure" amount="65536" count="1" timems="0.024" reason="satisfy allocation request" timestamp="2019-08-08T20:24:18.848" />
<gc-end id="676" type="global" contextid="663" durationms="43.166" usertimems="23.681" systemtimems="37.561" timestamp="2019-08-08T20:24:18.848" activeThreads="16">
  <mem-info id="677" free="4391992" total="12255232" percent="35">
    <mem type="nursery" free="3594832" total="4587520" percent="78">
      <mem type="allocate" free="3594832" total="3604480" percent="99" />
      <mem type="survivor" free="0" total="983040" percent="0" />
    </mem>
    <mem type="tenure" free="797160" total="7667712" percent="10">
      <mem type="soa" free="721384" total="7591936" percent="9" />
      <mem type="loa" free="75776" total="75776" percent="100" />
    </mem>
    <remembered-set count="372" />
  </mem-info>
</gc-end>
<cycle-end id="678" type="global" contextid="663" timestamp="2019-08-08T20:24:18.848" />
  <attribute name="elasticGC enabled" value="1" />
  <attribute name= "numThreadsSpecified" value="16" />
  <attribute name="heapSize specified" value="12189696" />
  <attribute name="Current GC Util" value="62" />
  <attribute name= "Current Time Running" value="26263" />
  <attribute name ="GC Interval" value="2041" />
  <attribute name="Target GC Util Change" value ="80.000000" />
  <attribute name="Current GC Util Change" value="62.000000"/>
  <attribute name="Current Error" value="-22.000000" />
  <attribute name="Output H" value="12227528"/>
  <attribute name="Output I" value="1992"/>
  <attribute name="Output T" value="16"/>
  <attribute name= "Current Time Running" value="26263" />
  <attribute name="GC Util currently" value="62" />
  <attribute name="CPU Util currently" value="61366113074" />
<concurrent-collection-end id="679" timestamp="2019-08-08T20:24:18.848" />
<exclusive-end id="680" timestamp="2019-08-08T20:24:18.848" durationms="43.359" />

<concurrent-kickoff id="681" timestamp="2019-08-08T20:24:20.244">
  <kickoff reason="threshold reached" targetBytes="5301552" thresholdFreeBytes="730235"  remainingFree="719440" tenureFreeBytes="797160" nurseryFreeBytes="719440" />
</concurrent-kickoff>
<exclusive-start id="682" timestamp="2019-08-08T20:24:20.244" intervalms="1440.061">
  <response-info timems="0.023" idlems="0.023" threads="0" lastid="0000000000C69A00" lastname="node-11" />
</exclusive-start>
<cycle-start id="683" type="global" contextid="0" timestamp="2019-08-08T20:24:20.244" intervalms="1873.649" />
<exclusive-end id="684" timestamp="2019-08-08T20:24:20.244" durationms="0.017" />

<exclusive-start id="685" timestamp="2019-08-08T20:24:20.764" intervalms="519.524">
  <response-info timems="0.043" idlems="0.043" threads="0" lastid="0000000000C53300" lastname="node-13" />
</exclusive-start>
<concurrent-collection-start id="686" timestamp="2019-08-08T20:24:20.764" intervalms="1959.558" >
  <concurrent-trace-info reason="card cleaning threshold reached" tracedByMutators="493680" tracedByHelpers="4905588" cardsCleaned="117" workStackOverflowCount="0" />
</concurrent-collection-start>
<gc-start id="687" type="global" contextid="683" timestamp="2019-08-08T20:24:20.764">
  <mem-info id="688" free="807992" total="12255232" percent="6">
    <mem type="nursery" free="10832" total="4587520" percent="0">
      <mem type="allocate" free="10832" total="3604480" percent="0" />
      <mem type="survivor" free="0" total="983040" percent="0" />
    </mem>
    <mem type="tenure" free="797160" total="7667712" percent="10">
      <mem type="soa" free="721384" total="7591936" percent="9" />
      <mem type="loa" free="75776" total="75776" percent="100" />
    </mem>
    <remembered-set count="408" />
  </mem-info>
</gc-start>
<allocation-stats totalBytes="3579952" >
  <allocated-bytes non-tlh="0" tlh="3579952" />
  <largest-consumer threadName="node-15" threadId="0000000000C5AB00" bytes="184280" />
</allocation-stats>
<gc-op id="689" type="rs-scan" timems="1.345" contextid="683" timestamp="2019-08-08T20:24:20.765">
  <scan objectsFound="150" bytesTraced="10888" workStackOverflowCount="0" />
</gc-op>
<gc-op id="690" type="card-cleaning" timems="2.132" contextid="683" timestamp="2019-08-08T20:24:20.768">
  <card-cleaning cardsCleaned="58" bytesTraced="122400" workStackOverflowCount="0" />
</gc-op>
<gc-op id="691" type="mark" timems="7.725" contextid="683" timestamp="2019-08-08T20:24:20.775">
  <trace-info objectcount="276" scancount="235" scanbytes="6108" />
  <finalization candidates="13" enqueued="0" />
  <references type="soft" candidates="45" cleared="0" enqueued="0" dynamicThreshold="3" maxThreshold="32" />
  <references type="weak" candidates="130" cleared="0" enqueued="0" />
  <references type="phantom" candidates="33" cleared="0" enqueued="0" />
  <stringconstants candidates="3837" cleared="0"  />
</gc-op>
<gc-op id="692" type="sweep" timems="3.611" contextid="683" timestamp="2019-08-08T20:24:20.779" />
<mem-info id="693" free="4391136" total="12255232" percent="35">
  <mem type="nursery" free="3593112" total="4587520" percent="78">
    <mem type="allocate" free="3593112" total="3604480" percent="99" />
    <mem type="survivor" free="0" total="983040" percent="0" />
  </mem>
  <mem type="tenure" free="798024" total="7667712" percent="10" micro-fragmented="0" macro-fragmented="602881">
    <mem type="soa" free="722248" total="7591936" percent="9" />
    <mem type="loa" free="75776" total="75776" percent="100" />
  </mem>
  <remembered-set count="372" />
</mem-info>
<gc-op id="694" type="compact" timems="21.006" contextid="683" timestamp="2019-08-08T20:24:20.800">
  <compact-info movecount="3253" movebytes="92008" reason="compact to aid heap contraction" />
</gc-op>
<heap-resize id="695" type="expand" space="tenure" amount="65536" count="1" timems="0.036" reason="satisfy allocation request" timestamp="2019-08-08T20:24:20.802" />
<gc-end id="696" type="global" contextid="683" durationms="38.154" usertimems="20.652" systemtimems="34.848" timestamp="2019-08-08T20:24:20.802" activeThreads="16">
  <mem-info id="697" free="4462776" total="12320768" percent="36">
    <mem type="nursery" free="3599216" total="4587520" percent="78">
      <mem type="allocate" free="3599216" total="3604480" percent="99" />
      <mem type="survivor" free="0" total="983040" percent="0" />
    </mem>
    <mem type="tenure" free="863560" total="7733248" percent="11">
      <mem type="soa" free="786760" total="7656448" percent="10" />
      <mem type="loa" free="76800" total="76800" percent="100" />
    </mem>
    <remembered-set count="372" />
  </mem-info>
</gc-end>
<cycle-end id="698" type="global" contextid="683" timestamp="2019-08-08T20:24:20.802" />
  <attribute name="elasticGC enabled" value="1" />
  <attribute name= "numThreadsSpecified" value="16" />
  <attribute name="heapSize specified" value="12255232" />
  <attribute name="Current GC Util" value="73" />
  <attribute name= "Current Time Running" value="28219" />
  <attribute name ="GC Interval" value="2041" />
  <attribute name="Target GC Util Change" value ="80.000000" />
  <attribute name="Current GC Util Change" value="73.000000"/>
  <attribute name="Current Error" value="-119.000000" />
  <attribute name="Output H" value="12293008"/>
  <attribute name="Output I" value="1936"/>
  <attribute name="Output T" value="16"/>
  <attribute name= "Current Time Running" value="28219" />
  <attribute name="GC Util currently" value="73" />
  <attribute name="CPU Util currently" value="54332170912" />
<concurrent-collection-end id="699" timestamp="2019-08-08T20:24:20.802" />
<exclusive-end id="700" timestamp="2019-08-08T20:24:20.802" durationms="38.387" />

<exclusive-start id="701" timestamp="2019-08-08T20:24:22.582" intervalms="1817.993">
  <response-info timems="0.030" idlems="0.030" threads="0" lastid="0000000000C62200" lastname="node-14" />
</exclusive-start>
<af-start id="702" threadId="0000000000C62B88" totalBytesRequested="24" timestamp="2019-08-08T20:24:22.582" intervalms="7200.144" type="nursery" />
<cycle-start id="703" type="scavenge" contextid="0" timestamp="2019-08-08T20:24:22.582" intervalms="7200.145" />
<gc-start id="704" type="scavenge" contextid="703" timestamp="2019-08-08T20:24:22.582">
  <mem-info id="705" free="863560" total="12320768" percent="7">
    <mem type="nursery" free="0" total="4587520" percent="0">
      <mem type="allocate" free="0" total="3604480" percent="0" />
      <mem type="survivor" free="0" total="983040" percent="0" />
    </mem>
    <mem type="tenure" free="863560" total="7733248" percent="11">
      <mem type="soa" free="786760" total="7656448" percent="10" />
      <mem type="loa" free="76800" total="76800" percent="100" />
    </mem>
    <remembered-set count="406" />
  </mem-info>
</gc-start>
<allocation-stats totalBytes="3593432" >
  <allocated-bytes non-tlh="0" tlh="3593432" />
  <largest-consumer threadName="node-11" threadId="0000000000C69A00" bytes="184296" />
</allocation-stats>
<gc-op id="706" type="scavenge" timems="4.150" contextid="703" timestamp="2019-08-08T20:24:22.586">
  <scavenger-info tenureage="4" tenuremask="7ff0" tiltratio="78" />
  <memory-copied type="nursery" objects="2535" bytes="62552" bytesdiscarded="50344" />
</gc-op>
<gc-end id="707" type="scavenge" contextid="703" durationms="4.464" usertimems="1.469" systemtimems="6.745" timestamp="2019-08-08T20:24:22.587" activeThreads="16">
  <mem-info id="708" free="4486216" total="12320768" percent="36">
    <mem type="nursery" free="3622656" total="4587520" percent="78">
      <mem type="allocate" free="3622656" total="3735552" percent="96" />
      <mem type="survivor" free="0" total="851968" percent="0" />
    </mem>
    <mem type="tenure" free="863560" total="7733248" percent="11" macro-fragmented="502401">
      <mem type="soa" free="786760" total="7656448" percent="10" />
      <mem type="loa" free="76800" total="76800" percent="100" />
    </mem>
    <remembered-set count="344" />
  </mem-info>
</gc-end>
<cycle-end id="709" type="scavenge" contextid="703" timestamp="2019-08-08T20:24:22.587" />
  <attribute name="elasticGC enabled" value="1" />
  <attribute name= "numThreadsSpecified" value="16" />
  <attribute name="heapSize specified" value="12255232" />
  <attribute name="Current GC Util" value="1" />
  <attribute name= "Current Time Running" value="30001" />
  <attribute name ="GC Interval" value="1985" />
  <attribute name="Target GC Util Change" value ="80.000000" />
  <attribute name="Current GC Util Change" value="1.000000"/>
  <attribute name="Current Error" value="-40.000000" />
  <attribute name="Output H" value="12358592"/>
  <attribute name="Output I" value="1984"/>
  <attribute name="Output T" value="16"/>
  <attribute name= "Current Time Running" value="30001" />
  <attribute name="GC Util currently" value="1" />
  <attribute name="CPU Util currently" value="13" />
<allocation-satisfied id="710" threadId="0000000000C62200" bytesRequested="24" />
<af-end id="711" timestamp="2019-08-08T20:24:22.587" threadId="0000000000C62B88" success="true" from="nursery"/>
<exclusive-end id="712" timestamp="2019-08-08T20:24:22.587" durationms="4.784" />

<exclusive-start id="713" timestamp="2019-08-08T20:24:24.190" intervalms="1608.151">
  <response-info timems="0.408" idlems="0.408" threads="0" lastid="0000000000C87900" lastname="node-23" />
</exclusive-start>
<af-start id="714" threadId="0000000000C88288" totalBytesRequested="32" timestamp="2019-08-08T20:24:24.190" intervalms="1608.104" type="nursery" />
<cycle-start id="715" type="scavenge" contextid="0" timestamp="2019-08-08T20:24:24.190" intervalms="1608.101" />
<gc-start id="716" type="scavenge" contextid="715" timestamp="2019-08-08T20:24:24.190">
  <mem-info id="717" free="863560" total="12320768" percent="7">
    <mem type="nursery" free="0" total="4587520" percent="0">
      <mem type="allocate" free="0" total="3735552" percent="0" />
      <mem type="survivor" free="0" total="851968" percent="0" />
    </mem>
    <mem type="tenure" free="863560" total="7733248" percent="11">
      <mem type="soa" free="786760" total="7656448" percent="10" />
      <mem type="loa" free="76800" total="76800" percent="100" />
    </mem>
    <remembered-set count="431" />
  </mem-info>
</gc-start>
<allocation-stats totalBytes="3617488" >
  <allocated-bytes non-tlh="24" tlh="3617464" />
  <largest-consumer threadName="node-14" threadId="0000000000C62200" bytes="177816" />
</allocation-stats>
<gc-op id="718" type="scavenge" timems="2.418" contextid="715" timestamp="2019-08-08T20:24:24.193">
  <scavenger-info tenureage="5" tenuremask="7fe0" tiltratio="81" />
  <memory-copied type="nursery" objects="4868" bytes="118600" bytesdiscarded="42680" />
</gc-op>
<gc-end id="719" type="scavenge" contextid="715" durationms="2.983" usertimems="5.737" systemtimems="1.375" timestamp="2019-08-08T20:24:24.193" activeThreads="16">
  <mem-info id="720" free="4568904" total="12320768" percent="37">
    <mem type="nursery" free="3705344" total="4587520" percent="80">
      <mem type="allocate" free="3705344" total="3866624" percent="95" />
      <mem type="survivor" free="0" total="720896" percent="0" />
    </mem>
    <mem type="tenure" free="863560" total="7733248" percent="11" macro-fragmented="0">
      <mem type="soa" free="786760" total="7656448" percent="10" />
      <mem type="loa" free="76800" total="76800" percent="100" />
    </mem>
    <remembered-set count="371" />
  </mem-info>
</gc-end>
<cycle-end id="721" type="scavenge" contextid="715" timestamp="2019-08-08T20:24:24.193" />
  <attribute name="elasticGC enabled" value="1" />
  <attribute name= "numThreadsSpecified" value="16" />
  <attribute name="heapSize specified" value="12255232" />
  <attribute name="Current GC Util" value="0" />
  <attribute name= "Current Time Running" value="31609" />
  <attribute name ="GC Interval" value="2025" />
  <attribute name="Target GC Util Change" value ="80.000000" />
  <attribute name="Current GC Util Change" value="0.000000"/>
  <attribute name="Current Error" value="40.000000" />
  <attribute name="Output H" value="12358632"/>
  <attribute name="Output I" value="2024"/>
  <attribute name="Output T" value="16"/>
  <attribute name= "Current Time Running" value="31609" />
  <attribute name="GC Util currently" value="0" />
  <attribute name="CPU Util currently" value="12" />
<allocation-satisfied id="722" threadId="0000000000C87900" bytesRequested="32" />
<af-end id="723" timestamp="2019-08-08T20:24:24.193" threadId="0000000000C88288" success="true" from="nursery"/>
<exclusive-end id="724" timestamp="2019-08-08T20:24:24.193" durationms="3.223" />

<exclusive-start id="725" timestamp="2019-08-08T20:24:25.796" intervalms="1606.152">
  <response-info timems="0.139" idlems="0.139" threads="0" lastid="0000000000C74E00" lastname="node-0" />
</exclusive-start>
<af-start id="726" threadId="0000000000C75788" totalBytesRequested="16" timestamp="2019-08-08T20:24:25.796" intervalms="1606.157" type="nursery" />
<cycle-start id="727" type="scavenge" contextid="0" timestamp="2019-08-08T20:24:25.796" intervalms="1606.160" />
<gc-start id="728" type="scavenge" contextid="727" timestamp="2019-08-08T20:24:25.796">
  <mem-info id="729" free="863560" total="12320768" percent="7">
    <mem type="nursery" free="0" total="4587520" percent="0">
      <mem type="allocate" free="0" total="3866624" percent="0" />
      <mem type="survivor" free="0" total="720896" percent="0" />
    </mem>
    <mem type="tenure" free="863560" total="7733248" percent="11">
      <mem type="soa" free="786760" total="7656448" percent="10" />
      <mem type="loa" free="76800" total="76800" percent="100" />
    </mem>
    <remembered-set count="462" />
  </mem-info>
</gc-start>
<allocation-stats totalBytes="3695200" >
  <allocated-bytes non-tlh="32" tlh="3695168" />
  <largest-consumer threadName="node-19" threadId="0000000000C6D600" bytes="183032" />
</allocation-stats>
<gc-op id="730" type="scavenge" timems="2.935" contextid="727" timestamp="2019-08-08T20:24:25.799">
  <scavenger-info tenureage="6" tenuremask="7fc0" tiltratio="84" />
  <memory-copied type="nursery" objects="7040" bytes="168664" bytesdiscarded="89384" />
</gc-op>
<gc-end id="731" type="scavenge" contextid="727" durationms="3.322" usertimems="4.598" systemtimems="4.194" timestamp="2019-08-08T20:24:25.800" activeThreads="16">
  <mem-info id="732" free="4537672" total="12320768" percent="36">
    <mem type="nursery" free="3674112" total="4587520" percent="80">
      <mem type="allocate" free="3674112" total="3932160" percent="93" />
      <mem type="survivor" free="0" total="655360" percent="0" />
    </mem>
    <mem type="tenure" free="863560" total="7733248" percent="11" macro-fragmented="348889">
      <mem type="soa" free="786760" total="7656448" percent="10" />
      <mem type="loa" free="76800" total="76800" percent="100" />
    </mem>
    <remembered-set count="377" />
  </mem-info>
</gc-end>
<cycle-end id="733" type="scavenge" contextid="727" timestamp="2019-08-08T20:24:25.800" />
  <attribute name="elasticGC enabled" value="1" />
  <attribute name= "numThreadsSpecified" value="16" />
  <attribute name="heapSize specified" value="12255232" />
  <attribute name="Current GC Util" value="0" />
  <attribute name= "Current Time Running" value="33215" />
  <attribute name ="GC Interval" value="2073" />
  <attribute name="Target GC Util Change" value ="80.000000" />
  <attribute name="Current GC Util Change" value="0.000000"/>
  <attribute name="Current Error" value="120.000000" />
  <attribute name="Output H" value="12358680"/>
  <attribute name="Output I" value="2072"/>
  <attribute name="Output T" value="16"/>
  <attribute name= "Current Time Running" value="33215" />
  <attribute name="GC Util currently" value="0" />
  <attribute name="CPU Util currently" value="12" />
<allocation-satisfied id="734" threadId="0000000000C74E00" bytesRequested="16" />
<af-end id="735" timestamp="2019-08-08T20:24:25.800" threadId="0000000000C75788" success="true" from="nursery"/>
<exclusive-end id="736" timestamp="2019-08-08T20:24:25.800" durationms="3.585" />

<exclusive-start id="737" timestamp="2019-08-08T20:24:27.501" intervalms="1704.555">
  <response-info timems="0.375" idlems="0.375" threads="0" lastid="0000000000C47F00" lastname="node-6" />
</exclusive-start>
<af-start id="738" threadId="0000000000C48888" totalBytesRequested="16" timestamp="2019-08-08T20:24:27.501" intervalms="1704.989" type="nursery" />
<cycle-start id="739" type="scavenge" contextid="0" timestamp="2019-08-08T20:24:27.501" intervalms="1704.991" />
<gc-start id="740" type="scavenge" contextid="739" timestamp="2019-08-08T20:24:27.501">
  <mem-info id="741" free="863560" total="12320768" percent="7">
    <mem type="nursery" free="0" total="4587520" percent="0">
      <mem type="allocate" free="0" total="3932160" percent="0" />
      <mem type="survivor" free="0" total="655360" percent="0" />
    </mem>
    <mem type="tenure" free="863560" total="7733248" percent="11">
      <mem type="soa" free="786760" total="7656448" percent="10" />
      <mem type="loa" free="76800" total="76800" percent="100" />
    </mem>
    <remembered-set count="494" />
  </mem-info>
</gc-start>
<allocation-stats totalBytes="3666352" >
  <allocated-bytes non-tlh="16" tlh="3666336" />
  <largest-consumer threadName="node-8" threadId="0000000000C92D00" bytes="163816" />
</allocation-stats>
<gc-op id="742" type="scavenge" timems="3.112" contextid="739" timestamp="2019-08-08T20:24:27.504">
  <scavenger-info tenureage="3" tenuremask="fff8" tiltratio="85" />
  <memory-copied type="nursery" objects="7043" bytes="168736" bytesdiscarded="105440" />
  <memory-copied type="tenure" objects="2395" bytes="57480" bytesdiscarded="0" />
</gc-op>
<gc-end id="743" type="scavenge" contextid="739" durationms="3.585" usertimems="6.246" systemtimems="2.198" timestamp="2019-08-08T20:24:27.505" activeThreads="16">
  <mem-info id="744" free="4588104" total="12320768" percent="37">
    <mem type="nursery" free="3789056" total="4587520" percent="82">
      <mem type="allocate" free="3789056" total="4063232" percent="93" />
      <mem type="survivor" free="0" total="524288" percent="0" />
    </mem>
    <mem type="tenure" free="799048" total="7733248" percent="10" macro-fragmented="502401">
      <mem type="soa" free="722248" total="7656448" percent="9" />
      <mem type="loa" free="76800" total="76800" percent="100" />
    </mem>
    <remembered-set count="389" />
  </mem-info>
</gc-end>
<cycle-end id="745" type="scavenge" contextid="739" timestamp="2019-08-08T20:24:27.505" />
  <attribute name="elasticGC enabled" value="1" />
  <attribute name= "numThreadsSpecified" value="16" />
  <attribute name="heapSize specified" value="12255232" />
  <attribute name="Current GC Util" value="0" />
  <attribute name= "Current Time Running" value="34920" />
  <attribute name ="GC Interval" value="2049" />
  <attribute name="Target GC Util Change" value ="80.000000" />
  <attribute name="Current GC Util Change" value="0.000000"/>
  <attribute name="Current Error" value="80.000000" />
  <attribute name="Output H" value="12358656"/>
  <attribute name="Output I" value="2048"/>
  <attribute name="Output T" value="16"/>
  <attribute name= "Current Time Running" value="34920" />
  <attribute name="GC Util currently" value="0" />
  <attribute name="CPU Util currently" value="13" />
<allocation-satisfied id="746" threadId="0000000000C47F00" bytesRequested="16" />
<af-end id="747" timestamp="2019-08-08T20:24:27.505" threadId="0000000000C48888" success="true" from="nursery"/>
<exclusive-end id="748" timestamp="2019-08-08T20:24:27.505" durationms="4.297" />

<exclusive-start id="749" timestamp="2019-08-08T20:24:29.010" intervalms="1509.479">
  <response-info timems="0.155" idlems="0.155" threads="0" lastid="0000000000C47F00" lastname="node-6" />
</exclusive-start>
<af-start id="750" threadId="0000000000C48888" totalBytesRequested="16" timestamp="2019-08-08T20:24:29.010" intervalms="1509.030" type="nursery" />
<cycle-start id="751" type="scavenge" contextid="0" timestamp="2019-08-08T20:24:29.010" intervalms="1509.030" />
<gc-start id="752" type="scavenge" contextid="751" timestamp="2019-08-08T20:24:29.010">
  <mem-info id="753" free="799048" total="12320768" percent="6">
    <mem type="nursery" free="0" total="4587520" percent="0">
      <mem type="allocate" free="0" total="4063232" percent="0" />
      <mem type="survivor" free="0" total="524288" percent="0" />
    </mem>
    <mem type="tenure" free="799048" total="7733248" percent="10">
      <mem type="soa" free="722248" total="7656448" percent="9" />
      <mem type="loa" free="76800" total="76800" percent="100" />
    </mem>
    <remembered-set count="500" />
  </mem-info>
</gc-start>
<allocation-stats totalBytes="3784912" >
  <allocated-bytes non-tlh="16" tlh="3784896" />
  <largest-consumer threadName="node-5" threadId="0000000000C4F700" bytes="184272" />
</allocation-stats>
<gc-op id="754" type="scavenge" timems="3.782" contextid="751" timestamp="2019-08-08T20:24:29.014">
  <scavenger-info tenureage="3" tenuremask="ffe8" tiltratio="88" />
  <memory-copied type="nursery" objects="6860" bytes="173880" bytesdiscarded="100296" />
  <memory-copied type="tenure" objects="2329" bytes="55896" bytesdiscarded="0" />
</gc-op>
<gc-end id="755" type="scavenge" contextid="751" durationms="4.384" usertimems="8.452" systemtimems="0.227" timestamp="2019-08-08T20:24:29.015" activeThreads="16">
  <mem-info id="756" free="4589128" total="12320768" percent="37">
    <mem type="nursery" free="3854592" total="4587520" percent="84">
      <mem type="allocate" free="3854592" total="4128768" percent="93" />
      <mem type="survivor" free="0" total="458752" percent="0" />
    </mem>
    <mem type="tenure" free="734536" total="7733248" percent="9" macro-fragmented="418667">
      <mem type="soa" free="657736" total="7656448" percent="8" />
      <mem type="loa" free="76800" total="76800" percent="100" />
    </mem>
    <remembered-set count="401" />
  </mem-info>
</gc-end>
<cycle-end id="757" type="scavenge" contextid="751" timestamp="2019-08-08T20:24:29.015" />
  <attribute name="elasticGC enabled" value="1" />
  <attribute name= "numThreadsSpecified" value="16" />
  <attribute name="heapSize specified" value="12255232" />
  <attribute name="Current GC Util" value="0" />
  <attribute name= "Current Time Running" value="36430" />
  <attribute name ="GC Interval" value="2097" />
  <attribute name="Target GC Util Change" value ="80.000000" />
  <attribute name="Current GC Util Change" value="0.000000"/>
  <attribute name="Current Error" value="160.000000" />
  <attribute name="Output H" value="12358704"/>
  <attribute name="Output I" value="2096"/>
  <attribute name="Output T" value="16"/>
  <attribute name= "Current Time Running" value="36430" />
  <attribute name="GC Util currently" value="0" />
  <attribute name="CPU Util currently" value="12" />
<allocation-satisfied id="758" threadId="0000000000C47F00" bytesRequested="16" />
<af-end id="759" timestamp="2019-08-08T20:24:29.015" threadId="0000000000C48888" success="true" from="nursery"/>
<exclusive-end id="760" timestamp="2019-08-08T20:24:29.015" durationms="4.747" />

<exclusive-start id="761" timestamp="2019-08-08T20:24:31.104" intervalms="2093.529">
  <response-info timems="0.264" idlems="0.264" threads="0" lastid="0000000000C7C600" lastname="node-7" />
</exclusive-start>
<af-start id="762" threadId="0000000000C7CF88" totalBytesRequested="24" timestamp="2019-08-08T20:24:31.104" intervalms="2093.686" type="nursery" />
<cycle-start id="763" type="scavenge" contextid="0" timestamp="2019-08-08T20:24:31.104" intervalms="2093.689" />
<gc-start id="764" type="scavenge" contextid="763" timestamp="2019-08-08T20:24:31.104">
  <mem-info id="765" free="734536" total="12320768" percent="5">
    <mem type="nursery" free="0" total="4587520" percent="0">
      <mem type="allocate" free="0" total="4128768" percent="0" />
      <mem type="survivor" free="0" total="458752" percent="0" />
    </mem>
    <mem type="tenure" free="734536" total="7733248" percent="9">
      <mem type="soa" free="657736" total="7656448" percent="8" />
      <mem type="loa" free="76800" total="76800" percent="100" />
    </mem>
    <remembered-set count="507" />
  </mem-info>
</gc-start>
<allocation-stats totalBytes="3849784" >
  <allocated-bytes non-tlh="16" tlh="3849768" />
  <largest-consumer threadName="node-9" threadId="0000000000C65E00" bytes="208800" />
</allocation-stats>
<gc-op id="766" type="scavenge" timems="3.038" contextid="763" timestamp="2019-08-08T20:24:31.107">
  <scavenger-info tenureage="3" tenuremask="ffe8" tiltratio="90" />
  <memory-copied type="nursery" objects="7947" bytes="192440" bytesdiscarded="81736" />
  <memory-copied type="tenure" objects="2195" bytes="52680" bytesdiscarded="0" />
</gc-op>
<gc-end id="767" type="scavenge" contextid="763" durationms="3.618" usertimems="2.455" systemtimems="3.405" timestamp="2019-08-08T20:24:31.108" activeThreads="16">
  <mem-info id="768" free="4524616" total="12320768" percent="36">
    <mem type="nursery" free="3854592" total="4587520" percent="84">
      <mem type="allocate" free="3854592" total="4128768" percent="93" />
      <mem type="survivor" free="0" total="458752" percent="0" />
    </mem>
    <mem type="tenure" free="670024" total="7733248" percent="8" macro-fragmented="0">
      <mem type="soa" free="593224" total="7656448" percent="7" />
      <mem type="loa" free="76800" total="76800" percent="100" />
    </mem>
    <remembered-set count="416" />
  </mem-info>
</gc-end>
<cycle-end id="769" type="scavenge" contextid="763" timestamp="2019-08-08T20:24:31.108" />
  <attribute name="elasticGC enabled" value="1" />
  <attribute name= "numThreadsSpecified" value="16" />
  <attribute name="heapSize specified" value="12255232" />
  <attribute name="Current GC Util" value="0" />
  <attribute name= "Current Time Running" value="38523" />
  <attribute name ="GC Interval" value="2145" />
  <attribute name="Target GC Util Change" value ="80.000000" />
  <attribute name="Current GC Util Change" value="0.000000"/>
  <attribute name="Current Error" value="240.000000" />
  <attribute name="Output H" value="12358752"/>
  <attribute name="Output I" value="2144"/>
  <attribute name="Output T" value="16"/>
  <attribute name= "Current Time Running" value="38523" />
  <attribute name="GC Util currently" value="0" />
  <attribute name="CPU Util currently" value="14" />
<allocation-satisfied id="770" threadId="0000000000C7C600" bytesRequested="24" />
<af-end id="771" timestamp="2019-08-08T20:24:31.108" threadId="0000000000C7CF88" success="true" from="nursery"/>
<exclusive-end id="772" timestamp="2019-08-08T20:24:31.108" durationms="4.078" />

<exclusive-start id="773" timestamp="2019-08-08T20:24:32.758" intervalms="1654.281">
  <response-info timems="0.073" idlems="0.073" threads="0" lastid="0000000000C65E00" lastname="node-9" />
</exclusive-start>
<af-start id="774" threadId="0000000000C66788" totalBytesRequested="24" timestamp="2019-08-08T20:24:32.758" intervalms="1654.127" type="nursery" />
<cycle-start id="775" type="scavenge" contextid="0" timestamp="2019-08-08T20:24:32.758" intervalms="1654.121" />
<gc-start id="776" type="scavenge" contextid="775" timestamp="2019-08-08T20:24:32.758">
  <mem-info id="777" free="670024" total="12320768" percent="5">
    <mem type="nursery" free="0" total="4587520" percent="0">
      <mem type="allocate" free="0" total="4128768" percent="0" />
      <mem type="survivor" free="0" total="458752" percent="0" />
    </mem>
    <mem type="tenure" free="670024" total="7733248" percent="8">
      <mem type="soa" free="593224" total="7656448" percent="7" />
      <mem type="loa" free="76800" total="76800" percent="100" />
    </mem>
    <remembered-set count="509" />
  </mem-info>
</gc-start>
<allocation-stats totalBytes="3851208" >
  <allocated-bytes non-tlh="24" tlh="3851184" />
  <largest-consumer threadName="node-7" threadId="0000000000C7C600" bytes="208880" />
</allocation-stats>
<gc-op id="778" type="scavenge" timems="5.378" contextid="775" timestamp="2019-08-08T20:24:32.764">
  <scavenger-info tenureage="3" tenuremask="ffe8" tiltratio="90" />
  <memory-copied type="nursery" objects="7743" bytes="187544" bytesdiscarded="38248" />
  <memory-copied type="tenure" objects="2398" bytes="57552" bytesdiscarded="0" />
</gc-op>
<gc-end id="779" type="scavenge" contextid="775" durationms="5.748" usertimems="8.091" systemtimems="3.384" timestamp="2019-08-08T20:24:32.764" activeThreads="16">
  <mem-info id="780" free="4508488" total="12320768" percent="36">
    <mem type="nursery" free="3902976" total="4587520" percent="85">
      <mem type="allocate" free="3902976" total="4128768" percent="94" />
      <mem type="survivor" free="0" total="458752" percent="0" />
    </mem>
    <mem type="tenure" free="605512" total="7733248" percent="7" macro-fragmented="418667">
      <mem type="soa" free="528712" total="7656448" percent="6" />
      <mem type="loa" free="76800" total="76800" percent="100" />
    </mem>
    <remembered-set count="416" />
  </mem-info>
</gc-end>
<cycle-end id="781" type="scavenge" contextid="775" timestamp="2019-08-08T20:24:32.764" />
  <attribute name="elasticGC enabled" value="1" />
  <attribute name= "numThreadsSpecified" value="16" />
  <attribute name="heapSize specified" value="12255232" />
  <attribute name="Current GC Util" value="0" />
  <attribute name= "Current Time Running" value="40177" />
  <attribute name ="GC Interval" value="2185" />
  <attribute name="Target GC Util Change" value ="80.000000" />
  <attribute name="Current GC Util Change" value="0.000000"/>
  <attribute name="Current Error" value="320.000000" />
  <attribute name="Output H" value="12358792"/>
  <attribute name="Output I" value="2184"/>
  <attribute name="Output T" value="16"/>
  <attribute name= "Current Time Running" value="40177" />
  <attribute name="GC Util currently" value="0" />
  <attribute name="CPU Util currently" value="12" />
<allocation-satisfied id="782" threadId="0000000000C65E00" bytesRequested="24" />
<af-end id="783" timestamp="2019-08-08T20:24:32.764" threadId="0000000000C66788" success="true" from="nursery"/>
<exclusive-end id="784" timestamp="2019-08-08T20:24:32.764" durationms="5.992" />

<exclusive-start id="785" timestamp="2019-08-08T20:24:34.767" intervalms="2008.946">
  <response-info timems="0.091" idlems="0.091" threads="0" lastid="0000000000C40700" lastname="node-12" />
</exclusive-start>
<af-start id="786" threadId="0000000000C41088" totalBytesRequested="32" timestamp="2019-08-08T20:24:34.767" intervalms="2009.025" type="nursery" />
<cycle-start id="787" type="scavenge" contextid="0" timestamp="2019-08-08T20:24:34.767" intervalms="2009.037" />
<gc-start id="788" type="scavenge" contextid="787" timestamp="2019-08-08T20:24:34.767">
  <mem-info id="789" free="605512" total="12320768" percent="4">
    <mem type="nursery" free="0" total="4587520" percent="0">
      <mem type="allocate" free="0" total="4128768" percent="0" />
      <mem type="survivor" free="0" total="458752" percent="0" />
    </mem>
    <mem type="tenure" free="605512" total="7733248" percent="7">
      <mem type="soa" free="528712" total="7656448" percent="6" />
      <mem type="loa" free="76800" total="76800" percent="100" />
    </mem>
    <remembered-set count="507" />
  </mem-info>
</gc-start>
<allocation-stats totalBytes="3897216" >
  <allocated-bytes non-tlh="24" tlh="3897192" />
  <largest-consumer threadName="node-9" threadId="0000000000C65E00" bytes="208776" />
</allocation-stats>
<gc-op id="790" type="scavenge" timems="4.214" contextid="787" timestamp="2019-08-08T20:24:34.772">
  <scavenger-info tenureage="3" tenuremask="ffe8" tiltratio="90" />
  <memory-copied type="nursery" objects="8334" bytes="199096" bytesdiscarded="58952" />
  <memory-copied type="tenure" objects="2103" bytes="50472" bytesdiscarded="0" />
</gc-op>
<gc-end id="791" type="scavenge" contextid="787" durationms="5.484" usertimems="3.737" systemtimems="4.897" timestamp="2019-08-08T20:24:34.773" activeThreads="16">
  <mem-info id="792" free="4411720" total="12320768" percent="35">
    <mem type="nursery" free="3870720" total="4587520" percent="84">
      <mem type="allocate" free="3870720" total="4128768" percent="93" />
      <mem type="survivor" free="0" total="458752" percent="0" />
    </mem>
    <mem type="tenure" free="541000" total="7733248" percent="6" macro-fragmented="418667">
      <mem type="soa" free="464200" total="7656448" percent="6" />
      <mem type="loa" free="76800" total="76800" percent="100" />
    </mem>
    <remembered-set count="394" />
  </mem-info>
</gc-end>
<cycle-end id="793" type="scavenge" contextid="787" timestamp="2019-08-08T20:24:34.773" />
  <attribute name="elasticGC enabled" value="1" />
  <attribute name= "numThreadsSpecified" value="16" />
  <attribute name="heapSize specified" value="12255232" />
  <attribute name="Current GC Util" value="0" />
  <attribute name= "Current Time Running" value="42186" />
  <attribute name ="GC Interval" value="2233" />
  <attribute name="Target GC Util Change" value ="80.000000" />
  <attribute name="Current GC Util Change" value="0.000000"/>
  <attribute name="Current Error" value="400.000000" />
  <attribute name="Output H" value="12358840"/>
  <attribute name="Output I" value="2232"/>
  <attribute name="Output T" value="16"/>
  <attribute name= "Current Time Running" value="42186" />
  <attribute name="GC Util currently" value="0" />
  <attribute name="CPU Util currently" value="13" />
<allocation-satisfied id="794" threadId="0000000000C40700" bytesRequested="32" />
<af-end id="795" timestamp="2019-08-08T20:24:34.773" threadId="0000000000C41088" success="true" from="nursery"/>
<exclusive-end id="796" timestamp="2019-08-08T20:24:34.773" durationms="5.860" />

<exclusive-start id="797" timestamp="2019-08-08T20:24:36.833" intervalms="2066.459">
  <response-info timems="0.106" idlems="0.106" threads="0" lastid="0000000000C53300" lastname="node-13" />
</exclusive-start>
<af-start id="798" threadId="0000000000C53C88" totalBytesRequested="16" timestamp="2019-08-08T20:24:36.834" intervalms="2066.381" type="nursery" />
<cycle-start id="799" type="scavenge" contextid="0" timestamp="2019-08-08T20:24:36.834" intervalms="2066.470" />
<gc-start id="800" type="scavenge" contextid="799" timestamp="2019-08-08T20:24:36.834">
  <mem-info id="801" free="541000" total="12320768" percent="4">
    <mem type="nursery" free="0" total="4587520" percent="0">
      <mem type="allocate" free="0" total="4128768" percent="0" />
      <mem type="survivor" free="0" total="458752" percent="0" />
    </mem>
    <mem type="tenure" free="541000" total="7733248" percent="6">
      <mem type="soa" free="464200" total="7656448" percent="6" />
      <mem type="loa" free="76800" total="76800" percent="100" />
    </mem>
    <remembered-set count="511" />
  </mem-info>
</gc-start>
<allocation-stats totalBytes="3869608" >
  <allocated-bytes non-tlh="32" tlh="3869576" />
  <largest-consumer threadName="node-8" threadId="0000000000C92D00" bytes="208832" />
</allocation-stats>
<gc-op id="802" type="scavenge" timems="5.821" contextid="799" timestamp="2019-08-08T20:24:36.840">
  <scavenger-info tenureage="3" tenuremask="ffe8" tiltratio="90" />
  <memory-copied type="nursery" objects="7932" bytes="192608" bytesdiscarded="81568" />
  <memory-copied type="tenure" objects="3306" bytes="79344" bytesdiscarded="0" />
</gc-op>
<gc-end id="803" type="scavenge" contextid="799" durationms="6.477" usertimems="2.248" systemtimems="5.728" timestamp="2019-08-08T20:24:36.841" activeThreads="16">
  <mem-info id="804" free="4314952" total="12320768" percent="35">
    <mem type="nursery" free="3854592" total="4587520" percent="84">
      <mem type="allocate" free="3854592" total="4128768" percent="93" />
      <mem type="survivor" free="0" total="458752" percent="0" />
    </mem>
    <mem type="tenure" free="460360" total="7733248" percent="5" macro-fragmented="3657">
      <mem type="soa" free="383560" total="7656448" percent="5" />
      <mem type="loa" free="76800" total="76800" percent="100" />
    </mem>
    <remembered-set count="407" />
  </mem-info>
</gc-end>
<cycle-end id="805" type="scavenge" contextid="799" timestamp="2019-08-08T20:24:36.841" />
  <attribute name="elasticGC enabled" value="1" />
  <attribute name= "numThreadsSpecified" value="16" />
  <attribute name="heapSize specified" value="12255232" />
  <attribute name="Current GC Util" value="0" />
  <attribute name= "Current Time Running" value="44253" />
  <attribute name ="GC Interval" value="2281" />
  <attribute name="Target GC Util Change" value ="80.000000" />
  <attribute name="Current GC Util Change" value="0.000000"/>
  <attribute name="Current Error" value="480.000000" />
  <attribute name="Output H" value="12358888"/>
  <attribute name="Output I" value="2280"/>
  <attribute name="Output T" value="16"/>
  <attribute name= "Current Time Running" value="44253" />
  <attribute name="GC Util currently" value="0" />
  <attribute name="CPU Util currently" value="14" />
<allocation-satisfied id="806" threadId="0000000000C53300" bytesRequested="16" />
<af-end id="807" timestamp="2019-08-08T20:24:36.841" threadId="0000000000C53C88" success="true" from="nursery"/>
<exclusive-end id="808" timestamp="2019-08-08T20:24:36.841" durationms="7.626" />

<exclusive-start id="809" timestamp="2019-08-08T20:24:38.523" intervalms="1689.233">
  <response-info timems="0.281" idlems="0.281" threads="0" lastid="0000000000C7C600" lastname="node-7" />
</exclusive-start>
<af-start id="810" threadId="0000000000C7CF88" totalBytesRequested="16" timestamp="2019-08-08T20:24:38.523" intervalms="1689.223" type="nursery" />
<cycle-start id="811" type="scavenge" contextid="0" timestamp="2019-08-08T20:24:38.523" intervalms="1689.295" />
<gc-start id="812" type="scavenge" contextid="811" timestamp="2019-08-08T20:24:38.523">
  <mem-info id="813" free="460360" total="12320768" percent="3">
    <mem type="nursery" free="0" total="4587520" percent="0">
      <mem type="allocate" free="0" total="4128768" percent="0" />
      <mem type="survivor" free="0" total="458752" percent="0" />
    </mem>
    <mem type="tenure" free="460360" total="7733248" percent="5">
      <mem type="soa" free="383560" total="7656448" percent="5" />
      <mem type="loa" free="76800" total="76800" percent="100" />
    </mem>
    <remembered-set count="512" />
  </mem-info>
</gc-start>
<allocation-stats totalBytes="3849480" >
  <allocated-bytes non-tlh="16" tlh="3849464" />
  <largest-consumer threadName="node-8" threadId="0000000000C92D00" bytes="208872" />
</allocation-stats>
<gc-op id="814" type="scavenge" timems="3.427" contextid="811" timestamp="2019-08-08T20:24:38.526">
  <scavenger-info tenureage="3" tenuremask="ffe8" tiltratio="90" />
  <memory-copied type="nursery" objects="8238" bytes="208280" bytesdiscarded="49768" />
  <memory-copied type="tenure" objects="2194" bytes="52656" bytesdiscarded="0" />
</gc-op>
<gc-end id="815" type="scavenge" contextid="811" durationms="3.923" usertimems="4.671" systemtimems="2.807" timestamp="2019-08-08T20:24:38.527" activeThreads="16">
  <mem-info id="816" free="4282696" total="12320768" percent="34">
    <mem type="nursery" free="3870720" total="4587520" percent="84">
      <mem type="allocate" free="3870720" total="4128768" percent="93" />
      <mem type="survivor" free="0" total="458752" percent="0" />
    </mem>
    <mem type="tenure" free="411976" total="7733248" percent="5" macro-fragmented="0">
      <mem type="soa" free="335176" total="7656448" percent="4" />
      <mem type="loa" free="76800" total="76800" percent="100" />
    </mem>
    <remembered-set count="409" />
  </mem-info>
</gc-end>
<cycle-end id="817" type="scavenge" contextid="811" timestamp="2019-08-08T20:24:38.527" />
  <attribute name="elasticGC enabled" value="1" />
  <attribute name= "numThreadsSpecified" value="16" />
  <attribute name="heapSize specified" value="12255232" />
  <attribute name="Current GC Util" value="0" />
  <attribute name= "Current Time Running" value="45942" />
  <attribute name ="GC Interval" value="2049" />
  <attribute name="Target GC Util Change" value ="80.000000" />
  <attribute name="Current GC Util Change" value="0.000000"/>
  <attribute name="Current Error" value="80.000000" />
  <attribute name="Output H" value="12358656"/>
  <attribute name="Output I" value="2048"/>
  <attribute name="Output T" value="16"/>
  <attribute name= "Current Time Running" value="45942" />
  <attribute name="GC Util currently" value="0" />
  <attribute name="CPU Util currently" value="12" />
<allocation-satisfied id="818" threadId="0000000000C7C600" bytesRequested="16" />
<af-end id="819" timestamp="2019-08-08T20:24:38.527" threadId="0000000000C7CF88" success="true" from="nursery"/>
<exclusive-end id="820" timestamp="2019-08-08T20:24:38.527" durationms="4.308" />

<exclusive-start id="821" timestamp="2019-08-08T20:24:40.199" intervalms="1675.821">
  <response-info timems="0.843" idlems="0.843" threads="0" lastid="0000000000C5AB00" lastname="node-15" />
</exclusive-start>
<af-start id="822" threadId="0000000000C5B488" totalBytesRequested="24" timestamp="2019-08-08T20:24:40.199" intervalms="1675.844" type="nursery" />
<cycle-start id="823" type="scavenge" contextid="0" timestamp="2019-08-08T20:24:40.199" intervalms="1675.669" />
<gc-start id="824" type="scavenge" contextid="823" timestamp="2019-08-08T20:24:40.199">
  <mem-info id="825" free="411976" total="12320768" percent="3">
    <mem type="nursery" free="0" total="4587520" percent="0">
      <mem type="allocate" free="0" total="4128768" percent="0" />
      <mem type="survivor" free="0" total="458752" percent="0" />
    </mem>
    <mem type="tenure" free="411976" total="7733248" percent="5">
      <mem type="soa" free="335176" total="7656448" percent="4" />
      <mem type="loa" free="76800" total="76800" percent="100" />
    </mem>
    <remembered-set count="514" />
  </mem-info>
</gc-start>
<allocation-stats totalBytes="3865768" >
  <allocated-bytes non-tlh="16" tlh="3865752" />
  <largest-consumer threadName="node-8" threadId="0000000000C92D00" bytes="208728" />
</allocation-stats>
<gc-op id="826" type="scavenge" timems="3.658" contextid="823" timestamp="2019-08-08T20:24:40.202">
  <scavenger-info tenureage="3" tenuremask="ffe8" tiltratio="90" />
  <memory-copied type="nursery" objects="7899" bytes="191288" bytesdiscarded="34504" />
  <memory-copied type="tenure" objects="2719" bytes="65256" bytesdiscarded="0" />
</gc-op>
<gc-end id="827" type="scavenge" contextid="823" durationms="3.908" usertimems="2.819" systemtimems="3.038" timestamp="2019-08-08T20:24:40.203" activeThreads="16">
  <mem-info id="828" free="4234312" total="12320768" percent="34">
    <mem type="nursery" free="3902976" total="4587520" percent="85">
      <mem type="allocate" free="3902976" total="4128768" percent="94" />
      <mem type="survivor" free="0" total="458752" percent="0" />
    </mem>
    <mem type="tenure" free="331336" total="7733248" percent="4" macro-fragmented="0">
      <mem type="soa" free="254536" total="7656448" percent="3" />
      <mem type="loa" free="76800" total="76800" percent="100" />
    </mem>
    <remembered-set count="419" />
  </mem-info>
</gc-end>
<cycle-end id="829" type="scavenge" contextid="823" timestamp="2019-08-08T20:24:40.203" />
  <attribute name="elasticGC enabled" value="1" />
  <attribute name= "numThreadsSpecified" value="16" />
  <attribute name="heapSize specified" value="12255232" />
  <attribute name="Current GC Util" value="0" />
  <attribute name= "Current Time Running" value="47618" />
  <attribute name ="GC Interval" value="2097" />
  <attribute name="Target GC Util Change" value ="80.000000" />
  <attribute name="Current GC Util Change" value="0.000000"/>
  <attribute name="Current Error" value="160.000000" />
  <attribute name="Output H" value="12358704"/>
  <attribute name="Output I" value="2096"/>
  <attribute name="Output T" value="16"/>
  <attribute name= "Current Time Running" value="47618" />
  <attribute name="GC Util currently" value="0" />
  <attribute name="CPU Util currently" value="12" />
<allocation-satisfied id="830" threadId="0000000000C5AB00" bytesRequested="24" />
<af-end id="831" timestamp="2019-08-08T20:24:40.203" threadId="0000000000C5B488" success="true" from="nursery"/>
<exclusive-end id="832" timestamp="2019-08-08T20:24:40.203" durationms="4.116" />

<exclusive-start id="833" timestamp="2019-08-08T20:24:42.253" intervalms="2054.424">
  <response-info timems="0.325" idlems="0.325" threads="0" lastid="0000000000C4F700" lastname="node-5" />
</exclusive-start>
<af-start id="834" threadId="0000000000C50088" totalBytesRequested="16" timestamp="2019-08-08T20:24:42.253" intervalms="2054.399" type="nursery" />
<cycle-start id="835" type="scavenge" contextid="0" timestamp="2019-08-08T20:24:42.253" intervalms="2054.394" />
<gc-start id="836" type="scavenge" contextid="835" timestamp="2019-08-08T20:24:42.253">
  <mem-info id="837" free="331336" total="12320768" percent="2">
    <mem type="nursery" free="0" total="4587520" percent="0">
      <mem type="allocate" free="0" total="4128768" percent="0" />
      <mem type="survivor" free="0" total="458752" percent="0" />
    </mem>
    <mem type="tenure" free="331336" total="7733248" percent="4">
      <mem type="soa" free="254536" total="7656448" percent="3" />
      <mem type="loa" free="76800" total="76800" percent="100" />
    </mem>
    <remembered-set count="516" />
  </mem-info>
</gc-start>
<allocation-stats totalBytes="3898336" >
  <allocated-bytes non-tlh="24" tlh="3898312" />
  <largest-consumer threadName="node-9" threadId="0000000000C65E00" bytes="208168" />
</allocation-stats>
<gc-op id="838" type="scavenge" timems="2.479" contextid="835" timestamp="2019-08-08T20:24:42.256">
  <scavenger-info tenureage="3" tenuremask="ffe8" tiltratio="90" />
  <memory-copied type="nursery" objects="7920" bytes="189784" bytesdiscarded="52136" />
  <memory-copied type="tenure" objects="2871" bytes="68904" bytesdiscarded="0" />
</gc-op>
<gc-end id="839" type="scavenge" contextid="835" durationms="2.912" usertimems="1.498" systemtimems="3.043" timestamp="2019-08-08T20:24:42.256" activeThreads="16">
  <mem-info id="840" free="4137544" total="12320768" percent="33">
    <mem type="nursery" free="3886848" total="4587520" percent="84">
      <mem type="allocate" free="3886848" total="4128768" percent="94" />
      <mem type="survivor" free="0" total="458752" percent="0" />
    </mem>
    <mem type="tenure" free="250696" total="7733248" percent="3" macro-fragmented="2116">
      <mem type="soa" free="173896" total="7656448" percent="2" />
      <mem type="loa" free="76800" total="76800" percent="100" />
    </mem>
    <remembered-set count="397" />
  </mem-info>
</gc-end>
<cycle-end id="841" type="scavenge" contextid="835" timestamp="2019-08-08T20:24:42.256" />
  <attribute name="elasticGC enabled" value="1" />
  <attribute name= "numThreadsSpecified" value="16" />
  <attribute name="heapSize specified" value="12255232" />
  <attribute name="Current GC Util" value="0" />
  <attribute name= "Current Time Running" value="49672" />
  <attribute name ="GC Interval" value="2145" />
  <attribute name="Target GC Util Change" value ="80.000000" />
  <attribute name="Current GC Util Change" value="0.000000"/>
  <attribute name="Current Error" value="240.000000" />
  <attribute name="Output H" value="12358752"/>
  <attribute name="Output I" value="2144"/>
  <attribute name="Output T" value="16"/>
  <attribute name= "Current Time Running" value="49672" />
  <attribute name="GC Util currently" value="0" />
  <attribute name="CPU Util currently" value="14" />
<allocation-satisfied id="842" threadId="0000000000C4F700" bytesRequested="16" />
<af-end id="843" timestamp="2019-08-08T20:24:42.256" threadId="0000000000C50088" success="true" from="nursery"/>
<exclusive-end id="844" timestamp="2019-08-08T20:24:42.256" durationms="3.198" />

<exclusive-start id="845" timestamp="2019-08-08T20:24:44.213" intervalms="1959.766">
  <response-info timems="0.722" idlems="0.722" threads="0" lastid="0000000000C47F00" lastname="node-6" />
</exclusive-start>
<af-start id="846" threadId="0000000000C48888" totalBytesRequested="16" timestamp="2019-08-08T20:24:44.213" intervalms="1959.775" type="nursery" />
<cycle-start id="847" type="scavenge" contextid="0" timestamp="2019-08-08T20:24:44.213" intervalms="1959.920" />
<gc-start id="848" type="scavenge" contextid="847" timestamp="2019-08-08T20:24:44.213">
  <mem-info id="849" free="250696" total="12320768" percent="2">
    <mem type="nursery" free="0" total="4587520" percent="0">
      <mem type="allocate" free="0" total="4128768" percent="0" />
      <mem type="survivor" free="0" total="458752" percent="0" />
    </mem>
    <mem type="tenure" free="250696" total="7733248" percent="3">
      <mem type="soa" free="173896" total="7656448" percent="2" />
      <mem type="loa" free="76800" total="76800" percent="100" />
    </mem>
    <remembered-set count="511" />
  </mem-info>
</gc-start>
<allocation-stats totalBytes="3881024" >
  <allocated-bytes non-tlh="16" tlh="3881008" />
  <largest-consumer threadName="node-9" threadId="0000000000C65E00" bytes="208856" />
</allocation-stats>
<gc-op id="850" type="scavenge" timems="3.607" contextid="847" timestamp="2019-08-08T20:24:44.217">
  <scavenger-info tenureage="3" tenuremask="4008" tiltratio="90" />
  <memory-copied type="nursery" objects="8417" bytes="201984" bytesdiscarded="56064" />
  <memory-copied type="tenure" objects="2482" bytes="59568" bytesdiscarded="0" />
</gc-op>
<gc-end id="851" type="scavenge" contextid="847" durationms="4.378" usertimems="3.800" systemtimems="3.675" timestamp="2019-08-08T20:24:44.217" activeThreads="16">
  <mem-info id="852" free="4073032" total="12320768" percent="33">
    <mem type="nursery" free="3870720" total="4587520" percent="84">
      <mem type="allocate" free="3870720" total="4128768" percent="93" />
      <mem type="survivor" free="0" total="458752" percent="0" />
    </mem>
    <mem type="tenure" free="202312" total="7733248" percent="2" macro-fragmented="0">
      <mem type="soa" free="125512" total="7656448" percent="1" />
      <mem type="loa" free="76800" total="76800" percent="100" />
    </mem>
    <remembered-set count="404" />
  </mem-info>
</gc-end>
<cycle-end id="853" type="scavenge" contextid="847" timestamp="2019-08-08T20:24:44.217" />
  <attribute name="elasticGC enabled" value="1" />
  <attribute name= "numThreadsSpecified" value="16" />
  <attribute name="heapSize specified" value="12255232" />
  <attribute name="Current GC Util" value="0" />
  <attribute name= "Current Time Running" value="51632" />
  <attribute name ="GC Interval" value="2185" />
  <attribute name="Target GC Util Change" value ="80.000000" />
  <attribute name="Current GC Util Change" value="0.000000"/>
  <attribute name="Current Error" value="320.000000" />
  <attribute name="Output H" value="12358792"/>
  <attribute name="Output I" value="2184"/>
  <attribute name="Output T" value="16"/>
  <attribute name= "Current Time Running" value="51632" />
  <attribute name="GC Util currently" value="0" />
  <attribute name="CPU Util currently" value="14" />
<allocation-satisfied id="854" threadId="0000000000C47F00" bytesRequested="16" />
<af-end id="855" timestamp="2019-08-08T20:24:44.217" threadId="0000000000C48888" success="true" from="nursery"/>
<exclusive-end id="856" timestamp="2019-08-08T20:24:44.217" durationms="4.739" />

<concurrent-kickoff id="857" timestamp="2019-08-08T20:24:45.773">
  <kickoff reason="threshold reached" targetBytes="5365864" thresholdFreeBytes="739027"  remainingFree="716784" tenureFreeBytes="202312" nurseryFreeBytes="716784" />
</concurrent-kickoff>
<exclusive-start id="858" timestamp="2019-08-08T20:24:45.774" intervalms="1560.828">
  <response-info timems="0.034" idlems="0.034" threads="0" lastid="0000000000C71200" lastname="node-16" />
</exclusive-start>
<cycle-start id="859" type="global" contextid="0" timestamp="2019-08-08T20:24:45.774" intervalms="25529.141" />
<exclusive-end id="860" timestamp="2019-08-08T20:24:45.774" durationms="0.017" />

<exclusive-start id="861" timestamp="2019-08-08T20:24:46.353" intervalms="579.201">
  <response-info timems="0.034" idlems="0.034" threads="0" lastid="0000000000C65E00" lastname="node-9" />
</exclusive-start>
<concurrent-collection-start id="862" timestamp="2019-08-08T20:24:46.353" intervalms="25589.110" >
  <concurrent-trace-info reason="card cleaning threshold reached" tracedByMutators="670356" tracedByHelpers="4690772" cardsCleaned="112" workStackOverflowCount="0" />
</concurrent-collection-start>
<gc-start id="863" type="global" contextid="859" timestamp="2019-08-08T20:24:46.353">
  <mem-info id="864" free="202312" total="12320768" percent="1">
    <mem type="nursery" free="0" total="4587520" percent="0">
      <mem type="allocate" free="0" total="4128768" percent="0" />
      <mem type="survivor" free="0" total="458752" percent="0" />
    </mem>
    <mem type="tenure" free="202312" total="7733248" percent="2">
      <mem type="soa" free="125512" total="7656448" percent="1" />
      <mem type="loa" free="76800" total="76800" percent="100" />
    </mem>
    <remembered-set count="516" />
  </mem-info>
</gc-start>
<allocation-stats totalBytes="3868152" >
  <allocated-bytes non-tlh="16" tlh="3868136" />
  <largest-consumer threadName="node-7" threadId="0000000000C7C600" bytes="208608" />
</allocation-stats>
<gc-op id="865" type="rs-scan" timems="5.373" contextid="859" timestamp="2019-08-08T20:24:46.359">
  <scan objectsFound="224" bytesTraced="13496" workStackOverflowCount="0" />
</gc-op>
<gc-op id="866" type="card-cleaning" timems="6.721" contextid="859" timestamp="2019-08-08T20:24:46.365">
  <card-cleaning cardsCleaned="26" bytesTraced="56160" workStackOverflowCount="0" />
</gc-op>
<gc-op id="867" type="mark" timems="8.151" contextid="859" timestamp="2019-08-08T20:24:46.374">
  <trace-info objectcount="289" scancount="244" scanbytes="6236" />
  <finalization candidates="13" enqueued="0" />
  <references type="soft" candidates="45" cleared="0" enqueued="0" dynamicThreshold="3" maxThreshold="32" />
  <references type="weak" candidates="130" cleared="0" enqueued="0" />
  <references type="phantom" candidates="33" cleared="0" enqueued="0" />
  <stringconstants candidates="3837" cleared="0"  />
</gc-op>
<gc-op id="868" type="sweep" timems="1.770" contextid="859" timestamp="2019-08-08T20:24:46.375" />
<mem-info id="869" free="4906632" total="12320768" percent="39">
  <mem type="nursery" free="4031432" total="4587520" percent="87">
    <mem type="allocate" free="4031432" total="4128768" percent="97" />
    <mem type="survivor" free="0" total="458752" percent="0" />
  </mem>
  <mem type="tenure" free="875200" total="7733248" percent="11" micro-fragmented="0" macro-fragmented="502401">
    <mem type="soa" free="798400" total="7656448" percent="10" />
    <mem type="loa" free="76800" total="76800" percent="100" />
  </mem>
  <remembered-set count="373" />
</mem-info>
<gc-op id="870" type="compact" timems="29.853" contextid="859" timestamp="2019-08-08T20:24:46.405">
  <compact-info movecount="3315" movebytes="94800" reason="compact to aid heap contraction" />
</gc-op>
<heap-resize id="871" type="expand" space="tenure" amount="65536" count="1" timems="0.024" reason="satisfy allocation request" timestamp="2019-08-08T20:24:46.407" />
<gc-end id="872" type="global" contextid="859" durationms="54.211" usertimems="32.515" systemtimems="30.782" timestamp="2019-08-08T20:24:46.407" activeThreads="16">
  <mem-info id="873" free="5049808" total="12386304" percent="40">
    <mem type="nursery" free="4109072" total="4587520" percent="89">
      <mem type="allocate" free="4109072" total="4128768" percent="99" />
      <mem type="survivor" free="0" total="458752" percent="0" />
    </mem>
    <mem type="tenure" free="940736" total="7798784" percent="12">
      <mem type="soa" free="862912" total="7720960" percent="11" />
      <mem type="loa" free="77824" total="77824" percent="100" />
    </mem>
    <remembered-set count="373" />
  </mem-info>
</gc-end>
<cycle-end id="874" type="global" contextid="859" timestamp="2019-08-08T20:24:46.407" />
  <attribute name="elasticGC enabled" value="1" />
  <attribute name= "numThreadsSpecified" value="16" />
  <attribute name="heapSize specified" value="12320768" />
  <attribute name="Current GC Util" value="58" />
  <attribute name= "Current Time Running" value="53825" />
  <attribute name ="GC Interval" value="2185" />
  <attribute name="Target GC Util Change" value ="80.000000" />
  <attribute name="Current GC Util Change" value="58.000000"/>
  <attribute name="Current Error" value="-125.000000" />
  <attribute name="Output H" value="12358536"/>
  <attribute name="Output I" value="1928"/>
  <attribute name="Output T" value="16"/>
  <attribute name= "Current Time Running" value="53825" />
  <attribute name="GC Util currently" value="58" />
  <attribute name="CPU Util currently" value="38532928928" />
<concurrent-collection-end id="875" timestamp="2019-08-08T20:24:46.407" />
<exclusive-end id="876" timestamp="2019-08-08T20:24:46.407" durationms="54.686" />

<exclusive-start id="877" timestamp="2019-08-08T20:24:48.419" intervalms="2066.520">
  <response-info timems="0.127" idlems="0.127" threads="0" lastid="0000000000C5E600" lastname="node-2" />
</exclusive-start>
<af-start id="878" threadId="0000000000C5EF88" totalBytesRequested="32" timestamp="2019-08-08T20:24:48.419" intervalms="4206.552" type="nursery" />
<cycle-start id="879" type="scavenge" contextid="0" timestamp="2019-08-08T20:24:48.419" intervalms="4206.407" />
<gc-start id="880" type="scavenge" contextid="879" timestamp="2019-08-08T20:24:48.419">
  <mem-info id="881" free="940736" total="12386304" percent="7">
    <mem type="nursery" free="0" total="4587520" percent="0">
      <mem type="allocate" free="0" total="4128768" percent="0" />
      <mem type="survivor" free="0" total="458752" percent="0" />
    </mem>
    <mem type="tenure" free="940736" total="7798784" percent="12">
      <mem type="soa" free="862912" total="7720960" percent="11" />
      <mem type="loa" free="77824" total="77824" percent="100" />
    </mem>
    <remembered-set count="416" />
  </mem-info>
</gc-start>
<allocation-stats totalBytes="4105664" >
  <allocated-bytes non-tlh="0" tlh="4105664" />
  <largest-consumer threadName="node-8" threadId="0000000000C92D00" bytes="208824" />
</allocation-stats>
<gc-op id="882" type="scavenge" timems="2.772" contextid="879" timestamp="2019-08-08T20:24:48.422">
  <scavenger-info tenureage="3" tenuremask="4008" tiltratio="90" />
  <memory-copied type="nursery" objects="3385" bytes="82952" bytesdiscarded="62200" />
</gc-op>
<gc-end id="883" type="scavenge" contextid="879" durationms="3.193" usertimems="2.221" systemtimems="5.714" timestamp="2019-08-08T20:24:48.423" activeThreads="16">
  <mem-info id="884" free="4924352" total="12386304" percent="39">
    <mem type="nursery" free="3983616" total="4587520" percent="86">
      <mem type="allocate" free="3983616" total="4128768" percent="96" />
      <mem type="survivor" free="0" total="458752" percent="0" />
    </mem>
    <mem type="tenure" free="940736" total="7798784" percent="12" macro-fragmented="502401">
      <mem type="soa" free="862912" total="7720960" percent="11" />
      <mem type="loa" free="77824" total="77824" percent="100" />
    </mem>
    <remembered-set count="354" />
  </mem-info>
</gc-end>
<cycle-end id="885" type="scavenge" contextid="879" timestamp="2019-08-08T20:24:48.423" />
  <attribute name="elasticGC enabled" value="1" />
  <attribute name= "numThreadsSpecified" value="16" />
  <attribute name="heapSize specified" value="12320768" />
  <attribute name="Current GC Util" value="1" />
  <attribute name= "Current Time Running" value="55839" />
  <attribute name ="GC Interval" value="1977" />
  <attribute name="Target GC Util Change" value ="80.000000" />
  <attribute name="Current GC Util Change" value="1.000000"/>
  <attribute name="Current Error" value="-46.000000" />
  <attribute name="Output H" value="12424120"/>
  <attribute name="Output I" value="1976"/>
  <attribute name="Output T" value="16"/>
  <attribute name= "Current Time Running" value="55839" />
  <attribute name="GC Util currently" value="1" />
  <attribute name="CPU Util currently" value="13" />
<allocation-satisfied id="886" threadId="0000000000C5E600" bytesRequested="32" />
<af-end id="887" timestamp="2019-08-08T20:24:48.423" threadId="0000000000C5EF88" success="true" from="nursery"/>
<exclusive-end id="888" timestamp="2019-08-08T20:24:48.423" durationms="3.442" />

<exclusive-start id="889" timestamp="2019-08-08T20:24:50.206" intervalms="1786.816">
  <response-info timems="0.019" idlems="0.019" threads="0" lastid="0000000000C62200" lastname="node-14" />
</exclusive-start>
<af-start id="890" threadId="0000000000C62B88" totalBytesRequested="24" timestamp="2019-08-08T20:24:50.206" intervalms="1786.838" type="nursery" />
<cycle-start id="891" type="scavenge" contextid="0" timestamp="2019-08-08T20:24:50.206" intervalms="1786.845" />
<gc-start id="892" type="scavenge" contextid="891" timestamp="2019-08-08T20:24:50.206">
  <mem-info id="893" free="940736" total="12386304" percent="7">
    <mem type="nursery" free="0" total="4587520" percent="0">
      <mem type="allocate" free="0" total="4128768" percent="0" />
      <mem type="survivor" free="0" total="458752" percent="0" />
    </mem>
    <mem type="tenure" free="940736" total="7798784" percent="12">
      <mem type="soa" free="862912" total="7720960" percent="11" />
      <mem type="loa" free="77824" total="77824" percent="100" />
    </mem>
    <remembered-set count="444" />
  </mem-info>
</gc-start>
<allocation-stats totalBytes="3979872" >
  <allocated-bytes non-tlh="32" tlh="3979840" />
  <largest-consumer threadName="node-1" threadId="0000000000C78A00" bytes="208856" />
</allocation-stats>
<gc-op id="894" type="scavenge" timems="2.341" contextid="891" timestamp="2019-08-08T20:24:50.209">
  <scavenger-info tenureage="14" tenuremask="4000" tiltratio="90" />
  <memory-copied type="nursery" objects="5988" bytes="145424" bytesdiscarded="80368" />
</gc-op>
<gc-end id="895" type="scavenge" contextid="891" durationms="2.686" usertimems="2.311" systemtimems="2.121" timestamp="2019-08-08T20:24:50.209" activeThreads="16">
  <mem-info id="896" free="4843712" total="12386304" percent="39">
    <mem type="nursery" free="3902976" total="4587520" percent="85">
      <mem type="allocate" free="3902976" total="4128768" percent="94" />
      <mem type="survivor" free="0" total="458752" percent="0" />
    </mem>
    <mem type="tenure" free="940736" total="7798784" percent="12" macro-fragmented="723458">
      <mem type="soa" free="862912" total="7720960" percent="11" />
      <mem type="loa" free="77824" total="77824" percent="100" />
    </mem>
    <remembered-set count="388" />
  </mem-info>
</gc-end>
<cycle-end id="897" type="scavenge" contextid="891" timestamp="2019-08-08T20:24:50.209" />
  <attribute name="elasticGC enabled" value="1" />
  <attribute name= "numThreadsSpecified" value="16" />
  <attribute name="heapSize specified" value="12320768" />
  <attribute name="Current GC Util" value="0" />
  <attribute name= "Current Time Running" value="57625" />
  <attribute name ="GC Interval" value="2049" />
  <attribute name="Target GC Util Change" value ="80.000000" />
  <attribute name="Current GC Util Change" value="0.000000"/>
  <attribute name="Current Error" value="80.000000" />
  <attribute name="Output H" value="12424192"/>
  <attribute name="Output I" value="2048"/>
  <attribute name="Output T" value="16"/>
  <attribute name= "Current Time Running" value="57625" />
  <attribute name="GC Util currently" value="0" />
  <attribute name="CPU Util currently" value="12" />
<allocation-satisfied id="898" threadId="0000000000C62200" bytesRequested="24" />
<af-end id="899" timestamp="2019-08-08T20:24:50.209" threadId="0000000000C62B88" success="true" from="nursery"/>
<exclusive-end id="900" timestamp="2019-08-08T20:24:50.209" durationms="2.965" />

<exclusive-start id="901" timestamp="2019-08-08T20:24:52.109" intervalms="1902.834">
  <response-info timems="0.025" idlems="0.025" threads="0" lastid="0000000000C4F700" lastname="node-5" />
</exclusive-start>
<af-start id="902" threadId="0000000000C50088" totalBytesRequested="264" timestamp="2019-08-08T20:24:52.109" intervalms="1902.834" type="nursery" />
<cycle-start id="903" type="scavenge" contextid="0" timestamp="2019-08-08T20:24:52.109" intervalms="1902.834" />
<gc-start id="904" type="scavenge" contextid="903" timestamp="2019-08-08T20:24:52.109">
  <mem-info id="905" free="940736" total="12386304" percent="7">
    <mem type="nursery" free="0" total="4587520" percent="0">
      <mem type="allocate" free="0" total="4128768" percent="0" />
      <mem type="survivor" free="0" total="458752" percent="0" />
    </mem>
    <mem type="tenure" free="940736" total="7798784" percent="12">
      <mem type="soa" free="862912" total="7720960" percent="11" />
      <mem type="loa" free="77824" total="77824" percent="100" />
    </mem>
    <remembered-set count="481" />
  </mem-info>
</gc-start>
<allocation-stats totalBytes="3900720" >
  <allocated-bytes non-tlh="24" tlh="3900696" />
  <largest-consumer threadName="node-8" threadId="0000000000C92D00" bytes="208864" />
</allocation-stats>
<gc-op id="906" type="scavenge" timems="2.825" contextid="903" timestamp="2019-08-08T20:24:52.112">
  <scavenger-info tenureage="14" tenuremask="4000" tiltratio="90" />
  <memory-copied type="nursery" objects="8879" bytes="213504" bytesdiscarded="60672" />
</gc-op>
<gc-end id="907" type="scavenge" contextid="903" durationms="3.289" usertimems="1.346" systemtimems="3.822" timestamp="2019-08-08T20:24:52.112" activeThreads="16">
  <mem-info id="908" free="4795328" total="12386304" percent="38">
    <mem type="nursery" free="3854592" total="4587520" percent="84">
      <mem type="allocate" free="3854592" total="4128768" percent="93" />
      <mem type="survivor" free="0" total="458752" percent="0" />
    </mem>
    <mem type="tenure" free="940736" total="7798784" percent="12" macro-fragmented="602881">
      <mem type="soa" free="862912" total="7720960" percent="11" />
      <mem type="loa" free="77824" total="77824" percent="100" />
    </mem>
    <remembered-set count="404" />
  </mem-info>
</gc-end>
<cycle-end id="909" type="scavenge" contextid="903" timestamp="2019-08-08T20:24:52.112" />
  <attribute name="elasticGC enabled" value="1" />
  <attribute name= "numThreadsSpecified" value="16" />
  <attribute name="heapSize specified" value="12320768" />
  <attribute name="Current GC Util" value="0" />
  <attribute name= "Current Time Running" value="59528" />
  <attribute name ="GC Interval" value="2097" />
  <attribute name="Target GC Util Change" value ="80.000000" />
  <attribute name="Current GC Util Change" value="0.000000"/>
  <attribute name="Current Error" value="160.000000" />
  <attribute name="Output H" value="12424240"/>
  <attribute name="Output I" value="2096"/>
  <attribute name="Output T" value="16"/>
  <attribute name= "Current Time Running" value="59528" />
  <attribute name="GC Util currently" value="0" />
  <attribute name="CPU Util currently" value="12" />
<allocation-satisfied id="910" threadId="0000000000C4F700" bytesRequested="264" />
<af-end id="911" timestamp="2019-08-08T20:24:52.112" threadId="0000000000C50088" success="true" from="nursery"/>
<exclusive-end id="912" timestamp="2019-08-08T20:24:52.113" durationms="3.644" />

<exclusive-start id="913" timestamp="2019-08-08T20:24:54.027" intervalms="1917.927">
  <response-info timems="0.027" idlems="0.027" threads="0" lastid="0000000000C92D00" lastname="node-8" />
</exclusive-start>
<af-start id="914" threadId="0000000000C93688" totalBytesRequested="16" timestamp="2019-08-08T20:24:54.027" intervalms="1917.915" type="nursery" />
<cycle-start id="915" type="scavenge" contextid="0" timestamp="2019-08-08T20:24:54.027" intervalms="1917.919" />
<gc-start id="916" type="scavenge" contextid="915" timestamp="2019-08-08T20:24:54.027">
  <mem-info id="917" free="940736" total="12386304" percent="7">
    <mem type="nursery" free="0" total="4587520" percent="0">
      <mem type="allocate" free="0" total="4128768" percent="0" />
      <mem type="survivor" free="0" total="458752" percent="0" />
    </mem>
    <mem type="tenure" free="940736" total="7798784" percent="12">
      <mem type="soa" free="862912" total="7720960" percent="11" />
      <mem type="loa" free="77824" total="77824" percent="100" />
    </mem>
    <remembered-set count="519" />
  </mem-info>
</gc-start>
<allocation-stats totalBytes="3851040" >
  <allocated-bytes non-tlh="264" tlh="3850776" />
  <largest-consumer threadName="node-9" threadId="0000000000C65E00" bytes="208256" />
</allocation-stats>
<gc-op id="918" type="scavenge" timems="1.739" contextid="915" timestamp="2019-08-08T20:24:54.029">
  <scavenger-info tenureage="3" tenuremask="4008" tiltratio="90" />
  <memory-copied type="nursery" objects="8385" bytes="203056" bytesdiscarded="54992" />
  <memory-copied type="tenure" objects="3243" bytes="77832" bytesdiscarded="0" />
</gc-op>
<gc-end id="919" type="scavenge" contextid="915" durationms="2.100" usertimems="1.351" systemtimems="1.399" timestamp="2019-08-08T20:24:54.029" activeThreads="16">
  <mem-info id="920" free="4730816" total="12386304" percent="38">
    <mem type="nursery" free="3870720" total="4587520" percent="84">
      <mem type="allocate" free="3870720" total="4128768" percent="93" />
      <mem type="survivor" free="0" total="458752" percent="0" />
    </mem>
    <mem type="tenure" free="860096" total="7798784" percent="11" macro-fragmented="723458">
      <mem type="soa" free="782272" total="7720960" percent="10" />
      <mem type="loa" free="77824" total="77824" percent="100" />
    </mem>
    <remembered-set count="409" />
  </mem-info>
</gc-end>
<cycle-end id="921" type="scavenge" contextid="915" timestamp="2019-08-08T20:24:54.029" />
  <attribute name="elasticGC enabled" value="1" />
  <attribute name= "numThreadsSpecified" value="16" />
  <attribute name="heapSize specified" value="12320768" />
  <attribute name="Current GC Util" value="0" />
  <attribute name= "Current Time Running" value="61446" />
  <attribute name ="GC Interval" value="2145" />
  <attribute name="Target GC Util Change" value ="80.000000" />
  <attribute name="Current GC Util Change" value="0.000000"/>
  <attribute name="Current Error" value="240.000000" />
  <attribute name="Output H" value="12424288"/>
  <attribute name="Output I" value="2144"/>
  <attribute name="Output T" value="16"/>
  <attribute name= "Current Time Running" value="61446" />
  <attribute name="GC Util currently" value="0" />
  <attribute name="CPU Util currently" value="13" />
<allocation-satisfied id="922" threadId="0000000000C92D00" bytesRequested="16" />
<af-end id="923" timestamp="2019-08-08T20:24:54.029" threadId="0000000000C93688" success="true" from="nursery"/>
<exclusive-end id="924" timestamp="2019-08-08T20:24:54.029" durationms="2.318" />

<exclusive-start id="925" timestamp="2019-08-08T20:24:55.548" intervalms="1520.716">
  <response-info timems="0.023" idlems="0.023" threads="0" lastid="0000000000C7C600" lastname="node-7" />
</exclusive-start>
<af-start id="926" threadId="0000000000C7CF88" totalBytesRequested="24" timestamp="2019-08-08T20:24:55.548" intervalms="1520.711" type="nursery" />
<cycle-start id="927" type="scavenge" contextid="0" timestamp="2019-08-08T20:24:55.548" intervalms="1520.706" />
<gc-start id="928" type="scavenge" contextid="927" timestamp="2019-08-08T20:24:55.548">
  <mem-info id="929" free="860096" total="12386304" percent="6">
    <mem type="nursery" free="0" total="4587520" percent="0">
      <mem type="allocate" free="0" total="4128768" percent="0" />
      <mem type="survivor" free="0" total="458752" percent="0" />
    </mem>
    <mem type="tenure" free="860096" total="7798784" percent="11">
      <mem type="soa" free="782272" total="7720960" percent="10" />
      <mem type="loa" free="77824" total="77824" percent="100" />
    </mem>
    <remembered-set count="514" />
  </mem-info>
</gc-start>
<allocation-stats totalBytes="3867832" >
  <allocated-bytes non-tlh="16" tlh="3867816" />
  <largest-consumer threadName="node-9" threadId="0000000000C65E00" bytes="208152" />
</allocation-stats>
<gc-op id="930" type="scavenge" timems="2.339" contextid="927" timestamp="2019-08-08T20:24:55.550">
  <scavenger-info tenureage="3" tenuremask="4008" tiltratio="90" />
  <memory-copied type="nursery" objects="8030" bytes="194488" bytesdiscarded="47432" />
  <memory-copied type="tenure" objects="2604" bytes="62496" bytesdiscarded="0" />
</gc-op>
<gc-end id="931" type="scavenge" contextid="927" durationms="2.750" usertimems="1.324" systemtimems="2.650" timestamp="2019-08-08T20:24:55.550" activeThreads="16">
  <mem-info id="932" free="4682432" total="12386304" percent="37">
    <mem type="nursery" free="3886848" total="4587520" percent="84">
      <mem type="allocate" free="3886848" total="4128768" percent="94" />
      <mem type="survivor" free="0" total="458752" percent="0" />
    </mem>
    <mem type="tenure" free="795584" total="7798784" percent="10" macro-fragmented="0">
      <mem type="soa" free="717760" total="7720960" percent="9" />
      <mem type="loa" free="77824" total="77824" percent="100" />
    </mem>
    <remembered-set count="422" />
  </mem-info>
</gc-end>
<cycle-end id="933" type="scavenge" contextid="927" timestamp="2019-08-08T20:24:55.550" />
  <attribute name="elasticGC enabled" value="1" />
  <attribute name= "numThreadsSpecified" value="16" />
  <attribute name="heapSize specified" value="12320768" />
  <attribute name="Current GC Util" value="0" />
  <attribute name= "Current Time Running" value="62967" />
  <attribute name ="GC Interval" value="2185" />
  <attribute name="Target GC Util Change" value ="80.000000" />
  <attribute name="Current GC Util Change" value="0.000000"/>
  <attribute name="Current Error" value="320.000000" />
  <attribute name="Output H" value="12424328"/>
  <attribute name="Output I" value="2184"/>
  <attribute name="Output T" value="16"/>
  <attribute name= "Current Time Running" value="62967" />
  <attribute name="GC Util currently" value="0" />
  <attribute name="CPU Util currently" value="10" />
<allocation-satisfied id="934" threadId="0000000000C7C600" bytesRequested="24" />
<af-end id="935" timestamp="2019-08-08T20:24:55.551" threadId="0000000000C7CF88" success="true" from="nursery"/>
<exclusive-end id="936" timestamp="2019-08-08T20:24:55.551" durationms="2.964" />

<exclusive-start id="937" timestamp="2019-08-08T20:24:57.201" intervalms="1653.152">
  <response-info timems="0.019" idlems="0.019" threads="0" lastid="0000000000C8F100" lastname="node-4" />
</exclusive-start>
<af-start id="938" threadId="0000000000C8FA88" totalBytesRequested="376" timestamp="2019-08-08T20:24:57.201" intervalms="1653.145" type="nursery" />
<cycle-start id="939" type="scavenge" contextid="0" timestamp="2019-08-08T20:24:57.201" intervalms="1653.160" />
<gc-start id="940" type="scavenge" contextid="939" timestamp="2019-08-08T20:24:57.201">
  <mem-info id="941" free="795584" total="12386304" percent="6">
    <mem type="nursery" free="0" total="4587520" percent="0">
      <mem type="allocate" free="0" total="4128768" percent="0" />
      <mem type="survivor" free="0" total="458752" percent="0" />
    </mem>
    <mem type="tenure" free="795584" total="7798784" percent="10">
      <mem type="soa" free="717760" total="7720960" percent="9" />
      <mem type="loa" free="77824" total="77824" percent="100" />
    </mem>
    <remembered-set count="512" />
  </mem-info>
</gc-start>
<allocation-stats totalBytes="3882912" >
  <allocated-bytes non-tlh="24" tlh="3882888" />
  <largest-consumer threadName="node-8" threadId="0000000000C92D00" bytes="208864" />
</allocation-stats>
<gc-op id="942" type="scavenge" timems="1.943" contextid="939" timestamp="2019-08-08T20:24:57.203">
  <scavenger-info tenureage="3" tenuremask="4008" tiltratio="90" />
  <memory-copied type="nursery" objects="7322" bytes="185472" bytesdiscarded="56448" />
  <memory-copied type="tenure" objects="2907" bytes="69768" bytesdiscarded="0" />
</gc-op>
<gc-end id="943" type="scavenge" contextid="939" durationms="2.337" usertimems="0.275" systemtimems="3.228" timestamp="2019-08-08T20:24:57.203" activeThreads="16">
  <mem-info id="944" free="4601792" total="12386304" percent="37">
    <mem type="nursery" free="3886848" total="4587520" percent="84">
      <mem type="allocate" free="3886848" total="4128768" percent="94" />
      <mem type="survivor" free="0" total="458752" percent="0" />
    </mem>
    <mem type="tenure" free="714944" total="7798784" percent="9" macro-fragmented="0">
      <mem type="soa" free="637120" total="7720960" percent="8" />
      <mem type="loa" free="77824" total="77824" percent="100" />
    </mem>
    <remembered-set count="396" />
  </mem-info>
</gc-end>
<cycle-end id="945" type="scavenge" contextid="939" timestamp="2019-08-08T20:24:57.203" />
  <attribute name="elasticGC enabled" value="1" />
  <attribute name= "numThreadsSpecified" value="16" />
  <attribute name="heapSize specified" value="12320768" />
  <attribute name="Current GC Util" value="0" />
  <attribute name= "Current Time Running" value="64620" />
  <attribute name ="GC Interval" value="2233" />
  <attribute name="Target GC Util Change" value ="80.000000" />
  <attribute name="Current GC Util Change" value="0.000000"/>
  <attribute name="Current Error" value="400.000000" />
  <attribute name="Output H" value="12424376"/>
  <attribute name="Output I" value="2232"/>
  <attribute name="Output T" value="16"/>
  <attribute name= "Current Time Running" value="64620" />
  <attribute name="GC Util currently" value="0" />
  <attribute name="CPU Util currently" value="12" />
<allocation-satisfied id="946" threadId="0000000000C8F100" bytesRequested="376" />
<af-end id="947" timestamp="2019-08-08T20:24:57.203" threadId="0000000000C8FA88" success="true" from="nursery"/>
<exclusive-end id="948" timestamp="2019-08-08T20:24:57.203" durationms="2.549" />

<exclusive-start id="949" timestamp="2019-08-08T20:24:59.144" intervalms="1943.482">
  <response-info timems="0.482" idlems="0.482" threads="0" lastid="0000000000C47F00" lastname="node-6" />
</exclusive-start>
<af-start id="950" threadId="0000000000C48888" totalBytesRequested="32" timestamp="2019-08-08T20:24:59.145" intervalms="1943.887" type="nursery" />
<cycle-start id="951" type="scavenge" contextid="0" timestamp="2019-08-08T20:24:59.145" intervalms="1944.399" />
<gc-start id="952" type="scavenge" contextid="951" timestamp="2019-08-08T20:24:59.145">
  <mem-info id="953" free="714944" total="12386304" percent="5">
    <mem type="nursery" free="0" total="4587520" percent="0">
      <mem type="allocate" free="0" total="4128768" percent="0" />
      <mem type="survivor" free="0" total="458752" percent="0" />
    </mem>
    <mem type="tenure" free="714944" total="7798784" percent="9">
      <mem type="soa" free="637120" total="7720960" percent="8" />
      <mem type="loa" free="77824" total="77824" percent="100" />
    </mem>
    <remembered-set count="504" />
  </mem-info>
</gc-start>
<allocation-stats totalBytes="3883048" >
  <allocated-bytes non-tlh="376" tlh="3882672" />
  <largest-consumer threadName="node-8" threadId="0000000000C92D00" bytes="208840" />
</allocation-stats>
<gc-op id="954" type="scavenge" timems="3.232" contextid="951" timestamp="2019-08-08T20:24:59.148">
  <scavenger-info tenureage="3" tenuremask="4008" tiltratio="90" />
  <memory-copied type="nursery" objects="7322" bytes="174976" bytesdiscarded="34688" />
  <memory-copied type="tenure" objects="2732" bytes="65568" bytesdiscarded="0" />
</gc-op>
<gc-end id="955" type="scavenge" contextid="951" durationms="3.728" usertimems="2.585" systemtimems="2.533" timestamp="2019-08-08T20:24:59.149" activeThreads="16">
  <mem-info id="956" free="4553408" total="12386304" percent="36">
    <mem type="nursery" free="3919104" total="4587520" percent="85">
      <mem type="allocate" free="3919104" total="4128768" percent="94" />
      <mem type="survivor" free="0" total="458752" percent="0" />
    </mem>
    <mem type="tenure" free="634304" total="7798784" percent="8" macro-fragmented="2116">
      <mem type="soa" free="556480" total="7720960" percent="7" />
      <mem type="loa" free="77824" total="77824" percent="100" />
    </mem>
    <remembered-set count="382" />
  </mem-info>
</gc-end>
<cycle-end id="957" type="scavenge" contextid="951" timestamp="2019-08-08T20:24:59.149" />
  <attribute name="elasticGC enabled" value="1" />
  <attribute name= "numThreadsSpecified" value="16" />
  <attribute name="heapSize specified" value="12320768" />
  <attribute name="Current GC Util" value="0" />
  <attribute name= "Current Time Running" value="66564" />
  <attribute name ="GC Interval" value="2281" />
  <attribute name="Target GC Util Change" value ="80.000000" />
  <attribute name="Current GC Util Change" value="0.000000"/>
  <attribute name="Current Error" value="480.000000" />
  <attribute name="Output H" value="12424424"/>
  <attribute name="Output I" value="2280"/>
  <attribute name="Output T" value="16"/>
  <attribute name= "Current Time Running" value="66564" />
  <attribute name="GC Util currently" value="0" />
  <attribute name="CPU Util currently" value="13" />
<allocation-satisfied id="958" threadId="0000000000C47F00" bytesRequested="32" />
<af-end id="959" timestamp="2019-08-08T20:24:59.149" threadId="0000000000C48888" success="true" from="nursery"/>
<exclusive-end id="960" timestamp="2019-08-08T20:24:59.149" durationms="5.309" />

<exclusive-start id="961" timestamp="2019-08-08T20:25:01.072" intervalms="1927.701">
  <response-info timems="0.042" idlems="0.042" threads="0" lastid="0000000000C5AB00" lastname="node-15" />
</exclusive-start>
<af-start id="962" threadId="0000000000C5B488" totalBytesRequested="32" timestamp="2019-08-08T20:25:01.072" intervalms="1927.292" type="nursery" />
<cycle-start id="963" type="scavenge" contextid="0" timestamp="2019-08-08T20:25:01.072" intervalms="1926.860" />
<gc-start id="964" type="scavenge" contextid="963" timestamp="2019-08-08T20:25:01.072">
  <mem-info id="965" free="634304" total="12386304" percent="5">
    <mem type="nursery" free="0" total="4587520" percent="0">
      <mem type="allocate" free="0" total="4128768" percent="0" />
      <mem type="survivor" free="0" total="458752" percent="0" />
    </mem>
    <mem type="tenure" free="634304" total="7798784" percent="8">
      <mem type="soa" free="556480" total="7720960" percent="7" />
      <mem type="loa" free="77824" total="77824" percent="100" />
    </mem>
    <remembered-set count="508" />
  </mem-info>
</gc-start>
<allocation-stats totalBytes="3912440" >
  <allocated-bytes non-tlh="32" tlh="3912408" />
  <largest-consumer threadName="node-9" threadId="0000000000C65E00" bytes="208800" />
</allocation-stats>
<gc-op id="966" type="scavenge" timems="2.583" contextid="963" timestamp="2019-08-08T20:25:01.075">
  <scavenger-info tenureage="14" tenuremask="4000" tiltratio="90" />
  <memory-copied type="nursery" objects="10106" bytes="241792" bytesdiscarded="64640" />
</gc-op>
<gc-end id="967" type="scavenge" contextid="963" durationms="3.127" usertimems="3.854" systemtimems="0.799" timestamp="2019-08-08T20:25:01.075" activeThreads="16">
  <mem-info id="968" free="4456640" total="12386304" percent="35">
    <mem type="nursery" free="3822336" total="4587520" percent="83">
      <mem type="allocate" free="3822336" total="4128768" percent="92" />
      <mem type="survivor" free="0" total="458752" percent="0" />
    </mem>
    <mem type="tenure" free="634304" total="7798784" percent="8" macro-fragmented="418667">
      <mem type="soa" free="556480" total="7720960" percent="7" />
      <mem type="loa" free="77824" total="77824" percent="100" />
    </mem>
    <remembered-set count="429" />
  </mem-info>
</gc-end>
<cycle-end id="969" type="scavenge" contextid="963" timestamp="2019-08-08T20:25:01.075" />
  <attribute name="elasticGC enabled" value="1" />
  <attribute name= "numThreadsSpecified" value="16" />
  <attribute name="heapSize specified" value="12320768" />
  <attribute name="Current GC Util" value="0" />
  <attribute name= "Current Time Running" value="68491" />
  <attribute name ="GC Interval" value="2049" />
  <attribute name="Target GC Util Change" value ="80.000000" />
  <attribute name="Current GC Util Change" value="0.000000"/>
  <attribute name="Current Error" value="80.000000" />
  <attribute name="Output H" value="12424192"/>
  <attribute name="Output I" value="2048"/>
  <attribute name="Output T" value="16"/>
  <attribute name= "Current Time Running" value="68491" />
  <attribute name="GC Util currently" value="0" />
  <attribute name="CPU Util currently" value="12" />
<allocation-satisfied id="970" threadId="0000000000C5AB00" bytesRequested="32" />
<af-end id="971" timestamp="2019-08-08T20:25:01.076" threadId="0000000000C5B488" success="true" from="nursery"/>
<exclusive-end id="972" timestamp="2019-08-08T20:25:01.076" durationms="3.698" />

<exclusive-start id="973" timestamp="2019-08-08T20:25:02.989" intervalms="1917.545">
  <response-info timems="0.862" idlems="0.862" threads="0" lastid="0000000000C7C600" lastname="node-7" />
</exclusive-start>
<af-start id="974" threadId="0000000000C7CF88" totalBytesRequested="32" timestamp="2019-08-08T20:25:02.990" intervalms="1917.572" type="nursery" />
<cycle-start id="975" type="scavenge" contextid="0" timestamp="2019-08-08T20:25:02.990" intervalms="1917.477" />
<gc-start id="976" type="scavenge" contextid="975" timestamp="2019-08-08T20:25:02.990">
  <mem-info id="977" free="634304" total="12386304" percent="5">
    <mem type="nursery" free="0" total="4587520" percent="0">
      <mem type="allocate" free="0" total="4128768" percent="0" />
      <mem type="survivor" free="0" total="458752" percent="0" />
    </mem>
    <mem type="tenure" free="634304" total="7798784" percent="8">
      <mem type="soa" free="556480" total="7720960" percent="7" />
      <mem type="loa" free="77824" total="77824" percent="100" />
    </mem>
    <remembered-set count="542" />
  </mem-info>
</gc-start>
<allocation-stats totalBytes="3820832" >
  <allocated-bytes non-tlh="32" tlh="3820800" />
  <largest-consumer threadName="node-0" threadId="0000000000C74E00" bytes="192440" />
</allocation-stats>
<gc-op id="978" type="scavenge" timems="3.082" contextid="975" timestamp="2019-08-08T20:25:02.993">
  <scavenger-info tenureage="4" tenuremask="4010" tiltratio="90" />
  <memory-copied type="nursery" objects="10438" bytes="249592" bytesdiscarded="56840" />
  <memory-copied type="tenure" objects="2245" bytes="53880" bytesdiscarded="0" />
</gc-op>
<gc-end id="979" type="scavenge" contextid="975" durationms="3.761" usertimems="2.524" systemtimems="2.392" timestamp="2019-08-08T20:25:02.993" activeThreads="16">
  <mem-info id="980" free="4392128" total="12386304" percent="35">
    <mem type="nursery" free="3822336" total="4587520" percent="83">
      <mem type="allocate" free="3822336" total="4128768" percent="92" />
      <mem type="survivor" free="0" total="458752" percent="0" />
    </mem>
    <mem type="tenure" free="569792" total="7798784" percent="7" macro-fragmented="0">
      <mem type="soa" free="491968" total="7720960" percent="6" />
      <mem type="loa" free="77824" total="77824" percent="100" />
    </mem>
    <remembered-set count="431" />
  </mem-info>
</gc-end>
<cycle-end id="981" type="scavenge" contextid="975" timestamp="2019-08-08T20:25:02.993" />
  <attribute name="elasticGC enabled" value="1" />
  <attribute name= "numThreadsSpecified" value="16" />
  <attribute name="heapSize specified" value="12320768" />
  <attribute name="Current GC Util" value="0" />
  <attribute name= "Current Time Running" value="70409" />
  <attribute name ="GC Interval" value="2097" />
  <attribute name="Target GC Util Change" value ="80.000000" />
  <attribute name="Current GC Util Change" value="0.000000"/>
  <attribute name="Current Error" value="160.000000" />
  <attribute name="Output H" value="12424240"/>
  <attribute name="Output I" value="2096"/>
  <attribute name="Output T" value="16"/>
  <attribute name= "Current Time Running" value="70409" />
  <attribute name="GC Util currently" value="0" />
  <attribute name="CPU Util currently" value="13" />
<allocation-satisfied id="982" threadId="0000000000C7C600" bytesRequested="32" />
<af-end id="983" timestamp="2019-08-08T20:25:02.993" threadId="0000000000C7CF88" success="true" from="nursery"/>
<exclusive-end id="984" timestamp="2019-08-08T20:25:02.993" durationms="4.004" />

<exclusive-start id="985" timestamp="2019-08-08T20:25:04.778" intervalms="1787.320">
  <response-info timems="0.382" idlems="0.382" threads="0" lastid="0000000000C65E00" lastname="node-9" />
</exclusive-start>
<af-start id="986" threadId="0000000000C66788" totalBytesRequested="32" timestamp="2019-08-08T20:25:04.778" intervalms="1788.093" type="nursery" />
<cycle-start id="987" type="scavenge" contextid="0" timestamp="2019-08-08T20:25:04.778" intervalms="1788.088" />
<gc-start id="988" type="scavenge" contextid="987" timestamp="2019-08-08T20:25:04.778">
  <mem-info id="989" free="569792" total="12386304" percent="4">
    <mem type="nursery" free="0" total="4587520" percent="0">
      <mem type="allocate" free="0" total="4128768" percent="0" />
      <mem type="survivor" free="0" total="458752" percent="0" />
    </mem>
    <mem type="tenure" free="569792" total="7798784" percent="7">
      <mem type="soa" free="491968" total="7720960" percent="6" />
      <mem type="loa" free="77824" total="77824" percent="100" />
    </mem>
    <remembered-set count="547" />
  </mem-info>
</gc-start>
<allocation-stats totalBytes="3816688" >
  <allocated-bytes non-tlh="32" tlh="3816656" />
  <largest-consumer threadName="node-7" threadId="0000000000C7C600" bytes="207944" />
</allocation-stats>
<gc-op id="990" type="scavenge" timems="1.844" contextid="987" timestamp="2019-08-08T20:25:04.780">
  <scavenger-info tenureage="3" tenuremask="4018" tiltratio="90" />
  <memory-copied type="nursery" objects="7896" bytes="188584" bytesdiscarded="53336" />
  <memory-copied type="tenure" objects="4959" bytes="119016" bytesdiscarded="0" />
</gc-op>
<gc-end id="991" type="scavenge" contextid="987" durationms="2.287" usertimems="2.725" systemtimems="0.213" timestamp="2019-08-08T20:25:04.780" activeThreads="16">
  <mem-info id="992" free="4327616" total="12386304" percent="34">
    <mem type="nursery" free="3886848" total="4587520" percent="84">
      <mem type="allocate" free="3886848" total="4128768" percent="94" />
      <mem type="survivor" free="0" total="458752" percent="0" />
    </mem>
    <mem type="tenure" free="440768" total="7798784" percent="5" macro-fragmented="0">
      <mem type="soa" free="362944" total="7720960" percent="4" />
      <mem type="loa" free="77824" total="77824" percent="100" />
    </mem>
    <remembered-set count="397" />
  </mem-info>
</gc-end>
<cycle-end id="993" type="scavenge" contextid="987" timestamp="2019-08-08T20:25:04.780" />
  <attribute name="elasticGC enabled" value="1" />
  <attribute name= "numThreadsSpecified" value="16" />
  <attribute name="heapSize specified" value="12320768" />
  <attribute name="Current GC Util" value="0" />
  <attribute name= "Current Time Running" value="72197" />
  <attribute name ="GC Interval" value="2145" />
  <attribute name="Target GC Util Change" value ="80.000000" />
  <attribute name="Current GC Util Change" value="0.000000"/>
  <attribute name="Current Error" value="240.000000" />
  <attribute name="Output H" value="12424288"/>
  <attribute name="Output I" value="2144"/>
  <attribute name="Output T" value="16"/>
  <attribute name= "Current Time Running" value="72197" />
  <attribute name="GC Util currently" value="0" />
  <attribute name="CPU Util currently" value="12" />
<allocation-satisfied id="994" threadId="0000000000C65E00" bytesRequested="32" />
<af-end id="995" timestamp="2019-08-08T20:25:04.780" threadId="0000000000C66788" success="true" from="nursery"/>
<exclusive-end id="996" timestamp="2019-08-08T20:25:04.780" durationms="3.306" />

<exclusive-start id="997" timestamp="2019-08-08T20:25:07.008" intervalms="2230.975">
  <response-info timems="0.113" idlems="0.113" threads="0" lastid="0000000000C65E00" lastname="node-9" />
</exclusive-start>
<af-start id="998" threadId="0000000000C66788" totalBytesRequested="16" timestamp="2019-08-08T20:25:07.008" intervalms="2230.178" type="nursery" />
<cycle-start id="999" type="scavenge" contextid="0" timestamp="2019-08-08T20:25:07.008" intervalms="2230.181" />
<gc-start id="1000" type="scavenge" contextid="999" timestamp="2019-08-08T20:25:07.008">
  <mem-info id="1001" free="440768" total="12386304" percent="3">
    <mem type="nursery" free="0" total="4587520" percent="0">
      <mem type="allocate" free="0" total="4128768" percent="0" />
      <mem type="survivor" free="0" total="458752" percent="0" />
    </mem>
    <mem type="tenure" free="440768" total="7798784" percent="5">
      <mem type="soa" free="362944" total="7720960" percent="4" />
      <mem type="loa" free="77824" total="77824" percent="100" />
    </mem>
    <remembered-set count="515" />
  </mem-info>
</gc-start>
<allocation-stats totalBytes="3884952" >
  <allocated-bytes non-tlh="32" tlh="3884920" />
  <largest-consumer threadName="node-8" threadId="0000000000C92D00" bytes="208856" />
</allocation-stats>
<gc-op id="1002" type="scavenge" timems="1.975" contextid="999" timestamp="2019-08-08T20:25:07.010">
  <scavenger-info tenureage="3" tenuremask="4008" tiltratio="90" />
  <memory-copied type="nursery" objects="8060" bytes="199144" bytesdiscarded="42776" />
  <memory-copied type="tenure" objects="2784" bytes="66816" bytesdiscarded="0" />
</gc-op>
<gc-end id="1003" type="scavenge" contextid="999" durationms="2.365" usertimems="1.410" systemtimems="3.253" timestamp="2019-08-08T20:25:07.010" activeThreads="16">
  <mem-info id="1004" free="4263104" total="12386304" percent="34">
    <mem type="nursery" free="3886848" total="4587520" percent="84">
      <mem type="allocate" free="3886848" total="4128768" percent="94" />
      <mem type="survivor" free="0" total="458752" percent="0" />
    </mem>
    <mem type="tenure" free="376256" total="7798784" percent="4" macro-fragmented="708">
      <mem type="soa" free="298432" total="7720960" percent="3" />
      <mem type="loa" free="77824" total="77824" percent="100" />
    </mem>
    <remembered-set count="402" />
  </mem-info>
</gc-end>
<cycle-end id="1005" type="scavenge" contextid="999" timestamp="2019-08-08T20:25:07.010" />
  <attribute name="elasticGC enabled" value="1" />
  <attribute name= "numThreadsSpecified" value="16" />
  <attribute name="heapSize specified" value="12320768" />
  <attribute name="Current GC Util" value="0" />
  <attribute name= "Current Time Running" value="74427" />
  <attribute name ="GC Interval" value="2185" />
  <attribute name="Target GC Util Change" value ="80.000000" />
  <attribute name="Current GC Util Change" value="0.000000"/>
  <attribute name="Current Error" value="320.000000" />
  <attribute name="Output H" value="12424328"/>
  <attribute name="Output I" value="2184"/>
  <attribute name="Output T" value="16"/>
  <attribute name= "Current Time Running" value="74427" />
  <attribute name="GC Util currently" value="0" />
  <attribute name="CPU Util currently" value="14" />
<allocation-satisfied id="1006" threadId="0000000000C65E00" bytesRequested="16" />
<af-end id="1007" timestamp="2019-08-08T20:25:07.010" threadId="0000000000C66788" success="true" from="nursery"/>
<exclusive-end id="1008" timestamp="2019-08-08T20:25:07.010" durationms="2.566" />

<exclusive-start id="1009" timestamp="2019-08-08T20:25:08.942" intervalms="1934.004">
  <response-info timems="0.037" idlems="0.037" threads="0" lastid="0000000000C69A00" lastname="node-11" />
</exclusive-start>
<af-start id="1010" threadId="0000000000C6A388" totalBytesRequested="24" timestamp="2019-08-08T20:25:08.942" intervalms="1934.256" type="nursery" />
<cycle-start id="1011" type="scavenge" contextid="0" timestamp="2019-08-08T20:25:08.942" intervalms="1934.311" />
<gc-start id="1012" type="scavenge" contextid="1011" timestamp="2019-08-08T20:25:08.942">
  <mem-info id="1013" free="376256" total="12386304" percent="3">
    <mem type="nursery" free="0" total="4587520" percent="0">
      <mem type="allocate" free="0" total="4128768" percent="0" />
      <mem type="survivor" free="0" total="458752" percent="0" />
    </mem>
    <mem type="tenure" free="376256" total="7798784" percent="4">
      <mem type="soa" free="298432" total="7720960" percent="3" />
      <mem type="loa" free="77824" total="77824" percent="100" />
    </mem>
    <remembered-set count="509" />
  </mem-info>
</gc-start>
<allocation-stats totalBytes="3884952" >
  <allocated-bytes non-tlh="16" tlh="3884936" />
  <largest-consumer threadName="node-9" threadId="0000000000C65E00" bytes="208872" />
</allocation-stats>
<gc-op id="1014" type="scavenge" timems="2.937" contextid="1011" timestamp="2019-08-08T20:25:08.945">
  <scavenger-info tenureage="14" tenuremask="4000" tiltratio="90" />
  <memory-copied type="nursery" objects="10753" bytes="259840" bytesdiscarded="62720" />
</gc-op>
<gc-end id="1015" type="scavenge" contextid="1011" durationms="3.551" usertimems="2.201" systemtimems="2.946" timestamp="2019-08-08T20:25:08.946" activeThreads="16">
  <mem-info id="1016" free="4182464" total="12386304" percent="33">
    <mem type="nursery" free="3806208" total="4587520" percent="82">
      <mem type="allocate" free="3806208" total="4128768" percent="92" />
      <mem type="survivor" free="0" total="458752" percent="0" />
    </mem>
    <mem type="tenure" free="376256" total="7798784" percent="4" macro-fragmented="0">
      <mem type="soa" free="298432" total="7720960" percent="3" />
      <mem type="loa" free="77824" total="77824" percent="100" />
    </mem>
    <remembered-set count="453" />
  </mem-info>
</gc-end>
<cycle-end id="1017" type="scavenge" contextid="1011" timestamp="2019-08-08T20:25:08.946" />
  <attribute name="elasticGC enabled" value="1" />
  <attribute name= "numThreadsSpecified" value="16" />
  <attribute name="heapSize specified" value="12320768" />
  <attribute name="Current GC Util" value="0" />
  <attribute name= "Current Time Running" value="76361" />
  <attribute name ="GC Interval" value="2233" />
  <attribute name="Target GC Util Change" value ="80.000000" />
  <attribute name="Current GC Util Change" value="0.000000"/>
  <attribute name="Current Error" value="400.000000" />
  <attribute name="Output H" value="12424376"/>
  <attribute name="Output I" value="2232"/>
  <attribute name="Output T" value="16"/>
  <attribute name= "Current Time Running" value="76361" />
  <attribute name="GC Util currently" value="0" />
  <attribute name="CPU Util currently" value="13" />
<allocation-satisfied id="1018" threadId="0000000000C69A00" bytesRequested="24" />
<af-end id="1019" timestamp="2019-08-08T20:25:08.946" threadId="0000000000C6A388" success="true" from="nursery"/>
<exclusive-end id="1020" timestamp="2019-08-08T20:25:08.946" durationms="4.477" />

<exclusive-start id="1021" timestamp="2019-08-08T20:25:10.620" intervalms="1678.657">
  <response-info timems="0.070" idlems="0.070" threads="0" lastid="0000000000C7C600" lastname="node-7" />
</exclusive-start>
<af-start id="1022" threadId="0000000000C7CF88" totalBytesRequested="32" timestamp="2019-08-08T20:25:10.620" intervalms="1678.435" type="nursery" />
<cycle-start id="1023" type="scavenge" contextid="0" timestamp="2019-08-08T20:25:10.620" intervalms="1678.383" />
<gc-start id="1024" type="scavenge" contextid="1023" timestamp="2019-08-08T20:25:10.621">
  <mem-info id="1025" free="376256" total="12386304" percent="3">
    <mem type="nursery" free="0" total="4587520" percent="0">
      <mem type="allocate" free="0" total="4128768" percent="0" />
      <mem type="survivor" free="0" total="458752" percent="0" />
    </mem>
    <mem type="tenure" free="376256" total="7798784" percent="4">
      <mem type="soa" free="298432" total="7720960" percent="3" />
      <mem type="loa" free="77824" total="77824" percent="100" />
    </mem>
    <remembered-set count="539" />
  </mem-info>
</gc-start>
<allocation-stats totalBytes="3804056" >
  <allocated-bytes non-tlh="24" tlh="3804032" />
  <largest-consumer threadName="node-9" threadId="0000000000C65E00" bytes="208864" />
</allocation-stats>
<gc-op id="1026" type="scavenge" timems="3.110" contextid="1023" timestamp="2019-08-08T20:25:10.624">
  <scavenger-info tenureage="4" tenuremask="4010" tiltratio="90" />
  <memory-copied type="nursery" objects="10838" bytes="259360" bytesdiscarded="63200" />
  <memory-copied type="tenure" objects="2580" bytes="61920" bytesdiscarded="0" />
</gc-op>
<gc-end id="1027" type="scavenge" contextid="1023" durationms="3.738" usertimems="8.081" systemtimems="0.000" timestamp="2019-08-08T20:25:10.624" activeThreads="16">
  <mem-info id="1028" free="4117952" total="12386304" percent="33">
    <mem type="nursery" free="3806208" total="4587520" percent="82">
      <mem type="allocate" free="3806208" total="4128768" percent="92" />
      <mem type="survivor" free="0" total="458752" percent="0" />
    </mem>
    <mem type="tenure" free="311744" total="7798784" percent="3" macro-fragmented="0">
      <mem type="soa" free="233920" total="7720960" percent="3" />
      <mem type="loa" free="77824" total="77824" percent="100" />
    </mem>
    <remembered-set count="422" />
  </mem-info>
</gc-end>
<cycle-end id="1029" type="scavenge" contextid="1023" timestamp="2019-08-08T20:25:10.624" />
  <attribute name="elasticGC enabled" value="1" />
  <attribute name= "numThreadsSpecified" value="16" />
  <attribute name="heapSize specified" value="12320768" />
  <attribute name="Current GC Util" value="0" />
  <attribute name= "Current Time Running" value="78040" />
  <attribute name ="GC Interval" value="2281" />
  <attribute name="Target GC Util Change" value ="80.000000" />
  <attribute name="Current GC Util Change" value="0.000000"/>
  <attribute name="Current Error" value="480.000000" />
  <attribute name="Output H" value="12424424"/>
  <attribute name="Output I" value="2280"/>
  <attribute name="Output T" value="16"/>
  <attribute name= "Current Time Running" value="78040" />
  <attribute name="GC Util currently" value="0" />
  <attribute name="CPU Util currently" value="12" />
<allocation-satisfied id="1030" threadId="0000000000C7C600" bytesRequested="32" />
<af-end id="1031" timestamp="2019-08-08T20:25:10.624" threadId="0000000000C7CF88" success="true" from="nursery"/>
<exclusive-end id="1032" timestamp="2019-08-08T20:25:10.624" durationms="3.996" />

<exclusive-start id="1033" timestamp="2019-08-08T20:25:12.685" intervalms="2064.826">
  <response-info timems="0.284" idlems="0.284" threads="0" lastid="0000000000C92D00" lastname="node-8" />
</exclusive-start>
<af-start id="1034" threadId="0000000000C93688" totalBytesRequested="32" timestamp="2019-08-08T20:25:12.685" intervalms="2064.864" type="nursery" />
<cycle-start id="1035" type="scavenge" contextid="0" timestamp="2019-08-08T20:25:12.685" intervalms="2064.890" />
<gc-start id="1036" type="scavenge" contextid="1035" timestamp="2019-08-08T20:25:12.685">
  <mem-info id="1037" free="311744" total="12386304" percent="2">
    <mem type="nursery" free="0" total="4587520" percent="0">
      <mem type="allocate" free="0" total="4128768" percent="0" />
      <mem type="survivor" free="0" total="458752" percent="0" />
    </mem>
    <mem type="tenure" free="311744" total="7798784" percent="3">
      <mem type="soa" free="233920" total="7720960" percent="3" />
      <mem type="loa" free="77824" total="77824" percent="100" />
    </mem>
    <remembered-set count="541" />
  </mem-info>
</gc-start>
<allocation-stats totalBytes="3802368" >
  <allocated-bytes non-tlh="32" tlh="3802336" />
  <largest-consumer threadName="node-7" threadId="0000000000C7C600" bytes="201672" />
</allocation-stats>
<gc-op id="1038" type="scavenge" timems="2.700" contextid="1035" timestamp="2019-08-08T20:25:12.688">
  <scavenger-info tenureage="3" tenuremask="4018" tiltratio="90" />
  <memory-copied type="nursery" objects="8350" bytes="199480" bytesdiscarded="58568" />
  <memory-copied type="tenure" objects="5320" bytes="127680" bytesdiscarded="0" />
</gc-op>
<gc-end id="1039" type="scavenge" contextid="1035" durationms="3.130" usertimems="1.907" systemtimems="3.540" timestamp="2019-08-08T20:25:12.689" activeThreads="16">
  <mem-info id="1040" free="4053440" total="12386304" percent="32">
    <mem type="nursery" free="3870720" total="4587520" percent="84">
      <mem type="allocate" free="3870720" total="4128768" percent="93" />
      <mem type="survivor" free="0" total="458752" percent="0" />
    </mem>
    <mem type="tenure" free="182720" total="7798784" percent="2" macro-fragmented="0">
      <mem type="soa" free="104896" total="7720960" percent="1" />
      <mem type="loa" free="77824" total="77824" percent="100" />
    </mem>
    <remembered-set count="387" />
  </mem-info>
</gc-end>
<cycle-end id="1041" type="scavenge" contextid="1035" timestamp="2019-08-08T20:25:12.689" />
  <attribute name="elasticGC enabled" value="1" />
  <attribute name= "numThreadsSpecified" value="16" />
  <attribute name="heapSize specified" value="12320768" />
  <attribute name="Current GC Util" value="0" />
  <attribute name= "Current Time Running" value="80105" />
  <attribute name ="GC Interval" value="2049" />
  <attribute name="Target GC Util Change" value ="80.000000" />
  <attribute name="Current GC Util Change" value="0.000000"/>
  <attribute name="Current Error" value="80.000000" />
  <attribute name="Output H" value="12424192"/>
  <attribute name="Output I" value="2048"/>
  <attribute name="Output T" value="16"/>
  <attribute name= "Current Time Running" value="80105" />
  <attribute name="GC Util currently" value="0" />
  <attribute name="CPU Util currently" value="14" />
<allocation-satisfied id="1042" threadId="0000000000C92D00" bytesRequested="32" />
<af-end id="1043" timestamp="2019-08-08T20:25:12.689" threadId="0000000000C93688" success="true" from="nursery"/>
<exclusive-end id="1044" timestamp="2019-08-08T20:25:12.689" durationms="3.517" />

<concurrent-kickoff id="1045" timestamp="2019-08-08T20:25:14.383">
  <kickoff reason="threshold reached" targetBytes="5409903" thresholdFreeBytes="745618"  remainingFree="716768" tenureFreeBytes="182720" nurseryFreeBytes="716768" />
</concurrent-kickoff>
<exclusive-start id="1046" timestamp="2019-08-08T20:25:14.383" intervalms="1697.896">
  <response-info timems="0.530" idlems="0.530" threads="0" lastid="0000000000C87900" lastname="node-23" />
</exclusive-start>
<cycle-start id="1047" type="global" contextid="0" timestamp="2019-08-08T20:25:14.383" intervalms="28609.588" />
<exclusive-end id="1048" timestamp="2019-08-08T20:25:14.383" durationms="0.037" />

<exclusive-start id="1049" timestamp="2019-08-08T20:25:14.795" intervalms="411.662">
  <response-info timems="1.091" idlems="1.091" threads="0" lastid="0000000000C65E00" lastname="node-9" />
</exclusive-start>
<concurrent-collection-start id="1050" timestamp="2019-08-08T20:25:14.795" intervalms="28441.799" >
  <concurrent-trace-info reason="card cleaning threshold reached" tracedByMutators="561344" tracedByHelpers="4798948" cardsCleaned="114" workStackOverflowCount="0" />
</concurrent-collection-start>
<gc-start id="1051" type="global" contextid="1047" timestamp="2019-08-08T20:25:14.795">
  <mem-info id="1052" free="182720" total="12386304" percent="1">
    <mem type="nursery" free="0" total="4587520" percent="0">
      <mem type="allocate" free="0" total="4128768" percent="0" />
      <mem type="survivor" free="0" total="458752" percent="0" />
    </mem>
    <mem type="tenure" free="182720" total="7798784" percent="2">
      <mem type="soa" free="104896" total="7720960" percent="1" />
      <mem type="loa" free="77824" total="77824" percent="100" />
    </mem>
    <remembered-set count="503" />
  </mem-info>
</gc-start>
<allocation-stats totalBytes="3869144" >
  <allocated-bytes non-tlh="32" tlh="3869112" />
  <largest-consumer threadName="node-8" threadId="0000000000C92D00" bytes="208664" />
</allocation-stats>
<gc-op id="1053" type="rs-scan" timems="3.597" contextid="1047" timestamp="2019-08-08T20:25:14.799">
  <scan objectsFound="106" bytesTraced="8944" workStackOverflowCount="0" />
</gc-op>
<gc-op id="1054" type="card-cleaning" timems="2.171" contextid="1047" timestamp="2019-08-08T20:25:14.801">
  <card-cleaning cardsCleaned="72" bytesTraced="95252" workStackOverflowCount="0" />
</gc-op>
<gc-op id="1055" type="mark" timems="9.097" contextid="1047" timestamp="2019-08-08T20:25:14.810">
  <trace-info objectcount="271" scancount="230" scanbytes="5996" />
  <finalization candidates="13" enqueued="0" />
  <references type="soft" candidates="45" cleared="0" enqueued="0" dynamicThreshold="3" maxThreshold="32" />
  <references type="weak" candidates="130" cleared="0" enqueued="0" />
  <references type="phantom" candidates="33" cleared="0" enqueued="0" />
  <stringconstants candidates="3837" cleared="0"  />
</gc-op>
<gc-op id="1056" type="sweep" timems="1.766" contextid="1047" timestamp="2019-08-08T20:25:14.812" />
<mem-info id="1057" free="5067536" total="12386304" percent="40">
  <mem type="nursery" free="4113720" total="4587520" percent="89">
    <mem type="allocate" free="4113720" total="4128768" percent="99" />
    <mem type="survivor" free="0" total="458752" percent="0" />
  </mem>
  <mem type="tenure" free="953816" total="7798784" percent="12" micro-fragmented="0" macro-fragmented="502401">
    <mem type="soa" free="875992" total="7720960" percent="11" />
    <mem type="loa" free="77824" total="77824" percent="100" />
  </mem>
  <remembered-set count="363" />
</mem-info>
<gc-op id="1058" type="compact" timems="13.019" contextid="1047" timestamp="2019-08-08T20:25:14.825">
  <compact-info movecount="1389" movebytes="38512" reason="compact to aid heap contraction" />
</gc-op>
<heap-resize id="1059" type="expand" space="tenure" amount="65536" count="1" timems="0.022" reason="satisfy allocation request" timestamp="2019-08-08T20:25:14.826" />
<gc-end id="1060" type="global" contextid="1047" durationms="31.034" usertimems="15.037" systemtimems="18.920" timestamp="2019-08-08T20:25:14.826" activeThreads="16">
  <mem-info id="1061" free="5142824" total="12451840" percent="41">
    <mem type="nursery" free="4123472" total="4587520" percent="89">
      <mem type="allocate" free="4123472" total="4128768" percent="99" />
      <mem type="survivor" free="0" total="458752" percent="0" />
    </mem>
    <mem type="tenure" free="1019352" total="7864320" percent="12">
      <mem type="soa" free="941528" total="7786496" percent="12" />
      <mem type="loa" free="77824" total="77824" percent="100" />
    </mem>
    <remembered-set count="363" />
  </mem-info>
</gc-end>
<cycle-end id="1062" type="global" contextid="1047" timestamp="2019-08-08T20:25:14.826" />
  <attribute name="elasticGC enabled" value="1" />
  <attribute name= "numThreadsSpecified" value="16" />
  <attribute name="heapSize specified" value="12386304" />
  <attribute name="Current GC Util" value="40" />
  <attribute name= "Current Time Running" value="82244" />
  <attribute name ="GC Interval" value="2049" />
  <attribute name="Target GC Util Change" value ="80.000000" />
  <attribute name="Current GC Util Change" value="40.000000"/>
  <attribute name="Current Error" value="37.000000" />
  <attribute name="Output H" value="12424168"/>
  <attribute name="Output I" value="2024"/>
  <attribute name="Output T" value="16"/>
  <attribute name= "Current Time Running" value="82244" />
  <attribute name="GC Util currently" value="40" />
  <attribute name="CPU Util currently" value="88271616196" />
<concurrent-collection-end id="1063" timestamp="2019-08-08T20:25:14.826" />
<exclusive-end id="1064" timestamp="2019-08-08T20:25:14.826" durationms="31.247" />

<exclusive-start id="1065" timestamp="2019-08-08T20:25:16.690" intervalms="1894.919">
  <response-info timems="0.292" idlems="0.292" threads="0" lastid="0000000000C5E600" lastname="node-2" />
</exclusive-start>
<af-start id="1066" threadId="0000000000C5EF88" totalBytesRequested="24" timestamp="2019-08-08T20:25:16.690" intervalms="4004.413" type="nursery" />
<cycle-start id="1067" type="scavenge" contextid="0" timestamp="2019-08-08T20:25:16.690" intervalms="4004.792" />
<gc-start id="1068" type="scavenge" contextid="1067" timestamp="2019-08-08T20:25:16.690">
  <mem-info id="1069" free="1019352" total="12451840" percent="8">
    <mem type="nursery" free="0" total="4587520" percent="0">
      <mem type="allocate" free="0" total="4128768" percent="0" />
      <mem type="survivor" free="0" total="458752" percent="0" />
    </mem>
    <mem type="tenure" free="1019352" total="7864320" percent="12">
      <mem type="soa" free="941528" total="7786496" percent="12" />
      <mem type="loa" free="77824" total="77824" percent="100" />
    </mem>
    <remembered-set count="400" />
  </mem-info>
</gc-start>
<allocation-stats totalBytes="4117664" >
  <allocated-bytes non-tlh="0" tlh="4117664" />
  <largest-consumer threadName="node-20" threadId="0000000000C9E100" bytes="208704" />
</allocation-stats>
<gc-op id="1070" type="scavenge" timems="2.586" contextid="1067" timestamp="2019-08-08T20:25:16.693">
  <scavenger-info tenureage="3" tenuremask="4008" tiltratio="90" />
  <memory-copied type="nursery" objects="2509" bytes="61928" bytesdiscarded="67096" />
</gc-op>
<gc-end id="1071" type="scavenge" contextid="1067" durationms="2.779" usertimems="3.456" systemtimems="1.437" timestamp="2019-08-08T20:25:16.693" activeThreads="16">
  <mem-info id="1072" free="5019096" total="12451840" percent="40">
    <mem type="nursery" free="3999744" total="4587520" percent="87">
      <mem type="allocate" free="3999744" total="4128768" percent="96" />
      <mem type="survivor" free="0" total="458752" percent="0" />
    </mem>
    <mem type="tenure" free="1019352" total="7864320" percent="12" macro-fragmented="502401">
      <mem type="soa" free="941528" total="7786496" percent="12" />
      <mem type="loa" free="77824" total="77824" percent="100" />
    </mem>
    <remembered-set count="342" />
  </mem-info>
</gc-end>
<cycle-end id="1073" type="scavenge" contextid="1067" timestamp="2019-08-08T20:25:16.693" />
  <attribute name="elasticGC enabled" value="1" />
  <attribute name= "numThreadsSpecified" value="16" />
  <attribute name="heapSize specified" value="12386304" />
  <attribute name="Current GC Util" value="0" />
  <attribute name= "Current Time Running" value="84109" />
  <attribute name ="GC Interval" value="2073" />
  <attribute name="Target GC Util Change" value ="80.000000" />
  <attribute name="Current GC Util Change" value="0.000000"/>
  <attribute name="Current Error" value="117.000000" />
  <attribute name="Output H" value="12489752"/>
  <attribute name="Output I" value="2072"/>
  <attribute name="Output T" value="16"/>
  <attribute name= "Current Time Running" value="84109" />
  <attribute name="GC Util currently" value="0" />
  <attribute name="CPU Util currently" value="13" />
<allocation-satisfied id="1074" threadId="0000000000C5E600" bytesRequested="24" />
<af-end id="1075" timestamp="2019-08-08T20:25:16.693" threadId="0000000000C5EF88" success="true" from="nursery"/>
<exclusive-end id="1076" timestamp="2019-08-08T20:25:16.693" durationms="3.512" />

<exclusive-start id="1077" timestamp="2019-08-08T20:25:18.376" intervalms="1685.821">
  <response-info timems="0.031" idlems="0.031" threads="0" lastid="0000000000C80200" lastname="node-24" />
</exclusive-start>
<af-start id="1078" threadId="0000000000C80B88" totalBytesRequested="24" timestamp="2019-08-08T20:25:18.376" intervalms="1685.807" type="nursery" />
<cycle-start id="1079" type="scavenge" contextid="0" timestamp="2019-08-08T20:25:18.376" intervalms="1685.395" />
<gc-start id="1080" type="scavenge" contextid="1079" timestamp="2019-08-08T20:25:18.376">
  <mem-info id="1081" free="1019352" total="12451840" percent="8">
    <mem type="nursery" free="0" total="4587520" percent="0">
      <mem type="allocate" free="0" total="4128768" percent="0" />
      <mem type="survivor" free="0" total="458752" percent="0" />
    </mem>
    <mem type="tenure" free="1019352" total="7864320" percent="12">
      <mem type="soa" free="941528" total="7786496" percent="12" />
      <mem type="loa" free="77824" total="77824" percent="100" />
    </mem>
    <remembered-set count="435" />
  </mem-info>
</gc-start>
<allocation-stats totalBytes="3995128" >
  <allocated-bytes non-tlh="24" tlh="3995104" />
  <largest-consumer threadName="node-9" threadId="0000000000C65E00" bytes="208808" />
</allocation-stats>
<gc-op id="1082" type="scavenge" timems="2.705" contextid="1079" timestamp="2019-08-08T20:25:18.378">
  <scavenger-info tenureage="14" tenuremask="4000" tiltratio="90" />
  <memory-copied type="nursery" objects="4772" bytes="116240" bytesdiscarded="45040" />
</gc-op>
<gc-end id="1083" type="scavenge" contextid="1079" durationms="2.915" usertimems="1.221" systemtimems="3.721" timestamp="2019-08-08T20:25:18.379" activeThreads="16">
  <mem-info id="1084" free="4986840" total="12451840" percent="40">
    <mem type="nursery" free="3967488" total="4587520" percent="86">
      <mem type="allocate" free="3967488" total="4128768" percent="96" />
      <mem type="survivor" free="0" total="458752" percent="0" />
    </mem>
    <mem type="tenure" free="1019352" total="7864320" percent="12" macro-fragmented="868149">
      <mem type="soa" free="941528" total="7786496" percent="12" />
      <mem type="loa" free="77824" total="77824" percent="100" />
    </mem>
    <remembered-set count="376" />
  </mem-info>
</gc-end>
<cycle-end id="1085" type="scavenge" contextid="1079" timestamp="2019-08-08T20:25:18.379" />
  <attribute name="elasticGC enabled" value="1" />
  <attribute name= "numThreadsSpecified" value="16" />
  <attribute name="heapSize specified" value="12386304" />
  <attribute name="Current GC Util" value="0" />
  <attribute name= "Current Time Running" value="85795" />
  <attribute name ="GC Interval" value="2121" />
  <attribute name="Target GC Util Change" value ="80.000000" />
  <attribute name="Current GC Util Change" value="0.000000"/>
  <attribute name="Current Error" value="197.000000" />
  <attribute name="Output H" value="12489800"/>
  <attribute name="Output I" value="2120"/>
  <attribute name="Output T" value="16"/>
  <attribute name= "Current Time Running" value="85795" />
  <attribute name="GC Util currently" value="0" />
  <attribute name="CPU Util currently" value="12" />
<allocation-satisfied id="1086" threadId="0000000000C80200" bytesRequested="24" />
<af-end id="1087" timestamp="2019-08-08T20:25:18.379" threadId="0000000000C80B88" success="true" from="nursery"/>
<exclusive-end id="1088" timestamp="2019-08-08T20:25:18.379" durationms="3.179" />

<exclusive-start id="1089" timestamp="2019-08-08T20:25:19.856" intervalms="1480.272">
  <response-info timems="0.067" idlems="0.067" threads="0" lastid="0000000000C62200" lastname="node-14" />
</exclusive-start>
<af-start id="1090" threadId="0000000000C62B88" totalBytesRequested="368" timestamp="2019-08-08T20:25:19.856" intervalms="1480.305" type="nursery" />
<cycle-start id="1091" type="scavenge" contextid="0" timestamp="2019-08-08T20:25:19.856" intervalms="1480.315" />
<gc-start id="1092" type="scavenge" contextid="1091" timestamp="2019-08-08T20:25:19.856">
  <mem-info id="1093" free="1019352" total="12451840" percent="8">
    <mem type="nursery" free="0" total="4587520" percent="0">
      <mem type="allocate" free="0" total="4128768" percent="0" />
      <mem type="survivor" free="0" total="458752" percent="0" />
    </mem>
    <mem type="tenure" free="1019352" total="7864320" percent="12">
      <mem type="soa" free="941528" total="7786496" percent="12" />
      <mem type="loa" free="77824" total="77824" percent="100" />
    </mem>
    <remembered-set count="465" />
  </mem-info>
</gc-start>
<allocation-stats totalBytes="3959432" >
  <allocated-bytes non-tlh="24" tlh="3959408" />
  <largest-consumer threadName="node-8" threadId="0000000000C92D00" bytes="208856" />
</allocation-stats>
<gc-op id="1094" type="scavenge" timems="2.210" contextid="1091" timestamp="2019-08-08T20:25:19.858">
  <scavenger-info tenureage="14" tenuremask="4000" tiltratio="90" />
  <memory-copied type="nursery" objects="6717" bytes="166024" bytesdiscarded="43640" />
</gc-op>
<gc-end id="1095" type="scavenge" contextid="1091" durationms="3.319" usertimems="0.635" systemtimems="2.857" timestamp="2019-08-08T20:25:19.859" activeThreads="16">
  <mem-info id="1096" free="4938456" total="12451840" percent="39">
    <mem type="nursery" free="3919104" total="4587520" percent="85">
      <mem type="allocate" free="3919104" total="4128768" percent="94" />
      <mem type="survivor" free="0" total="458752" percent="0" />
    </mem>
    <mem type="tenure" free="1019352" total="7864320" percent="12" macro-fragmented="723458">
      <mem type="soa" free="941528" total="7786496" percent="12" />
      <mem type="loa" free="77824" total="77824" percent="100" />
    </mem>
    <remembered-set count="395" />
  </mem-info>
</gc-end>
<cycle-end id="1097" type="scavenge" contextid="1091" timestamp="2019-08-08T20:25:19.859" />
  <attribute name="elasticGC enabled" value="1" />
  <attribute name= "numThreadsSpecified" value="16" />
  <attribute name="heapSize specified" value="12386304" />
  <attribute name="Current GC Util" value="0" />
  <attribute name= "Current Time Running" value="87275" />
  <attribute name ="GC Interval" value="2161" />
  <attribute name="Target GC Util Change" value ="80.000000" />
  <attribute name="Current GC Util Change" value="0.000000"/>
  <attribute name="Current Error" value="277.000000" />
  <attribute name="Output H" value="12489840"/>
  <attribute name="Output I" value="2160"/>
  <attribute name="Output T" value="16"/>
  <attribute name= "Current Time Running" value="87275" />
  <attribute name="GC Util currently" value="0" />
  <attribute name="CPU Util currently" value="10" />
<allocation-satisfied id="1098" threadId="0000000000C62200" bytesRequested="368" />
<af-end id="1099" timestamp="2019-08-08T20:25:19.859" threadId="0000000000C62B88" success="true" from="nursery"/>
<exclusive-end id="1100" timestamp="2019-08-08T20:25:19.859" durationms="3.679" />

<exclusive-start id="1101" timestamp="2019-08-08T20:25:21.733" intervalms="1876.785">
  <response-info timems="0.043" idlems="0.043" threads="0" lastid="0000000000C56F00" lastname="node-10" />
</exclusive-start>
<af-start id="1102" threadId="0000000000C57888" totalBytesRequested="32" timestamp="2019-08-08T20:25:21.733" intervalms="1876.786" type="nursery" />
<cycle-start id="1103" type="scavenge" contextid="0" timestamp="2019-08-08T20:25:21.733" intervalms="1876.784" />
<gc-start id="1104" type="scavenge" contextid="1103" timestamp="2019-08-08T20:25:21.733">
  <mem-info id="1105" free="1019352" total="12451840" percent="8">
    <mem type="nursery" free="0" total="4587520" percent="0">
      <mem type="allocate" free="0" total="4128768" percent="0" />
      <mem type="survivor" free="0" total="458752" percent="0" />
    </mem>
    <mem type="tenure" free="1019352" total="7864320" percent="12">
      <mem type="soa" free="941528" total="7786496" percent="12" />
      <mem type="loa" free="77824" total="77824" percent="100" />
    </mem>
    <remembered-set count="501" />
  </mem-info>
</gc-start>
<allocation-stats totalBytes="3915608" >
  <allocated-bytes non-tlh="368" tlh="3915240" />
  <largest-consumer threadName="node-7" threadId="0000000000C7C600" bytes="208832" />
</allocation-stats>
<gc-op id="1106" type="scavenge" timems="2.187" contextid="1103" timestamp="2019-08-08T20:25:21.735">
  <scavenger-info tenureage="14" tenuremask="4000" tiltratio="90" />
  <memory-copied type="nursery" objects="9370" bytes="226592" bytesdiscarded="79840" />
</gc-op>
<gc-end id="1107" type="scavenge" contextid="1103" durationms="2.831" usertimems="0.112" systemtimems="2.911" timestamp="2019-08-08T20:25:21.736" activeThreads="16">
  <mem-info id="1108" free="4841688" total="12451840" percent="38">
    <mem type="nursery" free="3822336" total="4587520" percent="83">
      <mem type="allocate" free="3822336" total="4128768" percent="92" />
      <mem type="survivor" free="0" total="458752" percent="0" />
    </mem>
    <mem type="tenure" free="1019352" total="7864320" percent="12" macro-fragmented="868149">
      <mem type="soa" free="941528" total="7786496" percent="12" />
      <mem type="loa" free="77824" total="77824" percent="100" />
    </mem>
    <remembered-set count="444" />
  </mem-info>
</gc-end>
<cycle-end id="1109" type="scavenge" contextid="1103" timestamp="2019-08-08T20:25:21.736" />
  <attribute name="elasticGC enabled" value="1" />
  <attribute name= "numThreadsSpecified" value="16" />
  <attribute name="heapSize specified" value="12386304" />
  <attribute name="Current GC Util" value="0" />
  <attribute name= "Current Time Running" value="89152" />
  <attribute name ="GC Interval" value="2209" />
  <attribute name="Target GC Util Change" value ="80.000000" />
  <attribute name="Current GC Util Change" value="0.000000"/>
  <attribute name="Current Error" value="357.000000" />
  <attribute name="Output H" value="12489888"/>
  <attribute name="Output I" value="2208"/>
  <attribute name="Output T" value="16"/>
  <attribute name= "Current Time Running" value="89152" />
  <attribute name="GC Util currently" value="0" />
  <attribute name="CPU Util currently" value="12" />
<allocation-satisfied id="1110" threadId="0000000000C56F00" bytesRequested="32" />
<af-end id="1111" timestamp="2019-08-08T20:25:21.736" threadId="0000000000C57888" success="true" from="nursery"/>
<exclusive-end id="1112" timestamp="2019-08-08T20:25:21.736" durationms="3.171" />

<exclusive-start id="1113" timestamp="2019-08-08T20:25:23.881" intervalms="2148.675">
  <response-info timems="0.624" idlems="0.624" threads="0" lastid="0000000000C65E00" lastname="node-9" />
</exclusive-start>
<af-start id="1114" threadId="0000000000C66788" totalBytesRequested="32" timestamp="2019-08-08T20:25:23.881" intervalms="2148.647" type="nursery" />
<cycle-start id="1115" type="scavenge" contextid="0" timestamp="2019-08-08T20:25:23.881" intervalms="2148.646" />
<gc-start id="1116" type="scavenge" contextid="1115" timestamp="2019-08-08T20:25:23.881">
  <mem-info id="1117" free="1019352" total="12451840" percent="8">
    <mem type="nursery" free="0" total="4587520" percent="0">
      <mem type="allocate" free="0" total="4128768" percent="0" />
      <mem type="survivor" free="0" total="458752" percent="0" />
    </mem>
    <mem type="tenure" free="1019352" total="7864320" percent="12">
      <mem type="soa" free="941528" total="7786496" percent="12" />
      <mem type="loa" free="77824" total="77824" percent="100" />
    </mem>
    <remembered-set count="534" />
  </mem-info>
</gc-start>
<allocation-stats totalBytes="3819800" >
  <allocated-bytes non-tlh="32" tlh="3819768" />
  <largest-consumer threadName="node-7" threadId="0000000000C7C600" bytes="208832" />
</allocation-stats>
<gc-op id="1118" type="scavenge" timems="3.924" contextid="1115" timestamp="2019-08-08T20:25:23.885">
  <scavenger-info tenureage="4" tenuremask="4010" tiltratio="90" />
  <memory-copied type="nursery" objects="10251" bytes="245104" bytesdiscarded="45200" />
  <memory-copied type="tenure" objects="2368" bytes="56832" bytesdiscarded="0" />
</gc-op>
<gc-end id="1119" type="scavenge" contextid="1115" durationms="4.309" usertimems="3.715" systemtimems="4.681" timestamp="2019-08-08T20:25:23.886" activeThreads="16">
  <mem-info id="1120" free="4793304" total="12451840" percent="38">
    <mem type="nursery" free="3838464" total="4587520" percent="83">
      <mem type="allocate" free="3838464" total="4128768" percent="92" />
      <mem type="survivor" free="0" total="458752" percent="0" />
    </mem>
    <mem type="tenure" free="954840" total="7864320" percent="12" macro-fragmented="868149">
      <mem type="soa" free="877016" total="7786496" percent="11" />
      <mem type="loa" free="77824" total="77824" percent="100" />
    </mem>
    <remembered-set count="428" />
  </mem-info>
</gc-end>
<cycle-end id="1121" type="scavenge" contextid="1115" timestamp="2019-08-08T20:25:23.886" />
  <attribute name="elasticGC enabled" value="1" />
  <attribute name= "numThreadsSpecified" value="16" />
  <attribute name="heapSize specified" value="12386304" />
  <attribute name="Current GC Util" value="0" />
  <attribute name= "Current Time Running" value="91300" />
  <attribute name ="GC Interval" value="2049" />
  <attribute name="Target GC Util Change" value ="80.000000" />
  <attribute name="Current GC Util Change" value="0.000000"/>
  <attribute name="Current Error" value="80.000000" />
  <attribute name="Output H" value="12489728"/>
  <attribute name="Output I" value="2048"/>
  <attribute name="Output T" value="16"/>
  <attribute name= "Current Time Running" value="91300" />
  <attribute name="GC Util currently" value="0" />
  <attribute name="CPU Util currently" value="13" />
<allocation-satisfied id="1122" threadId="0000000000C65E00" bytesRequested="32" />
<af-end id="1123" timestamp="2019-08-08T20:25:23.886" threadId="0000000000C66788" success="true" from="nursery"/>
<exclusive-end id="1124" timestamp="2019-08-08T20:25:23.886" durationms="4.509" />

<exclusive-start id="1125" timestamp="2019-08-08T20:25:25.233" intervalms="1351.808">
  <response-info timems="0.021" idlems="0.021" threads="0" lastid="0000000000C7C600" lastname="node-7" />
</exclusive-start>
<af-start id="1126" threadId="0000000000C7CF88" totalBytesRequested="48" timestamp="2019-08-08T20:25:25.233" intervalms="1351.802" type="nursery" />
<cycle-start id="1127" type="scavenge" contextid="0" timestamp="2019-08-08T20:25:25.233" intervalms="1351.795" />
<gc-start id="1128" type="scavenge" contextid="1127" timestamp="2019-08-08T20:25:25.233">
  <mem-info id="1129" free="954840" total="12451840" percent="7">
    <mem type="nursery" free="0" total="4587520" percent="0">
      <mem type="allocate" free="0" total="4128768" percent="0" />
      <mem type="survivor" free="0" total="458752" percent="0" />
    </mem>
    <mem type="tenure" free="954840" total="7864320" percent="12">
      <mem type="soa" free="877016" total="7786496" percent="11" />
      <mem type="loa" free="77824" total="77824" percent="100" />
    </mem>
    <remembered-set count="538" />
  </mem-info>
</gc-start>
<allocation-stats totalBytes="3834392" >
  <allocated-bytes non-tlh="32" tlh="3834360" />
  <largest-consumer threadName="node-9" threadId="0000000000C65E00" bytes="208848" />
</allocation-stats>
<gc-op id="1130" type="scavenge" timems="4.021" contextid="1127" timestamp="2019-08-08T20:25:25.237">
  <scavenger-info tenureage="4" tenuremask="4010" tiltratio="90" />
  <memory-copied type="nursery" objects="10047" bytes="243040" bytesdiscarded="79520" />
  <memory-copied type="tenure" objects="2263" bytes="54312" bytesdiscarded="0" />
</gc-op>
<gc-end id="1131" type="scavenge" contextid="1127" durationms="4.556" usertimems="3.417" systemtimems="2.637" timestamp="2019-08-08T20:25:25.238" activeThreads="16">
  <mem-info id="1132" free="4696536" total="12451840" percent="37">
    <mem type="nursery" free="3806208" total="4587520" percent="82">
      <mem type="allocate" free="3806208" total="4128768" percent="92" />
      <mem type="survivor" free="0" total="458752" percent="0" />
    </mem>
    <mem type="tenure" free="890328" total="7864320" percent="11" macro-fragmented="602881">
      <mem type="soa" free="812504" total="7786496" percent="10" />
      <mem type="loa" free="77824" total="77824" percent="100" />
    </mem>
    <remembered-set count="435" />
  </mem-info>
</gc-end>
<cycle-end id="1133" type="scavenge" contextid="1127" timestamp="2019-08-08T20:25:25.238" />
  <attribute name="elasticGC enabled" value="1" />
  <attribute name= "numThreadsSpecified" value="16" />
  <attribute name="heapSize specified" value="12386304" />
  <attribute name="Current GC Util" value="0" />
  <attribute name= "Current Time Running" value="92652" />
  <attribute name ="GC Interval" value="2097" />
  <attribute name="Target GC Util Change" value ="80.000000" />
  <attribute name="Current GC Util Change" value="0.000000"/>
  <attribute name="Current Error" value="160.000000" />
  <attribute name="Output H" value="12489776"/>
  <attribute name="Output I" value="2096"/>
  <attribute name="Output T" value="16"/>
  <attribute name= "Current Time Running" value="92652" />
  <attribute name="GC Util currently" value="0" />
  <attribute name="CPU Util currently" value="10" />
<allocation-satisfied id="1134" threadId="0000000000C7C600" bytesRequested="48" />
<af-end id="1135" timestamp="2019-08-08T20:25:25.238" threadId="0000000000C7CF88" success="true" from="nursery"/>
<exclusive-end id="1136" timestamp="2019-08-08T20:25:25.238" durationms="4.920" />

<exclusive-start id="1137" timestamp="2019-08-08T20:25:26.997" intervalms="1763.973">
  <response-info timems="0.057" idlems="0.057" threads="0" lastid="0000000000C65E00" lastname="node-9" />
</exclusive-start>
<af-start id="1138" threadId="0000000000C66788" totalBytesRequested="136" timestamp="2019-08-08T20:25:26.997" intervalms="1763.994" type="nursery" />
<cycle-start id="1139" type="scavenge" contextid="0" timestamp="2019-08-08T20:25:26.997" intervalms="1764.004" />
<gc-start id="1140" type="scavenge" contextid="1139" timestamp="2019-08-08T20:25:26.997">
  <mem-info id="1141" free="890328" total="12451840" percent="7">
    <mem type="nursery" free="0" total="4587520" percent="0">
      <mem type="allocate" free="0" total="4128768" percent="0" />
      <mem type="survivor" free="0" total="458752" percent="0" />
    </mem>
    <mem type="tenure" free="890328" total="7864320" percent="11">
      <mem type="soa" free="812504" total="7786496" percent="10" />
      <mem type="loa" free="77824" total="77824" percent="100" />
    </mem>
    <remembered-set count="542" />
  </mem-info>
</gc-start>
<allocation-stats totalBytes="3800264" >
  <allocated-bytes non-tlh="48" tlh="3800216" />
  <largest-consumer threadName="node-5" threadId="0000000000C4F700" bytes="192400" />
</allocation-stats>
<gc-op id="1142" type="scavenge" timems="3.660" contextid="1139" timestamp="2019-08-08T20:25:27.001">
  <scavenger-info tenureage="3" tenuremask="4018" tiltratio="90" />
  <memory-copied type="nursery" objects="7785" bytes="188328" bytesdiscarded="5208" />
  <memory-copied type="tenure" objects="4595" bytes="110280" bytesdiscarded="0" />
</gc-op>
<gc-end id="1143" type="scavenge" contextid="1139" durationms="4.189" usertimems="2.169" systemtimems="4.121" timestamp="2019-08-08T20:25:27.001" activeThreads="16">
  <mem-info id="1144" free="4712664" total="12451840" percent="37">
    <mem type="nursery" free="3935232" total="4587520" percent="85">
      <mem type="allocate" free="3935232" total="4128768" percent="95" />
      <mem type="survivor" free="0" total="458752" percent="0" />
    </mem>
    <mem type="tenure" free="777432" total="7864320" percent="9" macro-fragmented="0">
      <mem type="soa" free="699608" total="7786496" percent="8" />
      <mem type="loa" free="77824" total="77824" percent="100" />
    </mem>
    <remembered-set count="413" />
  </mem-info>
</gc-end>
<cycle-end id="1145" type="scavenge" contextid="1139" timestamp="2019-08-08T20:25:27.001" />
  <attribute name="elasticGC enabled" value="1" />
  <attribute name= "numThreadsSpecified" value="16" />
  <attribute name="heapSize specified" value="12386304" />
  <attribute name="Current GC Util" value="0" />
  <attribute name= "Current Time Running" value="94416" />
  <attribute name ="GC Interval" value="2145" />
  <attribute name="Target GC Util Change" value ="80.000000" />
  <attribute name="Current GC Util Change" value="0.000000"/>
  <attribute name="Current Error" value="240.000000" />
  <attribute name="Output H" value="12489824"/>
  <attribute name="Output I" value="2144"/>
  <attribute name="Output T" value="16"/>
  <attribute name= "Current Time Running" value="94416" />
  <attribute name="GC Util currently" value="0" />
  <attribute name="CPU Util currently" value="12" />
<allocation-satisfied id="1146" threadId="0000000000C65E00" bytesRequested="136" />
<af-end id="1147" timestamp="2019-08-08T20:25:27.001" threadId="0000000000C66788" success="true" from="nursery"/>
<exclusive-end id="1148" timestamp="2019-08-08T20:25:27.001" durationms="4.402" />

<exclusive-start id="1149" timestamp="2019-08-08T20:25:28.697" intervalms="1699.546">
  <response-info timems="0.065" idlems="0.065" threads="0" lastid="0000000000C53300" lastname="node-13" />
</exclusive-start>
<af-start id="1150" threadId="0000000000C53C88" totalBytesRequested="32" timestamp="2019-08-08T20:25:28.697" intervalms="1699.547" type="nursery" />
<cycle-start id="1151" type="scavenge" contextid="0" timestamp="2019-08-08T20:25:28.697" intervalms="1699.542" />
<gc-start id="1152" type="scavenge" contextid="1151" timestamp="2019-08-08T20:25:28.697">
  <mem-info id="1153" free="777432" total="12451840" percent="6">
    <mem type="nursery" free="0" total="4587520" percent="0">
      <mem type="allocate" free="0" total="4128768" percent="0" />
      <mem type="survivor" free="0" total="458752" percent="0" />
    </mem>
    <mem type="tenure" free="777432" total="7864320" percent="9">
      <mem type="soa" free="699608" total="7786496" percent="8" />
      <mem type="loa" free="77824" total="77824" percent="100" />
    </mem>
    <remembered-set count="507" />
  </mem-info>
</gc-start>
<allocation-stats totalBytes="3924984" >
  <allocated-bytes non-tlh="136" tlh="3924848" />
  <largest-consumer threadName="node-9" threadId="0000000000C65E00" bytes="208984" />
</allocation-stats>
<gc-op id="1154" type="scavenge" timems="1.923" contextid="1151" timestamp="2019-08-08T20:25:28.699">
  <scavenger-info tenureage="3" tenuremask="4008" tiltratio="90" />
  <memory-copied type="nursery" objects="6917" bytes="167776" bytesdiscarded="90272" />
  <memory-copied type="tenure" objects="3278" bytes="78672" bytesdiscarded="0" />
</gc-op>
<gc-end id="1155" type="scavenge" contextid="1151" durationms="2.505" usertimems="6.719" systemtimems="0.000" timestamp="2019-08-08T20:25:28.699" activeThreads="16">
  <mem-info id="1156" free="4567512" total="12451840" percent="36">
    <mem type="nursery" free="3870720" total="4587520" percent="84">
      <mem type="allocate" free="3870720" total="4128768" percent="93" />
      <mem type="survivor" free="0" total="458752" percent="0" />
    </mem>
    <mem type="tenure" free="696792" total="7864320" percent="8" macro-fragmented="602881">
      <mem type="soa" free="618968" total="7786496" percent="7" />
      <mem type="loa" free="77824" total="77824" percent="100" />
    </mem>
    <remembered-set count="411" />
  </mem-info>
</gc-end>
<cycle-end id="1157" type="scavenge" contextid="1151" timestamp="2019-08-08T20:25:28.699" />
  <attribute name="elasticGC enabled" value="1" />
  <attribute name= "numThreadsSpecified" value="16" />
  <attribute name="heapSize specified" value="12386304" />
  <attribute name="Current GC Util" value="0" />
  <attribute name= "Current Time Running" value="96116" />
  <attribute name ="GC Interval" value="2185" />
  <attribute name="Target GC Util Change" value ="80.000000" />
  <attribute name="Current GC Util Change" value="0.000000"/>
  <attribute name="Current Error" value="320.000000" />
  <attribute name="Output H" value="12489864"/>
  <attribute name="Output I" value="2184"/>
  <attribute name="Output T" value="16"/>
  <attribute name= "Current Time Running" value="96116" />
  <attribute name="GC Util currently" value="0" />
  <attribute name="CPU Util currently" value="12" />
<allocation-satisfied id="1158" threadId="0000000000C53300" bytesRequested="32" />
<af-end id="1159" timestamp="2019-08-08T20:25:28.699" threadId="0000000000C53C88" success="true" from="nursery"/>
<exclusive-end id="1160" timestamp="2019-08-08T20:25:28.699" durationms="2.715" />

<exclusive-start id="1161" timestamp="2019-08-08T20:25:30.721" intervalms="2024.175">
  <response-info timems="0.028" idlems="0.028" threads="0" lastid="0000000000C47F00" lastname="node-6" />
</exclusive-start>
<af-start id="1162" threadId="0000000000C48888" totalBytesRequested="16" timestamp="2019-08-08T20:25:30.721" intervalms="2024.187" type="nursery" />
<cycle-start id="1163" type="scavenge" contextid="0" timestamp="2019-08-08T20:25:30.721" intervalms="2024.189" />
<gc-start id="1164" type="scavenge" contextid="1163" timestamp="2019-08-08T20:25:30.721">
  <mem-info id="1165" free="696792" total="12451840" percent="5">
    <mem type="nursery" free="0" total="4587520" percent="0">
      <mem type="allocate" free="0" total="4128768" percent="0" />
      <mem type="survivor" free="0" total="458752" percent="0" />
    </mem>
    <mem type="tenure" free="696792" total="7864320" percent="8">
      <mem type="soa" free="618968" total="7786496" percent="7" />
      <mem type="loa" free="77824" total="77824" percent="100" />
    </mem>
    <remembered-set count="501" />
  </mem-info>
</gc-start>
<allocation-stats totalBytes="3867968" >
  <allocated-bytes non-tlh="32" tlh="3867936" />
  <largest-consumer threadName="node-7" threadId="0000000000C7C600" bytes="208872" />
</allocation-stats>
<gc-op id="1166" type="scavenge" timems="2.851" contextid="1163" timestamp="2019-08-08T20:25:30.724">
  <scavenger-info tenureage="14" tenuremask="4000" tiltratio="90" />
  <memory-copied type="nursery" objects="9910" bytes="246432" bytesdiscarded="43872" />
</gc-op>
<gc-end id="1167" type="scavenge" contextid="1163" durationms="3.058" usertimems="3.057" systemtimems="1.037" timestamp="2019-08-08T20:25:30.724" activeThreads="16">
  <mem-info id="1168" free="4535256" total="12451840" percent="36">
    <mem type="nursery" free="3838464" total="4587520" percent="83">
      <mem type="allocate" free="3838464" total="4128768" percent="92" />
      <mem type="survivor" free="0" total="458752" percent="0" />
    </mem>
    <mem type="tenure" free="696792" total="7864320" percent="8" macro-fragmented="502401">
      <mem type="soa" free="618968" total="7786496" percent="7" />
      <mem type="loa" free="77824" total="77824" percent="100" />
    </mem>
    <remembered-set count="427" />
  </mem-info>
</gc-end>
<cycle-end id="1169" type="scavenge" contextid="1163" timestamp="2019-08-08T20:25:30.724" />
  <attribute name="elasticGC enabled" value="1" />
  <attribute name= "numThreadsSpecified" value="16" />
  <attribute name="heapSize specified" value="12386304" />
  <attribute name="Current GC Util" value="0" />
  <attribute name= "Current Time Running" value="98140" />
  <attribute name ="GC Interval" value="2233" />
  <attribute name="Target GC Util Change" value ="80.000000" />
  <attribute name="Current GC Util Change" value="0.000000"/>
  <attribute name="Current Error" value="400.000000" />
  <attribute name="Output H" value="12489912"/>
  <attribute name="Output I" value="2232"/>
  <attribute name="Output T" value="16"/>
  <attribute name= "Current Time Running" value="98140" />
  <attribute name="GC Util currently" value="0" />
  <attribute name="CPU Util currently" value="13" />
<allocation-satisfied id="1170" threadId="0000000000C47F00" bytesRequested="16" />
<af-end id="1171" timestamp="2019-08-08T20:25:30.724" threadId="0000000000C48888" success="true" from="nursery"/>
<exclusive-end id="1172" timestamp="2019-08-08T20:25:30.724" durationms="3.350" />

<exclusive-start id="1173" timestamp="2019-08-08T20:25:32.631" intervalms="1909.812">
  <response-info timems="0.120" idlems="0.120" threads="0" lastid="0000000000C7C600" lastname="node-7" />
</exclusive-start>
<af-start id="1174" threadId="0000000000C7CF88" totalBytesRequested="16" timestamp="2019-08-08T20:25:32.631" intervalms="1909.783" type="nursery" />
<cycle-start id="1175" type="scavenge" contextid="0" timestamp="2019-08-08T20:25:32.631" intervalms="1909.859" />
<gc-start id="1176" type="scavenge" contextid="1175" timestamp="2019-08-08T20:25:32.631">
  <mem-info id="1177" free="696792" total="12451840" percent="5">
    <mem type="nursery" free="0" total="4587520" percent="0">
      <mem type="allocate" free="0" total="4128768" percent="0" />
      <mem type="survivor" free="0" total="458752" percent="0" />
    </mem>
    <mem type="tenure" free="696792" total="7864320" percent="8">
      <mem type="soa" free="618968" total="7786496" percent="7" />
      <mem type="loa" free="77824" total="77824" percent="100" />
    </mem>
    <remembered-set count="538" />
  </mem-info>
</gc-start>
<allocation-stats totalBytes="3831880" >
  <allocated-bytes non-tlh="16" tlh="3831864" />
  <largest-consumer threadName="node-9" threadId="0000000000C65E00" bytes="207656" />
</allocation-stats>
<gc-op id="1178" type="scavenge" timems="4.308" contextid="1175" timestamp="2019-08-08T20:25:32.635">
  <scavenger-info tenureage="4" tenuremask="4010" tiltratio="90" />
  <memory-copied type="nursery" objects="10459" bytes="250264" bytesdiscarded="88424" />
  <memory-copied type="tenure" objects="2030" bytes="48720" bytesdiscarded="0" />
</gc-op>
<gc-end id="1179" type="scavenge" contextid="1175" durationms="4.826" usertimems="10.564" systemtimems="0.666" timestamp="2019-08-08T20:25:32.636" activeThreads="16">
  <mem-info id="1180" free="4438488" total="12451840" percent="35">
    <mem type="nursery" free="3790080" total="4587520" percent="82">
      <mem type="allocate" free="3790080" total="4128768" percent="91" />
      <mem type="survivor" free="0" total="458752" percent="0" />
    </mem>
    <mem type="tenure" free="648408" total="7864320" percent="8" macro-fragmented="502401">
      <mem type="soa" free="570584" total="7786496" percent="7" />
      <mem type="loa" free="77824" total="77824" percent="100" />
    </mem>
    <remembered-set count="425" />
  </mem-info>
</gc-end>
<cycle-end id="1181" type="scavenge" contextid="1175" timestamp="2019-08-08T20:25:32.636" />
  <attribute name="elasticGC enabled" value="1" />
  <attribute name= "numThreadsSpecified" value="16" />
  <attribute name="heapSize specified" value="12386304" />
  <attribute name="Current GC Util" value="0" />
  <attribute name= "Current Time Running" value="100050" />
  <attribute name ="GC Interval" value="2281" />
  <attribute name="Target GC Util Change" value ="80.000000" />
  <attribute name="Current GC Util Change" value="0.000000"/>
  <attribute name="Current Error" value="480.000000" />
  <attribute name="Output H" value="12489960"/>
  <attribute name="Output I" value="2280"/>
  <attribute name="Output T" value="16"/>
  <attribute name= "Current Time Running" value="100050" />
  <attribute name="GC Util currently" value="0" />
  <attribute name="CPU Util currently" value="12" />
<allocation-satisfied id="1182" threadId="0000000000C7C600" bytesRequested="16" />
<af-end id="1183" timestamp="2019-08-08T20:25:32.636" threadId="0000000000C7CF88" success="true" from="nursery"/>
<exclusive-end id="1184" timestamp="2019-08-08T20:25:32.636" durationms="5.148" />

<exclusive-start id="1185" timestamp="2019-08-08T20:25:34.280" intervalms="1649.670">
  <response-info timems="0.758" idlems="0.758" threads="0" lastid="0000000000C80200" lastname="node-24" />
</exclusive-start>
<af-start id="1186" threadId="0000000000C80B88" totalBytesRequested="720" timestamp="2019-08-08T20:25:34.280" intervalms="1649.664" type="nursery" />
<cycle-start id="1187" type="scavenge" contextid="0" timestamp="2019-08-08T20:25:34.280" intervalms="1649.581" />
<gc-start id="1188" type="scavenge" contextid="1187" timestamp="2019-08-08T20:25:34.280">
  <mem-info id="1189" free="648408" total="12451840" percent="5">
    <mem type="nursery" free="0" total="4587520" percent="0">
      <mem type="allocate" free="0" total="4128768" percent="0" />
      <mem type="survivor" free="0" total="458752" percent="0" />
    </mem>
    <mem type="tenure" free="648408" total="7864320" percent="8">
      <mem type="soa" free="570584" total="7786496" percent="7" />
      <mem type="loa" free="77824" total="77824" percent="100" />
    </mem>
    <remembered-set count="539" />
  </mem-info>
</gc-start>
<allocation-stats totalBytes="3780160" >
  <allocated-bytes non-tlh="16" tlh="3780144" />
  <largest-consumer threadName="node-8" threadId="0000000000C92D00" bytes="201400" />
</allocation-stats>
<gc-op id="1190" type="scavenge" timems="3.647" contextid="1187" timestamp="2019-08-08T20:25:34.284">
  <scavenger-info tenureage="4" tenuremask="4010" tiltratio="90" />
  <memory-copied type="nursery" objects="10637" bytes="261504" bytesdiscarded="61056" />
  <memory-copied type="tenure" objects="2337" bytes="56088" bytesdiscarded="0" />
</gc-op>
<gc-end id="1191" type="scavenge" contextid="1187" durationms="4.100" usertimems="2.333" systemtimems="4.508" timestamp="2019-08-08T20:25:34.284" activeThreads="16">
  <mem-info id="1192" free="4390104" total="12451840" percent="35">
    <mem type="nursery" free="3806208" total="4587520" percent="82">
      <mem type="allocate" free="3806208" total="4128768" percent="92" />
      <mem type="survivor" free="0" total="458752" percent="0" />
    </mem>
    <mem type="tenure" free="583896" total="7864320" percent="7" macro-fragmented="418667">
      <mem type="soa" free="506072" total="7786496" percent="6" />
      <mem type="loa" free="77824" total="77824" percent="100" />
    </mem>
    <remembered-set count="436" />
  </mem-info>
</gc-end>
<cycle-end id="1193" type="scavenge" contextid="1187" timestamp="2019-08-08T20:25:34.285" />
  <attribute name="elasticGC enabled" value="1" />
  <attribute name= "numThreadsSpecified" value="16" />
  <attribute name="heapSize specified" value="12386304" />
  <attribute name="Current GC Util" value="0" />
  <attribute name= "Current Time Running" value="101700" />
  <attribute name ="GC Interval" value="2049" />
  <attribute name="Target GC Util Change" value ="80.000000" />
  <attribute name="Current GC Util Change" value="0.000000"/>
  <attribute name="Current Error" value="80.000000" />
  <attribute name="Output H" value="12489728"/>
  <attribute name="Output I" value="2048"/>
  <attribute name="Output T" value="16"/>
  <attribute name= "Current Time Running" value="101700" />
  <attribute name="GC Util currently" value="0" />
  <attribute name="CPU Util currently" value="12" />
<allocation-satisfied id="1194" threadId="0000000000C80200" bytesRequested="720" />
<af-end id="1195" timestamp="2019-08-08T20:25:34.285" threadId="0000000000C80B88" success="true" from="nursery"/>
<exclusive-end id="1196" timestamp="2019-08-08T20:25:34.285" durationms="4.324" />

<exclusive-start id="1197" timestamp="2019-08-08T20:25:35.943" intervalms="1662.471">
  <response-info timems="0.019" idlems="0.019" threads="0" lastid="0000000000C65E00" lastname="node-9" />
</exclusive-start>
<af-start id="1198" threadId="0000000000C66788" totalBytesRequested="32" timestamp="2019-08-08T20:25:35.943" intervalms="1662.472" type="nursery" />
<cycle-start id="1199" type="scavenge" contextid="0" timestamp="2019-08-08T20:25:35.943" intervalms="1662.473" />
<gc-start id="1200" type="scavenge" contextid="1199" timestamp="2019-08-08T20:25:35.943">
  <mem-info id="1201" free="583896" total="12451840" percent="4">
    <mem type="nursery" free="0" total="4587520" percent="0">
      <mem type="allocate" free="0" total="4128768" percent="0" />
      <mem type="survivor" free="0" total="458752" percent="0" />
    </mem>
    <mem type="tenure" free="583896" total="7864320" percent="7">
      <mem type="soa" free="506072" total="7786496" percent="6" />
      <mem type="loa" free="77824" total="77824" percent="100" />
    </mem>
    <remembered-set count="544" />
  </mem-info>
</gc-start>
<allocation-stats totalBytes="3796768" >
  <allocated-bytes non-tlh="720" tlh="3796048" />
  <largest-consumer threadName="node-7" threadId="0000000000C7C600" bytes="200624" />
</allocation-stats>
<gc-op id="1202" type="scavenge" timems="2.421" contextid="1199" timestamp="2019-08-08T20:25:35.945">
  <scavenger-info tenureage="3" tenuremask="4018" tiltratio="90" />
  <memory-copied type="nursery" objects="7553" bytes="182984" bytesdiscarded="107320" />
  <memory-copied type="tenure" objects="5377" bytes="129048" bytesdiscarded="0" />
</gc-op>
<gc-end id="1203" type="scavenge" contextid="1199" durationms="3.011" usertimems="2.697" systemtimems="1.460" timestamp="2019-08-08T20:25:35.946" activeThreads="16">
  <mem-info id="1204" free="4293336" total="12451840" percent="34">
    <mem type="nursery" free="3838464" total="4587520" percent="83">
      <mem type="allocate" free="3838464" total="4128768" percent="92" />
      <mem type="survivor" free="0" total="458752" percent="0" />
    </mem>
    <mem type="tenure" free="454872" total="7864320" percent="5" macro-fragmented="0">
      <mem type="soa" free="377048" total="7786496" percent="4" />
      <mem type="loa" free="77824" total="77824" percent="100" />
    </mem>
    <remembered-set count="415" />
  </mem-info>
</gc-end>
<cycle-end id="1205" type="scavenge" contextid="1199" timestamp="2019-08-08T20:25:35.946" />
  <attribute name="elasticGC enabled" value="1" />
  <attribute name= "numThreadsSpecified" value="16" />
  <attribute name="heapSize specified" value="12386304" />
  <attribute name="Current GC Util" value="0" />
  <attribute name= "Current Time Running" value="103362" />
  <attribute name ="GC Interval" value="2097" />
  <attribute name="Target GC Util Change" value ="80.000000" />
  <attribute name="Current GC Util Change" value="0.000000"/>
  <attribute name="Current Error" value="160.000000" />
  <attribute name="Output H" value="12489776"/>
  <attribute name="Output I" value="2096"/>
  <attribute name="Output T" value="16"/>
  <attribute name= "Current Time Running" value="103362" />
  <attribute name="GC Util currently" value="0" />
  <attribute name="CPU Util currently" value="11" />
<allocation-satisfied id="1206" threadId="0000000000C65E00" bytesRequested="32" />
<af-end id="1207" timestamp="2019-08-08T20:25:35.946" threadId="0000000000C66788" success="true" from="nursery"/>
<exclusive-end id="1208" timestamp="2019-08-08T20:25:35.946" durationms="3.267" />

<exclusive-start id="1209" timestamp="2019-08-08T20:25:38.260" intervalms="2317.607">
  <response-info timems="0.608" idlems="0.608" threads="0" lastid="0000000000C7C600" lastname="node-7" />
</exclusive-start>
<af-start id="1210" threadId="0000000000C7CF88" totalBytesRequested="720" timestamp="2019-08-08T20:25:38.260" intervalms="2317.613" type="nursery" />
<cycle-start id="1211" type="scavenge" contextid="0" timestamp="2019-08-08T20:25:38.260" intervalms="2317.636" />
<gc-start id="1212" type="scavenge" contextid="1211" timestamp="2019-08-08T20:25:38.260">
  <mem-info id="1213" free="454872" total="12451840" percent="3">
    <mem type="nursery" free="0" total="4587520" percent="0">
      <mem type="allocate" free="0" total="4128768" percent="0" />
      <mem type="survivor" free="0" total="458752" percent="0" />
    </mem>
    <mem type="tenure" free="454872" total="7864320" percent="5">
      <mem type="soa" free="377048" total="7786496" percent="4" />
      <mem type="loa" free="77824" total="77824" percent="100" />
    </mem>
    <remembered-set count="505" />
  </mem-info>
</gc-start>
<allocation-stats totalBytes="3835264" >
  <allocated-bytes non-tlh="32" tlh="3835232" />
  <largest-consumer threadName="node-9" threadId="0000000000C65E00" bytes="208072" />
</allocation-stats>
<gc-op id="1214" type="scavenge" timems="3.493" contextid="1211" timestamp="2019-08-08T20:25:38.264">
  <scavenger-info tenureage="3" tenuremask="4008" tiltratio="90" />
  <memory-copied type="nursery" objects="8173" bytes="206088" bytesdiscarded="84216" />
  <memory-copied type="tenure" objects="2627" bytes="63048" bytesdiscarded="0" />
</gc-op>
<gc-end id="1215" type="scavenge" contextid="1211" durationms="4.208" usertimems="4.110" systemtimems="1.693" timestamp="2019-08-08T20:25:38.265" activeThreads="16">
  <mem-info id="1216" free="4228824" total="12451840" percent="33">
    <mem type="nursery" free="3838464" total="4587520" percent="83">
      <mem type="allocate" free="3838464" total="4128768" percent="92" />
      <mem type="survivor" free="0" total="458752" percent="0" />
    </mem>
    <mem type="tenure" free="390360" total="7864320" percent="4" macro-fragmented="0">
      <mem type="soa" free="312536" total="7786496" percent="4" />
      <mem type="loa" free="77824" total="77824" percent="100" />
    </mem>
    <remembered-set count="402" />
  </mem-info>
</gc-end>
<cycle-end id="1217" type="scavenge" contextid="1211" timestamp="2019-08-08T20:25:38.265" />
  <attribute name="elasticGC enabled" value="1" />
  <attribute name= "numThreadsSpecified" value="16" />
  <attribute name="heapSize specified" value="12386304" />
  <attribute name="Current GC Util" value="0" />
  <attribute name= "Current Time Running" value="105680" />
  <attribute name ="GC Interval" value="2145" />
  <attribute name="Target GC Util Change" value ="80.000000" />
  <attribute name="Current GC Util Change" value="0.000000"/>
  <attribute name="Current Error" value="240.000000" />
  <attribute name="Output H" value="12489824"/>
  <attribute name="Output I" value="2144"/>
  <attribute name="Output T" value="16"/>
  <attribute name= "Current Time Running" value="105680" />
  <attribute name="GC Util currently" value="0" />
  <attribute name="CPU Util currently" value="14" />
<allocation-satisfied id="1218" threadId="0000000000C7C600" bytesRequested="720" />
<af-end id="1219" timestamp="2019-08-08T20:25:38.265" threadId="0000000000C7CF88" success="true" from="nursery"/>
<exclusive-end id="1220" timestamp="2019-08-08T20:25:38.265" durationms="4.501" />

<exclusive-start id="1221" timestamp="2019-08-08T20:25:40.028" intervalms="1767.563">
  <response-info timems="0.051" idlems="0.051" threads="0" lastid="0000000000C7C600" lastname="node-7" />
</exclusive-start>
<af-start id="1222" threadId="0000000000C7CF88" totalBytesRequested="16" timestamp="2019-08-08T20:25:40.028" intervalms="1767.590" type="nursery" />
<cycle-start id="1223" type="scavenge" contextid="0" timestamp="2019-08-08T20:25:40.028" intervalms="1767.569" />
<gc-start id="1224" type="scavenge" contextid="1223" timestamp="2019-08-08T20:25:40.028">
  <mem-info id="1225" free="390360" total="12451840" percent="3">
    <mem type="nursery" free="0" total="4587520" percent="0">
      <mem type="allocate" free="0" total="4128768" percent="0" />
      <mem type="survivor" free="0" total="458752" percent="0" />
    </mem>
    <mem type="tenure" free="390360" total="7864320" percent="4">
      <mem type="soa" free="312536" total="7786496" percent="4" />
      <mem type="loa" free="77824" total="77824" percent="100" />
    </mem>
    <remembered-set count="507" />
  </mem-info>
</gc-start>
<allocation-stats totalBytes="3832832" >
  <allocated-bytes non-tlh="720" tlh="3832112" />
  <largest-consumer threadName="node-8" threadId="0000000000C92D00" bytes="208848" />
</allocation-stats>
<gc-op id="1226" type="scavenge" timems="3.657" contextid="1223" timestamp="2019-08-08T20:25:40.032">
  <scavenger-info tenureage="3" tenuremask="4008" tiltratio="90" />
  <memory-copied type="nursery" objects="7898" bytes="196480" bytesdiscarded="45440" />
  <memory-copied type="tenure" objects="2475" bytes="59400" bytesdiscarded="312" />
</gc-op>
<gc-end id="1227" type="scavenge" contextid="1223" durationms="4.197" usertimems="5.034" systemtimems="3.926" timestamp="2019-08-08T20:25:40.032" activeThreads="16">
  <mem-info id="1228" free="4228824" total="12451840" percent="33">
    <mem type="nursery" free="3886848" total="4587520" percent="84">
      <mem type="allocate" free="3886848" total="4128768" percent="94" />
      <mem type="survivor" free="0" total="458752" percent="0" />
    </mem>
    <mem type="tenure" free="341976" total="7864320" percent="4" macro-fragmented="0">
      <mem type="soa" free="264152" total="7786496" percent="3" />
      <mem type="loa" free="77824" total="77824" percent="100" />
    </mem>
    <remembered-set count="404" />
  </mem-info>
</gc-end>
<cycle-end id="1229" type="scavenge" contextid="1223" timestamp="2019-08-08T20:25:40.032" />
  <attribute name="elasticGC enabled" value="1" />
  <attribute name= "numThreadsSpecified" value="16" />
  <attribute name="heapSize specified" value="12386304" />
  <attribute name="Current GC Util" value="0" />
  <attribute name= "Current Time Running" value="107447" />
  <attribute name ="GC Interval" value="2185" />
  <attribute name="Target GC Util Change" value ="80.000000" />
  <attribute name="Current GC Util Change" value="0.000000"/>
  <attribute name="Current Error" value="320.000000" />
  <attribute name="Output H" value="12489864"/>
  <attribute name="Output I" value="2184"/>
  <attribute name="Output T" value="16"/>
  <attribute name= "Current Time Running" value="107447" />
  <attribute name="GC Util currently" value="0" />
  <attribute name="CPU Util currently" value="12" />
<allocation-satisfied id="1230" threadId="0000000000C7C600" bytesRequested="16" />
<af-end id="1231" timestamp="2019-08-08T20:25:40.032" threadId="0000000000C7CF88" success="true" from="nursery"/>
<exclusive-end id="1232" timestamp="2019-08-08T20:25:40.032" durationms="4.612" />

<exclusive-start id="1233" timestamp="2019-08-08T20:25:41.704" intervalms="1676.444">
  <response-info timems="0.024" idlems="0.024" threads="0" lastid="0000000000C65E00" lastname="node-9" />
</exclusive-start>
<af-start id="1234" threadId="0000000000C66788" totalBytesRequested="368" timestamp="2019-08-08T20:25:41.704" intervalms="1676.510" type="nursery" />
<cycle-start id="1235" type="scavenge" contextid="0" timestamp="2019-08-08T20:25:41.704" intervalms="1676.511" />
<gc-start id="1236" type="scavenge" contextid="1235" timestamp="2019-08-08T20:25:41.705">
  <mem-info id="1237" free="341976" total="12451840" percent="2">
    <mem type="nursery" free="0" total="4587520" percent="0">
      <mem type="allocate" free="0" total="4128768" percent="0" />
      <mem type="survivor" free="0" total="458752" percent="0" />
    </mem>
    <mem type="tenure" free="341976" total="7864320" percent="4">
      <mem type="soa" free="264152" total="7786496" percent="3" />
      <mem type="loa" free="77824" total="77824" percent="100" />
    </mem>
    <remembered-set count="508" />
  </mem-info>
</gc-start>
<allocation-stats totalBytes="3884408" >
  <allocated-bytes non-tlh="16" tlh="3884392" />
  <largest-consumer threadName="node-7" threadId="0000000000C7C600" bytes="208864" />
</allocation-stats>
<gc-op id="1238" type="scavenge" timems="2.808" contextid="1235" timestamp="2019-08-08T20:25:41.707">
  <scavenger-info tenureage="14" tenuremask="4000" tiltratio="90" />
  <memory-copied type="nursery" objects="10265" bytes="250832" bytesdiscarded="71728" />
</gc-op>
<gc-end id="1239" type="scavenge" contextid="1235" durationms="2.996" usertimems="1.386" systemtimems="6.778" timestamp="2019-08-08T20:25:41.708" activeThreads="16">
  <mem-info id="1240" free="4148184" total="12451840" percent="33">
    <mem type="nursery" free="3806208" total="4587520" percent="82">
      <mem type="allocate" free="3806208" total="4128768" percent="92" />
      <mem type="survivor" free="0" total="458752" percent="0" />
    </mem>
    <mem type="tenure" free="341976" total="7864320" percent="4" macro-fragmented="0">
      <mem type="soa" free="264152" total="7786496" percent="3" />
      <mem type="loa" free="77824" total="77824" percent="100" />
    </mem>
    <remembered-set count="437" />
  </mem-info>
</gc-end>
<cycle-end id="1241" type="scavenge" contextid="1235" timestamp="2019-08-08T20:25:41.708" />
  <attribute name="elasticGC enabled" value="1" />
  <attribute name= "numThreadsSpecified" value="16" />
  <attribute name="heapSize specified" value="12386304" />
  <attribute name="Current GC Util" value="0" />
  <attribute name= "Current Time Running" value="109124" />
  <attribute name ="GC Interval" value="2233" />
  <attribute name="Target GC Util Change" value ="80.000000" />
  <attribute name="Current GC Util Change" value="0.000000"/>
  <attribute name="Current Error" value="400.000000" />
  <attribute name="Output H" value="12489912"/>
  <attribute name="Output I" value="2232"/>
  <attribute name="Output T" value="16"/>
  <attribute name= "Current Time Running" value="109124" />
  <attribute name="GC Util currently" value="0" />
  <attribute name="CPU Util currently" value="12" />
<allocation-satisfied id="1242" threadId="0000000000C65E00" bytesRequested="368" />
<af-end id="1243" timestamp="2019-08-08T20:25:41.708" threadId="0000000000C66788" success="true" from="nursery"/>
<exclusive-end id="1244" timestamp="2019-08-08T20:25:41.708" durationms="3.322" />

<exclusive-start id="1245" timestamp="2019-08-08T20:25:44.004" intervalms="2299.359">
  <response-info timems="0.216" idlems="0.216" threads="0" lastid="0000000000C92D00" lastname="node-8" />
</exclusive-start>
<af-start id="1246" threadId="0000000000C93688" totalBytesRequested="24" timestamp="2019-08-08T20:25:44.004" intervalms="2299.694" type="nursery" />
<cycle-start id="1247" type="scavenge" contextid="0" timestamp="2019-08-08T20:25:44.004" intervalms="2299.997" />
<gc-start id="1248" type="scavenge" contextid="1247" timestamp="2019-08-08T20:25:44.005">
  <mem-info id="1249" free="341976" total="12451840" percent="2">
    <mem type="nursery" free="0" total="4587520" percent="0">
      <mem type="allocate" free="0" total="4128768" percent="0" />
      <mem type="survivor" free="0" total="458752" percent="0" />
    </mem>
    <mem type="tenure" free="341976" total="7864320" percent="4">
      <mem type="soa" free="264152" total="7786496" percent="3" />
      <mem type="loa" free="77824" total="77824" percent="100" />
    </mem>
    <remembered-set count="542" />
  </mem-info>
</gc-start>
<allocation-stats totalBytes="3802952" >
  <allocated-bytes non-tlh="368" tlh="3802584" />
  <largest-consumer threadName="node-9" threadId="0000000000C65E00" bytes="201640" />
</allocation-stats>
<gc-op id="1250" type="scavenge" timems="3.920" contextid="1247" timestamp="2019-08-08T20:25:44.009">
  <scavenger-info tenureage="3" tenuremask="4018" tiltratio="90" />
  <memory-copied type="nursery" objects="7861" bytes="190376" bytesdiscarded="67672" />
  <memory-copied type="tenure" objects="5531" bytes="132744" bytesdiscarded="0" />
</gc-op>
<gc-end id="1251" type="scavenge" contextid="1247" durationms="4.859" usertimems="4.758" systemtimems="4.507" timestamp="2019-08-08T20:25:44.010" activeThreads="16">
  <mem-info id="1252" free="4067544" total="12451840" percent="32">
    <mem type="nursery" free="3870720" total="4587520" percent="84">
      <mem type="allocate" free="3870720" total="4128768" percent="93" />
      <mem type="survivor" free="0" total="458752" percent="0" />
    </mem>
    <mem type="tenure" free="196824" total="7864320" percent="2" macro-fragmented="0">
      <mem type="soa" free="119000" total="7786496" percent="1" />
      <mem type="loa" free="77824" total="77824" percent="100" />
    </mem>
    <remembered-set count="413" />
  </mem-info>
</gc-end>
<cycle-end id="1253" type="scavenge" contextid="1247" timestamp="2019-08-08T20:25:44.011" />
  <attribute name="elasticGC enabled" value="1" />
  <attribute name= "numThreadsSpecified" value="16" />
  <attribute name="heapSize specified" value="12386304" />
  <attribute name="Current GC Util" value="0" />
  <attribute name= "Current Time Running" value="111424" />
  <attribute name ="GC Interval" value="2281" />
  <attribute name="Target GC Util Change" value ="80.000000" />
  <attribute name="Current GC Util Change" value="0.000000"/>
  <attribute name="Current Error" value="480.000000" />
  <attribute name="Output H" value="12489960"/>
  <attribute name="Output I" value="2280"/>
  <attribute name="Output T" value="16"/>
  <attribute name= "Current Time Running" value="111424" />
  <attribute name="GC Util currently" value="0" />
  <attribute name="CPU Util currently" value="14" />
<allocation-satisfied id="1254" threadId="0000000000C92D00" bytesRequested="24" />
<af-end id="1255" timestamp="2019-08-08T20:25:44.011" threadId="0000000000C93688" success="true" from="nursery"/>
<exclusive-end id="1256" timestamp="2019-08-08T20:25:44.011" durationms="7.567" />

<concurrent-kickoff id="1257" timestamp="2019-08-08T20:25:45.707">
  <kickoff reason="threshold reached" targetBytes="5445030" thresholdFreeBytes="750868"  remainingFree="716776" tenureFreeBytes="196824" nurseryFreeBytes="716776" />
</concurrent-kickoff>
<exclusive-start id="1258" timestamp="2019-08-08T20:25:45.707" intervalms="1703.550">
  <response-info timems="0.023" idlems="0.023" threads="0" lastid="0000000000C53300" lastname="node-13" />
</exclusive-start>
<cycle-start id="1259" type="global" contextid="0" timestamp="2019-08-08T20:25:45.707" intervalms="31324.096" />
<exclusive-end id="1260" timestamp="2019-08-08T20:25:45.707" durationms="0.017" />

<exclusive-start id="1261" timestamp="2019-08-08T20:25:46.236" intervalms="529.175">
  <response-info timems="0.036" idlems="0.021" threads="1" lastid="0000000000C65E00" lastname="node-9" />
</exclusive-start>
<concurrent-collection-start id="1262" timestamp="2019-08-08T20:25:46.236" intervalms="31441.591" >
  <concurrent-trace-info reason="card cleaning threshold reached" tracedByMutators="1326200" tracedByHelpers="4118160" cardsCleaned="184" workStackOverflowCount="0" />
</concurrent-collection-start>
<gc-start id="1263" type="global" contextid="1259" timestamp="2019-08-08T20:25:46.236">
  <mem-info id="1264" free="196824" total="12451840" percent="1">
    <mem type="nursery" free="0" total="4587520" percent="0">
      <mem type="allocate" free="0" total="4128768" percent="0" />
      <mem type="survivor" free="0" total="458752" percent="0" />
    </mem>
    <mem type="tenure" free="196824" total="7864320" percent="2">
      <mem type="soa" free="119000" total="7786496" percent="1" />
      <mem type="loa" free="77824" total="77824" percent="100" />
    </mem>
    <remembered-set count="505" />
  </mem-info>
</gc-start>
<allocation-stats totalBytes="3865944" >
  <allocated-bytes non-tlh="24" tlh="3865920" />
  <largest-consumer threadName="node-9" threadId="0000000000C65E00" bytes="208032" />
</allocation-stats>
<gc-op id="1265" type="rs-scan" timems="3.056" contextid="1259" timestamp="2019-08-08T20:25:46.240">
  <scan objectsFound="294" bytesTraced="15968" workStackOverflowCount="0" />
</gc-op>
<gc-op id="1266" type="card-cleaning" timems="0.692" contextid="1259" timestamp="2019-08-08T20:25:46.240">
  <card-cleaning cardsCleaned="5" bytesTraced="16640" workStackOverflowCount="0" />
</gc-op>
<gc-op id="1267" type="mark" timems="3.948" contextid="1259" timestamp="2019-08-08T20:25:46.244">
  <trace-info objectcount="302" scancount="254" scanbytes="6452" />
  <finalization candidates="13" enqueued="0" />
  <references type="soft" candidates="45" cleared="0" enqueued="0" dynamicThreshold="4" maxThreshold="32" />
  <references type="weak" candidates="130" cleared="0" enqueued="0" />
  <references type="phantom" candidates="33" cleared="0" enqueued="0" />
  <stringconstants candidates="3837" cleared="0"  />
</gc-op>
<gc-op id="1268" type="sweep" timems="4.835" contextid="1259" timestamp="2019-08-08T20:25:46.249" />
<mem-info id="1269" free="5064312" total="12451840" percent="40">
  <mem type="nursery" free="4030920" total="4587520" percent="87">
    <mem type="allocate" free="4030920" total="4128768" percent="97" />
    <mem type="survivor" free="0" total="458752" percent="0" />
  </mem>
  <mem type="tenure" free="1033392" total="7864320" percent="13" micro-fragmented="0" macro-fragmented="723458">
    <mem type="soa" free="955568" total="7786496" percent="12" />
    <mem type="loa" free="77824" total="77824" percent="100" />
  </mem>
  <remembered-set count="368" />
</mem-info>
<gc-op id="1270" type="compact" timems="14.528" contextid="1259" timestamp="2019-08-08T20:25:46.264">
  <compact-info movecount="1270" movebytes="40632" reason="compact to aid heap contraction" />
</gc-op>
<heap-resize id="1271" type="expand" space="tenure" amount="65536" count="1" timems="0.023" reason="satisfy allocation request" timestamp="2019-08-08T20:25:46.264" />
<gc-end id="1272" type="global" contextid="1259" durationms="27.971" usertimems="33.242" systemtimems="8.752" timestamp="2019-08-08T20:25:46.264" activeThreads="16">
  <mem-info id="1273" free="5206240" total="12517376" percent="41">
    <mem type="nursery" free="4107312" total="4587520" percent="89">
      <mem type="allocate" free="4107312" total="4128768" percent="99" />
      <mem type="survivor" free="0" total="458752" percent="0" />
    </mem>
    <mem type="tenure" free="1098928" total="7929856" percent="13">
      <mem type="soa" free="1020080" total="7851008" percent="12" />
      <mem type="loa" free="78848" total="78848" percent="100" />
    </mem>
    <remembered-set count="368" />
  </mem-info>
</gc-end>
<cycle-end id="1274" type="global" contextid="1259" timestamp="2019-08-08T20:25:46.265" />
  <attribute name="elasticGC enabled" value="1" />
  <attribute name= "numThreadsSpecified" value="16" />
  <attribute name="heapSize specified" value="12451840" />
  <attribute name="Current GC Util" value="57" />
  <attribute name= "Current Time Running" value="113683" />
  <attribute name ="GC Interval" value="2281" />
  <attribute name="Target GC Util Change" value ="80.000000" />
  <attribute name="Current GC Util Change" value="57.000000"/>
  <attribute name="Current Error" value="23.000000" />
  <attribute name="Output H" value="12489696"/>
  <attribute name="Output I" value="2016"/>
  <attribute name="Output T" value="16"/>
  <attribute name= "Current Time Running" value="113683" />
  <attribute name="GC Util currently" value="57" />
  <attribute name="CPU Util currently" value="78854307234" />
<concurrent-collection-end id="1275" timestamp="2019-08-08T20:25:46.265" />
<exclusive-end id="1276" timestamp="2019-08-08T20:25:46.265" durationms="28.159" />

<exclusive-start id="1277" timestamp="2019-08-08T20:25:48.587" intervalms="2350.141">
  <response-info timems="0.038" idlems="0.038" threads="0" lastid="0000000000C71200" lastname="node-16" />
</exclusive-start>
<af-start id="1278" threadId="0000000000C71B88" totalBytesRequested="720" timestamp="2019-08-08T20:25:48.587" intervalms="4582.441" type="nursery" />
<cycle-start id="1279" type="scavenge" contextid="0" timestamp="2019-08-08T20:25:48.587" intervalms="4582.150" />
<gc-start id="1280" type="scavenge" contextid="1279" timestamp="2019-08-08T20:25:48.587">
  <mem-info id="1281" free="1098928" total="12517376" percent="8">
    <mem type="nursery" free="0" total="4587520" percent="0">
      <mem type="allocate" free="0" total="4128768" percent="0" />
      <mem type="survivor" free="0" total="458752" percent="0" />
    </mem>
    <mem type="tenure" free="1098928" total="7929856" percent="13">
      <mem type="soa" free="1020080" total="7851008" percent="12" />
      <mem type="loa" free="78848" total="78848" percent="100" />
    </mem>
    <remembered-set count="407" />
  </mem-info>
</gc-start>
<allocation-stats totalBytes="4103744" >
  <allocated-bytes non-tlh="0" tlh="4103744" />
  <largest-consumer threadName="node-7" threadId="0000000000C7C600" bytes="208888" />
</allocation-stats>
<gc-op id="1282" type="scavenge" timems="4.085" contextid="1279" timestamp="2019-08-08T20:25:48.591">
  <scavenger-info tenureage="2" tenuremask="4004" tiltratio="90" />
  <memory-copied type="nursery" objects="3621" bytes="90688" bytesdiscarded="70592" />
</gc-op>
<gc-end id="1283" type="scavenge" contextid="1279" durationms="4.658" usertimems="9.040" systemtimems="3.938" timestamp="2019-08-08T20:25:48.591" activeThreads="16">
  <mem-info id="1284" free="5066416" total="12517376" percent="40">
    <mem type="nursery" free="3967488" total="4587520" percent="86">
      <mem type="allocate" free="3967488" total="4128768" percent="96" />
      <mem type="survivor" free="0" total="458752" percent="0" />
    </mem>
    <mem type="tenure" free="1098928" total="7929856" percent="13" macro-fragmented="502401">
      <mem type="soa" free="1020080" total="7851008" percent="12" />
      <mem type="loa" free="78848" total="78848" percent="100" />
    </mem>
    <remembered-set count="338" />
  </mem-info>
</gc-end>
<cycle-end id="1285" type="scavenge" contextid="1279" timestamp="2019-08-08T20:25:48.591" />
  <attribute name="elasticGC enabled" value="1" />
  <attribute name= "numThreadsSpecified" value="16" />
  <attribute name="heapSize specified" value="12451840" />
  <attribute name="Current GC Util" value="0" />
  <attribute name= "Current Time Running" value="116006" />
  <attribute name ="GC Interval" value="2065" />
  <attribute name="Target GC Util Change" value ="80.000000" />
  <attribute name="Current GC Util Change" value="0.000000"/>
  <attribute name="Current Error" value="103.000000" />
  <attribute name="Output H" value="12555280"/>
  <attribute name="Output I" value="2064"/>
  <attribute name="Output T" value="16"/>
  <attribute name= "Current Time Running" value="116006" />
  <attribute name="GC Util currently" value="0" />
  <attribute name="CPU Util currently" value="14" />
<allocation-satisfied id="1286" threadId="0000000000C71200" bytesRequested="720" />
<af-end id="1287" timestamp="2019-08-08T20:25:48.591" threadId="0000000000C71B88" success="true" from="nursery"/>
<exclusive-end id="1288" timestamp="2019-08-08T20:25:48.591" durationms="4.865" />

<exclusive-start id="1289" timestamp="2019-08-08T20:25:50.391" intervalms="1804.429">
  <response-info timems="0.024" idlems="0.024" threads="0" lastid="0000000000C5AB00" lastname="node-15" />
</exclusive-start>
<af-start id="1290" threadId="0000000000C5B488" totalBytesRequested="24" timestamp="2019-08-08T20:25:50.391" intervalms="1804.429" type="nursery" />
<cycle-start id="1291" type="scavenge" contextid="0" timestamp="2019-08-08T20:25:50.391" intervalms="1804.417" />
<gc-start id="1292" type="scavenge" contextid="1291" timestamp="2019-08-08T20:25:50.391">
  <mem-info id="1293" free="1098928" total="12517376" percent="8">
    <mem type="nursery" free="0" total="4587520" percent="0">
      <mem type="allocate" free="0" total="4128768" percent="0" />
      <mem type="survivor" free="0" total="458752" percent="0" />
    </mem>
    <mem type="tenure" free="1098928" total="7929856" percent="13">
      <mem type="soa" free="1020080" total="7851008" percent="12" />
      <mem type="loa" free="78848" total="78848" percent="100" />
    </mem>
    <remembered-set count="446" />
  </mem-info>
</gc-start>
<allocation-stats totalBytes="3965192" >
  <allocated-bytes non-tlh="720" tlh="3964472" />
  <largest-consumer threadName="node-11" threadId="0000000000C69A00" bytes="208856" />
</allocation-stats>
<gc-op id="1294" type="scavenge" timems="2.696" contextid="1291" timestamp="2019-08-08T20:25:50.394">
  <scavenger-info tenureage="14" tenuremask="4000" tiltratio="90" />
  <memory-copied type="nursery" objects="6445" bytes="156392" bytesdiscarded="69400" />
</gc-op>
<gc-end id="1295" type="scavenge" contextid="1291" durationms="3.025" usertimems="9.443" systemtimems="3.093" timestamp="2019-08-08T20:25:50.394" activeThreads="16">
  <mem-info id="1296" free="5001904" total="12517376" percent="39">
    <mem type="nursery" free="3902976" total="4587520" percent="85">
      <mem type="allocate" free="3902976" total="4128768" percent="94" />
      <mem type="survivor" free="0" total="458752" percent="0" />
    </mem>
    <mem type="tenure" free="1098928" total="7929856" percent="13" macro-fragmented="868149">
      <mem type="soa" free="1020080" total="7851008" percent="12" />
      <mem type="loa" free="78848" total="78848" percent="100" />
    </mem>
    <remembered-set count="389" />
  </mem-info>
</gc-end>
<cycle-end id="1297" type="scavenge" contextid="1291" timestamp="2019-08-08T20:25:50.394" />
  <attribute name="elasticGC enabled" value="1" />
  <attribute name= "numThreadsSpecified" value="16" />
  <attribute name="heapSize specified" value="12451840" />
  <attribute name="Current GC Util" value="0" />
  <attribute name= "Current Time Running" value="117810" />
  <attribute name ="GC Interval" value="2113" />
  <attribute name="Target GC Util Change" value ="80.000000" />
  <attribute name="Current GC Util Change" value="0.000000"/>
  <attribute name="Current Error" value="183.000000" />
  <attribute name="Output H" value="12555328"/>
  <attribute name="Output I" value="2112"/>
  <attribute name="Output T" value="16"/>
  <attribute name= "Current Time Running" value="117810" />
  <attribute name="GC Util currently" value="0" />
  <attribute name="CPU Util currently" value="12" />
<allocation-satisfied id="1298" threadId="0000000000C5AB00" bytesRequested="24" />
<af-end id="1299" timestamp="2019-08-08T20:25:50.394" threadId="0000000000C5B488" success="true" from="nursery"/>
<exclusive-end id="1300" timestamp="2019-08-08T20:25:50.394" durationms="3.229" />

===== DaCapo 9.12-MR1 avrora PASSED in 117701 msec =====
<exclusive-start id="1301" timestamp="2019-08-08T20:25:50.752" intervalms="360.897">
  <response-info timems="0.041" idlems="0.041" threads="0" lastid="0000000000959F00" lastname="main" />
</exclusive-start>
<af-start id="1302" threadId="000000000095A888" totalBytesRequested="2056" timestamp="2019-08-08T20:25:50.752" intervalms="360.892" type="nursery" />
<cycle-start id="1303" type="scavenge" contextid="0" timestamp="2019-08-08T20:25:50.752" intervalms="360.883" />
<gc-start id="1304" type="scavenge" contextid="1303" timestamp="2019-08-08T20:25:50.752">
  <mem-info id="1305" free="1097792" total="12517376" percent="8">
    <mem type="nursery" free="0" total="4587520" percent="0">
      <mem type="allocate" free="0" total="4128768" percent="0" />
      <mem type="survivor" free="0" total="458752" percent="0" />
    </mem>
    <mem type="tenure" free="1097792" total="7929856" percent="13">
      <mem type="soa" free="1018944" total="7851008" percent="12" />
      <mem type="loa" free="78848" total="78848" percent="100" />
    </mem>
    <remembered-set count="504" />
  </mem-info>
</gc-start>
<allocation-stats totalBytes="3870104" >
  <allocated-bytes non-tlh="68800" tlh="3801304" />
  <largest-consumer threadName="main" threadId="0000000000959F00" bytes="2731440" />
</allocation-stats>
<gc-op id="1306" type="scavenge" timems="3.215" contextid="1303" timestamp="2019-08-08T20:25:50.755">
  <scavenger-info tenureage="14" tenuremask="4000" tiltratio="90" />
  <memory-copied type="nursery" objects="7108" bytes="327632" bytesdiscarded="38960" />
  <finalization candidates="1" enqueued="1" />
  <references type="soft" candidates="11" cleared="0" enqueued="0" dynamicThreshold="4" maxThreshold="32" />
  <references type="weak" candidates="17" cleared="16" enqueued="16" />
  <references type="phantom" candidates="16" cleared="12" enqueued="12" />
</gc-op>
<gc-end id="1307" type="scavenge" contextid="1303" durationms="3.371" usertimems="1.895" systemtimems="4.130" timestamp="2019-08-08T20:25:50.755" activeThreads="16">
  <mem-info id="1308" free="4728864" total="12517376" percent="37">
    <mem type="nursery" free="3631072" total="4587520" percent="79">
      <mem type="allocate" free="3631072" total="3997696" percent="90" />
      <mem type="survivor" free="0" total="589824" percent="0" />
    </mem>
    <mem type="tenure" free="1097792" total="7929856" percent="13" macro-fragmented="868149">
      <mem type="soa" free="1018944" total="7851008" percent="12" />
      <mem type="loa" free="78848" total="78848" percent="100" />
    </mem>
    <pending-finalizers system="1" default="0" reference="28" classloader="0" />
    <remembered-set count="415" />
  </mem-info>
</gc-end>
<cycle-end id="1309" type="scavenge" contextid="1303" timestamp="2019-08-08T20:25:50.755" />
  <attribute name="elasticGC enabled" value="1" />
  <attribute name= "numThreadsSpecified" value="16" />
  <attribute name="heapSize specified" value="12451840" />
  <attribute name="Current GC Util" value="1" />
  <attribute name= "Current Time Running" value="118171" />
  <attribute name ="GC Interval" value="2153" />
  <attribute name="Target GC Util Change" value ="80.000000" />
  <attribute name="Current GC Util Change" value="1.000000"/>
  <attribute name="Current Error" value="262.000000" />
  <attribute name="Output H" value="12555368"/>
  <attribute name="Output I" value="2152"/>
  <attribute name="Output T" value="16"/>
  <attribute name= "Current Time Running" value="118171" />
  <attribute name="GC Util currently" value="1" />
  <attribute name="CPU Util currently" value="3194850805" />
<allocation-satisfied id="1310" threadId="0000000000959F00" bytesRequested="2056" />
<af-end id="1311" timestamp="2019-08-08T20:25:50.756" threadId="000000000095A888" success="true" from="nursery"/>
<exclusive-end id="1312" timestamp="2019-08-08T20:25:50.756" durationms="3.689" />

<exclusive-start id="1313" timestamp="2019-08-08T20:25:50.907" intervalms="154.683">
  <response-info timems="0.090" idlems="0.090" threads="0" lastid="0000000000959F00" lastname="main" />
</exclusive-start>
<af-start id="1314" threadId="000000000095A888" totalBytesRequested="2056" timestamp="2019-08-08T20:25:50.907" intervalms="154.722" type="nursery" />
<cycle-start id="1315" type="scavenge" contextid="0" timestamp="2019-08-08T20:25:50.907" intervalms="154.722" />
<gc-start id="1316" type="scavenge" contextid="1315" timestamp="2019-08-08T20:25:50.907">
  <mem-info id="1317" free="1097792" total="12517376" percent="8">
    <mem type="nursery" free="0" total="4587520" percent="0">
      <mem type="allocate" free="0" total="3997696" percent="0" />
      <mem type="survivor" free="0" total="589824" percent="0" />
    </mem>
    <mem type="tenure" free="1097792" total="7929856" percent="13">
      <mem type="soa" free="1018944" total="7851008" percent="12" />
      <mem type="loa" free="78848" total="78848" percent="100" />
    </mem>
    <remembered-set count="418" />
  </mem-info>
</gc-start>
<allocation-stats totalBytes="3608032" >
  <allocated-bytes non-tlh="2056" tlh="3605976" />
  <largest-consumer threadName="main" threadId="0000000000959F00" bytes="3608032" />
</allocation-stats>
<gc-op id="1318" type="scavenge" timems="3.681" contextid="1315" timestamp="2019-08-08T20:25:50.910">
  <scavenger-info tenureage="3" tenuremask="4008" tiltratio="87" />
  <memory-copied type="nursery" objects="3569" bytes="109104" bytesdiscarded="19888" />
  <memory-copied type="tenure" objects="3471" bytes="83304" bytesdiscarded="0" />
  <references type="soft" candidates="11" cleared="0" enqueued="0" dynamicThreshold="4" maxThreshold="32" />
  <references type="weak" candidates="1" cleared="0" enqueued="0" />
  <references type="phantom" candidates="3" cleared="0" enqueued="0" />
</gc-op>
<gc-end id="1319" type="scavenge" contextid="1315" durationms="3.858" usertimems="1.086" systemtimems="4.682" timestamp="2019-08-08T20:25:50.911" activeThreads="16">
  <mem-info id="1320" free="4935232" total="12517376" percent="39">
    <mem type="nursery" free="3934208" total="4587520" percent="85">
      <mem type="allocate" free="3934208" total="4063232" percent="96" />
      <mem type="survivor" free="0" total="524288" percent="0" />
    </mem>
    <mem type="tenure" free="1001024" total="7929856" percent="12" macro-fragmented="868149">
      <mem type="soa" free="922176" total="7851008" percent="11" />
      <mem type="loa" free="78848" total="78848" percent="100" />
    </mem>
    <remembered-set count="293" />
  </mem-info>
</gc-end>
<cycle-end id="1321" type="scavenge" contextid="1315" timestamp="2019-08-08T20:25:50.911" />
  <attribute name="elasticGC enabled" value="1" />
  <attribute name= "numThreadsSpecified" value="16" />
  <attribute name="heapSize specified" value="12451840" />
  <attribute name="Current GC Util" value="4" />
  <attribute name= "Current Time Running" value="118326" />
  <attribute name ="GC Interval" value="2201" />
  <attribute name="Target GC Util Change" value ="80.000000" />
  <attribute name="Current GC Util Change" value="4.000000"/>
  <attribute name="Current Error" value="338.000000" />
  <attribute name="Output H" value="12555416"/>
  <attribute name="Output I" value="2200"/>
  <attribute name="Output T" value="16"/>
  <attribute name= "Current Time Running" value="118326" />
  <attribute name="GC Util currently" value="4" />
  <attribute name="CPU Util currently" value="7452184360" />
<allocation-satisfied id="1322" threadId="0000000000959F00" bytesRequested="2056" />
<af-end id="1323" timestamp="2019-08-08T20:25:50.911" threadId="000000000095A888" success="true" from="nursery"/>
<exclusive-end id="1324" timestamp="2019-08-08T20:25:50.911" durationms="4.200" />

<exclusive-start id="1325" timestamp="2019-08-08T20:25:51.026" intervalms="119.509">
  <response-info timems="0.046" idlems="0.046" threads="0" lastid="0000000000959F00" lastname="main" />
</exclusive-start>
<af-start id="1326" threadId="000000000095A888" totalBytesRequested="64064" timestamp="2019-08-08T20:25:51.026" intervalms="119.472" type="nursery" />
<cycle-start id="1327" type="scavenge" contextid="0" timestamp="2019-08-08T20:25:51.026" intervalms="119.478" />
<gc-start id="1328" type="scavenge" contextid="1327" timestamp="2019-08-08T20:25:51.026">
  <mem-info id="1329" free="1000264" total="12517376" percent="7">
    <mem type="nursery" free="0" total="4587520" percent="0">
      <mem type="allocate" free="0" total="4063232" percent="0" />
      <mem type="survivor" free="0" total="524288" percent="0" />
    </mem>
    <mem type="tenure" free="1000264" total="7929856" percent="12">
      <mem type="soa" free="921416" total="7851008" percent="11" />
      <mem type="loa" free="78848" total="78848" percent="100" />
    </mem>
    <remembered-set count="307" />
  </mem-info>
</gc-start>
<allocation-stats totalBytes="3866328" >
  <allocated-bytes non-tlh="385976" tlh="3480352" />
  <largest-consumer threadName="main" threadId="0000000000959F00" bytes="3866328" />
</allocation-stats>
<gc-op id="1330" type="scavenge" timems="3.202" contextid="1327" timestamp="2019-08-08T20:25:51.029">
  <scavenger-info tenureage="3" tenuremask="4008" tiltratio="88" />
  <memory-copied type="nursery" objects="1102" bytes="425488" bytesdiscarded="75480" />
  <memory-copied type="tenure" objects="2870" bytes="383168" bytesdiscarded="0" />
  <copy-failed type="nursery" objects="1" bytes="314600" />
  <references type="soft" candidates="12" cleared="0" enqueued="0" dynamicThreshold="4" maxThreshold="32" />
  <references type="weak" candidates="5" cleared="4" enqueued="4" />
  <references type="phantom" candidates="30" cleared="1" enqueued="1" />
</gc-op>
<gc-end id="1331" type="scavenge" contextid="1327" durationms="3.379" usertimems="5.126" systemtimems="3.538" timestamp="2019-08-08T20:25:51.030" activeThreads="16">
  <mem-info id="1332" free="2996064" total="12517376" percent="23">
    <mem type="nursery" free="2382592" total="4587520" percent="51">
      <mem type="allocate" free="2382592" total="2883584" percent="82" />
      <mem type="survivor" free="0" total="1703936" percent="0" />
    </mem>
    <mem type="tenure" free="613472" total="7929856" percent="7" macro-fragmented="418667">
      <mem type="soa" free="534624" total="7851008" percent="6" />
      <mem type="loa" free="78848" total="78848" percent="100" />
    </mem>
    <pending-finalizers system="0" default="0" reference="5" classloader="0" />
    <remembered-set count="219" />
  </mem-info>
</gc-end>
<cycle-end id="1333" type="scavenge" contextid="1327" timestamp="2019-08-08T20:25:51.030" />
  <attribute name="elasticGC enabled" value="1" />
  <attribute name= "numThreadsSpecified" value="16" />
  <attribute name="heapSize specified" value="12451840" />
  <attribute name="Current GC Util" value="5" />
  <attribute name= "Current Time Running" value="118445" />
  <attribute name ="GC Interval" value="2241" />
  <attribute name="Target GC Util Change" value ="80.000000" />
  <attribute name="Current GC Util Change" value="5.000000"/>
  <attribute name="Current Error" value="413.000000" />
  <attribute name="Output H" value="12555456"/>
  <attribute name="Output I" value="2240"/>
  <attribute name="Output T" value="16"/>
  <attribute name= "Current Time Running" value="118445" />
  <attribute name="GC Util currently" value="5" />
  <attribute name="CPU Util currently" value="9646791797" />
<allocation-satisfied id="1334" threadId="0000000000959F00" bytesRequested="64064" />
<af-end id="1335" timestamp="2019-08-08T20:25:51.030" threadId="000000000095A888" success="true" from="nursery"/>
<exclusive-end id="1336" timestamp="2019-08-08T20:25:51.030" durationms="3.601" />

<exclusive-start id="1337" timestamp="2019-08-08T20:25:51.062" intervalms="36.147">
  <response-info timems="0.048" idlems="0.048" threads="0" lastid="0000000000959F00" lastname="main" />
</exclusive-start>
<af-start id="1338" threadId="000000000095A888" totalBytesRequested="2584" timestamp="2019-08-08T20:25:51.062" intervalms="36.138" type="nursery" />
<cycle-start id="1339" type="scavenge" contextid="0" timestamp="2019-08-08T20:25:51.062" intervalms="36.135" />
<gc-start id="1340" type="scavenge" contextid="1339" timestamp="2019-08-08T20:25:51.062">
  <mem-info id="1341" free="590184" total="12517376" percent="4">
    <mem type="nursery" free="0" total="4587520" percent="0">
      <mem type="allocate" free="0" total="2883584" percent="0" />
      <mem type="survivor" free="0" total="1703936" percent="0" />
    </mem>
    <mem type="tenure" free="590184" total="7929856" percent="7">
      <mem type="soa" free="511336" total="7851008" percent="6" />
      <mem type="loa" free="78848" total="78848" percent="100" />
    </mem>
    <remembered-set count="454" />
  </mem-info>
</gc-start>
<allocation-stats totalBytes="2299224" >
  <allocated-bytes non-tlh="219440" tlh="2079784" />
  <largest-consumer threadName="main" threadId="0000000000959F00" bytes="2295128" />
</allocation-stats>
<gc-op id="1342" type="scavenge" timems="2.213" contextid="1339" timestamp="2019-08-08T20:25:51.065">
  <scavenger-info tenureage="5" tenuremask="ffe0" tiltratio="62" />
  <memory-copied type="nursery" objects="1444" bytes="342480" bytesdiscarded="138480" />
  <references type="soft" candidates="15" cleared="0" enqueued="0" dynamicThreshold="4" maxThreshold="32" />
  <references type="weak" candidates="42" cleared="42" enqueued="42" />
  <references type="phantom" candidates="30" cleared="1" enqueued="1" />
</gc-op>
<gc-end id="1343" type="scavenge" contextid="1339" durationms="2.720" usertimems="5.632" systemtimems="0.000" timestamp="2019-08-08T20:25:51.065" activeThreads="16">
  <mem-info id="1344" free="3189384" total="12517376" percent="25">
    <mem type="nursery" free="2599200" total="4587520" percent="56">
      <mem type="allocate" free="2599200" total="3080192" percent="84" />
      <mem type="survivor" free="0" total="1507328" percent="0" />
    </mem>
    <mem type="tenure" free="590184" total="7929856" percent="7" macro-fragmented="0">
      <mem type="soa" free="511336" total="7851008" percent="6" />
      <mem type="loa" free="78848" total="78848" percent="100" />
    </mem>
    <pending-finalizers system="0" default="0" reference="43" classloader="0" />
    <remembered-set count="453" />
  </mem-info>
</gc-end>
<cycle-end id="1345" type="scavenge" contextid="1339" timestamp="2019-08-08T20:25:51.065" />
  <attribute name="elasticGC enabled" value="1" />
  <attribute name= "numThreadsSpecified" value="16" />
  <attribute name="heapSize specified" value="12451840" />
  <attribute name="Current GC Util" value="16" />
  <attribute name= "Current Time Running" value="118481" />
  <attribute name ="GC Interval" value="2041" />
  <attribute name="Target GC Util Change" value ="80.000000" />
  <attribute name="Current GC Util Change" value="16.000000"/>
  <attribute name="Current Error" value="64.000000" />
  <attribute name="Output H" value="12555256"/>
  <attribute name="Output I" value="2040"/>
  <attribute name="Output T" value="16"/>
  <attribute name= "Current Time Running" value="118481" />
  <attribute name="GC Util currently" value="16" />
  <attribute name="CPU Util currently" value="31910567404" />
<allocation-satisfied id="1346" threadId="0000000000959F00" bytesRequested="2584" />
<af-end id="1347" timestamp="2019-08-08T20:25:51.065" threadId="000000000095A888" success="true" from="nursery"/>
<exclusive-end id="1348" timestamp="2019-08-08T20:25:51.065" durationms="2.938" />

WARNING: An illegal reflective access operation has occurred
WARNING: Illegal reflective access by com.google.common.base.internal.Finalizer (file:/./scratch/jar/guava-r07.jar) to field java.lang.Thread.inheritableThreadLocals
WARNING: Please consider reporting this to the maintainers of com.google.common.base.internal.Finalizer
WARNING: Use --illegal-access=warn to enable warnings of further illegal reflective access operations
WARNING: All illegal access operations will be denied in a future release
<exclusive-start id="1349" timestamp="2019-08-08T20:25:51.141" intervalms="78.749">
  <response-info timems="0.017" idlems="0.017" threads="0" lastid="0000000000959F00" lastname="main" />
</exclusive-start>
<af-start id="1350" threadId="000000000095A888" totalBytesRequested="72" timestamp="2019-08-08T20:25:51.141" intervalms="78.748" type="nursery" />
<cycle-start id="1351" type="scavenge" contextid="0" timestamp="2019-08-08T20:25:51.141" intervalms="78.751" />
<gc-start id="1352" type="scavenge" contextid="1351" timestamp="2019-08-08T20:25:51.141">
  <mem-info id="1353" free="515760" total="12517376" percent="4">
    <mem type="nursery" free="0" total="4587520" percent="0">
      <mem type="allocate" free="0" total="3080192" percent="0" />
      <mem type="survivor" free="0" total="1507328" percent="0" />
    </mem>
    <mem type="tenure" free="515760" total="7929856" percent="6">
      <mem type="soa" free="436912" total="7851008" percent="5" />
      <mem type="loa" free="78848" total="78848" percent="100" />
    </mem>
    <remembered-set count="1324" />
  </mem-info>
</gc-start>
<allocation-stats totalBytes="2670144" >
  <allocated-bytes non-tlh="77008" tlh="2593136" />
  <largest-consumer threadName="main" threadId="0000000000959F00" bytes="2666048" />
</allocation-stats>
<gc-op id="1354" type="scavenge" timems="2.354" contextid="1351" timestamp="2019-08-08T20:25:51.143">
  <scavenger-info tenureage="3" tenuremask="fff8" tiltratio="67" />
  <memory-copied type="nursery" objects="3991" bytes="452592" bytesdiscarded="104360" />
  <memory-copied type="tenure" objects="633" bytes="18688" bytesdiscarded="8" />
  <finalization candidates="39" enqueued="1" />
  <ownableSynchronizers candidates="17" cleared="0" />
  <references type="soft" candidates="9" cleared="0" enqueued="0" dynamicThreshold="4" maxThreshold="32" />
  <references type="weak" candidates="992" cleared="366" enqueued="262" />
  <references type="phantom" candidates="34" cleared="1" enqueued="1" />
</gc-op>
<gc-end id="1355" type="scavenge" contextid="1351" durationms="2.721" usertimems="4.913" systemtimems="0.000" timestamp="2019-08-08T20:25:51.144" activeThreads="16">
  <mem-info id="1356" free="3121432" total="12517376" percent="24">
    <mem type="nursery" free="2654056" total="4587520" percent="57">
      <mem type="allocate" free="2654056" total="3211264" percent="82" />
      <mem type="survivor" free="0" total="1376256" percent="0" />
    </mem>
    <mem type="tenure" free="467376" total="7929856" percent="5" macro-fragmented="348889">
      <mem type="soa" free="388528" total="7851008" percent="4" />
      <mem type="loa" free="78848" total="78848" percent="100" />
    </mem>
    <pending-finalizers system="1" default="0" reference="263" classloader="0" />
    <remembered-set count="1207" />
  </mem-info>
</gc-end>
<cycle-end id="1357" type="scavenge" contextid="1351" timestamp="2019-08-08T20:25:51.144" />
  <attribute name="elasticGC enabled" value="1" />
  <attribute name= "numThreadsSpecified" value="16" />
  <attribute name="heapSize specified" value="12451840" />
  <attribute name="Current GC Util" value="6" />
  <attribute name= "Current Time Running" value="118560" />
  <attribute name ="GC Interval" value="2081" />
  <attribute name="Target GC Util Change" value ="80.000000" />
  <attribute name="Current GC Util Change" value="6.000000"/>
  <attribute name="Current Error" value="138.000000" />
  <attribute name="Output H" value="12555296"/>
  <attribute name="Output I" value="2080"/>
  <attribute name="Output T" value="16"/>
  <attribute name= "Current Time Running" value="118560" />
  <attribute name="GC Util currently" value="6" />
  <attribute name="CPU Util currently" value="14639486397" />
<allocation-satisfied id="1358" threadId="0000000000959F00" bytesRequested="72" />
<af-end id="1359" timestamp="2019-08-08T20:25:51.144" threadId="000000000095A888" success="true" from="nursery"/>
<exclusive-end id="1360" timestamp="2019-08-08T20:25:51.144" durationms="2.970" />

<exclusive-start id="1361" timestamp="2019-08-08T20:25:51.228" intervalms="87.030">
  <response-info timems="0.030" idlems="0.030" threads="0" lastid="0000000000959F00" lastname="main" />
</exclusive-start>
<af-start id="1362" threadId="000000000095A888" totalBytesRequested="56" timestamp="2019-08-08T20:25:51.228" intervalms="87.028" type="nursery" />
<cycle-start id="1363" type="scavenge" contextid="0" timestamp="2019-08-08T20:25:51.228" intervalms="87.024" />
<gc-start id="1364" type="scavenge" contextid="1363" timestamp="2019-08-08T20:25:51.228">
  <mem-info id="1365" free="325240" total="12517376" percent="2">
    <mem type="nursery" free="0" total="4587520" percent="0">
      <mem type="allocate" free="0" total="3211264" percent="0" />
      <mem type="survivor" free="0" total="1376256" percent="0" />
    </mem>
    <mem type="tenure" free="325240" total="7929856" percent="4">
      <mem type="soa" free="246392" total="7851008" percent="3" />
      <mem type="loa" free="78848" total="78848" percent="100" />
    </mem>
    <remembered-set count="3059" />
  </mem-info>
</gc-start>
<allocation-stats totalBytes="2793592" >
  <allocated-bytes non-tlh="142208" tlh="2651384" />
  <largest-consumer threadName="main" threadId="0000000000959F00" bytes="2781760" />
</allocation-stats>
<gc-op id="1366" type="scavenge" timems="2.393" contextid="1363" timestamp="2019-08-08T20:25:51.230">
  <scavenger-info tenureage="3" tenuremask="ffd8" tiltratio="70" />
  <memory-copied type="nursery" objects="13569" bytes="470344" bytesdiscarded="106256" />
  <memory-copied type="tenure" objects="425" bytes="308472" bytesdiscarded="0" />
  <finalization candidates="49" enqueued="0" />
  <ownableSynchronizers candidates="17" cleared="0" />
  <references type="soft" candidates="267" cleared="0" enqueued="0" dynamicThreshold="4" maxThreshold="32" />
  <references type="weak" candidates="1077" cleared="87" enqueued="71" />
  <references type="phantom" candidates="12" cleared="3" enqueued="3" />
  <heap-resize type="expand" space="tenure" amount="131072" count="2" timems="0.033" reason="continue current collection" />
</gc-op>
<gc-end id="1367" type="scavenge" contextid="1363" durationms="2.788" usertimems="6.389" systemtimems="0.000" timestamp="2019-08-08T20:25:51.231" activeThreads="16">
  <mem-info id="1368" free="2845176" total="12648448" percent="22">
    <mem type="nursery" free="2765304" total="4587520" percent="60">
      <mem type="allocate" free="2765304" total="3342336" percent="82" />
      <mem type="survivor" free="0" total="1245184" percent="0" />
    </mem>
    <mem type="tenure" free="79872" total="8060928" percent="0" macro-fragmented="22644">
      <mem type="soa" free="0" total="7981056" percent="0" />
      <mem type="loa" free="79872" total="79872" percent="100" />
    </mem>
    <pending-finalizers system="0" default="0" reference="74" classloader="0" />
    <remembered-set count="2931" />
  </mem-info>
</gc-end>
<cycle-end id="1369" type="scavenge" contextid="1363" timestamp="2019-08-08T20:25:51.231" />
  <attribute name="elasticGC enabled" value="1" />
  <attribute name= "numThreadsSpecified" value="16" />
  <attribute name="heapSize specified" value="12451840" />
  <attribute name="Current GC Util" value="5" />
  <attribute name= "Current Time Running" value="118647" />
  <attribute name ="GC Interval" value="2129" />
  <attribute name="Target GC Util Change" value ="80.000000" />
  <attribute name="Current GC Util Change" value="5.000000"/>
  <attribute name="Current Error" value="213.000000" />
  <attribute name="Output H" value="12555344"/>
  <attribute name="Output I" value="2128"/>
  <attribute name="Output T" value="16"/>
  <attribute name= "Current Time Running" value="118647" />
  <attribute name="GC Util currently" value="5" />
  <attribute name="CPU Util currently" value="13250310940" />
<allocation-satisfied id="1370" threadId="0000000000959F00" bytesRequested="56" />
<af-end id="1371" timestamp="2019-08-08T20:25:51.231" threadId="000000000095A888" success="true" from="nursery"/>
<exclusive-end id="1372" timestamp="2019-08-08T20:25:51.231" durationms="2.941" />

<exclusive-start id="1373" timestamp="2019-08-08T20:25:51.233" intervalms="5.048">
  <response-info timems="0.011" idlems="0.011" threads="0" lastid="0000000000959F00" lastname="main" />
</exclusive-start>
<af-start id="1374" threadId="000000000095A888" totalBytesRequested="88" timestamp="2019-08-08T20:25:51.233" intervalms="5.033" type="tenure" />
<cycle-start id="1375" type="global" contextid="0" timestamp="2019-08-08T20:25:51.233" intervalms="5525.843" />
<gc-start id="1376" type="global" contextid="1375" timestamp="2019-08-08T20:25:51.233">
  <mem-info id="1377" free="2689472" total="12648448" percent="21">
    <mem type="nursery" free="2609600" total="4587520" percent="56">
      <mem type="allocate" free="2609600" total="3342336" percent="78" />
      <mem type="survivor" free="0" total="1245184" percent="0" />
    </mem>
    <mem type="tenure" free="79872" total="8060928" percent="0">
      <mem type="soa" free="0" total="7981056" percent="0" />
      <mem type="loa" free="79872" total="79872" percent="100" />
    </mem>
    <remembered-set count="2938" />
  </mem-info>
</gc-start>
<allocation-stats totalBytes="155136" >
  <allocated-bytes non-tlh="56" tlh="155080" />
  <largest-consumer threadName="main" threadId="0000000000959F00" bytes="135048" />
</allocation-stats>
<gc-op id="1378" type="mark" timems="6.439" contextid="1375" timestamp="2019-08-08T20:25:51.240">
  <trace-info objectcount="41772" scancount="32899" scanbytes="1088300" />
  <finalization candidates="62" enqueued="0" />
  <ownableSynchronizers candidates="17" cleared="0" />
  <references type="soft" candidates="335" cleared="2" enqueued="2" dynamicThreshold="4" maxThreshold="32" />
  <references type="weak" candidates="1120" cleared="56" enqueued="28" />
  <references type="phantom" candidates="68" cleared="0" enqueued="0" />
  <stringconstants candidates="5860" cleared="0"  />
</gc-op>
<gc-op id="1379" type="classunload" timems="0.003" contextid="1375" timestamp="2019-08-08T20:25:51.240">
  <classunload-info classloadercandidates="9" classloadersunloaded="0" classesunloaded="0" anonymousclassesunloaded="0" quiescems="0.000" setupms="0.002" scanms="0.001" postms="0.000" />
</gc-op>
<gc-op id="1380" type="sweep" timems="1.061" contextid="1375" timestamp="2019-08-08T20:25:51.241" />
<mem-info id="1381" free="8731216" total="12648448" percent="69">
  <mem type="nursery" free="2856352" total="4587520" percent="62">
    <mem type="allocate" free="2856352" total="3342336" percent="85" />
    <mem type="survivor" free="0" total="1245184" percent="0" />
  </mem>
  <mem type="tenure" free="5874864" total="8060928" percent="72" micro-fragmented="28480" macro-fragmented="46956">
    <mem type="soa" free="5794992" total="7981056" percent="72" />
    <mem type="loa" free="79872" total="79872" percent="100" />
  </mem>
  <pending-finalizers system="0" default="0" reference="30" classloader="0" />
  <remembered-set count="2887" />
</mem-info>
<gc-op id="1382" type="compact" timems="9.413" contextid="1375" timestamp="2019-08-08T20:25:51.251">
  <compact-info movecount="35935" movebytes="2402088" reason="compact to aid heap contraction" />
</gc-op>
<heap-resize id="1383" type="expand" space="tenure" amount="65536" count="1" timems="0.020" reason="satisfy allocation request" timestamp="2019-08-08T20:25:51.251" />
<gc-end id="1384" type="global" contextid="1375" durationms="18.127" usertimems="35.078" systemtimems="0.000" timestamp="2019-08-08T20:25:51.251" activeThreads="16">
  <mem-info id="1385" free="8821528" total="12713984" percent="69">
    <mem type="nursery" free="2869648" total="4587520" percent="62">
      <mem type="allocate" free="2869648" total="3342336" percent="85" />
      <mem type="survivor" free="0" total="1245184" percent="0" />
    </mem>
    <mem type="tenure" free="5951880" total="8126464" percent="73">
      <mem type="soa" free="5870984" total="8045568" percent="72" />
      <mem type="loa" free="80896" total="80896" percent="100" />
    </mem>
    <pending-finalizers system="0" default="0" reference="30" classloader="0" />
    <remembered-set count="2887" />
  </mem-info>
</gc-end>
<cycle-end id="1386" type="global" contextid="1375" timestamp="2019-08-08T20:25:51.251" />
  <attribute name="elasticGC enabled" value="1" />
  <attribute name= "numThreadsSpecified" value="16" />
  <attribute name="heapSize specified" value="12648448" />
  <attribute name="Current GC Util" value="108" />
  <attribute name= "Current Time Running" value="118670" />
  <attribute name ="GC Interval" value="2129" />
  <attribute name="Target GC Util Change" value ="80.000000" />
  <attribute name="Current GC Util Change" value="108.000000"/>
  <attribute name="Current Error" value="-28.000000" />
  <attribute name="Output H" value="12686272"/>
  <attribute name="Output I" value="1984"/>
  <attribute name="Output T" value="16"/>
  <attribute name= "Current Time Running" value="118670" />
  <attribute name="GC Util currently" value="108" />
  <attribute name="CPU Util currently" value="121983854089" />
<allocation-satisfied id="1387" threadId="0000000000959F00" bytesRequested="88" />
<af-end id="1388" timestamp="2019-08-08T20:25:51.251" threadId="000000000095A888" success="true" from="tenure-soa"/>
<exclusive-end id="1389" timestamp="2019-08-08T20:25:51.251" durationms="18.255" />

<exclusive-start id="1390" timestamp="2019-08-08T20:25:52.027" intervalms="793.743">
  <response-info timems="0.021" idlems="0.021" threads="0" lastid="0000000000959F00" lastname="main" />
</exclusive-start>
<af-start id="1391" threadId="000000000095A888" totalBytesRequested="64" timestamp="2019-08-08T20:25:52.027" intervalms="793.812" type="nursery" />
<cycle-start id="1392" type="scavenge" contextid="0" timestamp="2019-08-08T20:25:52.027" intervalms="798.843" />
<gc-start id="1393" type="scavenge" contextid="1392" timestamp="2019-08-08T20:25:52.027">
  <mem-info id="1394" free="5899728" total="12713984" percent="46">
    <mem type="nursery" free="0" total="4587520" percent="0">
      <mem type="allocate" free="0" total="3342336" percent="0" />
      <mem type="survivor" free="0" total="1245184" percent="0" />
    </mem>
    <mem type="tenure" free="5899728" total="8126464" percent="72">
      <mem type="soa" free="5818832" total="8045568" percent="72" />
      <mem type="loa" free="80896" total="80896" percent="100" />
    </mem>
    <remembered-set count="3475" />
  </mem-info>
</gc-start>
<allocation-stats totalBytes="2918760" >
  <allocated-bytes non-tlh="52240" tlh="2866520" />
  <largest-consumer threadName="main" threadId="0000000000959F00" bytes="2918760" />
</allocation-stats>
<gc-op id="1395" type="scavenge" timems="4.994" contextid="1392" timestamp="2019-08-08T20:25:52.032">
  <scavenger-info tenureage="5" tenuremask="ffe0" tiltratio="72" />
  <memory-copied type="nursery" objects="16032" bytes="554288" bytesdiscarded="42208" />
  <finalization candidates="49" enqueued="0" />
  <ownableSynchronizers candidates="17" cleared="0" />
  <references type="soft" candidates="520" cleared="0" enqueued="0" dynamicThreshold="23" maxThreshold="32" />
  <references type="weak" candidates="1200" cleared="18" enqueued="18" />
  <references type="phantom" candidates="11" cleared="2" enqueued="2" />
</gc-op>
<gc-end id="1396" type="scavenge" contextid="1392" durationms="5.378" usertimems="9.116" systemtimems="0.000" timestamp="2019-08-08T20:25:52.032" activeThreads="16">
  <mem-info id="1397" free="8776024" total="12713984" percent="69">
    <mem type="nursery" free="2876296" total="4587520" percent="62">
      <mem type="allocate" free="2876296" total="3473408" percent="82" />
      <mem type="survivor" free="0" total="1114112" percent="0" />
    </mem>
    <mem type="tenure" free="5899728" total="8126464" percent="72" macro-fragmented="5375357">
      <mem type="soa" free="5818832" total="8045568" percent="72" />
      <mem type="loa" free="80896" total="80896" percent="100" />
    </mem>
    <pending-finalizers system="0" default="0" reference="20" classloader="0" />
    <remembered-set count="2842" />
  </mem-info>
</gc-end>
<cycle-end id="1398" type="scavenge" contextid="1392" timestamp="2019-08-08T20:25:52.032" />
  <attribute name="elasticGC enabled" value="1" />
  <attribute name= "numThreadsSpecified" value="16" />
  <attribute name="heapSize specified" value="12648448" />
  <attribute name="Current GC Util" value="1" />
  <attribute name= "Current Time Running" value="119446" />
  <attribute name ="GC Interval" value="2033" />
  <attribute name="Target GC Util Change" value ="80.000000" />
  <attribute name="Current GC Util Change" value="1.000000"/>
  <attribute name="Current Error" value="51.000000" />
  <attribute name="Output H" value="12751856"/>
  <attribute name="Output I" value="2032"/>
  <attribute name="Output T" value="16"/>
  <attribute name= "Current Time Running" value="119446" />
  <attribute name="GC Util currently" value="1" />
  <attribute name="CPU Util currently" value="1" />
<allocation-satisfied id="1399" threadId="0000000000959F00" bytesRequested="64" />
<af-end id="1400" timestamp="2019-08-08T20:25:52.032" threadId="000000000095A888" success="true" from="nursery"/>
<exclusive-end id="1401" timestamp="2019-08-08T20:25:52.032" durationms="5.596" />

<exclusive-start id="1402" timestamp="2019-08-08T20:25:52.112" intervalms="85.357">
  <response-info timems="0.022" idlems="0.022" threads="0" lastid="0000000000959F00" lastname="main" />
</exclusive-start>
<af-start id="1403" threadId="000000000095A888" totalBytesRequested="1016" timestamp="2019-08-08T20:25:52.112" intervalms="85.320" type="nursery" />
<cycle-start id="1404" type="scavenge" contextid="0" timestamp="2019-08-08T20:25:52.112" intervalms="85.336" />
<gc-start id="1405" type="scavenge" contextid="1404" timestamp="2019-08-08T20:25:52.112">
  <mem-info id="1406" free="5834992" total="12713984" percent="45">
    <mem type="nursery" free="0" total="4587520" percent="0">
      <mem type="allocate" free="0" total="3473408" percent="0" />
      <mem type="survivor" free="0" total="1114112" percent="0" />
    </mem>
    <mem type="tenure" free="5834992" total="8126464" percent="71">
      <mem type="soa" free="5754096" total="8045568" percent="71" />
      <mem type="loa" free="80896" total="80896" percent="100" />
    </mem>
    <remembered-set count="3480" />
  </mem-info>
</gc-start>
<allocation-stats totalBytes="2924440" >
  <allocated-bytes non-tlh="64800" tlh="2859640" />
  <largest-consumer threadName="main" threadId="0000000000959F00" bytes="2924440" />
</allocation-stats>
<gc-op id="1407" type="scavenge" timems="6.042" contextid="1404" timestamp="2019-08-08T20:25:52.118">
  <scavenger-info tenureage="5" tenuremask="ffe0" tiltratio="75" />
  <memory-copied type="nursery" objects="18076" bytes="647272" bytesdiscarded="79584" />
  <finalization candidates="52" enqueued="0" />
  <ownableSynchronizers candidates="17" cleared="0" />
  <references type="soft" candidates="565" cleared="0" enqueued="0" dynamicThreshold="23" maxThreshold="32" />
  <references type="weak" candidates="1546" cleared="25" enqueued="25" />
  <references type="phantom" candidates="11" cleared="1" enqueued="1" />
</gc-op>
<heap-resize id="1408" type="expand" space="nursery" amount="262144" count="1" timems="0.017" reason="excessive time being spent scavenging" timestamp="2019-08-08T20:25:52.119" />
<gc-end id="1409" type="scavenge" contextid="1404" durationms="6.399" usertimems="8.201" systemtimems="0.000" timestamp="2019-08-08T20:25:52.119" activeThreads="16">
  <mem-info id="1410" free="8908512" total="12976128" percent="68">
    <mem type="nursery" free="3073520" total="4849664" percent="63">
      <mem type="allocate" free="3073520" total="3801088" percent="80" />
      <mem type="survivor" free="0" total="1048576" percent="0" />
    </mem>
    <mem type="tenure" free="5834992" total="8126464" percent="71" macro-fragmented="5375357">
      <mem type="soa" free="5754096" total="8045568" percent="71" />
      <mem type="loa" free="80896" total="80896" percent="100" />
    </mem>
    <pending-finalizers system="0" default="0" reference="26" classloader="0" />
    <remembered-set count="1844" />
  </mem-info>
</gc-end>
<cycle-end id="1411" type="scavenge" contextid="1404" timestamp="2019-08-08T20:25:52.119" />
  <attribute name="elasticGC enabled" value="1" />
  <attribute name= "numThreadsSpecified" value="16" />
  <attribute name="heapSize specified" value="12648448" />
  <attribute name="Current GC Util" value="10" />
  <attribute name= "Current Time Running" value="119531" />
  <attribute name ="GC Interval" value="2073" />
  <attribute name="Target GC Util Change" value ="80.000000" />
  <attribute name="Current GC Util Change" value="10.000000"/>
  <attribute name="Current Error" value="121.000000" />
  <attribute name="Output H" value="12751896"/>
  <attribute name="Output I" value="2072"/>
  <attribute name="Output T" value="16"/>
  <attribute name= "Current Time Running" value="119531" />
  <attribute name="GC Util currently" value="10" />
  <attribute name="CPU Util currently" value="13508513072" />
<allocation-satisfied id="1412" threadId="0000000000959F00" bytesRequested="1016" />
<af-end id="1413" timestamp="2019-08-08T20:25:52.119" threadId="000000000095A888" success="true" from="nursery"/>
<exclusive-end id="1414" timestamp="2019-08-08T20:25:52.119" durationms="6.629" />

<exclusive-start id="1415" timestamp="2019-08-08T20:25:52.221" intervalms="109.332">
  <response-info timems="0.018" idlems="0.018" threads="0" lastid="0000000000959F00" lastname="main" />
</exclusive-start>
<af-start id="1416" threadId="000000000095A888" totalBytesRequested="72" timestamp="2019-08-08T20:25:52.222" intervalms="109.327" type="nursery" />
<cycle-start id="1417" type="scavenge" contextid="0" timestamp="2019-08-08T20:25:52.222" intervalms="109.320" />
<gc-start id="1418" type="scavenge" contextid="1417" timestamp="2019-08-08T20:25:52.222">
  <mem-info id="1419" free="5730176" total="12976128" percent="44">
    <mem type="nursery" free="0" total="4849664" percent="0">
      <mem type="allocate" free="0" total="3801088" percent="0" />
      <mem type="survivor" free="0" total="1048576" percent="0" />
    </mem>
    <mem type="tenure" free="5730176" total="8126464" percent="70">
      <mem type="soa" free="5649280" total="8045568" percent="70" />
      <mem type="loa" free="80896" total="80896" percent="100" />
    </mem>
    <remembered-set count="3072" />
  </mem-info>
</gc-start>
<allocation-stats totalBytes="3174328" >
  <allocated-bytes non-tlh="105832" tlh="3068496" />
  <largest-consumer threadName="main" threadId="0000000000959F00" bytes="3170232" />
</allocation-stats>
<gc-op id="1420" type="scavenge" timems="9.114" contextid="1417" timestamp="2019-08-08T20:25:52.231">
  <scavenger-info tenureage="3" tenuremask="ffd8" tiltratio="78" />
  <memory-copied type="nursery" objects="13082" bytes="554024" bytesdiscarded="42384" />
  <memory-copied type="tenure" objects="11656" bytes="382016" bytesdiscarded="136" />
  <finalization candidates="61" enqueued="0" />
  <ownableSynchronizers candidates="19" cleared="0" />
  <references type="soft" candidates="534" cleared="0" enqueued="0" dynamicThreshold="23" maxThreshold="32" />
  <references type="weak" candidates="2070" cleared="344" enqueued="231" />
  <references type="phantom" candidates="4" cleared="1" enqueued="1" />
</gc-op>
<gc-end id="1421" type="scavenge" contextid="1417" durationms="9.895" usertimems="16.243" systemtimems="0.000" timestamp="2019-08-08T20:25:52.231" activeThreads="16">
  <mem-info id="1422" free="8631904" total="12976128" percent="66">
    <mem type="nursery" free="3334112" total="4849664" percent="68">
      <mem type="allocate" free="3334112" total="3932160" percent="84" />
      <mem type="survivor" free="0" total="917504" percent="0" />
    </mem>
    <mem type="tenure" free="5297792" total="8126464" percent="65" macro-fragmented="3732887">
      <mem type="soa" free="5216896" total="8045568" percent="64" />
      <mem type="loa" free="80896" total="80896" percent="100" />
    </mem>
    <pending-finalizers system="0" default="0" reference="232" classloader="0" />
    <remembered-set count="2427" />
  </mem-info>
</gc-end>
<cycle-end id="1423" type="scavenge" contextid="1417" timestamp="2019-08-08T20:25:52.232" />
  <attribute name="elasticGC enabled" value="1" />
  <attribute name= "numThreadsSpecified" value="16" />
  <attribute name="heapSize specified" value="12648448" />
  <attribute name="Current GC Util" value="7" />
  <attribute name= "Current Time Running" value="119641" />
  <attribute name ="GC Interval" value="2113" />
  <attribute name="Target GC Util Change" value ="80.000000" />
  <attribute name="Current GC Util Change" value="7.000000"/>
  <attribute name="Current Error" value="194.000000" />
  <attribute name="Output H" value="13014080"/>
  <attribute name="Output I" value="2112"/>
  <attribute name="Output T" value="16"/>
  <attribute name= "Current Time Running" value="119641" />
  <attribute name="GC Util currently" value="7" />
  <attribute name="CPU Util currently" value="10546117087" />
<allocation-satisfied id="1424" threadId="0000000000959F00" bytesRequested="72" />
<af-end id="1425" timestamp="2019-08-08T20:25:52.232" threadId="000000000095A888" success="true" from="nursery"/>
<exclusive-end id="1426" timestamp="2019-08-08T20:25:52.232" durationms="10.103" />

<exclusive-start id="1427" timestamp="2019-08-08T20:25:52.305" intervalms="83.243">
  <response-info timems="0.020" idlems="0.020" threads="0" lastid="0000000000959F00" lastname="main" />
</exclusive-start>
<af-start id="1428" threadId="000000000095A888" totalBytesRequested="130056" timestamp="2019-08-08T20:25:52.305" intervalms="83.240" type="nursery" />
<cycle-start id="1429" type="scavenge" contextid="0" timestamp="2019-08-08T20:25:52.305" intervalms="83.272" />
<gc-start id="1430" type="scavenge" contextid="1429" timestamp="2019-08-08T20:25:52.305">
  <mem-info id="1431" free="5353800" total="12976128" percent="41">
    <mem type="nursery" free="94776" total="4849664" percent="1">
      <mem type="allocate" free="94776" total="3932160" percent="2" />
      <mem type="survivor" free="0" total="917504" percent="0" />
    </mem>
    <mem type="tenure" free="5259024" total="8126464" percent="64">
      <mem type="soa" free="5178128" total="8045568" percent="64" />
      <mem type="loa" free="80896" total="80896" percent="100" />
    </mem>
    <remembered-set count="3067" />
  </mem-info>
</gc-start>
<allocation-stats totalBytes="3218696" >
  <allocated-bytes non-tlh="763160" tlh="2455536" />
  <largest-consumer threadName="main" threadId="0000000000959F00" bytes="3140904" />
</allocation-stats>
<gc-op id="1432" type="scavenge" timems="4.217" contextid="1429" timestamp="2019-08-08T20:25:52.309">
  <scavenger-info tenureage="7" tenuremask="ff80" tiltratio="81" />
  <memory-copied type="nursery" objects="3985" bytes="914960" bytesdiscarded="2144" />
  <memory-copied type="tenure" objects="11710" bytes="614208" bytesdiscarded="352" />
  <copy-failed type="nursery" objects="11710" bytes="615168" />
  <finalization candidates="18" enqueued="0" />
  <ownableSynchronizers candidates="4" cleared="0" />
  <references type="soft" candidates="123" cleared="0" enqueued="0" dynamicThreshold="23" maxThreshold="32" />
  <references type="weak" candidates="706" cleared="45" enqueued="27" />
  <references type="phantom" candidates="11" cleared="2" enqueued="2" />
</gc-op>
<gc-end id="1433" type="scavenge" contextid="1429" durationms="4.551" usertimems="9.990" systemtimems="0.000" timestamp="2019-08-08T20:25:52.309" activeThreads="16">
  <mem-info id="1434" free="6082184" total="12976128" percent="46">
    <mem type="nursery" free="1507328" total="4849664" percent="31">
      <mem type="allocate" free="1507328" total="2424832" percent="62" />
      <mem type="survivor" free="0" total="2424832" percent="0" />
    </mem>
    <mem type="tenure" free="4574856" total="8126464" percent="56" macro-fragmented="3732887">
      <mem type="soa" free="4493960" total="8045568" percent="55" />
      <mem type="loa" free="80896" total="80896" percent="100" />
    </mem>
    <pending-finalizers system="0" default="0" reference="29" classloader="0" />
    <remembered-set count="4041" />
  </mem-info>
</gc-end>
<cycle-end id="1435" type="scavenge" contextid="1429" timestamp="2019-08-08T20:25:52.310" />
  <attribute name="elasticGC enabled" value="1" />
  <attribute name= "numThreadsSpecified" value="16" />
  <attribute name="heapSize specified" value="12648448" />
  <attribute name="Current GC Util" value="19" />
  <attribute name= "Current Time Running" value="119724" />
  <attribute name ="GC Interval" value="2153" />
  <attribute name="Target GC Util Change" value ="80.000000" />
  <attribute name="Current GC Util Change" value="19.000000"/>
  <attribute name="Current Error" value="255.000000" />
  <attribute name="Output H" value="13014120"/>
  <attribute name="Output I" value="2152"/>
  <attribute name="Output T" value="16"/>
  <attribute name= "Current Time Running" value="119724" />
  <attribute name="GC Util currently" value="19" />
  <attribute name="CPU Util currently" value="13845137462" />
<allocation-satisfied id="1436" threadId="0000000000959F00" bytesRequested="130056" />
<af-end id="1437" timestamp="2019-08-08T20:25:52.310" threadId="000000000095A888" success="true" from="nursery"/>
<exclusive-end id="1438" timestamp="2019-08-08T20:25:52.310" durationms="4.874" />

<exclusive-start id="1439" timestamp="2019-08-08T20:25:52.345" intervalms="40.312">
  <response-info timems="0.052" idlems="0.052" threads="0" lastid="0000000000959F00" lastname="main" />
</exclusive-start>
<af-start id="1440" threadId="000000000095A888" totalBytesRequested="3584" timestamp="2019-08-08T20:25:52.345" intervalms="40.316" type="nursery" />
<cycle-start id="1441" type="scavenge" contextid="0" timestamp="2019-08-08T20:25:52.345" intervalms="40.277" />
<gc-start id="1442" type="scavenge" contextid="1441" timestamp="2019-08-08T20:25:52.345">
  <mem-info id="1443" free="4560352" total="12976128" percent="35">
    <mem type="nursery" free="0" total="4849664" percent="0">
      <mem type="allocate" free="0" total="2424832" percent="0" />
      <mem type="survivor" free="0" total="2424832" percent="0" />
    </mem>
    <mem type="tenure" free="4560352" total="8126464" percent="56">
      <mem type="soa" free="4479456" total="8045568" percent="55" />
      <mem type="loa" free="80896" total="80896" percent="100" />
    </mem>
    <remembered-set count="4305" />
  </mem-info>
</gc-start>
<allocation-stats totalBytes="1513104" >
  <allocated-bytes non-tlh="667856" tlh="845248" />
  <largest-consumer threadName="main" threadId="0000000000959F00" bytes="1504912" />
</allocation-stats>
<gc-op id="1444" type="scavenge" timems="5.810" contextid="1441" timestamp="2019-08-08T20:25:52.351">
  <scavenger-info tenureage="3" tenuremask="fff8" tiltratio="50" />
  <memory-copied type="nursery" objects="3860" bytes="819608" bytesdiscarded="21528" />
  <memory-copied type="tenure" objects="1621" bytes="68440" bytesdiscarded="592" />
  <finalization candidates="17" enqueued="0" />
  <ownableSynchronizers candidates="2" cleared="0" />
  <references type="soft" candidates="25" cleared="0" enqueued="0" dynamicThreshold="23" maxThreshold="32" />
  <references type="weak" candidates="507" cleared="1" enqueued="1" />
  <references type="phantom" candidates="6" cleared="0" enqueued="0" />
</gc-op>
<heap-resize id="1445" type="expand" space="nursery" amount="393216" count="1" timems="0.021" reason="excessive time being spent scavenging" timestamp="2019-08-08T20:25:52.351" />
<gc-end id="1446" type="scavenge" contextid="1441" durationms="6.003" usertimems="9.624" systemtimems="0.000" timestamp="2019-08-08T20:25:52.351" activeThreads="16">
  <mem-info id="1447" free="6229104" total="13369344" percent="46">
    <mem type="nursery" free="1780112" total="5242880" percent="33">
      <mem type="allocate" free="1780112" total="2621440" percent="67" />
      <mem type="survivor" free="0" total="2621440" percent="0" />
    </mem>
    <mem type="tenure" free="4448992" total="8126464" percent="54" macro-fragmented="3732887">
      <mem type="soa" free="4368096" total="8045568" percent="54" />
      <mem type="loa" free="80896" total="80896" percent="100" />
    </mem>
    <pending-finalizers system="0" default="0" reference="1" classloader="0" />
    <remembered-set count="1711" />
  </mem-info>
</gc-end>
<cycle-end id="1448" type="scavenge" contextid="1441" timestamp="2019-08-08T20:25:52.351" />
  <attribute name="elasticGC enabled" value="1" />
  <attribute name= "numThreadsSpecified" value="16" />
  <attribute name="heapSize specified" value="12648448" />
  <attribute name="Current GC Util" value="25" />
  <attribute name= "Current Time Running" value="119764" />
  <attribute name ="GC Interval" value="2185" />
  <attribute name="Target GC Util Change" value ="80.000000" />
  <attribute name="Current GC Util Change" value="25.000000"/>
  <attribute name="Current Error" value="310.000000" />
  <attribute name="Output H" value="13014152"/>
  <attribute name="Output I" value="2184"/>
  <attribute name="Output T" value="16"/>
  <attribute name= "Current Time Running" value="119764" />
  <attribute name="GC Util currently" value="25" />
  <attribute name="CPU Util currently" value="28622749623" />
<allocation-satisfied id="1449" threadId="0000000000959F00" bytesRequested="3584" />
<af-end id="1450" timestamp="2019-08-08T20:25:52.351" threadId="000000000095A888" success="true" from="nursery"/>
<exclusive-end id="1451" timestamp="2019-08-08T20:25:52.351" durationms="6.262" />

<exclusive-start id="1452" timestamp="2019-08-08T20:25:52.422" intervalms="77.287">
  <response-info timems="0.041" idlems="0.041" threads="0" lastid="0000000000959F00" lastname="main" />
</exclusive-start>
<af-start id="1453" threadId="000000000095A888" totalBytesRequested="23272" timestamp="2019-08-08T20:25:52.422" intervalms="77.276" type="nursery" />
<cycle-start id="1454" type="scavenge" contextid="0" timestamp="2019-08-08T20:25:52.422" intervalms="77.275" />
<gc-start id="1455" type="scavenge" contextid="1454" timestamp="2019-08-08T20:25:52.422">
  <mem-info id="1456" free="4421224" total="13369344" percent="33">
    <mem type="nursery" free="0" total="5242880" percent="0">
      <mem type="allocate" free="0" total="2621440" percent="0" />
      <mem type="survivor" free="0" total="2621440" percent="0" />
    </mem>
    <mem type="tenure" free="4421224" total="8126464" percent="54">
      <mem type="soa" free="4340328" total="8045568" percent="53" />
      <mem type="loa" free="80896" total="80896" percent="100" />
    </mem>
    <remembered-set count="2080" />
  </mem-info>
</gc-start>
<allocation-stats totalBytes="1758248" >
  <allocated-bytes non-tlh="31352" tlh="1726896" />
  <largest-consumer threadName="main" threadId="0000000000959F00" bytes="1758248" />
</allocation-stats>
<gc-op id="1457" type="scavenge" timems="4.032" contextid="1454" timestamp="2019-08-08T20:25:52.426">
  <scavenger-info tenureage="3" tenuremask="fec8" tiltratio="50" />
  <memory-copied type="nursery" objects="7162" bytes="1027784" bytesdiscarded="94856" />
  <memory-copied type="tenure" objects="1036" bytes="49944" bytesdiscarded="64" />
  <finalization candidates="14" enqueued="0" />
  <ownableSynchronizers candidates="2" cleared="0" />
  <references type="soft" candidates="72" cleared="0" enqueued="0" dynamicThreshold="23" maxThreshold="32" />
  <references type="weak" candidates="202" cleared="1" enqueued="1" />
  <references type="phantom" candidates="6" cleared="0" enqueued="0" />
</gc-op>
<gc-end id="1458" type="scavenge" contextid="1454" durationms="4.607" usertimems="9.938" systemtimems="0.000" timestamp="2019-08-08T20:25:52.427" activeThreads="16">
  <mem-info id="1459" free="5905432" total="13369344" percent="44">
    <mem type="nursery" free="1564080" total="5242880" percent="29">
      <mem type="allocate" free="1564080" total="2686976" percent="58" />
      <mem type="survivor" free="0" total="2555904" percent="0" />
    </mem>
    <mem type="tenure" free="4341352" total="8126464" percent="53" macro-fragmented="3110739">
      <mem type="soa" free="4260456" total="8045568" percent="52" />
      <mem type="loa" free="80896" total="80896" percent="100" />
    </mem>
    <pending-finalizers system="0" default="0" reference="1" classloader="0" />
    <remembered-set count="1066" />
  </mem-info>
</gc-end>
<cycle-end id="1460" type="scavenge" contextid="1454" timestamp="2019-08-08T20:25:52.427" />
  <attribute name="elasticGC enabled" value="1" />
  <attribute name= "numThreadsSpecified" value="16" />
  <attribute name="heapSize specified" value="12648448" />
  <attribute name="Current GC Util" value="12" />
  <attribute name= "Current Time Running" value="119842" />
  <attribute name ="GC Interval" value="2041" />
  <attribute name="Target GC Util Change" value ="80.000000" />
  <attribute name="Current GC Util Change" value="12.000000"/>
  <attribute name="Current Error" value="68.000000" />
  <attribute name="Output H" value="13407224"/>
  <attribute name="Output I" value="2040"/>
  <attribute name="Output T" value="16"/>
  <attribute name= "Current Time Running" value="119842" />
  <attribute name="GC Util currently" value="12" />
  <attribute name="CPU Util currently" value="14920789655" />
<allocation-satisfied id="1461" threadId="0000000000959F00" bytesRequested="23272" />
<af-end id="1462" timestamp="2019-08-08T20:25:52.427" threadId="000000000095A888" success="true" from="nursery"/>
<exclusive-end id="1463" timestamp="2019-08-08T20:25:52.427" durationms="4.841" />

<exclusive-start id="1464" timestamp="2019-08-08T20:25:52.472" intervalms="50.090">
  <response-info timems="0.065" idlems="0.065" threads="0" lastid="0000000000959F00" lastname="main" />
</exclusive-start>
<af-start id="1465" threadId="000000000095A888" totalBytesRequested="23296" timestamp="2019-08-08T20:25:52.472" intervalms="50.095" type="nursery" />
<cycle-start id="1466" type="scavenge" contextid="0" timestamp="2019-08-08T20:25:52.472" intervalms="50.097" />
<gc-start id="1467" type="scavenge" contextid="1466" timestamp="2019-08-08T20:25:52.473">
  <mem-info id="1468" free="4315512" total="13369344" percent="32">
    <mem type="nursery" free="0" total="5242880" percent="0">
      <mem type="allocate" free="0" total="2686976" percent="0" />
      <mem type="survivor" free="0" total="2555904" percent="0" />
    </mem>
    <mem type="tenure" free="4315512" total="8126464" percent="53">
      <mem type="soa" free="4234616" total="8045568" percent="52" />
      <mem type="loa" free="80896" total="80896" percent="100" />
    </mem>
    <remembered-set count="1360" />
  </mem-info>
</gc-start>
<allocation-stats totalBytes="1568360" >
  <allocated-bytes non-tlh="49112" tlh="1519248" />
  <largest-consumer threadName="main" threadId="0000000000959F00" bytes="1568360" />
</allocation-stats>
<gc-op id="1469" type="scavenge" timems="2.457" contextid="1466" timestamp="2019-08-08T20:25:52.475">
  <scavenger-info tenureage="3" tenuremask="ffe8" tiltratio="51" />
  <memory-copied type="nursery" objects="6609" bytes="296312" bytesdiscarded="96088" />
  <memory-copied type="tenure" objects="1291" bytes="717792" bytesdiscarded="24" />
  <finalization candidates="6" enqueued="0" />
  <ownableSynchronizers candidates="1" cleared="0" />
  <references type="soft" candidates="54" cleared="0" enqueued="0" dynamicThreshold="23" maxThreshold="32" />
  <references type="weak" candidates="288" cleared="0" enqueued="0" />
</gc-op>
<gc-end id="1470" type="scavenge" contextid="1466" durationms="2.805" usertimems="7.215" systemtimems="0.000" timestamp="2019-08-08T20:25:52.475" activeThreads="16">
  <mem-info id="1471" free="6166376" total="13369344" percent="46">
    <mem type="nursery" free="2556504" total="5242880" percent="48">
      <mem type="allocate" free="2556504" total="2949120" percent="86" />
      <mem type="survivor" free="0" total="2293760" percent="0" />
    </mem>
    <mem type="tenure" free="3609872" total="8126464" percent="44" macro-fragmented="3110739">
      <mem type="soa" free="3528976" total="8045568" percent="43" />
      <mem type="loa" free="80896" total="80896" percent="100" />
    </mem>
    <remembered-set count="829" />
  </mem-info>
</gc-end>
<cycle-end id="1472" type="scavenge" contextid="1466" timestamp="2019-08-08T20:25:52.475" />
  <attribute name="elasticGC enabled" value="1" />
  <attribute name= "numThreadsSpecified" value="16" />
  <attribute name="heapSize specified" value="12648448" />
  <attribute name="Current GC Util" value="18" />
  <attribute name= "Current Time Running" value="119892" />
  <attribute name ="GC Interval" value="2081" />
  <attribute name="Target GC Util Change" value ="80.000000" />
  <attribute name="Current GC Util Change" value="18.000000"/>
  <attribute name="Current Error" value="130.000000" />
  <attribute name="Output H" value="13407264"/>
  <attribute name="Output I" value="2080"/>
  <attribute name="Output T" value="16"/>
  <attribute name= "Current Time Running" value="119892" />
  <attribute name="GC Util currently" value="18" />
  <attribute name="CPU Util currently" value="22996377350" />
<allocation-satisfied id="1473" threadId="0000000000959F00" bytesRequested="23296" />
<af-end id="1474" timestamp="2019-08-08T20:25:52.475" threadId="000000000095A888" success="true" from="nursery"/>
<exclusive-end id="1475" timestamp="2019-08-08T20:25:52.475" durationms="3.056" />

<exclusive-start id="1476" timestamp="2019-08-08T20:25:52.548" intervalms="75.651">
  <response-info timems="0.020" idlems="0.020" threads="0" lastid="0000000000959F00" lastname="main" />
</exclusive-start>
<af-start id="1477" threadId="000000000095A888" totalBytesRequested="23296" timestamp="2019-08-08T20:25:52.548" intervalms="75.648" type="nursery" />
<cycle-start id="1478" type="scavenge" contextid="0" timestamp="2019-08-08T20:25:52.548" intervalms="75.648" />
<gc-start id="1479" type="scavenge" contextid="1478" timestamp="2019-08-08T20:25:52.548">
  <mem-info id="1480" free="3573032" total="13369344" percent="26">
    <mem type="nursery" free="0" total="5242880" percent="0">
      <mem type="allocate" free="0" total="2949120" percent="0" />
      <mem type="survivor" free="0" total="2293760" percent="0" />
    </mem>
    <mem type="tenure" free="3573032" total="8126464" percent="43">
      <mem type="soa" free="3492136" total="8045568" percent="43" />
      <mem type="loa" free="80896" total="80896" percent="100" />
    </mem>
    <remembered-set count="1240" />
  </mem-info>
</gc-start>
<allocation-stats totalBytes="2572104" >
  <allocated-bytes non-tlh="60136" tlh="2511968" />
  <largest-consumer threadName="main" threadId="0000000000959F00" bytes="2572104" />
</allocation-stats>
<gc-op id="1481" type="scavenge" timems="2.361" contextid="1478" timestamp="2019-08-08T20:25:52.551">
  <scavenger-info tenureage="3" tenuremask="ffe8" tiltratio="56" />
  <memory-copied type="nursery" objects="7001" bytes="317360" bytesdiscarded="91256" />
  <memory-copied type="tenure" objects="1490" bytes="45848" bytesdiscarded="0" />
  <references type="soft" candidates="54" cleared="0" enqueued="0" dynamicThreshold="23" maxThreshold="32" />
  <references type="weak" candidates="616" cleared="0" enqueued="0" />
</gc-op>
<gc-end id="1482" type="scavenge" contextid="1478" durationms="2.786" usertimems="7.083" systemtimems="0.000" timestamp="2019-08-08T20:25:52.551" activeThreads="16">
  <mem-info id="1483" free="6434936" total="13369344" percent="48">
    <mem type="nursery" free="2933328" total="5242880" percent="55">
      <mem type="allocate" free="2933328" total="3342336" percent="87" />
      <mem type="survivor" free="0" total="1900544" percent="0" />
    </mem>
    <mem type="tenure" free="3501608" total="8126464" percent="43" macro-fragmented="3110739">
      <mem type="soa" free="3420712" total="8045568" percent="42" />
      <mem type="loa" free="80896" total="80896" percent="100" />
    </mem>
    <remembered-set count="865" />
  </mem-info>
</gc-end>
<cycle-end id="1484" type="scavenge" contextid="1478" timestamp="2019-08-08T20:25:52.551" />
  <attribute name="elasticGC enabled" value="1" />
  <attribute name= "numThreadsSpecified" value="16" />
  <attribute name="heapSize specified" value="12648448" />
  <attribute name="Current GC Util" value="7" />
  <attribute name= "Current Time Running" value="119967" />
  <attribute name ="GC Interval" value="2121" />
  <attribute name="Target GC Util Change" value ="80.000000" />
  <attribute name="Current GC Util Change" value="7.000000"/>
  <attribute name="Current Error" value="203.000000" />
  <attribute name="Output H" value="13407304"/>
  <attribute name="Output I" value="2120"/>
  <attribute name="Output T" value="16"/>
  <attribute name= "Current Time Running" value="119967" />
  <attribute name="GC Util currently" value="7" />
  <attribute name="CPU Util currently" value="15234156855" />
<allocation-satisfied id="1485" threadId="0000000000959F00" bytesRequested="23296" />
<af-end id="1486" timestamp="2019-08-08T20:25:52.551" threadId="000000000095A888" success="true" from="nursery"/>
<exclusive-end id="1487" timestamp="2019-08-08T20:25:52.551" durationms="3.020" />

<exclusive-start id="1488" timestamp="2019-08-08T20:25:52.610" intervalms="61.701">
  <response-info timems="0.023" idlems="0.023" threads="0" lastid="0000000000959F00" lastname="main" />
</exclusive-start>
<af-start id="1489" threadId="000000000095A888" totalBytesRequested="32" timestamp="2019-08-08T20:25:52.610" intervalms="61.739" type="nursery" />
<cycle-start id="1490" type="scavenge" contextid="0" timestamp="2019-08-08T20:25:52.610" intervalms="61.743" />
<gc-start id="1491" type="scavenge" contextid="1490" timestamp="2019-08-08T20:25:52.610">
  <mem-info id="1492" free="3480720" total="13369344" percent="26">
    <mem type="nursery" free="0" total="5242880" percent="0">
      <mem type="allocate" free="0" total="3342336" percent="0" />
      <mem type="survivor" free="0" total="1900544" percent="0" />
    </mem>
    <mem type="tenure" free="3480720" total="8126464" percent="42">
      <mem type="soa" free="3399824" total="8045568" percent="42" />
      <mem type="loa" free="80896" total="80896" percent="100" />
    </mem>
    <remembered-set count="1100" />
  </mem-info>
</gc-start>
<allocation-stats totalBytes="2952744" >
  <allocated-bytes non-tlh="44184" tlh="2908560" />
  <largest-consumer threadName="main" threadId="0000000000959F00" bytes="2952744" />
</allocation-stats>
<gc-op id="1493" type="scavenge" timems="3.140" contextid="1490" timestamp="2019-08-08T20:25:52.613">
  <scavenger-info tenureage="3" tenuremask="ffe8" tiltratio="63" />
  <memory-copied type="nursery" objects="6016" bytes="210656" bytesdiscarded="35496" />
  <memory-copied type="tenure" objects="4308" bytes="222720" bytesdiscarded="128" />
  <references type="weak" candidates="674" cleared="0" enqueued="0" />
</gc-op>
<gc-end id="1494" type="scavenge" contextid="1490" durationms="3.628" usertimems="7.579" systemtimems="0.000" timestamp="2019-08-08T20:25:52.614" activeThreads="16">
  <mem-info id="1495" free="6626272" total="13369344" percent="49">
    <mem type="nursery" free="3357952" total="5242880" percent="64">
      <mem type="allocate" free="3357952" total="3604480" percent="93" />
      <mem type="survivor" free="0" total="1638400" percent="0" />
    </mem>
    <mem type="tenure" free="3268320" total="8126464" percent="40" macro-fragmented="3110739">
      <mem type="soa" free="3187424" total="8045568" percent="39" />
      <mem type="loa" free="80896" total="80896" percent="100" />
    </mem>
    <remembered-set count="1206" />
  </mem-info>
</gc-end>
<cycle-end id="1496" type="scavenge" contextid="1490" timestamp="2019-08-08T20:25:52.614" />
  <attribute name="elasticGC enabled" value="1" />
  <attribute name= "numThreadsSpecified" value="16" />
  <attribute name="heapSize specified" value="12648448" />
  <attribute name="Current GC Util" value="10" />
  <attribute name= "Current Time Running" value="120029" />
  <attribute name ="GC Interval" value="2161" />
  <attribute name="Target GC Util Change" value ="80.000000" />
  <attribute name="Current GC Util Change" value="10.000000"/>
  <attribute name="Current Error" value="273.000000" />
  <attribute name="Output H" value="13407344"/>
  <attribute name="Output I" value="2160"/>
  <attribute name="Output T" value="16"/>
  <attribute name= "Current Time Running" value="120029" />
  <attribute name="GC Util currently" value="10" />
  <attribute name="CPU Util currently" value="18686571534" />
<allocation-satisfied id="1497" threadId="0000000000959F00" bytesRequested="32" />
<af-end id="1498" timestamp="2019-08-08T20:25:52.614" threadId="000000000095A888" success="true" from="nursery"/>
<exclusive-end id="1499" timestamp="2019-08-08T20:25:52.614" durationms="3.913" />

<exclusive-start id="1500" timestamp="2019-08-08T20:25:52.671" intervalms="60.860">
  <response-info timems="0.019" idlems="0.019" threads="0" lastid="0000000000959F00" lastname="main" />
</exclusive-start>
<af-start id="1501" threadId="000000000095A888" totalBytesRequested="32" timestamp="2019-08-08T20:25:52.671" intervalms="60.829" type="nursery" />
<cycle-start id="1502" type="scavenge" contextid="0" timestamp="2019-08-08T20:25:52.671" intervalms="60.827" />
<gc-start id="1503" type="scavenge" contextid="1502" timestamp="2019-08-08T20:25:52.671">
  <mem-info id="1504" free="3249280" total="13369344" percent="24">
    <mem type="nursery" free="0" total="5242880" percent="0">
      <mem type="allocate" free="0" total="3604480" percent="0" />
      <mem type="survivor" free="0" total="1638400" percent="0" />
    </mem>
    <mem type="tenure" free="3249280" total="8126464" percent="39">
      <mem type="soa" free="3168384" total="8045568" percent="39" />
      <mem type="loa" free="80896" total="80896" percent="100" />
    </mem>
    <remembered-set count="1748" />
  </mem-info>
</gc-start>
<allocation-stats totalBytes="3376344" >
  <allocated-bytes non-tlh="19072" tlh="3357272" />
  <largest-consumer threadName="main" threadId="0000000000959F00" bytes="3376344" />
</allocation-stats>
<gc-op id="1505" type="scavenge" timems="3.391" contextid="1502" timestamp="2019-08-08T20:25:52.674">
  <scavenger-info tenureage="3" tenuremask="ffe8" tiltratio="68" />
  <memory-copied type="nursery" objects="9493" bytes="338568" bytesdiscarded="23632" />
  <memory-copied type="tenure" objects="664" bytes="22536" bytesdiscarded="8" />
  <references type="weak" candidates="622" cleared="0" enqueued="0" />
</gc-op>
<gc-end id="1506" type="scavenge" contextid="1502" durationms="3.857" usertimems="6.091" systemtimems="0.000" timestamp="2019-08-08T20:25:52.675" activeThreads="16">
  <mem-info id="1507" free="6655616" total="13369344" percent="49">
    <mem type="nursery" free="3438592" total="5242880" percent="65">
      <mem type="allocate" free="3438592" total="3801088" percent="90" />
      <mem type="survivor" free="0" total="1441792" percent="0" />
    </mem>
    <mem type="tenure" free="3217024" total="8126464" percent="39" macro-fragmented="2592282">
      <mem type="soa" free="3136128" total="8045568" percent="38" />
      <mem type="loa" free="80896" total="80896" percent="100" />
    </mem>
    <remembered-set count="1301" />
  </mem-info>
</gc-end>
<cycle-end id="1508" type="scavenge" contextid="1502" timestamp="2019-08-08T20:25:52.675" />
  <attribute name="elasticGC enabled" value="1" />
  <attribute name= "numThreadsSpecified" value="16" />
  <attribute name="heapSize specified" value="12648448" />
  <attribute name="Current GC Util" value="11" />
  <attribute name= "Current Time Running" value="120090" />
  <attribute name ="GC Interval" value="2201" />
  <attribute name="Target GC Util Change" value ="80.000000" />
  <attribute name="Current GC Util Change" value="11.000000"/>
  <attribute name="Current Error" value="342.000000" />
  <attribute name="Output H" value="13407384"/>
  <attribute name="Output I" value="2200"/>
  <attribute name="Output T" value="16"/>
  <attribute name= "Current Time Running" value="120090" />
  <attribute name="GC Util currently" value="11" />
  <attribute name="CPU Util currently" value="18950010067" />
<allocation-satisfied id="1509" threadId="0000000000959F00" bytesRequested="32" />
<af-end id="1510" timestamp="2019-08-08T20:25:52.675" threadId="000000000095A888" success="true" from="nursery"/>
<exclusive-end id="1511" timestamp="2019-08-08T20:25:52.675" durationms="4.093" />

<exclusive-start id="1512" timestamp="2019-08-08T20:25:52.742" intervalms="71.648">
  <response-info timems="0.049" idlems="0.049" threads="0" lastid="0000000000959F00" lastname="main" />
</exclusive-start>
<af-start id="1513" threadId="000000000095A888" totalBytesRequested="16" timestamp="2019-08-08T20:25:52.742" intervalms="71.640" type="nursery" />
<cycle-start id="1514" type="scavenge" contextid="0" timestamp="2019-08-08T20:25:52.742" intervalms="71.636" />
<gc-start id="1515" type="scavenge" contextid="1514" timestamp="2019-08-08T20:25:52.742">
  <mem-info id="1516" free="3198152" total="13369344" percent="23">
    <mem type="nursery" free="0" total="5242880" percent="0">
      <mem type="allocate" free="0" total="3801088" percent="0" />
      <mem type="survivor" free="0" total="1441792" percent="0" />
    </mem>
    <mem type="tenure" free="3198152" total="8126464" percent="39">
      <mem type="soa" free="3117256" total="8045568" percent="38" />
      <mem type="loa" free="80896" total="80896" percent="100" />
    </mem>
    <remembered-set count="1664" />
  </mem-info>
</gc-start>
<allocation-stats totalBytes="3456256" >
  <allocated-bytes non-tlh="18904" tlh="3437352" />
  <largest-consumer threadName="main" threadId="0000000000959F00" bytes="3456256" />
</allocation-stats>
<gc-op id="1517" type="scavenge" timems="3.221" contextid="1514" timestamp="2019-08-08T20:25:52.746">
  <scavenger-info tenureage="3" tenuremask="ffe8" tiltratio="72" />
  <memory-copied type="nursery" objects="12294" bytes="492256" bytesdiscarded="90736" />
  <memory-copied type="tenure" objects="1889" bytes="67384" bytesdiscarded="208" />
  <references type="soft" candidates="2" cleared="0" enqueued="0" dynamicThreshold="23" maxThreshold="32" />
  <references type="weak" candidates="367" cleared="5" enqueued="5" />
</gc-op>
<gc-end id="1518" type="scavenge" contextid="1514" durationms="3.945" usertimems="8.912" systemtimems="0.000" timestamp="2019-08-08T20:25:52.746" activeThreads="16">
  <mem-info id="1519" free="6498736" total="13369344" percent="48">
    <mem type="nursery" free="3348968" total="5242880" percent="63">
      <mem type="allocate" free="3348968" total="3932160" percent="85" />
      <mem type="survivor" free="0" total="1310720" percent="0" />
    </mem>
    <mem type="tenure" free="3149768" total="8126464" percent="38" macro-fragmented="1041779">
      <mem type="soa" free="3068872" total="8045568" percent="38" />
      <mem type="loa" free="80896" total="80896" percent="100" />
    </mem>
    <pending-finalizers system="0" default="0" reference="5" classloader="0" />
    <remembered-set count="1334" />
  </mem-info>
</gc-end>
<cycle-end id="1520" type="scavenge" contextid="1514" timestamp="2019-08-08T20:25:52.746" />
  <attribute name="elasticGC enabled" value="1" />
  <attribute name= "numThreadsSpecified" value="16" />
  <attribute name="heapSize specified" value="12648448" />
  <attribute name="Current GC Util" value="8" />
  <attribute name= "Current Time Running" value="120161" />
  <attribute name ="GC Interval" value="2241" />
  <attribute name="Target GC Util Change" value ="80.000000" />
  <attribute name="Current GC Util Change" value="8.000000"/>
  <attribute name="Current Error" value="414.000000" />
  <attribute name="Output H" value="13407424"/>
  <attribute name="Output I" value="2240"/>
  <attribute name="Output T" value="16"/>
  <attribute name= "Current Time Running" value="120161" />
  <attribute name="GC Util currently" value="8" />
  <attribute name="CPU Util currently" value="16105439467" />
<allocation-satisfied id="1521" threadId="0000000000959F00" bytesRequested="16" />
<af-end id="1522" timestamp="2019-08-08T20:25:52.746" threadId="000000000095A888" success="true" from="nursery"/>
<exclusive-end id="1523" timestamp="2019-08-08T20:25:52.746" durationms="4.150" />

<exclusive-start id="1524" timestamp="2019-08-08T20:25:52.815" intervalms="72.364">
  <response-info timems="0.039" idlems="0.039" threads="0" lastid="0000000000959F00" lastname="main" />
</exclusive-start>
<af-start id="1525" threadId="000000000095A888" totalBytesRequested="32" timestamp="2019-08-08T20:25:52.815" intervalms="72.365" type="nursery" />
<cycle-start id="1526" type="scavenge" contextid="0" timestamp="2019-08-08T20:25:52.815" intervalms="72.367" />
<gc-start id="1527" type="scavenge" contextid="1526" timestamp="2019-08-08T20:25:52.815">
  <mem-info id="1528" free="3132976" total="13369344" percent="23">
    <mem type="nursery" free="0" total="5242880" percent="0">
      <mem type="allocate" free="0" total="3932160" percent="0" />
      <mem type="survivor" free="0" total="1310720" percent="0" />
    </mem>
    <mem type="tenure" free="3132976" total="8126464" percent="38">
      <mem type="soa" free="3052080" total="8045568" percent="37" />
      <mem type="loa" free="80896" total="80896" percent="100" />
    </mem>
    <remembered-set count="1516" />
  </mem-info>
</gc-start>
<allocation-stats totalBytes="3365176" >
  <allocated-bytes non-tlh="347904" tlh="3017272" />
  <largest-consumer threadName="main" threadId="0000000000959F00" bytes="3365176" />
</allocation-stats>
<gc-op id="1529" type="scavenge" timems="3.007" contextid="1526" timestamp="2019-08-08T20:25:52.818">
  <scavenger-info tenureage="5" tenuremask="ffe0" tiltratio="75" />
  <memory-copied type="nursery" objects="15092" bytes="988368" bytesdiscarded="80408" />
  <references type="soft" candidates="73" cleared="0" enqueued="0" dynamicThreshold="23" maxThreshold="32" />
  <references type="weak" candidates="370" cleared="0" enqueued="0" />
  <references type="phantom" candidates="1" cleared="0" enqueued="0" />
</gc-op>
<gc-end id="1530" type="scavenge" contextid="1526" durationms="3.499" usertimems="8.627" systemtimems="0.000" timestamp="2019-08-08T20:25:52.818" activeThreads="16">
  <mem-info id="1531" free="5602896" total="13369344" percent="41">
    <mem type="nursery" free="2469920" total="5242880" percent="47">
      <mem type="allocate" free="2469920" total="3538944" percent="69" />
      <mem type="survivor" free="0" total="1703936" percent="0" />
    </mem>
    <mem type="tenure" free="3132976" total="8126464" percent="38" macro-fragmented="2160235">
      <mem type="soa" free="3052080" total="8045568" percent="37" />
      <mem type="loa" free="80896" total="80896" percent="100" />
    </mem>
    <remembered-set count="1318" />
  </mem-info>
</gc-end>
<cycle-end id="1532" type="scavenge" contextid="1526" timestamp="2019-08-08T20:25:52.818" />
  <attribute name="elasticGC enabled" value="1" />
  <attribute name= "numThreadsSpecified" value="16" />
  <attribute name="heapSize specified" value="12648448" />
  <attribute name="Current GC Util" value="11" />
  <attribute name= "Current Time Running" value="120234" />
  <attribute name ="GC Interval" value="2041" />
  <attribute name="Target GC Util Change" value ="80.000000" />
  <attribute name="Current GC Util Change" value="11.000000"/>
  <attribute name="Current Error" value="69.000000" />
  <attribute name="Output H" value="13407224"/>
  <attribute name="Output I" value="2040"/>
  <attribute name="Output T" value="16"/>
  <attribute name= "Current Time Running" value="120234" />
  <attribute name="GC Util currently" value="11" />
  <attribute name="CPU Util currently" value="15919522936" />
<allocation-satisfied id="1533" threadId="0000000000959F00" bytesRequested="32" />
<af-end id="1534" timestamp="2019-08-08T20:25:52.818" threadId="000000000095A888" success="true" from="nursery"/>
<exclusive-end id="1535" timestamp="2019-08-08T20:25:52.818" durationms="3.758" />

<exclusive-start id="1536" timestamp="2019-08-08T20:25:52.853" intervalms="38.116">
  <response-info timems="0.044" idlems="0.044" threads="0" lastid="0000000000959F00" lastname="main" />
</exclusive-start>
<af-start id="1537" threadId="000000000095A888" totalBytesRequested="24" timestamp="2019-08-08T20:25:52.853" intervalms="38.124" type="nursery" />
<cycle-start id="1538" type="scavenge" contextid="0" timestamp="2019-08-08T20:25:52.853" intervalms="38.155" />
<gc-start id="1539" type="scavenge" contextid="1538" timestamp="2019-08-08T20:25:52.853">
  <mem-info id="1540" free="3127712" total="13369344" percent="23">
    <mem type="nursery" free="0" total="5242880" percent="0">
      <mem type="allocate" free="0" total="3538944" percent="0" />
      <mem type="survivor" free="0" total="1703936" percent="0" />
    </mem>
    <mem type="tenure" free="3127712" total="8126464" percent="38">
      <mem type="soa" free="3046816" total="8045568" percent="37" />
      <mem type="loa" free="80896" total="80896" percent="100" />
    </mem>
    <remembered-set count="1374" />
  </mem-info>
</gc-start>
<allocation-stats totalBytes="2474480" >
  <allocated-bytes non-tlh="5296" tlh="2469184" />
  <largest-consumer threadName="main" threadId="0000000000959F00" bytes="2474480" />
</allocation-stats>
<gc-op id="1541" type="scavenge" timems="3.787" contextid="1538" timestamp="2019-08-08T20:25:52.857">
  <scavenger-info tenureage="3" tenuremask="fff8" tiltratio="67" />
  <memory-copied type="nursery" objects="11287" bytes="861200" bytesdiscarded="141224" />
  <memory-copied type="tenure" objects="7146" bytes="260480" bytesdiscarded="216" />
  <references type="soft" candidates="73" cleared="0" enqueued="0" dynamicThreshold="23" maxThreshold="32" />
  <references type="weak" candidates="114" cleared="0" enqueued="0" />
  <references type="phantom" candidates="1" cleared="0" enqueued="0" />
</gc-op>
<heap-resize id="1542" type="expand" space="nursery" amount="393216" count="1" timems="0.019" reason="excessive time being spent scavenging" timestamp="2019-08-08T20:25:52.857" />
<gc-end id="1543" type="scavenge" contextid="1538" durationms="4.202" usertimems="5.683" systemtimems="0.000" timestamp="2019-08-08T20:25:52.857" activeThreads="16">
  <mem-info id="1544" free="5653072" total="13762560" percent="41">
    <mem type="nursery" free="2864048" total="5636096" percent="50">
      <mem type="allocate" free="2864048" total="3866624" percent="74" />
      <mem type="survivor" free="0" total="1769472" percent="0" />
    </mem>
    <mem type="tenure" free="2789024" total="8126464" percent="34" macro-fragmented="2160235">
      <mem type="soa" free="2708128" total="8045568" percent="33" />
      <mem type="loa" free="80896" total="80896" percent="100" />
    </mem>
    <remembered-set count="635" />
  </mem-info>
</gc-end>
<cycle-end id="1545" type="scavenge" contextid="1538" timestamp="2019-08-08T20:25:52.857" />
  <attribute name="elasticGC enabled" value="1" />
  <attribute name= "numThreadsSpecified" value="16" />
  <attribute name="heapSize specified" value="12648448" />
  <attribute name="Current GC Util" value="22" />
  <attribute name= "Current Time Running" value="120272" />
  <attribute name ="GC Interval" value="2081" />
  <attribute name="Target GC Util Change" value ="80.000000" />
  <attribute name="Current GC Util Change" value="22.000000"/>
  <attribute name="Current Error" value="127.000000" />
  <attribute name="Output H" value="13407264"/>
  <attribute name="Output I" value="2080"/>
  <attribute name="Output T" value="16"/>
  <attribute name= "Current Time Running" value="120272" />
  <attribute name="GC Util currently" value="22" />
  <attribute name="CPU Util currently" value="30229539957" />
<allocation-satisfied id="1546" threadId="0000000000959F00" bytesRequested="24" />
<af-end id="1547" timestamp="2019-08-08T20:25:52.857" threadId="000000000095A888" success="true" from="nursery"/>
<exclusive-end id="1548" timestamp="2019-08-08T20:25:52.857" durationms="4.466" />

<exclusive-start id="1549" timestamp="2019-08-08T20:25:52.893" intervalms="40.756">
  <response-info timems="0.043" idlems="0.043" threads="0" lastid="0000000000959F00" lastname="main" />
</exclusive-start>
<af-start id="1550" threadId="000000000095A888" totalBytesRequested="32" timestamp="2019-08-08T20:25:52.894" intervalms="40.751" type="nursery" />
<cycle-start id="1551" type="scavenge" contextid="0" timestamp="2019-08-08T20:25:52.894" intervalms="40.719" />
<gc-start id="1552" type="scavenge" contextid="1551" timestamp="2019-08-08T20:25:52.894">
  <mem-info id="1553" free="2784264" total="13762560" percent="20">
    <mem type="nursery" free="0" total="5636096" percent="0">
      <mem type="allocate" free="0" total="3866624" percent="0" />
      <mem type="survivor" free="0" total="1769472" percent="0" />
    </mem>
    <mem type="tenure" free="2784264" total="8126464" percent="34">
      <mem type="soa" free="2703368" total="8045568" percent="33" />
      <mem type="loa" free="80896" total="80896" percent="100" />
    </mem>
    <remembered-set count="689" />
  </mem-info>
</gc-start>
<allocation-stats totalBytes="2868232" >
  <allocated-bytes non-tlh="4784" tlh="2863448" />
  <largest-consumer threadName="main" threadId="0000000000959F00" bytes="2868232" />
</allocation-stats>
<gc-op id="1554" type="scavenge" timems="4.819" contextid="1551" timestamp="2019-08-08T20:25:52.898">
  <scavenger-info tenureage="2" tenuremask="ffcc" tiltratio="68" />
  <memory-copied type="nursery" objects="7658" bytes="290264" bytesdiscarded="187792" />
  <memory-copied type="tenure" objects="7760" bytes="722160" bytesdiscarded="280" />
  <references type="weak" candidates="76" cleared="0" enqueued="0" />
</gc-op>
<heap-resize id="1555" type="expand" space="nursery" amount="393216" count="1" timems="0.020" reason="excessive time being spent scavenging" timestamp="2019-08-08T20:25:52.899" />
<gc-end id="1556" type="scavenge" contextid="1551" durationms="5.342" usertimems="9.422" systemtimems="0.000" timestamp="2019-08-08T20:25:52.899" activeThreads="16">
  <mem-info id="1557" free="6033920" total="14155776" percent="42">
    <mem type="nursery" free="3912808" total="6029312" percent="64">
      <mem type="allocate" free="3912808" total="4390912" percent="89" />
      <mem type="survivor" free="0" total="1638400" percent="0" />
    </mem>
    <mem type="tenure" free="2121112" total="8126464" percent="26" macro-fragmented="1800196">
      <mem type="soa" free="2040216" total="8045568" percent="25" />
      <mem type="loa" free="80896" total="80896" percent="100" />
    </mem>
    <remembered-set count="908" />
  </mem-info>
</gc-end>
<cycle-end id="1558" type="scavenge" contextid="1551" timestamp="2019-08-08T20:25:52.899" />
  <attribute name="elasticGC enabled" value="1" />
  <attribute name= "numThreadsSpecified" value="16" />
  <attribute name="heapSize specified" value="12648448" />
  <attribute name="Current GC Util" value="13" />
  <attribute name= "Current Time Running" value="120313" />
  <attribute name ="GC Interval" value="2113" />
  <attribute name="Target GC Util Change" value ="80.000000" />
  <attribute name="Current GC Util Change" value="13.000000"/>
  <attribute name="Current Error" value="194.000000" />
  <attribute name="Output H" value="13800512"/>
  <attribute name="Output I" value="2112"/>
  <attribute name="Output T" value="16"/>
  <attribute name= "Current Time Running" value="120313" />
  <attribute name="GC Util currently" value="13" />
  <attribute name="CPU Util currently" value="28336902160" />
<allocation-satisfied id="1559" threadId="0000000000959F00" bytesRequested="32" />
<af-end id="1560" timestamp="2019-08-08T20:25:52.899" threadId="000000000095A888" success="true" from="nursery"/>
<exclusive-end id="1561" timestamp="2019-08-08T20:25:52.899" durationms="5.683" />

<exclusive-start id="1562" timestamp="2019-08-08T20:25:52.947" intervalms="53.774">
  <response-info timems="0.024" idlems="0.024" threads="0" lastid="0000000000959F00" lastname="main" />
</exclusive-start>
<af-start id="1563" threadId="000000000095A888" totalBytesRequested="56" timestamp="2019-08-08T20:25:52.947" intervalms="53.779" type="nursery" />
<cycle-start id="1564" type="scavenge" contextid="0" timestamp="2019-08-08T20:25:52.947" intervalms="53.784" />
<gc-start id="1565" type="scavenge" contextid="1564" timestamp="2019-08-08T20:25:52.947">
  <mem-info id="1566" free="2119064" total="14155776" percent="14">
    <mem type="nursery" free="0" total="6029312" percent="0">
      <mem type="allocate" free="0" total="4390912" percent="0" />
      <mem type="survivor" free="0" total="1638400" percent="0" />
    </mem>
    <mem type="tenure" free="2119064" total="8126464" percent="26">
      <mem type="soa" free="2038168" total="8045568" percent="25" />
      <mem type="loa" free="80896" total="80896" percent="100" />
    </mem>
    <remembered-set count="1439" />
  </mem-info>
</gc-start>
<allocation-stats totalBytes="3913960" >
  <allocated-bytes non-tlh="2080" tlh="3911880" />
  <largest-consumer threadName="main" threadId="0000000000959F00" bytes="3913960" />
</allocation-stats>
<gc-op id="1567" type="scavenge" timems="3.259" contextid="1564" timestamp="2019-08-08T20:25:52.951">
  <scavenger-info tenureage="5" tenuremask="ffe0" tiltratio="72" />
  <memory-copied type="nursery" objects="15560" bytes="619696" bytesdiscarded="48288" />
  <references type="weak" candidates="92" cleared="0" enqueued="0" />
</gc-op>
<gc-end id="1568" type="scavenge" contextid="1564" durationms="3.741" usertimems="7.356" systemtimems="0.000" timestamp="2019-08-08T20:25:52.951" activeThreads="16">
  <mem-info id="1569" free="6038552" total="14155776" percent="42">
    <mem type="nursery" free="3919488" total="6029312" percent="65">
      <mem type="allocate" free="3919488" total="4587520" percent="85" />
      <mem type="survivor" free="0" total="1441792" percent="0" />
    </mem>
    <mem type="tenure" free="2119064" total="8126464" percent="26" macro-fragmented="1800196">
      <mem type="soa" free="2038168" total="8045568" percent="25" />
      <mem type="loa" free="80896" total="80896" percent="100" />
    </mem>
    <remembered-set count="1381" />
  </mem-info>
</gc-end>
<cycle-end id="1570" type="scavenge" contextid="1564" timestamp="2019-08-08T20:25:52.951" />
  <attribute name="elasticGC enabled" value="1" />
  <attribute name= "numThreadsSpecified" value="16" />
  <attribute name="heapSize specified" value="12648448" />
  <attribute name="Current GC Util" value="17" />
  <attribute name= "Current Time Running" value="120367" />
  <attribute name ="GC Interval" value="2153" />
  <attribute name="Target GC Util Change" value ="80.000000" />
  <attribute name="Current GC Util Change" value="17.000000"/>
  <attribute name="Current Error" value="257.000000" />
  <attribute name="Output H" value="14193768"/>
  <attribute name="Output I" value="2152"/>
  <attribute name="Output T" value="16"/>
  <attribute name= "Current Time Running" value="120367" />
  <attribute name="GC Util currently" value="17" />
  <attribute name="CPU Util currently" value="21428080358" />
<allocation-satisfied id="1571" threadId="0000000000959F00" bytesRequested="56" />
<af-end id="1572" timestamp="2019-08-08T20:25:52.951" threadId="000000000095A888" success="true" from="nursery"/>
<exclusive-end id="1573" timestamp="2019-08-08T20:25:52.951" durationms="3.989" />

<exclusive-start id="1574" timestamp="2019-08-08T20:25:53.032" intervalms="85.057">
  <response-info timems="0.041" idlems="0.041" threads="0" lastid="0000000000959F00" lastname="main" />
</exclusive-start>
<af-start id="1575" threadId="000000000095A888" totalBytesRequested="16392" timestamp="2019-08-08T20:25:53.032" intervalms="85.048" type="nursery" />
<cycle-start id="1576" type="scavenge" contextid="0" timestamp="2019-08-08T20:25:53.032" intervalms="85.044" />
<gc-start id="1577" type="scavenge" contextid="1576" timestamp="2019-08-08T20:25:53.032">
  <mem-info id="1578" free="2061608" total="14155776" percent="14">
    <mem type="nursery" free="0" total="6029312" percent="0">
      <mem type="allocate" free="0" total="4587520" percent="0" />
      <mem type="survivor" free="0" total="1441792" percent="0" />
    </mem>
    <mem type="tenure" free="2061608" total="8126464" percent="25">
      <mem type="soa" free="1980712" total="8045568" percent="24" />
      <mem type="loa" free="80896" total="80896" percent="100" />
    </mem>
    <remembered-set count="1984" />
  </mem-info>
</gc-start>
<allocation-stats totalBytes="3958240" >
  <allocated-bytes non-tlh="257520" tlh="3700720" />
  <largest-consumer threadName="main" threadId="0000000000959F00" bytes="3958240" />
</allocation-stats>
<gc-op id="1579" type="scavenge" timems="3.039" contextid="1576" timestamp="2019-08-08T20:25:53.035">
  <scavenger-info tenureage="4" tenuremask="fff0" tiltratio="76" />
  <memory-copied type="nursery" objects="16837" bytes="948000" bytesdiscarded="54544" />
  <references type="soft" candidates="224" cleared="0" enqueued="0" dynamicThreshold="23" maxThreshold="32" />
  <references type="weak" candidates="482" cleared="18" enqueued="12" />
  <references type="phantom" candidates="1" cleared="0" enqueued="0" />
</gc-op>
<gc-end id="1580" type="scavenge" contextid="1576" durationms="3.432" usertimems="8.005" systemtimems="0.000" timestamp="2019-08-08T20:25:53.036" activeThreads="16">
  <mem-info id="1581" free="5580800" total="14155776" percent="39">
    <mem type="nursery" free="3519192" total="6029312" percent="58">
      <mem type="allocate" free="3519192" total="4521984" percent="77" />
      <mem type="survivor" free="0" total="1507328" percent="0" />
    </mem>
    <mem type="tenure" free="2061608" total="8126464" percent="25" macro-fragmented="1800196">
      <mem type="soa" free="1980712" total="8045568" percent="24" />
      <mem type="loa" free="80896" total="80896" percent="100" />
    </mem>
    <pending-finalizers system="0" default="0" reference="12" classloader="0" />
    <remembered-set count="1922" />
  </mem-info>
</gc-end>
<cycle-end id="1582" type="scavenge" contextid="1576" timestamp="2019-08-08T20:25:53.036" />
  <attribute name="elasticGC enabled" value="1" />
  <attribute name= "numThreadsSpecified" value="16" />
  <attribute name="heapSize specified" value="12648448" />
  <attribute name="Current GC Util" value="7" />
  <attribute name= "Current Time Running" value="120452" />
  <attribute name ="GC Interval" value="2193" />
  <attribute name="Target GC Util Change" value ="80.000000" />
  <attribute name="Current GC Util Change" value="7.000000"/>
  <attribute name="Current Error" value="330.000000" />
  <attribute name="Output H" value="14193808"/>
  <attribute name="Output I" value="2192"/>
  <attribute name="Output T" value="16"/>
  <attribute name= "Current Time Running" value="120452" />
  <attribute name="GC Util currently" value="7" />
  <attribute name="CPU Util currently" value="13557372824" />
<allocation-satisfied id="1583" threadId="0000000000959F00" bytesRequested="16392" />
<af-end id="1584" timestamp="2019-08-08T20:25:53.036" threadId="000000000095A888" success="true" from="nursery"/>
<exclusive-end id="1585" timestamp="2019-08-08T20:25:53.036" durationms="3.645" />

<exclusive-start id="1586" timestamp="2019-08-08T20:25:53.066" intervalms="33.790">
  <response-info timems="0.021" idlems="0.021" threads="0" lastid="0000000000959F00" lastname="main" />
</exclusive-start>
<af-start id="1587" threadId="000000000095A888" totalBytesRequested="32" timestamp="2019-08-08T20:25:53.066" intervalms="33.801" type="nursery" />
<cycle-start id="1588" type="scavenge" contextid="0" timestamp="2019-08-08T20:25:53.066" intervalms="33.806" />
<gc-start id="1589" type="scavenge" contextid="1588" timestamp="2019-08-08T20:25:53.066">
  <mem-info id="1590" free="2061576" total="14155776" percent="14">
    <mem type="nursery" free="0" total="6029312" percent="0">
      <mem type="allocate" free="0" total="4521984" percent="0" />
      <mem type="survivor" free="0" total="1507328" percent="0" />
    </mem>
    <mem type="tenure" free="2061576" total="8126464" percent="25">
      <mem type="soa" free="1980680" total="8045568" percent="24" />
      <mem type="loa" free="80896" total="80896" percent="100" />
    </mem>
    <remembered-set count="1925" />
  </mem-info>
</gc-start>
<allocation-stats totalBytes="3518744" >
  <allocated-bytes non-tlh="81968" tlh="3436776" />
  <largest-consumer threadName="main" threadId="0000000000959F00" bytes="3514648" />
</allocation-stats>
<gc-op id="1591" type="scavenge" timems="2.997" contextid="1588" timestamp="2019-08-08T20:25:53.069">
  <scavenger-info tenureage="3" tenuremask="4018" tiltratio="75" />
  <memory-copied type="nursery" objects="18786" bytes="1106952" bytesdiscarded="47432" />
  <memory-copied type="tenure" objects="6966" bytes="271896" bytesdiscarded="304" />
  <references type="soft" candidates="224" cleared="0" enqueued="0" dynamicThreshold="23" maxThreshold="32" />
  <references type="weak" candidates="388" cleared="0" enqueued="0" />
  <references type="phantom" candidates="1" cleared="0" enqueued="0" />
</gc-op>
<heap-resize id="1592" type="expand" space="nursery" amount="393216" count="1" timems="0.017" reason="excessive time being spent scavenging" timestamp="2019-08-08T20:25:53.070" />
<gc-end id="1593" type="scavenge" contextid="1588" durationms="3.362" usertimems="8.299" systemtimems="0.000" timestamp="2019-08-08T20:25:53.070" activeThreads="16">
  <mem-info id="1594" free="5370368" total="14548992" percent="36">
    <mem type="nursery" free="3564064" total="6422528" percent="55">
      <mem type="allocate" free="3564064" total="4718592" percent="75" />
      <mem type="survivor" free="0" total="1703936" percent="0" />
    </mem>
    <mem type="tenure" free="1806304" total="8126464" percent="22" macro-fragmented="1041779">
      <mem type="soa" free="1725408" total="8045568" percent="21" />
      <mem type="loa" free="80896" total="80896" percent="100" />
    </mem>
    <remembered-set count="1364" />
  </mem-info>
</gc-end>
<cycle-end id="1595" type="scavenge" contextid="1588" timestamp="2019-08-08T20:25:53.070" />
  <attribute name="elasticGC enabled" value="1" />
  <attribute name= "numThreadsSpecified" value="16" />
  <attribute name="heapSize specified" value="12648448" />
  <attribute name="Current GC Util" value="23" />
  <attribute name= "Current Time Running" value="120485" />
  <attribute name ="GC Interval" value="2225" />
  <attribute name="Target GC Util Change" value ="80.000000" />
  <attribute name="Current GC Util Change" value="23.000000"/>
  <attribute name="Current Error" value="387.000000" />
  <attribute name="Output H" value="14193840"/>
  <attribute name="Output I" value="2224"/>
  <attribute name="Output T" value="16"/>
  <attribute name= "Current Time Running" value="120485" />
  <attribute name="GC Util currently" value="23" />
  <attribute name="CPU Util currently" value="34092115174" />
<allocation-satisfied id="1596" threadId="0000000000959F00" bytesRequested="32" />
<af-end id="1597" timestamp="2019-08-08T20:25:53.070" threadId="000000000095A888" success="true" from="nursery"/>
<exclusive-end id="1598" timestamp="2019-08-08T20:25:53.070" durationms="3.570" />

<exclusive-start id="1599" timestamp="2019-08-08T20:25:53.091" intervalms="25.205">
  <response-info timems="0.025" idlems="0.025" threads="0" lastid="0000000000959F00" lastname="main" />
</exclusive-start>
<af-start id="1600" threadId="000000000095A888" totalBytesRequested="48" timestamp="2019-08-08T20:25:53.091" intervalms="25.224" type="nursery" />
<cycle-start id="1601" type="scavenge" contextid="0" timestamp="2019-08-08T20:25:53.091" intervalms="25.221" />
<gc-start id="1602" type="scavenge" contextid="1601" timestamp="2019-08-08T20:25:53.091">
  <mem-info id="1603" free="1803752" total="14548992" percent="12">
    <mem type="nursery" free="0" total="6422528" percent="0">
      <mem type="allocate" free="0" total="4718592" percent="0" />
      <mem type="survivor" free="0" total="1703936" percent="0" />
    </mem>
    <mem type="tenure" free="1803752" total="8126464" percent="22">
      <mem type="soa" free="1722856" total="8045568" percent="21" />
      <mem type="loa" free="80896" total="80896" percent="100" />
    </mem>
    <remembered-set count="1395" />
  </mem-info>
</gc-start>
<allocation-stats totalBytes="3565976" >
  <allocated-bytes non-tlh="2584" tlh="3563392" />
  <largest-consumer threadName="main" threadId="0000000000959F00" bytes="3565976" />
</allocation-stats>
<gc-op id="1604" type="scavenge" timems="4.170" contextid="1601" timestamp="2019-08-08T20:25:53.096">
  <scavenger-info tenureage="3" tenuremask="4008" tiltratio="73" />
  <memory-copied type="nursery" objects="17832" bytes="812992" bytesdiscarded="134816" />
  <memory-copied type="tenure" objects="5083" bytes="202944" bytesdiscarded="440" />
  <references type="soft" candidates="224" cleared="0" enqueued="0" dynamicThreshold="23" maxThreshold="32" />
  <references type="weak" candidates="390" cleared="0" enqueued="0" />
</gc-op>
<heap-resize id="1605" type="expand" space="nursery" amount="524288" count="1" timems="0.017" reason="excessive time being spent scavenging" timestamp="2019-08-08T20:25:53.096" />
<gc-end id="1606" type="scavenge" contextid="1601" durationms="4.887" usertimems="9.738" systemtimems="0.000" timestamp="2019-08-08T20:25:53.096" activeThreads="16">
  <mem-info id="1607" free="5909832" total="15073280" percent="39">
    <mem type="nursery" free="4360488" total="6946816" percent="62">
      <mem type="allocate" free="4360488" total="5308416" percent="82" />
      <mem type="survivor" free="0" total="1638400" percent="0" />
    </mem>
    <mem type="tenure" free="1549344" total="8126464" percent="19" macro-fragmented="1041779">
      <mem type="soa" free="1468448" total="8045568" percent="18" />
      <mem type="loa" free="80896" total="80896" percent="100" />
    </mem>
    <remembered-set count="378" />
  </mem-info>
</gc-end>
<cycle-end id="1608" type="scavenge" contextid="1601" timestamp="2019-08-08T20:25:53.096" />
  <attribute name="elasticGC enabled" value="1" />
  <attribute name= "numThreadsSpecified" value="16" />
  <attribute name="heapSize specified" value="12648448" />
  <attribute name="Current GC Util" value="32" />
  <attribute name= "Current Time Running" value="120511" />
  <attribute name ="GC Interval" value="2033" />
  <attribute name="Target GC Util Change" value ="80.000000" />
  <attribute name="Current GC Util Change" value="32.000000"/>
  <attribute name="Current Error" value="48.000000" />
  <attribute name="Output H" value="14586864"/>
  <attribute name="Output I" value="2032"/>
  <attribute name="Output T" value="16"/>
  <attribute name= "Current Time Running" value="120511" />
  <attribute name="GC Util currently" value="32" />
  <attribute name="CPU Util currently" value="45716327942" />
<allocation-satisfied id="1609" threadId="0000000000959F00" bytesRequested="48" />
<af-end id="1610" timestamp="2019-08-08T20:25:53.096" threadId="000000000095A888" success="true" from="nursery"/>
<exclusive-end id="1611" timestamp="2019-08-08T20:25:53.096" durationms="5.108" />

<exclusive-start id="1612" timestamp="2019-08-08T20:25:53.173" intervalms="81.399">
  <response-info timems="0.045" idlems="0.045" threads="0" lastid="0000000000959F00" lastname="main" />
</exclusive-start>
<af-start id="1613" threadId="000000000095A888" totalBytesRequested="8200" timestamp="2019-08-08T20:25:53.173" intervalms="81.381" type="nursery" />
<cycle-start id="1614" type="scavenge" contextid="0" timestamp="2019-08-08T20:25:53.173" intervalms="81.426" />
<gc-start id="1615" type="scavenge" contextid="1614" timestamp="2019-08-08T20:25:53.173">
  <mem-info id="1616" free="1518280" total="15073280" percent="10">
    <mem type="nursery" free="0" total="6946816" percent="0">
      <mem type="allocate" free="0" total="5308416" percent="0" />
      <mem type="survivor" free="0" total="1638400" percent="0" />
    </mem>
    <mem type="tenure" free="1518280" total="8126464" percent="18">
      <mem type="soa" free="1437384" total="8045568" percent="17" />
      <mem type="loa" free="80896" total="80896" percent="100" />
    </mem>
    <remembered-set count="906" />
  </mem-info>
</gc-start>
<allocation-stats totalBytes="4386384" >
  <allocated-bytes non-tlh="231120" tlh="4155264" />
  <largest-consumer threadName="main" threadId="0000000000959F00" bytes="4386384" />
</allocation-stats>
<gc-op id="1617" type="scavenge" timems="2.709" contextid="1614" timestamp="2019-08-08T20:25:53.176">
  <scavenger-info tenureage="14" tenuremask="4000" tiltratio="76" />
  <memory-copied type="nursery" objects="9776" bytes="396936" bytesdiscarded="147080" />
  <references type="soft" candidates="545" cleared="0" enqueued="0" dynamicThreshold="23" maxThreshold="32" />
  <references type="weak" candidates="658" cleared="33" enqueued="25" />
  <references type="phantom" candidates="1" cleared="0" enqueued="0" />
</gc-op>
<gc-end id="1618" type="scavenge" contextid="1614" durationms="3.104" usertimems="5.507" systemtimems="0.000" timestamp="2019-08-08T20:25:53.176" activeThreads="16">
  <mem-info id="1619" free="6478832" total="15073280" percent="42">
    <mem type="nursery" free="4960552" total="6946816" percent="71">
      <mem type="allocate" free="4960552" total="5505024" percent="90" />
      <mem type="survivor" free="0" total="1441792" percent="0" />
    </mem>
    <mem type="tenure" free="1518280" total="8126464" percent="18" macro-fragmented="1041779">
      <mem type="soa" free="1437384" total="8045568" percent="17" />
      <mem type="loa" free="80896" total="80896" percent="100" />
    </mem>
    <pending-finalizers system="0" default="0" reference="25" classloader="0" />
    <remembered-set count="896" />
  </mem-info>
</gc-end>
<cycle-end id="1620" type="scavenge" contextid="1614" timestamp="2019-08-08T20:25:53.176" />
  <attribute name="elasticGC enabled" value="1" />
  <attribute name= "numThreadsSpecified" value="16" />
  <attribute name="heapSize specified" value="12648448" />
  <attribute name="Current GC Util" value="11" />
  <attribute name= "Current Time Running" value="120592" />
  <attribute name ="GC Interval" value="2073" />
  <attribute name="Target GC Util Change" value ="80.000000" />
  <attribute name="Current GC Util Change" value="11.000000"/>
  <attribute name="Current Error" value="117.000000" />
  <attribute name="Output H" value="15111192"/>
  <attribute name="Output I" value="2072"/>
  <attribute name="Output T" value="16"/>
  <attribute name= "Current Time Running" value="120592" />
  <attribute name="GC Util currently" value="11" />
  <attribute name="CPU Util currently" value="14160633304" />
<allocation-satisfied id="1621" threadId="0000000000959F00" bytesRequested="8200" />
<af-end id="1622" timestamp="2019-08-08T20:25:53.176" threadId="000000000095A888" success="true" from="nursery"/>
<exclusive-end id="1623" timestamp="2019-08-08T20:25:53.176" durationms="3.396" />

<exclusive-start id="1624" timestamp="2019-08-08T20:25:53.179" intervalms="6.211">
  <response-info timems="0.009" idlems="0.009" threads="0" lastid="0000000000959F00" lastname="main" />
</exclusive-start>
<sys-start reason="explicit" id="1625" timestamp="2019-08-08T20:25:53.179" intervalms="120365.532" />
<cycle-start id="1626" type="global" contextid="0" timestamp="2019-08-08T20:25:53.179" intervalms="1945.912" />
<gc-start id="1627" type="global" contextid="1626" timestamp="2019-08-08T20:25:53.179">
  <mem-info id="1628" free="6056296" total="15073280" percent="40">
    <mem type="nursery" free="4539352" total="6946816" percent="65">
      <mem type="allocate" free="4539352" total="5505024" percent="82" />
      <mem type="survivor" free="0" total="1441792" percent="0" />
    </mem>
    <mem type="tenure" free="1516944" total="8126464" percent="18">
      <mem type="soa" free="1436048" total="8045568" percent="17" />
      <mem type="loa" free="80896" total="80896" percent="100" />
    </mem>
    <remembered-set count="920" />
  </mem-info>
</gc-start>
<allocation-stats totalBytes="422040" >
  <allocated-bytes non-tlh="209544" tlh="212496" />
  <largest-consumer threadName="main" threadId="0000000000959F00" bytes="417944" />
</allocation-stats>
<gc-op id="1629" type="mark" timems="14.103" contextid="1626" timestamp="2019-08-08T20:25:53.193">
  <trace-info objectcount="75569" scancount="62962" scanbytes="2136980" />
  <finalization candidates="80" enqueued="0" />
  <ownableSynchronizers candidates="21" cleared="0" />
  <references type="soft" candidates="1630" cleared="0" enqueued="0" dynamicThreshold="23" maxThreshold="32" />
  <references type="weak" candidates="4604" cleared="244" enqueued="159" />
  <references type="phantom" candidates="74" cleared="1" enqueued="1" />
  <stringconstants candidates="10077" cleared="1394"  />
</gc-op>
<gc-op id="1630" type="classunload" timems="5.491" contextid="1626" timestamp="2019-08-08T20:25:53.199">
  <classunload-info classloadercandidates="18" classloadersunloaded="2" classesunloaded="509" anonymousclassesunloaded="0" quiescems="0.000" setupms="1.519" scanms="3.966" postms="0.006" />
</gc-op>
<gc-op id="1631" type="sweep" timems="3.452" contextid="1626" timestamp="2019-08-08T20:25:53.203" />
<mem-info id="1632" free="9011608" total="15073280" percent="59">
  <mem type="nursery" free="5154960" total="6946816" percent="74">
    <mem type="allocate" free="5154960" total="5505024" percent="93" />
    <mem type="survivor" free="0" total="1441792" percent="0" />
  </mem>
  <mem type="tenure" free="3856648" total="8126464" percent="47" micro-fragmented="66247" macro-fragmented="0">
    <mem type="soa" free="3775752" total="8045568" percent="46" />
    <mem type="loa" free="80896" total="80896" percent="100" />
  </mem>
  <pending-finalizers system="0" default="0" reference="160" classloader="0" />
  <remembered-set count="757" />
</mem-info>
<gc-op id="1633" type="compact" timems="23.988" contextid="1626" timestamp="2019-08-08T20:25:53.227">
  <compact-info movecount="69529" movebytes="4297112" reason="compact to aid heap contraction" />
</gc-op>
<heap-resize id="1634" type="expand" space="tenure" amount="65536" count="1" timems="0.024" reason="satisfy allocation request" timestamp="2019-08-08T20:25:53.231" />
<gc-end id="1635" type="global" contextid="1626" durationms="52.002" usertimems="86.669" systemtimems="0.000" timestamp="2019-08-08T20:25:53.231" activeThreads="16">
  <mem-info id="1636" free="9149144" total="15138816" percent="60">
    <mem type="nursery" free="5162088" total="6946816" percent="74">
      <mem type="allocate" free="5162088" total="5505024" percent="93" />
      <mem type="survivor" free="0" total="1441792" percent="0" />
    </mem>
    <mem type="tenure" free="3987056" total="8192000" percent="48">
      <mem type="soa" free="3905136" total="8110080" percent="48" />
      <mem type="loa" free="81920" total="81920" percent="100" />
    </mem>
    <pending-finalizers system="0" default="0" reference="160" classloader="0" />
    <remembered-set count="757" />
  </mem-info>
</gc-end>
<cycle-end id="1637" type="global" contextid="1626" timestamp="2019-08-08T20:25:53.232" />
  <attribute name="elasticGC enabled" value="1" />
  <attribute name= "numThreadsSpecified" value="16" />
  <attribute name="heapSize specified" value="15073280" />
  <attribute name="Current GC Util" value="101" />
  <attribute name= "Current Time Running" value="120646" />
  <attribute name ="GC Interval" value="2073" />
  <attribute name="Target GC Util Change" value ="80.000000" />
  <attribute name="Current GC Util Change" value="101.000000"/>
  <attribute name="Current Error" value="-28.000000" />
  <attribute name="Output H" value="15111104"/>
  <attribute name="Output I" value="1984"/>
  <attribute name="Output T" value="16"/>
  <attribute name= "Current Time Running" value="120646" />
  <attribute name="GC Util currently" value="101" />
  <attribute name="CPU Util currently" value="48018355798" />
<sys-end id="1638" timestamp="2019-08-08T20:25:53.232" />
<exclusive-end id="1639" timestamp="2019-08-08T20:25:53.232" durationms="52.968" />

===== DaCapo 9.12-MR1 jython starting =====
<exclusive-start id="1640" timestamp="2019-08-08T20:25:53.291" intervalms="112.532">
  <response-info timems="0.054" idlems="0.054" threads="0" lastid="0000000000959F00" lastname="main" />
</exclusive-start>
<af-start id="1641" threadId="000000000095A888" totalBytesRequested="32" timestamp="2019-08-08T20:25:53.291" intervalms="118.734" type="nursery" />
<cycle-start id="1642" type="scavenge" contextid="0" timestamp="2019-08-08T20:25:53.292" intervalms="118.686" />
<gc-start id="1643" type="scavenge" contextid="1642" timestamp="2019-08-08T20:25:53.292">
  <mem-info id="1644" free="3986216" total="15138816" percent="26">
    <mem type="nursery" free="0" total="6946816" percent="0">
      <mem type="allocate" free="0" total="5505024" percent="0" />
      <mem type="survivor" free="0" total="1441792" percent="0" />
    </mem>
    <mem type="tenure" free="3986216" total="8192000" percent="48">
      <mem type="soa" free="3904296" total="8110080" percent="48" />
      <mem type="loa" free="81920" total="81920" percent="100" />
    </mem>
    <remembered-set count="957" />
  </mem-info>
</gc-start>
<allocation-stats totalBytes="5162272" >
  <allocated-bytes non-tlh="561320" tlh="4600952" />
  <largest-consumer threadName="main" threadId="0000000000959F00" bytes="5149928" />
</allocation-stats>
<gc-op id="1645" type="scavenge" timems="3.137" contextid="1642" timestamp="2019-08-08T20:25:53.295">
  <scavenger-info tenureage="4" tenuremask="4010" tiltratio="79" />
  <memory-copied type="nursery" objects="17393" bytes="1341912" bytesdiscarded="99608" />
  <memory-copied type="tenure" objects="4709" bytes="163320" bytesdiscarded="104" />
  <copy-failed type="nursery" objects="202" bytes="7064" />
  <ownableSynchronizers candidates="42" cleared="42" />
  <references type="soft" candidates="323" cleared="0" enqueued="0" dynamicThreshold="15" maxThreshold="32" />
  <references type="weak" candidates="271" cleared="4" enqueued="4" />
  <references type="phantom" candidates="5" cleared="1" enqueued="1" />
</gc-op>
<gc-end id="1646" type="scavenge" contextid="1642" durationms="3.534" usertimems="11.825" systemtimems="0.000" timestamp="2019-08-08T20:25:53.295" activeThreads="16">
  <mem-info id="1647" free="6465064" total="15138816" percent="42">
    <mem type="nursery" free="2686976" total="6946816" percent="38">
      <mem type="allocate" free="2686976" total="4128768" percent="65" />
      <mem type="survivor" free="0" total="2818048" percent="0" />
    </mem>
    <mem type="tenure" free="3778088" total="8192000" percent="46" macro-fragmented="3110739">
      <mem type="soa" free="3696168" total="8110080" percent="45" />
      <mem type="loa" free="81920" total="81920" percent="100" />
    </mem>
    <pending-finalizers system="0" default="0" reference="5" classloader="0" />
    <remembered-set count="895" />
  </mem-info>
</gc-end>
<cycle-end id="1648" type="scavenge" contextid="1642" timestamp="2019-08-08T20:25:53.295" />
  <attribute name="elasticGC enabled" value="1" />
  <attribute name= "numThreadsSpecified" value="16" />
  <attribute name="heapSize specified" value="15073280" />
  <attribute name="Current GC Util" value="47" />
  <attribute name= "Current Time Running" value="120711" />
  <attribute name ="GC Interval" value="2025" />
  <attribute name="Target GC Util Change" value ="80.000000" />
  <attribute name="Current GC Util Change" value="47.000000"/>
  <attribute name="Current Error" value="33.000000" />
  <attribute name="Output H" value="15176680"/>
  <attribute name="Output I" value="2024"/>
  <attribute name="Output T" value="16"/>
  <attribute name= "Current Time Running" value="120711" />
  <attribute name="GC Util currently" value="47" />
  <attribute name="CPU Util currently" value="17824971228" />
<allocation-satisfied id="1649" threadId="0000000000959F00" bytesRequested="32" />
<af-end id="1650" timestamp="2019-08-08T20:25:53.295" threadId="000000000095A888" success="true" from="nursery"/>
<exclusive-end id="1651" timestamp="2019-08-08T20:25:53.295" durationms="3.765" />

<exclusive-start id="1652" timestamp="2019-08-08T20:25:53.309" intervalms="17.769">
  <response-info timems="0.017" idlems="0.017" threads="0" lastid="0000000000959F00" lastname="main" />
</exclusive-start>
<af-start id="1653" threadId="000000000095A888" totalBytesRequested="32" timestamp="2019-08-08T20:25:53.309" intervalms="17.775" type="nursery" />
<cycle-start id="1654" type="scavenge" contextid="0" timestamp="2019-08-08T20:25:53.309" intervalms="17.775" />
<gc-start id="1655" type="scavenge" contextid="1654" timestamp="2019-08-08T20:25:53.309">
  <mem-info id="1656" free="3778088" total="15138816" percent="24">
    <mem type="nursery" free="0" total="6946816" percent="0">
      <mem type="allocate" free="0" total="4128768" percent="0" />
      <mem type="survivor" free="0" total="2818048" percent="0" />
    </mem>
    <mem type="tenure" free="3778088" total="8192000" percent="46">
      <mem type="soa" free="3696168" total="8110080" percent="45" />
      <mem type="loa" free="81920" total="81920" percent="100" />
    </mem>
    <remembered-set count="896" />
  </mem-info>
</gc-start>
<allocation-stats totalBytes="2686544" >
  <allocated-bytes non-tlh="32" tlh="2686512" />
  <largest-consumer threadName="main" threadId="0000000000959F00" bytes="2686544" />
</allocation-stats>
<gc-op id="1657" type="scavenge" timems="3.395" contextid="1654" timestamp="2019-08-08T20:25:53.313">
  <scavenger-info tenureage="13" tenuremask="6000" tiltratio="59" />
  <memory-copied type="nursery" objects="21873" bytes="1507056" bytesdiscarded="191016" />
  <references type="soft" candidates="323" cleared="0" enqueued="0" dynamicThreshold="15" maxThreshold="32" />
  <references type="weak" candidates="267" cleared="0" enqueued="0" />
  <references type="phantom" candidates="4" cleared="0" enqueued="0" />
</gc-op>
<heap-resize id="1658" type="expand" space="nursery" amount="655360" count="1" timems="0.020" reason="excessive time being spent scavenging" timestamp="2019-08-08T20:25:53.313" />
<gc-end id="1659" type="scavenge" contextid="1654" durationms="3.931" usertimems="8.799" systemtimems="0.000" timestamp="2019-08-08T20:25:53.313" activeThreads="16">
  <mem-info id="1660" free="7257088" total="15794176" percent="45">
    <mem type="nursery" free="3479000" total="7602176" percent="45">
      <mem type="allocate" free="3479000" total="5177344" percent="67" />
      <mem type="survivor" free="0" total="2424832" percent="0" />
    </mem>
    <mem type="tenure" free="3778088" total="8192000" percent="46" macro-fragmented="3110739">
      <mem type="soa" free="3696168" total="8110080" percent="45" />
      <mem type="loa" free="81920" total="81920" percent="100" />
    </mem>
    <remembered-set count="498" />
  </mem-info>
</gc-end>
<cycle-end id="1661" type="scavenge" contextid="1654" timestamp="2019-08-08T20:25:53.313" />
  <attribute name="elasticGC enabled" value="1" />
  <attribute name= "numThreadsSpecified" value="16" />
  <attribute name="heapSize specified" value="15073280" />
  <attribute name="Current GC Util" value="48" />
  <attribute name= "Current Time Running" value="120728" />
  <attribute name ="GC Interval" value="2041" />
  <attribute name="Target GC Util Change" value ="80.000000" />
  <attribute name="Current GC Util Change" value="48.000000"/>
  <attribute name="Current Error" value="65.000000" />
  <attribute name="Output H" value="15176696"/>
  <attribute name="Output I" value="2040"/>
  <attribute name="Output T" value="16"/>
  <attribute name= "Current Time Running" value="120728" />
  <attribute name="GC Util currently" value="48" />
  <attribute name="CPU Util currently" value="64946572635" />
<allocation-satisfied id="1662" threadId="0000000000959F00" bytesRequested="32" />
<af-end id="1663" timestamp="2019-08-08T20:25:53.313" threadId="000000000095A888" success="true" from="nursery"/>
<exclusive-end id="1664" timestamp="2019-08-08T20:25:53.313" durationms="4.144" />

<exclusive-start id="1665" timestamp="2019-08-08T20:25:53.328" intervalms="18.676">
  <response-info timems="0.016" idlems="0.016" threads="0" lastid="0000000000959F00" lastname="main" />
</exclusive-start>
<af-start id="1666" threadId="000000000095A888" totalBytesRequested="32" timestamp="2019-08-08T20:25:53.328" intervalms="18.668" type="nursery" />
<cycle-start id="1667" type="scavenge" contextid="0" timestamp="2019-08-08T20:25:53.328" intervalms="18.668" />
<gc-start id="1668" type="scavenge" contextid="1667" timestamp="2019-08-08T20:25:53.328">
  <mem-info id="1669" free="3778088" total="15794176" percent="23">
    <mem type="nursery" free="0" total="7602176" percent="0">
      <mem type="allocate" free="0" total="5177344" percent="0" />
      <mem type="survivor" free="0" total="2424832" percent="0" />
    </mem>
    <mem type="tenure" free="3778088" total="8192000" percent="46">
      <mem type="soa" free="3696168" total="8110080" percent="45" />
      <mem type="loa" free="81920" total="81920" percent="100" />
    </mem>
    <remembered-set count="498" />
  </mem-info>
</gc-start>
<allocation-stats totalBytes="3478584" >
  <allocated-bytes non-tlh="32" tlh="3478552" />
  <largest-consumer threadName="main" threadId="0000000000959F00" bytes="3478584" />
</allocation-stats>
<gc-op id="1670" type="scavenge" timems="2.610" contextid="1667" timestamp="2019-08-08T20:25:53.331">
  <scavenger-info tenureage="2" tenuremask="600c" tiltratio="68" />
  <memory-copied type="nursery" objects="9412" bytes="348768" bytesdiscarded="207256" />
  <memory-copied type="tenure" objects="17137" bytes="1331464" bytesdiscarded="832" />
  <references type="weak" candidates="18" cleared="0" enqueued="0" />
</gc-op>
<heap-resize id="1671" type="expand" space="nursery" amount="393216" count="1" timems="0.023" reason="excessive time being spent scavenging" timestamp="2019-08-08T20:25:53.331" />
<gc-end id="1672" type="scavenge" contextid="1667" durationms="3.114" usertimems="7.580" systemtimems="0.000" timestamp="2019-08-08T20:25:53.331" activeThreads="16">
  <mem-info id="1673" free="7502280" total="16187392" percent="46">
    <mem type="nursery" free="5211136" total="7995392" percent="65">
      <mem type="allocate" free="5211136" total="5767168" percent="90" />
      <mem type="survivor" free="0" total="2228224" percent="0" />
    </mem>
    <mem type="tenure" free="2291144" total="8192000" percent="27" macro-fragmented="1800196">
      <mem type="soa" free="2209224" total="8110080" percent="27" />
      <mem type="loa" free="81920" total="81920" percent="100" />
    </mem>
    <remembered-set count="1069" />
  </mem-info>
</gc-end>
<cycle-end id="1674" type="scavenge" contextid="1667" timestamp="2019-08-08T20:25:53.331" />
  <attribute name="elasticGC enabled" value="1" />
  <attribute name= "numThreadsSpecified" value="16" />
  <attribute name="heapSize specified" value="15073280" />
  <attribute name="Current GC Util" value="46" />
  <attribute name= "Current Time Running" value="120747" />
  <attribute name ="GC Interval" value="2065" />
  <attribute name="Target GC Util Change" value ="80.000000" />
  <attribute name="Current GC Util Change" value="46.000000"/>
  <attribute name="Current Error" value="99.000000" />
  <attribute name="Output H" value="15832080"/>
  <attribute name="Output I" value="2064"/>
  <attribute name="Output T" value="16"/>
  <attribute name= "Current Time Running" value="120747" />
  <attribute name="GC Util currently" value="46" />
  <attribute name="CPU Util currently" value="61635681299" />
<allocation-satisfied id="1675" threadId="0000000000959F00" bytesRequested="32" />
<af-end id="1676" timestamp="2019-08-08T20:25:53.331" threadId="000000000095A888" success="true" from="nursery"/>
<exclusive-end id="1677" timestamp="2019-08-08T20:25:53.331" durationms="3.354" />

<exclusive-start id="1678" timestamp="2019-08-08T20:25:53.404" intervalms="76.468">
  <response-info timems="0.088" idlems="0.088" threads="0" lastid="0000000000959F00" lastname="main" />
</exclusive-start>
<af-start id="1679" threadId="000000000095A888" totalBytesRequested="8200" timestamp="2019-08-08T20:25:53.404" intervalms="76.481" type="nursery" />
<cycle-start id="1680" type="scavenge" contextid="0" timestamp="2019-08-08T20:25:53.404" intervalms="76.489" />
<gc-start id="1681" type="scavenge" contextid="1680" timestamp="2019-08-08T20:25:53.405">
  <mem-info id="1682" free="2149488" total="16187392" percent="13">
    <mem type="nursery" free="0" total="7995392" percent="0">
      <mem type="allocate" free="0" total="5767168" percent="0" />
      <mem type="survivor" free="0" total="2228224" percent="0" />
    </mem>
    <mem type="tenure" free="2149488" total="8192000" percent="26">
      <mem type="soa" free="2067568" total="8110080" percent="25" />
      <mem type="loa" free="81920" total="81920" percent="100" />
    </mem>
    <remembered-set count="3678" />
  </mem-info>
</gc-start>
<allocation-stats totalBytes="5321464" >
  <allocated-bytes non-tlh="141688" tlh="5179776" />
  <largest-consumer threadName="main" threadId="0000000000959F00" bytes="5321464" />
</allocation-stats>
<gc-op id="1683" type="scavenge" timems="5.734" contextid="1680" timestamp="2019-08-08T20:25:53.410">
  <scavenger-info tenureage="14" tenuremask="4000" tiltratio="72" />
  <memory-copied type="nursery" objects="18048" bytes="708928" bytesdiscarded="152104" />
  <references type="soft" candidates="57" cleared="0" enqueued="0" dynamicThreshold="15" maxThreshold="32" />
  <references type="weak" candidates="141" cleared="29" enqueued="20" />
  <references type="phantom" candidates="1" cleared="0" enqueued="0" />
</gc-op>
<gc-end id="1684" type="scavenge" contextid="1680" durationms="6.193" usertimems="15.848" systemtimems="0.000" timestamp="2019-08-08T20:25:53.411" activeThreads="16">
  <mem-info id="1685" free="7317640" total="16187392" percent="45">
    <mem type="nursery" free="5168152" total="7995392" percent="64">
      <mem type="allocate" free="5168152" total="6029312" percent="85" />
      <mem type="survivor" free="0" total="1966080" percent="0" />
    </mem>
    <mem type="tenure" free="2149488" total="8192000" percent="26" macro-fragmented="1800196">
      <mem type="soa" free="2067568" total="8110080" percent="25" />
      <mem type="loa" free="81920" total="81920" percent="100" />
    </mem>
    <pending-finalizers system="0" default="0" reference="20" classloader="0" />
    <remembered-set count="3666" />
  </mem-info>
</gc-end>
<cycle-end id="1686" type="scavenge" contextid="1680" timestamp="2019-08-08T20:25:53.411" />
  <attribute name="elasticGC enabled" value="1" />
  <attribute name= "numThreadsSpecified" value="16" />
  <attribute name="heapSize specified" value="15073280" />
  <attribute name="Current GC Util" value="9" />
  <attribute name= "Current Time Running" value="120824" />
  <attribute name ="GC Interval" value="2105" />
  <attribute name="Target GC Util Change" value ="80.000000" />
  <attribute name="Current GC Util Change" value="9.000000"/>
  <attribute name="Current Error" value="170.000000" />
  <attribute name="Output H" value="16225336"/>
  <attribute name="Output I" value="2104"/>
  <attribute name="Output T" value="16"/>
  <attribute name= "Current Time Running" value="120824" />
  <attribute name="GC Util currently" value="9" />
  <attribute name="CPU Util currently" value="15069569849" />
<allocation-satisfied id="1687" threadId="0000000000959F00" bytesRequested="8200" />
<af-end id="1688" timestamp="2019-08-08T20:25:53.411" threadId="000000000095A888" success="true" from="nursery"/>
<exclusive-end id="1689" timestamp="2019-08-08T20:25:53.411" durationms="6.439" />

<exclusive-start id="1690" timestamp="2019-08-08T20:25:53.448" intervalms="44.108">
  <response-info timems="0.018" idlems="0.018" threads="0" lastid="0000000000959F00" lastname="main" />
</exclusive-start>
<af-start id="1691" threadId="000000000095A888" totalBytesRequested="48" timestamp="2019-08-08T20:25:53.449" intervalms="44.115" type="nursery" />
<cycle-start id="1692" type="scavenge" contextid="0" timestamp="2019-08-08T20:25:53.449" intervalms="44.115" />
<gc-start id="1693" type="scavenge" contextid="1692" timestamp="2019-08-08T20:25:53.449">
  <mem-info id="1694" free="2149488" total="16187392" percent="13">
    <mem type="nursery" free="0" total="7995392" percent="0">
      <mem type="allocate" free="0" total="6029312" percent="0" />
      <mem type="survivor" free="0" total="1966080" percent="0" />
    </mem>
    <mem type="tenure" free="2149488" total="8192000" percent="26">
      <mem type="soa" free="2067568" total="8110080" percent="25" />
      <mem type="loa" free="81920" total="81920" percent="100" />
    </mem>
    <remembered-set count="3668" />
  </mem-info>
</gc-start>
<allocation-stats totalBytes="5167520" >
  <allocated-bytes non-tlh="273752" tlh="4893768" />
  <largest-consumer threadName="main" threadId="0000000000959F00" bytes="5163424" />
</allocation-stats>
<gc-op id="1695" type="scavenge" timems="5.295" contextid="1692" timestamp="2019-08-08T20:25:53.454">
  <scavenger-info tenureage="14" tenuremask="4000" tiltratio="75" />
  <memory-copied type="nursery" objects="27388" bytes="1160264" bytesdiscarded="48736" />
  <references type="soft" candidates="57" cleared="0" enqueued="0" dynamicThreshold="15" maxThreshold="32" />
  <references type="weak" candidates="112" cleared="0" enqueued="0" />
</gc-op>
<heap-resize id="1696" type="expand" space="nursery" amount="655360" count="1" timems="0.020" reason="excessive time being spent scavenging" timestamp="2019-08-08T20:25:53.454" />
<gc-end id="1697" type="scavenge" contextid="1692" durationms="5.810" usertimems="11.333" systemtimems="0.000" timestamp="2019-08-08T20:25:53.454" activeThreads="16">
  <mem-info id="1698" free="7428472" total="16842752" percent="44">
    <mem type="nursery" free="5278984" total="8650752" percent="61">
      <mem type="allocate" free="5278984" total="6488064" percent="81" />
      <mem type="survivor" free="0" total="2162688" percent="0" />
    </mem>
    <mem type="tenure" free="2149488" total="8192000" percent="26" macro-fragmented="1500163">
      <mem type="soa" free="2067568" total="8110080" percent="25" />
      <mem type="loa" free="81920" total="81920" percent="100" />
    </mem>
    <remembered-set count="3652" />
  </mem-info>
</gc-end>
<cycle-end id="1699" type="scavenge" contextid="1692" timestamp="2019-08-08T20:25:53.454" />
  <attribute name="elasticGC enabled" value="1" />
  <attribute name= "numThreadsSpecified" value="16" />
  <attribute name="heapSize specified" value="15073280" />
  <attribute name="Current GC Util" value="22" />
  <attribute name= "Current Time Running" value="120868" />
  <attribute name ="GC Interval" value="2137" />
  <attribute name="Target GC Util Change" value ="80.000000" />
  <attribute name="Current GC Util Change" value="22.000000"/>
  <attribute name="Current Error" value="228.000000" />
  <attribute name="Output H" value="16225368"/>
  <attribute name="Output I" value="2136"/>
  <attribute name="Output T" value="16"/>
  <attribute name= "Current Time Running" value="120868" />
  <attribute name="GC Util currently" value="22" />
  <attribute name="CPU Util currently" value="26150347551" />
<allocation-satisfied id="1700" threadId="0000000000959F00" bytesRequested="48" />
<af-end id="1701" timestamp="2019-08-08T20:25:53.455" threadId="000000000095A888" success="true" from="nursery"/>
<exclusive-end id="1702" timestamp="2019-08-08T20:25:53.455" durationms="6.068" />

<exclusive-start id="1703" timestamp="2019-08-08T20:25:53.516" intervalms="67.756">
  <response-info timems="0.044" idlems="0.044" threads="0" lastid="0000000000959F00" lastname="main" />
</exclusive-start>
<af-start id="1704" threadId="000000000095A888" totalBytesRequested="32" timestamp="2019-08-08T20:25:53.516" intervalms="67.736" type="nursery" />
<cycle-start id="1705" type="scavenge" contextid="0" timestamp="2019-08-08T20:25:53.516" intervalms="67.727" />
<gc-start id="1706" type="scavenge" contextid="1705" timestamp="2019-08-08T20:25:53.516">
  <mem-info id="1707" free="2129856" total="16842752" percent="12">
    <mem type="nursery" free="0" total="8650752" percent="0">
      <mem type="allocate" free="0" total="6488064" percent="0" />
      <mem type="survivor" free="0" total="2162688" percent="0" />
    </mem>
    <mem type="tenure" free="2129856" total="8192000" percent="25">
      <mem type="soa" free="2047936" total="8110080" percent="25" />
      <mem type="loa" free="81920" total="81920" percent="100" />
    </mem>
    <remembered-set count="3770" />
  </mem-info>
</gc-start>
<allocation-stats totalBytes="5297976" >
  <allocated-bytes non-tlh="219688" tlh="5078288" />
  <largest-consumer threadName="main" threadId="0000000000959F00" bytes="5297976" />
</allocation-stats>
<gc-op id="1708" type="scavenge" timems="4.100" contextid="1705" timestamp="2019-08-08T20:25:53.520">
  <scavenger-info tenureage="2" tenuremask="401c" tiltratio="75" />
  <memory-copied type="nursery" objects="6910" bytes="578400" bytesdiscarded="152752" />
  <memory-copied type="tenure" objects="17930" bytes="703160" bytesdiscarded="952" />
  <references type="soft" candidates="32" cleared="0" enqueued="0" dynamicThreshold="15" maxThreshold="32" />
  <references type="weak" candidates="26" cleared="2" enqueued="2" />
  <references type="phantom" candidates="1" cleared="0" enqueued="0" />
</gc-op>
<gc-end id="1709" type="scavenge" contextid="1705" durationms="4.596" usertimems="13.272" systemtimems="0.000" timestamp="2019-08-08T20:25:53.521" activeThreads="16">
  <mem-info id="1710" free="7574120" total="16842752" percent="44">
    <mem type="nursery" free="6084528" total="8650752" percent="70">
      <mem type="allocate" free="6084528" total="6815744" percent="89" />
      <mem type="survivor" free="0" total="1835008" percent="0" />
    </mem>
    <mem type="tenure" free="1489592" total="8192000" percent="18" macro-fragmented="0">
      <mem type="soa" free="1407672" total="8110080" percent="17" />
      <mem type="loa" free="81920" total="81920" percent="100" />
    </mem>
    <pending-finalizers system="0" default="0" reference="2" classloader="0" />
    <remembered-set count="238" />
  </mem-info>
</gc-end>
<cycle-end id="1711" type="scavenge" contextid="1705" timestamp="2019-08-08T20:25:53.521" />
  <attribute name="elasticGC enabled" value="1" />
  <attribute name= "numThreadsSpecified" value="16" />
  <attribute name="heapSize specified" value="15073280" />
  <attribute name="Current GC Util" value="16" />
  <attribute name= "Current Time Running" value="120935" />
  <attribute name ="GC Interval" value="2169" />
  <attribute name="Target GC Util Change" value ="80.000000" />
  <attribute name="Current GC Util Change" value="16.000000"/>
  <attribute name="Current Error" value="292.000000" />
  <attribute name="Output H" value="16880760"/>
  <attribute name="Output I" value="2168"/>
  <attribute name="Output T" value="16"/>
  <attribute name= "Current Time Running" value="120935" />
  <attribute name="GC Util currently" value="16" />
  <attribute name="CPU Util currently" value="17026175161" />
<allocation-satisfied id="1712" threadId="0000000000959F00" bytesRequested="32" />
<af-end id="1713" timestamp="2019-08-08T20:25:53.521" threadId="000000000095A888" success="true" from="nursery"/>
<exclusive-end id="1714" timestamp="2019-08-08T20:25:53.521" durationms="4.978" />

<exclusive-start id="1715" timestamp="2019-08-08T20:25:53.572" intervalms="55.300">
  <response-info timems="0.050" idlems="0.050" threads="0" lastid="0000000000959F00" lastname="main" />
</exclusive-start>
<af-start id="1716" threadId="000000000095A888" totalBytesRequested="32" timestamp="2019-08-08T20:25:53.572" intervalms="55.307" type="nursery" />
<cycle-start id="1717" type="scavenge" contextid="0" timestamp="2019-08-08T20:25:53.572" intervalms="55.310" />
<gc-start id="1718" type="scavenge" contextid="1717" timestamp="2019-08-08T20:25:53.572">
  <mem-info id="1719" free="1471872" total="16842752" percent="8">
    <mem type="nursery" free="0" total="8650752" percent="0">
      <mem type="allocate" free="0" total="6815744" percent="0" />
      <mem type="survivor" free="0" total="1835008" percent="0" />
    </mem>
    <mem type="tenure" free="1471872" total="8192000" percent="17">
      <mem type="soa" free="1389952" total="8110080" percent="17" />
      <mem type="loa" free="81920" total="81920" percent="100" />
    </mem>
    <remembered-set count="328" />
  </mem-info>
</gc-start>
<allocation-stats totalBytes="6101120" >
  <allocated-bytes non-tlh="217760" tlh="5883360" />
  <largest-consumer threadName="main" threadId="0000000000959F00" bytes="6097024" />
</allocation-stats>
<gc-op id="1720" type="scavenge" timems="3.595" contextid="1717" timestamp="2019-08-08T20:25:53.575">
  <scavenger-info tenureage="14" tenuremask="4000" tiltratio="78" />
  <memory-copied type="nursery" objects="8996" bytes="739776" bytesdiscarded="135976" />
  <references type="soft" candidates="33" cleared="0" enqueued="0" dynamicThreshold="15" maxThreshold="32" />
  <references type="weak" candidates="42" cleared="0" enqueued="0" />
  <references type="phantom" candidates="1" cleared="0" enqueued="0" />
</gc-op>
<gc-end id="1721" type="scavenge" contextid="1717" durationms="4.173" usertimems="5.993" systemtimems="0.000" timestamp="2019-08-08T20:25:53.576" activeThreads="16">
  <mem-info id="1722" free="7542832" total="16842752" percent="44">
    <mem type="nursery" free="6070960" total="8650752" percent="70">
      <mem type="allocate" free="6070960" total="6946816" percent="87" />
      <mem type="survivor" free="0" total="1703936" percent="0" />
    </mem>
    <mem type="tenure" free="1471872" total="8192000" percent="17" macro-fragmented="0">
      <mem type="soa" free="1389952" total="8110080" percent="17" />
      <mem type="loa" free="81920" total="81920" percent="100" />
    </mem>
    <remembered-set count="322" />
  </mem-info>
</gc-end>
<cycle-end id="1723" type="scavenge" contextid="1717" timestamp="2019-08-08T20:25:53.576" />
  <attribute name="elasticGC enabled" value="1" />
  <attribute name= "numThreadsSpecified" value="16" />
  <attribute name="heapSize specified" value="15073280" />
  <attribute name="Current GC Util" value="16" />
  <attribute name= "Current Time Running" value="120991" />
  <attribute name ="GC Interval" value="2041" />
  <attribute name="Target GC Util Change" value ="80.000000" />
  <attribute name="Current GC Util Change" value="16.000000"/>
  <attribute name="Current Error" value="64.000000" />
  <attribute name="Output H" value="16880632"/>
  <attribute name="Output I" value="2040"/>
  <attribute name="Output T" value="16"/>
  <attribute name= "Current Time Running" value="120991" />
  <attribute name="GC Util currently" value="16" />
  <attribute name="CPU Util currently" value="20837501793" />
<allocation-satisfied id="1724" threadId="0000000000959F00" bytesRequested="32" />
<af-end id="1725" timestamp="2019-08-08T20:25:53.576" threadId="000000000095A888" success="true" from="nursery"/>
<exclusive-end id="1726" timestamp="2019-08-08T20:25:53.576" durationms="4.407" />

<exclusive-start id="1727" timestamp="2019-08-08T20:25:53.591" intervalms="19.391">
  <response-info timems="0.069" idlems="0.069" threads="0" lastid="0000000000959F00" lastname="main" />
</exclusive-start>
<af-start id="1728" threadId="000000000095A888" totalBytesRequested="40" timestamp="2019-08-08T20:25:53.591" intervalms="19.390" type="nursery" />
<cycle-start id="1729" type="scavenge" contextid="0" timestamp="2019-08-08T20:25:53.591" intervalms="19.396" />
<gc-start id="1730" type="scavenge" contextid="1729" timestamp="2019-08-08T20:25:53.591">
  <mem-info id="1731" free="1471872" total="16842752" percent="8">
    <mem type="nursery" free="0" total="8650752" percent="0">
      <mem type="allocate" free="0" total="6946816" percent="0" />
      <mem type="survivor" free="0" total="1703936" percent="0" />
    </mem>
    <mem type="tenure" free="1471872" total="8192000" percent="17">
      <mem type="soa" free="1389952" total="8110080" percent="17" />
      <mem type="loa" free="81920" total="81920" percent="100" />
    </mem>
    <remembered-set count="322" />
  </mem-info>
</gc-start>
<allocation-stats totalBytes="6070264" >
  <allocated-bytes non-tlh="32" tlh="6070232" />
  <largest-consumer threadName="main" threadId="0000000000959F00" bytes="6070264" />
</allocation-stats>
<gc-op id="1732" type="scavenge" timems="3.738" contextid="1729" timestamp="2019-08-08T20:25:53.595">
  <scavenger-info tenureage="14" tenuremask="4000" tiltratio="80" />
  <memory-copied type="nursery" objects="13647" bytes="915088" bytesdiscarded="84320" />
  <references type="soft" candidates="33" cleared="0" enqueued="0" dynamicThreshold="15" maxThreshold="32" />
  <references type="weak" candidates="42" cleared="0" enqueued="0" />
  <references type="phantom" candidates="1" cleared="0" enqueued="0" />
</gc-op>
<heap-resize id="1733" type="expand" space="nursery" amount="1048576" count="1" timems="0.016" reason="excessive time being spent scavenging" timestamp="2019-08-08T20:25:53.595" />
<gc-end id="1734" type="scavenge" contextid="1729" durationms="4.279" usertimems="6.801" systemtimems="0.000" timestamp="2019-08-08T20:25:53.595" activeThreads="16">
  <mem-info id="1735" free="8336688" total="17891328" percent="46">
    <mem type="nursery" free="6864816" total="9699328" percent="70">
      <mem type="allocate" free="6864816" total="7864320" percent="87" />
      <mem type="survivor" free="0" total="1835008" percent="0" />
    </mem>
    <mem type="tenure" free="1471872" total="8192000" percent="17" macro-fragmented="0">
      <mem type="soa" free="1389952" total="8110080" percent="17" />
      <mem type="loa" free="81920" total="81920" percent="100" />
    </mem>
    <remembered-set count="213" />
  </mem-info>
</gc-end>
<cycle-end id="1736" type="scavenge" contextid="1729" timestamp="2019-08-08T20:25:53.595" />
  <attribute name="elasticGC enabled" value="1" />
  <attribute name= "numThreadsSpecified" value="16" />
  <attribute name="heapSize specified" value="15073280" />
  <attribute name="Current GC Util" value="30" />
  <attribute name= "Current Time Running" value="121010" />
  <attribute name ="GC Interval" value="2073" />
  <attribute name="Target GC Util Change" value ="80.000000" />
  <attribute name="Current GC Util Change" value="30.000000"/>
  <attribute name="Current Error" value="114.000000" />
  <attribute name="Output H" value="16880664"/>
  <attribute name="Output I" value="2072"/>
  <attribute name="Output T" value="16"/>
  <attribute name= "Current Time Running" value="121010" />
  <attribute name="GC Util currently" value="30" />
  <attribute name="CPU Util currently" value="59507090336" />
<allocation-satisfied id="1737" threadId="0000000000959F00" bytesRequested="40" />
<af-end id="1738" timestamp="2019-08-08T20:25:53.595" threadId="000000000095A888" success="true" from="nursery"/>
<exclusive-end id="1739" timestamp="2019-08-08T20:25:53.595" durationms="4.505" />

<exclusive-start id="1740" timestamp="2019-08-08T20:25:53.626" intervalms="35.572">
  <response-info timems="0.050" idlems="0.050" threads="0" lastid="0000000000959F00" lastname="main" />
</exclusive-start>
<af-start id="1741" threadId="000000000095A888" totalBytesRequested="56" timestamp="2019-08-08T20:25:53.627" intervalms="35.574" type="nursery" />
<cycle-start id="1742" type="scavenge" contextid="0" timestamp="2019-08-08T20:25:53.627" intervalms="35.573" />
<gc-start id="1743" type="scavenge" contextid="1742" timestamp="2019-08-08T20:25:53.627">
  <mem-info id="1744" free="1471704" total="17891328" percent="8">
    <mem type="nursery" free="0" total="9699328" percent="0">
      <mem type="allocate" free="0" total="7864320" percent="0" />
      <mem type="survivor" free="0" total="1835008" percent="0" />
    </mem>
    <mem type="tenure" free="1471704" total="8192000" percent="17">
      <mem type="soa" free="1389784" total="8110080" percent="17" />
      <mem type="loa" free="81920" total="81920" percent="100" />
    </mem>
    <remembered-set count="215" />
  </mem-info>
</gc-start>
<allocation-stats totalBytes="6864392" >
  <allocated-bytes non-tlh="208" tlh="6864184" />
  <largest-consumer threadName="main" threadId="0000000000959F00" bytes="6864392" />
</allocation-stats>
<gc-op id="1745" type="scavenge" timems="2.646" contextid="1742" timestamp="2019-08-08T20:25:53.629">
  <scavenger-info tenureage="10" tenuremask="4c00" tiltratio="81" />
  <memory-copied type="nursery" objects="17067" bytes="753368" bytesdiscarded="66296" />
  <memory-copied type="tenure" objects="66" bytes="4008" bytesdiscarded="0" />
  <references type="soft" candidates="33" cleared="0" enqueued="0" dynamicThreshold="15" maxThreshold="32" />
  <references type="weak" candidates="24" cleared="0" enqueued="0" />
</gc-op>
<gc-end id="1746" type="scavenge" contextid="1742" durationms="3.034" usertimems="5.926" systemtimems="0.000" timestamp="2019-08-08T20:25:53.630" activeThreads="16">
  <mem-info id="1747" free="8843984" total="17891328" percent="49">
    <mem type="nursery" free="7372280" total="9699328" percent="76">
      <mem type="allocate" free="7372280" total="8192000" percent="89" />
      <mem type="survivor" free="0" total="1507328" percent="0" />
    </mem>
    <mem type="tenure" free="1471704" total="8192000" percent="17" macro-fragmented="868149">
      <mem type="soa" free="1389784" total="8110080" percent="17" />
      <mem type="loa" free="81920" total="81920" percent="100" />
    </mem>
    <remembered-set count="129" />
  </mem-info>
</gc-end>
<cycle-end id="1748" type="scavenge" contextid="1742" timestamp="2019-08-08T20:25:53.630" />
  <attribute name="elasticGC enabled" value="1" />
  <attribute name= "numThreadsSpecified" value="16" />
  <attribute name="heapSize specified" value="15073280" />
  <attribute name="Current GC Util" value="18" />
  <attribute name= "Current Time Running" value="121046" />
  <attribute name ="GC Interval" value="2105" />
  <attribute name="Target GC Util Change" value ="80.000000" />
  <attribute name="Current GC Util Change" value="18.000000"/>
  <attribute name="Current Error" value="176.000000" />
  <attribute name="Output H" value="17929272"/>
  <attribute name="Output I" value="2104"/>
  <attribute name="Output T" value="16"/>
  <attribute name= "Current Time Running" value="121046" />
  <attribute name="GC Util currently" value="18" />
  <attribute name="CPU Util currently" value="32335034265" />
<allocation-satisfied id="1749" threadId="0000000000959F00" bytesRequested="56" />
<af-end id="1750" timestamp="2019-08-08T20:25:53.630" threadId="000000000095A888" success="true" from="nursery"/>
<exclusive-end id="1751" timestamp="2019-08-08T20:25:53.630" durationms="3.311" />

<exclusive-start id="1752" timestamp="2019-08-08T20:25:53.673" intervalms="46.074">
  <response-info timems="0.042" idlems="0.042" threads="0" lastid="0000000000959F00" lastname="main" />
</exclusive-start>
<af-start id="1753" threadId="000000000095A888" totalBytesRequested="4240" timestamp="2019-08-08T20:25:53.673" intervalms="46.084" type="nursery" />
<cycle-start id="1754" type="scavenge" contextid="0" timestamp="2019-08-08T20:25:53.673" intervalms="46.078" />
<gc-start id="1755" type="scavenge" contextid="1754" timestamp="2019-08-08T20:25:53.673">
  <mem-info id="1756" free="1454816" total="17891328" percent="8">
    <mem type="nursery" free="0" total="9699328" percent="0">
      <mem type="allocate" free="0" total="8192000" percent="0" />
      <mem type="survivor" free="0" total="1507328" percent="0" />
    </mem>
    <mem type="tenure" free="1454816" total="8192000" percent="17">
      <mem type="soa" free="1372896" total="8110080" percent="16" />
      <mem type="loa" free="81920" total="81920" percent="100" />
    </mem>
    <remembered-set count="419" />
  </mem-info>
</gc-start>
<allocation-stats totalBytes="7356008" >
  <allocated-bytes non-tlh="216952" tlh="7139056" />
  <largest-consumer threadName="main" threadId="0000000000959F00" bytes="7356008" />
</allocation-stats>
<gc-op id="1757" type="scavenge" timems="2.967" contextid="1754" timestamp="2019-08-08T20:25:53.676">
  <scavenger-info tenureage="14" tenuremask="4000" tiltratio="84" />
  <memory-copied type="nursery" objects="2610" bytes="149680" bytesdiscarded="85272" />
  <references type="soft" candidates="44" cleared="0" enqueued="0" dynamicThreshold="15" maxThreshold="32" />
  <references type="weak" candidates="239" cleared="0" enqueued="0" />
</gc-op>
<heap-resize id="1758" type="expand" space="nursery" amount="393216" count="1" timems="0.022" reason="excessive time being spent scavenging" timestamp="2019-08-08T20:25:53.676" />
<gc-end id="1759" type="scavenge" contextid="1754" durationms="4.010" usertimems="9.821" systemtimems="0.000" timestamp="2019-08-08T20:25:53.677" activeThreads="16">
  <mem-info id="1760" free="9804920" total="18284544" percent="53">
    <mem type="nursery" free="8350104" total="10092544" percent="82">
      <mem type="allocate" free="8350104" total="8585216" percent="97" />
      <mem type="survivor" free="0" total="1507328" percent="0" />
    </mem>
    <mem type="tenure" free="1454816" total="8192000" percent="17" macro-fragmented="0">
      <mem type="soa" free="1372896" total="8110080" percent="16" />
      <mem type="loa" free="81920" total="81920" percent="100" />
    </mem>
    <remembered-set count="413" />
  </mem-info>
</gc-end>
<cycle-end id="1761" type="scavenge" contextid="1754" timestamp="2019-08-08T20:25:53.677" />
  <attribute name="elasticGC enabled" value="1" />
  <attribute name= "numThreadsSpecified" value="16" />
  <attribute name="heapSize specified" value="15073280" />
  <attribute name="Current GC Util" value="12" />
  <attribute name= "Current Time Running" value="121092" />
  <attribute name ="GC Interval" value="2145" />
  <attribute name="Target GC Util Change" value ="80.000000" />
  <attribute name="Current GC Util Change" value="12.000000"/>
  <attribute name="Current Error" value="244.000000" />
  <attribute name="Output H" value="17929312"/>
  <attribute name="Output I" value="2144"/>
  <attribute name="Output T" value="16"/>
  <attribute name= "Current Time Running" value="121092" />
  <attribute name="GC Util currently" value="12" />
  <attribute name="CPU Util currently" value="24839235064" />
<allocation-satisfied id="1762" threadId="0000000000959F00" bytesRequested="4240" />
<af-end id="1763" timestamp="2019-08-08T20:25:53.677" threadId="000000000095A888" success="true" from="nursery"/>
<exclusive-end id="1764" timestamp="2019-08-08T20:25:53.677" durationms="4.290" />

<exclusive-start id="1765" timestamp="2019-08-08T20:25:53.738" intervalms="65.279">
  <response-info timems="0.022" idlems="0.022" threads="0" lastid="0000000000959F00" lastname="main" />
</exclusive-start>
<af-start id="1766" threadId="000000000095A888" totalBytesRequested="32" timestamp="2019-08-08T20:25:53.738" intervalms="65.312" type="nursery" />
<cycle-start id="1767" type="scavenge" contextid="0" timestamp="2019-08-08T20:25:53.738" intervalms="65.315" />
<gc-start id="1768" type="scavenge" contextid="1767" timestamp="2019-08-08T20:25:53.738">
  <mem-info id="1769" free="1454816" total="18284544" percent="7">
    <mem type="nursery" free="0" total="10092544" percent="0">
      <mem type="allocate" free="0" total="8585216" percent="0" />
      <mem type="survivor" free="0" total="1507328" percent="0" />
    </mem>
    <mem type="tenure" free="1454816" total="8192000" percent="17">
      <mem type="soa" free="1372896" total="8110080" percent="16" />
      <mem type="loa" free="81920" total="81920" percent="100" />
    </mem>
    <remembered-set count="415" />
  </mem-info>
</gc-start>
<allocation-stats totalBytes="8349240" >
  <allocated-bytes non-tlh="204248" tlh="8144992" />
  <largest-consumer threadName="main" threadId="0000000000959F00" bytes="8349240" />
</allocation-stats>
<gc-op id="1770" type="scavenge" timems="7.364" contextid="1767" timestamp="2019-08-08T20:25:53.745">
  <scavenger-info tenureage="14" tenuremask="4000" tiltratio="85" />
  <memory-copied type="nursery" objects="21490" bytes="1238928" bytesdiscarded="107800" />
  <references type="soft" candidates="44" cleared="0" enqueued="0" dynamicThreshold="15" maxThreshold="32" />
  <references type="weak" candidates="239" cleared="0" enqueued="0" />
  <references type="phantom" candidates="1" cleared="0" enqueued="0" />
</gc-op>
<heap-resize id="1771" type="expand" space="nursery" amount="524288" count="1" timems="0.019" reason="excessive time being spent scavenging" timestamp="2019-08-08T20:25:53.746" />
<gc-end id="1772" type="scavenge" contextid="1767" durationms="7.857" usertimems="18.378" systemtimems="0.000" timestamp="2019-08-08T20:25:53.746" activeThreads="16">
  <mem-info id="1773" free="8037784" total="18808832" percent="42">
    <mem type="nursery" free="6582968" total="10616832" percent="62">
      <mem type="allocate" free="6582968" total="7929856" percent="83" />
      <mem type="survivor" free="0" total="2686976" percent="0" />
    </mem>
    <mem type="tenure" free="1454816" total="8192000" percent="17" macro-fragmented="0">
      <mem type="soa" free="1372896" total="8110080" percent="16" />
      <mem type="loa" free="81920" total="81920" percent="100" />
    </mem>
    <remembered-set count="413" />
  </mem-info>
</gc-end>
<cycle-end id="1774" type="scavenge" contextid="1767" timestamp="2019-08-08T20:25:53.746" />
  <attribute name="elasticGC enabled" value="1" />
  <attribute name= "numThreadsSpecified" value="16" />
  <attribute name="heapSize specified" value="15073280" />
  <attribute name="Current GC Util" value="8" />
  <attribute name= "Current Time Running" value="121157" />
  <attribute name ="GC Interval" value="2185" />
  <attribute name="Target GC Util Change" value ="80.000000" />
  <attribute name="Current GC Util Change" value="8.000000"/>
  <attribute name="Current Error" value="316.000000" />
  <attribute name="Output H" value="18322568"/>
  <attribute name="Output I" value="2184"/>
  <attribute name="Output T" value="16"/>
  <attribute name= "Current Time Running" value="121157" />
  <attribute name="GC Util currently" value="8" />
  <attribute name="CPU Util currently" value="17760867201" />
<allocation-satisfied id="1775" threadId="0000000000959F00" bytesRequested="32" />
<af-end id="1776" timestamp="2019-08-08T20:25:53.746" threadId="000000000095A888" success="true" from="nursery"/>
<exclusive-end id="1777" timestamp="2019-08-08T20:25:53.746" durationms="8.113" />

<exclusive-start id="1778" timestamp="2019-08-08T20:25:53.763" intervalms="25.150">
  <response-info timems="0.044" idlems="0.044" threads="0" lastid="0000000000959F00" lastname="main" />
</exclusive-start>
<af-start id="1779" threadId="000000000095A888" totalBytesRequested="48" timestamp="2019-08-08T20:25:53.763" intervalms="25.100" type="nursery" />
<cycle-start id="1780" type="scavenge" contextid="0" timestamp="2019-08-08T20:25:53.763" intervalms="25.096" />
<gc-start id="1781" type="scavenge" contextid="1780" timestamp="2019-08-08T20:25:53.763">
  <mem-info id="1782" free="1454816" total="18808832" percent="7">
    <mem type="nursery" free="0" total="10616832" percent="0">
      <mem type="allocate" free="0" total="7929856" percent="0" />
      <mem type="survivor" free="0" total="2686976" percent="0" />
    </mem>
    <mem type="tenure" free="1454816" total="8192000" percent="17">
      <mem type="soa" free="1372896" total="8110080" percent="16" />
      <mem type="loa" free="81920" total="81920" percent="100" />
    </mem>
    <remembered-set count="413" />
  </mem-info>
</gc-start>
<allocation-stats totalBytes="6582368" >
  <allocated-bytes non-tlh="32" tlh="6582336" />
  <largest-consumer threadName="main" threadId="0000000000959F00" bytes="6582368" />
</allocation-stats>
<gc-op id="1783" type="scavenge" timems="3.443" contextid="1780" timestamp="2019-08-08T20:25:53.767">
  <scavenger-info tenureage="6" tenuremask="4040" tiltratio="74" />
  <memory-copied type="nursery" objects="29361" bytes="1525256" bytesdiscarded="117424" />
  <memory-copied type="tenure" objects="540" bytes="20112" bytesdiscarded="120" />
  <references type="soft" candidates="12" cleared="0" enqueued="0" dynamicThreshold="15" maxThreshold="32" />
  <references type="weak" candidates="235" cleared="0" enqueued="0" />
  <references type="phantom" candidates="1" cleared="0" enqueued="0" />
</gc-op>
<heap-resize id="1784" type="expand" space="nursery" amount="786432" count="1" timems="0.015" reason="excessive time being spent scavenging" timestamp="2019-08-08T20:25:53.767" />
<gc-end id="1785" type="scavenge" contextid="1780" durationms="3.869" usertimems="8.385" systemtimems="0.000" timestamp="2019-08-08T20:25:53.767" activeThreads="16">
  <mem-info id="1786" free="8677280" total="19595264" percent="44">
    <mem type="nursery" free="7270080" total="11403264" percent="63">
      <mem type="allocate" free="7270080" total="8912896" percent="81" />
      <mem type="survivor" free="0" total="2490368" percent="0" />
    </mem>
    <mem type="tenure" free="1407200" total="8192000" percent="17" macro-fragmented="868149">
      <mem type="soa" free="1325280" total="8110080" percent="16" />
      <mem type="loa" free="81920" total="81920" percent="100" />
    </mem>
    <remembered-set count="150" />
  </mem-info>
</gc-end>
<cycle-end id="1787" type="scavenge" contextid="1780" timestamp="2019-08-08T20:25:53.767" />
  <attribute name="elasticGC enabled" value="1" />
  <attribute name= "numThreadsSpecified" value="16" />
  <attribute name="heapSize specified" value="15073280" />
  <attribute name="Current GC Util" value="72" />
  <attribute name= "Current Time Running" value="121182" />
  <attribute name ="GC Interval" value="2193" />
  <attribute name="Target GC Util Change" value ="80.000000" />
  <attribute name="Current GC Util Change" value="72.000000"/>
  <attribute name="Current Error" value="324.000000" />
  <attribute name="Output H" value="18846864"/>
  <attribute name="Output I" value="2192"/>
  <attribute name="Output T" value="16"/>
  <attribute name= "Current Time Running" value="121182" />
  <attribute name="GC Util currently" value="72" />
  <attribute name="CPU Util currently" value="45974744328" />
<allocation-satisfied id="1788" threadId="0000000000959F00" bytesRequested="48" />
<af-end id="1789" timestamp="2019-08-08T20:25:53.767" threadId="000000000095A888" success="true" from="nursery"/>
<exclusive-end id="1790" timestamp="2019-08-08T20:25:53.767" durationms="4.099" />

<exclusive-start id="1791" timestamp="2019-08-08T20:25:53.827" intervalms="64.456">
  <response-info timems="0.059" idlems="0.059" threads="0" lastid="0000000000959F00" lastname="main" />
</exclusive-start>
<af-start id="1792" threadId="000000000095A888" totalBytesRequested="32" timestamp="2019-08-08T20:25:53.827" intervalms="64.451" type="nursery" />
<cycle-start id="1793" type="scavenge" contextid="0" timestamp="2019-08-08T20:25:53.828" intervalms="64.450" />
<gc-start id="1794" type="scavenge" contextid="1793" timestamp="2019-08-08T20:25:53.828">
  <mem-info id="1795" free="1382696" total="19595264" percent="7">
    <mem type="nursery" free="0" total="11403264" percent="0">
      <mem type="allocate" free="0" total="8912896" percent="0" />
      <mem type="survivor" free="0" total="2490368" percent="0" />
    </mem>
    <mem type="tenure" free="1382696" total="8192000" percent="16">
      <mem type="soa" free="1300776" total="8110080" percent="16" />
      <mem type="loa" free="81920" total="81920" percent="100" />
    </mem>
    <remembered-set count="471" />
  </mem-info>
</gc-start>
<allocation-stats totalBytes="7292704" >
  <allocated-bytes non-tlh="224560" tlh="7068144" />
  <largest-consumer threadName="main" threadId="0000000000959F00" bytes="7292704" />
</allocation-stats>
<gc-op id="1796" type="scavenge" timems="2.064" contextid="1793" timestamp="2019-08-08T20:25:53.830">
  <scavenger-info tenureage="2" tenuremask="4004" tiltratio="78" />
  <memory-copied type="nursery" objects="5479" bytes="466680" bytesdiscarded="121240" />
  <references type="soft" candidates="36" cleared="0" enqueued="0" dynamicThreshold="15" maxThreshold="32" />
  <references type="weak" candidates="505" cleared="2" enqueued="2" />
  <references type="phantom" candidates="1" cleared="0" enqueued="0" />
</gc-op>
<gc-end id="1797" type="scavenge" contextid="1793" durationms="2.483" usertimems="8.058" systemtimems="0.000" timestamp="2019-08-08T20:25:53.830" activeThreads="16">
  <mem-info id="1798" free="10035152" total="19595264" percent="51">
    <mem type="nursery" free="8652456" total="11403264" percent="75">
      <mem type="allocate" free="8652456" total="9240576" percent="93" />
      <mem type="survivor" free="0" total="2162688" percent="0" />
    </mem>
    <mem type="tenure" free="1382696" total="8192000" percent="16" macro-fragmented="13104">
      <mem type="soa" free="1300776" total="8110080" percent="16" />
      <mem type="loa" free="81920" total="81920" percent="100" />
    </mem>
    <pending-finalizers system="0" default="0" reference="2" classloader="0" />
    <remembered-set count="464" />
  </mem-info>
</gc-end>
<cycle-end id="1799" type="scavenge" contextid="1793" timestamp="2019-08-08T20:25:53.830" />
  <attribute name="elasticGC enabled" value="1" />
  <attribute name= "numThreadsSpecified" value="16" />
  <attribute name="heapSize specified" value="15073280" />
  <attribute name="Current GC Util" value="12" />
  <attribute name= "Current Time Running" value="121247" />
  <attribute name ="GC Interval" value="2041" />
  <attribute name="Target GC Util Change" value ="80.000000" />
  <attribute name="Current GC Util Change" value="12.000000"/>
  <attribute name="Current Error" value="68.000000" />
  <attribute name="Output H" value="19633144"/>
  <attribute name="Output I" value="2040"/>
  <attribute name="Output T" value="16"/>
  <attribute name= "Current Time Running" value="121247" />
  <attribute name="GC Util currently" value="12" />
  <attribute name="CPU Util currently" value="17887525997" />
<allocation-satisfied id="1800" threadId="0000000000959F00" bytesRequested="32" />
<af-end id="1801" timestamp="2019-08-08T20:25:53.830" threadId="000000000095A888" success="true" from="nursery"/>
<exclusive-end id="1802" timestamp="2019-08-08T20:25:53.830" durationms="2.699" />

<exclusive-start id="1803" timestamp="2019-08-08T20:25:53.942" intervalms="114.529">
  <response-info timems="0.160" idlems="0.160" threads="0" lastid="0000000000959F00" lastname="main" />
</exclusive-start>
<af-start id="1804" threadId="000000000095A888" totalBytesRequested="24" timestamp="2019-08-08T20:25:53.942" intervalms="114.555" type="nursery" />
<cycle-start id="1805" type="scavenge" contextid="0" timestamp="2019-08-08T20:25:53.942" intervalms="114.564" />
<gc-start id="1806" type="scavenge" contextid="1805" timestamp="2019-08-08T20:25:53.942">
  <mem-info id="1807" free="1369144" total="19595264" percent="6">
    <mem type="nursery" free="0" total="11403264" percent="0">
      <mem type="allocate" free="0" total="9240576" percent="0" />
      <mem type="survivor" free="0" total="2162688" percent="0" />
    </mem>
    <mem type="tenure" free="1369144" total="8192000" percent="16">
      <mem type="soa" free="1287224" total="8110080" percent="15" />
      <mem type="loa" free="81920" total="81920" percent="100" />
    </mem>
    <remembered-set count="669" />
  </mem-info>
</gc-start>
<allocation-stats totalBytes="8664264" >
  <allocated-bytes non-tlh="479144" tlh="8185120" />
  <largest-consumer threadName="main" threadId="0000000000959F00" bytes="8660168" />
</allocation-stats>
<gc-op id="1808" type="scavenge" timems="2.823" contextid="1805" timestamp="2019-08-08T20:25:53.945">
  <scavenger-info tenureage="9" tenuremask="4200" tiltratio="81" />
  <memory-copied type="nursery" objects="10744" bytes="767944" bytesdiscarded="218624" />
  <memory-copied type="tenure" objects="5" bytes="2600" bytesdiscarded="0" />
  <finalization candidates="1" enqueued="1" />
  <references type="soft" candidates="38" cleared="0" enqueued="0" dynamicThreshold="15" maxThreshold="32" />
  <references type="weak" candidates="636" cleared="13" enqueued="13" />
  <references type="phantom" candidates="1" cleared="0" enqueued="0" />
</gc-op>
<gc-end id="1809" type="scavenge" contextid="1805" durationms="3.411" usertimems="9.072" systemtimems="0.000" timestamp="2019-08-08T20:25:53.946" activeThreads="16">
  <mem-info id="1810" free="9753904" total="19595264" percent="49">
    <mem type="nursery" free="8384760" total="11403264" percent="73">
      <mem type="allocate" free="8384760" total="9371648" percent="89" />
      <mem type="survivor" free="0" total="2031616" percent="0" />
    </mem>
    <mem type="tenure" free="1369144" total="8192000" percent="16" macro-fragmented="0">
      <mem type="soa" free="1287224" total="8110080" percent="15" />
      <mem type="loa" free="81920" total="81920" percent="100" />
    </mem>
    <pending-finalizers system="0" default="1" reference="13" classloader="0" />
    <remembered-set count="657" />
  </mem-info>
</gc-end>
<cycle-end id="1811" type="scavenge" contextid="1805" timestamp="2019-08-08T20:25:53.946" />
  <attribute name="elasticGC enabled" value="1" />
  <attribute name= "numThreadsSpecified" value="16" />
  <attribute name="heapSize specified" value="15073280" />
  <attribute name="Current GC Util" value="4" />
  <attribute name= "Current Time Running" value="121361" />
  <attribute name ="GC Interval" value="2089" />
  <attribute name="Target GC Util Change" value ="80.000000" />
  <attribute name="Current GC Util Change" value="4.000000"/>
  <attribute name="Current Error" value="144.000000" />
  <attribute name="Output H" value="19633192"/>
  <attribute name="Output I" value="2088"/>
  <attribute name="Output T" value="16"/>
  <attribute name= "Current Time Running" value="121361" />
  <attribute name="GC Util currently" value="4" />
  <attribute name="CPU Util currently" value="10061060163" />
<allocation-satisfied id="1812" threadId="0000000000959F00" bytesRequested="24" />
<af-end id="1813" timestamp="2019-08-08T20:25:53.946" threadId="000000000095A888" success="true" from="nursery"/>
<exclusive-end id="1814" timestamp="2019-08-08T20:25:53.946" durationms="3.699" />

<exclusive-start id="1815" timestamp="2019-08-08T20:25:53.987" intervalms="45.490">
  <response-info timems="0.080" idlems="0.080" threads="0" lastid="0000000000959F00" lastname="main" />
</exclusive-start>
<af-start id="1816" threadId="000000000095A888" totalBytesRequested="16392" timestamp="2019-08-08T20:25:53.988" intervalms="45.477" type="nursery" />
<cycle-start id="1817" type="scavenge" contextid="0" timestamp="2019-08-08T20:25:53.988" intervalms="45.478" />
<gc-start id="1818" type="scavenge" contextid="1817" timestamp="2019-08-08T20:25:53.988">
  <mem-info id="1819" free="1357232" total="19595264" percent="6">
    <mem type="nursery" free="0" total="11403264" percent="0">
      <mem type="allocate" free="0" total="9371648" percent="0" />
      <mem type="survivor" free="0" total="2031616" percent="0" />
    </mem>
    <mem type="tenure" free="1357232" total="8192000" percent="16">
      <mem type="soa" free="1275312" total="8110080" percent="15" />
      <mem type="loa" free="81920" total="81920" percent="100" />
    </mem>
    <remembered-set count="771" />
  </mem-info>
</gc-start>
<allocation-stats totalBytes="8388072" >
  <allocated-bytes non-tlh="411952" tlh="7976120" />
  <largest-consumer threadName="main" threadId="0000000000959F00" bytes="8379760" />
</allocation-stats>
<gc-op id="1820" type="scavenge" timems="2.054" contextid="1817" timestamp="2019-08-08T20:25:53.990">
  <scavenger-info tenureage="14" tenuremask="4000" tiltratio="82" />
  <memory-copied type="nursery" objects="6417" bytes="751120" bytesdiscarded="78648" />
  <references type="soft" candidates="62" cleared="0" enqueued="0" dynamicThreshold="15" maxThreshold="32" />
  <references type="weak" candidates="630" cleared="0" enqueued="0" />
  <references type="phantom" candidates="2" cleared="0" enqueued="0" />
</gc-op>
<gc-end id="1821" type="scavenge" contextid="1817" durationms="2.585" usertimems="8.728" systemtimems="0.000" timestamp="2019-08-08T20:25:53.990" activeThreads="16">
  <mem-info id="1822" free="10095368" total="19595264" percent="51">
    <mem type="nursery" free="8738136" total="11403264" percent="76">
      <mem type="allocate" free="8738136" total="9568256" percent="91" />
      <mem type="survivor" free="0" total="1835008" percent="0" />
    </mem>
    <mem type="tenure" free="1357232" total="8192000" percent="16" macro-fragmented="723458">
      <mem type="soa" free="1275312" total="8110080" percent="15" />
      <mem type="loa" free="81920" total="81920" percent="100" />
    </mem>
    <remembered-set count="466" />
  </mem-info>
</gc-end>
<cycle-end id="1823" type="scavenge" contextid="1817" timestamp="2019-08-08T20:25:53.990" />
  <attribute name="elasticGC enabled" value="1" />
  <attribute name= "numThreadsSpecified" value="16" />
  <attribute name="heapSize specified" value="15073280" />
  <attribute name="Current GC Util" value="14" />
  <attribute name= "Current Time Running" value="121407" />
  <attribute name ="GC Interval" value="2129" />
  <attribute name="Target GC Util Change" value ="80.000000" />
  <attribute name="Current GC Util Change" value="14.000000"/>
  <attribute name="Current Error" value="210.000000" />
  <attribute name="Output H" value="19633232"/>
  <attribute name="Output I" value="2128"/>
  <attribute name="Output T" value="16"/>
  <attribute name= "Current Time Running" value="121407" />
  <attribute name="GC Util currently" value="14" />
  <attribute name="CPU Util currently" value="25357715855" />
<allocation-satisfied id="1824" threadId="0000000000959F00" bytesRequested="16392" />
<af-end id="1825" timestamp="2019-08-08T20:25:53.990" threadId="000000000095A888" success="true" from="nursery"/>
<exclusive-end id="1826" timestamp="2019-08-08T20:25:53.990" durationms="2.844" />

<exclusive-start id="1827" timestamp="2019-08-08T20:25:54.050" intervalms="62.690">
  <response-info timems="0.021" idlems="0.021" threads="0" lastid="0000000000959F00" lastname="main" />
</exclusive-start>
<af-start id="1828" threadId="000000000095A888" totalBytesRequested="24" timestamp="2019-08-08T20:25:54.050" intervalms="62.684" type="nursery" />
<cycle-start id="1829" type="scavenge" contextid="0" timestamp="2019-08-08T20:25:54.050" intervalms="62.677" />
<gc-start id="1830" type="scavenge" contextid="1829" timestamp="2019-08-08T20:25:54.050">
  <mem-info id="1831" free="1352184" total="19595264" percent="6">
    <mem type="nursery" free="0" total="11403264" percent="0">
      <mem type="allocate" free="0" total="9568256" percent="0" />
      <mem type="survivor" free="0" total="1835008" percent="0" />
    </mem>
    <mem type="tenure" free="1352184" total="8192000" percent="16">
      <mem type="soa" free="1270264" total="8110080" percent="15" />
      <mem type="loa" free="81920" total="81920" percent="100" />
    </mem>
    <remembered-set count="498" />
  </mem-info>
</gc-start>
<allocation-stats totalBytes="8742192" >
  <allocated-bytes non-tlh="549160" tlh="8193032" />
  <largest-consumer threadName="main" threadId="0000000000959F00" bytes="8742192" />
</allocation-stats>
<gc-op id="1832" type="scavenge" timems="3.336" contextid="1829" timestamp="2019-08-08T20:25:54.054">
  <scavenger-info tenureage="14" tenuremask="4000" tiltratio="83" />
  <memory-copied type="nursery" objects="19361" bytes="1516736" bytesdiscarded="166336" />
  <references type="soft" candidates="63" cleared="0" enqueued="0" dynamicThreshold="15" maxThreshold="32" />
  <references type="weak" candidates="632" cleared="2" enqueued="2" />
  <references type="phantom" candidates="2" cleared="0" enqueued="0" />
</gc-op>
<gc-end id="1833" type="scavenge" contextid="1829" durationms="3.848" usertimems="7.298" systemtimems="0.000" timestamp="2019-08-08T20:25:54.054" activeThreads="16">
  <mem-info id="1834" free="8516096" total="19595264" percent="43">
    <mem type="nursery" free="7163912" total="11403264" percent="62">
      <mem type="allocate" free="7163912" total="8847360" percent="80" />
      <mem type="survivor" free="0" total="2555904" percent="0" />
    </mem>
    <mem type="tenure" free="1352184" total="8192000" percent="16" macro-fragmented="0">
      <mem type="soa" free="1270264" total="8110080" percent="15" />
      <mem type="loa" free="81920" total="81920" percent="100" />
    </mem>
    <pending-finalizers system="0" default="0" reference="2" classloader="0" />
    <remembered-set count="336" />
  </mem-info>
</gc-end>
<cycle-end id="1835" type="scavenge" contextid="1829" timestamp="2019-08-08T20:25:54.054" />
  <attribute name="elasticGC enabled" value="1" />
  <attribute name= "numThreadsSpecified" value="16" />
  <attribute name="heapSize specified" value="15073280" />
  <attribute name="Current GC Util" value="6" />
  <attribute name= "Current Time Running" value="121469" />
  <attribute name ="GC Interval" value="2169" />
  <attribute name="Target GC Util Change" value ="80.000000" />
  <attribute name="Current GC Util Change" value="6.000000"/>
  <attribute name="Current Error" value="284.000000" />
  <attribute name="Output H" value="19633272"/>
  <attribute name="Output I" value="2168"/>
  <attribute name="Output T" value="16"/>
  <attribute name= "Current Time Running" value="121469" />
  <attribute name="GC Util currently" value="6" />
  <attribute name="CPU Util currently" value="18401778748" />
<allocation-satisfied id="1836" threadId="0000000000959F00" bytesRequested="24" />
<af-end id="1837" timestamp="2019-08-08T20:25:54.054" threadId="000000000095A888" success="true" from="nursery"/>
<exclusive-end id="1838" timestamp="2019-08-08T20:25:54.054" durationms="4.078" />

<exclusive-start id="1839" timestamp="2019-08-08T20:25:54.084" intervalms="33.527">
  <response-info timems="0.018" idlems="0.018" threads="0" lastid="0000000000959F00" lastname="main" />
</exclusive-start>
<af-start id="1840" threadId="000000000095A888" totalBytesRequested="57856" timestamp="2019-08-08T20:25:54.084" intervalms="33.532" type="nursery" />
<cycle-start id="1841" type="scavenge" contextid="0" timestamp="2019-08-08T20:25:54.084" intervalms="33.531" />
<gc-start id="1842" type="scavenge" contextid="1841" timestamp="2019-08-08T20:25:54.084">
  <mem-info id="1843" free="1352184" total="19595264" percent="6">
    <mem type="nursery" free="0" total="11403264" percent="0">
      <mem type="allocate" free="0" total="8847360" percent="0" />
      <mem type="survivor" free="0" total="2555904" percent="0" />
    </mem>
    <mem type="tenure" free="1352184" total="8192000" percent="16">
      <mem type="soa" free="1270264" total="8110080" percent="15" />
      <mem type="loa" free="81920" total="81920" percent="100" />
    </mem>
    <remembered-set count="336" />
  </mem-info>
</gc-start>
<allocation-stats totalBytes="7136512" >
  <allocated-bytes non-tlh="24" tlh="7136488" />
  <largest-consumer threadName="main" threadId="0000000000959F00" bytes="7136512" />
</allocation-stats>
<gc-op id="1844" type="scavenge" timems="3.208" contextid="1841" timestamp="2019-08-08T20:25:54.087">
  <scavenger-info tenureage="14" tenuremask="4000" tiltratio="77" />
  <memory-copied type="nursery" objects="13787" bytes="914008" bytesdiscarded="113192" />
  <references type="soft" candidates="63" cleared="0" enqueued="0" dynamicThreshold="15" maxThreshold="32" />
  <references type="weak" candidates="630" cleared="0" enqueued="0" />
  <references type="phantom" candidates="1" cleared="0" enqueued="0" />
</gc-op>
<heap-resize id="1845" type="expand" space="nursery" amount="655360" count="1" timems="0.021" reason="excessive time being spent scavenging" timestamp="2019-08-08T20:25:54.087" />
<gc-end id="1846" type="scavenge" contextid="1841" durationms="3.819" usertimems="6.793" systemtimems="0.000" timestamp="2019-08-08T20:25:54.088" activeThreads="16">
  <mem-info id="1847" free="9761824" total="20250624" percent="48">
    <mem type="nursery" free="8409640" total="12058624" percent="69">
      <mem type="allocate" free="8409640" total="9437184" percent="89" />
      <mem type="survivor" free="0" total="2621440" percent="0" />
    </mem>
    <mem type="tenure" free="1352184" total="8192000" percent="16" macro-fragmented="0">
      <mem type="soa" free="1270264" total="8110080" percent="15" />
      <mem type="loa" free="81920" total="81920" percent="100" />
    </mem>
    <remembered-set count="228" />
  </mem-info>
</gc-end>
<cycle-end id="1848" type="scavenge" contextid="1841" timestamp="2019-08-08T20:25:54.088" />
  <attribute name="elasticGC enabled" value="1" />
  <attribute name= "numThreadsSpecified" value="16" />
  <attribute name="heapSize specified" value="15073280" />
  <attribute name="Current GC Util" value="21" />
  <attribute name= "Current Time Running" value="121503" />
  <attribute name ="GC Interval" value="2201" />
  <attribute name="Target GC Util Change" value ="80.000000" />
  <attribute name="Current GC Util Change" value="21.000000"/>
  <attribute name="Current Error" value="343.000000" />
  <attribute name="Output H" value="19633304"/>
  <attribute name="Output I" value="2200"/>
  <attribute name="Output T" value="16"/>
  <attribute name= "Current Time Running" value="121503" />
  <attribute name="GC Util currently" value="21" />
  <attribute name="CPU Util currently" value="34343427229" />
<allocation-satisfied id="1849" threadId="0000000000959F00" bytesRequested="57856" />
<af-end id="1850" timestamp="2019-08-08T20:25:54.088" threadId="000000000095A888" success="true" from="nursery"/>
<exclusive-end id="1851" timestamp="2019-08-08T20:25:54.088" durationms="4.083" />

<exclusive-start id="1852" timestamp="2019-08-08T20:25:54.163" intervalms="79.688">
  <response-info timems="0.035" idlems="0.035" threads="0" lastid="0000000000959F00" lastname="main" />
</exclusive-start>
<af-start id="1853" threadId="000000000095A888" totalBytesRequested="24" timestamp="2019-08-08T20:25:54.163" intervalms="79.682" type="nursery" />
<cycle-start id="1854" type="scavenge" contextid="0" timestamp="2019-08-08T20:25:54.163" intervalms="79.684" />
<gc-start id="1855" type="scavenge" contextid="1854" timestamp="2019-08-08T20:25:54.163">
  <mem-info id="1856" free="1299248" total="20250624" percent="6">
    <mem type="nursery" free="0" total="12058624" percent="0">
      <mem type="allocate" free="0" total="9437184" percent="0" />
      <mem type="survivor" free="0" total="2621440" percent="0" />
    </mem>
    <mem type="tenure" free="1299248" total="8192000" percent="15">
      <mem type="soa" free="1217328" total="8110080" percent="15" />
      <mem type="loa" free="81920" total="81920" percent="100" />
    </mem>
    <remembered-set count="726" />
  </mem-info>
</gc-start>
<allocation-stats totalBytes="8461320" >
  <allocated-bytes non-tlh="626520" tlh="7834800" />
  <largest-consumer threadName="main" threadId="0000000000959F00" bytes="8461320" />
</allocation-stats>
<gc-op id="1857" type="scavenge" timems="2.094" contextid="1854" timestamp="2019-08-08T20:25:54.166">
  <scavenger-info tenureage="3" tenuremask="4128" tiltratio="78" />
  <memory-copied type="nursery" objects="5037" bytes="167696" bytesdiscarded="137584" />
  <memory-copied type="tenure" objects="5154" bytes="471680" bytesdiscarded="344" />
  <references type="soft" candidates="96" cleared="0" enqueued="0" dynamicThreshold="15" maxThreshold="32" />
  <references type="weak" candidates="410" cleared="9" enqueued="9" />
</gc-op>
<gc-end id="1858" type="scavenge" contextid="1854" durationms="2.593" usertimems="5.009" systemtimems="0.000" timestamp="2019-08-08T20:25:54.166" activeThreads="16">
  <mem-info id="1859" free="10352624" total="20250624" percent="51">
    <mem type="nursery" free="9590272" total="12058624" percent="79">
      <mem type="allocate" free="9590272" total="9895936" percent="96" />
      <mem type="survivor" free="0" total="2162688" percent="0" />
    </mem>
    <mem type="tenure" free="762352" total="8192000" percent="9" macro-fragmented="492">
      <mem type="soa" free="680432" total="8110080" percent="8" />
      <mem type="loa" free="81920" total="81920" percent="100" />
    </mem>
    <pending-finalizers system="0" default="0" reference="9" classloader="0" />
    <remembered-set count="778" />
  </mem-info>
</gc-end>
<cycle-end id="1860" type="scavenge" contextid="1854" timestamp="2019-08-08T20:25:54.166" />
  <attribute name="elasticGC enabled" value="1" />
  <attribute name= "numThreadsSpecified" value="16" />
  <attribute name="heapSize specified" value="15073280" />
  <attribute name="Current GC Util" value="8" />
  <attribute name= "Current Time Running" value="121583" />
  <attribute name ="GC Interval" value="2241" />
  <attribute name="Target GC Util Change" value ="80.000000" />
  <attribute name="Current GC Util Change" value="8.000000"/>
  <attribute name="Current Error" value="415.000000" />
  <attribute name="Output H" value="20288704"/>
  <attribute name="Output I" value="2240"/>
  <attribute name="Output T" value="16"/>
  <attribute name= "Current Time Running" value="121583" />
  <attribute name="GC Util currently" value="8" />
  <attribute name="CPU Util currently" value="14475356412" />
<allocation-satisfied id="1861" threadId="0000000000959F00" bytesRequested="24" />
<af-end id="1862" timestamp="2019-08-08T20:25:54.166" threadId="000000000095A888" success="true" from="nursery"/>
<exclusive-end id="1863" timestamp="2019-08-08T20:25:54.166" durationms="2.829" />

<exclusive-start id="1864" timestamp="2019-08-08T20:25:54.220" intervalms="56.969">
  <response-info timems="0.023" idlems="0.023" threads="0" lastid="0000000000959F00" lastname="main" />
</exclusive-start>
<af-start id="1865" threadId="000000000095A888" totalBytesRequested="24" timestamp="2019-08-08T20:25:54.220" intervalms="56.975" type="nursery" />
<cycle-start id="1866" type="scavenge" contextid="0" timestamp="2019-08-08T20:25:54.220" intervalms="56.978" />
<gc-start id="1867" type="scavenge" contextid="1866" timestamp="2019-08-08T20:25:54.220">
  <mem-info id="1868" free="751408" total="20250624" percent="3">
    <mem type="nursery" free="0" total="12058624" percent="0">
      <mem type="allocate" free="0" total="9895936" percent="0" />
      <mem type="survivor" free="0" total="2162688" percent="0" />
    </mem>
    <mem type="tenure" free="751408" total="8192000" percent="9">
      <mem type="soa" free="669488" total="8110080" percent="8" />
      <mem type="loa" free="81920" total="81920" percent="100" />
    </mem>
    <remembered-set count="1230" />
  </mem-info>
</gc-start>
<allocation-stats totalBytes="9599256" >
  <allocated-bytes non-tlh="610992" tlh="8988264" />
  <largest-consumer threadName="main" threadId="0000000000959F00" bytes="9599256" />
</allocation-stats>
<gc-op id="1869" type="scavenge" timems="2.456" contextid="1866" timestamp="2019-08-08T20:25:54.223">
  <scavenger-info tenureage="14" tenuremask="4000" tiltratio="82" />
  <memory-copied type="nursery" objects="13161" bytes="800824" bytesdiscarded="71048" />
  <references type="soft" candidates="99" cleared="0" enqueued="0" dynamicThreshold="15" maxThreshold="32" />
  <references type="weak" candidates="403" cleared="1" enqueued="1" />
  <references type="phantom" candidates="1" cleared="0" enqueued="0" />
</gc-op>
<gc-end id="1870" type="scavenge" contextid="1866" durationms="2.957" usertimems="5.673" systemtimems="0.000" timestamp="2019-08-08T20:25:54.223" activeThreads="16">
  <mem-info id="1871" free="9840584" total="20250624" percent="48">
    <mem type="nursery" free="9089176" total="12058624" percent="75">
      <mem type="allocate" free="9089176" total="9961472" percent="91" />
      <mem type="survivor" free="0" total="2097152" percent="0" />
    </mem>
    <mem type="tenure" free="751408" total="8192000" percent="9" macro-fragmented="6319">
      <mem type="soa" free="669488" total="8110080" percent="8" />
      <mem type="loa" free="81920" total="81920" percent="100" />
    </mem>
    <pending-finalizers system="0" default="0" reference="1" classloader="0" />
    <remembered-set count="1225" />
  </mem-info>
</gc-end>
<cycle-end id="1872" type="scavenge" contextid="1866" timestamp="2019-08-08T20:25:54.223" />
  <attribute name="elasticGC enabled" value="1" />
  <attribute name= "numThreadsSpecified" value="16" />
  <attribute name="heapSize specified" value="15073280" />
  <attribute name="Current GC Util" value="8" />
  <attribute name= "Current Time Running" value="121640" />
  <attribute name ="GC Interval" value="2049" />
  <attribute name="Target GC Util Change" value ="80.000000" />
  <attribute name="Current GC Util Change" value="8.000000"/>
  <attribute name="Current Error" value="72.000000" />
  <attribute name="Output H" value="20288512"/>
  <attribute name="Output I" value="2048"/>
  <attribute name="Output T" value="16"/>
  <attribute name= "Current Time Running" value="121640" />
  <attribute name="GC Util currently" value="8" />
  <attribute name="CPU Util currently" value="20230479473" />
<allocation-satisfied id="1873" threadId="0000000000959F00" bytesRequested="24" />
<af-end id="1874" timestamp="2019-08-08T20:25:54.224" threadId="000000000095A888" success="true" from="nursery"/>
<exclusive-end id="1875" timestamp="2019-08-08T20:25:54.224" durationms="3.209" />

<exclusive-start id="1876" timestamp="2019-08-08T20:25:54.278" intervalms="57.167">
  <response-info timems="0.049" idlems="0.049" threads="0" lastid="0000000000959F00" lastname="main" />
</exclusive-start>
<af-start id="1877" threadId="000000000095A888" totalBytesRequested="3080" timestamp="2019-08-08T20:25:54.278" intervalms="57.168" type="nursery" />
<cycle-start id="1878" type="scavenge" contextid="0" timestamp="2019-08-08T20:25:54.278" intervalms="57.170" />
<gc-start id="1879" type="scavenge" contextid="1878" timestamp="2019-08-08T20:25:54.278">
  <mem-info id="1880" free="733864" total="20250624" percent="3">
    <mem type="nursery" free="0" total="12058624" percent="0">
      <mem type="allocate" free="0" total="9961472" percent="0" />
      <mem type="survivor" free="0" total="2097152" percent="0" />
    </mem>
    <mem type="tenure" free="733864" total="8192000" percent="8">
      <mem type="soa" free="651944" total="8110080" percent="8" />
      <mem type="loa" free="81920" total="81920" percent="100" />
    </mem>
    <remembered-set count="1379" />
  </mem-info>
</gc-start>
<allocation-stats totalBytes="9096352" >
  <allocated-bytes non-tlh="217576" tlh="8878776" />
  <largest-consumer threadName="main" threadId="0000000000959F00" bytes="9096352" />
</allocation-stats>
<gc-op id="1881" type="scavenge" timems="2.812" contextid="1878" timestamp="2019-08-08T20:25:54.280">
  <scavenger-info tenureage="6" tenuremask="6040" tiltratio="82" />
  <memory-copied type="nursery" objects="9190" bytes="364480" bytesdiscarded="68856" />
  <memory-copied type="tenure" objects="1090" bytes="38600" bytesdiscarded="32" />
  <references type="soft" candidates="98" cleared="0" enqueued="0" dynamicThreshold="15" maxThreshold="32" />
  <references type="weak" candidates="327" cleared="2" enqueued="2" />
  <references type="phantom" candidates="1" cleared="0" enqueued="0" />
</gc-op>
<gc-end id="1882" type="scavenge" contextid="1878" durationms="3.320" usertimems="5.997" systemtimems="0.000" timestamp="2019-08-08T20:25:54.281" activeThreads="16">
  <mem-info id="1883" free="10393480" total="20250624" percent="51">
    <mem type="nursery" free="9724392" total="12058624" percent="80">
      <mem type="allocate" free="9724392" total="10158080" percent="95" />
      <mem type="survivor" free="0" total="1900544" percent="0" />
    </mem>
    <mem type="tenure" free="669088" total="8192000" percent="8" macro-fragmented="0">
      <mem type="soa" free="587168" total="8110080" percent="7" />
      <mem type="loa" free="81920" total="81920" percent="100" />
    </mem>
    <pending-finalizers system="0" default="0" reference="2" classloader="0" />
    <remembered-set count="768" />
  </mem-info>
</gc-end>
<cycle-end id="1884" type="scavenge" contextid="1878" timestamp="2019-08-08T20:25:54.281" />
  <attribute name="elasticGC enabled" value="1" />
  <attribute name= "numThreadsSpecified" value="16" />
  <attribute name="heapSize specified" value="15073280" />
  <attribute name="Current GC Util" value="9" />
  <attribute name= "Current Time Running" value="121697" />
  <attribute name ="GC Interval" value="2089" />
  <attribute name="Target GC Util Change" value ="80.000000" />
  <attribute name="Current GC Util Change" value="9.000000"/>
  <attribute name="Current Error" value="143.000000" />
  <attribute name="Output H" value="20288552"/>
  <attribute name="Output I" value="2088"/>
  <attribute name="Output T" value="16"/>
  <attribute name= "Current Time Running" value="121697" />
  <attribute name="GC Util currently" value="9" />
  <attribute name="CPU Util currently" value="20150267456" />
<allocation-satisfied id="1885" threadId="0000000000959F00" bytesRequested="3080" />
<af-end id="1886" timestamp="2019-08-08T20:25:54.281" threadId="000000000095A888" success="true" from="nursery"/>
<exclusive-end id="1887" timestamp="2019-08-08T20:25:54.281" durationms="3.568" />

<exclusive-start id="1888" timestamp="2019-08-08T20:25:54.314" intervalms="36.004">
  <response-info timems="0.069" idlems="0.069" threads="0" lastid="0000000000959F00" lastname="main" />
</exclusive-start>
<af-start id="1889" threadId="000000000095A888" totalBytesRequested="32" timestamp="2019-08-08T20:25:54.314" intervalms="36.003" type="nursery" />
<cycle-start id="1890" type="scavenge" contextid="0" timestamp="2019-08-08T20:25:54.314" intervalms="35.999" />
<gc-start id="1891" type="scavenge" contextid="1890" timestamp="2019-08-08T20:25:54.314">
  <mem-info id="1892" free="666752" total="20250624" percent="3">
    <mem type="nursery" free="0" total="12058624" percent="0">
      <mem type="allocate" free="0" total="10158080" percent="0" />
      <mem type="survivor" free="0" total="1900544" percent="0" />
    </mem>
    <mem type="tenure" free="666752" total="8192000" percent="8">
      <mem type="soa" free="584832" total="8110080" percent="7" />
      <mem type="loa" free="81920" total="81920" percent="100" />
    </mem>
    <remembered-set count="812" />
  </mem-info>
</gc-start>
<allocation-stats totalBytes="9725064" >
  <allocated-bytes non-tlh="405432" tlh="9319632" />
  <largest-consumer threadName="main" threadId="0000000000959F00" bytes="9720968" />
</allocation-stats>
<gc-op id="1893" type="scavenge" timems="2.895" contextid="1890" timestamp="2019-08-08T20:25:54.317">
  <scavenger-info tenureage="14" tenuremask="4000" tiltratio="84" />
  <memory-copied type="nursery" objects="25011" bytes="1320032" bytesdiscarded="74488" />
  <references type="soft" candidates="132" cleared="0" enqueued="0" dynamicThreshold="15" maxThreshold="32" />
  <references type="weak" candidates="333" cleared="0" enqueued="0" />
  <references type="phantom" candidates="1" cleared="0" enqueued="0" />
</gc-op>
<heap-resize id="1894" type="expand" space="nursery" amount="655360" count="1" timems="0.022" reason="excessive time being spent scavenging" timestamp="2019-08-08T20:25:54.317" />
<gc-end id="1895" type="scavenge" contextid="1890" durationms="3.598" usertimems="12.094" systemtimems="0.000" timestamp="2019-08-08T20:25:54.317" activeThreads="16">
  <mem-info id="1896" free="9233240" total="20905984" percent="44">
    <mem type="nursery" free="8566488" total="12713984" percent="67">
      <mem type="allocate" free="8566488" total="9961472" percent="85" />
      <mem type="survivor" free="0" total="2752512" percent="0" />
    </mem>
    <mem type="tenure" free="666752" total="8192000" percent="8" macro-fragmented="0">
      <mem type="soa" free="584832" total="8110080" percent="7" />
      <mem type="loa" free="81920" total="81920" percent="100" />
    </mem>
    <remembered-set count="743" />
  </mem-info>
</gc-end>
<cycle-end id="1897" type="scavenge" contextid="1890" timestamp="2019-08-08T20:25:54.317" />
  <attribute name="elasticGC enabled" value="1" />
  <attribute name= "numThreadsSpecified" value="16" />
  <attribute name="heapSize specified" value="15073280" />
  <attribute name="Current GC Util" value="14" />
  <attribute name= "Current Time Running" value="121733" />
  <attribute name ="GC Interval" value="2121" />
  <attribute name="Target GC Util Change" value ="80.000000" />
  <attribute name="Current GC Util Change" value="14.000000"/>
  <attribute name="Current Error" value="209.000000" />
  <attribute name="Output H" value="20288584"/>
  <attribute name="Output I" value="2120"/>
  <attribute name="Output T" value="16"/>
  <attribute name= "Current Time Running" value="121733" />
  <attribute name="GC Util currently" value="14" />
  <attribute name="CPU Util currently" value="31992843392" />
<allocation-satisfied id="1898" threadId="0000000000959F00" bytesRequested="32" />
<af-end id="1899" timestamp="2019-08-08T20:25:54.317" threadId="000000000095A888" success="true" from="nursery"/>
<exclusive-end id="1900" timestamp="2019-08-08T20:25:54.317" durationms="3.855" />

<exclusive-start id="1901" timestamp="2019-08-08T20:25:54.349" intervalms="35.392">
  <response-info timems="0.131" idlems="0.131" threads="0" lastid="0000000000959F00" lastname="main" />
</exclusive-start>
<af-start id="1902" threadId="000000000095A888" totalBytesRequested="48" timestamp="2019-08-08T20:25:54.349" intervalms="35.398" type="nursery" />
<cycle-start id="1903" type="scavenge" contextid="0" timestamp="2019-08-08T20:25:54.349" intervalms="35.401" />
<gc-start id="1904" type="scavenge" contextid="1903" timestamp="2019-08-08T20:25:54.349">
  <mem-info id="1905" free="666752" total="20905984" percent="3">
    <mem type="nursery" free="0" total="12713984" percent="0">
      <mem type="allocate" free="0" total="9961472" percent="0" />
      <mem type="survivor" free="0" total="2752512" percent="0" />
    </mem>
    <mem type="tenure" free="666752" total="8192000" percent="8">
      <mem type="soa" free="584832" total="8110080" percent="7" />
      <mem type="loa" free="81920" total="81920" percent="100" />
    </mem>
    <remembered-set count="743" />
  </mem-info>
</gc-start>
<allocation-stats totalBytes="8565072" >
  <allocated-bytes non-tlh="32" tlh="8565040" />
  <largest-consumer threadName="main" threadId="0000000000959F00" bytes="8565072" />
</allocation-stats>
<gc-op id="1906" type="scavenge" timems="3.457" contextid="1903" timestamp="2019-08-08T20:25:54.353">
  <scavenger-info tenureage="3" tenuremask="4018" tiltratio="78" />
  <memory-copied type="nursery" objects="17002" bytes="711280" bytesdiscarded="89592" />
  <memory-copied type="tenure" objects="8183" bytes="311320" bytesdiscarded="408" />
  <references type="soft" candidates="37" cleared="0" enqueued="0" dynamicThreshold="15" maxThreshold="32" />
  <references type="weak" candidates="85" cleared="0" enqueued="0" />
</gc-op>
<heap-resize id="1907" type="expand" space="nursery" amount="655360" count="1" timems="0.022" reason="excessive time being spent scavenging" timestamp="2019-08-08T20:25:54.353" />
<gc-end id="1908" type="scavenge" contextid="1903" durationms="4.344" usertimems="13.076" systemtimems="0.000" timestamp="2019-08-08T20:25:54.353" activeThreads="16">
  <mem-info id="1909" free="10396280" total="21561344" percent="48">
    <mem type="nursery" free="10077952" total="13369344" percent="75">
      <mem type="allocate" free="10077952" total="10878976" percent="92" />
      <mem type="survivor" free="0" total="2490368" percent="0" />
    </mem>
    <mem type="tenure" free="318328" total="8192000" percent="3" macro-fragmented="0">
      <mem type="soa" free="236408" total="8110080" percent="2" />
      <mem type="loa" free="81920" total="81920" percent="100" />
    </mem>
    <remembered-set count="265" />
  </mem-info>
</gc-end>
<cycle-end id="1910" type="scavenge" contextid="1903" timestamp="2019-08-08T20:25:54.353" />
  <attribute name="elasticGC enabled" value="1" />
  <attribute name= "numThreadsSpecified" value="16" />
  <attribute name="heapSize specified" value="15073280" />
  <attribute name="Current GC Util" value="21" />
  <attribute name= "Current Time Running" value="121768" />
  <attribute name ="GC Interval" value="2161" />
  <attribute name="Target GC Util Change" value ="80.000000" />
  <attribute name="Current GC Util Change" value="21.000000"/>
  <attribute name="Current Error" value="268.000000" />
  <attribute name="Output H" value="20943984"/>
  <attribute name="Output I" value="2160"/>
  <attribute name="Output T" value="16"/>
  <attribute name= "Current Time Running" value="121768" />
  <attribute name="GC Util currently" value="21" />
  <attribute name="CPU Util currently" value="32634688979" />
<allocation-satisfied id="1911" threadId="0000000000959F00" bytesRequested="48" />
<af-end id="1912" timestamp="2019-08-08T20:25:54.354" threadId="000000000095A888" success="true" from="nursery"/>
<exclusive-end id="1913" timestamp="2019-08-08T20:25:54.354" durationms="4.629" />

<exclusive-start id="1914" timestamp="2019-08-08T20:25:54.395" intervalms="45.675">
  <response-info timems="0.062" idlems="0.062" threads="0" lastid="0000000000959F00" lastname="main" />
</exclusive-start>
<af-start id="1915" threadId="000000000095A888" totalBytesRequested="56" timestamp="2019-08-08T20:25:54.395" intervalms="45.673" type="nursery" />
<cycle-start id="1916" type="scavenge" contextid="0" timestamp="2019-08-08T20:25:54.395" intervalms="45.675" />
<gc-start id="1917" type="scavenge" contextid="1916" timestamp="2019-08-08T20:25:54.395">
  <mem-info id="1918" free="317568" total="21561344" percent="1">
    <mem type="nursery" free="0" total="13369344" percent="0">
      <mem type="allocate" free="0" total="10878976" percent="0" />
      <mem type="survivor" free="0" total="2490368" percent="0" />
    </mem>
    <mem type="tenure" free="317568" total="8192000" percent="3">
      <mem type="soa" free="235648" total="8110080" percent="2" />
      <mem type="loa" free="81920" total="81920" percent="100" />
    </mem>
    <remembered-set count="279" />
  </mem-info>
</gc-start>
<allocation-stats totalBytes="10076992" >
  <allocated-bytes non-tlh="266360" tlh="9810632" />
  <largest-consumer threadName="main" threadId="0000000000959F00" bytes="10076992" />
</allocation-stats>
<gc-op id="1919" type="scavenge" timems="3.949" contextid="1916" timestamp="2019-08-08T20:25:54.399">
  <scavenger-info tenureage="14" tenuremask="4000" tiltratio="81" />
  <memory-copied type="nursery" objects="19551" bytes="1137688" bytesdiscarded="75880" />
  <memory-copied type="tenure" objects="2" bytes="40" bytesdiscarded="0" />
  <references type="soft" candidates="38" cleared="0" enqueued="0" dynamicThreshold="15" maxThreshold="32" />
  <references type="weak" candidates="85" cleared="0" enqueued="0" />
  <references type="phantom" candidates="1" cleared="0" enqueued="0" />
</gc-op>
<heap-resize id="1920" type="expand" space="nursery" amount="524288" count="1" timems="0.021" reason="excessive time being spent scavenging" timestamp="2019-08-08T20:25:54.399" />
<gc-end id="1921" type="scavenge" contextid="1916" durationms="4.574" usertimems="8.443" systemtimems="0.000" timestamp="2019-08-08T20:25:54.399" activeThreads="16">
  <mem-info id="1922" free="10834736" total="22085632" percent="49">
    <mem type="nursery" free="10517168" total="13893632" percent="75">
      <mem type="allocate" free="10517168" total="11730944" percent="89" />
      <mem type="survivor" free="0" total="2162688" percent="0" />
    </mem>
    <mem type="tenure" free="317568" total="8192000" percent="3" macro-fragmented="0">
      <mem type="soa" free="235648" total="8110080" percent="2" />
      <mem type="loa" free="81920" total="81920" percent="100" />
    </mem>
    <remembered-set count="243" />
  </mem-info>
</gc-end>
<cycle-end id="1923" type="scavenge" contextid="1916" timestamp="2019-08-08T20:25:54.399" />
  <attribute name="elasticGC enabled" value="1" />
  <attribute name= "numThreadsSpecified" value="16" />
  <attribute name="heapSize specified" value="15073280" />
  <attribute name="Current GC Util" value="25" />
  <attribute name= "Current Time Running" value="121814" />
  <attribute name ="GC Interval" value="2193" />
  <attribute name="Target GC Util Change" value ="80.000000" />
  <attribute name="Current GC Util Change" value="25.000000"/>
  <attribute name="Current Error" value="323.000000" />
  <attribute name="Output H" value="21599376"/>
  <attribute name="Output I" value="2192"/>
  <attribute name="Output T" value="16"/>
  <attribute name= "Current Time Running" value="121814" />
  <attribute name="GC Util currently" value="25" />
  <attribute name="CPU Util currently" value="25222692727" />
<allocation-satisfied id="1924" threadId="0000000000959F00" bytesRequested="56" />
<af-end id="1925" timestamp="2019-08-08T20:25:54.399" threadId="000000000095A888" success="true" from="nursery"/>
<exclusive-end id="1926" timestamp="2019-08-08T20:25:54.399" durationms="4.833" />

<exclusive-start id="1927" timestamp="2019-08-08T20:25:54.439" intervalms="44.083">
  <response-info timems="0.059" idlems="0.059" threads="0" lastid="0000000000959F00" lastname="main" />
</exclusive-start>
<af-start id="1928" threadId="000000000095A888" totalBytesRequested="32" timestamp="2019-08-08T20:25:54.439" intervalms="44.086" type="nursery" />
<cycle-start id="1929" type="scavenge" contextid="0" timestamp="2019-08-08T20:25:54.439" intervalms="44.085" />
<gc-start id="1930" type="scavenge" contextid="1929" timestamp="2019-08-08T20:25:54.439">
  <mem-info id="1931" free="317192" total="22085632" percent="1">
    <mem type="nursery" free="0" total="13893632" percent="0">
      <mem type="allocate" free="0" total="11730944" percent="0" />
      <mem type="survivor" free="0" total="2162688" percent="0" />
    </mem>
    <mem type="tenure" free="317192" total="8192000" percent="3">
      <mem type="soa" free="235272" total="8110080" percent="2" />
      <mem type="loa" free="81920" total="81920" percent="100" />
    </mem>
    <remembered-set count="249" />
  </mem-info>
</gc-start>
<allocation-stats totalBytes="10515656" >
  <allocated-bytes non-tlh="200440" tlh="10315216" />
  <largest-consumer threadName="main" threadId="0000000000959F00" bytes="10515656" />
</allocation-stats>
<gc-op id="1932" type="scavenge" timems="2.695" contextid="1929" timestamp="2019-08-08T20:25:54.442">
  <scavenger-info tenureage="14" tenuremask="4000" tiltratio="84" />
  <memory-copied type="nursery" objects="8447" bytes="614432" bytesdiscarded="109472" />
  <references type="soft" candidates="39" cleared="0" enqueued="0" dynamicThreshold="15" maxThreshold="32" />
  <references type="weak" candidates="101" cleared="0" enqueued="0" />
  <references type="phantom" candidates="1" cleared="0" enqueued="0" />
</gc-op>
<gc-end id="1933" type="scavenge" contextid="1929" durationms="3.148" usertimems="6.907" systemtimems="0.000" timestamp="2019-08-08T20:25:54.442" activeThreads="16">
  <mem-info id="1934" free="11586144" total="22085632" percent="52">
    <mem type="nursery" free="11268952" total="13893632" percent="81">
      <mem type="allocate" free="11268952" total="11993088" percent="93" />
      <mem type="survivor" free="0" total="1900544" percent="0" />
    </mem>
    <mem type="tenure" free="317192" total="8192000" percent="3" macro-fragmented="201903">
      <mem type="soa" free="235272" total="8110080" percent="2" />
      <mem type="loa" free="81920" total="81920" percent="100" />
    </mem>
    <remembered-set count="249" />
  </mem-info>
</gc-end>
<cycle-end id="1935" type="scavenge" contextid="1929" timestamp="2019-08-08T20:25:54.442" />
  <attribute name="elasticGC enabled" value="1" />
  <attribute name= "numThreadsSpecified" value="16" />
  <attribute name="heapSize specified" value="15073280" />
  <attribute name="Current GC Util" value="18" />
  <attribute name= "Current Time Running" value="121858" />
  <attribute name ="GC Interval" value="2225" />
  <attribute name="Target GC Util Change" value ="80.000000" />
  <attribute name="Current GC Util Change" value="18.000000"/>
  <attribute name="Current Error" value="385.000000" />
  <attribute name="Output H" value="22123696"/>
  <attribute name="Output I" value="2224"/>
  <attribute name="Output T" value="16"/>
  <attribute name= "Current Time Running" value="121858" />
  <attribute name="GC Util currently" value="18" />
  <attribute name="CPU Util currently" value="26104080017" />
<allocation-satisfied id="1936" threadId="0000000000959F00" bytesRequested="32" />
<af-end id="1937" timestamp="2019-08-08T20:25:54.442" threadId="000000000095A888" success="true" from="nursery"/>
<exclusive-end id="1938" timestamp="2019-08-08T20:25:54.442" durationms="3.528" />

<exclusive-start id="1939" timestamp="2019-08-08T20:25:54.467" intervalms="28.385">
  <response-info timems="0.053" idlems="0.053" threads="0" lastid="0000000000959F00" lastname="main" />
</exclusive-start>
<af-start id="1940" threadId="000000000095A888" totalBytesRequested="176" timestamp="2019-08-08T20:25:54.467" intervalms="28.377" type="nursery" />
<cycle-start id="1941" type="scavenge" contextid="0" timestamp="2019-08-08T20:25:54.467" intervalms="28.370" />
<gc-start id="1942" type="scavenge" contextid="1941" timestamp="2019-08-08T20:25:54.467">
  <mem-info id="1943" free="317192" total="22085632" percent="1">
    <mem type="nursery" free="0" total="13893632" percent="0">
      <mem type="allocate" free="0" total="11993088" percent="0" />
      <mem type="survivor" free="0" total="1900544" percent="0" />
    </mem>
    <mem type="tenure" free="317192" total="8192000" percent="3">
      <mem type="soa" free="235272" total="8110080" percent="2" />
      <mem type="loa" free="81920" total="81920" percent="100" />
    </mem>
    <remembered-set count="249" />
  </mem-info>
</gc-start>
<allocation-stats totalBytes="11267592" >
  <allocated-bytes non-tlh="32" tlh="11267560" />
  <largest-consumer threadName="main" threadId="0000000000959F00" bytes="11267592" />
</allocation-stats>
<gc-op id="1944" type="scavenge" timems="1.857" contextid="1941" timestamp="2019-08-08T20:25:54.469">
  <scavenger-info tenureage="14" tenuremask="4000" tiltratio="86" />
  <memory-copied type="nursery" objects="4613" bytes="222632" bytesdiscarded="76952" />
  <references type="soft" candidates="39" cleared="0" enqueued="0" dynamicThreshold="15" maxThreshold="32" />
  <references type="weak" candidates="101" cleared="0" enqueued="0" />
</gc-op>
<heap-resize id="1945" type="expand" space="nursery" amount="655360" count="1" timems="0.020" reason="excessive time being spent scavenging" timestamp="2019-08-08T20:25:54.469" />
<gc-end id="1946" type="scavenge" contextid="1941" durationms="2.387" usertimems="6.696" systemtimems="0.000" timestamp="2019-08-08T20:25:54.470" activeThreads="16">
  <mem-info id="1947" free="12796928" total="22740992" percent="56">
    <mem type="nursery" free="12479736" total="14548992" percent="85">
      <mem type="allocate" free="12479736" total="12779520" percent="97" />
      <mem type="survivor" free="0" total="1769472" percent="0" />
    </mem>
    <mem type="tenure" free="317192" total="8192000" percent="3" macro-fragmented="140211">
      <mem type="soa" free="235272" total="8110080" percent="2" />
      <mem type="loa" free="81920" total="81920" percent="100" />
    </mem>
    <remembered-set count="235" />
  </mem-info>
</gc-end>
<cycle-end id="1948" type="scavenge" contextid="1941" timestamp="2019-08-08T20:25:54.470" />
  <attribute name="elasticGC enabled" value="1" />
  <attribute name= "numThreadsSpecified" value="16" />
  <attribute name="heapSize specified" value="15073280" />
  <attribute name="Current GC Util" value="23" />
  <attribute name= "Current Time Running" value="121886" />
  <attribute name ="GC Interval" value="2033" />
  <attribute name="Target GC Util Change" value ="80.000000" />
  <attribute name="Current GC Util Change" value="23.000000"/>
  <attribute name="Current Error" value="57.000000" />
  <attribute name="Output H" value="22123504"/>
  <attribute name="Output I" value="2032"/>
  <attribute name="Output T" value="16"/>
  <attribute name= "Current Time Running" value="121886" />
  <attribute name="GC Util currently" value="23" />
  <attribute name="CPU Util currently" value="40831771495" />
<allocation-satisfied id="1949" threadId="0000000000959F00" bytesRequested="176" />
<af-end id="1950" timestamp="2019-08-08T20:25:54.470" threadId="000000000095A888" success="true" from="nursery"/>
<exclusive-end id="1951" timestamp="2019-08-08T20:25:54.470" durationms="2.618" />

<exclusive-start id="1952" timestamp="2019-08-08T20:25:54.524" intervalms="57.188">
  <response-info timems="0.018" idlems="0.018" threads="0" lastid="0000000000959F00" lastname="main" />
</exclusive-start>
<af-start id="1953" threadId="000000000095A888" totalBytesRequested="40" timestamp="2019-08-08T20:25:54.524" intervalms="57.182" type="nursery" />
<cycle-start id="1954" type="scavenge" contextid="0" timestamp="2019-08-08T20:25:54.524" intervalms="57.183" />
<gc-start id="1955" type="scavenge" contextid="1954" timestamp="2019-08-08T20:25:54.524">
  <mem-info id="1956" free="314744" total="22740992" percent="1">
    <mem type="nursery" free="0" total="14548992" percent="0">
      <mem type="allocate" free="0" total="12779520" percent="0" />
      <mem type="survivor" free="0" total="1769472" percent="0" />
    </mem>
    <mem type="tenure" free="314744" total="8192000" percent="3">
      <mem type="soa" free="232824" total="8110080" percent="2" />
      <mem type="loa" free="81920" total="81920" percent="100" />
    </mem>
    <remembered-set count="259" />
  </mem-info>
</gc-start>
<allocation-stats totalBytes="12480704" >
  <allocated-bytes non-tlh="402640" tlh="12078064" />
  <largest-consumer threadName="main" threadId="0000000000959F00" bytes="12480704" />
</allocation-stats>
<gc-op id="1957" type="scavenge" timems="2.812" contextid="1954" timestamp="2019-08-08T20:25:54.527">
  <scavenger-info tenureage="6" tenuremask="4040" tiltratio="87" />
  <memory-copied type="nursery" objects="10422" bytes="734320" bytesdiscarded="104968" />
  <memory-copied type="tenure" objects="851" bytes="28792" bytesdiscarded="0" />
  <references type="soft" candidates="39" cleared="0" enqueued="0" dynamicThreshold="15" maxThreshold="32" />
  <references type="weak" candidates="43" cleared="0" enqueued="0" />
  <references type="phantom" candidates="1" cleared="0" enqueued="0" />
</gc-op>
<gc-end id="1958" type="scavenge" contextid="1954" durationms="3.188" usertimems="6.203" systemtimems="0.000" timestamp="2019-08-08T20:25:54.528" activeThreads="16">
  <mem-info id="1959" free="12385824" total="22740992" percent="54">
    <mem type="nursery" free="12071080" total="14548992" percent="82">
      <mem type="allocate" free="12071080" total="12910592" percent="93" />
      <mem type="survivor" free="0" total="1638400" percent="0" />
    </mem>
    <mem type="tenure" free="314744" total="8192000" percent="3" macro-fragmented="116842">
      <mem type="soa" free="232824" total="8110080" percent="2" />
      <mem type="loa" free="81920" total="81920" percent="100" />
    </mem>
    <remembered-set count="245" />
  </mem-info>
</gc-end>
<cycle-end id="1960" type="scavenge" contextid="1954" timestamp="2019-08-08T20:25:54.528" />
  <attribute name="elasticGC enabled" value="1" />
  <attribute name= "numThreadsSpecified" value="16" />
  <attribute name="heapSize specified" value="15073280" />
  <attribute name="Current GC Util" value="7" />
  <attribute name= "Current Time Running" value="121943" />
  <attribute name ="GC Interval" value="2081" />
  <attribute name="Target GC Util Change" value ="80.000000" />
  <attribute name="Current GC Util Change" value="7.000000"/>
  <attribute name="Current Error" value="130.000000" />
  <attribute name="Output H" value="22778912"/>
  <attribute name="Output I" value="2080"/>
  <attribute name="Output T" value="16"/>
  <attribute name= "Current Time Running" value="121943" />
  <attribute name="GC Util currently" value="7" />
  <attribute name="CPU Util currently" value="20167844472" />
<allocation-satisfied id="1961" threadId="0000000000959F00" bytesRequested="40" />
<af-end id="1962" timestamp="2019-08-08T20:25:54.528" threadId="000000000095A888" success="true" from="nursery"/>
<exclusive-end id="1963" timestamp="2019-08-08T20:25:54.528" durationms="3.408" />

<exclusive-start id="1964" timestamp="2019-08-08T20:25:54.549" intervalms="24.356">
  <response-info timems="0.021" idlems="0.021" threads="0" lastid="0000000000959F00" lastname="main" />
</exclusive-start>
<af-start id="1965" threadId="000000000095A888" totalBytesRequested="24" timestamp="2019-08-08T20:25:54.549" intervalms="24.360" type="nursery" />
<cycle-start id="1966" type="scavenge" contextid="0" timestamp="2019-08-08T20:25:54.549" intervalms="24.360" />
<gc-start id="1967" type="scavenge" contextid="1966" timestamp="2019-08-08T20:25:54.549">
  <mem-info id="1968" free="314744" total="22740992" percent="1">
    <mem type="nursery" free="0" total="14548992" percent="0">
      <mem type="allocate" free="0" total="12910592" percent="0" />
      <mem type="survivor" free="0" total="1638400" percent="0" />
    </mem>
    <mem type="tenure" free="314744" total="8192000" percent="3">
      <mem type="soa" free="232824" total="8110080" percent="2" />
      <mem type="loa" free="81920" total="81920" percent="100" />
    </mem>
    <remembered-set count="245" />
  </mem-info>
</gc-start>
<allocation-stats totalBytes="12070024" >
  <allocated-bytes non-tlh="40" tlh="12069984" />
  <largest-consumer threadName="main" threadId="0000000000959F00" bytes="12070024" />
</allocation-stats>
<gc-op id="1969" type="scavenge" timems="3.461" contextid="1966" timestamp="2019-08-08T20:25:54.552">
  <scavenger-info tenureage="11" tenuremask="4800" tiltratio="88" />
  <memory-copied type="nursery" objects="23308" bytes="1195328" bytesdiscarded="139592" />
  <memory-copied type="tenure" objects="86" bytes="2840" bytesdiscarded="32" />
  <references type="soft" candidates="38" cleared="0" enqueued="0" dynamicThreshold="15" maxThreshold="32" />
  <references type="weak" candidates="43" cleared="0" enqueued="0" />
  <references type="phantom" candidates="1" cleared="0" enqueued="0" />
</gc-op>
<heap-resize id="1970" type="expand" space="nursery" amount="917504" count="1" timems="0.019" reason="excessive time being spent scavenging" timestamp="2019-08-08T20:25:54.552" />
<gc-end id="1971" type="scavenge" contextid="1966" durationms="3.943" usertimems="8.827" systemtimems="0.000" timestamp="2019-08-08T20:25:54.553" activeThreads="16">
  <mem-info id="1972" free="12325160" total="23658496" percent="52">
    <mem type="nursery" free="12034224" total="15466496" percent="77">
      <mem type="allocate" free="12034224" total="13369344" percent="90" />
      <mem type="survivor" free="0" total="2097152" percent="0" />
    </mem>
    <mem type="tenure" free="290936" total="8192000" percent="3" macro-fragmented="0">
      <mem type="soa" free="209016" total="8110080" percent="2" />
      <mem type="loa" free="81920" total="81920" percent="100" />
    </mem>
    <remembered-set count="150" />
  </mem-info>
</gc-end>
<cycle-end id="1973" type="scavenge" contextid="1966" timestamp="2019-08-08T20:25:54.553" />
  <attribute name="elasticGC enabled" value="1" />
  <attribute name= "numThreadsSpecified" value="16" />
  <attribute name="heapSize specified" value="15073280" />
  <attribute name="Current GC Util" value="25" />
  <attribute name= "Current Time Running" value="121968" />
  <attribute name ="GC Interval" value="2113" />
  <attribute name="Target GC Util Change" value ="80.000000" />
  <attribute name="Current GC Util Change" value="25.000000"/>
  <attribute name="Current Error" value="185.000000" />
  <attribute name="Output H" value="22778944"/>
  <attribute name="Output I" value="2112"/>
  <attribute name="Output T" value="16"/>
  <attribute name= "Current Time Running" value="121968" />
  <attribute name="GC Util currently" value="25" />
  <attribute name="CPU Util currently" value="47242588098" />
<allocation-satisfied id="1974" threadId="0000000000959F00" bytesRequested="24" />
<af-end id="1975" timestamp="2019-08-08T20:25:54.553" threadId="000000000095A888" success="true" from="nursery"/>
<exclusive-end id="1976" timestamp="2019-08-08T20:25:54.553" durationms="4.158" />

<exclusive-start id="1977" timestamp="2019-08-08T20:25:54.594" intervalms="45.371">
  <response-info timems="0.016" idlems="0.016" threads="0" lastid="0000000000959F00" lastname="main" />
</exclusive-start>
<af-start id="1978" threadId="000000000095A888" totalBytesRequested="48" timestamp="2019-08-08T20:25:54.594" intervalms="45.388" type="nursery" />
<cycle-start id="1979" type="scavenge" contextid="0" timestamp="2019-08-08T20:25:54.594" intervalms="45.387" />
<gc-start id="1980" type="scavenge" contextid="1979" timestamp="2019-08-08T20:25:54.594">
  <mem-info id="1981" free="289272" total="23658496" percent="1">
    <mem type="nursery" free="0" total="15466496" percent="0">
      <mem type="allocate" free="0" total="13369344" percent="0" />
      <mem type="survivor" free="0" total="2097152" percent="0" />
    </mem>
    <mem type="tenure" free="289272" total="8192000" percent="3">
      <mem type="soa" free="207352" total="8110080" percent="2" />
      <mem type="loa" free="81920" total="81920" percent="100" />
    </mem>
    <remembered-set count="182" />
  </mem-info>
</gc-start>
<allocation-stats totalBytes="12033456" >
  <allocated-bytes non-tlh="601712" tlh="11431744" />
  <largest-consumer threadName="main" threadId="0000000000959F00" bytes="12033456" />
</allocation-stats>
<gc-op id="1982" type="scavenge" timems="2.166" contextid="1979" timestamp="2019-08-08T20:25:54.596">
  <scavenger-info tenureage="14" tenuremask="4000" tiltratio="86" />
  <memory-copied type="nursery" objects="6050" bytes="496872" bytesdiscarded="119264" />
  <references type="soft" candidates="41" cleared="0" enqueued="0" dynamicThreshold="15" maxThreshold="32" />
  <references type="weak" candidates="60" cleared="0" enqueued="0" />
  <references type="phantom" candidates="1" cleared="0" enqueued="0" />
</gc-op>
<gc-end id="1983" type="scavenge" contextid="1979" durationms="2.719" usertimems="4.802" systemtimems="0.000" timestamp="2019-08-08T20:25:54.597" activeThreads="16">
  <mem-info id="1984" free="13304336" total="23658496" percent="56">
    <mem type="nursery" free="13015064" total="15466496" percent="84">
      <mem type="allocate" free="13015064" total="13631488" percent="95" />
      <mem type="survivor" free="0" total="1835008" percent="0" />
    </mem>
    <mem type="tenure" free="289272" total="8192000" percent="3" macro-fragmented="140211">
      <mem type="soa" free="207352" total="8110080" percent="2" />
      <mem type="loa" free="81920" total="81920" percent="100" />
    </mem>
    <remembered-set count="164" />
  </mem-info>
</gc-end>
<cycle-end id="1985" type="scavenge" contextid="1979" timestamp="2019-08-08T20:25:54.597" />
  <attribute name="elasticGC enabled" value="1" />
  <attribute name= "numThreadsSpecified" value="16" />
  <attribute name="heapSize specified" value="15073280" />
  <attribute name="Current GC Util" value="18" />
  <attribute name= "Current Time Running" value="122013" />
  <attribute name ="GC Interval" value="2145" />
  <attribute name="Target GC Util Change" value ="80.000000" />
  <attribute name="Current GC Util Change" value="18.000000"/>
  <attribute name="Current Error" value="247.000000" />
  <attribute name="Output H" value="23696480"/>
  <attribute name="Output I" value="2144"/>
  <attribute name="Output T" value="16"/>
  <attribute name= "Current Time Running" value="122013" />
  <attribute name="GC Util currently" value="18" />
  <attribute name="CPU Util currently" value="25415328985" />
<allocation-satisfied id="1986" threadId="0000000000959F00" bytesRequested="48" />
<af-end id="1987" timestamp="2019-08-08T20:25:54.597" threadId="000000000095A888" success="true" from="nursery"/>
<exclusive-end id="1988" timestamp="2019-08-08T20:25:54.597" durationms="2.989" />

<exclusive-start id="1989" timestamp="2019-08-08T20:25:54.650" intervalms="55.777">
  <response-info timems="0.046" idlems="0.046" threads="0" lastid="0000000000959F00" lastname="main" />
</exclusive-start>
<af-start id="1990" threadId="000000000095A888" totalBytesRequested="24" timestamp="2019-08-08T20:25:54.650" intervalms="55.876" type="nursery" />
<cycle-start id="1991" type="scavenge" contextid="0" timestamp="2019-08-08T20:25:54.650" intervalms="55.881" />
<gc-start id="1992" type="scavenge" contextid="1991" timestamp="2019-08-08T20:25:54.650">
  <mem-info id="1993" free="288848" total="23658496" percent="1">
    <mem type="nursery" free="0" total="15466496" percent="0">
      <mem type="allocate" free="0" total="13631488" percent="0" />
      <mem type="survivor" free="0" total="1835008" percent="0" />
    </mem>
    <mem type="tenure" free="288848" total="8192000" percent="3">
      <mem type="soa" free="206928" total="8110080" percent="2" />
      <mem type="loa" free="81920" total="81920" percent="100" />
    </mem>
    <remembered-set count="172" />
  </mem-info>
</gc-start>
<allocation-stats totalBytes="13013984" >
  <allocated-bytes non-tlh="200480" tlh="12813504" />
  <largest-consumer threadName="main" threadId="0000000000959F00" bytes="13013984" />
</allocation-stats>
<gc-op id="1994" type="scavenge" timems="3.426" contextid="1991" timestamp="2019-08-08T20:25:54.653">
  <scavenger-info tenureage="8" tenuremask="4100" tiltratio="88" />
  <memory-copied type="nursery" objects="9285" bytes="660464" bytesdiscarded="72160" />
  <memory-copied type="tenure" objects="500" bytes="17832" bytesdiscarded="0" />
  <references type="soft" candidates="8" cleared="0" enqueued="0" dynamicThreshold="15" maxThreshold="32" />
  <references type="weak" candidates="53" cleared="0" enqueued="0" />
  <references type="phantom" candidates="1" cleared="0" enqueued="0" />
</gc-op>
<gc-end id="1995" type="scavenge" contextid="1991" durationms="3.855" usertimems="10.161" systemtimems="0.000" timestamp="2019-08-08T20:25:54.654" activeThreads="16">
  <mem-info id="1996" free="13294744" total="23658496" percent="56">
    <mem type="nursery" free="13029704" total="15466496" percent="84">
      <mem type="allocate" free="13029704" total="13762560" percent="94" />
      <mem type="survivor" free="0" total="1703936" percent="0" />
    </mem>
    <mem type="tenure" free="265040" total="8192000" percent="3" macro-fragmented="0">
      <mem type="soa" free="183120" total="8110080" percent="2" />
      <mem type="loa" free="81920" total="81920" percent="100" />
    </mem>
    <remembered-set count="152" />
  </mem-info>
</gc-end>
<cycle-end id="1997" type="scavenge" contextid="1991" timestamp="2019-08-08T20:25:54.654" />
  <attribute name="elasticGC enabled" value="1" />
  <attribute name= "numThreadsSpecified" value="16" />
  <attribute name="heapSize specified" value="15073280" />
  <attribute name="Current GC Util" value="8" />
  <attribute name= "Current Time Running" value="122069" />
  <attribute name ="GC Interval" value="2185" />
  <attribute name="Target GC Util Change" value ="80.000000" />
  <attribute name="Current GC Util Change" value="8.000000"/>
  <attribute name="Current Error" value="319.000000" />
  <attribute name="Output H" value="23696520"/>
  <attribute name="Output I" value="2184"/>
  <attribute name="Output T" value="16"/>
  <attribute name= "Current Time Running" value="122069" />
  <attribute name="GC Util currently" value="8" />
  <attribute name="CPU Util currently" value="20636137685" />
<allocation-satisfied id="1998" threadId="0000000000959F00" bytesRequested="24" />
<af-end id="1999" timestamp="2019-08-08T20:25:54.654" threadId="000000000095A888" success="true" from="nursery"/>
<exclusive-end id="2000" timestamp="2019-08-08T20:25:54.654" durationms="4.298" />

<exclusive-start id="2001" timestamp="2019-08-08T20:25:54.686" intervalms="36.252">
  <response-info timems="0.043" idlems="0.043" threads="0" lastid="0000000000959F00" lastname="main" />
</exclusive-start>
<af-start id="2002" threadId="000000000095A888" totalBytesRequested="40" timestamp="2019-08-08T20:25:54.686" intervalms="36.131" type="nursery" />
<cycle-start id="2003" type="scavenge" contextid="0" timestamp="2019-08-08T20:25:54.686" intervalms="36.126" />
<gc-start id="2004" type="scavenge" contextid="2003" timestamp="2019-08-08T20:25:54.686">
  <mem-info id="2005" free="264680" total="23658496" percent="1">
    <mem type="nursery" free="0" total="15466496" percent="0">
      <mem type="allocate" free="0" total="13762560" percent="0" />
      <mem type="survivor" free="0" total="1703936" percent="0" />
    </mem>
    <mem type="tenure" free="264680" total="8192000" percent="3">
      <mem type="soa" free="182760" total="8110080" percent="2" />
      <mem type="loa" free="81920" total="81920" percent="100" />
    </mem>
    <remembered-set count="159" />
  </mem-info>
</gc-start>
<allocation-stats totalBytes="13028368" >
  <allocated-bytes non-tlh="200392" tlh="12827976" />
  <largest-consumer threadName="main" threadId="0000000000959F00" bytes="13028368" />
</allocation-stats>
<gc-op id="2006" type="scavenge" timems="3.176" contextid="2003" timestamp="2019-08-08T20:25:54.689">
  <scavenger-info tenureage="14" tenuremask="4000" tiltratio="88" />
  <memory-copied type="nursery" objects="8788" bytes="642360" bytesdiscarded="168152" />
  <references type="soft" candidates="9" cleared="0" enqueued="0" dynamicThreshold="15" maxThreshold="32" />
  <references type="weak" candidates="57" cleared="0" enqueued="0" />
  <references type="phantom" candidates="1" cleared="0" enqueued="0" />
</gc-op>
<heap-resize id="2007" type="expand" space="nursery" amount="786432" count="1" timems="0.016" reason="excessive time being spent scavenging" timestamp="2019-08-08T20:25:54.690" />
<gc-end id="2008" type="scavenge" contextid="2003" durationms="3.646" usertimems="7.316" systemtimems="0.000" timestamp="2019-08-08T20:25:54.690" activeThreads="16">
  <mem-info id="2009" free="14002904" total="24444928" percent="57">
    <mem type="nursery" free="13738224" total="16252928" percent="84">
      <mem type="allocate" free="13738224" total="14548992" percent="94" />
      <mem type="survivor" free="0" total="1703936" percent="0" />
    </mem>
    <mem type="tenure" free="264680" total="8192000" percent="3" macro-fragmented="2116">
      <mem type="soa" free="182760" total="8110080" percent="2" />
      <mem type="loa" free="81920" total="81920" percent="100" />
    </mem>
    <remembered-set count="131" />
  </mem-info>
</gc-end>
<cycle-end id="2010" type="scavenge" contextid="2003" timestamp="2019-08-08T20:25:54.690" />
  <attribute name="elasticGC enabled" value="1" />
  <attribute name= "numThreadsSpecified" value="16" />
  <attribute name="heapSize specified" value="15073280" />
  <attribute name="Current GC Util" value="22" />
  <attribute name= "Current Time Running" value="122105" />
  <attribute name ="GC Interval" value="2225" />
  <attribute name="Target GC Util Change" value ="80.000000" />
  <attribute name="Current GC Util Change" value="22.000000"/>
  <attribute name="Current Error" value="377.000000" />
  <attribute name="Output H" value="23696560"/>
  <attribute name="Output I" value="2224"/>
  <attribute name="Output T" value="16"/>
  <attribute name= "Current Time Running" value="122105" />
  <attribute name="GC Util currently" value="22" />
  <attribute name="CPU Util currently" value="31919251758" />
<allocation-satisfied id="2011" threadId="0000000000959F00" bytesRequested="40" />
<af-end id="2012" timestamp="2019-08-08T20:25:54.690" threadId="000000000095A888" success="true" from="nursery"/>
<exclusive-end id="2013" timestamp="2019-08-08T20:25:54.690" durationms="3.860" />

<exclusive-start id="2014" timestamp="2019-08-08T20:25:54.729" intervalms="43.309">
  <response-info timems="0.052" idlems="0.052" threads="0" lastid="0000000000959F00" lastname="main" />
</exclusive-start>
<af-start id="2015" threadId="000000000095A888" totalBytesRequested="24" timestamp="2019-08-08T20:25:54.729" intervalms="43.323" type="nursery" />
<cycle-start id="2016" type="scavenge" contextid="0" timestamp="2019-08-08T20:25:54.729" intervalms="43.328" />
<gc-start id="2017" type="scavenge" contextid="2016" timestamp="2019-08-08T20:25:54.729">
  <mem-info id="2018" free="264680" total="24444928" percent="1">
    <mem type="nursery" free="0" total="16252928" percent="0">
      <mem type="allocate" free="0" total="14548992" percent="0" />
      <mem type="survivor" free="0" total="1703936" percent="0" />
    </mem>
    <mem type="tenure" free="264680" total="8192000" percent="3">
      <mem type="soa" free="182760" total="8110080" percent="2" />
      <mem type="loa" free="81920" total="81920" percent="100" />
    </mem>
    <remembered-set count="131" />
  </mem-info>
</gc-start>
<allocation-stats totalBytes="13736808" >
  <allocated-bytes non-tlh="40" tlh="13736768" />
  <largest-consumer threadName="main" threadId="0000000000959F00" bytes="13736808" />
</allocation-stats>
<gc-op id="2019" type="scavenge" timems="3.719" contextid="2016" timestamp="2019-08-08T20:25:54.733">
  <scavenger-info tenureage="14" tenuremask="4000" tiltratio="89" />
  <memory-copied type="nursery" objects="17912" bytes="981536" bytesdiscarded="108760" />
  <references type="soft" candidates="9" cleared="0" enqueued="0" dynamicThreshold="15" maxThreshold="32" />
  <references type="weak" candidates="57" cleared="0" enqueued="0" />
  <references type="phantom" candidates="1" cleared="0" enqueued="0" />
</gc-op>
<heap-resize id="2020" type="expand" space="nursery" amount="655360" count="1" timems="0.022" reason="excessive time being spent scavenging" timestamp="2019-08-08T20:25:54.734" />
<gc-end id="2021" type="scavenge" contextid="2016" durationms="4.349" usertimems="12.337" systemtimems="0.000" timestamp="2019-08-08T20:25:54.734" activeThreads="16">
  <mem-info id="2022" free="14378480" total="25100288" percent="57">
    <mem type="nursery" free="14113800" total="16908288" percent="83">
      <mem type="allocate" free="14113800" total="15204352" percent="92" />
      <mem type="survivor" free="0" total="1703936" percent="0" />
    </mem>
    <mem type="tenure" free="264680" total="8192000" percent="3" macro-fragmented="0">
      <mem type="soa" free="182760" total="8110080" percent="2" />
      <mem type="loa" free="81920" total="81920" percent="100" />
    </mem>
    <remembered-set count="125" />
  </mem-info>
</gc-end>
<cycle-end id="2023" type="scavenge" contextid="2016" timestamp="2019-08-08T20:25:54.734" />
  <attribute name="elasticGC enabled" value="1" />
  <attribute name= "numThreadsSpecified" value="16" />
  <attribute name="heapSize specified" value="15073280" />
  <attribute name="Current GC Util" value="16" />
  <attribute name= "Current Time Running" value="122149" />
  <attribute name ="GC Interval" value="2041" />
  <attribute name="Target GC Util Change" value ="80.000000" />
  <attribute name="Current GC Util Change" value="16.000000"/>
  <attribute name="Current Error" value="64.000000" />
  <attribute name="Output H" value="24482808"/>
  <attribute name="Output I" value="2040"/>
  <attribute name="Output T" value="16"/>
  <attribute name= "Current Time Running" value="122149" />
  <attribute name="GC Util currently" value="16" />
  <attribute name="CPU Util currently" value="26587059564" />
<allocation-satisfied id="2024" threadId="0000000000959F00" bytesRequested="24" />
<af-end id="2025" timestamp="2019-08-08T20:25:54.734" threadId="000000000095A888" success="true" from="nursery"/>
<exclusive-end id="2026" timestamp="2019-08-08T20:25:54.734" durationms="4.654" />

<exclusive-start id="2027" timestamp="2019-08-08T20:25:54.798" intervalms="68.553">
  <response-info timems="0.104" idlems="0.104" threads="0" lastid="0000000000959F00" lastname="main" />
</exclusive-start>
<af-start id="2028" threadId="000000000095A888" totalBytesRequested="32" timestamp="2019-08-08T20:25:54.798" intervalms="68.543" type="nursery" />
<cycle-start id="2029" type="scavenge" contextid="0" timestamp="2019-08-08T20:25:54.798" intervalms="68.537" />
<gc-start id="2030" type="scavenge" contextid="2029" timestamp="2019-08-08T20:25:54.798">
  <mem-info id="2031" free="262312" total="25100288" percent="1">
    <mem type="nursery" free="0" total="16908288" percent="0">
      <mem type="allocate" free="0" total="15204352" percent="0" />
      <mem type="survivor" free="0" total="1703936" percent="0" />
    </mem>
    <mem type="tenure" free="262312" total="8192000" percent="3">
      <mem type="soa" free="180392" total="8110080" percent="2" />
      <mem type="loa" free="81920" total="81920" percent="100" />
    </mem>
    <remembered-set count="169" />
  </mem-info>
</gc-start>
<allocation-stats totalBytes="14114160" >
  <allocated-bytes non-tlh="1002432" tlh="13111728" />
  <largest-consumer threadName="main" threadId="0000000000959F00" bytes="14114160" />
</allocation-stats>
<gc-op id="2032" type="scavenge" timems="3.096" contextid="2029" timestamp="2019-08-08T20:25:54.801">
  <scavenger-info tenureage="8" tenuremask="4300" tiltratio="89" />
  <memory-copied type="nursery" objects="11114" bytes="736352" bytesdiscarded="94560" />
  <memory-copied type="tenure" objects="968" bytes="30320" bytesdiscarded="56" />
  <references type="soft" candidates="12" cleared="0" enqueued="0" dynamicThreshold="15" maxThreshold="32" />
  <references type="weak" candidates="65" cleared="0" enqueued="0" />
  <references type="phantom" candidates="1" cleared="0" enqueued="0" />
</gc-op>
<gc-end id="2033" type="scavenge" contextid="2029" durationms="3.618" usertimems="6.492" systemtimems="0.000" timestamp="2019-08-08T20:25:54.802" activeThreads="16">
  <mem-info id="2034" free="14611616" total="25100288" percent="58">
    <mem type="nursery" free="14373112" total="16908288" percent="85">
      <mem type="allocate" free="14373112" total="15204352" percent="94" />
      <mem type="survivor" free="0" total="1703936" percent="0" />
    </mem>
    <mem type="tenure" free="238504" total="8192000" percent="2" macro-fragmented="0">
      <mem type="soa" free="156584" total="8110080" percent="1" />
      <mem type="loa" free="81920" total="81920" percent="100" />
    </mem>
    <remembered-set count="162" />
  </mem-info>
</gc-end>
<cycle-end id="2035" type="scavenge" contextid="2029" timestamp="2019-08-08T20:25:54.802" />
  <attribute name="elasticGC enabled" value="1" />
  <attribute name= "numThreadsSpecified" value="16" />
  <attribute name="heapSize specified" value="15073280" />
  <attribute name="Current GC Util" value="13" />
  <attribute name= "Current Time Running" value="122217" />
  <attribute name ="GC Interval" value="2081" />
  <attribute name="Target GC Util Change" value ="80.000000" />
  <attribute name="Current GC Util Change" value="13.000000"/>
  <attribute name="Current Error" value="131.000000" />
  <attribute name="Output H" value="25138208"/>
  <attribute name="Output I" value="2080"/>
  <attribute name="Output T" value="16"/>
  <attribute name= "Current Time Running" value="122217" />
  <attribute name="GC Util currently" value="13" />
  <attribute name="CPU Util currently" value="16828154109" />
<allocation-satisfied id="2036" threadId="0000000000959F00" bytesRequested="32" />
<af-end id="2037" timestamp="2019-08-08T20:25:54.802" threadId="000000000095A888" success="true" from="nursery"/>
<exclusive-end id="2038" timestamp="2019-08-08T20:25:54.802" durationms="3.860" />

<exclusive-start id="2039" timestamp="2019-08-08T20:25:54.851" intervalms="52.733">
  <response-info timems="0.054" idlems="0.054" threads="0" lastid="0000000000959F00" lastname="main" />
</exclusive-start>
<af-start id="2040" threadId="000000000095A888" totalBytesRequested="32" timestamp="2019-08-08T20:25:54.851" intervalms="52.744" type="nursery" />
<cycle-start id="2041" type="scavenge" contextid="0" timestamp="2019-08-08T20:25:54.851" intervalms="52.752" />
<gc-start id="2042" type="scavenge" contextid="2041" timestamp="2019-08-08T20:25:54.851">
  <mem-info id="2043" free="237344" total="25100288" percent="0">
    <mem type="nursery" free="0" total="16908288" percent="0">
      <mem type="allocate" free="0" total="15204352" percent="0" />
      <mem type="survivor" free="0" total="1703936" percent="0" />
    </mem>
    <mem type="tenure" free="237344" total="8192000" percent="2">
      <mem type="soa" free="155424" total="8110080" percent="1" />
      <mem type="loa" free="81920" total="81920" percent="100" />
    </mem>
    <remembered-set count="187" />
  </mem-info>
</gc-start>
<allocation-stats totalBytes="14372464" >
  <allocated-bytes non-tlh="266744" tlh="14105720" />
  <largest-consumer threadName="main" threadId="0000000000959F00" bytes="14372464" />
</allocation-stats>
<gc-op id="2044" type="scavenge" timems="5.588" contextid="2041" timestamp="2019-08-08T20:25:54.856">
  <scavenger-info tenureage="14" tenuremask="4000" tiltratio="89" />
  <memory-copied type="nursery" objects="11397" bytes="813600" bytesdiscarded="42464" />
  <references type="soft" candidates="13" cleared="0" enqueued="0" dynamicThreshold="15" maxThreshold="32" />
  <references type="weak" candidates="81" cleared="0" enqueued="0" />
  <references type="phantom" candidates="1" cleared="0" enqueued="0" />
</gc-op>
<heap-resize id="2045" type="expand" space="nursery" amount="917504" count="1" timems="0.022" reason="excessive time being spent scavenging" timestamp="2019-08-08T20:25:54.857" />
<gc-end id="2046" type="scavenge" contextid="2041" durationms="7.218" usertimems="8.324" systemtimems="0.000" timestamp="2019-08-08T20:25:54.858" activeThreads="16">
  <mem-info id="2047" free="15371712" total="26017792" percent="59">
    <mem type="nursery" free="15134368" total="17825792" percent="84">
      <mem type="allocate" free="15134368" total="15990784" percent="94" />
      <mem type="survivor" free="0" total="1835008" percent="0" />
    </mem>
    <mem type="tenure" free="237344" total="8192000" percent="2" macro-fragmented="140211">
      <mem type="soa" free="155424" total="8110080" percent="1" />
      <mem type="loa" free="81920" total="81920" percent="100" />
    </mem>
    <remembered-set count="185" />
  </mem-info>
</gc-end>
<cycle-end id="2048" type="scavenge" contextid="2041" timestamp="2019-08-08T20:25:54.858" />
  <attribute name="elasticGC enabled" value="1" />
  <attribute name= "numThreadsSpecified" value="16" />
  <attribute name="heapSize specified" value="15073280" />
  <attribute name="Current GC Util" value="11" />
  <attribute name= "Current Time Running" value="122270" />
  <attribute name ="GC Interval" value="2121" />
  <attribute name="Target GC Util Change" value ="80.000000" />
  <attribute name="Current GC Util Change" value="11.000000"/>
  <attribute name="Current Error" value="200.000000" />
  <attribute name="Output H" value="25138248"/>
  <attribute name="Output I" value="2120"/>
  <attribute name="Output T" value="16"/>
  <attribute name= "Current Time Running" value="122270" />
  <attribute name="GC Util currently" value="11" />
  <attribute name="CPU Util currently" value="21826621304" />
<allocation-satisfied id="2049" threadId="0000000000959F00" bytesRequested="32" />
<af-end id="2050" timestamp="2019-08-08T20:25:54.858" threadId="000000000095A888" success="true" from="nursery"/>
<exclusive-end id="2051" timestamp="2019-08-08T20:25:54.858" durationms="7.477" />

<exclusive-start id="2052" timestamp="2019-08-08T20:25:54.899" intervalms="48.191">
  <response-info timems="0.078" idlems="0.078" threads="0" lastid="0000000000959F00" lastname="main" />
</exclusive-start>
<af-start id="2053" threadId="000000000095A888" totalBytesRequested="120" timestamp="2019-08-08T20:25:54.899" intervalms="48.366" type="nursery" />
<cycle-start id="2054" type="scavenge" contextid="0" timestamp="2019-08-08T20:25:54.899" intervalms="48.371" />
<gc-start id="2055" type="scavenge" contextid="2054" timestamp="2019-08-08T20:25:54.899">
  <mem-info id="2056" free="237344" total="26017792" percent="0">
    <mem type="nursery" free="0" total="17825792" percent="0">
      <mem type="allocate" free="0" total="15990784" percent="0" />
      <mem type="survivor" free="0" total="1835008" percent="0" />
    </mem>
    <mem type="tenure" free="237344" total="8192000" percent="2">
      <mem type="soa" free="155424" total="8110080" percent="1" />
      <mem type="loa" free="81920" total="81920" percent="100" />
    </mem>
    <remembered-set count="185" />
  </mem-info>
</gc-start>
<allocation-stats totalBytes="15132712" >
  <allocated-bytes non-tlh="32" tlh="15132680" />
  <largest-consumer threadName="main" threadId="0000000000959F00" bytes="15132712" />
</allocation-stats>
<gc-op id="2057" type="scavenge" timems="4.078" contextid="2054" timestamp="2019-08-08T20:25:54.903">
  <scavenger-info tenureage="14" tenuremask="4000" tiltratio="89" />
  <memory-copied type="nursery" objects="19533" bytes="800160" bytesdiscarded="87616" />
  <references type="soft" candidates="13" cleared="0" enqueued="0" dynamicThreshold="15" maxThreshold="32" />
  <references type="weak" candidates="81" cleared="0" enqueued="0" />
</gc-op>
<heap-resize id="2058" type="expand" space="nursery" amount="655360" count="1" timems="0.017" reason="excessive time being spent scavenging" timestamp="2019-08-08T20:25:54.903" />
<gc-end id="2059" type="scavenge" contextid="2054" durationms="4.562" usertimems="13.897" systemtimems="0.000" timestamp="2019-08-08T20:25:54.904" activeThreads="16">
  <mem-info id="2060" free="15929856" total="26673152" percent="59">
    <mem type="nursery" free="15692512" total="18481152" percent="84">
      <mem type="allocate" free="15692512" total="16580608" percent="94" />
      <mem type="survivor" free="0" total="1900544" percent="0" />
    </mem>
    <mem type="tenure" free="237344" total="8192000" percent="2" macro-fragmented="0">
      <mem type="soa" free="155424" total="8110080" percent="1" />
      <mem type="loa" free="81920" total="81920" percent="100" />
    </mem>
    <remembered-set count="147" />
  </mem-info>
</gc-end>
<cycle-end id="2061" type="scavenge" contextid="2054" timestamp="2019-08-08T20:25:54.904" />
  <attribute name="elasticGC enabled" value="1" />
  <attribute name= "numThreadsSpecified" value="16" />
  <attribute name="heapSize specified" value="15073280" />
  <attribute name="Current GC Util" value="14" />
  <attribute name= "Current Time Running" value="122318" />
  <attribute name ="GC Interval" value="2161" />
  <attribute name="Target GC Util Change" value ="80.000000" />
  <attribute name="Current GC Util Change" value="14.000000"/>
  <attribute name="Current Error" value="266.000000" />
  <attribute name="Output H" value="26055792"/>
  <attribute name="Output I" value="2160"/>
  <attribute name="Output T" value="16"/>
  <attribute name= "Current Time Running" value="122318" />
  <attribute name="GC Util currently" value="14" />
  <attribute name="CPU Util currently" value="23854636018" />
<allocation-satisfied id="2062" threadId="0000000000959F00" bytesRequested="120" />
<af-end id="2063" timestamp="2019-08-08T20:25:54.904" threadId="000000000095A888" success="true" from="nursery"/>
<exclusive-end id="2064" timestamp="2019-08-08T20:25:54.904" durationms="5.296" />

<exclusive-start id="2065" timestamp="2019-08-08T20:25:54.957" intervalms="58.320">
  <response-info timems="0.128" idlems="0.128" threads="0" lastid="0000000000959F00" lastname="main" />
</exclusive-start>
<af-start id="2066" threadId="000000000095A888" totalBytesRequested="16" timestamp="2019-08-08T20:25:54.957" intervalms="58.130" type="nursery" />
<cycle-start id="2067" type="scavenge" contextid="0" timestamp="2019-08-08T20:25:54.957" intervalms="58.122" />
<gc-start id="2068" type="scavenge" contextid="2067" timestamp="2019-08-08T20:25:54.957">
  <mem-info id="2069" free="236680" total="26673152" percent="0">
    <mem type="nursery" free="0" total="18481152" percent="0">
      <mem type="allocate" free="0" total="16580608" percent="0" />
      <mem type="survivor" free="0" total="1900544" percent="0" />
    </mem>
    <mem type="tenure" free="236680" total="8192000" percent="2">
      <mem type="soa" free="154760" total="8110080" percent="1" />
      <mem type="loa" free="81920" total="81920" percent="100" />
    </mem>
    <remembered-set count="161" />
  </mem-info>
</gc-start>
<allocation-stats totalBytes="15690576" >
  <allocated-bytes non-tlh="200792" tlh="15489784" />
  <largest-consumer threadName="main" threadId="0000000000959F00" bytes="15690576" />
</allocation-stats>
<gc-op id="2070" type="scavenge" timems="8.285" contextid="2067" timestamp="2019-08-08T20:25:54.966">
  <scavenger-info tenureage="9" tenuremask="4200" tiltratio="89" />
  <memory-copied type="nursery" objects="16337" bytes="679304" bytesdiscarded="91224" />
  <memory-copied type="tenure" objects="453" bytes="16344" bytesdiscarded="0" />
  <references type="soft" candidates="12" cleared="0" enqueued="0" dynamicThreshold="15" maxThreshold="32" />
  <references type="weak" candidates="75" cleared="0" enqueued="0" />
</gc-op>
<heap-resize id="2071" type="expand" space="nursery" amount="1179648" count="1" timems="0.087" reason="excessive time being spent scavenging" timestamp="2019-08-08T20:25:54.966" />
<gc-end id="2072" type="scavenge" contextid="2067" durationms="9.083" usertimems="15.972" systemtimems="0.000" timestamp="2019-08-08T20:25:54.966" activeThreads="16">
  <mem-info id="2073" free="17095040" total="27852800" percent="61">
    <mem type="nursery" free="16858360" total="19660800" percent="85">
      <mem type="allocate" free="16858360" total="17629184" percent="95" />
      <mem type="survivor" free="0" total="2031616" percent="0" />
    </mem>
    <mem type="tenure" free="236680" total="8192000" percent="2" macro-fragmented="0">
      <mem type="soa" free="154760" total="8110080" percent="1" />
      <mem type="loa" free="81920" total="81920" percent="100" />
    </mem>
    <remembered-set count="136" />
  </mem-info>
</gc-end>
<cycle-end id="2074" type="scavenge" contextid="2067" timestamp="2019-08-08T20:25:54.966" />
  <attribute name="elasticGC enabled" value="1" />
  <attribute name= "numThreadsSpecified" value="16" />
  <attribute name="heapSize specified" value="15073280" />
  <attribute name="Current GC Util" value="11" />
  <attribute name= "Current Time Running" value="122376" />
  <attribute name ="GC Interval" value="2201" />
  <attribute name="Target GC Util Change" value ="80.000000" />
  <attribute name="Current GC Util Change" value="11.000000"/>
  <attribute name="Current Error" value="335.000000" />
  <attribute name="Output H" value="26711192"/>
  <attribute name="Output I" value="2200"/>
  <attribute name="Output T" value="16"/>
  <attribute name= "Current Time Running" value="122376" />
  <attribute name="GC Util currently" value="11" />
  <attribute name="CPU Util currently" value="19834749481" />
<allocation-satisfied id="2075" threadId="0000000000959F00" bytesRequested="16" />
<af-end id="2076" timestamp="2019-08-08T20:25:54.966" threadId="000000000095A888" success="true" from="nursery"/>
<exclusive-end id="2077" timestamp="2019-08-08T20:25:54.966" durationms="9.403" />

<exclusive-start id="2078" timestamp="2019-08-08T20:25:55.091" intervalms="133.424">
  <response-info timems="0.154" idlems="0.154" threads="0" lastid="0000000000959F00" lastname="main" />
</exclusive-start>
<af-start id="2079" threadId="000000000095A888" totalBytesRequested="24" timestamp="2019-08-08T20:25:55.091" intervalms="133.455" type="nursery" />
<cycle-start id="2080" type="scavenge" contextid="0" timestamp="2019-08-08T20:25:55.091" intervalms="133.461" />
<gc-start id="2081" type="scavenge" contextid="2080" timestamp="2019-08-08T20:25:55.091">
  <mem-info id="2082" free="203816" total="27852800" percent="0">
    <mem type="nursery" free="0" total="19660800" percent="0">
      <mem type="allocate" free="0" total="17629184" percent="0" />
      <mem type="survivor" free="0" total="2031616" percent="0" />
    </mem>
    <mem type="tenure" free="203816" total="8192000" percent="2">
      <mem type="soa" free="121896" total="8110080" percent="1" />
      <mem type="loa" free="81920" total="81920" percent="100" />
    </mem>
    <remembered-set count="680" />
  </mem-info>
</gc-start>
<allocation-stats totalBytes="16887032" >
  <allocated-bytes non-tlh="698448" tlh="16188584" />
  <largest-consumer threadName="main" threadId="0000000000959F00" bytes="16887032" />
</allocation-stats>
<gc-op id="2083" type="scavenge" timems="9.380" contextid="2080" timestamp="2019-08-08T20:25:55.100">
  <scavenger-info tenureage="14" tenuremask="4000" tiltratio="89" />
  <memory-copied type="nursery" objects="21884" bytes="1197968" bytesdiscarded="172216" />
  <references type="soft" candidates="646" cleared="0" enqueued="0" dynamicThreshold="15" maxThreshold="32" />
  <references type="weak" candidates="176" cleared="19" enqueued="19" />
  <references type="phantom" candidates="1" cleared="0" enqueued="0" />
</gc-op>
<gc-end id="2084" type="scavenge" contextid="2080" durationms="9.889" usertimems="39.671" systemtimems="0.000" timestamp="2019-08-08T20:25:55.101" activeThreads="16">
  <mem-info id="2085" free="16527832" total="27852800" percent="59">
    <mem type="nursery" free="16324016" total="19660800" percent="83">
      <mem type="allocate" free="16324016" total="17694720" percent="92" />
      <mem type="survivor" free="0" total="1966080" percent="0" />
    </mem>
    <mem type="tenure" free="203816" total="8192000" percent="2" macro-fragmented="0">
      <mem type="soa" free="121896" total="8110080" percent="1" />
      <mem type="loa" free="81920" total="81920" percent="100" />
    </mem>
    <pending-finalizers system="0" default="0" reference="19" classloader="0" />
    <remembered-set count="679" />
  </mem-info>
</gc-end>
<cycle-end id="2086" type="scavenge" contextid="2080" timestamp="2019-08-08T20:25:55.101" />
  <attribute name="elasticGC enabled" value="1" />
  <attribute name= "numThreadsSpecified" value="16" />
  <attribute name="heapSize specified" value="15073280" />
  <attribute name="Current GC Util" value="5" />
  <attribute name= "Current Time Running" value="122510" />
  <attribute name ="GC Interval" value="2241" />
  <attribute name="Target GC Util Change" value ="80.000000" />
  <attribute name="Current GC Util Change" value="5.000000"/>
  <attribute name="Current Error" value="410.000000" />
  <attribute name="Output H" value="27890880"/>
  <attribute name="Output I" value="2240"/>
  <attribute name="Output T" value="16"/>
  <attribute name= "Current Time Running" value="122510" />
  <attribute name="GC Util currently" value="5" />
  <attribute name="CPU Util currently" value="8636858377" />
<allocation-satisfied id="2087" threadId="0000000000959F00" bytesRequested="24" />
<af-end id="2088" timestamp="2019-08-08T20:25:55.101" threadId="000000000095A888" success="true" from="nursery"/>
<exclusive-end id="2089" timestamp="2019-08-08T20:25:55.101" durationms="10.186" />

<exclusive-start id="2090" timestamp="2019-08-08T20:25:55.366" intervalms="275.476">
  <response-info timems="0.295" idlems="0.295" threads="0" lastid="0000000000959F00" lastname="main" />
</exclusive-start>
<af-start id="2091" threadId="000000000095A888" totalBytesRequested="24" timestamp="2019-08-08T20:25:55.366" intervalms="275.462" type="nursery" />
<cycle-start id="2092" type="scavenge" contextid="0" timestamp="2019-08-08T20:25:55.366" intervalms="275.461" />
<gc-start id="2093" type="scavenge" contextid="2092" timestamp="2019-08-08T20:25:55.366">
  <mem-info id="2094" free="169312" total="27852800" percent="0">
    <mem type="nursery" free="0" total="19660800" percent="0">
      <mem type="allocate" free="0" total="17694720" percent="0" />
      <mem type="survivor" free="0" total="1966080" percent="0" />
    </mem>
    <mem type="tenure" free="169312" total="8192000" percent="2">
      <mem type="soa" free="87392" total="8110080" percent="1" />
      <mem type="loa" free="81920" total="81920" percent="100" />
    </mem>
    <remembered-set count="940" />
  </mem-info>
</gc-start>
<allocation-stats totalBytes="16352256" >
  <allocated-bytes non-tlh="3133672" tlh="13218584" />
  <largest-consumer threadName="main" threadId="0000000000959F00" bytes="16352256" />
</allocation-stats>
<gc-op id="2095" type="scavenge" timems="5.712" contextid="2092" timestamp="2019-08-08T20:25:55.372">
  <scavenger-info tenureage="14" tenuremask="4000" tiltratio="90" />
  <memory-copied type="nursery" objects="15545" bytes="536056" bytesdiscarded="100728" />
  <memory-copied type="tenure" objects="1" bytes="1932752" bytesdiscarded="0" />
  <copy-failed type="nursery" objects="1" bytes="1932752" />
  <finalization candidates="3" enqueued="2" />
  <references type="soft" candidates="791" cleared="0" enqueued="0" dynamicThreshold="15" maxThreshold="32" />
  <references type="weak" candidates="240" cleared="4" enqueued="4" />
  <references type="phantom" candidates="2" cleared="0" enqueued="0" />
  <heap-resize type="expand" space="tenure" amount="1966080" count="1" timems="0.031" reason="continue current collection" />
</gc-op>
<gc-end id="2096" type="scavenge" contextid="2092" durationms="6.233" usertimems="23.285" systemtimems="0.000" timestamp="2019-08-08T20:25:55.372" activeThreads="16">
  <mem-info id="2097" free="14704000" total="29818880" percent="49">
    <mem type="nursery" free="14501360" total="19660800" percent="73">
      <mem type="allocate" free="14501360" total="15138816" percent="95" />
      <mem type="survivor" free="0" total="4521984" percent="0" />
    </mem>
    <mem type="tenure" free="202640" total="10158080" percent="1" macro-fragmented="178508">
      <mem type="soa" free="101264" total="10056704" percent="1" />
      <mem type="loa" free="101376" total="101376" percent="100" />
    </mem>
    <pending-finalizers system="0" default="2" reference="4" classloader="0" />
    <remembered-set count="923" />
  </mem-info>
</gc-end>
<cycle-end id="2098" type="scavenge" contextid="2092" timestamp="2019-08-08T20:25:55.372" />
  <attribute name="elasticGC enabled" value="1" />
  <attribute name= "numThreadsSpecified" value="16" />
  <attribute name="heapSize specified" value="15073280" />
  <attribute name="Current GC Util" value="6" />
  <attribute name= "Current Time Running" value="122785" />
  <attribute name ="GC Interval" value="2049" />
  <attribute name="Target GC Util Change" value ="80.000000" />
  <attribute name="Current GC Util Change" value="6.000000"/>
  <attribute name="Current Error" value="74.000000" />
  <attribute name="Output H" value="27890688"/>
  <attribute name="Output I" value="2048"/>
  <attribute name="Output T" value="16"/>
  <attribute name= "Current Time Running" value="122785" />
  <attribute name="GC Util currently" value="6" />
  <attribute name="CPU Util currently" value="4185852541" />
<allocation-satisfied id="2099" threadId="0000000000959F00" bytesRequested="24" />
<af-end id="2100" timestamp="2019-08-08T20:25:55.373" threadId="000000000095A888" success="true" from="nursery"/>
<exclusive-end id="2101" timestamp="2019-08-08T20:25:55.373" durationms="6.531" />

<concurrent-kickoff id="2102" timestamp="2019-08-08T20:25:55.706">
  <kickoff reason="threshold reached" targetBytes="7037411" thresholdFreeBytes="971015"  remainingFree="935408" tenureFreeBytes="202640" nurseryFreeBytes="935408" />
</concurrent-kickoff>
<exclusive-start id="2103" timestamp="2019-08-08T20:25:55.706" intervalms="340.483">
  <response-info timems="0.161" idlems="0.161" threads="0" lastid="0000000000959F00" lastname="main" />
</exclusive-start>
<cycle-start id="2104" type="global" contextid="0" timestamp="2019-08-08T20:25:55.706" intervalms="2527.518" />
<exclusive-end id="2105" timestamp="2019-08-08T20:25:55.707" durationms="0.022" />

<exclusive-start id="2106" timestamp="2019-08-08T20:25:55.722" intervalms="15.935">
  <response-info timems="0.062" idlems="0.062" threads="0" lastid="0000000000959F00" lastname="main" />
</exclusive-start>
<concurrent-collection-start id="2107" timestamp="2019-08-08T20:25:55.722" intervalms="9486.000" >
  <concurrent-trace-info reason="card cleaning threshold reached" tracedByMutators="645844" tracedByHelpers="2134196" cardsCleaned="1" workStackOverflowCount="0" />
</concurrent-collection-start>
<gc-start id="2108" type="global" contextid="2104" timestamp="2019-08-08T20:25:55.723">
  <mem-info id="2109" free="351616" total="29818880" percent="1">
    <mem type="nursery" free="148976" total="19660800" percent="0">
      <mem type="allocate" free="148976" total="15138816" percent="0" />
      <mem type="survivor" free="0" total="4521984" percent="0" />
    </mem>
    <mem type="tenure" free="202640" total="10158080" percent="1">
      <mem type="soa" free="101264" total="10056704" percent="1" />
      <mem type="loa" free="101376" total="101376" percent="100" />
    </mem>
    <remembered-set count="924" />
  </mem-info>
</gc-start>
<allocation-stats totalBytes="14340792" >
  <allocated-bytes non-tlh="24" tlh="14340768" />
  <largest-consumer threadName="main" threadId="0000000000959F00" bytes="14336696" />
</allocation-stats>
<gc-op id="2110" type="rs-scan" timems="0.668" contextid="2104" timestamp="2019-08-08T20:25:55.723">
  <scan objectsFound="417" bytesTraced="25504" workStackOverflowCount="0" />
</gc-op>
<gc-op id="2111" type="card-cleaning" timems="1.770" contextid="2104" timestamp="2019-08-08T20:25:55.725">
  <card-cleaning cardsCleaned="1" bytesTraced="1017512" workStackOverflowCount="0" />
</gc-op>
<gc-op id="2112" type="mark" timems="5.168" contextid="2104" timestamp="2019-08-08T20:25:55.730">
  <trace-info objectcount="735" scancount="730" scanbytes="22420" />
  <finalization candidates="81" enqueued="0" />
  <ownableSynchronizers candidates="21" cleared="0" />
  <references type="soft" candidates="2708" cleared="0" enqueued="0" dynamicThreshold="15" maxThreshold="32" />
  <references type="weak" candidates="5388" cleared="7" enqueued="4" />
  <references type="phantom" candidates="75" cleared="1" enqueued="1" />
  <stringconstants candidates="13341" cleared="21"  />
</gc-op>
<gc-op id="2113" type="classunload" timems="0.553" contextid="2104" timestamp="2019-08-08T20:25:55.731">
  <classunload-info classloadercandidates="59" classloadersunloaded="2" classesunloaded="2" anonymousclassesunloaded="0" quiescems="0.000" setupms="0.537" scanms="0.013" postms="0.003" />
</gc-op>
<gc-op id="2114" type="sweep" timems="1.566" contextid="2104" timestamp="2019-08-08T20:25:55.733" />
<mem-info id="2115" free="16378672" total="29818880" percent="54">
  <mem type="nursery" free="13661488" total="19660800" percent="69">
    <mem type="allocate" free="13661488" total="15138816" percent="90" />
    <mem type="survivor" free="0" total="4521984" percent="0" />
  </mem>
  <mem type="tenure" free="2717184" total="10158080" percent="26" micro-fragmented="26125" macro-fragmented="2258041">
    <mem type="soa" free="2615808" total="10056704" percent="26" />
    <mem type="loa" free="101376" total="101376" percent="100" />
  </mem>
  <pending-finalizers system="0" default="0" reference="5" classloader="0" />
  <remembered-set count="924" />
</mem-info>
<gc-op id="2116" type="compact" timems="32.772" contextid="2104" timestamp="2019-08-08T20:25:55.766">
  <compact-info movecount="135687" movebytes="8129928" reason="compact to aid heap contraction" />
</gc-op>
<heap-resize id="2117" type="expand" space="tenure" amount="65536" count="1" timems="0.020" reason="satisfy allocation request" timestamp="2019-08-08T20:25:55.766" />
<gc-end id="2118" type="global" contextid="2104" durationms="43.662" usertimems="80.675" systemtimems="0.000" timestamp="2019-08-08T20:25:55.766" activeThreads="16">
  <mem-info id="2119" free="16770016" total="29884416" percent="56">
    <mem type="nursery" free="13950832" total="19660800" percent="70">
      <mem type="allocate" free="13950832" total="15138816" percent="92" />
      <mem type="survivor" free="0" total="4521984" percent="0" />
    </mem>
    <mem type="tenure" free="2819184" total="10223616" percent="27">
      <mem type="soa" free="2717808" total="10122240" percent="26" />
      <mem type="loa" free="101376" total="101376" percent="100" />
    </mem>
    <pending-finalizers system="0" default="0" reference="5" classloader="0" />
    <remembered-set count="924" />
  </mem-info>
</gc-end>
<cycle-end id="2120" type="global" contextid="2104" timestamp="2019-08-08T20:25:55.766" />
  <attribute name="elasticGC enabled" value="1" />
  <attribute name= "numThreadsSpecified" value="16" />
  <attribute name="heapSize specified" value="29818880" />
  <attribute name="Current GC Util" value="78" />
  <attribute name= "Current Time Running" value="123185" />
  <attribute name ="GC Interval" value="2049" />
  <attribute name="Target GC Util Change" value ="80.000000" />
  <attribute name="Current GC Util Change" value="78.000000"/>
  <attribute name="Current Error" value="-6.000000" />
  <attribute name="Output H" value="29856720"/>
  <attribute name="Output I" value="2000"/>
  <attribute name="Output T" value="16"/>
  <attribute name= "Current Time Running" value="123185" />
  <attribute name="GC Util currently" value="78" />
  <attribute name="CPU Util currently" value="35189148264" />
<concurrent-collection-end id="2121" timestamp="2019-08-08T20:25:55.766" />
<exclusive-end id="2122" timestamp="2019-08-08T20:25:55.766" durationms="43.822" />

<exclusive-start id="2123" timestamp="2019-08-08T20:25:55.964" intervalms="241.611">
  <response-info timems="0.146" idlems="0.146" threads="0" lastid="0000000000959F00" lastname="main" />
</exclusive-start>
<af-start id="2124" threadId="000000000095A888" totalBytesRequested="32" timestamp="2019-08-08T20:25:55.964" intervalms="598.010" type="nursery" />
<cycle-start id="2125" type="scavenge" contextid="0" timestamp="2019-08-08T20:25:55.964" intervalms="597.999" />
<gc-start id="2126" type="scavenge" contextid="2125" timestamp="2019-08-08T20:25:55.964">
  <mem-info id="2127" free="2819184" total="29884416" percent="9">
    <mem type="nursery" free="0" total="19660800" percent="0">
      <mem type="allocate" free="0" total="15138816" percent="0" />
      <mem type="survivor" free="0" total="4521984" percent="0" />
    </mem>
    <mem type="tenure" free="2819184" total="10223616" percent="27">
      <mem type="soa" free="2717808" total="10122240" percent="26" />
      <mem type="loa" free="101376" total="101376" percent="100" />
    </mem>
    <remembered-set count="932" />
  </mem-info>
</gc-start>
<allocation-stats totalBytes="13936856" >
  <allocated-bytes non-tlh="0" tlh="13936856" />
  <largest-consumer threadName="main" threadId="0000000000959F00" bytes="13932760" />
</allocation-stats>
<gc-op id="2128" type="scavenge" timems="5.253" contextid="2125" timestamp="2019-08-08T20:25:55.969">
  <scavenger-info tenureage="9" tenuremask="4200" tiltratio="77" />
  <memory-copied type="nursery" objects="70541" bytes="1903480" bytesdiscarded="136592" />
  <memory-copied type="tenure" objects="161" bytes="5640" bytesdiscarded="0" />
  <finalization candidates="1" enqueued="0" />
  <ownableSynchronizers candidates="42" cleared="42" />
  <references type="soft" candidates="790" cleared="0" enqueued="0" dynamicThreshold="8" maxThreshold="32" />
  <references type="weak" candidates="230" cleared="0" enqueued="0" />
  <references type="phantom" candidates="2" cleared="0" enqueued="0" />
</gc-op>
<gc-end id="2129" type="scavenge" contextid="2125" durationms="5.802" usertimems="24.090" systemtimems="0.000" timestamp="2019-08-08T20:25:55.970" activeThreads="16">
  <mem-info id="2130" free="16164440" total="29884416" percent="54">
    <mem type="nursery" free="13425896" total="19660800" percent="68">
      <mem type="allocate" free="13425896" total="15466496" percent="86" />
      <mem type="survivor" free="0" total="4194304" percent="0" />
    </mem>
    <mem type="tenure" free="2738544" total="10223616" percent="26" macro-fragmented="2592282">
      <mem type="soa" free="2637168" total="10122240" percent="26" />
      <mem type="loa" free="101376" total="101376" percent="100" />
    </mem>
    <remembered-set count="427" />
  </mem-info>
</gc-end>
<cycle-end id="2131" type="scavenge" contextid="2125" timestamp="2019-08-08T20:25:55.970" />
  <attribute name="elasticGC enabled" value="1" />
  <attribute name= "numThreadsSpecified" value="16" />
  <attribute name="heapSize specified" value="29818880" />
  <attribute name="Current GC Util" value="18" />
  <attribute name= "Current Time Running" value="123383" />
  <attribute name ="GC Interval" value="2033" />
  <attribute name="Target GC Util Change" value ="80.000000" />
  <attribute name="Current GC Util Change" value="18.000000"/>
  <attribute name="Current Error" value="56.000000" />
  <attribute name="Output H" value="29922288"/>
  <attribute name="Output I" value="2032"/>
  <attribute name="Output T" value="16"/>
  <attribute name= "Current Time Running" value="123383" />
  <attribute name="GC Util currently" value="18" />
  <attribute name="CPU Util currently" value="5805289636" />
<allocation-satisfied id="2132" threadId="0000000000959F00" bytesRequested="32" />
<af-end id="2133" timestamp="2019-08-08T20:25:55.970" threadId="000000000095A888" success="true" from="nursery"/>
<exclusive-end id="2134" timestamp="2019-08-08T20:25:55.970" durationms="6.051" />

<exclusive-start id="2135" timestamp="2019-08-08T20:25:56.089" intervalms="124.899">
  <response-info timems="0.097" idlems="0.097" threads="0" lastid="0000000000959F00" lastname="main" />
</exclusive-start>
<af-start id="2136" threadId="000000000095A888" totalBytesRequested="664" timestamp="2019-08-08T20:25:56.089" intervalms="124.902" type="nursery" />
<cycle-start id="2137" type="scavenge" contextid="0" timestamp="2019-08-08T20:25:56.089" intervalms="124.903" />
<gc-start id="2138" type="scavenge" contextid="2137" timestamp="2019-08-08T20:25:56.089">
  <mem-info id="2139" free="2738544" total="29884416" percent="9">
    <mem type="nursery" free="0" total="19660800" percent="0">
      <mem type="allocate" free="0" total="15466496" percent="0" />
      <mem type="survivor" free="0" total="4194304" percent="0" />
    </mem>
    <mem type="tenure" free="2738544" total="10223616" percent="26">
      <mem type="soa" free="2637168" total="10122240" percent="26" />
      <mem type="loa" free="101376" total="101376" percent="100" />
    </mem>
    <remembered-set count="427" />
  </mem-info>
</gc-start>
<allocation-stats totalBytes="13409944" >
  <allocated-bytes non-tlh="32" tlh="13409912" />
  <largest-consumer threadName="main" threadId="0000000000959F00" bytes="13409944" />
</allocation-stats>
<gc-op id="2140" type="scavenge" timems="4.572" contextid="2137" timestamp="2019-08-08T20:25:56.094">
  <scavenger-info tenureage="7" tenuremask="4880" tiltratio="78" />
  <memory-copied type="nursery" objects="96287" bytes="2551472" bytesdiscarded="105504" />
  <memory-copied type="tenure" objects="1232" bytes="43096" bytesdiscarded="8" />
  <finalization candidates="1" enqueued="0" />
  <references type="soft" candidates="782" cleared="0" enqueued="0" dynamicThreshold="8" maxThreshold="32" />
  <references type="weak" candidates="189" cleared="0" enqueued="0" />
  <references type="phantom" candidates="2" cleared="0" enqueued="0" />
</gc-op>
<gc-end id="2141" type="scavenge" contextid="2137" durationms="5.161" usertimems="21.159" systemtimems="0.000" timestamp="2019-08-08T20:25:56.094" activeThreads="16">
  <mem-info id="2142" free="15676248" total="29884416" percent="52">
    <mem type="nursery" free="13071336" total="19660800" percent="66">
      <mem type="allocate" free="13071336" total="15728640" percent="83" />
      <mem type="survivor" free="0" total="3932160" percent="0" />
    </mem>
    <mem type="tenure" free="2604912" total="10223616" percent="25" macro-fragmented="2160235">
      <mem type="soa" free="2503536" total="10122240" percent="24" />
      <mem type="loa" free="101376" total="101376" percent="100" />
    </mem>
    <remembered-set count="206" />
  </mem-info>
</gc-end>
<cycle-end id="2143" type="scavenge" contextid="2137" timestamp="2019-08-08T20:25:56.094" />
  <attribute name="elasticGC enabled" value="1" />
  <attribute name= "numThreadsSpecified" value="16" />
  <attribute name="heapSize specified" value="29818880" />
  <attribute name="Current GC Util" value="12" />
  <attribute name= "Current Time Running" value="123508" />
  <attribute name ="GC Interval" value="2073" />
  <attribute name="Target GC Util Change" value ="80.000000" />
  <attribute name="Current GC Util Change" value="12.000000"/>
  <attribute name="Current Error" value="124.000000" />
  <attribute name="Output H" value="29922328"/>
  <attribute name="Output I" value="2072"/>
  <attribute name="Output T" value="16"/>
  <attribute name= "Current Time Running" value="123508" />
  <attribute name="GC Util currently" value="12" />
  <attribute name="CPU Util currently" value="9220881263" />
<allocation-satisfied id="2144" threadId="0000000000959F00" bytesRequested="664" />
<af-end id="2145" timestamp="2019-08-08T20:25:56.094" threadId="000000000095A888" success="true" from="nursery"/>
<exclusive-end id="2146" timestamp="2019-08-08T20:25:56.094" durationms="5.429" />

<exclusive-start id="2147" timestamp="2019-08-08T20:25:56.152" intervalms="63.294">
  <response-info timems="0.073" idlems="0.073" threads="0" lastid="0000000000959F00" lastname="main" />
</exclusive-start>
<af-start id="2148" threadId="000000000095A888" totalBytesRequested="24" timestamp="2019-08-08T20:25:56.152" intervalms="63.294" type="nursery" />
<cycle-start id="2149" type="scavenge" contextid="0" timestamp="2019-08-08T20:25:56.152" intervalms="63.296" />
<gc-start id="2150" type="scavenge" contextid="2149" timestamp="2019-08-08T20:25:56.152">
  <mem-info id="2151" free="2604912" total="29884416" percent="8">
    <mem type="nursery" free="0" total="19660800" percent="0">
      <mem type="allocate" free="0" total="15728640" percent="0" />
      <mem type="survivor" free="0" total="3932160" percent="0" />
    </mem>
    <mem type="tenure" free="2604912" total="10223616" percent="25">
      <mem type="soa" free="2503536" total="10122240" percent="24" />
      <mem type="loa" free="101376" total="101376" percent="100" />
    </mem>
    <remembered-set count="206" />
  </mem-info>
</gc-start>
<allocation-stats totalBytes="13059784" >
  <allocated-bytes non-tlh="664" tlh="13059120" />
  <largest-consumer threadName="main" threadId="0000000000959F00" bytes="13059784" />
</allocation-stats>
<gc-op id="2152" type="scavenge" timems="9.556" contextid="2149" timestamp="2019-08-08T20:25:56.162">
  <scavenger-info tenureage="4" tenuremask="4410" tiltratio="80" />
  <memory-copied type="nursery" objects="116325" bytes="2958040" bytesdiscarded="125056" />
  <memory-copied type="tenure" objects="5967" bytes="229984" bytesdiscarded="88" />
  <finalization candidates="1" enqueued="0" />
  <references type="soft" candidates="147" cleared="0" enqueued="0" dynamicThreshold="8" maxThreshold="32" />
  <references type="weak" candidates="103" cleared="0" enqueued="0" />
  <references type="phantom" candidates="2" cleared="0" enqueued="0" />
</gc-op>
<heap-resize id="2153" type="expand" space="nursery" amount="1441792" count="1" timems="0.019" reason="excessive time being spent scavenging" timestamp="2019-08-08T20:25:56.162" />
<gc-end id="2154" type="scavenge" contextid="2149" durationms="10.060" usertimems="21.387" systemtimems="0.000" timestamp="2019-08-08T20:25:56.162" activeThreads="16">
  <mem-info id="2155" free="15982168" total="31326208" percent="51">
    <mem type="nursery" free="13628392" total="21102592" percent="64">
      <mem type="allocate" free="13628392" total="16711680" percent="81" />
      <mem type="survivor" free="0" total="4390912" percent="0" />
    </mem>
    <mem type="tenure" free="2353776" total="10223616" percent="23" macro-fragmented="2160235">
      <mem type="soa" free="2252400" total="10122240" percent="22" />
      <mem type="loa" free="101376" total="101376" percent="100" />
    </mem>
    <remembered-set count="197" />
  </mem-info>
</gc-end>
<cycle-end id="2156" type="scavenge" contextid="2149" timestamp="2019-08-08T20:25:56.162" />
  <attribute name="elasticGC enabled" value="1" />
  <attribute name= "numThreadsSpecified" value="16" />
  <attribute name="heapSize specified" value="29818880" />
  <attribute name="Current GC Util" value="25" />
  <attribute name= "Current Time Running" value="123572" />
  <attribute name ="GC Interval" value="2105" />
  <attribute name="Target GC Util Change" value ="80.000000" />
  <attribute name="Current GC Util Change" value="25.000000"/>
  <attribute name="Current Error" value="179.000000" />
  <attribute name="Output H" value="29922360"/>
  <attribute name="Output I" value="2104"/>
  <attribute name="Output T" value="16"/>
  <attribute name= "Current Time Running" value="123572" />
  <attribute name="GC Util currently" value="25" />
  <attribute name="CPU Util currently" value="18245500060" />
<allocation-satisfied id="2157" threadId="0000000000959F00" bytesRequested="24" />
<af-end id="2158" timestamp="2019-08-08T20:25:56.162" threadId="000000000095A888" success="true" from="nursery"/>
<exclusive-end id="2159" timestamp="2019-08-08T20:25:56.162" durationms="10.269" />

<exclusive-start id="2160" timestamp="2019-08-08T20:25:56.205" intervalms="52.951">
  <response-info timems="0.025" idlems="0.025" threads="0" lastid="0000000000959F00" lastname="main" />
</exclusive-start>
<af-start id="2161" threadId="000000000095A888" totalBytesRequested="664" timestamp="2019-08-08T20:25:56.205" intervalms="52.998" type="nursery" />
<cycle-start id="2162" type="scavenge" contextid="0" timestamp="2019-08-08T20:25:56.205" intervalms="53.001" />
<gc-start id="2163" type="scavenge" contextid="2162" timestamp="2019-08-08T20:25:56.205">
  <mem-info id="2164" free="2353776" total="31326208" percent="7">
    <mem type="nursery" free="0" total="21102592" percent="0">
      <mem type="allocate" free="0" total="16711680" percent="0" />
      <mem type="survivor" free="0" total="4390912" percent="0" />
    </mem>
    <mem type="tenure" free="2353776" total="10223616" percent="23">
      <mem type="soa" free="2252400" total="10122240" percent="22" />
      <mem type="loa" free="101376" total="101376" percent="100" />
    </mem>
    <remembered-set count="197" />
  </mem-info>
</gc-start>
<allocation-stats totalBytes="13614984" >
  <allocated-bytes non-tlh="24" tlh="13614960" />
  <largest-consumer threadName="main" threadId="0000000000959F00" bytes="13614984" />
</allocation-stats>
<gc-op id="2165" type="scavenge" timems="5.118" contextid="2162" timestamp="2019-08-08T20:25:56.210">
  <scavenger-info tenureage="2" tenuremask="401c" tiltratio="79" />
  <memory-copied type="nursery" objects="54783" bytes="1368760" bytesdiscarded="230168" />
  <memory-copied type="tenure" objects="89731" bytes="2300696" bytesdiscarded="1016" />
  <finalization candidates="1" enqueued="0" />
  <references type="soft" candidates="2" cleared="0" enqueued="0" dynamicThreshold="8" maxThreshold="32" />
  <references type="weak" candidates="24" cleared="0" enqueued="0" />
  <heap-resize type="expand" space="tenure" amount="131072" count="2" timems="0.743" reason="continue current collection" />
</gc-op>
<heap-resize id="2166" type="expand" space="nursery" amount="1048576" count="1" timems="0.011" reason="excessive time being spent scavenging" timestamp="2019-08-08T20:25:56.211" />
<gc-end id="2167" type="scavenge" contextid="2162" durationms="5.610" usertimems="20.348" systemtimems="0.000" timestamp="2019-08-08T20:25:56.211" activeThreads="16">
  <mem-info id="2168" free="16526848" total="32505856" percent="50">
    <mem type="nursery" free="16423424" total="22151168" percent="74">
      <mem type="allocate" free="16423424" total="18022400" percent="91" />
      <mem type="survivor" free="0" total="4128768" percent="0" />
    </mem>
    <mem type="tenure" free="103424" total="10354688" percent="0" macro-fragmented="0">
      <mem type="soa" free="0" total="10251264" percent="0" />
      <mem type="loa" free="103424" total="103424" percent="100" />
    </mem>
    <remembered-set count="840" />
  </mem-info>
</gc-end>
<cycle-end id="2169" type="scavenge" contextid="2162" timestamp="2019-08-08T20:25:56.211" />
  <attribute name="elasticGC enabled" value="1" />
  <attribute name= "numThreadsSpecified" value="16" />
  <attribute name="heapSize specified" value="29818880" />
  <attribute name="Current GC Util" value="39" />
  <attribute name= "Current Time Running" value="123624" />
  <attribute name ="GC Interval" value="2129" />
  <attribute name="Target GC Util Change" value ="80.000000" />
  <attribute name="Current GC Util Change" value="39.000000"/>
  <attribute name="Current Error" value="220.000000" />
  <attribute name="Output H" value="31364176"/>
  <attribute name="Output I" value="2128"/>
  <attribute name="Output T" value="16"/>
  <attribute name= "Current Time Running" value="123624" />
  <attribute name="GC Util currently" value="39" />
  <attribute name="CPU Util currently" value="21757807656" />
<allocation-satisfied id="2170" threadId="0000000000959F00" bytesRequested="664" />
<af-end id="2171" timestamp="2019-08-08T20:25:56.211" threadId="000000000095A888" success="true" from="nursery"/>
<exclusive-end id="2172" timestamp="2019-08-08T20:25:56.211" durationms="5.886" />

<concurrent-kickoff id="2173" timestamp="2019-08-08T20:25:56.261">
  <kickoff reason="threshold reached" targetBytes="6186979" thresholdFreeBytes="856409"  remainingFree="825856" tenureFreeBytes="103424" nurseryFreeBytes="825856" />
</concurrent-kickoff>
<exclusive-start id="2174" timestamp="2019-08-08T20:25:56.261" intervalms="56.173">
  <response-info timems="0.019" idlems="0.019" threads="0" lastid="0000000000959F00" lastname="main" />
</exclusive-start>
<cycle-start id="2175" type="global" contextid="0" timestamp="2019-08-08T20:25:56.261" intervalms="554.855" />
<exclusive-end id="2176" timestamp="2019-08-08T20:25:56.261" durationms="0.013" />

<exclusive-start id="2177" timestamp="2019-08-08T20:25:56.268" intervalms="6.432">
  <response-info timems="0.016" idlems="0.016" threads="0" lastid="0000000000959F00" lastname="main" />
</exclusive-start>
<concurrent-collection-start id="2178" timestamp="2019-08-08T20:25:56.268" intervalms="545.359" >
  <concurrent-trace-info reason="card cleaning threshold reached" tracedByMutators="1260224" tracedByHelpers="1888424" cardsCleaned="7" workStackOverflowCount="0" />
</concurrent-collection-start>
<gc-start id="2179" type="global" contextid="2175" timestamp="2019-08-08T20:25:56.268">
  <mem-info id="2180" free="103424" total="32505856" percent="0">
    <mem type="nursery" free="0" total="22151168" percent="0">
      <mem type="allocate" free="0" total="18022400" percent="0" />
      <mem type="survivor" free="0" total="4128768" percent="0" />
    </mem>
    <mem type="tenure" free="103424" total="10354688" percent="0">
      <mem type="soa" free="0" total="10251264" percent="0" />
      <mem type="loa" free="103424" total="103424" percent="100" />
    </mem>
    <remembered-set count="1332" />
  </mem-info>
</gc-start>
<allocation-stats totalBytes="16405232" >
  <allocated-bytes non-tlh="66208" tlh="16339024" />
  <largest-consumer threadName="main" threadId="0000000000959F00" bytes="16405232" />
</allocation-stats>
<gc-op id="2181" type="rs-scan" timems="1.200" contextid="2175" timestamp="2019-08-08T20:25:56.269">
  <scan objectsFound="108" bytesTraced="10932" workStackOverflowCount="0" />
</gc-op>
<gc-op id="2182" type="card-cleaning" timems="2.902" contextid="2175" timestamp="2019-08-08T20:25:56.272">
  <card-cleaning cardsCleaned="7" bytesTraced="3698608" workStackOverflowCount="0" />
</gc-op>
<gc-op id="2183" type="mark" timems="13.436" contextid="2175" timestamp="2019-08-08T20:25:56.286">
  <trace-info objectcount="263" scancount="255" scanbytes="7472" />
  <finalization candidates="81" enqueued="0" />
  <ownableSynchronizers candidates="21" cleared="0" />
  <references type="soft" candidates="2708" cleared="0" enqueued="0" dynamicThreshold="8" maxThreshold="32" />
  <references type="weak" candidates="5380" cleared="0" enqueued="0" />
  <references type="phantom" candidates="74" cleared="0" enqueued="0" />
  <stringconstants candidates="13320" cleared="0"  />
</gc-op>
<gc-op id="2184" type="sweep" timems="3.465" contextid="2175" timestamp="2019-08-08T20:25:56.289" />
<mem-info id="2185" free="15390872" total="32505856" percent="47">
  <mem type="nursery" free="14956088" total="22151168" percent="67">
    <mem type="allocate" free="14956088" total="18022400" percent="82" />
    <mem type="survivor" free="0" total="4128768" percent="0" />
  </mem>
  <mem type="tenure" free="434784" total="10354688" percent="4" micro-fragmented="28727" macro-fragmented="0">
    <mem type="soa" free="331360" total="10251264" percent="3" />
    <mem type="loa" free="103424" total="103424" percent="100" />
  </mem>
  <remembered-set count="650" />
</mem-info>
<gc-op id="2186" type="compact" timems="43.549" contextid="2175" timestamp="2019-08-08T20:25:56.333">
  <compact-info movecount="235386" movebytes="9113216" reason="compact to aid heap contraction" />
</gc-op>
<heap-resize id="2187" type="expand" space="tenure" amount="65536" count="1" timems="0.021" reason="satisfy allocation request" timestamp="2019-08-08T20:25:56.334" />
<gc-end id="2188" type="global" contextid="2175" durationms="66.422" usertimems="116.120" systemtimems="0.000" timestamp="2019-08-08T20:25:56.334" activeThreads="16">
  <mem-info id="2189" free="16173392" total="32571392" percent="49">
    <mem type="nursery" free="15646504" total="22151168" percent="70">
      <mem type="allocate" free="15646504" total="18022400" percent="86" />
      <mem type="survivor" free="0" total="4128768" percent="0" />
    </mem>
    <mem type="tenure" free="526888" total="10420224" percent="5">
      <mem type="soa" free="423464" total="10316800" percent="4" />
      <mem type="loa" free="103424" total="103424" percent="100" />
    </mem>
    <remembered-set count="650" />
  </mem-info>
</gc-end>
<cycle-end id="2190" type="global" contextid="2175" timestamp="2019-08-08T20:25:56.334" />
  <attribute name="elasticGC enabled" value="1" />
  <attribute name= "numThreadsSpecified" value="16" />
  <attribute name="heapSize specified" value="32505856" />
  <attribute name="Current GC Util" value="74" />
  <attribute name= "Current Time Running" value="123752" />
  <attribute name ="GC Interval" value="2129" />
  <attribute name="Target GC Util Change" value ="80.000000" />
  <attribute name="Current GC Util Change" value="74.000000"/>
  <attribute name="Current Error" value="6.000000" />
  <attribute name="Output H" value="32543704"/>
  <attribute name="Output I" value="2008"/>
  <attribute name="Output T" value="16"/>
  <attribute name= "Current Time Running" value="123752" />
  <attribute name="GC Util currently" value="74" />
  <attribute name="CPU Util currently" value="26451698020" />
<concurrent-collection-end id="2191" timestamp="2019-08-08T20:25:56.334" />
<exclusive-end id="2192" timestamp="2019-08-08T20:25:56.334" durationms="66.626" />

<concurrent-kickoff id="2193" timestamp="2019-08-08T20:25:56.380">
  <kickoff reason="threshold reached" targetBytes="5670695" thresholdFreeBytes="785468"  remainingFree="737064" tenureFreeBytes="526888" nurseryFreeBytes="737064" />
</concurrent-kickoff>
<exclusive-start id="2194" timestamp="2019-08-08T20:25:56.381" intervalms="112.757">
  <response-info timems="0.024" idlems="0.024" threads="0" lastid="0000000000959F00" lastname="main" />
</exclusive-start>
<cycle-start id="2195" type="global" contextid="0" timestamp="2019-08-08T20:25:56.381" intervalms="119.192" />
<exclusive-end id="2196" timestamp="2019-08-08T20:25:56.381" durationms="0.018" />

<exclusive-start id="2197" timestamp="2019-08-08T20:25:56.387" intervalms="6.740">
  <response-info timems="0.017" idlems="0.017" threads="0" lastid="0000000000959F00" lastname="main" />
</exclusive-start>
<concurrent-collection-start id="2198" timestamp="2019-08-08T20:25:56.387" intervalms="119.516" >
  <concurrent-trace-info reason="card cleaning threshold reached" tracedByMutators="864256" tracedByHelpers="2129008" cardsCleaned="6" workStackOverflowCount="0" />
</concurrent-collection-start>
<gc-start id="2199" type="global" contextid="2195" timestamp="2019-08-08T20:25:56.387">
  <mem-info id="2200" free="526888" total="32571392" percent="1">
    <mem type="nursery" free="0" total="22151168" percent="0">
      <mem type="allocate" free="0" total="18022400" percent="0" />
      <mem type="survivor" free="0" total="4128768" percent="0" />
    </mem>
    <mem type="tenure" free="526888" total="10420224" percent="5">
      <mem type="soa" free="423464" total="10316800" percent="4" />
      <mem type="loa" free="103424" total="103424" percent="100" />
    </mem>
    <remembered-set count="792" />
  </mem-info>
</gc-start>
<allocation-stats totalBytes="15630872" >
  <allocated-bytes non-tlh="0" tlh="15630872" />
  <largest-consumer threadName="main" threadId="0000000000959F00" bytes="15630872" />
</allocation-stats>
<gc-op id="2201" type="rs-scan" timems="4.801" contextid="2195" timestamp="2019-08-08T20:25:56.392">
  <scan objectsFound="108" bytesTraced="10932" workStackOverflowCount="0" />
</gc-op>
<gc-op id="2202" type="card-cleaning" timems="8.815" contextid="2195" timestamp="2019-08-08T20:25:56.401">
  <card-cleaning cardsCleaned="4" bytesTraced="4333956" workStackOverflowCount="0" />
</gc-op>
<gc-op id="2203" type="mark" timems="7.115" contextid="2195" timestamp="2019-08-08T20:25:56.408">
  <trace-info objectcount="274" scancount="264" scanbytes="7788" />
  <finalization candidates="81" enqueued="0" />
  <ownableSynchronizers candidates="21" cleared="0" />
  <references type="soft" candidates="2708" cleared="879" enqueued="862" dynamicThreshold="1" maxThreshold="32" />
  <references type="weak" candidates="5380" cleared="0" enqueued="0" />
  <references type="phantom" candidates="74" cleared="0" enqueued="0" />
  <stringconstants candidates="13320" cleared="5"  />
</gc-op>
<gc-op id="2204" type="sweep" timems="4.480" contextid="2195" timestamp="2019-08-08T20:25:56.413" />
<mem-info id="2205" free="14847488" total="32571392" percent="45">
  <mem type="nursery" free="14223304" total="22151168" percent="64">
    <mem type="allocate" free="14223304" total="18022400" percent="78" />
    <mem type="survivor" free="0" total="4128768" percent="0" />
  </mem>
  <mem type="tenure" free="624184" total="10420224" percent="5" micro-fragmented="71626" macro-fragmented="465623">
    <mem type="soa" free="520760" total="10316800" percent="5" />
    <mem type="loa" free="103424" total="103424" percent="100" />
  </mem>
  <pending-finalizers system="0" default="0" reference="862" classloader="0" />
  <remembered-set count="792" />
</mem-info>
<gc-op id="2206" type="compact" timems="69.365" contextid="2195" timestamp="2019-08-08T20:25:56.482">
  <compact-info movecount="271090" movebytes="11145832" reason="compact to aid heap contraction" />
</gc-op>
<heap-resize id="2207" type="expand" space="tenure" amount="65536" count="1" timems="0.025" reason="satisfy allocation request" timestamp="2019-08-08T20:25:56.484" />
<gc-end id="2208" type="global" contextid="2195" durationms="96.355" usertimems="202.969" systemtimems="0.000" timestamp="2019-08-08T20:25:56.484" activeThreads="16">
  <mem-info id="2209" free="15631672" total="32636928" percent="47">
    <mem type="nursery" free="14863240" total="22151168" percent="67">
      <mem type="allocate" free="14863240" total="18022400" percent="82" />
      <mem type="survivor" free="0" total="4128768" percent="0" />
    </mem>
    <mem type="tenure" free="768432" total="10485760" percent="7">
      <mem type="soa" free="663984" total="10381312" percent="6" />
      <mem type="loa" free="104448" total="104448" percent="100" />
    </mem>
    <pending-finalizers system="0" default="0" reference="862" classloader="0" />
    <remembered-set count="792" />
  </mem-info>
</gc-end>
<cycle-end id="2210" type="global" contextid="2195" timestamp="2019-08-08T20:25:56.484" />
  <attribute name="elasticGC enabled" value="1" />
  <attribute name= "numThreadsSpecified" value="16" />
  <attribute name="heapSize specified" value="32571392" />
  <attribute name="Current GC Util" value="100" />
  <attribute name= "Current Time Running" value="123902" />
  <attribute name ="GC Interval" value="2129" />
  <attribute name="Target GC Util Change" value ="80.000000" />
  <attribute name="Current GC Util Change" value="100.000000"/>
  <attribute name="Current Error" value="-44.000000" />
  <attribute name="Output H" value="32609208"/>
  <attribute name="Output I" value="1976"/>
  <attribute name="Output T" value="16"/>
  <attribute name= "Current Time Running" value="123902" />
  <attribute name="GC Util currently" value="100" />
  <attribute name="CPU Util currently" value="16611875503" />
<concurrent-collection-end id="2211" timestamp="2019-08-08T20:25:56.484" />
<exclusive-end id="2212" timestamp="2019-08-08T20:25:56.484" durationms="96.686" />

<concurrent-kickoff id="2213" timestamp="2019-08-08T20:25:56.515">
  <kickoff reason="threshold reached" targetBytes="5192998" thresholdFreeBytes="720751"  remainingFree="605064" tenureFreeBytes="768432" nurseryFreeBytes="605064" />
</concurrent-kickoff>
<exclusive-start id="2214" timestamp="2019-08-08T20:25:56.515" intervalms="127.753">
  <response-info timems="0.023" idlems="0.023" threads="0" lastid="0000000000959F00" lastname="main" />
</exclusive-start>
<cycle-start id="2215" type="global" contextid="0" timestamp="2019-08-08T20:25:56.515" intervalms="134.511" />
<exclusive-end id="2216" timestamp="2019-08-08T20:25:56.515" durationms="0.036" />

<exclusive-start id="2217" timestamp="2019-08-08T20:25:56.521" intervalms="5.925">
  <response-info timems="0.018" idlems="0.018" threads="0" lastid="0000000000959F00" lastname="main" />
</exclusive-start>
<af-start id="2218" threadId="000000000095A888" totalBytesRequested="680" timestamp="2019-08-08T20:25:56.521" intervalms="315.736" type="nursery" />
<cycle-start id="2219" type="scavenge" contextid="0" timestamp="2019-08-08T20:25:56.521" intervalms="315.735" />
<gc-start id="2220" type="scavenge" contextid="2219" timestamp="2019-08-08T20:25:56.521">
  <mem-info id="2221" free="768432" total="32636928" percent="2">
    <mem type="nursery" free="0" total="22151168" percent="0">
      <mem type="allocate" free="0" total="18022400" percent="0" />
      <mem type="survivor" free="0" total="4128768" percent="0" />
    </mem>
    <mem type="tenure" free="768432" total="10485760" percent="7">
      <mem type="soa" free="663984" total="10381312" percent="6" />
      <mem type="loa" free="104448" total="104448" percent="100" />
    </mem>
    <remembered-set count="2028" />
  </mem-info>
</gc-start>
<allocation-stats totalBytes="14850152" >
  <allocated-bytes non-tlh="0" tlh="14850152" />
  <largest-consumer threadName="main" threadId="0000000000959F00" bytes="14846056" />
</allocation-stats>
<gc-op id="2222" type="scavenge" timems="5.782" contextid="2219" timestamp="2019-08-08T20:25:56.527">
  <scavenger-info tenureage="2" tenuremask="4204" tiltratio="81" />
  <memory-copied type="nursery" objects="127098" bytes="3268480" bytesdiscarded="187256" />
  <memory-copied type="tenure" objects="26172" bytes="644184" bytesdiscarded="112" />
  <ownableSynchronizers candidates="42" cleared="42" />
  <references type="weak" candidates="8" cleared="0" enqueued="0" />
  <heap-resize type="expand" space="tenure" amount="262144" count="2" timems="0.038" reason="continue current collection" />
</gc-op>
<gc-end id="2223" type="scavenge" contextid="2219" durationms="6.348" usertimems="28.082" systemtimems="0.000" timestamp="2019-08-08T20:25:56.528" activeThreads="16">
  <mem-info id="2224" free="13109488" total="32899072" percent="39">
    <mem type="nursery" free="12928240" total="22151168" percent="58">
      <mem type="allocate" free="12928240" total="16384000" percent="78" />
      <mem type="survivor" free="0" total="5767168" percent="0" />
    </mem>
    <mem type="tenure" free="181248" total="10747904" percent="1" macro-fragmented="1224">
      <mem type="soa" free="74752" total="10641408" percent="0" />
      <mem type="loa" free="106496" total="106496" percent="100" />
    </mem>
    <remembered-set count="1870" />
  </mem-info>
</gc-end>
<cycle-end id="2225" type="scavenge" contextid="2219" timestamp="2019-08-08T20:25:56.528" />
  <attribute name="elasticGC enabled" value="1" />
  <attribute name= "numThreadsSpecified" value="16" />
  <attribute name="heapSize specified" value="32571392" />
  <attribute name="Current GC Util" value="187" />
  <attribute name= "Current Time Running" value="123940" />
  <attribute name ="GC Interval" value="1921" />
  <attribute name="Target GC Util Change" value ="80.000000" />
  <attribute name="Current GC Util Change" value="187.000000"/>
  <attribute name="Current Error" value="-151.000000" />
  <attribute name="Output H" value="32674688"/>
  <attribute name="Output I" value="1920"/>
  <attribute name="Output T" value="16"/>
  <attribute name= "Current Time Running" value="123940" />
  <attribute name="GC Util currently" value="187" />
  <attribute name="CPU Util currently" value="29807490642" />
<allocation-satisfied id="2226" threadId="0000000000959F00" bytesRequested="680" />
<af-end id="2227" timestamp="2019-08-08T20:25:56.528" threadId="000000000095A888" success="true" from="nursery"/>
<exclusive-end id="2228" timestamp="2019-08-08T20:25:56.528" durationms="6.751" />

<exclusive-start id="2229" timestamp="2019-08-08T20:25:56.529" intervalms="8.492">
  <response-info timems="0.015" idlems="0.015" threads="0" lastid="0000000000959F00" lastname="main" />
</exclusive-start>
<concurrent-collection-start id="2230" timestamp="2019-08-08T20:25:56.530" intervalms="142.165" >
  <concurrent-trace-info reason="card cleaning threshold reached" tracedByMutators="1017244" tracedByHelpers="1883012" cardsCleaned="8" workStackOverflowCount="0" />
</concurrent-collection-start>
<gc-start id="2231" type="global" contextid="2215" timestamp="2019-08-08T20:25:56.530">
  <mem-info id="2232" free="13043272" total="32899072" percent="39">
    <mem type="nursery" free="12862024" total="22151168" percent="58">
      <mem type="allocate" free="12862024" total="16384000" percent="78" />
      <mem type="survivor" free="0" total="5767168" percent="0" />
    </mem>
    <mem type="tenure" free="181248" total="10747904" percent="1">
      <mem type="soa" free="74752" total="10641408" percent="0" />
      <mem type="loa" free="106496" total="106496" percent="100" />
    </mem>
    <remembered-set count="1870" />
  </mem-info>
</gc-start>
<allocation-stats totalBytes="66216" >
  <allocated-bytes non-tlh="680" tlh="65536" />
  <largest-consumer threadName="main" threadId="0000000000959F00" bytes="66216" />
</allocation-stats>
<gc-op id="2233" type="rs-scan" timems="1.935" contextid="2215" timestamp="2019-08-08T20:25:56.532">
  <scan objectsFound="109" bytesTraced="10716" workStackOverflowCount="0" />
</gc-op>
<gc-op id="2234" type="card-cleaning" timems="3.749" contextid="2215" timestamp="2019-08-08T20:25:56.535">
  <card-cleaning cardsCleaned="142" bytesTraced="5001812" workStackOverflowCount="0" />
</gc-op>
<gc-op id="2235" type="mark" timems="7.105" contextid="2215" timestamp="2019-08-08T20:25:56.543">
  <trace-info objectcount="256" scancount="246" scanbytes="7152" />
  <finalization candidates="81" enqueued="0" />
  <ownableSynchronizers candidates="21" cleared="0" />
  <references type="soft" candidates="1829" cleared="0" enqueued="0" dynamicThreshold="2" maxThreshold="32" />
  <references type="weak" candidates="5380" cleared="0" enqueued="0" />
  <references type="phantom" candidates="74" cleared="0" enqueued="0" />
  <stringconstants candidates="13315" cleared="172"  />
</gc-op>
<gc-op id="2236" type="sweep" timems="2.939" contextid="2215" timestamp="2019-08-08T20:25:56.546" />
<mem-info id="2237" free="13514096" total="32899072" percent="41">
  <mem type="nursery" free="13113864" total="22151168" percent="59">
    <mem type="allocate" free="13113864" total="16384000" percent="80" />
    <mem type="survivor" free="0" total="5767168" percent="0" />
  </mem>
  <mem type="tenure" free="400232" total="10747904" percent="3" micro-fragmented="80136" macro-fragmented="0">
    <mem type="soa" free="293736" total="10641408" percent="2" />
    <mem type="loa" free="106496" total="106496" percent="100" />
  </mem>
  <remembered-set count="1020" />
</mem-info>
<gc-op id="2238" type="compact" timems="58.053" contextid="2215" timestamp="2019-08-08T20:25:56.604">
  <compact-info movecount="328569" movebytes="12668472" reason="compact to aid heap contraction" />
</gc-op>
<heap-resize id="2239" type="expand" space="tenure" amount="65536" count="1" timems="0.026" reason="satisfy allocation request" timestamp="2019-08-08T20:25:56.605" />
<gc-end id="2240" type="global" contextid="2215" durationms="75.187" usertimems="141.183" systemtimems="0.000" timestamp="2019-08-08T20:25:56.605" activeThreads="16">
  <mem-info id="2241" free="13668048" total="32964608" percent="41">
    <mem type="nursery" free="13115528" total="22151168" percent="59">
      <mem type="allocate" free="13115528" total="16384000" percent="80" />
      <mem type="survivor" free="0" total="5767168" percent="0" />
    </mem>
    <mem type="tenure" free="552520" total="10813440" percent="5">
      <mem type="soa" free="445000" total="10705920" percent="4" />
      <mem type="loa" free="107520" total="107520" percent="100" />
    </mem>
    <remembered-set count="1020" />
  </mem-info>
</gc-end>
<cycle-end id="2242" type="global" contextid="2215" timestamp="2019-08-08T20:25:56.605" />
  <attribute name="elasticGC enabled" value="1" />
  <attribute name= "numThreadsSpecified" value="16" />
  <attribute name="heapSize specified" value="32899072" />
  <attribute name="Current GC Util" value="93" />
  <attribute name= "Current Time Running" value="124023" />
  <attribute name ="GC Interval" value="1921" />
  <attribute name="Target GC Util Change" value ="80.000000" />
  <attribute name="Current GC Util Change" value="93.000000"/>
  <attribute name="Current Error" value="-342.000000" />
  <attribute name="Output H" value="32936720"/>
  <attribute name="Output I" value="1808"/>
  <attribute name="Output T" value="16"/>
  <attribute name= "Current Time Running" value="124023" />
  <attribute name="GC Util currently" value="93" />
  <attribute name="CPU Util currently" value="19849107690" />
<concurrent-collection-end id="2243" timestamp="2019-08-08T20:25:56.605" />
<exclusive-end id="2244" timestamp="2019-08-08T20:25:56.605" durationms="75.618" />

<concurrent-kickoff id="2245" timestamp="2019-08-08T20:25:56.636">
  <kickoff reason="threshold reached" targetBytes="4897248" thresholdFreeBytes="680127"  remainingFree="614536" tenureFreeBytes="552520" nurseryFreeBytes="614536" />
</concurrent-kickoff>
<exclusive-start id="2246" timestamp="2019-08-08T20:25:56.636" intervalms="106.309">
  <response-info timems="0.022" idlems="0.022" threads="0" lastid="0000000000959F00" lastname="main" />
</exclusive-start>
<cycle-start id="2247" type="global" contextid="0" timestamp="2019-08-08T20:25:56.636" intervalms="120.987" />
<exclusive-end id="2248" timestamp="2019-08-08T20:25:56.636" durationms="0.300" />

<exclusive-start id="2249" timestamp="2019-08-08T20:25:56.641" intervalms="5.344">
  <response-info timems="0.017" idlems="0.017" threads="0" lastid="0000000000959F00" lastname="main" />
</exclusive-start>
<af-start id="2250" threadId="000000000095A888" totalBytesRequested="32" timestamp="2019-08-08T20:25:56.641" intervalms="120.138" type="nursery" />
<percolate-collect id="2251" from="nursery" to="global" reason="concurrent mark exhausted" timestamp="2019-08-08T20:25:56.641"/>
<gc-start id="2252" type="global" contextid="2247" timestamp="2019-08-08T20:25:56.641">
  <mem-info id="2253" free="552520" total="32964608" percent="1">
    <mem type="nursery" free="0" total="22151168" percent="0">
      <mem type="allocate" free="0" total="16384000" percent="0" />
      <mem type="survivor" free="0" total="5767168" percent="0" />
    </mem>
    <mem type="tenure" free="552520" total="10813440" percent="5">
      <mem type="soa" free="445000" total="10705920" percent="4" />
      <mem type="loa" free="107520" total="107520" percent="100" />
    </mem>
    <remembered-set count="1220" />
  </mem-info>
</gc-start>
<allocation-stats totalBytes="13099832" >
  <allocated-bytes non-tlh="0" tlh="13099832" />
  <largest-consumer threadName="main" threadId="0000000000959F00" bytes="13099832" />
</allocation-stats>
<concurrent-halted id="2254" timestamp="2019-08-08T20:25:56.641">
  <halted state="Complete" status="exhausted" />
  <traced bytesTarget="4897248" bytesTotal="2912320" bytesByMutator="835300" bytesByHelper="2077020" percent="59" />
  <cards cleaned="10" thresholdBytes="267928" />
</concurrent-halted>
<gc-op id="2255" type="rs-scan" timems="1.673" contextid="2247" timestamp="2019-08-08T20:25:56.643">
  <scan objectsFound="120" bytesTraced="11612" workStackOverflowCount="0" />
</gc-op>
<gc-op id="2256" type="card-cleaning" timems="4.311" contextid="2247" timestamp="2019-08-08T20:25:56.647">
  <card-cleaning cardsCleaned="5" bytesTraced="5465468" workStackOverflowCount="0" />
</gc-op>
<gc-op id="2257" type="mark" timems="3.939" contextid="2247" timestamp="2019-08-08T20:25:56.651">
  <trace-info objectcount="222" scancount="210" scanbytes="5788" />
  <finalization candidates="81" enqueued="0" />
  <ownableSynchronizers candidates="21" cleared="0" />
  <references type="soft" candidates="1829" cleared="0" enqueued="0" dynamicThreshold="1" maxThreshold="32" />
  <references type="weak" candidates="5380" cleared="0" enqueued="0" />
  <references type="phantom" candidates="74" cleared="0" enqueued="0" />
  <stringconstants candidates="13143" cleared="0"  />
</gc-op>
<gc-op id="2258" type="sweep" timems="2.248" contextid="2247" timestamp="2019-08-08T20:25:56.654" />
<mem-info id="2259" free="12505064" total="32964608" percent="37">
  <mem type="nursery" free="11952544" total="22151168" percent="53">
    <mem type="allocate" free="11952544" total="16384000" percent="72" />
    <mem type="survivor" free="0" total="5767168" percent="0" />
  </mem>
  <mem type="tenure" free="552520" total="10813440" percent="5" micro-fragmented="0" macro-fragmented="348889">
    <mem type="soa" free="445000" total="10705920" percent="4" />
    <mem type="loa" free="107520" total="107520" percent="100" />
  </mem>
  <remembered-set count="1220" />
</mem-info>
<gc-op id="2260" type="compact" timems="46.739" contextid="2247" timestamp="2019-08-08T20:25:56.700">
  <compact-info movecount="153528" movebytes="3908976" reason="compact to aid heap contraction" />
</gc-op>
<heap-resize id="2261" type="expand" space="tenure" amount="65536" count="1" timems="0.021" reason="satisfy allocation request" timestamp="2019-08-08T20:25:56.702" />
<gc-end id="2262" type="global" contextid="2247" durationms="60.457" usertimems="90.602" systemtimems="0.000" timestamp="2019-08-08T20:25:56.702" activeThreads="16">
  <mem-info id="2263" free="13093048" total="33030144" percent="39">
    <mem type="nursery" free="12474992" total="22151168" percent="56">
      <mem type="allocate" free="12474992" total="16384000" percent="76" />
      <mem type="survivor" free="0" total="5767168" percent="0" />
    </mem>
    <mem type="tenure" free="618056" total="10878976" percent="5">
      <mem type="soa" free="509512" total="10770432" percent="4" />
      <mem type="loa" free="108544" total="108544" percent="100" />
    </mem>
    <remembered-set count="1220" />
  </mem-info>
</gc-end>
<cycle-end id="2264" type="global" contextid="2247" timestamp="2019-08-08T20:25:56.702" />
  <attribute name="elasticGC enabled" value="1" />
  <attribute name= "numThreadsSpecified" value="16" />
  <attribute name="heapSize specified" value="32964608" />
  <attribute name="Current GC Util" value="112" />
  <attribute name= "Current Time Running" value="124120" />
  <attribute name ="GC Interval" value="1921" />
  <attribute name="Target GC Util Change" value ="80.000000" />
  <attribute name="Current GC Util Change" value="112.000000"/>
  <attribute name="Current Error" value="-555.000000" />
  <attribute name="Output H" value="33002128"/>
  <attribute name="Output I" value="1680"/>
  <attribute name="Output T" value="16"/>
  <attribute name= "Current Time Running" value="124120" />
  <attribute name="GC Util currently" value="112" />
  <attribute name="CPU Util currently" value="24664782884" />
<allocation-satisfied id="2265" threadId="0000000000959F00" bytesRequested="32" />
<af-end id="2266" timestamp="2019-08-08T20:25:56.702" threadId="000000000095A888" success="true" from="nursery"/>
<exclusive-end id="2267" timestamp="2019-08-08T20:25:56.702" durationms="60.664" />

<concurrent-kickoff id="2268" timestamp="2019-08-08T20:25:56.733">
  <kickoff reason="threshold reached" targetBytes="4544202" thresholdFreeBytes="631050"  remainingFree="580176" tenureFreeBytes="618056" nurseryFreeBytes="580176" />
</concurrent-kickoff>
<exclusive-start id="2269" timestamp="2019-08-08T20:25:56.733" intervalms="91.765">
  <response-info timems="0.016" idlems="0.016" threads="0" lastid="0000000000959F00" lastname="main" />
</exclusive-start>
<cycle-start id="2270" type="global" contextid="0" timestamp="2019-08-08T20:25:56.733" intervalms="96.831" />
<exclusive-end id="2271" timestamp="2019-08-08T20:25:56.733" durationms="0.020" />

<exclusive-start id="2272" timestamp="2019-08-08T20:25:56.740" intervalms="7.111">
  <response-info timems="0.018" idlems="0.018" threads="0" lastid="0000000000959F00" lastname="main" />
</exclusive-start>
<af-start id="2273" threadId="000000000095A888" totalBytesRequested="656" timestamp="2019-08-08T20:25:56.740" intervalms="98.884" type="nursery" />
<cycle-start id="2274" type="scavenge" contextid="0" timestamp="2019-08-08T20:25:56.740" intervalms="219.025" />
<gc-start id="2275" type="scavenge" contextid="2274" timestamp="2019-08-08T20:25:56.740">
  <mem-info id="2276" free="618056" total="33030144" percent="1">
    <mem type="nursery" free="0" total="22151168" percent="0">
      <mem type="allocate" free="0" total="16384000" percent="0" />
      <mem type="survivor" free="0" total="5767168" percent="0" />
    </mem>
    <mem type="tenure" free="618056" total="10878976" percent="5">
      <mem type="soa" free="509512" total="10770432" percent="4" />
      <mem type="loa" free="108544" total="108544" percent="100" />
    </mem>
    <remembered-set count="1375" />
  </mem-info>
</gc-start>
<allocation-stats totalBytes="12460792" >
  <allocated-bytes non-tlh="32" tlh="12460760" />
  <largest-consumer threadName="main" threadId="0000000000959F00" bytes="12460792" />
</allocation-stats>
<gc-op id="2277" type="scavenge" timems="8.444" contextid="2274" timestamp="2019-08-08T20:25:56.749">
  <scavenger-info tenureage="2" tenuremask="4004" tiltratio="73" />
  <memory-copied type="nursery" objects="150322" bytes="3800016" bytesdiscarded="138024" />
  <memory-copied type="tenure" objects="28146" bytes="710368" bytesdiscarded="592" />
  <ownableSynchronizers candidates="42" cleared="42" />
  <references type="weak" candidates="8" cleared="0" enqueued="0" />
  <heap-resize type="expand" space="tenure" amount="393216" count="3" timems="0.042" reason="continue current collection" />
</gc-op>
<gc-end id="2278" type="scavenge" contextid="2274" durationms="9.321" usertimems="44.152" systemtimems="0.000" timestamp="2019-08-08T20:25:56.749" activeThreads="16">
  <mem-info id="2279" free="13037296" total="33423360" percent="39">
    <mem type="nursery" free="12904688" total="22151168" percent="58">
      <mem type="allocate" free="12904688" total="16842752" percent="76" />
      <mem type="survivor" free="0" total="5308416" percent="0" />
    </mem>
    <mem type="tenure" free="132608" total="11272192" percent="1" macro-fragmented="850">
      <mem type="soa" free="19968" total="11159552" percent="0" />
      <mem type="loa" free="112640" total="112640" percent="100" />
    </mem>
    <remembered-set count="1465" />
  </mem-info>
</gc-end>
<cycle-end id="2280" type="scavenge" contextid="2274" timestamp="2019-08-08T20:25:56.750" />
  <attribute name="elasticGC enabled" value="1" />
  <attribute name= "numThreadsSpecified" value="16" />
  <attribute name="heapSize specified" value="32964608" />
  <attribute name="Current GC Util" value="52" />
  <attribute name= "Current Time Running" value="124160" />
  <attribute name ="GC Interval" value="1697" />
  <attribute name="Target GC Util Change" value ="80.000000" />
  <attribute name="Current GC Util Change" value="52.000000"/>
  <attribute name="Current Error" value="-527.000000" />
  <attribute name="Output H" value="33067680"/>
  <attribute name="Output I" value="1696"/>
  <attribute name="Output T" value="16"/>
  <attribute name= "Current Time Running" value="124160" />
  <attribute name="GC Util currently" value="52" />
  <attribute name="CPU Util currently" value="28862967593" />
<allocation-satisfied id="2281" threadId="0000000000959F00" bytesRequested="656" />
<af-end id="2282" timestamp="2019-08-08T20:25:56.750" threadId="000000000095A888" success="true" from="nursery"/>
<exclusive-end id="2283" timestamp="2019-08-08T20:25:56.750" durationms="9.619" />

<exclusive-start id="2284" timestamp="2019-08-08T20:25:56.750" intervalms="9.802">
  <response-info timems="0.090" idlems="0.090" threads="0" lastid="0000000000959F00" lastname="main" />
</exclusive-start>
<concurrent-collection-start id="2285" timestamp="2019-08-08T20:25:56.750" intervalms="220.356" >
  <concurrent-trace-info reason="card cleaning threshold reached" tracedByMutators="1118996" tracedByHelpers="1793612" cardsCleaned="8" workStackOverflowCount="0" />
</concurrent-collection-start>
<gc-start id="2286" type="global" contextid="2270" timestamp="2019-08-08T20:25:56.750">
  <mem-info id="2287" free="12971104" total="33423360" percent="38">
    <mem type="nursery" free="12838496" total="22151168" percent="57">
      <mem type="allocate" free="12838496" total="16842752" percent="76" />
      <mem type="survivor" free="0" total="5308416" percent="0" />
    </mem>
    <mem type="tenure" free="132608" total="11272192" percent="1">
      <mem type="soa" free="19968" total="11159552" percent="0" />
      <mem type="loa" free="112640" total="112640" percent="100" />
    </mem>
    <remembered-set count="1465" />
  </mem-info>
</gc-start>
<allocation-stats totalBytes="66192" >
  <allocated-bytes non-tlh="656" tlh="65536" />
  <largest-consumer threadName="main" threadId="0000000000959F00" bytes="66192" />
</allocation-stats>
<gc-op id="2288" type="rs-scan" timems="1.741" contextid="2270" timestamp="2019-08-08T20:25:56.752">
  <scan objectsFound="120" bytesTraced="11612" workStackOverflowCount="0" />
</gc-op>
<gc-op id="2289" type="card-cleaning" timems="4.621" contextid="2270" timestamp="2019-08-08T20:25:56.756">
  <card-cleaning cardsCleaned="3" bytesTraced="5968380" workStackOverflowCount="0" />
</gc-op>
<gc-op id="2290" type="mark" timems="4.789" contextid="2270" timestamp="2019-08-08T20:25:56.761">
  <trace-info objectcount="188" scancount="179" scanbytes="5092" />
  <finalization candidates="81" enqueued="0" />
  <ownableSynchronizers candidates="21" cleared="0" />
  <references type="soft" candidates="1829" cleared="0" enqueued="0" dynamicThreshold="1" maxThreshold="32" />
  <references type="weak" candidates="5380" cleared="0" enqueued="0" />
  <references type="phantom" candidates="74" cleared="0" enqueued="0" />
  <stringconstants candidates="13143" cleared="0"  />
</gc-op>
<gc-op id="2291" type="sweep" timems="1.794" contextid="2270" timestamp="2019-08-08T20:25:56.763" />
<mem-info id="2292" free="13341528" total="33423360" percent="39">
  <mem type="nursery" free="13041216" total="22151168" percent="58">
    <mem type="allocate" free="13041216" total="16842752" percent="77" />
    <mem type="survivor" free="0" total="5308416" percent="0" />
  </mem>
  <mem type="tenure" free="300312" total="11272192" percent="2" micro-fragmented="0" macro-fragmented="0">
    <mem type="soa" free="187672" total="11159552" percent="1" />
    <mem type="loa" free="112640" total="112640" percent="100" />
  </mem>
  <remembered-set count="1465" />
</mem-info>
<gc-op id="2293" type="compact" timems="41.018" contextid="2270" timestamp="2019-08-08T20:25:56.804">
  <compact-info movecount="176873" movebytes="4465200" reason="compact to aid heap contraction" />
</gc-op>
<heap-resize id="2294" type="expand" space="tenure" amount="65536" count="1" timems="0.021" reason="satisfy allocation request" timestamp="2019-08-08T20:25:56.805" />
<gc-end id="2295" type="global" contextid="2270" durationms="55.172" usertimems="97.599" systemtimems="0.000" timestamp="2019-08-08T20:25:56.805" activeThreads="16">
  <mem-info id="2296" free="13408504" total="33488896" percent="40">
    <mem type="nursery" free="13042064" total="22151168" percent="58">
      <mem type="allocate" free="13042064" total="16842752" percent="77" />
      <mem type="survivor" free="0" total="5308416" percent="0" />
    </mem>
    <mem type="tenure" free="366440" total="11337728" percent="3">
      <mem type="soa" free="253800" total="11225088" percent="2" />
      <mem type="loa" free="112640" total="112640" percent="100" />
    </mem>
    <remembered-set count="1465" />
  </mem-info>
</gc-end>
<cycle-end id="2297" type="global" contextid="2270" timestamp="2019-08-08T20:25:56.805" />
  <attribute name="elasticGC enabled" value="1" />
  <attribute name= "numThreadsSpecified" value="16" />
  <attribute name="heapSize specified" value="33423360" />
  <attribute name="Current GC Util" value="137" />
  <attribute name= "Current Time Running" value="124223" />
  <attribute name ="GC Interval" value="1697" />
  <attribute name="Target GC Util Change" value ="80.000000" />
  <attribute name="Current GC Util Change" value="137.000000"/>
  <attribute name="Current Error" value="-57.000000" />
  <attribute name="Output H" value="33461168"/>
  <attribute name="Output I" value="1968"/>
  <attribute name="Output T" value="16"/>
  <attribute name= "Current Time Running" value="124223" />
  <attribute name="GC Util currently" value="137" />
  <attribute name="CPU Util currently" value="28083643220" />
<concurrent-collection-end id="2298" timestamp="2019-08-08T20:25:56.805" />
<exclusive-end id="2299" timestamp="2019-08-08T20:25:56.805" durationms="55.477" />

<concurrent-kickoff id="2300" timestamp="2019-08-08T20:25:56.861">
  <kickoff reason="threshold reached" targetBytes="4395640" thresholdFreeBytes="611349"  remainingFree="541056" tenureFreeBytes="366440" nurseryFreeBytes="541056" />
</concurrent-kickoff>
<exclusive-start id="2301" timestamp="2019-08-08T20:25:56.861" intervalms="110.930">
  <response-info timems="0.021" idlems="0.021" threads="0" lastid="0000000000959F00" lastname="main" />
</exclusive-start>
<cycle-start id="2302" type="global" contextid="0" timestamp="2019-08-08T20:25:56.861" intervalms="127.841" />
<exclusive-end id="2303" timestamp="2019-08-08T20:25:56.861" durationms="0.016" />

<exclusive-start id="2304" timestamp="2019-08-08T20:25:56.866" intervalms="5.050">
  <response-info timems="0.013" idlems="0.013" threads="0" lastid="0000000000959F00" lastname="main" />
</exclusive-start>
<af-start id="2305" threadId="000000000095A888" totalBytesRequested="32" timestamp="2019-08-08T20:25:56.866" intervalms="125.782" type="nursery" />
<cycle-start id="2306" type="scavenge" contextid="0" timestamp="2019-08-08T20:25:56.866" intervalms="125.773" />
<gc-start id="2307" type="scavenge" contextid="2306" timestamp="2019-08-08T20:25:56.866">
  <mem-info id="2308" free="366440" total="33488896" percent="1">
    <mem type="nursery" free="0" total="22151168" percent="0">
      <mem type="allocate" free="0" total="16842752" percent="0" />
      <mem type="survivor" free="0" total="5308416" percent="0" />
    </mem>
    <mem type="tenure" free="366440" total="11337728" percent="3">
      <mem type="soa" free="253800" total="11225088" percent="2" />
      <mem type="loa" free="112640" total="112640" percent="100" />
    </mem>
    <remembered-set count="1589" />
  </mem-info>
</gc-start>
<allocation-stats totalBytes="13026368" >
  <allocated-bytes non-tlh="262160" tlh="12764208" />
  <largest-consumer threadName="main" threadId="0000000000959F00" bytes="13026368" />
</allocation-stats>
<gc-op id="2309" type="scavenge" timems="10.207" contextid="2306" timestamp="2019-08-08T20:25:56.876">
  <scavenger-info tenureage="2" tenuremask="4004" tiltratio="76" />
  <memory-copied type="nursery" objects="80424" bytes="2255504" bytesdiscarded="286056" />
  <memory-copied type="tenure" objects="98087" bytes="2403536" bytesdiscarded="752" />
  <ownableSynchronizers candidates="42" cleared="42" />
  <references type="weak" candidates="8" cleared="0" enqueued="0" />
  <heap-resize type="expand" space="tenure" amount="2359296" count="18" timems="3.256" reason="continue current collection" />
</gc-op>
<heap-resize id="2310" type="expand" space="nursery" amount="917504" count="1" timems="0.016" reason="excessive time being spent scavenging" timestamp="2019-08-08T20:25:56.876" />
<gc-end id="2311" type="scavenge" contextid="2306" durationms="10.662" usertimems="32.785" systemtimems="0.000" timestamp="2019-08-08T20:25:56.877" activeThreads="16">
  <mem-info id="2312" free="15233264" total="36765696" percent="41">
    <mem type="nursery" free="15087600" total="23068672" percent="65">
      <mem type="allocate" free="15087600" total="17629184" percent="85" />
      <mem type="survivor" free="0" total="5439488" percent="0" />
    </mem>
    <mem type="tenure" free="145664" total="13697024" percent="1" macro-fragmented="0">
      <mem type="soa" free="9472" total="13560832" percent="0" />
      <mem type="loa" free="136192" total="136192" percent="100" />
    </mem>
    <remembered-set count="2225" />
  </mem-info>
</gc-end>
<cycle-end id="2313" type="scavenge" contextid="2306" timestamp="2019-08-08T20:25:56.877" />
  <attribute name="elasticGC enabled" value="1" />
  <attribute name= "numThreadsSpecified" value="16" />
  <attribute name="heapSize specified" value="33423360" />
  <attribute name="Current GC Util" value="22" />
  <attribute name= "Current Time Running" value="124285" />
  <attribute name ="GC Interval" value="2001" />
  <attribute name="Target GC Util Change" value ="80.000000" />
  <attribute name="Current GC Util Change" value="22.000000"/>
  <attribute name="Current Error" value="1.000000" />
  <attribute name="Output H" value="33526736"/>
  <attribute name="Output I" value="2000"/>
  <attribute name="Output T" value="16"/>
  <attribute name= "Current Time Running" value="124285" />
  <attribute name="GC Util currently" value="22" />
  <attribute name="CPU Util currently" value="18672676562" />
<allocation-satisfied id="2314" threadId="0000000000959F00" bytesRequested="32" />
<af-end id="2315" timestamp="2019-08-08T20:25:56.877" threadId="000000000095A888" success="true" from="nursery"/>
<exclusive-end id="2316" timestamp="2019-08-08T20:25:56.877" durationms="10.863" />

<exclusive-start id="2317" timestamp="2019-08-08T20:25:56.934" intervalms="67.751">
  <response-info timems="0.018" idlems="0.018" threads="0" lastid="0000000000959F00" lastname="main" />
</exclusive-start>
<af-start id="2318" threadId="000000000095A888" totalBytesRequested="80" timestamp="2019-08-08T20:25:56.934" intervalms="67.760" type="nursery" />
<percolate-collect id="2319" from="nursery" to="global" reason="concurrent mark exhausted" timestamp="2019-08-08T20:25:56.934"/>
<gc-start id="2320" type="global" contextid="2302" timestamp="2019-08-08T20:25:56.934">
  <mem-info id="2321" free="145664" total="36765696" percent="0">
    <mem type="nursery" free="0" total="23068672" percent="0">
      <mem type="allocate" free="0" total="17629184" percent="0" />
      <mem type="survivor" free="0" total="5439488" percent="0" />
    </mem>
    <mem type="tenure" free="145664" total="13697024" percent="1">
      <mem type="soa" free="9472" total="13560832" percent="0" />
      <mem type="loa" free="136192" total="136192" percent="100" />
    </mem>
    <remembered-set count="3156" />
  </mem-info>
</gc-start>
<allocation-stats totalBytes="15072928" >
  <allocated-bytes non-tlh="32" tlh="15072896" />
  <largest-consumer threadName="main" threadId="0000000000959F00" bytes="15072928" />
</allocation-stats>
<concurrent-halted id="2322" timestamp="2019-08-08T20:25:56.934">
  <halted state="Complete" status="exhausted" />
  <traced bytesTarget="5308299" bytesTotal="2912320" bytesByMutator="826160" bytesByHelper="2086160" percent="54" />
  <cards cleaned="4" thresholdBytes="240834" />
</concurrent-halted>
<gc-op id="2323" type="rs-scan" timems="1.422" contextid="2302" timestamp="2019-08-08T20:25:56.935">
  <scan objectsFound="106" bytesTraced="10700" workStackOverflowCount="0" />
</gc-op>
<gc-op id="2324" type="card-cleaning" timems="3.738" contextid="2302" timestamp="2019-08-08T20:25:56.939">
  <card-cleaning cardsCleaned="658" bytesTraced="7253580" workStackOverflowCount="0" />
</gc-op>
<gc-op id="2325" type="mark" timems="4.152" contextid="2302" timestamp="2019-08-08T20:25:56.943">
  <trace-info objectcount="195" scancount="185" scanbytes="5280" />
  <finalization candidates="81" enqueued="0" />
  <ownableSynchronizers candidates="21" cleared="0" />
  <references type="soft" candidates="1829" cleared="0" enqueued="0" dynamicThreshold="1" maxThreshold="32" />
  <references type="weak" candidates="5380" cleared="0" enqueued="0" />
  <references type="phantom" candidates="74" cleared="0" enqueued="0" />
  <stringconstants candidates="13143" cleared="0"  />
</gc-op>
<gc-op id="2326" type="sweep" timems="1.435" contextid="2302" timestamp="2019-08-08T20:25:56.945" />
<mem-info id="2327" free="14258536" total="36765696" percent="38">
  <mem type="nursery" free="13937088" total="23068672" percent="60">
    <mem type="allocate" free="13937088" total="17629184" percent="79" />
    <mem type="survivor" free="0" total="5439488" percent="0" />
  </mem>
  <mem type="tenure" free="321448" total="13697024" percent="2" micro-fragmented="42280" macro-fragmented="0">
    <mem type="soa" free="185256" total="13560832" percent="1" />
    <mem type="loa" free="136192" total="136192" percent="100" />
  </mem>
  <remembered-set count="2808" />
</mem-info>
<gc-op id="2328" type="compact" timems="58.333" contextid="2302" timestamp="2019-08-08T20:25:57.003">
  <compact-info movecount="357475" movebytes="9198248" reason="compact to aid heap contraction" />
</gc-op>
<heap-resize id="2329" type="expand" space="tenure" amount="65536" count="1" timems="0.018" reason="satisfy allocation request" timestamp="2019-08-08T20:25:57.004" />
<gc-end id="2330" type="global" contextid="2302" durationms="69.932" usertimems="117.944" systemtimems="0.000" timestamp="2019-08-08T20:25:57.004" activeThreads="16">
  <mem-info id="2331" free="15017896" total="36831232" percent="40">
    <mem type="nursery" free="14598456" total="23068672" percent="63">
      <mem type="allocate" free="14598456" total="17629184" percent="82" />
      <mem type="survivor" free="0" total="5439488" percent="0" />
    </mem>
    <mem type="tenure" free="419440" total="13762560" percent="3">
      <mem type="soa" free="282224" total="13625344" percent="2" />
      <mem type="loa" free="137216" total="137216" percent="100" />
    </mem>
    <remembered-set count="2808" />
  </mem-info>
</gc-end>
<cycle-end id="2332" type="global" contextid="2302" timestamp="2019-08-08T20:25:57.004" />
  <attribute name="elasticGC enabled" value="1" />
  <attribute name= "numThreadsSpecified" value="16" />
  <attribute name="heapSize specified" value="36765696" />
  <attribute name="Current GC Util" value="53" />
  <attribute name= "Current Time Running" value="124422" />
  <attribute name ="GC Interval" value="2001" />
  <attribute name="Target GC Util Change" value ="80.000000" />
  <attribute name="Current GC Util Change" value="53.000000"/>
  <attribute name="Current Error" value="-126.000000" />
  <attribute name="Output H" value="36803464"/>
  <attribute name="Output I" value="1928"/>
  <attribute name="Output T" value="16"/>
  <attribute name= "Current Time Running" value="124422" />
  <attribute name="GC Util currently" value="53" />
  <attribute name="CPU Util currently" value="19750081311" />
<allocation-satisfied id="2333" threadId="0000000000959F00" bytesRequested="80" />
<af-end id="2334" timestamp="2019-08-08T20:25:57.004" threadId="000000000095A888" success="true" from="nursery"/>
<exclusive-end id="2335" timestamp="2019-08-08T20:25:57.004" durationms="70.157" />

<concurrent-kickoff id="2336" timestamp="2019-08-08T20:25:57.039">
  <kickoff reason="threshold reached" targetBytes="4875743" thresholdFreeBytes="677106"  remainingFree="606440" tenureFreeBytes="419440" nurseryFreeBytes="606440" />
</concurrent-kickoff>
<exclusive-start id="2337" timestamp="2019-08-08T20:25:57.039" intervalms="105.208">
  <response-info timems="0.023" idlems="0.023" threads="0" lastid="0000000000959F00" lastname="main" />
</exclusive-start>
<cycle-start id="2338" type="global" contextid="0" timestamp="2019-08-08T20:25:57.039" intervalms="178.288" />
<exclusive-end id="2339" timestamp="2019-08-08T20:25:57.039" durationms="0.298" />

<exclusive-start id="2340" timestamp="2019-08-08T20:25:57.048" intervalms="8.995">
  <response-info timems="0.017" idlems="0.017" threads="0" lastid="0000000000959F00" lastname="main" />
</exclusive-start>
<af-start id="2341" threadId="000000000095A888" totalBytesRequested="40" timestamp="2019-08-08T20:25:57.048" intervalms="114.215" type="nursery" />
<cycle-start id="2342" type="scavenge" contextid="0" timestamp="2019-08-08T20:25:57.048" intervalms="181.976" />
<gc-start id="2343" type="scavenge" contextid="2342" timestamp="2019-08-08T20:25:57.048">
  <mem-info id="2344" free="419440" total="36831232" percent="1">
    <mem type="nursery" free="0" total="23068672" percent="0">
      <mem type="allocate" free="0" total="17629184" percent="0" />
      <mem type="survivor" free="0" total="5439488" percent="0" />
    </mem>
    <mem type="tenure" free="419440" total="13762560" percent="3">
      <mem type="soa" free="282224" total="13625344" percent="2" />
      <mem type="loa" free="137216" total="137216" percent="100" />
    </mem>
    <remembered-set count="3022" />
  </mem-info>
</gc-start>
<allocation-stats totalBytes="14580568" >
  <allocated-bytes non-tlh="80" tlh="14580488" />
  <largest-consumer threadName="main" threadId="0000000000959F00" bytes="14580568" />
</allocation-stats>
<gc-op id="2345" type="scavenge" timems="9.315" contextid="2342" timestamp="2019-08-08T20:25:57.057">
  <scavenger-info tenureage="2" tenuremask="4004" tiltratio="76" />
  <memory-copied type="nursery" objects="90042" bytes="2542632" bytesdiscarded="342992" />
  <memory-copied type="tenure" objects="51302" bytes="1240992" bytesdiscarded="408" />
  <ownableSynchronizers candidates="42" cleared="42" />
  <references type="weak" candidates="8" cleared="0" enqueued="0" />
  <heap-resize type="expand" space="tenure" amount="1310720" count="10" timems="0.977" reason="continue current collection" />
</gc-op>
<gc-end id="2346" type="scavenge" contextid="2342" durationms="10.015" usertimems="27.391" systemtimems="0.000" timestamp="2019-08-08T20:25:57.058" activeThreads="16">
  <mem-info id="2347" free="15532272" total="38141952" percent="40">
    <mem type="nursery" free="15333360" total="23068672" percent="66">
      <mem type="allocate" free="15333360" total="18219008" percent="84" />
      <mem type="survivor" free="0" total="4849664" percent="0" />
    </mem>
    <mem type="tenure" free="198912" total="15073280" percent="1" macro-fragmented="0">
      <mem type="soa" free="48384" total="14922752" percent="0" />
      <mem type="loa" free="150528" total="150528" percent="100" />
    </mem>
    <remembered-set count="1666" />
  </mem-info>
</gc-end>
<cycle-end id="2348" type="scavenge" contextid="2342" timestamp="2019-08-08T20:25:57.058" />
  <attribute name="elasticGC enabled" value="1" />
  <attribute name= "numThreadsSpecified" value="16" />
  <attribute name="heapSize specified" value="36765696" />
  <attribute name="Current GC Util" value="282" />
  <attribute name= "Current Time Running" value="124467" />
  <attribute name ="GC Interval" value="1817" />
  <attribute name="Target GC Util Change" value ="80.000000" />
  <attribute name="Current GC Util Change" value="282.000000"/>
  <attribute name="Current Error" value="-328.000000" />
  <attribute name="Output H" value="36868888"/>
  <attribute name="Output I" value="1816"/>
  <attribute name="Output T" value="16"/>
  <attribute name= "Current Time Running" value="124467" />
  <attribute name="GC Util currently" value="282" />
  <attribute name="CPU Util currently" value="25680471541" />
<allocation-satisfied id="2349" threadId="0000000000959F00" bytesRequested="40" />
<af-end id="2350" timestamp="2019-08-08T20:25:57.058" threadId="000000000095A888" success="true" from="nursery"/>
<exclusive-end id="2351" timestamp="2019-08-08T20:25:57.058" durationms="10.778" />

<exclusive-start id="2352" timestamp="2019-08-08T20:25:57.059" intervalms="11.629">
  <response-info timems="0.015" idlems="0.015" threads="0" lastid="0000000000959F00" lastname="main" />
</exclusive-start>
<concurrent-collection-start id="2353" timestamp="2019-08-08T20:25:57.059" intervalms="309.538" >
  <concurrent-trace-info reason="card cleaning threshold reached" tracedByMutators="1301516" tracedByHelpers="1612524" cardsCleaned="17" workStackOverflowCount="0" />
</concurrent-collection-start>
<gc-start id="2354" type="global" contextid="2338" timestamp="2019-08-08T20:25:57.059">
  <mem-info id="2355" free="15397064" total="38141952" percent="40">
    <mem type="nursery" free="15198152" total="23068672" percent="65">
      <mem type="allocate" free="15198152" total="18219008" percent="83" />
      <mem type="survivor" free="0" total="4849664" percent="0" />
    </mem>
    <mem type="tenure" free="198912" total="15073280" percent="1">
      <mem type="soa" free="48384" total="14922752" percent="0" />
      <mem type="loa" free="150528" total="150528" percent="100" />
    </mem>
    <remembered-set count="1668" />
  </mem-info>
</gc-start>
<allocation-stats totalBytes="135208" >
  <allocated-bytes non-tlh="40" tlh="135168" />
  <largest-consumer threadName="main" threadId="0000000000959F00" bytes="135208" />
</allocation-stats>
<gc-op id="2356" type="rs-scan" timems="2.313" contextid="2338" timestamp="2019-08-08T20:25:57.062">
  <scan objectsFound="106" bytesTraced="11196" workStackOverflowCount="0" />
</gc-op>
<gc-op id="2357" type="card-cleaning" timems="4.426" contextid="2338" timestamp="2019-08-08T20:25:57.067">
  <card-cleaning cardsCleaned="8" bytesTraced="7833700" workStackOverflowCount="0" />
</gc-op>
<gc-op id="2358" type="mark" timems="5.184" contextid="2338" timestamp="2019-08-08T20:25:57.072">
  <trace-info objectcount="194" scancount="184" scanbytes="5212" />
  <finalization candidates="81" enqueued="0" />
  <ownableSynchronizers candidates="21" cleared="0" />
  <references type="soft" candidates="1829" cleared="1" enqueued="1" dynamicThreshold="0" maxThreshold="32" />
  <references type="weak" candidates="5380" cleared="0" enqueued="0" />
  <references type="phantom" candidates="74" cleared="0" enqueued="0" />
  <stringconstants candidates="13143" cleared="0"  />
</gc-op>
<gc-op id="2359" type="sweep" timems="1.441" contextid="2338" timestamp="2019-08-08T20:25:57.074" />
<mem-info id="2360" free="16157504" total="38141952" percent="42">
  <mem type="nursery" free="15668744" total="23068672" percent="67">
    <mem type="allocate" free="15668744" total="18219008" percent="86" />
    <mem type="survivor" free="0" total="4849664" percent="0" />
  </mem>
  <mem type="tenure" free="488760" total="15073280" percent="3" micro-fragmented="1280" macro-fragmented="0">
    <mem type="soa" free="338232" total="14922752" percent="2" />
    <mem type="loa" free="150528" total="150528" percent="100" />
  </mem>
  <pending-finalizers system="0" default="0" reference="1" classloader="0" />
  <remembered-set count="1668" />
</mem-info>
<gc-op id="2361" type="compact" timems="83.701" contextid="2338" timestamp="2019-08-08T20:25:57.158">
  <compact-info movecount="456882" movebytes="15120800" reason="compact to aid heap contraction" />
</gc-op>
<heap-resize id="2362" type="expand" space="tenure" amount="65536" count="1" timems="0.028" reason="satisfy allocation request" timestamp="2019-08-08T20:25:57.159" />
<gc-end id="2363" type="global" contextid="2338" durationms="99.403" usertimems="161.053" systemtimems="0.000" timestamp="2019-08-08T20:25:57.159" activeThreads="16">
  <mem-info id="2364" free="16228456" total="38207488" percent="42">
    <mem type="nursery" free="15673672" total="23068672" percent="67">
      <mem type="allocate" free="15673672" total="18219008" percent="86" />
      <mem type="survivor" free="0" total="4849664" percent="0" />
    </mem>
    <mem type="tenure" free="554784" total="15138816" percent="3">
      <mem type="soa" free="404256" total="14988288" percent="2" />
      <mem type="loa" free="150528" total="150528" percent="100" />
    </mem>
    <pending-finalizers system="0" default="0" reference="1" classloader="0" />
    <remembered-set count="1668" />
  </mem-info>
</gc-end>
<cycle-end id="2365" type="global" contextid="2338" timestamp="2019-08-08T20:25:57.159" />
  <attribute name="elasticGC enabled" value="1" />
  <attribute name= "numThreadsSpecified" value="16" />
  <attribute name="heapSize specified" value="38141952" />
  <attribute name="Current GC Util" value="49" />
  <attribute name= "Current Time Running" value="124577" />
  <attribute name ="GC Interval" value="1817" />
  <attribute name="Target GC Util Change" value ="80.000000" />
  <attribute name="Current GC Util Change" value="49.000000"/>
  <attribute name="Current Error" value="-280.000000" />
  <attribute name="Output H" value="38179632"/>
  <attribute name="Output I" value="1840"/>
  <attribute name="Output T" value="16"/>
  <attribute name= "Current Time Running" value="124577" />
  <attribute name="GC Util currently" value="49" />
  <attribute name="CPU Util currently" value="13760505083" />
<concurrent-collection-end id="2366" timestamp="2019-08-08T20:25:57.159" />
<exclusive-end id="2367" timestamp="2019-08-08T20:25:57.159" durationms="99.772" />

<concurrent-kickoff id="2368" timestamp="2019-08-08T20:25:57.203">
  <kickoff reason="threshold reached" targetBytes="4890451" thresholdFreeBytes="678856"  remainingFree="576736" tenureFreeBytes="554784" nurseryFreeBytes="576736" />
</concurrent-kickoff>
<exclusive-start id="2369" timestamp="2019-08-08T20:25:57.204" intervalms="144.732">
  <response-info timems="0.023" idlems="0.023" threads="0" lastid="0000000000959F00" lastname="main" />
</exclusive-start>
<cycle-start id="2370" type="global" contextid="0" timestamp="2019-08-08T20:25:57.204" intervalms="165.149" />
<exclusive-end id="2371" timestamp="2019-08-08T20:25:57.204" durationms="0.140" />

<exclusive-start id="2372" timestamp="2019-08-08T20:25:57.212" intervalms="7.490">
  <response-info timems="0.034" idlems="0.034" threads="0" lastid="0000000000959F00" lastname="main" />
</exclusive-start>
<af-start id="2373" threadId="000000000095A888" totalBytesRequested="16" timestamp="2019-08-08T20:25:57.212" intervalms="164.051" type="nursery" />
<cycle-start id="2374" type="scavenge" contextid="0" timestamp="2019-08-08T20:25:57.212" intervalms="164.120" />
<gc-start id="2375" type="scavenge" contextid="2374" timestamp="2019-08-08T20:25:57.212">
  <mem-info id="2376" free="554784" total="38207488" percent="1">
    <mem type="nursery" free="0" total="23068672" percent="0">
      <mem type="allocate" free="0" total="18219008" percent="0" />
      <mem type="survivor" free="0" total="4849664" percent="0" />
    </mem>
    <mem type="tenure" free="554784" total="15138816" percent="3">
      <mem type="soa" free="404256" total="14988288" percent="2" />
      <mem type="loa" free="150528" total="150528" percent="100" />
    </mem>
    <remembered-set count="2339" />
  </mem-info>
</gc-start>
<allocation-stats totalBytes="15662504" >
  <allocated-bytes non-tlh="1809512" tlh="13852992" />
  <largest-consumer threadName="main" threadId="0000000000959F00" bytes="15662504" />
</allocation-stats>
<gc-op id="2377" type="scavenge" timems="6.366" contextid="2374" timestamp="2019-08-08T20:25:57.219">
  <scavenger-info tenureage="2" tenuremask="4004" tiltratio="78" />
  <memory-copied type="nursery" objects="91194" bytes="3491360" bytesdiscarded="88816" />
  <memory-copied type="tenure" objects="28858" bytes="1006048" bytesdiscarded="200" />
  <finalization candidates="1" enqueued="1" />
  <ownableSynchronizers candidates="42" cleared="42" />
  <references type="soft" candidates="9" cleared="0" enqueued="0" dynamicThreshold="1" maxThreshold="32" />
  <references type="weak" candidates="19" cleared="3" enqueued="3" />
  <heap-resize type="expand" space="tenure" amount="786432" count="6" timems="0.380" reason="continue current collection" />
</gc-op>
<gc-end id="2378" type="scavenge" contextid="2374" durationms="6.737" usertimems="25.852" systemtimems="0.000" timestamp="2019-08-08T20:25:57.219" activeThreads="16">
  <mem-info id="2379" free="14414528" total="38993920" percent="36">
    <mem type="nursery" free="14245568" total="23068672" percent="61">
      <mem type="allocate" free="14245568" total="17825792" percent="79" />
      <mem type="survivor" free="0" total="5242880" percent="0" />
    </mem>
    <mem type="tenure" free="168960" total="15925248" percent="1" macro-fragmented="140211">
      <mem type="soa" free="10240" total="15766528" percent="0" />
      <mem type="loa" free="158720" total="158720" percent="100" />
    </mem>
    <pending-finalizers system="0" default="1" reference="3" classloader="0" />
    <remembered-set count="2339" />
  </mem-info>
</gc-end>
<cycle-end id="2380" type="scavenge" contextid="2374" timestamp="2019-08-08T20:25:57.219" />
  <attribute name="elasticGC enabled" value="1" />
  <attribute name= "numThreadsSpecified" value="16" />
  <attribute name="heapSize specified" value="38141952" />
  <attribute name="Current GC Util" value="163" />
  <attribute name= "Current Time Running" value="124631" />
  <attribute name ="GC Interval" value="1793" />
  <attribute name="Target GC Util Change" value ="80.000000" />
  <attribute name="Current GC Util Change" value="163.000000"/>
  <attribute name="Current Error" value="-363.000000" />
  <attribute name="Output H" value="38245120"/>
  <attribute name="Output I" value="1792"/>
  <attribute name="Output T" value="16"/>
  <attribute name= "Current Time Running" value="124631" />
  <attribute name="GC Util currently" value="163" />
  <attribute name="CPU Util currently" value="21413796129" />
<allocation-satisfied id="2381" threadId="0000000000959F00" bytesRequested="16" />
<af-end id="2382" timestamp="2019-08-08T20:25:57.219" threadId="000000000095A888" success="true" from="nursery"/>
<exclusive-end id="2383" timestamp="2019-08-08T20:25:57.219" durationms="7.745" />

<exclusive-start id="2384" timestamp="2019-08-08T20:25:57.311" intervalms="99.051">
  <response-info timems="0.055" idlems="0.055" threads="0" lastid="0000000000959F00" lastname="main" />
</exclusive-start>
<concurrent-collection-start id="2385" timestamp="2019-08-08T20:25:57.311" intervalms="251.317" >
  <concurrent-trace-info reason="card cleaning threshold reached" tracedByMutators="859484" tracedByHelpers="2053152" cardsCleaned="1" workStackOverflowCount="0" />
</concurrent-collection-start>
<gc-start id="2386" type="global" contextid="2370" timestamp="2019-08-08T20:25:57.311">
  <mem-info id="2387" free="168960" total="38993920" percent="0">
    <mem type="nursery" free="0" total="23068672" percent="0">
      <mem type="allocate" free="0" total="17825792" percent="0" />
      <mem type="survivor" free="0" total="5242880" percent="0" />
    </mem>
    <mem type="tenure" free="168960" total="15925248" percent="1">
      <mem type="soa" free="10240" total="15766528" percent="0" />
      <mem type="loa" free="158720" total="158720" percent="100" />
    </mem>
    <remembered-set count="2339" />
  </mem-info>
</gc-start>
<allocation-stats totalBytes="14244016" >
  <allocated-bytes non-tlh="16" tlh="14244000" />
  <largest-consumer threadName="main" threadId="0000000000959F00" bytes="14244016" />
</allocation-stats>
<gc-op id="2388" type="rs-scan" timems="1.156" contextid="2370" timestamp="2019-08-08T20:25:57.312">
  <scan objectsFound="110" bytesTraced="11864" workStackOverflowCount="0" />
</gc-op>
<gc-op id="2389" type="card-cleaning" timems="5.329" contextid="2370" timestamp="2019-08-08T20:25:57.318">
  <card-cleaning cardsCleaned="7" bytesTraced="9283412" workStackOverflowCount="0" />
</gc-op>
<gc-op id="2390" type="mark" timems="5.792" contextid="2370" timestamp="2019-08-08T20:25:57.324">
  <trace-info objectcount="186" scancount="177" scanbytes="5132" />
  <finalization candidates="81" enqueued="0" />
  <ownableSynchronizers candidates="21" cleared="0" />
  <references type="soft" candidates="1837" cleared="0" enqueued="0" dynamicThreshold="1" maxThreshold="32" />
  <references type="weak" candidates="5386" cleared="0" enqueued="0" />
  <references type="phantom" candidates="74" cleared="0" enqueued="0" />
  <stringconstants candidates="13143" cleared="0"  />
</gc-op>
<gc-op id="2391" type="sweep" timems="2.459" contextid="2370" timestamp="2019-08-08T20:25:57.326" />
<mem-info id="2392" free="14599776" total="38993920" percent="37">
  <mem type="nursery" free="12332056" total="23068672" percent="53">
    <mem type="allocate" free="12332056" total="17825792" percent="69" />
    <mem type="survivor" free="0" total="5242880" percent="0" />
  </mem>
  <mem type="tenure" free="2267720" total="15925248" percent="14" micro-fragmented="256" macro-fragmented="1500163">
    <mem type="soa" free="2109000" total="15766528" percent="13" />
    <mem type="loa" free="158720" total="158720" percent="100" />
  </mem>
  <remembered-set count="2334" />
</mem-info>
<gc-op id="2393" type="compact" timems="103.867" contextid="2370" timestamp="2019-08-08T20:25:57.431">
  <compact-info movecount="521441" movebytes="15963608" reason="compact to aid heap contraction" />
</gc-op>
<heap-resize id="2394" type="expand" space="tenure" amount="65536" count="1" timems="0.020" reason="satisfy allocation request" timestamp="2019-08-08T20:25:57.431" />
<gc-end id="2395" type="global" contextid="2370" durationms="120.473" usertimems="202.149" systemtimems="0.000" timestamp="2019-08-08T20:25:57.431" activeThreads="16">
  <mem-info id="2396" free="15844424" total="39059456" percent="40">
    <mem type="nursery" free="13509368" total="23068672" percent="58">
      <mem type="allocate" free="13509368" total="17825792" percent="75" />
      <mem type="survivor" free="0" total="5242880" percent="0" />
    </mem>
    <mem type="tenure" free="2335056" total="15990784" percent="14">
      <mem type="soa" free="2175312" total="15831040" percent="13" />
      <mem type="loa" free="159744" total="159744" percent="100" />
    </mem>
    <remembered-set count="2334" />
  </mem-info>
</gc-end>
<cycle-end id="2397" type="global" contextid="2370" timestamp="2019-08-08T20:25:57.431" />
  <attribute name="elasticGC enabled" value="1" />
  <attribute name= "numThreadsSpecified" value="16" />
  <attribute name="heapSize specified" value="38993920" />
  <attribute name="Current GC Util" value="42" />
  <attribute name= "Current Time Running" value="124850" />
  <attribute name ="GC Interval" value="1793" />
  <attribute name="Target GC Util Change" value ="80.000000" />
  <attribute name="Current GC Util Change" value="42.000000"/>
  <attribute name="Current Error" value="38.000000" />
  <attribute name="Output H" value="39031784"/>
  <attribute name="Output I" value="2024"/>
  <attribute name="Output T" value="16"/>
  <attribute name= "Current Time Running" value="124850" />
  <attribute name="GC Util currently" value="42" />
  <attribute name="CPU Util currently" value="11089958102" />
<concurrent-collection-end id="2398" timestamp="2019-08-08T20:25:57.431" />
<exclusive-end id="2399" timestamp="2019-08-08T20:25:57.431" durationms="120.865" />

<exclusive-start id="2400" timestamp="2019-08-08T20:25:57.469" intervalms="158.030">
  <response-info timems="0.019" idlems="0.019" threads="0" lastid="0000000000959F00" lastname="main" />
</exclusive-start>
<af-start id="2401" threadId="000000000095A888" totalBytesRequested="32" timestamp="2019-08-08T20:25:57.469" intervalms="256.857" type="nursery" />
<cycle-start id="2402" type="scavenge" contextid="0" timestamp="2019-08-08T20:25:57.469" intervalms="256.790" />
<gc-start id="2403" type="scavenge" contextid="2402" timestamp="2019-08-08T20:25:57.469">
  <mem-info id="2404" free="2335056" total="39059456" percent="5">
    <mem type="nursery" free="0" total="23068672" percent="0">
      <mem type="allocate" free="0" total="17825792" percent="0" />
      <mem type="survivor" free="0" total="5242880" percent="0" />
    </mem>
    <mem type="tenure" free="2335056" total="15990784" percent="14">
      <mem type="soa" free="2175312" total="15831040" percent="13" />
      <mem type="loa" free="159744" total="159744" percent="100" />
    </mem>
    <remembered-set count="2335" />
  </mem-info>
</gc-start>
<allocation-stats totalBytes="13507504" >
  <allocated-bytes non-tlh="131080" tlh="13376424" />
  <largest-consumer threadName="main" threadId="0000000000959F00" bytes="13507504" />
</allocation-stats>
<gc-op id="2405" type="scavenge" timems="4.004" contextid="2402" timestamp="2019-08-08T20:25:57.473">
  <scavenger-info tenureage="2" tenuremask="4004" tiltratio="77" />
  <memory-copied type="nursery" objects="98277" bytes="3599808" bytesdiscarded="134512" />
  <memory-copied type="tenure" objects="60929" bytes="1527648" bytesdiscarded="336" />
  <ownableSynchronizers candidates="42" cleared="42" />
  <references type="soft" candidates="9" cleared="0" enqueued="0" dynamicThreshold="4" maxThreshold="32" />
  <references type="weak" candidates="16" cleared="0" enqueued="0" />
</gc-op>
<gc-end id="2406" type="scavenge" contextid="2402" durationms="4.312" usertimems="21.207" systemtimems="0.000" timestamp="2019-08-08T20:25:57.473" activeThreads="16">
  <mem-info id="2407" free="15208456" total="39059456" percent="38">
    <mem type="nursery" free="14681272" total="23068672" percent="63">
      <mem type="allocate" free="14681272" total="18415616" percent="79" />
      <mem type="survivor" free="0" total="4653056" percent="0" />
    </mem>
    <mem type="tenure" free="527184" total="15990784" percent="3" macro-fragmented="290741">
      <mem type="soa" free="367440" total="15831040" percent="2" />
      <mem type="loa" free="159744" total="159744" percent="100" />
    </mem>
    <remembered-set count="1134" />
  </mem-info>
</gc-end>
<cycle-end id="2408" type="scavenge" contextid="2402" timestamp="2019-08-08T20:25:57.473" />
  <attribute name="elasticGC enabled" value="1" />
  <attribute name= "numThreadsSpecified" value="16" />
  <attribute name="heapSize specified" value="38993920" />
  <attribute name="Current GC Util" value="289" />
  <attribute name= "Current Time Running" value="124888" />
  <attribute name ="GC Interval" value="1905" />
  <attribute name="Target GC Util Change" value ="80.000000" />
  <attribute name="Current GC Util Change" value="289.000000"/>
  <attribute name="Current Error" value="-171.000000" />
  <attribute name="Output H" value="39097200"/>
  <attribute name="Output I" value="1904"/>
  <attribute name="Output T" value="16"/>
  <attribute name= "Current Time Running" value="124888" />
  <attribute name="GC Util currently" value="289" />
  <attribute name="CPU Util currently" value="30313331305" />
<allocation-satisfied id="2409" threadId="0000000000959F00" bytesRequested="32" />
<af-end id="2410" timestamp="2019-08-08T20:25:57.473" threadId="000000000095A888" success="true" from="nursery"/>
<exclusive-end id="2411" timestamp="2019-08-08T20:25:57.473" durationms="4.555" />

-------------------------------------------------------------------------------
PYBENCH 2.0
-------------------------------------------------------------------------------
* using Python 2.5.2
* system check interval set to maximum: 2147483647
* using timer: time.time

Calibrating tests. Please wait...

Running 4 round(s) of the suite at warp factor 10:

<concurrent-kickoff id="2412" timestamp="2019-08-08T20:25:57.611">
  <kickoff reason="threshold reached" targetBytes="4689571" thresholdFreeBytes="652510"  remainingFree="591032" tenureFreeBytes="506328" nurseryFreeBytes="591032" />
</concurrent-kickoff>
<exclusive-start id="2413" timestamp="2019-08-08T20:25:57.611" intervalms="142.723">
  <response-info timems="0.017" idlems="0.017" threads="0" lastid="0000000000959F00" lastname="main" />
</exclusive-start>
<cycle-start id="2414" type="global" contextid="0" timestamp="2019-08-08T20:25:57.611" intervalms="407.220" />
<exclusive-end id="2415" timestamp="2019-08-08T20:25:57.611" durationms="0.012" />

<exclusive-start id="2416" timestamp="2019-08-08T20:25:57.620" intervalms="8.892">
  <response-info timems="0.019" idlems="0.019" threads="0" lastid="0000000000959F00" lastname="main" />
</exclusive-start>
<af-start id="2417" threadId="000000000095A888" totalBytesRequested="16" timestamp="2019-08-08T20:25:57.620" intervalms="151.616" type="nursery" />
<cycle-start id="2418" type="scavenge" contextid="0" timestamp="2019-08-08T20:25:57.620" intervalms="151.615" />
<gc-start id="2419" type="scavenge" contextid="2418" timestamp="2019-08-08T20:25:57.620">
  <mem-info id="2420" free="506328" total="39059456" percent="1">
    <mem type="nursery" free="0" total="23068672" percent="0">
      <mem type="allocate" free="0" total="18415616" percent="0" />
      <mem type="survivor" free="0" total="4653056" percent="0" />
    </mem>
    <mem type="tenure" free="506328" total="15990784" percent="3">
      <mem type="soa" free="346584" total="15831040" percent="2" />
      <mem type="loa" free="159744" total="159744" percent="100" />
    </mem>
    <remembered-set count="1762" />
  </mem-info>
</gc-start>
<allocation-stats totalBytes="14701088" >
  <allocated-bytes non-tlh="20888" tlh="14680200" />
  <largest-consumer threadName="main" threadId="0000000000959F00" bytes="14701088" />
</allocation-stats>
<gc-op id="2421" type="scavenge" timems="3.719" contextid="2418" timestamp="2019-08-08T20:25:57.624">
  <scavenger-info tenureage="14" tenuremask="4000" tiltratio="79" />
  <memory-copied type="nursery" objects="117159" bytes="2895232" bytesdiscarded="248664" />
  <references type="soft" candidates="2361" cleared="0" enqueued="0" dynamicThreshold="4" maxThreshold="32" />
  <references type="weak" candidates="98" cleared="6" enqueued="4" />
</gc-op>
<gc-end id="2422" type="scavenge" contextid="2418" durationms="4.193" usertimems="17.038" systemtimems="0.000" timestamp="2019-08-08T20:25:57.625" activeThreads="16">
  <mem-info id="2423" free="15843536" total="39059456" percent="40">
    <mem type="nursery" free="15337208" total="23068672" percent="66">
      <mem type="allocate" free="15337208" total="18481152" percent="82" />
      <mem type="survivor" free="0" total="4587520" percent="0" />
    </mem>
    <mem type="tenure" free="506328" total="15990784" percent="3" macro-fragmented="0">
      <mem type="soa" free="346584" total="15831040" percent="2" />
      <mem type="loa" free="159744" total="159744" percent="100" />
    </mem>
    <pending-finalizers system="0" default="0" reference="4" classloader="0" />
    <remembered-set count="1762" />
  </mem-info>
</gc-end>
<cycle-end id="2424" type="scavenge" contextid="2418" timestamp="2019-08-08T20:25:57.625" />
  <attribute name="elasticGC enabled" value="1" />
  <attribute name= "numThreadsSpecified" value="16" />
  <attribute name="heapSize specified" value="38993920" />
  <attribute name="Current GC Util" value="13" />
  <attribute name= "Current Time Running" value="125040" />
  <attribute name ="GC Interval" value="1945" />
  <attribute name="Target GC Util Change" value ="80.000000" />
  <attribute name="Current GC Util Change" value="13.000000"/>
  <attribute name="Current Error" value="-104.000000" />
  <attribute name="Output H" value="39097240"/>
  <attribute name="Output I" value="1944"/>
  <attribute name="Output T" value="16"/>
  <attribute name= "Current Time Running" value="125040" />
  <attribute name="GC Util currently" value="13" />
  <attribute name="CPU Util currently" value="7606990610" />
<allocation-satisfied id="2425" threadId="0000000000959F00" bytesRequested="16" />
<af-end id="2426" timestamp="2019-08-08T20:25:57.625" threadId="000000000095A888" success="true" from="nursery"/>
<exclusive-end id="2427" timestamp="2019-08-08T20:25:57.625" durationms="4.431" />

<exclusive-start id="2428" timestamp="2019-08-08T20:25:57.632" intervalms="12.114">
  <response-info timems="0.017" idlems="0.017" threads="0" lastid="0000000000959F00" lastname="main" />
</exclusive-start>
<concurrent-collection-start id="2429" timestamp="2019-08-08T20:25:57.632" intervalms="321.711" >
  <concurrent-trace-info reason="card cleaning threshold reached" tracedByMutators="4609672" tracedByHelpers="6040816" cardsCleaned="1" workStackOverflowCount="0" />
</concurrent-collection-start>
<gc-start id="2430" type="global" contextid="2414" timestamp="2019-08-08T20:25:57.632">
  <mem-info id="2431" free="15470784" total="39059456" percent="39">
    <mem type="nursery" free="14964456" total="23068672" percent="64">
      <mem type="allocate" free="14964456" total="18481152" percent="80" />
      <mem type="survivor" free="0" total="4587520" percent="0" />
    </mem>
    <mem type="tenure" free="506328" total="15990784" percent="3">
      <mem type="soa" free="346584" total="15831040" percent="2" />
      <mem type="loa" free="159744" total="159744" percent="100" />
    </mem>
    <remembered-set count="1763" />
  </mem-info>
</gc-start>
<allocation-stats totalBytes="372712" >
  <allocated-bytes non-tlh="16" tlh="372696" />
  <largest-consumer threadName="main" threadId="0000000000959F00" bytes="368616" />
</allocation-stats>
<gc-op id="2432" type="rs-scan" timems="5.433" contextid="2414" timestamp="2019-08-08T20:25:57.638">
  <scan objectsFound="1211" bytesTraced="3072356" workStackOverflowCount="0" />
</gc-op>
<gc-op id="2433" type="card-cleaning" timems="2.060" contextid="2414" timestamp="2019-08-08T20:25:57.640">
  <card-cleaning cardsCleaned="0" bytesTraced="7352" workStackOverflowCount="0" />
</gc-op>
<gc-op id="2434" type="mark" timems="5.627" contextid="2414" timestamp="2019-08-08T20:25:57.646">
  <trace-info objectcount="2577" scancount="2275" scanbytes="63680" />
  <finalization candidates="81" enqueued="1" />
  <ownableSynchronizers candidates="21" cleared="0" />
  <references type="soft" candidates="4189" cleared="0" enqueued="0" dynamicThreshold="4" maxThreshold="32" />
  <references type="weak" candidates="5434" cleared="2" enqueued="1" />
  <references type="phantom" candidates="74" cleared="0" enqueued="0" />
  <stringconstants candidates="13653" cleared="5"  />
</gc-op>
<gc-op id="2435" type="sweep" timems="1.035" contextid="2414" timestamp="2019-08-08T20:25:57.647" />
<mem-info id="2436" free="16378128" total="39059456" percent="41">
  <mem type="nursery" free="15591912" total="23068672" percent="67">
    <mem type="allocate" free="15591912" total="18481152" percent="84" />
    <mem type="survivor" free="0" total="4587520" percent="0" />
  </mem>
  <mem type="tenure" free="786216" total="15990784" percent="4" micro-fragmented="6660" macro-fragmented="0">
    <mem type="soa" free="626472" total="15831040" percent="3" />
    <mem type="loa" free="159744" total="159744" percent="100" />
  </mem>
  <pending-finalizers system="0" default="1" reference="1" classloader="0" />
  <remembered-set count="1710" />
</mem-info>
<gc-op id="2437" type="compact" timems="129.243" contextid="2414" timestamp="2019-08-08T20:25:57.776">
  <compact-info movecount="588670" movebytes="17438800" reason="compact to aid heap contraction" />
</gc-op>
<heap-resize id="2438" type="expand" space="tenure" amount="65536" count="1" timems="0.019" reason="satisfy allocation request" timestamp="2019-08-08T20:25:57.777" />
<gc-end id="2439" type="global" contextid="2414" durationms="144.877" usertimems="193.437" systemtimems="0.000" timestamp="2019-08-08T20:25:57.777" activeThreads="16">
  <mem-info id="2440" free="16450768" total="39124992" percent="42">
    <mem type="nursery" free="15593608" total="23068672" percent="67">
      <mem type="allocate" free="15593608" total="18481152" percent="84" />
      <mem type="survivor" free="0" total="4587520" percent="0" />
    </mem>
    <mem type="tenure" free="857160" total="16056320" percent="5">
      <mem type="soa" free="697416" total="15896576" percent="4" />
      <mem type="loa" free="159744" total="159744" percent="100" />
    </mem>
    <pending-finalizers system="0" default="1" reference="1" classloader="0" />
    <remembered-set count="1710" />
  </mem-info>
</gc-end>
<cycle-end id="2441" type="global" contextid="2414" timestamp="2019-08-08T20:25:57.777" />
  <attribute name="elasticGC enabled" value="1" />
  <attribute name= "numThreadsSpecified" value="16" />
  <attribute name="heapSize specified" value="39059456" />
  <attribute name="Current GC Util" value="32" />
  <attribute name= "Current Time Running" value="125196" />
  <attribute name ="GC Interval" value="1945" />
  <attribute name="Target GC Util Change" value ="80.000000" />
  <attribute name="Current GC Util Change" value="32.000000"/>
  <attribute name="Current Error" value="-193.000000" />
  <attribute name="Output H" value="39097192"/>
  <attribute name="Output I" value="1896"/>
  <attribute name="Output T" value="16"/>
  <attribute name= "Current Time Running" value="125196" />
  <attribute name="GC Util currently" value="32" />
  <attribute name="CPU Util currently" value="8917675502" />
<concurrent-collection-end id="2442" timestamp="2019-08-08T20:25:57.777" />
<exclusive-end id="2443" timestamp="2019-08-08T20:25:57.777" durationms="145.060" />

<concurrent-kickoff id="2444" timestamp="2019-08-08T20:25:57.881">
  <kickoff reason="threshold reached" targetBytes="5879167" thresholdFreeBytes="816094"  remainingFree="811144" tenureFreeBytes="857160" nurseryFreeBytes="811144" />
</concurrent-kickoff>
<exclusive-start id="2445" timestamp="2019-08-08T20:25:57.881" intervalms="249.028">
  <response-info timems="0.051" idlems="0.051" threads="0" lastid="0000000000959F00" lastname="main" />
</exclusive-start>
<cycle-start id="2446" type="global" contextid="0" timestamp="2019-08-08T20:25:57.881" intervalms="270.042" />
<exclusive-end id="2447" timestamp="2019-08-08T20:25:57.881" durationms="0.022" />

<exclusive-start id="2448" timestamp="2019-08-08T20:25:57.911" intervalms="29.114">
  <response-info timems="0.017" idlems="0.017" threads="0" lastid="0000000000959F00" lastname="main" />
</exclusive-start>
<concurrent-collection-start id="2449" timestamp="2019-08-08T20:25:57.911" intervalms="278.135" >
  <concurrent-trace-info reason="card cleaning threshold reached" tracedByMutators="3330836" tracedByHelpers="7349140" cardsCleaned="0" workStackOverflowCount="0" />
</concurrent-collection-start>
<gc-start id="2450" type="global" contextid="2446" timestamp="2019-08-08T20:25:57.911">
  <mem-info id="2451" free="857160" total="39124992" percent="2">
    <mem type="nursery" free="0" total="23068672" percent="0">
      <mem type="allocate" free="0" total="18481152" percent="0" />
      <mem type="survivor" free="0" total="4587520" percent="0" />
    </mem>
    <mem type="tenure" free="857160" total="16056320" percent="5">
      <mem type="soa" free="697416" total="15896576" percent="4" />
      <mem type="loa" free="159744" total="159744" percent="100" />
    </mem>
    <remembered-set count="1711" />
  </mem-info>
</gc-start>
<allocation-stats totalBytes="15593112" >
  <allocated-bytes non-tlh="0" tlh="15593112" />
  <largest-consumer threadName="main" threadId="0000000000959F00" bytes="15593112" />
</allocation-stats>
<gc-op id="2452" type="rs-scan" timems="5.712" contextid="2446" timestamp="2019-08-08T20:25:57.916">
  <scan objectsFound="1259" bytesTraced="2866104" workStackOverflowCount="0" />
</gc-op>
<gc-op id="2453" type="card-cleaning" timems="2.871" contextid="2446" timestamp="2019-08-08T20:25:57.919">
  <card-cleaning cardsCleaned="0" bytesTraced="162064" workStackOverflowCount="0" />
</gc-op>
<gc-op id="2454" type="mark" timems="6.805" contextid="2446" timestamp="2019-08-08T20:25:57.926">
  <trace-info objectcount="1354" scancount="1225" scanbytes="33932" />
  <finalization candidates="80" enqueued="0" />
  <ownableSynchronizers candidates="21" cleared="0" />
  <references type="soft" candidates="4189" cleared="928" enqueued="928" dynamicThreshold="1" maxThreshold="32" />
  <references type="weak" candidates="5434" cleared="0" enqueued="0" />
  <references type="phantom" candidates="74" cleared="1" enqueued="1" />
  <stringconstants candidates="13648" cleared="0"  />
</gc-op>
<gc-op id="2455" type="sweep" timems="1.078" contextid="2446" timestamp="2019-08-08T20:25:57.927" />
<mem-info id="2456" free="16474088" total="39124992" percent="42">
  <mem type="nursery" free="15607584" total="23068672" percent="67">
    <mem type="allocate" free="15607584" total="18481152" percent="84" />
    <mem type="survivor" free="0" total="4587520" percent="0" />
  </mem>
  <mem type="tenure" free="866504" total="16056320" percent="5" micro-fragmented="0" macro-fragmented="0">
    <mem type="soa" free="706760" total="15896576" percent="4" />
    <mem type="loa" free="159744" total="159744" percent="100" />
  </mem>
  <pending-finalizers system="0" default="0" reference="929" classloader="0" />
  <remembered-set count="1711" />
</mem-info>
<gc-op id="2457" type="compact" timems="87.420" contextid="2446" timestamp="2019-08-08T20:25:58.015">
  <compact-info movecount="490699" movebytes="12369888" reason="compact to aid heap contraction" />
</gc-op>
<heap-resize id="2458" type="expand" space="tenure" amount="65536" count="1" timems="0.020" reason="satisfy allocation request" timestamp="2019-08-08T20:25:58.015" />
<gc-end id="2459" type="global" contextid="2446" durationms="104.812" usertimems="151.936" systemtimems="0.000" timestamp="2019-08-08T20:25:58.015" activeThreads="16">
  <mem-info id="2460" free="16579520" total="39190528" percent="42">
    <mem type="nursery" free="15646224" total="23068672" percent="67">
      <mem type="allocate" free="15646224" total="18481152" percent="84" />
      <mem type="survivor" free="0" total="4587520" percent="0" />
    </mem>
    <mem type="tenure" free="933296" total="16121856" percent="5">
      <mem type="soa" free="772528" total="15961088" percent="4" />
      <mem type="loa" free="160768" total="160768" percent="100" />
    </mem>
    <pending-finalizers system="0" default="0" reference="929" classloader="0" />
    <remembered-set count="1711" />
  </mem-info>
</gc-end>
<cycle-end id="2461" type="global" contextid="2446" timestamp="2019-08-08T20:25:58.015" />
  <attribute name="elasticGC enabled" value="1" />
  <attribute name= "numThreadsSpecified" value="16" />
  <attribute name="heapSize specified" value="39124992" />
  <attribute name="Current GC Util" value="42" />
  <attribute name= "Current Time Running" value="125434" />
  <attribute name ="GC Interval" value="1945" />
  <attribute name="Target GC Util Change" value ="80.000000" />
  <attribute name="Current GC Util Change" value="42.000000"/>
  <attribute name="Current Error" value="-92.000000" />
  <attribute name="Output H" value="39162784"/>
  <attribute name="Output I" value="1952"/>
  <attribute name="Output T" value="16"/>
  <attribute name= "Current Time Running" value="125434" />
  <attribute name="GC Util currently" value="42" />
  <attribute name="CPU Util currently" value="13181507534" />
<concurrent-collection-end id="2462" timestamp="2019-08-08T20:25:58.015" />
<exclusive-end id="2463" timestamp="2019-08-08T20:25:58.015" durationms="104.980" />

<concurrent-kickoff id="2464" timestamp="2019-08-08T20:25:58.142">
  <kickoff reason="threshold reached" targetBytes="6853455" thresholdFreeBytes="950307"  remainingFree="826896" tenureFreeBytes="933296" nurseryFreeBytes="826896" />
</concurrent-kickoff>
<exclusive-start id="2465" timestamp="2019-08-08T20:25:58.142" intervalms="231.305">
  <response-info timems="0.017" idlems="0.017" threads="0" lastid="0000000000959F00" lastname="main" />
</exclusive-start>
<cycle-start id="2466" type="global" contextid="0" timestamp="2019-08-08T20:25:58.142" intervalms="260.412" />
<exclusive-end id="2467" timestamp="2019-08-08T20:25:58.142" durationms="0.014" />

<exclusive-start id="2468" timestamp="2019-08-08T20:25:58.158" intervalms="16.153">
  <response-info timems="0.041" idlems="0.041" threads="0" lastid="0000000000959F00" lastname="main" />
</exclusive-start>
<af-start id="2469" threadId="000000000095A888" totalBytesRequested="32" timestamp="2019-08-08T20:25:58.158" intervalms="537.702" type="nursery" />
<cycle-start id="2470" type="scavenge" contextid="0" timestamp="2019-08-08T20:25:58.158" intervalms="537.700" />
<gc-start id="2471" type="scavenge" contextid="2470" timestamp="2019-08-08T20:25:58.158">
  <mem-info id="2472" free="933296" total="39190528" percent="2">
    <mem type="nursery" free="0" total="23068672" percent="0">
      <mem type="allocate" free="0" total="18481152" percent="0" />
      <mem type="survivor" free="0" total="4587520" percent="0" />
    </mem>
    <mem type="tenure" free="933296" total="16121856" percent="5">
      <mem type="soa" free="772528" total="15961088" percent="4" />
      <mem type="loa" free="160768" total="160768" percent="100" />
    </mem>
    <remembered-set count="1717" />
  </mem-info>
</gc-start>
<allocation-stats totalBytes="15642312" >
  <allocated-bytes non-tlh="0" tlh="15642312" />
  <largest-consumer threadName="main" threadId="0000000000959F00" bytes="15602920" />
</allocation-stats>
<gc-op id="2473" type="scavenge" timems="4.931" contextid="2470" timestamp="2019-08-08T20:25:58.163">
  <scavenger-info tenureage="2" tenuremask="4004" tiltratio="80" />
  <memory-copied type="nursery" objects="46201" bytes="1146200" bytesdiscarded="188056" />
  <memory-copied type="tenure" objects="68556" bytes="1669328" bytesdiscarded="376" />
  <ownableSynchronizers candidates="42" cleared="42" />
  <references type="soft" candidates="1433" cleared="0" enqueued="0" dynamicThreshold="1" maxThreshold="32" />
  <references type="weak" candidates="84" cleared="0" enqueued="0" />
  <heap-resize type="expand" space="tenure" amount="1179648" count="9" timems="0.697" reason="continue current collection" />
</gc-op>
<gc-end id="2474" type="scavenge" contextid="2470" durationms="5.223" usertimems="18.446" systemtimems="0.000" timestamp="2019-08-08T20:25:58.163" activeThreads="16">
  <mem-info id="2475" free="17629432" total="40370176" percent="43">
    <mem type="nursery" free="17343480" total="23068672" percent="75">
      <mem type="allocate" free="17343480" total="18677760" percent="92" />
      <mem type="survivor" free="0" total="4390912" percent="0" />
    </mem>
    <mem type="tenure" free="285952" total="17301504" percent="1" macro-fragmented="249393">
      <mem type="soa" free="113920" total="17129472" percent="0" />
      <mem type="loa" free="172032" total="172032" percent="100" />
    </mem>
    <remembered-set count="2414" />
  </mem-info>
</gc-end>
<cycle-end id="2476" type="scavenge" contextid="2470" timestamp="2019-08-08T20:25:58.163" />
  <attribute name="elasticGC enabled" value="1" />
  <attribute name= "numThreadsSpecified" value="16" />
  <attribute name="heapSize specified" value="39124992" />
  <attribute name="Current GC Util" value="66" />
  <attribute name= "Current Time Running" value="125577" />
  <attribute name ="GC Interval" value="1961" />
  <attribute name="Target GC Util Change" value ="80.000000" />
  <attribute name="Current GC Util Change" value="66.000000"/>
  <attribute name="Current Error" value="-78.000000" />
  <attribute name="Output H" value="39228328"/>
  <attribute name="Output I" value="1960"/>
  <attribute name="Output T" value="16"/>
  <attribute name= "Current Time Running" value="125577" />
  <attribute name="GC Util currently" value="66" />
  <attribute name="CPU Util currently" value="8056954437" />
<allocation-satisfied id="2477" threadId="0000000000959F00" bytesRequested="32" />
<af-end id="2478" timestamp="2019-08-08T20:25:58.163" threadId="000000000095A888" success="true" from="nursery"/>
<exclusive-end id="2479" timestamp="2019-08-08T20:25:58.163" durationms="5.516" />

<exclusive-start id="2480" timestamp="2019-08-08T20:25:58.166" intervalms="8.013">
  <response-info timems="0.038" idlems="0.038" threads="0" lastid="0000000000959F00" lastname="main" />
</exclusive-start>
<concurrent-collection-start id="2481" timestamp="2019-08-08T20:25:58.166" intervalms="255.490" >
  <concurrent-trace-info reason="card cleaning threshold reached" tracedByMutators="6731012" tracedByHelpers="5605764" cardsCleaned="22" workStackOverflowCount="0" />
</concurrent-collection-start>
<gc-start id="2482" type="global" contextid="2466" timestamp="2019-08-08T20:25:58.166">
  <mem-info id="2483" free="17420504" total="40370176" percent="43">
    <mem type="nursery" free="17134552" total="23068672" percent="74">
      <mem type="allocate" free="17134552" total="18677760" percent="91" />
      <mem type="survivor" free="0" total="4390912" percent="0" />
    </mem>
    <mem type="tenure" free="285952" total="17301504" percent="1">
      <mem type="soa" free="113920" total="17129472" percent="0" />
      <mem type="loa" free="172032" total="172032" percent="100" />
    </mem>
    <remembered-set count="2414" />
  </mem-info>
</gc-start>
<allocation-stats totalBytes="208896" >
  <allocated-bytes non-tlh="32" tlh="208864" />
  <largest-consumer threadName="main" threadId="0000000000959F00" bytes="208896" />
</allocation-stats>
<gc-op id="2484" type="rs-scan" timems="2.563" contextid="2466" timestamp="2019-08-08T20:25:58.169">
  <scan objectsFound="2270" bytesTraced="1530732" workStackOverflowCount="0" />
</gc-op>
<gc-op id="2485" type="card-cleaning" timems="0.802" contextid="2466" timestamp="2019-08-08T20:25:58.170">
  <card-cleaning cardsCleaned="0" bytesTraced="3360" workStackOverflowCount="0" />
</gc-op>
<gc-op id="2486" type="mark" timems="3.791" contextid="2466" timestamp="2019-08-08T20:25:58.173">
  <trace-info objectcount="437" scancount="420" scanbytes="13448" />
  <finalization candidates="80" enqueued="0" />
  <ownableSynchronizers candidates="21" cleared="0" />
  <references type="soft" candidates="3261" cleared="0" enqueued="0" dynamicThreshold="1" maxThreshold="32" />
  <references type="weak" candidates="5434" cleared="0" enqueued="0" />
  <references type="phantom" candidates="73" cleared="0" enqueued="0" />
  <stringconstants candidates="13648" cleared="50"  />
</gc-op>
<gc-op id="2487" type="sweep" timems="1.871" contextid="2466" timestamp="2019-08-08T20:25:58.175" />
<mem-info id="2488" free="17976664" total="40370176" percent="44">
  <mem type="nursery" free="17531216" total="23068672" percent="75">
    <mem type="allocate" free="17531216" total="18677760" percent="93" />
    <mem type="survivor" free="0" total="4390912" percent="0" />
  </mem>
  <mem type="tenure" free="445448" total="17301504" percent="2" micro-fragmented="256" macro-fragmented="0">
    <mem type="soa" free="273416" total="17129472" percent="1" />
    <mem type="loa" free="172032" total="172032" percent="100" />
  </mem>
  <remembered-set count="2363" />
</mem-info>
<gc-op id="2489" type="compact" timems="104.910" contextid="2466" timestamp="2019-08-08T20:25:58.280">
  <compact-info movecount="492678" movebytes="12428912" reason="compact to aid heap contraction" />
</gc-op>
<heap-resize id="2490" type="expand" space="tenure" amount="65536" count="1" timems="0.019" reason="satisfy allocation request" timestamp="2019-08-08T20:25:58.281" />
<gc-end id="2491" type="global" contextid="2466" durationms="114.951" usertimems="142.355" systemtimems="0.000" timestamp="2019-08-08T20:25:58.281" activeThreads="16">
  <mem-info id="2492" free="18042912" total="40435712" percent="44">
    <mem type="nursery" free="17531504" total="23068672" percent="75">
      <mem type="allocate" free="17531504" total="18677760" percent="93" />
      <mem type="survivor" free="0" total="4390912" percent="0" />
    </mem>
    <mem type="tenure" free="511408" total="17367040" percent="2">
      <mem type="soa" free="338352" total="17193984" percent="1" />
      <mem type="loa" free="173056" total="173056" percent="100" />
    </mem>
    <remembered-set count="2363" />
  </mem-info>
</gc-end>
<cycle-end id="2493" type="global" contextid="2466" timestamp="2019-08-08T20:25:58.281" />
  <attribute name="elasticGC enabled" value="1" />
  <attribute name= "numThreadsSpecified" value="16" />
  <attribute name="heapSize specified" value="40370176" />
  <attribute name="Current GC Util" value="17" />
  <attribute name= "Current Time Running" value="125699" />
  <attribute name ="GC Interval" value="1961" />
  <attribute name="Target GC Util Change" value ="80.000000" />
  <attribute name="Current GC Util Change" value="17.000000"/>
  <attribute name="Current Error" value="63.000000" />
  <attribute name="Output H" value="40408056"/>
  <attribute name="Output I" value="2040"/>
  <attribute name="Output T" value="16"/>
  <attribute name= "Current Time Running" value="125699" />
  <attribute name="GC Util currently" value="17" />
  <attribute name="CPU Util currently" value="10986460561" />
<concurrent-collection-end id="2494" timestamp="2019-08-08T20:25:58.281" />
<exclusive-end id="2495" timestamp="2019-08-08T20:25:58.281" durationms="115.142" />

<concurrent-kickoff id="2496" timestamp="2019-08-08T20:26:00.542">
  <kickoff reason="threshold reached" targetBytes="8350684" thresholdFreeBytes="1141394"  remainingFree="1135216" tenureFreeBytes="511344" nurseryFreeBytes="1135216" />
</concurrent-kickoff>
<exclusive-start id="2497" timestamp="2019-08-08T20:26:00.542" intervalms="2376.265">
  <response-info timems="0.018" idlems="0.018" threads="0" lastid="0000000000959F00" lastname="main" />
</exclusive-start>
<cycle-start id="2498" type="global" contextid="0" timestamp="2019-08-08T20:26:00.542" intervalms="2400.431" />
<exclusive-end id="2499" timestamp="2019-08-08T20:26:00.542" durationms="0.013" />

<exclusive-start id="2500" timestamp="2019-08-08T20:26:00.557" intervalms="14.755">
  <response-info timems="0.018" idlems="0.018" threads="0" lastid="0000000000959F00" lastname="main" />
</exclusive-start>
<af-start id="2501" threadId="000000000095A888" totalBytesRequested="1168" timestamp="2019-08-08T20:26:00.557" intervalms="2399.047" type="nursery" />
<cycle-start id="2502" type="scavenge" contextid="0" timestamp="2019-08-08T20:26:00.557" intervalms="2399.053" />
<gc-start id="2503" type="scavenge" contextid="2502" timestamp="2019-08-08T20:26:00.557">
  <mem-info id="2504" free="511344" total="40435712" percent="1">
    <mem type="nursery" free="0" total="23068672" percent="0">
      <mem type="allocate" free="0" total="18677760" percent="0" />
      <mem type="survivor" free="0" total="4390912" percent="0" />
    </mem>
    <mem type="tenure" free="511344" total="17367040" percent="2">
      <mem type="soa" free="338288" total="17193984" percent="1" />
      <mem type="loa" free="173056" total="173056" percent="100" />
    </mem>
    <remembered-set count="2365" />
  </mem-info>
</gc-start>
<allocation-stats totalBytes="17521192" >
  <allocated-bytes non-tlh="64" tlh="17521128" />
  <largest-consumer threadName="main" threadId="0000000000959F00" bytes="17521192" />
</allocation-stats>
<gc-op id="2505" type="scavenge" timems="3.715" contextid="2502" timestamp="2019-08-08T20:26:00.561">
  <scavenger-info tenureage="14" tenuremask="4000" tiltratio="80" />
  <memory-copied type="nursery" objects="46264" bytes="1148752" bytesdiscarded="48512" />
  <ownableSynchronizers candidates="42" cleared="42" />
  <references type="soft" candidates="1433" cleared="0" enqueued="0" dynamicThreshold="0" maxThreshold="32" />
  <references type="weak" candidates="84" cleared="0" enqueued="0" />
</gc-op>
<gc-end id="2506" type="scavenge" contextid="2502" durationms="4.026" usertimems="8.557" systemtimems="0.000" timestamp="2019-08-08T20:26:00.561" activeThreads="16">
  <mem-info id="2507" free="18581640" total="40435712" percent="45">
    <mem type="nursery" free="18070296" total="23068672" percent="78">
      <mem type="allocate" free="18070296" total="19267584" percent="93" />
      <mem type="survivor" free="0" total="3801088" percent="0" />
    </mem>
    <mem type="tenure" free="511344" total="17367040" percent="2" macro-fragmented="458994">
      <mem type="soa" free="338288" total="17193984" percent="1" />
      <mem type="loa" free="173056" total="173056" percent="100" />
    </mem>
    <remembered-set count="1902" />
  </mem-info>
</gc-end>
<cycle-end id="2508" type="scavenge" contextid="2502" timestamp="2019-08-08T20:26:00.561" />
  <attribute name="elasticGC enabled" value="1" />
  <attribute name= "numThreadsSpecified" value="16" />
  <attribute name="heapSize specified" value="40370176" />
  <attribute name="Current GC Util" value="4" />
  <attribute name= "Current Time Running" value="127976" />
  <attribute name ="GC Interval" value="2081" />
  <attribute name="Target GC Util Change" value ="80.000000" />
  <attribute name="Current GC Util Change" value="4.000000"/>
  <attribute name="Current Error" value="139.000000" />
  <attribute name="Output H" value="40473632"/>
  <attribute name="Output I" value="2080"/>
  <attribute name="Output T" value="16"/>
  <attribute name= "Current Time Running" value="127976" />
  <attribute name="GC Util currently" value="4" />
  <attribute name="CPU Util currently" value="13" />
<allocation-satisfied id="2509" threadId="0000000000959F00" bytesRequested="1168" />
<af-end id="2510" timestamp="2019-08-08T20:26:00.561" threadId="000000000095A888" success="true" from="nursery"/>
<exclusive-end id="2511" timestamp="2019-08-08T20:26:00.561" durationms="4.278" />

<exclusive-start id="2512" timestamp="2019-08-08T20:26:00.562" intervalms="4.612">
  <response-info timems="0.063" idlems="0.063" threads="0" lastid="0000000000959F00" lastname="main" />
</exclusive-start>
<concurrent-collection-start id="2513" timestamp="2019-08-08T20:26:00.562" intervalms="2395.596" >
  <concurrent-trace-info reason="card cleaning threshold reached" tracedByMutators="6718148" tracedByHelpers="5599216" cardsCleaned="12" workStackOverflowCount="0" />
</concurrent-collection-start>
<gc-start id="2514" type="global" contextid="2498" timestamp="2019-08-08T20:26:00.562">
  <mem-info id="2515" free="18514936" total="40435712" percent="45">
    <mem type="nursery" free="18003592" total="23068672" percent="78">
      <mem type="allocate" free="18003592" total="19267584" percent="93" />
      <mem type="survivor" free="0" total="3801088" percent="0" />
    </mem>
    <mem type="tenure" free="511344" total="17367040" percent="2">
      <mem type="soa" free="338288" total="17193984" percent="1" />
      <mem type="loa" free="173056" total="173056" percent="100" />
    </mem>
    <remembered-set count="1902" />
  </mem-info>
</gc-start>
<allocation-stats totalBytes="66704" >
  <allocated-bytes non-tlh="1168" tlh="65536" />
  <largest-consumer threadName="main" threadId="0000000000959F00" bytes="66704" />
</allocation-stats>
<gc-op id="2516" type="rs-scan" timems="3.481" contextid="2498" timestamp="2019-08-08T20:26:00.565">
  <scan objectsFound="1865" bytesTraced="1517676" workStackOverflowCount="0" />
</gc-op>
<gc-op id="2517" type="card-cleaning" timems="2.676" contextid="2498" timestamp="2019-08-08T20:26:00.568">
  <card-cleaning cardsCleaned="0" bytesTraced="10832" workStackOverflowCount="0" />
</gc-op>
<gc-op id="2518" type="mark" timems="4.223" contextid="2498" timestamp="2019-08-08T20:26:00.572">
  <trace-info objectcount="913" scancount="819" scanbytes="24636" />
  <finalization candidates="80" enqueued="0" />
  <ownableSynchronizers candidates="21" cleared="0" />
  <references type="soft" candidates="3261" cleared="0" enqueued="0" dynamicThreshold="0" maxThreshold="32" />
  <references type="weak" candidates="5434" cleared="0" enqueued="0" />
  <references type="phantom" candidates="73" cleared="0" enqueued="0" />
  <stringconstants candidates="13599" cleared="0"  />
</gc-op>
<gc-op id="2519" type="sweep" timems="1.462" contextid="2498" timestamp="2019-08-08T20:26:00.574" />
<mem-info id="2520" free="18628624" total="40435712" percent="46">
  <mem type="nursery" free="18117280" total="23068672" percent="78">
    <mem type="allocate" free="18117280" total="19267584" percent="94" />
    <mem type="survivor" free="0" total="3801088" percent="0" />
  </mem>
  <mem type="tenure" free="511344" total="17367040" percent="2" micro-fragmented="0" macro-fragmented="430952">
    <mem type="soa" free="338288" total="17193984" percent="1" />
    <mem type="loa" free="173056" total="173056" percent="100" />
  </mem>
  <remembered-set count="1902" />
</mem-info>
<gc-op id="2521" type="compact" timems="32.647" contextid="2498" timestamp="2019-08-08T20:26:00.606">
  <compact-info movecount="44155" movebytes="1102400" reason="compact to aid heap contraction" />
</gc-op>
<heap-resize id="2522" type="expand" space="tenure" amount="65536" count="1" timems="0.019" reason="satisfy allocation request" timestamp="2019-08-08T20:26:00.607" />
<gc-end id="2523" type="global" contextid="2498" durationms="45.451" usertimems="72.860" systemtimems="0.000" timestamp="2019-08-08T20:26:00.607" activeThreads="16">
  <mem-info id="2524" free="18694504" total="40501248" percent="46">
    <mem type="nursery" free="18117624" total="23068672" percent="78">
      <mem type="allocate" free="18117624" total="19267584" percent="94" />
      <mem type="survivor" free="0" total="3801088" percent="0" />
    </mem>
    <mem type="tenure" free="576880" total="17432576" percent="3">
      <mem type="soa" free="402800" total="17258496" percent="2" />
      <mem type="loa" free="174080" total="174080" percent="100" />
    </mem>
    <remembered-set count="1902" />
  </mem-info>
</gc-end>
<cycle-end id="2525" type="global" contextid="2498" timestamp="2019-08-08T20:26:00.607" />
  <attribute name="elasticGC enabled" value="1" />
  <attribute name= "numThreadsSpecified" value="16" />
  <attribute name="heapSize specified" value="40435712" />
  <attribute name="Current GC Util" value="65" />
  <attribute name= "Current Time Running" value="128026" />
  <attribute name ="GC Interval" value="2081" />
  <attribute name="Target GC Util Change" value ="80.000000" />
  <attribute name="Current GC Util Change" value="65.000000"/>
  <attribute name="Current Error" value="-93.000000" />
  <attribute name="Output H" value="40473504"/>
  <attribute name="Output I" value="1952"/>
  <attribute name="Output T" value="16"/>
  <attribute name= "Current Time Running" value="128026" />
  <attribute name="GC Util currently" value="65" />
  <attribute name="CPU Util currently" value="35305017887" />
<concurrent-collection-end id="2526" timestamp="2019-08-08T20:26:00.607" />
<exclusive-end id="2527" timestamp="2019-08-08T20:26:00.607" durationms="45.589" />

<concurrent-kickoff id="2528" timestamp="2019-08-08T20:26:00.619">
  <kickoff reason="threshold reached" targetBytes="9160019" thresholdFreeBytes="1254911"  remainingFree="1160184" tenureFreeBytes="576880" nurseryFreeBytes="1160184" />
</concurrent-kickoff>
<exclusive-start id="2529" timestamp="2019-08-08T20:26:00.619" intervalms="57.428">
  <response-info timems="0.142" idlems="0.142" threads="0" lastid="0000000000959F00" lastname="main" />
</exclusive-start>
<cycle-start id="2530" type="global" contextid="0" timestamp="2019-08-08T20:26:00.619" intervalms="76.798" />
<exclusive-end id="2531" timestamp="2019-08-08T20:26:00.619" durationms="0.019" />

<exclusive-start id="2532" timestamp="2019-08-08T20:26:00.636" intervalms="16.990">
  <response-info timems="0.046" idlems="0.046" threads="0" lastid="0000000000959F00" lastname="main" />
</exclusive-start>
<af-start id="2533" threadId="000000000095A888" totalBytesRequested="1168" timestamp="2019-08-08T20:26:00.636" intervalms="79.023" type="nursery" />
<cycle-start id="2534" type="scavenge" contextid="0" timestamp="2019-08-08T20:26:00.636" intervalms="79.019" />
<gc-start id="2535" type="scavenge" contextid="2534" timestamp="2019-08-08T20:26:00.636">
  <mem-info id="2536" free="576880" total="40501248" percent="1">
    <mem type="nursery" free="0" total="23068672" percent="0">
      <mem type="allocate" free="0" total="19267584" percent="0" />
      <mem type="survivor" free="0" total="3801088" percent="0" />
    </mem>
    <mem type="tenure" free="576880" total="17432576" percent="3">
      <mem type="soa" free="402800" total="17258496" percent="2" />
      <mem type="loa" free="174080" total="174080" percent="100" />
    </mem>
    <remembered-set count="1902" />
  </mem-info>
</gc-start>
<allocation-stats totalBytes="18043920" >
  <allocated-bytes non-tlh="0" tlh="18043920" />
  <largest-consumer threadName="main" threadId="0000000000959F00" bytes="18043920" />
</allocation-stats>
<gc-op id="2537" type="scavenge" timems="4.895" contextid="2534" timestamp="2019-08-08T20:26:00.641">
  <scavenger-info tenureage="3" tenuremask="4028" tiltratio="83" />
  <memory-copied type="nursery" objects="93" bytes="7000" bytesdiscarded="129680" />
  <memory-copied type="tenure" objects="46171" bytes="1141752" bytesdiscarded="320" />
  <ownableSynchronizers candidates="42" cleared="42" />
  <references type="weak" candidates="4" cleared="0" enqueued="0" />
  <heap-resize type="expand" space="tenure" amount="1048576" count="8" timems="0.750" reason="continue current collection" />
</gc-op>
<gc-end id="2538" type="scavenge" contextid="2534" durationms="5.218" usertimems="20.199" systemtimems="0.000" timestamp="2019-08-08T20:26:00.641" activeThreads="16">
  <mem-info id="2539" free="19839512" total="41549824" percent="47">
    <mem type="nursery" free="19655192" total="23068672" percent="85">
      <mem type="allocate" free="19655192" total="19791872" percent="99" />
      <mem type="survivor" free="0" total="3276800" percent="0" />
    </mem>
    <mem type="tenure" free="184320" total="18481152" percent="0" macro-fragmented="168253">
      <mem type="soa" free="0" total="18296832" percent="0" />
      <mem type="loa" free="184320" total="184320" percent="100" />
    </mem>
    <remembered-set count="134" />
  </mem-info>
</gc-end>
<cycle-end id="2540" type="scavenge" contextid="2534" timestamp="2019-08-08T20:26:00.641" />
  <attribute name="elasticGC enabled" value="1" />
  <attribute name= "numThreadsSpecified" value="16" />
  <attribute name="heapSize specified" value="40435712" />
  <attribute name="Current GC Util" value="126" />
  <attribute name= "Current Time Running" value="128055" />
  <attribute name ="GC Interval" value="1921" />
  <attribute name="Target GC Util Change" value ="80.000000" />
  <attribute name="Current GC Util Change" value="126.000000"/>
  <attribute name="Current Error" value="-139.000000" />
  <attribute name="Output H" value="40539008"/>
  <attribute name="Output I" value="1920"/>
  <attribute name="Output T" value="16"/>
  <attribute name= "Current Time Running" value="128055" />
  <attribute name="GC Util currently" value="126" />
  <attribute name="CPU Util currently" value="38714885711" />
<allocation-satisfied id="2541" threadId="0000000000959F00" bytesRequested="1168" />
<af-end id="2542" timestamp="2019-08-08T20:26:00.642" threadId="000000000095A888" success="true" from="nursery"/>
<exclusive-end id="2543" timestamp="2019-08-08T20:26:00.642" durationms="5.559" />

<exclusive-start id="2544" timestamp="2019-08-08T20:26:00.645" intervalms="8.943">
  <response-info timems="0.053" idlems="0.053" threads="0" lastid="0000000000959F00" lastname="main" />
</exclusive-start>
<concurrent-collection-start id="2545" timestamp="2019-08-08T20:26:00.645" intervalms="83.389" >
  <concurrent-trace-info reason="card cleaning threshold reached" tracedByMutators="7996220" tracedByHelpers="5986244" cardsCleaned="538" workStackOverflowCount="0" />
</concurrent-collection-start>
<gc-start id="2546" type="global" contextid="2530" timestamp="2019-08-08T20:26:00.645">
  <mem-info id="2547" free="19703176" total="41549824" percent="47">
    <mem type="nursery" free="19518856" total="23068672" percent="84">
      <mem type="allocate" free="19518856" total="19791872" percent="98" />
      <mem type="survivor" free="0" total="3276800" percent="0" />
    </mem>
    <mem type="tenure" free="184320" total="18481152" percent="0">
      <mem type="soa" free="0" total="18296832" percent="0" />
      <mem type="loa" free="184320" total="184320" percent="100" />
    </mem>
    <remembered-set count="134" />
  </mem-info>
</gc-start>
<allocation-stats totalBytes="136160" >
  <allocated-bytes non-tlh="1168" tlh="134992" />
  <largest-consumer threadName="main" threadId="0000000000959F00" bytes="136160" />
</allocation-stats>
<gc-op id="2548" type="rs-scan" timems="1.425" contextid="2530" timestamp="2019-08-08T20:26:00.647">
  <scan objectsFound="71" bytesTraced="7948" workStackOverflowCount="0" />
</gc-op>
<gc-op id="2549" type="card-cleaning" timems="1.389" contextid="2530" timestamp="2019-08-08T20:26:00.648">
  <card-cleaning cardsCleaned="0" bytesTraced="54280" workStackOverflowCount="0" />
</gc-op>
<gc-op id="2550" type="mark" timems="9.164" contextid="2530" timestamp="2019-08-08T20:26:00.657">
  <trace-info objectcount="479" scancount="459" scanbytes="14348" />
  <finalization candidates="80" enqueued="0" />
  <ownableSynchronizers candidates="21" cleared="0" />
  <references type="soft" candidates="3261" cleared="0" enqueued="0" dynamicThreshold="1" maxThreshold="32" />
  <references type="weak" candidates="5434" cleared="0" enqueued="0" />
  <references type="phantom" candidates="73" cleared="0" enqueued="0" />
  <stringconstants candidates="13599" cleared="0"  />
</gc-op>
<gc-op id="2551" type="sweep" timems="3.546" contextid="2530" timestamp="2019-08-08T20:26:00.661" />
<mem-info id="2552" free="20266856" total="41549824" percent="48">
  <mem type="nursery" free="19783496" total="23068672" percent="85">
    <mem type="allocate" free="19783496" total="19791872" percent="99" />
    <mem type="survivor" free="0" total="3276800" percent="0" />
  </mem>
  <mem type="tenure" free="483360" total="18481152" percent="2" micro-fragmented="258" macro-fragmented="0">
    <mem type="soa" free="299040" total="18296832" percent="1" />
    <mem type="loa" free="184320" total="184320" percent="100" />
  </mem>
  <remembered-set count="134" />
</mem-info>
<gc-op id="2553" type="compact" timems="45.830" contextid="2530" timestamp="2019-08-08T20:26:00.707">
  <compact-info movecount="44065" movebytes="1086984" reason="compact to aid heap contraction" />
</gc-op>
<heap-resize id="2554" type="expand" space="tenure" amount="65536" count="1" timems="0.021" reason="satisfy allocation request" timestamp="2019-08-08T20:26:00.708" />
<gc-end id="2555" type="global" contextid="2530" durationms="62.555" usertimems="106.563" systemtimems="0.000" timestamp="2019-08-08T20:26:00.708" activeThreads="16">
  <mem-info id="2556" free="20332920" total="41615360" percent="48">
    <mem type="nursery" free="19783704" total="23068672" percent="85">
      <mem type="allocate" free="19783704" total="19791872" percent="99" />
      <mem type="survivor" free="0" total="3276800" percent="0" />
    </mem>
    <mem type="tenure" free="549216" total="18546688" percent="2">
      <mem type="soa" free="363872" total="18361344" percent="1" />
      <mem type="loa" free="185344" total="185344" percent="100" />
    </mem>
    <remembered-set count="134" />
  </mem-info>
</gc-end>
<cycle-end id="2557" type="global" contextid="2530" timestamp="2019-08-08T20:26:00.708" />
  <attribute name="elasticGC enabled" value="1" />
  <attribute name= "numThreadsSpecified" value="16" />
  <attribute name="heapSize specified" value="41549824" />
  <attribute name="Current GC Util" value="35" />
  <attribute name= "Current Time Running" value="128126" />
  <attribute name ="GC Interval" value="1921" />
  <attribute name="Target GC Util Change" value ="80.000000" />
  <attribute name="Current GC Util Change" value="35.000000"/>
  <attribute name="Current Error" value="-57.000000" />
  <attribute name="Output H" value="41587632"/>
  <attribute name="Output I" value="1968"/>
  <attribute name="Output T" value="16"/>
  <attribute name= "Current Time Running" value="128126" />
  <attribute name="GC Util currently" value="35" />
  <attribute name="CPU Util currently" value="25132968575" />
<concurrent-collection-end id="2558" timestamp="2019-08-08T20:26:00.708" />
<exclusive-end id="2559" timestamp="2019-08-08T20:26:00.708" durationms="62.864" />

<concurrent-kickoff id="2560" timestamp="2019-08-08T20:26:00.716">
  <kickoff reason="threshold reached" targetBytes="10593594" thresholdFreeBytes="1434779"  remainingFree="1384472" tenureFreeBytes="549216" nurseryFreeBytes="1384472" />
</concurrent-kickoff>
<exclusive-start id="2561" timestamp="2019-08-08T20:26:00.716" intervalms="71.413">
  <response-info timems="0.055" idlems="0.055" threads="0" lastid="0000000000959F00" lastname="main" />
</exclusive-start>
<cycle-start id="2562" type="global" contextid="0" timestamp="2019-08-08T20:26:00.716" intervalms="97.354" />
<exclusive-end id="2563" timestamp="2019-08-08T20:26:00.716" durationms="0.026" />

<exclusive-start id="2564" timestamp="2019-08-08T20:26:00.732" intervalms="15.816">
  <response-info timems="0.093" idlems="0.093" threads="0" lastid="0000000000959F00" lastname="main" />
</exclusive-start>
<af-start id="2565" threadId="000000000095A888" totalBytesRequested="1168" timestamp="2019-08-08T20:26:00.732" intervalms="96.192" type="nursery" />
<percolate-collect id="2566" from="nursery" to="global" reason="concurrent mark exhausted" timestamp="2019-08-08T20:26:00.732"/>
<gc-start id="2567" type="global" contextid="2562" timestamp="2019-08-08T20:26:00.732">
  <mem-info id="2568" free="549216" total="41615360" percent="1">
    <mem type="nursery" free="0" total="23068672" percent="0">
      <mem type="allocate" free="0" total="19791872" percent="0" />
      <mem type="survivor" free="0" total="3276800" percent="0" />
    </mem>
    <mem type="tenure" free="549216" total="18546688" percent="2">
      <mem type="soa" free="363872" total="18361344" percent="1" />
      <mem type="loa" free="185344" total="185344" percent="100" />
    </mem>
    <remembered-set count="134" />
  </mem-info>
</gc-start>
<allocation-stats totalBytes="19703440" >
  <allocated-bytes non-tlh="0" tlh="19703440" />
  <largest-consumer threadName="main" threadId="0000000000959F00" bytes="19703440" />
</allocation-stats>
<concurrent-halted id="2569" timestamp="2019-08-08T20:26:00.732">
  <halted state="Complete" status="exhausted" />
  <traced bytesTarget="10593594" bytesTotal="13392188" bytesByMutator="6200412" bytesByHelper="7191776" percent="126" />
  <cards cleaned="0" thresholdBytes="565215" />
</concurrent-halted>
<gc-op id="2570" type="rs-scan" timems="2.068" contextid="2562" timestamp="2019-08-08T20:26:00.734">
  <scan objectsFound="101" bytesTraced="9316" workStackOverflowCount="0" />
</gc-op>
<gc-op id="2571" type="card-cleaning" timems="1.110" contextid="2562" timestamp="2019-08-08T20:26:00.736">
  <card-cleaning cardsCleaned="0" bytesTraced="11760" workStackOverflowCount="0" />
</gc-op>
<gc-op id="2572" type="mark" timems="4.524" contextid="2562" timestamp="2019-08-08T20:26:00.740">
  <trace-info objectcount="404" scancount="384" scanbytes="11740" />
  <finalization candidates="80" enqueued="0" />
  <ownableSynchronizers candidates="21" cleared="0" />
  <references type="soft" candidates="3261" cleared="0" enqueued="0" dynamicThreshold="0" maxThreshold="32" />
  <references type="weak" candidates="5434" cleared="0" enqueued="0" />
  <references type="phantom" candidates="73" cleared="0" enqueued="0" />
  <stringconstants candidates="13599" cleared="0"  />
</gc-op>
<gc-op id="2573" type="sweep" timems="2.585" contextid="2562" timestamp="2019-08-08T20:26:00.743" />
<mem-info id="2574" free="20334088" total="41615360" percent="48">
  <mem type="nursery" free="19784872" total="23068672" percent="85">
    <mem type="allocate" free="19784872" total="19791872" percent="99" />
    <mem type="survivor" free="0" total="3276800" percent="0" />
  </mem>
  <mem type="tenure" free="549216" total="18546688" percent="2" micro-fragmented="0" macro-fragmented="0">
    <mem type="soa" free="363872" total="18361344" percent="1" />
    <mem type="loa" free="185344" total="185344" percent="100" />
  </mem>
  <remembered-set count="134" />
</mem-info>
<gc-op id="2575" type="compact" timems="28.989" contextid="2562" timestamp="2019-08-08T20:26:00.772">
  <compact-info movecount="93" movebytes="7000" reason="compact to aid heap contraction" />
</gc-op>
<heap-resize id="2576" type="expand" space="tenure" amount="65536" count="1" timems="0.020" reason="satisfy allocation request" timestamp="2019-08-08T20:26:00.773" />
<gc-end id="2577" type="global" contextid="2562" durationms="40.347" usertimems="62.918" systemtimems="0.000" timestamp="2019-08-08T20:26:00.773" activeThreads="16">
  <mem-info id="2578" free="20399624" total="41680896" percent="48">
    <mem type="nursery" free="19784872" total="23068672" percent="85">
      <mem type="allocate" free="19784872" total="19791872" percent="99" />
      <mem type="survivor" free="0" total="3276800" percent="0" />
    </mem>
    <mem type="tenure" free="614752" total="18612224" percent="3">
      <mem type="soa" free="429408" total="18426880" percent="2" />
      <mem type="loa" free="185344" total="185344" percent="100" />
    </mem>
    <remembered-set count="134" />
  </mem-info>
</gc-end>
<cycle-end id="2579" type="global" contextid="2562" timestamp="2019-08-08T20:26:00.773" />
  <attribute name="elasticGC enabled" value="1" />
  <attribute name= "numThreadsSpecified" value="16" />
  <attribute name="heapSize specified" value="41615360" />
  <attribute name="Current GC Util" value="41" />
  <attribute name= "Current Time Running" value="128191" />
  <attribute name ="GC Interval" value="1921" />
  <attribute name="Target GC Util Change" value ="80.000000" />
  <attribute name="Current GC Util Change" value="41.000000"/>
  <attribute name="Current Error" value="-296.000000" />
  <attribute name="Output H" value="41653032"/>
  <attribute name="Output I" value="1832"/>
  <attribute name="Output T" value="16"/>
  <attribute name= "Current Time Running" value="128191" />
  <attribute name="GC Util currently" value="41" />
  <attribute name="CPU Util currently" value="39736957021" />
<allocation-satisfied id="2580" threadId="0000000000959F00" bytesRequested="1168" />
<af-end id="2581" timestamp="2019-08-08T20:26:00.773" threadId="000000000095A888" success="true" from="nursery"/>
<exclusive-end id="2582" timestamp="2019-08-08T20:26:00.773" durationms="40.582" />

<concurrent-kickoff id="2583" timestamp="2019-08-08T20:26:00.780">
  <kickoff reason="threshold reached" targetBytes="11180598" thresholdFreeBytes="1521155"  remainingFree="1466392" tenureFreeBytes="614752" nurseryFreeBytes="1466392" />
</concurrent-kickoff>
<exclusive-start id="2584" timestamp="2019-08-08T20:26:00.780" intervalms="48.035">
  <response-info timems="0.047" idlems="0.047" threads="0" lastid="0000000000959F00" lastname="main" />
</exclusive-start>
<cycle-start id="2585" type="global" contextid="0" timestamp="2019-08-08T20:26:00.780" intervalms="63.868" />
<exclusive-end id="2586" timestamp="2019-08-08T20:26:00.780" durationms="0.047" />

<exclusive-start id="2587" timestamp="2019-08-08T20:26:00.794" intervalms="13.887">
  <response-info timems="0.046" idlems="0.046" threads="0" lastid="0000000000959F00" lastname="main" />
</exclusive-start>
<concurrent-collection-start id="2588" timestamp="2019-08-08T20:26:00.794" intervalms="149.140" >
  <concurrent-trace-info reason="card cleaning threshold reached" tracedByMutators="6127660" tracedByHelpers="7235168" cardsCleaned="0" workStackOverflowCount="0" />
</concurrent-collection-start>
<gc-start id="2589" type="global" contextid="2585" timestamp="2019-08-08T20:26:00.794">
  <mem-info id="2590" free="614752" total="41680896" percent="1">
    <mem type="nursery" free="0" total="23068672" percent="0">
      <mem type="allocate" free="0" total="19791872" percent="0" />
      <mem type="survivor" free="0" total="3276800" percent="0" />
    </mem>
    <mem type="tenure" free="614752" total="18612224" percent="3">
      <mem type="soa" free="429408" total="18426880" percent="2" />
      <mem type="loa" free="185344" total="185344" percent="100" />
    </mem>
    <remembered-set count="134" />
  </mem-info>
</gc-start>
<allocation-stats totalBytes="19711104" >
  <allocated-bytes non-tlh="1168" tlh="19709936" />
  <largest-consumer threadName="main" threadId="0000000000959F00" bytes="19711104" />
</allocation-stats>
<gc-op id="2591" type="rs-scan" timems="1.098" contextid="2585" timestamp="2019-08-08T20:26:00.795">
  <scan objectsFound="101" bytesTraced="9316" workStackOverflowCount="0" />
</gc-op>
<gc-op id="2592" type="card-cleaning" timems="1.197" contextid="2585" timestamp="2019-08-08T20:26:00.797">
  <card-cleaning cardsCleaned="0" bytesTraced="11784" workStackOverflowCount="0" />
</gc-op>
<gc-op id="2593" type="mark" timems="4.959" contextid="2585" timestamp="2019-08-08T20:26:00.802">
  <trace-info objectcount="1769" scancount="1520" scanbytes="41100" />
  <finalization candidates="80" enqueued="0" />
  <ownableSynchronizers candidates="21" cleared="0" />
  <references type="soft" candidates="3261" cleared="0" enqueued="0" dynamicThreshold="1" maxThreshold="32" />
  <references type="weak" candidates="5434" cleared="0" enqueued="0" />
  <references type="phantom" candidates="73" cleared="0" enqueued="0" />
  <stringconstants candidates="13599" cleared="0"  />
</gc-op>
<gc-op id="2594" type="sweep" timems="2.181" contextid="2585" timestamp="2019-08-08T20:26:00.804" />
<mem-info id="2595" free="20398000" total="41680896" percent="48">
  <mem type="nursery" free="19783248" total="23068672" percent="85">
    <mem type="allocate" free="19783248" total="19791872" percent="99" />
    <mem type="survivor" free="0" total="3276800" percent="0" />
  </mem>
  <mem type="tenure" free="614752" total="18612224" percent="3" micro-fragmented="0" macro-fragmented="558878">
    <mem type="soa" free="429408" total="18426880" percent="2" />
    <mem type="loa" free="185344" total="185344" percent="100" />
  </mem>
  <remembered-set count="134" />
</mem-info>
<gc-op id="2596" type="compact" timems="27.098" contextid="2585" timestamp="2019-08-08T20:26:00.831">
  <compact-info movecount="3" movebytes="1224" reason="compact to aid heap contraction" />
</gc-op>
<heap-resize id="2597" type="expand" space="tenure" amount="65536" count="1" timems="0.022" reason="satisfy allocation request" timestamp="2019-08-08T20:26:00.837" />
<gc-end id="2598" type="global" contextid="2585" durationms="42.773" usertimems="64.794" systemtimems="0.000" timestamp="2019-08-08T20:26:00.837" activeThreads="16">
  <mem-info id="2599" free="20463968" total="41746432" percent="49">
    <mem type="nursery" free="19783680" total="23068672" percent="85">
      <mem type="allocate" free="19783680" total="19791872" percent="99" />
      <mem type="survivor" free="0" total="3276800" percent="0" />
    </mem>
    <mem type="tenure" free="680288" total="18677760" percent="3">
      <mem type="soa" free="493920" total="18491392" percent="2" />
      <mem type="loa" free="186368" total="186368" percent="100" />
    </mem>
    <remembered-set count="134" />
  </mem-info>
</gc-end>
<cycle-end id="2600" type="global" contextid="2585" timestamp="2019-08-08T20:26:00.837" />
  <attribute name="elasticGC enabled" value="1" />
  <attribute name= "numThreadsSpecified" value="16" />
  <attribute name="heapSize specified" value="41680896" />
  <attribute name="Current GC Util" value="46" />
  <attribute name= "Current Time Running" value="128250" />
  <attribute name ="GC Interval" value="1921" />
  <attribute name="Target GC Util Change" value ="80.000000" />
  <attribute name="Current GC Util Change" value="46.000000"/>
  <attribute name="Current Error" value="34.000000" />
  <attribute name="Output H" value="41718760"/>
  <attribute name="Output I" value="2024"/>
  <attribute name="Output T" value="16"/>
  <attribute name= "Current Time Running" value="128250" />
  <attribute name="GC Util currently" value="46" />
  <attribute name="CPU Util currently" value="42508098263" />
<concurrent-collection-end id="2601" timestamp="2019-08-08T20:26:00.837" />
<exclusive-end id="2602" timestamp="2019-08-08T20:26:00.837" durationms="42.998" />

<concurrent-kickoff id="2603" timestamp="2019-08-08T20:26:00.845">
  <kickoff reason="threshold reached" targetBytes="11650564" thresholdFreeBytes="1590758"  remainingFree="1466368" tenureFreeBytes="680288" nurseryFreeBytes="1466368" />
</concurrent-kickoff>
<exclusive-start id="2604" timestamp="2019-08-08T20:26:00.845" intervalms="50.964">
  <response-info timems="0.117" idlems="0.117" threads="0" lastid="0000000000959F00" lastname="main" />
</exclusive-start>
<cycle-start id="2605" type="global" contextid="0" timestamp="2019-08-08T20:26:00.845" intervalms="64.826" />
<exclusive-end id="2606" timestamp="2019-08-08T20:26:00.845" durationms="0.018" />

<exclusive-start id="2607" timestamp="2019-08-08T20:26:00.863" intervalms="17.458">
  <response-info timems="0.056" idlems="0.056" threads="0" lastid="0000000000959F00" lastname="main" />
</exclusive-start>
<concurrent-collection-start id="2608" timestamp="2019-08-08T20:26:00.863" intervalms="68.433" >
  <concurrent-trace-info reason="card cleaning threshold reached" tracedByMutators="6443796" tracedByHelpers="6926332" cardsCleaned="0" workStackOverflowCount="0" />
</concurrent-collection-start>
<gc-start id="2609" type="global" contextid="2605" timestamp="2019-08-08T20:26:00.863">
  <mem-info id="2610" free="680288" total="41746432" percent="1">
    <mem type="nursery" free="0" total="23068672" percent="0">
      <mem type="allocate" free="0" total="19791872" percent="0" />
      <mem type="survivor" free="0" total="3276800" percent="0" />
    </mem>
    <mem type="tenure" free="680288" total="18677760" percent="3">
      <mem type="soa" free="493920" total="18491392" percent="2" />
      <mem type="loa" free="186368" total="186368" percent="100" />
    </mem>
    <remembered-set count="134" />
  </mem-info>
</gc-start>
<allocation-stats totalBytes="19715984" >
  <allocated-bytes non-tlh="0" tlh="19715984" />
  <largest-consumer threadName="main" threadId="0000000000959F00" bytes="19715984" />
</allocation-stats>
<gc-op id="2611" type="rs-scan" timems="2.225" contextid="2605" timestamp="2019-08-08T20:26:00.865">
  <scan objectsFound="101" bytesTraced="9316" workStackOverflowCount="0" />
</gc-op>
<gc-op id="2612" type="card-cleaning" timems="1.187" contextid="2605" timestamp="2019-08-08T20:26:00.866">
  <card-cleaning cardsCleaned="0" bytesTraced="11784" workStackOverflowCount="0" />
</gc-op>
<gc-op id="2613" type="mark" timems="7.688" contextid="2605" timestamp="2019-08-08T20:26:00.874">
  <trace-info objectcount="1218" scancount="1092" scanbytes="33800" />
  <finalization candidates="80" enqueued="0" />
  <ownableSynchronizers candidates="21" cleared="0" />
  <references type="soft" candidates="3261" cleared="0" enqueued="0" dynamicThreshold="1" maxThreshold="32" />
  <references type="weak" candidates="5434" cleared="0" enqueued="0" />
  <references type="phantom" candidates="73" cleared="0" enqueued="0" />
  <stringconstants candidates="13599" cleared="0"  />
</gc-op>
<gc-op id="2614" type="sweep" timems="2.119" contextid="2605" timestamp="2019-08-08T20:26:00.876" />
<mem-info id="2615" free="20463536" total="41746432" percent="49">
  <mem type="nursery" free="19783248" total="23068672" percent="85">
    <mem type="allocate" free="19783248" total="19791872" percent="99" />
    <mem type="survivor" free="0" total="3276800" percent="0" />
  </mem>
  <mem type="tenure" free="680288" total="18677760" percent="3" micro-fragmented="0" macro-fragmented="586920">
    <mem type="soa" free="493920" total="18491392" percent="2" />
    <mem type="loa" free="186368" total="186368" percent="100" />
  </mem>
  <remembered-set count="134" />
</mem-info>
<gc-op id="2616" type="compact" timems="26.477" contextid="2605" timestamp="2019-08-08T20:26:00.903">
  <compact-info movecount="3" movebytes="1224" reason="compact to aid heap contraction" />
</gc-op>
<heap-resize id="2617" type="expand" space="tenure" amount="65536" count="1" timems="0.022" reason="satisfy allocation request" timestamp="2019-08-08T20:26:00.904" />
<gc-end id="2618" type="global" contextid="2605" durationms="40.944" usertimems="67.483" systemtimems="0.000" timestamp="2019-08-08T20:26:00.904" activeThreads="16">
  <mem-info id="2619" free="20529504" total="41811968" percent="49">
    <mem type="nursery" free="19783680" total="23068672" percent="85">
      <mem type="allocate" free="19783680" total="19791872" percent="99" />
      <mem type="survivor" free="0" total="3276800" percent="0" />
    </mem>
    <mem type="tenure" free="745824" total="18743296" percent="3">
      <mem type="soa" free="558432" total="18555904" percent="3" />
      <mem type="loa" free="187392" total="187392" percent="100" />
    </mem>
    <remembered-set count="134" />
  </mem-info>
</gc-end>
<cycle-end id="2620" type="global" contextid="2605" timestamp="2019-08-08T20:26:00.904" />
  <attribute name="elasticGC enabled" value="1" />
  <attribute name= "numThreadsSpecified" value="16" />
  <attribute name="heapSize specified" value="41746432" />
  <attribute name="Current GC Util" value="46" />
  <attribute name= "Current Time Running" value="128322" />
  <attribute name ="GC Interval" value="1921" />
  <attribute name="Target GC Util Change" value ="80.000000" />
  <attribute name="Current GC Util Change" value="46.000000"/>
  <attribute name="Current Error" value="-56.000000" />
  <attribute name="Output H" value="41784240"/>
  <attribute name="Output I" value="1968"/>
  <attribute name="Output T" value="16"/>
  <attribute name= "Current Time Running" value="128322" />
  <attribute name="GC Util currently" value="46" />
  <attribute name="CPU Util currently" value="43506682497" />
<concurrent-collection-end id="2621" timestamp="2019-08-08T20:26:00.904" />
<exclusive-end id="2622" timestamp="2019-08-08T20:26:00.904" durationms="41.189" />

<concurrent-kickoff id="2623" timestamp="2019-08-08T20:26:00.912">
  <kickoff reason="threshold reached" targetBytes="12032224" thresholdFreeBytes="1647484"  remainingFree="1597440" tenureFreeBytes="745824" nurseryFreeBytes="1597440" />
</concurrent-kickoff>
<exclusive-start id="2624" timestamp="2019-08-08T20:26:00.912" intervalms="49.737">
  <response-info timems="0.041" idlems="0.041" threads="0" lastid="0000000000959F00" lastname="main" />
</exclusive-start>
<cycle-start id="2625" type="global" contextid="0" timestamp="2019-08-08T20:26:00.912" intervalms="67.199" />
<exclusive-end id="2626" timestamp="2019-08-08T20:26:00.912" durationms="0.020" />

<exclusive-start id="2627" timestamp="2019-08-08T20:26:00.927" intervalms="14.333">
  <response-info timems="0.043" idlems="0.043" threads="0" lastid="0000000000959F00" lastname="main" />
</exclusive-start>
<concurrent-collection-start id="2628" timestamp="2019-08-08T20:26:00.927" intervalms="64.054" >
  <concurrent-trace-info reason="card cleaning threshold reached" tracedByMutators="5774824" tracedByHelpers="7588588" cardsCleaned="0" workStackOverflowCount="0" />
</concurrent-collection-start>
<gc-start id="2629" type="global" contextid="2625" timestamp="2019-08-08T20:26:00.927">
  <mem-info id="2630" free="745824" total="41811968" percent="1">
    <mem type="nursery" free="0" total="23068672" percent="0">
      <mem type="allocate" free="0" total="19791872" percent="0" />
      <mem type="survivor" free="0" total="3276800" percent="0" />
    </mem>
    <mem type="tenure" free="745824" total="18743296" percent="3">
      <mem type="soa" free="558432" total="18555904" percent="3" />
      <mem type="loa" free="187392" total="187392" percent="100" />
    </mem>
    <remembered-set count="134" />
  </mem-info>
</gc-start>
<allocation-stats totalBytes="19715984" >
  <allocated-bytes non-tlh="0" tlh="19715984" />
  <largest-consumer threadName="main" threadId="0000000000959F00" bytes="19715984" />
</allocation-stats>
<gc-op id="2631" type="rs-scan" timems="1.404" contextid="2625" timestamp="2019-08-08T20:26:00.928">
  <scan objectsFound="101" bytesTraced="9316" workStackOverflowCount="0" />
</gc-op>
<gc-op id="2632" type="card-cleaning" timems="1.140" contextid="2625" timestamp="2019-08-08T20:26:00.929">
  <card-cleaning cardsCleaned="0" bytesTraced="11784" workStackOverflowCount="0" />
</gc-op>
<gc-op id="2633" type="mark" timems="9.995" contextid="2625" timestamp="2019-08-08T20:26:00.939">
  <trace-info objectcount="1644" scancount="1432" scanbytes="40516" />
  <finalization candidates="80" enqueued="0" />
  <ownableSynchronizers candidates="21" cleared="0" />
  <references type="soft" candidates="3261" cleared="0" enqueued="0" dynamicThreshold="1" maxThreshold="32" />
  <references type="weak" candidates="5434" cleared="0" enqueued="0" />
  <references type="phantom" candidates="73" cleared="0" enqueued="0" />
  <stringconstants candidates="13599" cleared="0"  />
</gc-op>
<gc-op id="2634" type="sweep" timems="2.624" contextid="2625" timestamp="2019-08-08T20:26:00.942" />
<mem-info id="2635" free="20529096" total="41811968" percent="49">
  <mem type="nursery" free="19783272" total="23068672" percent="85">
    <mem type="allocate" free="19783272" total="19791872" percent="99" />
    <mem type="survivor" free="0" total="3276800" percent="0" />
  </mem>
  <mem type="tenure" free="745824" total="18743296" percent="3" micro-fragmented="0" macro-fragmented="0">
    <mem type="soa" free="558432" total="18555904" percent="3" />
    <mem type="loa" free="187392" total="187392" percent="100" />
  </mem>
  <remembered-set count="134" />
</mem-info>
<gc-op id="2636" type="compact" timems="37.635" contextid="2625" timestamp="2019-08-08T20:26:00.980">
  <compact-info movecount="3" movebytes="1224" reason="compact to aid heap contraction" />
</gc-op>
<heap-resize id="2637" type="expand" space="tenure" amount="65536" count="1" timems="0.022" reason="satisfy allocation request" timestamp="2019-08-08T20:26:00.981" />
<gc-end id="2638" type="global" contextid="2625" durationms="53.861" usertimems="95.987" systemtimems="0.000" timestamp="2019-08-08T20:26:00.981" activeThreads="16">
  <mem-info id="2639" free="20595040" total="41877504" percent="49">
    <mem type="nursery" free="19783680" total="23068672" percent="85">
      <mem type="allocate" free="19783680" total="19791872" percent="99" />
      <mem type="survivor" free="0" total="3276800" percent="0" />
    </mem>
    <mem type="tenure" free="811360" total="18808832" percent="4">
      <mem type="soa" free="623968" total="18621440" percent="3" />
      <mem type="loa" free="187392" total="187392" percent="100" />
    </mem>
    <remembered-set count="134" />
  </mem-info>
</gc-end>
<cycle-end id="2640" type="global" contextid="2625" timestamp="2019-08-08T20:26:00.981" />
  <attribute name="elasticGC enabled" value="1" />
  <attribute name= "numThreadsSpecified" value="16" />
  <attribute name="heapSize specified" value="41811968" />
  <attribute name="Current GC Util" value="32" />
  <attribute name= "Current Time Running" value="128399" />
  <attribute name ="GC Interval" value="1921" />
  <attribute name="Target GC Util Change" value ="80.000000" />
  <attribute name="Current GC Util Change" value="32.000000"/>
  <attribute name="Current Error" value="-75.000000" />
  <attribute name="Output H" value="41849768"/>
  <attribute name="Output I" value="1960"/>
  <attribute name="Output T" value="16"/>
  <attribute name= "Current Time Running" value="128399" />
  <attribute name="GC Util currently" value="32" />
  <attribute name="CPU Util currently" value="30602214403" />
<concurrent-collection-end id="2641" timestamp="2019-08-08T20:26:00.981" />
<exclusive-end id="2642" timestamp="2019-08-08T20:26:00.981" durationms="54.035" />

<concurrent-kickoff id="2643" timestamp="2019-08-08T20:26:00.992">
  <kickoff reason="threshold reached" targetBytes="12339082" thresholdFreeBytes="1693238"  remainingFree="1597440" tenureFreeBytes="811360" nurseryFreeBytes="1597440" />
</concurrent-kickoff>
<exclusive-start id="2644" timestamp="2019-08-08T20:26:00.992" intervalms="65.467">
  <response-info timems="0.261" idlems="0.261" threads="0" lastid="0000000000959F00" lastname="main" />
</exclusive-start>
<cycle-start id="2645" type="global" contextid="0" timestamp="2019-08-08T20:26:00.992" intervalms="79.807" />
<exclusive-end id="2646" timestamp="2019-08-08T20:26:00.992" durationms="0.031" />

<exclusive-start id="2647" timestamp="2019-08-08T20:26:01.014" intervalms="21.458">
  <response-info timems="0.022" idlems="0.022" threads="0" lastid="0000000000959F00" lastname="main" />
</exclusive-start>
<af-start id="2648" threadId="000000000095A888" totalBytesRequested="1168" timestamp="2019-08-08T20:26:01.014" intervalms="281.338" type="nursery" />
<percolate-collect id="2649" from="nursery" to="global" reason="concurrent mark exhausted" timestamp="2019-08-08T20:26:01.014"/>
<gc-start id="2650" type="global" contextid="2645" timestamp="2019-08-08T20:26:01.014">
  <mem-info id="2651" free="811360" total="41877504" percent="1">
    <mem type="nursery" free="0" total="23068672" percent="0">
      <mem type="allocate" free="0" total="19791872" percent="0" />
      <mem type="survivor" free="0" total="3276800" percent="0" />
    </mem>
    <mem type="tenure" free="811360" total="18808832" percent="4">
      <mem type="soa" free="623968" total="18621440" percent="3" />
      <mem type="loa" free="187392" total="187392" percent="100" />
    </mem>
    <remembered-set count="134" />
  </mem-info>
</gc-start>
<allocation-stats totalBytes="19716024" >
  <allocated-bytes non-tlh="0" tlh="19716024" />
  <largest-consumer threadName="main" threadId="0000000000959F00" bytes="19716024" />
</allocation-stats>
<concurrent-halted id="2652" timestamp="2019-08-08T20:26:01.014">
  <halted state="Complete" status="exhausted" />
  <traced bytesTarget="12339082" bytesTotal="13391588" bytesByMutator="5394264" bytesByHelper="7997324" percent="108" />
  <cards cleaned="0" thresholdBytes="667032" />
</concurrent-halted>
<gc-op id="2653" type="rs-scan" timems="1.497" contextid="2645" timestamp="2019-08-08T20:26:01.015">
  <scan objectsFound="101" bytesTraced="9316" workStackOverflowCount="0" />
</gc-op>
<gc-op id="2654" type="card-cleaning" timems="0.904" contextid="2645" timestamp="2019-08-08T20:26:01.016">
  <card-cleaning cardsCleaned="0" bytesTraced="11784" workStackOverflowCount="0" />
</gc-op>
<gc-op id="2655" type="mark" timems="5.818" contextid="2645" timestamp="2019-08-08T20:26:01.022">
  <trace-info objectcount="444" scancount="411" scanbytes="12340" />
  <finalization candidates="80" enqueued="0" />
  <ownableSynchronizers candidates="21" cleared="0" />
  <references type="soft" candidates="3261" cleared="0" enqueued="0" dynamicThreshold="1" maxThreshold="32" />
  <references type="weak" candidates="5434" cleared="0" enqueued="0" />
  <references type="phantom" candidates="73" cleared="0" enqueued="0" />
  <stringconstants candidates="13599" cleared="0"  />
</gc-op>
<gc-op id="2656" type="sweep" timems="2.278" contextid="2645" timestamp="2019-08-08T20:26:01.024" />
<mem-info id="2657" free="20596208" total="41877504" percent="49">
  <mem type="nursery" free="19784848" total="23068672" percent="85">
    <mem type="allocate" free="19784848" total="19791872" percent="99" />
    <mem type="survivor" free="0" total="3276800" percent="0" />
  </mem>
  <mem type="tenure" free="811360" total="18808832" percent="4" micro-fragmented="0" macro-fragmented="3657">
    <mem type="soa" free="623968" total="18621440" percent="3" />
    <mem type="loa" free="187392" total="187392" percent="100" />
  </mem>
  <remembered-set count="134" />
</mem-info>
<gc-op id="2658" type="compact" timems="28.994" contextid="2645" timestamp="2019-08-08T20:26:01.054">
  <compact-info movecount="2" movebytes="56" reason="compact to aid heap contraction" />
</gc-op>
<heap-resize id="2659" type="expand" space="tenure" amount="65536" count="1" timems="0.021" reason="satisfy allocation request" timestamp="2019-08-08T20:26:01.054" />
<gc-end id="2660" type="global" contextid="2645" durationms="40.554" usertimems="69.909" systemtimems="0.000" timestamp="2019-08-08T20:26:01.054" activeThreads="16">
  <mem-info id="2661" free="20661744" total="41943040" percent="49">
    <mem type="nursery" free="19784848" total="23068672" percent="85">
      <mem type="allocate" free="19784848" total="19791872" percent="99" />
      <mem type="survivor" free="0" total="3276800" percent="0" />
    </mem>
    <mem type="tenure" free="876896" total="18874368" percent="4">
      <mem type="soa" free="688480" total="18685952" percent="3" />
      <mem type="loa" free="188416" total="188416" percent="100" />
    </mem>
    <remembered-set count="134" />
  </mem-info>
</gc-end>
<cycle-end id="2662" type="global" contextid="2645" timestamp="2019-08-08T20:26:01.054" />
  <attribute name="elasticGC enabled" value="1" />
  <attribute name= "numThreadsSpecified" value="16" />
  <attribute name="heapSize specified" value="41877504" />
  <attribute name="Current GC Util" value="67" />
  <attribute name= "Current Time Running" value="128473" />
  <attribute name ="GC Interval" value="1921" />
  <attribute name="Target GC Util Change" value ="80.000000" />
  <attribute name="Current GC Util Change" value="67.000000"/>
  <attribute name="Current Error" value="-236.000000" />
  <attribute name="Output H" value="41915208"/>
  <attribute name="Output I" value="1864"/>
  <attribute name="Output T" value="16"/>
  <attribute name= "Current Time Running" value="128473" />
  <attribute name="GC Util currently" value="67" />
  <attribute name="CPU Util currently" value="39738314281" />
<allocation-satisfied id="2663" threadId="0000000000959F00" bytesRequested="1168" />
<af-end id="2664" timestamp="2019-08-08T20:26:01.054" threadId="000000000095A888" success="true" from="nursery"/>
<exclusive-end id="2665" timestamp="2019-08-08T20:26:01.054" durationms="40.761" />

<concurrent-kickoff id="2666" timestamp="2019-08-08T20:26:01.060">
  <kickoff reason="threshold reached" targetBytes="12592168" thresholdFreeBytes="1729833"  remainingFree="1728512" tenureFreeBytes="876896" nurseryFreeBytes="1728512" />
</concurrent-kickoff>
<exclusive-start id="2667" timestamp="2019-08-08T20:26:01.060" intervalms="46.456">
  <response-info timems="0.043" idlems="0.043" threads="0" lastid="0000000000959F00" lastname="main" />
</exclusive-start>
<cycle-start id="2668" type="global" contextid="0" timestamp="2019-08-08T20:26:01.060" intervalms="67.911" />
<exclusive-end id="2669" timestamp="2019-08-08T20:26:01.060" durationms="0.026" />

<exclusive-start id="2670" timestamp="2019-08-08T20:26:01.078" intervalms="18.436">
  <response-info timems="0.025" idlems="0.025" threads="0" lastid="0000000000959F00" lastname="main" />
</exclusive-start>
<concurrent-collection-start id="2671" timestamp="2019-08-08T20:26:01.078" intervalms="151.836" >
  <concurrent-trace-info reason="card cleaning threshold reached" tracedByMutators="5854560" tracedByHelpers="7534956" cardsCleaned="0" workStackOverflowCount="0" />
</concurrent-collection-start>
<gc-start id="2672" type="global" contextid="2668" timestamp="2019-08-08T20:26:01.079">
  <mem-info id="2673" free="901472" total="41943040" percent="2">
    <mem type="nursery" free="24576" total="23068672" percent="0">
      <mem type="allocate" free="24576" total="19791872" percent="0" />
      <mem type="survivor" free="0" total="3276800" percent="0" />
    </mem>
    <mem type="tenure" free="876896" total="18874368" percent="4">
      <mem type="soa" free="688480" total="18685952" percent="3" />
      <mem type="loa" free="188416" total="188416" percent="100" />
    </mem>
    <remembered-set count="134" />
  </mem-info>
</gc-start>
<allocation-stats totalBytes="19693008" >
  <allocated-bytes non-tlh="1168" tlh="19691840" />
  <largest-consumer threadName="main" threadId="0000000000959F00" bytes="19693008" />
</allocation-stats>
<gc-op id="2674" type="rs-scan" timems="1.548" contextid="2668" timestamp="2019-08-08T20:26:01.080">
  <scan objectsFound="101" bytesTraced="9316" workStackOverflowCount="0" />
</gc-op>
<gc-op id="2675" type="card-cleaning" timems="1.339" contextid="2668" timestamp="2019-08-08T20:26:01.081">
  <card-cleaning cardsCleaned="0" bytesTraced="11784" workStackOverflowCount="0" />
</gc-op>
<gc-op id="2676" type="mark" timems="4.069" contextid="2668" timestamp="2019-08-08T20:26:01.086">
  <trace-info objectcount="501" scancount="467" scanbytes="14412" />
  <finalization candidates="80" enqueued="0" />
  <ownableSynchronizers candidates="21" cleared="0" />
  <references type="soft" candidates="3261" cleared="0" enqueued="0" dynamicThreshold="1" maxThreshold="32" />
  <references type="weak" candidates="5434" cleared="0" enqueued="0" />
  <references type="phantom" candidates="73" cleared="0" enqueued="0" />
  <stringconstants candidates="13599" cleared="0"  />
</gc-op>
<gc-op id="2677" type="sweep" timems="1.649" contextid="2668" timestamp="2019-08-08T20:26:01.087" />
<mem-info id="2678" free="20660144" total="41943040" percent="49">
  <mem type="nursery" free="19783248" total="23068672" percent="85">
    <mem type="allocate" free="19783248" total="19791872" percent="99" />
    <mem type="survivor" free="0" total="3276800" percent="0" />
  </mem>
  <mem type="tenure" free="876896" total="18874368" percent="4" micro-fragmented="0" macro-fragmented="0">
    <mem type="soa" free="688480" total="18685952" percent="3" />
    <mem type="loa" free="188416" total="188416" percent="100" />
  </mem>
  <remembered-set count="134" />
</mem-info>
<gc-op id="2679" type="compact" timems="29.738" contextid="2668" timestamp="2019-08-08T20:26:01.117">
  <compact-info movecount="3" movebytes="1224" reason="compact to aid heap contraction" />
</gc-op>
<heap-resize id="2680" type="expand" space="tenure" amount="65536" count="1" timems="0.025" reason="satisfy allocation request" timestamp="2019-08-08T20:26:01.118" />
<gc-end id="2681" type="global" contextid="2668" durationms="39.896" usertimems="64.706" systemtimems="0.000" timestamp="2019-08-08T20:26:01.118" activeThreads="16">
  <mem-info id="2682" free="20726112" total="42008576" percent="49">
    <mem type="nursery" free="19783680" total="23068672" percent="85">
      <mem type="allocate" free="19783680" total="19791872" percent="99" />
      <mem type="survivor" free="0" total="3276800" percent="0" />
    </mem>
    <mem type="tenure" free="942432" total="18939904" percent="4">
      <mem type="soa" free="754016" total="18751488" percent="4" />
      <mem type="loa" free="188416" total="188416" percent="100" />
    </mem>
    <remembered-set count="134" />
  </mem-info>
</gc-end>
<cycle-end id="2683" type="global" contextid="2668" timestamp="2019-08-08T20:26:01.119" />
  <attribute name="elasticGC enabled" value="1" />
  <attribute name= "numThreadsSpecified" value="16" />
  <attribute name="heapSize specified" value="41943040" />
  <attribute name="Current GC Util" value="107" />
  <attribute name= "Current Time Running" value="128536" />
  <attribute name ="GC Interval" value="1921" />
  <attribute name="Target GC Util Change" value ="80.000000" />
  <attribute name="Current GC Util Change" value="107.000000"/>
  <attribute name="Current Error" value="-492.000000" />
  <attribute name="Output H" value="41980600"/>
  <attribute name="Output I" value="1720"/>
  <attribute name="Output T" value="16"/>
  <attribute name= "Current Time Running" value="128536" />
  <attribute name="GC Util currently" value="107" />
  <attribute name="CPU Util currently" value="38705362556" />
<concurrent-collection-end id="2684" timestamp="2019-08-08T20:26:01.119" />
<exclusive-end id="2685" timestamp="2019-08-08T20:26:01.119" durationms="40.113" />

<concurrent-kickoff id="2686" timestamp="2019-08-08T20:26:01.124">
  <kickoff reason="threshold reached" targetBytes="12795517" thresholdFreeBytes="1760422"  remainingFree="1728512" tenureFreeBytes="942432" nurseryFreeBytes="1728512" />
</concurrent-kickoff>
<exclusive-start id="2687" timestamp="2019-08-08T20:26:01.124" intervalms="45.574">
  <response-info timems="0.048" idlems="0.048" threads="0" lastid="0000000000959F00" lastname="main" />
</exclusive-start>
<cycle-start id="2688" type="global" contextid="0" timestamp="2019-08-08T20:26:01.124" intervalms="64.001" />
<exclusive-end id="2689" timestamp="2019-08-08T20:26:01.124" durationms="0.018" />

<exclusive-start id="2690" timestamp="2019-08-08T20:26:01.141" intervalms="17.158">
  <response-info timems="0.047" idlems="0.047" threads="0" lastid="0000000000959F00" lastname="main" />
</exclusive-start>
<concurrent-collection-start id="2691" timestamp="2019-08-08T20:26:01.141" intervalms="62.725" >
  <concurrent-trace-info reason="card cleaning threshold reached" tracedByMutators="4884952" tracedByHelpers="8510040" cardsCleaned="0" workStackOverflowCount="0" />
</concurrent-collection-start>
<gc-start id="2692" type="global" contextid="2688" timestamp="2019-08-08T20:26:01.141">
  <mem-info id="2693" free="942432" total="42008576" percent="2">
    <mem type="nursery" free="0" total="23068672" percent="0">
      <mem type="allocate" free="0" total="19791872" percent="0" />
      <mem type="survivor" free="0" total="3276800" percent="0" />
    </mem>
    <mem type="tenure" free="942432" total="18939904" percent="4">
      <mem type="soa" free="754016" total="18751488" percent="4" />
      <mem type="loa" free="188416" total="188416" percent="100" />
    </mem>
    <remembered-set count="134" />
  </mem-info>
</gc-start>
<allocation-stats totalBytes="19715960" >
  <allocated-bytes non-tlh="0" tlh="19715960" />
  <largest-consumer threadName="main" threadId="0000000000959F00" bytes="19715960" />
</allocation-stats>
<gc-op id="2694" type="rs-scan" timems="1.862" contextid="2688" timestamp="2019-08-08T20:26:01.143">
  <scan objectsFound="101" bytesTraced="9316" workStackOverflowCount="0" />
</gc-op>
<gc-op id="2695" type="card-cleaning" timems="0.877" contextid="2688" timestamp="2019-08-08T20:26:01.144">
  <card-cleaning cardsCleaned="0" bytesTraced="11784" workStackOverflowCount="0" />
</gc-op>
<gc-op id="2696" type="mark" timems="5.168" contextid="2688" timestamp="2019-08-08T20:26:01.149">
  <trace-info objectcount="292" scancount="281" scanbytes="8936" />
  <finalization candidates="80" enqueued="0" />
  <ownableSynchronizers candidates="21" cleared="0" />
  <references type="soft" candidates="3261" cleared="0" enqueued="0" dynamicThreshold="1" maxThreshold="32" />
  <references type="weak" candidates="5434" cleared="0" enqueued="0" />
  <references type="phantom" candidates="73" cleared="0" enqueued="0" />
  <stringconstants candidates="13599" cleared="0"  />
</gc-op>
<gc-op id="2697" type="sweep" timems="4.582" contextid="2688" timestamp="2019-08-08T20:26:01.154" />
<mem-info id="2698" free="20725680" total="42008576" percent="49">
  <mem type="nursery" free="19783248" total="23068672" percent="85">
    <mem type="allocate" free="19783248" total="19791872" percent="99" />
    <mem type="survivor" free="0" total="3276800" percent="0" />
  </mem>
  <mem type="tenure" free="942432" total="18939904" percent="4" micro-fragmented="0" macro-fragmented="0">
    <mem type="soa" free="754016" total="18751488" percent="4" />
    <mem type="loa" free="188416" total="188416" percent="100" />
  </mem>
  <remembered-set count="134" />
</mem-info>
<gc-op id="2699" type="compact" timems="25.663" contextid="2688" timestamp="2019-08-08T20:26:01.180">
  <compact-info movecount="3" movebytes="1224" reason="compact to aid heap contraction" />
</gc-op>
<heap-resize id="2700" type="expand" space="tenure" amount="65536" count="1" timems="0.021" reason="satisfy allocation request" timestamp="2019-08-08T20:26:01.181" />
<gc-end id="2701" type="global" contextid="2688" durationms="39.487" usertimems="64.789" systemtimems="0.000" timestamp="2019-08-08T20:26:01.181" activeThreads="16">
  <mem-info id="2702" free="20791648" total="42074112" percent="49">
    <mem type="nursery" free="19783680" total="23068672" percent="85">
      <mem type="allocate" free="19783680" total="19791872" percent="99" />
      <mem type="survivor" free="0" total="3276800" percent="0" />
    </mem>
    <mem type="tenure" free="1007968" total="19005440" percent="5">
      <mem type="soa" free="818528" total="18816000" percent="4" />
      <mem type="loa" free="189440" total="189440" percent="100" />
    </mem>
    <remembered-set count="134" />
  </mem-info>
</gc-end>
<cycle-end id="2703" type="global" contextid="2688" timestamp="2019-08-08T20:26:01.181" />
  <attribute name="elasticGC enabled" value="1" />
  <attribute name= "numThreadsSpecified" value="16" />
  <attribute name="heapSize specified" value="42008576" />
  <attribute name="Current GC Util" value="51" />
  <attribute name= "Current Time Running" value="128599" />
  <attribute name ="GC Interval" value="1921" />
  <attribute name="Target GC Util Change" value ="80.000000" />
  <attribute name="Current GC Util Change" value="51.000000"/>
  <attribute name="Current Error" value="-362.000000" />
  <attribute name="Output H" value="42046208"/>
  <attribute name="Output I" value="1792"/>
  <attribute name="Output T" value="16"/>
  <attribute name= "Current Time Running" value="128599" />
  <attribute name="GC Util currently" value="51" />
  <attribute name="CPU Util currently" value="44860394598" />
<concurrent-collection-end id="2704" timestamp="2019-08-08T20:26:01.181" />
<exclusive-end id="2705" timestamp="2019-08-08T20:26:01.181" durationms="39.715" />

<concurrent-kickoff id="2706" timestamp="2019-08-08T20:26:01.185">
  <kickoff reason="threshold reached" targetBytes="12960142" thresholdFreeBytes="1785203"  remainingFree="1728512" tenureFreeBytes="1007968" nurseryFreeBytes="1728512" />
</concurrent-kickoff>
<exclusive-start id="2707" timestamp="2019-08-08T20:26:01.185" intervalms="44.231">
  <response-info timems="0.134" idlems="0.134" threads="0" lastid="0000000000959F00" lastname="main" />
</exclusive-start>
<cycle-start id="2708" type="global" contextid="0" timestamp="2019-08-08T20:26:01.185" intervalms="61.400" />
<exclusive-end id="2709" timestamp="2019-08-08T20:26:01.185" durationms="0.031" />

<exclusive-start id="2710" timestamp="2019-08-08T20:26:01.202" intervalms="16.133">
  <response-info timems="0.117" idlems="0.117" threads="0" lastid="0000000000959F00" lastname="main" />
</exclusive-start>
<af-start id="2711" threadId="000000000095A888" totalBytesRequested="1168" timestamp="2019-08-08T20:26:01.202" intervalms="187.969" type="nursery" />
<cycle-start id="2712" type="scavenge" contextid="0" timestamp="2019-08-08T20:26:01.202" intervalms="565.499" />
<gc-start id="2713" type="scavenge" contextid="2712" timestamp="2019-08-08T20:26:01.202">
  <mem-info id="2714" free="1007968" total="42074112" percent="2">
    <mem type="nursery" free="0" total="23068672" percent="0">
      <mem type="allocate" free="0" total="19791872" percent="0" />
      <mem type="survivor" free="0" total="3276800" percent="0" />
    </mem>
    <mem type="tenure" free="1007968" total="19005440" percent="5">
      <mem type="soa" free="818528" total="18816000" percent="4" />
      <mem type="loa" free="189440" total="189440" percent="100" />
    </mem>
    <remembered-set count="134" />
  </mem-info>
</gc-start>
<allocation-stats totalBytes="19716048" >
  <allocated-bytes non-tlh="0" tlh="19716048" />
  <largest-consumer threadName="main" threadId="0000000000959F00" bytes="19716048" />
</allocation-stats>
<gc-op id="2715" type="scavenge" timems="1.666" contextid="2712" timestamp="2019-08-08T20:26:01.203">
  <scavenger-info tenureage="14" tenuremask="4000" tiltratio="85" />
  <memory-copied type="nursery" objects="94" bytes="7024" bytesdiscarded="49040" />
  <ownableSynchronizers candidates="42" cleared="42" />
  <references type="weak" candidates="4" cleared="0" enqueued="0" />
</gc-op>
<gc-end id="2716" type="scavenge" contextid="2712" durationms="2.198" usertimems="3.669" systemtimems="0.000" timestamp="2019-08-08T20:26:01.204" activeThreads="16">
  <mem-info id="2717" free="21399136" total="42074112" percent="50">
    <mem type="nursery" free="20391168" total="23068672" percent="88">
      <mem type="allocate" free="20391168" total="20447232" percent="99" />
      <mem type="survivor" free="0" total="2621440" percent="0" />
    </mem>
    <mem type="tenure" free="1007968" total="19005440" percent="5" macro-fragmented="0">
      <mem type="soa" free="818528" total="18816000" percent="4" />
      <mem type="loa" free="189440" total="189440" percent="100" />
    </mem>
    <remembered-set count="133" />
  </mem-info>
</gc-end>
<cycle-end id="2718" type="scavenge" contextid="2712" timestamp="2019-08-08T20:26:01.204" />
  <attribute name="elasticGC enabled" value="1" />
  <attribute name= "numThreadsSpecified" value="16" />
  <attribute name="heapSize specified" value="42008576" />
  <attribute name="Current GC Util" value="126" />
  <attribute name= "Current Time Running" value="128621" />
  <attribute name ="GC Interval" value="1977" />
  <attribute name="Target GC Util Change" value ="80.000000" />
  <attribute name="Current GC Util Change" value="126.000000"/>
  <attribute name="Current Error" value="-46.000000" />
  <attribute name="Output H" value="42111928"/>
  <attribute name="Output I" value="1976"/>
  <attribute name="Output T" value="16"/>
  <attribute name= "Current Time Running" value="128621" />
  <attribute name="GC Util currently" value="126" />
  <attribute name="CPU Util currently" value="52756153238" />
<allocation-satisfied id="2719" threadId="0000000000959F00" bytesRequested="1168" />
<af-end id="2720" timestamp="2019-08-08T20:26:01.204" threadId="000000000095A888" success="true" from="nursery"/>
<exclusive-end id="2721" timestamp="2019-08-08T20:26:01.204" durationms="2.527" />

<exclusive-start id="2722" timestamp="2019-08-08T20:26:01.204" intervalms="2.934">
  <response-info timems="0.058" idlems="0.058" threads="0" lastid="0000000000959F00" lastname="main" />
</exclusive-start>
<concurrent-collection-start id="2723" timestamp="2019-08-08T20:26:01.204" intervalms="63.276" >
  <concurrent-trace-info reason="card cleaning threshold reached" tracedByMutators="7237412" tracedByHelpers="6142960" cardsCleaned="0" workStackOverflowCount="0" />
</concurrent-collection-start>
<gc-start id="2724" type="global" contextid="2708" timestamp="2019-08-08T20:26:01.205">
  <mem-info id="2725" free="21332432" total="42074112" percent="50">
    <mem type="nursery" free="20324464" total="23068672" percent="88">
      <mem type="allocate" free="20324464" total="20447232" percent="99" />
      <mem type="survivor" free="0" total="2621440" percent="0" />
    </mem>
    <mem type="tenure" free="1007968" total="19005440" percent="5">
      <mem type="soa" free="818528" total="18816000" percent="4" />
      <mem type="loa" free="189440" total="189440" percent="100" />
    </mem>
    <remembered-set count="133" />
  </mem-info>
</gc-start>
<allocation-stats totalBytes="66704" >
  <allocated-bytes non-tlh="1168" tlh="65536" />
  <largest-consumer threadName="main" threadId="0000000000959F00" bytes="66704" />
</allocation-stats>
<gc-op id="2726" type="rs-scan" timems="0.820" contextid="2708" timestamp="2019-08-08T20:26:01.205">
  <scan objectsFound="101" bytesTraced="9316" workStackOverflowCount="0" />
</gc-op>
<gc-op id="2727" type="card-cleaning" timems="1.493" contextid="2708" timestamp="2019-08-08T20:26:01.207">
  <card-cleaning cardsCleaned="0" bytesTraced="11784" workStackOverflowCount="0" />
</gc-op>
<gc-op id="2728" type="mark" timems="5.722" contextid="2708" timestamp="2019-08-08T20:26:01.213">
  <trace-info objectcount="845" scancount="772" scanbytes="23572" />
  <finalization candidates="80" enqueued="0" />
  <ownableSynchronizers candidates="21" cleared="0" />
  <references type="soft" candidates="3261" cleared="0" enqueued="0" dynamicThreshold="1" maxThreshold="32" />
  <references type="weak" candidates="5434" cleared="0" enqueued="0" />
  <references type="phantom" candidates="73" cleared="0" enqueued="0" />
  <stringconstants candidates="13599" cleared="0"  />
</gc-op>
<gc-op id="2729" type="sweep" timems="1.558" contextid="2708" timestamp="2019-08-08T20:26:01.214" />
<mem-info id="2730" free="21446992" total="42074112" percent="50">
  <mem type="nursery" free="20439024" total="23068672" percent="88">
    <mem type="allocate" free="20439024" total="20447232" percent="99" />
    <mem type="survivor" free="0" total="2621440" percent="0" />
  </mem>
  <mem type="tenure" free="1007968" total="19005440" percent="5" micro-fragmented="0" macro-fragmented="0">
    <mem type="soa" free="818528" total="18816000" percent="4" />
    <mem type="loa" free="189440" total="189440" percent="100" />
  </mem>
  <remembered-set count="133" />
</mem-info>
<gc-op id="2731" type="compact" timems="35.739" contextid="2708" timestamp="2019-08-08T20:26:01.250">
  <compact-info movecount="18" movebytes="2736" reason="compact to aid heap contraction" />
</gc-op>
<heap-resize id="2732" type="expand" space="tenure" amount="65536" count="1" timems="0.021" reason="satisfy allocation request" timestamp="2019-08-08T20:26:01.252" />
<gc-end id="2733" type="global" contextid="2708" durationms="47.308" usertimems="67.880" systemtimems="0.000" timestamp="2019-08-08T20:26:01.252" activeThreads="16">
  <mem-info id="2734" free="21512528" total="42139648" percent="51">
    <mem type="nursery" free="20439024" total="23068672" percent="88">
      <mem type="allocate" free="20439024" total="20447232" percent="99" />
      <mem type="survivor" free="0" total="2621440" percent="0" />
    </mem>
    <mem type="tenure" free="1073504" total="19070976" percent="5">
      <mem type="soa" free="883040" total="18880512" percent="4" />
      <mem type="loa" free="190464" total="190464" percent="100" />
    </mem>
    <remembered-set count="133" />
  </mem-info>
</gc-end>
<cycle-end id="2735" type="global" contextid="2708" timestamp="2019-08-08T20:26:01.252" />
  <attribute name="elasticGC enabled" value="1" />
  <attribute name= "numThreadsSpecified" value="16" />
  <attribute name="heapSize specified" value="42074112" />
  <attribute name="Current GC Util" value="37" />
  <attribute name= "Current Time Running" value="128669" />
  <attribute name ="GC Interval" value="1977" />
  <attribute name="Target GC Util Change" value ="80.000000" />
  <attribute name="Current GC Util Change" value="37.000000"/>
  <attribute name="Current Error" value="39.000000" />
  <attribute name="Output H" value="42111976"/>
  <attribute name="Output I" value="2024"/>
  <attribute name="Output T" value="16"/>
  <attribute name= "Current Time Running" value="128669" />
  <attribute name="GC Util currently" value="37" />
  <attribute name="CPU Util currently" value="32245633481" />
<concurrent-collection-end id="2736" timestamp="2019-08-08T20:26:01.252" />
<exclusive-end id="2737" timestamp="2019-08-08T20:26:01.252" durationms="47.511" />

<concurrent-kickoff id="2738" timestamp="2019-08-08T20:26:01.256">
  <kickoff reason="threshold reached" targetBytes="13089414" thresholdFreeBytes="1803562"  remainingFree="1777648" tenureFreeBytes="1073504" nurseryFreeBytes="1777648" />
</concurrent-kickoff>
<exclusive-start id="2739" timestamp="2019-08-08T20:26:01.256" intervalms="51.919">
  <response-info timems="0.123" idlems="0.123" threads="0" lastid="0000000000959F00" lastname="main" />
</exclusive-start>
<cycle-start id="2740" type="global" contextid="0" timestamp="2019-08-08T20:26:01.256" intervalms="71.060" />
<exclusive-end id="2741" timestamp="2019-08-08T20:26:01.256" durationms="0.105" />

<exclusive-start id="2742" timestamp="2019-08-08T20:26:01.272" intervalms="15.622">
  <response-info timems="0.055" idlems="0.055" threads="0" lastid="0000000000959F00" lastname="main" />
</exclusive-start>
<af-start id="2743" threadId="000000000095A888" totalBytesRequested="1168" timestamp="2019-08-08T20:26:01.272" intervalms="70.477" type="nursery" />
<cycle-start id="2744" type="scavenge" contextid="0" timestamp="2019-08-08T20:26:01.272" intervalms="70.478" />
<gc-start id="2745" type="scavenge" contextid="2744" timestamp="2019-08-08T20:26:01.272">
  <mem-info id="2746" free="1073504" total="42139648" percent="2">
    <mem type="nursery" free="0" total="23068672" percent="0">
      <mem type="allocate" free="0" total="20447232" percent="0" />
      <mem type="survivor" free="0" total="2621440" percent="0" />
    </mem>
    <mem type="tenure" free="1073504" total="19070976" percent="5">
      <mem type="soa" free="883040" total="18880512" percent="4" />
      <mem type="loa" free="190464" total="190464" percent="100" />
    </mem>
    <remembered-set count="133" />
  </mem-info>
</gc-start>
<allocation-stats totalBytes="20364328" >
  <allocated-bytes non-tlh="0" tlh="20364328" />
  <largest-consumer threadName="main" threadId="0000000000959F00" bytes="20364328" />
</allocation-stats>
<gc-op id="2747" type="scavenge" timems="1.854" contextid="2744" timestamp="2019-08-08T20:26:01.274">
  <scavenger-info tenureage="14" tenuremask="4000" tiltratio="88" />
  <memory-copied type="nursery" objects="94" bytes="7024" bytesdiscarded="49040" />
  <ownableSynchronizers candidates="42" cleared="42" />
  <references type="weak" candidates="4" cleared="0" enqueued="0" />
</gc-op>
<gc-end id="2748" type="scavenge" contextid="2744" durationms="2.280" usertimems="4.493" systemtimems="0.000" timestamp="2019-08-08T20:26:01.274" activeThreads="16">
  <mem-info id="2749" free="21726816" total="42139648" percent="51">
    <mem type="nursery" free="20653312" total="23068672" percent="89">
      <mem type="allocate" free="20653312" total="20709376" percent="99" />
      <mem type="survivor" free="0" total="2359296" percent="0" />
    </mem>
    <mem type="tenure" free="1073504" total="19070976" percent="5" macro-fragmented="0">
      <mem type="soa" free="883040" total="18880512" percent="4" />
      <mem type="loa" free="190464" total="190464" percent="100" />
    </mem>
    <remembered-set count="133" />
  </mem-info>
</gc-end>
<cycle-end id="2750" type="scavenge" contextid="2744" timestamp="2019-08-08T20:26:01.274" />
  <attribute name="elasticGC enabled" value="1" />
  <attribute name= "numThreadsSpecified" value="16" />
  <attribute name="heapSize specified" value="42074112" />
  <attribute name="Current GC Util" value="176" />
  <attribute name= "Current Time Running" value="128691" />
  <attribute name ="GC Interval" value="1969" />
  <attribute name="Target GC Util Change" value ="80.000000" />
  <attribute name="Current GC Util Change" value="176.000000"/>
  <attribute name="Current Error" value="-57.000000" />
  <attribute name="Output H" value="42177456"/>
  <attribute name="Output I" value="1968"/>
  <attribute name="Output T" value="16"/>
  <attribute name= "Current Time Running" value="128691" />
  <attribute name="GC Util currently" value="176" />
  <attribute name="CPU Util currently" value="52712914402" />
<allocation-satisfied id="2751" threadId="0000000000959F00" bytesRequested="1168" />
<af-end id="2752" timestamp="2019-08-08T20:26:01.275" threadId="000000000095A888" success="true" from="nursery"/>
<exclusive-end id="2753" timestamp="2019-08-08T20:26:01.275" durationms="2.597" />

<exclusive-start id="2754" timestamp="2019-08-08T20:26:01.275" intervalms="2.767">
  <response-info timems="0.085" idlems="0.085" threads="0" lastid="0000000000959F00" lastname="main" />
</exclusive-start>
<concurrent-collection-start id="2755" timestamp="2019-08-08T20:26:01.275" intervalms="70.373" >
  <concurrent-trace-info reason="card cleaning threshold reached" tracedByMutators="6303464" tracedByHelpers="7091528" cardsCleaned="0" workStackOverflowCount="0" />
</concurrent-collection-start>
<gc-start id="2756" type="global" contextid="2740" timestamp="2019-08-08T20:26:01.275">
  <mem-info id="2757" free="21660112" total="42139648" percent="51">
    <mem type="nursery" free="20586608" total="23068672" percent="89">
      <mem type="allocate" free="20586608" total="20709376" percent="99" />
      <mem type="survivor" free="0" total="2359296" percent="0" />
    </mem>
    <mem type="tenure" free="1073504" total="19070976" percent="5">
      <mem type="soa" free="883040" total="18880512" percent="4" />
      <mem type="loa" free="190464" total="190464" percent="100" />
    </mem>
    <remembered-set count="133" />
  </mem-info>
</gc-start>
<allocation-stats totalBytes="66704" >
  <allocated-bytes non-tlh="1168" tlh="65536" />
  <largest-consumer threadName="main" threadId="0000000000959F00" bytes="66704" />
</allocation-stats>
<gc-op id="2758" type="rs-scan" timems="1.444" contextid="2740" timestamp="2019-08-08T20:26:01.276">
  <scan objectsFound="101" bytesTraced="9316" workStackOverflowCount="0" />
</gc-op>
<gc-op id="2759" type="card-cleaning" timems="0.825" contextid="2740" timestamp="2019-08-08T20:26:01.277">
  <card-cleaning cardsCleaned="0" bytesTraced="11784" workStackOverflowCount="0" />
</gc-op>
<gc-op id="2760" type="mark" timems="4.130" contextid="2740" timestamp="2019-08-08T20:26:01.281">
  <trace-info objectcount="293" scancount="282" scanbytes="8952" />
  <finalization candidates="80" enqueued="0" />
  <ownableSynchronizers candidates="21" cleared="0" />
  <references type="soft" candidates="3261" cleared="0" enqueued="0" dynamicThreshold="1" maxThreshold="32" />
  <references type="weak" candidates="5434" cleared="0" enqueued="0" />
  <references type="phantom" candidates="73" cleared="0" enqueued="0" />
  <stringconstants candidates="13599" cleared="0"  />
</gc-op>
<gc-op id="2761" type="sweep" timems="4.064" contextid="2740" timestamp="2019-08-08T20:26:01.285" />
<mem-info id="2762" free="21774672" total="42139648" percent="51">
  <mem type="nursery" free="20701168" total="23068672" percent="89">
    <mem type="allocate" free="20701168" total="20709376" percent="99" />
    <mem type="survivor" free="0" total="2359296" percent="0" />
  </mem>
  <mem type="tenure" free="1073504" total="19070976" percent="5" micro-fragmented="0" macro-fragmented="0">
    <mem type="soa" free="883040" total="18880512" percent="4" />
    <mem type="loa" free="190464" total="190464" percent="100" />
  </mem>
  <remembered-set count="133" />
</mem-info>
<gc-op id="2763" type="compact" timems="29.232" contextid="2740" timestamp="2019-08-08T20:26:01.315">
  <compact-info movecount="94" movebytes="7024" reason="compact to aid heap contraction" />
</gc-op>
<heap-resize id="2764" type="expand" space="tenure" amount="65536" count="1" timems="0.021" reason="satisfy allocation request" timestamp="2019-08-08T20:26:01.316" />
<gc-end id="2765" type="global" contextid="2740" durationms="41.113" usertimems="63.240" systemtimems="0.000" timestamp="2019-08-08T20:26:01.316" activeThreads="16">
  <mem-info id="2766" free="21840208" total="42205184" percent="51">
    <mem type="nursery" free="20701168" total="23068672" percent="89">
      <mem type="allocate" free="20701168" total="20709376" percent="99" />
      <mem type="survivor" free="0" total="2359296" percent="0" />
    </mem>
    <mem type="tenure" free="1139040" total="19136512" percent="5">
      <mem type="soa" free="948576" total="18946048" percent="5" />
      <mem type="loa" free="190464" total="190464" percent="100" />
    </mem>
    <remembered-set count="133" />
  </mem-info>
</gc-end>
<cycle-end id="2767" type="global" contextid="2740" timestamp="2019-08-08T20:26:01.316" />
  <attribute name="elasticGC enabled" value="1" />
  <attribute name= "numThreadsSpecified" value="16" />
  <attribute name="heapSize specified" value="42139648" />
  <attribute name="Current GC Util" value="101" />
  <attribute name= "Current Time Running" value="128734" />
  <attribute name ="GC Interval" value="1969" />
  <attribute name="Target GC Util Change" value ="80.000000" />
  <attribute name="Current GC Util Change" value="101.000000"/>
  <attribute name="Current Error" value="-328.000000" />
  <attribute name="Output H" value="42177304"/>
  <attribute name="Output I" value="1816"/>
  <attribute name="Output T" value="16"/>
  <attribute name= "Current Time Running" value="128734" />
  <attribute name="GC Util currently" value="101" />
  <attribute name="CPU Util currently" value="39382649485" />
<concurrent-collection-end id="2768" timestamp="2019-08-08T20:26:01.316" />
<exclusive-end id="2769" timestamp="2019-08-08T20:26:01.316" durationms="41.309" />

<concurrent-kickoff id="2770" timestamp="2019-08-08T20:26:01.321">
  <kickoff reason="threshold reached" targetBytes="13196104" thresholdFreeBytes="1818880"  remainingFree="1777648" tenureFreeBytes="1139040" nurseryFreeBytes="1777648" />
</concurrent-kickoff>
<exclusive-start id="2771" timestamp="2019-08-08T20:26:01.321" intervalms="46.117">
  <response-info timems="0.195" idlems="0.195" threads="0" lastid="0000000000959F00" lastname="main" />
</exclusive-start>
<cycle-start id="2772" type="global" contextid="0" timestamp="2019-08-08T20:26:01.321" intervalms="64.432" />
<exclusive-end id="2773" timestamp="2019-08-08T20:26:01.321" durationms="0.028" />

<exclusive-start id="2774" timestamp="2019-08-08T20:26:01.341" intervalms="20.218">
  <response-info timems="0.053" idlems="0.053" threads="0" lastid="0000000000959F00" lastname="main" />
</exclusive-start>
<concurrent-collection-start id="2775" timestamp="2019-08-08T20:26:01.341" intervalms="66.285" >
  <concurrent-trace-info reason="card cleaning threshold reached" tracedByMutators="4966524" tracedByHelpers="8401896" cardsCleaned="0" workStackOverflowCount="0" />
</concurrent-collection-start>
<gc-start id="2776" type="global" contextid="2772" timestamp="2019-08-08T20:26:01.341">
  <mem-info id="2777" free="1139040" total="42205184" percent="2">
    <mem type="nursery" free="0" total="23068672" percent="0">
      <mem type="allocate" free="0" total="20709376" percent="0" />
      <mem type="survivor" free="0" total="2359296" percent="0" />
    </mem>
    <mem type="tenure" free="1139040" total="19136512" percent="5">
      <mem type="soa" free="948576" total="18946048" percent="5" />
      <mem type="loa" free="190464" total="190464" percent="100" />
    </mem>
    <remembered-set count="133" />
  </mem-info>
</gc-start>
<allocation-stats totalBytes="20626584" >
  <allocated-bytes non-tlh="0" tlh="20626584" />
  <largest-consumer threadName="main" threadId="0000000000959F00" bytes="20626584" />
</allocation-stats>
<gc-op id="2778" type="rs-scan" timems="3.025" contextid="2772" timestamp="2019-08-08T20:26:01.344">
  <scan objectsFound="101" bytesTraced="9316" workStackOverflowCount="0" />
</gc-op>
<gc-op id="2779" type="card-cleaning" timems="1.453" contextid="2772" timestamp="2019-08-08T20:26:01.346">
  <card-cleaning cardsCleaned="0" bytesTraced="11784" workStackOverflowCount="0" />
</gc-op>
<gc-op id="2780" type="mark" timems="7.881" contextid="2772" timestamp="2019-08-08T20:26:01.354">
  <trace-info objectcount="1500" scancount="1295" scanbytes="35508" />
  <finalization candidates="80" enqueued="0" />
  <ownableSynchronizers candidates="21" cleared="0" />
  <references type="soft" candidates="3261" cleared="0" enqueued="0" dynamicThreshold="1" maxThreshold="32" />
  <references type="weak" candidates="5434" cleared="0" enqueued="0" />
  <references type="phantom" candidates="73" cleared="0" enqueued="0" />
  <stringconstants candidates="13599" cleared="0"  />
</gc-op>
<gc-op id="2781" type="sweep" timems="2.648" contextid="2772" timestamp="2019-08-08T20:26:01.357" />
<mem-info id="2782" free="21839736" total="42205184" percent="51">
  <mem type="nursery" free="20700696" total="23068672" percent="89">
    <mem type="allocate" free="20700696" total="20709376" percent="99" />
    <mem type="survivor" free="0" total="2359296" percent="0" />
  </mem>
  <mem type="tenure" free="1139040" total="19136512" percent="5" micro-fragmented="0" macro-fragmented="0">
    <mem type="soa" free="948576" total="18946048" percent="5" />
    <mem type="loa" free="190464" total="190464" percent="100" />
  </mem>
  <remembered-set count="133" />
</mem-info>
<gc-op id="2783" type="compact" timems="35.529" contextid="2772" timestamp="2019-08-08T20:26:01.393">
  <compact-info movecount="95" movebytes="8192" reason="compact to aid heap contraction" />
</gc-op>
<heap-resize id="2784" type="expand" space="tenure" amount="65536" count="1" timems="0.020" reason="satisfy allocation request" timestamp="2019-08-08T20:26:01.393" />
<gc-end id="2785" type="global" contextid="2772" durationms="52.236" usertimems="127.513" systemtimems="0.000" timestamp="2019-08-08T20:26:01.393" activeThreads="16">
  <mem-info id="2786" free="21905760" total="42270720" percent="51">
    <mem type="nursery" free="20701184" total="23068672" percent="89">
      <mem type="allocate" free="20701184" total="20709376" percent="99" />
      <mem type="survivor" free="0" total="2359296" percent="0" />
    </mem>
    <mem type="tenure" free="1204576" total="19202048" percent="6">
      <mem type="soa" free="1013088" total="19010560" percent="5" />
      <mem type="loa" free="191488" total="191488" percent="100" />
    </mem>
    <remembered-set count="133" />
  </mem-info>
</gc-end>
<cycle-end id="2787" type="global" contextid="2772" timestamp="2019-08-08T20:26:01.393" />
  <attribute name="elasticGC enabled" value="1" />
  <attribute name= "numThreadsSpecified" value="16" />
  <attribute name="heapSize specified" value="42205184" />
  <attribute name="Current GC Util" value="35" />
  <attribute name= "Current Time Running" value="128812" />
  <attribute name ="GC Interval" value="1969" />
  <attribute name="Target GC Util Change" value ="80.000000" />
  <attribute name="Current GC Util Change" value="35.000000"/>
  <attribute name="Current Error" value="-144.000000" />
  <attribute name="Output H" value="42242944"/>
  <attribute name="Output I" value="1920"/>
  <attribute name="Output T" value="16"/>
  <attribute name= "Current Time Running" value="128812" />
  <attribute name="GC Util currently" value="35" />
  <attribute name="CPU Util currently" value="32429777748" />
<concurrent-collection-end id="2788" timestamp="2019-08-08T20:26:01.394" />
<exclusive-end id="2789" timestamp="2019-08-08T20:26:01.394" durationms="52.441" />

<concurrent-kickoff id="2790" timestamp="2019-08-08T20:26:01.399">
  <kickoff reason="threshold reached" targetBytes="13276239" thresholdFreeBytes="1831415"  remainingFree="1728512" tenureFreeBytes="1204576" nurseryFreeBytes="1728512" />
</concurrent-kickoff>
<exclusive-start id="2791" timestamp="2019-08-08T20:26:01.399" intervalms="57.913">
  <response-info timems="0.060" idlems="0.060" threads="0" lastid="0000000000959F00" lastname="main" />
</exclusive-start>
<cycle-start id="2792" type="global" contextid="0" timestamp="2019-08-08T20:26:01.399" intervalms="78.118" />
<exclusive-end id="2793" timestamp="2019-08-08T20:26:01.399" durationms="0.014" />

<exclusive-start id="2794" timestamp="2019-08-08T20:26:01.413" intervalms="14.412">
  <response-info timems="0.044" idlems="0.044" threads="0" lastid="0000000000959F00" lastname="main" />
</exclusive-start>
<concurrent-collection-start id="2795" timestamp="2019-08-08T20:26:01.413" intervalms="72.329" >
  <concurrent-trace-info reason="card cleaning threshold reached" tracedByMutators="4529488" tracedByHelpers="8865504" cardsCleaned="0" workStackOverflowCount="0" />
</concurrent-collection-start>
<gc-start id="2796" type="global" contextid="2792" timestamp="2019-08-08T20:26:01.414">
  <mem-info id="2797" free="1229152" total="42270720" percent="2">
    <mem type="nursery" free="24576" total="23068672" percent="0">
      <mem type="allocate" free="24576" total="20709376" percent="0" />
      <mem type="survivor" free="0" total="2359296" percent="0" />
    </mem>
    <mem type="tenure" free="1204576" total="19202048" percent="6">
      <mem type="soa" free="1013088" total="19010560" percent="5" />
      <mem type="loa" free="191488" total="191488" percent="100" />
    </mem>
    <remembered-set count="133" />
  </mem-info>
</gc-start>
<allocation-stats totalBytes="20606344" >
  <allocated-bytes non-tlh="0" tlh="20606344" />
  <largest-consumer threadName="main" threadId="0000000000959F00" bytes="20606344" />
</allocation-stats>
<gc-op id="2798" type="rs-scan" timems="3.300" contextid="2792" timestamp="2019-08-08T20:26:01.417">
  <scan objectsFound="101" bytesTraced="9316" workStackOverflowCount="0" />
</gc-op>
<gc-op id="2799" type="card-cleaning" timems="1.975" contextid="2792" timestamp="2019-08-08T20:26:01.419">
  <card-cleaning cardsCleaned="0" bytesTraced="11784" workStackOverflowCount="0" />
</gc-op>
<gc-op id="2800" type="mark" timems="8.617" contextid="2792" timestamp="2019-08-08T20:26:01.428">
  <trace-info objectcount="292" scancount="281" scanbytes="8936" />
  <finalization candidates="80" enqueued="0" />
  <ownableSynchronizers candidates="21" cleared="0" />
  <references type="soft" candidates="3261" cleared="0" enqueued="0" dynamicThreshold="2" maxThreshold="32" />
  <references type="weak" candidates="5434" cleared="0" enqueued="0" />
  <references type="phantom" candidates="73" cleared="0" enqueued="0" />
  <stringconstants candidates="13599" cleared="0"  />
</gc-op>
<gc-op id="2801" type="sweep" timems="2.477" contextid="2792" timestamp="2019-08-08T20:26:01.430" />
<mem-info id="2802" free="21905328" total="42270720" percent="51">
  <mem type="nursery" free="20700752" total="23068672" percent="89">
    <mem type="allocate" free="20700752" total="20709376" percent="99" />
    <mem type="survivor" free="0" total="2359296" percent="0" />
  </mem>
  <mem type="tenure" free="1204576" total="19202048" percent="6" micro-fragmented="0" macro-fragmented="868149">
    <mem type="soa" free="1013088" total="19010560" percent="5" />
    <mem type="loa" free="191488" total="191488" percent="100" />
  </mem>
  <remembered-set count="133" />
</mem-info>
<gc-op id="2803" type="compact" timems="27.252" contextid="2792" timestamp="2019-08-08T20:26:01.457">
  <compact-info movecount="3" movebytes="1224" reason="compact to aid heap contraction" />
</gc-op>
<heap-resize id="2804" type="expand" space="tenure" amount="65536" count="1" timems="0.021" reason="satisfy allocation request" timestamp="2019-08-08T20:26:01.458" />
<gc-end id="2805" type="global" contextid="2792" durationms="44.570" usertimems="83.236" systemtimems="0.000" timestamp="2019-08-08T20:26:01.458" activeThreads="16">
  <mem-info id="2806" free="21971296" total="42336256" percent="51">
    <mem type="nursery" free="20701184" total="23068672" percent="89">
      <mem type="allocate" free="20701184" total="20709376" percent="99" />
      <mem type="survivor" free="0" total="2359296" percent="0" />
    </mem>
    <mem type="tenure" free="1270112" total="19267584" percent="6">
      <mem type="soa" free="1077600" total="19075072" percent="5" />
      <mem type="loa" free="192512" total="192512" percent="100" />
    </mem>
    <remembered-set count="133" />
  </mem-info>
</gc-end>
<cycle-end id="2807" type="global" contextid="2792" timestamp="2019-08-08T20:26:01.458" />
  <attribute name="elasticGC enabled" value="1" />
  <attribute name= "numThreadsSpecified" value="16" />
  <attribute name="heapSize specified" value="42270720" />
  <attribute name="Current GC Util" value="48" />
  <attribute name= "Current Time Running" value="128877" />
  <attribute name ="GC Interval" value="1969" />
  <attribute name="Target GC Util Change" value ="80.000000" />
  <attribute name="Current GC Util Change" value="48.000000"/>
  <attribute name="Current Error" value="-319.000000" />
  <attribute name="Output H" value="42308376"/>
  <attribute name="Output I" value="1816"/>
  <attribute name="Output T" value="16"/>
  <attribute name= "Current Time Running" value="128877" />
  <attribute name="GC Util currently" value="48" />
  <attribute name="CPU Util currently" value="42266200036" />
<concurrent-collection-end id="2808" timestamp="2019-08-08T20:26:01.458" />
<exclusive-end id="2809" timestamp="2019-08-08T20:26:01.458" durationms="44.802" />

<concurrent-kickoff id="2810" timestamp="2019-08-08T20:26:01.462">
  <kickoff reason="threshold reached" targetBytes="13345799" thresholdFreeBytes="1842202"  remainingFree="1728512" tenureFreeBytes="1270112" nurseryFreeBytes="1728512" />
</concurrent-kickoff>
<exclusive-start id="2811" timestamp="2019-08-08T20:26:01.463" intervalms="49.173">
  <response-info timems="0.064" idlems="0.064" threads="0" lastid="0000000000959F00" lastname="main" />
</exclusive-start>
<cycle-start id="2812" type="global" contextid="0" timestamp="2019-08-08T20:26:01.463" intervalms="63.596" />
<exclusive-end id="2813" timestamp="2019-08-08T20:26:01.463" durationms="0.026" />

<exclusive-start id="2814" timestamp="2019-08-08T20:26:01.477" intervalms="14.618">
  <response-info timems="0.054" idlems="0.054" threads="0" lastid="0000000000959F00" lastname="main" />
</exclusive-start>
<concurrent-collection-start id="2815" timestamp="2019-08-08T20:26:01.477" intervalms="63.791" >
  <concurrent-trace-info reason="card cleaning threshold reached" tracedByMutators="6045584" tracedByHelpers="7349408" cardsCleaned="0" workStackOverflowCount="0" />
</concurrent-collection-start>
<gc-start id="2816" type="global" contextid="2812" timestamp="2019-08-08T20:26:01.477">
  <mem-info id="2817" free="1294688" total="42336256" percent="3">
    <mem type="nursery" free="24576" total="23068672" percent="0">
      <mem type="allocate" free="24576" total="20709376" percent="0" />
      <mem type="survivor" free="0" total="2359296" percent="0" />
    </mem>
    <mem type="tenure" free="1270112" total="19267584" percent="6">
      <mem type="soa" free="1077600" total="19075072" percent="5" />
      <mem type="loa" free="192512" total="192512" percent="100" />
    </mem>
    <remembered-set count="133" />
  </mem-info>
</gc-start>
<allocation-stats totalBytes="20606320" >
  <allocated-bytes non-tlh="0" tlh="20606320" />
  <largest-consumer threadName="main" threadId="0000000000959F00" bytes="20606320" />
</allocation-stats>
<gc-op id="2818" type="rs-scan" timems="1.694" contextid="2812" timestamp="2019-08-08T20:26:01.479">
  <scan objectsFound="101" bytesTraced="9316" workStackOverflowCount="0" />
</gc-op>
<gc-op id="2819" type="card-cleaning" timems="1.341" contextid="2812" timestamp="2019-08-08T20:26:01.480">
  <card-cleaning cardsCleaned="0" bytesTraced="11784" workStackOverflowCount="0" />
</gc-op>
<gc-op id="2820" type="mark" timems="6.021" contextid="2812" timestamp="2019-08-08T20:26:01.487">
  <trace-info objectcount="292" scancount="281" scanbytes="8936" />
  <finalization candidates="80" enqueued="0" />
  <ownableSynchronizers candidates="21" cleared="0" />
  <references type="soft" candidates="3261" cleared="0" enqueued="0" dynamicThreshold="2" maxThreshold="32" />
  <references type="weak" candidates="5434" cleared="0" enqueued="0" />
  <references type="phantom" candidates="73" cleared="0" enqueued="0" />
  <stringconstants candidates="13599" cleared="0"  />
</gc-op>
<gc-op id="2821" type="sweep" timems="2.244" contextid="2812" timestamp="2019-08-08T20:26:01.489" />
<mem-info id="2822" free="21970864" total="42336256" percent="51">
  <mem type="nursery" free="20700752" total="23068672" percent="89">
    <mem type="allocate" free="20700752" total="20709376" percent="99" />
    <mem type="survivor" free="0" total="2359296" percent="0" />
  </mem>
  <mem type="tenure" free="1270112" total="19267584" percent="6" micro-fragmented="0" macro-fragmented="0">
    <mem type="soa" free="1077600" total="19075072" percent="5" />
    <mem type="loa" free="192512" total="192512" percent="100" />
  </mem>
  <remembered-set count="133" />
</mem-info>
<gc-op id="2823" type="compact" timems="35.637" contextid="2812" timestamp="2019-08-08T20:26:01.525">
  <compact-info movecount="3" movebytes="1224" reason="compact to aid heap contraction" />
</gc-op>
<heap-resize id="2824" type="expand" space="tenure" amount="65536" count="1" timems="0.019" reason="satisfy allocation request" timestamp="2019-08-08T20:26:01.526" />
<gc-end id="2825" type="global" contextid="2812" durationms="48.235" usertimems="104.762" systemtimems="0.000" timestamp="2019-08-08T20:26:01.526" activeThreads="16">
  <mem-info id="2826" free="22036832" total="42401792" percent="51">
    <mem type="nursery" free="20701184" total="23068672" percent="89">
      <mem type="allocate" free="20701184" total="20709376" percent="99" />
      <mem type="survivor" free="0" total="2359296" percent="0" />
    </mem>
    <mem type="tenure" free="1335648" total="19333120" percent="6">
      <mem type="soa" free="1143136" total="19140608" percent="5" />
      <mem type="loa" free="192512" total="192512" percent="100" />
    </mem>
    <remembered-set count="133" />
  </mem-info>
</gc-end>
<cycle-end id="2827" type="global" contextid="2812" timestamp="2019-08-08T20:26:01.526" />
  <attribute name="elasticGC enabled" value="1" />
  <attribute name= "numThreadsSpecified" value="16" />
  <attribute name="heapSize specified" value="42336256" />
  <attribute name="Current GC Util" value="55" />
  <attribute name= "Current Time Running" value="128944" />
  <attribute name ="GC Interval" value="1969" />
  <attribute name="Target GC Util Change" value ="80.000000" />
  <attribute name="Current GC Util Change" value="55.000000"/>
  <attribute name="Current Error" value="25.000000" />
  <attribute name="Output H" value="42374112"/>
  <attribute name="Output I" value="2016"/>
  <attribute name="Output T" value="16"/>
  <attribute name= "Current Time Running" value="128944" />
  <attribute name="GC Util currently" value="55" />
  <attribute name="CPU Util currently" value="32257102027" />
<concurrent-collection-end id="2828" timestamp="2019-08-08T20:26:01.526" />
<exclusive-end id="2829" timestamp="2019-08-08T20:26:01.526" durationms="48.491" />

<concurrent-kickoff id="2830" timestamp="2019-08-08T20:26:01.532">
  <kickoff reason="threshold reached" targetBytes="13401450" thresholdFreeBytes="1850841"  remainingFree="1728512" tenureFreeBytes="1335648" nurseryFreeBytes="1728512" />
</concurrent-kickoff>
<exclusive-start id="2831" timestamp="2019-08-08T20:26:01.532" intervalms="54.481">
  <response-info timems="0.062" idlems="0.062" threads="0" lastid="0000000000959F00" lastname="main" />
</exclusive-start>
<cycle-start id="2832" type="global" contextid="0" timestamp="2019-08-08T20:26:01.532" intervalms="69.111" />
<exclusive-end id="2833" timestamp="2019-08-08T20:26:01.532" durationms="0.067" />

<exclusive-start id="2834" timestamp="2019-08-08T20:26:01.548" intervalms="16.499">
  <response-info timems="0.048" idlems="0.048" threads="0" lastid="0000000000959F00" lastname="main" />
</exclusive-start>
<concurrent-collection-start id="2835" timestamp="2019-08-08T20:26:01.548" intervalms="70.982" >
  <concurrent-trace-info reason="card cleaning threshold reached" tracedByMutators="5467412" tracedByHelpers="7927580" cardsCleaned="0" workStackOverflowCount="0" />
</concurrent-collection-start>
<gc-start id="2836" type="global" contextid="2832" timestamp="2019-08-08T20:26:01.548">
  <mem-info id="2837" free="1360224" total="42401792" percent="3">
    <mem type="nursery" free="24576" total="23068672" percent="0">
      <mem type="allocate" free="24576" total="20709376" percent="0" />
      <mem type="survivor" free="0" total="2359296" percent="0" />
    </mem>
    <mem type="tenure" free="1335648" total="19333120" percent="6">
      <mem type="soa" free="1143136" total="19140608" percent="5" />
      <mem type="loa" free="192512" total="192512" percent="100" />
    </mem>
    <remembered-set count="133" />
  </mem-info>
</gc-start>
<allocation-stats totalBytes="20606320" >
  <allocated-bytes non-tlh="0" tlh="20606320" />
  <largest-consumer threadName="main" threadId="0000000000959F00" bytes="20606320" />
</allocation-stats>
<gc-op id="2838" type="rs-scan" timems="1.308" contextid="2832" timestamp="2019-08-08T20:26:01.550">
  <scan objectsFound="101" bytesTraced="9316" workStackOverflowCount="0" />
</gc-op>
<gc-op id="2839" type="card-cleaning" timems="1.162" contextid="2832" timestamp="2019-08-08T20:26:01.551">
  <card-cleaning cardsCleaned="0" bytesTraced="11784" workStackOverflowCount="0" />
</gc-op>
<gc-op id="2840" type="mark" timems="8.166" contextid="2832" timestamp="2019-08-08T20:26:01.559">
  <trace-info objectcount="292" scancount="281" scanbytes="8936" />
  <finalization candidates="80" enqueued="0" />
  <ownableSynchronizers candidates="21" cleared="0" />
  <references type="soft" candidates="3261" cleared="0" enqueued="0" dynamicThreshold="2" maxThreshold="32" />
  <references type="weak" candidates="5434" cleared="0" enqueued="0" />
  <references type="phantom" candidates="73" cleared="0" enqueued="0" />
  <stringconstants candidates="13599" cleared="0"  />
</gc-op>
<gc-op id="2841" type="sweep" timems="1.730" contextid="2832" timestamp="2019-08-08T20:26:01.561" />
<mem-info id="2842" free="22036400" total="42401792" percent="51">
  <mem type="nursery" free="20700752" total="23068672" percent="89">
    <mem type="allocate" free="20700752" total="20709376" percent="99" />
    <mem type="survivor" free="0" total="2359296" percent="0" />
  </mem>
  <mem type="tenure" free="1335648" total="19333120" percent="6" micro-fragmented="0" macro-fragmented="0">
    <mem type="soa" free="1143136" total="19140608" percent="5" />
    <mem type="loa" free="192512" total="192512" percent="100" />
  </mem>
  <remembered-set count="133" />
</mem-info>
<gc-op id="2843" type="compact" timems="32.320" contextid="2832" timestamp="2019-08-08T20:26:01.593">
  <compact-info movecount="3" movebytes="1224" reason="compact to aid heap contraction" />
</gc-op>
<heap-resize id="2844" type="expand" space="tenure" amount="65536" count="1" timems="0.016" reason="satisfy allocation request" timestamp="2019-08-08T20:26:01.594" />
<gc-end id="2845" type="global" contextid="2832" durationms="46.205" usertimems="107.022" systemtimems="0.000" timestamp="2019-08-08T20:26:01.595" activeThreads="16">
  <mem-info id="2846" free="22102368" total="42467328" percent="52">
    <mem type="nursery" free="20701184" total="23068672" percent="89">
      <mem type="allocate" free="20701184" total="20709376" percent="99" />
      <mem type="survivor" free="0" total="2359296" percent="0" />
    </mem>
    <mem type="tenure" free="1401184" total="19398656" percent="7">
      <mem type="soa" free="1207648" total="19205120" percent="6" />
      <mem type="loa" free="193536" total="193536" percent="100" />
    </mem>
    <remembered-set count="133" />
  </mem-info>
</gc-end>
<cycle-end id="2847" type="global" contextid="2832" timestamp="2019-08-08T20:26:01.595" />
  <attribute name="elasticGC enabled" value="1" />
  <attribute name= "numThreadsSpecified" value="16" />
  <attribute name="heapSize specified" value="42401792" />
  <attribute name="Current GC Util" value="33" />
  <attribute name= "Current Time Running" value="129012" />
  <attribute name ="GC Interval" value="1969" />
  <attribute name="Target GC Util Change" value ="80.000000" />
  <attribute name="Current GC Util Change" value="33.000000"/>
  <attribute name="Current Error" value="7.000000" />
  <attribute name="Output H" value="42439640"/>
  <attribute name="Output I" value="2008"/>
  <attribute name="Output T" value="16"/>
  <attribute name= "Current Time Running" value="129012" />
  <attribute name="GC Util currently" value="33" />
  <attribute name="CPU Util currently" value="35641301470" />
<concurrent-collection-end id="2848" timestamp="2019-08-08T20:26:01.595" />
<exclusive-end id="2849" timestamp="2019-08-08T20:26:01.595" durationms="46.422" />

<exclusive-start id="2850" timestamp="2019-08-08T20:26:01.599" intervalms="51.170">
  <response-info timems="0.023" idlems="0.023" threads="0" lastid="0000000000959F00" lastname="main" />
</exclusive-start>
<af-start id="2851" threadId="000000000095A888" totalBytesRequested="1168" timestamp="2019-08-08T20:26:01.599" intervalms="327.378" type="nursery" />
<cycle-start id="2852" type="scavenge" contextid="0" timestamp="2019-08-08T20:26:01.599" intervalms="327.382" />
<gc-start id="2853" type="scavenge" contextid="2852" timestamp="2019-08-08T20:26:01.600">
  <mem-info id="2854" free="1401184" total="42467328" percent="3">
    <mem type="nursery" free="0" total="23068672" percent="0">
      <mem type="allocate" free="0" total="20709376" percent="0" />
      <mem type="survivor" free="0" total="2359296" percent="0" />
    </mem>
    <mem type="tenure" free="1401184" total="19398656" percent="7">
      <mem type="soa" free="1207648" total="19205120" percent="6" />
      <mem type="loa" free="193536" total="193536" percent="100" />
    </mem>
    <remembered-set count="133" />
  </mem-info>
</gc-start>
<allocation-stats totalBytes="20630552" >
  <allocated-bytes non-tlh="0" tlh="20630552" />
  <largest-consumer threadName="main" threadId="0000000000959F00" bytes="20630552" />
</allocation-stats>
<gc-op id="2855" type="scavenge" timems="1.939" contextid="2852" timestamp="2019-08-08T20:26:01.602">
  <scavenger-info tenureage="14" tenuremask="4000" tiltratio="89" />
  <memory-copied type="nursery" objects="94" bytes="7024" bytesdiscarded="49040" />
  <ownableSynchronizers candidates="42" cleared="42" />
  <references type="weak" candidates="4" cleared="0" enqueued="0" />
</gc-op>
<gc-end id="2856" type="scavenge" contextid="2852" durationms="2.465" usertimems="3.787" systemtimems="0.000" timestamp="2019-08-08T20:26:01.602" activeThreads="16">
  <mem-info id="2857" free="22054496" total="42467328" percent="51">
    <mem type="nursery" free="20653312" total="23068672" percent="89">
      <mem type="allocate" free="20653312" total="20709376" percent="99" />
      <mem type="survivor" free="0" total="2359296" percent="0" />
    </mem>
    <mem type="tenure" free="1401184" total="19398656" percent="7" macro-fragmented="0">
      <mem type="soa" free="1207648" total="19205120" percent="6" />
      <mem type="loa" free="193536" total="193536" percent="100" />
    </mem>
    <remembered-set count="133" />
  </mem-info>
</gc-end>
<cycle-end id="2858" type="scavenge" contextid="2852" timestamp="2019-08-08T20:26:01.602" />
  <attribute name="elasticGC enabled" value="1" />
  <attribute name= "numThreadsSpecified" value="16" />
  <attribute name="heapSize specified" value="42401792" />
  <attribute name="Current GC Util" value="565" />
  <attribute name= "Current Time Running" value="129019" />
  <attribute name ="GC Interval" value="1729" />
  <attribute name="Target GC Util Change" value ="80.000000" />
  <attribute name="Current GC Util Change" value="565.000000"/>
  <attribute name="Current Error" value="-478.000000" />
  <attribute name="Output H" value="42504896"/>
  <attribute name="Output I" value="1728"/>
  <attribute name="Output T" value="16"/>
  <attribute name= "Current Time Running" value="129019" />
  <attribute name="GC Util currently" value="565" />
  <attribute name="CPU Util currently" value="185147682389" />
<allocation-satisfied id="2859" threadId="0000000000959F00" bytesRequested="1168" />
<af-end id="2860" timestamp="2019-08-08T20:26:01.602" threadId="000000000095A888" success="true" from="nursery"/>
<exclusive-end id="2861" timestamp="2019-08-08T20:26:01.602" durationms="2.767" />

<exclusive-start id="2862" timestamp="2019-08-08T20:26:01.607" intervalms="7.475">
  <response-info timems="0.141" idlems="0.141" threads="0" lastid="0000000000959F00" lastname="main" />
</exclusive-start>
<af-start id="2863" threadId="000000000095A888" totalBytesRequested="1168" timestamp="2019-08-08T20:26:01.607" intervalms="7.476" type="nursery" />
<cycle-start id="2864" type="scavenge" contextid="0" timestamp="2019-08-08T20:26:01.607" intervalms="7.473" />
<gc-start id="2865" type="scavenge" contextid="2864" timestamp="2019-08-08T20:26:01.607">
  <mem-info id="2866" free="1401184" total="42467328" percent="3">
    <mem type="nursery" free="0" total="23068672" percent="0">
      <mem type="allocate" free="0" total="20709376" percent="0" />
      <mem type="survivor" free="0" total="2359296" percent="0" />
    </mem>
    <mem type="tenure" free="1401184" total="19398656" percent="7">
      <mem type="soa" free="1207648" total="19205120" percent="6" />
      <mem type="loa" free="193536" total="193536" percent="100" />
    </mem>
    <remembered-set count="133" />
  </mem-info>
</gc-start>
<allocation-stats totalBytes="20582416" >
  <allocated-bytes non-tlh="1168" tlh="20581248" />
  <largest-consumer threadName="main" threadId="0000000000959F00" bytes="20582416" />
</allocation-stats>
<gc-op id="2867" type="scavenge" timems="1.609" contextid="2864" timestamp="2019-08-08T20:26:01.609">
  <scavenger-info tenureage="3" tenuremask="fff8" tiltratio="89" />
  <memory-copied type="nursery" objects="2" bytes="56" bytesdiscarded="47560" />
  <memory-copied type="tenure" objects="92" bytes="6968" bytesdiscarded="0" />
</gc-op>
<heap-resize id="2868" type="expand" space="nursery" amount="3538944" count="1" timems="0.047" reason="excessive time being spent scavenging" timestamp="2019-08-08T20:26:01.609" />
<gc-end id="2869" type="scavenge" contextid="2864" durationms="2.374" usertimems="5.751" systemtimems="0.000" timestamp="2019-08-08T20:26:01.609" activeThreads="16">
  <mem-info id="2870" free="25160288" total="46006272" percent="54">
    <mem type="nursery" free="23807488" total="26607616" percent="89">
      <mem type="allocate" free="23807488" total="23855104" percent="99" />
      <mem type="survivor" free="0" total="2752512" percent="0" />
    </mem>
    <mem type="tenure" free="1352800" total="19398656" percent="6" macro-fragmented="868149">
      <mem type="soa" free="1159264" total="19205120" percent="6" />
      <mem type="loa" free="193536" total="193536" percent="100" />
    </mem>
    <remembered-set count="120" />
  </mem-info>
</gc-end>
<cycle-end id="2871" type="scavenge" contextid="2864" timestamp="2019-08-08T20:26:01.609" />
  <attribute name="elasticGC enabled" value="1" />
  <attribute name= "numThreadsSpecified" value="16" />
  <attribute name="heapSize specified" value="42401792" />
  <attribute name="Current GC Util" value="50" />
  <attribute name= "Current Time Running" value="129026" />
  <attribute name ="GC Interval" value="1745" />
  <attribute name="Target GC Util Change" value ="80.000000" />
  <attribute name="Current GC Util Change" value="50.000000"/>
  <attribute name="Current Error" value="-448.000000" />
  <attribute name="Output H" value="42504912"/>
  <attribute name="Output I" value="1744"/>
  <attribute name="Output T" value="16"/>
  <attribute name= "Current Time Running" value="129026" />
  <attribute name="GC Util currently" value="50" />
  <attribute name="CPU Util currently" value="155212237751" />
<allocation-satisfied id="2872" threadId="0000000000959F00" bytesRequested="1168" />
<af-end id="2873" timestamp="2019-08-08T20:26:01.610" threadId="000000000095A888" success="true" from="nursery"/>
<exclusive-end id="2874" timestamp="2019-08-08T20:26:01.610" durationms="2.709" />

<exclusive-start id="2875" timestamp="2019-08-08T20:26:01.617" intervalms="10.527">
  <response-info timems="0.125" idlems="0.125" threads="0" lastid="0000000000959F00" lastname="main" />
</exclusive-start>
<af-start id="2876" threadId="000000000095A888" totalBytesRequested="1168" timestamp="2019-08-08T20:26:01.617" intervalms="10.532" type="nursery" />
<cycle-start id="2877" type="scavenge" contextid="0" timestamp="2019-08-08T20:26:01.617" intervalms="10.541" />
<gc-start id="2878" type="scavenge" contextid="2877" timestamp="2019-08-08T20:26:01.618">
  <mem-info id="2879" free="1352800" total="46006272" percent="2">
    <mem type="nursery" free="0" total="26607616" percent="0">
      <mem type="allocate" free="0" total="23855104" percent="0" />
      <mem type="survivor" free="0" total="2752512" percent="0" />
    </mem>
    <mem type="tenure" free="1352800" total="19398656" percent="6">
      <mem type="soa" free="1159264" total="19205120" percent="6" />
      <mem type="loa" free="193536" total="193536" percent="100" />
    </mem>
    <remembered-set count="120" />
  </mem-info>
</gc-start>
<allocation-stats totalBytes="23725240" >
  <allocated-bytes non-tlh="1168" tlh="23724072" />
  <largest-consumer threadName="main" threadId="0000000000959F00" bytes="23725240" />
</allocation-stats>
<gc-op id="2880" type="scavenge" timems="1.351" contextid="2877" timestamp="2019-08-08T20:26:01.619">
  <scavenger-info tenureage="3" tenuremask="ff38" tiltratio="89" />
  <memory-copied type="nursery" objects="2" bytes="56" bytesdiscarded="32200" />
</gc-op>
<heap-resize id="2881" type="expand" space="nursery" amount="1179648" count="1" timems="0.027" reason="excessive time being spent scavenging" timestamp="2019-08-08T20:26:01.619" />
<gc-end id="2882" type="scavenge" contextid="2877" durationms="2.063" usertimems="4.342" systemtimems="0.000" timestamp="2019-08-08T20:26:01.620" activeThreads="16">
  <mem-info id="2883" free="26289760" total="47185920" percent="55">
    <mem type="nursery" free="24936960" total="27787264" percent="89">
      <mem type="allocate" free="24936960" total="24969216" percent="99" />
      <mem type="survivor" free="0" total="2818048" percent="0" />
    </mem>
    <mem type="tenure" free="1352800" total="19398656" percent="6" macro-fragmented="418667">
      <mem type="soa" free="1159264" total="19205120" percent="6" />
      <mem type="loa" free="193536" total="193536" percent="100" />
    </mem>
    <remembered-set count="120" />
  </mem-info>
</gc-end>
<cycle-end id="2884" type="scavenge" contextid="2877" timestamp="2019-08-08T20:26:01.620" />
  <attribute name="elasticGC enabled" value="1" />
  <attribute name= "numThreadsSpecified" value="16" />
  <attribute name="heapSize specified" value="42401792" />
  <attribute name="Current GC Util" value="33" />
  <attribute name= "Current Time Running" value="129037" />
  <attribute name ="GC Interval" value="1777" />
  <attribute name="Target GC Util Change" value ="80.000000" />
  <attribute name="Current GC Util Change" value="33.000000"/>
  <attribute name="Current Error" value="-401.000000" />
  <attribute name="Output H" value="46043888"/>
  <attribute name="Output I" value="1776"/>
  <attribute name="Output T" value="16"/>
  <attribute name= "Current Time Running" value="129037" />
  <attribute name="GC Util currently" value="33" />
  <attribute name="CPU Util currently" value="107790116458" />
<allocation-satisfied id="2885" threadId="0000000000959F00" bytesRequested="1168" />
<af-end id="2886" timestamp="2019-08-08T20:26:01.620" threadId="000000000095A888" success="true" from="nursery"/>
<exclusive-end id="2887" timestamp="2019-08-08T20:26:01.620" durationms="2.403" />

<exclusive-start id="2888" timestamp="2019-08-08T20:26:01.629" intervalms="11.180">
  <response-info timems="0.053" idlems="0.053" threads="0" lastid="0000000000959F00" lastname="main" />
</exclusive-start>
<af-start id="2889" threadId="000000000095A888" totalBytesRequested="1168" timestamp="2019-08-08T20:26:01.629" intervalms="11.178" type="nursery" />
<cycle-start id="2890" type="scavenge" contextid="0" timestamp="2019-08-08T20:26:01.629" intervalms="11.177" />
<gc-start id="2891" type="scavenge" contextid="2890" timestamp="2019-08-08T20:26:01.629">
  <mem-info id="2892" free="1352800" total="47185920" percent="2">
    <mem type="nursery" free="0" total="27787264" percent="0">
      <mem type="allocate" free="0" total="24969216" percent="0" />
      <mem type="survivor" free="0" total="2818048" percent="0" />
    </mem>
    <mem type="tenure" free="1352800" total="19398656" percent="6">
      <mem type="soa" free="1159264" total="19205120" percent="6" />
      <mem type="loa" free="193536" total="193536" percent="100" />
    </mem>
    <remembered-set count="120" />
  </mem-info>
</gc-start>
<allocation-stats totalBytes="24851720" >
  <allocated-bytes non-tlh="1168" tlh="24850552" />
  <largest-consumer threadName="main" threadId="0000000000959F00" bytes="24851720" />
</allocation-stats>
<gc-op id="2893" type="scavenge" timems="1.318" contextid="2890" timestamp="2019-08-08T20:26:01.630">
  <scavenger-info tenureage="3" tenuremask="fff8" tiltratio="89" />
  <memory-copied type="nursery" objects="2" bytes="56" bytesdiscarded="16072" />
</gc-op>
<heap-resize id="2894" type="expand" space="nursery" amount="1179648" count="1" timems="0.022" reason="excessive time being spent scavenging" timestamp="2019-08-08T20:26:01.630" />
<gc-end id="2895" type="scavenge" contextid="2890" durationms="1.909" usertimems="4.886" systemtimems="0.000" timestamp="2019-08-08T20:26:01.631" activeThreads="16">
  <mem-info id="2896" free="27354464" total="48365568" percent="56">
    <mem type="nursery" free="26001664" total="28966912" percent="89">
      <mem type="allocate" free="26001664" total="26017792" percent="99" />
      <mem type="survivor" free="0" total="2949120" percent="0" />
    </mem>
    <mem type="tenure" free="1352800" total="19398656" percent="6" macro-fragmented="868149">
      <mem type="soa" free="1159264" total="19205120" percent="6" />
      <mem type="loa" free="193536" total="193536" percent="100" />
    </mem>
    <remembered-set count="120" />
  </mem-info>
</gc-end>
<cycle-end id="2897" type="scavenge" contextid="2890" timestamp="2019-08-08T20:26:01.631" />
  <attribute name="elasticGC enabled" value="1" />
  <attribute name= "numThreadsSpecified" value="16" />
  <attribute name="heapSize specified" value="42401792" />
  <attribute name="Current GC Util" value="25" />
  <attribute name= "Current Time Running" value="129048" />
  <attribute name ="GC Interval" value="1809" />
  <attribute name="Target GC Util Change" value ="80.000000" />
  <attribute name="Current GC Util Change" value="25.000000"/>
  <attribute name="Current Error" value="-346.000000" />
  <attribute name="Output H" value="47223568"/>
  <attribute name="Output I" value="1808"/>
  <attribute name="Output T" value="16"/>
  <attribute name= "Current Time Running" value="129048" />
  <attribute name="GC Util currently" value="25" />
  <attribute name="CPU Util currently" value="103915030546" />
<allocation-satisfied id="2898" threadId="0000000000959F00" bytesRequested="1168" />
<af-end id="2899" timestamp="2019-08-08T20:26:01.631" threadId="000000000095A888" success="true" from="nursery"/>
<exclusive-end id="2900" timestamp="2019-08-08T20:26:01.631" durationms="2.183" />

<exclusive-start id="2901" timestamp="2019-08-08T20:26:01.639" intervalms="10.589">
  <response-info timems="0.222" idlems="0.222" threads="0" lastid="0000000000959F00" lastname="main" />
</exclusive-start>
<af-start id="2902" threadId="000000000095A888" totalBytesRequested="1168" timestamp="2019-08-08T20:26:01.639" intervalms="10.587" type="nursery" />
<cycle-start id="2903" type="scavenge" contextid="0" timestamp="2019-08-08T20:26:01.639" intervalms="10.584" />
<gc-start id="2904" type="scavenge" contextid="2903" timestamp="2019-08-08T20:26:01.639">
  <mem-info id="2905" free="1352800" total="48365568" percent="2">
    <mem type="nursery" free="0" total="28966912" percent="0">
      <mem type="allocate" free="0" total="26017792" percent="0" />
      <mem type="survivor" free="0" total="2949120" percent="0" />
    </mem>
    <mem type="tenure" free="1352800" total="19398656" percent="6">
      <mem type="soa" free="1159264" total="19205120" percent="6" />
      <mem type="loa" free="193536" total="193536" percent="100" />
    </mem>
    <remembered-set count="120" />
  </mem-info>
</gc-start>
<allocation-stats totalBytes="25912904" >
  <allocated-bytes non-tlh="1168" tlh="25911736" />
  <largest-consumer threadName="main" threadId="0000000000959F00" bytes="25912904" />
</allocation-stats>
<gc-op id="2906" type="scavenge" timems="1.563" contextid="2903" timestamp="2019-08-08T20:26:01.641">
  <scavenger-info tenureage="3" tenuremask="fff8" tiltratio="89" />
  <memory-copied type="nursery" objects="2" bytes="56" bytesdiscarded="16072" />
</gc-op>
<heap-resize id="2907" type="expand" space="nursery" amount="1310720" count="1" timems="0.031" reason="excessive time being spent scavenging" timestamp="2019-08-08T20:26:01.641" />
<gc-end id="2908" type="scavenge" contextid="2903" durationms="2.062" usertimems="4.603" systemtimems="0.000" timestamp="2019-08-08T20:26:01.641" activeThreads="16">
  <mem-info id="2909" free="28534112" total="49676288" percent="57">
    <mem type="nursery" free="27181312" total="30277632" percent="89">
      <mem type="allocate" free="27181312" total="27197440" percent="99" />
      <mem type="survivor" free="0" total="3080192" percent="0" />
    </mem>
    <mem type="tenure" free="1352800" total="19398656" percent="6" macro-fragmented="418667">
      <mem type="soa" free="1159264" total="19205120" percent="6" />
      <mem type="loa" free="193536" total="193536" percent="100" />
    </mem>
    <remembered-set count="120" />
  </mem-info>
</gc-end>
<cycle-end id="2910" type="scavenge" contextid="2903" timestamp="2019-08-08T20:26:01.641" />
  <attribute name="elasticGC enabled" value="1" />
  <attribute name= "numThreadsSpecified" value="16" />
  <attribute name="heapSize specified" value="42401792" />
  <attribute name="Current GC Util" value="26" />
  <attribute name= "Current Time Running" value="129058" />
  <attribute name ="GC Interval" value="2033" />
  <attribute name="Target GC Util Change" value ="80.000000" />
  <attribute name="Current GC Util Change" value="26.000000"/>
  <attribute name="Current Error" value="54.000000" />
  <attribute name="Output H" value="48403440"/>
  <attribute name="Output I" value="2032"/>
  <attribute name="Output T" value="16"/>
  <attribute name= "Current Time Running" value="129058" />
  <attribute name="GC Util currently" value="26" />
  <attribute name="CPU Util currently" value="109341830092" />
<allocation-satisfied id="2911" threadId="0000000000959F00" bytesRequested="1168" />
<af-end id="2912" timestamp="2019-08-08T20:26:01.641" threadId="000000000095A888" success="true" from="nursery"/>
<exclusive-end id="2913" timestamp="2019-08-08T20:26:01.641" durationms="2.310" />

<exclusive-start id="2914" timestamp="2019-08-08T20:26:01.649" intervalms="10.103">
  <response-info timems="0.053" idlems="0.053" threads="0" lastid="0000000000959F00" lastname="main" />
</exclusive-start>
<af-start id="2915" threadId="000000000095A888" totalBytesRequested="1168" timestamp="2019-08-08T20:26:01.649" intervalms="10.106" type="nursery" />
<cycle-start id="2916" type="scavenge" contextid="0" timestamp="2019-08-08T20:26:01.649" intervalms="10.105" />
<gc-start id="2917" type="scavenge" contextid="2916" timestamp="2019-08-08T20:26:01.649">
  <mem-info id="2918" free="1352800" total="49676288" percent="2">
    <mem type="nursery" free="0" total="30277632" percent="0">
      <mem type="allocate" free="0" total="27197440" percent="0" />
      <mem type="survivor" free="0" total="3080192" percent="0" />
    </mem>
    <mem type="tenure" free="1352800" total="19398656" percent="6">
      <mem type="soa" free="1159264" total="19205120" percent="6" />
      <mem type="loa" free="193536" total="193536" percent="100" />
    </mem>
    <remembered-set count="120" />
  </mem-info>
</gc-start>
<allocation-stats totalBytes="27088664" >
  <allocated-bytes non-tlh="1168" tlh="27087496" />
  <largest-consumer threadName="main" threadId="0000000000959F00" bytes="27088664" />
</allocation-stats>
<gc-op id="2919" type="scavenge" timems="1.221" contextid="2916" timestamp="2019-08-08T20:26:01.651">
  <scavenger-info tenureage="3" tenuremask="fff8" tiltratio="89" />
  <memory-copied type="nursery" objects="2" bytes="56" bytesdiscarded="32200" />
</gc-op>
<heap-resize id="2920" type="expand" space="nursery" amount="1572864" count="1" timems="0.032" reason="excessive time being spent scavenging" timestamp="2019-08-08T20:26:01.651" />
<gc-end id="2921" type="scavenge" contextid="2916" durationms="1.872" usertimems="5.006" systemtimems="0.000" timestamp="2019-08-08T20:26:01.651" activeThreads="16">
  <mem-info id="2922" free="29894240" total="51249152" percent="58">
    <mem type="nursery" free="28541440" total="31850496" percent="89">
      <mem type="allocate" free="28541440" total="28573696" percent="99" />
      <mem type="survivor" free="0" total="3276800" percent="0" />
    </mem>
    <mem type="tenure" free="1352800" total="19398656" percent="6" macro-fragmented="0">
      <mem type="soa" free="1159264" total="19205120" percent="6" />
      <mem type="loa" free="193536" total="193536" percent="100" />
    </mem>
    <remembered-set count="120" />
  </mem-info>
</gc-end>
<cycle-end id="2923" type="scavenge" contextid="2916" timestamp="2019-08-08T20:26:01.651" />
  <attribute name="elasticGC enabled" value="1" />
  <attribute name= "numThreadsSpecified" value="16" />
  <attribute name="heapSize specified" value="42401792" />
  <attribute name="Current GC Util" value="26" />
  <attribute name= "Current Time Running" value="129069" />
  <attribute name ="GC Interval" value="2065" />
  <attribute name="Target GC Util Change" value ="80.000000" />
  <attribute name="Current GC Util Change" value="26.000000"/>
  <attribute name="Current Error" value="108.000000" />
  <attribute name="Output H" value="49714192"/>
  <attribute name="Output I" value="2064"/>
  <attribute name="Output T" value="16"/>
  <attribute name= "Current Time Running" value="129069" />
  <attribute name="GC Util currently" value="26" />
  <attribute name="CPU Util currently" value="114143102503" />
<allocation-satisfied id="2924" threadId="0000000000959F00" bytesRequested="1168" />
<af-end id="2925" timestamp="2019-08-08T20:26:01.651" threadId="000000000095A888" success="true" from="nursery"/>
<exclusive-end id="2926" timestamp="2019-08-08T20:26:01.651" durationms="2.188" />

<exclusive-start id="2927" timestamp="2019-08-08T20:26:01.658" intervalms="8.523">
  <response-info timems="0.049" idlems="0.049" threads="0" lastid="0000000000959F00" lastname="main" />
</exclusive-start>
<af-start id="2928" threadId="000000000095A888" totalBytesRequested="1168" timestamp="2019-08-08T20:26:01.658" intervalms="8.567" type="nursery" />
<cycle-start id="2929" type="scavenge" contextid="0" timestamp="2019-08-08T20:26:01.658" intervalms="8.564" />
<gc-start id="2930" type="scavenge" contextid="2929" timestamp="2019-08-08T20:26:01.658">
  <mem-info id="2931" free="1352800" total="51249152" percent="2">
    <mem type="nursery" free="0" total="31850496" percent="0">
      <mem type="allocate" free="0" total="28573696" percent="0" />
      <mem type="survivor" free="0" total="3276800" percent="0" />
    </mem>
    <mem type="tenure" free="1352800" total="19398656" percent="6">
      <mem type="soa" free="1159264" total="19205120" percent="6" />
      <mem type="loa" free="193536" total="193536" percent="100" />
    </mem>
    <remembered-set count="120" />
  </mem-info>
</gc-start>
<allocation-stats totalBytes="28444416" >
  <allocated-bytes non-tlh="1168" tlh="28443248" />
  <largest-consumer threadName="main" threadId="0000000000959F00" bytes="28444416" />
</allocation-stats>
<gc-op id="2932" type="scavenge" timems="1.518" contextid="2929" timestamp="2019-08-08T20:26:01.660">
  <scavenger-info tenureage="3" tenuremask="fff8" tiltratio="89" />
  <memory-copied type="nursery" objects="2" bytes="56" bytesdiscarded="16072" />
</gc-op>
<heap-resize id="2933" type="expand" space="nursery" amount="1835008" count="1" timems="0.041" reason="excessive time being spent scavenging" timestamp="2019-08-08T20:26:01.660" />
<gc-end id="2934" type="scavenge" contextid="2929" durationms="1.853" usertimems="4.888" systemtimems="0.000" timestamp="2019-08-08T20:26:01.660" activeThreads="16">
  <mem-info id="2935" free="31614304" total="53084160" percent="59">
    <mem type="nursery" free="30261504" total="33685504" percent="89">
      <mem type="allocate" free="30261504" total="30277632" percent="99" />
      <mem type="survivor" free="0" total="3407872" percent="0" />
    </mem>
    <mem type="tenure" free="1352800" total="19398656" percent="6" macro-fragmented="9100">
      <mem type="soa" free="1159264" total="19205120" percent="6" />
      <mem type="loa" free="193536" total="193536" percent="100" />
    </mem>
    <remembered-set count="120" />
  </mem-info>
</gc-end>
<cycle-end id="2936" type="scavenge" contextid="2929" timestamp="2019-08-08T20:26:01.660" />
  <attribute name="elasticGC enabled" value="1" />
  <attribute name= "numThreadsSpecified" value="16" />
  <attribute name="heapSize specified" value="42401792" />
  <attribute name="Current GC Util" value="34" />
  <attribute name= "Current Time Running" value="129077" />
  <attribute name ="GC Interval" value="2089" />
  <attribute name="Target GC Util Change" value ="80.000000" />
  <attribute name="Current GC Util Change" value="34.000000"/>
  <attribute name="Current Error" value="154.000000" />
  <attribute name="Output H" value="51287080"/>
  <attribute name="Output I" value="2088"/>
  <attribute name="Output T" value="16"/>
  <attribute name= "Current Time Running" value="129077" />
  <attribute name="GC Util currently" value="34" />
  <attribute name="CPU Util currently" value="134789549569" />
<allocation-satisfied id="2937" threadId="0000000000959F00" bytesRequested="1168" />
<af-end id="2938" timestamp="2019-08-08T20:26:01.660" threadId="000000000095A888" success="true" from="nursery"/>
<exclusive-end id="2939" timestamp="2019-08-08T20:26:01.660" durationms="2.183" />

<exclusive-start id="2940" timestamp="2019-08-08T20:26:01.667" intervalms="9.583">
  <response-info timems="0.057" idlems="0.057" threads="0" lastid="0000000000959F00" lastname="main" />
</exclusive-start>
<af-start id="2941" threadId="000000000095A888" totalBytesRequested="1168" timestamp="2019-08-08T20:26:01.667" intervalms="9.526" type="nursery" />
<cycle-start id="2942" type="scavenge" contextid="0" timestamp="2019-08-08T20:26:01.667" intervalms="9.524" />
<gc-start id="2943" type="scavenge" contextid="2942" timestamp="2019-08-08T20:26:01.668">
  <mem-info id="2944" free="1352800" total="53084160" percent="2">
    <mem type="nursery" free="0" total="33685504" percent="0">
      <mem type="allocate" free="0" total="30277632" percent="0" />
      <mem type="survivor" free="0" total="3407872" percent="0" />
    </mem>
    <mem type="tenure" free="1352800" total="19398656" percent="6">
      <mem type="soa" free="1159264" total="19205120" percent="6" />
      <mem type="loa" free="193536" total="193536" percent="100" />
    </mem>
    <remembered-set count="120" />
  </mem-info>
</gc-start>
<allocation-stats totalBytes="30158776" >
  <allocated-bytes non-tlh="1168" tlh="30157608" />
  <largest-consumer threadName="main" threadId="0000000000959F00" bytes="30158776" />
</allocation-stats>
<gc-op id="2945" type="scavenge" timems="1.584" contextid="2942" timestamp="2019-08-08T20:26:01.669">
  <scavenger-info tenureage="3" tenuremask="fff8" tiltratio="89" />
  <memory-copied type="nursery" objects="2" bytes="56" bytesdiscarded="16072" />
</gc-op>
<heap-resize id="2946" type="expand" space="nursery" amount="1703936" count="1" timems="0.021" reason="excessive time being spent scavenging" timestamp="2019-08-08T20:26:01.669" />
<gc-end id="2947" type="scavenge" contextid="2942" durationms="1.945" usertimems="5.405" systemtimems="0.000" timestamp="2019-08-08T20:26:01.669" activeThreads="16">
  <mem-info id="2948" free="33121632" total="54788096" percent="60">
    <mem type="nursery" free="31768832" total="35389440" percent="89">
      <mem type="allocate" free="31768832" total="31784960" percent="99" />
      <mem type="survivor" free="0" total="3604480" percent="0" />
    </mem>
    <mem type="tenure" free="1352800" total="19398656" percent="6" macro-fragmented="3657">
      <mem type="soa" free="1159264" total="19205120" percent="6" />
      <mem type="loa" free="193536" total="193536" percent="100" />
    </mem>
    <remembered-set count="120" />
  </mem-info>
</gc-end>
<cycle-end id="2949" type="scavenge" contextid="2942" timestamp="2019-08-08T20:26:01.670" />
  <attribute name="elasticGC enabled" value="1" />
  <attribute name= "numThreadsSpecified" value="16" />
  <attribute name="heapSize specified" value="42401792" />
  <attribute name="Current GC Util" value="31" />
  <attribute name= "Current Time Running" value="129087" />
  <attribute name ="GC Interval" value="2121" />
  <attribute name="Target GC Util Change" value ="80.000000" />
  <attribute name="Current GC Util Change" value="31.000000"/>
  <attribute name="Current Error" value="203.000000" />
  <attribute name="Output H" value="53122120"/>
  <attribute name="Output I" value="2120"/>
  <attribute name="Output T" value="16"/>
  <attribute name= "Current Time Running" value="129087" />
  <attribute name="GC Util currently" value="31" />
  <attribute name="CPU Util currently" value="121001671227" />
<allocation-satisfied id="2950" threadId="0000000000959F00" bytesRequested="1168" />
<af-end id="2951" timestamp="2019-08-08T20:26:01.670" threadId="000000000095A888" success="true" from="nursery"/>
<exclusive-end id="2952" timestamp="2019-08-08T20:26:01.670" durationms="2.236" />

<exclusive-start id="2953" timestamp="2019-08-08T20:26:01.677" intervalms="9.322">
  <response-info timems="0.049" idlems="0.049" threads="0" lastid="0000000000959F00" lastname="main" />
</exclusive-start>
<af-start id="2954" threadId="000000000095A888" totalBytesRequested="1168" timestamp="2019-08-08T20:26:01.677" intervalms="9.326" type="nursery" />
<cycle-start id="2955" type="scavenge" contextid="0" timestamp="2019-08-08T20:26:01.677" intervalms="9.371" />
<gc-start id="2956" type="scavenge" contextid="2955" timestamp="2019-08-08T20:26:01.677">
  <mem-info id="2957" free="1352800" total="54788096" percent="2">
    <mem type="nursery" free="0" total="35389440" percent="0">
      <mem type="allocate" free="0" total="31784960" percent="0" />
      <mem type="survivor" free="0" total="3604480" percent="0" />
    </mem>
    <mem type="tenure" free="1352800" total="19398656" percent="6">
      <mem type="soa" free="1159264" total="19205120" percent="6" />
      <mem type="loa" free="193536" total="193536" percent="100" />
    </mem>
    <remembered-set count="120" />
  </mem-info>
</gc-start>
<allocation-stats totalBytes="31661184" >
  <allocated-bytes non-tlh="1168" tlh="31660016" />
  <largest-consumer threadName="main" threadId="0000000000959F00" bytes="31661184" />
</allocation-stats>
<gc-op id="2958" type="scavenge" timems="1.528" contextid="2955" timestamp="2019-08-08T20:26:01.678">
  <scavenger-info tenureage="3" tenuremask="fff8" tiltratio="89" />
  <memory-copied type="nursery" objects="2" bytes="56" bytesdiscarded="32200" />
</gc-op>
<heap-resize id="2959" type="expand" space="nursery" amount="1703936" count="1" timems="0.015" reason="excessive time being spent scavenging" timestamp="2019-08-08T20:26:01.678" />
<gc-end id="2960" type="scavenge" contextid="2955" durationms="1.771" usertimems="3.956" systemtimems="0.000" timestamp="2019-08-08T20:26:01.679" activeThreads="16">
  <mem-info id="2961" free="34678368" total="56492032" percent="61">
    <mem type="nursery" free="33325568" total="37093376" percent="89">
      <mem type="allocate" free="33325568" total="33357824" percent="99" />
      <mem type="survivor" free="0" total="3735552" percent="0" />
    </mem>
    <mem type="tenure" free="1352800" total="19398656" percent="6" macro-fragmented="868149">
      <mem type="soa" free="1159264" total="19205120" percent="6" />
      <mem type="loa" free="193536" total="193536" percent="100" />
    </mem>
    <remembered-set count="120" />
  </mem-info>
</gc-end>
<cycle-end id="2962" type="scavenge" contextid="2955" timestamp="2019-08-08T20:26:01.679" />
  <attribute name="elasticGC enabled" value="1" />
  <attribute name= "numThreadsSpecified" value="16" />
  <attribute name="heapSize specified" value="42401792" />
  <attribute name="Current GC Util" value="38" />
  <attribute name= "Current Time Running" value="129096" />
  <attribute name ="GC Interval" value="2145" />
  <attribute name="Target GC Util Change" value ="80.000000" />
  <attribute name="Current GC Util Change" value="38.000000"/>
  <attribute name="Current Error" value="245.000000" />
  <attribute name="Output H" value="54826080"/>
  <attribute name="Output I" value="2144"/>
  <attribute name="Output T" value="16"/>
  <attribute name= "Current Time Running" value="129096" />
  <attribute name="GC Util currently" value="38" />
  <attribute name="CPU Util currently" value="123486501163" />
<allocation-satisfied id="2963" threadId="0000000000959F00" bytesRequested="1168" />
<af-end id="2964" timestamp="2019-08-08T20:26:01.679" threadId="000000000095A888" success="true" from="nursery"/>
<exclusive-end id="2965" timestamp="2019-08-08T20:26:01.679" durationms="2.046" />

<exclusive-start id="2966" timestamp="2019-08-08T20:26:01.687" intervalms="10.186">
  <response-info timems="0.104" idlems="0.104" threads="0" lastid="0000000000959F00" lastname="main" />
</exclusive-start>
<af-start id="2967" threadId="000000000095A888" totalBytesRequested="1168" timestamp="2019-08-08T20:26:01.687" intervalms="10.184" type="nursery" />
<cycle-start id="2968" type="scavenge" contextid="0" timestamp="2019-08-08T20:26:01.687" intervalms="10.138" />
<gc-start id="2969" type="scavenge" contextid="2968" timestamp="2019-08-08T20:26:01.687">
  <mem-info id="2970" free="1352800" total="56492032" percent="2">
    <mem type="nursery" free="0" total="37093376" percent="0">
      <mem type="allocate" free="0" total="33357824" percent="0" />
      <mem type="survivor" free="0" total="3735552" percent="0" />
    </mem>
    <mem type="tenure" free="1352800" total="19398656" percent="6">
      <mem type="soa" free="1159264" total="19205120" percent="6" />
      <mem type="loa" free="193536" total="193536" percent="100" />
    </mem>
    <remembered-set count="120" />
  </mem-info>
</gc-start>
<allocation-stats totalBytes="33212872" >
  <allocated-bytes non-tlh="1168" tlh="33211704" />
  <largest-consumer threadName="main" threadId="0000000000959F00" bytes="33212872" />
</allocation-stats>
<gc-op id="2971" type="scavenge" timems="3.334" contextid="2968" timestamp="2019-08-08T20:26:01.690">
  <scavenger-info tenureage="3" tenuremask="fff8" tiltratio="89" />
  <memory-copied type="nursery" objects="2" bytes="56" bytesdiscarded="32200" />
</gc-op>
<heap-resize id="2972" type="expand" space="nursery" amount="4849664" count="1" timems="0.027" reason="excessive time being spent scavenging" timestamp="2019-08-08T20:26:01.690" />
<gc-end id="2973" type="scavenge" contextid="2968" durationms="3.668" usertimems="9.472" systemtimems="0.000" timestamp="2019-08-08T20:26:01.691" activeThreads="16">
  <mem-info id="2974" free="39003744" total="61341696" percent="63">
    <mem type="nursery" free="37650944" total="41943040" percent="89">
      <mem type="allocate" free="37650944" total="37683200" percent="99" />
      <mem type="survivor" free="0" total="4259840" percent="0" />
    </mem>
    <mem type="tenure" free="1352800" total="19398656" percent="6" macro-fragmented="0">
      <mem type="soa" free="1159264" total="19205120" percent="6" />
      <mem type="loa" free="193536" total="193536" percent="100" />
    </mem>
    <remembered-set count="120" />
  </mem-info>
</gc-end>
<cycle-end id="2975" type="scavenge" contextid="2968" timestamp="2019-08-08T20:26:01.691" />
  <attribute name="elasticGC enabled" value="1" />
  <attribute name= "numThreadsSpecified" value="16" />
  <attribute name="heapSize specified" value="42401792" />
  <attribute name="Current GC Util" value="29" />
  <attribute name= "Current Time Running" value="129106" />
  <attribute name ="GC Interval" value="2177" />
  <attribute name="Target GC Util Change" value ="80.000000" />
  <attribute name="Current GC Util Change" value="29.000000"/>
  <attribute name="Current Error" value="296.000000" />
  <attribute name="Output H" value="56530048"/>
  <attribute name="Output I" value="2176"/>
  <attribute name="Output T" value="16"/>
  <attribute name= "Current Time Running" value="129106" />
  <attribute name="GC Util currently" value="29" />
  <attribute name="CPU Util currently" value="113558651341" />
<allocation-satisfied id="2976" threadId="0000000000959F00" bytesRequested="1168" />
<af-end id="2977" timestamp="2019-08-08T20:26:01.691" threadId="000000000095A888" success="true" from="nursery"/>
<exclusive-end id="2978" timestamp="2019-08-08T20:26:01.691" durationms="4.186" />

<exclusive-start id="2979" timestamp="2019-08-08T20:26:01.701" intervalms="14.464">
  <response-info timems="0.130" idlems="0.130" threads="0" lastid="0000000000959F00" lastname="main" />
</exclusive-start>
<af-start id="2980" threadId="000000000095A888" totalBytesRequested="1168" timestamp="2019-08-08T20:26:01.701" intervalms="14.474" type="nursery" />
<cycle-start id="2981" type="scavenge" contextid="0" timestamp="2019-08-08T20:26:01.701" intervalms="14.478" />
<gc-start id="2982" type="scavenge" contextid="2981" timestamp="2019-08-08T20:26:01.702">
  <mem-info id="2983" free="1352800" total="61341696" percent="2">
    <mem type="nursery" free="0" total="41943040" percent="0">
      <mem type="allocate" free="0" total="37683200" percent="0" />
      <mem type="survivor" free="0" total="4259840" percent="0" />
    </mem>
    <mem type="tenure" free="1352800" total="19398656" percent="6">
      <mem type="soa" free="1159264" total="19205120" percent="6" />
      <mem type="loa" free="193536" total="193536" percent="100" />
    </mem>
    <remembered-set count="120" />
  </mem-info>
</gc-start>
<allocation-stats totalBytes="37524088" >
  <allocated-bytes non-tlh="1168" tlh="37522920" />
  <largest-consumer threadName="main" threadId="0000000000959F00" bytes="37524088" />
</allocation-stats>
<gc-op id="2984" type="scavenge" timems="1.869" contextid="2981" timestamp="2019-08-08T20:26:01.703">
  <scavenger-info tenureage="3" tenuremask="fff8" tiltratio="89" />
  <memory-copied type="nursery" objects="2" bytes="56" bytesdiscarded="16072" />
</gc-op>
<heap-resize id="2985" type="expand" space="nursery" amount="3014656" count="1" timems="0.019" reason="excessive time being spent scavenging" timestamp="2019-08-08T20:26:01.703" />
<gc-end id="2986" type="scavenge" contextid="2981" durationms="2.238" usertimems="4.990" systemtimems="0.000" timestamp="2019-08-08T20:26:01.704" activeThreads="16">
  <mem-info id="2987" free="41772384" total="64356352" percent="64">
    <mem type="nursery" free="40419584" total="44957696" percent="89">
      <mem type="allocate" free="40419584" total="40435712" percent="99" />
      <mem type="survivor" free="0" total="4521984" percent="0" />
    </mem>
    <mem type="tenure" free="1352800" total="19398656" percent="6" macro-fragmented="3047">
      <mem type="soa" free="1159264" total="19205120" percent="6" />
      <mem type="loa" free="193536" total="193536" percent="100" />
    </mem>
    <remembered-set count="120" />
  </mem-info>
</gc-end>
<cycle-end id="2988" type="scavenge" contextid="2981" timestamp="2019-08-08T20:26:01.704" />
  <attribute name="elasticGC enabled" value="1" />
  <attribute name= "numThreadsSpecified" value="16" />
  <attribute name="heapSize specified" value="42401792" />
  <attribute name="Current GC Util" value="47" />
  <attribute name= "Current Time Running" value="129121" />
  <attribute name ="GC Interval" value="2025" />
  <attribute name="Target GC Util Change" value ="80.000000" />
  <attribute name="Current GC Util Change" value="47.000000"/>
  <attribute name="Current Error" value="33.000000" />
  <attribute name="Output H" value="61379560"/>
  <attribute name="Output I" value="2024"/>
  <attribute name="Output T" value="16"/>
  <attribute name= "Current Time Running" value="129121" />
  <attribute name="GC Util currently" value="47" />
  <attribute name="CPU Util currently" value="79515746383" />
<allocation-satisfied id="2989" threadId="0000000000959F00" bytesRequested="1168" />
<af-end id="2990" timestamp="2019-08-08T20:26:01.704" threadId="000000000095A888" success="true" from="nursery"/>
<exclusive-end id="2991" timestamp="2019-08-08T20:26:01.704" durationms="2.636" />

<exclusive-start id="2992" timestamp="2019-08-08T20:26:01.719" intervalms="18.133">
  <response-info timems="0.052" idlems="0.052" threads="0" lastid="0000000000959F00" lastname="main" />
</exclusive-start>
<af-start id="2993" threadId="000000000095A888" totalBytesRequested="1168" timestamp="2019-08-08T20:26:01.720" intervalms="18.133" type="nursery" />
<cycle-start id="2994" type="scavenge" contextid="0" timestamp="2019-08-08T20:26:01.720" intervalms="18.135" />
<gc-start id="2995" type="scavenge" contextid="2994" timestamp="2019-08-08T20:26:01.720">
  <mem-info id="2996" free="1352800" total="64356352" percent="2">
    <mem type="nursery" free="0" total="44957696" percent="0">
      <mem type="allocate" free="0" total="40435712" percent="0" />
      <mem type="survivor" free="0" total="4521984" percent="0" />
    </mem>
    <mem type="tenure" free="1352800" total="19398656" percent="6">
      <mem type="soa" free="1159264" total="19205120" percent="6" />
      <mem type="loa" free="193536" total="193536" percent="100" />
    </mem>
    <remembered-set count="125" />
  </mem-info>
</gc-start>
<allocation-stats totalBytes="40256152" >
  <allocated-bytes non-tlh="1168" tlh="40254984" />
  <largest-consumer threadName="main" threadId="0000000000959F00" bytes="40256152" />
</allocation-stats>
<gc-op id="2997" type="scavenge" timems="1.453" contextid="2994" timestamp="2019-08-08T20:26:01.721">
  <scavenger-info tenureage="3" tenuremask="fff8" tiltratio="89" />
  <memory-copied type="nursery" objects="28" bytes="1960" bytesdiscarded="30296" />
</gc-op>
<gc-end id="2998" type="scavenge" contextid="2994" durationms="1.760" usertimems="4.933" systemtimems="0.000" timestamp="2019-08-08T20:26:01.721" activeThreads="16">
  <mem-info id="2999" free="41756256" total="64356352" percent="64">
    <mem type="nursery" free="40403456" total="44957696" percent="89">
      <mem type="allocate" free="40403456" total="40435712" percent="99" />
      <mem type="survivor" free="0" total="4521984" percent="0" />
    </mem>
    <mem type="tenure" free="1352800" total="19398656" percent="6" macro-fragmented="0">
      <mem type="soa" free="1159264" total="19205120" percent="6" />
      <mem type="loa" free="193536" total="193536" percent="100" />
    </mem>
    <remembered-set count="125" />
  </mem-info>
</gc-end>
<cycle-end id="3000" type="scavenge" contextid="2994" timestamp="2019-08-08T20:26:01.721" />
  <attribute name="elasticGC enabled" value="1" />
  <attribute name= "numThreadsSpecified" value="16" />
  <attribute name="heapSize specified" value="42401792" />
  <attribute name="Current GC Util" value="20" />
  <attribute name= "Current Time Running" value="129139" />
  <attribute name ="GC Interval" value="2057" />
  <attribute name="Target GC Util Change" value ="80.000000" />
  <attribute name="Current GC Util Change" value="20.000000"/>
  <attribute name="Current Error" value="93.000000" />
  <attribute name="Output H" value="64394248"/>
  <attribute name="Output I" value="2056"/>
  <attribute name="Output T" value="16"/>
  <attribute name= "Current Time Running" value="129139" />
  <attribute name="GC Util currently" value="20" />
  <attribute name="CPU Util currently" value="63349564610" />
<allocation-satisfied id="3001" threadId="0000000000959F00" bytesRequested="1168" />
<af-end id="3002" timestamp="2019-08-08T20:26:01.722" threadId="000000000095A888" success="true" from="nursery"/>
<exclusive-end id="3003" timestamp="2019-08-08T20:26:01.722" durationms="2.095" />

<exclusive-start id="3004" timestamp="2019-08-08T20:26:01.747" intervalms="27.564">
  <response-info timems="0.041" idlems="0.041" threads="0" lastid="0000000000959F00" lastname="main" />
</exclusive-start>
<af-start id="3005" threadId="000000000095A888" totalBytesRequested="1168" timestamp="2019-08-08T20:26:01.747" intervalms="27.550" type="nursery" />
<cycle-start id="3006" type="scavenge" contextid="0" timestamp="2019-08-08T20:26:01.747" intervalms="27.551" />
<gc-start id="3007" type="scavenge" contextid="3006" timestamp="2019-08-08T20:26:01.747">
  <mem-info id="3008" free="1352800" total="64356352" percent="2">
    <mem type="nursery" free="0" total="44957696" percent="0">
      <mem type="allocate" free="0" total="40435712" percent="0" />
      <mem type="survivor" free="0" total="4521984" percent="0" />
    </mem>
    <mem type="tenure" free="1352800" total="19398656" percent="6">
      <mem type="soa" free="1159264" total="19205120" percent="6" />
      <mem type="loa" free="193536" total="193536" percent="100" />
    </mem>
    <remembered-set count="125" />
  </mem-info>
</gc-start>
<allocation-stats totalBytes="40135080" >
  <allocated-bytes non-tlh="1168" tlh="40133912" />
  <largest-consumer threadName="main" threadId="0000000000959F00" bytes="40135080" />
</allocation-stats>
<gc-op id="3009" type="scavenge" timems="1.409" contextid="3006" timestamp="2019-08-08T20:26:01.749">
  <scavenger-info tenureage="3" tenuremask="fff8" tiltratio="89" />
  <memory-copied type="nursery" objects="28" bytes="1960" bytesdiscarded="30296" />
</gc-op>
<gc-end id="3010" type="scavenge" contextid="3006" durationms="1.629" usertimems="4.225" systemtimems="0.000" timestamp="2019-08-08T20:26:01.749" activeThreads="16">
  <mem-info id="3011" free="41756256" total="64356352" percent="64">
    <mem type="nursery" free="40403456" total="44957696" percent="89">
      <mem type="allocate" free="40403456" total="40435712" percent="99" />
      <mem type="survivor" free="0" total="4521984" percent="0" />
    </mem>
    <mem type="tenure" free="1352800" total="19398656" percent="6" macro-fragmented="868149">
      <mem type="soa" free="1159264" total="19205120" percent="6" />
      <mem type="loa" free="193536" total="193536" percent="100" />
    </mem>
    <remembered-set count="114" />
  </mem-info>
</gc-end>
<cycle-end id="3012" type="scavenge" contextid="3006" timestamp="2019-08-08T20:26:01.749" />
  <attribute name="elasticGC enabled" value="1" />
  <attribute name= "numThreadsSpecified" value="16" />
  <attribute name="heapSize specified" value="42401792" />
  <attribute name="Current GC Util" value="11" />
  <attribute name= "Current Time Running" value="129166" />
  <attribute name ="GC Interval" value="2097" />
  <attribute name="Target GC Util Change" value ="80.000000" />
  <attribute name="Current GC Util Change" value="11.000000"/>
  <attribute name="Current Error" value="162.000000" />
  <attribute name="Output H" value="64394288"/>
  <attribute name="Output I" value="2096"/>
  <attribute name="Output T" value="16"/>
  <attribute name= "Current Time Running" value="129166" />
  <attribute name="GC Util currently" value="11" />
  <attribute name="CPU Util currently" value="41956558834" />
<allocation-satisfied id="3013" threadId="0000000000959F00" bytesRequested="1168" />
<af-end id="3014" timestamp="2019-08-08T20:26:01.749" threadId="000000000095A888" success="true" from="nursery"/>
<exclusive-end id="3015" timestamp="2019-08-08T20:26:01.749" durationms="1.997" />

<exclusive-start id="3016" timestamp="2019-08-08T20:26:01.772" intervalms="24.761">
  <response-info timems="0.042" idlems="0.042" threads="0" lastid="0000000000959F00" lastname="main" />
</exclusive-start>
<af-start id="3017" threadId="000000000095A888" totalBytesRequested="1168" timestamp="2019-08-08T20:26:01.772" intervalms="24.786" type="nursery" />
<cycle-start id="3018" type="scavenge" contextid="0" timestamp="2019-08-08T20:26:01.772" intervalms="24.783" />
<gc-start id="3019" type="scavenge" contextid="3018" timestamp="2019-08-08T20:26:01.772">
  <mem-info id="3020" free="1352800" total="64356352" percent="2">
    <mem type="nursery" free="0" total="44957696" percent="0">
      <mem type="allocate" free="0" total="40435712" percent="0" />
      <mem type="survivor" free="0" total="4521984" percent="0" />
    </mem>
    <mem type="tenure" free="1352800" total="19398656" percent="6">
      <mem type="soa" free="1159264" total="19205120" percent="6" />
      <mem type="loa" free="193536" total="193536" percent="100" />
    </mem>
    <remembered-set count="114" />
  </mem-info>
</gc-start>
<allocation-stats totalBytes="40147560" >
  <allocated-bytes non-tlh="1168" tlh="40146392" />
  <largest-consumer threadName="main" threadId="0000000000959F00" bytes="40147560" />
</allocation-stats>
<gc-op id="3021" type="scavenge" timems="1.250" contextid="3018" timestamp="2019-08-08T20:26:01.773">
  <scavenger-info tenureage="3" tenuremask="fff8" tiltratio="89" />
  <memory-copied type="nursery" objects="29" bytes="1984" bytesdiscarded="30272" />
</gc-op>
<gc-end id="3022" type="scavenge" contextid="3018" durationms="1.505" usertimems="3.710" systemtimems="0.000" timestamp="2019-08-08T20:26:01.773" activeThreads="16">
  <mem-info id="3023" free="41756256" total="64356352" percent="64">
    <mem type="nursery" free="40403456" total="44957696" percent="89">
      <mem type="allocate" free="40403456" total="40435712" percent="99" />
      <mem type="survivor" free="0" total="4521984" percent="0" />
    </mem>
    <mem type="tenure" free="1352800" total="19398656" percent="6" macro-fragmented="0">
      <mem type="soa" free="1159264" total="19205120" percent="6" />
      <mem type="loa" free="193536" total="193536" percent="100" />
    </mem>
    <remembered-set count="114" />
  </mem-info>
</gc-end>
<cycle-end id="3024" type="scavenge" contextid="3018" timestamp="2019-08-08T20:26:01.774" />
  <attribute name="elasticGC enabled" value="1" />
  <attribute name= "numThreadsSpecified" value="16" />
  <attribute name="heapSize specified" value="42401792" />
  <attribute name="Current GC Util" value="13" />
  <attribute name= "Current Time Running" value="129191" />
  <attribute name ="GC Interval" value="2137" />
  <attribute name="Target GC Util Change" value ="80.000000" />
  <attribute name="Current GC Util Change" value="13.000000"/>
  <attribute name="Current Error" value="229.000000" />
  <attribute name="Output H" value="64394328"/>
  <attribute name="Output I" value="2136"/>
  <attribute name="Output T" value="16"/>
  <attribute name= "Current Time Running" value="129191" />
  <attribute name="GC Util currently" value="13" />
  <attribute name="CPU Util currently" value="46517786253" />
<allocation-satisfied id="3025" threadId="0000000000959F00" bytesRequested="1168" />
<af-end id="3026" timestamp="2019-08-08T20:26:01.774" threadId="000000000095A888" success="true" from="nursery"/>
<exclusive-end id="3027" timestamp="2019-08-08T20:26:01.774" durationms="1.778" />

<exclusive-start id="3028" timestamp="2019-08-08T20:26:01.794" intervalms="22.691">
  <response-info timems="0.046" idlems="0.046" threads="0" lastid="0000000000959F00" lastname="main" />
</exclusive-start>
<af-start id="3029" threadId="000000000095A888" totalBytesRequested="1168" timestamp="2019-08-08T20:26:01.795" intervalms="22.669" type="nursery" />
<cycle-start id="3030" type="scavenge" contextid="0" timestamp="2019-08-08T20:26:01.795" intervalms="22.666" />
<gc-start id="3031" type="scavenge" contextid="3030" timestamp="2019-08-08T20:26:01.795">
  <mem-info id="3032" free="1352800" total="64356352" percent="2">
    <mem type="nursery" free="0" total="44957696" percent="0">
      <mem type="allocate" free="0" total="40435712" percent="0" />
      <mem type="survivor" free="0" total="4521984" percent="0" />
    </mem>
    <mem type="tenure" free="1352800" total="19398656" percent="6">
      <mem type="soa" free="1159264" total="19205120" percent="6" />
      <mem type="loa" free="193536" total="193536" percent="100" />
    </mem>
    <remembered-set count="114" />
  </mem-info>
</gc-start>
<allocation-stats totalBytes="40149392" >
  <allocated-bytes non-tlh="1168" tlh="40148224" />
  <largest-consumer threadName="main" threadId="0000000000959F00" bytes="40149392" />
</allocation-stats>
<gc-op id="3033" type="scavenge" timems="1.627" contextid="3030" timestamp="2019-08-08T20:26:01.796">
  <scavenger-info tenureage="3" tenuremask="fff8" tiltratio="89" />
  <memory-copied type="nursery" objects="2" bytes="64" bytesdiscarded="32192" />
  <memory-copied type="tenure" objects="27" bytes="1920" bytesdiscarded="0" />
</gc-op>
<gc-end id="3034" type="scavenge" contextid="3030" durationms="1.797" usertimems="4.896" systemtimems="0.000" timestamp="2019-08-08T20:26:01.796" activeThreads="16">
  <mem-info id="3035" free="41740128" total="64356352" percent="64">
    <mem type="nursery" free="40403456" total="44957696" percent="89">
      <mem type="allocate" free="40403456" total="40435712" percent="99" />
      <mem type="survivor" free="0" total="4521984" percent="0" />
    </mem>
    <mem type="tenure" free="1336672" total="19398656" percent="6" macro-fragmented="868149">
      <mem type="soa" free="1143136" total="19205120" percent="5" />
      <mem type="loa" free="193536" total="193536" percent="100" />
    </mem>
    <remembered-set count="119" />
  </mem-info>
</gc-end>
<cycle-end id="3036" type="scavenge" contextid="3030" timestamp="2019-08-08T20:26:01.796" />
  <attribute name="elasticGC enabled" value="1" />
  <attribute name= "numThreadsSpecified" value="16" />
  <attribute name="heapSize specified" value="42401792" />
  <attribute name="Current GC Util" value="12" />
  <attribute name= "Current Time Running" value="129214" />
  <attribute name ="GC Interval" value="2177" />
  <attribute name="Target GC Util Change" value ="80.000000" />
  <attribute name="Current GC Util Change" value="12.000000"/>
  <attribute name="Current Error" value="297.000000" />
  <attribute name="Output H" value="64394368"/>
  <attribute name="Output I" value="2176"/>
  <attribute name="Output T" value="16"/>
  <attribute name= "Current Time Running" value="129214" />
  <attribute name="GC Util currently" value="12" />
  <attribute name="CPU Util currently" value="50899475249" />
<allocation-satisfied id="3037" threadId="0000000000959F00" bytesRequested="1168" />
<af-end id="3038" timestamp="2019-08-08T20:26:01.797" threadId="000000000095A888" success="true" from="nursery"/>
<exclusive-end id="3039" timestamp="2019-08-08T20:26:01.797" durationms="2.097" />

<exclusive-start id="3040" timestamp="2019-08-08T20:26:01.817" intervalms="22.207">
  <response-info timems="0.042" idlems="0.042" threads="0" lastid="0000000000959F00" lastname="main" />
</exclusive-start>
<af-start id="3041" threadId="000000000095A888" totalBytesRequested="1168" timestamp="2019-08-08T20:26:01.817" intervalms="22.231" type="nursery" />
<cycle-start id="3042" type="scavenge" contextid="0" timestamp="2019-08-08T20:26:01.817" intervalms="22.237" />
<gc-start id="3043" type="scavenge" contextid="3042" timestamp="2019-08-08T20:26:01.817">
  <mem-info id="3044" free="1336672" total="64356352" percent="2">
    <mem type="nursery" free="0" total="44957696" percent="0">
      <mem type="allocate" free="0" total="40435712" percent="0" />
      <mem type="survivor" free="0" total="4521984" percent="0" />
    </mem>
    <mem type="tenure" free="1336672" total="19398656" percent="6">
      <mem type="soa" free="1143136" total="19205120" percent="5" />
      <mem type="loa" free="193536" total="193536" percent="100" />
    </mem>
    <remembered-set count="119" />
  </mem-info>
</gc-start>
<allocation-stats totalBytes="40150608" >
  <allocated-bytes non-tlh="1168" tlh="40149440" />
  <largest-consumer threadName="main" threadId="0000000000959F00" bytes="40150608" />
</allocation-stats>
<gc-op id="3045" type="scavenge" timems="1.444" contextid="3042" timestamp="2019-08-08T20:26:01.818">
  <scavenger-info tenureage="3" tenuremask="ffe8" tiltratio="89" />
  <memory-copied type="nursery" objects="2" bytes="64" bytesdiscarded="32192" />
</gc-op>
<gc-end id="3046" type="scavenge" contextid="3042" durationms="1.774" usertimems="2.910" systemtimems="0.000" timestamp="2019-08-08T20:26:01.819" activeThreads="16">
  <mem-info id="3047" free="41740128" total="64356352" percent="64">
    <mem type="nursery" free="40403456" total="44957696" percent="89">
      <mem type="allocate" free="40403456" total="40435712" percent="99" />
      <mem type="survivor" free="0" total="4521984" percent="0" />
    </mem>
    <mem type="tenure" free="1336672" total="19398656" percent="6" macro-fragmented="3657">
      <mem type="soa" free="1143136" total="19205120" percent="5" />
      <mem type="loa" free="193536" total="193536" percent="100" />
    </mem>
    <remembered-set count="119" />
  </mem-info>
</gc-end>
<cycle-end id="3048" type="scavenge" contextid="3042" timestamp="2019-08-08T20:26:01.819" />
  <attribute name="elasticGC enabled" value="1" />
  <attribute name= "numThreadsSpecified" value="16" />
  <attribute name="heapSize specified" value="42401792" />
  <attribute name="Current GC Util" value="13" />
  <attribute name= "Current Time Running" value="129236" />
  <attribute name ="GC Interval" value="2217" />
  <attribute name="Target GC Util Change" value ="80.000000" />
  <attribute name="Current GC Util Change" value="13.000000"/>
  <attribute name="Current Error" value="364.000000" />
  <attribute name="Output H" value="64394408"/>
  <attribute name="Output I" value="2216"/>
  <attribute name="Output T" value="16"/>
  <attribute name= "Current Time Running" value="129236" />
  <attribute name="GC Util currently" value="13" />
  <attribute name="CPU Util currently" value="51598109403" />
<allocation-satisfied id="3049" threadId="0000000000959F00" bytesRequested="1168" />
<af-end id="3050" timestamp="2019-08-08T20:26:01.819" threadId="000000000095A888" success="true" from="nursery"/>
<exclusive-end id="3051" timestamp="2019-08-08T20:26:01.819" durationms="2.164" />

<exclusive-start id="3052" timestamp="2019-08-08T20:26:01.841" intervalms="24.666">
  <response-info timems="0.033" idlems="0.033" threads="0" lastid="0000000000959F00" lastname="main" />
</exclusive-start>
<af-start id="3053" threadId="000000000095A888" totalBytesRequested="1168" timestamp="2019-08-08T20:26:01.841" intervalms="24.641" type="nursery" />
<cycle-start id="3054" type="scavenge" contextid="0" timestamp="2019-08-08T20:26:01.841" intervalms="24.634" />
<gc-start id="3055" type="scavenge" contextid="3054" timestamp="2019-08-08T20:26:01.841">
  <mem-info id="3056" free="1336672" total="64356352" percent="2">
    <mem type="nursery" free="0" total="44957696" percent="0">
      <mem type="allocate" free="0" total="40435712" percent="0" />
      <mem type="survivor" free="0" total="4521984" percent="0" />
    </mem>
    <mem type="tenure" free="1336672" total="19398656" percent="6">
      <mem type="soa" free="1143136" total="19205120" percent="5" />
      <mem type="loa" free="193536" total="193536" percent="100" />
    </mem>
    <remembered-set count="119" />
  </mem-info>
</gc-start>
<allocation-stats totalBytes="40150608" >
  <allocated-bytes non-tlh="1168" tlh="40149440" />
  <largest-consumer threadName="main" threadId="0000000000959F00" bytes="40150608" />
</allocation-stats>
<gc-op id="3057" type="scavenge" timems="1.266" contextid="3054" timestamp="2019-08-08T20:26:01.843">
  <scavenger-info tenureage="3" tenuremask="fff8" tiltratio="89" />
  <memory-copied type="nursery" objects="2" bytes="64" bytesdiscarded="16064" />
</gc-op>
<gc-end id="3058" type="scavenge" contextid="3054" durationms="1.519" usertimems="2.785" systemtimems="0.000" timestamp="2019-08-08T20:26:01.843" activeThreads="16">
  <mem-info id="3059" free="41756256" total="64356352" percent="64">
    <mem type="nursery" free="40419584" total="44957696" percent="89">
      <mem type="allocate" free="40419584" total="40435712" percent="99" />
      <mem type="survivor" free="0" total="4521984" percent="0" />
    </mem>
    <mem type="tenure" free="1336672" total="19398656" percent="6" macro-fragmented="868149">
      <mem type="soa" free="1143136" total="19205120" percent="5" />
      <mem type="loa" free="193536" total="193536" percent="100" />
    </mem>
    <remembered-set count="119" />
  </mem-info>
</gc-end>
<cycle-end id="3060" type="scavenge" contextid="3054" timestamp="2019-08-08T20:26:01.843" />
  <attribute name="elasticGC enabled" value="1" />
  <attribute name= "numThreadsSpecified" value="16" />
  <attribute name="heapSize specified" value="42401792" />
  <attribute name="Current GC Util" value="13" />
  <attribute name= "Current Time Running" value="129261" />
  <attribute name ="GC Interval" value="2041" />
  <attribute name="Target GC Util Change" value ="80.000000" />
  <attribute name="Current GC Util Change" value="13.000000"/>
  <attribute name="Current Error" value="67.000000" />
  <attribute name="Output H" value="64394232"/>
  <attribute name="Output I" value="2040"/>
  <attribute name="Output T" value="16"/>
  <attribute name= "Current Time Running" value="129261" />
  <attribute name="GC Util currently" value="13" />
  <attribute name="CPU Util currently" value="47046829673" />
<allocation-satisfied id="3061" threadId="0000000000959F00" bytesRequested="1168" />
<af-end id="3062" timestamp="2019-08-08T20:26:01.843" threadId="000000000095A888" success="true" from="nursery"/>
<exclusive-end id="3063" timestamp="2019-08-08T20:26:01.843" durationms="1.769" />

<exclusive-start id="3064" timestamp="2019-08-08T20:26:01.861" intervalms="19.508">
  <response-info timems="0.080" idlems="0.080" threads="0" lastid="0000000000959F00" lastname="main" />
</exclusive-start>
<af-start id="3065" threadId="000000000095A888" totalBytesRequested="1168" timestamp="2019-08-08T20:26:01.861" intervalms="19.517" type="nursery" />
<cycle-start id="3066" type="scavenge" contextid="0" timestamp="2019-08-08T20:26:01.861" intervalms="19.518" />
<gc-start id="3067" type="scavenge" contextid="3066" timestamp="2019-08-08T20:26:01.861">
  <mem-info id="3068" free="1336672" total="64356352" percent="2">
    <mem type="nursery" free="0" total="44957696" percent="0">
      <mem type="allocate" free="0" total="40435712" percent="0" />
      <mem type="survivor" free="0" total="4521984" percent="0" />
    </mem>
    <mem type="tenure" free="1336672" total="19398656" percent="6">
      <mem type="soa" free="1143136" total="19205120" percent="5" />
      <mem type="loa" free="193536" total="193536" percent="100" />
    </mem>
    <remembered-set count="119" />
  </mem-info>
</gc-start>
<allocation-stats totalBytes="40166752" >
  <allocated-bytes non-tlh="1168" tlh="40165584" />
  <largest-consumer threadName="main" threadId="0000000000959F00" bytes="40166752" />
</allocation-stats>
<gc-op id="3069" type="scavenge" timems="1.549" contextid="3066" timestamp="2019-08-08T20:26:01.863">
  <scavenger-info tenureage="3" tenuremask="fff8" tiltratio="89" />
  <memory-copied type="nursery" objects="2" bytes="64" bytesdiscarded="32192" />
</gc-op>
<gc-end id="3070" type="scavenge" contextid="3066" durationms="1.854" usertimems="5.235" systemtimems="0.000" timestamp="2019-08-08T20:26:01.863" activeThreads="16">
  <mem-info id="3071" free="41740128" total="64356352" percent="64">
    <mem type="nursery" free="40403456" total="44957696" percent="89">
      <mem type="allocate" free="40403456" total="40435712" percent="99" />
      <mem type="survivor" free="0" total="4521984" percent="0" />
    </mem>
    <mem type="tenure" free="1336672" total="19398656" percent="6" macro-fragmented="10920">
      <mem type="soa" free="1143136" total="19205120" percent="5" />
      <mem type="loa" free="193536" total="193536" percent="100" />
    </mem>
    <remembered-set count="119" />
  </mem-info>
</gc-end>
<cycle-end id="3072" type="scavenge" contextid="3066" timestamp="2019-08-08T20:26:01.863" />
  <attribute name="elasticGC enabled" value="1" />
  <attribute name= "numThreadsSpecified" value="16" />
  <attribute name="heapSize specified" value="42401792" />
  <attribute name="Current GC Util" value="15" />
  <attribute name= "Current Time Running" value="129280" />
  <attribute name ="GC Interval" value="2081" />
  <attribute name="Target GC Util Change" value ="80.000000" />
  <attribute name="Current GC Util Change" value="15.000000"/>
  <attribute name="Current Error" value="132.000000" />
  <attribute name="Output H" value="64394272"/>
  <attribute name="Output I" value="2080"/>
  <attribute name="Output T" value="16"/>
  <attribute name= "Current Time Running" value="129280" />
  <attribute name="GC Util currently" value="15" />
  <attribute name="CPU Util currently" value="58969324434" />
<allocation-satisfied id="3073" threadId="0000000000959F00" bytesRequested="1168" />
<af-end id="3074" timestamp="2019-08-08T20:26:01.863" threadId="000000000095A888" success="true" from="nursery"/>
<exclusive-end id="3075" timestamp="2019-08-08T20:26:01.863" durationms="2.165" />

<exclusive-start id="3076" timestamp="2019-08-08T20:26:01.871" intervalms="10.556">
  <response-info timems="0.044" idlems="0.044" threads="0" lastid="0000000000959F00" lastname="main" />
</exclusive-start>
<af-start id="3077" threadId="000000000095A888" totalBytesRequested="1168" timestamp="2019-08-08T20:26:01.871" intervalms="10.547" type="nursery" />
<cycle-start id="3078" type="scavenge" contextid="0" timestamp="2019-08-08T20:26:01.871" intervalms="10.549" />
<gc-start id="3079" type="scavenge" contextid="3078" timestamp="2019-08-08T20:26:01.872">
  <mem-info id="3080" free="1336672" total="64356352" percent="2">
    <mem type="nursery" free="0" total="44957696" percent="0">
      <mem type="allocate" free="0" total="40435712" percent="0" />
      <mem type="survivor" free="0" total="4521984" percent="0" />
    </mem>
    <mem type="tenure" free="1336672" total="19398656" percent="6">
      <mem type="soa" free="1143136" total="19205120" percent="5" />
      <mem type="loa" free="193536" total="193536" percent="100" />
    </mem>
    <remembered-set count="119" />
  </mem-info>
</gc-start>
<allocation-stats totalBytes="40150608" >
  <allocated-bytes non-tlh="1168" tlh="40149440" />
  <largest-consumer threadName="main" threadId="0000000000959F00" bytes="40150608" />
</allocation-stats>
<gc-op id="3081" type="scavenge" timems="1.280" contextid="3078" timestamp="2019-08-08T20:26:01.873">
  <scavenger-info tenureage="3" tenuremask="fff8" tiltratio="89" />
  <memory-copied type="nursery" objects="2" bytes="64" bytesdiscarded="32192" />
</gc-op>
<heap-resize id="3082" type="expand" space="nursery" amount="2752512" count="1" timems="0.018" reason="excessive time being spent scavenging" timestamp="2019-08-08T20:26:01.873" />
<gc-end id="3083" type="scavenge" contextid="3078" durationms="1.613" usertimems="3.963" systemtimems="0.000" timestamp="2019-08-08T20:26:01.873" activeThreads="16">
  <mem-info id="3084" free="44164960" total="67108864" percent="65">
    <mem type="nursery" free="42828288" total="47710208" percent="89">
      <mem type="allocate" free="42828288" total="42860544" percent="99" />
      <mem type="survivor" free="0" total="4849664" percent="0" />
    </mem>
    <mem type="tenure" free="1336672" total="19398656" percent="6" macro-fragmented="0">
      <mem type="soa" free="1143136" total="19205120" percent="5" />
      <mem type="loa" free="193536" total="193536" percent="100" />
    </mem>
    <remembered-set count="119" />
  </mem-info>
</gc-end>
<cycle-end id="3085" type="scavenge" contextid="3078" timestamp="2019-08-08T20:26:01.873" />
  <attribute name="elasticGC enabled" value="1" />
  <attribute name= "numThreadsSpecified" value="16" />
  <attribute name="heapSize specified" value="42401792" />
  <attribute name="Current GC Util" value="48" />
  <attribute name= "Current Time Running" value="129291" />
  <attribute name ="GC Interval" value="2097" />
  <attribute name="Target GC Util Change" value ="80.000000" />
  <attribute name="Current GC Util Change" value="48.000000"/>
  <attribute name="Current Error" value="164.000000" />
  <attribute name="Output H" value="64394288"/>
  <attribute name="Output I" value="2096"/>
  <attribute name="Output T" value="16"/>
  <attribute name= "Current Time Running" value="129291" />
  <attribute name="GC Util currently" value="48" />
  <attribute name="CPU Util currently" value="108623592431" />
<allocation-satisfied id="3086" threadId="0000000000959F00" bytesRequested="1168" />
<af-end id="3087" timestamp="2019-08-08T20:26:01.873" threadId="000000000095A888" success="true" from="nursery"/>
<exclusive-end id="3088" timestamp="2019-08-08T20:26:01.873" durationms="1.845" />

<exclusive-start id="3089" timestamp="2019-08-08T20:26:01.884" intervalms="13.065">
  <response-info timems="0.021" idlems="0.021" threads="0" lastid="0000000000959F00" lastname="main" />
</exclusive-start>
<af-start id="3090" threadId="000000000095A888" totalBytesRequested="1168" timestamp="2019-08-08T20:26:01.885" intervalms="13.080" type="nursery" />
<cycle-start id="3091" type="scavenge" contextid="0" timestamp="2019-08-08T20:26:01.885" intervalms="13.085" />
<gc-start id="3092" type="scavenge" contextid="3091" timestamp="2019-08-08T20:26:01.885">
  <mem-info id="3093" free="1336672" total="67108864" percent="1">
    <mem type="nursery" free="0" total="47710208" percent="0">
      <mem type="allocate" free="0" total="42860544" percent="0" />
      <mem type="survivor" free="0" total="4849664" percent="0" />
    </mem>
    <mem type="tenure" free="1336672" total="19398656" percent="6">
      <mem type="soa" free="1143136" total="19205120" percent="5" />
      <mem type="loa" free="193536" total="193536" percent="100" />
    </mem>
    <remembered-set count="119" />
  </mem-info>
</gc-start>
<allocation-stats totalBytes="42559624" >
  <allocated-bytes non-tlh="1168" tlh="42558456" />
  <largest-consumer threadName="main" threadId="0000000000959F00" bytes="42559624" />
</allocation-stats>
<gc-op id="3094" type="scavenge" timems="1.656" contextid="3091" timestamp="2019-08-08T20:26:01.886">
  <scavenger-info tenureage="3" tenuremask="fff8" tiltratio="89" />
  <memory-copied type="nursery" objects="2" bytes="64" bytesdiscarded="32192" />
</gc-op>
<gc-end id="3095" type="scavenge" contextid="3091" durationms="1.943" usertimems="3.067" systemtimems="0.000" timestamp="2019-08-08T20:26:01.887" activeThreads="16">
  <mem-info id="3096" free="44230496" total="67108864" percent="65">
    <mem type="nursery" free="42893824" total="47710208" percent="89">
      <mem type="allocate" free="42893824" total="42926080" percent="99" />
      <mem type="survivor" free="0" total="4784128" percent="0" />
    </mem>
    <mem type="tenure" free="1336672" total="19398656" percent="6" macro-fragmented="10920">
      <mem type="soa" free="1143136" total="19205120" percent="5" />
      <mem type="loa" free="193536" total="193536" percent="100" />
    </mem>
    <remembered-set count="119" />
  </mem-info>
</gc-end>
<cycle-end id="3097" type="scavenge" contextid="3091" timestamp="2019-08-08T20:26:01.887" />
  <attribute name="elasticGC enabled" value="1" />
  <attribute name= "numThreadsSpecified" value="16" />
  <attribute name="heapSize specified" value="42401792" />
  <attribute name="Current GC Util" value="23" />
  <attribute name= "Current Time Running" value="129304" />
  <attribute name ="GC Interval" value="2129" />
  <attribute name="Target GC Util Change" value ="80.000000" />
  <attribute name="Current GC Util Change" value="23.000000"/>
  <attribute name="Current Error" value="221.000000" />
  <attribute name="Output H" value="67146832"/>
  <attribute name="Output I" value="2128"/>
  <attribute name="Output T" value="16"/>
  <attribute name= "Current Time Running" value="129304" />
  <attribute name="GC Util currently" value="23" />
  <attribute name="CPU Util currently" value="87671689560" />
<allocation-satisfied id="3098" threadId="0000000000959F00" bytesRequested="1168" />
<af-end id="3099" timestamp="2019-08-08T20:26:01.887" threadId="000000000095A888" success="true" from="nursery"/>
<exclusive-end id="3100" timestamp="2019-08-08T20:26:01.887" durationms="2.435" />

<exclusive-start id="3101" timestamp="2019-08-08T20:26:01.951" intervalms="66.539">
  <response-info timems="0.151" idlems="0.151" threads="0" lastid="0000000000959F00" lastname="main" />
</exclusive-start>
<af-start id="3102" threadId="000000000095A888" totalBytesRequested="40" timestamp="2019-08-08T20:26:01.951" intervalms="66.531" type="nursery" />
<cycle-start id="3103" type="scavenge" contextid="0" timestamp="2019-08-08T20:26:01.951" intervalms="66.528" />
<gc-start id="3104" type="scavenge" contextid="3103" timestamp="2019-08-08T20:26:01.951">
  <mem-info id="3105" free="1336672" total="67108864" percent="1">
    <mem type="nursery" free="0" total="47710208" percent="0">
      <mem type="allocate" free="0" total="42926080" percent="0" />
      <mem type="survivor" free="0" total="4784128" percent="0" />
    </mem>
    <mem type="tenure" free="1336672" total="19398656" percent="6">
      <mem type="soa" free="1143136" total="19205120" percent="5" />
      <mem type="loa" free="193536" total="193536" percent="100" />
    </mem>
    <remembered-set count="124" />
  </mem-info>
</gc-start>
<allocation-stats totalBytes="42881624" >
  <allocated-bytes non-tlh="1168" tlh="42880456" />
  <largest-consumer threadName="main" threadId="0000000000959F00" bytes="42881624" />
</allocation-stats>
<gc-op id="3106" type="scavenge" timems="1.754" contextid="3103" timestamp="2019-08-08T20:26:01.953">
  <scavenger-info tenureage="3" tenuremask="fff8" tiltratio="89" />
  <memory-copied type="nursery" objects="156" bytes="5184" bytesdiscarded="27072" />
</gc-op>
<gc-end id="3107" type="scavenge" contextid="3103" durationms="2.020" usertimems="2.637" systemtimems="0.000" timestamp="2019-08-08T20:26:01.953" activeThreads="16">
  <mem-info id="3108" free="44230496" total="67108864" percent="65">
    <mem type="nursery" free="42893824" total="47710208" percent="89">
      <mem type="allocate" free="42893824" total="42926080" percent="99" />
      <mem type="survivor" free="0" total="4784128" percent="0" />
    </mem>
    <mem type="tenure" free="1336672" total="19398656" percent="6" macro-fragmented="418667">
      <mem type="soa" free="1143136" total="19205120" percent="5" />
      <mem type="loa" free="193536" total="193536" percent="100" />
    </mem>
    <remembered-set count="124" />
  </mem-info>
</gc-end>
<cycle-end id="3109" type="scavenge" contextid="3103" timestamp="2019-08-08T20:26:01.953" />
  <attribute name="elasticGC enabled" value="1" />
  <attribute name= "numThreadsSpecified" value="16" />
  <attribute name="heapSize specified" value="42401792" />
  <attribute name="Current GC Util" value="4" />
  <attribute name= "Current Time Running" value="129370" />
  <attribute name ="GC Interval" value="2177" />
  <attribute name="Target GC Util Change" value ="80.000000" />
  <attribute name="Current GC Util Change" value="4.000000"/>
  <attribute name="Current Error" value="297.000000" />
  <attribute name="Output H" value="67146880"/>
  <attribute name="Output I" value="2176"/>
  <attribute name="Output T" value="16"/>
  <attribute name= "Current Time Running" value="129370" />
  <attribute name="GC Util currently" value="4" />
  <attribute name="CPU Util currently" value="17370835912" />
<allocation-satisfied id="3110" threadId="0000000000959F00" bytesRequested="40" />
<af-end id="3111" timestamp="2019-08-08T20:26:01.953" threadId="000000000095A888" success="true" from="nursery"/>
<exclusive-end id="3112" timestamp="2019-08-08T20:26:01.953" durationms="2.271" />

<exclusive-start id="3113" timestamp="2019-08-08T20:26:02.160" intervalms="208.989">
  <response-info timems="0.079" idlems="0.079" threads="0" lastid="0000000000959F00" lastname="main" />
</exclusive-start>
<af-start id="3114" threadId="000000000095A888" totalBytesRequested="32" timestamp="2019-08-08T20:26:02.160" intervalms="208.998" type="nursery" />
<cycle-start id="3115" type="scavenge" contextid="0" timestamp="2019-08-08T20:26:02.160" intervalms="209.001" />
<gc-start id="3116" type="scavenge" contextid="3115" timestamp="2019-08-08T20:26:02.160">
  <mem-info id="3117" free="1336672" total="67108864" percent="1">
    <mem type="nursery" free="0" total="47710208" percent="0">
      <mem type="allocate" free="0" total="42926080" percent="0" />
      <mem type="survivor" free="0" total="4784128" percent="0" />
    </mem>
    <mem type="tenure" free="1336672" total="19398656" percent="6">
      <mem type="soa" free="1143136" total="19205120" percent="5" />
      <mem type="loa" free="193536" total="193536" percent="100" />
    </mem>
    <remembered-set count="128" />
  </mem-info>
</gc-start>
<allocation-stats totalBytes="42887880" >
  <allocated-bytes non-tlh="40" tlh="42887840" />
  <largest-consumer threadName="main" threadId="0000000000959F00" bytes="42887880" />
</allocation-stats>
<gc-op id="3118" type="scavenge" timems="1.369" contextid="3115" timestamp="2019-08-08T20:26:02.162">
  <scavenger-info tenureage="3" tenuremask="fff8" tiltratio="89" />
  <memory-copied type="nursery" objects="245" bytes="7944" bytesdiscarded="64200" />
  <references type="weak" candidates="39" cleared="0" enqueued="0" />
</gc-op>
<gc-end id="3119" type="scavenge" contextid="3115" durationms="1.572" usertimems="4.547" systemtimems="0.000" timestamp="2019-08-08T20:26:02.162" activeThreads="16">
  <mem-info id="3120" free="44190560" total="67108864" percent="65">
    <mem type="nursery" free="42853888" total="47710208" percent="89">
      <mem type="allocate" free="42853888" total="42926080" percent="99" />
      <mem type="survivor" free="0" total="4784128" percent="0" />
    </mem>
    <mem type="tenure" free="1336672" total="19398656" percent="6" macro-fragmented="723458">
      <mem type="soa" free="1143136" total="19205120" percent="5" />
      <mem type="loa" free="193536" total="193536" percent="100" />
    </mem>
    <remembered-set count="118" />
  </mem-info>
</gc-end>
<cycle-end id="3121" type="scavenge" contextid="3115" timestamp="2019-08-08T20:26:02.162" />
  <attribute name="elasticGC enabled" value="1" />
  <attribute name= "numThreadsSpecified" value="16" />
  <attribute name="heapSize specified" value="42401792" />
  <attribute name="Current GC Util" value="1" />
  <attribute name= "Current Time Running" value="129579" />
  <attribute name ="GC Interval" value="2225" />
  <attribute name="Target GC Util Change" value ="80.000000" />
  <attribute name="Current GC Util Change" value="1.000000"/>
  <attribute name="Current Error" value="376.000000" />
  <attribute name="Output H" value="67146928"/>
  <attribute name="Output I" value="2224"/>
  <attribute name="Output T" value="16"/>
  <attribute name= "Current Time Running" value="129579" />
  <attribute name="GC Util currently" value="1" />
  <attribute name="CPU Util currently" value="5516107351" />
<allocation-satisfied id="3122" threadId="0000000000959F00" bytesRequested="32" />
<af-end id="3123" timestamp="2019-08-08T20:26:02.162" threadId="000000000095A888" success="true" from="nursery"/>
<exclusive-end id="3124" timestamp="2019-08-08T20:26:02.162" durationms="2.158" />

<exclusive-start id="3125" timestamp="2019-08-08T20:26:02.315" intervalms="154.956">
  <response-info timems="0.222" idlems="0.222" threads="0" lastid="0000000000959F00" lastname="main" />
</exclusive-start>
<af-start id="3126" threadId="000000000095A888" totalBytesRequested="64" timestamp="2019-08-08T20:26:02.315" intervalms="154.954" type="nursery" />
<cycle-start id="3127" type="scavenge" contextid="0" timestamp="2019-08-08T20:26:02.315" intervalms="154.954" />
<gc-start id="3128" type="scavenge" contextid="3127" timestamp="2019-08-08T20:26:02.315">
  <mem-info id="3129" free="1336672" total="67108864" percent="1">
    <mem type="nursery" free="0" total="47710208" percent="0">
      <mem type="allocate" free="0" total="42926080" percent="0" />
      <mem type="survivor" free="0" total="4784128" percent="0" />
    </mem>
    <mem type="tenure" free="1336672" total="19398656" percent="6">
      <mem type="soa" free="1143136" total="19205120" percent="5" />
      <mem type="loa" free="193536" total="193536" percent="100" />
    </mem>
    <remembered-set count="118" />
  </mem-info>
</gc-start>
<allocation-stats totalBytes="42848432" >
  <allocated-bytes non-tlh="32" tlh="42848400" />
  <largest-consumer threadName="main" threadId="0000000000959F00" bytes="42848432" />
</allocation-stats>
<gc-op id="3130" type="scavenge" timems="1.198" contextid="3127" timestamp="2019-08-08T20:26:02.316">
  <scavenger-info tenureage="3" tenuremask="fff8" tiltratio="89" />
  <memory-copied type="nursery" objects="242" bytes="7816" bytesdiscarded="95864" />
  <references type="weak" candidates="39" cleared="0" enqueued="0" />
</gc-op>
<gc-end id="3131" type="scavenge" contextid="3127" durationms="1.412" usertimems="4.557" systemtimems="0.000" timestamp="2019-08-08T20:26:02.317" activeThreads="16">
  <mem-info id="3132" free="44159072" total="67108864" percent="65">
    <mem type="nursery" free="42822400" total="47710208" percent="89">
      <mem type="allocate" free="42822400" total="42926080" percent="99" />
      <mem type="survivor" free="0" total="4784128" percent="0" />
    </mem>
    <mem type="tenure" free="1336672" total="19398656" percent="6" macro-fragmented="723458">
      <mem type="soa" free="1143136" total="19205120" percent="5" />
      <mem type="loa" free="193536" total="193536" percent="100" />
    </mem>
    <remembered-set count="118" />
  </mem-info>
</gc-end>
<cycle-end id="3133" type="scavenge" contextid="3127" timestamp="2019-08-08T20:26:02.317" />
  <attribute name="elasticGC enabled" value="1" />
  <attribute name= "numThreadsSpecified" value="16" />
  <attribute name="heapSize specified" value="42401792" />
  <attribute name="Current GC Util" value="1" />
  <attribute name= "Current Time Running" value="129734" />
  <attribute name ="GC Interval" value="2049" />
  <attribute name="Target GC Util Change" value ="80.000000" />
  <attribute name="Current GC Util Change" value="1.000000"/>
  <attribute name="Current Error" value="79.000000" />
  <attribute name="Output H" value="67146752"/>
  <attribute name="Output I" value="2048"/>
  <attribute name="Output T" value="16"/>
  <attribute name= "Current Time Running" value="129734" />
  <attribute name="GC Util currently" value="1" />
  <attribute name="CPU Util currently" value="7440914912" />
<allocation-satisfied id="3134" threadId="0000000000959F00" bytesRequested="64" />
<af-end id="3135" timestamp="2019-08-08T20:26:02.317" threadId="000000000095A888" success="true" from="nursery"/>
<exclusive-end id="3136" timestamp="2019-08-08T20:26:02.317" durationms="1.702" />

<exclusive-start id="3137" timestamp="2019-08-08T20:26:02.398" intervalms="83.390">
  <response-info timems="0.082" idlems="0.082" threads="0" lastid="0000000000959F00" lastname="main" />
</exclusive-start>
<af-start id="3138" threadId="000000000095A888" totalBytesRequested="16" timestamp="2019-08-08T20:26:02.398" intervalms="83.393" type="nursery" />
<cycle-start id="3139" type="scavenge" contextid="0" timestamp="2019-08-08T20:26:02.398" intervalms="83.395" />
<gc-start id="3140" type="scavenge" contextid="3139" timestamp="2019-08-08T20:26:02.399">
  <mem-info id="3141" free="1336672" total="67108864" percent="1">
    <mem type="nursery" free="0" total="47710208" percent="0">
      <mem type="allocate" free="0" total="42926080" percent="0" />
      <mem type="survivor" free="0" total="4784128" percent="0" />
    </mem>
    <mem type="tenure" free="1336672" total="19398656" percent="6">
      <mem type="soa" free="1143136" total="19205120" percent="5" />
      <mem type="loa" free="193536" total="193536" percent="100" />
    </mem>
    <remembered-set count="120" />
  </mem-info>
</gc-start>
<allocation-stats totalBytes="42800192" >
  <allocated-bytes non-tlh="64" tlh="42800128" />
  <largest-consumer threadName="main" threadId="0000000000959F00" bytes="42800192" />
</allocation-stats>
<gc-op id="3142" type="scavenge" timems="3.699" contextid="3139" timestamp="2019-08-08T20:26:02.402">
  <scavenger-info tenureage="3" tenuremask="fff8" tiltratio="89" />
  <memory-copied type="nursery" objects="77" bytes="2512" bytesdiscarded="37424" />
  <memory-copied type="tenure" objects="8" bytes="184" bytesdiscarded="0" />
  <references type="weak" candidates="39" cleared="7" enqueued="3" />
</gc-op>
<gc-end id="3143" type="scavenge" contextid="3139" durationms="4.002" usertimems="14.792" systemtimems="0.000" timestamp="2019-08-08T20:26:02.403" activeThreads="16">
  <mem-info id="3144" free="44222816" total="67108864" percent="65">
    <mem type="nursery" free="42886144" total="47710208" percent="89">
      <mem type="allocate" free="42886144" total="42926080" percent="99" />
      <mem type="survivor" free="0" total="4784128" percent="0" />
    </mem>
    <mem type="tenure" free="1336672" total="19398656" percent="6" macro-fragmented="0">
      <mem type="soa" free="1143136" total="19205120" percent="5" />
      <mem type="loa" free="193536" total="193536" percent="100" />
    </mem>
    <pending-finalizers system="0" default="0" reference="3" classloader="0" />
    <remembered-set count="116" />
  </mem-info>
</gc-end>
<cycle-end id="3145" type="scavenge" contextid="3139" timestamp="2019-08-08T20:26:02.403" />
  <attribute name="elasticGC enabled" value="1" />
  <attribute name= "numThreadsSpecified" value="16" />
  <attribute name="heapSize specified" value="42401792" />
  <attribute name="Current GC Util" value="2" />
  <attribute name= "Current Time Running" value="129818" />
  <attribute name ="GC Interval" value="2097" />
  <attribute name="Target GC Util Change" value ="80.000000" />
  <attribute name="Current GC Util Change" value="2.000000"/>
  <attribute name="Current Error" value="157.000000" />
  <attribute name="Output H" value="67146800"/>
  <attribute name="Output I" value="2096"/>
  <attribute name="Output T" value="16"/>
  <attribute name= "Current Time Running" value="129818" />
  <attribute name="GC Util currently" value="2" />
  <attribute name="CPU Util currently" value="13815534705" />
<allocation-satisfied id="3146" threadId="0000000000959F00" bytesRequested="16" />
<af-end id="3147" timestamp="2019-08-08T20:26:02.403" threadId="000000000095A888" success="true" from="nursery"/>
<exclusive-end id="3148" timestamp="2019-08-08T20:26:02.403" durationms="4.592" />

<exclusive-start id="3149" timestamp="2019-08-08T20:26:02.444" intervalms="45.421">
  <response-info timems="0.066" idlems="0.066" threads="0" lastid="0000000000959F00" lastname="main" />
</exclusive-start>
<af-start id="3150" threadId="000000000095A888" totalBytesRequested="264" timestamp="2019-08-08T20:26:02.444" intervalms="45.466" type="nursery" />
<cycle-start id="3151" type="scavenge" contextid="0" timestamp="2019-08-08T20:26:02.444" intervalms="45.460" />
<gc-start id="3152" type="scavenge" contextid="3151" timestamp="2019-08-08T20:26:02.444">
  <mem-info id="3153" free="1336672" total="67108864" percent="1">
    <mem type="nursery" free="0" total="47710208" percent="0">
      <mem type="allocate" free="0" total="42926080" percent="0" />
      <mem type="survivor" free="0" total="4784128" percent="0" />
    </mem>
    <mem type="tenure" free="1336672" total="19398656" percent="6">
      <mem type="soa" free="1143136" total="19205120" percent="5" />
      <mem type="loa" free="193536" total="193536" percent="100" />
    </mem>
    <remembered-set count="117" />
  </mem-info>
</gc-start>
<allocation-stats totalBytes="42863976" >
  <allocated-bytes non-tlh="16" tlh="42863960" />
  <largest-consumer threadName="main" threadId="0000000000959F00" bytes="42859880" />
</allocation-stats>
<gc-op id="3154" type="scavenge" timems="2.848" contextid="3151" timestamp="2019-08-08T20:26:02.447">
  <scavenger-info tenureage="5" tenuremask="ffe0" tiltratio="89" />
  <memory-copied type="nursery" objects="77" bytes="3000" bytesdiscarded="101448" />
  <references type="weak" candidates="32" cleared="0" enqueued="0" />
</gc-op>
<gc-end id="3155" type="scavenge" contextid="3151" durationms="3.167" usertimems="7.061" systemtimems="0.000" timestamp="2019-08-08T20:26:02.447" activeThreads="16">
  <mem-info id="3156" free="44158304" total="67108864" percent="65">
    <mem type="nursery" free="42821632" total="47710208" percent="89">
      <mem type="allocate" free="42821632" total="42926080" percent="99" />
      <mem type="survivor" free="0" total="4784128" percent="0" />
    </mem>
    <mem type="tenure" free="1336672" total="19398656" percent="6" macro-fragmented="0">
      <mem type="soa" free="1143136" total="19205120" percent="5" />
      <mem type="loa" free="193536" total="193536" percent="100" />
    </mem>
    <remembered-set count="117" />
  </mem-info>
</gc-end>
<cycle-end id="3157" type="scavenge" contextid="3151" timestamp="2019-08-08T20:26:02.447" />
  <attribute name="elasticGC enabled" value="1" />
  <attribute name= "numThreadsSpecified" value="16" />
  <attribute name="heapSize specified" value="42401792" />
  <attribute name="Current GC Util" value="15" />
  <attribute name= "Current Time Running" value="129863" />
  <attribute name ="GC Interval" value="2129" />
  <attribute name="Target GC Util Change" value ="80.000000" />
  <attribute name="Current GC Util Change" value="15.000000"/>
  <attribute name="Current Error" value="222.000000" />
  <attribute name="Output H" value="67146832"/>
  <attribute name="Output I" value="2128"/>
  <attribute name="Output T" value="16"/>
  <attribute name= "Current Time Running" value="129863" />
  <attribute name="GC Util currently" value="15" />
  <attribute name="CPU Util currently" value="25393810824" />
<allocation-satisfied id="3158" threadId="0000000000959F00" bytesRequested="264" />
<af-end id="3159" timestamp="2019-08-08T20:26:02.447" threadId="000000000095A888" success="true" from="nursery"/>
<exclusive-end id="3160" timestamp="2019-08-08T20:26:02.447" durationms="3.487" />

<exclusive-start id="3161" timestamp="2019-08-08T20:26:02.503" intervalms="59.597">
  <response-info timems="0.080" idlems="0.080" threads="0" lastid="0000000000959F00" lastname="main" />
</exclusive-start>
<af-start id="3162" threadId="000000000095A888" totalBytesRequested="272" timestamp="2019-08-08T20:26:02.503" intervalms="59.562" type="nursery" />
<cycle-start id="3163" type="scavenge" contextid="0" timestamp="2019-08-08T20:26:02.503" intervalms="59.568" />
<gc-start id="3164" type="scavenge" contextid="3163" timestamp="2019-08-08T20:26:02.504">
  <mem-info id="3165" free="1336672" total="67108864" percent="1">
    <mem type="nursery" free="0" total="47710208" percent="0">
      <mem type="allocate" free="0" total="42926080" percent="0" />
      <mem type="survivor" free="0" total="4784128" percent="0" />
    </mem>
    <mem type="tenure" free="1336672" total="19398656" percent="6">
      <mem type="soa" free="1143136" total="19205120" percent="5" />
      <mem type="loa" free="193536" total="193536" percent="100" />
    </mem>
    <remembered-set count="117" />
  </mem-info>
</gc-start>
<allocation-stats totalBytes="42798968" >
  <allocated-bytes non-tlh="264" tlh="42798704" />
  <largest-consumer threadName="main" threadId="0000000000959F00" bytes="42798968" />
</allocation-stats>
<gc-op id="3166" type="scavenge" timems="1.691" contextid="3163" timestamp="2019-08-08T20:26:02.505">
  <scavenger-info tenureage="3" tenuremask="fff8" tiltratio="89" />
  <memory-copied type="nursery" objects="25" bytes="1472" bytesdiscarded="38464" />
  <memory-copied type="tenure" objects="52" bytes="1528" bytesdiscarded="0" />
</gc-op>
<gc-end id="3167" type="scavenge" contextid="3163" durationms="1.989" usertimems="8.167" systemtimems="0.000" timestamp="2019-08-08T20:26:02.506" activeThreads="16">
  <mem-info id="3168" free="44199008" total="67108864" percent="65">
    <mem type="nursery" free="42886144" total="47710208" percent="89">
      <mem type="allocate" free="42886144" total="42926080" percent="99" />
      <mem type="survivor" free="0" total="4784128" percent="0" />
    </mem>
    <mem type="tenure" free="1312864" total="19398656" percent="6" macro-fragmented="0">
      <mem type="soa" free="1119328" total="19205120" percent="5" />
      <mem type="loa" free="193536" total="193536" percent="100" />
    </mem>
    <remembered-set count="113" />
  </mem-info>
</gc-end>
<cycle-end id="3169" type="scavenge" contextid="3163" timestamp="2019-08-08T20:26:02.506" />
  <attribute name="elasticGC enabled" value="1" />
  <attribute name= "numThreadsSpecified" value="16" />
  <attribute name="heapSize specified" value="42401792" />
  <attribute name="Current GC Util" value="6" />
  <attribute name= "Current Time Running" value="129923" />
  <attribute name ="GC Interval" value="2177" />
  <attribute name="Target GC Util Change" value ="80.000000" />
  <attribute name="Current GC Util Change" value="6.000000"/>
  <attribute name="Current Error" value="296.000000" />
  <attribute name="Output H" value="67146880"/>
  <attribute name="Output I" value="2176"/>
  <attribute name="Output T" value="16"/>
  <attribute name= "Current Time Running" value="129923" />
  <attribute name="GC Util currently" value="6" />
  <attribute name="CPU Util currently" value="19341268204" />
<allocation-satisfied id="3170" threadId="0000000000959F00" bytesRequested="272" />
<af-end id="3171" timestamp="2019-08-08T20:26:02.506" threadId="000000000095A888" success="true" from="nursery"/>
<exclusive-end id="3172" timestamp="2019-08-08T20:26:02.506" durationms="2.354" />

<exclusive-start id="3173" timestamp="2019-08-08T20:26:02.546" intervalms="42.930">
  <response-info timems="0.145" idlems="0.145" threads="0" lastid="0000000000959F00" lastname="main" />
</exclusive-start>
<af-start id="3174" threadId="000000000095A888" totalBytesRequested="16" timestamp="2019-08-08T20:26:02.546" intervalms="42.911" type="nursery" />
<cycle-start id="3175" type="scavenge" contextid="0" timestamp="2019-08-08T20:26:02.546" intervalms="42.908" />
<gc-start id="3176" type="scavenge" contextid="3175" timestamp="2019-08-08T20:26:02.546">
  <mem-info id="3177" free="1312864" total="67108864" percent="1">
    <mem type="nursery" free="0" total="47710208" percent="0">
      <mem type="allocate" free="0" total="42926080" percent="0" />
      <mem type="survivor" free="0" total="4784128" percent="0" />
    </mem>
    <mem type="tenure" free="1312864" total="19398656" percent="6">
      <mem type="soa" free="1119328" total="19205120" percent="5" />
      <mem type="loa" free="193536" total="193536" percent="100" />
    </mem>
    <remembered-set count="113" />
  </mem-info>
</gc-start>
<allocation-stats totalBytes="42862752" >
  <allocated-bytes non-tlh="272" tlh="42862480" />
  <largest-consumer threadName="main" threadId="0000000000959F00" bytes="42862752" />
</allocation-stats>
<gc-op id="3178" type="scavenge" timems="1.465" contextid="3175" timestamp="2019-08-08T20:26:02.548">
  <scavenger-info tenureage="3" tenuremask="ffd8" tiltratio="89" />
  <memory-copied type="nursery" objects="8" bytes="1032" bytesdiscarded="15096" />
  <memory-copied type="tenure" objects="18" bytes="568" bytesdiscarded="0" />
</gc-op>
<gc-end id="3179" type="scavenge" contextid="3175" durationms="1.715" usertimems="5.973" systemtimems="0.000" timestamp="2019-08-08T20:26:02.548" activeThreads="16">
  <mem-info id="3180" free="44222816" total="67108864" percent="65">
    <mem type="nursery" free="42909952" total="47710208" percent="89">
      <mem type="allocate" free="42909952" total="42926080" percent="99" />
      <mem type="survivor" free="0" total="4784128" percent="0" />
    </mem>
    <mem type="tenure" free="1312864" total="19398656" percent="6" macro-fragmented="0">
      <mem type="soa" free="1119328" total="19205120" percent="5" />
      <mem type="loa" free="193536" total="193536" percent="100" />
    </mem>
    <remembered-set count="115" />
  </mem-info>
</gc-end>
<cycle-end id="3181" type="scavenge" contextid="3175" timestamp="2019-08-08T20:26:02.548" />
  <attribute name="elasticGC enabled" value="1" />
  <attribute name= "numThreadsSpecified" value="16" />
  <attribute name="heapSize specified" value="42401792" />
  <attribute name="Current GC Util" value="9" />
  <attribute name= "Current Time Running" value="129966" />
  <attribute name ="GC Interval" value="2217" />
  <attribute name="Target GC Util Change" value ="80.000000" />
  <attribute name="Current GC Util Change" value="9.000000"/>
  <attribute name="Current Error" value="367.000000" />
  <attribute name="Output H" value="67146920"/>
  <attribute name="Output I" value="2216"/>
  <attribute name="Output T" value="16"/>
  <attribute name= "Current Time Running" value="129966" />
  <attribute name="GC Util currently" value="9" />
  <attribute name="CPU Util currently" value="26897484804" />
<allocation-satisfied id="3182" threadId="0000000000959F00" bytesRequested="16" />
<af-end id="3183" timestamp="2019-08-08T20:26:02.548" threadId="000000000095A888" success="true" from="nursery"/>
<exclusive-end id="3184" timestamp="2019-08-08T20:26:02.548" durationms="1.960" />

<exclusive-start id="3185" timestamp="2019-08-08T20:26:02.593" intervalms="46.409">
  <response-info timems="0.042" idlems="0.042" threads="0" lastid="0000000000959F00" lastname="main" />
</exclusive-start>
<af-start id="3186" threadId="000000000095A888" totalBytesRequested="32" timestamp="2019-08-08T20:26:02.593" intervalms="46.409" type="nursery" />
<cycle-start id="3187" type="scavenge" contextid="0" timestamp="2019-08-08T20:26:02.593" intervalms="46.481" />
<gc-start id="3188" type="scavenge" contextid="3187" timestamp="2019-08-08T20:26:02.593">
  <mem-info id="3189" free="1312864" total="67108864" percent="1">
    <mem type="nursery" free="0" total="47710208" percent="0">
      <mem type="allocate" free="0" total="42926080" percent="0" />
      <mem type="survivor" free="0" total="4784128" percent="0" />
    </mem>
    <mem type="tenure" free="1312864" total="19398656" percent="6">
      <mem type="soa" free="1119328" total="19205120" percent="5" />
      <mem type="loa" free="193536" total="193536" percent="100" />
    </mem>
    <remembered-set count="115" />
  </mem-info>
</gc-start>
<allocation-stats totalBytes="42887392" >
  <allocated-bytes non-tlh="16" tlh="42887376" />
  <largest-consumer threadName="main" threadId="0000000000959F00" bytes="42887392" />
</allocation-stats>
<gc-op id="3190" type="scavenge" timems="2.409" contextid="3187" timestamp="2019-08-08T20:26:02.595">
  <scavenger-info tenureage="3" tenuremask="ffe8" tiltratio="89" />
  <memory-copied type="nursery" objects="5" bytes="256" bytesdiscarded="15872" />
  <memory-copied type="tenure" objects="1" bytes="520" bytesdiscarded="0" />
</gc-op>
<gc-end id="3191" type="scavenge" contextid="3187" durationms="2.575" usertimems="7.512" systemtimems="0.000" timestamp="2019-08-08T20:26:02.595" activeThreads="16">
  <mem-info id="3192" free="44222816" total="67108864" percent="65">
    <mem type="nursery" free="42909952" total="47710208" percent="89">
      <mem type="allocate" free="42909952" total="42926080" percent="99" />
      <mem type="survivor" free="0" total="4784128" percent="0" />
    </mem>
    <mem type="tenure" free="1312864" total="19398656" percent="6" macro-fragmented="868149">
      <mem type="soa" free="1119328" total="19205120" percent="5" />
      <mem type="loa" free="193536" total="193536" percent="100" />
    </mem>
    <remembered-set count="114" />
  </mem-info>
</gc-end>
<cycle-end id="3193" type="scavenge" contextid="3187" timestamp="2019-08-08T20:26:02.596" />
  <attribute name="elasticGC enabled" value="1" />
  <attribute name= "numThreadsSpecified" value="16" />
  <attribute name="heapSize specified" value="42401792" />
  <attribute name="Current GC Util" value="6" />
  <attribute name= "Current Time Running" value="130012" />
  <attribute name ="GC Interval" value="2257" />
  <attribute name="Target GC Util Change" value ="80.000000" />
  <attribute name="Current GC Util Change" value="6.000000"/>
  <attribute name="Current Error" value="441.000000" />
  <attribute name="Output H" value="67146960"/>
  <attribute name="Output I" value="2256"/>
  <attribute name="Output T" value="16"/>
  <attribute name= "Current Time Running" value="130012" />
  <attribute name="GC Util currently" value="6" />
  <attribute name="CPU Util currently" value="24801958464" />
<allocation-satisfied id="3194" threadId="0000000000959F00" bytesRequested="32" />
<af-end id="3195" timestamp="2019-08-08T20:26:02.596" threadId="000000000095A888" success="true" from="nursery"/>
<exclusive-end id="3196" timestamp="2019-08-08T20:26:02.596" durationms="3.382" />

<exclusive-start id="3197" timestamp="2019-08-08T20:26:02.649" intervalms="56.566">
  <response-info timems="0.043" idlems="0.043" threads="0" lastid="0000000000959F00" lastname="main" />
</exclusive-start>
<af-start id="3198" threadId="000000000095A888" totalBytesRequested="40" timestamp="2019-08-08T20:26:02.649" intervalms="56.556" type="nursery" />
<cycle-start id="3199" type="scavenge" contextid="0" timestamp="2019-08-08T20:26:02.649" intervalms="56.480" />
<gc-start id="3200" type="scavenge" contextid="3199" timestamp="2019-08-08T20:26:02.649">
  <mem-info id="3201" free="1312864" total="67108864" percent="1">
    <mem type="nursery" free="0" total="47710208" percent="0">
      <mem type="allocate" free="0" total="42926080" percent="0" />
      <mem type="survivor" free="0" total="4784128" percent="0" />
    </mem>
    <mem type="tenure" free="1312864" total="19398656" percent="6">
      <mem type="soa" free="1119328" total="19205120" percent="5" />
      <mem type="loa" free="193536" total="193536" percent="100" />
    </mem>
    <remembered-set count="119" />
  </mem-info>
</gc-start>
<allocation-stats totalBytes="42882856" >
  <allocated-bytes non-tlh="32" tlh="42882824" />
  <largest-consumer threadName="main" threadId="0000000000959F00" bytes="42882856" />
</allocation-stats>
<gc-op id="3202" type="scavenge" timems="1.062" contextid="3199" timestamp="2019-08-08T20:26:02.650">
  <scavenger-info tenureage="3" tenuremask="ffe8" tiltratio="89" />
  <memory-copied type="nursery" objects="28" bytes="1280" bytesdiscarded="14848" />
</gc-op>
<gc-end id="3203" type="scavenge" contextid="3199" durationms="1.221" usertimems="4.650" systemtimems="0.000" timestamp="2019-08-08T20:26:02.651" activeThreads="16">
  <mem-info id="3204" free="44222816" total="67108864" percent="65">
    <mem type="nursery" free="42909952" total="47710208" percent="89">
      <mem type="allocate" free="42909952" total="42926080" percent="99" />
      <mem type="survivor" free="0" total="4784128" percent="0" />
    </mem>
    <mem type="tenure" free="1312864" total="19398656" percent="6" macro-fragmented="418667">
      <mem type="soa" free="1119328" total="19205120" percent="5" />
      <mem type="loa" free="193536" total="193536" percent="100" />
    </mem>
    <remembered-set count="119" />
  </mem-info>
</gc-end>
<cycle-end id="3205" type="scavenge" contextid="3199" timestamp="2019-08-08T20:26:02.651" />
  <attribute name="elasticGC enabled" value="1" />
  <attribute name= "numThreadsSpecified" value="16" />
  <attribute name="heapSize specified" value="42401792" />
  <attribute name="Current GC Util" value="9" />
  <attribute name= "Current Time Running" value="130069" />
  <attribute name ="GC Interval" value="2041" />
  <attribute name="Target GC Util Change" value ="80.000000" />
  <attribute name="Current GC Util Change" value="9.000000"/>
  <attribute name="Current Error" value="71.000000" />
  <attribute name="Output H" value="67146744"/>
  <attribute name="Output I" value="2040"/>
  <attribute name="Output T" value="16"/>
  <attribute name= "Current Time Running" value="130069" />
  <attribute name="GC Util currently" value="9" />
  <attribute name="CPU Util currently" value="20420104517" />
<allocation-satisfied id="3206" threadId="0000000000959F00" bytesRequested="40" />
<af-end id="3207" timestamp="2019-08-08T20:26:02.651" threadId="000000000095A888" success="true" from="nursery"/>
<exclusive-end id="3208" timestamp="2019-08-08T20:26:02.651" durationms="1.452" />

<exclusive-start id="3209" timestamp="2019-08-08T20:26:02.688" intervalms="38.379">
  <response-info timems="0.040" idlems="0.040" threads="0" lastid="0000000000959F00" lastname="main" />
</exclusive-start>
<af-start id="3210" threadId="000000000095A888" totalBytesRequested="240" timestamp="2019-08-08T20:26:02.688" intervalms="38.382" type="nursery" />
<cycle-start id="3211" type="scavenge" contextid="0" timestamp="2019-08-08T20:26:02.688" intervalms="38.379" />
<gc-start id="3212" type="scavenge" contextid="3211" timestamp="2019-08-08T20:26:02.688">
  <mem-info id="3213" free="1312864" total="67108864" percent="1">
    <mem type="nursery" free="0" total="47710208" percent="0">
      <mem type="allocate" free="0" total="42926080" percent="0" />
      <mem type="survivor" free="0" total="4784128" percent="0" />
    </mem>
    <mem type="tenure" free="1312864" total="19398656" percent="6">
      <mem type="soa" free="1119328" total="19205120" percent="5" />
      <mem type="loa" free="193536" total="193536" percent="100" />
    </mem>
    <remembered-set count="119" />
  </mem-info>
</gc-start>
<allocation-stats totalBytes="42870760" >
  <allocated-bytes non-tlh="40" tlh="42870720" />
  <largest-consumer threadName="main" threadId="0000000000959F00" bytes="42870760" />
</allocation-stats>
<gc-op id="3214" type="scavenge" timems="1.149" contextid="3211" timestamp="2019-08-08T20:26:02.689">
  <scavenger-info tenureage="3" tenuremask="fff8" tiltratio="89" />
  <memory-copied type="nursery" objects="29" bytes="1336" bytesdiscarded="30920" />
</gc-op>
<gc-end id="3215" type="scavenge" contextid="3211" durationms="1.442" usertimems="4.304" systemtimems="0.000" timestamp="2019-08-08T20:26:02.689" activeThreads="16">
  <mem-info id="3216" free="44206688" total="67108864" percent="65">
    <mem type="nursery" free="42893824" total="47710208" percent="89">
      <mem type="allocate" free="42893824" total="42926080" percent="99" />
      <mem type="survivor" free="0" total="4784128" percent="0" />
    </mem>
    <mem type="tenure" free="1312864" total="19398656" percent="6" macro-fragmented="0">
      <mem type="soa" free="1119328" total="19205120" percent="5" />
      <mem type="loa" free="193536" total="193536" percent="100" />
    </mem>
    <remembered-set count="114" />
  </mem-info>
</gc-end>
<cycle-end id="3217" type="scavenge" contextid="3211" timestamp="2019-08-08T20:26:02.689" />
  <attribute name="elasticGC enabled" value="1" />
  <attribute name= "numThreadsSpecified" value="16" />
  <attribute name="heapSize specified" value="42401792" />
  <attribute name="Current GC Util" value="7" />
  <attribute name= "Current Time Running" value="130107" />
  <attribute name ="GC Interval" value="2089" />
  <attribute name="Target GC Util Change" value ="80.000000" />
  <attribute name="Current GC Util Change" value="7.000000"/>
  <attribute name="Current Error" value="144.000000" />
  <attribute name="Output H" value="67146792"/>
  <attribute name="Output I" value="2088"/>
  <attribute name="Output T" value="16"/>
  <attribute name= "Current Time Running" value="130107" />
  <attribute name="GC Util currently" value="7" />
  <attribute name="CPU Util currently" value="29996025294" />
<allocation-satisfied id="3218" threadId="0000000000959F00" bytesRequested="240" />
<af-end id="3219" timestamp="2019-08-08T20:26:02.689" threadId="000000000095A888" success="true" from="nursery"/>
<exclusive-end id="3220" timestamp="2019-08-08T20:26:02.689" durationms="1.655" />

<exclusive-start id="3221" timestamp="2019-08-08T20:26:02.755" intervalms="67.049">
  <response-info timems="0.045" idlems="0.045" threads="0" lastid="0000000000959F00" lastname="main" />
</exclusive-start>
<af-start id="3222" threadId="000000000095A888" totalBytesRequested="24" timestamp="2019-08-08T20:26:02.755" intervalms="67.076" type="nursery" />
<cycle-start id="3223" type="scavenge" contextid="0" timestamp="2019-08-08T20:26:02.755" intervalms="67.109" />
<gc-start id="3224" type="scavenge" contextid="3223" timestamp="2019-08-08T20:26:02.755">
  <mem-info id="3225" free="1312864" total="67108864" percent="1">
    <mem type="nursery" free="0" total="47710208" percent="0">
      <mem type="allocate" free="0" total="42926080" percent="0" />
      <mem type="survivor" free="0" total="4784128" percent="0" />
    </mem>
    <mem type="tenure" free="1312864" total="19398656" percent="6">
      <mem type="soa" free="1119328" total="19205120" percent="5" />
      <mem type="loa" free="193536" total="193536" percent="100" />
    </mem>
    <remembered-set count="116" />
  </mem-info>
</gc-start>
<allocation-stats totalBytes="42865184" >
  <allocated-bytes non-tlh="240" tlh="42864944" />
  <largest-consumer threadName="main" threadId="0000000000959F00" bytes="42865184" />
</allocation-stats>
<gc-op id="3226" type="scavenge" timems="1.194" contextid="3223" timestamp="2019-08-08T20:26:02.756">
  <scavenger-info tenureage="3" tenuremask="fff8" tiltratio="89" />
  <memory-copied type="nursery" objects="54" bytes="2304" bytesdiscarded="29952" />
</gc-op>
<gc-end id="3227" type="scavenge" contextid="3223" durationms="1.503" usertimems="3.618" systemtimems="0.000" timestamp="2019-08-08T20:26:02.756" activeThreads="16">
  <mem-info id="3228" free="44206688" total="67108864" percent="65">
    <mem type="nursery" free="42893824" total="47710208" percent="89">
      <mem type="allocate" free="42893824" total="42926080" percent="99" />
      <mem type="survivor" free="0" total="4784128" percent="0" />
    </mem>
    <mem type="tenure" free="1312864" total="19398656" percent="6" macro-fragmented="8200">
      <mem type="soa" free="1119328" total="19205120" percent="5" />
      <mem type="loa" free="193536" total="193536" percent="100" />
    </mem>
    <remembered-set count="116" />
  </mem-info>
</gc-end>
<cycle-end id="3229" type="scavenge" contextid="3223" timestamp="2019-08-08T20:26:02.756" />
  <attribute name="elasticGC enabled" value="1" />
  <attribute name= "numThreadsSpecified" value="16" />
  <attribute name="heapSize specified" value="42401792" />
  <attribute name="Current GC Util" value="3" />
  <attribute name= "Current Time Running" value="130174" />
  <attribute name ="GC Interval" value="2129" />
  <attribute name="Target GC Util Change" value ="80.000000" />
  <attribute name="Current GC Util Change" value="3.000000"/>
  <attribute name="Current Error" value="221.000000" />
  <attribute name="Output H" value="67146832"/>
  <attribute name="Output I" value="2128"/>
  <attribute name="Output T" value="16"/>
  <attribute name= "Current Time Running" value="130174" />
  <attribute name="GC Util currently" value="3" />
  <attribute name="CPU Util currently" value="17189443532" />
<allocation-satisfied id="3230" threadId="0000000000959F00" bytesRequested="24" />
<af-end id="3231" timestamp="2019-08-08T20:26:02.757" threadId="000000000095A888" success="true" from="nursery"/>
<exclusive-end id="3232" timestamp="2019-08-08T20:26:02.757" durationms="1.805" />

<exclusive-start id="3233" timestamp="2019-08-08T20:26:02.867" intervalms="112.446">
  <response-info timems="0.110" idlems="0.110" threads="0" lastid="0000000000959F00" lastname="main" />
</exclusive-start>
<af-start id="3234" threadId="000000000095A888" totalBytesRequested="136" timestamp="2019-08-08T20:26:02.867" intervalms="112.433" type="nursery" />
<cycle-start id="3235" type="scavenge" contextid="0" timestamp="2019-08-08T20:26:02.867" intervalms="112.400" />
<gc-start id="3236" type="scavenge" contextid="3235" timestamp="2019-08-08T20:26:02.867">
  <mem-info id="3237" free="1312864" total="67108864" percent="1">
    <mem type="nursery" free="0" total="47710208" percent="0">
      <mem type="allocate" free="0" total="42926080" percent="0" />
      <mem type="survivor" free="0" total="4784128" percent="0" />
    </mem>
    <mem type="tenure" free="1312864" total="19398656" percent="6">
      <mem type="soa" free="1119328" total="19205120" percent="5" />
      <mem type="loa" free="193536" total="193536" percent="100" />
    </mem>
    <remembered-set count="116" />
  </mem-info>
</gc-start>
<allocation-stats totalBytes="42884832" >
  <allocated-bytes non-tlh="24" tlh="42884808" />
  <largest-consumer threadName="main" threadId="0000000000959F00" bytes="42884832" />
</allocation-stats>
<gc-op id="3238" type="scavenge" timems="1.243" contextid="3235" timestamp="2019-08-08T20:26:02.869">
  <scavenger-info tenureage="4" tenuremask="fff0" tiltratio="89" />
  <memory-copied type="nursery" objects="60" bytes="2560" bytesdiscarded="29696" />
</gc-op>
<gc-end id="3239" type="scavenge" contextid="3235" durationms="1.896" usertimems="5.991" systemtimems="0.000" timestamp="2019-08-08T20:26:02.869" activeThreads="16">
  <mem-info id="3240" free="44206688" total="67108864" percent="65">
    <mem type="nursery" free="42893824" total="47710208" percent="89">
      <mem type="allocate" free="42893824" total="42926080" percent="99" />
      <mem type="survivor" free="0" total="4784128" percent="0" />
    </mem>
    <mem type="tenure" free="1312864" total="19398656" percent="6" macro-fragmented="0">
      <mem type="soa" free="1119328" total="19205120" percent="5" />
      <mem type="loa" free="193536" total="193536" percent="100" />
    </mem>
    <remembered-set count="116" />
  </mem-info>
</gc-end>
<cycle-end id="3241" type="scavenge" contextid="3235" timestamp="2019-08-08T20:26:02.869" />
  <attribute name="elasticGC enabled" value="1" />
  <attribute name= "numThreadsSpecified" value="16" />
  <attribute name="heapSize specified" value="42401792" />
  <attribute name="Current GC Util" value="2" />
  <attribute name= "Current Time Running" value="130286" />
  <attribute name ="GC Interval" value="2177" />
  <attribute name="Target GC Util Change" value ="80.000000" />
  <attribute name="Current GC Util Change" value="2.000000"/>
  <attribute name="Current Error" value="299.000000" />
  <attribute name="Output H" value="67146880"/>
  <attribute name="Output I" value="2176"/>
  <attribute name="Output T" value="16"/>
  <attribute name= "Current Time Running" value="130286" />
  <attribute name="GC Util currently" value="2" />
  <attribute name="CPU Util currently" value="10258788409" />
<allocation-satisfied id="3242" threadId="0000000000959F00" bytesRequested="136" />
<af-end id="3243" timestamp="2019-08-08T20:26:02.869" threadId="000000000095A888" success="true" from="nursery"/>
<exclusive-end id="3244" timestamp="2019-08-08T20:26:02.869" durationms="2.132" />

<exclusive-start id="3245" timestamp="2019-08-08T20:26:04.628" intervalms="1761.190">
  <response-info timems="0.045" idlems="0.045" threads="0" lastid="0000000000959F00" lastname="main" />
</exclusive-start>
<af-start id="3246" threadId="000000000095A888" totalBytesRequested="18040" timestamp="2019-08-08T20:26:04.628" intervalms="1761.176" type="nursery" />
<cycle-start id="3247" type="scavenge" contextid="0" timestamp="2019-08-08T20:26:04.628" intervalms="1761.178" />
<gc-start id="3248" type="scavenge" contextid="3247" timestamp="2019-08-08T20:26:04.628">
  <mem-info id="3249" free="1312864" total="67108864" percent="1">
    <mem type="nursery" free="0" total="47710208" percent="0">
      <mem type="allocate" free="0" total="42926080" percent="0" />
      <mem type="survivor" free="0" total="4784128" percent="0" />
    </mem>
    <mem type="tenure" free="1312864" total="19398656" percent="6">
      <mem type="soa" free="1119328" total="19205120" percent="5" />
      <mem type="loa" free="193536" total="193536" percent="100" />
    </mem>
    <remembered-set count="128" />
  </mem-info>
</gc-start>
<allocation-stats totalBytes="42108904" >
  <allocated-bytes non-tlh="136" tlh="42108768" />
  <largest-consumer threadName="main" threadId="0000000000959F00" bytes="42108904" />
</allocation-stats>
<gc-op id="3250" type="scavenge" timems="0.900" contextid="3247" timestamp="2019-08-08T20:26:04.629">
  <scavenger-info tenureage="3" tenuremask="fff8" tiltratio="89" />
  <memory-copied type="nursery" objects="80" bytes="22736" bytesdiscarded="29752" />
  <memory-copied type="tenure" objects="12" bytes="560" bytesdiscarded="0" />
</gc-op>
<gc-end id="3251" type="scavenge" contextid="3247" durationms="1.107" usertimems="3.017" systemtimems="0.000" timestamp="2019-08-08T20:26:04.630" activeThreads="16">
  <mem-info id="3252" free="44186456" total="67108864" percent="65">
    <mem type="nursery" free="42873592" total="47710208" percent="89">
      <mem type="allocate" free="42873592" total="42926080" percent="99" />
      <mem type="survivor" free="0" total="4784128" percent="0" />
    </mem>
    <mem type="tenure" free="1312864" total="19398656" percent="6" macro-fragmented="0">
      <mem type="soa" free="1119328" total="19205120" percent="5" />
      <mem type="loa" free="193536" total="193536" percent="100" />
    </mem>
    <remembered-set count="124" />
  </mem-info>
</gc-end>
<cycle-end id="3253" type="scavenge" contextid="3247" timestamp="2019-08-08T20:26:04.630" />
  <attribute name="elasticGC enabled" value="1" />
  <attribute name= "numThreadsSpecified" value="16" />
  <attribute name="heapSize specified" value="42401792" />
  <attribute name="Current GC Util" value="0" />
  <attribute name= "Current Time Running" value="132048" />
  <attribute name ="GC Interval" value="2225" />
  <attribute name="Target GC Util Change" value ="80.000000" />
  <attribute name="Current GC Util Change" value="0.000000"/>
  <attribute name="Current Error" value="379.000000" />
  <attribute name="Output H" value="67146928"/>
  <attribute name="Output I" value="2224"/>
  <attribute name="Output T" value="16"/>
  <attribute name= "Current Time Running" value="132048" />
  <attribute name="GC Util currently" value="0" />
  <attribute name="CPU Util currently" value="10" />
<allocation-satisfied id="3254" threadId="0000000000959F00" bytesRequested="18040" />
<af-end id="3255" timestamp="2019-08-08T20:26:04.630" threadId="000000000095A888" success="true" from="nursery"/>
<exclusive-end id="3256" timestamp="2019-08-08T20:26:04.630" durationms="1.368" />

<exclusive-start id="3257" timestamp="2019-08-08T20:26:04.674" intervalms="45.844">
  <response-info timems="0.050" idlems="0.050" threads="0" lastid="0000000000959F00" lastname="main" />
</exclusive-start>
<af-start id="3258" threadId="000000000095A888" totalBytesRequested="15888" timestamp="2019-08-08T20:26:04.674" intervalms="45.852" type="nursery" />
<cycle-start id="3259" type="scavenge" contextid="0" timestamp="2019-08-08T20:26:04.674" intervalms="45.857" />
<gc-start id="3260" type="scavenge" contextid="3259" timestamp="2019-08-08T20:26:04.674">
  <mem-info id="3261" free="1312864" total="67108864" percent="1">
    <mem type="nursery" free="0" total="47710208" percent="0">
      <mem type="allocate" free="0" total="42926080" percent="0" />
      <mem type="survivor" free="0" total="4784128" percent="0" />
    </mem>
    <mem type="tenure" free="1312864" total="19398656" percent="6">
      <mem type="soa" free="1119328" total="19205120" percent="5" />
      <mem type="loa" free="193536" total="193536" percent="100" />
    </mem>
    <remembered-set count="124" />
  </mem-info>
</gc-start>
<allocation-stats totalBytes="40230608" >
  <allocated-bytes non-tlh="18040" tlh="40212568" />
  <largest-consumer threadName="main" threadId="0000000000959F00" bytes="40230608" />
</allocation-stats>
<gc-op id="3262" type="scavenge" timems="1.769" contextid="3259" timestamp="2019-08-08T20:26:04.676">
  <scavenger-info tenureage="4" tenuremask="ffd0" tiltratio="89" />
  <memory-copied type="nursery" objects="80" bytes="38392" bytesdiscarded="29784" />
</gc-op>
<gc-end id="3263" type="scavenge" contextid="3259" durationms="2.062" usertimems="6.605" systemtimems="0.000" timestamp="2019-08-08T20:26:04.676" activeThreads="16">
  <mem-info id="3264" free="44170768" total="67108864" percent="65">
    <mem type="nursery" free="42857904" total="47710208" percent="89">
      <mem type="allocate" free="42857904" total="42926080" percent="99" />
      <mem type="survivor" free="0" total="4784128" percent="0" />
    </mem>
    <mem type="tenure" free="1312864" total="19398656" percent="6" macro-fragmented="602881">
      <mem type="soa" free="1119328" total="19205120" percent="5" />
      <mem type="loa" free="193536" total="193536" percent="100" />
    </mem>
    <remembered-set count="124" />
  </mem-info>
</gc-end>
<cycle-end id="3265" type="scavenge" contextid="3259" timestamp="2019-08-08T20:26:04.676" />
  <attribute name="elasticGC enabled" value="1" />
  <attribute name= "numThreadsSpecified" value="16" />
  <attribute name="heapSize specified" value="42401792" />
  <attribute name="Current GC Util" value="4" />
  <attribute name= "Current Time Running" value="132093" />
  <attribute name ="GC Interval" value="2265" />
  <attribute name="Target GC Util Change" value ="80.000000" />
  <attribute name="Current GC Util Change" value="4.000000"/>
  <attribute name="Current Error" value="455.000000" />
  <attribute name="Output H" value="67146968"/>
  <attribute name="Output I" value="2264"/>
  <attribute name="Output T" value="16"/>
  <attribute name= "Current Time Running" value="132093" />
  <attribute name="GC Util currently" value="4" />
  <attribute name="CPU Util currently" value="25145738402" />
<allocation-satisfied id="3266" threadId="0000000000959F00" bytesRequested="15888" />
<af-end id="3267" timestamp="2019-08-08T20:26:04.677" threadId="000000000095A888" success="true" from="nursery"/>
<exclusive-end id="3268" timestamp="2019-08-08T20:26:04.677" durationms="2.375" />

<exclusive-start id="3269" timestamp="2019-08-08T20:26:05.866" intervalms="1191.998">
  <response-info timems="0.069" idlems="0.069" threads="0" lastid="0000000000959F00" lastname="main" />
</exclusive-start>
<af-start id="3270" threadId="000000000095A888" totalBytesRequested="80" timestamp="2019-08-08T20:26:05.866" intervalms="1192.014" type="nursery" />
<cycle-start id="3271" type="scavenge" contextid="0" timestamp="2019-08-08T20:26:05.866" intervalms="1192.016" />
<gc-start id="3272" type="scavenge" contextid="3271" timestamp="2019-08-08T20:26:05.866">
  <mem-info id="3273" free="1312864" total="67108864" percent="1">
    <mem type="nursery" free="0" total="47710208" percent="0">
      <mem type="allocate" free="0" total="42926080" percent="0" />
      <mem type="survivor" free="0" total="4784128" percent="0" />
    </mem>
    <mem type="tenure" free="1312864" total="19398656" percent="6">
      <mem type="soa" free="1119328" total="19205120" percent="5" />
      <mem type="loa" free="193536" total="193536" percent="100" />
    </mem>
    <remembered-set count="134" />
  </mem-info>
</gc-start>
<allocation-stats totalBytes="42853784" >
  <allocated-bytes non-tlh="15888" tlh="42837896" />
  <largest-consumer threadName="main" threadId="0000000000959F00" bytes="42853784" />
</allocation-stats>
<gc-op id="3274" type="scavenge" timems="1.154" contextid="3271" timestamp="2019-08-08T20:26:05.868">
  <scavenger-info tenureage="3" tenuremask="fff8" tiltratio="89" />
  <memory-copied type="nursery" objects="94" bytes="2536" bytesdiscarded="29720" />
  <memory-copied type="tenure" objects="7" bytes="160" bytesdiscarded="0" />
</gc-op>
<gc-end id="3275" type="scavenge" contextid="3271" durationms="1.577" usertimems="4.577" systemtimems="0.000" timestamp="2019-08-08T20:26:05.868" activeThreads="16">
  <mem-info id="3276" free="44206688" total="67108864" percent="65">
    <mem type="nursery" free="42893824" total="47710208" percent="89">
      <mem type="allocate" free="42893824" total="42926080" percent="99" />
      <mem type="survivor" free="0" total="4784128" percent="0" />
    </mem>
    <mem type="tenure" free="1312864" total="19398656" percent="6" macro-fragmented="0">
      <mem type="soa" free="1119328" total="19205120" percent="5" />
      <mem type="loa" free="193536" total="193536" percent="100" />
    </mem>
    <remembered-set count="132" />
  </mem-info>
</gc-end>
<cycle-end id="3277" type="scavenge" contextid="3271" timestamp="2019-08-08T20:26:05.868" />
  <attribute name="elasticGC enabled" value="1" />
  <attribute name= "numThreadsSpecified" value="16" />
  <attribute name="heapSize specified" value="42401792" />
  <attribute name="Current GC Util" value="0" />
  <attribute name= "Current Time Running" value="133286" />
  <attribute name ="GC Interval" value="2049" />
  <attribute name="Target GC Util Change" value ="80.000000" />
  <attribute name="Current GC Util Change" value="0.000000"/>
  <attribute name="Current Error" value="80.000000" />
  <attribute name="Output H" value="67146752"/>
  <attribute name="Output I" value="2048"/>
  <attribute name="Output T" value="16"/>
  <attribute name= "Current Time Running" value="133286" />
  <attribute name="GC Util currently" value="0" />
  <attribute name="CPU Util currently" value="967197909" />
<allocation-satisfied id="3278" threadId="0000000000959F00" bytesRequested="80" />
<af-end id="3279" timestamp="2019-08-08T20:26:05.868" threadId="000000000095A888" success="true" from="nursery"/>
<exclusive-end id="3280" timestamp="2019-08-08T20:26:05.868" durationms="1.979" />

<exclusive-start id="3281" timestamp="2019-08-08T20:26:06.179" intervalms="312.905">
  <response-info timems="0.176" idlems="0.176" threads="0" lastid="0000000000959F00" lastname="main" />
</exclusive-start>
<af-start id="3282" threadId="000000000095A888" totalBytesRequested="24" timestamp="2019-08-08T20:26:06.179" intervalms="312.888" type="nursery" />
<cycle-start id="3283" type="scavenge" contextid="0" timestamp="2019-08-08T20:26:06.179" intervalms="312.885" />
<gc-start id="3284" type="scavenge" contextid="3283" timestamp="2019-08-08T20:26:06.179">
  <mem-info id="3285" free="1312832" total="67108864" percent="1">
    <mem type="nursery" free="0" total="47710208" percent="0">
      <mem type="allocate" free="0" total="42926080" percent="0" />
      <mem type="survivor" free="0" total="4784128" percent="0" />
    </mem>
    <mem type="tenure" free="1312832" total="19398656" percent="6">
      <mem type="soa" free="1119296" total="19205120" percent="5" />
      <mem type="loa" free="193536" total="193536" percent="100" />
    </mem>
    <remembered-set count="135" />
  </mem-info>
</gc-start>
<allocation-stats totalBytes="42888296" >
  <allocated-bytes non-tlh="112" tlh="42888184" />
  <largest-consumer threadName="main" threadId="0000000000959F00" bytes="42888296" />
</allocation-stats>
<gc-op id="3286" type="scavenge" timems="3.829" contextid="3283" timestamp="2019-08-08T20:26:06.183">
  <scavenger-info tenureage="4" tenuremask="ffd0" tiltratio="89" />
  <memory-copied type="nursery" objects="125" bytes="3560" bytesdiscarded="12568" />
</gc-op>
<gc-end id="3287" type="scavenge" contextid="3283" durationms="4.158" usertimems="13.368" systemtimems="0.000" timestamp="2019-08-08T20:26:06.183" activeThreads="16">
  <mem-info id="3288" free="44222784" total="67108864" percent="65">
    <mem type="nursery" free="42909952" total="47710208" percent="89">
      <mem type="allocate" free="42909952" total="42926080" percent="99" />
      <mem type="survivor" free="0" total="4784128" percent="0" />
    </mem>
    <mem type="tenure" free="1312832" total="19398656" percent="6" macro-fragmented="0">
      <mem type="soa" free="1119296" total="19205120" percent="5" />
      <mem type="loa" free="193536" total="193536" percent="100" />
    </mem>
    <remembered-set count="135" />
  </mem-info>
</gc-end>
<cycle-end id="3289" type="scavenge" contextid="3283" timestamp="2019-08-08T20:26:06.184" />
  <attribute name="elasticGC enabled" value="1" />
  <attribute name= "numThreadsSpecified" value="16" />
  <attribute name="heapSize specified" value="42401792" />
  <attribute name="Current GC Util" value="0" />
  <attribute name= "Current Time Running" value="133598" />
  <attribute name ="GC Interval" value="2097" />
  <attribute name="Target GC Util Change" value ="80.000000" />
  <attribute name="Current GC Util Change" value="0.000000"/>
  <attribute name="Current Error" value="160.000000" />
  <attribute name="Output H" value="67146800"/>
  <attribute name="Output I" value="2096"/>
  <attribute name="Output T" value="16"/>
  <attribute name= "Current Time Running" value="133598" />
  <attribute name="GC Util currently" value="0" />
  <attribute name="CPU Util currently" value="3684369109" />
<allocation-satisfied id="3290" threadId="0000000000959F00" bytesRequested="24" />
<af-end id="3291" timestamp="2019-08-08T20:26:06.184" threadId="000000000095A888" success="true" from="nursery"/>
<exclusive-end id="3292" timestamp="2019-08-08T20:26:06.184" durationms="4.499" />

<exclusive-start id="3293" timestamp="2019-08-08T20:26:06.697" intervalms="518.403">
  <response-info timems="2.306" idlems="2.306" threads="0" lastid="0000000000959F00" lastname="main" />
</exclusive-start>
<af-start id="3294" threadId="000000000095A888" totalBytesRequested="16" timestamp="2019-08-08T20:26:06.698" intervalms="518.404" type="nursery" />
<cycle-start id="3295" type="scavenge" contextid="0" timestamp="2019-08-08T20:26:06.698" intervalms="518.402" />
<gc-start id="3296" type="scavenge" contextid="3295" timestamp="2019-08-08T20:26:06.698">
  <mem-info id="3297" free="1312832" total="67108864" percent="1">
    <mem type="nursery" free="0" total="47710208" percent="0">
      <mem type="allocate" free="0" total="42926080" percent="0" />
      <mem type="survivor" free="0" total="4784128" percent="0" />
    </mem>
    <mem type="tenure" free="1312832" total="19398656" percent="6">
      <mem type="soa" free="1119296" total="19205120" percent="5" />
      <mem type="loa" free="193536" total="193536" percent="100" />
    </mem>
    <remembered-set count="137" />
  </mem-info>
</gc-start>
<allocation-stats totalBytes="42898480" >
  <allocated-bytes non-tlh="24" tlh="42898456" />
  <largest-consumer threadName="main" threadId="0000000000959F00" bytes="42898480" />
</allocation-stats>
<gc-op id="3298" type="scavenge" timems="2.239" contextid="3295" timestamp="2019-08-08T20:26:06.700">
  <scavenger-info tenureage="3" tenuremask="fff8" tiltratio="89" />
  <memory-copied type="nursery" objects="80" bytes="2616" bytesdiscarded="29640" />
  <memory-copied type="tenure" objects="42" bytes="960" bytesdiscarded="0" />
</gc-op>
<gc-end id="3299" type="scavenge" contextid="3295" durationms="2.729" usertimems="6.827" systemtimems="0.000" timestamp="2019-08-08T20:26:06.700" activeThreads="16">
  <mem-info id="3300" free="44206656" total="67108864" percent="65">
    <mem type="nursery" free="42893824" total="47710208" percent="89">
      <mem type="allocate" free="42893824" total="42926080" percent="99" />
      <mem type="survivor" free="0" total="4784128" percent="0" />
    </mem>
    <mem type="tenure" free="1312832" total="19398656" percent="6" macro-fragmented="418667">
      <mem type="soa" free="1119296" total="19205120" percent="5" />
      <mem type="loa" free="193536" total="193536" percent="100" />
    </mem>
    <remembered-set count="125" />
  </mem-info>
</gc-end>
<cycle-end id="3301" type="scavenge" contextid="3295" timestamp="2019-08-08T20:26:06.700" />
  <attribute name="elasticGC enabled" value="1" />
  <attribute name= "numThreadsSpecified" value="16" />
  <attribute name="heapSize specified" value="42401792" />
  <attribute name="Current GC Util" value="1" />
  <attribute name= "Current Time Running" value="134117" />
  <attribute name ="GC Interval" value="2145" />
  <attribute name="Target GC Util Change" value ="80.000000" />
  <attribute name="Current GC Util Change" value="1.000000"/>
  <attribute name="Current Error" value="239.000000" />
  <attribute name="Output H" value="67146848"/>
  <attribute name="Output I" value="2144"/>
  <attribute name="Output T" value="16"/>
  <attribute name= "Current Time Running" value="134117" />
  <attribute name="GC Util currently" value="1" />
  <attribute name="CPU Util currently" value="2224155788" />
<allocation-satisfied id="3302" threadId="0000000000959F00" bytesRequested="16" />
<af-end id="3303" timestamp="2019-08-08T20:26:06.701" threadId="000000000095A888" success="true" from="nursery"/>
<exclusive-end id="3304" timestamp="2019-08-08T20:26:06.701" durationms="3.027" />

<exclusive-start id="3305" timestamp="2019-08-08T20:26:07.221" intervalms="523.103">
  <response-info timems="0.077" idlems="0.077" threads="0" lastid="0000000000959F00" lastname="main" />
</exclusive-start>
<af-start id="3306" threadId="000000000095A888" totalBytesRequested="40" timestamp="2019-08-08T20:26:07.221" intervalms="523.095" type="nursery" />
<cycle-start id="3307" type="scavenge" contextid="0" timestamp="2019-08-08T20:26:07.221" intervalms="523.093" />
<gc-start id="3308" type="scavenge" contextid="3307" timestamp="2019-08-08T20:26:07.221">
  <mem-info id="3309" free="1312832" total="67108864" percent="1">
    <mem type="nursery" free="0" total="47710208" percent="0">
      <mem type="allocate" free="0" total="42926080" percent="0" />
      <mem type="survivor" free="0" total="4784128" percent="0" />
    </mem>
    <mem type="tenure" free="1312832" total="19398656" percent="6">
      <mem type="soa" free="1119296" total="19205120" percent="5" />
      <mem type="loa" free="193536" total="193536" percent="100" />
    </mem>
    <remembered-set count="128" />
  </mem-info>
</gc-start>
<allocation-stats totalBytes="42880688" >
  <allocated-bytes non-tlh="16" tlh="42880672" />
  <largest-consumer threadName="main" threadId="0000000000959F00" bytes="42880688" />
</allocation-stats>
<gc-op id="3310" type="scavenge" timems="2.085" contextid="3307" timestamp="2019-08-08T20:26:07.223">
  <scavenger-info tenureage="4" tenuremask="ffd0" tiltratio="89" />
  <memory-copied type="nursery" objects="84" bytes="2376" bytesdiscarded="29880" />
</gc-op>
<gc-end id="3311" type="scavenge" contextid="3307" durationms="2.499" usertimems="1.422" systemtimems="0.000" timestamp="2019-08-08T20:26:07.223" activeThreads="16">
  <mem-info id="3312" free="44206656" total="67108864" percent="65">
    <mem type="nursery" free="42893824" total="47710208" percent="89">
      <mem type="allocate" free="42893824" total="42926080" percent="99" />
      <mem type="survivor" free="0" total="4784128" percent="0" />
    </mem>
    <mem type="tenure" free="1312832" total="19398656" percent="6" macro-fragmented="0">
      <mem type="soa" free="1119296" total="19205120" percent="5" />
      <mem type="loa" free="193536" total="193536" percent="100" />
    </mem>
    <remembered-set count="126" />
  </mem-info>
</gc-end>
<cycle-end id="3313" type="scavenge" contextid="3307" timestamp="2019-08-08T20:26:07.223" />
  <attribute name="elasticGC enabled" value="1" />
  <attribute name= "numThreadsSpecified" value="16" />
  <attribute name="heapSize specified" value="42401792" />
  <attribute name="Current GC Util" value="0" />
  <attribute name= "Current Time Running" value="134640" />
  <attribute name ="GC Interval" value="2185" />
  <attribute name="Target GC Util Change" value ="80.000000" />
  <attribute name="Current GC Util Change" value="0.000000"/>
  <attribute name="Current Error" value="319.000000" />
  <attribute name="Output H" value="67146888"/>
  <attribute name="Output I" value="2184"/>
  <attribute name="Output T" value="16"/>
  <attribute name= "Current Time Running" value="134640" />
  <attribute name="GC Util currently" value="0" />
  <attribute name="CPU Util currently" value="2204069686" />
<allocation-satisfied id="3314" threadId="0000000000959F00" bytesRequested="40" />
<af-end id="3315" timestamp="2019-08-08T20:26:07.223" threadId="000000000095A888" success="true" from="nursery"/>
<exclusive-end id="3316" timestamp="2019-08-08T20:26:07.223" durationms="2.742" />

<exclusive-start id="3317" timestamp="2019-08-08T20:26:07.343" intervalms="121.995">
  <response-info timems="0.120" idlems="0.120" threads="0" lastid="0000000000959F00" lastname="main" />
</exclusive-start>
<af-start id="3318" threadId="000000000095A888" totalBytesRequested="32" timestamp="2019-08-08T20:26:07.343" intervalms="121.998" type="nursery" />
<cycle-start id="3319" type="scavenge" contextid="0" timestamp="2019-08-08T20:26:07.343" intervalms="122.001" />
<gc-start id="3320" type="scavenge" contextid="3319" timestamp="2019-08-08T20:26:07.343">
  <mem-info id="3321" free="1312832" total="67108864" percent="1">
    <mem type="nursery" free="0" total="47710208" percent="0">
      <mem type="allocate" free="0" total="42926080" percent="0" />
      <mem type="survivor" free="0" total="4784128" percent="0" />
    </mem>
    <mem type="tenure" free="1312832" total="19398656" percent="6">
      <mem type="soa" free="1119296" total="19205120" percent="5" />
      <mem type="loa" free="193536" total="193536" percent="100" />
    </mem>
    <remembered-set count="128" />
  </mem-info>
</gc-start>
<allocation-stats totalBytes="42890344" >
  <allocated-bytes non-tlh="40" tlh="42890304" />
  <largest-consumer threadName="main" threadId="0000000000959F00" bytes="42890344" />
</allocation-stats>
<gc-op id="3322" type="scavenge" timems="0.815" contextid="3319" timestamp="2019-08-08T20:26:07.344">
  <scavenger-info tenureage="3" tenuremask="fff8" tiltratio="89" />
  <memory-copied type="nursery" objects="41" bytes="1184" bytesdiscarded="31072" />
  <memory-copied type="tenure" objects="45" bytes="1232" bytesdiscarded="0" />
</gc-op>
<gc-end id="3323" type="scavenge" contextid="3319" durationms="1.335" usertimems="4.972" systemtimems="0.000" timestamp="2019-08-08T20:26:07.344" activeThreads="16">
  <mem-info id="3324" free="44206656" total="67108864" percent="65">
    <mem type="nursery" free="42893824" total="47710208" percent="89">
      <mem type="allocate" free="42893824" total="42926080" percent="99" />
      <mem type="survivor" free="0" total="4784128" percent="0" />
    </mem>
    <mem type="tenure" free="1312832" total="19398656" percent="6" macro-fragmented="0">
      <mem type="soa" free="1119296" total="19205120" percent="5" />
      <mem type="loa" free="193536" total="193536" percent="100" />
    </mem>
    <remembered-set count="117" />
  </mem-info>
</gc-end>
<cycle-end id="3325" type="scavenge" contextid="3319" timestamp="2019-08-08T20:26:07.344" />
  <attribute name="elasticGC enabled" value="1" />
  <attribute name= "numThreadsSpecified" value="16" />
  <attribute name="heapSize specified" value="42401792" />
  <attribute name="Current GC Util" value="1" />
  <attribute name= "Current Time Running" value="134762" />
  <attribute name ="GC Interval" value="2233" />
  <attribute name="Target GC Util Change" value ="80.000000" />
  <attribute name="Current GC Util Change" value="1.000000"/>
  <attribute name="Current Error" value="398.000000" />
  <attribute name="Output H" value="67146936"/>
  <attribute name="Output I" value="2232"/>
  <attribute name="Output T" value="16"/>
  <attribute name= "Current Time Running" value="134762" />
  <attribute name="GC Util currently" value="1" />
  <attribute name="CPU Util currently" value="9445885475" />
<allocation-satisfied id="3326" threadId="0000000000959F00" bytesRequested="32" />
<af-end id="3327" timestamp="2019-08-08T20:26:07.344" threadId="000000000095A888" success="true" from="nursery"/>
<exclusive-end id="3328" timestamp="2019-08-08T20:26:07.344" durationms="1.587" />

<exclusive-start id="3329" timestamp="2019-08-08T20:26:07.464" intervalms="121.098">
  <response-info timems="0.057" idlems="0.057" threads="0" lastid="0000000000959F00" lastname="main" />
</exclusive-start>
<af-start id="3330" threadId="000000000095A888" totalBytesRequested="24" timestamp="2019-08-08T20:26:07.464" intervalms="121.095" type="nursery" />
<cycle-start id="3331" type="scavenge" contextid="0" timestamp="2019-08-08T20:26:07.464" intervalms="121.094" />
<gc-start id="3332" type="scavenge" contextid="3331" timestamp="2019-08-08T20:26:07.464">
  <mem-info id="3333" free="1312832" total="67108864" percent="1">
    <mem type="nursery" free="0" total="47710208" percent="0">
      <mem type="allocate" free="0" total="42926080" percent="0" />
      <mem type="survivor" free="0" total="4784128" percent="0" />
    </mem>
    <mem type="tenure" free="1312832" total="19398656" percent="6">
      <mem type="soa" free="1119296" total="19205120" percent="5" />
      <mem type="loa" free="193536" total="193536" percent="100" />
    </mem>
    <remembered-set count="119" />
  </mem-info>
</gc-start>
<allocation-stats totalBytes="42886880" >
  <allocated-bytes non-tlh="32" tlh="42886848" />
  <largest-consumer threadName="main" threadId="0000000000959F00" bytes="42886880" />
</allocation-stats>
<gc-op id="3334" type="scavenge" timems="0.622" contextid="3331" timestamp="2019-08-08T20:26:07.465">
  <scavenger-info tenureage="3" tenuremask="ffc8" tiltratio="89" />
  <memory-copied type="nursery" objects="44" bytes="1224" bytesdiscarded="31032" />
  <memory-copied type="tenure" objects="8" bytes="208" bytesdiscarded="0" />
</gc-op>
<gc-end id="3335" type="scavenge" contextid="3331" durationms="1.255" usertimems="3.934" systemtimems="0.000" timestamp="2019-08-08T20:26:07.465" activeThreads="16">
  <mem-info id="3336" free="44206656" total="67108864" percent="65">
    <mem type="nursery" free="42893824" total="47710208" percent="89">
      <mem type="allocate" free="42893824" total="42926080" percent="99" />
      <mem type="survivor" free="0" total="4784128" percent="0" />
    </mem>
    <mem type="tenure" free="1312832" total="19398656" percent="6" macro-fragmented="418667">
      <mem type="soa" free="1119296" total="19205120" percent="5" />
      <mem type="loa" free="193536" total="193536" percent="100" />
    </mem>
    <remembered-set count="116" />
  </mem-info>
</gc-end>
<cycle-end id="3337" type="scavenge" contextid="3331" timestamp="2019-08-08T20:26:07.465" />
  <attribute name="elasticGC enabled" value="1" />
  <attribute name= "numThreadsSpecified" value="16" />
  <attribute name="heapSize specified" value="42401792" />
  <attribute name="Current GC Util" value="1" />
  <attribute name= "Current Time Running" value="134883" />
  <attribute name ="GC Interval" value="2281" />
  <attribute name="Target GC Util Change" value ="80.000000" />
  <attribute name="Current GC Util Change" value="1.000000"/>
  <attribute name="Current Error" value="477.000000" />
  <attribute name="Output H" value="67146984"/>
  <attribute name="Output I" value="2280"/>
  <attribute name="Output T" value="16"/>
  <attribute name= "Current Time Running" value="134883" />
  <attribute name="GC Util currently" value="1" />
  <attribute name="CPU Util currently" value="9516639507" />
<allocation-satisfied id="3338" threadId="0000000000959F00" bytesRequested="24" />
<af-end id="3339" timestamp="2019-08-08T20:26:07.465" threadId="000000000095A888" success="true" from="nursery"/>
<exclusive-end id="3340" timestamp="2019-08-08T20:26:07.465" durationms="1.483" />

<exclusive-start id="3341" timestamp="2019-08-08T20:26:07.873" intervalms="409.444">
  <response-info timems="0.087" idlems="0.087" threads="0" lastid="0000000000959F00" lastname="main" />
</exclusive-start>
<af-start id="3342" threadId="000000000095A888" totalBytesRequested="24" timestamp="2019-08-08T20:26:07.873" intervalms="409.453" type="nursery" />
<cycle-start id="3343" type="scavenge" contextid="0" timestamp="2019-08-08T20:26:07.873" intervalms="409.454" />
<gc-start id="3344" type="scavenge" contextid="3343" timestamp="2019-08-08T20:26:07.873">
  <mem-info id="3345" free="1312832" total="67108864" percent="1">
    <mem type="nursery" free="0" total="47710208" percent="0">
      <mem type="allocate" free="0" total="42926080" percent="0" />
      <mem type="survivor" free="0" total="4784128" percent="0" />
    </mem>
    <mem type="tenure" free="1312832" total="19398656" percent="6">
      <mem type="soa" free="1119296" total="19205120" percent="5" />
      <mem type="loa" free="193536" total="193536" percent="100" />
    </mem>
    <remembered-set count="120" />
  </mem-info>
</gc-start>
<allocation-stats totalBytes="42891536" >
  <allocated-bytes non-tlh="24" tlh="42891512" />
  <largest-consumer threadName="main" threadId="0000000000959F00" bytes="42891536" />
</allocation-stats>
<gc-op id="3346" type="scavenge" timems="0.813" contextid="3343" timestamp="2019-08-08T20:26:07.874">
  <scavenger-info tenureage="3" tenuremask="ffe8" tiltratio="89" />
  <memory-copied type="nursery" objects="44" bytes="1336" bytesdiscarded="30920" />
  <memory-copied type="tenure" objects="7" bytes="160" bytesdiscarded="0" />
</gc-op>
<gc-end id="3347" type="scavenge" contextid="3343" durationms="1.186" usertimems="2.808" systemtimems="0.000" timestamp="2019-08-08T20:26:07.874" activeThreads="16">
  <mem-info id="3348" free="44206656" total="67108864" percent="65">
    <mem type="nursery" free="42893824" total="47710208" percent="89">
      <mem type="allocate" free="42893824" total="42926080" percent="99" />
      <mem type="survivor" free="0" total="4784128" percent="0" />
    </mem>
    <mem type="tenure" free="1312832" total="19398656" percent="6" macro-fragmented="723458">
      <mem type="soa" free="1119296" total="19205120" percent="5" />
      <mem type="loa" free="193536" total="193536" percent="100" />
    </mem>
    <remembered-set count="118" />
  </mem-info>
</gc-end>
<cycle-end id="3349" type="scavenge" contextid="3343" timestamp="2019-08-08T20:26:07.875" />
  <attribute name="elasticGC enabled" value="1" />
  <attribute name= "numThreadsSpecified" value="16" />
  <attribute name="heapSize specified" value="42401792" />
  <attribute name="Current GC Util" value="0" />
  <attribute name= "Current Time Running" value="135292" />
  <attribute name ="GC Interval" value="2049" />
  <attribute name="Target GC Util Change" value ="80.000000" />
  <attribute name="Current GC Util Change" value="0.000000"/>
  <attribute name="Current Error" value="80.000000" />
  <attribute name="Output H" value="67146752"/>
  <attribute name="Output I" value="2048"/>
  <attribute name="Output T" value="16"/>
  <attribute name= "Current Time Running" value="135292" />
  <attribute name="GC Util currently" value="0" />
  <attribute name="CPU Util currently" value="2816259112" />
<allocation-satisfied id="3350" threadId="0000000000959F00" bytesRequested="24" />
<af-end id="3351" timestamp="2019-08-08T20:26:07.875" threadId="000000000095A888" success="true" from="nursery"/>
<exclusive-end id="3352" timestamp="2019-08-08T20:26:07.875" durationms="1.446" />

<exclusive-start id="3353" timestamp="2019-08-08T20:26:10.266" intervalms="2393.208">
  <response-info timems="0.101" idlems="0.101" threads="0" lastid="0000000000959F00" lastname="main" />
</exclusive-start>
<af-start id="3354" threadId="000000000095A888" totalBytesRequested="24" timestamp="2019-08-08T20:26:10.266" intervalms="2393.212" type="nursery" />
<cycle-start id="3355" type="scavenge" contextid="0" timestamp="2019-08-08T20:26:10.266" intervalms="2393.214" />
<gc-start id="3356" type="scavenge" contextid="3355" timestamp="2019-08-08T20:26:10.266">
  <mem-info id="3357" free="1312832" total="67108864" percent="1">
    <mem type="nursery" free="0" total="47710208" percent="0">
      <mem type="allocate" free="0" total="42926080" percent="0" />
      <mem type="survivor" free="0" total="4784128" percent="0" />
    </mem>
    <mem type="tenure" free="1312832" total="19398656" percent="6">
      <mem type="soa" free="1119296" total="19205120" percent="5" />
      <mem type="loa" free="193536" total="193536" percent="100" />
    </mem>
    <remembered-set count="129" />
  </mem-info>
</gc-start>
<allocation-stats totalBytes="42891112" >
  <allocated-bytes non-tlh="24" tlh="42891088" />
  <largest-consumer threadName="main" threadId="0000000000959F00" bytes="42891112" />
</allocation-stats>
<gc-op id="3358" type="scavenge" timems="2.634" contextid="3355" timestamp="2019-08-08T20:26:10.269">
  <scavenger-info tenureage="3" tenuremask="ffe8" tiltratio="89" />
  <memory-copied type="nursery" objects="70" bytes="1784" bytesdiscarded="30472" />
  <memory-copied type="tenure" objects="7" bytes="160" bytesdiscarded="0" />
  <references type="weak" candidates="2" cleared="0" enqueued="0" />
</gc-op>
<gc-end id="3359" type="scavenge" contextid="3355" durationms="3.177" usertimems="7.563" systemtimems="0.000" timestamp="2019-08-08T20:26:10.270" activeThreads="16">
  <mem-info id="3360" free="44206656" total="67108864" percent="65">
    <mem type="nursery" free="42893824" total="47710208" percent="89">
      <mem type="allocate" free="42893824" total="42926080" percent="99" />
      <mem type="survivor" free="0" total="4784128" percent="0" />
    </mem>
    <mem type="tenure" free="1312832" total="19398656" percent="6" macro-fragmented="0">
      <mem type="soa" free="1119296" total="19205120" percent="5" />
      <mem type="loa" free="193536" total="193536" percent="100" />
    </mem>
    <remembered-set count="127" />
  </mem-info>
</gc-end>
<cycle-end id="3361" type="scavenge" contextid="3355" timestamp="2019-08-08T20:26:10.270" />
  <attribute name="elasticGC enabled" value="1" />
  <attribute name= "numThreadsSpecified" value="16" />
  <attribute name="heapSize specified" value="42401792" />
  <attribute name="Current GC Util" value="0" />
  <attribute name= "Current Time Running" value="137686" />
  <attribute name ="GC Interval" value="2097" />
  <attribute name="Target GC Util Change" value ="80.000000" />
  <attribute name="Current GC Util Change" value="0.000000"/>
  <attribute name="Current Error" value="160.000000" />
  <attribute name="Output H" value="67146800"/>
  <attribute name="Output I" value="2096"/>
  <attribute name="Output T" value="16"/>
  <attribute name= "Current Time Running" value="137686" />
  <attribute name="GC Util currently" value="0" />
  <attribute name="CPU Util currently" value="20" />
<allocation-satisfied id="3362" threadId="0000000000959F00" bytesRequested="24" />
<af-end id="3363" timestamp="2019-08-08T20:26:10.270" threadId="000000000095A888" success="true" from="nursery"/>
<exclusive-end id="3364" timestamp="2019-08-08T20:26:10.270" durationms="3.733" />

<exclusive-start id="3365" timestamp="2019-08-08T20:26:10.472" intervalms="205.645">
  <response-info timems="0.179" idlems="0.179" threads="0" lastid="0000000000959F00" lastname="main" />
</exclusive-start>
<af-start id="3366" threadId="000000000095A888" totalBytesRequested="32" timestamp="2019-08-08T20:26:10.472" intervalms="205.726" type="nursery" />
<cycle-start id="3367" type="scavenge" contextid="0" timestamp="2019-08-08T20:26:10.472" intervalms="205.825" />
<gc-start id="3368" type="scavenge" contextid="3367" timestamp="2019-08-08T20:26:10.472">
  <mem-info id="3369" free="1312832" total="67108864" percent="1">
    <mem type="nursery" free="0" total="47710208" percent="0">
      <mem type="allocate" free="0" total="42926080" percent="0" />
      <mem type="survivor" free="0" total="4784128" percent="0" />
    </mem>
    <mem type="tenure" free="1312832" total="19398656" percent="6">
      <mem type="soa" free="1119296" total="19205120" percent="5" />
      <mem type="loa" free="193536" total="193536" percent="100" />
    </mem>
    <remembered-set count="127" />
  </mem-info>
</gc-start>
<allocation-stats totalBytes="42890600" >
  <allocated-bytes non-tlh="24" tlh="42890576" />
  <largest-consumer threadName="main" threadId="0000000000959F00" bytes="42890600" />
</allocation-stats>
<gc-op id="3370" type="scavenge" timems="1.542" contextid="3367" timestamp="2019-08-08T20:26:10.474">
  <scavenger-info tenureage="3" tenuremask="ffe8" tiltratio="89" />
  <memory-copied type="nursery" objects="68" bytes="1736" bytesdiscarded="46648" />
  <memory-copied type="tenure" objects="7" bytes="160" bytesdiscarded="0" />
  <references type="weak" candidates="2" cleared="0" enqueued="0" />
</gc-op>
<gc-end id="3371" type="scavenge" contextid="3367" durationms="2.226" usertimems="2.962" systemtimems="0.000" timestamp="2019-08-08T20:26:10.475" activeThreads="16">
  <mem-info id="3372" free="44190528" total="67108864" percent="65">
    <mem type="nursery" free="42877696" total="47710208" percent="89">
      <mem type="allocate" free="42877696" total="42926080" percent="99" />
      <mem type="survivor" free="0" total="4784128" percent="0" />
    </mem>
    <mem type="tenure" free="1312832" total="19398656" percent="6" macro-fragmented="0">
      <mem type="soa" free="1119296" total="19205120" percent="5" />
      <mem type="loa" free="193536" total="193536" percent="100" />
    </mem>
    <remembered-set count="125" />
  </mem-info>
</gc-end>
<cycle-end id="3373" type="scavenge" contextid="3367" timestamp="2019-08-08T20:26:10.475" />
  <attribute name="elasticGC enabled" value="1" />
  <attribute name= "numThreadsSpecified" value="16" />
  <attribute name="heapSize specified" value="42401792" />
  <attribute name="Current GC Util" value="2" />
  <attribute name= "Current Time Running" value="137892" />
  <attribute name ="GC Interval" value="2145" />
  <attribute name="Target GC Util Change" value ="80.000000" />
  <attribute name="Current GC Util Change" value="2.000000"/>
  <attribute name="Current Error" value="238.000000" />
  <attribute name="Output H" value="67146848"/>
  <attribute name="Output I" value="2144"/>
  <attribute name="Output T" value="16"/>
  <attribute name= "Current Time Running" value="137892" />
  <attribute name="GC Util currently" value="2" />
  <attribute name="CPU Util currently" value="5598515544" />
<allocation-satisfied id="3374" threadId="0000000000959F00" bytesRequested="32" />
<af-end id="3375" timestamp="2019-08-08T20:26:10.475" threadId="000000000095A888" success="true" from="nursery"/>
<exclusive-end id="3376" timestamp="2019-08-08T20:26:10.475" durationms="2.903" />

<exclusive-start id="3377" timestamp="2019-08-08T20:26:10.729" intervalms="256.644">
  <response-info timems="0.060" idlems="0.060" threads="0" lastid="0000000000959F00" lastname="main" />
</exclusive-start>
<af-start id="3378" threadId="000000000095A888" totalBytesRequested="32" timestamp="2019-08-08T20:26:10.729" intervalms="256.561" type="nursery" />
<cycle-start id="3379" type="scavenge" contextid="0" timestamp="2019-08-08T20:26:10.729" intervalms="256.461" />
<gc-start id="3380" type="scavenge" contextid="3379" timestamp="2019-08-08T20:26:10.729">
  <mem-info id="3381" free="1312832" total="67108864" percent="1">
    <mem type="nursery" free="0" total="47710208" percent="0">
      <mem type="allocate" free="0" total="42926080" percent="0" />
      <mem type="survivor" free="0" total="4784128" percent="0" />
    </mem>
    <mem type="tenure" free="1312832" total="19398656" percent="6">
      <mem type="soa" free="1119296" total="19205120" percent="5" />
      <mem type="loa" free="193536" total="193536" percent="100" />
    </mem>
    <remembered-set count="127" />
  </mem-info>
</gc-start>
<allocation-stats totalBytes="42874792" >
  <allocated-bytes non-tlh="32" tlh="42874760" />
  <largest-consumer threadName="main" threadId="0000000000959F00" bytes="42874792" />
</allocation-stats>
<gc-op id="3382" type="scavenge" timems="2.255" contextid="3379" timestamp="2019-08-08T20:26:10.731">
  <scavenger-info tenureage="3" tenuremask="ffe8" tiltratio="89" />
  <memory-copied type="nursery" objects="67" bytes="1760" bytesdiscarded="30496" />
  <memory-copied type="tenure" objects="14" bytes="320" bytesdiscarded="0" />
  <references type="weak" candidates="2" cleared="0" enqueued="0" />
</gc-op>
<gc-end id="3383" type="scavenge" contextid="3379" durationms="2.735" usertimems="5.014" systemtimems="0.000" timestamp="2019-08-08T20:26:10.732" activeThreads="16">
  <mem-info id="3384" free="44206656" total="67108864" percent="65">
    <mem type="nursery" free="42893824" total="47710208" percent="89">
      <mem type="allocate" free="42893824" total="42926080" percent="99" />
      <mem type="survivor" free="0" total="4784128" percent="0" />
    </mem>
    <mem type="tenure" free="1312832" total="19398656" percent="6" macro-fragmented="868149">
      <mem type="soa" free="1119296" total="19205120" percent="5" />
      <mem type="loa" free="193536" total="193536" percent="100" />
    </mem>
    <remembered-set count="123" />
  </mem-info>
</gc-end>
<cycle-end id="3385" type="scavenge" contextid="3379" timestamp="2019-08-08T20:26:10.732" />
  <attribute name="elasticGC enabled" value="1" />
  <attribute name= "numThreadsSpecified" value="16" />
  <attribute name="heapSize specified" value="42401792" />
  <attribute name="Current GC Util" value="1" />
  <attribute name= "Current Time Running" value="138148" />
  <attribute name ="GC Interval" value="2185" />
  <attribute name="Target GC Util Change" value ="80.000000" />
  <attribute name="Current GC Util Change" value="1.000000"/>
  <attribute name="Current Error" value="317.000000" />
  <attribute name="Output H" value="67146888"/>
  <attribute name="Output I" value="2184"/>
  <attribute name="Output T" value="16"/>
  <attribute name= "Current Time Running" value="138148" />
  <attribute name="GC Util currently" value="1" />
  <attribute name="CPU Util currently" value="4495835790" />
<allocation-satisfied id="3386" threadId="0000000000959F00" bytesRequested="32" />
<af-end id="3387" timestamp="2019-08-08T20:26:10.732" threadId="000000000095A888" success="true" from="nursery"/>
<exclusive-end id="3388" timestamp="2019-08-08T20:26:10.732" durationms="3.090" />

<exclusive-start id="3389" timestamp="2019-08-08T20:26:11.053" intervalms="324.572">
  <response-info timems="0.062" idlems="0.062" threads="0" lastid="0000000000959F00" lastname="main" />
</exclusive-start>
<af-start id="3390" threadId="000000000095A888" totalBytesRequested="48" timestamp="2019-08-08T20:26:11.053" intervalms="324.566" type="nursery" />
<cycle-start id="3391" type="scavenge" contextid="0" timestamp="2019-08-08T20:26:11.053" intervalms="324.568" />
<gc-start id="3392" type="scavenge" contextid="3391" timestamp="2019-08-08T20:26:11.053">
  <mem-info id="3393" free="1312832" total="67108864" percent="1">
    <mem type="nursery" free="0" total="47710208" percent="0">
      <mem type="allocate" free="0" total="42926080" percent="0" />
      <mem type="survivor" free="0" total="4784128" percent="0" />
    </mem>
    <mem type="tenure" free="1312832" total="19398656" percent="6">
      <mem type="soa" free="1119296" total="19205120" percent="5" />
      <mem type="loa" free="193536" total="193536" percent="100" />
    </mem>
    <remembered-set count="125" />
  </mem-info>
</gc-start>
<allocation-stats totalBytes="42890680" >
  <allocated-bytes non-tlh="32" tlh="42890648" />
  <largest-consumer threadName="main" threadId="0000000000959F00" bytes="42890680" />
</allocation-stats>
<gc-op id="3394" type="scavenge" timems="1.041" contextid="3391" timestamp="2019-08-08T20:26:11.054">
  <scavenger-info tenureage="5" tenuremask="ffe0" tiltratio="89" />
  <memory-copied type="nursery" objects="76" bytes="1976" bytesdiscarded="54088" />
  <references type="weak" candidates="2" cleared="0" enqueued="0" />
</gc-op>
<gc-end id="3395" type="scavenge" contextid="3391" durationms="1.946" usertimems="6.937" systemtimems="0.000" timestamp="2019-08-08T20:26:11.055" activeThreads="16">
  <mem-info id="3396" free="44182848" total="67108864" percent="65">
    <mem type="nursery" free="42870016" total="47710208" percent="89">
      <mem type="allocate" free="42870016" total="42926080" percent="99" />
      <mem type="survivor" free="0" total="4784128" percent="0" />
    </mem>
    <mem type="tenure" free="1312832" total="19398656" percent="6" macro-fragmented="3657">
      <mem type="soa" free="1119296" total="19205120" percent="5" />
      <mem type="loa" free="193536" total="193536" percent="100" />
    </mem>
    <remembered-set count="125" />
  </mem-info>
</gc-end>
<cycle-end id="3397" type="scavenge" contextid="3391" timestamp="2019-08-08T20:26:11.055" />
  <attribute name="elasticGC enabled" value="1" />
  <attribute name= "numThreadsSpecified" value="16" />
  <attribute name="heapSize specified" value="42401792" />
  <attribute name="Current GC Util" value="0" />
  <attribute name= "Current Time Running" value="138472" />
  <attribute name ="GC Interval" value="2233" />
  <attribute name="Target GC Util Change" value ="80.000000" />
  <attribute name="Current GC Util Change" value="0.000000"/>
  <attribute name="Current Error" value="397.000000" />
  <attribute name="Output H" value="67146936"/>
  <attribute name="Output I" value="2232"/>
  <attribute name="Output T" value="16"/>
  <attribute name= "Current Time Running" value="138472" />
  <attribute name="GC Util currently" value="0" />
  <attribute name="CPU Util currently" value="3553067801" />
<allocation-satisfied id="3398" threadId="0000000000959F00" bytesRequested="48" />
<af-end id="3399" timestamp="2019-08-08T20:26:11.055" threadId="000000000095A888" success="true" from="nursery"/>
<exclusive-end id="3400" timestamp="2019-08-08T20:26:11.055" durationms="2.282" />

<exclusive-start id="3401" timestamp="2019-08-08T20:26:12.213" intervalms="1160.276">
  <response-info timems="0.094" idlems="0.094" threads="0" lastid="0000000000959F00" lastname="main" />
</exclusive-start>
<af-start id="3402" threadId="000000000095A888" totalBytesRequested="16" timestamp="2019-08-08T20:26:12.214" intervalms="1160.289" type="nursery" />
<cycle-start id="3403" type="scavenge" contextid="0" timestamp="2019-08-08T20:26:12.214" intervalms="1160.458" />
<gc-start id="3404" type="scavenge" contextid="3403" timestamp="2019-08-08T20:26:12.214">
  <mem-info id="3405" free="1312472" total="67108864" percent="1">
    <mem type="nursery" free="0" total="47710208" percent="0">
      <mem type="allocate" free="0" total="42926080" percent="0" />
      <mem type="survivor" free="0" total="4784128" percent="0" />
    </mem>
    <mem type="tenure" free="1312472" total="19398656" percent="6">
      <mem type="soa" free="1118936" total="19205120" percent="5" />
      <mem type="loa" free="193536" total="193536" percent="100" />
    </mem>
    <remembered-set count="137" />
  </mem-info>
</gc-start>
<allocation-stats totalBytes="42859632" >
  <allocated-bytes non-tlh="408" tlh="42859224" />
  <largest-consumer threadName="main" threadId="0000000000959F00" bytes="42859632" />
</allocation-stats>
<gc-op id="3406" type="scavenge" timems="1.281" contextid="3403" timestamp="2019-08-08T20:26:12.215">
  <scavenger-info tenureage="3" tenuremask="fff8" tiltratio="89" />
  <memory-copied type="nursery" objects="71" bytes="2640" bytesdiscarded="45744" />
  <memory-copied type="tenure" objects="37" bytes="864" bytesdiscarded="0" />
  <references type="weak" candidates="4" cleared="0" enqueued="0" />
</gc-op>
<gc-end id="3407" type="scavenge" contextid="3403" durationms="1.829" usertimems="3.945" systemtimems="0.000" timestamp="2019-08-08T20:26:12.216" activeThreads="16">
  <mem-info id="3408" free="44174040" total="67108864" percent="65">
    <mem type="nursery" free="42877696" total="47710208" percent="89">
      <mem type="allocate" free="42877696" total="42926080" percent="99" />
      <mem type="survivor" free="0" total="4784128" percent="0" />
    </mem>
    <mem type="tenure" free="1296344" total="19398656" percent="6" macro-fragmented="0">
      <mem type="soa" free="1102808" total="19205120" percent="5" />
      <mem type="loa" free="193536" total="193536" percent="100" />
    </mem>
    <remembered-set count="127" />
  </mem-info>
</gc-end>
<cycle-end id="3409" type="scavenge" contextid="3403" timestamp="2019-08-08T20:26:12.216" />
  <attribute name="elasticGC enabled" value="1" />
  <attribute name= "numThreadsSpecified" value="16" />
  <attribute name="heapSize specified" value="42401792" />
  <attribute name="Current GC Util" value="0" />
  <attribute name= "Current Time Running" value="139633" />
  <attribute name ="GC Interval" value="2281" />
  <attribute name="Target GC Util Change" value ="80.000000" />
  <attribute name="Current GC Util Change" value="0.000000"/>
  <attribute name="Current Error" value="477.000000" />
  <attribute name="Output H" value="67146984"/>
  <attribute name="Output I" value="2280"/>
  <attribute name="Output T" value="16"/>
  <attribute name= "Current Time Running" value="139633" />
  <attribute name="GC Util currently" value="0" />
  <attribute name="CPU Util currently" value="12" />
<allocation-satisfied id="3410" threadId="0000000000959F00" bytesRequested="16" />
<af-end id="3411" timestamp="2019-08-08T20:26:12.216" threadId="000000000095A888" success="true" from="nursery"/>
<exclusive-end id="3412" timestamp="2019-08-08T20:26:12.216" durationms="2.540" />

<exclusive-start id="3413" timestamp="2019-08-08T20:26:12.319" intervalms="105.077">
  <response-info timems="0.053" idlems="0.053" threads="0" lastid="0000000000959F00" lastname="main" />
</exclusive-start>
<af-start id="3414" threadId="000000000095A888" totalBytesRequested="48" timestamp="2019-08-08T20:26:12.319" intervalms="105.059" type="nursery" />
<cycle-start id="3415" type="scavenge" contextid="0" timestamp="2019-08-08T20:26:12.319" intervalms="105.039" />
<gc-start id="3416" type="scavenge" contextid="3415" timestamp="2019-08-08T20:26:12.319">
  <mem-info id="3417" free="1296344" total="67108864" percent="1">
    <mem type="nursery" free="0" total="47710208" percent="0">
      <mem type="allocate" free="0" total="42926080" percent="0" />
      <mem type="survivor" free="0" total="4784128" percent="0" />
    </mem>
    <mem type="tenure" free="1296344" total="19398656" percent="6">
      <mem type="soa" free="1102808" total="19205120" percent="5" />
      <mem type="loa" free="193536" total="193536" percent="100" />
    </mem>
    <remembered-set count="127" />
  </mem-info>
</gc-start>
<allocation-stats totalBytes="42855904" >
  <allocated-bytes non-tlh="16" tlh="42855888" />
  <largest-consumer threadName="main" threadId="0000000000959F00" bytes="42855904" />
</allocation-stats>
<gc-op id="3418" type="scavenge" timems="0.956" contextid="3415" timestamp="2019-08-08T20:26:12.320">
  <scavenger-info tenureage="3" tenuremask="ffd8" tiltratio="89" />
  <memory-copied type="nursery" objects="63" bytes="2448" bytesdiscarded="45936" />
  <memory-copied type="tenure" objects="7" bytes="160" bytesdiscarded="0" />
  <references type="weak" candidates="4" cleared="0" enqueued="0" />
</gc-op>
<gc-end id="3419" type="scavenge" contextid="3415" durationms="1.422" usertimems="2.932" systemtimems="0.000" timestamp="2019-08-08T20:26:12.320" activeThreads="16">
  <mem-info id="3420" free="44174040" total="67108864" percent="65">
    <mem type="nursery" free="42877696" total="47710208" percent="89">
      <mem type="allocate" free="42877696" total="42926080" percent="99" />
      <mem type="survivor" free="0" total="4784128" percent="0" />
    </mem>
    <mem type="tenure" free="1296344" total="19398656" percent="6" macro-fragmented="418667">
      <mem type="soa" free="1102808" total="19205120" percent="5" />
      <mem type="loa" free="193536" total="193536" percent="100" />
    </mem>
    <remembered-set count="125" />
  </mem-info>
</gc-end>
<cycle-end id="3421" type="scavenge" contextid="3415" timestamp="2019-08-08T20:26:12.321" />
  <attribute name="elasticGC enabled" value="1" />
  <attribute name= "numThreadsSpecified" value="16" />
  <attribute name="heapSize specified" value="42401792" />
  <attribute name="Current GC Util" value="2" />
  <attribute name= "Current Time Running" value="139738" />
  <attribute name ="GC Interval" value="2049" />
  <attribute name="Target GC Util Change" value ="80.000000" />
  <attribute name="Current GC Util Change" value="2.000000"/>
  <attribute name="Current Error" value="78.000000" />
  <attribute name="Output H" value="67146752"/>
  <attribute name="Output I" value="2048"/>
  <attribute name="Output T" value="16"/>
  <attribute name= "Current Time Running" value="139738" />
  <attribute name="GC Util currently" value="2" />
  <attribute name="CPU Util currently" value="10975754923" />
<allocation-satisfied id="3422" threadId="0000000000959F00" bytesRequested="48" />
<af-end id="3423" timestamp="2019-08-08T20:26:12.321" threadId="000000000095A888" success="true" from="nursery"/>
<exclusive-end id="3424" timestamp="2019-08-08T20:26:12.321" durationms="2.208" />

<exclusive-start id="3425" timestamp="2019-08-08T20:26:12.718" intervalms="399.408">
  <response-info timems="0.238" idlems="0.238" threads="0" lastid="0000000000959F00" lastname="main" />
</exclusive-start>
<af-start id="3426" threadId="000000000095A888" totalBytesRequested="32" timestamp="2019-08-08T20:26:12.718" intervalms="399.420" type="nursery" />
<cycle-start id="3427" type="scavenge" contextid="0" timestamp="2019-08-08T20:26:12.718" intervalms="399.271" />
<gc-start id="3428" type="scavenge" contextid="3427" timestamp="2019-08-08T20:26:12.718">
  <mem-info id="3429" free="1296344" total="67108864" percent="1">
    <mem type="nursery" free="0" total="47710208" percent="0">
      <mem type="allocate" free="0" total="42926080" percent="0" />
      <mem type="survivor" free="0" total="4784128" percent="0" />
    </mem>
    <mem type="tenure" free="1296344" total="19398656" percent="6">
      <mem type="soa" free="1102808" total="19205120" percent="5" />
      <mem type="loa" free="193536" total="193536" percent="100" />
    </mem>
    <remembered-set count="127" />
  </mem-info>
</gc-start>
<allocation-stats totalBytes="42863024" >
  <allocated-bytes non-tlh="48" tlh="42862976" />
  <largest-consumer threadName="main" threadId="0000000000959F00" bytes="42863024" />
</allocation-stats>
<gc-op id="3430" type="scavenge" timems="1.363" contextid="3427" timestamp="2019-08-08T20:26:12.720">
  <scavenger-info tenureage="3" tenuremask="ffe8" tiltratio="89" />
  <memory-copied type="nursery" objects="65" bytes="1832" bytesdiscarded="70360" />
  <memory-copied type="tenure" objects="7" bytes="160" bytesdiscarded="0" />
  <references type="weak" candidates="18" cleared="0" enqueued="0" />
</gc-op>
<gc-end id="3431" type="scavenge" contextid="3427" durationms="1.632" usertimems="5.113" systemtimems="0.000" timestamp="2019-08-08T20:26:12.720" activeThreads="16">
  <mem-info id="3432" free="44134104" total="67108864" percent="65">
    <mem type="nursery" free="42853888" total="47710208" percent="89">
      <mem type="allocate" free="42853888" total="42926080" percent="99" />
      <mem type="survivor" free="0" total="4784128" percent="0" />
    </mem>
    <mem type="tenure" free="1280216" total="19398656" percent="6" macro-fragmented="418667">
      <mem type="soa" free="1086680" total="19205120" percent="5" />
      <mem type="loa" free="193536" total="193536" percent="100" />
    </mem>
    <remembered-set count="122" />
  </mem-info>
</gc-end>
<cycle-end id="3433" type="scavenge" contextid="3427" timestamp="2019-08-08T20:26:12.720" />
  <attribute name="elasticGC enabled" value="1" />
  <attribute name= "numThreadsSpecified" value="16" />
  <attribute name="heapSize specified" value="42401792" />
  <attribute name="Current GC Util" value="0" />
  <attribute name= "Current Time Running" value="140137" />
  <attribute name ="GC Interval" value="2097" />
  <attribute name="Target GC Util Change" value ="80.000000" />
  <attribute name="Current GC Util Change" value="0.000000"/>
  <attribute name="Current Error" value="158.000000" />
  <attribute name="Output H" value="67146800"/>
  <attribute name="Output I" value="2096"/>
  <attribute name="Output T" value="16"/>
  <attribute name= "Current Time Running" value="140137" />
  <attribute name="GC Util currently" value="0" />
  <attribute name="CPU Util currently" value="2888847310" />
<allocation-satisfied id="3434" threadId="0000000000959F00" bytesRequested="32" />
<af-end id="3435" timestamp="2019-08-08T20:26:12.720" threadId="000000000095A888" success="true" from="nursery"/>
<exclusive-end id="3436" timestamp="2019-08-08T20:26:12.720" durationms="2.045" />

<exclusive-start id="3437" timestamp="2019-08-08T20:26:12.799" intervalms="80.555">
  <response-info timems="0.073" idlems="0.073" threads="0" lastid="0000000000959F00" lastname="main" />
</exclusive-start>
<af-start id="3438" threadId="000000000095A888" totalBytesRequested="544" timestamp="2019-08-08T20:26:12.799" intervalms="80.554" type="nursery" />
<cycle-start id="3439" type="scavenge" contextid="0" timestamp="2019-08-08T20:26:12.799" intervalms="80.554" />
<gc-start id="3440" type="scavenge" contextid="3439" timestamp="2019-08-08T20:26:12.799">
  <mem-info id="3441" free="1280216" total="67108864" percent="1">
    <mem type="nursery" free="0" total="47710208" percent="0">
      <mem type="allocate" free="0" total="42926080" percent="0" />
      <mem type="survivor" free="0" total="4784128" percent="0" />
    </mem>
    <mem type="tenure" free="1280216" total="19398656" percent="6">
      <mem type="soa" free="1086680" total="19205120" percent="5" />
      <mem type="loa" free="193536" total="193536" percent="100" />
    </mem>
    <remembered-set count="124" />
  </mem-info>
</gc-start>
<allocation-stats totalBytes="42802824" >
  <allocated-bytes non-tlh="32" tlh="42802792" />
  <largest-consumer threadName="main" threadId="0000000000959F00" bytes="42802824" />
</allocation-stats>
<gc-op id="3442" type="scavenge" timems="1.200" contextid="3439" timestamp="2019-08-08T20:26:12.800">
  <scavenger-info tenureage="5" tenuremask="ffe0" tiltratio="89" />
  <memory-copied type="nursery" objects="71" bytes="2512" bytesdiscarded="85808" />
  <references type="weak" candidates="18" cleared="0" enqueued="0" />
</gc-op>
<gc-end id="3443" type="scavenge" contextid="3439" durationms="1.416" usertimems="6.390" systemtimems="0.000" timestamp="2019-08-08T20:26:12.800" activeThreads="16">
  <mem-info id="3444" free="44117976" total="67108864" percent="65">
    <mem type="nursery" free="42837760" total="47710208" percent="89">
      <mem type="allocate" free="42837760" total="42926080" percent="99" />
      <mem type="survivor" free="0" total="4784128" percent="0" />
    </mem>
    <mem type="tenure" free="1280216" total="19398656" percent="6" macro-fragmented="418667">
      <mem type="soa" free="1086680" total="19205120" percent="5" />
      <mem type="loa" free="193536" total="193536" percent="100" />
    </mem>
    <remembered-set count="124" />
  </mem-info>
</gc-end>
<cycle-end id="3445" type="scavenge" contextid="3439" timestamp="2019-08-08T20:26:12.800" />
  <attribute name="elasticGC enabled" value="1" />
  <attribute name= "numThreadsSpecified" value="16" />
  <attribute name="heapSize specified" value="42401792" />
  <attribute name="Current GC Util" value="3" />
  <attribute name= "Current Time Running" value="140218" />
  <attribute name ="GC Interval" value="2137" />
  <attribute name="Target GC Util Change" value ="80.000000" />
  <attribute name="Current GC Util Change" value="3.000000"/>
  <attribute name="Current Error" value="235.000000" />
  <attribute name="Output H" value="67146840"/>
  <attribute name="Output I" value="2136"/>
  <attribute name="Output T" value="16"/>
  <attribute name= "Current Time Running" value="140218" />
  <attribute name="GC Util currently" value="3" />
  <attribute name="CPU Util currently" value="14319175097" />
<allocation-satisfied id="3446" threadId="0000000000959F00" bytesRequested="544" />
<af-end id="3447" timestamp="2019-08-08T20:26:12.800" threadId="000000000095A888" success="true" from="nursery"/>
<exclusive-end id="3448" timestamp="2019-08-08T20:26:12.800" durationms="1.675" />

<exclusive-start id="3449" timestamp="2019-08-08T20:26:12.832" intervalms="32.990">
  <response-info timems="0.139" idlems="0.139" threads="0" lastid="0000000000959F00" lastname="main" />
</exclusive-start>
<af-start id="3450" threadId="000000000095A888" totalBytesRequested="32" timestamp="2019-08-08T20:26:12.832" intervalms="32.987" type="nursery" />
<cycle-start id="3451" type="scavenge" contextid="0" timestamp="2019-08-08T20:26:12.832" intervalms="32.983" />
<gc-start id="3452" type="scavenge" contextid="3451" timestamp="2019-08-08T20:26:12.832">
  <mem-info id="3453" free="1280216" total="67108864" percent="1">
    <mem type="nursery" free="0" total="47710208" percent="0">
      <mem type="allocate" free="0" total="42926080" percent="0" />
      <mem type="survivor" free="0" total="4784128" percent="0" />
    </mem>
    <mem type="tenure" free="1280216" total="19398656" percent="6">
      <mem type="soa" free="1086680" total="19205120" percent="5" />
      <mem type="loa" free="193536" total="193536" percent="100" />
    </mem>
    <remembered-set count="124" />
  </mem-info>
</gc-start>
<allocation-stats totalBytes="42761112" >
  <allocated-bytes non-tlh="544" tlh="42760568" />
  <largest-consumer threadName="main" threadId="0000000000959F00" bytes="42761112" />
</allocation-stats>
<gc-op id="3454" type="scavenge" timems="1.396" contextid="3451" timestamp="2019-08-08T20:26:12.833">
  <scavenger-info tenureage="4" tenuremask="4010" tiltratio="89" />
  <memory-copied type="nursery" objects="47" bytes="2488" bytesdiscarded="69704" />
  <memory-copied type="tenure" objects="25" bytes="608" bytesdiscarded="0" />
  <references type="weak" candidates="14" cleared="0" enqueued="0" />
</gc-op>
<gc-end id="3455" type="scavenge" contextid="3451" durationms="1.723" usertimems="5.438" systemtimems="0.000" timestamp="2019-08-08T20:26:12.833" activeThreads="16">
  <mem-info id="3456" free="44134104" total="67108864" percent="65">
    <mem type="nursery" free="42853888" total="47710208" percent="89">
      <mem type="allocate" free="42853888" total="42926080" percent="99" />
      <mem type="survivor" free="0" total="4784128" percent="0" />
    </mem>
    <mem type="tenure" free="1280216" total="19398656" percent="6" macro-fragmented="6760">
      <mem type="soa" free="1086680" total="19205120" percent="5" />
      <mem type="loa" free="193536" total="193536" percent="100" />
    </mem>
    <remembered-set count="118" />
  </mem-info>
</gc-end>
<cycle-end id="3457" type="scavenge" contextid="3451" timestamp="2019-08-08T20:26:12.833" />
  <attribute name="elasticGC enabled" value="1" />
  <attribute name= "numThreadsSpecified" value="16" />
  <attribute name="heapSize specified" value="42401792" />
  <attribute name="Current GC Util" value="7" />
  <attribute name= "Current Time Running" value="140251" />
  <attribute name ="GC Interval" value="2185" />
  <attribute name="Target GC Util Change" value ="80.000000" />
  <attribute name="Current GC Util Change" value="7.000000"/>
  <attribute name="Current Error" value="308.000000" />
  <attribute name="Output H" value="67146888"/>
  <attribute name="Output I" value="2184"/>
  <attribute name="Output T" value="16"/>
  <attribute name= "Current Time Running" value="140251" />
  <attribute name="GC Util currently" value="7" />
  <attribute name="CPU Util currently" value="34790460967" />
<allocation-satisfied id="3458" threadId="0000000000959F00" bytesRequested="32" />
<af-end id="3459" timestamp="2019-08-08T20:26:12.833" threadId="000000000095A888" success="true" from="nursery"/>
<exclusive-end id="3460" timestamp="2019-08-08T20:26:12.833" durationms="1.972" />

<exclusive-start id="3461" timestamp="2019-08-08T20:26:12.863" intervalms="31.695">
  <response-info timems="0.070" idlems="0.070" threads="0" lastid="0000000000959F00" lastname="main" />
</exclusive-start>
<af-start id="3462" threadId="000000000095A888" totalBytesRequested="16" timestamp="2019-08-08T20:26:12.863" intervalms="31.691" type="nursery" />
<cycle-start id="3463" type="scavenge" contextid="0" timestamp="2019-08-08T20:26:12.863" intervalms="31.692" />
<gc-start id="3464" type="scavenge" contextid="3463" timestamp="2019-08-08T20:26:12.863">
  <mem-info id="3465" free="1280216" total="67108864" percent="1">
    <mem type="nursery" free="0" total="47710208" percent="0">
      <mem type="allocate" free="0" total="42926080" percent="0" />
      <mem type="survivor" free="0" total="4784128" percent="0" />
    </mem>
    <mem type="tenure" free="1280216" total="19398656" percent="6">
      <mem type="soa" free="1086680" total="19205120" percent="5" />
      <mem type="loa" free="193536" total="193536" percent="100" />
    </mem>
    <remembered-set count="118" />
  </mem-info>
</gc-start>
<allocation-stats totalBytes="42777872" >
  <allocated-bytes non-tlh="32" tlh="42777840" />
  <largest-consumer threadName="main" threadId="0000000000959F00" bytes="42777872" />
</allocation-stats>
<gc-op id="3466" type="scavenge" timems="1.209" contextid="3463" timestamp="2019-08-08T20:26:12.865">
  <scavenger-info tenureage="3" tenuremask="c008" tiltratio="89" />
  <memory-copied type="nursery" objects="24" bytes="1280" bytesdiscarded="30976" />
  <memory-copied type="tenure" objects="21" bytes="608" bytesdiscarded="0" />
</gc-op>
<gc-end id="3467" type="scavenge" contextid="3463" durationms="1.725" usertimems="6.184" systemtimems="0.000" timestamp="2019-08-08T20:26:12.865" activeThreads="16">
  <mem-info id="3468" free="44174040" total="67108864" percent="65">
    <mem type="nursery" free="42893824" total="47710208" percent="89">
      <mem type="allocate" free="42893824" total="42926080" percent="99" />
      <mem type="survivor" free="0" total="4784128" percent="0" />
    </mem>
    <mem type="tenure" free="1280216" total="19398656" percent="6" macro-fragmented="9100">
      <mem type="soa" free="1086680" total="19205120" percent="5" />
      <mem type="loa" free="193536" total="193536" percent="100" />
    </mem>
    <remembered-set count="115" />
  </mem-info>
</gc-end>
<cycle-end id="3469" type="scavenge" contextid="3463" timestamp="2019-08-08T20:26:12.865" />
  <attribute name="elasticGC enabled" value="1" />
  <attribute name= "numThreadsSpecified" value="16" />
  <attribute name="heapSize specified" value="42401792" />
  <attribute name="Current GC Util" value="8" />
  <attribute name= "Current Time Running" value="140282" />
  <attribute name ="GC Interval" value="2225" />
  <attribute name="Target GC Util Change" value ="80.000000" />
  <attribute name="Current GC Util Change" value="8.000000"/>
  <attribute name="Current Error" value="380.000000" />
  <attribute name="Output H" value="67146928"/>
  <attribute name="Output I" value="2224"/>
  <attribute name="Output T" value="16"/>
  <attribute name= "Current Time Running" value="140282" />
  <attribute name="GC Util currently" value="8" />
  <attribute name="CPU Util currently" value="36561537483" />
<allocation-satisfied id="3470" threadId="0000000000959F00" bytesRequested="16" />
<af-end id="3471" timestamp="2019-08-08T20:26:12.865" threadId="000000000095A888" success="true" from="nursery"/>
<exclusive-end id="3472" timestamp="2019-08-08T20:26:12.865" durationms="1.972" />

<exclusive-start id="3473" timestamp="2019-08-08T20:26:12.889" intervalms="25.502">
  <response-info timems="0.067" idlems="0.067" threads="0" lastid="0000000000959F00" lastname="main" />
</exclusive-start>
<af-start id="3474" threadId="000000000095A888" totalBytesRequested="16" timestamp="2019-08-08T20:26:12.889" intervalms="25.596" type="nursery" />
<cycle-start id="3475" type="scavenge" contextid="0" timestamp="2019-08-08T20:26:12.889" intervalms="25.615" />
<gc-start id="3476" type="scavenge" contextid="3475" timestamp="2019-08-08T20:26:12.889">
  <mem-info id="3477" free="1280216" total="67108864" percent="1">
    <mem type="nursery" free="0" total="47710208" percent="0">
      <mem type="allocate" free="0" total="42926080" percent="0" />
      <mem type="survivor" free="0" total="4784128" percent="0" />
    </mem>
    <mem type="tenure" free="1280216" total="19398656" percent="6">
      <mem type="soa" free="1086680" total="19205120" percent="5" />
      <mem type="loa" free="193536" total="193536" percent="100" />
    </mem>
    <remembered-set count="115" />
  </mem-info>
</gc-start>
<allocation-stats totalBytes="42817552" >
  <allocated-bytes non-tlh="16" tlh="42817536" />
  <largest-consumer threadName="main" threadId="0000000000959F00" bytes="42817552" />
</allocation-stats>
<gc-op id="3478" type="scavenge" timems="0.914" contextid="3475" timestamp="2019-08-08T20:26:12.890">
  <scavenger-info tenureage="3" tenuremask="c008" tiltratio="89" />
  <memory-copied type="nursery" objects="5" bytes="128" bytesdiscarded="32128" />
  <memory-copied type="tenure" objects="22" bytes="1224" bytesdiscarded="0" />
</gc-op>
<gc-end id="3479" type="scavenge" contextid="3475" durationms="1.267" usertimems="3.934" systemtimems="0.000" timestamp="2019-08-08T20:26:12.890" activeThreads="16">
  <mem-info id="3480" free="44157912" total="67108864" percent="65">
    <mem type="nursery" free="42893824" total="47710208" percent="89">
      <mem type="allocate" free="42893824" total="42926080" percent="99" />
      <mem type="survivor" free="0" total="4784128" percent="0" />
    </mem>
    <mem type="tenure" free="1264088" total="19398656" percent="6" macro-fragmented="0">
      <mem type="soa" free="1070552" total="19205120" percent="5" />
      <mem type="loa" free="193536" total="193536" percent="100" />
    </mem>
    <remembered-set count="119" />
  </mem-info>
</gc-end>
<cycle-end id="3481" type="scavenge" contextid="3475" timestamp="2019-08-08T20:26:12.890" />
  <attribute name="elasticGC enabled" value="1" />
  <attribute name= "numThreadsSpecified" value="16" />
  <attribute name="heapSize specified" value="42401792" />
  <attribute name="Current GC Util" value="8" />
  <attribute name= "Current Time Running" value="140308" />
  <attribute name ="GC Interval" value="2265" />
  <attribute name="Target GC Util Change" value ="80.000000" />
  <attribute name="Current GC Util Change" value="8.000000"/>
  <attribute name="Current Error" value="452.000000" />
  <attribute name="Output H" value="67146968"/>
  <attribute name="Output I" value="2264"/>
  <attribute name="Output T" value="16"/>
  <attribute name= "Current Time Running" value="140308" />
  <attribute name="GC Util currently" value="8" />
  <attribute name="CPU Util currently" value="44999824491" />
<allocation-satisfied id="3482" threadId="0000000000959F00" bytesRequested="16" />
<af-end id="3483" timestamp="2019-08-08T20:26:12.890" threadId="000000000095A888" success="true" from="nursery"/>
<exclusive-end id="3484" timestamp="2019-08-08T20:26:12.890" durationms="1.681" />

<exclusive-start id="3485" timestamp="2019-08-08T20:26:13.036" intervalms="147.791">
  <response-info timems="0.080" idlems="0.080" threads="0" lastid="0000000000959F00" lastname="main" />
</exclusive-start>
<af-start id="3486" threadId="000000000095A888" totalBytesRequested="456" timestamp="2019-08-08T20:26:13.037" intervalms="147.706" type="nursery" />
<cycle-start id="3487" type="scavenge" contextid="0" timestamp="2019-08-08T20:26:13.037" intervalms="147.693" />
<gc-start id="3488" type="scavenge" contextid="3487" timestamp="2019-08-08T20:26:13.037">
  <mem-info id="3489" free="1264088" total="67108864" percent="1">
    <mem type="nursery" free="0" total="47710208" percent="0">
      <mem type="allocate" free="0" total="42926080" percent="0" />
      <mem type="survivor" free="0" total="4784128" percent="0" />
    </mem>
    <mem type="tenure" free="1264088" total="19398656" percent="6">
      <mem type="soa" free="1070552" total="19205120" percent="5" />
      <mem type="loa" free="193536" total="193536" percent="100" />
    </mem>
    <remembered-set count="126" />
  </mem-info>
</gc-start>
<allocation-stats totalBytes="42822560" >
  <allocated-bytes non-tlh="16" tlh="42822544" />
  <largest-consumer threadName="main" threadId="0000000000959F00" bytes="42822560" />
</allocation-stats>
<gc-op id="3490" type="scavenge" timems="1.053" contextid="3487" timestamp="2019-08-08T20:26:13.038">
  <scavenger-info tenureage="14" tenuremask="c000" tiltratio="89" />
  <memory-copied type="nursery" objects="35" bytes="1464" bytesdiscarded="30792" />
</gc-op>
<gc-end id="3491" type="scavenge" contextid="3487" durationms="2.000" usertimems="6.227" systemtimems="0.000" timestamp="2019-08-08T20:26:13.039" activeThreads="16">
  <mem-info id="3492" free="44157912" total="67108864" percent="65">
    <mem type="nursery" free="42893824" total="47710208" percent="89">
      <mem type="allocate" free="42893824" total="42926080" percent="99" />
      <mem type="survivor" free="0" total="4784128" percent="0" />
    </mem>
    <mem type="tenure" free="1264088" total="19398656" percent="6" macro-fragmented="0">
      <mem type="soa" free="1070552" total="19205120" percent="5" />
      <mem type="loa" free="193536" total="193536" percent="100" />
    </mem>
    <remembered-set count="126" />
  </mem-info>
</gc-end>
<cycle-end id="3493" type="scavenge" contextid="3487" timestamp="2019-08-08T20:26:13.039" />
  <attribute name="elasticGC enabled" value="1" />
  <attribute name= "numThreadsSpecified" value="16" />
  <attribute name="heapSize specified" value="42401792" />
  <attribute name="Current GC Util" value="1" />
  <attribute name= "Current Time Running" value="140456" />
  <attribute name ="GC Interval" value="2049" />
  <attribute name="Target GC Util Change" value ="80.000000" />
  <attribute name="Current GC Util Change" value="1.000000"/>
  <attribute name="Current Error" value="79.000000" />
  <attribute name="Output H" value="67146752"/>
  <attribute name="Output I" value="2048"/>
  <attribute name="Output T" value="16"/>
  <attribute name= "Current Time Running" value="140456" />
  <attribute name="GC Util currently" value="1" />
  <attribute name="CPU Util currently" value="7771920385" />
<allocation-satisfied id="3494" threadId="0000000000959F00" bytesRequested="456" />
<af-end id="3495" timestamp="2019-08-08T20:26:13.039" threadId="000000000095A888" success="true" from="nursery"/>
<exclusive-end id="3496" timestamp="2019-08-08T20:26:13.039" durationms="2.505" />

<exclusive-start id="3497" timestamp="2019-08-08T20:26:13.264" intervalms="227.668">
  <response-info timems="0.122" idlems="0.122" threads="0" lastid="0000000000959F00" lastname="main" />
</exclusive-start>
<af-start id="3498" threadId="000000000095A888" totalBytesRequested="40" timestamp="2019-08-08T20:26:13.264" intervalms="227.668" type="nursery" />
<cycle-start id="3499" type="scavenge" contextid="0" timestamp="2019-08-08T20:26:13.264" intervalms="227.664" />
<gc-start id="3500" type="scavenge" contextid="3499" timestamp="2019-08-08T20:26:13.264">
  <mem-info id="3501" free="1264088" total="67108864" percent="1">
    <mem type="nursery" free="0" total="47710208" percent="0">
      <mem type="allocate" free="0" total="42926080" percent="0" />
      <mem type="survivor" free="0" total="4784128" percent="0" />
    </mem>
    <mem type="tenure" free="1264088" total="19398656" percent="6">
      <mem type="soa" free="1070552" total="19205120" percent="5" />
      <mem type="loa" free="193536" total="193536" percent="100" />
    </mem>
    <remembered-set count="126" />
  </mem-info>
</gc-start>
<allocation-stats totalBytes="42847720" >
  <allocated-bytes non-tlh="456" tlh="42847264" />
  <largest-consumer threadName="main" threadId="0000000000959F00" bytes="42847720" />
</allocation-stats>
<gc-op id="3502" type="scavenge" timems="1.858" contextid="3499" timestamp="2019-08-08T20:26:13.266">
  <scavenger-info tenureage="14" tenuremask="c000" tiltratio="89" />
  <memory-copied type="nursery" objects="46" bytes="2144" bytesdiscarded="13984" />
</gc-op>
<gc-end id="3503" type="scavenge" contextid="3499" durationms="2.232" usertimems="5.981" systemtimems="0.000" timestamp="2019-08-08T20:26:13.267" activeThreads="16">
  <mem-info id="3504" free="44174040" total="67108864" percent="65">
    <mem type="nursery" free="42909952" total="47710208" percent="89">
      <mem type="allocate" free="42909952" total="42926080" percent="99" />
      <mem type="survivor" free="0" total="4784128" percent="0" />
    </mem>
    <mem type="tenure" free="1264088" total="19398656" percent="6" macro-fragmented="0">
      <mem type="soa" free="1070552" total="19205120" percent="5" />
      <mem type="loa" free="193536" total="193536" percent="100" />
    </mem>
    <remembered-set count="119" />
  </mem-info>
</gc-end>
<cycle-end id="3505" type="scavenge" contextid="3499" timestamp="2019-08-08T20:26:13.267" />
  <attribute name="elasticGC enabled" value="1" />
  <attribute name= "numThreadsSpecified" value="16" />
  <attribute name="heapSize specified" value="42401792" />
  <attribute name="Current GC Util" value="1" />
  <attribute name= "Current Time Running" value="140683" />
  <attribute name ="GC Interval" value="2097" />
  <attribute name="Target GC Util Change" value ="80.000000" />
  <attribute name="Current GC Util Change" value="1.000000"/>
  <attribute name="Current Error" value="158.000000" />
  <attribute name="Output H" value="67146800"/>
  <attribute name="Output I" value="2096"/>
  <attribute name="Output T" value="16"/>
  <attribute name= "Current Time Running" value="140683" />
  <attribute name="GC Util currently" value="1" />
  <attribute name="CPU Util currently" value="5078863229" />
<allocation-satisfied id="3506" threadId="0000000000959F00" bytesRequested="40" />
<af-end id="3507" timestamp="2019-08-08T20:26:13.267" threadId="000000000095A888" success="true" from="nursery"/>
<exclusive-end id="3508" timestamp="2019-08-08T20:26:13.267" durationms="2.518" />

<exclusive-start id="3509" timestamp="2019-08-08T20:26:13.341" intervalms="76.878">
  <response-info timems="0.081" idlems="0.081" threads="0" lastid="0000000000959F00" lastname="main" />
</exclusive-start>
<af-start id="3510" threadId="000000000095A888" totalBytesRequested="32" timestamp="2019-08-08T20:26:13.341" intervalms="76.874" type="nursery" />
<cycle-start id="3511" type="scavenge" contextid="0" timestamp="2019-08-08T20:26:13.341" intervalms="76.872" />
<gc-start id="3512" type="scavenge" contextid="3511" timestamp="2019-08-08T20:26:13.341">
  <mem-info id="3513" free="1264088" total="67108864" percent="1">
    <mem type="nursery" free="0" total="47710208" percent="0">
      <mem type="allocate" free="0" total="42926080" percent="0" />
      <mem type="survivor" free="0" total="4784128" percent="0" />
    </mem>
    <mem type="tenure" free="1264088" total="19398656" percent="6">
      <mem type="soa" free="1070552" total="19205120" percent="5" />
      <mem type="loa" free="193536" total="193536" percent="100" />
    </mem>
    <remembered-set count="121" />
  </mem-info>
</gc-start>
<allocation-stats totalBytes="42876056" >
  <allocated-bytes non-tlh="40" tlh="42876016" />
  <largest-consumer threadName="main" threadId="0000000000959F00" bytes="42876056" />
</allocation-stats>
<gc-op id="3514" type="scavenge" timems="1.292" contextid="3511" timestamp="2019-08-08T20:26:13.342">
  <scavenger-info tenureage="12" tenuremask="d000" tiltratio="89" />
  <memory-copied type="nursery" objects="44" bytes="1848" bytesdiscarded="14280" />
</gc-op>
<gc-end id="3515" type="scavenge" contextid="3511" durationms="1.659" usertimems="3.388" systemtimems="0.000" timestamp="2019-08-08T20:26:13.343" activeThreads="16">
  <mem-info id="3516" free="44174040" total="67108864" percent="65">
    <mem type="nursery" free="42909952" total="47710208" percent="89">
      <mem type="allocate" free="42909952" total="42926080" percent="99" />
      <mem type="survivor" free="0" total="4784128" percent="0" />
    </mem>
    <mem type="tenure" free="1264088" total="19398656" percent="6" macro-fragmented="0">
      <mem type="soa" free="1070552" total="19205120" percent="5" />
      <mem type="loa" free="193536" total="193536" percent="100" />
    </mem>
    <remembered-set count="121" />
  </mem-info>
</gc-end>
<cycle-end id="3517" type="scavenge" contextid="3511" timestamp="2019-08-08T20:26:13.343" />
  <attribute name="elasticGC enabled" value="1" />
  <attribute name= "numThreadsSpecified" value="16" />
  <attribute name="heapSize specified" value="42401792" />
  <attribute name="Current GC Util" value="3" />
  <attribute name= "Current Time Running" value="140760" />
  <attribute name ="GC Interval" value="2137" />
  <attribute name="Target GC Util Change" value ="80.000000" />
  <attribute name="Current GC Util Change" value="3.000000"/>
  <attribute name="Current Error" value="235.000000" />
  <attribute name="Output H" value="67146840"/>
  <attribute name="Output I" value="2136"/>
  <attribute name="Output T" value="16"/>
  <attribute name= "Current Time Running" value="140760" />
  <attribute name="GC Util currently" value="3" />
  <attribute name="CPU Util currently" value="15000254755" />
<allocation-satisfied id="3518" threadId="0000000000959F00" bytesRequested="32" />
<af-end id="3519" timestamp="2019-08-08T20:26:13.343" threadId="000000000095A888" success="true" from="nursery"/>
<exclusive-end id="3520" timestamp="2019-08-08T20:26:13.343" durationms="2.016" />

<exclusive-start id="3521" timestamp="2019-08-08T20:26:13.512" intervalms="170.579">
  <response-info timems="0.092" idlems="0.092" threads="0" lastid="0000000000959F00" lastname="main" />
</exclusive-start>
<af-start id="3522" threadId="000000000095A888" totalBytesRequested="1008" timestamp="2019-08-08T20:26:13.512" intervalms="170.642" type="nursery" />
<cycle-start id="3523" type="scavenge" contextid="0" timestamp="2019-08-08T20:26:13.512" intervalms="170.768" />
<gc-start id="3524" type="scavenge" contextid="3523" timestamp="2019-08-08T20:26:13.512">
  <mem-info id="3525" free="1259192" total="67108864" percent="1">
    <mem type="nursery" free="0" total="47710208" percent="0">
      <mem type="allocate" free="0" total="42926080" percent="0" />
      <mem type="survivor" free="0" total="4784128" percent="0" />
    </mem>
    <mem type="tenure" free="1259192" total="19398656" percent="6">
      <mem type="soa" free="1065656" total="19205120" percent="5" />
      <mem type="loa" free="193536" total="193536" percent="100" />
    </mem>
    <remembered-set count="328" />
  </mem-info>
</gc-start>
<allocation-stats totalBytes="42878832" >
  <allocated-bytes non-tlh="4928" tlh="42873904" />
  <largest-consumer threadName="main" threadId="0000000000959F00" bytes="42878832" />
</allocation-stats>
<gc-op id="3526" type="scavenge" timems="1.593" contextid="3523" timestamp="2019-08-08T20:26:13.514">
  <scavenger-info tenureage="13" tenuremask="e000" tiltratio="89" />
  <memory-copied type="nursery" objects="980" bytes="49912" bytesdiscarded="52224" />
  <references type="soft" candidates="16" cleared="0" enqueued="0" dynamicThreshold="2" maxThreshold="32" />
  <references type="weak" candidates="64" cleared="18" enqueued="11" />
</gc-op>
<gc-end id="3527" type="scavenge" contextid="3523" durationms="2.367" usertimems="5.161" systemtimems="0.000" timestamp="2019-08-08T20:26:13.514" activeThreads="16">
  <mem-info id="3528" free="44083136" total="67108864" percent="65">
    <mem type="nursery" free="42823944" total="47710208" percent="89">
      <mem type="allocate" free="42823944" total="42926080" percent="99" />
      <mem type="survivor" free="0" total="4784128" percent="0" />
    </mem>
    <mem type="tenure" free="1259192" total="19398656" percent="6" macro-fragmented="418667">
      <mem type="soa" free="1065656" total="19205120" percent="5" />
      <mem type="loa" free="193536" total="193536" percent="100" />
    </mem>
    <pending-finalizers system="0" default="0" reference="11" classloader="0" />
    <remembered-set count="221" />
  </mem-info>
</gc-end>
<cycle-end id="3529" type="scavenge" contextid="3523" timestamp="2019-08-08T20:26:13.514" />
  <attribute name="elasticGC enabled" value="1" />
  <attribute name= "numThreadsSpecified" value="16" />
  <attribute name="heapSize specified" value="42401792" />
  <attribute name="Current GC Util" value="1" />
  <attribute name= "Current Time Running" value="140931" />
  <attribute name ="GC Interval" value="2185" />
  <attribute name="Target GC Util Change" value ="80.000000" />
  <attribute name="Current GC Util Change" value="1.000000"/>
  <attribute name="Current Error" value="314.000000" />
  <attribute name="Output H" value="67146888"/>
  <attribute name="Output I" value="2184"/>
  <attribute name="Output T" value="16"/>
  <attribute name= "Current Time Running" value="140931" />
  <attribute name="GC Util currently" value="1" />
  <attribute name="CPU Util currently" value="6749421114" />
<allocation-satisfied id="3530" threadId="0000000000959F00" bytesRequested="1008" />
<af-end id="3531" timestamp="2019-08-08T20:26:13.514" threadId="000000000095A888" success="true" from="nursery"/>
<exclusive-end id="3532" timestamp="2019-08-08T20:26:13.515" durationms="2.910" />

<exclusive-start id="3533" timestamp="2019-08-08T20:26:13.831" intervalms="319.340">
  <response-info timems="0.055" idlems="0.055" threads="0" lastid="0000000000959F00" lastname="main" />
</exclusive-start>
<af-start id="3534" threadId="000000000095A888" totalBytesRequested="16" timestamp="2019-08-08T20:26:13.831" intervalms="319.277" type="nursery" />
<cycle-start id="3535" type="scavenge" contextid="0" timestamp="2019-08-08T20:26:13.831" intervalms="319.153" />
<gc-start id="3536" type="scavenge" contextid="3535" timestamp="2019-08-08T20:26:13.831">
  <mem-info id="3537" free="1259192" total="67108864" percent="1">
    <mem type="nursery" free="0" total="47710208" percent="0">
      <mem type="allocate" free="0" total="42926080" percent="0" />
      <mem type="survivor" free="0" total="4784128" percent="0" />
    </mem>
    <mem type="tenure" free="1259192" total="19398656" percent="6">
      <mem type="soa" free="1065656" total="19205120" percent="5" />
      <mem type="loa" free="193536" total="193536" percent="100" />
    </mem>
    <remembered-set count="223" />
  </mem-info>
</gc-start>
<allocation-stats totalBytes="42766184" >
  <allocated-bytes non-tlh="1008" tlh="42765176" />
  <largest-consumer threadName="main" threadId="0000000000959F00" bytes="42762088" />
</allocation-stats>
<gc-op id="3538" type="scavenge" timems="3.344" contextid="3535" timestamp="2019-08-08T20:26:13.835">
  <scavenger-info tenureage="3" tenuremask="fff8" tiltratio="89" />
  <memory-copied type="nursery" objects="961" bytes="53832" bytesdiscarded="60920" />
  <memory-copied type="tenure" objects="15" bytes="344" bytesdiscarded="0" />
  <references type="soft" candidates="16" cleared="0" enqueued="0" dynamicThreshold="2" maxThreshold="32" />
  <references type="weak" candidates="46" cleared="0" enqueued="0" />
</gc-op>
<gc-end id="3539" type="scavenge" contextid="3535" durationms="4.019" usertimems="3.260" systemtimems="0.000" timestamp="2019-08-08T20:26:13.835" activeThreads="16">
  <mem-info id="3540" free="44070520" total="67108864" percent="65">
    <mem type="nursery" free="42811328" total="47710208" percent="89">
      <mem type="allocate" free="42811328" total="42926080" percent="99" />
      <mem type="survivor" free="0" total="4784128" percent="0" />
    </mem>
    <mem type="tenure" free="1259192" total="19398656" percent="6" macro-fragmented="0">
      <mem type="soa" free="1065656" total="19205120" percent="5" />
      <mem type="loa" free="193536" total="193536" percent="100" />
    </mem>
    <remembered-set count="216" />
  </mem-info>
</gc-end>
<cycle-end id="3541" type="scavenge" contextid="3535" timestamp="2019-08-08T20:26:13.835" />
  <attribute name="elasticGC enabled" value="1" />
  <attribute name= "numThreadsSpecified" value="16" />
  <attribute name="heapSize specified" value="42401792" />
  <attribute name="Current GC Util" value="1" />
  <attribute name= "Current Time Running" value="141250" />
  <attribute name ="GC Interval" value="2233" />
  <attribute name="Target GC Util Change" value ="80.000000" />
  <attribute name="Current GC Util Change" value="1.000000"/>
  <attribute name="Current Error" value="393.000000" />
  <attribute name="Output H" value="67146936"/>
  <attribute name="Output I" value="2232"/>
  <attribute name="Output T" value="16"/>
  <attribute name= "Current Time Running" value="141250" />
  <attribute name="GC Util currently" value="1" />
  <attribute name="CPU Util currently" value="3612664976" />
<allocation-satisfied id="3542" threadId="0000000000959F00" bytesRequested="16" />
<af-end id="3543" timestamp="2019-08-08T20:26:13.835" threadId="000000000095A888" success="true" from="nursery"/>
<exclusive-end id="3544" timestamp="2019-08-08T20:26:13.835" durationms="4.333" />

<exclusive-start id="3545" timestamp="2019-08-08T20:26:14.144" intervalms="313.184">
  <response-info timems="0.143" idlems="0.143" threads="0" lastid="0000000000959F00" lastname="main" />
</exclusive-start>
<af-start id="3546" threadId="000000000095A888" totalBytesRequested="32" timestamp="2019-08-08T20:26:14.144" intervalms="313.187" type="nursery" />
<cycle-start id="3547" type="scavenge" contextid="0" timestamp="2019-08-08T20:26:14.144" intervalms="313.188" />
<gc-start id="3548" type="scavenge" contextid="3547" timestamp="2019-08-08T20:26:14.144">
  <mem-info id="3549" free="1259192" total="67108864" percent="1">
    <mem type="nursery" free="0" total="47710208" percent="0">
      <mem type="allocate" free="0" total="42926080" percent="0" />
      <mem type="survivor" free="0" total="4784128" percent="0" />
    </mem>
    <mem type="tenure" free="1259192" total="19398656" percent="6">
      <mem type="soa" free="1065656" total="19205120" percent="5" />
      <mem type="loa" free="193536" total="193536" percent="100" />
    </mem>
    <remembered-set count="218" />
  </mem-info>
</gc-start>
<allocation-stats totalBytes="42767496" >
  <allocated-bytes non-tlh="16" tlh="42767480" />
  <largest-consumer threadName="main" threadId="0000000000959F00" bytes="42767496" />
</allocation-stats>
<gc-op id="3550" type="scavenge" timems="2.212" contextid="3547" timestamp="2019-08-08T20:26:14.147">
  <scavenger-info tenureage="2" tenuremask="ffdc" tiltratio="89" />
  <memory-copied type="nursery" objects="49" bytes="3960" bytesdiscarded="35976" />
  <memory-copied type="tenure" objects="926" bytes="45168" bytesdiscarded="24" />
  <references type="weak" candidates="18" cleared="0" enqueued="0" />
</gc-op>
<gc-end id="3551" type="scavenge" contextid="3547" durationms="2.910" usertimems="7.749" systemtimems="0.000" timestamp="2019-08-08T20:26:14.147" activeThreads="16">
  <mem-info id="3552" free="44081592" total="67108864" percent="65">
    <mem type="nursery" free="42886144" total="47710208" percent="89">
      <mem type="allocate" free="42886144" total="42926080" percent="99" />
      <mem type="survivor" free="0" total="4784128" percent="0" />
    </mem>
    <mem type="tenure" free="1195448" total="19398656" percent="6" macro-fragmented="0">
      <mem type="soa" free="1001912" total="19205120" percent="5" />
      <mem type="loa" free="193536" total="193536" percent="100" />
    </mem>
    <remembered-set count="119" />
  </mem-info>
</gc-end>
<cycle-end id="3553" type="scavenge" contextid="3547" timestamp="2019-08-08T20:26:14.147" />
  <attribute name="elasticGC enabled" value="1" />
  <attribute name= "numThreadsSpecified" value="16" />
  <attribute name="heapSize specified" value="42401792" />
  <attribute name="Current GC Util" value="0" />
  <attribute name= "Current Time Running" value="141563" />
  <attribute name ="GC Interval" value="2281" />
  <attribute name="Target GC Util Change" value ="80.000000" />
  <attribute name="Current GC Util Change" value="0.000000"/>
  <attribute name="Current Error" value="473.000000" />
  <attribute name="Output H" value="67146984"/>
  <attribute name="Output I" value="2280"/>
  <attribute name="Output T" value="16"/>
  <attribute name= "Current Time Running" value="141563" />
  <attribute name="GC Util currently" value="0" />
  <attribute name="CPU Util currently" value="3681243500" />
<allocation-satisfied id="3554" threadId="0000000000959F00" bytesRequested="32" />
<af-end id="3555" timestamp="2019-08-08T20:26:14.147" threadId="000000000095A888" success="true" from="nursery"/>
<exclusive-end id="3556" timestamp="2019-08-08T20:26:14.147" durationms="3.231" />

<exclusive-start id="3557" timestamp="2019-08-08T20:26:14.717" intervalms="572.817">
  <response-info timems="0.110" idlems="0.110" threads="0" lastid="0000000000959F00" lastname="main" />
</exclusive-start>
<af-start id="3558" threadId="000000000095A888" totalBytesRequested="40" timestamp="2019-08-08T20:26:14.717" intervalms="572.806" type="nursery" />
<cycle-start id="3559" type="scavenge" contextid="0" timestamp="2019-08-08T20:26:14.717" intervalms="572.801" />
<gc-start id="3560" type="scavenge" contextid="3559" timestamp="2019-08-08T20:26:14.717">
  <mem-info id="3561" free="1195448" total="67108864" percent="1">
    <mem type="nursery" free="0" total="47710208" percent="0">
      <mem type="allocate" free="0" total="42926080" percent="0" />
      <mem type="survivor" free="0" total="4784128" percent="0" />
    </mem>
    <mem type="tenure" free="1195448" total="19398656" percent="6">
      <mem type="soa" free="1001912" total="19205120" percent="5" />
      <mem type="loa" free="193536" total="193536" percent="100" />
    </mem>
    <remembered-set count="121" />
  </mem-info>
</gc-start>
<allocation-stats totalBytes="42878976" >
  <allocated-bytes non-tlh="32" tlh="42878944" />
  <largest-consumer threadName="main" threadId="0000000000959F00" bytes="42878976" />
</allocation-stats>
<gc-op id="3562" type="scavenge" timems="1.219" contextid="3559" timestamp="2019-08-08T20:26:14.718">
  <scavenger-info tenureage="5" tenuremask="ffe0" tiltratio="89" />
  <memory-copied type="nursery" objects="71" bytes="4736" bytesdiscarded="83584" />
  <references type="weak" candidates="34" cleared="0" enqueued="0" />
</gc-op>
<gc-end id="3563" type="scavenge" contextid="3559" durationms="1.589" usertimems="3.705" systemtimems="0.000" timestamp="2019-08-08T20:26:14.719" activeThreads="16">
  <mem-info id="3564" free="44033208" total="67108864" percent="65">
    <mem type="nursery" free="42837760" total="47710208" percent="89">
      <mem type="allocate" free="42837760" total="42926080" percent="99" />
      <mem type="survivor" free="0" total="4784128" percent="0" />
    </mem>
    <mem type="tenure" free="1195448" total="19398656" percent="6" macro-fragmented="418667">
      <mem type="soa" free="1001912" total="19205120" percent="5" />
      <mem type="loa" free="193536" total="193536" percent="100" />
    </mem>
    <remembered-set count="120" />
  </mem-info>
</gc-end>
<cycle-end id="3565" type="scavenge" contextid="3559" timestamp="2019-08-08T20:26:14.719" />
  <attribute name="elasticGC enabled" value="1" />
  <attribute name= "numThreadsSpecified" value="16" />
  <attribute name="heapSize specified" value="42401792" />
  <attribute name="Current GC Util" value="0" />
  <attribute name= "Current Time Running" value="142136" />
  <attribute name ="GC Interval" value="2049" />
  <attribute name="Target GC Util Change" value ="80.000000" />
  <attribute name="Current GC Util Change" value="0.000000"/>
  <attribute name="Current Error" value="80.000000" />
  <attribute name="Output H" value="67146752"/>
  <attribute name="Output I" value="2048"/>
  <attribute name="Output T" value="16"/>
  <attribute name= "Current Time Running" value="142136" />
  <attribute name="GC Util currently" value="0" />
  <attribute name="CPU Util currently" value="2012837321" />
<allocation-satisfied id="3566" threadId="0000000000959F00" bytesRequested="40" />
<af-end id="3567" timestamp="2019-08-08T20:26:14.719" threadId="000000000095A888" success="true" from="nursery"/>
<exclusive-end id="3568" timestamp="2019-08-08T20:26:14.719" durationms="1.904" />

<exclusive-start id="3569" timestamp="2019-08-08T20:26:14.819" intervalms="102.414">
  <response-info timems="0.140" idlems="0.140" threads="0" lastid="0000000000959F00" lastname="main" />
</exclusive-start>
<af-start id="3570" threadId="000000000095A888" totalBytesRequested="80" timestamp="2019-08-08T20:26:14.819" intervalms="102.421" type="nursery" />
<cycle-start id="3571" type="scavenge" contextid="0" timestamp="2019-08-08T20:26:14.819" intervalms="102.420" />
<gc-start id="3572" type="scavenge" contextid="3571" timestamp="2019-08-08T20:26:14.820">
  <mem-info id="3573" free="1195448" total="67108864" percent="1">
    <mem type="nursery" free="0" total="47710208" percent="0">
      <mem type="allocate" free="0" total="42926080" percent="0" />
      <mem type="survivor" free="0" total="4784128" percent="0" />
    </mem>
    <mem type="tenure" free="1195448" total="19398656" percent="6">
      <mem type="soa" free="1001912" total="19205120" percent="5" />
      <mem type="loa" free="193536" total="193536" percent="100" />
    </mem>
    <remembered-set count="120" />
  </mem-info>
</gc-start>
<allocation-stats totalBytes="42829784" >
  <allocated-bytes non-tlh="40" tlh="42829744" />
  <largest-consumer threadName="main" threadId="0000000000959F00" bytes="42829784" />
</allocation-stats>
<gc-op id="3574" type="scavenge" timems="1.359" contextid="3571" timestamp="2019-08-08T20:26:14.821">
  <scavenger-info tenureage="3" tenuremask="fff8" tiltratio="89" />
  <memory-copied type="nursery" objects="65" bytes="2056" bytesdiscarded="46328" />
  <memory-copied type="tenure" objects="5" bytes="2600" bytesdiscarded="0" />
  <references type="weak" candidates="34" cleared="0" enqueued="0" />
</gc-op>
<gc-end id="3575" type="scavenge" contextid="3571" durationms="1.754" usertimems="5.291" systemtimems="0.000" timestamp="2019-08-08T20:26:14.821" activeThreads="16">
  <mem-info id="3576" free="44073144" total="67108864" percent="65">
    <mem type="nursery" free="42877696" total="47710208" percent="89">
      <mem type="allocate" free="42877696" total="42926080" percent="99" />
      <mem type="survivor" free="0" total="4784128" percent="0" />
    </mem>
    <mem type="tenure" free="1195448" total="19398656" percent="6" macro-fragmented="0">
      <mem type="soa" free="1001912" total="19205120" percent="5" />
      <mem type="loa" free="193536" total="193536" percent="100" />
    </mem>
    <remembered-set count="115" />
  </mem-info>
</gc-end>
<cycle-end id="3577" type="scavenge" contextid="3571" timestamp="2019-08-08T20:26:14.821" />
  <attribute name="elasticGC enabled" value="1" />
  <attribute name= "numThreadsSpecified" value="16" />
  <attribute name="heapSize specified" value="42401792" />
  <attribute name="Current GC Util" value="2" />
  <attribute name= "Current Time Running" value="142239" />
  <attribute name ="GC Interval" value="2097" />
  <attribute name="Target GC Util Change" value ="80.000000" />
  <attribute name="Current GC Util Change" value="2.000000"/>
  <attribute name="Current Error" value="158.000000" />
  <attribute name="Output H" value="67146800"/>
  <attribute name="Output I" value="2096"/>
  <attribute name="Output T" value="16"/>
  <attribute name= "Current Time Running" value="142239" />
  <attribute name="GC Util currently" value="2" />
  <attribute name="CPU Util currently" value="11251680633" />
<allocation-satisfied id="3578" threadId="0000000000959F00" bytesRequested="80" />
<af-end id="3579" timestamp="2019-08-08T20:26:14.821" threadId="000000000095A888" success="true" from="nursery"/>
<exclusive-end id="3580" timestamp="2019-08-08T20:26:14.821" durationms="2.010" />

<exclusive-start id="3581" timestamp="2019-08-08T20:26:14.922" intervalms="102.514">
  <response-info timems="0.019" idlems="0.019" threads="0" lastid="0000000000959F00" lastname="main" />
</exclusive-start>
<af-start id="3582" threadId="000000000095A888" totalBytesRequested="24" timestamp="2019-08-08T20:26:14.922" intervalms="102.526" type="nursery" />
<cycle-start id="3583" type="scavenge" contextid="0" timestamp="2019-08-08T20:26:14.922" intervalms="102.524" />
<gc-start id="3584" type="scavenge" contextid="3583" timestamp="2019-08-08T20:26:14.922">
  <mem-info id="3585" free="1195448" total="67108864" percent="1">
    <mem type="nursery" free="0" total="47710208" percent="0">
      <mem type="allocate" free="0" total="42926080" percent="0" />
      <mem type="survivor" free="0" total="4784128" percent="0" />
    </mem>
    <mem type="tenure" free="1195448" total="19398656" percent="6">
      <mem type="soa" free="1001912" total="19205120" percent="5" />
      <mem type="loa" free="193536" total="193536" percent="100" />
    </mem>
    <remembered-set count="115" />
  </mem-info>
</gc-start>
<allocation-stats totalBytes="42869424" >
  <allocated-bytes non-tlh="80" tlh="42869344" />
  <largest-consumer threadName="main" threadId="0000000000959F00" bytes="42869424" />
</allocation-stats>
<gc-op id="3586" type="scavenge" timems="0.834" contextid="3583" timestamp="2019-08-08T20:26:14.923">
  <scavenger-info tenureage="3" tenuremask="ffe8" tiltratio="89" />
  <memory-copied type="nursery" objects="43" bytes="1456" bytesdiscarded="86864" />
  <memory-copied type="tenure" objects="25" bytes="736" bytesdiscarded="0" />
  <references type="weak" candidates="16" cleared="0" enqueued="0" />
</gc-op>
<gc-end id="3587" type="scavenge" contextid="3583" durationms="1.178" usertimems="1.942" systemtimems="0.000" timestamp="2019-08-08T20:26:14.923" activeThreads="16">
  <mem-info id="3588" free="43977144" total="67108864" percent="65">
    <mem type="nursery" free="42837760" total="47710208" percent="89">
      <mem type="allocate" free="42837760" total="42926080" percent="99" />
      <mem type="survivor" free="0" total="4784128" percent="0" />
    </mem>
    <mem type="tenure" free="1139384" total="19398656" percent="5" macro-fragmented="418667">
      <mem type="soa" free="945848" total="19205120" percent="4" />
      <mem type="loa" free="193536" total="193536" percent="100" />
    </mem>
    <remembered-set count="113" />
  </mem-info>
</gc-end>
<cycle-end id="3589" type="scavenge" contextid="3583" timestamp="2019-08-08T20:26:14.923" />
  <attribute name="elasticGC enabled" value="1" />
  <attribute name= "numThreadsSpecified" value="16" />
  <attribute name="heapSize specified" value="42401792" />
  <attribute name="Current GC Util" value="2" />
  <attribute name= "Current Time Running" value="142341" />
  <attribute name ="GC Interval" value="2137" />
  <attribute name="Target GC Util Change" value ="80.000000" />
  <attribute name="Current GC Util Change" value="2.000000"/>
  <attribute name="Current Error" value="236.000000" />
  <attribute name="Output H" value="67146840"/>
  <attribute name="Output I" value="2136"/>
  <attribute name="Output T" value="16"/>
  <attribute name= "Current Time Running" value="142341" />
  <attribute name="GC Util currently" value="2" />
  <attribute name="CPU Util currently" value="11251210451" />
<allocation-satisfied id="3590" threadId="0000000000959F00" bytesRequested="24" />
<af-end id="3591" timestamp="2019-08-08T20:26:14.923" threadId="000000000095A888" success="true" from="nursery"/>
<exclusive-end id="3592" timestamp="2019-08-08T20:26:14.923" durationms="1.395" />

<exclusive-start id="3593" timestamp="2019-08-08T20:26:15.019" intervalms="96.770">
  <response-info timems="0.019" idlems="0.019" threads="0" lastid="0000000000959F00" lastname="main" />
</exclusive-start>
<af-start id="3594" threadId="000000000095A888" totalBytesRequested="80" timestamp="2019-08-08T20:26:15.019" intervalms="96.750" type="nursery" />
<cycle-start id="3595" type="scavenge" contextid="0" timestamp="2019-08-08T20:26:15.019" intervalms="96.750" />
<gc-start id="3596" type="scavenge" contextid="3595" timestamp="2019-08-08T20:26:15.019">
  <mem-info id="3597" free="1139384" total="67108864" percent="1">
    <mem type="nursery" free="0" total="47710208" percent="0">
      <mem type="allocate" free="0" total="42926080" percent="0" />
      <mem type="survivor" free="0" total="4784128" percent="0" />
    </mem>
    <mem type="tenure" free="1139384" total="19398656" percent="5">
      <mem type="soa" free="945848" total="19205120" percent="4" />
      <mem type="loa" free="193536" total="193536" percent="100" />
    </mem>
    <remembered-set count="113" />
  </mem-info>
</gc-start>
<allocation-stats totalBytes="42830192" >
  <allocated-bytes non-tlh="24" tlh="42830168" />
  <largest-consumer threadName="main" threadId="0000000000959F00" bytes="42830192" />
</allocation-stats>
<gc-op id="3598" type="scavenge" timems="1.228" contextid="3595" timestamp="2019-08-08T20:26:15.020">
  <scavenger-info tenureage="3" tenuremask="ffe8" tiltratio="89" />
  <memory-copied type="nursery" objects="1" bytes="24" bytesdiscarded="23784" />
  <memory-copied type="tenure" objects="37" bytes="1200" bytesdiscarded="0" />
</gc-op>
<gc-end id="3599" type="scavenge" contextid="3595" durationms="1.709" usertimems="2.635" systemtimems="0.000" timestamp="2019-08-08T20:26:15.021" activeThreads="16">
  <mem-info id="3600" free="44001720" total="67108864" percent="65">
    <mem type="nursery" free="42902272" total="47710208" percent="89">
      <mem type="allocate" free="42902272" total="42926080" percent="99" />
      <mem type="survivor" free="0" total="4784128" percent="0" />
    </mem>
    <mem type="tenure" free="1099448" total="19398656" percent="5" macro-fragmented="418667">
      <mem type="soa" free="905912" total="19205120" percent="4" />
      <mem type="loa" free="193536" total="193536" percent="100" />
    </mem>
    <remembered-set count="114" />
  </mem-info>
</gc-end>
<cycle-end id="3601" type="scavenge" contextid="3595" timestamp="2019-08-08T20:26:15.021" />
  <attribute name="elasticGC enabled" value="1" />
  <attribute name= "numThreadsSpecified" value="16" />
  <attribute name="heapSize specified" value="42401792" />
  <attribute name="Current GC Util" value="2" />
  <attribute name= "Current Time Running" value="142438" />
  <attribute name ="GC Interval" value="2185" />
  <attribute name="Target GC Util Change" value ="80.000000" />
  <attribute name="Current GC Util Change" value="2.000000"/>
  <attribute name="Current Error" value="314.000000" />
  <attribute name="Output H" value="67146888"/>
  <attribute name="Output I" value="2184"/>
  <attribute name="Output T" value="16"/>
  <attribute name= "Current Time Running" value="142438" />
  <attribute name="GC Util currently" value="2" />
  <attribute name="CPU Util currently" value="11885614714" />
<allocation-satisfied id="3602" threadId="0000000000959F00" bytesRequested="80" />
<af-end id="3603" timestamp="2019-08-08T20:26:15.021" threadId="000000000095A888" success="true" from="nursery"/>
<exclusive-end id="3604" timestamp="2019-08-08T20:26:15.021" durationms="2.320" />

<exclusive-start id="3605" timestamp="2019-08-08T20:26:15.113" intervalms="94.593">
  <response-info timems="0.042" idlems="0.042" threads="0" lastid="0000000000959F00" lastname="main" />
</exclusive-start>
<af-start id="3606" threadId="000000000095A888" totalBytesRequested="544" timestamp="2019-08-08T20:26:15.113" intervalms="94.589" type="nursery" />
<cycle-start id="3607" type="scavenge" contextid="0" timestamp="2019-08-08T20:26:15.113" intervalms="94.590" />
<gc-start id="3608" type="scavenge" contextid="3607" timestamp="2019-08-08T20:26:15.113">
  <mem-info id="3609" free="1099448" total="67108864" percent="1">
    <mem type="nursery" free="0" total="47710208" percent="0">
      <mem type="allocate" free="0" total="42926080" percent="0" />
      <mem type="survivor" free="0" total="4784128" percent="0" />
    </mem>
    <mem type="tenure" free="1099448" total="19398656" percent="5">
      <mem type="soa" free="905912" total="19205120" percent="4" />
      <mem type="loa" free="193536" total="193536" percent="100" />
    </mem>
    <remembered-set count="119" />
  </mem-info>
</gc-start>
<allocation-stats totalBytes="42889112" >
  <allocated-bytes non-tlh="80" tlh="42889032" />
  <largest-consumer threadName="main" threadId="0000000000959F00" bytes="42889112" />
</allocation-stats>
<gc-op id="3610" type="scavenge" timems="1.025" contextid="3607" timestamp="2019-08-08T20:26:15.114">
  <scavenger-info tenureage="3" tenuremask="ffe8" tiltratio="89" />
  <memory-copied type="nursery" objects="26" bytes="1344" bytesdiscarded="30912" />
</gc-op>
<gc-end id="3611" type="scavenge" contextid="3607" durationms="1.585" usertimems="3.509" systemtimems="0.000" timestamp="2019-08-08T20:26:15.115" activeThreads="16">
  <mem-info id="3612" free="43993272" total="67108864" percent="65">
    <mem type="nursery" free="42893824" total="47710208" percent="89">
      <mem type="allocate" free="42893824" total="42926080" percent="99" />
      <mem type="survivor" free="0" total="4784128" percent="0" />
    </mem>
    <mem type="tenure" free="1099448" total="19398656" percent="5" macro-fragmented="602881">
      <mem type="soa" free="905912" total="19205120" percent="4" />
      <mem type="loa" free="193536" total="193536" percent="100" />
    </mem>
    <remembered-set count="119" />
  </mem-info>
</gc-end>
<cycle-end id="3613" type="scavenge" contextid="3607" timestamp="2019-08-08T20:26:15.115" />
  <attribute name="elasticGC enabled" value="1" />
  <attribute name= "numThreadsSpecified" value="16" />
  <attribute name="heapSize specified" value="42401792" />
  <attribute name="Current GC Util" value="2" />
  <attribute name= "Current Time Running" value="142532" />
  <attribute name ="GC Interval" value="2233" />
  <attribute name="Target GC Util Change" value ="80.000000" />
  <attribute name="Current GC Util Change" value="2.000000"/>
  <attribute name="Current Error" value="392.000000" />
  <attribute name="Output H" value="67146936"/>
  <attribute name="Output I" value="2232"/>
  <attribute name="Output T" value="16"/>
  <attribute name= "Current Time Running" value="142532" />
  <attribute name="GC Util currently" value="2" />
  <attribute name="CPU Util currently" value="12223415200" />
<allocation-satisfied id="3614" threadId="0000000000959F00" bytesRequested="544" />
<af-end id="3615" timestamp="2019-08-08T20:26:15.115" threadId="000000000095A888" success="true" from="nursery"/>
<exclusive-end id="3616" timestamp="2019-08-08T20:26:15.115" durationms="1.808" />

<exclusive-start id="3617" timestamp="2019-08-08T20:26:15.144" intervalms="30.314">
  <response-info timems="0.037" idlems="0.037" threads="0" lastid="0000000000959F00" lastname="main" />
</exclusive-start>
<af-start id="3618" threadId="000000000095A888" totalBytesRequested="584" timestamp="2019-08-08T20:26:15.144" intervalms="30.320" type="nursery" />
<cycle-start id="3619" type="scavenge" contextid="0" timestamp="2019-08-08T20:26:15.144" intervalms="30.325" />
<gc-start id="3620" type="scavenge" contextid="3619" timestamp="2019-08-08T20:26:15.144">
  <mem-info id="3621" free="1099448" total="67108864" percent="1">
    <mem type="nursery" free="0" total="47710208" percent="0">
      <mem type="allocate" free="0" total="42926080" percent="0" />
      <mem type="survivor" free="0" total="4784128" percent="0" />
    </mem>
    <mem type="tenure" free="1099448" total="19398656" percent="5">
      <mem type="soa" free="905912" total="19205120" percent="4" />
      <mem type="loa" free="193536" total="193536" percent="100" />
    </mem>
    <remembered-set count="119" />
  </mem-info>
</gc-start>
<allocation-stats totalBytes="42833464" >
  <allocated-bytes non-tlh="544" tlh="42832920" />
  <largest-consumer threadName="main" threadId="0000000000959F00" bytes="42833464" />
</allocation-stats>
<gc-op id="3622" type="scavenge" timems="0.883" contextid="3619" timestamp="2019-08-08T20:26:15.145">
  <scavenger-info tenureage="3" tenuremask="fff8" tiltratio="89" />
  <memory-copied type="nursery" objects="27" bytes="1368" bytesdiscarded="30888" />
</gc-op>
<gc-end id="3623" type="scavenge" contextid="3619" durationms="1.317" usertimems="1.969" systemtimems="0.000" timestamp="2019-08-08T20:26:15.145" activeThreads="16">
  <mem-info id="3624" free="43993272" total="67108864" percent="65">
    <mem type="nursery" free="42893824" total="47710208" percent="89">
      <mem type="allocate" free="42893824" total="42926080" percent="99" />
      <mem type="survivor" free="0" total="4784128" percent="0" />
    </mem>
    <mem type="tenure" free="1099448" total="19398656" percent="5" macro-fragmented="0">
      <mem type="soa" free="905912" total="19205120" percent="4" />
      <mem type="loa" free="193536" total="193536" percent="100" />
    </mem>
    <remembered-set count="114" />
  </mem-info>
</gc-end>
<cycle-end id="3625" type="scavenge" contextid="3619" timestamp="2019-08-08T20:26:15.145" />
  <attribute name="elasticGC enabled" value="1" />
  <attribute name= "numThreadsSpecified" value="16" />
  <attribute name="heapSize specified" value="42401792" />
  <attribute name="Current GC Util" value="8" />
  <attribute name= "Current Time Running" value="142563" />
  <attribute name ="GC Interval" value="2273" />
  <attribute name="Target GC Util Change" value ="80.000000" />
  <attribute name="Current GC Util Change" value="8.000000"/>
  <attribute name="Current Error" value="464.000000" />
  <attribute name="Output H" value="67146976"/>
  <attribute name="Output I" value="2272"/>
  <attribute name="Output T" value="16"/>
  <attribute name= "Current Time Running" value="142563" />
  <attribute name="GC Util currently" value="8" />
  <attribute name="CPU Util currently" value="37927448700" />
<allocation-satisfied id="3626" threadId="0000000000959F00" bytesRequested="584" />
<af-end id="3627" timestamp="2019-08-08T20:26:15.145" threadId="000000000095A888" success="true" from="nursery"/>
<exclusive-end id="3628" timestamp="2019-08-08T20:26:15.145" durationms="1.559" />

<exclusive-start id="3629" timestamp="2019-08-08T20:26:15.168" intervalms="24.457">
  <response-info timems="0.039" idlems="0.039" threads="0" lastid="0000000000959F00" lastname="main" />
</exclusive-start>
<af-start id="3630" threadId="000000000095A888" totalBytesRequested="488" timestamp="2019-08-08T20:26:15.168" intervalms="24.453" type="nursery" />
<cycle-start id="3631" type="scavenge" contextid="0" timestamp="2019-08-08T20:26:15.168" intervalms="24.447" />
<gc-start id="3632" type="scavenge" contextid="3631" timestamp="2019-08-08T20:26:15.168">
  <mem-info id="3633" free="1099448" total="67108864" percent="1">
    <mem type="nursery" free="0" total="47710208" percent="0">
      <mem type="allocate" free="0" total="42926080" percent="0" />
      <mem type="survivor" free="0" total="4784128" percent="0" />
    </mem>
    <mem type="tenure" free="1099448" total="19398656" percent="5">
      <mem type="soa" free="905912" total="19205120" percent="4" />
      <mem type="loa" free="193536" total="193536" percent="100" />
    </mem>
    <remembered-set count="114" />
  </mem-info>
</gc-start>
<allocation-stats totalBytes="42834720" >
  <allocated-bytes non-tlh="584" tlh="42834136" />
  <largest-consumer threadName="main" threadId="0000000000959F00" bytes="42834720" />
</allocation-stats>
<gc-op id="3634" type="scavenge" timems="0.851" contextid="3631" timestamp="2019-08-08T20:26:15.169">
  <scavenger-info tenureage="3" tenuremask="fff8" tiltratio="89" />
  <memory-copied type="nursery" objects="27" bytes="1368" bytesdiscarded="14760" />
</gc-op>
<gc-end id="3635" type="scavenge" contextid="3631" durationms="1.223" usertimems="1.882" systemtimems="0.000" timestamp="2019-08-08T20:26:15.169" activeThreads="16">
  <mem-info id="3636" free="44009400" total="67108864" percent="65">
    <mem type="nursery" free="42909952" total="47710208" percent="89">
      <mem type="allocate" free="42909952" total="42926080" percent="99" />
      <mem type="survivor" free="0" total="4784128" percent="0" />
    </mem>
    <mem type="tenure" free="1099448" total="19398656" percent="5" macro-fragmented="418667">
      <mem type="soa" free="905912" total="19205120" percent="4" />
      <mem type="loa" free="193536" total="193536" percent="100" />
    </mem>
    <remembered-set count="114" />
  </mem-info>
</gc-end>
<cycle-end id="3637" type="scavenge" contextid="3631" timestamp="2019-08-08T20:26:15.169" />
  <attribute name="elasticGC enabled" value="1" />
  <attribute name= "numThreadsSpecified" value="16" />
  <attribute name="heapSize specified" value="42401792" />
  <attribute name="Current GC Util" value="7" />
  <attribute name= "Current Time Running" value="142587" />
  <attribute name ="GC Interval" value="2049" />
  <attribute name="Target GC Util Change" value ="80.000000" />
  <attribute name="Current GC Util Change" value="7.000000"/>
  <attribute name="Current Error" value="73.000000" />
  <attribute name="Output H" value="67146752"/>
  <attribute name="Output I" value="2048"/>
  <attribute name="Output T" value="16"/>
  <attribute name= "Current Time Running" value="142587" />
  <attribute name="GC Util currently" value="7" />
  <attribute name="CPU Util currently" value="47271679373" />
<allocation-satisfied id="3638" threadId="0000000000959F00" bytesRequested="488" />
<af-end id="3639" timestamp="2019-08-08T20:26:15.169" threadId="000000000095A888" success="true" from="nursery"/>
<exclusive-end id="3640" timestamp="2019-08-08T20:26:15.169" durationms="1.443" />

<exclusive-start id="3641" timestamp="2019-08-08T20:26:15.190" intervalms="22.290">
  <response-info timems="0.096" idlems="0.096" threads="0" lastid="0000000000959F00" lastname="main" />
</exclusive-start>
<af-start id="3642" threadId="000000000095A888" totalBytesRequested="584" timestamp="2019-08-08T20:26:15.190" intervalms="22.292" type="nursery" />
<cycle-start id="3643" type="scavenge" contextid="0" timestamp="2019-08-08T20:26:15.190" intervalms="22.293" />
<gc-start id="3644" type="scavenge" contextid="3643" timestamp="2019-08-08T20:26:15.190">
  <mem-info id="3645" free="1099448" total="67108864" percent="1">
    <mem type="nursery" free="0" total="47710208" percent="0">
      <mem type="allocate" free="0" total="42926080" percent="0" />
      <mem type="survivor" free="0" total="4784128" percent="0" />
    </mem>
    <mem type="tenure" free="1099448" total="19398656" percent="5">
      <mem type="soa" free="905912" total="19205120" percent="4" />
      <mem type="loa" free="193536" total="193536" percent="100" />
    </mem>
    <remembered-set count="114" />
  </mem-info>
</gc-start>
<allocation-stats totalBytes="42850176" >
  <allocated-bytes non-tlh="488" tlh="42849688" />
  <largest-consumer threadName="main" threadId="0000000000959F00" bytes="42850176" />
</allocation-stats>
<gc-op id="3646" type="scavenge" timems="0.890" contextid="3643" timestamp="2019-08-08T20:26:15.191">
  <scavenger-info tenureage="3" tenuremask="fff8" tiltratio="89" />
  <memory-copied type="nursery" objects="4" bytes="112" bytesdiscarded="32144" />
  <memory-copied type="tenure" objects="23" bytes="1256" bytesdiscarded="0" />
</gc-op>
<gc-end id="3647" type="scavenge" contextid="3643" durationms="1.292" usertimems="2.546" systemtimems="0.000" timestamp="2019-08-08T20:26:15.192" activeThreads="16">
  <mem-info id="3648" free="43993272" total="67108864" percent="65">
    <mem type="nursery" free="42893824" total="47710208" percent="89">
      <mem type="allocate" free="42893824" total="42926080" percent="99" />
      <mem type="survivor" free="0" total="4784128" percent="0" />
    </mem>
    <mem type="tenure" free="1099448" total="19398656" percent="5" macro-fragmented="0">
      <mem type="soa" free="905912" total="19205120" percent="4" />
      <mem type="loa" free="193536" total="193536" percent="100" />
    </mem>
    <remembered-set count="118" />
  </mem-info>
</gc-end>
<cycle-end id="3649" type="scavenge" contextid="3643" timestamp="2019-08-08T20:26:15.192" />
  <attribute name="elasticGC enabled" value="1" />
  <attribute name= "numThreadsSpecified" value="16" />
  <attribute name="heapSize specified" value="42401792" />
  <attribute name="Current GC Util" value="8" />
  <attribute name= "Current Time Running" value="142610" />
  <attribute name ="GC Interval" value="2089" />
  <attribute name="Target GC Util Change" value ="80.000000" />
  <attribute name="Current GC Util Change" value="8.000000"/>
  <attribute name="Current Error" value="145.000000" />
  <attribute name="Output H" value="67146792"/>
  <attribute name="Output I" value="2088"/>
  <attribute name="Output T" value="16"/>
  <attribute name= "Current Time Running" value="142610" />
  <attribute name="GC Util currently" value="8" />
  <attribute name="CPU Util currently" value="51704669180" />
<allocation-satisfied id="3650" threadId="0000000000959F00" bytesRequested="584" />
<af-end id="3651" timestamp="2019-08-08T20:26:15.192" threadId="000000000095A888" success="true" from="nursery"/>
<exclusive-end id="3652" timestamp="2019-08-08T20:26:15.192" durationms="1.560" />

<exclusive-start id="3653" timestamp="2019-08-08T20:26:15.214" intervalms="23.863">
  <response-info timems="0.043" idlems="0.043" threads="0" lastid="0000000000959F00" lastname="main" />
</exclusive-start>
<af-start id="3654" threadId="000000000095A888" totalBytesRequested="488" timestamp="2019-08-08T20:26:15.214" intervalms="23.866" type="nursery" />
<cycle-start id="3655" type="scavenge" contextid="0" timestamp="2019-08-08T20:26:15.214" intervalms="23.866" />
<gc-start id="3656" type="scavenge" contextid="3655" timestamp="2019-08-08T20:26:15.214">
  <mem-info id="3657" free="1099448" total="67108864" percent="1">
    <mem type="nursery" free="0" total="47710208" percent="0">
      <mem type="allocate" free="0" total="42926080" percent="0" />
      <mem type="survivor" free="0" total="4784128" percent="0" />
    </mem>
    <mem type="tenure" free="1099448" total="19398656" percent="5">
      <mem type="soa" free="905912" total="19205120" percent="4" />
      <mem type="loa" free="193536" total="193536" percent="100" />
    </mem>
    <remembered-set count="118" />
  </mem-info>
</gc-start>
<allocation-stats totalBytes="42834720" >
  <allocated-bytes non-tlh="584" tlh="42834136" />
  <largest-consumer threadName="main" threadId="0000000000959F00" bytes="42834720" />
</allocation-stats>
<gc-op id="3658" type="scavenge" timems="0.900" contextid="3655" timestamp="2019-08-08T20:26:15.215">
  <scavenger-info tenureage="3" tenuremask="ffe8" tiltratio="89" />
  <memory-copied type="nursery" objects="4" bytes="112" bytesdiscarded="32144" />
</gc-op>
<gc-end id="3659" type="scavenge" contextid="3655" durationms="1.368" usertimems="3.050" systemtimems="0.000" timestamp="2019-08-08T20:26:15.216" activeThreads="16">
  <mem-info id="3660" free="43993272" total="67108864" percent="65">
    <mem type="nursery" free="42893824" total="47710208" percent="89">
      <mem type="allocate" free="42893824" total="42926080" percent="99" />
      <mem type="survivor" free="0" total="4784128" percent="0" />
    </mem>
    <mem type="tenure" free="1099448" total="19398656" percent="5" macro-fragmented="0">
      <mem type="soa" free="905912" total="19205120" percent="4" />
      <mem type="loa" free="193536" total="193536" percent="100" />
    </mem>
    <remembered-set count="118" />
  </mem-info>
</gc-end>
<cycle-end id="3661" type="scavenge" contextid="3655" timestamp="2019-08-08T20:26:15.216" />
  <attribute name="elasticGC enabled" value="1" />
  <attribute name= "numThreadsSpecified" value="16" />
  <attribute name="heapSize specified" value="42401792" />
  <attribute name="Current GC Util" value="8" />
  <attribute name= "Current Time Running" value="142633" />
  <attribute name ="GC Interval" value="2129" />
  <attribute name="Target GC Util Change" value ="80.000000" />
  <attribute name="Current GC Util Change" value="8.000000"/>
  <attribute name="Current Error" value="217.000000" />
  <attribute name="Output H" value="67146832"/>
  <attribute name="Output I" value="2128"/>
  <attribute name="Output T" value="16"/>
  <attribute name= "Current Time Running" value="142633" />
  <attribute name="GC Util currently" value="8" />
  <attribute name="CPU Util currently" value="48315546561" />
<allocation-satisfied id="3662" threadId="0000000000959F00" bytesRequested="488" />
<af-end id="3663" timestamp="2019-08-08T20:26:15.216" threadId="000000000095A888" success="true" from="nursery"/>
<exclusive-end id="3664" timestamp="2019-08-08T20:26:15.216" durationms="1.594" />

* Round 1 done in 17.703 seconds.
<exclusive-start id="3665" timestamp="2019-08-08T20:26:15.254" intervalms="40.147">
  <response-info timems="0.020" idlems="0.020" threads="0" lastid="0000000000959F00" lastname="main" />
</exclusive-start>
<af-start id="3666" threadId="000000000095A888" totalBytesRequested="32" timestamp="2019-08-08T20:26:15.254" intervalms="40.145" type="nursery" />
<cycle-start id="3667" type="scavenge" contextid="0" timestamp="2019-08-08T20:26:15.254" intervalms="40.145" />
<gc-start id="3668" type="scavenge" contextid="3667" timestamp="2019-08-08T20:26:15.254">
  <mem-info id="3669" free="1096408" total="67108864" percent="1">
    <mem type="nursery" free="0" total="47710208" percent="0">
      <mem type="allocate" free="0" total="42926080" percent="0" />
      <mem type="survivor" free="0" total="4784128" percent="0" />
    </mem>
    <mem type="tenure" free="1096408" total="19398656" percent="5">
      <mem type="soa" free="902872" total="19205120" percent="4" />
      <mem type="loa" free="193536" total="193536" percent="100" />
    </mem>
    <remembered-set count="190" />
  </mem-info>
</gc-start>
<allocation-stats totalBytes="42884448" >
  <allocated-bytes non-tlh="3528" tlh="42880920" />
  <largest-consumer threadName="main" threadId="0000000000959F00" bytes="42884448" />
</allocation-stats>
<gc-op id="3670" type="scavenge" timems="1.589" contextid="3667" timestamp="2019-08-08T20:26:15.256">
  <scavenger-info tenureage="3" tenuremask="fff8" tiltratio="89" />
  <memory-copied type="nursery" objects="537" bytes="17968" bytesdiscarded="30416" />
  <references type="soft" candidates="8" cleared="0" enqueued="0" dynamicThreshold="2" maxThreshold="32" />
  <references type="weak" candidates="14" cleared="6" enqueued="4" />
</gc-op>
<gc-end id="3671" type="scavenge" contextid="3667" durationms="2.047" usertimems="3.311" systemtimems="0.000" timestamp="2019-08-08T20:26:15.256" activeThreads="16">
  <mem-info id="3672" free="43974104" total="67108864" percent="65">
    <mem type="nursery" free="42877696" total="47710208" percent="89">
      <mem type="allocate" free="42877696" total="42926080" percent="99" />
      <mem type="survivor" free="0" total="4784128" percent="0" />
    </mem>
    <mem type="tenure" free="1096408" total="19398656" percent="5" macro-fragmented="0">
      <mem type="soa" free="902872" total="19205120" percent="4" />
      <mem type="loa" free="193536" total="193536" percent="100" />
    </mem>
    <pending-finalizers system="0" default="0" reference="4" classloader="0" />
    <remembered-set count="190" />
  </mem-info>
</gc-end>
<cycle-end id="3673" type="scavenge" contextid="3667" timestamp="2019-08-08T20:26:15.257" />
  <attribute name="elasticGC enabled" value="1" />
  <attribute name= "numThreadsSpecified" value="16" />
  <attribute name="heapSize specified" value="42401792" />
  <attribute name="Current GC Util" value="4" />
  <attribute name= "Current Time Running" value="142674" />
  <attribute name ="GC Interval" value="2177" />
  <attribute name="Target GC Util Change" value ="80.000000" />
  <attribute name="Current GC Util Change" value="4.000000"/>
  <attribute name="Current Error" value="293.000000" />
  <attribute name="Output H" value="67146880"/>
  <attribute name="Output I" value="2176"/>
  <attribute name="Output T" value="16"/>
  <attribute name= "Current Time Running" value="142674" />
  <attribute name="GC Util currently" value="4" />
  <attribute name="CPU Util currently" value="28732077412" />
<allocation-satisfied id="3674" threadId="0000000000959F00" bytesRequested="32" />
<af-end id="3675" timestamp="2019-08-08T20:26:15.257" threadId="000000000095A888" success="true" from="nursery"/>
<exclusive-end id="3676" timestamp="2019-08-08T20:26:15.257" durationms="2.268" />

<exclusive-start id="3677" timestamp="2019-08-08T20:26:15.474" intervalms="219.315">
  <response-info timems="0.022" idlems="0.022" threads="0" lastid="0000000000959F00" lastname="main" />
</exclusive-start>
<af-start id="3678" threadId="000000000095A888" totalBytesRequested="1168" timestamp="2019-08-08T20:26:15.474" intervalms="219.317" type="nursery" />
<cycle-start id="3679" type="scavenge" contextid="0" timestamp="2019-08-08T20:26:15.474" intervalms="219.317" />
<gc-start id="3680" type="scavenge" contextid="3679" timestamp="2019-08-08T20:26:15.474">
  <mem-info id="3681" free="1096408" total="67108864" percent="1">
    <mem type="nursery" free="0" total="47710208" percent="0">
      <mem type="allocate" free="0" total="42926080" percent="0" />
      <mem type="survivor" free="0" total="4784128" percent="0" />
    </mem>
    <mem type="tenure" free="1096408" total="19398656" percent="5">
      <mem type="soa" free="902872" total="19205120" percent="4" />
      <mem type="loa" free="193536" total="193536" percent="100" />
    </mem>
    <remembered-set count="207" />
  </mem-info>
</gc-start>
<allocation-stats totalBytes="42796704" >
  <allocated-bytes non-tlh="32" tlh="42796672" />
  <largest-consumer threadName="main" threadId="0000000000959F00" bytes="42792608" />
</allocation-stats>
<gc-op id="3682" type="scavenge" timems="0.808" contextid="3679" timestamp="2019-08-08T20:26:15.475">
  <scavenger-info tenureage="3" tenuremask="fff8" tiltratio="89" />
  <memory-copied type="nursery" objects="583" bytes="20568" bytesdiscarded="27816" />
  <references type="soft" candidates="8" cleared="0" enqueued="0" dynamicThreshold="2" maxThreshold="32" />
  <references type="weak" candidates="8" cleared="0" enqueued="0" />
</gc-op>
<gc-end id="3683" type="scavenge" contextid="3679" durationms="1.219" usertimems="1.894" systemtimems="0.000" timestamp="2019-08-08T20:26:15.475" activeThreads="16">
  <mem-info id="3684" free="43974104" total="67108864" percent="65">
    <mem type="nursery" free="42877696" total="47710208" percent="89">
      <mem type="allocate" free="42877696" total="42926080" percent="99" />
      <mem type="survivor" free="0" total="4784128" percent="0" />
    </mem>
    <mem type="tenure" free="1096408" total="19398656" percent="5" macro-fragmented="418667">
      <mem type="soa" free="902872" total="19205120" percent="4" />
      <mem type="loa" free="193536" total="193536" percent="100" />
    </mem>
    <remembered-set count="196" />
  </mem-info>
</gc-end>
<cycle-end id="3685" type="scavenge" contextid="3679" timestamp="2019-08-08T20:26:15.475" />
  <attribute name="elasticGC enabled" value="1" />
  <attribute name= "numThreadsSpecified" value="16" />
  <attribute name="heapSize specified" value="42401792" />
  <attribute name="Current GC Util" value="1" />
  <attribute name= "Current Time Running" value="142893" />
  <attribute name ="GC Interval" value="2217" />
  <attribute name="Target GC Util Change" value ="80.000000" />
  <attribute name="Current GC Util Change" value="1.000000"/>
  <attribute name="Current Error" value="372.000000" />
  <attribute name="Output H" value="67146920"/>
  <attribute name="Output I" value="2216"/>
  <attribute name="Output T" value="16"/>
  <attribute name= "Current Time Running" value="142893" />
  <attribute name="GC Util currently" value="1" />
  <attribute name="CPU Util currently" value="5256583215" />
<allocation-satisfied id="3686" threadId="0000000000959F00" bytesRequested="1168" />
<af-end id="3687" timestamp="2019-08-08T20:26:15.475" threadId="000000000095A888" success="true" from="nursery"/>
<exclusive-end id="3688" timestamp="2019-08-08T20:26:15.475" durationms="1.424" />

<exclusive-start id="3689" timestamp="2019-08-08T20:26:15.480" intervalms="6.208">
  <response-info timems="0.028" idlems="0.028" threads="0" lastid="0000000000959F00" lastname="main" />
</exclusive-start>
<af-start id="3690" threadId="000000000095A888" totalBytesRequested="1168" timestamp="2019-08-08T20:26:15.480" intervalms="6.211" type="nursery" />
<cycle-start id="3691" type="scavenge" contextid="0" timestamp="2019-08-08T20:26:15.480" intervalms="6.215" />
<gc-start id="3692" type="scavenge" contextid="3691" timestamp="2019-08-08T20:26:15.480">
  <mem-info id="3693" free="1096408" total="67108864" percent="1">
    <mem type="nursery" free="0" total="47710208" percent="0">
      <mem type="allocate" free="0" total="42926080" percent="0" />
      <mem type="survivor" free="0" total="4784128" percent="0" />
    </mem>
    <mem type="tenure" free="1096408" total="19398656" percent="5">
      <mem type="soa" free="902872" total="19205120" percent="4" />
      <mem type="loa" free="193536" total="193536" percent="100" />
    </mem>
    <remembered-set count="196" />
  </mem-info>
</gc-start>
<allocation-stats totalBytes="42720208" >
  <allocated-bytes non-tlh="1168" tlh="42719040" />
  <largest-consumer threadName="main" threadId="0000000000959F00" bytes="42720208" />
</allocation-stats>
<gc-op id="3694" type="scavenge" timems="0.949" contextid="3691" timestamp="2019-08-08T20:26:15.481">
  <scavenger-info tenureage="3" tenuremask="fff8" tiltratio="89" />
  <memory-copied type="nursery" objects="584" bytes="20592" bytesdiscarded="27792" />
  <references type="soft" candidates="8" cleared="0" enqueued="0" dynamicThreshold="2" maxThreshold="32" />
  <references type="weak" candidates="8" cleared="0" enqueued="0" />
</gc-op>
<heap-resize id="3695" type="expand" space="nursery" amount="4194304" count="1" timems="0.016" reason="excessive time being spent scavenging" timestamp="2019-08-08T20:26:15.481" />
<gc-end id="3696" type="scavenge" contextid="3691" durationms="1.328" usertimems="2.187" systemtimems="0.000" timestamp="2019-08-08T20:26:15.481" activeThreads="16">
  <mem-info id="3697" free="47709656" total="71303168" percent="66">
    <mem type="nursery" free="46613248" total="51904512" percent="89">
      <mem type="allocate" free="46613248" total="46661632" percent="99" />
      <mem type="survivor" free="0" total="5242880" percent="0" />
    </mem>
    <mem type="tenure" free="1096408" total="19398656" percent="5" macro-fragmented="418667">
      <mem type="soa" free="902872" total="19205120" percent="4" />
      <mem type="loa" free="193536" total="193536" percent="100" />
    </mem>
    <remembered-set count="164" />
  </mem-info>
</gc-end>
<cycle-end id="3698" type="scavenge" contextid="3691" timestamp="2019-08-08T20:26:15.481" />
  <attribute name="elasticGC enabled" value="1" />
  <attribute name= "numThreadsSpecified" value="16" />
  <attribute name="heapSize specified" value="42401792" />
  <attribute name="Current GC Util" value="27" />
  <attribute name= "Current Time Running" value="142899" />
  <attribute name ="GC Interval" value="2249" />
  <attribute name="Target GC Util Change" value ="80.000000" />
  <attribute name="Current GC Util Change" value="27.000000"/>
  <attribute name="Current Error" value="425.000000" />
  <attribute name="Output H" value="67146952"/>
  <attribute name="Output I" value="2248"/>
  <attribute name="Output T" value="16"/>
  <attribute name= "Current Time Running" value="142899" />
  <attribute name="GC Util currently" value="27" />
  <attribute name="CPU Util currently" value="184740969642" />
<allocation-satisfied id="3699" threadId="0000000000959F00" bytesRequested="1168" />
<af-end id="3700" timestamp="2019-08-08T20:26:15.481" threadId="000000000095A888" success="true" from="nursery"/>
<exclusive-end id="3701" timestamp="2019-08-08T20:26:15.481" durationms="1.535" />

<exclusive-start id="3702" timestamp="2019-08-08T20:26:15.487" intervalms="6.746">
  <response-info timems="0.021" idlems="0.021" threads="0" lastid="0000000000959F00" lastname="main" />
</exclusive-start>
<af-start id="3703" threadId="000000000095A888" totalBytesRequested="1168" timestamp="2019-08-08T20:26:15.487" intervalms="6.763" type="nursery" />
<cycle-start id="3704" type="scavenge" contextid="0" timestamp="2019-08-08T20:26:15.487" intervalms="6.766" />
<gc-start id="3705" type="scavenge" contextid="3704" timestamp="2019-08-08T20:26:15.487">
  <mem-info id="3706" free="1096408" total="71303168" percent="1">
    <mem type="nursery" free="0" total="51904512" percent="0">
      <mem type="allocate" free="0" total="46661632" percent="0" />
      <mem type="survivor" free="0" total="5242880" percent="0" />
    </mem>
    <mem type="tenure" free="1096408" total="19398656" percent="5">
      <mem type="soa" free="902872" total="19205120" percent="4" />
      <mem type="loa" free="193536" total="193536" percent="100" />
    </mem>
    <remembered-set count="164" />
  </mem-info>
</gc-start>
<allocation-stats totalBytes="46455872" >
  <allocated-bytes non-tlh="1168" tlh="46454704" />
  <largest-consumer threadName="main" threadId="0000000000959F00" bytes="46455872" />
</allocation-stats>
<gc-op id="3707" type="scavenge" timems="1.417" contextid="3704" timestamp="2019-08-08T20:26:15.488">
  <scavenger-info tenureage="2" tenuremask="fffc" tiltratio="89" />
  <memory-copied type="nursery" objects="2" bytes="56" bytesdiscarded="32200" />
  <memory-copied type="tenure" objects="582" bytes="20536" bytesdiscarded="192" />
</gc-op>
<heap-resize id="3708" type="expand" space="nursery" amount="3407872" count="1" timems="0.015" reason="excessive time being spent scavenging" timestamp="2019-08-08T20:26:15.489" />
<gc-end id="3709" type="scavenge" contextid="3704" durationms="2.019" usertimems="3.603" systemtimems="0.000" timestamp="2019-08-08T20:26:15.489" activeThreads="16">
  <mem-info id="3710" free="50708184" total="74711040" percent="67">
    <mem type="nursery" free="49644032" total="55312384" percent="89">
      <mem type="allocate" free="49644032" total="49676288" percent="99" />
      <mem type="survivor" free="0" total="5636096" percent="0" />
    </mem>
    <mem type="tenure" free="1064152" total="19398656" percent="5" macro-fragmented="0">
      <mem type="soa" free="870616" total="19205120" percent="4" />
      <mem type="loa" free="193536" total="193536" percent="100" />
    </mem>
    <remembered-set count="120" />
  </mem-info>
</gc-end>
<cycle-end id="3711" type="scavenge" contextid="3704" timestamp="2019-08-08T20:26:15.489" />
  <attribute name="elasticGC enabled" value="1" />
  <attribute name= "numThreadsSpecified" value="16" />
  <attribute name="heapSize specified" value="42401792" />
  <attribute name="Current GC Util" value="30" />
  <attribute name= "Current Time Running" value="142906" />
  <attribute name ="GC Interval" value="2033" />
  <attribute name="Target GC Util Change" value ="80.000000" />
  <attribute name="Current GC Util Change" value="30.000000"/>
  <attribute name="Current Error" value="50.000000" />
  <attribute name="Output H" value="71341040"/>
  <attribute name="Output I" value="2032"/>
  <attribute name="Output T" value="16"/>
  <attribute name= "Current Time Running" value="142906" />
  <attribute name="GC Util currently" value="30" />
  <attribute name="CPU Util currently" value="165895189610" />
<allocation-satisfied id="3712" threadId="0000000000959F00" bytesRequested="1168" />
<af-end id="3713" timestamp="2019-08-08T20:26:15.489" threadId="000000000095A888" success="true" from="nursery"/>
<exclusive-end id="3714" timestamp="2019-08-08T20:26:15.489" durationms="2.468" />

<exclusive-start id="3715" timestamp="2019-08-08T20:26:15.497" intervalms="10.416">
  <response-info timems="0.023" idlems="0.023" threads="0" lastid="0000000000959F00" lastname="main" />
</exclusive-start>
<af-start id="3716" threadId="000000000095A888" totalBytesRequested="1168" timestamp="2019-08-08T20:26:15.497" intervalms="10.408" type="nursery" />
<cycle-start id="3717" type="scavenge" contextid="0" timestamp="2019-08-08T20:26:15.497" intervalms="10.410" />
<gc-start id="3718" type="scavenge" contextid="3717" timestamp="2019-08-08T20:26:15.497">
  <mem-info id="3719" free="1064152" total="74711040" percent="1">
    <mem type="nursery" free="0" total="55312384" percent="0">
      <mem type="allocate" free="0" total="49676288" percent="0" />
      <mem type="survivor" free="0" total="5636096" percent="0" />
    </mem>
    <mem type="tenure" free="1064152" total="19398656" percent="5">
      <mem type="soa" free="870616" total="19205120" percent="4" />
      <mem type="loa" free="193536" total="193536" percent="100" />
    </mem>
    <remembered-set count="120" />
  </mem-info>
</gc-start>
<allocation-stats totalBytes="49477912" >
  <allocated-bytes non-tlh="1168" tlh="49476744" />
  <largest-consumer threadName="main" threadId="0000000000959F00" bytes="49477912" />
</allocation-stats>
<gc-op id="3720" type="scavenge" timems="0.896" contextid="3717" timestamp="2019-08-08T20:26:15.498">
  <scavenger-info tenureage="5" tenuremask="ffe0" tiltratio="89" />
  <memory-copied type="nursery" objects="2" bytes="56" bytesdiscarded="16072" />
</gc-op>
<heap-resize id="3721" type="expand" space="nursery" amount="2752512" count="1" timems="0.018" reason="excessive time being spent scavenging" timestamp="2019-08-08T20:26:15.498" />
<gc-end id="3722" type="scavenge" contextid="3717" durationms="1.407" usertimems="2.111" systemtimems="0.000" timestamp="2019-08-08T20:26:15.499" activeThreads="16">
  <mem-info id="3723" free="53214680" total="77463552" percent="68">
    <mem type="nursery" free="52150528" total="58064896" percent="89">
      <mem type="allocate" free="52150528" total="52166656" percent="99" />
      <mem type="survivor" free="0" total="5898240" percent="0" />
    </mem>
    <mem type="tenure" free="1064152" total="19398656" percent="5" macro-fragmented="868149">
      <mem type="soa" free="870616" total="19205120" percent="4" />
      <mem type="loa" free="193536" total="193536" percent="100" />
    </mem>
    <remembered-set count="120" />
  </mem-info>
</gc-end>
<cycle-end id="3724" type="scavenge" contextid="3717" timestamp="2019-08-08T20:26:15.499" />
  <attribute name="elasticGC enabled" value="1" />
  <attribute name= "numThreadsSpecified" value="16" />
  <attribute name="heapSize specified" value="42401792" />
  <attribute name="Current GC Util" value="36" />
  <attribute name= "Current Time Running" value="142916" />
  <attribute name ="GC Interval" value="2057" />
  <attribute name="Target GC Util Change" value ="80.000000" />
  <attribute name="Current GC Util Change" value="36.000000"/>
  <attribute name="Current Error" value="94.000000" />
  <attribute name="Output H" value="74748936"/>
  <attribute name="Output I" value="2056"/>
  <attribute name="Output T" value="16"/>
  <attribute name= "Current Time Running" value="142916" />
  <attribute name="GC Util currently" value="36" />
  <attribute name="CPU Util currently" value="112607911938" />
<allocation-satisfied id="3725" threadId="0000000000959F00" bytesRequested="1168" />
<af-end id="3726" timestamp="2019-08-08T20:26:15.499" threadId="000000000095A888" success="true" from="nursery"/>
<exclusive-end id="3727" timestamp="2019-08-08T20:26:15.499" durationms="1.685" />

<exclusive-start id="3728" timestamp="2019-08-08T20:26:15.505" intervalms="8.470">
  <response-info timems="0.029" idlems="0.029" threads="0" lastid="0000000000959F00" lastname="main" />
</exclusive-start>
<af-start id="3729" threadId="000000000095A888" totalBytesRequested="1168" timestamp="2019-08-08T20:26:15.506" intervalms="8.474" type="nursery" />
<cycle-start id="3730" type="scavenge" contextid="0" timestamp="2019-08-08T20:26:15.506" intervalms="8.470" />
<gc-start id="3731" type="scavenge" contextid="3730" timestamp="2019-08-08T20:26:15.506">
  <mem-info id="3732" free="1064152" total="77463552" percent="1">
    <mem type="nursery" free="0" total="58064896" percent="0">
      <mem type="allocate" free="0" total="52166656" percent="0" />
      <mem type="survivor" free="0" total="5898240" percent="0" />
    </mem>
    <mem type="tenure" free="1064152" total="19398656" percent="5">
      <mem type="soa" free="870616" total="19205120" percent="4" />
      <mem type="loa" free="193536" total="193536" percent="100" />
    </mem>
    <remembered-set count="120" />
  </mem-info>
</gc-start>
<allocation-stats totalBytes="51976160" >
  <allocated-bytes non-tlh="1168" tlh="51974992" />
  <largest-consumer threadName="main" threadId="0000000000959F00" bytes="51976160" />
</allocation-stats>
<gc-op id="3733" type="scavenge" timems="1.084" contextid="3730" timestamp="2019-08-08T20:26:15.507">
  <scavenger-info tenureage="3" tenuremask="fff8" tiltratio="89" />
  <memory-copied type="nursery" objects="2" bytes="56" bytesdiscarded="32200" />
</gc-op>
<heap-resize id="3734" type="expand" space="nursery" amount="3276800" count="1" timems="0.018" reason="excessive time being spent scavenging" timestamp="2019-08-08T20:26:15.507" />
<gc-end id="3735" type="scavenge" contextid="3730" durationms="1.652" usertimems="2.251" systemtimems="0.000" timestamp="2019-08-08T20:26:15.507" activeThreads="16">
  <mem-info id="3736" free="56213208" total="80740352" percent="69">
    <mem type="nursery" free="55149056" total="61341696" percent="89">
      <mem type="allocate" free="55149056" total="55181312" percent="99" />
      <mem type="survivor" free="0" total="6160384" percent="0" />
    </mem>
    <mem type="tenure" free="1064152" total="19398656" percent="5" macro-fragmented="0">
      <mem type="soa" free="870616" total="19205120" percent="4" />
      <mem type="loa" free="193536" total="193536" percent="100" />
    </mem>
    <remembered-set count="120" />
  </mem-info>
</gc-end>
<cycle-end id="3737" type="scavenge" contextid="3730" timestamp="2019-08-08T20:26:15.507" />
  <attribute name="elasticGC enabled" value="1" />
  <attribute name= "numThreadsSpecified" value="16" />
  <attribute name="heapSize specified" value="42401792" />
  <attribute name="Current GC Util" value="23" />
  <attribute name= "Current Time Running" value="142925" />
  <attribute name ="GC Interval" value="2089" />
  <attribute name="Target GC Util Change" value ="80.000000" />
  <attribute name="Current GC Util Change" value="23.000000"/>
  <attribute name="Current Error" value="151.000000" />
  <attribute name="Output H" value="77501480"/>
  <attribute name="Output I" value="2088"/>
  <attribute name="Output T" value="16"/>
  <attribute name= "Current Time Running" value="142925" />
  <attribute name="GC Util currently" value="23" />
  <attribute name="CPU Util currently" value="134379646769" />
<allocation-satisfied id="3738" threadId="0000000000959F00" bytesRequested="1168" />
<af-end id="3739" timestamp="2019-08-08T20:26:15.507" threadId="000000000095A888" success="true" from="nursery"/>
<exclusive-end id="3740" timestamp="2019-08-08T20:26:15.507" durationms="1.971" />

<exclusive-start id="3741" timestamp="2019-08-08T20:26:15.516" intervalms="10.997">
  <response-info timems="0.028" idlems="0.028" threads="0" lastid="0000000000959F00" lastname="main" />
</exclusive-start>
<af-start id="3742" threadId="000000000095A888" totalBytesRequested="1168" timestamp="2019-08-08T20:26:15.517" intervalms="10.990" type="nursery" />
<cycle-start id="3743" type="scavenge" contextid="0" timestamp="2019-08-08T20:26:15.517" intervalms="10.993" />
<gc-start id="3744" type="scavenge" contextid="3743" timestamp="2019-08-08T20:26:15.517">
  <mem-info id="3745" free="1064152" total="80740352" percent="1">
    <mem type="nursery" free="0" total="61341696" percent="0">
      <mem type="allocate" free="0" total="55181312" percent="0" />
      <mem type="survivor" free="0" total="6160384" percent="0" />
    </mem>
    <mem type="tenure" free="1064152" total="19398656" percent="5">
      <mem type="soa" free="870616" total="19205120" percent="4" />
      <mem type="loa" free="193536" total="193536" percent="100" />
    </mem>
    <remembered-set count="120" />
  </mem-info>
</gc-start>
<allocation-stats totalBytes="54964912" >
  <allocated-bytes non-tlh="1168" tlh="54963744" />
  <largest-consumer threadName="main" threadId="0000000000959F00" bytes="54964912" />
</allocation-stats>
<gc-op id="3746" type="scavenge" timems="0.970" contextid="3743" timestamp="2019-08-08T20:26:15.518">
  <scavenger-info tenureage="3" tenuremask="fff8" tiltratio="89" />
  <memory-copied type="nursery" objects="2" bytes="56" bytesdiscarded="16072" />
</gc-op>
<heap-resize id="3747" type="expand" space="nursery" amount="2621440" count="1" timems="0.017" reason="excessive time being spent scavenging" timestamp="2019-08-08T20:26:15.518" />
<gc-end id="3748" type="scavenge" contextid="3743" durationms="1.401" usertimems="1.957" systemtimems="0.000" timestamp="2019-08-08T20:26:15.518" activeThreads="16">
  <mem-info id="3749" free="58588632" total="83361792" percent="70">
    <mem type="nursery" free="57524480" total="63963136" percent="89">
      <mem type="allocate" free="57524480" total="57540608" percent="99" />
      <mem type="survivor" free="0" total="6422528" percent="0" />
    </mem>
    <mem type="tenure" free="1064152" total="19398656" percent="5" macro-fragmented="418667">
      <mem type="soa" free="870616" total="19205120" percent="4" />
      <mem type="loa" free="193536" total="193536" percent="100" />
    </mem>
    <remembered-set count="120" />
  </mem-info>
</gc-end>
<cycle-end id="3750" type="scavenge" contextid="3743" timestamp="2019-08-08T20:26:15.518" />
  <attribute name="elasticGC enabled" value="1" />
  <attribute name= "numThreadsSpecified" value="16" />
  <attribute name="heapSize specified" value="42401792" />
  <attribute name="Current GC Util" value="17" />
  <attribute name= "Current Time Running" value="142936" />
  <attribute name ="GC Interval" value="2129" />
  <attribute name="Target GC Util Change" value ="80.000000" />
  <attribute name="Current GC Util Change" value="17.000000"/>
  <attribute name="Current Error" value="214.000000" />
  <attribute name="Output H" value="80778320"/>
  <attribute name="Output I" value="2128"/>
  <attribute name="Output T" value="16"/>
  <attribute name= "Current Time Running" value="142936" />
  <attribute name="GC Util currently" value="17" />
  <attribute name="CPU Util currently" value="105455085452" />
<allocation-satisfied id="3751" threadId="0000000000959F00" bytesRequested="1168" />
<af-end id="3752" timestamp="2019-08-08T20:26:15.518" threadId="000000000095A888" success="true" from="nursery"/>
<exclusive-end id="3753" timestamp="2019-08-08T20:26:15.518" durationms="1.639" />

<exclusive-start id="3754" timestamp="2019-08-08T20:26:15.524" intervalms="7.655">
  <response-info timems="0.023" idlems="0.023" threads="0" lastid="0000000000959F00" lastname="main" />
</exclusive-start>
<af-start id="3755" threadId="000000000095A888" totalBytesRequested="1168" timestamp="2019-08-08T20:26:15.524" intervalms="7.647" type="nursery" />
<cycle-start id="3756" type="scavenge" contextid="0" timestamp="2019-08-08T20:26:15.524" intervalms="7.638" />
<gc-start id="3757" type="scavenge" contextid="3756" timestamp="2019-08-08T20:26:15.524">
  <mem-info id="3758" free="1064152" total="83361792" percent="1">
    <mem type="nursery" free="0" total="63963136" percent="0">
      <mem type="allocate" free="0" total="57540608" percent="0" />
      <mem type="survivor" free="0" total="6422528" percent="0" />
    </mem>
    <mem type="tenure" free="1064152" total="19398656" percent="5">
      <mem type="soa" free="870616" total="19205120" percent="4" />
      <mem type="loa" free="193536" total="193536" percent="100" />
    </mem>
    <remembered-set count="120" />
  </mem-info>
</gc-start>
<allocation-stats totalBytes="57332496" >
  <allocated-bytes non-tlh="1168" tlh="57331328" />
  <largest-consumer threadName="main" threadId="0000000000959F00" bytes="57332496" />
</allocation-stats>
<gc-op id="3759" type="scavenge" timems="1.221" contextid="3756" timestamp="2019-08-08T20:26:15.526">
  <scavenger-info tenureage="3" tenuremask="fff8" tiltratio="89" />
  <memory-copied type="nursery" objects="2" bytes="56" bytesdiscarded="32200" />
</gc-op>
<heap-resize id="3760" type="expand" space="nursery" amount="4194304" count="1" timems="0.021" reason="excessive time being spent scavenging" timestamp="2019-08-08T20:26:15.526" />
<gc-end id="3761" type="scavenge" contextid="3756" durationms="1.572" usertimems="2.669" systemtimems="0.000" timestamp="2019-08-08T20:26:15.526" activeThreads="16">
  <mem-info id="3762" free="62308056" total="87556096" percent="71">
    <mem type="nursery" free="61243904" total="68157440" percent="89">
      <mem type="allocate" free="61243904" total="61276160" percent="99" />
      <mem type="survivor" free="0" total="6881280" percent="0" />
    </mem>
    <mem type="tenure" free="1064152" total="19398656" percent="5" macro-fragmented="0">
      <mem type="soa" free="870616" total="19205120" percent="4" />
      <mem type="loa" free="193536" total="193536" percent="100" />
    </mem>
    <remembered-set count="120" />
  </mem-info>
</gc-end>
<cycle-end id="3763" type="scavenge" contextid="3756" timestamp="2019-08-08T20:26:15.526" />
  <attribute name="elasticGC enabled" value="1" />
  <attribute name= "numThreadsSpecified" value="16" />
  <attribute name="heapSize specified" value="42401792" />
  <attribute name="Current GC Util" value="25" />
  <attribute name= "Current Time Running" value="142943" />
  <attribute name ="GC Interval" value="2161" />
  <attribute name="Target GC Util Change" value ="80.000000" />
  <attribute name="Current GC Util Change" value="25.000000"/>
  <attribute name="Current Error" value="269.000000" />
  <attribute name="Output H" value="83399792"/>
  <attribute name="Output I" value="2160"/>
  <attribute name="Output T" value="16"/>
  <attribute name= "Current Time Running" value="142943" />
  <attribute name="GC Util currently" value="25" />
  <attribute name="CPU Util currently" value="152340343226" />
<allocation-satisfied id="3764" threadId="0000000000959F00" bytesRequested="1168" />
<af-end id="3765" timestamp="2019-08-08T20:26:15.526" threadId="000000000095A888" success="true" from="nursery"/>
<exclusive-end id="3766" timestamp="2019-08-08T20:26:15.526" durationms="1.849" />

<exclusive-start id="3767" timestamp="2019-08-08T20:26:15.536" intervalms="11.860">
  <response-info timems="0.027" idlems="0.027" threads="0" lastid="0000000000959F00" lastname="main" />
</exclusive-start>
<af-start id="3768" threadId="000000000095A888" totalBytesRequested="1168" timestamp="2019-08-08T20:26:15.536" intervalms="11.868" type="nursery" />
<cycle-start id="3769" type="scavenge" contextid="0" timestamp="2019-08-08T20:26:15.536" intervalms="11.878" />
<gc-start id="3770" type="scavenge" contextid="3769" timestamp="2019-08-08T20:26:15.536">
  <mem-info id="3771" free="1064152" total="87556096" percent="1">
    <mem type="nursery" free="0" total="68157440" percent="0">
      <mem type="allocate" free="0" total="61276160" percent="0" />
      <mem type="survivor" free="0" total="6881280" percent="0" />
    </mem>
    <mem type="tenure" free="1064152" total="19398656" percent="5">
      <mem type="soa" free="870616" total="19205120" percent="4" />
      <mem type="loa" free="193536" total="193536" percent="100" />
    </mem>
    <remembered-set count="120" />
  </mem-info>
</gc-start>
<allocation-stats totalBytes="61039792" >
  <allocated-bytes non-tlh="1168" tlh="61038624" />
  <largest-consumer threadName="main" threadId="0000000000959F00" bytes="61039792" />
</allocation-stats>
<gc-op id="3772" type="scavenge" timems="0.503" contextid="3769" timestamp="2019-08-08T20:26:15.537">
  <scavenger-info tenureage="3" tenuremask="fff8" tiltratio="89" />
  <memory-copied type="nursery" objects="2" bytes="56" bytesdiscarded="32200" />
</gc-op>
<gc-end id="3773" type="scavenge" contextid="3769" durationms="0.683" usertimems="1.038" systemtimems="0.000" timestamp="2019-08-08T20:26:15.537" activeThreads="16">
  <mem-info id="3774" free="62373592" total="87556096" percent="71">
    <mem type="nursery" free="61309440" total="68157440" percent="89">
      <mem type="allocate" free="61309440" total="61341696" percent="99" />
      <mem type="survivor" free="0" total="6815744" percent="0" />
    </mem>
    <mem type="tenure" free="1064152" total="19398656" percent="5" macro-fragmented="723458">
      <mem type="soa" free="870616" total="19205120" percent="4" />
      <mem type="loa" free="193536" total="193536" percent="100" />
    </mem>
    <remembered-set count="120" />
  </mem-info>
</gc-end>
<cycle-end id="3775" type="scavenge" contextid="3769" timestamp="2019-08-08T20:26:15.537" />
  <attribute name="elasticGC enabled" value="1" />
  <attribute name= "numThreadsSpecified" value="16" />
  <attribute name="heapSize specified" value="42401792" />
  <attribute name="Current GC Util" value="24" />
  <attribute name= "Current Time Running" value="142955" />
  <attribute name ="GC Interval" value="2193" />
  <attribute name="Target GC Util Change" value ="80.000000" />
  <attribute name="Current GC Util Change" value="24.000000"/>
  <attribute name="Current Error" value="325.000000" />
  <attribute name="Output H" value="87594128"/>
  <attribute name="Output I" value="2192"/>
  <attribute name="Output T" value="16"/>
  <attribute name= "Current Time Running" value="142955" />
  <attribute name="GC Util currently" value="24" />
  <attribute name="CPU Util currently" value="97048960731" />
<allocation-satisfied id="3776" threadId="0000000000959F00" bytesRequested="1168" />
<af-end id="3777" timestamp="2019-08-08T20:26:15.537" threadId="000000000095A888" success="true" from="nursery"/>
<exclusive-end id="3778" timestamp="2019-08-08T20:26:15.537" durationms="1.098" />

<exclusive-start id="3779" timestamp="2019-08-08T20:26:15.545" intervalms="9.354">
  <response-info timems="0.023" idlems="0.023" threads="0" lastid="0000000000959F00" lastname="main" />
</exclusive-start>
<af-start id="3780" threadId="000000000095A888" totalBytesRequested="1168" timestamp="2019-08-08T20:26:15.545" intervalms="9.347" type="nursery" />
<cycle-start id="3781" type="scavenge" contextid="0" timestamp="2019-08-08T20:26:15.545" intervalms="9.339" />
<gc-start id="3782" type="scavenge" contextid="3781" timestamp="2019-08-08T20:26:15.545">
  <mem-info id="3783" free="1064152" total="87556096" percent="1">
    <mem type="nursery" free="0" total="68157440" percent="0">
      <mem type="allocate" free="0" total="61341696" percent="0" />
      <mem type="survivor" free="0" total="6815744" percent="0" />
    </mem>
    <mem type="tenure" free="1064152" total="19398656" percent="5">
      <mem type="soa" free="870616" total="19205120" percent="4" />
      <mem type="loa" free="193536" total="193536" percent="100" />
    </mem>
    <remembered-set count="120" />
  </mem-info>
</gc-start>
<allocation-stats totalBytes="61105136" >
  <allocated-bytes non-tlh="1168" tlh="61103968" />
  <largest-consumer threadName="main" threadId="0000000000959F00" bytes="61105136" />
</allocation-stats>
<gc-op id="3784" type="scavenge" timems="0.826" contextid="3781" timestamp="2019-08-08T20:26:15.546">
  <scavenger-info tenureage="3" tenuremask="fff8" tiltratio="90" />
  <memory-copied type="nursery" objects="2" bytes="56" bytesdiscarded="32200" />
</gc-op>
<gc-end id="3785" type="scavenge" contextid="3781" durationms="1.014" usertimems="1.714" systemtimems="0.000" timestamp="2019-08-08T20:26:15.546" activeThreads="16">
  <mem-info id="3786" free="62373592" total="87556096" percent="71">
    <mem type="nursery" free="61309440" total="68157440" percent="89">
      <mem type="allocate" free="61309440" total="61341696" percent="99" />
      <mem type="survivor" free="0" total="6815744" percent="0" />
    </mem>
    <mem type="tenure" free="1064152" total="19398656" percent="5" macro-fragmented="418667">
      <mem type="soa" free="870616" total="19205120" percent="4" />
      <mem type="loa" free="193536" total="193536" percent="100" />
    </mem>
    <remembered-set count="120" />
  </mem-info>
</gc-end>
<cycle-end id="3787" type="scavenge" contextid="3781" timestamp="2019-08-08T20:26:15.547" />
  <attribute name="elasticGC enabled" value="1" />
  <attribute name= "numThreadsSpecified" value="16" />
  <attribute name="heapSize specified" value="42401792" />
  <attribute name="Current GC Util" value="14" />
  <attribute name= "Current Time Running" value="142965" />
  <attribute name ="GC Interval" value="2041" />
  <attribute name="Target GC Util Change" value ="80.000000" />
  <attribute name="Current GC Util Change" value="14.000000"/>
  <attribute name="Current Error" value="66.000000" />
  <attribute name="Output H" value="87593976"/>
  <attribute name="Output I" value="2040"/>
  <attribute name="Output T" value="16"/>
  <attribute name= "Current Time Running" value="142965" />
  <attribute name="GC Util currently" value="14" />
  <attribute name="CPU Util currently" value="123401012352" />
<allocation-satisfied id="3788" threadId="0000000000959F00" bytesRequested="1168" />
<af-end id="3789" timestamp="2019-08-08T20:26:15.547" threadId="000000000095A888" success="true" from="nursery"/>
<exclusive-end id="3790" timestamp="2019-08-08T20:26:15.547" durationms="1.251" />

<exclusive-start id="3791" timestamp="2019-08-08T20:26:15.554" intervalms="9.015">
  <response-info timems="0.025" idlems="0.025" threads="0" lastid="0000000000959F00" lastname="main" />
</exclusive-start>
<af-start id="3792" threadId="000000000095A888" totalBytesRequested="1168" timestamp="2019-08-08T20:26:15.554" intervalms="9.018" type="nursery" />
<cycle-start id="3793" type="scavenge" contextid="0" timestamp="2019-08-08T20:26:15.554" intervalms="9.019" />
<gc-start id="3794" type="scavenge" contextid="3793" timestamp="2019-08-08T20:26:15.555">
  <mem-info id="3795" free="1064152" total="87556096" percent="1">
    <mem type="nursery" free="0" total="68157440" percent="0">
      <mem type="allocate" free="0" total="61341696" percent="0" />
      <mem type="survivor" free="0" total="6815744" percent="0" />
    </mem>
    <mem type="tenure" free="1064152" total="19398656" percent="5">
      <mem type="soa" free="870616" total="19205120" percent="4" />
      <mem type="loa" free="193536" total="193536" percent="100" />
    </mem>
    <remembered-set count="120" />
  </mem-info>
</gc-start>
<allocation-stats totalBytes="61105136" >
  <allocated-bytes non-tlh="1168" tlh="61103968" />
  <largest-consumer threadName="main" threadId="0000000000959F00" bytes="61105136" />
</allocation-stats>
<gc-op id="3796" type="scavenge" timems="0.773" contextid="3793" timestamp="2019-08-08T20:26:15.555">
  <scavenger-info tenureage="3" tenuremask="fff8" tiltratio="90" />
  <memory-copied type="nursery" objects="2" bytes="56" bytesdiscarded="32200" />
</gc-op>
<gc-end id="3797" type="scavenge" contextid="3793" durationms="0.957" usertimems="1.563" systemtimems="0.000" timestamp="2019-08-08T20:26:15.555" activeThreads="16">
  <mem-info id="3798" free="62373592" total="87556096" percent="71">
    <mem type="nursery" free="61309440" total="68157440" percent="89">
      <mem type="allocate" free="61309440" total="61341696" percent="99" />
      <mem type="survivor" free="0" total="6815744" percent="0" />
    </mem>
    <mem type="tenure" free="1064152" total="19398656" percent="5" macro-fragmented="0">
      <mem type="soa" free="870616" total="19205120" percent="4" />
      <mem type="loa" free="193536" total="193536" percent="100" />
    </mem>
    <remembered-set count="120" />
  </mem-info>
</gc-end>
<cycle-end id="3799" type="scavenge" contextid="3793" timestamp="2019-08-08T20:26:15.556" />
  <attribute name="elasticGC enabled" value="1" />
  <attribute name= "numThreadsSpecified" value="16" />
  <attribute name="heapSize specified" value="42401792" />
  <attribute name="Current GC Util" value="20" />
  <attribute name= "Current Time Running" value="142974" />
  <attribute name ="GC Interval" value="2073" />
  <attribute name="Target GC Util Change" value ="80.000000" />
  <attribute name="Current GC Util Change" value="20.000000"/>
  <attribute name="Current Error" value="126.000000" />
  <attribute name="Output H" value="87594008"/>
  <attribute name="Output I" value="2072"/>
  <attribute name="Output T" value="16"/>
  <attribute name= "Current Time Running" value="142974" />
  <attribute name="GC Util currently" value="20" />
  <attribute name="CPU Util currently" value="127857793302" />
<allocation-satisfied id="3800" threadId="0000000000959F00" bytesRequested="1168" />
<af-end id="3801" timestamp="2019-08-08T20:26:15.556" threadId="000000000095A888" success="true" from="nursery"/>
<exclusive-end id="3802" timestamp="2019-08-08T20:26:15.556" durationms="1.218" />

<exclusive-start id="3803" timestamp="2019-08-08T20:26:15.564" intervalms="9.837">
  <response-info timems="0.022" idlems="0.022" threads="0" lastid="0000000000959F00" lastname="main" />
</exclusive-start>
<af-start id="3804" threadId="000000000095A888" totalBytesRequested="1168" timestamp="2019-08-08T20:26:15.564" intervalms="9.834" type="nursery" />
<cycle-start id="3805" type="scavenge" contextid="0" timestamp="2019-08-08T20:26:15.564" intervalms="9.834" />
<gc-start id="3806" type="scavenge" contextid="3805" timestamp="2019-08-08T20:26:15.564">
  <mem-info id="3807" free="1064152" total="87556096" percent="1">
    <mem type="nursery" free="0" total="68157440" percent="0">
      <mem type="allocate" free="0" total="61341696" percent="0" />
      <mem type="survivor" free="0" total="6815744" percent="0" />
    </mem>
    <mem type="tenure" free="1064152" total="19398656" percent="5">
      <mem type="soa" free="870616" total="19205120" percent="4" />
      <mem type="loa" free="193536" total="193536" percent="100" />
    </mem>
    <remembered-set count="120" />
  </mem-info>
</gc-start>
<allocation-stats totalBytes="61105112" >
  <allocated-bytes non-tlh="1168" tlh="61103944" />
  <largest-consumer threadName="main" threadId="0000000000959F00" bytes="61105112" />
</allocation-stats>
<gc-op id="3808" type="scavenge" timems="1.061" contextid="3805" timestamp="2019-08-08T20:26:15.565">
  <scavenger-info tenureage="3" tenuremask="fff8" tiltratio="90" />
  <memory-copied type="nursery" objects="2" bytes="56" bytesdiscarded="32200" />
</gc-op>
<heap-resize id="3809" type="expand" space="nursery" amount="3014656" count="1" timems="0.017" reason="excessive time being spent scavenging" timestamp="2019-08-08T20:26:15.565" />
<gc-end id="3810" type="scavenge" contextid="3805" durationms="1.293" usertimems="1.882" systemtimems="0.000" timestamp="2019-08-08T20:26:15.566" activeThreads="16">
  <mem-info id="3811" free="65060568" total="90570752" percent="71">
    <mem type="nursery" free="63996416" total="71172096" percent="89">
      <mem type="allocate" free="63996416" total="64028672" percent="99" />
      <mem type="survivor" free="0" total="7143424" percent="0" />
    </mem>
    <mem type="tenure" free="1064152" total="19398656" percent="5" macro-fragmented="0">
      <mem type="soa" free="870616" total="19205120" percent="4" />
      <mem type="loa" free="193536" total="193536" percent="100" />
    </mem>
    <remembered-set count="120" />
  </mem-info>
</gc-end>
<cycle-end id="3812" type="scavenge" contextid="3805" timestamp="2019-08-08T20:26:15.566" />
  <attribute name="elasticGC enabled" value="1" />
  <attribute name= "numThreadsSpecified" value="16" />
  <attribute name="heapSize specified" value="42401792" />
  <attribute name="Current GC Util" value="17" />
  <attribute name= "Current Time Running" value="142983" />
  <attribute name ="GC Interval" value="2113" />
  <attribute name="Target GC Util Change" value ="80.000000" />
  <attribute name="Current GC Util Change" value="17.000000"/>
  <attribute name="Current Error" value="189.000000" />
  <attribute name="Output H" value="87594048"/>
  <attribute name="Output I" value="2112"/>
  <attribute name="Output T" value="16"/>
  <attribute name= "Current Time Running" value="142983" />
  <attribute name="GC Util currently" value="17" />
  <attribute name="CPU Util currently" value="117619735433" />
<allocation-satisfied id="3813" threadId="0000000000959F00" bytesRequested="1168" />
<af-end id="3814" timestamp="2019-08-08T20:26:15.566" threadId="000000000095A888" success="true" from="nursery"/>
<exclusive-end id="3815" timestamp="2019-08-08T20:26:15.566" durationms="1.501" />

<exclusive-start id="3816" timestamp="2019-08-08T20:26:15.574" intervalms="10.074">
  <response-info timems="0.026" idlems="0.026" threads="0" lastid="0000000000959F00" lastname="main" />
</exclusive-start>
<af-start id="3817" threadId="000000000095A888" totalBytesRequested="1168" timestamp="2019-08-08T20:26:15.574" intervalms="10.074" type="nursery" />
<cycle-start id="3818" type="scavenge" contextid="0" timestamp="2019-08-08T20:26:15.574" intervalms="10.075" />
<gc-start id="3819" type="scavenge" contextid="3818" timestamp="2019-08-08T20:26:15.574">
  <mem-info id="3820" free="1064152" total="90570752" percent="1">
    <mem type="nursery" free="0" total="71172096" percent="0">
      <mem type="allocate" free="0" total="64028672" percent="0" />
      <mem type="survivor" free="0" total="7143424" percent="0" />
    </mem>
    <mem type="tenure" free="1064152" total="19398656" percent="5">
      <mem type="soa" free="870616" total="19205120" percent="4" />
      <mem type="loa" free="193536" total="193536" percent="100" />
    </mem>
    <remembered-set count="125" />
  </mem-info>
</gc-start>
<allocation-stats totalBytes="63735272" >
  <allocated-bytes non-tlh="1168" tlh="63734104" />
  <largest-consumer threadName="main" threadId="0000000000959F00" bytes="63735272" />
</allocation-stats>
<gc-op id="3821" type="scavenge" timems="0.990" contextid="3818" timestamp="2019-08-08T20:26:15.575">
  <scavenger-info tenureage="3" tenuremask="fff8" tiltratio="89" />
  <memory-copied type="nursery" objects="27" bytes="1936" bytesdiscarded="30320" />
</gc-op>
<heap-resize id="3822" type="expand" space="nursery" amount="3145728" count="1" timems="0.015" reason="excessive time being spent scavenging" timestamp="2019-08-08T20:26:15.575" />
<gc-end id="3823" type="scavenge" contextid="3818" durationms="1.210" usertimems="1.673" systemtimems="0.000" timestamp="2019-08-08T20:26:15.576" activeThreads="16">
  <mem-info id="3824" free="67878616" total="93716480" percent="72">
    <mem type="nursery" free="66814464" total="74317824" percent="89">
      <mem type="allocate" free="66814464" total="66846720" percent="99" />
      <mem type="survivor" free="0" total="7471104" percent="0" />
    </mem>
    <mem type="tenure" free="1064152" total="19398656" percent="5" macro-fragmented="0">
      <mem type="soa" free="870616" total="19205120" percent="4" />
      <mem type="loa" free="193536" total="193536" percent="100" />
    </mem>
    <remembered-set count="125" />
  </mem-info>
</gc-end>
<cycle-end id="3825" type="scavenge" contextid="3818" timestamp="2019-08-08T20:26:15.576" />
  <attribute name="elasticGC enabled" value="1" />
  <attribute name= "numThreadsSpecified" value="16" />
  <attribute name="heapSize specified" value="42401792" />
  <attribute name="Current GC Util" value="19" />
  <attribute name= "Current Time Running" value="142994" />
  <attribute name ="GC Interval" value="2145" />
  <attribute name="Target GC Util Change" value ="80.000000" />
  <attribute name="Current GC Util Change" value="19.000000"/>
  <attribute name="Current Error" value="250.000000" />
  <attribute name="Output H" value="90608736"/>
  <attribute name="Output I" value="2144"/>
  <attribute name="Output T" value="16"/>
  <attribute name= "Current Time Running" value="142994" />
  <attribute name="GC Util currently" value="19" />
  <attribute name="CPU Util currently" value="114152912072" />
<allocation-satisfied id="3826" threadId="0000000000959F00" bytesRequested="1168" />
<af-end id="3827" timestamp="2019-08-08T20:26:15.576" threadId="000000000095A888" success="true" from="nursery"/>
<exclusive-end id="3828" timestamp="2019-08-08T20:26:15.576" durationms="1.487" />

<exclusive-start id="3829" timestamp="2019-08-08T20:26:15.585" intervalms="10.661">
  <response-info timems="0.026" idlems="0.026" threads="0" lastid="0000000000959F00" lastname="main" />
</exclusive-start>
<af-start id="3830" threadId="000000000095A888" totalBytesRequested="1168" timestamp="2019-08-08T20:26:15.585" intervalms="10.670" type="nursery" />
<cycle-start id="3831" type="scavenge" contextid="0" timestamp="2019-08-08T20:26:15.585" intervalms="10.672" />
<gc-start id="3832" type="scavenge" contextid="3831" timestamp="2019-08-08T20:26:15.585">
  <mem-info id="3833" free="1064152" total="93716480" percent="1">
    <mem type="nursery" free="0" total="74317824" percent="0">
      <mem type="allocate" free="0" total="66846720" percent="0" />
      <mem type="survivor" free="0" total="7471104" percent="0" />
    </mem>
    <mem type="tenure" free="1064152" total="19398656" percent="5">
      <mem type="soa" free="870616" total="19205120" percent="4" />
      <mem type="loa" free="193536" total="193536" percent="100" />
    </mem>
    <remembered-set count="125" />
  </mem-info>
</gc-start>
<allocation-stats totalBytes="66379792" >
  <allocated-bytes non-tlh="1168" tlh="66378624" />
  <largest-consumer threadName="main" threadId="0000000000959F00" bytes="66379792" />
</allocation-stats>
<gc-op id="3834" type="scavenge" timems="1.061" contextid="3831" timestamp="2019-08-08T20:26:15.586">
  <scavenger-info tenureage="3" tenuremask="fff8" tiltratio="89" />
  <memory-copied type="nursery" objects="28" bytes="1960" bytesdiscarded="30296" />
</gc-op>
<heap-resize id="3835" type="expand" space="nursery" amount="3276800" count="1" timems="0.017" reason="excessive time being spent scavenging" timestamp="2019-08-08T20:26:15.586" />
<gc-end id="3836" type="scavenge" contextid="3831" durationms="1.326" usertimems="2.072" systemtimems="0.000" timestamp="2019-08-08T20:26:15.586" activeThreads="16">
  <mem-info id="3837" free="70827736" total="96993280" percent="73">
    <mem type="nursery" free="69763584" total="77594624" percent="89">
      <mem type="allocate" free="69763584" total="69795840" percent="99" />
      <mem type="survivor" free="0" total="7798784" percent="0" />
    </mem>
    <mem type="tenure" free="1064152" total="19398656" percent="5" macro-fragmented="0">
      <mem type="soa" free="870616" total="19205120" percent="4" />
      <mem type="loa" free="193536" total="193536" percent="100" />
    </mem>
    <remembered-set count="115" />
  </mem-info>
</gc-end>
<cycle-end id="3838" type="scavenge" contextid="3831" timestamp="2019-08-08T20:26:15.586" />
  <attribute name="elasticGC enabled" value="1" />
  <attribute name= "numThreadsSpecified" value="16" />
  <attribute name="heapSize specified" value="42401792" />
  <attribute name="Current GC Util" value="17" />
  <attribute name= "Current Time Running" value="143004" />
  <attribute name ="GC Interval" value="2185" />
  <attribute name="Target GC Util Change" value ="80.000000" />
  <attribute name="Current GC Util Change" value="17.000000"/>
  <attribute name="Current Error" value="313.000000" />
  <attribute name="Output H" value="93754504"/>
  <attribute name="Output I" value="2184"/>
  <attribute name="Output T" value="16"/>
  <attribute name= "Current Time Running" value="143004" />
  <attribute name="GC Util currently" value="17" />
  <attribute name="CPU Util currently" value="107973669803" />
<allocation-satisfied id="3839" threadId="0000000000959F00" bytesRequested="1168" />
<af-end id="3840" timestamp="2019-08-08T20:26:15.587" threadId="000000000095A888" success="true" from="nursery"/>
<exclusive-end id="3841" timestamp="2019-08-08T20:26:15.587" durationms="1.612" />

<exclusive-start id="3842" timestamp="2019-08-08T20:26:15.597" intervalms="12.485">
  <response-info timems="0.027" idlems="0.027" threads="0" lastid="0000000000959F00" lastname="main" />
</exclusive-start>
<af-start id="3843" threadId="000000000095A888" totalBytesRequested="1168" timestamp="2019-08-08T20:26:15.597" intervalms="12.474" type="nursery" />
<cycle-start id="3844" type="scavenge" contextid="0" timestamp="2019-08-08T20:26:15.598" intervalms="12.505" />
<gc-start id="3845" type="scavenge" contextid="3844" timestamp="2019-08-08T20:26:15.598">
  <mem-info id="3846" free="1064152" total="96993280" percent="1">
    <mem type="nursery" free="0" total="77594624" percent="0">
      <mem type="allocate" free="0" total="69795840" percent="0" />
      <mem type="survivor" free="0" total="7798784" percent="0" />
    </mem>
    <mem type="tenure" free="1064152" total="19398656" percent="5">
      <mem type="soa" free="870616" total="19205120" percent="4" />
      <mem type="loa" free="193536" total="193536" percent="100" />
    </mem>
    <remembered-set count="115" />
  </mem-info>
</gc-start>
<allocation-stats totalBytes="69325472" >
  <allocated-bytes non-tlh="1168" tlh="69324304" />
  <largest-consumer threadName="main" threadId="0000000000959F00" bytes="69325472" />
</allocation-stats>
<gc-op id="3847" type="scavenge" timems="0.753" contextid="3844" timestamp="2019-08-08T20:26:15.598">
  <scavenger-info tenureage="3" tenuremask="fff8" tiltratio="89" />
  <memory-copied type="nursery" objects="28" bytes="1960" bytesdiscarded="30296" />
</gc-op>
<gc-end id="3848" type="scavenge" contextid="3844" durationms="0.995" usertimems="1.511" systemtimems="0.000" timestamp="2019-08-08T20:26:15.599" activeThreads="16">
  <mem-info id="3849" free="70827736" total="96993280" percent="73">
    <mem type="nursery" free="69763584" total="77594624" percent="89">
      <mem type="allocate" free="69763584" total="69795840" percent="99" />
      <mem type="survivor" free="0" total="7798784" percent="0" />
    </mem>
    <mem type="tenure" free="1064152" total="19398656" percent="5" macro-fragmented="0">
      <mem type="soa" free="870616" total="19205120" percent="4" />
      <mem type="loa" free="193536" total="193536" percent="100" />
    </mem>
    <remembered-set count="115" />
  </mem-info>
</gc-end>
<cycle-end id="3850" type="scavenge" contextid="3844" timestamp="2019-08-08T20:26:15.599" />
  <attribute name="elasticGC enabled" value="1" />
  <attribute name= "numThreadsSpecified" value="16" />
  <attribute name="heapSize specified" value="42401792" />
  <attribute name="Current GC Util" value="17" />
  <attribute name= "Current Time Running" value="143017" />
  <attribute name ="GC Interval" value="2225" />
  <attribute name="Target GC Util Change" value ="80.000000" />
  <attribute name="Current GC Util Change" value="17.000000"/>
  <attribute name="Current Error" value="376.000000" />
  <attribute name="Output H" value="97031344"/>
  <attribute name="Output I" value="2224"/>
  <attribute name="Output T" value="16"/>
  <attribute name= "Current Time Running" value="143017" />
  <attribute name="GC Util currently" value="17" />
  <attribute name="CPU Util currently" value="92076141957" />
<allocation-satisfied id="3851" threadId="0000000000959F00" bytesRequested="1168" />
<af-end id="3852" timestamp="2019-08-08T20:26:15.599" threadId="000000000095A888" success="true" from="nursery"/>
<exclusive-end id="3853" timestamp="2019-08-08T20:26:15.599" durationms="1.350" />

<exclusive-start id="3854" timestamp="2019-08-08T20:26:15.608" intervalms="10.695">
  <response-info timems="0.026" idlems="0.026" threads="0" lastid="0000000000959F00" lastname="main" />
</exclusive-start>
<af-start id="3855" threadId="000000000095A888" totalBytesRequested="1168" timestamp="2019-08-08T20:26:15.608" intervalms="10.701" type="nursery" />
<cycle-start id="3856" type="scavenge" contextid="0" timestamp="2019-08-08T20:26:15.608" intervalms="10.669" />
<gc-start id="3857" type="scavenge" contextid="3856" timestamp="2019-08-08T20:26:15.608">
  <mem-info id="3858" free="1064152" total="96993280" percent="1">
    <mem type="nursery" free="0" total="77594624" percent="0">
      <mem type="allocate" free="0" total="69795840" percent="0" />
      <mem type="survivor" free="0" total="7798784" percent="0" />
    </mem>
    <mem type="tenure" free="1064152" total="19398656" percent="5">
      <mem type="soa" free="870616" total="19205120" percent="4" />
      <mem type="loa" free="193536" total="193536" percent="100" />
    </mem>
    <remembered-set count="115" />
  </mem-info>
</gc-start>
<allocation-stats totalBytes="69326712" >
  <allocated-bytes non-tlh="1168" tlh="69325544" />
  <largest-consumer threadName="main" threadId="0000000000959F00" bytes="69326712" />
</allocation-stats>
<gc-op id="3859" type="scavenge" timems="0.803" contextid="3856" timestamp="2019-08-08T20:26:15.609">
  <scavenger-info tenureage="3" tenuremask="fff8" tiltratio="89" />
  <memory-copied type="nursery" objects="2" bytes="64" bytesdiscarded="32192" />
  <memory-copied type="tenure" objects="26" bytes="1896" bytesdiscarded="0" />
</gc-op>
<gc-end id="3860" type="scavenge" contextid="3856" durationms="1.013" usertimems="1.687" systemtimems="0.000" timestamp="2019-08-08T20:26:15.609" activeThreads="16">
  <mem-info id="3861" free="70811608" total="96993280" percent="73">
    <mem type="nursery" free="69763584" total="77594624" percent="89">
      <mem type="allocate" free="69763584" total="69795840" percent="99" />
      <mem type="survivor" free="0" total="7798784" percent="0" />
    </mem>
    <mem type="tenure" free="1048024" total="19398656" percent="5" macro-fragmented="0">
      <mem type="soa" free="854488" total="19205120" percent="4" />
      <mem type="loa" free="193536" total="193536" percent="100" />
    </mem>
    <remembered-set count="120" />
  </mem-info>
</gc-end>
<cycle-end id="3862" type="scavenge" contextid="3856" timestamp="2019-08-08T20:26:15.609" />
  <attribute name="elasticGC enabled" value="1" />
  <attribute name= "numThreadsSpecified" value="16" />
  <attribute name="heapSize specified" value="42401792" />
  <attribute name="Current GC Util" value="15" />
  <attribute name= "Current Time Running" value="143027" />
  <attribute name ="GC Interval" value="2041" />
  <attribute name="Target GC Util Change" value ="80.000000" />
  <attribute name="Current GC Util Change" value="15.000000"/>
  <attribute name="Current Error" value="65.000000" />
  <attribute name="Output H" value="97031160"/>
  <attribute name="Output I" value="2040"/>
  <attribute name="Output T" value="16"/>
  <attribute name= "Current Time Running" value="143027" />
  <attribute name="GC Util currently" value="15" />
  <attribute name="CPU Util currently" value="108194988271" />
<allocation-satisfied id="3863" threadId="0000000000959F00" bytesRequested="1168" />
<af-end id="3864" timestamp="2019-08-08T20:26:15.609" threadId="000000000095A888" success="true" from="nursery"/>
<exclusive-end id="3865" timestamp="2019-08-08T20:26:15.609" durationms="1.307" />

<exclusive-start id="3866" timestamp="2019-08-08T20:26:15.618" intervalms="9.906">
  <response-info timems="0.027" idlems="0.027" threads="0" lastid="0000000000959F00" lastname="main" />
</exclusive-start>
<af-start id="3867" threadId="000000000095A888" totalBytesRequested="1168" timestamp="2019-08-08T20:26:15.618" intervalms="9.894" type="nursery" />
<cycle-start id="3868" type="scavenge" contextid="0" timestamp="2019-08-08T20:26:15.618" intervalms="9.888" />
<gc-start id="3869" type="scavenge" contextid="3868" timestamp="2019-08-08T20:26:15.618">
  <mem-info id="3870" free="1048024" total="96993280" percent="1">
    <mem type="nursery" free="0" total="77594624" percent="0">
      <mem type="allocate" free="0" total="69795840" percent="0" />
      <mem type="survivor" free="0" total="7798784" percent="0" />
    </mem>
    <mem type="tenure" free="1048024" total="19398656" percent="5">
      <mem type="soa" free="854488" total="19205120" percent="4" />
      <mem type="loa" free="193536" total="193536" percent="100" />
    </mem>
    <remembered-set count="120" />
  </mem-info>
</gc-start>
<allocation-stats totalBytes="69326712" >
  <allocated-bytes non-tlh="1168" tlh="69325544" />
  <largest-consumer threadName="main" threadId="0000000000959F00" bytes="69326712" />
</allocation-stats>
<gc-op id="3871" type="scavenge" timems="0.825" contextid="3868" timestamp="2019-08-08T20:26:15.619">
  <scavenger-info tenureage="3" tenuremask="ffe8" tiltratio="89" />
  <memory-copied type="nursery" objects="2" bytes="64" bytesdiscarded="32192" />
</gc-op>
<gc-end id="3872" type="scavenge" contextid="3868" durationms="1.043" usertimems="1.634" systemtimems="0.000" timestamp="2019-08-08T20:26:15.619" activeThreads="16">
  <mem-info id="3873" free="70811608" total="96993280" percent="73">
    <mem type="nursery" free="69763584" total="77594624" percent="89">
      <mem type="allocate" free="69763584" total="69795840" percent="99" />
      <mem type="survivor" free="0" total="7798784" percent="0" />
    </mem>
    <mem type="tenure" free="1048024" total="19398656" percent="5" macro-fragmented="3047">
      <mem type="soa" free="854488" total="19205120" percent="4" />
      <mem type="loa" free="193536" total="193536" percent="100" />
    </mem>
    <remembered-set count="120" />
  </mem-info>
</gc-end>
<cycle-end id="3874" type="scavenge" contextid="3868" timestamp="2019-08-08T20:26:15.619" />
  <attribute name="elasticGC enabled" value="1" />
  <attribute name= "numThreadsSpecified" value="16" />
  <attribute name="heapSize specified" value="42401792" />
  <attribute name="Current GC Util" value="18" />
  <attribute name= "Current Time Running" value="143037" />
  <attribute name ="GC Interval" value="2081" />
  <attribute name="Target GC Util Change" value ="80.000000" />
  <attribute name="Current GC Util Change" value="18.000000"/>
  <attribute name="Current Error" value="127.000000" />
  <attribute name="Output H" value="97031200"/>
  <attribute name="Output I" value="2080"/>
  <attribute name="Output T" value="16"/>
  <attribute name= "Current Time Running" value="143037" />
  <attribute name="GC Util currently" value="18" />
  <attribute name="CPU Util currently" value="117027595749" />
<allocation-satisfied id="3875" threadId="0000000000959F00" bytesRequested="1168" />
<af-end id="3876" timestamp="2019-08-08T20:26:15.619" threadId="000000000095A888" success="true" from="nursery"/>
<exclusive-end id="3877" timestamp="2019-08-08T20:26:15.619" durationms="1.301" />

<exclusive-start id="3878" timestamp="2019-08-08T20:26:15.628" intervalms="10.197">
  <response-info timems="0.023" idlems="0.023" threads="0" lastid="0000000000959F00" lastname="main" />
</exclusive-start>
<af-start id="3879" threadId="000000000095A888" totalBytesRequested="1168" timestamp="2019-08-08T20:26:15.628" intervalms="10.203" type="nursery" />
<cycle-start id="3880" type="scavenge" contextid="0" timestamp="2019-08-08T20:26:15.628" intervalms="10.205" />
<gc-start id="3881" type="scavenge" contextid="3880" timestamp="2019-08-08T20:26:15.628">
  <mem-info id="3882" free="1048024" total="96993280" percent="1">
    <mem type="nursery" free="0" total="77594624" percent="0">
      <mem type="allocate" free="0" total="69795840" percent="0" />
      <mem type="survivor" free="0" total="7798784" percent="0" />
    </mem>
    <mem type="tenure" free="1048024" total="19398656" percent="5">
      <mem type="soa" free="854488" total="19205120" percent="4" />
      <mem type="loa" free="193536" total="193536" percent="100" />
    </mem>
    <remembered-set count="120" />
  </mem-info>
</gc-start>
<allocation-stats totalBytes="69325448" >
  <allocated-bytes non-tlh="1168" tlh="69324280" />
  <largest-consumer threadName="main" threadId="0000000000959F00" bytes="69325448" />
</allocation-stats>
<gc-op id="3883" type="scavenge" timems="0.991" contextid="3880" timestamp="2019-08-08T20:26:15.629">
  <scavenger-info tenureage="3" tenuremask="fff8" tiltratio="89" />
  <memory-copied type="nursery" objects="2" bytes="64" bytesdiscarded="16064" />
</gc-op>
<heap-resize id="3884" type="expand" space="nursery" amount="3407872" count="1" timems="0.021" reason="excessive time being spent scavenging" timestamp="2019-08-08T20:26:15.629" />
<gc-end id="3885" type="scavenge" contextid="3880" durationms="1.205" usertimems="1.290" systemtimems="0.000" timestamp="2019-08-08T20:26:15.630" activeThreads="16">
  <mem-info id="3886" free="73842392" total="100401152" percent="73">
    <mem type="nursery" free="72794368" total="81002496" percent="89">
      <mem type="allocate" free="72794368" total="72810496" percent="99" />
      <mem type="survivor" free="0" total="8192000" percent="0" />
    </mem>
    <mem type="tenure" free="1048024" total="19398656" percent="5" macro-fragmented="723458">
      <mem type="soa" free="854488" total="19205120" percent="4" />
      <mem type="loa" free="193536" total="193536" percent="100" />
    </mem>
    <remembered-set count="120" />
  </mem-info>
</gc-end>
<cycle-end id="3887" type="scavenge" contextid="3880" timestamp="2019-08-08T20:26:15.630" />
  <attribute name="elasticGC enabled" value="1" />
  <attribute name= "numThreadsSpecified" value="16" />
  <attribute name="heapSize specified" value="42401792" />
  <attribute name="Current GC Util" value="17" />
  <attribute name= "Current Time Running" value="143047" />
  <attribute name ="GC Interval" value="2113" />
  <attribute name="Target GC Util Change" value ="80.000000" />
  <attribute name="Current GC Util Change" value="17.000000"/>
  <attribute name="Current Error" value="190.000000" />
  <attribute name="Output H" value="97031232"/>
  <attribute name="Output I" value="2112"/>
  <attribute name="Output T" value="16"/>
  <attribute name= "Current Time Running" value="143047" />
  <attribute name="GC Util currently" value="17" />
  <attribute name="CPU Util currently" value="112803299833" />
<allocation-satisfied id="3888" threadId="0000000000959F00" bytesRequested="1168" />
<af-end id="3889" timestamp="2019-08-08T20:26:15.630" threadId="000000000095A888" success="true" from="nursery"/>
<exclusive-end id="3890" timestamp="2019-08-08T20:26:15.630" durationms="1.468" />

<exclusive-start id="3891" timestamp="2019-08-08T20:26:15.683" intervalms="54.631">
  <response-info timems="0.016" idlems="0.016" threads="0" lastid="0000000000959F00" lastname="main" />
</exclusive-start>
<af-start id="3892" threadId="000000000095A888" totalBytesRequested="32" timestamp="2019-08-08T20:26:15.683" intervalms="54.625" type="nursery" />
<cycle-start id="3893" type="scavenge" contextid="0" timestamp="2019-08-08T20:26:15.683" intervalms="54.624" />
<gc-start id="3894" type="scavenge" contextid="3893" timestamp="2019-08-08T20:26:15.683">
  <mem-info id="3895" free="1048024" total="100401152" percent="1">
    <mem type="nursery" free="0" total="81002496" percent="0">
      <mem type="allocate" free="0" total="72810496" percent="0" />
      <mem type="survivor" free="0" total="8192000" percent="0" />
    </mem>
    <mem type="tenure" free="1048024" total="19398656" percent="5">
      <mem type="soa" free="854488" total="19205120" percent="4" />
      <mem type="loa" free="193536" total="193536" percent="100" />
    </mem>
    <remembered-set count="130" />
  </mem-info>
</gc-start>
<allocation-stats totalBytes="72779272" >
  <allocated-bytes non-tlh="1168" tlh="72778104" />
  <largest-consumer threadName="main" threadId="0000000000959F00" bytes="72779272" />
</allocation-stats>
<gc-op id="3896" type="scavenge" timems="0.781" contextid="3893" timestamp="2019-08-08T20:26:15.684">
  <scavenger-info tenureage="3" tenuremask="fff8" tiltratio="89" />
  <memory-copied type="nursery" objects="247" bytes="8000" bytesdiscarded="64144" />
  <references type="weak" candidates="37" cleared="0" enqueued="0" />
</gc-op>
<gc-end id="3897" type="scavenge" contextid="3893" durationms="0.953" usertimems="1.484" systemtimems="0.000" timestamp="2019-08-08T20:26:15.684" activeThreads="16">
  <mem-info id="3898" free="73851864" total="100401152" percent="73">
    <mem type="nursery" free="72803840" total="81002496" percent="89">
      <mem type="allocate" free="72803840" total="72876032" percent="99" />
      <mem type="survivor" free="0" total="8126464" percent="0" />
    </mem>
    <mem type="tenure" free="1048024" total="19398656" percent="5" macro-fragmented="348889">
      <mem type="soa" free="854488" total="19205120" percent="4" />
      <mem type="loa" free="193536" total="193536" percent="100" />
    </mem>
    <remembered-set count="130" />
  </mem-info>
</gc-end>
<cycle-end id="3899" type="scavenge" contextid="3893" timestamp="2019-08-08T20:26:15.684" />
  <attribute name="elasticGC enabled" value="1" />
  <attribute name= "numThreadsSpecified" value="16" />
  <attribute name="heapSize specified" value="42401792" />
  <attribute name="Current GC Util" value="2" />
  <attribute name= "Current Time Running" value="143102" />
  <attribute name ="GC Interval" value="2161" />
  <attribute name="Target GC Util Change" value ="80.000000" />
  <attribute name="Current GC Util Change" value="2.000000"/>
  <attribute name="Current Error" value="268.000000" />
  <attribute name="Output H" value="100439152"/>
  <attribute name="Output I" value="2160"/>
  <attribute name="Output T" value="16"/>
  <attribute name= "Current Time Running" value="143102" />
  <attribute name="GC Util currently" value="2" />
  <attribute name="CPU Util currently" value="21112787980" />
<allocation-satisfied id="3900" threadId="0000000000959F00" bytesRequested="32" />
<af-end id="3901" timestamp="2019-08-08T20:26:15.684" threadId="000000000095A888" success="true" from="nursery"/>
<exclusive-end id="3902" timestamp="2019-08-08T20:26:15.684" durationms="1.157" />

<exclusive-start id="3903" timestamp="2019-08-08T20:26:15.724" intervalms="40.704">
  <response-info timems="0.017" idlems="0.017" threads="0" lastid="0000000000959F00" lastname="main" />
</exclusive-start>
<af-start id="3904" threadId="000000000095A888" totalBytesRequested="32" timestamp="2019-08-08T20:26:15.724" intervalms="40.706" type="nursery" />
<cycle-start id="3905" type="scavenge" contextid="0" timestamp="2019-08-08T20:26:15.724" intervalms="40.704" />
<gc-start id="3906" type="scavenge" contextid="3905" timestamp="2019-08-08T20:26:15.724">
  <mem-info id="3907" free="1048024" total="100401152" percent="1">
    <mem type="nursery" free="0" total="81002496" percent="0">
      <mem type="allocate" free="0" total="72876032" percent="0" />
      <mem type="survivor" free="0" total="8126464" percent="0" />
    </mem>
    <mem type="tenure" free="1048024" total="19398656" percent="5">
      <mem type="soa" free="854488" total="19205120" percent="4" />
      <mem type="loa" free="193536" total="193536" percent="100" />
    </mem>
    <remembered-set count="132" />
  </mem-info>
</gc-start>
<allocation-stats totalBytes="72777376" >
  <allocated-bytes non-tlh="32" tlh="72777344" />
  <largest-consumer threadName="main" threadId="0000000000959F00" bytes="72777376" />
</allocation-stats>
<gc-op id="3908" type="scavenge" timems="0.711" contextid="3905" timestamp="2019-08-08T20:26:15.724">
  <scavenger-info tenureage="3" tenuremask="fff8" tiltratio="89" />
  <memory-copied type="nursery" objects="78" bytes="2320" bytesdiscarded="86000" />
  <references type="weak" candidates="37" cleared="7" enqueued="3" />
</gc-op>
<gc-end id="3909" type="scavenge" contextid="3905" durationms="0.913" usertimems="1.624" systemtimems="0.000" timestamp="2019-08-08T20:26:15.725" activeThreads="16">
  <mem-info id="3910" free="73835736" total="100401152" percent="73">
    <mem type="nursery" free="72787712" total="81002496" percent="89">
      <mem type="allocate" free="72787712" total="72876032" percent="99" />
      <mem type="survivor" free="0" total="8126464" percent="0" />
    </mem>
    <mem type="tenure" free="1048024" total="19398656" percent="5" macro-fragmented="0">
      <mem type="soa" free="854488" total="19205120" percent="4" />
      <mem type="loa" free="193536" total="193536" percent="100" />
    </mem>
    <pending-finalizers system="0" default="0" reference="3" classloader="0" />
    <remembered-set count="122" />
  </mem-info>
</gc-end>
<cycle-end id="3911" type="scavenge" contextid="3905" timestamp="2019-08-08T20:26:15.725" />
  <attribute name="elasticGC enabled" value="1" />
  <attribute name= "numThreadsSpecified" value="16" />
  <attribute name="heapSize specified" value="42401792" />
  <attribute name="Current GC Util" value="3" />
  <attribute name= "Current Time Running" value="143143" />
  <attribute name ="GC Interval" value="2201" />
  <attribute name="Target GC Util Change" value ="80.000000" />
  <attribute name="Current GC Util Change" value="3.000000"/>
  <attribute name="Current Error" value="345.000000" />
  <attribute name="Output H" value="100439192"/>
  <attribute name="Output I" value="2200"/>
  <attribute name="Output T" value="16"/>
  <attribute name= "Current Time Running" value="143143" />
  <attribute name="GC Util currently" value="3" />
  <attribute name="CPU Util currently" value="28316757142" />
<allocation-satisfied id="3912" threadId="0000000000959F00" bytesRequested="32" />
<af-end id="3913" timestamp="2019-08-08T20:26:15.725" threadId="000000000095A888" success="true" from="nursery"/>
<exclusive-end id="3914" timestamp="2019-08-08T20:26:15.725" durationms="1.140" />

<exclusive-start id="3915" timestamp="2019-08-08T20:26:15.738" intervalms="14.458">
  <response-info timems="0.017" idlems="0.017" threads="0" lastid="0000000000959F00" lastname="main" />
</exclusive-start>
<af-start id="3916" threadId="000000000095A888" totalBytesRequested="32" timestamp="2019-08-08T20:26:15.738" intervalms="14.458" type="nursery" />
<cycle-start id="3917" type="scavenge" contextid="0" timestamp="2019-08-08T20:26:15.738" intervalms="14.460" />
<gc-start id="3918" type="scavenge" contextid="3917" timestamp="2019-08-08T20:26:15.738">
  <mem-info id="3919" free="1048024" total="100401152" percent="1">
    <mem type="nursery" free="0" total="81002496" percent="0">
      <mem type="allocate" free="0" total="72876032" percent="0" />
      <mem type="survivor" free="0" total="8126464" percent="0" />
    </mem>
    <mem type="tenure" free="1048024" total="19398656" percent="5">
      <mem type="soa" free="854488" total="19205120" percent="4" />
      <mem type="loa" free="193536" total="193536" percent="100" />
    </mem>
    <remembered-set count="123" />
  </mem-info>
</gc-start>
<allocation-stats totalBytes="72750248" >
  <allocated-bytes non-tlh="32" tlh="72750216" />
  <largest-consumer threadName="main" threadId="0000000000959F00" bytes="72750248" />
</allocation-stats>
<gc-op id="3920" type="scavenge" timems="0.959" contextid="3917" timestamp="2019-08-08T20:26:15.739">
  <scavenger-info tenureage="3" tenuremask="fff8" tiltratio="89" />
  <memory-copied type="nursery" objects="78" bytes="2536" bytesdiscarded="78104" />
  <references type="weak" candidates="30" cleared="0" enqueued="0" />
</gc-op>
<gc-end id="3921" type="scavenge" contextid="3917" durationms="1.166" usertimems="2.044" systemtimems="0.000" timestamp="2019-08-08T20:26:15.739" activeThreads="16">
  <mem-info id="3922" free="73843416" total="100401152" percent="73">
    <mem type="nursery" free="72795392" total="81002496" percent="89">
      <mem type="allocate" free="72795392" total="72876032" percent="99" />
      <mem type="survivor" free="0" total="8126464" percent="0" />
    </mem>
    <mem type="tenure" free="1048024" total="19398656" percent="5" macro-fragmented="0">
      <mem type="soa" free="854488" total="19205120" percent="4" />
      <mem type="loa" free="193536" total="193536" percent="100" />
    </mem>
    <remembered-set count="123" />
  </mem-info>
</gc-end>
<cycle-end id="3923" type="scavenge" contextid="3917" timestamp="2019-08-08T20:26:15.739" />
  <attribute name="elasticGC enabled" value="1" />
  <attribute name= "numThreadsSpecified" value="16" />
  <attribute name="heapSize specified" value="42401792" />
  <attribute name="Current GC Util" value="12" />
  <attribute name= "Current Time Running" value="143157" />
  <attribute name ="GC Interval" value="2241" />
  <attribute name="Target GC Util Change" value ="80.000000" />
  <attribute name="Current GC Util Change" value="12.000000"/>
  <attribute name="Current Error" value="413.000000" />
  <attribute name="Output H" value="100439232"/>
  <attribute name="Output I" value="2240"/>
  <attribute name="Output T" value="16"/>
  <attribute name= "Current Time Running" value="143157" />
  <attribute name="GC Util currently" value="12" />
  <attribute name="CPU Util currently" value="79706573217" />
<allocation-satisfied id="3924" threadId="0000000000959F00" bytesRequested="32" />
<af-end id="3925" timestamp="2019-08-08T20:26:15.739" threadId="000000000095A888" success="true" from="nursery"/>
<exclusive-end id="3926" timestamp="2019-08-08T20:26:15.739" durationms="1.374" />

<exclusive-start id="3927" timestamp="2019-08-08T20:26:15.753" intervalms="14.902">
  <response-info timems="0.020" idlems="0.020" threads="0" lastid="0000000000959F00" lastname="main" />
</exclusive-start>
<af-start id="3928" threadId="000000000095A888" totalBytesRequested="192" timestamp="2019-08-08T20:26:15.753" intervalms="14.901" type="nursery" />
<cycle-start id="3929" type="scavenge" contextid="0" timestamp="2019-08-08T20:26:15.753" intervalms="14.901" />
<gc-start id="3930" type="scavenge" contextid="3929" timestamp="2019-08-08T20:26:15.753">
  <mem-info id="3931" free="1048024" total="100401152" percent="1">
    <mem type="nursery" free="0" total="81002496" percent="0">
      <mem type="allocate" free="0" total="72876032" percent="0" />
      <mem type="survivor" free="0" total="8126464" percent="0" />
    </mem>
    <mem type="tenure" free="1048024" total="19398656" percent="5">
      <mem type="soa" free="854488" total="19205120" percent="4" />
      <mem type="loa" free="193536" total="193536" percent="100" />
    </mem>
    <remembered-set count="123" />
  </mem-info>
</gc-start>
<allocation-stats totalBytes="72757400" >
  <allocated-bytes non-tlh="32" tlh="72757368" />
  <largest-consumer threadName="main" threadId="0000000000959F00" bytes="72757400" />
</allocation-stats>
<gc-op id="3932" type="scavenge" timems="0.652" contextid="3929" timestamp="2019-08-08T20:26:15.754">
  <scavenger-info tenureage="3" tenuremask="fff8" tiltratio="89" />
  <memory-copied type="nursery" objects="23" bytes="856" bytesdiscarded="31400" />
  <memory-copied type="tenure" objects="56" bytes="1600" bytesdiscarded="0" />
</gc-op>
<gc-end id="3933" type="scavenge" contextid="3929" durationms="0.906" usertimems="1.523" systemtimems="0.000" timestamp="2019-08-08T20:26:15.754" activeThreads="16">
  <mem-info id="3934" free="73891800" total="100401152" percent="73">
    <mem type="nursery" free="72843776" total="81002496" percent="89">
      <mem type="allocate" free="72843776" total="72876032" percent="99" />
      <mem type="survivor" free="0" total="8126464" percent="0" />
    </mem>
    <mem type="tenure" free="1048024" total="19398656" percent="5" macro-fragmented="0">
      <mem type="soa" free="854488" total="19205120" percent="4" />
      <mem type="loa" free="193536" total="193536" percent="100" />
    </mem>
    <remembered-set count="113" />
  </mem-info>
</gc-end>
<cycle-end id="3935" type="scavenge" contextid="3929" timestamp="2019-08-08T20:26:15.754" />
  <attribute name="elasticGC enabled" value="1" />
  <attribute name= "numThreadsSpecified" value="16" />
  <attribute name="heapSize specified" value="42401792" />
  <attribute name="Current GC Util" value="14" />
  <attribute name= "Current Time Running" value="143172" />
  <attribute name ="GC Interval" value="2041" />
  <attribute name="Target GC Util Change" value ="80.000000" />
  <attribute name="Current GC Util Change" value="14.000000"/>
  <attribute name="Current Error" value="66.000000" />
  <attribute name="Output H" value="100439032"/>
  <attribute name="Output I" value="2040"/>
  <attribute name="Output T" value="16"/>
  <attribute name= "Current Time Running" value="143172" />
  <attribute name="GC Util currently" value="14" />
  <attribute name="CPU Util currently" value="77462046036" />
<allocation-satisfied id="3936" threadId="0000000000959F00" bytesRequested="192" />
<af-end id="3937" timestamp="2019-08-08T20:26:15.754" threadId="000000000095A888" success="true" from="nursery"/>
<exclusive-end id="3938" timestamp="2019-08-08T20:26:15.754" durationms="1.112" />

<exclusive-start id="3939" timestamp="2019-08-08T20:26:15.767" intervalms="14.424">
  <response-info timems="0.017" idlems="0.017" threads="0" lastid="0000000000959F00" lastname="main" />
</exclusive-start>
<af-start id="3940" threadId="000000000095A888" totalBytesRequested="288" timestamp="2019-08-08T20:26:15.767" intervalms="14.422" type="nursery" />
<cycle-start id="3941" type="scavenge" contextid="0" timestamp="2019-08-08T20:26:15.767" intervalms="14.422" />
<gc-start id="3942" type="scavenge" contextid="3941" timestamp="2019-08-08T20:26:15.767">
  <mem-info id="3943" free="1048024" total="100401152" percent="1">
    <mem type="nursery" free="0" total="81002496" percent="0">
      <mem type="allocate" free="0" total="72876032" percent="0" />
      <mem type="survivor" free="0" total="8126464" percent="0" />
    </mem>
    <mem type="tenure" free="1048024" total="19398656" percent="5">
      <mem type="soa" free="854488" total="19205120" percent="4" />
      <mem type="loa" free="193536" total="193536" percent="100" />
    </mem>
    <remembered-set count="115" />
  </mem-info>
</gc-start>
<allocation-stats totalBytes="72798160" >
  <allocated-bytes non-tlh="192" tlh="72797968" />
  <largest-consumer threadName="main" threadId="0000000000959F00" bytes="72798160" />
</allocation-stats>
<gc-op id="3944" type="scavenge" timems="0.725" contextid="3941" timestamp="2019-08-08T20:26:15.768">
  <scavenger-info tenureage="3" tenuremask="ffe8" tiltratio="89" />
  <memory-copied type="nursery" objects="23" bytes="960" bytesdiscarded="31296" />
  <memory-copied type="tenure" objects="6" bytes="136" bytesdiscarded="0" />
</gc-op>
<gc-end id="3945" type="scavenge" contextid="3941" durationms="0.933" usertimems="1.443" systemtimems="0.000" timestamp="2019-08-08T20:26:15.768" activeThreads="16">
  <mem-info id="3946" free="73891800" total="100401152" percent="73">
    <mem type="nursery" free="72843776" total="81002496" percent="89">
      <mem type="allocate" free="72843776" total="72876032" percent="99" />
      <mem type="survivor" free="0" total="8126464" percent="0" />
    </mem>
    <mem type="tenure" free="1048024" total="19398656" percent="5" macro-fragmented="0">
      <mem type="soa" free="854488" total="19205120" percent="4" />
      <mem type="loa" free="193536" total="193536" percent="100" />
    </mem>
    <remembered-set count="113" />
  </mem-info>
</gc-end>
<cycle-end id="3947" type="scavenge" contextid="3941" timestamp="2019-08-08T20:26:15.768" />
  <attribute name="elasticGC enabled" value="1" />
  <attribute name= "numThreadsSpecified" value="16" />
  <attribute name="heapSize specified" value="42401792" />
  <attribute name="Current GC Util" value="10" />
  <attribute name= "Current Time Running" value="143187" />
  <attribute name ="GC Interval" value="2081" />
  <attribute name="Target GC Util Change" value ="80.000000" />
  <attribute name="Current GC Util Change" value="10.000000"/>
  <attribute name="Current Error" value="136.000000" />
  <attribute name="Output H" value="100439072"/>
  <attribute name="Output I" value="2080"/>
  <attribute name="Output T" value="16"/>
  <attribute name= "Current Time Running" value="143187" />
  <attribute name="GC Util currently" value="10" />
  <attribute name="CPU Util currently" value="79864186113" />
<allocation-satisfied id="3948" threadId="0000000000959F00" bytesRequested="288" />
<af-end id="3949" timestamp="2019-08-08T20:26:15.768" threadId="000000000095A888" success="true" from="nursery"/>
<exclusive-end id="3950" timestamp="2019-08-08T20:26:15.768" durationms="1.143" />

<exclusive-start id="3951" timestamp="2019-08-08T20:26:15.785" intervalms="17.869">
  <response-info timems="0.016" idlems="0.016" threads="0" lastid="0000000000959F00" lastname="main" />
</exclusive-start>
<af-start id="3952" threadId="000000000095A888" totalBytesRequested="136" timestamp="2019-08-08T20:26:15.785" intervalms="17.876" type="nursery" />
<cycle-start id="3953" type="scavenge" contextid="0" timestamp="2019-08-08T20:26:15.785" intervalms="17.877" />
<gc-start id="3954" type="scavenge" contextid="3953" timestamp="2019-08-08T20:26:15.785">
  <mem-info id="3955" free="1048024" total="100401152" percent="1">
    <mem type="nursery" free="0" total="81002496" percent="0">
      <mem type="allocate" free="0" total="72876032" percent="0" />
      <mem type="survivor" free="0" total="8126464" percent="0" />
    </mem>
    <mem type="tenure" free="1048024" total="19398656" percent="5">
      <mem type="soa" free="854488" total="19205120" percent="4" />
      <mem type="loa" free="193536" total="193536" percent="100" />
    </mem>
    <remembered-set count="115" />
  </mem-info>
</gc-start>
<allocation-stats totalBytes="72782992" >
  <allocated-bytes non-tlh="288" tlh="72782704" />
  <largest-consumer threadName="main" threadId="0000000000959F00" bytes="72782992" />
</allocation-stats>
<gc-op id="3956" type="scavenge" timems="2.419" contextid="3953" timestamp="2019-08-08T20:26:15.788">
  <scavenger-info tenureage="3" tenuremask="ffe8" tiltratio="89" />
  <memory-copied type="nursery" objects="52" bytes="2088" bytesdiscarded="14040" />
</gc-op>
<heap-resize id="3957" type="expand" space="nursery" amount="4849664" count="1" timems="0.015" reason="excessive time being spent scavenging" timestamp="2019-08-08T20:26:15.788" />
<gc-end id="3958" type="scavenge" contextid="3953" durationms="2.633" usertimems="1.872" systemtimems="0.000" timestamp="2019-08-08T20:26:15.788" activeThreads="16">
  <mem-info id="3959" free="78233304" total="105250816" percent="74">
    <mem type="nursery" free="77185280" total="85852160" percent="89">
      <mem type="allocate" free="77185280" total="77201408" percent="99" />
      <mem type="survivor" free="0" total="8650752" percent="0" />
    </mem>
    <mem type="tenure" free="1048024" total="19398656" percent="5" macro-fragmented="418667">
      <mem type="soa" free="854488" total="19205120" percent="4" />
      <mem type="loa" free="193536" total="193536" percent="100" />
    </mem>
    <remembered-set count="115" />
  </mem-info>
</gc-end>
<cycle-end id="3960" type="scavenge" contextid="3953" timestamp="2019-08-08T20:26:15.788" />
  <attribute name="elasticGC enabled" value="1" />
  <attribute name= "numThreadsSpecified" value="16" />
  <attribute name="heapSize specified" value="42401792" />
  <attribute name="Current GC Util" value="8" />
  <attribute name= "Current Time Running" value="143204" />
  <attribute name ="GC Interval" value="2121" />
  <attribute name="Target GC Util Change" value ="80.000000" />
  <attribute name="Current GC Util Change" value="8.000000"/>
  <attribute name="Current Error" value="208.000000" />
  <attribute name="Output H" value="100439112"/>
  <attribute name="Output I" value="2120"/>
  <attribute name="Output T" value="16"/>
  <attribute name= "Current Time Running" value="143204" />
  <attribute name="GC Util currently" value="8" />
  <attribute name="CPU Util currently" value="64441774219" />
<allocation-satisfied id="3961" threadId="0000000000959F00" bytesRequested="136" />
<af-end id="3962" timestamp="2019-08-08T20:26:15.788" threadId="000000000095A888" success="true" from="nursery"/>
<exclusive-end id="3963" timestamp="2019-08-08T20:26:15.788" durationms="2.889" />

<exclusive-start id="3964" timestamp="2019-08-08T20:26:15.863" intervalms="77.735">
  <response-info timems="0.018" idlems="0.018" threads="0" lastid="0000000000959F00" lastname="main" />
</exclusive-start>
<af-start id="3965" threadId="000000000095A888" totalBytesRequested="24" timestamp="2019-08-08T20:26:15.863" intervalms="77.730" type="nursery" />
<cycle-start id="3966" type="scavenge" contextid="0" timestamp="2019-08-08T20:26:15.863" intervalms="77.728" />
<gc-start id="3967" type="scavenge" contextid="3966" timestamp="2019-08-08T20:26:15.863">
  <mem-info id="3968" free="1048024" total="105250816" percent="0">
    <mem type="nursery" free="0" total="85852160" percent="0">
      <mem type="allocate" free="0" total="77201408" percent="0" />
      <mem type="survivor" free="0" total="8650752" percent="0" />
    </mem>
    <mem type="tenure" free="1048024" total="19398656" percent="5">
      <mem type="soa" free="854488" total="19205120" percent="4" />
      <mem type="loa" free="193536" total="193536" percent="100" />
    </mem>
    <remembered-set count="121" />
  </mem-info>
</gc-start>
<allocation-stats totalBytes="77169024" >
  <allocated-bytes non-tlh="136" tlh="77168888" />
  <largest-consumer threadName="main" threadId="0000000000959F00" bytes="77169024" />
</allocation-stats>
<gc-op id="3969" type="scavenge" timems="0.746" contextid="3966" timestamp="2019-08-08T20:26:15.864">
  <scavenger-info tenureage="3" tenuremask="fff8" tiltratio="89" />
  <memory-copied type="nursery" objects="51" bytes="1480" bytesdiscarded="30776" />
</gc-op>
<gc-end id="3970" type="scavenge" contextid="3966" durationms="0.891" usertimems="1.510" systemtimems="0.000" timestamp="2019-08-08T20:26:15.864" activeThreads="16">
  <mem-info id="3971" free="78282712" total="105250816" percent="74">
    <mem type="nursery" free="77234688" total="85852160" percent="89">
      <mem type="allocate" free="77234688" total="77266944" percent="99" />
      <mem type="survivor" free="0" total="8585216" percent="0" />
    </mem>
    <mem type="tenure" free="1048024" total="19398656" percent="5" macro-fragmented="723458">
      <mem type="soa" free="854488" total="19205120" percent="4" />
      <mem type="loa" free="193536" total="193536" percent="100" />
    </mem>
    <remembered-set count="121" />
  </mem-info>
</gc-end>
<cycle-end id="3972" type="scavenge" contextid="3966" timestamp="2019-08-08T20:26:15.864" />
  <attribute name="elasticGC enabled" value="1" />
  <attribute name= "numThreadsSpecified" value="16" />
  <attribute name="heapSize specified" value="42401792" />
  <attribute name="Current GC Util" value="2" />
  <attribute name= "Current Time Running" value="143282" />
  <attribute name ="GC Interval" value="2169" />
  <attribute name="Target GC Util Change" value ="80.000000" />
  <attribute name="Current GC Util Change" value="2.000000"/>
  <attribute name="Current Error" value="286.000000" />
  <attribute name="Output H" value="105288824"/>
  <attribute name="Output I" value="2168"/>
  <attribute name="Output T" value="16"/>
  <attribute name= "Current Time Running" value="143282" />
  <attribute name="GC Util currently" value="2" />
  <attribute name="CPU Util currently" value="14838611616" />
<allocation-satisfied id="3973" threadId="0000000000959F00" bytesRequested="24" />
<af-end id="3974" timestamp="2019-08-08T20:26:15.864" threadId="000000000095A888" success="true" from="nursery"/>
<exclusive-end id="3975" timestamp="2019-08-08T20:26:15.864" durationms="1.130" />

<exclusive-start id="3976" timestamp="2019-08-08T20:26:16.073" intervalms="209.967">
  <response-info timems="0.019" idlems="0.019" threads="0" lastid="0000000000959F00" lastname="main" />
</exclusive-start>
<af-start id="3977" threadId="000000000095A888" totalBytesRequested="32" timestamp="2019-08-08T20:26:16.073" intervalms="209.966" type="nursery" />
<cycle-start id="3978" type="scavenge" contextid="0" timestamp="2019-08-08T20:26:16.073" intervalms="209.966" />
<gc-start id="3979" type="scavenge" contextid="3978" timestamp="2019-08-08T20:26:16.073">
  <mem-info id="3980" free="1048024" total="105250816" percent="0">
    <mem type="nursery" free="0" total="85852160" percent="0">
      <mem type="allocate" free="0" total="77266944" percent="0" />
      <mem type="survivor" free="0" total="8585216" percent="0" />
    </mem>
    <mem type="tenure" free="1048024" total="19398656" percent="5">
      <mem type="soa" free="854488" total="19205120" percent="4" />
      <mem type="loa" free="193536" total="193536" percent="100" />
    </mem>
    <remembered-set count="129" />
  </mem-info>
</gc-start>
<allocation-stats totalBytes="77226024" >
  <allocated-bytes non-tlh="24" tlh="77226000" />
  <largest-consumer threadName="main" threadId="0000000000959F00" bytes="77226024" />
</allocation-stats>
<gc-op id="3981" type="scavenge" timems="1.322" contextid="3978" timestamp="2019-08-08T20:26:16.074">
  <scavenger-info tenureage="3" tenuremask="fff8" tiltratio="90" />
  <memory-copied type="nursery" objects="173" bytes="8280" bytesdiscarded="23976" />
  <memory-copied type="tenure" objects="6" bytes="136" bytesdiscarded="0" />
</gc-op>
<gc-end id="3982" type="scavenge" contextid="3978" durationms="1.539" usertimems="3.219" systemtimems="0.000" timestamp="2019-08-08T20:26:16.075" activeThreads="16">
  <mem-info id="3983" free="78282712" total="105250816" percent="74">
    <mem type="nursery" free="77234688" total="85852160" percent="89">
      <mem type="allocate" free="77234688" total="77266944" percent="99" />
      <mem type="survivor" free="0" total="8585216" percent="0" />
    </mem>
    <mem type="tenure" free="1048024" total="19398656" percent="5" macro-fragmented="0">
      <mem type="soa" free="854488" total="19205120" percent="4" />
      <mem type="loa" free="193536" total="193536" percent="100" />
    </mem>
    <remembered-set count="127" />
  </mem-info>
</gc-end>
<cycle-end id="3984" type="scavenge" contextid="3978" timestamp="2019-08-08T20:26:16.075" />
  <attribute name="elasticGC enabled" value="1" />
  <attribute name= "numThreadsSpecified" value="16" />
  <attribute name="heapSize specified" value="42401792" />
  <attribute name="Current GC Util" value="0" />
  <attribute name= "Current Time Running" value="143492" />
  <attribute name ="GC Interval" value="2217" />
  <attribute name="Target GC Util Change" value ="80.000000" />
  <attribute name="Current GC Util Change" value="0.000000"/>
  <attribute name="Current Error" value="366.000000" />
  <attribute name="Output H" value="105288872"/>
  <attribute name="Output I" value="2216"/>
  <attribute name="Output T" value="16"/>
  <attribute name= "Current Time Running" value="143492" />
  <attribute name="GC Util currently" value="0" />
  <attribute name="CPU Util currently" value="5490443900" />
<allocation-satisfied id="3985" threadId="0000000000959F00" bytesRequested="32" />
<af-end id="3986" timestamp="2019-08-08T20:26:16.075" threadId="000000000095A888" success="true" from="nursery"/>
<exclusive-end id="3987" timestamp="2019-08-08T20:26:16.075" durationms="1.736" />

<exclusive-start id="3988" timestamp="2019-08-08T20:26:16.207" intervalms="134.384">
  <response-info timems="0.019" idlems="0.019" threads="0" lastid="0000000000959F00" lastname="main" />
</exclusive-start>
<af-start id="3989" threadId="000000000095A888" totalBytesRequested="32" timestamp="2019-08-08T20:26:16.207" intervalms="134.387" type="nursery" />
<cycle-start id="3990" type="scavenge" contextid="0" timestamp="2019-08-08T20:26:16.207" intervalms="134.406" />
<gc-start id="3991" type="scavenge" contextid="3990" timestamp="2019-08-08T20:26:16.207">
  <mem-info id="3992" free="1048024" total="105250816" percent="0">
    <mem type="nursery" free="0" total="85852160" percent="0">
      <mem type="allocate" free="0" total="77266944" percent="0" />
      <mem type="survivor" free="0" total="8585216" percent="0" />
    </mem>
    <mem type="tenure" free="1048024" total="19398656" percent="5">
      <mem type="soa" free="854488" total="19205120" percent="4" />
      <mem type="loa" free="193536" total="193536" percent="100" />
    </mem>
    <remembered-set count="139" />
  </mem-info>
</gc-start>
<allocation-stats totalBytes="77224192" >
  <allocated-bytes non-tlh="32" tlh="77224160" />
  <largest-consumer threadName="main" threadId="0000000000959F00" bytes="77224192" />
</allocation-stats>
<gc-op id="3993" type="scavenge" timems="0.818" contextid="3990" timestamp="2019-08-08T20:26:16.208">
  <scavenger-info tenureage="3" tenuremask="ffe8" tiltratio="90" />
  <memory-copied type="nursery" objects="108" bytes="2976" bytesdiscarded="29280" />
  <memory-copied type="tenure" objects="6" bytes="136" bytesdiscarded="0" />
</gc-op>
<gc-end id="3994" type="scavenge" contextid="3990" durationms="1.056" usertimems="2.330" systemtimems="0.000" timestamp="2019-08-08T20:26:16.208" activeThreads="16">
  <mem-info id="3995" free="78282712" total="105250816" percent="74">
    <mem type="nursery" free="77234688" total="85852160" percent="89">
      <mem type="allocate" free="77234688" total="77266944" percent="99" />
      <mem type="survivor" free="0" total="8585216" percent="0" />
    </mem>
    <mem type="tenure" free="1048024" total="19398656" percent="5" macro-fragmented="0">
      <mem type="soa" free="854488" total="19205120" percent="4" />
      <mem type="loa" free="193536" total="193536" percent="100" />
    </mem>
    <remembered-set count="137" />
  </mem-info>
</gc-end>
<cycle-end id="3996" type="scavenge" contextid="3990" timestamp="2019-08-08T20:26:16.209" />
  <attribute name="elasticGC enabled" value="1" />
  <attribute name= "numThreadsSpecified" value="16" />
  <attribute name="heapSize specified" value="42401792" />
  <attribute name="Current GC Util" value="2" />
  <attribute name= "Current Time Running" value="143627" />
  <attribute name ="GC Interval" value="2257" />
  <attribute name="Target GC Util Change" value ="80.000000" />
  <attribute name="Current GC Util Change" value="2.000000"/>
  <attribute name="Current Error" value="444.000000" />
  <attribute name="Output H" value="105288912"/>
  <attribute name="Output I" value="2256"/>
  <attribute name="Output T" value="16"/>
  <attribute name= "Current Time Running" value="143627" />
  <attribute name="GC Util currently" value="2" />
  <attribute name="CPU Util currently" value="8578330629" />
<allocation-satisfied id="3997" threadId="0000000000959F00" bytesRequested="32" />
<af-end id="3998" timestamp="2019-08-08T20:26:16.209" threadId="000000000095A888" success="true" from="nursery"/>
<exclusive-end id="3999" timestamp="2019-08-08T20:26:16.209" durationms="1.297" />

<exclusive-start id="4000" timestamp="2019-08-08T20:26:16.288" intervalms="80.952">
  <response-info timems="0.017" idlems="0.017" threads="0" lastid="0000000000959F00" lastname="main" />
</exclusive-start>
<af-start id="4001" threadId="000000000095A888" totalBytesRequested="16" timestamp="2019-08-08T20:26:16.288" intervalms="80.947" type="nursery" />
<cycle-start id="4002" type="scavenge" contextid="0" timestamp="2019-08-08T20:26:16.288" intervalms="80.928" />
<gc-start id="4003" type="scavenge" contextid="4002" timestamp="2019-08-08T20:26:16.288">
  <mem-info id="4004" free="1048024" total="105250816" percent="0">
    <mem type="nursery" free="0" total="85852160" percent="0">
      <mem type="allocate" free="0" total="77266944" percent="0" />
      <mem type="survivor" free="0" total="8585216" percent="0" />
    </mem>
    <mem type="tenure" free="1048024" total="19398656" percent="5">
      <mem type="soa" free="854488" total="19205120" percent="4" />
      <mem type="loa" free="193536" total="193536" percent="100" />
    </mem>
    <remembered-set count="141" />
  </mem-info>
</gc-start>
<allocation-stats totalBytes="77212048" >
  <allocated-bytes non-tlh="32" tlh="77212016" />
  <largest-consumer threadName="main" threadId="0000000000959F00" bytes="77212048" />
</allocation-stats>
<gc-op id="4005" type="scavenge" timems="5.185" contextid="4002" timestamp="2019-08-08T20:26:16.294">
  <scavenger-info tenureage="3" tenuremask="ffe8" tiltratio="90" />
  <memory-copied type="nursery" objects="89" bytes="2360" bytesdiscarded="13768" />
  <memory-copied type="tenure" objects="18" bytes="408" bytesdiscarded="0" />
</gc-op>
<gc-end id="4006" type="scavenge" contextid="4002" durationms="6.080" usertimems="2.831" systemtimems="0.000" timestamp="2019-08-08T20:26:16.294" activeThreads="16">
  <mem-info id="4007" free="78298840" total="105250816" percent="74">
    <mem type="nursery" free="77250816" total="85852160" percent="89">
      <mem type="allocate" free="77250816" total="77266944" percent="99" />
      <mem type="survivor" free="0" total="8585216" percent="0" />
    </mem>
    <mem type="tenure" free="1048024" total="19398656" percent="5" macro-fragmented="0">
      <mem type="soa" free="854488" total="19205120" percent="4" />
      <mem type="loa" free="193536" total="193536" percent="100" />
    </mem>
    <remembered-set count="135" />
  </mem-info>
</gc-end>
<cycle-end id="4008" type="scavenge" contextid="4002" timestamp="2019-08-08T20:26:16.294" />
  <attribute name="elasticGC enabled" value="1" />
  <attribute name= "numThreadsSpecified" value="16" />
  <attribute name="heapSize specified" value="42401792" />
  <attribute name="Current GC Util" value="2" />
  <attribute name= "Current Time Running" value="143707" />
  <attribute name ="GC Interval" value="2049" />
  <attribute name="Target GC Util Change" value ="80.000000" />
  <attribute name="Current GC Util Change" value="2.000000"/>
  <attribute name="Current Error" value="78.000000" />
  <attribute name="Output H" value="105288704"/>
  <attribute name="Output I" value="2048"/>
  <attribute name="Output T" value="16"/>
  <attribute name= "Current Time Running" value="143707" />
  <attribute name="GC Util currently" value="2" />
  <attribute name="CPU Util currently" value="14248021591" />
<allocation-satisfied id="4009" threadId="0000000000959F00" bytesRequested="16" />
<af-end id="4010" timestamp="2019-08-08T20:26:16.295" threadId="000000000095A888" success="true" from="nursery"/>
<exclusive-end id="4011" timestamp="2019-08-08T20:26:16.295" durationms="6.297" />

<exclusive-start id="4012" timestamp="2019-08-08T20:26:16.410" intervalms="121.383">
  <response-info timems="0.021" idlems="0.021" threads="0" lastid="0000000000959F00" lastname="main" />
</exclusive-start>
<af-start id="4013" threadId="000000000095A888" totalBytesRequested="24" timestamp="2019-08-08T20:26:16.410" intervalms="121.402" type="nursery" />
<cycle-start id="4014" type="scavenge" contextid="0" timestamp="2019-08-08T20:26:16.410" intervalms="121.404" />
<gc-start id="4015" type="scavenge" contextid="4014" timestamp="2019-08-08T20:26:16.410">
  <mem-info id="4016" free="1048024" total="105250816" percent="0">
    <mem type="nursery" free="0" total="85852160" percent="0">
      <mem type="allocate" free="0" total="77266944" percent="0" />
      <mem type="survivor" free="0" total="8585216" percent="0" />
    </mem>
    <mem type="tenure" free="1048024" total="19398656" percent="5">
      <mem type="soa" free="854488" total="19205120" percent="4" />
      <mem type="loa" free="193536" total="193536" percent="100" />
    </mem>
    <remembered-set count="139" />
  </mem-info>
</gc-start>
<allocation-stats totalBytes="77241472" >
  <allocated-bytes non-tlh="16" tlh="77241456" />
  <largest-consumer threadName="main" threadId="0000000000959F00" bytes="77241472" />
</allocation-stats>
<gc-op id="4017" type="scavenge" timems="1.433" contextid="4014" timestamp="2019-08-08T20:26:16.411">
  <scavenger-info tenureage="3" tenuremask="ffe8" tiltratio="90" />
  <memory-copied type="nursery" objects="71" bytes="1936" bytesdiscarded="14192" />
  <memory-copied type="tenure" objects="24" bytes="544" bytesdiscarded="0" />
</gc-op>
<gc-end id="4018" type="scavenge" contextid="4014" durationms="1.629" usertimems="1.681" systemtimems="0.000" timestamp="2019-08-08T20:26:16.411" activeThreads="16">
  <mem-info id="4019" free="78298840" total="105250816" percent="74">
    <mem type="nursery" free="77250816" total="85852160" percent="89">
      <mem type="allocate" free="77250816" total="77266944" percent="99" />
      <mem type="survivor" free="0" total="8585216" percent="0" />
    </mem>
    <mem type="tenure" free="1048024" total="19398656" percent="5" macro-fragmented="0">
      <mem type="soa" free="854488" total="19205120" percent="4" />
      <mem type="loa" free="193536" total="193536" percent="100" />
    </mem>
    <remembered-set count="131" />
  </mem-info>
</gc-end>
<cycle-end id="4020" type="scavenge" contextid="4014" timestamp="2019-08-08T20:26:16.411" />
  <attribute name="elasticGC enabled" value="1" />
  <attribute name= "numThreadsSpecified" value="16" />
  <attribute name="heapSize specified" value="42401792" />
  <attribute name="Current GC Util" value="2" />
  <attribute name= "Current Time Running" value="143829" />
  <attribute name ="GC Interval" value="2097" />
  <attribute name="Target GC Util Change" value ="80.000000" />
  <attribute name="Current GC Util Change" value="2.000000"/>
  <attribute name="Current Error" value="156.000000" />
  <attribute name="Output H" value="105288752"/>
  <attribute name="Output I" value="2096"/>
  <attribute name="Output T" value="16"/>
  <attribute name= "Current Time Running" value="143829" />
  <attribute name="GC Util currently" value="2" />
  <attribute name="CPU Util currently" value="9495877535" />
<allocation-satisfied id="4021" threadId="0000000000959F00" bytesRequested="24" />
<af-end id="4022" timestamp="2019-08-08T20:26:16.411" threadId="000000000095A888" success="true" from="nursery"/>
<exclusive-end id="4023" timestamp="2019-08-08T20:26:16.411" durationms="1.879" />

<exclusive-start id="4024" timestamp="2019-08-08T20:26:16.500" intervalms="90.535">
  <response-info timems="0.020" idlems="0.020" threads="0" lastid="0000000000959F00" lastname="main" />
</exclusive-start>
<af-start id="4025" threadId="000000000095A888" totalBytesRequested="24" timestamp="2019-08-08T20:26:16.500" intervalms="90.532" type="nursery" />
<cycle-start id="4026" type="scavenge" contextid="0" timestamp="2019-08-08T20:26:16.500" intervalms="90.535" />
<gc-start id="4027" type="scavenge" contextid="4026" timestamp="2019-08-08T20:26:16.500">
  <mem-info id="4028" free="1048024" total="105250816" percent="0">
    <mem type="nursery" free="0" total="85852160" percent="0">
      <mem type="allocate" free="0" total="77266944" percent="0" />
      <mem type="survivor" free="0" total="8585216" percent="0" />
    </mem>
    <mem type="tenure" free="1048024" total="19398656" percent="5">
      <mem type="soa" free="854488" total="19205120" percent="4" />
      <mem type="loa" free="193536" total="193536" percent="100" />
    </mem>
    <remembered-set count="137" />
  </mem-info>
</gc-start>
<allocation-stats totalBytes="77246272" >
  <allocated-bytes non-tlh="24" tlh="77246248" />
  <largest-consumer threadName="main" threadId="0000000000959F00" bytes="77246272" />
</allocation-stats>
<gc-op id="4029" type="scavenge" timems="0.759" contextid="4026" timestamp="2019-08-08T20:26:16.501">
  <scavenger-info tenureage="3" tenuremask="ffe8" tiltratio="90" />
  <memory-copied type="nursery" objects="56" bytes="1464" bytesdiscarded="30792" />
  <memory-copied type="tenure" objects="28" bytes="712" bytesdiscarded="0" />
</gc-op>
<gc-end id="4030" type="scavenge" contextid="4026" durationms="1.240" usertimems="1.816" systemtimems="0.000" timestamp="2019-08-08T20:26:16.502" activeThreads="16">
  <mem-info id="4031" free="78282712" total="105250816" percent="74">
    <mem type="nursery" free="77234688" total="85852160" percent="89">
      <mem type="allocate" free="77234688" total="77266944" percent="99" />
      <mem type="survivor" free="0" total="8585216" percent="0" />
    </mem>
    <mem type="tenure" free="1048024" total="19398656" percent="5" macro-fragmented="602881">
      <mem type="soa" free="854488" total="19205120" percent="4" />
      <mem type="loa" free="193536" total="193536" percent="100" />
    </mem>
    <remembered-set count="126" />
  </mem-info>
</gc-end>
<cycle-end id="4032" type="scavenge" contextid="4026" timestamp="2019-08-08T20:26:16.502" />
  <attribute name="elasticGC enabled" value="1" />
  <attribute name= "numThreadsSpecified" value="16" />
  <attribute name="heapSize specified" value="42401792" />
  <attribute name="Current GC Util" value="2" />
  <attribute name= "Current Time Running" value="143919" />
  <attribute name ="GC Interval" value="2137" />
  <attribute name="Target GC Util Change" value ="80.000000" />
  <attribute name="Current GC Util Change" value="2.000000"/>
  <attribute name="Current Error" value="234.000000" />
  <attribute name="Output H" value="105288792"/>
  <attribute name="Output I" value="2136"/>
  <attribute name="Output T" value="16"/>
  <attribute name= "Current Time Running" value="143919" />
  <attribute name="GC Util currently" value="2" />
  <attribute name="CPU Util currently" value="12730962829" />
<allocation-satisfied id="4033" threadId="0000000000959F00" bytesRequested="24" />
<af-end id="4034" timestamp="2019-08-08T20:26:16.502" threadId="000000000095A888" success="true" from="nursery"/>
<exclusive-end id="4035" timestamp="2019-08-08T20:26:16.502" durationms="1.500" />

<exclusive-start id="4036" timestamp="2019-08-08T20:26:16.637" intervalms="136.424">
  <response-info timems="0.019" idlems="0.019" threads="0" lastid="0000000000959F00" lastname="main" />
</exclusive-start>
<af-start id="4037" threadId="000000000095A888" totalBytesRequested="32" timestamp="2019-08-08T20:26:16.637" intervalms="136.415" type="nursery" />
<cycle-start id="4038" type="scavenge" contextid="0" timestamp="2019-08-08T20:26:16.637" intervalms="136.412" />
<gc-start id="4039" type="scavenge" contextid="4038" timestamp="2019-08-08T20:26:16.637">
  <mem-info id="4040" free="1048024" total="105250816" percent="0">
    <mem type="nursery" free="0" total="85852160" percent="0">
      <mem type="allocate" free="0" total="77266944" percent="0" />
      <mem type="survivor" free="0" total="8585216" percent="0" />
    </mem>
    <mem type="tenure" free="1048024" total="19398656" percent="5">
      <mem type="soa" free="854488" total="19205120" percent="4" />
      <mem type="loa" free="193536" total="193536" percent="100" />
    </mem>
    <remembered-set count="136" />
  </mem-info>
</gc-start>
<allocation-stats totalBytes="77228976" >
  <allocated-bytes non-tlh="24" tlh="77228952" />
  <largest-consumer threadName="main" threadId="0000000000959F00" bytes="77228976" />
</allocation-stats>
<gc-op id="4041" type="scavenge" timems="0.538" contextid="4038" timestamp="2019-08-08T20:26:16.637">
  <scavenger-info tenureage="3" tenuremask="ffe8" tiltratio="90" />
  <memory-copied type="nursery" objects="86" bytes="2160" bytesdiscarded="30096" />
  <memory-copied type="tenure" objects="13" bytes="320" bytesdiscarded="0" />
</gc-op>
<gc-end id="4042" type="scavenge" contextid="4038" durationms="1.003" usertimems="1.361" systemtimems="0.000" timestamp="2019-08-08T20:26:16.638" activeThreads="16">
  <mem-info id="4043" free="78282712" total="105250816" percent="74">
    <mem type="nursery" free="77234688" total="85852160" percent="89">
      <mem type="allocate" free="77234688" total="77266944" percent="99" />
      <mem type="survivor" free="0" total="8585216" percent="0" />
    </mem>
    <mem type="tenure" free="1048024" total="19398656" percent="5" macro-fragmented="0">
      <mem type="soa" free="854488" total="19205120" percent="4" />
      <mem type="loa" free="193536" total="193536" percent="100" />
    </mem>
    <remembered-set count="131" />
  </mem-info>
</gc-end>
<cycle-end id="4044" type="scavenge" contextid="4038" timestamp="2019-08-08T20:26:16.638" />
  <attribute name="elasticGC enabled" value="1" />
  <attribute name= "numThreadsSpecified" value="16" />
  <attribute name="heapSize specified" value="42401792" />
  <attribute name="Current GC Util" value="1" />
  <attribute name= "Current Time Running" value="144056" />
  <attribute name ="GC Interval" value="2185" />
  <attribute name="Target GC Util Change" value ="80.000000" />
  <attribute name="Current GC Util Change" value="1.000000"/>
  <attribute name="Current Error" value="313.000000" />
  <attribute name="Output H" value="105288840"/>
  <attribute name="Output I" value="2184"/>
  <attribute name="Output T" value="16"/>
  <attribute name= "Current Time Running" value="144056" />
  <attribute name="GC Util currently" value="1" />
  <attribute name="CPU Util currently" value="8452465449" />
<allocation-satisfied id="4045" threadId="0000000000959F00" bytesRequested="32" />
<af-end id="4046" timestamp="2019-08-08T20:26:16.638" threadId="000000000095A888" success="true" from="nursery"/>
<exclusive-end id="4047" timestamp="2019-08-08T20:26:16.638" durationms="1.218" />

<exclusive-start id="4048" timestamp="2019-08-08T20:26:16.701" intervalms="64.433">
  <response-info timems="0.019" idlems="0.019" threads="0" lastid="0000000000959F00" lastname="main" />
</exclusive-start>
<af-start id="4049" threadId="000000000095A888" totalBytesRequested="32" timestamp="2019-08-08T20:26:16.701" intervalms="64.440" type="nursery" />
<cycle-start id="4050" type="scavenge" contextid="0" timestamp="2019-08-08T20:26:16.701" intervalms="64.440" />
<gc-start id="4051" type="scavenge" contextid="4050" timestamp="2019-08-08T20:26:16.701">
  <mem-info id="4052" free="1048024" total="105250816" percent="0">
    <mem type="nursery" free="0" total="85852160" percent="0">
      <mem type="allocate" free="0" total="77266944" percent="0" />
      <mem type="survivor" free="0" total="8585216" percent="0" />
    </mem>
    <mem type="tenure" free="1048024" total="19398656" percent="5">
      <mem type="soa" free="854488" total="19205120" percent="4" />
      <mem type="loa" free="193536" total="193536" percent="100" />
    </mem>
    <remembered-set count="133" />
  </mem-info>
</gc-start>
<allocation-stats totalBytes="77229376" >
  <allocated-bytes non-tlh="32" tlh="77229344" />
  <largest-consumer threadName="main" threadId="0000000000959F00" bytes="77229376" />
</allocation-stats>
<gc-op id="4053" type="scavenge" timems="0.547" contextid="4050" timestamp="2019-08-08T20:26:16.702">
  <scavenger-info tenureage="3" tenuremask="ffe8" tiltratio="90" />
  <memory-copied type="nursery" objects="76" bytes="1960" bytesdiscarded="30296" />
  <memory-copied type="tenure" objects="12" bytes="272" bytesdiscarded="0" />
</gc-op>
<gc-end id="4054" type="scavenge" contextid="4050" durationms="1.079" usertimems="1.442" systemtimems="0.000" timestamp="2019-08-08T20:26:16.702" activeThreads="16">
  <mem-info id="4055" free="78282712" total="105250816" percent="74">
    <mem type="nursery" free="77234688" total="85852160" percent="89">
      <mem type="allocate" free="77234688" total="77266944" percent="99" />
      <mem type="survivor" free="0" total="8585216" percent="0" />
    </mem>
    <mem type="tenure" free="1048024" total="19398656" percent="5" macro-fragmented="0">
      <mem type="soa" free="854488" total="19205120" percent="4" />
      <mem type="loa" free="193536" total="193536" percent="100" />
    </mem>
    <remembered-set count="129" />
  </mem-info>
</gc-end>
<cycle-end id="4056" type="scavenge" contextid="4050" timestamp="2019-08-08T20:26:16.702" />
  <attribute name="elasticGC enabled" value="1" />
  <attribute name= "numThreadsSpecified" value="16" />
  <attribute name="heapSize specified" value="42401792" />
  <attribute name="Current GC Util" value="1" />
  <attribute name= "Current Time Running" value="144120" />
  <attribute name ="GC Interval" value="2233" />
  <attribute name="Target GC Util Change" value ="80.000000" />
  <attribute name="Current GC Util Change" value="1.000000"/>
  <attribute name="Current Error" value="392.000000" />
  <attribute name="Output H" value="105288888"/>
  <attribute name="Output I" value="2232"/>
  <attribute name="Output T" value="16"/>
  <attribute name= "Current Time Running" value="144120" />
  <attribute name="GC Util currently" value="1" />
  <attribute name="CPU Util currently" value="17895036364" />
<allocation-satisfied id="4057" threadId="0000000000959F00" bytesRequested="32" />
<af-end id="4058" timestamp="2019-08-08T20:26:16.702" threadId="000000000095A888" success="true" from="nursery"/>
<exclusive-end id="4059" timestamp="2019-08-08T20:26:16.702" durationms="1.343" />

<exclusive-start id="4060" timestamp="2019-08-08T20:26:16.822" intervalms="121.097">
  <response-info timems="0.022" idlems="0.022" threads="0" lastid="0000000000959F00" lastname="main" />
</exclusive-start>
<af-start id="4061" threadId="000000000095A888" totalBytesRequested="520" timestamp="2019-08-08T20:26:16.822" intervalms="121.098" type="nursery" />
<cycle-start id="4062" type="scavenge" contextid="0" timestamp="2019-08-08T20:26:16.822" intervalms="121.101" />
<gc-start id="4063" type="scavenge" contextid="4062" timestamp="2019-08-08T20:26:16.822">
  <mem-info id="4064" free="1048024" total="105250816" percent="0">
    <mem type="nursery" free="0" total="85852160" percent="0">
      <mem type="allocate" free="0" total="77266944" percent="0" />
      <mem type="survivor" free="0" total="8585216" percent="0" />
    </mem>
    <mem type="tenure" free="1048024" total="19398656" percent="5">
      <mem type="soa" free="854488" total="19205120" percent="4" />
      <mem type="loa" free="193536" total="193536" percent="100" />
    </mem>
    <remembered-set count="135" />
  </mem-info>
</gc-start>
<allocation-stats totalBytes="77201680" >
  <allocated-bytes non-tlh="32" tlh="77201648" />
  <largest-consumer threadName="main" threadId="0000000000959F00" bytes="77201680" />
</allocation-stats>
<gc-op id="4065" type="scavenge" timems="0.924" contextid="4062" timestamp="2019-08-08T20:26:16.823">
  <scavenger-info tenureage="3" tenuremask="ffe8" tiltratio="90" />
  <memory-copied type="nursery" objects="84" bytes="3360" bytesdiscarded="28896" />
  <memory-copied type="tenure" objects="18" bytes="408" bytesdiscarded="0" />
</gc-op>
<gc-end id="4066" type="scavenge" contextid="4062" durationms="1.304" usertimems="1.863" systemtimems="0.000" timestamp="2019-08-08T20:26:16.824" activeThreads="16">
  <mem-info id="4067" free="78282712" total="105250816" percent="74">
    <mem type="nursery" free="77234688" total="85852160" percent="89">
      <mem type="allocate" free="77234688" total="77266944" percent="99" />
      <mem type="survivor" free="0" total="8585216" percent="0" />
    </mem>
    <mem type="tenure" free="1048024" total="19398656" percent="5" macro-fragmented="0">
      <mem type="soa" free="854488" total="19205120" percent="4" />
      <mem type="loa" free="193536" total="193536" percent="100" />
    </mem>
    <remembered-set count="129" />
  </mem-info>
</gc-end>
<cycle-end id="4068" type="scavenge" contextid="4062" timestamp="2019-08-08T20:26:16.824" />
  <attribute name="elasticGC enabled" value="1" />
  <attribute name= "numThreadsSpecified" value="16" />
  <attribute name="heapSize specified" value="42401792" />
  <attribute name="Current GC Util" value="1" />
  <attribute name= "Current Time Running" value="144241" />
  <attribute name ="GC Interval" value="2273" />
  <attribute name="Target GC Util Change" value ="80.000000" />
  <attribute name="Current GC Util Change" value="1.000000"/>
  <attribute name="Current Error" value="471.000000" />
  <attribute name="Output H" value="105288928"/>
  <attribute name="Output I" value="2272"/>
  <attribute name="Output T" value="16"/>
  <attribute name= "Current Time Running" value="144241" />
  <attribute name="GC Util currently" value="1" />
  <attribute name="CPU Util currently" value="9519273574" />
<allocation-satisfied id="4069" threadId="0000000000959F00" bytesRequested="520" />
<af-end id="4070" timestamp="2019-08-08T20:26:16.824" threadId="000000000095A888" success="true" from="nursery"/>
<exclusive-end id="4071" timestamp="2019-08-08T20:26:16.824" durationms="1.546" />

<exclusive-start id="4072" timestamp="2019-08-08T20:26:16.885" intervalms="63.357">
  <response-info timems="0.014" idlems="0.014" threads="0" lastid="0000000000959F00" lastname="main" />
</exclusive-start>
<af-start id="4073" threadId="000000000095A888" totalBytesRequested="488" timestamp="2019-08-08T20:26:16.886" intervalms="63.353" type="nursery" />
<cycle-start id="4074" type="scavenge" contextid="0" timestamp="2019-08-08T20:26:16.886" intervalms="63.348" />
<gc-start id="4075" type="scavenge" contextid="4074" timestamp="2019-08-08T20:26:16.886">
  <mem-info id="4076" free="1048024" total="105250816" percent="0">
    <mem type="nursery" free="0" total="85852160" percent="0">
      <mem type="allocate" free="0" total="77266944" percent="0" />
      <mem type="survivor" free="0" total="8585216" percent="0" />
    </mem>
    <mem type="tenure" free="1048024" total="19398656" percent="5">
      <mem type="soa" free="854488" total="19205120" percent="4" />
      <mem type="loa" free="193536" total="193536" percent="100" />
    </mem>
    <remembered-set count="133" />
  </mem-info>
</gc-start>
<allocation-stats totalBytes="77176920" >
  <allocated-bytes non-tlh="520" tlh="77176400" />
  <largest-consumer threadName="main" threadId="0000000000959F00" bytes="77176920" />
</allocation-stats>
<gc-op id="4077" type="scavenge" timems="0.731" contextid="4074" timestamp="2019-08-08T20:26:16.886">
  <scavenger-info tenureage="3" tenuremask="ffe8" tiltratio="90" />
  <memory-copied type="nursery" objects="54" bytes="1952" bytesdiscarded="30304" />
  <memory-copied type="tenure" objects="30" bytes="680" bytesdiscarded="0" />
</gc-op>
<gc-end id="4078" type="scavenge" contextid="4074" durationms="1.286" usertimems="1.781" systemtimems="0.000" timestamp="2019-08-08T20:26:16.887" activeThreads="16">
  <mem-info id="4079" free="78282712" total="105250816" percent="74">
    <mem type="nursery" free="77234688" total="85852160" percent="89">
      <mem type="allocate" free="77234688" total="77266944" percent="99" />
      <mem type="survivor" free="0" total="8585216" percent="0" />
    </mem>
    <mem type="tenure" free="1048024" total="19398656" percent="5" macro-fragmented="0">
      <mem type="soa" free="854488" total="19205120" percent="4" />
      <mem type="loa" free="193536" total="193536" percent="100" />
    </mem>
    <remembered-set count="123" />
  </mem-info>
</gc-end>
<cycle-end id="4080" type="scavenge" contextid="4074" timestamp="2019-08-08T20:26:16.887" />
  <attribute name="elasticGC enabled" value="1" />
  <attribute name= "numThreadsSpecified" value="16" />
  <attribute name="heapSize specified" value="42401792" />
  <attribute name="Current GC Util" value="2" />
  <attribute name= "Current Time Running" value="144305" />
  <attribute name ="GC Interval" value="2049" />
  <attribute name="Target GC Util Change" value ="80.000000" />
  <attribute name="Current GC Util Change" value="2.000000"/>
  <attribute name="Current Error" value="78.000000" />
  <attribute name="Output H" value="105288704"/>
  <attribute name="Output I" value="2048"/>
  <attribute name="Output T" value="16"/>
  <attribute name= "Current Time Running" value="144305" />
  <attribute name="GC Util currently" value="2" />
  <attribute name="CPU Util currently" value="18197700241" />
<allocation-satisfied id="4081" threadId="0000000000959F00" bytesRequested="488" />
<af-end id="4082" timestamp="2019-08-08T20:26:16.887" threadId="000000000095A888" success="true" from="nursery"/>
<exclusive-end id="4083" timestamp="2019-08-08T20:26:16.887" durationms="1.560" />

<exclusive-start id="4084" timestamp="2019-08-08T20:26:16.900" intervalms="15.030">
  <response-info timems="0.024" idlems="0.024" threads="0" lastid="0000000000959F00" lastname="main" />
</exclusive-start>
<af-start id="4085" threadId="000000000095A888" totalBytesRequested="584" timestamp="2019-08-08T20:26:16.901" intervalms="15.040" type="nursery" />
<cycle-start id="4086" type="scavenge" contextid="0" timestamp="2019-08-08T20:26:16.901" intervalms="15.049" />
<gc-start id="4087" type="scavenge" contextid="4086" timestamp="2019-08-08T20:26:16.901">
  <mem-info id="4088" free="1048024" total="105250816" percent="0">
    <mem type="nursery" free="0" total="85852160" percent="0">
      <mem type="allocate" free="0" total="77266944" percent="0" />
      <mem type="survivor" free="0" total="8585216" percent="0" />
    </mem>
    <mem type="tenure" free="1048024" total="19398656" percent="5">
      <mem type="soa" free="854488" total="19205120" percent="4" />
      <mem type="loa" free="193536" total="193536" percent="100" />
    </mem>
    <remembered-set count="123" />
  </mem-info>
</gc-start>
<allocation-stats totalBytes="77097264" >
  <allocated-bytes non-tlh="488" tlh="77096776" />
  <largest-consumer threadName="main" threadId="0000000000959F00" bytes="77097264" />
</allocation-stats>
<gc-op id="4089" type="scavenge" timems="1.269" contextid="4086" timestamp="2019-08-08T20:26:16.902">
  <scavenger-info tenureage="3" tenuremask="ffe8" tiltratio="90" />
  <memory-copied type="nursery" objects="48" bytes="1816" bytesdiscarded="30440" />
  <memory-copied type="tenure" objects="6" bytes="136" bytesdiscarded="0" />
</gc-op>
<gc-end id="4090" type="scavenge" contextid="4086" durationms="1.822" usertimems="2.760" systemtimems="0.000" timestamp="2019-08-08T20:26:16.902" activeThreads="16">
  <mem-info id="4091" free="78282712" total="105250816" percent="74">
    <mem type="nursery" free="77234688" total="85852160" percent="89">
      <mem type="allocate" free="77234688" total="77266944" percent="99" />
      <mem type="survivor" free="0" total="8585216" percent="0" />
    </mem>
    <mem type="tenure" free="1048024" total="19398656" percent="5" macro-fragmented="0">
      <mem type="soa" free="854488" total="19205120" percent="4" />
      <mem type="loa" free="193536" total="193536" percent="100" />
    </mem>
    <remembered-set count="121" />
  </mem-info>
</gc-end>
<cycle-end id="4092" type="scavenge" contextid="4086" timestamp="2019-08-08T20:26:16.903" />
  <attribute name="elasticGC enabled" value="1" />
  <attribute name= "numThreadsSpecified" value="16" />
  <attribute name="heapSize specified" value="42401792" />
  <attribute name="Current GC Util" value="11" />
  <attribute name= "Current Time Running" value="144320" />
  <attribute name ="GC Interval" value="2089" />
  <attribute name="Target GC Util Change" value ="80.000000" />
  <attribute name="Current GC Util Change" value="11.000000"/>
  <attribute name="Current Error" value="147.000000" />
  <attribute name="Output H" value="105288744"/>
  <attribute name="Output I" value="2088"/>
  <attribute name="Output T" value="16"/>
  <attribute name= "Current Time Running" value="144320" />
  <attribute name="GC Util currently" value="11" />
  <attribute name="CPU Util currently" value="76357355510" />
<allocation-satisfied id="4093" threadId="0000000000959F00" bytesRequested="584" />
<af-end id="4094" timestamp="2019-08-08T20:26:16.903" threadId="000000000095A888" success="true" from="nursery"/>
<exclusive-end id="4095" timestamp="2019-08-08T20:26:16.903" durationms="2.098" />

<exclusive-start id="4096" timestamp="2019-08-08T20:26:16.915" intervalms="14.588">
  <response-info timems="0.026" idlems="0.026" threads="0" lastid="0000000000959F00" lastname="main" />
</exclusive-start>
<af-start id="4097" threadId="000000000095A888" totalBytesRequested="488" timestamp="2019-08-08T20:26:16.915" intervalms="14.580" type="nursery" />
<cycle-start id="4098" type="scavenge" contextid="0" timestamp="2019-08-08T20:26:16.915" intervalms="14.575" />
<gc-start id="4099" type="scavenge" contextid="4098" timestamp="2019-08-08T20:26:16.915">
  <mem-info id="4100" free="1048024" total="105250816" percent="0">
    <mem type="nursery" free="0" total="85852160" percent="0">
      <mem type="allocate" free="0" total="77266944" percent="0" />
      <mem type="survivor" free="0" total="8585216" percent="0" />
    </mem>
    <mem type="tenure" free="1048024" total="19398656" percent="5">
      <mem type="soa" free="854488" total="19205120" percent="4" />
      <mem type="loa" free="193536" total="193536" percent="100" />
    </mem>
    <remembered-set count="121" />
  </mem-info>
</gc-start>
<allocation-stats totalBytes="77097480" >
  <allocated-bytes non-tlh="584" tlh="77096896" />
  <largest-consumer threadName="main" threadId="0000000000959F00" bytes="77097480" />
</allocation-stats>
<gc-op id="4101" type="scavenge" timems="1.620" contextid="4098" timestamp="2019-08-08T20:26:16.917">
  <scavenger-info tenureage="3" tenuremask="ffe8" tiltratio="90" />
  <memory-copied type="nursery" objects="30" bytes="1408" bytesdiscarded="30848" />
  <memory-copied type="tenure" objects="18" bytes="408" bytesdiscarded="0" />
</gc-op>
<heap-resize id="4102" type="expand" space="nursery" amount="3932160" count="1" timems="0.019" reason="excessive time being spent scavenging" timestamp="2019-08-08T20:26:16.917" />
<gc-end id="4103" type="scavenge" contextid="4098" durationms="2.117" usertimems="3.814" systemtimems="0.000" timestamp="2019-08-08T20:26:16.917" activeThreads="16">
  <mem-info id="4104" free="81821656" total="109182976" percent="74">
    <mem type="nursery" free="80773632" total="89784320" percent="89">
      <mem type="allocate" free="80773632" total="80805888" percent="99" />
      <mem type="survivor" free="0" total="8978432" percent="0" />
    </mem>
    <mem type="tenure" free="1048024" total="19398656" percent="5" macro-fragmented="0">
      <mem type="soa" free="854488" total="19205120" percent="4" />
      <mem type="loa" free="193536" total="193536" percent="100" />
    </mem>
    <remembered-set count="115" />
  </mem-info>
</gc-end>
<cycle-end id="4105" type="scavenge" contextid="4098" timestamp="2019-08-08T20:26:16.917" />
  <attribute name="elasticGC enabled" value="1" />
  <attribute name= "numThreadsSpecified" value="16" />
  <attribute name="heapSize specified" value="42401792" />
  <attribute name="Current GC Util" value="17" />
  <attribute name= "Current Time Running" value="144335" />
  <attribute name ="GC Interval" value="2129" />
  <attribute name="Target GC Util Change" value ="80.000000" />
  <attribute name="Current GC Util Change" value="17.000000"/>
  <attribute name="Current Error" value="210.000000" />
  <attribute name="Output H" value="105288784"/>
  <attribute name="Output I" value="2128"/>
  <attribute name="Output T" value="16"/>
  <attribute name= "Current Time Running" value="144335" />
  <attribute name="GC Util currently" value="17" />
  <attribute name="CPU Util currently" value="78148738850" />
<allocation-satisfied id="4106" threadId="0000000000959F00" bytesRequested="488" />
<af-end id="4107" timestamp="2019-08-08T20:26:16.917" threadId="000000000095A888" success="true" from="nursery"/>
<exclusive-end id="4108" timestamp="2019-08-08T20:26:16.917" durationms="2.353" />

<exclusive-start id="4109" timestamp="2019-08-08T20:26:17.004" intervalms="89.169">
  <response-info timems="0.023" idlems="0.023" threads="0" lastid="0000000000959F00" lastname="main" />
</exclusive-start>
<af-start id="4110" threadId="000000000095A888" totalBytesRequested="408" timestamp="2019-08-08T20:26:17.004" intervalms="89.161" type="nursery" />
<cycle-start id="4111" type="scavenge" contextid="0" timestamp="2019-08-08T20:26:17.004" intervalms="89.157" />
<gc-start id="4112" type="scavenge" contextid="4111" timestamp="2019-08-08T20:26:17.004">
  <mem-info id="4113" free="1048024" total="109182976" percent="0">
    <mem type="nursery" free="0" total="89784320" percent="0">
      <mem type="allocate" free="0" total="80805888" percent="0" />
      <mem type="survivor" free="0" total="8978432" percent="0" />
    </mem>
    <mem type="tenure" free="1048024" total="19398656" percent="5">
      <mem type="soa" free="854488" total="19205120" percent="4" />
      <mem type="loa" free="193536" total="193536" percent="100" />
    </mem>
    <remembered-set count="121" />
  </mem-info>
</gc-start>
<allocation-stats totalBytes="80689872" >
  <allocated-bytes non-tlh="488" tlh="80689384" />
  <largest-consumer threadName="main" threadId="0000000000959F00" bytes="80689872" />
</allocation-stats>
<gc-op id="4114" type="scavenge" timems="0.936" contextid="4111" timestamp="2019-08-08T20:26:17.005">
  <scavenger-info tenureage="3" tenuremask="ffe8" tiltratio="90" />
  <memory-copied type="nursery" objects="41" bytes="1984" bytesdiscarded="30272" />
  <memory-copied type="tenure" objects="12" bytes="272" bytesdiscarded="0" />
</gc-op>
<gc-end id="4115" type="scavenge" contextid="4111" durationms="1.259" usertimems="1.885" systemtimems="0.000" timestamp="2019-08-08T20:26:17.006" activeThreads="16">
  <mem-info id="4116" free="81821656" total="109182976" percent="74">
    <mem type="nursery" free="80773632" total="89784320" percent="89">
      <mem type="allocate" free="80773632" total="80805888" percent="99" />
      <mem type="survivor" free="0" total="8978432" percent="0" />
    </mem>
    <mem type="tenure" free="1048024" total="19398656" percent="5" macro-fragmented="290741">
      <mem type="soa" free="854488" total="19205120" percent="4" />
      <mem type="loa" free="193536" total="193536" percent="100" />
    </mem>
    <remembered-set count="117" />
  </mem-info>
</gc-end>
<cycle-end id="4117" type="scavenge" contextid="4111" timestamp="2019-08-08T20:26:17.006" />
  <attribute name="elasticGC enabled" value="1" />
  <attribute name= "numThreadsSpecified" value="16" />
  <attribute name="heapSize specified" value="42401792" />
  <attribute name="Current GC Util" value="4" />
  <attribute name= "Current Time Running" value="144424" />
  <attribute name ="GC Interval" value="2169" />
  <attribute name="Target GC Util Change" value ="80.000000" />
  <attribute name="Current GC Util Change" value="4.000000"/>
  <attribute name="Current Error" value="286.000000" />
  <attribute name="Output H" value="109220984"/>
  <attribute name="Output I" value="2168"/>
  <attribute name="Output T" value="16"/>
  <attribute name= "Current Time Running" value="144424" />
  <attribute name="GC Util currently" value="4" />
  <attribute name="CPU Util currently" value="12961685749" />
<allocation-satisfied id="4118" threadId="0000000000959F00" bytesRequested="408" />
<af-end id="4119" timestamp="2019-08-08T20:26:17.006" threadId="000000000095A888" success="true" from="nursery"/>
<exclusive-end id="4120" timestamp="2019-08-08T20:26:17.006" durationms="1.501" />

<exclusive-start id="4121" timestamp="2019-08-08T20:26:17.046" intervalms="41.627">
  <response-info timems="0.019" idlems="0.019" threads="0" lastid="0000000000959F00" lastname="main" />
</exclusive-start>
<af-start id="4122" threadId="000000000095A888" totalBytesRequested="1008" timestamp="2019-08-08T20:26:17.046" intervalms="41.624" type="nursery" />
<cycle-start id="4123" type="scavenge" contextid="0" timestamp="2019-08-08T20:26:17.046" intervalms="41.629" />
<gc-start id="4124" type="scavenge" contextid="4123" timestamp="2019-08-08T20:26:17.046">
  <mem-info id="4125" free="1048024" total="109182976" percent="0">
    <mem type="nursery" free="0" total="89784320" percent="0">
      <mem type="allocate" free="0" total="80805888" percent="0" />
      <mem type="survivor" free="0" total="8978432" percent="0" />
    </mem>
    <mem type="tenure" free="1048024" total="19398656" percent="5">
      <mem type="soa" free="854488" total="19205120" percent="4" />
      <mem type="loa" free="193536" total="193536" percent="100" />
    </mem>
    <remembered-set count="119" />
  </mem-info>
</gc-start>
<allocation-stats totalBytes="80703000" >
  <allocated-bytes non-tlh="408" tlh="80702592" />
  <largest-consumer threadName="main" threadId="0000000000959F00" bytes="80703000" />
</allocation-stats>
<gc-op id="4126" type="scavenge" timems="1.512" contextid="4123" timestamp="2019-08-08T20:26:17.048">
  <scavenger-info tenureage="3" tenuremask="ffe8" tiltratio="90" />
  <memory-copied type="nursery" objects="53" bytes="4592" bytesdiscarded="27664" />
</gc-op>
<gc-end id="4127" type="scavenge" contextid="4123" durationms="1.690" usertimems="3.090" systemtimems="0.000" timestamp="2019-08-08T20:26:17.048" activeThreads="16">
  <mem-info id="4128" free="81821656" total="109182976" percent="74">
    <mem type="nursery" free="80773632" total="89784320" percent="89">
      <mem type="allocate" free="80773632" total="80805888" percent="99" />
      <mem type="survivor" free="0" total="8978432" percent="0" />
    </mem>
    <mem type="tenure" free="1048024" total="19398656" percent="5" macro-fragmented="418667">
      <mem type="soa" free="854488" total="19205120" percent="4" />
      <mem type="loa" free="193536" total="193536" percent="100" />
    </mem>
    <remembered-set count="118" />
  </mem-info>
</gc-end>
<cycle-end id="4129" type="scavenge" contextid="4123" timestamp="2019-08-08T20:26:17.048" />
  <attribute name="elasticGC enabled" value="1" />
  <attribute name= "numThreadsSpecified" value="16" />
  <attribute name="heapSize specified" value="42401792" />
  <attribute name="Current GC Util" value="4" />
  <attribute name= "Current Time Running" value="144465" />
  <attribute name ="GC Interval" value="2217" />
  <attribute name="Target GC Util Change" value ="80.000000" />
  <attribute name="Current GC Util Change" value="4.000000"/>
  <attribute name="Current Error" value="362.000000" />
  <attribute name="Output H" value="109221032"/>
  <attribute name="Output I" value="2216"/>
  <attribute name="Output T" value="16"/>
  <attribute name= "Current Time Running" value="144465" />
  <attribute name="GC Util currently" value="4" />
  <attribute name="CPU Util currently" value="27712900166" />
<allocation-satisfied id="4130" threadId="0000000000959F00" bytesRequested="1008" />
<af-end id="4131" timestamp="2019-08-08T20:26:17.048" threadId="000000000095A888" success="true" from="nursery"/>
<exclusive-end id="4132" timestamp="2019-08-08T20:26:17.048" durationms="2.025" />

<exclusive-start id="4133" timestamp="2019-08-08T20:26:17.173" intervalms="127.402">
  <response-info timems="0.016" idlems="0.016" threads="0" lastid="0000000000959F00" lastname="main" />
</exclusive-start>
<af-start id="4134" threadId="000000000095A888" totalBytesRequested="40" timestamp="2019-08-08T20:26:17.173" intervalms="127.403" type="nursery" />
<cycle-start id="4135" type="scavenge" contextid="0" timestamp="2019-08-08T20:26:17.173" intervalms="127.399" />
<gc-start id="4136" type="scavenge" contextid="4135" timestamp="2019-08-08T20:26:17.173">
  <mem-info id="4137" free="1048024" total="109182976" percent="0">
    <mem type="nursery" free="0" total="89784320" percent="0">
      <mem type="allocate" free="0" total="80805888" percent="0" />
      <mem type="survivor" free="0" total="8978432" percent="0" />
    </mem>
    <mem type="tenure" free="1048024" total="19398656" percent="5">
      <mem type="soa" free="854488" total="19205120" percent="4" />
      <mem type="loa" free="193536" total="193536" percent="100" />
    </mem>
    <remembered-set count="122" />
  </mem-info>
</gc-start>
<allocation-stats totalBytes="80690592" >
  <allocated-bytes non-tlh="1008" tlh="80689584" />
  <largest-consumer threadName="main" threadId="0000000000959F00" bytes="80690592" />
</allocation-stats>
<gc-op id="4138" type="scavenge" timems="1.669" contextid="4135" timestamp="2019-08-08T20:26:17.175">
  <scavenger-info tenureage="11" tenuremask="f800" tiltratio="90" />
  <memory-copied type="nursery" objects="58" bytes="1632" bytesdiscarded="14496" />
</gc-op>
<gc-end id="4139" type="scavenge" contextid="4135" durationms="1.856" usertimems="3.292" systemtimems="0.000" timestamp="2019-08-08T20:26:17.175" activeThreads="16">
  <mem-info id="4140" free="81837784" total="109182976" percent="74">
    <mem type="nursery" free="80789760" total="89784320" percent="89">
      <mem type="allocate" free="80789760" total="80805888" percent="99" />
      <mem type="survivor" free="0" total="8978432" percent="0" />
    </mem>
    <mem type="tenure" free="1048024" total="19398656" percent="5" macro-fragmented="0">
      <mem type="soa" free="854488" total="19205120" percent="4" />
      <mem type="loa" free="193536" total="193536" percent="100" />
    </mem>
    <remembered-set count="122" />
  </mem-info>
</gc-end>
<cycle-end id="4141" type="scavenge" contextid="4135" timestamp="2019-08-08T20:26:17.175" />
  <attribute name="elasticGC enabled" value="1" />
  <attribute name= "numThreadsSpecified" value="16" />
  <attribute name="heapSize specified" value="42401792" />
  <attribute name="Current GC Util" value="2" />
  <attribute name= "Current Time Running" value="144593" />
  <attribute name ="GC Interval" value="2257" />
  <attribute name="Target GC Util Change" value ="80.000000" />
  <attribute name="Current GC Util Change" value="2.000000"/>
  <attribute name="Current Error" value="440.000000" />
  <attribute name="Output H" value="109221072"/>
  <attribute name="Output I" value="2256"/>
  <attribute name="Output T" value="16"/>
  <attribute name= "Current Time Running" value="144593" />
  <attribute name="GC Util currently" value="2" />
  <attribute name="CPU Util currently" value="9051665705" />
<allocation-satisfied id="4142" threadId="0000000000959F00" bytesRequested="40" />
<af-end id="4143" timestamp="2019-08-08T20:26:17.175" threadId="000000000095A888" success="true" from="nursery"/>
<exclusive-end id="4144" timestamp="2019-08-08T20:26:17.175" durationms="2.048" />

<exclusive-start id="4145" timestamp="2019-08-08T20:26:17.309" intervalms="136.017">
  <response-info timems="0.018" idlems="0.018" threads="0" lastid="0000000000959F00" lastname="main" />
</exclusive-start>
<af-start id="4146" threadId="000000000095A888" totalBytesRequested="32" timestamp="2019-08-08T20:26:17.309" intervalms="136.018" type="nursery" />
<cycle-start id="4147" type="scavenge" contextid="0" timestamp="2019-08-08T20:26:17.309" intervalms="136.017" />
<gc-start id="4148" type="scavenge" contextid="4147" timestamp="2019-08-08T20:26:17.309">
  <mem-info id="4149" free="1048024" total="109182976" percent="0">
    <mem type="nursery" free="0" total="89784320" percent="0">
      <mem type="allocate" free="0" total="80805888" percent="0" />
      <mem type="survivor" free="0" total="8978432" percent="0" />
    </mem>
    <mem type="tenure" free="1048024" total="19398656" percent="5">
      <mem type="soa" free="854488" total="19205120" percent="4" />
      <mem type="loa" free="193536" total="193536" percent="100" />
    </mem>
    <remembered-set count="122" />
  </mem-info>
</gc-start>
<allocation-stats totalBytes="80774352" >
  <allocated-bytes non-tlh="40" tlh="80774312" />
  <largest-consumer threadName="main" threadId="0000000000959F00" bytes="80774352" />
</allocation-stats>
<gc-op id="4150" type="scavenge" timems="2.292" contextid="4147" timestamp="2019-08-08T20:26:17.312">
  <scavenger-info tenureage="3" tenuremask="fff8" tiltratio="90" />
  <memory-copied type="nursery" objects="38" bytes="1200" bytesdiscarded="31056" />
  <memory-copied type="tenure" objects="18" bytes="408" bytesdiscarded="0" />
</gc-op>
<gc-end id="4151" type="scavenge" contextid="4147" durationms="2.640" usertimems="4.769" systemtimems="0.000" timestamp="2019-08-08T20:26:17.312" activeThreads="16">
  <mem-info id="4152" free="81821656" total="109182976" percent="74">
    <mem type="nursery" free="80773632" total="89784320" percent="89">
      <mem type="allocate" free="80773632" total="80805888" percent="99" />
      <mem type="survivor" free="0" total="8978432" percent="0" />
    </mem>
    <mem type="tenure" free="1048024" total="19398656" percent="5" macro-fragmented="0">
      <mem type="soa" free="854488" total="19205120" percent="4" />
      <mem type="loa" free="193536" total="193536" percent="100" />
    </mem>
    <remembered-set count="116" />
  </mem-info>
</gc-end>
<cycle-end id="4153" type="scavenge" contextid="4147" timestamp="2019-08-08T20:26:17.312" />
  <attribute name="elasticGC enabled" value="1" />
  <attribute name= "numThreadsSpecified" value="16" />
  <attribute name="heapSize specified" value="42401792" />
  <attribute name="Current GC Util" value="2" />
  <attribute name= "Current Time Running" value="144729" />
  <attribute name ="GC Interval" value="2049" />
  <attribute name="Target GC Util Change" value ="80.000000" />
  <attribute name="Current GC Util Change" value="2.000000"/>
  <attribute name="Current Error" value="78.000000" />
  <attribute name="Output H" value="109220864"/>
  <attribute name="Output I" value="2048"/>
  <attribute name="Output T" value="16"/>
  <attribute name= "Current Time Running" value="144729" />
  <attribute name="GC Util currently" value="2" />
  <attribute name="CPU Util currently" value="8475415952" />
<allocation-satisfied id="4154" threadId="0000000000959F00" bytesRequested="32" />
<af-end id="4155" timestamp="2019-08-08T20:26:17.312" threadId="000000000095A888" success="true" from="nursery"/>
<exclusive-end id="4156" timestamp="2019-08-08T20:26:17.312" durationms="2.840" />

<exclusive-start id="4157" timestamp="2019-08-08T20:26:17.468" intervalms="158.439">
  <response-info timems="0.016" idlems="0.016" threads="0" lastid="0000000000959F00" lastname="main" />
</exclusive-start>
<af-start id="4158" threadId="000000000095A888" totalBytesRequested="80" timestamp="2019-08-08T20:26:17.468" intervalms="158.492" type="nursery" />
<cycle-start id="4159" type="scavenge" contextid="0" timestamp="2019-08-08T20:26:17.468" intervalms="158.495" />
<gc-start id="4160" type="scavenge" contextid="4159" timestamp="2019-08-08T20:26:17.468">
  <mem-info id="4161" free="1048024" total="109182976" percent="0">
    <mem type="nursery" free="0" total="89784320" percent="0">
      <mem type="allocate" free="0" total="80805888" percent="0" />
      <mem type="survivor" free="0" total="8978432" percent="0" />
    </mem>
    <mem type="tenure" free="1048024" total="19398656" percent="5">
      <mem type="soa" free="854488" total="19205120" percent="4" />
      <mem type="loa" free="193536" total="193536" percent="100" />
    </mem>
    <remembered-set count="116" />
  </mem-info>
</gc-start>
<allocation-stats totalBytes="80758976" >
  <allocated-bytes non-tlh="32" tlh="80758944" />
  <largest-consumer threadName="main" threadId="0000000000959F00" bytes="80758976" />
</allocation-stats>
<gc-op id="4162" type="scavenge" timems="0.511" contextid="4159" timestamp="2019-08-08T20:26:17.468">
  <scavenger-info tenureage="3" tenuremask="ffe8" tiltratio="90" />
  <memory-copied type="nursery" objects="29" bytes="920" bytesdiscarded="15208" />
  <memory-copied type="tenure" objects="6" bytes="136" bytesdiscarded="0" />
</gc-op>
<gc-end id="4163" type="scavenge" contextid="4159" durationms="0.707" usertimems="1.143" systemtimems="0.000" timestamp="2019-08-08T20:26:17.469" activeThreads="16">
  <mem-info id="4164" free="81837784" total="109182976" percent="74">
    <mem type="nursery" free="80789760" total="89784320" percent="89">
      <mem type="allocate" free="80789760" total="80805888" percent="99" />
      <mem type="survivor" free="0" total="8978432" percent="0" />
    </mem>
    <mem type="tenure" free="1048024" total="19398656" percent="5" macro-fragmented="0">
      <mem type="soa" free="854488" total="19205120" percent="4" />
      <mem type="loa" free="193536" total="193536" percent="100" />
    </mem>
    <remembered-set count="114" />
  </mem-info>
</gc-end>
<cycle-end id="4165" type="scavenge" contextid="4159" timestamp="2019-08-08T20:26:17.469" />
  <attribute name="elasticGC enabled" value="1" />
  <attribute name= "numThreadsSpecified" value="16" />
  <attribute name="heapSize specified" value="42401792" />
  <attribute name="Current GC Util" value="3" />
  <attribute name= "Current Time Running" value="144887" />
  <attribute name ="GC Interval" value="2097" />
  <attribute name="Target GC Util Change" value ="80.000000" />
  <attribute name="Current GC Util Change" value="3.000000"/>
  <attribute name="Current Error" value="155.000000" />
  <attribute name="Output H" value="109220912"/>
  <attribute name="Output I" value="2096"/>
  <attribute name="Output T" value="16"/>
  <attribute name= "Current Time Running" value="144887" />
  <attribute name="GC Util currently" value="3" />
  <attribute name="CPU Util currently" value="7274550145" />
<allocation-satisfied id="4166" threadId="0000000000959F00" bytesRequested="80" />
<af-end id="4167" timestamp="2019-08-08T20:26:17.469" threadId="000000000095A888" success="true" from="nursery"/>
<exclusive-end id="4168" timestamp="2019-08-08T20:26:17.469" durationms="1.075" />

<exclusive-start id="4169" timestamp="2019-08-08T20:26:17.542" intervalms="74.433">
  <response-info timems="0.019" idlems="0.019" threads="0" lastid="0000000000959F00" lastname="main" />
</exclusive-start>
<af-start id="4170" threadId="000000000095A888" totalBytesRequested="32" timestamp="2019-08-08T20:26:17.542" intervalms="74.387" type="nursery" />
<cycle-start id="4171" type="scavenge" contextid="0" timestamp="2019-08-08T20:26:17.542" intervalms="74.394" />
<gc-start id="4172" type="scavenge" contextid="4171" timestamp="2019-08-08T20:26:17.542">
  <mem-info id="4173" free="1048024" total="109182976" percent="0">
    <mem type="nursery" free="0" total="89784320" percent="0">
      <mem type="allocate" free="0" total="80805888" percent="0" />
      <mem type="survivor" free="0" total="8978432" percent="0" />
    </mem>
    <mem type="tenure" free="1048024" total="19398656" percent="5">
      <mem type="soa" free="854488" total="19205120" percent="4" />
      <mem type="loa" free="193536" total="193536" percent="100" />
    </mem>
    <remembered-set count="116" />
  </mem-info>
</gc-start>
<allocation-stats totalBytes="80723448" >
  <allocated-bytes non-tlh="80" tlh="80723368" />
  <largest-consumer threadName="main" threadId="0000000000959F00" bytes="80723448" />
</allocation-stats>
<gc-op id="4174" type="scavenge" timems="0.775" contextid="4171" timestamp="2019-08-08T20:26:17.543">
  <scavenger-info tenureage="3" tenuremask="e008" tiltratio="90" />
  <memory-copied type="nursery" objects="22" bytes="1232" bytesdiscarded="31024" />
  <memory-copied type="tenure" objects="12" bytes="272" bytesdiscarded="0" />
</gc-op>
<gc-end id="4175" type="scavenge" contextid="4171" durationms="0.959" usertimems="1.709" systemtimems="0.000" timestamp="2019-08-08T20:26:17.543" activeThreads="16">
  <mem-info id="4176" free="81821656" total="109182976" percent="74">
    <mem type="nursery" free="80773632" total="89784320" percent="89">
      <mem type="allocate" free="80773632" total="80805888" percent="99" />
      <mem type="survivor" free="0" total="8978432" percent="0" />
    </mem>
    <mem type="tenure" free="1048024" total="19398656" percent="5" macro-fragmented="0">
      <mem type="soa" free="854488" total="19205120" percent="4" />
      <mem type="loa" free="193536" total="193536" percent="100" />
    </mem>
    <remembered-set count="112" />
  </mem-info>
</gc-end>
<cycle-end id="4177" type="scavenge" contextid="4171" timestamp="2019-08-08T20:26:17.543" />
  <attribute name="elasticGC enabled" value="1" />
  <attribute name= "numThreadsSpecified" value="16" />
  <attribute name="heapSize specified" value="42401792" />
  <attribute name="Current GC Util" value="1" />
  <attribute name= "Current Time Running" value="144961" />
  <attribute name ="GC Interval" value="2137" />
  <attribute name="Target GC Util Change" value ="80.000000" />
  <attribute name="Current GC Util Change" value="1.000000"/>
  <attribute name="Current Error" value="234.000000" />
  <attribute name="Output H" value="109220952"/>
  <attribute name="Output I" value="2136"/>
  <attribute name="Output T" value="16"/>
  <attribute name= "Current Time Running" value="144961" />
  <attribute name="GC Util currently" value="1" />
  <attribute name="CPU Util currently" value="15488646447" />
<allocation-satisfied id="4178" threadId="0000000000959F00" bytesRequested="32" />
<af-end id="4179" timestamp="2019-08-08T20:26:17.543" threadId="000000000095A888" success="true" from="nursery"/>
<exclusive-end id="4180" timestamp="2019-08-08T20:26:17.543" durationms="1.182" />

<exclusive-start id="4181" timestamp="2019-08-08T20:26:17.556" intervalms="13.446">
  <response-info timems="0.019" idlems="0.019" threads="0" lastid="0000000000959F00" lastname="main" />
</exclusive-start>
<af-start id="4182" threadId="000000000095A888" totalBytesRequested="584" timestamp="2019-08-08T20:26:17.556" intervalms="13.439" type="nursery" />
<cycle-start id="4183" type="scavenge" contextid="0" timestamp="2019-08-08T20:26:17.556" intervalms="13.430" />
<gc-start id="4184" type="scavenge" contextid="4183" timestamp="2019-08-08T20:26:17.556">
  <mem-info id="4185" free="1048024" total="109182976" percent="0">
    <mem type="nursery" free="0" total="89784320" percent="0">
      <mem type="allocate" free="0" total="80805888" percent="0" />
      <mem type="survivor" free="0" total="8978432" percent="0" />
    </mem>
    <mem type="tenure" free="1048024" total="19398656" percent="5">
      <mem type="soa" free="854488" total="19205120" percent="4" />
      <mem type="loa" free="193536" total="193536" percent="100" />
    </mem>
    <remembered-set count="112" />
  </mem-info>
</gc-start>
<allocation-stats totalBytes="80662968" >
  <allocated-bytes non-tlh="32" tlh="80662936" />
  <largest-consumer threadName="main" threadId="0000000000959F00" bytes="80662968" />
</allocation-stats>
<gc-op id="4186" type="scavenge" timems="0.685" contextid="4183" timestamp="2019-08-08T20:26:17.556">
  <scavenger-info tenureage="13" tenuremask="e000" tiltratio="90" />
  <memory-copied type="nursery" objects="25" bytes="1320" bytesdiscarded="30936" />
</gc-op>
<gc-end id="4187" type="scavenge" contextid="4183" durationms="0.859" usertimems="1.255" systemtimems="0.000" timestamp="2019-08-08T20:26:17.557" activeThreads="16">
  <mem-info id="4188" free="81821656" total="109182976" percent="74">
    <mem type="nursery" free="80773632" total="89784320" percent="89">
      <mem type="allocate" free="80773632" total="80805888" percent="99" />
      <mem type="survivor" free="0" total="8978432" percent="0" />
    </mem>
    <mem type="tenure" free="1048024" total="19398656" percent="5" macro-fragmented="0">
      <mem type="soa" free="854488" total="19205120" percent="4" />
      <mem type="loa" free="193536" total="193536" percent="100" />
    </mem>
    <remembered-set count="112" />
  </mem-info>
</gc-end>
<cycle-end id="4189" type="scavenge" contextid="4183" timestamp="2019-08-08T20:26:17.557" />
  <attribute name="elasticGC enabled" value="1" />
  <attribute name= "numThreadsSpecified" value="16" />
  <attribute name="heapSize specified" value="42401792" />
  <attribute name="Current GC Util" value="13" />
  <attribute name= "Current Time Running" value="144975" />
  <attribute name ="GC Interval" value="2177" />
  <attribute name="Target GC Util Change" value ="80.000000" />
  <attribute name="Current GC Util Change" value="13.000000"/>
  <attribute name="Current Error" value="301.000000" />
  <attribute name="Output H" value="109220992"/>
  <attribute name="Output I" value="2176"/>
  <attribute name="Output T" value="16"/>
  <attribute name= "Current Time Running" value="144975" />
  <attribute name="GC Util currently" value="13" />
  <attribute name="CPU Util currently" value="85922842663" />
<allocation-satisfied id="4190" threadId="0000000000959F00" bytesRequested="584" />
<af-end id="4191" timestamp="2019-08-08T20:26:17.557" threadId="000000000095A888" success="true" from="nursery"/>
<exclusive-end id="4192" timestamp="2019-08-08T20:26:17.557" durationms="1.059" />

* Round 2 done in 2.341 seconds.
<exclusive-start id="4193" timestamp="2019-08-08T20:26:17.579" intervalms="23.374">
  <response-info timems="0.018" idlems="0.018" threads="0" lastid="0000000000959F00" lastname="main" />
</exclusive-start>
<af-start id="4194" threadId="000000000095A888" totalBytesRequested="32" timestamp="2019-08-08T20:26:17.579" intervalms="23.372" type="nursery" />
<cycle-start id="4195" type="scavenge" contextid="0" timestamp="2019-08-08T20:26:17.579" intervalms="23.371" />
<gc-start id="4196" type="scavenge" contextid="4195" timestamp="2019-08-08T20:26:17.579">
  <mem-info id="4197" free="1048024" total="109182976" percent="0">
    <mem type="nursery" free="0" total="89784320" percent="0">
      <mem type="allocate" free="0" total="80805888" percent="0" />
      <mem type="survivor" free="0" total="8978432" percent="0" />
    </mem>
    <mem type="tenure" free="1048024" total="19398656" percent="5">
      <mem type="soa" free="854488" total="19205120" percent="4" />
      <mem type="loa" free="193536" total="193536" percent="100" />
    </mem>
    <remembered-set count="115" />
  </mem-info>
</gc-start>
<allocation-stats totalBytes="80688816" >
  <allocated-bytes non-tlh="584" tlh="80688232" />
  <largest-consumer threadName="main" threadId="0000000000959F00" bytes="80688816" />
</allocation-stats>
<gc-op id="4198" type="scavenge" timems="0.560" contextid="4195" timestamp="2019-08-08T20:26:17.580">
  <scavenger-info tenureage="12" tenuremask="f000" tiltratio="90" />
  <memory-copied type="nursery" objects="31" bytes="1064" bytesdiscarded="31192" />
</gc-op>
<gc-end id="4199" type="scavenge" contextid="4195" durationms="0.823" usertimems="1.384" systemtimems="0.000" timestamp="2019-08-08T20:26:17.580" activeThreads="16">
  <mem-info id="4200" free="81821656" total="109182976" percent="74">
    <mem type="nursery" free="80773632" total="89784320" percent="89">
      <mem type="allocate" free="80773632" total="80805888" percent="99" />
      <mem type="survivor" free="0" total="8978432" percent="0" />
    </mem>
    <mem type="tenure" free="1048024" total="19398656" percent="5" macro-fragmented="0">
      <mem type="soa" free="854488" total="19205120" percent="4" />
      <mem type="loa" free="193536" total="193536" percent="100" />
    </mem>
    <remembered-set count="115" />
  </mem-info>
</gc-end>
<cycle-end id="4201" type="scavenge" contextid="4195" timestamp="2019-08-08T20:26:17.580" />
  <attribute name="elasticGC enabled" value="1" />
  <attribute name= "numThreadsSpecified" value="16" />
  <attribute name="heapSize specified" value="42401792" />
  <attribute name="Current GC Util" value="5" />
  <attribute name= "Current Time Running" value="144998" />
  <attribute name ="GC Interval" value="2225" />
  <attribute name="Target GC Util Change" value ="80.000000" />
  <attribute name="Current GC Util Change" value="5.000000"/>
  <attribute name="Current Error" value="376.000000" />
  <attribute name="Output H" value="109221040"/>
  <attribute name="Output I" value="2224"/>
  <attribute name="Output T" value="16"/>
  <attribute name= "Current Time Running" value="144998" />
  <attribute name="GC Util currently" value="5" />
  <attribute name="CPU Util currently" value="49341142477" />
<allocation-satisfied id="4202" threadId="0000000000959F00" bytesRequested="32" />
<af-end id="4203" timestamp="2019-08-08T20:26:17.580" threadId="000000000095A888" success="true" from="nursery"/>
<exclusive-end id="4204" timestamp="2019-08-08T20:26:17.580" durationms="1.023" />

<exclusive-start id="4205" timestamp="2019-08-08T20:26:17.833" intervalms="253.997">
  <response-info timems="0.022" idlems="0.022" threads="0" lastid="0000000000959F00" lastname="main" />
</exclusive-start>
<af-start id="4206" threadId="000000000095A888" totalBytesRequested="1168" timestamp="2019-08-08T20:26:17.833" intervalms="254.001" type="nursery" />
<cycle-start id="4207" type="scavenge" contextid="0" timestamp="2019-08-08T20:26:17.833" intervalms="254.005" />
<gc-start id="4208" type="scavenge" contextid="4207" timestamp="2019-08-08T20:26:17.833">
  <mem-info id="4209" free="1048024" total="109182976" percent="0">
    <mem type="nursery" free="0" total="89784320" percent="0">
      <mem type="allocate" free="0" total="80805888" percent="0" />
      <mem type="survivor" free="0" total="8978432" percent="0" />
    </mem>
    <mem type="tenure" free="1048024" total="19398656" percent="5">
      <mem type="soa" free="854488" total="19205120" percent="4" />
      <mem type="loa" free="193536" total="193536" percent="100" />
    </mem>
    <remembered-set count="133" />
  </mem-info>
</gc-start>
<allocation-stats totalBytes="80610960" >
  <allocated-bytes non-tlh="32" tlh="80610928" />
  <largest-consumer threadName="main" threadId="0000000000959F00" bytes="80610960" />
</allocation-stats>
<gc-op id="4210" type="scavenge" timems="0.649" contextid="4207" timestamp="2019-08-08T20:26:17.834">
  <scavenger-info tenureage="10" tenuremask="f400" tiltratio="90" />
  <memory-copied type="nursery" objects="93" bytes="3680" bytesdiscarded="28576" />
</gc-op>
<gc-end id="4211" type="scavenge" contextid="4207" durationms="0.866" usertimems="1.366" systemtimems="0.000" timestamp="2019-08-08T20:26:17.834" activeThreads="16">
  <mem-info id="4212" free="81821656" total="109182976" percent="74">
    <mem type="nursery" free="80773632" total="89784320" percent="89">
      <mem type="allocate" free="80773632" total="80805888" percent="99" />
      <mem type="survivor" free="0" total="8978432" percent="0" />
    </mem>
    <mem type="tenure" free="1048024" total="19398656" percent="5" macro-fragmented="0">
      <mem type="soa" free="854488" total="19205120" percent="4" />
      <mem type="loa" free="193536" total="193536" percent="100" />
    </mem>
    <remembered-set count="132" />
  </mem-info>
</gc-end>
<cycle-end id="4213" type="scavenge" contextid="4207" timestamp="2019-08-08T20:26:17.834" />
  <attribute name="elasticGC enabled" value="1" />
  <attribute name= "numThreadsSpecified" value="16" />
  <attribute name="heapSize specified" value="42401792" />
  <attribute name="Current GC Util" value="0" />
  <attribute name= "Current Time Running" value="145252" />
  <attribute name ="GC Interval" value="2265" />
  <attribute name="Target GC Util Change" value ="80.000000" />
  <attribute name="Current GC Util Change" value="0.000000"/>
  <attribute name="Current Error" value="456.000000" />
  <attribute name="Output H" value="109221080"/>
  <attribute name="Output I" value="2264"/>
  <attribute name="Output T" value="16"/>
  <attribute name= "Current Time Running" value="145252" />
  <attribute name="GC Util currently" value="0" />
  <attribute name="CPU Util currently" value="4538820777" />
<allocation-satisfied id="4214" threadId="0000000000959F00" bytesRequested="1168" />
<af-end id="4215" timestamp="2019-08-08T20:26:17.834" threadId="000000000095A888" success="true" from="nursery"/>
<exclusive-end id="4216" timestamp="2019-08-08T20:26:17.834" durationms="1.136" />

<exclusive-start id="4217" timestamp="2019-08-08T20:26:17.843" intervalms="10.512">
  <response-info timems="0.022" idlems="0.022" threads="0" lastid="0000000000959F00" lastname="main" />
</exclusive-start>
<af-start id="4218" threadId="000000000095A888" totalBytesRequested="1168" timestamp="2019-08-08T20:26:17.844" intervalms="10.501" type="nursery" />
<cycle-start id="4219" type="scavenge" contextid="0" timestamp="2019-08-08T20:26:17.844" intervalms="10.500" />
<gc-start id="4220" type="scavenge" contextid="4219" timestamp="2019-08-08T20:26:17.844">
  <mem-info id="4221" free="1048024" total="109182976" percent="0">
    <mem type="nursery" free="0" total="89784320" percent="0">
      <mem type="allocate" free="0" total="80805888" percent="0" />
      <mem type="survivor" free="0" total="8978432" percent="0" />
    </mem>
    <mem type="tenure" free="1048024" total="19398656" percent="5">
      <mem type="soa" free="854488" total="19205120" percent="4" />
      <mem type="loa" free="193536" total="193536" percent="100" />
    </mem>
    <remembered-set count="132" />
  </mem-info>
</gc-start>
<allocation-stats totalBytes="80500592" >
  <allocated-bytes non-tlh="1168" tlh="80499424" />
  <largest-consumer threadName="main" threadId="0000000000959F00" bytes="80500592" />
</allocation-stats>
<gc-op id="4222" type="scavenge" timems="0.957" contextid="4219" timestamp="2019-08-08T20:26:17.845">
  <scavenger-info tenureage="4" tenuremask="fc10" tiltratio="90" />
  <memory-copied type="nursery" objects="88" bytes="3568" bytesdiscarded="28688" />
  <memory-copied type="tenure" objects="6" bytes="136" bytesdiscarded="0" />
</gc-op>
<heap-resize id="4223" type="expand" space="nursery" amount="3932160" count="1" timems="0.018" reason="excessive time being spent scavenging" timestamp="2019-08-08T20:26:17.845" />
<gc-end id="4224" type="scavenge" contextid="4219" durationms="1.370" usertimems="1.951" systemtimems="0.000" timestamp="2019-08-08T20:26:17.845" activeThreads="16">
  <mem-info id="4225" free="85360600" total="113115136" percent="75">
    <mem type="nursery" free="84312576" total="93716480" percent="89">
      <mem type="allocate" free="84312576" total="84344832" percent="99" />
      <mem type="survivor" free="0" total="9371648" percent="0" />
    </mem>
    <mem type="tenure" free="1048024" total="19398656" percent="5" macro-fragmented="0">
      <mem type="soa" free="854488" total="19205120" percent="4" />
      <mem type="loa" free="193536" total="193536" percent="100" />
    </mem>
    <remembered-set count="130" />
  </mem-info>
</gc-end>
<cycle-end id="4226" type="scavenge" contextid="4219" timestamp="2019-08-08T20:26:17.845" />
  <attribute name="elasticGC enabled" value="1" />
  <attribute name= "numThreadsSpecified" value="16" />
  <attribute name="heapSize specified" value="42401792" />
  <attribute name="Current GC Util" value="14" />
  <attribute name= "Current Time Running" value="145263" />
  <attribute name ="GC Interval" value="2041" />
  <attribute name="Target GC Util Change" value ="80.000000" />
  <attribute name="Current GC Util Change" value="14.000000"/>
  <attribute name="Current Error" value="66.000000" />
  <attribute name="Output H" value="109220856"/>
  <attribute name="Output I" value="2040"/>
  <attribute name="Output T" value="16"/>
  <attribute name= "Current Time Running" value="145263" />
  <attribute name="GC Util currently" value="14" />
  <attribute name="CPU Util currently" value="110038364948" />
<allocation-satisfied id="4227" threadId="0000000000959F00" bytesRequested="1168" />
<af-end id="4228" timestamp="2019-08-08T20:26:17.845" threadId="000000000095A888" success="true" from="nursery"/>
<exclusive-end id="4229" timestamp="2019-08-08T20:26:17.845" durationms="1.572" />

<exclusive-start id="4230" timestamp="2019-08-08T20:26:17.855" intervalms="11.306">
  <response-info timems="0.036" idlems="0.036" threads="0" lastid="0000000000959F00" lastname="main" />
</exclusive-start>
<af-start id="4231" threadId="000000000095A888" totalBytesRequested="1168" timestamp="2019-08-08T20:26:17.855" intervalms="11.320" type="nursery" />
<cycle-start id="4232" type="scavenge" contextid="0" timestamp="2019-08-08T20:26:17.855" intervalms="11.319" />
<gc-start id="4233" type="scavenge" contextid="4232" timestamp="2019-08-08T20:26:17.855">
  <mem-info id="4234" free="1048024" total="113115136" percent="0">
    <mem type="nursery" free="0" total="93716480" percent="0">
      <mem type="allocate" free="0" total="84344832" percent="0" />
      <mem type="survivor" free="0" total="9371648" percent="0" />
    </mem>
    <mem type="tenure" free="1048024" total="19398656" percent="5">
      <mem type="soa" free="854488" total="19205120" percent="4" />
      <mem type="loa" free="193536" total="193536" percent="100" />
    </mem>
    <remembered-set count="130" />
  </mem-info>
</gc-start>
<allocation-stats totalBytes="84032960" >
  <allocated-bytes non-tlh="1168" tlh="84031792" />
  <largest-consumer threadName="main" threadId="0000000000959F00" bytes="84032960" />
</allocation-stats>
<gc-op id="4235" type="scavenge" timems="0.544" contextid="4232" timestamp="2019-08-08T20:26:17.856">
  <scavenger-info tenureage="3" tenuremask="ffd8" tiltratio="90" />
  <memory-copied type="nursery" objects="75" bytes="3072" bytesdiscarded="29184" />
  <memory-copied type="tenure" objects="13" bytes="496" bytesdiscarded="0" />
</gc-op>
<gc-end id="4236" type="scavenge" contextid="4232" durationms="0.780" usertimems="1.368" systemtimems="0.000" timestamp="2019-08-08T20:26:17.856" activeThreads="16">
  <mem-info id="4237" free="85360600" total="113115136" percent="75">
    <mem type="nursery" free="84312576" total="93716480" percent="89">
      <mem type="allocate" free="84312576" total="84344832" percent="99" />
      <mem type="survivor" free="0" total="9371648" percent="0" />
    </mem>
    <mem type="tenure" free="1048024" total="19398656" percent="5" macro-fragmented="3047">
      <mem type="soa" free="854488" total="19205120" percent="4" />
      <mem type="loa" free="193536" total="193536" percent="100" />
    </mem>
    <remembered-set count="128" />
  </mem-info>
</gc-end>
<cycle-end id="4238" type="scavenge" contextid="4232" timestamp="2019-08-08T20:26:17.856" />
  <attribute name="elasticGC enabled" value="1" />
  <attribute name= "numThreadsSpecified" value="16" />
  <attribute name="heapSize specified" value="42401792" />
  <attribute name="Current GC Util" value="16" />
  <attribute name= "Current Time Running" value="145274" />
  <attribute name ="GC Interval" value="2081" />
  <attribute name="Target GC Util Change" value ="80.000000" />
  <attribute name="Current GC Util Change" value="16.000000"/>
  <attribute name="Current Error" value="130.000000" />
  <attribute name="Output H" value="113153056"/>
  <attribute name="Output I" value="2080"/>
  <attribute name="Output T" value="16"/>
  <attribute name= "Current Time Running" value="145274" />
  <attribute name="GC Util currently" value="16" />
  <attribute name="CPU Util currently" value="101837723458" />
<allocation-satisfied id="4239" threadId="0000000000959F00" bytesRequested="1168" />
<af-end id="4240" timestamp="2019-08-08T20:26:17.856" threadId="000000000095A888" success="true" from="nursery"/>
<exclusive-end id="4241" timestamp="2019-08-08T20:26:17.856" durationms="1.032" />

<exclusive-start id="4242" timestamp="2019-08-08T20:26:17.867" intervalms="11.948">
  <response-info timems="0.017" idlems="0.017" threads="0" lastid="0000000000959F00" lastname="main" />
</exclusive-start>
<af-start id="4243" threadId="000000000095A888" totalBytesRequested="1168" timestamp="2019-08-08T20:26:17.867" intervalms="11.983" type="nursery" />
<cycle-start id="4244" type="scavenge" contextid="0" timestamp="2019-08-08T20:26:17.867" intervalms="11.996" />
<gc-start id="4245" type="scavenge" contextid="4244" timestamp="2019-08-08T20:26:17.867">
  <mem-info id="4246" free="1048024" total="113115136" percent="0">
    <mem type="nursery" free="0" total="93716480" percent="0">
      <mem type="allocate" free="0" total="84344832" percent="0" />
      <mem type="survivor" free="0" total="9371648" percent="0" />
    </mem>
    <mem type="tenure" free="1048024" total="19398656" percent="5">
      <mem type="soa" free="854488" total="19205120" percent="4" />
      <mem type="loa" free="193536" total="193536" percent="100" />
    </mem>
    <remembered-set count="128" />
  </mem-info>
</gc-start>
<allocation-stats totalBytes="84032960" >
  <allocated-bytes non-tlh="1168" tlh="84031792" />
  <largest-consumer threadName="main" threadId="0000000000959F00" bytes="84032960" />
</allocation-stats>
<gc-op id="4247" type="scavenge" timems="1.073" contextid="4244" timestamp="2019-08-08T20:26:17.868">
  <scavenger-info tenureage="3" tenuremask="ffe8" tiltratio="90" />
  <memory-copied type="nursery" objects="2" bytes="56" bytesdiscarded="32200" />
  <memory-copied type="tenure" objects="73" bytes="3016" bytesdiscarded="0" />
</gc-op>
<gc-end id="4248" type="scavenge" contextid="4244" durationms="1.297" usertimems="2.102" systemtimems="0.000" timestamp="2019-08-08T20:26:17.868" activeThreads="16">
  <mem-info id="4249" free="85344472" total="113115136" percent="75">
    <mem type="nursery" free="84312576" total="93716480" percent="89">
      <mem type="allocate" free="84312576" total="84344832" percent="99" />
      <mem type="survivor" free="0" total="9371648" percent="0" />
    </mem>
    <mem type="tenure" free="1031896" total="19398656" percent="5" macro-fragmented="0">
      <mem type="soa" free="838360" total="19205120" percent="4" />
      <mem type="loa" free="193536" total="193536" percent="100" />
    </mem>
    <remembered-set count="119" />
  </mem-info>
</gc-end>
<cycle-end id="4250" type="scavenge" contextid="4244" timestamp="2019-08-08T20:26:17.868" />
  <attribute name="elasticGC enabled" value="1" />
  <attribute name= "numThreadsSpecified" value="16" />
  <attribute name="heapSize specified" value="42401792" />
  <attribute name="Current GC Util" value="11" />
  <attribute name= "Current Time Running" value="145286" />
  <attribute name ="GC Interval" value="2121" />
  <attribute name="Target GC Util Change" value ="80.000000" />
  <attribute name="Current GC Util Change" value="11.000000"/>
  <attribute name="Current Error" value="199.000000" />
  <attribute name="Output H" value="113153096"/>
  <attribute name="Output I" value="2120"/>
  <attribute name="Output T" value="16"/>
  <attribute name= "Current Time Running" value="145286" />
  <attribute name="GC Util currently" value="11" />
  <attribute name="CPU Util currently" value="95613065533" />
<allocation-satisfied id="4251" threadId="0000000000959F00" bytesRequested="1168" />
<af-end id="4252" timestamp="2019-08-08T20:26:17.868" threadId="000000000095A888" success="true" from="nursery"/>
<exclusive-end id="4253" timestamp="2019-08-08T20:26:17.868" durationms="1.634" />

<exclusive-start id="4254" timestamp="2019-08-08T20:26:17.879" intervalms="12.410">
  <response-info timems="0.019" idlems="0.019" threads="0" lastid="0000000000959F00" lastname="main" />
</exclusive-start>
<af-start id="4255" threadId="000000000095A888" totalBytesRequested="1168" timestamp="2019-08-08T20:26:17.879" intervalms="12.369" type="nursery" />
<cycle-start id="4256" type="scavenge" contextid="0" timestamp="2019-08-08T20:26:17.879" intervalms="12.358" />
<gc-start id="4257" type="scavenge" contextid="4256" timestamp="2019-08-08T20:26:17.879">
  <mem-info id="4258" free="1031896" total="113115136" percent="0">
    <mem type="nursery" free="0" total="93716480" percent="0">
      <mem type="allocate" free="0" total="84344832" percent="0" />
      <mem type="survivor" free="0" total="9371648" percent="0" />
    </mem>
    <mem type="tenure" free="1031896" total="19398656" percent="5">
      <mem type="soa" free="838360" total="19205120" percent="4" />
      <mem type="loa" free="193536" total="193536" percent="100" />
    </mem>
    <remembered-set count="119" />
  </mem-info>
</gc-start>
<allocation-stats totalBytes="84032936" >
  <allocated-bytes non-tlh="1168" tlh="84031768" />
  <largest-consumer threadName="main" threadId="0000000000959F00" bytes="84032936" />
</allocation-stats>
<gc-op id="4259" type="scavenge" timems="0.871" contextid="4256" timestamp="2019-08-08T20:26:17.880">
  <scavenger-info tenureage="3" tenuremask="ffe8" tiltratio="90" />
  <memory-copied type="nursery" objects="2" bytes="56" bytesdiscarded="32200" />
</gc-op>
<gc-end id="4260" type="scavenge" contextid="4256" durationms="1.033" usertimems="2.049" systemtimems="0.000" timestamp="2019-08-08T20:26:17.880" activeThreads="16">
  <mem-info id="4261" free="85344472" total="113115136" percent="75">
    <mem type="nursery" free="84312576" total="93716480" percent="89">
      <mem type="allocate" free="84312576" total="84344832" percent="99" />
      <mem type="survivor" free="0" total="9371648" percent="0" />
    </mem>
    <mem type="tenure" free="1031896" total="19398656" percent="5" macro-fragmented="723458">
      <mem type="soa" free="838360" total="19205120" percent="4" />
      <mem type="loa" free="193536" total="193536" percent="100" />
    </mem>
    <remembered-set count="119" />
  </mem-info>
</gc-end>
<cycle-end id="4262" type="scavenge" contextid="4256" timestamp="2019-08-08T20:26:17.880" />
  <attribute name="elasticGC enabled" value="1" />
  <attribute name= "numThreadsSpecified" value="16" />
  <attribute name="heapSize specified" value="42401792" />
  <attribute name="Current GC Util" value="18" />
  <attribute name= "Current Time Running" value="145298" />
  <attribute name ="GC Interval" value="2153" />
  <attribute name="Target GC Util Change" value ="80.000000" />
  <attribute name="Current GC Util Change" value="18.000000"/>
  <attribute name="Current Error" value="261.000000" />
  <attribute name="Output H" value="113153128"/>
  <attribute name="Output I" value="2152"/>
  <attribute name="Output T" value="16"/>
  <attribute name= "Current Time Running" value="145298" />
  <attribute name="GC Util currently" value="18" />
  <attribute name="CPU Util currently" value="93565734115" />
<allocation-satisfied id="4263" threadId="0000000000959F00" bytesRequested="1168" />
<af-end id="4264" timestamp="2019-08-08T20:26:17.880" threadId="000000000095A888" success="true" from="nursery"/>
<exclusive-end id="4265" timestamp="2019-08-08T20:26:17.880" durationms="1.252" />

<exclusive-start id="4266" timestamp="2019-08-08T20:26:17.892" intervalms="12.994">
  <response-info timems="0.024" idlems="0.024" threads="0" lastid="0000000000959F00" lastname="main" />
</exclusive-start>
<af-start id="4267" threadId="000000000095A888" totalBytesRequested="1168" timestamp="2019-08-08T20:26:17.892" intervalms="13.015" type="nursery" />
<cycle-start id="4268" type="scavenge" contextid="0" timestamp="2019-08-08T20:26:17.892" intervalms="13.025" />
<gc-start id="4269" type="scavenge" contextid="4268" timestamp="2019-08-08T20:26:17.892">
  <mem-info id="4270" free="1031896" total="113115136" percent="0">
    <mem type="nursery" free="0" total="93716480" percent="0">
      <mem type="allocate" free="0" total="84344832" percent="0" />
      <mem type="survivor" free="0" total="9371648" percent="0" />
    </mem>
    <mem type="tenure" free="1031896" total="19398656" percent="5">
      <mem type="soa" free="838360" total="19205120" percent="4" />
      <mem type="loa" free="193536" total="193536" percent="100" />
    </mem>
    <remembered-set count="119" />
  </mem-info>
</gc-start>
<allocation-stats totalBytes="84032960" >
  <allocated-bytes non-tlh="1168" tlh="84031792" />
  <largest-consumer threadName="main" threadId="0000000000959F00" bytes="84032960" />
</allocation-stats>
<gc-op id="4271" type="scavenge" timems="0.823" contextid="4268" timestamp="2019-08-08T20:26:17.893">
  <scavenger-info tenureage="3" tenuremask="fff8" tiltratio="90" />
  <memory-copied type="nursery" objects="2" bytes="56" bytesdiscarded="32200" />
</gc-op>
<gc-end id="4272" type="scavenge" contextid="4268" durationms="0.991" usertimems="1.607" systemtimems="0.000" timestamp="2019-08-08T20:26:17.893" activeThreads="16">
  <mem-info id="4273" free="85344472" total="113115136" percent="75">
    <mem type="nursery" free="84312576" total="93716480" percent="89">
      <mem type="allocate" free="84312576" total="84344832" percent="99" />
      <mem type="survivor" free="0" total="9371648" percent="0" />
    </mem>
    <mem type="tenure" free="1031896" total="19398656" percent="5" macro-fragmented="418667">
      <mem type="soa" free="838360" total="19205120" percent="4" />
      <mem type="loa" free="193536" total="193536" percent="100" />
    </mem>
    <remembered-set count="119" />
  </mem-info>
</gc-end>
<cycle-end id="4274" type="scavenge" contextid="4268" timestamp="2019-08-08T20:26:17.893" />
  <attribute name="elasticGC enabled" value="1" />
  <attribute name= "numThreadsSpecified" value="16" />
  <attribute name="heapSize specified" value="42401792" />
  <attribute name="Current GC Util" value="16" />
  <attribute name= "Current Time Running" value="145312" />
  <attribute name ="GC Interval" value="2193" />
  <attribute name="Target GC Util Change" value ="80.000000" />
  <attribute name="Current GC Util Change" value="16.000000"/>
  <attribute name="Current Error" value="325.000000" />
  <attribute name="Output H" value="113153168"/>
  <attribute name="Output I" value="2192"/>
  <attribute name="Output T" value="16"/>
  <attribute name= "Current Time Running" value="145312" />
  <attribute name="GC Util currently" value="16" />
  <attribute name="CPU Util currently" value="88261991288" />
<allocation-satisfied id="4275" threadId="0000000000959F00" bytesRequested="1168" />
<af-end id="4276" timestamp="2019-08-08T20:26:17.893" threadId="000000000095A888" success="true" from="nursery"/>
<exclusive-end id="4277" timestamp="2019-08-08T20:26:17.893" durationms="1.282" />

<exclusive-start id="4278" timestamp="2019-08-08T20:26:17.905" intervalms="12.891">
  <response-info timems="0.029" idlems="0.029" threads="0" lastid="0000000000959F00" lastname="main" />
</exclusive-start>
<af-start id="4279" threadId="000000000095A888" totalBytesRequested="1168" timestamp="2019-08-08T20:26:17.905" intervalms="12.898" type="nursery" />
<cycle-start id="4280" type="scavenge" contextid="0" timestamp="2019-08-08T20:26:17.905" intervalms="12.893" />
<gc-start id="4281" type="scavenge" contextid="4280" timestamp="2019-08-08T20:26:17.905">
  <mem-info id="4282" free="1031896" total="113115136" percent="0">
    <mem type="nursery" free="0" total="93716480" percent="0">
      <mem type="allocate" free="0" total="84344832" percent="0" />
      <mem type="survivor" free="0" total="9371648" percent="0" />
    </mem>
    <mem type="tenure" free="1031896" total="19398656" percent="5">
      <mem type="soa" free="838360" total="19205120" percent="4" />
      <mem type="loa" free="193536" total="193536" percent="100" />
    </mem>
    <remembered-set count="119" />
  </mem-info>
</gc-start>
<allocation-stats totalBytes="84032960" >
  <allocated-bytes non-tlh="1168" tlh="84031792" />
  <largest-consumer threadName="main" threadId="0000000000959F00" bytes="84032960" />
</allocation-stats>
<gc-op id="4283" type="scavenge" timems="0.923" contextid="4280" timestamp="2019-08-08T20:26:17.906">
  <scavenger-info tenureage="3" tenuremask="fff8" tiltratio="90" />
  <memory-copied type="nursery" objects="2" bytes="56" bytesdiscarded="32200" />
</gc-op>
<heap-resize id="4284" type="expand" space="nursery" amount="4849664" count="1" timems="0.023" reason="excessive time being spent scavenging" timestamp="2019-08-08T20:26:17.906" />
<gc-end id="4285" type="scavenge" contextid="4280" durationms="1.151" usertimems="1.726" systemtimems="0.000" timestamp="2019-08-08T20:26:17.906" activeThreads="16">
  <mem-info id="4286" free="89669848" total="117964800" percent="76">
    <mem type="nursery" free="88637952" total="98566144" percent="89">
      <mem type="allocate" free="88637952" total="88670208" percent="99" />
      <mem type="survivor" free="0" total="9895936" percent="0" />
    </mem>
    <mem type="tenure" free="1031896" total="19398656" percent="5" macro-fragmented="0">
      <mem type="soa" free="838360" total="19205120" percent="4" />
      <mem type="loa" free="193536" total="193536" percent="100" />
    </mem>
    <remembered-set count="119" />
  </mem-info>
</gc-end>
<cycle-end id="4287" type="scavenge" contextid="4280" timestamp="2019-08-08T20:26:17.906" />
  <attribute name="elasticGC enabled" value="1" />
  <attribute name= "numThreadsSpecified" value="16" />
  <attribute name="heapSize specified" value="42401792" />
  <attribute name="Current GC Util" value="13" />
  <attribute name= "Current Time Running" value="145324" />
  <attribute name ="GC Interval" value="2233" />
  <attribute name="Target GC Util Change" value ="80.000000" />
  <attribute name="Current GC Util Change" value="13.000000"/>
  <attribute name="Current Error" value="392.000000" />
  <attribute name="Output H" value="113153208"/>
  <attribute name="Output I" value="2232"/>
  <attribute name="Output T" value="16"/>
  <attribute name= "Current Time Running" value="145324" />
  <attribute name="GC Util currently" value="13" />
  <attribute name="CPU Util currently" value="89754965237" />
<allocation-satisfied id="4288" threadId="0000000000959F00" bytesRequested="1168" />
<af-end id="4289" timestamp="2019-08-08T20:26:17.907" threadId="000000000095A888" success="true" from="nursery"/>
<exclusive-end id="4290" timestamp="2019-08-08T20:26:17.907" durationms="1.481" />

<exclusive-start id="4291" timestamp="2019-08-08T20:26:17.919" intervalms="14.211">
  <response-info timems="0.022" idlems="0.022" threads="0" lastid="0000000000959F00" lastname="main" />
</exclusive-start>
<af-start id="4292" threadId="000000000095A888" totalBytesRequested="1168" timestamp="2019-08-08T20:26:17.919" intervalms="14.189" type="nursery" />
<cycle-start id="4293" type="scavenge" contextid="0" timestamp="2019-08-08T20:26:17.919" intervalms="14.183" />
<gc-start id="4294" type="scavenge" contextid="4293" timestamp="2019-08-08T20:26:17.919">
  <mem-info id="4295" free="1031896" total="117964800" percent="0">
    <mem type="nursery" free="0" total="98566144" percent="0">
      <mem type="allocate" free="0" total="88670208" percent="0" />
      <mem type="survivor" free="0" total="9895936" percent="0" />
    </mem>
    <mem type="tenure" free="1031896" total="19398656" percent="5">
      <mem type="soa" free="838360" total="19205120" percent="4" />
      <mem type="loa" free="193536" total="193536" percent="100" />
    </mem>
    <remembered-set count="124" />
  </mem-info>
</gc-start>
<allocation-stats totalBytes="88296984" >
  <allocated-bytes non-tlh="1168" tlh="88295816" />
  <largest-consumer threadName="main" threadId="0000000000959F00" bytes="88296984" />
</allocation-stats>
<gc-op id="4296" type="scavenge" timems="0.880" contextid="4293" timestamp="2019-08-08T20:26:17.920">
  <scavenger-info tenureage="3" tenuremask="fff8" tiltratio="89" />
  <memory-copied type="nursery" objects="27" bytes="1944" bytesdiscarded="30312" />
</gc-op>
<gc-end id="4297" type="scavenge" contextid="4293" durationms="1.064" usertimems="1.707" systemtimems="0.000" timestamp="2019-08-08T20:26:17.920" activeThreads="16">
  <mem-info id="4298" free="89669848" total="117964800" percent="76">
    <mem type="nursery" free="88637952" total="98566144" percent="89">
      <mem type="allocate" free="88637952" total="88670208" percent="99" />
      <mem type="survivor" free="0" total="9895936" percent="0" />
    </mem>
    <mem type="tenure" free="1031896" total="19398656" percent="5" macro-fragmented="0">
      <mem type="soa" free="838360" total="19205120" percent="4" />
      <mem type="loa" free="193536" total="193536" percent="100" />
    </mem>
    <remembered-set count="124" />
  </mem-info>
</gc-end>
<cycle-end id="4299" type="scavenge" contextid="4293" timestamp="2019-08-08T20:26:17.921" />
  <attribute name="elasticGC enabled" value="1" />
  <attribute name= "numThreadsSpecified" value="16" />
  <attribute name="heapSize specified" value="42401792" />
  <attribute name="Current GC Util" value="13" />
  <attribute name= "Current Time Running" value="145339" />
  <attribute name ="GC Interval" value="2041" />
  <attribute name="Target GC Util Change" value ="80.000000" />
  <attribute name="Current GC Util Change" value="13.000000"/>
  <attribute name="Current Error" value="67.000000" />
  <attribute name="Output H" value="118002680"/>
  <attribute name="Output I" value="2040"/>
  <attribute name="Output T" value="16"/>
  <attribute name= "Current Time Running" value="145339" />
  <attribute name="GC Util currently" value="13" />
  <attribute name="CPU Util currently" value="81306346073" />
<allocation-satisfied id="4300" threadId="0000000000959F00" bytesRequested="1168" />
<af-end id="4301" timestamp="2019-08-08T20:26:17.921" threadId="000000000095A888" success="true" from="nursery"/>
<exclusive-end id="4302" timestamp="2019-08-08T20:26:17.921" durationms="1.276" />

<exclusive-start id="4303" timestamp="2019-08-08T20:26:17.933" intervalms="14.151">
  <response-info timems="0.027" idlems="0.027" threads="0" lastid="0000000000959F00" lastname="main" />
</exclusive-start>
<af-start id="4304" threadId="000000000095A888" totalBytesRequested="1168" timestamp="2019-08-08T20:26:17.933" intervalms="14.156" type="nursery" />
<cycle-start id="4305" type="scavenge" contextid="0" timestamp="2019-08-08T20:26:17.933" intervalms="14.162" />
<gc-start id="4306" type="scavenge" contextid="4305" timestamp="2019-08-08T20:26:17.934">
  <mem-info id="4307" free="1031896" total="117964800" percent="0">
    <mem type="nursery" free="0" total="98566144" percent="0">
      <mem type="allocate" free="0" total="88670208" percent="0" />
      <mem type="survivor" free="0" total="9895936" percent="0" />
    </mem>
    <mem type="tenure" free="1031896" total="19398656" percent="5">
      <mem type="soa" free="838360" total="19205120" percent="4" />
      <mem type="loa" free="193536" total="193536" percent="100" />
    </mem>
    <remembered-set count="124" />
  </mem-info>
</gc-start>
<allocation-stats totalBytes="88067088" >
  <allocated-bytes non-tlh="1168" tlh="88065920" />
  <largest-consumer threadName="main" threadId="0000000000959F00" bytes="88067088" />
</allocation-stats>
<gc-op id="4308" type="scavenge" timems="1.439" contextid="4305" timestamp="2019-08-08T20:26:17.935">
  <scavenger-info tenureage="3" tenuremask="fff8" tiltratio="89" />
  <memory-copied type="nursery" objects="28" bytes="1968" bytesdiscarded="30288" />
</gc-op>
<gc-end id="4309" type="scavenge" contextid="4305" durationms="1.612" usertimems="2.517" systemtimems="0.000" timestamp="2019-08-08T20:26:17.935" activeThreads="16">
  <mem-info id="4310" free="89669848" total="117964800" percent="76">
    <mem type="nursery" free="88637952" total="98566144" percent="89">
      <mem type="allocate" free="88637952" total="88670208" percent="99" />
      <mem type="survivor" free="0" total="9895936" percent="0" />
    </mem>
    <mem type="tenure" free="1031896" total="19398656" percent="5" macro-fragmented="863669">
      <mem type="soa" free="838360" total="19205120" percent="4" />
      <mem type="loa" free="193536" total="193536" percent="100" />
    </mem>
    <remembered-set count="114" />
  </mem-info>
</gc-end>
<cycle-end id="4311" type="scavenge" contextid="4305" timestamp="2019-08-08T20:26:17.935" />
  <attribute name="elasticGC enabled" value="1" />
  <attribute name= "numThreadsSpecified" value="16" />
  <attribute name="heapSize specified" value="42401792" />
  <attribute name="Current GC Util" value="12" />
  <attribute name= "Current Time Running" value="145353" />
  <attribute name ="GC Interval" value="2081" />
  <attribute name="Target GC Util Change" value ="80.000000" />
  <attribute name="Current GC Util Change" value="12.000000"/>
  <attribute name="Current Error" value="135.000000" />
  <attribute name="Output H" value="118002720"/>
  <attribute name="Output I" value="2080"/>
  <attribute name="Output T" value="16"/>
  <attribute name= "Current Time Running" value="145353" />
  <attribute name="GC Util currently" value="12" />
  <attribute name="CPU Util currently" value="81304023919" />
<allocation-satisfied id="4312" threadId="0000000000959F00" bytesRequested="1168" />
<af-end id="4313" timestamp="2019-08-08T20:26:17.935" threadId="000000000095A888" success="true" from="nursery"/>
<exclusive-end id="4314" timestamp="2019-08-08T20:26:17.935" durationms="1.890" />

<exclusive-start id="4315" timestamp="2019-08-08T20:26:17.946" intervalms="12.848">
  <response-info timems="0.025" idlems="0.025" threads="0" lastid="0000000000959F00" lastname="main" />
</exclusive-start>
<af-start id="4316" threadId="000000000095A888" totalBytesRequested="1168" timestamp="2019-08-08T20:26:17.946" intervalms="12.845" type="nursery" />
<cycle-start id="4317" type="scavenge" contextid="0" timestamp="2019-08-08T20:26:17.946" intervalms="12.841" />
<gc-start id="4318" type="scavenge" contextid="4317" timestamp="2019-08-08T20:26:17.946">
  <mem-info id="4319" free="1031896" total="117964800" percent="0">
    <mem type="nursery" free="0" total="98566144" percent="0">
      <mem type="allocate" free="0" total="88670208" percent="0" />
      <mem type="survivor" free="0" total="9895936" percent="0" />
    </mem>
    <mem type="tenure" free="1031896" total="19398656" percent="5">
      <mem type="soa" free="838360" total="19205120" percent="4" />
      <mem type="loa" free="193536" total="193536" percent="100" />
    </mem>
    <remembered-set count="114" />
  </mem-info>
</gc-start>
<allocation-stats totalBytes="88082760" >
  <allocated-bytes non-tlh="1168" tlh="88081592" />
  <largest-consumer threadName="main" threadId="0000000000959F00" bytes="88082760" />
</allocation-stats>
<gc-op id="4320" type="scavenge" timems="0.874" contextid="4317" timestamp="2019-08-08T20:26:17.947">
  <scavenger-info tenureage="3" tenuremask="fff8" tiltratio="89" />
  <memory-copied type="nursery" objects="28" bytes="1968" bytesdiscarded="30288" />
</gc-op>
<gc-end id="4321" type="scavenge" contextid="4317" durationms="1.106" usertimems="1.868" systemtimems="0.000" timestamp="2019-08-08T20:26:17.948" activeThreads="16">
  <mem-info id="4322" free="89669848" total="117964800" percent="76">
    <mem type="nursery" free="88637952" total="98566144" percent="89">
      <mem type="allocate" free="88637952" total="88670208" percent="99" />
      <mem type="survivor" free="0" total="9895936" percent="0" />
    </mem>
    <mem type="tenure" free="1031896" total="19398656" percent="5" macro-fragmented="0">
      <mem type="soa" free="838360" total="19205120" percent="4" />
      <mem type="loa" free="193536" total="193536" percent="100" />
    </mem>
    <remembered-set count="114" />
  </mem-info>
</gc-end>
<cycle-end id="4323" type="scavenge" contextid="4317" timestamp="2019-08-08T20:26:17.948" />
  <attribute name="elasticGC enabled" value="1" />
  <attribute name= "numThreadsSpecified" value="16" />
  <attribute name="heapSize specified" value="42401792" />
  <attribute name="Current GC Util" value="20" />
  <attribute name= "Current Time Running" value="145366" />
  <attribute name ="GC Interval" value="2113" />
  <attribute name="Target GC Util Change" value ="80.000000" />
  <attribute name="Current GC Util Change" value="20.000000"/>
  <attribute name="Current Error" value="195.000000" />
  <attribute name="Output H" value="118002752"/>
  <attribute name="Output I" value="2112"/>
  <attribute name="Output T" value="16"/>
  <attribute name= "Current Time Running" value="145366" />
  <attribute name="GC Util currently" value="20" />
  <attribute name="CPU Util currently" value="89921890283" />
<allocation-satisfied id="4324" threadId="0000000000959F00" bytesRequested="1168" />
<af-end id="4325" timestamp="2019-08-08T20:26:17.948" threadId="000000000095A888" success="true" from="nursery"/>
<exclusive-end id="4326" timestamp="2019-08-08T20:26:17.948" durationms="1.350" />

<exclusive-start id="4327" timestamp="2019-08-08T20:26:17.960" intervalms="13.427">
  <response-info timems="0.021" idlems="0.021" threads="0" lastid="0000000000959F00" lastname="main" />
</exclusive-start>
<af-start id="4328" threadId="000000000095A888" totalBytesRequested="1168" timestamp="2019-08-08T20:26:17.960" intervalms="13.446" type="nursery" />
<cycle-start id="4329" type="scavenge" contextid="0" timestamp="2019-08-08T20:26:17.960" intervalms="13.466" />
<gc-start id="4330" type="scavenge" contextid="4329" timestamp="2019-08-08T20:26:17.960">
  <mem-info id="4331" free="1031896" total="117964800" percent="0">
    <mem type="nursery" free="0" total="98566144" percent="0">
      <mem type="allocate" free="0" total="88670208" percent="0" />
      <mem type="survivor" free="0" total="9895936" percent="0" />
    </mem>
    <mem type="tenure" free="1031896" total="19398656" percent="5">
      <mem type="soa" free="838360" total="19205120" percent="4" />
      <mem type="loa" free="193536" total="193536" percent="100" />
    </mem>
    <remembered-set count="114" />
  </mem-info>
</gc-start>
<allocation-stats totalBytes="88082760" >
  <allocated-bytes non-tlh="1168" tlh="88081592" />
  <largest-consumer threadName="main" threadId="0000000000959F00" bytes="88082760" />
</allocation-stats>
<gc-op id="4332" type="scavenge" timems="1.010" contextid="4329" timestamp="2019-08-08T20:26:17.961">
  <scavenger-info tenureage="3" tenuremask="fff8" tiltratio="89" />
  <memory-copied type="nursery" objects="2" bytes="64" bytesdiscarded="16064" />
  <memory-copied type="tenure" objects="26" bytes="1904" bytesdiscarded="0" />
</gc-op>
<heap-resize id="4333" type="expand" space="nursery" amount="4456448" count="1" timems="0.016" reason="excessive time being spent scavenging" timestamp="2019-08-08T20:26:17.961" />
<gc-end id="4334" type="scavenge" contextid="4329" durationms="1.127" usertimems="1.299" systemtimems="0.000" timestamp="2019-08-08T20:26:17.961" activeThreads="16">
  <mem-info id="4335" free="93683672" total="122421248" percent="76">
    <mem type="nursery" free="92651776" total="103022592" percent="89">
      <mem type="allocate" free="92651776" total="92667904" percent="99" />
      <mem type="survivor" free="0" total="10354688" percent="0" />
    </mem>
    <mem type="tenure" free="1031896" total="19398656" percent="5" macro-fragmented="0">
      <mem type="soa" free="838360" total="19205120" percent="4" />
      <mem type="loa" free="193536" total="193536" percent="100" />
    </mem>
    <remembered-set count="119" />
  </mem-info>
</gc-end>
<cycle-end id="4336" type="scavenge" contextid="4329" timestamp="2019-08-08T20:26:17.961" />
  <attribute name="elasticGC enabled" value="1" />
  <attribute name= "numThreadsSpecified" value="16" />
  <attribute name="heapSize specified" value="42401792" />
  <attribute name="Current GC Util" value="14" />
  <attribute name= "Current Time Running" value="145379" />
  <attribute name ="GC Interval" value="2153" />
  <attribute name="Target GC Util Change" value ="80.000000" />
  <attribute name="Current GC Util Change" value="14.000000"/>
  <attribute name="Current Error" value="261.000000" />
  <attribute name="Output H" value="118002792"/>
  <attribute name="Output I" value="2152"/>
  <attribute name="Output T" value="16"/>
  <attribute name= "Current Time Running" value="145379" />
  <attribute name="GC Util currently" value="14" />
  <attribute name="CPU Util currently" value="85508380598" />
<allocation-satisfied id="4337" threadId="0000000000959F00" bytesRequested="1168" />
<af-end id="4338" timestamp="2019-08-08T20:26:17.961" threadId="000000000095A888" success="true" from="nursery"/>
<exclusive-end id="4339" timestamp="2019-08-08T20:26:17.961" durationms="1.411" />

<exclusive-start id="4340" timestamp="2019-08-08T20:26:17.971" intervalms="11.504">
  <response-info timems="0.021" idlems="0.021" threads="0" lastid="0000000000959F00" lastname="main" />
</exclusive-start>
<af-start id="4341" threadId="000000000095A888" totalBytesRequested="1168" timestamp="2019-08-08T20:26:17.971" intervalms="11.482" type="nursery" />
<cycle-start id="4342" type="scavenge" contextid="0" timestamp="2019-08-08T20:26:17.971" intervalms="11.461" />
<gc-start id="4343" type="scavenge" contextid="4342" timestamp="2019-08-08T20:26:17.971">
  <mem-info id="4344" free="1031896" total="122421248" percent="0">
    <mem type="nursery" free="0" total="103022592" percent="0">
      <mem type="allocate" free="0" total="92667904" percent="0" />
      <mem type="survivor" free="0" total="10354688" percent="0" />
    </mem>
    <mem type="tenure" free="1031896" total="19398656" percent="5">
      <mem type="soa" free="838360" total="19205120" percent="4" />
      <mem type="loa" free="193536" total="193536" percent="100" />
    </mem>
    <remembered-set count="119" />
  </mem-info>
</gc-start>
<allocation-stats totalBytes="92070920" >
  <allocated-bytes non-tlh="1168" tlh="92069752" />
  <largest-consumer threadName="main" threadId="0000000000959F00" bytes="92070920" />
</allocation-stats>
<gc-op id="4345" type="scavenge" timems="0.728" contextid="4342" timestamp="2019-08-08T20:26:17.972">
  <scavenger-info tenureage="3" tenuremask="ffe8" tiltratio="89" />
  <memory-copied type="nursery" objects="2" bytes="64" bytesdiscarded="32192" />
</gc-op>
<gc-end id="4346" type="scavenge" contextid="4342" durationms="0.824" usertimems="1.359" systemtimems="0.000" timestamp="2019-08-08T20:26:17.972" activeThreads="16">
  <mem-info id="4347" free="93667544" total="122421248" percent="76">
    <mem type="nursery" free="92635648" total="103022592" percent="89">
      <mem type="allocate" free="92635648" total="92667904" percent="99" />
      <mem type="survivor" free="0" total="10354688" percent="0" />
    </mem>
    <mem type="tenure" free="1031896" total="19398656" percent="5" macro-fragmented="0">
      <mem type="soa" free="838360" total="19205120" percent="4" />
      <mem type="loa" free="193536" total="193536" percent="100" />
    </mem>
    <remembered-set count="119" />
  </mem-info>
</gc-end>
<cycle-end id="4348" type="scavenge" contextid="4342" timestamp="2019-08-08T20:26:17.972" />
  <attribute name="elasticGC enabled" value="1" />
  <attribute name= "numThreadsSpecified" value="16" />
  <attribute name="heapSize specified" value="42401792" />
  <attribute name="Current GC Util" value="12" />
  <attribute name= "Current Time Running" value="145390" />
  <attribute name ="GC Interval" value="2193" />
  <attribute name="Target GC Util Change" value ="80.000000" />
  <attribute name="Current GC Util Change" value="12.000000"/>
  <attribute name="Current Error" value="329.000000" />
  <attribute name="Output H" value="122459280"/>
  <attribute name="Output I" value="2192"/>
  <attribute name="Output T" value="16"/>
  <attribute name= "Current Time Running" value="145390" />
  <attribute name="GC Util currently" value="12" />
  <attribute name="CPU Util currently" value="100698031338" />
<allocation-satisfied id="4349" threadId="0000000000959F00" bytesRequested="1168" />
<af-end id="4350" timestamp="2019-08-08T20:26:17.972" threadId="000000000095A888" success="true" from="nursery"/>
<exclusive-end id="4351" timestamp="2019-08-08T20:26:17.972" durationms="1.079" />

<exclusive-start id="4352" timestamp="2019-08-08T20:26:18.055" intervalms="83.483">
  <response-info timems="0.019" idlems="0.019" threads="0" lastid="0000000000959F00" lastname="main" />
</exclusive-start>
<af-start id="4353" threadId="000000000095A888" totalBytesRequested="32" timestamp="2019-08-08T20:26:18.055" intervalms="83.476" type="nursery" />
<cycle-start id="4354" type="scavenge" contextid="0" timestamp="2019-08-08T20:26:18.055" intervalms="83.473" />
<gc-start id="4355" type="scavenge" contextid="4354" timestamp="2019-08-08T20:26:18.055">
  <mem-info id="4356" free="1031896" total="122421248" percent="0">
    <mem type="nursery" free="0" total="103022592" percent="0">
      <mem type="allocate" free="0" total="92667904" percent="0" />
      <mem type="survivor" free="0" total="10354688" percent="0" />
    </mem>
    <mem type="tenure" free="1031896" total="19398656" percent="5">
      <mem type="soa" free="838360" total="19205120" percent="4" />
      <mem type="loa" free="193536" total="193536" percent="100" />
    </mem>
    <remembered-set count="129" />
  </mem-info>
</gc-start>
<allocation-stats totalBytes="92621992" >
  <allocated-bytes non-tlh="1168" tlh="92620824" />
  <largest-consumer threadName="main" threadId="0000000000959F00" bytes="92621992" />
</allocation-stats>
<gc-op id="4357" type="scavenge" timems="0.948" contextid="4354" timestamp="2019-08-08T20:26:18.056">
  <scavenger-info tenureage="3" tenuremask="fff8" tiltratio="89" />
  <memory-copied type="nursery" objects="248" bytes="8032" bytesdiscarded="64112" />
  <references type="weak" candidates="37" cleared="0" enqueued="0" />
</gc-op>
<gc-end id="4358" type="scavenge" contextid="4354" durationms="1.088" usertimems="1.768" systemtimems="0.000" timestamp="2019-08-08T20:26:18.056" activeThreads="16">
  <mem-info id="4359" free="93627608" total="122421248" percent="76">
    <mem type="nursery" free="92595712" total="103022592" percent="89">
      <mem type="allocate" free="92595712" total="92667904" percent="99" />
      <mem type="survivor" free="0" total="10354688" percent="0" />
    </mem>
    <mem type="tenure" free="1031896" total="19398656" percent="5" macro-fragmented="0">
      <mem type="soa" free="838360" total="19205120" percent="4" />
      <mem type="loa" free="193536" total="193536" percent="100" />
    </mem>
    <remembered-set count="129" />
  </mem-info>
</gc-end>
<cycle-end id="4360" type="scavenge" contextid="4354" timestamp="2019-08-08T20:26:18.056" />
  <attribute name="elasticGC enabled" value="1" />
  <attribute name= "numThreadsSpecified" value="16" />
  <attribute name="heapSize specified" value="42401792" />
  <attribute name="Current GC Util" value="1" />
  <attribute name= "Current Time Running" value="145474" />
  <attribute name ="GC Interval" value="2241" />
  <attribute name="Target GC Util Change" value ="80.000000" />
  <attribute name="Current GC Util Change" value="1.000000"/>
  <attribute name="Current Error" value="408.000000" />
  <attribute name="Output H" value="122459328"/>
  <attribute name="Output I" value="2240"/>
  <attribute name="Output T" value="16"/>
  <attribute name= "Current Time Running" value="145474" />
  <attribute name="GC Util currently" value="1" />
  <attribute name="CPU Util currently" value="13815117646" />
<allocation-satisfied id="4361" threadId="0000000000959F00" bytesRequested="32" />
<af-end id="4362" timestamp="2019-08-08T20:26:18.056" threadId="000000000095A888" success="true" from="nursery"/>
<exclusive-end id="4363" timestamp="2019-08-08T20:26:18.056" durationms="1.289" />

<exclusive-start id="4364" timestamp="2019-08-08T20:26:18.077" intervalms="22.126">
  <response-info timems="0.030" idlems="0.030" threads="0" lastid="0000000000959F00" lastname="main" />
</exclusive-start>
<af-start id="4365" threadId="000000000095A888" totalBytesRequested="16" timestamp="2019-08-08T20:26:18.077" intervalms="22.128" type="nursery" />
<cycle-start id="4366" type="scavenge" contextid="0" timestamp="2019-08-08T20:26:18.077" intervalms="22.129" />
<gc-start id="4367" type="scavenge" contextid="4366" timestamp="2019-08-08T20:26:18.077">
  <mem-info id="4368" free="1031896" total="122421248" percent="0">
    <mem type="nursery" free="0" total="103022592" percent="0">
      <mem type="allocate" free="0" total="92667904" percent="0" />
      <mem type="survivor" free="0" total="10354688" percent="0" />
    </mem>
    <mem type="tenure" free="1031896" total="19398656" percent="5">
      <mem type="soa" free="838360" total="19205120" percent="4" />
      <mem type="loa" free="193536" total="193536" percent="100" />
    </mem>
    <remembered-set count="131" />
  </mem-info>
</gc-start>
<allocation-stats totalBytes="92546328" >
  <allocated-bytes non-tlh="32" tlh="92546296" />
  <largest-consumer threadName="main" threadId="0000000000959F00" bytes="92546328" />
</allocation-stats>
<gc-op id="4369" type="scavenge" timems="1.172" contextid="4366" timestamp="2019-08-08T20:26:18.078">
  <scavenger-info tenureage="3" tenuremask="fff8" tiltratio="89" />
  <memory-copied type="nursery" objects="80" bytes="2520" bytesdiscarded="53544" />
  <references type="weak" candidates="37" cleared="7" enqueued="3" />
</gc-op>
<gc-end id="4370" type="scavenge" contextid="4366" durationms="1.249" usertimems="2.015" systemtimems="0.000" timestamp="2019-08-08T20:26:18.078" activeThreads="16">
  <mem-info id="4371" free="93643736" total="122421248" percent="76">
    <mem type="nursery" free="92611840" total="103022592" percent="89">
      <mem type="allocate" free="92611840" total="92667904" percent="99" />
      <mem type="survivor" free="0" total="10354688" percent="0" />
    </mem>
    <mem type="tenure" free="1031896" total="19398656" percent="5" macro-fragmented="0">
      <mem type="soa" free="838360" total="19205120" percent="4" />
      <mem type="loa" free="193536" total="193536" percent="100" />
    </mem>
    <pending-finalizers system="0" default="0" reference="3" classloader="0" />
    <remembered-set count="121" />
  </mem-info>
</gc-end>
<cycle-end id="4372" type="scavenge" contextid="4366" timestamp="2019-08-08T20:26:18.078" />
  <attribute name="elasticGC enabled" value="1" />
  <attribute name= "numThreadsSpecified" value="16" />
  <attribute name="heapSize specified" value="42401792" />
  <attribute name="Current GC Util" value="8" />
  <attribute name= "Current Time Running" value="145496" />
  <attribute name ="GC Interval" value="2049" />
  <attribute name="Target GC Util Change" value ="80.000000" />
  <attribute name="Current GC Util Change" value="8.000000"/>
  <attribute name="Current Error" value="72.000000" />
  <attribute name="Output H" value="122459136"/>
  <attribute name="Output I" value="2048"/>
  <attribute name="Output T" value="16"/>
  <attribute name= "Current Time Running" value="145496" />
  <attribute name="GC Util currently" value="8" />
  <attribute name="CPU Util currently" value="52103022909" />
<allocation-satisfied id="4373" threadId="0000000000959F00" bytesRequested="16" />
<af-end id="4374" timestamp="2019-08-08T20:26:18.078" threadId="000000000095A888" success="true" from="nursery"/>
<exclusive-end id="4375" timestamp="2019-08-08T20:26:18.078" durationms="1.443" />

<exclusive-start id="4376" timestamp="2019-08-08T20:26:18.097" intervalms="19.775">
  <response-info timems="0.016" idlems="0.016" threads="0" lastid="0000000000959F00" lastname="main" />
</exclusive-start>
<af-start id="4377" threadId="000000000095A888" totalBytesRequested="232" timestamp="2019-08-08T20:26:18.097" intervalms="19.773" type="nursery" />
<cycle-start id="4378" type="scavenge" contextid="0" timestamp="2019-08-08T20:26:18.097" intervalms="19.773" />
<gc-start id="4379" type="scavenge" contextid="4378" timestamp="2019-08-08T20:26:18.097">
  <mem-info id="4380" free="1031896" total="122421248" percent="0">
    <mem type="nursery" free="0" total="103022592" percent="0">
      <mem type="allocate" free="0" total="92667904" percent="0" />
      <mem type="survivor" free="0" total="10354688" percent="0" />
    </mem>
    <mem type="tenure" free="1031896" total="19398656" percent="5">
      <mem type="soa" free="838360" total="19205120" percent="4" />
      <mem type="loa" free="193536" total="193536" percent="100" />
    </mem>
    <remembered-set count="122" />
  </mem-info>
</gc-start>
<allocation-stats totalBytes="92564136" >
  <allocated-bytes non-tlh="16" tlh="92564120" />
  <largest-consumer threadName="main" threadId="0000000000959F00" bytes="92564136" />
</allocation-stats>
<gc-op id="4381" type="scavenge" timems="0.711" contextid="4378" timestamp="2019-08-08T20:26:18.097">
  <scavenger-info tenureage="3" tenuremask="fff8" tiltratio="89" />
  <memory-copied type="nursery" objects="79" bytes="2512" bytesdiscarded="77360" />
  <references type="weak" candidates="30" cleared="0" enqueued="0" />
</gc-op>
<gc-end id="4382" type="scavenge" contextid="4378" durationms="0.823" usertimems="1.483" systemtimems="0.000" timestamp="2019-08-08T20:26:18.098" activeThreads="16">
  <mem-info id="4383" free="93619928" total="122421248" percent="76">
    <mem type="nursery" free="92588032" total="103022592" percent="89">
      <mem type="allocate" free="92588032" total="92667904" percent="99" />
      <mem type="survivor" free="0" total="10354688" percent="0" />
    </mem>
    <mem type="tenure" free="1031896" total="19398656" percent="5" macro-fragmented="0">
      <mem type="soa" free="838360" total="19205120" percent="4" />
      <mem type="loa" free="193536" total="193536" percent="100" />
    </mem>
    <remembered-set count="122" />
  </mem-info>
</gc-end>
<cycle-end id="4384" type="scavenge" contextid="4378" timestamp="2019-08-08T20:26:18.098" />
  <attribute name="elasticGC enabled" value="1" />
  <attribute name= "numThreadsSpecified" value="16" />
  <attribute name="heapSize specified" value="42401792" />
  <attribute name="Current GC Util" value="10" />
  <attribute name= "Current Time Running" value="145516" />
  <attribute name ="GC Interval" value="2089" />
  <attribute name="Target GC Util Change" value ="80.000000" />
  <attribute name="Current GC Util Change" value="10.000000"/>
  <attribute name="Current Error" value="142.000000" />
  <attribute name="Output H" value="122459176"/>
  <attribute name="Output I" value="2088"/>
  <attribute name="Output T" value="16"/>
  <attribute name= "Current Time Running" value="145516" />
  <attribute name="GC Util currently" value="10" />
  <attribute name="CPU Util currently" value="58200632250" />
<allocation-satisfied id="4385" threadId="0000000000959F00" bytesRequested="232" />
<af-end id="4386" timestamp="2019-08-08T20:26:18.098" threadId="000000000095A888" success="true" from="nursery"/>
<exclusive-end id="4387" timestamp="2019-08-08T20:26:18.098" durationms="1.019" />

<exclusive-start id="4388" timestamp="2019-08-08T20:26:18.115" intervalms="18.735">
  <response-info timems="0.016" idlems="0.016" threads="0" lastid="0000000000959F00" lastname="main" />
</exclusive-start>
<af-start id="4389" threadId="000000000095A888" totalBytesRequested="72" timestamp="2019-08-08T20:26:18.115" intervalms="18.740" type="nursery" />
<cycle-start id="4390" type="scavenge" contextid="0" timestamp="2019-08-08T20:26:18.115" intervalms="18.738" />
<gc-start id="4391" type="scavenge" contextid="4390" timestamp="2019-08-08T20:26:18.115">
  <mem-info id="4392" free="1031896" total="122421248" percent="0">
    <mem type="nursery" free="0" total="103022592" percent="0">
      <mem type="allocate" free="0" total="92667904" percent="0" />
      <mem type="survivor" free="0" total="10354688" percent="0" />
    </mem>
    <mem type="tenure" free="1031896" total="19398656" percent="5">
      <mem type="soa" free="838360" total="19205120" percent="4" />
      <mem type="loa" free="193536" total="193536" percent="100" />
    </mem>
    <remembered-set count="124" />
  </mem-info>
</gc-start>
<allocation-stats totalBytes="92525488" >
  <allocated-bytes non-tlh="232" tlh="92525256" />
  <largest-consumer threadName="main" threadId="0000000000959F00" bytes="92525488" />
</allocation-stats>
<gc-op id="4393" type="scavenge" timems="0.781" contextid="4390" timestamp="2019-08-08T20:26:18.116">
  <scavenger-info tenureage="3" tenuremask="fff8" tiltratio="89" />
  <memory-copied type="nursery" objects="29" bytes="904" bytesdiscarded="31352" />
  <memory-copied type="tenure" objects="56" bytes="1616" bytesdiscarded="0" />
</gc-op>
<gc-end id="4394" type="scavenge" contextid="4390" durationms="0.876" usertimems="1.640" systemtimems="0.000" timestamp="2019-08-08T20:26:18.116" activeThreads="16">
  <mem-info id="4395" free="93667544" total="122421248" percent="76">
    <mem type="nursery" free="92635648" total="103022592" percent="89">
      <mem type="allocate" free="92635648" total="92667904" percent="99" />
      <mem type="survivor" free="0" total="10354688" percent="0" />
    </mem>
    <mem type="tenure" free="1031896" total="19398656" percent="5" macro-fragmented="0">
      <mem type="soa" free="838360" total="19205120" percent="4" />
      <mem type="loa" free="193536" total="193536" percent="100" />
    </mem>
    <remembered-set count="114" />
  </mem-info>
</gc-end>
<cycle-end id="4396" type="scavenge" contextid="4390" timestamp="2019-08-08T20:26:18.116" />
  <attribute name="elasticGC enabled" value="1" />
  <attribute name= "numThreadsSpecified" value="16" />
  <attribute name="heapSize specified" value="42401792" />
  <attribute name="Current GC Util" value="8" />
  <attribute name= "Current Time Running" value="145535" />
  <attribute name ="GC Interval" value="2129" />
  <attribute name="Target GC Util Change" value ="80.000000" />
  <attribute name="Current GC Util Change" value="8.000000"/>
  <attribute name="Current Error" value="214.000000" />
  <attribute name="Output H" value="122459216"/>
  <attribute name="Output I" value="2128"/>
  <attribute name="Output T" value="16"/>
  <attribute name= "Current Time Running" value="145535" />
  <attribute name="GC Util currently" value="8" />
  <attribute name="CPU Util currently" value="61606269091" />
<allocation-satisfied id="4397" threadId="0000000000959F00" bytesRequested="72" />
<af-end id="4398" timestamp="2019-08-08T20:26:18.116" threadId="000000000095A888" success="true" from="nursery"/>
<exclusive-end id="4399" timestamp="2019-08-08T20:26:18.116" durationms="1.112" />

<exclusive-start id="4400" timestamp="2019-08-08T20:26:18.142" intervalms="26.716">
  <response-info timems="0.019" idlems="0.019" threads="0" lastid="0000000000959F00" lastname="main" />
</exclusive-start>
<af-start id="4401" threadId="000000000095A888" totalBytesRequested="24" timestamp="2019-08-08T20:26:18.142" intervalms="26.713" type="nursery" />
<cycle-start id="4402" type="scavenge" contextid="0" timestamp="2019-08-08T20:26:18.142" intervalms="26.714" />
<gc-start id="4403" type="scavenge" contextid="4402" timestamp="2019-08-08T20:26:18.142">
  <mem-info id="4404" free="1031896" total="122421248" percent="0">
    <mem type="nursery" free="0" total="103022592" percent="0">
      <mem type="allocate" free="0" total="92667904" percent="0" />
      <mem type="survivor" free="0" total="10354688" percent="0" />
    </mem>
    <mem type="tenure" free="1031896" total="19398656" percent="5">
      <mem type="soa" free="838360" total="19205120" percent="4" />
      <mem type="loa" free="193536" total="193536" percent="100" />
    </mem>
    <remembered-set count="116" />
  </mem-info>
</gc-start>
<allocation-stats totalBytes="92582616" >
  <allocated-bytes non-tlh="72" tlh="92582544" />
  <largest-consumer threadName="main" threadId="0000000000959F00" bytes="92582616" />
</allocation-stats>
<gc-op id="4405" type="scavenge" timems="2.026" contextid="4402" timestamp="2019-08-08T20:26:18.144">
  <scavenger-info tenureage="5" tenuremask="ffe0" tiltratio="89" />
  <memory-copied type="nursery" objects="46" bytes="1624" bytesdiscarded="30632" />
</gc-op>
<gc-end id="4406" type="scavenge" contextid="4402" durationms="2.156" usertimems="2.698" systemtimems="0.000" timestamp="2019-08-08T20:26:18.144" activeThreads="16">
  <mem-info id="4407" free="93667544" total="122421248" percent="76">
    <mem type="nursery" free="92635648" total="103022592" percent="89">
      <mem type="allocate" free="92635648" total="92667904" percent="99" />
      <mem type="survivor" free="0" total="10354688" percent="0" />
    </mem>
    <mem type="tenure" free="1031896" total="19398656" percent="5" macro-fragmented="0">
      <mem type="soa" free="838360" total="19205120" percent="4" />
      <mem type="loa" free="193536" total="193536" percent="100" />
    </mem>
    <remembered-set count="116" />
  </mem-info>
</gc-end>
<cycle-end id="4408" type="scavenge" contextid="4402" timestamp="2019-08-08T20:26:18.144" />
  <attribute name="elasticGC enabled" value="1" />
  <attribute name= "numThreadsSpecified" value="16" />
  <attribute name="heapSize specified" value="42401792" />
  <attribute name="Current GC Util" value="6" />
  <attribute name= "Current Time Running" value="145561" />
  <attribute name ="GC Interval" value="2169" />
  <attribute name="Target GC Util Change" value ="80.000000" />
  <attribute name="Current GC Util Change" value="6.000000"/>
  <attribute name="Current Error" value="288.000000" />
  <attribute name="Output H" value="122459256"/>
  <attribute name="Output I" value="2168"/>
  <attribute name="Output T" value="16"/>
  <attribute name= "Current Time Running" value="145561" />
  <attribute name="GC Util currently" value="6" />
  <attribute name="CPU Util currently" value="43170583758" />
<allocation-satisfied id="4409" threadId="0000000000959F00" bytesRequested="24" />
<af-end id="4410" timestamp="2019-08-08T20:26:18.144" threadId="000000000095A888" success="true" from="nursery"/>
<exclusive-end id="4411" timestamp="2019-08-08T20:26:18.144" durationms="2.405" />

<exclusive-start id="4412" timestamp="2019-08-08T20:26:18.358" intervalms="215.697">
  <response-info timems="0.032" idlems="0.032" threads="0" lastid="0000000000959F00" lastname="main" />
</exclusive-start>
<af-start id="4413" threadId="000000000095A888" totalBytesRequested="17256" timestamp="2019-08-08T20:26:18.358" intervalms="215.751" type="nursery" />
<cycle-start id="4414" type="scavenge" contextid="0" timestamp="2019-08-08T20:26:18.358" intervalms="215.754" />
<gc-start id="4415" type="scavenge" contextid="4414" timestamp="2019-08-08T20:26:18.358">
  <mem-info id="4416" free="1031896" total="122421248" percent="0">
    <mem type="nursery" free="0" total="103022592" percent="0">
      <mem type="allocate" free="0" total="92667904" percent="0" />
      <mem type="survivor" free="0" total="10354688" percent="0" />
    </mem>
    <mem type="tenure" free="1031896" total="19398656" percent="5">
      <mem type="soa" free="838360" total="19205120" percent="4" />
      <mem type="loa" free="193536" total="193536" percent="100" />
    </mem>
    <remembered-set count="128" />
  </mem-info>
</gc-start>
<allocation-stats totalBytes="89388752" >
  <allocated-bytes non-tlh="24" tlh="89388728" />
  <largest-consumer threadName="main" threadId="0000000000959F00" bytes="89388752" />
</allocation-stats>
<gc-op id="4417" type="scavenge" timems="0.649" contextid="4414" timestamp="2019-08-08T20:26:18.359">
  <scavenger-info tenureage="3" tenuremask="fff8" tiltratio="89" />
  <memory-copied type="nursery" objects="79" bytes="22768" bytesdiscarded="29720" />
  <memory-copied type="tenure" objects="6" bytes="144" bytesdiscarded="0" />
</gc-op>
<gc-end id="4418" type="scavenge" contextid="4414" durationms="0.785" usertimems="1.641" systemtimems="0.000" timestamp="2019-08-08T20:26:18.359" activeThreads="16">
  <mem-info id="4419" free="93647312" total="122421248" percent="76">
    <mem type="nursery" free="92615416" total="103022592" percent="89">
      <mem type="allocate" free="92615416" total="92667904" percent="99" />
      <mem type="survivor" free="0" total="10354688" percent="0" />
    </mem>
    <mem type="tenure" free="1031896" total="19398656" percent="5" macro-fragmented="0">
      <mem type="soa" free="838360" total="19205120" percent="4" />
      <mem type="loa" free="193536" total="193536" percent="100" />
    </mem>
    <remembered-set count="126" />
  </mem-info>
</gc-end>
<cycle-end id="4420" type="scavenge" contextid="4414" timestamp="2019-08-08T20:26:18.359" />
  <attribute name="elasticGC enabled" value="1" />
  <attribute name= "numThreadsSpecified" value="16" />
  <attribute name="heapSize specified" value="42401792" />
  <attribute name="Current GC Util" value="1" />
  <attribute name= "Current Time Running" value="145777" />
  <attribute name ="GC Interval" value="2217" />
  <attribute name="Target GC Util Change" value ="80.000000" />
  <attribute name="Current GC Util Change" value="1.000000"/>
  <attribute name="Current Error" value="367.000000" />
  <attribute name="Output H" value="122459304"/>
  <attribute name="Output I" value="2216"/>
  <attribute name="Output T" value="16"/>
  <attribute name= "Current Time Running" value="145777" />
  <attribute name="GC Util currently" value="1" />
  <attribute name="CPU Util currently" value="5342685335" />
<allocation-satisfied id="4421" threadId="0000000000959F00" bytesRequested="17256" />
<af-end id="4422" timestamp="2019-08-08T20:26:18.359" threadId="000000000095A888" success="true" from="nursery"/>
<exclusive-end id="4423" timestamp="2019-08-08T20:26:18.359" durationms="1.141" />

<exclusive-start id="4424" timestamp="2019-08-08T20:26:18.535" intervalms="177.617">
  <response-info timems="0.015" idlems="0.015" threads="0" lastid="0000000000959F00" lastname="main" />
</exclusive-start>
<af-start id="4425" threadId="000000000095A888" totalBytesRequested="16" timestamp="2019-08-08T20:26:18.535" intervalms="177.573" type="nursery" />
<cycle-start id="4426" type="scavenge" contextid="0" timestamp="2019-08-08T20:26:18.535" intervalms="177.570" />
<gc-start id="4427" type="scavenge" contextid="4426" timestamp="2019-08-08T20:26:18.535">
  <mem-info id="4428" free="1031896" total="122421248" percent="0">
    <mem type="nursery" free="0" total="103022592" percent="0">
      <mem type="allocate" free="0" total="92667904" percent="0" />
      <mem type="survivor" free="0" total="10354688" percent="0" />
    </mem>
    <mem type="tenure" free="1031896" total="19398656" percent="5">
      <mem type="soa" free="838360" total="19205120" percent="4" />
      <mem type="loa" free="193536" total="193536" percent="100" />
    </mem>
    <remembered-set count="140" />
  </mem-info>
</gc-start>
<allocation-stats totalBytes="92605000" >
  <allocated-bytes non-tlh="17256" tlh="92587744" />
  <largest-consumer threadName="main" threadId="0000000000959F00" bytes="92605000" />
</allocation-stats>
<gc-op id="4429" type="scavenge" timems="0.989" contextid="4426" timestamp="2019-08-08T20:26:18.537">
  <scavenger-info tenureage="3" tenuremask="ffd8" tiltratio="89" />
  <memory-copied type="nursery" objects="117" bytes="3344" bytesdiscarded="28912" />
  <memory-copied type="tenure" objects="6" bytes="144" bytesdiscarded="0" />
</gc-op>
<gc-end id="4430" type="scavenge" contextid="4426" durationms="1.107" usertimems="1.385" systemtimems="0.000" timestamp="2019-08-08T20:26:18.537" activeThreads="16">
  <mem-info id="4431" free="93667544" total="122421248" percent="76">
    <mem type="nursery" free="92635648" total="103022592" percent="89">
      <mem type="allocate" free="92635648" total="92667904" percent="99" />
      <mem type="survivor" free="0" total="10354688" percent="0" />
    </mem>
    <mem type="tenure" free="1031896" total="19398656" percent="5" macro-fragmented="0">
      <mem type="soa" free="838360" total="19205120" percent="4" />
      <mem type="loa" free="193536" total="193536" percent="100" />
    </mem>
    <remembered-set count="138" />
  </mem-info>
</gc-end>
<cycle-end id="4432" type="scavenge" contextid="4426" timestamp="2019-08-08T20:26:18.537" />
  <attribute name="elasticGC enabled" value="1" />
  <attribute name= "numThreadsSpecified" value="16" />
  <attribute name="heapSize specified" value="42401792" />
  <attribute name="Current GC Util" value="0" />
  <attribute name= "Current Time Running" value="145955" />
  <attribute name ="GC Interval" value="2265" />
  <attribute name="Target GC Util Change" value ="80.000000" />
  <attribute name="Current GC Util Change" value="0.000000"/>
  <attribute name="Current Error" value="447.000000" />
  <attribute name="Output H" value="122459352"/>
  <attribute name="Output I" value="2264"/>
  <attribute name="Output T" value="16"/>
  <attribute name= "Current Time Running" value="145955" />
  <attribute name="GC Util currently" value="0" />
  <attribute name="CPU Util currently" value="6493961682" />
<allocation-satisfied id="4433" threadId="0000000000959F00" bytesRequested="16" />
<af-end id="4434" timestamp="2019-08-08T20:26:18.537" threadId="000000000095A888" success="true" from="nursery"/>
<exclusive-end id="4435" timestamp="2019-08-08T20:26:18.537" durationms="1.348" />

<exclusive-start id="4436" timestamp="2019-08-08T20:26:18.626" intervalms="90.549">
  <response-info timems="0.014" idlems="0.014" threads="0" lastid="0000000000959F00" lastname="main" />
</exclusive-start>
<af-start id="4437" threadId="000000000095A888" totalBytesRequested="32" timestamp="2019-08-08T20:26:18.626" intervalms="90.536" type="nursery" />
<cycle-start id="4438" type="scavenge" contextid="0" timestamp="2019-08-08T20:26:18.626" intervalms="90.535" />
<gc-start id="4439" type="scavenge" contextid="4438" timestamp="2019-08-08T20:26:18.626">
  <mem-info id="4440" free="1031896" total="122421248" percent="0">
    <mem type="nursery" free="0" total="103022592" percent="0">
      <mem type="allocate" free="0" total="92667904" percent="0" />
      <mem type="survivor" free="0" total="10354688" percent="0" />
    </mem>
    <mem type="tenure" free="1031896" total="19398656" percent="5">
      <mem type="soa" free="838360" total="19205120" percent="4" />
      <mem type="loa" free="193536" total="193536" percent="100" />
    </mem>
    <remembered-set count="142" />
  </mem-info>
</gc-start>
<allocation-stats totalBytes="92610656" >
  <allocated-bytes non-tlh="16" tlh="92610640" />
  <largest-consumer threadName="main" threadId="0000000000959F00" bytes="92610656" />
</allocation-stats>
<gc-op id="4441" type="scavenge" timems="1.013" contextid="4438" timestamp="2019-08-08T20:26:18.627">
  <scavenger-info tenureage="3" tenuremask="ffe8" tiltratio="89" />
  <memory-copied type="nursery" objects="102" bytes="2744" bytesdiscarded="29512" />
  <memory-copied type="tenure" objects="6" bytes="144" bytesdiscarded="0" />
</gc-op>
<gc-end id="4442" type="scavenge" contextid="4438" durationms="1.122" usertimems="1.778" systemtimems="0.000" timestamp="2019-08-08T20:26:18.627" activeThreads="16">
  <mem-info id="4443" free="93667544" total="122421248" percent="76">
    <mem type="nursery" free="92635648" total="103022592" percent="89">
      <mem type="allocate" free="92635648" total="92667904" percent="99" />
      <mem type="survivor" free="0" total="10354688" percent="0" />
    </mem>
    <mem type="tenure" free="1031896" total="19398656" percent="5" macro-fragmented="0">
      <mem type="soa" free="838360" total="19205120" percent="4" />
      <mem type="loa" free="193536" total="193536" percent="100" />
    </mem>
    <remembered-set count="140" />
  </mem-info>
</gc-end>
<cycle-end id="4444" type="scavenge" contextid="4438" timestamp="2019-08-08T20:26:18.627" />
  <attribute name="elasticGC enabled" value="1" />
  <attribute name= "numThreadsSpecified" value="16" />
  <attribute name="heapSize specified" value="42401792" />
  <attribute name="Current GC Util" value="1" />
  <attribute name= "Current Time Running" value="146045" />
  <attribute name ="GC Interval" value="2049" />
  <attribute name="Target GC Util Change" value ="80.000000" />
  <attribute name="Current GC Util Change" value="1.000000"/>
  <attribute name="Current Error" value="79.000000" />
  <attribute name="Output H" value="122459136"/>
  <attribute name="Output I" value="2048"/>
  <attribute name="Output T" value="16"/>
  <attribute name= "Current Time Running" value="146045" />
  <attribute name="GC Util currently" value="1" />
  <attribute name="CPU Util currently" value="12739350836" />
<allocation-satisfied id="4445" threadId="0000000000959F00" bytesRequested="32" />
<af-end id="4446" timestamp="2019-08-08T20:26:18.627" threadId="000000000095A888" success="true" from="nursery"/>
<exclusive-end id="4447" timestamp="2019-08-08T20:26:18.627" durationms="1.313" />

<exclusive-start id="4448" timestamp="2019-08-08T20:26:18.739" intervalms="113.221">
  <response-info timems="0.017" idlems="0.017" threads="0" lastid="0000000000959F00" lastname="main" />
</exclusive-start>
<af-start id="4449" threadId="000000000095A888" totalBytesRequested="32" timestamp="2019-08-08T20:26:18.739" intervalms="113.229" type="nursery" />
<cycle-start id="4450" type="scavenge" contextid="0" timestamp="2019-08-08T20:26:18.739" intervalms="113.230" />
<gc-start id="4451" type="scavenge" contextid="4450" timestamp="2019-08-08T20:26:18.739">
  <mem-info id="4452" free="1031896" total="122421248" percent="0">
    <mem type="nursery" free="0" total="103022592" percent="0">
      <mem type="allocate" free="0" total="92667904" percent="0" />
      <mem type="survivor" free="0" total="10354688" percent="0" />
    </mem>
    <mem type="tenure" free="1031896" total="19398656" percent="5">
      <mem type="soa" free="838360" total="19205120" percent="4" />
      <mem type="loa" free="193536" total="193536" percent="100" />
    </mem>
    <remembered-set count="146" />
  </mem-info>
</gc-start>
<allocation-stats totalBytes="92624512" >
  <allocated-bytes non-tlh="32" tlh="92624480" />
  <largest-consumer threadName="main" threadId="0000000000959F00" bytes="92624512" />
</allocation-stats>
<gc-op id="4453" type="scavenge" timems="0.767" contextid="4450" timestamp="2019-08-08T20:26:18.740">
  <scavenger-info tenureage="3" tenuremask="ffe8" tiltratio="89" />
  <memory-copied type="nursery" objects="80" bytes="2192" bytesdiscarded="13936" />
  <memory-copied type="tenure" objects="36" bytes="864" bytesdiscarded="0" />
</gc-op>
<gc-end id="4454" type="scavenge" contextid="4450" durationms="0.862" usertimems="1.417" systemtimems="0.000" timestamp="2019-08-08T20:26:18.740" activeThreads="16">
  <mem-info id="4455" free="93683672" total="122421248" percent="76">
    <mem type="nursery" free="92651776" total="103022592" percent="89">
      <mem type="allocate" free="92651776" total="92667904" percent="99" />
      <mem type="survivor" free="0" total="10354688" percent="0" />
    </mem>
    <mem type="tenure" free="1031896" total="19398656" percent="5" macro-fragmented="0">
      <mem type="soa" free="838360" total="19205120" percent="4" />
      <mem type="loa" free="193536" total="193536" percent="100" />
    </mem>
    <remembered-set count="134" />
  </mem-info>
</gc-end>
<cycle-end id="4456" type="scavenge" contextid="4450" timestamp="2019-08-08T20:26:18.740" />
  <attribute name="elasticGC enabled" value="1" />
  <attribute name= "numThreadsSpecified" value="16" />
  <attribute name="heapSize specified" value="42401792" />
  <attribute name="Current GC Util" value="1" />
  <attribute name= "Current Time Running" value="146158" />
  <attribute name ="GC Interval" value="2097" />
  <attribute name="Target GC Util Change" value ="80.000000" />
  <attribute name="Current GC Util Change" value="1.000000"/>
  <attribute name="Current Error" value="158.000000" />
  <attribute name="Output H" value="122459184"/>
  <attribute name="Output I" value="2096"/>
  <attribute name="Output T" value="16"/>
  <attribute name= "Current Time Running" value="146158" />
  <attribute name="GC Util currently" value="1" />
  <attribute name="CPU Util currently" value="10178388883" />
<allocation-satisfied id="4457" threadId="0000000000959F00" bytesRequested="32" />
<af-end id="4458" timestamp="2019-08-08T20:26:18.740" threadId="000000000095A888" success="true" from="nursery"/>
<exclusive-end id="4459" timestamp="2019-08-08T20:26:18.740" durationms="1.103" />

<exclusive-start id="4460" timestamp="2019-08-08T20:26:18.893" intervalms="154.107">
  <response-info timems="0.018" idlems="0.018" threads="0" lastid="0000000000959F00" lastname="main" />
</exclusive-start>
<af-start id="4461" threadId="000000000095A888" totalBytesRequested="16" timestamp="2019-08-08T20:26:18.893" intervalms="154.105" type="nursery" />
<cycle-start id="4462" type="scavenge" contextid="0" timestamp="2019-08-08T20:26:18.893" intervalms="154.107" />
<gc-start id="4463" type="scavenge" contextid="4462" timestamp="2019-08-08T20:26:18.893">
  <mem-info id="4464" free="1031896" total="122421248" percent="0">
    <mem type="nursery" free="0" total="103022592" percent="0">
      <mem type="allocate" free="0" total="92667904" percent="0" />
      <mem type="survivor" free="0" total="10354688" percent="0" />
    </mem>
    <mem type="tenure" free="1031896" total="19398656" percent="5">
      <mem type="soa" free="838360" total="19205120" percent="4" />
      <mem type="loa" free="193536" total="193536" percent="100" />
    </mem>
    <remembered-set count="146" />
  </mem-info>
</gc-start>
<allocation-stats totalBytes="92646200" >
  <allocated-bytes non-tlh="32" tlh="92646168" />
  <largest-consumer threadName="main" threadId="0000000000959F00" bytes="92646200" />
</allocation-stats>
<gc-op id="4465" type="scavenge" timems="0.708" contextid="4462" timestamp="2019-08-08T20:26:18.894">
  <scavenger-info tenureage="3" tenuremask="ffe8" tiltratio="89" />
  <memory-copied type="nursery" objects="83" bytes="2168" bytesdiscarded="30088" />
  <memory-copied type="tenure" objects="34" bytes="888" bytesdiscarded="0" />
</gc-op>
<gc-end id="4466" type="scavenge" contextid="4462" durationms="0.804" usertimems="1.438" systemtimems="0.000" timestamp="2019-08-08T20:26:18.894" activeThreads="16">
  <mem-info id="4467" free="93667544" total="122421248" percent="76">
    <mem type="nursery" free="92635648" total="103022592" percent="89">
      <mem type="allocate" free="92635648" total="92667904" percent="99" />
      <mem type="survivor" free="0" total="10354688" percent="0" />
    </mem>
    <mem type="tenure" free="1031896" total="19398656" percent="5" macro-fragmented="0">
      <mem type="soa" free="838360" total="19205120" percent="4" />
      <mem type="loa" free="193536" total="193536" percent="100" />
    </mem>
    <remembered-set count="133" />
  </mem-info>
</gc-end>
<cycle-end id="4468" type="scavenge" contextid="4462" timestamp="2019-08-08T20:26:18.894" />
  <attribute name="elasticGC enabled" value="1" />
  <attribute name= "numThreadsSpecified" value="16" />
  <attribute name="heapSize specified" value="42401792" />
  <attribute name="Current GC Util" value="1" />
  <attribute name= "Current Time Running" value="146312" />
  <attribute name ="GC Interval" value="2137" />
  <attribute name="Target GC Util Change" value ="80.000000" />
  <attribute name="Current GC Util Change" value="1.000000"/>
  <attribute name="Current Error" value="237.000000" />
  <attribute name="Output H" value="122459224"/>
  <attribute name="Output I" value="2136"/>
  <attribute name="Output T" value="16"/>
  <attribute name= "Current Time Running" value="146312" />
  <attribute name="GC Util currently" value="1" />
  <attribute name="CPU Util currently" value="7482191696" />
<allocation-satisfied id="4469" threadId="0000000000959F00" bytesRequested="16" />
<af-end id="4470" timestamp="2019-08-08T20:26:18.894" threadId="000000000095A888" success="true" from="nursery"/>
<exclusive-end id="4471" timestamp="2019-08-08T20:26:18.894" durationms="1.017" />

<exclusive-start id="4472" timestamp="2019-08-08T20:26:18.966" intervalms="72.399">
  <response-info timems="0.020" idlems="0.020" threads="0" lastid="0000000000959F00" lastname="main" />
</exclusive-start>
<af-start id="4473" threadId="000000000095A888" totalBytesRequested="32" timestamp="2019-08-08T20:26:18.966" intervalms="72.393" type="nursery" />
<cycle-start id="4474" type="scavenge" contextid="0" timestamp="2019-08-08T20:26:18.966" intervalms="72.391" />
<gc-start id="4475" type="scavenge" contextid="4474" timestamp="2019-08-08T20:26:18.966">
  <mem-info id="4476" free="1031896" total="122421248" percent="0">
    <mem type="nursery" free="0" total="103022592" percent="0">
      <mem type="allocate" free="0" total="92667904" percent="0" />
      <mem type="survivor" free="0" total="10354688" percent="0" />
    </mem>
    <mem type="tenure" free="1031896" total="19398656" percent="5">
      <mem type="soa" free="838360" total="19205120" percent="4" />
      <mem type="loa" free="193536" total="193536" percent="100" />
    </mem>
    <remembered-set count="137" />
  </mem-info>
</gc-start>
<allocation-stats totalBytes="92629176" >
  <allocated-bytes non-tlh="16" tlh="92629160" />
  <largest-consumer threadName="main" threadId="0000000000959F00" bytes="92629176" />
</allocation-stats>
<gc-op id="4477" type="scavenge" timems="0.610" contextid="4474" timestamp="2019-08-08T20:26:18.966">
  <scavenger-info tenureage="3" tenuremask="ffe8" tiltratio="89" />
  <memory-copied type="nursery" objects="85" bytes="2240" bytesdiscarded="30016" />
  <memory-copied type="tenure" objects="13" bytes="336" bytesdiscarded="0" />
</gc-op>
<gc-end id="4478" type="scavenge" contextid="4474" durationms="0.690" usertimems="1.169" systemtimems="0.000" timestamp="2019-08-08T20:26:18.966" activeThreads="16">
  <mem-info id="4479" free="93667544" total="122421248" percent="76">
    <mem type="nursery" free="92635648" total="103022592" percent="89">
      <mem type="allocate" free="92635648" total="92667904" percent="99" />
      <mem type="survivor" free="0" total="10354688" percent="0" />
    </mem>
    <mem type="tenure" free="1031896" total="19398656" percent="5" macro-fragmented="0">
      <mem type="soa" free="838360" total="19205120" percent="4" />
      <mem type="loa" free="193536" total="193536" percent="100" />
    </mem>
    <remembered-set count="132" />
  </mem-info>
</gc-end>
<cycle-end id="4480" type="scavenge" contextid="4474" timestamp="2019-08-08T20:26:18.967" />
  <attribute name="elasticGC enabled" value="1" />
  <attribute name= "numThreadsSpecified" value="16" />
  <attribute name="heapSize specified" value="42401792" />
  <attribute name="Current GC Util" value="2" />
  <attribute name= "Current Time Running" value="146385" />
  <attribute name ="GC Interval" value="2185" />
  <attribute name="Target GC Util Change" value ="80.000000" />
  <attribute name="Current GC Util Change" value="2.000000"/>
  <attribute name="Current Error" value="315.000000" />
  <attribute name="Output H" value="122459272"/>
  <attribute name="Output I" value="2184"/>
  <attribute name="Output T" value="16"/>
  <attribute name= "Current Time Running" value="146385" />
  <attribute name="GC Util currently" value="2" />
  <attribute name="CPU Util currently" value="15926626923" />
<allocation-satisfied id="4481" threadId="0000000000959F00" bytesRequested="32" />
<af-end id="4482" timestamp="2019-08-08T20:26:18.967" threadId="000000000095A888" success="true" from="nursery"/>
<exclusive-end id="4483" timestamp="2019-08-08T20:26:18.967" durationms="0.941" />

<exclusive-start id="4484" timestamp="2019-08-08T20:26:19.091" intervalms="125.026">
  <response-info timems="0.020" idlems="0.020" threads="0" lastid="0000000000959F00" lastname="main" />
</exclusive-start>
<af-start id="4485" threadId="000000000095A888" totalBytesRequested="520" timestamp="2019-08-08T20:26:19.091" intervalms="125.030" type="nursery" />
<cycle-start id="4486" type="scavenge" contextid="0" timestamp="2019-08-08T20:26:19.091" intervalms="125.030" />
<gc-start id="4487" type="scavenge" contextid="4486" timestamp="2019-08-08T20:26:19.091">
  <mem-info id="4488" free="1031896" total="122421248" percent="0">
    <mem type="nursery" free="0" total="103022592" percent="0">
      <mem type="allocate" free="0" total="92667904" percent="0" />
      <mem type="survivor" free="0" total="10354688" percent="0" />
    </mem>
    <mem type="tenure" free="1031896" total="19398656" percent="5">
      <mem type="soa" free="838360" total="19205120" percent="4" />
      <mem type="loa" free="193536" total="193536" percent="100" />
    </mem>
    <remembered-set count="138" />
  </mem-info>
</gc-start>
<allocation-stats totalBytes="92605088" >
  <allocated-bytes non-tlh="32" tlh="92605056" />
  <largest-consumer threadName="main" threadId="0000000000959F00" bytes="92605088" />
</allocation-stats>
<gc-op id="4489" type="scavenge" timems="0.803" contextid="4486" timestamp="2019-08-08T20:26:19.092">
  <scavenger-info tenureage="3" tenuremask="ffe8" tiltratio="89" />
  <memory-copied type="nursery" objects="95" bytes="3200" bytesdiscarded="29056" />
  <memory-copied type="tenure" objects="18" bytes="432" bytesdiscarded="0" />
</gc-op>
<gc-end id="4490" type="scavenge" contextid="4486" durationms="0.941" usertimems="1.512" systemtimems="0.000" timestamp="2019-08-08T20:26:19.092" activeThreads="16">
  <mem-info id="4491" free="93667544" total="122421248" percent="76">
    <mem type="nursery" free="92635648" total="103022592" percent="89">
      <mem type="allocate" free="92635648" total="92667904" percent="99" />
      <mem type="survivor" free="0" total="10354688" percent="0" />
    </mem>
    <mem type="tenure" free="1031896" total="19398656" percent="5" macro-fragmented="0">
      <mem type="soa" free="838360" total="19205120" percent="4" />
      <mem type="loa" free="193536" total="193536" percent="100" />
    </mem>
    <remembered-set count="132" />
  </mem-info>
</gc-end>
<cycle-end id="4492" type="scavenge" contextid="4486" timestamp="2019-08-08T20:26:19.092" />
  <attribute name="elasticGC enabled" value="1" />
  <attribute name= "numThreadsSpecified" value="16" />
  <attribute name="heapSize specified" value="42401792" />
  <attribute name="Current GC Util" value="1" />
  <attribute name= "Current Time Running" value="146510" />
  <attribute name ="GC Interval" value="2233" />
  <attribute name="Target GC Util Change" value ="80.000000" />
  <attribute name="Current GC Util Change" value="1.000000"/>
  <attribute name="Current Error" value="394.000000" />
  <attribute name="Output H" value="122459320"/>
  <attribute name="Output I" value="2232"/>
  <attribute name="Output T" value="16"/>
  <attribute name= "Current Time Running" value="146510" />
  <attribute name="GC Util currently" value="1" />
  <attribute name="CPU Util currently" value="9218474891" />
<allocation-satisfied id="4493" threadId="0000000000959F00" bytesRequested="520" />
<af-end id="4494" timestamp="2019-08-08T20:26:19.092" threadId="000000000095A888" success="true" from="nursery"/>
<exclusive-end id="4495" timestamp="2019-08-08T20:26:19.092" durationms="1.239" />

<exclusive-start id="4496" timestamp="2019-08-08T20:26:19.163" intervalms="72.448">
  <response-info timems="0.021" idlems="0.021" threads="0" lastid="0000000000959F00" lastname="main" />
</exclusive-start>
<af-start id="4497" threadId="000000000095A888" totalBytesRequested="544" timestamp="2019-08-08T20:26:19.163" intervalms="72.449" type="nursery" />
<cycle-start id="4498" type="scavenge" contextid="0" timestamp="2019-08-08T20:26:19.163" intervalms="72.452" />
<gc-start id="4499" type="scavenge" contextid="4498" timestamp="2019-08-08T20:26:19.163">
  <mem-info id="4500" free="1031896" total="122421248" percent="0">
    <mem type="nursery" free="0" total="103022592" percent="0">
      <mem type="allocate" free="0" total="92667904" percent="0" />
      <mem type="survivor" free="0" total="10354688" percent="0" />
    </mem>
    <mem type="tenure" free="1031896" total="19398656" percent="5">
      <mem type="soa" free="838360" total="19205120" percent="4" />
      <mem type="loa" free="193536" total="193536" percent="100" />
    </mem>
    <remembered-set count="136" />
  </mem-info>
</gc-start>
<allocation-stats totalBytes="92565488" >
  <allocated-bytes non-tlh="520" tlh="92564968" />
  <largest-consumer threadName="main" threadId="0000000000959F00" bytes="92565488" />
</allocation-stats>
<gc-op id="4501" type="scavenge" timems="0.967" contextid="4498" timestamp="2019-08-08T20:26:19.164">
  <scavenger-info tenureage="3" tenuremask="ffe8" tiltratio="89" />
  <memory-copied type="nursery" objects="60" bytes="2144" bytesdiscarded="30112" />
  <memory-copied type="tenure" objects="36" bytes="864" bytesdiscarded="0" />
</gc-op>
<gc-end id="4502" type="scavenge" contextid="4498" durationms="1.070" usertimems="1.370" systemtimems="0.000" timestamp="2019-08-08T20:26:19.164" activeThreads="16">
  <mem-info id="4503" free="93667544" total="122421248" percent="76">
    <mem type="nursery" free="92635648" total="103022592" percent="89">
      <mem type="allocate" free="92635648" total="92667904" percent="99" />
      <mem type="survivor" free="0" total="10354688" percent="0" />
    </mem>
    <mem type="tenure" free="1031896" total="19398656" percent="5" macro-fragmented="0">
      <mem type="soa" free="838360" total="19205120" percent="4" />
      <mem type="loa" free="193536" total="193536" percent="100" />
    </mem>
    <remembered-set count="124" />
  </mem-info>
</gc-end>
<cycle-end id="4504" type="scavenge" contextid="4498" timestamp="2019-08-08T20:26:19.164" />
  <attribute name="elasticGC enabled" value="1" />
  <attribute name= "numThreadsSpecified" value="16" />
  <attribute name="heapSize specified" value="42401792" />
  <attribute name="Current GC Util" value="2" />
  <attribute name= "Current Time Running" value="146582" />
  <attribute name ="GC Interval" value="2273" />
  <attribute name="Target GC Util Change" value ="80.000000" />
  <attribute name="Current GC Util Change" value="2.000000"/>
  <attribute name="Current Error" value="472.000000" />
  <attribute name="Output H" value="122459360"/>
  <attribute name="Output I" value="2272"/>
  <attribute name="Output T" value="16"/>
  <attribute name= "Current Time Running" value="146582" />
  <attribute name="GC Util currently" value="2" />
  <attribute name="CPU Util currently" value="15918673693" />
<allocation-satisfied id="4505" threadId="0000000000959F00" bytesRequested="544" />
<af-end id="4506" timestamp="2019-08-08T20:26:19.164" threadId="000000000095A888" success="true" from="nursery"/>
<exclusive-end id="4507" timestamp="2019-08-08T20:26:19.164" durationms="1.303" />

<exclusive-start id="4508" timestamp="2019-08-08T20:26:19.177" intervalms="13.805">
  <response-info timems="0.019" idlems="0.019" threads="0" lastid="0000000000959F00" lastname="main" />
</exclusive-start>
<af-start id="4509" threadId="000000000095A888" totalBytesRequested="544" timestamp="2019-08-08T20:26:19.177" intervalms="13.804" type="nursery" />
<cycle-start id="4510" type="scavenge" contextid="0" timestamp="2019-08-08T20:26:19.177" intervalms="13.802" />
<gc-start id="4511" type="scavenge" contextid="4510" timestamp="2019-08-08T20:26:19.177">
  <mem-info id="4512" free="1031896" total="122421248" percent="0">
    <mem type="nursery" free="0" total="103022592" percent="0">
      <mem type="allocate" free="0" total="92667904" percent="0" />
      <mem type="survivor" free="0" total="10354688" percent="0" />
    </mem>
    <mem type="tenure" free="1031896" total="19398656" percent="5">
      <mem type="soa" free="838360" total="19205120" percent="4" />
      <mem type="loa" free="193536" total="193536" percent="100" />
    </mem>
    <remembered-set count="124" />
  </mem-info>
</gc-start>
<allocation-stats totalBytes="92470464" >
  <allocated-bytes non-tlh="544" tlh="92469920" />
  <largest-consumer threadName="main" threadId="0000000000959F00" bytes="92470464" />
</allocation-stats>
<gc-op id="4513" type="scavenge" timems="0.975" contextid="4510" timestamp="2019-08-08T20:26:19.178">
  <scavenger-info tenureage="3" tenuremask="ffe8" tiltratio="89" />
  <memory-copied type="nursery" objects="48" bytes="1856" bytesdiscarded="30400" />
  <memory-copied type="tenure" objects="12" bytes="288" bytesdiscarded="0" />
</gc-op>
<heap-resize id="4514" type="expand" space="nursery" amount="4718592" count="1" timems="0.018" reason="excessive time being spent scavenging" timestamp="2019-08-08T20:26:19.178" />
<gc-end id="4515" type="scavenge" contextid="4510" durationms="1.098" usertimems="1.376" systemtimems="0.000" timestamp="2019-08-08T20:26:19.178" activeThreads="16">
  <mem-info id="4516" free="97861848" total="127139840" percent="76">
    <mem type="nursery" free="96829952" total="107741184" percent="89">
      <mem type="allocate" free="96829952" total="96862208" percent="99" />
      <mem type="survivor" free="0" total="10878976" percent="0" />
    </mem>
    <mem type="tenure" free="1031896" total="19398656" percent="5" macro-fragmented="0">
      <mem type="soa" free="838360" total="19205120" percent="4" />
      <mem type="loa" free="193536" total="193536" percent="100" />
    </mem>
    <remembered-set count="120" />
  </mem-info>
</gc-end>
<cycle-end id="4517" type="scavenge" contextid="4510" timestamp="2019-08-08T20:26:19.178" />
  <attribute name="elasticGC enabled" value="1" />
  <attribute name= "numThreadsSpecified" value="16" />
  <attribute name="heapSize specified" value="42401792" />
  <attribute name="Current GC Util" value="11" />
  <attribute name= "Current Time Running" value="146596" />
  <attribute name ="GC Interval" value="2041" />
  <attribute name="Target GC Util Change" value ="80.000000" />
  <attribute name="Current GC Util Change" value="11.000000"/>
  <attribute name="Current Error" value="69.000000" />
  <attribute name="Output H" value="122459128"/>
  <attribute name="Output I" value="2040"/>
  <attribute name="Output T" value="16"/>
  <attribute name= "Current Time Running" value="146596" />
  <attribute name="GC Util currently" value="11" />
  <attribute name="CPU Util currently" value="83458116422" />
<allocation-satisfied id="4518" threadId="0000000000959F00" bytesRequested="544" />
<af-end id="4519" timestamp="2019-08-08T20:26:19.178" threadId="000000000095A888" success="true" from="nursery"/>
<exclusive-end id="4520" timestamp="2019-08-08T20:26:19.178" durationms="1.335" />

<exclusive-start id="4521" timestamp="2019-08-08T20:26:19.227" intervalms="49.897">
  <response-info timems="0.032" idlems="0.032" threads="0" lastid="0000000000959F00" lastname="main" />
</exclusive-start>
<af-start id="4522" threadId="000000000095A888" totalBytesRequested="32" timestamp="2019-08-08T20:26:19.227" intervalms="49.902" type="nursery" />
<cycle-start id="4523" type="scavenge" contextid="0" timestamp="2019-08-08T20:26:19.227" intervalms="49.911" />
<gc-start id="4524" type="scavenge" contextid="4523" timestamp="2019-08-08T20:26:19.227">
  <mem-info id="4525" free="1031896" total="127139840" percent="0">
    <mem type="nursery" free="0" total="107741184" percent="0">
      <mem type="allocate" free="0" total="96862208" percent="0" />
      <mem type="survivor" free="0" total="10878976" percent="0" />
    </mem>
    <mem type="tenure" free="1031896" total="19398656" percent="5">
      <mem type="soa" free="838360" total="19205120" percent="4" />
      <mem type="loa" free="193536" total="193536" percent="100" />
    </mem>
    <remembered-set count="124" />
  </mem-info>
</gc-start>
<allocation-stats totalBytes="96678144" >
  <allocated-bytes non-tlh="544" tlh="96677600" />
  <largest-consumer threadName="main" threadId="0000000000959F00" bytes="96678144" />
</allocation-stats>
<gc-op id="4526" type="scavenge" timems="0.976" contextid="4523" timestamp="2019-08-08T20:26:19.228">
  <scavenger-info tenureage="3" tenuremask="ffe8" tiltratio="89" />
  <memory-copied type="nursery" objects="46" bytes="2136" bytesdiscarded="30120" />
  <memory-copied type="tenure" objects="18" bytes="432" bytesdiscarded="0" />
</gc-op>
<gc-end id="4527" type="scavenge" contextid="4523" durationms="1.070" usertimems="1.895" systemtimems="0.000" timestamp="2019-08-08T20:26:19.228" activeThreads="16">
  <mem-info id="4528" free="97927384" total="127139840" percent="77">
    <mem type="nursery" free="96895488" total="107741184" percent="89">
      <mem type="allocate" free="96895488" total="96927744" percent="99" />
      <mem type="survivor" free="0" total="10813440" percent="0" />
    </mem>
    <mem type="tenure" free="1031896" total="19398656" percent="5" macro-fragmented="0">
      <mem type="soa" free="838360" total="19205120" percent="4" />
      <mem type="loa" free="193536" total="193536" percent="100" />
    </mem>
    <remembered-set count="118" />
  </mem-info>
</gc-end>
<cycle-end id="4529" type="scavenge" contextid="4523" timestamp="2019-08-08T20:26:19.228" />
  <attribute name="elasticGC enabled" value="1" />
  <attribute name= "numThreadsSpecified" value="16" />
  <attribute name="heapSize specified" value="42401792" />
  <attribute name="Current GC Util" value="3" />
  <attribute name= "Current Time Running" value="146646" />
  <attribute name ="GC Interval" value="2089" />
  <attribute name="Target GC Util Change" value ="80.000000" />
  <attribute name="Current GC Util Change" value="3.000000"/>
  <attribute name="Current Error" value="146.000000" />
  <attribute name="Output H" value="127177768"/>
  <attribute name="Output I" value="2088"/>
  <attribute name="Output T" value="16"/>
  <attribute name= "Current Time Running" value="146646" />
  <attribute name="GC Util currently" value="3" />
  <attribute name="CPU Util currently" value="23099860790" />
<allocation-satisfied id="4530" threadId="0000000000959F00" bytesRequested="32" />
<af-end id="4531" timestamp="2019-08-08T20:26:19.228" threadId="000000000095A888" success="true" from="nursery"/>
<exclusive-end id="4532" timestamp="2019-08-08T20:26:19.228" durationms="1.304" />

<exclusive-start id="4533" timestamp="2019-08-08T20:26:19.289" intervalms="62.506">
  <response-info timems="0.019" idlems="0.019" threads="0" lastid="0000000000959F00" lastname="main" />
</exclusive-start>
<af-start id="4534" threadId="000000000095A888" totalBytesRequested="48" timestamp="2019-08-08T20:26:19.289" intervalms="62.496" type="nursery" />
<cycle-start id="4535" type="scavenge" contextid="0" timestamp="2019-08-08T20:26:19.289" intervalms="62.483" />
<gc-start id="4536" type="scavenge" contextid="4535" timestamp="2019-08-08T20:26:19.289">
  <mem-info id="4537" free="1031896" total="127139840" percent="0">
    <mem type="nursery" free="0" total="107741184" percent="0">
      <mem type="allocate" free="0" total="96927744" percent="0" />
      <mem type="survivor" free="0" total="10813440" percent="0" />
    </mem>
    <mem type="tenure" free="1031896" total="19398656" percent="5">
      <mem type="soa" free="838360" total="19205120" percent="4" />
      <mem type="loa" free="193536" total="193536" percent="100" />
    </mem>
    <remembered-set count="120" />
  </mem-info>
</gc-start>
<allocation-stats totalBytes="96820456" >
  <allocated-bytes non-tlh="32" tlh="96820424" />
  <largest-consumer threadName="main" threadId="0000000000959F00" bytes="96820456" />
</allocation-stats>
<gc-op id="4538" type="scavenge" timems="0.807" contextid="4535" timestamp="2019-08-08T20:26:19.290">
  <scavenger-info tenureage="5" tenuremask="ffe0" tiltratio="89" />
  <memory-copied type="nursery" objects="53" bytes="1936" bytesdiscarded="30320" />
</gc-op>
<gc-end id="4539" type="scavenge" contextid="4535" durationms="0.895" usertimems="1.315" systemtimems="0.000" timestamp="2019-08-08T20:26:19.290" activeThreads="16">
  <mem-info id="4540" free="97927384" total="127139840" percent="77">
    <mem type="nursery" free="96895488" total="107741184" percent="89">
      <mem type="allocate" free="96895488" total="96927744" percent="99" />
      <mem type="survivor" free="0" total="10813440" percent="0" />
    </mem>
    <mem type="tenure" free="1031896" total="19398656" percent="5" macro-fragmented="0">
      <mem type="soa" free="838360" total="19205120" percent="4" />
      <mem type="loa" free="193536" total="193536" percent="100" />
    </mem>
    <remembered-set count="120" />
  </mem-info>
</gc-end>
<cycle-end id="4541" type="scavenge" contextid="4535" timestamp="2019-08-08T20:26:19.290" />
  <attribute name="elasticGC enabled" value="1" />
  <attribute name= "numThreadsSpecified" value="16" />
  <attribute name="heapSize specified" value="42401792" />
  <attribute name="Current GC Util" value="2" />
  <attribute name= "Current Time Running" value="146709" />
  <attribute name ="GC Interval" value="2137" />
  <attribute name="Target GC Util Change" value ="80.000000" />
  <attribute name="Current GC Util Change" value="2.000000"/>
  <attribute name="Current Error" value="224.000000" />
  <attribute name="Output H" value="127177816"/>
  <attribute name="Output I" value="2136"/>
  <attribute name="Output T" value="16"/>
  <attribute name= "Current Time Running" value="146709" />
  <attribute name="GC Util currently" value="2" />
  <attribute name="CPU Util currently" value="18460059234" />
<allocation-satisfied id="4542" threadId="0000000000959F00" bytesRequested="48" />
<af-end id="4543" timestamp="2019-08-08T20:26:19.290" threadId="000000000095A888" success="true" from="nursery"/>
<exclusive-end id="4544" timestamp="2019-08-08T20:26:19.290" durationms="1.105" />

<exclusive-start id="4545" timestamp="2019-08-08T20:26:19.422" intervalms="132.219">
  <response-info timems="0.021" idlems="0.021" threads="0" lastid="0000000000959F00" lastname="main" />
</exclusive-start>
<af-start id="4546" threadId="000000000095A888" totalBytesRequested="32" timestamp="2019-08-08T20:26:19.422" intervalms="132.232" type="nursery" />
<cycle-start id="4547" type="scavenge" contextid="0" timestamp="2019-08-08T20:26:19.422" intervalms="132.236" />
<gc-start id="4548" type="scavenge" contextid="4547" timestamp="2019-08-08T20:26:19.422">
  <mem-info id="4549" free="1031896" total="127139840" percent="0">
    <mem type="nursery" free="0" total="107741184" percent="0">
      <mem type="allocate" free="0" total="96927744" percent="0" />
      <mem type="survivor" free="0" total="10813440" percent="0" />
    </mem>
    <mem type="tenure" free="1031896" total="19398656" percent="5">
      <mem type="soa" free="838360" total="19205120" percent="4" />
      <mem type="loa" free="193536" total="193536" percent="100" />
    </mem>
    <remembered-set count="124" />
  </mem-info>
</gc-start>
<allocation-stats totalBytes="96784456" >
  <allocated-bytes non-tlh="48" tlh="96784408" />
  <largest-consumer threadName="main" threadId="0000000000959F00" bytes="96784456" />
</allocation-stats>
<gc-op id="4550" type="scavenge" timems="0.641" contextid="4547" timestamp="2019-08-08T20:26:19.422">
  <scavenger-info tenureage="3" tenuremask="fff8" tiltratio="89" />
  <memory-copied type="nursery" objects="49" bytes="1344" bytesdiscarded="30912" />
  <memory-copied type="tenure" objects="12" bytes="288" bytesdiscarded="0" />
</gc-op>
<gc-end id="4551" type="scavenge" contextid="4547" durationms="0.736" usertimems="1.167" systemtimems="0.000" timestamp="2019-08-08T20:26:19.422" activeThreads="16">
  <mem-info id="4552" free="97927384" total="127139840" percent="77">
    <mem type="nursery" free="96895488" total="107741184" percent="89">
      <mem type="allocate" free="96895488" total="96927744" percent="99" />
      <mem type="survivor" free="0" total="10813440" percent="0" />
    </mem>
    <mem type="tenure" free="1031896" total="19398656" percent="5" macro-fragmented="0">
      <mem type="soa" free="838360" total="19205120" percent="4" />
      <mem type="loa" free="193536" total="193536" percent="100" />
    </mem>
    <remembered-set count="120" />
  </mem-info>
</gc-end>
<cycle-end id="4553" type="scavenge" contextid="4547" timestamp="2019-08-08T20:26:19.422" />
  <attribute name="elasticGC enabled" value="1" />
  <attribute name= "numThreadsSpecified" value="16" />
  <attribute name="heapSize specified" value="42401792" />
  <attribute name="Current GC Util" value="1" />
  <attribute name= "Current Time Running" value="146841" />
  <attribute name ="GC Interval" value="2177" />
  <attribute name="Target GC Util Change" value ="80.000000" />
  <attribute name="Current GC Util Change" value="1.000000"/>
  <attribute name="Current Error" value="303.000000" />
  <attribute name="Output H" value="127177856"/>
  <attribute name="Output I" value="2176"/>
  <attribute name="Output T" value="16"/>
  <attribute name= "Current Time Running" value="146841" />
  <attribute name="GC Util currently" value="1" />
  <attribute name="CPU Util currently" value="8718105831" />
<allocation-satisfied id="4554" threadId="0000000000959F00" bytesRequested="32" />
<af-end id="4555" timestamp="2019-08-08T20:26:19.422" threadId="000000000095A888" success="true" from="nursery"/>
<exclusive-end id="4556" timestamp="2019-08-08T20:26:19.422" durationms="0.974" />

<exclusive-start id="4557" timestamp="2019-08-08T20:26:19.591" intervalms="169.546">
  <response-info timems="0.022" idlems="0.022" threads="0" lastid="0000000000959F00" lastname="main" />
</exclusive-start>
<af-start id="4558" threadId="000000000095A888" totalBytesRequested="80" timestamp="2019-08-08T20:26:19.591" intervalms="169.546" type="nursery" />
<cycle-start id="4559" type="scavenge" contextid="0" timestamp="2019-08-08T20:26:19.591" intervalms="169.550" />
<gc-start id="4560" type="scavenge" contextid="4559" timestamp="2019-08-08T20:26:19.591">
  <mem-info id="4561" free="1031896" total="127139840" percent="0">
    <mem type="nursery" free="0" total="107741184" percent="0">
      <mem type="allocate" free="0" total="96927744" percent="0" />
      <mem type="survivor" free="0" total="10813440" percent="0" />
    </mem>
    <mem type="tenure" free="1031896" total="19398656" percent="5">
      <mem type="soa" free="838360" total="19205120" percent="4" />
      <mem type="loa" free="193536" total="193536" percent="100" />
    </mem>
    <remembered-set count="122" />
  </mem-info>
</gc-start>
<allocation-stats totalBytes="96878520" >
  <allocated-bytes non-tlh="32" tlh="96878488" />
  <largest-consumer threadName="main" threadId="0000000000959F00" bytes="96878520" />
</allocation-stats>
<gc-op id="4562" type="scavenge" timems="0.764" contextid="4559" timestamp="2019-08-08T20:26:19.592">
  <scavenger-info tenureage="3" tenuremask="ffd8" tiltratio="89" />
  <memory-copied type="nursery" objects="39" bytes="1128" bytesdiscarded="31128" />
  <memory-copied type="tenure" objects="12" bytes="288" bytesdiscarded="0" />
</gc-op>
<gc-end id="4563" type="scavenge" contextid="4559" durationms="0.864" usertimems="1.411" systemtimems="0.000" timestamp="2019-08-08T20:26:19.592" activeThreads="16">
  <mem-info id="4564" free="97927384" total="127139840" percent="77">
    <mem type="nursery" free="96895488" total="107741184" percent="89">
      <mem type="allocate" free="96895488" total="96927744" percent="99" />
      <mem type="survivor" free="0" total="10813440" percent="0" />
    </mem>
    <mem type="tenure" free="1031896" total="19398656" percent="5" macro-fragmented="0">
      <mem type="soa" free="838360" total="19205120" percent="4" />
      <mem type="loa" free="193536" total="193536" percent="100" />
    </mem>
    <remembered-set count="118" />
  </mem-info>
</gc-end>
<cycle-end id="4565" type="scavenge" contextid="4559" timestamp="2019-08-08T20:26:19.592" />
  <attribute name="elasticGC enabled" value="1" />
  <attribute name= "numThreadsSpecified" value="16" />
  <attribute name="heapSize specified" value="42401792" />
  <attribute name="Current GC Util" value="0" />
  <attribute name= "Current Time Running" value="147010" />
  <attribute name ="GC Interval" value="2225" />
  <attribute name="Target GC Util Change" value ="80.000000" />
  <attribute name="Current GC Util Change" value="0.000000"/>
  <attribute name="Current Error" value="383.000000" />
  <attribute name="Output H" value="127177904"/>
  <attribute name="Output I" value="2224"/>
  <attribute name="Output T" value="16"/>
  <attribute name= "Current Time Running" value="147010" />
  <attribute name="GC Util currently" value="0" />
  <attribute name="CPU Util currently" value="6799155769" />
<allocation-satisfied id="4566" threadId="0000000000959F00" bytesRequested="80" />
<af-end id="4567" timestamp="2019-08-08T20:26:19.592" threadId="000000000095A888" success="true" from="nursery"/>
<exclusive-end id="4568" timestamp="2019-08-08T20:26:19.592" durationms="1.092" />

<exclusive-start id="4569" timestamp="2019-08-08T20:26:19.759" intervalms="167.896">
  <response-info timems="0.018" idlems="0.018" threads="0" lastid="0000000000959F00" lastname="main" />
</exclusive-start>
<af-start id="4570" threadId="000000000095A888" totalBytesRequested="16" timestamp="2019-08-08T20:26:19.759" intervalms="167.890" type="nursery" />
<cycle-start id="4571" type="scavenge" contextid="0" timestamp="2019-08-08T20:26:19.759" intervalms="167.885" />
<gc-start id="4572" type="scavenge" contextid="4571" timestamp="2019-08-08T20:26:19.759">
  <mem-info id="4573" free="1031896" total="127139840" percent="0">
    <mem type="nursery" free="0" total="107741184" percent="0">
      <mem type="allocate" free="0" total="96927744" percent="0" />
      <mem type="survivor" free="0" total="10813440" percent="0" />
    </mem>
    <mem type="tenure" free="1031896" total="19398656" percent="5">
      <mem type="soa" free="838360" total="19205120" percent="4" />
      <mem type="loa" free="193536" total="193536" percent="100" />
    </mem>
    <remembered-set count="118" />
  </mem-info>
</gc-start>
<allocation-stats totalBytes="96878136" >
  <allocated-bytes non-tlh="80" tlh="96878056" />
  <largest-consumer threadName="main" threadId="0000000000959F00" bytes="96878136" />
</allocation-stats>
<gc-op id="4574" type="scavenge" timems="0.578" contextid="4571" timestamp="2019-08-08T20:26:19.760">
  <scavenger-info tenureage="3" tenuremask="ffe8" tiltratio="89" />
  <memory-copied type="nursery" objects="34" bytes="1064" bytesdiscarded="31192" />
  <memory-copied type="tenure" objects="6" bytes="144" bytesdiscarded="0" />
</gc-op>
<gc-end id="4575" type="scavenge" contextid="4571" durationms="0.682" usertimems="1.056" systemtimems="0.000" timestamp="2019-08-08T20:26:19.760" activeThreads="16">
  <mem-info id="4576" free="97927384" total="127139840" percent="77">
    <mem type="nursery" free="96895488" total="107741184" percent="89">
      <mem type="allocate" free="96895488" total="96927744" percent="99" />
      <mem type="survivor" free="0" total="10813440" percent="0" />
    </mem>
    <mem type="tenure" free="1031896" total="19398656" percent="5" macro-fragmented="0">
      <mem type="soa" free="838360" total="19205120" percent="4" />
      <mem type="loa" free="193536" total="193536" percent="100" />
    </mem>
    <remembered-set count="116" />
  </mem-info>
</gc-end>
<cycle-end id="4577" type="scavenge" contextid="4571" timestamp="2019-08-08T20:26:19.760" />
  <attribute name="elasticGC enabled" value="1" />
  <attribute name= "numThreadsSpecified" value="16" />
  <attribute name="heapSize specified" value="42401792" />
  <attribute name="Current GC Util" value="0" />
  <attribute name= "Current Time Running" value="147178" />
  <attribute name ="GC Interval" value="2273" />
  <attribute name="Target GC Util Change" value ="80.000000" />
  <attribute name="Current GC Util Change" value="0.000000"/>
  <attribute name="Current Error" value="463.000000" />
  <attribute name="Output H" value="127177952"/>
  <attribute name="Output I" value="2272"/>
  <attribute name="Output T" value="16"/>
  <attribute name= "Current Time Running" value="147178" />
  <attribute name="GC Util currently" value="0" />
  <attribute name="CPU Util currently" value="6868274410" />
<allocation-satisfied id="4578" threadId="0000000000959F00" bytesRequested="16" />
<af-end id="4579" timestamp="2019-08-08T20:26:19.760" threadId="000000000095A888" success="true" from="nursery"/>
<exclusive-end id="4580" timestamp="2019-08-08T20:26:19.760" durationms="0.931" />

<exclusive-start id="4581" timestamp="2019-08-08T20:26:19.800" intervalms="41.068">
  <response-info timems="0.020" idlems="0.020" threads="0" lastid="0000000000959F00" lastname="main" />
</exclusive-start>
<af-start id="4582" threadId="000000000095A888" totalBytesRequested="488" timestamp="2019-08-08T20:26:19.800" intervalms="41.070" type="nursery" />
<cycle-start id="4583" type="scavenge" contextid="0" timestamp="2019-08-08T20:26:19.800" intervalms="41.070" />
<gc-start id="4584" type="scavenge" contextid="4583" timestamp="2019-08-08T20:26:19.800">
  <mem-info id="4585" free="1031896" total="127139840" percent="0">
    <mem type="nursery" free="0" total="107741184" percent="0">
      <mem type="allocate" free="0" total="96927744" percent="0" />
      <mem type="survivor" free="0" total="10813440" percent="0" />
    </mem>
    <mem type="tenure" free="1031896" total="19398656" percent="5">
      <mem type="soa" free="838360" total="19205120" percent="4" />
      <mem type="loa" free="193536" total="193536" percent="100" />
    </mem>
    <remembered-set count="118" />
  </mem-info>
</gc-start>
<allocation-stats totalBytes="96780368" >
  <allocated-bytes non-tlh="16" tlh="96780352" />
  <largest-consumer threadName="main" threadId="0000000000959F00" bytes="96780368" />
</allocation-stats>
<gc-op id="4586" type="scavenge" timems="0.722" contextid="4583" timestamp="2019-08-08T20:26:19.801">
  <scavenger-info tenureage="3" tenuremask="ffe8" tiltratio="89" />
  <memory-copied type="nursery" objects="31" bytes="1472" bytesdiscarded="14656" />
  <memory-copied type="tenure" objects="12" bytes="288" bytesdiscarded="0" />
</gc-op>
<gc-end id="4587" type="scavenge" contextid="4583" durationms="0.812" usertimems="1.401" systemtimems="0.000" timestamp="2019-08-08T20:26:19.801" activeThreads="16">
  <mem-info id="4588" free="97943512" total="127139840" percent="77">
    <mem type="nursery" free="96911616" total="107741184" percent="89">
      <mem type="allocate" free="96911616" total="96927744" percent="99" />
      <mem type="survivor" free="0" total="10813440" percent="0" />
    </mem>
    <mem type="tenure" free="1031896" total="19398656" percent="5" macro-fragmented="0">
      <mem type="soa" free="838360" total="19205120" percent="4" />
      <mem type="loa" free="193536" total="193536" percent="100" />
    </mem>
    <remembered-set count="114" />
  </mem-info>
</gc-end>
<cycle-end id="4589" type="scavenge" contextid="4583" timestamp="2019-08-08T20:26:19.801" />
  <attribute name="elasticGC enabled" value="1" />
  <attribute name= "numThreadsSpecified" value="16" />
  <attribute name="heapSize specified" value="42401792" />
  <attribute name="Current GC Util" value="2" />
  <attribute name= "Current Time Running" value="147219" />
  <attribute name ="GC Interval" value="2049" />
  <attribute name="Target GC Util Change" value ="80.000000" />
  <attribute name="Current GC Util Change" value="2.000000"/>
  <attribute name="Current Error" value="78.000000" />
  <attribute name="Output H" value="127177728"/>
  <attribute name="Output I" value="2048"/>
  <attribute name="Output T" value="16"/>
  <attribute name= "Current Time Running" value="147219" />
  <attribute name="GC Util currently" value="2" />
  <attribute name="CPU Util currently" value="28071518609" />
<allocation-satisfied id="4590" threadId="0000000000959F00" bytesRequested="488" />
<af-end id="4591" timestamp="2019-08-08T20:26:19.801" threadId="000000000095A888" success="true" from="nursery"/>
<exclusive-end id="4592" timestamp="2019-08-08T20:26:19.801" durationms="1.019" />

<exclusive-start id="4593" timestamp="2019-08-08T20:26:19.817" intervalms="16.490">
  <response-info timems="0.020" idlems="0.020" threads="0" lastid="0000000000959F00" lastname="main" />
</exclusive-start>
<af-start id="4594" threadId="000000000095A888" totalBytesRequested="584" timestamp="2019-08-08T20:26:19.817" intervalms="16.486" type="nursery" />
<cycle-start id="4595" type="scavenge" contextid="0" timestamp="2019-08-08T20:26:19.817" intervalms="16.488" />
<gc-start id="4596" type="scavenge" contextid="4595" timestamp="2019-08-08T20:26:19.817">
  <mem-info id="4597" free="1031896" total="127139840" percent="0">
    <mem type="nursery" free="0" total="107741184" percent="0">
      <mem type="allocate" free="0" total="96927744" percent="0" />
      <mem type="survivor" free="0" total="10813440" percent="0" />
    </mem>
    <mem type="tenure" free="1031896" total="19398656" percent="5">
      <mem type="soa" free="838360" total="19205120" percent="4" />
      <mem type="loa" free="193536" total="193536" percent="100" />
    </mem>
    <remembered-set count="114" />
  </mem-info>
</gc-start>
<allocation-stats totalBytes="96777336" >
  <allocated-bytes non-tlh="488" tlh="96776848" />
  <largest-consumer threadName="main" threadId="0000000000959F00" bytes="96777336" />
</allocation-stats>
<gc-op id="4598" type="scavenge" timems="1.063" contextid="4595" timestamp="2019-08-08T20:26:19.818">
  <scavenger-info tenureage="5" tenuremask="ffe0" tiltratio="89" />
  <memory-copied type="nursery" objects="31" bytes="1472" bytesdiscarded="30784" />
</gc-op>
<gc-end id="4599" type="scavenge" contextid="4595" durationms="1.268" usertimems="1.530" systemtimems="0.000" timestamp="2019-08-08T20:26:19.818" activeThreads="16">
  <mem-info id="4600" free="97927384" total="127139840" percent="77">
    <mem type="nursery" free="96895488" total="107741184" percent="89">
      <mem type="allocate" free="96895488" total="96927744" percent="99" />
      <mem type="survivor" free="0" total="10813440" percent="0" />
    </mem>
    <mem type="tenure" free="1031896" total="19398656" percent="5" macro-fragmented="0">
      <mem type="soa" free="838360" total="19205120" percent="4" />
      <mem type="loa" free="193536" total="193536" percent="100" />
    </mem>
    <remembered-set count="114" />
  </mem-info>
</gc-end>
<cycle-end id="4601" type="scavenge" contextid="4595" timestamp="2019-08-08T20:26:19.818" />
  <attribute name="elasticGC enabled" value="1" />
  <attribute name= "numThreadsSpecified" value="16" />
  <attribute name="heapSize specified" value="42401792" />
  <attribute name="Current GC Util" value="8" />
  <attribute name= "Current Time Running" value="147236" />
  <attribute name ="GC Interval" value="2089" />
  <attribute name="Target GC Util Change" value ="80.000000" />
  <attribute name="Current GC Util Change" value="8.000000"/>
  <attribute name="Current Error" value="150.000000" />
  <attribute name="Output H" value="127177768"/>
  <attribute name="Output I" value="2088"/>
  <attribute name="Output T" value="16"/>
  <attribute name= "Current Time Running" value="147236" />
  <attribute name="GC Util currently" value="8" />
  <attribute name="CPU Util currently" value="69313979729" />
<allocation-satisfied id="4602" threadId="0000000000959F00" bytesRequested="584" />
<af-end id="4603" timestamp="2019-08-08T20:26:19.818" threadId="000000000095A888" success="true" from="nursery"/>
<exclusive-end id="4604" timestamp="2019-08-08T20:26:19.818" durationms="1.519" />

* Round 3 done in 2.249 seconds.
<exclusive-start id="4605" timestamp="2019-08-08T20:26:20.070" intervalms="253.730">
  <response-info timems="0.027" idlems="0.027" threads="0" lastid="0000000000959F00" lastname="main" />
</exclusive-start>
<af-start id="4606" threadId="000000000095A888" totalBytesRequested="1168" timestamp="2019-08-08T20:26:20.070" intervalms="253.741" type="nursery" />
<cycle-start id="4607" type="scavenge" contextid="0" timestamp="2019-08-08T20:26:20.070" intervalms="253.749" />
<gc-start id="4608" type="scavenge" contextid="4607" timestamp="2019-08-08T20:26:20.070">
  <mem-info id="4609" free="1031896" total="127139840" percent="0">
    <mem type="nursery" free="0" total="107741184" percent="0">
      <mem type="allocate" free="0" total="96927744" percent="0" />
      <mem type="survivor" free="0" total="10813440" percent="0" />
    </mem>
    <mem type="tenure" free="1031896" total="19398656" percent="5">
      <mem type="soa" free="838360" total="19205120" percent="4" />
      <mem type="loa" free="193536" total="193536" percent="100" />
    </mem>
    <remembered-set count="135" />
  </mem-info>
</gc-start>
<allocation-stats totalBytes="96759872" >
  <allocated-bytes non-tlh="584" tlh="96759288" />
  <largest-consumer threadName="main" threadId="0000000000959F00" bytes="96759872" />
</allocation-stats>
<gc-op id="4610" type="scavenge" timems="0.772" contextid="4607" timestamp="2019-08-08T20:26:20.071">
  <scavenger-info tenureage="14" tenuremask="c000" tiltratio="89" />
  <memory-copied type="nursery" objects="99" bytes="3848" bytesdiscarded="28408" />
</gc-op>
<gc-end id="4611" type="scavenge" contextid="4607" durationms="0.895" usertimems="1.317" systemtimems="0.000" timestamp="2019-08-08T20:26:20.071" activeThreads="16">
  <mem-info id="4612" free="97927384" total="127139840" percent="77">
    <mem type="nursery" free="96895488" total="107741184" percent="89">
      <mem type="allocate" free="96895488" total="96927744" percent="99" />
      <mem type="survivor" free="0" total="10813440" percent="0" />
    </mem>
    <mem type="tenure" free="1031896" total="19398656" percent="5" macro-fragmented="0">
      <mem type="soa" free="838360" total="19205120" percent="4" />
      <mem type="loa" free="193536" total="193536" percent="100" />
    </mem>
    <remembered-set count="135" />
  </mem-info>
</gc-end>
<cycle-end id="4613" type="scavenge" contextid="4607" timestamp="2019-08-08T20:26:20.071" />
  <attribute name="elasticGC enabled" value="1" />
  <attribute name= "numThreadsSpecified" value="16" />
  <attribute name="heapSize specified" value="42401792" />
  <attribute name="Current GC Util" value="0" />
  <attribute name= "Current Time Running" value="147490" />
  <attribute name ="GC Interval" value="2137" />
  <attribute name="Target GC Util Change" value ="80.000000" />
  <attribute name="Current GC Util Change" value="0.000000"/>
  <attribute name="Current Error" value="230.000000" />
  <attribute name="Output H" value="127177816"/>
  <attribute name="Output I" value="2136"/>
  <attribute name="Output T" value="16"/>
  <attribute name= "Current Time Running" value="147490" />
  <attribute name="GC Util currently" value="0" />
  <attribute name="CPU Util currently" value="4545197028" />
<allocation-satisfied id="4614" threadId="0000000000959F00" bytesRequested="1168" />
<af-end id="4615" timestamp="2019-08-08T20:26:20.071" threadId="000000000095A888" success="true" from="nursery"/>
<exclusive-end id="4616" timestamp="2019-08-08T20:26:20.071" durationms="1.132" />

<exclusive-start id="4617" timestamp="2019-08-08T20:26:20.085" intervalms="14.392">
  <response-info timems="0.025" idlems="0.025" threads="0" lastid="0000000000959F00" lastname="main" />
</exclusive-start>
<af-start id="4618" threadId="000000000095A888" totalBytesRequested="1168" timestamp="2019-08-08T20:26:20.085" intervalms="14.439" type="nursery" />
<cycle-start id="4619" type="scavenge" contextid="0" timestamp="2019-08-08T20:26:20.085" intervalms="14.611" />
<gc-start id="4620" type="scavenge" contextid="4619" timestamp="2019-08-08T20:26:20.085">
  <mem-info id="4621" free="1031896" total="127139840" percent="0">
    <mem type="nursery" free="0" total="107741184" percent="0">
      <mem type="allocate" free="0" total="96927744" percent="0" />
      <mem type="survivor" free="0" total="10813440" percent="0" />
    </mem>
    <mem type="tenure" free="1031896" total="19398656" percent="5">
      <mem type="soa" free="838360" total="19205120" percent="4" />
      <mem type="loa" free="193536" total="193536" percent="100" />
    </mem>
    <remembered-set count="135" />
  </mem-info>
</gc-start>
<allocation-stats totalBytes="96566024" >
  <allocated-bytes non-tlh="1168" tlh="96564856" />
  <largest-consumer threadName="main" threadId="0000000000959F00" bytes="96566024" />
</allocation-stats>
<gc-op id="4622" type="scavenge" timems="1.111" contextid="4619" timestamp="2019-08-08T20:26:20.086">
  <scavenger-info tenureage="14" tenuremask="c000" tiltratio="89" />
  <memory-copied type="nursery" objects="100" bytes="3872" bytesdiscarded="28384" />
</gc-op>
<heap-resize id="4623" type="expand" space="nursery" amount="4456448" count="1" timems="0.021" reason="excessive time being spent scavenging" timestamp="2019-08-08T20:26:20.086" />
<gc-end id="4624" type="scavenge" contextid="4619" durationms="1.254" usertimems="1.697" systemtimems="0.000" timestamp="2019-08-08T20:26:20.086" activeThreads="16">
  <mem-info id="4625" free="101925080" total="131596288" percent="77">
    <mem type="nursery" free="100893184" total="112197632" percent="89">
      <mem type="allocate" free="100893184" total="100925440" percent="99" />
      <mem type="survivor" free="0" total="11272192" percent="0" />
    </mem>
    <mem type="tenure" free="1031896" total="19398656" percent="5" macro-fragmented="0">
      <mem type="soa" free="838360" total="19205120" percent="4" />
      <mem type="loa" free="193536" total="193536" percent="100" />
    </mem>
    <remembered-set count="134" />
  </mem-info>
</gc-end>
<cycle-end id="4626" type="scavenge" contextid="4619" timestamp="2019-08-08T20:26:20.086" />
  <attribute name="elasticGC enabled" value="1" />
  <attribute name= "numThreadsSpecified" value="16" />
  <attribute name="heapSize specified" value="42401792" />
  <attribute name="Current GC Util" value="9" />
  <attribute name= "Current Time Running" value="147504" />
  <attribute name ="GC Interval" value="2177" />
  <attribute name="Target GC Util Change" value ="80.000000" />
  <attribute name="Current GC Util Change" value="9.000000"/>
  <attribute name="Current Error" value="301.000000" />
  <attribute name="Output H" value="127177856"/>
  <attribute name="Output I" value="2176"/>
  <attribute name="Output T" value="16"/>
  <attribute name= "Current Time Running" value="147504" />
  <attribute name="GC Util currently" value="9" />
  <attribute name="CPU Util currently" value="79223490020" />
<allocation-satisfied id="4627" threadId="0000000000959F00" bytesRequested="1168" />
<af-end id="4628" timestamp="2019-08-08T20:26:20.086" threadId="000000000095A888" success="true" from="nursery"/>
<exclusive-end id="4629" timestamp="2019-08-08T20:26:20.086" durationms="1.717" />

<exclusive-start id="4630" timestamp="2019-08-08T20:26:20.100" intervalms="15.355">
  <response-info timems="0.024" idlems="0.024" threads="0" lastid="0000000000959F00" lastname="main" />
</exclusive-start>
<af-start id="4631" threadId="000000000095A888" totalBytesRequested="1168" timestamp="2019-08-08T20:26:20.100" intervalms="15.305" type="nursery" />
<cycle-start id="4632" type="scavenge" contextid="0" timestamp="2019-08-08T20:26:20.100" intervalms="15.129" />
<gc-start id="4633" type="scavenge" contextid="4632" timestamp="2019-08-08T20:26:20.100">
  <mem-info id="4634" free="1031896" total="131596288" percent="0">
    <mem type="nursery" free="0" total="112197632" percent="0">
      <mem type="allocate" free="0" total="100925440" percent="0" />
      <mem type="survivor" free="0" total="11272192" percent="0" />
    </mem>
    <mem type="tenure" free="1031896" total="19398656" percent="5">
      <mem type="soa" free="838360" total="19205120" percent="4" />
      <mem type="loa" free="193536" total="193536" percent="100" />
    </mem>
    <remembered-set count="134" />
  </mem-info>
</gc-start>
<allocation-stats totalBytes="100559256" >
  <allocated-bytes non-tlh="1168" tlh="100558088" />
  <largest-consumer threadName="main" threadId="0000000000959F00" bytes="100559256" />
</allocation-stats>
<gc-op id="4635" type="scavenge" timems="0.575" contextid="4632" timestamp="2019-08-08T20:26:20.101">
  <scavenger-info tenureage="2" tenuremask="e044" tiltratio="89" />
  <memory-copied type="nursery" objects="8" bytes="200" bytesdiscarded="32056" />
  <memory-copied type="tenure" objects="92" bytes="3672" bytesdiscarded="0" />
</gc-op>
<gc-end id="4636" type="scavenge" contextid="4632" durationms="0.690" usertimems="1.250" systemtimems="0.000" timestamp="2019-08-08T20:26:20.101" activeThreads="16">
  <mem-info id="4637" free="101908952" total="131596288" percent="77">
    <mem type="nursery" free="100893184" total="112197632" percent="89">
      <mem type="allocate" free="100893184" total="100925440" percent="99" />
      <mem type="survivor" free="0" total="11272192" percent="0" />
    </mem>
    <mem type="tenure" free="1015768" total="19398656" percent="5" macro-fragmented="0">
      <mem type="soa" free="822232" total="19205120" percent="4" />
      <mem type="loa" free="193536" total="193536" percent="100" />
    </mem>
    <remembered-set count="121" />
  </mem-info>
</gc-end>
<cycle-end id="4638" type="scavenge" contextid="4632" timestamp="2019-08-08T20:26:20.101" />
  <attribute name="elasticGC enabled" value="1" />
  <attribute name= "numThreadsSpecified" value="16" />
  <attribute name="heapSize specified" value="42401792" />
  <attribute name="Current GC Util" value="13" />
  <attribute name= "Current Time Running" value="147519" />
  <attribute name ="GC Interval" value="2217" />
  <attribute name="Target GC Util Change" value ="80.000000" />
  <attribute name="Current GC Util Change" value="13.000000"/>
  <attribute name="Current Error" value="368.000000" />
  <attribute name="Output H" value="131634344"/>
  <attribute name="Output I" value="2216"/>
  <attribute name="Output T" value="16"/>
  <attribute name= "Current Time Running" value="147519" />
  <attribute name="GC Util currently" value="13" />
  <attribute name="CPU Util currently" value="76063399271" />
<allocation-satisfied id="4639" threadId="0000000000959F00" bytesRequested="1168" />
<af-end id="4640" timestamp="2019-08-08T20:26:20.101" threadId="000000000095A888" success="true" from="nursery"/>
<exclusive-end id="4641" timestamp="2019-08-08T20:26:20.101" durationms="0.915" />

<exclusive-start id="4642" timestamp="2019-08-08T20:26:20.114" intervalms="14.355">
  <response-info timems="0.030" idlems="0.030" threads="0" lastid="0000000000959F00" lastname="main" />
</exclusive-start>
<af-start id="4643" threadId="000000000095A888" totalBytesRequested="1168" timestamp="2019-08-08T20:26:20.114" intervalms="14.420" type="nursery" />
<cycle-start id="4644" type="scavenge" contextid="0" timestamp="2019-08-08T20:26:20.114" intervalms="14.425" />
<gc-start id="4645" type="scavenge" contextid="4644" timestamp="2019-08-08T20:26:20.115">
  <mem-info id="4646" free="1015768" total="131596288" percent="0">
    <mem type="nursery" free="0" total="112197632" percent="0">
      <mem type="allocate" free="0" total="100925440" percent="0" />
      <mem type="survivor" free="0" total="11272192" percent="0" />
    </mem>
    <mem type="tenure" free="1015768" total="19398656" percent="5">
      <mem type="soa" free="822232" total="19205120" percent="4" />
      <mem type="loa" free="193536" total="193536" percent="100" />
    </mem>
    <remembered-set count="121" />
  </mem-info>
</gc-start>
<allocation-stats totalBytes="100559280" >
  <allocated-bytes non-tlh="1168" tlh="100558112" />
  <largest-consumer threadName="main" threadId="0000000000959F00" bytes="100559280" />
</allocation-stats>
<gc-op id="4647" type="scavenge" timems="1.862" contextid="4644" timestamp="2019-08-08T20:26:20.117">
  <scavenger-info tenureage="5" tenuremask="e820" tiltratio="89" />
  <memory-copied type="nursery" objects="2" bytes="56" bytesdiscarded="32200" />
  <memory-copied type="tenure" objects="6" bytes="144" bytesdiscarded="0" />
</gc-op>
<heap-resize id="4648" type="expand" space="nursery" amount="6684672" count="1" timems="0.017" reason="excessive time being spent scavenging" timestamp="2019-08-08T20:26:20.117" />
<gc-end id="4649" type="scavenge" contextid="4644" durationms="2.128" usertimems="3.041" systemtimems="0.000" timestamp="2019-08-08T20:26:20.117" activeThreads="16">
  <mem-info id="4650" free="107872728" total="138280960" percent="78">
    <mem type="nursery" free="106856960" total="118882304" percent="89">
      <mem type="allocate" free="106856960" total="106889216" percent="99" />
      <mem type="survivor" free="0" total="11993088" percent="0" />
    </mem>
    <mem type="tenure" free="1015768" total="19398656" percent="5" macro-fragmented="0">
      <mem type="soa" free="822232" total="19205120" percent="4" />
      <mem type="loa" free="193536" total="193536" percent="100" />
    </mem>
    <remembered-set count="119" />
  </mem-info>
</gc-end>
<cycle-end id="4651" type="scavenge" contextid="4644" timestamp="2019-08-08T20:26:20.117" />
  <attribute name="elasticGC enabled" value="1" />
  <attribute name= "numThreadsSpecified" value="16" />
  <attribute name="heapSize specified" value="42401792" />
  <attribute name="Current GC Util" value="9" />
  <attribute name= "Current Time Running" value="147534" />
  <attribute name ="GC Interval" value="2257" />
  <attribute name="Target GC Util Change" value ="80.000000" />
  <attribute name="Current GC Util Change" value="9.000000"/>
  <attribute name="Current Error" value="439.000000" />
  <attribute name="Output H" value="131634384"/>
  <attribute name="Output I" value="2256"/>
  <attribute name="Output T" value="16"/>
  <attribute name= "Current Time Running" value="147534" />
  <attribute name="GC Util currently" value="9" />
  <attribute name="CPU Util currently" value="78794528798" />
<allocation-satisfied id="4652" threadId="0000000000959F00" bytesRequested="1168" />
<af-end id="4653" timestamp="2019-08-08T20:26:20.117" threadId="000000000095A888" success="true" from="nursery"/>
<exclusive-end id="4654" timestamp="2019-08-08T20:26:20.117" durationms="2.494" />

<exclusive-start id="4655" timestamp="2019-08-08T20:26:20.129" intervalms="15.025">
  <response-info timems="0.017" idlems="0.017" threads="0" lastid="0000000000959F00" lastname="main" />
</exclusive-start>
<af-start id="4656" threadId="000000000095A888" totalBytesRequested="1168" timestamp="2019-08-08T20:26:20.129" intervalms="14.966" type="nursery" />
<cycle-start id="4657" type="scavenge" contextid="0" timestamp="2019-08-08T20:26:20.129" intervalms="14.956" />
<gc-start id="4658" type="scavenge" contextid="4657" timestamp="2019-08-08T20:26:20.130">
  <mem-info id="4659" free="1015768" total="138280960" percent="0">
    <mem type="nursery" free="0" total="118882304" percent="0">
      <mem type="allocate" free="0" total="106889216" percent="0" />
      <mem type="survivor" free="0" total="11993088" percent="0" />
    </mem>
    <mem type="tenure" free="1015768" total="19398656" percent="5">
      <mem type="soa" free="822232" total="19205120" percent="4" />
      <mem type="loa" free="193536" total="193536" percent="100" />
    </mem>
    <remembered-set count="119" />
  </mem-info>
</gc-start>
<allocation-stats totalBytes="106503520" >
  <allocated-bytes non-tlh="1168" tlh="106502352" />
  <largest-consumer threadName="main" threadId="0000000000959F00" bytes="106503520" />
</allocation-stats>
<gc-op id="4660" type="scavenge" timems="0.930" contextid="4657" timestamp="2019-08-08T20:26:20.130">
  <scavenger-info tenureage="7" tenuremask="fe80" tiltratio="89" />
  <memory-copied type="nursery" objects="2" bytes="56" bytesdiscarded="32200" />
</gc-op>
<gc-end id="4661" type="scavenge" contextid="4657" durationms="1.024" usertimems="1.776" systemtimems="0.000" timestamp="2019-08-08T20:26:20.131" activeThreads="16">
  <mem-info id="4662" free="107938264" total="138280960" percent="78">
    <mem type="nursery" free="106922496" total="118882304" percent="89">
      <mem type="allocate" free="106922496" total="106954752" percent="99" />
      <mem type="survivor" free="0" total="11927552" percent="0" />
    </mem>
    <mem type="tenure" free="1015768" total="19398656" percent="5" macro-fragmented="0">
      <mem type="soa" free="822232" total="19205120" percent="4" />
      <mem type="loa" free="193536" total="193536" percent="100" />
    </mem>
    <remembered-set count="119" />
  </mem-info>
</gc-end>
<cycle-end id="4663" type="scavenge" contextid="4657" timestamp="2019-08-08T20:26:20.131" />
  <attribute name="elasticGC enabled" value="1" />
  <attribute name= "numThreadsSpecified" value="16" />
  <attribute name="heapSize specified" value="42401792" />
  <attribute name="Current GC Util" value="22" />
  <attribute name= "Current Time Running" value="147549" />
  <attribute name ="GC Interval" value="2041" />
  <attribute name="Target GC Util Change" value ="80.000000" />
  <attribute name="Current GC Util Change" value="22.000000"/>
  <attribute name="Current Error" value="58.000000" />
  <attribute name="Output H" value="138318840"/>
  <attribute name="Output I" value="2040"/>
  <attribute name="Output T" value="16"/>
  <attribute name= "Current Time Running" value="147549" />
  <attribute name="GC Util currently" value="22" />
  <attribute name="CPU Util currently" value="78162577477" />
<allocation-satisfied id="4664" threadId="0000000000959F00" bytesRequested="1168" />
<af-end id="4665" timestamp="2019-08-08T20:26:20.131" threadId="000000000095A888" success="true" from="nursery"/>
<exclusive-end id="4666" timestamp="2019-08-08T20:26:20.131" durationms="1.280" />

<exclusive-start id="4667" timestamp="2019-08-08T20:26:20.143" intervalms="13.704">
  <response-info timems="0.021" idlems="0.021" threads="0" lastid="0000000000959F00" lastname="main" />
</exclusive-start>
<af-start id="4668" threadId="000000000095A888" totalBytesRequested="1168" timestamp="2019-08-08T20:26:20.143" intervalms="13.693" type="nursery" />
<cycle-start id="4669" type="scavenge" contextid="0" timestamp="2019-08-08T20:26:20.143" intervalms="13.692" />
<gc-start id="4670" type="scavenge" contextid="4669" timestamp="2019-08-08T20:26:20.143">
  <mem-info id="4671" free="1015768" total="138280960" percent="0">
    <mem type="nursery" free="0" total="118882304" percent="0">
      <mem type="allocate" free="0" total="106954752" percent="0" />
      <mem type="survivor" free="0" total="11927552" percent="0" />
    </mem>
    <mem type="tenure" free="1015768" total="19398656" percent="5">
      <mem type="soa" free="822232" total="19205120" percent="4" />
      <mem type="loa" free="193536" total="193536" percent="100" />
    </mem>
    <remembered-set count="119" />
  </mem-info>
</gc-start>
<allocation-stats totalBytes="106568864" >
  <allocated-bytes non-tlh="1168" tlh="106567696" />
  <largest-consumer threadName="main" threadId="0000000000959F00" bytes="106568864" />
</allocation-stats>
<gc-op id="4672" type="scavenge" timems="0.956" contextid="4669" timestamp="2019-08-08T20:26:20.144">
  <scavenger-info tenureage="3" tenuremask="fff8" tiltratio="89" />
  <memory-copied type="nursery" objects="2" bytes="56" bytesdiscarded="32200" />
</gc-op>
<heap-resize id="4673" type="expand" space="nursery" amount="5636096" count="1" timems="0.016" reason="excessive time being spent scavenging" timestamp="2019-08-08T20:26:20.144" />
<gc-end id="4674" type="scavenge" contextid="4669" durationms="1.070" usertimems="2.087" systemtimems="0.000" timestamp="2019-08-08T20:26:20.144" activeThreads="16">
  <mem-info id="4675" free="112984536" total="143917056" percent="78">
    <mem type="nursery" free="111968768" total="124518400" percent="89">
      <mem type="allocate" free="111968768" total="112001024" percent="99" />
      <mem type="survivor" free="0" total="12517376" percent="0" />
    </mem>
    <mem type="tenure" free="1015768" total="19398656" percent="5" macro-fragmented="0">
      <mem type="soa" free="822232" total="19205120" percent="4" />
      <mem type="loa" free="193536" total="193536" percent="100" />
    </mem>
    <remembered-set count="119" />
  </mem-info>
</gc-end>
<cycle-end id="4676" type="scavenge" contextid="4669" timestamp="2019-08-08T20:26:20.144" />
  <attribute name="elasticGC enabled" value="1" />
  <attribute name= "numThreadsSpecified" value="16" />
  <attribute name="heapSize specified" value="42401792" />
  <attribute name="Current GC Util" value="13" />
  <attribute name= "Current Time Running" value="147562" />
  <attribute name ="GC Interval" value="2073" />
  <attribute name="Target GC Util Change" value ="80.000000" />
  <attribute name="Current GC Util Change" value="13.000000"/>
  <attribute name="Current Error" value="125.000000" />
  <attribute name="Output H" value="138318872"/>
  <attribute name="Output I" value="2072"/>
  <attribute name="Output T" value="16"/>
  <attribute name= "Current Time Running" value="147562" />
  <attribute name="GC Util currently" value="13" />
  <attribute name="CPU Util currently" value="84393790718" />
<allocation-satisfied id="4677" threadId="0000000000959F00" bytesRequested="1168" />
<af-end id="4678" timestamp="2019-08-08T20:26:20.144" threadId="000000000095A888" success="true" from="nursery"/>
<exclusive-end id="4679" timestamp="2019-08-08T20:26:20.144" durationms="1.282" />

<exclusive-start id="4680" timestamp="2019-08-08T20:26:20.156" intervalms="13.411">
  <response-info timems="0.022" idlems="0.022" threads="0" lastid="0000000000959F00" lastname="main" />
</exclusive-start>
<af-start id="4681" threadId="000000000095A888" totalBytesRequested="1168" timestamp="2019-08-08T20:26:20.157" intervalms="13.415" type="nursery" />
<cycle-start id="4682" type="scavenge" contextid="0" timestamp="2019-08-08T20:26:20.157" intervalms="13.417" />
<gc-start id="4683" type="scavenge" contextid="4682" timestamp="2019-08-08T20:26:20.157">
  <mem-info id="4684" free="1015768" total="143917056" percent="0">
    <mem type="nursery" free="0" total="124518400" percent="0">
      <mem type="allocate" free="0" total="112001024" percent="0" />
      <mem type="survivor" free="0" total="12517376" percent="0" />
    </mem>
    <mem type="tenure" free="1015768" total="19398656" percent="5">
      <mem type="soa" free="822232" total="19205120" percent="4" />
      <mem type="loa" free="193536" total="193536" percent="100" />
    </mem>
    <remembered-set count="124" />
  </mem-info>
</gc-start>
<allocation-stats totalBytes="111465656" >
  <allocated-bytes non-tlh="1168" tlh="111464488" />
  <largest-consumer threadName="main" threadId="0000000000959F00" bytes="111465656" />
</allocation-stats>
<gc-op id="4685" type="scavenge" timems="0.806" contextid="4682" timestamp="2019-08-08T20:26:20.157">
  <scavenger-info tenureage="3" tenuremask="fff8" tiltratio="89" />
  <memory-copied type="nursery" objects="27" bytes="1944" bytesdiscarded="30312" />
</gc-op>
<gc-end id="4686" type="scavenge" contextid="4682" durationms="0.888" usertimems="1.374" systemtimems="0.000" timestamp="2019-08-08T20:26:20.158" activeThreads="16">
  <mem-info id="4687" free="113050072" total="143917056" percent="78">
    <mem type="nursery" free="112034304" total="124518400" percent="89">
      <mem type="allocate" free="112034304" total="112066560" percent="99" />
      <mem type="survivor" free="0" total="12451840" percent="0" />
    </mem>
    <mem type="tenure" free="1015768" total="19398656" percent="5" macro-fragmented="0">
      <mem type="soa" free="822232" total="19205120" percent="4" />
      <mem type="loa" free="193536" total="193536" percent="100" />
    </mem>
    <remembered-set count="124" />
  </mem-info>
</gc-end>
<cycle-end id="4688" type="scavenge" contextid="4682" timestamp="2019-08-08T20:26:20.158" />
  <attribute name="elasticGC enabled" value="1" />
  <attribute name= "numThreadsSpecified" value="16" />
  <attribute name="heapSize specified" value="42401792" />
  <attribute name="Current GC Util" value="16" />
  <attribute name= "Current Time Running" value="147576" />
  <attribute name ="GC Interval" value="2113" />
  <attribute name="Target GC Util Change" value ="80.000000" />
  <attribute name="Current GC Util Change" value="16.000000"/>
  <attribute name="Current Error" value="189.000000" />
  <attribute name="Output H" value="143955008"/>
  <attribute name="Output I" value="2112"/>
  <attribute name="Output T" value="16"/>
  <attribute name= "Current Time Running" value="147576" />
  <attribute name="GC Util currently" value="16" />
  <attribute name="CPU Util currently" value="85918853423" />
<allocation-satisfied id="4689" threadId="0000000000959F00" bytesRequested="1168" />
<af-end id="4690" timestamp="2019-08-08T20:26:20.158" threadId="000000000095A888" success="true" from="nursery"/>
<exclusive-end id="4691" timestamp="2019-08-08T20:26:20.158" durationms="1.120" />

<exclusive-start id="4692" timestamp="2019-08-08T20:26:20.172" intervalms="15.125">
  <response-info timems="0.025" idlems="0.025" threads="0" lastid="0000000000959F00" lastname="main" />
</exclusive-start>
<af-start id="4693" threadId="000000000095A888" totalBytesRequested="1168" timestamp="2019-08-08T20:26:20.172" intervalms="15.121" type="nursery" />
<cycle-start id="4694" type="scavenge" contextid="0" timestamp="2019-08-08T20:26:20.172" intervalms="15.119" />
<gc-start id="4695" type="scavenge" contextid="4694" timestamp="2019-08-08T20:26:20.172">
  <mem-info id="4696" free="1015768" total="143917056" percent="0">
    <mem type="nursery" free="0" total="124518400" percent="0">
      <mem type="allocate" free="0" total="112066560" percent="0" />
      <mem type="survivor" free="0" total="12451840" percent="0" />
    </mem>
    <mem type="tenure" free="1015768" total="19398656" percent="5">
      <mem type="soa" free="822232" total="19205120" percent="4" />
      <mem type="loa" free="193536" total="193536" percent="100" />
    </mem>
    <remembered-set count="124" />
  </mem-info>
</gc-start>
<allocation-stats totalBytes="111326648" >
  <allocated-bytes non-tlh="1168" tlh="111325480" />
  <largest-consumer threadName="main" threadId="0000000000959F00" bytes="111326648" />
</allocation-stats>
<gc-op id="4697" type="scavenge" timems="1.296" contextid="4694" timestamp="2019-08-08T20:26:20.173">
  <scavenger-info tenureage="3" tenuremask="fff8" tiltratio="90" />
  <memory-copied type="nursery" objects="28" bytes="1968" bytesdiscarded="30288" />
</gc-op>
<gc-end id="4698" type="scavenge" contextid="4694" durationms="1.387" usertimems="2.248" systemtimems="0.000" timestamp="2019-08-08T20:26:20.173" activeThreads="16">
  <mem-info id="4699" free="113050072" total="143917056" percent="78">
    <mem type="nursery" free="112034304" total="124518400" percent="89">
      <mem type="allocate" free="112034304" total="112066560" percent="99" />
      <mem type="survivor" free="0" total="12451840" percent="0" />
    </mem>
    <mem type="tenure" free="1015768" total="19398656" percent="5" macro-fragmented="0">
      <mem type="soa" free="822232" total="19205120" percent="4" />
      <mem type="loa" free="193536" total="193536" percent="100" />
    </mem>
    <remembered-set count="114" />
  </mem-info>
</gc-end>
<cycle-end id="4700" type="scavenge" contextid="4694" timestamp="2019-08-08T20:26:20.173" />
  <attribute name="elasticGC enabled" value="1" />
  <attribute name= "numThreadsSpecified" value="16" />
  <attribute name="heapSize specified" value="42401792" />
  <attribute name="Current GC Util" value="9" />
  <attribute name= "Current Time Running" value="147591" />
  <attribute name ="GC Interval" value="2153" />
  <attribute name="Target GC Util Change" value ="80.000000" />
  <attribute name="Current GC Util Change" value="9.000000"/>
  <attribute name="Current Error" value="260.000000" />
  <attribute name="Output H" value="143955048"/>
  <attribute name="Output I" value="2152"/>
  <attribute name="Output T" value="16"/>
  <attribute name= "Current Time Running" value="147591" />
  <attribute name="GC Util currently" value="9" />
  <attribute name="CPU Util currently" value="75624948075" />
<allocation-satisfied id="4701" threadId="0000000000959F00" bytesRequested="1168" />
<af-end id="4702" timestamp="2019-08-08T20:26:20.173" threadId="000000000095A888" success="true" from="nursery"/>
<exclusive-end id="4703" timestamp="2019-08-08T20:26:20.173" durationms="1.621" />

<exclusive-start id="4704" timestamp="2019-08-08T20:26:20.186" intervalms="14.640">
  <response-info timems="0.020" idlems="0.020" threads="0" lastid="0000000000959F00" lastname="main" />
</exclusive-start>
<af-start id="4705" threadId="000000000095A888" totalBytesRequested="1168" timestamp="2019-08-08T20:26:20.186" intervalms="14.638" type="nursery" />
<cycle-start id="4706" type="scavenge" contextid="0" timestamp="2019-08-08T20:26:20.186" intervalms="14.639" />
<gc-start id="4707" type="scavenge" contextid="4706" timestamp="2019-08-08T20:26:20.186">
  <mem-info id="4708" free="1015768" total="143917056" percent="0">
    <mem type="nursery" free="0" total="124518400" percent="0">
      <mem type="allocate" free="0" total="112066560" percent="0" />
      <mem type="survivor" free="0" total="12451840" percent="0" />
    </mem>
    <mem type="tenure" free="1015768" total="19398656" percent="5">
      <mem type="soa" free="822232" total="19205120" percent="4" />
      <mem type="loa" free="193536" total="193536" percent="100" />
    </mem>
    <remembered-set count="114" />
  </mem-info>
</gc-start>
<allocation-stats totalBytes="111333080" >
  <allocated-bytes non-tlh="1168" tlh="111331912" />
  <largest-consumer threadName="main" threadId="0000000000959F00" bytes="111333080" />
</allocation-stats>
<gc-op id="4709" type="scavenge" timems="0.565" contextid="4706" timestamp="2019-08-08T20:26:20.187">
  <scavenger-info tenureage="3" tenuremask="fff8" tiltratio="90" />
  <memory-copied type="nursery" objects="28" bytes="1968" bytesdiscarded="30288" />
</gc-op>
<gc-end id="4710" type="scavenge" contextid="4706" durationms="0.714" usertimems="1.083" systemtimems="0.000" timestamp="2019-08-08T20:26:20.187" activeThreads="16">
  <mem-info id="4711" free="113050072" total="143917056" percent="78">
    <mem type="nursery" free="112034304" total="124518400" percent="89">
      <mem type="allocate" free="112034304" total="112066560" percent="99" />
      <mem type="survivor" free="0" total="12451840" percent="0" />
    </mem>
    <mem type="tenure" free="1015768" total="19398656" percent="5" macro-fragmented="0">
      <mem type="soa" free="822232" total="19205120" percent="4" />
      <mem type="loa" free="193536" total="193536" percent="100" />
    </mem>
    <remembered-set count="114" />
  </mem-info>
</gc-end>
<cycle-end id="4712" type="scavenge" contextid="4706" timestamp="2019-08-08T20:26:20.187" />
  <attribute name="elasticGC enabled" value="1" />
  <attribute name= "numThreadsSpecified" value="16" />
  <attribute name="heapSize specified" value="42401792" />
  <attribute name="Current GC Util" value="15" />
  <attribute name= "Current Time Running" value="147606" />
  <attribute name ="GC Interval" value="2193" />
  <attribute name="Target GC Util Change" value ="80.000000" />
  <attribute name="Current GC Util Change" value="15.000000"/>
  <attribute name="Current Error" value="325.000000" />
  <attribute name="Output H" value="143955088"/>
  <attribute name="Output I" value="2192"/>
  <attribute name="Output T" value="16"/>
  <attribute name= "Current Time Running" value="147606" />
  <attribute name="GC Util currently" value="15" />
  <attribute name="CPU Util currently" value="79031412397" />
<allocation-satisfied id="4713" threadId="0000000000959F00" bytesRequested="1168" />
<af-end id="4714" timestamp="2019-08-08T20:26:20.187" threadId="000000000095A888" success="true" from="nursery"/>
<exclusive-end id="4715" timestamp="2019-08-08T20:26:20.187" durationms="0.931" />

<exclusive-start id="4716" timestamp="2019-08-08T20:26:20.201" intervalms="14.648">
  <response-info timems="0.015" idlems="0.015" threads="0" lastid="0000000000959F00" lastname="main" />
</exclusive-start>
<af-start id="4717" threadId="000000000095A888" totalBytesRequested="24" timestamp="2019-08-08T20:26:20.201" intervalms="14.645" type="nursery" />
<cycle-start id="4718" type="scavenge" contextid="0" timestamp="2019-08-08T20:26:20.201" intervalms="14.643" />
<gc-start id="4719" type="scavenge" contextid="4718" timestamp="2019-08-08T20:26:20.201">
  <mem-info id="4720" free="1015768" total="143917056" percent="0">
    <mem type="nursery" free="0" total="124518400" percent="0">
      <mem type="allocate" free="0" total="112066560" percent="0" />
      <mem type="survivor" free="0" total="12451840" percent="0" />
    </mem>
    <mem type="tenure" free="1015768" total="19398656" percent="5">
      <mem type="soa" free="822232" total="19205120" percent="4" />
      <mem type="loa" free="193536" total="193536" percent="100" />
    </mem>
    <remembered-set count="116" />
  </mem-info>
</gc-start>
<allocation-stats totalBytes="112008144" >
  <allocated-bytes non-tlh="1168" tlh="112006976" />
  <largest-consumer threadName="main" threadId="0000000000959F00" bytes="112008144" />
</allocation-stats>
<gc-op id="4721" type="scavenge" timems="0.660" contextid="4718" timestamp="2019-08-08T20:26:20.202">
  <scavenger-info tenureage="3" tenuremask="fff8" tiltratio="90" />
  <memory-copied type="nursery" objects="157" bytes="5232" bytesdiscarded="10896" />
  <memory-copied type="tenure" objects="7" bytes="168" bytesdiscarded="0" />
</gc-op>
<gc-end id="4722" type="scavenge" contextid="4718" durationms="0.756" usertimems="1.212" systemtimems="0.000" timestamp="2019-08-08T20:26:20.202" activeThreads="16">
  <mem-info id="4723" free="113066200" total="143917056" percent="78">
    <mem type="nursery" free="112050432" total="124518400" percent="89">
      <mem type="allocate" free="112050432" total="112066560" percent="99" />
      <mem type="survivor" free="0" total="12451840" percent="0" />
    </mem>
    <mem type="tenure" free="1015768" total="19398656" percent="5" macro-fragmented="0">
      <mem type="soa" free="822232" total="19205120" percent="4" />
      <mem type="loa" free="193536" total="193536" percent="100" />
    </mem>
    <remembered-set count="112" />
  </mem-info>
</gc-end>
<cycle-end id="4724" type="scavenge" contextid="4718" timestamp="2019-08-08T20:26:20.202" />
  <attribute name="elasticGC enabled" value="1" />
  <attribute name= "numThreadsSpecified" value="16" />
  <attribute name="heapSize specified" value="42401792" />
  <attribute name="Current GC Util" value="9" />
  <attribute name= "Current Time Running" value="147620" />
  <attribute name ="GC Interval" value="2233" />
  <attribute name="Target GC Util Change" value ="80.000000" />
  <attribute name="Current GC Util Change" value="9.000000"/>
  <attribute name="Current Error" value="396.000000" />
  <attribute name="Output H" value="143955128"/>
  <attribute name="Output I" value="2232"/>
  <attribute name="Output T" value="16"/>
  <attribute name= "Current Time Running" value="147620" />
  <attribute name="GC Util currently" value="9" />
  <attribute name="CPU Util currently" value="79145822239" />
<allocation-satisfied id="4725" threadId="0000000000959F00" bytesRequested="24" />
<af-end id="4726" timestamp="2019-08-08T20:26:20.202" threadId="000000000095A888" success="true" from="nursery"/>
<exclusive-end id="4727" timestamp="2019-08-08T20:26:20.202" durationms="0.971" />

<exclusive-start id="4728" timestamp="2019-08-08T20:26:20.290" intervalms="88.993">
  <response-info timems="0.018" idlems="0.018" threads="0" lastid="0000000000959F00" lastname="main" />
</exclusive-start>
<af-start id="4729" threadId="000000000095A888" totalBytesRequested="192" timestamp="2019-08-08T20:26:20.290" intervalms="88.993" type="nursery" />
<cycle-start id="4730" type="scavenge" contextid="0" timestamp="2019-08-08T20:26:20.290" intervalms="88.994" />
<gc-start id="4731" type="scavenge" contextid="4730" timestamp="2019-08-08T20:26:20.290">
  <mem-info id="4732" free="1015768" total="143917056" percent="0">
    <mem type="nursery" free="0" total="124518400" percent="0">
      <mem type="allocate" free="0" total="112066560" percent="0" />
      <mem type="survivor" free="0" total="12451840" percent="0" />
    </mem>
    <mem type="tenure" free="1015768" total="19398656" percent="5">
      <mem type="soa" free="822232" total="19205120" percent="4" />
      <mem type="loa" free="193536" total="193536" percent="100" />
    </mem>
    <remembered-set count="119" />
  </mem-info>
</gc-start>
<allocation-stats totalBytes="112026464" >
  <allocated-bytes non-tlh="24" tlh="112026440" />
  <largest-consumer threadName="main" threadId="0000000000959F00" bytes="112026464" />
</allocation-stats>
<gc-op id="4733" type="scavenge" timems="0.561" contextid="4730" timestamp="2019-08-08T20:26:20.291">
  <scavenger-info tenureage="3" tenuremask="ffe8" tiltratio="90" />
  <memory-copied type="nursery" objects="78" bytes="2400" bytesdiscarded="69744" />
  <references type="weak" candidates="37" cleared="7" enqueued="3" />
</gc-op>
<gc-end id="4734" type="scavenge" contextid="4730" durationms="0.645" usertimems="1.135" systemtimems="0.000" timestamp="2019-08-08T20:26:20.291" activeThreads="16">
  <mem-info id="4735" free="113010136" total="143917056" percent="78">
    <mem type="nursery" free="111994368" total="124518400" percent="89">
      <mem type="allocate" free="111994368" total="112066560" percent="99" />
      <mem type="survivor" free="0" total="12451840" percent="0" />
    </mem>
    <mem type="tenure" free="1015768" total="19398656" percent="5" macro-fragmented="0">
      <mem type="soa" free="822232" total="19205120" percent="4" />
      <mem type="loa" free="193536" total="193536" percent="100" />
    </mem>
    <pending-finalizers system="0" default="0" reference="3" classloader="0" />
    <remembered-set count="119" />
  </mem-info>
</gc-end>
<cycle-end id="4736" type="scavenge" contextid="4730" timestamp="2019-08-08T20:26:20.291" />
  <attribute name="elasticGC enabled" value="1" />
  <attribute name= "numThreadsSpecified" value="16" />
  <attribute name="heapSize specified" value="42401792" />
  <attribute name="Current GC Util" value="1" />
  <attribute name= "Current Time Running" value="147709" />
  <attribute name ="GC Interval" value="2049" />
  <attribute name="Target GC Util Change" value ="80.000000" />
  <attribute name="Current GC Util Change" value="1.000000"/>
  <attribute name="Current Error" value="79.000000" />
  <attribute name="Output H" value="143954944"/>
  <attribute name="Output I" value="2048"/>
  <attribute name="Output T" value="16"/>
  <attribute name= "Current Time Running" value="147709" />
  <attribute name="GC Util currently" value="1" />
  <attribute name="CPU Util currently" value="12955095786" />
<allocation-satisfied id="4737" threadId="0000000000959F00" bytesRequested="192" />
<af-end id="4738" timestamp="2019-08-08T20:26:20.291" threadId="000000000095A888" success="true" from="nursery"/>
<exclusive-end id="4739" timestamp="2019-08-08T20:26:20.291" durationms="0.837" />

<exclusive-start id="4740" timestamp="2019-08-08T20:26:20.311" intervalms="21.253">
  <response-info timems="0.020" idlems="0.020" threads="0" lastid="0000000000959F00" lastname="main" />
</exclusive-start>
<af-start id="4741" threadId="000000000095A888" totalBytesRequested="16" timestamp="2019-08-08T20:26:20.311" intervalms="21.256" type="nursery" />
<cycle-start id="4742" type="scavenge" contextid="0" timestamp="2019-08-08T20:26:20.311" intervalms="21.256" />
<gc-start id="4743" type="scavenge" contextid="4742" timestamp="2019-08-08T20:26:20.311">
  <mem-info id="4744" free="1015768" total="143917056" percent="0">
    <mem type="nursery" free="0" total="124518400" percent="0">
      <mem type="allocate" free="0" total="112066560" percent="0" />
      <mem type="survivor" free="0" total="12451840" percent="0" />
    </mem>
    <mem type="tenure" free="1015768" total="19398656" percent="5">
      <mem type="soa" free="822232" total="19205120" percent="4" />
      <mem type="loa" free="193536" total="193536" percent="100" />
    </mem>
    <remembered-set count="120" />
  </mem-info>
</gc-start>
<allocation-stats totalBytes="111937136" >
  <allocated-bytes non-tlh="192" tlh="111936944" />
  <largest-consumer threadName="main" threadId="0000000000959F00" bytes="111937136" />
</allocation-stats>
<gc-op id="4745" type="scavenge" timems="1.000" contextid="4742" timestamp="2019-08-08T20:26:20.312">
  <scavenger-info tenureage="3" tenuremask="fff8" tiltratio="90" />
  <memory-copied type="nursery" objects="80" bytes="2472" bytesdiscarded="61272" />
  <references type="weak" candidates="30" cleared="0" enqueued="0" />
</gc-op>
<gc-end id="4746" type="scavenge" contextid="4742" durationms="1.090" usertimems="1.732" systemtimems="0.000" timestamp="2019-08-08T20:26:20.312" activeThreads="16">
  <mem-info id="4747" free="113018584" total="143917056" percent="78">
    <mem type="nursery" free="112002816" total="124518400" percent="89">
      <mem type="allocate" free="112002816" total="112066560" percent="99" />
      <mem type="survivor" free="0" total="12451840" percent="0" />
    </mem>
    <mem type="tenure" free="1015768" total="19398656" percent="5" macro-fragmented="0">
      <mem type="soa" free="822232" total="19205120" percent="4" />
      <mem type="loa" free="193536" total="193536" percent="100" />
    </mem>
    <remembered-set count="120" />
  </mem-info>
</gc-end>
<cycle-end id="4748" type="scavenge" contextid="4742" timestamp="2019-08-08T20:26:20.312" />
  <attribute name="elasticGC enabled" value="1" />
  <attribute name= "numThreadsSpecified" value="16" />
  <attribute name="heapSize specified" value="42401792" />
  <attribute name="Current GC Util" value="5" />
  <attribute name= "Current Time Running" value="147730" />
  <attribute name ="GC Interval" value="2089" />
  <attribute name="Target GC Util Change" value ="80.000000" />
  <attribute name="Current GC Util Change" value="5.000000"/>
  <attribute name="Current Error" value="154.000000" />
  <attribute name="Output H" value="143954984"/>
  <attribute name="Output I" value="2088"/>
  <attribute name="Output T" value="16"/>
  <attribute name= "Current Time Running" value="147730" />
  <attribute name="GC Util currently" value="5" />
  <attribute name="CPU Util currently" value="54220643505" />
<allocation-satisfied id="4749" threadId="0000000000959F00" bytesRequested="16" />
<af-end id="4750" timestamp="2019-08-08T20:26:20.312" threadId="000000000095A888" success="true" from="nursery"/>
<exclusive-end id="4751" timestamp="2019-08-08T20:26:20.312" durationms="1.301" />

<exclusive-start id="4752" timestamp="2019-08-08T20:26:20.335" intervalms="23.861">
  <response-info timems="0.018" idlems="0.018" threads="0" lastid="0000000000959F00" lastname="main" />
</exclusive-start>
<af-start id="4753" threadId="000000000095A888" totalBytesRequested="16" timestamp="2019-08-08T20:26:20.335" intervalms="23.857" type="nursery" />
<cycle-start id="4754" type="scavenge" contextid="0" timestamp="2019-08-08T20:26:20.335" intervalms="23.856" />
<gc-start id="4755" type="scavenge" contextid="4754" timestamp="2019-08-08T20:26:20.335">
  <mem-info id="4756" free="1015768" total="143917056" percent="0">
    <mem type="nursery" free="0" total="124518400" percent="0">
      <mem type="allocate" free="0" total="112066560" percent="0" />
      <mem type="survivor" free="0" total="12451840" percent="0" />
    </mem>
    <mem type="tenure" free="1015768" total="19398656" percent="5">
      <mem type="soa" free="822232" total="19205120" percent="4" />
      <mem type="loa" free="193536" total="193536" percent="100" />
    </mem>
    <remembered-set count="122" />
  </mem-info>
</gc-start>
<allocation-stats totalBytes="111942368" >
  <allocated-bytes non-tlh="16" tlh="111942352" />
  <largest-consumer threadName="main" threadId="0000000000959F00" bytes="111942368" />
</allocation-stats>
<gc-op id="4757" type="scavenge" timems="2.408" contextid="4754" timestamp="2019-08-08T20:26:20.338">
  <scavenger-info tenureage="3" tenuremask="fff8" tiltratio="90" />
  <memory-copied type="nursery" objects="80" bytes="2440" bytesdiscarded="69752" />
  <memory-copied type="tenure" objects="6" bytes="144" bytesdiscarded="0" />
  <references type="weak" candidates="30" cleared="0" enqueued="0" />
</gc-op>
<heap-resize id="4758" type="expand" space="nursery" amount="5898240" count="1" timems="0.017" reason="excessive time being spent scavenging" timestamp="2019-08-08T20:26:20.338" />
<gc-end id="4759" type="scavenge" contextid="4754" durationms="2.575" usertimems="4.176" systemtimems="0.000" timestamp="2019-08-08T20:26:20.338" activeThreads="16">
  <mem-info id="4760" free="118318552" total="149815296" percent="78">
    <mem type="nursery" free="117302784" total="130416640" percent="89">
      <mem type="allocate" free="117302784" total="117374976" percent="99" />
      <mem type="survivor" free="0" total="13041664" percent="0" />
    </mem>
    <mem type="tenure" free="1015768" total="19398656" percent="5" macro-fragmented="0">
      <mem type="soa" free="822232" total="19205120" percent="4" />
      <mem type="loa" free="193536" total="193536" percent="100" />
    </mem>
    <remembered-set count="120" />
  </mem-info>
</gc-end>
<cycle-end id="4761" type="scavenge" contextid="4754" timestamp="2019-08-08T20:26:20.338" />
  <attribute name="elasticGC enabled" value="1" />
  <attribute name= "numThreadsSpecified" value="16" />
  <attribute name="heapSize specified" value="42401792" />
  <attribute name="Current GC Util" value="7" />
  <attribute name= "Current Time Running" value="147754" />
  <attribute name ="GC Interval" value="2137" />
  <attribute name="Target GC Util Change" value ="80.000000" />
  <attribute name="Current GC Util Change" value="7.000000"/>
  <attribute name="Current Error" value="227.000000" />
  <attribute name="Output H" value="143955032"/>
  <attribute name="Output I" value="2136"/>
  <attribute name="Output T" value="16"/>
  <attribute name= "Current Time Running" value="147754" />
  <attribute name="GC Util currently" value="7" />
  <attribute name="CPU Util currently" value="48328769800" />
<allocation-satisfied id="4762" threadId="0000000000959F00" bytesRequested="16" />
<af-end id="4763" timestamp="2019-08-08T20:26:20.338" threadId="000000000095A888" success="true" from="nursery"/>
<exclusive-end id="4764" timestamp="2019-08-08T20:26:20.338" durationms="2.882" />

<exclusive-start id="4765" timestamp="2019-08-08T20:26:20.368" intervalms="32.931">
  <response-info timems="0.019" idlems="0.019" threads="0" lastid="0000000000959F00" lastname="main" />
</exclusive-start>
<af-start id="4766" threadId="000000000095A888" totalBytesRequested="24" timestamp="2019-08-08T20:26:20.368" intervalms="32.937" type="nursery" />
<cycle-start id="4767" type="scavenge" contextid="0" timestamp="2019-08-08T20:26:20.368" intervalms="32.939" />
<gc-start id="4768" type="scavenge" contextid="4767" timestamp="2019-08-08T20:26:20.368">
  <mem-info id="4769" free="1015768" total="149815296" percent="0">
    <mem type="nursery" free="0" total="130416640" percent="0">
      <mem type="allocate" free="0" total="117374976" percent="0" />
      <mem type="survivor" free="0" total="13041664" percent="0" />
    </mem>
    <mem type="tenure" free="1015768" total="19398656" percent="5">
      <mem type="soa" free="822232" total="19205120" percent="4" />
      <mem type="loa" free="193536" total="193536" percent="100" />
    </mem>
    <remembered-set count="122" />
  </mem-info>
</gc-start>
<allocation-stats totalBytes="117222144" >
  <allocated-bytes non-tlh="16" tlh="117222128" />
  <largest-consumer threadName="main" threadId="0000000000959F00" bytes="117222144" />
</allocation-stats>
<gc-op id="4770" type="scavenge" timems="0.814" contextid="4767" timestamp="2019-08-08T20:26:20.369">
  <scavenger-info tenureage="5" tenuremask="ffe0" tiltratio="90" />
  <memory-copied type="nursery" objects="90" bytes="2800" bytesdiscarded="69392" />
  <references type="weak" candidates="30" cleared="0" enqueued="0" />
</gc-op>
<gc-end id="4771" type="scavenge" contextid="4767" durationms="0.901" usertimems="1.501" systemtimems="0.000" timestamp="2019-08-08T20:26:20.369" activeThreads="16">
  <mem-info id="4772" free="118318552" total="149815296" percent="78">
    <mem type="nursery" free="117302784" total="130416640" percent="89">
      <mem type="allocate" free="117302784" total="117374976" percent="99" />
      <mem type="survivor" free="0" total="13041664" percent="0" />
    </mem>
    <mem type="tenure" free="1015768" total="19398656" percent="5" macro-fragmented="0">
      <mem type="soa" free="822232" total="19205120" percent="4" />
      <mem type="loa" free="193536" total="193536" percent="100" />
    </mem>
    <remembered-set count="122" />
  </mem-info>
</gc-end>
<cycle-end id="4773" type="scavenge" contextid="4767" timestamp="2019-08-08T20:26:20.369" />
  <attribute name="elasticGC enabled" value="1" />
  <attribute name= "numThreadsSpecified" value="16" />
  <attribute name="heapSize specified" value="42401792" />
  <attribute name="Current GC Util" value="13" />
  <attribute name= "Current Time Running" value="147787" />
  <attribute name ="GC Interval" value="2177" />
  <attribute name="Target GC Util Change" value ="80.000000" />
  <attribute name="Current GC Util Change" value="13.000000"/>
  <attribute name="Current Error" value="294.000000" />
  <attribute name="Output H" value="149853312"/>
  <attribute name="Output I" value="2176"/>
  <attribute name="Output T" value="16"/>
  <attribute name= "Current Time Running" value="147787" />
  <attribute name="GC Util currently" value="13" />
  <attribute name="CPU Util currently" value="34978592026" />
<allocation-satisfied id="4774" threadId="0000000000959F00" bytesRequested="24" />
<af-end id="4775" timestamp="2019-08-08T20:26:20.369" threadId="000000000095A888" success="true" from="nursery"/>
<exclusive-end id="4776" timestamp="2019-08-08T20:26:20.369" durationms="1.136" />

<exclusive-start id="4777" timestamp="2019-08-08T20:26:20.577" intervalms="208.891">
  <response-info timems="0.020" idlems="0.020" threads="0" lastid="0000000000959F00" lastname="main" />
</exclusive-start>
<af-start id="4778" threadId="000000000095A888" totalBytesRequested="20232" timestamp="2019-08-08T20:26:20.577" intervalms="208.899" type="nursery" />
<cycle-start id="4779" type="scavenge" contextid="0" timestamp="2019-08-08T20:26:20.577" intervalms="208.907" />
<gc-start id="4780" type="scavenge" contextid="4779" timestamp="2019-08-08T20:26:20.577">
  <mem-info id="4781" free="1015768" total="149815296" percent="0">
    <mem type="nursery" free="0" total="130416640" percent="0">
      <mem type="allocate" free="0" total="117374976" percent="0" />
      <mem type="survivor" free="0" total="13041664" percent="0" />
    </mem>
    <mem type="tenure" free="1015768" total="19398656" percent="5">
      <mem type="soa" free="822232" total="19205120" percent="4" />
      <mem type="loa" free="193536" total="193536" percent="100" />
    </mem>
    <remembered-set count="134" />
  </mem-info>
</gc-start>
<allocation-stats totalBytes="112961384" >
  <allocated-bytes non-tlh="24" tlh="112961360" />
  <largest-consumer threadName="main" threadId="0000000000959F00" bytes="112961384" />
</allocation-stats>
<gc-op id="4782" type="scavenge" timems="1.941" contextid="4779" timestamp="2019-08-08T20:26:20.579">
  <scavenger-info tenureage="3" tenuremask="fff8" tiltratio="90" />
  <memory-copied type="nursery" objects="77" bytes="29648" bytesdiscarded="10288" />
  <memory-copied type="tenure" objects="55" bytes="1592" bytesdiscarded="0" />
</gc-op>
<gc-end id="4783" type="scavenge" contextid="4779" durationms="2.124" usertimems="3.792" systemtimems="0.000" timestamp="2019-08-08T20:26:20.579" activeThreads="16">
  <mem-info id="4784" free="118350808" total="149815296" percent="78">
    <mem type="nursery" free="117335040" total="130416640" percent="89">
      <mem type="allocate" free="117335040" total="117374976" percent="99" />
      <mem type="survivor" free="0" total="13041664" percent="0" />
    </mem>
    <mem type="tenure" free="1015768" total="19398656" percent="5" macro-fragmented="0">
      <mem type="soa" free="822232" total="19205120" percent="4" />
      <mem type="loa" free="193536" total="193536" percent="100" />
    </mem>
    <remembered-set count="126" />
  </mem-info>
</gc-end>
<cycle-end id="4785" type="scavenge" contextid="4779" timestamp="2019-08-08T20:26:20.579" />
  <attribute name="elasticGC enabled" value="1" />
  <attribute name= "numThreadsSpecified" value="16" />
  <attribute name="heapSize specified" value="42401792" />
  <attribute name="Current GC Util" value="0" />
  <attribute name= "Current Time Running" value="147996" />
  <attribute name ="GC Interval" value="2217" />
  <attribute name="Target GC Util Change" value ="80.000000" />
  <attribute name="Current GC Util Change" value="0.000000"/>
  <attribute name="Current Error" value="374.000000" />
  <attribute name="Output H" value="149853352"/>
  <attribute name="Output I" value="2216"/>
  <attribute name="Output T" value="16"/>
  <attribute name= "Current Time Running" value="147996" />
  <attribute name="GC Util currently" value="0" />
  <attribute name="CPU Util currently" value="5518001828" />
<allocation-satisfied id="4786" threadId="0000000000959F00" bytesRequested="20232" />
<af-end id="4787" timestamp="2019-08-08T20:26:20.579" threadId="000000000095A888" success="true" from="nursery"/>
<exclusive-end id="4788" timestamp="2019-08-08T20:26:20.579" durationms="2.384" />

<exclusive-start id="4789" timestamp="2019-08-08T20:26:20.792" intervalms="214.898">
  <response-info timems="0.017" idlems="0.017" threads="0" lastid="0000000000959F00" lastname="main" />
</exclusive-start>
<af-start id="4790" threadId="000000000095A888" totalBytesRequested="80" timestamp="2019-08-08T20:26:20.792" intervalms="214.910" type="nursery" />
<cycle-start id="4791" type="scavenge" contextid="0" timestamp="2019-08-08T20:26:20.792" intervalms="214.902" />
<gc-start id="4792" type="scavenge" contextid="4791" timestamp="2019-08-08T20:26:20.792">
  <mem-info id="4793" free="1015768" total="149815296" percent="0">
    <mem type="nursery" free="0" total="130416640" percent="0">
      <mem type="allocate" free="0" total="117374976" percent="0" />
      <mem type="survivor" free="0" total="13041664" percent="0" />
    </mem>
    <mem type="tenure" free="1015768" total="19398656" percent="5">
      <mem type="soa" free="822232" total="19205120" percent="4" />
      <mem type="loa" free="193536" total="193536" percent="100" />
    </mem>
    <remembered-set count="142" />
  </mem-info>
</gc-start>
<allocation-stats totalBytes="117314696" >
  <allocated-bytes non-tlh="20232" tlh="117294464" />
  <largest-consumer threadName="main" threadId="0000000000959F00" bytes="117314696" />
</allocation-stats>
<gc-op id="4794" type="scavenge" timems="1.054" contextid="4791" timestamp="2019-08-08T20:26:20.793">
  <scavenger-info tenureage="3" tenuremask="ffd8" tiltratio="90" />
  <memory-copied type="nursery" objects="103" bytes="2896" bytesdiscarded="29360" />
  <memory-copied type="tenure" objects="6" bytes="144" bytesdiscarded="0" />
</gc-op>
<gc-end id="4795" type="scavenge" contextid="4791" durationms="1.140" usertimems="2.412" systemtimems="0.000" timestamp="2019-08-08T20:26:20.793" activeThreads="16">
  <mem-info id="4796" free="118358488" total="149815296" percent="79">
    <mem type="nursery" free="117342720" total="130416640" percent="89">
      <mem type="allocate" free="117342720" total="117374976" percent="99" />
      <mem type="survivor" free="0" total="13041664" percent="0" />
    </mem>
    <mem type="tenure" free="1015768" total="19398656" percent="5" macro-fragmented="0">
      <mem type="soa" free="822232" total="19205120" percent="4" />
      <mem type="loa" free="193536" total="193536" percent="100" />
    </mem>
    <remembered-set count="140" />
  </mem-info>
</gc-end>
<cycle-end id="4797" type="scavenge" contextid="4791" timestamp="2019-08-08T20:26:20.793" />
  <attribute name="elasticGC enabled" value="1" />
  <attribute name= "numThreadsSpecified" value="16" />
  <attribute name="heapSize specified" value="42401792" />
  <attribute name="Current GC Util" value="1" />
  <attribute name= "Current Time Running" value="148211" />
  <attribute name ="GC Interval" value="2265" />
  <attribute name="Target GC Util Change" value ="80.000000" />
  <attribute name="Current GC Util Change" value="1.000000"/>
  <attribute name="Current Error" value="453.000000" />
  <attribute name="Output H" value="149853400"/>
  <attribute name="Output I" value="2264"/>
  <attribute name="Output T" value="16"/>
  <attribute name= "Current Time Running" value="148211" />
  <attribute name="GC Util currently" value="1" />
  <attribute name="CPU Util currently" value="5366637824" />
<allocation-satisfied id="4798" threadId="0000000000959F00" bytesRequested="80" />
<af-end id="4799" timestamp="2019-08-08T20:26:20.793" threadId="000000000095A888" success="true" from="nursery"/>
<exclusive-end id="4800" timestamp="2019-08-08T20:26:20.793" durationms="1.368" />

<exclusive-start id="4801" timestamp="2019-08-08T20:26:20.916" intervalms="124.610">
  <response-info timems="0.017" idlems="0.017" threads="0" lastid="0000000000959F00" lastname="main" />
</exclusive-start>
<af-start id="4802" threadId="000000000095A888" totalBytesRequested="40" timestamp="2019-08-08T20:26:20.916" intervalms="124.593" type="nursery" />
<cycle-start id="4803" type="scavenge" contextid="0" timestamp="2019-08-08T20:26:20.916" intervalms="124.593" />
<gc-start id="4804" type="scavenge" contextid="4803" timestamp="2019-08-08T20:26:20.916">
  <mem-info id="4805" free="1015768" total="149815296" percent="0">
    <mem type="nursery" free="0" total="130416640" percent="0">
      <mem type="allocate" free="0" total="117374976" percent="0" />
      <mem type="survivor" free="0" total="13041664" percent="0" />
    </mem>
    <mem type="tenure" free="1015768" total="19398656" percent="5">
      <mem type="soa" free="822232" total="19205120" percent="4" />
      <mem type="loa" free="193536" total="193536" percent="100" />
    </mem>
    <remembered-set count="146" />
  </mem-info>
</gc-start>
<allocation-stats totalBytes="117320672" >
  <allocated-bytes non-tlh="80" tlh="117320592" />
  <largest-consumer threadName="main" threadId="0000000000959F00" bytes="117320672" />
</allocation-stats>
<gc-op id="4806" type="scavenge" timems="0.956" contextid="4803" timestamp="2019-08-08T20:26:20.917">
  <scavenger-info tenureage="3" tenuremask="ffe8" tiltratio="90" />
  <memory-copied type="nursery" objects="119" bytes="3152" bytesdiscarded="29104" />
  <memory-copied type="tenure" objects="6" bytes="144" bytesdiscarded="0" />
</gc-op>
<gc-end id="4807" type="scavenge" contextid="4803" durationms="1.052" usertimems="1.934" systemtimems="0.000" timestamp="2019-08-08T20:26:20.918" activeThreads="16">
  <mem-info id="4808" free="118358488" total="149815296" percent="79">
    <mem type="nursery" free="117342720" total="130416640" percent="89">
      <mem type="allocate" free="117342720" total="117374976" percent="99" />
      <mem type="survivor" free="0" total="13041664" percent="0" />
    </mem>
    <mem type="tenure" free="1015768" total="19398656" percent="5" macro-fragmented="0">
      <mem type="soa" free="822232" total="19205120" percent="4" />
      <mem type="loa" free="193536" total="193536" percent="100" />
    </mem>
    <remembered-set count="144" />
  </mem-info>
</gc-end>
<cycle-end id="4809" type="scavenge" contextid="4803" timestamp="2019-08-08T20:26:20.918" />
  <attribute name="elasticGC enabled" value="1" />
  <attribute name= "numThreadsSpecified" value="16" />
  <attribute name="heapSize specified" value="42401792" />
  <attribute name="Current GC Util" value="2" />
  <attribute name= "Current Time Running" value="148336" />
  <attribute name ="GC Interval" value="2049" />
  <attribute name="Target GC Util Change" value ="80.000000" />
  <attribute name="Current GC Util Change" value="2.000000"/>
  <attribute name="Current Error" value="78.000000" />
  <attribute name="Output H" value="149853184"/>
  <attribute name="Output I" value="2048"/>
  <attribute name="Output T" value="16"/>
  <attribute name= "Current Time Running" value="148336" />
  <attribute name="GC Util currently" value="2" />
  <attribute name="CPU Util currently" value="9251693988" />
<allocation-satisfied id="4810" threadId="0000000000959F00" bytesRequested="40" />
<af-end id="4811" timestamp="2019-08-08T20:26:20.918" threadId="000000000095A888" success="true" from="nursery"/>
<exclusive-end id="4812" timestamp="2019-08-08T20:26:20.918" durationms="1.290" />

<exclusive-start id="4813" timestamp="2019-08-08T20:26:21.093" intervalms="176.255">
  <response-info timems="0.017" idlems="0.017" threads="0" lastid="0000000000959F00" lastname="main" />
</exclusive-start>
<af-start id="4814" threadId="000000000095A888" totalBytesRequested="24" timestamp="2019-08-08T20:26:21.093" intervalms="176.268" type="nursery" />
<cycle-start id="4815" type="scavenge" contextid="0" timestamp="2019-08-08T20:26:21.093" intervalms="176.296" />
<gc-start id="4816" type="scavenge" contextid="4815" timestamp="2019-08-08T20:26:21.093">
  <mem-info id="4817" free="1015768" total="149815296" percent="0">
    <mem type="nursery" free="0" total="130416640" percent="0">
      <mem type="allocate" free="0" total="117374976" percent="0" />
      <mem type="survivor" free="0" total="13041664" percent="0" />
    </mem>
    <mem type="tenure" free="1015768" total="19398656" percent="5">
      <mem type="soa" free="822232" total="19205120" percent="4" />
      <mem type="loa" free="193536" total="193536" percent="100" />
    </mem>
    <remembered-set count="158" />
  </mem-info>
</gc-start>
<allocation-stats totalBytes="117334800" >
  <allocated-bytes non-tlh="40" tlh="117334760" />
  <largest-consumer threadName="main" threadId="0000000000959F00" bytes="117334800" />
</allocation-stats>
<gc-op id="4818" type="scavenge" timems="0.843" contextid="4815" timestamp="2019-08-08T20:26:21.094">
  <scavenger-info tenureage="3" tenuremask="ffe8" tiltratio="90" />
  <memory-copied type="nursery" objects="116" bytes="3032" bytesdiscarded="29224" />
  <memory-copied type="tenure" objects="36" bytes="864" bytesdiscarded="0" />
</gc-op>
<gc-end id="4819" type="scavenge" contextid="4815" durationms="0.955" usertimems="1.707" systemtimems="0.000" timestamp="2019-08-08T20:26:21.094" activeThreads="16">
  <mem-info id="4820" free="118358488" total="149815296" percent="79">
    <mem type="nursery" free="117342720" total="130416640" percent="89">
      <mem type="allocate" free="117342720" total="117374976" percent="99" />
      <mem type="survivor" free="0" total="13041664" percent="0" />
    </mem>
    <mem type="tenure" free="1015768" total="19398656" percent="5" macro-fragmented="0">
      <mem type="soa" free="822232" total="19205120" percent="4" />
      <mem type="loa" free="193536" total="193536" percent="100" />
    </mem>
    <remembered-set count="146" />
  </mem-info>
</gc-end>
<cycle-end id="4821" type="scavenge" contextid="4815" timestamp="2019-08-08T20:26:21.094" />
  <attribute name="elasticGC enabled" value="1" />
  <attribute name= "numThreadsSpecified" value="16" />
  <attribute name="heapSize specified" value="42401792" />
  <attribute name="Current GC Util" value="1" />
  <attribute name= "Current Time Running" value="148512" />
  <attribute name ="GC Interval" value="2097" />
  <attribute name="Target GC Util Change" value ="80.000000" />
  <attribute name="Current GC Util Change" value="1.000000"/>
  <attribute name="Current Error" value="157.000000" />
  <attribute name="Output H" value="149853232"/>
  <attribute name="Output I" value="2096"/>
  <attribute name="Output T" value="16"/>
  <attribute name= "Current Time Running" value="148512" />
  <attribute name="GC Util currently" value="1" />
  <attribute name="CPU Util currently" value="6539304341" />
<allocation-satisfied id="4822" threadId="0000000000959F00" bytesRequested="24" />
<af-end id="4823" timestamp="2019-08-08T20:26:21.094" threadId="000000000095A888" success="true" from="nursery"/>
<exclusive-end id="4824" timestamp="2019-08-08T20:26:21.094" durationms="1.256" />

<exclusive-start id="4825" timestamp="2019-08-08T20:26:21.188" intervalms="95.455">
  <response-info timems="0.021" idlems="0.021" threads="0" lastid="0000000000959F00" lastname="main" />
</exclusive-start>
<af-start id="4826" threadId="000000000095A888" totalBytesRequested="32" timestamp="2019-08-08T20:26:21.188" intervalms="95.433" type="nursery" />
<cycle-start id="4827" type="scavenge" contextid="0" timestamp="2019-08-08T20:26:21.188" intervalms="95.409" />
<gc-start id="4828" type="scavenge" contextid="4827" timestamp="2019-08-08T20:26:21.188">
  <mem-info id="4829" free="1015768" total="149815296" percent="0">
    <mem type="nursery" free="0" total="130416640" percent="0">
      <mem type="allocate" free="0" total="117374976" percent="0" />
      <mem type="survivor" free="0" total="13041664" percent="0" />
    </mem>
    <mem type="tenure" free="1015768" total="19398656" percent="5">
      <mem type="soa" free="822232" total="19205120" percent="4" />
      <mem type="loa" free="193536" total="193536" percent="100" />
    </mem>
    <remembered-set count="150" />
  </mem-info>
</gc-start>
<allocation-stats totalBytes="117334560" >
  <allocated-bytes non-tlh="24" tlh="117334536" />
  <largest-consumer threadName="main" threadId="0000000000959F00" bytes="117334560" />
</allocation-stats>
<gc-op id="4830" type="scavenge" timems="1.489" contextid="4827" timestamp="2019-08-08T20:26:21.190">
  <scavenger-info tenureage="3" tenuremask="ffe8" tiltratio="90" />
  <memory-copied type="nursery" objects="99" bytes="2560" bytesdiscarded="29696" />
  <memory-copied type="tenure" objects="41" bytes="1080" bytesdiscarded="0" />
</gc-op>
<gc-end id="4831" type="scavenge" contextid="4827" durationms="1.698" usertimems="2.895" systemtimems="0.000" timestamp="2019-08-08T20:26:21.190" activeThreads="16">
  <mem-info id="4832" free="118358488" total="149815296" percent="79">
    <mem type="nursery" free="117342720" total="130416640" percent="89">
      <mem type="allocate" free="117342720" total="117374976" percent="99" />
      <mem type="survivor" free="0" total="13041664" percent="0" />
    </mem>
    <mem type="tenure" free="1015768" total="19398656" percent="5" macro-fragmented="0">
      <mem type="soa" free="822232" total="19205120" percent="4" />
      <mem type="loa" free="193536" total="193536" percent="100" />
    </mem>
    <remembered-set count="134" />
  </mem-info>
</gc-end>
<cycle-end id="4833" type="scavenge" contextid="4827" timestamp="2019-08-08T20:26:21.190" />
  <attribute name="elasticGC enabled" value="1" />
  <attribute name= "numThreadsSpecified" value="16" />
  <attribute name="heapSize specified" value="42401792" />
  <attribute name="Current GC Util" value="2" />
  <attribute name= "Current Time Running" value="148607" />
  <attribute name ="GC Interval" value="2137" />
  <attribute name="Target GC Util Change" value ="80.000000" />
  <attribute name="Current GC Util Change" value="2.000000"/>
  <attribute name="Current Error" value="235.000000" />
  <attribute name="Output H" value="149853272"/>
  <attribute name="Output I" value="2136"/>
  <attribute name="Output T" value="16"/>
  <attribute name= "Current Time Running" value="148607" />
  <attribute name="GC Util currently" value="2" />
  <attribute name="CPU Util currently" value="12079963018" />
<allocation-satisfied id="4834" threadId="0000000000959F00" bytesRequested="32" />
<af-end id="4835" timestamp="2019-08-08T20:26:21.190" threadId="000000000095A888" success="true" from="nursery"/>
<exclusive-end id="4836" timestamp="2019-08-08T20:26:21.190" durationms="1.957" />

<exclusive-start id="4837" timestamp="2019-08-08T20:26:21.352" intervalms="164.370">
  <response-info timems="0.015" idlems="0.015" threads="0" lastid="0000000000959F00" lastname="main" />
</exclusive-start>
<af-start id="4838" threadId="000000000095A888" totalBytesRequested="32" timestamp="2019-08-08T20:26:21.352" intervalms="164.374" type="nursery" />
<cycle-start id="4839" type="scavenge" contextid="0" timestamp="2019-08-08T20:26:21.352" intervalms="164.368" />
<gc-start id="4840" type="scavenge" contextid="4839" timestamp="2019-08-08T20:26:21.353">
  <mem-info id="4841" free="1015768" total="149815296" percent="0">
    <mem type="nursery" free="0" total="130416640" percent="0">
      <mem type="allocate" free="0" total="117374976" percent="0" />
      <mem type="survivor" free="0" total="13041664" percent="0" />
    </mem>
    <mem type="tenure" free="1015768" total="19398656" percent="5">
      <mem type="soa" free="822232" total="19205120" percent="4" />
      <mem type="loa" free="193536" total="193536" percent="100" />
    </mem>
    <remembered-set count="142" />
  </mem-info>
</gc-start>
<allocation-stats totalBytes="117298560" >
  <allocated-bytes non-tlh="32" tlh="117298528" />
  <largest-consumer threadName="main" threadId="0000000000959F00" bytes="117298560" />
</allocation-stats>
<gc-op id="4842" type="scavenge" timems="0.697" contextid="4839" timestamp="2019-08-08T20:26:21.353">
  <scavenger-info tenureage="3" tenuremask="ffe8" tiltratio="90" />
  <memory-copied type="nursery" objects="97" bytes="2488" bytesdiscarded="29768" />
  <memory-copied type="tenure" objects="18" bytes="432" bytesdiscarded="0" />
</gc-op>
<gc-end id="4843" type="scavenge" contextid="4839" durationms="0.784" usertimems="1.431" systemtimems="0.000" timestamp="2019-08-08T20:26:21.353" activeThreads="16">
  <mem-info id="4844" free="118358488" total="149815296" percent="79">
    <mem type="nursery" free="117342720" total="130416640" percent="89">
      <mem type="allocate" free="117342720" total="117374976" percent="99" />
      <mem type="survivor" free="0" total="13041664" percent="0" />
    </mem>
    <mem type="tenure" free="1015768" total="19398656" percent="5" macro-fragmented="0">
      <mem type="soa" free="822232" total="19205120" percent="4" />
      <mem type="loa" free="193536" total="193536" percent="100" />
    </mem>
    <remembered-set count="136" />
  </mem-info>
</gc-end>
<cycle-end id="4845" type="scavenge" contextid="4839" timestamp="2019-08-08T20:26:21.353" />
  <attribute name="elasticGC enabled" value="1" />
  <attribute name= "numThreadsSpecified" value="16" />
  <attribute name="heapSize specified" value="42401792" />
  <attribute name="Current GC Util" value="1" />
  <attribute name= "Current Time Running" value="148772" />
  <attribute name ="GC Interval" value="2185" />
  <attribute name="Target GC Util Change" value ="80.000000" />
  <attribute name="Current GC Util Change" value="1.000000"/>
  <attribute name="Current Error" value="314.000000" />
  <attribute name="Output H" value="149853320"/>
  <attribute name="Output I" value="2184"/>
  <attribute name="Output T" value="16"/>
  <attribute name= "Current Time Running" value="148772" />
  <attribute name="GC Util currently" value="1" />
  <attribute name="CPU Util currently" value="7016408715" />
<allocation-satisfied id="4846" threadId="0000000000959F00" bytesRequested="32" />
<af-end id="4847" timestamp="2019-08-08T20:26:21.353" threadId="000000000095A888" success="true" from="nursery"/>
<exclusive-end id="4848" timestamp="2019-08-08T20:26:21.353" durationms="0.996" />

<exclusive-start id="4849" timestamp="2019-08-08T20:26:21.381" intervalms="28.309">
  <response-info timems="0.022" idlems="0.022" threads="0" lastid="0000000000959F00" lastname="main" />
</exclusive-start>
<af-start id="4850" threadId="000000000095A888" totalBytesRequested="584" timestamp="2019-08-08T20:26:21.381" intervalms="28.314" type="nursery" />
<cycle-start id="4851" type="scavenge" contextid="0" timestamp="2019-08-08T20:26:21.381" intervalms="28.316" />
<gc-start id="4852" type="scavenge" contextid="4851" timestamp="2019-08-08T20:26:21.381">
  <mem-info id="4853" free="1015768" total="149815296" percent="0">
    <mem type="nursery" free="0" total="130416640" percent="0">
      <mem type="allocate" free="0" total="117374976" percent="0" />
      <mem type="survivor" free="0" total="13041664" percent="0" />
    </mem>
    <mem type="tenure" free="1015768" total="19398656" percent="5">
      <mem type="soa" free="822232" total="19205120" percent="4" />
      <mem type="loa" free="193536" total="193536" percent="100" />
    </mem>
    <remembered-set count="138" />
  </mem-info>
</gc-start>
<allocation-stats totalBytes="117161472" >
  <allocated-bytes non-tlh="32" tlh="117161440" />
  <largest-consumer threadName="main" threadId="0000000000959F00" bytes="117161472" />
</allocation-stats>
<gc-op id="4854" type="scavenge" timems="1.131" contextid="4851" timestamp="2019-08-08T20:26:21.382">
  <scavenger-info tenureage="3" tenuremask="ffe8" tiltratio="90" />
  <memory-copied type="nursery" objects="60" bytes="2144" bytesdiscarded="30112" />
  <memory-copied type="tenure" objects="42" bytes="1008" bytesdiscarded="0" />
</gc-op>
<gc-end id="4855" type="scavenge" contextid="4851" durationms="1.225" usertimems="3.047" systemtimems="0.000" timestamp="2019-08-08T20:26:21.382" activeThreads="16">
  <mem-info id="4856" free="118358488" total="149815296" percent="79">
    <mem type="nursery" free="117342720" total="130416640" percent="89">
      <mem type="allocate" free="117342720" total="117374976" percent="99" />
      <mem type="survivor" free="0" total="13041664" percent="0" />
    </mem>
    <mem type="tenure" free="1015768" total="19398656" percent="5" macro-fragmented="0">
      <mem type="soa" free="822232" total="19205120" percent="4" />
      <mem type="loa" free="193536" total="193536" percent="100" />
    </mem>
    <remembered-set count="124" />
  </mem-info>
</gc-end>
<cycle-end id="4857" type="scavenge" contextid="4851" timestamp="2019-08-08T20:26:21.382" />
  <attribute name="elasticGC enabled" value="1" />
  <attribute name= "numThreadsSpecified" value="16" />
  <attribute name="heapSize specified" value="42401792" />
  <attribute name="Current GC Util" value="5" />
  <attribute name= "Current Time Running" value="148800" />
  <attribute name ="GC Interval" value="2225" />
  <attribute name="Target GC Util Change" value ="80.000000" />
  <attribute name="Current GC Util Change" value="5.000000"/>
  <attribute name="Current Error" value="389.000000" />
  <attribute name="Output H" value="149853360"/>
  <attribute name="Output I" value="2224"/>
  <attribute name="Output T" value="16"/>
  <attribute name= "Current Time Running" value="148800" />
  <attribute name="GC Util currently" value="5" />
  <attribute name="CPU Util currently" value="40702722523" />
<allocation-satisfied id="4858" threadId="0000000000959F00" bytesRequested="584" />
<af-end id="4859" timestamp="2019-08-08T20:26:21.382" threadId="000000000095A888" success="true" from="nursery"/>
<exclusive-end id="4860" timestamp="2019-08-08T20:26:21.382" durationms="1.444" />

<exclusive-start id="4861" timestamp="2019-08-08T20:26:21.431" intervalms="50.408">
  <response-info timems="0.020" idlems="0.020" threads="0" lastid="0000000000959F00" lastname="main" />
</exclusive-start>
<af-start id="4862" threadId="000000000095A888" totalBytesRequested="440" timestamp="2019-08-08T20:26:21.431" intervalms="50.404" type="nursery" />
<cycle-start id="4863" type="scavenge" contextid="0" timestamp="2019-08-08T20:26:21.431" intervalms="50.404" />
<gc-start id="4864" type="scavenge" contextid="4863" timestamp="2019-08-08T20:26:21.431">
  <mem-info id="4865" free="1015768" total="149815296" percent="0">
    <mem type="nursery" free="0" total="130416640" percent="0">
      <mem type="allocate" free="0" total="117374976" percent="0" />
      <mem type="survivor" free="0" total="13041664" percent="0" />
    </mem>
    <mem type="tenure" free="1015768" total="19398656" percent="5">
      <mem type="soa" free="822232" total="19205120" percent="4" />
      <mem type="loa" free="193536" total="193536" percent="100" />
    </mem>
    <remembered-set count="128" />
  </mem-info>
</gc-start>
<allocation-stats totalBytes="117154912" >
  <allocated-bytes non-tlh="584" tlh="117154328" />
  <largest-consumer threadName="main" threadId="0000000000959F00" bytes="117154912" />
</allocation-stats>
<gc-op id="4866" type="scavenge" timems="1.042" contextid="4863" timestamp="2019-08-08T20:26:21.432">
  <scavenger-info tenureage="3" tenuremask="ffe8" tiltratio="90" />
  <memory-copied type="nursery" objects="60" bytes="2064" bytesdiscarded="14064" />
  <memory-copied type="tenure" objects="12" bytes="288" bytesdiscarded="0" />
</gc-op>
<gc-end id="4867" type="scavenge" contextid="4863" durationms="1.127" usertimems="1.804" systemtimems="0.000" timestamp="2019-08-08T20:26:21.432" activeThreads="16">
  <mem-info id="4868" free="118374616" total="149815296" percent="79">
    <mem type="nursery" free="117358848" total="130416640" percent="89">
      <mem type="allocate" free="117358848" total="117374976" percent="99" />
      <mem type="survivor" free="0" total="13041664" percent="0" />
    </mem>
    <mem type="tenure" free="1015768" total="19398656" percent="5" macro-fragmented="0">
      <mem type="soa" free="822232" total="19205120" percent="4" />
      <mem type="loa" free="193536" total="193536" percent="100" />
    </mem>
    <remembered-set count="124" />
  </mem-info>
</gc-end>
<cycle-end id="4869" type="scavenge" contextid="4863" timestamp="2019-08-08T20:26:21.432" />
  <attribute name="elasticGC enabled" value="1" />
  <attribute name= "numThreadsSpecified" value="16" />
  <attribute name="heapSize specified" value="42401792" />
  <attribute name="Current GC Util" value="5" />
  <attribute name= "Current Time Running" value="148850" />
  <attribute name ="GC Interval" value="2273" />
  <attribute name="Target GC Util Change" value ="80.000000" />
  <attribute name="Current GC Util Change" value="5.000000"/>
  <attribute name="Current Error" value="464.000000" />
  <attribute name="Output H" value="149853408"/>
  <attribute name="Output I" value="2272"/>
  <attribute name="Output T" value="16"/>
  <attribute name= "Current Time Running" value="148850" />
  <attribute name="GC Util currently" value="5" />
  <attribute name="CPU Util currently" value="22882148012" />
<allocation-satisfied id="4870" threadId="0000000000959F00" bytesRequested="440" />
<af-end id="4871" timestamp="2019-08-08T20:26:21.432" threadId="000000000095A888" success="true" from="nursery"/>
<exclusive-end id="4872" timestamp="2019-08-08T20:26:21.432" durationms="1.330" />

<exclusive-start id="4873" timestamp="2019-08-08T20:26:21.513" intervalms="81.756">
  <response-info timems="0.083" idlems="0.083" threads="0" lastid="0000000000959F00" lastname="main" />
</exclusive-start>
<af-start id="4874" threadId="000000000095A888" totalBytesRequested="1008" timestamp="2019-08-08T20:26:21.513" intervalms="81.753" type="nursery" />
<cycle-start id="4875" type="scavenge" contextid="0" timestamp="2019-08-08T20:26:21.513" intervalms="81.751" />
<gc-start id="4876" type="scavenge" contextid="4875" timestamp="2019-08-08T20:26:21.513">
  <mem-info id="4877" free="1015768" total="149815296" percent="0">
    <mem type="nursery" free="0" total="130416640" percent="0">
      <mem type="allocate" free="0" total="117374976" percent="0" />
      <mem type="survivor" free="0" total="13041664" percent="0" />
    </mem>
    <mem type="tenure" free="1015768" total="19398656" percent="5">
      <mem type="soa" free="822232" total="19205120" percent="4" />
      <mem type="loa" free="193536" total="193536" percent="100" />
    </mem>
    <remembered-set count="128" />
  </mem-info>
</gc-start>
<allocation-stats totalBytes="117257688" >
  <allocated-bytes non-tlh="440" tlh="117257248" />
  <largest-consumer threadName="main" threadId="0000000000959F00" bytes="117257688" />
</allocation-stats>
<gc-op id="4878" type="scavenge" timems="0.926" contextid="4875" timestamp="2019-08-08T20:26:21.514">
  <scavenger-info tenureage="3" tenuremask="ffe8" tiltratio="90" />
  <memory-copied type="nursery" objects="59" bytes="4768" bytesdiscarded="11360" />
  <memory-copied type="tenure" objects="24" bytes="576" bytesdiscarded="0" />
</gc-op>
<gc-end id="4879" type="scavenge" contextid="4875" durationms="1.031" usertimems="3.853" systemtimems="0.000" timestamp="2019-08-08T20:26:21.514" activeThreads="16">
  <mem-info id="4880" free="118374616" total="149815296" percent="79">
    <mem type="nursery" free="117358848" total="130416640" percent="89">
      <mem type="allocate" free="117358848" total="117374976" percent="99" />
      <mem type="survivor" free="0" total="13041664" percent="0" />
    </mem>
    <mem type="tenure" free="1015768" total="19398656" percent="5" macro-fragmented="0">
      <mem type="soa" free="822232" total="19205120" percent="4" />
      <mem type="loa" free="193536" total="193536" percent="100" />
    </mem>
    <remembered-set count="120" />
  </mem-info>
</gc-end>
<cycle-end id="4881" type="scavenge" contextid="4875" timestamp="2019-08-08T20:26:21.514" />
  <attribute name="elasticGC enabled" value="1" />
  <attribute name= "numThreadsSpecified" value="16" />
  <attribute name="heapSize specified" value="42401792" />
  <attribute name="Current GC Util" value="2" />
  <attribute name= "Current Time Running" value="148932" />
  <attribute name ="GC Interval" value="2049" />
  <attribute name="Target GC Util Change" value ="80.000000" />
  <attribute name="Current GC Util Change" value="2.000000"/>
  <attribute name="Current Error" value="78.000000" />
  <attribute name="Output H" value="149853184"/>
  <attribute name="Output I" value="2048"/>
  <attribute name="Output T" value="16"/>
  <attribute name= "Current Time Running" value="148932" />
  <attribute name="GC Util currently" value="2" />
  <attribute name="CPU Util currently" value="14103217424" />
<allocation-satisfied id="4882" threadId="0000000000959F00" bytesRequested="1008" />
<af-end id="4883" timestamp="2019-08-08T20:26:21.514" threadId="000000000095A888" success="true" from="nursery"/>
<exclusive-end id="4884" timestamp="2019-08-08T20:26:21.514" durationms="1.279" />

<exclusive-start id="4885" timestamp="2019-08-08T20:26:21.689" intervalms="176.183">
  <response-info timems="0.024" idlems="0.024" threads="0" lastid="0000000000959F00" lastname="main" />
</exclusive-start>
<af-start id="4886" threadId="000000000095A888" totalBytesRequested="80" timestamp="2019-08-08T20:26:21.690" intervalms="176.746" type="nursery" />
<cycle-start id="4887" type="scavenge" contextid="0" timestamp="2019-08-08T20:26:21.690" intervalms="176.794" />
<gc-start id="4888" type="scavenge" contextid="4887" timestamp="2019-08-08T20:26:21.690">
  <mem-info id="4889" free="1015768" total="149815296" percent="0">
    <mem type="nursery" free="0" total="130416640" percent="0">
      <mem type="allocate" free="0" total="117374976" percent="0" />
      <mem type="survivor" free="0" total="13041664" percent="0" />
    </mem>
    <mem type="tenure" free="1015768" total="19398656" percent="5">
      <mem type="soa" free="822232" total="19205120" percent="4" />
      <mem type="loa" free="193536" total="193536" percent="100" />
    </mem>
    <remembered-set count="124" />
  </mem-info>
</gc-start>
<allocation-stats totalBytes="117262640" >
  <allocated-bytes non-tlh="1008" tlh="117261632" />
  <largest-consumer threadName="main" threadId="0000000000959F00" bytes="117262640" />
</allocation-stats>
<gc-op id="4890" type="scavenge" timems="0.979" contextid="4887" timestamp="2019-08-08T20:26:21.691">
  <scavenger-info tenureage="3" tenuremask="ffe8" tiltratio="90" />
  <memory-copied type="nursery" objects="51" bytes="1416" bytesdiscarded="30840" />
  <memory-copied type="tenure" objects="6" bytes="144" bytesdiscarded="0" />
</gc-op>
<gc-end id="4891" type="scavenge" contextid="4887" durationms="1.073" usertimems="3.055" systemtimems="0.000" timestamp="2019-08-08T20:26:21.691" activeThreads="16">
  <mem-info id="4892" free="118358488" total="149815296" percent="79">
    <mem type="nursery" free="117342720" total="130416640" percent="89">
      <mem type="allocate" free="117342720" total="117374976" percent="99" />
      <mem type="survivor" free="0" total="13041664" percent="0" />
    </mem>
    <mem type="tenure" free="1015768" total="19398656" percent="5" macro-fragmented="0">
      <mem type="soa" free="822232" total="19205120" percent="4" />
      <mem type="loa" free="193536" total="193536" percent="100" />
    </mem>
    <remembered-set count="122" />
  </mem-info>
</gc-end>
<cycle-end id="4893" type="scavenge" contextid="4887" timestamp="2019-08-08T20:26:21.691" />
  <attribute name="elasticGC enabled" value="1" />
  <attribute name= "numThreadsSpecified" value="16" />
  <attribute name="heapSize specified" value="42401792" />
  <attribute name="Current GC Util" value="1" />
  <attribute name= "Current Time Running" value="149109" />
  <attribute name ="GC Interval" value="2097" />
  <attribute name="Target GC Util Change" value ="80.000000" />
  <attribute name="Current GC Util Change" value="1.000000"/>
  <attribute name="Current Error" value="157.000000" />
  <attribute name="Output H" value="149853232"/>
  <attribute name="Output I" value="2096"/>
  <attribute name="Output T" value="16"/>
  <attribute name= "Current Time Running" value="149109" />
  <attribute name="GC Util currently" value="1" />
  <attribute name="CPU Util currently" value="6516716077" />
<allocation-satisfied id="4894" threadId="0000000000959F00" bytesRequested="80" />
<af-end id="4895" timestamp="2019-08-08T20:26:21.691" threadId="000000000095A888" success="true" from="nursery"/>
<exclusive-end id="4896" timestamp="2019-08-08T20:26:21.691" durationms="2.013" />

<exclusive-start id="4897" timestamp="2019-08-08T20:26:21.921" intervalms="232.328">
  <response-info timems="0.019" idlems="0.019" threads="0" lastid="0000000000959F00" lastname="main" />
</exclusive-start>
<af-start id="4898" threadId="000000000095A888" totalBytesRequested="80" timestamp="2019-08-08T20:26:21.921" intervalms="231.754" type="nursery" />
<cycle-start id="4899" type="scavenge" contextid="0" timestamp="2019-08-08T20:26:21.921" intervalms="231.706" />
<gc-start id="4900" type="scavenge" contextid="4899" timestamp="2019-08-08T20:26:21.922">
  <mem-info id="4901" free="1015768" total="149815296" percent="0">
    <mem type="nursery" free="0" total="130416640" percent="0">
      <mem type="allocate" free="0" total="117374976" percent="0" />
      <mem type="survivor" free="0" total="13041664" percent="0" />
    </mem>
    <mem type="tenure" free="1015768" total="19398656" percent="5">
      <mem type="soa" free="822232" total="19205120" percent="4" />
      <mem type="loa" free="193536" total="193536" percent="100" />
    </mem>
    <remembered-set count="122" />
  </mem-info>
</gc-start>
<allocation-stats totalBytes="117321344" >
  <allocated-bytes non-tlh="80" tlh="117321264" />
  <largest-consumer threadName="main" threadId="0000000000959F00" bytes="117321344" />
</allocation-stats>
<gc-op id="4902" type="scavenge" timems="1.994" contextid="4899" timestamp="2019-08-08T20:26:21.924">
  <scavenger-info tenureage="3" tenuremask="ffe8" tiltratio="90" />
  <memory-copied type="nursery" objects="44" bytes="1368" bytesdiscarded="30888" />
  <memory-copied type="tenure" objects="12" bytes="288" bytesdiscarded="0" />
</gc-op>
<gc-end id="4903" type="scavenge" contextid="4899" durationms="2.109" usertimems="2.085" systemtimems="0.000" timestamp="2019-08-08T20:26:21.924" activeThreads="16">
  <mem-info id="4904" free="118358488" total="149815296" percent="79">
    <mem type="nursery" free="117342720" total="130416640" percent="89">
      <mem type="allocate" free="117342720" total="117374976" percent="99" />
      <mem type="survivor" free="0" total="13041664" percent="0" />
    </mem>
    <mem type="tenure" free="1015768" total="19398656" percent="5" macro-fragmented="0">
      <mem type="soa" free="822232" total="19205120" percent="4" />
      <mem type="loa" free="193536" total="193536" percent="100" />
    </mem>
    <remembered-set count="118" />
  </mem-info>
</gc-end>
<cycle-end id="4905" type="scavenge" contextid="4899" timestamp="2019-08-08T20:26:21.924" />
  <attribute name="elasticGC enabled" value="1" />
  <attribute name= "numThreadsSpecified" value="16" />
  <attribute name="heapSize specified" value="42401792" />
  <attribute name="Current GC Util" value="1" />
  <attribute name= "Current Time Running" value="149341" />
  <attribute name ="GC Interval" value="2137" />
  <attribute name="Target GC Util Change" value ="80.000000" />
  <attribute name="Current GC Util Change" value="1.000000"/>
  <attribute name="Current Error" value="236.000000" />
  <attribute name="Output H" value="149853272"/>
  <attribute name="Output I" value="2136"/>
  <attribute name="Output T" value="16"/>
  <attribute name= "Current Time Running" value="149341" />
  <attribute name="GC Util currently" value="1" />
  <attribute name="CPU Util currently" value="4977987354" />
<allocation-satisfied id="4906" threadId="0000000000959F00" bytesRequested="80" />
<af-end id="4907" timestamp="2019-08-08T20:26:21.924" threadId="000000000095A888" success="true" from="nursery"/>
<exclusive-end id="4908" timestamp="2019-08-08T20:26:21.924" durationms="2.311" />

<exclusive-start id="4909" timestamp="2019-08-08T20:26:22.056" intervalms="134.773">
  <response-info timems="0.020" idlems="0.020" threads="0" lastid="0000000000959F00" lastname="main" />
</exclusive-start>
<af-start id="4910" threadId="000000000095A888" totalBytesRequested="32" timestamp="2019-08-08T20:26:22.056" intervalms="134.793" type="nursery" />
<cycle-start id="4911" type="scavenge" contextid="0" timestamp="2019-08-08T20:26:22.056" intervalms="134.795" />
<gc-start id="4912" type="scavenge" contextid="4911" timestamp="2019-08-08T20:26:22.056">
  <mem-info id="4913" free="1015768" total="149815296" percent="0">
    <mem type="nursery" free="0" total="130416640" percent="0">
      <mem type="allocate" free="0" total="117374976" percent="0" />
      <mem type="survivor" free="0" total="13041664" percent="0" />
    </mem>
    <mem type="tenure" free="1015768" total="19398656" percent="5">
      <mem type="soa" free="822232" total="19205120" percent="4" />
      <mem type="loa" free="193536" total="193536" percent="100" />
    </mem>
    <remembered-set count="120" />
  </mem-info>
</gc-start>
<allocation-stats totalBytes="117242184" >
  <allocated-bytes non-tlh="80" tlh="117242104" />
  <largest-consumer threadName="main" threadId="0000000000959F00" bytes="117242184" />
</allocation-stats>
<gc-op id="4914" type="scavenge" timems="1.220" contextid="4911" timestamp="2019-08-08T20:26:22.058">
  <scavenger-info tenureage="3" tenuremask="ffe8" tiltratio="90" />
  <memory-copied type="nursery" objects="34" bytes="1528" bytesdiscarded="30728" />
  <memory-copied type="tenure" objects="12" bytes="288" bytesdiscarded="0" />
</gc-op>
<gc-end id="4915" type="scavenge" contextid="4911" durationms="1.320" usertimems="2.909" systemtimems="0.000" timestamp="2019-08-08T20:26:22.058" activeThreads="16">
  <mem-info id="4916" free="118358488" total="149815296" percent="79">
    <mem type="nursery" free="117342720" total="130416640" percent="89">
      <mem type="allocate" free="117342720" total="117374976" percent="99" />
      <mem type="survivor" free="0" total="13041664" percent="0" />
    </mem>
    <mem type="tenure" free="1015768" total="19398656" percent="5" macro-fragmented="0">
      <mem type="soa" free="822232" total="19205120" percent="4" />
      <mem type="loa" free="193536" total="193536" percent="100" />
    </mem>
    <remembered-set count="116" />
  </mem-info>
</gc-end>
<cycle-end id="4917" type="scavenge" contextid="4911" timestamp="2019-08-08T20:26:22.058" />
  <attribute name="elasticGC enabled" value="1" />
  <attribute name= "numThreadsSpecified" value="16" />
  <attribute name="heapSize specified" value="42401792" />
  <attribute name="Current GC Util" value="1" />
  <attribute name= "Current Time Running" value="149475" />
  <attribute name ="GC Interval" value="2185" />
  <attribute name="Target GC Util Change" value ="80.000000" />
  <attribute name="Current GC Util Change" value="1.000000"/>
  <attribute name="Current Error" value="315.000000" />
  <attribute name="Output H" value="149853320"/>
  <attribute name="Output I" value="2184"/>
  <attribute name="Output T" value="16"/>
  <attribute name= "Current Time Running" value="149475" />
  <attribute name="GC Util currently" value="1" />
  <attribute name="CPU Util currently" value="8552447436" />
<allocation-satisfied id="4918" threadId="0000000000959F00" bytesRequested="32" />
<af-end id="4919" timestamp="2019-08-08T20:26:22.058" threadId="000000000095A888" success="true" from="nursery"/>
<exclusive-end id="4920" timestamp="2019-08-08T20:26:22.058" durationms="1.535" />

<exclusive-start id="4921" timestamp="2019-08-08T20:26:22.077" intervalms="20.560">
  <response-info timems="0.090" idlems="0.090" threads="0" lastid="0000000000959F00" lastname="main" />
</exclusive-start>
<af-start id="4922" threadId="000000000095A888" totalBytesRequested="64" timestamp="2019-08-08T20:26:22.077" intervalms="20.556" type="nursery" />
<cycle-start id="4923" type="scavenge" contextid="0" timestamp="2019-08-08T20:26:22.077" intervalms="20.555" />
<gc-start id="4924" type="scavenge" contextid="4923" timestamp="2019-08-08T20:26:22.077">
  <mem-info id="4925" free="1015768" total="149815296" percent="0">
    <mem type="nursery" free="0" total="130416640" percent="0">
      <mem type="allocate" free="0" total="117374976" percent="0" />
      <mem type="survivor" free="0" total="13041664" percent="0" />
    </mem>
    <mem type="tenure" free="1015768" total="19398656" percent="5">
      <mem type="soa" free="822232" total="19205120" percent="4" />
      <mem type="loa" free="193536" total="193536" percent="100" />
    </mem>
    <remembered-set count="116" />
  </mem-info>
</gc-start>
<allocation-stats totalBytes="117181896" >
  <allocated-bytes non-tlh="32" tlh="117181864" />
  <largest-consumer threadName="main" threadId="0000000000959F00" bytes="117181896" />
</allocation-stats>
<gc-op id="4926" type="scavenge" timems="2.550" contextid="4923" timestamp="2019-08-08T20:26:22.080">
  <scavenger-info tenureage="5" tenuremask="ffe0" tiltratio="90" />
  <memory-copied type="nursery" objects="37" bytes="1616" bytesdiscarded="30640" />
</gc-op>
<heap-resize id="4927" type="expand" space="nursery" amount="5242880" count="1" timems="0.018" reason="excessive time being spent scavenging" timestamp="2019-08-08T20:26:22.080" />
<gc-end id="4928" type="scavenge" contextid="4923" durationms="2.910" usertimems="5.337" systemtimems="0.000" timestamp="2019-08-08T20:26:22.080" activeThreads="16">
  <mem-info id="4929" free="123077080" total="155058176" percent="79">
    <mem type="nursery" free="122061312" total="135659520" percent="89">
      <mem type="allocate" free="122061312" total="122093568" percent="99" />
      <mem type="survivor" free="0" total="13565952" percent="0" />
    </mem>
    <mem type="tenure" free="1015768" total="19398656" percent="5" macro-fragmented="0">
      <mem type="soa" free="822232" total="19205120" percent="4" />
      <mem type="loa" free="193536" total="193536" percent="100" />
    </mem>
    <remembered-set count="116" />
  </mem-info>
</gc-end>
<cycle-end id="4930" type="scavenge" contextid="4923" timestamp="2019-08-08T20:26:22.080" />
  <attribute name="elasticGC enabled" value="1" />
  <attribute name= "numThreadsSpecified" value="16" />
  <attribute name="heapSize specified" value="42401792" />
  <attribute name="Current GC Util" value="14" />
  <attribute name= "Current Time Running" value="149496" />
  <attribute name ="GC Interval" value="2225" />
  <attribute name="Target GC Util Change" value ="80.000000" />
  <attribute name="Current GC Util Change" value="14.000000"/>
  <attribute name="Current Error" value="381.000000" />
  <attribute name="Output H" value="149853360"/>
  <attribute name="Output I" value="2224"/>
  <attribute name="Output T" value="16"/>
  <attribute name= "Current Time Running" value="149496" />
  <attribute name="GC Util currently" value="14" />
  <attribute name="CPU Util currently" value="55673889797" />
<allocation-satisfied id="4931" threadId="0000000000959F00" bytesRequested="64" />
<af-end id="4932" timestamp="2019-08-08T20:26:22.080" threadId="000000000095A888" success="true" from="nursery"/>
<exclusive-end id="4933" timestamp="2019-08-08T20:26:22.080" durationms="3.268" />

* Round 4 done in 2.260 seconds.

-------------------------------------------------------------------------------
Benchmark: 2019-08-08 20:25:57
-------------------------------------------------------------------------------

    Rounds: 4
    Warp:   10
    Timer:  time.time

Test                             minimum  average  operation  overhead
-------------------------------------------------------------------------------
          BuiltinFunctionCalls:     14ms     88ms    0.17us    0.000ms
           BuiltinMethodLookup:     39ms    164ms    0.16us    0.000ms
                 CompareFloats:     16ms    127ms    0.11us    0.000ms
         CompareFloatsIntegers:     20ms    117ms    0.13us    0.000ms
               CompareIntegers:     25ms     74ms    0.04us    0.000ms
        CompareInternedStrings:     36ms    144ms    0.10us    0.000ms
                  CompareLongs:     18ms     72ms    0.07us    0.000ms
                CompareStrings:     27ms     89ms    0.09us    0.000ms
                CompareUnicode:     28ms     72ms    0.10us    0.000ms
                 ConcatStrings:     86ms    362ms    0.72us    0.000ms
                 ConcatUnicode:     47ms     86ms    0.29us    0.000ms
               CreateInstances:     33ms     76ms    0.68us    0.000ms
            CreateNewInstances:     51ms     99ms    1.18us    0.000ms
       CreateStringsWithConcat:     45ms    103ms    0.10us    0.000ms
       CreateUnicodeWithConcat:     20ms     40ms    0.10us    0.000ms
                  DictCreation:     30ms     83ms    0.21us    0.000ms
             DictWithFloatKeys:     16ms    136ms    0.15us    0.000ms
           DictWithIntegerKeys:     19ms     62ms    0.05us    0.000ms
            DictWithStringKeys:     20ms     85ms    0.07us    0.000ms
                      ForLoops:    101ms    174ms    6.95us    0.000ms
                    IfThenElse:     21ms    100ms    0.07us    0.000ms
                   ListSlicing:     11ms     26ms    1.89us    0.000ms
                NestedForLoops:     86ms    117ms    0.08us    0.000ms
          NormalClassAttribute:     25ms     99ms    0.08us    0.000ms
       NormalInstanceAttribute:     24ms     75ms    0.06us    0.000ms
           PythonFunctionCalls:     26ms    182ms    0.55us    0.000ms
             PythonMethodCalls:     31ms    110ms    0.49us    0.000ms
                     Recursion:     39ms    176ms    3.51us    0.000ms
                  SecondImport:     33ms     99ms    0.99us    0.000ms
           SecondPackageImport:     34ms     45ms    0.45us    0.000ms
         SecondSubmoduleImport:     54ms     82ms    0.82us    0.000ms
       SimpleComplexArithmetic:     16ms     96ms    0.11us    0.000ms
        SimpleDictManipulation:     26ms    108ms    0.09us    0.000ms
         SimpleFloatArithmetic:     20ms    165ms    0.13us    0.000ms
      SimpleIntFloatArithmetic:     19ms    149ms    0.11us    0.000ms
       SimpleIntegerArithmetic:     20ms    104ms    0.08us    0.000ms
        SimpleListManipulation:     39ms    156ms    0.13us    0.000ms
          SimpleLongArithmetic:     21ms    102ms    0.15us    0.000ms
                    SmallLists:     44ms    103ms    0.15us    0.000ms
                   SmallTuples:     46ms    142ms    0.26us    0.000ms
         SpecialClassAttribute:     25ms     92ms    0.08us    0.000ms
      SpecialInstanceAttribute:     24ms    100ms    0.08us    0.000ms
                StringMappings:     73ms    200ms    0.79us    0.000ms
              StringPredicates:     40ms    131ms    0.19us    0.000ms
                 StringSlicing:     27ms     61ms    0.11us    0.000ms
                     TryExcept:      3ms     27ms    0.01us    0.000ms
                TryRaiseExcept:     78ms    131ms    2.04us    0.000ms
                  TupleSlicing:     19ms     35ms    0.13us    0.000ms
               UnicodeMappings:     89ms    208ms    5.77us    0.000ms
             UnicodePredicates:     44ms    112ms    0.21us    0.000ms
             UnicodeProperties:    346ms    502ms    1.25us    0.000ms
                UnicodeSlicing:     31ms     52ms    0.11us    0.000ms
-------------------------------------------------------------------------------
Totals:                           2125ms   6138ms

===== DaCapo 9.12-MR1 jython PASSED in 28868 msec =====
<exclusive-start id="4934" timestamp="2019-08-08T20:26:24.414" intervalms="2337.445">
  <response-info timems="4.421" idlems="4.421" threads="0" lastid="0000000000959F00" lastname="main" />
</exclusive-start>
<af-start id="4935" threadId="000000000095A888" totalBytesRequested="116040" timestamp="2019-08-08T20:26:24.414" intervalms="2337.465" type="nursery" />
<cycle-start id="4936" type="scavenge" contextid="0" timestamp="2019-08-08T20:26:24.414" intervalms="2337.473" />
<gc-start id="4937" type="scavenge" contextid="4936" timestamp="2019-08-08T20:26:24.414">
  <mem-info id="4938" free="978632" total="155058176" percent="0">
    <mem type="nursery" free="0" total="135659520" percent="0">
      <mem type="allocate" free="0" total="122093568" percent="0" />
      <mem type="survivor" free="0" total="13565952" percent="0" />
    </mem>
    <mem type="tenure" free="978632" total="19398656" percent="5">
      <mem type="soa" free="785096" total="19205120" percent="4" />
      <mem type="loa" free="193536" total="193536" percent="100" />
    </mem>
    <remembered-set count="654" />
  </mem-info>
</gc-start>
<allocation-stats totalBytes="108281192" >
  <allocated-bytes non-tlh="26678256" tlh="81602936" />
  <largest-consumer threadName="main" threadId="0000000000959F00" bytes="108281192" />
</allocation-stats>
<gc-op id="4939" type="scavenge" timems="12.589" contextid="4936" timestamp="2019-08-08T20:26:24.427">
  <scavenger-info tenureage="3" tenuremask="fff8" tiltratio="90" />
  <memory-copied type="nursery" objects="4008" bytes="630176" bytesdiscarded="144968" />
  <memory-copied type="tenure" objects="12" bytes="288" bytesdiscarded="0" />
  <finalization candidates="1" enqueued="1" />
  <ownableSynchronizers candidates="3" cleared="3" />
  <references type="soft" candidates="16" cleared="0" enqueued="0" dynamicThreshold="2" maxThreshold="32" />
  <references type="weak" candidates="77" cleared="62" enqueued="60" />
  <references type="phantom" candidates="38" cleared="11" enqueued="11" />
</gc-op>
<gc-end id="4940" type="scavenge" contextid="4936" durationms="13.115" usertimems="10.770" systemtimems="0.000" timestamp="2019-08-08T20:26:24.427" activeThreads="16">
  <mem-info id="4941" free="122296928" total="155058176" percent="78">
    <mem type="nursery" free="121318296" total="135659520" percent="89">
      <mem type="allocate" free="121318296" total="122093568" percent="99" />
      <mem type="survivor" free="0" total="13565952" percent="0" />
    </mem>
    <mem type="tenure" free="978632" total="19398656" percent="5" macro-fragmented="0">
      <mem type="soa" free="785096" total="19205120" percent="4" />
      <mem type="loa" free="193536" total="193536" percent="100" />
    </mem>
    <pending-finalizers system="1" default="0" reference="71" classloader="0" />
    <remembered-set count="639" />
  </mem-info>
</gc-end>
<cycle-end id="4942" type="scavenge" contextid="4936" timestamp="2019-08-08T20:26:24.429" />
  <attribute name="elasticGC enabled" value="1" />
  <attribute name= "numThreadsSpecified" value="16" />
  <attribute name="heapSize specified" value="42401792" />
  <attribute name="Current GC Util" value="0" />
  <attribute name= "Current Time Running" value="151834" />
  <attribute name ="GC Interval" value="2273" />
  <attribute name="Target GC Util Change" value ="80.000000" />
  <attribute name="Current GC Util Change" value="0.000000"/>
  <attribute name="Current Error" value="461.000000" />
  <attribute name="Output H" value="155096288"/>
  <attribute name="Output I" value="2272"/>
  <attribute name="Output T" value="16"/>
  <attribute name= "Current Time Running" value="151834" />
  <attribute name="GC Util currently" value="0" />
  <attribute name="CPU Util currently" value="26" />
<allocation-satisfied id="4943" threadId="0000000000959F00" bytesRequested="116040" />
<af-end id="4944" timestamp="2019-08-08T20:26:24.429" threadId="000000000095A888" success="true" from="nursery"/>
<exclusive-end id="4945" timestamp="2019-08-08T20:26:24.429" durationms="15.016" />

<exclusive-start id="4946" timestamp="2019-08-08T20:26:24.477" intervalms="62.744">
  <response-info timems="18.165" idlems="18.165" threads="0" lastid="0000000000959F00" lastname="main" />
</exclusive-start>
<sys-start reason="explicit" id="4947" timestamp="2019-08-08T20:26:24.477" intervalms="31298.031" />
<cycle-start id="4948" type="global" contextid="0" timestamp="2019-08-08T20:26:24.477" intervalms="22945.287" />
<gc-start id="4949" type="global" contextid="4948" timestamp="2019-08-08T20:26:24.477">
  <mem-info id="4950" free="60159376" total="155058176" percent="38">
    <mem type="nursery" free="59180744" total="135659520" percent="43">
      <mem type="allocate" free="59180744" total="122093568" percent="48" />
      <mem type="survivor" free="0" total="13565952" percent="0" />
    </mem>
    <mem type="tenure" free="978632" total="19398656" percent="5">
      <mem type="soa" free="785096" total="19205120" percent="4" />
      <mem type="loa" free="193536" total="193536" percent="100" />
    </mem>
    <remembered-set count="642" />
  </mem-info>
</gc-start>
<allocation-stats totalBytes="61352320" >
  <allocated-bytes non-tlh="47531216" tlh="13821104" />
  <largest-consumer threadName="main" threadId="0000000000959F00" bytes="61348224" />
</allocation-stats>
<gc-op id="4951" type="mark" timems="29.789" contextid="4948" timestamp="2019-08-08T20:26:24.507">
  <trace-info objectcount="600312" scancount="520597" scanbytes="13398880" />
  <finalization candidates="80" enqueued="0" />
  <ownableSynchronizers candidates="21" cleared="0" />
  <references type="soft" candidates="3301" cleared="1433" enqueued="722" dynamicThreshold="2" maxThreshold="32" />
  <references type="weak" candidates="5637" cleared="8" enqueued="5" />
  <references type="phantom" candidates="97" cleared="0" enqueued="0" />
  <stringconstants candidates="14087" cleared="396"  />
</gc-op>
<gc-op id="4952" type="classunload" timems="0.640" contextid="4948" timestamp="2019-08-08T20:26:24.508">
  <classunload-info classloadercandidates="58" classloadersunloaded="4" classesunloaded="4" anonymousclassesunloaded="0" quiescems="0.000" setupms="0.601" scanms="0.032" postms="0.007" />
</gc-op>
<gc-op id="4953" type="sweep" timems="10.634" contextid="4948" timestamp="2019-08-08T20:26:24.518" />
<mem-info id="4954" free="123023928" total="155058176" percent="79">
  <mem type="nursery" free="121637160" total="135659520" percent="89">
    <mem type="allocate" free="121637160" total="122093568" percent="99" />
    <mem type="survivor" free="0" total="13565952" percent="0" />
  </mem>
  <mem type="tenure" free="1386768" total="19398656" percent="7" micro-fragmented="19782" macro-fragmented="0">
    <mem type="soa" free="1193232" total="19205120" percent="6" />
    <mem type="loa" free="193536" total="193536" percent="100" />
  </mem>
  <pending-finalizers system="0" default="0" reference="727" classloader="0" />
  <remembered-set count="615" />
</mem-info>
<gc-op id="4955" type="compact" timems="276.448" contextid="4948" timestamp="2019-08-08T20:26:24.795">
  <compact-info movecount="594101" movebytes="18100536" reason="compact to aid heap contraction" />
</gc-op>
<heap-resize id="4956" type="expand" space="tenure" amount="65536" count="1" timems="0.019" reason="satisfy allocation request" timestamp="2019-08-08T20:26:24.795" />
<gc-end id="4957" type="global" contextid="4948" durationms="318.438" usertimems="330.402" systemtimems="0.000" timestamp="2019-08-08T20:26:24.796" activeThreads="16">
  <mem-info id="4958" free="123128056" total="155123712" percent="79">
    <mem type="nursery" free="121642040" total="135659520" percent="89">
      <mem type="allocate" free="121642040" total="122093568" percent="99" />
      <mem type="survivor" free="0" total="13565952" percent="0" />
    </mem>
    <mem type="tenure" free="1486016" total="19464192" percent="7">
      <mem type="soa" free="1291456" total="19269632" percent="6" />
      <mem type="loa" free="194560" total="194560" percent="100" />
    </mem>
    <pending-finalizers system="0" default="0" reference="727" classloader="0" />
    <remembered-set count="615" />
  </mem-info>
</gc-end>
<cycle-end id="4959" type="global" contextid="4948" timestamp="2019-08-08T20:26:24.796" />
  <attribute name="elasticGC enabled" value="1" />
  <attribute name= "numThreadsSpecified" value="16" />
  <attribute name="heapSize specified" value="155058176" />
  <attribute name="Current GC Util" value="6" />
  <attribute name= "Current Time Running" value="152214" />
  <attribute name ="GC Interval" value="2273" />
  <attribute name="Target GC Util Change" value ="80.000000" />
  <attribute name="Current GC Util Change" value="6.000000"/>
  <attribute name="Current Error" value="80.000000" />
  <attribute name="Output H" value="155096064"/>
  <attribute name="Output I" value="2048"/>
  <attribute name="Output T" value="16"/>
  <attribute name= "Current Time Running" value="152214" />
  <attribute name="GC Util currently" value="6" />
  <attribute name="CPU Util currently" value="4171120168" />
<sys-end id="4960" timestamp="2019-08-08T20:26:24.796" />
<exclusive-end id="4961" timestamp="2019-08-08T20:26:24.796" durationms="318.677" />

===== DaCapo 9.12-MR1 pmd starting =====
<exclusive-start id="4962" timestamp="2019-08-08T20:26:26.025" intervalms="1548.167">
  <response-info timems="1.019" idlems="1.019" threads="0" lastid="0000000000C4BB00" lastname="PmdThread 12" />
</exclusive-start>
<af-start id="4963" threadId="0000000000C4C488" totalBytesRequested="24" timestamp="2019-08-08T20:26:26.025" intervalms="1610.911" type="nursery" />
<cycle-start id="4964" type="scavenge" contextid="0" timestamp="2019-08-08T20:26:26.025" intervalms="1610.941" />
<gc-start id="4965" type="scavenge" contextid="4964" timestamp="2019-08-08T20:26:26.025">
  <mem-info id="4966" free="1289448" total="155123712" percent="0">
    <mem type="nursery" free="0" total="135659520" percent="0">
      <mem type="allocate" free="0" total="122093568" percent="0" />
      <mem type="survivor" free="0" total="13565952" percent="0" />
    </mem>
    <mem type="tenure" free="1289448" total="19464192" percent="6">
      <mem type="soa" free="1094888" total="19269632" percent="5" />
      <mem type="loa" free="194560" total="194560" percent="100" />
    </mem>
    <remembered-set count="3733" />
  </mem-info>
</gc-start>
<allocation-stats totalBytes="121741824" >
  <allocated-bytes non-tlh="604088" tlh="121137736" />
  <largest-consumer threadName="PmdThread 2" threadId="0000000000C96900" bytes="13033784" />
</allocation-stats>
<gc-op id="4967" type="scavenge" timems="31.582" contextid="4964" timestamp="2019-08-08T20:26:26.057">
  <scavenger-info tenureage="4" tenuremask="ffd0" tiltratio="90" />
  <memory-copied type="nursery" objects="230478" bytes="11401912" bytesdiscarded="188312" />
  <finalization candidates="5" enqueued="1" />
  <ownableSynchronizers candidates="61" cleared="42" />
  <references type="soft" candidates="171" cleared="0" enqueued="0" dynamicThreshold="2" maxThreshold="32" />
  <references type="weak" candidates="1780" cleared="1364" enqueued="1296" />
  <references type="phantom" candidates="421" cleared="192" enqueued="192" />
</gc-op>
<gc-end id="4968" type="scavenge" contextid="4964" durationms="31.718" usertimems="102.740" systemtimems="0.000" timestamp="2019-08-08T20:26:26.057" activeThreads="16">
  <mem-info id="4969" free="103756304" total="155123712" percent="66">
    <mem type="nursery" free="102466856" total="135659520" percent="75">
      <mem type="allocate" free="102466856" total="114098176" percent="89" />
      <mem type="survivor" free="0" total="21561344" percent="0" />
    </mem>
    <mem type="tenure" free="1289448" total="19464192" percent="6" macro-fragmented="0">
      <mem type="soa" free="1094888" total="19269632" percent="5" />
      <mem type="loa" free="194560" total="194560" percent="100" />
    </mem>
    <pending-finalizers system="1" default="0" reference="1488" classloader="0" />
    <remembered-set count="3698" />
  </mem-info>
</gc-end>
<cycle-end id="4970" type="scavenge" contextid="4964" timestamp="2019-08-08T20:26:26.057" />
  <attribute name="elasticGC enabled" value="1" />
  <attribute name= "numThreadsSpecified" value="16" />
  <attribute name="heapSize specified" value="155058176" />
  <attribute name="Current GC Util" value="20" />
  <attribute name= "Current Time Running" value="153444" />
  <attribute name ="GC Interval" value="2081" />
  <attribute name="Target GC Util Change" value ="80.000000" />
  <attribute name="Current GC Util Change" value="20.000000"/>
  <attribute name="Current Error" value="140.000000" />
  <attribute name="Output H" value="155161632"/>
  <attribute name="Output I" value="2080"/>
  <attribute name="Output T" value="16"/>
  <attribute name= "Current Time Running" value="153444" />
  <attribute name="GC Util currently" value="20" />
  <attribute name="CPU Util currently" value="8" />
<allocation-satisfied id="4971" threadId="0000000000C4BB00" bytesRequested="24" />
<af-end id="4972" timestamp="2019-08-08T20:26:26.057" threadId="0000000000C4C488" success="true" from="nursery"/>
<exclusive-end id="4973" timestamp="2019-08-08T20:26:26.057" durationms="32.220" />

<exclusive-start id="4974" timestamp="2019-08-08T20:26:26.636" intervalms="611.137">
  <response-info timems="2.754" idlems="2.754" threads="0" lastid="0000000000C96900" lastname="PmdThread 2" />
</exclusive-start>
<af-start id="4975" threadId="0000000000C97288" totalBytesRequested="16" timestamp="2019-08-08T20:26:26.636" intervalms="611.168" type="nursery" />
<cycle-start id="4976" type="scavenge" contextid="0" timestamp="2019-08-08T20:26:26.636" intervalms="611.149" />
<gc-start id="4977" type="scavenge" contextid="4976" timestamp="2019-08-08T20:26:26.636">
  <mem-info id="4978" free="1264952" total="155123712" percent="0">
    <mem type="nursery" free="0" total="135659520" percent="0">
      <mem type="allocate" free="0" total="114098176" percent="0" />
      <mem type="survivor" free="0" total="21561344" percent="0" />
    </mem>
    <mem type="tenure" free="1264952" total="19464192" percent="6">
      <mem type="soa" free="1070392" total="19269632" percent="5" />
      <mem type="loa" free="194560" total="194560" percent="100" />
    </mem>
    <remembered-set count="3987" />
  </mem-info>
</gc-start>
<allocation-stats totalBytes="102446296" >
  <allocated-bytes non-tlh="24520" tlh="102421776" />
  <largest-consumer threadName="PmdThread 2" threadId="0000000000C96900" bytes="17135112" />
</allocation-stats>
<gc-op id="4979" type="scavenge" timems="18.141" contextid="4976" timestamp="2019-08-08T20:26:26.655">
  <scavenger-info tenureage="3" tenuremask="ffe8" tiltratio="84" />
  <memory-copied type="nursery" objects="458468" bytes="19557672" bytesdiscarded="251120" />
  <finalization candidates="4" enqueued="0" />
  <ownableSynchronizers candidates="19" cleared="0" />
  <references type="soft" candidates="171" cleared="0" enqueued="0" dynamicThreshold="2" maxThreshold="32" />
  <references type="weak" candidates="1463" cleared="1049" enqueued="1049" />
  <references type="phantom" candidates="347" cleared="122" enqueued="122" />
</gc-op>
<gc-end id="4980" type="scavenge" contextid="4976" durationms="18.456" usertimems="110.723" systemtimems="0.000" timestamp="2019-08-08T20:26:26.655" activeThreads="16">
  <mem-info id="4981" free="86153344" total="155123712" percent="55">
    <mem type="nursery" free="84888392" total="135659520" percent="62">
      <mem type="allocate" free="84888392" total="104726528" percent="81" />
      <mem type="survivor" free="0" total="30932992" percent="0" />
    </mem>
    <mem type="tenure" free="1264952" total="19464192" percent="6" macro-fragmented="0">
      <mem type="soa" free="1070392" total="19269632" percent="5" />
      <mem type="loa" free="194560" total="194560" percent="100" />
    </mem>
    <pending-finalizers system="0" default="0" reference="1171" classloader="0" />
    <remembered-set count="3538" />
  </mem-info>
</gc-end>
<cycle-end id="4982" type="scavenge" contextid="4976" timestamp="2019-08-08T20:26:26.655" />
  <attribute name="elasticGC enabled" value="1" />
  <attribute name= "numThreadsSpecified" value="16" />
  <attribute name="heapSize specified" value="155058176" />
  <attribute name="Current GC Util" value="16" />
  <attribute name= "Current Time Running" value="154056" />
  <attribute name ="GC Interval" value="2121" />
  <attribute name="Target GC Util Change" value ="80.000000" />
  <attribute name="Current GC Util Change" value="16.000000"/>
  <attribute name="Current Error" value="204.000000" />
  <attribute name="Output H" value="155161672"/>
  <attribute name="Output I" value="2120"/>
  <attribute name="Output T" value="16"/>
  <attribute name= "Current Time Running" value="154056" />
  <attribute name="GC Util currently" value="16" />
  <attribute name="CPU Util currently" value="1886398688" />
<allocation-satisfied id="4983" threadId="0000000000C96900" bytesRequested="16" />
<af-end id="4984" timestamp="2019-08-08T20:26:26.655" threadId="0000000000C97288" success="true" from="nursery"/>
<exclusive-end id="4985" timestamp="2019-08-08T20:26:26.655" durationms="18.831" />

<exclusive-start id="4986" timestamp="2019-08-08T20:26:27.249" intervalms="612.664">
  <response-info timems="1.579" idlems="1.579" threads="0" lastid="0000000000C74E00" lastname="PmdThread 11" />
</exclusive-start>
<af-start id="4987" threadId="0000000000C75788" totalBytesRequested="24" timestamp="2019-08-08T20:26:27.249" intervalms="612.633" type="nursery" />
<cycle-start id="4988" type="scavenge" contextid="0" timestamp="2019-08-08T20:26:27.250" intervalms="613.363" />
<gc-start id="4989" type="scavenge" contextid="4988" timestamp="2019-08-08T20:26:27.250">
  <mem-info id="4990" free="1253536" total="155123712" percent="0">
    <mem type="nursery" free="0" total="135659520" percent="0">
      <mem type="allocate" free="0" total="104726528" percent="0" />
      <mem type="survivor" free="0" total="30932992" percent="0" />
    </mem>
    <mem type="tenure" free="1253536" total="19464192" percent="6">
      <mem type="soa" free="1058976" total="19269632" percent="5" />
      <mem type="loa" free="194560" total="194560" percent="100" />
    </mem>
    <remembered-set count="3657" />
  </mem-info>
</gc-start>
<allocation-stats totalBytes="84868856" >
  <allocated-bytes non-tlh="11432" tlh="84857424" />
  <largest-consumer threadName="PmdThread 2" threadId="0000000000C96900" bytes="16873280" />
</allocation-stats>
<gc-op id="4991" type="scavenge" timems="61.657" contextid="4988" timestamp="2019-08-08T20:26:27.311">
  <scavenger-info tenureage="3" tenuremask="fff8" tiltratio="77" />
  <memory-copied type="nursery" objects="575211" bytes="23685200" bytesdiscarded="300048" />
  <memory-copied type="tenure" objects="2000" bytes="373960" bytesdiscarded="248" />
  <finalization candidates="4" enqueued="0" />
  <ownableSynchronizers candidates="19" cleared="0" />
  <references type="soft" candidates="155" cleared="0" enqueued="0" dynamicThreshold="2" maxThreshold="32" />
  <references type="weak" candidates="986" cleared="585" enqueued="584" />
  <references type="phantom" candidates="272" cleared="75" enqueued="75" />
</gc-op>
<heap-resize id="4992" type="expand" space="nursery" amount="5767168" count="1" timems="0.018" reason="excessive time being spent scavenging" timestamp="2019-08-08T20:26:27.312" />
<gc-end id="4993" type="scavenge" contextid="4988" durationms="61.954" usertimems="315.769" systemtimems="154.542" timestamp="2019-08-08T20:26:27.312" activeThreads="16">
  <mem-info id="4994" free="83746208" total="160890880" percent="52">
    <mem type="nursery" free="83021400" total="141426688" percent="58">
      <mem type="allocate" free="83021400" total="107085824" percent="77" />
      <mem type="survivor" free="0" total="34340864" percent="0" />
    </mem>
    <mem type="tenure" free="724808" total="19464192" percent="3" macro-fragmented="168253">
      <mem type="soa" free="530248" total="19269632" percent="2" />
      <mem type="loa" free="194560" total="194560" percent="100" />
    </mem>
    <pending-finalizers system="0" default="0" reference="659" classloader="0" />
    <remembered-set count="1225" />
  </mem-info>
</gc-end>
<cycle-end id="4995" type="scavenge" contextid="4988" timestamp="2019-08-08T20:26:27.316" />
  <attribute name="elasticGC enabled" value="1" />
  <attribute name= "numThreadsSpecified" value="16" />
  <attribute name="heapSize specified" value="155058176" />
  <attribute name="Current GC Util" value="16" />
  <attribute name= "Current Time Running" value="154669" />
  <attribute name ="GC Interval" value="2041" />
  <attribute name="Target GC Util Change" value ="80.000000" />
  <attribute name="Current GC Util Change" value="16.000000"/>
  <attribute name="Current Error" value="64.000000" />
  <attribute name="Output H" value="155161592"/>
  <attribute name="Output I" value="2040"/>
  <attribute name="Output T" value="16"/>
  <attribute name= "Current Time Running" value="154669" />
  <attribute name="GC Util currently" value="16" />
  <attribute name="CPU Util currently" value="1879850733" />
<allocation-satisfied id="4996" threadId="0000000000C74E00" bytesRequested="24" />
<af-end id="4997" timestamp="2019-08-08T20:26:27.317" threadId="0000000000C75788" success="true" from="nursery"/>
<exclusive-end id="4998" timestamp="2019-08-08T20:26:27.317" durationms="68.230" />

<exclusive-start id="4999" timestamp="2019-08-08T20:26:27.710" intervalms="461.235">
  <response-info timems="1.722" idlems="1.059" threads="3" lastid="0000000000C6D600" lastname="PmdThread 5" />
</exclusive-start>
<af-start id="5000" threadId="0000000000C5EF88" totalBytesRequested="88" timestamp="2019-08-08T20:26:27.710" intervalms="461.224" type="nursery" />
<cycle-start id="5001" type="scavenge" contextid="0" timestamp="2019-08-08T20:26:27.710" intervalms="460.607" />
<gc-start id="5002" type="scavenge" contextid="5001" timestamp="2019-08-08T20:26:27.710">
  <mem-info id="5003" free="711264" total="160890880" percent="0">
    <mem type="nursery" free="0" total="141426688" percent="0">
      <mem type="allocate" free="0" total="107085824" percent="0" />
      <mem type="survivor" free="0" total="34340864" percent="0" />
    </mem>
    <mem type="tenure" free="711264" total="19464192" percent="3">
      <mem type="soa" free="516704" total="19269632" percent="2" />
      <mem type="loa" free="194560" total="194560" percent="100" />
    </mem>
    <remembered-set count="1368" />
  </mem-info>
</gc-start>
<allocation-stats totalBytes="82995552" >
  <allocated-bytes non-tlh="456768" tlh="82538784" />
  <largest-consumer threadName="PmdThread 2" threadId="0000000000C96900" bytes="12977448" />
</allocation-stats>
<gc-op id="5004" type="scavenge" timems="20.528" contextid="5001" timestamp="2019-08-08T20:26:27.731">
  <scavenger-info tenureage="5" tenuremask="ffe0" tiltratio="75" />
  <memory-copied type="nursery" objects="568058" bytes="23443096" bytesdiscarded="275240" />
  <finalization candidates="4" enqueued="0" />
  <ownableSynchronizers candidates="19" cleared="0" />
  <references type="soft" candidates="155" cleared="0" enqueued="0" dynamicThreshold="2" maxThreshold="32" />
  <references type="weak" candidates="1495" cleared="1091" enqueued="1085" />
  <references type="phantom" candidates="312" cleared="116" enqueued="116" />
</gc-op>
<gc-end id="5005" type="scavenge" contextid="5001" durationms="20.946" usertimems="129.215" systemtimems="14.960" timestamp="2019-08-08T20:26:27.731" activeThreads="16">
  <mem-info id="5006" free="89025200" total="160890880" percent="55">
    <mem type="nursery" free="88313936" total="141426688" percent="62">
      <mem type="allocate" free="88313936" total="112066560" percent="78" />
      <mem type="survivor" free="0" total="29360128" percent="0" />
    </mem>
    <mem type="tenure" free="711264" total="19464192" percent="3" macro-fragmented="670654">
      <mem type="soa" free="516704" total="19269632" percent="2" />
      <mem type="loa" free="194560" total="194560" percent="100" />
    </mem>
    <pending-finalizers system="0" default="0" reference="1201" classloader="0" />
    <remembered-set count="1238" />
  </mem-info>
</gc-end>
<cycle-end id="5007" type="scavenge" contextid="5001" timestamp="2019-08-08T20:26:27.732" />
  <attribute name="elasticGC enabled" value="1" />
  <attribute name= "numThreadsSpecified" value="16" />
  <attribute name="heapSize specified" value="155058176" />
  <attribute name="Current GC Util" value="96" />
  <attribute name= "Current Time Running" value="155130" />
  <attribute name ="GC Interval" value="2033" />
  <attribute name="Target GC Util Change" value ="80.000000" />
  <attribute name="Current GC Util Change" value="96.000000"/>
  <attribute name="Current Error" value="48.000000" />
  <attribute name="Output H" value="160928752"/>
  <attribute name="Output I" value="2032"/>
  <attribute name="Output T" value="16"/>
  <attribute name= "Current Time Running" value="155130" />
  <attribute name="GC Util currently" value="96" />
  <attribute name="CPU Util currently" value="2502545832" />
<allocation-satisfied id="5008" threadId="0000000000C5E600" bytesRequested="88" />
<af-end id="5009" timestamp="2019-08-08T20:26:27.732" threadId="0000000000C5EF88" success="true" from="nursery"/>
<exclusive-end id="5010" timestamp="2019-08-08T20:26:27.732" durationms="21.487" />

<exclusive-start id="5011" timestamp="2019-08-08T20:26:28.054" intervalms="343.453">
  <response-info timems="0.566" idlems="0.305" threads="1" lastid="0000000000C74E00" lastname="PmdThread 11" />
</exclusive-start>
<af-start id="5012" threadId="0000000000C57888" totalBytesRequested="16" timestamp="2019-08-08T20:26:28.054" intervalms="343.459" type="nursery" />
<cycle-start id="5013" type="scavenge" contextid="0" timestamp="2019-08-08T20:26:28.054" intervalms="343.335" />
<gc-start id="5014" type="scavenge" contextid="5013" timestamp="2019-08-08T20:26:28.054">
  <mem-info id="5015" free="693776" total="160890880" percent="0">
    <mem type="nursery" free="0" total="141426688" percent="0">
      <mem type="allocate" free="0" total="112066560" percent="0" />
      <mem type="survivor" free="0" total="29360128" percent="0" />
    </mem>
    <mem type="tenure" free="693776" total="19464192" percent="3">
      <mem type="soa" free="499216" total="19269632" percent="2" />
      <mem type="loa" free="194560" total="194560" percent="100" />
    </mem>
    <remembered-set count="1415" />
  </mem-info>
</gc-start>
<allocation-stats totalBytes="88269328" >
  <allocated-bytes non-tlh="17576" tlh="88251752" />
  <largest-consumer threadName="PmdThread 8" threadId="0000000000C92D00" bytes="11942184" />
</allocation-stats>
<gc-op id="5016" type="scavenge" timems="18.106" contextid="5013" timestamp="2019-08-08T20:26:28.072">
  <scavenger-info tenureage="5" tenuremask="ffe0" tiltratio="79" />
  <memory-copied type="nursery" objects="428344" bytes="18078392" bytesdiscarded="272136" />
  <finalization candidates="4" enqueued="0" />
  <ownableSynchronizers candidates="19" cleared="0" />
  <references type="soft" candidates="155" cleared="0" enqueued="0" dynamicThreshold="2" maxThreshold="32" />
  <references type="weak" candidates="1765" cleared="1358" enqueued="1350" />
  <references type="phantom" candidates="307" cleared="111" enqueued="111" />
</gc-op>
<gc-end id="5017" type="scavenge" contextid="5013" durationms="18.905" usertimems="79.284" systemtimems="21.101" timestamp="2019-08-08T20:26:28.073" activeThreads="16">
  <mem-info id="5018" free="94630512" total="160890880" percent="58">
    <mem type="nursery" free="93936736" total="141426688" percent="66">
      <mem type="allocate" free="93936736" total="112328704" percent="83" />
      <mem type="survivor" free="0" total="29097984" percent="0" />
    </mem>
    <mem type="tenure" free="693776" total="19464192" percent="3" macro-fragmented="586920">
      <mem type="soa" free="499216" total="19269632" percent="2" />
      <mem type="loa" free="194560" total="194560" percent="100" />
    </mem>
    <pending-finalizers system="0" default="0" reference="1461" classloader="0" />
    <remembered-set count="1356" />
  </mem-info>
</gc-end>
<cycle-end id="5019" type="scavenge" contextid="5013" timestamp="2019-08-08T20:26:28.073" />
  <attribute name="elasticGC enabled" value="1" />
  <attribute name= "numThreadsSpecified" value="16" />
  <attribute name="heapSize specified" value="155058176" />
  <attribute name="Current GC Util" value="41" />
  <attribute name= "Current Time Running" value="155473" />
  <attribute name ="GC Interval" value="2057" />
  <attribute name="Target GC Util Change" value ="80.000000" />
  <attribute name="Current GC Util Change" value="41.000000"/>
  <attribute name="Current Error" value="87.000000" />
  <attribute name="Output H" value="160928776"/>
  <attribute name="Output I" value="2056"/>
  <attribute name="Output T" value="16"/>
  <attribute name= "Current Time Running" value="155473" />
  <attribute name="GC Util currently" value="41" />
  <attribute name="CPU Util currently" value="3354348785" />
<allocation-satisfied id="5020" threadId="0000000000C56F00" bytesRequested="16" />
<af-end id="5021" timestamp="2019-08-08T20:26:28.073" threadId="0000000000C57888" success="true" from="nursery"/>
<exclusive-end id="5022" timestamp="2019-08-08T20:26:28.073" durationms="19.324" />

<exclusive-start id="5023" timestamp="2019-08-08T20:26:29.069" intervalms="1015.557">
  <response-info timems="0.020" idlems="0.020" threads="0" lastid="0000000000C96900" lastname="PmdThread 2" />
</exclusive-start>
<af-start id="5024" threadId="0000000000C97288" totalBytesRequested="152" timestamp="2019-08-08T20:26:29.069" intervalms="1015.541" type="nursery" />
<cycle-start id="5025" type="scavenge" contextid="0" timestamp="2019-08-08T20:26:29.069" intervalms="1015.535" />
<gc-start id="5026" type="scavenge" contextid="5025" timestamp="2019-08-08T20:26:29.069">
  <mem-info id="5027" free="675136" total="160890880" percent="0">
    <mem type="nursery" free="0" total="141426688" percent="0">
      <mem type="allocate" free="0" total="112328704" percent="0" />
      <mem type="survivor" free="0" total="29097984" percent="0" />
    </mem>
    <mem type="tenure" free="675136" total="19464192" percent="3">
      <mem type="soa" free="480576" total="19269632" percent="2" />
      <mem type="loa" free="194560" total="194560" percent="100" />
    </mem>
    <remembered-set count="1586" />
  </mem-info>
</gc-start>
<allocation-stats totalBytes="93877152" >
  <allocated-bytes non-tlh="18656" tlh="93858496" />
  <largest-consumer threadName="PmdThread 2" threadId="0000000000C96900" bytes="27203704" />
</allocation-stats>
<gc-op id="5028" type="scavenge" timems="119.730" contextid="5025" timestamp="2019-08-08T20:26:29.189">
  <scavenger-info tenureage="6" tenuremask="ffc0" tiltratio="79" />
  <memory-copied type="nursery" objects="405859" bytes="16333208" bytesdiscarded="399488" />
  <finalization candidates="4" enqueued="0" />
  <ownableSynchronizers candidates="19" cleared="15" />
  <references type="soft" candidates="142" cleared="0" enqueued="0" dynamicThreshold="2" maxThreshold="32" />
  <references type="weak" candidates="2544" cleared="2213" enqueued="2213" />
  <references type="phantom" candidates="311" cleared="117" enqueued="117" />
</gc-op>
<heap-resize id="5029" type="expand" space="nursery" amount="8388608" count="1" timems="0.027" reason="excessive time being spent scavenging" timestamp="2019-08-08T20:26:29.190" />
<gc-end id="5030" type="scavenge" contextid="5025" durationms="121.162" usertimems="120.959" systemtimems="61.305" timestamp="2019-08-08T20:26:29.190" activeThreads="16">
  <mem-info id="5031" free="104427056" total="169279488" percent="61">
    <mem type="nursery" free="103751920" total="149815296" percent="69">
      <mem type="allocate" free="103751920" total="120520704" percent="86" />
      <mem type="survivor" free="0" total="29294592" percent="0" />
    </mem>
    <mem type="tenure" free="675136" total="19464192" percent="3" macro-fragmented="586920">
      <mem type="soa" free="480576" total="19269632" percent="2" />
      <mem type="loa" free="194560" total="194560" percent="100" />
    </mem>
    <pending-finalizers system="0" default="0" reference="2330" classloader="0" />
    <remembered-set count="1511" />
  </mem-info>
</gc-end>
<cycle-end id="5032" type="scavenge" contextid="5025" timestamp="2019-08-08T20:26:29.192" />
  <attribute name="elasticGC enabled" value="1" />
  <attribute name= "numThreadsSpecified" value="16" />
  <attribute name="heapSize specified" value="155058176" />
  <attribute name="Current GC Util" value="9" />
  <attribute name= "Current Time Running" value="156488" />
  <attribute name ="GC Interval" value="2097" />
  <attribute name="Target GC Util Change" value ="80.000000" />
  <attribute name="Current GC Util Change" value="9.000000"/>
  <attribute name="Current Error" value="158.000000" />
  <attribute name="Output H" value="160928816"/>
  <attribute name="Output I" value="2096"/>
  <attribute name="Output T" value="16"/>
  <attribute name= "Current Time Running" value="156488" />
  <attribute name="GC Util currently" value="9" />
  <attribute name="CPU Util currently" value="1135833951" />
<allocation-satisfied id="5033" threadId="0000000000C96900" bytesRequested="152" />
<af-end id="5034" timestamp="2019-08-08T20:26:29.192" threadId="0000000000C97288" success="true" from="nursery"/>
<exclusive-end id="5035" timestamp="2019-08-08T20:26:29.192" durationms="122.865" />

===== DaCapo 9.12-MR1 pmd PASSED in 5395 msec =====
Using scaled threading model. 16 processors detected, 16 threads used to drive the workload, in a possible range of [1,512]
<exclusive-start id="5036" timestamp="2019-08-08T20:26:30.511" intervalms="1441.971">
  <response-info timems="0.024" idlems="0.024" threads="0" lastid="0000000000959F00" lastname="main" />
</exclusive-start>
<sys-start reason="explicit" id="5037" timestamp="2019-08-08T20:26:30.511" intervalms="6034.232" />
<cycle-start id="5038" type="global" contextid="0" timestamp="2019-08-08T20:26:30.511" intervalms="6034.218" />
<gc-start id="5039" type="global" contextid="5038" timestamp="2019-08-08T20:26:30.511">
  <mem-info id="5040" free="55353544" total="169279488" percent="32">
    <mem type="nursery" free="54714432" total="149815296" percent="36">
      <mem type="allocate" free="54714432" total="120520704" percent="45" />
      <mem type="survivor" free="0" total="29294592" percent="0" />
    </mem>
    <mem type="tenure" free="639112" total="19464192" percent="3">
      <mem type="soa" free="444552" total="19269632" percent="2" />
      <mem type="loa" free="194560" total="194560" percent="100" />
    </mem>
    <remembered-set count="2164" />
  </mem-info>
</gc-start>
<allocation-stats totalBytes="49056608" >
  <allocated-bytes non-tlh="2919784" tlh="46136824" />
  <largest-consumer threadName="main" threadId="0000000000959F00" bytes="9779656" />
</allocation-stats>
<gc-op id="5041" type="mark" timems="19.509" contextid="5038" timestamp="2019-08-08T20:26:30.531">
  <trace-info objectcount="610520" scancount="529196" scanbytes="13704636" />
  <finalization candidates="152" enqueued="1" />
  <ownableSynchronizers candidates="27" cleared="4" />
  <references type="soft" candidates="1907" cleared="0" enqueued="0" dynamicThreshold="2" maxThreshold="32" />
  <references type="weak" candidates="6703" cleared="613" enqueued="588" />
  <references type="phantom" candidates="304" cleared="14" enqueued="14" />
  <stringconstants candidates="15833" cleared="1778"  />
</gc-op>
<gc-op id="5042" type="classunload" timems="14.729" contextid="5038" timestamp="2019-08-08T20:26:30.546">
  <classunload-info classloadercandidates="62" classloadersunloaded="8" classesunloaded="1010" anonymousclassesunloaded="0" quiescems="0.000" setupms="5.742" scanms="8.974" postms="0.013" />
</gc-op>
<gc-op id="5043" type="sweep" timems="74.281" contextid="5038" timestamp="2019-08-08T20:26:30.621" />
<mem-info id="5044" free="118840376" total="169279488" percent="70">
  <mem type="nursery" free="117786312" total="149815296" percent="78">
    <mem type="allocate" free="117786312" total="120520704" percent="97" />
    <mem type="survivor" free="0" total="29294592" percent="0" />
  </mem>
  <mem type="tenure" free="1054064" total="19464192" percent="5" micro-fragmented="2823" macro-fragmented="0">
    <mem type="soa" free="859504" total="19269632" percent="4" />
    <mem type="loa" free="194560" total="194560" percent="100" />
  </mem>
  <pending-finalizers system="1" default="0" reference="602" classloader="0" />
  <remembered-set count="1011" />
</mem-info>
<gc-op id="5045" type="compact" timems="1155.509" contextid="5038" timestamp="2019-08-08T20:26:31.777">
  <compact-info movecount="603892" movebytes="20710280" reason="compact to aid heap contraction" />
</gc-op>
<heap-resize id="5046" type="expand" space="tenure" amount="65536" count="1" timems="0.030" reason="satisfy allocation request" timestamp="2019-08-08T20:26:31.782" />
<gc-end id="5047" type="global" contextid="5038" durationms="1270.881" usertimems="650.297" systemtimems="405.701" timestamp="2019-08-08T20:26:31.782" activeThreads="16">
  <mem-info id="5048" free="119065320" total="169345024" percent="70">
    <mem type="nursery" free="117923752" total="149815296" percent="78">
      <mem type="allocate" free="117923752" total="120520704" percent="97" />
      <mem type="survivor" free="0" total="29294592" percent="0" />
    </mem>
    <mem type="tenure" free="1141568" total="19529728" percent="5">
      <mem type="soa" free="947008" total="19335168" percent="4" />
      <mem type="loa" free="194560" total="194560" percent="100" />
    </mem>
    <pending-finalizers system="1" default="0" reference="602" classloader="0" />
    <remembered-set count="1011" />
  </mem-info>
</gc-end>
<cycle-end id="5049" type="global" contextid="5038" timestamp="2019-08-08T20:26:31.785" />
  <attribute name="elasticGC enabled" value="1" />
  <attribute name= "numThreadsSpecified" value="16" />
  <attribute name="heapSize specified" value="169279488" />
  <attribute name="Current GC Util" value="20" />
  <attribute name= "Current Time Running" value="159196" />
  <attribute name ="GC Interval" value="2097" />
  <attribute name="Target GC Util Change" value ="80.000000" />
  <attribute name="Current GC Util Change" value="20.000000"/>
  <attribute name="Current Error" value="104.000000" />
  <attribute name="Output H" value="169317392"/>
  <attribute name="Output I" value="2064"/>
  <attribute name="Output T" value="16"/>
  <attribute name= "Current Time Running" value="159196" />
  <attribute name="GC Util currently" value="20" />
  <attribute name="CPU Util currently" value="997736781" />
<sys-end id="5050" timestamp="2019-08-08T20:26:31.785" />
<exclusive-end id="5051" timestamp="2019-08-08T20:26:31.785" durationms="1274.181" />

===== DaCapo 9.12-MR1 sunflow starting =====
<exclusive-start id="5052" timestamp="2019-08-08T20:26:33.147" intervalms="2636.372">
  <response-info timems="1.393" idlems="0.537" threads="4" lastid="0000000000C8F100" lastname="Thread-28" />
</exclusive-start>
<af-start id="5053" threadId="0000000000C5B488" totalBytesRequested="24" timestamp="2019-08-08T20:26:33.148" intervalms="4078.351" type="nursery" />
<cycle-start id="5054" type="scavenge" contextid="0" timestamp="2019-08-08T20:26:33.148" intervalms="4078.375" />
<gc-start id="5055" type="scavenge" contextid="5054" timestamp="2019-08-08T20:26:33.148">
  <mem-info id="5056" free="1079104" total="169345024" percent="0">
    <mem type="nursery" free="0" total="149815296" percent="0">
      <mem type="allocate" free="0" total="120520704" percent="0" />
      <mem type="survivor" free="0" total="29294592" percent="0" />
    </mem>
    <mem type="tenure" free="1079104" total="19529728" percent="5">
      <mem type="soa" free="884544" total="19335168" percent="4" />
      <mem type="loa" free="194560" total="194560" percent="100" />
    </mem>
    <remembered-set count="1870" />
  </mem-info>
</gc-start>
<allocation-stats totalBytes="117885664" >
  <allocated-bytes non-tlh="3025928" tlh="114859736" />
  <largest-consumer threadName="Thread-29" threadId="0000000000C80200" bytes="13350424" />
</allocation-stats>
<gc-op id="5057" type="scavenge" timems="167.427" contextid="5054" timestamp="2019-08-08T20:26:33.316">
  <scavenger-info tenureage="5" tenuremask="ffa0" tiltratio="80" />
  <memory-copied type="nursery" objects="123059" bytes="9083256" bytesdiscarded="242432" />
  <memory-copied type="tenure" objects="672" bytes="27704" bytesdiscarded="0" />
  <finalization candidates="71" enqueued="0" />
  <ownableSynchronizers candidates="44" cleared="42" />
  <references type="soft" candidates="57" cleared="20" enqueued="20" dynamicThreshold="1" maxThreshold="32" />
  <references type="weak" candidates="507" cleared="29" enqueued="27" />
  <references type="phantom" candidates="198" cleared="0" enqueued="0" />
</gc-op>
<gc-end id="5058" type="scavenge" contextid="5054" durationms="168.678" usertimems="72.561" systemtimems="97.468" timestamp="2019-08-08T20:26:33.316" activeThreads="16">
  <mem-info id="5059" free="115385880" total="169345024" percent="68">
    <mem type="nursery" free="114471312" total="149815296" percent="76">
      <mem type="allocate" free="114471312" total="123797504" percent="92" />
      <mem type="survivor" free="0" total="26017792" percent="0" />
    </mem>
    <mem type="tenure" free="914568" total="19529728" percent="4" macro-fragmented="719723">
      <mem type="soa" free="720008" total="19335168" percent="3" />
      <mem type="loa" free="194560" total="194560" percent="100" />
    </mem>
    <pending-finalizers system="0" default="0" reference="47" classloader="0" />
    <remembered-set count="1873" />
  </mem-info>
</gc-end>
<cycle-end id="5060" type="scavenge" contextid="5054" timestamp="2019-08-08T20:26:33.317" />
  <attribute name="elasticGC enabled" value="1" />
  <attribute name= "numThreadsSpecified" value="16" />
  <attribute name="heapSize specified" value="169279488" />
  <attribute name="Current GC Util" value="51" />
  <attribute name= "Current Time Running" value="160569" />
  <attribute name ="GC Interval" value="2081" />
  <attribute name="Target GC Util Change" value ="80.000000" />
  <attribute name="Current GC Util Change" value="51.000000"/>
  <attribute name="Current Error" value="133.000000" />
  <attribute name="Output H" value="169382944"/>
  <attribute name="Output I" value="2080"/>
  <attribute name="Output T" value="16"/>
  <attribute name= "Current Time Running" value="160569" />
  <attribute name="GC Util currently" value="51" />
  <attribute name="CPU Util currently" value="0" />
<allocation-satisfied id="5061" threadId="0000000000C5AB00" bytesRequested="24" />
<af-end id="5062" timestamp="2019-08-08T20:26:33.317" threadId="0000000000C5B488" success="true" from="nursery"/>
<exclusive-end id="5063" timestamp="2019-08-08T20:26:33.317" durationms="169.269" />

<exclusive-start id="5064" timestamp="2019-08-08T20:26:33.604" intervalms="456.825">
  <response-info timems="18.612" idlems="18.612" threads="0" lastid="0000000000C71200" lastname="Thread-30" />
</exclusive-start>
<af-start id="5065" threadId="0000000000C71B88" totalBytesRequested="136" timestamp="2019-08-08T20:26:33.604" intervalms="456.825" type="nursery" />
<cycle-start id="5066" type="scavenge" contextid="0" timestamp="2019-08-08T20:26:33.604" intervalms="456.815" />
<gc-start id="5067" type="scavenge" contextid="5066" timestamp="2019-08-08T20:26:33.605">
  <mem-info id="5068" free="914568" total="169345024" percent="0">
    <mem type="nursery" free="0" total="149815296" percent="0">
      <mem type="allocate" free="0" total="123797504" percent="0" />
      <mem type="survivor" free="0" total="26017792" percent="0" />
    </mem>
    <mem type="tenure" free="914568" total="19529728" percent="4">
      <mem type="soa" free="720008" total="19335168" percent="3" />
      <mem type="loa" free="194560" total="194560" percent="100" />
    </mem>
    <remembered-set count="1875" />
  </mem-info>
</gc-start>
<allocation-stats totalBytes="114457944" >
  <allocated-bytes non-tlh="24" tlh="114457920" />
  <largest-consumer threadName="Thread-33" threadId="0000000000C53300" bytes="17172896" />
</allocation-stats>
<gc-op id="5069" type="scavenge" timems="180.367" contextid="5066" timestamp="2019-08-08T20:26:33.785">
  <scavenger-info tenureage="8" tenuremask="ff00" tiltratio="82" />
  <memory-copied type="nursery" objects="139579" bytes="9478192" bytesdiscarded="357144" />
  <finalization candidates="71" enqueued="0" />
  <ownableSynchronizers candidates="2" cleared="0" />
  <references type="soft" candidates="37" cleared="0" enqueued="0" dynamicThreshold="1" maxThreshold="32" />
  <references type="weak" candidates="478" cleared="0" enqueued="0" />
  <references type="phantom" candidates="198" cleared="0" enqueued="0" />
</gc-op>
<heap-resize id="5070" type="expand" space="nursery" amount="28311552" count="1" timems="0.023" reason="excessive time being spent scavenging" timestamp="2019-08-08T20:26:33.785" />
<gc-end id="5071" type="scavenge" contextid="5066" durationms="181.176" usertimems="68.580" systemtimems="55.392" timestamp="2019-08-08T20:26:33.786" activeThreads="16">
  <mem-info id="5072" free="141746016" total="197656576" percent="71">
    <mem type="nursery" free="140831448" total="178126848" percent="79">
      <mem type="allocate" free="140831448" total="150667264" percent="93" />
      <mem type="survivor" free="0" total="27459584" percent="0" />
    </mem>
    <mem type="tenure" free="914568" total="19529728" percent="4" macro-fragmented="4388">
      <mem type="soa" free="720008" total="19335168" percent="3" />
      <mem type="loa" free="194560" total="194560" percent="100" />
    </mem>
    <remembered-set count="1811" />
  </mem-info>
</gc-end>
<cycle-end id="5073" type="scavenge" contextid="5066" timestamp="2019-08-08T20:26:33.786" />
  <attribute name="elasticGC enabled" value="1" />
  <attribute name= "numThreadsSpecified" value="16" />
  <attribute name="heapSize specified" value="169279488" />
  <attribute name="Current GC Util" value="34" />
  <attribute name= "Current Time Running" value="161024" />
  <attribute name ="GC Interval" value="2105" />
  <attribute name="Target GC Util Change" value ="80.000000" />
  <attribute name="Current GC Util Change" value="34.000000"/>
  <attribute name="Current Error" value="179.000000" />
  <attribute name="Output H" value="169382968"/>
  <attribute name="Output I" value="2104"/>
  <attribute name="Output T" value="16"/>
  <attribute name= "Current Time Running" value="161024" />
  <attribute name="GC Util currently" value="34" />
  <attribute name="CPU Util currently" value="2535871573" />
<allocation-satisfied id="5074" threadId="0000000000C71200" bytesRequested="136" />
<af-end id="5075" timestamp="2019-08-08T20:26:33.786" threadId="0000000000C71B88" success="true" from="nursery"/>
<exclusive-end id="5076" timestamp="2019-08-08T20:26:33.786" durationms="181.756" />

<exclusive-start id="5077" timestamp="2019-08-08T20:26:34.128" intervalms="523.814">
  <response-info timems="0.554" idlems="0.554" threads="0" lastid="0000000000C4BB00" lastname="Thread-34" />
</exclusive-start>
<af-start id="5078" threadId="0000000000C4C488" totalBytesRequested="40" timestamp="2019-08-08T20:26:34.128" intervalms="523.822" type="nursery" />
<cycle-start id="5079" type="scavenge" contextid="0" timestamp="2019-08-08T20:26:34.128" intervalms="523.811" />
<gc-start id="5080" type="scavenge" contextid="5079" timestamp="2019-08-08T20:26:34.129">
  <mem-info id="5081" free="914568" total="197656576" percent="0">
    <mem type="nursery" free="0" total="178126848" percent="0">
      <mem type="allocate" free="0" total="150667264" percent="0" />
      <mem type="survivor" free="0" total="27459584" percent="0" />
    </mem>
    <mem type="tenure" free="914568" total="19529728" percent="4">
      <mem type="soa" free="720008" total="19335168" percent="3" />
      <mem type="loa" free="194560" total="194560" percent="100" />
    </mem>
    <remembered-set count="1811" />
  </mem-info>
</gc-start>
<allocation-stats totalBytes="140815080" >
  <allocated-bytes non-tlh="136" tlh="140814944" />
  <largest-consumer threadName="Thread-31" threadId="0000000000C62200" bytes="15825112" />
</allocation-stats>
<gc-op id="5082" type="scavenge" timems="9.692" contextid="5079" timestamp="2019-08-08T20:26:34.139">
  <scavenger-info tenureage="3" tenuremask="fff8" tiltratio="84" />
  <memory-copied type="nursery" objects="129161" bytes="9103576" bytesdiscarded="213344" />
  <memory-copied type="tenure" objects="4879" bytes="242024" bytesdiscarded="144" />
  <finalization candidates="71" enqueued="0" />
  <ownableSynchronizers candidates="2" cleared="0" />
  <references type="soft" candidates="36" cleared="0" enqueued="0" dynamicThreshold="1" maxThreshold="32" />
  <references type="weak" candidates="177" cleared="0" enqueued="0" />
  <references type="phantom" candidates="10" cleared="0" enqueued="0" />
</gc-op>
<gc-end id="5083" type="scavenge" contextid="5079" durationms="10.200" usertimems="40.929" systemtimems="2.636" timestamp="2019-08-08T20:26:34.139" activeThreads="16">
  <mem-info id="5084" free="148466056" total="197656576" percent="75">
    <mem type="nursery" free="147969024" total="178126848" percent="83">
      <mem type="allocate" free="147969024" total="157286400" percent="94" />
      <mem type="survivor" free="0" total="20840448" percent="0" />
    </mem>
    <mem type="tenure" free="497032" total="19529728" percent="2" macro-fragmented="407583">
      <mem type="soa" free="302472" total="19335168" percent="1" />
      <mem type="loa" free="194560" total="194560" percent="100" />
    </mem>
    <remembered-set count="552" />
  </mem-info>
</gc-end>
<cycle-end id="5085" type="scavenge" contextid="5079" timestamp="2019-08-08T20:26:34.139" />
  <attribute name="elasticGC enabled" value="1" />
  <attribute name= "numThreadsSpecified" value="16" />
  <attribute name="heapSize specified" value="169279488" />
  <attribute name="Current GC Util" value="21" />
  <attribute name= "Current Time Running" value="161548" />
  <attribute name ="GC Interval" value="2145" />
  <attribute name="Target GC Util Change" value ="80.000000" />
  <attribute name="Current GC Util Change" value="21.000000"/>
  <attribute name="Current Error" value="238.000000" />
  <attribute name="Output H" value="197694560"/>
  <attribute name="Output I" value="2144"/>
  <attribute name="Output T" value="16"/>
  <attribute name= "Current Time Running" value="161548" />
  <attribute name="GC Util currently" value="21" />
  <attribute name="CPU Util currently" value="2198679617" />
<allocation-satisfied id="5086" threadId="0000000000C4BB00" bytesRequested="40" />
<af-end id="5087" timestamp="2019-08-08T20:26:34.139" threadId="0000000000C4C488" success="true" from="nursery"/>
<exclusive-end id="5088" timestamp="2019-08-08T20:26:34.139" durationms="11.150" />

<exclusive-start id="5089" timestamp="2019-08-08T20:26:34.279" intervalms="150.986">
  <response-info timems="12.455" idlems="4.317" threads="2" lastid="0000000000C71200" lastname="Thread-30" />
</exclusive-start>
<af-start id="5090" threadId="0000000000C62B88" totalBytesRequested="40" timestamp="2019-08-08T20:26:34.279" intervalms="150.989" type="nursery" />
<cycle-start id="5091" type="scavenge" contextid="0" timestamp="2019-08-08T20:26:34.279" intervalms="150.995" />
<gc-start id="5092" type="scavenge" contextid="5091" timestamp="2019-08-08T20:26:34.279">
  <mem-info id="5093" free="497032" total="197656576" percent="0">
    <mem type="nursery" free="0" total="178126848" percent="0">
      <mem type="allocate" free="0" total="157286400" percent="0" />
      <mem type="survivor" free="0" total="20840448" percent="0" />
    </mem>
    <mem type="tenure" free="497032" total="19529728" percent="2">
      <mem type="soa" free="302472" total="19335168" percent="1" />
      <mem type="loa" free="194560" total="194560" percent="100" />
    </mem>
    <remembered-set count="552" />
  </mem-info>
</gc-start>
<allocation-stats totalBytes="147952024" >
  <allocated-bytes non-tlh="40" tlh="147951984" />
  <largest-consumer threadName="Thread-28" threadId="0000000000C8F100" bytes="13335120" />
</allocation-stats>
<gc-op id="5094" type="scavenge" timems="16.248" contextid="5091" timestamp="2019-08-08T20:26:34.296">
  <scavenger-info tenureage="8" tenuremask="fd00" tiltratio="88" />
  <memory-copied type="nursery" objects="135112" bytes="9246936" bytesdiscarded="252152" />
  <finalization candidates="67" enqueued="0" />
  <ownableSynchronizers candidates="2" cleared="0" />
  <references type="soft" candidates="36" cleared="0" enqueued="0" dynamicThreshold="1" maxThreshold="32" />
  <references type="weak" candidates="177" cleared="0" enqueued="0" />
  <references type="phantom" candidates="10" cleared="0" enqueued="0" />
</gc-op>
<heap-resize id="5095" type="expand" space="nursery" amount="8126464" count="1" timems="0.023" reason="excessive time being spent scavenging" timestamp="2019-08-08T20:26:34.296" />
<gc-end id="5096" type="scavenge" contextid="5091" durationms="16.665" usertimems="37.773" systemtimems="12.127" timestamp="2019-08-08T20:26:34.296" activeThreads="16">
  <mem-info id="5097" free="157458928" total="205783040" percent="76">
    <mem type="nursery" free="156961896" total="186253312" percent="84">
      <mem type="allocate" free="156961896" total="166461440" percent="94" />
      <mem type="survivor" free="0" total="19791872" percent="0" />
    </mem>
    <mem type="tenure" free="497032" total="19529728" percent="2" macro-fragmented="201903">
      <mem type="soa" free="302472" total="19335168" percent="1" />
      <mem type="loa" free="194560" total="194560" percent="100" />
    </mem>
    <remembered-set count="552" />
  </mem-info>
</gc-end>
<cycle-end id="5098" type="scavenge" contextid="5091" timestamp="2019-08-08T20:26:34.296" />
  <attribute name="elasticGC enabled" value="1" />
  <attribute name= "numThreadsSpecified" value="16" />
  <attribute name="heapSize specified" value="169279488" />
  <attribute name="Current GC Util" value="22" />
  <attribute name= "Current Time Running" value="161698" />
  <attribute name ="GC Interval" value="2177" />
  <attribute name="Target GC Util Change" value ="80.000000" />
  <attribute name="Current GC Util Change" value="22.000000"/>
  <attribute name="Current Error" value="296.000000" />
  <attribute name="Output H" value="197694592"/>
  <attribute name="Output I" value="2176"/>
  <attribute name="Output T" value="16"/>
  <attribute name= "Current Time Running" value="161698" />
  <attribute name="GC Util currently" value="22" />
  <attribute name="CPU Util currently" value="7665750595" />
<allocation-satisfied id="5099" threadId="0000000000C62200" bytesRequested="40" />
<af-end id="5100" timestamp="2019-08-08T20:26:34.296" threadId="0000000000C62B88" success="true" from="nursery"/>
<exclusive-end id="5101" timestamp="2019-08-08T20:26:34.296" durationms="16.982" />

<exclusive-start id="5102" timestamp="2019-08-08T20:26:34.553" intervalms="274.187">
  <response-info timems="1.450" idlems="0.563" threads="4" lastid="0000000000C4BB00" lastname="Thread-34" />
</exclusive-start>
<af-start id="5103" threadId="0000000000C9AE88" totalBytesRequested="40" timestamp="2019-08-08T20:26:34.553" intervalms="274.172" type="nursery" />
<cycle-start id="5104" type="scavenge" contextid="0" timestamp="2019-08-08T20:26:34.553" intervalms="274.167" />
<gc-start id="5105" type="scavenge" contextid="5104" timestamp="2019-08-08T20:26:34.553">
  <mem-info id="5106" free="497032" total="205783040" percent="0">
    <mem type="nursery" free="0" total="186253312" percent="0">
      <mem type="allocate" free="0" total="166461440" percent="0" />
      <mem type="survivor" free="0" total="19791872" percent="0" />
    </mem>
    <mem type="tenure" free="497032" total="19529728" percent="2">
      <mem type="soa" free="302472" total="19335168" percent="1" />
      <mem type="loa" free="194560" total="194560" percent="100" />
    </mem>
    <remembered-set count="552" />
  </mem-info>
</gc-start>
<allocation-stats totalBytes="156943432" >
  <allocated-bytes non-tlh="40" tlh="156943392" />
  <largest-consumer threadName="Thread-24" threadId="0000000000C7C600" bytes="15693960" />
</allocation-stats>
<gc-op id="5107" type="scavenge" timems="31.928" contextid="5104" timestamp="2019-08-08T20:26:34.585">
  <scavenger-info tenureage="14" tenuremask="4000" tiltratio="89" />
  <memory-copied type="nursery" objects="134375" bytes="9228904" bytesdiscarded="635968" />
  <finalization candidates="67" enqueued="0" />
  <ownableSynchronizers candidates="2" cleared="0" />
  <references type="soft" candidates="36" cleared="0" enqueued="0" dynamicThreshold="1" maxThreshold="32" />
  <references type="weak" candidates="177" cleared="0" enqueued="0" />
  <references type="phantom" candidates="10" cleared="0" enqueued="0" />
</gc-op>
<heap-resize id="5108" type="expand" space="nursery" amount="9043968" count="1" timems="0.027" reason="excessive time being spent scavenging" timestamp="2019-08-08T20:26:34.586" />
<gc-end id="5109" type="scavenge" contextid="5104" durationms="32.312" usertimems="24.823" systemtimems="8.193" timestamp="2019-08-08T20:26:34.586" activeThreads="16">
  <mem-info id="5110" free="166333720" total="214827008" percent="77">
    <mem type="nursery" free="165836688" total="195297280" percent="84">
      <mem type="allocate" free="165836688" total="175702016" percent="94" />
      <mem type="survivor" free="0" total="19595264" percent="0" />
    </mem>
    <mem type="tenure" free="497032" total="19529728" percent="2" macro-fragmented="0">
      <mem type="soa" free="302472" total="19335168" percent="1" />
      <mem type="loa" free="194560" total="194560" percent="100" />
    </mem>
    <remembered-set count="552" />
  </mem-info>
</gc-end>
<cycle-end id="5111" type="scavenge" contextid="5104" timestamp="2019-08-08T20:26:34.586" />
  <attribute name="elasticGC enabled" value="1" />
  <attribute name= "numThreadsSpecified" value="16" />
  <attribute name="heapSize specified" value="169279488" />
  <attribute name="Current GC Util" value="13" />
  <attribute name= "Current Time Running" value="161973" />
  <attribute name ="GC Interval" value="2041" />
  <attribute name="Target GC Util Change" value ="80.000000" />
  <attribute name="Current GC Util Change" value="13.000000"/>
  <attribute name="Current Error" value="67.000000" />
  <attribute name="Output H" value="205820920"/>
  <attribute name="Output I" value="2040"/>
  <attribute name="Output T" value="16"/>
  <attribute name= "Current Time Running" value="161973" />
  <attribute name="GC Util currently" value="13" />
  <attribute name="CPU Util currently" value="4205503367" />
<allocation-satisfied id="5112" threadId="0000000000C9A500" bytesRequested="40" />
<af-end id="5113" timestamp="2019-08-08T20:26:34.586" threadId="0000000000C9AE88" success="true" from="nursery"/>
<exclusive-end id="5114" timestamp="2019-08-08T20:26:34.586" durationms="32.909" />

<exclusive-start id="5115" timestamp="2019-08-08T20:26:35.306" intervalms="752.232">
  <response-info timems="29.710" idlems="29.710" threads="0" lastid="0000000000C9E100" lastname="Thread-26" />
</exclusive-start>
<af-start id="5116" threadId="0000000000C9EA88" totalBytesRequested="40" timestamp="2019-08-08T20:26:35.312" intervalms="758.286" type="nursery" />
<cycle-start id="5117" type="scavenge" contextid="0" timestamp="2019-08-08T20:26:35.312" intervalms="758.304" />
<gc-start id="5118" type="scavenge" contextid="5117" timestamp="2019-08-08T20:26:35.312">
  <mem-info id="5119" free="497032" total="214827008" percent="0">
    <mem type="nursery" free="0" total="195297280" percent="0">
      <mem type="allocate" free="0" total="175702016" percent="0" />
      <mem type="survivor" free="0" total="19595264" percent="0" />
    </mem>
    <mem type="tenure" free="497032" total="19529728" percent="2">
      <mem type="soa" free="302472" total="19335168" percent="1" />
      <mem type="loa" free="194560" total="194560" percent="100" />
    </mem>
    <remembered-set count="552" />
  </mem-info>
</gc-start>
<allocation-stats totalBytes="165817120" >
  <allocated-bytes non-tlh="40" tlh="165817080" />
  <largest-consumer threadName="Thread-27" threadId="0000000000C96900" bytes="24999088" />
</allocation-stats>
<gc-op id="5120" type="scavenge" timems="38.665" contextid="5117" timestamp="2019-08-08T20:26:35.350">
  <scavenger-info tenureage="14" tenuremask="4000" tiltratio="89" />
  <memory-copied type="nursery" objects="137432" bytes="9301872" bytesdiscarded="94248" />
  <finalization candidates="67" enqueued="0" />
  <ownableSynchronizers candidates="2" cleared="0" />
  <references type="soft" candidates="36" cleared="0" enqueued="0" dynamicThreshold="1" maxThreshold="32" />
  <references type="weak" candidates="177" cleared="0" enqueued="0" />
  <references type="phantom" candidates="10" cleared="0" enqueued="0" />
</gc-op>
<gc-end id="5121" type="scavenge" contextid="5117" durationms="39.010" usertimems="48.043" systemtimems="29.127" timestamp="2019-08-08T20:26:35.351" activeThreads="16">
  <mem-info id="5122" free="166868008" total="214827008" percent="77">
    <mem type="nursery" free="166370976" total="195297280" percent="85">
      <mem type="allocate" free="166370976" total="175767552" percent="94" />
      <mem type="survivor" free="0" total="19529728" percent="0" />
    </mem>
    <mem type="tenure" free="497032" total="19529728" percent="2" macro-fragmented="0">
      <mem type="soa" free="302472" total="19335168" percent="1" />
      <mem type="loa" free="194560" total="194560" percent="100" />
    </mem>
    <remembered-set count="552" />
  </mem-info>
</gc-end>
<cycle-end id="5123" type="scavenge" contextid="5117" timestamp="2019-08-08T20:26:35.351" />
  <attribute name="elasticGC enabled" value="1" />
  <attribute name= "numThreadsSpecified" value="16" />
  <attribute name="heapSize specified" value="169279488" />
  <attribute name="Current GC Util" value="4" />
  <attribute name= "Current Time Running" value="162731" />
  <attribute name ="GC Interval" value="2089" />
  <attribute name="Target GC Util Change" value ="80.000000" />
  <attribute name="Current GC Util Change" value="4.000000"/>
  <attribute name="Current Error" value="143.000000" />
  <attribute name="Output H" value="214864936"/>
  <attribute name="Output I" value="2088"/>
  <attribute name="Output T" value="16"/>
  <attribute name= "Current Time Running" value="162731" />
  <attribute name="GC Util currently" value="4" />
  <attribute name="CPU Util currently" value="1520321412" />
<allocation-satisfied id="5124" threadId="0000000000C9E100" bytesRequested="40" />
<af-end id="5125" timestamp="2019-08-08T20:26:35.351" threadId="0000000000C9EA88" success="true" from="nursery"/>
<exclusive-end id="5126" timestamp="2019-08-08T20:26:35.351" durationms="45.450" />

<exclusive-start id="5127" timestamp="2019-08-08T20:26:35.928" intervalms="622.134">
  <response-info timems="12.980" idlems="6.536" threads="1" lastid="0000000000C7C600" lastname="Thread-24" />
</exclusive-start>
<af-start id="5128" threadId="0000000000C8BE88" totalBytesRequested="40" timestamp="2019-08-08T20:26:35.928" intervalms="616.343" type="nursery" />
<cycle-start id="5129" type="scavenge" contextid="0" timestamp="2019-08-08T20:26:35.928" intervalms="616.380" />
<gc-start id="5130" type="scavenge" contextid="5129" timestamp="2019-08-08T20:26:35.928">
  <mem-info id="5131" free="497032" total="214827008" percent="0">
    <mem type="nursery" free="0" total="195297280" percent="0">
      <mem type="allocate" free="0" total="175767552" percent="0" />
      <mem type="survivor" free="0" total="19529728" percent="0" />
    </mem>
    <mem type="tenure" free="497032" total="19529728" percent="2">
      <mem type="soa" free="302472" total="19335168" percent="1" />
      <mem type="loa" free="194560" total="194560" percent="100" />
    </mem>
    <remembered-set count="552" />
  </mem-info>
</gc-start>
<allocation-stats totalBytes="166359408" >
  <allocated-bytes non-tlh="40" tlh="166359368" />
  <largest-consumer threadName="Thread-21" threadId="0000000000C44300" bytes="26704256" />
</allocation-stats>
<gc-op id="5132" type="scavenge" timems="68.728" contextid="5129" timestamp="2019-08-08T20:26:35.997">
  <scavenger-info tenureage="14" tenuremask="4000" tiltratio="90" />
  <memory-copied type="nursery" objects="127671" bytes="9068512" bytesdiscarded="581752" />
  <finalization candidates="67" enqueued="0" />
  <ownableSynchronizers candidates="2" cleared="0" />
  <references type="soft" candidates="36" cleared="0" enqueued="0" dynamicThreshold="1" maxThreshold="32" />
  <references type="weak" candidates="177" cleared="0" enqueued="0" />
  <references type="phantom" candidates="10" cleared="0" enqueued="0" />
</gc-op>
<heap-resize id="5133" type="expand" space="nursery" amount="10092544" count="1" timems="0.022" reason="excessive time being spent scavenging" timestamp="2019-08-08T20:26:35.997" />
<gc-end id="5134" type="scavenge" contextid="5129" durationms="68.993" usertimems="35.349" systemtimems="32.079" timestamp="2019-08-08T20:26:35.997" activeThreads="16">
  <mem-info id="5135" free="175657832" total="224919552" percent="78">
    <mem type="nursery" free="175160800" total="205389824" percent="85">
      <mem type="allocate" free="175160800" total="184811520" percent="94" />
      <mem type="survivor" free="0" total="20578304" percent="0" />
    </mem>
    <mem type="tenure" free="497032" total="19529728" percent="2" macro-fragmented="0">
      <mem type="soa" free="302472" total="19335168" percent="1" />
      <mem type="loa" free="194560" total="194560" percent="100" />
    </mem>
    <remembered-set count="552" />
  </mem-info>
</gc-end>
<cycle-end id="5136" type="scavenge" contextid="5129" timestamp="2019-08-08T20:26:35.997" />
  <attribute name="elasticGC enabled" value="1" />
  <attribute name= "numThreadsSpecified" value="16" />
  <attribute name="heapSize specified" value="169279488" />
  <attribute name="Current GC Util" value="8" />
  <attribute name= "Current Time Running" value="163347" />
  <attribute name ="GC Interval" value="2129" />
  <attribute name="Target GC Util Change" value ="80.000000" />
  <attribute name="Current GC Util Change" value="8.000000"/>
  <attribute name="Current Error" value="215.000000" />
  <attribute name="Output H" value="214864976"/>
  <attribute name="Output I" value="2128"/>
  <attribute name="Output T" value="16"/>
  <attribute name= "Current Time Running" value="163347" />
  <attribute name="GC Util currently" value="8" />
  <attribute name="CPU Util currently" value="1870515782" />
<allocation-satisfied id="5137" threadId="0000000000C8B500" bytesRequested="40" />
<af-end id="5138" timestamp="2019-08-08T20:26:35.997" threadId="0000000000C8BE88" success="true" from="nursery"/>
<exclusive-end id="5139" timestamp="2019-08-08T20:26:35.997" durationms="69.675" />

<exclusive-start id="5140" timestamp="2019-08-08T20:26:36.284" intervalms="356.040">
  <response-info timems="1.205" idlems="1.205" threads="0" lastid="0000000000C8B500" lastname="Thread-25" />
</exclusive-start>
<af-start id="5141" threadId="0000000000C8BE88" totalBytesRequested="40" timestamp="2019-08-08T20:26:36.284" intervalms="356.024" type="nursery" />
<cycle-start id="5142" type="scavenge" contextid="0" timestamp="2019-08-08T20:26:36.284" intervalms="355.998" />
<gc-start id="5143" type="scavenge" contextid="5142" timestamp="2019-08-08T20:26:36.284">
  <mem-info id="5144" free="497032" total="224919552" percent="0">
    <mem type="nursery" free="0" total="205389824" percent="0">
      <mem type="allocate" free="0" total="184811520" percent="0" />
      <mem type="survivor" free="0" total="20578304" percent="0" />
    </mem>
    <mem type="tenure" free="497032" total="19529728" percent="2">
      <mem type="soa" free="302472" total="19335168" percent="1" />
      <mem type="loa" free="194560" total="194560" percent="100" />
    </mem>
    <remembered-set count="552" />
  </mem-info>
</gc-start>
<allocation-stats totalBytes="175138296" >
  <allocated-bytes non-tlh="40" tlh="175138256" />
  <largest-consumer threadName="Thread-23" threadId="0000000000C47F00" bytes="19101376" />
</allocation-stats>
<gc-op id="5145" type="scavenge" timems="7.925" contextid="5142" timestamp="2019-08-08T20:26:36.292">
  <scavenger-info tenureage="14" tenuremask="4000" tiltratio="89" />
  <memory-copied type="nursery" objects="133541" bytes="9210040" bytesdiscarded="447752" />
  <finalization candidates="67" enqueued="0" />
  <ownableSynchronizers candidates="2" cleared="0" />
  <references type="soft" candidates="36" cleared="0" enqueued="0" dynamicThreshold="1" maxThreshold="32" />
  <references type="weak" candidates="177" cleared="0" enqueued="0" />
  <references type="phantom" candidates="10" cleared="0" enqueued="0" />
</gc-op>
<gc-end id="5146" type="scavenge" contextid="5142" durationms="8.926" usertimems="18.806" systemtimems="5.681" timestamp="2019-08-08T20:26:36.293" activeThreads="16">
  <mem-info id="5147" free="175650304" total="224919552" percent="78">
    <mem type="nursery" free="175153272" total="205389824" percent="85">
      <mem type="allocate" free="175153272" total="184811520" percent="94" />
      <mem type="survivor" free="0" total="20578304" percent="0" />
    </mem>
    <mem type="tenure" free="497032" total="19529728" percent="2" macro-fragmented="0">
      <mem type="soa" free="302472" total="19335168" percent="1" />
      <mem type="loa" free="194560" total="194560" percent="100" />
    </mem>
    <remembered-set count="552" />
  </mem-info>
</gc-end>
<cycle-end id="5148" type="scavenge" contextid="5142" timestamp="2019-08-08T20:26:36.294" />
  <attribute name="elasticGC enabled" value="1" />
  <attribute name= "numThreadsSpecified" value="16" />
  <attribute name="heapSize specified" value="169279488" />
  <attribute name="Current GC Util" value="18" />
  <attribute name= "Current Time Running" value="163703" />
  <attribute name ="GC Interval" value="2161" />
  <attribute name="Target GC Util Change" value ="80.000000" />
  <attribute name="Current GC Util Change" value="18.000000"/>
  <attribute name="Current Error" value="277.000000" />
  <attribute name="Output H" value="224957552"/>
  <attribute name="Output I" value="2160"/>
  <attribute name="Output T" value="16"/>
  <attribute name= "Current Time Running" value="163703" />
  <attribute name="GC Util currently" value="18" />
  <attribute name="CPU Util currently" value="3238434452" />
<allocation-satisfied id="5149" threadId="0000000000C8B500" bytesRequested="40" />
<af-end id="5150" timestamp="2019-08-08T20:26:36.294" threadId="0000000000C8BE88" success="true" from="nursery"/>
<exclusive-end id="5151" timestamp="2019-08-08T20:26:36.294" durationms="10.509" />

<exclusive-start id="5152" timestamp="2019-08-08T20:26:36.792" intervalms="508.393">
  <response-info timems="1.627" idlems="0.610" threads="2" lastid="0000000000C44300" lastname="Thread-21" />
</exclusive-start>
<af-start id="5153" threadId="0000000000C75788" totalBytesRequested="40" timestamp="2019-08-08T20:26:36.792" intervalms="508.161" type="nursery" />
<cycle-start id="5154" type="scavenge" contextid="0" timestamp="2019-08-08T20:26:36.792" intervalms="508.135" />
<gc-start id="5155" type="scavenge" contextid="5154" timestamp="2019-08-08T20:26:36.792">
  <mem-info id="5156" free="497032" total="224919552" percent="0">
    <mem type="nursery" free="0" total="205389824" percent="0">
      <mem type="allocate" free="0" total="184811520" percent="0" />
      <mem type="survivor" free="0" total="20578304" percent="0" />
    </mem>
    <mem type="tenure" free="497032" total="19529728" percent="2">
      <mem type="soa" free="302472" total="19335168" percent="1" />
      <mem type="loa" free="194560" total="194560" percent="100" />
    </mem>
    <remembered-set count="552" />
  </mem-info>
</gc-start>
<allocation-stats totalBytes="175144384" >
  <allocated-bytes non-tlh="40" tlh="175144344" />
  <largest-consumer threadName="Thread-35" threadId="0000000000C74E00" bytes="14515632" />
</allocation-stats>
<gc-op id="5157" type="scavenge" timems="17.758" contextid="5154" timestamp="2019-08-08T20:26:36.810">
  <scavenger-info tenureage="8" tenuremask="4100" tiltratio="89" />
  <memory-copied type="nursery" objects="101704" bytes="4645368" bytesdiscarded="334536" />
  <memory-copied type="tenure" objects="16458" bytes="4195360" bytesdiscarded="1992" />
  <finalization candidates="67" enqueued="0" />
  <ownableSynchronizers candidates="2" cleared="0" />
  <heap-resize type="expand" space="tenure" amount="3932160" count="28" timems="6.181" reason="continue current collection" />
</gc-op>
<gc-end id="5158" type="scavenge" contextid="5154" durationms="18.077" usertimems="29.268" systemtimems="10.023" timestamp="2019-08-08T20:26:36.810" activeThreads="16">
  <mem-info id="5159" free="180125072" total="228851712" percent="78">
    <mem type="nursery" free="179831616" total="205389824" percent="87">
      <mem type="allocate" free="179831616" total="184811520" percent="97" />
      <mem type="survivor" free="0" total="20578304" percent="0" />
    </mem>
    <mem type="tenure" free="293456" total="23461888" percent="1" macro-fragmented="22644">
      <mem type="soa" free="58960" total="23227392" percent="0" />
      <mem type="loa" free="234496" total="234496" percent="100" />
    </mem>
    <remembered-set count="202" />
  </mem-info>
</gc-end>
<cycle-end id="5160" type="scavenge" contextid="5154" timestamp="2019-08-08T20:26:36.810" />
  <attribute name="elasticGC enabled" value="1" />
  <attribute name= "numThreadsSpecified" value="16" />
  <attribute name="heapSize specified" value="169279488" />
  <attribute name="Current GC Util" value="4" />
  <attribute name= "Current Time Running" value="164211" />
  <attribute name ="GC Interval" value="2209" />
  <attribute name="Target GC Util Change" value ="80.000000" />
  <attribute name="Current GC Util Change" value="4.000000"/>
  <attribute name="Current Error" value="353.000000" />
  <attribute name="Output H" value="224957600"/>
  <attribute name="Output I" value="2208"/>
  <attribute name="Output T" value="16"/>
  <attribute name= "Current Time Running" value="164211" />
  <attribute name="GC Util currently" value="4" />
  <attribute name="CPU Util currently" value="2269055596" />
<allocation-satisfied id="5161" threadId="0000000000C74E00" bytesRequested="40" />
<af-end id="5162" timestamp="2019-08-08T20:26:36.810" threadId="0000000000C75788" success="true" from="nursery"/>
<exclusive-end id="5163" timestamp="2019-08-08T20:26:36.810" durationms="18.377" />

<concurrent-kickoff id="5164" timestamp="2019-08-08T20:26:37.305">
  <kickoff reason="threshold reached" targetBytes="16262297" thresholdFreeBytes="2294540"  remainingFree="2229016" tenureFreeBytes="293456" nurseryFreeBytes="2229016" />
</concurrent-kickoff>
<exclusive-start id="5165" timestamp="2019-08-08T20:26:37.306" intervalms="514.046">
  <response-info timems="0.773" idlems="0.773" threads="0" lastid="0000000000C4F700" lastname="Thread-22" />
</exclusive-start>
<cycle-start id="5166" type="global" contextid="0" timestamp="2019-08-08T20:26:37.306" intervalms="6794.935" />
<exclusive-end id="5167" timestamp="2019-08-08T20:26:37.306" durationms="0.054" />

<exclusive-start id="5168" timestamp="2019-08-08T20:26:37.374" intervalms="68.042">
  <response-info timems="29.963" idlems="11.843" threads="10" lastid="0000000000C74E00" lastname="Thread-35" />
</exclusive-start>
<af-start id="5169" threadId="0000000000C5B488" totalBytesRequested="40" timestamp="2019-08-08T20:26:37.375" intervalms="582.605" type="nursery" />
<cycle-start id="5170" type="scavenge" contextid="0" timestamp="2019-08-08T20:26:37.375" intervalms="582.613" />
<gc-start id="5171" type="scavenge" contextid="5170" timestamp="2019-08-08T20:26:37.375">
  <mem-info id="5172" free="293456" total="228851712" percent="0">
    <mem type="nursery" free="0" total="205389824" percent="0">
      <mem type="allocate" free="0" total="184811520" percent="0" />
      <mem type="survivor" free="0" total="20578304" percent="0" />
    </mem>
    <mem type="tenure" free="293456" total="23461888" percent="1">
      <mem type="soa" free="58960" total="23227392" percent="0" />
      <mem type="loa" free="234496" total="234496" percent="100" />
    </mem>
    <remembered-set count="202" />
  </mem-info>
</gc-start>
<allocation-stats totalBytes="179824696" >
  <allocated-bytes non-tlh="40" tlh="179824656" />
  <largest-consumer threadName="Thread-28" threadId="0000000000C8F100" bytes="17399096" />
</allocation-stats>
<gc-op id="5173" type="scavenge" timems="194.305" contextid="5170" timestamp="2019-08-08T20:26:37.569">
  <scavenger-info tenureage="14" tenuremask="4000" tiltratio="89" />
  <memory-copied type="nursery" objects="102433" bytes="4662624" bytesdiscarded="518112" />
</gc-op>
<heap-resize id="5174" type="expand" space="nursery" amount="25821184" count="1" timems="0.142" reason="excessive time being spent scavenging" timestamp="2019-08-08T20:26:37.572" />
<gc-end id="5175" type="scavenge" contextid="5170" durationms="197.788" usertimems="87.776" systemtimems="61.945" timestamp="2019-08-08T20:26:37.573" activeThreads="16">
  <mem-info id="5176" free="203123984" total="254672896" percent="79">
    <mem type="nursery" free="202830528" total="231211008" percent="87">
      <mem type="allocate" free="202830528" total="208011264" percent="97" />
      <mem type="survivor" free="0" total="23199744" percent="0" />
    </mem>
    <mem type="tenure" free="293456" total="23461888" percent="1" macro-fragmented="32608">
      <mem type="soa" free="58960" total="23227392" percent="0" />
      <mem type="loa" free="234496" total="234496" percent="100" />
    </mem>
    <remembered-set count="202" />
  </mem-info>
</gc-end>
<cycle-end id="5177" type="scavenge" contextid="5170" timestamp="2019-08-08T20:26:37.573" />
  <attribute name="elasticGC enabled" value="1" />
  <attribute name= "numThreadsSpecified" value="16" />
  <attribute name="heapSize specified" value="169279488" />
  <attribute name="Current GC Util" value="6" />
  <attribute name= "Current Time Running" value="164794" />
  <attribute name ="GC Interval" value="2249" />
  <attribute name="Target GC Util Change" value ="80.000000" />
  <attribute name="Current GC Util Change" value="6.000000"/>
  <attribute name="Current Error" value="427.000000" />
  <attribute name="Output H" value="228889800"/>
  <attribute name="Output I" value="2248"/>
  <attribute name="Output T" value="16"/>
  <attribute name= "Current Time Running" value="164794" />
  <attribute name="GC Util currently" value="6" />
  <attribute name="CPU Util currently" value="1978738662" />
<allocation-satisfied id="5178" threadId="0000000000C5AB00" bytesRequested="40" />
<af-end id="5179" timestamp="2019-08-08T20:26:37.621" threadId="0000000000C5B488" success="true" from="nursery"/>
<exclusive-end id="5180" timestamp="2019-08-08T20:26:37.621" durationms="246.656" />

<exclusive-start id="5181" timestamp="2019-08-08T20:26:37.650" intervalms="275.480">
  <response-info timems="7.833" idlems="3.933" threads="1" lastid="0000000000C44300" lastname="Thread-21" />
</exclusive-start>
<concurrent-collection-start id="5182" timestamp="2019-08-08T20:26:37.650" intervalms="36101.713" >
  <concurrent-trace-info reason="card cleaning threshold reached" tracedByMutators="10606240" tracedByHelpers="1897576" cardsCleaned="19" workStackOverflowCount="0" />
</concurrent-collection-start>
<gc-start id="5183" type="global" contextid="5166" timestamp="2019-08-08T20:26:37.650">
  <mem-info id="5184" free="200416488" total="254672896" percent="78">
    <mem type="nursery" free="200123032" total="231211008" percent="86">
      <mem type="allocate" free="200123032" total="208011264" percent="96" />
      <mem type="survivor" free="0" total="23199744" percent="0" />
    </mem>
    <mem type="tenure" free="293456" total="23461888" percent="1">
      <mem type="soa" free="58960" total="23227392" percent="0" />
      <mem type="loa" free="234496" total="234496" percent="100" />
    </mem>
    <remembered-set count="202" />
  </mem-info>
</gc-start>
<allocation-stats totalBytes="2707400" >
  <allocated-bytes non-tlh="40" tlh="2707360" />
  <largest-consumer threadName="Thread-28" threadId="0000000000C8F100" bytes="454648" />
</allocation-stats>
<gc-op id="5185" type="rs-scan" timems="1.402" contextid="5166" timestamp="2019-08-08T20:26:37.651">
  <scan objectsFound="95" bytesTraced="10664" workStackOverflowCount="0" />
</gc-op>
<gc-op id="5186" type="card-cleaning" timems="4.983" contextid="5166" timestamp="2019-08-08T20:26:37.656">
  <card-cleaning cardsCleaned="11" bytesTraced="6528" workStackOverflowCount="0" />
</gc-op>
<gc-op id="5187" type="mark" timems="13.789" contextid="5166" timestamp="2019-08-08T20:26:37.670">
  <trace-info objectcount="164540" scancount="151469" scanbytes="6223976" />
  <finalization candidates="151" enqueued="0" />
  <ownableSynchronizers candidates="23" cleared="0" />
  <references type="soft" candidates="1902" cleared="32" enqueued="28" dynamicThreshold="1" maxThreshold="32" />
  <references type="weak" candidates="6101" cleared="0" enqueued="0" />
  <references type="phantom" candidates="272" cleared="0" enqueued="0" />
  <stringconstants candidates="14613" cleared="1"  />
</gc-op>
<gc-op id="5188" type="sweep" timems="6.622" contextid="5166" timestamp="2019-08-08T20:26:37.677" />
<mem-info id="5189" free="204232800" total="254672896" percent="80">
  <mem type="nursery" free="203286480" total="231211008" percent="87">
    <mem type="allocate" free="203286480" total="208011264" percent="97" />
    <mem type="survivor" free="0" total="23199744" percent="0" />
  </mem>
  <mem type="tenure" free="946320" total="23461888" percent="4" micro-fragmented="18216" macro-fragmented="0">
    <mem type="soa" free="711824" total="23227392" percent="3" />
    <mem type="loa" free="234496" total="234496" percent="100" />
  </mem>
  <pending-finalizers system="0" default="0" reference="28" classloader="0" />
  <remembered-set count="202" />
</mem-info>
<gc-op id="5190" type="compact" timems="409.671" contextid="5166" timestamp="2019-08-08T20:26:38.087">
  <compact-info movecount="716104" movebytes="26906344" reason="compact to aid heap contraction" />
</gc-op>
<heap-resize id="5191" type="expand" space="tenure" amount="65536" count="1" timems="0.036" reason="satisfy allocation request" timestamp="2019-08-08T20:26:38.158" />
<gc-end id="5192" type="global" contextid="5166" durationms="508.419" usertimems="448.741" systemtimems="150.856" timestamp="2019-08-08T20:26:38.158" activeThreads="16">
  <mem-info id="5193" free="204364280" total="254738432" percent="80">
    <mem type="nursery" free="203340584" total="231211008" percent="87">
      <mem type="allocate" free="203340584" total="208011264" percent="97" />
      <mem type="survivor" free="0" total="23199744" percent="0" />
    </mem>
    <mem type="tenure" free="1023696" total="23527424" percent="4">
      <mem type="soa" free="789200" total="23292928" percent="3" />
      <mem type="loa" free="234496" total="234496" percent="100" />
    </mem>
    <pending-finalizers system="0" default="0" reference="28" classloader="0" />
    <remembered-set count="202" />
  </mem-info>
</gc-end>
<cycle-end id="5194" type="global" contextid="5166" timestamp="2019-08-08T20:26:38.159" />
  <attribute name="elasticGC enabled" value="1" />
  <attribute name= "numThreadsSpecified" value="16" />
  <attribute name="heapSize specified" value="254672896" />
  <attribute name="Current GC Util" value="11" />
  <attribute name= "Current Time Running" value="165513" />
  <attribute name ="GC Interval" value="2249" />
  <attribute name="Target GC Util Change" value ="80.000000" />
  <attribute name="Current GC Util Change" value="11.000000"/>
  <attribute name="Current Error" value="69.000000" />
  <attribute name="Output H" value="254710776"/>
  <attribute name="Output I" value="2040"/>
  <attribute name="Output T" value="16"/>
  <attribute name= "Current Time Running" value="165513" />
  <attribute name="GC Util currently" value="11" />
  <attribute name="CPU Util currently" value="2765789927" />
<concurrent-collection-end id="5195" timestamp="2019-08-08T20:26:38.159" />
<exclusive-end id="5196" timestamp="2019-08-08T20:26:38.159" durationms="509.001" />

<concurrent-kickoff id="5197" timestamp="2019-08-08T20:26:38.766">
  <kickoff reason="threshold reached" targetBytes="15567307" thresholdFreeBytes="2204538"  remainingFree="2172696" tenureFreeBytes="1023696" nurseryFreeBytes="2172696" />
</concurrent-kickoff>
<exclusive-start id="5198" timestamp="2019-08-08T20:26:38.784" intervalms="1134.268">
  <response-info timems="17.593" idlems="14.953" threads="2" lastid="0000000000C9A500" lastname="Thread-32" />
</exclusive-start>
<cycle-start id="5199" type="global" contextid="0" timestamp="2019-08-08T20:26:38.784" intervalms="1477.770" />
<exclusive-end id="5200" timestamp="2019-08-08T20:26:38.784" durationms="0.039" />

<exclusive-start id="5201" timestamp="2019-08-08T20:26:38.878" intervalms="94.213">
  <response-info timems="20.869" idlems="17.492" threads="3" lastid="0000000000C53300" lastname="Thread-33" />
</exclusive-start>
<af-start id="5202" threadId="0000000000C75788" totalBytesRequested="24" timestamp="2019-08-08T20:26:38.878" intervalms="1503.456" type="nursery" />
<cycle-start id="5203" type="scavenge" contextid="0" timestamp="2019-08-08T20:26:38.878" intervalms="1503.453" />
<gc-start id="5204" type="scavenge" contextid="5203" timestamp="2019-08-08T20:26:38.878">
  <mem-info id="5205" free="1023696" total="254738432" percent="0">
    <mem type="nursery" free="0" total="231211008" percent="0">
      <mem type="allocate" free="0" total="208011264" percent="0" />
      <mem type="survivor" free="0" total="23199744" percent="0" />
    </mem>
    <mem type="tenure" free="1023696" total="23527424" percent="4">
      <mem type="soa" free="789200" total="23292928" percent="3" />
      <mem type="loa" free="234496" total="234496" percent="100" />
    </mem>
    <remembered-set count="256" />
  </mem-info>
</gc-start>
<allocation-stats totalBytes="203324360" >
  <allocated-bytes non-tlh="0" tlh="203324360" />
  <largest-consumer threadName="Thread-28" threadId="0000000000C8F100" bytes="22327264" />
</allocation-stats>
<gc-op id="5206" type="scavenge" timems="239.306" contextid="5203" timestamp="2019-08-08T20:26:39.118">
  <scavenger-info tenureage="14" tenuremask="4000" tiltratio="89" />
  <memory-copied type="nursery" objects="107962" bytes="4796904" bytesdiscarded="336984" />
  <ownableSynchronizers candidates="46" cleared="46" />
</gc-op>
<heap-resize id="5207" type="expand" space="nursery" amount="16252928" count="1" timems="0.405" reason="excessive time being spent scavenging" timestamp="2019-08-08T20:26:39.118" />
<gc-end id="5208" type="scavenge" contextid="5203" durationms="240.656" usertimems="239.696" systemtimems="157.284" timestamp="2019-08-08T20:26:39.119" activeThreads="16">
  <mem-info id="5209" free="218581136" total="270991360" percent="80">
    <mem type="nursery" free="217557440" total="247463936" percent="87">
      <mem type="allocate" free="217557440" total="222691328" percent="97" />
      <mem type="survivor" free="0" total="24772608" percent="0" />
    </mem>
    <mem type="tenure" free="1023696" total="23527424" percent="4" macro-fragmented="418667">
      <mem type="soa" free="789200" total="23292928" percent="3" />
      <mem type="loa" free="234496" total="234496" percent="100" />
    </mem>
    <remembered-set count="212" />
  </mem-info>
</gc-end>
<cycle-end id="5210" type="scavenge" contextid="5203" timestamp="2019-08-08T20:26:39.119" />
  <attribute name="elasticGC enabled" value="1" />
  <attribute name= "numThreadsSpecified" value="16" />
  <attribute name="heapSize specified" value="254672896" />
  <attribute name="Current GC Util" value="48" />
  <attribute name= "Current Time Running" value="166297" />
  <attribute name ="GC Interval" value="2065" />
  <attribute name="Target GC Util Change" value ="80.000000" />
  <attribute name="Current GC Util Change" value="48.000000"/>
  <attribute name="Current Error" value="101.000000" />
  <attribute name="Output H" value="254776336"/>
  <attribute name="Output I" value="2064"/>
  <attribute name="Output T" value="16"/>
  <attribute name= "Current Time Running" value="166297" />
  <attribute name="GC Util currently" value="48" />
  <attribute name="CPU Util currently" value="1470063274" />
<allocation-satisfied id="5211" threadId="0000000000C74E00" bytesRequested="24" />
<af-end id="5212" timestamp="2019-08-08T20:26:39.122" threadId="0000000000C75788" success="true" from="nursery"/>
<exclusive-end id="5213" timestamp="2019-08-08T20:26:39.123" durationms="244.407" />

<exclusive-start id="5214" timestamp="2019-08-08T20:26:39.149" intervalms="270.932">
  <response-info timems="23.963" idlems="13.560" threads="1" lastid="0000000000C44300" lastname="Thread-21" />
</exclusive-start>
<concurrent-collection-start id="5215" timestamp="2019-08-08T20:26:39.149" intervalms="1499.303" >
  <concurrent-trace-info reason="card cleaning threshold reached" tracedByMutators="12697572" tracedByHelpers="1266396" cardsCleaned="16" workStackOverflowCount="0" />
</concurrent-collection-start>
<gc-start id="5216" type="global" contextid="5199" timestamp="2019-08-08T20:26:39.149">
  <mem-info id="5217" free="216795256" total="270991360" percent="80">
    <mem type="nursery" free="215771560" total="247463936" percent="87">
      <mem type="allocate" free="215771560" total="222691328" percent="96" />
      <mem type="survivor" free="0" total="24772608" percent="0" />
    </mem>
    <mem type="tenure" free="1023696" total="23527424" percent="4">
      <mem type="soa" free="789200" total="23292928" percent="3" />
      <mem type="loa" free="234496" total="234496" percent="100" />
    </mem>
    <remembered-set count="212" />
  </mem-info>
</gc-start>
<allocation-stats totalBytes="1785712" >
  <allocated-bytes non-tlh="24" tlh="1785688" />
  <largest-consumer threadName="Thread-27" threadId="0000000000C96900" bytes="286688" />
</allocation-stats>
<gc-op id="5218" type="rs-scan" timems="36.828" contextid="5199" timestamp="2019-08-08T20:26:39.186">
  <scan objectsFound="81" bytesTraced="8416" workStackOverflowCount="0" />
</gc-op>
<gc-op id="5219" type="card-cleaning" timems="236.154" contextid="5199" timestamp="2019-08-08T20:26:39.422">
  <card-cleaning cardsCleaned="33" bytesTraced="16816" workStackOverflowCount="0" />
</gc-op>
<gc-op id="5220" type="mark" timems="88.360" contextid="5199" timestamp="2019-08-08T20:26:39.511">
  <trace-info objectcount="108486" scancount="108453" scanbytes="4806648" />
  <finalization candidates="151" enqueued="0" />
  <ownableSynchronizers candidates="23" cleared="0" />
  <references type="soft" candidates="1870" cleared="15" enqueued="12" dynamicThreshold="1" maxThreshold="32" />
  <references type="weak" candidates="6101" cleared="0" enqueued="0" />
  <references type="phantom" candidates="272" cleared="0" enqueued="0" />
  <stringconstants candidates="14612" cleared="0"  />
</gc-op>
<gc-op id="5221" type="sweep" timems="60.749" contextid="5199" timestamp="2019-08-08T20:26:39.581" />
<mem-info id="5222" free="218992352" total="270991360" percent="80">
  <mem type="nursery" free="217825016" total="247463936" percent="88">
    <mem type="allocate" free="217825016" total="222691328" percent="97" />
    <mem type="survivor" free="0" total="24772608" percent="0" />
  </mem>
  <mem type="tenure" free="1167336" total="23527424" percent="4" micro-fragmented="2311" macro-fragmented="418667">
    <mem type="soa" free="932840" total="23292928" percent="4" />
    <mem type="loa" free="234496" total="234496" percent="100" />
  </mem>
  <pending-finalizers system="0" default="0" reference="12" classloader="0" />
  <remembered-set count="194" />
</mem-info>
<gc-op id="5223" type="compact" timems="245.660" contextid="5199" timestamp="2019-08-08T20:26:39.827">
  <compact-info movecount="126628" movebytes="9090600" reason="compact to aid heap contraction" />
</gc-op>
<heap-resize id="5224" type="expand" space="tenure" amount="65536" count="1" timems="0.022" reason="satisfy allocation request" timestamp="2019-08-08T20:26:39.828" />
<gc-end id="5225" type="global" contextid="5199" durationms="678.631" usertimems="319.883" systemtimems="253.982" timestamp="2019-08-08T20:26:39.828" activeThreads="16">
  <mem-info id="5226" free="219128552" total="271056896" percent="80">
    <mem type="nursery" free="217889280" total="247463936" percent="88">
      <mem type="allocate" free="217889280" total="222691328" percent="97" />
      <mem type="survivor" free="0" total="24772608" percent="0" />
    </mem>
    <mem type="tenure" free="1239272" total="23592960" percent="5">
      <mem type="soa" free="1003752" total="23357440" percent="4" />
      <mem type="loa" free="235520" total="235520" percent="100" />
    </mem>
    <pending-finalizers system="0" default="0" reference="12" classloader="0" />
    <remembered-set count="194" />
  </mem-info>
</gc-end>
<cycle-end id="5227" type="global" contextid="5199" timestamp="2019-08-08T20:26:39.828" />
  <attribute name="elasticGC enabled" value="1" />
  <attribute name= "numThreadsSpecified" value="16" />
  <attribute name="heapSize specified" value="270991360" />
  <attribute name="Current GC Util" value="21" />
  <attribute name= "Current Time Running" value="167247" />
  <attribute name ="GC Interval" value="2065" />
  <attribute name="Target GC Util Change" value ="80.000000" />
  <attribute name="Current GC Util Change" value="21.000000"/>
  <attribute name="Current Error" value="136.000000" />
  <attribute name="Output H" value="271029280"/>
  <attribute name="Output I" value="2080"/>
  <attribute name="Output T" value="16"/>
  <attribute name= "Current Time Running" value="167247" />
  <attribute name="GC Util currently" value="21" />
  <attribute name="CPU Util currently" value="4691114379" />
<concurrent-collection-end id="5228" timestamp="2019-08-08T20:26:39.828" />
<exclusive-end id="5229" timestamp="2019-08-08T20:26:39.828" durationms="679.094" />

<exclusive-start id="5230" timestamp="2019-08-08T20:26:39.833" intervalms="684.168">
  <response-info timems="5.042" idlems="2.541" threads="1" lastid="0000000000C9A500" lastname="Thread-32" />
</exclusive-start>
<af-start id="5231" threadId="0000000000C53C88" totalBytesRequested="24" timestamp="2019-08-08T20:26:39.833" intervalms="955.096" type="nursery" />
<cycle-start id="5232" type="scavenge" contextid="0" timestamp="2019-08-08T20:26:39.833" intervalms="955.088" />
<gc-start id="5233" type="scavenge" contextid="5232" timestamp="2019-08-08T20:26:39.833">
  <mem-info id="5234" free="218497768" total="271056896" percent="80">
    <mem type="nursery" free="217258496" total="247463936" percent="87">
      <mem type="allocate" free="217258496" total="222691328" percent="97" />
      <mem type="survivor" free="0" total="24772608" percent="0" />
    </mem>
    <mem type="tenure" free="1239272" total="23592960" percent="5">
      <mem type="soa" free="1003752" total="23357440" percent="4" />
      <mem type="loa" free="235520" total="235520" percent="100" />
    </mem>
    <pending-finalizers system="0" default="0" reference="12" classloader="0" />
    <remembered-set count="194" />
  </mem-info>
</gc-start>
<allocation-stats totalBytes="630736" >
  <allocated-bytes non-tlh="0" tlh="630736" />
  <largest-consumer threadName="Thread-35" threadId="0000000000C74E00" bytes="172008" />
</allocation-stats>
<gc-op id="5235" type="scavenge" timems="76.621" contextid="5232" timestamp="2019-08-08T20:26:39.910">
  <scavenger-info tenureage="14" tenuremask="4000" tiltratio="89" />
  <memory-copied type="nursery" objects="108222" bytes="4803088" bytesdiscarded="471224" />
  <ownableSynchronizers candidates="46" cleared="46" />
</gc-op>
<heap-resize id="5236" type="expand" space="nursery" amount="10092544" count="1" timems="0.024" reason="excessive time being spent scavenging" timestamp="2019-08-08T20:26:39.910" />
<gc-end id="5237" type="scavenge" contextid="5232" durationms="76.971" usertimems="45.757" systemtimems="42.114" timestamp="2019-08-08T20:26:39.910" activeThreads="16">
  <mem-info id="5238" free="227700256" total="281149440" percent="80">
    <mem type="nursery" free="226460984" total="257556480" percent="87">
      <mem type="allocate" free="226460984" total="231735296" percent="97" />
      <mem type="survivor" free="0" total="25821184" percent="0" />
    </mem>
    <mem type="tenure" free="1239272" total="23592960" percent="5" macro-fragmented="868149">
      <mem type="soa" free="1003752" total="23357440" percent="4" />
      <mem type="loa" free="235520" total="235520" percent="100" />
    </mem>
    <pending-finalizers system="0" default="0" reference="12" classloader="0" />
    <remembered-set count="187" />
  </mem-info>
</gc-end>
<cycle-end id="5239" type="scavenge" contextid="5232" timestamp="2019-08-08T20:26:39.910" />
  <attribute name="elasticGC enabled" value="1" />
  <attribute name= "numThreadsSpecified" value="16" />
  <attribute name="heapSize specified" value="270991360" />
  <attribute name="Current GC Util" value="2978" />
  <attribute name= "Current Time Running" value="167253" />
  <attribute name ="GC Interval" value="409" />
  <attribute name="Target GC Util Change" value ="80.000000" />
  <attribute name="Current GC Util Change" value="2978.000000"/>
  <attribute name="Current Error" value="-2762.000000" />
  <attribute name="Output H" value="271093144"/>
  <attribute name="Output I" value="408"/>
  <attribute name="Output T" value="16"/>
  <attribute name= "Current Time Running" value="167253" />
  <attribute name="GC Util currently" value="2978" />
  <attribute name="CPU Util currently" value="190380559196" />
<allocation-satisfied id="5240" threadId="0000000000C53300" bytesRequested="24" />
<af-end id="5241" timestamp="2019-08-08T20:26:39.911" threadId="0000000000C53C88" success="true" from="nursery"/>
<exclusive-end id="5242" timestamp="2019-08-08T20:26:39.911" durationms="77.283" />

<exclusive-start id="5243" timestamp="2019-08-08T20:26:40.309" intervalms="475.977">
  <response-info timems="4.535" idlems="4.535" threads="0" lastid="0000000000C71200" lastname="Thread-30" />
</exclusive-start>
<af-start id="5244" threadId="0000000000C71B88" totalBytesRequested="40" timestamp="2019-08-08T20:26:40.309" intervalms="476.039" type="nursery" />
<cycle-start id="5245" type="scavenge" contextid="0" timestamp="2019-08-08T20:26:40.309" intervalms="476.059" />
<gc-start id="5246" type="scavenge" contextid="5245" timestamp="2019-08-08T20:26:40.310">
  <mem-info id="5247" free="1239272" total="281149440" percent="0">
    <mem type="nursery" free="0" total="257556480" percent="0">
      <mem type="allocate" free="0" total="231735296" percent="0" />
      <mem type="survivor" free="0" total="25821184" percent="0" />
    </mem>
    <mem type="tenure" free="1239272" total="23592960" percent="5">
      <mem type="soa" free="1003752" total="23357440" percent="4" />
      <mem type="loa" free="235520" total="235520" percent="100" />
    </mem>
    <remembered-set count="216" />
  </mem-info>
</gc-start>
<allocation-stats totalBytes="226435728" >
  <allocated-bytes non-tlh="24" tlh="226435704" />
  <largest-consumer threadName="Thread-30" threadId="0000000000C71200" bytes="27771904" />
</allocation-stats>
<gc-op id="5248" type="scavenge" timems="212.105" contextid="5245" timestamp="2019-08-08T20:26:40.522">
  <scavenger-info tenureage="4" tenuremask="4030" tiltratio="89" />
  <memory-copied type="nursery" objects="71961" bytes="2695440" bytesdiscarded="872448" />
  <memory-copied type="tenure" objects="46289" bytes="2347320" bytesdiscarded="1248" />
  <heap-resize type="expand" space="tenure" amount="2097152" count="32" timems="94.122" reason="continue current collection" />
</gc-op>
<heap-resize id="5249" type="expand" space="nursery" amount="43122688" count="1" timems="0.614" reason="excessive time being spent scavenging" timestamp="2019-08-08T20:26:40.526" />
<gc-end id="5250" type="scavenge" contextid="5245" durationms="216.504" usertimems="84.910" systemtimems="104.135" timestamp="2019-08-08T20:26:40.526" activeThreads="16">
  <mem-info id="5251" free="267312624" total="326369280" percent="81">
    <mem type="nursery" free="267030256" total="300679168" percent="88">
      <mem type="allocate" free="267030256" total="270598144" percent="98" />
      <mem type="survivor" free="0" total="30081024" percent="0" />
    </mem>
    <mem type="tenure" free="282368" total="25690112" percent="1" macro-fragmented="168253">
      <mem type="soa" free="26368" total="25434112" percent="0" />
      <mem type="loa" free="256000" total="256000" percent="100" />
    </mem>
    <remembered-set count="20037" />
  </mem-info>
</gc-end>
<cycle-end id="5252" type="scavenge" contextid="5245" timestamp="2019-08-08T20:26:40.526" />
  <attribute name="elasticGC enabled" value="1" />
  <attribute name= "numThreadsSpecified" value="16" />
  <attribute name="heapSize specified" value="270991360" />
  <attribute name="Current GC Util" value="15" />
  <attribute name= "Current Time Running" value="167729" />
  <attribute name ="GC Interval" value="449" />
  <attribute name="Target GC Util Change" value ="80.000000" />
  <attribute name="Current GC Util Change" value="15.000000"/>
  <attribute name="Current Error" value="-2697.000000" />
  <attribute name="Output H" value="281185728"/>
  <attribute name="Output I" value="448"/>
  <attribute name="Output T" value="16"/>
  <attribute name= "Current Time Running" value="167729" />
  <attribute name="GC Util currently" value="15" />
  <attribute name="CPU Util currently" value="2420202237" />
<allocation-satisfied id="5253" threadId="0000000000C71200" bytesRequested="40" />
<af-end id="5254" timestamp="2019-08-08T20:26:40.526" threadId="0000000000C71B88" success="true" from="nursery"/>
<exclusive-end id="5255" timestamp="2019-08-08T20:26:40.526" durationms="216.984" />

<concurrent-kickoff id="5256" timestamp="2019-08-08T20:26:40.951">
  <kickoff reason="threshold reached" targetBytes="16649657" thresholdFreeBytes="2324843"  remainingFree="2240240" tenureFreeBytes="282368" nurseryFreeBytes="2240240" />
</concurrent-kickoff>
<exclusive-start id="5257" timestamp="2019-08-08T20:26:40.953" intervalms="644.248">
  <response-info timems="1.785" idlems="1.785" threads="0" lastid="0000000000C96900" lastname="Thread-27" />
</exclusive-start>
<cycle-start id="5258" type="global" contextid="0" timestamp="2019-08-08T20:26:40.953" intervalms="2169.539" />
<exclusive-end id="5259" timestamp="2019-08-08T20:26:40.953" durationms="0.030" />

<exclusive-start id="5260" timestamp="2019-08-08T20:26:40.956" intervalms="2.674">
  <response-info timems="0.439" idlems="0.439" threads="0" lastid="0000000000C8B500" lastname="Thread-25" />
</exclusive-start>
<af-start id="5261" threadId="0000000000C8BE88" totalBytesRequested="40" timestamp="2019-08-08T20:26:40.956" intervalms="646.821" type="nursery" />
<cycle-start id="5262" type="scavenge" contextid="0" timestamp="2019-08-08T20:26:40.956" intervalms="646.796" />
<gc-start id="5263" type="scavenge" contextid="5262" timestamp="2019-08-08T20:26:40.956">
  <mem-info id="5264" free="282368" total="326369280" percent="0">
    <mem type="nursery" free="0" total="300679168" percent="0">
      <mem type="allocate" free="0" total="270598144" percent="0" />
      <mem type="survivor" free="0" total="30081024" percent="0" />
    </mem>
    <mem type="tenure" free="282368" total="25690112" percent="1">
      <mem type="soa" free="26368" total="25434112" percent="0" />
      <mem type="loa" free="256000" total="256000" percent="100" />
    </mem>
    <remembered-set count="28006" />
  </mem-info>
</gc-start>
<allocation-stats totalBytes="267013512" >
  <allocated-bytes non-tlh="40" tlh="267013472" />
  <largest-consumer threadName="Thread-25" threadId="0000000000C8B500" bytes="28276968" />
</allocation-stats>
<gc-op id="5265" type="scavenge" timems="7.676" contextid="5262" timestamp="2019-08-08T20:26:40.964">
  <scavenger-info tenureage="14" tenuremask="4000" tiltratio="89" />
  <memory-copied type="nursery" objects="86413" bytes="3180456" bytesdiscarded="551256" />
</gc-op>
<gc-end id="5266" type="scavenge" contextid="5262" durationms="7.921" usertimems="19.105" systemtimems="0.000" timestamp="2019-08-08T20:26:40.964" activeThreads="16">
  <mem-info id="5267" free="267148800" total="326369280" percent="81">
    <mem type="nursery" free="266866432" total="300679168" percent="88">
      <mem type="allocate" free="266866432" total="270598144" percent="98" />
      <mem type="survivor" free="0" total="30081024" percent="0" />
    </mem>
    <mem type="tenure" free="282368" total="25690112" percent="1" macro-fragmented="168253">
      <mem type="soa" free="26368" total="25434112" percent="0" />
      <mem type="loa" free="256000" total="256000" percent="100" />
    </mem>
    <remembered-set count="28004" />
  </mem-info>
</gc-end>
<cycle-end id="5268" type="scavenge" contextid="5262" timestamp="2019-08-08T20:26:40.964" />
  <attribute name="elasticGC enabled" value="1" />
  <attribute name= "numThreadsSpecified" value="16" />
  <attribute name="heapSize specified" value="270991360" />
  <attribute name="Current GC Util" value="26" />
  <attribute name= "Current Time Running" value="168375" />
  <attribute name ="GC Interval" value="481" />
  <attribute name="Target GC Util Change" value ="80.000000" />
  <attribute name="Current GC Util Change" value="26.000000"/>
  <attribute name="Current Error" value="-2643.000000" />
  <attribute name="Output H" value="326405600"/>
  <attribute name="Output I" value="480"/>
  <attribute name="Output T" value="16"/>
  <attribute name= "Current Time Running" value="168375" />
  <attribute name="GC Util currently" value="26" />
  <attribute name="CPU Util currently" value="1783517695" />
<allocation-satisfied id="5269" threadId="0000000000C8B500" bytesRequested="40" />
<af-end id="5270" timestamp="2019-08-08T20:26:40.994" threadId="0000000000C8BE88" success="true" from="nursery"/>
<exclusive-end id="5271" timestamp="2019-08-08T20:26:40.994" durationms="37.818" />

<exclusive-start id="5272" timestamp="2019-08-08T20:26:41.047" intervalms="90.996">
  <response-info timems="3.197" idlems="3.197" threads="0" lastid="0000000000C44300" lastname="Thread-21" />
</exclusive-start>
<concurrent-collection-start id="5273" timestamp="2019-08-08T20:26:41.047" intervalms="1897.926" >
  <concurrent-trace-info reason="card cleaning threshold reached" tracedByMutators="12271528" tracedByHelpers="3739328" cardsCleaned="63" workStackOverflowCount="0" />
</concurrent-collection-start>
<gc-start id="5274" type="global" contextid="5258" timestamp="2019-08-08T20:26:41.047">
  <mem-info id="5275" free="255581656" total="326369280" percent="78">
    <mem type="nursery" free="255299288" total="300679168" percent="84">
      <mem type="allocate" free="255299288" total="270598144" percent="94" />
      <mem type="survivor" free="0" total="30081024" percent="0" />
    </mem>
    <mem type="tenure" free="282368" total="25690112" percent="1">
      <mem type="soa" free="26368" total="25434112" percent="0" />
      <mem type="loa" free="256000" total="256000" percent="100" />
    </mem>
    <remembered-set count="28367" />
  </mem-info>
</gc-start>
<allocation-stats totalBytes="11566480" >
  <allocated-bytes non-tlh="40" tlh="11566440" />
  <largest-consumer threadName="Thread-33" threadId="0000000000C53300" bytes="1540016" />
</allocation-stats>
<gc-op id="5276" type="rs-scan" timems="108.765" contextid="5258" timestamp="2019-08-08T20:26:41.156">
  <scan objectsFound="23068" bytesTraced="1830076" workStackOverflowCount="0" />
</gc-op>
<gc-op id="5277" type="card-cleaning" timems="102.027" contextid="5258" timestamp="2019-08-08T20:26:41.258">
  <card-cleaning cardsCleaned="119" bytesTraced="97132" workStackOverflowCount="0" />
</gc-op>
<gc-op id="5278" type="mark" timems="55.973" contextid="5258" timestamp="2019-08-08T20:26:41.331">
  <trace-info objectcount="61182" scancount="60782" scanbytes="2571984" />
  <finalization candidates="151" enqueued="0" />
  <ownableSynchronizers candidates="23" cleared="0" />
  <references type="soft" candidates="1855" cleared="0" enqueued="0" dynamicThreshold="1" maxThreshold="32" />
  <references type="weak" candidates="6101" cleared="0" enqueued="0" />
  <references type="phantom" candidates="272" cleared="0" enqueued="0" />
  <stringconstants candidates="14612" cleared="0"  />
</gc-op>
<gc-op id="5279" type="sweep" timems="81.054" contextid="5258" timestamp="2019-08-08T20:26:41.412" />
<mem-info id="5280" free="268680024" total="326369280" percent="82">
  <mem type="nursery" free="267433392" total="300679168" percent="88">
    <mem type="allocate" free="267433392" total="270598144" percent="98" />
    <mem type="survivor" free="0" total="30081024" percent="0" />
  </mem>
  <mem type="tenure" free="1246632" total="25690112" percent="4" micro-fragmented="2826" macro-fragmented="0">
    <mem type="soa" free="990632" total="25434112" percent="3" />
    <mem type="loa" free="256000" total="256000" percent="100" />
  </mem>
  <remembered-set count="23884" />
</mem-info>
<gc-op id="5281" type="compact" timems="427.449" contextid="5258" timestamp="2019-08-08T20:26:41.840">
  <compact-info movecount="140700" movebytes="9544112" reason="compact to aid heap contraction" />
</gc-op>
<heap-resize id="5282" type="expand" space="tenure" amount="65536" count="1" timems="0.034" reason="satisfy allocation request" timestamp="2019-08-08T20:26:41.894" />
<gc-end id="5283" type="global" contextid="5258" durationms="848.917" usertimems="371.667" systemtimems="332.494" timestamp="2019-08-08T20:26:41.896" activeThreads="16">
  <mem-info id="5284" free="268843296" total="326434816" percent="82">
    <mem type="nursery" free="267527632" total="300679168" percent="88">
      <mem type="allocate" free="267527632" total="270598144" percent="98" />
      <mem type="survivor" free="0" total="30081024" percent="0" />
    </mem>
    <mem type="tenure" free="1315664" total="25755648" percent="5">
      <mem type="soa" free="1058640" total="25498624" percent="4" />
      <mem type="loa" free="257024" total="257024" percent="100" />
    </mem>
    <remembered-set count="23884" />
  </mem-info>
</gc-end>
<cycle-end id="5285" type="global" contextid="5258" timestamp="2019-08-08T20:26:41.896" />
  <attribute name="elasticGC enabled" value="1" />
  <attribute name= "numThreadsSpecified" value="16" />
  <attribute name="heapSize specified" value="326369280" />
  <attribute name="Current GC Util" value="45" />
  <attribute name= "Current Time Running" value="169259" />
  <attribute name ="GC Interval" value="481" />
  <attribute name="Target GC Util Change" value ="80.000000" />
  <attribute name="Current GC Util Change" value="45.000000"/>
  <attribute name="Current Error" value="35.000000" />
  <attribute name="Output H" value="326407144"/>
  <attribute name="Output I" value="2024"/>
  <attribute name="Output T" value="16"/>
  <attribute name= "Current Time Running" value="169259" />
  <attribute name="GC Util currently" value="45" />
  <attribute name="CPU Util currently" value="2694577722" />
<concurrent-collection-end id="5286" timestamp="2019-08-08T20:26:41.896" />
<exclusive-end id="5287" timestamp="2019-08-08T20:26:41.896" durationms="849.140" />

<concurrent-kickoff id="5288" timestamp="2019-08-08T20:26:42.213">
  <kickoff reason="threshold reached" targetBytes="16567518" thresholdFreeBytes="2311636"  remainingFree="2289056" tenureFreeBytes="1315664" nurseryFreeBytes="2289056" />
</concurrent-kickoff>
<exclusive-start id="5289" timestamp="2019-08-08T20:26:42.250" intervalms="1203.050">
  <response-info timems="37.049" idlems="24.484" threads="2" lastid="0000000000C9A500" lastname="Thread-32" />
</exclusive-start>
<cycle-start id="5290" type="global" contextid="0" timestamp="2019-08-08T20:26:42.258" intervalms="1304.439" />
<exclusive-end id="5291" timestamp="2019-08-08T20:26:42.258" durationms="7.769" />

<exclusive-start id="5292" timestamp="2019-08-08T20:26:42.313" intervalms="62.737">
  <response-info timems="3.533" idlems="2.541" threads="3" lastid="0000000000C53300" lastname="Thread-33" />
</exclusive-start>
<af-start id="5293" threadId="0000000000C7CF88" totalBytesRequested="40" timestamp="2019-08-08T20:26:42.313" intervalms="1356.859" type="nursery" />
<cycle-start id="5294" type="scavenge" contextid="0" timestamp="2019-08-08T20:26:42.313" intervalms="1356.872" />
<gc-start id="5295" type="scavenge" contextid="5294" timestamp="2019-08-08T20:26:42.313">
  <mem-info id="5296" free="1315664" total="326434816" percent="0">
    <mem type="nursery" free="0" total="300679168" percent="0">
      <mem type="allocate" free="0" total="270598144" percent="0" />
      <mem type="survivor" free="0" total="30081024" percent="0" />
    </mem>
    <mem type="tenure" free="1315664" total="25755648" percent="5">
      <mem type="soa" free="1058640" total="25498624" percent="4" />
      <mem type="loa" free="257024" total="257024" percent="100" />
    </mem>
    <remembered-set count="30356" />
  </mem-info>
</gc-start>
<allocation-stats totalBytes="267507720" >
  <allocated-bytes non-tlh="0" tlh="267507720" />
  <largest-consumer threadName="Thread-25" threadId="0000000000C8B500" bytes="41238976" />
</allocation-stats>
<gc-op id="5297" type="scavenge" timems="59.380" contextid="5294" timestamp="2019-08-08T20:26:42.373">
  <scavenger-info tenureage="14" tenuremask="4000" tiltratio="89" />
  <memory-copied type="nursery" objects="104717" bytes="4032240" bytesdiscarded="461904" />
  <ownableSynchronizers candidates="46" cleared="46" />
</gc-op>
<gc-end id="5298" type="scavenge" contextid="5294" durationms="59.818" usertimems="33.307" systemtimems="35.256" timestamp="2019-08-08T20:26:42.373" activeThreads="16">
  <mem-info id="5299" free="267419664" total="326434816" percent="81">
    <mem type="nursery" free="266104000" total="300679168" percent="88">
      <mem type="allocate" free="266104000" total="270598144" percent="98" />
      <mem type="survivor" free="0" total="30081024" percent="0" />
    </mem>
    <mem type="tenure" free="1315664" total="25755648" percent="5" macro-fragmented="723458">
      <mem type="soa" free="1058640" total="25498624" percent="4" />
      <mem type="loa" free="257024" total="257024" percent="100" />
    </mem>
    <remembered-set count="30352" />
  </mem-info>
</gc-end>
<cycle-end id="5300" type="scavenge" contextid="5294" timestamp="2019-08-08T20:26:42.373" />
  <attribute name="elasticGC enabled" value="1" />
  <attribute name= "numThreadsSpecified" value="16" />
  <attribute name="heapSize specified" value="326369280" />
  <attribute name="Current GC Util" value="30" />
  <attribute name= "Current Time Running" value="169732" />
  <attribute name ="GC Interval" value="2057" />
  <attribute name="Target GC Util Change" value ="80.000000" />
  <attribute name="Current GC Util Change" value="30.000000"/>
  <attribute name="Current Error" value="85.000000" />
  <attribute name="Output H" value="326472712"/>
  <attribute name="Output I" value="2056"/>
  <attribute name="Output T" value="16"/>
  <attribute name= "Current Time Running" value="169732" />
  <attribute name="GC Util currently" value="30" />
  <attribute name="CPU Util currently" value="2436714730" />
<allocation-satisfied id="5301" threadId="0000000000C7C600" bytesRequested="40" />
<af-end id="5302" timestamp="2019-08-08T20:26:42.378" threadId="0000000000C7CF88" success="true" from="nursery"/>
<exclusive-end id="5303" timestamp="2019-08-08T20:26:42.378" durationms="65.379" />

<exclusive-start id="5304" timestamp="2019-08-08T20:26:42.430" intervalms="116.586">
  <response-info timems="33.258" idlems="16.633" threads="1" lastid="0000000000C62200" lastname="Thread-31" />
</exclusive-start>
<concurrent-collection-start id="5305" timestamp="2019-08-08T20:26:42.430" intervalms="1382.419" >
  <concurrent-trace-info reason="card cleaning threshold reached" tracedByMutators="11420448" tracedByHelpers="3009228" cardsCleaned="34" workStackOverflowCount="0" />
</concurrent-collection-start>
<gc-start id="5306" type="global" contextid="5290" timestamp="2019-08-08T20:26:42.431">
  <mem-info id="5307" free="243224552" total="326434816" percent="74">
    <mem type="nursery" free="241908888" total="300679168" percent="80">
      <mem type="allocate" free="241908888" total="270598144" percent="89" />
      <mem type="survivor" free="0" total="30081024" percent="0" />
    </mem>
    <mem type="tenure" free="1315664" total="25755648" percent="5">
      <mem type="soa" free="1058640" total="25498624" percent="4" />
      <mem type="loa" free="257024" total="257024" percent="100" />
    </mem>
    <remembered-set count="30778" />
  </mem-info>
</gc-start>
<allocation-stats totalBytes="24194120" >
  <allocated-bytes non-tlh="40" tlh="24194080" />
  <largest-consumer threadName="Thread-28" threadId="0000000000C8F100" bytes="4030376" />
</allocation-stats>
<gc-op id="5308" type="rs-scan" timems="2.459" contextid="5290" timestamp="2019-08-08T20:26:42.433">
  <scan objectsFound="7238" bytesTraced="563784" workStackOverflowCount="0" />
</gc-op>
<gc-op id="5309" type="card-cleaning" timems="1.717" contextid="5290" timestamp="2019-08-08T20:26:42.435">
  <card-cleaning cardsCleaned="150" bytesTraced="50896" workStackOverflowCount="0" />
</gc-op>
<gc-op id="5310" type="mark" timems="9.918" contextid="5290" timestamp="2019-08-08T20:26:42.445">
  <trace-info objectcount="100671" scancount="100470" scanbytes="4349364" />
  <finalization candidates="151" enqueued="0" />
  <ownableSynchronizers candidates="23" cleared="0" />
  <references type="soft" candidates="1855" cleared="0" enqueued="0" dynamicThreshold="1" maxThreshold="32" />
  <references type="weak" candidates="6101" cleared="0" enqueued="0" />
  <references type="phantom" candidates="272" cleared="0" enqueued="0" />
  <stringconstants candidates="14612" cleared="0"  />
</gc-op>
<gc-op id="5311" type="sweep" timems="2.925" contextid="5290" timestamp="2019-08-08T20:26:42.448" />
<mem-info id="5312" free="268770544" total="326434816" percent="82">
  <mem type="nursery" free="266673440" total="300679168" percent="88">
    <mem type="allocate" free="266673440" total="270598144" percent="98" />
    <mem type="survivor" free="0" total="30081024" percent="0" />
  </mem>
  <mem type="tenure" free="2097104" total="25755648" percent="8" micro-fragmented="0" macro-fragmented="602881">
    <mem type="soa" free="1840080" total="25498624" percent="7" />
    <mem type="loa" free="257024" total="257024" percent="100" />
  </mem>
  <remembered-set count="17588" />
</mem-info>
<gc-op id="5313" type="compact" timems="29.307" contextid="5290" timestamp="2019-08-08T20:26:42.477">
  <compact-info movecount="115811" movebytes="4956792" reason="compact to aid heap contraction" />
</gc-op>
<heap-resize id="5314" type="expand" space="tenure" amount="65536" count="1" timems="0.027" reason="satisfy allocation request" timestamp="2019-08-08T20:26:42.478" />
<gc-end id="5315" type="global" contextid="5290" durationms="48.731" usertimems="72.550" systemtimems="14.757" timestamp="2019-08-08T20:26:42.478" activeThreads="16">
  <mem-info id="5316" free="269080048" total="326500352" percent="82">
    <mem type="nursery" free="266917408" total="300679168" percent="88">
      <mem type="allocate" free="266917408" total="270598144" percent="98" />
      <mem type="survivor" free="0" total="30081024" percent="0" />
    </mem>
    <mem type="tenure" free="2162640" total="25821184" percent="8">
      <mem type="soa" free="1904592" total="25563136" percent="7" />
      <mem type="loa" free="258048" total="258048" percent="100" />
    </mem>
    <remembered-set count="17588" />
  </mem-info>
</gc-end>
<cycle-end id="5317" type="global" contextid="5290" timestamp="2019-08-08T20:26:42.478" />
  <attribute name="elasticGC enabled" value="1" />
  <attribute name= "numThreadsSpecified" value="16" />
  <attribute name="heapSize specified" value="326434816" />
  <attribute name="Current GC Util" value="123" />
  <attribute name= "Current Time Running" value="169896" />
  <attribute name ="GC Interval" value="2057" />
  <attribute name="Target GC Util Change" value ="80.000000" />
  <attribute name="Current GC Util Change" value="123.000000"/>
  <attribute name="Current Error" value="-130.000000" />
  <attribute name="Output H" value="326472584"/>
  <attribute name="Output I" value="1928"/>
  <attribute name="Output T" value="16"/>
  <attribute name= "Current Time Running" value="169896" />
  <attribute name="GC Util currently" value="123" />
  <attribute name="CPU Util currently" value="39290897006" />
<concurrent-collection-end id="5318" timestamp="2019-08-08T20:26:42.478" />
<exclusive-end id="5319" timestamp="2019-08-08T20:26:42.478" durationms="48.995" />

<exclusive-start id="5320" timestamp="2019-08-08T20:26:42.651" intervalms="221.820">
  <response-info timems="5.307" idlems="5.307" threads="0" lastid="0000000000C74E00" lastname="Thread-35" />
</exclusive-start>
<af-start id="5321" threadId="0000000000C75788" totalBytesRequested="24" timestamp="2019-08-08T20:26:42.651" intervalms="338.458" type="nursery" />
<cycle-start id="5322" type="scavenge" contextid="0" timestamp="2019-08-08T20:26:42.652" intervalms="338.454" />
<gc-start id="5323" type="scavenge" contextid="5322" timestamp="2019-08-08T20:26:42.652">
  <mem-info id="5324" free="2162640" total="326500352" percent="0">
    <mem type="nursery" free="0" total="300679168" percent="0">
      <mem type="allocate" free="0" total="270598144" percent="0" />
      <mem type="survivor" free="0" total="30081024" percent="0" />
    </mem>
    <mem type="tenure" free="2162640" total="25821184" percent="8">
      <mem type="soa" free="1904592" total="25563136" percent="7" />
      <mem type="loa" free="258048" total="258048" percent="100" />
    </mem>
    <remembered-set count="19901" />
  </mem-info>
</gc-start>
<allocation-stats totalBytes="266885912" >
  <allocated-bytes non-tlh="0" tlh="266885912" />
  <largest-consumer threadName="Thread-36" threadId="0000000000C5AB00" bytes="29586064" />
</allocation-stats>
<gc-op id="5325" type="scavenge" timems="6.555" contextid="5322" timestamp="2019-08-08T20:26:42.658">
  <scavenger-info tenureage="14" tenuremask="4000" tiltratio="89" />
  <memory-copied type="nursery" objects="120699" bytes="4827216" bytesdiscarded="300888" />
  <memory-copied type="tenure" objects="2" bytes="1040" bytesdiscarded="0" />
  <ownableSynchronizers candidates="46" cleared="46" />
</gc-op>
<gc-end id="5326" type="scavenge" contextid="5322" durationms="6.810" usertimems="25.738" systemtimems="11.164" timestamp="2019-08-08T20:26:42.658" activeThreads="16">
  <mem-info id="5327" free="267570472" total="326500352" percent="81">
    <mem type="nursery" free="265470040" total="300679168" percent="88">
      <mem type="allocate" free="265470040" total="270598144" percent="98" />
      <mem type="survivor" free="0" total="30081024" percent="0" />
    </mem>
    <mem type="tenure" free="2100432" total="25821184" percent="8" macro-fragmented="1250136">
      <mem type="soa" free="1842384" total="25563136" percent="7" />
      <mem type="loa" free="258048" total="258048" percent="100" />
    </mem>
    <remembered-set count="19896" />
  </mem-info>
</gc-end>
<cycle-end id="5328" type="scavenge" contextid="5322" timestamp="2019-08-08T20:26:42.659" />
  <attribute name="elasticGC enabled" value="1" />
  <attribute name= "numThreadsSpecified" value="16" />
  <attribute name="heapSize specified" value="326434816" />
  <attribute name="Current GC Util" value="15" />
  <attribute name= "Current Time Running" value="170071" />
  <attribute name ="GC Interval" value="1969" />
  <attribute name="Target GC Util Change" value ="80.000000" />
  <attribute name="Current GC Util Change" value="15.000000"/>
  <attribute name="Current Error" value="-65.000000" />
  <attribute name="Output H" value="326538160"/>
  <attribute name="Output I" value="1968"/>
  <attribute name="Output T" value="16"/>
  <attribute name= "Current Time Running" value="170071" />
  <attribute name="GC Util currently" value="15" />
  <attribute name="CPU Util currently" value="6617001646" />
<allocation-satisfied id="5329" threadId="0000000000C74E00" bytesRequested="24" />
<af-end id="5330" timestamp="2019-08-08T20:26:42.659" threadId="0000000000C75788" success="true" from="nursery"/>
<exclusive-end id="5331" timestamp="2019-08-08T20:26:42.659" durationms="7.504" />

<exclusive-start id="5332" timestamp="2019-08-08T20:26:42.886" intervalms="234.861">
  <response-info timems="5.898" idlems="5.898" threads="0" lastid="0000000000C44300" lastname="Thread-21" />
</exclusive-start>
<af-start id="5333" threadId="0000000000C44C88" totalBytesRequested="40" timestamp="2019-08-08T20:26:42.886" intervalms="234.761" type="nursery" />
<cycle-start id="5334" type="scavenge" contextid="0" timestamp="2019-08-08T20:26:42.886" intervalms="234.761" />
<gc-start id="5335" type="scavenge" contextid="5334" timestamp="2019-08-08T20:26:42.886">
  <mem-info id="5336" free="2100432" total="326500352" percent="0">
    <mem type="nursery" free="0" total="300679168" percent="0">
      <mem type="allocate" free="0" total="270598144" percent="0" />
      <mem type="survivor" free="0" total="30081024" percent="0" />
    </mem>
    <mem type="tenure" free="2100432" total="25821184" percent="8">
      <mem type="soa" free="1842384" total="25563136" percent="7" />
      <mem type="loa" free="258048" total="258048" percent="100" />
    </mem>
    <remembered-set count="20980" />
  </mem-info>
</gc-start>
<allocation-stats totalBytes="265450880" >
  <allocated-bytes non-tlh="24" tlh="265450856" />
  <largest-consumer threadName="Thread-27" threadId="0000000000C96900" bytes="33912264" />
</allocation-stats>
<gc-op id="5337" type="scavenge" timems="18.739" contextid="5334" timestamp="2019-08-08T20:26:42.905">
  <scavenger-info tenureage="14" tenuremask="4000" tiltratio="89" />
  <memory-copied type="nursery" objects="132261" bytes="5241824" bytesdiscarded="403840" />
</gc-op>
<gc-end id="5338" type="scavenge" contextid="5334" durationms="18.975" usertimems="26.614" systemtimems="10.550" timestamp="2019-08-08T20:26:42.905" activeThreads="16">
  <mem-info id="5339" free="267052912" total="326500352" percent="81">
    <mem type="nursery" free="264952480" total="300679168" percent="88">
      <mem type="allocate" free="264952480" total="270598144" percent="97" />
      <mem type="survivor" free="0" total="30081024" percent="0" />
    </mem>
    <mem type="tenure" free="2100432" total="25821184" percent="8" macro-fragmented="1500163">
      <mem type="soa" free="1842384" total="25563136" percent="7" />
      <mem type="loa" free="258048" total="258048" percent="100" />
    </mem>
    <remembered-set count="20976" />
  </mem-info>
</gc-end>
<cycle-end id="5340" type="scavenge" contextid="5334" timestamp="2019-08-08T20:26:42.905" />
  <attribute name="elasticGC enabled" value="1" />
  <attribute name= "numThreadsSpecified" value="16" />
  <attribute name="heapSize specified" value="326434816" />
  <attribute name="Current GC Util" value="15" />
  <attribute name= "Current Time Running" value="170306" />
  <attribute name ="GC Interval" value="2001" />
  <attribute name="Target GC Util Change" value ="80.000000" />
  <attribute name="Current GC Util Change" value="15.000000"/>
  <attribute name="Current Error" value="0.000000" />
  <attribute name="Output H" value="326538192"/>
  <attribute name="Output I" value="2000"/>
  <attribute name="Output T" value="16"/>
  <attribute name= "Current Time Running" value="170306" />
  <attribute name="GC Util currently" value="15" />
  <attribute name="CPU Util currently" value="4910593518" />
<allocation-satisfied id="5341" threadId="0000000000C44300" bytesRequested="40" />
<af-end id="5342" timestamp="2019-08-08T20:26:42.905" threadId="0000000000C44C88" success="true" from="nursery"/>
<exclusive-end id="5343" timestamp="2019-08-08T20:26:42.905" durationms="19.244" />

<exclusive-start id="5344" timestamp="2019-08-08T20:26:43.177" intervalms="290.920">
  <response-info timems="1.970" idlems="1.970" threads="0" lastid="0000000000C71200" lastname="Thread-30" />
</exclusive-start>
<af-start id="5345" threadId="0000000000C71B88" totalBytesRequested="40" timestamp="2019-08-08T20:26:43.177" intervalms="290.909" type="nursery" />
<cycle-start id="5346" type="scavenge" contextid="0" timestamp="2019-08-08T20:26:43.177" intervalms="290.951" />
<gc-start id="5347" type="scavenge" contextid="5346" timestamp="2019-08-08T20:26:43.177">
  <mem-info id="5348" free="2100432" total="326500352" percent="0">
    <mem type="nursery" free="0" total="300679168" percent="0">
      <mem type="allocate" free="0" total="270598144" percent="0" />
      <mem type="survivor" free="0" total="30081024" percent="0" />
    </mem>
    <mem type="tenure" free="2100432" total="25821184" percent="8">
      <mem type="soa" free="1842384" total="25563136" percent="7" />
      <mem type="loa" free="258048" total="258048" percent="100" />
    </mem>
    <remembered-set count="21946" />
  </mem-info>
</gc-start>
<allocation-stats totalBytes="264895208" >
  <allocated-bytes non-tlh="40" tlh="264895168" />
  <largest-consumer threadName="Thread-27" threadId="0000000000C96900" bytes="25445744" />
</allocation-stats>
<gc-op id="5349" type="scavenge" timems="6.588" contextid="5346" timestamp="2019-08-08T20:26:43.184">
  <scavenger-info tenureage="14" tenuremask="4000" tiltratio="89" />
  <memory-copied type="nursery" objects="134494" bytes="5432816" bytesdiscarded="403648" />
</gc-op>
<gc-end id="5350" type="scavenge" contextid="5346" durationms="7.053" usertimems="29.995" systemtimems="4.760" timestamp="2019-08-08T20:26:43.184" activeThreads="16">
  <mem-info id="5351" free="266862112" total="326500352" percent="81">
    <mem type="nursery" free="264761680" total="300679168" percent="88">
      <mem type="allocate" free="264761680" total="270598144" percent="97" />
      <mem type="survivor" free="0" total="30081024" percent="0" />
    </mem>
    <mem type="tenure" free="2100432" total="25821184" percent="8" macro-fragmented="10920">
      <mem type="soa" free="1842384" total="25563136" percent="7" />
      <mem type="loa" free="258048" total="258048" percent="100" />
    </mem>
    <remembered-set count="21944" />
  </mem-info>
</gc-end>
<cycle-end id="5352" type="scavenge" contextid="5346" timestamp="2019-08-08T20:26:43.184" />
  <attribute name="elasticGC enabled" value="1" />
  <attribute name= "numThreadsSpecified" value="16" />
  <attribute name="heapSize specified" value="326434816" />
  <attribute name="Current GC Util" value="12" />
  <attribute name= "Current Time Running" value="170596" />
  <attribute name ="GC Interval" value="2041" />
  <attribute name="Target GC Util Change" value ="80.000000" />
  <attribute name="Current GC Util Change" value="12.000000"/>
  <attribute name="Current Error" value="68.000000" />
  <attribute name="Output H" value="326538232"/>
  <attribute name="Output I" value="2040"/>
  <attribute name="Output T" value="16"/>
  <attribute name= "Current Time Running" value="170596" />
  <attribute name="GC Util currently" value="12" />
  <attribute name="CPU Util currently" value="3962166465" />
<allocation-satisfied id="5353" threadId="0000000000C71200" bytesRequested="40" />
<af-end id="5354" timestamp="2019-08-08T20:26:43.185" threadId="0000000000C71B88" success="true" from="nursery"/>
<exclusive-end id="5355" timestamp="2019-08-08T20:26:43.185" durationms="7.436" />

<exclusive-start id="5356" timestamp="2019-08-08T20:26:43.475" intervalms="297.484">
  <response-info timems="6.816" idlems="3.818" threads="1" lastid="0000000000C47F00" lastname="Thread-23" />
</exclusive-start>
<af-start id="5357" threadId="0000000000C97288" totalBytesRequested="40" timestamp="2019-08-08T20:26:43.475" intervalms="297.538" type="nursery" />
<cycle-start id="5358" type="scavenge" contextid="0" timestamp="2019-08-08T20:26:43.475" intervalms="297.499" />
<gc-start id="5359" type="scavenge" contextid="5358" timestamp="2019-08-08T20:26:43.475">
  <mem-info id="5360" free="2100432" total="326500352" percent="0">
    <mem type="nursery" free="0" total="300679168" percent="0">
      <mem type="allocate" free="0" total="270598144" percent="0" />
      <mem type="survivor" free="0" total="30081024" percent="0" />
    </mem>
    <mem type="tenure" free="2100432" total="25821184" percent="8">
      <mem type="soa" free="1842384" total="25563136" percent="7" />
      <mem type="loa" free="258048" total="258048" percent="100" />
    </mem>
    <remembered-set count="21944" />
  </mem-info>
</gc-start>
<allocation-stats totalBytes="264754128" >
  <allocated-bytes non-tlh="40" tlh="264754088" />
  <largest-consumer threadName="Thread-21" threadId="0000000000C44300" bytes="29064304" />
</allocation-stats>
<gc-op id="5361" type="scavenge" timems="10.244" contextid="5358" timestamp="2019-08-08T20:26:43.485">
  <scavenger-info tenureage="4" tenuremask="4010" tiltratio="89" />
  <memory-copied type="nursery" objects="115449" bytes="4425928" bytesdiscarded="788528" />
  <memory-copied type="tenure" objects="24916" bytes="1147488" bytesdiscarded="64" />
</gc-op>
<gc-end id="5362" type="scavenge" contextid="5358" durationms="10.473" usertimems="43.028" systemtimems="0.000" timestamp="2019-08-08T20:26:43.485" activeThreads="16">
  <mem-info id="5363" free="265641736" total="326500352" percent="81">
    <mem type="nursery" free="265383688" total="300679168" percent="88">
      <mem type="allocate" free="265383688" total="270598144" percent="98" />
      <mem type="survivor" free="0" total="30081024" percent="0" />
    </mem>
    <mem type="tenure" free="258048" total="25821184" percent="0" macro-fragmented="201903">
      <mem type="soa" free="0" total="25563136" percent="0" />
      <mem type="loa" free="258048" total="258048" percent="100" />
    </mem>
    <remembered-set count="31936" />
  </mem-info>
</gc-end>
<cycle-end id="5364" type="scavenge" contextid="5358" timestamp="2019-08-08T20:26:43.485" />
  <attribute name="elasticGC enabled" value="1" />
  <attribute name= "numThreadsSpecified" value="16" />
  <attribute name="heapSize specified" value="326434816" />
  <attribute name="Current GC Util" value="9" />
  <attribute name= "Current Time Running" value="170894" />
  <attribute name ="GC Interval" value="2041" />
  <attribute name="Target GC Util Change" value ="80.000000" />
  <attribute name="Current GC Util Change" value="9.000000"/>
  <attribute name="Current Error" value="71.000000" />
  <attribute name="Output H" value="326538232"/>
  <attribute name="Output I" value="2040"/>
  <attribute name="Output T" value="16"/>
  <attribute name= "Current Time Running" value="170894" />
  <attribute name="GC Util currently" value="9" />
  <attribute name="CPU Util currently" value="3875107331" />
<allocation-satisfied id="5365" threadId="0000000000C96900" bytesRequested="40" />
<af-end id="5366" timestamp="2019-08-08T20:26:43.485" threadId="0000000000C97288" success="true" from="nursery"/>
<exclusive-end id="5367" timestamp="2019-08-08T20:26:43.485" durationms="10.834" />

<concurrent-kickoff id="5368" timestamp="2019-08-08T20:26:43.739">
  <kickoff reason="threshold reached" targetBytes="16172715" thresholdFreeBytes="2259048"  remainingFree="2191072" tenureFreeBytes="258048" nurseryFreeBytes="2191072" />
</concurrent-kickoff>
<exclusive-start id="5369" timestamp="2019-08-08T20:26:43.741" intervalms="266.822">
  <response-info timems="2.240" idlems="2.240" threads="0" lastid="0000000000C8F100" lastname="Thread-28" />
</exclusive-start>
<cycle-start id="5370" type="global" contextid="0" timestamp="2019-08-08T20:26:43.741" intervalms="1483.522" />
<exclusive-end id="5371" timestamp="2019-08-08T20:26:43.741" durationms="0.046" />

<exclusive-start id="5372" timestamp="2019-08-08T20:26:43.748" intervalms="6.834">
  <response-info timems="4.704" idlems="2.369" threads="1" lastid="0000000000C9A500" lastname="Thread-32" />
</exclusive-start>
<af-start id="5373" threadId="0000000000C53C88" totalBytesRequested="40" timestamp="2019-08-08T20:26:43.748" intervalms="273.602" type="nursery" />
<cycle-start id="5374" type="scavenge" contextid="0" timestamp="2019-08-08T20:26:43.748" intervalms="273.592" />
<gc-start id="5375" type="scavenge" contextid="5374" timestamp="2019-08-08T20:26:43.748">
  <mem-info id="5376" free="258048" total="326500352" percent="0">
    <mem type="nursery" free="0" total="300679168" percent="0">
      <mem type="allocate" free="0" total="270598144" percent="0" />
      <mem type="survivor" free="0" total="30081024" percent="0" />
    </mem>
    <mem type="tenure" free="258048" total="25821184" percent="0">
      <mem type="soa" free="0" total="25563136" percent="0" />
      <mem type="loa" free="258048" total="258048" percent="100" />
    </mem>
    <remembered-set count="34778" />
  </mem-info>
</gc-start>
<allocation-stats totalBytes="265349560" >
  <allocated-bytes non-tlh="40" tlh="265349520" />
  <largest-consumer threadName="Thread-24" threadId="0000000000C7C600" bytes="28798952" />
</allocation-stats>
<gc-op id="5377" type="scavenge" timems="5.196" contextid="5374" timestamp="2019-08-08T20:26:43.754">
  <scavenger-info tenureage="14" tenuremask="4000" tiltratio="89" />
  <memory-copied type="nursery" objects="141750" bytes="5330712" bytesdiscarded="550344" />
</gc-op>
<gc-end id="5378" type="scavenge" contextid="5374" durationms="5.633" usertimems="26.558" systemtimems="1.158" timestamp="2019-08-08T20:26:43.754" activeThreads="16">
  <mem-info id="5379" free="264975136" total="326500352" percent="81">
    <mem type="nursery" free="264717088" total="300679168" percent="88">
      <mem type="allocate" free="264717088" total="270598144" percent="97" />
      <mem type="survivor" free="0" total="30081024" percent="0" />
    </mem>
    <mem type="tenure" free="258048" total="25821184" percent="0" macro-fragmented="168253">
      <mem type="soa" free="0" total="25563136" percent="0" />
      <mem type="loa" free="258048" total="258048" percent="100" />
    </mem>
    <remembered-set count="34776" />
  </mem-info>
</gc-end>
<cycle-end id="5380" type="scavenge" contextid="5374" timestamp="2019-08-08T20:26:43.754" />
  <attribute name="elasticGC enabled" value="1" />
  <attribute name= "numThreadsSpecified" value="16" />
  <attribute name="heapSize specified" value="326434816" />
  <attribute name="Current GC Util" value="13" />
  <attribute name= "Current Time Running" value="171168" />
  <attribute name ="GC Interval" value="2081" />
  <attribute name="Target GC Util Change" value ="80.000000" />
  <attribute name="Current GC Util Change" value="13.000000"/>
  <attribute name="Current Error" value="138.000000" />
  <attribute name="Output H" value="326538272"/>
  <attribute name="Output I" value="2080"/>
  <attribute name="Output T" value="16"/>
  <attribute name= "Current Time Running" value="171168" />
  <attribute name="GC Util currently" value="13" />
  <attribute name="CPU Util currently" value="4215002001" />
<allocation-satisfied id="5381" threadId="0000000000C53300" bytesRequested="40" />
<af-end id="5382" timestamp="2019-08-08T20:26:43.754" threadId="0000000000C53C88" success="true" from="nursery"/>
<exclusive-end id="5383" timestamp="2019-08-08T20:26:43.754" durationms="6.197" />

<exclusive-start id="5384" timestamp="2019-08-08T20:26:43.777" intervalms="28.909">
  <response-info timems="1.074" idlems="1.074" threads="0" lastid="0000000000C53300" lastname="Thread-33" />
</exclusive-start>
<concurrent-collection-start id="5385" timestamp="2019-08-08T20:26:43.777" intervalms="1347.589" >
  <concurrent-trace-info reason="card cleaning threshold reached" tracedByMutators="12058628" tracedByHelpers="873076" cardsCleaned="11" workStackOverflowCount="0" />
</concurrent-collection-start>
<gc-start id="5386" type="global" contextid="5370" timestamp="2019-08-08T20:26:43.777">
  <mem-info id="5387" free="254444280" total="326500352" percent="77">
    <mem type="nursery" free="254186232" total="300679168" percent="84">
      <mem type="allocate" free="254186232" total="270598144" percent="93" />
      <mem type="survivor" free="0" total="30081024" percent="0" />
    </mem>
    <mem type="tenure" free="258048" total="25821184" percent="0">
      <mem type="soa" free="0" total="25563136" percent="0" />
      <mem type="loa" free="258048" total="258048" percent="100" />
    </mem>
    <remembered-set count="34831" />
  </mem-info>
</gc-start>
<allocation-stats totalBytes="10530400" >
  <allocated-bytes non-tlh="40" tlh="10530360" />
  <largest-consumer threadName="Thread-29" threadId="0000000000C80200" bytes="1540032" />
</allocation-stats>
<gc-op id="5388" type="rs-scan" timems="10.066" contextid="5370" timestamp="2019-08-08T20:26:43.787">
  <scan objectsFound="8010" bytesTraced="622888" workStackOverflowCount="0" />
</gc-op>
<gc-op id="5389" type="card-cleaning" timems="1.573" contextid="5370" timestamp="2019-08-08T20:26:43.789">
  <card-cleaning cardsCleaned="36" bytesTraced="24520" workStackOverflowCount="0" />
</gc-op>
<gc-op id="5390" type="mark" timems="8.053" contextid="5370" timestamp="2019-08-08T20:26:43.797">
  <trace-info objectcount="162241" scancount="149161" scanbytes="5893440" />
  <finalization candidates="151" enqueued="0" />
  <ownableSynchronizers candidates="23" cleared="0" />
  <references type="soft" candidates="1855" cleared="0" enqueued="0" dynamicThreshold="2" maxThreshold="32" />
  <references type="weak" candidates="6101" cleared="0" enqueued="0" />
  <references type="phantom" candidates="272" cleared="0" enqueued="0" />
  <stringconstants candidates="14612" cleared="0"  />
</gc-op>
<gc-op id="5391" type="sweep" timems="3.328" contextid="5370" timestamp="2019-08-08T20:26:43.801" />
<mem-info id="5392" free="268920872" total="326500352" percent="82">
  <mem type="nursery" free="265967152" total="300679168" percent="88">
    <mem type="allocate" free="265967152" total="270598144" percent="98" />
    <mem type="survivor" free="0" total="30081024" percent="0" />
  </mem>
  <mem type="tenure" free="2953720" total="25821184" percent="11" micro-fragmented="0" macro-fragmented="2539">
    <mem type="soa" free="2695672" total="25563136" percent="10" />
    <mem type="loa" free="258048" total="258048" percent="100" />
  </mem>
  <remembered-set count="8258" />
</mem-info>
<gc-op id="5393" type="compact" timems="39.993" contextid="5370" timestamp="2019-08-08T20:26:43.841">
  <compact-info movecount="124752" movebytes="6343048" reason="compact to aid heap contraction" />
</gc-op>
<heap-resize id="5394" type="expand" space="tenure" amount="65536" count="1" timems="0.023" reason="satisfy allocation request" timestamp="2019-08-08T20:26:43.842" />
<gc-end id="5395" type="global" contextid="5370" durationms="64.324" usertimems="160.237" systemtimems="0.229" timestamp="2019-08-08T20:26:43.842" activeThreads="16">
  <mem-info id="5396" free="269078552" total="326565888" percent="82">
    <mem type="nursery" free="266059296" total="300679168" percent="88">
      <mem type="allocate" free="266059296" total="270598144" percent="98" />
      <mem type="survivor" free="0" total="30081024" percent="0" />
    </mem>
    <mem type="tenure" free="3019256" total="25886720" percent="11">
      <mem type="soa" free="2761208" total="25628672" percent="10" />
      <mem type="loa" free="258048" total="258048" percent="100" />
    </mem>
    <remembered-set count="8258" />
  </mem-info>
</gc-end>
<cycle-end id="5397" type="global" contextid="5370" timestamp="2019-08-08T20:26:43.842" />
  <attribute name="elasticGC enabled" value="1" />
  <attribute name= "numThreadsSpecified" value="16" />
  <attribute name="heapSize specified" value="326500352" />
  <attribute name="Current GC Util" value="98" />
  <attribute name= "Current Time Running" value="171260" />
  <attribute name ="GC Interval" value="2081" />
  <attribute name="Target GC Util Change" value ="80.000000" />
  <attribute name="Current GC Util Change" value="98.000000"/>
  <attribute name="Current Error" value="-281.000000" />
  <attribute name="Output H" value="326538032"/>
  <attribute name="Output I" value="1840"/>
  <attribute name="Output T" value="16"/>
  <attribute name= "Current Time Running" value="171260" />
  <attribute name="GC Util currently" value="98" />
  <attribute name="CPU Util currently" value="28840104863" />
<concurrent-collection-end id="5398" timestamp="2019-08-08T20:26:43.842" />
<exclusive-end id="5399" timestamp="2019-08-08T20:26:43.842" durationms="64.519" />

<exclusive-start id="5400" timestamp="2019-08-08T20:26:44.192" intervalms="414.846">
  <response-info timems="0.490" idlems="0.301" threads="1" lastid="0000000000C74E00" lastname="Thread-35" />
</exclusive-start>
<af-start id="5401" threadId="0000000000C50088" totalBytesRequested="40" timestamp="2019-08-08T20:26:44.192" intervalms="443.792" type="nursery" />
<cycle-start id="5402" type="scavenge" contextid="0" timestamp="2019-08-08T20:26:44.192" intervalms="443.836" />
<gc-start id="5403" type="scavenge" contextid="5402" timestamp="2019-08-08T20:26:44.192">
  <mem-info id="5404" free="3019256" total="326565888" percent="0">
    <mem type="nursery" free="0" total="300679168" percent="0">
      <mem type="allocate" free="0" total="270598144" percent="0" />
      <mem type="survivor" free="0" total="30081024" percent="0" />
    </mem>
    <mem type="tenure" free="3019256" total="25886720" percent="11">
      <mem type="soa" free="2761208" total="25628672" percent="10" />
      <mem type="loa" free="258048" total="258048" percent="100" />
    </mem>
    <remembered-set count="9201" />
  </mem-info>
</gc-start>
<allocation-stats totalBytes="266042848" >
  <allocated-bytes non-tlh="0" tlh="266042848" />
  <largest-consumer threadName="Thread-28" threadId="0000000000C8F100" bytes="27683144" />
</allocation-stats>
<gc-op id="5405" type="scavenge" timems="10.894" contextid="5402" timestamp="2019-08-08T20:26:44.203">
  <scavenger-info tenureage="3" tenuremask="4008" tiltratio="89" />
  <memory-copied type="nursery" objects="110882" bytes="4314256" bytesdiscarded="196184" />
  <memory-copied type="tenure" objects="24403" bytes="1135176" bytesdiscarded="144" />
  <ownableSynchronizers candidates="46" cleared="46" />
</gc-op>
<gc-end id="5406" type="scavenge" contextid="5402" durationms="11.419" usertimems="24.686" systemtimems="3.802" timestamp="2019-08-08T20:26:44.204" activeThreads="16">
  <mem-info id="5407" free="267677088" total="326565888" percent="81">
    <mem type="nursery" free="266087704" total="300679168" percent="88">
      <mem type="allocate" free="266087704" total="270598144" percent="98" />
      <mem type="survivor" free="0" total="30081024" percent="0" />
    </mem>
    <mem type="tenure" free="1589384" total="25886720" percent="6" macro-fragmented="868149">
      <mem type="soa" free="1331336" total="25628672" percent="5" />
      <mem type="loa" free="258048" total="258048" percent="100" />
    </mem>
    <remembered-set count="21558" />
  </mem-info>
</gc-end>
<cycle-end id="5408" type="scavenge" contextid="5402" timestamp="2019-08-08T20:26:44.204" />
  <attribute name="elasticGC enabled" value="1" />
  <attribute name= "numThreadsSpecified" value="16" />
  <attribute name="heapSize specified" value="326500352" />
  <attribute name="Current GC Util" value="8" />
  <attribute name= "Current Time Running" value="171611" />
  <attribute name ="GC Interval" value="1881" />
  <attribute name="Target GC Util Change" value ="80.000000" />
  <attribute name="Current GC Util Change" value="8.000000"/>
  <attribute name="Current Error" value="-209.000000" />
  <attribute name="Output H" value="326603608"/>
  <attribute name="Output I" value="1880"/>
  <attribute name="Output T" value="16"/>
  <attribute name= "Current Time Running" value="171611" />
  <attribute name="GC Util currently" value="8" />
  <attribute name="CPU Util currently" value="3279001904" />
<allocation-satisfied id="5409" threadId="0000000000C4F700" bytesRequested="40" />
<af-end id="5410" timestamp="2019-08-08T20:26:44.204" threadId="0000000000C50088" success="true" from="nursery"/>
<exclusive-end id="5411" timestamp="2019-08-08T20:26:44.204" durationms="12.450" />

<exclusive-start id="5412" timestamp="2019-08-08T20:26:44.469" intervalms="276.743">
  <response-info timems="5.968" idlems="5.968" threads="0" lastid="0000000000C62200" lastname="Thread-31" />
</exclusive-start>
<af-start id="5413" threadId="0000000000C62B88" totalBytesRequested="40" timestamp="2019-08-08T20:26:44.469" intervalms="276.857" type="nursery" />
<cycle-start id="5414" type="scavenge" contextid="0" timestamp="2019-08-08T20:26:44.469" intervalms="276.903" />
<gc-start id="5415" type="scavenge" contextid="5414" timestamp="2019-08-08T20:26:44.469">
  <mem-info id="5416" free="1589384" total="326565888" percent="0">
    <mem type="nursery" free="0" total="300679168" percent="0">
      <mem type="allocate" free="0" total="270598144" percent="0" />
      <mem type="survivor" free="0" total="30081024" percent="0" />
    </mem>
    <mem type="tenure" free="1589384" total="25886720" percent="6">
      <mem type="soa" free="1331336" total="25628672" percent="5" />
      <mem type="loa" free="258048" total="258048" percent="100" />
    </mem>
    <remembered-set count="23703" />
  </mem-info>
</gc-start>
<allocation-stats totalBytes="266082112" >
  <allocated-bytes non-tlh="40" tlh="266082072" />
  <largest-consumer threadName="Thread-25" threadId="0000000000C8B500" bytes="25525640" />
</allocation-stats>
<gc-op id="5417" type="scavenge" timems="12.682" contextid="5414" timestamp="2019-08-08T20:26:44.482">
  <scavenger-info tenureage="14" tenuremask="4000" tiltratio="89" />
  <memory-copied type="nursery" objects="141360" bytes="5459680" bytesdiscarded="594296" />
</gc-op>
<gc-end id="5418" type="scavenge" contextid="5414" durationms="13.384" usertimems="28.088" systemtimems="11.663" timestamp="2019-08-08T20:26:44.483" activeThreads="16">
  <mem-info id="5419" free="266133552" total="326565888" percent="81">
    <mem type="nursery" free="264544168" total="300679168" percent="87">
      <mem type="allocate" free="264544168" total="270598144" percent="97" />
      <mem type="survivor" free="0" total="30081024" percent="0" />
    </mem>
    <mem type="tenure" free="1589384" total="25886720" percent="6" macro-fragmented="602881">
      <mem type="soa" free="1331336" total="25628672" percent="5" />
      <mem type="loa" free="258048" total="258048" percent="100" />
    </mem>
    <remembered-set count="23701" />
  </mem-info>
</gc-end>
<cycle-end id="5420" type="scavenge" contextid="5414" timestamp="2019-08-08T20:26:44.483" />
  <attribute name="elasticGC enabled" value="1" />
  <attribute name= "numThreadsSpecified" value="16" />
  <attribute name="heapSize specified" value="326500352" />
  <attribute name="Current GC Util" value="10" />
  <attribute name= "Current Time Running" value="171888" />
  <attribute name ="GC Interval" value="1921" />
  <attribute name="Target GC Util Change" value ="80.000000" />
  <attribute name="Current GC Util Change" value="10.000000"/>
  <attribute name="Current Error" value="-139.000000" />
  <attribute name="Output H" value="326603648"/>
  <attribute name="Output I" value="1920"/>
  <attribute name="Output T" value="16"/>
  <attribute name= "Current Time Running" value="171888" />
  <attribute name="GC Util currently" value="10" />
  <attribute name="CPU Util currently" value="4164684875" />
<allocation-satisfied id="5421" threadId="0000000000C62200" bytesRequested="40" />
<af-end id="5422" timestamp="2019-08-08T20:26:44.483" threadId="0000000000C62B88" success="true" from="nursery"/>
<exclusive-end id="5423" timestamp="2019-08-08T20:26:44.483" durationms="14.402" />

<exclusive-start id="5424" timestamp="2019-08-08T20:26:44.793" intervalms="324.383">
  <response-info timems="1.672" idlems="1.401" threads="7" lastid="0000000000C96900" lastname="Thread-27" />
</exclusive-start>
<af-start id="5425" threadId="0000000000C8BE88" totalBytesRequested="40" timestamp="2019-08-08T20:26:44.793" intervalms="324.220" type="nursery" />
<cycle-start id="5426" type="scavenge" contextid="0" timestamp="2019-08-08T20:26:44.793" intervalms="324.137" />
<gc-start id="5427" type="scavenge" contextid="5426" timestamp="2019-08-08T20:26:44.793">
  <mem-info id="5428" free="1589384" total="326565888" percent="0">
    <mem type="nursery" free="0" total="300679168" percent="0">
      <mem type="allocate" free="0" total="270598144" percent="0" />
      <mem type="survivor" free="0" total="30081024" percent="0" />
    </mem>
    <mem type="tenure" free="1589384" total="25886720" percent="6">
      <mem type="soa" free="1331336" total="25628672" percent="5" />
      <mem type="loa" free="258048" total="258048" percent="100" />
    </mem>
    <remembered-set count="24327" />
  </mem-info>
</gc-start>
<allocation-stats totalBytes="264538936" >
  <allocated-bytes non-tlh="40" tlh="264538896" />
  <largest-consumer threadName="Thread-27" threadId="0000000000C96900" bytes="24608272" />
</allocation-stats>
<gc-op id="5429" type="scavenge" timems="14.584" contextid="5426" timestamp="2019-08-08T20:26:44.808">
  <scavenger-info tenureage="14" tenuremask="4000" tiltratio="89" />
  <memory-copied type="nursery" objects="143395" bytes="5646488" bytesdiscarded="696256" />
</gc-op>
<gc-end id="5430" type="scavenge" contextid="5426" durationms="15.038" usertimems="53.567" systemtimems="19.753" timestamp="2019-08-08T20:26:44.808" activeThreads="16">
  <mem-info id="5431" free="265844784" total="326565888" percent="81">
    <mem type="nursery" free="264255400" total="300679168" percent="87">
      <mem type="allocate" free="264255400" total="270598144" percent="97" />
      <mem type="survivor" free="0" total="30081024" percent="0" />
    </mem>
    <mem type="tenure" free="1589384" total="25886720" percent="6" macro-fragmented="723458">
      <mem type="soa" free="1331336" total="25628672" percent="5" />
      <mem type="loa" free="258048" total="258048" percent="100" />
    </mem>
    <remembered-set count="24324" />
  </mem-info>
</gc-end>
<cycle-end id="5432" type="scavenge" contextid="5426" timestamp="2019-08-08T20:26:44.808" />
  <attribute name="elasticGC enabled" value="1" />
  <attribute name= "numThreadsSpecified" value="16" />
  <attribute name="heapSize specified" value="326500352" />
  <attribute name="Current GC Util" value="11" />
  <attribute name= "Current Time Running" value="172212" />
  <attribute name ="GC Interval" value="1961" />
  <attribute name="Target GC Util Change" value ="80.000000" />
  <attribute name="Current GC Util Change" value="11.000000"/>
  <attribute name="Current Error" value="-70.000000" />
  <attribute name="Output H" value="326603688"/>
  <attribute name="Output I" value="1960"/>
  <attribute name="Output T" value="16"/>
  <attribute name= "Current Time Running" value="172212" />
  <attribute name="GC Util currently" value="11" />
  <attribute name="CPU Util currently" value="3557247994" />
<allocation-satisfied id="5433" threadId="0000000000C8B500" bytesRequested="40" />
<af-end id="5434" timestamp="2019-08-08T20:26:44.808" threadId="0000000000C8BE88" success="true" from="nursery"/>
<exclusive-end id="5435" timestamp="2019-08-08T20:26:44.809" durationms="15.451" />

<exclusive-start id="5436" timestamp="2019-08-08T20:26:45.090" intervalms="296.476">
  <response-info timems="0.623" idlems="0.326" threads="1" lastid="0000000000C74E00" lastname="Thread-35" />
</exclusive-start>
<af-start id="5437" threadId="0000000000C8BE88" totalBytesRequested="40" timestamp="2019-08-08T20:26:45.090" intervalms="296.508" type="nursery" />
<cycle-start id="5438" type="scavenge" contextid="0" timestamp="2019-08-08T20:26:45.090" intervalms="296.511" />
<gc-start id="5439" type="scavenge" contextid="5438" timestamp="2019-08-08T20:26:45.090">
  <mem-info id="5440" free="1589384" total="326565888" percent="0">
    <mem type="nursery" free="0" total="300679168" percent="0">
      <mem type="allocate" free="0" total="270598144" percent="0" />
      <mem type="survivor" free="0" total="30081024" percent="0" />
    </mem>
    <mem type="tenure" free="1589384" total="25886720" percent="6">
      <mem type="soa" free="1331336" total="25628672" percent="5" />
      <mem type="loa" free="258048" total="258048" percent="100" />
    </mem>
    <remembered-set count="24324" />
  </mem-info>
</gc-start>
<allocation-stats totalBytes="264211448" >
  <allocated-bytes non-tlh="40" tlh="264211408" />
  <largest-consumer threadName="Thread-34" threadId="0000000000C4BB00" bytes="22246064" />
</allocation-stats>
<gc-op id="5441" type="scavenge" timems="4.979" contextid="5438" timestamp="2019-08-08T20:26:45.095">
  <scavenger-info tenureage="14" tenuremask="4000" tiltratio="89" />
  <memory-copied type="nursery" objects="149079" bytes="5782464" bytesdiscarded="230664" />
</gc-op>
<gc-end id="5442" type="scavenge" contextid="5438" durationms="6.131" usertimems="26.861" systemtimems="1.516" timestamp="2019-08-08T20:26:45.096" activeThreads="16">
  <mem-info id="5443" free="266174400" total="326565888" percent="81">
    <mem type="nursery" free="264585016" total="300679168" percent="87">
      <mem type="allocate" free="264585016" total="270598144" percent="97" />
      <mem type="survivor" free="0" total="30081024" percent="0" />
    </mem>
    <mem type="tenure" free="1589384" total="25886720" percent="6" macro-fragmented="868149">
      <mem type="soa" free="1331336" total="25628672" percent="5" />
      <mem type="loa" free="258048" total="258048" percent="100" />
    </mem>
    <remembered-set count="24323" />
  </mem-info>
</gc-end>
<cycle-end id="5444" type="scavenge" contextid="5438" timestamp="2019-08-08T20:26:45.096" />
  <attribute name="elasticGC enabled" value="1" />
  <attribute name= "numThreadsSpecified" value="16" />
  <attribute name="heapSize specified" value="326500352" />
  <attribute name="Current GC Util" value="24" />
  <attribute name= "Current Time Running" value="172509" />
  <attribute name ="GC Interval" value="2033" />
  <attribute name="Target GC Util Change" value ="80.000000" />
  <attribute name="Current GC Util Change" value="24.000000"/>
  <attribute name="Current Error" value="56.000000" />
  <attribute name="Output H" value="326603760"/>
  <attribute name="Output I" value="2032"/>
  <attribute name="Output T" value="16"/>
  <attribute name= "Current Time Running" value="172509" />
  <attribute name="GC Util currently" value="24" />
  <attribute name="CPU Util currently" value="3881404891" />
<allocation-satisfied id="5445" threadId="0000000000C8B500" bytesRequested="40" />
<af-end id="5446" timestamp="2019-08-08T20:26:45.096" threadId="0000000000C8BE88" success="true" from="nursery"/>
<exclusive-end id="5447" timestamp="2019-08-08T20:26:45.097" durationms="6.899" />

<exclusive-start id="5448" timestamp="2019-08-08T20:26:45.398" intervalms="308.853">
  <response-info timems="7.103" idlems="3.576" threads="2" lastid="0000000000C96900" lastname="Thread-27" />
</exclusive-start>
<af-start id="5449" threadId="0000000000C9AE88" totalBytesRequested="40" timestamp="2019-08-08T20:26:45.399" intervalms="308.839" type="nursery" />
<cycle-start id="5450" type="scavenge" contextid="0" timestamp="2019-08-08T20:26:45.399" intervalms="308.833" />
<gc-start id="5451" type="scavenge" contextid="5450" timestamp="2019-08-08T20:26:45.399">
  <mem-info id="5452" free="1589384" total="326565888" percent="0">
    <mem type="nursery" free="0" total="300679168" percent="0">
      <mem type="allocate" free="0" total="270598144" percent="0" />
      <mem type="survivor" free="0" total="30081024" percent="0" />
    </mem>
    <mem type="tenure" free="1589384" total="25886720" percent="6">
      <mem type="soa" free="1331336" total="25628672" percent="5" />
      <mem type="loa" free="258048" total="258048" percent="100" />
    </mem>
    <remembered-set count="24323" />
  </mem-info>
</gc-start>
<allocation-stats totalBytes="264576696" >
  <allocated-bytes non-tlh="40" tlh="264576656" />
  <largest-consumer threadName="Thread-34" threadId="0000000000C4BB00" bytes="30637400" />
</allocation-stats>
<gc-op id="5453" type="scavenge" timems="9.235" contextid="5450" timestamp="2019-08-08T20:26:45.408">
  <scavenger-info tenureage="14" tenuremask="4000" tiltratio="89" />
  <memory-copied type="nursery" objects="141755" bytes="5606544" bytesdiscarded="243576" />
  <memory-copied type="tenure" objects="2" bytes="1040" bytesdiscarded="0" />
</gc-op>
<gc-end id="5454" type="scavenge" contextid="5450" durationms="9.729" usertimems="24.826" systemtimems="3.410" timestamp="2019-08-08T20:26:45.408" activeThreads="16">
  <mem-info id="5455" free="266206080" total="326565888" percent="81">
    <mem type="nursery" free="264748024" total="300679168" percent="88">
      <mem type="allocate" free="264748024" total="270598144" percent="97" />
      <mem type="survivor" free="0" total="30081024" percent="0" />
    </mem>
    <mem type="tenure" free="1458056" total="25886720" percent="5" macro-fragmented="0">
      <mem type="soa" free="1200008" total="25628672" percent="4" />
      <mem type="loa" free="258048" total="258048" percent="100" />
    </mem>
    <remembered-set count="24321" />
  </mem-info>
</gc-end>
<cycle-end id="5456" type="scavenge" contextid="5450" timestamp="2019-08-08T20:26:45.408" />
  <attribute name="elasticGC enabled" value="1" />
  <attribute name= "numThreadsSpecified" value="16" />
  <attribute name="heapSize specified" value="326500352" />
  <attribute name="Current GC Util" value="9" />
  <attribute name= "Current Time Running" value="172818" />
  <attribute name ="GC Interval" value="2081" />
  <attribute name="Target GC Util Change" value ="80.000000" />
  <attribute name="Current GC Util Change" value="9.000000"/>
  <attribute name="Current Error" value="127.000000" />
  <attribute name="Output H" value="326603808"/>
  <attribute name="Output I" value="2080"/>
  <attribute name="Output T" value="16"/>
  <attribute name= "Current Time Running" value="172818" />
  <attribute name="GC Util currently" value="9" />
  <attribute name="CPU Util currently" value="3739415450" />
<allocation-satisfied id="5457" threadId="0000000000C9A500" bytesRequested="40" />
<af-end id="5458" timestamp="2019-08-08T20:26:45.408" threadId="0000000000C9AE88" success="true" from="nursery"/>
<exclusive-end id="5459" timestamp="2019-08-08T20:26:45.408" durationms="10.022" />

<exclusive-start id="5460" timestamp="2019-08-08T20:26:45.665" intervalms="266.829">
  <response-info timems="13.326" idlems="13.326" threads="0" lastid="0000000000C7C600" lastname="Thread-24" />
</exclusive-start>
<af-start id="5461" threadId="0000000000C7CF88" totalBytesRequested="24" timestamp="2019-08-08T20:26:45.665" intervalms="266.821" type="nursery" />
<cycle-start id="5462" type="scavenge" contextid="0" timestamp="2019-08-08T20:26:45.665" intervalms="266.825" />
<gc-start id="5463" type="scavenge" contextid="5462" timestamp="2019-08-08T20:26:45.665">
  <mem-info id="5464" free="1458056" total="326565888" percent="0">
    <mem type="nursery" free="0" total="300679168" percent="0">
      <mem type="allocate" free="0" total="270598144" percent="0" />
      <mem type="survivor" free="0" total="30081024" percent="0" />
    </mem>
    <mem type="tenure" free="1458056" total="25886720" percent="5">
      <mem type="soa" free="1200008" total="25628672" percent="4" />
      <mem type="loa" free="258048" total="258048" percent="100" />
    </mem>
    <remembered-set count="24321" />
  </mem-info>
</gc-start>
<allocation-stats totalBytes="264730376" >
  <allocated-bytes non-tlh="40" tlh="264730336" />
  <largest-consumer threadName="Thread-34" threadId="0000000000C4BB00" bytes="28128456" />
</allocation-stats>
<gc-op id="5465" type="scavenge" timems="61.489" contextid="5462" timestamp="2019-08-08T20:26:45.727">
  <scavenger-info tenureage="14" tenuremask="4000" tiltratio="89" />
  <memory-copied type="nursery" objects="144589" bytes="5674848" bytesdiscarded="353880" />
</gc-op>
<heap-resize id="5466" type="expand" space="nursery" amount="32243712" count="1" timems="0.023" reason="excessive time being spent scavenging" timestamp="2019-08-08T20:26:45.731" />
<gc-end id="5467" type="scavenge" contextid="5462" durationms="66.009" usertimems="81.291" systemtimems="42.683" timestamp="2019-08-08T20:26:45.731" activeThreads="16">
  <mem-info id="5468" free="294994384" total="358809600" percent="82">
    <mem type="nursery" free="293536328" total="332922880" percent="88">
      <mem type="allocate" free="293536328" total="299565056" percent="97" />
      <mem type="survivor" free="0" total="33357824" percent="0" />
    </mem>
    <mem type="tenure" free="1458056" total="25886720" percent="5" macro-fragmented="868149">
      <mem type="soa" free="1200008" total="25628672" percent="4" />
      <mem type="loa" free="258048" total="258048" percent="100" />
    </mem>
    <remembered-set count="24321" />
  </mem-info>
</gc-end>
<cycle-end id="5469" type="scavenge" contextid="5462" timestamp="2019-08-08T20:26:45.732" />
  <attribute name="elasticGC enabled" value="1" />
  <attribute name= "numThreadsSpecified" value="16" />
  <attribute name="heapSize specified" value="326500352" />
  <attribute name="Current GC Util" value="10" />
  <attribute name= "Current Time Running" value="173088" />
  <attribute name ="GC Interval" value="2121" />
  <attribute name="Target GC Util Change" value ="80.000000" />
  <attribute name="Current GC Util Change" value="10.000000"/>
  <attribute name="Current Error" value="197.000000" />
  <attribute name="Output H" value="326603848"/>
  <attribute name="Output I" value="2120"/>
  <attribute name="Output T" value="16"/>
  <attribute name= "Current Time Running" value="173088" />
  <attribute name="GC Util currently" value="10" />
  <attribute name="CPU Util currently" value="4260081001" />
<allocation-satisfied id="5470" threadId="0000000000C7C600" bytesRequested="24" />
<af-end id="5471" timestamp="2019-08-08T20:26:45.732" threadId="0000000000C7CF88" success="true" from="nursery"/>
<exclusive-end id="5472" timestamp="2019-08-08T20:26:45.732" durationms="66.303" />

<exclusive-start id="5473" timestamp="2019-08-08T20:26:46.102" intervalms="436.441">
  <response-info timems="5.974" idlems="4.795" threads="4" lastid="0000000000C4F700" lastname="Thread-22" />
</exclusive-start>
<af-start id="5474" threadId="0000000000C97288" totalBytesRequested="40" timestamp="2019-08-08T20:26:46.102" intervalms="437.039" type="nursery" />
<cycle-start id="5475" type="scavenge" contextid="0" timestamp="2019-08-08T20:26:46.102" intervalms="437.050" />
<gc-start id="5476" type="scavenge" contextid="5475" timestamp="2019-08-08T20:26:46.106">
  <mem-info id="5477" free="1458056" total="358809600" percent="0">
    <mem type="nursery" free="0" total="332922880" percent="0">
      <mem type="allocate" free="0" total="299565056" percent="0" />
      <mem type="survivor" free="0" total="33357824" percent="0" />
    </mem>
    <mem type="tenure" free="1458056" total="25886720" percent="5">
      <mem type="soa" free="1200008" total="25628672" percent="4" />
      <mem type="loa" free="258048" total="258048" percent="100" />
    </mem>
    <remembered-set count="24321" />
  </mem-info>
</gc-start>
<allocation-stats totalBytes="293513648" >
  <allocated-bytes non-tlh="24" tlh="293513624" />
  <largest-consumer threadName="Thread-33" threadId="0000000000C53300" bytes="33650104" />
</allocation-stats>
<gc-op id="5478" type="scavenge" timems="82.563" contextid="5475" timestamp="2019-08-08T20:26:46.189">
  <scavenger-info tenureage="14" tenuremask="4000" tiltratio="89" />
  <memory-copied type="nursery" objects="149794" bytes="5799520" bytesdiscarded="419816" />
</gc-op>
<heap-resize id="5479" type="expand" space="nursery" amount="30408704" count="1" timems="0.027" reason="excessive time being spent scavenging" timestamp="2019-08-08T20:26:46.194" />
<gc-end id="5480" type="scavenge" contextid="5475" durationms="88.077" usertimems="72.400" systemtimems="54.070" timestamp="2019-08-08T20:26:46.194" activeThreads="16">
  <mem-info id="5481" free="322197824" total="389218304" percent="82">
    <mem type="nursery" free="320739768" total="363331584" percent="88">
      <mem type="allocate" free="320739768" total="326959104" percent="98" />
      <mem type="survivor" free="0" total="36372480" percent="0" />
    </mem>
    <mem type="tenure" free="1458056" total="25886720" percent="5" macro-fragmented="32608">
      <mem type="soa" free="1200008" total="25628672" percent="4" />
      <mem type="loa" free="258048" total="258048" percent="100" />
    </mem>
    <remembered-set count="24321" />
  </mem-info>
</gc-end>
<cycle-end id="5482" type="scavenge" contextid="5475" timestamp="2019-08-08T20:26:46.196" />
  <attribute name="elasticGC enabled" value="1" />
  <attribute name= "numThreadsSpecified" value="16" />
  <attribute name="heapSize specified" value="326500352" />
  <attribute name="Current GC Util" value="28" />
  <attribute name= "Current Time Running" value="173526" />
  <attribute name ="GC Interval" value="2145" />
  <attribute name="Target GC Util Change" value ="80.000000" />
  <attribute name="Current GC Util Change" value="28.000000"/>
  <attribute name="Current Error" value="249.000000" />
  <attribute name="Output H" value="358847584"/>
  <attribute name="Output I" value="2144"/>
  <attribute name="Output T" value="16"/>
  <attribute name= "Current Time Running" value="173526" />
  <attribute name="GC Util currently" value="28" />
  <attribute name="CPU Util currently" value="2637433189" />
<allocation-satisfied id="5483" threadId="0000000000C96900" bytesRequested="40" />
<af-end id="5484" timestamp="2019-08-08T20:26:46.196" threadId="0000000000C97288" success="true" from="nursery"/>
<exclusive-end id="5485" timestamp="2019-08-08T20:26:46.196" durationms="94.358" />

<exclusive-start id="5486" timestamp="2019-08-08T20:26:46.648" intervalms="546.716">
  <response-info timems="18.966" idlems="18.966" threads="0" lastid="0000000000C4BB00" lastname="Thread-34" />
</exclusive-start>
<af-start id="5487" threadId="0000000000C4C488" totalBytesRequested="40" timestamp="2019-08-08T20:26:46.649" intervalms="546.127" type="nursery" />
<cycle-start id="5488" type="scavenge" contextid="0" timestamp="2019-08-08T20:26:46.649" intervalms="546.126" />
<gc-start id="5489" type="scavenge" contextid="5488" timestamp="2019-08-08T20:26:46.649">
  <mem-info id="5490" free="1458056" total="389218304" percent="0">
    <mem type="nursery" free="0" total="363331584" percent="0">
      <mem type="allocate" free="0" total="326959104" percent="0" />
      <mem type="survivor" free="0" total="36372480" percent="0" />
    </mem>
    <mem type="tenure" free="1458056" total="25886720" percent="5">
      <mem type="soa" free="1200008" total="25628672" percent="4" />
      <mem type="loa" free="258048" total="258048" percent="100" />
    </mem>
    <remembered-set count="24321" />
  </mem-info>
</gc-start>
<allocation-stats totalBytes="320678552" >
  <allocated-bytes non-tlh="40" tlh="320678512" />
  <largest-consumer threadName="Thread-28" threadId="0000000000C8F100" bytes="32597944" />
</allocation-stats>
<gc-op id="5491" type="scavenge" timems="152.879" contextid="5488" timestamp="2019-08-08T20:26:46.802">
  <scavenger-info tenureage="12" tenuremask="5000" tiltratio="89" />
  <memory-copied type="nursery" objects="142277" bytes="5619824" bytesdiscarded="394456" />
  <memory-copied type="tenure" objects="1814" bytes="43536" bytesdiscarded="0" />
</gc-op>
<heap-resize id="5492" type="expand" space="nursery" amount="44302336" count="1" timems="0.027" reason="excessive time being spent scavenging" timestamp="2019-08-08T20:26:46.807" />
<gc-end id="5493" type="scavenge" contextid="5488" durationms="158.603" usertimems="92.872" systemtimems="86.756" timestamp="2019-08-08T20:26:46.807" activeThreads="16">
  <mem-info id="5494" free="361939264" total="433520640" percent="83">
    <mem type="nursery" free="360790712" total="407633920" percent="88">
      <mem type="allocate" free="360790712" total="366804992" percent="98" />
      <mem type="survivor" free="0" total="40828928" percent="0" />
    </mem>
    <mem type="tenure" free="1148552" total="25886720" percent="4" macro-fragmented="602881">
      <mem type="soa" free="890504" total="25628672" percent="3" />
      <mem type="loa" free="258048" total="258048" percent="100" />
    </mem>
    <remembered-set count="22507" />
  </mem-info>
</gc-end>
<cycle-end id="5495" type="scavenge" contextid="5488" timestamp="2019-08-08T20:26:46.807" />
  <attribute name="elasticGC enabled" value="1" />
  <attribute name= "numThreadsSpecified" value="16" />
  <attribute name="heapSize specified" value="326500352" />
  <attribute name="Current GC Util" value="23" />
  <attribute name= "Current Time Running" value="174068" />
  <attribute name ="GC Interval" value="2177" />
  <attribute name="Target GC Util Change" value ="80.000000" />
  <attribute name="Current GC Util Change" value="23.000000"/>
  <attribute name="Current Error" value="306.000000" />
  <attribute name="Output H" value="389256320"/>
  <attribute name="Output I" value="2176"/>
  <attribute name="Output T" value="16"/>
  <attribute name= "Current Time Running" value="174068" />
  <attribute name="GC Util currently" value="23" />
  <attribute name="CPU Util currently" value="2126243656" />
<allocation-satisfied id="5496" threadId="0000000000C4BB00" bytesRequested="40" />
<af-end id="5497" timestamp="2019-08-08T20:26:46.807" threadId="0000000000C4C488" success="true" from="nursery"/>
<exclusive-end id="5498" timestamp="2019-08-08T20:26:46.807" durationms="158.896" />

<exclusive-start id="5499" timestamp="2019-08-08T20:26:47.510" intervalms="861.990">
  <response-info timems="7.511" idlems="3.410" threads="5" lastid="0000000000C74E00" lastname="Thread-35" />
</exclusive-start>
<af-start id="5500" threadId="0000000000C8BE88" totalBytesRequested="40" timestamp="2019-08-08T20:26:47.511" intervalms="862.173" type="nursery" />
<cycle-start id="5501" type="scavenge" contextid="0" timestamp="2019-08-08T20:26:47.511" intervalms="862.173" />
<gc-start id="5502" type="scavenge" contextid="5501" timestamp="2019-08-08T20:26:47.513">
  <mem-info id="5503" free="1148552" total="433520640" percent="0">
    <mem type="nursery" free="0" total="407633920" percent="0">
      <mem type="allocate" free="0" total="366804992" percent="0" />
      <mem type="survivor" free="0" total="40828928" percent="0" />
    </mem>
    <mem type="tenure" free="1148552" total="25886720" percent="4">
      <mem type="soa" free="890504" total="25628672" percent="3" />
      <mem type="loa" free="258048" total="258048" percent="100" />
    </mem>
    <remembered-set count="22507" />
  </mem-info>
</gc-start>
<allocation-stats totalBytes="360778448" >
  <allocated-bytes non-tlh="40" tlh="360778408" />
  <largest-consumer threadName="Thread-22" threadId="0000000000C4F700" bytes="44872632" />
</allocation-stats>
<gc-op id="5504" type="scavenge" timems="122.470" contextid="5501" timestamp="2019-08-08T20:26:47.636">
  <scavenger-info tenureage="8" tenuremask="4100" tiltratio="89" />
  <memory-copied type="nursery" objects="134299" bytes="5427968" bytesdiscarded="587224" />
  <memory-copied type="tenure" objects="11228" bytes="269472" bytesdiscarded="0" />
</gc-op>
<heap-resize id="5505" type="expand" space="nursery" amount="28966912" count="1" timems="0.094" reason="excessive time being spent scavenging" timestamp="2019-08-08T20:26:47.643" />
<gc-end id="5506" type="scavenge" contextid="5501" durationms="130.352" usertimems="87.590" systemtimems="73.062" timestamp="2019-08-08T20:26:47.644" activeThreads="16">
  <mem-info id="5507" free="387591600" total="462487552" percent="83">
    <mem type="nursery" free="386873128" total="436600832" percent="88">
      <mem type="allocate" free="386873128" total="392888320" percent="98" />
      <mem type="survivor" free="0" total="43712512" percent="0" />
    </mem>
    <mem type="tenure" free="718472" total="25886720" percent="2" macro-fragmented="290741">
      <mem type="soa" free="460424" total="25628672" percent="1" />
      <mem type="loa" free="258048" total="258048" percent="100" />
    </mem>
    <remembered-set count="13325" />
  </mem-info>
</gc-end>
<cycle-end id="5508" type="scavenge" contextid="5501" timestamp="2019-08-08T20:26:47.644" />
  <attribute name="elasticGC enabled" value="1" />
  <attribute name= "numThreadsSpecified" value="16" />
  <attribute name="heapSize specified" value="326500352" />
  <attribute name="Current GC Util" value="20" />
  <attribute name= "Current Time Running" value="174933" />
  <attribute name ="GC Interval" value="2217" />
  <attribute name="Target GC Util Change" value ="80.000000" />
  <attribute name="Current GC Util Change" value="20.000000"/>
  <attribute name="Current Error" value="366.000000" />
  <attribute name="Output H" value="433558696"/>
  <attribute name="Output I" value="2216"/>
  <attribute name="Output T" value="16"/>
  <attribute name= "Current Time Running" value="174933" />
  <attribute name="GC Util currently" value="20" />
  <attribute name="CPU Util currently" value="1333087177" />
<allocation-satisfied id="5509" threadId="0000000000C8B500" bytesRequested="40" />
<af-end id="5510" timestamp="2019-08-08T20:26:47.644" threadId="0000000000C8BE88" success="true" from="nursery"/>
<exclusive-end id="5511" timestamp="2019-08-08T20:26:47.644" durationms="133.461" />

<exclusive-start id="5512" timestamp="2019-08-08T20:26:48.413" intervalms="902.412">
  <response-info timems="21.011" idlems="21.011" threads="0" lastid="0000000000C7C600" lastname="Thread-24" />
</exclusive-start>
<af-start id="5513" threadId="0000000000C7CF88" totalBytesRequested="40" timestamp="2019-08-08T20:26:48.419" intervalms="908.209" type="nursery" />
<cycle-start id="5514" type="scavenge" contextid="0" timestamp="2019-08-08T20:26:48.419" intervalms="908.404" />
<gc-start id="5515" type="scavenge" contextid="5514" timestamp="2019-08-08T20:26:48.419">
  <mem-info id="5516" free="718472" total="462487552" percent="0">
    <mem type="nursery" free="0" total="436600832" percent="0">
      <mem type="allocate" free="0" total="392888320" percent="0" />
      <mem type="survivor" free="0" total="43712512" percent="0" />
    </mem>
    <mem type="tenure" free="718472" total="25886720" percent="2">
      <mem type="soa" free="460424" total="25628672" percent="1" />
      <mem type="loa" free="258048" total="258048" percent="100" />
    </mem>
    <remembered-set count="13325" />
  </mem-info>
</gc-start>
<allocation-stats totalBytes="386847096" >
  <allocated-bytes non-tlh="40" tlh="386847056" />
  <largest-consumer threadName="Thread-31" threadId="0000000000C62200" bytes="42562904" />
</allocation-stats>
<gc-op id="5517" type="scavenge" timems="63.309" contextid="5514" timestamp="2019-08-08T20:26:48.483">
  <scavenger-info tenureage="10" tenuremask="4c00" tiltratio="89" />
  <memory-copied type="nursery" objects="130712" bytes="5341352" bytesdiscarded="274936" />
  <memory-copied type="tenure" objects="9316" bytes="223584" bytesdiscarded="0" />
</gc-op>
<gc-end id="5518" type="scavenge" contextid="5514" durationms="69.126" usertimems="40.789" systemtimems="29.900" timestamp="2019-08-08T20:26:48.488" activeThreads="16">
  <mem-info id="5519" free="387732456" total="462487552" percent="83">
    <mem type="nursery" free="387272032" total="436600832" percent="88">
      <mem type="allocate" free="387272032" total="392888320" percent="98" />
      <mem type="survivor" free="0" total="43712512" percent="0" />
    </mem>
    <mem type="tenure" free="460424" total="25886720" percent="1" macro-fragmented="0">
      <mem type="soa" free="202376" total="25628672" percent="0" />
      <mem type="loa" free="258048" total="258048" percent="100" />
    </mem>
    <remembered-set count="4009" />
  </mem-info>
</gc-end>
<cycle-end id="5520" type="scavenge" contextid="5514" timestamp="2019-08-08T20:26:48.488" />
  <attribute name="elasticGC enabled" value="1" />
  <attribute name= "numThreadsSpecified" value="16" />
  <attribute name="heapSize specified" value="326500352" />
  <attribute name="Current GC Util" value="18" />
  <attribute name= "Current Time Running" value="175838" />
  <attribute name ="GC Interval" value="2041" />
  <attribute name="Target GC Util Change" value ="80.000000" />
  <attribute name="Current GC Util Change" value="18.000000"/>
  <attribute name="Current Error" value="62.000000" />
  <attribute name="Output H" value="462525432"/>
  <attribute name="Output I" value="2040"/>
  <attribute name="Output T" value="16"/>
  <attribute name= "Current Time Running" value="175838" />
  <attribute name="GC Util currently" value="18" />
  <attribute name="CPU Util currently" value="1272946005" />
<allocation-satisfied id="5521" threadId="0000000000C7C600" bytesRequested="40" />
<af-end id="5522" timestamp="2019-08-08T20:26:48.488" threadId="0000000000C7CF88" success="true" from="nursery"/>
<exclusive-end id="5523" timestamp="2019-08-08T20:26:48.488" durationms="75.631" />

<concurrent-kickoff id="5524" timestamp="2019-08-08T20:26:49.200">
  <kickoff reason="threshold reached" targetBytes="15539394" thresholdFreeBytes="2010593"  remainingFree="1920352" tenureFreeBytes="460424" nurseryFreeBytes="1920352" />
</concurrent-kickoff>
<exclusive-start id="5525" timestamp="2019-08-08T20:26:49.247" intervalms="834.524">
  <response-info timems="36.306" idlems="7.398" threads="10" lastid="0000000000C9E100" lastname="Thread-26" />
</exclusive-start>
<cycle-start id="5526" type="global" contextid="0" timestamp="2019-08-08T20:26:49.247" intervalms="5505.959" />
<exclusive-end id="5527" timestamp="2019-08-08T20:26:49.247" durationms="0.059" />

<exclusive-start id="5528" timestamp="2019-08-08T20:26:49.319" intervalms="72.103">
  <response-info timems="69.669" idlems="66.077" threads="2" lastid="0000000000C44300" lastname="Thread-21" />
</exclusive-start>
<af-start id="5529" threadId="0000000000C53C88" totalBytesRequested="40" timestamp="2019-08-08T20:26:49.320" intervalms="900.640" type="nursery" />
<cycle-start id="5530" type="scavenge" contextid="0" timestamp="2019-08-08T20:26:49.320" intervalms="900.432" />
<gc-start id="5531" type="scavenge" contextid="5530" timestamp="2019-08-08T20:26:49.320">
  <mem-info id="5532" free="460424" total="462487552" percent="0">
    <mem type="nursery" free="0" total="436600832" percent="0">
      <mem type="allocate" free="0" total="392888320" percent="0" />
      <mem type="survivor" free="0" total="43712512" percent="0" />
    </mem>
    <mem type="tenure" free="460424" total="25886720" percent="1">
      <mem type="soa" free="202376" total="25628672" percent="0" />
      <mem type="loa" free="258048" total="258048" percent="100" />
    </mem>
    <remembered-set count="4009" />
  </mem-info>
</gc-start>
<allocation-stats totalBytes="387262576" >
  <allocated-bytes non-tlh="40" tlh="387262536" />
  <largest-consumer threadName="Thread-33" threadId="0000000000C53300" bytes="51346344" />
</allocation-stats>
<gc-op id="5533" type="scavenge" timems="84.389" contextid="5530" timestamp="2019-08-08T20:26:49.404">
  <scavenger-info tenureage="14" tenuremask="4000" tiltratio="89" />
  <memory-copied type="nursery" objects="101359" bytes="4367792" bytesdiscarded="176896" />
  <memory-copied type="tenure" objects="1058" bytes="25392" bytesdiscarded="0" />
</gc-op>
<heap-resize id="5534" type="expand" space="nursery" amount="24379392" count="1" timems="1.551" reason="excessive time being spent scavenging" timestamp="2019-08-08T20:26:49.408" />
<gc-end id="5535" type="scavenge" contextid="5530" durationms="88.158" usertimems="50.643" systemtimems="20.819" timestamp="2019-08-08T20:26:49.408" activeThreads="16">
  <mem-info id="5536" free="410584792" total="486866944" percent="84">
    <mem type="nursery" free="410232656" total="460980224" percent="88">
      <mem type="allocate" free="410232656" total="414777344" percent="98" />
      <mem type="survivor" free="0" total="46202880" percent="0" />
    </mem>
    <mem type="tenure" free="352136" total="25886720" percent="1" macro-fragmented="0">
      <mem type="soa" free="94088" total="25628672" percent="0" />
      <mem type="loa" free="258048" total="258048" percent="100" />
    </mem>
    <remembered-set count="2951" />
  </mem-info>
</gc-end>
<cycle-end id="5537" type="scavenge" contextid="5530" timestamp="2019-08-08T20:26:49.408" />
  <attribute name="elasticGC enabled" value="1" />
  <attribute name= "numThreadsSpecified" value="16" />
  <attribute name="heapSize specified" value="326500352" />
  <attribute name="Current GC Util" value="7" />
  <attribute name= "Current Time Running" value="176739" />
  <attribute name ="GC Interval" value="2081" />
  <attribute name="Target GC Util Change" value ="80.000000" />
  <attribute name="Current GC Util Change" value="7.000000"/>
  <attribute name="Current Error" value="135.000000" />
  <attribute name="Output H" value="462525472"/>
  <attribute name="Output I" value="2080"/>
  <attribute name="Output T" value="16"/>
  <attribute name= "Current Time Running" value="176739" />
  <attribute name="GC Util currently" value="7" />
  <attribute name="CPU Util currently" value="1280416433" />
<allocation-satisfied id="5538" threadId="0000000000C53300" bytesRequested="40" />
<af-end id="5539" timestamp="2019-08-08T20:26:49.408" threadId="0000000000C53C88" success="true" from="nursery"/>
<exclusive-end id="5540" timestamp="2019-08-08T20:26:49.409" durationms="89.508" />

<exclusive-start id="5541" timestamp="2019-08-08T20:26:49.466" intervalms="146.633">
  <response-info timems="37.974" idlems="37.974" threads="0" lastid="0000000000C5AB00" lastname="Thread-36" />
</exclusive-start>
<concurrent-collection-start id="5542" timestamp="2019-08-08T20:26:49.466" intervalms="5688.989" >
  <concurrent-trace-info reason="card cleaning threshold reached" tracedByMutators="11263976" tracedByHelpers="1147088" cardsCleaned="17" workStackOverflowCount="0" />
</concurrent-collection-start>
<gc-start id="5543" type="global" contextid="5526" timestamp="2019-08-08T20:26:49.466">
  <mem-info id="5544" free="395970224" total="486866944" percent="81">
    <mem type="nursery" free="395618088" total="460980224" percent="85">
      <mem type="allocate" free="395618088" total="414777344" percent="95" />
      <mem type="survivor" free="0" total="46202880" percent="0" />
    </mem>
    <mem type="tenure" free="352136" total="25886720" percent="1">
      <mem type="soa" free="94088" total="25628672" percent="0" />
      <mem type="loa" free="258048" total="258048" percent="100" />
    </mem>
    <remembered-set count="2951" />
  </mem-info>
</gc-start>
<allocation-stats totalBytes="14614296" >
  <allocated-bytes non-tlh="40" tlh="14614256" />
  <largest-consumer threadName="Thread-34" threadId="0000000000C4BB00" bytes="2457584" />
</allocation-stats>
<gc-op id="5545" type="rs-scan" timems="43.025" contextid="5526" timestamp="2019-08-08T20:26:49.509">
  <scan objectsFound="67" bytesTraced="6360" workStackOverflowCount="0" />
</gc-op>
<gc-op id="5546" type="card-cleaning" timems="9.393" contextid="5526" timestamp="2019-08-08T20:26:49.519">
  <card-cleaning cardsCleaned="11" bytesTraced="6712" workStackOverflowCount="0" />
</gc-op>
<gc-op id="5547" type="mark" timems="300.927" contextid="5526" timestamp="2019-08-08T20:26:49.820">
  <trace-info objectcount="158575" scancount="145469" scanbytes="5947004" />
  <finalization candidates="151" enqueued="0" />
  <ownableSynchronizers candidates="23" cleared="0" />
  <references type="soft" candidates="1855" cleared="0" enqueued="0" dynamicThreshold="3" maxThreshold="32" />
  <references type="weak" candidates="6101" cleared="0" enqueued="0" />
  <references type="phantom" candidates="272" cleared="0" enqueued="0" />
  <stringconstants candidates="14612" cleared="0"  />
</gc-op>
<gc-op id="5548" type="sweep" timems="113.868" contextid="5526" timestamp="2019-08-08T20:26:49.934" />
<mem-info id="5549" free="413844264" total="486866944" percent="85">
  <mem type="nursery" free="410310960" total="460980224" percent="89">
    <mem type="allocate" free="410310960" total="414777344" percent="98" />
    <mem type="survivor" free="0" total="46202880" percent="0" />
  </mem>
  <mem type="tenure" free="3533304" total="25886720" percent="13" micro-fragmented="0" macro-fragmented="0">
    <mem type="soa" free="3275256" total="25628672" percent="12" />
    <mem type="loa" free="258048" total="258048" percent="100" />
  </mem>
  <remembered-set count="160" />
</mem-info>
<gc-op id="5550" type="compact" timems="335.193" contextid="5526" timestamp="2019-08-08T20:26:50.293">
  <compact-info movecount="96551" movebytes="4386080" reason="compact to aid heap contraction" />
</gc-op>
<heap-resize id="5551" type="expand" space="tenure" amount="65536" count="1" timems="0.031" reason="satisfy allocation request" timestamp="2019-08-08T20:26:50.318" />
<gc-end id="5552" type="global" contextid="5526" durationms="852.043" usertimems="275.251" systemtimems="311.609" timestamp="2019-08-08T20:26:50.318" activeThreads="16">
  <mem-info id="5553" free="413989672" total="486932480" percent="85">
    <mem type="nursery" free="410390832" total="460980224" percent="89">
      <mem type="allocate" free="410390832" total="414777344" percent="98" />
      <mem type="survivor" free="0" total="46202880" percent="0" />
    </mem>
    <mem type="tenure" free="3598840" total="25952256" percent="13">
      <mem type="soa" free="3339768" total="25693184" percent="12" />
      <mem type="loa" free="259072" total="259072" percent="100" />
    </mem>
    <remembered-set count="160" />
  </mem-info>
</gc-end>
<cycle-end id="5554" type="global" contextid="5526" timestamp="2019-08-08T20:26:50.318" />
  <attribute name="elasticGC enabled" value="1" />
  <attribute name= "numThreadsSpecified" value="16" />
  <attribute name="heapSize specified" value="486866944" />
  <attribute name="Current GC Util" value="62" />
  <attribute name= "Current Time Running" value="177712" />
  <attribute name ="GC Interval" value="2081" />
  <attribute name="Target GC Util Change" value ="80.000000" />
  <attribute name="Current GC Util Change" value="62.000000"/>
  <attribute name="Current Error" value="80.000000" />
  <attribute name="Output H" value="486904832"/>
  <attribute name="Output I" value="2048"/>
  <attribute name="Output T" value="16"/>
  <attribute name= "Current Time Running" value="177712" />
  <attribute name="GC Util currently" value="62" />
  <attribute name="CPU Util currently" value="3439371557" />
<concurrent-collection-end id="5555" timestamp="2019-08-08T20:26:50.318" />
<exclusive-end id="5556" timestamp="2019-08-08T20:26:50.318" durationms="852.309" />

<exclusive-start id="5557" timestamp="2019-08-08T20:26:50.879" intervalms="1413.309">
  <response-info timems="29.273" idlems="29.273" threads="0" lastid="0000000000C71200" lastname="Thread-30" />
</exclusive-start>
<af-start id="5558" threadId="0000000000C71B88" totalBytesRequested="40" timestamp="2019-08-08T20:26:50.880" intervalms="1560.009" type="nursery" />
<cycle-start id="5559" type="scavenge" contextid="0" timestamp="2019-08-08T20:26:50.880" intervalms="1560.010" />
<gc-start id="5560" type="scavenge" contextid="5559" timestamp="2019-08-08T20:26:50.880">
  <mem-info id="5561" free="3598840" total="486932480" percent="0">
    <mem type="nursery" free="0" total="460980224" percent="0">
      <mem type="allocate" free="0" total="414777344" percent="0" />
      <mem type="survivor" free="0" total="46202880" percent="0" />
    </mem>
    <mem type="tenure" free="3598840" total="25952256" percent="13">
      <mem type="soa" free="3339768" total="25693184" percent="12" />
      <mem type="loa" free="259072" total="259072" percent="100" />
    </mem>
    <remembered-set count="161" />
  </mem-info>
</gc-start>
<allocation-stats totalBytes="410385152" >
  <allocated-bytes non-tlh="0" tlh="410385152" />
  <largest-consumer threadName="Thread-29" threadId="0000000000C80200" bytes="40976136" />
</allocation-stats>
<gc-op id="5562" type="scavenge" timems="117.307" contextid="5559" timestamp="2019-08-08T20:26:50.997">
  <scavenger-info tenureage="10" tenuremask="4400" tiltratio="89" />
  <memory-copied type="nursery" objects="109892" bytes="4703520" bytesdiscarded="297288" />
  <ownableSynchronizers candidates="46" cleared="46" />
</gc-op>
<gc-end id="5563" type="scavenge" contextid="5559" durationms="119.034" usertimems="49.476" systemtimems="45.063" timestamp="2019-08-08T20:26:50.999" activeThreads="16">
  <mem-info id="5564" free="413440912" total="486932480" percent="84">
    <mem type="nursery" free="409842072" total="460980224" percent="88">
      <mem type="allocate" free="409842072" total="414842880" percent="98" />
      <mem type="survivor" free="0" total="46137344" percent="0" />
    </mem>
    <mem type="tenure" free="3598840" total="25952256" percent="13" macro-fragmented="0">
      <mem type="soa" free="3339768" total="25693184" percent="12" />
      <mem type="loa" free="259072" total="259072" percent="100" />
    </mem>
    <remembered-set count="160" />
  </mem-info>
</gc-end>
<cycle-end id="5565" type="scavenge" contextid="5559" timestamp="2019-08-08T20:26:50.999" />
  <attribute name="elasticGC enabled" value="1" />
  <attribute name= "numThreadsSpecified" value="16" />
  <attribute name="heapSize specified" value="486866944" />
  <attribute name="Current GC Util" value="15" />
  <attribute name= "Current Time Running" value="178299" />
  <attribute name ="GC Interval" value="2089" />
  <attribute name="Target GC Util Change" value ="80.000000" />
  <attribute name="Current GC Util Change" value="15.000000"/>
  <attribute name="Current Error" value="145.000000" />
  <attribute name="Output H" value="486970408"/>
  <attribute name="Output I" value="2088"/>
  <attribute name="Output T" value="16"/>
  <attribute name= "Current Time Running" value="178299" />
  <attribute name="GC Util currently" value="15" />
  <attribute name="CPU Util currently" value="1963790844" />
<allocation-satisfied id="5566" threadId="0000000000C71200" bytesRequested="40" />
<af-end id="5567" timestamp="2019-08-08T20:26:50.999" threadId="0000000000C71B88" success="true" from="nursery"/>
<exclusive-end id="5568" timestamp="2019-08-08T20:26:50.999" durationms="119.346" />

===== DaCapo 9.12-MR1 sunflow PASSED in 19827 msec =====
Using scaled threading model. 16 processors detected, 16 threads used to drive the workload, in a possible range of [1,1000]
<exclusive-start id="5569" timestamp="2019-08-08T20:26:53.033" intervalms="2153.631">
  <response-info timems="25.487" idlems="25.487" threads="0" lastid="0000000000959F00" lastname="main" />
</exclusive-start>
<sys-start reason="explicit" id="5570" timestamp="2019-08-08T20:26:53.036" intervalms="22525.153" />
<cycle-start id="5571" type="global" contextid="0" timestamp="2019-08-08T20:26:53.036" intervalms="3789.012" />
<gc-start id="5572" type="global" contextid="5571" timestamp="2019-08-08T20:26:53.036">
  <mem-info id="5573" free="146420720" total="486932480" percent="30">
    <mem type="nursery" free="142956272" total="460980224" percent="31">
      <mem type="allocate" free="142956272" total="414842880" percent="34" />
      <mem type="survivor" free="0" total="46137344" percent="0" />
    </mem>
    <mem type="tenure" free="3464448" total="25952256" percent="13">
      <mem type="soa" free="3205376" total="25693184" percent="12" />
      <mem type="loa" free="259072" total="259072" percent="100" />
    </mem>
    <remembered-set count="1723" />
  </mem-info>
</gc-start>
<allocation-stats totalBytes="267001976" >
  <allocated-bytes non-tlh="493472" tlh="266508504" />
  <largest-consumer threadName="main" threadId="0000000000959F00" bytes="11442544" />
</allocation-stats>
<gc-op id="5574" type="mark" timems="170.144" contextid="5571" timestamp="2019-08-08T20:26:53.207">
  <trace-info objectcount="622361" scancount="538215" scanbytes="14120328" />
  <finalization candidates="154" enqueued="1" />
  <ownableSynchronizers candidates="23" cleared="1" />
  <references type="soft" candidates="1945" cleared="7" enqueued="7" dynamicThreshold="4" maxThreshold="32" />
  <references type="weak" candidates="6214" cleared="96" enqueued="96" />
  <references type="phantom" candidates="321" cleared="10" enqueued="10" />
  <stringconstants candidates="15610" cleared="22"  />
</gc-op>
<gc-op id="5575" type="classunload" timems="0.018" contextid="5571" timestamp="2019-08-08T20:26:53.207">
  <classunload-info classloadercandidates="67" classloadersunloaded="0" classesunloaded="0" anonymousclassesunloaded="0" quiescems="0.000" setupms="0.016" scanms="0.002" postms="0.000" />
</gc-op>
<gc-op id="5576" type="sweep" timems="152.563" contextid="5571" timestamp="2019-08-08T20:26:53.364" />
<mem-info id="5577" free="418159384" total="486932480" percent="85">
  <mem type="nursery" free="413283736" total="460980224" percent="89">
    <mem type="allocate" free="413283736" total="414842880" percent="99" />
    <mem type="survivor" free="0" total="46137344" percent="0" />
  </mem>
  <mem type="tenure" free="4875648" total="25952256" percent="18" micro-fragmented="0" macro-fragmented="0">
    <mem type="soa" free="4616576" total="25693184" percent="17" />
    <mem type="loa" free="259072" total="259072" percent="100" />
  </mem>
  <pending-finalizers system="1" default="0" reference="113" classloader="0" />
  <remembered-set count="1616" />
</mem-info>
<gc-op id="5578" type="compact" timems="278.038" contextid="5571" timestamp="2019-08-08T20:26:53.651">
  <compact-info movecount="322559" movebytes="12835344" reason="compact to aid heap contraction" />
</gc-op>
<heap-resize id="5579" type="expand" space="tenure" amount="65536" count="1" timems="0.028" reason="satisfy allocation request" timestamp="2019-08-08T20:26:53.663" />
<gc-end id="5580" type="global" contextid="5571" durationms="626.081" usertimems="421.141" systemtimems="231.882" timestamp="2019-08-08T20:26:53.663" activeThreads="16">
  <mem-info id="5581" free="418668648" total="486998016" percent="85">
    <mem type="nursery" free="413722736" total="460980224" percent="89">
      <mem type="allocate" free="413722736" total="414842880" percent="99" />
      <mem type="survivor" free="0" total="46137344" percent="0" />
    </mem>
    <mem type="tenure" free="4945912" total="26017792" percent="19">
      <mem type="soa" free="4685816" total="25757696" percent="18" />
      <mem type="loa" free="260096" total="260096" percent="100" />
    </mem>
    <pending-finalizers system="1" default="0" reference="113" classloader="0" />
    <remembered-set count="1616" />
  </mem-info>
</gc-end>
<cycle-end id="5582" type="global" contextid="5571" timestamp="2019-08-08T20:26:53.663" />
  <attribute name="elasticGC enabled" value="1" />
  <attribute name= "numThreadsSpecified" value="16" />
  <attribute name="heapSize specified" value="486932480" />
  <attribute name="Current GC Util" value="37" />
  <attribute name= "Current Time Running" value="181070" />
  <attribute name ="GC Interval" value="2089" />
  <attribute name="Target GC Util Change" value ="80.000000" />
  <attribute name="Current GC Util Change" value="37.000000"/>
  <attribute name="Current Error" value="52.000000" />
  <attribute name="Output H" value="486970352"/>
  <attribute name="Output I" value="2032"/>
  <attribute name="Output T" value="16"/>
  <attribute name= "Current Time Running" value="181070" />
  <attribute name="GC Util currently" value="37" />
  <attribute name="CPU Util currently" value="4146041555" />
<sys-end id="5583" timestamp="2019-08-08T20:26:53.663" />
<exclusive-end id="5584" timestamp="2019-08-08T20:26:53.663" durationms="629.813" />

===== DaCapo 9.12-MR1 xalan starting =====
<exclusive-start id="5585" timestamp="2019-08-08T20:26:59.093" intervalms="6060.282">
  <response-info timems="14.832" idlems="13.039" threads="2" lastid="0000000000C44300" lastname="Thread-50" />
</exclusive-start>
<af-start id="5586" threadId="0000000000C6A388" totalBytesRequested="48" timestamp="2019-08-08T20:26:59.093" intervalms="8213.854" type="nursery" />
<cycle-start id="5587" type="scavenge" contextid="0" timestamp="2019-08-08T20:26:59.093" intervalms="8213.860" />
<gc-start id="5588" type="scavenge" contextid="5587" timestamp="2019-08-08T20:26:59.094">
  <mem-info id="5589" free="4902064" total="486998016" percent="1">
    <mem type="nursery" free="0" total="460980224" percent="0">
      <mem type="allocate" free="0" total="414842880" percent="0" />
      <mem type="survivor" free="0" total="46137344" percent="0" />
    </mem>
    <mem type="tenure" free="4902064" total="26017792" percent="18">
      <mem type="soa" free="4641968" total="25757696" percent="18" />
      <mem type="loa" free="260096" total="260096" percent="100" />
    </mem>
    <remembered-set count="2328" />
  </mem-info>
</gc-start>
<allocation-stats totalBytes="413472992" >
  <allocated-bytes non-tlh="1322816" tlh="412150176" />
  <largest-consumer threadName="Thread-47" threadId="0000000000C4F700" bytes="33735680" />
</allocation-stats>
<gc-op id="5590" type="scavenge" timems="18.338" contextid="5587" timestamp="2019-08-08T20:26:59.112">
  <scavenger-info tenureage="14" tenuremask="4000" tiltratio="89" />
  <memory-copied type="nursery" objects="48325" bytes="5988368" bytesdiscarded="826896" />
  <finalization candidates="5" enqueued="2" />
  <ownableSynchronizers candidates="44" cleared="44" />
  <references type="soft" candidates="116" cleared="0" enqueued="0" dynamicThreshold="6" maxThreshold="32" />
  <references type="weak" candidates="102" cleared="24" enqueued="21" />
  <references type="phantom" candidates="68" cleared="0" enqueued="0" />
</gc-op>
<gc-end id="5591" type="scavenge" contextid="5587" durationms="18.918" usertimems="15.364" systemtimems="10.817" timestamp="2019-08-08T20:26:59.112" activeThreads="16">
  <mem-info id="5592" free="412928208" total="486998016" percent="84">
    <mem type="nursery" free="408026144" total="460980224" percent="88">
      <mem type="allocate" free="408026144" total="414842880" percent="98" />
      <mem type="survivor" free="0" total="46137344" percent="0" />
    </mem>
    <mem type="tenure" free="4902064" total="26017792" percent="18" macro-fragmented="39130">
      <mem type="soa" free="4641968" total="25757696" percent="18" />
      <mem type="loa" free="260096" total="260096" percent="100" />
    </mem>
    <pending-finalizers system="2" default="0" reference="21" classloader="0" />
    <remembered-set count="2191" />
  </mem-info>
</gc-end>
<cycle-end id="5593" type="scavenge" contextid="5587" timestamp="2019-08-08T20:26:59.112" />
  <attribute name="elasticGC enabled" value="1" />
  <attribute name= "numThreadsSpecified" value="16" />
  <attribute name="heapSize specified" value="486932480" />
  <attribute name="Current GC Util" value="4" />
  <attribute name= "Current Time Running" value="186513" />
  <attribute name ="GC Interval" value="2081" />
  <attribute name="Target GC Util Change" value ="80.000000" />
  <attribute name="Current GC Util Change" value="4.000000"/>
  <attribute name="Current Error" value="128.000000" />
  <attribute name="Output H" value="487035936"/>
  <attribute name="Output I" value="2080"/>
  <attribute name="Output T" value="16"/>
  <attribute name= "Current Time Running" value="186513" />
  <attribute name="GC Util currently" value="4" />
  <attribute name="CPU Util currently" value="21" />
<allocation-satisfied id="5594" threadId="0000000000C69A00" bytesRequested="48" />
<af-end id="5595" timestamp="2019-08-08T20:26:59.113" threadId="0000000000C6A388" success="true" from="nursery"/>
<exclusive-end id="5596" timestamp="2019-08-08T20:26:59.113" durationms="19.261" />

<exclusive-start id="5597" timestamp="2019-08-08T20:27:00.720" intervalms="1626.714">
  <response-info timems="4.970" idlems="4.970" threads="0" lastid="0000000000C53300" lastname="Thread-46" />
</exclusive-start>
<af-start id="5598" threadId="0000000000C53C88" totalBytesRequested="48" timestamp="2019-08-08T20:27:00.720" intervalms="1626.728" type="nursery" />
<cycle-start id="5599" type="scavenge" contextid="0" timestamp="2019-08-08T20:27:00.720" intervalms="1626.744" />
<gc-start id="5600" type="scavenge" contextid="5599" timestamp="2019-08-08T20:27:00.720">
  <mem-info id="5601" free="4902064" total="486998016" percent="1">
    <mem type="nursery" free="0" total="460980224" percent="0">
      <mem type="allocate" free="0" total="414842880" percent="0" />
      <mem type="survivor" free="0" total="46137344" percent="0" />
    </mem>
    <mem type="tenure" free="4902064" total="26017792" percent="18">
      <mem type="soa" free="4641968" total="25757696" percent="18" />
      <mem type="loa" free="260096" total="260096" percent="100" />
    </mem>
    <remembered-set count="2192" />
  </mem-info>
</gc-start>
<allocation-stats totalBytes="407735440" >
  <allocated-bytes non-tlh="48" tlh="407735392" />
  <largest-consumer threadName="Thread-40" threadId="0000000000C56F00" bytes="38773256" />
</allocation-stats>
<gc-op id="5602" type="scavenge" timems="21.768" contextid="5599" timestamp="2019-08-08T20:27:00.742">
  <scavenger-info tenureage="14" tenuremask="4000" tiltratio="89" />
  <memory-copied type="nursery" objects="47811" bytes="6041928" bytesdiscarded="281944" />
  <finalization candidates="3" enqueued="0" />
  <references type="soft" candidates="116" cleared="0" enqueued="0" dynamicThreshold="6" maxThreshold="32" />
  <references type="weak" candidates="78" cleared="0" enqueued="0" />
  <references type="phantom" candidates="71" cleared="0" enqueued="0" />
</gc-op>
<gc-end id="5603" type="scavenge" contextid="5599" durationms="33.220" usertimems="43.197" systemtimems="8.926" timestamp="2019-08-08T20:27:00.753" activeThreads="16">
  <mem-info id="5604" free="413419704" total="486998016" percent="84">
    <mem type="nursery" free="408517640" total="460980224" percent="88">
      <mem type="allocate" free="408517640" total="414842880" percent="98" />
      <mem type="survivor" free="0" total="46137344" percent="0" />
    </mem>
    <mem type="tenure" free="4902064" total="26017792" percent="18" macro-fragmented="0">
      <mem type="soa" free="4641968" total="25757696" percent="18" />
      <mem type="loa" free="260096" total="260096" percent="100" />
    </mem>
    <remembered-set count="2187" />
  </mem-info>
</gc-end>
<cycle-end id="5605" type="scavenge" contextid="5599" timestamp="2019-08-08T20:27:00.754" />
  <attribute name="elasticGC enabled" value="1" />
  <attribute name= "numThreadsSpecified" value="16" />
  <attribute name="heapSize specified" value="486932480" />
  <attribute name="Current GC Util" value="1" />
  <attribute name= "Current Time Running" value="188139" />
  <attribute name ="GC Interval" value="2121" />
  <attribute name="Target GC Util Change" value ="80.000000" />
  <attribute name="Current GC Util Change" value="1.000000"/>
  <attribute name="Current Error" value="207.000000" />
  <attribute name="Output H" value="487035976"/>
  <attribute name="Output I" value="2120"/>
  <attribute name="Output T" value="16"/>
  <attribute name= "Current Time Running" value="188139" />
  <attribute name="GC Util currently" value="1" />
  <attribute name="CPU Util currently" value="708709562" />
<allocation-satisfied id="5606" threadId="0000000000C53300" bytesRequested="48" />
<af-end id="5607" timestamp="2019-08-08T20:27:00.754" threadId="0000000000C53C88" success="true" from="nursery"/>
<exclusive-end id="5608" timestamp="2019-08-08T20:27:00.754" durationms="33.584" />

<exclusive-start id="5609" timestamp="2019-08-08T20:27:01.971" intervalms="1251.059">
  <response-info timems="2.377" idlems="2.377" threads="0" lastid="0000000000C74E00" lastname="Thread-51" />
</exclusive-start>
<af-start id="5610" threadId="0000000000C75788" totalBytesRequested="32776" timestamp="2019-08-08T20:27:01.971" intervalms="1251.345" type="nursery" />
<cycle-start id="5611" type="scavenge" contextid="0" timestamp="2019-08-08T20:27:01.972" intervalms="1251.331" />
<gc-start id="5612" type="scavenge" contextid="5611" timestamp="2019-08-08T20:27:01.972">
  <mem-info id="5613" free="4902064" total="486998016" percent="1">
    <mem type="nursery" free="0" total="460980224" percent="0">
      <mem type="allocate" free="0" total="414842880" percent="0" />
      <mem type="survivor" free="0" total="46137344" percent="0" />
    </mem>
    <mem type="tenure" free="4902064" total="26017792" percent="18">
      <mem type="soa" free="4641968" total="25757696" percent="18" />
      <mem type="loa" free="260096" total="260096" percent="100" />
    </mem>
    <remembered-set count="2187" />
  </mem-info>
</gc-start>
<allocation-stats totalBytes="408228560" >
  <allocated-bytes non-tlh="48" tlh="408228512" />
  <largest-consumer threadName="Thread-39" threadId="0000000000C6D600" bytes="32421424" />
</allocation-stats>
<gc-op id="5614" type="scavenge" timems="39.400" contextid="5611" timestamp="2019-08-08T20:27:02.011">
  <scavenger-info tenureage="14" tenuremask="4000" tiltratio="89" />
  <memory-copied type="nursery" objects="46375" bytes="5640800" bytesdiscarded="450768" />
  <finalization candidates="3" enqueued="0" />
  <references type="soft" candidates="116" cleared="0" enqueued="0" dynamicThreshold="6" maxThreshold="32" />
  <references type="weak" candidates="79" cleared="0" enqueued="0" />
  <references type="phantom" candidates="70" cleared="0" enqueued="0" />
</gc-op>
<gc-end id="5615" type="scavenge" contextid="5611" durationms="43.784" usertimems="13.231" systemtimems="16.695" timestamp="2019-08-08T20:27:02.015" activeThreads="16">
  <mem-info id="5616" free="413652024" total="486998016" percent="84">
    <mem type="nursery" free="408749960" total="460980224" percent="88">
      <mem type="allocate" free="408749960" total="414842880" percent="98" />
      <mem type="survivor" free="0" total="46137344" percent="0" />
    </mem>
    <mem type="tenure" free="4902064" total="26017792" percent="18" macro-fragmented="3657">
      <mem type="soa" free="4641968" total="25757696" percent="18" />
      <mem type="loa" free="260096" total="260096" percent="100" />
    </mem>
    <remembered-set count="808" />
  </mem-info>
</gc-end>
<cycle-end id="5617" type="scavenge" contextid="5611" timestamp="2019-08-08T20:27:02.016" />
  <attribute name="elasticGC enabled" value="1" />
  <attribute name= "numThreadsSpecified" value="16" />
  <attribute name="heapSize specified" value="486932480" />
  <attribute name="Current GC Util" value="1" />
  <attribute name= "Current Time Running" value="189391" />
  <attribute name ="GC Interval" value="2169" />
  <attribute name="Target GC Util Change" value ="80.000000" />
  <attribute name="Current GC Util Change" value="1.000000"/>
  <attribute name="Current Error" value="286.000000" />
  <attribute name="Output H" value="487036024"/>
  <attribute name="Output I" value="2168"/>
  <attribute name="Output T" value="16"/>
  <attribute name= "Current Time Running" value="189391" />
  <attribute name="GC Util currently" value="1" />
  <attribute name="CPU Util currently" value="921309488" />
<allocation-satisfied id="5618" threadId="0000000000C74E00" bytesRequested="32776" />
<af-end id="5619" timestamp="2019-08-08T20:27:02.016" threadId="0000000000C75788" success="true" from="nursery"/>
<exclusive-end id="5620" timestamp="2019-08-08T20:27:02.016" durationms="45.340" />

<exclusive-start id="5621" timestamp="2019-08-08T20:27:03.470" intervalms="1498.623">
  <response-info timems="8.573" idlems="8.573" threads="0" lastid="0000000000C87900" lastname="Thread-43" />
</exclusive-start>
<af-start id="5622" threadId="0000000000C88288" totalBytesRequested="16392" timestamp="2019-08-08T20:27:03.478" intervalms="1506.244" type="nursery" />
<cycle-start id="5623" type="scavenge" contextid="0" timestamp="2019-08-08T20:27:03.478" intervalms="1506.271" />
<gc-start id="5624" type="scavenge" contextid="5623" timestamp="2019-08-08T20:27:03.478">
  <mem-info id="5625" free="4902064" total="486998016" percent="1">
    <mem type="nursery" free="0" total="460980224" percent="0">
      <mem type="allocate" free="0" total="414842880" percent="0" />
      <mem type="survivor" free="0" total="46137344" percent="0" />
    </mem>
    <mem type="tenure" free="4902064" total="26017792" percent="18">
      <mem type="soa" free="4641968" total="25757696" percent="18" />
      <mem type="loa" free="260096" total="260096" percent="100" />
    </mem>
    <remembered-set count="808" />
  </mem-info>
</gc-start>
<allocation-stats totalBytes="408501424" >
  <allocated-bytes non-tlh="32776" tlh="408468648" />
  <largest-consumer threadName="Thread-48" threadId="0000000000C9E100" bytes="43257872" />
</allocation-stats>
<gc-op id="5626" type="scavenge" timems="42.107" contextid="5623" timestamp="2019-08-08T20:27:03.520">
  <scavenger-info tenureage="3" tenuremask="4008" tiltratio="89" />
  <memory-copied type="nursery" objects="8895" bytes="3589896" bytesdiscarded="415624" />
  <memory-copied type="tenure" objects="36330" bytes="2033864" bytesdiscarded="544" />
  <finalization candidates="3" enqueued="0" />
  <references type="phantom" candidates="3" cleared="0" enqueued="0" />
</gc-op>
<gc-end id="5627" type="scavenge" contextid="5623" durationms="42.670" usertimems="48.405" systemtimems="16.284" timestamp="2019-08-08T20:27:03.521" activeThreads="16">
  <mem-info id="5628" free="413497504" total="486998016" percent="84">
    <mem type="nursery" free="410837088" total="460980224" percent="89">
      <mem type="allocate" free="410837088" total="414842880" percent="99" />
      <mem type="survivor" free="0" total="46137344" percent="0" />
    </mem>
    <mem type="tenure" free="2660416" total="26017792" percent="10" macro-fragmented="2160235">
      <mem type="soa" free="2400320" total="25757696" percent="9" />
      <mem type="loa" free="260096" total="260096" percent="100" />
    </mem>
    <remembered-set count="418" />
  </mem-info>
</gc-end>
<cycle-end id="5629" type="scavenge" contextid="5623" timestamp="2019-08-08T20:27:03.521" />
  <attribute name="elasticGC enabled" value="1" />
  <attribute name= "numThreadsSpecified" value="16" />
  <attribute name="heapSize specified" value="486932480" />
  <attribute name="Current GC Util" value="2" />
  <attribute name= "Current Time Running" value="190897" />
  <attribute name ="GC Interval" value="2217" />
  <attribute name="Target GC Util Change" value ="80.000000" />
  <attribute name="Current GC Util Change" value="2.000000"/>
  <attribute name="Current Error" value="364.000000" />
  <attribute name="Output H" value="487036072"/>
  <attribute name="Output I" value="2216"/>
  <attribute name="Output T" value="16"/>
  <attribute name= "Current Time Running" value="190897" />
  <attribute name="GC Util currently" value="2" />
  <attribute name="CPU Util currently" value="765223424" />
<allocation-satisfied id="5630" threadId="0000000000C87900" bytesRequested="16392" />
<af-end id="5631" timestamp="2019-08-08T20:27:03.521" threadId="0000000000C88288" success="true" from="nursery"/>
<exclusive-end id="5632" timestamp="2019-08-08T20:27:03.521" durationms="51.196" />

<exclusive-start id="5633" timestamp="2019-08-08T20:27:04.698" intervalms="1228.615">
  <response-info timems="9.740" idlems="7.597" threads="12" lastid="0000000000C71200" lastname="Thread-52" />
</exclusive-start>
<af-start id="5634" threadId="0000000000C6DF88" totalBytesRequested="40" timestamp="2019-08-08T20:27:04.698" intervalms="1220.706" type="nursery" />
<cycle-start id="5635" type="scavenge" contextid="0" timestamp="2019-08-08T20:27:04.698" intervalms="1220.683" />
<gc-start id="5636" type="scavenge" contextid="5635" timestamp="2019-08-08T20:27:04.699">
  <mem-info id="5637" free="2660416" total="486998016" percent="0">
    <mem type="nursery" free="0" total="460980224" percent="0">
      <mem type="allocate" free="0" total="414842880" percent="0" />
      <mem type="survivor" free="0" total="46137344" percent="0" />
    </mem>
    <mem type="tenure" free="2660416" total="26017792" percent="10">
      <mem type="soa" free="2400320" total="25757696" percent="9" />
      <mem type="loa" free="260096" total="260096" percent="100" />
    </mem>
    <remembered-set count="1050" />
  </mem-info>
</gc-start>
<allocation-stats totalBytes="410532768" >
  <allocated-bytes non-tlh="16392" tlh="410516376" />
  <largest-consumer threadName="Thread-47" threadId="0000000000C4F700" bytes="34966776" />
</allocation-stats>
<gc-op id="5638" type="scavenge" timems="126.017" contextid="5635" timestamp="2019-08-08T20:27:04.825">
  <scavenger-info tenureage="14" tenuremask="4000" tiltratio="89" />
  <memory-copied type="nursery" objects="10272" bytes="4113280" bytesdiscarded="456552" />
</gc-op>
<heap-resize id="5639" type="expand" space="nursery" amount="26869760" count="1" timems="0.028" reason="excessive time being spent scavenging" timestamp="2019-08-08T20:27:04.839" />
<gc-end id="5640" type="scavenge" contextid="5635" durationms="143.928" usertimems="35.803" systemtimems="58.905" timestamp="2019-08-08T20:27:04.843" activeThreads="16">
  <mem-info id="5641" free="437115992" total="513867776" percent="85">
    <mem type="nursery" free="434455576" total="487849984" percent="89">
      <mem type="allocate" free="434455576" total="439025664" percent="98" />
      <mem type="survivor" free="0" total="48824320" percent="0" />
    </mem>
    <mem type="tenure" free="2660416" total="26017792" percent="10" macro-fragmented="868149">
      <mem type="soa" free="2400320" total="25757696" percent="9" />
      <mem type="loa" free="260096" total="260096" percent="100" />
    </mem>
    <remembered-set count="418" />
  </mem-info>
</gc-end>
<cycle-end id="5642" type="scavenge" contextid="5635" timestamp="2019-08-08T20:27:04.843" />
  <attribute name="elasticGC enabled" value="1" />
  <attribute name= "numThreadsSpecified" value="16" />
  <attribute name="heapSize specified" value="486932480" />
  <attribute name="Current GC Util" value="2" />
  <attribute name= "Current Time Running" value="192118" />
  <attribute name ="GC Interval" value="2049" />
  <attribute name="Target GC Util Change" value ="80.000000" />
  <attribute name="Current GC Util Change" value="2.000000"/>
  <attribute name="Current Error" value="78.000000" />
  <attribute name="Output H" value="487035904"/>
  <attribute name="Output I" value="2048"/>
  <attribute name="Output T" value="16"/>
  <attribute name= "Current Time Running" value="192118" />
  <attribute name="GC Util currently" value="2" />
  <attribute name="CPU Util currently" value="944807539" />
<allocation-satisfied id="5643" threadId="0000000000C6D600" bytesRequested="40" />
<af-end id="5644" timestamp="2019-08-08T20:27:04.843" threadId="0000000000C6DF88" success="true" from="nursery"/>
<exclusive-end id="5645" timestamp="2019-08-08T20:27:04.843" durationms="144.318" />

<exclusive-start id="5646" timestamp="2019-08-08T20:27:06.012" intervalms="1314.121">
  <response-info timems="2.601" idlems="0.969" threads="2" lastid="0000000000C92D00" lastname="Thread-42" />
</exclusive-start>
<af-start id="5647" threadId="0000000000C44C88" totalBytesRequested="824" timestamp="2019-08-08T20:27:06.013" intervalms="1314.117" type="nursery" />
<cycle-start id="5648" type="scavenge" contextid="0" timestamp="2019-08-08T20:27:06.013" intervalms="1314.114" />
<gc-start id="5649" type="scavenge" contextid="5648" timestamp="2019-08-08T20:27:06.013">
  <mem-info id="5650" free="2660416" total="513867776" percent="0">
    <mem type="nursery" free="0" total="487849984" percent="0">
      <mem type="allocate" free="0" total="439025664" percent="0" />
      <mem type="survivor" free="0" total="48824320" percent="0" />
    </mem>
    <mem type="tenure" free="2660416" total="26017792" percent="10">
      <mem type="soa" free="2400320" total="25757696" percent="9" />
      <mem type="loa" free="260096" total="260096" percent="100" />
    </mem>
    <remembered-set count="1047" />
  </mem-info>
</gc-start>
<allocation-stats totalBytes="434192136" >
  <allocated-bytes non-tlh="40" tlh="434192096" />
  <largest-consumer threadName="Thread-42" threadId="0000000000C92D00" bytes="41882696" />
</allocation-stats>
<gc-op id="5651" type="scavenge" timems="27.398" contextid="5648" timestamp="2019-08-08T20:27:06.040">
  <scavenger-info tenureage="14" tenuremask="4000" tiltratio="89" />
  <memory-copied type="nursery" objects="10399" bytes="4059432" bytesdiscarded="560544" />
  <references type="phantom" candidates="2" cleared="0" enqueued="0" />
</gc-op>
<gc-end id="5652" type="scavenge" contextid="5648" durationms="27.622" usertimems="30.883" systemtimems="16.334" timestamp="2019-08-08T20:27:06.040" activeThreads="16">
  <mem-info id="5653" free="437065824" total="513867776" percent="85">
    <mem type="nursery" free="434405408" total="487849984" percent="89">
      <mem type="allocate" free="434405408" total="439025664" percent="98" />
      <mem type="survivor" free="0" total="48824320" percent="0" />
    </mem>
    <mem type="tenure" free="2660416" total="26017792" percent="10" macro-fragmented="1500163">
      <mem type="soa" free="2400320" total="25757696" percent="9" />
      <mem type="loa" free="260096" total="260096" percent="100" />
    </mem>
    <remembered-set count="396" />
  </mem-info>
</gc-end>
<cycle-end id="5654" type="scavenge" contextid="5648" timestamp="2019-08-08T20:27:06.042" />
  <attribute name="elasticGC enabled" value="1" />
  <attribute name= "numThreadsSpecified" value="16" />
  <attribute name="heapSize specified" value="486932480" />
  <attribute name="Current GC Util" value="5" />
  <attribute name= "Current Time Running" value="193432" />
  <attribute name ="GC Interval" value="2089" />
  <attribute name="Target GC Util Change" value ="80.000000" />
  <attribute name="Current GC Util Change" value="5.000000"/>
  <attribute name="Current Error" value="153.000000" />
  <attribute name="Output H" value="513905704"/>
  <attribute name="Output I" value="2088"/>
  <attribute name="Output T" value="16"/>
  <attribute name= "Current Time Running" value="193432" />
  <attribute name="GC Util currently" value="5" />
  <attribute name="CPU Util currently" value="877369717" />
<allocation-satisfied id="5655" threadId="0000000000C44300" bytesRequested="824" />
<af-end id="5656" timestamp="2019-08-08T20:27:06.042" threadId="0000000000C44C88" success="true" from="nursery"/>
<exclusive-end id="5657" timestamp="2019-08-08T20:27:06.042" durationms="30.002" />

<exclusive-start id="5658" timestamp="2019-08-08T20:27:07.075" intervalms="1062.846">
  <response-info timems="1.171" idlems="0.633" threads="1" lastid="0000000000C4F700" lastname="Thread-47" />
</exclusive-start>
<af-start id="5659" threadId="0000000000C71B88" totalBytesRequested="2056" timestamp="2019-08-08T20:27:07.076" intervalms="1063.722" type="nursery" />
<cycle-start id="5660" type="scavenge" contextid="0" timestamp="2019-08-08T20:27:07.076" intervalms="1063.740" />
<gc-start id="5661" type="scavenge" contextid="5660" timestamp="2019-08-08T20:27:07.076">
  <mem-info id="5662" free="2660416" total="513867776" percent="0">
    <mem type="nursery" free="0" total="487849984" percent="0">
      <mem type="allocate" free="0" total="439025664" percent="0" />
      <mem type="survivor" free="0" total="48824320" percent="0" />
    </mem>
    <mem type="tenure" free="2660416" total="26017792" percent="10">
      <mem type="soa" free="2400320" total="25757696" percent="9" />
      <mem type="loa" free="260096" total="260096" percent="100" />
    </mem>
    <remembered-set count="1018" />
  </mem-info>
</gc-start>
<allocation-stats totalBytes="434111656" >
  <allocated-bytes non-tlh="824" tlh="434110832" />
  <largest-consumer threadName="Thread-51" threadId="0000000000C74E00" bytes="39068744" />
</allocation-stats>
<gc-op id="5663" type="scavenge" timems="14.816" contextid="5660" timestamp="2019-08-08T20:27:07.091">
  <scavenger-info tenureage="14" tenuremask="4000" tiltratio="89" />
  <memory-copied type="nursery" objects="10470" bytes="4113720" bytesdiscarded="659776" />
  <references type="weak" candidates="1" cleared="0" enqueued="0" />
  <references type="phantom" candidates="3" cleared="0" enqueued="0" />
</gc-op>
<gc-end id="5664" type="scavenge" contextid="5660" durationms="15.708" usertimems="20.284" systemtimems="0.549" timestamp="2019-08-08T20:27:07.092" activeThreads="16">
  <mem-info id="5665" free="436912312" total="513867776" percent="85">
    <mem type="nursery" free="434251896" total="487849984" percent="89">
      <mem type="allocate" free="434251896" total="439025664" percent="98" />
      <mem type="survivor" free="0" total="48824320" percent="0" />
    </mem>
    <mem type="tenure" free="2660416" total="26017792" percent="10" macro-fragmented="1800196">
      <mem type="soa" free="2400320" total="25757696" percent="9" />
      <mem type="loa" free="260096" total="260096" percent="100" />
    </mem>
    <remembered-set count="374" />
  </mem-info>
</gc-end>
<cycle-end id="5666" type="scavenge" contextid="5660" timestamp="2019-08-08T20:27:07.092" />
  <attribute name="elasticGC enabled" value="1" />
  <attribute name= "numThreadsSpecified" value="16" />
  <attribute name="heapSize specified" value="486932480" />
  <attribute name="Current GC Util" value="3" />
  <attribute name= "Current Time Running" value="194496" />
  <attribute name ="GC Interval" value="2137" />
  <attribute name="Target GC Util Change" value ="80.000000" />
  <attribute name="Current GC Util Change" value="3.000000"/>
  <attribute name="Current Error" value="230.000000" />
  <attribute name="Output H" value="513905752"/>
  <attribute name="Output I" value="2136"/>
  <attribute name="Output T" value="16"/>
  <attribute name= "Current Time Running" value="194496" />
  <attribute name="GC Util currently" value="3" />
  <attribute name="CPU Util currently" value="1083793687" />
<allocation-satisfied id="5667" threadId="0000000000C71200" bytesRequested="2056" />
<af-end id="5668" timestamp="2019-08-08T20:27:07.092" threadId="0000000000C71B88" success="true" from="nursery"/>
<exclusive-end id="5669" timestamp="2019-08-08T20:27:07.092" durationms="17.141" />

<exclusive-start id="5670" timestamp="2019-08-08T20:27:08.123" intervalms="1047.597">
  <response-info timems="24.675" idlems="24.675" threads="0" lastid="0000000000C87900" lastname="Thread-43" />
</exclusive-start>
<af-start id="5671" threadId="0000000000C88288" totalBytesRequested="48" timestamp="2019-08-08T20:27:08.123" intervalms="1046.710" type="nursery" />
<cycle-start id="5672" type="scavenge" contextid="0" timestamp="2019-08-08T20:27:08.123" intervalms="1046.679" />
<gc-start id="5673" type="scavenge" contextid="5672" timestamp="2019-08-08T20:27:08.123">
  <mem-info id="5674" free="2660416" total="513867776" percent="0">
    <mem type="nursery" free="0" total="487849984" percent="0">
      <mem type="allocate" free="0" total="439025664" percent="0" />
      <mem type="survivor" free="0" total="48824320" percent="0" />
    </mem>
    <mem type="tenure" free="2660416" total="26017792" percent="10">
      <mem type="soa" free="2400320" total="25757696" percent="9" />
      <mem type="loa" free="260096" total="260096" percent="100" />
    </mem>
    <remembered-set count="999" />
  </mem-info>
</gc-start>
<allocation-stats totalBytes="433931624" >
  <allocated-bytes non-tlh="2056" tlh="433929568" />
  <largest-consumer threadName="Thread-51" threadId="0000000000C74E00" bytes="34926984" />
</allocation-stats>
<gc-op id="5675" type="scavenge" timems="6.967" contextid="5672" timestamp="2019-08-08T20:27:08.130">
  <scavenger-info tenureage="14" tenuremask="4000" tiltratio="89" />
  <memory-copied type="nursery" objects="10455" bytes="4021392" bytesdiscarded="457256" />
</gc-op>
<gc-end id="5676" type="scavenge" contextid="5672" durationms="11.291" usertimems="6.468" systemtimems="0.000" timestamp="2019-08-08T20:27:08.134" activeThreads="16">
  <mem-info id="5677" free="437207176" total="513867776" percent="85">
    <mem type="nursery" free="434546760" total="487849984" percent="89">
      <mem type="allocate" free="434546760" total="439025664" percent="98" />
      <mem type="survivor" free="0" total="48824320" percent="0" />
    </mem>
    <mem type="tenure" free="2660416" total="26017792" percent="10" macro-fragmented="1250136">
      <mem type="soa" free="2400320" total="25757696" percent="9" />
      <mem type="loa" free="260096" total="260096" percent="100" />
    </mem>
    <remembered-set count="371" />
  </mem-info>
</gc-end>
<cycle-end id="5678" type="scavenge" contextid="5672" timestamp="2019-08-08T20:27:08.134" />
  <attribute name="elasticGC enabled" value="1" />
  <attribute name= "numThreadsSpecified" value="16" />
  <attribute name="heapSize specified" value="486932480" />
  <attribute name="Current GC Util" value="0" />
  <attribute name= "Current Time Running" value="195542" />
  <attribute name ="GC Interval" value="2185" />
  <attribute name="Target GC Util Change" value ="80.000000" />
  <attribute name="Current GC Util Change" value="0.000000"/>
  <attribute name="Current Error" value="310.000000" />
  <attribute name="Output H" value="513905800"/>
  <attribute name="Output I" value="2184"/>
  <attribute name="Output T" value="16"/>
  <attribute name= "Current Time Running" value="195542" />
  <attribute name="GC Util currently" value="0" />
  <attribute name="CPU Util currently" value="1101568691" />
<allocation-satisfied id="5679" threadId="0000000000C87900" bytesRequested="48" />
<af-end id="5680" timestamp="2019-08-08T20:27:08.134" threadId="0000000000C88288" success="true" from="nursery"/>
<exclusive-end id="5681" timestamp="2019-08-08T20:27:08.134" durationms="11.586" />

<exclusive-start id="5682" timestamp="2019-08-08T20:27:08.773" intervalms="650.095">
  <response-info timems="6.334" idlems="3.169" threads="3" lastid="0000000000C44300" lastname="Thread-50" />
</exclusive-start>
<af-start id="5683" threadId="0000000000C57888" totalBytesRequested="8200" timestamp="2019-08-08T20:27:08.773" intervalms="650.156" type="nursery" />
<cycle-start id="5684" type="scavenge" contextid="0" timestamp="2019-08-08T20:27:08.776" intervalms="653.009" />
<gc-start id="5685" type="scavenge" contextid="5684" timestamp="2019-08-08T20:27:08.781">
  <mem-info id="5686" free="2660416" total="513867776" percent="0">
    <mem type="nursery" free="0" total="487849984" percent="0">
      <mem type="allocate" free="0" total="439025664" percent="0" />
      <mem type="survivor" free="0" total="48824320" percent="0" />
    </mem>
    <mem type="tenure" free="2660416" total="26017792" percent="10">
      <mem type="soa" free="2400320" total="25757696" percent="9" />
      <mem type="loa" free="260096" total="260096" percent="100" />
    </mem>
    <remembered-set count="1010" />
  </mem-info>
</gc-start>
<allocation-stats totalBytes="434275128" >
  <allocated-bytes non-tlh="48" tlh="434275080" />
  <largest-consumer threadName="Thread-41" threadId="0000000000C40700" bytes="41502656" />
</allocation-stats>
<gc-op id="5687" type="scavenge" timems="88.538" contextid="5684" timestamp="2019-08-08T20:27:08.870">
  <scavenger-info tenureage="14" tenuremask="4000" tiltratio="89" />
  <memory-copied type="nursery" objects="9131" bytes="3688024" bytesdiscarded="323424" />
  <references type="phantom" candidates="3" cleared="0" enqueued="0" />
</gc-op>
<heap-resize id="5688" type="expand" space="nursery" amount="27131904" count="1" timems="0.025" reason="excessive time being spent scavenging" timestamp="2019-08-08T20:27:08.873" />
<gc-end id="5689" type="scavenge" contextid="5684" durationms="92.713" usertimems="81.964" systemtimems="56.961" timestamp="2019-08-08T20:27:08.874" activeThreads="16">
  <mem-info id="5690" free="462053744" total="540999680" percent="85">
    <mem type="nursery" free="459393328" total="514981888" percent="89">
      <mem type="allocate" free="459393328" total="463405056" percent="99" />
      <mem type="survivor" free="0" total="51576832" percent="0" />
    </mem>
    <mem type="tenure" free="2660416" total="26017792" percent="10" macro-fragmented="1800196">
      <mem type="soa" free="2400320" total="25757696" percent="9" />
      <mem type="loa" free="260096" total="260096" percent="100" />
    </mem>
    <remembered-set count="354" />
  </mem-info>
</gc-end>
<cycle-end id="5691" type="scavenge" contextid="5684" timestamp="2019-08-08T20:27:08.874" />
  <attribute name="elasticGC enabled" value="1" />
  <attribute name= "numThreadsSpecified" value="16" />
  <attribute name="heapSize specified" value="486932480" />
  <attribute name="Current GC Util" value="0" />
  <attribute name= "Current Time Running" value="196200" />
  <attribute name ="GC Interval" value="2233" />
  <attribute name="Target GC Util Change" value ="80.000000" />
  <attribute name="Current GC Util Change" value="0.000000"/>
  <attribute name="Current Error" value="390.000000" />
  <attribute name="Output H" value="513905848"/>
  <attribute name="Output I" value="2232"/>
  <attribute name="Output T" value="16"/>
  <attribute name= "Current Time Running" value="196200" />
  <attribute name="GC Util currently" value="0" />
  <attribute name="CPU Util currently" value="1752109589" />
<allocation-satisfied id="5692" threadId="0000000000C56F00" bytesRequested="8200" />
<af-end id="5693" timestamp="2019-08-08T20:27:08.874" threadId="0000000000C57888" success="true" from="nursery"/>
<exclusive-end id="5694" timestamp="2019-08-08T20:27:08.874" durationms="101.086" />

<exclusive-start id="5695" timestamp="2019-08-08T20:27:09.525" intervalms="751.998">
  <response-info timems="2.116" idlems="2.116" threads="0" lastid="0000000000C87900" lastname="Thread-43" />
</exclusive-start>
<af-start id="5696" threadId="0000000000C88288" totalBytesRequested="2056" timestamp="2019-08-08T20:27:09.525" intervalms="751.981" type="nursery" />
<cycle-start id="5697" type="scavenge" contextid="0" timestamp="2019-08-08T20:27:09.525" intervalms="749.141" />
<gc-start id="5698" type="scavenge" contextid="5697" timestamp="2019-08-08T20:27:09.525">
  <mem-info id="5699" free="2660416" total="540999680" percent="0">
    <mem type="nursery" free="0" total="514981888" percent="0">
      <mem type="allocate" free="0" total="463405056" percent="0" />
      <mem type="survivor" free="0" total="51576832" percent="0" />
    </mem>
    <mem type="tenure" free="2660416" total="26017792" percent="10">
      <mem type="soa" free="2400320" total="25757696" percent="9" />
      <mem type="loa" free="260096" total="260096" percent="100" />
    </mem>
    <remembered-set count="989" />
  </mem-info>
</gc-start>
<allocation-stats totalBytes="458993200" >
  <allocated-bytes non-tlh="8200" tlh="458985000" />
  <largest-consumer threadName="Thread-44" threadId="0000000000C8B500" bytes="40685000" />
</allocation-stats>
<gc-op id="5700" type="scavenge" timems="30.639" contextid="5697" timestamp="2019-08-08T20:27:09.556">
  <scavenger-info tenureage="14" tenuremask="4000" tiltratio="89" />
  <memory-copied type="nursery" objects="6922" bytes="2897112" bytesdiscarded="187704" />
  <references type="phantom" candidates="11" cleared="0" enqueued="0" />
</gc-op>
<gc-end id="5701" type="scavenge" contextid="5697" durationms="31.175" usertimems="49.299" systemtimems="12.008" timestamp="2019-08-08T20:27:09.556" activeThreads="16">
  <mem-info id="5702" free="463045848" total="540999680" percent="85">
    <mem type="nursery" free="460385432" total="514981888" percent="89">
      <mem type="allocate" free="460385432" total="463470592" percent="99" />
      <mem type="survivor" free="0" total="51511296" percent="0" />
    </mem>
    <mem type="tenure" free="2660416" total="26017792" percent="10" macro-fragmented="1250136">
      <mem type="soa" free="2400320" total="25757696" percent="9" />
      <mem type="loa" free="260096" total="260096" percent="100" />
    </mem>
    <remembered-set count="347" />
  </mem-info>
</gc-end>
<cycle-end id="5703" type="scavenge" contextid="5697" timestamp="2019-08-08T20:27:09.557" />
  <attribute name="elasticGC enabled" value="1" />
  <attribute name= "numThreadsSpecified" value="16" />
  <attribute name="heapSize specified" value="486932480" />
  <attribute name="Current GC Util" value="9" />
  <attribute name= "Current Time Running" value="196944" />
  <attribute name ="GC Interval" value="2273" />
  <attribute name="Target GC Util Change" value ="80.000000" />
  <attribute name="Current GC Util Change" value="9.000000"/>
  <attribute name="Current Error" value="461.000000" />
  <attribute name="Output H" value="541037792"/>
  <attribute name="Output I" value="2272"/>
  <attribute name="Output T" value="16"/>
  <attribute name= "Current Time Running" value="196944" />
  <attribute name="GC Util currently" value="9" />
  <attribute name="CPU Util currently" value="1549289275" />
<allocation-satisfied id="5704" threadId="0000000000C87900" bytesRequested="2056" />
<af-end id="5705" timestamp="2019-08-08T20:27:09.557" threadId="0000000000C88288" success="true" from="nursery"/>
<exclusive-end id="5706" timestamp="2019-08-08T20:27:09.557" durationms="31.571" />

<exclusive-start id="5707" timestamp="2019-08-08T20:27:10.288" intervalms="763.317">
  <response-info timems="4.983" idlems="4.983" threads="0" lastid="0000000000C74E00" lastname="Thread-51" />
</exclusive-start>
<af-start id="5708" threadId="0000000000C75788" totalBytesRequested="16392" timestamp="2019-08-08T20:27:10.288" intervalms="763.279" type="nursery" />
<cycle-start id="5709" type="scavenge" contextid="0" timestamp="2019-08-08T20:27:10.288" intervalms="763.274" />
<gc-start id="5710" type="scavenge" contextid="5709" timestamp="2019-08-08T20:27:10.289">
  <mem-info id="5711" free="2660416" total="540999680" percent="0">
    <mem type="nursery" free="0" total="514981888" percent="0">
      <mem type="allocate" free="0" total="463470592" percent="0" />
      <mem type="survivor" free="0" total="51511296" percent="0" />
    </mem>
    <mem type="tenure" free="2660416" total="26017792" percent="10">
      <mem type="soa" free="2400320" total="25757696" percent="9" />
      <mem type="loa" free="260096" total="260096" percent="100" />
    </mem>
    <remembered-set count="985" />
  </mem-info>
</gc-start>
<allocation-stats totalBytes="460091192" >
  <allocated-bytes non-tlh="2056" tlh="460089136" />
  <largest-consumer threadName="Thread-41" threadId="0000000000C40700" bytes="40335704" />
</allocation-stats>
<gc-op id="5712" type="scavenge" timems="22.403" contextid="5709" timestamp="2019-08-08T20:27:10.311">
  <scavenger-info tenureage="14" tenuremask="4000" tiltratio="89" />
  <memory-copied type="nursery" objects="10407" bytes="4062736" bytesdiscarded="114944" />
  <references type="weak" candidates="1" cleared="0" enqueued="0" />
  <references type="phantom" candidates="2" cleared="0" enqueued="0" />
</gc-op>
<gc-end id="5713" type="scavenge" contextid="5709" durationms="26.902" usertimems="24.853" systemtimems="2.052" timestamp="2019-08-08T20:27:10.315" activeThreads="16">
  <mem-info id="5714" free="461953064" total="540999680" percent="85">
    <mem type="nursery" free="459292648" total="514981888" percent="89">
      <mem type="allocate" free="459292648" total="463470592" percent="99" />
      <mem type="survivor" free="0" total="51511296" percent="0" />
    </mem>
    <mem type="tenure" free="2660416" total="26017792" percent="10" macro-fragmented="1250136">
      <mem type="soa" free="2400320" total="25757696" percent="9" />
      <mem type="loa" free="260096" total="260096" percent="100" />
    </mem>
    <remembered-set count="379" />
  </mem-info>
</gc-end>
<cycle-end id="5715" type="scavenge" contextid="5709" timestamp="2019-08-08T20:27:10.316" />
  <attribute name="elasticGC enabled" value="1" />
  <attribute name= "numThreadsSpecified" value="16" />
  <attribute name="heapSize specified" value="486932480" />
  <attribute name="Current GC Util" value="2" />
  <attribute name= "Current Time Running" value="197708" />
  <attribute name ="GC Interval" value="2049" />
  <attribute name="Target GC Util Change" value ="80.000000" />
  <attribute name="Current GC Util Change" value="2.000000"/>
  <attribute name="Current Error" value="78.000000" />
  <attribute name="Output H" value="541037568"/>
  <attribute name="Output I" value="2048"/>
  <attribute name="Output T" value="16"/>
  <attribute name= "Current Time Running" value="197708" />
  <attribute name="GC Util currently" value="2" />
  <attribute name="CPU Util currently" value="1510527606" />
<allocation-satisfied id="5716" threadId="0000000000C74E00" bytesRequested="16392" />
<af-end id="5717" timestamp="2019-08-08T20:27:10.316" threadId="0000000000C75788" success="true" from="nursery"/>
<exclusive-end id="5718" timestamp="2019-08-08T20:27:10.316" durationms="27.268" />

<exclusive-start id="5719" timestamp="2019-08-08T20:27:11.096" intervalms="807.565">
  <response-info timems="31.467" idlems="31.467" threads="0" lastid="0000000000C56F00" lastname="Thread-40" />
</exclusive-start>
<af-start id="5720" threadId="0000000000C57888" totalBytesRequested="16392" timestamp="2019-08-08T20:27:11.096" intervalms="807.582" type="nursery" />
<cycle-start id="5721" type="scavenge" contextid="0" timestamp="2019-08-08T20:27:11.096" intervalms="807.594" />
<gc-start id="5722" type="scavenge" contextid="5721" timestamp="2019-08-08T20:27:11.097">
  <mem-info id="5723" free="2660416" total="540999680" percent="0">
    <mem type="nursery" free="0" total="514981888" percent="0">
      <mem type="allocate" free="0" total="463470592" percent="0" />
      <mem type="survivor" free="0" total="51511296" percent="0" />
    </mem>
    <mem type="tenure" free="2660416" total="26017792" percent="10">
      <mem type="soa" free="2400320" total="25757696" percent="9" />
      <mem type="loa" free="260096" total="260096" percent="100" />
    </mem>
    <remembered-set count="988" />
  </mem-info>
</gc-start>
<allocation-stats totalBytes="458900992" >
  <allocated-bytes non-tlh="16392" tlh="458884600" />
  <largest-consumer threadName="Thread-52" threadId="0000000000C71200" bytes="39526192" />
</allocation-stats>
<gc-op id="5724" type="scavenge" timems="30.945" contextid="5721" timestamp="2019-08-08T20:27:11.128">
  <scavenger-info tenureage="14" tenuremask="4000" tiltratio="89" />
  <memory-copied type="nursery" objects="9898" bytes="3751160" bytesdiscarded="395944" />
  <references type="phantom" candidates="3" cleared="0" enqueued="0" />
</gc-op>
<gc-end id="5725" type="scavenge" contextid="5721" durationms="36.051" usertimems="13.460" systemtimems="3.231" timestamp="2019-08-08T20:27:11.133" activeThreads="16">
  <mem-info id="5726" free="461983624" total="540999680" percent="85">
    <mem type="nursery" free="459323208" total="514981888" percent="89">
      <mem type="allocate" free="459323208" total="463470592" percent="99" />
      <mem type="survivor" free="0" total="51511296" percent="0" />
    </mem>
    <mem type="tenure" free="2660416" total="26017792" percent="10" macro-fragmented="0">
      <mem type="soa" free="2400320" total="25757696" percent="9" />
      <mem type="loa" free="260096" total="260096" percent="100" />
    </mem>
    <remembered-set count="384" />
  </mem-info>
</gc-end>
<cycle-end id="5727" type="scavenge" contextid="5721" timestamp="2019-08-08T20:27:11.133" />
  <attribute name="elasticGC enabled" value="1" />
  <attribute name= "numThreadsSpecified" value="16" />
  <attribute name="heapSize specified" value="486932480" />
  <attribute name="Current GC Util" value="1" />
  <attribute name= "Current Time Running" value="198516" />
  <attribute name ="GC Interval" value="2097" />
  <attribute name="Target GC Util Change" value ="80.000000" />
  <attribute name="Current GC Util Change" value="1.000000"/>
  <attribute name="Current Error" value="157.000000" />
  <attribute name="Output H" value="541037616"/>
  <attribute name="Output I" value="2096"/>
  <attribute name="Output T" value="16"/>
  <attribute name= "Current Time Running" value="198516" />
  <attribute name="GC Util currently" value="1" />
  <attribute name="CPU Util currently" value="1425976822" />
<allocation-satisfied id="5728" threadId="0000000000C56F00" bytesRequested="16392" />
<af-end id="5729" timestamp="2019-08-08T20:27:11.134" threadId="0000000000C57888" success="true" from="nursery"/>
<exclusive-end id="5730" timestamp="2019-08-08T20:27:11.134" durationms="38.117" />

<exclusive-start id="5731" timestamp="2019-08-08T20:27:12.304" intervalms="1207.729">
  <response-info timems="2.637" idlems="1.281" threads="7" lastid="0000000000C53300" lastname="Thread-46" />
</exclusive-start>
<af-start id="5732" threadId="0000000000C71B88" totalBytesRequested="32776" timestamp="2019-08-08T20:27:12.304" intervalms="1207.724" type="nursery" />
<cycle-start id="5733" type="scavenge" contextid="0" timestamp="2019-08-08T20:27:12.304" intervalms="1207.716" />
<gc-start id="5734" type="scavenge" contextid="5733" timestamp="2019-08-08T20:27:12.305">
  <mem-info id="5735" free="2660416" total="540999680" percent="0">
    <mem type="nursery" free="0" total="514981888" percent="0">
      <mem type="allocate" free="0" total="463470592" percent="0" />
      <mem type="survivor" free="0" total="51511296" percent="0" />
    </mem>
    <mem type="tenure" free="2660416" total="26017792" percent="10">
      <mem type="soa" free="2400320" total="25757696" percent="9" />
      <mem type="loa" free="260096" total="260096" percent="100" />
    </mem>
    <remembered-set count="993" />
  </mem-info>
</gc-start>
<allocation-stats totalBytes="459064888" >
  <allocated-bytes non-tlh="16392" tlh="459048496" />
  <largest-consumer threadName="Thread-37" threadId="0000000000C69A00" bytes="46134000" />
</allocation-stats>
<gc-op id="5736" type="scavenge" timems="6.128" contextid="5733" timestamp="2019-08-08T20:27:12.311">
  <scavenger-info tenureage="14" tenuremask="4000" tiltratio="89" />
  <memory-copied type="nursery" objects="9514" bytes="3790432" bytesdiscarded="819784" />
  <references type="weak" candidates="1" cleared="0" enqueued="0" />
  <references type="phantom" candidates="4" cleared="0" enqueued="0" />
</gc-op>
<gc-end id="5737" type="scavenge" contextid="5733" durationms="10.500" usertimems="6.565" systemtimems="0.964" timestamp="2019-08-08T20:27:12.316" activeThreads="16">
  <mem-info id="5738" free="461520512" total="540999680" percent="85">
    <mem type="nursery" free="458860096" total="514981888" percent="89">
      <mem type="allocate" free="458860096" total="463470592" percent="99" />
      <mem type="survivor" free="0" total="51511296" percent="0" />
    </mem>
    <mem type="tenure" free="2660416" total="26017792" percent="10" macro-fragmented="19056">
      <mem type="soa" free="2400320" total="25757696" percent="9" />
      <mem type="loa" free="260096" total="260096" percent="100" />
    </mem>
    <remembered-set count="373" />
  </mem-info>
</gc-end>
<cycle-end id="5739" type="scavenge" contextid="5733" timestamp="2019-08-08T20:27:12.325" />
  <attribute name="elasticGC enabled" value="1" />
  <attribute name= "numThreadsSpecified" value="16" />
  <attribute name="heapSize specified" value="486932480" />
  <attribute name="Current GC Util" value="1" />
  <attribute name= "Current Time Running" value="199724" />
  <attribute name ="GC Interval" value="2137" />
  <attribute name="Target GC Util Change" value ="80.000000" />
  <attribute name="Current GC Util Change" value="1.000000"/>
  <attribute name="Current Error" value="236.000000" />
  <attribute name="Output H" value="541037656"/>
  <attribute name="Output I" value="2136"/>
  <attribute name="Output T" value="16"/>
  <attribute name= "Current Time Running" value="199724" />
  <attribute name="GC Util currently" value="1" />
  <attribute name="CPU Util currently" value="954379753" />
<allocation-satisfied id="5740" threadId="0000000000C71200" bytesRequested="32776" />
<af-end id="5741" timestamp="2019-08-08T20:27:12.325" threadId="0000000000C71B88" success="true" from="nursery"/>
<exclusive-end id="5742" timestamp="2019-08-08T20:27:12.326" durationms="21.903" />

<exclusive-start id="5743" timestamp="2019-08-08T20:27:15.546" intervalms="3242.582">
  <response-info timems="1.017" idlems="1.006" threads="1" lastid="0000000000C74E00" lastname="Thread-51" />
</exclusive-start>
<af-start id="5744" threadId="0000000000C9EA88" totalBytesRequested="32776" timestamp="2019-08-08T20:27:15.546" intervalms="3242.551" type="nursery" />
<cycle-start id="5745" type="scavenge" contextid="0" timestamp="2019-08-08T20:27:15.546" intervalms="3242.534" />
<gc-start id="5746" type="scavenge" contextid="5745" timestamp="2019-08-08T20:27:15.546">
  <mem-info id="5747" free="2660416" total="540999680" percent="0">
    <mem type="nursery" free="0" total="514981888" percent="0">
      <mem type="allocate" free="0" total="463470592" percent="0" />
      <mem type="survivor" free="0" total="51511296" percent="0" />
    </mem>
    <mem type="tenure" free="2660416" total="26017792" percent="10">
      <mem type="soa" free="2400320" total="25757696" percent="9" />
      <mem type="loa" free="260096" total="260096" percent="100" />
    </mem>
    <remembered-set count="978" />
  </mem-info>
</gc-start>
<allocation-stats totalBytes="458618488" >
  <allocated-bytes non-tlh="32776" tlh="458585712" />
  <largest-consumer threadName="Thread-50" threadId="0000000000C44300" bytes="43020024" />
</allocation-stats>
<gc-op id="5748" type="scavenge" timems="20.301" contextid="5745" timestamp="2019-08-08T20:27:15.567">
  <scavenger-info tenureage="14" tenuremask="4000" tiltratio="89" />
  <memory-copied type="nursery" objects="10682" bytes="4171040" bytesdiscarded="542864" />
  <references type="phantom" candidates="1" cleared="0" enqueued="0" />
</gc-op>
<gc-end id="5749" type="scavenge" contextid="5745" durationms="20.813" usertimems="8.180" systemtimems="10.864" timestamp="2019-08-08T20:27:15.567" activeThreads="16">
  <mem-info id="5750" free="461416824" total="540999680" percent="85">
    <mem type="nursery" free="458756408" total="514981888" percent="89">
      <mem type="allocate" free="458756408" total="463470592" percent="98" />
      <mem type="survivor" free="0" total="51511296" percent="0" />
    </mem>
    <mem type="tenure" free="2660416" total="26017792" percent="10" macro-fragmented="723458">
      <mem type="soa" free="2400320" total="25757696" percent="9" />
      <mem type="loa" free="260096" total="260096" percent="100" />
    </mem>
    <remembered-set count="379" />
  </mem-info>
</gc-end>
<cycle-end id="5751" type="scavenge" contextid="5745" timestamp="2019-08-08T20:27:15.568" />
  <attribute name="elasticGC enabled" value="1" />
  <attribute name= "numThreadsSpecified" value="16" />
  <attribute name="heapSize specified" value="486932480" />
  <attribute name="Current GC Util" value="0" />
  <attribute name= "Current Time Running" value="202965" />
  <attribute name ="GC Interval" value="2185" />
  <attribute name="Target GC Util Change" value ="80.000000" />
  <attribute name="Current GC Util Change" value="0.000000"/>
  <attribute name="Current Error" value="316.000000" />
  <attribute name="Output H" value="541037704"/>
  <attribute name="Output I" value="2184"/>
  <attribute name="Output T" value="16"/>
  <attribute name= "Current Time Running" value="202965" />
  <attribute name="GC Util currently" value="0" />
  <attribute name="CPU Util currently" value="355701152" />
<allocation-satisfied id="5752" threadId="0000000000C9E100" bytesRequested="32776" />
<af-end id="5753" timestamp="2019-08-08T20:27:15.568" threadId="0000000000C9EA88" success="true" from="nursery"/>
<exclusive-end id="5754" timestamp="2019-08-08T20:27:15.568" durationms="22.102" />

<exclusive-start id="5755" timestamp="2019-08-08T20:27:16.159" intervalms="613.289">
  <response-info timems="27.080" idlems="16.183" threads="4" lastid="0000000000C44300" lastname="Thread-50" />
</exclusive-start>
<af-start id="5756" threadId="0000000000C71B88" totalBytesRequested="48" timestamp="2019-08-08T20:27:16.160" intervalms="613.366" type="nursery" />
<cycle-start id="5757" type="scavenge" contextid="0" timestamp="2019-08-08T20:27:16.160" intervalms="613.379" />
<gc-start id="5758" type="scavenge" contextid="5757" timestamp="2019-08-08T20:27:16.160">
  <mem-info id="5759" free="2660416" total="540999680" percent="0">
    <mem type="nursery" free="0" total="514981888" percent="0">
      <mem type="allocate" free="0" total="463470592" percent="0" />
      <mem type="survivor" free="0" total="51511296" percent="0" />
    </mem>
    <mem type="tenure" free="2660416" total="26017792" percent="10">
      <mem type="soa" free="2400320" total="25757696" percent="9" />
      <mem type="loa" free="260096" total="260096" percent="100" />
    </mem>
    <remembered-set count="989" />
  </mem-info>
</gc-start>
<allocation-stats totalBytes="458592032" >
  <allocated-bytes non-tlh="32776" tlh="458559256" />
  <largest-consumer threadName="Thread-50" threadId="0000000000C44300" bytes="47048552" />
</allocation-stats>
<gc-op id="5760" type="scavenge" timems="5.869" contextid="5757" timestamp="2019-08-08T20:27:16.166">
  <scavenger-info tenureage="14" tenuremask="4000" tiltratio="89" />
  <memory-copied type="nursery" objects="10013" bytes="3878696" bytesdiscarded="483576" />
  <references type="weak" candidates="1" cleared="0" enqueued="0" />
  <references type="phantom" candidates="1" cleared="0" enqueued="0" />
</gc-op>
<gc-end id="5761" type="scavenge" contextid="5757" durationms="6.319" usertimems="7.647" systemtimems="5.176" timestamp="2019-08-08T20:27:16.166" activeThreads="16">
  <mem-info id="5762" free="461768488" total="540999680" percent="85">
    <mem type="nursery" free="459108072" total="514981888" percent="89">
      <mem type="allocate" free="459108072" total="463470592" percent="99" />
      <mem type="survivor" free="0" total="51511296" percent="0" />
    </mem>
    <mem type="tenure" free="2660416" total="26017792" percent="10" macro-fragmented="2160235">
      <mem type="soa" free="2400320" total="25757696" percent="9" />
      <mem type="loa" free="260096" total="260096" percent="100" />
    </mem>
    <remembered-set count="344" />
  </mem-info>
</gc-end>
<cycle-end id="5763" type="scavenge" contextid="5757" timestamp="2019-08-08T20:27:16.166" />
  <attribute name="elasticGC enabled" value="1" />
  <attribute name= "numThreadsSpecified" value="16" />
  <attribute name="heapSize specified" value="486932480" />
  <attribute name="Current GC Util" value="2" />
  <attribute name= "Current Time Running" value="203579" />
  <attribute name ="GC Interval" value="2233" />
  <attribute name="Target GC Util Change" value ="80.000000" />
  <attribute name="Current GC Util Change" value="2.000000"/>
  <attribute name="Current Error" value="394.000000" />
  <attribute name="Output H" value="541037752"/>
  <attribute name="Output I" value="2232"/>
  <attribute name="Output T" value="16"/>
  <attribute name= "Current Time Running" value="203579" />
  <attribute name="GC Util currently" value="2" />
  <attribute name="CPU Util currently" value="1879498376" />
<allocation-satisfied id="5764" threadId="0000000000C71200" bytesRequested="48" />
<af-end id="5765" timestamp="2019-08-08T20:27:16.166" threadId="0000000000C71B88" success="true" from="nursery"/>
<exclusive-end id="5766" timestamp="2019-08-08T20:27:16.166" durationms="6.670" />

<exclusive-start id="5767" timestamp="2019-08-08T20:27:16.792" intervalms="632.467">
  <response-info timems="0.493" idlems="0.251" threads="1" lastid="0000000000C56F00" lastname="Thread-40" />
</exclusive-start>
<af-start id="5768" threadId="0000000000C5EF88" totalBytesRequested="16392" timestamp="2019-08-08T20:27:16.792" intervalms="632.404" type="nursery" />
<cycle-start id="5769" type="scavenge" contextid="0" timestamp="2019-08-08T20:27:16.792" intervalms="632.401" />
<gc-start id="5770" type="scavenge" contextid="5769" timestamp="2019-08-08T20:27:16.792">
  <mem-info id="5771" free="2660416" total="540999680" percent="0">
    <mem type="nursery" free="0" total="514981888" percent="0">
      <mem type="allocate" free="0" total="463470592" percent="0" />
      <mem type="survivor" free="0" total="51511296" percent="0" />
    </mem>
    <mem type="tenure" free="2660416" total="26017792" percent="10">
      <mem type="soa" free="2400320" total="25757696" percent="9" />
      <mem type="loa" free="260096" total="260096" percent="100" />
    </mem>
    <remembered-set count="988" />
  </mem-info>
</gc-start>
<allocation-stats totalBytes="458761328" >
  <allocated-bytes non-tlh="48" tlh="458761280" />
  <largest-consumer threadName="Thread-46" threadId="0000000000C53300" bytes="36581632" />
</allocation-stats>
<gc-op id="5772" type="scavenge" timems="14.602" contextid="5769" timestamp="2019-08-08T20:27:16.807">
  <scavenger-info tenureage="14" tenuremask="4000" tiltratio="89" />
  <memory-copied type="nursery" objects="9633" bytes="3844792" bytesdiscarded="470184" />
  <memory-copied type="tenure" objects="31" bytes="2656" bytesdiscarded="0" />
  <references type="phantom" candidates="2" cleared="0" enqueued="0" />
</gc-op>
<gc-end id="5773" type="scavenge" contextid="5769" durationms="15.083" usertimems="10.511" systemtimems="10.184" timestamp="2019-08-08T20:27:16.807" activeThreads="16">
  <mem-info id="5774" free="461799624" total="540999680" percent="85">
    <mem type="nursery" free="459155336" total="514981888" percent="89">
      <mem type="allocate" free="459155336" total="463470592" percent="99" />
      <mem type="survivor" free="0" total="51511296" percent="0" />
    </mem>
    <mem type="tenure" free="2644288" total="26017792" percent="10" macro-fragmented="0">
      <mem type="soa" free="2384192" total="25757696" percent="9" />
      <mem type="loa" free="260096" total="260096" percent="100" />
    </mem>
    <remembered-set count="365" />
  </mem-info>
</gc-end>
<cycle-end id="5775" type="scavenge" contextid="5769" timestamp="2019-08-08T20:27:16.808" />
  <attribute name="elasticGC enabled" value="1" />
  <attribute name= "numThreadsSpecified" value="16" />
  <attribute name="heapSize specified" value="486932480" />
  <attribute name="Current GC Util" value="2" />
  <attribute name= "Current Time Running" value="204211" />
  <attribute name ="GC Interval" value="2273" />
  <attribute name="Target GC Util Change" value ="80.000000" />
  <attribute name="Current GC Util Change" value="2.000000"/>
  <attribute name="Current Error" value="472.000000" />
  <attribute name="Output H" value="541037792"/>
  <attribute name="Output I" value="2272"/>
  <attribute name="Output T" value="16"/>
  <attribute name= "Current Time Running" value="204211" />
  <attribute name="GC Util currently" value="2" />
  <attribute name="CPU Util currently" value="1823195651" />
<allocation-satisfied id="5776" threadId="0000000000C5E600" bytesRequested="16392" />
<af-end id="5777" timestamp="2019-08-08T20:27:16.808" threadId="0000000000C5EF88" success="true" from="nursery"/>
<exclusive-end id="5778" timestamp="2019-08-08T20:27:16.808" durationms="15.784" />

<exclusive-start id="5779" timestamp="2019-08-08T20:27:17.076" intervalms="284.016">
  <response-info timems="4.541" idlems="4.541" threads="0" lastid="0000000000C71200" lastname="Thread-52" />
</exclusive-start>
<af-start id="5780" threadId="0000000000C71B88" totalBytesRequested="120" timestamp="2019-08-08T20:27:17.076" intervalms="284.020" type="nursery" />
<cycle-start id="5781" type="scavenge" contextid="0" timestamp="2019-08-08T20:27:17.076" intervalms="284.018" />
<gc-start id="5782" type="scavenge" contextid="5781" timestamp="2019-08-08T20:27:17.076">
  <mem-info id="5783" free="2644288" total="540999680" percent="0">
    <mem type="nursery" free="0" total="514981888" percent="0">
      <mem type="allocate" free="0" total="463470592" percent="0" />
      <mem type="survivor" free="0" total="51511296" percent="0" />
    </mem>
    <mem type="tenure" free="2644288" total="26017792" percent="10">
      <mem type="soa" free="2384192" total="25757696" percent="9" />
      <mem type="loa" free="260096" total="260096" percent="100" />
    </mem>
    <remembered-set count="960" />
  </mem-info>
</gc-start>
<allocation-stats totalBytes="458894632" >
  <allocated-bytes non-tlh="57368" tlh="458837264" />
  <largest-consumer threadName="Thread-40" threadId="0000000000C56F00" bytes="41228816" />
</allocation-stats>
<gc-op id="5784" type="scavenge" timems="2.323" contextid="5781" timestamp="2019-08-08T20:27:17.078">
  <scavenger-info tenureage="14" tenuremask="4000" tiltratio="89" />
  <memory-copied type="nursery" objects="10399" bytes="4054576" bytesdiscarded="863400" />
  <memory-copied type="tenure" objects="10" bytes="1072" bytesdiscarded="0" />
  <references type="phantom" candidates="2" cleared="0" enqueued="0" />
</gc-op>
<gc-end id="5785" type="scavenge" contextid="5781" durationms="2.861" usertimems="6.398" systemtimems="1.602" timestamp="2019-08-08T20:27:17.079" activeThreads="16">
  <mem-info id="5786" free="461180504" total="540999680" percent="85">
    <mem type="nursery" free="458552344" total="514981888" percent="89">
      <mem type="allocate" free="458552344" total="463470592" percent="98" />
      <mem type="survivor" free="0" total="51511296" percent="0" />
    </mem>
    <mem type="tenure" free="2628160" total="26017792" percent="10" macro-fragmented="1500163">
      <mem type="soa" free="2368064" total="25757696" percent="9" />
      <mem type="loa" free="260096" total="260096" percent="100" />
    </mem>
    <remembered-set count="372" />
  </mem-info>
</gc-end>
<cycle-end id="5787" type="scavenge" contextid="5781" timestamp="2019-08-08T20:27:17.079" />
  <attribute name="elasticGC enabled" value="1" />
  <attribute name= "numThreadsSpecified" value="16" />
  <attribute name="heapSize specified" value="486932480" />
  <attribute name="Current GC Util" value="7" />
  <attribute name= "Current Time Running" value="204495" />
  <attribute name ="GC Interval" value="2049" />
  <attribute name="Target GC Util Change" value ="80.000000" />
  <attribute name="Current GC Util Change" value="7.000000"/>
  <attribute name="Current Error" value="73.000000" />
  <attribute name="Output H" value="541037568"/>
  <attribute name="Output I" value="2048"/>
  <attribute name="Output T" value="16"/>
  <attribute name= "Current Time Running" value="204495" />
  <attribute name="GC Util currently" value="7" />
  <attribute name="CPU Util currently" value="4058961289" />
<allocation-satisfied id="5788" threadId="0000000000C71200" bytesRequested="120" />
<af-end id="5789" timestamp="2019-08-08T20:27:17.079" threadId="0000000000C71B88" success="true" from="nursery"/>
<exclusive-end id="5790" timestamp="2019-08-08T20:27:17.079" durationms="3.160" />

<exclusive-start id="5791" timestamp="2019-08-08T20:27:17.423" intervalms="346.914">
  <response-info timems="1.151" idlems="1.151" threads="0" lastid="0000000000C40700" lastname="Thread-41" />
</exclusive-start>
<af-start id="5792" threadId="0000000000C41088" totalBytesRequested="48" timestamp="2019-08-08T20:27:17.423" intervalms="346.925" type="nursery" />
<cycle-start id="5793" type="scavenge" contextid="0" timestamp="2019-08-08T20:27:17.423" intervalms="346.933" />
<gc-start id="5794" type="scavenge" contextid="5793" timestamp="2019-08-08T20:27:17.423">
  <mem-info id="5795" free="2628160" total="540999680" percent="0">
    <mem type="nursery" free="0" total="514981888" percent="0">
      <mem type="allocate" free="0" total="463470592" percent="0" />
      <mem type="survivor" free="0" total="51511296" percent="0" />
    </mem>
    <mem type="tenure" free="2628160" total="26017792" percent="10">
      <mem type="soa" free="2368064" total="25757696" percent="9" />
      <mem type="loa" free="260096" total="260096" percent="100" />
    </mem>
    <remembered-set count="974" />
  </mem-info>
</gc-start>
<allocation-stats totalBytes="458161904" >
  <allocated-bytes non-tlh="120" tlh="458161784" />
  <largest-consumer threadName="Thread-40" threadId="0000000000C56F00" bytes="43277064" />
</allocation-stats>
<gc-op id="5796" type="scavenge" timems="4.082" contextid="5793" timestamp="2019-08-08T20:27:17.427">
  <scavenger-info tenureage="14" tenuremask="4000" tiltratio="89" />
  <memory-copied type="nursery" objects="10378" bytes="4036728" bytesdiscarded="125528" />
  <memory-copied type="tenure" objects="7" bytes="728" bytesdiscarded="0" />
  <references type="phantom" candidates="2" cleared="0" enqueued="0" />
</gc-op>
<gc-end id="5797" type="scavenge" contextid="5793" durationms="4.457" usertimems="6.297" systemtimems="4.714" timestamp="2019-08-08T20:27:17.428" activeThreads="16">
  <mem-info id="5798" free="461920096" total="540999680" percent="85">
    <mem type="nursery" free="459308064" total="514981888" percent="89">
      <mem type="allocate" free="459308064" total="463470592" percent="99" />
      <mem type="survivor" free="0" total="51511296" percent="0" />
    </mem>
    <mem type="tenure" free="2612032" total="26017792" percent="10" macro-fragmented="2160235">
      <mem type="soa" free="2351936" total="25757696" percent="9" />
      <mem type="loa" free="260096" total="260096" percent="100" />
    </mem>
    <remembered-set count="383" />
  </mem-info>
</gc-end>
<cycle-end id="5799" type="scavenge" contextid="5793" timestamp="2019-08-08T20:27:17.428" />
  <attribute name="elasticGC enabled" value="1" />
  <attribute name= "numThreadsSpecified" value="16" />
  <attribute name="heapSize specified" value="486932480" />
  <attribute name="Current GC Util" value="2" />
  <attribute name= "Current Time Running" value="204842" />
  <attribute name ="GC Interval" value="2089" />
  <attribute name="Target GC Util Change" value ="80.000000" />
  <attribute name="Current GC Util Change" value="2.000000"/>
  <attribute name="Current Error" value="151.000000" />
  <attribute name="Output H" value="541037608"/>
  <attribute name="Output I" value="2088"/>
  <attribute name="Output T" value="16"/>
  <attribute name= "Current Time Running" value="204842" />
  <attribute name="GC Util currently" value="2" />
  <attribute name="CPU Util currently" value="3323117733" />
<allocation-satisfied id="5800" threadId="0000000000C40700" bytesRequested="48" />
<af-end id="5801" timestamp="2019-08-08T20:27:17.428" threadId="0000000000C41088" success="true" from="nursery"/>
<exclusive-end id="5802" timestamp="2019-08-08T20:27:17.428" durationms="4.794" />

<exclusive-start id="5803" timestamp="2019-08-08T20:27:17.675" intervalms="251.641">
  <response-info timems="0.557" idlems="0.557" threads="0" lastid="0000000000C4F700" lastname="Thread-47" />
</exclusive-start>
<af-start id="5804" threadId="0000000000C50088" totalBytesRequested="32776" timestamp="2019-08-08T20:27:17.675" intervalms="251.633" type="nursery" />
<cycle-start id="5805" type="scavenge" contextid="0" timestamp="2019-08-08T20:27:17.675" intervalms="251.626" />
<gc-start id="5806" type="scavenge" contextid="5805" timestamp="2019-08-08T20:27:17.675">
  <mem-info id="5807" free="2612032" total="540999680" percent="0">
    <mem type="nursery" free="0" total="514981888" percent="0">
      <mem type="allocate" free="0" total="463470592" percent="0" />
      <mem type="survivor" free="0" total="51511296" percent="0" />
    </mem>
    <mem type="tenure" free="2612032" total="26017792" percent="10">
      <mem type="soa" free="2351936" total="25757696" percent="9" />
      <mem type="loa" free="260096" total="260096" percent="100" />
    </mem>
    <remembered-set count="984" />
  </mem-info>
</gc-start>
<allocation-stats totalBytes="458994456" >
  <allocated-bytes non-tlh="48" tlh="458994408" />
  <largest-consumer threadName="Thread-44" threadId="0000000000C8B500" bytes="50383200" />
</allocation-stats>
<gc-op id="5808" type="scavenge" timems="2.675" contextid="5805" timestamp="2019-08-08T20:27:17.678">
  <scavenger-info tenureage="14" tenuremask="4000" tiltratio="89" />
  <memory-copied type="nursery" objects="9058" bytes="3531832" bytesdiscarded="295352" />
  <memory-copied type="tenure" objects="15" bytes="1552" bytesdiscarded="0" />
  <references type="weak" candidates="1" cleared="0" enqueued="0" />
  <references type="phantom" candidates="3" cleared="0" enqueued="0" />
</gc-op>
<gc-end id="5809" type="scavenge" contextid="5805" durationms="3.255" usertimems="8.782" systemtimems="1.897" timestamp="2019-08-08T20:27:17.678" activeThreads="16">
  <mem-info id="5810" free="462239048" total="540999680" percent="85">
    <mem type="nursery" free="459643144" total="514981888" percent="89">
      <mem type="allocate" free="459643144" total="463470592" percent="99" />
      <mem type="survivor" free="0" total="51511296" percent="0" />
    </mem>
    <mem type="tenure" free="2595904" total="26017792" percent="9" macro-fragmented="1500163">
      <mem type="soa" free="2335808" total="25757696" percent="9" />
      <mem type="loa" free="260096" total="260096" percent="100" />
    </mem>
    <remembered-set count="353" />
  </mem-info>
</gc-end>
<cycle-end id="5811" type="scavenge" contextid="5805" timestamp="2019-08-08T20:27:17.678" />
  <attribute name="elasticGC enabled" value="1" />
  <attribute name= "numThreadsSpecified" value="16" />
  <attribute name="heapSize specified" value="486932480" />
  <attribute name="Current GC Util" value="3" />
  <attribute name= "Current Time Running" value="205094" />
  <attribute name ="GC Interval" value="2137" />
  <attribute name="Target GC Util Change" value ="80.000000" />
  <attribute name="Current GC Util Change" value="3.000000"/>
  <attribute name="Current Error" value="228.000000" />
  <attribute name="Output H" value="541037656"/>
  <attribute name="Output I" value="2136"/>
  <attribute name="Output T" value="16"/>
  <attribute name= "Current Time Running" value="205094" />
  <attribute name="GC Util currently" value="3" />
  <attribute name="CPU Util currently" value="4578299504" />
<allocation-satisfied id="5812" threadId="0000000000C4F700" bytesRequested="32776" />
<af-end id="5813" timestamp="2019-08-08T20:27:17.678" threadId="0000000000C50088" success="true" from="nursery"/>
<exclusive-end id="5814" timestamp="2019-08-08T20:27:17.678" durationms="3.813" />

<exclusive-start id="5815" timestamp="2019-08-08T20:27:17.924" intervalms="249.665">
  <response-info timems="0.103" idlems="0.054" threads="1" lastid="0000000000C53300" lastname="Thread-46" />
</exclusive-start>
<af-start id="5816" threadId="0000000000C57888" totalBytesRequested="48" timestamp="2019-08-08T20:27:17.924" intervalms="249.650" type="nursery" />
<cycle-start id="5817" type="scavenge" contextid="0" timestamp="2019-08-08T20:27:17.924" intervalms="249.644" />
<gc-start id="5818" type="scavenge" contextid="5817" timestamp="2019-08-08T20:27:17.924">
  <mem-info id="5819" free="2595904" total="540999680" percent="0">
    <mem type="nursery" free="0" total="514981888" percent="0">
      <mem type="allocate" free="0" total="463470592" percent="0" />
      <mem type="survivor" free="0" total="51511296" percent="0" />
    </mem>
    <mem type="tenure" free="2595904" total="26017792" percent="9">
      <mem type="soa" free="2335808" total="25757696" percent="9" />
      <mem type="loa" free="260096" total="260096" percent="100" />
    </mem>
    <remembered-set count="971" />
  </mem-info>
</gc-start>
<allocation-stats totalBytes="459348968" >
  <allocated-bytes non-tlh="32776" tlh="459316192" />
  <largest-consumer threadName="Thread-38" threadId="0000000000C5E600" bytes="44909768" />
</allocation-stats>
<gc-op id="5820" type="scavenge" timems="5.224" contextid="5817" timestamp="2019-08-08T20:27:17.930">
  <scavenger-info tenureage="14" tenuremask="4000" tiltratio="89" />
  <memory-copied type="nursery" objects="10574" bytes="4119320" bytesdiscarded="1204000" />
  <memory-copied type="tenure" objects="10" bytes="1016" bytesdiscarded="0" />
  <references type="phantom" candidates="1" cleared="0" enqueued="0" />
</gc-op>
<gc-end id="5821" type="scavenge" contextid="5817" durationms="5.978" usertimems="24.920" systemtimems="0.291" timestamp="2019-08-08T20:27:17.930" activeThreads="16">
  <mem-info id="5822" free="460726784" total="540999680" percent="85">
    <mem type="nursery" free="458147008" total="514981888" percent="88">
      <mem type="allocate" free="458147008" total="463470592" percent="98" />
      <mem type="survivor" free="0" total="51511296" percent="0" />
    </mem>
    <mem type="tenure" free="2579776" total="26017792" percent="9" macro-fragmented="1800196">
      <mem type="soa" free="2319680" total="25757696" percent="9" />
      <mem type="loa" free="260096" total="260096" percent="100" />
    </mem>
    <remembered-set count="359" />
  </mem-info>
</gc-end>
<cycle-end id="5823" type="scavenge" contextid="5817" timestamp="2019-08-08T20:27:17.930" />
  <attribute name="elasticGC enabled" value="1" />
  <attribute name= "numThreadsSpecified" value="16" />
  <attribute name="heapSize specified" value="486932480" />
  <attribute name="Current GC Util" value="3" />
  <attribute name= "Current Time Running" value="205343" />
  <attribute name ="GC Interval" value="2177" />
  <attribute name="Target GC Util Change" value ="80.000000" />
  <attribute name="Current GC Util Change" value="3.000000"/>
  <attribute name="Current Error" value="305.000000" />
  <attribute name="Output H" value="541037696"/>
  <attribute name="Output I" value="2176"/>
  <attribute name="Output T" value="16"/>
  <attribute name= "Current Time Running" value="205343" />
  <attribute name="GC Util currently" value="3" />
  <attribute name="CPU Util currently" value="4622094333" />
<allocation-satisfied id="5824" threadId="0000000000C56F00" bytesRequested="48" />
<af-end id="5825" timestamp="2019-08-08T20:27:17.930" threadId="0000000000C57888" success="true" from="nursery"/>
<exclusive-end id="5826" timestamp="2019-08-08T20:27:17.930" durationms="6.258" />

===== DaCapo 9.12-MR1 xalan PASSED in 24601 msec =====
</verbosegc>

