<?xml version="1.0" ?>

<verbosegc xmlns="http://www.ibm.com/j9/verbosegc" version="10b4217_CMPRSS">

<initialized id="1" timestamp="2019-06-15T06:28:15.132">
  <attribute name="gcPolicy" value="-Xgcpolicy:optavgpause" />
  <attribute name="elasticGC enabled" value="1" />
  <attribute name= "numThreadsSpecified" value="0" />
  <attribute name="heapSize specified" value="0" />
  <attribute name="Current GC Util" value="0" />
  <attribute name= "Current Time Running" value="0" />
  <attribute name ="GC Interval" value="0" />
  <attribute name="ProportionalT" value="0.000000" />
  <attribute name="ProportionalI" value="0.000000" />
  <attribute name="ProportionalH" value="0.000000" />
  <attribute name="IntegralT" value="0.000000" />
  <attribute name="IntegralI" value="0.000000" />
  <attribute name="IntegralH" value="0.000000" />
  <attribute name="DerivativeT" value="0.000000" />
  <attribute name="DerivativeI" value="0.000000" />
  <attribute name="DerivativeH" value="0.000000" />
  <attribute name="Target GC Util Change" value ="0.000000" />
  <attribute name="Current GC Util Change" value="0.000000"/>
  <attribute name="Current Error" value="0.000000" />
  <attribute name="Loop Time for DT" value="0.000000" />
  <attribute name="Output H" value="0"/>
  <attribute name="Output I" value="0"/>
  <attribute name="Output T" value="0"/>
  <attribute name="GC Util currently" value="0" />
  <attribute name="CPU Util currently" value="0" />
  <attribute name="maxHeapSize" value="0x7cbc0000" />
  <attribute name="initialHeapSize" value="0x800000" />
  <attribute name="compressedRefs" value="true" />
  <attribute name="compressedRefsDisplacement" value="0x0" />
  <attribute name="compressedRefsShift" value="0x0" />
  <attribute name="pageSize" value="0x1000" />
  <attribute name="pageType" value="not used" />
  <attribute name="requestedPageSize" value="0x1000" />
  <attribute name="requestedPageType" value="not used" />
  <attribute name="gcthreads" value="4" />
  <attribute name="packetListSplit" value="4" />
  <attribute name="cacheListSplit" value="4" />
  <attribute name="splitFreeListSplitAmount" value="1" />
  <attribute name="numaNodes" value="0" />
  <system>
    <attribute name="physicalMemory" value="8370958336" />
    <attribute name="numCPUs" value="4" />
    <attribute name="architecture" value="amd64" />
    <attribute name="os" value="Linux" />
    <attribute name="osVersion" value="4.4.0-150-generic" />
  </system>
  <vmargs>
    <vmarg name="-Xoptionsfile=/vagrant/jdk/lib/options.default" />
    <vmarg name="-Xlockword:mode=default,noLockword=java/lang/String,noLockword=java/util/MapEntry,noLockword=java/util/HashMap$Entry,noLockword..." />
    <vmarg name="-Xjcl:jclse29" />
    <vmarg name="-Dcom.ibm.oti.vm.bootstrap.library.path=/vagrant/jdk/lib/compressedrefs:/vagrant/jdk/lib" />
    <vmarg name="-Dsun.boot.library.path=/vagrant/jdk/lib/compressedrefs:/vagrant/jdk/lib" />
    <vmarg name="-Djava.library.path=/vagrant/jdk/lib/compressedrefs:/vagrant/jdk/lib:/usr/lib64:/usr/lib" />
    <vmarg name="-Djava.home=/vagrant/jdk" />
    <vmarg name="-Duser.dir=/vagrant" />
    <vmarg name="-Xgcpolicy:optavgpause" />
    <vmarg name="-Xgcelastic" />
    <vmarg name="-Xcheck:gc:::elasticGC" />
    <vmarg name="-verbose:gc" />
    <vmarg name="-Xloggc:jdk0.5-1-1-large-OAP-4CORE-elasticverbose3sunflow.txt" />
    <vmarg name="-Djava.class.path=dacapo-9.12-MR1-bach.jar" />
    <vmarg name="-Dsun.java.command=dacapo-9.12-MR1-bach.jar sunflow --size=large" />
    <vmarg name="-Dsun.java.launcher=SUN_STANDARD" />
    <vmarg name="-Dsun.java.launcher.pid=809" />
  </vmargs>
</initialized>

<exclusive-start id="2" timestamp="2019-06-15T06:28:15.848" intervalms="715.755">
  <response-info timems="0.058" idlems="0.058" threads="0" lastid="000000000194C700" lastname="main" />
</exclusive-start>
<af-start id="3" threadId="000000000194D088" totalBytesRequested="16" timestamp="2019-06-15T06:28:15.848" intervalms="716.183" />
<cycle-start id="4" type="global" contextid="0" timestamp="2019-06-15T06:28:15.848" intervalms="716.487" />
<gc-start id="5" type="global" contextid="4" timestamp="2019-06-15T06:28:15.848">
  <mem-info id="6" free="418816" total="8388608" percent="4">
    <mem type="tenure" free="418816" total="8388608" percent="4">
      <mem type="soa" free="0" total="7969792" percent="0" />
      <mem type="loa" free="418816" total="418816" percent="100" />
    </mem>
  </mem-info>
</gc-start>
<allocation-stats totalBytes="7961544" >
  <allocated-bytes non-tlh="2337112" tlh="5624432" />
  <largest-consumer threadName="main" threadId="000000000194C700" bytes="7883840" />
</allocation-stats>
<gc-op id="7" type="mark" timems="2.514" contextid="4" timestamp="2019-06-15T06:28:15.851">
  <trace-info objectcount="30264" scancount="24298" scanbytes="766064" />
  <finalization candidates="125" enqueued="1" />
  <ownableSynchronizers candidates="3" cleared="0" />
  <references type="soft" candidates="132" cleared="0" enqueued="0" dynamicThreshold="32" maxThreshold="32" />
  <references type="weak" candidates="1325" cleared="568" enqueued="478" />
  <references type="phantom" candidates="107" cleared="42" enqueued="42" />
  <stringconstants candidates="3958" cleared="0"  />
</gc-op>
<gc-op id="8" type="classunload" timems="0.041" contextid="4" timestamp="2019-06-15T06:28:15.851">
  <classunload-info classloadercandidates="7" classloadersunloaded="0" classesunloaded="0" anonymousclassesunloaded="0" quiescems="0.000" setupms="0.041" scanms="0.000" postms="0.000" />
</gc-op>
<gc-op id="9" type="sweep" timems="2.094" contextid="4" timestamp="2019-06-15T06:28:15.853" />
<mem-info id="10" free="4707736" total="8388608" percent="56">
  <mem type="tenure" free="4707736" total="8388608" percent="56" micro-fragmented="490328">
    <mem type="soa" free="4288920" total="7969792" percent="53" />
    <mem type="loa" free="418816" total="418816" percent="100" />
  </mem>
  <pending-finalizers system="1" default="0" reference="520" classloader="0" />
</mem-info>
<gc-op id="11" type="compact" timems="6.313" contextid="4" timestamp="2019-06-15T06:28:15.860">
  <compact-info movecount="30263" movebytes="3171040" reason="compact to aid heap contraction" />
</gc-op>
<heap-resize id="12" type="expand" space="tenure" amount="2084241408" count="1" timems="0.235" reason="satisfy allocation request" timestamp="2019-06-15T06:28:15.861" />
<gc-end id="13" type="global" contextid="4" durationms="12.559" usertimems="16.000" systemtimems="0.000" timestamp="2019-06-15T06:28:15.861" activeThreads="4">
  <mem-info id="14" free="2089393352" total="2092630016" percent="99">
    <mem type="tenure" free="2089393352" total="2092630016" percent="99">
      <mem type="soa" free="1984762056" total="1987998720" percent="99" />
      <mem type="loa" free="104631296" total="104631296" percent="100" />
    </mem>
    <pending-finalizers system="1" default="0" reference="520" classloader="0" />
  </mem-info>
</gc-end>
<cycle-end id="15" type="global" contextid="4" timestamp="2019-06-15T06:28:15.861" />
  <attribute name="elasticGC enabled" value="1" />
  <attribute name= "numThreadsSpecified" value="4" />
  <attribute name="heapSize specified" value="8388608" />
  <attribute name="Current GC Util" value="33" />
  <attribute name= "Current Time Running" value="612" />
  <attribute name ="GC Interval" value="0" />
  <attribute name="ProportionalT" value="6.500000" />
  <attribute name="ProportionalI" value="6.500000" />
  <attribute name="ProportionalH" value="6.500000" />
  <attribute name="Current Error" value="13.000000" />
  <attribute name="IntegralT" value="-11771.000000" />
  <attribute name="IntegralI" value="-11771.000000" />
  <attribute name="IntegralH" value="-11771.000000" />
  <attribute name="DerivativeT" value="1.857143" />
  <attribute name="DerivativeI" value="1.857143" />
  <attribute name="DerivativeH" value="1.857143" />
  <attribute name="Loop Time for DT" value="7.000000" />
  <attribute name="Output H" value="2092630016"/>
  <attribute name="Output I" value="200"/>
  <attribute name="Output T" value="4"/>
  <attribute name="Target GC Util Change" value ="20.000000" />
  <attribute name="Current GC Util Change" value="33.000000"/>
  <attribute name="GC Util currently" value="33" />
  <attribute name="CPU Util currently" value="720562317229" />
<allocation-satisfied id="16" threadId="000000000194C700" bytesRequested="16" />
<af-end id="17" timestamp="2019-06-15T06:28:15.861" threadId="000000000194D088" success="true" />
<exclusive-end id="18" timestamp="2019-06-15T06:28:15.861" durationms="13.871" />

<exclusive-start id="19" timestamp="2019-06-15T06:28:15.880" intervalms="32.718">
  <response-info timems="0.059" idlems="0.059" threads="0" lastid="000000000194C700" lastname="main" />
</exclusive-start>
<sys-start reason="explicit" id="20" timestamp="2019-06-15T06:28:15.880" intervalms="748.592" />
<cycle-start id="21" type="global" contextid="0" timestamp="2019-06-15T06:28:15.880" intervalms="32.199" />
<gc-start id="22" type="global" contextid="21" timestamp="2019-06-15T06:28:15.881">
  <mem-info id="23" free="2085411944" total="2092630016" percent="99">
    <mem type="tenure" free="2085411944" total="2092630016" percent="99">
      <mem type="soa" free="1980780648" total="1987998720" percent="99" />
      <mem type="loa" free="104631296" total="104631296" percent="100" />
    </mem>
  </mem-info>
</gc-start>
<allocation-stats totalBytes="4046544" >
  <allocated-bytes non-tlh="1048672" tlh="2997872" />
  <largest-consumer threadName="main" threadId="000000000194C700" bytes="4030472" />
</allocation-stats>
<gc-op id="24" type="mark" timems="8.622" contextid="21" timestamp="2019-06-15T06:28:15.889">
  <trace-info objectcount="29322" scancount="23516" scanbytes="751768" />
  <finalization candidates="124" enqueued="0" />
  <ownableSynchronizers candidates="3" cleared="0" />
  <references type="soft" candidates="132" cleared="0" enqueued="0" dynamicThreshold="31" maxThreshold="32" />
  <references type="weak" candidates="759" cleared="2" enqueued="2" />
  <references type="phantom" candidates="64" cleared="0" enqueued="0" />
  <stringconstants candidates="3958" cleared="0"  />
</gc-op>
<gc-op id="25" type="classunload" timems="0.004" contextid="21" timestamp="2019-06-15T06:28:15.890">
  <classunload-info classloadercandidates="7" classloadersunloaded="0" classesunloaded="0" anonymousclassesunloaded="0" quiescems="0.000" setupms="0.003" scanms="0.000" postms="0.001" />
</gc-op>
<gc-op id="26" type="sweep" timems="1.967" contextid="21" timestamp="2019-06-15T06:28:15.892" />
<mem-info id="27" free="2089206552" total="2092630016" percent="99">
  <mem type="tenure" free="2089206552" total="2092630016" percent="99" micro-fragmented="21150">
    <mem type="soa" free="1984575256" total="1987998720" percent="99" />
    <mem type="loa" free="104631296" total="104631296" percent="100" />
  </mem>
  <pending-finalizers system="0" default="0" reference="2" classloader="0" />
</mem-info>
<gc-op id="28" type="compact" timems="15.687" contextid="21" timestamp="2019-06-15T06:28:15.908">
  <compact-info movecount="18226" movebytes="2918304" reason="compact to aid heap contraction" />
</gc-op>
<gc-end id="29" type="global" contextid="21" durationms="27.281" usertimems="28.000" systemtimems="12.000" timestamp="2019-06-15T06:28:15.908" activeThreads="4">
  <mem-info id="30" free="2089236024" total="2092630016" percent="99">
    <mem type="tenure" free="2089236024" total="2092630016" percent="99">
      <mem type="soa" free="1984604728" total="1987998720" percent="99" />
      <mem type="loa" free="104631296" total="104631296" percent="100" />
    </mem>
    <pending-finalizers system="0" default="0" reference="2" classloader="0" />
  </mem-info>
</gc-end>
<cycle-end id="31" type="global" contextid="21" timestamp="2019-06-15T06:28:15.908" />
  <attribute name="elasticGC enabled" value="1" />
  <attribute name= "numThreadsSpecified" value="4" />
  <attribute name="heapSize specified" value="2092630016" />
  <attribute name="Current GC Util" value="97" />
  <attribute name= "Current Time Running" value="659" />
  <attribute name ="GC Interval" value="0" />
  <attribute name="ProportionalT" value="38.500000" />
  <attribute name="ProportionalI" value="38.500000" />
  <attribute name="ProportionalH" value="38.500000" />
  <attribute name="Current Error" value="77.000000" />
  <attribute name="IntegralT" value="1232.000000" />
  <attribute name="IntegralI" value="1232.000000" />
  <attribute name="IntegralH" value="1232.000000" />
  <attribute name="DerivativeT" value="4.812500" />
  <attribute name="DerivativeI" value="4.812500" />
  <attribute name="DerivativeH" value="4.812500" />
  <attribute name="Loop Time for DT" value="16.000000" />
  <attribute name="Output H" value="8388608"/>
  <attribute name="Output I" value="1280"/>
  <attribute name="Output T" value="4"/>
  <attribute name="Target GC Util Change" value ="20.000000" />
  <attribute name="Current GC Util Change" value="97.000000"/>
  <attribute name="GC Util currently" value="97" />
  <attribute name="CPU Util currently" value="291633907870" />
<sys-end id="32" timestamp="2019-06-15T06:28:15.908" />
<exclusive-end id="33" timestamp="2019-06-15T06:28:15.908" durationms="28.033" />

<exclusive-start id="34" timestamp="2019-06-15T06:28:17.980" intervalms="2099.836">
  <response-info timems="0.037" idlems="0.037" threads="0" lastid="0000000001CA5500" lastname="Thread-8" />
</exclusive-start>
<af-start id="35" threadId="0000000001CA5E88" totalBytesRequested="40" timestamp="2019-06-15T06:28:17.980" intervalms="2132.471" />
<cycle-start id="36" type="global" contextid="0" timestamp="2019-06-15T06:28:17.981" intervalms="2100.234" />
<gc-start id="37" type="global" contextid="36" timestamp="2019-06-15T06:28:17.981">
  <mem-info id="38" free="104631296" total="2092630016" percent="4">
    <mem type="tenure" free="104631296" total="2092630016" percent="4">
      <mem type="soa" free="0" total="1987998720" percent="0" />
      <mem type="loa" free="104631296" total="104631296" percent="100" />
    </mem>
  </mem-info>
</gc-start>
<allocation-stats totalBytes="1984350688" >
  <allocated-bytes non-tlh="1725440" tlh="1982625248" />
  <largest-consumer threadName="Thread-8" threadId="0000000001CA5500" bytes="526312968" />
</allocation-stats>
<gc-op id="39" type="mark" timems="3.911" contextid="36" timestamp="2019-06-15T06:28:17.985">
  <trace-info objectcount="72567" scancount="64096" scanbytes="2427364" />
  <finalization candidates="124" enqueued="0" />
  <ownableSynchronizers candidates="3" cleared="0" />
  <references type="soft" candidates="149" cleared="0" enqueued="0" dynamicThreshold="31" maxThreshold="32" />
  <references type="weak" candidates="802" cleared="29" enqueued="28" />
  <references type="phantom" candidates="66" cleared="2" enqueued="2" />
  <stringconstants candidates="4598" cleared="1"  />
</gc-op>
<gc-op id="40" type="sweep" timems="299.006" contextid="36" timestamp="2019-06-15T06:28:18.285" />
<mem-info id="41" free="2085725592" total="2092630016" percent="99">
  <mem type="tenure" free="2085725592" total="2092630016" percent="99" micro-fragmented="876932">
    <mem type="soa" free="1981094296" total="1987998720" percent="99" />
    <mem type="loa" free="104631296" total="104631296" percent="100" />
  </mem>
  <pending-finalizers system="0" default="0" reference="30" classloader="0" />
</mem-info>
<gc-op id="42" type="compact" timems="17.282" contextid="36" timestamp="2019-06-15T06:28:18.302">
  <compact-info movecount="71942" movebytes="5955216" reason="compact to aid heap contraction" />
</gc-op>
<gc-end id="43" type="global" contextid="36" durationms="321.583" usertimems="324.000" systemtimems="12.000" timestamp="2019-06-15T06:28:18.303" activeThreads="4">
  <mem-info id="44" free="2086593464" total="2092630016" percent="99">
    <mem type="tenure" free="2086593464" total="2092630016" percent="99">
      <mem type="soa" free="1981962168" total="1987998720" percent="99" />
      <mem type="loa" free="104631296" total="104631296" percent="100" />
    </mem>
    <pending-finalizers system="0" default="0" reference="30" classloader="0" />
  </mem-info>
</gc-end>
<cycle-end id="45" type="global" contextid="36" timestamp="2019-06-15T06:28:18.303" />
  <attribute name="elasticGC enabled" value="1" />
  <attribute name= "numThreadsSpecified" value="4" />
  <attribute name="heapSize specified" value="2092630016" />
  <attribute name="Current GC Util" value="96" />
  <attribute name= "Current Time Running" value="3054" />
  <attribute name ="GC Interval" value="0" />
  <attribute name="ProportionalT" value="38.000000" />
  <attribute name="ProportionalI" value="38.000000" />
  <attribute name="ProportionalH" value="38.000000" />
  <attribute name="Current Error" value="76.000000" />
  <attribute name="IntegralT" value="1368.000000" />
  <attribute name="IntegralI" value="1368.000000" />
  <attribute name="IntegralH" value="1368.000000" />
  <attribute name="DerivativeT" value="4.222222" />
  <attribute name="DerivativeI" value="4.222222" />
  <attribute name="DerivativeH" value="4.222222" />
  <attribute name="Loop Time for DT" value="18.000000" />
  <attribute name="Output H" value="8388608"/>
  <attribute name="Output I" value="1416"/>
  <attribute name="Output T" value="4"/>
  <attribute name="Target GC Util Change" value ="20.000000" />
  <attribute name="Current GC Util Change" value="96.000000"/>
  <attribute name="GC Util currently" value="96" />
  <attribute name="CPU Util currently" value="263288767801" />
<allocation-satisfied id="46" threadId="0000000001CA5500" bytesRequested="40" />
<af-end id="47" timestamp="2019-06-15T06:28:18.303" threadId="0000000001CA5E88" success="true" />
<exclusive-end id="48" timestamp="2019-06-15T06:28:18.303" durationms="323.225" />

<exclusive-start id="49" timestamp="2019-06-15T06:28:19.401" intervalms="1421.040">
  <response-info timems="0.057" idlems="0.057" threads="0" lastid="0000000001CA5500" lastname="Thread-8" />
</exclusive-start>
<af-start id="50" threadId="0000000001CA5E88" totalBytesRequested="40" timestamp="2019-06-15T06:28:19.401" intervalms="1420.853" />
<cycle-start id="51" type="global" contextid="0" timestamp="2019-06-15T06:28:19.401" intervalms="1420.652" />
<gc-start id="52" type="global" contextid="51" timestamp="2019-06-15T06:28:19.401">
  <mem-info id="53" free="104631296" total="2092630016" percent="4">
    <mem type="tenure" free="104631296" total="2092630016" percent="4">
      <mem type="soa" free="0" total="1987998720" percent="0" />
      <mem type="loa" free="104631296" total="104631296" percent="100" />
    </mem>
  </mem-info>
</gc-start>
<allocation-stats totalBytes="1981781128" >
  <allocated-bytes non-tlh="0" tlh="1981781128" />
  <largest-consumer threadName="Thread-7" threadId="0000000001CA1900" bytes="554595912" />
</allocation-stats>
<gc-op id="54" type="mark" timems="3.175" contextid="51" timestamp="2019-06-15T06:28:19.405">
  <trace-info objectcount="69771" scancount="61349" scanbytes="2360620" />
  <finalization candidates="124" enqueued="0" />
  <ownableSynchronizers candidates="3" cleared="0" />
  <references type="soft" candidates="149" cleared="0" enqueued="0" dynamicThreshold="31" maxThreshold="32" />
  <references type="weak" candidates="773" cleared="0" enqueued="0" />
  <references type="phantom" candidates="64" cleared="0" enqueued="0" />
  <stringconstants candidates="4597" cleared="0"  />
</gc-op>
<gc-op id="55" type="sweep" timems="364.117" contextid="51" timestamp="2019-06-15T06:28:19.769" />
<mem-info id="56" free="2086626832" total="2092630016" percent="99">
  <mem type="tenure" free="2086626832" total="2092630016" percent="99" micro-fragmented="15709">
    <mem type="soa" free="1981995536" total="1987998720" percent="99" />
    <mem type="loa" free="104631296" total="104631296" percent="100" />
  </mem>
</mem-info>
<gc-op id="57" type="compact" timems="15.719" contextid="51" timestamp="2019-06-15T06:28:19.785">
  <compact-info movecount="53307" movebytes="5180096" reason="compact to aid heap contraction" />
</gc-op>
<gc-end id="58" type="global" contextid="51" durationms="384.374" usertimems="380.000" systemtimems="16.000" timestamp="2019-06-15T06:28:19.786" activeThreads="4">
  <mem-info id="59" free="2086661600" total="2092630016" percent="99">
    <mem type="tenure" free="2086661600" total="2092630016" percent="99">
      <mem type="soa" free="1982030304" total="1987998720" percent="99" />
      <mem type="loa" free="104631296" total="104631296" percent="100" />
    </mem>
  </mem-info>
</gc-end>
<cycle-end id="60" type="global" contextid="51" timestamp="2019-06-15T06:28:19.786" />
  <attribute name="elasticGC enabled" value="1" />
  <attribute name= "numThreadsSpecified" value="4" />
  <attribute name="heapSize specified" value="2092630016" />
  <attribute name="Current GC Util" value="114" />
  <attribute name= "Current Time Running" value="4537" />
  <attribute name ="GC Interval" value="0" />
  <attribute name="ProportionalT" value="47.000000" />
  <attribute name="ProportionalI" value="47.000000" />
  <attribute name="ProportionalH" value="47.000000" />
  <attribute name="Current Error" value="94.000000" />
  <attribute name="IntegralT" value="1504.000000" />
  <attribute name="IntegralI" value="1504.000000" />
  <attribute name="IntegralH" value="1504.000000" />
  <attribute name="DerivativeT" value="5.875000" />
  <attribute name="DerivativeI" value="5.875000" />
  <attribute name="DerivativeH" value="5.875000" />
  <attribute name="Loop Time for DT" value="16.000000" />
  <attribute name="Output H" value="8388608"/>
  <attribute name="Output I" value="1560"/>
  <attribute name="Output T" value="4"/>
  <attribute name="Target GC Util Change" value ="20.000000" />
  <attribute name="Current GC Util Change" value="114.000000"/>
  <attribute name="GC Util currently" value="114" />
  <attribute name="CPU Util currently" value="289015304998" />
<allocation-satisfied id="61" threadId="0000000001CA5500" bytesRequested="40" />
<af-end id="62" timestamp="2019-06-15T06:28:19.786" threadId="0000000001CA5E88" success="true" />
<exclusive-end id="63" timestamp="2019-06-15T06:28:19.787" durationms="385.514" />

<exclusive-start id="64" timestamp="2019-06-15T06:28:20.779" intervalms="1377.572">
  <response-info timems="0.062" idlems="0.062" threads="0" lastid="0000000001CA5500" lastname="Thread-8" />
</exclusive-start>
<af-start id="65" threadId="0000000001CA5E88" totalBytesRequested="24" timestamp="2019-06-15T06:28:20.779" intervalms="1377.619" />
<cycle-start id="66" type="global" contextid="0" timestamp="2019-06-15T06:28:20.779" intervalms="1377.674" />
<gc-start id="67" type="global" contextid="66" timestamp="2019-06-15T06:28:20.779">
  <mem-info id="68" free="104631296" total="2092630016" percent="4">
    <mem type="tenure" free="104631296" total="2092630016" percent="4">
      <mem type="soa" free="0" total="1987998720" percent="0" />
      <mem type="loa" free="104631296" total="104631296" percent="100" />
    </mem>
  </mem-info>
</gc-start>
<allocation-stats totalBytes="1981885576" >
  <allocated-bytes non-tlh="0" tlh="1981885576" />
  <largest-consumer threadName="Thread-10" threadId="0000000001C9DD00" bytes="584247168" />
</allocation-stats>
<gc-op id="69" type="mark" timems="3.892" contextid="66" timestamp="2019-06-15T06:28:20.783">
  <trace-info objectcount="71113" scancount="62686" scanbytes="2393156" />
  <finalization candidates="124" enqueued="0" />
  <ownableSynchronizers candidates="3" cleared="0" />
  <references type="soft" candidates="149" cleared="0" enqueued="0" dynamicThreshold="31" maxThreshold="32" />
  <references type="weak" candidates="773" cleared="0" enqueued="0" />
  <references type="phantom" candidates="64" cleared="0" enqueued="0" />
  <stringconstants candidates="4597" cleared="0"  />
</gc-op>
<gc-op id="70" type="sweep" timems="462.198" contextid="66" timestamp="2019-06-15T06:28:21.246" />
<mem-info id="71" free="2086683000" total="2092630016" percent="99">
  <mem type="tenure" free="2086683000" total="2092630016" percent="99" micro-fragmented="7308">
    <mem type="soa" free="1982051704" total="1987998720" percent="99" />
    <mem type="loa" free="104631296" total="104631296" percent="100" />
  </mem>
</mem-info>
<gc-op id="72" type="compact" timems="7.772" contextid="66" timestamp="2019-06-15T06:28:21.254">
  <compact-info movecount="26351" movebytes="1172088" reason="compact to aid heap contraction" />
</gc-op>
<gc-end id="73" type="global" contextid="66" durationms="475.186" usertimems="488.000" systemtimems="8.000" timestamp="2019-06-15T06:28:21.254" activeThreads="4">
  <mem-info id="74" free="2086629064" total="2092630016" percent="99">
    <mem type="tenure" free="2086629064" total="2092630016" percent="99">
      <mem type="soa" free="1981997768" total="1987998720" percent="99" />
      <mem type="loa" free="104631296" total="104631296" percent="100" />
    </mem>
  </mem-info>
</gc-end>
<cycle-end id="75" type="global" contextid="66" timestamp="2019-06-15T06:28:21.255" />
  <attribute name="elasticGC enabled" value="1" />
  <attribute name= "numThreadsSpecified" value="4" />
  <attribute name="heapSize specified" value="2092630016" />
  <attribute name="Current GC Util" value="223" />
  <attribute name= "Current Time Running" value="6005" />
  <attribute name ="GC Interval" value="0" />
  <attribute name="ProportionalT" value="101.500000" />
  <attribute name="ProportionalI" value="101.500000" />
  <attribute name="ProportionalH" value="101.500000" />
  <attribute name="Current Error" value="203.000000" />
  <attribute name="IntegralT" value="1624.000000" />
  <attribute name="IntegralI" value="1624.000000" />
  <attribute name="IntegralH" value="1624.000000" />
  <attribute name="DerivativeT" value="25.375000" />
  <attribute name="DerivativeI" value="25.375000" />
  <attribute name="DerivativeH" value="25.375000" />
  <attribute name="Loop Time for DT" value="8.000000" />
  <attribute name="Output H" value="8388608"/>
  <attribute name="Output I" value="1752"/>
  <attribute name="Output T" value="4"/>
  <attribute name="Target GC Util Change" value ="20.000000" />
  <attribute name="Current GC Util Change" value="223.000000"/>
  <attribute name="GC Util currently" value="223" />
  <attribute name="CPU Util currently" value="577494175639" />
<allocation-satisfied id="76" threadId="0000000001CA5500" bytesRequested="24" />
<af-end id="77" timestamp="2019-06-15T06:28:21.255" threadId="0000000001CA5E88" success="true" />
<exclusive-end id="78" timestamp="2019-06-15T06:28:21.255" durationms="476.603" />

</verbosegc>

