<?xml version="1.0" ?>

<verbosegc xmlns="http://www.ibm.com/j9/verbosegc" version="10b4217_CMPRSS">

<initialized id="1" timestamp="2019-06-15T18:55:02.426">
  <attribute name="gcPolicy" value="-Xgcpolicy:balanced" />
  <attribute name="elasticGC enabled" value="1" />
  <attribute name= "numThreadsSpecified" value="0" />
  <attribute name="heapSize specified" value="0" />
  <attribute name="Current GC Util" value="0" />
  <attribute name= "Current Time Running" value="0" />
  <attribute name ="GC Interval" value="0" />
  <attribute name="ProportionalT" value="0.000000" />
  <attribute name="ProportionalI" value="0.000000" />
  <attribute name="ProportionalH" value="0.000000" />
  <attribute name="IntegralT" value="0.000000" />
  <attribute name="IntegralI" value="0.000000" />
  <attribute name="IntegralH" value="0.000000" />
  <attribute name="DerivativeT" value="0.000000" />
  <attribute name="DerivativeI" value="0.000000" />
  <attribute name="DerivativeH" value="0.000000" />
  <attribute name="Target GC Util Change" value ="0.000000" />
  <attribute name="Current GC Util Change" value="0.000000"/>
  <attribute name="Current Error" value="0.000000" />
  <attribute name="Loop Time for DT" value="0.000000" />
  <attribute name="Output H" value="0"/>
  <attribute name="Output I" value="0"/>
  <attribute name="Output T" value="0"/>
  <attribute name="GC Util currently" value="0" />
  <attribute name="CPU Util currently" value="0" />
  <attribute name="maxHeapSize" value="0x7cb00000" />
  <attribute name="initialHeapSize" value="0x800000" />
  <attribute name="compressedRefs" value="true" />
  <attribute name="compressedRefsDisplacement" value="0x0" />
  <attribute name="compressedRefsShift" value="0x0" />
  <attribute name="pageSize" value="0x1000" />
  <attribute name="pageType" value="not used" />
  <attribute name="requestedPageSize" value="0x1000" />
  <attribute name="requestedPageType" value="not used" />
  <attribute name="gcthreads" value="4" />
  <attribute name="packetListSplit" value="4" />
  <attribute name="cacheListSplit" value="4" />
  <attribute name="splitFreeListSplitAmount" value="1" />
  <attribute name="numaNodes" value="0" />
  <region>
    <attribute name="regionSize" value="1048576" />
    <attribute name="regionCount" value="1995" />
    <attribute name="arrayletLeafSize" value="1048576" />
  </region>
  <system>
    <attribute name="physicalMemory" value="8370962432" />
    <attribute name="numCPUs" value="4" />
    <attribute name="architecture" value="amd64" />
    <attribute name="os" value="Linux" />
    <attribute name="osVersion" value="4.4.0-148-generic" />
  </system>
  <vmargs>
    <vmarg name="-Xoptionsfile=/vagrant/jdk/lib/options.default" />
    <vmarg name="-Xlockword:mode=default,noLockword=java/lang/String,noLockword=java/util/MapEntry,noLockword=java/util/HashMap$Entry,noLockword..." />
    <vmarg name="-Xjcl:jclse29" />
    <vmarg name="-Dcom.ibm.oti.vm.bootstrap.library.path=/vagrant/jdk/lib/compressedrefs:/vagrant/jdk/lib" />
    <vmarg name="-Dsun.boot.library.path=/vagrant/jdk/lib/compressedrefs:/vagrant/jdk/lib" />
    <vmarg name="-Djava.library.path=/vagrant/jdk/lib/compressedrefs:/vagrant/jdk/lib:/usr/lib64:/usr/lib" />
    <vmarg name="-Djava.home=/vagrant/jdk" />
    <vmarg name="-Duser.dir=/vagrant" />
    <vmarg name="-Xgcpolicy:balanced" />
    <vmarg name="-Xgcelastic" />
    <vmarg name="-Xcheck:gc:::elasticGC" />
    <vmarg name="-verbose:gc" />
    <vmarg name="-Xloggc:small-Balanced-jdk-1.5-1-0.5-verbose10sunflow.txt" />
    <vmarg name="-Djava.class.path=dacapo-9.12-MR1-bach.jar" />
    <vmarg name="-Dsun.java.command=dacapo-9.12-MR1-bach.jar sunflow --size=small" />
    <vmarg name="-Dsun.java.launcher=SUN_STANDARD" />
    <vmarg name="-Dsun.java.launcher.pid=5865" />
  </vmargs>
</initialized>

<exclusive-start id="2" timestamp="2019-06-15T18:55:02.884" intervalms="457.367">
  <response-info timems="0.179" idlems="0.179" threads="0" lastid="0000000001EBD700" lastname="main" />
</exclusive-start>
<sys-start reason="explicit" id="3" timestamp="2019-06-15T18:55:02.884" intervalms="457.785" />
<cycle-start id="4" type="global garbage collect" contextid="0" timestamp="2019-06-15T18:55:02.884" intervalms="458.136" />
<gc-start id="5" type="global garbage collect" contextid="4" timestamp="2019-06-15T18:55:02.885">
  <mem-info id="6" free="4239544" total="8388608" percent="50">
    <mem type="eden" free="45320" total="4194304" percent="1" />
    <remembered-set count="0" freebytes="334848" totalbytes="334848" percent="100" regionsoverflowed="0" regionsstable="0" regionsrebuilding="0"/>
  </mem-info>
</gc-start>
<allocation-stats totalBytes="4143712" >
  <allocated-bytes non-tlh="501912" tlh="3641800" arrayletleaf="0"/>
  <largest-consumer threadName="main" threadId="0000000001EBD700" bytes="4067856" />
</allocation-stats>
<gc-op id="7" type="global mark" timems="4.160" contextid="4" timestamp="2019-06-15T18:55:02.890">
  <trace-info objectcount="30298" scancount="23630" scanbytes="765124" />
  <finalization candidates="125" enqueued="1" />
  <ownableSynchronizers candidates="3" cleared="0" />
  <references type="soft" candidates="131" cleared="0" enqueued="0" dynamicThreshold="32" maxThreshold="32" />
  <references type="weak" candidates="1322" cleared="569" enqueued="479" />
  <references type="phantom" candidates="106" cleared="42" enqueued="42" />
  <stringconstants candidates="3958" cleared="0"  />
</gc-op>
<gc-op id="8" type="classunload" timems="0.112" contextid="4" timestamp="2019-06-15T18:55:02.890">
  <classunload-info classloadercandidates="7" classloadersunloaded="0" classesunloaded="0" anonymousclassesunloaded="0" quiescems="0.000" setupms="0.112" scanms="0.000" postms="0.000" />
</gc-op>
<gc-op id="9" type="sweep" timems="0.521" contextid="4" timestamp="2019-06-15T18:55:02.891" />
<gc-op id="10" type="compact" timems="7.093" contextid="4" timestamp="2019-06-15T18:55:02.898">
  <compact-info movecount="30298" movebytes="1345560" />
  <remembered-set-cleared processed="3427" cleared="3427" durationms="0.146" />
</gc-op>
<gc-end id="11" type="global garbage collect" contextid="4" durationms="13.979" usertimems="8.000" systemtimems="4.000" timestamp="2019-06-15T18:55:02.899" activeThreads="4">
  <mem-info id="12" free="6291456" total="8388608" percent="75">
    <pending-finalizers system="1" default="0" reference="521" classloader="0" />
    <remembered-set count="2048" freebytes="326656" totalbytes="334848" percent="97" regionsoverflowed="0" regionsstable="0" regionsrebuilding="0"/>
  </mem-info>
</gc-end>
<cycle-end id="13" type="global garbage collect" contextid="4" timestamp="2019-06-15T18:55:02.899" />
  <attribute name="elasticGC enabled" value="1" />
  <attribute name= "numThreadsSpecified" value="4" />
  <attribute name="heapSize specified" value="0" />
  <attribute name="Current GC Util" value="36" />
  <attribute name= "Current Time Running" value="323" />
  <attribute name ="GC Interval" value="0" />
  <attribute name="ProportionalT" value="24.000000" />
  <attribute name="ProportionalI" value="24.000000" />
  <attribute name="ProportionalH" value="24.000000" />
  <attribute name="Current Error" value="16.000000" />
  <attribute name="IntegralT" value="-6014.000000" />
  <attribute name="IntegralI" value="-6014.000000" />
  <attribute name="IntegralH" value="-6014.000000" />
  <attribute name="DerivativeT" value="-23.000000" />
  <attribute name="DerivativeI" value="-23.000000" />
  <attribute name="DerivativeH" value="-23.000000" />
  <attribute name="Loop Time for DT" value="1.000000" />
  <attribute name="Output H" value="2091843584"/>
  <attribute name="Output I" value="200"/>
  <attribute name="Output T" value="4"/>
  <attribute name="Target GC Util Change" value ="20.000000" />
  <attribute name="Current GC Util Change" value="36.000000"/>
  <attribute name="GC Util currently" value="36" />
  <attribute name="CPU Util currently" value="6093053575904" />
<sys-end id="14" timestamp="2019-06-15T18:55:02.900" />
<exclusive-end id="15" timestamp="2019-06-15T18:55:02.900" durationms="15.949" />

<exclusive-start id="16" timestamp="2019-06-15T18:55:03.097" intervalms="213.267">
  <response-info timems="0.096" idlems="0.096" threads="0" lastid="0000000002216500" lastname="Thread-5" />
</exclusive-start>
<allocation-taxation id="17" taxation-threshold="6291456" timestamp="2019-06-15T18:55:03.097" intervalms="671.093" />
<cycle-start id="18" type="partial gc" contextid="0" timestamp="2019-06-15T18:55:03.098" intervalms="671.505" />
<gc-start id="19" type="partial gc" contextid="18" timestamp="2019-06-15T18:55:03.098">
  <mem-info id="20" free="0" total="8388608" percent="0">
    <mem type="eden" free="0" total="6291456" percent="0" />
    <remembered-set count="1632" freebytes="328320" totalbytes="334848" percent="98" regionsoverflowed="0" regionsstable="0" regionsrebuilding="0"/>
  </mem-info>
</gc-start>
<allocation-stats totalBytes="6208824" >
  <allocated-bytes non-tlh="1116256" tlh="5092568" arrayletleaf="0"/>
  <largest-consumer threadName="main" threadId="0000000001EBD700" bytes="2982240" />
</allocation-stats>
<gc-op id="21" type="mark" timems="2.721" contextid="18" timestamp="2019-06-15T18:55:03.102">
  <trace-info objectcount="14753" scancount="11871" scanbytes="447688" />
  <cardclean-info objects="1350" bytes="49144" />
  <remembered-set-cleared processed="545" cleared="65" durationms="0.068" />
  <references type="soft" candidates="17" cleared="0" enqueued="0" dynamicThreshold="24" maxThreshold="32" />
  <references type="weak" candidates="45" cleared="29" enqueued="28" />
  <references type="phantom" candidates="2" cleared="0" enqueued="0" />
  <stringconstants candidates="4534" cleared="1"  />
  <warning details="Mark invoked due to insufficient free space for Copy-Forward" />
</gc-op>
<gc-op id="22" type="classunload" timems="0.003" contextid="18" timestamp="2019-06-15T18:55:03.102">
  <classunload-info classloadercandidates="8" classloadersunloaded="0" classesunloaded="0" anonymousclassesunloaded="0" quiescems="0.000" setupms="0.003" scanms="0.000" postms="0.000" />
</gc-op>
<gc-op id="23" type="sweep" timems="0.478" contextid="18" timestamp="2019-06-15T18:55:03.103" />
<gc-op id="24" type="compact" timems="2.540" contextid="18" timestamp="2019-06-15T18:55:03.106">
  <compact-info movecount="14753" movebytes="1440976" />
  <remembered-set-cleared processed="2469" cleared="1477" durationms="0.068" />
</gc-op>
<heap-resize id="25" type="expand" space="default" amount="1048576" count="1" timems="0.057" reason="insufficient free space following gc" timestamp="2019-06-15T18:55:03.106" />
<gc-end id="26" type="partial gc" contextid="18" durationms="8.200" usertimems="8.000" systemtimems="0.000" timestamp="2019-06-15T18:55:03.106" activeThreads="1">
  <mem-info id="27" free="5242880" total="9437184" percent="55">
    <mem type="eden" free="655840" total="2097152" percent="31" />
    <pending-finalizers system="0" default="0" reference="28" classloader="0" />
    <remembered-set count="2592" freebytes="366336" totalbytes="376704" percent="97" regionsoverflowed="0" regionsstable="0" regionsrebuilding="0"/>
  </mem-info>
</gc-end>
<cycle-end id="28" type="partial gc" contextid="18" timestamp="2019-06-15T18:55:03.107" />
  <attribute name="elasticGC enabled" value="1" />
  <attribute name= "numThreadsSpecified" value="1" />
  <attribute name="heapSize specified" value="0" />
  <attribute name="Current GC Util" value="20" />
  <attribute name= "Current Time Running" value="535" />
  <attribute name ="GC Interval" value="0" />
  <attribute name="ProportionalT" value="0.000000" />
  <attribute name="ProportionalI" value="0.000000" />
  <attribute name="ProportionalH" value="0.000000" />
  <attribute name="Current Error" value="0.000000" />
  <attribute name="IntegralT" value="0.000000" />
  <attribute name="IntegralI" value="0.000000" />
  <attribute name="IntegralH" value="0.000000" />
  <attribute name="DerivativeT" value="0.000000" />
  <attribute name="DerivativeI" value="0.000000" />
  <attribute name="DerivativeH" value="0.000000" />
  <attribute name="Loop Time for DT" value="1.000000" />
  <attribute name="Output H" value="8388608"/>
  <attribute name="Output I" value="200"/>
  <attribute name="Output T" value="1"/>
  <attribute name="Target GC Util Change" value ="20.000000" />
  <attribute name="Current GC Util Change" value="20.000000"/>
  <attribute name="GC Util currently" value="20" />
  <attribute name="CPU Util currently" value="5546565114823" />
<exclusive-end id="29" timestamp="2019-06-15T18:55:03.107" durationms="9.822" />

<exclusive-start id="30" timestamp="2019-06-15T18:55:03.141" intervalms="44.085">
  <response-info timems="0.026" idlems="0.026" threads="0" lastid="0000000002216500" lastname="Thread-5" />
</exclusive-start>
<allocation-taxation id="31" taxation-threshold="2097152" timestamp="2019-06-15T18:55:03.141" intervalms="43.776" />
<cycle-start id="32" type="global mark phase" contextid="0" timestamp="2019-06-15T18:55:03.141" intervalms="715.008" />
<gc-start id="33" type="global mark phase" contextid="32" timestamp="2019-06-15T18:55:03.141">
  <mem-info id="34" free="3145728" total="9437184" percent="33">
    <remembered-set count="2240" freebytes="367744" totalbytes="376704" percent="97" regionsoverflowed="0" regionsstable="0" regionsrebuilding="0"/>
  </mem-info>
</gc-start>
<gc-op id="35" type="mark increment" timems="0.617" contextid="32" timestamp="2019-06-15T18:55:03.142">
  <trace-info objectcount="170" scancount="0" scanbytes="0" />
</gc-op>
<gc-end id="36" type="global mark phase" contextid="32" durationms="0.889" usertimems="0.000" systemtimems="0.000" timestamp="2019-06-15T18:55:03.142" activeThreads="1">
  <mem-info id="37" free="3145728" total="9437184" percent="33">
    <remembered-set count="2240" freebytes="367744" totalbytes="376704" percent="97" regionsoverflowed="0" regionsstable="0" regionsrebuilding="0"/>
  </mem-info>
</gc-end>
<concurrent-start id="38" type="GMP work packet processing" contextid="32" timestamp="2019-06-15T18:55:03.143">
  <concurrent-mark-start scanTarget="18446744073709551615" />
</concurrent-start>
<exclusive-end id="39" timestamp="2019-06-15T18:55:03.143" durationms="1.541" />

<concurrent-end id="40" type="GMP work packet processing" contextid="32" timestamp="2019-06-15T18:55:03.144">
  <concurrent-mark-end bytesScanned="1187336" reasonForTermination="Completed all work in GC phase" />
</concurrent-end>

<exclusive-start id="41" timestamp="2019-06-15T18:55:03.150" intervalms="8.619">
  <response-info timems="0.023" idlems="0.023" threads="0" lastid="0000000002216500" lastname="Thread-5" />
</exclusive-start>
<allocation-taxation id="42" taxation-threshold="2097152" timestamp="2019-06-15T18:55:03.150" intervalms="8.589" />
<cycle-start id="43" type="partial gc" contextid="0" timestamp="2019-06-15T18:55:03.150" intervalms="52.076" />
<gc-start id="44" type="partial gc" contextid="43" timestamp="2019-06-15T18:55:03.150">
  <mem-info id="45" free="1048576" total="9437184" percent="11">
    <mem type="eden" free="0" total="5242880" percent="0" />
    <remembered-set count="2240" freebytes="367744" totalbytes="376704" percent="97" regionsoverflowed="0" regionsstable="0" regionsrebuilding="0"/>
  </mem-info>
</gc-start>
<allocation-stats totalBytes="4100944" >
  <allocated-bytes non-tlh="0" tlh="4100944" arrayletleaf="0"/>
  <largest-consumer threadName="Thread-5" threadId="0000000002216500" bytes="2091440" />
</allocation-stats>
<gc-op id="46" type="copy forward" timems="4.061" contextid="43" timestamp="2019-06-15T18:55:03.155">
  <memory-copied type="eden" objects="18" bytes="127224" bytesdiscarded="0" />
  <memory-copied type="other" objects="14636" bytes="1221344" bytesdiscarded="0" />
  <memory-cardclean objects="120" bytes="9320" />
  <regions eden="4" other="2" />
  <remembered-set-cleared processed="1124" cleared="611" durationms="0.061" />
  <references type="soft" candidates="17" cleared="0" enqueued="0" dynamicThreshold="10" maxThreshold="32" />
  <references type="weak" candidates="16" cleared="0" enqueued="0" />
  <references type="phantom" candidates="2" cleared="0" enqueued="0" />
  <stringconstants candidates="4533" cleared="0"  />
  <heap-resize type="expand" space="default" amount="2097152" count="2" timems="0.126" reason="continue current collection" />
</gc-op>
<gc-op id="47" type="classunload" timems="0.003" contextid="43" timestamp="2019-06-15T18:55:03.155">
  <classunload-info classloadercandidates="8" classloadersunloaded="0" classesunloaded="0" anonymousclassesunloaded="0" quiescems="0.000" setupms="0.003" scanms="0.000" postms="0.000" />
</gc-op>
<gc-op id="48" type="compact" timems="1.012" contextid="43" timestamp="2019-06-15T18:55:03.156">
  <compact-info movecount="0" movebytes="0" />
  <remembered-set-cleared processed="2174" cleared="611" durationms="0.061" />
</gc-op>
<gc-end id="49" type="partial gc" contextid="43" durationms="6.547" usertimems="8.000" systemtimems="0.000" timestamp="2019-06-15T18:55:03.157" activeThreads="4">
  <mem-info id="50" free="6291456" total="11534336" percent="54">
    <mem type="eden" free="921352" total="1048576" percent="87" />
    <remembered-set count="1728" freebytes="453504" totalbytes="460416" percent="98" regionsoverflowed="0" regionsstable="0" regionsrebuilding="0"/>
  </mem-info>
</gc-end>
<cycle-end id="51" type="partial gc" contextid="43" timestamp="2019-06-15T18:55:03.157" />
  <attribute name="elasticGC enabled" value="1" />
  <attribute name= "numThreadsSpecified" value="4" />
  <attribute name="heapSize specified" value="0" />
  <attribute name="Current GC Util" value="0" />
  <attribute name= "Current Time Running" value="587" />
  <attribute name ="GC Interval" value="0" />
  <attribute name="ProportionalT" value="-30.000000" />
  <attribute name="ProportionalI" value="-30.000000" />
  <attribute name="ProportionalH" value="-30.000000" />
  <attribute name="Current Error" value="-20.000000" />
  <attribute name="IntegralT" value="-80.000000" />
  <attribute name="IntegralI" value="-80.000000" />
  <attribute name="IntegralH" value="-80.000000" />
  <attribute name="DerivativeT" value="-3.750000" />
  <attribute name="DerivativeI" value="-3.750000" />
  <attribute name="DerivativeH" value="-3.750000" />
  <attribute name="Loop Time for DT" value="4.000000" />
  <attribute name="Output H" value="2091843584"/>
  <attribute name="Output I" value="200"/>
  <attribute name="Output T" value="4"/>
  <attribute name="Target GC Util Change" value ="20.000000" />
  <attribute name="Current GC Util Change" value="0.000000"/>
  <attribute name="GC Util currently" value="0" />
  <attribute name="CPU Util currently" value="1022537266382" />
<exclusive-end id="52" timestamp="2019-06-15T18:55:03.157" durationms="7.444" />

<exclusive-start id="53" timestamp="2019-06-15T18:55:03.231" intervalms="81.567">
  <response-info timems="0.064" idlems="0.064" threads="0" lastid="0000000002216500" lastname="Thread-7" />
</exclusive-start>
<allocation-taxation id="54" taxation-threshold="3145728" timestamp="2019-06-15T18:55:03.231" intervalms="81.582" />
<gc-start id="55" type="global mark phase" contextid="32" timestamp="2019-06-15T18:55:03.232">
  <mem-info id="56" free="3145728" total="11534336" percent="27">
    <remembered-set count="1728" freebytes="453504" totalbytes="460416" percent="98" regionsoverflowed="0" regionsstable="0" regionsrebuilding="0"/>
  </mem-info>
</gc-start>
<gc-op id="57" type="mark increment" timems="1.499" contextid="32" timestamp="2019-06-15T18:55:03.233">
  <trace-info objectcount="5681" scancount="5602" scanbytes="274980" />
  <cardclean-info objects="715" bytes="32028" />
  <finalization candidates="124" enqueued="0" />
  <ownableSynchronizers candidates="3" cleared="0" />
  <references type="soft" candidates="148" cleared="0" enqueued="0" dynamicThreshold="17" maxThreshold="32" />
  <references type="weak" candidates="769" cleared="0" enqueued="0" />
  <references type="phantom" candidates="65" cleared="2" enqueued="2" />
  <stringconstants candidates="4596" cleared="0"  />
</gc-op>
<gc-op id="58" type="classunload" timems="0.004" contextid="32" timestamp="2019-06-15T18:55:03.233">
  <classunload-info classloadercandidates="8" classloadersunloaded="0" classesunloaded="0" anonymousclassesunloaded="0" quiescems="0.000" setupms="0.004" scanms="0.000" postms="0.000" />
</gc-op>
<gc-end id="59" type="global mark phase" contextid="32" durationms="1.986" usertimems="0.000" systemtimems="0.000" timestamp="2019-06-15T18:55:03.234" activeThreads="4">
  <mem-info id="60" free="3145728" total="11534336" percent="27">
    <pending-finalizers system="0" default="0" reference="2" classloader="0" />
    <remembered-set count="1728" freebytes="453504" totalbytes="460416" percent="98" regionsoverflowed="0" regionsstable="0" regionsrebuilding="0"/>
  </mem-info>
</gc-end>
<cycle-end id="61" type="global mark phase" contextid="32" timestamp="2019-06-15T18:55:03.234" />
  <attribute name="elasticGC enabled" value="1" />
  <attribute name= "numThreadsSpecified" value="4" />
  <attribute name="heapSize specified" value="0" />
  <attribute name="Current GC Util" value="0" />
  <attribute name= "Current Time Running" value="665" />
  <attribute name ="GC Interval" value="0" />
  <attribute name="ProportionalT" value="-30.000000" />
  <attribute name="ProportionalI" value="-30.000000" />
  <attribute name="ProportionalH" value="-30.000000" />
  <attribute name="Current Error" value="-20.000000" />
  <attribute name="IntegralT" value="-20.000000" />
  <attribute name="IntegralI" value="-20.000000" />
  <attribute name="IntegralH" value="-20.000000" />
  <attribute name="DerivativeT" value="-34.500000" />
  <attribute name="DerivativeI" value="-34.500000" />
  <attribute name="DerivativeH" value="-34.500000" />
  <attribute name="Loop Time for DT" value="1.000000" />
  <attribute name="Output H" value="2091843584"/>
  <attribute name="Output I" value="200"/>
  <attribute name="Output T" value="4"/>
  <attribute name="Target GC Util Change" value ="20.000000" />
  <attribute name="Current GC Util Change" value="0.000000"/>
  <attribute name="GC Util currently" value="0" />
  <attribute name="CPU Util currently" value="18511162918174" />
<exclusive-end id="62" timestamp="2019-06-15T18:55:03.234" durationms="2.736" />

<exclusive-start id="63" timestamp="2019-06-15T18:55:03.265" intervalms="33.644">
  <response-info timems="0.240" idlems="0.240" threads="0" lastid="0000000002216500" lastname="Thread-7" />
</exclusive-start>
<allocation-taxation id="64" taxation-threshold="3145728" timestamp="2019-06-15T18:55:03.265" intervalms="33.646" />
<cycle-start id="65" type="partial gc" contextid="0" timestamp="2019-06-15T18:55:03.265" intervalms="115.212" />
<gc-start id="66" type="partial gc" contextid="65" timestamp="2019-06-15T18:55:03.265">
  <mem-info id="67" free="0" total="11534336" percent="0">
    <mem type="eden" free="0" total="6291456" percent="0" />
    <remembered-set count="1728" freebytes="453504" totalbytes="460416" percent="98" regionsoverflowed="0" regionsstable="0" regionsrebuilding="0"/>
  </mem-info>
</gc-start>
<allocation-stats totalBytes="6286736" >
  <allocated-bytes non-tlh="478864" tlh="5807872" arrayletleaf="0"/>
  <largest-consumer threadName="Thread-7" threadId="0000000002216500" bytes="3145344" />
</allocation-stats>
<gc-op id="68" type="sweep" timems="0.546" contextid="65" timestamp="2019-06-15T18:55:03.266" />
<gc-op id="69" type="copy forward" timems="1.348" contextid="65" timestamp="2019-06-15T18:55:03.268">
  <memory-copied type="eden" objects="171" bytes="4104" bytesdiscarded="0" />
  <memory-copied type="other" objects="5605" bytes="432136" bytesdiscarded="0" />
  <memory-cardclean objects="286" bytes="14024" />
  <memory-traced type="eden" objects="133" bytes="3584" />
  <memory-traced type="other" objects="0" bytes="0" />
  <regions eden="3" other="3" evacuated="5" marked="1" />
  <remembered-set-cleared processed="1058" cleared="32" durationms="0.057" />
  <stringconstants candidates="4596" cleared="0"  />
</gc-op>
<gc-op id="70" type="classunload" timems="0.003" contextid="65" timestamp="2019-06-15T18:55:03.268">
  <classunload-info classloadercandidates="8" classloadersunloaded="0" classesunloaded="0" anonymousclassesunloaded="0" quiescems="0.000" setupms="0.002" scanms="0.000" postms="0.000" />
</gc-op>
<gc-op id="71" type="sweep" timems="0.503" contextid="65" timestamp="2019-06-15T18:55:03.269" />
<gc-op id="72" type="compact" timems="1.017" contextid="65" timestamp="2019-06-15T18:55:03.270">
  <compact-info movecount="133" movebytes="3584" />
  <remembered-set-cleared processed="2210" cleared="54" durationms="0.057" />
</gc-op>
<gc-end id="73" type="partial gc" contextid="65" durationms="5.097" usertimems="8.000" systemtimems="0.000" timestamp="2019-06-15T18:55:03.270" activeThreads="4">
  <mem-info id="74" free="5242880" total="11534336" percent="45">
    <mem type="eden" free="1657288" total="2097152" percent="79" />
    <remembered-set count="2816" freebytes="449152" totalbytes="460416" percent="97" regionsoverflowed="0" regionsstable="0" regionsrebuilding="0"/>
  </mem-info>
</gc-end>
<cycle-end id="75" type="partial gc" contextid="65" timestamp="2019-06-15T18:55:03.271" />
  <attribute name="elasticGC enabled" value="1" />
  <attribute name= "numThreadsSpecified" value="4" />
  <attribute name="heapSize specified" value="0" />
  <attribute name="Current GC Util" value="25" />
  <attribute name= "Current Time Running" value="701" />
  <attribute name ="GC Interval" value="0" />
  <attribute name="ProportionalT" value="7.500000" />
  <attribute name="ProportionalI" value="7.500000" />
  <attribute name="ProportionalH" value="7.500000" />
  <attribute name="Current Error" value="5.000000" />
  <attribute name="IntegralT" value="5.000000" />
  <attribute name="IntegralI" value="5.000000" />
  <attribute name="IntegralH" value="5.000000" />
  <attribute name="DerivativeT" value="2.500000" />
  <attribute name="DerivativeI" value="2.500000" />
  <attribute name="DerivativeH" value="2.500000" />
  <attribute name="Loop Time for DT" value="1.000000" />
  <attribute name="Output H" value="8388608"/>
  <attribute name="Output I" value="200"/>
  <attribute name="Output T" value="4"/>
  <attribute name="Target GC Util Change" value ="20.000000" />
  <attribute name="Current GC Util Change" value="25.000000"/>
  <attribute name="GC Util currently" value="25" />
  <attribute name="CPU Util currently" value="6156918684621" />
<exclusive-end id="76" timestamp="2019-06-15T18:55:03.271" durationms="5.822" />

<exclusive-start id="77" timestamp="2019-06-15T18:55:03.304" intervalms="38.977">
  <response-info timems="0.070" idlems="0.070" threads="0" lastid="0000000002216500" lastname="Thread-7" />
</exclusive-start>
<allocation-taxation id="78" taxation-threshold="5242880" timestamp="2019-06-15T18:55:03.304" intervalms="38.965" />
<cycle-start id="79" type="partial gc" contextid="0" timestamp="2019-06-15T18:55:03.304" intervalms="38.967" />
<gc-start id="80" type="partial gc" contextid="79" timestamp="2019-06-15T18:55:03.304">
  <mem-info id="81" free="0" total="11534336" percent="0">
    <mem type="eden" free="1044992" total="6291456" percent="16" />
    <remembered-set count="2368" freebytes="450944" totalbytes="460416" percent="97" regionsoverflowed="0" regionsstable="0" regionsrebuilding="0"/>
  </mem-info>
</gc-start>
<allocation-stats totalBytes="5242080" >
  <allocated-bytes non-tlh="0" tlh="5242080" arrayletleaf="0"/>
  <largest-consumer threadName="Thread-7" threadId="0000000002216500" bytes="5242080" />
</allocation-stats>
<gc-op id="82" type="mark" timems="0.834" contextid="79" timestamp="2019-06-15T18:55:03.306">
  <trace-info objectcount="6196" scancount="6117" scanbytes="287324" />
  <cardclean-info objects="36" bytes="2580" />
  <remembered-set-cleared processed="1147" cleared="105" durationms="0.058" />
  <stringconstants candidates="4596" cleared="0"  />
  <warning details="Mark invoked due to insufficient free space for Copy-Forward" />
</gc-op>
<gc-op id="83" type="classunload" timems="0.002" contextid="79" timestamp="2019-06-15T18:55:03.306">
  <classunload-info classloadercandidates="8" classloadersunloaded="0" classesunloaded="0" anonymousclassesunloaded="0" quiescems="0.000" setupms="0.002" scanms="0.000" postms="0.000" />
</gc-op>
<gc-op id="84" type="sweep" timems="0.447" contextid="79" timestamp="2019-06-15T18:55:03.306" />
<gc-op id="85" type="compact" timems="1.436" contextid="79" timestamp="2019-06-15T18:55:03.308">
  <compact-info movecount="6191" movebytes="446616" />
  <remembered-set-cleared processed="2331" cleared="247" durationms="0.058" />
</gc-op>
<gc-end id="86" type="partial gc" contextid="79" durationms="3.964" usertimems="0.000" systemtimems="4.000" timestamp="2019-06-15T18:55:03.308" activeThreads="4">
  <mem-info id="87" free="5242880" total="11534336" percent="45">
    <mem type="eden" free="1650416" total="2097152" percent="78" />
    <remembered-set count="2752" freebytes="449408" totalbytes="460416" percent="97" regionsoverflowed="0" regionsstable="0" regionsrebuilding="0"/>
  </mem-info>
</gc-end>
<cycle-end id="88" type="partial gc" contextid="79" timestamp="2019-06-15T18:55:03.308" />
  <attribute name="elasticGC enabled" value="1" />
  <attribute name= "numThreadsSpecified" value="4" />
  <attribute name="heapSize specified" value="0" />
  <attribute name="Current GC Util" value="23" />
  <attribute name= "Current Time Running" value="739" />
  <attribute name ="GC Interval" value="0" />
  <attribute name="ProportionalT" value="4.500000" />
  <attribute name="ProportionalI" value="4.500000" />
  <attribute name="ProportionalH" value="4.500000" />
  <attribute name="Current Error" value="3.000000" />
  <attribute name="IntegralT" value="3.000000" />
  <attribute name="IntegralI" value="3.000000" />
  <attribute name="IntegralH" value="3.000000" />
  <attribute name="DerivativeT" value="1.500000" />
  <attribute name="DerivativeI" value="1.500000" />
  <attribute name="DerivativeH" value="1.500000" />
  <attribute name="Loop Time for DT" value="1.000000" />
  <attribute name="Output H" value="8388608"/>
  <attribute name="Output I" value="200"/>
  <attribute name="Output T" value="4"/>
  <attribute name="Target GC Util Change" value ="20.000000" />
  <attribute name="Current GC Util Change" value="23.000000"/>
  <attribute name="GC Util currently" value="23" />
  <attribute name="CPU Util currently" value="6913253179362" />
<exclusive-end id="89" timestamp="2019-06-15T18:55:03.309" durationms="4.817" />

<exclusive-start id="90" timestamp="2019-06-15T18:55:03.316" intervalms="12.392">
  <response-info timems="0.078" idlems="0.078" threads="0" lastid="0000000002216500" lastname="Thread-7" />
</exclusive-start>
<allocation-taxation id="91" taxation-threshold="2097152" timestamp="2019-06-15T18:55:03.316" intervalms="12.449" />
<cycle-start id="92" type="global mark phase" contextid="0" timestamp="2019-06-15T18:55:03.317" intervalms="175.305" />
<gc-start id="93" type="global mark phase" contextid="92" timestamp="2019-06-15T18:55:03.317">
  <mem-info id="94" free="3145728" total="11534336" percent="27">
    <remembered-set count="2272" freebytes="451328" totalbytes="460416" percent="98" regionsoverflowed="0" regionsstable="0" regionsrebuilding="0"/>
  </mem-info>
</gc-start>
<gc-op id="95" type="mark increment" timems="0.440" contextid="92" timestamp="2019-06-15T18:55:03.317">
  <trace-info objectcount="136" scancount="0" scanbytes="0" />
</gc-op>
<gc-end id="96" type="global mark phase" contextid="92" durationms="0.746" usertimems="0.000" systemtimems="0.000" timestamp="2019-06-15T18:55:03.318" activeThreads="1">
  <mem-info id="97" free="3145728" total="11534336" percent="27">
    <remembered-set count="2272" freebytes="451328" totalbytes="460416" percent="98" regionsoverflowed="0" regionsstable="0" regionsrebuilding="0"/>
  </mem-info>
</gc-end>
<concurrent-start id="98" type="GMP work packet processing" contextid="92" timestamp="2019-06-15T18:55:03.318">
  <concurrent-mark-start scanTarget="18446744073709551615" />
</concurrent-start>
<exclusive-end id="99" timestamp="2019-06-15T18:55:03.318" durationms="1.692" />

<concurrent-end id="100" type="GMP work packet processing" contextid="92" timestamp="2019-06-15T18:55:03.320">
  <concurrent-mark-end bytesScanned="1459152" reasonForTermination="Completed all work in GC phase" />
</concurrent-end>

<exclusive-start id="101" timestamp="2019-06-15T18:55:03.325" intervalms="8.859">
  <response-info timems="0.076" idlems="0.076" threads="0" lastid="0000000002216500" lastname="Thread-7" />
</exclusive-start>
<allocation-taxation id="102" taxation-threshold="2097152" timestamp="2019-06-15T18:55:03.325" intervalms="8.853" />
<cycle-start id="103" type="partial gc" contextid="0" timestamp="2019-06-15T18:55:03.326" intervalms="21.417" />
<gc-start id="104" type="partial gc" contextid="103" timestamp="2019-06-15T18:55:03.326">
  <mem-info id="105" free="1048576" total="11534336" percent="9">
    <mem type="eden" free="0" total="4194304" percent="0" />
    <remembered-set count="2272" freebytes="451328" totalbytes="460416" percent="98" regionsoverflowed="0" regionsstable="0" regionsrebuilding="0"/>
  </mem-info>
</gc-start>
<allocation-stats totalBytes="4193696" >
  <allocated-bytes non-tlh="0" tlh="4193696" arrayletleaf="0"/>
  <largest-consumer threadName="Thread-7" threadId="0000000002216500" bytes="2096840" />
</allocation-stats>
<gc-op id="106" type="copy forward" timems="0.827" contextid="103" timestamp="2019-06-15T18:55:03.327">
  <memory-copied type="eden" objects="258" bytes="6584" bytesdiscarded="0" />
  <memory-copied type="other" objects="282" bytes="6768" bytesdiscarded="0" />
  <memory-cardclean objects="895" bytes="43464" />
  <regions eden="4" other="1" />
  <remembered-set-cleared processed="1196" cleared="82" durationms="0.068" />
  <stringconstants candidates="4596" cleared="0"  />
  <heap-resize type="expand" space="default" amount="1048576" count="1" timems="0.066" reason="continue current collection" />
</gc-op>
<gc-op id="107" type="classunload" timems="0.003" contextid="103" timestamp="2019-06-15T18:55:03.327">
  <classunload-info classloadercandidates="8" classloadersunloaded="0" classesunloaded="0" anonymousclassesunloaded="0" quiescems="0.000" setupms="0.002" scanms="0.000" postms="0.000" />
</gc-op>
<gc-op id="108" type="compact" timems="1.114" contextid="103" timestamp="2019-06-15T18:55:03.329">
  <compact-info movecount="0" movebytes="0" />
  <remembered-set-cleared processed="2567" cleared="82" durationms="0.068" />
</gc-op>
<heap-resize id="109" type="expand" space="default" amount="3145728" count="1" timems="0.075" reason="excessive time being spent in gc" timestamp="2019-06-15T18:55:03.329" />
<gc-end id="110" type="partial gc" contextid="103" durationms="3.568" usertimems="4.000" systemtimems="0.000" timestamp="2019-06-15T18:55:03.329" activeThreads="4">
  <mem-info id="111" free="8388608" total="15728640" percent="53">
    <mem type="eden" free="1041992" total="1048576" percent="99" />
    <remembered-set count="1632" freebytes="621312" totalbytes="627840" percent="98" regionsoverflowed="0" regionsstable="0" regionsrebuilding="0"/>
  </mem-info>
</gc-end>
<cycle-end id="112" type="partial gc" contextid="103" timestamp="2019-06-15T18:55:03.329" />
  <attribute name="elasticGC enabled" value="1" />
  <attribute name= "numThreadsSpecified" value="4" />
  <attribute name="heapSize specified" value="0" />
  <attribute name="Current GC Util" value="0" />
  <attribute name= "Current Time Running" value="760" />
  <attribute name ="GC Interval" value="0" />
  <attribute name="ProportionalT" value="-30.000000" />
  <attribute name="ProportionalI" value="-30.000000" />
  <attribute name="ProportionalH" value="-30.000000" />
  <attribute name="Current Error" value="-20.000000" />
  <attribute name="IntegralT" value="-40.000000" />
  <attribute name="IntegralI" value="-40.000000" />
  <attribute name="IntegralH" value="-40.000000" />
  <attribute name="DerivativeT" value="-10.750000" />
  <attribute name="DerivativeI" value="-10.750000" />
  <attribute name="DerivativeH" value="-10.750000" />
  <attribute name="Loop Time for DT" value="2.000000" />
  <attribute name="Output H" value="2091843584"/>
  <attribute name="Output I" value="200"/>
  <attribute name="Output T" value="4"/>
  <attribute name="Target GC Util Change" value ="20.000000" />
  <attribute name="Current GC Util Change" value="0.000000"/>
  <attribute name="GC Util currently" value="0" />
  <attribute name="CPU Util currently" value="3690473670362" />
<exclusive-end id="113" timestamp="2019-06-15T18:55:03.330" durationms="4.610" />

<exclusive-start id="114" timestamp="2019-06-15T18:55:03.344" intervalms="18.892">
  <response-info timems="0.066" idlems="0.066" threads="0" lastid="0000000002216500" lastname="Thread-7" />
</exclusive-start>
<allocation-taxation id="115" taxation-threshold="4194304" timestamp="2019-06-15T18:55:03.344" intervalms="18.885" />
<gc-start id="116" type="global mark phase" contextid="92" timestamp="2019-06-15T18:55:03.344">
  <mem-info id="117" free="4194304" total="15728640" percent="26">
    <remembered-set count="1632" freebytes="621312" totalbytes="627840" percent="98" regionsoverflowed="0" regionsstable="0" regionsrebuilding="0"/>
  </mem-info>
</gc-start>
<gc-op id="118" type="mark increment" timems="1.209" contextid="92" timestamp="2019-06-15T18:55:03.346">
  <trace-info objectcount="347" scancount="347" scanbytes="8704" />
  <cardclean-info objects="1520" bytes="69576" />
  <finalization candidates="124" enqueued="0" />
  <ownableSynchronizers candidates="3" cleared="0" />
  <references type="soft" candidates="148" cleared="0" enqueued="0" dynamicThreshold="17" maxThreshold="32" />
  <references type="weak" candidates="769" cleared="0" enqueued="0" />
  <references type="phantom" candidates="63" cleared="0" enqueued="0" />
  <stringconstants candidates="4596" cleared="0"  />
</gc-op>
<gc-op id="119" type="classunload" timems="0.002" contextid="92" timestamp="2019-06-15T18:55:03.346">
  <classunload-info classloadercandidates="8" classloadersunloaded="0" classesunloaded="0" anonymousclassesunloaded="0" quiescems="0.000" setupms="0.002" scanms="0.000" postms="0.000" />
</gc-op>
<gc-end id="120" type="global mark phase" contextid="92" durationms="1.585" usertimems="0.000" systemtimems="0.000" timestamp="2019-06-15T18:55:03.346" activeThreads="4">
  <mem-info id="121" free="4194304" total="15728640" percent="26">
    <remembered-set count="1632" freebytes="621312" totalbytes="627840" percent="98" regionsoverflowed="0" regionsstable="0" regionsrebuilding="0"/>
  </mem-info>
</gc-end>
<cycle-end id="122" type="global mark phase" contextid="92" timestamp="2019-06-15T18:55:03.346" />
  <attribute name="elasticGC enabled" value="1" />
  <attribute name= "numThreadsSpecified" value="4" />
  <attribute name="heapSize specified" value="0" />
  <attribute name="Current GC Util" value="0" />
  <attribute name= "Current Time Running" value="777" />
  <attribute name ="GC Interval" value="0" />
  <attribute name="ProportionalT" value="-30.000000" />
  <attribute name="ProportionalI" value="-30.000000" />
  <attribute name="ProportionalH" value="-30.000000" />
  <attribute name="Current Error" value="-20.000000" />
  <attribute name="IntegralT" value="0.000000" />
  <attribute name="IntegralI" value="0.000000" />
  <attribute name="IntegralH" value="0.000000" />
  <attribute name="DerivativeT" value="-inf" />
  <attribute name="DerivativeI" value="-inf" />
  <attribute name="DerivativeH" value="-inf" />
  <attribute name="Loop Time for DT" value="0.000000" />
  <attribute name="Output H" value="2091843584"/>
  <attribute name="Output I" value="200"/>
  <attribute name="Output T" value="4"/>
  <attribute name="Target GC Util Change" value ="20.000000" />
  <attribute name="Current GC Util Change" value="0.000000"/>
  <attribute name="GC Util currently" value="0" />
  <attribute name="CPU Util currently" value="62208274552505" />
<exclusive-end id="123" timestamp="2019-06-15T18:55:03.346" durationms="2.213" />

<exclusive-start id="124" timestamp="2019-06-15T18:55:03.361" intervalms="16.710">
  <response-info timems="0.083" idlems="0.083" threads="0" lastid="0000000002216500" lastname="Thread-7" />
</exclusive-start>
<allocation-taxation id="125" taxation-threshold="4194304" timestamp="2019-06-15T18:55:03.361" intervalms="16.732" />
<cycle-start id="126" type="partial gc" contextid="0" timestamp="2019-06-15T18:55:03.361" intervalms="35.537" />
<gc-start id="127" type="partial gc" contextid="126" timestamp="2019-06-15T18:55:03.361">
  <mem-info id="128" free="0" total="15728640" percent="0">
    <mem type="eden" free="0" total="8388608" percent="0" />
    <remembered-set count="1632" freebytes="621312" totalbytes="627840" percent="98" regionsoverflowed="0" regionsstable="0" regionsrebuilding="0"/>
  </mem-info>
</gc-start>
<allocation-stats totalBytes="8387688" >
  <allocated-bytes non-tlh="0" tlh="8387688" arrayletleaf="0"/>
  <largest-consumer threadName="Thread-7" threadId="0000000002216500" bytes="4193760" />
</allocation-stats>
<gc-op id="129" type="sweep" timems="0.514" contextid="126" timestamp="2019-06-15T18:55:03.362" />
<gc-op id="130" type="mark" timems="0.643" contextid="126" timestamp="2019-06-15T18:55:03.363">
  <trace-info objectcount="613" scancount="613" scanbytes="14832" />
  <cardclean-info objects="1252" bytes="60600" />
  <remembered-set-cleared processed="1321" cleared="147" durationms="0.072" />
  <stringconstants candidates="4596" cleared="0"  />
  <warning details="Mark invoked due to insufficient free space for Copy-Forward" />
</gc-op>
<gc-op id="131" type="classunload" timems="0.002" contextid="126" timestamp="2019-06-15T18:55:03.363">
  <classunload-info classloadercandidates="8" classloadersunloaded="0" classesunloaded="0" anonymousclassesunloaded="0" quiescems="0.000" setupms="0.002" scanms="0.000" postms="0.000" />
</gc-op>
<gc-op id="132" type="sweep" timems="0.596" contextid="126" timestamp="2019-06-15T18:55:03.364" />
<gc-op id="133" type="compact" timems="2.565" contextid="126" timestamp="2019-06-15T18:55:03.367">
  <compact-info movecount="11348" movebytes="824816" />
  <remembered-set-cleared processed="2336" cleared="630" durationms="0.072" />
</gc-op>
<heap-resize id="134" type="expand" space="default" amount="3145728" count="1" timems="0.067" reason="excessive time being spent in gc" timestamp="2019-06-15T18:55:03.367" />
<gc-end id="135" type="partial gc" contextid="126" durationms="6.353" usertimems="8.000" systemtimems="0.000" timestamp="2019-06-15T18:55:03.368" activeThreads="4">
  <mem-info id="136" free="11534336" total="18874368" percent="61">
    <mem type="eden" free="1038112" total="1048576" percent="99" />
    <remembered-set count="2752" freebytes="742400" totalbytes="753408" percent="98" regionsoverflowed="0" regionsstable="0" regionsrebuilding="0"/>
  </mem-info>
</gc-end>
<cycle-end id="137" type="partial gc" contextid="126" timestamp="2019-06-15T18:55:03.368" />
  <attribute name="elasticGC enabled" value="1" />
  <attribute name= "numThreadsSpecified" value="4" />
  <attribute name="heapSize specified" value="0" />
  <attribute name="Current GC Util" value="68" />
  <attribute name= "Current Time Running" value="797" />
  <attribute name ="GC Interval" value="0" />
  <attribute name="ProportionalT" value="72.000000" />
  <attribute name="ProportionalI" value="72.000000" />
  <attribute name="ProportionalH" value="72.000000" />
  <attribute name="Current Error" value="48.000000" />
  <attribute name="IntegralT" value="48.000000" />
  <attribute name="IntegralI" value="48.000000" />
  <attribute name="IntegralH" value="48.000000" />
  <attribute name="DerivativeT" value="24.000000" />
  <attribute name="DerivativeI" value="24.000000" />
  <attribute name="DerivativeH" value="24.000000" />
  <attribute name="Loop Time for DT" value="1.000000" />
  <attribute name="Output H" value="8388608"/>
  <attribute name="Output I" value="200"/>
  <attribute name="Output T" value="4"/>
  <attribute name="Target GC Util Change" value ="20.000000" />
  <attribute name="Current GC Util Change" value="68.000000"/>
  <attribute name="GC Util currently" value="68" />
  <attribute name="CPU Util currently" value="5364927154803" />
<exclusive-end id="138" timestamp="2019-06-15T18:55:03.368" durationms="7.347" />

<exclusive-start id="139" timestamp="2019-06-15T18:55:03.385" intervalms="24.015">
  <response-info timems="0.077" idlems="0.077" threads="0" lastid="0000000002216500" lastname="Thread-7" />
</exclusive-start>
<allocation-taxation id="140" taxation-threshold="5242880" timestamp="2019-06-15T18:55:03.385" intervalms="23.992" />
<cycle-start id="141" type="global mark phase" contextid="0" timestamp="2019-06-15T18:55:03.385" intervalms="68.393" />
<gc-start id="142" type="global mark phase" contextid="141" timestamp="2019-06-15T18:55:03.385">
  <mem-info id="143" free="6291456" total="18874368" percent="33">
    <remembered-set count="2752" freebytes="742400" totalbytes="753408" percent="98" regionsoverflowed="0" regionsstable="0" regionsrebuilding="0"/>
  </mem-info>
</gc-start>
<gc-op id="144" type="mark increment" timems="0.583" contextid="141" timestamp="2019-06-15T18:55:03.386">
  <trace-info objectcount="125" scancount="0" scanbytes="0" />
</gc-op>
<gc-end id="145" type="global mark phase" contextid="141" durationms="0.807" usertimems="4.000" systemtimems="0.000" timestamp="2019-06-15T18:55:03.386" activeThreads="4">
  <mem-info id="146" free="6291456" total="18874368" percent="33">
    <remembered-set count="2752" freebytes="742400" totalbytes="753408" percent="98" regionsoverflowed="0" regionsstable="0" regionsrebuilding="0"/>
  </mem-info>
</gc-end>
<concurrent-start id="147" type="GMP work packet processing" contextid="141" timestamp="2019-06-15T18:55:03.386">
  <concurrent-mark-start scanTarget="18446744073709551615" />
</concurrent-start>
<exclusive-end id="148" timestamp="2019-06-15T18:55:03.386" durationms="1.569" />

<concurrent-end id="149" type="GMP work packet processing" contextid="141" timestamp="2019-06-15T18:55:03.389">
  <concurrent-mark-end bytesScanned="1476640" reasonForTermination="Completed all work in GC phase" />
</concurrent-end>

<exclusive-start id="150" timestamp="2019-06-15T18:55:03.406" intervalms="20.937">
  <response-info timems="0.074" idlems="0.074" threads="0" lastid="0000000002216500" lastname="Thread-7" />
</exclusive-start>
<allocation-taxation id="151" taxation-threshold="5242880" timestamp="2019-06-15T18:55:03.406" intervalms="20.939" />
<cycle-start id="152" type="partial gc" contextid="0" timestamp="2019-06-15T18:55:03.406" intervalms="45.015" />
<gc-start id="153" type="partial gc" contextid="152" timestamp="2019-06-15T18:55:03.406">
  <mem-info id="154" free="1048576" total="18874368" percent="5">
    <mem type="eden" free="0" total="10485760" percent="0" />
    <remembered-set count="2752" freebytes="742400" totalbytes="753408" percent="98" regionsoverflowed="0" regionsstable="0" regionsrebuilding="0"/>
  </mem-info>
</gc-start>
<allocation-stats totalBytes="10484544" >
  <allocated-bytes non-tlh="0" tlh="10484544" arrayletleaf="0"/>
  <largest-consumer threadName="Thread-7" threadId="0000000002216500" bytes="5242288" />
</allocation-stats>
<gc-op id="155" type="copy forward" timems="1.158" contextid="152" timestamp="2019-06-15T18:55:03.408">
  <memory-copied type="eden" objects="647" bytes="15920" bytesdiscarded="0" />
  <memory-copied type="other" objects="419" bytes="10056" bytesdiscarded="0" />
  <memory-cardclean objects="1666" bytes="80472" />
  <regions eden="10" other="1" />
  <remembered-set-cleared processed="1268" cleared="194" durationms="0.076" />
  <stringconstants candidates="4596" cleared="0"  />
  <heap-resize type="expand" space="default" amount="1048576" count="1" timems="0.062" reason="continue current collection" />
</gc-op>
<gc-op id="156" type="classunload" timems="0.003" contextid="152" timestamp="2019-06-15T18:55:03.408">
  <classunload-info classloadercandidates="8" classloadersunloaded="0" classesunloaded="0" anonymousclassesunloaded="0" quiescems="0.000" setupms="0.002" scanms="0.000" postms="0.000" />
</gc-op>
<heap-resize id="157" type="expand" space="default" amount="1048576" count="1" timems="0.059" reason="excessive time being spent in gc" timestamp="2019-06-15T18:55:03.409" />
<gc-end id="158" type="partial gc" contextid="152" durationms="2.649" usertimems="0.000" systemtimems="0.000" timestamp="2019-06-15T18:55:03.409" activeThreads="1">
  <mem-info id="159" free="12582912" total="20971520" percent="60">
    <mem type="eden" free="1032656" total="1048576" percent="98" />
    <remembered-set count="3104" freebytes="824704" totalbytes="837120" percent="98" regionsoverflowed="0" regionsstable="0" regionsrebuilding="0"/>
  </mem-info>
</gc-end>
<cycle-end id="160" type="partial gc" contextid="152" timestamp="2019-06-15T18:55:03.409" />
  <attribute name="elasticGC enabled" value="1" />
  <attribute name= "numThreadsSpecified" value="1" />
  <attribute name="heapSize specified" value="0" />
  <attribute name="Current GC Util" value="181" />
  <attribute name= "Current Time Running" value="839" />
  <attribute name ="GC Interval" value="0" />
  <attribute name="ProportionalT" value="241.500000" />
  <attribute name="ProportionalI" value="241.500000" />
  <attribute name="ProportionalH" value="241.500000" />
  <attribute name="Current Error" value="161.000000" />
  <attribute name="IntegralT" value="0.000000" />
  <attribute name="IntegralI" value="0.000000" />
  <attribute name="IntegralH" value="0.000000" />
  <attribute name="DerivativeT" value="inf" />
  <attribute name="DerivativeI" value="inf" />
  <attribute name="DerivativeH" value="inf" />
  <attribute name="Loop Time for DT" value="0.000000" />
  <attribute name="Output H" value="8388608"/>
  <attribute name="Output I" value="200"/>
  <attribute name="Output T" value="1"/>
  <attribute name="Target GC Util Change" value ="20.000000" />
  <attribute name="Current GC Util Change" value="181.000000"/>
  <attribute name="GC Util currently" value="181" />
  <attribute name="CPU Util currently" value="11752333086531" />
<exclusive-end id="161" timestamp="2019-06-15T18:55:03.409" durationms="3.697" />

<exclusive-start id="162" timestamp="2019-06-15T18:55:03.429" intervalms="23.661">
  <response-info timems="0.070" idlems="0.070" threads="0" lastid="0000000002216500" lastname="Thread-7" />
</exclusive-start>
<allocation-taxation id="163" taxation-threshold="5242880" timestamp="2019-06-15T18:55:03.430" intervalms="23.654" />
<gc-start id="164" type="global mark phase" contextid="141" timestamp="2019-06-15T18:55:03.430">
  <mem-info id="165" free="7340032" total="20971520" percent="35">
    <remembered-set count="3104" freebytes="824704" totalbytes="837120" percent="98" regionsoverflowed="0" regionsstable="0" regionsrebuilding="0"/>
  </mem-info>
</gc-start>
<gc-op id="166" type="mark increment" timems="2.608" contextid="141" timestamp="2019-06-15T18:55:03.432">
  <trace-info objectcount="641" scancount="641" scanbytes="15776" />
  <cardclean-info objects="2133" bytes="100312" />
  <finalization candidates="124" enqueued="0" />
  <ownableSynchronizers candidates="3" cleared="0" />
  <references type="soft" candidates="148" cleared="0" enqueued="0" dynamicThreshold="19" maxThreshold="32" />
  <references type="weak" candidates="769" cleared="0" enqueued="0" />
  <references type="phantom" candidates="63" cleared="0" enqueued="0" />
  <stringconstants candidates="4596" cleared="0"  />
</gc-op>
<gc-op id="167" type="classunload" timems="0.002" contextid="141" timestamp="2019-06-15T18:55:03.433">
  <classunload-info classloadercandidates="8" classloadersunloaded="0" classesunloaded="0" anonymousclassesunloaded="0" quiescems="0.000" setupms="0.002" scanms="0.000" postms="0.000" />
</gc-op>
<gc-end id="168" type="global mark phase" contextid="141" durationms="3.053" usertimems="4.000" systemtimems="0.000" timestamp="2019-06-15T18:55:03.433" activeThreads="4">
  <mem-info id="169" free="7340032" total="20971520" percent="35">
    <remembered-set count="3104" freebytes="824704" totalbytes="837120" percent="98" regionsoverflowed="0" regionsstable="0" regionsrebuilding="0"/>
  </mem-info>
</gc-end>
<cycle-end id="170" type="global mark phase" contextid="141" timestamp="2019-06-15T18:55:03.433" />
  <attribute name="elasticGC enabled" value="1" />
  <attribute name= "numThreadsSpecified" value="4" />
  <attribute name="heapSize specified" value="0" />
  <attribute name="Current GC Util" value="0" />
  <attribute name= "Current Time Running" value="863" />
  <attribute name ="GC Interval" value="0" />
  <attribute name="ProportionalT" value="-30.000000" />
  <attribute name="ProportionalI" value="-30.000000" />
  <attribute name="ProportionalH" value="-30.000000" />
  <attribute name="Current Error" value="-20.000000" />
  <attribute name="IntegralT" value="-20.000000" />
  <attribute name="IntegralI" value="-20.000000" />
  <attribute name="IntegralH" value="-20.000000" />
  <attribute name="DerivativeT" value="-93.000000" />
  <attribute name="DerivativeI" value="-93.000000" />
  <attribute name="DerivativeH" value="-93.000000" />
  <attribute name="Loop Time for DT" value="1.000000" />
  <attribute name="Output H" value="2091843584"/>
  <attribute name="Output I" value="200"/>
  <attribute name="Output T" value="4"/>
  <attribute name="Target GC Util Change" value ="20.000000" />
  <attribute name="Current GC Util Change" value="0.000000"/>
  <attribute name="GC Util currently" value="0" />
  <attribute name="CPU Util currently" value="18373324264549" />
<exclusive-end id="171" timestamp="2019-06-15T18:55:03.433" durationms="3.696" />

<exclusive-start id="172" timestamp="2019-06-15T18:55:03.454" intervalms="24.808">
  <response-info timems="0.069" idlems="0.069" threads="0" lastid="0000000002216500" lastname="Thread-7" />
</exclusive-start>
<allocation-taxation id="173" taxation-threshold="5242880" timestamp="2019-06-15T18:55:03.454" intervalms="24.808" />
<cycle-start id="174" type="partial gc" contextid="0" timestamp="2019-06-15T18:55:03.455" intervalms="48.439" />
<gc-start id="175" type="partial gc" contextid="174" timestamp="2019-06-15T18:55:03.455">
  <mem-info id="176" free="2097152" total="20971520" percent="10">
    <mem type="eden" free="0" total="10485760" percent="0" />
    <remembered-set count="3104" freebytes="824704" totalbytes="837120" percent="98" regionsoverflowed="0" regionsstable="0" regionsrebuilding="0"/>
  </mem-info>
</gc-start>
<allocation-stats totalBytes="10484520" >
  <allocated-bytes non-tlh="0" tlh="10484520" arrayletleaf="0"/>
  <largest-consumer threadName="Thread-7" threadId="0000000002216500" bytes="5242336" />
</allocation-stats>
<gc-op id="177" type="sweep" timems="0.505" contextid="174" timestamp="2019-06-15T18:55:03.456" />
<gc-op id="178" type="copy forward" timems="0.814" contextid="174" timestamp="2019-06-15T18:55:03.457">
  <memory-copied type="eden" objects="390" bytes="9752" bytesdiscarded="0" />
  <memory-copied type="other" objects="877" bytes="21048" bytesdiscarded="0" />
  <memory-cardclean objects="1909" bytes="92152" />
  <regions eden="5" other="6" />
  <remembered-set-cleared processed="1420" cleared="201" durationms="0.076" />
  <stringconstants candidates="4596" cleared="0"  />
</gc-op>
<gc-op id="179" type="classunload" timems="0.002" contextid="174" timestamp="2019-06-15T18:55:03.457">
  <classunload-info classloadercandidates="8" classloadersunloaded="0" classesunloaded="0" anonymousclassesunloaded="0" quiescems="0.000" setupms="0.002" scanms="0.000" postms="0.000" />
</gc-op>
<gc-end id="180" type="partial gc" contextid="174" durationms="2.851" usertimems="0.000" systemtimems="4.000" timestamp="2019-06-15T18:55:03.458" activeThreads="1">
  <mem-info id="181" free="11534336" total="20971520" percent="55">
    <mem type="eden" free="1031480" total="1048576" percent="98" />
    <remembered-set count="3296" freebytes="823936" totalbytes="837120" percent="98" regionsoverflowed="0" regionsstable="0" regionsrebuilding="0"/>
  </mem-info>
</gc-end>
<cycle-end id="182" type="partial gc" contextid="174" timestamp="2019-06-15T18:55:03.458" />
  <attribute name="elasticGC enabled" value="1" />
  <attribute name= "numThreadsSpecified" value="1" />
  <attribute name="heapSize specified" value="0" />
  <attribute name="Current GC Util" value="45" />
  <attribute name= "Current Time Running" value="888" />
  <attribute name ="GC Interval" value="0" />
  <attribute name="ProportionalT" value="37.500000" />
  <attribute name="ProportionalI" value="37.500000" />
  <attribute name="ProportionalH" value="37.500000" />
  <attribute name="Current Error" value="25.000000" />
  <attribute name="IntegralT" value="0.000000" />
  <attribute name="IntegralI" value="0.000000" />
  <attribute name="IntegralH" value="0.000000" />
  <attribute name="DerivativeT" value="inf" />
  <attribute name="DerivativeI" value="inf" />
  <attribute name="DerivativeH" value="inf" />
  <attribute name="Loop Time for DT" value="0.000000" />
  <attribute name="Output H" value="8388608"/>
  <attribute name="Output I" value="200"/>
  <attribute name="Output T" value="1"/>
  <attribute name="Target GC Util Change" value ="20.000000" />
  <attribute name="Current GC Util Change" value="45.000000"/>
  <attribute name="GC Util currently" value="45" />
  <attribute name="CPU Util currently" value="17459777751222" />
<exclusive-end id="183" timestamp="2019-06-15T18:55:03.458" durationms="3.882" />

<exclusive-start id="184" timestamp="2019-06-15T18:55:03.503" intervalms="48.404">
  <response-info timems="0.074" idlems="0.074" threads="0" lastid="0000000002216500" lastname="Thread-7" />
</exclusive-start>
<allocation-taxation id="185" taxation-threshold="11534336" timestamp="2019-06-15T18:55:03.503" intervalms="48.363" />
<cycle-start id="186" type="partial gc" contextid="0" timestamp="2019-06-15T18:55:03.503" intervalms="48.353" />
<gc-start id="187" type="partial gc" contextid="186" timestamp="2019-06-15T18:55:03.503">
  <mem-info id="188" free="0" total="20971520" percent="0">
    <mem type="eden" free="0" total="11534336" percent="0" />
    <remembered-set count="3296" freebytes="823936" totalbytes="837120" percent="98" regionsoverflowed="0" regionsstable="0" regionsrebuilding="0"/>
  </mem-info>
</gc-start>
<allocation-stats totalBytes="11533016" >
  <allocated-bytes non-tlh="0" tlh="11533016" arrayletleaf="0"/>
  <largest-consumer threadName="Thread-7" threadId="0000000002216500" bytes="11533016" />
</allocation-stats>
<gc-op id="189" type="mark" timems="0.710" contextid="186" timestamp="2019-06-15T18:55:03.504">
  <trace-info objectcount="1512" scancount="1512" scanbytes="36664" />
  <cardclean-info objects="2156" bytes="104032" />
  <remembered-set-cleared processed="1592" cleared="187" durationms="0.071" />
  <stringconstants candidates="4596" cleared="0"  />
  <warning details="Mark invoked due to insufficient free space for Copy-Forward" />
</gc-op>
<gc-op id="190" type="classunload" timems="0.002" contextid="186" timestamp="2019-06-15T18:55:03.505">
  <classunload-info classloadercandidates="8" classloadersunloaded="0" classesunloaded="0" anonymousclassesunloaded="0" quiescems="0.000" setupms="0.002" scanms="0.000" postms="0.000" />
</gc-op>
<gc-op id="191" type="sweep" timems="0.477" contextid="186" timestamp="2019-06-15T18:55:03.505" />
<gc-op id="192" type="compact" timems="1.251" contextid="186" timestamp="2019-06-15T18:55:03.507">
  <compact-info movecount="1512" movebytes="36664" />
  <remembered-set-cleared processed="3256" cleared="443" durationms="0.071" />
</gc-op>
<gc-end id="193" type="partial gc" contextid="186" durationms="3.925" usertimems="4.000" systemtimems="0.000" timestamp="2019-06-15T18:55:03.507" activeThreads="4">
  <mem-info id="194" free="10485760" total="20971520" percent="50">
    <mem type="eden" free="1026768" total="1048576" percent="97" />
    <remembered-set count="3392" freebytes="823552" totalbytes="837120" percent="98" regionsoverflowed="0" regionsstable="0" regionsrebuilding="0"/>
  </mem-info>
</gc-end>
<cycle-end id="195" type="partial gc" contextid="186" timestamp="2019-06-15T18:55:03.507" />
  <attribute name="elasticGC enabled" value="1" />
  <attribute name= "numThreadsSpecified" value="4" />
  <attribute name="heapSize specified" value="0" />
  <attribute name="Current GC Util" value="25" />
  <attribute name= "Current Time Running" value="938" />
  <attribute name ="GC Interval" value="0" />
  <attribute name="ProportionalT" value="7.500000" />
  <attribute name="ProportionalI" value="7.500000" />
  <attribute name="ProportionalH" value="7.500000" />
  <attribute name="Current Error" value="5.000000" />
  <attribute name="IntegralT" value="5.000000" />
  <attribute name="IntegralI" value="5.000000" />
  <attribute name="IntegralH" value="5.000000" />
  <attribute name="DerivativeT" value="2.500000" />
  <attribute name="DerivativeI" value="2.500000" />
  <attribute name="DerivativeH" value="2.500000" />
  <attribute name="Loop Time for DT" value="1.000000" />
  <attribute name="Output H" value="8388608"/>
  <attribute name="Output I" value="200"/>
  <attribute name="Output T" value="4"/>
  <attribute name="Target GC Util Change" value ="20.000000" />
  <attribute name="Current GC Util Change" value="25.000000"/>
  <attribute name="GC Util currently" value="25" />
  <attribute name="CPU Util currently" value="6287473846203" />
<exclusive-end id="196" timestamp="2019-06-15T18:55:03.507" durationms="4.898" />

<exclusive-start id="197" timestamp="2019-06-15T18:55:03.545" intervalms="42.035">
  <response-info timems="0.070" idlems="0.070" threads="0" lastid="0000000002216500" lastname="Thread-7" />
</exclusive-start>
<allocation-taxation id="198" taxation-threshold="10485760" timestamp="2019-06-15T18:55:03.545" intervalms="42.082" />
<cycle-start id="199" type="partial gc" contextid="0" timestamp="2019-06-15T18:55:03.545" intervalms="42.093" />
<gc-start id="200" type="partial gc" contextid="199" timestamp="2019-06-15T18:55:03.545">
  <mem-info id="201" free="0" total="20971520" percent="0">
    <mem type="eden" free="0" total="10485760" percent="0" />
    <remembered-set count="2912" freebytes="825472" totalbytes="837120" percent="98" regionsoverflowed="0" regionsstable="0" regionsrebuilding="0"/>
  </mem-info>
</gc-start>
<allocation-stats totalBytes="10484392" >
  <allocated-bytes non-tlh="0" tlh="10484392" arrayletleaf="0"/>
  <largest-consumer threadName="Thread-7" threadId="0000000002216500" bytes="10484392" />
</allocation-stats>
<gc-op id="202" type="mark" timems="0.718" contextid="199" timestamp="2019-06-15T18:55:03.547">
  <trace-info objectcount="1323" scancount="1323" scanbytes="32144" />
  <cardclean-info objects="1923" bytes="92768" />
  <remembered-set-cleared processed="1797" cleared="190" durationms="0.081" />
  <stringconstants candidates="4596" cleared="0"  />
  <warning details="Mark invoked due to insufficient free space for Copy-Forward" />
</gc-op>
<gc-op id="203" type="classunload" timems="0.003" contextid="199" timestamp="2019-06-15T18:55:03.547">
  <classunload-info classloadercandidates="8" classloadersunloaded="0" classesunloaded="0" anonymousclassesunloaded="0" quiescems="0.000" setupms="0.003" scanms="0.000" postms="0.000" />
</gc-op>
<gc-op id="204" type="sweep" timems="0.473" contextid="199" timestamp="2019-06-15T18:55:03.547" />
<gc-op id="205" type="compact" timems="3.124" contextid="199" timestamp="2019-06-15T18:55:03.551">
  <compact-info movecount="1265" movebytes="30752" />
  <remembered-set-cleared processed="3649" cleared="432" durationms="0.081" />
</gc-op>
<gc-end id="206" type="partial gc" contextid="199" durationms="5.954" usertimems="8.000" systemtimems="0.000" timestamp="2019-06-15T18:55:03.551" activeThreads="4">
  <mem-info id="207" free="9437184" total="20971520" percent="45">
    <mem type="eden" free="1035872" total="1048576" percent="98" />
    <remembered-set count="3136" freebytes="824576" totalbytes="837120" percent="98" regionsoverflowed="0" regionsstable="0" regionsrebuilding="0"/>
  </mem-info>
</gc-end>
<cycle-end id="208" type="partial gc" contextid="199" timestamp="2019-06-15T18:55:03.551" />
  <attribute name="elasticGC enabled" value="1" />
  <attribute name= "numThreadsSpecified" value="4" />
  <attribute name="heapSize specified" value="0" />
  <attribute name="Current GC Util" value="24" />
  <attribute name= "Current Time Running" value="980" />
  <attribute name ="GC Interval" value="0" />
  <attribute name="ProportionalT" value="6.000000" />
  <attribute name="ProportionalI" value="6.000000" />
  <attribute name="ProportionalH" value="6.000000" />
  <attribute name="Current Error" value="4.000000" />
  <attribute name="IntegralT" value="4.000000" />
  <attribute name="IntegralI" value="4.000000" />
  <attribute name="IntegralH" value="4.000000" />
  <attribute name="DerivativeT" value="2.000000" />
  <attribute name="DerivativeI" value="2.000000" />
  <attribute name="DerivativeH" value="2.000000" />
  <attribute name="Loop Time for DT" value="1.000000" />
  <attribute name="Output H" value="8388608"/>
  <attribute name="Output I" value="200"/>
  <attribute name="Output T" value="4"/>
  <attribute name="Target GC Util Change" value ="20.000000" />
  <attribute name="Current GC Util Change" value="24.000000"/>
  <attribute name="GC Util currently" value="24" />
  <attribute name="CPU Util currently" value="5934405704237" />
<exclusive-end id="209" timestamp="2019-06-15T18:55:03.552" durationms="6.996" />

<exclusive-start id="210" timestamp="2019-06-15T18:55:03.564" intervalms="19.580">
  <response-info timems="0.073" idlems="0.073" threads="0" lastid="0000000002216500" lastname="Thread-7" />
</exclusive-start>
<allocation-taxation id="211" taxation-threshold="4194304" timestamp="2019-06-15T18:55:03.564" intervalms="19.573" />
<cycle-start id="212" type="global mark phase" contextid="0" timestamp="2019-06-15T18:55:03.565" intervalms="179.446" />
<gc-start id="213" type="global mark phase" contextid="212" timestamp="2019-06-15T18:55:03.565">
  <mem-info id="214" free="5242880" total="20971520" percent="25">
    <remembered-set count="3136" freebytes="824576" totalbytes="837120" percent="98" regionsoverflowed="0" regionsstable="0" regionsrebuilding="0"/>
  </mem-info>
</gc-start>
<gc-op id="215" type="mark increment" timems="0.360" contextid="212" timestamp="2019-06-15T18:55:03.565">
  <trace-info objectcount="142" scancount="0" scanbytes="0" />
</gc-op>
<gc-end id="216" type="global mark phase" contextid="212" durationms="0.543" usertimems="0.000" systemtimems="0.000" timestamp="2019-06-15T18:55:03.565" activeThreads="1">
  <mem-info id="217" free="5242880" total="20971520" percent="25">
    <remembered-set count="3136" freebytes="824576" totalbytes="837120" percent="98" regionsoverflowed="0" regionsstable="0" regionsrebuilding="0"/>
  </mem-info>
</gc-end>
<concurrent-start id="218" type="GMP work packet processing" contextid="212" timestamp="2019-06-15T18:55:03.565">
  <concurrent-mark-start scanTarget="18446744073709551615" />
</concurrent-start>
<exclusive-end id="219" timestamp="2019-06-15T18:55:03.565" durationms="1.256" />

<concurrent-end id="220" type="GMP work packet processing" contextid="212" timestamp="2019-06-15T18:55:03.568">
  <concurrent-mark-end bytesScanned="1534104" reasonForTermination="Completed all work in GC phase" />
</concurrent-end>

<exclusive-start id="221" timestamp="2019-06-15T18:55:03.576" intervalms="12.147">
  <response-info timems="0.066" idlems="0.066" threads="0" lastid="0000000002216500" lastname="Thread-7" />
</exclusive-start>
<allocation-taxation id="222" taxation-threshold="4194304" timestamp="2019-06-15T18:55:03.576" intervalms="12.159" />
<cycle-start id="223" type="partial gc" contextid="0" timestamp="2019-06-15T18:55:03.577" intervalms="31.663" />
<gc-start id="224" type="partial gc" contextid="223" timestamp="2019-06-15T18:55:03.577">
  <mem-info id="225" free="1048576" total="20971520" percent="5">
    <mem type="eden" free="0" total="8388608" percent="0" />
    <remembered-set count="3136" freebytes="824576" totalbytes="837120" percent="98" regionsoverflowed="0" regionsstable="0" regionsrebuilding="0"/>
  </mem-info>
</gc-start>
<allocation-stats totalBytes="8387632" >
  <allocated-bytes non-tlh="0" tlh="8387632" arrayletleaf="0"/>
  <largest-consumer threadName="Thread-7" threadId="0000000002216500" bytes="4193888" />
</allocation-stats>
<gc-op id="226" type="copy forward" timems="1.926" contextid="223" timestamp="2019-06-15T18:55:03.580">
  <memory-copied type="eden" objects="573" bytes="14120" bytesdiscarded="0" />
  <memory-copied type="other" objects="437" bytes="10488" bytesdiscarded="0" />
  <memory-cardclean objects="1643" bytes="79328" />
  <regions eden="8" other="1" />
  <remembered-set-cleared processed="2002" cleared="186" durationms="0.089" />
  <stringconstants candidates="4596" cleared="0"  />
  <heap-resize type="expand" space="default" amount="1048576" count="1" timems="0.093" reason="continue current collection" />
</gc-op>
<gc-op id="227" type="classunload" timems="0.003" contextid="223" timestamp="2019-06-15T18:55:03.580">
  <classunload-info classloadercandidates="8" classloadersunloaded="0" classesunloaded="0" anonymousclassesunloaded="0" quiescems="0.000" setupms="0.003" scanms="0.000" postms="0.000" />
</gc-op>
<heap-resize id="228" type="expand" space="default" amount="4194304" count="1" timems="0.079" reason="excessive time being spent in gc" timestamp="2019-06-15T18:55:03.580" />
<gc-end id="229" type="partial gc" contextid="223" durationms="3.348" usertimems="0.000" systemtimems="4.000" timestamp="2019-06-15T18:55:03.580" activeThreads="4">
  <mem-info id="230" free="13631488" total="26214400" percent="52">
    <mem type="eden" free="1034456" total="1048576" percent="98" />
    <remembered-set count="2880" freebytes="1034880" totalbytes="1046400" percent="98" regionsoverflowed="0" regionsstable="0" regionsrebuilding="0"/>
  </mem-info>
</gc-end>
<cycle-end id="231" type="partial gc" contextid="223" timestamp="2019-06-15T18:55:03.580" />
  <attribute name="elasticGC enabled" value="1" />
  <attribute name= "numThreadsSpecified" value="4" />
  <attribute name="heapSize specified" value="0" />
  <attribute name="Current GC Util" value="54" />
  <attribute name= "Current Time Running" value="1010" />
  <attribute name ="GC Interval" value="0" />
  <attribute name="ProportionalT" value="51.000000" />
  <attribute name="ProportionalI" value="51.000000" />
  <attribute name="ProportionalH" value="51.000000" />
  <attribute name="Current Error" value="34.000000" />
  <attribute name="IntegralT" value="34.000000" />
  <attribute name="IntegralI" value="34.000000" />
  <attribute name="IntegralH" value="34.000000" />
  <attribute name="DerivativeT" value="17.000000" />
  <attribute name="DerivativeI" value="17.000000" />
  <attribute name="DerivativeH" value="17.000000" />
  <attribute name="Loop Time for DT" value="1.000000" />
  <attribute name="Output H" value="8388608"/>
  <attribute name="Output I" value="200"/>
  <attribute name="Output T" value="4"/>
  <attribute name="Target GC Util Change" value ="20.000000" />
  <attribute name="Current GC Util Change" value="54.000000"/>
  <attribute name="GC Util currently" value="54" />
  <attribute name="CPU Util currently" value="16833366853828" />
<exclusive-end id="232" timestamp="2019-06-15T18:55:03.581" durationms="4.358" />

<exclusive-start id="233" timestamp="2019-06-15T18:55:03.612" intervalms="35.499">
  <response-info timems="0.062" idlems="0.062" threads="0" lastid="0000000002216500" lastname="Thread-7" />
</exclusive-start>
<allocation-taxation id="234" taxation-threshold="6291456" timestamp="2019-06-15T18:55:03.612" intervalms="35.438" />
<gc-start id="235" type="global mark phase" contextid="212" timestamp="2019-06-15T18:55:03.612">
  <mem-info id="236" free="7340032" total="26214400" percent="28">
    <remembered-set count="2880" freebytes="1034880" totalbytes="1046400" percent="98" regionsoverflowed="0" regionsstable="0" regionsrebuilding="0"/>
  </mem-info>
</gc-start>
<gc-op id="237" type="mark increment" timems="3.943" contextid="212" timestamp="2019-06-15T18:55:03.616">
  <trace-info objectcount="1820" scancount="1798" scanbytes="44384" />
  <cardclean-info objects="2765" bytes="124708" />
  <finalization candidates="124" enqueued="0" />
  <ownableSynchronizers candidates="3" cleared="0" />
  <references type="soft" candidates="148" cleared="0" enqueued="0" dynamicThreshold="16" maxThreshold="32" />
  <references type="weak" candidates="769" cleared="0" enqueued="0" />
  <references type="phantom" candidates="63" cleared="0" enqueued="0" />
  <stringconstants candidates="4597" cleared="0"  />
</gc-op>
<gc-op id="238" type="classunload" timems="0.004" contextid="212" timestamp="2019-06-15T18:55:03.616">
  <classunload-info classloadercandidates="8" classloadersunloaded="0" classesunloaded="0" anonymousclassesunloaded="0" quiescems="0.000" setupms="0.004" scanms="0.000" postms="0.000" />
</gc-op>
<gc-end id="239" type="global mark phase" contextid="212" durationms="4.298" usertimems="8.000" systemtimems="0.000" timestamp="2019-06-15T18:55:03.616" activeThreads="4">
  <mem-info id="240" free="7340032" total="26214400" percent="28">
    <remembered-set count="2880" freebytes="1034880" totalbytes="1046400" percent="98" regionsoverflowed="0" regionsstable="0" regionsrebuilding="0"/>
  </mem-info>
</gc-end>
<cycle-end id="241" type="global mark phase" contextid="212" timestamp="2019-06-15T18:55:03.616" />
  <attribute name="elasticGC enabled" value="1" />
  <attribute name= "numThreadsSpecified" value="4" />
  <attribute name="heapSize specified" value="0" />
  <attribute name="Current GC Util" value="59" />
  <attribute name= "Current Time Running" value="1045" />
  <attribute name ="GC Interval" value="0" />
  <attribute name="ProportionalT" value="58.500000" />
  <attribute name="ProportionalI" value="58.500000" />
  <attribute name="ProportionalH" value="58.500000" />
  <attribute name="Current Error" value="39.000000" />
  <attribute name="IntegralT" value="0.000000" />
  <attribute name="IntegralI" value="0.000000" />
  <attribute name="IntegralH" value="0.000000" />
  <attribute name="DerivativeT" value="-inf" />
  <attribute name="DerivativeI" value="-inf" />
  <attribute name="DerivativeH" value="-inf" />
  <attribute name="Loop Time for DT" value="0.000000" />
  <attribute name="Output H" value="2091843584"/>
  <attribute name="Output I" value="200"/>
  <attribute name="Output T" value="4"/>
  <attribute name="Target GC Util Change" value ="20.000000" />
  <attribute name="Current GC Util Change" value="59.000000"/>
  <attribute name="GC Util currently" value="59" />
  <attribute name="CPU Util currently" value="6944159877942" />
<exclusive-end id="242" timestamp="2019-06-15T18:55:03.617" durationms="4.855" />

</verbosegc>

