<?xml version="1.0" ?>

<verbosegc xmlns="http://www.ibm.com/j9/verbosegc" version="08cc62e_CMPRSS">

<initialized id="1" timestamp="2019-08-02T19:06:35.947">
  <attribute name="gcPolicy" value="-Xgcpolicy:optthruput" />
  <attribute name="elasticGC enabled" value="1" />
  <attribute name= "numThreadsSpecified" value="0" />
  <attribute name="heapSize specified" value="0" />
  <attribute name= "numCores" value="0" />
  <attribute name ="GC Interval" value="0" />
  <attribute name="GC Util Range Max" value="0" />
  <attribute name="Current GC Util" value="0" />
  <attribute name= "Current Time Running" value="0" />
  <attribute name="maxHeapSize" value="0x7cba0000" />
  <attribute name="initialHeapSize" value="0x800000" />
  <attribute name="compressedRefs" value="true" />
  <attribute name="compressedRefsDisplacement" value="0x0" />
  <attribute name="compressedRefsShift" value="0x0" />
  <attribute name="pageSize" value="0x1000" />
  <attribute name="pageType" value="not used" />
  <attribute name="requestedPageSize" value="0x1000" />
  <attribute name="requestedPageType" value="not used" />
  <attribute name="gcthreads" value="8" />
  <attribute name="packetListSplit" value="8" />
  <attribute name="cacheListSplit" value="8" />
  <attribute name="splitFreeListSplitAmount" value="1" />
  <attribute name="numaNodes" value="0" />
  <system>
    <attribute name="physicalMemory" value="8370401280" />
    <attribute name="numCPUs" value="8" />
    <attribute name="architecture" value="amd64" />
    <attribute name="os" value="Linux" />
    <attribute name="osVersion" value="4.4.0-154-generic" />
  </system>
  <vmargs>
    <vmarg name="-Xoptionsfile=/vagrant/jdk/lib/options.default" />
    <vmarg name="-Xlockword:mode=default,noLockword=java/lang/String,noLockword=java/util/MapEntry,noLockword=java/util/HashMap$Entry,noLockword..." />
    <vmarg name="-Xjcl:jclse29" />
    <vmarg name="-Dcom.ibm.oti.vm.bootstrap.library.path=/vagrant/jdk/lib/compressedrefs:/vagrant/jdk/lib" />
    <vmarg name="-Dsun.boot.library.path=/vagrant/jdk/lib/compressedrefs:/vagrant/jdk/lib" />
    <vmarg name="-Djava.library.path=/vagrant/jdk/lib/compressedrefs:/vagrant/jdk/lib:/usr/lib64:/usr/lib" />
    <vmarg name="-Djava.home=/vagrant/jdk" />
    <vmarg name="-Duser.dir=/vagrant" />
    <vmarg name="-Xgcpolicy:optthruput" />
    <vmarg name="-Xgcelastic" />
    <vmarg name="-Xcheck:gc:::elasticGC" />
    <vmarg name="-verbose:gc" />
    <vmarg name="-Xloggc:jdkA-small-OTT-8core-verbose11xalan.txt" />
    <vmarg name="-Djava.class.path=dacapo-9.12-MR1-bach.jar" />
    <vmarg name="-Dsun.java.command=dacapo-9.12-MR1-bach.jar xalan --size=small" />
    <vmarg name="-Dsun.java.launcher=SUN_STANDARD" />
    <vmarg name="-Dsun.java.launcher.pid=9614" />
  </vmargs>
</initialized>

<exclusive-start id="2" timestamp="2019-08-02T19:06:36.561" intervalms="613.918">
  <response-info timems="0.024" idlems="0.024" threads="0" lastid="0000000000A22A00" lastname="main" />
</exclusive-start>
<af-start id="3" threadId="0000000000A23388" totalBytesRequested="88" timestamp="2019-08-02T19:06:36.562" intervalms="614.205" />
<cycle-start id="4" type="global" contextid="0" timestamp="2019-08-02T19:06:36.562" intervalms="614.397" />
<gc-start id="5" type="global" contextid="4" timestamp="2019-08-02T19:06:36.562">
  <mem-info id="6" free="418816" total="8388608" percent="4">
    <mem type="tenure" free="418816" total="8388608" percent="4">
      <mem type="soa" free="0" total="7969792" percent="0" />
      <mem type="loa" free="418816" total="418816" percent="100" />
    </mem>
  </mem-info>
</gc-start>
<allocation-stats totalBytes="7885584" >
  <allocated-bytes non-tlh="758040" tlh="7127544" />
  <largest-consumer threadName="main" threadId="0000000000A22A00" bytes="7797440" />
</allocation-stats>
<gc-op id="7" type="mark" timems="2.605" contextid="4" timestamp="2019-08-02T19:06:36.565">
  <trace-info objectcount="21494" scancount="17514" scanbytes="561384" />
  <finalization candidates="15" enqueued="1" />
  <references type="soft" candidates="74" cleared="0" enqueued="0" dynamicThreshold="32" maxThreshold="32" />
  <references type="weak" candidates="575" cleared="432" enqueued="393" />
  <references type="phantom" candidates="127" cleared="44" enqueued="44" />
  <stringconstants candidates="2930" cleared="0"  />
</gc-op>
<gc-op id="8" type="classunload" timems="0.047" contextid="4" timestamp="2019-08-02T19:06:36.565">
  <classunload-info classloadercandidates="6" classloadersunloaded="0" classesunloaded="0" anonymousclassesunloaded="0" quiescems="0.000" setupms="0.047" scanms="0.000" postms="0.000" />
</gc-op>
<gc-op id="9" type="sweep" timems="0.518" contextid="4" timestamp="2019-08-02T19:06:36.566" />
<mem-info id="10" free="6518536" total="8388608" percent="77">
  <mem type="tenure" free="6518536" total="8388608" percent="77" micro-fragmented="168990" macro-fragmented="0">
    <mem type="soa" free="6099720" total="7969792" percent="76" />
    <mem type="loa" free="418816" total="418816" percent="100" />
  </mem>
  <pending-finalizers system="1" default="0" reference="437" classloader="0" />
</mem-info>
<gc-op id="11" type="compact" timems="4.623" contextid="4" timestamp="2019-08-02T19:06:36.570">
  <compact-info movecount="21493" movebytes="1539184" reason="no compaction" />
</gc-op>
<gc-end id="12" type="global" contextid="4" durationms="9.039" usertimems="8.000" systemtimems="4.000" timestamp="2019-08-02T19:06:36.571" activeThreads="8">
  <mem-info id="13" free="6849248" total="8388608" percent="81">
    <mem type="tenure" free="6849248" total="8388608" percent="81">
      <mem type="soa" free="6430432" total="7969792" percent="80" />
      <mem type="loa" free="418816" total="418816" percent="100" />
    </mem>
    <pending-finalizers system="1" default="0" reference="437" classloader="0" />
  </mem-info>
</gc-end>
<cycle-end id="14" type="global" contextid="4" timestamp="2019-08-02T19:06:36.571" />
  <attribute name="elasticGC enabled" value="1" />
  <attribute name= "numThreadsSpecified" value="0" />
  <attribute name="heapSize specified" value="8388608" />
  <attribute name= "numCores" value="8" />
  <attribute name ="GC Interval" value="0" />
  <attribute name ="Control flow" value="3" />
  <attribute name="GC Util Range Max" value="103" />
  <attribute name="Current GC Util" value="34" />
  <attribute name= "Current Time Running" value="8" />
<allocation-satisfied id="15" threadId="0000000000A22A00" bytesRequested="88" />
<af-end id="16" timestamp="2019-08-02T19:06:36.572" threadId="0000000000A23388" success="true" />
<exclusive-end id="17" timestamp="2019-08-02T19:06:36.572" durationms="10.465" />

<exclusive-start id="18" timestamp="2019-08-02T19:06:36.786" intervalms="224.702">
  <response-info timems="0.044" idlems="0.044" threads="0" lastid="0000000000A22A00" lastname="main" />
</exclusive-start>
<sys-start reason="explicit" id="19" timestamp="2019-08-02T19:06:36.786" intervalms="838.709" />
<cycle-start id="20" type="global" contextid="0" timestamp="2019-08-02T19:06:36.786" intervalms="224.395" />
<gc-start id="21" type="global" contextid="20" timestamp="2019-08-02T19:06:36.786">
  <mem-info id="22" free="703176" total="8388608" percent="8">
    <mem type="tenure" free="703176" total="8388608" percent="8">
      <mem type="soa" free="284360" total="7969792" percent="3" />
      <mem type="loa" free="418816" total="418816" percent="100" />
    </mem>
  </mem-info>
</gc-start>
<allocation-stats totalBytes="6112600" >
  <allocated-bytes non-tlh="137328" tlh="5975272" />
  <largest-consumer threadName="main" threadId="0000000000A22A00" bytes="6071904" />
</allocation-stats>
<gc-op id="23" type="mark" timems="1.619" contextid="20" timestamp="2019-08-02T19:06:36.788">
  <trace-info objectcount="29614" scancount="23970" scanbytes="874200" />
  <finalization candidates="15" enqueued="0" />
  <references type="soft" candidates="133" cleared="0" enqueued="0" dynamicThreshold="26" maxThreshold="32" />
  <references type="weak" candidates="183" cleared="33" enqueued="33" />
  <references type="phantom" candidates="86" cleared="2" enqueued="2" />
  <stringconstants candidates="3535" cleared="22"  />
</gc-op>
<gc-op id="24" type="classunload" timems="0.002" contextid="20" timestamp="2019-08-02T19:06:36.788">
  <classunload-info classloadercandidates="19" classloadersunloaded="0" classesunloaded="0" anonymousclassesunloaded="0" quiescems="0.000" setupms="0.002" scanms="0.000" postms="0.000" />
</gc-op>
<gc-op id="25" type="sweep" timems="0.239" contextid="20" timestamp="2019-08-02T19:06:36.788" />
<mem-info id="26" free="6053968" total="8388608" percent="72">
  <mem type="tenure" free="6053968" total="8388608" percent="72" micro-fragmented="303251" macro-fragmented="0">
    <mem type="soa" free="5635152" total="7969792" percent="70" />
    <mem type="loa" free="418816" total="418816" percent="100" />
  </mem>
  <pending-finalizers system="0" default="0" reference="35" classloader="0" />
</mem-info>
<gc-op id="27" type="compact" timems="5.988" contextid="20" timestamp="2019-08-02T19:06:36.794">
  <compact-info movecount="28867" movebytes="1940336" reason="no compaction" />
</gc-op>
<gc-end id="28" type="global" contextid="20" durationms="8.437" usertimems="4.000" systemtimems="4.000" timestamp="2019-08-02T19:06:36.795" activeThreads="8">
  <mem-info id="29" free="6427472" total="8388608" percent="76">
    <mem type="tenure" free="6427472" total="8388608" percent="76">
      <mem type="soa" free="6008656" total="7969792" percent="75" />
      <mem type="loa" free="418816" total="418816" percent="100" />
    </mem>
    <pending-finalizers system="0" default="0" reference="35" classloader="0" />
  </mem-info>
</gc-end>
<cycle-end id="30" type="global" contextid="20" timestamp="2019-08-02T19:06:36.795" />
  <attribute name="elasticGC enabled" value="1" />
  <attribute name= "numThreadsSpecified" value="0" />
  <attribute name="heapSize specified" value="8388608" />
  <attribute name= "numCores" value="8" />
  <attribute name ="GC Interval" value="0" />
  <attribute name ="Control flow" value="3" />
  <attribute name="GC Util Range Max" value="103" />
  <attribute name="Current GC Util" value="29" />
  <attribute name= "Current Time Running" value="232" />
<sys-end id="31" timestamp="2019-08-02T19:06:36.795" />
<exclusive-end id="32" timestamp="2019-08-02T19:06:36.795" durationms="9.064" />

<exclusive-start id="33" timestamp="2019-08-02T19:06:36.914" intervalms="128.395">
  <response-info timems="0.039" idlems="0.039" threads="0" lastid="0000000000D6A300" lastname="Thread-6" />
</exclusive-start>
<af-start id="34" threadId="0000000000D6AC88" totalBytesRequested="88" timestamp="2019-08-02T19:06:36.915" intervalms="352.900" />
<cycle-start id="35" type="global" contextid="0" timestamp="2019-08-02T19:06:36.915" intervalms="128.375" />
<gc-start id="36" type="global" contextid="35" timestamp="2019-08-02T19:06:36.915">
  <mem-info id="37" free="418816" total="8388608" percent="4">
    <mem type="tenure" free="418816" total="8388608" percent="4">
      <mem type="soa" free="0" total="7969792" percent="0" />
      <mem type="loa" free="418816" total="418816" percent="100" />
    </mem>
  </mem-info>
</gc-start>
<allocation-stats totalBytes="5899184" >
  <allocated-bytes non-tlh="583432" tlh="5315752" />
  <largest-consumer threadName="Thread-9" threadId="0000000000D75700" bytes="1025152" />
</allocation-stats>
<gc-op id="38" type="mark" timems="2.316" contextid="35" timestamp="2019-08-02T19:06:36.917">
  <trace-info objectcount="41639" scancount="33401" scanbytes="1955592" />
  <finalization candidates="29" enqueued="4" />
  <references type="soft" candidates="164" cleared="0" enqueued="0" dynamicThreshold="24" maxThreshold="32" />
  <references type="weak" candidates="316" cleared="46" enqueued="39" />
  <references type="phantom" candidates="116" cleared="2" enqueued="2" />
  <stringconstants candidates="3814" cleared="0"  />
</gc-op>
<gc-op id="39" type="sweep" timems="0.238" contextid="35" timestamp="2019-08-02T19:06:36.917" />
<mem-info id="40" free="4466808" total="8388608" percent="53">
  <mem type="tenure" free="4466808" total="8388608" percent="53" micro-fragmented="191411" macro-fragmented="0">
    <mem type="soa" free="4047992" total="7969792" percent="50" />
    <mem type="loa" free="418816" total="418816" percent="100" />
  </mem>
  <pending-finalizers system="4" default="0" reference="41" classloader="0" />
</mem-info>
<gc-op id="41" type="compact" timems="9.472" contextid="35" timestamp="2019-08-02T19:06:36.927">
  <compact-info movecount="40958" movebytes="3649664" reason="no compaction" />
</gc-op>
<gc-end id="42" type="global" contextid="35" durationms="12.633" usertimems="12.000" systemtimems="4.000" timestamp="2019-08-02T19:06:36.927" activeThreads="8">
  <mem-info id="43" free="4720208" total="8388608" percent="56">
    <mem type="tenure" free="4720208" total="8388608" percent="56">
      <mem type="soa" free="4301392" total="7969792" percent="53" />
      <mem type="loa" free="418816" total="418816" percent="100" />
    </mem>
    <pending-finalizers system="4" default="0" reference="41" classloader="0" />
  </mem-info>
</gc-end>
<cycle-end id="44" type="global" contextid="35" timestamp="2019-08-02T19:06:36.927" />
  <attribute name="elasticGC enabled" value="1" />
  <attribute name= "numThreadsSpecified" value="0" />
  <attribute name="heapSize specified" value="8388608" />
  <attribute name= "numCores" value="8" />
  <attribute name ="GC Interval" value="0" />
  <attribute name ="Control flow" value="3" />
  <attribute name="GC Util Range Max" value="103" />
  <attribute name="Current GC Util" value="26" />
  <attribute name= "Current Time Running" value="364" />
<allocation-satisfied id="45" threadId="0000000000D6A300" bytesRequested="88" />
<af-end id="46" timestamp="2019-08-02T19:06:36.928" threadId="0000000000D6AC88" success="true" />
<exclusive-end id="47" timestamp="2019-08-02T19:06:36.928" durationms="13.184" />

<exclusive-start id="48" timestamp="2019-08-02T19:06:37.047" intervalms="132.972">
  <response-info timems="0.044" idlems="0.044" threads="0" lastid="0000000000D62C00" lastname="Thread-4" />
</exclusive-start>
<af-start id="49" threadId="0000000000D63588" totalBytesRequested="2056" timestamp="2019-08-02T19:06:37.048" intervalms="133.038" />
<cycle-start id="50" type="global" contextid="0" timestamp="2019-08-02T19:06:37.048" intervalms="133.044" />
<gc-start id="51" type="global" contextid="50" timestamp="2019-08-02T19:06:37.048">
  <mem-info id="52" free="418816" total="8388608" percent="4">
    <mem type="tenure" free="418816" total="8388608" percent="4">
      <mem type="soa" free="0" total="7969792" percent="0" />
      <mem type="loa" free="418816" total="418816" percent="100" />
    </mem>
  </mem-info>
</gc-start>
<allocation-stats totalBytes="4218056" >
  <allocated-bytes non-tlh="50152" tlh="4167904" />
  <largest-consumer threadName="Thread-7" threadId="0000000000D6DF00" bytes="929216" />
</allocation-stats>
<gc-op id="53" type="mark" timems="2.253" contextid="50" timestamp="2019-08-02T19:06:37.050">
  <trace-info objectcount="45059" scancount="36323" scanbytes="2099200" />
  <finalization candidates="25" enqueued="0" />
  <references type="soft" candidates="168" cleared="0" enqueued="0" dynamicThreshold="18" maxThreshold="32" />
  <references type="weak" candidates="292" cleared="8" enqueued="7" />
  <references type="phantom" candidates="108" cleared="0" enqueued="0" />
  <stringconstants candidates="3960" cleared="0"  />
</gc-op>
<gc-op id="54" type="classunload" timems="0.184" contextid="50" timestamp="2019-08-02T19:06:37.050">
  <classunload-info classloadercandidates="20" classloadersunloaded="0" classesunloaded="8" anonymousclassesunloaded="8" quiescems="0.000" setupms="0.178" scanms="0.006" postms="0.000" />
</gc-op>
<gc-op id="55" type="sweep" timems="0.264" contextid="50" timestamp="2019-08-02T19:06:37.051" />
<mem-info id="56" free="3888592" total="8388608" percent="46">
  <mem type="tenure" free="3888592" total="8388608" percent="46" micro-fragmented="120383" macro-fragmented="0">
    <mem type="soa" free="3469776" total="7969792" percent="43" />
    <mem type="loa" free="418816" total="418816" percent="100" />
  </mem>
  <pending-finalizers system="0" default="0" reference="7" classloader="0" />
</mem-info>
<gc-op id="57" type="compact" timems="7.868" contextid="50" timestamp="2019-08-02T19:06:37.059">
  <compact-info movecount="30703" movebytes="3726792" reason="no compaction" />
</gc-op>
<gc-end id="58" type="global" contextid="50" durationms="11.560" usertimems="16.000" systemtimems="0.000" timestamp="2019-08-02T19:06:37.059" activeThreads="8">
  <mem-info id="59" free="3973872" total="8388608" percent="47">
    <mem type="tenure" free="3973872" total="8388608" percent="47">
      <mem type="soa" free="3555056" total="7969792" percent="44" />
      <mem type="loa" free="418816" total="418816" percent="100" />
    </mem>
    <pending-finalizers system="0" default="0" reference="7" classloader="0" />
  </mem-info>
</gc-end>
<cycle-end id="60" type="global" contextid="50" timestamp="2019-08-02T19:06:37.059" />
  <attribute name="elasticGC enabled" value="1" />
  <attribute name= "numThreadsSpecified" value="0" />
  <attribute name="heapSize specified" value="8388608" />
  <attribute name= "numCores" value="8" />
  <attribute name ="GC Interval" value="0" />
  <attribute name ="Control flow" value="3" />
  <attribute name="GC Util Range Max" value="103" />
  <attribute name="Current GC Util" value="21" />
  <attribute name= "Current Time Running" value="496" />
<allocation-satisfied id="61" threadId="0000000000D62C00" bytesRequested="2056" />
<af-end id="62" timestamp="2019-08-02T19:06:37.060" threadId="0000000000D63588" success="true" />
<exclusive-end id="63" timestamp="2019-08-02T19:06:37.060" durationms="12.445" />

<exclusive-start id="64" timestamp="2019-08-02T19:06:37.102" intervalms="54.331">
  <response-info timems="0.050" idlems="0.050" threads="0" lastid="0000000000D79300" lastname="Thread-10" />
</exclusive-start>
<af-start id="65" threadId="0000000000D79C88" totalBytesRequested="2056" timestamp="2019-08-02T19:06:37.102" intervalms="54.256" />
<cycle-start id="66" type="global" contextid="0" timestamp="2019-08-02T19:06:37.102" intervalms="54.251" />
<gc-start id="67" type="global" contextid="66" timestamp="2019-08-02T19:06:37.102">
  <mem-info id="68" free="418816" total="8388608" percent="4">
    <mem type="tenure" free="418816" total="8388608" percent="4">
      <mem type="soa" free="0" total="7969792" percent="0" />
      <mem type="loa" free="418816" total="418816" percent="100" />
    </mem>
  </mem-info>
</gc-start>
<allocation-stats totalBytes="3529776" >
  <allocated-bytes non-tlh="131176" tlh="3398600" />
  <largest-consumer threadName="Thread-6" threadId="0000000000D6A300" bytes="929512" />
</allocation-stats>
<gc-op id="69" type="mark" timems="1.745" contextid="66" timestamp="2019-08-02T19:06:37.104">
  <trace-info objectcount="43768" scancount="35418" scanbytes="2081432" />
  <finalization candidates="25" enqueued="0" />
  <references type="soft" candidates="168" cleared="0" enqueued="0" dynamicThreshold="15" maxThreshold="32" />
  <references type="weak" candidates="283" cleared="0" enqueued="0" />
  <references type="phantom" candidates="109" cleared="0" enqueued="0" />
  <stringconstants candidates="3962" cleared="0"  />
</gc-op>
<gc-op id="70" type="sweep" timems="0.218" contextid="66" timestamp="2019-08-02T19:06:37.104" />
<mem-info id="71" free="3904240" total="8388608" percent="46">
  <mem type="tenure" free="3904240" total="8388608" percent="46" micro-fragmented="34318" macro-fragmented="0">
    <mem type="soa" free="3485424" total="7969792" percent="43" />
    <mem type="loa" free="418816" total="418816" percent="100" />
  </mem>
</mem-info>
<gc-op id="72" type="compact" timems="5.717" contextid="66" timestamp="2019-08-02T19:06:37.110">
  <compact-info movecount="17324" movebytes="2580832" reason="no compaction" />
</gc-op>
<gc-end id="73" type="global" contextid="66" durationms="8.289" usertimems="8.000" systemtimems="0.000" timestamp="2019-08-02T19:06:37.110" activeThreads="8">
  <mem-info id="74" free="3941176" total="8388608" percent="46">
    <mem type="tenure" free="3941176" total="8388608" percent="46">
      <mem type="soa" free="3522360" total="7969792" percent="44" />
      <mem type="loa" free="418816" total="418816" percent="100" />
    </mem>
  </mem-info>
</gc-end>
<cycle-end id="75" type="global" contextid="66" timestamp="2019-08-02T19:06:37.110" />
  <attribute name="elasticGC enabled" value="1" />
  <attribute name= "numThreadsSpecified" value="0" />
  <attribute name="heapSize specified" value="8388608" />
  <attribute name= "numCores" value="8" />
  <attribute name ="GC Interval" value="0" />
  <attribute name ="Control flow" value="3" />
  <attribute name="GC Util Range Max" value="103" />
  <attribute name="Current GC Util" value="20" />
  <attribute name= "Current Time Running" value="547" />
<allocation-satisfied id="76" threadId="0000000000D79300" bytesRequested="2056" />
<af-end id="77" timestamp="2019-08-02T19:06:37.110" threadId="0000000000D79C88" success="true" />
<exclusive-end id="78" timestamp="2019-08-02T19:06:37.111" durationms="8.794" />

<exclusive-start id="79" timestamp="2019-08-02T19:06:37.176" intervalms="74.034">
  <response-info timems="0.035" idlems="0.035" threads="0" lastid="0000000000D6DF00" lastname="Thread-7" />
</exclusive-start>
<af-start id="80" threadId="0000000000D6E888" totalBytesRequested="16392" timestamp="2019-08-02T19:06:37.176" intervalms="74.141" />
<cycle-start id="81" type="global" contextid="0" timestamp="2019-08-02T19:06:37.176" intervalms="74.145" />
<gc-start id="82" type="global" contextid="81" timestamp="2019-08-02T19:06:37.176">
  <mem-info id="83" free="418816" total="8388608" percent="4">
    <mem type="tenure" free="418816" total="8388608" percent="4">
      <mem type="soa" free="0" total="7969792" percent="0" />
      <mem type="loa" free="418816" total="418816" percent="100" />
    </mem>
  </mem-info>
</gc-start>
<allocation-stats totalBytes="3465640" >
  <allocated-bytes non-tlh="98360" tlh="3367280" />
  <largest-consumer threadName="Thread-6" threadId="0000000000D6A300" bytes="618704" />
</allocation-stats>
<gc-op id="84" type="mark" timems="1.783" contextid="81" timestamp="2019-08-02T19:06:37.178">
  <trace-info objectcount="43878" scancount="35451" scanbytes="2011704" />
  <finalization candidates="25" enqueued="0" />
  <references type="soft" candidates="168" cleared="0" enqueued="0" dynamicThreshold="15" maxThreshold="32" />
  <references type="weak" candidates="284" cleared="0" enqueued="0" />
  <references type="phantom" candidates="107" cleared="0" enqueued="0" />
  <stringconstants candidates="3963" cleared="0"  />
</gc-op>
<gc-op id="85" type="sweep" timems="0.219" contextid="81" timestamp="2019-08-02T19:06:37.178" />
<mem-info id="86" free="3977680" total="8388608" percent="47">
  <mem type="tenure" free="3977680" total="8388608" percent="47" micro-fragmented="38175" macro-fragmented="0">
    <mem type="soa" free="3558864" total="7969792" percent="44" />
    <mem type="loa" free="418816" total="418816" percent="100" />
  </mem>
</mem-info>
<gc-op id="87" type="compact" timems="5.112" contextid="81" timestamp="2019-08-02T19:06:37.184">
  <compact-info movecount="14483" movebytes="2403200" reason="no compaction" />
</gc-op>
<gc-end id="88" type="global" contextid="81" durationms="7.747" usertimems="12.000" systemtimems="0.000" timestamp="2019-08-02T19:06:37.184" activeThreads="8">
  <mem-info id="89" free="3973184" total="8388608" percent="47">
    <mem type="tenure" free="3973184" total="8388608" percent="47">
      <mem type="soa" free="3554368" total="7969792" percent="44" />
      <mem type="loa" free="418816" total="418816" percent="100" />
    </mem>
  </mem-info>
</gc-end>
<cycle-end id="90" type="global" contextid="81" timestamp="2019-08-02T19:06:37.184" />
  <attribute name="elasticGC enabled" value="1" />
  <attribute name= "numThreadsSpecified" value="0" />
  <attribute name="heapSize specified" value="8388608" />
  <attribute name= "numCores" value="8" />
  <attribute name ="GC Interval" value="0" />
  <attribute name ="Control flow" value="3" />
  <attribute name="GC Util Range Max" value="103" />
  <attribute name="Current GC Util" value="23" />
  <attribute name= "Current Time Running" value="621" />
<allocation-satisfied id="91" threadId="0000000000D6DF00" bytesRequested="16392" />
<af-end id="92" timestamp="2019-08-02T19:06:37.184" threadId="0000000000D6E888" success="true" />
<exclusive-end id="93" timestamp="2019-08-02T19:06:37.184" durationms="8.666" />

<exclusive-start id="94" timestamp="2019-08-02T19:06:37.237" intervalms="61.648">
  <response-info timems="0.042" idlems="0.042" threads="0" lastid="0000000000D5F000" lastname="Thread-3" />
</exclusive-start>
<af-start id="95" threadId="0000000000D5F988" totalBytesRequested="40" timestamp="2019-08-02T19:06:37.238" intervalms="61.613" />
<cycle-start id="96" type="global" contextid="0" timestamp="2019-08-02T19:06:37.238" intervalms="61.612" />
<gc-start id="97" type="global" contextid="96" timestamp="2019-08-02T19:06:37.238">
  <mem-info id="98" free="418816" total="8388608" percent="4">
    <mem type="tenure" free="418816" total="8388608" percent="4">
      <mem type="soa" free="0" total="7969792" percent="0" />
      <mem type="loa" free="418816" total="418816" percent="100" />
    </mem>
  </mem-info>
</gc-start>
<allocation-stats totalBytes="3501648" >
  <allocated-bytes non-tlh="65552" tlh="3436096" />
  <largest-consumer threadName="Thread-10" threadId="0000000000D79300" bytes="927488" />
</allocation-stats>
<gc-op id="99" type="mark" timems="1.700" contextid="96" timestamp="2019-08-02T19:06:37.240">
  <trace-info objectcount="43658" scancount="35364" scanbytes="2087288" />
  <finalization candidates="25" enqueued="0" />
  <references type="soft" candidates="168" cleared="0" enqueued="0" dynamicThreshold="15" maxThreshold="32" />
  <references type="weak" candidates="283" cleared="0" enqueued="0" />
  <references type="phantom" candidates="107" cleared="0" enqueued="0" />
  <stringconstants candidates="3963" cleared="0"  />
</gc-op>
<gc-op id="100" type="sweep" timems="0.215" contextid="96" timestamp="2019-08-02T19:06:37.240" />
<mem-info id="101" free="3832880" total="8388608" percent="45">
  <mem type="tenure" free="3832880" total="8388608" percent="45" micro-fragmented="24832" macro-fragmented="0">
    <mem type="soa" free="3414064" total="7969792" percent="42" />
    <mem type="loa" free="418816" total="418816" percent="100" />
  </mem>
</mem-info>
<gc-op id="102" type="compact" timems="6.144" contextid="96" timestamp="2019-08-02T19:06:37.246">
  <compact-info movecount="19666" movebytes="2801416" reason="no compaction" />
</gc-op>
<gc-end id="103" type="global" contextid="96" durationms="8.734" usertimems="12.000" systemtimems="0.000" timestamp="2019-08-02T19:06:37.246" activeThreads="8">
  <mem-info id="104" free="3848728" total="8388608" percent="45">
    <mem type="tenure" free="3848728" total="8388608" percent="45">
      <mem type="soa" free="3429912" total="7969792" percent="43" />
      <mem type="loa" free="418816" total="418816" percent="100" />
    </mem>
  </mem-info>
</gc-end>
<cycle-end id="105" type="global" contextid="96" timestamp="2019-08-02T19:06:37.247" />
  <attribute name="elasticGC enabled" value="1" />
  <attribute name= "numThreadsSpecified" value="0" />
  <attribute name="heapSize specified" value="8388608" />
  <attribute name= "numCores" value="8" />
  <attribute name ="GC Interval" value="0" />
  <attribute name ="Control flow" value="3" />
  <attribute name="GC Util Range Max" value="103" />
  <attribute name="Current GC Util" value="19" />
  <attribute name= "Current Time Running" value="684" />
<allocation-satisfied id="106" threadId="0000000000D5F000" bytesRequested="40" />
<af-end id="107" timestamp="2019-08-02T19:06:37.247" threadId="0000000000D5F988" success="true" />
<exclusive-end id="108" timestamp="2019-08-02T19:06:37.247" durationms="9.652" />

<exclusive-start id="109" timestamp="2019-08-02T19:06:37.287" intervalms="49.711">
  <response-info timems="0.057" idlems="0.057" threads="0" lastid="0000000000D6A300" lastname="Thread-6" />
</exclusive-start>
<af-start id="110" threadId="0000000000D6AC88" totalBytesRequested="48" timestamp="2019-08-02T19:06:37.287" intervalms="49.677" />
<cycle-start id="111" type="global" contextid="0" timestamp="2019-08-02T19:06:37.287" intervalms="49.682" />
<gc-start id="112" type="global" contextid="111" timestamp="2019-08-02T19:06:37.287">
  <mem-info id="113" free="418816" total="8388608" percent="4">
    <mem type="tenure" free="418816" total="8388608" percent="4">
      <mem type="soa" free="0" total="7969792" percent="0" />
      <mem type="loa" free="418816" total="418816" percent="100" />
    </mem>
  </mem-info>
</gc-start>
<allocation-stats totalBytes="3337480" >
  <allocated-bytes non-tlh="163880" tlh="3173600" />
  <largest-consumer threadName="Thread-3" threadId="0000000000D5F000" bytes="787232" />
</allocation-stats>
<gc-op id="114" type="mark" timems="2.410" contextid="111" timestamp="2019-08-02T19:06:37.290">
  <trace-info objectcount="43364" scancount="35147" scanbytes="2081320" />
  <finalization candidates="25" enqueued="0" />
  <references type="soft" candidates="168" cleared="0" enqueued="0" dynamicThreshold="14" maxThreshold="32" />
  <references type="weak" candidates="283" cleared="0" enqueued="0" />
  <references type="phantom" candidates="108" cleared="0" enqueued="0" />
  <stringconstants candidates="3963" cleared="0"  />
</gc-op>
<gc-op id="115" type="sweep" timems="0.234" contextid="111" timestamp="2019-08-02T19:06:37.290" />
<mem-info id="116" free="3928576" total="8388608" percent="46">
  <mem type="tenure" free="3928576" total="8388608" percent="46" micro-fragmented="17930" macro-fragmented="0">
    <mem type="soa" free="3509760" total="7969792" percent="44" />
    <mem type="loa" free="418816" total="418816" percent="100" />
  </mem>
</mem-info>
<gc-op id="117" type="compact" timems="6.686" contextid="111" timestamp="2019-08-02T19:06:37.297">
  <compact-info movecount="20097" movebytes="2752512" reason="no compaction" />
</gc-op>
<gc-end id="118" type="global" contextid="111" durationms="9.898" usertimems="12.000" systemtimems="0.000" timestamp="2019-08-02T19:06:37.297" activeThreads="8">
  <mem-info id="119" free="3934456" total="8388608" percent="46">
    <mem type="tenure" free="3934456" total="8388608" percent="46">
      <mem type="soa" free="3515640" total="7969792" percent="44" />
      <mem type="loa" free="418816" total="418816" percent="100" />
    </mem>
  </mem-info>
</gc-end>
<cycle-end id="120" type="global" contextid="111" timestamp="2019-08-02T19:06:37.297" />
  <attribute name="elasticGC enabled" value="1" />
  <attribute name= "numThreadsSpecified" value="0" />
  <attribute name="heapSize specified" value="8388608" />
  <attribute name= "numCores" value="8" />
  <attribute name ="GC Interval" value="0" />
  <attribute name ="Control flow" value="3" />
  <attribute name="GC Util Range Max" value="103" />
  <attribute name="Current GC Util" value="21" />
  <attribute name= "Current Time Running" value="734" />
<allocation-satisfied id="121" threadId="0000000000D6A300" bytesRequested="48" />
<af-end id="122" timestamp="2019-08-02T19:06:37.298" threadId="0000000000D6AC88" success="true" />
<exclusive-end id="123" timestamp="2019-08-02T19:06:37.298" durationms="10.692" />

<exclusive-start id="124" timestamp="2019-08-02T19:06:37.344" intervalms="56.495">
  <response-info timems="0.059" idlems="0.059" threads="0" lastid="0000000000D62C00" lastname="Thread-4" />
</exclusive-start>
<af-start id="125" threadId="0000000000D63588" totalBytesRequested="2056" timestamp="2019-08-02T19:06:37.344" intervalms="56.491" />
<cycle-start id="126" type="global" contextid="0" timestamp="2019-08-02T19:06:37.344" intervalms="56.485" />
<gc-start id="127" type="global" contextid="126" timestamp="2019-08-02T19:06:37.344">
  <mem-info id="128" free="418816" total="8388608" percent="4">
    <mem type="tenure" free="418816" total="8388608" percent="4">
      <mem type="soa" free="0" total="7969792" percent="0" />
      <mem type="loa" free="418816" total="418816" percent="100" />
    </mem>
  </mem-info>
</gc-start>
<allocation-stats totalBytes="3460464" >
  <allocated-bytes non-tlh="163880" tlh="3296584" />
  <largest-consumer threadName="Thread-3" threadId="0000000000D5F000" bytes="816176" />
</allocation-stats>
<gc-op id="129" type="mark" timems="1.670" contextid="126" timestamp="2019-08-02T19:06:37.346">
  <trace-info objectcount="43706" scancount="35419" scanbytes="2088580" />
  <finalization candidates="25" enqueued="0" />
  <references type="soft" candidates="168" cleared="0" enqueued="0" dynamicThreshold="15" maxThreshold="32" />
  <references type="weak" candidates="283" cleared="0" enqueued="0" />
  <references type="phantom" candidates="107" cleared="0" enqueued="0" />
  <stringconstants candidates="3963" cleared="0"  />
</gc-op>
<gc-op id="130" type="sweep" timems="0.214" contextid="126" timestamp="2019-08-02T19:06:37.346" />
<mem-info id="131" free="3849816" total="8388608" percent="45">
  <mem type="tenure" free="3849816" total="8388608" percent="45" micro-fragmented="25810" macro-fragmented="0">
    <mem type="soa" free="3431000" total="7969792" percent="43" />
    <mem type="loa" free="418816" total="418816" percent="100" />
  </mem>
</mem-info>
<gc-op id="132" type="compact" timems="5.273" contextid="126" timestamp="2019-08-02T19:06:37.351">
  <compact-info movecount="14324" movebytes="2548048" reason="no compaction" />
</gc-op>
<gc-end id="133" type="global" contextid="126" durationms="7.696" usertimems="8.000" systemtimems="4.000" timestamp="2019-08-02T19:06:37.352" activeThreads="8">
  <mem-info id="134" free="3844928" total="8388608" percent="45">
    <mem type="tenure" free="3844928" total="8388608" percent="45">
      <mem type="soa" free="3426112" total="7969792" percent="42" />
      <mem type="loa" free="418816" total="418816" percent="100" />
    </mem>
  </mem-info>
</gc-end>
<cycle-end id="135" type="global" contextid="126" timestamp="2019-08-02T19:06:37.352" />
  <attribute name="elasticGC enabled" value="1" />
  <attribute name= "numThreadsSpecified" value="0" />
  <attribute name="heapSize specified" value="8388608" />
  <attribute name= "numCores" value="8" />
  <attribute name ="GC Interval" value="0" />
  <attribute name ="Control flow" value="3" />
  <attribute name="GC Util Range Max" value="103" />
  <attribute name="Current GC Util" value="21" />
  <attribute name= "Current Time Running" value="789" />
<allocation-satisfied id="136" threadId="0000000000D62C00" bytesRequested="2056" />
<af-end id="137" timestamp="2019-08-02T19:06:37.352" threadId="0000000000D63588" success="true" />
<exclusive-end id="138" timestamp="2019-08-02T19:06:37.352" durationms="8.557" />

<exclusive-start id="139" timestamp="2019-08-02T19:06:37.395" intervalms="51.726">
  <response-info timems="0.059" idlems="0.059" threads="0" lastid="0000000000D79300" lastname="Thread-10" />
</exclusive-start>
<af-start id="140" threadId="0000000000D79C88" totalBytesRequested="2056" timestamp="2019-08-02T19:06:37.395" intervalms="51.717" />
<cycle-start id="141" type="global" contextid="0" timestamp="2019-08-02T19:06:37.396" intervalms="51.721" />
<gc-start id="142" type="global" contextid="141" timestamp="2019-08-02T19:06:37.396">
  <mem-info id="143" free="418816" total="8388608" percent="4">
    <mem type="tenure" free="418816" total="8388608" percent="4">
      <mem type="soa" free="0" total="7969792" percent="0" />
      <mem type="loa" free="418816" total="418816" percent="100" />
    </mem>
  </mem-info>
</gc-start>
<allocation-stats totalBytes="3350328" >
  <allocated-bytes non-tlh="131104" tlh="3219224" />
  <largest-consumer threadName="Thread-8" threadId="0000000000D71B00" bytes="827504" />
</allocation-stats>
<gc-op id="144" type="mark" timems="3.693" contextid="141" timestamp="2019-08-02T19:06:37.399">
  <trace-info objectcount="43299" scancount="35066" scanbytes="2080288" />
  <finalization candidates="25" enqueued="0" />
  <references type="soft" candidates="168" cleared="0" enqueued="0" dynamicThreshold="14" maxThreshold="32" />
  <references type="weak" candidates="283" cleared="0" enqueued="0" />
  <references type="phantom" candidates="109" cleared="0" enqueued="0" />
  <stringconstants candidates="3963" cleared="0"  />
</gc-op>
<gc-op id="145" type="sweep" timems="1.145" contextid="141" timestamp="2019-08-02T19:06:37.401" />
<mem-info id="146" free="4021736" total="8388608" percent="47">
  <mem type="tenure" free="4021736" total="8388608" percent="47" micro-fragmented="26676" macro-fragmented="0">
    <mem type="soa" free="3602920" total="7969792" percent="45" />
    <mem type="loa" free="418816" total="418816" percent="100" />
  </mem>
</mem-info>
<gc-op id="147" type="compact" timems="8.909" contextid="141" timestamp="2019-08-02T19:06:37.410">
  <compact-info movecount="13917" movebytes="2385104" reason="no compaction" />
</gc-op>
<gc-end id="148" type="global" contextid="141" durationms="14.949" usertimems="16.000" systemtimems="8.000" timestamp="2019-08-02T19:06:37.411" activeThreads="8">
  <mem-info id="149" free="4011968" total="8388608" percent="47">
    <mem type="tenure" free="4011968" total="8388608" percent="47">
      <mem type="soa" free="3593152" total="7969792" percent="45" />
      <mem type="loa" free="418816" total="418816" percent="100" />
    </mem>
  </mem-info>
</gc-end>
<cycle-end id="150" type="global" contextid="141" timestamp="2019-08-02T19:06:37.411" />
  <attribute name="elasticGC enabled" value="1" />
  <attribute name= "numThreadsSpecified" value="0" />
  <attribute name="heapSize specified" value="8388608" />
  <attribute name= "numCores" value="8" />
  <attribute name ="GC Interval" value="0" />
  <attribute name ="Control flow" value="3" />
  <attribute name="GC Util Range Max" value="103" />
  <attribute name="Current GC Util" value="81" />
  <attribute name= "Current Time Running" value="847" />
<allocation-satisfied id="151" threadId="0000000000D79300" bytesRequested="2056" />
<af-end id="152" timestamp="2019-08-02T19:06:37.411" threadId="0000000000D79C88" success="true" />
<exclusive-end id="153" timestamp="2019-08-02T19:06:37.411" durationms="15.724" />

<exclusive-start id="154" timestamp="2019-08-02T19:06:37.447" intervalms="52.125">
  <response-info timems="0.032" idlems="0.032" threads="0" lastid="0000000000D6DF00" lastname="Thread-7" />
</exclusive-start>
<af-start id="155" threadId="0000000000D6E888" totalBytesRequested="16392" timestamp="2019-08-02T19:06:37.448" intervalms="52.186" />
<cycle-start id="156" type="global" contextid="0" timestamp="2019-08-02T19:06:37.448" intervalms="52.181" />
<gc-start id="157" type="global" contextid="156" timestamp="2019-08-02T19:06:37.448">
  <mem-info id="158" free="418816" total="8388608" percent="4">
    <mem type="tenure" free="418816" total="8388608" percent="4">
      <mem type="soa" free="0" total="7969792" percent="0" />
      <mem type="loa" free="418816" total="418816" percent="100" />
    </mem>
  </mem-info>
</gc-start>
<allocation-stats totalBytes="3543696" >
  <allocated-bytes non-tlh="131104" tlh="3412592" />
  <largest-consumer threadName="Thread-10" threadId="0000000000D79300" bytes="915768" />
</allocation-stats>
<gc-op id="159" type="mark" timems="3.718" contextid="156" timestamp="2019-08-02T19:06:37.452">
  <trace-info objectcount="43045" scancount="34839" scanbytes="2020880" />
  <finalization candidates="25" enqueued="0" />
  <references type="soft" candidates="168" cleared="0" enqueued="0" dynamicThreshold="15" maxThreshold="32" />
  <references type="weak" candidates="283" cleared="0" enqueued="0" />
  <references type="phantom" candidates="106" cleared="0" enqueued="0" />
  <stringconstants candidates="3963" cleared="0"  />
</gc-op>
<gc-op id="160" type="sweep" timems="1.668" contextid="156" timestamp="2019-08-02T19:06:37.453" />
<mem-info id="161" free="4073064" total="8388608" percent="48">
  <mem type="tenure" free="4073064" total="8388608" percent="48" micro-fragmented="20846" macro-fragmented="0">
    <mem type="soa" free="3654248" total="7969792" percent="45" />
    <mem type="loa" free="418816" total="418816" percent="100" />
  </mem>
</mem-info>
<gc-op id="162" type="compact" timems="8.544" contextid="156" timestamp="2019-08-02T19:06:37.462">
  <compact-info movecount="13663" movebytes="2327272" reason="no compaction" />
</gc-op>
<gc-end id="163" type="global" contextid="156" durationms="15.099" usertimems="20.000" systemtimems="4.000" timestamp="2019-08-02T19:06:37.463" activeThreads="8">
  <mem-info id="164" free="4053416" total="8388608" percent="48">
    <mem type="tenure" free="4053416" total="8388608" percent="48">
      <mem type="soa" free="3634600" total="7969792" percent="45" />
      <mem type="loa" free="418816" total="418816" percent="100" />
    </mem>
  </mem-info>
</gc-end>
<cycle-end id="165" type="global" contextid="156" timestamp="2019-08-02T19:06:37.463" />
  <attribute name="elasticGC enabled" value="1" />
  <attribute name= "numThreadsSpecified" value="0" />
  <attribute name="heapSize specified" value="8388608" />
  <attribute name= "numCores" value="8" />
  <attribute name ="GC Interval" value="0" />
  <attribute name ="Control flow" value="3" />
  <attribute name="GC Util Range Max" value="103" />
  <attribute name="Current GC Util" value="88" />
  <attribute name= "Current Time Running" value="899" />
<allocation-satisfied id="166" threadId="0000000000D6DF00" bytesRequested="16392" />
<af-end id="167" timestamp="2019-08-02T19:06:37.463" threadId="0000000000D6E888" success="true" />
<exclusive-end id="168" timestamp="2019-08-02T19:06:37.463" durationms="15.935" />

<exclusive-start id="169" timestamp="2019-08-02T19:06:37.521" intervalms="73.293">
  <response-info timems="0.068" idlems="0.068" threads="0" lastid="0000000000D75700" lastname="Thread-9" />
</exclusive-start>
<af-start id="170" threadId="0000000000D76088" totalBytesRequested="32776" timestamp="2019-08-02T19:06:37.521" intervalms="73.235" />
<cycle-start id="171" type="global" contextid="0" timestamp="2019-08-02T19:06:37.521" intervalms="73.247" />
<gc-start id="172" type="global" contextid="171" timestamp="2019-08-02T19:06:37.521">
  <mem-info id="173" free="428408" total="8388608" percent="5">
    <mem type="tenure" free="428408" total="8388608" percent="5">
      <mem type="soa" free="9592" total="7969792" percent="0" />
      <mem type="loa" free="418816" total="418816" percent="100" />
    </mem>
  </mem-info>
</gc-start>
<allocation-stats totalBytes="3579872" >
  <allocated-bytes non-tlh="196656" tlh="3383216" />
  <largest-consumer threadName="Thread-7" threadId="0000000000D6DF00" bytes="724608" />
</allocation-stats>
<gc-op id="174" type="mark" timems="1.392" contextid="171" timestamp="2019-08-02T19:06:37.523">
  <trace-info objectcount="43531" scancount="35202" scanbytes="2080792" />
  <finalization candidates="25" enqueued="0" />
  <references type="soft" candidates="168" cleared="0" enqueued="0" dynamicThreshold="15" maxThreshold="32" />
  <references type="weak" candidates="283" cleared="0" enqueued="0" />
  <references type="phantom" candidates="106" cleared="0" enqueued="0" />
  <stringconstants candidates="3963" cleared="0"  />
</gc-op>
<gc-op id="175" type="sweep" timems="0.212" contextid="171" timestamp="2019-08-02T19:06:37.523" />
<mem-info id="176" free="3884384" total="8388608" percent="46">
  <mem type="tenure" free="3884384" total="8388608" percent="46" micro-fragmented="3088" macro-fragmented="0">
    <mem type="soa" free="3465568" total="7969792" percent="43" />
    <mem type="loa" free="418816" total="418816" percent="100" />
  </mem>
</mem-info>
<gc-op id="177" type="compact" timems="5.263" contextid="171" timestamp="2019-08-02T19:06:37.528">
  <compact-info movecount="14149" movebytes="2507112" reason="no compaction" />
</gc-op>
<gc-end id="178" type="global" contextid="171" durationms="7.397" usertimems="12.000" systemtimems="0.000" timestamp="2019-08-02T19:06:37.528" activeThreads="8">
  <mem-info id="179" free="3894048" total="8388608" percent="46">
    <mem type="tenure" free="3894048" total="8388608" percent="46">
      <mem type="soa" free="3475232" total="7969792" percent="43" />
      <mem type="loa" free="418816" total="418816" percent="100" />
    </mem>
  </mem-info>
</gc-end>
<cycle-end id="180" type="global" contextid="171" timestamp="2019-08-02T19:06:37.528" />
  <attribute name="elasticGC enabled" value="1" />
  <attribute name= "numThreadsSpecified" value="0" />
  <attribute name="heapSize specified" value="8388608" />
  <attribute name= "numCores" value="8" />
  <attribute name ="GC Interval" value="0" />
  <attribute name ="Control flow" value="3" />
  <attribute name="GC Util Range Max" value="103" />
  <attribute name="Current GC Util" value="22" />
  <attribute name= "Current Time Running" value="966" />
<allocation-satisfied id="181" threadId="0000000000D75700" bytesRequested="32776" />
<af-end id="182" timestamp="2019-08-02T19:06:37.529" threadId="0000000000D76088" success="true" />
<exclusive-end id="183" timestamp="2019-08-02T19:06:37.529" durationms="8.036" />

<exclusive-start id="184" timestamp="2019-08-02T19:06:37.589" intervalms="67.737">
  <response-info timems="0.052" idlems="0.052" threads="0" lastid="0000000000D75700" lastname="Thread-9" />
</exclusive-start>
<af-start id="185" threadId="0000000000D76088" totalBytesRequested="48" timestamp="2019-08-02T19:06:37.589" intervalms="67.763" />
<cycle-start id="186" type="global" contextid="0" timestamp="2019-08-02T19:06:37.589" intervalms="67.761" />
<gc-start id="187" type="global" contextid="186" timestamp="2019-08-02T19:06:37.589">
  <mem-info id="188" free="418816" total="8388608" percent="4">
    <mem type="tenure" free="418816" total="8388608" percent="4">
      <mem type="soa" free="0" total="7969792" percent="0" />
      <mem type="loa" free="418816" total="418816" percent="100" />
    </mem>
  </mem-info>
</gc-start>
<allocation-stats totalBytes="3445616" >
  <allocated-bytes non-tlh="163880" tlh="3281736" />
  <largest-consumer threadName="Thread-5" threadId="0000000000D66800" bytes="889664" />
</allocation-stats>
<gc-op id="189" type="mark" timems="1.414" contextid="186" timestamp="2019-08-02T19:06:37.590">
  <trace-info objectcount="43809" scancount="35422" scanbytes="2090392" />
  <finalization candidates="25" enqueued="0" />
  <references type="soft" candidates="168" cleared="0" enqueued="0" dynamicThreshold="14" maxThreshold="32" />
  <references type="weak" candidates="283" cleared="0" enqueued="0" />
  <references type="phantom" candidates="106" cleared="0" enqueued="0" />
  <stringconstants candidates="3963" cleared="0"  />
</gc-op>
<gc-op id="190" type="sweep" timems="0.214" contextid="186" timestamp="2019-08-02T19:06:37.591" />
<mem-info id="191" free="3842912" total="8388608" percent="45">
  <mem type="tenure" free="3842912" total="8388608" percent="45" micro-fragmented="6196" macro-fragmented="0">
    <mem type="soa" free="3424096" total="7969792" percent="42" />
    <mem type="loa" free="418816" total="418816" percent="100" />
  </mem>
</mem-info>
<gc-op id="192" type="compact" timems="5.278" contextid="186" timestamp="2019-08-02T19:06:37.596">
  <compact-info movecount="14427" movebytes="2563136" reason="no compaction" />
</gc-op>
<gc-end id="193" type="global" contextid="186" durationms="7.485" usertimems="12.000" systemtimems="0.000" timestamp="2019-08-02T19:06:37.596" activeThreads="8">
  <mem-info id="194" free="3813456" total="8388608" percent="45">
    <mem type="tenure" free="3813456" total="8388608" percent="45">
      <mem type="soa" free="3394640" total="7969792" percent="42" />
      <mem type="loa" free="418816" total="418816" percent="100" />
    </mem>
  </mem-info>
</gc-end>
<cycle-end id="195" type="global" contextid="186" timestamp="2019-08-02T19:06:37.596" />
  <attribute name="elasticGC enabled" value="1" />
  <attribute name= "numThreadsSpecified" value="0" />
  <attribute name="heapSize specified" value="8388608" />
  <attribute name= "numCores" value="8" />
  <attribute name ="GC Interval" value="0" />
  <attribute name ="Control flow" value="3" />
  <attribute name="GC Util Range Max" value="103" />
  <attribute name="Current GC Util" value="22" />
  <attribute name= "Current Time Running" value="1033" />
<allocation-satisfied id="196" threadId="0000000000D75700" bytesRequested="48" />
<af-end id="197" timestamp="2019-08-02T19:06:37.597" threadId="0000000000D76088" success="true" />
<exclusive-end id="198" timestamp="2019-08-02T19:06:37.597" durationms="8.197" />

<exclusive-start id="199" timestamp="2019-08-02T19:06:37.634" intervalms="45.448">
  <response-info timems="0.109" idlems="0.109" threads="0" lastid="0000000000D75700" lastname="Thread-9" />
</exclusive-start>
<af-start id="200" threadId="0000000000D76088" totalBytesRequested="32776" timestamp="2019-08-02T19:06:37.634" intervalms="45.456" />
<cycle-start id="201" type="global" contextid="0" timestamp="2019-08-02T19:06:37.634" intervalms="45.468" />
<gc-start id="202" type="global" contextid="201" timestamp="2019-08-02T19:06:37.634">
  <mem-info id="203" free="418816" total="8388608" percent="4">
    <mem type="tenure" free="418816" total="8388608" percent="4">
      <mem type="soa" free="0" total="7969792" percent="0" />
      <mem type="loa" free="418816" total="418816" percent="100" />
    </mem>
  </mem-info>
</gc-start>
<allocation-stats totalBytes="3414824" >
  <allocated-bytes non-tlh="229440" tlh="3185384" />
  <largest-consumer threadName="Thread-10" threadId="0000000000D79300" bytes="807800" />
</allocation-stats>
<gc-op id="204" type="mark" timems="1.374" contextid="201" timestamp="2019-08-02T19:06:37.636">
  <trace-info objectcount="43741" scancount="35417" scanbytes="2094332" />
  <finalization candidates="25" enqueued="0" />
  <references type="soft" candidates="168" cleared="0" enqueued="0" dynamicThreshold="14" maxThreshold="32" />
  <references type="weak" candidates="283" cleared="0" enqueued="0" />
  <references type="phantom" candidates="106" cleared="0" enqueued="0" />
  <stringconstants candidates="3963" cleared="0"  />
</gc-op>
<gc-op id="205" type="sweep" timems="0.274" contextid="201" timestamp="2019-08-02T19:06:37.636" />
<mem-info id="206" free="3886360" total="8388608" percent="46">
  <mem type="tenure" free="3886360" total="8388608" percent="46" micro-fragmented="22915" macro-fragmented="0">
    <mem type="soa" free="3467544" total="7969792" percent="43" />
    <mem type="loa" free="418816" total="418816" percent="100" />
  </mem>
</mem-info>
<gc-op id="207" type="compact" timems="5.308" contextid="201" timestamp="2019-08-02T19:06:37.642">
  <compact-info movecount="14359" movebytes="2509600" reason="no compaction" />
</gc-op>
<gc-end id="208" type="global" contextid="201" durationms="7.527" usertimems="12.000" systemtimems="0.000" timestamp="2019-08-02T19:06:37.642" activeThreads="8">
  <mem-info id="209" free="3871088" total="8388608" percent="46">
    <mem type="tenure" free="3871088" total="8388608" percent="46">
      <mem type="soa" free="3452272" total="7969792" percent="43" />
      <mem type="loa" free="418816" total="418816" percent="100" />
    </mem>
  </mem-info>
</gc-end>
<cycle-end id="210" type="global" contextid="201" timestamp="2019-08-02T19:06:37.642" />
  <attribute name="elasticGC enabled" value="1" />
  <attribute name= "numThreadsSpecified" value="0" />
  <attribute name="heapSize specified" value="8388608" />
  <attribute name= "numCores" value="8" />
  <attribute name ="GC Interval" value="0" />
  <attribute name ="Control flow" value="3" />
  <attribute name="GC Util Range Max" value="103" />
  <attribute name="Current GC Util" value="23" />
  <attribute name= "Current Time Running" value="1079" />
<allocation-satisfied id="211" threadId="0000000000D75700" bytesRequested="32776" />
<af-end id="212" timestamp="2019-08-02T19:06:37.642" threadId="0000000000D76088" success="true" />
<exclusive-end id="213" timestamp="2019-08-02T19:06:37.642" durationms="8.220" />

<exclusive-start id="214" timestamp="2019-08-02T19:06:37.700" intervalms="66.221">
  <response-info timems="0.038" idlems="0.038" threads="0" lastid="0000000000D6DF00" lastname="Thread-7" />
</exclusive-start>
<af-start id="215" threadId="0000000000D6E888" totalBytesRequested="8200" timestamp="2019-08-02T19:06:37.700" intervalms="66.265" />
<cycle-start id="216" type="global" contextid="0" timestamp="2019-08-02T19:06:37.700" intervalms="66.255" />
<gc-start id="217" type="global" contextid="216" timestamp="2019-08-02T19:06:37.701">
  <mem-info id="218" free="418816" total="8388608" percent="4">
    <mem type="tenure" free="418816" total="8388608" percent="4">
      <mem type="soa" free="0" total="7969792" percent="0" />
      <mem type="loa" free="418816" total="418816" percent="100" />
    </mem>
  </mem-info>
</gc-start>
<allocation-stats totalBytes="3352992" >
  <allocated-bytes non-tlh="163880" tlh="3189112" />
  <largest-consumer threadName="Thread-9" threadId="0000000000D75700" bytes="573312" />
</allocation-stats>
<gc-op id="219" type="mark" timems="4.780" contextid="216" timestamp="2019-08-02T19:06:37.705">
  <trace-info objectcount="43372" scancount="35109" scanbytes="2078412" />
  <finalization candidates="25" enqueued="0" />
  <references type="soft" candidates="168" cleared="15" enqueued="14" dynamicThreshold="14" maxThreshold="32" />
  <references type="weak" candidates="283" cleared="0" enqueued="0" />
  <references type="phantom" candidates="108" cleared="0" enqueued="0" />
  <stringconstants candidates="3963" cleared="0"  />
</gc-op>
<gc-op id="220" type="sweep" timems="0.970" contextid="216" timestamp="2019-08-02T19:06:37.706" />
<mem-info id="221" free="3990248" total="8388608" percent="47">
  <mem type="tenure" free="3990248" total="8388608" percent="47" micro-fragmented="30934" macro-fragmented="0">
    <mem type="soa" free="3571432" total="7969792" percent="44" />
    <mem type="loa" free="418816" total="418816" percent="100" />
  </mem>
  <pending-finalizers system="0" default="0" reference="14" classloader="0" />
</mem-info>
<gc-op id="222" type="compact" timems="14.308" contextid="216" timestamp="2019-08-02T19:06:37.721">
  <compact-info movecount="32115" movebytes="3870960" reason="no compaction" />
</gc-op>
<gc-end id="223" type="global" contextid="216" durationms="21.189" usertimems="20.000" systemtimems="4.000" timestamp="2019-08-02T19:06:37.722" activeThreads="8">
  <mem-info id="224" free="3991896" total="8388608" percent="47">
    <mem type="tenure" free="3991896" total="8388608" percent="47">
      <mem type="soa" free="3573080" total="7969792" percent="44" />
      <mem type="loa" free="418816" total="418816" percent="100" />
    </mem>
    <pending-finalizers system="0" default="0" reference="14" classloader="0" />
  </mem-info>
</gc-end>
<cycle-end id="225" type="global" contextid="216" timestamp="2019-08-02T19:06:37.722" />
  <attribute name="elasticGC enabled" value="1" />
  <attribute name= "numThreadsSpecified" value="0" />
  <attribute name="heapSize specified" value="8388608" />
  <attribute name= "numCores" value="8" />
  <attribute name ="GC Interval" value="0" />
  <attribute name ="Control flow" value="3" />
  <attribute name="GC Util Range Max" value="103" />
  <attribute name="Current GC Util" value="63" />
  <attribute name= "Current Time Running" value="1158" />
<allocation-satisfied id="226" threadId="0000000000D6DF00" bytesRequested="8200" />
<af-end id="227" timestamp="2019-08-02T19:06:37.722" threadId="0000000000D6E888" success="true" />
<exclusive-end id="228" timestamp="2019-08-02T19:06:37.722" durationms="21.937" />

<exclusive-start id="229" timestamp="2019-08-02T19:06:37.754" intervalms="53.531">
  <response-info timems="0.039" idlems="0.039" threads="0" lastid="0000000000D66800" lastname="Thread-5" />
</exclusive-start>
<af-start id="230" threadId="0000000000D67188" totalBytesRequested="32776" timestamp="2019-08-02T19:06:37.754" intervalms="53.492" />
<cycle-start id="231" type="global" contextid="0" timestamp="2019-08-02T19:06:37.754" intervalms="53.490" />
<gc-start id="232" type="global" contextid="231" timestamp="2019-08-02T19:06:37.754">
  <mem-info id="233" free="418816" total="8388608" percent="4">
    <mem type="tenure" free="418816" total="8388608" percent="4">
      <mem type="soa" free="0" total="7969792" percent="0" />
      <mem type="loa" free="418816" total="418816" percent="100" />
    </mem>
  </mem-info>
</gc-start>
<allocation-stats totalBytes="3485240" >
  <allocated-bytes non-tlh="98328" tlh="3386912" />
  <largest-consumer threadName="Thread-10" threadId="0000000000D79300" bytes="913080" />
</allocation-stats>
<heap-resize id="234" type="loa contract" space="tenure" amount="83968" count="1" timems="0.000" reason="contract underutilized loa" timestamp="2019-08-02T19:06:37.754" />
<gc-op id="235" type="mark" timems="1.483" contextid="231" timestamp="2019-08-02T19:06:37.756">
  <trace-info objectcount="43602" scancount="35250" scanbytes="2088212" />
  <finalization candidates="25" enqueued="0" />
  <references type="soft" candidates="153" cleared="0" enqueued="0" dynamicThreshold="15" maxThreshold="32" />
  <references type="weak" candidates="285" cleared="0" enqueued="0" />
  <references type="phantom" candidates="108" cleared="0" enqueued="0" />
  <stringconstants candidates="3963" cleared="0"  />
</gc-op>
<gc-op id="236" type="sweep" timems="0.216" contextid="231" timestamp="2019-08-02T19:06:37.756" />
<mem-info id="237" free="3892248" total="8388608" percent="46">
  <mem type="tenure" free="3892248" total="8388608" percent="46" micro-fragmented="8960" macro-fragmented="0">
    <mem type="soa" free="3557400" total="8053760" percent="44" />
    <mem type="loa" free="334848" total="334848" percent="100" />
  </mem>
</mem-info>
<gc-op id="238" type="compact" timems="8.610" contextid="231" timestamp="2019-08-02T19:06:37.765">
  <compact-info movecount="32338" movebytes="3971496" reason="no compaction" />
</gc-op>
<gc-end id="239" type="global" contextid="231" durationms="11.017" usertimems="24.000" systemtimems="0.000" timestamp="2019-08-02T19:06:37.765" activeThreads="8">
  <mem-info id="240" free="3899384" total="8388608" percent="46">
    <mem type="tenure" free="3899384" total="8388608" percent="46">
      <mem type="soa" free="3564536" total="8053760" percent="44" />
      <mem type="loa" free="334848" total="334848" percent="100" />
    </mem>
  </mem-info>
</gc-end>
<cycle-end id="241" type="global" contextid="231" timestamp="2019-08-02T19:06:37.765" />
  <attribute name="elasticGC enabled" value="1" />
  <attribute name= "numThreadsSpecified" value="0" />
  <attribute name="heapSize specified" value="8388608" />
  <attribute name= "numCores" value="8" />
  <attribute name ="GC Interval" value="0" />
  <attribute name ="Control flow" value="3" />
  <attribute name="GC Util Range Max" value="103" />
  <attribute name="Current GC Util" value="23" />
  <attribute name= "Current Time Running" value="1202" />
<allocation-satisfied id="242" threadId="0000000000D66800" bytesRequested="32776" />
<af-end id="243" timestamp="2019-08-02T19:06:37.765" threadId="0000000000D67188" success="true" />
<exclusive-end id="244" timestamp="2019-08-02T19:06:37.765" durationms="11.737" />

<exclusive-start id="245" timestamp="2019-08-02T19:06:37.808" intervalms="54.023">
  <response-info timems="0.063" idlems="0.063" threads="0" lastid="0000000000D79300" lastname="Thread-10" />
</exclusive-start>
<af-start id="246" threadId="0000000000D79C88" totalBytesRequested="24" timestamp="2019-08-02T19:06:37.808" intervalms="53.968" />
<cycle-start id="247" type="global" contextid="0" timestamp="2019-08-02T19:06:37.808" intervalms="53.965" />
<gc-start id="248" type="global" contextid="247" timestamp="2019-08-02T19:06:37.808">
  <mem-info id="249" free="334848" total="8388608" percent="3">
    <mem type="tenure" free="334848" total="8388608" percent="3">
      <mem type="soa" free="0" total="8053760" percent="0" />
      <mem type="loa" free="334848" total="334848" percent="100" />
    </mem>
  </mem-info>
</gc-start>
<allocation-stats totalBytes="3559200" >
  <allocated-bytes non-tlh="163880" tlh="3395320" />
  <largest-consumer threadName="Thread-5" threadId="0000000000D66800" bytes="827080" />
</allocation-stats>
<heap-resize id="250" type="loa contract" space="tenure" amount="83968" count="1" timems="0.000" reason="contract underutilized loa" timestamp="2019-08-02T19:06:37.808" />
<gc-op id="251" type="mark" timems="4.745" contextid="247" timestamp="2019-08-02T19:06:37.813">
  <trace-info objectcount="42511" scancount="34544" scanbytes="2067092" />
  <finalization candidates="25" enqueued="0" />
  <references type="soft" candidates="153" cleared="82" enqueued="79" dynamicThreshold="14" maxThreshold="32" />
  <references type="weak" candidates="284" cleared="0" enqueued="0" />
  <references type="phantom" candidates="108" cleared="0" enqueued="0" />
  <stringconstants candidates="3963" cleared="0"  />
</gc-op>
<gc-op id="252" type="sweep" timems="0.887" contextid="247" timestamp="2019-08-02T19:06:37.814" />
<mem-info id="253" free="3832128" total="8388608" percent="45">
  <mem type="tenure" free="3832128" total="8388608" percent="45" micro-fragmented="39680" macro-fragmented="0">
    <mem type="soa" free="3581248" total="8137728" percent="44" />
    <mem type="loa" free="250880" total="250880" percent="100" />
  </mem>
  <pending-finalizers system="0" default="0" reference="79" classloader="0" />
</mem-info>
<gc-op id="254" type="compact" timems="9.750" contextid="247" timestamp="2019-08-02T19:06:37.824">
  <compact-info movecount="36569" movebytes="4228272" reason="no compaction" />
</gc-op>
<gc-end id="255" type="global" contextid="247" durationms="16.147" usertimems="24.000" systemtimems="0.000" timestamp="2019-08-02T19:06:37.824" activeThreads="8">
  <mem-info id="256" free="3818736" total="8388608" percent="45">
    <mem type="tenure" free="3818736" total="8388608" percent="45">
      <mem type="soa" free="3567856" total="8137728" percent="43" />
      <mem type="loa" free="250880" total="250880" percent="100" />
    </mem>
    <pending-finalizers system="0" default="0" reference="79" classloader="0" />
  </mem-info>
</gc-end>
<cycle-end id="257" type="global" contextid="247" timestamp="2019-08-02T19:06:37.824" />
  <attribute name="elasticGC enabled" value="1" />
  <attribute name= "numThreadsSpecified" value="0" />
  <attribute name="heapSize specified" value="8388608" />
  <attribute name= "numCores" value="8" />
  <attribute name ="GC Interval" value="0" />
  <attribute name ="Control flow" value="3" />
  <attribute name="GC Util Range Max" value="103" />
  <attribute name="Current GC Util" value="22" />
  <attribute name= "Current Time Running" value="1261" />
<allocation-satisfied id="258" threadId="0000000000D79300" bytesRequested="24" />
<af-end id="259" timestamp="2019-08-02T19:06:37.824" threadId="0000000000D79C88" success="true" />
<exclusive-end id="260" timestamp="2019-08-02T19:06:37.825" durationms="16.791" />

<exclusive-start id="261" timestamp="2019-08-02T19:06:37.891" intervalms="83.272">
  <response-info timems="0.109" idlems="0.109" threads="0" lastid="0000000000D79300" lastname="Thread-10" />
</exclusive-start>
<af-start id="262" threadId="0000000000D79C88" totalBytesRequested="16392" timestamp="2019-08-02T19:06:37.891" intervalms="83.291" />
<cycle-start id="263" type="global" contextid="0" timestamp="2019-08-02T19:06:37.891" intervalms="83.286" />
<gc-start id="264" type="global" contextid="263" timestamp="2019-08-02T19:06:37.891">
  <mem-info id="265" free="250880" total="8388608" percent="2">
    <mem type="tenure" free="250880" total="8388608" percent="2">
      <mem type="soa" free="0" total="8137728" percent="0" />
      <mem type="loa" free="250880" total="250880" percent="100" />
    </mem>
  </mem-info>
</gc-start>
<allocation-stats totalBytes="3600456" >
  <allocated-bytes non-tlh="131104" tlh="3469352" />
  <largest-consumer threadName="Thread-8" threadId="0000000000D71B00" bytes="858496" />
</allocation-stats>
<heap-resize id="266" type="loa contract" space="tenure" amount="83968" count="1" timems="0.000" reason="contract underutilized loa" timestamp="2019-08-02T19:06:37.891" />
<gc-op id="267" type="mark" timems="1.110" contextid="263" timestamp="2019-08-02T19:06:37.893">
  <trace-info objectcount="40921" scancount="33181" scanbytes="1989900" />
  <finalization candidates="25" enqueued="0" />
  <references type="soft" candidates="71" cleared="6" enqueued="3" dynamicThreshold="14" maxThreshold="32" />
  <references type="weak" candidates="283" cleared="0" enqueued="0" />
  <references type="phantom" candidates="107" cleared="0" enqueued="0" />
  <stringconstants candidates="3963" cleared="19"  />
</gc-op>
<gc-op id="268" type="sweep" timems="0.209" contextid="263" timestamp="2019-08-02T19:06:37.893" />
<mem-info id="269" free="4010008" total="8388608" percent="47">
  <mem type="tenure" free="4010008" total="8388608" percent="47" micro-fragmented="42849" macro-fragmented="0">
    <mem type="soa" free="3843096" total="8221696" percent="46" />
    <mem type="loa" free="166912" total="166912" percent="100" />
  </mem>
  <pending-finalizers system="0" default="0" reference="3" classloader="0" />
</mem-info>
<gc-op id="270" type="compact" timems="8.067" contextid="263" timestamp="2019-08-02T19:06:37.901">
  <compact-info movecount="29659" movebytes="3853720" reason="no compaction" />
</gc-op>
<gc-end id="271" type="global" contextid="263" durationms="9.963" usertimems="20.000" systemtimems="0.000" timestamp="2019-08-02T19:06:37.901" activeThreads="8">
  <mem-info id="272" free="3996752" total="8388608" percent="47">
    <mem type="tenure" free="3996752" total="8388608" percent="47">
      <mem type="soa" free="3829840" total="8221696" percent="46" />
      <mem type="loa" free="166912" total="166912" percent="100" />
    </mem>
    <pending-finalizers system="0" default="0" reference="3" classloader="0" />
  </mem-info>
</gc-end>
<cycle-end id="273" type="global" contextid="263" timestamp="2019-08-02T19:06:37.901" />
  <attribute name="elasticGC enabled" value="1" />
  <attribute name= "numThreadsSpecified" value="0" />
  <attribute name="heapSize specified" value="8388608" />
  <attribute name= "numCores" value="8" />
  <attribute name ="GC Interval" value="0" />
  <attribute name ="Control flow" value="3" />
  <attribute name="GC Util Range Max" value="103" />
  <attribute name="Current GC Util" value="26" />
  <attribute name= "Current Time Running" value="1338" />
<allocation-satisfied id="274" threadId="0000000000D79300" bytesRequested="16392" />
<af-end id="275" timestamp="2019-08-02T19:06:37.901" threadId="0000000000D79C88" success="true" />
<exclusive-end id="276" timestamp="2019-08-02T19:06:37.901" durationms="10.416" />

<exclusive-start id="277" timestamp="2019-08-02T19:06:37.939" intervalms="47.750">
  <response-info timems="0.050" idlems="0.050" threads="0" lastid="0000000000D75700" lastname="Thread-9" />
</exclusive-start>
<af-start id="278" threadId="0000000000D76088" totalBytesRequested="2056" timestamp="2019-08-02T19:06:37.939" intervalms="47.810" />
<cycle-start id="279" type="global" contextid="0" timestamp="2019-08-02T19:06:37.939" intervalms="47.823" />
<gc-start id="280" type="global" contextid="279" timestamp="2019-08-02T19:06:37.939">
  <mem-info id="281" free="166912" total="8388608" percent="1">
    <mem type="tenure" free="166912" total="8388608" percent="1">
      <mem type="soa" free="0" total="8221696" percent="0" />
      <mem type="loa" free="166912" total="166912" percent="100" />
    </mem>
  </mem-info>
</gc-start>
<allocation-stats totalBytes="3805064" >
  <allocated-bytes non-tlh="98328" tlh="3706736" />
  <largest-consumer threadName="Thread-7" threadId="0000000000D6DF00" bytes="1215232" />
</allocation-stats>
<heap-resize id="282" type="loa contract" space="tenure" amount="83968" count="1" timems="0.000" reason="contract underutilized loa" timestamp="2019-08-02T19:06:37.939" />
<gc-op id="283" type="mark" timems="1.441" contextid="279" timestamp="2019-08-02T19:06:37.941">
  <trace-info objectcount="40865" scancount="33154" scanbytes="2028980" />
  <finalization candidates="25" enqueued="0" />
  <references type="soft" candidates="65" cleared="0" enqueued="0" dynamicThreshold="15" maxThreshold="32" />
  <references type="weak" candidates="283" cleared="0" enqueued="0" />
  <references type="phantom" candidates="108" cleared="0" enqueued="0" />
  <stringconstants candidates="3944" cleared="0"  />
</gc-op>
<gc-op id="284" type="sweep" timems="0.326" contextid="279" timestamp="2019-08-02T19:06:37.941" />
<mem-info id="285" free="4121024" total="8388608" percent="49">
  <mem type="tenure" free="4121024" total="8388608" percent="49" micro-fragmented="516" macro-fragmented="0">
    <mem type="soa" free="4038080" total="8305664" percent="48" />
    <mem type="loa" free="82944" total="82944" percent="100" />
  </mem>
</mem-info>
<gc-op id="286" type="compact" timems="5.527" contextid="279" timestamp="2019-08-02T19:06:37.947">
  <compact-info movecount="12952" movebytes="2339232" reason="no compaction" />
</gc-op>
<gc-end id="287" type="global" contextid="279" durationms="7.937" usertimems="16.000" systemtimems="0.000" timestamp="2019-08-02T19:06:37.947" activeThreads="8">
  <mem-info id="288" free="4112008" total="8388608" percent="49">
    <mem type="tenure" free="4112008" total="8388608" percent="49">
      <mem type="soa" free="4029064" total="8305664" percent="48" />
      <mem type="loa" free="82944" total="82944" percent="100" />
    </mem>
  </mem-info>
</gc-end>
<cycle-end id="289" type="global" contextid="279" timestamp="2019-08-02T19:06:37.947" />
  <attribute name="elasticGC enabled" value="1" />
  <attribute name= "numThreadsSpecified" value="0" />
  <attribute name="heapSize specified" value="8388608" />
  <attribute name= "numCores" value="8" />
  <attribute name ="GC Interval" value="0" />
  <attribute name ="Control flow" value="3" />
  <attribute name="GC Util Range Max" value="103" />
  <attribute name="Current GC Util" value="31" />
  <attribute name= "Current Time Running" value="1384" />
<allocation-satisfied id="290" threadId="0000000000D75700" bytesRequested="2056" />
<af-end id="291" timestamp="2019-08-02T19:06:37.947" threadId="0000000000D76088" success="true" />
<exclusive-end id="292" timestamp="2019-08-02T19:06:37.948" durationms="8.809" />

<exclusive-start id="293" timestamp="2019-08-02T19:06:38.005" intervalms="65.838">
  <response-info timems="0.092" idlems="0.092" threads="0" lastid="0000000000D75700" lastname="Thread-9" />
</exclusive-start>
<af-start id="294" threadId="0000000000D76088" totalBytesRequested="48" timestamp="2019-08-02T19:06:38.005" intervalms="65.758" />
<cycle-start id="295" type="global" contextid="0" timestamp="2019-08-02T19:06:38.005" intervalms="65.749" />
<gc-start id="296" type="global" contextid="295" timestamp="2019-08-02T19:06:38.005">
  <mem-info id="297" free="82944" total="8388608" percent="0">
    <mem type="tenure" free="82944" total="8388608" percent="0">
      <mem type="soa" free="0" total="8305664" percent="0" />
      <mem type="loa" free="82944" total="82944" percent="100" />
    </mem>
  </mem-info>
</gc-start>
<allocation-stats totalBytes="3988616" >
  <allocated-bytes non-tlh="98328" tlh="3890288" />
  <largest-consumer threadName="Thread-3" threadId="0000000000D5F000" bytes="823488" />
</allocation-stats>
<gc-op id="298" type="mark" timems="1.205" contextid="295" timestamp="2019-08-02T19:06:38.006">
  <trace-info objectcount="40813" scancount="33092" scanbytes="2020904" />
  <finalization candidates="25" enqueued="0" />
  <references type="soft" candidates="65" cleared="0" enqueued="0" dynamicThreshold="15" maxThreshold="32" />
  <references type="weak" candidates="283" cleared="0" enqueued="0" />
  <references type="phantom" candidates="107" cleared="0" enqueued="0" />
  <stringconstants candidates="3944" cleared="0"  />
</gc-op>
<gc-op id="299" type="sweep" timems="0.234" contextid="295" timestamp="2019-08-02T19:06:38.006" />
<mem-info id="300" free="3994736" total="8388608" percent="47">
  <mem type="tenure" free="3994736" total="8388608" percent="47" micro-fragmented="23599" macro-fragmented="0">
    <mem type="soa" free="3911792" total="8305664" percent="47" />
    <mem type="loa" free="82944" total="82944" percent="100" />
  </mem>
</mem-info>
<gc-op id="301" type="compact" timems="5.106" contextid="295" timestamp="2019-08-02T19:06:38.012">
  <compact-info movecount="12900" movebytes="2458216" reason="no compaction" />
</gc-op>
<gc-end id="302" type="global" contextid="295" durationms="7.109" usertimems="16.000" systemtimems="0.000" timestamp="2019-08-02T19:06:38.012" activeThreads="8">
  <mem-info id="303" free="3984832" total="8388608" percent="47">
    <mem type="tenure" free="3984832" total="8388608" percent="47">
      <mem type="soa" free="3901888" total="8305664" percent="46" />
      <mem type="loa" free="82944" total="82944" percent="100" />
    </mem>
  </mem-info>
</gc-end>
<cycle-end id="304" type="global" contextid="295" timestamp="2019-08-02T19:06:38.012" />
  <attribute name="elasticGC enabled" value="1" />
  <attribute name= "numThreadsSpecified" value="0" />
  <attribute name="heapSize specified" value="8388608" />
  <attribute name= "numCores" value="8" />
  <attribute name ="GC Interval" value="0" />
  <attribute name ="Control flow" value="3" />
  <attribute name="GC Util Range Max" value="103" />
  <attribute name="Current GC Util" value="29" />
  <attribute name= "Current Time Running" value="1449" />
<allocation-satisfied id="305" threadId="0000000000D75700" bytesRequested="48" />
<af-end id="306" timestamp="2019-08-02T19:06:38.012" threadId="0000000000D76088" success="true" />
<exclusive-end id="307" timestamp="2019-08-02T19:06:38.012" durationms="7.767" />

<exclusive-start id="308" timestamp="2019-08-02T19:06:38.079" intervalms="74.835">
  <response-info timems="0.051" idlems="0.051" threads="0" lastid="0000000000D79300" lastname="Thread-10" />
</exclusive-start>
<af-start id="309" threadId="0000000000D79C88" totalBytesRequested="8200" timestamp="2019-08-02T19:06:38.080" intervalms="74.830" />
<cycle-start id="310" type="global" contextid="0" timestamp="2019-08-02T19:06:38.080" intervalms="74.826" />
<gc-start id="311" type="global" contextid="310" timestamp="2019-08-02T19:06:38.080">
  <mem-info id="312" free="82944" total="8388608" percent="0">
    <mem type="tenure" free="82944" total="8388608" percent="0">
      <mem type="soa" free="0" total="8305664" percent="0" />
      <mem type="loa" free="82944" total="82944" percent="100" />
    </mem>
  </mem-info>
</gc-start>
<allocation-stats totalBytes="3899600" >
  <allocated-bytes non-tlh="98328" tlh="3801272" />
  <largest-consumer threadName="Thread-5" threadId="0000000000D66800" bytes="926944" />
</allocation-stats>
<gc-op id="313" type="mark" timems="0.998" contextid="310" timestamp="2019-08-02T19:06:38.081">
  <trace-info objectcount="40886" scancount="33108" scanbytes="2023056" />
  <finalization candidates="25" enqueued="0" />
  <references type="soft" candidates="65" cleared="0" enqueued="0" dynamicThreshold="15" maxThreshold="32" />
  <references type="weak" candidates="283" cleared="0" enqueued="0" />
  <references type="phantom" candidates="108" cleared="0" enqueued="0" />
  <stringconstants candidates="3944" cleared="0"  />
</gc-op>
<gc-op id="314" type="sweep" timems="0.206" contextid="310" timestamp="2019-08-02T19:06:38.081" />
<mem-info id="315" free="3992360" total="8388608" percent="47">
  <mem type="tenure" free="3992360" total="8388608" percent="47" micro-fragmented="10242" macro-fragmented="0">
    <mem type="soa" free="3909416" total="8305664" percent="47" />
    <mem type="loa" free="82944" total="82944" percent="100" />
  </mem>
</mem-info>
<gc-op id="316" type="compact" timems="5.034" contextid="310" timestamp="2019-08-02T19:06:38.086">
  <compact-info movecount="12973" movebytes="2469408" reason="no compaction" />
</gc-op>
<gc-end id="317" type="global" contextid="310" durationms="6.831" usertimems="12.000" systemtimems="0.000" timestamp="2019-08-02T19:06:38.086" activeThreads="8">
  <mem-info id="318" free="3969544" total="8388608" percent="47">
    <mem type="tenure" free="3969544" total="8388608" percent="47">
      <mem type="soa" free="3886600" total="8305664" percent="46" />
      <mem type="loa" free="82944" total="82944" percent="100" />
    </mem>
  </mem-info>
</gc-end>
<cycle-end id="319" type="global" contextid="310" timestamp="2019-08-02T19:06:38.087" />
  <attribute name="elasticGC enabled" value="1" />
  <attribute name= "numThreadsSpecified" value="0" />
  <attribute name="heapSize specified" value="8388608" />
  <attribute name= "numCores" value="8" />
  <attribute name ="GC Interval" value="0" />
  <attribute name ="Control flow" value="3" />
  <attribute name="GC Util Range Max" value="103" />
  <attribute name="Current GC Util" value="27" />
  <attribute name= "Current Time Running" value="1524" />
<allocation-satisfied id="320" threadId="0000000000D79300" bytesRequested="8200" />
<af-end id="321" timestamp="2019-08-02T19:06:38.087" threadId="0000000000D79C88" success="true" />
<exclusive-end id="322" timestamp="2019-08-02T19:06:38.087" durationms="7.318" />

<exclusive-start id="323" timestamp="2019-08-02T19:06:38.125" intervalms="45.500">
  <response-info timems="0.057" idlems="0.030" threads="1" lastid="0000000000D79300" lastname="Thread-10" />
</exclusive-start>
<af-start id="324" threadId="0000000000D5F988" totalBytesRequested="16392" timestamp="2019-08-02T19:06:38.125" intervalms="45.500" />
<cycle-start id="325" type="global" contextid="0" timestamp="2019-08-02T19:06:38.125" intervalms="45.505" />
<gc-start id="326" type="global" contextid="325" timestamp="2019-08-02T19:06:38.125">
  <mem-info id="327" free="82944" total="8388608" percent="0">
    <mem type="tenure" free="82944" total="8388608" percent="0">
      <mem type="soa" free="0" total="8305664" percent="0" />
      <mem type="loa" free="82944" total="82944" percent="100" />
    </mem>
  </mem-info>
</gc-start>
<allocation-stats totalBytes="3866896" >
  <allocated-bytes non-tlh="147496" tlh="3719400" />
  <largest-consumer threadName="Thread-3" threadId="0000000000D5F000" bytes="954496" />
</allocation-stats>
<gc-op id="328" type="mark" timems="1.573" contextid="325" timestamp="2019-08-02T19:06:38.127">
  <trace-info objectcount="40636" scancount="32967" scanbytes="1986736" />
  <finalization candidates="25" enqueued="0" />
  <references type="soft" candidates="65" cleared="0" enqueued="0" dynamicThreshold="15" maxThreshold="32" />
  <references type="weak" candidates="283" cleared="0" enqueued="0" />
  <references type="phantom" candidates="107" cleared="0" enqueued="0" />
  <stringconstants candidates="3944" cleared="0"  />
</gc-op>
<gc-op id="329" type="sweep" timems="0.627" contextid="325" timestamp="2019-08-02T19:06:38.128" />
<mem-info id="330" free="4133832" total="8388608" percent="49">
  <mem type="tenure" free="4133832" total="8388608" percent="49" micro-fragmented="39162" macro-fragmented="0">
    <mem type="soa" free="4050888" total="8305664" percent="48" />
    <mem type="loa" free="82944" total="82944" percent="100" />
  </mem>
</mem-info>
<gc-op id="331" type="compact" timems="6.201" contextid="325" timestamp="2019-08-02T19:06:38.134">
  <compact-info movecount="12723" movebytes="2328704" reason="no compaction" />
</gc-op>
<gc-end id="332" type="global" contextid="325" durationms="9.352" usertimems="16.000" systemtimems="0.000" timestamp="2019-08-02T19:06:38.135" activeThreads="8">
  <mem-info id="333" free="4093864" total="8388608" percent="48">
    <mem type="tenure" free="4093864" total="8388608" percent="48">
      <mem type="soa" free="4010920" total="8305664" percent="48" />
      <mem type="loa" free="82944" total="82944" percent="100" />
    </mem>
  </mem-info>
</gc-end>
<cycle-end id="334" type="global" contextid="325" timestamp="2019-08-02T19:06:38.135" />
  <attribute name="elasticGC enabled" value="1" />
  <attribute name= "numThreadsSpecified" value="0" />
  <attribute name="heapSize specified" value="8388608" />
  <attribute name= "numCores" value="8" />
  <attribute name ="GC Interval" value="0" />
  <attribute name ="Control flow" value="3" />
  <attribute name="GC Util Range Max" value="103" />
  <attribute name="Current GC Util" value="59" />
  <attribute name= "Current Time Running" value="1571" />
<allocation-satisfied id="335" threadId="0000000000D5F000" bytesRequested="16392" />
<af-end id="336" timestamp="2019-08-02T19:06:38.135" threadId="0000000000D5F988" success="true" />
<exclusive-end id="337" timestamp="2019-08-02T19:06:38.135" durationms="9.994" />

<exclusive-start id="338" timestamp="2019-08-02T19:06:38.197" intervalms="71.763">
  <response-info timems="0.042" idlems="0.042" threads="0" lastid="0000000000D62C00" lastname="Thread-4" />
</exclusive-start>
<af-start id="339" threadId="0000000000D63588" totalBytesRequested="2056" timestamp="2019-08-02T19:06:38.197" intervalms="71.837" />
<cycle-start id="340" type="global" contextid="0" timestamp="2019-08-02T19:06:38.197" intervalms="71.837" />
<gc-start id="341" type="global" contextid="340" timestamp="2019-08-02T19:06:38.197">
  <mem-info id="342" free="82944" total="8388608" percent="0">
    <mem type="tenure" free="82944" total="8388608" percent="0">
      <mem type="soa" free="0" total="8305664" percent="0" />
      <mem type="loa" free="82944" total="82944" percent="100" />
    </mem>
  </mem-info>
</gc-start>
<allocation-stats totalBytes="3942232" >
  <allocated-bytes non-tlh="131104" tlh="3811128" />
  <largest-consumer threadName="Thread-8" threadId="0000000000D71B00" bytes="824744" />
</allocation-stats>
<gc-op id="343" type="mark" timems="1.211" contextid="340" timestamp="2019-08-02T19:06:38.198">
  <trace-info objectcount="41182" scancount="33422" scanbytes="2037508" />
  <finalization candidates="25" enqueued="0" />
  <references type="soft" candidates="65" cleared="0" enqueued="0" dynamicThreshold="15" maxThreshold="32" />
  <references type="weak" candidates="283" cleared="0" enqueued="0" />
  <references type="phantom" candidates="107" cleared="0" enqueued="0" />
  <stringconstants candidates="3944" cleared="0"  />
</gc-op>
<gc-op id="344" type="sweep" timems="0.231" contextid="340" timestamp="2019-08-02T19:06:38.199" />
<mem-info id="345" free="3993992" total="8388608" percent="47">
  <mem type="tenure" free="3993992" total="8388608" percent="47" micro-fragmented="9482" macro-fragmented="0">
    <mem type="soa" free="3911048" total="8305664" percent="47" />
    <mem type="loa" free="82944" total="82944" percent="100" />
  </mem>
</mem-info>
<gc-op id="346" type="compact" timems="5.224" contextid="340" timestamp="2019-08-02T19:06:38.204">
  <compact-info movecount="13269" movebytes="2456424" reason="no compaction" />
</gc-op>
<gc-end id="347" type="global" contextid="340" durationms="7.249" usertimems="12.000" systemtimems="0.000" timestamp="2019-08-02T19:06:38.204" activeThreads="8">
  <mem-info id="348" free="3986624" total="8388608" percent="47">
    <mem type="tenure" free="3986624" total="8388608" percent="47">
      <mem type="soa" free="3903680" total="8305664" percent="47" />
      <mem type="loa" free="82944" total="82944" percent="100" />
    </mem>
  </mem-info>
</gc-end>
<cycle-end id="349" type="global" contextid="340" timestamp="2019-08-02T19:06:38.204" />
  <attribute name="elasticGC enabled" value="1" />
  <attribute name= "numThreadsSpecified" value="0" />
  <attribute name="heapSize specified" value="8388608" />
  <attribute name= "numCores" value="8" />
  <attribute name ="GC Interval" value="0" />
  <attribute name ="Control flow" value="3" />
  <attribute name="GC Util Range Max" value="103" />
  <attribute name="Current GC Util" value="31" />
  <attribute name= "Current Time Running" value="1641" />
<allocation-satisfied id="350" threadId="0000000000D62C00" bytesRequested="2056" />
<af-end id="351" timestamp="2019-08-02T19:06:38.205" threadId="0000000000D63588" success="true" />
<exclusive-end id="352" timestamp="2019-08-02T19:06:38.205" durationms="8.201" />

<exclusive-start id="353" timestamp="2019-08-02T19:06:38.247" intervalms="50.255">
  <response-info timems="0.098" idlems="0.098" threads="0" lastid="0000000000D62C00" lastname="Thread-4" />
</exclusive-start>
<af-start id="354" threadId="0000000000D63588" totalBytesRequested="8200" timestamp="2019-08-02T19:06:38.247" intervalms="50.192" />
<cycle-start id="355" type="global" contextid="0" timestamp="2019-08-02T19:06:38.247" intervalms="50.188" />
<gc-start id="356" type="global" contextid="355" timestamp="2019-08-02T19:06:38.247">
  <mem-info id="357" free="82944" total="8388608" percent="0">
    <mem type="tenure" free="82944" total="8388608" percent="0">
      <mem type="soa" free="0" total="8305664" percent="0" />
      <mem type="loa" free="82944" total="82944" percent="100" />
    </mem>
  </mem-info>
</gc-start>
<allocation-stats totalBytes="3840992" >
  <allocated-bytes non-tlh="163880" tlh="3677112" />
  <largest-consumer threadName="Thread-7" threadId="0000000000D6DF00" bytes="1231336" />
</allocation-stats>
<gc-op id="358" type="mark" timems="1.204" contextid="355" timestamp="2019-08-02T19:06:38.248">
  <trace-info objectcount="41224" scancount="33446" scanbytes="2034304" />
  <finalization candidates="25" enqueued="0" />
  <references type="soft" candidates="65" cleared="0" enqueued="0" dynamicThreshold="15" maxThreshold="32" />
  <references type="weak" candidates="283" cleared="0" enqueued="0" />
  <references type="phantom" candidates="107" cleared="0" enqueued="0" />
  <stringconstants candidates="3944" cleared="0"  />
</gc-op>
<gc-op id="359" type="sweep" timems="0.233" contextid="355" timestamp="2019-08-02T19:06:38.249" />
<mem-info id="360" free="3938288" total="8388608" percent="46">
  <mem type="tenure" free="3938288" total="8388608" percent="46" micro-fragmented="9037" macro-fragmented="0">
    <mem type="soa" free="3855344" total="8305664" percent="46" />
    <mem type="loa" free="82944" total="82944" percent="100" />
  </mem>
</mem-info>
<gc-op id="361" type="compact" timems="5.223" contextid="355" timestamp="2019-08-02T19:06:38.254">
  <compact-info movecount="13311" movebytes="2520440" reason="no compaction" />
</gc-op>
<gc-end id="362" type="global" contextid="355" durationms="7.277" usertimems="12.000" systemtimems="0.000" timestamp="2019-08-02T19:06:38.254" activeThreads="8">
  <mem-info id="363" free="3926704" total="8388608" percent="46">
    <mem type="tenure" free="3926704" total="8388608" percent="46">
      <mem type="soa" free="3843760" total="8305664" percent="46" />
      <mem type="loa" free="82944" total="82944" percent="100" />
    </mem>
  </mem-info>
</gc-end>
<cycle-end id="364" type="global" contextid="355" timestamp="2019-08-02T19:06:38.255" />
  <attribute name="elasticGC enabled" value="1" />
  <attribute name= "numThreadsSpecified" value="0" />
  <attribute name="heapSize specified" value="8388608" />
  <attribute name= "numCores" value="8" />
  <attribute name ="GC Interval" value="0" />
  <attribute name ="Control flow" value="3" />
  <attribute name="GC Util Range Max" value="103" />
  <attribute name="Current GC Util" value="30" />
  <attribute name= "Current Time Running" value="1692" />
<allocation-satisfied id="365" threadId="0000000000D62C00" bytesRequested="8200" />
<af-end id="366" timestamp="2019-08-02T19:06:38.255" threadId="0000000000D63588" success="true" />
<exclusive-end id="367" timestamp="2019-08-02T19:06:38.255" durationms="8.011" />

<exclusive-start id="368" timestamp="2019-08-02T19:06:38.326" intervalms="78.673">
  <response-info timems="0.060" idlems="0.060" threads="0" lastid="0000000000D6DF00" lastname="Thread-7" />
</exclusive-start>
<af-start id="369" threadId="0000000000D6E888" totalBytesRequested="2056" timestamp="2019-08-02T19:06:38.326" intervalms="78.700" />
<cycle-start id="370" type="global" contextid="0" timestamp="2019-08-02T19:06:38.326" intervalms="78.700" />
<gc-start id="371" type="global" contextid="370" timestamp="2019-08-02T19:06:38.326">
  <mem-info id="372" free="82944" total="8388608" percent="0">
    <mem type="tenure" free="82944" total="8388608" percent="0">
      <mem type="soa" free="0" total="8305664" percent="0" />
      <mem type="loa" free="82944" total="82944" percent="100" />
    </mem>
  </mem-info>
</gc-start>
<allocation-stats totalBytes="3827984" >
  <allocated-bytes non-tlh="196664" tlh="3631320" />
  <largest-consumer threadName="Thread-7" threadId="0000000000D6DF00" bytes="778456" />
</allocation-stats>
<gc-op id="373" type="mark" timems="2.401" contextid="370" timestamp="2019-08-02T19:06:38.328">
  <trace-info objectcount="40771" scancount="33039" scanbytes="2017676" />
  <finalization candidates="25" enqueued="0" />
  <references type="soft" candidates="65" cleared="0" enqueued="0" dynamicThreshold="14" maxThreshold="32" />
  <references type="weak" candidates="283" cleared="0" enqueued="0" />
  <references type="phantom" candidates="107" cleared="0" enqueued="0" />
  <stringconstants candidates="3944" cleared="0"  />
</gc-op>
<gc-op id="374" type="sweep" timems="1.300" contextid="370" timestamp="2019-08-02T19:06:38.330" />
<mem-info id="375" free="4015712" total="8388608" percent="47">
  <mem type="tenure" free="4015712" total="8388608" percent="47" micro-fragmented="14951" macro-fragmented="0">
    <mem type="soa" free="3932768" total="8305664" percent="47" />
    <mem type="loa" free="82944" total="82944" percent="100" />
  </mem>
</mem-info>
<gc-op id="376" type="compact" timems="7.853" contextid="370" timestamp="2019-08-02T19:06:38.338">
  <compact-info movecount="12858" movebytes="2442560" reason="no compaction" />
</gc-op>
<gc-end id="377" type="global" contextid="370" durationms="12.605" usertimems="24.000" systemtimems="8.000" timestamp="2019-08-02T19:06:38.338" activeThreads="8">
  <mem-info id="378" free="3984104" total="8388608" percent="47">
    <mem type="tenure" free="3984104" total="8388608" percent="47">
      <mem type="soa" free="3901160" total="8305664" percent="46" />
      <mem type="loa" free="82944" total="82944" percent="100" />
    </mem>
  </mem-info>
</gc-end>
<cycle-end id="379" type="global" contextid="370" timestamp="2019-08-02T19:06:38.339" />
  <attribute name="elasticGC enabled" value="1" />
  <attribute name= "numThreadsSpecified" value="0" />
  <attribute name="heapSize specified" value="8388608" />
  <attribute name= "numCores" value="8" />
  <attribute name ="GC Interval" value="0" />
  <attribute name ="Control flow" value="3" />
  <attribute name="GC Util Range Max" value="103" />
  <attribute name="Current GC Util" value="78" />
  <attribute name= "Current Time Running" value="1775" />
<allocation-satisfied id="380" threadId="0000000000D6DF00" bytesRequested="2056" />
<af-end id="381" timestamp="2019-08-02T19:06:38.339" threadId="0000000000D6E888" success="true" />
<exclusive-end id="382" timestamp="2019-08-02T19:06:38.339" durationms="13.369" />

<exclusive-start id="383" timestamp="2019-08-02T19:06:38.394" intervalms="67.920">
  <response-info timems="0.063" idlems="0.063" threads="0" lastid="0000000000D66800" lastname="Thread-5" />
</exclusive-start>
<af-start id="384" threadId="0000000000D67188" totalBytesRequested="16392" timestamp="2019-08-02T19:06:38.394" intervalms="67.949" />
<cycle-start id="385" type="global" contextid="0" timestamp="2019-08-02T19:06:38.394" intervalms="67.948" />
<gc-start id="386" type="global" contextid="385" timestamp="2019-08-02T19:06:38.394">
  <mem-info id="387" free="82944" total="8388608" percent="0">
    <mem type="tenure" free="82944" total="8388608" percent="0">
      <mem type="soa" free="0" total="8305664" percent="0" />
      <mem type="loa" free="82944" total="82944" percent="100" />
    </mem>
  </mem-info>
</gc-start>
<allocation-stats totalBytes="3889808" >
  <allocated-bytes non-tlh="98328" tlh="3791480" />
  <largest-consumer threadName="Thread-6" threadId="0000000000D6A300" bytes="1040056" />
</allocation-stats>
<gc-op id="388" type="mark" timems="2.896" contextid="385" timestamp="2019-08-02T19:06:38.397">
  <trace-info objectcount="40440" scancount="32690" scanbytes="1906360" />
  <finalization candidates="25" enqueued="0" />
  <references type="soft" candidates="65" cleared="0" enqueued="0" dynamicThreshold="15" maxThreshold="32" />
  <references type="weak" candidates="283" cleared="0" enqueued="0" />
  <references type="phantom" candidates="106" cleared="0" enqueued="0" />
  <stringconstants candidates="3944" cleared="0"  />
</gc-op>
<gc-op id="389" type="sweep" timems="1.776" contextid="385" timestamp="2019-08-02T19:06:38.399" />
<mem-info id="390" free="4285192" total="8388608" percent="51">
  <mem type="tenure" free="4285192" total="8388608" percent="51" micro-fragmented="2569" macro-fragmented="0">
    <mem type="soa" free="4202248" total="8305664" percent="50" />
    <mem type="loa" free="82944" total="82944" percent="100" />
  </mem>
</mem-info>
<gc-op id="391" type="compact" timems="9.321" contextid="385" timestamp="2019-08-02T19:06:38.408">
  <compact-info movecount="12527" movebytes="2170312" reason="no compaction" />
</gc-op>
<gc-end id="392" type="global" contextid="385" durationms="15.283" usertimems="16.000" systemtimems="8.000" timestamp="2019-08-02T19:06:38.409" activeThreads="8">
  <mem-info id="393" free="4260448" total="8388608" percent="50">
    <mem type="tenure" free="4260448" total="8388608" percent="50">
      <mem type="soa" free="4177504" total="8305664" percent="50" />
      <mem type="loa" free="82944" total="82944" percent="100" />
    </mem>
  </mem-info>
</gc-end>
<cycle-end id="394" type="global" contextid="385" timestamp="2019-08-02T19:06:38.409" />
  <attribute name="elasticGC enabled" value="1" />
  <attribute name= "numThreadsSpecified" value="0" />
  <attribute name="heapSize specified" value="8388608" />
  <attribute name= "numCores" value="8" />
  <attribute name ="GC Interval" value="0" />
  <attribute name ="Control flow" value="3" />
  <attribute name="GC Util Range Max" value="103" />
  <attribute name="Current GC Util" value="91" />
  <attribute name= "Current Time Running" value="1846" />
<allocation-satisfied id="395" threadId="0000000000D66800" bytesRequested="16392" />
<af-end id="396" timestamp="2019-08-02T19:06:38.410" threadId="0000000000D67188" success="true" />
<exclusive-end id="397" timestamp="2019-08-02T19:06:38.410" durationms="16.114" />

<exclusive-start id="398" timestamp="2019-08-02T19:06:38.461" intervalms="67.720">
  <response-info timems="0.044" idlems="0.044" threads="0" lastid="0000000000D79300" lastname="Thread-10" />
</exclusive-start>
<af-start id="399" threadId="0000000000D79C88" totalBytesRequested="8200" timestamp="2019-08-02T19:06:38.461" intervalms="67.693" />
<cycle-start id="400" type="global" contextid="0" timestamp="2019-08-02T19:06:38.461" intervalms="67.708" />
<gc-start id="401" type="global" contextid="400" timestamp="2019-08-02T19:06:38.462">
  <mem-info id="402" free="82944" total="8388608" percent="0">
    <mem type="tenure" free="82944" total="8388608" percent="0">
      <mem type="soa" free="0" total="8305664" percent="0" />
      <mem type="loa" free="82944" total="82944" percent="100" />
    </mem>
  </mem-info>
</gc-start>
<allocation-stats totalBytes="4132456" >
  <allocated-bytes non-tlh="163880" tlh="3968576" />
  <largest-consumer threadName="Thread-8" threadId="0000000000D71B00" bytes="1115440" />
</allocation-stats>
<gc-op id="403" type="mark" timems="1.299" contextid="400" timestamp="2019-08-02T19:06:38.463">
  <trace-info objectcount="40842" scancount="33101" scanbytes="2024124" />
  <finalization candidates="25" enqueued="0" />
  <references type="soft" candidates="65" cleared="0" enqueued="0" dynamicThreshold="16" maxThreshold="32" />
  <references type="weak" candidates="283" cleared="0" enqueued="0" />
  <references type="phantom" candidates="107" cleared="0" enqueued="0" />
  <stringconstants candidates="3944" cleared="0"  />
</gc-op>
<gc-op id="404" type="sweep" timems="0.276" contextid="400" timestamp="2019-08-02T19:06:38.463" />
<mem-info id="405" free="4043256" total="8388608" percent="48">
  <mem type="tenure" free="4043256" total="8388608" percent="48" micro-fragmented="27407" macro-fragmented="0">
    <mem type="soa" free="3960312" total="8305664" percent="47" />
    <mem type="loa" free="82944" total="82944" percent="100" />
  </mem>
</mem-info>
<gc-op id="406" type="compact" timems="5.775" contextid="400" timestamp="2019-08-02T19:06:38.469">
  <compact-info movecount="12929" movebytes="2409704" reason="no compaction" />
</gc-op>
<gc-end id="407" type="global" contextid="400" durationms="8.102" usertimems="12.000" systemtimems="4.000" timestamp="2019-08-02T19:06:38.470" activeThreads="8">
  <mem-info id="408" free="4025152" total="8388608" percent="47">
    <mem type="tenure" free="4025152" total="8388608" percent="47">
      <mem type="soa" free="3942208" total="8305664" percent="47" />
      <mem type="loa" free="82944" total="82944" percent="100" />
    </mem>
  </mem-info>
</gc-end>
<cycle-end id="409" type="global" contextid="400" timestamp="2019-08-02T19:06:38.470" />
  <attribute name="elasticGC enabled" value="1" />
  <attribute name= "numThreadsSpecified" value="0" />
  <attribute name="heapSize specified" value="8388608" />
  <attribute name= "numCores" value="8" />
  <attribute name ="GC Interval" value="0" />
  <attribute name ="Control flow" value="3" />
  <attribute name="GC Util Range Max" value="103" />
  <attribute name="Current GC Util" value="26" />
  <attribute name= "Current Time Running" value="1907" />
<allocation-satisfied id="410" threadId="0000000000D79300" bytesRequested="8200" />
<af-end id="411" timestamp="2019-08-02T19:06:38.470" threadId="0000000000D79C88" success="true" />
<exclusive-end id="412" timestamp="2019-08-02T19:06:38.470" durationms="9.101" />

<exclusive-start id="413" timestamp="2019-08-02T19:06:38.538" intervalms="76.462">
  <response-info timems="0.391" idlems="0.360" threads="1" lastid="0000000000D6DF00" lastname="Thread-7" />
</exclusive-start>
<af-start id="414" threadId="0000000000D76088" totalBytesRequested="48" timestamp="2019-08-02T19:06:38.538" intervalms="76.417" />
<cycle-start id="415" type="global" contextid="0" timestamp="2019-08-02T19:06:38.538" intervalms="76.401" />
<gc-start id="416" type="global" contextid="415" timestamp="2019-08-02T19:06:38.538">
  <mem-info id="417" free="82944" total="8388608" percent="0">
    <mem type="tenure" free="82944" total="8388608" percent="0">
      <mem type="soa" free="0" total="8305664" percent="0" />
      <mem type="loa" free="82944" total="82944" percent="100" />
    </mem>
  </mem-info>
</gc-start>
<allocation-stats totalBytes="3992144" >
  <allocated-bytes non-tlh="65552" tlh="3926592" />
  <largest-consumer threadName="Thread-7" threadId="0000000000D6DF00" bytes="805504" />
</allocation-stats>
<gc-op id="418" type="mark" timems="1.143" contextid="415" timestamp="2019-08-02T19:06:38.539">
  <trace-info objectcount="41411" scancount="33558" scanbytes="2036512" />
  <finalization candidates="25" enqueued="0" />
  <references type="soft" candidates="65" cleared="0" enqueued="0" dynamicThreshold="15" maxThreshold="32" />
  <references type="weak" candidates="283" cleared="0" enqueued="0" />
  <references type="phantom" candidates="107" cleared="0" enqueued="0" />
  <stringconstants candidates="3944" cleared="0"  />
</gc-op>
<gc-op id="419" type="sweep" timems="0.320" contextid="415" timestamp="2019-08-02T19:06:38.540" />
<mem-info id="420" free="3918912" total="8388608" percent="46">
  <mem type="tenure" free="3918912" total="8388608" percent="46" micro-fragmented="26412" macro-fragmented="0">
    <mem type="soa" free="3835968" total="8305664" percent="46" />
    <mem type="loa" free="82944" total="82944" percent="100" />
  </mem>
</mem-info>
<gc-op id="421" type="compact" timems="5.326" contextid="415" timestamp="2019-08-02T19:06:38.545">
  <compact-info movecount="13498" movebytes="2534696" reason="no compaction" />
</gc-op>
<gc-end id="422" type="global" contextid="415" durationms="7.624" usertimems="12.000" systemtimems="0.000" timestamp="2019-08-02T19:06:38.546" activeThreads="8">
  <mem-info id="423" free="3896064" total="8388608" percent="46">
    <mem type="tenure" free="3896064" total="8388608" percent="46">
      <mem type="soa" free="3813120" total="8305664" percent="45" />
      <mem type="loa" free="82944" total="82944" percent="100" />
    </mem>
  </mem-info>
</gc-end>
<cycle-end id="424" type="global" contextid="415" timestamp="2019-08-02T19:06:38.546" />
  <attribute name="elasticGC enabled" value="1" />
  <attribute name= "numThreadsSpecified" value="0" />
  <attribute name="heapSize specified" value="8388608" />
  <attribute name= "numCores" value="8" />
  <attribute name ="GC Interval" value="0" />
  <attribute name ="Control flow" value="3" />
  <attribute name="GC Util Range Max" value="103" />
  <attribute name="Current GC Util" value="103" />
  <attribute name= "Current Time Running" value="1983" />
<allocation-satisfied id="425" threadId="0000000000D75700" bytesRequested="48" />
<af-end id="426" timestamp="2019-08-02T19:06:38.546" threadId="0000000000D76088" success="true" />
<exclusive-end id="427" timestamp="2019-08-02T19:06:38.546" durationms="8.486" />

<exclusive-start id="428" timestamp="2019-08-02T19:06:38.593" intervalms="55.418">
  <response-info timems="0.054" idlems="0.054" threads="0" lastid="0000000000D6A300" lastname="Thread-6" />
</exclusive-start>
<af-start id="429" threadId="0000000000D6AC88" totalBytesRequested="16" timestamp="2019-08-02T19:06:38.593" intervalms="55.428" />
<cycle-start id="430" type="global" contextid="0" timestamp="2019-08-02T19:06:38.593" intervalms="55.428" />
<gc-start id="431" type="global" contextid="430" timestamp="2019-08-02T19:06:38.593">
  <mem-info id="432" free="82944" total="8388608" percent="0">
    <mem type="tenure" free="82944" total="8388608" percent="0">
      <mem type="soa" free="0" total="8305664" percent="0" />
      <mem type="loa" free="82944" total="82944" percent="100" />
    </mem>
  </mem-info>
</gc-start>
<allocation-stats totalBytes="3779072" >
  <allocated-bytes non-tlh="245824" tlh="3533248" />
  <largest-consumer threadName="Thread-8" threadId="0000000000D71B00" bytes="893776" />
</allocation-stats>
<gc-op id="433" type="mark" timems="1.047" contextid="430" timestamp="2019-08-02T19:06:38.595">
  <trace-info objectcount="39409" scancount="31901" scanbytes="1811272" />
  <finalization candidates="25" enqueued="0" />
  <references type="soft" candidates="63" cleared="0" enqueued="0" dynamicThreshold="14" maxThreshold="32" />
  <references type="weak" candidates="273" cleared="0" enqueued="0" />
  <references type="phantom" candidates="106" cleared="4" enqueued="4" />
  <stringconstants candidates="3944" cleared="0"  />
</gc-op>
<gc-op id="434" type="sweep" timems="0.232" contextid="430" timestamp="2019-08-02T19:06:38.595" />
<mem-info id="435" free="4426424" total="8388608" percent="52">
  <mem type="tenure" free="4426424" total="8388608" percent="52" micro-fragmented="10246" macro-fragmented="0">
    <mem type="soa" free="4343480" total="8305664" percent="52" />
    <mem type="loa" free="82944" total="82944" percent="100" />
  </mem>
  <pending-finalizers system="0" default="0" reference="4" classloader="0" />
</mem-info>
<gc-op id="436" type="compact" timems="4.776" contextid="430" timestamp="2019-08-02T19:06:38.600">
  <compact-info movecount="11692" movebytes="2035488" reason="no compaction" />
</gc-op>
<gc-end id="437" type="global" contextid="430" durationms="6.726" usertimems="16.000" systemtimems="4.000" timestamp="2019-08-02T19:06:38.600" activeThreads="8">
  <mem-info id="438" free="4412712" total="8388608" percent="52">
    <mem type="tenure" free="4412712" total="8388608" percent="52">
      <mem type="soa" free="4329768" total="8305664" percent="52" />
      <mem type="loa" free="82944" total="82944" percent="100" />
    </mem>
    <pending-finalizers system="0" default="0" reference="4" classloader="0" />
  </mem-info>
</gc-end>
<cycle-end id="439" type="global" contextid="430" timestamp="2019-08-02T19:06:38.600" />
  <attribute name="elasticGC enabled" value="1" />
  <attribute name= "numThreadsSpecified" value="0" />
  <attribute name="heapSize specified" value="8388608" />
  <attribute name= "numCores" value="8" />
  <attribute name ="GC Interval" value="0" />
  <attribute name ="Control flow" value="3" />
  <attribute name="GC Util Range Max" value="103" />
  <attribute name="Current GC Util" value="30" />
  <attribute name= "Current Time Running" value="2037" />
<allocation-satisfied id="440" threadId="0000000000D6A300" bytesRequested="16" />
<af-end id="441" timestamp="2019-08-02T19:06:38.601" threadId="0000000000D6AC88" success="true" />
<exclusive-end id="442" timestamp="2019-08-02T19:06:38.601" durationms="7.511" />

</verbosegc>

