<?xml version="1.0" ?>

<verbosegc xmlns="http://www.ibm.com/j9/verbosegc" version="08cc62e_CMPRSS">

<initialized id="1" timestamp="2019-08-02T19:06:13.252">
  <attribute name="gcPolicy" value="-Xgcpolicy:optthruput" />
  <attribute name="elasticGC enabled" value="1" />
  <attribute name= "numThreadsSpecified" value="0" />
  <attribute name="heapSize specified" value="0" />
  <attribute name= "numCores" value="0" />
  <attribute name ="GC Interval" value="0" />
  <attribute name="GC Util Range Max" value="0" />
  <attribute name="Current GC Util" value="0" />
  <attribute name= "Current Time Running" value="0" />
  <attribute name="maxHeapSize" value="0x7cba0000" />
  <attribute name="initialHeapSize" value="0x800000" />
  <attribute name="compressedRefs" value="true" />
  <attribute name="compressedRefsDisplacement" value="0x0" />
  <attribute name="compressedRefsShift" value="0x0" />
  <attribute name="pageSize" value="0x1000" />
  <attribute name="pageType" value="not used" />
  <attribute name="requestedPageSize" value="0x1000" />
  <attribute name="requestedPageType" value="not used" />
  <attribute name="gcthreads" value="8" />
  <attribute name="packetListSplit" value="8" />
  <attribute name="cacheListSplit" value="8" />
  <attribute name="splitFreeListSplitAmount" value="1" />
  <attribute name="numaNodes" value="0" />
  <system>
    <attribute name="physicalMemory" value="8370401280" />
    <attribute name="numCPUs" value="8" />
    <attribute name="architecture" value="amd64" />
    <attribute name="os" value="Linux" />
    <attribute name="osVersion" value="4.4.0-154-generic" />
  </system>
  <vmargs>
    <vmarg name="-Xoptionsfile=/vagrant/jdk/lib/options.default" />
    <vmarg name="-Xlockword:mode=default,noLockword=java/lang/String,noLockword=java/util/MapEntry,noLockword=java/util/HashMap$Entry,noLockword..." />
    <vmarg name="-Xjcl:jclse29" />
    <vmarg name="-Dcom.ibm.oti.vm.bootstrap.library.path=/vagrant/jdk/lib/compressedrefs:/vagrant/jdk/lib" />
    <vmarg name="-Dsun.boot.library.path=/vagrant/jdk/lib/compressedrefs:/vagrant/jdk/lib" />
    <vmarg name="-Djava.library.path=/vagrant/jdk/lib/compressedrefs:/vagrant/jdk/lib:/usr/lib64:/usr/lib" />
    <vmarg name="-Djava.home=/vagrant/jdk" />
    <vmarg name="-Duser.dir=/vagrant" />
    <vmarg name="-Xgcpolicy:optthruput" />
    <vmarg name="-Xgcelastic" />
    <vmarg name="-Xcheck:gc:::elasticGC" />
    <vmarg name="-verbose:gc" />
    <vmarg name="-Xloggc:jdkA-small-OTT-8core-verbose3xalan.txt" />
    <vmarg name="-Djava.class.path=dacapo-9.12-MR1-bach.jar" />
    <vmarg name="-Dsun.java.command=dacapo-9.12-MR1-bach.jar xalan --size=small" />
    <vmarg name="-Dsun.java.launcher=SUN_STANDARD" />
    <vmarg name="-Dsun.java.launcher.pid=9342" />
  </vmargs>
</initialized>

<exclusive-start id="2" timestamp="2019-08-02T19:06:13.836" intervalms="583.491">
  <response-info timems="0.051" idlems="0.051" threads="0" lastid="000000000169BA00" lastname="main" />
</exclusive-start>
<af-start id="3" threadId="000000000169C388" totalBytesRequested="88" timestamp="2019-08-02T19:06:13.836" intervalms="583.829" />
<cycle-start id="4" type="global" contextid="0" timestamp="2019-08-02T19:06:13.836" intervalms="584.021" />
<gc-start id="5" type="global" contextid="4" timestamp="2019-08-02T19:06:13.837">
  <mem-info id="6" free="418816" total="8388608" percent="4">
    <mem type="tenure" free="418816" total="8388608" percent="4">
      <mem type="soa" free="0" total="7969792" percent="0" />
      <mem type="loa" free="418816" total="418816" percent="100" />
    </mem>
  </mem-info>
</gc-start>
<allocation-stats totalBytes="7884560" >
  <allocated-bytes non-tlh="758040" tlh="7126520" />
  <largest-consumer threadName="main" threadId="000000000169BA00" bytes="7795520" />
</allocation-stats>
<gc-op id="7" type="mark" timems="2.047" contextid="4" timestamp="2019-08-02T19:06:13.839">
  <trace-info objectcount="21494" scancount="17514" scanbytes="561384" />
  <finalization candidates="15" enqueued="1" />
  <references type="soft" candidates="74" cleared="0" enqueued="0" dynamicThreshold="32" maxThreshold="32" />
  <references type="weak" candidates="575" cleared="432" enqueued="393" />
  <references type="phantom" candidates="127" cleared="44" enqueued="44" />
  <stringconstants candidates="2930" cleared="0"  />
</gc-op>
<gc-op id="8" type="classunload" timems="0.065" contextid="4" timestamp="2019-08-02T19:06:13.839">
  <classunload-info classloadercandidates="6" classloadersunloaded="0" classesunloaded="0" anonymousclassesunloaded="0" quiescems="0.000" setupms="0.065" scanms="0.000" postms="0.000" />
</gc-op>
<gc-op id="9" type="sweep" timems="0.515" contextid="4" timestamp="2019-08-02T19:06:13.840" />
<mem-info id="10" free="6518928" total="8388608" percent="77">
  <mem type="tenure" free="6518928" total="8388608" percent="77" micro-fragmented="191475" macro-fragmented="0">
    <mem type="soa" free="6100112" total="7969792" percent="76" />
    <mem type="loa" free="418816" total="418816" percent="100" />
  </mem>
  <pending-finalizers system="1" default="0" reference="437" classloader="0" />
</mem-info>
<gc-op id="11" type="compact" timems="4.521" contextid="4" timestamp="2019-08-02T19:06:13.844">
  <compact-info movecount="21493" movebytes="1539184" reason="no compaction" />
</gc-op>
<gc-end id="12" type="global" contextid="4" durationms="8.282" usertimems="8.000" systemtimems="0.000" timestamp="2019-08-02T19:06:13.845" activeThreads="8">
  <mem-info id="13" free="6849248" total="8388608" percent="81">
    <mem type="tenure" free="6849248" total="8388608" percent="81">
      <mem type="soa" free="6430432" total="7969792" percent="80" />
      <mem type="loa" free="418816" total="418816" percent="100" />
    </mem>
    <pending-finalizers system="1" default="0" reference="437" classloader="0" />
  </mem-info>
</gc-end>
<cycle-end id="14" type="global" contextid="4" timestamp="2019-08-02T19:06:13.845" />
  <attribute name="elasticGC enabled" value="1" />
  <attribute name= "numThreadsSpecified" value="0" />
  <attribute name="heapSize specified" value="8388608" />
  <attribute name= "numCores" value="8" />
  <attribute name ="GC Interval" value="0" />
  <attribute name ="Control flow" value="3" />
  <attribute name="GC Util Range Max" value="97" />
  <attribute name="Current GC Util" value="37" />
  <attribute name= "Current Time Running" value="7" />
<allocation-satisfied id="15" threadId="000000000169BA00" bytesRequested="88" />
<af-end id="16" timestamp="2019-08-02T19:06:13.845" threadId="000000000169C388" success="true" />
<exclusive-end id="17" timestamp="2019-08-02T19:06:13.845" durationms="9.530" />

<exclusive-start id="18" timestamp="2019-08-02T19:06:14.067" intervalms="230.606">
  <response-info timems="0.031" idlems="0.023" threads="1" lastid="00000000019D8000" lastname="Thread-3" />
</exclusive-start>
<sys-start reason="explicit" id="19" timestamp="2019-08-02T19:06:14.067" intervalms="814.199" />
<cycle-start id="20" type="global" contextid="0" timestamp="2019-08-02T19:06:14.067" intervalms="230.246" />
<gc-start id="21" type="global" contextid="20" timestamp="2019-08-02T19:06:14.067">
  <mem-info id="22" free="707272" total="8388608" percent="8">
    <mem type="tenure" free="707272" total="8388608" percent="8">
      <mem type="soa" free="288456" total="7969792" percent="3" />
      <mem type="loa" free="418816" total="418816" percent="100" />
    </mem>
  </mem-info>
</gc-start>
<allocation-stats totalBytes="6108368" >
  <allocated-bytes non-tlh="137328" tlh="5971040" />
  <largest-consumer threadName="main" threadId="000000000169BA00" bytes="6071904" />
</allocation-stats>
<gc-op id="23" type="mark" timems="2.087" contextid="20" timestamp="2019-08-02T19:06:14.069">
  <trace-info objectcount="29603" scancount="23959" scanbytes="873896" />
  <finalization candidates="15" enqueued="0" />
  <references type="soft" candidates="133" cleared="0" enqueued="0" dynamicThreshold="26" maxThreshold="32" />
  <references type="weak" candidates="181" cleared="33" enqueued="33" />
  <references type="phantom" candidates="89" cleared="2" enqueued="2" />
  <stringconstants candidates="3535" cleared="22"  />
</gc-op>
<gc-op id="24" type="classunload" timems="0.002" contextid="20" timestamp="2019-08-02T19:06:14.069">
  <classunload-info classloadercandidates="19" classloadersunloaded="0" classesunloaded="0" anonymousclassesunloaded="0" quiescems="0.000" setupms="0.002" scanms="0.000" postms="0.000" />
</gc-op>
<gc-op id="25" type="sweep" timems="0.267" contextid="20" timestamp="2019-08-02T19:06:14.069" />
<mem-info id="26" free="6051248" total="8388608" percent="72">
  <mem type="tenure" free="6051248" total="8388608" percent="72" micro-fragmented="252277" macro-fragmented="0">
    <mem type="soa" free="5632432" total="7969792" percent="70" />
    <mem type="loa" free="418816" total="418816" percent="100" />
  </mem>
  <pending-finalizers system="0" default="0" reference="35" classloader="0" />
</mem-info>
<gc-op id="27" type="compact" timems="6.372" contextid="20" timestamp="2019-08-02T19:06:14.076">
  <compact-info movecount="28856" movebytes="1943528" reason="no compaction" />
</gc-op>
<gc-end id="28" type="global" contextid="20" durationms="9.366" usertimems="12.000" systemtimems="0.000" timestamp="2019-08-02T19:06:14.076" activeThreads="8">
  <mem-info id="29" free="6424280" total="8388608" percent="76">
    <mem type="tenure" free="6424280" total="8388608" percent="76">
      <mem type="soa" free="6005464" total="7969792" percent="75" />
      <mem type="loa" free="418816" total="418816" percent="100" />
    </mem>
    <pending-finalizers system="0" default="0" reference="35" classloader="0" />
  </mem-info>
</gc-end>
<cycle-end id="30" type="global" contextid="20" timestamp="2019-08-02T19:06:14.076" />
  <attribute name="elasticGC enabled" value="1" />
  <attribute name= "numThreadsSpecified" value="0" />
  <attribute name="heapSize specified" value="8388608" />
  <attribute name= "numCores" value="8" />
  <attribute name ="GC Interval" value="0" />
  <attribute name ="Control flow" value="3" />
  <attribute name="GC Util Range Max" value="97" />
  <attribute name="Current GC Util" value="33" />
  <attribute name= "Current Time Running" value="239" />
<sys-end id="31" timestamp="2019-08-02T19:06:14.076" />
<exclusive-end id="32" timestamp="2019-08-02T19:06:14.077" durationms="10.051" />

<exclusive-start id="33" timestamp="2019-08-02T19:06:14.182" intervalms="115.791">
  <response-info timems="0.042" idlems="0.042" threads="0" lastid="00000000019D8000" lastname="Thread-3" />
</exclusive-start>
<af-start id="34" threadId="00000000019D8988" totalBytesRequested="88" timestamp="2019-08-02T19:06:14.182" intervalms="346.226" />
<cycle-start id="35" type="global" contextid="0" timestamp="2019-08-02T19:06:14.183" intervalms="115.896" />
<gc-start id="36" type="global" contextid="35" timestamp="2019-08-02T19:06:14.183">
  <mem-info id="37" free="418816" total="8388608" percent="4">
    <mem type="tenure" free="418816" total="8388608" percent="4">
      <mem type="soa" free="0" total="7969792" percent="0" />
      <mem type="loa" free="418816" total="418816" percent="100" />
    </mem>
  </mem-info>
</gc-start>
<allocation-stats totalBytes="5973192" >
  <allocated-bytes non-tlh="656992" tlh="5316200" />
  <largest-consumer threadName="Thread-3" threadId="00000000019D8000" bytes="1455944" />
</allocation-stats>
<gc-op id="38" type="mark" timems="1.978" contextid="35" timestamp="2019-08-02T19:06:14.185">
  <trace-info objectcount="41638" scancount="33378" scanbytes="1957976" />
  <finalization candidates="29" enqueued="4" />
  <references type="soft" candidates="164" cleared="0" enqueued="0" dynamicThreshold="24" maxThreshold="32" />
  <references type="weak" candidates="276" cleared="22" enqueued="22" />
  <references type="phantom" candidates="112" cleared="2" enqueued="2" />
  <stringconstants candidates="3838" cleared="0"  />
</gc-op>
<gc-op id="39" type="classunload" timems="0.246" contextid="35" timestamp="2019-08-02T19:06:14.185">
  <classunload-info classloadercandidates="19" classloadersunloaded="0" classesunloaded="6" anonymousclassesunloaded="6" quiescems="0.000" setupms="0.241" scanms="0.004" postms="0.001" />
</gc-op>
<gc-op id="40" type="sweep" timems="0.240" contextid="35" timestamp="2019-08-02T19:06:14.186" />
<mem-info id="41" free="4435296" total="8388608" percent="52">
  <mem type="tenure" free="4435296" total="8388608" percent="52" micro-fragmented="214457" macro-fragmented="0">
    <mem type="soa" free="4016480" total="7969792" percent="50" />
    <mem type="loa" free="418816" total="418816" percent="100" />
  </mem>
  <pending-finalizers system="4" default="0" reference="24" classloader="0" />
</mem-info>
<gc-op id="42" type="compact" timems="9.108" contextid="35" timestamp="2019-08-02T19:06:14.195">
  <compact-info movecount="40957" movebytes="3685952" reason="no compaction" />
</gc-op>
<gc-end id="43" type="global" contextid="35" durationms="12.886" usertimems="8.000" systemtimems="4.000" timestamp="2019-08-02T19:06:14.196" activeThreads="8">
  <mem-info id="44" free="4683920" total="8388608" percent="55">
    <mem type="tenure" free="4683920" total="8388608" percent="55">
      <mem type="soa" free="4265104" total="7969792" percent="53" />
      <mem type="loa" free="418816" total="418816" percent="100" />
    </mem>
    <pending-finalizers system="4" default="0" reference="24" classloader="0" />
  </mem-info>
</gc-end>
<cycle-end id="45" type="global" contextid="35" timestamp="2019-08-02T19:06:14.196" />
  <attribute name="elasticGC enabled" value="1" />
  <attribute name= "numThreadsSpecified" value="0" />
  <attribute name="heapSize specified" value="8388608" />
  <attribute name= "numCores" value="8" />
  <attribute name ="GC Interval" value="0" />
  <attribute name ="Control flow" value="3" />
  <attribute name="GC Util Range Max" value="97" />
  <attribute name="Current GC Util" value="22" />
  <attribute name= "Current Time Running" value="358" />
<allocation-satisfied id="46" threadId="00000000019D8000" bytesRequested="88" />
<af-end id="47" timestamp="2019-08-02T19:06:14.196" threadId="00000000019D8988" success="true" />
<exclusive-end id="48" timestamp="2019-08-02T19:06:14.196" durationms="13.737" />

<exclusive-start id="49" timestamp="2019-08-02T19:06:14.316" intervalms="133.887">
  <response-info timems="0.053" idlems="0.053" threads="0" lastid="00000000019E6F00" lastname="Thread-7" />
</exclusive-start>
<af-start id="50" threadId="00000000019E7888" totalBytesRequested="16392" timestamp="2019-08-02T19:06:14.316" intervalms="133.823" />
<cycle-start id="51" type="global" contextid="0" timestamp="2019-08-02T19:06:14.316" intervalms="133.780" />
<gc-start id="52" type="global" contextid="51" timestamp="2019-08-02T19:06:14.316">
  <mem-info id="53" free="418816" total="8388608" percent="4">
    <mem type="tenure" free="418816" total="8388608" percent="4">
      <mem type="soa" free="0" total="7969792" percent="0" />
      <mem type="loa" free="418816" total="418816" percent="100" />
    </mem>
  </mem-info>
</gc-start>
<allocation-stats totalBytes="4162912" >
  <allocated-bytes non-tlh="44976" tlh="4117936" />
  <largest-consumer threadName="Thread-6" threadId="00000000019E3300" bytes="916464" />
</allocation-stats>
<gc-op id="54" type="mark" timems="1.754" contextid="51" timestamp="2019-08-02T19:06:14.318">
  <trace-info objectcount="44497" scancount="35842" scanbytes="2032920" />
  <finalization candidates="25" enqueued="0" />
  <references type="soft" candidates="168" cleared="0" enqueued="0" dynamicThreshold="17" maxThreshold="32" />
  <references type="weak" candidates="294" cleared="11" enqueued="9" />
  <references type="phantom" candidates="103" cleared="0" enqueued="0" />
  <stringconstants candidates="3960" cleared="0"  />
</gc-op>
<gc-op id="55" type="sweep" timems="0.226" contextid="51" timestamp="2019-08-02T19:06:14.319" />
<mem-info id="56" free="4075376" total="8388608" percent="48">
  <mem type="tenure" free="4075376" total="8388608" percent="48" micro-fragmented="94998" macro-fragmented="0">
    <mem type="soa" free="3656560" total="7969792" percent="45" />
    <mem type="loa" free="418816" total="418816" percent="100" />
  </mem>
  <pending-finalizers system="0" default="0" reference="9" classloader="0" />
</mem-info>
<gc-op id="57" type="compact" timems="7.572" contextid="51" timestamp="2019-08-02T19:06:14.326">
  <compact-info movecount="30141" movebytes="3543680" reason="no compaction" />
</gc-op>
<gc-end id="58" type="global" contextid="51" durationms="10.211" usertimems="12.000" systemtimems="0.000" timestamp="2019-08-02T19:06:14.327" activeThreads="8">
  <mem-info id="59" free="4156984" total="8388608" percent="49">
    <mem type="tenure" free="4156984" total="8388608" percent="49">
      <mem type="soa" free="3738168" total="7969792" percent="46" />
      <mem type="loa" free="418816" total="418816" percent="100" />
    </mem>
    <pending-finalizers system="0" default="0" reference="9" classloader="0" />
  </mem-info>
</gc-end>
<cycle-end id="60" type="global" contextid="51" timestamp="2019-08-02T19:06:14.327" />
  <attribute name="elasticGC enabled" value="1" />
  <attribute name= "numThreadsSpecified" value="0" />
  <attribute name="heapSize specified" value="8388608" />
  <attribute name= "numCores" value="8" />
  <attribute name ="GC Interval" value="0" />
  <attribute name ="Control flow" value="3" />
  <attribute name="GC Util Range Max" value="97" />
  <attribute name="Current GC Util" value="21" />
  <attribute name= "Current Time Running" value="489" />
<allocation-satisfied id="61" threadId="00000000019E6F00" bytesRequested="16392" />
<af-end id="62" timestamp="2019-08-02T19:06:14.327" threadId="00000000019E7888" success="true" />
<exclusive-end id="63" timestamp="2019-08-02T19:06:14.327" durationms="10.999" />

<exclusive-start id="64" timestamp="2019-08-02T19:06:14.390" intervalms="73.859">
  <response-info timems="0.045" idlems="0.045" threads="0" lastid="00000000019F2300" lastname="Thread-10" />
</exclusive-start>
<af-start id="65" threadId="00000000019F2C88" totalBytesRequested="16392" timestamp="2019-08-02T19:06:14.390" intervalms="73.933" />
<cycle-start id="66" type="global" contextid="0" timestamp="2019-08-02T19:06:14.390" intervalms="73.933" />
<gc-start id="67" type="global" contextid="66" timestamp="2019-08-02T19:06:14.390">
  <mem-info id="68" free="418816" total="8388608" percent="4">
    <mem type="tenure" free="418816" total="8388608" percent="4">
      <mem type="soa" free="0" total="7969792" percent="0" />
      <mem type="loa" free="418816" total="418816" percent="100" />
    </mem>
  </mem-info>
</gc-start>
<allocation-stats totalBytes="3708936" >
  <allocated-bytes non-tlh="98432" tlh="3610504" />
  <largest-consumer threadName="Thread-7" threadId="00000000019E6F00" bytes="1004280" />
</allocation-stats>
<gc-op id="69" type="mark" timems="4.613" contextid="66" timestamp="2019-08-02T19:06:14.395">
  <trace-info objectcount="43520" scancount="35199" scanbytes="2025556" />
  <finalization candidates="25" enqueued="0" />
  <references type="soft" candidates="168" cleared="0" enqueued="0" dynamicThreshold="15" maxThreshold="32" />
  <references type="weak" candidates="283" cleared="0" enqueued="0" />
  <references type="phantom" candidates="102" cleared="0" enqueued="0" />
  <stringconstants candidates="3963" cleared="0"  />
</gc-op>
<gc-op id="70" type="sweep" timems="0.708" contextid="66" timestamp="2019-08-02T19:06:14.396" />
<mem-info id="71" free="4014352" total="8388608" percent="47">
  <mem type="tenure" free="4014352" total="8388608" percent="47" micro-fragmented="49947" macro-fragmented="0">
    <mem type="soa" free="3595536" total="7969792" percent="45" />
    <mem type="loa" free="418816" total="418816" percent="100" />
  </mem>
</mem-info>
<gc-op id="72" type="compact" timems="6.676" contextid="66" timestamp="2019-08-02T19:06:14.403">
  <compact-info movecount="16906" movebytes="2466848" reason="no compaction" />
</gc-op>
<gc-end id="73" type="global" contextid="66" durationms="12.904" usertimems="12.000" systemtimems="4.000" timestamp="2019-08-02T19:06:14.403" activeThreads="8">
  <mem-info id="74" free="4031040" total="8388608" percent="48">
    <mem type="tenure" free="4031040" total="8388608" percent="48">
      <mem type="soa" free="3612224" total="7969792" percent="45" />
      <mem type="loa" free="418816" total="418816" percent="100" />
    </mem>
  </mem-info>
</gc-end>
<cycle-end id="75" type="global" contextid="66" timestamp="2019-08-02T19:06:14.403" />
  <attribute name="elasticGC enabled" value="1" />
  <attribute name= "numThreadsSpecified" value="0" />
  <attribute name="heapSize specified" value="8388608" />
  <attribute name= "numCores" value="8" />
  <attribute name ="GC Interval" value="0" />
  <attribute name ="Control flow" value="3" />
  <attribute name="GC Util Range Max" value="97" />
  <attribute name="Current GC Util" value="51" />
  <attribute name= "Current Time Running" value="566" />
<allocation-satisfied id="76" threadId="00000000019F2300" bytesRequested="16392" />
<af-end id="77" timestamp="2019-08-02T19:06:14.404" threadId="00000000019F2C88" success="true" />
<exclusive-end id="78" timestamp="2019-08-02T19:06:14.404" durationms="13.697" />

<exclusive-start id="79" timestamp="2019-08-02T19:06:14.476" intervalms="85.880">
  <response-info timems="0.042" idlems="0.022" threads="1" lastid="00000000016A3200" lastname="JIT Compilation Thread-1" />
</exclusive-start>
<af-start id="80" threadId="00000000019DC588" totalBytesRequested="48" timestamp="2019-08-02T19:06:14.476" intervalms="85.887" />
<cycle-start id="81" type="global" contextid="0" timestamp="2019-08-02T19:06:14.476" intervalms="85.893" />
<gc-start id="82" type="global" contextid="81" timestamp="2019-08-02T19:06:14.476">
  <mem-info id="83" free="418816" total="8388608" percent="4">
    <mem type="tenure" free="418816" total="8388608" percent="4">
      <mem type="soa" free="0" total="7969792" percent="0" />
      <mem type="loa" free="418816" total="418816" percent="100" />
    </mem>
  </mem-info>
</gc-start>
<allocation-stats totalBytes="3627600" >
  <allocated-bytes non-tlh="163880" tlh="3463720" />
  <largest-consumer threadName="Thread-10" threadId="00000000019F2300" bytes="708104" />
</allocation-stats>
<gc-op id="84" type="mark" timems="1.447" contextid="81" timestamp="2019-08-02T19:06:14.478">
  <trace-info objectcount="44501" scancount="36007" scanbytes="2102272" />
  <finalization candidates="25" enqueued="0" />
  <references type="soft" candidates="168" cleared="0" enqueued="0" dynamicThreshold="15" maxThreshold="32" />
  <references type="weak" candidates="283" cleared="0" enqueued="0" />
  <references type="phantom" candidates="102" cleared="0" enqueued="0" />
  <stringconstants candidates="3963" cleared="0"  />
</gc-op>
<gc-op id="85" type="sweep" timems="0.235" contextid="81" timestamp="2019-08-02T19:06:14.478" />
<mem-info id="86" free="3771208" total="8388608" percent="44">
  <mem type="tenure" free="3771208" total="8388608" percent="44" micro-fragmented="12363" macro-fragmented="0">
    <mem type="soa" free="3352392" total="7969792" percent="42" />
    <mem type="loa" free="418816" total="418816" percent="100" />
  </mem>
</mem-info>
<gc-op id="87" type="compact" timems="6.296" contextid="81" timestamp="2019-08-02T19:06:14.485">
  <compact-info movecount="20509" movebytes="2849440" reason="no compaction" />
</gc-op>
<gc-end id="88" type="global" contextid="81" durationms="8.514" usertimems="12.000" systemtimems="0.000" timestamp="2019-08-02T19:06:14.485" activeThreads="8">
  <mem-info id="89" free="3804800" total="8388608" percent="45">
    <mem type="tenure" free="3804800" total="8388608" percent="45">
      <mem type="soa" free="3385984" total="7969792" percent="42" />
      <mem type="loa" free="418816" total="418816" percent="100" />
    </mem>
  </mem-info>
</gc-end>
<cycle-end id="90" type="global" contextid="81" timestamp="2019-08-02T19:06:14.485" />
  <attribute name="elasticGC enabled" value="1" />
  <attribute name= "numThreadsSpecified" value="0" />
  <attribute name="heapSize specified" value="8388608" />
  <attribute name= "numCores" value="8" />
  <attribute name ="GC Interval" value="0" />
  <attribute name ="Control flow" value="3" />
  <attribute name="GC Util Range Max" value="97" />
  <attribute name="Current GC Util" value="20" />
  <attribute name= "Current Time Running" value="647" />
<allocation-satisfied id="91" threadId="00000000019DBC00" bytesRequested="48" />
<af-end id="92" timestamp="2019-08-02T19:06:14.485" threadId="00000000019DC588" success="true" />
<exclusive-end id="93" timestamp="2019-08-02T19:06:14.485" durationms="9.234" />

<exclusive-start id="94" timestamp="2019-08-02T19:06:14.523" intervalms="46.847">
  <response-info timems="0.053" idlems="0.053" threads="0" lastid="00000000019DF800" lastname="Thread-5" />
</exclusive-start>
<af-start id="95" threadId="00000000019E0188" totalBytesRequested="48" timestamp="2019-08-02T19:06:14.523" intervalms="46.772" />
<cycle-start id="96" type="global" contextid="0" timestamp="2019-08-02T19:06:14.523" intervalms="46.751" />
<gc-start id="97" type="global" contextid="96" timestamp="2019-08-02T19:06:14.523">
  <mem-info id="98" free="418816" total="8388608" percent="4">
    <mem type="tenure" free="418816" total="8388608" percent="4">
      <mem type="soa" free="0" total="7969792" percent="0" />
      <mem type="loa" free="418816" total="418816" percent="100" />
    </mem>
  </mem-info>
</gc-start>
<allocation-stats totalBytes="3339944" >
  <allocated-bytes non-tlh="163880" tlh="3176064" />
  <largest-consumer threadName="Thread-6" threadId="00000000019E3300" bytes="799320" />
</allocation-stats>
<gc-op id="99" type="mark" timems="4.562" contextid="96" timestamp="2019-08-02T19:06:14.528">
  <trace-info objectcount="43547" scancount="35280" scanbytes="2087924" />
  <finalization candidates="25" enqueued="0" />
  <references type="soft" candidates="168" cleared="0" enqueued="0" dynamicThreshold="14" maxThreshold="32" />
  <references type="weak" candidates="283" cleared="0" enqueued="0" />
  <references type="phantom" candidates="102" cleared="0" enqueued="0" />
  <stringconstants candidates="3963" cleared="0"  />
</gc-op>
<gc-op id="100" type="sweep" timems="2.643" contextid="96" timestamp="2019-08-02T19:06:14.530" />
<mem-info id="101" free="3875048" total="8388608" percent="46">
  <mem type="tenure" free="3875048" total="8388608" percent="46" micro-fragmented="53888" macro-fragmented="0">
    <mem type="soa" free="3456232" total="7969792" percent="43" />
    <mem type="loa" free="418816" total="418816" percent="100" />
  </mem>
</mem-info>
<gc-op id="102" type="compact" timems="14.499" contextid="96" timestamp="2019-08-02T19:06:14.545">
  <compact-info movecount="20280" movebytes="2777256" reason="no compaction" />
</gc-op>
<gc-end id="103" type="global" contextid="96" durationms="22.682" usertimems="20.000" systemtimems="8.000" timestamp="2019-08-02T19:06:14.546" activeThreads="8">
  <mem-info id="104" free="3889232" total="8388608" percent="46">
    <mem type="tenure" free="3889232" total="8388608" percent="46">
      <mem type="soa" free="3470416" total="7969792" percent="43" />
      <mem type="loa" free="418816" total="418816" percent="100" />
    </mem>
  </mem-info>
</gc-end>
<cycle-end id="105" type="global" contextid="96" timestamp="2019-08-02T19:06:14.546" />
  <attribute name="elasticGC enabled" value="1" />
  <attribute name= "numThreadsSpecified" value="0" />
  <attribute name="heapSize specified" value="8388608" />
  <attribute name= "numCores" value="8" />
  <attribute name ="GC Interval" value="0" />
  <attribute name ="Control flow" value="3" />
  <attribute name="GC Util Range Max" value="97" />
  <attribute name="Current GC Util" value="66" />
  <attribute name= "Current Time Running" value="708" />
<allocation-satisfied id="106" threadId="00000000019DF800" bytesRequested="48" />
<af-end id="107" timestamp="2019-08-02T19:06:14.546" threadId="00000000019E0188" success="true" />
<exclusive-end id="108" timestamp="2019-08-02T19:06:14.546" durationms="23.331" />

<exclusive-start id="109" timestamp="2019-08-02T19:06:14.578" intervalms="55.521">
  <response-info timems="0.097" idlems="0.050" threads="1" lastid="00000000019EE700" lastname="Thread-9" />
</exclusive-start>
<af-start id="110" threadId="00000000019E7888" totalBytesRequested="16392" timestamp="2019-08-02T19:06:14.578" intervalms="55.504" />
<cycle-start id="111" type="global" contextid="0" timestamp="2019-08-02T19:06:14.578" intervalms="55.539" />
<gc-start id="112" type="global" contextid="111" timestamp="2019-08-02T19:06:14.579">
  <mem-info id="113" free="418816" total="8388608" percent="4">
    <mem type="tenure" free="418816" total="8388608" percent="4">
      <mem type="soa" free="0" total="7969792" percent="0" />
      <mem type="loa" free="418816" total="418816" percent="100" />
    </mem>
  </mem-info>
</gc-start>
<allocation-stats totalBytes="3474440" >
  <allocated-bytes non-tlh="180272" tlh="3294168" />
  <largest-consumer threadName="Thread-5" threadId="00000000019DF800" bytes="939640" />
</allocation-stats>
<gc-op id="114" type="mark" timems="1.573" contextid="111" timestamp="2019-08-02T19:06:14.580">
  <trace-info objectcount="43025" scancount="34848" scanbytes="2023436" />
  <finalization candidates="25" enqueued="0" />
  <references type="soft" candidates="168" cleared="0" enqueued="0" dynamicThreshold="14" maxThreshold="32" />
  <references type="weak" candidates="283" cleared="0" enqueued="0" />
  <references type="phantom" candidates="102" cleared="0" enqueued="0" />
  <stringconstants candidates="3963" cleared="0"  />
</gc-op>
<gc-op id="115" type="sweep" timems="0.213" contextid="111" timestamp="2019-08-02T19:06:14.581" />
<mem-info id="116" free="4072104" total="8388608" percent="48">
  <mem type="tenure" free="4072104" total="8388608" percent="48" micro-fragmented="23046" macro-fragmented="0">
    <mem type="soa" free="3653288" total="7969792" percent="45" />
    <mem type="loa" free="418816" total="418816" percent="100" />
  </mem>
</mem-info>
<gc-op id="117" type="compact" timems="5.093" contextid="111" timestamp="2019-08-02T19:06:14.586">
  <compact-info movecount="13665" movebytes="2333832" reason="no compaction" />
</gc-op>
<gc-end id="118" type="global" contextid="111" durationms="7.468" usertimems="12.000" systemtimems="0.000" timestamp="2019-08-02T19:06:14.586" activeThreads="8">
  <mem-info id="119" free="4084488" total="8388608" percent="48">
    <mem type="tenure" free="4084488" total="8388608" percent="48">
      <mem type="soa" free="3665672" total="7969792" percent="45" />
      <mem type="loa" free="418816" total="418816" percent="100" />
    </mem>
  </mem-info>
</gc-end>
<cycle-end id="120" type="global" contextid="111" timestamp="2019-08-02T19:06:14.586" />
  <attribute name="elasticGC enabled" value="1" />
  <attribute name= "numThreadsSpecified" value="0" />
  <attribute name="heapSize specified" value="8388608" />
  <attribute name= "numCores" value="8" />
  <attribute name ="GC Interval" value="0" />
  <attribute name ="Control flow" value="3" />
  <attribute name="GC Util Range Max" value="97" />
  <attribute name="Current GC Util" value="28" />
  <attribute name= "Current Time Running" value="749" />
<allocation-satisfied id="121" threadId="00000000019E6F00" bytesRequested="16392" />
<af-end id="122" timestamp="2019-08-02T19:06:14.586" threadId="00000000019E7888" success="true" />
<exclusive-end id="123" timestamp="2019-08-02T19:06:14.586" durationms="8.132" />

<exclusive-start id="124" timestamp="2019-08-02T19:06:14.646" intervalms="67.912">
  <response-info timems="0.072" idlems="0.072" threads="0" lastid="00000000019E6F00" lastname="Thread-7" />
</exclusive-start>
<af-start id="125" threadId="00000000019E7888" totalBytesRequested="16392" timestamp="2019-08-02T19:06:14.646" intervalms="67.936" />
<cycle-start id="126" type="global" contextid="0" timestamp="2019-08-02T19:06:14.646" intervalms="67.916" />
<gc-start id="127" type="global" contextid="126" timestamp="2019-08-02T19:06:14.646">
  <mem-info id="128" free="418816" total="8388608" percent="4">
    <mem type="tenure" free="418816" total="8388608" percent="4">
      <mem type="soa" free="0" total="7969792" percent="0" />
      <mem type="loa" free="418816" total="418816" percent="100" />
    </mem>
  </mem-info>
</gc-start>
<allocation-stats totalBytes="3635936" >
  <allocated-bytes non-tlh="114720" tlh="3521216" />
  <largest-consumer threadName="Thread-6" threadId="00000000019E3300" bytes="642104" />
</allocation-stats>
<gc-op id="129" type="mark" timems="1.268" contextid="126" timestamp="2019-08-02T19:06:14.648">
  <trace-info objectcount="43444" scancount="35163" scanbytes="2011032" />
  <finalization candidates="25" enqueued="0" />
  <references type="soft" candidates="168" cleared="0" enqueued="0" dynamicThreshold="15" maxThreshold="32" />
  <references type="weak" candidates="284" cleared="0" enqueued="0" />
  <references type="phantom" candidates="103" cleared="0" enqueued="0" />
  <stringconstants candidates="3963" cleared="0"  />
</gc-op>
<gc-op id="130" type="sweep" timems="0.242" contextid="126" timestamp="2019-08-02T19:06:14.648" />
<mem-info id="131" free="3997536" total="8388608" percent="47">
  <mem type="tenure" free="3997536" total="8388608" percent="47" micro-fragmented="29528" macro-fragmented="0">
    <mem type="soa" free="3578720" total="7969792" percent="44" />
    <mem type="loa" free="418816" total="418816" percent="100" />
  </mem>
</mem-info>
<gc-op id="132" type="compact" timems="5.274" contextid="126" timestamp="2019-08-02T19:06:14.654">
  <compact-info movecount="14084" movebytes="2399128" reason="no compaction" />
</gc-op>
<gc-end id="133" type="global" contextid="126" durationms="7.509" usertimems="8.000" systemtimems="4.000" timestamp="2019-08-02T19:06:14.654" activeThreads="8">
  <mem-info id="134" free="3990528" total="8388608" percent="47">
    <mem type="tenure" free="3990528" total="8388608" percent="47">
      <mem type="soa" free="3571712" total="7969792" percent="44" />
      <mem type="loa" free="418816" total="418816" percent="100" />
    </mem>
  </mem-info>
</gc-end>
<cycle-end id="135" type="global" contextid="126" timestamp="2019-08-02T19:06:14.654" />
  <attribute name="elasticGC enabled" value="1" />
  <attribute name= "numThreadsSpecified" value="0" />
  <attribute name="heapSize specified" value="8388608" />
  <attribute name= "numCores" value="8" />
  <attribute name ="GC Interval" value="0" />
  <attribute name ="Control flow" value="3" />
  <attribute name="GC Util Range Max" value="97" />
  <attribute name="Current GC Util" value="27" />
  <attribute name= "Current Time Running" value="816" />
<allocation-satisfied id="136" threadId="00000000019E6F00" bytesRequested="16392" />
<af-end id="137" timestamp="2019-08-02T19:06:14.654" threadId="00000000019E7888" success="true" />
<exclusive-end id="138" timestamp="2019-08-02T19:06:14.654" durationms="8.164" />

<exclusive-start id="139" timestamp="2019-08-02T19:06:14.685" intervalms="38.732">
  <response-info timems="0.064" idlems="0.064" threads="0" lastid="00000000019D8000" lastname="Thread-3" />
</exclusive-start>
<af-start id="140" threadId="00000000019D8988" totalBytesRequested="16392" timestamp="2019-08-02T19:06:14.685" intervalms="38.723" />
<cycle-start id="141" type="global" contextid="0" timestamp="2019-08-02T19:06:14.685" intervalms="38.729" />
<gc-start id="142" type="global" contextid="141" timestamp="2019-08-02T19:06:14.685">
  <mem-info id="143" free="418816" total="8388608" percent="4">
    <mem type="tenure" free="418816" total="8388608" percent="4">
      <mem type="soa" free="0" total="7969792" percent="0" />
      <mem type="loa" free="418816" total="418816" percent="100" />
    </mem>
  </mem-info>
</gc-start>
<allocation-stats totalBytes="3486512" >
  <allocated-bytes non-tlh="245824" tlh="3240688" />
  <largest-consumer threadName="Thread-8" threadId="00000000019EAB00" bytes="739408" />
</allocation-stats>
<gc-op id="144" type="mark" timems="3.102" contextid="141" timestamp="2019-08-02T19:06:14.688">
  <trace-info objectcount="42748" scancount="34589" scanbytes="2014428" />
  <finalization candidates="25" enqueued="0" />
  <references type="soft" candidates="168" cleared="0" enqueued="0" dynamicThreshold="15" maxThreshold="32" />
  <references type="weak" candidates="283" cleared="0" enqueued="0" />
  <references type="phantom" candidates="104" cleared="0" enqueued="0" />
  <stringconstants candidates="3963" cleared="0"  />
</gc-op>
<gc-op id="145" type="sweep" timems="1.907" contextid="141" timestamp="2019-08-02T19:06:14.690" />
<mem-info id="146" free="4198912" total="8388608" percent="50">
  <mem type="tenure" free="4198912" total="8388608" percent="50" micro-fragmented="7428" macro-fragmented="0">
    <mem type="soa" free="3780096" total="7969792" percent="47" />
    <mem type="loa" free="418816" total="418816" percent="100" />
  </mem>
</mem-info>
<gc-op id="147" type="compact" timems="9.430" contextid="141" timestamp="2019-08-02T19:06:14.700">
  <compact-info movecount="13388" movebytes="2197400" reason="no compaction" />
</gc-op>
<gc-end id="148" type="global" contextid="141" durationms="15.735" usertimems="20.000" systemtimems="4.000" timestamp="2019-08-02T19:06:14.701" activeThreads="8">
  <mem-info id="149" free="4208640" total="8388608" percent="50">
    <mem type="tenure" free="4208640" total="8388608" percent="50">
      <mem type="soa" free="3789824" total="7969792" percent="47" />
      <mem type="loa" free="418816" total="418816" percent="100" />
    </mem>
  </mem-info>
</gc-end>
<cycle-end id="150" type="global" contextid="141" timestamp="2019-08-02T19:06:14.701" />
  <attribute name="elasticGC enabled" value="1" />
  <attribute name= "numThreadsSpecified" value="0" />
  <attribute name="heapSize specified" value="8388608" />
  <attribute name= "numCores" value="8" />
  <attribute name ="GC Interval" value="0" />
  <attribute name ="Control flow" value="3" />
  <attribute name="GC Util Range Max" value="97" />
  <attribute name="Current GC Util" value="85" />
  <attribute name= "Current Time Running" value="863" />
<allocation-satisfied id="151" threadId="00000000019D8000" bytesRequested="16392" />
<af-end id="152" timestamp="2019-08-02T19:06:14.701" threadId="00000000019D8988" success="true" />
<exclusive-end id="153" timestamp="2019-08-02T19:06:14.701" durationms="16.452" />

<exclusive-start id="154" timestamp="2019-08-02T19:06:14.756" intervalms="70.584">
  <response-info timems="0.057" idlems="0.057" threads="0" lastid="00000000019E6F00" lastname="Thread-7" />
</exclusive-start>
<af-start id="155" threadId="00000000019E7888" totalBytesRequested="16392" timestamp="2019-08-02T19:06:14.756" intervalms="70.587" />
<cycle-start id="156" type="global" contextid="0" timestamp="2019-08-02T19:06:14.756" intervalms="70.584" />
<gc-start id="157" type="global" contextid="156" timestamp="2019-08-02T19:06:14.756">
  <mem-info id="158" free="418816" total="8388608" percent="4">
    <mem type="tenure" free="418816" total="8388608" percent="4">
      <mem type="soa" free="0" total="7969792" percent="0" />
      <mem type="loa" free="418816" total="418816" percent="100" />
    </mem>
  </mem-info>
</gc-start>
<allocation-stats totalBytes="3784456" >
  <allocated-bytes non-tlh="180272" tlh="3604184" />
  <largest-consumer threadName="Thread-5" threadId="00000000019DF800" bytes="989840" />
</allocation-stats>
<gc-op id="159" type="mark" timems="1.223" contextid="156" timestamp="2019-08-02T19:06:14.757">
  <trace-info objectcount="43219" scancount="34983" scanbytes="2027044" />
  <finalization candidates="25" enqueued="0" />
  <references type="soft" candidates="168" cleared="0" enqueued="0" dynamicThreshold="16" maxThreshold="32" />
  <references type="weak" candidates="283" cleared="0" enqueued="0" />
  <references type="phantom" candidates="102" cleared="0" enqueued="0" />
  <stringconstants candidates="3963" cleared="0"  />
</gc-op>
<gc-op id="160" type="sweep" timems="0.238" contextid="156" timestamp="2019-08-02T19:06:14.757" />
<mem-info id="161" free="4052992" total="8388608" percent="48">
  <mem type="tenure" free="4052992" total="8388608" percent="48" micro-fragmented="14689" macro-fragmented="0">
    <mem type="soa" free="3634176" total="7969792" percent="45" />
    <mem type="loa" free="418816" total="418816" percent="100" />
  </mem>
</mem-info>
<gc-op id="162" type="compact" timems="5.169" contextid="156" timestamp="2019-08-02T19:06:14.763">
  <compact-info movecount="13859" movebytes="2351224" reason="no compaction" />
</gc-op>
<gc-end id="163" type="global" contextid="156" durationms="7.256" usertimems="12.000" systemtimems="0.000" timestamp="2019-08-02T19:06:14.763" activeThreads="8">
  <mem-info id="164" free="4046624" total="8388608" percent="48">
    <mem type="tenure" free="4046624" total="8388608" percent="48">
      <mem type="soa" free="3627808" total="7969792" percent="45" />
      <mem type="loa" free="418816" total="418816" percent="100" />
    </mem>
  </mem-info>
</gc-end>
<cycle-end id="165" type="global" contextid="156" timestamp="2019-08-02T19:06:14.763" />
  <attribute name="elasticGC enabled" value="1" />
  <attribute name= "numThreadsSpecified" value="0" />
  <attribute name="heapSize specified" value="8388608" />
  <attribute name= "numCores" value="8" />
  <attribute name ="GC Interval" value="0" />
  <attribute name ="Control flow" value="3" />
  <attribute name="GC Util Range Max" value="97" />
  <attribute name="Current GC Util" value="29" />
  <attribute name= "Current Time Running" value="926" />
<allocation-satisfied id="166" threadId="00000000019E6F00" bytesRequested="16392" />
<af-end id="167" timestamp="2019-08-02T19:06:14.763" threadId="00000000019E7888" success="true" />
<exclusive-end id="168" timestamp="2019-08-02T19:06:14.763" durationms="7.975" />

<exclusive-start id="169" timestamp="2019-08-02T19:06:14.812" intervalms="56.787">
  <response-info timems="0.046" idlems="0.046" threads="0" lastid="00000000019DF800" lastname="Thread-5" />
</exclusive-start>
<af-start id="170" threadId="00000000019E0188" totalBytesRequested="16392" timestamp="2019-08-02T19:06:14.812" intervalms="56.843" />
<cycle-start id="171" type="global" contextid="0" timestamp="2019-08-02T19:06:14.813" intervalms="56.844" />
<gc-start id="172" type="global" contextid="171" timestamp="2019-08-02T19:06:14.813">
  <mem-info id="173" free="418816" total="8388608" percent="4">
    <mem type="tenure" free="418816" total="8388608" percent="4">
      <mem type="soa" free="0" total="7969792" percent="0" />
      <mem type="loa" free="418816" total="418816" percent="100" />
    </mem>
  </mem-info>
</gc-start>
<allocation-stats totalBytes="3533496" >
  <allocated-bytes non-tlh="163880" tlh="3369616" />
  <largest-consumer threadName="Thread-3" threadId="00000000019D8000" bytes="770160" />
</allocation-stats>
<gc-op id="174" type="mark" timems="3.061" contextid="171" timestamp="2019-08-02T19:06:14.816">
  <trace-info objectcount="43285" scancount="35009" scanbytes="2076496" />
  <finalization candidates="25" enqueued="0" />
  <references type="soft" candidates="168" cleared="0" enqueued="0" dynamicThreshold="15" maxThreshold="32" />
  <references type="weak" candidates="284" cleared="0" enqueued="0" />
  <references type="phantom" candidates="103" cleared="0" enqueued="0" />
  <stringconstants candidates="3963" cleared="0"  />
</gc-op>
<gc-op id="175" type="sweep" timems="1.205" contextid="171" timestamp="2019-08-02T19:06:14.817" />
<mem-info id="176" free="3952568" total="8388608" percent="47">
  <mem type="tenure" free="3952568" total="8388608" percent="47" micro-fragmented="39265" macro-fragmented="0">
    <mem type="soa" free="3533752" total="7969792" percent="44" />
    <mem type="loa" free="418816" total="418816" percent="100" />
  </mem>
</mem-info>
<gc-op id="177" type="compact" timems="11.078" contextid="171" timestamp="2019-08-02T19:06:14.828">
  <compact-info movecount="13925" movebytes="2436856" reason="no compaction" />
</gc-op>
<gc-end id="178" type="global" contextid="171" durationms="16.523" usertimems="24.000" systemtimems="0.000" timestamp="2019-08-02T19:06:14.829" activeThreads="8">
  <mem-info id="179" free="3948704" total="8388608" percent="47">
    <mem type="tenure" free="3948704" total="8388608" percent="47">
      <mem type="soa" free="3529888" total="7969792" percent="44" />
      <mem type="loa" free="418816" total="418816" percent="100" />
    </mem>
  </mem-info>
</gc-end>
<cycle-end id="180" type="global" contextid="171" timestamp="2019-08-02T19:06:14.829" />
  <attribute name="elasticGC enabled" value="1" />
  <attribute name= "numThreadsSpecified" value="0" />
  <attribute name="heapSize specified" value="8388608" />
  <attribute name= "numCores" value="8" />
  <attribute name ="GC Interval" value="0" />
  <attribute name ="Control flow" value="3" />
  <attribute name="GC Util Range Max" value="97" />
  <attribute name="Current GC Util" value="79" />
  <attribute name= "Current Time Running" value="991" />
<allocation-satisfied id="181" threadId="00000000019DF800" bytesRequested="16392" />
<af-end id="182" timestamp="2019-08-02T19:06:14.830" threadId="00000000019E0188" success="true" />
<exclusive-end id="183" timestamp="2019-08-02T19:06:14.830" durationms="17.355" />

<exclusive-start id="184" timestamp="2019-08-02T19:06:14.870" intervalms="57.855">
  <response-info timems="0.058" idlems="0.058" threads="0" lastid="00000000019DBC00" lastname="Thread-4" />
</exclusive-start>
<af-start id="185" threadId="00000000019DC588" totalBytesRequested="2056" timestamp="2019-08-02T19:06:14.870" intervalms="57.782" />
<cycle-start id="186" type="global" contextid="0" timestamp="2019-08-02T19:06:14.870" intervalms="57.790" />
<gc-start id="187" type="global" contextid="186" timestamp="2019-08-02T19:06:14.870">
  <mem-info id="188" free="418816" total="8388608" percent="4">
    <mem type="tenure" free="418816" total="8388608" percent="4">
      <mem type="soa" free="0" total="7969792" percent="0" />
      <mem type="loa" free="418816" total="418816" percent="100" />
    </mem>
  </mem-info>
</gc-start>
<allocation-stats totalBytes="3522632" >
  <allocated-bytes non-tlh="131104" tlh="3391528" />
  <largest-consumer threadName="Thread-8" threadId="00000000019EAB00" bytes="1147792" />
</allocation-stats>
<gc-op id="189" type="mark" timems="1.185" contextid="186" timestamp="2019-08-02T19:06:14.872">
  <trace-info objectcount="43615" scancount="35295" scanbytes="2088524" />
  <finalization candidates="25" enqueued="0" />
  <references type="soft" candidates="168" cleared="0" enqueued="0" dynamicThreshold="15" maxThreshold="32" />
  <references type="weak" candidates="283" cleared="0" enqueued="0" />
  <references type="phantom" candidates="104" cleared="0" enqueued="0" />
  <stringconstants candidates="3963" cleared="0"  />
</gc-op>
<gc-op id="190" type="sweep" timems="0.241" contextid="186" timestamp="2019-08-02T19:06:14.872" />
<mem-info id="191" free="3925368" total="8388608" percent="46">
  <mem type="tenure" free="3925368" total="8388608" percent="46" micro-fragmented="13900" macro-fragmented="0">
    <mem type="soa" free="3506552" total="7969792" percent="43" />
    <mem type="loa" free="418816" total="418816" percent="100" />
  </mem>
</mem-info>
<gc-op id="192" type="compact" timems="5.241" contextid="186" timestamp="2019-08-02T19:06:14.877">
  <compact-info movecount="14255" movebytes="2483584" reason="no compaction" />
</gc-op>
<gc-end id="193" type="global" contextid="186" durationms="7.310" usertimems="16.000" systemtimems="0.000" timestamp="2019-08-02T19:06:14.878" activeThreads="8">
  <mem-info id="194" free="3906072" total="8388608" percent="46">
    <mem type="tenure" free="3906072" total="8388608" percent="46">
      <mem type="soa" free="3487256" total="7969792" percent="43" />
      <mem type="loa" free="418816" total="418816" percent="100" />
    </mem>
  </mem-info>
</gc-end>
<cycle-end id="195" type="global" contextid="186" timestamp="2019-08-02T19:06:14.878" />
  <attribute name="elasticGC enabled" value="1" />
  <attribute name= "numThreadsSpecified" value="0" />
  <attribute name="heapSize specified" value="8388608" />
  <attribute name= "numCores" value="8" />
  <attribute name ="GC Interval" value="0" />
  <attribute name ="Control flow" value="3" />
  <attribute name="GC Util Range Max" value="97" />
  <attribute name="Current GC Util" value="29" />
  <attribute name= "Current Time Running" value="1040" />
<allocation-satisfied id="196" threadId="00000000019DBC00" bytesRequested="2056" />
<af-end id="197" timestamp="2019-08-02T19:06:14.878" threadId="00000000019DC588" success="true" />
<exclusive-end id="198" timestamp="2019-08-02T19:06:14.878" durationms="7.933" />

<exclusive-start id="199" timestamp="2019-08-02T19:06:14.967" intervalms="96.445">
  <response-info timems="0.190" idlems="0.190" threads="0" lastid="00000000019D8000" lastname="Thread-3" />
</exclusive-start>
<af-start id="200" threadId="00000000019D8988" totalBytesRequested="16392" timestamp="2019-08-02T19:06:14.967" intervalms="96.487" />
<cycle-start id="201" type="global" contextid="0" timestamp="2019-08-02T19:06:14.967" intervalms="96.481" />
<gc-start id="202" type="global" contextid="201" timestamp="2019-08-02T19:06:14.967">
  <mem-info id="203" free="418816" total="8388608" percent="4">
    <mem type="tenure" free="418816" total="8388608" percent="4">
      <mem type="soa" free="0" total="7969792" percent="0" />
      <mem type="loa" free="418816" total="418816" percent="100" />
    </mem>
  </mem-info>
</gc-start>
<allocation-stats totalBytes="3495248" >
  <allocated-bytes non-tlh="65552" tlh="3429696" />
  <largest-consumer threadName="Thread-8" threadId="00000000019EAB00" bytes="675008" />
</allocation-stats>
<gc-op id="204" type="mark" timems="3.167" contextid="201" timestamp="2019-08-02T19:06:14.970">
  <trace-info objectcount="43945" scancount="35563" scanbytes="2096352" />
  <finalization candidates="25" enqueued="0" />
  <references type="soft" candidates="168" cleared="0" enqueued="0" dynamicThreshold="14" maxThreshold="32" />
  <references type="weak" candidates="284" cleared="0" enqueued="0" />
  <references type="phantom" candidates="103" cleared="0" enqueued="0" />
  <stringconstants candidates="3963" cleared="0"  />
</gc-op>
<gc-op id="205" type="sweep" timems="1.357" contextid="201" timestamp="2019-08-02T19:06:14.972" />
<mem-info id="206" free="3791080" total="8388608" percent="45">
  <mem type="tenure" free="3791080" total="8388608" percent="45" micro-fragmented="12598" macro-fragmented="0">
    <mem type="soa" free="3372264" total="7969792" percent="42" />
    <mem type="loa" free="418816" total="418816" percent="100" />
  </mem>
</mem-info>
<gc-op id="207" type="compact" timems="9.283" contextid="201" timestamp="2019-08-02T19:06:14.981">
  <compact-info movecount="14585" movebytes="2598968" reason="no compaction" />
</gc-op>
<gc-end id="208" type="global" contextid="201" durationms="14.934" usertimems="40.000" systemtimems="0.000" timestamp="2019-08-02T19:06:14.982" activeThreads="8">
  <mem-info id="209" free="3782496" total="8388608" percent="45">
    <mem type="tenure" free="3782496" total="8388608" percent="45">
      <mem type="soa" free="3363680" total="7969792" percent="42" />
      <mem type="loa" free="418816" total="418816" percent="100" />
    </mem>
  </mem-info>
</gc-end>
<cycle-end id="210" type="global" contextid="201" timestamp="2019-08-02T19:06:14.982" />
  <attribute name="elasticGC enabled" value="1" />
  <attribute name= "numThreadsSpecified" value="0" />
  <attribute name="heapSize specified" value="8388608" />
  <attribute name= "numCores" value="8" />
  <attribute name ="GC Interval" value="0" />
  <attribute name ="Control flow" value="3" />
  <attribute name="GC Util Range Max" value="97" />
  <attribute name="Current GC Util" value="127" />
  <attribute name= "Current Time Running" value="1144" />
<allocation-satisfied id="211" threadId="00000000019D8000" bytesRequested="16392" />
<af-end id="212" timestamp="2019-08-02T19:06:14.982" threadId="00000000019D8988" success="true" />
<exclusive-end id="213" timestamp="2019-08-02T19:06:14.982" durationms="15.803" />

<exclusive-start id="214" timestamp="2019-08-02T19:06:15.043" intervalms="76.078">
  <response-info timems="0.051" idlems="0.051" threads="0" lastid="00000000019EE700" lastname="Thread-9" />
</exclusive-start>
<af-start id="215" threadId="00000000019EF088" totalBytesRequested="120" timestamp="2019-08-02T19:06:15.043" intervalms="76.120" />
<cycle-start id="216" type="global" contextid="0" timestamp="2019-08-02T19:06:15.043" intervalms="76.119" />
<gc-start id="217" type="global" contextid="216" timestamp="2019-08-02T19:06:15.043">
  <mem-info id="218" free="418816" total="8388608" percent="4">
    <mem type="tenure" free="418816" total="8388608" percent="4">
      <mem type="soa" free="0" total="7969792" percent="0" />
      <mem type="loa" free="418816" total="418816" percent="100" />
    </mem>
  </mem-info>
</gc-start>
<allocation-stats totalBytes="3374856" >
  <allocated-bytes non-tlh="131104" tlh="3243752" />
  <largest-consumer threadName="Thread-10" threadId="00000000019F2300" bytes="1200688" />
</allocation-stats>
<gc-op id="219" type="mark" timems="1.154" contextid="216" timestamp="2019-08-02T19:06:15.044">
  <trace-info objectcount="43313" scancount="34984" scanbytes="2006020" />
  <finalization candidates="25" enqueued="0" />
  <references type="soft" candidates="168" cleared="15" enqueued="14" dynamicThreshold="14" maxThreshold="32" />
  <references type="weak" candidates="283" cleared="0" enqueued="0" />
  <references type="phantom" candidates="103" cleared="0" enqueued="0" />
  <stringconstants candidates="3963" cleared="0"  />
</gc-op>
<gc-op id="220" type="sweep" timems="0.240" contextid="216" timestamp="2019-08-02T19:06:15.045" />
<mem-info id="221" free="4020632" total="8388608" percent="47">
  <mem type="tenure" free="4020632" total="8388608" percent="47" micro-fragmented="3585" macro-fragmented="0">
    <mem type="soa" free="3601816" total="7969792" percent="45" />
    <mem type="loa" free="418816" total="418816" percent="100" />
  </mem>
  <pending-finalizers system="0" default="0" reference="14" classloader="0" />
</mem-info>
<gc-op id="222" type="compact" timems="8.457" contextid="216" timestamp="2019-08-02T19:06:15.053">
  <compact-info movecount="32056" movebytes="3865104" reason="no compaction" />
</gc-op>
<gc-end id="223" type="global" contextid="216" durationms="10.467" usertimems="8.000" systemtimems="8.000" timestamp="2019-08-02T19:06:15.053" activeThreads="8">
  <mem-info id="224" free="4005944" total="8388608" percent="47">
    <mem type="tenure" free="4005944" total="8388608" percent="47">
      <mem type="soa" free="3587128" total="7969792" percent="45" />
      <mem type="loa" free="418816" total="418816" percent="100" />
    </mem>
    <pending-finalizers system="0" default="0" reference="14" classloader="0" />
  </mem-info>
</gc-end>
<cycle-end id="225" type="global" contextid="216" timestamp="2019-08-02T19:06:15.054" />
  <attribute name="elasticGC enabled" value="1" />
  <attribute name= "numThreadsSpecified" value="0" />
  <attribute name="heapSize specified" value="8388608" />
  <attribute name= "numCores" value="8" />
  <attribute name ="GC Interval" value="0" />
  <attribute name ="Control flow" value="3" />
  <attribute name="GC Util Range Max" value="97" />
  <attribute name="Current GC Util" value="24" />
  <attribute name= "Current Time Running" value="1216" />
<allocation-satisfied id="226" threadId="00000000019EE700" bytesRequested="120" />
<af-end id="227" timestamp="2019-08-02T19:06:15.054" threadId="00000000019EF088" success="true" />
<exclusive-end id="228" timestamp="2019-08-02T19:06:15.054" durationms="11.204" />

<exclusive-start id="229" timestamp="2019-08-02T19:06:15.090" intervalms="46.854">
  <response-info timems="0.056" idlems="0.056" threads="0" lastid="00000000019DF800" lastname="Thread-5" />
</exclusive-start>
<af-start id="230" threadId="00000000019E0188" totalBytesRequested="2056" timestamp="2019-08-02T19:06:15.090" intervalms="46.879" />
<cycle-start id="231" type="global" contextid="0" timestamp="2019-08-02T19:06:15.090" intervalms="46.880" />
<gc-start id="232" type="global" contextid="231" timestamp="2019-08-02T19:06:15.090">
  <mem-info id="233" free="418816" total="8388608" percent="4">
    <mem type="tenure" free="418816" total="8388608" percent="4">
      <mem type="soa" free="0" total="7969792" percent="0" />
      <mem type="loa" free="418816" total="418816" percent="100" />
    </mem>
  </mem-info>
</gc-start>
<allocation-stats totalBytes="3543696" >
  <allocated-bytes non-tlh="163880" tlh="3379816" />
  <largest-consumer threadName="Thread-7" threadId="00000000019E6F00" bytes="932536" />
</allocation-stats>
<heap-resize id="234" type="loa contract" space="tenure" amount="83968" count="1" timems="0.000" reason="contract underutilized loa" timestamp="2019-08-02T19:06:15.090" />
<gc-op id="235" type="mark" timems="3.678" contextid="231" timestamp="2019-08-02T19:06:15.094">
  <trace-info objectcount="43542" scancount="35178" scanbytes="2084668" />
  <finalization candidates="25" enqueued="0" />
  <references type="soft" candidates="153" cleared="0" enqueued="0" dynamicThreshold="15" maxThreshold="32" />
  <references type="weak" candidates="283" cleared="0" enqueued="0" />
  <references type="phantom" candidates="103" cleared="0" enqueued="0" />
  <stringconstants candidates="3963" cleared="0"  />
</gc-op>
<gc-op id="236" type="sweep" timems="2.375" contextid="231" timestamp="2019-08-02T19:06:15.096" />
<mem-info id="237" free="3901688" total="8388608" percent="46">
  <mem type="tenure" free="3901688" total="8388608" percent="46" micro-fragmented="29168" macro-fragmented="0">
    <mem type="soa" free="3566840" total="8053760" percent="44" />
    <mem type="loa" free="334848" total="334848" percent="100" />
  </mem>
</mem-info>
<gc-op id="238" type="compact" timems="14.305" contextid="231" timestamp="2019-08-02T19:06:15.111">
  <compact-info movecount="32278" movebytes="3966480" reason="no compaction" />
</gc-op>
<gc-end id="239" type="global" contextid="231" durationms="21.686" usertimems="48.000" systemtimems="0.000" timestamp="2019-08-02T19:06:15.112" activeThreads="8">
  <mem-info id="240" free="3888024" total="8388608" percent="46">
    <mem type="tenure" free="3888024" total="8388608" percent="46">
      <mem type="soa" free="3553176" total="8053760" percent="44" />
      <mem type="loa" free="334848" total="334848" percent="100" />
    </mem>
  </mem-info>
</gc-end>
<cycle-end id="241" type="global" contextid="231" timestamp="2019-08-02T19:06:15.112" />
  <attribute name="elasticGC enabled" value="1" />
  <attribute name= "numThreadsSpecified" value="0" />
  <attribute name="heapSize specified" value="8388608" />
  <attribute name= "numCores" value="8" />
  <attribute name ="GC Interval" value="0" />
  <attribute name ="Control flow" value="3" />
  <attribute name="GC Util Range Max" value="97" />
  <attribute name="Current GC Util" value="63" />
  <attribute name= "Current Time Running" value="1274" />
<allocation-satisfied id="242" threadId="00000000019DF800" bytesRequested="2056" />
<af-end id="243" timestamp="2019-08-02T19:06:15.112" threadId="00000000019E0188" success="true" />
<exclusive-end id="244" timestamp="2019-08-02T19:06:15.112" durationms="22.315" />

<exclusive-start id="245" timestamp="2019-08-02T19:06:15.164" intervalms="74.502">
  <response-info timems="0.038" idlems="0.038" threads="0" lastid="00000000019E6F00" lastname="Thread-7" />
</exclusive-start>
<af-start id="246" threadId="00000000019E7888" totalBytesRequested="2008" timestamp="2019-08-02T19:06:15.164" intervalms="74.462" />
<cycle-start id="247" type="global" contextid="0" timestamp="2019-08-02T19:06:15.164" intervalms="74.469" />
<gc-start id="248" type="global" contextid="247" timestamp="2019-08-02T19:06:15.164">
  <mem-info id="249" free="334848" total="8388608" percent="3">
    <mem type="tenure" free="334848" total="8388608" percent="3">
      <mem type="soa" free="0" total="8053760" percent="0" />
      <mem type="loa" free="334848" total="334848" percent="100" />
    </mem>
  </mem-info>
</gc-start>
<allocation-stats totalBytes="3574864" >
  <allocated-bytes non-tlh="98328" tlh="3476536" />
  <largest-consumer threadName="Thread-10" threadId="00000000019F2300" bytes="814384" />
</allocation-stats>
<heap-resize id="250" type="loa contract" space="tenure" amount="83968" count="1" timems="0.000" reason="contract underutilized loa" timestamp="2019-08-02T19:06:15.164" />
<gc-op id="251" type="mark" timems="1.400" contextid="247" timestamp="2019-08-02T19:06:15.166">
  <trace-info objectcount="42676" scancount="34672" scanbytes="2072528" />
  <finalization candidates="25" enqueued="0" />
  <references type="soft" candidates="153" cleared="82" enqueued="79" dynamicThreshold="14" maxThreshold="32" />
  <references type="weak" candidates="283" cleared="0" enqueued="0" />
  <references type="phantom" candidates="102" cleared="0" enqueued="0" />
  <stringconstants candidates="3963" cleared="0"  />
</gc-op>
<gc-op id="252" type="sweep" timems="0.323" contextid="247" timestamp="2019-08-02T19:06:15.166" />
<mem-info id="253" free="3821344" total="8388608" percent="45">
  <mem type="tenure" free="3821344" total="8388608" percent="45" micro-fragmented="50999" macro-fragmented="0">
    <mem type="soa" free="3570464" total="8137728" percent="43" />
    <mem type="loa" free="250880" total="250880" percent="100" />
  </mem>
  <pending-finalizers system="0" default="0" reference="79" classloader="0" />
</mem-info>
<gc-op id="254" type="compact" timems="9.664" contextid="247" timestamp="2019-08-02T19:06:15.176">
  <compact-info movecount="36735" movebytes="4232936" reason="no compaction" />
</gc-op>
<gc-end id="255" type="global" contextid="247" durationms="12.044" usertimems="16.000" systemtimems="0.000" timestamp="2019-08-02T19:06:15.176" activeThreads="8">
  <mem-info id="256" free="3818192" total="8388608" percent="45">
    <mem type="tenure" free="3818192" total="8388608" percent="45">
      <mem type="soa" free="3567312" total="8137728" percent="43" />
      <mem type="loa" free="250880" total="250880" percent="100" />
    </mem>
    <pending-finalizers system="0" default="0" reference="79" classloader="0" />
  </mem-info>
</gc-end>
<cycle-end id="257" type="global" contextid="247" timestamp="2019-08-02T19:06:15.177" />
  <attribute name="elasticGC enabled" value="1" />
  <attribute name= "numThreadsSpecified" value="0" />
  <attribute name="heapSize specified" value="8388608" />
  <attribute name= "numCores" value="8" />
  <attribute name ="GC Interval" value="0" />
  <attribute name ="Control flow" value="3" />
  <attribute name="GC Util Range Max" value="97" />
  <attribute name="Current GC Util" value="24" />
  <attribute name= "Current Time Running" value="1339" />
<allocation-satisfied id="258" threadId="00000000019E6F00" bytesRequested="2008" />
<af-end id="259" timestamp="2019-08-02T19:06:15.177" threadId="00000000019E7888" success="true" />
<exclusive-end id="260" timestamp="2019-08-02T19:06:15.177" durationms="12.773" />

<exclusive-start id="261" timestamp="2019-08-02T19:06:15.216" intervalms="52.283">
  <response-info timems="0.040" idlems="0.040" threads="0" lastid="00000000019E3300" lastname="Thread-6" />
</exclusive-start>
<af-start id="262" threadId="00000000019E3C88" totalBytesRequested="32776" timestamp="2019-08-02T19:06:15.217" intervalms="52.296" />
<cycle-start id="263" type="global" contextid="0" timestamp="2019-08-02T19:06:15.217" intervalms="52.288" />
<gc-start id="264" type="global" contextid="263" timestamp="2019-08-02T19:06:15.217">
  <mem-info id="265" free="250880" total="8388608" percent="2">
    <mem type="tenure" free="250880" total="8388608" percent="2">
      <mem type="soa" free="0" total="8137728" percent="0" />
      <mem type="loa" free="250880" total="250880" percent="100" />
    </mem>
  </mem-info>
</gc-start>
<allocation-stats totalBytes="3539200" >
  <allocated-bytes non-tlh="114720" tlh="3424480" />
  <largest-consumer threadName="Thread-10" threadId="00000000019F2300" bytes="978664" />
</allocation-stats>
<heap-resize id="266" type="loa contract" space="tenure" amount="83968" count="1" timems="0.000" reason="contract underutilized loa" timestamp="2019-08-02T19:06:15.217" />
<gc-op id="267" type="mark" timems="2.704" contextid="263" timestamp="2019-08-02T19:06:15.219">
  <trace-info objectcount="41402" scancount="33617" scanbytes="2044472" />
  <finalization candidates="25" enqueued="0" />
  <references type="soft" candidates="71" cleared="6" enqueued="3" dynamicThreshold="14" maxThreshold="32" />
  <references type="weak" candidates="283" cleared="0" enqueued="0" />
  <references type="phantom" candidates="102" cleared="0" enqueued="0" />
  <stringconstants candidates="3963" cleared="19"  />
</gc-op>
<gc-op id="268" type="sweep" timems="1.242" contextid="263" timestamp="2019-08-02T19:06:15.221" />
<mem-info id="269" free="3871336" total="8388608" percent="46">
  <mem type="tenure" free="3871336" total="8388608" percent="46" micro-fragmented="11363" macro-fragmented="0">
    <mem type="soa" free="3704424" total="8221696" percent="45" />
    <mem type="loa" free="166912" total="166912" percent="100" />
  </mem>
  <pending-finalizers system="0" default="0" reference="3" classloader="0" />
</mem-info>
<gc-op id="270" type="compact" timems="12.052" contextid="263" timestamp="2019-08-02T19:06:15.233">
  <compact-info movecount="30140" movebytes="3986352" reason="no compaction" />
</gc-op>
<gc-end id="271" type="global" contextid="263" durationms="17.657" usertimems="20.000" systemtimems="4.000" timestamp="2019-08-02T19:06:15.234" activeThreads="8">
  <mem-info id="272" free="3884592" total="8388608" percent="46">
    <mem type="tenure" free="3884592" total="8388608" percent="46">
      <mem type="soa" free="3717680" total="8221696" percent="45" />
      <mem type="loa" free="166912" total="166912" percent="100" />
    </mem>
    <pending-finalizers system="0" default="0" reference="3" classloader="0" />
  </mem-info>
</gc-end>
<cycle-end id="273" type="global" contextid="263" timestamp="2019-08-02T19:06:15.235" />
  <attribute name="elasticGC enabled" value="1" />
  <attribute name= "numThreadsSpecified" value="0" />
  <attribute name="heapSize specified" value="8388608" />
  <attribute name= "numCores" value="8" />
  <attribute name ="GC Interval" value="0" />
  <attribute name ="Control flow" value="3" />
  <attribute name="GC Util Range Max" value="97" />
  <attribute name="Current GC Util" value="58" />
  <attribute name= "Current Time Running" value="1396" />
<allocation-satisfied id="274" threadId="00000000019E3300" bytesRequested="32776" />
<af-end id="275" timestamp="2019-08-02T19:06:15.235" threadId="00000000019E3C88" success="true" />
<exclusive-end id="276" timestamp="2019-08-02T19:06:15.235" durationms="18.603" />

<exclusive-start id="277" timestamp="2019-08-02T19:06:15.277" intervalms="60.475">
  <response-info timems="0.078" idlems="0.078" threads="0" lastid="00000000019DF800" lastname="Thread-5" />
</exclusive-start>
<af-start id="278" threadId="00000000019E0188" totalBytesRequested="16392" timestamp="2019-08-02T19:06:15.277" intervalms="60.435" />
<cycle-start id="279" type="global" contextid="0" timestamp="2019-08-02T19:06:15.277" intervalms="60.428" />
<gc-start id="280" type="global" contextid="279" timestamp="2019-08-02T19:06:15.277">
  <mem-info id="281" free="166912" total="8388608" percent="1">
    <mem type="tenure" free="166912" total="8388608" percent="1">
      <mem type="soa" free="0" total="8221696" percent="0" />
      <mem type="loa" free="166912" total="166912" percent="100" />
    </mem>
  </mem-info>
</gc-start>
<allocation-stats totalBytes="3580672" >
  <allocated-bytes non-tlh="245824" tlh="3334848" />
  <largest-consumer threadName="Thread-8" threadId="00000000019EAB00" bytes="936064" />
</allocation-stats>
<heap-resize id="282" type="loa contract" space="tenure" amount="83968" count="1" timems="0.000" reason="contract underutilized loa" timestamp="2019-08-02T19:06:15.277" />
<gc-op id="283" type="mark" timems="1.202" contextid="279" timestamp="2019-08-02T19:06:15.278">
  <trace-info objectcount="40734" scancount="33074" scanbytes="2022072" />
  <finalization candidates="25" enqueued="0" />
  <references type="soft" candidates="65" cleared="0" enqueued="0" dynamicThreshold="14" maxThreshold="32" />
  <references type="weak" candidates="284" cleared="0" enqueued="0" />
  <references type="phantom" candidates="104" cleared="0" enqueued="0" />
  <stringconstants candidates="3944" cleared="0"  />
</gc-op>
<gc-op id="284" type="sweep" timems="0.236" contextid="279" timestamp="2019-08-02T19:06:15.279" />
<mem-info id="285" free="3965736" total="8388608" percent="47">
  <mem type="tenure" free="3965736" total="8388608" percent="47" micro-fragmented="2318" macro-fragmented="0">
    <mem type="soa" free="3882792" total="8305664" percent="46" />
    <mem type="loa" free="82944" total="82944" percent="100" />
  </mem>
</mem-info>
<gc-op id="286" type="compact" timems="5.069" contextid="279" timestamp="2019-08-02T19:06:15.284">
  <compact-info movecount="12843" movebytes="2497920" reason="no compaction" />
</gc-op>
<gc-end id="287" type="global" contextid="279" durationms="7.117" usertimems="12.000" systemtimems="0.000" timestamp="2019-08-02T19:06:15.284" activeThreads="8">
  <mem-info id="288" free="3966392" total="8388608" percent="47">
    <mem type="tenure" free="3966392" total="8388608" percent="47">
      <mem type="soa" free="3883448" total="8305664" percent="46" />
      <mem type="loa" free="82944" total="82944" percent="100" />
    </mem>
  </mem-info>
</gc-end>
<cycle-end id="289" type="global" contextid="279" timestamp="2019-08-02T19:06:15.284" />
  <attribute name="elasticGC enabled" value="1" />
  <attribute name= "numThreadsSpecified" value="0" />
  <attribute name="heapSize specified" value="8388608" />
  <attribute name= "numCores" value="8" />
  <attribute name ="GC Interval" value="0" />
  <attribute name ="Control flow" value="3" />
  <attribute name="GC Util Range Max" value="97" />
  <attribute name="Current GC Util" value="28" />
  <attribute name= "Current Time Running" value="1447" />
<allocation-satisfied id="290" threadId="00000000019DF800" bytesRequested="16392" />
<af-end id="291" timestamp="2019-08-02T19:06:15.285" threadId="00000000019E0188" success="true" />
<exclusive-end id="292" timestamp="2019-08-02T19:06:15.285" durationms="7.787" />

<exclusive-start id="293" timestamp="2019-08-02T19:06:15.353" intervalms="76.020">
  <response-info timems="0.054" idlems="0.054" threads="0" lastid="00000000019D8000" lastname="Thread-3" />
</exclusive-start>
<af-start id="294" threadId="00000000019D8988" totalBytesRequested="2056" timestamp="2019-08-02T19:06:15.353" intervalms="76.047" />
<cycle-start id="295" type="global" contextid="0" timestamp="2019-08-02T19:06:15.353" intervalms="76.052" />
<gc-start id="296" type="global" contextid="295" timestamp="2019-08-02T19:06:15.353">
  <mem-info id="297" free="82944" total="8388608" percent="0">
    <mem type="tenure" free="82944" total="8388608" percent="0">
      <mem type="soa" free="0" total="8305664" percent="0" />
      <mem type="loa" free="82944" total="82944" percent="100" />
    </mem>
  </mem-info>
</gc-start>
<allocation-stats totalBytes="3824232" >
  <allocated-bytes non-tlh="180272" tlh="3643960" />
  <largest-consumer threadName="Thread-4" threadId="00000000019DBC00" bytes="683272" />
</allocation-stats>
<gc-op id="298" type="mark" timems="1.344" contextid="295" timestamp="2019-08-02T19:06:15.355">
  <trace-info objectcount="41370" scancount="33611" scanbytes="2041832" />
  <finalization candidates="25" enqueued="0" />
  <references type="soft" candidates="65" cleared="0" enqueued="0" dynamicThreshold="15" maxThreshold="32" />
  <references type="weak" candidates="283" cleared="0" enqueued="0" />
  <references type="phantom" candidates="103" cleared="0" enqueued="0" />
  <stringconstants candidates="3944" cleared="0"  />
</gc-op>
<gc-op id="299" type="sweep" timems="0.235" contextid="295" timestamp="2019-08-02T19:06:15.355" />
<mem-info id="300" free="3943160" total="8388608" percent="47">
  <mem type="tenure" free="3943160" total="8388608" percent="47" micro-fragmented="4366" macro-fragmented="0">
    <mem type="soa" free="3860216" total="8305664" percent="46" />
    <mem type="loa" free="82944" total="82944" percent="100" />
  </mem>
</mem-info>
<gc-op id="301" type="compact" timems="5.219" contextid="295" timestamp="2019-08-02T19:06:15.360">
  <compact-info movecount="13479" movebytes="2505992" reason="no compaction" />
</gc-op>
<gc-end id="302" type="global" contextid="295" durationms="7.329" usertimems="16.000" systemtimems="0.000" timestamp="2019-08-02T19:06:15.360" activeThreads="8">
  <mem-info id="303" free="3941936" total="8388608" percent="46">
    <mem type="tenure" free="3941936" total="8388608" percent="46">
      <mem type="soa" free="3858992" total="8305664" percent="46" />
      <mem type="loa" free="82944" total="82944" percent="100" />
    </mem>
  </mem-info>
</gc-end>
<cycle-end id="304" type="global" contextid="295" timestamp="2019-08-02T19:06:15.361" />
  <attribute name="elasticGC enabled" value="1" />
  <attribute name= "numThreadsSpecified" value="0" />
  <attribute name="heapSize specified" value="8388608" />
  <attribute name= "numCores" value="8" />
  <attribute name ="GC Interval" value="0" />
  <attribute name ="Control flow" value="3" />
  <attribute name="GC Util Range Max" value="97" />
  <attribute name="Current GC Util" value="28" />
  <attribute name= "Current Time Running" value="1523" />
<allocation-satisfied id="305" threadId="00000000019D8000" bytesRequested="2056" />
<af-end id="306" timestamp="2019-08-02T19:06:15.361" threadId="00000000019D8988" success="true" />
<exclusive-end id="307" timestamp="2019-08-02T19:06:15.361" durationms="8.120" />

<exclusive-start id="308" timestamp="2019-08-02T19:06:15.409" intervalms="56.217">
  <response-info timems="0.045" idlems="0.045" threads="0" lastid="00000000019EE700" lastname="Thread-9" />
</exclusive-start>
<af-start id="309" threadId="00000000019EF088" totalBytesRequested="8200" timestamp="2019-08-02T19:06:15.409" intervalms="56.221" />
<cycle-start id="310" type="global" contextid="0" timestamp="2019-08-02T19:06:15.409" intervalms="56.222" />
<gc-start id="311" type="global" contextid="310" timestamp="2019-08-02T19:06:15.409">
  <mem-info id="312" free="82944" total="8388608" percent="0">
    <mem type="tenure" free="82944" total="8388608" percent="0">
      <mem type="soa" free="0" total="8305664" percent="0" />
      <mem type="loa" free="82944" total="82944" percent="100" />
    </mem>
  </mem-info>
</gc-start>
<allocation-stats totalBytes="3818736" >
  <allocated-bytes non-tlh="163880" tlh="3654856" />
  <largest-consumer threadName="Thread-6" threadId="00000000019E3300" bytes="894792" />
</allocation-stats>
<gc-op id="313" type="mark" timems="1.357" contextid="310" timestamp="2019-08-02T19:06:15.411">
  <trace-info objectcount="40694" scancount="32975" scanbytes="2021956" />
  <finalization candidates="25" enqueued="0" />
  <references type="soft" candidates="65" cleared="0" enqueued="0" dynamicThreshold="15" maxThreshold="32" />
  <references type="weak" candidates="283" cleared="0" enqueued="0" />
  <references type="phantom" candidates="103" cleared="0" enqueued="0" />
  <stringconstants candidates="3944" cleared="0"  />
</gc-op>
<gc-op id="314" type="sweep" timems="0.236" contextid="310" timestamp="2019-08-02T19:06:15.411" />
<mem-info id="315" free="4131944" total="8388608" percent="49">
  <mem type="tenure" free="4131944" total="8388608" percent="49" micro-fragmented="12803" macro-fragmented="0">
    <mem type="soa" free="4049000" total="8305664" percent="48" />
    <mem type="loa" free="82944" total="82944" percent="100" />
  </mem>
</mem-info>
<gc-op id="316" type="compact" timems="5.099" contextid="310" timestamp="2019-08-02T19:06:15.416">
  <compact-info movecount="12803" movebytes="2323264" reason="no compaction" />
</gc-op>
<gc-end id="317" type="global" contextid="310" durationms="7.227" usertimems="12.000" systemtimems="4.000" timestamp="2019-08-02T19:06:15.417" activeThreads="8">
  <mem-info id="318" free="4128760" total="8388608" percent="49">
    <mem type="tenure" free="4128760" total="8388608" percent="49">
      <mem type="soa" free="4045816" total="8305664" percent="48" />
      <mem type="loa" free="82944" total="82944" percent="100" />
    </mem>
  </mem-info>
</gc-end>
<cycle-end id="319" type="global" contextid="310" timestamp="2019-08-02T19:06:15.417" />
  <attribute name="elasticGC enabled" value="1" />
  <attribute name= "numThreadsSpecified" value="0" />
  <attribute name="heapSize specified" value="8388608" />
  <attribute name= "numCores" value="8" />
  <attribute name ="GC Interval" value="0" />
  <attribute name ="Control flow" value="3" />
  <attribute name="GC Util Range Max" value="97" />
  <attribute name="Current GC Util" value="29" />
  <attribute name= "Current Time Running" value="1579" />
<allocation-satisfied id="320" threadId="00000000019EE700" bytesRequested="8200" />
<af-end id="321" timestamp="2019-08-02T19:06:15.417" threadId="00000000019EF088" success="true" />
<exclusive-end id="322" timestamp="2019-08-02T19:06:15.417" durationms="7.902" />

<exclusive-start id="323" timestamp="2019-08-02T19:06:15.466" intervalms="56.737">
  <response-info timems="0.042" idlems="0.042" threads="0" lastid="00000000019E6F00" lastname="Thread-7" />
</exclusive-start>
<af-start id="324" threadId="00000000019E7888" totalBytesRequested="16392" timestamp="2019-08-02T19:06:15.466" intervalms="56.787" />
<cycle-start id="325" type="global" contextid="0" timestamp="2019-08-02T19:06:15.466" intervalms="56.790" />
<gc-start id="326" type="global" contextid="325" timestamp="2019-08-02T19:06:15.466">
  <mem-info id="327" free="82944" total="8388608" percent="0">
    <mem type="tenure" free="82944" total="8388608" percent="0">
      <mem type="soa" free="0" total="8305664" percent="0" />
      <mem type="loa" free="82944" total="82944" percent="100" />
    </mem>
  </mem-info>
</gc-start>
<allocation-stats totalBytes="4059016" >
  <allocated-bytes non-tlh="180272" tlh="3878744" />
  <largest-consumer threadName="Thread-10" threadId="00000000019F2300" bytes="916032" />
</allocation-stats>
<gc-op id="328" type="mark" timems="1.159" contextid="325" timestamp="2019-08-02T19:06:15.467">
  <trace-info objectcount="40994" scancount="33220" scanbytes="1959184" />
  <finalization candidates="25" enqueued="0" />
  <references type="soft" candidates="65" cleared="0" enqueued="0" dynamicThreshold="15" maxThreshold="32" />
  <references type="weak" candidates="284" cleared="0" enqueued="0" />
  <references type="phantom" candidates="103" cleared="0" enqueued="0" />
  <stringconstants candidates="3944" cleared="0"  />
</gc-op>
<gc-op id="329" type="sweep" timems="0.257" contextid="325" timestamp="2019-08-02T19:06:15.468" />
<mem-info id="330" free="4053296" total="8388608" percent="48">
  <mem type="tenure" free="4053296" total="8388608" percent="48" micro-fragmented="16640" macro-fragmented="0">
    <mem type="soa" free="3970352" total="8305664" percent="47" />
    <mem type="loa" free="82944" total="82944" percent="100" />
  </mem>
</mem-info>
<gc-op id="331" type="compact" timems="5.084" contextid="325" timestamp="2019-08-02T19:06:15.473">
  <compact-info movecount="13103" movebytes="2399464" reason="no compaction" />
</gc-op>
<gc-end id="332" type="global" contextid="325" durationms="7.139" usertimems="8.000" systemtimems="4.000" timestamp="2019-08-02T19:06:15.473" activeThreads="8">
  <mem-info id="333" free="4036176" total="8388608" percent="48">
    <mem type="tenure" free="4036176" total="8388608" percent="48">
      <mem type="soa" free="3953232" total="8305664" percent="47" />
      <mem type="loa" free="82944" total="82944" percent="100" />
    </mem>
  </mem-info>
</gc-end>
<cycle-end id="334" type="global" contextid="325" timestamp="2019-08-02T19:06:15.473" />
  <attribute name="elasticGC enabled" value="1" />
  <attribute name= "numThreadsSpecified" value="0" />
  <attribute name="heapSize specified" value="8388608" />
  <attribute name= "numCores" value="8" />
  <attribute name ="GC Interval" value="0" />
  <attribute name ="Control flow" value="3" />
  <attribute name="GC Util Range Max" value="97" />
  <attribute name="Current GC Util" value="27" />
  <attribute name= "Current Time Running" value="1636" />
<allocation-satisfied id="335" threadId="00000000019E6F00" bytesRequested="16392" />
<af-end id="336" timestamp="2019-08-02T19:06:15.474" threadId="00000000019E7888" success="true" />
<exclusive-end id="337" timestamp="2019-08-02T19:06:15.474" durationms="8.045" />

<exclusive-start id="338" timestamp="2019-08-02T19:06:15.530" intervalms="64.250">
  <response-info timems="0.042" idlems="0.042" threads="0" lastid="00000000019EE700" lastname="Thread-9" />
</exclusive-start>
<af-start id="339" threadId="00000000019EF088" totalBytesRequested="40" timestamp="2019-08-02T19:06:15.530" intervalms="64.219" />
<cycle-start id="340" type="global" contextid="0" timestamp="2019-08-02T19:06:15.530" intervalms="64.213" />
<gc-start id="341" type="global" contextid="340" timestamp="2019-08-02T19:06:15.530">
  <mem-info id="342" free="82944" total="8388608" percent="0">
    <mem type="tenure" free="82944" total="8388608" percent="0">
      <mem type="soa" free="0" total="8305664" percent="0" />
      <mem type="loa" free="82944" total="82944" percent="100" />
    </mem>
  </mem-info>
</gc-start>
<allocation-stats totalBytes="4001736" >
  <allocated-bytes non-tlh="65552" tlh="3936184" />
  <largest-consumer threadName="Thread-3" threadId="00000000019D8000" bytes="920416" />
</allocation-stats>
<gc-op id="343" type="mark" timems="1.302" contextid="340" timestamp="2019-08-02T19:06:15.532">
  <trace-info objectcount="41626" scancount="33730" scanbytes="2046732" />
  <finalization candidates="25" enqueued="0" />
  <references type="soft" candidates="65" cleared="0" enqueued="0" dynamicThreshold="15" maxThreshold="32" />
  <references type="weak" candidates="283" cleared="0" enqueued="0" />
  <references type="phantom" candidates="102" cleared="0" enqueued="0" />
  <stringconstants candidates="3944" cleared="0"  />
</gc-op>
<gc-op id="344" type="sweep" timems="0.265" contextid="340" timestamp="2019-08-02T19:06:15.532" />
<mem-info id="345" free="3873504" total="8388608" percent="46">
  <mem type="tenure" free="3873504" total="8388608" percent="46" micro-fragmented="5143" macro-fragmented="0">
    <mem type="soa" free="3790560" total="8305664" percent="45" />
    <mem type="loa" free="82944" total="82944" percent="100" />
  </mem>
</mem-info>
<gc-op id="346" type="compact" timems="5.312" contextid="340" timestamp="2019-08-02T19:06:15.537">
  <compact-info movecount="13735" movebytes="2576000" reason="no compaction" />
</gc-op>
<gc-end id="347" type="global" contextid="340" durationms="7.510" usertimems="12.000" systemtimems="0.000" timestamp="2019-08-02T19:06:15.538" activeThreads="8">
  <mem-info id="348" free="3859640" total="8388608" percent="46">
    <mem type="tenure" free="3859640" total="8388608" percent="46">
      <mem type="soa" free="3776696" total="8305664" percent="45" />
      <mem type="loa" free="82944" total="82944" percent="100" />
    </mem>
  </mem-info>
</gc-end>
<cycle-end id="349" type="global" contextid="340" timestamp="2019-08-02T19:06:15.538" />
  <attribute name="elasticGC enabled" value="1" />
  <attribute name= "numThreadsSpecified" value="0" />
  <attribute name="heapSize specified" value="8388608" />
  <attribute name= "numCores" value="8" />
  <attribute name ="GC Interval" value="0" />
  <attribute name ="Control flow" value="3" />
  <attribute name="GC Util Range Max" value="97" />
  <attribute name="Current GC Util" value="29" />
  <attribute name= "Current Time Running" value="1700" />
<allocation-satisfied id="350" threadId="00000000019EE700" bytesRequested="40" />
<af-end id="351" timestamp="2019-08-02T19:06:15.538" threadId="00000000019EF088" success="true" />
<exclusive-end id="352" timestamp="2019-08-02T19:06:15.538" durationms="8.435" />

<exclusive-start id="353" timestamp="2019-08-02T19:06:15.574" intervalms="43.974">
  <response-info timems="0.060" idlems="0.060" threads="0" lastid="00000000019F2300" lastname="Thread-10" />
</exclusive-start>
<af-start id="354" threadId="00000000019F2C88" totalBytesRequested="48" timestamp="2019-08-02T19:06:15.574" intervalms="43.923" />
<cycle-start id="355" type="global" contextid="0" timestamp="2019-08-02T19:06:15.574" intervalms="43.919" />
<gc-start id="356" type="global" contextid="355" timestamp="2019-08-02T19:06:15.574">
  <mem-info id="357" free="82944" total="8388608" percent="0">
    <mem type="tenure" free="82944" total="8388608" percent="0">
      <mem type="soa" free="0" total="8305664" percent="0" />
      <mem type="loa" free="82944" total="82944" percent="100" />
    </mem>
  </mem-info>
</gc-start>
<allocation-stats totalBytes="3781840" >
  <allocated-bytes non-tlh="163880" tlh="3617960" />
  <largest-consumer threadName="Thread-7" threadId="00000000019E6F00" bytes="1162016" />
</allocation-stats>
<gc-op id="358" type="mark" timems="1.899" contextid="355" timestamp="2019-08-02T19:06:15.576">
  <trace-info objectcount="40833" scancount="33097" scanbytes="2024760" />
  <finalization candidates="25" enqueued="0" />
  <references type="soft" candidates="65" cleared="0" enqueued="0" dynamicThreshold="14" maxThreshold="32" />
  <references type="weak" candidates="283" cleared="0" enqueued="0" />
  <references type="phantom" candidates="102" cleared="0" enqueued="0" />
  <stringconstants candidates="3944" cleared="0"  />
</gc-op>
<gc-op id="359" type="sweep" timems="1.053" contextid="355" timestamp="2019-08-02T19:06:15.577" />
<mem-info id="360" free="4020312" total="8388608" percent="47">
  <mem type="tenure" free="4020312" total="8388608" percent="47" micro-fragmented="21284" macro-fragmented="0">
    <mem type="soa" free="3937368" total="8305664" percent="47" />
    <mem type="loa" free="82944" total="82944" percent="100" />
  </mem>
</mem-info>
<gc-op id="361" type="compact" timems="7.373" contextid="355" timestamp="2019-08-02T19:06:15.585">
  <compact-info movecount="12942" movebytes="2438384" reason="no compaction" />
</gc-op>
<gc-end id="362" type="global" contextid="355" durationms="11.493" usertimems="20.000" systemtimems="0.000" timestamp="2019-08-02T19:06:15.586" activeThreads="8">
  <mem-info id="363" free="4025928" total="8388608" percent="47">
    <mem type="tenure" free="4025928" total="8388608" percent="47">
      <mem type="soa" free="3942984" total="8305664" percent="47" />
      <mem type="loa" free="82944" total="82944" percent="100" />
    </mem>
  </mem-info>
</gc-end>
<cycle-end id="364" type="global" contextid="355" timestamp="2019-08-02T19:06:15.586" />
  <attribute name="elasticGC enabled" value="1" />
  <attribute name= "numThreadsSpecified" value="0" />
  <attribute name="heapSize specified" value="8388608" />
  <attribute name= "numCores" value="8" />
  <attribute name ="GC Interval" value="0" />
  <attribute name ="Control flow" value="3" />
  <attribute name="GC Util Range Max" value="97" />
  <attribute name="Current GC Util" value="71" />
  <attribute name= "Current Time Running" value="1748" />
<allocation-satisfied id="365" threadId="00000000019F2300" bytesRequested="48" />
<af-end id="366" timestamp="2019-08-02T19:06:15.586" threadId="00000000019F2C88" success="true" />
<exclusive-end id="367" timestamp="2019-08-02T19:06:15.586" durationms="12.378" />

<exclusive-start id="368" timestamp="2019-08-02T19:06:15.643" intervalms="68.761">
  <response-info timems="0.110" idlems="0.110" threads="0" lastid="00000000019F2300" lastname="Thread-10" />
</exclusive-start>
<af-start id="369" threadId="00000000019F2C88" totalBytesRequested="16392" timestamp="2019-08-02T19:06:15.643" intervalms="68.709" />
<cycle-start id="370" type="global" contextid="0" timestamp="2019-08-02T19:06:15.643" intervalms="68.710" />
<gc-start id="371" type="global" contextid="370" timestamp="2019-08-02T19:06:15.643">
  <mem-info id="372" free="82944" total="8388608" percent="0">
    <mem type="tenure" free="82944" total="8388608" percent="0">
      <mem type="soa" free="0" total="8305664" percent="0" />
      <mem type="loa" free="82944" total="82944" percent="100" />
    </mem>
  </mem-info>
</gc-start>
<allocation-stats totalBytes="3932528" >
  <allocated-bytes non-tlh="98328" tlh="3834200" />
  <largest-consumer threadName="Thread-8" threadId="00000000019EAB00" bytes="733416" />
</allocation-stats>
<gc-op id="373" type="mark" timems="2.066" contextid="370" timestamp="2019-08-02T19:06:15.645">
  <trace-info objectcount="40394" scancount="32711" scanbytes="1873108" />
  <finalization candidates="25" enqueued="0" />
  <references type="soft" candidates="65" cleared="0" enqueued="0" dynamicThreshold="15" maxThreshold="32" />
  <references type="weak" candidates="284" cleared="0" enqueued="0" />
  <references type="phantom" candidates="103" cleared="0" enqueued="0" />
  <stringconstants candidates="3944" cleared="0"  />
</gc-op>
<gc-op id="374" type="sweep" timems="1.132" contextid="370" timestamp="2019-08-02T19:06:15.646" />
<mem-info id="375" free="4347360" total="8388608" percent="51">
  <mem type="tenure" free="4347360" total="8388608" percent="51" micro-fragmented="22035" macro-fragmented="0">
    <mem type="soa" free="4264416" total="8305664" percent="51" />
    <mem type="loa" free="82944" total="82944" percent="100" />
  </mem>
</mem-info>
<gc-op id="376" type="compact" timems="7.479" contextid="370" timestamp="2019-08-02T19:06:15.654">
  <compact-info movecount="12503" movebytes="2102104" reason="no compaction" />
</gc-op>
<gc-end id="377" type="global" contextid="370" durationms="11.791" usertimems="20.000" systemtimems="0.000" timestamp="2019-08-02T19:06:15.655" activeThreads="8">
  <mem-info id="378" free="4354016" total="8388608" percent="51">
    <mem type="tenure" free="4354016" total="8388608" percent="51">
      <mem type="soa" free="4271072" total="8305664" percent="51" />
      <mem type="loa" free="82944" total="82944" percent="100" />
    </mem>
  </mem-info>
</gc-end>
<cycle-end id="379" type="global" contextid="370" timestamp="2019-08-02T19:06:15.655" />
  <attribute name="elasticGC enabled" value="1" />
  <attribute name= "numThreadsSpecified" value="0" />
  <attribute name="heapSize specified" value="8388608" />
  <attribute name= "numCores" value="8" />
  <attribute name ="GC Interval" value="0" />
  <attribute name ="Control flow" value="3" />
  <attribute name="GC Util Range Max" value="97" />
  <attribute name="Current GC Util" value="83" />
  <attribute name= "Current Time Running" value="1817" />
<allocation-satisfied id="380" threadId="00000000019F2300" bytesRequested="16392" />
<af-end id="381" timestamp="2019-08-02T19:06:15.655" threadId="00000000019F2C88" success="true" />
<exclusive-end id="382" timestamp="2019-08-02T19:06:15.655" durationms="12.546" />

<exclusive-start id="383" timestamp="2019-08-02T19:06:15.694" intervalms="51.469">
  <response-info timems="0.066" idlems="0.066" threads="0" lastid="00000000019E3300" lastname="Thread-6" />
</exclusive-start>
<af-start id="384" threadId="00000000019E3C88" totalBytesRequested="16392" timestamp="2019-08-02T19:06:15.694" intervalms="51.551" />
<cycle-start id="385" type="global" contextid="0" timestamp="2019-08-02T19:06:15.694" intervalms="51.570" />
<gc-start id="386" type="global" contextid="385" timestamp="2019-08-02T19:06:15.695">
  <mem-info id="387" free="82944" total="8388608" percent="0">
    <mem type="tenure" free="82944" total="8388608" percent="0">
      <mem type="soa" free="0" total="8305664" percent="0" />
      <mem type="loa" free="82944" total="82944" percent="100" />
    </mem>
  </mem-info>
</gc-start>
<allocation-stats totalBytes="4226520" >
  <allocated-bytes non-tlh="131104" tlh="4095416" />
  <largest-consumer threadName="Thread-4" threadId="00000000019DBC00" bytes="976560" />
</allocation-stats>
<gc-op id="388" type="mark" timems="2.125" contextid="385" timestamp="2019-08-02T19:06:15.697">
  <trace-info objectcount="40317" scancount="32606" scanbytes="1872092" />
  <finalization candidates="25" enqueued="0" />
  <references type="soft" candidates="65" cleared="0" enqueued="0" dynamicThreshold="16" maxThreshold="32" />
  <references type="weak" candidates="284" cleared="0" enqueued="0" />
  <references type="phantom" candidates="104" cleared="0" enqueued="0" />
  <stringconstants candidates="3944" cleared="0"  />
</gc-op>
<gc-op id="389" type="sweep" timems="0.732" contextid="385" timestamp="2019-08-02T19:06:15.698" />
<mem-info id="390" free="4322688" total="8388608" percent="51">
  <mem type="tenure" free="4322688" total="8388608" percent="51" micro-fragmented="13587" macro-fragmented="0">
    <mem type="soa" free="4239744" total="8305664" percent="51" />
    <mem type="loa" free="82944" total="82944" percent="100" />
  </mem>
</mem-info>
<gc-op id="391" type="compact" timems="5.653" contextid="385" timestamp="2019-08-02T19:06:15.704">
  <compact-info movecount="12426" movebytes="2142160" reason="no compaction" />
</gc-op>
<gc-end id="392" type="global" contextid="385" durationms="9.463" usertimems="16.000" systemtimems="4.000" timestamp="2019-08-02T19:06:15.704" activeThreads="8">
  <mem-info id="393" free="4309864" total="8388608" percent="51">
    <mem type="tenure" free="4309864" total="8388608" percent="51">
      <mem type="soa" free="4226920" total="8305664" percent="50" />
      <mem type="loa" free="82944" total="82944" percent="100" />
    </mem>
  </mem-info>
</gc-end>
<cycle-end id="394" type="global" contextid="385" timestamp="2019-08-02T19:06:15.704" />
  <attribute name="elasticGC enabled" value="1" />
  <attribute name= "numThreadsSpecified" value="0" />
  <attribute name="heapSize specified" value="8388608" />
  <attribute name= "numCores" value="8" />
  <attribute name ="GC Interval" value="0" />
  <attribute name ="Control flow" value="3" />
  <attribute name="GC Util Range Max" value="97" />
  <attribute name="Current GC Util" value="72" />
  <attribute name= "Current Time Running" value="1866" />
<allocation-satisfied id="395" threadId="00000000019E3300" bytesRequested="16392" />
<af-end id="396" timestamp="2019-08-02T19:06:15.704" threadId="00000000019E3C88" success="true" />
<exclusive-end id="397" timestamp="2019-08-02T19:06:15.704" durationms="10.182" />

<exclusive-start id="398" timestamp="2019-08-02T19:06:15.762" intervalms="67.986">
  <response-info timems="0.066" idlems="0.066" threads="0" lastid="00000000019EAB00" lastname="Thread-8" />
</exclusive-start>
<af-start id="399" threadId="00000000019EB488" totalBytesRequested="16" timestamp="2019-08-02T19:06:15.762" intervalms="67.951" />
<cycle-start id="400" type="global" contextid="0" timestamp="2019-08-02T19:06:15.762" intervalms="67.936" />
<gc-start id="401" type="global" contextid="400" timestamp="2019-08-02T19:06:15.762">
  <mem-info id="402" free="82944" total="8388608" percent="0">
    <mem type="tenure" free="82944" total="8388608" percent="0">
      <mem type="soa" free="0" total="8305664" percent="0" />
      <mem type="loa" free="82944" total="82944" percent="100" />
    </mem>
  </mem-info>
</gc-start>
<allocation-stats totalBytes="4234432" >
  <allocated-bytes non-tlh="180272" tlh="4054160" />
  <largest-consumer threadName="Thread-7" threadId="00000000019E6F00" bytes="856240" />
</allocation-stats>
<gc-op id="403" type="mark" timems="3.406" contextid="400" timestamp="2019-08-02T19:06:15.766">
  <trace-info objectcount="41393" scancount="33558" scanbytes="2040900" />
  <finalization candidates="25" enqueued="0" />
  <references type="soft" candidates="65" cleared="0" enqueued="0" dynamicThreshold="16" maxThreshold="32" />
  <references type="weak" candidates="283" cleared="0" enqueued="0" />
  <references type="phantom" candidates="103" cleared="0" enqueued="0" />
  <stringconstants candidates="3944" cleared="0"  />
</gc-op>
<gc-op id="404" type="sweep" timems="1.586" contextid="400" timestamp="2019-08-02T19:06:15.768" />
<mem-info id="405" free="3902840" total="8388608" percent="46">
  <mem type="tenure" free="3902840" total="8388608" percent="46" micro-fragmented="22322" macro-fragmented="0">
    <mem type="soa" free="3819896" total="8305664" percent="45" />
    <mem type="loa" free="82944" total="82944" percent="100" />
  </mem>
</mem-info>
<gc-op id="406" type="compact" timems="8.902" contextid="400" timestamp="2019-08-02T19:06:15.777">
  <compact-info movecount="13502" movebytes="2548368" reason="no compaction" />
</gc-op>
<gc-end id="407" type="global" contextid="400" durationms="15.349" usertimems="32.000" systemtimems="4.000" timestamp="2019-08-02T19:06:15.778" activeThreads="8">
  <mem-info id="408" free="3907752" total="8388608" percent="46">
    <mem type="tenure" free="3907752" total="8388608" percent="46">
      <mem type="soa" free="3824808" total="8305664" percent="46" />
      <mem type="loa" free="82944" total="82944" percent="100" />
    </mem>
  </mem-info>
</gc-end>
<cycle-end id="409" type="global" contextid="400" timestamp="2019-08-02T19:06:15.778" />
  <attribute name="elasticGC enabled" value="1" />
  <attribute name= "numThreadsSpecified" value="0" />
  <attribute name="heapSize specified" value="8388608" />
  <attribute name= "numCores" value="8" />
  <attribute name ="GC Interval" value="0" />
  <attribute name ="Control flow" value="3" />
  <attribute name="GC Util Range Max" value="97" />
  <attribute name="Current GC Util" value="97" />
  <attribute name= "Current Time Running" value="1940" />
<allocation-satisfied id="410" threadId="00000000019EAB00" bytesRequested="16" />
<af-end id="411" timestamp="2019-08-02T19:06:15.778" threadId="00000000019EB488" success="true" />
<exclusive-end id="412" timestamp="2019-08-02T19:06:15.778" durationms="16.203" />

<exclusive-start id="413" timestamp="2019-08-02T19:06:15.825" intervalms="62.705">
  <response-info timems="0.059" idlems="0.059" threads="0" lastid="00000000019E3300" lastname="Thread-6" />
</exclusive-start>
<af-start id="414" threadId="00000000019E3C88" totalBytesRequested="48" timestamp="2019-08-02T19:06:15.825" intervalms="62.682" />
<cycle-start id="415" type="global" contextid="0" timestamp="2019-08-02T19:06:15.825" intervalms="62.679" />
<gc-start id="416" type="global" contextid="415" timestamp="2019-08-02T19:06:15.825">
  <mem-info id="417" free="82944" total="8388608" percent="0">
    <mem type="tenure" free="82944" total="8388608" percent="0">
      <mem type="soa" free="0" total="8305664" percent="0" />
      <mem type="loa" free="82944" total="82944" percent="100" />
    </mem>
  </mem-info>
</gc-start>
<allocation-stats totalBytes="3796272" >
  <allocated-bytes non-tlh="131104" tlh="3665168" />
  <largest-consumer threadName="Thread-5" threadId="00000000019DF800" bytes="944456" />
</allocation-stats>
<gc-op id="418" type="mark" timems="1.795" contextid="415" timestamp="2019-08-02T19:06:15.827">
  <trace-info objectcount="40852" scancount="33044" scanbytes="1955108" />
  <finalization candidates="25" enqueued="0" />
  <references type="soft" candidates="65" cleared="0" enqueued="0" dynamicThreshold="14" maxThreshold="32" />
  <references type="weak" candidates="283" cleared="0" enqueued="0" />
  <references type="phantom" candidates="102" cleared="0" enqueued="0" />
  <stringconstants candidates="3944" cleared="0"  />
</gc-op>
<gc-op id="419" type="sweep" timems="0.722" contextid="415" timestamp="2019-08-02T19:06:15.828" />
<mem-info id="420" free="4150048" total="8388608" percent="49">
  <mem type="tenure" free="4150048" total="8388608" percent="49" micro-fragmented="25908" macro-fragmented="0">
    <mem type="soa" free="4067104" total="8305664" percent="48" />
    <mem type="loa" free="82944" total="82944" percent="100" />
  </mem>
</mem-info>
<gc-op id="421" type="compact" timems="6.265" contextid="415" timestamp="2019-08-02T19:06:15.834">
  <compact-info movecount="12961" movebytes="2304344" reason="no compaction" />
</gc-op>
<gc-end id="422" type="global" contextid="415" durationms="9.582" usertimems="12.000" systemtimems="4.000" timestamp="2019-08-02T19:06:15.835" activeThreads="8">
  <mem-info id="423" free="4151776" total="8388608" percent="49">
    <mem type="tenure" free="4151776" total="8388608" percent="49">
      <mem type="soa" free="4068832" total="8305664" percent="48" />
      <mem type="loa" free="82944" total="82944" percent="100" />
    </mem>
  </mem-info>
</gc-end>
<cycle-end id="424" type="global" contextid="415" timestamp="2019-08-02T19:06:15.835" />
  <attribute name="elasticGC enabled" value="1" />
  <attribute name= "numThreadsSpecified" value="0" />
  <attribute name="heapSize specified" value="8388608" />
  <attribute name= "numCores" value="8" />
  <attribute name ="GC Interval" value="0" />
  <attribute name ="Control flow" value="3" />
  <attribute name="GC Util Range Max" value="97" />
  <attribute name="Current GC Util" value="69" />
  <attribute name= "Current Time Running" value="1997" />
<allocation-satisfied id="425" threadId="00000000019E3300" bytesRequested="48" />
<af-end id="426" timestamp="2019-08-02T19:06:15.835" threadId="00000000019E3C88" success="true" />
<exclusive-end id="427" timestamp="2019-08-02T19:06:15.835" durationms="10.422" />

<exclusive-start id="428" timestamp="2019-08-02T19:06:15.947" intervalms="122.533">
  <response-info timems="0.103" idlems="0.103" threads="0" lastid="000000000169BA00" lastname="main" />
</exclusive-start>
<af-start id="429" threadId="000000000169C388" totalBytesRequested="16" timestamp="2019-08-02T19:06:15.948" intervalms="122.579" />
<cycle-start id="430" type="global" contextid="0" timestamp="2019-08-02T19:06:15.948" intervalms="122.654" />
<gc-start id="431" type="global" contextid="430" timestamp="2019-08-02T19:06:15.948">
  <mem-info id="432" free="82944" total="8388608" percent="0">
    <mem type="tenure" free="82944" total="8388608" percent="0">
      <mem type="soa" free="0" total="8305664" percent="0" />
      <mem type="loa" free="82944" total="82944" percent="100" />
    </mem>
  </mem-info>
</gc-start>
<allocation-stats totalBytes="4052016" >
  <allocated-bytes non-tlh="230832" tlh="3821184" />
  <largest-consumer threadName="main" threadId="000000000169BA00" bytes="242544" />
</allocation-stats>
<gc-op id="433" type="mark" timems="1.800" contextid="430" timestamp="2019-08-02T19:06:15.950">
  <trace-info objectcount="34945" scancount="28016" scanbytes="1157188" />
  <finalization candidates="25" enqueued="0" />
  <references type="soft" candidates="60" cleared="0" enqueued="0" dynamicThreshold="15" maxThreshold="32" />
  <references type="weak" candidates="273" cleared="14" enqueued="14" />
  <references type="phantom" candidates="104" cleared="14" enqueued="14" />
  <stringconstants candidates="4335" cleared="45"  />
</gc-op>
<gc-op id="434" type="sweep" timems="0.770" contextid="430" timestamp="2019-08-02T19:06:15.951" />
<mem-info id="435" free="5983648" total="8388608" percent="71">
  <mem type="tenure" free="5983648" total="8388608" percent="71" micro-fragmented="97314" macro-fragmented="0">
    <mem type="soa" free="5900704" total="8305664" percent="71" />
    <mem type="loa" free="82944" total="82944" percent="100" />
  </mem>
  <pending-finalizers system="0" default="0" reference="28" classloader="0" />
</mem-info>
<gc-op id="436" type="compact" timems="8.215" contextid="430" timestamp="2019-08-02T19:06:15.959">
  <compact-info movecount="29004" movebytes="2033336" reason="no compaction" />
</gc-op>
<gc-end id="437" type="global" contextid="430" durationms="11.968" usertimems="20.000" systemtimems="4.000" timestamp="2019-08-02T19:06:15.960" activeThreads="8">
  <mem-info id="438" free="6071024" total="8388608" percent="72">
    <mem type="tenure" free="6071024" total="8388608" percent="72">
      <mem type="soa" free="5988080" total="8305664" percent="72" />
      <mem type="loa" free="82944" total="82944" percent="100" />
    </mem>
    <pending-finalizers system="0" default="0" reference="28" classloader="0" />
  </mem-info>
</gc-end>
<cycle-end id="439" type="global" contextid="430" timestamp="2019-08-02T19:06:15.960" />
  <attribute name="elasticGC enabled" value="1" />
  <attribute name= "numThreadsSpecified" value="0" />
  <attribute name="heapSize specified" value="8388608" />
  <attribute name= "numCores" value="8" />
  <attribute name ="GC Interval" value="0" />
  <attribute name ="Control flow" value="3" />
  <attribute name="GC Util Range Max" value="97" />
  <attribute name="Current GC Util" value="90" />
  <attribute name= "Current Time Running" value="2122" />
<allocation-satisfied id="440" threadId="000000000169BA00" bytesRequested="16" />
<af-end id="441" timestamp="2019-08-02T19:06:15.960" threadId="000000000169C388" success="true" />
<exclusive-end id="442" timestamp="2019-08-02T19:06:15.960" durationms="13.039" />

</verbosegc>

