<?xml version="1.0" ?>

<verbosegc xmlns="http://www.ibm.com/j9/verbosegc" version="10b4217_CMPRSS">

<initialized id="1" timestamp="2019-06-17T01:09:35.413">
  <attribute name="gcPolicy" value="-Xgcpolicy:balanced" />
  <attribute name="elasticGC enabled" value="1" />
  <attribute name= "numThreadsSpecified" value="0" />
  <attribute name="heapSize specified" value="0" />
  <attribute name="Current GC Util" value="0" />
  <attribute name= "Current Time Running" value="0" />
  <attribute name ="GC Interval" value="0" />
  <attribute name="ProportionalT" value="0.000000" />
  <attribute name="ProportionalI" value="0.000000" />
  <attribute name="ProportionalH" value="0.000000" />
  <attribute name="IntegralT" value="0.000000" />
  <attribute name="IntegralI" value="0.000000" />
  <attribute name="IntegralH" value="0.000000" />
  <attribute name="DerivativeT" value="0.000000" />
  <attribute name="DerivativeI" value="0.000000" />
  <attribute name="DerivativeH" value="0.000000" />
  <attribute name="Target GC Util Change" value ="0.000000" />
  <attribute name="Current GC Util Change" value="0.000000"/>
  <attribute name="Current Error" value="0.000000" />
  <attribute name="Loop Time for DT" value="0.000000" />
  <attribute name="Output H" value="0"/>
  <attribute name="Output I" value="0"/>
  <attribute name="Output T" value="0"/>
  <attribute name="GC Util currently" value="0" />
  <attribute name="CPU Util currently" value="0" />
  <attribute name="maxHeapSize" value="0x7cb00000" />
  <attribute name="initialHeapSize" value="0x800000" />
  <attribute name="compressedRefs" value="true" />
  <attribute name="compressedRefsDisplacement" value="0x0" />
  <attribute name="compressedRefsShift" value="0x0" />
  <attribute name="pageSize" value="0x1000" />
  <attribute name="pageType" value="not used" />
  <attribute name="requestedPageSize" value="0x1000" />
  <attribute name="requestedPageType" value="not used" />
  <attribute name="gcthreads" value="4" />
  <attribute name="packetListSplit" value="4" />
  <attribute name="cacheListSplit" value="4" />
  <attribute name="splitFreeListSplitAmount" value="1" />
  <attribute name="numaNodes" value="0" />
  <region>
    <attribute name="regionSize" value="1048576" />
    <attribute name="regionCount" value="1995" />
    <attribute name="arrayletLeafSize" value="1048576" />
  </region>
  <system>
    <attribute name="physicalMemory" value="8370958336" />
    <attribute name="numCPUs" value="4" />
    <attribute name="architecture" value="amd64" />
    <attribute name="os" value="Linux" />
    <attribute name="osVersion" value="4.4.0-150-generic" />
  </system>
  <vmargs>
    <vmarg name="-Xoptionsfile=/vagrant/jdk/lib/options.default" />
    <vmarg name="-Xlockword:mode=default,noLockword=java/lang/String,noLockword=java/util/MapEntry,noLockword=java/util/HashMap$Entry,noLockword..." />
    <vmarg name="-Xjcl:jclse29" />
    <vmarg name="-Dcom.ibm.oti.vm.bootstrap.library.path=/vagrant/jdk/lib/compressedrefs:/vagrant/jdk/lib" />
    <vmarg name="-Dsun.boot.library.path=/vagrant/jdk/lib/compressedrefs:/vagrant/jdk/lib" />
    <vmarg name="-Djava.library.path=/vagrant/jdk/lib/compressedrefs:/vagrant/jdk/lib:/usr/lib64:/usr/lib" />
    <vmarg name="-Djava.home=/vagrant/jdk" />
    <vmarg name="-Duser.dir=/vagrant" />
    <vmarg name="-Xgcpolicy:balanced" />
    <vmarg name="-Xgcelastic" />
    <vmarg name="-Xcheck:gc:::elasticGC" />
    <vmarg name="-verbose:gc" />
    <vmarg name="-Xloggc:jdk1.5-1-1.5-small-BAL-4CORE-elasticverbose15xalan.txt" />
    <vmarg name="-Djava.class.path=dacapo-9.12-MR1-bach.jar" />
    <vmarg name="-Dsun.java.command=dacapo-9.12-MR1-bach.jar xalan --size=small" />
    <vmarg name="-Dsun.java.launcher=SUN_STANDARD" />
    <vmarg name="-Dsun.java.launcher.pid=28974" />
  </vmargs>
</initialized>

<exclusive-start id="2" timestamp="2019-06-17T01:09:36.756" intervalms="1343.174">
  <response-info timems="0.054" idlems="0.054" threads="0" lastid="0000000001D76700" lastname="main" />
</exclusive-start>
<allocation-taxation id="3" taxation-threshold="8388608" timestamp="2019-06-17T01:09:36.756" intervalms="1343.365" />
<cycle-start id="4" type="partial gc" contextid="0" timestamp="2019-06-17T01:09:36.756" intervalms="1343.646" />
<gc-start id="5" type="partial gc" contextid="4" timestamp="2019-06-17T01:09:36.757">
  <mem-info id="6" free="0" total="8388608" percent="0">
    <mem type="eden" free="80" total="8388608" percent="0" />
    <remembered-set count="0" freebytes="334848" totalbytes="334848" percent="100" regionsoverflowed="0" regionsstable="0" regionsrebuilding="0"/>
  </mem-info>
</gc-start>
<allocation-stats totalBytes="8376192" >
  <allocated-bytes non-tlh="706664" tlh="7669528" arrayletleaf="0"/>
  <largest-consumer threadName="main" threadId="0000000001D76700" bytes="8302544" />
</allocation-stats>
<gc-op id="7" type="mark" timems="2.778" contextid="4" timestamp="2019-06-17T01:09:36.761">
  <trace-info objectcount="21834" scancount="17124" scanbytes="570176" />
  <remembered-set-cleared processed="0" cleared="0" durationms="0.088" />
  <finalization candidates="15" enqueued="1" />
  <references type="soft" candidates="74" cleared="0" enqueued="0" dynamicThreshold="32" maxThreshold="32" />
  <references type="weak" candidates="580" cleared="437" enqueued="398" />
  <references type="phantom" candidates="127" cleared="44" enqueued="44" />
  <stringconstants candidates="2981" cleared="0"  />
  <warning details="Mark for calibration purposes" />
</gc-op>
<gc-op id="8" type="classunload" timems="0.047" contextid="4" timestamp="2019-06-17T01:09:36.761">
  <classunload-info classloadercandidates="6" classloadersunloaded="0" classesunloaded="0" anonymousclassesunloaded="0" quiescems="0.000" setupms="0.047" scanms="0.000" postms="0.000" />
</gc-op>
<gc-op id="9" type="sweep" timems="2.283" contextid="4" timestamp="2019-06-17T01:09:36.763" />
<gc-op id="10" type="compact" timems="6.131" contextid="4" timestamp="2019-06-17T01:09:36.770">
  <compact-info movecount="21802" movebytes="1517136" />
  <remembered-set-cleared processed="0" cleared="0" durationms="0.088" />
</gc-op>
<gc-end id="11" type="partial gc" contextid="4" durationms="14.083" usertimems="16.000" systemtimems="0.000" timestamp="2019-06-17T01:09:36.771" activeThreads="4">
  <mem-info id="12" free="6291456" total="8388608" percent="75">
    <mem type="eden" free="577496" total="2097152" percent="27" />
    <pending-finalizers system="1" default="0" reference="442" classloader="0" />
    <remembered-set count="1536" freebytes="328704" totalbytes="334848" percent="98" regionsoverflowed="0" regionsstable="0" regionsrebuilding="0"/>
  </mem-info>
</gc-end>
<cycle-end id="13" type="partial gc" contextid="4" timestamp="2019-06-17T01:09:36.771" />
  <attribute name="elasticGC enabled" value="1" />
  <attribute name= "numThreadsSpecified" value="4" />
  <attribute name="heapSize specified" value="0" />
  <attribute name="Current GC Util" value="69" />
  <attribute name= "Current Time Running" value="1232" />
  <attribute name ="GC Interval" value="0" />
  <attribute name="ProportionalT" value="73.500000" />
  <attribute name="ProportionalI" value="73.500000" />
  <attribute name="ProportionalH" value="73.500000" />
  <attribute name="Current Error" value="49.000000" />
  <attribute name="IntegralT" value="-24502.000000" />
  <attribute name="IntegralI" value="-24502.000000" />
  <attribute name="IntegralH" value="-24502.000000" />
  <attribute name="DerivativeT" value="36.750000" />
  <attribute name="DerivativeI" value="36.750000" />
  <attribute name="DerivativeH" value="36.750000" />
  <attribute name="Loop Time for DT" value="2.000000" />
  <attribute name="Output H" value="2091843584"/>
  <attribute name="Output I" value="200"/>
  <attribute name="Output T" value="4"/>
  <attribute name="Target GC Util Change" value ="20.000000" />
  <attribute name="Current GC Util Change" value="69.000000"/>
  <attribute name="GC Util currently" value="69" />
  <attribute name="CPU Util currently" value="1675265526363" />
<exclusive-end id="14" timestamp="2019-06-17T01:09:36.771" durationms="15.215" />

<exclusive-start id="15" timestamp="2019-06-17T01:09:36.972" intervalms="215.546">
  <response-info timems="0.067" idlems="0.067" threads="0" lastid="0000000001D76700" lastname="main" />
</exclusive-start>
<sys-start reason="explicit" id="16" timestamp="2019-06-17T01:09:36.979" intervalms="1565.982" />
<cycle-start id="17" type="global garbage collect" contextid="0" timestamp="2019-06-17T01:09:36.979" intervalms="1566.628" />
<gc-start id="18" type="global garbage collect" contextid="17" timestamp="2019-06-17T01:09:36.992">
  <mem-info id="19" free="635320" total="8388608" percent="7">
    <mem type="eden" free="635320" total="6291456" percent="10" />
    <remembered-set count="1536" freebytes="328704" totalbytes="334848" percent="98" regionsoverflowed="0" regionsstable="0" regionsrebuilding="0"/>
  </mem-info>
</gc-start>
<allocation-stats totalBytes="5620360" >
  <allocated-bytes non-tlh="192896" tlh="5427464" arrayletleaf="0"/>
  <largest-consumer threadName="main" threadId="0000000001D76700" bytes="5587856" />
</allocation-stats>
<gc-op id="20" type="global mark" timems="15.717" contextid="17" timestamp="2019-06-17T01:09:37.016">
  <trace-info objectcount="29704" scancount="23273" scanbytes="872160" />
  <finalization candidates="15" enqueued="0" />
  <references type="soft" candidates="133" cleared="0" enqueued="0" dynamicThreshold="24" maxThreshold="32" />
  <references type="weak" candidates="176" cleared="28" enqueued="28" />
  <references type="phantom" candidates="85" cleared="2" enqueued="2" />
  <stringconstants candidates="3535" cleared="22"  />
</gc-op>
<gc-op id="21" type="classunload" timems="0.003" contextid="17" timestamp="2019-06-17T01:09:37.016">
  <classunload-info classloadercandidates="19" classloadersunloaded="0" classesunloaded="0" anonymousclassesunloaded="0" quiescems="0.000" setupms="0.003" scanms="0.000" postms="0.000" />
</gc-op>
<gc-op id="22" type="sweep" timems="0.429" contextid="17" timestamp="2019-06-17T01:09:37.017" />
<gc-op id="23" type="compact" timems="4.327" contextid="17" timestamp="2019-06-17T01:09:37.022">
  <compact-info movecount="25039" movebytes="1792840" />
  <remembered-set-cleared processed="9286" cleared="9286" durationms="0.107" />
</gc-op>
<gc-end id="24" type="global garbage collect" contextid="17" durationms="29.659" usertimems="8.000" systemtimems="8.000" timestamp="2019-06-17T01:09:37.022" activeThreads="4">
  <mem-info id="25" free="5242880" total="8388608" percent="62">
    <pending-finalizers system="0" default="0" reference="30" classloader="0" />
    <remembered-set count="3584" freebytes="320512" totalbytes="334848" percent="95" regionsoverflowed="0" regionsstable="0" regionsrebuilding="0"/>
  </mem-info>
</gc-end>
<cycle-end id="26" type="global garbage collect" contextid="17" timestamp="2019-06-17T01:09:37.022" />
  <attribute name="elasticGC enabled" value="1" />
  <attribute name= "numThreadsSpecified" value="4" />
  <attribute name="heapSize specified" value="0" />
  <attribute name="Current GC Util" value="31" />
  <attribute name= "Current Time Running" value="1486" />
  <attribute name ="GC Interval" value="0" />
  <attribute name="ProportionalT" value="16.500000" />
  <attribute name="ProportionalI" value="16.500000" />
  <attribute name="ProportionalH" value="16.500000" />
  <attribute name="Current Error" value="11.000000" />
  <attribute name="IntegralT" value="11.000000" />
  <attribute name="IntegralI" value="11.000000" />
  <attribute name="IntegralH" value="11.000000" />
  <attribute name="DerivativeT" value="-4.500000" />
  <attribute name="DerivativeI" value="-4.500000" />
  <attribute name="DerivativeH" value="-4.500000" />
  <attribute name="Loop Time for DT" value="1.000000" />
  <attribute name="Output H" value="8388608"/>
  <attribute name="Output I" value="200"/>
  <attribute name="Output T" value="4"/>
  <attribute name="Target GC Util Change" value ="20.000000" />
  <attribute name="Current GC Util Change" value="31.000000"/>
  <attribute name="GC Util currently" value="31" />
  <attribute name="CPU Util currently" value="5933130683084" />
<sys-end id="27" timestamp="2019-06-17T01:09:37.022" />
<exclusive-end id="28" timestamp="2019-06-17T01:09:37.023" durationms="51.089" />

<exclusive-start id="29" timestamp="2019-06-17T01:09:37.246" intervalms="274.157">
  <response-info timems="0.030" idlems="0.030" threads="0" lastid="00000000020AB500" lastname="Thread-4" />
</exclusive-start>
<allocation-taxation id="30" taxation-threshold="5242880" timestamp="2019-06-17T01:09:37.246" intervalms="489.598" />
<cycle-start id="31" type="partial gc" contextid="0" timestamp="2019-06-17T01:09:37.246" intervalms="489.402" />
<gc-start id="32" type="partial gc" contextid="31" timestamp="2019-06-17T01:09:37.246">
  <mem-info id="33" free="0" total="8388608" percent="0">
    <mem type="eden" free="0" total="5242880" percent="0" />
    <remembered-set count="3456" freebytes="321024" totalbytes="334848" percent="95" regionsoverflowed="0" regionsstable="0" regionsrebuilding="0"/>
  </mem-info>
</gc-start>
<allocation-stats totalBytes="5225272" >
  <allocated-bytes non-tlh="304272" tlh="4921000" arrayletleaf="0"/>
  <largest-consumer threadName="Thread-4" threadId="00000000020AB500" bytes="1766936" />
</allocation-stats>
<gc-op id="34" type="mark" timems="1.744" contextid="31" timestamp="2019-06-17T01:09:37.248">
  <trace-info objectcount="10546" scancount="8176" scanbytes="746912" />
  <cardclean-info objects="1387" bytes="62000" />
  <remembered-set-cleared processed="2300" cleared="210" durationms="0.076" />
  <finalization candidates="12" enqueued="2" />
  <references type="soft" candidates="31" cleared="0" enqueued="0" dynamicThreshold="20" maxThreshold="32" />
  <references type="weak" candidates="147" cleared="28" enqueued="27" />
  <references type="phantom" candidates="15" cleared="0" enqueued="0" />
  <stringconstants candidates="3942" cleared="0"  />
  <warning details="Mark invoked due to insufficient free space for Copy-Forward" />
</gc-op>
<gc-op id="35" type="classunload" timems="0.279" contextid="31" timestamp="2019-06-17T01:09:37.249">
  <classunload-info classloadercandidates="19" classloadersunloaded="0" classesunloaded="4" anonymousclassesunloaded="4" quiescems="0.000" setupms="0.271" scanms="0.004" postms="0.003" />
</gc-op>
<gc-op id="36" type="sweep" timems="0.458" contextid="31" timestamp="2019-06-17T01:09:37.250" />
<gc-op id="37" type="compact" timems="2.396" contextid="31" timestamp="2019-06-17T01:09:37.252">
  <compact-info movecount="10531" movebytes="1303440" />
  <remembered-set-cleared processed="6058" cleared="1841" durationms="0.076" />
</gc-op>
<heap-resize id="38" type="expand" space="default" amount="1048576" count="1" timems="0.056" reason="insufficient free space following gc" timestamp="2019-06-17T01:09:37.253" />
<gc-end id="39" type="partial gc" contextid="31" durationms="6.504" usertimems="0.000" systemtimems="8.000" timestamp="2019-06-17T01:09:37.253" activeThreads="1">
  <mem-info id="40" free="4194304" total="9437184" percent="44">
    <mem type="eden" free="791064" total="2097152" percent="37" />
    <pending-finalizers system="2" default="0" reference="27" classloader="0" />
    <remembered-set count="4736" freebytes="357760" totalbytes="376704" percent="94" regionsoverflowed="0" regionsstable="0" regionsrebuilding="0"/>
  </mem-info>
</gc-end>
<cycle-end id="41" type="partial gc" contextid="31" timestamp="2019-06-17T01:09:37.253" />
  <attribute name="elasticGC enabled" value="1" />
  <attribute name= "numThreadsSpecified" value="1" />
  <attribute name="heapSize specified" value="0" />
  <attribute name="Current GC Util" value="31" />
  <attribute name= "Current Time Running" value="1718" />
  <attribute name ="GC Interval" value="0" />
  <attribute name="ProportionalT" value="16.500000" />
  <attribute name="ProportionalI" value="16.500000" />
  <attribute name="ProportionalH" value="16.500000" />
  <attribute name="Current Error" value="11.000000" />
  <attribute name="IntegralT" value="0.000000" />
  <attribute name="IntegralI" value="0.000000" />
  <attribute name="IntegralH" value="0.000000" />
  <attribute name="DerivativeT" value="inf" />
  <attribute name="DerivativeI" value="inf" />
  <attribute name="DerivativeH" value="inf" />
  <attribute name="Loop Time for DT" value="0.000000" />
  <attribute name="Output H" value="8388608"/>
  <attribute name="Output I" value="200"/>
  <attribute name="Output T" value="1"/>
  <attribute name="Target GC Util Change" value ="20.000000" />
  <attribute name="Current GC Util Change" value="31.000000"/>
  <attribute name="GC Util currently" value="31" />
  <attribute name="CPU Util currently" value="6380563163204" />
<exclusive-end id="42" timestamp="2019-06-17T01:09:37.253" durationms="7.434" />

<exclusive-start id="43" timestamp="2019-06-17T01:09:37.295" intervalms="49.702">
  <response-info timems="0.042" idlems="0.042" threads="0" lastid="00000000020AF100" lastname="Thread-5" />
</exclusive-start>
<allocation-taxation id="44" taxation-threshold="2097152" timestamp="2019-06-17T01:09:37.295" intervalms="49.697" />
<cycle-start id="45" type="global mark phase" contextid="0" timestamp="2019-06-17T01:09:37.296" intervalms="1882.726" />
<gc-start id="46" type="global mark phase" contextid="45" timestamp="2019-06-17T01:09:37.296">
  <mem-info id="47" free="2097152" total="9437184" percent="22">
    <remembered-set count="4384" freebytes="359168" totalbytes="376704" percent="95" regionsoverflowed="0" regionsstable="0" regionsrebuilding="0"/>
  </mem-info>
</gc-start>
<gc-op id="48" type="mark increment" timems="0.531" contextid="45" timestamp="2019-06-17T01:09:37.296">
  <trace-info objectcount="205" scancount="0" scanbytes="0" />
</gc-op>
<gc-end id="49" type="global mark phase" contextid="45" durationms="0.652" usertimems="0.000" systemtimems="0.000" timestamp="2019-06-17T01:09:37.296" activeThreads="1">
  <mem-info id="50" free="2097152" total="9437184" percent="22">
    <remembered-set count="4384" freebytes="359168" totalbytes="376704" percent="95" regionsoverflowed="0" regionsstable="0" regionsrebuilding="0"/>
  </mem-info>
</gc-end>
<concurrent-start id="51" type="GMP work packet processing" contextid="45" timestamp="2019-06-17T01:09:37.296">
  <concurrent-mark-start scanTarget="18446744073709551615" />
</concurrent-start>
<exclusive-end id="52" timestamp="2019-06-17T01:09:37.296" durationms="1.007" />

<concurrent-end id="53" type="GMP work packet processing" contextid="45" timestamp="2019-06-17T01:09:37.298">
  <concurrent-mark-end bytesScanned="1606100" reasonForTermination="Completed all work in GC phase" />
</concurrent-end>

<exclusive-start id="54" timestamp="2019-06-17T01:09:37.347" intervalms="51.133">
  <response-info timems="0.034" idlems="0.034" threads="0" lastid="00000000020A7900" lastname="Thread-3" />
</exclusive-start>
<allocation-taxation id="55" taxation-threshold="2097152" timestamp="2019-06-17T01:09:37.347" intervalms="51.134" />
<cycle-start id="56" type="partial gc" contextid="0" timestamp="2019-06-17T01:09:37.347" intervalms="100.823" />
<gc-start id="57" type="partial gc" contextid="56" timestamp="2019-06-17T01:09:37.347">
  <mem-info id="58" free="0" total="9437184" percent="0">
    <mem type="eden" free="0" total="5242880" percent="0" />
    <remembered-set count="4384" freebytes="359168" totalbytes="376704" percent="95" regionsoverflowed="0" regionsstable="0" regionsrebuilding="0"/>
  </mem-info>
</gc-start>
<allocation-stats totalBytes="4058904" >
  <allocated-bytes non-tlh="33864" tlh="4025040" arrayletleaf="0"/>
  <largest-consumer threadName="Thread-6" threadId="00000000020B2D00" bytes="827088" />
</allocation-stats>
<gc-op id="59" type="mark" timems="1.526" contextid="56" timestamp="2019-06-17T01:09:37.349">
  <trace-info objectcount="10616" scancount="8155" scanbytes="758296" />
  <cardclean-info objects="1011" bytes="54544" />
  <remembered-set-cleared processed="3038" cleared="995" durationms="0.069" />
  <finalization candidates="10" enqueued="0" />
  <references type="soft" candidates="31" cleared="0" enqueued="0" dynamicThreshold="7" maxThreshold="32" />
  <references type="weak" candidates="121" cleared="1" enqueued="1" />
  <references type="phantom" candidates="16" cleared="0" enqueued="0" />
  <stringconstants candidates="3960" cleared="0"  />
  <warning details="Mark invoked due to insufficient free space for Copy-Forward" />
</gc-op>
<gc-op id="60" type="classunload" timems="0.002" contextid="56" timestamp="2019-06-17T01:09:37.349">
  <classunload-info classloadercandidates="20" classloadersunloaded="0" classesunloaded="0" anonymousclassesunloaded="0" quiescems="0.000" setupms="0.001" scanms="0.000" postms="0.000" />
</gc-op>
<gc-op id="61" type="sweep" timems="0.355" contextid="56" timestamp="2019-06-17T01:09:37.349" />
<gc-op id="62" type="compact" timems="2.340" contextid="56" timestamp="2019-06-17T01:09:37.352">
  <compact-info movecount="10592" movebytes="1424352" />
  <remembered-set-cleared processed="6866" cleared="2775" durationms="0.069" />
</gc-op>
<heap-resize id="63" type="expand" space="default" amount="2097152" count="1" timems="0.066" reason="insufficient free space following gc" timestamp="2019-06-17T01:09:37.352" />
<gc-end id="64" type="partial gc" contextid="56" durationms="5.547" usertimems="0.000" systemtimems="4.000" timestamp="2019-06-17T01:09:37.352" activeThreads="1">
  <mem-info id="65" free="6291456" total="11534336" percent="54">
    <mem type="eden" free="671352" total="2097152" percent="32" />
    <pending-finalizers system="0" default="0" reference="1" classloader="0" />
    <remembered-set count="4768" freebytes="441344" totalbytes="460416" percent="95" regionsoverflowed="0" regionsstable="0" regionsrebuilding="0"/>
  </mem-info>
</gc-end>
<cycle-end id="66" type="partial gc" contextid="56" timestamp="2019-06-17T01:09:37.353" />
  <attribute name="elasticGC enabled" value="1" />
  <attribute name= "numThreadsSpecified" value="1" />
  <attribute name="heapSize specified" value="0" />
  <attribute name="Current GC Util" value="36" />
  <attribute name= "Current Time Running" value="1818" />
  <attribute name ="GC Interval" value="0" />
  <attribute name="ProportionalT" value="24.000000" />
  <attribute name="ProportionalI" value="24.000000" />
  <attribute name="ProportionalH" value="24.000000" />
  <attribute name="Current Error" value="16.000000" />
  <attribute name="IntegralT" value="0.000000" />
  <attribute name="IntegralI" value="0.000000" />
  <attribute name="IntegralH" value="0.000000" />
  <attribute name="DerivativeT" value="inf" />
  <attribute name="DerivativeI" value="inf" />
  <attribute name="DerivativeH" value="inf" />
  <attribute name="Loop Time for DT" value="0.000000" />
  <attribute name="Output H" value="8388608"/>
  <attribute name="Output I" value="200"/>
  <attribute name="Output T" value="1"/>
  <attribute name="Target GC Util Change" value ="20.000000" />
  <attribute name="Current GC Util Change" value="36.000000"/>
  <attribute name="GC Util currently" value="36" />
  <attribute name="CPU Util currently" value="8317706843190" />
<exclusive-end id="67" timestamp="2019-06-17T01:09:37.353" durationms="6.353" />

<exclusive-start id="68" timestamp="2019-06-17T01:09:37.397" intervalms="50.156">
  <response-info timems="0.043" idlems="0.043" threads="0" lastid="00000000020B2D00" lastname="Thread-6" />
</exclusive-start>
<allocation-taxation id="69" taxation-threshold="3145728" timestamp="2019-06-17T01:09:37.397" intervalms="50.181" />
<gc-start id="70" type="global mark phase" contextid="45" timestamp="2019-06-17T01:09:37.397">
  <mem-info id="71" free="3145728" total="11534336" percent="27">
    <remembered-set count="4704" freebytes="441600" totalbytes="460416" percent="95" regionsoverflowed="0" regionsstable="0" regionsrebuilding="0"/>
  </mem-info>
</gc-start>
<gc-op id="72" type="mark increment" timems="1.494" contextid="45" timestamp="2019-06-17T01:09:37.398">
  <trace-info objectcount="9533" scancount="7356" scanbytes="659876" />
  <cardclean-info objects="1706" bytes="81236" />
  <finalization candidates="25" enqueued="0" />
  <references type="soft" candidates="164" cleared="0" enqueued="0" dynamicThreshold="17" maxThreshold="32" />
  <references type="weak" candidates="268" cleared="0" enqueued="0" />
  <references type="phantom" candidates="101" cleared="2" enqueued="2" />
  <stringconstants candidates="3962" cleared="0"  />
</gc-op>
<gc-op id="73" type="classunload" timems="0.003" contextid="45" timestamp="2019-06-17T01:09:37.399">
  <classunload-info classloadercandidates="20" classloadersunloaded="0" classesunloaded="0" anonymousclassesunloaded="0" quiescems="0.000" setupms="0.003" scanms="0.000" postms="0.000" />
</gc-op>
<gc-end id="74" type="global mark phase" contextid="45" durationms="1.749" usertimems="0.000" systemtimems="4.000" timestamp="2019-06-17T01:09:37.399" activeThreads="4">
  <mem-info id="75" free="3145728" total="11534336" percent="27">
    <pending-finalizers system="0" default="0" reference="2" classloader="0" />
    <remembered-set count="4704" freebytes="441600" totalbytes="460416" percent="95" regionsoverflowed="0" regionsstable="0" regionsrebuilding="0"/>
  </mem-info>
</gc-end>
<cycle-end id="76" type="global mark phase" contextid="45" timestamp="2019-06-17T01:09:37.399" />
  <attribute name="elasticGC enabled" value="1" />
  <attribute name= "numThreadsSpecified" value="4" />
  <attribute name="heapSize specified" value="0" />
  <attribute name="Current GC Util" value="122" />
  <attribute name= "Current Time Running" value="1866" />
  <attribute name ="GC Interval" value="0" />
  <attribute name="ProportionalT" value="153.000000" />
  <attribute name="ProportionalI" value="153.000000" />
  <attribute name="ProportionalH" value="153.000000" />
  <attribute name="Current Error" value="102.000000" />
  <attribute name="IntegralT" value="0.000000" />
  <attribute name="IntegralI" value="0.000000" />
  <attribute name="IntegralH" value="0.000000" />
  <attribute name="DerivativeT" value="-inf" />
  <attribute name="DerivativeI" value="-inf" />
  <attribute name="DerivativeH" value="-inf" />
  <attribute name="Loop Time for DT" value="0.000000" />
  <attribute name="Output H" value="2091843584"/>
  <attribute name="Output I" value="200"/>
  <attribute name="Output T" value="4"/>
  <attribute name="Target GC Util Change" value ="20.000000" />
  <attribute name="Current GC Util Change" value="122.000000"/>
  <attribute name="GC Util currently" value="122" />
  <attribute name="CPU Util currently" value="11790612932179" />
<exclusive-end id="77" timestamp="2019-06-17T01:09:37.399" durationms="2.129" />

<exclusive-start id="78" timestamp="2019-06-17T01:09:37.440" intervalms="43.568">
  <response-info timems="0.030" idlems="0.030" threads="0" lastid="00000000020A7900" lastname="Thread-3" />
</exclusive-start>
<allocation-taxation id="79" taxation-threshold="3145728" timestamp="2019-06-17T01:09:37.440" intervalms="43.541" />
<cycle-start id="80" type="partial gc" contextid="0" timestamp="2019-06-17T01:09:37.440" intervalms="93.724" />
<gc-start id="81" type="partial gc" contextid="80" timestamp="2019-06-17T01:09:37.441">
  <mem-info id="82" free="0" total="11534336" percent="0">
    <mem type="eden" free="0" total="6291456" percent="0" />
    <remembered-set count="4704" freebytes="441600" totalbytes="460416" percent="95" regionsoverflowed="0" regionsstable="0" regionsrebuilding="0"/>
  </mem-info>
</gc-start>
<allocation-stats totalBytes="6190312" >
  <allocated-bytes non-tlh="41080" tlh="6149232" arrayletleaf="0"/>
  <largest-consumer threadName="Thread-6" threadId="00000000020B2D00" bytes="1351000" />
</allocation-stats>
<gc-op id="83" type="sweep" timems="0.438" contextid="80" timestamp="2019-06-17T01:09:37.441" />
<gc-op id="84" type="mark" timems="0.986" contextid="80" timestamp="2019-06-17T01:09:37.443">
  <trace-info objectcount="3272" scancount="2508" scanbytes="441432" />
  <cardclean-info objects="1178" bytes="59636" />
  <remembered-set-cleared processed="3364" cleared="779" durationms="0.077" />
  <stringconstants candidates="3963" cleared="0"  />
  <warning details="Mark invoked due to insufficient free space for Copy-Forward" />
</gc-op>
<gc-op id="85" type="classunload" timems="0.002" contextid="80" timestamp="2019-06-17T01:09:37.443">
  <classunload-info classloadercandidates="20" classloadersunloaded="0" classesunloaded="0" anonymousclassesunloaded="0" quiescems="0.000" setupms="0.002" scanms="0.000" postms="0.000" />
</gc-op>
<gc-op id="86" type="sweep" timems="0.423" contextid="80" timestamp="2019-06-17T01:09:37.443" />
<gc-op id="87" type="compact" timems="1.136" contextid="80" timestamp="2019-06-17T01:09:37.445">
  <compact-info movecount="3225" movebytes="1147984" />
  <remembered-set-cleared processed="7109" cleared="1835" durationms="0.077" />
</gc-op>
<heap-resize id="88" type="expand" space="default" amount="2097152" count="1" timems="0.063" reason="insufficient free space following gc" timestamp="2019-06-17T01:09:37.445" />
<gc-end id="89" type="partial gc" contextid="80" durationms="4.532" usertimems="8.000" systemtimems="0.000" timestamp="2019-06-17T01:09:37.445" activeThreads="4">
  <mem-info id="90" free="6291456" total="13631488" percent="46">
    <mem type="eden" free="965280" total="2097152" percent="46" />
    <remembered-set count="4896" freebytes="524544" totalbytes="544128" percent="96" regionsoverflowed="0" regionsstable="0" regionsrebuilding="0"/>
  </mem-info>
</gc-end>
<cycle-end id="91" type="partial gc" contextid="80" timestamp="2019-06-17T01:09:37.445" />
  <attribute name="elasticGC enabled" value="1" />
  <attribute name= "numThreadsSpecified" value="4" />
  <attribute name="heapSize specified" value="0" />
  <attribute name="Current GC Util" value="26" />
  <attribute name= "Current Time Running" value="1912" />
  <attribute name ="GC Interval" value="0" />
  <attribute name="ProportionalT" value="9.000000" />
  <attribute name="ProportionalI" value="9.000000" />
  <attribute name="ProportionalH" value="9.000000" />
  <attribute name="Current Error" value="6.000000" />
  <attribute name="IntegralT" value="6.000000" />
  <attribute name="IntegralI" value="6.000000" />
  <attribute name="IntegralH" value="6.000000" />
  <attribute name="DerivativeT" value="9.000000" />
  <attribute name="DerivativeI" value="9.000000" />
  <attribute name="DerivativeH" value="9.000000" />
  <attribute name="Loop Time for DT" value="1.000000" />
  <attribute name="Output H" value="8388608"/>
  <attribute name="Output I" value="200"/>
  <attribute name="Output T" value="4"/>
  <attribute name="Target GC Util Change" value ="20.000000" />
  <attribute name="Current GC Util Change" value="26.000000"/>
  <attribute name="GC Util currently" value="26" />
  <attribute name="CPU Util currently" value="6828202481139" />
<exclusive-end id="92" timestamp="2019-06-17T01:09:37.446" durationms="5.280" />

<exclusive-start id="93" timestamp="2019-06-17T01:09:37.514" intervalms="73.837">
  <response-info timems="0.043" idlems="0.043" threads="0" lastid="00000000020B2D00" lastname="Thread-6" />
</exclusive-start>
<allocation-taxation id="94" taxation-threshold="6291456" timestamp="2019-06-17T01:09:37.514" intervalms="73.843" />
<cycle-start id="95" type="partial gc" contextid="0" timestamp="2019-06-17T01:09:37.514" intervalms="73.844" />
<gc-start id="96" type="partial gc" contextid="95" timestamp="2019-06-17T01:09:37.514">
  <mem-info id="97" free="0" total="13631488" percent="0">
    <mem type="eden" free="0" total="6291456" percent="0" />
    <remembered-set count="4896" freebytes="524544" totalbytes="544128" percent="96" regionsoverflowed="0" regionsstable="0" regionsrebuilding="0"/>
  </mem-info>
</gc-start>
<allocation-stats totalBytes="6262336" >
  <allocated-bytes non-tlh="57368" tlh="6204968" arrayletleaf="0"/>
  <largest-consumer threadName="Thread-5" threadId="00000000020AF100" bytes="2597576" />
</allocation-stats>
<gc-op id="98" type="mark" timems="0.836" contextid="95" timestamp="2019-06-17T01:09:37.516">
  <trace-info objectcount="2100" scancount="1680" scanbytes="337160" />
  <cardclean-info objects="961" bytes="50820" />
  <remembered-set-cleared processed="3570" cleared="757" durationms="0.078" />
  <references type="weak" candidates="1" cleared="0" enqueued="0" />
  <references type="phantom" candidates="1" cleared="0" enqueued="0" />
  <stringconstants candidates="3963" cleared="0"  />
  <warning details="Mark invoked due to insufficient free space for Copy-Forward" />
</gc-op>
<gc-op id="99" type="classunload" timems="0.002" contextid="95" timestamp="2019-06-17T01:09:37.516">
  <classunload-info classloadercandidates="20" classloadersunloaded="0" classesunloaded="0" anonymousclassesunloaded="0" quiescems="0.000" setupms="0.002" scanms="0.000" postms="0.000" />
</gc-op>
<gc-op id="100" type="sweep" timems="0.416" contextid="95" timestamp="2019-06-17T01:09:37.516" />
<gc-op id="101" type="compact" timems="2.035" contextid="95" timestamp="2019-06-17T01:09:37.519">
  <compact-info movecount="9418" movebytes="1094600" />
  <remembered-set-cleared processed="5675" cleared="2406" durationms="0.078" />
</gc-op>
<gc-end id="102" type="partial gc" contextid="95" durationms="4.272" usertimems="8.000" systemtimems="0.000" timestamp="2019-06-17T01:09:37.519" activeThreads="4">
  <mem-info id="103" free="6291456" total="13631488" percent="46">
    <mem type="eden" free="302856" total="1048576" percent="28" />
    <remembered-set count="4704" freebytes="525312" totalbytes="544128" percent="96" regionsoverflowed="0" regionsstable="0" regionsrebuilding="0"/>
  </mem-info>
</gc-end>
<cycle-end id="104" type="partial gc" contextid="95" timestamp="2019-06-17T01:09:37.519" />
  <attribute name="elasticGC enabled" value="1" />
  <attribute name= "numThreadsSpecified" value="4" />
  <attribute name="heapSize specified" value="0" />
  <attribute name="Current GC Util" value="34" />
  <attribute name= "Current Time Running" value="1985" />
  <attribute name ="GC Interval" value="0" />
  <attribute name="ProportionalT" value="21.000000" />
  <attribute name="ProportionalI" value="21.000000" />
  <attribute name="ProportionalH" value="21.000000" />
  <attribute name="Current Error" value="14.000000" />
  <attribute name="IntegralT" value="14.000000" />
  <attribute name="IntegralI" value="14.000000" />
  <attribute name="IntegralH" value="14.000000" />
  <attribute name="DerivativeT" value="21.000000" />
  <attribute name="DerivativeI" value="21.000000" />
  <attribute name="DerivativeH" value="21.000000" />
  <attribute name="Loop Time for DT" value="1.000000" />
  <attribute name="Output H" value="8388608"/>
  <attribute name="Output I" value="200"/>
  <attribute name="Output T" value="4"/>
  <attribute name="Target GC Util Change" value ="20.000000" />
  <attribute name="Current GC Util Change" value="34.000000"/>
  <attribute name="GC Util currently" value="34" />
  <attribute name="CPU Util currently" value="7634066306342" />
<exclusive-end id="105" timestamp="2019-06-17T01:09:37.519" durationms="4.944" />

<exclusive-start id="106" timestamp="2019-06-17T01:09:37.579" intervalms="64.621">
  <response-info timems="0.048" idlems="0.048" threads="0" lastid="00000000020A7900" lastname="Thread-3" />
</exclusive-start>
<allocation-taxation id="107" taxation-threshold="6291456" timestamp="2019-06-17T01:09:37.579" intervalms="64.621" />
<cycle-start id="108" type="partial gc" contextid="0" timestamp="2019-06-17T01:09:37.579" intervalms="64.769" />
<gc-start id="109" type="partial gc" contextid="108" timestamp="2019-06-17T01:09:37.579">
  <mem-info id="110" free="0" total="13631488" percent="0">
    <mem type="eden" free="0" total="6291456" percent="0" />
    <remembered-set count="4512" freebytes="526080" totalbytes="544128" percent="96" regionsoverflowed="0" regionsstable="0" regionsrebuilding="0"/>
  </mem-info>
</gc-start>
<allocation-stats totalBytes="6282432" >
  <allocated-bytes non-tlh="0" tlh="6282432" arrayletleaf="0"/>
  <largest-consumer threadName="Thread-3" threadId="00000000020A7900" bytes="2217160" />
</allocation-stats>
<gc-op id="111" type="mark" timems="0.865" contextid="108" timestamp="2019-06-17T01:09:37.580">
  <trace-info objectcount="2529" scancount="2028" scanbytes="413768" />
  <cardclean-info objects="1099" bytes="57528" />
  <remembered-set-cleared processed="3344" cleared="617" durationms="0.081" />
  <references type="phantom" candidates="1" cleared="0" enqueued="0" />
  <stringconstants candidates="3963" cleared="0"  />
  <warning details="Mark invoked due to insufficient free space for Copy-Forward" />
</gc-op>
<gc-op id="112" type="classunload" timems="0.002" contextid="108" timestamp="2019-06-17T01:09:37.581">
  <classunload-info classloadercandidates="20" classloadersunloaded="0" classesunloaded="0" anonymousclassesunloaded="0" quiescems="0.000" setupms="0.002" scanms="0.000" postms="0.000" />
</gc-op>
<gc-op id="113" type="sweep" timems="0.422" contextid="108" timestamp="2019-06-17T01:09:37.581" />
<gc-op id="114" type="compact" timems="0.996" contextid="108" timestamp="2019-06-17T01:09:37.582">
  <compact-info movecount="2523" movebytes="933232" />
  <remembered-set-cleared processed="6974" cleared="1327" durationms="0.081" />
</gc-op>
<heap-resize id="115" type="expand" space="default" amount="2097152" count="1" timems="0.062" reason="insufficient free space following gc" timestamp="2019-06-17T01:09:37.583" />
<gc-end id="116" type="partial gc" contextid="108" durationms="3.416" usertimems="0.000" systemtimems="4.000" timestamp="2019-06-17T01:09:37.583" activeThreads="4">
  <mem-info id="117" free="7340032" total="15728640" percent="46">
    <mem type="eden" free="116992" total="1048576" percent="11" />
    <remembered-set count="4896" freebytes="608256" totalbytes="627840" percent="96" regionsoverflowed="0" regionsstable="0" regionsrebuilding="0"/>
  </mem-info>
</gc-end>
<cycle-end id="118" type="partial gc" contextid="108" timestamp="2019-06-17T01:09:37.583" />
  <attribute name="elasticGC enabled" value="1" />
  <attribute name= "numThreadsSpecified" value="4" />
  <attribute name="heapSize specified" value="0" />
  <attribute name="Current GC Util" value="31" />
  <attribute name= "Current Time Running" value="2050" />
  <attribute name ="GC Interval" value="0" />
  <attribute name="ProportionalT" value="16.500000" />
  <attribute name="ProportionalI" value="16.500000" />
  <attribute name="ProportionalH" value="16.500000" />
  <attribute name="Current Error" value="11.000000" />
  <attribute name="IntegralT" value="11.000000" />
  <attribute name="IntegralI" value="11.000000" />
  <attribute name="IntegralH" value="11.000000" />
  <attribute name="DerivativeT" value="16.500000" />
  <attribute name="DerivativeI" value="16.500000" />
  <attribute name="DerivativeH" value="16.500000" />
  <attribute name="Loop Time for DT" value="1.000000" />
  <attribute name="Output H" value="8388608"/>
  <attribute name="Output I" value="200"/>
  <attribute name="Output T" value="4"/>
  <attribute name="Target GC Util Change" value ="20.000000" />
  <attribute name="Current GC Util Change" value="31.000000"/>
  <attribute name="GC Util currently" value="31" />
  <attribute name="CPU Util currently" value="8014650529164" />
<exclusive-end id="119" timestamp="2019-06-17T01:09:37.583" durationms="4.143" />

<exclusive-start id="120" timestamp="2019-06-17T01:09:37.653" intervalms="74.511">
  <response-info timems="0.030" idlems="0.030" threads="0" lastid="00000000020AB500" lastname="Thread-4" />
</exclusive-start>
<allocation-taxation id="121" taxation-threshold="7340032" timestamp="2019-06-17T01:09:37.653" intervalms="74.539" />
<cycle-start id="122" type="partial gc" contextid="0" timestamp="2019-06-17T01:09:37.653" intervalms="74.387" />
<gc-start id="123" type="partial gc" contextid="122" timestamp="2019-06-17T01:09:37.654">
  <mem-info id="124" free="0" total="15728640" percent="0">
    <mem type="eden" free="0" total="7340032" percent="0" />
    <remembered-set count="4896" freebytes="608256" totalbytes="627840" percent="96" regionsoverflowed="0" regionsstable="0" regionsrebuilding="0"/>
  </mem-info>
</gc-start>
<allocation-stats totalBytes="7273744" >
  <allocated-bytes non-tlh="32776" tlh="7240968" arrayletleaf="0"/>
  <largest-consumer threadName="Thread-3" threadId="00000000020A7900" bytes="2709680" />
</allocation-stats>
<gc-op id="125" type="mark" timems="0.866" contextid="122" timestamp="2019-06-17T01:09:37.655">
  <trace-info objectcount="2219" scancount="1728" scanbytes="338616" />
  <cardclean-info objects="1093" bytes="56996" />
  <remembered-set-cleared processed="3477" cleared="688" durationms="0.100" />
  <stringconstants candidates="3963" cleared="0"  />
  <warning details="Mark invoked due to insufficient free space for Copy-Forward" />
</gc-op>
<gc-op id="126" type="classunload" timems="0.002" contextid="122" timestamp="2019-06-17T01:09:37.655">
  <classunload-info classloadercandidates="20" classloadersunloaded="0" classesunloaded="0" anonymousclassesunloaded="0" quiescems="0.000" setupms="0.002" scanms="0.000" postms="0.000" />
</gc-op>
<gc-op id="127" type="sweep" timems="0.434" contextid="122" timestamp="2019-06-17T01:09:37.655" />
<gc-op id="128" type="compact" timems="1.016" contextid="122" timestamp="2019-06-17T01:09:37.657">
  <compact-info movecount="2219" movebytes="848856" />
  <remembered-set-cleared processed="7099" cleared="1332" durationms="0.100" />
</gc-op>
<heap-resize id="129" type="expand" space="default" amount="1048576" count="1" timems="0.054" reason="insufficient free space following gc" timestamp="2019-06-17T01:09:37.657" />
<gc-end id="130" type="partial gc" contextid="122" durationms="3.400" usertimems="4.000" systemtimems="0.000" timestamp="2019-06-17T01:09:37.657" activeThreads="4">
  <mem-info id="131" free="7340032" total="16777216" percent="43">
    <mem type="eden" free="203576" total="1048576" percent="19" />
    <remembered-set count="5152" freebytes="649088" totalbytes="669696" percent="96" regionsoverflowed="0" regionsstable="0" regionsrebuilding="0"/>
  </mem-info>
</gc-end>
<cycle-end id="132" type="partial gc" contextid="122" timestamp="2019-06-17T01:09:37.657" />
  <attribute name="elasticGC enabled" value="1" />
  <attribute name= "numThreadsSpecified" value="4" />
  <attribute name="heapSize specified" value="0" />
  <attribute name="Current GC Util" value="34" />
  <attribute name= "Current Time Running" value="2124" />
  <attribute name ="GC Interval" value="0" />
  <attribute name="ProportionalT" value="21.000000" />
  <attribute name="ProportionalI" value="21.000000" />
  <attribute name="ProportionalH" value="21.000000" />
  <attribute name="Current Error" value="14.000000" />
  <attribute name="IntegralT" value="14.000000" />
  <attribute name="IntegralI" value="14.000000" />
  <attribute name="IntegralH" value="14.000000" />
  <attribute name="DerivativeT" value="21.000000" />
  <attribute name="DerivativeI" value="21.000000" />
  <attribute name="DerivativeH" value="21.000000" />
  <attribute name="Loop Time for DT" value="1.000000" />
  <attribute name="Output H" value="8388608"/>
  <attribute name="Output I" value="200"/>
  <attribute name="Output T" value="4"/>
  <attribute name="Target GC Util Change" value ="20.000000" />
  <attribute name="Current GC Util Change" value="34.000000"/>
  <attribute name="GC Util currently" value="34" />
  <attribute name="CPU Util currently" value="7516018287594" />
<exclusive-end id="133" timestamp="2019-06-17T01:09:37.657" durationms="4.139" />

<exclusive-start id="134" timestamp="2019-06-17T01:09:37.717" intervalms="63.549">
  <response-info timems="0.041" idlems="0.041" threads="0" lastid="00000000020A7900" lastname="Thread-3" />
</exclusive-start>
<allocation-taxation id="135" taxation-threshold="7340032" timestamp="2019-06-17T01:09:37.717" intervalms="63.514" />
<cycle-start id="136" type="partial gc" contextid="0" timestamp="2019-06-17T01:09:37.717" intervalms="63.508" />
<gc-start id="137" type="partial gc" contextid="136" timestamp="2019-06-17T01:09:37.717">
  <mem-info id="138" free="0" total="16777216" percent="0">
    <mem type="eden" free="0" total="7340032" percent="0" />
    <remembered-set count="5152" freebytes="649088" totalbytes="669696" percent="96" regionsoverflowed="0" regionsstable="0" regionsrebuilding="0"/>
  </mem-info>
</gc-start>
<allocation-stats totalBytes="7309688" >
  <allocated-bytes non-tlh="16392" tlh="7293296" arrayletleaf="0"/>
  <largest-consumer threadName="Thread-6" threadId="00000000020B2D00" bytes="3072888" />
</allocation-stats>
<gc-op id="139" type="mark" timems="0.909" contextid="136" timestamp="2019-06-17T01:09:37.718">
  <trace-info objectcount="2565" scancount="2074" scanbytes="420720" />
  <cardclean-info objects="1116" bytes="57996" />
  <remembered-set-cleared processed="3511" cleared="671" durationms="0.091" />
  <stringconstants candidates="3963" cleared="0"  />
  <warning details="Mark invoked due to insufficient free space for Copy-Forward" />
</gc-op>
<gc-op id="140" type="classunload" timems="0.002" contextid="136" timestamp="2019-06-17T01:09:37.718">
  <classunload-info classloadercandidates="20" classloadersunloaded="0" classesunloaded="0" anonymousclassesunloaded="0" quiescems="0.000" setupms="0.001" scanms="0.000" postms="0.000" />
</gc-op>
<gc-op id="141" type="sweep" timems="0.386" contextid="136" timestamp="2019-06-17T01:09:37.719" />
<gc-op id="142" type="compact" timems="1.188" contextid="136" timestamp="2019-06-17T01:09:37.720">
  <compact-info movecount="2533" movebytes="1017080" />
  <remembered-set-cleared processed="7285" cleared="1398" durationms="0.091" />
</gc-op>
<heap-resize id="143" type="expand" space="default" amount="2097152" count="1" timems="0.074" reason="insufficient free space following gc" timestamp="2019-06-17T01:09:37.721" />
<gc-end id="144" type="partial gc" contextid="136" durationms="3.641" usertimems="0.000" systemtimems="4.000" timestamp="2019-06-17T01:09:37.721" activeThreads="4">
  <mem-info id="145" free="8388608" total="18874368" percent="44">
    <mem type="eden" free="30384" total="1048576" percent="2" />
    <remembered-set count="5280" freebytes="732288" totalbytes="753408" percent="97" regionsoverflowed="0" regionsstable="0" regionsrebuilding="0"/>
  </mem-info>
</gc-end>
<cycle-end id="146" type="partial gc" contextid="136" timestamp="2019-06-17T01:09:37.721" />
  <attribute name="elasticGC enabled" value="1" />
  <attribute name= "numThreadsSpecified" value="4" />
  <attribute name="heapSize specified" value="0" />
  <attribute name="Current GC Util" value="32" />
  <attribute name= "Current Time Running" value="2188" />
  <attribute name ="GC Interval" value="0" />
  <attribute name="ProportionalT" value="18.000000" />
  <attribute name="ProportionalI" value="18.000000" />
  <attribute name="ProportionalH" value="18.000000" />
  <attribute name="Current Error" value="12.000000" />
  <attribute name="IntegralT" value="12.000000" />
  <attribute name="IntegralI" value="12.000000" />
  <attribute name="IntegralH" value="12.000000" />
  <attribute name="DerivativeT" value="18.000000" />
  <attribute name="DerivativeI" value="18.000000" />
  <attribute name="DerivativeH" value="18.000000" />
  <attribute name="Loop Time for DT" value="1.000000" />
  <attribute name="Output H" value="8388608"/>
  <attribute name="Output I" value="200"/>
  <attribute name="Output T" value="4"/>
  <attribute name="Target GC Util Change" value ="20.000000" />
  <attribute name="Current GC Util Change" value="32.000000"/>
  <attribute name="GC Util currently" value="32" />
  <attribute name="CPU Util currently" value="8184003579072" />
<exclusive-end id="147" timestamp="2019-06-17T01:09:37.721" durationms="4.346" />

<exclusive-start id="148" timestamp="2019-06-17T01:09:37.794" intervalms="76.999">
  <response-info timems="0.025" idlems="0.025" threads="0" lastid="00000000020AB500" lastname="Thread-4" />
</exclusive-start>
<allocation-taxation id="149" taxation-threshold="8388608" timestamp="2019-06-17T01:09:37.794" intervalms="77.032" />
<cycle-start id="150" type="partial gc" contextid="0" timestamp="2019-06-17T01:09:37.794" intervalms="77.030" />
<gc-start id="151" type="partial gc" contextid="150" timestamp="2019-06-17T01:09:37.794">
  <mem-info id="152" free="0" total="18874368" percent="0">
    <mem type="eden" free="0" total="8388608" percent="0" />
    <remembered-set count="5280" freebytes="732288" totalbytes="753408" percent="97" regionsoverflowed="0" regionsstable="0" regionsrebuilding="0"/>
  </mem-info>
</gc-start>
<allocation-stats totalBytes="8361712" >
  <allocated-bytes non-tlh="0" tlh="8361712" arrayletleaf="0"/>
  <largest-consumer threadName="Thread-3" threadId="00000000020A7900" bytes="2588792" />
</allocation-stats>
<gc-op id="153" type="mark" timems="0.895" contextid="150" timestamp="2019-06-17T01:09:37.795">
  <trace-info objectcount="2537" scancount="2053" scanbytes="419632" />
  <cardclean-info objects="1116" bytes="57912" />
  <remembered-set-cleared processed="3612" cleared="719" durationms="0.090" />
  <stringconstants candidates="3963" cleared="0"  />
  <warning details="Mark invoked due to insufficient free space for Copy-Forward" />
</gc-op>
<gc-op id="154" type="classunload" timems="0.002" contextid="150" timestamp="2019-06-17T01:09:37.796">
  <classunload-info classloadercandidates="20" classloadersunloaded="0" classesunloaded="0" anonymousclassesunloaded="0" quiescems="0.000" setupms="0.002" scanms="0.000" postms="0.000" />
</gc-op>
<gc-op id="155" type="sweep" timems="0.425" contextid="150" timestamp="2019-06-17T01:09:37.796" />
<gc-op id="156" type="compact" timems="1.226" contextid="150" timestamp="2019-06-17T01:09:37.798">
  <compact-info movecount="2537" movebytes="1033200" />
  <remembered-set-cleared processed="7424" cleared="1419" durationms="0.090" />
</gc-op>
<heap-resize id="157" type="expand" space="default" amount="1048576" count="1" timems="0.055" reason="insufficient free space following gc" timestamp="2019-06-17T01:09:37.798" />
<gc-end id="158" type="partial gc" contextid="150" durationms="3.799" usertimems="4.000" systemtimems="0.000" timestamp="2019-06-17T01:09:37.798" activeThreads="4">
  <mem-info id="159" free="8388608" total="19922944" percent="42">
    <mem type="eden" free="16200" total="1048576" percent="1" />
    <remembered-set count="5376" freebytes="773760" totalbytes="795264" percent="97" regionsoverflowed="0" regionsstable="0" regionsrebuilding="0"/>
  </mem-info>
</gc-end>
<cycle-end id="160" type="partial gc" contextid="150" timestamp="2019-06-17T01:09:37.798" />
  <attribute name="elasticGC enabled" value="1" />
  <attribute name= "numThreadsSpecified" value="4" />
  <attribute name="heapSize specified" value="0" />
  <attribute name="Current GC Util" value="26" />
  <attribute name= "Current Time Running" value="2265" />
  <attribute name ="GC Interval" value="0" />
  <attribute name="ProportionalT" value="9.000000" />
  <attribute name="ProportionalI" value="9.000000" />
  <attribute name="ProportionalH" value="9.000000" />
  <attribute name="Current Error" value="6.000000" />
  <attribute name="IntegralT" value="6.000000" />
  <attribute name="IntegralI" value="6.000000" />
  <attribute name="IntegralH" value="6.000000" />
  <attribute name="DerivativeT" value="9.000000" />
  <attribute name="DerivativeI" value="9.000000" />
  <attribute name="DerivativeH" value="9.000000" />
  <attribute name="Loop Time for DT" value="1.000000" />
  <attribute name="Output H" value="8388608"/>
  <attribute name="Output I" value="200"/>
  <attribute name="Output T" value="4"/>
  <attribute name="Target GC Util Change" value ="20.000000" />
  <attribute name="Current GC Util Change" value="26.000000"/>
  <attribute name="GC Util currently" value="26" />
  <attribute name="CPU Util currently" value="7222461342933" />
<exclusive-end id="161" timestamp="2019-06-17T01:09:37.798" durationms="4.460" />

<exclusive-start id="162" timestamp="2019-06-17T01:09:37.868" intervalms="74.409">
  <response-info timems="0.065" idlems="0.065" threads="0" lastid="00000000020B2D00" lastname="Thread-6" />
</exclusive-start>
<allocation-taxation id="163" taxation-threshold="8388608" timestamp="2019-06-17T01:09:37.868" intervalms="74.381" />
<cycle-start id="164" type="partial gc" contextid="0" timestamp="2019-06-17T01:09:37.868" intervalms="74.388" />
<gc-start id="165" type="partial gc" contextid="164" timestamp="2019-06-17T01:09:37.869">
  <mem-info id="166" free="0" total="19922944" percent="0">
    <mem type="eden" free="0" total="8388608" percent="0" />
    <remembered-set count="5376" freebytes="773760" totalbytes="795264" percent="97" regionsoverflowed="0" regionsstable="0" regionsrebuilding="0"/>
  </mem-info>
</gc-start>
<allocation-stats totalBytes="8278432" >
  <allocated-bytes non-tlh="0" tlh="8278432" arrayletleaf="0"/>
  <largest-consumer threadName="Thread-6" threadId="00000000020B2D00" bytes="2657160" />
</allocation-stats>
<gc-op id="167" type="mark" timems="0.890" contextid="164" timestamp="2019-06-17T01:09:37.870">
  <trace-info objectcount="1949" scancount="1590" scanbytes="350636" />
  <cardclean-info objects="1117" bytes="58384" />
  <remembered-set-cleared processed="3678" cleared="737" durationms="0.094" />
  <stringconstants candidates="3963" cleared="0"  />
  <warning details="Mark invoked due to insufficient free space for Copy-Forward" />
</gc-op>
<gc-op id="168" type="classunload" timems="0.002" contextid="164" timestamp="2019-06-17T01:09:37.870">
  <classunload-info classloadercandidates="20" classloadersunloaded="0" classesunloaded="0" anonymousclassesunloaded="0" quiescems="0.000" setupms="0.002" scanms="0.000" postms="0.000" />
</gc-op>
<gc-op id="169" type="sweep" timems="0.418" contextid="164" timestamp="2019-06-17T01:09:37.870" />
<gc-op id="170" type="compact" timems="0.978" contextid="164" timestamp="2019-06-17T01:09:37.872">
  <compact-info movecount="1949" movebytes="771392" />
  <remembered-set-cleared processed="7392" cleared="1295" durationms="0.094" />
</gc-op>
<heap-resize id="171" type="expand" space="default" amount="2097152" count="1" timems="0.061" reason="insufficient free space following gc" timestamp="2019-06-17T01:09:37.872" />
<gc-end id="172" type="partial gc" contextid="164" durationms="3.421" usertimems="4.000" systemtimems="0.000" timestamp="2019-06-17T01:09:37.872" activeThreads="4">
  <mem-info id="173" free="9437184" total="22020096" percent="42">
    <mem type="eden" free="277440" total="1048576" percent="26" />
    <remembered-set count="5952" freebytes="855168" totalbytes="878976" percent="97" regionsoverflowed="0" regionsstable="0" regionsrebuilding="0"/>
  </mem-info>
</gc-end>
<cycle-end id="174" type="partial gc" contextid="164" timestamp="2019-06-17T01:09:37.872" />
  <attribute name="elasticGC enabled" value="1" />
  <attribute name= "numThreadsSpecified" value="4" />
  <attribute name="heapSize specified" value="0" />
  <attribute name="Current GC Util" value="29" />
  <attribute name= "Current Time Running" value="2339" />
  <attribute name ="GC Interval" value="0" />
  <attribute name="ProportionalT" value="13.500000" />
  <attribute name="ProportionalI" value="13.500000" />
  <attribute name="ProportionalH" value="13.500000" />
  <attribute name="Current Error" value="9.000000" />
  <attribute name="IntegralT" value="9.000000" />
  <attribute name="IntegralI" value="9.000000" />
  <attribute name="IntegralH" value="9.000000" />
  <attribute name="DerivativeT" value="13.500000" />
  <attribute name="DerivativeI" value="13.500000" />
  <attribute name="DerivativeH" value="13.500000" />
  <attribute name="Loop Time for DT" value="1.000000" />
  <attribute name="Output H" value="8388608"/>
  <attribute name="Output I" value="200"/>
  <attribute name="Output T" value="4"/>
  <attribute name="Target GC Util Change" value ="20.000000" />
  <attribute name="Current GC Util Change" value="29.000000"/>
  <attribute name="GC Util currently" value="29" />
  <attribute name="CPU Util currently" value="7721494938614" />
<exclusive-end id="175" timestamp="2019-06-17T01:09:37.872" durationms="4.134" />

<exclusive-start id="176" timestamp="2019-06-17T01:09:37.952" intervalms="84.159">
  <response-info timems="0.027" idlems="0.027" threads="0" lastid="00000000020AF100" lastname="Thread-5" />
</exclusive-start>
<allocation-taxation id="177" taxation-threshold="9437184" timestamp="2019-06-17T01:09:37.952" intervalms="84.153" />
<cycle-start id="178" type="partial gc" contextid="0" timestamp="2019-06-17T01:09:37.952" intervalms="84.155" />
<gc-start id="179" type="partial gc" contextid="178" timestamp="2019-06-17T01:09:37.953">
  <mem-info id="180" free="0" total="22020096" percent="0">
    <mem type="eden" free="0" total="9437184" percent="0" />
    <remembered-set count="5472" freebytes="857088" totalbytes="878976" percent="97" regionsoverflowed="0" regionsstable="0" regionsrebuilding="0"/>
  </mem-info>
</gc-start>
<allocation-stats totalBytes="9404920" >
  <allocated-bytes non-tlh="49168" tlh="9355752" arrayletleaf="0"/>
  <largest-consumer threadName="Thread-5" threadId="00000000020AF100" bytes="3212960" />
</allocation-stats>
<gc-op id="181" type="mark" timems="0.942" contextid="178" timestamp="2019-06-17T01:09:37.954">
  <trace-info objectcount="2194" scancount="1726" scanbytes="370960" />
  <cardclean-info objects="1105" bytes="57648" />
  <remembered-set-cleared processed="3609" cleared="620" durationms="0.084" />
  <stringconstants candidates="3963" cleared="0"  />
  <warning details="Mark invoked due to insufficient free space for Copy-Forward" />
</gc-op>
<gc-op id="182" type="classunload" timems="0.002" contextid="178" timestamp="2019-06-17T01:09:37.954">
  <classunload-info classloadercandidates="20" classloadersunloaded="0" classesunloaded="0" anonymousclassesunloaded="0" quiescems="0.000" setupms="0.002" scanms="0.000" postms="0.000" />
</gc-op>
<gc-op id="183" type="sweep" timems="0.293" contextid="178" timestamp="2019-06-17T01:09:37.954" />
<gc-op id="184" type="compact" timems="0.968" contextid="178" timestamp="2019-06-17T01:09:37.956">
  <compact-info movecount="2194" movebytes="926160" />
  <remembered-set-cleared processed="7421" cleared="1221" durationms="0.084" />
</gc-op>
<heap-resize id="185" type="expand" space="default" amount="1048576" count="1" timems="0.056" reason="insufficient free space following gc" timestamp="2019-06-17T01:09:37.956" />
<gc-end id="186" type="partial gc" contextid="178" durationms="3.343" usertimems="4.000" systemtimems="0.000" timestamp="2019-06-17T01:09:37.956" activeThreads="4">
  <mem-info id="187" free="9437184" total="23068672" percent="40">
    <mem type="eden" free="123352" total="1048576" percent="11" />
    <remembered-set count="5568" freebytes="898560" totalbytes="920832" percent="97" regionsoverflowed="0" regionsstable="0" regionsrebuilding="0"/>
  </mem-info>
</gc-end>
<cycle-end id="188" type="partial gc" contextid="178" timestamp="2019-06-17T01:09:37.956" />
  <attribute name="elasticGC enabled" value="1" />
  <attribute name= "numThreadsSpecified" value="4" />
  <attribute name="heapSize specified" value="0" />
  <attribute name="Current GC Util" value="31" />
  <attribute name= "Current Time Running" value="2423" />
  <attribute name ="GC Interval" value="0" />
  <attribute name="ProportionalT" value="16.500000" />
  <attribute name="ProportionalI" value="16.500000" />
  <attribute name="ProportionalH" value="16.500000" />
  <attribute name="Current Error" value="11.000000" />
  <attribute name="IntegralT" value="0.000000" />
  <attribute name="IntegralI" value="0.000000" />
  <attribute name="IntegralH" value="0.000000" />
  <attribute name="DerivativeT" value="-inf" />
  <attribute name="DerivativeI" value="-inf" />
  <attribute name="DerivativeH" value="-inf" />
  <attribute name="Loop Time for DT" value="0.000000" />
  <attribute name="Output H" value="2091843584"/>
  <attribute name="Output I" value="200"/>
  <attribute name="Output T" value="4"/>
  <attribute name="Target GC Util Change" value ="20.000000" />
  <attribute name="Current GC Util Change" value="31.000000"/>
  <attribute name="GC Util currently" value="31" />
  <attribute name="CPU Util currently" value="9269869699259" />
<exclusive-end id="189" timestamp="2019-06-17T01:09:37.956" durationms="3.948" />

<exclusive-start id="190" timestamp="2019-06-17T01:09:38.059" intervalms="107.156">
  <response-info timems="0.038" idlems="0.038" threads="0" lastid="00000000020A7900" lastname="Thread-3" />
</exclusive-start>
<allocation-taxation id="191" taxation-threshold="9437184" timestamp="2019-06-17T01:09:38.060" intervalms="107.159" />
<cycle-start id="192" type="partial gc" contextid="0" timestamp="2019-06-17T01:09:38.060" intervalms="107.150" />
<gc-start id="193" type="partial gc" contextid="192" timestamp="2019-06-17T01:09:38.060">
  <mem-info id="194" free="0" total="23068672" percent="0">
    <mem type="eden" free="0" total="9437184" percent="0" />
    <remembered-set count="5568" freebytes="898560" totalbytes="920832" percent="97" regionsoverflowed="0" regionsstable="0" regionsrebuilding="0"/>
  </mem-info>
</gc-start>
<allocation-stats totalBytes="9401472" >
  <allocated-bytes non-tlh="32784" tlh="9368688" arrayletleaf="0"/>
  <largest-consumer threadName="Thread-6" threadId="00000000020B2D00" bytes="3936544" />
</allocation-stats>
<gc-op id="195" type="mark" timems="0.761" contextid="192" timestamp="2019-06-17T01:09:38.061">
  <trace-info objectcount="901" scancount="717" scanbytes="180416" />
  <cardclean-info objects="1118" bytes="58156" />
  <remembered-set-cleared processed="3710" cleared="677" durationms="0.097" />
  <references type="weak" candidates="1" cleared="0" enqueued="0" />
  <references type="phantom" candidates="1" cleared="0" enqueued="0" />
  <stringconstants candidates="3963" cleared="0"  />
  <warning details="Mark invoked due to insufficient free space for Copy-Forward" />
</gc-op>
<gc-op id="196" type="classunload" timems="0.002" contextid="192" timestamp="2019-06-17T01:09:38.061">
  <classunload-info classloadercandidates="20" classloadersunloaded="0" classesunloaded="0" anonymousclassesunloaded="0" quiescems="0.000" setupms="0.002" scanms="0.000" postms="0.000" />
</gc-op>
<gc-op id="197" type="sweep" timems="0.375" contextid="192" timestamp="2019-06-17T01:09:38.062" />
<gc-op id="198" type="compact" timems="0.999" contextid="192" timestamp="2019-06-17T01:09:38.063">
  <compact-info movecount="901" movebytes="407672" />
  <remembered-set-cleared processed="7274" cleared="963" durationms="0.097" />
</gc-op>
<heap-resize id="199" type="expand" space="default" amount="1048576" count="1" timems="0.055" reason="insufficient free space following gc" timestamp="2019-06-17T01:09:38.063" />
<gc-end id="200" type="partial gc" contextid="192" durationms="3.295" usertimems="4.000" systemtimems="0.000" timestamp="2019-06-17T01:09:38.063" activeThreads="1">
  <mem-info id="201" free="9437184" total="24117248" percent="39">
    <mem type="eden" free="641152" total="1048576" percent="61" />
    <remembered-set count="5568" freebytes="940416" totalbytes="962688" percent="97" regionsoverflowed="0" regionsstable="0" regionsrebuilding="0"/>
  </mem-info>
</gc-end>
<cycle-end id="202" type="partial gc" contextid="192" timestamp="2019-06-17T01:09:38.063" />
  <attribute name="elasticGC enabled" value="1" />
  <attribute name= "numThreadsSpecified" value="1" />
  <attribute name="heapSize specified" value="0" />
  <attribute name="Current GC Util" value="27" />
  <attribute name= "Current Time Running" value="2530" />
  <attribute name ="GC Interval" value="0" />
  <attribute name="ProportionalT" value="10.500000" />
  <attribute name="ProportionalI" value="10.500000" />
  <attribute name="ProportionalH" value="10.500000" />
  <attribute name="Current Error" value="7.000000" />
  <attribute name="IntegralT" value="0.000000" />
  <attribute name="IntegralI" value="0.000000" />
  <attribute name="IntegralH" value="0.000000" />
  <attribute name="DerivativeT" value="inf" />
  <attribute name="DerivativeI" value="inf" />
  <attribute name="DerivativeH" value="inf" />
  <attribute name="Loop Time for DT" value="0.000000" />
  <attribute name="Output H" value="8388608"/>
  <attribute name="Output I" value="200"/>
  <attribute name="Output T" value="1"/>
  <attribute name="Target GC Util Change" value ="20.000000" />
  <attribute name="Current GC Util Change" value="27.000000"/>
  <attribute name="GC Util currently" value="27" />
  <attribute name="CPU Util currently" value="8475198462756" />
<exclusive-end id="203" timestamp="2019-06-17T01:09:38.064" durationms="4.046" />

<exclusive-start id="204" timestamp="2019-06-17T01:09:38.153" intervalms="93.395">
  <response-info timems="0.041" idlems="0.041" threads="0" lastid="00000000020B2D00" lastname="Thread-6" />
</exclusive-start>
<allocation-taxation id="205" taxation-threshold="9437184" timestamp="2019-06-17T01:09:38.153" intervalms="93.395" />
<cycle-start id="206" type="partial gc" contextid="0" timestamp="2019-06-17T01:09:38.153" intervalms="93.406" />
<gc-start id="207" type="partial gc" contextid="206" timestamp="2019-06-17T01:09:38.153">
  <mem-info id="208" free="0" total="24117248" percent="0">
    <mem type="eden" free="0" total="9437184" percent="0" />
    <remembered-set count="5376" freebytes="941184" totalbytes="962688" percent="97" regionsoverflowed="0" regionsstable="0" regionsrebuilding="0"/>
  </mem-info>
</gc-start>
<allocation-stats totalBytes="9430616" >
  <allocated-bytes non-tlh="32776" tlh="9397840" arrayletleaf="0"/>
  <largest-consumer threadName="Thread-3" threadId="00000000020A7900" bytes="2729592" />
</allocation-stats>
<gc-op id="209" type="mark" timems="0.955" contextid="206" timestamp="2019-06-17T01:09:38.155">
  <trace-info objectcount="2705" scancount="2156" scanbytes="422124" />
  <cardclean-info objects="1120" bytes="58232" />
  <remembered-set-cleared processed="3538" cleared="461" durationms="0.100" />
  <references type="weak" candidates="1" cleared="0" enqueued="0" />
  <references type="phantom" candidates="1" cleared="0" enqueued="0" />
  <stringconstants candidates="3963" cleared="0"  />
  <warning details="Mark invoked due to insufficient free space for Copy-Forward" />
</gc-op>
<gc-op id="210" type="classunload" timems="0.002" contextid="206" timestamp="2019-06-17T01:09:38.155">
  <classunload-info classloadercandidates="20" classloadersunloaded="0" classesunloaded="0" anonymousclassesunloaded="0" quiescems="0.000" setupms="0.002" scanms="0.000" postms="0.000" />
</gc-op>
<gc-op id="211" type="sweep" timems="0.287" contextid="206" timestamp="2019-06-17T01:09:38.155" />
<gc-op id="212" type="compact" timems="1.017" contextid="206" timestamp="2019-06-17T01:09:38.156">
  <compact-info movecount="2705" movebytes="1050168" />
  <remembered-set-cleared processed="7599" cleared="1220" durationms="0.100" />
</gc-op>
<heap-resize id="213" type="expand" space="default" amount="3145728" count="1" timems="0.065" reason="insufficient free space following gc" timestamp="2019-06-17T01:09:38.157" />
<gc-end id="214" type="partial gc" contextid="206" durationms="3.332" usertimems="0.000" systemtimems="4.000" timestamp="2019-06-17T01:09:38.157" activeThreads="4">
  <mem-info id="215" free="10485760" total="27262976" percent="38">
    <mem type="eden" free="1032096" total="2097152" percent="49" />
    <remembered-set count="6240" freebytes="1063296" totalbytes="1088256" percent="97" regionsoverflowed="0" regionsstable="0" regionsrebuilding="0"/>
  </mem-info>
</gc-end>
<cycle-end id="216" type="partial gc" contextid="206" timestamp="2019-06-17T01:09:38.157" />
  <attribute name="elasticGC enabled" value="1" />
  <attribute name= "numThreadsSpecified" value="4" />
  <attribute name="heapSize specified" value="0" />
  <attribute name="Current GC Util" value="38" />
  <attribute name= "Current Time Running" value="2624" />
  <attribute name ="GC Interval" value="0" />
  <attribute name="ProportionalT" value="27.000000" />
  <attribute name="ProportionalI" value="27.000000" />
  <attribute name="ProportionalH" value="27.000000" />
  <attribute name="Current Error" value="18.000000" />
  <attribute name="IntegralT" value="18.000000" />
  <attribute name="IntegralI" value="18.000000" />
  <attribute name="IntegralH" value="18.000000" />
  <attribute name="DerivativeT" value="27.000000" />
  <attribute name="DerivativeI" value="27.000000" />
  <attribute name="DerivativeH" value="27.000000" />
  <attribute name="Loop Time for DT" value="1.000000" />
  <attribute name="Output H" value="8388608"/>
  <attribute name="Output I" value="200"/>
  <attribute name="Output T" value="4"/>
  <attribute name="Target GC Util Change" value ="20.000000" />
  <attribute name="Current GC Util Change" value="38.000000"/>
  <attribute name="GC Util currently" value="38" />
  <attribute name="CPU Util currently" value="9768099891002" />
<exclusive-end id="217" timestamp="2019-06-17T01:09:38.157" durationms="3.980" />

<exclusive-start id="218" timestamp="2019-06-17T01:09:38.361" intervalms="207.797">
  <response-info timems="0.035" idlems="0.035" threads="0" lastid="00000000020AF100" lastname="Thread-5" />
</exclusive-start>
<allocation-taxation id="219" taxation-threshold="10485760" timestamp="2019-06-17T01:09:38.361" intervalms="207.813" />
<cycle-start id="220" type="partial gc" contextid="0" timestamp="2019-06-17T01:09:38.361" intervalms="207.811" />
<gc-start id="221" type="partial gc" contextid="220" timestamp="2019-06-17T01:09:38.361">
  <mem-info id="222" free="0" total="27262976" percent="0">
    <mem type="eden" free="0" total="10485760" percent="0" />
    <remembered-set count="5760" freebytes="1065216" totalbytes="1088256" percent="97" regionsoverflowed="0" regionsstable="0" regionsrebuilding="0"/>
  </mem-info>
</gc-start>
<allocation-stats totalBytes="10432032" >
  <allocated-bytes non-tlh="8200" tlh="10423832" arrayletleaf="0"/>
  <largest-consumer threadName="Thread-5" threadId="00000000020AF100" bytes="2288632" />
</allocation-stats>
<gc-op id="223" type="mark" timems="0.741" contextid="220" timestamp="2019-06-17T01:09:38.362">
  <trace-info objectcount="753" scancount="572" scanbytes="106376" />
  <cardclean-info objects="1118" bytes="58152" />
  <remembered-set-cleared processed="3906" cleared="784" durationms="0.106" />
  <stringconstants candidates="3963" cleared="0"  />
  <warning details="Mark invoked due to insufficient free space for Copy-Forward" />
</gc-op>
<gc-op id="224" type="classunload" timems="0.002" contextid="220" timestamp="2019-06-17T01:09:38.362">
  <classunload-info classloadercandidates="20" classloadersunloaded="0" classesunloaded="0" anonymousclassesunloaded="0" quiescems="0.000" setupms="0.002" scanms="0.000" postms="0.000" />
</gc-op>
<gc-op id="225" type="sweep" timems="0.337" contextid="220" timestamp="2019-06-17T01:09:38.363" />
<gc-op id="226" type="compact" timems="0.823" contextid="220" timestamp="2019-06-17T01:09:38.364">
  <compact-info movecount="749" movebytes="303728" />
  <remembered-set-cleared processed="7539" cleared="1033" durationms="0.106" />
</gc-op>
<gc-end id="227" type="partial gc" contextid="220" durationms="3.003" usertimems="8.000" systemtimems="0.000" timestamp="2019-06-17T01:09:38.364" activeThreads="4">
  <mem-info id="228" free="10485760" total="27262976" percent="38">
    <mem type="eden" free="745120" total="1048576" percent="71" />
    <remembered-set count="6368" freebytes="1062784" totalbytes="1088256" percent="97" regionsoverflowed="0" regionsstable="0" regionsrebuilding="0"/>
  </mem-info>
</gc-end>
<cycle-end id="229" type="partial gc" contextid="220" timestamp="2019-06-17T01:09:38.364" />
  <attribute name="elasticGC enabled" value="1" />
  <attribute name= "numThreadsSpecified" value="4" />
  <attribute name="heapSize specified" value="0" />
  <attribute name="Current GC Util" value="27" />
  <attribute name= "Current Time Running" value="2832" />
  <attribute name ="GC Interval" value="0" />
  <attribute name="ProportionalT" value="10.500000" />
  <attribute name="ProportionalI" value="10.500000" />
  <attribute name="ProportionalH" value="10.500000" />
  <attribute name="Current Error" value="7.000000" />
  <attribute name="IntegralT" value="7.000000" />
  <attribute name="IntegralI" value="7.000000" />
  <attribute name="IntegralH" value="7.000000" />
  <attribute name="DerivativeT" value="10.500000" />
  <attribute name="DerivativeI" value="10.500000" />
  <attribute name="DerivativeH" value="10.500000" />
  <attribute name="Loop Time for DT" value="1.000000" />
  <attribute name="Output H" value="8388608"/>
  <attribute name="Output I" value="200"/>
  <attribute name="Output T" value="4"/>
  <attribute name="Target GC Util Change" value ="20.000000" />
  <attribute name="Current GC Util Change" value="27.000000"/>
  <attribute name="GC Util currently" value="27" />
  <attribute name="CPU Util currently" value="8066082744406" />
<exclusive-end id="230" timestamp="2019-06-17T01:09:38.364" durationms="3.612" />

</verbosegc>

