<?xml version="1.0" ?>

<verbosegc xmlns="http://www.ibm.com/j9/verbosegc" version="10b4217_CMPRSS">

<initialized id="1" timestamp="2019-06-16T17:39:52.124">
  <attribute name="gcPolicy" value="-Xgcpolicy:optavgpause" />
  <attribute name="elasticGC enabled" value="1" />
  <attribute name= "numThreadsSpecified" value="0" />
  <attribute name="heapSize specified" value="0" />
  <attribute name="Current GC Util" value="0" />
  <attribute name= "Current Time Running" value="0" />
  <attribute name ="GC Interval" value="0" />
  <attribute name="ProportionalT" value="0.000000" />
  <attribute name="ProportionalI" value="0.000000" />
  <attribute name="ProportionalH" value="0.000000" />
  <attribute name="IntegralT" value="0.000000" />
  <attribute name="IntegralI" value="0.000000" />
  <attribute name="IntegralH" value="0.000000" />
  <attribute name="DerivativeT" value="0.000000" />
  <attribute name="DerivativeI" value="0.000000" />
  <attribute name="DerivativeH" value="0.000000" />
  <attribute name="Target GC Util Change" value ="0.000000" />
  <attribute name="Current GC Util Change" value="0.000000"/>
  <attribute name="Current Error" value="0.000000" />
  <attribute name="Loop Time for DT" value="0.000000" />
  <attribute name="Output H" value="0"/>
  <attribute name="Output I" value="0"/>
  <attribute name="Output T" value="0"/>
  <attribute name="GC Util currently" value="0" />
  <attribute name="CPU Util currently" value="0" />
  <attribute name="maxHeapSize" value="0x7cbc0000" />
  <attribute name="initialHeapSize" value="0x800000" />
  <attribute name="compressedRefs" value="true" />
  <attribute name="compressedRefsDisplacement" value="0x0" />
  <attribute name="compressedRefsShift" value="0x0" />
  <attribute name="pageSize" value="0x1000" />
  <attribute name="pageType" value="not used" />
  <attribute name="requestedPageSize" value="0x1000" />
  <attribute name="requestedPageType" value="not used" />
  <attribute name="gcthreads" value="4" />
  <attribute name="packetListSplit" value="4" />
  <attribute name="cacheListSplit" value="4" />
  <attribute name="splitFreeListSplitAmount" value="1" />
  <attribute name="numaNodes" value="0" />
  <system>
    <attribute name="physicalMemory" value="8370962432" />
    <attribute name="numCPUs" value="4" />
    <attribute name="architecture" value="amd64" />
    <attribute name="os" value="Linux" />
    <attribute name="osVersion" value="4.4.0-148-generic" />
  </system>
  <vmargs>
    <vmarg name="-Xoptionsfile=/vagrant/jdk/lib/options.default" />
    <vmarg name="-Xlockword:mode=default,noLockword=java/lang/String,noLockword=java/util/MapEntry,noLockword=java/util/HashMap$Entry,noLockword..." />
    <vmarg name="-Xjcl:jclse29" />
    <vmarg name="-Dcom.ibm.oti.vm.bootstrap.library.path=/vagrant/jdk/lib/compressedrefs:/vagrant/jdk/lib" />
    <vmarg name="-Dsun.boot.library.path=/vagrant/jdk/lib/compressedrefs:/vagrant/jdk/lib" />
    <vmarg name="-Djava.library.path=/vagrant/jdk/lib/compressedrefs:/vagrant/jdk/lib:/usr/lib64:/usr/lib" />
    <vmarg name="-Djava.home=/vagrant/jdk" />
    <vmarg name="-Duser.dir=/vagrant" />
    <vmarg name="-Xgcpolicy:optavgpause" />
    <vmarg name="-Xgcelastic" />
    <vmarg name="-Xcheck:gc:::elasticGC" />
    <vmarg name="-verbose:gc" />
    <vmarg name="-Xloggc:small-OPTAVGPAUSE-jdk-1-1-0.5-verbose7jython.txt" />
    <vmarg name="-Djava.class.path=dacapo-9.12-MR1-bach.jar" />
    <vmarg name="-Dsun.java.command=dacapo-9.12-MR1-bach.jar jython --size=small" />
    <vmarg name="-Dsun.java.launcher=SUN_STANDARD" />
    <vmarg name="-Dsun.java.launcher.pid=11747" />
  </vmargs>
</initialized>

<exclusive-start id="2" timestamp="2019-06-16T17:39:53.870" intervalms="1746.117">
  <response-info timems="0.023" idlems="0.023" threads="0" lastid="000000000219A700" lastname="main" />
</exclusive-start>
<af-start id="3" threadId="000000000219B088" totalBytesRequested="2056" timestamp="2019-06-16T17:39:53.871" intervalms="1746.376" />
<cycle-start id="4" type="global" contextid="0" timestamp="2019-06-16T17:39:53.871" intervalms="1746.872" />
<gc-start id="5" type="global" contextid="4" timestamp="2019-06-16T17:39:53.871">
  <mem-info id="6" free="418816" total="8388608" percent="4">
    <mem type="tenure" free="418816" total="8388608" percent="4">
      <mem type="soa" free="0" total="7969792" percent="0" />
      <mem type="loa" free="418816" total="418816" percent="100" />
    </mem>
  </mem-info>
</gc-start>
<allocation-stats totalBytes="7931000" >
  <allocated-bytes non-tlh="357688" tlh="7573312" />
  <largest-consumer threadName="main" threadId="000000000219A700" bytes="7853392" />
</allocation-stats>
<gc-op id="7" type="mark" timems="13.225" contextid="4" timestamp="2019-06-16T17:39:53.885">
  <trace-info objectcount="17675" scancount="14613" scanbytes="461016" />
  <finalization candidates="14" enqueued="1" />
  <references type="soft" candidates="63" cleared="0" enqueued="0" dynamicThreshold="32" maxThreshold="32" />
  <references type="weak" candidates="544" cleared="401" enqueued="362" />
  <references type="phantom" candidates="105" cleared="44" enqueued="44" />
  <stringconstants candidates="2406" cleared="0"  />
</gc-op>
<gc-op id="8" type="classunload" timems="0.139" contextid="4" timestamp="2019-06-16T17:39:53.885">
  <classunload-info classloadercandidates="5" classloadersunloaded="0" classesunloaded="0" anonymousclassesunloaded="0" quiescems="0.000" setupms="0.139" scanms="0.000" postms="0.000" />
</gc-op>
<gc-op id="9" type="sweep" timems="2.685" contextid="4" timestamp="2019-06-16T17:39:53.888" />
<mem-info id="10" free="7186352" total="8388608" percent="85">
  <mem type="tenure" free="7186352" total="8388608" percent="85" micro-fragmented="195289">
    <mem type="soa" free="6767536" total="7969792" percent="84" />
    <mem type="loa" free="418816" total="418816" percent="100" />
  </mem>
  <pending-finalizers system="1" default="0" reference="406" classloader="0" />
</mem-info>
<gc-op id="11" type="compact" timems="8.279" contextid="4" timestamp="2019-06-16T17:39:53.897">
  <compact-info movecount="17674" movebytes="963784" reason="compact to aid heap contraction" />
</gc-op>
<heap-resize id="12" type="expand" space="tenure" amount="2084241408" count="1" timems="0.298" reason="satisfy allocation request" timestamp="2019-06-16T17:39:53.898" />
<gc-end id="13" type="global" contextid="4" durationms="26.982" usertimems="16.000" systemtimems="12.000" timestamp="2019-06-16T17:39:53.898" activeThreads="4">
  <mem-info id="14" free="2091600608" total="2092630016" percent="99">
    <mem type="tenure" free="2091600608" total="2092630016" percent="99">
      <mem type="soa" free="1986969312" total="1987998720" percent="99" />
      <mem type="loa" free="104631296" total="104631296" percent="100" />
    </mem>
    <pending-finalizers system="1" default="0" reference="406" classloader="0" />
  </mem-info>
</gc-end>
<cycle-end id="15" type="global" contextid="4" timestamp="2019-06-16T17:39:53.898" />
  <attribute name="elasticGC enabled" value="1" />
  <attribute name= "numThreadsSpecified" value="4" />
  <attribute name="heapSize specified" value="8388608" />
  <attribute name="Current GC Util" value="95" />
  <attribute name= "Current Time Running" value="1606" />
  <attribute name ="GC Interval" value="0" />
  <attribute name="ProportionalT" value="75.000000" />
  <attribute name="ProportionalI" value="75.000000" />
  <attribute name="ProportionalH" value="75.000000" />
  <attribute name="Current Error" value="75.000000" />
  <attribute name="IntegralT" value="-29958.000000" />
  <attribute name="IntegralI" value="-29958.000000" />
  <attribute name="IntegralH" value="-29958.000000" />
  <attribute name="DerivativeT" value="3.437500" />
  <attribute name="DerivativeI" value="3.437500" />
  <attribute name="DerivativeH" value="3.437500" />
  <attribute name="Loop Time for DT" value="8.000000" />
  <attribute name="Output H" value="2092630016"/>
  <attribute name="Output I" value="200"/>
  <attribute name="Output T" value="4"/>
  <attribute name="Target GC Util Change" value ="20.000000" />
  <attribute name="Current GC Util Change" value="95.000000"/>
  <attribute name="GC Util currently" value="95" />
  <attribute name="CPU Util currently" value="544369297571" />
<allocation-satisfied id="16" threadId="000000000219A700" bytesRequested="2056" />
<af-end id="17" timestamp="2019-06-16T17:39:53.899" threadId="000000000219B088" success="true" />
<exclusive-end id="18" timestamp="2019-06-16T17:39:53.899" durationms="28.595" />

<exclusive-start id="19" timestamp="2019-06-16T17:39:59.203" intervalms="5332.240">
  <response-info timems="0.029" idlems="0.029" threads="0" lastid="000000000219A700" lastname="main" />
</exclusive-start>
<sys-start reason="explicit" id="20" timestamp="2019-06-16T17:39:59.203" intervalms="7078.530" />
<cycle-start id="21" type="global" contextid="0" timestamp="2019-06-16T17:39:59.203" intervalms="5331.842" />
<gc-start id="22" type="global" contextid="21" timestamp="2019-06-16T17:39:59.203">
  <mem-info id="23" free="2021385264" total="2092630016" percent="96">
    <mem type="tenure" free="2021385264" total="2092630016" percent="96">
      <mem type="soa" free="1916753968" total="1987998720" percent="96" />
      <mem type="loa" free="104631296" total="104631296" percent="100" />
    </mem>
  </mem-info>
</gc-start>
<allocation-stats totalBytes="70240128" >
  <allocated-bytes non-tlh="3466928" tlh="66773200" />
  <largest-consumer threadName="main" threadId="000000000219A700" bytes="70171056" />
</allocation-stats>
<gc-op id="24" type="mark" timems="13.500" contextid="21" timestamp="2019-06-16T17:39:59.217">
  <trace-info objectcount="75475" scancount="63004" scanbytes="2110772" />
  <finalization candidates="81" enqueued="1" />
  <ownableSynchronizers candidates="21" cleared="0" />
  <references type="soft" candidates="1640" cleared="0" enqueued="0" dynamicThreshold="31" maxThreshold="32" />
  <references type="weak" candidates="5217" cleared="734" enqueued="570" />
  <references type="phantom" candidates="115" cleared="15" enqueued="15" />
  <stringconstants candidates="8680" cleared="15"  />
</gc-op>
<gc-op id="25" type="classunload" timems="0.438" contextid="21" timestamp="2019-06-16T17:39:59.217">
  <classunload-info classloadercandidates="17" classloadersunloaded="1" classesunloaded="1" anonymousclassesunloaded="0" quiescems="0.000" setupms="0.428" scanms="0.007" postms="0.003" />
</gc-op>
<gc-op id="26" type="sweep" timems="2.964" contextid="21" timestamp="2019-06-16T17:39:59.221" />
<mem-info id="27" free="2087427128" total="2092630016" percent="99">
  <mem type="tenure" free="2087427128" total="2092630016" percent="99" micro-fragmented="586093">
    <mem type="soa" free="1982795832" total="1987998720" percent="99" />
    <mem type="loa" free="104631296" total="104631296" percent="100" />
  </mem>
  <pending-finalizers system="1" default="0" reference="585" classloader="0" />
</mem-info>
<gc-op id="28" type="compact" timems="25.843" contextid="21" timestamp="2019-06-16T17:39:59.247">
  <compact-info movecount="74808" movebytes="4257304" reason="compact to aid heap contraction" />
</gc-op>
<gc-end id="29" type="global" contextid="21" durationms="44.489" usertimems="76.000" systemtimems="0.000" timestamp="2019-06-16T17:39:59.248" activeThreads="4">
  <mem-info id="30" free="2088354208" total="2092630016" percent="99">
    <mem type="tenure" free="2088354208" total="2092630016" percent="99">
      <mem type="soa" free="1983722912" total="1987998720" percent="99" />
      <mem type="loa" free="104631296" total="104631296" percent="100" />
    </mem>
    <pending-finalizers system="1" default="0" reference="585" classloader="0" />
  </mem-info>
</gc-end>
<cycle-end id="31" type="global" contextid="21" timestamp="2019-06-16T17:39:59.248" />
  <attribute name="elasticGC enabled" value="1" />
  <attribute name= "numThreadsSpecified" value="4" />
  <attribute name="heapSize specified" value="2092630016" />
  <attribute name="Current GC Util" value="85" />
  <attribute name= "Current Time Running" value="6956" />
  <attribute name ="GC Interval" value="0" />
  <attribute name="ProportionalT" value="65.000000" />
  <attribute name="ProportionalI" value="65.000000" />
  <attribute name="ProportionalH" value="65.000000" />
  <attribute name="Current Error" value="65.000000" />
  <attribute name="IntegralT" value="1690.000000" />
  <attribute name="IntegralI" value="1690.000000" />
  <attribute name="IntegralH" value="1690.000000" />
  <attribute name="DerivativeT" value="0.038462" />
  <attribute name="DerivativeI" value="0.038462" />
  <attribute name="DerivativeH" value="0.038462" />
  <attribute name="Loop Time for DT" value="26.000000" />
  <attribute name="Output H" value="8388608"/>
  <attribute name="Output I" value="1760"/>
  <attribute name="Output T" value="4"/>
  <attribute name="Target GC Util Change" value ="20.000000" />
  <attribute name="Current GC Util Change" value="85.000000"/>
  <attribute name="GC Util currently" value="85" />
  <attribute name="CPU Util currently" value="177137552552" />
<sys-end id="32" timestamp="2019-06-16T17:39:59.248" />
<exclusive-end id="33" timestamp="2019-06-16T17:39:59.248" durationms="45.495" />

</verbosegc>

