<?xml version="1.0" ?>

<verbosegc xmlns="http://www.ibm.com/j9/verbosegc" version="10b4217_CMPRSS">

<initialized id="1" timestamp="2019-06-16T00:37:40.834">
  <attribute name="gcPolicy" value="-Xgcpolicy:balanced" />
  <attribute name="elasticGC enabled" value="1" />
  <attribute name= "numThreadsSpecified" value="0" />
  <attribute name="heapSize specified" value="0" />
  <attribute name="Current GC Util" value="0" />
  <attribute name= "Current Time Running" value="0" />
  <attribute name ="GC Interval" value="0" />
  <attribute name="ProportionalT" value="0.000000" />
  <attribute name="ProportionalI" value="0.000000" />
  <attribute name="ProportionalH" value="0.000000" />
  <attribute name="IntegralT" value="0.000000" />
  <attribute name="IntegralI" value="0.000000" />
  <attribute name="IntegralH" value="0.000000" />
  <attribute name="DerivativeT" value="0.000000" />
  <attribute name="DerivativeI" value="0.000000" />
  <attribute name="DerivativeH" value="0.000000" />
  <attribute name="Target GC Util Change" value ="0.000000" />
  <attribute name="Current GC Util Change" value="0.000000"/>
  <attribute name="Current Error" value="0.000000" />
  <attribute name="Loop Time for DT" value="0.000000" />
  <attribute name="Output H" value="0"/>
  <attribute name="Output I" value="0"/>
  <attribute name="Output T" value="0"/>
  <attribute name="GC Util currently" value="0" />
  <attribute name="CPU Util currently" value="0" />
  <attribute name="maxHeapSize" value="0x7cb00000" />
  <attribute name="initialHeapSize" value="0x800000" />
  <attribute name="compressedRefs" value="true" />
  <attribute name="compressedRefsDisplacement" value="0x0" />
  <attribute name="compressedRefsShift" value="0x0" />
  <attribute name="pageSize" value="0x1000" />
  <attribute name="pageType" value="not used" />
  <attribute name="requestedPageSize" value="0x1000" />
  <attribute name="requestedPageType" value="not used" />
  <attribute name="gcthreads" value="4" />
  <attribute name="packetListSplit" value="4" />
  <attribute name="cacheListSplit" value="4" />
  <attribute name="splitFreeListSplitAmount" value="1" />
  <attribute name="numaNodes" value="0" />
  <region>
    <attribute name="regionSize" value="1048576" />
    <attribute name="regionCount" value="1995" />
    <attribute name="arrayletLeafSize" value="1048576" />
  </region>
  <system>
    <attribute name="physicalMemory" value="8370962432" />
    <attribute name="numCPUs" value="4" />
    <attribute name="architecture" value="amd64" />
    <attribute name="os" value="Linux" />
    <attribute name="osVersion" value="4.4.0-148-generic" />
  </system>
  <vmargs>
    <vmarg name="-Xoptionsfile=/vagrant/jdk/lib/options.default" />
    <vmarg name="-Xlockword:mode=default,noLockword=java/lang/String,noLockword=java/util/MapEntry,noLockword=java/util/HashMap$Entry,noLockword..." />
    <vmarg name="-Xjcl:jclse29" />
    <vmarg name="-Dcom.ibm.oti.vm.bootstrap.library.path=/vagrant/jdk/lib/compressedrefs:/vagrant/jdk/lib" />
    <vmarg name="-Dsun.boot.library.path=/vagrant/jdk/lib/compressedrefs:/vagrant/jdk/lib" />
    <vmarg name="-Djava.library.path=/vagrant/jdk/lib/compressedrefs:/vagrant/jdk/lib:/usr/lib64:/usr/lib" />
    <vmarg name="-Djava.home=/vagrant/jdk" />
    <vmarg name="-Duser.dir=/vagrant" />
    <vmarg name="-Xgcpolicy:balanced" />
    <vmarg name="-Xgcelastic" />
    <vmarg name="-Xcheck:gc:::elasticGC" />
    <vmarg name="-verbose:gc" />
    <vmarg name="-Xloggc:large-Balanced-jdk-1.5-1-0.5-verbose13jython.txt" />
    <vmarg name="-Djava.class.path=dacapo-9.12-MR1-bach.jar" />
    <vmarg name="-Dsun.java.command=dacapo-9.12-MR1-bach.jar jython --size=large" />
    <vmarg name="-Dsun.java.launcher=SUN_STANDARD" />
    <vmarg name="-Dsun.java.launcher.pid=27006" />
  </vmargs>
</initialized>

<exclusive-start id="2" timestamp="2019-06-16T00:37:42.607" intervalms="1772.972">
  <response-info timems="0.021" idlems="0.021" threads="0" lastid="0000000001AE6700" lastname="main" />
</exclusive-start>
<allocation-taxation id="3" taxation-threshold="8388608" timestamp="2019-06-16T00:37:42.607" intervalms="1773.184" />
<cycle-start id="4" type="partial gc" contextid="0" timestamp="2019-06-16T00:37:42.608" intervalms="1773.456" />
<gc-start id="5" type="partial gc" contextid="4" timestamp="2019-06-16T00:37:42.608">
  <mem-info id="6" free="0" total="8388608" percent="0">
    <mem type="eden" free="80" total="8388608" percent="0" />
    <remembered-set count="0" freebytes="334848" totalbytes="334848" percent="100" regionsoverflowed="0" regionsstable="0" regionsrebuilding="0"/>
  </mem-info>
</gc-start>
<allocation-stats totalBytes="8315784" >
  <allocated-bytes non-tlh="357600" tlh="7958184" arrayletleaf="0"/>
  <largest-consumer threadName="main" threadId="0000000001AE6700" bytes="8239216" />
</allocation-stats>
<gc-op id="7" type="mark" timems="2.407" contextid="4" timestamp="2019-06-16T00:37:42.611">
  <trace-info objectcount="17715" scancount="14028" scanbytes="460928" />
  <remembered-set-cleared processed="0" cleared="0" durationms="0.086" />
  <finalization candidates="14" enqueued="1" />
  <references type="soft" candidates="63" cleared="0" enqueued="0" dynamicThreshold="32" maxThreshold="32" />
  <references type="weak" candidates="544" cleared="401" enqueued="362" />
  <references type="phantom" candidates="105" cleared="44" enqueued="44" />
  <stringconstants candidates="2406" cleared="0"  />
  <warning details="Mark for calibration purposes" />
</gc-op>
<gc-op id="8" type="classunload" timems="0.043" contextid="4" timestamp="2019-06-16T00:37:42.611">
  <classunload-info classloadercandidates="5" classloadersunloaded="0" classesunloaded="0" anonymousclassesunloaded="0" quiescems="0.000" setupms="0.042" scanms="0.000" postms="0.000" />
</gc-op>
<gc-op id="9" type="sweep" timems="1.056" contextid="4" timestamp="2019-06-16T00:37:42.613" />
<gc-op id="10" type="compact" timems="6.737" contextid="4" timestamp="2019-06-16T00:37:42.620">
  <compact-info movecount="17715" movebytes="963344" />
  <remembered-set-cleared processed="0" cleared="0" durationms="0.086" />
</gc-op>
<gc-end id="11" type="partial gc" contextid="4" durationms="13.354" usertimems="16.000" systemtimems="0.000" timestamp="2019-06-16T00:37:42.621" activeThreads="4">
  <mem-info id="12" free="7340032" total="8388608" percent="87">
    <mem type="eden" free="85232" total="1048576" percent="8" />
    <pending-finalizers system="1" default="0" reference="406" classloader="0" />
    <remembered-set count="0" freebytes="334848" totalbytes="334848" percent="100" regionsoverflowed="0" regionsstable="0" regionsrebuilding="0"/>
  </mem-info>
</gc-end>
<cycle-end id="13" type="partial gc" contextid="4" timestamp="2019-06-16T00:37:42.621" />
  <attribute name="elasticGC enabled" value="1" />
  <attribute name= "numThreadsSpecified" value="4" />
  <attribute name="heapSize specified" value="0" />
  <attribute name="Current GC Util" value="48" />
  <attribute name= "Current Time Running" value="1664" />
  <attribute name ="GC Interval" value="0" />
  <attribute name="ProportionalT" value="42.000000" />
  <attribute name="ProportionalI" value="42.000000" />
  <attribute name="ProportionalH" value="42.000000" />
  <attribute name="Current Error" value="28.000000" />
  <attribute name="IntegralT" value="-33184.000000" />
  <attribute name="IntegralI" value="-33184.000000" />
  <attribute name="IntegralH" value="-33184.000000" />
  <attribute name="DerivativeT" value="7.000000" />
  <attribute name="DerivativeI" value="7.000000" />
  <attribute name="DerivativeH" value="7.000000" />
  <attribute name="Loop Time for DT" value="2.000000" />
  <attribute name="Output H" value="2091843584"/>
  <attribute name="Output I" value="200"/>
  <attribute name="Output T" value="4"/>
  <attribute name="Target GC Util Change" value ="20.000000" />
  <attribute name="Current GC Util Change" value="48.000000"/>
  <attribute name="GC Util currently" value="48" />
  <attribute name="CPU Util currently" value="2865659652029" />
<exclusive-end id="14" timestamp="2019-06-16T00:37:42.622" durationms="14.579" />

<exclusive-start id="15" timestamp="2019-06-16T00:37:43.261" intervalms="653.776">
  <response-info timems="0.061" idlems="0.061" threads="0" lastid="0000000001AE6700" lastname="main" />
</exclusive-start>
<allocation-taxation id="16" taxation-threshold="7340032" timestamp="2019-06-16T00:37:43.261" intervalms="653.719" />
<cycle-start id="17" type="partial gc" contextid="0" timestamp="2019-06-16T00:37:43.261" intervalms="653.617" />
<gc-start id="18" type="partial gc" contextid="17" timestamp="2019-06-16T00:37:43.261">
  <mem-info id="19" free="0" total="8388608" percent="0">
    <mem type="eden" free="0" total="7340032" percent="0" />
    <remembered-set count="0" freebytes="334848" totalbytes="334848" percent="100" regionsoverflowed="0" regionsstable="0" regionsrebuilding="0"/>
  </mem-info>
</gc-start>
<allocation-stats totalBytes="7330176" >
  <allocated-bytes non-tlh="569856" tlh="6760320" arrayletleaf="0"/>
  <largest-consumer threadName="main" threadId="0000000001AE6700" bytes="7321896" />
</allocation-stats>
<gc-op id="20" type="mark" timems="4.533" contextid="17" timestamp="2019-06-16T00:37:43.267">
  <trace-info objectcount="19024" scancount="15068" scanbytes="511304" />
  <remembered-set-cleared processed="0" cleared="0" durationms="0.074" />
  <finalization candidates="22" enqueued="0" />
  <ownableSynchronizers candidates="16" cleared="0" />
  <references type="soft" candidates="67" cleared="0" enqueued="0" dynamicThreshold="28" maxThreshold="32" />
  <references type="weak" candidates="682" cleared="364" enqueued="256" />
  <references type="phantom" candidates="88" cleared="2" enqueued="2" />
  <stringconstants candidates="2592" cleared="0"  />
  <warning details="Mark invoked due to insufficient free space for Copy-Forward" />
</gc-op>
<gc-op id="21" type="classunload" timems="0.001" contextid="17" timestamp="2019-06-16T00:37:43.267">
  <classunload-info classloadercandidates="6" classloadersunloaded="0" classesunloaded="0" anonymousclassesunloaded="0" quiescems="0.000" setupms="0.001" scanms="0.000" postms="0.000" />
</gc-op>
<gc-op id="22" type="sweep" timems="1.483" contextid="17" timestamp="2019-06-16T00:37:43.269" />
<gc-op id="23" type="compact" timems="4.809" contextid="17" timestamp="2019-06-16T00:37:43.274">
  <compact-info movecount="19024" movebytes="1506704" />
  <remembered-set-cleared processed="0" cleared="0" durationms="0.074" />
</gc-op>
<gc-end id="24" type="partial gc" contextid="17" durationms="12.822" usertimems="16.000" systemtimems="0.000" timestamp="2019-06-16T00:37:43.274" activeThreads="4">
  <mem-info id="25" free="6291456" total="8388608" percent="75">
    <mem type="eden" free="318344" total="1048576" percent="30" />
    <pending-finalizers system="0" default="0" reference="258" classloader="0" />
    <remembered-set count="1536" freebytes="328704" totalbytes="334848" percent="98" regionsoverflowed="0" regionsstable="0" regionsrebuilding="0"/>
  </mem-info>
</gc-end>
<cycle-end id="26" type="partial gc" contextid="17" timestamp="2019-06-16T00:37:43.274" />
  <attribute name="elasticGC enabled" value="1" />
  <attribute name= "numThreadsSpecified" value="4" />
  <attribute name="heapSize specified" value="0" />
  <attribute name="Current GC Util" value="93" />
  <attribute name= "Current Time Running" value="2320" />
  <attribute name ="GC Interval" value="0" />
  <attribute name="ProportionalT" value="109.500000" />
  <attribute name="ProportionalI" value="109.500000" />
  <attribute name="ProportionalH" value="109.500000" />
  <attribute name="Current Error" value="73.000000" />
  <attribute name="IntegralT" value="146.000000" />
  <attribute name="IntegralI" value="146.000000" />
  <attribute name="IntegralH" value="146.000000" />
  <attribute name="DerivativeT" value="3.250000" />
  <attribute name="DerivativeI" value="3.250000" />
  <attribute name="DerivativeH" value="3.250000" />
  <attribute name="Loop Time for DT" value="2.000000" />
  <attribute name="Output H" value="8388608"/>
  <attribute name="Output I" value="264"/>
  <attribute name="Output T" value="4"/>
  <attribute name="Target GC Util Change" value ="20.000000" />
  <attribute name="Current GC Util Change" value="93.000000"/>
  <attribute name="GC Util currently" value="93" />
  <attribute name="CPU Util currently" value="2508819011210" />
<exclusive-end id="27" timestamp="2019-06-16T00:37:43.275" durationms="13.832" />

<exclusive-start id="28" timestamp="2019-06-16T00:37:43.411" intervalms="150.494">
  <response-info timems="0.032" idlems="0.032" threads="0" lastid="0000000001AE6700" lastname="main" />
</exclusive-start>
<allocation-taxation id="29" taxation-threshold="3145728" timestamp="2019-06-16T00:37:43.411" intervalms="150.436" />
<cycle-start id="30" type="global mark phase" contextid="0" timestamp="2019-06-16T00:37:43.412" intervalms="2577.533" />
<gc-start id="31" type="global mark phase" contextid="30" timestamp="2019-06-16T00:37:43.412">
  <mem-info id="32" free="3145728" total="8388608" percent="37">
    <remembered-set count="1056" freebytes="330624" totalbytes="334848" percent="98" regionsoverflowed="0" regionsstable="0" regionsrebuilding="0"/>
  </mem-info>
</gc-start>
<gc-op id="33" type="mark increment" timems="0.813" contextid="30" timestamp="2019-06-16T00:37:43.413">
  <trace-info objectcount="131" scancount="0" scanbytes="0" />
</gc-op>
<gc-end id="34" type="global mark phase" contextid="30" durationms="0.919" usertimems="4.000" systemtimems="0.000" timestamp="2019-06-16T00:37:43.413" activeThreads="4">
  <mem-info id="35" free="3145728" total="8388608" percent="37">
    <remembered-set count="1056" freebytes="330624" totalbytes="334848" percent="98" regionsoverflowed="0" regionsstable="0" regionsrebuilding="0"/>
  </mem-info>
</gc-end>
<concurrent-start id="36" type="GMP work packet processing" contextid="30" timestamp="2019-06-16T00:37:43.413">
  <concurrent-mark-start scanTarget="18446744073709551615" />
</concurrent-start>
<exclusive-end id="37" timestamp="2019-06-16T00:37:43.413" durationms="1.407" />

<concurrent-end id="38" type="GMP work packet processing" contextid="30" timestamp="2019-06-16T00:37:43.415">
  <concurrent-mark-end bytesScanned="782476" reasonForTermination="Completed all work in GC phase" />
</concurrent-end>

<exclusive-start id="39" timestamp="2019-06-16T00:37:43.504" intervalms="92.589">
  <response-info timems="0.051" idlems="0.051" threads="0" lastid="0000000001AE6700" lastname="main" />
</exclusive-start>
<allocation-taxation id="40" taxation-threshold="3145728" timestamp="2019-06-16T00:37:43.504" intervalms="92.586" />
<cycle-start id="41" type="partial gc" contextid="0" timestamp="2019-06-16T00:37:43.504" intervalms="242.938" />
<gc-start id="42" type="partial gc" contextid="41" timestamp="2019-06-16T00:37:43.504">
  <mem-info id="43" free="0" total="8388608" percent="0">
    <mem type="eden" free="0" total="6291456" percent="0" />
    <remembered-set count="1056" freebytes="330624" totalbytes="334848" percent="98" regionsoverflowed="0" regionsstable="0" regionsrebuilding="0"/>
  </mem-info>
</gc-start>
<allocation-stats totalBytes="6286192" >
  <allocated-bytes non-tlh="317712" tlh="5968480" arrayletleaf="0"/>
  <largest-consumer threadName="main" threadId="0000000001AE6700" bytes="3143808" />
</allocation-stats>
<gc-op id="44" type="mark" timems="2.133" contextid="41" timestamp="2019-06-16T00:37:43.507">
  <trace-info objectcount="20281" scancount="16260" scanbytes="547736" />
  <cardclean-info objects="815" bytes="35432" />
  <remembered-set-cleared processed="200" cleared="200" durationms="0.043" />
  <finalization candidates="50" enqueued="1" />
  <ownableSynchronizers candidates="17" cleared="0" />
  <references type="soft" candidates="358" cleared="0" enqueued="0" dynamicThreshold="12" maxThreshold="32" />
  <references type="weak" candidates="1254" cleared="157" enqueued="143" />
  <references type="phantom" candidates="41" cleared="4" enqueued="4" />
  <stringconstants candidates="4540" cleared="0"  />
  <warning details="Mark invoked due to insufficient free space for Copy-Forward" />
</gc-op>
<gc-op id="45" type="classunload" timems="0.002" contextid="41" timestamp="2019-06-16T00:37:43.507">
  <classunload-info classloadercandidates="10" classloadersunloaded="0" classesunloaded="0" anonymousclassesunloaded="0" quiescems="0.000" setupms="0.002" scanms="0.000" postms="0.000" />
</gc-op>
<gc-op id="46" type="sweep" timems="1.494" contextid="41" timestamp="2019-06-16T00:37:43.509" />
<gc-op id="47" type="compact" timems="4.384" contextid="41" timestamp="2019-06-16T00:37:43.513">
  <compact-info movecount="20225" movebytes="1363480" />
  <remembered-set-cleared processed="3264" cleared="3264" durationms="0.053" />
</gc-op>
<heap-resize id="48" type="contract" space="default" amount="1048576" count="1" timems="0.179" reason="insufficient time being spent in gc" timestamp="2019-06-16T00:37:43.514" />
<gc-end id="49" type="partial gc" contextid="41" durationms="9.645" usertimems="16.000" systemtimems="0.000" timestamp="2019-06-16T00:37:43.514" activeThreads="4">
  <mem-info id="50" free="4194304" total="7340032" percent="57">
    <mem type="eden" free="372720" total="1048576" percent="35" />
    <pending-finalizers system="1" default="0" reference="147" classloader="0" />
    <remembered-set count="3072" freebytes="322560" totalbytes="334848" percent="96" regionsoverflowed="0" regionsstable="0" regionsrebuilding="0"/>
  </mem-info>
</gc-end>
<cycle-end id="51" type="partial gc" contextid="41" timestamp="2019-06-16T00:37:43.514" />
  <attribute name="elasticGC enabled" value="1" />
  <attribute name= "numThreadsSpecified" value="4" />
  <attribute name="heapSize specified" value="0" />
  <attribute name="Current GC Util" value="102" />
  <attribute name= "Current Time Running" value="2559" />
  <attribute name ="GC Interval" value="0" />
  <attribute name="ProportionalT" value="123.000000" />
  <attribute name="ProportionalI" value="123.000000" />
  <attribute name="ProportionalH" value="123.000000" />
  <attribute name="Current Error" value="82.000000" />
  <attribute name="IntegralT" value="82.000000" />
  <attribute name="IntegralI" value="82.000000" />
  <attribute name="IntegralH" value="82.000000" />
  <attribute name="DerivativeT" value="41.000000" />
  <attribute name="DerivativeI" value="41.000000" />
  <attribute name="DerivativeH" value="41.000000" />
  <attribute name="Loop Time for DT" value="1.000000" />
  <attribute name="Output H" value="8388608"/>
  <attribute name="Output I" value="248"/>
  <attribute name="Output T" value="4"/>
  <attribute name="Target GC Util Change" value ="20.000000" />
  <attribute name="Current GC Util Change" value="102.000000"/>
  <attribute name="GC Util currently" value="102" />
  <attribute name="CPU Util currently" value="2764007687195" />
<exclusive-end id="52" timestamp="2019-06-16T00:37:43.514" durationms="10.497" />

<exclusive-start id="53" timestamp="2019-06-16T00:37:46.360" intervalms="2856.028">
  <response-info timems="0.018" idlems="0.018" threads="0" lastid="0000000001AE6700" lastname="main" />
</exclusive-start>
<allocation-taxation id="54" taxation-threshold="2097152" timestamp="2019-06-16T00:37:46.360" intervalms="2856.086" />
<gc-start id="55" type="global mark phase" contextid="30" timestamp="2019-06-16T00:37:46.360">
  <mem-info id="56" free="2097152" total="7340032" percent="28">
    <remembered-set count="2816" freebytes="323584" totalbytes="334848" percent="96" regionsoverflowed="0" regionsstable="0" regionsrebuilding="0"/>
  </mem-info>
</gc-start>
<gc-op id="57" type="mark increment" timems="6.029" contextid="30" timestamp="2019-06-16T00:37:46.366">
  <trace-info objectcount="22555" scancount="18245" scanbytes="621136" />
  <cardclean-info objects="973" bytes="45264" />
  <finalization candidates="62" enqueued="0" />
  <ownableSynchronizers candidates="17" cleared="0" />
  <references type="soft" candidates="584" cleared="0" enqueued="0" dynamicThreshold="18" maxThreshold="32" />
  <references type="weak" candidates="1415" cleared="6" enqueued="6" />
  <references type="phantom" candidates="96" cleared="2" enqueued="2" />
  <stringconstants candidates="4893" cleared="0"  />
</gc-op>
<gc-op id="58" type="classunload" timems="0.003" contextid="30" timestamp="2019-06-16T00:37:46.367">
  <classunload-info classloadercandidates="10" classloadersunloaded="0" classesunloaded="0" anonymousclassesunloaded="0" quiescems="0.000" setupms="0.003" scanms="0.000" postms="0.000" />
</gc-op>
<gc-end id="59" type="global mark phase" contextid="30" durationms="6.677" usertimems="8.000" systemtimems="0.000" timestamp="2019-06-16T00:37:46.367" activeThreads="4">
  <mem-info id="60" free="2097152" total="7340032" percent="28">
    <pending-finalizers system="0" default="0" reference="8" classloader="0" />
    <remembered-set count="2816" freebytes="323584" totalbytes="334848" percent="96" regionsoverflowed="0" regionsstable="0" regionsrebuilding="0"/>
  </mem-info>
</gc-end>
<cycle-end id="61" type="global mark phase" contextid="30" timestamp="2019-06-16T00:37:46.367" />
  <attribute name="elasticGC enabled" value="1" />
  <attribute name= "numThreadsSpecified" value="4" />
  <attribute name="heapSize specified" value="0" />
  <attribute name="Current GC Util" value="129" />
  <attribute name= "Current Time Running" value="5414" />
  <attribute name ="GC Interval" value="0" />
  <attribute name="ProportionalT" value="163.500000" />
  <attribute name="ProportionalI" value="163.500000" />
  <attribute name="ProportionalH" value="163.500000" />
  <attribute name="Current Error" value="109.000000" />
  <attribute name="IntegralT" value="218.000000" />
  <attribute name="IntegralI" value="218.000000" />
  <attribute name="IntegralH" value="218.000000" />
  <attribute name="DerivativeT" value="0.250000" />
  <attribute name="DerivativeI" value="0.250000" />
  <attribute name="DerivativeH" value="0.250000" />
  <attribute name="Loop Time for DT" value="2.000000" />
  <attribute name="Output H" value="8388608"/>
  <attribute name="Output I" value="384"/>
  <attribute name="Output T" value="4"/>
  <attribute name="Target GC Util Change" value ="20.000000" />
  <attribute name="Current GC Util Change" value="129.000000"/>
  <attribute name="GC Util currently" value="129" />
  <attribute name="CPU Util currently" value="2333389842431" />
<exclusive-end id="62" timestamp="2019-06-16T00:37:46.367" durationms="7.385" />

<exclusive-start id="63" timestamp="2019-06-16T00:37:46.415" intervalms="55.417">
  <response-info timems="0.031" idlems="0.031" threads="0" lastid="0000000001AE6700" lastname="main" />
</exclusive-start>
<allocation-taxation id="64" taxation-threshold="2097152" timestamp="2019-06-16T00:37:46.416" intervalms="55.394" />
<cycle-start id="65" type="partial gc" contextid="0" timestamp="2019-06-16T00:37:46.416" intervalms="2911.513" />
<gc-start id="66" type="partial gc" contextid="65" timestamp="2019-06-16T00:37:46.416">
  <mem-info id="67" free="0" total="7340032" percent="0">
    <mem type="eden" free="0" total="4194304" percent="0" />
    <remembered-set count="2816" freebytes="323584" totalbytes="334848" percent="96" regionsoverflowed="0" regionsstable="0" regionsrebuilding="0"/>
  </mem-info>
</gc-start>
<allocation-stats totalBytes="4157904" >
  <allocated-bytes non-tlh="78416" tlh="4079488" arrayletleaf="0"/>
  <largest-consumer threadName="main" threadId="0000000001AE6700" bytes="2069520" />
</allocation-stats>
<gc-op id="68" type="sweep" timems="1.650" contextid="65" timestamp="2019-06-16T00:37:46.418" />
<gc-op id="69" type="mark" timems="5.553" contextid="65" timestamp="2019-06-16T00:37:46.424">
  <trace-info objectcount="22591" scancount="18095" scanbytes="604576" />
  <cardclean-info objects="1018" bytes="57296" />
  <remembered-set-cleared processed="0" cleared="0" durationms="0.233" />
  <finalization candidates="43" enqueued="0" />
  <ownableSynchronizers candidates="1" cleared="0" />
  <references type="soft" candidates="562" cleared="0" enqueued="0" dynamicThreshold="9" maxThreshold="32" />
  <references type="weak" candidates="1216" cleared="24" enqueued="24" />
  <references type="phantom" candidates="10" cleared="1" enqueued="1" />
  <stringconstants candidates="5080" cleared="0"  />
  <warning details="Mark invoked due to insufficient free space for Copy-Forward" />
</gc-op>
<gc-op id="70" type="classunload" timems="0.002" contextid="65" timestamp="2019-06-16T00:37:46.424">
  <classunload-info classloadercandidates="10" classloadersunloaded="0" classesunloaded="0" anonymousclassesunloaded="0" quiescems="0.000" setupms="0.002" scanms="0.000" postms="0.000" />
</gc-op>
<gc-op id="71" type="sweep" timems="1.600" contextid="65" timestamp="2019-06-16T00:37:46.426" />
<gc-op id="72" type="compact" timems="4.722" contextid="65" timestamp="2019-06-16T00:37:46.431">
  <compact-info movecount="22142" movebytes="869008" />
  <remembered-set-cleared processed="5724" cleared="5592" durationms="0.233" />
</gc-op>
<heap-resize id="73" type="expand" space="default" amount="1048576" count="1" timems="0.061" reason="insufficient free space following gc" timestamp="2019-06-16T00:37:46.432" />
<gc-end id="74" type="partial gc" contextid="65" durationms="16.143" usertimems="20.000" systemtimems="0.000" timestamp="2019-06-16T00:37:46.432" activeThreads="4">
  <mem-info id="75" free="4194304" total="8388608" percent="50">
    <mem type="eden" free="793984" total="1048576" percent="75" />
    <pending-finalizers system="0" default="0" reference="25" classloader="0" />
    <remembered-set count="3232" freebytes="321920" totalbytes="334848" percent="96" regionsoverflowed="0" regionsstable="0" regionsrebuilding="0"/>
  </mem-info>
</gc-end>
<cycle-end id="76" type="partial gc" contextid="65" timestamp="2019-06-16T00:37:46.432" />
  <attribute name="elasticGC enabled" value="1" />
  <attribute name= "numThreadsSpecified" value="4" />
  <attribute name="heapSize specified" value="0" />
  <attribute name="Current GC Util" value="97" />
  <attribute name= "Current Time Running" value="5477" />
  <attribute name ="GC Interval" value="0" />
  <attribute name="ProportionalT" value="115.500000" />
  <attribute name="ProportionalI" value="115.500000" />
  <attribute name="ProportionalH" value="115.500000" />
  <attribute name="Current Error" value="77.000000" />
  <attribute name="IntegralT" value="154.000000" />
  <attribute name="IntegralI" value="154.000000" />
  <attribute name="IntegralH" value="154.000000" />
  <attribute name="DerivativeT" value="3.750000" />
  <attribute name="DerivativeI" value="3.750000" />
  <attribute name="DerivativeH" value="3.750000" />
  <attribute name="Loop Time for DT" value="2.000000" />
  <attribute name="Output H" value="8388608"/>
  <attribute name="Output I" value="280"/>
  <attribute name="Output T" value="4"/>
  <attribute name="Target GC Util Change" value ="20.000000" />
  <attribute name="Current GC Util Change" value="97.000000"/>
  <attribute name="GC Util currently" value="97" />
  <attribute name="CPU Util currently" value="2419782077256" />
<exclusive-end id="77" timestamp="2019-06-16T00:37:46.433" durationms="17.133" />

<exclusive-start id="78" timestamp="2019-06-16T00:37:46.498" intervalms="82.743">
  <response-info timems="0.030" idlems="0.030" threads="0" lastid="0000000001AE6700" lastname="main" />
</exclusive-start>
<allocation-taxation id="79" taxation-threshold="2097152" timestamp="2019-06-16T00:37:46.498" intervalms="82.703" />
<cycle-start id="80" type="global mark phase" contextid="0" timestamp="2019-06-16T00:37:46.498" intervalms="3086.659" />
<gc-start id="81" type="global mark phase" contextid="80" timestamp="2019-06-16T00:37:46.498">
  <mem-info id="82" free="2097152" total="8388608" percent="25">
    <remembered-set count="3232" freebytes="321920" totalbytes="334848" percent="96" regionsoverflowed="0" regionsstable="0" regionsrebuilding="0"/>
  </mem-info>
</gc-start>
<gc-op id="83" type="mark increment" timems="1.980" contextid="80" timestamp="2019-06-16T00:37:46.500">
  <trace-info objectcount="122" scancount="0" scanbytes="0" />
</gc-op>
<gc-end id="84" type="global mark phase" contextid="80" durationms="2.148" usertimems="4.000" systemtimems="0.000" timestamp="2019-06-16T00:37:46.501" activeThreads="4">
  <mem-info id="85" free="2097152" total="8388608" percent="25">
    <remembered-set count="3232" freebytes="321920" totalbytes="334848" percent="96" regionsoverflowed="0" regionsstable="0" regionsrebuilding="0"/>
  </mem-info>
</gc-end>
<concurrent-start id="86" type="GMP work packet processing" contextid="80" timestamp="2019-06-16T00:37:46.501">
  <concurrent-mark-start scanTarget="18446744073709551615" />
</concurrent-start>
<exclusive-end id="87" timestamp="2019-06-16T00:37:46.501" durationms="2.635" />

<concurrent-end id="88" type="GMP work packet processing" contextid="80" timestamp="2019-06-16T00:37:46.504">
  <concurrent-mark-end bytesScanned="1168688" reasonForTermination="Completed all work in GC phase" />
</concurrent-end>

<exclusive-start id="89" timestamp="2019-06-16T00:37:46.560" intervalms="62.207">
  <response-info timems="0.070" idlems="0.070" threads="0" lastid="0000000001AE6700" lastname="main" />
</exclusive-start>
<allocation-taxation id="90" taxation-threshold="2097152" timestamp="2019-06-16T00:37:46.561" intervalms="62.299" />
<cycle-start id="91" type="partial gc" contextid="0" timestamp="2019-06-16T00:37:46.561" intervalms="145.042" />
<gc-start id="92" type="partial gc" contextid="91" timestamp="2019-06-16T00:37:46.561">
  <mem-info id="93" free="0" total="8388608" percent="0">
    <mem type="eden" free="0" total="4194304" percent="0" />
    <remembered-set count="3232" freebytes="321920" totalbytes="334848" percent="96" regionsoverflowed="0" regionsstable="0" regionsrebuilding="0"/>
  </mem-info>
</gc-start>
<allocation-stats totalBytes="4180872" >
  <allocated-bytes non-tlh="124136" tlh="4056736" arrayletleaf="0"/>
  <largest-consumer threadName="main" threadId="0000000001AE6700" bytes="2029120" />
</allocation-stats>
<gc-op id="94" type="mark" timems="2.194" contextid="91" timestamp="2019-06-16T00:37:46.564">
  <trace-info objectcount="15788" scancount="13614" scanbytes="495748" />
  <cardclean-info objects="1798" bytes="82888" />
  <remembered-set-cleared processed="2442" cleared="1068" durationms="0.067" />
  <finalization candidates="14" enqueued="0" />
  <ownableSynchronizers candidates="4" cleared="0" />
  <references type="soft" candidates="441" cleared="0" enqueued="0" dynamicThreshold="8" maxThreshold="32" />
  <references type="weak" candidates="2136" cleared="437" enqueued="288" />
  <references type="phantom" candidates="3" cleared="1" enqueued="1" />
  <stringconstants candidates="6051" cleared="0"  />
  <warning details="Mark invoked due to insufficient free space for Copy-Forward" />
</gc-op>
<gc-op id="95" type="classunload" timems="0.002" contextid="91" timestamp="2019-06-16T00:37:46.564">
  <classunload-info classloadercandidates="11" classloadersunloaded="0" classesunloaded="0" anonymousclassesunloaded="0" quiescems="0.000" setupms="0.002" scanms="0.000" postms="0.000" />
</gc-op>
<gc-op id="96" type="sweep" timems="0.434" contextid="91" timestamp="2019-06-16T00:37:46.564" />
<gc-op id="97" type="compact" timems="3.460" contextid="91" timestamp="2019-06-16T00:37:46.568">
  <compact-info movecount="15699" movebytes="691360" />
  <remembered-set-cleared processed="12392" cleared="9605" durationms="0.091" />
</gc-op>
<heap-resize id="98" type="expand" space="default" amount="1048576" count="1" timems="0.057" reason="insufficient free space following gc" timestamp="2019-06-16T00:37:46.569" />
<gc-end id="99" type="partial gc" contextid="91" durationms="7.700" usertimems="8.000" systemtimems="0.000" timestamp="2019-06-16T00:37:46.569" activeThreads="1">
  <mem-info id="100" free="4194304" total="9437184" percent="44">
    <mem type="eden" free="598768" total="1048576" percent="57" />
    <pending-finalizers system="0" default="0" reference="289" classloader="0" />
    <remembered-set count="5216" freebytes="355840" totalbytes="376704" percent="94" regionsoverflowed="0" regionsstable="0" regionsrebuilding="0"/>
  </mem-info>
</gc-end>
<cycle-end id="101" type="partial gc" contextid="91" timestamp="2019-06-16T00:37:46.569" />
  <attribute name="elasticGC enabled" value="1" />
  <attribute name= "numThreadsSpecified" value="1" />
  <attribute name="heapSize specified" value="0" />
  <attribute name="Current GC Util" value="24" />
  <attribute name= "Current Time Running" value="5615" />
  <attribute name ="GC Interval" value="0" />
  <attribute name="ProportionalT" value="6.000000" />
  <attribute name="ProportionalI" value="6.000000" />
  <attribute name="ProportionalH" value="6.000000" />
  <attribute name="Current Error" value="4.000000" />
  <attribute name="IntegralT" value="0.000000" />
  <attribute name="IntegralI" value="0.000000" />
  <attribute name="IntegralH" value="0.000000" />
  <attribute name="DerivativeT" value="inf" />
  <attribute name="DerivativeI" value="inf" />
  <attribute name="DerivativeH" value="inf" />
  <attribute name="Loop Time for DT" value="0.000000" />
  <attribute name="Output H" value="8388608"/>
  <attribute name="Output I" value="200"/>
  <attribute name="Output T" value="1"/>
  <attribute name="Target GC Util Change" value ="20.000000" />
  <attribute name="Current GC Util Change" value="24.000000"/>
  <attribute name="GC Util currently" value="24" />
  <attribute name="CPU Util currently" value="6543793354901" />
<exclusive-end id="102" timestamp="2019-06-16T00:37:46.569" durationms="8.844" />

<exclusive-start id="103" timestamp="2019-06-16T00:37:46.615" intervalms="54.476">
  <response-info timems="0.069" idlems="0.069" threads="0" lastid="0000000001AE6700" lastname="main" />
</exclusive-start>
<allocation-taxation id="104" taxation-threshold="2097152" timestamp="2019-06-16T00:37:46.615" intervalms="54.409" />
<gc-start id="105" type="global mark phase" contextid="80" timestamp="2019-06-16T00:37:46.615">
  <mem-info id="106" free="2097152" total="9437184" percent="22">
    <remembered-set count="4992" freebytes="356736" totalbytes="376704" percent="94" regionsoverflowed="0" regionsstable="0" regionsrebuilding="0"/>
  </mem-info>
</gc-start>
<gc-op id="107" type="mark increment" timems="6.114" contextid="80" timestamp="2019-06-16T00:37:46.621">
  <trace-info objectcount="17926" scancount="15475" scanbytes="563352" />
  <cardclean-info objects="2491" bytes="112444" />
  <finalization candidates="80" enqueued="0" />
  <ownableSynchronizers candidates="21" cleared="0" />
  <references type="soft" candidates="968" cleared="0" enqueued="0" dynamicThreshold="14" maxThreshold="32" />
  <references type="weak" candidates="2977" cleared="22" enqueued="22" />
  <references type="phantom" candidates="104" cleared="3" enqueued="3" />
  <stringconstants candidates="6222" cleared="0"  />
</gc-op>
<gc-op id="108" type="classunload" timems="0.004" contextid="80" timestamp="2019-06-16T00:37:46.621">
  <classunload-info classloadercandidates="11" classloadersunloaded="0" classesunloaded="0" anonymousclassesunloaded="0" quiescems="0.000" setupms="0.004" scanms="0.000" postms="0.000" />
</gc-op>
<gc-end id="109" type="global mark phase" contextid="80" durationms="6.675" usertimems="8.000" systemtimems="0.000" timestamp="2019-06-16T00:37:46.622" activeThreads="4">
  <mem-info id="110" free="2097152" total="9437184" percent="22">
    <pending-finalizers system="0" default="0" reference="25" classloader="0" />
    <remembered-set count="4992" freebytes="356736" totalbytes="376704" percent="94" regionsoverflowed="0" regionsstable="0" regionsrebuilding="0"/>
  </mem-info>
</gc-end>
<cycle-end id="111" type="global mark phase" contextid="80" timestamp="2019-06-16T00:37:46.622" />
  <attribute name="elasticGC enabled" value="1" />
  <attribute name= "numThreadsSpecified" value="4" />
  <attribute name="heapSize specified" value="0" />
  <attribute name="Current GC Util" value="123" />
  <attribute name= "Current Time Running" value="5669" />
  <attribute name ="GC Interval" value="0" />
  <attribute name="ProportionalT" value="154.500000" />
  <attribute name="ProportionalI" value="154.500000" />
  <attribute name="ProportionalH" value="154.500000" />
  <attribute name="Current Error" value="103.000000" />
  <attribute name="IntegralT" value="206.000000" />
  <attribute name="IntegralI" value="206.000000" />
  <attribute name="IntegralH" value="206.000000" />
  <attribute name="DerivativeT" value="-11.750000" />
  <attribute name="DerivativeI" value="-11.750000" />
  <attribute name="DerivativeH" value="-11.750000" />
  <attribute name="Loop Time for DT" value="2.000000" />
  <attribute name="Output H" value="8388608"/>
  <attribute name="Output I" value="352"/>
  <attribute name="Output T" value="4"/>
  <attribute name="Target GC Util Change" value ="20.000000" />
  <attribute name="Current GC Util Change" value="123.000000"/>
  <attribute name="GC Util currently" value="123" />
  <attribute name="CPU Util currently" value="2772252275447" />
<exclusive-end id="112" timestamp="2019-06-16T00:37:46.622" durationms="7.284" />

<exclusive-start id="113" timestamp="2019-06-16T00:37:46.654" intervalms="39.470">
  <response-info timems="0.046" idlems="0.046" threads="0" lastid="0000000001AE6700" lastname="main" />
</exclusive-start>
<allocation-taxation id="114" taxation-threshold="2097152" timestamp="2019-06-16T00:37:46.654" intervalms="39.486" />
<cycle-start id="115" type="partial gc" contextid="0" timestamp="2019-06-16T00:37:46.655" intervalms="93.881" />
<gc-start id="116" type="partial gc" contextid="115" timestamp="2019-06-16T00:37:46.655">
  <mem-info id="117" free="0" total="9437184" percent="0">
    <mem type="eden" free="0" total="4194304" percent="0" />
    <remembered-set count="4992" freebytes="356736" totalbytes="376704" percent="94" regionsoverflowed="0" regionsstable="0" regionsrebuilding="0"/>
  </mem-info>
</gc-start>
<allocation-stats totalBytes="4083352" >
  <allocated-bytes non-tlh="1446368" tlh="2636984" arrayletleaf="0"/>
  <largest-consumer threadName="main" threadId="0000000001AE6700" bytes="2059800" />
</allocation-stats>
<gc-op id="118" type="sweep" timems="1.529" contextid="115" timestamp="2019-06-16T00:37:46.657" />
<gc-op id="119" type="mark" timems="4.164" contextid="115" timestamp="2019-06-16T00:37:46.662">
  <trace-info objectcount="13444" scancount="11367" scanbytes="421368" />
  <cardclean-info objects="1240" bytes="69908" />
  <remembered-set-cleared processed="4114" cleared="1916" durationms="0.218" />
  <finalization candidates="15" enqueued="0" />
  <ownableSynchronizers candidates="4" cleared="0" />
  <references type="soft" candidates="339" cleared="0" enqueued="0" dynamicThreshold="7" maxThreshold="32" />
  <references type="weak" candidates="1496" cleared="1" enqueued="1" />
  <references type="phantom" candidates="6" cleared="0" enqueued="0" />
  <stringconstants candidates="6433" cleared="0"  />
  <warning details="Mark invoked due to insufficient free space for Copy-Forward" />
</gc-op>
<gc-op id="120" type="classunload" timems="0.003" contextid="115" timestamp="2019-06-16T00:37:46.662">
  <classunload-info classloadercandidates="11" classloadersunloaded="0" classesunloaded="0" anonymousclassesunloaded="0" quiescems="0.000" setupms="0.002" scanms="0.000" postms="0.000" />
</gc-op>
<gc-op id="121" type="sweep" timems="1.501" contextid="115" timestamp="2019-06-16T00:37:46.664" />
<gc-op id="122" type="compact" timems="3.994" contextid="115" timestamp="2019-06-16T00:37:46.668">
  <compact-info movecount="13245" movebytes="1389896" />
  <remembered-set-cleared processed="12674" cleared="8257" durationms="0.218" />
</gc-op>
<heap-resize id="123" type="expand" space="default" amount="2097152" count="1" timems="0.063" reason="insufficient free space following gc" timestamp="2019-06-16T00:37:46.668" />
<gc-end id="124" type="partial gc" contextid="115" durationms="13.680" usertimems="16.000" systemtimems="0.000" timestamp="2019-06-16T00:37:46.668" activeThreads="4">
  <mem-info id="125" free="5242880" total="11534336" percent="45">
    <mem type="eden" free="95776" total="1048576" percent="9" />
    <pending-finalizers system="0" default="0" reference="1" classloader="0" />
    <remembered-set count="5472" freebytes="438528" totalbytes="460416" percent="95" regionsoverflowed="0" regionsstable="0" regionsrebuilding="0"/>
  </mem-info>
</gc-end>
<cycle-end id="126" type="partial gc" contextid="115" timestamp="2019-06-16T00:37:46.669" />
  <attribute name="elasticGC enabled" value="1" />
  <attribute name= "numThreadsSpecified" value="4" />
  <attribute name="heapSize specified" value="0" />
  <attribute name="Current GC Util" value="96" />
  <attribute name= "Current Time Running" value="5714" />
  <attribute name ="GC Interval" value="0" />
  <attribute name="ProportionalT" value="114.000000" />
  <attribute name="ProportionalI" value="114.000000" />
  <attribute name="ProportionalH" value="114.000000" />
  <attribute name="Current Error" value="76.000000" />
  <attribute name="IntegralT" value="76.000000" />
  <attribute name="IntegralI" value="76.000000" />
  <attribute name="IntegralH" value="76.000000" />
  <attribute name="DerivativeT" value="-9.500000" />
  <attribute name="DerivativeI" value="-9.500000" />
  <attribute name="DerivativeH" value="-9.500000" />
  <attribute name="Loop Time for DT" value="1.000000" />
  <attribute name="Output H" value="8388608"/>
  <attribute name="Output I" value="200"/>
  <attribute name="Output T" value="4"/>
  <attribute name="Target GC Util Change" value ="20.000000" />
  <attribute name="Current GC Util Change" value="96.000000"/>
  <attribute name="GC Util currently" value="96" />
  <attribute name="CPU Util currently" value="2602578610834" />
<exclusive-end id="127" timestamp="2019-06-16T00:37:46.669" durationms="14.662" />

<exclusive-start id="128" timestamp="2019-06-16T00:37:46.738" intervalms="84.154">
  <response-info timems="0.037" idlems="0.037" threads="0" lastid="0000000001AE6700" lastname="main" />
</exclusive-start>
<allocation-taxation id="129" taxation-threshold="2097152" timestamp="2019-06-16T00:37:46.739" intervalms="84.113" />
<cycle-start id="130" type="global mark phase" contextid="0" timestamp="2019-06-16T00:37:46.739" intervalms="240.304" />
<gc-start id="131" type="global mark phase" contextid="130" timestamp="2019-06-16T00:37:46.739">
  <mem-info id="132" free="3145728" total="11534336" percent="27">
    <remembered-set count="5472" freebytes="438528" totalbytes="460416" percent="95" regionsoverflowed="0" regionsstable="0" regionsrebuilding="0"/>
  </mem-info>
</gc-start>
<gc-op id="133" type="mark increment" timems="1.838" contextid="130" timestamp="2019-06-16T00:37:46.741">
  <trace-info objectcount="213" scancount="0" scanbytes="0" />
</gc-op>
<gc-end id="134" type="global mark phase" contextid="130" durationms="1.956" usertimems="4.000" systemtimems="0.000" timestamp="2019-06-16T00:37:46.741" activeThreads="4">
  <mem-info id="135" free="3145728" total="11534336" percent="27">
    <remembered-set count="5472" freebytes="438528" totalbytes="460416" percent="95" regionsoverflowed="0" regionsstable="0" regionsrebuilding="0"/>
  </mem-info>
</gc-end>
<concurrent-start id="136" type="GMP work packet processing" contextid="130" timestamp="2019-06-16T00:37:46.741">
  <concurrent-mark-start scanTarget="18446744073709551615" />
</concurrent-start>
<exclusive-end id="137" timestamp="2019-06-16T00:37:46.741" durationms="2.339" />

<concurrent-end id="138" type="GMP work packet processing" contextid="130" timestamp="2019-06-16T00:37:46.745">
  <concurrent-mark-end bytesScanned="1718296" reasonForTermination="Completed all work in GC phase" />
</concurrent-end>

<exclusive-start id="139" timestamp="2019-06-16T00:37:46.792" intervalms="53.938">
  <response-info timems="0.029" idlems="0.029" threads="0" lastid="0000000001AE6700" lastname="main" />
</exclusive-start>
<allocation-taxation id="140" taxation-threshold="2097152" timestamp="2019-06-16T00:37:46.792" intervalms="53.937" />
<cycle-start id="141" type="partial gc" contextid="0" timestamp="2019-06-16T00:37:46.793" intervalms="137.983" />
<gc-start id="142" type="partial gc" contextid="141" timestamp="2019-06-16T00:37:46.793">
  <mem-info id="143" free="1048576" total="11534336" percent="9">
    <mem type="eden" free="0" total="4194304" percent="0" />
    <remembered-set count="5472" freebytes="438528" totalbytes="460416" percent="95" regionsoverflowed="0" regionsstable="0" regionsrebuilding="0"/>
  </mem-info>
</gc-start>
<allocation-stats totalBytes="4185968" >
  <allocated-bytes non-tlh="64016" tlh="4121952" arrayletleaf="0"/>
  <largest-consumer threadName="main" threadId="0000000001AE6700" bytes="2090744" />
</allocation-stats>
<gc-op id="144" type="copy forward" timems="7.197" contextid="141" timestamp="2019-06-16T00:37:46.801">
  <memory-copied type="eden" objects="8036" bytes="358496" bytesdiscarded="30696" />
  <memory-copied type="other" objects="3073" bytes="934120" bytesdiscarded="78848" />
  <memory-cardclean objects="653" bytes="44272" />
  <regions eden="4" other="1" />
  <remembered-set-cleared processed="4615" cleared="606" durationms="0.090" />
  <finalization candidates="4" enqueued="0" />
  <references type="soft" candidates="160" cleared="0" enqueued="0" dynamicThreshold="8" maxThreshold="32" />
  <references type="weak" candidates="385" cleared="0" enqueued="0" />
  <references type="phantom" candidates="5" cleared="0" enqueued="0" />
  <stringconstants candidates="7035" cleared="0"  />
  <heap-resize type="expand" space="default" amount="1048576" count="1" timems="0.146" reason="continue current collection" />
</gc-op>
<gc-op id="145" type="classunload" timems="0.003" contextid="141" timestamp="2019-06-16T00:37:46.801">
  <classunload-info classloadercandidates="11" classloadersunloaded="0" classesunloaded="0" anonymousclassesunloaded="0" quiescems="0.000" setupms="0.003" scanms="0.000" postms="0.000" />
</gc-op>
<gc-op id="146" type="compact" timems="1.633" contextid="141" timestamp="2019-06-16T00:37:46.803">
  <compact-info movecount="0" movebytes="0" />
  <remembered-set-cleared processed="10275" cleared="606" durationms="0.095" />
</gc-op>
<heap-resize id="147" type="expand" space="default" amount="3145728" count="1" timems="0.076" reason="excessive time being spent in gc" timestamp="2019-06-16T00:37:46.803" />
<gc-end id="148" type="partial gc" contextid="141" durationms="10.594" usertimems="12.000" systemtimems="0.000" timestamp="2019-06-16T00:37:46.803" activeThreads="4">
  <mem-info id="149" free="8388608" total="15728640" percent="53">
    <mem type="eden" free="659104" total="1048576" percent="62" />
    <remembered-set count="6656" freebytes="601216" totalbytes="627840" percent="95" regionsoverflowed="0" regionsstable="0" regionsrebuilding="0"/>
  </mem-info>
</gc-end>
<cycle-end id="150" type="partial gc" contextid="141" timestamp="2019-06-16T00:37:46.804" />
  <attribute name="elasticGC enabled" value="1" />
  <attribute name= "numThreadsSpecified" value="4" />
  <attribute name="heapSize specified" value="0" />
  <attribute name="Current GC Util" value="119" />
  <attribute name= "Current Time Running" value="5852" />
  <attribute name ="GC Interval" value="0" />
  <attribute name="ProportionalT" value="148.500000" />
  <attribute name="ProportionalI" value="148.500000" />
  <attribute name="ProportionalH" value="148.500000" />
  <attribute name="Current Error" value="99.000000" />
  <attribute name="IntegralT" value="792.000000" />
  <attribute name="IntegralI" value="792.000000" />
  <attribute name="IntegralH" value="792.000000" />
  <attribute name="DerivativeT" value="2.437500" />
  <attribute name="DerivativeI" value="2.437500" />
  <attribute name="DerivativeH" value="2.437500" />
  <attribute name="Loop Time for DT" value="8.000000" />
  <attribute name="Output H" value="8388608"/>
  <attribute name="Output I" value="944"/>
  <attribute name="Output T" value="4"/>
  <attribute name="Target GC Util Change" value ="20.000000" />
  <attribute name="Current GC Util Change" value="119.000000"/>
  <attribute name="GC Util currently" value="119" />
  <attribute name="CPU Util currently" value="615546820882" />
<exclusive-end id="151" timestamp="2019-06-16T00:37:46.804" durationms="11.337" />

<exclusive-start id="152" timestamp="2019-06-16T00:37:46.897" intervalms="104.591">
  <response-info timems="0.022" idlems="0.022" threads="0" lastid="0000000001AE6700" lastname="main" />
</exclusive-start>
<allocation-taxation id="153" taxation-threshold="4194304" timestamp="2019-06-16T00:37:46.897" intervalms="104.623" />
<gc-start id="154" type="global mark phase" contextid="130" timestamp="2019-06-16T00:37:46.897">
  <mem-info id="155" free="4194304" total="15728640" percent="26">
    <remembered-set count="6176" freebytes="603136" totalbytes="627840" percent="96" regionsoverflowed="0" regionsstable="0" regionsrebuilding="0"/>
  </mem-info>
</gc-start>
<gc-op id="156" type="mark increment" timems="5.805" contextid="130" timestamp="2019-06-16T00:37:46.903">
  <trace-info objectcount="5760" scancount="4998" scanbytes="188072" />
  <cardclean-info objects="3258" bytes="159540" />
  <finalization candidates="80" enqueued="0" />
  <ownableSynchronizers candidates="21" cleared="0" />
  <references type="soft" candidates="1022" cleared="0" enqueued="0" dynamicThreshold="17" maxThreshold="32" />
  <references type="weak" candidates="3703" cleared="2" enqueued="2" />
  <references type="phantom" candidates="101" cleared="0" enqueued="0" />
  <stringconstants candidates="7361" cleared="0"  />
</gc-op>
<gc-op id="157" type="classunload" timems="0.005" contextid="130" timestamp="2019-06-16T00:37:46.903">
  <classunload-info classloadercandidates="11" classloadersunloaded="0" classesunloaded="0" anonymousclassesunloaded="0" quiescems="0.000" setupms="0.005" scanms="0.000" postms="0.000" />
</gc-op>
<gc-end id="158" type="global mark phase" contextid="130" durationms="6.479" usertimems="0.000" systemtimems="8.000" timestamp="2019-06-16T00:37:46.904" activeThreads="4">
  <mem-info id="159" free="4194304" total="15728640" percent="26">
    <pending-finalizers system="0" default="0" reference="2" classloader="0" />
    <remembered-set count="6176" freebytes="603136" totalbytes="627840" percent="96" regionsoverflowed="0" regionsstable="0" regionsrebuilding="0"/>
  </mem-info>
</gc-end>
<cycle-end id="160" type="global mark phase" contextid="130" timestamp="2019-06-16T00:37:46.904" />
  <attribute name="elasticGC enabled" value="1" />
  <attribute name= "numThreadsSpecified" value="4" />
  <attribute name="heapSize specified" value="0" />
  <attribute name="Current GC Util" value="57" />
  <attribute name= "Current Time Running" value="5950" />
  <attribute name ="GC Interval" value="0" />
  <attribute name="ProportionalT" value="55.500000" />
  <attribute name="ProportionalI" value="55.500000" />
  <attribute name="ProportionalH" value="55.500000" />
  <attribute name="Current Error" value="37.000000" />
  <attribute name="IntegralT" value="37.000000" />
  <attribute name="IntegralI" value="37.000000" />
  <attribute name="IntegralH" value="37.000000" />
  <attribute name="DerivativeT" value="6.000000" />
  <attribute name="DerivativeI" value="6.000000" />
  <attribute name="DerivativeH" value="6.000000" />
  <attribute name="Loop Time for DT" value="1.000000" />
  <attribute name="Output H" value="8388608"/>
  <attribute name="Output I" value="200"/>
  <attribute name="Output T" value="4"/>
  <attribute name="Target GC Util Change" value ="20.000000" />
  <attribute name="Current GC Util Change" value="57.000000"/>
  <attribute name="GC Util currently" value="57" />
  <attribute name="CPU Util currently" value="4753497094186" />
<exclusive-end id="161" timestamp="2019-06-16T00:37:46.904" durationms="7.129" />

<exclusive-start id="162" timestamp="2019-06-16T00:37:46.971" intervalms="74.368">
  <response-info timems="0.032" idlems="0.032" threads="0" lastid="0000000001AE6700" lastname="main" />
</exclusive-start>
<allocation-taxation id="163" taxation-threshold="4194304" timestamp="2019-06-16T00:37:46.971" intervalms="74.341" />
<cycle-start id="164" type="partial gc" contextid="0" timestamp="2019-06-16T00:37:46.972" intervalms="178.972" />
<gc-start id="165" type="partial gc" contextid="164" timestamp="2019-06-16T00:37:46.972">
  <mem-info id="166" free="0" total="15728640" percent="0">
    <mem type="eden" free="0" total="8388608" percent="0" />
    <remembered-set count="6176" freebytes="603136" totalbytes="627840" percent="96" regionsoverflowed="0" regionsstable="0" regionsrebuilding="0"/>
  </mem-info>
</gc-start>
<allocation-stats totalBytes="8382440" >
  <allocated-bytes non-tlh="99592" tlh="8282848" arrayletleaf="0"/>
  <largest-consumer threadName="main" threadId="0000000001AE6700" bytes="4193176" />
</allocation-stats>
<gc-op id="167" type="sweep" timems="1.190" contextid="164" timestamp="2019-06-16T00:37:46.973" />
<gc-op id="168" type="mark" timems="2.474" contextid="164" timestamp="2019-06-16T00:37:46.976">
  <trace-info objectcount="17688" scancount="14660" scanbytes="592884" />
  <cardclean-info objects="795" bytes="33664" />
  <remembered-set-cleared processed="5637" cleared="1150" durationms="0.101" />
  <references type="soft" candidates="54" cleared="0" enqueued="0" dynamicThreshold="8" maxThreshold="32" />
  <references type="weak" candidates="932" cleared="0" enqueued="0" />
  <stringconstants candidates="7484" cleared="0"  />
  <warning details="Mark invoked due to insufficient free space for Copy-Forward" />
</gc-op>
<gc-op id="169" type="classunload" timems="0.003" contextid="164" timestamp="2019-06-16T00:37:46.977">
  <classunload-info classloadercandidates="11" classloadersunloaded="0" classesunloaded="0" anonymousclassesunloaded="0" quiescems="0.000" setupms="0.002" scanms="0.000" postms="0.000" />
</gc-op>
<gc-op id="170" type="sweep" timems="1.492" contextid="164" timestamp="2019-06-16T00:37:46.978" />
<gc-op id="171" type="compact" timems="4.858" contextid="164" timestamp="2019-06-16T00:37:46.983">
  <compact-info movecount="17688" movebytes="735216" />
  <remembered-set-cleared processed="15206" cleared="6184" durationms="0.101" />
</gc-op>
<gc-end id="172" type="partial gc" contextid="164" durationms="11.938" usertimems="16.000" systemtimems="0.000" timestamp="2019-06-16T00:37:46.984" activeThreads="4">
  <mem-info id="173" free="7340032" total="15728640" percent="46">
    <mem type="eden" free="664304" total="1048576" percent="63" />
    <remembered-set count="9088" freebytes="591488" totalbytes="627840" percent="94" regionsoverflowed="0" regionsstable="0" regionsrebuilding="0"/>
  </mem-info>
</gc-end>
<cycle-end id="174" type="partial gc" contextid="164" timestamp="2019-06-16T00:37:46.984" />
  <attribute name="elasticGC enabled" value="1" />
  <attribute name= "numThreadsSpecified" value="4" />
  <attribute name="heapSize specified" value="0" />
  <attribute name="Current GC Util" value="128" />
  <attribute name= "Current Time Running" value="6029" />
  <attribute name ="GC Interval" value="0" />
  <attribute name="ProportionalT" value="162.000000" />
  <attribute name="ProportionalI" value="162.000000" />
  <attribute name="ProportionalH" value="162.000000" />
  <attribute name="Current Error" value="108.000000" />
  <attribute name="IntegralT" value="216.000000" />
  <attribute name="IntegralI" value="216.000000" />
  <attribute name="IntegralH" value="216.000000" />
  <attribute name="DerivativeT" value="27.000000" />
  <attribute name="DerivativeI" value="27.000000" />
  <attribute name="DerivativeH" value="27.000000" />
  <attribute name="Loop Time for DT" value="2.000000" />
  <attribute name="Output H" value="8388608"/>
  <attribute name="Output I" value="408"/>
  <attribute name="Output T" value="4"/>
  <attribute name="Target GC Util Change" value ="20.000000" />
  <attribute name="Current GC Util Change" value="128.000000"/>
  <attribute name="GC Util currently" value="128" />
  <attribute name="CPU Util currently" value="2620442900267" />
<exclusive-end id="175" timestamp="2019-06-16T00:37:46.984" durationms="12.799" />

<exclusive-start id="176" timestamp="2019-06-16T00:37:47.091" intervalms="119.554">
  <response-info timems="0.024" idlems="0.024" threads="0" lastid="0000000001AE6700" lastname="main" />
</exclusive-start>
<allocation-taxation id="177" taxation-threshold="7340032" timestamp="2019-06-16T00:37:47.091" intervalms="119.616" />
<cycle-start id="178" type="partial gc" contextid="0" timestamp="2019-06-16T00:37:47.091" intervalms="119.657" />
<gc-start id="179" type="partial gc" contextid="178" timestamp="2019-06-16T00:37:47.092">
  <mem-info id="180" free="0" total="15728640" percent="0">
    <mem type="eden" free="616" total="7340032" percent="0" />
    <remembered-set count="8896" freebytes="592256" totalbytes="627840" percent="94" regionsoverflowed="0" regionsstable="0" regionsrebuilding="0"/>
  </mem-info>
</gc-start>
<allocation-stats totalBytes="7335776" >
  <allocated-bytes non-tlh="304000" tlh="7031776" arrayletleaf="0"/>
  <largest-consumer threadName="main" threadId="0000000001AE6700" bytes="7335776" />
</allocation-stats>
<gc-op id="181" type="mark" timems="4.947" contextid="178" timestamp="2019-06-16T00:37:47.098">
  <trace-info objectcount="19117" scancount="16952" scanbytes="714216" />
  <cardclean-info objects="3240" bytes="170768" />
  <remembered-set-cleared processed="7466" cleared="2462" durationms="0.286" />
  <references type="soft" candidates="73" cleared="0" enqueued="0" dynamicThreshold="14" maxThreshold="32" />
  <references type="weak" candidates="745" cleared="5" enqueued="5" />
  <references type="phantom" candidates="1" cleared="0" enqueued="0" />
  <stringconstants candidates="7792" cleared="0"  />
  <warning details="Mark invoked due to insufficient free space for Copy-Forward" />
</gc-op>
<gc-op id="182" type="classunload" timems="0.003" contextid="178" timestamp="2019-06-16T00:37:47.098">
  <classunload-info classloadercandidates="12" classloadersunloaded="0" classesunloaded="0" anonymousclassesunloaded="0" quiescems="0.000" setupms="0.002" scanms="0.000" postms="0.000" />
</gc-op>
<gc-op id="183" type="sweep" timems="1.580" contextid="178" timestamp="2019-06-16T00:37:47.100" />
<gc-op id="184" type="compact" timems="3.690" contextid="178" timestamp="2019-06-16T00:37:47.104">
  <compact-info movecount="17468" movebytes="1106392" />
  <remembered-set-cleared processed="19783" cleared="9747" durationms="0.286" />
</gc-op>
<gc-end id="185" type="partial gc" contextid="178" durationms="12.422" usertimems="16.000" systemtimems="0.000" timestamp="2019-06-16T00:37:47.104" activeThreads="4">
  <mem-info id="186" free="6291456" total="15728640" percent="40">
    <mem type="eden" free="251168" total="1048576" percent="23" />
    <pending-finalizers system="0" default="0" reference="5" classloader="0" />
    <remembered-set count="9664" freebytes="589184" totalbytes="627840" percent="93" regionsoverflowed="0" regionsstable="0" regionsrebuilding="0"/>
  </mem-info>
</gc-end>
<cycle-end id="187" type="partial gc" contextid="178" timestamp="2019-06-16T00:37:47.104" />
  <attribute name="elasticGC enabled" value="1" />
  <attribute name= "numThreadsSpecified" value="4" />
  <attribute name="heapSize specified" value="0" />
  <attribute name="Current GC Util" value="91" />
  <attribute name= "Current Time Running" value="6150" />
  <attribute name ="GC Interval" value="0" />
  <attribute name="ProportionalT" value="106.500000" />
  <attribute name="ProportionalI" value="106.500000" />
  <attribute name="ProportionalH" value="106.500000" />
  <attribute name="Current Error" value="71.000000" />
  <attribute name="IntegralT" value="71.000000" />
  <attribute name="IntegralI" value="71.000000" />
  <attribute name="IntegralH" value="71.000000" />
  <attribute name="DerivativeT" value="-13.500000" />
  <attribute name="DerivativeI" value="-13.500000" />
  <attribute name="DerivativeH" value="-13.500000" />
  <attribute name="Loop Time for DT" value="1.000000" />
  <attribute name="Output H" value="8388608"/>
  <attribute name="Output I" value="200"/>
  <attribute name="Output T" value="4"/>
  <attribute name="Target GC Util Change" value ="20.000000" />
  <attribute name="Current GC Util Change" value="91.000000"/>
  <attribute name="GC Util currently" value="91" />
  <attribute name="CPU Util currently" value="2471330726625" />
<exclusive-end id="188" timestamp="2019-06-16T00:37:47.104" durationms="13.491" />

<exclusive-start id="189" timestamp="2019-06-16T00:37:47.133" intervalms="42.309">
  <response-info timems="0.089" idlems="0.089" threads="0" lastid="0000000001AE6700" lastname="main" />
</exclusive-start>
<allocation-taxation id="190" taxation-threshold="3145728" timestamp="2019-06-16T00:37:47.133" intervalms="42.309" />
<cycle-start id="191" type="global mark phase" contextid="0" timestamp="2019-06-16T00:37:47.134" intervalms="394.933" />
<gc-start id="192" type="global mark phase" contextid="191" timestamp="2019-06-16T00:37:47.134">
  <mem-info id="193" free="3145728" total="15728640" percent="20">
    <remembered-set count="9664" freebytes="589184" totalbytes="627840" percent="93" regionsoverflowed="0" regionsstable="0" regionsrebuilding="0"/>
  </mem-info>
</gc-start>
<gc-op id="194" type="mark increment" timems="0.694" contextid="191" timestamp="2019-06-16T00:37:47.135">
  <trace-info objectcount="251" scancount="0" scanbytes="0" />
</gc-op>
<gc-end id="195" type="global mark phase" contextid="191" durationms="0.950" usertimems="0.000" systemtimems="0.000" timestamp="2019-06-16T00:37:47.135" activeThreads="4">
  <mem-info id="196" free="3145728" total="15728640" percent="20">
    <remembered-set count="9664" freebytes="589184" totalbytes="627840" percent="93" regionsoverflowed="0" regionsstable="0" regionsrebuilding="0"/>
  </mem-info>
</gc-end>
<concurrent-start id="197" type="GMP work packet processing" contextid="191" timestamp="2019-06-16T00:37:47.135">
  <concurrent-mark-start scanTarget="18446744073709551615" />
</concurrent-start>
<exclusive-end id="198" timestamp="2019-06-16T00:37:47.135" durationms="1.667" />

<concurrent-end id="199" type="GMP work packet processing" contextid="191" timestamp="2019-06-16T00:37:47.140">
  <concurrent-mark-end bytesScanned="2143964" reasonForTermination="Completed all work in GC phase" />
</concurrent-end>

<exclusive-start id="200" timestamp="2019-06-16T00:37:47.160" intervalms="27.011">
  <response-info timems="0.080" idlems="0.080" threads="0" lastid="0000000001AE6700" lastname="main" />
</exclusive-start>
<allocation-taxation id="201" taxation-threshold="3145728" timestamp="2019-06-16T00:37:47.160" intervalms="26.977" />
<cycle-start id="202" type="partial gc" contextid="0" timestamp="2019-06-16T00:37:47.160" intervalms="69.248" />
<gc-start id="203" type="partial gc" contextid="202" timestamp="2019-06-16T00:37:47.161">
  <mem-info id="204" free="0" total="15728640" percent="0">
    <mem type="eden" free="0" total="6291456" percent="0" />
    <remembered-set count="9664" freebytes="589184" totalbytes="627840" percent="93" regionsoverflowed="0" regionsstable="0" regionsrebuilding="0"/>
  </mem-info>
</gc-start>
<allocation-stats totalBytes="6290344" >
  <allocated-bytes non-tlh="10024" tlh="6280320" arrayletleaf="0"/>
  <largest-consumer threadName="main" threadId="0000000001AE6700" bytes="3145424" />
</allocation-stats>
<gc-op id="205" type="mark" timems="2.479" contextid="202" timestamp="2019-06-16T00:37:47.164">
  <trace-info objectcount="18423" scancount="16457" scanbytes="695804" />
  <cardclean-info objects="1514" bytes="88548" />
  <remembered-set-cleared processed="8595" cleared="1378" durationms="0.137" />
  <references type="soft" candidates="73" cleared="0" enqueued="0" dynamicThreshold="6" maxThreshold="32" />
  <references type="weak" candidates="158" cleared="0" enqueued="0" />
  <references type="phantom" candidates="1" cleared="0" enqueued="0" />
  <stringconstants candidates="7846" cleared="0"  />
  <warning details="Mark invoked due to insufficient free space for Copy-Forward" />
</gc-op>
<gc-op id="206" type="classunload" timems="0.003" contextid="202" timestamp="2019-06-16T00:37:47.164">
  <classunload-info classloadercandidates="12" classloadersunloaded="0" classesunloaded="0" anonymousclassesunloaded="0" quiescems="0.000" setupms="0.003" scanms="0.000" postms="0.000" />
</gc-op>
<gc-op id="207" type="sweep" timems="1.492" contextid="202" timestamp="2019-06-16T00:37:47.166" />
<gc-op id="208" type="compact" timems="5.312" contextid="202" timestamp="2019-06-16T00:37:47.172">
  <compact-info movecount="18246" movebytes="1135288" />
  <remembered-set-cleared processed="20591" cleared="6135" durationms="0.137" />
</gc-op>
<heap-resize id="209" type="expand" space="default" amount="1048576" count="1" timems="0.056" reason="insufficient free space following gc" timestamp="2019-06-16T00:37:47.172" />
<gc-end id="210" type="partial gc" contextid="202" durationms="11.456" usertimems="12.000" systemtimems="0.000" timestamp="2019-06-16T00:37:47.172" activeThreads="4">
  <mem-info id="211" free="6291456" total="16777216" percent="37">
    <mem type="eden" free="702096" total="1048576" percent="66" />
    <remembered-set count="12352" freebytes="620288" totalbytes="669696" percent="92" regionsoverflowed="0" regionsstable="0" regionsrebuilding="0"/>
  </mem-info>
</gc-end>
<cycle-end id="212" type="partial gc" contextid="202" timestamp="2019-06-16T00:37:47.172" />
  <attribute name="elasticGC enabled" value="1" />
  <attribute name= "numThreadsSpecified" value="4" />
  <attribute name="heapSize specified" value="0" />
  <attribute name="Current GC Util" value="127" />
  <attribute name= "Current Time Running" value="6217" />
  <attribute name ="GC Interval" value="0" />
  <attribute name="ProportionalT" value="160.500000" />
  <attribute name="ProportionalI" value="160.500000" />
  <attribute name="ProportionalH" value="160.500000" />
  <attribute name="Current Error" value="107.000000" />
  <attribute name="IntegralT" value="214.000000" />
  <attribute name="IntegralI" value="214.000000" />
  <attribute name="IntegralH" value="214.000000" />
  <attribute name="DerivativeT" value="26.750000" />
  <attribute name="DerivativeI" value="26.750000" />
  <attribute name="DerivativeH" value="26.750000" />
  <attribute name="Loop Time for DT" value="2.000000" />
  <attribute name="Output H" value="8388608"/>
  <attribute name="Output I" value="408"/>
  <attribute name="Output T" value="4"/>
  <attribute name="Target GC Util Change" value ="20.000000" />
  <attribute name="Current GC Util Change" value="127.000000"/>
  <attribute name="GC Util currently" value="127" />
  <attribute name="CPU Util currently" value="2612503945112" />
<exclusive-end id="213" timestamp="2019-06-16T00:37:47.173" durationms="12.511" />

<exclusive-start id="214" timestamp="2019-06-16T00:37:47.196" intervalms="36.047">
  <response-info timems="0.072" idlems="0.072" threads="0" lastid="0000000001AE6700" lastname="main" />
</exclusive-start>
<allocation-taxation id="215" taxation-threshold="3145728" timestamp="2019-06-16T00:37:47.196" intervalms="36.049" />
<gc-start id="216" type="global mark phase" contextid="191" timestamp="2019-06-16T00:37:47.197">
  <mem-info id="217" free="3145728" total="16777216" percent="18">
    <remembered-set count="11968" freebytes="621824" totalbytes="669696" percent="92" regionsoverflowed="0" regionsstable="0" regionsrebuilding="0"/>
  </mem-info>
</gc-start>
<gc-op id="218" type="mark increment" timems="6.080" contextid="191" timestamp="2019-06-16T00:37:47.203">
  <trace-info objectcount="19435" scancount="17087" scanbytes="649260" />
  <cardclean-info objects="709" bytes="46388" />
  <finalization candidates="80" enqueued="0" />
  <ownableSynchronizers candidates="21" cleared="0" />
  <references type="soft" candidates="1095" cleared="0" enqueued="0" dynamicThreshold="12" maxThreshold="32" />
  <references type="weak" candidates="3859" cleared="0" enqueued="0" />
  <references type="phantom" candidates="100" cleared="0" enqueued="0" />
  <stringconstants candidates="7860" cleared="0"  />
</gc-op>
<gc-op id="219" type="classunload" timems="0.005" contextid="191" timestamp="2019-06-16T00:37:47.203">
  <classunload-info classloadercandidates="12" classloadersunloaded="0" classesunloaded="0" anonymousclassesunloaded="0" quiescems="0.000" setupms="0.005" scanms="0.000" postms="0.000" />
</gc-op>
<gc-end id="220" type="global mark phase" contextid="191" durationms="6.601" usertimems="8.000" systemtimems="0.000" timestamp="2019-06-16T00:37:47.203" activeThreads="4">
  <mem-info id="221" free="3145728" total="16777216" percent="18">
    <remembered-set count="11968" freebytes="621824" totalbytes="669696" percent="92" regionsoverflowed="0" regionsstable="0" regionsrebuilding="0"/>
  </mem-info>
</gc-end>
<cycle-end id="222" type="global mark phase" contextid="191" timestamp="2019-06-16T00:37:47.203" />
  <attribute name="elasticGC enabled" value="1" />
  <attribute name= "numThreadsSpecified" value="4" />
  <attribute name="heapSize specified" value="0" />
  <attribute name="Current GC Util" value="107" />
  <attribute name= "Current Time Running" value="6250" />
  <attribute name ="GC Interval" value="0" />
  <attribute name="ProportionalT" value="130.500000" />
  <attribute name="ProportionalI" value="130.500000" />
  <attribute name="ProportionalH" value="130.500000" />
  <attribute name="Current Error" value="87.000000" />
  <attribute name="IntegralT" value="174.000000" />
  <attribute name="IntegralI" value="174.000000" />
  <attribute name="IntegralH" value="174.000000" />
  <attribute name="DerivativeT" value="-6.750000" />
  <attribute name="DerivativeI" value="-6.750000" />
  <attribute name="DerivativeH" value="-6.750000" />
  <attribute name="Loop Time for DT" value="2.000000" />
  <attribute name="Output H" value="8388608"/>
  <attribute name="Output I" value="304"/>
  <attribute name="Output T" value="4"/>
  <attribute name="Target GC Util Change" value ="20.000000" />
  <attribute name="Current GC Util Change" value="107.000000"/>
  <attribute name="GC Util currently" value="107" />
  <attribute name="CPU Util currently" value="2447899511411" />
<exclusive-end id="223" timestamp="2019-06-16T00:37:47.203" durationms="7.236" />

<exclusive-start id="224" timestamp="2019-06-16T00:37:47.254" intervalms="57.553">
  <response-info timems="0.021" idlems="0.021" threads="0" lastid="0000000001AE6700" lastname="main" />
</exclusive-start>
<allocation-taxation id="225" taxation-threshold="3145728" timestamp="2019-06-16T00:37:47.254" intervalms="57.518" />
<cycle-start id="226" type="partial gc" contextid="0" timestamp="2019-06-16T00:37:47.254" intervalms="93.590" />
<gc-start id="227" type="partial gc" contextid="226" timestamp="2019-06-16T00:37:47.254">
  <mem-info id="228" free="0" total="16777216" percent="0">
    <mem type="eden" free="0" total="6291456" percent="0" />
    <remembered-set count="11968" freebytes="621824" totalbytes="669696" percent="92" regionsoverflowed="0" regionsstable="0" regionsrebuilding="0"/>
  </mem-info>
</gc-start>
<allocation-stats totalBytes="6289112" >
  <allocated-bytes non-tlh="46960" tlh="6242152" arrayletleaf="0"/>
  <largest-consumer threadName="main" threadId="0000000001AE6700" bytes="3143992" />
</allocation-stats>
<gc-op id="229" type="sweep" timems="1.628" contextid="226" timestamp="2019-06-16T00:37:47.256" />
<gc-op id="230" type="mark" timems="4.805" contextid="226" timestamp="2019-06-16T00:37:47.262">
  <trace-info objectcount="17490" scancount="15617" scanbytes="574840" />
  <cardclean-info objects="1206" bytes="72492" />
  <remembered-set-cleared processed="10489" cleared="1956" durationms="0.294" />
  <references type="soft" candidates="190" cleared="0" enqueued="0" dynamicThreshold="6" maxThreshold="32" />
  <references type="weak" candidates="177" cleared="1" enqueued="1" />
  <stringconstants candidates="8203" cleared="0"  />
  <warning details="Mark invoked due to insufficient free space for Copy-Forward" />
</gc-op>
<gc-op id="231" type="classunload" timems="0.003" contextid="226" timestamp="2019-06-16T00:37:47.262">
  <classunload-info classloadercandidates="13" classloadersunloaded="0" classesunloaded="0" anonymousclassesunloaded="0" quiescems="0.000" setupms="0.003" scanms="0.000" postms="0.000" />
</gc-op>
<gc-op id="232" type="sweep" timems="1.523" contextid="226" timestamp="2019-06-16T00:37:47.264" />
<gc-op id="233" type="compact" timems="4.947" contextid="226" timestamp="2019-06-16T00:37:47.269">
  <compact-info movecount="17462" movebytes="734768" />
  <remembered-set-cleared processed="25822" cleared="8732" durationms="0.294" />
</gc-op>
<heap-resize id="234" type="expand" space="default" amount="2097152" count="1" timems="0.065" reason="insufficient free space following gc" timestamp="2019-06-16T00:37:47.270" />
<gc-end id="235" type="partial gc" contextid="226" durationms="15.426" usertimems="16.000" systemtimems="4.000" timestamp="2019-06-16T00:37:47.270" activeThreads="4">
  <mem-info id="236" free="7340032" total="18874368" percent="38">
    <mem type="eden" free="654464" total="1048576" percent="62" />
    <pending-finalizers system="0" default="0" reference="1" classloader="0" />
    <remembered-set count="14080" freebytes="697088" totalbytes="753408" percent="92" regionsoverflowed="0" regionsstable="0" regionsrebuilding="0"/>
  </mem-info>
</gc-end>
<cycle-end id="237" type="partial gc" contextid="226" timestamp="2019-06-16T00:37:47.270" />
  <attribute name="elasticGC enabled" value="1" />
  <attribute name= "numThreadsSpecified" value="4" />
  <attribute name="heapSize specified" value="0" />
  <attribute name="Current GC Util" value="95" />
  <attribute name= "Current Time Running" value="6315" />
  <attribute name ="GC Interval" value="0" />
  <attribute name="ProportionalT" value="112.500000" />
  <attribute name="ProportionalI" value="112.500000" />
  <attribute name="ProportionalH" value="112.500000" />
  <attribute name="Current Error" value="75.000000" />
  <attribute name="IntegralT" value="150.000000" />
  <attribute name="IntegralI" value="150.000000" />
  <attribute name="IntegralH" value="150.000000" />
  <attribute name="DerivativeT" value="-5.250000" />
  <attribute name="DerivativeI" value="-5.250000" />
  <attribute name="DerivativeH" value="-5.250000" />
  <attribute name="Loop Time for DT" value="2.000000" />
  <attribute name="Output H" value="8388608"/>
  <attribute name="Output I" value="264"/>
  <attribute name="Output T" value="4"/>
  <attribute name="Target GC Util Change" value ="20.000000" />
  <attribute name="Current GC Util Change" value="95.000000"/>
  <attribute name="GC Util currently" value="95" />
  <attribute name="CPU Util currently" value="2525806669143" />
<exclusive-end id="238" timestamp="2019-06-16T00:37:47.270" durationms="16.406" />

<exclusive-start id="239" timestamp="2019-06-16T00:37:47.304" intervalms="50.310">
  <response-info timems="0.079" idlems="0.079" threads="0" lastid="0000000001AE6700" lastname="main" />
</exclusive-start>
<allocation-taxation id="240" taxation-threshold="3145728" timestamp="2019-06-16T00:37:47.304" intervalms="50.362" />
<cycle-start id="241" type="global mark phase" contextid="0" timestamp="2019-06-16T00:37:47.304" intervalms="170.846" />
<gc-start id="242" type="global mark phase" contextid="241" timestamp="2019-06-16T00:37:47.305">
  <mem-info id="243" free="4194304" total="18874368" percent="22">
    <remembered-set count="13600" freebytes="699008" totalbytes="753408" percent="92" regionsoverflowed="0" regionsstable="0" regionsrebuilding="0"/>
  </mem-info>
</gc-start>
<gc-op id="244" type="mark increment" timems="1.783" contextid="241" timestamp="2019-06-16T00:37:47.306">
  <trace-info objectcount="181" scancount="0" scanbytes="0" />
</gc-op>
<gc-end id="245" type="global mark phase" contextid="241" durationms="2.009" usertimems="4.000" systemtimems="0.000" timestamp="2019-06-16T00:37:47.307" activeThreads="4">
  <mem-info id="246" free="4194304" total="18874368" percent="22">
    <remembered-set count="13600" freebytes="699008" totalbytes="753408" percent="92" regionsoverflowed="0" regionsstable="0" regionsrebuilding="0"/>
  </mem-info>
</gc-end>
<concurrent-start id="247" type="GMP work packet processing" contextid="241" timestamp="2019-06-16T00:37:47.307">
  <concurrent-mark-start scanTarget="18446744073709551615" />
</concurrent-start>
<exclusive-end id="248" timestamp="2019-06-16T00:37:47.307" durationms="2.614" />

<concurrent-end id="249" type="GMP work packet processing" contextid="241" timestamp="2019-06-16T00:37:47.311">
  <concurrent-mark-end bytesScanned="2225168" reasonForTermination="Completed all work in GC phase" />
</concurrent-end>

<exclusive-start id="250" timestamp="2019-06-16T00:37:47.324" intervalms="19.773">
  <response-info timems="0.020" idlems="0.020" threads="0" lastid="0000000001AE6700" lastname="main" />
</exclusive-start>
<allocation-taxation id="251" taxation-threshold="3145728" timestamp="2019-06-16T00:37:47.324" intervalms="19.759" />
<cycle-start id="252" type="partial gc" contextid="0" timestamp="2019-06-16T00:37:47.324" intervalms="70.141" />
<gc-start id="253" type="partial gc" contextid="252" timestamp="2019-06-16T00:37:47.324">
  <mem-info id="254" free="1048576" total="18874368" percent="5">
    <mem type="eden" free="0" total="6291456" percent="0" />
    <remembered-set count="13600" freebytes="699008" totalbytes="753408" percent="92" regionsoverflowed="0" regionsstable="0" regionsrebuilding="0"/>
  </mem-info>
</gc-start>
<allocation-stats totalBytes="6289968" >
  <allocated-bytes non-tlh="279840" tlh="6010128" arrayletleaf="0"/>
  <largest-consumer threadName="main" threadId="0000000001AE6700" bytes="3145248" />
</allocation-stats>
<gc-op id="255" type="copy forward" timems="8.323" contextid="252" timestamp="2019-06-16T00:37:47.334">
  <memory-copied type="eden" objects="13878" bytes="865064" bytesdiscarded="22888" />
  <memory-copied type="other" objects="8323" bytes="377464" bytesdiscarded="28224" />
  <memory-cardclean objects="1340" bytes="81624" />
  <regions eden="6" other="1" />
  <remembered-set-cleared processed="12186" cleared="2191" durationms="0.130" />
  <references type="soft" candidates="224" cleared="0" enqueued="0" dynamicThreshold="7" maxThreshold="32" />
  <references type="weak" candidates="431" cleared="0" enqueued="0" />
  <references type="phantom" candidates="1" cleared="0" enqueued="0" />
  <stringconstants candidates="8309" cleared="0"  />
  <heap-resize type="expand" space="default" amount="1048576" count="1" timems="0.072" reason="continue current collection" />
</gc-op>
<gc-op id="256" type="classunload" timems="0.003" contextid="252" timestamp="2019-06-16T00:37:47.334">
  <classunload-info classloadercandidates="14" classloadersunloaded="0" classesunloaded="0" anonymousclassesunloaded="0" quiescems="0.000" setupms="0.003" scanms="0.000" postms="0.000" />
</gc-op>
<gc-op id="257" type="compact" timems="2.776" contextid="252" timestamp="2019-06-16T00:37:47.337">
  <compact-info movecount="0" movebytes="0" />
  <remembered-set-cleared processed="25871" cleared="2191" durationms="0.130" />
</gc-op>
<heap-resize id="258" type="expand" space="default" amount="4194304" count="1" timems="0.082" reason="excessive time being spent in gc" timestamp="2019-06-16T00:37:47.337" />
<gc-end id="259" type="partial gc" contextid="252" durationms="13.145" usertimems="20.000" systemtimems="0.000" timestamp="2019-06-16T00:37:47.338" activeThreads="4">
  <mem-info id="260" free="11534336" total="24117248" percent="47">
    <mem type="eden" free="160472" total="1048576" percent="15" />
    <remembered-set count="14848" freebytes="903296" totalbytes="962688" percent="93" regionsoverflowed="0" regionsstable="0" regionsrebuilding="0"/>
  </mem-info>
</gc-end>
<cycle-end id="261" type="partial gc" contextid="252" timestamp="2019-06-16T00:37:47.338" />
  <attribute name="elasticGC enabled" value="1" />
  <attribute name= "numThreadsSpecified" value="4" />
  <attribute name="heapSize specified" value="0" />
  <attribute name="Current GC Util" value="104" />
  <attribute name= "Current Time Running" value="6385" />
  <attribute name ="GC Interval" value="0" />
  <attribute name="ProportionalT" value="126.000000" />
  <attribute name="ProportionalI" value="126.000000" />
  <attribute name="ProportionalH" value="126.000000" />
  <attribute name="Current Error" value="84.000000" />
  <attribute name="IntegralT" value="756.000000" />
  <attribute name="IntegralI" value="756.000000" />
  <attribute name="IntegralH" value="756.000000" />
  <attribute name="DerivativeT" value="0.444444" />
  <attribute name="DerivativeI" value="0.444444" />
  <attribute name="DerivativeH" value="0.444444" />
  <attribute name="Loop Time for DT" value="9.000000" />
  <attribute name="Output H" value="8388608"/>
  <attribute name="Output I" value="888"/>
  <attribute name="Output T" value="4"/>
  <attribute name="Target GC Util Change" value ="20.000000" />
  <attribute name="Current GC Util Change" value="104.000000"/>
  <attribute name="GC Util currently" value="104" />
  <attribute name="CPU Util currently" value="526010073439" />
<exclusive-end id="262" timestamp="2019-06-16T00:37:47.338" durationms="14.212" />

<exclusive-start id="263" timestamp="2019-06-16T00:37:47.390" intervalms="66.034">
  <response-info timems="0.024" idlems="0.024" threads="0" lastid="0000000001AE6700" lastname="main" />
</exclusive-start>
<allocation-taxation id="264" taxation-threshold="5242880" timestamp="2019-06-16T00:37:47.390" intervalms="66.009" />
<gc-start id="265" type="global mark phase" contextid="241" timestamp="2019-06-16T00:37:47.390">
  <mem-info id="266" free="6291456" total="24117248" percent="26">
    <remembered-set count="14848" freebytes="903296" totalbytes="962688" percent="93" regionsoverflowed="0" regionsstable="0" regionsrebuilding="0"/>
  </mem-info>
</gc-start>
<gc-op id="267" type="mark increment" timems="4.347" contextid="241" timestamp="2019-06-16T00:37:47.395">
  <trace-info objectcount="11024" scancount="9999" scanbytes="367400" />
  <cardclean-info objects="4113" bytes="195376" />
  <finalization candidates="80" enqueued="0" />
  <ownableSynchronizers candidates="21" cleared="0" />
  <references type="soft" candidates="1634" cleared="0" enqueued="0" dynamicThreshold="15" maxThreshold="32" />
  <references type="weak" candidates="4359" cleared="13" enqueued="12" />
  <references type="phantom" candidates="101" cleared="0" enqueued="0" />
  <stringconstants candidates="8625" cleared="0"  />
</gc-op>
<gc-op id="268" type="classunload" timems="0.005" contextid="241" timestamp="2019-06-16T00:37:47.395">
  <classunload-info classloadercandidates="16" classloadersunloaded="0" classesunloaded="0" anonymousclassesunloaded="0" quiescems="0.000" setupms="0.005" scanms="0.000" postms="0.000" />
</gc-op>
<gc-end id="269" type="global mark phase" contextid="241" durationms="4.974" usertimems="4.000" systemtimems="0.000" timestamp="2019-06-16T00:37:47.395" activeThreads="4">
  <mem-info id="270" free="6291456" total="24117248" percent="26">
    <pending-finalizers system="0" default="0" reference="12" classloader="0" />
    <remembered-set count="14848" freebytes="903296" totalbytes="962688" percent="93" regionsoverflowed="0" regionsstable="0" regionsrebuilding="0"/>
  </mem-info>
</gc-end>
<cycle-end id="271" type="global mark phase" contextid="241" timestamp="2019-06-16T00:37:47.395" />
  <attribute name="elasticGC enabled" value="1" />
  <attribute name= "numThreadsSpecified" value="4" />
  <attribute name="heapSize specified" value="0" />
  <attribute name="Current GC Util" value="132" />
  <attribute name= "Current Time Running" value="6443" />
  <attribute name ="GC Interval" value="0" />
  <attribute name="ProportionalT" value="168.000000" />
  <attribute name="ProportionalI" value="168.000000" />
  <attribute name="ProportionalH" value="168.000000" />
  <attribute name="Current Error" value="112.000000" />
  <attribute name="IntegralT" value="112.000000" />
  <attribute name="IntegralI" value="112.000000" />
  <attribute name="IntegralH" value="112.000000" />
  <attribute name="DerivativeT" value="19.500000" />
  <attribute name="DerivativeI" value="19.500000" />
  <attribute name="DerivativeH" value="19.500000" />
  <attribute name="Loop Time for DT" value="1.000000" />
  <attribute name="Output H" value="8388608"/>
  <attribute name="Output I" value="304"/>
  <attribute name="Output T" value="4"/>
  <attribute name="Target GC Util Change" value ="20.000000" />
  <attribute name="Current GC Util Change" value="132.000000"/>
  <attribute name="GC Util currently" value="132" />
  <attribute name="CPU Util currently" value="3131938859585" />
<exclusive-end id="272" timestamp="2019-06-16T00:37:47.395" durationms="5.555" />

<exclusive-start id="273" timestamp="2019-06-16T00:37:47.435" intervalms="45.300">
  <response-info timems="0.020" idlems="0.020" threads="0" lastid="0000000001AE6700" lastname="main" />
</exclusive-start>
<sys-start reason="explicit" id="274" timestamp="2019-06-16T00:37:47.435" intervalms="6601.240" />
<cycle-start id="275" type="global garbage collect" contextid="0" timestamp="2019-06-16T00:37:47.436" intervalms="6601.394" />
<gc-start id="276" type="global garbage collect" contextid="275" timestamp="2019-06-16T00:37:47.436">
  <mem-info id="277" free="5109776" total="24117248" percent="21">
    <mem type="eden" free="915472" total="7340032" percent="12" />
    <remembered-set count="14848" freebytes="903296" totalbytes="962688" percent="93" regionsoverflowed="0" regionsstable="0" regionsrebuilding="0"/>
  </mem-info>
</gc-start>
<allocation-stats totalBytes="6423432" >
  <allocated-bytes non-tlh="432448" tlh="5990984" arrayletleaf="0"/>
  <largest-consumer threadName="main" threadId="0000000001AE6700" bytes="1181400" />
</allocation-stats>
<gc-op id="278" type="global mark" timems="7.196" contextid="275" timestamp="2019-06-16T00:37:47.443">
  <trace-info objectcount="74554" scancount="60820" scanbytes="2100412" />
  <finalization candidates="80" enqueued="0" />
  <ownableSynchronizers candidates="21" cleared="0" />
  <references type="soft" candidates="1640" cleared="0" enqueued="0" dynamicThreshold="8" maxThreshold="32" />
  <references type="weak" candidates="4517" cleared="26" enqueued="24" />
  <references type="phantom" candidates="102" cleared="2" enqueued="2" />
  <stringconstants candidates="8680" cleared="15"  />
</gc-op>
<gc-op id="279" type="classunload" timems="0.390" contextid="275" timestamp="2019-06-16T00:37:47.444">
  <classunload-info classloadercandidates="17" classloadersunloaded="1" classesunloaded="1" anonymousclassesunloaded="0" quiescems="0.000" setupms="0.379" scanms="0.007" postms="0.004" />
</gc-op>
<gc-op id="280" type="sweep" timems="1.698" contextid="275" timestamp="2019-06-16T00:37:47.446" />
<gc-op id="281" type="compact" timems="7.851" contextid="275" timestamp="2019-06-16T00:37:47.454">
  <compact-info movecount="73651" movebytes="4208792" />
  <remembered-set-cleared processed="26192" cleared="26192" durationms="0.167" />
</gc-op>
<gc-end id="282" type="global garbage collect" contextid="275" durationms="18.669" usertimems="28.000" systemtimems="0.000" timestamp="2019-06-16T00:37:47.455" activeThreads="4">
  <mem-info id="283" free="10485760" total="24117248" percent="43">
    <pending-finalizers system="0" default="0" reference="26" classloader="0" />
    <remembered-set count="10752" freebytes="919680" totalbytes="962688" percent="95" regionsoverflowed="0" regionsstable="0" regionsrebuilding="0"/>
  </mem-info>
</gc-end>
<cycle-end id="284" type="global garbage collect" contextid="275" timestamp="2019-06-16T00:37:47.455" />
  <attribute name="elasticGC enabled" value="1" />
  <attribute name= "numThreadsSpecified" value="4" />
  <attribute name="heapSize specified" value="0" />
  <attribute name="Current GC Util" value="86" />
  <attribute name= "Current Time Running" value="6497" />
  <attribute name ="GC Interval" value="0" />
  <attribute name="ProportionalT" value="99.000000" />
  <attribute name="ProportionalI" value="99.000000" />
  <attribute name="ProportionalH" value="99.000000" />
  <attribute name="Current Error" value="66.000000" />
  <attribute name="IntegralT" value="132.000000" />
  <attribute name="IntegralI" value="132.000000" />
  <attribute name="IntegralH" value="132.000000" />
  <attribute name="DerivativeT" value="-9.250000" />
  <attribute name="DerivativeI" value="-9.250000" />
  <attribute name="DerivativeH" value="-9.250000" />
  <attribute name="Loop Time for DT" value="2.000000" />
  <attribute name="Output H" value="8388608"/>
  <attribute name="Output I" value="224"/>
  <attribute name="Output T" value="4"/>
  <attribute name="Target GC Util Change" value ="20.000000" />
  <attribute name="Current GC Util Change" value="86.000000"/>
  <attribute name="GC Util currently" value="86" />
  <attribute name="CPU Util currently" value="2330366619087" />
<sys-end id="285" timestamp="2019-06-16T00:37:47.455" />
<exclusive-end id="286" timestamp="2019-06-16T00:37:47.455" durationms="19.926" />

<exclusive-start id="287" timestamp="2019-06-16T00:37:47.527" intervalms="92.239">
  <response-info timems="0.066" idlems="0.066" threads="0" lastid="0000000001AE6700" lastname="main" />
</exclusive-start>
<allocation-taxation id="288" taxation-threshold="10485760" timestamp="2019-06-16T00:37:47.528" intervalms="137.603" />
<cycle-start id="289" type="partial gc" contextid="0" timestamp="2019-06-16T00:37:47.528" intervalms="203.654" />
<gc-start id="290" type="partial gc" contextid="289" timestamp="2019-06-16T00:37:47.528">
  <mem-info id="291" free="0" total="24117248" percent="0">
    <mem type="eden" free="0" total="10485760" percent="0" />
    <remembered-set count="10592" freebytes="920320" totalbytes="962688" percent="95" regionsoverflowed="0" regionsstable="0" regionsrebuilding="0"/>
  </mem-info>
</gc-start>
<allocation-stats totalBytes="10484336" >
  <allocated-bytes non-tlh="529840" tlh="9954496" arrayletleaf="0"/>
  <largest-consumer threadName="main" threadId="0000000001AE6700" bytes="10476088" />
</allocation-stats>
<gc-op id="292" type="mark" timems="2.282" contextid="289" timestamp="2019-06-16T00:37:47.531">
  <trace-info objectcount="20703" scancount="18572" scanbytes="792300" />
  <cardclean-info objects="544" bytes="23304" />
  <remembered-set-cleared processed="9348" cleared="122" durationms="0.151" />
  <references type="soft" candidates="2" cleared="0" enqueued="0" dynamicThreshold="13" maxThreshold="32" />
  <references type="weak" candidates="12" cleared="10" enqueued="10" />
  <references type="phantom" candidates="6" cleared="2" enqueued="2" />
  <stringconstants candidates="8688" cleared="0"  />
  <warning details="Mark invoked due to insufficient free space for Copy-Forward" />
</gc-op>
<gc-op id="293" type="classunload" timems="0.003" contextid="289" timestamp="2019-06-16T00:37:47.531">
  <classunload-info classloadercandidates="16" classloadersunloaded="0" classesunloaded="0" anonymousclassesunloaded="0" quiescems="0.000" setupms="0.003" scanms="0.000" postms="0.000" />
</gc-op>
<gc-op id="294" type="sweep" timems="1.660" contextid="289" timestamp="2019-06-16T00:37:47.533" />
<gc-op id="295" type="compact" timems="4.153" contextid="289" timestamp="2019-06-16T00:37:47.538">
  <compact-info movecount="20703" movebytes="1461592" />
  <remembered-set-cleared processed="22154" cleared="3689" durationms="0.151" />
</gc-op>
<gc-end id="296" type="partial gc" contextid="289" durationms="9.941" usertimems="0.000" systemtimems="8.000" timestamp="2019-06-16T00:37:47.538" activeThreads="4">
  <mem-info id="297" free="8388608" total="24117248" percent="34">
    <mem type="eden" free="574488" total="2097152" percent="27" />
    <pending-finalizers system="0" default="0" reference="12" classloader="0" />
    <remembered-set count="13504" freebytes="908672" totalbytes="962688" percent="94" regionsoverflowed="0" regionsstable="0" regionsrebuilding="0"/>
  </mem-info>
</gc-end>
<cycle-end id="298" type="partial gc" contextid="289" timestamp="2019-06-16T00:37:47.538" />
  <attribute name="elasticGC enabled" value="1" />
  <attribute name= "numThreadsSpecified" value="4" />
  <attribute name="heapSize specified" value="0" />
  <attribute name="Current GC Util" value="88" />
  <attribute name= "Current Time Running" value="6584" />
  <attribute name ="GC Interval" value="0" />
  <attribute name="ProportionalT" value="102.000000" />
  <attribute name="ProportionalI" value="102.000000" />
  <attribute name="ProportionalH" value="102.000000" />
  <attribute name="Current Error" value="68.000000" />
  <attribute name="IntegralT" value="136.000000" />
  <attribute name="IntegralI" value="136.000000" />
  <attribute name="IntegralH" value="136.000000" />
  <attribute name="DerivativeT" value="17.000000" />
  <attribute name="DerivativeI" value="17.000000" />
  <attribute name="DerivativeH" value="17.000000" />
  <attribute name="Loop Time for DT" value="2.000000" />
  <attribute name="Output H" value="8388608"/>
  <attribute name="Output I" value="256"/>
  <attribute name="Output T" value="4"/>
  <attribute name="Target GC Util Change" value ="20.000000" />
  <attribute name="Current GC Util Change" value="88.000000"/>
  <attribute name="GC Util currently" value="88" />
  <attribute name="CPU Util currently" value="2347663102459" />
<exclusive-end id="299" timestamp="2019-06-16T00:37:47.539" durationms="11.215" />

<exclusive-start id="300" timestamp="2019-06-16T00:37:47.617" intervalms="89.616">
  <response-info timems="0.027" idlems="0.027" threads="0" lastid="0000000001AE6700" lastname="main" />
</exclusive-start>
<allocation-taxation id="301" taxation-threshold="8388608" timestamp="2019-06-16T00:37:47.617" intervalms="89.618" />
<cycle-start id="302" type="partial gc" contextid="0" timestamp="2019-06-16T00:37:47.617" intervalms="89.636" />
<gc-start id="303" type="partial gc" contextid="302" timestamp="2019-06-16T00:37:47.618">
  <mem-info id="304" free="0" total="24117248" percent="0">
    <mem type="eden" free="0" total="8388608" percent="0" />
    <remembered-set count="13504" freebytes="908672" totalbytes="962688" percent="94" regionsoverflowed="0" regionsstable="0" regionsrebuilding="0"/>
  </mem-info>
</gc-start>
<allocation-stats totalBytes="8386184" >
  <allocated-bytes non-tlh="340560" tlh="8045624" arrayletleaf="0"/>
  <largest-consumer threadName="main" threadId="0000000001AE6700" bytes="8386184" />
</allocation-stats>
<gc-op id="305" type="mark" timems="2.326" contextid="302" timestamp="2019-06-16T00:37:47.621">
  <trace-info objectcount="17289" scancount="12872" scanbytes="434152" />
  <cardclean-info objects="732" bytes="40684" />
  <remembered-set-cleared processed="11407" cleared="2371" durationms="0.163" />
  <references type="soft" candidates="59" cleared="0" enqueued="0" dynamicThreshold="11" maxThreshold="32" />
  <references type="weak" candidates="123" cleared="17" enqueued="14" />
  <references type="phantom" candidates="4" cleared="0" enqueued="0" />
  <stringconstants candidates="10895" cleared="0"  />
  <warning details="Mark invoked due to insufficient free space for Copy-Forward" />
</gc-op>
<gc-op id="306" type="classunload" timems="0.003" contextid="302" timestamp="2019-06-16T00:37:47.621">
  <classunload-info classloadercandidates="17" classloadersunloaded="0" classesunloaded="0" anonymousclassesunloaded="0" quiescems="0.000" setupms="0.003" scanms="0.000" postms="0.000" />
</gc-op>
<gc-op id="307" type="sweep" timems="1.459" contextid="302" timestamp="2019-06-16T00:37:47.623" />
<gc-op id="308" type="compact" timems="5.107" contextid="302" timestamp="2019-06-16T00:37:47.629">
  <compact-info movecount="17288" movebytes="1089296" />
  <remembered-set-cleared processed="23385" cleared="5505" durationms="0.163" />
</gc-op>
<heap-resize id="309" type="expand" space="default" amount="2097152" count="1" timems="0.064" reason="insufficient free space following gc" timestamp="2019-06-16T00:37:47.629" />
<gc-end id="310" type="partial gc" contextid="302" durationms="11.281" usertimems="8.000" systemtimems="4.000" timestamp="2019-06-16T00:37:47.629" activeThreads="4">
  <mem-info id="311" free="10485760" total="26214400" percent="40">
    <mem type="eden" free="59752" total="1048576" percent="5" />
    <pending-finalizers system="0" default="0" reference="14" classloader="0" />
    <remembered-set count="11744" freebytes="999424" totalbytes="1046400" percent="95" regionsoverflowed="0" regionsstable="0" regionsrebuilding="0"/>
  </mem-info>
</gc-end>
<cycle-end id="312" type="partial gc" contextid="302" timestamp="2019-06-16T00:37:47.629" />
  <attribute name="elasticGC enabled" value="1" />
  <attribute name= "numThreadsSpecified" value="4" />
  <attribute name="heapSize specified" value="0" />
  <attribute name="Current GC Util" value="129" />
  <attribute name= "Current Time Running" value="6674" />
  <attribute name ="GC Interval" value="0" />
  <attribute name="ProportionalT" value="163.500000" />
  <attribute name="ProportionalI" value="163.500000" />
  <attribute name="ProportionalH" value="163.500000" />
  <attribute name="Current Error" value="109.000000" />
  <attribute name="IntegralT" value="218.000000" />
  <attribute name="IntegralI" value="218.000000" />
  <attribute name="IntegralH" value="218.000000" />
  <attribute name="DerivativeT" value="27.250000" />
  <attribute name="DerivativeI" value="27.250000" />
  <attribute name="DerivativeH" value="27.250000" />
  <attribute name="Loop Time for DT" value="2.000000" />
  <attribute name="Output H" value="8388608"/>
  <attribute name="Output I" value="408"/>
  <attribute name="Output T" value="4"/>
  <attribute name="Target GC Util Change" value ="20.000000" />
  <attribute name="Current GC Util Change" value="129.000000"/>
  <attribute name="GC Util currently" value="129" />
  <attribute name="CPU Util currently" value="2662047602202" />
<exclusive-end id="313" timestamp="2019-06-16T00:37:47.630" durationms="12.526" />

<exclusive-start id="314" timestamp="2019-06-16T00:37:47.687" intervalms="70.361">
  <response-info timems="0.024" idlems="0.024" threads="0" lastid="0000000001AE6700" lastname="main" />
</exclusive-start>
<allocation-taxation id="315" taxation-threshold="10485760" timestamp="2019-06-16T00:37:47.688" intervalms="70.293" />
<cycle-start id="316" type="partial gc" contextid="0" timestamp="2019-06-16T00:37:47.688" intervalms="70.191" />
<gc-start id="317" type="partial gc" contextid="316" timestamp="2019-06-16T00:37:47.688">
  <mem-info id="318" free="0" total="26214400" percent="0">
    <mem type="eden" free="0" total="10485760" percent="0" />
    <remembered-set count="11520" freebytes="1000320" totalbytes="1046400" percent="95" regionsoverflowed="0" regionsstable="0" regionsrebuilding="0"/>
  </mem-info>
</gc-start>
<allocation-stats totalBytes="10483960" >
  <allocated-bytes non-tlh="219656" tlh="10264304" arrayletleaf="0"/>
  <largest-consumer threadName="main" threadId="0000000001AE6700" bytes="10483960" />
</allocation-stats>
<gc-op id="319" type="mark" timems="2.037" contextid="316" timestamp="2019-06-16T00:37:47.691">
  <trace-info objectcount="12854" scancount="8749" scanbytes="234976" />
  <cardclean-info objects="381" bytes="35388" />
  <remembered-set-cleared processed="10405" cleared="1167" durationms="0.171" />
  <references type="soft" candidates="89" cleared="0" enqueued="0" dynamicThreshold="12" maxThreshold="32" />
  <references type="weak" candidates="112" cleared="2" enqueued="2" />
  <stringconstants candidates="11004" cleared="0"  />
  <warning details="Mark invoked due to insufficient free space for Copy-Forward" />
</gc-op>
<gc-op id="320" type="classunload" timems="0.003" contextid="316" timestamp="2019-06-16T00:37:47.691">
  <classunload-info classloadercandidates="19" classloadersunloaded="0" classesunloaded="0" anonymousclassesunloaded="0" quiescems="0.000" setupms="0.003" scanms="0.000" postms="0.000" />
</gc-op>
<gc-op id="321" type="sweep" timems="1.496" contextid="316" timestamp="2019-06-16T00:37:47.693" />
<gc-op id="322" type="compact" timems="5.017" contextid="316" timestamp="2019-06-16T00:37:47.698">
  <compact-info movecount="12854" movebytes="518672" />
  <remembered-set-cleared processed="21901" cleared="3954" durationms="0.171" />
</gc-op>
<gc-end id="323" type="partial gc" contextid="316" durationms="10.478" usertimems="4.000" systemtimems="8.000" timestamp="2019-06-16T00:37:47.698" activeThreads="4">
  <mem-info id="324" free="9437184" total="26214400" percent="36">
    <mem type="eden" free="983192" total="1048576" percent="93" />
    <pending-finalizers system="0" default="0" reference="2" classloader="0" />
    <remembered-set count="12064" freebytes="998144" totalbytes="1046400" percent="95" regionsoverflowed="0" regionsstable="0" regionsrebuilding="0"/>
  </mem-info>
</gc-end>
<cycle-end id="325" type="partial gc" contextid="316" timestamp="2019-06-16T00:37:47.699" />
  <attribute name="elasticGC enabled" value="1" />
  <attribute name= "numThreadsSpecified" value="4" />
  <attribute name="heapSize specified" value="0" />
  <attribute name="Current GC Util" value="124" />
  <attribute name= "Current Time Running" value="6744" />
  <attribute name ="GC Interval" value="0" />
  <attribute name="ProportionalT" value="156.000000" />
  <attribute name="ProportionalI" value="156.000000" />
  <attribute name="ProportionalH" value="156.000000" />
  <attribute name="Current Error" value="104.000000" />
  <attribute name="IntegralT" value="208.000000" />
  <attribute name="IntegralI" value="208.000000" />
  <attribute name="IntegralH" value="208.000000" />
  <attribute name="DerivativeT" value="26.000000" />
  <attribute name="DerivativeI" value="26.000000" />
  <attribute name="DerivativeH" value="26.000000" />
  <attribute name="Loop Time for DT" value="2.000000" />
  <attribute name="Output H" value="8388608"/>
  <attribute name="Output I" value="392"/>
  <attribute name="Output T" value="4"/>
  <attribute name="Target GC Util Change" value ="20.000000" />
  <attribute name="Current GC Util Change" value="124.000000"/>
  <attribute name="GC Util currently" value="124" />
  <attribute name="CPU Util currently" value="2563708497233" />
<exclusive-end id="326" timestamp="2019-06-16T00:37:47.699" durationms="11.300" />

<exclusive-start id="327" timestamp="2019-06-16T00:37:47.734" intervalms="46.418">
  <response-info timems="0.024" idlems="0.024" threads="0" lastid="0000000001AE6700" lastname="main" />
</exclusive-start>
<allocation-taxation id="328" taxation-threshold="9437184" timestamp="2019-06-16T00:37:47.734" intervalms="46.477" />
<cycle-start id="329" type="partial gc" contextid="0" timestamp="2019-06-16T00:37:47.734" intervalms="46.517" />
<gc-start id="330" type="partial gc" contextid="329" timestamp="2019-06-16T00:37:47.735">
  <mem-info id="331" free="0" total="26214400" percent="0">
    <mem type="eden" free="0" total="9437184" percent="0" />
    <remembered-set count="12032" freebytes="998272" totalbytes="1046400" percent="95" regionsoverflowed="0" regionsstable="0" regionsrebuilding="0"/>
  </mem-info>
</gc-start>
<allocation-stats totalBytes="9435584" >
  <allocated-bytes non-tlh="217744" tlh="9217840" arrayletleaf="0"/>
  <largest-consumer threadName="main" threadId="0000000001AE6700" bytes="9431488" />
</allocation-stats>
<gc-op id="332" type="mark" timems="4.511" contextid="329" timestamp="2019-06-16T00:37:47.740">
  <trace-info objectcount="13545" scancount="12353" scanbytes="552748" />
  <cardclean-info objects="508" bytes="32192" />
  <remembered-set-cleared processed="10256" cleared="412" durationms="0.323" />
  <references type="soft" candidates="33" cleared="0" enqueued="0" dynamicThreshold="11" maxThreshold="32" />
  <references type="weak" candidates="24" cleared="0" enqueued="0" />
  <references type="phantom" candidates="1" cleared="0" enqueued="0" />
  <stringconstants candidates="11067" cleared="0"  />
  <warning details="Mark invoked due to insufficient free space for Copy-Forward" />
</gc-op>
<gc-op id="333" type="classunload" timems="0.003" contextid="329" timestamp="2019-06-16T00:37:47.740">
  <classunload-info classloadercandidates="19" classloadersunloaded="0" classesunloaded="0" anonymousclassesunloaded="0" quiescems="0.000" setupms="0.003" scanms="0.000" postms="0.000" />
</gc-op>
<gc-op id="334" type="sweep" timems="1.515" contextid="329" timestamp="2019-06-16T00:37:47.742" />
<gc-op id="335" type="compact" timems="5.199" contextid="329" timestamp="2019-06-16T00:37:47.747">
  <compact-info movecount="13538" movebytes="929392" />
  <remembered-set-cleared processed="22418" cleared="4056" durationms="0.323" />
</gc-op>
<heap-resize id="336" type="expand" space="default" amount="1048576" count="1" timems="0.066" reason="insufficient free space following gc" timestamp="2019-06-16T00:37:47.748" />
<gc-end id="337" type="partial gc" contextid="329" durationms="13.453" usertimems="16.000" systemtimems="0.000" timestamp="2019-06-16T00:37:47.748" activeThreads="4">
  <mem-info id="338" free="9437184" total="27262976" percent="34">
    <mem type="eden" free="159736" total="1048576" percent="15" />
    <remembered-set count="13504" freebytes="1034240" totalbytes="1088256" percent="95" regionsoverflowed="0" regionsstable="0" regionsrebuilding="0"/>
  </mem-info>
</gc-end>
<cycle-end id="339" type="partial gc" contextid="329" timestamp="2019-06-16T00:37:47.748" />
  <attribute name="elasticGC enabled" value="1" />
  <attribute name= "numThreadsSpecified" value="4" />
  <attribute name="heapSize specified" value="0" />
  <attribute name="Current GC Util" value="93" />
  <attribute name= "Current Time Running" value="6793" />
  <attribute name ="GC Interval" value="0" />
  <attribute name="ProportionalT" value="109.500000" />
  <attribute name="ProportionalI" value="109.500000" />
  <attribute name="ProportionalH" value="109.500000" />
  <attribute name="Current Error" value="73.000000" />
  <attribute name="IntegralT" value="146.000000" />
  <attribute name="IntegralI" value="146.000000" />
  <attribute name="IntegralH" value="146.000000" />
  <attribute name="DerivativeT" value="-5.000000" />
  <attribute name="DerivativeI" value="-5.000000" />
  <attribute name="DerivativeH" value="-5.000000" />
  <attribute name="Loop Time for DT" value="2.000000" />
  <attribute name="Output H" value="8388608"/>
  <attribute name="Output I" value="256"/>
  <attribute name="Output T" value="4"/>
  <attribute name="Target GC Util Change" value ="20.000000" />
  <attribute name="Current GC Util Change" value="93.000000"/>
  <attribute name="GC Util currently" value="93" />
  <attribute name="CPU Util currently" value="2541348500059" />
<exclusive-end id="340" timestamp="2019-06-16T00:37:47.748" durationms="14.586" />

<exclusive-start id="341" timestamp="2019-06-16T00:37:47.785" intervalms="51.608">
  <response-info timems="0.020" idlems="0.020" threads="0" lastid="0000000001AE6700" lastname="main" />
</exclusive-start>
<allocation-taxation id="342" taxation-threshold="9437184" timestamp="2019-06-16T00:37:47.786" intervalms="51.608" />
<cycle-start id="343" type="partial gc" contextid="0" timestamp="2019-06-16T00:37:47.786" intervalms="51.674" />
<gc-start id="344" type="partial gc" contextid="343" timestamp="2019-06-16T00:37:47.786">
  <mem-info id="345" free="0" total="27262976" percent="0">
    <mem type="eden" free="159736" total="10485760" percent="1" />
    <remembered-set count="13056" freebytes="1036032" totalbytes="1088256" percent="95" regionsoverflowed="0" regionsstable="0" regionsrebuilding="0"/>
  </mem-info>
</gc-start>
<allocation-stats totalBytes="9436296" >
  <allocated-bytes non-tlh="203784" tlh="9232512" arrayletleaf="0"/>
  <largest-consumer threadName="main" threadId="0000000001AE6700" bytes="9436296" />
</allocation-stats>
<gc-op id="346" type="mark" timems="4.268" contextid="343" timestamp="2019-06-16T00:37:47.791">
  <trace-info objectcount="2605" scancount="2394" scanbytes="114464" />
  <cardclean-info objects="270" bytes="15372" />
  <remembered-set-cleared processed="11396" cleared="1383" durationms="0.308" />
  <references type="soft" candidates="11" cleared="0" enqueued="0" dynamicThreshold="11" maxThreshold="32" />
  <references type="weak" candidates="22" cleared="0" enqueued="0" />
  <references type="phantom" candidates="1" cleared="0" enqueued="0" />
  <stringconstants candidates="11131" cleared="0"  />
  <warning details="Mark invoked due to insufficient free space for Copy-Forward" />
</gc-op>
<gc-op id="347" type="classunload" timems="0.003" contextid="343" timestamp="2019-06-16T00:37:47.792">
  <classunload-info classloadercandidates="20" classloadersunloaded="0" classesunloaded="0" anonymousclassesunloaded="0" quiescems="0.000" setupms="0.003" scanms="0.000" postms="0.000" />
</gc-op>
<gc-op id="348" type="sweep" timems="1.537" contextid="343" timestamp="2019-06-16T00:37:47.793" />
<gc-op id="349" type="compact" timems="3.534" contextid="343" timestamp="2019-06-16T00:37:47.797">
  <compact-info movecount="2605" movebytes="377848" />
  <remembered-set-cleared processed="21670" cleared="3817" durationms="0.308" />
</gc-op>
<heap-resize id="350" type="expand" space="default" amount="2097152" count="1" timems="0.071" reason="insufficient free space following gc" timestamp="2019-06-16T00:37:47.798" />
<gc-end id="351" type="partial gc" contextid="343" durationms="11.553" usertimems="16.000" systemtimems="0.000" timestamp="2019-06-16T00:37:47.798" activeThreads="4">
  <mem-info id="352" free="10485760" total="29360128" percent="35">
    <mem type="eden" free="1719304" total="2097152" percent="81" />
    <remembered-set count="12128" freebytes="1123456" totalbytes="1171968" percent="95" regionsoverflowed="0" regionsstable="0" regionsrebuilding="0"/>
  </mem-info>
</gc-end>
<cycle-end id="353" type="partial gc" contextid="343" timestamp="2019-06-16T00:37:47.798" />
  <attribute name="elasticGC enabled" value="1" />
  <attribute name= "numThreadsSpecified" value="4" />
  <attribute name="heapSize specified" value="0" />
  <attribute name="Current GC Util" value="93" />
  <attribute name= "Current Time Running" value="6844" />
  <attribute name ="GC Interval" value="0" />
  <attribute name="ProportionalT" value="109.500000" />
  <attribute name="ProportionalI" value="109.500000" />
  <attribute name="ProportionalH" value="109.500000" />
  <attribute name="Current Error" value="73.000000" />
  <attribute name="IntegralT" value="146.000000" />
  <attribute name="IntegralI" value="146.000000" />
  <attribute name="IntegralH" value="146.000000" />
  <attribute name="DerivativeT" value="-6.750000" />
  <attribute name="DerivativeI" value="-6.750000" />
  <attribute name="DerivativeH" value="-6.750000" />
  <attribute name="Loop Time for DT" value="2.000000" />
  <attribute name="Output H" value="8388608"/>
  <attribute name="Output I" value="248"/>
  <attribute name="Output T" value="4"/>
  <attribute name="Target GC Util Change" value ="20.000000" />
  <attribute name="Current GC Util Change" value="93.000000"/>
  <attribute name="GC Util currently" value="93" />
  <attribute name="CPU Util currently" value="2504222503270" />
<exclusive-end id="354" timestamp="2019-06-16T00:37:47.798" durationms="12.797" />

<exclusive-start id="355" timestamp="2019-06-16T00:37:47.848" intervalms="62.770">
  <response-info timems="0.024" idlems="0.024" threads="0" lastid="0000000001AE6700" lastname="main" />
</exclusive-start>
<allocation-taxation id="356" taxation-threshold="10485760" timestamp="2019-06-16T00:37:47.848" intervalms="62.756" />
<cycle-start id="357" type="partial gc" contextid="0" timestamp="2019-06-16T00:37:47.849" intervalms="62.681" />
<gc-start id="358" type="partial gc" contextid="357" timestamp="2019-06-16T00:37:47.849">
  <mem-info id="359" free="0" total="29360128" percent="0">
    <mem type="eden" free="0" total="10485760" percent="0" />
    <remembered-set count="12128" freebytes="1123456" totalbytes="1171968" percent="95" regionsoverflowed="0" regionsstable="0" regionsrebuilding="0"/>
  </mem-info>
</gc-start>
<allocation-stats totalBytes="10483672" >
  <allocated-bytes non-tlh="278864" tlh="10204808" arrayletleaf="0"/>
  <largest-consumer threadName="main" threadId="0000000001AE6700" bytes="10483672" />
</allocation-stats>
<gc-op id="360" type="mark" timems="2.456" contextid="357" timestamp="2019-06-16T00:37:47.852">
  <trace-info objectcount="15561" scancount="14137" scanbytes="656236" />
  <cardclean-info objects="344" bytes="26952" />
  <remembered-set-cleared processed="10567" cleared="429" durationms="0.174" />
  <references type="soft" candidates="11" cleared="0" enqueued="0" dynamicThreshold="11" maxThreshold="32" />
  <references type="weak" candidates="209" cleared="0" enqueued="0" />
  <references type="phantom" candidates="1" cleared="0" enqueued="0" />
  <stringconstants candidates="11317" cleared="0"  />
  <warning details="Mark invoked due to insufficient free space for Copy-Forward" />
</gc-op>
<gc-op id="361" type="classunload" timems="0.004" contextid="357" timestamp="2019-06-16T00:37:47.852">
  <classunload-info classloadercandidates="21" classloadersunloaded="0" classesunloaded="0" anonymousclassesunloaded="0" quiescems="0.000" setupms="0.003" scanms="0.000" postms="0.000" />
</gc-op>
<gc-op id="362" type="sweep" timems="1.520" contextid="357" timestamp="2019-06-16T00:37:47.854" />
<gc-op id="363" type="compact" timems="5.147" contextid="357" timestamp="2019-06-16T00:37:47.860">
  <compact-info movecount="15427" movebytes="1013624" />
  <remembered-set-cleared processed="22924" cleared="4299" durationms="0.174" />
</gc-op>
<heap-resize id="364" type="expand" space="default" amount="1048576" count="1" timems="0.068" reason="insufficient free space following gc" timestamp="2019-06-16T00:37:47.860" />
<gc-end id="365" type="partial gc" contextid="357" durationms="11.355" usertimems="16.000" systemtimems="0.000" timestamp="2019-06-16T00:37:47.860" activeThreads="4">
  <mem-info id="366" free="10485760" total="30408704" percent="34">
    <mem type="eden" free="42696" total="1048576" percent="4" />
    <remembered-set count="13728" freebytes="1158912" totalbytes="1213824" percent="95" regionsoverflowed="0" regionsstable="0" regionsrebuilding="0"/>
  </mem-info>
</gc-end>
<cycle-end id="367" type="partial gc" contextid="357" timestamp="2019-06-16T00:37:47.860" />
  <attribute name="elasticGC enabled" value="1" />
  <attribute name= "numThreadsSpecified" value="4" />
  <attribute name="heapSize specified" value="0" />
  <attribute name="Current GC Util" value="124" />
  <attribute name= "Current Time Running" value="6905" />
  <attribute name ="GC Interval" value="0" />
  <attribute name="ProportionalT" value="156.000000" />
  <attribute name="ProportionalI" value="156.000000" />
  <attribute name="ProportionalH" value="156.000000" />
  <attribute name="Current Error" value="104.000000" />
  <attribute name="IntegralT" value="208.000000" />
  <attribute name="IntegralI" value="208.000000" />
  <attribute name="IntegralH" value="208.000000" />
  <attribute name="DerivativeT" value="26.000000" />
  <attribute name="DerivativeI" value="26.000000" />
  <attribute name="DerivativeH" value="26.000000" />
  <attribute name="Loop Time for DT" value="2.000000" />
  <attribute name="Output H" value="8388608"/>
  <attribute name="Output I" value="392"/>
  <attribute name="Output T" value="4"/>
  <attribute name="Target GC Util Change" value ="20.000000" />
  <attribute name="Current GC Util Change" value="124.000000"/>
  <attribute name="GC Util currently" value="124" />
  <attribute name="CPU Util currently" value="2537288080349" />
<exclusive-end id="368" timestamp="2019-06-16T00:37:47.861" durationms="12.452" />

<exclusive-start id="369" timestamp="2019-06-16T00:37:47.882" intervalms="33.847">
  <response-info timems="0.087" idlems="0.087" threads="0" lastid="0000000001AE6700" lastname="main" />
</exclusive-start>
<allocation-taxation id="370" taxation-threshold="10485760" timestamp="2019-06-16T00:37:47.882" intervalms="33.918" />
<cycle-start id="371" type="partial gc" contextid="0" timestamp="2019-06-16T00:37:47.882" intervalms="33.985" />
<gc-start id="372" type="partial gc" contextid="371" timestamp="2019-06-16T00:37:47.883">
  <mem-info id="373" free="0" total="30408704" percent="0">
    <mem type="eden" free="0" total="10485760" percent="0" />
    <remembered-set count="13472" freebytes="1159936" totalbytes="1213824" percent="95" regionsoverflowed="0" regionsstable="0" regionsrebuilding="0"/>
  </mem-info>
</gc-start>
<allocation-stats totalBytes="10484696" >
  <allocated-bytes non-tlh="0" tlh="10484696" arrayletleaf="0"/>
  <largest-consumer threadName="main" threadId="0000000001AE6700" bytes="10484696" />
</allocation-stats>
<gc-op id="374" type="mark" timems="3.193" contextid="371" timestamp="2019-06-16T00:37:47.887">
  <trace-info objectcount="30292" scancount="27276" scanbytes="1158192" />
  <cardclean-info objects="148" bytes="19416" />
  <remembered-set-cleared processed="11658" cleared="1292" durationms="0.189" />
  <references type="soft" candidates="1" cleared="0" enqueued="0" dynamicThreshold="11" maxThreshold="32" />
  <references type="weak" candidates="207" cleared="0" enqueued="0" />
  <references type="phantom" candidates="1" cleared="0" enqueued="0" />
  <stringconstants candidates="11317" cleared="0"  />
  <warning details="Mark invoked due to insufficient free space for Copy-Forward" />
</gc-op>
<gc-op id="375" type="classunload" timems="0.004" contextid="371" timestamp="2019-06-16T00:37:47.887">
  <classunload-info classloadercandidates="21" classloadersunloaded="0" classesunloaded="0" anonymousclassesunloaded="0" quiescems="0.000" setupms="0.004" scanms="0.000" postms="0.000" />
</gc-op>
<gc-op id="376" type="sweep" timems="1.553" contextid="371" timestamp="2019-06-16T00:37:47.889" />
<gc-op id="377" type="compact" timems="6.647" contextid="371" timestamp="2019-06-16T00:37:47.896">
  <compact-info movecount="29914" movebytes="1542248" />
  <remembered-set-cleared processed="27215" cleared="7859" durationms="0.189" />
</gc-op>
<heap-resize id="378" type="expand" space="default" amount="2097152" count="1" timems="0.071" reason="insufficient free space following gc" timestamp="2019-06-16T00:37:47.896" />
<gc-end id="379" type="partial gc" contextid="371" durationms="13.686" usertimems="16.000" systemtimems="0.000" timestamp="2019-06-16T00:37:47.897" activeThreads="4">
  <mem-info id="380" free="11534336" total="32505856" percent="35">
    <mem type="eden" free="492328" total="1048576" percent="46" />
    <remembered-set count="16896" freebytes="1229952" totalbytes="1297536" percent="94" regionsoverflowed="0" regionsstable="0" regionsrebuilding="0"/>
  </mem-info>
</gc-end>
<cycle-end id="381" type="partial gc" contextid="371" timestamp="2019-06-16T00:37:47.897" />
  <attribute name="elasticGC enabled" value="1" />
  <attribute name= "numThreadsSpecified" value="4" />
  <attribute name="heapSize specified" value="0" />
  <attribute name="Current GC Util" value="124" />
  <attribute name= "Current Time Running" value="6940" />
  <attribute name ="GC Interval" value="0" />
  <attribute name="ProportionalT" value="156.000000" />
  <attribute name="ProportionalI" value="156.000000" />
  <attribute name="ProportionalH" value="156.000000" />
  <attribute name="Current Error" value="104.000000" />
  <attribute name="IntegralT" value="208.000000" />
  <attribute name="IntegralI" value="208.000000" />
  <attribute name="IntegralH" value="208.000000" />
  <attribute name="DerivativeT" value="26.000000" />
  <attribute name="DerivativeI" value="26.000000" />
  <attribute name="DerivativeH" value="26.000000" />
  <attribute name="Loop Time for DT" value="2.000000" />
  <attribute name="Output H" value="8388608"/>
  <attribute name="Output I" value="392"/>
  <attribute name="Output T" value="4"/>
  <attribute name="Target GC Util Change" value ="20.000000" />
  <attribute name="Current GC Util Change" value="124.000000"/>
  <attribute name="GC Util currently" value="124" />
  <attribute name="CPU Util currently" value="2482478820324" />
<exclusive-end id="382" timestamp="2019-06-16T00:37:47.897" durationms="14.890" />

<exclusive-start id="383" timestamp="2019-06-16T00:37:47.982" intervalms="99.832">
  <response-info timems="0.019" idlems="0.019" threads="0" lastid="0000000001AE6700" lastname="main" />
</exclusive-start>
<allocation-taxation id="384" taxation-threshold="11534336" timestamp="2019-06-16T00:37:47.982" intervalms="99.732" />
<cycle-start id="385" type="partial gc" contextid="0" timestamp="2019-06-16T00:37:47.982" intervalms="99.657" />
<gc-start id="386" type="partial gc" contextid="385" timestamp="2019-06-16T00:37:47.982">
  <mem-info id="387" free="0" total="32505856" percent="0">
    <mem type="eden" free="0" total="11534336" percent="0" />
    <remembered-set count="16480" freebytes="1231616" totalbytes="1297536" percent="94" regionsoverflowed="0" regionsstable="0" regionsrebuilding="0"/>
  </mem-info>
</gc-start>
<allocation-stats totalBytes="11531816" >
  <allocated-bytes non-tlh="435984" tlh="11095832" arrayletleaf="0"/>
  <largest-consumer threadName="main" threadId="0000000001AE6700" bytes="11531816" />
</allocation-stats>
<gc-op id="388" type="mark" timems="4.732" contextid="385" timestamp="2019-06-16T00:37:47.988">
  <trace-info objectcount="19622" scancount="17484" scanbytes="661084" />
  <cardclean-info objects="3659" bytes="174552" />
  <remembered-set-cleared processed="14566" cleared="3545" durationms="0.318" />
  <finalization candidates="1" enqueued="1" />
  <references type="soft" candidates="26" cleared="0" enqueued="0" dynamicThreshold="11" maxThreshold="32" />
  <references type="weak" candidates="328" cleared="2" enqueued="2" />
  <stringconstants candidates="11637" cleared="0"  />
  <warning details="Mark invoked due to insufficient free space for Copy-Forward" />
</gc-op>
<gc-op id="389" type="classunload" timems="0.003" contextid="385" timestamp="2019-06-16T00:37:47.988">
  <classunload-info classloadercandidates="25" classloadersunloaded="0" classesunloaded="0" anonymousclassesunloaded="0" quiescems="0.000" setupms="0.003" scanms="0.000" postms="0.000" />
</gc-op>
<gc-op id="390" type="sweep" timems="1.468" contextid="385" timestamp="2019-06-16T00:37:47.990" />
<gc-op id="391" type="compact" timems="5.097" contextid="385" timestamp="2019-06-16T00:37:47.995">
  <compact-info movecount="5856" movebytes="274728" />
  <remembered-set-cleared processed="32756" cleared="12296" durationms="0.318" />
</gc-op>
<heap-resize id="392" type="expand" space="default" amount="1048576" count="1" timems="0.055" reason="insufficient free space following gc" timestamp="2019-06-16T00:37:47.996" />
<gc-end id="393" type="partial gc" contextid="385" durationms="13.318" usertimems="16.000" systemtimems="0.000" timestamp="2019-06-16T00:37:47.996" activeThreads="4">
  <mem-info id="394" free="11534336" total="33554432" percent="34">
    <mem type="eden" free="818496" total="1048576" percent="78" />
    <pending-finalizers system="0" default="1" reference="2" classloader="0" />
    <remembered-set count="18432" freebytes="1265664" totalbytes="1339392" percent="94" regionsoverflowed="0" regionsstable="0" regionsrebuilding="0"/>
  </mem-info>
</gc-end>
<cycle-end id="395" type="partial gc" contextid="385" timestamp="2019-06-16T00:37:47.996" />
  <attribute name="elasticGC enabled" value="1" />
  <attribute name= "numThreadsSpecified" value="4" />
  <attribute name="heapSize specified" value="0" />
  <attribute name="Current GC Util" value="99" />
  <attribute name= "Current Time Running" value="7041" />
  <attribute name ="GC Interval" value="0" />
  <attribute name="ProportionalT" value="118.500000" />
  <attribute name="ProportionalI" value="118.500000" />
  <attribute name="ProportionalH" value="118.500000" />
  <attribute name="Current Error" value="79.000000" />
  <attribute name="IntegralT" value="158.000000" />
  <attribute name="IntegralI" value="158.000000" />
  <attribute name="IntegralH" value="158.000000" />
  <attribute name="DerivativeT" value="-2.750000" />
  <attribute name="DerivativeI" value="-2.750000" />
  <attribute name="DerivativeH" value="-2.750000" />
  <attribute name="Loop Time for DT" value="2.000000" />
  <attribute name="Output H" value="8388608"/>
  <attribute name="Output I" value="280"/>
  <attribute name="Output T" value="4"/>
  <attribute name="Target GC Util Change" value ="20.000000" />
  <attribute name="Current GC Util Change" value="99.000000"/>
  <attribute name="GC Util currently" value="99" />
  <attribute name="CPU Util currently" value="2712774029029" />
<exclusive-end id="396" timestamp="2019-06-16T00:37:47.996" durationms="14.273" />

<exclusive-start id="397" timestamp="2019-06-16T00:37:48.092" intervalms="110.339">
  <response-info timems="0.017" idlems="0.017" threads="0" lastid="0000000001AE6700" lastname="main" />
</exclusive-start>
<allocation-taxation id="398" taxation-threshold="11534336" timestamp="2019-06-16T00:37:48.092" intervalms="110.400" />
<cycle-start id="399" type="partial gc" contextid="0" timestamp="2019-06-16T00:37:48.093" intervalms="110.495" />
<gc-start id="400" type="partial gc" contextid="399" timestamp="2019-06-16T00:37:48.093">
  <mem-info id="401" free="0" total="33554432" percent="0">
    <mem type="eden" free="0" total="11534336" percent="0" />
    <remembered-set count="18080" freebytes="1267072" totalbytes="1339392" percent="94" regionsoverflowed="0" regionsstable="0" regionsrebuilding="0"/>
  </mem-info>
</gc-start>
<allocation-stats totalBytes="11527568" >
  <allocated-bytes non-tlh="479272" tlh="11048296" arrayletleaf="0"/>
  <largest-consumer threadName="main" threadId="0000000001AE6700" bytes="11519256" />
</allocation-stats>
<gc-op id="402" type="mark" timems="4.568" contextid="399" timestamp="2019-06-16T00:37:48.099">
  <trace-info objectcount="6880" scancount="6167" scanbytes="239948" />
  <cardclean-info objects="1563" bytes="88252" />
  <remembered-set-cleared processed="16163" cleared="2179" durationms="0.340" />
  <references type="soft" candidates="26" cleared="0" enqueued="0" dynamicThreshold="11" maxThreshold="32" />
  <references type="weak" candidates="408" cleared="13" enqueued="13" />
  <references type="phantom" candidates="1" cleared="0" enqueued="0" />
  <stringconstants candidates="11766" cleared="6"  />
  <warning details="Mark invoked due to insufficient free space for Copy-Forward" />
</gc-op>
<gc-op id="403" type="classunload" timems="0.340" contextid="399" timestamp="2019-06-16T00:37:48.099">
  <classunload-info classloadercandidates="27" classloadersunloaded="1" classesunloaded="1" anonymousclassesunloaded="0" quiescems="0.000" setupms="0.329" scanms="0.007" postms="0.004" />
</gc-op>
<gc-op id="404" type="sweep" timems="1.500" contextid="399" timestamp="2019-06-16T00:37:48.101" />
<gc-op id="405" type="compact" timems="4.762" contextid="399" timestamp="2019-06-16T00:37:48.106">
  <compact-info movecount="6352" movebytes="562744" />
  <remembered-set-cleared processed="33704" cleared="8099" durationms="0.340" />
</gc-op>
<heap-resize id="406" type="expand" space="default" amount="3145728" count="1" timems="0.079" reason="insufficient free space following gc" timestamp="2019-06-16T00:37:48.106" />
<gc-end id="407" type="partial gc" contextid="399" durationms="13.581" usertimems="8.000" systemtimems="8.000" timestamp="2019-06-16T00:37:48.107" activeThreads="4">
  <mem-info id="408" free="13631488" total="36700160" percent="37">
    <mem type="eden" free="678624" total="1048576" percent="64" />
    <pending-finalizers system="0" default="0" reference="13" classloader="0" />
    <remembered-set count="18592" freebytes="1390592" totalbytes="1464960" percent="94" regionsoverflowed="0" regionsstable="0" regionsrebuilding="0"/>
  </mem-info>
</gc-end>
<cycle-end id="409" type="partial gc" contextid="399" timestamp="2019-06-16T00:37:48.107" />
  <attribute name="elasticGC enabled" value="1" />
  <attribute name= "numThreadsSpecified" value="4" />
  <attribute name="heapSize specified" value="0" />
  <attribute name="Current GC Util" value="94" />
  <attribute name= "Current Time Running" value="7152" />
  <attribute name ="GC Interval" value="0" />
  <attribute name="ProportionalT" value="111.000000" />
  <attribute name="ProportionalI" value="111.000000" />
  <attribute name="ProportionalH" value="111.000000" />
  <attribute name="Current Error" value="74.000000" />
  <attribute name="IntegralT" value="148.000000" />
  <attribute name="IntegralI" value="148.000000" />
  <attribute name="IntegralH" value="148.000000" />
  <attribute name="DerivativeT" value="-4.000000" />
  <attribute name="DerivativeI" value="-4.000000" />
  <attribute name="DerivativeH" value="-4.000000" />
  <attribute name="Loop Time for DT" value="2.000000" />
  <attribute name="Output H" value="8388608"/>
  <attribute name="Output I" value="256"/>
  <attribute name="Output T" value="4"/>
  <attribute name="Target GC Util Change" value ="20.000000" />
  <attribute name="Current GC Util Change" value="94.000000"/>
  <attribute name="GC Util currently" value="94" />
  <attribute name="CPU Util currently" value="2558724283895" />
<exclusive-end id="410" timestamp="2019-06-16T00:37:48.107" durationms="14.738" />

<exclusive-start id="411" timestamp="2019-06-16T00:37:48.167" intervalms="75.059">
  <response-info timems="0.023" idlems="0.023" threads="0" lastid="0000000001AE6700" lastname="main" />
</exclusive-start>
<allocation-taxation id="412" taxation-threshold="13631488" timestamp="2019-06-16T00:37:48.167" intervalms="75.057" />
<cycle-start id="413" type="partial gc" contextid="0" timestamp="2019-06-16T00:37:48.168" intervalms="75.055" />
<gc-start id="414" type="partial gc" contextid="413" timestamp="2019-06-16T00:37:48.168">
  <mem-info id="415" free="0" total="36700160" percent="0">
    <mem type="eden" free="0" total="13631488" percent="0" />
    <remembered-set count="18528" freebytes="1390848" totalbytes="1464960" percent="94" regionsoverflowed="0" regionsstable="0" regionsrebuilding="0"/>
  </mem-info>
</gc-start>
<allocation-stats totalBytes="13629712" >
  <allocated-bytes non-tlh="667600" tlh="12962112" arrayletleaf="0"/>
  <largest-consumer threadName="main" threadId="0000000001AE6700" bytes="13625616" />
</allocation-stats>
<gc-op id="416" type="mark" timems="5.139" contextid="413" timestamp="2019-06-16T00:37:48.174">
  <trace-info objectcount="23099" scancount="20894" scanbytes="822252" />
  <cardclean-info objects="461" bytes="33108" />
  <remembered-set-cleared processed="16553" cleared="560" durationms="0.376" />
  <references type="soft" candidates="25" cleared="0" enqueued="0" dynamicThreshold="11" maxThreshold="32" />
  <references type="weak" candidates="79" cleared="2" enqueued="2" />
  <references type="phantom" candidates="1" cleared="0" enqueued="0" />
  <stringconstants candidates="11789" cleared="0"  />
  <warning details="Mark invoked due to insufficient free space for Copy-Forward" />
</gc-op>
<gc-op id="417" type="classunload" timems="0.004" contextid="413" timestamp="2019-06-16T00:37:48.174">
  <classunload-info classloadercandidates="27" classloadersunloaded="0" classesunloaded="0" anonymousclassesunloaded="0" quiescems="0.000" setupms="0.003" scanms="0.000" postms="0.000" />
</gc-op>
<gc-op id="418" type="sweep" timems="1.647" contextid="413" timestamp="2019-06-16T00:37:48.176" />
<gc-op id="419" type="compact" timems="6.507" contextid="413" timestamp="2019-06-16T00:37:48.183">
  <compact-info movecount="22867" movebytes="1345408" />
  <remembered-set-cleared processed="36597" cleared="10193" durationms="0.376" />
</gc-op>
<heap-resize id="420" type="expand" space="default" amount="1048576" count="1" timems="0.066" reason="insufficient free space following gc" timestamp="2019-06-16T00:37:48.184" />
<gc-end id="421" type="partial gc" contextid="413" durationms="15.638" usertimems="24.000" systemtimems="0.000" timestamp="2019-06-16T00:37:48.184" activeThreads="4">
  <mem-info id="422" free="13631488" total="37748736" percent="36">
    <mem type="eden" free="57152" total="1048576" percent="5" />
    <pending-finalizers system="0" default="0" reference="2" classloader="0" />
    <remembered-set count="21856" freebytes="1419392" totalbytes="1506816" percent="94" regionsoverflowed="0" regionsstable="0" regionsrebuilding="0"/>
  </mem-info>
</gc-end>
<cycle-end id="423" type="partial gc" contextid="413" timestamp="2019-06-16T00:37:48.184" />
  <attribute name="elasticGC enabled" value="1" />
  <attribute name= "numThreadsSpecified" value="4" />
  <attribute name="heapSize specified" value="0" />
  <attribute name="Current GC Util" value="88" />
  <attribute name= "Current Time Running" value="7227" />
  <attribute name ="GC Interval" value="0" />
  <attribute name="ProportionalT" value="102.000000" />
  <attribute name="ProportionalI" value="102.000000" />
  <attribute name="ProportionalH" value="102.000000" />
  <attribute name="Current Error" value="68.000000" />
  <attribute name="IntegralT" value="136.000000" />
  <attribute name="IntegralI" value="136.000000" />
  <attribute name="IntegralH" value="136.000000" />
  <attribute name="DerivativeT" value="-8.250000" />
  <attribute name="DerivativeI" value="-8.250000" />
  <attribute name="DerivativeH" value="-8.250000" />
  <attribute name="Loop Time for DT" value="2.000000" />
  <attribute name="Output H" value="8388608"/>
  <attribute name="Output I" value="232"/>
  <attribute name="Output T" value="4"/>
  <attribute name="Target GC Util Change" value ="20.000000" />
  <attribute name="Current GC Util Change" value="88.000000"/>
  <attribute name="GC Util currently" value="88" />
  <attribute name="CPU Util currently" value="2363361309839" />
<exclusive-end id="424" timestamp="2019-06-16T00:37:48.184" durationms="16.876" />

<exclusive-start id="425" timestamp="2019-06-16T00:37:48.254" intervalms="86.493">
  <response-info timems="0.020" idlems="0.020" threads="0" lastid="0000000001AE6700" lastname="main" />
</exclusive-start>
<allocation-taxation id="426" taxation-threshold="13631488" timestamp="2019-06-16T00:37:48.254" intervalms="86.432" />
<cycle-start id="427" type="partial gc" contextid="0" timestamp="2019-06-16T00:37:48.254" intervalms="86.358" />
<gc-start id="428" type="partial gc" contextid="427" timestamp="2019-06-16T00:37:48.254">
  <mem-info id="429" free="0" total="37748736" percent="0">
    <mem type="eden" free="0" total="13631488" percent="0" />
    <remembered-set count="21600" freebytes="1420416" totalbytes="1506816" percent="94" regionsoverflowed="0" regionsstable="0" regionsrebuilding="0"/>
  </mem-info>
</gc-start>
<allocation-stats totalBytes="13628224" >
  <allocated-bytes non-tlh="453208" tlh="13175016" arrayletleaf="0"/>
  <largest-consumer threadName="main" threadId="0000000001AE6700" bytes="13628224" />
</allocation-stats>
<gc-op id="430" type="mark" timems="4.491" contextid="427" timestamp="2019-06-16T00:37:48.260">
  <trace-info objectcount="9037" scancount="8132" scanbytes="293000" />
  <cardclean-info objects="1715" bytes="91624" />
  <remembered-set-cleared processed="19310" cleared="2991" durationms="0.384" />
  <references type="soft" candidates="115" cleared="0" enqueued="0" dynamicThreshold="11" maxThreshold="32" />
  <references type="weak" candidates="261" cleared="10" enqueued="10" />
  <stringconstants candidates="12255" cleared="3"  />
  <warning details="Mark invoked due to insufficient free space for Copy-Forward" />
</gc-op>
<gc-op id="431" type="classunload" timems="0.322" contextid="427" timestamp="2019-06-16T00:37:48.260">
  <classunload-info classloadercandidates="31" classloadersunloaded="1" classesunloaded="1" anonymousclassesunloaded="0" quiescems="0.000" setupms="0.311" scanms="0.006" postms="0.004" />
</gc-op>
<gc-op id="432" type="sweep" timems="1.123" contextid="427" timestamp="2019-06-16T00:37:48.262" />
<gc-op id="433" type="compact" timems="5.438" contextid="427" timestamp="2019-06-16T00:37:48.268">
  <compact-info movecount="9037" movebytes="364456" />
  <remembered-set-cleared processed="35702" cleared="13117" durationms="0.384" />
</gc-op>
<heap-resize id="434" type="expand" space="default" amount="2097152" count="1" timems="0.064" reason="insufficient free space following gc" timestamp="2019-06-16T00:37:48.268" />
<gc-end id="435" type="partial gc" contextid="427" durationms="13.617" usertimems="16.000" systemtimems="4.000" timestamp="2019-06-16T00:37:48.268" activeThreads="4">
  <mem-info id="436" free="14680064" total="39845888" percent="36">
    <mem type="eden" free="732768" total="1048576" percent="69" />
    <pending-finalizers system="0" default="0" reference="10" classloader="0" />
    <remembered-set count="20512" freebytes="1508480" totalbytes="1590528" percent="94" regionsoverflowed="0" regionsstable="0" regionsrebuilding="0"/>
  </mem-info>
</gc-end>
<cycle-end id="437" type="partial gc" contextid="427" timestamp="2019-06-16T00:37:48.268" />
  <attribute name="elasticGC enabled" value="1" />
  <attribute name= "numThreadsSpecified" value="4" />
  <attribute name="heapSize specified" value="0" />
  <attribute name="Current GC Util" value="89" />
  <attribute name= "Current Time Running" value="7313" />
  <attribute name ="GC Interval" value="0" />
  <attribute name="ProportionalT" value="103.500000" />
  <attribute name="ProportionalI" value="103.500000" />
  <attribute name="ProportionalH" value="103.500000" />
  <attribute name="Current Error" value="69.000000" />
  <attribute name="IntegralT" value="138.000000" />
  <attribute name="IntegralI" value="138.000000" />
  <attribute name="IntegralH" value="138.000000" />
  <attribute name="DerivativeT" value="-3.000000" />
  <attribute name="DerivativeI" value="-3.000000" />
  <attribute name="DerivativeH" value="-3.000000" />
  <attribute name="Loop Time for DT" value="2.000000" />
  <attribute name="Output H" value="8388608"/>
  <attribute name="Output I" value="240"/>
  <attribute name="Output T" value="4"/>
  <attribute name="Target GC Util Change" value ="20.000000" />
  <attribute name="Current GC Util Change" value="89.000000"/>
  <attribute name="GC Util currently" value="89" />
  <attribute name="CPU Util currently" value="3299602409068" />
<exclusive-end id="438" timestamp="2019-06-16T00:37:48.269" durationms="14.703" />

<exclusive-start id="439" timestamp="2019-06-16T00:37:48.332" intervalms="78.493">
  <response-info timems="0.021" idlems="0.021" threads="0" lastid="0000000001AE6700" lastname="main" />
</exclusive-start>
<allocation-taxation id="440" taxation-threshold="14680064" timestamp="2019-06-16T00:37:48.332" intervalms="78.566" />
<cycle-start id="441" type="partial gc" contextid="0" timestamp="2019-06-16T00:37:48.333" intervalms="78.634" />
<gc-start id="442" type="partial gc" contextid="441" timestamp="2019-06-16T00:37:48.333">
  <mem-info id="443" free="0" total="39845888" percent="0">
    <mem type="eden" free="0" total="14680064" percent="0" />
    <remembered-set count="20288" freebytes="1509376" totalbytes="1590528" percent="94" regionsoverflowed="0" regionsstable="0" regionsrebuilding="0"/>
  </mem-info>
</gc-start>
<allocation-stats totalBytes="14677024" >
  <allocated-bytes non-tlh="824472" tlh="13852552" arrayletleaf="0"/>
  <largest-consumer threadName="main" threadId="0000000001AE6700" bytes="14677024" />
</allocation-stats>
<gc-op id="444" type="mark" timems="5.265" contextid="441" timestamp="2019-06-16T00:37:48.339">
  <trace-info objectcount="20024" scancount="17947" scanbytes="659496" />
  <cardclean-info objects="3972" bytes="194568" />
  <remembered-set-cleared processed="17551" cleared="5079" durationms="0.387" />
  <references type="soft" candidates="96" cleared="0" enqueued="0" dynamicThreshold="11" maxThreshold="32" />
  <references type="weak" candidates="461" cleared="0" enqueued="0" />
  <references type="phantom" candidates="1" cleared="0" enqueued="0" />
  <stringconstants candidates="12387" cleared="0"  />
  <warning details="Mark invoked due to insufficient free space for Copy-Forward" />
</gc-op>
<gc-op id="445" type="classunload" timems="0.004" contextid="441" timestamp="2019-06-16T00:37:48.340">
  <classunload-info classloadercandidates="34" classloadersunloaded="0" classesunloaded="0" anonymousclassesunloaded="0" quiescems="0.000" setupms="0.004" scanms="0.000" postms="0.000" />
</gc-op>
<gc-op id="446" type="sweep" timems="1.520" contextid="441" timestamp="2019-06-16T00:37:48.341" />
<gc-op id="447" type="compact" timems="5.412" contextid="441" timestamp="2019-06-16T00:37:48.347">
  <compact-info movecount="17754" movebytes="1032560" />
  <remembered-set-cleared processed="38032" cleared="13066" durationms="0.387" />
</gc-op>
<heap-resize id="448" type="expand" space="default" amount="7340032" count="1" timems="0.104" reason="excessive time being spent in gc" timestamp="2019-06-16T00:37:48.347" />
<gc-end id="449" type="partial gc" contextid="441" durationms="14.480" usertimems="20.000" systemtimems="0.000" timestamp="2019-06-16T00:37:48.348" activeThreads="4">
  <mem-info id="450" free="20971520" total="47185920" percent="44">
    <mem type="eden" free="580184" total="1048576" percent="55" />
    <remembered-set count="21184" freebytes="1798784" totalbytes="1883520" percent="95" regionsoverflowed="0" regionsstable="0" regionsrebuilding="0"/>
  </mem-info>
</gc-end>
<cycle-end id="451" type="partial gc" contextid="441" timestamp="2019-06-16T00:37:48.348" />
  <attribute name="elasticGC enabled" value="1" />
  <attribute name= "numThreadsSpecified" value="4" />
  <attribute name="heapSize specified" value="0" />
  <attribute name="Current GC Util" value="94" />
  <attribute name= "Current Time Running" value="7392" />
  <attribute name ="GC Interval" value="0" />
  <attribute name="ProportionalT" value="111.000000" />
  <attribute name="ProportionalI" value="111.000000" />
  <attribute name="ProportionalH" value="111.000000" />
  <attribute name="Current Error" value="74.000000" />
  <attribute name="IntegralT" value="148.000000" />
  <attribute name="IntegralI" value="148.000000" />
  <attribute name="IntegralH" value="148.000000" />
  <attribute name="DerivativeT" value="-6.750000" />
  <attribute name="DerivativeI" value="-6.750000" />
  <attribute name="DerivativeH" value="-6.750000" />
  <attribute name="Loop Time for DT" value="2.000000" />
  <attribute name="Output H" value="8388608"/>
  <attribute name="Output I" value="256"/>
  <attribute name="Output T" value="4"/>
  <attribute name="Target GC Util Change" value ="20.000000" />
  <attribute name="Current GC Util Change" value="94.000000"/>
  <attribute name="GC Util currently" value="94" />
  <attribute name="CPU Util currently" value="2525610241419" />
<exclusive-end id="452" timestamp="2019-06-16T00:37:48.348" durationms="15.697" />

<exclusive-start id="453" timestamp="2019-06-16T00:37:48.400" intervalms="67.349">
  <response-info timems="0.024" idlems="0.024" threads="0" lastid="0000000001AE6700" lastname="main" />
</exclusive-start>
<allocation-taxation id="454" taxation-threshold="18874368" timestamp="2019-06-16T00:37:48.400" intervalms="67.331" />
<cycle-start id="455" type="partial gc" contextid="0" timestamp="2019-06-16T00:37:48.400" intervalms="67.252" />
<gc-start id="456" type="partial gc" contextid="455" timestamp="2019-06-16T00:37:48.400">
  <mem-info id="457" free="2097152" total="47185920" percent="4">
    <mem type="eden" free="0" total="18874368" percent="0" />
    <remembered-set count="20864" freebytes="1800064" totalbytes="1883520" percent="95" regionsoverflowed="0" regionsstable="0" regionsrebuilding="0"/>
  </mem-info>
</gc-start>
<allocation-stats totalBytes="18872344" >
  <allocated-bytes non-tlh="406288" tlh="18466056" arrayletleaf="0"/>
  <largest-consumer threadName="main" threadId="0000000001AE6700" bytes="18872344" />
</allocation-stats>
<gc-op id="458" type="copy forward" timems="8.820" contextid="455" timestamp="2019-06-16T00:37:48.410">
  <memory-copied type="eden" objects="24257" bytes="1284304" bytesdiscarded="72200" />
  <memory-copied type="other" objects="8731" bytes="415168" bytesdiscarded="0" />
  <memory-cardclean objects="3842" bytes="186288" />
  <regions eden="18" other="2" />
  <remembered-set-cleared processed="17912" cleared="4045" durationms="0.160" />
  <references type="soft" candidates="40" cleared="0" enqueued="0" dynamicThreshold="14" maxThreshold="32" />
  <references type="weak" candidates="279" cleared="0" enqueued="0" />
  <references type="phantom" candidates="1" cleared="0" enqueued="0" />
  <stringconstants candidates="12470" cleared="0"  />
  <heap-resize type="expand" space="default" amount="2097152" count="2" timems="0.117" reason="continue current collection" />
</gc-op>
<gc-op id="459" type="classunload" timems="0.006" contextid="455" timestamp="2019-06-16T00:37:48.410">
  <classunload-info classloadercandidates="36" classloadersunloaded="0" classesunloaded="0" anonymousclassesunloaded="0" quiescems="0.000" setupms="0.006" scanms="0.000" postms="0.000" />
</gc-op>
<heap-resize id="460" type="expand" space="default" amount="8388608" count="1" timems="0.094" reason="excessive time being spent in gc" timestamp="2019-06-16T00:37:48.411" />
<gc-end id="461" type="partial gc" contextid="455" durationms="10.416" usertimems="20.000" systemtimems="4.000" timestamp="2019-06-16T00:37:48.411" activeThreads="4">
  <mem-info id="462" free="29360128" total="57671680" percent="50">
    <mem type="eden" free="740456" total="2097152" percent="35" />
    <remembered-set count="22208" freebytes="2213248" totalbytes="2302080" percent="96" regionsoverflowed="0" regionsstable="0" regionsrebuilding="0"/>
  </mem-info>
</gc-end>
<cycle-end id="463" type="partial gc" contextid="455" timestamp="2019-06-16T00:37:48.411" />
  <attribute name="elasticGC enabled" value="1" />
  <attribute name= "numThreadsSpecified" value="4" />
  <attribute name="heapSize specified" value="0" />
  <attribute name="Current GC Util" value="105" />
  <attribute name= "Current Time Running" value="7452" />
  <attribute name ="GC Interval" value="0" />
  <attribute name="ProportionalT" value="127.500000" />
  <attribute name="ProportionalI" value="127.500000" />
  <attribute name="ProportionalH" value="127.500000" />
  <attribute name="Current Error" value="85.000000" />
  <attribute name="IntegralT" value="85.000000" />
  <attribute name="IntegralI" value="85.000000" />
  <attribute name="IntegralH" value="85.000000" />
  <attribute name="DerivativeT" value="42.500000" />
  <attribute name="DerivativeI" value="42.500000" />
  <attribute name="DerivativeH" value="42.500000" />
  <attribute name="Loop Time for DT" value="1.000000" />
  <attribute name="Output H" value="8388608"/>
  <attribute name="Output I" value="256"/>
  <attribute name="Output T" value="4"/>
  <attribute name="Target GC Util Change" value ="20.000000" />
  <attribute name="Current GC Util Change" value="105.000000"/>
  <attribute name="GC Util currently" value="105" />
  <attribute name="CPU Util currently" value="7641719481802" />
<exclusive-end id="464" timestamp="2019-06-16T00:37:48.411" durationms="11.401" />

<exclusive-start id="465" timestamp="2019-06-16T00:37:48.471" intervalms="71.770">
  <response-info timems="0.022" idlems="0.022" threads="0" lastid="0000000001AE6700" lastname="main" />
</exclusive-start>
<allocation-taxation id="466" taxation-threshold="20971520" timestamp="2019-06-16T00:37:48.472" intervalms="71.743" />
<cycle-start id="467" type="partial gc" contextid="0" timestamp="2019-06-16T00:37:48.472" intervalms="71.742" />
<gc-start id="468" type="partial gc" contextid="467" timestamp="2019-06-16T00:37:48.472">
  <mem-info id="469" free="8388608" total="57671680" percent="14">
    <mem type="eden" free="0" total="20971520" percent="0" />
    <remembered-set count="22112" freebytes="2213632" totalbytes="2302080" percent="96" regionsoverflowed="0" regionsstable="0" regionsrebuilding="0"/>
  </mem-info>
</gc-start>
<allocation-stats totalBytes="20967920" >
  <allocated-bytes non-tlh="466728" tlh="20501192" arrayletleaf="0"/>
  <largest-consumer threadName="main" threadId="0000000001AE6700" bytes="20967920" />
</allocation-stats>
<gc-op id="470" type="copy forward" timems="6.469" contextid="467" timestamp="2019-06-16T00:37:48.480">
  <memory-copied type="eden" objects="6723" bytes="554712" bytesdiscarded="10680" />
  <memory-copied type="other" objects="1305" bytes="46088" bytesdiscarded="0" />
  <memory-cardclean objects="160" bytes="16512" />
  <regions eden="20" other="2" />
  <remembered-set-cleared processed="19460" cleared="1603" durationms="0.165" />
  <references type="soft" candidates="37" cleared="0" enqueued="0" dynamicThreshold="16" maxThreshold="32" />
  <references type="weak" candidates="79" cleared="0" enqueued="0" />
  <references type="phantom" candidates="1" cleared="0" enqueued="0" />
  <stringconstants candidates="12486" cleared="0"  />
</gc-op>
<gc-op id="471" type="classunload" timems="0.004" contextid="467" timestamp="2019-06-16T00:37:48.480">
  <classunload-info classloadercandidates="38" classloadersunloaded="0" classesunloaded="0" anonymousclassesunloaded="0" quiescems="0.000" setupms="0.003" scanms="0.000" postms="0.000" />
</gc-op>
<heap-resize id="472" type="expand" space="default" amount="10485760" count="1" timems="0.119" reason="excessive time being spent in gc" timestamp="2019-06-16T00:37:48.480" />
<gc-end id="473" type="partial gc" contextid="467" durationms="8.337" usertimems="12.000" systemtimems="0.000" timestamp="2019-06-16T00:37:48.480" activeThreads="4">
  <mem-info id="474" free="39845888" total="68157440" percent="58">
    <mem type="eden" free="483104" total="1048576" percent="46" />
    <remembered-set count="21504" freebytes="2634624" totalbytes="2720640" percent="96" regionsoverflowed="0" regionsstable="0" regionsrebuilding="0"/>
  </mem-info>
</gc-end>
<cycle-end id="475" type="partial gc" contextid="467" timestamp="2019-06-16T00:37:48.481" />
  <attribute name="elasticGC enabled" value="1" />
  <attribute name= "numThreadsSpecified" value="4" />
  <attribute name="heapSize specified" value="0" />
  <attribute name="Current GC Util" value="106" />
  <attribute name= "Current Time Running" value="7524" />
  <attribute name ="GC Interval" value="0" />
  <attribute name="ProportionalT" value="129.000000" />
  <attribute name="ProportionalI" value="129.000000" />
  <attribute name="ProportionalH" value="129.000000" />
  <attribute name="Current Error" value="86.000000" />
  <attribute name="IntegralT" value="86.000000" />
  <attribute name="IntegralI" value="86.000000" />
  <attribute name="IntegralH" value="86.000000" />
  <attribute name="DerivativeT" value="43.000000" />
  <attribute name="DerivativeI" value="43.000000" />
  <attribute name="DerivativeH" value="43.000000" />
  <attribute name="Loop Time for DT" value="1.000000" />
  <attribute name="Output H" value="8388608"/>
  <attribute name="Output I" value="264"/>
  <attribute name="Output T" value="4"/>
  <attribute name="Target GC Util Change" value ="20.000000" />
  <attribute name="Current GC Util Change" value="106.000000"/>
  <attribute name="GC Util currently" value="106" />
  <attribute name="CPU Util currently" value="7713500559132" />
<exclusive-end id="476" timestamp="2019-06-16T00:37:48.481" durationms="9.445" />

<exclusive-start id="477" timestamp="2019-06-16T00:37:48.528" intervalms="56.146">
  <response-info timems="0.020" idlems="0.020" threads="0" lastid="0000000001AE6700" lastname="main" />
</exclusive-start>
<allocation-taxation id="478" taxation-threshold="24117248" timestamp="2019-06-16T00:37:48.528" intervalms="56.156" />
<cycle-start id="479" type="partial gc" contextid="0" timestamp="2019-06-16T00:37:48.528" intervalms="56.207" />
<gc-start id="480" type="partial gc" contextid="479" timestamp="2019-06-16T00:37:48.528">
  <mem-info id="481" free="15728640" total="68157440" percent="23">
    <mem type="eden" free="0" total="24117248" percent="0" />
    <remembered-set count="21504" freebytes="2634624" totalbytes="2720640" percent="96" regionsoverflowed="0" regionsstable="0" regionsrebuilding="0"/>
  </mem-info>
</gc-start>
<allocation-stats totalBytes="24113952" >
  <allocated-bytes non-tlh="402496" tlh="23711456" arrayletleaf="0"/>
  <largest-consumer threadName="main" threadId="0000000001AE6700" bytes="24113952" />
</allocation-stats>
<gc-op id="482" type="copy forward" timems="5.424" contextid="479" timestamp="2019-06-16T00:37:48.535">
  <memory-copied type="eden" objects="8715" bytes="678976" bytesdiscarded="83784" />
  <memory-copied type="other" objects="16074" bytes="579928" bytesdiscarded="2552" />
  <memory-cardclean objects="717" bytes="40736" />
  <regions eden="23" other="2" />
  <remembered-set-cleared processed="18869" cleared="3656" durationms="0.177" />
  <references type="soft" candidates="4" cleared="0" enqueued="0" dynamicThreshold="18" maxThreshold="32" />
  <references type="weak" candidates="32" cleared="0" enqueued="0" />
  <references type="phantom" candidates="1" cleared="0" enqueued="0" />
  <stringconstants candidates="12505" cleared="0"  />
</gc-op>
<gc-op id="483" type="classunload" timems="0.004" contextid="479" timestamp="2019-06-16T00:37:48.535">
  <classunload-info classloadercandidates="40" classloadersunloaded="0" classesunloaded="0" anonymousclassesunloaded="0" quiescems="0.000" setupms="0.004" scanms="0.000" postms="0.000" />
</gc-op>
<heap-resize id="484" type="expand" space="default" amount="5242880" count="1" timems="0.087" reason="excessive time being spent in gc" timestamp="2019-06-16T00:37:48.535" />
<gc-end id="485" type="partial gc" contextid="479" durationms="7.148" usertimems="8.000" systemtimems="0.000" timestamp="2019-06-16T00:37:48.535" activeThreads="4">
  <mem-info id="486" free="44040192" total="73400320" percent="60">
    <mem type="eden" free="285736" total="1048576" percent="27" />
    <remembered-set count="20992" freebytes="2845952" totalbytes="2929920" percent="97" regionsoverflowed="0" regionsstable="0" regionsrebuilding="0"/>
  </mem-info>
</gc-end>
<cycle-end id="487" type="partial gc" contextid="479" timestamp="2019-06-16T00:37:48.536" />
  <attribute name="elasticGC enabled" value="1" />
  <attribute name= "numThreadsSpecified" value="4" />
  <attribute name="heapSize specified" value="0" />
  <attribute name="Current GC Util" value="107" />
  <attribute name= "Current Time Running" value="7580" />
  <attribute name ="GC Interval" value="0" />
  <attribute name="ProportionalT" value="130.500000" />
  <attribute name="ProportionalI" value="130.500000" />
  <attribute name="ProportionalH" value="130.500000" />
  <attribute name="Current Error" value="87.000000" />
  <attribute name="IntegralT" value="87.000000" />
  <attribute name="IntegralI" value="87.000000" />
  <attribute name="IntegralH" value="87.000000" />
  <attribute name="DerivativeT" value="43.500000" />
  <attribute name="DerivativeI" value="43.500000" />
  <attribute name="DerivativeH" value="43.500000" />
  <attribute name="Loop Time for DT" value="1.000000" />
  <attribute name="Output H" value="8388608"/>
  <attribute name="Output I" value="264"/>
  <attribute name="Output T" value="4"/>
  <attribute name="Target GC Util Change" value ="20.000000" />
  <attribute name="Current GC Util Change" value="107.000000"/>
  <attribute name="GC Util currently" value="107" />
  <attribute name="CPU Util currently" value="7508186802513" />
<exclusive-end id="488" timestamp="2019-06-16T00:37:48.536" durationms="8.303" />

<exclusive-start id="489" timestamp="2019-06-16T00:37:48.581" intervalms="53.775">
  <response-info timems="0.019" idlems="0.019" threads="0" lastid="0000000001AE6700" lastname="main" />
</exclusive-start>
<allocation-taxation id="490" taxation-threshold="25165824" timestamp="2019-06-16T00:37:48.581" intervalms="53.749" />
<cycle-start id="491" type="partial gc" contextid="0" timestamp="2019-06-16T00:37:48.582" intervalms="53.695" />
<gc-start id="492" type="partial gc" contextid="491" timestamp="2019-06-16T00:37:48.582">
  <mem-info id="493" free="18874368" total="73400320" percent="25">
    <mem type="eden" free="0" total="25165824" percent="0" />
    <remembered-set count="20608" freebytes="2847488" totalbytes="2929920" percent="97" regionsoverflowed="0" regionsstable="0" regionsrebuilding="0"/>
  </mem-info>
</gc-start>
<allocation-stats totalBytes="25162792" >
  <allocated-bytes non-tlh="601736" tlh="24561056" arrayletleaf="0"/>
  <largest-consumer threadName="main" threadId="0000000001AE6700" bytes="25162792" />
</allocation-stats>
<gc-op id="494" type="copy forward" timems="2.029" contextid="491" timestamp="2019-06-16T00:37:48.585">
  <memory-copied type="eden" objects="4751" bytes="456248" bytesdiscarded="0" />
  <memory-copied type="other" objects="494" bytes="18880" bytesdiscarded="0" />
  <memory-cardclean objects="143" bytes="13128" />
  <regions eden="24" other="1" />
  <remembered-set-cleared processed="18416" cleared="400" durationms="0.269" />
  <references type="soft" candidates="5" cleared="0" enqueued="0" dynamicThreshold="19" maxThreshold="32" />
  <references type="weak" candidates="31" cleared="0" enqueued="0" />
  <references type="phantom" candidates="1" cleared="0" enqueued="0" />
  <stringconstants candidates="12532" cleared="0"  />
</gc-op>
<gc-op id="495" type="classunload" timems="0.004" contextid="491" timestamp="2019-06-16T00:37:48.585">
  <classunload-info classloadercandidates="43" classloadersunloaded="0" classesunloaded="0" anonymousclassesunloaded="0" quiescems="0.000" setupms="0.004" scanms="0.000" postms="0.000" />
</gc-op>
<heap-resize id="496" type="expand" space="default" amount="3145728" count="1" timems="0.080" reason="excessive time being spent in gc" timestamp="2019-06-16T00:37:48.585" />
<gc-end id="497" type="partial gc" contextid="491" durationms="3.745" usertimems="4.000" systemtimems="0.000" timestamp="2019-06-16T00:37:48.586" activeThreads="1">
  <mem-info id="498" free="46137344" total="76546048" percent="60">
    <mem type="eden" free="592208" total="1048576" percent="56" />
    <remembered-set count="21152" freebytes="2970880" totalbytes="3055488" percent="97" regionsoverflowed="0" regionsstable="0" regionsrebuilding="0"/>
  </mem-info>
</gc-end>
<cycle-end id="499" type="partial gc" contextid="491" timestamp="2019-06-16T00:37:48.586" />
  <attribute name="elasticGC enabled" value="1" />
  <attribute name= "numThreadsSpecified" value="1" />
  <attribute name="heapSize specified" value="0" />
  <attribute name="Current GC Util" value="105" />
  <attribute name= "Current Time Running" value="7633" />
  <attribute name ="GC Interval" value="0" />
  <attribute name="ProportionalT" value="127.500000" />
  <attribute name="ProportionalI" value="127.500000" />
  <attribute name="ProportionalH" value="127.500000" />
  <attribute name="Current Error" value="85.000000" />
  <attribute name="IntegralT" value="0.000000" />
  <attribute name="IntegralI" value="0.000000" />
  <attribute name="IntegralH" value="0.000000" />
  <attribute name="DerivativeT" value="inf" />
  <attribute name="DerivativeI" value="inf" />
  <attribute name="DerivativeH" value="inf" />
  <attribute name="Loop Time for DT" value="0.000000" />
  <attribute name="Output H" value="8388608"/>
  <attribute name="Output I" value="200"/>
  <attribute name="Output T" value="1"/>
  <attribute name="Target GC Util Change" value ="20.000000" />
  <attribute name="Current GC Util Change" value="105.000000"/>
  <attribute name="GC Util currently" value="105" />
  <attribute name="CPU Util currently" value="7380516168451" />
<exclusive-end id="500" timestamp="2019-06-16T00:37:48.586" durationms="4.782" />

<exclusive-start id="501" timestamp="2019-06-16T00:37:48.631" intervalms="49.638">
  <response-info timems="0.019" idlems="0.019" threads="0" lastid="0000000001AE6700" lastname="main" />
</exclusive-start>
<allocation-taxation id="502" taxation-threshold="26214400" timestamp="2019-06-16T00:37:48.631" intervalms="49.648" />
<cycle-start id="503" type="partial gc" contextid="0" timestamp="2019-06-16T00:37:48.631" intervalms="49.656" />
<gc-start id="504" type="partial gc" contextid="503" timestamp="2019-06-16T00:37:48.632">
  <mem-info id="505" free="19922944" total="76546048" percent="26">
    <mem type="eden" free="0" total="26214400" percent="0" />
    <remembered-set count="20800" freebytes="2972288" totalbytes="3055488" percent="97" regionsoverflowed="0" regionsstable="0" regionsrebuilding="0"/>
  </mem-info>
</gc-start>
<allocation-stats totalBytes="26211784" >
  <allocated-bytes non-tlh="400832" tlh="25810952" arrayletleaf="0"/>
  <largest-consumer threadName="main" threadId="0000000001AE6700" bytes="26211784" />
</allocation-stats>
<gc-op id="506" type="copy forward" timems="2.401" contextid="503" timestamp="2019-06-16T00:37:48.635">
  <memory-copied type="eden" objects="7612" bytes="604224" bytesdiscarded="0" />
  <memory-copied type="other" objects="614" bytes="21952" bytesdiscarded="0" />
  <memory-cardclean objects="154" bytes="13688" />
  <regions eden="25" other="1" />
  <remembered-set-cleared processed="18630" cleared="468" durationms="0.254" />
  <references type="soft" candidates="5" cleared="0" enqueued="0" dynamicThreshold="19" maxThreshold="32" />
  <references type="weak" candidates="27" cleared="0" enqueued="0" />
  <references type="phantom" candidates="1" cleared="0" enqueued="0" />
  <stringconstants candidates="12543" cleared="0"  />
</gc-op>
<gc-op id="507" type="classunload" timems="0.004" contextid="503" timestamp="2019-06-16T00:37:48.635">
  <classunload-info classloadercandidates="45" classloadersunloaded="0" classesunloaded="0" anonymousclassesunloaded="0" quiescems="0.000" setupms="0.004" scanms="0.000" postms="0.000" />
</gc-op>
<heap-resize id="508" type="expand" space="default" amount="2097152" count="1" timems="0.072" reason="excessive time being spent in gc" timestamp="2019-06-16T00:37:48.636" />
<gc-end id="509" type="partial gc" contextid="503" durationms="4.172" usertimems="4.000" systemtimems="0.000" timestamp="2019-06-16T00:37:48.636" activeThreads="1">
  <mem-info id="510" free="47185920" total="78643200" percent="60">
    <mem type="eden" free="444272" total="1048576" percent="42" />
    <remembered-set count="21344" freebytes="3053824" totalbytes="3139200" percent="97" regionsoverflowed="0" regionsstable="0" regionsrebuilding="0"/>
  </mem-info>
</gc-end>
<cycle-end id="511" type="partial gc" contextid="503" timestamp="2019-06-16T00:37:48.636" />
  <attribute name="elasticGC enabled" value="1" />
  <attribute name= "numThreadsSpecified" value="1" />
  <attribute name="heapSize specified" value="0" />
  <attribute name="Current GC Util" value="189" />
  <attribute name= "Current Time Running" value="7683" />
  <attribute name ="GC Interval" value="0" />
  <attribute name="ProportionalT" value="253.500000" />
  <attribute name="ProportionalI" value="253.500000" />
  <attribute name="ProportionalH" value="253.500000" />
  <attribute name="Current Error" value="169.000000" />
  <attribute name="IntegralT" value="0.000000" />
  <attribute name="IntegralI" value="0.000000" />
  <attribute name="IntegralH" value="0.000000" />
  <attribute name="DerivativeT" value="inf" />
  <attribute name="DerivativeI" value="inf" />
  <attribute name="DerivativeH" value="inf" />
  <attribute name="Loop Time for DT" value="0.000000" />
  <attribute name="Output H" value="8388608"/>
  <attribute name="Output I" value="200"/>
  <attribute name="Output T" value="1"/>
  <attribute name="Target GC Util Change" value ="20.000000" />
  <attribute name="Current GC Util Change" value="189.000000"/>
  <attribute name="GC Util currently" value="189" />
  <attribute name="CPU Util currently" value="7441515909809" />
<exclusive-end id="512" timestamp="2019-06-16T00:37:48.636" durationms="5.302" />

<exclusive-start id="513" timestamp="2019-06-16T00:37:48.694" intervalms="62.905">
  <response-info timems="0.020" idlems="0.020" threads="0" lastid="0000000001AE6700" lastname="main" />
</exclusive-start>
<allocation-taxation id="514" taxation-threshold="26214400" timestamp="2019-06-16T00:37:48.694" intervalms="62.910" />
<cycle-start id="515" type="partial gc" contextid="0" timestamp="2019-06-16T00:37:48.694" intervalms="62.897" />
<gc-start id="516" type="partial gc" contextid="515" timestamp="2019-06-16T00:37:48.695">
  <mem-info id="517" free="20971520" total="78643200" percent="26">
    <mem type="eden" free="0" total="26214400" percent="0" />
    <remembered-set count="21120" freebytes="3054720" totalbytes="3139200" percent="97" regionsoverflowed="0" regionsstable="0" regionsrebuilding="0"/>
  </mem-info>
</gc-start>
<allocation-stats totalBytes="26210584" >
  <allocated-bytes non-tlh="1002488" tlh="25208096" arrayletleaf="0"/>
  <largest-consumer threadName="main" threadId="0000000001AE6700" bytes="26210584" />
</allocation-stats>
<gc-op id="518" type="copy forward" timems="6.447" contextid="515" timestamp="2019-06-16T00:37:48.702">
  <memory-copied type="eden" objects="9283" bytes="669728" bytesdiscarded="28744" />
  <memory-copied type="other" objects="313" bytes="10968" bytesdiscarded="1144" />
  <memory-cardclean objects="154" bytes="13672" />
  <regions eden="25" other="1" />
  <remembered-set-cleared processed="18817" cleared="437" durationms="0.181" />
  <references type="soft" candidates="5" cleared="0" enqueued="0" dynamicThreshold="19" maxThreshold="32" />
  <references type="weak" candidates="32" cleared="0" enqueued="0" />
  <references type="phantom" candidates="1" cleared="0" enqueued="0" />
  <stringconstants candidates="12578" cleared="4"  />
</gc-op>
<gc-op id="519" type="classunload" timems="0.424" contextid="515" timestamp="2019-06-16T00:37:48.703">
  <classunload-info classloadercandidates="50" classloadersunloaded="2" classesunloaded="2" anonymousclassesunloaded="0" quiescems="0.000" setupms="0.409" scanms="0.009" postms="0.005" />
</gc-op>
<gc-end id="520" type="partial gc" contextid="515" durationms="8.301" usertimems="8.000" systemtimems="4.000" timestamp="2019-06-16T00:37:48.703" activeThreads="4">
  <mem-info id="521" free="46137344" total="78643200" percent="58">
    <mem type="eden" free="350000" total="1048576" percent="33" />
    <remembered-set count="22176" freebytes="3050496" totalbytes="3139200" percent="97" regionsoverflowed="0" regionsstable="0" regionsrebuilding="0"/>
  </mem-info>
</gc-end>
<cycle-end id="522" type="partial gc" contextid="515" timestamp="2019-06-16T00:37:48.703" />
  <attribute name="elasticGC enabled" value="1" />
  <attribute name= "numThreadsSpecified" value="4" />
  <attribute name="heapSize specified" value="0" />
  <attribute name="Current GC Util" value="174" />
  <attribute name= "Current Time Running" value="7746" />
  <attribute name ="GC Interval" value="0" />
  <attribute name="ProportionalT" value="231.000000" />
  <attribute name="ProportionalI" value="231.000000" />
  <attribute name="ProportionalH" value="231.000000" />
  <attribute name="Current Error" value="154.000000" />
  <attribute name="IntegralT" value="154.000000" />
  <attribute name="IntegralI" value="154.000000" />
  <attribute name="IntegralH" value="154.000000" />
  <attribute name="DerivativeT" value="77.000000" />
  <attribute name="DerivativeI" value="77.000000" />
  <attribute name="DerivativeH" value="77.000000" />
  <attribute name="Loop Time for DT" value="1.000000" />
  <attribute name="Output H" value="8388608"/>
  <attribute name="Output I" value="464"/>
  <attribute name="Output T" value="4"/>
  <attribute name="Target GC Util Change" value ="20.000000" />
  <attribute name="Current GC Util Change" value="174.000000"/>
  <attribute name="GC Util currently" value="174" />
  <attribute name="CPU Util currently" value="7032474809126" />
<exclusive-end id="523" timestamp="2019-06-16T00:37:48.703" durationms="9.378" />

<exclusive-start id="524" timestamp="2019-06-16T00:37:48.744" intervalms="50.164">
  <response-info timems="0.022" idlems="0.022" threads="0" lastid="0000000001AE6700" lastname="main" />
</exclusive-start>
<allocation-taxation id="525" taxation-threshold="26214400" timestamp="2019-06-16T00:37:48.744" intervalms="50.186" />
<cycle-start id="526" type="partial gc" contextid="0" timestamp="2019-06-16T00:37:48.744" intervalms="50.198" />
<gc-start id="527" type="partial gc" contextid="526" timestamp="2019-06-16T00:37:48.745">
  <mem-info id="528" free="19922944" total="78643200" percent="25">
    <mem type="eden" free="0" total="26214400" percent="0" />
    <remembered-set count="21792" freebytes="3052032" totalbytes="3139200" percent="97" regionsoverflowed="0" regionsstable="0" regionsrebuilding="0"/>
  </mem-info>
</gc-start>
<allocation-stats totalBytes="26211200" >
  <allocated-bytes non-tlh="201184" tlh="26010016" arrayletleaf="0"/>
  <largest-consumer threadName="main" threadId="0000000001AE6700" bytes="26211200" />
</allocation-stats>
<gc-op id="529" type="copy forward" timems="6.873" contextid="526" timestamp="2019-06-16T00:37:48.753">
  <memory-copied type="eden" objects="18896" bytes="1086872" bytesdiscarded="82880" />
  <memory-copied type="other" objects="655" bytes="22024" bytesdiscarded="208" />
  <memory-cardclean objects="158" bytes="14048" />
  <regions eden="25" other="1" />
  <remembered-set-cleared processed="19141" cleared="635" durationms="0.189" />
  <references type="soft" candidates="4" cleared="0" enqueued="0" dynamicThreshold="18" maxThreshold="32" />
  <references type="weak" candidates="38" cleared="0" enqueued="0" />
  <references type="phantom" candidates="1" cleared="0" enqueued="0" />
  <stringconstants candidates="12597" cleared="0"  />
</gc-op>
<gc-op id="530" type="classunload" timems="0.004" contextid="526" timestamp="2019-06-16T00:37:48.753">
  <classunload-info classloadercandidates="49" classloadersunloaded="0" classesunloaded="0" anonymousclassesunloaded="0" quiescems="0.000" setupms="0.004" scanms="0.000" postms="0.000" />
</gc-op>
<gc-end id="531" type="partial gc" contextid="526" durationms="8.374" usertimems="12.000" systemtimems="0.000" timestamp="2019-06-16T00:37:48.753" activeThreads="4">
  <mem-info id="532" free="44040192" total="78643200" percent="56">
    <mem type="eden" free="927344" total="2097152" percent="44" />
    <remembered-set count="23392" freebytes="3045632" totalbytes="3139200" percent="97" regionsoverflowed="0" regionsstable="0" regionsrebuilding="0"/>
  </mem-info>
</gc-end>
<cycle-end id="533" type="partial gc" contextid="526" timestamp="2019-06-16T00:37:48.753" />
  <attribute name="elasticGC enabled" value="1" />
  <attribute name= "numThreadsSpecified" value="4" />
  <attribute name="heapSize specified" value="0" />
  <attribute name="Current GC Util" value="0" />
  <attribute name= "Current Time Running" value="7796" />
  <attribute name ="GC Interval" value="0" />
  <attribute name="ProportionalT" value="-30.000000" />
  <attribute name="ProportionalI" value="-30.000000" />
  <attribute name="ProportionalH" value="-30.000000" />
  <attribute name="Current Error" value="-20.000000" />
  <attribute name="IntegralT" value="0.000000" />
  <attribute name="IntegralI" value="0.000000" />
  <attribute name="IntegralH" value="0.000000" />
  <attribute name="DerivativeT" value="-inf" />
  <attribute name="DerivativeI" value="-inf" />
  <attribute name="DerivativeH" value="-inf" />
  <attribute name="Loop Time for DT" value="0.000000" />
  <attribute name="Output H" value="2091843584"/>
  <attribute name="Output I" value="200"/>
  <attribute name="Output T" value="4"/>
  <attribute name="Target GC Util Change" value ="20.000000" />
  <attribute name="Current GC Util Change" value="0.000000"/>
  <attribute name="GC Util currently" value="0" />
  <attribute name="CPU Util currently" value="8837915178065" />
<exclusive-end id="534" timestamp="2019-06-16T00:37:48.754" durationms="9.508" />

<exclusive-start id="535" timestamp="2019-06-16T00:37:48.805" intervalms="60.726">
  <response-info timems="0.020" idlems="0.020" threads="0" lastid="0000000001AE6700" lastname="main" />
</exclusive-start>
<allocation-taxation id="536" taxation-threshold="26214400" timestamp="2019-06-16T00:37:48.805" intervalms="60.711" />
<cycle-start id="537" type="partial gc" contextid="0" timestamp="2019-06-16T00:37:48.805" intervalms="60.753" />
<gc-start id="538" type="partial gc" contextid="537" timestamp="2019-06-16T00:37:48.805">
  <mem-info id="539" free="17825792" total="78643200" percent="22">
    <mem type="eden" free="0" total="26214400" percent="0" />
    <remembered-set count="23072" freebytes="3046912" totalbytes="3139200" percent="97" regionsoverflowed="0" regionsstable="0" regionsrebuilding="0"/>
  </mem-info>
</gc-start>
<allocation-stats totalBytes="26210632" >
  <allocated-bytes non-tlh="401832" tlh="25808800" arrayletleaf="0"/>
  <largest-consumer threadName="main" threadId="0000000001AE6700" bytes="26210632" />
</allocation-stats>
<gc-op id="540" type="copy forward" timems="6.419" contextid="537" timestamp="2019-06-16T00:37:48.813">
  <memory-copied type="eden" objects="10392" bytes="450856" bytesdiscarded="73904" />
  <memory-copied type="other" objects="380" bytes="12976" bytesdiscarded="528" />
  <memory-cardclean objects="126" bytes="13496" />
  <regions eden="25" other="2" />
  <remembered-set-cleared processed="20147" cleared="1393" durationms="0.175" />
  <references type="soft" candidates="3" cleared="0" enqueued="0" dynamicThreshold="17" maxThreshold="32" />
  <references type="weak" candidates="24" cleared="0" enqueued="0" />
  <stringconstants candidates="12627" cleared="0"  />
</gc-op>
<gc-op id="541" type="classunload" timems="0.004" contextid="537" timestamp="2019-06-16T00:37:48.813">
  <classunload-info classloadercandidates="51" classloadersunloaded="0" classesunloaded="0" anonymousclassesunloaded="0" quiescems="0.000" setupms="0.004" scanms="0.000" postms="0.000" />
</gc-op>
<heap-resize id="542" type="expand" space="default" amount="8388608" count="1" timems="0.098" reason="excessive time being spent in gc" timestamp="2019-06-16T00:37:48.813" />
<gc-end id="543" type="partial gc" contextid="537" durationms="8.165" usertimems="8.000" systemtimems="0.000" timestamp="2019-06-16T00:37:48.814" activeThreads="4">
  <mem-info id="544" free="52428800" total="87031808" percent="60">
    <mem type="eden" free="523768" total="1048576" percent="49" />
    <remembered-set count="23232" freebytes="3381120" totalbytes="3474048" percent="97" regionsoverflowed="0" regionsstable="0" regionsrebuilding="0"/>
  </mem-info>
</gc-end>
<cycle-end id="545" type="partial gc" contextid="537" timestamp="2019-06-16T00:37:48.814" />
  <attribute name="elasticGC enabled" value="1" />
  <attribute name= "numThreadsSpecified" value="4" />
  <attribute name="heapSize specified" value="0" />
  <attribute name="Current GC Util" value="107" />
  <attribute name= "Current Time Running" value="7857" />
  <attribute name ="GC Interval" value="0" />
  <attribute name="ProportionalT" value="130.500000" />
  <attribute name="ProportionalI" value="130.500000" />
  <attribute name="ProportionalH" value="130.500000" />
  <attribute name="Current Error" value="87.000000" />
  <attribute name="IntegralT" value="87.000000" />
  <attribute name="IntegralI" value="87.000000" />
  <attribute name="IntegralH" value="87.000000" />
  <attribute name="DerivativeT" value="43.500000" />
  <attribute name="DerivativeI" value="43.500000" />
  <attribute name="DerivativeH" value="43.500000" />
  <attribute name="Loop Time for DT" value="1.000000" />
  <attribute name="Output H" value="8388608"/>
  <attribute name="Output I" value="264"/>
  <attribute name="Output T" value="4"/>
  <attribute name="Target GC Util Change" value ="20.000000" />
  <attribute name="Current GC Util Change" value="107.000000"/>
  <attribute name="GC Util currently" value="107" />
  <attribute name="CPU Util currently" value="7573263844095" />
<exclusive-end id="546" timestamp="2019-06-16T00:37:48.814" durationms="9.299" />

<exclusive-start id="547" timestamp="2019-06-16T00:37:49.118" intervalms="312.985">
  <response-info timems="0.036" idlems="0.036" threads="0" lastid="0000000001AE6700" lastname="main" />
</exclusive-start>
<allocation-taxation id="548" taxation-threshold="28311552" timestamp="2019-06-16T00:37:49.118" intervalms="313.019" />
<cycle-start id="549" type="partial gc" contextid="0" timestamp="2019-06-16T00:37:49.118" intervalms="313.001" />
<gc-start id="550" type="partial gc" contextid="549" timestamp="2019-06-16T00:37:49.118">
  <mem-info id="551" free="24117248" total="87031808" percent="27">
    <mem type="eden" free="0" total="28311552" percent="0" />
    <arraylet-primitive objects="1" leaves="1" largest="1" />
    <remembered-set count="22784" freebytes="3382912" totalbytes="3474048" percent="97" regionsoverflowed="0" regionsstable="0" regionsrebuilding="0"/>
  </mem-info>
</gc-start>
<allocation-stats totalBytes="28299552" >
  <allocated-bytes non-tlh="2582464" tlh="24668512" arrayletleaf="1048576"/>
  <largest-consumer threadName="main" threadId="0000000001AE6700" bytes="28299552" />
</allocation-stats>
<gc-op id="552" type="copy forward" timems="7.143" contextid="549" timestamp="2019-06-16T00:37:49.127">
  <memory-copied type="eden" objects="18105" bytes="1491836" bytesdiscarded="65752" />
  <memory-copied type="other" objects="557" bytes="18984" bytesdiscarded="0" />
  <memory-cardclean objects="703" bytes="44664" />
  <regions eden="26" other="1" />
  <remembered-set-cleared processed="20223" cleared="1664" durationms="0.188" />
  <finalization candidates="3" enqueued="2" />
  <references type="soft" candidates="780" cleared="0" enqueued="0" dynamicThreshold="19" maxThreshold="32" />
  <references type="weak" candidates="158" cleared="0" enqueued="0" />
  <references type="phantom" candidates="2" cleared="0" enqueued="0" />
  <stringconstants candidates="13319" cleared="0"  />
</gc-op>
<gc-op id="553" type="classunload" timems="0.004" contextid="549" timestamp="2019-06-16T00:37:49.127">
  <classunload-info classloadercandidates="55" classloadersunloaded="0" classesunloaded="0" anonymousclassesunloaded="0" quiescems="0.000" setupms="0.003" scanms="0.000" postms="0.000" />
</gc-op>
<gc-end id="554" type="partial gc" contextid="549" durationms="8.879" usertimems="12.000" systemtimems="0.000" timestamp="2019-06-16T00:37:49.127" activeThreads="4">
  <mem-info id="555" free="49283072" total="87031808" percent="56">
    <mem type="eden" free="538944" total="3145728" percent="17" />
    <arraylet-primitive objects="1" leaves="1" largest="1" />
    <pending-finalizers system="0" default="2" reference="0" classloader="0" />
    <remembered-set count="24704" freebytes="3375232" totalbytes="3474048" percent="97" regionsoverflowed="0" regionsstable="0" regionsrebuilding="0"/>
  </mem-info>
</gc-end>
<cycle-end id="556" type="partial gc" contextid="549" timestamp="2019-06-16T00:37:49.128" />
  <attribute name="elasticGC enabled" value="1" />
  <attribute name= "numThreadsSpecified" value="4" />
  <attribute name="heapSize specified" value="0" />
  <attribute name="Current GC Util" value="95" />
  <attribute name= "Current Time Running" value="8170" />
  <attribute name ="GC Interval" value="0" />
  <attribute name="ProportionalT" value="112.500000" />
  <attribute name="ProportionalI" value="112.500000" />
  <attribute name="ProportionalH" value="112.500000" />
  <attribute name="Current Error" value="75.000000" />
  <attribute name="IntegralT" value="75.000000" />
  <attribute name="IntegralI" value="75.000000" />
  <attribute name="IntegralH" value="75.000000" />
  <attribute name="DerivativeT" value="37.500000" />
  <attribute name="DerivativeI" value="37.500000" />
  <attribute name="DerivativeH" value="37.500000" />
  <attribute name="Loop Time for DT" value="1.000000" />
  <attribute name="Output H" value="8388608"/>
  <attribute name="Output I" value="232"/>
  <attribute name="Output T" value="4"/>
  <attribute name="Target GC Util Change" value ="20.000000" />
  <attribute name="Current GC Util Change" value="95.000000"/>
  <attribute name="GC Util currently" value="95" />
  <attribute name="CPU Util currently" value="7367805044621" />
<exclusive-end id="557" timestamp="2019-06-16T00:37:49.128" durationms="10.106" />

<exclusive-start id="558" timestamp="2019-06-16T00:37:49.402" intervalms="283.999">
  <response-info timems="0.035" idlems="0.035" threads="0" lastid="0000000001AE6700" lastname="main" />
</exclusive-start>
<allocation-taxation id="559" taxation-threshold="28311552" timestamp="2019-06-16T00:37:49.402" intervalms="284.050" />
<cycle-start id="560" type="partial gc" contextid="0" timestamp="2019-06-16T00:37:49.402" intervalms="284.066" />
<gc-start id="561" type="partial gc" contextid="560" timestamp="2019-06-16T00:37:49.402">
  <mem-info id="562" free="20971520" total="87031808" percent="24">
    <mem type="eden" free="0" total="28311552" percent="0" />
    <arraylet-primitive objects="1" leaves="1" largest="1" />
    <remembered-set count="24352" freebytes="3376640" totalbytes="3474048" percent="97" regionsoverflowed="0" regionsstable="0" regionsrebuilding="0"/>
  </mem-info>
</gc-start>
<allocation-stats totalBytes="28278888" >
  <allocated-bytes non-tlh="0" tlh="28278888" arrayletleaf="0"/>
  <largest-consumer threadName="main" threadId="0000000001AE6700" bytes="28274792" />
</allocation-stats>
<gc-op id="563" type="copy forward" timems="9.259" contextid="560" timestamp="2019-06-16T00:37:49.413">
  <memory-copied type="eden" objects="56033" bytes="1406392" bytesdiscarded="31736" />
  <memory-copied type="other" objects="17830" bytes="1470972" bytesdiscarded="110544" />
  <memory-cardclean objects="225" bytes="27104" />
  <regions eden="27" other="2" />
  <remembered-set-cleared processed="21104" cleared="2267" durationms="0.191" />
  <finalization candidates="1" enqueued="0" />
  <references type="soft" candidates="778" cleared="0" enqueued="0" dynamicThreshold="18" maxThreshold="32" />
  <references type="weak" candidates="152" cleared="0" enqueued="0" />
  <references type="phantom" candidates="2" cleared="0" enqueued="0" />
  <stringconstants candidates="13319" cleared="0"  />
</gc-op>
<gc-op id="564" type="classunload" timems="0.005" contextid="560" timestamp="2019-06-16T00:37:49.413">
  <classunload-info classloadercandidates="55" classloadersunloaded="0" classesunloaded="0" anonymousclassesunloaded="0" quiescems="0.000" setupms="0.005" scanms="0.000" postms="0.000" />
</gc-op>
<gc-end id="565" type="partial gc" contextid="560" durationms="10.552" usertimems="12.000" systemtimems="4.000" timestamp="2019-06-16T00:37:49.413" activeThreads="4">
  <mem-info id="566" free="47185920" total="87031808" percent="54">
    <mem type="eden" free="659024" total="2097152" percent="31" />
    <arraylet-primitive objects="1" leaves="1" largest="1" />
    <remembered-set count="28736" freebytes="3359104" totalbytes="3474048" percent="96" regionsoverflowed="0" regionsstable="0" regionsrebuilding="0"/>
  </mem-info>
</gc-end>
<cycle-end id="567" type="partial gc" contextid="560" timestamp="2019-06-16T00:37:49.413" />
  <attribute name="elasticGC enabled" value="1" />
  <attribute name= "numThreadsSpecified" value="4" />
  <attribute name="heapSize specified" value="0" />
  <attribute name="Current GC Util" value="45" />
  <attribute name= "Current Time Running" value="8454" />
  <attribute name ="GC Interval" value="0" />
  <attribute name="ProportionalT" value="37.500000" />
  <attribute name="ProportionalI" value="37.500000" />
  <attribute name="ProportionalH" value="37.500000" />
  <attribute name="Current Error" value="25.000000" />
  <attribute name="IntegralT" value="25.000000" />
  <attribute name="IntegralI" value="25.000000" />
  <attribute name="IntegralH" value="25.000000" />
  <attribute name="DerivativeT" value="12.500000" />
  <attribute name="DerivativeI" value="12.500000" />
  <attribute name="DerivativeH" value="12.500000" />
  <attribute name="Loop Time for DT" value="1.000000" />
  <attribute name="Output H" value="8388608"/>
  <attribute name="Output I" value="200"/>
  <attribute name="Output T" value="4"/>
  <attribute name="Target GC Util Change" value ="20.000000" />
  <attribute name="Current GC Util Change" value="45.000000"/>
  <attribute name="GC Util currently" value="45" />
  <attribute name="CPU Util currently" value="17810482346488" />
<exclusive-end id="568" timestamp="2019-06-16T00:37:49.414" durationms="11.768" />

<exclusive-start id="569" timestamp="2019-06-16T00:37:49.514" intervalms="112.569">
  <response-info timems="0.042" idlems="0.042" threads="0" lastid="0000000001AE6700" lastname="main" />
</exclusive-start>
<allocation-taxation id="570" taxation-threshold="28311552" timestamp="2019-06-16T00:37:49.515" intervalms="112.531" />
<cycle-start id="571" type="partial gc" contextid="0" timestamp="2019-06-16T00:37:49.515" intervalms="112.496" />
<gc-start id="572" type="partial gc" contextid="571" timestamp="2019-06-16T00:37:49.515">
  <mem-info id="573" free="18874368" total="87031808" percent="21">
    <mem type="eden" free="0" total="28311552" percent="0" />
    <arraylet-primitive objects="1" leaves="1" largest="1" />
    <remembered-set count="28640" freebytes="3359488" totalbytes="3474048" percent="96" regionsoverflowed="0" regionsstable="0" regionsrebuilding="0"/>
  </mem-info>
</gc-start>
<allocation-stats totalBytes="28285736" >
  <allocated-bytes non-tlh="0" tlh="28285736" arrayletleaf="0"/>
  <largest-consumer threadName="main" threadId="0000000001AE6700" bytes="28285736" />
</allocation-stats>
<gc-op id="574" type="copy forward" timems="13.165" contextid="571" timestamp="2019-06-16T00:37:49.529">
  <memory-copied type="eden" objects="56858" bytes="1452184" bytesdiscarded="0" />
  <memory-copied type="other" objects="73234" bytes="2829428" bytesdiscarded="24" />
  <memory-cardclean objects="214" bytes="26672" />
  <regions eden="27" other="4" />
  <remembered-set-cleared processed="24449" cleared="5607" durationms="0.305" />
  <finalization candidates="1" enqueued="0" />
  <references type="soft" candidates="778" cleared="0" enqueued="0" dynamicThreshold="17" maxThreshold="32" />
  <references type="weak" candidates="152" cleared="0" enqueued="0" />
  <references type="phantom" candidates="2" cleared="0" enqueued="0" />
  <stringconstants candidates="13319" cleared="0"  />
</gc-op>
<gc-op id="575" type="classunload" timems="0.007" contextid="571" timestamp="2019-06-16T00:37:49.529">
  <classunload-info classloadercandidates="55" classloadersunloaded="0" classesunloaded="0" anonymousclassesunloaded="0" quiescems="0.000" setupms="0.007" scanms="0.000" postms="0.000" />
</gc-op>
<heap-resize id="576" type="contract" space="default" amount="5242880" count="1" timems="0.060" reason="insufficient time being spent in gc" timestamp="2019-06-16T00:37:49.530" />
<gc-end id="577" type="partial gc" contextid="571" durationms="14.636" usertimems="12.000" systemtimems="4.000" timestamp="2019-06-16T00:37:49.530" activeThreads="1">
  <mem-info id="578" free="39845888" total="81788928" percent="48">
    <mem type="eden" free="644968" total="2097152" percent="30" />
    <arraylet-primitive objects="1" leaves="1" largest="1" />
    <remembered-set count="32768" freebytes="3342976" totalbytes="3474048" percent="96" regionsoverflowed="0" regionsstable="0" regionsrebuilding="0"/>
  </mem-info>
</gc-end>
<cycle-end id="579" type="partial gc" contextid="571" timestamp="2019-06-16T00:37:49.530" />
  <attribute name="elasticGC enabled" value="1" />
  <attribute name= "numThreadsSpecified" value="1" />
  <attribute name="heapSize specified" value="0" />
  <attribute name="Current GC Util" value="45" />
  <attribute name= "Current Time Running" value="8566" />
  <attribute name ="GC Interval" value="0" />
  <attribute name="ProportionalT" value="37.500000" />
  <attribute name="ProportionalI" value="37.500000" />
  <attribute name="ProportionalH" value="37.500000" />
  <attribute name="Current Error" value="25.000000" />
  <attribute name="IntegralT" value="0.000000" />
  <attribute name="IntegralI" value="0.000000" />
  <attribute name="IntegralH" value="0.000000" />
  <attribute name="DerivativeT" value="inf" />
  <attribute name="DerivativeI" value="inf" />
  <attribute name="DerivativeH" value="inf" />
  <attribute name="Loop Time for DT" value="0.000000" />
  <attribute name="Output H" value="8388608"/>
  <attribute name="Output I" value="200"/>
  <attribute name="Output T" value="1"/>
  <attribute name="Target GC Util Change" value ="20.000000" />
  <attribute name="Current GC Util Change" value="45.000000"/>
  <attribute name="GC Util currently" value="45" />
  <attribute name="CPU Util currently" value="16631574027848" />
<exclusive-end id="580" timestamp="2019-06-16T00:37:49.530" durationms="15.879" />

<exclusive-start id="581" timestamp="2019-06-16T00:37:49.601" intervalms="86.625">
  <response-info timems="0.076" idlems="0.076" threads="0" lastid="0000000001AE6700" lastname="main" />
</exclusive-start>
<allocation-taxation id="582" taxation-threshold="27262976" timestamp="2019-06-16T00:37:49.601" intervalms="86.693" />
<cycle-start id="583" type="partial gc" contextid="0" timestamp="2019-06-16T00:37:49.601" intervalms="86.831" />
<gc-start id="584" type="partial gc" contextid="583" timestamp="2019-06-16T00:37:49.602">
  <mem-info id="585" free="12582912" total="81788928" percent="15">
    <mem type="eden" free="0" total="27262976" percent="0" />
    <arraylet-primitive objects="1" leaves="1" largest="1" />
    <remembered-set count="32352" freebytes="3344640" totalbytes="3474048" percent="96" regionsoverflowed="0" regionsstable="0" regionsrebuilding="0"/>
  </mem-info>
</gc-start>
<allocation-stats totalBytes="27235016" >
  <allocated-bytes non-tlh="131088" tlh="27103928" arrayletleaf="0"/>
  <largest-consumer threadName="main" threadId="0000000001AE6700" bytes="27235016" />
</allocation-stats>
<gc-op id="586" type="copy forward" timems="13.524" contextid="583" timestamp="2019-06-16T00:37:49.616">
  <memory-copied type="eden" objects="58086" bytes="1573048" bytesdiscarded="8" />
  <memory-copied type="other" objects="95830" bytes="2415936" bytesdiscarded="256" />
  <memory-cardclean objects="8006" bytes="157968" />
  <regions eden="26" other="3" />
  <remembered-set-cleared processed="27426" cleared="6140" durationms="0.282" />
  <stringconstants candidates="13319" cleared="0"  />
</gc-op>
<gc-op id="587" type="classunload" timems="0.008" contextid="583" timestamp="2019-06-16T00:37:49.617">
  <classunload-info classloadercandidates="55" classloadersunloaded="0" classesunloaded="0" anonymousclassesunloaded="0" quiescems="0.000" setupms="0.008" scanms="0.000" postms="0.000" />
</gc-op>
<gc-end id="588" type="partial gc" contextid="583" durationms="15.071" usertimems="16.000" systemtimems="0.000" timestamp="2019-06-16T00:37:49.617" activeThreads="1">
  <mem-info id="589" free="37748736" total="81788928" percent="46">
    <mem type="eden" free="524096" total="2097152" percent="24" />
    <arraylet-primitive objects="1" leaves="1" largest="1" />
    <remembered-set count="33888" freebytes="3129216" totalbytes="3264768" percent="95" regionsoverflowed="0" regionsstable="0" regionsrebuilding="0"/>
  </mem-info>
</gc-end>
<cycle-end id="590" type="partial gc" contextid="583" timestamp="2019-06-16T00:37:49.617" />
  <attribute name="elasticGC enabled" value="1" />
  <attribute name= "numThreadsSpecified" value="1" />
  <attribute name="heapSize specified" value="0" />
  <attribute name="Current GC Util" value="42" />
  <attribute name= "Current Time Running" value="8653" />
  <attribute name ="GC Interval" value="0" />
  <attribute name="ProportionalT" value="33.000000" />
  <attribute name="ProportionalI" value="33.000000" />
  <attribute name="ProportionalH" value="33.000000" />
  <attribute name="Current Error" value="22.000000" />
  <attribute name="IntegralT" value="0.000000" />
  <attribute name="IntegralI" value="0.000000" />
  <attribute name="IntegralH" value="0.000000" />
  <attribute name="DerivativeT" value="inf" />
  <attribute name="DerivativeI" value="inf" />
  <attribute name="DerivativeH" value="inf" />
  <attribute name="Loop Time for DT" value="0.000000" />
  <attribute name="Output H" value="8388608"/>
  <attribute name="Output I" value="200"/>
  <attribute name="Output T" value="1"/>
  <attribute name="Target GC Util Change" value ="20.000000" />
  <attribute name="Current GC Util Change" value="42.000000"/>
  <attribute name="GC Util currently" value="42" />
  <attribute name="CPU Util currently" value="9345347482734" />
<exclusive-end id="591" timestamp="2019-06-16T00:37:49.617" durationms="16.494" />

<exclusive-start id="592" timestamp="2019-06-16T00:37:49.649" intervalms="48.054">
  <response-info timems="0.114" idlems="0.114" threads="0" lastid="0000000001AE6700" lastname="main" />
</exclusive-start>
<allocation-taxation id="593" taxation-threshold="13631488" timestamp="2019-06-16T00:37:49.649" intervalms="47.991" />
<cycle-start id="594" type="global mark phase" contextid="0" timestamp="2019-06-16T00:37:49.649" intervalms="2344.977" />
<gc-start id="595" type="global mark phase" contextid="594" timestamp="2019-06-16T00:37:49.650">
  <mem-info id="596" free="24117248" total="81788928" percent="29">
    <remembered-set count="33856" freebytes="3129344" totalbytes="3264768" percent="95" regionsoverflowed="0" regionsstable="0" regionsrebuilding="0"/>
  </mem-info>
</gc-start>
<gc-op id="597" type="mark increment" timems="2.977" contextid="594" timestamp="2019-06-16T00:37:49.653">
  <trace-info objectcount="90970" scancount="69314" scanbytes="2303664" />
</gc-op>
<gc-end id="598" type="global mark phase" contextid="594" durationms="3.272" usertimems="8.000" systemtimems="0.000" timestamp="2019-06-16T00:37:49.653" activeThreads="4">
  <mem-info id="599" free="24117248" total="81788928" percent="29">
    <remembered-set count="33856" freebytes="3129344" totalbytes="3264768" percent="95" regionsoverflowed="0" regionsstable="0" regionsrebuilding="0"/>
  </mem-info>
</gc-end>
<concurrent-start id="600" type="GMP work packet processing" contextid="594" timestamp="2019-06-16T00:37:49.653">
  <concurrent-mark-start scanTarget="2233949" />
</concurrent-start>
<exclusive-end id="601" timestamp="2019-06-16T00:37:49.654" durationms="5.445" />

<concurrent-end id="602" type="GMP work packet processing" contextid="594" timestamp="2019-06-16T00:37:49.655">
  <concurrent-mark-end bytesScanned="2257436" reasonForTermination="Work target met" />
</concurrent-end>

<exclusive-start id="603" timestamp="2019-06-16T00:37:49.685" intervalms="35.756">
  <response-info timems="0.073" idlems="0.073" threads="0" lastid="0000000001AE6700" lastname="main" />
</exclusive-start>
<allocation-taxation id="604" taxation-threshold="13631488" timestamp="2019-06-16T00:37:49.685" intervalms="35.763" />
<cycle-start id="605" type="partial gc" contextid="0" timestamp="2019-06-16T00:37:49.685" intervalms="83.672" />
<gc-start id="606" type="partial gc" contextid="605" timestamp="2019-06-16T00:37:49.686">
  <mem-info id="607" free="10485760" total="81788928" percent="12">
    <mem type="eden" free="0" total="27262976" percent="0" />
    <arraylet-primitive objects="1" leaves="1" largest="1" />
    <remembered-set count="33856" freebytes="3129344" totalbytes="3264768" percent="95" regionsoverflowed="0" regionsstable="0" regionsrebuilding="0"/>
  </mem-info>
</gc-start>
<allocation-stats totalBytes="27238560" >
  <allocated-bytes non-tlh="0" tlh="27238560" arrayletleaf="0"/>
  <largest-consumer threadName="main" threadId="0000000001AE6700" bytes="13619672" />
</allocation-stats>
<gc-op id="608" type="copy forward" timems="12.354" contextid="605" timestamp="2019-06-16T00:37:49.699">
  <memory-copied type="eden" objects="55577" bytes="1360080" bytesdiscarded="0" />
  <memory-copied type="other" objects="62478" bytes="2615164" bytesdiscarded="232" />
  <memory-cardclean objects="6502" bytes="174728" />
  <regions eden="26" other="3" />
  <remembered-set-cleared processed="30089" cleared="4766" durationms="0.358" />
  <finalization candidates="1" enqueued="0" />
  <references type="soft" candidates="777" cleared="0" enqueued="0" dynamicThreshold="9" maxThreshold="32" />
  <references type="weak" candidates="152" cleared="0" enqueued="0" />
  <references type="phantom" candidates="2" cleared="0" enqueued="0" />
  <stringconstants candidates="13319" cleared="0"  />
</gc-op>
<gc-op id="609" type="classunload" timems="0.007" contextid="605" timestamp="2019-06-16T00:37:49.699">
  <classunload-info classloadercandidates="55" classloadersunloaded="0" classesunloaded="0" anonymousclassesunloaded="0" quiescems="0.000" setupms="0.007" scanms="0.000" postms="0.000" />
</gc-op>
<heap-resize id="610" type="expand" space="default" amount="14680064" count="1" timems="0.121" reason="excessive time being spent in gc" timestamp="2019-06-16T00:37:49.699" />
<gc-end id="611" type="partial gc" contextid="605" durationms="13.907" usertimems="12.000" systemtimems="0.000" timestamp="2019-06-16T00:37:49.699" activeThreads="1">
  <mem-info id="612" free="50331648" total="96468992" percent="52">
    <mem type="eden" free="737072" total="2097152" percent="35" />
    <arraylet-primitive objects="1" leaves="1" largest="1" />
    <remembered-set count="36864" freebytes="3703296" totalbytes="3850752" percent="96" regionsoverflowed="0" regionsstable="0" regionsrebuilding="0"/>
  </mem-info>
</gc-end>
<cycle-end id="613" type="partial gc" contextid="605" timestamp="2019-06-16T00:37:49.700" />
  <attribute name="elasticGC enabled" value="1" />
  <attribute name= "numThreadsSpecified" value="1" />
  <attribute name="heapSize specified" value="0" />
  <attribute name="Current GC Util" value="53" />
  <attribute name= "Current Time Running" value="8737" />
  <attribute name ="GC Interval" value="0" />
  <attribute name="ProportionalT" value="49.500000" />
  <attribute name="ProportionalI" value="49.500000" />
  <attribute name="ProportionalH" value="49.500000" />
  <attribute name="Current Error" value="33.000000" />
  <attribute name="IntegralT" value="0.000000" />
  <attribute name="IntegralI" value="0.000000" />
  <attribute name="IntegralH" value="0.000000" />
  <attribute name="DerivativeT" value="inf" />
  <attribute name="DerivativeI" value="inf" />
  <attribute name="DerivativeH" value="inf" />
  <attribute name="Loop Time for DT" value="0.000000" />
  <attribute name="Output H" value="8388608"/>
  <attribute name="Output I" value="200"/>
  <attribute name="Output T" value="1"/>
  <attribute name="Target GC Util Change" value ="20.000000" />
  <attribute name="Current GC Util Change" value="53.000000"/>
  <attribute name="GC Util currently" value="53" />
  <attribute name="CPU Util currently" value="16202844485177" />
<exclusive-end id="614" timestamp="2019-06-16T00:37:49.700" durationms="15.217" />

<exclusive-start id="615" timestamp="2019-06-16T00:37:49.725" intervalms="40.428">
  <response-info timems="0.080" idlems="0.080" threads="0" lastid="0000000001AE6700" lastname="main" />
</exclusive-start>
<allocation-taxation id="616" taxation-threshold="14680064" timestamp="2019-06-16T00:37:49.725" intervalms="40.431" />
<gc-start id="617" type="global mark phase" contextid="594" timestamp="2019-06-16T00:37:49.726">
  <mem-info id="618" free="35651584" total="96468992" percent="36">
    <remembered-set count="36864" freebytes="3703296" totalbytes="3850752" percent="96" regionsoverflowed="0" regionsstable="0" regionsrebuilding="0"/>
  </mem-info>
</gc-start>
<gc-end id="619" type="global mark phase" contextid="594" durationms="0.167" usertimems="0.000" systemtimems="0.000" timestamp="2019-06-16T00:37:49.726" activeThreads="1">
  <mem-info id="620" free="35651584" total="96468992" percent="36">
    <remembered-set count="36864" freebytes="3703296" totalbytes="3850752" percent="96" regionsoverflowed="0" regionsstable="0" regionsrebuilding="0"/>
  </mem-info>
</gc-end>
<concurrent-start id="621" type="GMP work packet processing" contextid="594" timestamp="2019-06-16T00:37:49.726">
  <concurrent-mark-start scanTarget="1396218" />
</concurrent-start>
<exclusive-end id="622" timestamp="2019-06-16T00:37:49.726" durationms="0.961" />

<concurrent-end id="623" type="GMP work packet processing" contextid="594" timestamp="2019-06-16T00:37:49.727">
  <concurrent-mark-end bytesScanned="1416760" reasonForTermination="Work target met" />
</concurrent-end>

<exclusive-start id="624" timestamp="2019-06-16T00:37:49.752" intervalms="26.686">
  <response-info timems="0.081" idlems="0.081" threads="0" lastid="0000000001AE6700" lastname="main" />
</exclusive-start>
<allocation-taxation id="625" taxation-threshold="14680064" timestamp="2019-06-16T00:37:49.752" intervalms="26.695" />
<cycle-start id="626" type="partial gc" contextid="0" timestamp="2019-06-16T00:37:49.752" intervalms="67.209" />
<gc-start id="627" type="partial gc" contextid="626" timestamp="2019-06-16T00:37:49.753">
  <mem-info id="628" free="20971520" total="96468992" percent="21">
    <mem type="eden" free="0" total="29360128" percent="0" />
    <arraylet-primitive objects="1" leaves="1" largest="1" />
    <remembered-set count="36864" freebytes="3703296" totalbytes="3850752" percent="96" regionsoverflowed="0" regionsstable="0" regionsrebuilding="0"/>
  </mem-info>
</gc-start>
<allocation-stats totalBytes="29319392" >
  <allocated-bytes non-tlh="0" tlh="29319392" arrayletleaf="0"/>
  <largest-consumer threadName="main" threadId="0000000001AE6700" bytes="14658040" />
</allocation-stats>
<gc-op id="629" type="copy forward" timems="18.676" contextid="626" timestamp="2019-06-16T00:37:49.772">
  <memory-copied type="eden" objects="59088" bytes="1436832" bytesdiscarded="16" />
  <memory-copied type="other" objects="140442" bytes="3449936" bytesdiscarded="720" />
  <memory-cardclean objects="14582" bytes="519584" />
  <regions eden="28" other="4" />
  <remembered-set-cleared processed="32610" cleared="7935" durationms="0.349" />
  <stringconstants candidates="13319" cleared="0"  />
</gc-op>
<gc-op id="630" type="classunload" timems="0.008" contextid="626" timestamp="2019-06-16T00:37:49.773">
  <classunload-info classloadercandidates="55" classloadersunloaded="0" classesunloaded="0" anonymousclassesunloaded="0" quiescems="0.000" setupms="0.007" scanms="0.000" postms="0.000" />
</gc-op>
<heap-resize id="631" type="expand" space="default" amount="16777216" count="1" timems="0.142" reason="excessive time being spent in gc" timestamp="2019-06-16T00:37:49.773" />
<gc-end id="632" type="partial gc" contextid="626" durationms="20.415" usertimems="20.000" systemtimems="0.000" timestamp="2019-06-16T00:37:49.773" activeThreads="1">
  <mem-info id="633" free="65011712" total="113246208" percent="57">
    <mem type="eden" free="660304" total="2097152" percent="31" />
    <arraylet-primitive objects="1" leaves="1" largest="1" />
    <remembered-set count="42464" freebytes="4350592" totalbytes="4520448" percent="96" regionsoverflowed="0" regionsstable="0" regionsrebuilding="0"/>
  </mem-info>
</gc-end>
<cycle-end id="634" type="partial gc" contextid="626" timestamp="2019-06-16T00:37:49.773" />
  <attribute name="elasticGC enabled" value="1" />
  <attribute name= "numThreadsSpecified" value="1" />
  <attribute name="heapSize specified" value="0" />
  <attribute name="Current GC Util" value="163" />
  <attribute name= "Current Time Running" value="8804" />
  <attribute name ="GC Interval" value="0" />
  <attribute name="ProportionalT" value="214.500000" />
  <attribute name="ProportionalI" value="214.500000" />
  <attribute name="ProportionalH" value="214.500000" />
  <attribute name="Current Error" value="143.000000" />
  <attribute name="IntegralT" value="0.000000" />
  <attribute name="IntegralI" value="0.000000" />
  <attribute name="IntegralH" value="0.000000" />
  <attribute name="DerivativeT" value="inf" />
  <attribute name="DerivativeI" value="inf" />
  <attribute name="DerivativeH" value="inf" />
  <attribute name="Loop Time for DT" value="0.000000" />
  <attribute name="Output H" value="8388608"/>
  <attribute name="Output I" value="200"/>
  <attribute name="Output T" value="1"/>
  <attribute name="Target GC Util Change" value ="20.000000" />
  <attribute name="Current GC Util Change" value="163.000000"/>
  <attribute name="GC Util currently" value="163" />
  <attribute name="CPU Util currently" value="13437626758971" />
<exclusive-end id="635" timestamp="2019-06-16T00:37:49.774" durationms="21.828" />

<exclusive-start id="636" timestamp="2019-06-16T00:37:49.804" intervalms="51.657">
  <response-info timems="0.081" idlems="0.081" threads="0" lastid="0000000001AE6700" lastname="main" />
</exclusive-start>
<allocation-taxation id="637" taxation-threshold="16777216" timestamp="2019-06-16T00:37:49.804" intervalms="51.665" />
<gc-start id="638" type="global mark phase" contextid="594" timestamp="2019-06-16T00:37:49.804">
  <mem-info id="639" free="48234496" total="113246208" percent="42">
    <remembered-set count="42144" freebytes="4351872" totalbytes="4520448" percent="96" regionsoverflowed="0" regionsstable="0" regionsrebuilding="0"/>
  </mem-info>
</gc-start>
<gc-end id="640" type="global mark phase" contextid="594" durationms="0.199" usertimems="0.000" systemtimems="0.000" timestamp="2019-06-16T00:37:49.804" activeThreads="1">
  <mem-info id="641" free="48234496" total="113246208" percent="42">
    <remembered-set count="42144" freebytes="4351872" totalbytes="4520448" percent="96" regionsoverflowed="0" regionsstable="0" regionsrebuilding="0"/>
  </mem-info>
</gc-end>
<concurrent-start id="642" type="GMP work packet processing" contextid="594" timestamp="2019-06-16T00:37:49.804">
  <concurrent-mark-start scanTarget="1048576" />
</concurrent-start>
<exclusive-end id="643" timestamp="2019-06-16T00:37:49.805" durationms="1.080" />

<concurrent-end id="644" type="GMP work packet processing" contextid="594" timestamp="2019-06-16T00:37:49.806">
  <concurrent-mark-end bytesScanned="1099452" reasonForTermination="Work target met" />
</concurrent-end>

<exclusive-start id="645" timestamp="2019-06-16T00:37:49.834" intervalms="30.946">
  <response-info timems="0.053" idlems="0.053" threads="0" lastid="0000000001AE6700" lastname="main" />
</exclusive-start>
<allocation-taxation id="646" taxation-threshold="16777216" timestamp="2019-06-16T00:37:49.835" intervalms="30.892" />
<cycle-start id="647" type="partial gc" contextid="0" timestamp="2019-06-16T00:37:49.835" intervalms="82.558" />
<gc-start id="648" type="partial gc" contextid="647" timestamp="2019-06-16T00:37:49.835">
  <mem-info id="649" free="31457280" total="113246208" percent="27">
    <mem type="eden" free="0" total="33554432" percent="0" />
    <arraylet-primitive objects="1" leaves="1" largest="1" />
    <remembered-set count="42144" freebytes="4351872" totalbytes="4520448" percent="96" regionsoverflowed="0" regionsstable="0" regionsrebuilding="0"/>
  </mem-info>
</gc-start>
<allocation-stats totalBytes="33516192" >
  <allocated-bytes non-tlh="262160" tlh="33254032" arrayletleaf="0"/>
  <largest-consumer threadName="main" threadId="0000000001AE6700" bytes="16756232" />
</allocation-stats>
<gc-op id="650" type="copy forward" timems="10.548" contextid="647" timestamp="2019-06-16T00:37:49.847">
  <memory-copied type="eden" objects="70782" bytes="2047624" bytesdiscarded="37176" />
  <memory-copied type="other" objects="148615" bytes="3693768" bytesdiscarded="157160" />
  <memory-cardclean objects="19402" bytes="440976" />
  <regions eden="32" other="5" />
  <remembered-set-cleared processed="35998" cleared="9423" durationms="0.190" />
  <stringconstants candidates="13319" cleared="0"  />
</gc-op>
<gc-op id="651" type="classunload" timems="0.009" contextid="647" timestamp="2019-06-16T00:37:49.847">
  <classunload-info classloadercandidates="55" classloadersunloaded="0" classesunloaded="0" anonymousclassesunloaded="0" quiescems="0.000" setupms="0.009" scanms="0.000" postms="0.000" />
</gc-op>
<heap-resize id="652" type="expand" space="default" amount="12582912" count="1" timems="0.116" reason="excessive time being spent in gc" timestamp="2019-06-16T00:37:49.847" />
<gc-end id="653" type="partial gc" contextid="647" durationms="12.270" usertimems="24.000" systemtimems="0.000" timestamp="2019-06-16T00:37:49.847" activeThreads="4">
  <mem-info id="654" free="75497472" total="125829120" percent="60">
    <mem type="eden" free="12352" total="2097152" percent="0" />
    <arraylet-primitive objects="1" leaves="1" largest="1" />
    <remembered-set count="46976" freebytes="4834816" totalbytes="5022720" percent="96" regionsoverflowed="0" regionsstable="0" regionsrebuilding="0"/>
  </mem-info>
</gc-end>
<cycle-end id="655" type="partial gc" contextid="647" timestamp="2019-06-16T00:37:49.848" />
  <attribute name="elasticGC enabled" value="1" />
  <attribute name= "numThreadsSpecified" value="4" />
  <attribute name="heapSize specified" value="0" />
  <attribute name="Current GC Util" value="171" />
  <attribute name= "Current Time Running" value="8887" />
  <attribute name ="GC Interval" value="0" />
  <attribute name="ProportionalT" value="226.500000" />
  <attribute name="ProportionalI" value="226.500000" />
  <attribute name="ProportionalH" value="226.500000" />
  <attribute name="Current Error" value="151.000000" />
  <attribute name="IntegralT" value="151.000000" />
  <attribute name="IntegralI" value="151.000000" />
  <attribute name="IntegralH" value="151.000000" />
  <attribute name="DerivativeT" value="75.500000" />
  <attribute name="DerivativeI" value="75.500000" />
  <attribute name="DerivativeH" value="75.500000" />
  <attribute name="Loop Time for DT" value="1.000000" />
  <attribute name="Output H" value="8388608"/>
  <attribute name="Output I" value="456"/>
  <attribute name="Output T" value="4"/>
  <attribute name="Target GC Util Change" value ="20.000000" />
  <attribute name="Current GC Util Change" value="171.000000"/>
  <attribute name="GC Util currently" value="171" />
  <attribute name="CPU Util currently" value="13208171758258" />
<exclusive-end id="656" timestamp="2019-06-16T00:37:49.848" durationms="13.463" />

<exclusive-start id="657" timestamp="2019-06-16T00:37:49.881" intervalms="46.863">
  <response-info timems="0.073" idlems="0.073" threads="0" lastid="0000000001AE6700" lastname="main" />
</exclusive-start>
<allocation-taxation id="658" taxation-threshold="18874368" timestamp="2019-06-16T00:37:49.882" intervalms="46.910" />
<gc-start id="659" type="global mark phase" contextid="594" timestamp="2019-06-16T00:37:49.882">
  <mem-info id="660" free="56623104" total="125829120" percent="45">
    <remembered-set count="46976" freebytes="4834816" totalbytes="5022720" percent="96" regionsoverflowed="0" regionsstable="0" regionsrebuilding="0"/>
  </mem-info>
</gc-start>
<gc-end id="661" type="global mark phase" contextid="594" durationms="0.147" usertimems="0.000" systemtimems="0.000" timestamp="2019-06-16T00:37:49.882" activeThreads="4">
  <mem-info id="662" free="56623104" total="125829120" percent="45">
    <remembered-set count="46976" freebytes="4834816" totalbytes="5022720" percent="96" regionsoverflowed="0" regionsstable="0" regionsrebuilding="0"/>
  </mem-info>
</gc-end>
<concurrent-start id="663" type="GMP work packet processing" contextid="594" timestamp="2019-06-16T00:37:49.882">
  <concurrent-mark-start scanTarget="3350924" />
</concurrent-start>
<exclusive-end id="664" timestamp="2019-06-16T00:37:49.883" durationms="1.159" />

<concurrent-end id="665" type="GMP work packet processing" contextid="594" timestamp="2019-06-16T00:37:49.883">
  <concurrent-mark-end bytesScanned="309728" reasonForTermination="Completed all work in GC phase" />
</concurrent-end>

<exclusive-start id="666" timestamp="2019-06-16T00:37:49.954" intervalms="73.040">
  <response-info timems="0.061" idlems="0.061" threads="0" lastid="0000000001AE6700" lastname="main" />
</exclusive-start>
<allocation-taxation id="667" taxation-threshold="18874368" timestamp="2019-06-16T00:37:49.955" intervalms="73.038" />
<cycle-start id="668" type="partial gc" contextid="0" timestamp="2019-06-16T00:37:49.955" intervalms="119.825" />
<gc-start id="669" type="partial gc" contextid="668" timestamp="2019-06-16T00:37:49.955">
  <mem-info id="670" free="37748736" total="125829120" percent="30">
    <mem type="eden" free="0" total="37748736" percent="0" />
    <arraylet-primitive objects="2" leaves="2" largest="1" />
    <remembered-set count="46976" freebytes="4834816" totalbytes="5022720" percent="96" regionsoverflowed="0" regionsstable="0" regionsrebuilding="0"/>
  </mem-info>
</gc-start>
<allocation-stats totalBytes="37725376" >
  <allocated-bytes non-tlh="826504" tlh="35850296" arrayletleaf="1048576"/>
  <largest-consumer threadName="main" threadId="0000000001AE6700" bytes="18870896" />
</allocation-stats>
<gc-op id="671" type="copy forward" timems="23.484" contextid="668" timestamp="2019-06-16T00:37:49.980">
  <memory-copied type="eden" objects="79926" bytes="2134876" bytesdiscarded="24" />
  <memory-copied type="other" objects="172035" bytes="4525448" bytesdiscarded="448" />
  <memory-cardclean objects="11296" bytes="367152" />
  <regions eden="35" other="5" />
  <remembered-set-cleared processed="40557" cleared="11065" durationms="0.426" />
  <finalization candidates="1" enqueued="1" />
  <references type="weak" candidates="6" cleared="0" enqueued="0" />
  <stringconstants candidates="13319" cleared="0"  />
</gc-op>
<gc-op id="672" type="classunload" timems="0.010" contextid="668" timestamp="2019-06-16T00:37:49.980">
  <classunload-info classloadercandidates="55" classloadersunloaded="0" classesunloaded="0" anonymousclassesunloaded="0" quiescems="0.000" setupms="0.010" scanms="0.000" postms="0.000" />
</gc-op>
<gc-end id="673" type="partial gc" contextid="668" durationms="25.070" usertimems="24.000" systemtimems="0.000" timestamp="2019-06-16T00:37:49.980" activeThreads="1">
  <mem-info id="674" free="71303168" total="125829120" percent="56">
    <mem type="eden" free="1010800" total="4194304" percent="24" />
    <arraylet-primitive objects="2" leaves="2" largest="1" />
    <pending-finalizers system="0" default="1" reference="0" classloader="0" />
    <remembered-set count="52448" freebytes="4812928" totalbytes="5022720" percent="95" regionsoverflowed="0" regionsstable="0" regionsrebuilding="0"/>
  </mem-info>
</gc-end>
<cycle-end id="675" type="partial gc" contextid="668" timestamp="2019-06-16T00:37:49.980" />
  <attribute name="elasticGC enabled" value="1" />
  <attribute name= "numThreadsSpecified" value="1" />
  <attribute name="heapSize specified" value="0" />
  <attribute name="Current GC Util" value="78" />
  <attribute name= "Current Time Running" value="9006" />
  <attribute name ="GC Interval" value="0" />
  <attribute name="ProportionalT" value="87.000000" />
  <attribute name="ProportionalI" value="87.000000" />
  <attribute name="ProportionalH" value="87.000000" />
  <attribute name="Current Error" value="58.000000" />
  <attribute name="IntegralT" value="0.000000" />
  <attribute name="IntegralI" value="0.000000" />
  <attribute name="IntegralH" value="0.000000" />
  <attribute name="DerivativeT" value="inf" />
  <attribute name="DerivativeI" value="inf" />
  <attribute name="DerivativeH" value="inf" />
  <attribute name="Loop Time for DT" value="0.000000" />
  <attribute name="Output H" value="8388608"/>
  <attribute name="Output I" value="200"/>
  <attribute name="Output T" value="1"/>
  <attribute name="Target GC Util Change" value ="20.000000" />
  <attribute name="Current GC Util Change" value="78.000000"/>
  <attribute name="GC Util currently" value="78" />
  <attribute name="CPU Util currently" value="17994716722585" />
<exclusive-end id="676" timestamp="2019-06-16T00:37:49.981" durationms="26.443" />

<exclusive-start id="677" timestamp="2019-06-16T00:37:50.073" intervalms="118.822">
  <response-info timems="0.028" idlems="0.028" threads="0" lastid="0000000001AE6700" lastname="main" />
</exclusive-start>
<allocation-taxation id="678" taxation-threshold="18874368" timestamp="2019-06-16T00:37:50.073" intervalms="118.785" />
<gc-start id="679" type="global mark phase" contextid="594" timestamp="2019-06-16T00:37:50.074">
  <mem-info id="680" free="52428800" total="125829120" percent="41">
    <remembered-set count="51968" freebytes="4814848" totalbytes="5022720" percent="95" regionsoverflowed="0" regionsstable="0" regionsrebuilding="0"/>
  </mem-info>
</gc-start>
<gc-op id="681" type="mark increment" timems="8.530" contextid="594" timestamp="2019-06-16T00:37:50.082">
  <trace-info objectcount="287913" scancount="254424" scanbytes="6451028" />
  <cardclean-info objects="52235" bytes="1198140" />
  <finalization candidates="81" enqueued="0" />
  <ownableSynchronizers candidates="21" cleared="0" />
  <references type="soft" candidates="4855" cleared="0" enqueued="0" dynamicThreshold="18" maxThreshold="32" />
  <references type="weak" candidates="5654" cleared="28" enqueued="27" />
  <references type="phantom" candidates="105" cleared="3" enqueued="3" />
  <stringconstants candidates="13778" cleared="17"  />
</gc-op>
<gc-op id="682" type="classunload" timems="0.008" contextid="594" timestamp="2019-06-16T00:37:50.082">
  <classunload-info classloadercandidates="55" classloadersunloaded="0" classesunloaded="0" anonymousclassesunloaded="0" quiescems="0.000" setupms="0.008" scanms="0.000" postms="0.000" />
</gc-op>
<gc-end id="683" type="global mark phase" contextid="594" durationms="9.200" usertimems="20.000" systemtimems="0.000" timestamp="2019-06-16T00:37:50.083" activeThreads="4">
  <mem-info id="684" free="52428800" total="125829120" percent="41">
    <pending-finalizers system="0" default="0" reference="30" classloader="0" />
    <remembered-set count="51968" freebytes="4814848" totalbytes="5022720" percent="95" regionsoverflowed="0" regionsstable="0" regionsrebuilding="0"/>
  </mem-info>
</gc-end>
<cycle-end id="685" type="global mark phase" contextid="594" timestamp="2019-06-16T00:37:50.083" />
  <attribute name="elasticGC enabled" value="1" />
  <attribute name= "numThreadsSpecified" value="4" />
  <attribute name="heapSize specified" value="0" />
  <attribute name="Current GC Util" value="190" />
  <attribute name= "Current Time Running" value="9131" />
  <attribute name ="GC Interval" value="0" />
  <attribute name="ProportionalT" value="255.000000" />
  <attribute name="ProportionalI" value="255.000000" />
  <attribute name="ProportionalH" value="255.000000" />
  <attribute name="Current Error" value="170.000000" />
  <attribute name="IntegralT" value="680.000000" />
  <attribute name="IntegralI" value="680.000000" />
  <attribute name="IntegralH" value="680.000000" />
  <attribute name="DerivativeT" value="21.250000" />
  <attribute name="DerivativeI" value="21.250000" />
  <attribute name="DerivativeH" value="21.250000" />
  <attribute name="Loop Time for DT" value="4.000000" />
  <attribute name="Output H" value="8388608"/>
  <attribute name="Output I" value="960"/>
  <attribute name="Output T" value="4"/>
  <attribute name="Target GC Util Change" value ="20.000000" />
  <attribute name="Current GC Util Change" value="190.000000"/>
  <attribute name="GC Util currently" value="190" />
  <attribute name="CPU Util currently" value="1018076278981" />
<exclusive-end id="686" timestamp="2019-06-16T00:37:50.083" durationms="9.913" />

<exclusive-start id="687" timestamp="2019-06-16T00:37:50.209" intervalms="136.249">
  <response-info timems="0.062" idlems="0.062" threads="0" lastid="0000000001AE6700" lastname="main" />
</exclusive-start>
<allocation-taxation id="688" taxation-threshold="18874368" timestamp="2019-06-16T00:37:50.210" intervalms="136.274" />
<cycle-start id="689" type="partial gc" contextid="0" timestamp="2019-06-16T00:37:50.210" intervalms="255.140" />
<gc-start id="690" type="partial gc" contextid="689" timestamp="2019-06-16T00:37:50.210">
  <mem-info id="691" free="33554432" total="125829120" percent="26">
    <mem type="eden" free="0" total="37748736" percent="0" />
    <arraylet-primitive objects="1" leaves="1" largest="1" />
    <arraylet-unknown objects="1" leaves="1" />
    <remembered-set count="51968" freebytes="4814848" totalbytes="5022720" percent="95" regionsoverflowed="0" regionsstable="0" regionsrebuilding="0"/>
  </mem-info>
</gc-start>
<allocation-stats totalBytes="37745928" >
  <allocated-bytes non-tlh="149376" tlh="37596552" arrayletleaf="0"/>
  <largest-consumer threadName="main" threadId="0000000001AE6700" bytes="18869496" />
</allocation-stats>
<gc-op id="692" type="sweep" timems="0.875" contextid="689" timestamp="2019-06-16T00:37:50.212" />
<gc-op id="693" type="copy forward" timems="7.629" contextid="689" timestamp="2019-06-16T00:37:50.220">
  <memory-copied type="eden" objects="1" bytes="24" bytesdiscarded="1" />
  <memory-copied type="other" objects="167592" bytes="4751448" bytesdiscarded="522303" />
  <memory-cardclean objects="16005" bytes="493952" />
  <regions eden="18" other="25" />
  <remembered-set-cleared processed="44336" cleared="12002" durationms="0.247" />
  <finalization candidates="4" enqueued="0" />
  <references type="soft" candidates="2248" cleared="0" enqueued="0" dynamicThreshold="13" maxThreshold="32" />
  <references type="weak" candidates="209" cleared="0" enqueued="0" />
  <references type="phantom" candidates="3" cleared="0" enqueued="0" />
  <stringconstants candidates="13761" cleared="0"  />
</gc-op>
<gc-op id="694" type="classunload" timems="0.008" contextid="689" timestamp="2019-06-16T00:37:50.220">
  <classunload-info classloadercandidates="55" classloadersunloaded="0" classesunloaded="0" anonymousclassesunloaded="0" quiescems="0.000" setupms="0.008" scanms="0.000" postms="0.000" />
</gc-op>
<gc-end id="695" type="partial gc" contextid="689" durationms="10.037" usertimems="20.000" systemtimems="4.000" timestamp="2019-06-16T00:37:50.220" activeThreads="4">
  <mem-info id="696" free="71303168" total="125829120" percent="56">
    <mem type="eden" free="575264" total="2097152" percent="27" />
    <arraylet-primitive objects="1" leaves="1" largest="1" />
    <remembered-set count="50304" freebytes="4821504" totalbytes="5022720" percent="95" regionsoverflowed="0" regionsstable="0" regionsrebuilding="0"/>
  </mem-info>
</gc-end>
<cycle-end id="697" type="partial gc" contextid="689" timestamp="2019-06-16T00:37:50.221" />
  <attribute name="elasticGC enabled" value="1" />
  <attribute name= "numThreadsSpecified" value="4" />
  <attribute name="heapSize specified" value="0" />
  <attribute name="Current GC Util" value="76" />
  <attribute name= "Current Time Running" value="9263" />
  <attribute name ="GC Interval" value="0" />
  <attribute name="ProportionalT" value="84.000000" />
  <attribute name="ProportionalI" value="84.000000" />
  <attribute name="ProportionalH" value="84.000000" />
  <attribute name="Current Error" value="56.000000" />
  <attribute name="IntegralT" value="56.000000" />
  <attribute name="IntegralI" value="56.000000" />
  <attribute name="IntegralH" value="56.000000" />
  <attribute name="DerivativeT" value="-1.000000" />
  <attribute name="DerivativeI" value="-1.000000" />
  <attribute name="DerivativeH" value="-1.000000" />
  <attribute name="Loop Time for DT" value="1.000000" />
  <attribute name="Output H" value="8388608"/>
  <attribute name="Output I" value="200"/>
  <attribute name="Output T" value="4"/>
  <attribute name="Target GC Util Change" value ="20.000000" />
  <attribute name="Current GC Util Change" value="76.000000"/>
  <attribute name="GC Util currently" value="76" />
  <attribute name="CPU Util currently" value="26014452205729" />
<exclusive-end id="698" timestamp="2019-06-16T00:37:50.221" durationms="11.327" />

<exclusive-start id="699" timestamp="2019-06-16T00:37:51.623" intervalms="1413.747">
  <response-info timems="0.062" idlems="0.062" threads="0" lastid="0000000001AE6700" lastname="main" />
</exclusive-start>
<allocation-taxation id="700" taxation-threshold="37748736" timestamp="2019-06-16T00:37:51.623" intervalms="1413.832" />
<cycle-start id="701" type="partial gc" contextid="0" timestamp="2019-06-16T00:37:51.624" intervalms="1414.433" />
<gc-start id="702" type="partial gc" contextid="701" timestamp="2019-06-16T00:37:51.625">
  <mem-info id="703" free="33554432" total="125829120" percent="26">
    <mem type="eden" free="0" total="37748736" percent="0" />
    <arraylet-primitive objects="1" leaves="1" largest="1" />
    <remembered-set count="50272" freebytes="4821632" totalbytes="5022720" percent="95" regionsoverflowed="0" regionsstable="0" regionsrebuilding="0"/>
  </mem-info>
</gc-start>
<allocation-stats totalBytes="37743944" >
  <allocated-bytes non-tlh="64" tlh="37743880" arrayletleaf="0"/>
  <largest-consumer threadName="main" threadId="0000000001AE6700" bytes="37743944" />
</allocation-stats>
<gc-op id="704" type="copy forward" timems="6.298" contextid="701" timestamp="2019-06-16T00:37:51.632">
  <memory-copied type="eden" objects="86" bytes="2264" bytesdiscarded="0" />
  <memory-copied type="other" objects="58075" bytes="1569504" bytesdiscarded="424" />
  <memory-cardclean objects="5802" bytes="200056" />
  <regions eden="36" other="9" />
  <remembered-set-cleared processed="45804" cleared="5434" durationms="0.470" />
  <references type="soft" candidates="2208" cleared="0" enqueued="0" dynamicThreshold="18" maxThreshold="32" />
  <references type="weak" candidates="192" cleared="0" enqueued="0" />
  <stringconstants candidates="13762" cleared="0"  />
</gc-op>
<gc-op id="705" type="classunload" timems="0.007" contextid="701" timestamp="2019-06-16T00:37:51.632">
  <classunload-info classloadercandidates="55" classloadersunloaded="0" classesunloaded="0" anonymousclassesunloaded="0" quiescems="0.000" setupms="0.007" scanms="0.000" postms="0.000" />
</gc-op>
<heap-resize id="706" type="contract" space="default" amount="6291456" count="1" timems="0.064" reason="insufficient time being spent in gc" timestamp="2019-06-16T00:37:51.633" />
<gc-end id="707" type="partial gc" contextid="701" durationms="7.914" usertimems="16.000" systemtimems="0.000" timestamp="2019-06-16T00:37:51.633" activeThreads="1">
  <mem-info id="708" free="68157440" total="119537664" percent="57">
    <mem type="eden" free="1046312" total="1048576" percent="99" />
    <arraylet-primitive objects="1" leaves="1" largest="1" />
    <remembered-set count="49792" freebytes="4823552" totalbytes="5022720" percent="96" regionsoverflowed="0" regionsstable="0" regionsrebuilding="0"/>
  </mem-info>
</gc-end>
<cycle-end id="709" type="partial gc" contextid="701" timestamp="2019-06-16T00:37:51.633" />
  <attribute name="elasticGC enabled" value="1" />
  <attribute name= "numThreadsSpecified" value="1" />
  <attribute name="heapSize specified" value="0" />
  <attribute name="Current GC Util" value="55" />
  <attribute name= "Current Time Running" value="10676" />
  <attribute name ="GC Interval" value="0" />
  <attribute name="ProportionalT" value="52.500000" />
  <attribute name="ProportionalI" value="52.500000" />
  <attribute name="ProportionalH" value="52.500000" />
  <attribute name="Current Error" value="35.000000" />
  <attribute name="IntegralT" value="0.000000" />
  <attribute name="IntegralI" value="0.000000" />
  <attribute name="IntegralH" value="0.000000" />
  <attribute name="DerivativeT" value="inf" />
  <attribute name="DerivativeI" value="inf" />
  <attribute name="DerivativeH" value="inf" />
  <attribute name="Loop Time for DT" value="0.000000" />
  <attribute name="Output H" value="8388608"/>
  <attribute name="Output I" value="200"/>
  <attribute name="Output T" value="1"/>
  <attribute name="Target GC Util Change" value ="20.000000" />
  <attribute name="Current GC Util Change" value="55.000000"/>
  <attribute name="GC Util currently" value="55" />
  <attribute name="CPU Util currently" value="18786937870017" />
<exclusive-end id="710" timestamp="2019-06-16T00:37:51.633" durationms="9.972" />

<exclusive-start id="711" timestamp="2019-06-16T00:37:51.780" intervalms="157.056">
  <response-info timems="0.059" idlems="0.059" threads="0" lastid="0000000001AE6700" lastname="main" />
</exclusive-start>
<allocation-taxation id="712" taxation-threshold="36700160" timestamp="2019-06-16T00:37:51.781" intervalms="157.058" />
<cycle-start id="713" type="partial gc" contextid="0" timestamp="2019-06-16T00:37:51.781" intervalms="156.459" />
<gc-start id="714" type="partial gc" contextid="713" timestamp="2019-06-16T00:37:51.781">
  <mem-info id="715" free="31457280" total="119537664" percent="26">
    <mem type="eden" free="0" total="36700160" percent="0" />
    <arraylet-primitive objects="1" leaves="1" largest="1" />
    <remembered-set count="49568" freebytes="4824448" totalbytes="5022720" percent="96" regionsoverflowed="0" regionsstable="0" regionsrebuilding="0"/>
  </mem-info>
</gc-start>
<allocation-stats totalBytes="36566352" >
  <allocated-bytes non-tlh="0" tlh="36566352" arrayletleaf="0"/>
  <largest-consumer threadName="main" threadId="0000000001AE6700" bytes="36566352" />
</allocation-stats>
<gc-op id="716" type="copy forward" timems="2.666" contextid="713" timestamp="2019-06-16T00:37:51.785">
  <memory-copied type="eden" objects="27" bytes="1912" bytesdiscarded="384" />
  <memory-copied type="other" objects="5445" bytes="178912" bytesdiscarded="6656" />
  <memory-cardclean objects="27178" bytes="1131224" />
  <regions eden="35" other="6" />
  <remembered-set-cleared processed="43477" cleared="7705" durationms="0.220" />
  <references type="soft" candidates="40" cleared="0" enqueued="0" dynamicThreshold="18" maxThreshold="32" />
  <references type="weak" candidates="464" cleared="0" enqueued="0" />
  <stringconstants candidates="13762" cleared="0"  />
</gc-op>
<gc-op id="717" type="classunload" timems="0.004" contextid="713" timestamp="2019-06-16T00:37:51.785">
  <classunload-info classloadercandidates="55" classloadersunloaded="0" classesunloaded="0" anonymousclassesunloaded="0" quiescems="0.000" setupms="0.004" scanms="0.000" postms="0.000" />
</gc-op>
<heap-resize id="718" type="contract" space="default" amount="6291456" count="1" timems="0.054" reason="insufficient time being spent in gc" timestamp="2019-06-16T00:37:51.786" />
<gc-end id="719" type="partial gc" contextid="713" durationms="4.460" usertimems="8.000" systemtimems="0.000" timestamp="2019-06-16T00:37:51.786" activeThreads="4">
  <mem-info id="720" free="62914560" total="113246208" percent="55">
    <mem type="eden" free="1046280" total="1048576" percent="99" />
    <arraylet-primitive objects="1" leaves="1" largest="1" />
    <remembered-set count="49408" freebytes="4573952" totalbytes="4771584" percent="95" regionsoverflowed="0" regionsstable="0" regionsrebuilding="0"/>
  </mem-info>
</gc-end>
<cycle-end id="721" type="partial gc" contextid="713" timestamp="2019-06-16T00:37:51.786" />
  <attribute name="elasticGC enabled" value="1" />
  <attribute name= "numThreadsSpecified" value="4" />
  <attribute name="heapSize specified" value="0" />
  <attribute name="Current GC Util" value="36" />
  <attribute name= "Current Time Running" value="10833" />
  <attribute name ="GC Interval" value="0" />
  <attribute name="ProportionalT" value="24.000000" />
  <attribute name="ProportionalI" value="24.000000" />
  <attribute name="ProportionalH" value="24.000000" />
  <attribute name="Current Error" value="16.000000" />
  <attribute name="IntegralT" value="16.000000" />
  <attribute name="IntegralI" value="16.000000" />
  <attribute name="IntegralH" value="16.000000" />
  <attribute name="DerivativeT" value="8.000000" />
  <attribute name="DerivativeI" value="8.000000" />
  <attribute name="DerivativeH" value="8.000000" />
  <attribute name="Loop Time for DT" value="1.000000" />
  <attribute name="Output H" value="8388608"/>
  <attribute name="Output I" value="200"/>
  <attribute name="Output T" value="4"/>
  <attribute name="Target GC Util Change" value ="20.000000" />
  <attribute name="Current GC Util Change" value="36.000000"/>
  <attribute name="GC Util currently" value="36" />
  <attribute name="CPU Util currently" value="8273967342456" />
<exclusive-end id="722" timestamp="2019-06-16T00:37:51.786" durationms="5.956" />

<exclusive-start id="723" timestamp="2019-06-16T00:37:51.811" intervalms="31.067">
  <response-info timems="0.059" idlems="0.059" threads="0" lastid="0000000001AE6700" lastname="main" />
</exclusive-start>
<allocation-taxation id="724" taxation-threshold="34603008" timestamp="2019-06-16T00:37:51.812" intervalms="31.102" />
<cycle-start id="725" type="partial gc" contextid="0" timestamp="2019-06-16T00:37:51.812" intervalms="31.114" />
<gc-start id="726" type="partial gc" contextid="725" timestamp="2019-06-16T00:37:51.812">
  <mem-info id="727" free="28311552" total="113246208" percent="25">
    <mem type="eden" free="0" total="34603008" percent="0" />
    <arraylet-primitive objects="1" leaves="1" largest="1" />
    <remembered-set count="49056" freebytes="4575360" totalbytes="4771584" percent="95" regionsoverflowed="0" regionsstable="0" regionsrebuilding="0"/>
  </mem-info>
</gc-start>
<allocation-stats totalBytes="34479720" >
  <allocated-bytes non-tlh="0" tlh="34479720" arrayletleaf="0"/>
  <largest-consumer threadName="main" threadId="0000000001AE6700" bytes="34479720" />
</allocation-stats>
<gc-op id="728" type="copy forward" timems="2.286" contextid="725" timestamp="2019-06-16T00:37:51.816">
  <memory-copied type="eden" objects="1" bytes="24" bytesdiscarded="0" />
  <memory-copied type="other" objects="5072" bytes="180016" bytesdiscarded="10208" />
  <memory-cardclean objects="6322" bytes="259072" />
  <regions eden="33" other="5" />
  <remembered-set-cleared processed="44610" cleared="4112" durationms="0.222" />
  <references type="soft" candidates="78" cleared="0" enqueued="0" dynamicThreshold="17" maxThreshold="32" />
  <references type="weak" candidates="122" cleared="0" enqueued="0" />
  <stringconstants candidates="13762" cleared="0"  />
</gc-op>
<gc-op id="729" type="classunload" timems="0.004" contextid="725" timestamp="2019-06-16T00:37:51.816">
  <classunload-info classloadercandidates="55" classloadersunloaded="0" classesunloaded="0" anonymousclassesunloaded="0" quiescems="0.000" setupms="0.004" scanms="0.000" postms="0.000" />
</gc-op>
<heap-resize id="730" type="contract" space="default" amount="6291456" count="1" timems="0.051" reason="insufficient time being spent in gc" timestamp="2019-06-16T00:37:51.816" />
<gc-end id="731" type="partial gc" contextid="725" durationms="4.087" usertimems="8.000" systemtimems="0.000" timestamp="2019-06-16T00:37:51.816" activeThreads="4">
  <mem-info id="732" free="56623104" total="106954752" percent="52">
    <mem type="eden" free="1048552" total="1048576" percent="99" />
    <arraylet-primitive objects="1" leaves="1" largest="1" />
    <remembered-set count="49120" freebytes="4323968" totalbytes="4520448" percent="95" regionsoverflowed="0" regionsstable="0" regionsrebuilding="0"/>
  </mem-info>
</gc-end>
<cycle-end id="733" type="partial gc" contextid="725" timestamp="2019-06-16T00:37:51.817" />
  <attribute name="elasticGC enabled" value="1" />
  <attribute name= "numThreadsSpecified" value="4" />
  <attribute name="heapSize specified" value="0" />
  <attribute name="Current GC Util" value="32" />
  <attribute name= "Current Time Running" value="10864" />
  <attribute name ="GC Interval" value="0" />
  <attribute name="ProportionalT" value="18.000000" />
  <attribute name="ProportionalI" value="18.000000" />
  <attribute name="ProportionalH" value="18.000000" />
  <attribute name="Current Error" value="12.000000" />
  <attribute name="IntegralT" value="12.000000" />
  <attribute name="IntegralI" value="12.000000" />
  <attribute name="IntegralH" value="12.000000" />
  <attribute name="DerivativeT" value="4.500000" />
  <attribute name="DerivativeI" value="4.500000" />
  <attribute name="DerivativeH" value="4.500000" />
  <attribute name="Loop Time for DT" value="1.000000" />
  <attribute name="Output H" value="8388608"/>
  <attribute name="Output I" value="200"/>
  <attribute name="Output T" value="4"/>
  <attribute name="Target GC Util Change" value ="20.000000" />
  <attribute name="Current GC Util Change" value="32.000000"/>
  <attribute name="GC Util currently" value="32" />
  <attribute name="CPU Util currently" value="8231464110517" />
<exclusive-end id="734" timestamp="2019-06-16T00:37:51.817" durationms="5.611" />

<exclusive-start id="735" timestamp="2019-06-16T00:37:51.834" intervalms="22.835">
  <response-info timems="0.050" idlems="0.050" threads="0" lastid="0000000001AE6700" lastname="main" />
</exclusive-start>
<allocation-taxation id="736" taxation-threshold="33554432" timestamp="2019-06-16T00:37:51.834" intervalms="22.775" />
<cycle-start id="737" type="partial gc" contextid="0" timestamp="2019-06-16T00:37:51.835" intervalms="22.747" />
<gc-start id="738" type="partial gc" contextid="737" timestamp="2019-06-16T00:37:51.835">
  <mem-info id="739" free="23068672" total="106954752" percent="21">
    <mem type="eden" free="1048552" total="34603008" percent="3" />
    <arraylet-primitive objects="1" leaves="1" largest="1" />
    <remembered-set count="48672" freebytes="4325760" totalbytes="4520448" percent="95" regionsoverflowed="0" regionsstable="0" regionsrebuilding="0"/>
  </mem-info>
</gc-start>
<allocation-stats totalBytes="33442120" >
  <allocated-bytes non-tlh="0" tlh="33442120" arrayletleaf="0"/>
  <largest-consumer threadName="main" threadId="0000000001AE6700" bytes="33442120" />
</allocation-stats>
<gc-op id="740" type="copy forward" timems="2.709" contextid="737" timestamp="2019-06-16T00:37:51.839">
  <memory-copied type="eden" objects="1" bytes="24" bytesdiscarded="0" />
  <memory-copied type="other" objects="6111" bytes="242096" bytesdiscarded="17856" />
  <memory-cardclean objects="2432" bytes="229912" />
  <regions eden="32" other="5" />
  <remembered-set-cleared processed="44522" cleared="3268" durationms="0.213" />
  <references type="soft" candidates="65" cleared="0" enqueued="0" dynamicThreshold="16" maxThreshold="32" />
  <references type="weak" candidates="449" cleared="0" enqueued="0" />
  <stringconstants candidates="13762" cleared="0"  />
</gc-op>
<gc-op id="741" type="classunload" timems="0.004" contextid="737" timestamp="2019-06-16T00:37:51.839">
  <classunload-info classloadercandidates="55" classloadersunloaded="0" classesunloaded="0" anonymousclassesunloaded="0" quiescems="0.000" setupms="0.004" scanms="0.000" postms="0.000" />
</gc-op>
<gc-end id="742" type="partial gc" contextid="737" durationms="4.411" usertimems="8.000" systemtimems="0.000" timestamp="2019-06-16T00:37:51.839" activeThreads="4">
  <mem-info id="743" free="57671680" total="106954752" percent="53">
    <mem type="eden" free="1048552" total="1048576" percent="99" />
    <arraylet-primitive objects="1" leaves="1" largest="1" />
    <remembered-set count="48032" freebytes="4077184" totalbytes="4269312" percent="95" regionsoverflowed="0" regionsstable="0" regionsrebuilding="0"/>
  </mem-info>
</gc-end>
<cycle-end id="744" type="partial gc" contextid="737" timestamp="2019-06-16T00:37:51.840" />
  <attribute name="elasticGC enabled" value="1" />
  <attribute name= "numThreadsSpecified" value="4" />
  <attribute name="heapSize specified" value="0" />
  <attribute name="Current GC Util" value="87" />
  <attribute name= "Current Time Running" value="10887" />
  <attribute name ="GC Interval" value="0" />
  <attribute name="ProportionalT" value="100.500000" />
  <attribute name="ProportionalI" value="100.500000" />
  <attribute name="ProportionalH" value="100.500000" />
  <attribute name="Current Error" value="67.000000" />
  <attribute name="IntegralT" value="67.000000" />
  <attribute name="IntegralI" value="67.000000" />
  <attribute name="IntegralH" value="67.000000" />
  <attribute name="DerivativeT" value="30.000000" />
  <attribute name="DerivativeI" value="30.000000" />
  <attribute name="DerivativeH" value="30.000000" />
  <attribute name="Loop Time for DT" value="1.000000" />
  <attribute name="Output H" value="8388608"/>
  <attribute name="Output I" value="200"/>
  <attribute name="Output T" value="4"/>
  <attribute name="Target GC Util Change" value ="20.000000" />
  <attribute name="Current GC Util Change" value="87.000000"/>
  <attribute name="GC Util currently" value="87" />
  <attribute name="CPU Util currently" value="7143045665034" />
<exclusive-end id="745" timestamp="2019-06-16T00:37:51.840" durationms="5.708" />

<exclusive-start id="746" timestamp="2019-06-16T00:37:51.857" intervalms="22.555">
  <response-info timems="0.072" idlems="0.072" threads="0" lastid="0000000001AE6700" lastname="main" />
</exclusive-start>
<allocation-taxation id="747" taxation-threshold="33554432" timestamp="2019-06-16T00:37:51.857" intervalms="22.520" />
<cycle-start id="748" type="partial gc" contextid="0" timestamp="2019-06-16T00:37:51.857" intervalms="22.495" />
<gc-start id="749" type="partial gc" contextid="748" timestamp="2019-06-16T00:37:51.858">
  <mem-info id="750" free="24117248" total="106954752" percent="22">
    <mem type="eden" free="1048552" total="34603008" percent="3" />
    <arraylet-primitive objects="1" leaves="1" largest="1" />
    <remembered-set count="48000" freebytes="4077312" totalbytes="4269312" percent="95" regionsoverflowed="0" regionsstable="0" regionsrebuilding="0"/>
  </mem-info>
</gc-start>
<allocation-stats totalBytes="33442120" >
  <allocated-bytes non-tlh="0" tlh="33442120" arrayletleaf="0"/>
  <largest-consumer threadName="main" threadId="0000000001AE6700" bytes="33442120" />
</allocation-stats>
<gc-op id="751" type="copy forward" timems="3.427" contextid="748" timestamp="2019-06-16T00:37:51.862">
  <memory-copied type="eden" objects="1" bytes="24" bytesdiscarded="0" />
  <memory-copied type="other" objects="25660" bytes="751592" bytesdiscarded="41752" />
  <memory-cardclean objects="10460" bytes="489880" />
  <regions eden="32" other="5" />
  <remembered-set-cleared processed="43032" cleared="6198" durationms="0.227" />
  <references type="soft" candidates="145" cleared="0" enqueued="0" dynamicThreshold="17" maxThreshold="32" />
  <references type="weak" candidates="1097" cleared="0" enqueued="0" />
  <stringconstants candidates="13762" cleared="0"  />
</gc-op>
<gc-op id="752" type="classunload" timems="0.004" contextid="748" timestamp="2019-06-16T00:37:51.862">
  <classunload-info classloadercandidates="55" classloadersunloaded="0" classesunloaded="0" anonymousclassesunloaded="0" quiescems="0.000" setupms="0.004" scanms="0.000" postms="0.000" />
</gc-op>
<heap-resize id="753" type="expand" space="default" amount="11534336" count="1" timems="0.081" reason="excessive time being spent in gc" timestamp="2019-06-16T00:37:51.862" />
<gc-end id="754" type="partial gc" contextid="748" durationms="4.952" usertimems="8.000" systemtimems="0.000" timestamp="2019-06-16T00:37:51.862" activeThreads="4">
  <mem-info id="755" free="71303168" total="118489088" percent="60">
    <mem type="eden" free="1048552" total="1048576" percent="99" />
    <arraylet-primitive objects="1" leaves="1" largest="1" />
    <remembered-set count="48032" freebytes="4537600" totalbytes="4729728" percent="95" regionsoverflowed="0" regionsstable="0" regionsrebuilding="0"/>
  </mem-info>
</gc-end>
<cycle-end id="756" type="partial gc" contextid="748" timestamp="2019-06-16T00:37:51.863" />
  <attribute name="elasticGC enabled" value="1" />
  <attribute name= "numThreadsSpecified" value="4" />
  <attribute name="heapSize specified" value="0" />
  <attribute name="Current GC Util" value="161" />
  <attribute name= "Current Time Running" value="10909" />
  <attribute name ="GC Interval" value="0" />
  <attribute name="ProportionalT" value="211.500000" />
  <attribute name="ProportionalI" value="211.500000" />
  <attribute name="ProportionalH" value="211.500000" />
  <attribute name="Current Error" value="141.000000" />
  <attribute name="IntegralT" value="141.000000" />
  <attribute name="IntegralI" value="141.000000" />
  <attribute name="IntegralH" value="141.000000" />
  <attribute name="DerivativeT" value="64.500000" />
  <attribute name="DerivativeI" value="64.500000" />
  <attribute name="DerivativeH" value="64.500000" />
  <attribute name="Loop Time for DT" value="1.000000" />
  <attribute name="Output H" value="8388608"/>
  <attribute name="Output I" value="424"/>
  <attribute name="Output T" value="4"/>
  <attribute name="Target GC Util Change" value ="20.000000" />
  <attribute name="Current GC Util Change" value="161.000000"/>
  <attribute name="GC Util currently" value="161" />
  <attribute name="CPU Util currently" value="12757401979633" />
<exclusive-end id="757" timestamp="2019-06-16T00:37:51.863" durationms="6.239" />

<exclusive-start id="758" timestamp="2019-06-16T00:37:51.881" intervalms="24.554">
  <response-info timems="0.113" idlems="0.113" threads="0" lastid="0000000001AE6700" lastname="main" />
</exclusive-start>
<allocation-taxation id="759" taxation-threshold="35651584" timestamp="2019-06-16T00:37:51.881" intervalms="24.527" />
<cycle-start id="760" type="partial gc" contextid="0" timestamp="2019-06-16T00:37:51.882" intervalms="24.521" />
<gc-start id="761" type="partial gc" contextid="760" timestamp="2019-06-16T00:37:51.882">
  <mem-info id="762" free="35651584" total="118489088" percent="30">
    <mem type="eden" free="1048552" total="36700160" percent="2" />
    <arraylet-primitive objects="1" leaves="1" largest="1" />
    <remembered-set count="47648" freebytes="4539136" totalbytes="4729728" percent="95" regionsoverflowed="0" regionsstable="0" regionsrebuilding="0"/>
  </mem-info>
</gc-start>
<allocation-stats totalBytes="35532384" >
  <allocated-bytes non-tlh="0" tlh="35532384" arrayletleaf="0"/>
  <largest-consumer threadName="main" threadId="0000000001AE6700" bytes="35532384" />
</allocation-stats>
<gc-op id="763" type="copy forward" timems="5.417" contextid="760" timestamp="2019-06-16T00:37:51.888">
  <memory-copied type="eden" objects="1" bytes="24" bytesdiscarded="0" />
  <memory-copied type="other" objects="33568" bytes="839488" bytesdiscarded="336" />
  <memory-cardclean objects="12280" bytes="535288" />
  <regions eden="34" other="5" />
  <remembered-set-cleared processed="42325" cleared="6742" durationms="0.484" />
  <references type="soft" candidates="190" cleared="0" enqueued="0" dynamicThreshold="19" maxThreshold="32" />
  <references type="weak" candidates="96" cleared="0" enqueued="0" />
  <stringconstants candidates="13762" cleared="0"  />
</gc-op>
<gc-op id="764" type="classunload" timems="0.005" contextid="760" timestamp="2019-06-16T00:37:51.889">
  <classunload-info classloadercandidates="55" classloadersunloaded="0" classesunloaded="0" anonymousclassesunloaded="0" quiescems="0.000" setupms="0.005" scanms="0.000" postms="0.000" />
</gc-op>
<gc-end id="765" type="partial gc" contextid="760" durationms="6.709" usertimems="12.000" systemtimems="0.000" timestamp="2019-06-16T00:37:51.889" activeThreads="1">
  <mem-info id="766" free="72351744" total="118489088" percent="61">
    <mem type="eden" free="1048552" total="1048576" percent="99" />
    <arraylet-primitive objects="1" leaves="1" largest="1" />
    <remembered-set count="48544" freebytes="4535552" totalbytes="4729728" percent="95" regionsoverflowed="0" regionsstable="0" regionsrebuilding="0"/>
  </mem-info>
</gc-end>
<cycle-end id="767" type="partial gc" contextid="760" timestamp="2019-06-16T00:37:51.889" />
  <attribute name="elasticGC enabled" value="1" />
  <attribute name= "numThreadsSpecified" value="1" />
  <attribute name="heapSize specified" value="0" />
  <attribute name="Current GC Util" value="152" />
  <attribute name= "Current Time Running" value="10933" />
  <attribute name ="GC Interval" value="0" />
  <attribute name="ProportionalT" value="198.000000" />
  <attribute name="ProportionalI" value="198.000000" />
  <attribute name="ProportionalH" value="198.000000" />
  <attribute name="Current Error" value="132.000000" />
  <attribute name="IntegralT" value="0.000000" />
  <attribute name="IntegralI" value="0.000000" />
  <attribute name="IntegralH" value="0.000000" />
  <attribute name="DerivativeT" value="inf" />
  <attribute name="DerivativeI" value="inf" />
  <attribute name="DerivativeH" value="inf" />
  <attribute name="Loop Time for DT" value="0.000000" />
  <attribute name="Output H" value="8388608"/>
  <attribute name="Output I" value="200"/>
  <attribute name="Output T" value="1"/>
  <attribute name="Target GC Util Change" value ="20.000000" />
  <attribute name="Current GC Util Change" value="152.000000"/>
  <attribute name="GC Util currently" value="152" />
  <attribute name="CPU Util currently" value="12163062596504" />
<exclusive-end id="768" timestamp="2019-06-16T00:37:51.889" durationms="7.996" />

<exclusive-start id="769" timestamp="2019-06-16T00:37:51.908" intervalms="26.244">
  <response-info timems="0.101" idlems="0.101" threads="0" lastid="0000000001AE6700" lastname="main" />
</exclusive-start>
<allocation-taxation id="770" taxation-threshold="35651584" timestamp="2019-06-16T00:37:51.908" intervalms="26.289" />
<cycle-start id="771" type="partial gc" contextid="0" timestamp="2019-06-16T00:37:51.908" intervalms="26.307" />
<gc-start id="772" type="partial gc" contextid="771" timestamp="2019-06-16T00:37:51.908">
  <mem-info id="773" free="36700160" total="118489088" percent="30">
    <mem type="eden" free="1048552" total="36700160" percent="2" />
    <arraylet-primitive objects="1" leaves="1" largest="1" />
    <remembered-set count="48256" freebytes="4536704" totalbytes="4729728" percent="95" regionsoverflowed="0" regionsstable="0" regionsrebuilding="0"/>
  </mem-info>
</gc-start>
<allocation-stats totalBytes="35532408" >
  <allocated-bytes non-tlh="0" tlh="35532408" arrayletleaf="0"/>
  <largest-consumer threadName="main" threadId="0000000001AE6700" bytes="35532408" />
</allocation-stats>
<gc-op id="774" type="copy forward" timems="4.507" contextid="771" timestamp="2019-06-16T00:37:51.914">
  <memory-copied type="eden" objects="1" bytes="24" bytesdiscarded="0" />
  <memory-copied type="other" objects="41038" bytes="1045016" bytesdiscarded="61048" />
  <memory-cardclean objects="8419" bytes="549088" />
  <regions eden="34" other="5" />
  <remembered-set-cleared processed="42618" cleared="6516" durationms="0.218" />
  <references type="soft" candidates="321" cleared="0" enqueued="0" dynamicThreshold="19" maxThreshold="32" />
  <references type="weak" candidates="229" cleared="0" enqueued="0" />
  <stringconstants candidates="13762" cleared="0"  />
</gc-op>
<gc-op id="775" type="classunload" timems="0.007" contextid="771" timestamp="2019-06-16T00:37:51.914">
  <classunload-info classloadercandidates="55" classloadersunloaded="0" classesunloaded="0" anonymousclassesunloaded="0" quiescems="0.000" setupms="0.007" scanms="0.000" postms="0.000" />
</gc-op>
<gc-end id="776" type="partial gc" contextid="771" durationms="5.784" usertimems="16.000" systemtimems="0.000" timestamp="2019-06-16T00:37:51.914" activeThreads="4">
  <mem-info id="777" free="73400320" total="118489088" percent="61">
    <mem type="eden" free="1048552" total="1048576" percent="99" />
    <arraylet-primitive objects="1" leaves="1" largest="1" />
    <remembered-set count="47616" freebytes="4539264" totalbytes="4729728" percent="95" regionsoverflowed="0" regionsstable="0" regionsrebuilding="0"/>
  </mem-info>
</gc-end>
<cycle-end id="778" type="partial gc" contextid="771" timestamp="2019-06-16T00:37:51.914" />
  <attribute name="elasticGC enabled" value="1" />
  <attribute name= "numThreadsSpecified" value="4" />
  <attribute name="heapSize specified" value="0" />
  <attribute name="Current GC Util" value="291" />
  <attribute name= "Current Time Running" value="10960" />
  <attribute name ="GC Interval" value="0" />
  <attribute name="ProportionalT" value="406.500000" />
  <attribute name="ProportionalI" value="406.500000" />
  <attribute name="ProportionalH" value="406.500000" />
  <attribute name="Current Error" value="271.000000" />
  <attribute name="IntegralT" value="271.000000" />
  <attribute name="IntegralI" value="271.000000" />
  <attribute name="IntegralH" value="271.000000" />
  <attribute name="DerivativeT" value="133.500000" />
  <attribute name="DerivativeI" value="133.500000" />
  <attribute name="DerivativeH" value="133.500000" />
  <attribute name="Loop Time for DT" value="1.000000" />
  <attribute name="Output H" value="8388608"/>
  <attribute name="Output I" value="816"/>
  <attribute name="Output T" value="4"/>
  <attribute name="Target GC Util Change" value ="20.000000" />
  <attribute name="Current GC Util Change" value="291.000000"/>
  <attribute name="GC Util currently" value="291" />
  <attribute name="CPU Util currently" value="12952937075091" />
<exclusive-end id="779" timestamp="2019-06-16T00:37:51.915" durationms="7.061" />

<exclusive-start id="780" timestamp="2019-06-16T00:37:51.933" intervalms="25.395">
  <response-info timems="0.236" idlems="0.236" threads="0" lastid="0000000001AE6700" lastname="main" />
</exclusive-start>
<allocation-taxation id="781" taxation-threshold="35651584" timestamp="2019-06-16T00:37:51.933" intervalms="25.375" />
<cycle-start id="782" type="partial gc" contextid="0" timestamp="2019-06-16T00:37:51.933" intervalms="25.309" />
<gc-start id="783" type="partial gc" contextid="782" timestamp="2019-06-16T00:37:51.934">
  <mem-info id="784" free="37748736" total="118489088" percent="31">
    <mem type="eden" free="1048552" total="36700160" percent="2" />
    <arraylet-primitive objects="1" leaves="1" largest="1" />
    <remembered-set count="47168" freebytes="4541056" totalbytes="4729728" percent="96" regionsoverflowed="0" regionsstable="0" regionsrebuilding="0"/>
  </mem-info>
</gc-start>
<allocation-stats totalBytes="35532408" >
  <allocated-bytes non-tlh="0" tlh="35532408" arrayletleaf="0"/>
  <largest-consumer threadName="main" threadId="0000000001AE6700" bytes="35532408" />
</allocation-stats>
<gc-op id="785" type="copy forward" timems="7.979" contextid="782" timestamp="2019-06-16T00:37:51.942">
  <memory-copied type="eden" objects="1" bytes="24" bytesdiscarded="0" />
  <memory-copied type="other" objects="59103" bytes="1567648" bytesdiscarded="376" />
  <memory-cardclean objects="16436" bytes="960080" />
  <regions eden="34" other="5" />
  <remembered-set-cleared processed="41895" cleared="7818" durationms="0.472" />
  <finalization candidates="3" enqueued="0" />
  <references type="soft" candidates="980" cleared="0" enqueued="0" dynamicThreshold="19" maxThreshold="32" />
  <references type="weak" candidates="360" cleared="0" enqueued="0" />
  <references type="phantom" candidates="3" cleared="0" enqueued="0" />
  <stringconstants candidates="13762" cleared="0"  />
</gc-op>
<gc-op id="786" type="classunload" timems="0.008" contextid="782" timestamp="2019-06-16T00:37:51.943">
  <classunload-info classloadercandidates="55" classloadersunloaded="0" classesunloaded="0" anonymousclassesunloaded="0" quiescems="0.000" setupms="0.007" scanms="0.000" postms="0.000" />
</gc-op>
<heap-resize id="787" type="contract" space="default" amount="5242880" count="1" timems="0.052" reason="excess free space following gc" timestamp="2019-06-16T00:37:51.943" />
<gc-end id="788" type="partial gc" contextid="782" durationms="9.327" usertimems="16.000" systemtimems="0.000" timestamp="2019-06-16T00:37:51.943" activeThreads="1">
  <mem-info id="789" free="69206016" total="113246208" percent="61">
    <mem type="eden" free="1048552" total="1048576" percent="99" />
    <arraylet-primitive objects="1" leaves="1" largest="1" />
    <remembered-set count="47328" freebytes="4540416" totalbytes="4729728" percent="95" regionsoverflowed="0" regionsstable="0" regionsrebuilding="0"/>
  </mem-info>
</gc-end>
<cycle-end id="790" type="partial gc" contextid="782" timestamp="2019-06-16T00:37:51.943" />
  <attribute name="elasticGC enabled" value="1" />
  <attribute name= "numThreadsSpecified" value="1" />
  <attribute name="heapSize specified" value="0" />
  <attribute name="Current GC Util" value="199" />
  <attribute name= "Current Time Running" value="10985" />
  <attribute name ="GC Interval" value="0" />
  <attribute name="ProportionalT" value="268.500000" />
  <attribute name="ProportionalI" value="268.500000" />
  <attribute name="ProportionalH" value="268.500000" />
  <attribute name="Current Error" value="179.000000" />
  <attribute name="IntegralT" value="0.000000" />
  <attribute name="IntegralI" value="0.000000" />
  <attribute name="IntegralH" value="0.000000" />
  <attribute name="DerivativeT" value="inf" />
  <attribute name="DerivativeI" value="inf" />
  <attribute name="DerivativeH" value="inf" />
  <attribute name="Loop Time for DT" value="0.000000" />
  <attribute name="Output H" value="8388608"/>
  <attribute name="Output I" value="200"/>
  <attribute name="Output T" value="1"/>
  <attribute name="Target GC Util Change" value ="20.000000" />
  <attribute name="Current GC Util Change" value="199.000000"/>
  <attribute name="GC Util currently" value="199" />
  <attribute name="CPU Util currently" value="12517333285201" />
<exclusive-end id="791" timestamp="2019-06-16T00:37:51.943" durationms="10.417" />

<exclusive-start id="792" timestamp="2019-06-16T00:37:51.961" intervalms="27.945">
  <response-info timems="0.110" idlems="0.110" threads="0" lastid="0000000001AE6700" lastname="main" />
</exclusive-start>
<allocation-taxation id="793" taxation-threshold="34603008" timestamp="2019-06-16T00:37:51.961" intervalms="27.934" />
<cycle-start id="794" type="partial gc" contextid="0" timestamp="2019-06-16T00:37:51.961" intervalms="28.008" />
<gc-start id="795" type="partial gc" contextid="794" timestamp="2019-06-16T00:37:51.962">
  <mem-info id="796" free="34603008" total="113246208" percent="30">
    <mem type="eden" free="1048552" total="35651584" percent="2" />
    <arraylet-primitive objects="1" leaves="1" largest="1" />
    <remembered-set count="46880" freebytes="4542208" totalbytes="4729728" percent="96" regionsoverflowed="0" regionsstable="0" regionsrebuilding="0"/>
  </mem-info>
</gc-start>
<allocation-stats totalBytes="34487240" >
  <allocated-bytes non-tlh="0" tlh="34487240" arrayletleaf="0"/>
  <largest-consumer threadName="main" threadId="0000000001AE6700" bytes="34487240" />
</allocation-stats>
<gc-op id="797" type="copy forward" timems="8.558" contextid="794" timestamp="2019-06-16T00:37:51.971">
  <memory-copied type="eden" objects="1" bytes="24" bytesdiscarded="0" />
  <memory-copied type="other" objects="83646" bytes="2641752" bytesdiscarded="1016" />
  <memory-cardclean objects="11846" bytes="469992" />
  <regions eden="33" other="5" />
  <remembered-set-cleared processed="41288" cleared="7374" durationms="0.432" />
  <references type="soft" candidates="2141" cleared="0" enqueued="0" dynamicThreshold="19" maxThreshold="32" />
  <references type="weak" candidates="39" cleared="0" enqueued="0" />
  <references type="phantom" candidates="3" cleared="0" enqueued="0" />
  <stringconstants candidates="13762" cleared="0"  />
</gc-op>
<gc-op id="798" type="classunload" timems="0.005" contextid="794" timestamp="2019-06-16T00:37:51.972">
  <classunload-info classloadercandidates="55" classloadersunloaded="0" classesunloaded="0" anonymousclassesunloaded="0" quiescems="0.000" setupms="0.005" scanms="0.000" postms="0.000" />
</gc-op>
<heap-resize id="799" type="contract" space="default" amount="5242880" count="1" timems="0.050" reason="excess free space following gc" timestamp="2019-06-16T00:37:51.972" />
<gc-end id="800" type="partial gc" contextid="794" durationms="10.282" usertimems="12.000" systemtimems="0.000" timestamp="2019-06-16T00:37:51.972" activeThreads="1">
  <mem-info id="801" free="66060288" total="108003328" percent="61">
    <mem type="eden" free="1048552" total="1048576" percent="99" />
    <arraylet-primitive objects="1" leaves="1" largest="1" />
    <remembered-set count="45248" freebytes="4339456" totalbytes="4520448" percent="95" regionsoverflowed="0" regionsstable="0" regionsrebuilding="0"/>
  </mem-info>
</gc-end>
<cycle-end id="802" type="partial gc" contextid="794" timestamp="2019-06-16T00:37:51.972" />
  <attribute name="elasticGC enabled" value="1" />
  <attribute name= "numThreadsSpecified" value="1" />
  <attribute name="heapSize specified" value="0" />
  <attribute name="Current GC Util" value="149" />
  <attribute name= "Current Time Running" value="11013" />
  <attribute name ="GC Interval" value="0" />
  <attribute name="ProportionalT" value="193.500000" />
  <attribute name="ProportionalI" value="193.500000" />
  <attribute name="ProportionalH" value="193.500000" />
  <attribute name="Current Error" value="129.000000" />
  <attribute name="IntegralT" value="0.000000" />
  <attribute name="IntegralI" value="0.000000" />
  <attribute name="IntegralH" value="0.000000" />
  <attribute name="DerivativeT" value="inf" />
  <attribute name="DerivativeI" value="inf" />
  <attribute name="DerivativeH" value="inf" />
  <attribute name="Loop Time for DT" value="0.000000" />
  <attribute name="Output H" value="8388608"/>
  <attribute name="Output I" value="200"/>
  <attribute name="Output T" value="1"/>
  <attribute name="Target GC Util Change" value ="20.000000" />
  <attribute name="Current GC Util Change" value="149.000000"/>
  <attribute name="GC Util currently" value="149" />
  <attribute name="CPU Util currently" value="6701113195808" />
<exclusive-end id="803" timestamp="2019-06-16T00:37:51.972" durationms="11.556" />

<exclusive-start id="804" timestamp="2019-06-16T00:37:51.989" intervalms="28.359">
  <response-info timems="0.087" idlems="0.087" threads="0" lastid="0000000001AE6700" lastname="main" />
</exclusive-start>
<allocation-taxation id="805" taxation-threshold="33554432" timestamp="2019-06-16T00:37:51.989" intervalms="28.337" />
<cycle-start id="806" type="partial gc" contextid="0" timestamp="2019-06-16T00:37:51.990" intervalms="28.330" />
<gc-start id="807" type="partial gc" contextid="806" timestamp="2019-06-16T00:37:51.990">
  <mem-info id="808" free="32505856" total="108003328" percent="30">
    <mem type="eden" free="1048552" total="34603008" percent="3" />
    <arraylet-primitive objects="1" leaves="1" largest="1" />
    <remembered-set count="44992" freebytes="4340480" totalbytes="4520448" percent="96" regionsoverflowed="0" regionsstable="0" regionsrebuilding="0"/>
  </mem-info>
</gc-start>
<allocation-stats totalBytes="33442120" >
  <allocated-bytes non-tlh="0" tlh="33442120" arrayletleaf="0"/>
  <largest-consumer threadName="main" threadId="0000000001AE6700" bytes="33442120" />
</allocation-stats>
<gc-op id="809" type="copy forward" timems="11.781" contextid="806" timestamp="2019-06-16T00:37:52.003">
  <memory-copied type="eden" objects="1" bytes="24" bytesdiscarded="0" />
  <memory-copied type="other" objects="90696" bytes="2529624" bytesdiscarded="696" />
  <memory-cardclean objects="42040" bytes="1706208" />
  <regions eden="32" other="4" />
  <remembered-set-cleared processed="38324" cleared="14907" durationms="0.466" />
  <finalization candidates="11" enqueued="0" />
  <ownableSynchronizers candidates="4" cleared="0" />
  <references type="soft" candidates="233" cleared="0" enqueued="0" dynamicThreshold="19" maxThreshold="32" />
  <references type="weak" candidates="1259" cleared="0" enqueued="0" />
  <references type="phantom" candidates="1" cleared="0" enqueued="0" />
  <stringconstants candidates="13762" cleared="0"  />
</gc-op>
<gc-op id="810" type="classunload" timems="0.009" contextid="806" timestamp="2019-06-16T00:37:52.003">
  <classunload-info classloadercandidates="55" classloadersunloaded="0" classesunloaded="0" anonymousclassesunloaded="0" quiescems="0.000" setupms="0.008" scanms="0.000" postms="0.000" />
</gc-op>
<heap-resize id="811" type="contract" space="default" amount="2097152" count="1" timems="0.058" reason="excess free space following gc" timestamp="2019-06-16T00:37:52.003" />
<gc-end id="812" type="partial gc" contextid="806" durationms="13.503" usertimems="24.000" systemtimems="0.000" timestamp="2019-06-16T00:37:52.003" activeThreads="1">
  <mem-info id="813" free="65011712" total="105906176" percent="61">
    <mem type="eden" free="1048552" total="1048576" percent="99" />
    <arraylet-primitive objects="1" leaves="1" largest="1" />
    <remembered-set count="44256" freebytes="4134144" totalbytes="4311168" percent="95" regionsoverflowed="0" regionsstable="0" regionsrebuilding="0"/>
  </mem-info>
</gc-end>
<cycle-end id="814" type="partial gc" contextid="806" timestamp="2019-06-16T00:37:52.004" />
  <attribute name="elasticGC enabled" value="1" />
  <attribute name= "numThreadsSpecified" value="1" />
  <attribute name="heapSize specified" value="0" />
  <attribute name="Current GC Util" value="165" />
  <attribute name= "Current Time Running" value="11041" />
  <attribute name ="GC Interval" value="0" />
  <attribute name="ProportionalT" value="217.500000" />
  <attribute name="ProportionalI" value="217.500000" />
  <attribute name="ProportionalH" value="217.500000" />
  <attribute name="Current Error" value="145.000000" />
  <attribute name="IntegralT" value="0.000000" />
  <attribute name="IntegralI" value="0.000000" />
  <attribute name="IntegralH" value="0.000000" />
  <attribute name="DerivativeT" value="inf" />
  <attribute name="DerivativeI" value="inf" />
  <attribute name="DerivativeH" value="inf" />
  <attribute name="Loop Time for DT" value="0.000000" />
  <attribute name="Output H" value="8388608"/>
  <attribute name="Output I" value="200"/>
  <attribute name="Output T" value="1"/>
  <attribute name="Target GC Util Change" value ="20.000000" />
  <attribute name="Current GC Util Change" value="165.000000"/>
  <attribute name="GC Util currently" value="165" />
  <attribute name="CPU Util currently" value="6990103748788" />
<exclusive-end id="815" timestamp="2019-06-16T00:37:52.004" durationms="14.574" />

<exclusive-start id="816" timestamp="2019-06-16T00:37:52.020" intervalms="30.875">
  <response-info timems="0.229" idlems="0.229" threads="0" lastid="0000000001AE6700" lastname="main" />
</exclusive-start>
<allocation-taxation id="817" taxation-threshold="32505856" timestamp="2019-06-16T00:37:52.020" intervalms="30.869" />
<cycle-start id="818" type="partial gc" contextid="0" timestamp="2019-06-16T00:37:52.020" intervalms="30.790" />
<gc-start id="819" type="partial gc" contextid="818" timestamp="2019-06-16T00:37:52.021">
  <mem-info id="820" free="32505856" total="105906176" percent="30">
    <mem type="eden" free="1048552" total="33554432" percent="3" />
    <arraylet-primitive objects="1" leaves="1" largest="1" />
    <remembered-set count="43904" freebytes="4135552" totalbytes="4311168" percent="95" regionsoverflowed="0" regionsstable="0" regionsrebuilding="0"/>
  </mem-info>
</gc-start>
<allocation-stats totalBytes="32396976" >
  <allocated-bytes non-tlh="0" tlh="32396976" arrayletleaf="0"/>
  <largest-consumer threadName="main" threadId="0000000001AE6700" bytes="32396976" />
</allocation-stats>
<gc-op id="821" type="copy forward" timems="9.889" contextid="818" timestamp="2019-06-16T00:37:52.032">
  <memory-copied type="eden" objects="1" bytes="24" bytesdiscarded="0" />
  <memory-copied type="other" objects="93576" bytes="2501888" bytesdiscarded="872" />
  <memory-cardclean objects="14183" bytes="675056" />
  <regions eden="31" other="4" />
  <remembered-set-cleared processed="40808" cleared="8564" durationms="0.445" />
  <references type="soft" candidates="57" cleared="0" enqueued="0" dynamicThreshold="19" maxThreshold="32" />
  <references type="weak" candidates="98" cleared="0" enqueued="0" />
  <stringconstants candidates="13762" cleared="0"  />
</gc-op>
<gc-op id="822" type="classunload" timems="0.010" contextid="818" timestamp="2019-06-16T00:37:52.032">
  <classunload-info classloadercandidates="55" classloadersunloaded="0" classesunloaded="0" anonymousclassesunloaded="0" quiescems="0.000" setupms="0.009" scanms="0.000" postms="0.000" />
</gc-op>
<heap-resize id="823" type="contract" space="default" amount="3145728" count="1" timems="0.134" reason="excess free space following gc" timestamp="2019-06-16T00:37:52.032" />
<gc-end id="824" type="partial gc" contextid="818" durationms="11.741" usertimems="24.000" systemtimems="0.000" timestamp="2019-06-16T00:37:52.032" activeThreads="1">
  <mem-info id="825" free="62914560" total="102760448" percent="61">
    <mem type="eden" free="1048552" total="1048576" percent="99" />
    <arraylet-primitive objects="1" leaves="1" largest="1" />
    <remembered-set count="43328" freebytes="4054144" totalbytes="4227456" percent="95" regionsoverflowed="0" regionsstable="0" regionsrebuilding="0"/>
  </mem-info>
</gc-end>
<cycle-end id="826" type="partial gc" contextid="818" timestamp="2019-06-16T00:37:52.033" />
  <attribute name="elasticGC enabled" value="1" />
  <attribute name= "numThreadsSpecified" value="1" />
  <attribute name="heapSize specified" value="0" />
  <attribute name="Current GC Util" value="155" />
  <attribute name= "Current Time Running" value="11072" />
  <attribute name ="GC Interval" value="0" />
  <attribute name="ProportionalT" value="202.500000" />
  <attribute name="ProportionalI" value="202.500000" />
  <attribute name="ProportionalH" value="202.500000" />
  <attribute name="Current Error" value="135.000000" />
  <attribute name="IntegralT" value="0.000000" />
  <attribute name="IntegralI" value="0.000000" />
  <attribute name="IntegralH" value="0.000000" />
  <attribute name="DerivativeT" value="inf" />
  <attribute name="DerivativeI" value="inf" />
  <attribute name="DerivativeH" value="inf" />
  <attribute name="Loop Time for DT" value="0.000000" />
  <attribute name="Output H" value="8388608"/>
  <attribute name="Output I" value="200"/>
  <attribute name="Output T" value="1"/>
  <attribute name="Target GC Util Change" value ="20.000000" />
  <attribute name="Current GC Util Change" value="155.000000"/>
  <attribute name="GC Util currently" value="155" />
  <attribute name="CPU Util currently" value="7156069413930" />
<exclusive-end id="827" timestamp="2019-06-16T00:37:52.033" durationms="12.782" />

<exclusive-start id="828" timestamp="2019-06-16T00:37:52.049" intervalms="29.093">
  <response-info timems="0.079" idlems="0.079" threads="0" lastid="0000000001AE6700" lastname="main" />
</exclusive-start>
<allocation-taxation id="829" taxation-threshold="32505856" timestamp="2019-06-16T00:37:52.049" intervalms="29.143" />
<cycle-start id="830" type="partial gc" contextid="0" timestamp="2019-06-16T00:37:52.050" intervalms="29.216" />
<gc-start id="831" type="partial gc" contextid="830" timestamp="2019-06-16T00:37:52.050">
  <mem-info id="832" free="30408704" total="102760448" percent="29">
    <mem type="eden" free="1048552" total="33554432" percent="3" />
    <arraylet-primitive objects="1" leaves="1" largest="1" />
    <remembered-set count="42944" freebytes="4055680" totalbytes="4227456" percent="95" regionsoverflowed="0" regionsstable="0" regionsrebuilding="0"/>
  </mem-info>
</gc-start>
<allocation-stats totalBytes="32396952" >
  <allocated-bytes non-tlh="0" tlh="32396952" arrayletleaf="0"/>
  <largest-consumer threadName="main" threadId="0000000001AE6700" bytes="32396952" />
</allocation-stats>
<gc-op id="833" type="copy forward" timems="7.779" contextid="830" timestamp="2019-06-16T00:37:52.059">
  <memory-copied type="eden" objects="1" bytes="24" bytesdiscarded="0" />
  <memory-copied type="other" objects="63081" bytes="1816616" bytesdiscarded="151304" />
  <memory-cardclean objects="179626" bytes="6082536" />
  <regions eden="31" other="5" />
  <remembered-set-cleared processed="26185" cleared="14909" durationms="0.202" />
  <finalization candidates="41" enqueued="1" />
  <ownableSynchronizers candidates="1" cleared="0" />
  <references type="soft" candidates="362" cleared="0" enqueued="0" dynamicThreshold="19" maxThreshold="32" />
  <references type="weak" candidates="845" cleared="0" enqueued="0" />
  <references type="phantom" candidates="8" cleared="0" enqueued="0" />
  <stringconstants candidates="13762" cleared="0"  />
</gc-op>
<gc-op id="834" type="classunload" timems="0.006" contextid="830" timestamp="2019-06-16T00:37:52.059">
  <classunload-info classloadercandidates="55" classloadersunloaded="0" classesunloaded="0" anonymousclassesunloaded="0" quiescems="0.000" setupms="0.006" scanms="0.000" postms="0.000" />
</gc-op>
<heap-resize id="835" type="contract" space="default" amount="5242880" count="1" timems="0.226" reason="excess free space following gc" timestamp="2019-06-16T00:37:52.060" />
<gc-end id="836" type="partial gc" contextid="830" durationms="9.883" usertimems="32.000" systemtimems="0.000" timestamp="2019-06-16T00:37:52.060" activeThreads="4">
  <mem-info id="837" free="61865984" total="97517568" percent="63">
    <mem type="eden" free="1048552" total="1048576" percent="99" />
    <pending-finalizers system="0" default="1" reference="0" classloader="0" />
    <remembered-set count="46656" freebytes="3915264" totalbytes="4101888" percent="95" regionsoverflowed="0" regionsstable="0" regionsrebuilding="0"/>
  </mem-info>
</gc-end>
<cycle-end id="838" type="partial gc" contextid="830" timestamp="2019-06-16T00:37:52.060" />
  <attribute name="elasticGC enabled" value="1" />
  <attribute name= "numThreadsSpecified" value="4" />
  <attribute name="heapSize specified" value="0" />
  <attribute name="Current GC Util" value="149" />
  <attribute name= "Current Time Running" value="11102" />
  <attribute name ="GC Interval" value="0" />
  <attribute name="ProportionalT" value="193.500000" />
  <attribute name="ProportionalI" value="193.500000" />
  <attribute name="ProportionalH" value="193.500000" />
  <attribute name="Current Error" value="129.000000" />
  <attribute name="IntegralT" value="129.000000" />
  <attribute name="IntegralI" value="129.000000" />
  <attribute name="IntegralH" value="129.000000" />
  <attribute name="DerivativeT" value="55.000000" />
  <attribute name="DerivativeI" value="55.000000" />
  <attribute name="DerivativeH" value="55.000000" />
  <attribute name="Loop Time for DT" value="1.000000" />
  <attribute name="Output H" value="8388608"/>
  <attribute name="Output I" value="384"/>
  <attribute name="Output T" value="4"/>
  <attribute name="Target GC Util Change" value ="20.000000" />
  <attribute name="Current GC Util Change" value="149.000000"/>
  <attribute name="GC Util currently" value="149" />
  <attribute name="CPU Util currently" value="5928188446289" />
<exclusive-end id="839" timestamp="2019-06-16T00:37:52.060" durationms="11.038" />

<exclusive-start id="840" timestamp="2019-06-16T00:37:52.076" intervalms="26.339">
  <response-info timems="0.074" idlems="0.074" threads="0" lastid="0000000001AE6700" lastname="main" />
</exclusive-start>
<allocation-taxation id="841" taxation-threshold="30408704" timestamp="2019-06-16T00:37:52.076" intervalms="26.297" />
<cycle-start id="842" type="partial gc" contextid="0" timestamp="2019-06-16T00:37:52.076" intervalms="26.307" />
<gc-start id="843" type="partial gc" contextid="842" timestamp="2019-06-16T00:37:52.076">
  <mem-info id="844" free="31457280" total="97517568" percent="32">
    <mem type="eden" free="1048552" total="31457280" percent="3" />
    <remembered-set count="28896" freebytes="3986304" totalbytes="4101888" percent="97" regionsoverflowed="0" regionsstable="2" regionsrebuilding="0"/>
  </mem-info>
</gc-start>
<allocation-stats totalBytes="30306688" >
  <allocated-bytes non-tlh="0" tlh="30306688" arrayletleaf="0"/>
  <largest-consumer threadName="main" threadId="0000000001AE6700" bytes="30306688" />
</allocation-stats>
<gc-op id="845" type="copy forward" timems="5.546" contextid="842" timestamp="2019-06-16T00:37:52.083">
  <memory-copied type="eden" objects="1" bytes="24" bytesdiscarded="0" />
  <memory-copied type="other" objects="82549" bytes="2087744" bytesdiscarded="66824" />
  <memory-cardclean objects="73007" bytes="2565000" />
  <regions eden="29" other="3" />
  <remembered-set-cleared processed="17666" cleared="6898" durationms="0.154" />
  <stringconstants candidates="13762" cleared="0"  />
</gc-op>
<gc-op id="846" type="classunload" timems="0.006" contextid="842" timestamp="2019-06-16T00:37:52.083">
  <classunload-info classloadercandidates="55" classloadersunloaded="0" classesunloaded="0" anonymousclassesunloaded="0" quiescems="0.000" setupms="0.006" scanms="0.000" postms="0.000" />
</gc-op>
<heap-resize id="847" type="contract" space="default" amount="5242880" count="1" timems="0.295" reason="excess free space following gc" timestamp="2019-06-16T00:37:52.084" />
<gc-end id="848" type="partial gc" contextid="842" durationms="7.613" usertimems="16.000" systemtimems="0.000" timestamp="2019-06-16T00:37:52.084" activeThreads="4">
  <mem-info id="849" free="56623104" total="92274688" percent="61">
    <mem type="eden" free="1048552" total="1048576" percent="99" />
    <remembered-set count="28544" freebytes="3778432" totalbytes="3892608" percent="97" regionsoverflowed="0" regionsstable="2" regionsrebuilding="0"/>
  </mem-info>
</gc-end>
<cycle-end id="850" type="partial gc" contextid="842" timestamp="2019-06-16T00:37:52.084" />
  <attribute name="elasticGC enabled" value="1" />
  <attribute name= "numThreadsSpecified" value="4" />
  <attribute name="heapSize specified" value="0" />
  <attribute name="Current GC Util" value="102" />
  <attribute name= "Current Time Running" value="11128" />
  <attribute name ="GC Interval" value="0" />
  <attribute name="ProportionalT" value="123.000000" />
  <attribute name="ProportionalI" value="123.000000" />
  <attribute name="ProportionalH" value="123.000000" />
  <attribute name="Current Error" value="82.000000" />
  <attribute name="IntegralT" value="82.000000" />
  <attribute name="IntegralI" value="82.000000" />
  <attribute name="IntegralH" value="82.000000" />
  <attribute name="DerivativeT" value="9.500000" />
  <attribute name="DerivativeI" value="9.500000" />
  <attribute name="DerivativeH" value="9.500000" />
  <attribute name="Loop Time for DT" value="1.000000" />
  <attribute name="Output H" value="8388608"/>
  <attribute name="Output I" value="216"/>
  <attribute name="Output T" value="4"/>
  <attribute name="Target GC Util Change" value ="20.000000" />
  <attribute name="Current GC Util Change" value="102.000000"/>
  <attribute name="GC Util currently" value="102" />
  <attribute name="CPU Util currently" value="7073506895343" />
<exclusive-end id="851" timestamp="2019-06-16T00:37:52.084" durationms="8.782" />

<exclusive-start id="852" timestamp="2019-06-16T00:37:52.099" intervalms="23.720">
  <response-info timems="0.181" idlems="0.181" threads="0" lastid="0000000001AE6700" lastname="main" />
</exclusive-start>
<allocation-taxation id="853" taxation-threshold="29360128" timestamp="2019-06-16T00:37:52.099" intervalms="23.771" />
<cycle-start id="854" type="partial gc" contextid="0" timestamp="2019-06-16T00:37:52.100" intervalms="23.695" />
<gc-start id="855" type="partial gc" contextid="854" timestamp="2019-06-16T00:37:52.100">
  <mem-info id="856" free="27262976" total="92274688" percent="29">
    <mem type="eden" free="1048552" total="30408704" percent="3" />
    <remembered-set count="28544" freebytes="3778432" totalbytes="3892608" percent="97" regionsoverflowed="0" regionsstable="2" regionsrebuilding="0"/>
  </mem-info>
</gc-start>
<allocation-stats totalBytes="29261544" >
  <allocated-bytes non-tlh="0" tlh="29261544" arrayletleaf="0"/>
  <largest-consumer threadName="main" threadId="0000000001AE6700" bytes="29261544" />
</allocation-stats>
<gc-op id="857" type="copy forward" timems="4.006" contextid="854" timestamp="2019-06-16T00:37:52.105">
  <memory-copied type="eden" objects="1" bytes="24" bytesdiscarded="0" />
  <memory-copied type="other" objects="19363" bytes="1271696" bytesdiscarded="77216" />
  <memory-cardclean objects="19180" bytes="1121200" />
  <regions eden="28" other="4" />
  <remembered-set-cleared processed="23492" cleared="5437" durationms="0.161" />
  <finalization candidates="9" enqueued="0" />
  <ownableSynchronizers candidates="16" cleared="0" />
  <references type="soft" candidates="783" cleared="0" enqueued="0" dynamicThreshold="19" maxThreshold="32" />
  <references type="weak" candidates="317" cleared="0" enqueued="0" />
  <references type="phantom" candidates="31" cleared="0" enqueued="0" />
  <stringconstants candidates="13762" cleared="0"  />
</gc-op>
<gc-op id="858" type="classunload" timems="0.005" contextid="854" timestamp="2019-06-16T00:37:52.105">
  <classunload-info classloadercandidates="55" classloadersunloaded="0" classesunloaded="0" anonymousclassesunloaded="0" quiescems="0.000" setupms="0.005" scanms="0.000" postms="0.000" />
</gc-op>
<heap-resize id="859" type="contract" space="default" amount="5242880" count="1" timems="0.328" reason="excess free space following gc" timestamp="2019-06-16T00:37:52.106" />
<gc-end id="860" type="partial gc" contextid="854" durationms="5.865" usertimems="12.000" systemtimems="0.000" timestamp="2019-06-16T00:37:52.106" activeThreads="4">
  <mem-info id="861" free="53477376" total="87031808" percent="61">
    <mem type="eden" free="1048552" total="1048576" percent="99" />
    <remembered-set count="27296" freebytes="3574144" totalbytes="3683328" percent="97" regionsoverflowed="0" regionsstable="2" regionsrebuilding="0"/>
  </mem-info>
</gc-end>
<cycle-end id="862" type="partial gc" contextid="854" timestamp="2019-06-16T00:37:52.106" />
  <attribute name="elasticGC enabled" value="1" />
  <attribute name= "numThreadsSpecified" value="4" />
  <attribute name="heapSize specified" value="0" />
  <attribute name="Current GC Util" value="28" />
  <attribute name= "Current Time Running" value="11151" />
  <attribute name ="GC Interval" value="0" />
  <attribute name="ProportionalT" value="12.000000" />
  <attribute name="ProportionalI" value="12.000000" />
  <attribute name="ProportionalH" value="12.000000" />
  <attribute name="Current Error" value="8.000000" />
  <attribute name="IntegralT" value="0.000000" />
  <attribute name="IntegralI" value="0.000000" />
  <attribute name="IntegralH" value="0.000000" />
  <attribute name="DerivativeT" value="-inf" />
  <attribute name="DerivativeI" value="-inf" />
  <attribute name="DerivativeH" value="-inf" />
  <attribute name="Loop Time for DT" value="0.000000" />
  <attribute name="Output H" value="2091843584"/>
  <attribute name="Output I" value="200"/>
  <attribute name="Output T" value="4"/>
  <attribute name="Target GC Util Change" value ="20.000000" />
  <attribute name="Current GC Util Change" value="28.000000"/>
  <attribute name="GC Util currently" value="28" />
  <attribute name="CPU Util currently" value="9457889828415" />
<exclusive-end id="863" timestamp="2019-06-16T00:37:52.106" durationms="7.080" />

<exclusive-start id="864" timestamp="2019-06-16T00:37:52.121" intervalms="21.356">
  <response-info timems="0.069" idlems="0.069" threads="0" lastid="0000000001AE6700" lastname="main" />
</exclusive-start>
<allocation-taxation id="865" taxation-threshold="28311552" timestamp="2019-06-16T00:37:52.121" intervalms="21.234" />
<cycle-start id="866" type="partial gc" contextid="0" timestamp="2019-06-16T00:37:52.121" intervalms="21.243" />
<gc-start id="867" type="partial gc" contextid="866" timestamp="2019-06-16T00:37:52.121">
  <mem-info id="868" free="25165824" total="87031808" percent="28">
    <mem type="eden" free="1048552" total="29360128" percent="3" />
    <remembered-set count="27168" freebytes="3574656" totalbytes="3683328" percent="97" regionsoverflowed="0" regionsstable="2" regionsrebuilding="0"/>
  </mem-info>
</gc-start>
<allocation-stats totalBytes="28216400" >
  <allocated-bytes non-tlh="0" tlh="28216400" arrayletleaf="0"/>
  <largest-consumer threadName="main" threadId="0000000001AE6700" bytes="28216400" />
</allocation-stats>
<gc-op id="869" type="copy forward" timems="3.920" contextid="866" timestamp="2019-06-16T00:37:52.126">
  <memory-copied type="eden" objects="1" bytes="24" bytesdiscarded="0" />
  <memory-copied type="other" objects="41449" bytes="1004160" bytesdiscarded="11144" />
  <memory-cardclean objects="38594" bytes="1430424" />
  <regions eden="27" other="2" />
  <remembered-set-cleared processed="21114" cleared="4322" durationms="0.151" />
  <stringconstants candidates="13762" cleared="0"  />
</gc-op>
<gc-op id="870" type="classunload" timems="0.004" contextid="866" timestamp="2019-06-16T00:37:52.126">
  <classunload-info classloadercandidates="55" classloadersunloaded="0" classesunloaded="0" anonymousclassesunloaded="0" quiescems="0.000" setupms="0.004" scanms="0.000" postms="0.000" />
</gc-op>
<gc-end id="871" type="partial gc" contextid="866" durationms="5.453" usertimems="12.000" systemtimems="0.000" timestamp="2019-06-16T00:37:52.127" activeThreads="4">
  <mem-info id="872" free="53477376" total="87031808" percent="61">
    <mem type="eden" free="1048552" total="1048576" percent="99" />
    <remembered-set count="27040" freebytes="3365888" totalbytes="3474048" percent="96" regionsoverflowed="0" regionsstable="2" regionsrebuilding="0"/>
  </mem-info>
</gc-end>
<cycle-end id="873" type="partial gc" contextid="866" timestamp="2019-06-16T00:37:52.127" />
  <attribute name="elasticGC enabled" value="1" />
  <attribute name= "numThreadsSpecified" value="4" />
  <attribute name="heapSize specified" value="0" />
  <attribute name="Current GC Util" value="98" />
  <attribute name= "Current Time Running" value="11173" />
  <attribute name ="GC Interval" value="0" />
  <attribute name="ProportionalT" value="117.000000" />
  <attribute name="ProportionalI" value="117.000000" />
  <attribute name="ProportionalH" value="117.000000" />
  <attribute name="Current Error" value="78.000000" />
  <attribute name="IntegralT" value="78.000000" />
  <attribute name="IntegralI" value="78.000000" />
  <attribute name="IntegralH" value="78.000000" />
  <attribute name="DerivativeT" value="21.500000" />
  <attribute name="DerivativeI" value="21.500000" />
  <attribute name="DerivativeH" value="21.500000" />
  <attribute name="Loop Time for DT" value="1.000000" />
  <attribute name="Output H" value="8388608"/>
  <attribute name="Output I" value="216"/>
  <attribute name="Output T" value="4"/>
  <attribute name="Target GC Util Change" value ="20.000000" />
  <attribute name="Current GC Util Change" value="98.000000"/>
  <attribute name="GC Util currently" value="98" />
  <attribute name="CPU Util currently" value="7659590080736" />
<exclusive-end id="874" timestamp="2019-06-16T00:37:52.127" durationms="6.479" />

<exclusive-start id="875" timestamp="2019-06-16T00:37:52.134" intervalms="13.480">
  <response-info timems="0.075" idlems="0.075" threads="0" lastid="0000000001AE6700" lastname="main" />
</exclusive-start>
<allocation-taxation id="876" taxation-threshold="13631488" timestamp="2019-06-16T00:37:52.134" intervalms="13.554" />
<cycle-start id="877" type="global mark phase" contextid="0" timestamp="2019-06-16T00:37:52.135" intervalms="2485.139" />
<gc-start id="878" type="global mark phase" contextid="877" timestamp="2019-06-16T00:37:52.135">
  <mem-info id="879" free="39845888" total="87031808" percent="45">
    <remembered-set count="27040" freebytes="3365888" totalbytes="3474048" percent="96" regionsoverflowed="0" regionsstable="2" regionsrebuilding="0"/>
  </mem-info>
</gc-start>
<gc-op id="880" type="mark increment" timems="1.149" contextid="877" timestamp="2019-06-16T00:37:52.136">
  <trace-info objectcount="17087" scancount="5125" scanbytes="215628" />
</gc-op>
<gc-end id="881" type="global mark phase" contextid="877" durationms="1.333" usertimems="4.000" systemtimems="0.000" timestamp="2019-06-16T00:37:52.136" activeThreads="4">
  <mem-info id="882" free="39845888" total="87031808" percent="45">
    <remembered-set count="27552" freebytes="3363840" totalbytes="3474048" percent="96" regionsoverflowed="0" regionsstable="0" regionsrebuilding="2"/>
  </mem-info>
</gc-end>
<concurrent-start id="883" type="GMP work packet processing" contextid="877" timestamp="2019-06-16T00:37:52.136">
  <concurrent-mark-start scanTarget="1748233" />
</concurrent-start>
<exclusive-end id="884" timestamp="2019-06-16T00:37:52.136" durationms="2.192" />

<concurrent-end id="885" type="GMP work packet processing" contextid="877" timestamp="2019-06-16T00:37:52.138">
  <concurrent-mark-end bytesScanned="1824688" reasonForTermination="Work target met" />
</concurrent-end>

<exclusive-start id="886" timestamp="2019-06-16T00:37:52.145" intervalms="10.537">
  <response-info timems="0.077" idlems="0.077" threads="0" lastid="0000000001AE6700" lastname="main" />
</exclusive-start>
<allocation-taxation id="887" taxation-threshold="13631488" timestamp="2019-06-16T00:37:52.145" intervalms="10.501" />
<cycle-start id="888" type="partial gc" contextid="0" timestamp="2019-06-16T00:37:52.145" intervalms="24.079" />
<gc-start id="889" type="partial gc" contextid="888" timestamp="2019-06-16T00:37:52.145">
  <mem-info id="890" free="26214400" total="87031808" percent="30">
    <mem type="eden" free="1048552" total="28311552" percent="3" />
    <remembered-set count="33760" freebytes="3339008" totalbytes="3474048" percent="96" regionsoverflowed="0" regionsstable="0" regionsrebuilding="2"/>
  </mem-info>
</gc-start>
<allocation-stats totalBytes="27171256" >
  <allocated-bytes non-tlh="0" tlh="27171256" arrayletleaf="0"/>
  <largest-consumer threadName="main" threadId="0000000001AE6700" bytes="13586872" />
</allocation-stats>
<gc-op id="891" type="copy forward" timems="5.083" contextid="888" timestamp="2019-06-16T00:37:52.151">
  <memory-copied type="eden" objects="1" bytes="24" bytesdiscarded="0" />
  <memory-copied type="other" objects="41748" bytes="1035896" bytesdiscarded="384" />
  <memory-cardclean objects="11113" bytes="554368" />
  <regions eden="26" other="2" />
  <remembered-set-cleared processed="30647" cleared="3132" durationms="0.320" />
  <stringconstants candidates="13762" cleared="0"  />
</gc-op>
<gc-op id="892" type="classunload" timems="0.004" contextid="888" timestamp="2019-06-16T00:37:52.151">
  <classunload-info classloadercandidates="55" classloadersunloaded="0" classesunloaded="0" anonymousclassesunloaded="0" quiescems="0.000" setupms="0.003" scanms="0.000" postms="0.000" />
</gc-op>
<gc-end id="893" type="partial gc" contextid="888" durationms="6.256" usertimems="4.000" systemtimems="0.000" timestamp="2019-06-16T00:37:52.151" activeThreads="1">
  <mem-info id="894" free="53477376" total="87031808" percent="61">
    <mem type="eden" free="1048552" total="1048576" percent="99" />
    <remembered-set count="35296" freebytes="3332864" totalbytes="3474048" percent="95" regionsoverflowed="0" regionsstable="0" regionsrebuilding="2"/>
  </mem-info>
</gc-end>
<cycle-end id="895" type="partial gc" contextid="888" timestamp="2019-06-16T00:37:52.152" />
  <attribute name="elasticGC enabled" value="1" />
  <attribute name= "numThreadsSpecified" value="1" />
  <attribute name="heapSize specified" value="0" />
  <attribute name="Current GC Util" value="63" />
  <attribute name= "Current Time Running" value="11196" />
  <attribute name ="GC Interval" value="0" />
  <attribute name="ProportionalT" value="64.500000" />
  <attribute name="ProportionalI" value="64.500000" />
  <attribute name="ProportionalH" value="64.500000" />
  <attribute name="Current Error" value="43.000000" />
  <attribute name="IntegralT" value="0.000000" />
  <attribute name="IntegralI" value="0.000000" />
  <attribute name="IntegralH" value="0.000000" />
  <attribute name="DerivativeT" value="inf" />
  <attribute name="DerivativeI" value="inf" />
  <attribute name="DerivativeH" value="inf" />
  <attribute name="Loop Time for DT" value="0.000000" />
  <attribute name="Output H" value="8388608"/>
  <attribute name="Output I" value="200"/>
  <attribute name="Output T" value="1"/>
  <attribute name="Target GC Util Change" value ="20.000000" />
  <attribute name="Current GC Util Change" value="63.000000"/>
  <attribute name="GC Util currently" value="63" />
  <attribute name="CPU Util currently" value="19203356216364" />
<exclusive-end id="896" timestamp="2019-06-16T00:37:52.152" durationms="7.344" />

<exclusive-start id="897" timestamp="2019-06-16T00:37:52.159" intervalms="14.344">
  <response-info timems="0.077" idlems="0.077" threads="0" lastid="0000000001AE6700" lastname="main" />
</exclusive-start>
<allocation-taxation id="898" taxation-threshold="13631488" timestamp="2019-06-16T00:37:52.159" intervalms="14.389" />
<gc-start id="899" type="global mark phase" contextid="877" timestamp="2019-06-16T00:37:52.159">
  <mem-info id="900" free="39845888" total="87031808" percent="45">
    <remembered-set count="35232" freebytes="3333120" totalbytes="3474048" percent="95" regionsoverflowed="0" regionsstable="0" regionsrebuilding="2"/>
  </mem-info>
</gc-start>
<gc-end id="901" type="global mark phase" contextid="877" durationms="0.146" usertimems="0.000" systemtimems="0.000" timestamp="2019-06-16T00:37:52.160" activeThreads="1">
  <mem-info id="902" free="39845888" total="87031808" percent="45">
    <remembered-set count="35232" freebytes="3333120" totalbytes="3474048" percent="95" regionsoverflowed="0" regionsstable="0" regionsrebuilding="2"/>
  </mem-info>
</gc-end>
<concurrent-start id="903" type="GMP work packet processing" contextid="877" timestamp="2019-06-16T00:37:52.160">
  <concurrent-mark-start scanTarget="1048576" />
</concurrent-start>
<exclusive-end id="904" timestamp="2019-06-16T00:37:52.160" durationms="0.902" />

<concurrent-end id="905" type="GMP work packet processing" contextid="877" timestamp="2019-06-16T00:37:52.161">
  <concurrent-mark-end bytesScanned="1093268" reasonForTermination="Work target met" />
</concurrent-end>

<exclusive-start id="906" timestamp="2019-06-16T00:37:52.168" intervalms="8.820">
  <response-info timems="0.079" idlems="0.079" threads="0" lastid="0000000001AE6700" lastname="main" />
</exclusive-start>
<allocation-taxation id="907" taxation-threshold="13631488" timestamp="2019-06-16T00:37:52.168" intervalms="8.755" />
<cycle-start id="908" type="partial gc" contextid="0" timestamp="2019-06-16T00:37:52.168" intervalms="23.172" />
<gc-start id="909" type="partial gc" contextid="908" timestamp="2019-06-16T00:37:52.168">
  <mem-info id="910" free="26214400" total="87031808" percent="30">
    <mem type="eden" free="1048552" total="28311552" percent="3" />
    <remembered-set count="37792" freebytes="3322880" totalbytes="3474048" percent="95" regionsoverflowed="0" regionsstable="0" regionsrebuilding="2"/>
  </mem-info>
</gc-start>
<allocation-stats totalBytes="27171256" >
  <allocated-bytes non-tlh="0" tlh="27171256" arrayletleaf="0"/>
  <largest-consumer threadName="main" threadId="0000000001AE6700" bytes="13586872" />
</allocation-stats>
<gc-op id="911" type="copy forward" timems="4.382" contextid="908" timestamp="2019-06-16T00:37:52.174">
  <memory-copied type="eden" objects="1" bytes="24" bytesdiscarded="0" />
  <memory-copied type="other" objects="42833" bytes="1047760" bytesdiscarded="28416" />
  <memory-cardclean objects="8436" bytes="482752" />
  <regions eden="26" other="2" />
  <remembered-set-cleared processed="34417" cleared="3209" durationms="0.174" />
  <stringconstants candidates="13762" cleared="0"  />
</gc-op>
<gc-op id="912" type="classunload" timems="0.005" contextid="908" timestamp="2019-06-16T00:37:52.174">
  <classunload-info classloadercandidates="55" classloadersunloaded="0" classesunloaded="0" anonymousclassesunloaded="0" quiescems="0.000" setupms="0.004" scanms="0.000" postms="0.000" />
</gc-op>
<gc-end id="913" type="partial gc" contextid="908" durationms="5.625" usertimems="12.000" systemtimems="0.000" timestamp="2019-06-16T00:37:52.174" activeThreads="4">
  <mem-info id="914" free="53477376" total="87031808" percent="61">
    <mem type="eden" free="1048552" total="1048576" percent="99" />
    <remembered-set count="39616" freebytes="3315584" totalbytes="3474048" percent="95" regionsoverflowed="0" regionsstable="0" regionsrebuilding="2"/>
  </mem-info>
</gc-end>
<cycle-end id="915" type="partial gc" contextid="908" timestamp="2019-06-16T00:37:52.174" />
  <attribute name="elasticGC enabled" value="1" />
  <attribute name= "numThreadsSpecified" value="4" />
  <attribute name="heapSize specified" value="0" />
  <attribute name="Current GC Util" value="177" />
  <attribute name= "Current Time Running" value="11220" />
  <attribute name ="GC Interval" value="0" />
  <attribute name="ProportionalT" value="235.500000" />
  <attribute name="ProportionalI" value="235.500000" />
  <attribute name="ProportionalH" value="235.500000" />
  <attribute name="Current Error" value="157.000000" />
  <attribute name="IntegralT" value="157.000000" />
  <attribute name="IntegralI" value="157.000000" />
  <attribute name="IntegralH" value="157.000000" />
  <attribute name="DerivativeT" value="70.500000" />
  <attribute name="DerivativeI" value="70.500000" />
  <attribute name="DerivativeH" value="70.500000" />
  <attribute name="Loop Time for DT" value="1.000000" />
  <attribute name="Output H" value="8388608"/>
  <attribute name="Output I" value="464"/>
  <attribute name="Output T" value="4"/>
  <attribute name="Target GC Util Change" value ="20.000000" />
  <attribute name="Current GC Util Change" value="177.000000"/>
  <attribute name="GC Util currently" value="177" />
  <attribute name="CPU Util currently" value="13719743540872" />
<exclusive-end id="916" timestamp="2019-06-16T00:37:52.174" durationms="6.688" />

<exclusive-start id="917" timestamp="2019-06-16T00:37:52.181" intervalms="13.619">
  <response-info timems="0.075" idlems="0.075" threads="0" lastid="0000000001AE6700" lastname="main" />
</exclusive-start>
<allocation-taxation id="918" taxation-threshold="13631488" timestamp="2019-06-16T00:37:52.182" intervalms="13.614" />
<gc-start id="919" type="global mark phase" contextid="877" timestamp="2019-06-16T00:37:52.182">
  <mem-info id="920" free="39845888" total="87031808" percent="45">
    <remembered-set count="39616" freebytes="3315584" totalbytes="3474048" percent="95" regionsoverflowed="0" regionsstable="0" regionsrebuilding="2"/>
  </mem-info>
</gc-start>
<gc-end id="921" type="global mark phase" contextid="877" durationms="0.152" usertimems="0.000" systemtimems="0.000" timestamp="2019-06-16T00:37:52.182" activeThreads="4">
  <mem-info id="922" free="39845888" total="87031808" percent="45">
    <remembered-set count="39616" freebytes="3315584" totalbytes="3474048" percent="95" regionsoverflowed="0" regionsstable="0" regionsrebuilding="2"/>
  </mem-info>
</gc-end>
<concurrent-start id="923" type="GMP work packet processing" contextid="877" timestamp="2019-06-16T00:37:52.182">
  <concurrent-mark-start scanTarget="1748233" />
</concurrent-start>
<exclusive-end id="924" timestamp="2019-06-16T00:37:52.182" durationms="0.800" />

<concurrent-end id="925" type="GMP work packet processing" contextid="877" timestamp="2019-06-16T00:37:52.184">
  <concurrent-mark-end bytesScanned="1784116" reasonForTermination="Work target met" />
</concurrent-end>

<exclusive-start id="926" timestamp="2019-06-16T00:37:52.190" intervalms="9.025">
  <response-info timems="0.078" idlems="0.078" threads="0" lastid="0000000001AE6700" lastname="main" />
</exclusive-start>
<allocation-taxation id="927" taxation-threshold="13631488" timestamp="2019-06-16T00:37:52.191" intervalms="9.023" />
<cycle-start id="928" type="partial gc" contextid="0" timestamp="2019-06-16T00:37:52.191" intervalms="22.602" />
<gc-start id="929" type="partial gc" contextid="928" timestamp="2019-06-16T00:37:52.191">
  <mem-info id="930" free="26214400" total="87031808" percent="30">
    <mem type="eden" free="1048552" total="28311552" percent="3" />
    <remembered-set count="52576" freebytes="3263744" totalbytes="3474048" percent="93" regionsoverflowed="0" regionsstable="0" regionsrebuilding="2"/>
  </mem-info>
</gc-start>
<allocation-stats totalBytes="27171256" >
  <allocated-bytes non-tlh="0" tlh="27171256" arrayletleaf="0"/>
  <largest-consumer threadName="main" threadId="0000000001AE6700" bytes="13586872" />
</allocation-stats>
<gc-op id="931" type="copy forward" timems="5.152" contextid="928" timestamp="2019-06-16T00:37:52.197">
  <memory-copied type="eden" objects="1" bytes="24" bytesdiscarded="0" />
  <memory-copied type="other" objects="40043" bytes="1038336" bytesdiscarded="344" />
  <memory-cardclean objects="7924" bytes="474672" />
  <regions eden="26" other="2" />
  <remembered-set-cleared processed="49168" cleared="3416" durationms="0.417" />
  <stringconstants candidates="13762" cleared="0"  />
</gc-op>
<gc-op id="932" type="classunload" timems="0.004" contextid="928" timestamp="2019-06-16T00:37:52.197">
  <classunload-info classloadercandidates="55" classloadersunloaded="0" classesunloaded="0" anonymousclassesunloaded="0" quiescems="0.000" setupms="0.004" scanms="0.000" postms="0.000" />
</gc-op>
<gc-end id="933" type="partial gc" contextid="928" durationms="6.398" usertimems="8.000" systemtimems="0.000" timestamp="2019-06-16T00:37:52.197" activeThreads="1">
  <mem-info id="934" free="53477376" total="87031808" percent="61">
    <mem type="eden" free="1048552" total="1048576" percent="99" />
    <remembered-set count="54592" freebytes="3255680" totalbytes="3474048" percent="93" regionsoverflowed="0" regionsstable="0" regionsrebuilding="2"/>
  </mem-info>
</gc-end>
<cycle-end id="935" type="partial gc" contextid="928" timestamp="2019-06-16T00:37:52.198" />
  <attribute name="elasticGC enabled" value="1" />
  <attribute name= "numThreadsSpecified" value="1" />
  <attribute name="heapSize specified" value="0" />
  <attribute name="Current GC Util" value="170" />
  <attribute name= "Current Time Running" value="11242" />
  <attribute name ="GC Interval" value="0" />
  <attribute name="ProportionalT" value="225.000000" />
  <attribute name="ProportionalI" value="225.000000" />
  <attribute name="ProportionalH" value="225.000000" />
  <attribute name="Current Error" value="150.000000" />
  <attribute name="IntegralT" value="0.000000" />
  <attribute name="IntegralI" value="0.000000" />
  <attribute name="IntegralH" value="0.000000" />
  <attribute name="DerivativeT" value="inf" />
  <attribute name="DerivativeI" value="inf" />
  <attribute name="DerivativeH" value="inf" />
  <attribute name="Loop Time for DT" value="0.000000" />
  <attribute name="Output H" value="8388608"/>
  <attribute name="Output I" value="200"/>
  <attribute name="Output T" value="1"/>
  <attribute name="Target GC Util Change" value ="20.000000" />
  <attribute name="Current GC Util Change" value="170.000000"/>
  <attribute name="GC Util currently" value="170" />
  <attribute name="CPU Util currently" value="13212599222819" />
<exclusive-end id="936" timestamp="2019-06-16T00:37:52.198" durationms="7.433" />

<exclusive-start id="937" timestamp="2019-06-16T00:37:52.205" intervalms="14.432">
  <response-info timems="0.077" idlems="0.077" threads="0" lastid="0000000001AE6700" lastname="main" />
</exclusive-start>
<allocation-taxation id="938" taxation-threshold="13631488" timestamp="2019-06-16T00:37:52.205" intervalms="14.509" />
<gc-start id="939" type="global mark phase" contextid="877" timestamp="2019-06-16T00:37:52.205">
  <mem-info id="940" free="39845888" total="87031808" percent="45">
    <remembered-set count="54336" freebytes="3256704" totalbytes="3474048" percent="93" regionsoverflowed="0" regionsstable="0" regionsrebuilding="2"/>
  </mem-info>
</gc-start>
<gc-end id="941" type="global mark phase" contextid="877" durationms="0.153" usertimems="0.000" systemtimems="0.000" timestamp="2019-06-16T00:37:52.205" activeThreads="1">
  <mem-info id="942" free="39845888" total="87031808" percent="45">
    <remembered-set count="54336" freebytes="3256704" totalbytes="3474048" percent="93" regionsoverflowed="0" regionsstable="0" regionsrebuilding="2"/>
  </mem-info>
</gc-end>
<concurrent-start id="943" type="GMP work packet processing" contextid="877" timestamp="2019-06-16T00:37:52.206">
  <concurrent-mark-start scanTarget="1048576" />
</concurrent-start>
<exclusive-end id="944" timestamp="2019-06-16T00:37:52.206" durationms="0.881" />

<concurrent-end id="945" type="GMP work packet processing" contextid="877" timestamp="2019-06-16T00:37:52.207">
  <concurrent-mark-end bytesScanned="1091372" reasonForTermination="Work target met" />
</concurrent-end>

<exclusive-start id="946" timestamp="2019-06-16T00:37:52.213" intervalms="8.632">
  <response-info timems="0.073" idlems="0.073" threads="0" lastid="0000000001AE6700" lastname="main" />
</exclusive-start>
<allocation-taxation id="947" taxation-threshold="13631488" timestamp="2019-06-16T00:37:52.214" intervalms="8.527" />
<cycle-start id="948" type="partial gc" contextid="0" timestamp="2019-06-16T00:37:52.214" intervalms="23.082" />
<gc-start id="949" type="partial gc" contextid="948" timestamp="2019-06-16T00:37:52.214">
  <mem-info id="950" free="26214400" total="87031808" percent="30">
    <mem type="eden" free="1048552" total="28311552" percent="3" />
    <remembered-set count="60544" freebytes="3231872" totalbytes="3474048" percent="93" regionsoverflowed="0" regionsstable="0" regionsrebuilding="2"/>
  </mem-info>
</gc-start>
<allocation-stats totalBytes="27171256" >
  <allocated-bytes non-tlh="0" tlh="27171256" arrayletleaf="0"/>
  <largest-consumer threadName="main" threadId="0000000001AE6700" bytes="13586872" />
</allocation-stats>
<gc-op id="951" type="copy forward" timems="5.305" contextid="948" timestamp="2019-06-16T00:37:52.220">
  <memory-copied type="eden" objects="1" bytes="24" bytesdiscarded="0" />
  <memory-copied type="other" objects="42666" bytes="1048056" bytesdiscarded="376" />
  <memory-cardclean objects="8473" bytes="486992" />
  <regions eden="26" other="2" />
  <remembered-set-cleared processed="56986" cleared="3565" durationms="0.477" />
  <stringconstants candidates="13762" cleared="0"  />
</gc-op>
<gc-op id="952" type="classunload" timems="0.006" contextid="948" timestamp="2019-06-16T00:37:52.220">
  <classunload-info classloadercandidates="55" classloadersunloaded="0" classesunloaded="0" anonymousclassesunloaded="0" quiescems="0.000" setupms="0.005" scanms="0.000" postms="0.000" />
</gc-op>
<gc-end id="953" type="partial gc" contextid="948" durationms="6.496" usertimems="8.000" systemtimems="0.000" timestamp="2019-06-16T00:37:52.221" activeThreads="1">
  <mem-info id="954" free="53477376" total="87031808" percent="61">
    <mem type="eden" free="1048552" total="1048576" percent="99" />
    <remembered-set count="61536" freebytes="3227904" totalbytes="3474048" percent="92" regionsoverflowed="0" regionsstable="0" regionsrebuilding="2"/>
  </mem-info>
</gc-end>
<cycle-end id="955" type="partial gc" contextid="948" timestamp="2019-06-16T00:37:52.221" />
  <attribute name="elasticGC enabled" value="1" />
  <attribute name= "numThreadsSpecified" value="1" />
  <attribute name="heapSize specified" value="0" />
  <attribute name="Current GC Util" value="161" />
  <attribute name= "Current Time Running" value="11265" />
  <attribute name ="GC Interval" value="0" />
  <attribute name="ProportionalT" value="211.500000" />
  <attribute name="ProportionalI" value="211.500000" />
  <attribute name="ProportionalH" value="211.500000" />
  <attribute name="Current Error" value="141.000000" />
  <attribute name="IntegralT" value="0.000000" />
  <attribute name="IntegralI" value="0.000000" />
  <attribute name="IntegralH" value="0.000000" />
  <attribute name="DerivativeT" value="inf" />
  <attribute name="DerivativeI" value="inf" />
  <attribute name="DerivativeH" value="inf" />
  <attribute name="Loop Time for DT" value="0.000000" />
  <attribute name="Output H" value="8388608"/>
  <attribute name="Output I" value="200"/>
  <attribute name="Output T" value="1"/>
  <attribute name="Target GC Util Change" value ="20.000000" />
  <attribute name="Current GC Util Change" value="161.000000"/>
  <attribute name="GC Util currently" value="161" />
  <attribute name="CPU Util currently" value="12369174718955" />
<exclusive-end id="956" timestamp="2019-06-16T00:37:52.221" durationms="7.322" />

<exclusive-start id="957" timestamp="2019-06-16T00:37:52.228" intervalms="14.333">
  <response-info timems="0.087" idlems="0.087" threads="0" lastid="0000000001AE6700" lastname="main" />
</exclusive-start>
<allocation-taxation id="958" taxation-threshold="13631488" timestamp="2019-06-16T00:37:52.228" intervalms="14.432" />
<gc-start id="959" type="global mark phase" contextid="877" timestamp="2019-06-16T00:37:52.228">
  <mem-info id="960" free="39845888" total="87031808" percent="45">
    <remembered-set count="60800" freebytes="3230848" totalbytes="3474048" percent="92" regionsoverflowed="0" regionsstable="1" regionsrebuilding="2"/>
  </mem-info>
</gc-start>
<gc-end id="961" type="global mark phase" contextid="877" durationms="0.194" usertimems="0.000" systemtimems="0.000" timestamp="2019-06-16T00:37:52.228" activeThreads="1">
  <mem-info id="962" free="39845888" total="87031808" percent="45">
    <remembered-set count="60800" freebytes="3230848" totalbytes="3474048" percent="92" regionsoverflowed="0" regionsstable="1" regionsrebuilding="2"/>
  </mem-info>
</gc-end>
<concurrent-start id="963" type="GMP work packet processing" contextid="877" timestamp="2019-06-16T00:37:52.229">
  <concurrent-mark-start scanTarget="1048576" />
</concurrent-start>
<exclusive-end id="964" timestamp="2019-06-16T00:37:52.229" durationms="0.976" />

<concurrent-end id="965" type="GMP work packet processing" contextid="877" timestamp="2019-06-16T00:37:52.230">
  <concurrent-mark-end bytesScanned="1093500" reasonForTermination="Work target met" />
</concurrent-end>

<exclusive-start id="966" timestamp="2019-06-16T00:37:52.237" intervalms="8.755">
  <response-info timems="0.083" idlems="0.083" threads="0" lastid="0000000001AE6700" lastname="main" />
</exclusive-start>
<allocation-taxation id="967" taxation-threshold="13631488" timestamp="2019-06-16T00:37:52.237" intervalms="8.722" />
<cycle-start id="968" type="partial gc" contextid="0" timestamp="2019-06-16T00:37:52.237" intervalms="23.156" />
<gc-start id="969" type="partial gc" contextid="968" timestamp="2019-06-16T00:37:52.237">
  <mem-info id="970" free="26214400" total="87031808" percent="30">
    <mem type="eden" free="1048552" total="28311552" percent="3" />
    <remembered-set count="66432" freebytes="3208320" totalbytes="3474048" percent="92" regionsoverflowed="0" regionsstable="1" regionsrebuilding="2"/>
  </mem-info>
</gc-start>
<allocation-stats totalBytes="27171232" >
  <allocated-bytes non-tlh="0" tlh="27171232" arrayletleaf="0"/>
  <largest-consumer threadName="main" threadId="0000000001AE6700" bytes="13586848" />
</allocation-stats>
<gc-op id="971" type="copy forward" timems="4.004" contextid="968" timestamp="2019-06-16T00:37:52.242">
  <memory-copied type="eden" objects="1" bytes="24" bytesdiscarded="0" />
  <memory-copied type="other" objects="30096" bytes="1048280" bytesdiscarded="42216" />
  <memory-cardclean objects="14703" bytes="380368" />
  <regions eden="26" other="2" />
  <remembered-set-cleared processed="62885" cleared="4646" durationms="0.381" />
  <stringconstants candidates="13762" cleared="0"  />
</gc-op>
<gc-op id="972" type="classunload" timems="0.004" contextid="968" timestamp="2019-06-16T00:37:52.242">
  <classunload-info classloadercandidates="55" classloadersunloaded="0" classesunloaded="0" anonymousclassesunloaded="0" quiescems="0.000" setupms="0.004" scanms="0.000" postms="0.000" />
</gc-op>
<gc-end id="973" type="partial gc" contextid="968" durationms="5.281" usertimems="8.000" systemtimems="0.000" timestamp="2019-06-16T00:37:52.243" activeThreads="4">
  <mem-info id="974" free="53477376" total="87031808" percent="61">
    <mem type="eden" free="1048552" total="1048576" percent="99" />
    <remembered-set count="66624" freebytes="3207552" totalbytes="3474048" percent="92" regionsoverflowed="0" regionsstable="1" regionsrebuilding="2"/>
  </mem-info>
</gc-end>
<cycle-end id="975" type="partial gc" contextid="968" timestamp="2019-06-16T00:37:52.243" />
  <attribute name="elasticGC enabled" value="1" />
  <attribute name= "numThreadsSpecified" value="4" />
  <attribute name="heapSize specified" value="0" />
  <attribute name="Current GC Util" value="156" />
  <attribute name= "Current Time Running" value="11289" />
  <attribute name ="GC Interval" value="0" />
  <attribute name="ProportionalT" value="204.000000" />
  <attribute name="ProportionalI" value="204.000000" />
  <attribute name="ProportionalH" value="204.000000" />
  <attribute name="Current Error" value="136.000000" />
  <attribute name="IntegralT" value="136.000000" />
  <attribute name="IntegralI" value="136.000000" />
  <attribute name="IntegralH" value="136.000000" />
  <attribute name="DerivativeT" value="60.000000" />
  <attribute name="DerivativeI" value="60.000000" />
  <attribute name="DerivativeH" value="60.000000" />
  <attribute name="Loop Time for DT" value="1.000000" />
  <attribute name="Output H" value="8388608"/>
  <attribute name="Output I" value="400"/>
  <attribute name="Output T" value="4"/>
  <attribute name="Target GC Util Change" value ="20.000000" />
  <attribute name="Current GC Util Change" value="156.000000"/>
  <attribute name="GC Util currently" value="156" />
  <attribute name="CPU Util currently" value="12771640138120" />
<exclusive-end id="976" timestamp="2019-06-16T00:37:52.243" durationms="6.398" />

<exclusive-start id="977" timestamp="2019-06-16T00:37:52.250" intervalms="13.380">
  <response-info timems="0.087" idlems="0.087" threads="0" lastid="0000000001AE6700" lastname="main" />
</exclusive-start>
<allocation-taxation id="978" taxation-threshold="13631488" timestamp="2019-06-16T00:37:52.250" intervalms="13.344" />
<gc-start id="979" type="global mark phase" contextid="877" timestamp="2019-06-16T00:37:52.250">
  <mem-info id="980" free="39845888" total="87031808" percent="45">
    <remembered-set count="65312" freebytes="3212800" totalbytes="3474048" percent="92" regionsoverflowed="0" regionsstable="3" regionsrebuilding="2"/>
  </mem-info>
</gc-start>
<gc-end id="981" type="global mark phase" contextid="877" durationms="0.136" usertimems="0.000" systemtimems="0.000" timestamp="2019-06-16T00:37:52.250" activeThreads="4">
  <mem-info id="982" free="39845888" total="87031808" percent="45">
    <remembered-set count="65312" freebytes="3212800" totalbytes="3474048" percent="92" regionsoverflowed="0" regionsstable="3" regionsrebuilding="2"/>
  </mem-info>
</gc-end>
<concurrent-start id="983" type="GMP work packet processing" contextid="877" timestamp="2019-06-16T00:37:52.251">
  <concurrent-mark-start scanTarget="1748233" />
</concurrent-start>
<exclusive-end id="984" timestamp="2019-06-16T00:37:52.251" durationms="0.713" />

<exclusive-start id="985" timestamp="2019-06-16T00:37:52.263" intervalms="12.814">
  <response-info timems="0.071" idlems="0.071" threads="0" lastid="0000000001AE6700" lastname="main" />
</exclusive-start>
<concurrent-end id="986" type="GMP work packet processing" contextid="877" timestamp="2019-06-16T00:37:52.263">
  <concurrent-mark-end bytesScanned="1788524" reasonForTermination="Work target met" />
</concurrent-end>

<allocation-taxation id="987" taxation-threshold="13631488" timestamp="2019-06-16T00:37:52.263" intervalms="12.925" />
<cycle-start id="988" type="partial gc" contextid="0" timestamp="2019-06-16T00:37:52.263" intervalms="26.457" />
<gc-start id="989" type="partial gc" contextid="988" timestamp="2019-06-16T00:37:52.264">
  <mem-info id="990" free="26214400" total="87031808" percent="30">
    <mem type="eden" free="1048552" total="28311552" percent="3" />
    <remembered-set count="77120" freebytes="3165568" totalbytes="3474048" percent="91" regionsoverflowed="0" regionsstable="3" regionsrebuilding="2"/>
  </mem-info>
</gc-start>
<allocation-stats totalBytes="27132360" >
  <allocated-bytes non-tlh="0" tlh="27132360" arrayletleaf="0"/>
  <largest-consumer threadName="main" threadId="0000000001AE6700" bytes="13547952" />
</allocation-stats>
<gc-op id="991" type="copy forward" timems="5.337" contextid="988" timestamp="2019-06-16T00:37:52.270">
  <memory-copied type="eden" objects="27" bytes="1920" bytesdiscarded="0" />
  <memory-copied type="other" objects="42387" bytes="1048280" bytesdiscarded="360" />
  <memory-cardclean objects="11341" bytes="452672" />
  <regions eden="26" other="2" />
  <remembered-set-cleared processed="74420" cleared="5000" durationms="0.589" />
  <stringconstants candidates="13762" cleared="0"  />
</gc-op>
<gc-op id="992" type="classunload" timems="0.004" contextid="988" timestamp="2019-06-16T00:37:52.270">
  <classunload-info classloadercandidates="55" classloadersunloaded="0" classesunloaded="0" anonymousclassesunloaded="0" quiescems="0.000" setupms="0.004" scanms="0.000" postms="0.000" />
</gc-op>
<gc-end id="993" type="partial gc" contextid="988" durationms="6.508" usertimems="8.000" systemtimems="0.000" timestamp="2019-06-16T00:37:52.270" activeThreads="1">
  <mem-info id="994" free="53477376" total="87031808" percent="61">
    <mem type="eden" free="1046656" total="1048576" percent="99" />
    <remembered-set count="76256" freebytes="3169024" totalbytes="3474048" percent="91" regionsoverflowed="0" regionsstable="3" regionsrebuilding="2"/>
  </mem-info>
</gc-end>
<cycle-end id="995" type="partial gc" contextid="988" timestamp="2019-06-16T00:37:52.270" />
  <attribute name="elasticGC enabled" value="1" />
  <attribute name= "numThreadsSpecified" value="1" />
  <attribute name="heapSize specified" value="0" />
  <attribute name="Current GC Util" value="63" />
  <attribute name= "Current Time Running" value="11315" />
  <attribute name ="GC Interval" value="0" />
  <attribute name="ProportionalT" value="64.500000" />
  <attribute name="ProportionalI" value="64.500000" />
  <attribute name="ProportionalH" value="64.500000" />
  <attribute name="Current Error" value="43.000000" />
  <attribute name="IntegralT" value="0.000000" />
  <attribute name="IntegralI" value="0.000000" />
  <attribute name="IntegralH" value="0.000000" />
  <attribute name="DerivativeT" value="inf" />
  <attribute name="DerivativeI" value="inf" />
  <attribute name="DerivativeH" value="inf" />
  <attribute name="Loop Time for DT" value="0.000000" />
  <attribute name="Output H" value="8388608"/>
  <attribute name="Output I" value="200"/>
  <attribute name="Output T" value="1"/>
  <attribute name="Target GC Util Change" value ="20.000000" />
  <attribute name="Current GC Util Change" value="63.000000"/>
  <attribute name="GC Util currently" value="63" />
  <attribute name="CPU Util currently" value="19137214680973" />
<exclusive-end id="996" timestamp="2019-06-16T00:37:52.271" durationms="7.817" />

<exclusive-start id="997" timestamp="2019-06-16T00:37:52.279" intervalms="16.300">
  <response-info timems="0.072" idlems="0.072" threads="0" lastid="0000000001AE6700" lastname="main" />
</exclusive-start>
<allocation-taxation id="998" taxation-threshold="13631488" timestamp="2019-06-16T00:37:52.279" intervalms="16.201" />
<gc-start id="999" type="global mark phase" contextid="877" timestamp="2019-06-16T00:37:52.279">
  <mem-info id="1000" free="39845888" total="87031808" percent="45">
    <remembered-set count="75392" freebytes="3172480" totalbytes="3474048" percent="91" regionsoverflowed="0" regionsstable="4" regionsrebuilding="2"/>
  </mem-info>
</gc-start>
<gc-end id="1001" type="global mark phase" contextid="877" durationms="0.137" usertimems="0.000" systemtimems="0.000" timestamp="2019-06-16T00:37:52.280" activeThreads="1">
  <mem-info id="1002" free="39845888" total="87031808" percent="45">
    <remembered-set count="75392" freebytes="3172480" totalbytes="3474048" percent="91" regionsoverflowed="0" regionsstable="4" regionsrebuilding="2"/>
  </mem-info>
</gc-end>
<concurrent-start id="1003" type="GMP work packet processing" contextid="877" timestamp="2019-06-16T00:37:52.280">
  <concurrent-mark-start scanTarget="1048576" />
</concurrent-start>
<concurrent-end id="1004" type="GMP work packet processing" contextid="877" timestamp="2019-06-16T00:37:52.281">
  <concurrent-mark-end bytesScanned="1080160" reasonForTermination="Work target met" />
</concurrent-end>

<exclusive-end id="1005" timestamp="2019-06-16T00:37:52.281" durationms="1.554" />

<exclusive-start id="1006" timestamp="2019-06-16T00:37:52.289" intervalms="10.037">
  <response-info timems="0.068" idlems="0.068" threads="0" lastid="0000000001AE6700" lastname="main" />
</exclusive-start>
<allocation-taxation id="1007" taxation-threshold="13631488" timestamp="2019-06-16T00:37:52.289" intervalms="10.029" />
<cycle-start id="1008" type="partial gc" contextid="0" timestamp="2019-06-16T00:37:52.289" intervalms="25.988" />
<gc-start id="1009" type="partial gc" contextid="1008" timestamp="2019-06-16T00:37:52.290">
  <mem-info id="1010" free="26214400" total="87031808" percent="30">
    <mem type="eden" free="0" total="27262976" percent="0" />
    <remembered-set count="83488" freebytes="3140096" totalbytes="3474048" percent="90" regionsoverflowed="0" regionsstable="4" regionsrebuilding="2"/>
  </mem-info>
</gc-start>
<allocation-stats totalBytes="27081600" >
  <allocated-bytes non-tlh="0" tlh="27081600" arrayletleaf="0"/>
  <largest-consumer threadName="main" threadId="0000000001AE6700" bytes="13540800" />
</allocation-stats>
<gc-op id="1011" type="copy forward" timems="5.694" contextid="1008" timestamp="2019-06-16T00:37:52.296">
  <memory-copied type="eden" objects="0" bytes="0" bytesdiscarded="0" />
  <memory-copied type="other" objects="45735" bytes="1050136" bytesdiscarded="152" />
  <memory-cardclean objects="11330" bytes="700256" />
  <regions eden="26" other="2" />
  <remembered-set-cleared processed="80503" cleared="5205" durationms="0.691" />
  <references type="weak" candidates="6" cleared="0" enqueued="0" />
  <stringconstants candidates="13762" cleared="0"  />
</gc-op>
<gc-op id="1012" type="classunload" timems="0.004" contextid="1008" timestamp="2019-06-16T00:37:52.296">
  <classunload-info classloadercandidates="55" classloadersunloaded="0" classesunloaded="0" anonymousclassesunloaded="0" quiescems="0.000" setupms="0.004" scanms="0.000" postms="0.000" />
</gc-op>
<gc-end id="1013" type="partial gc" contextid="1008" durationms="6.860" usertimems="0.000" systemtimems="4.000" timestamp="2019-06-16T00:37:52.296" activeThreads="1">
  <mem-info id="1014" free="53477376" total="87031808" percent="61">
    <remembered-set count="82048" freebytes="3145856" totalbytes="3474048" percent="90" regionsoverflowed="0" regionsstable="4" regionsrebuilding="2"/>
  </mem-info>
</gc-end>
<cycle-end id="1015" type="partial gc" contextid="1008" timestamp="2019-06-16T00:37:52.297" />
  <attribute name="elasticGC enabled" value="1" />
  <attribute name= "numThreadsSpecified" value="1" />
  <attribute name="heapSize specified" value="0" />
  <attribute name="Current GC Util" value="59" />
  <attribute name= "Current Time Running" value="11341" />
  <attribute name ="GC Interval" value="0" />
  <attribute name="ProportionalT" value="58.500000" />
  <attribute name="ProportionalI" value="58.500000" />
  <attribute name="ProportionalH" value="58.500000" />
  <attribute name="Current Error" value="39.000000" />
  <attribute name="IntegralT" value="0.000000" />
  <attribute name="IntegralI" value="0.000000" />
  <attribute name="IntegralH" value="0.000000" />
  <attribute name="DerivativeT" value="inf" />
  <attribute name="DerivativeI" value="inf" />
  <attribute name="DerivativeH" value="inf" />
  <attribute name="Loop Time for DT" value="0.000000" />
  <attribute name="Output H" value="8388608"/>
  <attribute name="Output I" value="200"/>
  <attribute name="Output T" value="1"/>
  <attribute name="Target GC Util Change" value ="20.000000" />
  <attribute name="Current GC Util Change" value="59.000000"/>
  <attribute name="GC Util currently" value="59" />
  <attribute name="CPU Util currently" value="17916835643502" />
<exclusive-end id="1016" timestamp="2019-06-16T00:37:52.297" durationms="7.769" />

<exclusive-start id="1017" timestamp="2019-06-16T00:37:52.305" intervalms="16.265">
  <response-info timems="0.106" idlems="0.106" threads="0" lastid="0000000001AE6700" lastname="main" />
</exclusive-start>
<allocation-taxation id="1018" taxation-threshold="13631488" timestamp="2019-06-16T00:37:52.305" intervalms="16.185" />
<gc-start id="1019" type="global mark phase" contextid="877" timestamp="2019-06-16T00:37:52.306">
  <mem-info id="1020" free="39845888" total="87031808" percent="45">
    <remembered-set count="81056" freebytes="3149824" totalbytes="3474048" percent="90" regionsoverflowed="0" regionsstable="5" regionsrebuilding="2"/>
  </mem-info>
</gc-start>
<gc-end id="1021" type="global mark phase" contextid="877" durationms="0.043" usertimems="0.000" systemtimems="0.000" timestamp="2019-06-16T00:37:52.306" activeThreads="1">
  <mem-info id="1022" free="39845888" total="87031808" percent="45">
    <remembered-set count="81056" freebytes="3149824" totalbytes="3474048" percent="90" regionsoverflowed="0" regionsstable="5" regionsrebuilding="2"/>
  </mem-info>
</gc-end>
<concurrent-start id="1023" type="GMP work packet processing" contextid="877" timestamp="2019-06-16T00:37:52.306">
  <concurrent-mark-start scanTarget="1048576" />
</concurrent-start>
<concurrent-end id="1024" type="GMP work packet processing" contextid="877" timestamp="2019-06-16T00:37:52.306">
  <concurrent-mark-end bytesScanned="1086272" reasonForTermination="Work target met" />
</concurrent-end>

<exclusive-end id="1025" timestamp="2019-06-16T00:37:52.306" durationms="1.012" />

<exclusive-start id="1026" timestamp="2019-06-16T00:37:52.314" intervalms="8.730">
  <response-info timems="0.022" idlems="0.022" threads="0" lastid="0000000001AE6700" lastname="main" />
</exclusive-start>
<allocation-taxation id="1027" taxation-threshold="13631488" timestamp="2019-06-16T00:37:52.314" intervalms="8.769" />
<cycle-start id="1028" type="partial gc" contextid="0" timestamp="2019-06-16T00:37:52.314" intervalms="24.905" />
<gc-start id="1029" type="partial gc" contextid="1028" timestamp="2019-06-16T00:37:52.315">
  <mem-info id="1030" free="26214400" total="87031808" percent="30">
    <mem type="eden" free="0" total="27262976" percent="0" />
    <remembered-set count="84384" freebytes="3136512" totalbytes="3474048" percent="90" regionsoverflowed="0" regionsstable="5" regionsrebuilding="2"/>
  </mem-info>
</gc-start>
<allocation-stats totalBytes="27085368" >
  <allocated-bytes non-tlh="0" tlh="27085368" arrayletleaf="0"/>
  <largest-consumer threadName="main" threadId="0000000001AE6700" bytes="13544568" />
</allocation-stats>
<gc-op id="1031" type="copy forward" timems="3.166" contextid="1028" timestamp="2019-06-16T00:37:52.318">
  <memory-copied type="eden" objects="1" bytes="24" bytesdiscarded="0" />
  <memory-copied type="other" objects="37633" bytes="1040848" bytesdiscarded="42152" />
  <memory-cardclean objects="5257" bytes="126112" />
  <regions eden="26" other="1" />
  <remembered-set-cleared processed="82042" cleared="2587" durationms="0.422" />
  <references type="soft" candidates="2139" cleared="0" enqueued="0" dynamicThreshold="14" maxThreshold="32" />
  <references type="weak" candidates="74" cleared="0" enqueued="0" />
  <stringconstants candidates="13762" cleared="0"  />
</gc-op>
<gc-op id="1032" type="classunload" timems="0.004" contextid="1028" timestamp="2019-06-16T00:37:52.318">
  <classunload-info classloadercandidates="55" classloadersunloaded="0" classesunloaded="0" anonymousclassesunloaded="0" quiescems="0.000" setupms="0.004" scanms="0.000" postms="0.000" />
</gc-op>
<gc-end id="1033" type="partial gc" contextid="1028" durationms="4.131" usertimems="4.000" systemtimems="0.000" timestamp="2019-06-16T00:37:52.319" activeThreads="4">
  <mem-info id="1034" free="52428800" total="87031808" percent="60">
    <mem type="eden" free="1048552" total="1048576" percent="99" />
    <remembered-set count="85056" freebytes="3133824" totalbytes="3474048" percent="90" regionsoverflowed="0" regionsstable="5" regionsrebuilding="2"/>
  </mem-info>
</gc-end>
<cycle-end id="1035" type="partial gc" contextid="1028" timestamp="2019-06-16T00:37:52.319" />
  <attribute name="elasticGC enabled" value="1" />
  <attribute name= "numThreadsSpecified" value="4" />
  <attribute name="heapSize specified" value="0" />
  <attribute name="Current GC Util" value="55" />
  <attribute name= "Current Time Running" value="11366" />
  <attribute name ="GC Interval" value="0" />
  <attribute name="ProportionalT" value="52.500000" />
  <attribute name="ProportionalI" value="52.500000" />
  <attribute name="ProportionalH" value="52.500000" />
  <attribute name="Current Error" value="35.000000" />
  <attribute name="IntegralT" value="35.000000" />
  <attribute name="IntegralI" value="35.000000" />
  <attribute name="IntegralH" value="35.000000" />
  <attribute name="DerivativeT" value="17.500000" />
  <attribute name="DerivativeI" value="17.500000" />
  <attribute name="DerivativeH" value="17.500000" />
  <attribute name="Loop Time for DT" value="1.000000" />
  <attribute name="Output H" value="8388608"/>
  <attribute name="Output I" value="200"/>
  <attribute name="Output T" value="4"/>
  <attribute name="Target GC Util Change" value ="20.000000" />
  <attribute name="Current GC Util Change" value="55.000000"/>
  <attribute name="GC Util currently" value="55" />
  <attribute name="CPU Util currently" value="18297364291623" />
<exclusive-end id="1036" timestamp="2019-06-16T00:37:52.319" durationms="4.846" />

<exclusive-start id="1037" timestamp="2019-06-16T00:37:52.326" intervalms="11.769">
  <response-info timems="0.085" idlems="0.085" threads="0" lastid="0000000001AE6700" lastname="main" />
</exclusive-start>
<allocation-taxation id="1038" taxation-threshold="13631488" timestamp="2019-06-16T00:37:52.326" intervalms="11.827" />
<gc-start id="1039" type="global mark phase" contextid="877" timestamp="2019-06-16T00:37:52.326">
  <mem-info id="1040" free="38797312" total="87031808" percent="44">
    <remembered-set count="84352" freebytes="3136640" totalbytes="3474048" percent="90" regionsoverflowed="0" regionsstable="6" regionsrebuilding="2"/>
  </mem-info>
</gc-start>
<gc-end id="1041" type="global mark phase" contextid="877" durationms="0.145" usertimems="0.000" systemtimems="0.000" timestamp="2019-06-16T00:37:52.326" activeThreads="4">
  <mem-info id="1042" free="38797312" total="87031808" percent="44">
    <remembered-set count="84352" freebytes="3136640" totalbytes="3474048" percent="90" regionsoverflowed="0" regionsstable="6" regionsrebuilding="2"/>
  </mem-info>
</gc-end>
<concurrent-start id="1043" type="GMP work packet processing" contextid="877" timestamp="2019-06-16T00:37:52.326">
  <concurrent-mark-start scanTarget="1748233" />
</concurrent-start>
<concurrent-end id="1044" type="GMP work packet processing" contextid="877" timestamp="2019-06-16T00:37:52.328">
  <concurrent-mark-end bytesScanned="1782580" reasonForTermination="Work target met" />
</concurrent-end>

<exclusive-end id="1045" timestamp="2019-06-16T00:37:52.328" durationms="1.936" />

<exclusive-start id="1046" timestamp="2019-06-16T00:37:52.334" intervalms="7.807">
  <response-info timems="0.060" idlems="0.060" threads="0" lastid="0000000001AE6700" lastname="main" />
</exclusive-start>
<allocation-taxation id="1047" taxation-threshold="13631488" timestamp="2019-06-16T00:37:52.334" intervalms="7.837" />
<cycle-start id="1048" type="partial gc" contextid="0" timestamp="2019-06-16T00:37:52.334" intervalms="19.828" />
<gc-start id="1049" type="partial gc" contextid="1048" timestamp="2019-06-16T00:37:52.334">
  <mem-info id="1050" free="25165824" total="87031808" percent="28">
    <mem type="eden" free="1048552" total="28311552" percent="3" />
    <remembered-set count="95712" freebytes="3091200" totalbytes="3474048" percent="88" regionsoverflowed="0" regionsstable="6" regionsrebuilding="2"/>
  </mem-info>
</gc-start>
<allocation-stats totalBytes="27092088" >
  <allocated-bytes non-tlh="0" tlh="27092088" arrayletleaf="0"/>
  <largest-consumer threadName="main" threadId="0000000001AE6700" bytes="13546032" />
</allocation-stats>
<gc-op id="1051" type="copy forward" timems="1.872" contextid="1048" timestamp="2019-06-16T00:37:52.337">
  <memory-copied type="eden" objects="1" bytes="24" bytesdiscarded="0" />
  <memory-copied type="other" objects="0" bytes="0" bytesdiscarded="0" />
  <memory-cardclean objects="10" bytes="424" />
  <regions eden="26" other="1" />
  <remembered-set-cleared processed="93745" cleared="6" durationms="0.460" />
  <stringconstants candidates="13762" cleared="0"  />
</gc-op>
<gc-op id="1052" type="classunload" timems="0.004" contextid="1048" timestamp="2019-06-16T00:37:52.337">
  <classunload-info classloadercandidates="55" classloadersunloaded="0" classesunloaded="0" anonymousclassesunloaded="0" quiescems="0.000" setupms="0.004" scanms="0.000" postms="0.000" />
</gc-op>
<gc-end id="1053" type="partial gc" contextid="1048" durationms="3.078" usertimems="4.000" systemtimems="0.000" timestamp="2019-06-16T00:37:52.337" activeThreads="4">
  <mem-info id="1054" free="52428800" total="87031808" percent="60">
    <mem type="eden" free="1048552" total="1048576" percent="99" />
    <remembered-set count="95776" freebytes="3090944" totalbytes="3474048" percent="88" regionsoverflowed="0" regionsstable="6" regionsrebuilding="2"/>
  </mem-info>
</gc-end>
<cycle-end id="1055" type="partial gc" contextid="1048" timestamp="2019-06-16T00:37:52.338" />
  <attribute name="elasticGC enabled" value="1" />
  <attribute name= "numThreadsSpecified" value="4" />
  <attribute name="heapSize specified" value="0" />
  <attribute name="Current GC Util" value="52" />
  <attribute name= "Current Time Running" value="11386" />
  <attribute name ="GC Interval" value="0" />
  <attribute name="ProportionalT" value="48.000000" />
  <attribute name="ProportionalI" value="48.000000" />
  <attribute name="ProportionalH" value="48.000000" />
  <attribute name="Current Error" value="32.000000" />
  <attribute name="IntegralT" value="32.000000" />
  <attribute name="IntegralI" value="32.000000" />
  <attribute name="IntegralH" value="32.000000" />
  <attribute name="DerivativeT" value="13.500000" />
  <attribute name="DerivativeI" value="13.500000" />
  <attribute name="DerivativeH" value="13.500000" />
  <attribute name="Loop Time for DT" value="1.000000" />
  <attribute name="Output H" value="8388608"/>
  <attribute name="Output I" value="200"/>
  <attribute name="Output T" value="4"/>
  <attribute name="Target GC Util Change" value ="20.000000" />
  <attribute name="Current GC Util Change" value="52.000000"/>
  <attribute name="GC Util currently" value="52" />
  <attribute name="CPU Util currently" value="17313408267548" />
<exclusive-end id="1056" timestamp="2019-06-16T00:37:52.338" durationms="4.283" />

<exclusive-start id="1057" timestamp="2019-06-16T00:37:52.344" intervalms="9.936">
  <response-info timems="0.022" idlems="0.022" threads="0" lastid="0000000001AE6700" lastname="main" />
</exclusive-start>
<allocation-taxation id="1058" taxation-threshold="13631488" timestamp="2019-06-16T00:37:52.344" intervalms="9.927" />
<gc-start id="1059" type="global mark phase" contextid="877" timestamp="2019-06-16T00:37:52.344">
  <mem-info id="1060" free="38797312" total="87031808" percent="44">
    <remembered-set count="95776" freebytes="3090944" totalbytes="3474048" percent="88" regionsoverflowed="0" regionsstable="6" regionsrebuilding="2"/>
  </mem-info>
</gc-start>
<gc-end id="1061" type="global mark phase" contextid="877" durationms="0.153" usertimems="0.000" systemtimems="0.000" timestamp="2019-06-16T00:37:52.344" activeThreads="4">
  <mem-info id="1062" free="38797312" total="87031808" percent="44">
    <remembered-set count="95776" freebytes="3090944" totalbytes="3474048" percent="88" regionsoverflowed="0" regionsstable="6" regionsrebuilding="2"/>
  </mem-info>
</gc-end>
<concurrent-start id="1063" type="GMP work packet processing" contextid="877" timestamp="2019-06-16T00:37:52.344">
  <concurrent-mark-start scanTarget="1748233" />
</concurrent-start>
<exclusive-end id="1064" timestamp="2019-06-16T00:37:52.344" durationms="0.877" />

<concurrent-end id="1065" type="GMP work packet processing" contextid="877" timestamp="2019-06-16T00:37:52.345">
  <concurrent-mark-end bytesScanned="789576" reasonForTermination="Completed all work in GC phase" />
</concurrent-end>

<exclusive-start id="1066" timestamp="2019-06-16T00:37:52.350" intervalms="6.864">
  <response-info timems="0.080" idlems="0.080" threads="0" lastid="0000000001AE6700" lastname="main" />
</exclusive-start>
<allocation-taxation id="1067" taxation-threshold="13631488" timestamp="2019-06-16T00:37:52.351" intervalms="6.866" />
<cycle-start id="1068" type="partial gc" contextid="0" timestamp="2019-06-16T00:37:52.351" intervalms="16.662" />
<gc-start id="1069" type="partial gc" contextid="1068" timestamp="2019-06-16T00:37:52.351">
  <mem-info id="1070" free="25165824" total="87031808" percent="28">
    <mem type="eden" free="1048552" total="28311552" percent="3" />
    <remembered-set count="100128" freebytes="3073536" totalbytes="3474048" percent="88" regionsoverflowed="0" regionsstable="6" regionsrebuilding="2"/>
  </mem-info>
</gc-start>
<allocation-stats totalBytes="27092088" >
  <allocated-bytes non-tlh="0" tlh="27092088" arrayletleaf="0"/>
  <largest-consumer threadName="main" threadId="0000000001AE6700" bytes="13546032" />
</allocation-stats>
<gc-op id="1071" type="copy forward" timems="1.552" contextid="1068" timestamp="2019-06-16T00:37:52.353">
  <memory-copied type="eden" objects="1" bytes="24" bytesdiscarded="0" />
  <memory-copied type="other" objects="0" bytes="0" bytesdiscarded="0" />
  <memory-cardclean objects="10" bytes="424" />
  <regions eden="26" other="1" />
  <remembered-set-cleared processed="98047" cleared="6" durationms="0.659" />
  <stringconstants candidates="13762" cleared="0"  />
</gc-op>
<gc-op id="1072" type="classunload" timems="0.004" contextid="1068" timestamp="2019-06-16T00:37:52.354">
  <classunload-info classloadercandidates="55" classloadersunloaded="0" classesunloaded="0" anonymousclassesunloaded="0" quiescems="0.000" setupms="0.004" scanms="0.000" postms="0.000" />
</gc-op>
<gc-end id="1073" type="partial gc" contextid="1068" durationms="2.760" usertimems="0.000" systemtimems="0.000" timestamp="2019-06-16T00:37:52.354" activeThreads="1">
  <mem-info id="1074" free="52428800" total="87031808" percent="60">
    <mem type="eden" free="1048552" total="1048576" percent="99" />
    <remembered-set count="100608" freebytes="3071616" totalbytes="3474048" percent="88" regionsoverflowed="0" regionsstable="6" regionsrebuilding="2"/>
  </mem-info>
</gc-end>
<cycle-end id="1075" type="partial gc" contextid="1068" timestamp="2019-06-16T00:37:52.354" />
  <attribute name="elasticGC enabled" value="1" />
  <attribute name= "numThreadsSpecified" value="1" />
  <attribute name="heapSize specified" value="0" />
  <attribute name="Current GC Util" value="60" />
  <attribute name= "Current Time Running" value="11402" />
  <attribute name ="GC Interval" value="0" />
  <attribute name="ProportionalT" value="60.000000" />
  <attribute name="ProportionalI" value="60.000000" />
  <attribute name="ProportionalH" value="60.000000" />
  <attribute name="Current Error" value="40.000000" />
  <attribute name="IntegralT" value="0.000000" />
  <attribute name="IntegralI" value="0.000000" />
  <attribute name="IntegralH" value="0.000000" />
  <attribute name="DerivativeT" value="inf" />
  <attribute name="DerivativeI" value="inf" />
  <attribute name="DerivativeH" value="inf" />
  <attribute name="Loop Time for DT" value="0.000000" />
  <attribute name="Output H" value="8388608"/>
  <attribute name="Output I" value="200"/>
  <attribute name="Output T" value="1"/>
  <attribute name="Target GC Util Change" value ="20.000000" />
  <attribute name="Current GC Util Change" value="60.000000"/>
  <attribute name="GC Util currently" value="60" />
  <attribute name="CPU Util currently" value="16798660944310" />
<exclusive-end id="1076" timestamp="2019-06-16T00:37:52.354" durationms="3.799" />

<exclusive-start id="1077" timestamp="2019-06-16T00:37:52.360" intervalms="9.507">
  <response-info timems="0.109" idlems="0.109" threads="0" lastid="0000000001AE6700" lastname="main" />
</exclusive-start>
<allocation-taxation id="1078" taxation-threshold="13631488" timestamp="2019-06-16T00:37:52.360" intervalms="9.533" />
<gc-start id="1079" type="global mark phase" contextid="877" timestamp="2019-06-16T00:37:52.360">
  <mem-info id="1080" free="38797312" total="87031808" percent="44">
    <remembered-set count="100160" freebytes="3073408" totalbytes="3474048" percent="88" regionsoverflowed="0" regionsstable="6" regionsrebuilding="2"/>
  </mem-info>
</gc-start>
<gc-op id="1081" type="mark increment" timems="2.212" contextid="877" timestamp="2019-06-16T00:37:52.363">
  <trace-info objectcount="28" scancount="26" scanbytes="344816" />
  <cardclean-info objects="51028" bytes="1333312" />
  <finalization candidates="80" enqueued="0" />
  <ownableSynchronizers candidates="21" cleared="0" />
  <references type="soft" candidates="4854" cleared="0" enqueued="0" dynamicThreshold="19" maxThreshold="32" />
  <references type="weak" candidates="5609" cleared="0" enqueued="0" />
  <references type="phantom" candidates="102" cleared="1" enqueued="1" />
  <stringconstants candidates="13762" cleared="2"  />
</gc-op>
<gc-op id="1082" type="classunload" timems="0.452" contextid="877" timestamp="2019-06-16T00:37:52.363">
  <classunload-info classloadercandidates="55" classloadersunloaded="1" classesunloaded="1" anonymousclassesunloaded="0" quiescems="0.000" setupms="0.439" scanms="0.008" postms="0.004" />
</gc-op>
<gc-end id="1083" type="global mark phase" contextid="877" durationms="3.134" usertimems="4.000" systemtimems="0.000" timestamp="2019-06-16T00:37:52.364" activeThreads="4">
  <mem-info id="1084" free="38797312" total="87031808" percent="44">
    <pending-finalizers system="0" default="0" reference="1" classloader="0" />
    <remembered-set count="102720" freebytes="3063168" totalbytes="3474048" percent="88" regionsoverflowed="0" regionsstable="6" regionsrebuilding="0"/>
  </mem-info>
</gc-end>
<cycle-end id="1085" type="global mark phase" contextid="877" timestamp="2019-06-16T00:37:52.364" />
  <attribute name="elasticGC enabled" value="1" />
  <attribute name= "numThreadsSpecified" value="4" />
  <attribute name="heapSize specified" value="0" />
  <attribute name="Current GC Util" value="83" />
  <attribute name= "Current Time Running" value="11412" />
  <attribute name ="GC Interval" value="0" />
  <attribute name="ProportionalT" value="94.500000" />
  <attribute name="ProportionalI" value="94.500000" />
  <attribute name="ProportionalH" value="94.500000" />
  <attribute name="Current Error" value="63.000000" />
  <attribute name="IntegralT" value="0.000000" />
  <attribute name="IntegralI" value="0.000000" />
  <attribute name="IntegralH" value="0.000000" />
  <attribute name="DerivativeT" value="-inf" />
  <attribute name="DerivativeI" value="-inf" />
  <attribute name="DerivativeH" value="-inf" />
  <attribute name="Loop Time for DT" value="0.000000" />
  <attribute name="Output H" value="2091843584"/>
  <attribute name="Output I" value="200"/>
  <attribute name="Output T" value="4"/>
  <attribute name="Target GC Util Change" value ="20.000000" />
  <attribute name="Current GC Util Change" value="83.000000"/>
  <attribute name="GC Util currently" value="83" />
  <attribute name="CPU Util currently" value="14512288430764" />
<exclusive-end id="1086" timestamp="2019-06-16T00:37:52.364" durationms="3.986" />

<exclusive-start id="1087" timestamp="2019-06-16T00:37:52.370" intervalms="9.628">
  <response-info timems="0.077" idlems="0.077" threads="0" lastid="0000000001AE6700" lastname="main" />
</exclusive-start>
<allocation-taxation id="1088" taxation-threshold="13631488" timestamp="2019-06-16T00:37:52.370" intervalms="9.594" />
<cycle-start id="1089" type="partial gc" contextid="0" timestamp="2019-06-16T00:37:52.370" intervalms="19.126" />
<gc-start id="1090" type="partial gc" contextid="1089" timestamp="2019-06-16T00:37:52.370">
  <mem-info id="1091" free="25165824" total="87031808" percent="28">
    <mem type="eden" free="1048552" total="28311552" percent="3" />
    <remembered-set count="23680" freebytes="3379328" totalbytes="3474048" percent="97" regionsoverflowed="0" regionsstable="8" regionsrebuilding="0"/>
  </mem-info>
</gc-start>
<allocation-stats totalBytes="27092088" >
  <allocated-bytes non-tlh="0" tlh="27092088" arrayletleaf="0"/>
  <largest-consumer threadName="main" threadId="0000000001AE6700" bytes="13546056" />
</allocation-stats>
<gc-op id="1092" type="sweep" timems="0.695" contextid="1089" timestamp="2019-06-16T00:37:52.371" />
<gc-op id="1093" type="copy forward" timems="1.011" contextid="1089" timestamp="2019-06-16T00:37:52.373">
  <memory-copied type="eden" objects="1" bytes="24" bytesdiscarded="0" />
  <memory-copied type="other" objects="0" bytes="0" bytesdiscarded="0" />
  <memory-cardclean objects="59" bytes="2640" />
  <regions eden="13" other="1" />
  <remembered-set-cleared processed="21569" cleared="11" durationms="0.261" />
  <stringconstants candidates="13760" cleared="0"  />
</gc-op>
<gc-op id="1094" type="classunload" timems="0.003" contextid="1089" timestamp="2019-06-16T00:37:52.373">
  <classunload-info classloadercandidates="54" classloadersunloaded="0" classesunloaded="0" anonymousclassesunloaded="0" quiescems="0.000" setupms="0.003" scanms="0.000" postms="0.000" />
</gc-op>
<gc-end id="1095" type="partial gc" contextid="1089" durationms="3.211" usertimems="4.000" systemtimems="0.000" timestamp="2019-06-16T00:37:52.373" activeThreads="1">
  <mem-info id="1096" free="52428800" total="87031808" percent="60">
    <mem type="eden" free="1048552" total="1048576" percent="99" />
    <remembered-set count="24128" freebytes="3377536" totalbytes="3474048" percent="97" regionsoverflowed="0" regionsstable="8" regionsrebuilding="0"/>
  </mem-info>
</gc-end>
<cycle-end id="1097" type="partial gc" contextid="1089" timestamp="2019-06-16T00:37:52.374" />
  <attribute name="elasticGC enabled" value="1" />
  <attribute name= "numThreadsSpecified" value="1" />
  <attribute name="heapSize specified" value="0" />
  <attribute name="Current GC Util" value="59" />
  <attribute name= "Current Time Running" value="11422" />
  <attribute name ="GC Interval" value="0" />
  <attribute name="ProportionalT" value="58.500000" />
  <attribute name="ProportionalI" value="58.500000" />
  <attribute name="ProportionalH" value="58.500000" />
  <attribute name="Current Error" value="39.000000" />
  <attribute name="IntegralT" value="0.000000" />
  <attribute name="IntegralI" value="0.000000" />
  <attribute name="IntegralH" value="0.000000" />
  <attribute name="DerivativeT" value="inf" />
  <attribute name="DerivativeI" value="inf" />
  <attribute name="DerivativeH" value="inf" />
  <attribute name="Loop Time for DT" value="0.000000" />
  <attribute name="Output H" value="8388608"/>
  <attribute name="Output I" value="200"/>
  <attribute name="Output T" value="1"/>
  <attribute name="Target GC Util Change" value ="20.000000" />
  <attribute name="Current GC Util Change" value="59.000000"/>
  <attribute name="GC Util currently" value="59" />
  <attribute name="CPU Util currently" value="17049755227110" />
<exclusive-end id="1098" timestamp="2019-06-16T00:37:52.374" durationms="4.209" />

<exclusive-start id="1099" timestamp="2019-06-16T00:37:52.385" intervalms="15.656">
  <response-info timems="0.077" idlems="0.077" threads="0" lastid="0000000001AE6700" lastname="main" />
</exclusive-start>
<allocation-taxation id="1100" taxation-threshold="28311552" timestamp="2019-06-16T00:37:52.385" intervalms="15.696" />
<cycle-start id="1101" type="partial gc" contextid="0" timestamp="2019-06-16T00:37:52.386" intervalms="15.773" />
<gc-start id="1102" type="partial gc" contextid="1101" timestamp="2019-06-16T00:37:52.386">
  <mem-info id="1103" free="24117248" total="87031808" percent="27">
    <mem type="eden" free="1048552" total="29360128" percent="3" />
    <remembered-set count="23680" freebytes="3379328" totalbytes="3474048" percent="97" regionsoverflowed="0" regionsstable="8" regionsrebuilding="0"/>
  </mem-info>
</gc-start>
<allocation-stats totalBytes="28134072" >
  <allocated-bytes non-tlh="0" tlh="28134072" arrayletleaf="0"/>
  <largest-consumer threadName="main" threadId="0000000001AE6700" bytes="28134072" />
</allocation-stats>
<gc-op id="1104" type="copy forward" timems="3.126" contextid="1101" timestamp="2019-06-16T00:37:52.390">
  <memory-copied type="eden" objects="1" bytes="24" bytesdiscarded="0" />
  <memory-copied type="other" objects="16656" bytes="438752" bytesdiscarded="0" />
  <memory-cardclean objects="2907" bytes="234192" />
  <regions eden="27" other="11" />
  <remembered-set-cleared processed="21220" cleared="1173" durationms="0.255" />
  <references type="soft" candidates="36" cleared="0" enqueued="0" dynamicThreshold="19" maxThreshold="32" />
  <references type="weak" candidates="83" cleared="0" enqueued="0" />
  <stringconstants candidates="13760" cleared="0"  />
</gc-op>
<gc-op id="1105" type="classunload" timems="0.004" contextid="1101" timestamp="2019-06-16T00:37:52.390">
  <classunload-info classloadercandidates="54" classloadersunloaded="0" classesunloaded="0" anonymousclassesunloaded="0" quiescems="0.000" setupms="0.004" scanms="0.000" postms="0.000" />
</gc-op>
<heap-resize id="1106" type="contract" space="default" amount="5242880" count="1" timems="0.367" reason="excess free space following gc" timestamp="2019-06-16T00:37:52.391" />
<gc-end id="1107" type="partial gc" contextid="1101" durationms="4.864" usertimems="4.000" systemtimems="0.000" timestamp="2019-06-16T00:37:52.391" activeThreads="1">
  <mem-info id="1108" free="55574528" total="81788928" percent="67">
    <mem type="eden" free="1048552" total="1048576" percent="99" />
    <remembered-set count="23040" freebytes="3381888" totalbytes="3474048" percent="97" regionsoverflowed="0" regionsstable="8" regionsrebuilding="0"/>
  </mem-info>
</gc-end>
<cycle-end id="1109" type="partial gc" contextid="1101" timestamp="2019-06-16T00:37:52.391" />
  <attribute name="elasticGC enabled" value="1" />
  <attribute name= "numThreadsSpecified" value="1" />
  <attribute name="heapSize specified" value="0" />
  <attribute name="Current GC Util" value="64" />
  <attribute name= "Current Time Running" value="11437" />
  <attribute name ="GC Interval" value="0" />
  <attribute name="ProportionalT" value="66.000000" />
  <attribute name="ProportionalI" value="66.000000" />
  <attribute name="ProportionalH" value="66.000000" />
  <attribute name="Current Error" value="44.000000" />
  <attribute name="IntegralT" value="0.000000" />
  <attribute name="IntegralI" value="0.000000" />
  <attribute name="IntegralH" value="0.000000" />
  <attribute name="DerivativeT" value="inf" />
  <attribute name="DerivativeI" value="inf" />
  <attribute name="DerivativeH" value="inf" />
  <attribute name="Loop Time for DT" value="0.000000" />
  <attribute name="Output H" value="8388608"/>
  <attribute name="Output I" value="200"/>
  <attribute name="Output T" value="1"/>
  <attribute name="Target GC Util Change" value ="20.000000" />
  <attribute name="Current GC Util Change" value="64.000000"/>
  <attribute name="GC Util currently" value="64" />
  <attribute name="CPU Util currently" value="16641296437970" />
<exclusive-end id="1110" timestamp="2019-06-16T00:37:52.391" durationms="6.022" />

<exclusive-start id="1111" timestamp="2019-06-16T00:37:52.402" intervalms="17.032">
  <response-info timems="0.065" idlems="0.065" threads="0" lastid="0000000001AE6700" lastname="main" />
</exclusive-start>
<allocation-taxation id="1112" taxation-threshold="27262976" timestamp="2019-06-16T00:37:52.403" intervalms="17.017" />
<cycle-start id="1113" type="partial gc" contextid="0" timestamp="2019-06-16T00:37:52.403" intervalms="16.930" />
<gc-start id="1114" type="partial gc" contextid="1113" timestamp="2019-06-16T00:37:52.403">
  <mem-info id="1115" free="28311552" total="81788928" percent="34">
    <mem type="eden" free="1048552" total="28311552" percent="3" />
    <remembered-set count="22848" freebytes="3382656" totalbytes="3474048" percent="97" regionsoverflowed="0" regionsstable="8" regionsrebuilding="0"/>
  </mem-info>
</gc-start>
<allocation-stats totalBytes="27092088" >
  <allocated-bytes non-tlh="0" tlh="27092088" arrayletleaf="0"/>
  <largest-consumer threadName="main" threadId="0000000001AE6700" bytes="27092088" />
</allocation-stats>
<gc-op id="1116" type="copy forward" timems="4.927" contextid="1113" timestamp="2019-06-16T00:37:52.409">
  <memory-copied type="eden" objects="1" bytes="24" bytesdiscarded="0" />
  <memory-copied type="other" objects="14662" bytes="335992" bytesdiscarded="80" />
  <memory-cardclean objects="48743" bytes="1694720" />
  <regions eden="26" other="2" />
  <remembered-set-cleared processed="17378" cleared="1369" durationms="0.243" />
  <stringconstants candidates="13760" cleared="0"  />
</gc-op>
<gc-op id="1117" type="classunload" timems="0.004" contextid="1113" timestamp="2019-06-16T00:37:52.409">
  <classunload-info classloadercandidates="54" classloadersunloaded="0" classesunloaded="0" anonymousclassesunloaded="0" quiescems="0.000" setupms="0.004" scanms="0.000" postms="0.000" />
</gc-op>
<heap-resize id="1118" type="contract" space="default" amount="4194304" count="1" timems="0.356" reason="excess free space following gc" timestamp="2019-06-16T00:37:52.410" />
<gc-end id="1119" type="partial gc" contextid="1113" durationms="6.947" usertimems="4.000" systemtimems="0.000" timestamp="2019-06-16T00:37:52.410" activeThreads="1">
  <mem-info id="1120" free="52428800" total="77594624" percent="67">
    <mem type="eden" free="1048552" total="1048576" percent="99" />
    <remembered-set count="22464" freebytes="3174912" totalbytes="3264768" percent="97" regionsoverflowed="0" regionsstable="8" regionsrebuilding="0"/>
  </mem-info>
</gc-end>
<cycle-end id="1121" type="partial gc" contextid="1113" timestamp="2019-06-16T00:37:52.410" />
  <attribute name="elasticGC enabled" value="1" />
  <attribute name= "numThreadsSpecified" value="1" />
  <attribute name="heapSize specified" value="0" />
  <attribute name="Current GC Util" value="34" />
  <attribute name= "Current Time Running" value="11454" />
  <attribute name ="GC Interval" value="0" />
  <attribute name="ProportionalT" value="21.000000" />
  <attribute name="ProportionalI" value="21.000000" />
  <attribute name="ProportionalH" value="21.000000" />
  <attribute name="Current Error" value="14.000000" />
  <attribute name="IntegralT" value="0.000000" />
  <attribute name="IntegralI" value="0.000000" />
  <attribute name="IntegralH" value="0.000000" />
  <attribute name="DerivativeT" value="inf" />
  <attribute name="DerivativeI" value="inf" />
  <attribute name="DerivativeH" value="inf" />
  <attribute name="Loop Time for DT" value="0.000000" />
  <attribute name="Output H" value="8388608"/>
  <attribute name="Output I" value="200"/>
  <attribute name="Output T" value="1"/>
  <attribute name="Target GC Util Change" value ="20.000000" />
  <attribute name="Current GC Util Change" value="34.000000"/>
  <attribute name="GC Util currently" value="34" />
  <attribute name="CPU Util currently" value="8892156924215" />
<exclusive-end id="1122" timestamp="2019-06-16T00:37:52.410" durationms="7.975" />

<exclusive-start id="1123" timestamp="2019-06-16T00:37:52.421" intervalms="18.690">
  <response-info timems="0.064" idlems="0.064" threads="0" lastid="0000000001AE6700" lastname="main" />
</exclusive-start>
<allocation-taxation id="1124" taxation-threshold="26214400" timestamp="2019-06-16T00:37:52.421" intervalms="18.694" />
<cycle-start id="1125" type="partial gc" contextid="0" timestamp="2019-06-16T00:37:52.421" intervalms="18.771" />
<gc-start id="1126" type="partial gc" contextid="1125" timestamp="2019-06-16T00:37:52.422">
  <mem-info id="1127" free="26214400" total="77594624" percent="33">
    <mem type="eden" free="1048552" total="27262976" percent="3" />
    <remembered-set count="22048" freebytes="3176576" totalbytes="3264768" percent="97" regionsoverflowed="0" regionsstable="8" regionsrebuilding="0"/>
  </mem-info>
</gc-start>
<allocation-stats totalBytes="26050080" >
  <allocated-bytes non-tlh="0" tlh="26050080" arrayletleaf="0"/>
  <largest-consumer threadName="main" threadId="0000000001AE6700" bytes="26050080" />
</allocation-stats>
<gc-op id="1128" type="copy forward" timems="3.416" contextid="1125" timestamp="2019-06-16T00:37:52.426">
  <memory-copied type="eden" objects="1" bytes="24" bytesdiscarded="0" />
  <memory-copied type="other" objects="14732" bytes="339096" bytesdiscarded="16248" />
  <memory-cardclean objects="67590" bytes="2349240" />
  <regions eden="25" other="2" />
  <remembered-set-cleared processed="15072" cleared="2416" durationms="0.162" />
  <references type="soft" candidates="749" cleared="0" enqueued="0" dynamicThreshold="21" maxThreshold="32" />
  <stringconstants candidates="13760" cleared="0"  />
</gc-op>
<gc-op id="1129" type="classunload" timems="0.005" contextid="1125" timestamp="2019-06-16T00:37:52.426">
  <classunload-info classloadercandidates="54" classloadersunloaded="0" classesunloaded="0" anonymousclassesunloaded="0" quiescems="0.000" setupms="0.005" scanms="0.000" postms="0.000" />
</gc-op>
<heap-resize id="1130" type="contract" space="default" amount="4194304" count="1" timems="0.304" reason="excess free space following gc" timestamp="2019-06-16T00:37:52.427" />
<gc-end id="1131" type="partial gc" contextid="1125" durationms="5.418" usertimems="8.000" systemtimems="0.000" timestamp="2019-06-16T00:37:52.427" activeThreads="4">
  <mem-info id="1132" free="48234496" total="73400320" percent="65">
    <mem type="eden" free="1048552" total="1048576" percent="99" />
    <remembered-set count="22624" freebytes="3006848" totalbytes="3097344" percent="97" regionsoverflowed="0" regionsstable="8" regionsrebuilding="0"/>
  </mem-info>
</gc-end>
<cycle-end id="1133" type="partial gc" contextid="1125" timestamp="2019-06-16T00:37:52.427" />
  <attribute name="elasticGC enabled" value="1" />
  <attribute name= "numThreadsSpecified" value="4" />
  <attribute name="heapSize specified" value="0" />
  <attribute name="Current GC Util" value="31" />
  <attribute name= "Current Time Running" value="11473" />
  <attribute name ="GC Interval" value="0" />
  <attribute name="ProportionalT" value="16.500000" />
  <attribute name="ProportionalI" value="16.500000" />
  <attribute name="ProportionalH" value="16.500000" />
  <attribute name="Current Error" value="11.000000" />
  <attribute name="IntegralT" value="0.000000" />
  <attribute name="IntegralI" value="0.000000" />
  <attribute name="IntegralH" value="0.000000" />
  <attribute name="DerivativeT" value="-inf" />
  <attribute name="DerivativeI" value="-inf" />
  <attribute name="DerivativeH" value="-inf" />
  <attribute name="Loop Time for DT" value="0.000000" />
  <attribute name="Output H" value="2091843584"/>
  <attribute name="Output I" value="200"/>
  <attribute name="Output T" value="4"/>
  <attribute name="Target GC Util Change" value ="20.000000" />
  <attribute name="Current GC Util Change" value="31.000000"/>
  <attribute name="GC Util currently" value="31" />
  <attribute name="CPU Util currently" value="7465367518737" />
<exclusive-end id="1134" timestamp="2019-06-16T00:37:52.428" durationms="6.643" />

<exclusive-start id="1135" timestamp="2019-06-16T00:37:52.438" intervalms="16.827">
  <response-info timems="0.066" idlems="0.066" threads="0" lastid="0000000001AE6700" lastname="main" />
</exclusive-start>
<allocation-taxation id="1136" taxation-threshold="25165824" timestamp="2019-06-16T00:37:52.438" intervalms="16.821" />
<cycle-start id="1137" type="partial gc" contextid="0" timestamp="2019-06-16T00:37:52.438" intervalms="16.849" />
<gc-start id="1138" type="partial gc" contextid="1137" timestamp="2019-06-16T00:37:52.439">
  <mem-info id="1139" free="23068672" total="73400320" percent="31">
    <mem type="eden" free="1048552" total="26214400" percent="3" />
    <remembered-set count="21856" freebytes="3009920" totalbytes="3097344" percent="97" regionsoverflowed="0" regionsstable="9" regionsrebuilding="0"/>
  </mem-info>
</gc-start>
<allocation-stats totalBytes="25008072" >
  <allocated-bytes non-tlh="0" tlh="25008072" arrayletleaf="0"/>
  <largest-consumer threadName="main" threadId="0000000001AE6700" bytes="25008072" />
</allocation-stats>
<gc-op id="1140" type="copy forward" timems="4.595" contextid="1137" timestamp="2019-06-16T00:37:52.444">
  <memory-copied type="eden" objects="1" bytes="24" bytesdiscarded="0" />
  <memory-copied type="other" objects="32900" bytes="737024" bytesdiscarded="26304" />
  <memory-cardclean objects="26670" bytes="1106440" />
  <regions eden="24" other="3" />
  <remembered-set-cleared processed="17969" cleared="2218" durationms="0.163" />
  <stringconstants candidates="13760" cleared="0"  />
</gc-op>
<gc-op id="1141" type="classunload" timems="0.005" contextid="1137" timestamp="2019-06-16T00:37:52.444">
  <classunload-info classloadercandidates="54" classloadersunloaded="0" classesunloaded="0" anonymousclassesunloaded="0" quiescems="0.000" setupms="0.005" scanms="0.000" postms="0.000" />
</gc-op>
<heap-resize id="1142" type="contract" space="default" amount="4194304" count="1" timems="0.268" reason="excess free space following gc" timestamp="2019-06-16T00:37:52.445" />
<gc-end id="1143" type="partial gc" contextid="1137" durationms="6.244" usertimems="16.000" systemtimems="0.000" timestamp="2019-06-16T00:37:52.445" activeThreads="4">
  <mem-info id="1144" free="46137344" total="69206016" percent="66">
    <mem type="eden" free="1048552" total="1048576" percent="99" />
    <remembered-set count="22496" freebytes="2839936" totalbytes="2929920" percent="96" regionsoverflowed="0" regionsstable="9" regionsrebuilding="0"/>
  </mem-info>
</gc-end>
<cycle-end id="1145" type="partial gc" contextid="1137" timestamp="2019-06-16T00:37:52.445" />
  <attribute name="elasticGC enabled" value="1" />
  <attribute name= "numThreadsSpecified" value="4" />
  <attribute name="heapSize specified" value="0" />
  <attribute name="Current GC Util" value="34" />
  <attribute name= "Current Time Running" value="11490" />
  <attribute name ="GC Interval" value="0" />
  <attribute name="ProportionalT" value="21.000000" />
  <attribute name="ProportionalI" value="21.000000" />
  <attribute name="ProportionalH" value="21.000000" />
  <attribute name="Current Error" value="14.000000" />
  <attribute name="IntegralT" value="14.000000" />
  <attribute name="IntegralI" value="14.000000" />
  <attribute name="IntegralH" value="14.000000" />
  <attribute name="DerivativeT" value="-12.500000" />
  <attribute name="DerivativeI" value="-12.500000" />
  <attribute name="DerivativeH" value="-12.500000" />
  <attribute name="Loop Time for DT" value="1.000000" />
  <attribute name="Output H" value="8388608"/>
  <attribute name="Output I" value="200"/>
  <attribute name="Output T" value="4"/>
  <attribute name="Target GC Util Change" value ="20.000000" />
  <attribute name="Current GC Util Change" value="34.000000"/>
  <attribute name="GC Util currently" value="34" />
  <attribute name="CPU Util currently" value="10413605430824" />
<exclusive-end id="1146" timestamp="2019-06-16T00:37:52.445" durationms="7.425" />

<exclusive-start id="1147" timestamp="2019-06-16T00:37:52.455" intervalms="17.201">
  <response-info timems="0.066" idlems="0.066" threads="0" lastid="0000000001AE6700" lastname="main" />
</exclusive-start>
<allocation-taxation id="1148" taxation-threshold="24117248" timestamp="2019-06-16T00:37:52.455" intervalms="17.222" />
<cycle-start id="1149" type="partial gc" contextid="0" timestamp="2019-06-16T00:37:52.455" intervalms="17.120" />
<gc-start id="1150" type="partial gc" contextid="1149" timestamp="2019-06-16T00:37:52.456">
  <mem-info id="1151" free="22020096" total="69206016" percent="31">
    <mem type="eden" free="1048552" total="25165824" percent="4" />
    <remembered-set count="22496" freebytes="2839936" totalbytes="2929920" percent="96" regionsoverflowed="0" regionsstable="9" regionsrebuilding="0"/>
  </mem-info>
</gc-start>
<allocation-stats totalBytes="23966088" >
  <allocated-bytes non-tlh="0" tlh="23966088" arrayletleaf="0"/>
  <largest-consumer threadName="main" threadId="0000000001AE6700" bytes="23966088" />
</allocation-stats>
<gc-op id="1152" type="copy forward" timems="4.892" contextid="1149" timestamp="2019-06-16T00:37:52.462">
  <memory-copied type="eden" objects="1" bytes="24" bytesdiscarded="0" />
  <memory-copied type="other" objects="33130" bytes="961592" bytesdiscarded="456" />
  <memory-cardclean objects="6647" bytes="427472" />
  <regions eden="23" other="3" />
  <remembered-set-cleared processed="20187" cleared="2274" durationms="0.237" />
  <references type="soft" candidates="778" cleared="0" enqueued="0" dynamicThreshold="21" maxThreshold="32" />
  <references type="weak" candidates="125" cleared="0" enqueued="0" />
  <references type="phantom" candidates="1" cleared="0" enqueued="0" />
  <stringconstants candidates="13760" cleared="0"  />
</gc-op>
<gc-op id="1153" type="classunload" timems="0.005" contextid="1149" timestamp="2019-06-16T00:37:52.462">
  <classunload-info classloadercandidates="54" classloadersunloaded="0" classesunloaded="0" anonymousclassesunloaded="0" quiescems="0.000" setupms="0.004" scanms="0.000" postms="0.000" />
</gc-op>
<heap-resize id="1154" type="contract" space="default" amount="4194304" count="1" timems="0.307" reason="excess free space following gc" timestamp="2019-06-16T00:37:52.462" />
<gc-end id="1155" type="partial gc" contextid="1149" durationms="6.858" usertimems="4.000" systemtimems="0.000" timestamp="2019-06-16T00:37:52.463" activeThreads="1">
  <mem-info id="1156" free="42991616" total="65011712" percent="66">
    <mem type="eden" free="1048552" total="1048576" percent="99" />
    <remembered-set count="22048" freebytes="2674304" totalbytes="2762496" percent="96" regionsoverflowed="0" regionsstable="9" regionsrebuilding="0"/>
  </mem-info>
</gc-end>
<cycle-end id="1157" type="partial gc" contextid="1149" timestamp="2019-06-16T00:37:52.463" />
  <attribute name="elasticGC enabled" value="1" />
  <attribute name= "numThreadsSpecified" value="1" />
  <attribute name="heapSize specified" value="0" />
  <attribute name="Current GC Util" value="137" />
  <attribute name= "Current Time Running" value="11507" />
  <attribute name ="GC Interval" value="0" />
  <attribute name="ProportionalT" value="175.500000" />
  <attribute name="ProportionalI" value="175.500000" />
  <attribute name="ProportionalH" value="175.500000" />
  <attribute name="Current Error" value="117.000000" />
  <attribute name="IntegralT" value="0.000000" />
  <attribute name="IntegralI" value="0.000000" />
  <attribute name="IntegralH" value="0.000000" />
  <attribute name="DerivativeT" value="inf" />
  <attribute name="DerivativeI" value="inf" />
  <attribute name="DerivativeH" value="inf" />
  <attribute name="Loop Time for DT" value="0.000000" />
  <attribute name="Output H" value="8388608"/>
  <attribute name="Output I" value="200"/>
  <attribute name="Output T" value="1"/>
  <attribute name="Target GC Util Change" value ="20.000000" />
  <attribute name="Current GC Util Change" value="137.000000"/>
  <attribute name="GC Util currently" value="137" />
  <attribute name="CPU Util currently" value="8364808082245" />
<exclusive-end id="1158" timestamp="2019-06-16T00:37:52.463" durationms="7.985" />

<exclusive-start id="1159" timestamp="2019-06-16T00:37:52.468" intervalms="12.820">
  <response-info timems="0.056" idlems="0.056" threads="0" lastid="0000000001AE6700" lastname="main" />
</exclusive-start>
<allocation-taxation id="1160" taxation-threshold="11534336" timestamp="2019-06-16T00:37:52.468" intervalms="12.748" />
<cycle-start id="1161" type="global mark phase" contextid="0" timestamp="2019-06-16T00:37:52.468" intervalms="333.667" />
<gc-start id="1162" type="global mark phase" contextid="1161" timestamp="2019-06-16T00:37:52.468">
  <mem-info id="1163" free="31457280" total="65011712" percent="48">
    <remembered-set count="21664" freebytes="2675840" totalbytes="2762496" percent="96" regionsoverflowed="0" regionsstable="9" regionsrebuilding="0"/>
  </mem-info>
</gc-start>
<gc-op id="1164" type="mark increment" timems="1.170" contextid="1161" timestamp="2019-06-16T00:37:52.470">
  <trace-info objectcount="176" scancount="0" scanbytes="0" />
</gc-op>
<gc-end id="1165" type="global mark phase" contextid="1161" durationms="1.466" usertimems="0.000" systemtimems="0.000" timestamp="2019-06-16T00:37:52.470" activeThreads="4">
  <mem-info id="1166" free="31457280" total="65011712" percent="48">
    <remembered-set count="21664" freebytes="2675840" totalbytes="2762496" percent="96" regionsoverflowed="0" regionsstable="0" regionsrebuilding="9"/>
  </mem-info>
</gc-end>
<concurrent-start id="1167" type="GMP work packet processing" contextid="1161" timestamp="2019-06-16T00:37:52.470">
  <concurrent-mark-start scanTarget="2022611" />
</concurrent-start>
<exclusive-end id="1168" timestamp="2019-06-16T00:37:52.470" durationms="2.430" />

<exclusive-start id="1169" timestamp="2019-06-16T00:37:52.475" intervalms="7.197">
  <response-info timems="0.082" idlems="0.082" threads="0" lastid="0000000001AE6700" lastname="main" />
</exclusive-start>
<allocation-taxation id="1170" taxation-threshold="11534336" timestamp="2019-06-16T00:37:52.475" intervalms="7.201" />
<concurrent-end id="1171" type="GMP work packet processing" contextid="1161" timestamp="2019-06-16T00:37:52.475">
  <concurrent-mark-end bytesScanned="1999636" reasonForTermination="Termination requested" />
</concurrent-end>

<cycle-start id="1172" type="partial gc" contextid="0" timestamp="2019-06-16T00:37:52.475" intervalms="20.037" />
<gc-start id="1173" type="partial gc" contextid="1172" timestamp="2019-06-16T00:37:52.476">
  <mem-info id="1174" free="19922944" total="65011712" percent="30">
    <mem type="eden" free="1048552" total="24117248" percent="4" />
    <remembered-set count="27264" freebytes="2653440" totalbytes="2762496" percent="96" regionsoverflowed="0" regionsstable="0" regionsrebuilding="9"/>
  </mem-info>
</gc-start>
<allocation-stats totalBytes="22924056" >
  <allocated-bytes non-tlh="0" tlh="22924056" arrayletleaf="0"/>
  <largest-consumer threadName="main" threadId="0000000001AE6700" bytes="11462016" />
</allocation-stats>
<gc-op id="1175" type="copy forward" timems="11.438" contextid="1172" timestamp="2019-06-16T00:37:52.488">
  <memory-copied type="eden" objects="1" bytes="24" bytesdiscarded="0" />
  <memory-copied type="other" objects="29075" bytes="1404432" bytesdiscarded="272" />
  <memory-cardclean objects="89967" bytes="3516592" />
  <regions eden="22" other="3" />
  <remembered-set-cleared processed="12659" cleared="6061" durationms="0.209" />
  <finalization candidates="27" enqueued="0" />
  <references type="soft" candidates="1221" cleared="0" enqueued="0" dynamicThreshold="15" maxThreshold="32" />
  <references type="weak" candidates="1747" cleared="0" enqueued="0" />
  <references type="phantom" candidates="6" cleared="0" enqueued="0" />
  <stringconstants candidates="13760" cleared="0"  />
</gc-op>
<gc-op id="1176" type="classunload" timems="0.006" contextid="1172" timestamp="2019-06-16T00:37:52.488">
  <classunload-info classloadercandidates="54" classloadersunloaded="0" classesunloaded="0" anonymousclassesunloaded="0" quiescems="0.000" setupms="0.006" scanms="0.000" postms="0.000" />
</gc-op>
<heap-resize id="1177" type="contract" space="default" amount="4194304" count="1" timems="0.289" reason="excess free space following gc" timestamp="2019-06-16T00:37:52.489" />
<gc-end id="1178" type="partial gc" contextid="1172" durationms="13.358" usertimems="20.000" systemtimems="0.000" timestamp="2019-06-16T00:37:52.489" activeThreads="1">
  <mem-info id="1179" free="38797312" total="60817408" percent="63">
    <mem type="eden" free="1048552" total="1048576" percent="99" />
    <remembered-set count="33696" freebytes="2460288" totalbytes="2595072" percent="94" regionsoverflowed="0" regionsstable="0" regionsrebuilding="9"/>
  </mem-info>
</gc-end>
<cycle-end id="1180" type="partial gc" contextid="1172" timestamp="2019-06-16T00:37:52.489" />
  <attribute name="elasticGC enabled" value="1" />
  <attribute name= "numThreadsSpecified" value="1" />
  <attribute name="heapSize specified" value="0" />
  <attribute name="Current GC Util" value="195" />
  <attribute name= "Current Time Running" value="11527" />
  <attribute name ="GC Interval" value="0" />
  <attribute name="ProportionalT" value="262.500000" />
  <attribute name="ProportionalI" value="262.500000" />
  <attribute name="ProportionalH" value="262.500000" />
  <attribute name="Current Error" value="175.000000" />
  <attribute name="IntegralT" value="0.000000" />
  <attribute name="IntegralI" value="0.000000" />
  <attribute name="IntegralH" value="0.000000" />
  <attribute name="DerivativeT" value="inf" />
  <attribute name="DerivativeI" value="inf" />
  <attribute name="DerivativeH" value="inf" />
  <attribute name="Loop Time for DT" value="0.000000" />
  <attribute name="Output H" value="8388608"/>
  <attribute name="Output I" value="200"/>
  <attribute name="Output T" value="1"/>
  <attribute name="Target GC Util Change" value ="20.000000" />
  <attribute name="Current GC Util Change" value="195.000000"/>
  <attribute name="GC Util currently" value="195" />
  <attribute name="CPU Util currently" value="7928872537357" />
<concurrent-start id="1181" type="GMP work packet processing" contextid="1161" timestamp="2019-06-16T00:37:52.489">
  <concurrent-mark-start scanTarget="22975" />
</concurrent-start>
<exclusive-end id="1182" timestamp="2019-06-16T00:37:52.490" durationms="14.855" />

<concurrent-end id="1183" type="GMP work packet processing" contextid="1161" timestamp="2019-06-16T00:37:52.490">
  <concurrent-mark-end bytesScanned="86116" reasonForTermination="Work target met" />
</concurrent-end>

<exclusive-start id="1184" timestamp="2019-06-16T00:37:52.494" intervalms="19.461">
  <response-info timems="0.063" idlems="0.063" threads="0" lastid="0000000001AE6700" lastname="main" />
</exclusive-start>
<allocation-taxation id="1185" taxation-threshold="10485760" timestamp="2019-06-16T00:37:52.495" intervalms="19.434" />
<gc-start id="1186" type="global mark phase" contextid="1161" timestamp="2019-06-16T00:37:52.495">
  <mem-info id="1187" free="28311552" total="60817408" percent="46">
    <remembered-set count="26176" freebytes="2490368" totalbytes="2595072" percent="95" regionsoverflowed="0" regionsstable="2" regionsrebuilding="9"/>
  </mem-info>
</gc-start>
<gc-end id="1188" type="global mark phase" contextid="1161" durationms="0.129" usertimems="0.000" systemtimems="0.000" timestamp="2019-06-16T00:37:52.495" activeThreads="4">
  <mem-info id="1189" free="28311552" total="60817408" percent="46">
    <remembered-set count="26176" freebytes="2490368" totalbytes="2595072" percent="95" regionsoverflowed="0" regionsstable="2" regionsrebuilding="9"/>
  </mem-info>
</gc-end>
<concurrent-start id="1190" type="GMP work packet processing" contextid="1161" timestamp="2019-06-16T00:37:52.495">
  <concurrent-mark-start scanTarget="2022611" />
</concurrent-start>
<exclusive-end id="1191" timestamp="2019-06-16T00:37:52.497" durationms="2.215" />

<concurrent-end id="1192" type="GMP work packet processing" contextid="1161" timestamp="2019-06-16T00:37:52.497">
  <concurrent-mark-end bytesScanned="2090740" reasonForTermination="Work target met" />
</concurrent-end>

<exclusive-start id="1193" timestamp="2019-06-16T00:37:52.501" intervalms="6.777">
  <response-info timems="0.080" idlems="0.080" threads="0" lastid="0000000001AE6700" lastname="main" />
</exclusive-start>
<allocation-taxation id="1194" taxation-threshold="10485760" timestamp="2019-06-16T00:37:52.501" intervalms="6.768" />
<cycle-start id="1195" type="partial gc" contextid="0" timestamp="2019-06-16T00:37:52.502" intervalms="26.108" />
<gc-start id="1196" type="partial gc" contextid="1195" timestamp="2019-06-16T00:37:52.502">
  <mem-info id="1197" free="17825792" total="60817408" percent="29">
    <mem type="eden" free="1048552" total="22020096" percent="4" />
    <remembered-set count="41056" freebytes="2430848" totalbytes="2595072" percent="93" regionsoverflowed="0" regionsstable="2" regionsrebuilding="9"/>
  </mem-info>
</gc-start>
<allocation-stats totalBytes="20840064" >
  <allocated-bytes non-tlh="0" tlh="20840064" arrayletleaf="0"/>
  <largest-consumer threadName="main" threadId="0000000001AE6700" bytes="10420032" />
</allocation-stats>
<gc-op id="1198" type="copy forward" timems="4.225" contextid="1195" timestamp="2019-06-16T00:37:52.507">
  <memory-copied type="eden" objects="1" bytes="24" bytesdiscarded="0" />
  <memory-copied type="other" objects="0" bytes="0" bytesdiscarded="0" />
  <memory-cardclean objects="32690" bytes="1488408" />
  <regions eden="20" other="1" />
  <remembered-set-cleared processed="31082" cleared="4670" durationms="0.349" />
  <stringconstants candidates="13760" cleared="0"  />
</gc-op>
<gc-op id="1199" type="classunload" timems="0.004" contextid="1195" timestamp="2019-06-16T00:37:52.507">
  <classunload-info classloadercandidates="54" classloadersunloaded="0" classesunloaded="0" anonymousclassesunloaded="0" quiescems="0.000" setupms="0.004" scanms="0.000" postms="0.000" />
</gc-op>
<heap-resize id="1200" type="contract" space="default" amount="3145728" count="1" timems="0.280" reason="excess free space following gc" timestamp="2019-06-16T00:37:52.508" />
<gc-end id="1201" type="partial gc" contextid="1195" durationms="6.135" usertimems="8.000" systemtimems="0.000" timestamp="2019-06-16T00:37:52.508" activeThreads="1">
  <mem-info id="1202" free="35651584" total="57671680" percent="61">
    <mem type="eden" free="1048552" total="1048576" percent="99" />
    <remembered-set count="32288" freebytes="2298496" totalbytes="2427648" percent="94" regionsoverflowed="0" regionsstable="2" regionsrebuilding="9"/>
  </mem-info>
</gc-end>
<cycle-end id="1203" type="partial gc" contextid="1195" timestamp="2019-06-16T00:37:52.508" />
  <attribute name="elasticGC enabled" value="1" />
  <attribute name= "numThreadsSpecified" value="1" />
  <attribute name="heapSize specified" value="0" />
  <attribute name="Current GC Util" value="103" />
  <attribute name= "Current Time Running" value="11553" />
  <attribute name ="GC Interval" value="0" />
  <attribute name="ProportionalT" value="124.500000" />
  <attribute name="ProportionalI" value="124.500000" />
  <attribute name="ProportionalH" value="124.500000" />
  <attribute name="Current Error" value="83.000000" />
  <attribute name="IntegralT" value="0.000000" />
  <attribute name="IntegralI" value="0.000000" />
  <attribute name="IntegralH" value="0.000000" />
  <attribute name="DerivativeT" value="inf" />
  <attribute name="DerivativeI" value="inf" />
  <attribute name="DerivativeH" value="inf" />
  <attribute name="Loop Time for DT" value="0.000000" />
  <attribute name="Output H" value="8388608"/>
  <attribute name="Output I" value="200"/>
  <attribute name="Output T" value="1"/>
  <attribute name="Target GC Util Change" value ="20.000000" />
  <attribute name="Current GC Util Change" value="103.000000"/>
  <attribute name="GC Util currently" value="103" />
  <attribute name="CPU Util currently" value="8009319354522" />
<exclusive-end id="1204" timestamp="2019-06-16T00:37:52.508" durationms="7.140" />

<exclusive-start id="1205" timestamp="2019-06-16T00:37:52.513" intervalms="11.539">
  <response-info timems="0.062" idlems="0.062" threads="0" lastid="0000000001AE6700" lastname="main" />
</exclusive-start>
<allocation-taxation id="1206" taxation-threshold="10485760" timestamp="2019-06-16T00:37:52.513" intervalms="11.601" />
<gc-start id="1207" type="global mark phase" contextid="1161" timestamp="2019-06-16T00:37:52.513">
  <mem-info id="1208" free="25165824" total="57671680" percent="43">
    <remembered-set count="32000" freebytes="2299648" totalbytes="2427648" percent="94" regionsoverflowed="0" regionsstable="2" regionsrebuilding="9"/>
  </mem-info>
</gc-start>
<gc-end id="1209" type="global mark phase" contextid="1161" durationms="0.138" usertimems="0.000" systemtimems="0.000" timestamp="2019-06-16T00:37:52.513" activeThreads="1">
  <mem-info id="1210" free="25165824" total="57671680" percent="43">
    <remembered-set count="32000" freebytes="2299648" totalbytes="2427648" percent="94" regionsoverflowed="0" regionsstable="2" regionsrebuilding="9"/>
  </mem-info>
</gc-end>
<concurrent-start id="1211" type="GMP work packet processing" contextid="1161" timestamp="2019-06-16T00:37:52.513">
  <concurrent-mark-start scanTarget="1516958" />
</concurrent-start>
<exclusive-end id="1212" timestamp="2019-06-16T00:37:52.514" durationms="0.834" />

<concurrent-end id="1213" type="GMP work packet processing" contextid="1161" timestamp="2019-06-16T00:37:52.515">
  <concurrent-mark-end bytesScanned="1558492" reasonForTermination="Work target met" />
</concurrent-end>

<exclusive-start id="1214" timestamp="2019-06-16T00:37:52.519" intervalms="6.384">
  <response-info timems="0.062" idlems="0.062" threads="0" lastid="0000000001AE6700" lastname="main" />
</exclusive-start>
<allocation-taxation id="1215" taxation-threshold="10485760" timestamp="2019-06-16T00:37:52.519" intervalms="6.311" />
<cycle-start id="1216" type="partial gc" contextid="0" timestamp="2019-06-16T00:37:52.519" intervalms="17.922" />
<gc-start id="1217" type="partial gc" contextid="1216" timestamp="2019-06-16T00:37:52.520">
  <mem-info id="1218" free="14680064" total="57671680" percent="25">
    <mem type="eden" free="1048552" total="22020096" percent="4" />
    <remembered-set count="44288" freebytes="2250496" totalbytes="2427648" percent="92" regionsoverflowed="0" regionsstable="2" regionsrebuilding="9"/>
  </mem-info>
</gc-start>
<allocation-stats totalBytes="20840064" >
  <allocated-bytes non-tlh="0" tlh="20840064" arrayletleaf="0"/>
  <largest-consumer threadName="main" threadId="0000000001AE6700" bytes="10420032" />
</allocation-stats>
<gc-op id="1219" type="copy forward" timems="1.583" contextid="1216" timestamp="2019-06-16T00:37:52.522">
  <memory-copied type="eden" objects="1" bytes="24" bytesdiscarded="0" />
  <memory-copied type="other" objects="0" bytes="0" bytesdiscarded="0" />
  <memory-cardclean objects="10" bytes="424" />
  <regions eden="20" other="1" />
  <remembered-set-cleared processed="42371" cleared="5" durationms="0.330" />
  <stringconstants candidates="13760" cleared="0"  />
</gc-op>
<gc-op id="1220" type="classunload" timems="0.004" contextid="1216" timestamp="2019-06-16T00:37:52.522">
  <classunload-info classloadercandidates="54" classloadersunloaded="0" classesunloaded="0" anonymousclassesunloaded="0" quiescems="0.000" setupms="0.004" scanms="0.000" postms="0.000" />
</gc-op>
<heap-resize id="1221" type="contract" space="default" amount="1048576" count="1" timems="0.193" reason="excess free space following gc" timestamp="2019-06-16T00:37:52.523" />
<gc-end id="1222" type="partial gc" contextid="1216" durationms="3.169" usertimems="0.000" systemtimems="4.000" timestamp="2019-06-16T00:37:52.523" activeThreads="1">
  <mem-info id="1223" free="34603008" total="56623104" percent="61">
    <mem type="eden" free="1048552" total="1048576" percent="99" />
    <remembered-set count="43840" freebytes="2126720" totalbytes="2302080" percent="92" regionsoverflowed="0" regionsstable="2" regionsrebuilding="9"/>
  </mem-info>
</gc-end>
<cycle-end id="1224" type="partial gc" contextid="1216" timestamp="2019-06-16T00:37:52.523" />
  <attribute name="elasticGC enabled" value="1" />
  <attribute name= "numThreadsSpecified" value="1" />
  <attribute name="heapSize specified" value="0" />
  <attribute name="Current GC Util" value="114" />
  <attribute name= "Current Time Running" value="11571" />
  <attribute name ="GC Interval" value="0" />
  <attribute name="ProportionalT" value="141.000000" />
  <attribute name="ProportionalI" value="141.000000" />
  <attribute name="ProportionalH" value="141.000000" />
  <attribute name="Current Error" value="94.000000" />
  <attribute name="IntegralT" value="0.000000" />
  <attribute name="IntegralI" value="0.000000" />
  <attribute name="IntegralH" value="0.000000" />
  <attribute name="DerivativeT" value="inf" />
  <attribute name="DerivativeI" value="inf" />
  <attribute name="DerivativeH" value="inf" />
  <attribute name="Loop Time for DT" value="0.000000" />
  <attribute name="Output H" value="8388608"/>
  <attribute name="Output I" value="200"/>
  <attribute name="Output T" value="1"/>
  <attribute name="Target GC Util Change" value ="20.000000" />
  <attribute name="Current GC Util Change" value="114.000000"/>
  <attribute name="GC Util currently" value="114" />
  <attribute name="CPU Util currently" value="9039898207736" />
<exclusive-end id="1225" timestamp="2019-06-16T00:37:52.523" durationms="3.934" />

<exclusive-start id="1226" timestamp="2019-06-16T00:37:52.527" intervalms="8.281">
  <response-info timems="0.062" idlems="0.062" threads="0" lastid="0000000001AE6700" lastname="main" />
</exclusive-start>
<allocation-taxation id="1227" taxation-threshold="10485760" timestamp="2019-06-16T00:37:52.528" intervalms="8.292" />
<gc-start id="1228" type="global mark phase" contextid="1161" timestamp="2019-06-16T00:37:52.528">
  <mem-info id="1229" free="24117248" total="56623104" percent="42">
    <remembered-set count="43360" freebytes="2128640" totalbytes="2302080" percent="92" regionsoverflowed="0" regionsstable="2" regionsrebuilding="9"/>
  </mem-info>
</gc-start>
<gc-end id="1230" type="global mark phase" contextid="1161" durationms="0.125" usertimems="0.000" systemtimems="0.000" timestamp="2019-06-16T00:37:52.528" activeThreads="1">
  <mem-info id="1231" free="24117248" total="56623104" percent="42">
    <remembered-set count="43360" freebytes="2128640" totalbytes="2302080" percent="92" regionsoverflowed="0" regionsstable="2" regionsrebuilding="9"/>
  </mem-info>
</gc-end>
<concurrent-start id="1232" type="GMP work packet processing" contextid="1161" timestamp="2019-06-16T00:37:52.528">
  <concurrent-mark-start scanTarget="2022611" />
</concurrent-start>
<exclusive-end id="1233" timestamp="2019-06-16T00:37:52.530" durationms="2.069" />

<concurrent-end id="1234" type="GMP work packet processing" contextid="1161" timestamp="2019-06-16T00:37:52.530">
  <concurrent-mark-end bytesScanned="2071912" reasonForTermination="Work target met" />
</concurrent-end>

<exclusive-start id="1235" timestamp="2019-06-16T00:37:52.534" intervalms="6.509">
  <response-info timems="0.064" idlems="0.064" threads="0" lastid="0000000001AE6700" lastname="main" />
</exclusive-start>
<allocation-taxation id="1236" taxation-threshold="10485760" timestamp="2019-06-16T00:37:52.534" intervalms="6.564" />
<cycle-start id="1237" type="partial gc" contextid="0" timestamp="2019-06-16T00:37:52.534" intervalms="14.857" />
<gc-start id="1238" type="partial gc" contextid="1237" timestamp="2019-06-16T00:37:52.535">
  <mem-info id="1239" free="13631488" total="56623104" percent="24">
    <mem type="eden" free="1048552" total="22020096" percent="4" />
    <remembered-set count="58752" freebytes="2067072" totalbytes="2302080" percent="89" regionsoverflowed="0" regionsstable="2" regionsrebuilding="9"/>
  </mem-info>
</gc-start>
<allocation-stats totalBytes="20840064" >
  <allocated-bytes non-tlh="0" tlh="20840064" arrayletleaf="0"/>
  <largest-consumer threadName="main" threadId="0000000001AE6700" bytes="10420032" />
</allocation-stats>
<gc-op id="1240" type="copy forward" timems="4.444" contextid="1237" timestamp="2019-06-16T00:37:52.540">
  <memory-copied type="eden" objects="1" bytes="24" bytesdiscarded="0" />
  <memory-copied type="other" objects="0" bytes="0" bytesdiscarded="0" />
  <memory-cardclean objects="43356" bytes="1474088" />
  <regions eden="20" other="1" />
  <remembered-set-cleared processed="52988" cleared="5532" durationms="0.329" />
  <stringconstants candidates="13760" cleared="0"  />
</gc-op>
<gc-op id="1241" type="classunload" timems="0.006" contextid="1237" timestamp="2019-06-16T00:37:52.540">
  <classunload-info classloadercandidates="54" classloadersunloaded="0" classesunloaded="0" anonymousclassesunloaded="0" quiescems="0.000" setupms="0.006" scanms="0.000" postms="0.000" />
</gc-op>
<gc-end id="1242" type="partial gc" contextid="1237" durationms="5.674" usertimems="16.000" systemtimems="0.000" timestamp="2019-06-16T00:37:52.540" activeThreads="4">
  <mem-info id="1243" free="34603008" total="56623104" percent="61">
    <mem type="eden" free="1048552" total="1048576" percent="99" />
    <remembered-set count="55552" freebytes="2038016" totalbytes="2260224" percent="90" regionsoverflowed="0" regionsstable="2" regionsrebuilding="9"/>
  </mem-info>
</gc-end>
<cycle-end id="1244" type="partial gc" contextid="1237" timestamp="2019-06-16T00:37:52.540" />
  <attribute name="elasticGC enabled" value="1" />
  <attribute name= "numThreadsSpecified" value="4" />
  <attribute name="heapSize specified" value="0" />
  <attribute name="Current GC Util" value="108" />
  <attribute name= "Current Time Running" value="11586" />
  <attribute name ="GC Interval" value="0" />
  <attribute name="ProportionalT" value="132.000000" />
  <attribute name="ProportionalI" value="132.000000" />
  <attribute name="ProportionalH" value="132.000000" />
  <attribute name="Current Error" value="88.000000" />
  <attribute name="IntegralT" value="88.000000" />
  <attribute name="IntegralI" value="88.000000" />
  <attribute name="IntegralH" value="88.000000" />
  <attribute name="DerivativeT" value="18.000000" />
  <attribute name="DerivativeI" value="18.000000" />
  <attribute name="DerivativeH" value="18.000000" />
  <attribute name="Loop Time for DT" value="1.000000" />
  <attribute name="Output H" value="8388608"/>
  <attribute name="Output I" value="240"/>
  <attribute name="Output T" value="4"/>
  <attribute name="Target GC Util Change" value ="20.000000" />
  <attribute name="Current GC Util Change" value="108.000000"/>
  <attribute name="GC Util currently" value="108" />
  <attribute name="CPU Util currently" value="8951114871417" />
<exclusive-end id="1245" timestamp="2019-06-16T00:37:52.541" durationms="6.574" />

<exclusive-start id="1246" timestamp="2019-06-16T00:37:52.552" intervalms="18.262">
  <response-info timems="0.078" idlems="0.078" threads="0" lastid="0000000001AE6700" lastname="main" />
</exclusive-start>
<allocation-taxation id="1247" taxation-threshold="10485760" timestamp="2019-06-16T00:37:52.552" intervalms="18.295" />
<gc-start id="1248" type="global mark phase" contextid="1161" timestamp="2019-06-16T00:37:52.553">
  <mem-info id="1249" free="24117248" total="56623104" percent="42">
    <remembered-set count="55552" freebytes="2038016" totalbytes="2260224" percent="90" regionsoverflowed="0" regionsstable="2" regionsrebuilding="9"/>
  </mem-info>
</gc-start>
<gc-end id="1250" type="global mark phase" contextid="1161" durationms="0.141" usertimems="4.000" systemtimems="0.000" timestamp="2019-06-16T00:37:52.553" activeThreads="4">
  <mem-info id="1251" free="24117248" total="56623104" percent="42">
    <remembered-set count="55552" freebytes="2038016" totalbytes="2260224" percent="90" regionsoverflowed="0" regionsstable="2" regionsrebuilding="9"/>
  </mem-info>
</gc-end>
<concurrent-start id="1252" type="GMP work packet processing" contextid="1161" timestamp="2019-06-16T00:37:52.553">
  <concurrent-mark-start scanTarget="2022611" />
</concurrent-start>
<exclusive-end id="1253" timestamp="2019-06-16T00:37:52.555" durationms="2.425" />

<concurrent-end id="1254" type="GMP work packet processing" contextid="1161" timestamp="2019-06-16T00:37:52.555">
  <concurrent-mark-end bytesScanned="2079528" reasonForTermination="Work target met" />
</concurrent-end>

<exclusive-start id="1255" timestamp="2019-06-16T00:37:52.616" intervalms="63.679">
  <response-info timems="0.024" idlems="0.024" threads="0" lastid="0000000001AE6700" lastname="main" />
</exclusive-start>
<allocation-taxation id="1256" taxation-threshold="10485760" timestamp="2019-06-16T00:37:52.616" intervalms="63.668" />
<cycle-start id="1257" type="partial gc" contextid="0" timestamp="2019-06-16T00:37:52.616" intervalms="82.027" />
<gc-start id="1258" type="partial gc" contextid="1257" timestamp="2019-06-16T00:37:52.617">
  <mem-info id="1259" free="13631488" total="56623104" percent="24">
    <mem type="eden" free="1048552" total="22020096" percent="4" />
    <remembered-set count="68864" freebytes="1984768" totalbytes="2260224" percent="87" regionsoverflowed="0" regionsstable="2" regionsrebuilding="9"/>
  </mem-info>
</gc-start>
<allocation-stats totalBytes="20964112" >
  <allocated-bytes non-tlh="0" tlh="20964112" arrayletleaf="0"/>
  <largest-consumer threadName="main" threadId="0000000001AE6700" bytes="10484008" />
</allocation-stats>
<gc-op id="1260" type="copy forward" timems="1.731" contextid="1257" timestamp="2019-06-16T00:37:52.619">
  <memory-copied type="eden" objects="156" bytes="5128" bytesdiscarded="0" />
  <memory-copied type="other" objects="0" bytes="0" bytesdiscarded="0" />
  <memory-cardclean objects="89" bytes="2888" />
  <regions eden="20" other="1" />
  <remembered-set-cleared processed="66727" cleared="25" durationms="0.496" />
  <stringconstants candidates="13760" cleared="0"  />
</gc-op>
<gc-op id="1261" type="classunload" timems="0.004" contextid="1257" timestamp="2019-06-16T00:37:52.619">
  <classunload-info classloadercandidates="54" classloadersunloaded="0" classesunloaded="0" anonymousclassesunloaded="0" quiescems="0.000" setupms="0.003" scanms="0.000" postms="0.000" />
</gc-op>
<gc-end id="1262" type="partial gc" contextid="1257" durationms="3.053" usertimems="0.000" systemtimems="0.000" timestamp="2019-06-16T00:37:52.620" activeThreads="1">
  <mem-info id="1263" free="34603008" total="56623104" percent="61">
    <mem type="eden" free="1043448" total="1048576" percent="99" />
    <remembered-set count="69344" freebytes="1982848" totalbytes="2260224" percent="87" regionsoverflowed="0" regionsstable="2" regionsrebuilding="9"/>
  </mem-info>
</gc-end>
<cycle-end id="1264" type="partial gc" contextid="1257" timestamp="2019-06-16T00:37:52.620" />
  <attribute name="elasticGC enabled" value="1" />
  <attribute name= "numThreadsSpecified" value="1" />
  <attribute name="heapSize specified" value="0" />
  <attribute name="Current GC Util" value="150" />
  <attribute name= "Current Time Running" value="11668" />
  <attribute name ="GC Interval" value="0" />
  <attribute name="ProportionalT" value="195.000000" />
  <attribute name="ProportionalI" value="195.000000" />
  <attribute name="ProportionalH" value="195.000000" />
  <attribute name="Current Error" value="130.000000" />
  <attribute name="IntegralT" value="0.000000" />
  <attribute name="IntegralI" value="0.000000" />
  <attribute name="IntegralH" value="0.000000" />
  <attribute name="DerivativeT" value="inf" />
  <attribute name="DerivativeI" value="inf" />
  <attribute name="DerivativeH" value="inf" />
  <attribute name="Loop Time for DT" value="0.000000" />
  <attribute name="Output H" value="8388608"/>
  <attribute name="Output I" value="200"/>
  <attribute name="Output T" value="1"/>
  <attribute name="Target GC Util Change" value ="20.000000" />
  <attribute name="Current GC Util Change" value="150.000000"/>
  <attribute name="GC Util currently" value="150" />
  <attribute name="CPU Util currently" value="12746929113917" />
<exclusive-end id="1265" timestamp="2019-06-16T00:37:52.620" durationms="4.311" />

<exclusive-start id="1266" timestamp="2019-06-16T00:37:52.648" intervalms="32.317">
  <response-info timems="0.088" idlems="0.088" threads="0" lastid="0000000001AE6700" lastname="main" />
</exclusive-start>
<allocation-taxation id="1267" taxation-threshold="10485760" timestamp="2019-06-16T00:37:52.648" intervalms="32.374" />
<gc-start id="1268" type="global mark phase" contextid="1161" timestamp="2019-06-16T00:37:52.649">
  <mem-info id="1269" free="24117248" total="56623104" percent="42">
    <remembered-set count="68896" freebytes="1984640" totalbytes="2260224" percent="87" regionsoverflowed="0" regionsstable="2" regionsrebuilding="9"/>
  </mem-info>
</gc-start>
<gc-end id="1270" type="global mark phase" contextid="1161" durationms="0.192" usertimems="0.000" systemtimems="0.000" timestamp="2019-06-16T00:37:52.649" activeThreads="1">
  <mem-info id="1271" free="24117248" total="56623104" percent="42">
    <remembered-set count="68896" freebytes="1984640" totalbytes="2260224" percent="87" regionsoverflowed="0" regionsstable="2" regionsrebuilding="9"/>
  </mem-info>
</gc-end>
<concurrent-start id="1272" type="GMP work packet processing" contextid="1161" timestamp="2019-06-16T00:37:52.649">
  <concurrent-mark-start scanTarget="1048576" />
</concurrent-start>
<concurrent-end id="1273" type="GMP work packet processing" contextid="1161" timestamp="2019-06-16T00:37:52.650">
  <concurrent-mark-end bytesScanned="1121352" reasonForTermination="Work target met" />
</concurrent-end>

<exclusive-end id="1274" timestamp="2019-06-16T00:37:52.650" durationms="1.984" />

<exclusive-start id="1275" timestamp="2019-06-16T00:37:52.676" intervalms="27.993">
  <response-info timems="0.092" idlems="0.092" threads="0" lastid="0000000001AE6700" lastname="main" />
</exclusive-start>
<allocation-taxation id="1276" taxation-threshold="10485760" timestamp="2019-06-16T00:37:52.676" intervalms="27.943" />
<cycle-start id="1277" type="partial gc" contextid="0" timestamp="2019-06-16T00:37:52.677" intervalms="60.330" />
<gc-start id="1278" type="partial gc" contextid="1277" timestamp="2019-06-16T00:37:52.677">
  <mem-info id="1279" free="13631488" total="56623104" percent="24">
    <mem type="eden" free="0" total="20971520" percent="0" />
    <remembered-set count="78176" freebytes="1947520" totalbytes="2260224" percent="86" regionsoverflowed="0" regionsstable="2" regionsrebuilding="9"/>
  </mem-info>
</gc-start>
<allocation-stats totalBytes="20968336" >
  <allocated-bytes non-tlh="0" tlh="20968336" arrayletleaf="0"/>
  <largest-consumer threadName="main" threadId="0000000001AE6700" bytes="10484208" />
</allocation-stats>
<gc-op id="1280" type="copy forward" timems="1.973" contextid="1277" timestamp="2019-06-16T00:37:52.680">
  <memory-copied type="eden" objects="106" bytes="3504" bytesdiscarded="0" />
  <memory-copied type="other" objects="51" bytes="1704" bytesdiscarded="0" />
  <memory-cardclean objects="62" bytes="2280" />
  <regions eden="20" other="1" />
  <remembered-set-cleared processed="75864" cleared="46" durationms="0.555" />
  <stringconstants candidates="13760" cleared="0"  />
</gc-op>
<gc-op id="1281" type="classunload" timems="0.004" contextid="1277" timestamp="2019-06-16T00:37:52.680">
  <classunload-info classloadercandidates="54" classloadersunloaded="0" classesunloaded="0" anonymousclassesunloaded="0" quiescems="0.000" setupms="0.004" scanms="0.000" postms="0.000" />
</gc-op>
<gc-end id="1282" type="partial gc" contextid="1277" durationms="3.288" usertimems="4.000" systemtimems="0.000" timestamp="2019-06-16T00:37:52.680" activeThreads="1">
  <mem-info id="1283" free="33554432" total="56623104" percent="59">
    <mem type="eden" free="1045072" total="1048576" percent="99" />
    <remembered-set count="78592" freebytes="1945856" totalbytes="2260224" percent="86" regionsoverflowed="0" regionsstable="2" regionsrebuilding="9"/>
  </mem-info>
</gc-end>
<cycle-end id="1284" type="partial gc" contextid="1277" timestamp="2019-06-16T00:37:52.681" />
  <attribute name="elasticGC enabled" value="1" />
  <attribute name= "numThreadsSpecified" value="1" />
  <attribute name="heapSize specified" value="0" />
  <attribute name="Current GC Util" value="155" />
  <attribute name= "Current Time Running" value="11728" />
  <attribute name ="GC Interval" value="0" />
  <attribute name="ProportionalT" value="202.500000" />
  <attribute name="ProportionalI" value="202.500000" />
  <attribute name="ProportionalH" value="202.500000" />
  <attribute name="Current Error" value="135.000000" />
  <attribute name="IntegralT" value="0.000000" />
  <attribute name="IntegralI" value="0.000000" />
  <attribute name="IntegralH" value="0.000000" />
  <attribute name="DerivativeT" value="inf" />
  <attribute name="DerivativeI" value="inf" />
  <attribute name="DerivativeH" value="inf" />
  <attribute name="Loop Time for DT" value="0.000000" />
  <attribute name="Output H" value="8388608"/>
  <attribute name="Output I" value="200"/>
  <attribute name="Output T" value="1"/>
  <attribute name="Target GC Util Change" value ="20.000000" />
  <attribute name="Current GC Util Change" value="155.000000"/>
  <attribute name="GC Util currently" value="155" />
  <attribute name="CPU Util currently" value="12634617675720" />
<exclusive-end id="1285" timestamp="2019-06-16T00:37:52.681" durationms="4.573" />

<exclusive-start id="1286" timestamp="2019-06-16T00:37:52.715" intervalms="38.453">
  <response-info timems="0.028" idlems="0.028" threads="0" lastid="0000000001AE6700" lastname="main" />
</exclusive-start>
<allocation-taxation id="1287" taxation-threshold="10485760" timestamp="2019-06-16T00:37:52.715" intervalms="38.405" />
<gc-start id="1288" type="global mark phase" contextid="1161" timestamp="2019-06-16T00:37:52.715">
  <mem-info id="1289" free="23068672" total="56623104" percent="40">
    <remembered-set count="78208" freebytes="1947392" totalbytes="2260224" percent="86" regionsoverflowed="0" regionsstable="2" regionsrebuilding="9"/>
  </mem-info>
</gc-start>
<gc-end id="1290" type="global mark phase" contextid="1161" durationms="0.164" usertimems="0.000" systemtimems="0.000" timestamp="2019-06-16T00:37:52.715" activeThreads="1">
  <mem-info id="1291" free="23068672" total="56623104" percent="40">
    <remembered-set count="78208" freebytes="1947392" totalbytes="2260224" percent="86" regionsoverflowed="0" regionsstable="2" regionsrebuilding="9"/>
  </mem-info>
</gc-end>
<concurrent-start id="1292" type="GMP work packet processing" contextid="1161" timestamp="2019-06-16T00:37:52.715">
  <concurrent-mark-start scanTarget="1048576" />
</concurrent-start>
<concurrent-end id="1293" type="GMP work packet processing" contextid="1161" timestamp="2019-06-16T00:37:52.717">
  <concurrent-mark-end bytesScanned="1097260" reasonForTermination="Work target met" />
</concurrent-end>

<exclusive-end id="1294" timestamp="2019-06-16T00:37:52.717" durationms="2.081" />

<exclusive-start id="1295" timestamp="2019-06-16T00:37:52.762" intervalms="47.389">
  <response-info timems="0.069" idlems="0.069" threads="0" lastid="0000000001AE6700" lastname="main" />
</exclusive-start>
<allocation-taxation id="1296" taxation-threshold="10485760" timestamp="2019-06-16T00:37:52.762" intervalms="47.399" />
<cycle-start id="1297" type="partial gc" contextid="0" timestamp="2019-06-16T00:37:52.762" intervalms="85.724" />
<gc-start id="1298" type="partial gc" contextid="1297" timestamp="2019-06-16T00:37:52.763">
  <mem-info id="1299" free="12582912" total="56623104" percent="22">
    <mem type="eden" free="1045072" total="22020096" percent="4" />
    <remembered-set count="84000" freebytes="1924224" totalbytes="2260224" percent="85" regionsoverflowed="0" regionsstable="2" regionsrebuilding="9"/>
  </mem-info>
</gc-start>
<allocation-stats totalBytes="20968576" >
  <allocated-bytes non-tlh="0" tlh="20968576" arrayletleaf="0"/>
  <largest-consumer threadName="main" threadId="0000000001AE6700" bytes="10484360" />
</allocation-stats>
<gc-op id="1300" type="copy forward" timems="1.953" contextid="1297" timestamp="2019-06-16T00:37:52.766">
  <memory-copied type="eden" objects="339" bytes="11072" bytesdiscarded="0" />
  <memory-copied type="other" objects="0" bytes="0" bytesdiscarded="0" />
  <memory-cardclean objects="95" bytes="11800" />
  <regions eden="20" other="1" />
  <remembered-set-cleared processed="81825" cleared="47" durationms="0.597" />
  <references type="weak" candidates="37" cleared="0" enqueued="0" />
  <stringconstants candidates="13760" cleared="0"  />
</gc-op>
<gc-op id="1301" type="classunload" timems="0.005" contextid="1297" timestamp="2019-06-16T00:37:52.766">
  <classunload-info classloadercandidates="54" classloadersunloaded="0" classesunloaded="0" anonymousclassesunloaded="0" quiescems="0.000" setupms="0.005" scanms="0.000" postms="0.000" />
</gc-op>
<gc-end id="1302" type="partial gc" contextid="1297" durationms="3.324" usertimems="4.000" systemtimems="0.000" timestamp="2019-06-16T00:37:52.766" activeThreads="1">
  <mem-info id="1303" free="33554432" total="56623104" percent="59">
    <mem type="eden" free="1037456" total="1048576" percent="98" />
    <remembered-set count="84416" freebytes="1922560" totalbytes="2260224" percent="85" regionsoverflowed="0" regionsstable="2" regionsrebuilding="9"/>
  </mem-info>
</gc-end>
<cycle-end id="1304" type="partial gc" contextid="1297" timestamp="2019-06-16T00:37:52.766" />
  <attribute name="elasticGC enabled" value="1" />
  <attribute name= "numThreadsSpecified" value="1" />
  <attribute name="heapSize specified" value="0" />
  <attribute name="Current GC Util" value="156" />
  <attribute name= "Current Time Running" value="11814" />
  <attribute name ="GC Interval" value="0" />
  <attribute name="ProportionalT" value="204.000000" />
  <attribute name="ProportionalI" value="204.000000" />
  <attribute name="ProportionalH" value="204.000000" />
  <attribute name="Current Error" value="136.000000" />
  <attribute name="IntegralT" value="0.000000" />
  <attribute name="IntegralI" value="0.000000" />
  <attribute name="IntegralH" value="0.000000" />
  <attribute name="DerivativeT" value="inf" />
  <attribute name="DerivativeI" value="inf" />
  <attribute name="DerivativeH" value="inf" />
  <attribute name="Loop Time for DT" value="0.000000" />
  <attribute name="Output H" value="8388608"/>
  <attribute name="Output I" value="200"/>
  <attribute name="Output T" value="1"/>
  <attribute name="Target GC Util Change" value ="20.000000" />
  <attribute name="Current GC Util Change" value="156.000000"/>
  <attribute name="GC Util currently" value="156" />
  <attribute name="CPU Util currently" value="12310698089577" />
<exclusive-end id="1305" timestamp="2019-06-16T00:37:52.767" durationms="4.477" />

<exclusive-start id="1306" timestamp="2019-06-16T00:37:52.790" intervalms="27.894">
  <response-info timems="0.062" idlems="0.062" threads="0" lastid="0000000001AE6700" lastname="main" />
</exclusive-start>
<allocation-taxation id="1307" taxation-threshold="10485760" timestamp="2019-06-16T00:37:52.790" intervalms="27.957" />
<gc-start id="1308" type="global mark phase" contextid="1161" timestamp="2019-06-16T00:37:52.790">
  <mem-info id="1309" free="23068672" total="56623104" percent="40">
    <remembered-set count="84032" freebytes="1924096" totalbytes="2260224" percent="85" regionsoverflowed="0" regionsstable="2" regionsrebuilding="9"/>
  </mem-info>
</gc-start>
<gc-end id="1310" type="global mark phase" contextid="1161" durationms="0.157" usertimems="0.000" systemtimems="0.000" timestamp="2019-06-16T00:37:52.791" activeThreads="1">
  <mem-info id="1311" free="23068672" total="56623104" percent="40">
    <remembered-set count="84032" freebytes="1924096" totalbytes="2260224" percent="85" regionsoverflowed="0" regionsstable="2" regionsrebuilding="9"/>
  </mem-info>
</gc-end>
<concurrent-start id="1312" type="GMP work packet processing" contextid="1161" timestamp="2019-06-16T00:37:52.791">
  <concurrent-mark-start scanTarget="1048576" />
</concurrent-start>
<exclusive-end id="1313" timestamp="2019-06-16T00:37:52.792" durationms="1.752" />

<concurrent-end id="1314" type="GMP work packet processing" contextid="1161" timestamp="2019-06-16T00:37:52.792">
  <concurrent-mark-end bytesScanned="1092824" reasonForTermination="Work target met" />
</concurrent-end>

<exclusive-start id="1315" timestamp="2019-06-16T00:37:52.811" intervalms="20.827">
  <response-info timems="0.084" idlems="0.084" threads="0" lastid="0000000001AE6700" lastname="main" />
</exclusive-start>
<allocation-taxation id="1316" taxation-threshold="10485760" timestamp="2019-06-16T00:37:52.811" intervalms="20.837" />
<cycle-start id="1317" type="partial gc" contextid="0" timestamp="2019-06-16T00:37:52.811" intervalms="48.935" />
<gc-start id="1318" type="partial gc" contextid="1317" timestamp="2019-06-16T00:37:52.812">
  <mem-info id="1319" free="12582912" total="56623104" percent="22">
    <mem type="eden" free="0" total="20971520" percent="0" />
    <remembered-set count="90560" freebytes="1897984" totalbytes="2260224" percent="83" regionsoverflowed="0" regionsstable="2" regionsrebuilding="9"/>
  </mem-info>
</gc-start>
<allocation-stats totalBytes="20968856" >
  <allocated-bytes non-tlh="0" tlh="20968856" arrayletleaf="0"/>
  <largest-consumer threadName="main" threadId="0000000001AE6700" bytes="10484440" />
</allocation-stats>
<gc-op id="1320" type="copy forward" timems="1.882" contextid="1317" timestamp="2019-06-16T00:37:52.815">
  <memory-copied type="eden" objects="124" bytes="3840" bytesdiscarded="0" />
  <memory-copied type="other" objects="213" bytes="7232" bytesdiscarded="0" />
  <memory-cardclean objects="64" bytes="10832" />
  <regions eden="20" other="1" />
  <remembered-set-cleared processed="88339" cleared="81" durationms="0.627" />
  <references type="weak" candidates="37" cleared="0" enqueued="0" />
  <stringconstants candidates="13760" cleared="0"  />
</gc-op>
<gc-op id="1321" type="classunload" timems="0.004" contextid="1317" timestamp="2019-06-16T00:37:52.815">
  <classunload-info classloadercandidates="54" classloadersunloaded="0" classesunloaded="0" anonymousclassesunloaded="0" quiescems="0.000" setupms="0.004" scanms="0.000" postms="0.000" />
</gc-op>
<gc-end id="1322" type="partial gc" contextid="1317" durationms="3.132" usertimems="0.000" systemtimems="4.000" timestamp="2019-06-16T00:37:52.815" activeThreads="1">
  <mem-info id="1323" free="32505856" total="56623104" percent="57">
    <mem type="eden" free="1044736" total="1048576" percent="99" />
    <remembered-set count="90912" freebytes="1896576" totalbytes="2260224" percent="83" regionsoverflowed="0" regionsstable="2" regionsrebuilding="9"/>
  </mem-info>
</gc-end>
<cycle-end id="1324" type="partial gc" contextid="1317" timestamp="2019-06-16T00:37:52.815" />
  <attribute name="elasticGC enabled" value="1" />
  <attribute name= "numThreadsSpecified" value="1" />
  <attribute name="heapSize specified" value="0" />
  <attribute name="Current GC Util" value="153" />
  <attribute name= "Current Time Running" value="11863" />
  <attribute name ="GC Interval" value="0" />
  <attribute name="ProportionalT" value="199.500000" />
  <attribute name="ProportionalI" value="199.500000" />
  <attribute name="ProportionalH" value="199.500000" />
  <attribute name="Current Error" value="133.000000" />
  <attribute name="IntegralT" value="0.000000" />
  <attribute name="IntegralI" value="0.000000" />
  <attribute name="IntegralH" value="0.000000" />
  <attribute name="DerivativeT" value="inf" />
  <attribute name="DerivativeI" value="inf" />
  <attribute name="DerivativeH" value="inf" />
  <attribute name="Loop Time for DT" value="0.000000" />
  <attribute name="Output H" value="8388608"/>
  <attribute name="Output I" value="200"/>
  <attribute name="Output T" value="1"/>
  <attribute name="Target GC Util Change" value ="20.000000" />
  <attribute name="Current GC Util Change" value="153.000000"/>
  <attribute name="GC Util currently" value="153" />
  <attribute name="CPU Util currently" value="12967360039621" />
<exclusive-end id="1325" timestamp="2019-06-16T00:37:52.815" durationms="4.506" />

<exclusive-start id="1326" timestamp="2019-06-16T00:37:52.834" intervalms="23.623">
  <response-info timems="0.058" idlems="0.058" threads="0" lastid="0000000001AE6700" lastname="main" />
</exclusive-start>
<allocation-taxation id="1327" taxation-threshold="10485760" timestamp="2019-06-16T00:37:52.835" intervalms="23.587" />
<gc-start id="1328" type="global mark phase" contextid="1161" timestamp="2019-06-16T00:37:52.835">
  <mem-info id="1329" free="22020096" total="56623104" percent="38">
    <remembered-set count="90592" freebytes="1897856" totalbytes="2260224" percent="83" regionsoverflowed="0" regionsstable="2" regionsrebuilding="9"/>
  </mem-info>
</gc-start>
<gc-end id="1330" type="global mark phase" contextid="1161" durationms="0.153" usertimems="0.000" systemtimems="0.000" timestamp="2019-06-16T00:37:52.835" activeThreads="1">
  <mem-info id="1331" free="22020096" total="56623104" percent="38">
    <remembered-set count="90592" freebytes="1897856" totalbytes="2260224" percent="83" regionsoverflowed="0" regionsstable="2" regionsrebuilding="9"/>
  </mem-info>
</gc-end>
<concurrent-start id="1332" type="GMP work packet processing" contextid="1161" timestamp="2019-06-16T00:37:52.835">
  <concurrent-mark-start scanTarget="1048576" />
</concurrent-start>
<concurrent-end id="1333" type="GMP work packet processing" contextid="1161" timestamp="2019-06-16T00:37:52.836">
  <concurrent-mark-end bytesScanned="431944" reasonForTermination="Completed all work in GC phase" />
</concurrent-end>

<exclusive-end id="1334" timestamp="2019-06-16T00:37:52.836" durationms="1.472" />

<exclusive-start id="1335" timestamp="2019-06-16T00:37:52.855" intervalms="20.613">
  <response-info timems="0.078" idlems="0.078" threads="0" lastid="0000000001AE6700" lastname="main" />
</exclusive-start>
<allocation-taxation id="1336" taxation-threshold="10485760" timestamp="2019-06-16T00:37:52.855" intervalms="20.592" />
<cycle-start id="1337" type="partial gc" contextid="0" timestamp="2019-06-16T00:37:52.855" intervalms="44.038" />
<gc-start id="1338" type="partial gc" contextid="1337" timestamp="2019-06-16T00:37:52.856">
  <mem-info id="1339" free="11534336" total="56623104" percent="20">
    <mem type="eden" free="1044736" total="22020096" percent="4" />
    <remembered-set count="92672" freebytes="1889536" totalbytes="2260224" percent="83" regionsoverflowed="0" regionsstable="2" regionsrebuilding="9"/>
  </mem-info>
</gc-start>
<allocation-stats totalBytes="20968984" >
  <allocated-bytes non-tlh="0" tlh="20968984" arrayletleaf="0"/>
  <largest-consumer threadName="main" threadId="0000000001AE6700" bytes="10484568" />
</allocation-stats>
<gc-op id="1340" type="copy forward" timems="1.816" contextid="1337" timestamp="2019-06-16T00:37:52.858">
  <memory-copied type="eden" objects="124" bytes="3840" bytesdiscarded="0" />
  <memory-copied type="other" objects="0" bytes="0" bytesdiscarded="0" />
  <memory-cardclean objects="21" bytes="1072" />
  <regions eden="20" other="1" />
  <remembered-set-cleared processed="90742" cleared="23" durationms="0.644" />
  <stringconstants candidates="13760" cleared="0"  />
</gc-op>
<gc-op id="1341" type="classunload" timems="0.004" contextid="1337" timestamp="2019-06-16T00:37:52.858">
  <classunload-info classloadercandidates="54" classloadersunloaded="0" classesunloaded="0" anonymousclassesunloaded="0" quiescems="0.000" setupms="0.004" scanms="0.000" postms="0.000" />
</gc-op>
<gc-end id="1342" type="partial gc" contextid="1337" durationms="2.972" usertimems="0.000" systemtimems="4.000" timestamp="2019-06-16T00:37:52.859" activeThreads="1">
  <mem-info id="1343" free="32505856" total="56623104" percent="57">
    <mem type="eden" free="1044736" total="1048576" percent="99" />
    <remembered-set count="93120" freebytes="1887744" totalbytes="2260224" percent="83" regionsoverflowed="0" regionsstable="2" regionsrebuilding="9"/>
  </mem-info>
</gc-end>
<cycle-end id="1344" type="partial gc" contextid="1337" timestamp="2019-06-16T00:37:52.859" />
  <attribute name="elasticGC enabled" value="1" />
  <attribute name= "numThreadsSpecified" value="1" />
  <attribute name="heapSize specified" value="0" />
  <attribute name="Current GC Util" value="162" />
  <attribute name= "Current Time Running" value="11907" />
  <attribute name ="GC Interval" value="0" />
  <attribute name="ProportionalT" value="213.000000" />
  <attribute name="ProportionalI" value="213.000000" />
  <attribute name="ProportionalH" value="213.000000" />
  <attribute name="Current Error" value="142.000000" />
  <attribute name="IntegralT" value="0.000000" />
  <attribute name="IntegralI" value="0.000000" />
  <attribute name="IntegralH" value="0.000000" />
  <attribute name="DerivativeT" value="inf" />
  <attribute name="DerivativeI" value="inf" />
  <attribute name="DerivativeH" value="inf" />
  <attribute name="Loop Time for DT" value="0.000000" />
  <attribute name="Output H" value="8388608"/>
  <attribute name="Output I" value="200"/>
  <attribute name="Output T" value="1"/>
  <attribute name="Target GC Util Change" value ="20.000000" />
  <attribute name="Current GC Util Change" value="162.000000"/>
  <attribute name="GC Util currently" value="162" />
  <attribute name="CPU Util currently" value="13085098626238" />
<exclusive-end id="1345" timestamp="2019-06-16T00:37:52.859" durationms="3.924" />

<exclusive-start id="1346" timestamp="2019-06-16T00:37:52.873" intervalms="18.442">
  <response-info timems="0.178" idlems="0.178" threads="0" lastid="0000000001AE6700" lastname="main" />
</exclusive-start>
<allocation-taxation id="1347" taxation-threshold="10485760" timestamp="2019-06-16T00:37:52.874" intervalms="18.414" />
<gc-start id="1348" type="global mark phase" contextid="1161" timestamp="2019-06-16T00:37:52.874">
  <mem-info id="1349" free="22020096" total="56623104" percent="38">
    <remembered-set count="92704" freebytes="1889408" totalbytes="2260224" percent="83" regionsoverflowed="0" regionsstable="2" regionsrebuilding="9"/>
  </mem-info>
</gc-start>
<gc-op id="1350" type="mark increment" timems="5.872" contextid="1161" timestamp="2019-06-16T00:37:52.880">
  <trace-info objectcount="80" scancount="79" scanbytes="346268" />
  <cardclean-info objects="201209" bytes="5702116" />
  <finalization candidates="80" enqueued="0" />
  <ownableSynchronizers candidates="21" cleared="0" />
  <references type="soft" candidates="4854" cleared="0" enqueued="0" dynamicThreshold="18" maxThreshold="32" />
  <references type="weak" candidates="5646" cleared="7" enqueued="3" />
  <references type="phantom" candidates="101" cleared="0" enqueued="0" />
  <stringconstants candidates="13760" cleared="0"  />
</gc-op>
<gc-op id="1351" type="classunload" timems="0.008" contextid="1161" timestamp="2019-06-16T00:37:52.880">
  <classunload-info classloadercandidates="54" classloadersunloaded="0" classesunloaded="0" anonymousclassesunloaded="0" quiescems="0.000" setupms="0.007" scanms="0.000" postms="0.000" />
</gc-op>
<gc-end id="1352" type="global mark phase" contextid="1161" durationms="6.379" usertimems="12.000" systemtimems="4.000" timestamp="2019-06-16T00:37:52.880" activeThreads="4">
  <mem-info id="1353" free="22020096" total="56623104" percent="38">
    <pending-finalizers system="0" default="0" reference="3" classloader="0" />
    <remembered-set count="106016" freebytes="1836160" totalbytes="2260224" percent="81" regionsoverflowed="0" regionsstable="2" regionsrebuilding="0"/>
  </mem-info>
</gc-end>
<cycle-end id="1354" type="global mark phase" contextid="1161" timestamp="2019-06-16T00:37:52.880" />
  <attribute name="elasticGC enabled" value="1" />
  <attribute name= "numThreadsSpecified" value="4" />
  <attribute name="heapSize specified" value="0" />
  <attribute name="Current GC Util" value="166" />
  <attribute name= "Current Time Running" value="11929" />
  <attribute name ="GC Interval" value="0" />
  <attribute name="ProportionalT" value="219.000000" />
  <attribute name="ProportionalI" value="219.000000" />
  <attribute name="ProportionalH" value="219.000000" />
  <attribute name="Current Error" value="146.000000" />
  <attribute name="IntegralT" value="146.000000" />
  <attribute name="IntegralI" value="146.000000" />
  <attribute name="IntegralH" value="146.000000" />
  <attribute name="DerivativeT" value="-57.000000" />
  <attribute name="DerivativeI" value="-57.000000" />
  <attribute name="DerivativeH" value="-57.000000" />
  <attribute name="Loop Time for DT" value="1.000000" />
  <attribute name="Output H" value="8388608"/>
  <attribute name="Output I" value="312"/>
  <attribute name="Output T" value="4"/>
  <attribute name="Target GC Util Change" value ="20.000000" />
  <attribute name="Current GC Util Change" value="166.000000"/>
  <attribute name="GC Util currently" value="166" />
  <attribute name="CPU Util currently" value="9037170125305" />
<exclusive-end id="1355" timestamp="2019-06-16T00:37:52.881" durationms="7.098" />

<exclusive-start id="1356" timestamp="2019-06-16T00:37:52.890" intervalms="16.816">
  <response-info timems="0.030" idlems="0.030" threads="0" lastid="0000000001AE6700" lastname="main" />
</exclusive-start>
<allocation-taxation id="1357" taxation-threshold="10485760" timestamp="2019-06-16T00:37:52.891" intervalms="16.908" />
<cycle-start id="1358" type="partial gc" contextid="0" timestamp="2019-06-16T00:37:52.891" intervalms="35.370" />
<gc-start id="1359" type="partial gc" contextid="1358" timestamp="2019-06-16T00:37:52.891">
  <mem-info id="1360" free="11534336" total="56623104" percent="20">
    <mem type="eden" free="1044736" total="22020096" percent="4" />
    <remembered-set count="41376" freebytes="2094720" totalbytes="2260224" percent="92" regionsoverflowed="0" regionsstable="8" regionsrebuilding="0"/>
  </mem-info>
</gc-start>
<allocation-stats totalBytes="20957248" >
  <allocated-bytes non-tlh="0" tlh="20957248" arrayletleaf="0"/>
  <largest-consumer threadName="main" threadId="0000000001AE6700" bytes="10474880" />
</allocation-stats>
<gc-op id="1361" type="sweep" timems="1.062" contextid="1358" timestamp="2019-06-16T00:37:52.893" />
<gc-op id="1362" type="copy forward" timems="3.016" contextid="1358" timestamp="2019-06-16T00:37:52.896">
  <memory-copied type="eden" objects="6" bytes="792" bytesdiscarded="0" />
  <memory-copied type="other" objects="18" bytes="568" bytesdiscarded="0" />
  <memory-cardclean objects="76" bytes="2552" />
  <regions eden="10" other="2" />
  <remembered-set-cleared processed="39530" cleared="37" durationms="0.256" />
  <stringconstants candidates="13760" cleared="0"  />
</gc-op>
<gc-op id="1363" type="classunload" timems="0.004" contextid="1358" timestamp="2019-06-16T00:37:52.896">
  <classunload-info classloadercandidates="54" classloadersunloaded="0" classesunloaded="0" anonymousclassesunloaded="0" quiescems="0.000" setupms="0.004" scanms="0.000" postms="0.000" />
</gc-op>
<heap-resize id="1364" type="expand" space="default" amount="4194304" count="1" timems="0.067" reason="excessive time being spent in gc" timestamp="2019-06-16T00:37:52.897" />
<gc-end id="1365" type="partial gc" contextid="1358" durationms="5.794" usertimems="8.000" systemtimems="0.000" timestamp="2019-06-16T00:37:52.897" activeThreads="4">
  <mem-info id="1366" free="36700160" total="60817408" percent="60">
    <mem type="eden" free="1047216" total="1048576" percent="99" />
    <remembered-set count="41312" freebytes="2262400" totalbytes="2427648" percent="93" regionsoverflowed="0" regionsstable="8" regionsrebuilding="0"/>
  </mem-info>
</gc-end>
<cycle-end id="1367" type="partial gc" contextid="1358" timestamp="2019-06-16T00:37:52.897" />
  <attribute name="elasticGC enabled" value="1" />
  <attribute name= "numThreadsSpecified" value="4" />
  <attribute name="heapSize specified" value="0" />
  <attribute name="Current GC Util" value="161" />
  <attribute name= "Current Time Running" value="11944" />
  <attribute name ="GC Interval" value="0" />
  <attribute name="ProportionalT" value="211.500000" />
  <attribute name="ProportionalI" value="211.500000" />
  <attribute name="ProportionalH" value="211.500000" />
  <attribute name="Current Error" value="141.000000" />
  <attribute name="IntegralT" value="141.000000" />
  <attribute name="IntegralI" value="141.000000" />
  <attribute name="IntegralH" value="141.000000" />
  <attribute name="DerivativeT" value="7.500000" />
  <attribute name="DerivativeI" value="7.500000" />
  <attribute name="DerivativeH" value="7.500000" />
  <attribute name="Loop Time for DT" value="1.000000" />
  <attribute name="Output H" value="8388608"/>
  <attribute name="Output I" value="360"/>
  <attribute name="Output T" value="4"/>
  <attribute name="Target GC Util Change" value ="20.000000" />
  <attribute name="Current GC Util Change" value="161.000000"/>
  <attribute name="GC Util currently" value="161" />
  <attribute name="CPU Util currently" value="13699487835744" />
<exclusive-end id="1368" timestamp="2019-06-16T00:37:52.897" durationms="7.075" />

<exclusive-start id="1369" timestamp="2019-06-16T00:37:52.907" intervalms="16.721">
  <response-info timems="0.067" idlems="0.067" threads="0" lastid="0000000001AE6700" lastname="main" />
</exclusive-start>
<allocation-taxation id="1370" taxation-threshold="10485760" timestamp="2019-06-16T00:37:52.907" intervalms="16.673" />
<cycle-start id="1371" type="global mark phase" contextid="0" timestamp="2019-06-16T00:37:52.907" intervalms="439.229" />
<gc-start id="1372" type="global mark phase" contextid="1371" timestamp="2019-06-16T00:37:52.908">
  <mem-info id="1373" free="26214400" total="60817408" percent="43">
    <remembered-set count="41312" freebytes="2262400" totalbytes="2427648" percent="93" regionsoverflowed="0" regionsstable="8" regionsrebuilding="0"/>
  </mem-info>
</gc-start>
<gc-op id="1374" type="mark increment" timems="0.907" contextid="1371" timestamp="2019-06-16T00:37:52.909">
  <trace-info objectcount="169" scancount="0" scanbytes="0" />
</gc-op>
<gc-end id="1375" type="global mark phase" contextid="1371" durationms="1.201" usertimems="4.000" systemtimems="0.000" timestamp="2019-06-16T00:37:52.909" activeThreads="4">
  <mem-info id="1376" free="26214400" total="60817408" percent="43">
    <remembered-set count="41312" freebytes="2262400" totalbytes="2427648" percent="93" regionsoverflowed="0" regionsstable="0" regionsrebuilding="8"/>
  </mem-info>
</gc-end>
<concurrent-start id="1377" type="GMP work packet processing" contextid="1371" timestamp="2019-06-16T00:37:52.909">
  <concurrent-mark-start scanTarget="1876779" />
</concurrent-start>
<exclusive-end id="1378" timestamp="2019-06-16T00:37:52.910" durationms="2.725" />

<concurrent-end id="1379" type="GMP work packet processing" contextid="1371" timestamp="2019-06-16T00:37:52.911">
  <concurrent-mark-end bytesScanned="1935048" reasonForTermination="Work target met" />
</concurrent-end>

<exclusive-start id="1380" timestamp="2019-06-16T00:37:52.921" intervalms="13.808">
  <response-info timems="0.072" idlems="0.072" threads="0" lastid="0000000001AE6700" lastname="main" />
</exclusive-start>
<allocation-taxation id="1381" taxation-threshold="10485760" timestamp="2019-06-16T00:37:52.921" intervalms="13.769" />
<cycle-start id="1382" type="partial gc" contextid="0" timestamp="2019-06-16T00:37:52.921" intervalms="30.467" />
<gc-start id="1383" type="partial gc" contextid="1382" timestamp="2019-06-16T00:37:52.921">
  <mem-info id="1384" free="15728640" total="60817408" percent="25">
    <mem type="eden" free="0" total="20971520" percent="0" />
    <remembered-set count="54240" freebytes="2210688" totalbytes="2427648" percent="91" regionsoverflowed="0" regionsstable="0" regionsrebuilding="8"/>
  </mem-info>
</gc-start>
<allocation-stats totalBytes="20959792" >
  <allocated-bytes non-tlh="0" tlh="20959792" arrayletleaf="0"/>
  <largest-consumer threadName="main" threadId="0000000001AE6700" bytes="10480584" />
</allocation-stats>
<gc-op id="1385" type="copy forward" timems="5.695" contextid="1382" timestamp="2019-06-16T00:37:52.928">
  <memory-copied type="eden" objects="5" bytes="368" bytesdiscarded="0" />
  <memory-copied type="other" objects="17946" bytes="825296" bytesdiscarded="92320" />
  <memory-cardclean objects="102582" bytes="2583264" />
  <regions eden="20" other="4" />
  <remembered-set-cleared processed="43828" cleared="11204" durationms="0.321" />
  <finalization candidates="13" enqueued="0" />
  <references type="soft" candidates="118" cleared="0" enqueued="0" dynamicThreshold="13" maxThreshold="32" />
  <references type="weak" candidates="251" cleared="0" enqueued="0" />
  <references type="phantom" candidates="55" cleared="0" enqueued="0" />
  <stringconstants candidates="13760" cleared="0"  />
</gc-op>
<gc-op id="1386" type="classunload" timems="0.005" contextid="1382" timestamp="2019-06-16T00:37:52.928">
  <classunload-info classloadercandidates="54" classloadersunloaded="0" classesunloaded="0" anonymousclassesunloaded="0" quiescems="0.000" setupms="0.005" scanms="0.000" postms="0.000" />
</gc-op>
<gc-end id="1387" type="partial gc" contextid="1382" durationms="6.799" usertimems="12.000" systemtimems="4.000" timestamp="2019-06-16T00:37:52.928" activeThreads="4">
  <mem-info id="1388" free="36700160" total="60817408" percent="60">
    <mem type="eden" free="1048208" total="1048576" percent="99" />
    <remembered-set count="50400" freebytes="2226048" totalbytes="2427648" percent="91" regionsoverflowed="0" regionsstable="0" regionsrebuilding="8"/>
  </mem-info>
</gc-end>
<cycle-end id="1389" type="partial gc" contextid="1382" timestamp="2019-06-16T00:37:52.928" />
  <attribute name="elasticGC enabled" value="1" />
  <attribute name= "numThreadsSpecified" value="4" />
  <attribute name="heapSize specified" value="0" />
  <attribute name="Current GC Util" value="63" />
  <attribute name= "Current Time Running" value="11973" />
  <attribute name ="GC Interval" value="0" />
  <attribute name="ProportionalT" value="64.500000" />
  <attribute name="ProportionalI" value="64.500000" />
  <attribute name="ProportionalH" value="64.500000" />
  <attribute name="Current Error" value="43.000000" />
  <attribute name="IntegralT" value="43.000000" />
  <attribute name="IntegralI" value="43.000000" />
  <attribute name="IntegralH" value="43.000000" />
  <attribute name="DerivativeT" value="8.000000" />
  <attribute name="DerivativeI" value="8.000000" />
  <attribute name="DerivativeH" value="8.000000" />
  <attribute name="Loop Time for DT" value="1.000000" />
  <attribute name="Output H" value="8388608"/>
  <attribute name="Output I" value="200"/>
  <attribute name="Output T" value="4"/>
  <attribute name="Target GC Util Change" value ="20.000000" />
  <attribute name="Current GC Util Change" value="63.000000"/>
  <attribute name="GC Util currently" value="63" />
  <attribute name="CPU Util currently" value="17874128378023" />
<exclusive-end id="1390" timestamp="2019-06-16T00:37:52.929" durationms="7.929" />

<exclusive-start id="1391" timestamp="2019-06-16T00:37:52.939" intervalms="17.712">
  <response-info timems="0.069" idlems="0.069" threads="0" lastid="0000000001AE6700" lastname="main" />
</exclusive-start>
<allocation-taxation id="1392" taxation-threshold="10485760" timestamp="2019-06-16T00:37:52.939" intervalms="17.712" />
<gc-start id="1393" type="global mark phase" contextid="1371" timestamp="2019-06-16T00:37:52.939">
  <mem-info id="1394" free="26214400" total="60817408" percent="43">
    <remembered-set count="21024" freebytes="2343552" totalbytes="2427648" percent="96" regionsoverflowed="0" regionsstable="8" regionsrebuilding="8"/>
  </mem-info>
</gc-start>
<gc-end id="1395" type="global mark phase" contextid="1371" durationms="0.155" usertimems="0.000" systemtimems="0.000" timestamp="2019-06-16T00:37:52.939" activeThreads="4">
  <mem-info id="1396" free="26214400" total="60817408" percent="43">
    <remembered-set count="21024" freebytes="2343552" totalbytes="2427648" percent="96" regionsoverflowed="0" regionsstable="8" regionsrebuilding="8"/>
  </mem-info>
</gc-end>
<concurrent-start id="1397" type="GMP work packet processing" contextid="1371" timestamp="2019-06-16T00:37:52.939">
  <concurrent-mark-start scanTarget="1876779" />
</concurrent-start>
<exclusive-end id="1398" timestamp="2019-06-16T00:37:52.941" durationms="2.350" />

<concurrent-end id="1399" type="GMP work packet processing" contextid="1371" timestamp="2019-06-16T00:37:52.941">
  <concurrent-mark-end bytesScanned="1920288" reasonForTermination="Work target met" />
</concurrent-end>

<exclusive-start id="1400" timestamp="2019-06-16T00:37:52.951" intervalms="11.962">
  <response-info timems="0.082" idlems="0.082" threads="0" lastid="0000000001AE6700" lastname="main" />
</exclusive-start>
<allocation-taxation id="1401" taxation-threshold="10485760" timestamp="2019-06-16T00:37:52.951" intervalms="11.948" />
<cycle-start id="1402" type="partial gc" contextid="0" timestamp="2019-06-16T00:37:52.951" intervalms="29.547" />
<gc-start id="1403" type="partial gc" contextid="1402" timestamp="2019-06-16T00:37:52.951">
  <mem-info id="1404" free="15728640" total="60817408" percent="25">
    <mem type="eden" free="1048208" total="22020096" percent="4" />
    <remembered-set count="32800" freebytes="2296448" totalbytes="2427648" percent="94" regionsoverflowed="0" regionsstable="8" regionsrebuilding="8"/>
  </mem-info>
</gc-start>
<allocation-stats totalBytes="20960328" >
  <allocated-bytes non-tlh="0" tlh="20960328" arrayletleaf="0"/>
  <largest-consumer threadName="main" threadId="0000000001AE6700" bytes="10480400" />
</allocation-stats>
<gc-op id="1405" type="copy forward" timems="1.401" contextid="1402" timestamp="2019-06-16T00:37:52.953">
  <memory-copied type="eden" objects="5" bytes="240" bytesdiscarded="0" />
  <memory-copied type="other" objects="7" bytes="160" bytesdiscarded="0" />
  <memory-cardclean objects="28" bytes="1512" />
  <regions eden="20" other="2" />
  <remembered-set-cleared processed="31332" cleared="22" durationms="0.315" />
  <stringconstants candidates="13760" cleared="0"  />
</gc-op>
<gc-op id="1406" type="classunload" timems="0.004" contextid="1402" timestamp="2019-06-16T00:37:52.953">
  <classunload-info classloadercandidates="54" classloadersunloaded="0" classesunloaded="0" anonymousclassesunloaded="0" quiescems="0.000" setupms="0.004" scanms="0.000" postms="0.000" />
</gc-op>
<gc-end id="1407" type="partial gc" contextid="1402" durationms="2.576" usertimems="4.000" systemtimems="0.000" timestamp="2019-06-16T00:37:52.954" activeThreads="1">
  <mem-info id="1408" free="36700160" total="60817408" percent="60">
    <mem type="eden" free="1048336" total="1048576" percent="99" />
    <remembered-set count="33184" freebytes="2294912" totalbytes="2427648" percent="94" regionsoverflowed="0" regionsstable="8" regionsrebuilding="8"/>
  </mem-info>
</gc-end>
<cycle-end id="1409" type="partial gc" contextid="1402" timestamp="2019-06-16T00:37:52.954" />
  <attribute name="elasticGC enabled" value="1" />
  <attribute name= "numThreadsSpecified" value="1" />
  <attribute name="heapSize specified" value="0" />
  <attribute name="Current GC Util" value="63" />
  <attribute name= "Current Time Running" value="12002" />
  <attribute name ="GC Interval" value="0" />
  <attribute name="ProportionalT" value="64.500000" />
  <attribute name="ProportionalI" value="64.500000" />
  <attribute name="ProportionalH" value="64.500000" />
  <attribute name="Current Error" value="43.000000" />
  <attribute name="IntegralT" value="0.000000" />
  <attribute name="IntegralI" value="0.000000" />
  <attribute name="IntegralH" value="0.000000" />
  <attribute name="DerivativeT" value="inf" />
  <attribute name="DerivativeI" value="inf" />
  <attribute name="DerivativeH" value="inf" />
  <attribute name="Loop Time for DT" value="0.000000" />
  <attribute name="Output H" value="8388608"/>
  <attribute name="Output I" value="200"/>
  <attribute name="Output T" value="1"/>
  <attribute name="Target GC Util Change" value ="20.000000" />
  <attribute name="Current GC Util Change" value="63.000000"/>
  <attribute name="GC Util currently" value="63" />
  <attribute name="CPU Util currently" value="16282017201698" />
<exclusive-end id="1410" timestamp="2019-06-16T00:37:52.954" durationms="3.668" />

<exclusive-start id="1411" timestamp="2019-06-16T00:37:52.964" intervalms="13.490">
  <response-info timems="0.225" idlems="0.225" threads="0" lastid="0000000001AE6700" lastname="main" />
</exclusive-start>
<allocation-taxation id="1412" taxation-threshold="10485760" timestamp="2019-06-16T00:37:52.964" intervalms="13.518" />
<gc-start id="1413" type="global mark phase" contextid="1371" timestamp="2019-06-16T00:37:52.964">
  <mem-info id="1414" free="26214400" total="60817408" percent="43">
    <remembered-set count="32768" freebytes="2296576" totalbytes="2427648" percent="94" regionsoverflowed="0" regionsstable="8" regionsrebuilding="8"/>
  </mem-info>
</gc-start>
<gc-end id="1415" type="global mark phase" contextid="1371" durationms="0.113" usertimems="0.000" systemtimems="0.000" timestamp="2019-06-16T00:37:52.964" activeThreads="1">
  <mem-info id="1416" free="26214400" total="60817408" percent="43">
    <remembered-set count="32768" freebytes="2296576" totalbytes="2427648" percent="94" regionsoverflowed="0" regionsstable="8" regionsrebuilding="8"/>
  </mem-info>
</gc-end>
<concurrent-start id="1417" type="GMP work packet processing" contextid="1371" timestamp="2019-06-16T00:37:52.965">
  <concurrent-mark-start scanTarget="1048576" />
</concurrent-start>
<exclusive-end id="1418" timestamp="2019-06-16T00:37:52.966" durationms="1.645" />

<concurrent-end id="1419" type="GMP work packet processing" contextid="1371" timestamp="2019-06-16T00:37:52.966">
  <concurrent-mark-end bytesScanned="1101460" reasonForTermination="Work target met" />
</concurrent-end>

<exclusive-start id="1420" timestamp="2019-06-16T00:37:52.975" intervalms="11.359">
  <response-info timems="0.084" idlems="0.084" threads="0" lastid="0000000001AE6700" lastname="main" />
</exclusive-start>
<allocation-taxation id="1421" taxation-threshold="10485760" timestamp="2019-06-16T00:37:52.975" intervalms="11.323" />
<cycle-start id="1422" type="partial gc" contextid="0" timestamp="2019-06-16T00:37:52.976" intervalms="24.916" />
<gc-start id="1423" type="partial gc" contextid="1422" timestamp="2019-06-16T00:37:52.976">
  <mem-info id="1424" free="15728640" total="60817408" percent="25">
    <mem type="eden" free="1048336" total="22020096" percent="4" />
    <remembered-set count="41600" freebytes="2261248" totalbytes="2427648" percent="93" regionsoverflowed="0" regionsstable="8" regionsrebuilding="8"/>
  </mem-info>
</gc-start>
<allocation-stats totalBytes="20960968" >
  <allocated-bytes non-tlh="0" tlh="20960968" arrayletleaf="0"/>
  <largest-consumer threadName="main" threadId="0000000001AE6700" bytes="10480584" />
</allocation-stats>
<gc-op id="1425" type="copy forward" timems="1.646" contextid="1422" timestamp="2019-06-16T00:37:52.978">
  <memory-copied type="eden" objects="5" bytes="368" bytesdiscarded="0" />
  <memory-copied type="other" objects="50" bytes="1464" bytesdiscarded="0" />
  <memory-cardclean objects="41" bytes="10256" />
  <regions eden="20" other="2" />
  <remembered-set-cleared processed="40339" cleared="33" durationms="0.370" />
  <references type="weak" candidates="30" cleared="0" enqueued="0" />
  <stringconstants candidates="13760" cleared="0"  />
</gc-op>
<gc-op id="1426" type="classunload" timems="0.004" contextid="1422" timestamp="2019-06-16T00:37:52.979">
  <classunload-info classloadercandidates="54" classloadersunloaded="0" classesunloaded="0" anonymousclassesunloaded="0" quiescems="0.000" setupms="0.004" scanms="0.000" postms="0.000" />
</gc-op>
<gc-end id="1427" type="partial gc" contextid="1422" durationms="2.775" usertimems="4.000" systemtimems="0.000" timestamp="2019-06-16T00:37:52.979" activeThreads="1">
  <mem-info id="1428" free="36700160" total="60817408" percent="60">
    <mem type="eden" free="1048208" total="1048576" percent="99" />
    <remembered-set count="42048" freebytes="2259456" totalbytes="2427648" percent="93" regionsoverflowed="0" regionsstable="8" regionsrebuilding="8"/>
  </mem-info>
</gc-end>
<cycle-end id="1429" type="partial gc" contextid="1422" timestamp="2019-06-16T00:37:52.979" />
  <attribute name="elasticGC enabled" value="1" />
  <attribute name= "numThreadsSpecified" value="1" />
  <attribute name="heapSize specified" value="0" />
  <attribute name="Current GC Util" value="155" />
  <attribute name= "Current Time Running" value="12027" />
  <attribute name ="GC Interval" value="0" />
  <attribute name="ProportionalT" value="202.500000" />
  <attribute name="ProportionalI" value="202.500000" />
  <attribute name="ProportionalH" value="202.500000" />
  <attribute name="Current Error" value="135.000000" />
  <attribute name="IntegralT" value="0.000000" />
  <attribute name="IntegralI" value="0.000000" />
  <attribute name="IntegralH" value="0.000000" />
  <attribute name="DerivativeT" value="inf" />
  <attribute name="DerivativeI" value="inf" />
  <attribute name="DerivativeH" value="inf" />
  <attribute name="Loop Time for DT" value="0.000000" />
  <attribute name="Output H" value="8388608"/>
  <attribute name="Output I" value="200"/>
  <attribute name="Output T" value="1"/>
  <attribute name="Target GC Util Change" value ="20.000000" />
  <attribute name="Current GC Util Change" value="155.000000"/>
  <attribute name="GC Util currently" value="155" />
  <attribute name="CPU Util currently" value="12904838491109" />
<exclusive-end id="1430" timestamp="2019-06-16T00:37:52.979" durationms="3.762" />

<exclusive-start id="1431" timestamp="2019-06-16T00:37:52.989" intervalms="13.620">
  <response-info timems="0.224" idlems="0.224" threads="0" lastid="0000000001AE6700" lastname="main" />
</exclusive-start>
<allocation-taxation id="1432" taxation-threshold="10485760" timestamp="2019-06-16T00:37:52.989" intervalms="13.660" />
<gc-start id="1433" type="global mark phase" contextid="1371" timestamp="2019-06-16T00:37:52.989">
  <mem-info id="1434" free="26214400" total="60817408" percent="43">
    <remembered-set count="41696" freebytes="2260864" totalbytes="2427648" percent="93" regionsoverflowed="0" regionsstable="8" regionsrebuilding="8"/>
  </mem-info>
</gc-start>
<gc-end id="1435" type="global mark phase" contextid="1371" durationms="0.139" usertimems="0.000" systemtimems="0.000" timestamp="2019-06-16T00:37:52.989" activeThreads="1">
  <mem-info id="1436" free="26214400" total="60817408" percent="43">
    <remembered-set count="41696" freebytes="2260864" totalbytes="2427648" percent="93" regionsoverflowed="0" regionsstable="8" regionsrebuilding="8"/>
  </mem-info>
</gc-end>
<concurrent-start id="1437" type="GMP work packet processing" contextid="1371" timestamp="2019-06-16T00:37:52.990">
  <concurrent-mark-start scanTarget="1048576" />
</concurrent-start>
<exclusive-end id="1438" timestamp="2019-06-16T00:37:52.990" durationms="0.883" />

<concurrent-end id="1439" type="GMP work packet processing" contextid="1371" timestamp="2019-06-16T00:37:52.992">
  <concurrent-mark-end bytesScanned="1055252" reasonForTermination="Work target met" />
</concurrent-end>

<exclusive-start id="1440" timestamp="2019-06-16T00:37:53.000" intervalms="10.622">
  <response-info timems="0.194" idlems="0.194" threads="0" lastid="0000000001AE6700" lastname="main" />
</exclusive-start>
<allocation-taxation id="1441" taxation-threshold="10485760" timestamp="2019-06-16T00:37:53.000" intervalms="10.578" />
<cycle-start id="1442" type="partial gc" contextid="0" timestamp="2019-06-16T00:37:53.000" intervalms="24.209" />
<gc-start id="1443" type="partial gc" contextid="1442" timestamp="2019-06-16T00:37:53.000">
  <mem-info id="1444" free="15728640" total="60817408" percent="25">
    <mem type="eden" free="1048208" total="22020096" percent="4" />
    <remembered-set count="47456" freebytes="2237824" totalbytes="2427648" percent="92" regionsoverflowed="0" regionsstable="8" regionsrebuilding="8"/>
  </mem-info>
</gc-start>
<allocation-stats totalBytes="20960328" >
  <allocated-bytes non-tlh="0" tlh="20960328" arrayletleaf="0"/>
  <largest-consumer threadName="main" threadId="0000000001AE6700" bytes="10480400" />
</allocation-stats>
<gc-op id="1445" type="copy forward" timems="3.243" contextid="1442" timestamp="2019-06-16T00:37:53.004">
  <memory-copied type="eden" objects="5" bytes="240" bytesdiscarded="0" />
  <memory-copied type="other" objects="0" bytes="0" bytesdiscarded="0" />
  <memory-cardclean objects="11" bytes="904" />
  <regions eden="20" other="1" />
  <remembered-set-cleared processed="46076" cleared="8" durationms="0.273" />
  <stringconstants candidates="13760" cleared="0"  />
</gc-op>
<gc-op id="1446" type="classunload" timems="0.008" contextid="1442" timestamp="2019-06-16T00:37:53.004">
  <classunload-info classloadercandidates="54" classloadersunloaded="0" classesunloaded="0" anonymousclassesunloaded="0" quiescems="0.000" setupms="0.008" scanms="0.000" postms="0.000" />
</gc-op>
<gc-end id="1447" type="partial gc" contextid="1442" durationms="4.501" usertimems="12.000" systemtimems="4.000" timestamp="2019-06-16T00:37:53.005" activeThreads="4">
  <mem-info id="1448" free="36700160" total="60817408" percent="60">
    <mem type="eden" free="1048336" total="1048576" percent="99" />
    <remembered-set count="47360" freebytes="2238208" totalbytes="2427648" percent="92" regionsoverflowed="0" regionsstable="8" regionsrebuilding="8"/>
  </mem-info>
</gc-end>
<cycle-end id="1449" type="partial gc" contextid="1442" timestamp="2019-06-16T00:37:53.005" />
  <attribute name="elasticGC enabled" value="1" />
  <attribute name= "numThreadsSpecified" value="4" />
  <attribute name="heapSize specified" value="0" />
  <attribute name="Current GC Util" value="274" />
  <attribute name= "Current Time Running" value="12052" />
  <attribute name ="GC Interval" value="0" />
  <attribute name="ProportionalT" value="381.000000" />
  <attribute name="ProportionalI" value="381.000000" />
  <attribute name="ProportionalH" value="381.000000" />
  <attribute name="Current Error" value="254.000000" />
  <attribute name="IntegralT" value="254.000000" />
  <attribute name="IntegralI" value="254.000000" />
  <attribute name="IntegralH" value="254.000000" />
  <attribute name="DerivativeT" value="127.000000" />
  <attribute name="DerivativeI" value="127.000000" />
  <attribute name="DerivativeH" value="127.000000" />
  <attribute name="Loop Time for DT" value="1.000000" />
  <attribute name="Output H" value="8388608"/>
  <attribute name="Output I" value="768"/>
  <attribute name="Output T" value="4"/>
  <attribute name="Target GC Util Change" value ="20.000000" />
  <attribute name="Current GC Util Change" value="274.000000"/>
  <attribute name="GC Util currently" value="274" />
  <attribute name="CPU Util currently" value="13000479201004" />
<exclusive-end id="1450" timestamp="2019-06-16T00:37:53.005" durationms="5.480" />

<exclusive-start id="1451" timestamp="2019-06-16T00:37:53.015" intervalms="15.135">
  <response-info timems="0.118" idlems="0.118" threads="0" lastid="0000000001AE6700" lastname="main" />
</exclusive-start>
<allocation-taxation id="1452" taxation-threshold="10485760" timestamp="2019-06-16T00:37:53.015" intervalms="15.202" />
<gc-start id="1453" type="global mark phase" contextid="1371" timestamp="2019-06-16T00:37:53.015">
  <mem-info id="1454" free="26214400" total="60817408" percent="43">
    <remembered-set count="47360" freebytes="2238208" totalbytes="2427648" percent="92" regionsoverflowed="0" regionsstable="8" regionsrebuilding="8"/>
  </mem-info>
</gc-start>
<gc-end id="1455" type="global mark phase" contextid="1371" durationms="0.098" usertimems="0.000" systemtimems="0.000" timestamp="2019-06-16T00:37:53.015" activeThreads="4">
  <mem-info id="1456" free="26214400" total="60817408" percent="43">
    <remembered-set count="47360" freebytes="2238208" totalbytes="2427648" percent="92" regionsoverflowed="0" regionsstable="8" regionsrebuilding="8"/>
  </mem-info>
</gc-end>
<concurrent-start id="1457" type="GMP work packet processing" contextid="1371" timestamp="2019-06-16T00:37:53.015">
  <concurrent-mark-start scanTarget="1876779" />
</concurrent-start>
<concurrent-end id="1458" type="GMP work packet processing" contextid="1371" timestamp="2019-06-16T00:37:53.017">
  <concurrent-mark-end bytesScanned="1912360" reasonForTermination="Work target met" />
</concurrent-end>

<exclusive-end id="1459" timestamp="2019-06-16T00:37:53.017" durationms="2.550" />

<exclusive-start id="1460" timestamp="2019-06-16T00:37:53.027" intervalms="12.309">
  <response-info timems="0.077" idlems="0.077" threads="0" lastid="0000000001AE6700" lastname="main" />
</exclusive-start>
<allocation-taxation id="1461" taxation-threshold="10485760" timestamp="2019-06-16T00:37:53.027" intervalms="12.254" />
<cycle-start id="1462" type="partial gc" contextid="0" timestamp="2019-06-16T00:37:53.027" intervalms="27.448" />
<gc-start id="1463" type="partial gc" contextid="1462" timestamp="2019-06-16T00:37:53.028">
  <mem-info id="1464" free="15728640" total="60817408" percent="25">
    <mem type="eden" free="1048336" total="22020096" percent="4" />
    <remembered-set count="61184" freebytes="2182912" totalbytes="2427648" percent="89" regionsoverflowed="0" regionsstable="8" regionsrebuilding="8"/>
  </mem-info>
</gc-start>
<allocation-stats totalBytes="20960968" >
  <allocated-bytes non-tlh="0" tlh="20960968" arrayletleaf="0"/>
  <largest-consumer threadName="main" threadId="0000000001AE6700" bytes="10480584" />
</allocation-stats>
<gc-op id="1465" type="copy forward" timems="1.661" contextid="1462" timestamp="2019-06-16T00:37:53.030">
  <memory-copied type="eden" objects="5" bytes="368" bytesdiscarded="0" />
  <memory-copied type="other" objects="0" bytes="0" bytesdiscarded="0" />
  <memory-cardclean objects="11" bytes="904" />
  <regions eden="20" other="1" />
  <remembered-set-cleared processed="59011" cleared="7" durationms="0.467" />
  <stringconstants candidates="13760" cleared="0"  />
</gc-op>
<gc-op id="1466" type="classunload" timems="0.004" contextid="1462" timestamp="2019-06-16T00:37:53.030">
  <classunload-info classloadercandidates="54" classloadersunloaded="0" classesunloaded="0" anonymousclassesunloaded="0" quiescems="0.000" setupms="0.004" scanms="0.000" postms="0.000" />
</gc-op>
<gc-end id="1467" type="partial gc" contextid="1462" durationms="3.037" usertimems="0.000" systemtimems="4.000" timestamp="2019-06-16T00:37:53.031" activeThreads="1">
  <mem-info id="1468" free="36700160" total="60817408" percent="60">
    <mem type="eden" free="1048208" total="1048576" percent="99" />
    <remembered-set count="61568" freebytes="2181376" totalbytes="2427648" percent="89" regionsoverflowed="0" regionsstable="8" regionsrebuilding="8"/>
  </mem-info>
</gc-end>
<cycle-end id="1469" type="partial gc" contextid="1462" timestamp="2019-06-16T00:37:53.031" />
  <attribute name="elasticGC enabled" value="1" />
  <attribute name= "numThreadsSpecified" value="1" />
  <attribute name="heapSize specified" value="0" />
  <attribute name="Current GC Util" value="156" />
  <attribute name= "Current Time Running" value="12079" />
  <attribute name ="GC Interval" value="0" />
  <attribute name="ProportionalT" value="204.000000" />
  <attribute name="ProportionalI" value="204.000000" />
  <attribute name="ProportionalH" value="204.000000" />
  <attribute name="Current Error" value="136.000000" />
  <attribute name="IntegralT" value="0.000000" />
  <attribute name="IntegralI" value="0.000000" />
  <attribute name="IntegralH" value="0.000000" />
  <attribute name="DerivativeT" value="inf" />
  <attribute name="DerivativeI" value="inf" />
  <attribute name="DerivativeH" value="inf" />
  <attribute name="Loop Time for DT" value="0.000000" />
  <attribute name="Output H" value="8388608"/>
  <attribute name="Output I" value="200"/>
  <attribute name="Output T" value="1"/>
  <attribute name="Target GC Util Change" value ="20.000000" />
  <attribute name="Current GC Util Change" value="156.000000"/>
  <attribute name="GC Util currently" value="156" />
  <attribute name="CPU Util currently" value="12827199262295" />
<exclusive-end id="1470" timestamp="2019-06-16T00:37:53.031" durationms="4.076" />

<exclusive-start id="1471" timestamp="2019-06-16T00:37:53.041" intervalms="13.763">
  <response-info timems="0.081" idlems="0.081" threads="0" lastid="0000000001AE6700" lastname="main" />
</exclusive-start>
<allocation-taxation id="1472" taxation-threshold="10485760" timestamp="2019-06-16T00:37:53.041" intervalms="13.833" />
<gc-start id="1473" type="global mark phase" contextid="1371" timestamp="2019-06-16T00:37:53.041">
  <mem-info id="1474" free="26214400" total="60817408" percent="43">
    <remembered-set count="61088" freebytes="2183296" totalbytes="2427648" percent="89" regionsoverflowed="0" regionsstable="8" regionsrebuilding="8"/>
  </mem-info>
</gc-start>
<gc-end id="1475" type="global mark phase" contextid="1371" durationms="0.102" usertimems="0.000" systemtimems="0.000" timestamp="2019-06-16T00:37:53.041" activeThreads="1">
  <mem-info id="1476" free="26214400" total="60817408" percent="43">
    <remembered-set count="61088" freebytes="2183296" totalbytes="2427648" percent="89" regionsoverflowed="0" regionsstable="8" regionsrebuilding="8"/>
  </mem-info>
</gc-end>
<concurrent-start id="1477" type="GMP work packet processing" contextid="1371" timestamp="2019-06-16T00:37:53.042">
  <concurrent-mark-start scanTarget="1048576" />
</concurrent-start>
<exclusive-end id="1478" timestamp="2019-06-16T00:37:53.043" durationms="2.031" />

<concurrent-end id="1479" type="GMP work packet processing" contextid="1371" timestamp="2019-06-16T00:37:53.043">
  <concurrent-mark-end bytesScanned="1085004" reasonForTermination="Work target met" />
</concurrent-end>

<exclusive-start id="1480" timestamp="2019-06-16T00:37:53.053" intervalms="11.717">
  <response-info timems="0.085" idlems="0.085" threads="0" lastid="0000000001AE6700" lastname="main" />
</exclusive-start>
<allocation-taxation id="1481" taxation-threshold="10485760" timestamp="2019-06-16T00:37:53.053" intervalms="11.687" />
<cycle-start id="1482" type="partial gc" contextid="0" timestamp="2019-06-16T00:37:53.053" intervalms="25.520" />
<gc-start id="1483" type="partial gc" contextid="1482" timestamp="2019-06-16T00:37:53.053">
  <mem-info id="1484" free="15728640" total="60817408" percent="25">
    <mem type="eden" free="1048208" total="22020096" percent="4" />
    <remembered-set count="69280" freebytes="2150528" totalbytes="2427648" percent="88" regionsoverflowed="0" regionsstable="8" regionsrebuilding="8"/>
  </mem-info>
</gc-start>
<allocation-stats totalBytes="20960328" >
  <allocated-bytes non-tlh="0" tlh="20960328" arrayletleaf="0"/>
  <largest-consumer threadName="main" threadId="0000000001AE6700" bytes="10480400" />
</allocation-stats>
<gc-op id="1485" type="copy forward" timems="1.738" contextid="1482" timestamp="2019-06-16T00:37:53.056">
  <memory-copied type="eden" objects="5" bytes="240" bytesdiscarded="0" />
  <memory-copied type="other" objects="0" bytes="0" bytesdiscarded="0" />
  <memory-cardclean objects="11" bytes="904" />
  <regions eden="20" other="1" />
  <remembered-set-cleared processed="67699" cleared="7" durationms="0.532" />
  <stringconstants candidates="13760" cleared="0"  />
</gc-op>
<gc-op id="1486" type="classunload" timems="0.004" contextid="1482" timestamp="2019-06-16T00:37:53.056">
  <classunload-info classloadercandidates="54" classloadersunloaded="0" classesunloaded="0" anonymousclassesunloaded="0" quiescems="0.000" setupms="0.004" scanms="0.000" postms="0.000" />
</gc-op>
<gc-end id="1487" type="partial gc" contextid="1482" durationms="3.065" usertimems="8.000" systemtimems="0.000" timestamp="2019-06-16T00:37:53.056" activeThreads="1">
  <mem-info id="1488" free="36700160" total="60817408" percent="60">
    <mem type="eden" free="1048336" total="1048576" percent="99" />
    <remembered-set count="69760" freebytes="2148608" totalbytes="2427648" percent="88" regionsoverflowed="0" regionsstable="8" regionsrebuilding="8"/>
  </mem-info>
</gc-end>
<cycle-end id="1489" type="partial gc" contextid="1482" timestamp="2019-06-16T00:37:53.056" />
  <attribute name="elasticGC enabled" value="1" />
  <attribute name= "numThreadsSpecified" value="1" />
  <attribute name="heapSize specified" value="0" />
  <attribute name="Current GC Util" value="153" />
  <attribute name= "Current Time Running" value="12104" />
  <attribute name ="GC Interval" value="0" />
  <attribute name="ProportionalT" value="199.500000" />
  <attribute name="ProportionalI" value="199.500000" />
  <attribute name="ProportionalH" value="199.500000" />
  <attribute name="Current Error" value="133.000000" />
  <attribute name="IntegralT" value="0.000000" />
  <attribute name="IntegralI" value="0.000000" />
  <attribute name="IntegralH" value="0.000000" />
  <attribute name="DerivativeT" value="inf" />
  <attribute name="DerivativeI" value="inf" />
  <attribute name="DerivativeH" value="inf" />
  <attribute name="Loop Time for DT" value="0.000000" />
  <attribute name="Output H" value="8388608"/>
  <attribute name="Output I" value="200"/>
  <attribute name="Output T" value="1"/>
  <attribute name="Target GC Util Change" value ="20.000000" />
  <attribute name="Current GC Util Change" value="153.000000"/>
  <attribute name="GC Util currently" value="153" />
  <attribute name="CPU Util currently" value="12959197631164" />
<exclusive-end id="1490" timestamp="2019-06-16T00:37:53.057" durationms="4.059" />

<exclusive-start id="1491" timestamp="2019-06-16T00:37:53.066" intervalms="13.661">
  <response-info timems="0.085" idlems="0.085" threads="0" lastid="0000000001AE6700" lastname="main" />
</exclusive-start>
<allocation-taxation id="1492" taxation-threshold="10485760" timestamp="2019-06-16T00:37:53.066" intervalms="13.704" />
<gc-start id="1493" type="global mark phase" contextid="1371" timestamp="2019-06-16T00:37:53.067">
  <mem-info id="1494" free="26214400" total="60817408" percent="43">
    <remembered-set count="69280" freebytes="2150528" totalbytes="2427648" percent="88" regionsoverflowed="0" regionsstable="8" regionsrebuilding="8"/>
  </mem-info>
</gc-start>
<gc-end id="1495" type="global mark phase" contextid="1371" durationms="0.118" usertimems="0.000" systemtimems="0.000" timestamp="2019-06-16T00:37:53.067" activeThreads="1">
  <mem-info id="1496" free="26214400" total="60817408" percent="43">
    <remembered-set count="69280" freebytes="2150528" totalbytes="2427648" percent="88" regionsoverflowed="0" regionsstable="8" regionsrebuilding="8"/>
  </mem-info>
</gc-end>
<concurrent-start id="1497" type="GMP work packet processing" contextid="1371" timestamp="2019-06-16T00:37:53.067">
  <concurrent-mark-start scanTarget="1048576" />
</concurrent-start>
<exclusive-end id="1498" timestamp="2019-06-16T00:37:53.067" durationms="1.277" />

<concurrent-end id="1499" type="GMP work packet processing" contextid="1371" timestamp="2019-06-16T00:37:53.069">
  <concurrent-mark-end bytesScanned="1057308" reasonForTermination="Work target met" />
</concurrent-end>

<exclusive-start id="1500" timestamp="2019-06-16T00:37:53.077" intervalms="10.886">
  <response-info timems="0.084" idlems="0.084" threads="0" lastid="0000000001AE6700" lastname="main" />
</exclusive-start>
<allocation-taxation id="1501" taxation-threshold="10485760" timestamp="2019-06-16T00:37:53.077" intervalms="10.865" />
<cycle-start id="1502" type="partial gc" contextid="0" timestamp="2019-06-16T00:37:53.077" intervalms="24.571" />
<gc-start id="1503" type="partial gc" contextid="1502" timestamp="2019-06-16T00:37:53.078">
  <mem-info id="1504" free="15728640" total="60817408" percent="25">
    <mem type="eden" free="1048336" total="22020096" percent="4" />
    <remembered-set count="79328" freebytes="2110336" totalbytes="2427648" percent="86" regionsoverflowed="0" regionsstable="8" regionsrebuilding="8"/>
  </mem-info>
</gc-start>
<allocation-stats totalBytes="20960968" >
  <allocated-bytes non-tlh="0" tlh="20960968" arrayletleaf="0"/>
  <largest-consumer threadName="main" threadId="0000000001AE6700" bytes="10480584" />
</allocation-stats>
<gc-op id="1505" type="copy forward" timems="1.824" contextid="1502" timestamp="2019-06-16T00:37:53.081">
  <memory-copied type="eden" objects="5" bytes="368" bytesdiscarded="0" />
  <memory-copied type="other" objects="0" bytes="0" bytesdiscarded="0" />
  <memory-cardclean objects="11" bytes="904" />
  <regions eden="20" other="1" />
  <remembered-set-cleared processed="77706" cleared="7" durationms="0.586" />
  <stringconstants candidates="13760" cleared="0"  />
</gc-op>
<gc-op id="1506" type="classunload" timems="0.006" contextid="1502" timestamp="2019-06-16T00:37:53.081">
  <classunload-info classloadercandidates="54" classloadersunloaded="0" classesunloaded="0" anonymousclassesunloaded="0" quiescems="0.000" setupms="0.006" scanms="0.000" postms="0.000" />
</gc-op>
<gc-end id="1507" type="partial gc" contextid="1502" durationms="3.205" usertimems="8.000" systemtimems="0.000" timestamp="2019-06-16T00:37:53.081" activeThreads="1">
  <mem-info id="1508" free="36700160" total="60817408" percent="60">
    <mem type="eden" free="1048208" total="1048576" percent="99" />
    <remembered-set count="79808" freebytes="2108416" totalbytes="2427648" percent="86" regionsoverflowed="0" regionsstable="8" regionsrebuilding="8"/>
  </mem-info>
</gc-end>
<cycle-end id="1509" type="partial gc" contextid="1502" timestamp="2019-06-16T00:37:53.081" />
  <attribute name="elasticGC enabled" value="1" />
  <attribute name= "numThreadsSpecified" value="1" />
  <attribute name="heapSize specified" value="0" />
  <attribute name="Current GC Util" value="396" />
  <attribute name= "Current Time Running" value="12129" />
  <attribute name ="GC Interval" value="0" />
  <attribute name="ProportionalT" value="564.000000" />
  <attribute name="ProportionalI" value="564.000000" />
  <attribute name="ProportionalH" value="564.000000" />
  <attribute name="Current Error" value="376.000000" />
  <attribute name="IntegralT" value="0.000000" />
  <attribute name="IntegralI" value="0.000000" />
  <attribute name="IntegralH" value="0.000000" />
  <attribute name="DerivativeT" value="inf" />
  <attribute name="DerivativeI" value="inf" />
  <attribute name="DerivativeH" value="inf" />
  <attribute name="Loop Time for DT" value="0.000000" />
  <attribute name="Output H" value="8388608"/>
  <attribute name="Output I" value="200"/>
  <attribute name="Output T" value="1"/>
  <attribute name="Target GC Util Change" value ="20.000000" />
  <attribute name="Current GC Util Change" value="396.000000"/>
  <attribute name="GC Util currently" value="396" />
  <attribute name="CPU Util currently" value="12795133487736" />
<exclusive-end id="1510" timestamp="2019-06-16T00:37:53.081" durationms="4.264" />

<exclusive-start id="1511" timestamp="2019-06-16T00:37:53.091" intervalms="14.014">
  <response-info timems="0.216" idlems="0.216" threads="0" lastid="0000000001AE6700" lastname="main" />
</exclusive-start>
<allocation-taxation id="1512" taxation-threshold="10485760" timestamp="2019-06-16T00:37:53.091" intervalms="14.049" />
<gc-start id="1513" type="global mark phase" contextid="1371" timestamp="2019-06-16T00:37:53.092">
  <mem-info id="1514" free="26214400" total="60817408" percent="43">
    <remembered-set count="79328" freebytes="2110336" totalbytes="2427648" percent="86" regionsoverflowed="0" regionsstable="8" regionsrebuilding="8"/>
  </mem-info>
</gc-start>
<gc-end id="1515" type="global mark phase" contextid="1371" durationms="0.192" usertimems="0.000" systemtimems="0.000" timestamp="2019-06-16T00:37:53.092" activeThreads="1">
  <mem-info id="1516" free="26214400" total="60817408" percent="43">
    <remembered-set count="79328" freebytes="2110336" totalbytes="2427648" percent="86" regionsoverflowed="0" regionsstable="8" regionsrebuilding="8"/>
  </mem-info>
</gc-end>
<concurrent-start id="1517" type="GMP work packet processing" contextid="1371" timestamp="2019-06-16T00:37:53.092">
  <concurrent-mark-start scanTarget="1048576" />
</concurrent-start>
<exclusive-end id="1518" timestamp="2019-06-16T00:37:53.093" durationms="2.027" />

<concurrent-end id="1519" type="GMP work packet processing" contextid="1371" timestamp="2019-06-16T00:37:53.093">
  <concurrent-mark-end bytesScanned="1090640" reasonForTermination="Work target met" />
</concurrent-end>

<exclusive-start id="1520" timestamp="2019-06-16T00:37:53.103" intervalms="11.668">
  <response-info timems="0.130" idlems="0.130" threads="0" lastid="0000000001AE6700" lastname="main" />
</exclusive-start>
<allocation-taxation id="1521" taxation-threshold="10485760" timestamp="2019-06-16T00:37:53.103" intervalms="11.665" />
<cycle-start id="1522" type="partial gc" contextid="0" timestamp="2019-06-16T00:37:53.103" intervalms="25.716" />
<gc-start id="1523" type="partial gc" contextid="1522" timestamp="2019-06-16T00:37:53.103">
  <mem-info id="1524" free="15728640" total="60817408" percent="25">
    <mem type="eden" free="1048208" total="22020096" percent="4" />
    <remembered-set count="82976" freebytes="2095744" totalbytes="2427648" percent="86" regionsoverflowed="0" regionsstable="8" regionsrebuilding="8"/>
  </mem-info>
</gc-start>
<allocation-stats totalBytes="20960328" >
  <allocated-bytes non-tlh="0" tlh="20960328" arrayletleaf="0"/>
  <largest-consumer threadName="main" threadId="0000000001AE6700" bytes="10480400" />
</allocation-stats>
<gc-op id="1525" type="copy forward" timems="1.782" contextid="1522" timestamp="2019-06-16T00:37:53.106">
  <memory-copied type="eden" objects="5" bytes="240" bytesdiscarded="0" />
  <memory-copied type="other" objects="0" bytes="0" bytesdiscarded="0" />
  <memory-cardclean objects="11" bytes="904" />
  <regions eden="20" other="1" />
  <remembered-set-cleared processed="81638" cleared="7" durationms="0.599" />
  <stringconstants candidates="13760" cleared="0"  />
</gc-op>
<gc-op id="1526" type="classunload" timems="0.005" contextid="1522" timestamp="2019-06-16T00:37:53.106">
  <classunload-info classloadercandidates="54" classloadersunloaded="0" classesunloaded="0" anonymousclassesunloaded="0" quiescems="0.000" setupms="0.005" scanms="0.000" postms="0.000" />
</gc-op>
<gc-end id="1527" type="partial gc" contextid="1522" durationms="3.182" usertimems="8.000" systemtimems="0.000" timestamp="2019-06-16T00:37:53.107" activeThreads="1">
  <mem-info id="1528" free="36700160" total="60817408" percent="60">
    <mem type="eden" free="1048336" total="1048576" percent="99" />
    <remembered-set count="83456" freebytes="2093824" totalbytes="2427648" percent="86" regionsoverflowed="0" regionsstable="8" regionsrebuilding="8"/>
  </mem-info>
</gc-end>
<cycle-end id="1529" type="partial gc" contextid="1522" timestamp="2019-06-16T00:37:53.107" />
  <attribute name="elasticGC enabled" value="1" />
  <attribute name= "numThreadsSpecified" value="1" />
  <attribute name="heapSize specified" value="0" />
  <attribute name="Current GC Util" value="154" />
  <attribute name= "Current Time Running" value="12155" />
  <attribute name ="GC Interval" value="0" />
  <attribute name="ProportionalT" value="201.000000" />
  <attribute name="ProportionalI" value="201.000000" />
  <attribute name="ProportionalH" value="201.000000" />
  <attribute name="Current Error" value="134.000000" />
  <attribute name="IntegralT" value="0.000000" />
  <attribute name="IntegralI" value="0.000000" />
  <attribute name="IntegralH" value="0.000000" />
  <attribute name="DerivativeT" value="inf" />
  <attribute name="DerivativeI" value="inf" />
  <attribute name="DerivativeH" value="inf" />
  <attribute name="Loop Time for DT" value="0.000000" />
  <attribute name="Output H" value="8388608"/>
  <attribute name="Output I" value="200"/>
  <attribute name="Output T" value="1"/>
  <attribute name="Target GC Util Change" value ="20.000000" />
  <attribute name="Current GC Util Change" value="154.000000"/>
  <attribute name="GC Util currently" value="154" />
  <attribute name="CPU Util currently" value="12749924626449" />
<exclusive-end id="1530" timestamp="2019-06-16T00:37:53.107" durationms="4.313" />

<exclusive-start id="1531" timestamp="2019-06-16T00:37:53.117" intervalms="13.901">
  <response-info timems="0.026" idlems="0.026" threads="0" lastid="0000000001AE6700" lastname="main" />
</exclusive-start>
<allocation-taxation id="1532" taxation-threshold="10485760" timestamp="2019-06-16T00:37:53.117" intervalms="13.875" />
<gc-start id="1533" type="global mark phase" contextid="1371" timestamp="2019-06-16T00:37:53.117">
  <mem-info id="1534" free="26214400" total="60817408" percent="43">
    <remembered-set count="82976" freebytes="2095744" totalbytes="2427648" percent="86" regionsoverflowed="0" regionsstable="8" regionsrebuilding="8"/>
  </mem-info>
</gc-start>
<gc-end id="1535" type="global mark phase" contextid="1371" durationms="0.292" usertimems="0.000" systemtimems="0.000" timestamp="2019-06-16T00:37:53.117" activeThreads="1">
  <mem-info id="1536" free="26214400" total="60817408" percent="43">
    <remembered-set count="82976" freebytes="2095744" totalbytes="2427648" percent="86" regionsoverflowed="0" regionsstable="8" regionsrebuilding="8"/>
  </mem-info>
</gc-end>
<concurrent-start id="1537" type="GMP work packet processing" contextid="1371" timestamp="2019-06-16T00:37:53.118">
  <concurrent-mark-start scanTarget="1048576" />
</concurrent-start>
<exclusive-end id="1538" timestamp="2019-06-16T00:37:53.118" durationms="1.727" />

<concurrent-end id="1539" type="GMP work packet processing" contextid="1371" timestamp="2019-06-16T00:37:53.119">
  <concurrent-mark-end bytesScanned="1107016" reasonForTermination="Work target met" />
</concurrent-end>

<exclusive-start id="1540" timestamp="2019-06-16T00:37:53.128" intervalms="11.395">
  <response-info timems="0.075" idlems="0.075" threads="0" lastid="0000000001AE6700" lastname="main" />
</exclusive-start>
<allocation-taxation id="1541" taxation-threshold="10485760" timestamp="2019-06-16T00:37:53.128" intervalms="11.353" />
<cycle-start id="1542" type="partial gc" contextid="0" timestamp="2019-06-16T00:37:53.128" intervalms="25.345" />
<gc-start id="1543" type="partial gc" contextid="1542" timestamp="2019-06-16T00:37:53.129">
  <mem-info id="1544" free="15728640" total="60817408" percent="25">
    <mem type="eden" free="1048336" total="22020096" percent="4" />
    <remembered-set count="88992" freebytes="2071680" totalbytes="2427648" percent="85" regionsoverflowed="0" regionsstable="8" regionsrebuilding="8"/>
  </mem-info>
</gc-start>
<allocation-stats totalBytes="20960968" >
  <allocated-bytes non-tlh="0" tlh="20960968" arrayletleaf="0"/>
  <largest-consumer threadName="main" threadId="0000000001AE6700" bytes="10480584" />
</allocation-stats>
<gc-op id="1545" type="copy forward" timems="1.830" contextid="1542" timestamp="2019-06-16T00:37:53.132">
  <memory-copied type="eden" objects="5" bytes="368" bytesdiscarded="0" />
  <memory-copied type="other" objects="0" bytes="0" bytesdiscarded="0" />
  <memory-cardclean objects="11" bytes="904" />
  <regions eden="20" other="1" />
  <remembered-set-cleared processed="87468" cleared="7" durationms="0.628" />
  <stringconstants candidates="13760" cleared="0"  />
</gc-op>
<gc-op id="1546" type="classunload" timems="0.004" contextid="1542" timestamp="2019-06-16T00:37:53.132">
  <classunload-info classloadercandidates="54" classloadersunloaded="0" classesunloaded="0" anonymousclassesunloaded="0" quiescems="0.000" setupms="0.004" scanms="0.000" postms="0.000" />
</gc-op>
<gc-end id="1547" type="partial gc" contextid="1542" durationms="3.121" usertimems="0.000" systemtimems="0.000" timestamp="2019-06-16T00:37:53.132" activeThreads="1">
  <mem-info id="1548" free="36700160" total="60817408" percent="60">
    <mem type="eden" free="1048208" total="1048576" percent="99" />
    <remembered-set count="89440" freebytes="2069888" totalbytes="2427648" percent="85" regionsoverflowed="0" regionsstable="8" regionsrebuilding="8"/>
  </mem-info>
</gc-end>
<cycle-end id="1549" type="partial gc" contextid="1542" timestamp="2019-06-16T00:37:53.132" />
  <attribute name="elasticGC enabled" value="1" />
  <attribute name= "numThreadsSpecified" value="1" />
  <attribute name="heapSize specified" value="0" />
  <attribute name="Current GC Util" value="158" />
  <attribute name= "Current Time Running" value="12180" />
  <attribute name ="GC Interval" value="0" />
  <attribute name="ProportionalT" value="207.000000" />
  <attribute name="ProportionalI" value="207.000000" />
  <attribute name="ProportionalH" value="207.000000" />
  <attribute name="Current Error" value="138.000000" />
  <attribute name="IntegralT" value="0.000000" />
  <attribute name="IntegralI" value="0.000000" />
  <attribute name="IntegralH" value="0.000000" />
  <attribute name="DerivativeT" value="inf" />
  <attribute name="DerivativeI" value="inf" />
  <attribute name="DerivativeH" value="inf" />
  <attribute name="Loop Time for DT" value="0.000000" />
  <attribute name="Output H" value="8388608"/>
  <attribute name="Output I" value="200"/>
  <attribute name="Output T" value="1"/>
  <attribute name="Target GC Util Change" value ="20.000000" />
  <attribute name="Current GC Util Change" value="158.000000"/>
  <attribute name="GC Util currently" value="158" />
  <attribute name="CPU Util currently" value="13158425409620" />
<exclusive-end id="1550" timestamp="2019-06-16T00:37:53.133" durationms="4.531" />

<exclusive-start id="1551" timestamp="2019-06-16T00:37:53.142" intervalms="14.186">
  <response-info timems="0.076" idlems="0.076" threads="0" lastid="0000000001AE6700" lastname="main" />
</exclusive-start>
<allocation-taxation id="1552" taxation-threshold="10485760" timestamp="2019-06-16T00:37:53.142" intervalms="14.218" />
<gc-start id="1553" type="global mark phase" contextid="1371" timestamp="2019-06-16T00:37:53.143">
  <mem-info id="1554" free="26214400" total="60817408" percent="43">
    <remembered-set count="88992" freebytes="2071680" totalbytes="2427648" percent="85" regionsoverflowed="0" regionsstable="8" regionsrebuilding="8"/>
  </mem-info>
</gc-start>
<gc-end id="1555" type="global mark phase" contextid="1371" durationms="0.153" usertimems="0.000" systemtimems="0.000" timestamp="2019-06-16T00:37:53.143" activeThreads="1">
  <mem-info id="1556" free="26214400" total="60817408" percent="43">
    <remembered-set count="88992" freebytes="2071680" totalbytes="2427648" percent="85" regionsoverflowed="0" regionsstable="8" regionsrebuilding="8"/>
  </mem-info>
</gc-end>
<concurrent-start id="1557" type="GMP work packet processing" contextid="1371" timestamp="2019-06-16T00:37:53.143">
  <concurrent-mark-start scanTarget="1048576" />
</concurrent-start>
<exclusive-end id="1558" timestamp="2019-06-16T00:37:53.143" durationms="1.025" />

<concurrent-end id="1559" type="GMP work packet processing" contextid="1371" timestamp="2019-06-16T00:37:53.145">
  <concurrent-mark-end bytesScanned="1050356" reasonForTermination="Work target met" />
</concurrent-end>

<exclusive-start id="1560" timestamp="2019-06-16T00:37:53.153" intervalms="11.258">
  <response-info timems="0.033" idlems="0.033" threads="0" lastid="0000000001AE6700" lastname="main" />
</exclusive-start>
<allocation-taxation id="1561" taxation-threshold="10485760" timestamp="2019-06-16T00:37:53.154" intervalms="11.266" />
<cycle-start id="1562" type="partial gc" contextid="0" timestamp="2019-06-16T00:37:53.154" intervalms="25.491" />
<gc-start id="1563" type="partial gc" contextid="1562" timestamp="2019-06-16T00:37:53.154">
  <mem-info id="1564" free="15728640" total="60817408" percent="25">
    <mem type="eden" free="1048208" total="22020096" percent="4" />
    <remembered-set count="95200" freebytes="2046848" totalbytes="2427648" percent="84" regionsoverflowed="0" regionsstable="8" regionsrebuilding="8"/>
  </mem-info>
</gc-start>
<allocation-stats totalBytes="20960176" >
  <allocated-bytes non-tlh="0" tlh="20960176" arrayletleaf="0"/>
  <largest-consumer threadName="main" threadId="0000000001AE6700" bytes="10480248" />
</allocation-stats>
<gc-op id="1565" type="copy forward" timems="3.345" contextid="1562" timestamp="2019-06-16T00:37:53.158">
  <memory-copied type="eden" objects="27" bytes="1080" bytesdiscarded="320" />
  <memory-copied type="other" objects="0" bytes="0" bytesdiscarded="0" />
  <memory-cardclean objects="63" bytes="2944" />
  <regions eden="20" other="1" />
  <remembered-set-cleared processed="93736" cleared="26" durationms="0.463" />
  <stringconstants candidates="13760" cleared="0"  />
</gc-op>
<gc-op id="1566" type="classunload" timems="0.004" contextid="1562" timestamp="2019-06-16T00:37:53.159">
  <classunload-info classloadercandidates="54" classloadersunloaded="0" classesunloaded="0" anonymousclassesunloaded="0" quiescems="0.000" setupms="0.004" scanms="0.000" postms="0.000" />
</gc-op>
<gc-end id="1567" type="partial gc" contextid="1562" durationms="4.563" usertimems="8.000" systemtimems="0.000" timestamp="2019-06-16T00:37:53.159" activeThreads="4">
  <mem-info id="1568" free="36700160" total="60817408" percent="60">
    <mem type="eden" free="1047176" total="1048576" percent="99" />
    <remembered-set count="95392" freebytes="2046080" totalbytes="2427648" percent="84" regionsoverflowed="0" regionsstable="8" regionsrebuilding="8"/>
  </mem-info>
</gc-end>
<cycle-end id="1569" type="partial gc" contextid="1562" timestamp="2019-06-16T00:37:53.159" />
  <attribute name="elasticGC enabled" value="1" />
  <attribute name= "numThreadsSpecified" value="4" />
  <attribute name="heapSize specified" value="0" />
  <attribute name="Current GC Util" value="282" />
  <attribute name= "Current Time Running" value="12206" />
  <attribute name ="GC Interval" value="0" />
  <attribute name="ProportionalT" value="393.000000" />
  <attribute name="ProportionalI" value="393.000000" />
  <attribute name="ProportionalH" value="393.000000" />
  <attribute name="Current Error" value="262.000000" />
  <attribute name="IntegralT" value="262.000000" />
  <attribute name="IntegralI" value="262.000000" />
  <attribute name="IntegralH" value="262.000000" />
  <attribute name="DerivativeT" value="131.000000" />
  <attribute name="DerivativeI" value="131.000000" />
  <attribute name="DerivativeH" value="131.000000" />
  <attribute name="Loop Time for DT" value="1.000000" />
  <attribute name="Output H" value="8388608"/>
  <attribute name="Output I" value="792"/>
  <attribute name="Output T" value="4"/>
  <attribute name="Target GC Util Change" value ="20.000000" />
  <attribute name="Current GC Util Change" value="282.000000"/>
  <attribute name="GC Util currently" value="282" />
  <attribute name="CPU Util currently" value="13709913866976" />
<exclusive-end id="1570" timestamp="2019-06-16T00:37:53.159" durationms="5.772" />

<exclusive-start id="1571" timestamp="2019-06-16T00:37:53.171" intervalms="17.819">
  <response-info timems="0.055" idlems="0.055" threads="0" lastid="0000000001AE6700" lastname="main" />
</exclusive-start>
<allocation-taxation id="1572" taxation-threshold="10485760" timestamp="2019-06-16T00:37:53.171" intervalms="17.776" />
<gc-start id="1573" type="global mark phase" contextid="1371" timestamp="2019-06-16T00:37:53.172">
  <mem-info id="1574" free="26214400" total="60817408" percent="43">
    <remembered-set count="95392" freebytes="2046080" totalbytes="2427648" percent="84" regionsoverflowed="0" regionsstable="8" regionsrebuilding="8"/>
  </mem-info>
</gc-start>
<gc-end id="1575" type="global mark phase" contextid="1371" durationms="0.181" usertimems="0.000" systemtimems="0.000" timestamp="2019-06-16T00:37:53.172" activeThreads="4">
  <mem-info id="1576" free="26214400" total="60817408" percent="43">
    <remembered-set count="95392" freebytes="2046080" totalbytes="2427648" percent="84" regionsoverflowed="0" regionsstable="8" regionsrebuilding="8"/>
  </mem-info>
</gc-end>
<concurrent-start id="1577" type="GMP work packet processing" contextid="1371" timestamp="2019-06-16T00:37:53.172">
  <concurrent-mark-start scanTarget="1876779" />
</concurrent-start>
<exclusive-end id="1578" timestamp="2019-06-16T00:37:53.172" durationms="0.887" />

<concurrent-end id="1579" type="GMP work packet processing" contextid="1371" timestamp="2019-06-16T00:37:53.176">
  <concurrent-mark-end bytesScanned="310760" reasonForTermination="Completed all work in GC phase" />
</concurrent-end>

<exclusive-start id="1580" timestamp="2019-06-16T00:37:53.184" intervalms="12.240">
  <response-info timems="0.079" idlems="0.079" threads="0" lastid="0000000001AE6700" lastname="main" />
</exclusive-start>
<allocation-taxation id="1581" taxation-threshold="10485760" timestamp="2019-06-16T00:37:53.184" intervalms="12.260" />
<cycle-start id="1582" type="partial gc" contextid="0" timestamp="2019-06-16T00:37:53.184" intervalms="30.024" />
<gc-start id="1583" type="partial gc" contextid="1582" timestamp="2019-06-16T00:37:53.184">
  <mem-info id="1584" free="15728640" total="60817408" percent="25">
    <mem type="eden" free="0" total="20971520" percent="0" />
    <remembered-set count="96512" freebytes="2041600" totalbytes="2427648" percent="84" regionsoverflowed="0" regionsstable="8" regionsrebuilding="8"/>
  </mem-info>
</gc-start>
<allocation-stats totalBytes="20954984" >
  <allocated-bytes non-tlh="0" tlh="20954984" arrayletleaf="0"/>
  <largest-consumer threadName="main" threadId="0000000001AE6700" bytes="10476000" />
</allocation-stats>
<gc-op id="1585" type="copy forward" timems="4.045" contextid="1582" timestamp="2019-06-16T00:37:53.189">
  <memory-copied type="eden" objects="5" bytes="344" bytesdiscarded="0" />
  <memory-copied type="other" objects="23" bytes="968" bytesdiscarded="0" />
  <memory-cardclean objects="46" bytes="2488" />
  <regions eden="20" other="1" />
  <remembered-set-cleared processed="95079" cleared="30" durationms="0.438" />
  <stringconstants candidates="13760" cleared="0"  />
</gc-op>
<gc-op id="1586" type="classunload" timems="0.004" contextid="1582" timestamp="2019-06-16T00:37:53.189">
  <classunload-info classloadercandidates="54" classloadersunloaded="0" classesunloaded="0" anonymousclassesunloaded="0" quiescems="0.000" setupms="0.004" scanms="0.000" postms="0.000" />
</gc-op>
<heap-resize id="1587" type="expand" space="default" amount="2097152" count="1" timems="0.067" reason="excessive time being spent in gc" timestamp="2019-06-16T00:37:53.190" />
<gc-end id="1588" type="partial gc" contextid="1582" durationms="5.604" usertimems="8.000" systemtimems="0.000" timestamp="2019-06-16T00:37:53.190" activeThreads="4">
  <mem-info id="1589" free="37748736" total="62914560" percent="60">
    <mem type="eden" free="1048232" total="1048576" percent="99" />
    <remembered-set count="97248" freebytes="2122368" totalbytes="2511360" percent="84" regionsoverflowed="0" regionsstable="8" regionsrebuilding="8"/>
  </mem-info>
</gc-end>
<cycle-end id="1590" type="partial gc" contextid="1582" timestamp="2019-06-16T00:37:53.190" />
  <attribute name="elasticGC enabled" value="1" />
  <attribute name= "numThreadsSpecified" value="4" />
  <attribute name="heapSize specified" value="0" />
  <attribute name="Current GC Util" value="159" />
  <attribute name= "Current Time Running" value="12236" />
  <attribute name ="GC Interval" value="0" />
  <attribute name="ProportionalT" value="208.500000" />
  <attribute name="ProportionalI" value="208.500000" />
  <attribute name="ProportionalH" value="208.500000" />
  <attribute name="Current Error" value="139.000000" />
  <attribute name="IntegralT" value="139.000000" />
  <attribute name="IntegralI" value="139.000000" />
  <attribute name="IntegralH" value="139.000000" />
  <attribute name="DerivativeT" value="69.500000" />
  <attribute name="DerivativeI" value="69.500000" />
  <attribute name="DerivativeH" value="69.500000" />
  <attribute name="Loop Time for DT" value="1.000000" />
  <attribute name="Output H" value="8388608"/>
  <attribute name="Output I" value="424"/>
  <attribute name="Output T" value="4"/>
  <attribute name="Target GC Util Change" value ="20.000000" />
  <attribute name="Current GC Util Change" value="159.000000"/>
  <attribute name="GC Util currently" value="159" />
  <attribute name="CPU Util currently" value="12973014143176" />
<exclusive-end id="1591" timestamp="2019-06-16T00:37:53.190" durationms="6.786" />

<exclusive-start id="1592" timestamp="2019-06-16T00:37:53.200" intervalms="16.504">
  <response-info timems="0.066" idlems="0.066" threads="0" lastid="0000000001AE6700" lastname="main" />
</exclusive-start>
<allocation-taxation id="1593" taxation-threshold="10485760" timestamp="2019-06-16T00:37:53.200" intervalms="16.519" />
<gc-start id="1594" type="global mark phase" contextid="1371" timestamp="2019-06-16T00:37:53.200">
  <mem-info id="1595" free="27262976" total="62914560" percent="43">
    <remembered-set count="97248" freebytes="2122368" totalbytes="2511360" percent="84" regionsoverflowed="0" regionsstable="8" regionsrebuilding="8"/>
  </mem-info>
</gc-start>
<gc-op id="1596" type="mark increment" timems="3.978" contextid="1371" timestamp="2019-06-16T00:37:53.205">
  <trace-info objectcount="60" scancount="58" scanbytes="5908" />
  <cardclean-info objects="185456" bytes="4051112" />
  <finalization candidates="80" enqueued="0" />
  <ownableSynchronizers candidates="21" cleared="0" />
  <references type="soft" candidates="4854" cleared="3" enqueued="3" dynamicThreshold="19" maxThreshold="32" />
  <references type="weak" candidates="5627" cleared="0" enqueued="0" />
  <references type="phantom" candidates="101" cleared="0" enqueued="0" />
  <stringconstants candidates="13760" cleared="0"  />
</gc-op>
<gc-op id="1597" type="classunload" timems="0.006" contextid="1371" timestamp="2019-06-16T00:37:53.205">
  <classunload-info classloadercandidates="54" classloadersunloaded="0" classesunloaded="0" anonymousclassesunloaded="0" quiescems="0.000" setupms="0.006" scanms="0.000" postms="0.000" />
</gc-op>
<gc-end id="1598" type="global mark phase" contextid="1371" durationms="4.624" usertimems="12.000" systemtimems="0.000" timestamp="2019-06-16T00:37:53.205" activeThreads="4">
  <mem-info id="1599" free="27262976" total="62914560" percent="43">
    <pending-finalizers system="0" default="0" reference="3" classloader="0" />
    <remembered-set count="103392" freebytes="2097792" totalbytes="2511360" percent="83" regionsoverflowed="0" regionsstable="8" regionsrebuilding="0"/>
  </mem-info>
</gc-end>
<cycle-end id="1600" type="global mark phase" contextid="1371" timestamp="2019-06-16T00:37:53.205" />
  <attribute name="elasticGC enabled" value="1" />
  <attribute name= "numThreadsSpecified" value="4" />
  <attribute name="heapSize specified" value="0" />
  <attribute name="Current GC Util" value="82" />
  <attribute name= "Current Time Running" value="12254" />
  <attribute name ="GC Interval" value="0" />
  <attribute name="ProportionalT" value="93.000000" />
  <attribute name="ProportionalI" value="93.000000" />
  <attribute name="ProportionalH" value="93.000000" />
  <attribute name="Current Error" value="62.000000" />
  <attribute name="IntegralT" value="0.000000" />
  <attribute name="IntegralI" value="0.000000" />
  <attribute name="IntegralH" value="0.000000" />
  <attribute name="DerivativeT" value="-inf" />
  <attribute name="DerivativeI" value="-inf" />
  <attribute name="DerivativeH" value="-inf" />
  <attribute name="Loop Time for DT" value="0.000000" />
  <attribute name="Output H" value="2091843584"/>
  <attribute name="Output I" value="200"/>
  <attribute name="Output T" value="4"/>
  <attribute name="Target GC Util Change" value ="20.000000" />
  <attribute name="Current GC Util Change" value="82.000000"/>
  <attribute name="GC Util currently" value="82" />
  <attribute name="CPU Util currently" value="17697162913466" />
<exclusive-end id="1601" timestamp="2019-06-16T00:37:53.205" durationms="5.430" />

<exclusive-start id="1602" timestamp="2019-06-16T00:37:53.215" intervalms="15.125">
  <response-info timems="0.108" idlems="0.108" threads="0" lastid="0000000001AE6700" lastname="main" />
</exclusive-start>
<allocation-taxation id="1603" taxation-threshold="10485760" timestamp="2019-06-16T00:37:53.215" intervalms="15.137" />
<cycle-start id="1604" type="partial gc" contextid="0" timestamp="2019-06-16T00:37:53.216" intervalms="31.549" />
<gc-start id="1605" type="partial gc" contextid="1604" timestamp="2019-06-16T00:37:53.216">
  <mem-info id="1606" free="16777216" total="62914560" percent="26">
    <mem type="eden" free="1048232" total="22020096" percent="4" />
    <remembered-set count="9888" freebytes="2471808" totalbytes="2511360" percent="98" regionsoverflowed="0" regionsstable="16" regionsrebuilding="0"/>
  </mem-info>
</gc-start>
<allocation-stats totalBytes="20952328" >
  <allocated-bytes non-tlh="0" tlh="20952328" arrayletleaf="0"/>
  <largest-consumer threadName="main" threadId="0000000001AE6700" bytes="10476000" />
</allocation-stats>
<gc-op id="1607" type="sweep" timems="1.066" contextid="1604" timestamp="2019-06-16T00:37:53.217" />
<gc-op id="1608" type="copy forward" timems="1.768" contextid="1604" timestamp="2019-06-16T00:37:53.220">
  <memory-copied type="eden" objects="5" bytes="352" bytesdiscarded="0" />
  <memory-copied type="other" objects="0" bytes="0" bytesdiscarded="0" />
  <memory-cardclean objects="17" bytes="664" />
  <regions eden="10" other="1" />
  <remembered-set-cleared processed="8912" cleared="1" durationms="0.143" />
  <stringconstants candidates="13760" cleared="0"  />
</gc-op>
<gc-op id="1609" type="classunload" timems="0.004" contextid="1604" timestamp="2019-06-16T00:37:53.220">
  <classunload-info classloadercandidates="54" classloadersunloaded="0" classesunloaded="0" anonymousclassesunloaded="0" quiescems="0.000" setupms="0.004" scanms="0.000" postms="0.000" />
</gc-op>
<gc-end id="1610" type="partial gc" contextid="1604" durationms="4.549" usertimems="4.000" systemtimems="0.000" timestamp="2019-06-16T00:37:53.220" activeThreads="4">
  <mem-info id="1611" free="37748736" total="62914560" percent="60">
    <mem type="eden" free="1048224" total="1048576" percent="99" />
    <remembered-set count="9792" freebytes="2472192" totalbytes="2511360" percent="98" regionsoverflowed="0" regionsstable="16" regionsrebuilding="0"/>
  </mem-info>
</gc-end>
<cycle-end id="1612" type="partial gc" contextid="1604" timestamp="2019-06-16T00:37:53.220" />
  <attribute name="elasticGC enabled" value="1" />
  <attribute name= "numThreadsSpecified" value="4" />
  <attribute name="heapSize specified" value="0" />
  <attribute name="Current GC Util" value="159" />
  <attribute name= "Current Time Running" value="12269" />
  <attribute name ="GC Interval" value="0" />
  <attribute name="ProportionalT" value="208.500000" />
  <attribute name="ProportionalI" value="208.500000" />
  <attribute name="ProportionalH" value="208.500000" />
  <attribute name="Current Error" value="139.000000" />
  <attribute name="IntegralT" value="139.000000" />
  <attribute name="IntegralI" value="139.000000" />
  <attribute name="IntegralH" value="139.000000" />
  <attribute name="DerivativeT" value="10.000000" />
  <attribute name="DerivativeI" value="10.000000" />
  <attribute name="DerivativeH" value="10.000000" />
  <attribute name="Loop Time for DT" value="1.000000" />
  <attribute name="Output H" value="8388608"/>
  <attribute name="Output I" value="360"/>
  <attribute name="Output T" value="4"/>
  <attribute name="Target GC Util Change" value ="20.000000" />
  <attribute name="Current GC Util Change" value="159.000000"/>
  <attribute name="GC Util currently" value="159" />
  <attribute name="CPU Util currently" value="13223169034369" />
<exclusive-end id="1613" timestamp="2019-06-16T00:37:53.221" durationms="5.598" />

<exclusive-start id="1614" timestamp="2019-06-16T00:37:53.241" intervalms="25.853">
  <response-info timems="0.190" idlems="0.190" threads="0" lastid="0000000001AE6700" lastname="main" />
</exclusive-start>
<allocation-taxation id="1615" taxation-threshold="22020096" timestamp="2019-06-16T00:37:53.241" intervalms="25.876" />
<cycle-start id="1616" type="partial gc" contextid="0" timestamp="2019-06-16T00:37:53.242" intervalms="26.011" />
<gc-start id="1617" type="partial gc" contextid="1616" timestamp="2019-06-16T00:37:53.242">
  <mem-info id="1618" free="15728640" total="62914560" percent="25">
    <mem type="eden" free="1048224" total="23068672" percent="4" />
    <remembered-set count="9792" freebytes="2472192" totalbytes="2511360" percent="98" regionsoverflowed="0" regionsstable="16" regionsrebuilding="0"/>
  </mem-info>
</gc-start>
<allocation-stats totalBytes="21999600" >
  <allocated-bytes non-tlh="0" tlh="21999600" arrayletleaf="0"/>
  <largest-consumer threadName="main" threadId="0000000001AE6700" bytes="21999600" />
</allocation-stats>
<gc-op id="1619" type="copy forward" timems="8.924" contextid="1616" timestamp="2019-06-16T00:37:53.252">
  <memory-copied type="eden" objects="5" bytes="352" bytesdiscarded="0" />
  <memory-copied type="other" objects="17924" bytes="823240" bytesdiscarded="0" />
  <memory-cardclean objects="102557" bytes="2582496" />
  <regions eden="21" other="4" />
  <remembered-set-cleared processed="378" cleared="10" durationms="0.111" />
  <finalization candidates="13" enqueued="0" />
  <references type="soft" candidates="115" cleared="0" enqueued="0" dynamicThreshold="19" maxThreshold="32" />
  <references type="weak" candidates="251" cleared="0" enqueued="0" />
  <references type="phantom" candidates="55" cleared="0" enqueued="0" />
  <stringconstants candidates="13760" cleared="0"  />
</gc-op>
<gc-op id="1620" type="classunload" timems="0.005" contextid="1616" timestamp="2019-06-16T00:37:53.252">
  <classunload-info classloadercandidates="54" classloadersunloaded="0" classesunloaded="0" anonymousclassesunloaded="0" quiescems="0.000" setupms="0.005" scanms="0.000" postms="0.000" />
</gc-op>
<heap-resize id="1621" type="contract" space="default" amount="1048576" count="1" timems="0.061" reason="excess free space following gc" timestamp="2019-06-16T00:37:53.252" />
<gc-end id="1622" type="partial gc" contextid="1616" durationms="10.625" usertimems="8.000" systemtimems="4.000" timestamp="2019-06-16T00:37:53.253" activeThreads="1">
  <mem-info id="1623" free="37748736" total="61865984" percent="61">
    <mem type="eden" free="1048224" total="1048576" percent="99" />
    <remembered-set count="9792" freebytes="2472192" totalbytes="2511360" percent="98" regionsoverflowed="0" regionsstable="16" regionsrebuilding="0"/>
  </mem-info>
</gc-end>
<cycle-end id="1624" type="partial gc" contextid="1616" timestamp="2019-06-16T00:37:53.253" />
  <attribute name="elasticGC enabled" value="1" />
  <attribute name= "numThreadsSpecified" value="1" />
  <attribute name="heapSize specified" value="0" />
  <attribute name="Current GC Util" value="126" />
  <attribute name= "Current Time Running" value="12293" />
  <attribute name ="GC Interval" value="0" />
  <attribute name="ProportionalT" value="159.000000" />
  <attribute name="ProportionalI" value="159.000000" />
  <attribute name="ProportionalH" value="159.000000" />
  <attribute name="Current Error" value="106.000000" />
  <attribute name="IntegralT" value="0.000000" />
  <attribute name="IntegralI" value="0.000000" />
  <attribute name="IntegralH" value="0.000000" />
  <attribute name="DerivativeT" value="inf" />
  <attribute name="DerivativeI" value="inf" />
  <attribute name="DerivativeH" value="inf" />
  <attribute name="Loop Time for DT" value="0.000000" />
  <attribute name="Output H" value="8388608"/>
  <attribute name="Output I" value="200"/>
  <attribute name="Output T" value="1"/>
  <attribute name="Target GC Util Change" value ="20.000000" />
  <attribute name="Current GC Util Change" value="126.000000"/>
  <attribute name="GC Util currently" value="126" />
  <attribute name="CPU Util currently" value="10549701550225" />
<exclusive-end id="1625" timestamp="2019-06-16T00:37:53.253" durationms="12.001" />

<exclusive-start id="1626" timestamp="2019-06-16T00:37:53.273" intervalms="32.315">
  <response-info timems="0.228" idlems="0.228" threads="0" lastid="0000000001AE6700" lastname="main" />
</exclusive-start>
<allocation-taxation id="1627" taxation-threshold="22020096" timestamp="2019-06-16T00:37:53.274" intervalms="32.243" />
<cycle-start id="1628" type="partial gc" contextid="0" timestamp="2019-06-16T00:37:53.274" intervalms="32.180" />
<gc-start id="1629" type="partial gc" contextid="1628" timestamp="2019-06-16T00:37:53.274">
  <mem-info id="1630" free="15728640" total="61865984" percent="25">
    <mem type="eden" free="1048224" total="23068672" percent="4" />
    <remembered-set count="9760" freebytes="2472320" totalbytes="2511360" percent="98" regionsoverflowed="0" regionsstable="16" regionsrebuilding="0"/>
  </mem-info>
</gc-start>
<allocation-stats totalBytes="21999600" >
  <allocated-bytes non-tlh="0" tlh="21999600" arrayletleaf="0"/>
  <largest-consumer threadName="main" threadId="0000000001AE6700" bytes="21999600" />
</allocation-stats>
<gc-op id="1631" type="copy forward" timems="2.444" contextid="1628" timestamp="2019-06-16T00:37:53.278">
  <memory-copied type="eden" objects="5" bytes="352" bytesdiscarded="0" />
  <memory-copied type="other" objects="23" bytes="968" bytesdiscarded="320" />
  <memory-cardclean objects="46" bytes="2488" />
  <regions eden="21" other="2" />
  <remembered-set-cleared processed="8905" cleared="8" durationms="0.137" />
  <stringconstants candidates="13760" cleared="0"  />
</gc-op>
<gc-op id="1632" type="classunload" timems="0.004" contextid="1628" timestamp="2019-06-16T00:37:53.278">
  <classunload-info classloadercandidates="54" classloadersunloaded="0" classesunloaded="0" anonymousclassesunloaded="0" quiescems="0.000" setupms="0.004" scanms="0.000" postms="0.000" />
</gc-op>
<gc-end id="1633" type="partial gc" contextid="1628" durationms="3.870" usertimems="8.000" systemtimems="0.000" timestamp="2019-06-16T00:37:53.278" activeThreads="4">
  <mem-info id="1634" free="37748736" total="61865984" percent="61">
    <mem type="eden" free="1048224" total="1048576" percent="99" />
    <remembered-set count="10592" freebytes="2427136" totalbytes="2469504" percent="98" regionsoverflowed="0" regionsstable="16" regionsrebuilding="0"/>
  </mem-info>
</gc-end>
<cycle-end id="1635" type="partial gc" contextid="1628" timestamp="2019-06-16T00:37:53.278" />
  <attribute name="elasticGC enabled" value="1" />
  <attribute name= "numThreadsSpecified" value="4" />
  <attribute name="heapSize specified" value="0" />
  <attribute name="Current GC Util" value="169" />
  <attribute name= "Current Time Running" value="12326" />
  <attribute name ="GC Interval" value="0" />
  <attribute name="ProportionalT" value="223.500000" />
  <attribute name="ProportionalI" value="223.500000" />
  <attribute name="ProportionalH" value="223.500000" />
  <attribute name="Current Error" value="149.000000" />
  <attribute name="IntegralT" value="149.000000" />
  <attribute name="IntegralI" value="149.000000" />
  <attribute name="IntegralH" value="149.000000" />
  <attribute name="DerivativeT" value="69.000000" />
  <attribute name="DerivativeI" value="69.000000" />
  <attribute name="DerivativeH" value="69.000000" />
  <attribute name="Loop Time for DT" value="1.000000" />
  <attribute name="Output H" value="8388608"/>
  <attribute name="Output I" value="448"/>
  <attribute name="Output T" value="4"/>
  <attribute name="Target GC Util Change" value ="20.000000" />
  <attribute name="Current GC Util Change" value="169.000000"/>
  <attribute name="GC Util currently" value="169" />
  <attribute name="CPU Util currently" value="8080385308690" />
<exclusive-end id="1636" timestamp="2019-06-16T00:37:53.278" durationms="4.959" />

<exclusive-start id="1637" timestamp="2019-06-16T00:37:53.340" intervalms="67.144">
  <response-info timems="0.067" idlems="0.067" threads="0" lastid="0000000001AE6700" lastname="main" />
</exclusive-start>
<allocation-taxation id="1638" taxation-threshold="22020096" timestamp="2019-06-16T00:37:53.341" intervalms="67.219" />
<cycle-start id="1639" type="partial gc" contextid="0" timestamp="2019-06-16T00:37:53.341" intervalms="67.218" />
<gc-start id="1640" type="partial gc" contextid="1639" timestamp="2019-06-16T00:37:53.341">
  <mem-info id="1641" free="15728640" total="61865984" percent="25">
    <mem type="eden" free="1048224" total="23068672" percent="4" />
    <remembered-set count="10592" freebytes="2427136" totalbytes="2469504" percent="98" regionsoverflowed="0" regionsstable="16" regionsrebuilding="0"/>
  </mem-info>
</gc-start>
<allocation-stats totalBytes="22011952" >
  <allocated-bytes non-tlh="0" tlh="22011952" arrayletleaf="0"/>
  <largest-consumer threadName="main" threadId="0000000001AE6700" bytes="22011952" />
</allocation-stats>
<gc-op id="1642" type="copy forward" timems="2.766" contextid="1639" timestamp="2019-06-16T00:37:53.345">
  <memory-copied type="eden" objects="52" bytes="2344" bytesdiscarded="312" />
  <memory-copied type="other" objects="8" bytes="680" bytesdiscarded="248" />
  <memory-cardclean objects="95" bytes="3272" />
  <regions eden="21" other="2" />
  <remembered-set-cleared processed="8907" cleared="12" durationms="0.146" />
  <stringconstants candidates="13760" cleared="0"  />
</gc-op>
<gc-op id="1643" type="classunload" timems="0.006" contextid="1639" timestamp="2019-06-16T00:37:53.345">
  <classunload-info classloadercandidates="54" classloadersunloaded="0" classesunloaded="0" anonymousclassesunloaded="0" quiescems="0.000" setupms="0.005" scanms="0.000" postms="0.000" />
</gc-op>
<gc-end id="1644" type="partial gc" contextid="1639" durationms="3.987" usertimems="12.000" systemtimems="0.000" timestamp="2019-06-16T00:37:53.345" activeThreads="4">
  <mem-info id="1645" free="37748736" total="61865984" percent="61">
    <mem type="eden" free="1045920" total="1048576" percent="99" />
    <remembered-set count="10560" freebytes="2427264" totalbytes="2469504" percent="98" regionsoverflowed="0" regionsstable="16" regionsrebuilding="0"/>
  </mem-info>
</gc-end>
<cycle-end id="1646" type="partial gc" contextid="1639" timestamp="2019-06-16T00:37:53.345" />
  <attribute name="elasticGC enabled" value="1" />
  <attribute name= "numThreadsSpecified" value="4" />
  <attribute name="heapSize specified" value="0" />
  <attribute name="Current GC Util" value="155" />
  <attribute name= "Current Time Running" value="12393" />
  <attribute name ="GC Interval" value="0" />
  <attribute name="ProportionalT" value="202.500000" />
  <attribute name="ProportionalI" value="202.500000" />
  <attribute name="ProportionalH" value="202.500000" />
  <attribute name="Current Error" value="135.000000" />
  <attribute name="IntegralT" value="135.000000" />
  <attribute name="IntegralI" value="135.000000" />
  <attribute name="IntegralH" value="135.000000" />
  <attribute name="DerivativeT" value="67.500000" />
  <attribute name="DerivativeI" value="67.500000" />
  <attribute name="DerivativeH" value="67.500000" />
  <attribute name="Loop Time for DT" value="1.000000" />
  <attribute name="Output H" value="8388608"/>
  <attribute name="Output I" value="408"/>
  <attribute name="Output T" value="4"/>
  <attribute name="Target GC Util Change" value ="20.000000" />
  <attribute name="Current GC Util Change" value="155.000000"/>
  <attribute name="GC Util currently" value="155" />
  <attribute name="CPU Util currently" value="12573507640890" />
<exclusive-end id="1647" timestamp="2019-06-16T00:37:53.346" durationms="5.194" />

<exclusive-start id="1648" timestamp="2019-06-16T00:37:53.409" intervalms="68.980">
  <response-info timems="0.066" idlems="0.066" threads="0" lastid="0000000001AE6700" lastname="main" />
</exclusive-start>
<allocation-taxation id="1649" taxation-threshold="22020096" timestamp="2019-06-16T00:37:53.410" intervalms="68.995" />
<cycle-start id="1650" type="partial gc" contextid="0" timestamp="2019-06-16T00:37:53.410" intervalms="68.995" />
<gc-start id="1651" type="partial gc" contextid="1650" timestamp="2019-06-16T00:37:53.410">
  <mem-info id="1652" free="15728640" total="61865984" percent="25">
    <mem type="eden" free="0" total="22020096" percent="0" />
    <remembered-set count="10560" freebytes="2427264" totalbytes="2469504" percent="98" regionsoverflowed="0" regionsstable="16" regionsrebuilding="0"/>
  </mem-info>
</gc-start>
<allocation-stats totalBytes="22015160" >
  <allocated-bytes non-tlh="0" tlh="22015160" arrayletleaf="0"/>
  <largest-consumer threadName="main" threadId="0000000001AE6700" bytes="22015160" />
</allocation-stats>
<gc-op id="1653" type="copy forward" timems="2.709" contextid="1650" timestamp="2019-06-16T00:37:53.414">
  <memory-copied type="eden" objects="25" bytes="1144" bytesdiscarded="0" />
  <memory-copied type="other" objects="73" bytes="2456" bytesdiscarded="1520" />
  <memory-cardclean objects="64" bytes="11408" />
  <regions eden="21" other="2" />
  <remembered-set-cleared processed="8902" cleared="11" durationms="0.170" />
  <references type="weak" candidates="30" cleared="0" enqueued="0" />
  <stringconstants candidates="13760" cleared="0"  />
</gc-op>
<gc-op id="1654" type="classunload" timems="0.004" contextid="1650" timestamp="2019-06-16T00:37:53.414">
  <classunload-info classloadercandidates="54" classloadersunloaded="0" classesunloaded="0" anonymousclassesunloaded="0" quiescems="0.000" setupms="0.004" scanms="0.000" postms="0.000" />
</gc-op>
<gc-end id="1655" type="partial gc" contextid="1650" durationms="4.069" usertimems="8.000" systemtimems="0.000" timestamp="2019-06-16T00:37:53.414" activeThreads="4">
  <mem-info id="1656" free="36700160" total="61865984" percent="59">
    <mem type="eden" free="1047432" total="1048576" percent="99" />
    <remembered-set count="10592" freebytes="2427136" totalbytes="2469504" percent="98" regionsoverflowed="0" regionsstable="16" regionsrebuilding="0"/>
  </mem-info>
</gc-end>
<cycle-end id="1657" type="partial gc" contextid="1650" timestamp="2019-06-16T00:37:53.415" />
  <attribute name="elasticGC enabled" value="1" />
  <attribute name= "numThreadsSpecified" value="4" />
  <attribute name="heapSize specified" value="0" />
  <attribute name="Current GC Util" value="155" />
  <attribute name= "Current Time Running" value="12462" />
  <attribute name ="GC Interval" value="0" />
  <attribute name="ProportionalT" value="202.500000" />
  <attribute name="ProportionalI" value="202.500000" />
  <attribute name="ProportionalH" value="202.500000" />
  <attribute name="Current Error" value="135.000000" />
  <attribute name="IntegralT" value="135.000000" />
  <attribute name="IntegralI" value="135.000000" />
  <attribute name="IntegralH" value="135.000000" />
  <attribute name="DerivativeT" value="67.500000" />
  <attribute name="DerivativeI" value="67.500000" />
  <attribute name="DerivativeH" value="67.500000" />
  <attribute name="Loop Time for DT" value="1.000000" />
  <attribute name="Output H" value="8388608"/>
  <attribute name="Output I" value="408"/>
  <attribute name="Output T" value="4"/>
  <attribute name="Target GC Util Change" value ="20.000000" />
  <attribute name="Current GC Util Change" value="155.000000"/>
  <attribute name="GC Util currently" value="155" />
  <attribute name="CPU Util currently" value="12639534907211" />
<exclusive-end id="1658" timestamp="2019-06-16T00:37:53.415" durationms="5.383" />

<exclusive-start id="1659" timestamp="2019-06-16T00:37:53.461" intervalms="51.063">
  <response-info timems="0.087" idlems="0.087" threads="0" lastid="0000000001AE6700" lastname="main" />
</exclusive-start>
<allocation-taxation id="1660" taxation-threshold="22020096" timestamp="2019-06-16T00:37:53.461" intervalms="51.081" />
<cycle-start id="1661" type="partial gc" contextid="0" timestamp="2019-06-16T00:37:53.461" intervalms="51.104" />
<gc-start id="1662" type="partial gc" contextid="1661" timestamp="2019-06-16T00:37:53.461">
  <mem-info id="1663" free="14680064" total="61865984" percent="23">
    <mem type="eden" free="1047432" total="23068672" percent="4" />
    <remembered-set count="10592" freebytes="2427136" totalbytes="2469504" percent="98" regionsoverflowed="0" regionsstable="16" regionsrebuilding="0"/>
  </mem-info>
</gc-start>
<allocation-stats totalBytes="22015488" >
  <allocated-bytes non-tlh="0" tlh="22015488" arrayletleaf="0"/>
  <largest-consumer threadName="main" threadId="0000000001AE6700" bytes="22015488" />
</allocation-stats>
<gc-op id="1664" type="copy forward" timems="2.988" contextid="1661" timestamp="2019-06-16T00:37:53.465">
  <memory-copied type="eden" objects="25" bytes="1144" bytesdiscarded="0" />
  <memory-copied type="other" objects="0" bytes="0" bytesdiscarded="0" />
  <memory-cardclean objects="14" bytes="512" />
  <regions eden="21" other="1" />
  <remembered-set-cleared processed="8913" cleared="0" durationms="0.142" />
  <stringconstants candidates="13760" cleared="0"  />
</gc-op>
<gc-op id="1665" type="classunload" timems="0.004" contextid="1661" timestamp="2019-06-16T00:37:53.465">
  <classunload-info classloadercandidates="54" classloadersunloaded="0" classesunloaded="0" anonymousclassesunloaded="0" quiescems="0.000" setupms="0.003" scanms="0.000" postms="0.000" />
</gc-op>
<gc-end id="1666" type="partial gc" contextid="1661" durationms="4.212" usertimems="12.000" systemtimems="0.000" timestamp="2019-06-16T00:37:53.466" activeThreads="4">
  <mem-info id="1667" free="36700160" total="61865984" percent="59">
    <mem type="eden" free="1047432" total="1048576" percent="99" />
    <remembered-set count="9856" freebytes="2430080" totalbytes="2469504" percent="98" regionsoverflowed="0" regionsstable="16" regionsrebuilding="0"/>
  </mem-info>
</gc-end>
<cycle-end id="1668" type="partial gc" contextid="1661" timestamp="2019-06-16T00:37:53.466" />
  <attribute name="elasticGC enabled" value="1" />
  <attribute name= "numThreadsSpecified" value="4" />
  <attribute name="heapSize specified" value="0" />
  <attribute name="Current GC Util" value="157" />
  <attribute name= "Current Time Running" value="12513" />
  <attribute name ="GC Interval" value="0" />
  <attribute name="ProportionalT" value="205.500000" />
  <attribute name="ProportionalI" value="205.500000" />
  <attribute name="ProportionalH" value="205.500000" />
  <attribute name="Current Error" value="137.000000" />
  <attribute name="IntegralT" value="137.000000" />
  <attribute name="IntegralI" value="137.000000" />
  <attribute name="IntegralH" value="137.000000" />
  <attribute name="DerivativeT" value="68.500000" />
  <attribute name="DerivativeI" value="68.500000" />
  <attribute name="DerivativeH" value="68.500000" />
  <attribute name="Loop Time for DT" value="1.000000" />
  <attribute name="Output H" value="8388608"/>
  <attribute name="Output I" value="416"/>
  <attribute name="Output T" value="4"/>
  <attribute name="Target GC Util Change" value ="20.000000" />
  <attribute name="Current GC Util Change" value="157.000000"/>
  <attribute name="GC Util currently" value="157" />
  <attribute name="CPU Util currently" value="11835244805378" />
<exclusive-end id="1669" timestamp="2019-06-16T00:37:53.466" durationms="5.486" />

<exclusive-start id="1670" timestamp="2019-06-16T00:37:53.577" intervalms="116.747">
  <response-info timems="0.069" idlems="0.069" threads="0" lastid="0000000001AE6700" lastname="main" />
</exclusive-start>
<allocation-taxation id="1671" taxation-threshold="22020096" timestamp="2019-06-16T00:37:53.578" intervalms="116.738" />
<cycle-start id="1672" type="partial gc" contextid="0" timestamp="2019-06-16T00:37:53.578" intervalms="116.742" />
<gc-start id="1673" type="partial gc" contextid="1672" timestamp="2019-06-16T00:37:53.578">
  <mem-info id="1674" free="14680064" total="61865984" percent="23">
    <mem type="eden" free="1047432" total="23068672" percent="4" />
    <remembered-set count="9856" freebytes="2430080" totalbytes="2469504" percent="98" regionsoverflowed="0" regionsstable="16" regionsrebuilding="0"/>
  </mem-info>
</gc-start>
<allocation-stats totalBytes="22015528" >
  <allocated-bytes non-tlh="0" tlh="22015528" arrayletleaf="0"/>
  <largest-consumer threadName="main" threadId="0000000001AE6700" bytes="22015528" />
</allocation-stats>
<gc-op id="1675" type="copy forward" timems="2.630" contextid="1672" timestamp="2019-06-16T00:37:53.582">
  <memory-copied type="eden" objects="59" bytes="2464" bytesdiscarded="0" />
  <memory-copied type="other" objects="0" bytes="0" bytesdiscarded="0" />
  <memory-cardclean objects="66" bytes="2552" />
  <regions eden="21" other="1" />
  <remembered-set-cleared processed="8913" cleared="13" durationms="0.164" />
  <stringconstants candidates="13760" cleared="0"  />
</gc-op>
<gc-op id="1676" type="classunload" timems="0.004" contextid="1672" timestamp="2019-06-16T00:37:53.582">
  <classunload-info classloadercandidates="54" classloadersunloaded="0" classesunloaded="0" anonymousclassesunloaded="0" quiescems="0.000" setupms="0.004" scanms="0.000" postms="0.000" />
</gc-op>
<gc-end id="1677" type="partial gc" contextid="1672" durationms="4.085" usertimems="8.000" systemtimems="0.000" timestamp="2019-06-16T00:37:53.582" activeThreads="4">
  <mem-info id="1678" free="36700160" total="61865984" percent="59">
    <mem type="eden" free="1046112" total="1048576" percent="99" />
    <remembered-set count="10240" freebytes="2428544" totalbytes="2469504" percent="98" regionsoverflowed="0" regionsstable="16" regionsrebuilding="0"/>
  </mem-info>
</gc-end>
<cycle-end id="1679" type="partial gc" contextid="1672" timestamp="2019-06-16T00:37:53.582" />
  <attribute name="elasticGC enabled" value="1" />
  <attribute name= "numThreadsSpecified" value="4" />
  <attribute name="heapSize specified" value="0" />
  <attribute name="Current GC Util" value="155" />
  <attribute name= "Current Time Running" value="12630" />
  <attribute name ="GC Interval" value="0" />
  <attribute name="ProportionalT" value="202.500000" />
  <attribute name="ProportionalI" value="202.500000" />
  <attribute name="ProportionalH" value="202.500000" />
  <attribute name="Current Error" value="135.000000" />
  <attribute name="IntegralT" value="135.000000" />
  <attribute name="IntegralI" value="135.000000" />
  <attribute name="IntegralH" value="135.000000" />
  <attribute name="DerivativeT" value="67.500000" />
  <attribute name="DerivativeI" value="67.500000" />
  <attribute name="DerivativeH" value="67.500000" />
  <attribute name="Loop Time for DT" value="1.000000" />
  <attribute name="Output H" value="8388608"/>
  <attribute name="Output I" value="408"/>
  <attribute name="Output T" value="4"/>
  <attribute name="Target GC Util Change" value ="20.000000" />
  <attribute name="Current GC Util Change" value="155.000000"/>
  <attribute name="GC Util currently" value="155" />
  <attribute name="CPU Util currently" value="12711442689663" />
<exclusive-end id="1680" timestamp="2019-06-16T00:37:53.583" durationms="5.411" />

<exclusive-start id="1681" timestamp="2019-06-16T00:37:54.356" intervalms="778.367">
  <response-info timems="0.106" idlems="0.106" threads="0" lastid="0000000001AE6700" lastname="main" />
</exclusive-start>
<allocation-taxation id="1682" taxation-threshold="22020096" timestamp="2019-06-16T00:37:54.356" intervalms="778.344" />
<cycle-start id="1683" type="partial gc" contextid="0" timestamp="2019-06-16T00:37:54.356" intervalms="778.260" />
<gc-start id="1684" type="partial gc" contextid="1683" timestamp="2019-06-16T00:37:54.356">
  <mem-info id="1685" free="14680064" total="61865984" percent="23">
    <mem type="eden" free="1046112" total="23068672" percent="4" />
    <remembered-set count="10240" freebytes="2428544" totalbytes="2469504" percent="98" regionsoverflowed="0" regionsstable="16" regionsrebuilding="0"/>
  </mem-info>
</gc-start>
<allocation-stats totalBytes="20840000" >
  <allocated-bytes non-tlh="0" tlh="20840000" arrayletleaf="0"/>
  <largest-consumer threadName="main" threadId="0000000001AE6700" bytes="20840000" />
</allocation-stats>
<gc-op id="1686" type="copy forward" timems="2.973" contextid="1683" timestamp="2019-06-16T00:37:54.360">
  <memory-copied type="eden" objects="65" bytes="35688" bytesdiscarded="0" />
  <memory-copied type="other" objects="38" bytes="1664" bytesdiscarded="0" />
  <memory-cardclean objects="116" bytes="4440" />
  <regions eden="21" other="1" />
  <remembered-set-cleared processed="8911" cleared="14" durationms="0.146" />
  <stringconstants candidates="13760" cleared="0"  />
</gc-op>
<gc-op id="1687" type="classunload" timems="0.004" contextid="1683" timestamp="2019-06-16T00:37:54.360">
  <classunload-info classloadercandidates="54" classloadersunloaded="0" classesunloaded="0" anonymousclassesunloaded="0" quiescems="0.000" setupms="0.003" scanms="0.000" postms="0.000" />
</gc-op>
<heap-resize id="1688" type="contract" space="default" amount="3145728" count="1" timems="0.112" reason="insufficient time being spent in gc" timestamp="2019-06-16T00:37:54.361" />
<gc-end id="1689" type="partial gc" contextid="1683" durationms="4.660" usertimems="0.000" systemtimems="8.000" timestamp="2019-06-16T00:37:54.361" activeThreads="4">
  <mem-info id="1690" free="32505856" total="58720256" percent="55">
    <mem type="eden" free="2059800" total="2097152" percent="98" />
    <remembered-set count="10240" freebytes="2428544" totalbytes="2469504" percent="98" regionsoverflowed="0" regionsstable="16" regionsrebuilding="0"/>
  </mem-info>
</gc-end>
<cycle-end id="1691" type="partial gc" contextid="1683" timestamp="2019-06-16T00:37:54.361" />
  <attribute name="elasticGC enabled" value="1" />
  <attribute name= "numThreadsSpecified" value="4" />
  <attribute name="heapSize specified" value="0" />
  <attribute name="Current GC Util" value="157" />
  <attribute name= "Current Time Running" value="13408" />
  <attribute name ="GC Interval" value="0" />
  <attribute name="ProportionalT" value="205.500000" />
  <attribute name="ProportionalI" value="205.500000" />
  <attribute name="ProportionalH" value="205.500000" />
  <attribute name="Current Error" value="137.000000" />
  <attribute name="IntegralT" value="137.000000" />
  <attribute name="IntegralI" value="137.000000" />
  <attribute name="IntegralH" value="137.000000" />
  <attribute name="DerivativeT" value="68.500000" />
  <attribute name="DerivativeI" value="68.500000" />
  <attribute name="DerivativeH" value="68.500000" />
  <attribute name="Loop Time for DT" value="1.000000" />
  <attribute name="Output H" value="8388608"/>
  <attribute name="Output I" value="416"/>
  <attribute name="Output T" value="4"/>
  <attribute name="Target GC Util Change" value ="20.000000" />
  <attribute name="Current GC Util Change" value="157.000000"/>
  <attribute name="GC Util currently" value="157" />
  <attribute name="CPU Util currently" value="13077491924527" />
<exclusive-end id="1692" timestamp="2019-06-16T00:37:54.362" durationms="5.906" />

<exclusive-start id="1693" timestamp="2019-06-16T00:37:54.374" intervalms="18.064">
  <response-info timems="0.067" idlems="0.067" threads="0" lastid="0000000001AE6700" lastname="main" />
</exclusive-start>
<allocation-taxation id="1694" taxation-threshold="20971520" timestamp="2019-06-16T00:37:54.374" intervalms="18.090" />
<cycle-start id="1695" type="partial gc" contextid="0" timestamp="2019-06-16T00:37:54.374" intervalms="18.068" />
<gc-start id="1696" type="partial gc" contextid="1695" timestamp="2019-06-16T00:37:54.374">
  <mem-info id="1697" free="11534336" total="58720256" percent="19">
    <mem type="eden" free="0" total="20971520" percent="0" />
    <remembered-set count="10240" freebytes="2428544" totalbytes="2469504" percent="98" regionsoverflowed="0" regionsstable="16" regionsrebuilding="0"/>
  </mem-info>
</gc-start>
<allocation-stats totalBytes="19622296" >
  <allocated-bytes non-tlh="0" tlh="19622296" arrayletleaf="0"/>
  <largest-consumer threadName="main" threadId="0000000001AE6700" bytes="19622296" />
</allocation-stats>
<gc-op id="1698" type="copy forward" timems="3.219" contextid="1695" timestamp="2019-06-16T00:37:54.379">
  <memory-copied type="eden" objects="11" bytes="13752" bytesdiscarded="0" />
  <memory-copied type="other" objects="54" bytes="1888" bytesdiscarded="0" />
  <memory-cardclean objects="25974" bytes="496968" />
  <regions eden="20" other="1" />
  <remembered-set-cleared processed="7023" cleared="40" durationms="0.141" />
  <stringconstants candidates="13760" cleared="0"  />
</gc-op>
<gc-op id="1699" type="classunload" timems="0.004" contextid="1695" timestamp="2019-06-16T00:37:54.379">
  <classunload-info classloadercandidates="54" classloadersunloaded="0" classesunloaded="0" anonymousclassesunloaded="0" quiescems="0.000" setupms="0.004" scanms="0.000" postms="0.000" />
</gc-op>
<heap-resize id="1700" type="contract" space="default" amount="3145728" count="1" timems="0.178" reason="insufficient time being spent in gc" timestamp="2019-06-16T00:37:54.379" />
<gc-end id="1701" type="partial gc" contextid="1695" durationms="4.919" usertimems="8.000" systemtimems="0.000" timestamp="2019-06-16T00:37:54.379" activeThreads="4">
  <mem-info id="1702" free="28311552" total="55574528" percent="50">
    <mem type="eden" free="1034824" total="1048576" percent="98" />
    <remembered-set count="9856" freebytes="2304512" totalbytes="2343936" percent="98" regionsoverflowed="0" regionsstable="16" regionsrebuilding="0"/>
  </mem-info>
</gc-end>
<cycle-end id="1703" type="partial gc" contextid="1695" timestamp="2019-06-16T00:37:54.380" />
  <attribute name="elasticGC enabled" value="1" />
  <attribute name= "numThreadsSpecified" value="4" />
  <attribute name="heapSize specified" value="0" />
  <attribute name="Current GC Util" value="100" />
  <attribute name= "Current Time Running" value="13426" />
  <attribute name ="GC Interval" value="0" />
  <attribute name="ProportionalT" value="120.000000" />
  <attribute name="ProportionalI" value="120.000000" />
  <attribute name="ProportionalH" value="120.000000" />
  <attribute name="Current Error" value="80.000000" />
  <attribute name="IntegralT" value="80.000000" />
  <attribute name="IntegralI" value="80.000000" />
  <attribute name="IntegralH" value="80.000000" />
  <attribute name="DerivativeT" value="27.000000" />
  <attribute name="DerivativeI" value="27.000000" />
  <attribute name="DerivativeH" value="27.000000" />
  <attribute name="Loop Time for DT" value="1.000000" />
  <attribute name="Output H" value="8388608"/>
  <attribute name="Output I" value="232"/>
  <attribute name="Output T" value="4"/>
  <attribute name="Target GC Util Change" value ="20.000000" />
  <attribute name="Current GC Util Change" value="100.000000"/>
  <attribute name="GC Util currently" value="100" />
  <attribute name="CPU Util currently" value="8713081630289" />
<exclusive-end id="1704" timestamp="2019-06-16T00:37:54.380" durationms="6.219" />

<exclusive-start id="1705" timestamp="2019-06-16T00:37:54.386" intervalms="12.639">
  <response-info timems="0.122" idlems="0.122" threads="0" lastid="0000000001AE6700" lastname="main" />
</exclusive-start>
<allocation-taxation id="1706" taxation-threshold="10485760" timestamp="2019-06-16T00:37:54.387" intervalms="12.641" />
<cycle-start id="1707" type="global mark phase" contextid="0" timestamp="2019-06-16T00:37:54.387" intervalms="1479.333" />
<gc-start id="1708" type="global mark phase" contextid="1707" timestamp="2019-06-16T00:37:54.387">
  <mem-info id="1709" free="17825792" total="55574528" percent="32">
    <remembered-set count="9856" freebytes="2304512" totalbytes="2343936" percent="98" regionsoverflowed="0" regionsstable="16" regionsrebuilding="0"/>
  </mem-info>
</gc-start>
<gc-op id="1710" type="mark increment" timems="1.138" contextid="1707" timestamp="2019-06-16T00:37:54.388">
  <trace-info objectcount="180" scancount="0" scanbytes="0" />
</gc-op>
<gc-end id="1711" type="global mark phase" contextid="1707" durationms="1.454" usertimems="4.000" systemtimems="0.000" timestamp="2019-06-16T00:37:54.388" activeThreads="4">
  <mem-info id="1712" free="17825792" total="55574528" percent="32">
    <remembered-set count="9856" freebytes="2304512" totalbytes="2343936" percent="98" regionsoverflowed="0" regionsstable="0" regionsrebuilding="16"/>
  </mem-info>
</gc-end>
<concurrent-start id="1713" type="GMP work packet processing" contextid="1707" timestamp="2019-06-16T00:37:54.388">
  <concurrent-mark-start scanTarget="1800900" />
</concurrent-start>
<exclusive-end id="1714" timestamp="2019-06-16T00:37:54.389" durationms="2.305" />

<concurrent-end id="1715" type="GMP work packet processing" contextid="1707" timestamp="2019-06-16T00:37:54.391">
  <concurrent-mark-end bytesScanned="1881784" reasonForTermination="Work target met" />
</concurrent-end>

<exclusive-start id="1716" timestamp="2019-06-16T00:37:54.396" intervalms="9.652">
  <response-info timems="0.142" idlems="0.142" threads="0" lastid="0000000001AE6700" lastname="main" />
</exclusive-start>
<allocation-taxation id="1717" taxation-threshold="10485760" timestamp="2019-06-16T00:37:54.396" intervalms="9.589" />
<cycle-start id="1718" type="partial gc" contextid="0" timestamp="2019-06-16T00:37:54.396" intervalms="22.292" />
<gc-start id="1719" type="partial gc" contextid="1718" timestamp="2019-06-16T00:37:54.397">
  <mem-info id="1720" free="7340032" total="55574528" percent="13">
    <mem type="eden" free="1034824" total="22020096" percent="4" />
    <remembered-set count="25440" freebytes="2242176" totalbytes="2343936" percent="95" regionsoverflowed="0" regionsstable="0" regionsrebuilding="16"/>
  </mem-info>
</gc-start>
<allocation-stats totalBytes="19625488" >
  <allocated-bytes non-tlh="0" tlh="19625488" arrayletleaf="0"/>
  <largest-consumer threadName="main" threadId="0000000001AE6700" bytes="9814120" />
</allocation-stats>
<gc-op id="1721" type="copy forward" timems="3.411" contextid="1718" timestamp="2019-06-16T00:37:54.401">
  <memory-copied type="eden" objects="10" bytes="18216" bytesdiscarded="0" />
  <memory-copied type="other" objects="0" bytes="0" bytesdiscarded="0" />
  <memory-cardclean objects="21380" bytes="620440" />
  <regions eden="20" other="1" />
  <remembered-set-cleared processed="18733" cleared="4086" durationms="0.294" />
  <stringconstants candidates="13760" cleared="0"  />
</gc-op>
<gc-op id="1722" type="classunload" timems="0.007" contextid="1718" timestamp="2019-06-16T00:37:54.401">
  <classunload-info classloadercandidates="54" classloadersunloaded="0" classesunloaded="0" anonymousclassesunloaded="0" quiescems="0.000" setupms="0.006" scanms="0.000" postms="0.000" />
</gc-op>
<heap-resize id="1723" type="expand" space="default" amount="10485760" count="1" timems="0.082" reason="excessive time being spent in gc" timestamp="2019-06-16T00:37:54.402" />
<gc-end id="1724" type="partial gc" contextid="1718" durationms="5.137" usertimems="8.000" systemtimems="0.000" timestamp="2019-06-16T00:37:54.402" activeThreads="1">
  <mem-info id="1725" free="38797312" total="66060288" percent="58">
    <mem type="eden" free="1030360" total="1048576" percent="98" />
    <remembered-set count="20544" freebytes="2554752" totalbytes="2636928" percent="96" regionsoverflowed="0" regionsstable="0" regionsrebuilding="16"/>
  </mem-info>
</gc-end>
<cycle-end id="1726" type="partial gc" contextid="1718" timestamp="2019-06-16T00:37:54.402" />
  <attribute name="elasticGC enabled" value="1" />
  <attribute name= "numThreadsSpecified" value="1" />
  <attribute name="heapSize specified" value="0" />
  <attribute name="Current GC Util" value="98" />
  <attribute name= "Current Time Running" value="13448" />
  <attribute name ="GC Interval" value="0" />
  <attribute name="ProportionalT" value="117.000000" />
  <attribute name="ProportionalI" value="117.000000" />
  <attribute name="ProportionalH" value="117.000000" />
  <attribute name="Current Error" value="78.000000" />
  <attribute name="IntegralT" value="0.000000" />
  <attribute name="IntegralI" value="0.000000" />
  <attribute name="IntegralH" value="0.000000" />
  <attribute name="DerivativeT" value="inf" />
  <attribute name="DerivativeI" value="inf" />
  <attribute name="DerivativeH" value="inf" />
  <attribute name="Loop Time for DT" value="0.000000" />
  <attribute name="Output H" value="8388608"/>
  <attribute name="Output I" value="200"/>
  <attribute name="Output T" value="1"/>
  <attribute name="Target GC Util Change" value ="20.000000" />
  <attribute name="Current GC Util Change" value="98.000000"/>
  <attribute name="GC Util currently" value="98" />
  <attribute name="CPU Util currently" value="8351855813980" />
<exclusive-end id="1727" timestamp="2019-06-16T00:37:54.402" durationms="6.479" />

<exclusive-start id="1728" timestamp="2019-06-16T00:37:54.407" intervalms="11.155">
  <response-info timems="0.150" idlems="0.150" threads="0" lastid="0000000001AE6700" lastname="main" />
</exclusive-start>
<allocation-taxation id="1729" taxation-threshold="11534336" timestamp="2019-06-16T00:37:54.407" intervalms="11.219" />
<gc-start id="1730" type="global mark phase" contextid="1707" timestamp="2019-06-16T00:37:54.408">
  <mem-info id="1731" free="27262976" total="66060288" percent="41">
    <remembered-set count="20096" freebytes="2556544" totalbytes="2636928" percent="96" regionsoverflowed="0" regionsstable="0" regionsrebuilding="16"/>
  </mem-info>
</gc-start>
<gc-end id="1732" type="global mark phase" contextid="1707" durationms="0.202" usertimems="0.000" systemtimems="0.000" timestamp="2019-06-16T00:37:54.408" activeThreads="1">
  <mem-info id="1733" free="27262976" total="66060288" percent="41">
    <remembered-set count="20096" freebytes="2556544" totalbytes="2636928" percent="96" regionsoverflowed="0" regionsstable="0" regionsrebuilding="16"/>
  </mem-info>
</gc-end>
<concurrent-start id="1734" type="GMP work packet processing" contextid="1707" timestamp="2019-06-16T00:37:54.408">
  <concurrent-mark-start scanTarget="3151576" />
</concurrent-start>
<exclusive-end id="1735" timestamp="2019-06-16T00:37:54.411" durationms="3.791" />

<concurrent-end id="1736" type="GMP work packet processing" contextid="1707" timestamp="2019-06-16T00:37:54.411">
  <concurrent-mark-end bytesScanned="3262536" reasonForTermination="Work target met" />
</concurrent-end>

<exclusive-start id="1737" timestamp="2019-06-16T00:37:54.891" intervalms="484.047">
  <response-info timems="0.221" idlems="0.221" threads="0" lastid="0000000001AE6700" lastname="main" />
</exclusive-start>
<allocation-taxation id="1738" taxation-threshold="11534336" timestamp="2019-06-16T00:37:54.891" intervalms="484.016" />
<cycle-start id="1739" type="partial gc" contextid="0" timestamp="2019-06-16T00:37:54.892" intervalms="495.217" />
<gc-start id="1740" type="partial gc" contextid="1739" timestamp="2019-06-16T00:37:54.892">
  <mem-info id="1741" free="15728640" total="66060288" percent="23">
    <mem type="eden" free="1030360" total="24117248" percent="4" />
    <remembered-set count="48800" freebytes="2441728" totalbytes="2636928" percent="92" regionsoverflowed="0" regionsstable="0" regionsrebuilding="16"/>
  </mem-info>
</gc-start>
<allocation-stats totalBytes="22439224" >
  <allocated-bytes non-tlh="0" tlh="22439224" arrayletleaf="0"/>
  <largest-consumer threadName="main" threadId="0000000001AE6700" bytes="11534224" />
</allocation-stats>
<gc-op id="1742" type="copy forward" timems="1.464" contextid="1739" timestamp="2019-06-16T00:37:54.894">
  <memory-copied type="eden" objects="59" bytes="41584" bytesdiscarded="0" />
  <memory-copied type="other" objects="0" bytes="0" bytesdiscarded="0" />
  <memory-cardclean objects="130" bytes="4880" />
  <regions eden="22" other="1" />
  <remembered-set-cleared processed="46724" cleared="44" durationms="0.390" />
  <stringconstants candidates="13760" cleared="0"  />
</gc-op>
<gc-op id="1743" type="classunload" timems="0.003" contextid="1739" timestamp="2019-06-16T00:37:54.894">
  <classunload-info classloadercandidates="54" classloadersunloaded="0" classesunloaded="0" anonymousclassesunloaded="0" quiescems="0.000" setupms="0.003" scanms="0.000" postms="0.000" />
</gc-op>
<gc-end id="1744" type="partial gc" contextid="1739" durationms="2.549" usertimems="4.000" systemtimems="0.000" timestamp="2019-06-16T00:37:54.894" activeThreads="1">
  <mem-info id="1745" free="38797312" total="66060288" percent="58">
    <mem type="eden" free="1006992" total="1048576" percent="96" />
    <remembered-set count="49248" freebytes="2439936" totalbytes="2636928" percent="92" regionsoverflowed="0" regionsstable="0" regionsrebuilding="16"/>
  </mem-info>
</gc-end>
<cycle-end id="1746" type="partial gc" contextid="1739" timestamp="2019-06-16T00:37:54.895" />
  <attribute name="elasticGC enabled" value="1" />
  <attribute name= "numThreadsSpecified" value="1" />
  <attribute name="heapSize specified" value="0" />
  <attribute name="Current GC Util" value="63" />
  <attribute name= "Current Time Running" value="13943" />
  <attribute name ="GC Interval" value="0" />
  <attribute name="ProportionalT" value="64.500000" />
  <attribute name="ProportionalI" value="64.500000" />
  <attribute name="ProportionalH" value="64.500000" />
  <attribute name="Current Error" value="43.000000" />
  <attribute name="IntegralT" value="0.000000" />
  <attribute name="IntegralI" value="0.000000" />
  <attribute name="IntegralH" value="0.000000" />
  <attribute name="DerivativeT" value="inf" />
  <attribute name="DerivativeI" value="inf" />
  <attribute name="DerivativeH" value="inf" />
  <attribute name="Loop Time for DT" value="0.000000" />
  <attribute name="Output H" value="8388608"/>
  <attribute name="Output I" value="200"/>
  <attribute name="Output T" value="1"/>
  <attribute name="Target GC Util Change" value ="20.000000" />
  <attribute name="Current GC Util Change" value="63.000000"/>
  <attribute name="GC Util currently" value="63" />
  <attribute name="CPU Util currently" value="23410880728210" />
<exclusive-end id="1747" timestamp="2019-06-16T00:37:54.895" durationms="3.951" />

<exclusive-start id="1748" timestamp="2019-06-16T00:37:54.949" intervalms="57.812">
  <response-info timems="0.056" idlems="0.056" threads="0" lastid="0000000001AE6700" lastname="main" />
</exclusive-start>
<allocation-taxation id="1749" taxation-threshold="11534336" timestamp="2019-06-16T00:37:54.949" intervalms="57.842" />
<gc-start id="1750" type="global mark phase" contextid="1707" timestamp="2019-06-16T00:37:54.950">
  <mem-info id="1751" free="27262976" total="66060288" percent="41">
    <remembered-set count="48800" freebytes="2441728" totalbytes="2636928" percent="92" regionsoverflowed="0" regionsstable="0" regionsrebuilding="16"/>
  </mem-info>
</gc-start>
<gc-end id="1752" type="global mark phase" contextid="1707" durationms="0.180" usertimems="0.000" systemtimems="0.000" timestamp="2019-06-16T00:37:54.950" activeThreads="1">
  <mem-info id="1753" free="27262976" total="66060288" percent="41">
    <remembered-set count="48800" freebytes="2441728" totalbytes="2636928" percent="92" regionsoverflowed="0" regionsstable="0" regionsrebuilding="16"/>
  </mem-info>
</gc-end>
<concurrent-start id="1754" type="GMP work packet processing" contextid="1707" timestamp="2019-06-16T00:37:54.950">
  <concurrent-mark-start scanTarget="1048576" />
</concurrent-start>
<concurrent-end id="1755" type="GMP work packet processing" contextid="1707" timestamp="2019-06-16T00:37:54.951">
  <concurrent-mark-end bytesScanned="1082312" reasonForTermination="Work target met" />
</concurrent-end>

<exclusive-end id="1756" timestamp="2019-06-16T00:37:54.951" durationms="1.890" />

<exclusive-start id="1757" timestamp="2019-06-16T00:37:55.000" intervalms="50.944">
  <response-info timems="0.060" idlems="0.060" threads="0" lastid="0000000001AE6700" lastname="main" />
</exclusive-start>
<allocation-taxation id="1758" taxation-threshold="11534336" timestamp="2019-06-16T00:37:55.000" intervalms="50.879" />
<cycle-start id="1759" type="partial gc" contextid="0" timestamp="2019-06-16T00:37:55.000" intervalms="108.741" />
<gc-start id="1760" type="partial gc" contextid="1759" timestamp="2019-06-16T00:37:55.001">
  <mem-info id="1761" free="15728640" total="66060288" percent="23">
    <mem type="eden" free="0" total="23068672" percent="0" />
    <remembered-set count="53952" freebytes="2421120" totalbytes="2636928" percent="91" regionsoverflowed="0" regionsstable="0" regionsrebuilding="16"/>
  </mem-info>
</gc-start>
<allocation-stats totalBytes="23065600" >
  <allocated-bytes non-tlh="0" tlh="23065600" arrayletleaf="0"/>
  <largest-consumer threadName="main" threadId="0000000001AE6700" bytes="11533040" />
</allocation-stats>
<gc-op id="1762" type="copy forward" timems="1.590" contextid="1759" timestamp="2019-06-16T00:37:55.003">
  <memory-copied type="eden" objects="3" bytes="128" bytesdiscarded="0" />
  <memory-copied type="other" objects="58" bytes="41504" bytesdiscarded="0" />
  <memory-cardclean objects="84" bytes="3360" />
  <regions eden="22" other="1" />
  <remembered-set-cleared processed="52341" cleared="51" durationms="0.440" />
  <stringconstants candidates="13760" cleared="0"  />
</gc-op>
<gc-op id="1763" type="classunload" timems="0.004" contextid="1759" timestamp="2019-06-16T00:37:55.003">
  <classunload-info classloadercandidates="54" classloadersunloaded="0" classesunloaded="0" anonymousclassesunloaded="0" quiescems="0.000" setupms="0.004" scanms="0.000" postms="0.000" />
</gc-op>
<heap-resize id="1764" type="contract" space="default" amount="4194304" count="1" timems="0.067" reason="insufficient time being spent in gc" timestamp="2019-06-16T00:37:55.004" />
<gc-end id="1765" type="partial gc" contextid="1759" durationms="3.152" usertimems="0.000" systemtimems="0.000" timestamp="2019-06-16T00:37:55.004" activeThreads="1">
  <mem-info id="1766" free="33554432" total="61865984" percent="54">
    <mem type="eden" free="1048448" total="1048576" percent="99" />
    <remembered-set count="54368" freebytes="2419456" totalbytes="2636928" percent="91" regionsoverflowed="0" regionsstable="0" regionsrebuilding="16"/>
  </mem-info>
</gc-end>
<cycle-end id="1767" type="partial gc" contextid="1759" timestamp="2019-06-16T00:37:55.004" />
  <attribute name="elasticGC enabled" value="1" />
  <attribute name= "numThreadsSpecified" value="1" />
  <attribute name="heapSize specified" value="0" />
  <attribute name="Current GC Util" value="61" />
  <attribute name= "Current Time Running" value="14052" />
  <attribute name ="GC Interval" value="0" />
  <attribute name="ProportionalT" value="61.500000" />
  <attribute name="ProportionalI" value="61.500000" />
  <attribute name="ProportionalH" value="61.500000" />
  <attribute name="Current Error" value="41.000000" />
  <attribute name="IntegralT" value="0.000000" />
  <attribute name="IntegralI" value="0.000000" />
  <attribute name="IntegralH" value="0.000000" />
  <attribute name="DerivativeT" value="inf" />
  <attribute name="DerivativeI" value="inf" />
  <attribute name="DerivativeH" value="inf" />
  <attribute name="Loop Time for DT" value="0.000000" />
  <attribute name="Output H" value="8388608"/>
  <attribute name="Output I" value="200"/>
  <attribute name="Output T" value="1"/>
  <attribute name="Target GC Util Change" value ="20.000000" />
  <attribute name="Current GC Util Change" value="61.000000"/>
  <attribute name="GC Util currently" value="61" />
  <attribute name="CPU Util currently" value="17960097142478" />
<exclusive-end id="1768" timestamp="2019-06-16T00:37:55.004" durationms="4.519" />

<exclusive-start id="1769" timestamp="2019-06-16T00:37:55.048" intervalms="48.486">
  <response-info timems="0.086" idlems="0.086" threads="0" lastid="0000000001AE6700" lastname="main" />
</exclusive-start>
<allocation-taxation id="1770" taxation-threshold="10485760" timestamp="2019-06-16T00:37:55.049" intervalms="48.530" />
<gc-start id="1771" type="global mark phase" contextid="1707" timestamp="2019-06-16T00:37:55.049">
  <mem-info id="1772" free="23068672" total="61865984" percent="37">
    <remembered-set count="53984" freebytes="2420992" totalbytes="2636928" percent="91" regionsoverflowed="0" regionsstable="0" regionsrebuilding="16"/>
  </mem-info>
</gc-start>
<gc-end id="1773" type="global mark phase" contextid="1707" durationms="0.139" usertimems="0.000" systemtimems="0.000" timestamp="2019-06-16T00:37:55.049" activeThreads="1">
  <mem-info id="1774" free="23068672" total="61865984" percent="37">
    <remembered-set count="53984" freebytes="2420992" totalbytes="2636928" percent="91" regionsoverflowed="0" regionsstable="0" regionsrebuilding="16"/>
  </mem-info>
</gc-end>
<concurrent-start id="1775" type="GMP work packet processing" contextid="1707" timestamp="2019-06-16T00:37:55.049">
  <concurrent-mark-start scanTarget="1048576" />
</concurrent-start>
<concurrent-end id="1776" type="GMP work packet processing" contextid="1707" timestamp="2019-06-16T00:37:55.050">
  <concurrent-mark-end bytesScanned="1081232" reasonForTermination="Work target met" />
</concurrent-end>

<exclusive-end id="1777" timestamp="2019-06-16T00:37:55.050" durationms="1.718" />

<exclusive-start id="1778" timestamp="2019-06-16T00:37:55.094" intervalms="45.857">
  <response-info timems="0.098" idlems="0.098" threads="0" lastid="0000000001AE6700" lastname="main" />
</exclusive-start>
<allocation-taxation id="1779" taxation-threshold="10485760" timestamp="2019-06-16T00:37:55.095" intervalms="45.814" />
<cycle-start id="1780" type="partial gc" contextid="0" timestamp="2019-06-16T00:37:55.095" intervalms="94.325" />
<gc-start id="1781" type="partial gc" contextid="1780" timestamp="2019-06-16T00:37:55.095">
  <mem-info id="1782" free="12582912" total="61865984" percent="20">
    <mem type="eden" free="1048448" total="22020096" percent="4" />
    <remembered-set count="61696" freebytes="2390144" totalbytes="2636928" percent="90" regionsoverflowed="0" regionsstable="0" regionsrebuilding="16"/>
  </mem-info>
</gc-start>
<allocation-stats totalBytes="20968840" >
  <allocated-bytes non-tlh="0" tlh="20968840" arrayletleaf="0"/>
  <largest-consumer threadName="main" threadId="0000000001AE6700" bytes="10484584" />
</allocation-stats>
<gc-op id="1783" type="copy forward" timems="4.346" contextid="1780" timestamp="2019-06-16T00:37:55.101">
  <memory-copied type="eden" objects="2" bytes="56" bytesdiscarded="0" />
  <memory-copied type="other" objects="0" bytes="0" bytesdiscarded="0" />
  <memory-cardclean objects="117760" bytes="3855328" />
  <regions eden="20" other="1" />
  <remembered-set-cleared processed="19946" cleared="5131" durationms="0.155" />
  <stringconstants candidates="13760" cleared="0"  />
</gc-op>
<gc-op id="1784" type="classunload" timems="0.005" contextid="1780" timestamp="2019-06-16T00:37:55.101">
  <classunload-info classloadercandidates="54" classloadersunloaded="0" classesunloaded="0" anonymousclassesunloaded="0" quiescems="0.000" setupms="0.005" scanms="0.000" postms="0.000" />
</gc-op>
<gc-end id="1785" type="partial gc" contextid="1780" durationms="5.792" usertimems="12.000" systemtimems="0.000" timestamp="2019-06-16T00:37:55.101" activeThreads="4">
  <mem-info id="1786" free="33554432" total="61865984" percent="54">
    <mem type="eden" free="1048520" total="1048576" percent="99" />
    <remembered-set count="34848" freebytes="2330112" totalbytes="2469504" percent="94" regionsoverflowed="0" regionsstable="0" regionsrebuilding="16"/>
  </mem-info>
</gc-end>
<cycle-end id="1787" type="partial gc" contextid="1780" timestamp="2019-06-16T00:37:55.101" />
  <attribute name="elasticGC enabled" value="1" />
  <attribute name= "numThreadsSpecified" value="4" />
  <attribute name="heapSize specified" value="0" />
  <attribute name="Current GC Util" value="58" />
  <attribute name= "Current Time Running" value="14147" />
  <attribute name ="GC Interval" value="0" />
  <attribute name="ProportionalT" value="57.000000" />
  <attribute name="ProportionalI" value="57.000000" />
  <attribute name="ProportionalH" value="57.000000" />
  <attribute name="Current Error" value="38.000000" />
  <attribute name="IntegralT" value="38.000000" />
  <attribute name="IntegralI" value="38.000000" />
  <attribute name="IntegralH" value="38.000000" />
  <attribute name="DerivativeT" value="19.000000" />
  <attribute name="DerivativeI" value="19.000000" />
  <attribute name="DerivativeH" value="19.000000" />
  <attribute name="Loop Time for DT" value="1.000000" />
  <attribute name="Output H" value="8388608"/>
  <attribute name="Output I" value="200"/>
  <attribute name="Output T" value="4"/>
  <attribute name="Target GC Util Change" value ="20.000000" />
  <attribute name="Current GC Util Change" value="58.000000"/>
  <attribute name="GC Util currently" value="58" />
  <attribute name="CPU Util currently" value="7776703012915" />
<exclusive-end id="1788" timestamp="2019-06-16T00:37:55.101" durationms="7.014" />

<exclusive-start id="1789" timestamp="2019-06-16T00:37:55.155" intervalms="60.320">
  <response-info timems="0.039" idlems="0.039" threads="0" lastid="0000000001AE6700" lastname="main" />
</exclusive-start>
<allocation-taxation id="1790" taxation-threshold="10485760" timestamp="2019-06-16T00:37:55.155" intervalms="60.347" />
<gc-start id="1791" type="global mark phase" contextid="1707" timestamp="2019-06-16T00:37:55.155">
  <mem-info id="1792" free="23068672" total="61865984" percent="37">
    <remembered-set count="34560" freebytes="2331264" totalbytes="2469504" percent="94" regionsoverflowed="0" regionsstable="0" regionsrebuilding="16"/>
  </mem-info>
</gc-start>
<gc-end id="1793" type="global mark phase" contextid="1707" durationms="0.155" usertimems="0.000" systemtimems="0.000" timestamp="2019-06-16T00:37:55.155" activeThreads="4">
  <mem-info id="1794" free="23068672" total="61865984" percent="37">
    <remembered-set count="34560" freebytes="2331264" totalbytes="2469504" percent="94" regionsoverflowed="0" regionsstable="0" regionsrebuilding="16"/>
  </mem-info>
</gc-end>
<concurrent-start id="1795" type="GMP work packet processing" contextid="1707" timestamp="2019-06-16T00:37:55.155">
  <concurrent-mark-start scanTarget="1800900" />
</concurrent-start>
<exclusive-end id="1796" timestamp="2019-06-16T00:37:55.156" durationms="1.184" />

<concurrent-end id="1797" type="GMP work packet processing" contextid="1707" timestamp="2019-06-16T00:37:55.157">
  <concurrent-mark-end bytesScanned="1836148" reasonForTermination="Work target met" />
</concurrent-end>

<exclusive-start id="1798" timestamp="2019-06-16T00:37:55.241" intervalms="86.320">
  <response-info timems="0.076" idlems="0.076" threads="0" lastid="0000000001AE6700" lastname="main" />
</exclusive-start>
<allocation-taxation id="1799" taxation-threshold="10485760" timestamp="2019-06-16T00:37:55.241" intervalms="86.364" />
<cycle-start id="1800" type="partial gc" contextid="0" timestamp="2019-06-16T00:37:55.241" intervalms="146.719" />
<gc-start id="1801" type="partial gc" contextid="1800" timestamp="2019-06-16T00:37:55.242">
  <mem-info id="1802" free="12582912" total="61865984" percent="20">
    <mem type="eden" free="1048520" total="22020096" percent="4" />
    <remembered-set count="48128" freebytes="2276992" totalbytes="2469504" percent="92" regionsoverflowed="0" regionsstable="0" regionsrebuilding="16"/>
  </mem-info>
</gc-start>
<allocation-stats totalBytes="20968096" >
  <allocated-bytes non-tlh="32" tlh="20968064" arrayletleaf="0"/>
  <largest-consumer threadName="main" threadId="0000000001AE6700" bytes="10483920" />
</allocation-stats>
<gc-op id="1803" type="copy forward" timems="1.559" contextid="1800" timestamp="2019-06-16T00:37:55.244">
  <memory-copied type="eden" objects="50" bytes="1552" bytesdiscarded="0" />
  <memory-copied type="other" objects="0" bytes="0" bytesdiscarded="0" />
  <memory-cardclean objects="74" bytes="3000" />
  <regions eden="20" other="1" />
  <remembered-set-cleared processed="45713" cleared="28" durationms="0.475" />
  <stringconstants candidates="13761" cleared="0"  />
</gc-op>
<gc-op id="1804" type="classunload" timems="0.006" contextid="1800" timestamp="2019-06-16T00:37:55.244">
  <classunload-info classloadercandidates="54" classloadersunloaded="0" classesunloaded="0" anonymousclassesunloaded="0" quiescems="0.000" setupms="0.006" scanms="0.000" postms="0.000" />
</gc-op>
<heap-resize id="1805" type="contract" space="default" amount="3145728" count="1" timems="0.062" reason="insufficient time being spent in gc" timestamp="2019-06-16T00:37:55.245" />
<gc-end id="1806" type="partial gc" contextid="1800" durationms="2.907" usertimems="0.000" systemtimems="4.000" timestamp="2019-06-16T00:37:55.245" activeThreads="1">
  <mem-info id="1807" free="30408704" total="58720256" percent="51">
    <mem type="eden" free="1047024" total="1048576" percent="99" />
    <remembered-set count="48576" freebytes="2275200" totalbytes="2469504" percent="92" regionsoverflowed="0" regionsstable="0" regionsrebuilding="16"/>
  </mem-info>
</gc-end>
<cycle-end id="1808" type="partial gc" contextid="1800" timestamp="2019-06-16T00:37:55.245" />
  <attribute name="elasticGC enabled" value="1" />
  <attribute name= "numThreadsSpecified" value="1" />
  <attribute name="heapSize specified" value="0" />
  <attribute name="Current GC Util" value="52" />
  <attribute name= "Current Time Running" value="14293" />
  <attribute name ="GC Interval" value="0" />
  <attribute name="ProportionalT" value="48.000000" />
  <attribute name="ProportionalI" value="48.000000" />
  <attribute name="ProportionalH" value="48.000000" />
  <attribute name="Current Error" value="32.000000" />
  <attribute name="IntegralT" value="0.000000" />
  <attribute name="IntegralI" value="0.000000" />
  <attribute name="IntegralH" value="0.000000" />
  <attribute name="DerivativeT" value="inf" />
  <attribute name="DerivativeI" value="inf" />
  <attribute name="DerivativeH" value="inf" />
  <attribute name="Loop Time for DT" value="0.000000" />
  <attribute name="Output H" value="8388608"/>
  <attribute name="Output I" value="200"/>
  <attribute name="Output T" value="1"/>
  <attribute name="Target GC Util Change" value ="20.000000" />
  <attribute name="Current GC Util Change" value="52.000000"/>
  <attribute name="GC Util currently" value="52" />
  <attribute name="CPU Util currently" value="19066638483155" />
<exclusive-end id="1809" timestamp="2019-06-16T00:37:55.245" durationms="4.177" />

<exclusive-start id="1810" timestamp="2019-06-16T00:37:55.300" intervalms="59.125">
  <response-info timems="0.039" idlems="0.039" threads="0" lastid="0000000001AE6700" lastname="main" />
</exclusive-start>
<allocation-taxation id="1811" taxation-threshold="10485760" timestamp="2019-06-16T00:37:55.300" intervalms="59.086" />
<gc-start id="1812" type="global mark phase" contextid="1707" timestamp="2019-06-16T00:37:55.300">
  <mem-info id="1813" free="19922944" total="58720256" percent="33">
    <remembered-set count="48128" freebytes="2276992" totalbytes="2469504" percent="92" regionsoverflowed="0" regionsstable="0" regionsrebuilding="16"/>
  </mem-info>
</gc-start>
<gc-end id="1814" type="global mark phase" contextid="1707" durationms="0.119" usertimems="0.000" systemtimems="0.000" timestamp="2019-06-16T00:37:55.301" activeThreads="1">
  <mem-info id="1815" free="19922944" total="58720256" percent="33">
    <remembered-set count="48128" freebytes="2276992" totalbytes="2469504" percent="92" regionsoverflowed="0" regionsstable="0" regionsrebuilding="16"/>
  </mem-info>
</gc-end>
<concurrent-start id="1816" type="GMP work packet processing" contextid="1707" timestamp="2019-06-16T00:37:55.301">
  <concurrent-mark-start scanTarget="1048576" />
</concurrent-start>
<concurrent-end id="1817" type="GMP work packet processing" contextid="1707" timestamp="2019-06-16T00:37:55.302">
  <concurrent-mark-end bytesScanned="1079668" reasonForTermination="Work target met" />
</concurrent-end>

<exclusive-end id="1818" timestamp="2019-06-16T00:37:55.302" durationms="1.625" />

<exclusive-start id="1819" timestamp="2019-06-16T00:37:55.349" intervalms="48.475">
  <response-info timems="0.037" idlems="0.037" threads="0" lastid="0000000001AE6700" lastname="main" />
</exclusive-start>
<allocation-taxation id="1820" taxation-threshold="10485760" timestamp="2019-06-16T00:37:55.349" intervalms="48.474" />
<cycle-start id="1821" type="partial gc" contextid="0" timestamp="2019-06-16T00:37:55.349" intervalms="107.514" />
<gc-start id="1822" type="partial gc" contextid="1821" timestamp="2019-06-16T00:37:55.349">
  <mem-info id="1823" free="9437184" total="58720256" percent="16">
    <mem type="eden" free="0" total="20971520" percent="0" />
    <remembered-set count="57792" freebytes="2238336" totalbytes="2469504" percent="90" regionsoverflowed="0" regionsstable="0" regionsrebuilding="16"/>
  </mem-info>
</gc-start>
<allocation-stats totalBytes="20967168" >
  <allocated-bytes non-tlh="0" tlh="20967168" arrayletleaf="0"/>
  <largest-consumer threadName="main" threadId="0000000001AE6700" bytes="10483576" />
</allocation-stats>
<gc-op id="1824" type="copy forward" timems="4.203" contextid="1821" timestamp="2019-06-16T00:37:55.354">
  <memory-copied type="eden" objects="29" bytes="1088" bytesdiscarded="0" />
  <memory-copied type="other" objects="10" bytes="216" bytesdiscarded="1432" />
  <memory-cardclean objects="142239" bytes="4666472" />
  <regions eden="20" other="1" />
  <remembered-set-cleared processed="24751" cleared="3021" durationms="0.180" />
  <stringconstants candidates="13761" cleared="0"  />
</gc-op>
<gc-op id="1825" type="classunload" timems="0.005" contextid="1821" timestamp="2019-06-16T00:37:55.355">
  <classunload-info classloadercandidates="54" classloadersunloaded="0" classesunloaded="0" anonymousclassesunloaded="0" quiescems="0.000" setupms="0.005" scanms="0.000" postms="0.000" />
</gc-op>
<heap-resize id="1826" type="contract" space="default" amount="3145728" count="1" timems="0.057" reason="insufficient time being spent in gc" timestamp="2019-06-16T00:37:55.355" />
<gc-end id="1827" type="partial gc" contextid="1821" durationms="5.645" usertimems="12.000" systemtimems="0.000" timestamp="2019-06-16T00:37:55.355" activeThreads="4">
  <mem-info id="1828" free="26214400" total="55574528" percent="47">
    <mem type="eden" free="1047488" total="1048576" percent="99" />
    <remembered-set count="44928" freebytes="2164224" totalbytes="2343936" percent="92" regionsoverflowed="0" regionsstable="0" regionsrebuilding="16"/>
  </mem-info>
</gc-end>
<cycle-end id="1829" type="partial gc" contextid="1821" timestamp="2019-06-16T00:37:55.355" />
  <attribute name="elasticGC enabled" value="1" />
  <attribute name= "numThreadsSpecified" value="4" />
  <attribute name="heapSize specified" value="0" />
  <attribute name="Current GC Util" value="62" />
  <attribute name= "Current Time Running" value="14401" />
  <attribute name ="GC Interval" value="0" />
  <attribute name="ProportionalT" value="63.000000" />
  <attribute name="ProportionalI" value="63.000000" />
  <attribute name="ProportionalH" value="63.000000" />
  <attribute name="Current Error" value="42.000000" />
  <attribute name="IntegralT" value="42.000000" />
  <attribute name="IntegralI" value="42.000000" />
  <attribute name="IntegralH" value="42.000000" />
  <attribute name="DerivativeT" value="21.000000" />
  <attribute name="DerivativeI" value="21.000000" />
  <attribute name="DerivativeH" value="21.000000" />
  <attribute name="Loop Time for DT" value="1.000000" />
  <attribute name="Output H" value="8388608"/>
  <attribute name="Output I" value="200"/>
  <attribute name="Output T" value="4"/>
  <attribute name="Target GC Util Change" value ="20.000000" />
  <attribute name="Current GC Util Change" value="62.000000"/>
  <attribute name="GC Util currently" value="62" />
  <attribute name="CPU Util currently" value="8773501883580" />
<exclusive-end id="1830" timestamp="2019-06-16T00:37:55.355" durationms="6.748" />

<exclusive-start id="1831" timestamp="2019-06-16T00:37:55.433" intervalms="84.866">
  <response-info timems="0.126" idlems="0.126" threads="0" lastid="0000000001AE6700" lastname="main" />
</exclusive-start>
<allocation-taxation id="1832" taxation-threshold="10485760" timestamp="2019-06-16T00:37:55.434" intervalms="84.860" />
<gc-start id="1833" type="global mark phase" contextid="1707" timestamp="2019-06-16T00:37:55.434">
  <mem-info id="1834" free="15728640" total="55574528" percent="28">
    <remembered-set count="44480" freebytes="2166016" totalbytes="2343936" percent="92" regionsoverflowed="0" regionsstable="0" regionsrebuilding="16"/>
  </mem-info>
</gc-start>
<gc-end id="1835" type="global mark phase" contextid="1707" durationms="0.073" usertimems="0.000" systemtimems="0.000" timestamp="2019-06-16T00:37:55.434" activeThreads="4">
  <mem-info id="1836" free="15728640" total="55574528" percent="28">
    <remembered-set count="44480" freebytes="2166016" totalbytes="2343936" percent="92" regionsoverflowed="0" regionsstable="0" regionsrebuilding="16"/>
  </mem-info>
</gc-end>
<concurrent-start id="1837" type="GMP work packet processing" contextid="1707" timestamp="2019-06-16T00:37:55.434">
  <concurrent-mark-start scanTarget="1800900" />
</concurrent-start>
<concurrent-end id="1838" type="GMP work packet processing" contextid="1707" timestamp="2019-06-16T00:37:55.435">
  <concurrent-mark-end bytesScanned="1835380" reasonForTermination="Work target met" />
</concurrent-end>

<exclusive-end id="1839" timestamp="2019-06-16T00:37:55.435" durationms="1.966" />

<exclusive-start id="1840" timestamp="2019-06-16T00:37:55.494" intervalms="60.245">
  <response-info timems="0.177" idlems="0.177" threads="0" lastid="0000000001AE6700" lastname="main" />
</exclusive-start>
<allocation-taxation id="1841" taxation-threshold="10485760" timestamp="2019-06-16T00:37:55.494" intervalms="60.195" />
<cycle-start id="1842" type="partial gc" contextid="0" timestamp="2019-06-16T00:37:55.494" intervalms="145.077" />
<gc-start id="1843" type="partial gc" contextid="1842" timestamp="2019-06-16T00:37:55.494">
  <mem-info id="1844" free="5242880" total="55574528" percent="9">
    <mem type="eden" free="0" total="20971520" percent="0" />
    <remembered-set count="64160" freebytes="2087296" totalbytes="2343936" percent="89" regionsoverflowed="0" regionsstable="0" regionsrebuilding="16"/>
  </mem-info>
</gc-start>
<allocation-stats totalBytes="20963184" >
  <allocated-bytes non-tlh="0" tlh="20963184" arrayletleaf="0"/>
  <largest-consumer threadName="main" threadId="0000000001AE6700" bytes="10481568" />
</allocation-stats>
<gc-op id="1845" type="copy forward" timems="5.065" contextid="1842" timestamp="2019-06-16T00:37:55.500">
  <memory-copied type="eden" objects="13" bytes="600" bytesdiscarded="0" />
  <memory-copied type="other" objects="19" bytes="608" bytesdiscarded="0" />
  <memory-cardclean objects="161148" bytes="5382152" />
  <regions eden="20" other="1" />
  <remembered-set-cleared processed="31337" cleared="7859" durationms="0.189" />
  <stringconstants candidates="13761" cleared="0"  />
</gc-op>
<gc-op id="1846" type="classunload" timems="0.006" contextid="1842" timestamp="2019-06-16T00:37:55.500">
  <classunload-info classloadercandidates="54" classloadersunloaded="0" classesunloaded="0" anonymousclassesunloaded="0" quiescems="0.000" setupms="0.006" scanms="0.000" postms="0.000" />
</gc-op>
<heap-resize id="1847" type="contract" space="default" amount="3145728" count="1" timems="0.197" reason="insufficient time being spent in gc" timestamp="2019-06-16T00:37:55.501" />
<gc-end id="1848" type="partial gc" contextid="1842" durationms="6.629" usertimems="16.000" systemtimems="0.000" timestamp="2019-06-16T00:37:55.501" activeThreads="4">
  <mem-info id="1849" free="22020096" total="52428800" percent="42">
    <mem type="eden" free="1047976" total="1048576" percent="99" />
    <remembered-set count="48320" freebytes="2025088" totalbytes="2218368" percent="91" regionsoverflowed="0" regionsstable="0" regionsrebuilding="16"/>
  </mem-info>
</gc-end>
<cycle-end id="1850" type="partial gc" contextid="1842" timestamp="2019-06-16T00:37:55.501" />
  <attribute name="elasticGC enabled" value="1" />
  <attribute name= "numThreadsSpecified" value="4" />
  <attribute name="heapSize specified" value="0" />
  <attribute name="Current GC Util" value="62" />
  <attribute name= "Current Time Running" value="14546" />
  <attribute name ="GC Interval" value="0" />
  <attribute name="ProportionalT" value="63.000000" />
  <attribute name="ProportionalI" value="63.000000" />
  <attribute name="ProportionalH" value="63.000000" />
  <attribute name="Current Error" value="42.000000" />
  <attribute name="IntegralT" value="42.000000" />
  <attribute name="IntegralI" value="42.000000" />
  <attribute name="IntegralH" value="42.000000" />
  <attribute name="DerivativeT" value="21.000000" />
  <attribute name="DerivativeI" value="21.000000" />
  <attribute name="DerivativeH" value="21.000000" />
  <attribute name="Loop Time for DT" value="1.000000" />
  <attribute name="Output H" value="8388608"/>
  <attribute name="Output I" value="200"/>
  <attribute name="Output T" value="4"/>
  <attribute name="Target GC Util Change" value ="20.000000" />
  <attribute name="Current GC Util Change" value="62.000000"/>
  <attribute name="GC Util currently" value="62" />
  <attribute name="CPU Util currently" value="10456033788853" />
<exclusive-end id="1851" timestamp="2019-06-16T00:37:55.501" durationms="7.732" />

<exclusive-start id="1852" timestamp="2019-06-16T00:37:55.510" intervalms="16.537">
  <response-info timems="0.232" idlems="0.232" threads="0" lastid="0000000001AE6700" lastname="main" />
</exclusive-start>
<allocation-taxation id="1853" taxation-threshold="9437184" timestamp="2019-06-16T00:37:55.510" intervalms="16.557" />
<gc-start id="1854" type="global mark phase" contextid="1707" timestamp="2019-06-16T00:37:55.511">
  <mem-info id="1855" free="12582912" total="52428800" percent="24">
    <remembered-set count="48064" freebytes="2026112" totalbytes="2218368" percent="91" regionsoverflowed="0" regionsstable="0" regionsrebuilding="16"/>
  </mem-info>
</gc-start>
<gc-end id="1856" type="global mark phase" contextid="1707" durationms="0.076" usertimems="0.000" systemtimems="0.000" timestamp="2019-06-16T00:37:55.511" activeThreads="4">
  <mem-info id="1857" free="12582912" total="52428800" percent="24">
    <remembered-set count="48064" freebytes="2026112" totalbytes="2218368" percent="91" regionsoverflowed="0" regionsstable="0" regionsrebuilding="16"/>
  </mem-info>
</gc-end>
<concurrent-start id="1858" type="GMP work packet processing" contextid="1707" timestamp="2019-06-16T00:37:55.511">
  <concurrent-mark-start scanTarget="1800900" />
</concurrent-start>
<exclusive-end id="1859" timestamp="2019-06-16T00:37:55.512" durationms="1.966" />

<concurrent-end id="1860" type="GMP work packet processing" contextid="1707" timestamp="2019-06-16T00:37:55.512">
  <concurrent-mark-end bytesScanned="1600524" reasonForTermination="Completed all work in GC phase" />
</concurrent-end>

<exclusive-start id="1861" timestamp="2019-06-16T00:37:55.521" intervalms="10.676">
  <response-info timems="0.065" idlems="0.065" threads="0" lastid="0000000001AE6700" lastname="main" />
</exclusive-start>
<allocation-taxation id="1862" taxation-threshold="9437184" timestamp="2019-06-16T00:37:55.521" intervalms="10.663" />
<cycle-start id="1863" type="partial gc" contextid="0" timestamp="2019-06-16T00:37:55.521" intervalms="27.257" />
<gc-start id="1864" type="partial gc" contextid="1863" timestamp="2019-06-16T00:37:55.522">
  <mem-info id="1865" free="3145728" total="52428800" percent="6">
    <mem type="eden" free="1047976" total="19922944" percent="5" />
    <remembered-set count="67584" freebytes="1948032" totalbytes="2218368" percent="87" regionsoverflowed="0" regionsstable="0" regionsrebuilding="16"/>
  </mem-info>
</gc-start>
<allocation-stats totalBytes="18867072" >
  <allocated-bytes non-tlh="0" tlh="18867072" arrayletleaf="0"/>
  <largest-consumer threadName="main" threadId="0000000001AE6700" bytes="9433440" />
</allocation-stats>
<gc-op id="1866" type="copy forward" timems="1.534" contextid="1863" timestamp="2019-06-16T00:37:55.524">
  <memory-copied type="eden" objects="1" bytes="24" bytesdiscarded="0" />
  <memory-copied type="other" objects="0" bytes="0" bytesdiscarded="0" />
  <memory-cardclean objects="26" bytes="1072" />
  <regions eden="18" other="1" />
  <remembered-set-cleared processed="65201" cleared="20" durationms="0.482" />
  <stringconstants candidates="13761" cleared="0"  />
</gc-op>
<gc-op id="1867" type="classunload" timems="0.004" contextid="1863" timestamp="2019-06-16T00:37:55.524">
  <classunload-info classloadercandidates="54" classloadersunloaded="0" classesunloaded="0" anonymousclassesunloaded="0" quiescems="0.000" setupms="0.004" scanms="0.000" postms="0.000" />
</gc-op>
<gc-end id="1868" type="partial gc" contextid="1863" durationms="2.915" usertimems="4.000" systemtimems="0.000" timestamp="2019-06-16T00:37:55.525" activeThreads="1">
  <mem-info id="1869" free="22020096" total="52428800" percent="42">
    <mem type="eden" free="1048552" total="1048576" percent="99" />
    <remembered-set count="67328" freebytes="1823488" totalbytes="2092800" percent="87" regionsoverflowed="0" regionsstable="0" regionsrebuilding="16"/>
  </mem-info>
</gc-end>
<cycle-end id="1870" type="partial gc" contextid="1863" timestamp="2019-06-16T00:37:55.525" />
  <attribute name="elasticGC enabled" value="1" />
  <attribute name= "numThreadsSpecified" value="1" />
  <attribute name="heapSize specified" value="0" />
  <attribute name="Current GC Util" value="133" />
  <attribute name= "Current Time Running" value="14573" />
  <attribute name ="GC Interval" value="0" />
  <attribute name="ProportionalT" value="169.500000" />
  <attribute name="ProportionalI" value="169.500000" />
  <attribute name="ProportionalH" value="169.500000" />
  <attribute name="Current Error" value="113.000000" />
  <attribute name="IntegralT" value="0.000000" />
  <attribute name="IntegralI" value="0.000000" />
  <attribute name="IntegralH" value="0.000000" />
  <attribute name="DerivativeT" value="inf" />
  <attribute name="DerivativeI" value="inf" />
  <attribute name="DerivativeH" value="inf" />
  <attribute name="Loop Time for DT" value="0.000000" />
  <attribute name="Output H" value="8388608"/>
  <attribute name="Output I" value="200"/>
  <attribute name="Output T" value="1"/>
  <attribute name="Target GC Util Change" value ="20.000000" />
  <attribute name="Current GC Util Change" value="133.000000"/>
  <attribute name="GC Util currently" value="133" />
  <attribute name="CPU Util currently" value="8952852571236" />
<exclusive-end id="1871" timestamp="2019-06-16T00:37:55.525" durationms="4.084" />

<exclusive-start id="1872" timestamp="2019-06-16T00:37:55.575" intervalms="54.475">
  <response-info timems="0.037" idlems="0.037" threads="0" lastid="0000000001AE6700" lastname="main" />
</exclusive-start>
<allocation-taxation id="1873" taxation-threshold="9437184" timestamp="2019-06-16T00:37:55.576" intervalms="54.456" />
<gc-start id="1874" type="global mark phase" contextid="1707" timestamp="2019-06-16T00:37:55.576">
  <mem-info id="1875" free="12582912" total="52428800" percent="24">
    <remembered-set count="66912" freebytes="1825152" totalbytes="2092800" percent="87" regionsoverflowed="0" regionsstable="0" regionsrebuilding="16"/>
  </mem-info>
</gc-start>
<gc-op id="1876" type="mark increment" timems="5.827" contextid="1707" timestamp="2019-06-16T00:37:55.582">
  <trace-info objectcount="825" scancount="547" scanbytes="252556" />
  <cardclean-info objects="259623" bytes="7421332" />
  <finalization candidates="80" enqueued="0" />
  <ownableSynchronizers candidates="21" cleared="0" />
  <references type="soft" candidates="4851" cleared="114" enqueued="112" dynamicThreshold="13" maxThreshold="32" />
  <references type="weak" candidates="5627" cleared="0" enqueued="0" />
  <references type="phantom" candidates="101" cleared="0" enqueued="0" />
  <stringconstants candidates="13761" cleared="0"  />
</gc-op>
<gc-op id="1877" type="classunload" timems="0.008" contextid="1707" timestamp="2019-06-16T00:37:55.582">
  <classunload-info classloadercandidates="54" classloadersunloaded="0" classesunloaded="0" anonymousclassesunloaded="0" quiescems="0.000" setupms="0.008" scanms="0.000" postms="0.000" />
</gc-op>
<gc-end id="1878" type="global mark phase" contextid="1707" durationms="6.320" usertimems="16.000" systemtimems="0.000" timestamp="2019-06-16T00:37:55.582" activeThreads="4">
  <mem-info id="1879" free="12582912" total="52428800" percent="24">
    <pending-finalizers system="0" default="0" reference="112" classloader="0" />
    <remembered-set count="95584" freebytes="1710464" totalbytes="2092800" percent="81" regionsoverflowed="0" regionsstable="0" regionsrebuilding="0"/>
  </mem-info>
</gc-end>
<cycle-end id="1880" type="global mark phase" contextid="1707" timestamp="2019-06-16T00:37:55.582" />
  <attribute name="elasticGC enabled" value="1" />
  <attribute name= "numThreadsSpecified" value="4" />
  <attribute name="heapSize specified" value="0" />
  <attribute name="Current GC Util" value="216" />
  <attribute name= "Current Time Running" value="14631" />
  <attribute name ="GC Interval" value="0" />
  <attribute name="ProportionalT" value="294.000000" />
  <attribute name="ProportionalI" value="294.000000" />
  <attribute name="ProportionalH" value="294.000000" />
  <attribute name="Current Error" value="196.000000" />
  <attribute name="IntegralT" value="196.000000" />
  <attribute name="IntegralI" value="196.000000" />
  <attribute name="IntegralH" value="196.000000" />
  <attribute name="DerivativeT" value="13.500000" />
  <attribute name="DerivativeI" value="13.500000" />
  <attribute name="DerivativeH" value="13.500000" />
  <attribute name="Loop Time for DT" value="1.000000" />
  <attribute name="Output H" value="8388608"/>
  <attribute name="Output I" value="504"/>
  <attribute name="Output T" value="4"/>
  <attribute name="Target GC Util Change" value ="20.000000" />
  <attribute name="Current GC Util Change" value="216.000000"/>
  <attribute name="GC Util currently" value="216" />
  <attribute name="CPU Util currently" value="11679234724992" />
<exclusive-end id="1881" timestamp="2019-06-16T00:37:55.582" durationms="6.929" />

<exclusive-start id="1882" timestamp="2019-06-16T00:37:55.673" intervalms="97.914">
  <response-info timems="0.159" idlems="0.159" threads="0" lastid="0000000001AE6700" lastname="main" />
</exclusive-start>
<allocation-taxation id="1883" taxation-threshold="9437184" timestamp="2019-06-16T00:37:55.674" intervalms="98.021" />
<cycle-start id="1884" type="partial gc" contextid="0" timestamp="2019-06-16T00:37:55.674" intervalms="152.441" />
<gc-start id="1885" type="partial gc" contextid="1884" timestamp="2019-06-16T00:37:55.674">
  <mem-info id="1886" free="3145728" total="52428800" percent="6">
    <mem type="eden" free="1048552" total="19922944" percent="5" />
    <remembered-set count="16768" freebytes="2025728" totalbytes="2092800" percent="96" regionsoverflowed="0" regionsstable="12" regionsrebuilding="0"/>
  </mem-info>
</gc-start>
<allocation-stats totalBytes="18870328" >
  <allocated-bytes non-tlh="0" tlh="18870328" arrayletleaf="0"/>
  <largest-consumer threadName="main" threadId="0000000001AE6700" bytes="9436216" />
</allocation-stats>
<gc-op id="1887" type="sweep" timems="0.662" contextid="1884" timestamp="2019-06-16T00:37:55.675" />
<gc-op id="1888" type="copy forward" timems="1.296" contextid="1884" timestamp="2019-06-16T00:37:55.677">
  <memory-copied type="eden" objects="6" bytes="152" bytesdiscarded="0" />
  <memory-copied type="other" objects="24" bytes="768" bytesdiscarded="0" />
  <memory-cardclean objects="370" bytes="16144" />
  <regions eden="9" other="2" />
  <remembered-set-cleared processed="14993" cleared="28" durationms="0.146" />
  <stringconstants candidates="13761" cleared="0"  />
</gc-op>
<gc-op id="1889" type="classunload" timems="0.005" contextid="1884" timestamp="2019-06-16T00:37:55.677">
  <classunload-info classloadercandidates="54" classloadersunloaded="0" classesunloaded="0" anonymousclassesunloaded="0" quiescems="0.000" setupms="0.004" scanms="0.000" postms="0.000" />
</gc-op>
<gc-end id="1890" type="partial gc" contextid="1884" durationms="3.194" usertimems="8.000" systemtimems="0.000" timestamp="2019-06-16T00:37:55.677" activeThreads="4">
  <mem-info id="1891" free="22020096" total="52428800" percent="42">
    <mem type="eden" free="1047656" total="1048576" percent="99" />
    <remembered-set count="16928" freebytes="2025088" totalbytes="2092800" percent="96" regionsoverflowed="0" regionsstable="12" regionsrebuilding="0"/>
  </mem-info>
</gc-end>
<cycle-end id="1892" type="partial gc" contextid="1884" timestamp="2019-06-16T00:37:55.677" />
  <attribute name="elasticGC enabled" value="1" />
  <attribute name= "numThreadsSpecified" value="4" />
  <attribute name="heapSize specified" value="0" />
  <attribute name="Current GC Util" value="69" />
  <attribute name= "Current Time Running" value="14726" />
  <attribute name ="GC Interval" value="0" />
  <attribute name="ProportionalT" value="73.500000" />
  <attribute name="ProportionalI" value="73.500000" />
  <attribute name="ProportionalH" value="73.500000" />
  <attribute name="Current Error" value="49.000000" />
  <attribute name="IntegralT" value="0.000000" />
  <attribute name="IntegralI" value="0.000000" />
  <attribute name="IntegralH" value="0.000000" />
  <attribute name="DerivativeT" value="-inf" />
  <attribute name="DerivativeI" value="-inf" />
  <attribute name="DerivativeH" value="-inf" />
  <attribute name="Loop Time for DT" value="0.000000" />
  <attribute name="Output H" value="2091843584"/>
  <attribute name="Output I" value="200"/>
  <attribute name="Output T" value="4"/>
  <attribute name="Target GC Util Change" value ="20.000000" />
  <attribute name="Current GC Util Change" value="69.000000"/>
  <attribute name="GC Util currently" value="69" />
  <attribute name="CPU Util currently" value="21504614022718" />
<exclusive-end id="1893" timestamp="2019-06-16T00:37:55.678" durationms="4.256" />

<exclusive-start id="1894" timestamp="2019-06-16T00:37:55.717" intervalms="43.448">
  <response-info timems="0.096" idlems="0.096" threads="0" lastid="0000000001AE6700" lastname="main" />
</exclusive-start>
<allocation-taxation id="1895" taxation-threshold="9437184" timestamp="2019-06-16T00:37:55.717" intervalms="43.430" />
<cycle-start id="1896" type="global mark phase" contextid="0" timestamp="2019-06-16T00:37:55.717" intervalms="1330.391" />
<gc-start id="1897" type="global mark phase" contextid="1896" timestamp="2019-06-16T00:37:55.717">
  <mem-info id="1898" free="12582912" total="52428800" percent="24">
    <remembered-set count="16480" freebytes="2026880" totalbytes="2092800" percent="96" regionsoverflowed="0" regionsstable="12" regionsrebuilding="0"/>
  </mem-info>
</gc-start>
<gc-op id="1899" type="mark increment" timems="2.546" contextid="1896" timestamp="2019-06-16T00:37:55.720">
  <trace-info objectcount="60635" scancount="40469" scanbytes="1324116" />
</gc-op>
<gc-end id="1900" type="global mark phase" contextid="1896" durationms="2.751" usertimems="8.000" systemtimems="0.000" timestamp="2019-06-16T00:37:55.720" activeThreads="4">
  <mem-info id="1901" free="12582912" total="52428800" percent="24">
    <remembered-set count="24672" freebytes="1994112" totalbytes="2092800" percent="95" regionsoverflowed="0" regionsstable="0" regionsrebuilding="12"/>
  </mem-info>
</gc-end>
<concurrent-start id="1902" type="GMP work packet processing" contextid="1896" timestamp="2019-06-16T00:37:55.720">
  <concurrent-mark-start scanTarget="5733919" />
</concurrent-start>
<exclusive-end id="1903" timestamp="2019-06-16T00:37:55.723" durationms="6.562" />

<concurrent-end id="1904" type="GMP work packet processing" contextid="1896" timestamp="2019-06-16T00:37:55.723">
  <concurrent-mark-end bytesScanned="5792648" reasonForTermination="Work target met" />
</concurrent-end>

<exclusive-start id="1905" timestamp="2019-06-16T00:37:55.745" intervalms="28.544">
  <response-info timems="0.032" idlems="0.032" threads="0" lastid="0000000001AE6700" lastname="main" />
</exclusive-start>
<allocation-taxation id="1906" taxation-threshold="9437184" timestamp="2019-06-16T00:37:55.745" intervalms="28.454" />
<cycle-start id="1907" type="partial gc" contextid="0" timestamp="2019-06-16T00:37:55.746" intervalms="71.836" />
<gc-start id="1908" type="partial gc" contextid="1907" timestamp="2019-06-16T00:37:55.746">
  <mem-info id="1909" free="3145728" total="52428800" percent="6">
    <mem type="eden" free="0" total="18874368" percent="0" />
    <remembered-set count="66656" freebytes="1826176" totalbytes="2092800" percent="87" regionsoverflowed="0" regionsstable="0" regionsrebuilding="12"/>
  </mem-info>
</gc-start>
<allocation-stats totalBytes="18872744" >
  <allocated-bytes non-tlh="0" tlh="18872744" arrayletleaf="0"/>
  <largest-consumer threadName="main" threadId="0000000001AE6700" bytes="9436152" />
</allocation-stats>
<gc-op id="1910" type="copy forward" timems="9.311" contextid="1907" timestamp="2019-06-16T00:37:55.756">
  <memory-copied type="eden" objects="28" bytes="864" bytesdiscarded="0" />
  <memory-copied type="other" objects="17862" bytes="821152" bytesdiscarded="0" />
  <memory-cardclean objects="102533" bytes="2591824" />
  <regions eden="18" other="6" />
  <remembered-set-cleared processed="55632" cleared="13574" durationms="0.607" />
  <finalization candidates="13" enqueued="0" />
  <references type="soft" candidates="97" cleared="0" enqueued="0" dynamicThreshold="7" maxThreshold="32" />
  <references type="weak" candidates="281" cleared="0" enqueued="0" />
  <references type="phantom" candidates="55" cleared="0" enqueued="0" />
  <stringconstants candidates="13761" cleared="0"  />
  <heap-resize type="expand" space="default" amount="1048576" count="1" timems="0.062" reason="continue current collection" />
</gc-op>
<gc-op id="1911" type="classunload" timems="0.004" contextid="1907" timestamp="2019-06-16T00:37:55.756">
  <classunload-info classloadercandidates="54" classloadersunloaded="0" classesunloaded="0" anonymousclassesunloaded="0" quiescems="0.000" setupms="0.004" scanms="0.000" postms="0.000" />
</gc-op>
<gc-end id="1912" type="partial gc" contextid="1907" durationms="10.334" usertimems="12.000" systemtimems="0.000" timestamp="2019-06-16T00:37:55.756" activeThreads="1">
  <mem-info id="1913" free="25165824" total="53477376" percent="47">
    <mem type="eden" free="1047712" total="1048576" percent="99" />
    <remembered-set count="60576" freebytes="1892352" totalbytes="2134656" percent="88" regionsoverflowed="0" regionsstable="0" regionsrebuilding="12"/>
  </mem-info>
</gc-end>
<cycle-end id="1914" type="partial gc" contextid="1907" timestamp="2019-06-16T00:37:55.756" />
  <attribute name="elasticGC enabled" value="1" />
  <attribute name= "numThreadsSpecified" value="1" />
  <attribute name="heapSize specified" value="0" />
  <attribute name="Current GC Util" value="92" />
  <attribute name= "Current Time Running" value="14797" />
  <attribute name ="GC Interval" value="0" />
  <attribute name="ProportionalT" value="108.000000" />
  <attribute name="ProportionalI" value="108.000000" />
  <attribute name="ProportionalH" value="108.000000" />
  <attribute name="Current Error" value="72.000000" />
  <attribute name="IntegralT" value="0.000000" />
  <attribute name="IntegralI" value="0.000000" />
  <attribute name="IntegralH" value="0.000000" />
  <attribute name="DerivativeT" value="inf" />
  <attribute name="DerivativeI" value="inf" />
  <attribute name="DerivativeH" value="inf" />
  <attribute name="Loop Time for DT" value="0.000000" />
  <attribute name="Output H" value="8388608"/>
  <attribute name="Output I" value="200"/>
  <attribute name="Output T" value="1"/>
  <attribute name="Target GC Util Change" value ="20.000000" />
  <attribute name="Current GC Util Change" value="92.000000"/>
  <attribute name="GC Util currently" value="92" />
  <attribute name="CPU Util currently" value="20684751274191" />
<exclusive-end id="1915" timestamp="2019-06-16T00:37:55.756" durationms="11.227" />

<exclusive-start id="1916" timestamp="2019-06-16T00:37:55.781" intervalms="35.443">
  <response-info timems="0.036" idlems="0.036" threads="0" lastid="0000000001AE6700" lastname="main" />
</exclusive-start>
<allocation-taxation id="1917" taxation-threshold="9437184" timestamp="2019-06-16T00:37:55.781" intervalms="35.492" />
<gc-start id="1918" type="global mark phase" contextid="1896" timestamp="2019-06-16T00:37:55.781">
  <mem-info id="1919" free="15728640" total="53477376" percent="29">
    <remembered-set count="60544" freebytes="1892480" totalbytes="2134656" percent="88" regionsoverflowed="0" regionsstable="0" regionsrebuilding="12"/>
  </mem-info>
</gc-start>
<gc-end id="1920" type="global mark phase" contextid="1896" durationms="0.121" usertimems="0.000" systemtimems="0.000" timestamp="2019-06-16T00:37:55.781" activeThreads="1">
  <mem-info id="1921" free="15728640" total="53477376" percent="29">
    <remembered-set count="60544" freebytes="1892480" totalbytes="2134656" percent="88" regionsoverflowed="0" regionsstable="0" regionsrebuilding="12"/>
  </mem-info>
</gc-end>
<concurrent-start id="1922" type="GMP work packet processing" contextid="1896" timestamp="2019-06-16T00:37:55.781">
  <concurrent-mark-start scanTarget="2389133" />
</concurrent-start>
<concurrent-end id="1923" type="GMP work packet processing" contextid="1896" timestamp="2019-06-16T00:37:55.783">
  <concurrent-mark-end bytesScanned="2434464" reasonForTermination="Work target met" />
</concurrent-end>

<exclusive-end id="1924" timestamp="2019-06-16T00:37:55.783" durationms="2.155" />

<exclusive-start id="1925" timestamp="2019-06-16T00:37:55.803" intervalms="22.632">
  <response-info timems="0.066" idlems="0.066" threads="0" lastid="0000000001AE6700" lastname="main" />
</exclusive-start>
<allocation-taxation id="1926" taxation-threshold="9437184" timestamp="2019-06-16T00:37:55.803" intervalms="22.598" />
<cycle-start id="1927" type="partial gc" contextid="0" timestamp="2019-06-16T00:37:55.804" intervalms="58.125" />
<gc-start id="1928" type="partial gc" contextid="1927" timestamp="2019-06-16T00:37:55.804">
  <mem-info id="1929" free="6291456" total="53477376" percent="11">
    <mem type="eden" free="0" total="18874368" percent="0" />
    <remembered-set count="78528" freebytes="1820544" totalbytes="2134656" percent="85" regionsoverflowed="0" regionsstable="0" regionsrebuilding="12"/>
  </mem-info>
</gc-start>
<allocation-stats totalBytes="18872992" >
  <allocated-bytes non-tlh="0" tlh="18872992" arrayletleaf="0"/>
  <largest-consumer threadName="main" threadId="0000000001AE6700" bytes="9436624" />
</allocation-stats>
<gc-op id="1930" type="copy forward" timems="1.539" contextid="1927" timestamp="2019-06-16T00:37:55.806">
  <memory-copied type="eden" objects="6" bytes="160" bytesdiscarded="0" />
  <memory-copied type="other" objects="31" bytes="928" bytesdiscarded="0" />
  <memory-cardclean objects="61" bytes="2632" />
  <regions eden="18" other="2" />
  <remembered-set-cleared processed="75785" cleared="48" durationms="0.577" />
  <stringconstants candidates="13761" cleared="0"  />
</gc-op>
<gc-op id="1931" type="classunload" timems="0.004" contextid="1927" timestamp="2019-06-16T00:37:55.806">
  <classunload-info classloadercandidates="54" classloadersunloaded="0" classesunloaded="0" anonymousclassesunloaded="0" quiescems="0.000" setupms="0.004" scanms="0.000" postms="0.000" />
</gc-op>
<heap-resize id="1932" type="expand" space="default" amount="9437184" count="1" timems="0.067" reason="excessive time being spent in gc" timestamp="2019-06-16T00:37:55.807" />
<gc-end id="1933" type="partial gc" contextid="1927" durationms="2.854" usertimems="4.000" systemtimems="0.000" timestamp="2019-06-16T00:37:55.807" activeThreads="1">
  <mem-info id="1934" free="33554432" total="62914560" percent="53">
    <mem type="eden" free="1048416" total="1048576" percent="99" />
    <remembered-set count="78784" freebytes="2196224" totalbytes="2511360" percent="87" regionsoverflowed="0" regionsstable="0" regionsrebuilding="12"/>
  </mem-info>
</gc-end>
<cycle-end id="1935" type="partial gc" contextid="1927" timestamp="2019-06-16T00:37:55.807" />
  <attribute name="elasticGC enabled" value="1" />
  <attribute name= "numThreadsSpecified" value="1" />
  <attribute name="heapSize specified" value="0" />
  <attribute name="Current GC Util" value="60" />
  <attribute name= "Current Time Running" value="14855" />
  <attribute name ="GC Interval" value="0" />
  <attribute name="ProportionalT" value="60.000000" />
  <attribute name="ProportionalI" value="60.000000" />
  <attribute name="ProportionalH" value="60.000000" />
  <attribute name="Current Error" value="40.000000" />
  <attribute name="IntegralT" value="0.000000" />
  <attribute name="IntegralI" value="0.000000" />
  <attribute name="IntegralH" value="0.000000" />
  <attribute name="DerivativeT" value="inf" />
  <attribute name="DerivativeI" value="inf" />
  <attribute name="DerivativeH" value="inf" />
  <attribute name="Loop Time for DT" value="0.000000" />
  <attribute name="Output H" value="8388608"/>
  <attribute name="Output I" value="200"/>
  <attribute name="Output T" value="1"/>
  <attribute name="Target GC Util Change" value ="20.000000" />
  <attribute name="Current GC Util Change" value="60.000000"/>
  <attribute name="GC Util currently" value="60" />
  <attribute name="CPU Util currently" value="15391423272895" />
<exclusive-end id="1936" timestamp="2019-06-16T00:37:55.807" durationms="3.922" />

<exclusive-start id="1937" timestamp="2019-06-16T00:37:55.829" intervalms="25.219">
  <response-info timems="0.029" idlems="0.029" threads="0" lastid="0000000001AE6700" lastname="main" />
</exclusive-start>
<allocation-taxation id="1938" taxation-threshold="10485760" timestamp="2019-06-16T00:37:55.829" intervalms="25.195" />
<gc-start id="1939" type="global mark phase" contextid="1896" timestamp="2019-06-16T00:37:55.829">
  <mem-info id="1940" free="23068672" total="62914560" percent="36">
    <remembered-set count="78560" freebytes="2197120" totalbytes="2511360" percent="87" regionsoverflowed="0" regionsstable="0" regionsrebuilding="12"/>
  </mem-info>
</gc-start>
<gc-end id="1941" type="global mark phase" contextid="1896" durationms="0.083" usertimems="0.000" systemtimems="0.000" timestamp="2019-06-16T00:37:55.829" activeThreads="1">
  <mem-info id="1942" free="23068672" total="62914560" percent="36">
    <remembered-set count="78560" freebytes="2197120" totalbytes="2511360" percent="87" regionsoverflowed="0" regionsstable="0" regionsrebuilding="12"/>
  </mem-info>
</gc-end>
<concurrent-start id="1943" type="GMP work packet processing" contextid="1896" timestamp="2019-06-16T00:37:55.829">
  <concurrent-mark-start scanTarget="4778266" />
</concurrent-start>
<concurrent-end id="1944" type="GMP work packet processing" contextid="1896" timestamp="2019-06-16T00:37:55.831">
  <concurrent-mark-end bytesScanned="3950124" reasonForTermination="Completed all work in GC phase" />
</concurrent-end>

<exclusive-end id="1945" timestamp="2019-06-16T00:37:55.831" durationms="2.529" />

<exclusive-start id="1946" timestamp="2019-06-16T00:37:55.857" intervalms="28.221">
  <response-info timems="0.028" idlems="0.028" threads="0" lastid="0000000001AE6700" lastname="main" />
</exclusive-start>
<allocation-taxation id="1947" taxation-threshold="10485760" timestamp="2019-06-16T00:37:55.857" intervalms="28.237" />
<cycle-start id="1948" type="partial gc" contextid="0" timestamp="2019-06-16T00:37:55.857" intervalms="53.420" />
<gc-start id="1949" type="partial gc" contextid="1948" timestamp="2019-06-16T00:37:55.857">
  <mem-info id="1950" free="12582912" total="62914560" percent="20">
    <mem type="eden" free="1048416" total="22020096" percent="4" />
    <remembered-set count="121952" freebytes="2023552" totalbytes="2511360" percent="80" regionsoverflowed="0" regionsstable="0" regionsrebuilding="12"/>
  </mem-info>
</gc-start>
<allocation-stats totalBytes="20967920" >
  <allocated-bytes non-tlh="0" tlh="20967920" arrayletleaf="0"/>
  <largest-consumer threadName="main" threadId="0000000001AE6700" bytes="10483672" />
</allocation-stats>
<gc-op id="1951" type="copy forward" timems="1.675" contextid="1948" timestamp="2019-06-16T00:37:55.860">
  <memory-copied type="eden" objects="27" bytes="840" bytesdiscarded="696" />
  <memory-copied type="other" objects="7" bytes="160" bytesdiscarded="0" />
  <memory-cardclean objects="100" bytes="3768" />
  <regions eden="20" other="2" />
  <remembered-set-cleared processed="119672" cleared="60" durationms="0.469" />
  <stringconstants candidates="13761" cleared="0"  />
</gc-op>
<gc-op id="1952" type="classunload" timems="0.003" contextid="1948" timestamp="2019-06-16T00:37:55.860">
  <classunload-info classloadercandidates="54" classloadersunloaded="0" classesunloaded="0" anonymousclassesunloaded="0" quiescems="0.000" setupms="0.003" scanms="0.000" postms="0.000" />
</gc-op>
<gc-end id="1953" type="partial gc" contextid="1948" durationms="2.659" usertimems="0.000" systemtimems="4.000" timestamp="2019-06-16T00:37:55.860" activeThreads="4">
  <mem-info id="1954" free="33554432" total="62914560" percent="53">
    <mem type="eden" free="1047040" total="1048576" percent="99" />
    <remembered-set count="121952" freebytes="2023552" totalbytes="2511360" percent="80" regionsoverflowed="0" regionsstable="0" regionsrebuilding="12"/>
  </mem-info>
</gc-end>
<cycle-end id="1955" type="partial gc" contextid="1948" timestamp="2019-06-16T00:37:55.860" />
  <attribute name="elasticGC enabled" value="1" />
  <attribute name= "numThreadsSpecified" value="4" />
  <attribute name="heapSize specified" value="0" />
  <attribute name="Current GC Util" value="62" />
  <attribute name= "Current Time Running" value="14909" />
  <attribute name ="GC Interval" value="0" />
  <attribute name="ProportionalT" value="63.000000" />
  <attribute name="ProportionalI" value="63.000000" />
  <attribute name="ProportionalH" value="63.000000" />
  <attribute name="Current Error" value="42.000000" />
  <attribute name="IntegralT" value="42.000000" />
  <attribute name="IntegralI" value="42.000000" />
  <attribute name="IntegralH" value="42.000000" />
  <attribute name="DerivativeT" value="21.000000" />
  <attribute name="DerivativeI" value="21.000000" />
  <attribute name="DerivativeH" value="21.000000" />
  <attribute name="Loop Time for DT" value="1.000000" />
  <attribute name="Output H" value="8388608"/>
  <attribute name="Output I" value="200"/>
  <attribute name="Output T" value="4"/>
  <attribute name="Target GC Util Change" value ="20.000000" />
  <attribute name="Current GC Util Change" value="62.000000"/>
  <attribute name="GC Util currently" value="62" />
  <attribute name="CPU Util currently" value="20197017455865" />
<exclusive-end id="1956" timestamp="2019-06-16T00:37:55.860" durationms="3.473" />

<exclusive-start id="1957" timestamp="2019-06-16T00:37:55.880" intervalms="23.044">
  <response-info timems="0.069" idlems="0.069" threads="0" lastid="0000000001AE6700" lastname="main" />
</exclusive-start>
<allocation-taxation id="1958" taxation-threshold="10485760" timestamp="2019-06-16T00:37:55.880" intervalms="23.005" />
<gc-start id="1959" type="global mark phase" contextid="1896" timestamp="2019-06-16T00:37:55.880">
  <mem-info id="1960" free="23068672" total="62914560" percent="36">
    <remembered-set count="121472" freebytes="2025472" totalbytes="2511360" percent="80" regionsoverflowed="0" regionsstable="0" regionsrebuilding="12"/>
  </mem-info>
</gc-start>
<gc-op id="1961" type="mark increment" timems="3.034" contextid="1896" timestamp="2019-06-16T00:37:55.883">
  <trace-info objectcount="2878" scancount="2568" scanbytes="99744" />
  <cardclean-info objects="184566" bytes="4012244" />
  <finalization candidates="80" enqueued="0" />
  <ownableSynchronizers candidates="21" cleared="0" />
  <references type="soft" candidates="4737" cleared="16" enqueued="12" dynamicThreshold="17" maxThreshold="32" />
  <references type="weak" candidates="5627" cleared="0" enqueued="0" />
  <references type="phantom" candidates="101" cleared="0" enqueued="0" />
  <stringconstants candidates="13761" cleared="4"  />
</gc-op>
<gc-op id="1962" type="classunload" timems="0.007" contextid="1896" timestamp="2019-06-16T00:37:55.883">
  <classunload-info classloadercandidates="54" classloadersunloaded="0" classesunloaded="0" anonymousclassesunloaded="0" quiescems="0.000" setupms="0.007" scanms="0.000" postms="0.000" />
</gc-op>
<gc-end id="1963" type="global mark phase" contextid="1896" durationms="3.337" usertimems="4.000" systemtimems="4.000" timestamp="2019-06-16T00:37:55.883" activeThreads="4">
  <mem-info id="1964" free="23068672" total="62914560" percent="36">
    <pending-finalizers system="0" default="0" reference="12" classloader="0" />
    <remembered-set count="130688" freebytes="1988608" totalbytes="2511360" percent="79" regionsoverflowed="0" regionsstable="0" regionsrebuilding="0"/>
  </mem-info>
</gc-end>
<cycle-end id="1965" type="global mark phase" contextid="1896" timestamp="2019-06-16T00:37:55.883" />
  <attribute name="elasticGC enabled" value="1" />
  <attribute name= "numThreadsSpecified" value="4" />
  <attribute name="heapSize specified" value="0" />
  <attribute name="Current GC Util" value="79" />
  <attribute name= "Current Time Running" value="14933" />
  <attribute name ="GC Interval" value="0" />
  <attribute name="ProportionalT" value="88.500000" />
  <attribute name="ProportionalI" value="88.500000" />
  <attribute name="ProportionalH" value="88.500000" />
  <attribute name="Current Error" value="59.000000" />
  <attribute name="IntegralT" value="0.000000" />
  <attribute name="IntegralI" value="0.000000" />
  <attribute name="IntegralH" value="0.000000" />
  <attribute name="DerivativeT" value="-inf" />
  <attribute name="DerivativeI" value="-inf" />
  <attribute name="DerivativeH" value="-inf" />
  <attribute name="Loop Time for DT" value="0.000000" />
  <attribute name="Output H" value="2091843584"/>
  <attribute name="Output I" value="200"/>
  <attribute name="Output T" value="4"/>
  <attribute name="Target GC Util Change" value ="20.000000" />
  <attribute name="Current GC Util Change" value="79.000000"/>
  <attribute name="GC Util currently" value="79" />
  <attribute name="CPU Util currently" value="18157745248788" />
<exclusive-end id="1966" timestamp="2019-06-16T00:37:55.884" durationms="3.798" />

<exclusive-start id="1967" timestamp="2019-06-16T00:37:55.902" intervalms="22.369">
  <response-info timems="0.072" idlems="0.072" threads="0" lastid="0000000001AE6700" lastname="main" />
</exclusive-start>
<allocation-taxation id="1968" taxation-threshold="10485760" timestamp="2019-06-16T00:37:55.902" intervalms="22.358" />
<cycle-start id="1969" type="partial gc" contextid="0" timestamp="2019-06-16T00:37:55.902" intervalms="45.358" />
<gc-start id="1970" type="partial gc" contextid="1969" timestamp="2019-06-16T00:37:55.903">
  <mem-info id="1971" free="12582912" total="62914560" percent="20">
    <mem type="eden" free="0" total="20971520" percent="0" />
    <remembered-set count="55456" freebytes="2289536" totalbytes="2511360" percent="91" regionsoverflowed="0" regionsstable="7" regionsrebuilding="0"/>
  </mem-info>
</gc-start>
<allocation-stats totalBytes="20969008" >
  <allocated-bytes non-tlh="0" tlh="20969008" arrayletleaf="0"/>
  <largest-consumer threadName="main" threadId="0000000001AE6700" bytes="10480368" />
</allocation-stats>
<gc-op id="1972" type="sweep" timems="0.645" contextid="1969" timestamp="2019-06-16T00:37:55.904" />
<gc-op id="1973" type="copy forward" timems="1.287" contextid="1969" timestamp="2019-06-16T00:37:55.906">
  <memory-copied type="eden" objects="9" bytes="768" bytesdiscarded="0" />
  <memory-copied type="other" objects="24" bytes="768" bytesdiscarded="0" />
  <memory-cardclean objects="152" bytes="4864" />
  <regions eden="10" other="2" />
  <remembered-set-cleared processed="53592" cleared="38" durationms="0.211" />
  <stringconstants candidates="13757" cleared="0"  />
</gc-op>
<gc-op id="1974" type="classunload" timems="0.003" contextid="1969" timestamp="2019-06-16T00:37:55.906">
  <classunload-info classloadercandidates="54" classloadersunloaded="0" classesunloaded="0" anonymousclassesunloaded="0" quiescems="0.000" setupms="0.003" scanms="0.000" postms="0.000" />
</gc-op>
<gc-end id="1975" type="partial gc" contextid="1969" durationms="3.162" usertimems="4.000" systemtimems="0.000" timestamp="2019-06-16T00:37:55.906" activeThreads="4">
  <mem-info id="1976" free="32505856" total="62914560" percent="51">
    <mem type="eden" free="1047808" total="1048576" percent="99" />
    <remembered-set count="56512" freebytes="2285312" totalbytes="2511360" percent="90" regionsoverflowed="0" regionsstable="7" regionsrebuilding="0"/>
  </mem-info>
</gc-end>
<cycle-end id="1977" type="partial gc" contextid="1969" timestamp="2019-06-16T00:37:55.906" />
  <attribute name="elasticGC enabled" value="1" />
  <attribute name= "numThreadsSpecified" value="4" />
  <attribute name="heapSize specified" value="0" />
  <attribute name="Current GC Util" value="49" />
  <attribute name= "Current Time Running" value="14955" />
  <attribute name ="GC Interval" value="0" />
  <attribute name="ProportionalT" value="43.500000" />
  <attribute name="ProportionalI" value="43.500000" />
  <attribute name="ProportionalH" value="43.500000" />
  <attribute name="Current Error" value="29.000000" />
  <attribute name="IntegralT" value="29.000000" />
  <attribute name="IntegralI" value="29.000000" />
  <attribute name="IntegralH" value="29.000000" />
  <attribute name="DerivativeT" value="-9.500000" />
  <attribute name="DerivativeI" value="-9.500000" />
  <attribute name="DerivativeH" value="-9.500000" />
  <attribute name="Loop Time for DT" value="1.000000" />
  <attribute name="Output H" value="8388608"/>
  <attribute name="Output I" value="200"/>
  <attribute name="Output T" value="4"/>
  <attribute name="Target GC Util Change" value ="20.000000" />
  <attribute name="Current GC Util Change" value="49.000000"/>
  <attribute name="GC Util currently" value="49" />
  <attribute name="CPU Util currently" value="20465456556419" />
<exclusive-end id="1978" timestamp="2019-06-16T00:37:55.906" durationms="3.807" />

<exclusive-start id="1979" timestamp="2019-06-16T00:37:55.984" intervalms="81.437">
  <response-info timems="0.061" idlems="0.061" threads="0" lastid="0000000001AE6700" lastname="main" />
</exclusive-start>
<allocation-taxation id="1980" taxation-threshold="22020096" timestamp="2019-06-16T00:37:55.984" intervalms="81.512" />
<cycle-start id="1981" type="partial gc" contextid="0" timestamp="2019-06-16T00:37:55.984" intervalms="81.543" />
<gc-start id="1982" type="partial gc" contextid="1981" timestamp="2019-06-16T00:37:55.984">
  <mem-info id="1983" free="10485760" total="62914560" percent="16">
    <mem type="eden" free="0" total="22020096" percent="0" />
    <remembered-set count="56064" freebytes="2287104" totalbytes="2511360" percent="91" regionsoverflowed="0" regionsstable="7" regionsrebuilding="0"/>
  </mem-info>
</gc-start>
<allocation-stats totalBytes="22017760" >
  <allocated-bytes non-tlh="0" tlh="22017760" arrayletleaf="0"/>
  <largest-consumer threadName="main" threadId="0000000001AE6700" bytes="22017760" />
</allocation-stats>
<gc-op id="1984" type="copy forward" timems="1.670" contextid="1981" timestamp="2019-06-16T00:37:55.987">
  <memory-copied type="eden" objects="23" bytes="720" bytesdiscarded="696" />
  <memory-copied type="other" objects="15" bytes="840" bytesdiscarded="0" />
  <memory-cardclean objects="124" bytes="4520" />
  <regions eden="21" other="3" />
  <remembered-set-cleared processed="53579" cleared="39" durationms="0.244" />
  <stringconstants candidates="13757" cleared="0"  />
</gc-op>
<gc-op id="1985" type="classunload" timems="0.004" contextid="1981" timestamp="2019-06-16T00:37:55.987">
  <classunload-info classloadercandidates="54" classloadersunloaded="0" classesunloaded="0" anonymousclassesunloaded="0" quiescems="0.000" setupms="0.004" scanms="0.000" postms="0.000" />
</gc-op>
<gc-end id="1986" type="partial gc" contextid="1981" durationms="2.761" usertimems="4.000" systemtimems="0.000" timestamp="2019-06-16T00:37:55.987" activeThreads="4">
  <mem-info id="1987" free="31457280" total="62914560" percent="50">
    <mem type="eden" free="1047160" total="1048576" percent="99" />
    <remembered-set count="56000" freebytes="2287360" totalbytes="2511360" percent="91" regionsoverflowed="0" regionsstable="7" regionsrebuilding="0"/>
  </mem-info>
</gc-end>
<cycle-end id="1988" type="partial gc" contextid="1981" timestamp="2019-06-16T00:37:55.987" />
  <attribute name="elasticGC enabled" value="1" />
  <attribute name= "numThreadsSpecified" value="4" />
  <attribute name="heapSize specified" value="0" />
  <attribute name="Current GC Util" value="71" />
  <attribute name= "Current Time Running" value="15036" />
  <attribute name ="GC Interval" value="0" />
  <attribute name="ProportionalT" value="76.500000" />
  <attribute name="ProportionalI" value="76.500000" />
  <attribute name="ProportionalH" value="76.500000" />
  <attribute name="Current Error" value="51.000000" />
  <attribute name="IntegralT" value="51.000000" />
  <attribute name="IntegralI" value="51.000000" />
  <attribute name="IntegralH" value="51.000000" />
  <attribute name="DerivativeT" value="25.500000" />
  <attribute name="DerivativeI" value="25.500000" />
  <attribute name="DerivativeH" value="25.500000" />
  <attribute name="Loop Time for DT" value="1.000000" />
  <attribute name="Output H" value="8388608"/>
  <attribute name="Output I" value="200"/>
  <attribute name="Output T" value="4"/>
  <attribute name="Target GC Util Change" value ="20.000000" />
  <attribute name="Current GC Util Change" value="71.000000"/>
  <attribute name="GC Util currently" value="71" />
  <attribute name="CPU Util currently" value="17064517966038" />
<exclusive-end id="1989" timestamp="2019-06-16T00:37:55.987" durationms="3.724" />

<exclusive-start id="1990" timestamp="2019-06-16T00:37:56.124" intervalms="140.510">
  <response-info timems="0.150" idlems="0.150" threads="0" lastid="0000000001AE6700" lastname="main" />
</exclusive-start>
<allocation-taxation id="1991" taxation-threshold="22020096" timestamp="2019-06-16T00:37:56.124" intervalms="140.503" />
<cycle-start id="1992" type="partial gc" contextid="0" timestamp="2019-06-16T00:37:56.124" intervalms="140.454" />
<gc-start id="1993" type="partial gc" contextid="1992" timestamp="2019-06-16T00:37:56.125">
  <mem-info id="1994" free="9437184" total="62914560" percent="15">
    <mem type="eden" free="0" total="22020096" percent="0" />
    <remembered-set count="55808" freebytes="2288128" totalbytes="2511360" percent="91" regionsoverflowed="0" regionsstable="7" regionsrebuilding="0"/>
  </mem-info>
</gc-start>
<allocation-stats totalBytes="22019200" >
  <allocated-bytes non-tlh="0" tlh="22019200" arrayletleaf="0"/>
  <largest-consumer threadName="main" threadId="0000000001AE6700" bytes="22019200" />
</allocation-stats>
<gc-op id="1995" type="copy forward" timems="1.208" contextid="1992" timestamp="2019-06-16T00:37:56.127">
  <memory-copied type="eden" objects="4" bytes="120" bytesdiscarded="0" />
  <memory-copied type="other" objects="26" bytes="760" bytesdiscarded="0" />
  <memory-cardclean objects="73" bytes="2856" />
  <regions eden="21" other="2" />
  <remembered-set-cleared processed="53575" cleared="23" durationms="0.450" />
  <stringconstants candidates="13757" cleared="0"  />
</gc-op>
<gc-op id="1996" type="classunload" timems="0.003" contextid="1992" timestamp="2019-06-16T00:37:56.127">
  <classunload-info classloadercandidates="54" classloadersunloaded="0" classesunloaded="0" anonymousclassesunloaded="0" quiescems="0.000" setupms="0.003" scanms="0.000" postms="0.000" />
</gc-op>
<heap-resize id="1997" type="contract" space="default" amount="3145728" count="1" timems="0.049" reason="insufficient time being spent in gc" timestamp="2019-06-16T00:37:56.127" />
<gc-end id="1998" type="partial gc" contextid="1992" durationms="2.323" usertimems="4.000" systemtimems="0.000" timestamp="2019-06-16T00:37:56.127" activeThreads="1">
  <mem-info id="1999" free="27262976" total="59768832" percent="45">
    <mem type="eden" free="1048456" total="1048576" percent="99" />
    <remembered-set count="55808" freebytes="2288128" totalbytes="2511360" percent="91" regionsoverflowed="0" regionsstable="7" regionsrebuilding="0"/>
  </mem-info>
</gc-end>
<cycle-end id="2000" type="partial gc" contextid="1992" timestamp="2019-06-16T00:37:56.127" />
  <attribute name="elasticGC enabled" value="1" />
  <attribute name= "numThreadsSpecified" value="1" />
  <attribute name="heapSize specified" value="0" />
  <attribute name="Current GC Util" value="69" />
  <attribute name= "Current Time Running" value="15176" />
  <attribute name ="GC Interval" value="0" />
  <attribute name="ProportionalT" value="73.500000" />
  <attribute name="ProportionalI" value="73.500000" />
  <attribute name="ProportionalH" value="73.500000" />
  <attribute name="Current Error" value="49.000000" />
  <attribute name="IntegralT" value="0.000000" />
  <attribute name="IntegralI" value="0.000000" />
  <attribute name="IntegralH" value="0.000000" />
  <attribute name="DerivativeT" value="inf" />
  <attribute name="DerivativeI" value="inf" />
  <attribute name="DerivativeH" value="inf" />
  <attribute name="Loop Time for DT" value="0.000000" />
  <attribute name="Output H" value="8388608"/>
  <attribute name="Output I" value="200"/>
  <attribute name="Output T" value="1"/>
  <attribute name="Target GC Util Change" value ="20.000000" />
  <attribute name="Current GC Util Change" value="69.000000"/>
  <attribute name="GC Util currently" value="69" />
  <attribute name="CPU Util currently" value="17801063737007" />
<exclusive-end id="2001" timestamp="2019-06-16T00:37:56.127" durationms="3.181" />

<exclusive-start id="2002" timestamp="2019-06-16T00:37:56.553" intervalms="429.131">
  <response-info timems="0.107" idlems="0.107" threads="0" lastid="0000000001AE6700" lastname="main" />
</exclusive-start>
<allocation-taxation id="2003" taxation-threshold="22020096" timestamp="2019-06-16T00:37:56.553" intervalms="429.152" />
<cycle-start id="2004" type="partial gc" contextid="0" timestamp="2019-06-16T00:37:56.554" intervalms="429.198" />
<gc-start id="2005" type="partial gc" contextid="2004" timestamp="2019-06-16T00:37:56.554">
  <mem-info id="2006" free="5242880" total="59768832" percent="8">
    <mem type="eden" free="1048456" total="23068672" percent="4" />
    <remembered-set count="55520" freebytes="2289280" totalbytes="2511360" percent="91" regionsoverflowed="0" regionsstable="7" regionsrebuilding="0"/>
  </mem-info>
</gc-start>
<allocation-stats totalBytes="22018752" >
  <allocated-bytes non-tlh="0" tlh="22018752" arrayletleaf="0"/>
  <largest-consumer threadName="main" threadId="0000000001AE6700" bytes="22018752" />
</allocation-stats>
<gc-op id="2007" type="copy forward" timems="3.963" contextid="2004" timestamp="2019-06-16T00:37:56.559">
  <memory-copied type="eden" objects="31" bytes="904" bytesdiscarded="0" />
  <memory-copied type="other" objects="8" bytes="208" bytesdiscarded="0" />
  <memory-cardclean objects="32512" bytes="1261864" />
  <regions eden="21" other="2" />
  <remembered-set-cleared processed="40370" cleared="8476" durationms="0.491" />
  <stringconstants candidates="13757" cleared="0"  />
</gc-op>
<gc-op id="2008" type="classunload" timems="0.004" contextid="2004" timestamp="2019-06-16T00:37:56.559">
  <classunload-info classloadercandidates="54" classloadersunloaded="0" classesunloaded="0" anonymousclassesunloaded="0" quiescems="0.000" setupms="0.004" scanms="0.000" postms="0.000" />
</gc-op>
<heap-resize id="2009" type="contract" space="default" amount="3145728" count="1" timems="0.057" reason="insufficient time being spent in gc" timestamp="2019-06-16T00:37:56.559" />
<gc-end id="2010" type="partial gc" contextid="2004" durationms="5.549" usertimems="4.000" systemtimems="0.000" timestamp="2019-06-16T00:37:56.559" activeThreads="1">
  <mem-info id="2011" free="24117248" total="56623104" percent="42">
    <mem type="eden" free="1047672" total="1048576" percent="99" />
    <remembered-set count="40288" freebytes="2224640" totalbytes="2385792" percent="93" regionsoverflowed="0" regionsstable="7" regionsrebuilding="0"/>
  </mem-info>
</gc-end>
<cycle-end id="2012" type="partial gc" contextid="2004" timestamp="2019-06-16T00:37:56.560" />
  <attribute name="elasticGC enabled" value="1" />
  <attribute name= "numThreadsSpecified" value="1" />
  <attribute name="heapSize specified" value="0" />
  <attribute name="Current GC Util" value="61" />
  <attribute name= "Current Time Running" value="15605" />
  <attribute name ="GC Interval" value="0" />
  <attribute name="ProportionalT" value="61.500000" />
  <attribute name="ProportionalI" value="61.500000" />
  <attribute name="ProportionalH" value="61.500000" />
  <attribute name="Current Error" value="41.000000" />
  <attribute name="IntegralT" value="0.000000" />
  <attribute name="IntegralI" value="0.000000" />
  <attribute name="IntegralH" value="0.000000" />
  <attribute name="DerivativeT" value="inf" />
  <attribute name="DerivativeI" value="inf" />
  <attribute name="DerivativeH" value="inf" />
  <attribute name="Loop Time for DT" value="0.000000" />
  <attribute name="Output H" value="8388608"/>
  <attribute name="Output I" value="200"/>
  <attribute name="Output T" value="1"/>
  <attribute name="Target GC Util Change" value ="20.000000" />
  <attribute name="Current GC Util Change" value="61.000000"/>
  <attribute name="GC Util currently" value="61" />
  <attribute name="CPU Util currently" value="9624522038882" />
<exclusive-end id="2013" timestamp="2019-06-16T00:37:56.560" durationms="6.625" />

<exclusive-start id="2014" timestamp="2019-06-16T00:37:56.645" intervalms="91.299">
  <response-info timems="0.089" idlems="0.089" threads="0" lastid="0000000001AE6700" lastname="main" />
</exclusive-start>
<allocation-taxation id="2015" taxation-threshold="10485760" timestamp="2019-06-16T00:37:56.645" intervalms="91.305" />
<cycle-start id="2016" type="global mark phase" contextid="0" timestamp="2019-06-16T00:37:56.645" intervalms="928.057" />
<gc-start id="2017" type="global mark phase" contextid="2016" timestamp="2019-06-16T00:37:56.645">
  <mem-info id="2018" free="13631488" total="56623104" percent="24">
    <remembered-set count="40288" freebytes="2224640" totalbytes="2385792" percent="93" regionsoverflowed="0" regionsstable="7" regionsrebuilding="0"/>
  </mem-info>
</gc-start>
<gc-op id="2019" type="mark increment" timems="0.593" contextid="2016" timestamp="2019-06-16T00:37:56.646">
  <trace-info objectcount="171" scancount="0" scanbytes="0" />
</gc-op>
<gc-end id="2020" type="global mark phase" contextid="2016" durationms="0.867" usertimems="0.000" systemtimems="0.000" timestamp="2019-06-16T00:37:56.646" activeThreads="1">
  <mem-info id="2021" free="13631488" total="56623104" percent="24">
    <remembered-set count="40288" freebytes="2224640" totalbytes="2385792" percent="93" regionsoverflowed="0" regionsstable="0" regionsrebuilding="7"/>
  </mem-info>
</gc-end>
<concurrent-start id="2022" type="GMP work packet processing" contextid="2016" timestamp="2019-06-16T00:37:56.646">
  <concurrent-mark-start scanTarget="1048576" />
</concurrent-start>
<exclusive-end id="2023" timestamp="2019-06-16T00:37:56.648" durationms="3.197" />

<concurrent-end id="2024" type="GMP work packet processing" contextid="2016" timestamp="2019-06-16T00:37:56.648">
  <concurrent-mark-end bytesScanned="1144524" reasonForTermination="Work target met" />
</concurrent-end>

<exclusive-start id="2025" timestamp="2019-06-16T00:37:57.456" intervalms="811.367">
  <response-info timems="0.103" idlems="0.103" threads="0" lastid="0000000001AE6700" lastname="main" />
</exclusive-start>
<allocation-taxation id="2026" taxation-threshold="10485760" timestamp="2019-06-16T00:37:57.456" intervalms="811.420" />
<cycle-start id="2027" type="partial gc" contextid="0" timestamp="2019-06-16T00:37:57.456" intervalms="902.754" />
<gc-start id="2028" type="partial gc" contextid="2027" timestamp="2019-06-16T00:37:57.457">
  <mem-info id="2029" free="3145728" total="56623104" percent="5">
    <mem type="eden" free="0" total="20971520" percent="0" />
    <remembered-set count="47712" freebytes="2194944" totalbytes="2385792" percent="92" regionsoverflowed="0" regionsstable="0" regionsrebuilding="7"/>
  </mem-info>
</gc-start>
<allocation-stats totalBytes="20970224" >
  <allocated-bytes non-tlh="0" tlh="20970224" arrayletleaf="0"/>
  <largest-consumer threadName="main" threadId="0000000001AE6700" bytes="10485176" />
</allocation-stats>
<gc-op id="2030" type="copy forward" timems="1.610" contextid="2027" timestamp="2019-06-16T00:37:57.459">
  <memory-copied type="eden" objects="46" bytes="1240" bytesdiscarded="0" />
  <memory-copied type="other" objects="25" bytes="600" bytesdiscarded="0" />
  <memory-cardclean objects="111" bytes="12792" />
  <regions eden="20" other="2" />
  <remembered-set-cleared processed="45384" cleared="59" durationms="0.402" />
  <references type="weak" candidates="2" cleared="0" enqueued="0" />
  <stringconstants candidates="13757" cleared="0"  />
</gc-op>
<gc-op id="2031" type="classunload" timems="0.004" contextid="2027" timestamp="2019-06-16T00:37:57.460">
  <classunload-info classloadercandidates="54" classloadersunloaded="0" classesunloaded="0" anonymousclassesunloaded="0" quiescems="0.000" setupms="0.003" scanms="0.000" postms="0.000" />
</gc-op>
<gc-end id="2032" type="partial gc" contextid="2027" durationms="3.035" usertimems="0.000" systemtimems="4.000" timestamp="2019-06-16T00:37:57.460" activeThreads="1">
  <mem-info id="2033" free="23068672" total="56623104" percent="40">
    <mem type="eden" free="1047336" total="1048576" percent="99" />
    <remembered-set count="46976" freebytes="2072320" totalbytes="2260224" percent="91" regionsoverflowed="0" regionsstable="0" regionsrebuilding="7"/>
  </mem-info>
</gc-end>
<cycle-end id="2034" type="partial gc" contextid="2027" timestamp="2019-06-16T00:37:57.460" />
  <attribute name="elasticGC enabled" value="1" />
  <attribute name= "numThreadsSpecified" value="1" />
  <attribute name="heapSize specified" value="0" />
  <attribute name="Current GC Util" value="47" />
  <attribute name= "Current Time Running" value="16508" />
  <attribute name ="GC Interval" value="0" />
  <attribute name="ProportionalT" value="40.500000" />
  <attribute name="ProportionalI" value="40.500000" />
  <attribute name="ProportionalH" value="40.500000" />
  <attribute name="Current Error" value="27.000000" />
  <attribute name="IntegralT" value="0.000000" />
  <attribute name="IntegralI" value="0.000000" />
  <attribute name="IntegralH" value="0.000000" />
  <attribute name="DerivativeT" value="inf" />
  <attribute name="DerivativeI" value="inf" />
  <attribute name="DerivativeH" value="inf" />
  <attribute name="Loop Time for DT" value="0.000000" />
  <attribute name="Output H" value="8388608"/>
  <attribute name="Output I" value="200"/>
  <attribute name="Output T" value="1"/>
  <attribute name="Target GC Util Change" value ="20.000000" />
  <attribute name="Current GC Util Change" value="47.000000"/>
  <attribute name="GC Util currently" value="47" />
  <attribute name="CPU Util currently" value="10297803595761" />
<exclusive-end id="2035" timestamp="2019-06-16T00:37:57.460" durationms="4.263" />

<exclusive-start id="2036" timestamp="2019-06-16T00:37:57.499" intervalms="43.334">
  <response-info timems="0.134" idlems="0.134" threads="0" lastid="0000000001AE6700" lastname="main" />
</exclusive-start>
<allocation-taxation id="2037" taxation-threshold="10485760" timestamp="2019-06-16T00:37:57.499" intervalms="43.280" />
<gc-start id="2038" type="global mark phase" contextid="2016" timestamp="2019-06-16T00:37:57.500">
  <mem-info id="2039" free="12582912" total="56623104" percent="22">
    <remembered-set count="46656" freebytes="2073600" totalbytes="2260224" percent="91" regionsoverflowed="0" regionsstable="0" regionsrebuilding="7"/>
  </mem-info>
</gc-start>
<gc-end id="2040" type="global mark phase" contextid="2016" durationms="0.168" usertimems="0.000" systemtimems="0.000" timestamp="2019-06-16T00:37:57.500" activeThreads="1">
  <mem-info id="2041" free="12582912" total="56623104" percent="22">
    <remembered-set count="46656" freebytes="2073600" totalbytes="2260224" percent="91" regionsoverflowed="0" regionsstable="0" regionsrebuilding="7"/>
  </mem-info>
</gc-end>
<concurrent-start id="2042" type="GMP work packet processing" contextid="2016" timestamp="2019-06-16T00:37:57.500">
  <concurrent-mark-start scanTarget="13139749" />
</concurrent-start>
<concurrent-end id="2043" type="GMP work packet processing" contextid="2016" timestamp="2019-06-16T00:37:57.506">
  <concurrent-mark-end bytesScanned="12303996" reasonForTermination="Completed all work in GC phase" />
</concurrent-end>

<exclusive-end id="2044" timestamp="2019-06-16T00:37:57.506" durationms="6.788" />

<exclusive-start id="2045" timestamp="2019-06-16T00:37:57.532" intervalms="33.120">
  <response-info timems="0.096" idlems="0.096" threads="0" lastid="0000000001AE6700" lastname="main" />
</exclusive-start>
<allocation-taxation id="2046" taxation-threshold="10485760" timestamp="2019-06-16T00:37:57.533" intervalms="33.110" />
<cycle-start id="2047" type="partial gc" contextid="0" timestamp="2019-06-16T00:37:57.533" intervalms="76.451" />
<gc-start id="2048" type="partial gc" contextid="2047" timestamp="2019-06-16T00:37:57.533">
  <mem-info id="2049" free="2097152" total="56623104" percent="3">
    <mem type="eden" free="0" total="20971520" percent="0" />
    <remembered-set count="111744" freebytes="1813248" totalbytes="2260224" percent="80" regionsoverflowed="0" regionsstable="0" regionsrebuilding="7"/>
  </mem-info>
</gc-start>
<allocation-stats totalBytes="20969960" >
  <allocated-bytes non-tlh="0" tlh="20969960" arrayletleaf="0"/>
  <largest-consumer threadName="main" threadId="0000000001AE6700" bytes="10484944" />
</allocation-stats>
<gc-op id="2050" type="copy forward" timems="1.828" contextid="2047" timestamp="2019-06-16T00:37:57.536">
  <memory-copied type="eden" objects="7" bytes="160" bytesdiscarded="0" />
  <memory-copied type="other" objects="76" bytes="1920" bytesdiscarded="0" />
  <memory-cardclean objects="69" bytes="11464" />
  <regions eden="20" other="2" />
  <remembered-set-cleared processed="110097" cleared="70" durationms="0.822" />
  <references type="weak" candidates="2" cleared="0" enqueued="0" />
  <stringconstants candidates="13757" cleared="0"  />
  <heap-resize type="expand" space="default" amount="1048576" count="1" timems="0.057" reason="continue current collection" />
</gc-op>
<gc-op id="2051" type="classunload" timems="0.004" contextid="2047" timestamp="2019-06-16T00:37:57.536">
  <classunload-info classloadercandidates="54" classloadersunloaded="0" classesunloaded="0" anonymousclassesunloaded="0" quiescems="0.000" setupms="0.004" scanms="0.000" postms="0.000" />
</gc-op>
<heap-resize id="2052" type="contract" space="default" amount="3145728" count="1" timems="0.238" reason="insufficient time being spent in gc" timestamp="2019-06-16T00:37:57.536" />
<gc-end id="2053" type="partial gc" contextid="2047" durationms="3.455" usertimems="0.000" systemtimems="0.000" timestamp="2019-06-16T00:37:57.537" activeThreads="1">
  <mem-info id="2054" free="19922944" total="54525952" percent="36">
    <mem type="eden" free="1048416" total="1048576" percent="99" />
    <remembered-set count="112128" freebytes="1853568" totalbytes="2302080" percent="80" regionsoverflowed="0" regionsstable="0" regionsrebuilding="7"/>
  </mem-info>
</gc-end>
<cycle-end id="2055" type="partial gc" contextid="2047" timestamp="2019-06-16T00:37:57.537" />
  <attribute name="elasticGC enabled" value="1" />
  <attribute name= "numThreadsSpecified" value="1" />
  <attribute name="heapSize specified" value="0" />
  <attribute name="Current GC Util" value="67" />
  <attribute name= "Current Time Running" value="16584" />
  <attribute name ="GC Interval" value="0" />
  <attribute name="ProportionalT" value="70.500000" />
  <attribute name="ProportionalI" value="70.500000" />
  <attribute name="ProportionalH" value="70.500000" />
  <attribute name="Current Error" value="47.000000" />
  <attribute name="IntegralT" value="0.000000" />
  <attribute name="IntegralI" value="0.000000" />
  <attribute name="IntegralH" value="0.000000" />
  <attribute name="DerivativeT" value="inf" />
  <attribute name="DerivativeI" value="inf" />
  <attribute name="DerivativeH" value="inf" />
  <attribute name="Loop Time for DT" value="0.000000" />
  <attribute name="Output H" value="8388608"/>
  <attribute name="Output I" value="200"/>
  <attribute name="Output T" value="1"/>
  <attribute name="Target GC Util Change" value ="20.000000" />
  <attribute name="Current GC Util Change" value="67.000000"/>
  <attribute name="GC Util currently" value="67" />
  <attribute name="CPU Util currently" value="14271479790170" />
<exclusive-end id="2056" timestamp="2019-06-16T00:37:57.537" durationms="4.666" />

<exclusive-start id="2057" timestamp="2019-06-16T00:37:57.561" intervalms="28.478">
  <response-info timems="0.060" idlems="0.060" threads="0" lastid="0000000001AE6700" lastname="main" />
</exclusive-start>
<allocation-taxation id="2058" taxation-threshold="9437184" timestamp="2019-06-16T00:37:57.561" intervalms="28.478" />
<gc-start id="2059" type="global mark phase" contextid="2016" timestamp="2019-06-16T00:37:57.561">
  <mem-info id="2060" free="10485760" total="54525952" percent="19">
    <remembered-set count="111712" freebytes="1855232" totalbytes="2302080" percent="80" regionsoverflowed="0" regionsstable="0" regionsrebuilding="7"/>
  </mem-info>
</gc-start>
<gc-op id="2061" type="mark increment" timems="1.379" contextid="2016" timestamp="2019-06-16T00:37:57.563">
  <trace-info objectcount="18" scancount="16" scanbytes="556" />
  <cardclean-info objects="145" bytes="14056" />
  <finalization candidates="80" enqueued="0" />
  <ownableSynchronizers candidates="21" cleared="0" />
  <references type="soft" candidates="4721" cleared="1458" enqueued="1447" dynamicThreshold="11" maxThreshold="32" />
  <references type="weak" candidates="5629" cleared="0" enqueued="0" />
  <references type="phantom" candidates="101" cleared="0" enqueued="0" />
  <stringconstants candidates="13757" cleared="6"  />
</gc-op>
<gc-op id="2062" type="classunload" timems="0.378" contextid="2016" timestamp="2019-06-16T00:37:57.563">
  <classunload-info classloadercandidates="54" classloadersunloaded="1" classesunloaded="1" anonymousclassesunloaded="0" quiescems="0.000" setupms="0.365" scanms="0.009" postms="0.004" />
</gc-op>
<gc-end id="2063" type="global mark phase" contextid="2016" durationms="2.294" usertimems="4.000" systemtimems="0.000" timestamp="2019-06-16T00:37:57.564" activeThreads="4">
  <mem-info id="2064" free="10485760" total="54525952" percent="19">
    <pending-finalizers system="0" default="0" reference="1447" classloader="0" />
    <remembered-set count="113760" freebytes="1847040" totalbytes="2302080" percent="80" regionsoverflowed="0" regionsstable="0" regionsrebuilding="0"/>
  </mem-info>
</gc-end>
<cycle-end id="2065" type="global mark phase" contextid="2016" timestamp="2019-06-16T00:37:57.564" />
  <attribute name="elasticGC enabled" value="1" />
  <attribute name= "numThreadsSpecified" value="4" />
  <attribute name="heapSize specified" value="0" />
  <attribute name="Current GC Util" value="0" />
  <attribute name= "Current Time Running" value="16612" />
  <attribute name ="GC Interval" value="0" />
  <attribute name="ProportionalT" value="-30.000000" />
  <attribute name="ProportionalI" value="-30.000000" />
  <attribute name="ProportionalH" value="-30.000000" />
  <attribute name="Current Error" value="-20.000000" />
  <attribute name="IntegralT" value="0.000000" />
  <attribute name="IntegralI" value="0.000000" />
  <attribute name="IntegralH" value="0.000000" />
  <attribute name="DerivativeT" value="-inf" />
  <attribute name="DerivativeI" value="-inf" />
  <attribute name="DerivativeH" value="-inf" />
  <attribute name="Loop Time for DT" value="0.000000" />
  <attribute name="Output H" value="2091843584"/>
  <attribute name="Output I" value="200"/>
  <attribute name="Output T" value="4"/>
  <attribute name="Target GC Util Change" value ="20.000000" />
  <attribute name="Current GC Util Change" value="0.000000"/>
  <attribute name="GC Util currently" value="0" />
  <attribute name="CPU Util currently" value="65412129858787" />
<exclusive-end id="2066" timestamp="2019-06-16T00:37:57.564" durationms="2.947" />

<exclusive-start id="2067" timestamp="2019-06-16T00:37:57.588" intervalms="26.679">
  <response-info timems="0.057" idlems="0.057" threads="0" lastid="0000000001AE6700" lastname="main" />
</exclusive-start>
<allocation-taxation id="2068" taxation-threshold="9437184" timestamp="2019-06-16T00:37:57.588" intervalms="26.685" />
<cycle-start id="2069" type="partial gc" contextid="0" timestamp="2019-06-16T00:37:57.588" intervalms="55.117" />
<gc-start id="2070" type="partial gc" contextid="2069" timestamp="2019-06-16T00:37:57.588">
  <mem-info id="2071" free="1048576" total="54525952" percent="1">
    <mem type="eden" free="1048416" total="19922944" percent="5" />
    <remembered-set count="41184" freebytes="2137344" totalbytes="2302080" percent="92" regionsoverflowed="0" regionsstable="7" regionsrebuilding="0"/>
  </mem-info>
</gc-start>
<allocation-stats totalBytes="18872072" >
  <allocated-bytes non-tlh="0" tlh="18872072" arrayletleaf="0"/>
  <largest-consumer threadName="main" threadId="0000000001AE6700" bytes="9395720" />
</allocation-stats>
<gc-op id="2072" type="sweep" timems="0.680" contextid="2069" timestamp="2019-06-16T00:37:57.589" />
<gc-op id="2073" type="copy forward" timems="1.941" contextid="2069" timestamp="2019-06-16T00:37:57.592">
  <memory-copied type="eden" objects="5" bytes="4136" bytesdiscarded="992" />
  <memory-copied type="other" objects="0" bytes="0" bytesdiscarded="0" />
  <memory-cardclean objects="33302" bytes="1068152" />
  <regions eden="9" other="1" />
  <remembered-set-cleared processed="36972" cleared="1462" durationms="0.220" />
  <stringconstants candidates="13751" cleared="0"  />
</gc-op>
<gc-op id="2074" type="classunload" timems="0.003" contextid="2069" timestamp="2019-06-16T00:37:57.592">
  <classunload-info classloadercandidates="53" classloadersunloaded="0" classesunloaded="0" anonymousclassesunloaded="0" quiescems="0.000" setupms="0.003" scanms="0.000" postms="0.000" />
</gc-op>
<heap-resize id="2075" type="expand" space="default" amount="9437184" count="1" timems="0.066" reason="excessive time being spent in gc" timestamp="2019-06-16T00:37:57.592" />
<gc-end id="2076" type="partial gc" contextid="2069" durationms="4.161" usertimems="4.000" systemtimems="4.000" timestamp="2019-06-16T00:37:57.592" activeThreads="4">
  <mem-info id="2077" free="29360128" total="63963136" percent="45">
    <mem type="eden" free="1043448" total="1048576" percent="99" />
    <remembered-set count="40160" freebytes="2392576" totalbytes="2553216" percent="93" regionsoverflowed="0" regionsstable="7" regionsrebuilding="0"/>
  </mem-info>
</gc-end>
<cycle-end id="2078" type="partial gc" contextid="2069" timestamp="2019-06-16T00:37:57.592" />
  <attribute name="elasticGC enabled" value="1" />
  <attribute name= "numThreadsSpecified" value="4" />
  <attribute name="heapSize specified" value="0" />
  <attribute name="Current GC Util" value="41" />
  <attribute name= "Current Time Running" value="16640" />
  <attribute name ="GC Interval" value="0" />
  <attribute name="ProportionalT" value="31.500000" />
  <attribute name="ProportionalI" value="31.500000" />
  <attribute name="ProportionalH" value="31.500000" />
  <attribute name="Current Error" value="21.000000" />
  <attribute name="IntegralT" value="0.000000" />
  <attribute name="IntegralI" value="0.000000" />
  <attribute name="IntegralH" value="0.000000" />
  <attribute name="DerivativeT" value="-inf" />
  <attribute name="DerivativeI" value="-inf" />
  <attribute name="DerivativeH" value="-inf" />
  <attribute name="Loop Time for DT" value="0.000000" />
  <attribute name="Output H" value="2091843584"/>
  <attribute name="Output I" value="200"/>
  <attribute name="Output T" value="4"/>
  <attribute name="Target GC Util Change" value ="20.000000" />
  <attribute name="Current GC Util Change" value="41.000000"/>
  <attribute name="GC Util currently" value="41" />
  <attribute name="CPU Util currently" value="12793003812122" />
<exclusive-end id="2079" timestamp="2019-06-16T00:37:57.593" durationms="5.159" />

<exclusive-start id="2080" timestamp="2019-06-16T00:37:57.626" intervalms="38.470">
  <response-info timems="0.057" idlems="0.057" threads="0" lastid="0000000001AE6700" lastname="main" />
</exclusive-start>
<allocation-taxation id="2081" taxation-threshold="11534336" timestamp="2019-06-16T00:37:57.626" intervalms="38.425" />
<cycle-start id="2082" type="global mark phase" contextid="0" timestamp="2019-06-16T00:37:57.626" intervalms="981.125" />
<gc-start id="2083" type="global mark phase" contextid="2082" timestamp="2019-06-16T00:37:57.626">
  <mem-info id="2084" free="17825792" total="63963136" percent="27">
    <remembered-set count="37408" freebytes="2403584" totalbytes="2553216" percent="94" regionsoverflowed="0" regionsstable="9" regionsrebuilding="0"/>
  </mem-info>
</gc-start>
<gc-op id="2085" type="mark increment" timems="0.475" contextid="2082" timestamp="2019-06-16T00:37:57.627">
  <trace-info objectcount="176" scancount="0" scanbytes="0" />
</gc-op>
<gc-end id="2086" type="global mark phase" contextid="2082" durationms="0.696" usertimems="4.000" systemtimems="0.000" timestamp="2019-06-16T00:37:57.627" activeThreads="1">
  <mem-info id="2087" free="17825792" total="63963136" percent="27">
    <remembered-set count="37408" freebytes="2403584" totalbytes="2553216" percent="94" regionsoverflowed="0" regionsstable="0" regionsrebuilding="9"/>
  </mem-info>
</gc-end>
<concurrent-start id="2088" type="GMP work packet processing" contextid="2082" timestamp="2019-06-16T00:37:57.627">
  <concurrent-mark-start scanTarget="18446744073709551615" />
</concurrent-start>
<exclusive-end id="2089" timestamp="2019-06-16T00:37:57.627" durationms="1.384" />

<concurrent-end id="2090" type="GMP work packet processing" contextid="2082" timestamp="2019-06-16T00:37:57.634">
  <concurrent-mark-end bytesScanned="13374560" reasonForTermination="Completed all work in GC phase" />
</concurrent-end>

<exclusive-start id="2091" timestamp="2019-06-16T00:37:57.674" intervalms="47.980">
  <response-info timems="0.091" idlems="0.091" threads="0" lastid="0000000001AE6700" lastname="main" />
</exclusive-start>
<allocation-taxation id="2092" taxation-threshold="11534336" timestamp="2019-06-16T00:37:57.674" intervalms="48.032" />
<cycle-start id="2093" type="partial gc" contextid="0" timestamp="2019-06-16T00:37:57.674" intervalms="86.431" />
<gc-start id="2094" type="partial gc" contextid="2093" timestamp="2019-06-16T00:37:57.675">
  <mem-info id="2095" free="6291456" total="63963136" percent="9">
    <mem type="eden" free="0" total="23068672" percent="0" />
    <remembered-set count="113696" freebytes="2098432" totalbytes="2553216" percent="82" regionsoverflowed="0" regionsstable="0" regionsrebuilding="9"/>
  </mem-info>
</gc-start>
<allocation-stats totalBytes="23067128" >
  <allocated-bytes non-tlh="0" tlh="23067128" arrayletleaf="0"/>
  <largest-consumer threadName="main" threadId="0000000001AE6700" bytes="11533488" />
</allocation-stats>
<gc-op id="2096" type="copy forward" timems="9.599" contextid="2093" timestamp="2019-06-16T00:37:57.685">
  <memory-copied type="eden" objects="33" bytes="976" bytesdiscarded="0" />
  <memory-copied type="other" objects="17248" bytes="807192" bytesdiscarded="0" />
  <memory-cardclean objects="101315" bytes="2504080" />
  <regions eden="22" other="5" />
  <remembered-set-cleared processed="102814" cleared="12160" durationms="0.908" />
  <finalization candidates="13" enqueued="0" />
  <references type="soft" candidates="69" cleared="0" enqueued="0" dynamicThreshold="8" maxThreshold="32" />
  <references type="weak" candidates="281" cleared="0" enqueued="0" />
  <references type="phantom" candidates="55" cleared="0" enqueued="0" />
  <stringconstants candidates="13751" cleared="0"  />
</gc-op>
<gc-op id="2097" type="classunload" timems="0.005" contextid="2093" timestamp="2019-06-16T00:37:57.685">
  <classunload-info classloadercandidates="53" classloadersunloaded="0" classesunloaded="0" anonymousclassesunloaded="0" quiescems="0.000" setupms="0.005" scanms="0.000" postms="0.000" />
</gc-op>
<gc-end id="2098" type="partial gc" contextid="2093" durationms="10.852" usertimems="12.000" systemtimems="0.000" timestamp="2019-06-16T00:37:57.686" activeThreads="1">
  <mem-info id="2099" free="30408704" total="63963136" percent="47">
    <mem type="eden" free="1047600" total="1048576" percent="99" />
    <remembered-set count="117536" freebytes="2083072" totalbytes="2553216" percent="81" regionsoverflowed="0" regionsstable="0" regionsrebuilding="9"/>
  </mem-info>
</gc-end>
<cycle-end id="2100" type="partial gc" contextid="2093" timestamp="2019-06-16T00:37:57.686" />
  <attribute name="elasticGC enabled" value="1" />
  <attribute name= "numThreadsSpecified" value="1" />
  <attribute name="heapSize specified" value="0" />
  <attribute name="Current GC Util" value="91" />
  <attribute name= "Current Time Running" value="16726" />
  <attribute name ="GC Interval" value="0" />
  <attribute name="ProportionalT" value="106.500000" />
  <attribute name="ProportionalI" value="106.500000" />
  <attribute name="ProportionalH" value="106.500000" />
  <attribute name="Current Error" value="71.000000" />
  <attribute name="IntegralT" value="0.000000" />
  <attribute name="IntegralI" value="0.000000" />
  <attribute name="IntegralH" value="0.000000" />
  <attribute name="DerivativeT" value="inf" />
  <attribute name="DerivativeI" value="inf" />
  <attribute name="DerivativeH" value="inf" />
  <attribute name="Loop Time for DT" value="0.000000" />
  <attribute name="Output H" value="8388608"/>
  <attribute name="Output I" value="200"/>
  <attribute name="Output T" value="1"/>
  <attribute name="Target GC Util Change" value ="20.000000" />
  <attribute name="Current GC Util Change" value="91.000000"/>
  <attribute name="GC Util currently" value="91" />
  <attribute name="CPU Util currently" value="17365563905428" />
<exclusive-end id="2101" timestamp="2019-06-16T00:37:57.686" durationms="12.149" />

<exclusive-start id="2102" timestamp="2019-06-16T00:37:57.726" intervalms="51.726">
  <response-info timems="0.242" idlems="0.242" threads="0" lastid="0000000001AE6700" lastname="main" />
</exclusive-start>
<allocation-taxation id="2103" taxation-threshold="11534336" timestamp="2019-06-16T00:37:57.726" intervalms="51.753" />
<gc-start id="2104" type="global mark phase" contextid="2082" timestamp="2019-06-16T00:37:57.726">
  <mem-info id="2105" free="18874368" total="63963136" percent="29">
    <remembered-set count="117440" freebytes="2083456" totalbytes="2553216" percent="81" regionsoverflowed="0" regionsstable="0" regionsrebuilding="9"/>
  </mem-info>
</gc-start>
<gc-op id="2106" type="mark increment" timems="3.262" contextid="2082" timestamp="2019-06-16T00:37:57.730">
  <trace-info objectcount="14" scancount="14" scanbytes="344" />
  <cardclean-info objects="180300" bytes="3861356" />
  <finalization candidates="80" enqueued="0" />
  <ownableSynchronizers candidates="21" cleared="0" />
  <references type="soft" candidates="3263" cleared="0" enqueued="0" dynamicThreshold="15" maxThreshold="32" />
  <references type="weak" candidates="5627" cleared="0" enqueued="0" />
  <references type="phantom" candidates="101" cleared="0" enqueued="0" />
  <stringconstants candidates="13751" cleared="167"  />
</gc-op>
<gc-op id="2107" type="classunload" timems="0.008" contextid="2082" timestamp="2019-06-16T00:37:57.730">
  <classunload-info classloadercandidates="53" classloadersunloaded="0" classesunloaded="0" anonymousclassesunloaded="0" quiescems="0.000" setupms="0.008" scanms="0.000" postms="0.000" />
</gc-op>
<gc-end id="2108" type="global mark phase" contextid="2082" durationms="3.607" usertimems="12.000" systemtimems="0.000" timestamp="2019-06-16T00:37:57.730" activeThreads="4">
  <mem-info id="2109" free="18874368" total="63963136" percent="29">
    <remembered-set count="121536" freebytes="2067072" totalbytes="2553216" percent="80" regionsoverflowed="0" regionsstable="0" regionsrebuilding="0"/>
  </mem-info>
</gc-end>
<cycle-end id="2110" type="global mark phase" contextid="2082" timestamp="2019-06-16T00:37:57.730" />
  <attribute name="elasticGC enabled" value="1" />
  <attribute name= "numThreadsSpecified" value="4" />
  <attribute name="heapSize specified" value="0" />
  <attribute name="Current GC Util" value="29" />
  <attribute name= "Current Time Running" value="16779" />
  <attribute name ="GC Interval" value="0" />
  <attribute name="ProportionalT" value="13.500000" />
  <attribute name="ProportionalI" value="13.500000" />
  <attribute name="ProportionalH" value="13.500000" />
  <attribute name="Current Error" value="9.000000" />
  <attribute name="IntegralT" value="0.000000" />
  <attribute name="IntegralI" value="0.000000" />
  <attribute name="IntegralH" value="0.000000" />
  <attribute name="DerivativeT" value="-inf" />
  <attribute name="DerivativeI" value="-inf" />
  <attribute name="DerivativeH" value="-inf" />
  <attribute name="Loop Time for DT" value="0.000000" />
  <attribute name="Output H" value="2091843584"/>
  <attribute name="Output I" value="200"/>
  <attribute name="Output T" value="4"/>
  <attribute name="Target GC Util Change" value ="20.000000" />
  <attribute name="Current GC Util Change" value="29.000000"/>
  <attribute name="GC Util currently" value="29" />
  <attribute name="CPU Util currently" value="17036842938344" />
<exclusive-end id="2111" timestamp="2019-06-16T00:37:57.730" durationms="4.224" />

<exclusive-start id="2112" timestamp="2019-06-16T00:37:57.768" intervalms="42.616">
  <response-info timems="0.101" idlems="0.101" threads="0" lastid="0000000001AE6700" lastname="main" />
</exclusive-start>
<allocation-taxation id="2113" taxation-threshold="11534336" timestamp="2019-06-16T00:37:57.769" intervalms="42.602" />
<cycle-start id="2114" type="partial gc" contextid="0" timestamp="2019-06-16T00:37:57.769" intervalms="94.381" />
<gc-start id="2115" type="partial gc" contextid="2114" timestamp="2019-06-16T00:37:57.769">
  <mem-info id="2116" free="7340032" total="63963136" percent="11">
    <mem type="eden" free="0" total="23068672" percent="0" />
    <remembered-set count="117888" freebytes="2081664" totalbytes="2553216" percent="81" regionsoverflowed="0" regionsstable="3" regionsrebuilding="0"/>
  </mem-info>
</gc-start>
<allocation-stats totalBytes="23067168" >
  <allocated-bytes non-tlh="0" tlh="23067168" arrayletleaf="0"/>
  <largest-consumer threadName="main" threadId="0000000001AE6700" bytes="11533632" />
</allocation-stats>
<gc-op id="2117" type="sweep" timems="0.752" contextid="2114" timestamp="2019-06-16T00:37:57.770" />
<gc-op id="2118" type="copy forward" timems="1.953" contextid="2114" timestamp="2019-06-16T00:37:57.773">
  <memory-copied type="eden" objects="14" bytes="360" bytesdiscarded="0" />
  <memory-copied type="other" objects="18" bytes="576" bytesdiscarded="0" />
  <memory-cardclean objects="43" bytes="1928" />
  <regions eden="11" other="2" />
  <remembered-set-cleared processed="108479" cleared="49" durationms="0.460" />
  <stringconstants candidates="13584" cleared="0"  />
</gc-op>
<gc-op id="2119" type="classunload" timems="0.004" contextid="2114" timestamp="2019-06-16T00:37:57.773">
  <classunload-info classloadercandidates="53" classloadersunloaded="0" classesunloaded="0" anonymousclassesunloaded="0" quiescems="0.000" setupms="0.003" scanms="0.000" postms="0.000" />
</gc-op>
<gc-end id="2120" type="partial gc" contextid="2114" durationms="4.135" usertimems="8.000" systemtimems="0.000" timestamp="2019-06-16T00:37:57.773" activeThreads="4">
  <mem-info id="2121" free="29360128" total="63963136" percent="45">
    <mem type="eden" free="1048216" total="1048576" percent="99" />
    <remembered-set count="111488" freebytes="2107264" totalbytes="2553216" percent="82" regionsoverflowed="0" regionsstable="3" regionsrebuilding="0"/>
  </mem-info>
</gc-end>
<cycle-end id="2122" type="partial gc" contextid="2114" timestamp="2019-06-16T00:37:57.773" />
  <attribute name="elasticGC enabled" value="1" />
  <attribute name= "numThreadsSpecified" value="4" />
  <attribute name="heapSize specified" value="0" />
  <attribute name="Current GC Util" value="72" />
  <attribute name= "Current Time Running" value="16822" />
  <attribute name ="GC Interval" value="0" />
  <attribute name="ProportionalT" value="78.000000" />
  <attribute name="ProportionalI" value="78.000000" />
  <attribute name="ProportionalH" value="78.000000" />
  <attribute name="Current Error" value="52.000000" />
  <attribute name="IntegralT" value="52.000000" />
  <attribute name="IntegralI" value="52.000000" />
  <attribute name="IntegralH" value="52.000000" />
  <attribute name="DerivativeT" value="0.500000" />
  <attribute name="DerivativeI" value="0.500000" />
  <attribute name="DerivativeH" value="0.500000" />
  <attribute name="Loop Time for DT" value="1.000000" />
  <attribute name="Output H" value="8388608"/>
  <attribute name="Output I" value="200"/>
  <attribute name="Output T" value="4"/>
  <attribute name="Target GC Util Change" value ="20.000000" />
  <attribute name="Current GC Util Change" value="72.000000"/>
  <attribute name="GC Util currently" value="72" />
  <attribute name="CPU Util currently" value="16678188774438" />
<exclusive-end id="2123" timestamp="2019-06-16T00:37:57.774" durationms="5.290" />

<exclusive-start id="2124" timestamp="2019-06-16T00:37:57.881" intervalms="112.244">
  <response-info timems="0.031" idlems="0.031" threads="0" lastid="0000000001AE6700" lastname="main" />
</exclusive-start>
<allocation-taxation id="2125" taxation-threshold="23068672" timestamp="2019-06-16T00:37:57.881" intervalms="112.261" />
<cycle-start id="2126" type="partial gc" contextid="0" timestamp="2019-06-16T00:37:57.881" intervalms="112.276" />
<gc-start id="2127" type="partial gc" contextid="2126" timestamp="2019-06-16T00:37:57.881">
  <mem-info id="2128" free="6291456" total="63963136" percent="9">
    <mem type="eden" free="1048216" total="24117248" percent="4" />
    <remembered-set count="111040" freebytes="2109056" totalbytes="2553216" percent="82" regionsoverflowed="0" regionsstable="3" regionsrebuilding="0"/>
  </mem-info>
</gc-start>
<allocation-stats totalBytes="23067096" >
  <allocated-bytes non-tlh="0" tlh="23067096" arrayletleaf="0"/>
  <largest-consumer threadName="main" threadId="0000000001AE6700" bytes="23067096" />
</allocation-stats>
<gc-op id="2129" type="copy forward" timems="1.746" contextid="2126" timestamp="2019-06-16T00:37:57.884">
  <memory-copied type="eden" objects="36" bytes="1096" bytesdiscarded="584" />
  <memory-copied type="other" objects="14" bytes="320" bytesdiscarded="0" />
  <memory-cardclean objects="118" bytes="4776" />
  <regions eden="22" other="3" />
  <remembered-set-cleared processed="108459" cleared="63" durationms="0.480" />
  <stringconstants candidates="13584" cleared="0"  />
</gc-op>
<gc-op id="2130" type="classunload" timems="0.004" contextid="2126" timestamp="2019-06-16T00:37:57.884">
  <classunload-info classloadercandidates="53" classloadersunloaded="0" classesunloaded="0" anonymousclassesunloaded="0" quiescems="0.000" setupms="0.004" scanms="0.000" postms="0.000" />
</gc-op>
<gc-end id="2131" type="partial gc" contextid="2126" durationms="2.903" usertimems="0.000" systemtimems="4.000" timestamp="2019-06-16T00:37:57.884" activeThreads="4">
  <mem-info id="2132" free="29360128" total="63963136" percent="45">
    <mem type="eden" free="1046896" total="1048576" percent="99" />
    <remembered-set count="111424" freebytes="2107520" totalbytes="2553216" percent="82" regionsoverflowed="0" regionsstable="3" regionsrebuilding="0"/>
  </mem-info>
</gc-end>
<cycle-end id="2133" type="partial gc" contextid="2126" timestamp="2019-06-16T00:37:57.884" />
  <attribute name="elasticGC enabled" value="1" />
  <attribute name= "numThreadsSpecified" value="4" />
  <attribute name="heapSize specified" value="0" />
  <attribute name="Current GC Util" value="69" />
  <attribute name= "Current Time Running" value="16933" />
  <attribute name ="GC Interval" value="0" />
  <attribute name="ProportionalT" value="73.500000" />
  <attribute name="ProportionalI" value="73.500000" />
  <attribute name="ProportionalH" value="73.500000" />
  <attribute name="Current Error" value="49.000000" />
  <attribute name="IntegralT" value="49.000000" />
  <attribute name="IntegralI" value="49.000000" />
  <attribute name="IntegralH" value="49.000000" />
  <attribute name="DerivativeT" value="24.500000" />
  <attribute name="DerivativeI" value="24.500000" />
  <attribute name="DerivativeH" value="24.500000" />
  <attribute name="Loop Time for DT" value="1.000000" />
  <attribute name="Output H" value="8388608"/>
  <attribute name="Output I" value="200"/>
  <attribute name="Output T" value="4"/>
  <attribute name="Target GC Util Change" value ="20.000000" />
  <attribute name="Current GC Util Change" value="69.000000"/>
  <attribute name="GC Util currently" value="69" />
  <attribute name="CPU Util currently" value="17372956232708" />
<exclusive-end id="2134" timestamp="2019-06-16T00:37:57.885" durationms="4.083" />

<exclusive-start id="2135" timestamp="2019-06-16T00:37:57.973" intervalms="91.972">
  <response-info timems="0.085" idlems="0.085" threads="0" lastid="0000000001AE6700" lastname="main" />
</exclusive-start>
<allocation-taxation id="2136" taxation-threshold="23068672" timestamp="2019-06-16T00:37:57.973" intervalms="91.917" />
<cycle-start id="2137" type="partial gc" contextid="0" timestamp="2019-06-16T00:37:57.973" intervalms="91.877" />
<gc-start id="2138" type="partial gc" contextid="2137" timestamp="2019-06-16T00:37:57.973">
  <mem-info id="2139" free="6291456" total="63963136" percent="9">
    <mem type="eden" free="0" total="23068672" percent="0" />
    <remembered-set count="111168" freebytes="2108544" totalbytes="2553216" percent="82" regionsoverflowed="0" regionsstable="3" regionsrebuilding="0"/>
  </mem-info>
</gc-start>
<allocation-stats totalBytes="23066920" >
  <allocated-bytes non-tlh="0" tlh="23066920" arrayletleaf="0"/>
  <largest-consumer threadName="main" threadId="0000000001AE6700" bytes="23066920" />
</allocation-stats>
<gc-op id="2140" type="copy forward" timems="1.639" contextid="2137" timestamp="2019-06-16T00:37:57.976">
  <memory-copied type="eden" objects="8" bytes="224" bytesdiscarded="0" />
  <memory-copied type="other" objects="70" bytes="1832" bytesdiscarded="352" />
  <memory-cardclean objects="96" bytes="4184" />
  <regions eden="22" other="3" />
  <remembered-set-cleared processed="108460" cleared="69" durationms="0.799" />
  <stringconstants candidates="13584" cleared="0"  />
</gc-op>
<gc-op id="2141" type="classunload" timems="0.004" contextid="2137" timestamp="2019-06-16T00:37:57.976">
  <classunload-info classloadercandidates="53" classloadersunloaded="0" classesunloaded="0" anonymousclassesunloaded="0" quiescems="0.000" setupms="0.003" scanms="0.000" postms="0.000" />
</gc-op>
<gc-end id="2142" type="partial gc" contextid="2137" durationms="2.602" usertimems="0.000" systemtimems="4.000" timestamp="2019-06-16T00:37:57.976" activeThreads="1">
  <mem-info id="2143" free="29360128" total="63963136" percent="45">
    <mem type="eden" free="1048352" total="1048576" percent="99" />
    <remembered-set count="111264" freebytes="2108160" totalbytes="2553216" percent="82" regionsoverflowed="0" regionsstable="3" regionsrebuilding="0"/>
  </mem-info>
</gc-end>
<cycle-end id="2144" type="partial gc" contextid="2137" timestamp="2019-06-16T00:37:57.976" />
  <attribute name="elasticGC enabled" value="1" />
  <attribute name= "numThreadsSpecified" value="1" />
  <attribute name="heapSize specified" value="0" />
  <attribute name="Current GC Util" value="61" />
  <attribute name= "Current Time Running" value="17024" />
  <attribute name ="GC Interval" value="0" />
  <attribute name="ProportionalT" value="61.500000" />
  <attribute name="ProportionalI" value="61.500000" />
  <attribute name="ProportionalH" value="61.500000" />
  <attribute name="Current Error" value="41.000000" />
  <attribute name="IntegralT" value="0.000000" />
  <attribute name="IntegralI" value="0.000000" />
  <attribute name="IntegralH" value="0.000000" />
  <attribute name="DerivativeT" value="inf" />
  <attribute name="DerivativeI" value="inf" />
  <attribute name="DerivativeH" value="inf" />
  <attribute name="Loop Time for DT" value="0.000000" />
  <attribute name="Output H" value="8388608"/>
  <attribute name="Output I" value="200"/>
  <attribute name="Output T" value="1"/>
  <attribute name="Target GC Util Change" value ="20.000000" />
  <attribute name="Current GC Util Change" value="61.000000"/>
  <attribute name="GC Util currently" value="61" />
  <attribute name="CPU Util currently" value="18534970370049" />
<exclusive-end id="2145" timestamp="2019-06-16T00:37:57.976" durationms="3.635" />

<exclusive-start id="2146" timestamp="2019-06-16T00:37:58.063" intervalms="90.486">
  <response-info timems="0.073" idlems="0.073" threads="0" lastid="0000000001AE6700" lastname="main" />
</exclusive-start>
<allocation-taxation id="2147" taxation-threshold="23068672" timestamp="2019-06-16T00:37:58.063" intervalms="90.524" />
<cycle-start id="2148" type="partial gc" contextid="0" timestamp="2019-06-16T00:37:58.063" intervalms="90.583" />
<gc-start id="2149" type="partial gc" contextid="2148" timestamp="2019-06-16T00:37:58.064">
  <mem-info id="2150" free="6291456" total="63963136" percent="9">
    <mem type="eden" free="1048352" total="24117248" percent="4" />
    <remembered-set count="111040" freebytes="2109056" totalbytes="2553216" percent="82" regionsoverflowed="0" regionsstable="3" regionsrebuilding="0"/>
  </mem-info>
</gc-start>
<allocation-stats totalBytes="23066952" >
  <allocated-bytes non-tlh="0" tlh="23066952" arrayletleaf="0"/>
  <largest-consumer threadName="main" threadId="0000000001AE6700" bytes="23066952" />
</allocation-stats>
<gc-op id="2151" type="copy forward" timems="1.601" contextid="2148" timestamp="2019-06-16T00:37:58.066">
  <memory-copied type="eden" objects="8" bytes="224" bytesdiscarded="0" />
  <memory-copied type="other" objects="8" bytes="208" bytesdiscarded="0" />
  <memory-cardclean objects="42" bytes="1624" />
  <regions eden="22" other="2" />
  <remembered-set-cleared processed="108461" cleared="37" durationms="0.793" />
  <stringconstants candidates="13584" cleared="0"  />
</gc-op>
<gc-op id="2152" type="classunload" timems="0.003" contextid="2148" timestamp="2019-06-16T00:37:58.066">
  <classunload-info classloadercandidates="53" classloadersunloaded="0" classesunloaded="0" anonymousclassesunloaded="0" quiescems="0.000" setupms="0.003" scanms="0.000" postms="0.000" />
</gc-op>
<heap-resize id="2153" type="contract" space="default" amount="4194304" count="1" timems="0.227" reason="insufficient time being spent in gc" timestamp="2019-06-16T00:37:58.067" />
<gc-end id="2154" type="partial gc" contextid="2148" durationms="3.157" usertimems="4.000" systemtimems="0.000" timestamp="2019-06-16T00:37:58.067" activeThreads="1">
  <mem-info id="2155" free="25165824" total="59768832" percent="42">
    <mem type="eden" free="1048352" total="1048576" percent="99" />
    <remembered-set count="111360" freebytes="2107776" totalbytes="2553216" percent="82" regionsoverflowed="0" regionsstable="3" regionsrebuilding="0"/>
  </mem-info>
</gc-end>
<cycle-end id="2156" type="partial gc" contextid="2148" timestamp="2019-06-16T00:37:58.067" />
  <attribute name="elasticGC enabled" value="1" />
  <attribute name= "numThreadsSpecified" value="1" />
  <attribute name="heapSize specified" value="0" />
  <attribute name="Current GC Util" value="61" />
  <attribute name= "Current Time Running" value="17115" />
  <attribute name ="GC Interval" value="0" />
  <attribute name="ProportionalT" value="61.500000" />
  <attribute name="ProportionalI" value="61.500000" />
  <attribute name="ProportionalH" value="61.500000" />
  <attribute name="Current Error" value="41.000000" />
  <attribute name="IntegralT" value="0.000000" />
  <attribute name="IntegralI" value="0.000000" />
  <attribute name="IntegralH" value="0.000000" />
  <attribute name="DerivativeT" value="inf" />
  <attribute name="DerivativeI" value="inf" />
  <attribute name="DerivativeH" value="inf" />
  <attribute name="Loop Time for DT" value="0.000000" />
  <attribute name="Output H" value="8388608"/>
  <attribute name="Output I" value="200"/>
  <attribute name="Output T" value="1"/>
  <attribute name="Target GC Util Change" value ="20.000000" />
  <attribute name="Current GC Util Change" value="61.000000"/>
  <attribute name="GC Util currently" value="61" />
  <attribute name="CPU Util currently" value="18330892669129" />
<exclusive-end id="2157" timestamp="2019-06-16T00:37:58.067" durationms="4.407" />

<exclusive-start id="2158" timestamp="2019-06-16T00:37:58.594" intervalms="531.431">
  <response-info timems="0.034" idlems="0.034" threads="0" lastid="0000000001AE6700" lastname="main" />
</exclusive-start>
<allocation-taxation id="2159" taxation-threshold="22020096" timestamp="2019-06-16T00:37:58.595" intervalms="531.368" />
<cycle-start id="2160" type="partial gc" contextid="0" timestamp="2019-06-16T00:37:58.595" intervalms="531.239" />
<gc-start id="2161" type="partial gc" contextid="2160" timestamp="2019-06-16T00:37:58.595">
  <mem-info id="2162" free="3145728" total="59768832" percent="5">
    <mem type="eden" free="1048352" total="23068672" percent="4" />
    <remembered-set count="111040" freebytes="2109056" totalbytes="2553216" percent="82" regionsoverflowed="0" regionsstable="3" regionsrebuilding="0"/>
  </mem-info>
</gc-start>
<allocation-stats totalBytes="22001976" >
  <allocated-bytes non-tlh="360" tlh="22001616" arrayletleaf="0"/>
  <largest-consumer threadName="main" threadId="0000000001AE6700" bytes="22001976" />
</allocation-stats>
<gc-op id="2163" type="copy forward" timems="7.786" contextid="2160" timestamp="2019-06-16T00:37:58.604">
  <memory-copied type="eden" objects="76" bytes="3352" bytesdiscarded="0" />
  <memory-copied type="other" objects="14" bytes="320" bytesdiscarded="0" />
  <memory-cardclean objects="112233" bytes="3253432" />
  <regions eden="21" other="2" />
  <remembered-set-cleared processed="81760" cleared="14618" durationms="0.785" />
  <references type="weak" candidates="4" cleared="0" enqueued="0" />
  <stringconstants candidates="13590" cleared="0"  />
</gc-op>
<gc-op id="2164" type="classunload" timems="0.006" contextid="2160" timestamp="2019-06-16T00:37:58.604">
  <classunload-info classloadercandidates="53" classloadersunloaded="0" classesunloaded="0" anonymousclassesunloaded="0" quiescems="0.000" setupms="0.006" scanms="0.000" postms="0.000" />
</gc-op>
<heap-resize id="2165" type="contract" space="default" amount="3145728" count="1" timems="0.291" reason="insufficient time being spent in gc" timestamp="2019-06-16T00:37:58.604" />
<gc-end id="2166" type="partial gc" contextid="2160" durationms="9.429" usertimems="20.000" systemtimems="0.000" timestamp="2019-06-16T00:37:58.604" activeThreads="1">
  <mem-info id="2167" free="22020096" total="56623104" percent="38">
    <mem type="eden" free="1045224" total="1048576" percent="99" />
    <remembered-set count="87552" freebytes="2035584" totalbytes="2385792" percent="85" regionsoverflowed="0" regionsstable="3" regionsrebuilding="0"/>
  </mem-info>
</gc-end>
<cycle-end id="2168" type="partial gc" contextid="2160" timestamp="2019-06-16T00:37:58.605" />
  <attribute name="elasticGC enabled" value="1" />
  <attribute name= "numThreadsSpecified" value="1" />
  <attribute name="heapSize specified" value="0" />
  <attribute name="Current GC Util" value="72" />
  <attribute name= "Current Time Running" value="17646" />
  <attribute name ="GC Interval" value="0" />
  <attribute name="ProportionalT" value="78.000000" />
  <attribute name="ProportionalI" value="78.000000" />
  <attribute name="ProportionalH" value="78.000000" />
  <attribute name="Current Error" value="52.000000" />
  <attribute name="IntegralT" value="0.000000" />
  <attribute name="IntegralI" value="0.000000" />
  <attribute name="IntegralH" value="0.000000" />
  <attribute name="DerivativeT" value="inf" />
  <attribute name="DerivativeI" value="inf" />
  <attribute name="DerivativeH" value="inf" />
  <attribute name="Loop Time for DT" value="0.000000" />
  <attribute name="Output H" value="8388608"/>
  <attribute name="Output I" value="200"/>
  <attribute name="Output T" value="1"/>
  <attribute name="Target GC Util Change" value ="20.000000" />
  <attribute name="Current GC Util Change" value="72.000000"/>
  <attribute name="GC Util currently" value="72" />
  <attribute name="CPU Util currently" value="10058202786514" />
<exclusive-end id="2169" timestamp="2019-06-16T00:37:58.605" durationms="10.386" />

<exclusive-start id="2170" timestamp="2019-06-16T00:37:58.632" intervalms="37.407">
  <response-info timems="0.212" idlems="0.212" threads="0" lastid="0000000001AE6700" lastname="main" />
</exclusive-start>
<allocation-taxation id="2171" taxation-threshold="10485760" timestamp="2019-06-16T00:37:58.632" intervalms="37.453" />
<cycle-start id="2172" type="global mark phase" contextid="0" timestamp="2019-06-16T00:37:58.632" intervalms="1005.922" />
<gc-start id="2173" type="global mark phase" contextid="2172" timestamp="2019-06-16T00:37:58.632">
  <mem-info id="2174" free="11534336" total="56623104" percent="20">
    <remembered-set count="87104" freebytes="2037376" totalbytes="2385792" percent="85" regionsoverflowed="0" regionsstable="3" regionsrebuilding="0"/>
  </mem-info>
</gc-start>
<gc-op id="2175" type="mark increment" timems="1.343" contextid="2172" timestamp="2019-06-16T00:37:58.634">
  <trace-info objectcount="10111" scancount="2215" scanbytes="112980" />
</gc-op>
<gc-end id="2176" type="global mark phase" contextid="2172" durationms="1.555" usertimems="4.000" systemtimems="0.000" timestamp="2019-06-16T00:37:58.634" activeThreads="4">
  <mem-info id="2177" free="11534336" total="56623104" percent="20">
    <remembered-set count="87104" freebytes="2037376" totalbytes="2385792" percent="85" regionsoverflowed="0" regionsstable="0" regionsrebuilding="3"/>
  </mem-info>
</gc-end>
<concurrent-start id="2178" type="GMP work packet processing" contextid="2172" timestamp="2019-06-16T00:37:58.634">
  <concurrent-mark-start scanTarget="1575076" />
</concurrent-start>
<exclusive-end id="2179" timestamp="2019-06-16T00:37:58.635" durationms="3.333" />

<concurrent-end id="2180" type="GMP work packet processing" contextid="2172" timestamp="2019-06-16T00:37:58.635">
  <concurrent-mark-end bytesScanned="1634368" reasonForTermination="Work target met" />
</concurrent-end>

<exclusive-start id="2181" timestamp="2019-06-16T00:37:58.660" intervalms="28.635">
  <response-info timems="0.138" idlems="0.138" threads="0" lastid="0000000001AE6700" lastname="main" />
</exclusive-start>
<allocation-taxation id="2182" taxation-threshold="10485760" timestamp="2019-06-16T00:37:58.661" intervalms="28.576" />
<cycle-start id="2183" type="partial gc" contextid="0" timestamp="2019-06-16T00:37:58.661" intervalms="66.026" />
<gc-start id="2184" type="partial gc" contextid="2183" timestamp="2019-06-16T00:37:58.661">
  <mem-info id="2185" free="1048576" total="56623104" percent="1">
    <mem type="eden" free="0" total="20971520" percent="0" />
    <remembered-set count="87136" freebytes="2037248" totalbytes="2385792" percent="85" regionsoverflowed="0" regionsstable="0" regionsrebuilding="3"/>
  </mem-info>
</gc-start>
<allocation-stats totalBytes="20956128" >
  <allocated-bytes non-tlh="0" tlh="20956128" arrayletleaf="0"/>
  <largest-consumer threadName="main" threadId="0000000001AE6700" bytes="10478336" />
</allocation-stats>
<gc-op id="2186" type="copy forward" timems="5.046" contextid="2183" timestamp="2019-06-16T00:37:58.667">
  <memory-copied type="eden" objects="3" bytes="584" bytesdiscarded="208" />
  <memory-copied type="other" objects="17347" bytes="807240" bytesdiscarded="85336" />
  <memory-cardclean objects="188142" bytes="5437304" />
  <regions eden="20" other="4" />
  <remembered-set-cleared processed="49753" cleared="14764" durationms="0.301" />
  <finalization candidates="13" enqueued="0" />
  <references type="soft" candidates="69" cleared="0" enqueued="0" dynamicThreshold="6" maxThreshold="32" />
  <references type="weak" candidates="285" cleared="0" enqueued="0" />
  <references type="phantom" candidates="55" cleared="0" enqueued="0" />
  <stringconstants candidates="13590" cleared="0"  />
  <heap-resize type="expand" space="default" amount="2097152" count="2" timems="0.147" reason="continue current collection" />
</gc-op>
<gc-op id="2187" type="classunload" timems="0.006" contextid="2183" timestamp="2019-06-16T00:37:58.667">
  <classunload-info classloadercandidates="53" classloadersunloaded="0" classesunloaded="0" anonymousclassesunloaded="0" quiescems="0.000" setupms="0.006" scanms="0.000" postms="0.000" />
</gc-op>
<heap-resize id="2188" type="contract" space="default" amount="3145728" count="1" timems="0.178" reason="insufficient time being spent in gc" timestamp="2019-06-16T00:37:58.668" />
<gc-end id="2189" type="partial gc" contextid="2183" durationms="6.644" usertimems="8.000" systemtimems="8.000" timestamp="2019-06-16T00:37:58.668" activeThreads="4">
  <mem-info id="2190" free="22020096" total="55574528" percent="39">
    <mem type="eden" free="1047784" total="1048576" percent="99" />
    <remembered-set count="65088" freebytes="2083584" totalbytes="2343936" percent="88" regionsoverflowed="0" regionsstable="0" regionsrebuilding="3"/>
  </mem-info>
</gc-end>
<cycle-end id="2191" type="partial gc" contextid="2183" timestamp="2019-06-16T00:37:58.668" />
  <attribute name="elasticGC enabled" value="1" />
  <attribute name= "numThreadsSpecified" value="4" />
  <attribute name="heapSize specified" value="0" />
  <attribute name="Current GC Util" value="72" />
  <attribute name= "Current Time Running" value="17713" />
  <attribute name ="GC Interval" value="0" />
  <attribute name="ProportionalT" value="78.000000" />
  <attribute name="ProportionalI" value="78.000000" />
  <attribute name="ProportionalH" value="78.000000" />
  <attribute name="Current Error" value="52.000000" />
  <attribute name="IntegralT" value="52.000000" />
  <attribute name="IntegralI" value="52.000000" />
  <attribute name="IntegralH" value="52.000000" />
  <attribute name="DerivativeT" value="26.000000" />
  <attribute name="DerivativeI" value="26.000000" />
  <attribute name="DerivativeH" value="26.000000" />
  <attribute name="Loop Time for DT" value="1.000000" />
  <attribute name="Output H" value="8388608"/>
  <attribute name="Output I" value="200"/>
  <attribute name="Output T" value="4"/>
  <attribute name="Target GC Util Change" value ="20.000000" />
  <attribute name="Current GC Util Change" value="72.000000"/>
  <attribute name="GC Util currently" value="72" />
  <attribute name="CPU Util currently" value="8562294333546" />
<exclusive-end id="2192" timestamp="2019-06-16T00:37:58.668" durationms="7.793" />

<exclusive-start id="2193" timestamp="2019-06-16T00:37:58.694" intervalms="33.275">
  <response-info timems="0.078" idlems="0.078" threads="0" lastid="0000000001AE6700" lastname="main" />
</exclusive-start>
<allocation-taxation id="2194" taxation-threshold="10485760" timestamp="2019-06-16T00:37:58.694" intervalms="33.360" />
<gc-start id="2195" type="global mark phase" contextid="2172" timestamp="2019-06-16T00:37:58.694">
  <mem-info id="2196" free="11534336" total="55574528" percent="20">
    <remembered-set count="10944" freebytes="2300160" totalbytes="2343936" percent="98" regionsoverflowed="0" regionsstable="13" regionsrebuilding="3"/>
  </mem-info>
</gc-start>
<gc-end id="2197" type="global mark phase" contextid="2172" durationms="0.141" usertimems="0.000" systemtimems="0.000" timestamp="2019-06-16T00:37:58.694" activeThreads="4">
  <mem-info id="2198" free="11534336" total="55574528" percent="20">
    <remembered-set count="10944" freebytes="2300160" totalbytes="2343936" percent="98" regionsoverflowed="0" regionsstable="13" regionsrebuilding="3"/>
  </mem-info>
</gc-end>
<concurrent-start id="2199" type="GMP work packet processing" contextid="2172" timestamp="2019-06-16T00:37:58.694">
  <concurrent-mark-start scanTarget="1575076" />
</concurrent-start>
<exclusive-end id="2200" timestamp="2019-06-16T00:37:58.695" durationms="1.710" />

<concurrent-end id="2201" type="GMP work packet processing" contextid="2172" timestamp="2019-06-16T00:37:58.696">
  <concurrent-mark-end bytesScanned="1616760" reasonForTermination="Work target met" />
</concurrent-end>

<exclusive-start id="2202" timestamp="2019-06-16T00:37:58.721" intervalms="27.101">
  <response-info timems="0.080" idlems="0.080" threads="0" lastid="0000000001AE6700" lastname="main" />
</exclusive-start>
<allocation-taxation id="2203" taxation-threshold="10485760" timestamp="2019-06-16T00:37:58.721" intervalms="27.055" />
<cycle-start id="2204" type="partial gc" contextid="0" timestamp="2019-06-16T00:37:58.721" intervalms="60.497" />
<gc-start id="2205" type="partial gc" contextid="2204" timestamp="2019-06-16T00:37:58.722">
  <mem-info id="2206" free="1048576" total="55574528" percent="1">
    <mem type="eden" free="1047784" total="22020096" percent="4" />
    <remembered-set count="10976" freebytes="2300032" totalbytes="2343936" percent="98" regionsoverflowed="0" regionsstable="13" regionsrebuilding="3"/>
  </mem-info>
</gc-start>
<allocation-stats totalBytes="20955608" >
  <allocated-bytes non-tlh="0" tlh="20955608" arrayletleaf="0"/>
  <largest-consumer threadName="main" threadId="0000000001AE6700" bytes="10478336" />
</allocation-stats>
<gc-op id="2207" type="copy forward" timems="2.744" contextid="2204" timestamp="2019-06-16T00:37:58.725">
  <memory-copied type="eden" objects="2" bytes="56" bytesdiscarded="0" />
  <memory-copied type="other" objects="7" bytes="160" bytesdiscarded="0" />
  <memory-cardclean objects="21367" bytes="642848" />
  <regions eden="20" other="2" />
  <remembered-set-cleared processed="7870" cleared="42" durationms="0.179" />
  <stringconstants candidates="13590" cleared="0"  />
  <heap-resize type="expand" space="default" amount="1048576" count="1" timems="0.060" reason="continue current collection" />
</gc-op>
<gc-op id="2208" type="classunload" timems="0.008" contextid="2204" timestamp="2019-06-16T00:37:58.725">
  <classunload-info classloadercandidates="53" classloadersunloaded="0" classesunloaded="0" anonymousclassesunloaded="0" quiescems="0.000" setupms="0.008" scanms="0.000" postms="0.000" />
</gc-op>
<gc-end id="2209" type="partial gc" contextid="2204" durationms="4.052" usertimems="8.000" systemtimems="0.000" timestamp="2019-06-16T00:37:58.726" activeThreads="1">
  <mem-info id="2210" free="23068672" total="56623104" percent="40">
    <mem type="eden" free="1048520" total="1048576" percent="99" />
    <remembered-set count="10176" freebytes="2219520" totalbytes="2260224" percent="98" regionsoverflowed="0" regionsstable="13" regionsrebuilding="3"/>
  </mem-info>
</gc-end>
<cycle-end id="2211" type="partial gc" contextid="2204" timestamp="2019-06-16T00:37:58.726" />
  <attribute name="elasticGC enabled" value="1" />
  <attribute name= "numThreadsSpecified" value="1" />
  <attribute name="heapSize specified" value="0" />
  <attribute name="Current GC Util" value="36" />
  <attribute name= "Current Time Running" value="17773" />
  <attribute name ="GC Interval" value="0" />
  <attribute name="ProportionalT" value="24.000000" />
  <attribute name="ProportionalI" value="24.000000" />
  <attribute name="ProportionalH" value="24.000000" />
  <attribute name="Current Error" value="16.000000" />
  <attribute name="IntegralT" value="0.000000" />
  <attribute name="IntegralI" value="0.000000" />
  <attribute name="IntegralH" value="0.000000" />
  <attribute name="DerivativeT" value="inf" />
  <attribute name="DerivativeI" value="inf" />
  <attribute name="DerivativeH" value="inf" />
  <attribute name="Loop Time for DT" value="0.000000" />
  <attribute name="Output H" value="8388608"/>
  <attribute name="Output I" value="200"/>
  <attribute name="Output T" value="1"/>
  <attribute name="Target GC Util Change" value ="20.000000" />
  <attribute name="Current GC Util Change" value="36.000000"/>
  <attribute name="GC Util currently" value="36" />
  <attribute name="CPU Util currently" value="10748122042692" />
<exclusive-end id="2212" timestamp="2019-06-16T00:37:58.726" durationms="5.176" />

<exclusive-start id="2213" timestamp="2019-06-16T00:37:58.752" intervalms="30.974">
  <response-info timems="0.079" idlems="0.079" threads="0" lastid="0000000001AE6700" lastname="main" />
</exclusive-start>
<allocation-taxation id="2214" taxation-threshold="10485760" timestamp="2019-06-16T00:37:58.752" intervalms="31.016" />
<gc-start id="2215" type="global mark phase" contextid="2172" timestamp="2019-06-16T00:37:58.752">
  <mem-info id="2216" free="12582912" total="56623104" percent="22">
    <remembered-set count="10144" freebytes="2219648" totalbytes="2260224" percent="98" regionsoverflowed="0" regionsstable="13" regionsrebuilding="3"/>
  </mem-info>
</gc-start>
<gc-end id="2217" type="global mark phase" contextid="2172" durationms="0.119" usertimems="0.000" systemtimems="0.000" timestamp="2019-06-16T00:37:58.752" activeThreads="1">
  <mem-info id="2218" free="12582912" total="56623104" percent="22">
    <remembered-set count="10144" freebytes="2219648" totalbytes="2260224" percent="98" regionsoverflowed="0" regionsstable="13" regionsrebuilding="3"/>
  </mem-info>
</gc-end>
<concurrent-start id="2219" type="GMP work packet processing" contextid="2172" timestamp="2019-06-16T00:37:58.752">
  <concurrent-mark-start scanTarget="5512766" />
</concurrent-start>
<concurrent-end id="2220" type="GMP work packet processing" contextid="2172" timestamp="2019-06-16T00:37:58.755">
  <concurrent-mark-end bytesScanned="5546828" reasonForTermination="Work target met" />
</concurrent-end>

<exclusive-end id="2221" timestamp="2019-06-16T00:37:58.755" durationms="3.112" />

<exclusive-start id="2222" timestamp="2019-06-16T00:37:58.881" intervalms="128.747">
  <response-info timems="0.064" idlems="0.064" threads="0" lastid="0000000001AE6700" lastname="main" />
</exclusive-start>
<allocation-taxation id="2223" taxation-threshold="10485760" timestamp="2019-06-16T00:37:58.881" intervalms="128.683" />
<cycle-start id="2224" type="partial gc" contextid="0" timestamp="2019-06-16T00:37:58.881" intervalms="159.711" />
<gc-start id="2225" type="partial gc" contextid="2224" timestamp="2019-06-16T00:37:58.881">
  <mem-info id="2226" free="2097152" total="56623104" percent="3">
    <mem type="eden" free="1048520" total="22020096" percent="4" />
    <remembered-set count="11936" freebytes="2212480" totalbytes="2260224" percent="97" regionsoverflowed="0" regionsstable="13" regionsrebuilding="3"/>
  </mem-info>
</gc-start>
<allocation-stats totalBytes="20960752" >
  <allocated-bytes non-tlh="0" tlh="20960752" arrayletleaf="0"/>
  <largest-consumer threadName="main" threadId="0000000001AE6700" bytes="10483032" />
</allocation-stats>
<gc-op id="2227" type="copy forward" timems="1.582" contextid="2224" timestamp="2019-06-16T00:37:58.884">
  <memory-copied type="eden" objects="41" bytes="1248" bytesdiscarded="1016" />
  <memory-copied type="other" objects="7" bytes="160" bytesdiscarded="0" />
  <memory-cardclean objects="100" bytes="12000" />
  <regions eden="20" other="2" />
  <remembered-set-cleared processed="10175" cleared="26" durationms="0.143" />
  <references type="weak" candidates="14" cleared="0" enqueued="0" />
  <stringconstants candidates="13590" cleared="0"  />
</gc-op>
<gc-op id="2228" type="classunload" timems="0.005" contextid="2224" timestamp="2019-06-16T00:37:58.884">
  <classunload-info classloadercandidates="53" classloadersunloaded="0" classesunloaded="0" anonymousclassesunloaded="0" quiescems="0.000" setupms="0.005" scanms="0.000" postms="0.000" />
</gc-op>
<heap-resize id="2229" type="contract" space="default" amount="3145728" count="1" timems="0.194" reason="insufficient time being spent in gc" timestamp="2019-06-16T00:37:58.884" />
<gc-end id="2230" type="partial gc" contextid="2224" durationms="2.902" usertimems="4.000" systemtimems="0.000" timestamp="2019-06-16T00:37:58.884" activeThreads="4">
  <mem-info id="2231" free="19922944" total="53477376" percent="37">
    <mem type="eden" free="1046312" total="1048576" percent="99" />
    <remembered-set count="12832" freebytes="2208896" totalbytes="2260224" percent="97" regionsoverflowed="0" regionsstable="13" regionsrebuilding="3"/>
  </mem-info>
</gc-end>
<cycle-end id="2232" type="partial gc" contextid="2224" timestamp="2019-06-16T00:37:58.884" />
  <attribute name="elasticGC enabled" value="1" />
  <attribute name= "numThreadsSpecified" value="4" />
  <attribute name="heapSize specified" value="0" />
  <attribute name="Current GC Util" value="68" />
  <attribute name= "Current Time Running" value="17933" />
  <attribute name ="GC Interval" value="0" />
  <attribute name="ProportionalT" value="72.000000" />
  <attribute name="ProportionalI" value="72.000000" />
  <attribute name="ProportionalH" value="72.000000" />
  <attribute name="Current Error" value="48.000000" />
  <attribute name="IntegralT" value="48.000000" />
  <attribute name="IntegralI" value="48.000000" />
  <attribute name="IntegralH" value="48.000000" />
  <attribute name="DerivativeT" value="24.000000" />
  <attribute name="DerivativeI" value="24.000000" />
  <attribute name="DerivativeH" value="24.000000" />
  <attribute name="Loop Time for DT" value="1.000000" />
  <attribute name="Output H" value="8388608"/>
  <attribute name="Output I" value="200"/>
  <attribute name="Output T" value="4"/>
  <attribute name="Target GC Util Change" value ="20.000000" />
  <attribute name="Current GC Util Change" value="68.000000"/>
  <attribute name="GC Util currently" value="68" />
  <attribute name="CPU Util currently" value="17471419389813" />
<exclusive-end id="2233" timestamp="2019-06-16T00:37:58.885" durationms="4.085" />

<exclusive-start id="2234" timestamp="2019-06-16T00:37:58.942" intervalms="61.858">
  <response-info timems="0.087" idlems="0.087" threads="0" lastid="0000000001AE6700" lastname="main" />
</exclusive-start>
<allocation-taxation id="2235" taxation-threshold="9437184" timestamp="2019-06-16T00:37:58.943" intervalms="61.908" />
<gc-start id="2236" type="global mark phase" contextid="2172" timestamp="2019-06-16T00:37:58.943">
  <mem-info id="2237" free="10485760" total="53477376" percent="19">
    <remembered-set count="12352" freebytes="2210816" totalbytes="2260224" percent="97" regionsoverflowed="0" regionsstable="13" regionsrebuilding="3"/>
  </mem-info>
</gc-start>
<gc-end id="2238" type="global mark phase" contextid="2172" durationms="0.113" usertimems="0.000" systemtimems="0.000" timestamp="2019-06-16T00:37:58.943" activeThreads="4">
  <mem-info id="2239" free="10485760" total="53477376" percent="19">
    <remembered-set count="12352" freebytes="2210816" totalbytes="2260224" percent="97" regionsoverflowed="0" regionsstable="13" regionsrebuilding="3"/>
  </mem-info>
</gc-end>
<concurrent-start id="2240" type="GMP work packet processing" contextid="2172" timestamp="2019-06-16T00:37:58.943">
  <concurrent-mark-start scanTarget="1575076" />
</concurrent-start>
<concurrent-end id="2241" type="GMP work packet processing" contextid="2172" timestamp="2019-06-16T00:37:58.944">
  <concurrent-mark-end bytesScanned="1616024" reasonForTermination="Work target met" />
</concurrent-end>

<exclusive-end id="2242" timestamp="2019-06-16T00:37:58.944" durationms="1.614" />

<exclusive-start id="2243" timestamp="2019-06-16T00:37:58.983" intervalms="41.028">
  <response-info timems="0.145" idlems="0.145" threads="0" lastid="0000000001AE6700" lastname="main" />
</exclusive-start>
<allocation-taxation id="2244" taxation-threshold="9437184" timestamp="2019-06-16T00:37:58.984" intervalms="41.040" />
<cycle-start id="2245" type="partial gc" contextid="0" timestamp="2019-06-16T00:37:58.984" intervalms="102.963" />
<gc-start id="2246" type="partial gc" contextid="2245" timestamp="2019-06-16T00:37:58.984">
  <mem-info id="2247" free="1048576" total="53477376" percent="1">
    <mem type="eden" free="0" total="18874368" percent="0" />
    <remembered-set count="13024" freebytes="2208128" totalbytes="2260224" percent="97" regionsoverflowed="0" regionsstable="13" regionsrebuilding="3"/>
  </mem-info>
</gc-start>
<allocation-stats totalBytes="18870912" >
  <allocated-bytes non-tlh="0" tlh="18870912" arrayletleaf="0"/>
  <largest-consumer threadName="main" threadId="0000000001AE6700" bytes="9434816" />
</allocation-stats>
<gc-op id="2248" type="copy forward" timems="2.909" contextid="2245" timestamp="2019-06-16T00:37:58.988">
  <memory-copied type="eden" objects="23" bytes="1256" bytesdiscarded="0" />
  <memory-copied type="other" objects="39335" bytes="851088" bytesdiscarded="24160" />
  <memory-cardclean objects="37507" bytes="1427616" />
  <regions eden="18" other="4" />
  <remembered-set-cleared processed="6520" cleared="791" durationms="0.103" />
  <references type="soft" candidates="69" cleared="0" enqueued="0" dynamicThreshold="6" maxThreshold="32" />
  <references type="weak" candidates="274" cleared="0" enqueued="0" />
  <references type="phantom" candidates="55" cleared="0" enqueued="0" />
  <stringconstants candidates="13590" cleared="0"  />
  <heap-resize type="expand" space="default" amount="3145728" count="3" timems="0.192" reason="continue current collection" />
</gc-op>
<gc-op id="2249" type="classunload" timems="0.005" contextid="2245" timestamp="2019-06-16T00:37:58.988">
  <classunload-info classloadercandidates="53" classloadersunloaded="0" classesunloaded="0" anonymousclassesunloaded="0" quiescems="0.000" setupms="0.005" scanms="0.000" postms="0.000" />
</gc-op>
<heap-resize id="2250" type="contract" space="default" amount="3145728" count="1" timems="0.224" reason="insufficient time being spent in gc" timestamp="2019-06-16T00:37:58.989" />
<gc-end id="2251" type="partial gc" contextid="2245" durationms="4.467" usertimems="8.000" systemtimems="4.000" timestamp="2019-06-16T00:37:58.989" activeThreads="4">
  <mem-info id="2252" free="19922944" total="53477376" percent="37">
    <mem type="eden" free="1047320" total="1048576" percent="99" />
    <remembered-set count="11648" freebytes="2213632" totalbytes="2260224" percent="97" regionsoverflowed="0" regionsstable="13" regionsrebuilding="3"/>
  </mem-info>
</gc-end>
<cycle-end id="2253" type="partial gc" contextid="2245" timestamp="2019-06-16T00:37:58.989" />
  <attribute name="elasticGC enabled" value="1" />
  <attribute name= "numThreadsSpecified" value="4" />
  <attribute name="heapSize specified" value="0" />
  <attribute name="Current GC Util" value="38" />
  <attribute name= "Current Time Running" value="18036" />
  <attribute name ="GC Interval" value="0" />
  <attribute name="ProportionalT" value="27.000000" />
  <attribute name="ProportionalI" value="27.000000" />
  <attribute name="ProportionalH" value="27.000000" />
  <attribute name="Current Error" value="18.000000" />
  <attribute name="IntegralT" value="18.000000" />
  <attribute name="IntegralI" value="18.000000" />
  <attribute name="IntegralH" value="18.000000" />
  <attribute name="DerivativeT" value="9.000000" />
  <attribute name="DerivativeI" value="9.000000" />
  <attribute name="DerivativeH" value="9.000000" />
  <attribute name="Loop Time for DT" value="1.000000" />
  <attribute name="Output H" value="8388608"/>
  <attribute name="Output I" value="200"/>
  <attribute name="Output T" value="4"/>
  <attribute name="Target GC Util Change" value ="20.000000" />
  <attribute name="Current GC Util Change" value="38.000000"/>
  <attribute name="GC Util currently" value="38" />
  <attribute name="CPU Util currently" value="10958808935628" />
<exclusive-end id="2254" timestamp="2019-06-16T00:37:58.989" durationms="5.708" />

<exclusive-start id="2255" timestamp="2019-06-16T00:37:58.996" intervalms="12.771">
  <response-info timems="0.057" idlems="0.057" threads="0" lastid="0000000001AE6700" lastname="main" />
</exclusive-start>
<allocation-taxation id="2256" taxation-threshold="9437184" timestamp="2019-06-16T00:37:58.996" intervalms="12.697" />
<gc-start id="2257" type="global mark phase" contextid="2172" timestamp="2019-06-16T00:37:58.997">
  <mem-info id="2258" free="10485760" total="53477376" percent="19">
    <remembered-set count="11584" freebytes="2213888" totalbytes="2260224" percent="97" regionsoverflowed="0" regionsstable="13" regionsrebuilding="3"/>
  </mem-info>
</gc-start>
<gc-end id="2259" type="global mark phase" contextid="2172" durationms="0.132" usertimems="0.000" systemtimems="0.000" timestamp="2019-06-16T00:37:58.997" activeThreads="4">
  <mem-info id="2260" free="10485760" total="53477376" percent="19">
    <remembered-set count="11584" freebytes="2213888" totalbytes="2260224" percent="97" regionsoverflowed="0" regionsstable="13" regionsrebuilding="3"/>
  </mem-info>
</gc-end>
<concurrent-start id="2261" type="GMP work packet processing" contextid="2172" timestamp="2019-06-16T00:37:58.997">
  <concurrent-mark-start scanTarget="1575076" />
</concurrent-start>
<exclusive-end id="2262" timestamp="2019-06-16T00:37:58.997" durationms="0.737" />

<concurrent-end id="2263" type="GMP work packet processing" contextid="2172" timestamp="2019-06-16T00:37:58.998">
  <concurrent-mark-end bytesScanned="1634752" reasonForTermination="Work target met" />
</concurrent-end>

<exclusive-start id="2264" timestamp="2019-06-16T00:37:59.005" intervalms="8.559">
  <response-info timems="0.103" idlems="0.103" threads="0" lastid="0000000001AE6700" lastname="main" />
</exclusive-start>
<allocation-taxation id="2265" taxation-threshold="9437184" timestamp="2019-06-16T00:37:59.005" intervalms="8.531" />
<cycle-start id="2266" type="partial gc" contextid="0" timestamp="2019-06-16T00:37:59.005" intervalms="21.142" />
<gc-start id="2267" type="partial gc" contextid="2266" timestamp="2019-06-16T00:37:59.005">
  <mem-info id="2268" free="1048576" total="53477376" percent="1">
    <mem type="eden" free="0" total="18874368" percent="0" />
    <remembered-set count="12608" freebytes="2209792" totalbytes="2260224" percent="97" regionsoverflowed="0" regionsstable="13" regionsrebuilding="3"/>
  </mem-info>
</gc-start>
<allocation-stats totalBytes="18849720" >
  <allocated-bytes non-tlh="0" tlh="18849720" arrayletleaf="0"/>
  <largest-consumer threadName="main" threadId="0000000001AE6700" bytes="9420360" />
</allocation-stats>
<gc-op id="2269" type="copy forward" timems="1.616" contextid="2266" timestamp="2019-06-16T00:37:59.008">
  <memory-copied type="eden" objects="3" bytes="72" bytesdiscarded="0" />
  <memory-copied type="other" objects="25" bytes="5312" bytesdiscarded="0" />
  <memory-cardclean objects="573" bytes="10704" />
  <regions eden="18" other="2" />
  <remembered-set-cleared processed="11026" cleared="12" durationms="0.127" />
  <stringconstants candidates="13590" cleared="0"  />
  <heap-resize type="expand" space="default" amount="2097152" count="2" timems="0.118" reason="continue current collection" />
</gc-op>
<gc-op id="2270" type="classunload" timems="0.004" contextid="2266" timestamp="2019-06-16T00:37:59.008">
  <classunload-info classloadercandidates="53" classloadersunloaded="0" classesunloaded="0" anonymousclassesunloaded="0" quiescems="0.000" setupms="0.004" scanms="0.000" postms="0.000" />
</gc-op>
<gc-end id="2271" type="partial gc" contextid="2266" durationms="2.685" usertimems="0.000" systemtimems="8.000" timestamp="2019-06-16T00:37:59.008" activeThreads="4">
  <mem-info id="2272" free="20971520" total="55574528" percent="37">
    <mem type="eden" free="1048504" total="1048576" percent="99" />
    <remembered-set count="13792" freebytes="2163200" totalbytes="2218368" percent="97" regionsoverflowed="0" regionsstable="13" regionsrebuilding="3"/>
  </mem-info>
</gc-end>
<cycle-end id="2273" type="partial gc" contextid="2266" timestamp="2019-06-16T00:37:59.008" />
  <attribute name="elasticGC enabled" value="1" />
  <attribute name= "numThreadsSpecified" value="4" />
  <attribute name="heapSize specified" value="0" />
  <attribute name="Current GC Util" value="37" />
  <attribute name= "Current Time Running" value="18057" />
  <attribute name ="GC Interval" value="0" />
  <attribute name="ProportionalT" value="25.500000" />
  <attribute name="ProportionalI" value="25.500000" />
  <attribute name="ProportionalH" value="25.500000" />
  <attribute name="Current Error" value="17.000000" />
  <attribute name="IntegralT" value="17.000000" />
  <attribute name="IntegralI" value="17.000000" />
  <attribute name="IntegralH" value="17.000000" />
  <attribute name="DerivativeT" value="7.000000" />
  <attribute name="DerivativeI" value="7.000000" />
  <attribute name="DerivativeH" value="7.000000" />
  <attribute name="Loop Time for DT" value="1.000000" />
  <attribute name="Output H" value="8388608"/>
  <attribute name="Output I" value="200"/>
  <attribute name="Output T" value="4"/>
  <attribute name="Target GC Util Change" value ="20.000000" />
  <attribute name="Current GC Util Change" value="37.000000"/>
  <attribute name="GC Util currently" value="37" />
  <attribute name="CPU Util currently" value="11795709506981" />
<exclusive-end id="2274" timestamp="2019-06-16T00:37:59.008" durationms="3.460" />

<exclusive-start id="2275" timestamp="2019-06-16T00:37:59.016" intervalms="10.738">
  <response-info timems="0.110" idlems="0.110" threads="0" lastid="0000000001AE6700" lastname="main" />
</exclusive-start>
<allocation-taxation id="2276" taxation-threshold="10485760" timestamp="2019-06-16T00:37:59.016" intervalms="10.779" />
<gc-start id="2277" type="global mark phase" contextid="2172" timestamp="2019-06-16T00:37:59.016">
  <mem-info id="2278" free="10485760" total="55574528" percent="18">
    <remembered-set count="13312" freebytes="2165120" totalbytes="2218368" percent="97" regionsoverflowed="0" regionsstable="13" regionsrebuilding="3"/>
  </mem-info>
</gc-start>
<gc-end id="2279" type="global mark phase" contextid="2172" durationms="0.150" usertimems="0.000" systemtimems="0.000" timestamp="2019-06-16T00:37:59.016" activeThreads="4">
  <mem-info id="2280" free="10485760" total="55574528" percent="18">
    <remembered-set count="13312" freebytes="2165120" totalbytes="2218368" percent="97" regionsoverflowed="0" regionsstable="13" regionsrebuilding="3"/>
  </mem-info>
</gc-end>
<concurrent-start id="2281" type="GMP work packet processing" contextid="2172" timestamp="2019-06-16T00:37:59.016">
  <concurrent-mark-start scanTarget="18446744073709551615" />
</concurrent-start>
<concurrent-end id="2282" type="GMP work packet processing" contextid="2172" timestamp="2019-06-16T00:37:59.017">
  <concurrent-mark-end bytesScanned="1213500" reasonForTermination="Completed all work in GC phase" />
</concurrent-end>

<exclusive-end id="2283" timestamp="2019-06-16T00:37:59.017" durationms="1.430" />

<exclusive-start id="2284" timestamp="2019-06-16T00:37:59.024" intervalms="8.050">
  <response-info timems="0.088" idlems="0.088" threads="0" lastid="0000000001AE6700" lastname="main" />
</exclusive-start>
<allocation-taxation id="2285" taxation-threshold="10485760" timestamp="2019-06-16T00:37:59.024" intervalms="8.042" />
<cycle-start id="2286" type="partial gc" contextid="0" timestamp="2019-06-16T00:37:59.024" intervalms="18.898" />
<gc-start id="2287" type="partial gc" contextid="2286" timestamp="2019-06-16T00:37:59.024">
  <mem-info id="2288" free="0" total="55574528" percent="0">
    <mem type="eden" free="1048504" total="22020096" percent="4" />
    <remembered-set count="13472" freebytes="2164480" totalbytes="2218368" percent="97" regionsoverflowed="0" regionsstable="13" regionsrebuilding="3"/>
  </mem-info>
</gc-start>
<allocation-stats totalBytes="20934760" >
  <allocated-bytes non-tlh="0" tlh="20934760" arrayletleaf="0"/>
  <largest-consumer threadName="main" threadId="0000000001AE6700" bytes="10466848" />
</allocation-stats>
<gc-op id="2289" type="mark" timems="1.048" contextid="2286" timestamp="2019-06-16T00:37:59.026">
  <trace-info objectcount="2" scancount="2" scanbytes="40" />
  <cardclean-info objects="11" bytes="404" />
  <remembered-set-cleared processed="11659" cleared="1" durationms="0.194" />
  <stringconstants candidates="13590" cleared="0"  />
  <warning details="Mark invoked due to insufficient free space for Copy-Forward" />
</gc-op>
<gc-op id="2290" type="classunload" timems="0.004" contextid="2286" timestamp="2019-06-16T00:37:59.026">
  <classunload-info classloadercandidates="53" classloadersunloaded="0" classesunloaded="0" anonymousclassesunloaded="0" quiescems="0.000" setupms="0.004" scanms="0.000" postms="0.000" />
</gc-op>
<gc-op id="2291" type="sweep" timems="0.447" contextid="2286" timestamp="2019-06-16T00:37:59.027" />
<gc-op id="2292" type="compact" timems="1.160" contextid="2286" timestamp="2019-06-16T00:37:59.028">
  <compact-info movecount="2" movebytes="40" />
  <remembered-set-cleared processed="23317" cleared="1" durationms="0.194" />
</gc-op>
<heap-resize id="2293" type="expand" space="default" amount="10485760" count="1" timems="0.079" reason="excessive time being spent in gc" timestamp="2019-06-16T00:37:59.028" />
<gc-end id="2294" type="partial gc" contextid="2286" durationms="4.316" usertimems="8.000" systemtimems="0.000" timestamp="2019-06-16T00:37:59.029" activeThreads="1">
  <mem-info id="2295" free="31457280" total="66060288" percent="47">
    <mem type="eden" free="1048536" total="1048576" percent="99" />
    <remembered-set count="13952" freebytes="2581120" totalbytes="2636928" percent="97" regionsoverflowed="0" regionsstable="13" regionsrebuilding="3"/>
  </mem-info>
</gc-end>
<cycle-end id="2296" type="partial gc" contextid="2286" timestamp="2019-06-16T00:37:59.029" />
  <attribute name="elasticGC enabled" value="1" />
  <attribute name= "numThreadsSpecified" value="1" />
  <attribute name="heapSize specified" value="0" />
  <attribute name="Current GC Util" value="33" />
  <attribute name= "Current Time Running" value="18077" />
  <attribute name ="GC Interval" value="0" />
  <attribute name="ProportionalT" value="19.500000" />
  <attribute name="ProportionalI" value="19.500000" />
  <attribute name="ProportionalH" value="19.500000" />
  <attribute name="Current Error" value="13.000000" />
  <attribute name="IntegralT" value="0.000000" />
  <attribute name="IntegralI" value="0.000000" />
  <attribute name="IntegralH" value="0.000000" />
  <attribute name="DerivativeT" value="inf" />
  <attribute name="DerivativeI" value="inf" />
  <attribute name="DerivativeH" value="inf" />
  <attribute name="Loop Time for DT" value="0.000000" />
  <attribute name="Output H" value="8388608"/>
  <attribute name="Output I" value="200"/>
  <attribute name="Output T" value="1"/>
  <attribute name="Target GC Util Change" value ="20.000000" />
  <attribute name="Current GC Util Change" value="33.000000"/>
  <attribute name="GC Util currently" value="33" />
  <attribute name="CPU Util currently" value="6529617450254" />
<exclusive-end id="2297" timestamp="2019-06-16T00:37:59.029" durationms="5.455" />

<exclusive-start id="2298" timestamp="2019-06-16T00:37:59.036" intervalms="12.864">
  <response-info timems="0.081" idlems="0.081" threads="0" lastid="0000000001AE6700" lastname="main" />
</exclusive-start>
<allocation-taxation id="2299" taxation-threshold="11534336" timestamp="2019-06-16T00:37:59.037" intervalms="12.911" />
<gc-start id="2300" type="global mark phase" contextid="2172" timestamp="2019-06-16T00:37:59.037">
  <mem-info id="2301" free="19922944" total="66060288" percent="30">
    <remembered-set count="13536" freebytes="2582784" totalbytes="2636928" percent="97" regionsoverflowed="0" regionsstable="13" regionsrebuilding="3"/>
  </mem-info>
</gc-start>
<gc-op id="2302" type="mark increment" timems="5.081" contextid="2172" timestamp="2019-06-16T00:37:59.042">
  <trace-info objectcount="51" scancount="50" scanbytes="345524" />
  <cardclean-info objects="282493" bytes="7038068" />
  <finalization candidates="80" enqueued="0" />
  <ownableSynchronizers candidates="21" cleared="0" />
  <references type="soft" candidates="3263" cleared="0" enqueued="0" dynamicThreshold="15" maxThreshold="32" />
  <references type="weak" candidates="5641" cleared="0" enqueued="0" />
  <references type="phantom" candidates="101" cleared="0" enqueued="0" />
  <stringconstants candidates="13590" cleared="0"  />
</gc-op>
<gc-op id="2303" type="classunload" timems="0.008" contextid="2172" timestamp="2019-06-16T00:37:59.042">
  <classunload-info classloadercandidates="53" classloadersunloaded="0" classesunloaded="0" anonymousclassesunloaded="0" quiescems="0.000" setupms="0.008" scanms="0.000" postms="0.000" />
</gc-op>
<gc-end id="2304" type="global mark phase" contextid="2172" durationms="5.412" usertimems="16.000" systemtimems="0.000" timestamp="2019-06-16T00:37:59.042" activeThreads="4">
  <mem-info id="2305" free="19922944" total="66060288" percent="30">
    <remembered-set count="14048" freebytes="2580736" totalbytes="2636928" percent="97" regionsoverflowed="0" regionsstable="13" regionsrebuilding="0"/>
  </mem-info>
</gc-end>
<cycle-end id="2306" type="global mark phase" contextid="2172" timestamp="2019-06-16T00:37:59.042" />
  <attribute name="elasticGC enabled" value="1" />
  <attribute name= "numThreadsSpecified" value="4" />
  <attribute name="heapSize specified" value="0" />
  <attribute name="Current GC Util" value="108" />
  <attribute name= "Current Time Running" value="18092" />
  <attribute name ="GC Interval" value="0" />
  <attribute name="ProportionalT" value="132.000000" />
  <attribute name="ProportionalI" value="132.000000" />
  <attribute name="ProportionalH" value="132.000000" />
  <attribute name="Current Error" value="88.000000" />
  <attribute name="IntegralT" value="88.000000" />
  <attribute name="IntegralI" value="88.000000" />
  <attribute name="IntegralH" value="88.000000" />
  <attribute name="DerivativeT" value="-54.500000" />
  <attribute name="DerivativeI" value="-54.500000" />
  <attribute name="DerivativeH" value="-54.500000" />
  <attribute name="Loop Time for DT" value="1.000000" />
  <attribute name="Output H" value="8388608"/>
  <attribute name="Output I" value="200"/>
  <attribute name="Output T" value="4"/>
  <attribute name="Target GC Util Change" value ="20.000000" />
  <attribute name="Current GC Util Change" value="108.000000"/>
  <attribute name="GC Util currently" value="108" />
  <attribute name="CPU Util currently" value="14417781397299" />
<exclusive-end id="2307" timestamp="2019-06-16T00:37:59.042" durationms="6.014" />

<exclusive-start id="2308" timestamp="2019-06-16T00:37:59.050" intervalms="13.631">
  <response-info timems="0.079" idlems="0.079" threads="0" lastid="0000000001AE6700" lastname="main" />
</exclusive-start>
<allocation-taxation id="2309" taxation-threshold="11534336" timestamp="2019-06-16T00:37:59.050" intervalms="13.627" />
<cycle-start id="2310" type="partial gc" contextid="0" timestamp="2019-06-16T00:37:59.050" intervalms="26.518" />
<gc-start id="2311" type="partial gc" contextid="2310" timestamp="2019-06-16T00:37:59.051">
  <mem-info id="2312" free="8388608" total="66060288" percent="12">
    <mem type="eden" free="1048536" total="24117248" percent="4" />
    <remembered-set count="10016" freebytes="2596864" totalbytes="2636928" percent="98" regionsoverflowed="0" regionsstable="16" regionsrebuilding="0"/>
  </mem-info>
</gc-start>
<allocation-stats totalBytes="23027744" >
  <allocated-bytes non-tlh="0" tlh="23027744" arrayletleaf="0"/>
  <largest-consumer threadName="main" threadId="0000000001AE6700" bytes="11513736" />
</allocation-stats>
<gc-op id="2313" type="sweep" timems="0.699" contextid="2310" timestamp="2019-06-16T00:37:59.052" />
<gc-op id="2314" type="copy forward" timems="1.215" contextid="2310" timestamp="2019-06-16T00:37:59.054">
  <memory-copied type="eden" objects="2" bytes="40" bytesdiscarded="0" />
  <memory-copied type="other" objects="0" bytes="0" bytesdiscarded="0" />
  <memory-cardclean objects="11" bytes="408" />
  <regions eden="11" other="1" />
  <remembered-set-cleared processed="8855" cleared="0" durationms="0.114" />
  <stringconstants candidates="13590" cleared="0"  />
</gc-op>
<gc-op id="2315" type="classunload" timems="0.004" contextid="2310" timestamp="2019-06-16T00:37:59.054">
  <classunload-info classloadercandidates="53" classloadersunloaded="0" classesunloaded="0" anonymousclassesunloaded="0" quiescems="0.000" setupms="0.004" scanms="0.000" postms="0.000" />
</gc-op>
<heap-resize id="2316" type="expand" space="default" amount="11534336" count="1" timems="0.080" reason="excessive time being spent in gc" timestamp="2019-06-16T00:37:59.054" />
<gc-end id="2317" type="partial gc" contextid="2310" durationms="3.382" usertimems="4.000" systemtimems="0.000" timestamp="2019-06-16T00:37:59.054" activeThreads="4">
  <mem-info id="2318" free="42991616" total="77594624" percent="55">
    <mem type="eden" free="1048536" total="1048576" percent="99" />
    <remembered-set count="10112" freebytes="3056896" totalbytes="3097344" percent="98" regionsoverflowed="0" regionsstable="16" regionsrebuilding="0"/>
  </mem-info>
</gc-end>
<cycle-end id="2319" type="partial gc" contextid="2310" timestamp="2019-06-16T00:37:59.054" />
  <attribute name="elasticGC enabled" value="1" />
  <attribute name= "numThreadsSpecified" value="4" />
  <attribute name="heapSize specified" value="0" />
  <attribute name="Current GC Util" value="67" />
  <attribute name= "Current Time Running" value="18103" />
  <attribute name ="GC Interval" value="0" />
  <attribute name="ProportionalT" value="70.500000" />
  <attribute name="ProportionalI" value="70.500000" />
  <attribute name="ProportionalH" value="70.500000" />
  <attribute name="Current Error" value="47.000000" />
  <attribute name="IntegralT" value="0.000000" />
  <attribute name="IntegralI" value="0.000000" />
  <attribute name="IntegralH" value="0.000000" />
  <attribute name="DerivativeT" value="-inf" />
  <attribute name="DerivativeI" value="-inf" />
  <attribute name="DerivativeH" value="-inf" />
  <attribute name="Loop Time for DT" value="0.000000" />
  <attribute name="Output H" value="2091843584"/>
  <attribute name="Output I" value="200"/>
  <attribute name="Output T" value="4"/>
  <attribute name="Target GC Util Change" value ="20.000000" />
  <attribute name="Current GC Util Change" value="67.000000"/>
  <attribute name="GC Util currently" value="67" />
  <attribute name="CPU Util currently" value="20357678463560" />
<exclusive-end id="2320" timestamp="2019-06-16T00:37:59.055" durationms="4.442" />

<exclusive-start id="2321" timestamp="2019-06-16T00:37:59.071" intervalms="21.144">
  <response-info timems="0.118" idlems="0.118" threads="0" lastid="0000000001AE6700" lastname="main" />
</exclusive-start>
<allocation-taxation id="2322" taxation-threshold="26214400" timestamp="2019-06-16T00:37:59.071" intervalms="21.186" />
<cycle-start id="2323" type="partial gc" contextid="0" timestamp="2019-06-16T00:37:59.072" intervalms="21.191" />
<gc-start id="2324" type="partial gc" contextid="2323" timestamp="2019-06-16T00:37:59.072">
  <mem-info id="2325" free="16777216" total="77594624" percent="21">
    <mem type="eden" free="1048536" total="27262976" percent="3" />
    <remembered-set count="10112" freebytes="3056896" totalbytes="3097344" percent="98" regionsoverflowed="0" regionsstable="16" regionsrebuilding="0"/>
  </mem-info>
</gc-start>
<allocation-stats totalBytes="26168520" >
  <allocated-bytes non-tlh="0" tlh="26168520" arrayletleaf="0"/>
  <largest-consumer threadName="main" threadId="0000000001AE6700" bytes="26168520" />
</allocation-stats>
<gc-op id="2326" type="copy forward" timems="1.889" contextid="2323" timestamp="2019-06-16T00:37:59.074">
  <memory-copied type="eden" objects="2" bytes="40" bytesdiscarded="0" />
  <memory-copied type="other" objects="32192" bytes="692136" bytesdiscarded="28840" />
  <memory-cardclean objects="4317" bytes="252616" />
  <regions eden="25" other="5" />
  <remembered-set-cleared processed="8604" cleared="570" durationms="0.131" />
  <stringconstants candidates="13590" cleared="0"  />
</gc-op>
<gc-op id="2327" type="classunload" timems="0.004" contextid="2323" timestamp="2019-06-16T00:37:59.075">
  <classunload-info classloadercandidates="53" classloadersunloaded="0" classesunloaded="0" anonymousclassesunloaded="0" quiescems="0.000" setupms="0.004" scanms="0.000" postms="0.000" />
</gc-op>
<heap-resize id="2328" type="expand" space="default" amount="4194304" count="1" timems="0.060" reason="excessive time being spent in gc" timestamp="2019-06-16T00:37:59.075" />
<gc-end id="2329" type="partial gc" contextid="2323" durationms="2.852" usertimems="8.000" systemtimems="0.000" timestamp="2019-06-16T00:37:59.075" activeThreads="4">
  <mem-info id="2330" free="49283072" total="81788928" percent="60">
    <mem type="eden" free="1048536" total="1048576" percent="99" />
    <remembered-set count="10624" freebytes="3222272" totalbytes="3264768" percent="98" regionsoverflowed="0" regionsstable="16" regionsrebuilding="0"/>
  </mem-info>
</gc-end>
<cycle-end id="2331" type="partial gc" contextid="2323" timestamp="2019-06-16T00:37:59.075" />
  <attribute name="elasticGC enabled" value="1" />
  <attribute name= "numThreadsSpecified" value="4" />
  <attribute name="heapSize specified" value="0" />
  <attribute name="Current GC Util" value="0" />
  <attribute name= "Current Time Running" value="18123" />
  <attribute name ="GC Interval" value="0" />
  <attribute name="ProportionalT" value="-30.000000" />
  <attribute name="ProportionalI" value="-30.000000" />
  <attribute name="ProportionalH" value="-30.000000" />
  <attribute name="Current Error" value="-20.000000" />
  <attribute name="IntegralT" value="0.000000" />
  <attribute name="IntegralI" value="0.000000" />
  <attribute name="IntegralH" value="0.000000" />
  <attribute name="DerivativeT" value="-inf" />
  <attribute name="DerivativeI" value="-inf" />
  <attribute name="DerivativeH" value="-inf" />
  <attribute name="Loop Time for DT" value="0.000000" />
  <attribute name="Output H" value="2091843584"/>
  <attribute name="Output I" value="200"/>
  <attribute name="Output T" value="4"/>
  <attribute name="Target GC Util Change" value ="20.000000" />
  <attribute name="Current GC Util Change" value="0.000000"/>
  <attribute name="GC Util currently" value="0" />
  <attribute name="CPU Util currently" value="31278815334470" />
<exclusive-end id="2332" timestamp="2019-06-16T00:37:59.075" durationms="3.940" />

<exclusive-start id="2333" timestamp="2019-06-16T00:37:59.092" intervalms="20.579">
  <response-info timems="0.023" idlems="0.023" threads="0" lastid="0000000001AE6700" lastname="main" />
</exclusive-start>
<allocation-taxation id="2334" taxation-threshold="27262976" timestamp="2019-06-16T00:37:59.092" intervalms="20.522" />
<cycle-start id="2335" type="partial gc" contextid="0" timestamp="2019-06-16T00:37:59.092" intervalms="20.534" />
<gc-start id="2336" type="partial gc" contextid="2335" timestamp="2019-06-16T00:37:59.093">
  <mem-info id="2337" free="22020096" total="81788928" percent="26">
    <mem type="eden" free="1048536" total="28311552" percent="3" />
    <remembered-set count="10368" freebytes="3223296" totalbytes="3264768" percent="98" regionsoverflowed="0" regionsstable="16" regionsrebuilding="0"/>
  </mem-info>
</gc-start>
<allocation-stats totalBytes="27215272" >
  <allocated-bytes non-tlh="0" tlh="27215272" arrayletleaf="0"/>
  <largest-consumer threadName="main" threadId="0000000001AE6700" bytes="27215272" />
</allocation-stats>
<gc-op id="2338" type="copy forward" timems="0.973" contextid="2335" timestamp="2019-06-16T00:37:59.094">
  <memory-copied type="eden" objects="2" bytes="40" bytesdiscarded="0" />
  <memory-copied type="other" objects="7" bytes="160" bytesdiscarded="0" />
  <memory-cardclean objects="32" bytes="1304" />
  <regions eden="26" other="2" />
  <remembered-set-cleared processed="8855" cleared="7" durationms="0.174" />
  <stringconstants candidates="13590" cleared="0"  />
</gc-op>
<gc-op id="2339" type="classunload" timems="0.004" contextid="2335" timestamp="2019-06-16T00:37:59.095">
  <classunload-info classloadercandidates="53" classloadersunloaded="0" classesunloaded="0" anonymousclassesunloaded="0" quiescems="0.000" setupms="0.004" scanms="0.000" postms="0.000" />
</gc-op>
<gc-end id="2340" type="partial gc" contextid="2335" durationms="2.167" usertimems="4.000" systemtimems="0.000" timestamp="2019-06-16T00:37:59.095" activeThreads="1">
  <mem-info id="2341" free="49283072" total="81788928" percent="60">
    <mem type="eden" free="1048536" total="1048576" percent="99" />
    <remembered-set count="10784" freebytes="3221632" totalbytes="3264768" percent="98" regionsoverflowed="0" regionsstable="16" regionsrebuilding="0"/>
  </mem-info>
</gc-end>
<cycle-end id="2342" type="partial gc" contextid="2335" timestamp="2019-06-16T00:37:59.095" />
  <attribute name="elasticGC enabled" value="1" />
  <attribute name= "numThreadsSpecified" value="1" />
  <attribute name="heapSize specified" value="0" />
  <attribute name="Current GC Util" value="67" />
  <attribute name= "Current Time Running" value="18144" />
  <attribute name ="GC Interval" value="0" />
  <attribute name="ProportionalT" value="70.500000" />
  <attribute name="ProportionalI" value="70.500000" />
  <attribute name="ProportionalH" value="70.500000" />
  <attribute name="Current Error" value="47.000000" />
  <attribute name="IntegralT" value="0.000000" />
  <attribute name="IntegralI" value="0.000000" />
  <attribute name="IntegralH" value="0.000000" />
  <attribute name="DerivativeT" value="inf" />
  <attribute name="DerivativeI" value="inf" />
  <attribute name="DerivativeH" value="inf" />
  <attribute name="Loop Time for DT" value="0.000000" />
  <attribute name="Output H" value="8388608"/>
  <attribute name="Output I" value="200"/>
  <attribute name="Output T" value="1"/>
  <attribute name="Target GC Util Change" value ="20.000000" />
  <attribute name="Current GC Util Change" value="67.000000"/>
  <attribute name="GC Util currently" value="67" />
  <attribute name="CPU Util currently" value="17579980539986" />
<exclusive-end id="2343" timestamp="2019-06-16T00:37:59.095" durationms="3.409" />

<exclusive-start id="2344" timestamp="2019-06-16T00:37:59.112" intervalms="20.235">
  <response-info timems="0.078" idlems="0.078" threads="0" lastid="0000000001AE6700" lastname="main" />
</exclusive-start>
<allocation-taxation id="2345" taxation-threshold="27262976" timestamp="2019-06-16T00:37:59.112" intervalms="20.265" />
<cycle-start id="2346" type="partial gc" contextid="0" timestamp="2019-06-16T00:37:59.112" intervalms="20.273" />
<gc-start id="2347" type="partial gc" contextid="2346" timestamp="2019-06-16T00:37:59.113">
  <mem-info id="2348" free="22020096" total="81788928" percent="26">
    <mem type="eden" free="1048536" total="28311552" percent="3" />
    <remembered-set count="10400" freebytes="3223168" totalbytes="3264768" percent="98" regionsoverflowed="0" regionsstable="16" regionsrebuilding="0"/>
  </mem-info>
</gc-start>
<allocation-stats totalBytes="27216104" >
  <allocated-bytes non-tlh="0" tlh="27216104" arrayletleaf="0"/>
  <largest-consumer threadName="main" threadId="0000000001AE6700" bytes="27216104" />
</allocation-stats>
<gc-op id="2349" type="copy forward" timems="0.965" contextid="2346" timestamp="2019-06-16T00:37:59.115">
  <memory-copied type="eden" objects="3" bytes="72" bytesdiscarded="0" />
  <memory-copied type="other" objects="7" bytes="160" bytesdiscarded="0" />
  <memory-cardclean objects="33" bytes="1336" />
  <regions eden="26" other="2" />
  <remembered-set-cleared processed="8856" cleared="7" durationms="0.174" />
  <stringconstants candidates="13590" cleared="0"  />
</gc-op>
<gc-op id="2350" type="classunload" timems="0.004" contextid="2346" timestamp="2019-06-16T00:37:59.115">
  <classunload-info classloadercandidates="53" classloadersunloaded="0" classesunloaded="0" anonymousclassesunloaded="0" quiescems="0.000" setupms="0.004" scanms="0.000" postms="0.000" />
</gc-op>
<gc-end id="2351" type="partial gc" contextid="2346" durationms="2.171" usertimems="4.000" systemtimems="0.000" timestamp="2019-06-16T00:37:59.115" activeThreads="1">
  <mem-info id="2352" free="49283072" total="81788928" percent="60">
    <mem type="eden" free="1048504" total="1048576" percent="99" />
    <remembered-set count="10816" freebytes="3221504" totalbytes="3264768" percent="98" regionsoverflowed="0" regionsstable="16" regionsrebuilding="0"/>
  </mem-info>
</gc-end>
<cycle-end id="2353" type="partial gc" contextid="2346" timestamp="2019-06-16T00:37:59.115" />
  <attribute name="elasticGC enabled" value="1" />
  <attribute name= "numThreadsSpecified" value="1" />
  <attribute name="heapSize specified" value="0" />
  <attribute name="Current GC Util" value="79" />
  <attribute name= "Current Time Running" value="18164" />
  <attribute name ="GC Interval" value="0" />
  <attribute name="ProportionalT" value="88.500000" />
  <attribute name="ProportionalI" value="88.500000" />
  <attribute name="ProportionalH" value="88.500000" />
  <attribute name="Current Error" value="59.000000" />
  <attribute name="IntegralT" value="0.000000" />
  <attribute name="IntegralI" value="0.000000" />
  <attribute name="IntegralH" value="0.000000" />
  <attribute name="DerivativeT" value="inf" />
  <attribute name="DerivativeI" value="inf" />
  <attribute name="DerivativeH" value="inf" />
  <attribute name="Loop Time for DT" value="0.000000" />
  <attribute name="Output H" value="8388608"/>
  <attribute name="Output I" value="200"/>
  <attribute name="Output T" value="1"/>
  <attribute name="Target GC Util Change" value ="20.000000" />
  <attribute name="Current GC Util Change" value="79.000000"/>
  <attribute name="GC Util currently" value="79" />
  <attribute name="CPU Util currently" value="17819015618111" />
<exclusive-end id="2354" timestamp="2019-06-16T00:37:59.115" durationms="3.428" />

<exclusive-start id="2355" timestamp="2019-06-16T00:37:59.132" intervalms="20.318">
  <response-info timems="0.079" idlems="0.079" threads="0" lastid="0000000001AE6700" lastname="main" />
</exclusive-start>
<allocation-taxation id="2356" taxation-threshold="27262976" timestamp="2019-06-16T00:37:59.133" intervalms="20.324" />
<cycle-start id="2357" type="partial gc" contextid="0" timestamp="2019-06-16T00:37:59.133" intervalms="20.274" />
<gc-start id="2358" type="partial gc" contextid="2357" timestamp="2019-06-16T00:37:59.133">
  <mem-info id="2359" free="22020096" total="81788928" percent="26">
    <mem type="eden" free="1048504" total="28311552" percent="3" />
    <remembered-set count="10432" freebytes="3223040" totalbytes="3264768" percent="98" regionsoverflowed="0" regionsstable="16" regionsrebuilding="0"/>
  </mem-info>
</gc-start>
<allocation-stats totalBytes="27215008" >
  <allocated-bytes non-tlh="0" tlh="27215008" arrayletleaf="0"/>
  <largest-consumer threadName="main" threadId="0000000001AE6700" bytes="27215008" />
</allocation-stats>
<gc-op id="2360" type="copy forward" timems="0.906" contextid="2357" timestamp="2019-06-16T00:37:59.135">
  <memory-copied type="eden" objects="2" bytes="40" bytesdiscarded="0" />
  <memory-copied type="other" objects="14" bytes="320" bytesdiscarded="0" />
  <memory-cardclean objects="33" bytes="1336" />
  <regions eden="26" other="2" />
  <remembered-set-cleared processed="8856" cleared="5" durationms="0.164" />
  <stringconstants candidates="13590" cleared="0"  />
</gc-op>
<gc-op id="2361" type="classunload" timems="0.004" contextid="2357" timestamp="2019-06-16T00:37:59.135">
  <classunload-info classloadercandidates="53" classloadersunloaded="0" classesunloaded="0" anonymousclassesunloaded="0" quiescems="0.000" setupms="0.003" scanms="0.000" postms="0.000" />
</gc-op>
<gc-end id="2362" type="partial gc" contextid="2357" durationms="1.986" usertimems="4.000" systemtimems="0.000" timestamp="2019-06-16T00:37:59.135" activeThreads="1">
  <mem-info id="2363" free="49283072" total="81788928" percent="60">
    <mem type="eden" free="1048536" total="1048576" percent="99" />
    <remembered-set count="10784" freebytes="3221632" totalbytes="3264768" percent="98" regionsoverflowed="0" regionsstable="16" regionsrebuilding="0"/>
  </mem-info>
</gc-end>
<cycle-end id="2364" type="partial gc" contextid="2357" timestamp="2019-06-16T00:37:59.135" />
  <attribute name="elasticGC enabled" value="1" />
  <attribute name= "numThreadsSpecified" value="1" />
  <attribute name="heapSize specified" value="0" />
  <attribute name="Current GC Util" value="78" />
  <attribute name= "Current Time Running" value="18184" />
  <attribute name ="GC Interval" value="0" />
  <attribute name="ProportionalT" value="87.000000" />
  <attribute name="ProportionalI" value="87.000000" />
  <attribute name="ProportionalH" value="87.000000" />
  <attribute name="Current Error" value="58.000000" />
  <attribute name="IntegralT" value="0.000000" />
  <attribute name="IntegralI" value="0.000000" />
  <attribute name="IntegralH" value="0.000000" />
  <attribute name="DerivativeT" value="inf" />
  <attribute name="DerivativeI" value="inf" />
  <attribute name="DerivativeH" value="inf" />
  <attribute name="Loop Time for DT" value="0.000000" />
  <attribute name="Output H" value="8388608"/>
  <attribute name="Output I" value="200"/>
  <attribute name="Output T" value="1"/>
  <attribute name="Target GC Util Change" value ="20.000000" />
  <attribute name="Current GC Util Change" value="78.000000"/>
  <attribute name="GC Util currently" value="78" />
  <attribute name="CPU Util currently" value="20316960773186" />
<exclusive-end id="2365" timestamp="2019-06-16T00:37:59.135" durationms="3.126" />

<exclusive-start id="2366" timestamp="2019-06-16T00:37:59.152" intervalms="19.705">
  <response-info timems="0.079" idlems="0.079" threads="0" lastid="0000000001AE6700" lastname="main" />
</exclusive-start>
<allocation-taxation id="2367" taxation-threshold="27262976" timestamp="2019-06-16T00:37:59.152" intervalms="19.735" />
<cycle-start id="2368" type="partial gc" contextid="0" timestamp="2019-06-16T00:37:59.153" intervalms="19.815" />
<gc-start id="2369" type="partial gc" contextid="2368" timestamp="2019-06-16T00:37:59.153">
  <mem-info id="2370" free="22020096" total="81788928" percent="26">
    <mem type="eden" free="1048536" total="28311552" percent="3" />
    <remembered-set count="10400" freebytes="3223168" totalbytes="3264768" percent="98" regionsoverflowed="0" regionsstable="16" regionsrebuilding="0"/>
  </mem-info>
</gc-start>
<allocation-stats totalBytes="27214616" >
  <allocated-bytes non-tlh="0" tlh="27214616" arrayletleaf="0"/>
  <largest-consumer threadName="main" threadId="0000000001AE6700" bytes="27214616" />
</allocation-stats>
<gc-op id="2371" type="copy forward" timems="0.991" contextid="2368" timestamp="2019-06-16T00:37:59.155">
  <memory-copied type="eden" objects="3" bytes="72" bytesdiscarded="0" />
  <memory-copied type="other" objects="8" bytes="680" bytesdiscarded="80" />
  <memory-cardclean objects="40" bytes="1576" />
  <regions eden="26" other="3" />
  <remembered-set-cleared processed="8854" cleared="10" durationms="0.171" />
  <stringconstants candidates="13590" cleared="0"  />
</gc-op>
<gc-op id="2372" type="classunload" timems="0.004" contextid="2368" timestamp="2019-06-16T00:37:59.155">
  <classunload-info classloadercandidates="53" classloadersunloaded="0" classesunloaded="0" anonymousclassesunloaded="0" quiescems="0.000" setupms="0.003" scanms="0.000" postms="0.000" />
</gc-op>
<heap-resize id="2373" type="contract" space="default" amount="1048576" count="1" timems="0.060" reason="excess free space following gc" timestamp="2019-06-16T00:37:59.155" />
<gc-end id="2374" type="partial gc" contextid="2368" durationms="2.402" usertimems="4.000" systemtimems="0.000" timestamp="2019-06-16T00:37:59.155" activeThreads="1">
  <mem-info id="2375" free="49283072" total="80740352" percent="61">
    <mem type="eden" free="1048504" total="1048576" percent="99" />
    <remembered-set count="10784" freebytes="3221632" totalbytes="3264768" percent="98" regionsoverflowed="0" regionsstable="16" regionsrebuilding="0"/>
  </mem-info>
</gc-end>
<cycle-end id="2376" type="partial gc" contextid="2368" timestamp="2019-06-16T00:37:59.156" />
  <attribute name="elasticGC enabled" value="1" />
  <attribute name= "numThreadsSpecified" value="1" />
  <attribute name="heapSize specified" value="0" />
  <attribute name="Current GC Util" value="74" />
  <attribute name= "Current Time Running" value="18204" />
  <attribute name ="GC Interval" value="0" />
  <attribute name="ProportionalT" value="81.000000" />
  <attribute name="ProportionalI" value="81.000000" />
  <attribute name="ProportionalH" value="81.000000" />
  <attribute name="Current Error" value="54.000000" />
  <attribute name="IntegralT" value="0.000000" />
  <attribute name="IntegralI" value="0.000000" />
  <attribute name="IntegralH" value="0.000000" />
  <attribute name="DerivativeT" value="inf" />
  <attribute name="DerivativeI" value="inf" />
  <attribute name="DerivativeH" value="inf" />
  <attribute name="Loop Time for DT" value="0.000000" />
  <attribute name="Output H" value="8388608"/>
  <attribute name="Output I" value="200"/>
  <attribute name="Output T" value="1"/>
  <attribute name="Target GC Util Change" value ="20.000000" />
  <attribute name="Current GC Util Change" value="74.000000"/>
  <attribute name="GC Util currently" value="74" />
  <attribute name="CPU Util currently" value="17819910720395" />
<exclusive-end id="2377" timestamp="2019-06-16T00:37:59.156" durationms="3.666" />

<exclusive-start id="2378" timestamp="2019-06-16T00:37:59.305" intervalms="152.603">
  <response-info timems="0.027" idlems="0.027" threads="0" lastid="0000000001AE6700" lastname="main" />
</exclusive-start>
<allocation-taxation id="2379" taxation-threshold="27262976" timestamp="2019-06-16T00:37:59.305" intervalms="152.626" />
<cycle-start id="2380" type="partial gc" contextid="0" timestamp="2019-06-16T00:37:59.305" intervalms="152.584" />
<gc-start id="2381" type="partial gc" contextid="2380" timestamp="2019-06-16T00:37:59.306">
  <mem-info id="2382" free="22020096" total="80740352" percent="27">
    <mem type="eden" free="1048504" total="28311552" percent="3" />
    <remembered-set count="10432" freebytes="3223040" totalbytes="3264768" percent="98" regionsoverflowed="0" regionsstable="16" regionsrebuilding="0"/>
  </mem-info>
</gc-start>
<allocation-stats totalBytes="27233912" >
  <allocated-bytes non-tlh="0" tlh="27233912" arrayletleaf="0"/>
  <largest-consumer threadName="main" threadId="0000000001AE6700" bytes="27233912" />
</allocation-stats>
<gc-op id="2383" type="copy forward" timems="1.019" contextid="2380" timestamp="2019-06-16T00:37:59.308">
  <memory-copied type="eden" objects="36" bytes="1488" bytesdiscarded="0" />
  <memory-copied type="other" objects="7" bytes="160" bytesdiscarded="0" />
  <memory-cardclean objects="102" bytes="3840" />
  <regions eden="26" other="2" />
  <remembered-set-cleared processed="8855" cleared="14" durationms="0.178" />
  <stringconstants candidates="13590" cleared="0"  />
</gc-op>
<gc-op id="2384" type="classunload" timems="0.004" contextid="2380" timestamp="2019-06-16T00:37:59.308">
  <classunload-info classloadercandidates="53" classloadersunloaded="0" classesunloaded="0" anonymousclassesunloaded="0" quiescems="0.000" setupms="0.004" scanms="0.000" postms="0.000" />
</gc-op>
<heap-resize id="2385" type="contract" space="default" amount="4194304" count="1" timems="0.073" reason="insufficient time being spent in gc" timestamp="2019-06-16T00:37:59.308" />
<gc-end id="2386" type="partial gc" contextid="2380" durationms="2.741" usertimems="0.000" systemtimems="0.000" timestamp="2019-06-16T00:37:59.308" activeThreads="1">
  <mem-info id="2387" free="45088768" total="76546048" percent="58">
    <mem type="eden" free="1047088" total="1048576" percent="99" />
    <remembered-set count="9888" freebytes="3183360" totalbytes="3222912" percent="98" regionsoverflowed="0" regionsstable="16" regionsrebuilding="0"/>
  </mem-info>
</gc-end>
<cycle-end id="2388" type="partial gc" contextid="2380" timestamp="2019-06-16T00:37:59.308" />
  <attribute name="elasticGC enabled" value="1" />
  <attribute name= "numThreadsSpecified" value="1" />
  <attribute name="heapSize specified" value="0" />
  <attribute name="Current GC Util" value="44" />
  <attribute name= "Current Time Running" value="18357" />
  <attribute name ="GC Interval" value="0" />
  <attribute name="ProportionalT" value="36.000000" />
  <attribute name="ProportionalI" value="36.000000" />
  <attribute name="ProportionalH" value="36.000000" />
  <attribute name="Current Error" value="24.000000" />
  <attribute name="IntegralT" value="0.000000" />
  <attribute name="IntegralI" value="0.000000" />
  <attribute name="IntegralH" value="0.000000" />
  <attribute name="DerivativeT" value="inf" />
  <attribute name="DerivativeI" value="inf" />
  <attribute name="DerivativeH" value="inf" />
  <attribute name="Loop Time for DT" value="0.000000" />
  <attribute name="Output H" value="8388608"/>
  <attribute name="Output I" value="200"/>
  <attribute name="Output T" value="1"/>
  <attribute name="Target GC Util Change" value ="20.000000" />
  <attribute name="Current GC Util Change" value="44.000000"/>
  <attribute name="GC Util currently" value="44" />
  <attribute name="CPU Util currently" value="8919812877965" />
<exclusive-end id="2389" timestamp="2019-06-16T00:37:59.309" durationms="4.101" />

<exclusive-start id="2390" timestamp="2019-06-16T00:37:59.369" intervalms="64.210">
  <response-info timems="0.086" idlems="0.086" threads="0" lastid="0000000001AE6700" lastname="main" />
</exclusive-start>
<allocation-taxation id="2391" taxation-threshold="26214400" timestamp="2019-06-16T00:37:59.369" intervalms="64.206" />
<cycle-start id="2392" type="partial gc" contextid="0" timestamp="2019-06-16T00:37:59.369" intervalms="64.235" />
<gc-start id="2393" type="partial gc" contextid="2392" timestamp="2019-06-16T00:37:59.370">
  <mem-info id="2394" free="18874368" total="76546048" percent="24">
    <mem type="eden" free="0" total="26214400" percent="0" />
    <remembered-set count="9504" freebytes="3184896" totalbytes="3222912" percent="98" regionsoverflowed="0" regionsstable="16" regionsrebuilding="0"/>
  </mem-info>
</gc-start>
<allocation-stats totalBytes="26185136" >
  <allocated-bytes non-tlh="0" tlh="26185136" arrayletleaf="0"/>
  <largest-consumer threadName="main" threadId="0000000001AE6700" bytes="26185136" />
</allocation-stats>
<gc-op id="2395" type="copy forward" timems="1.017" contextid="2392" timestamp="2019-06-16T00:37:59.372">
  <memory-copied type="eden" objects="14" bytes="1272" bytesdiscarded="0" />
  <memory-copied type="other" objects="32" bytes="888" bytesdiscarded="0" />
  <memory-cardclean objects="61" bytes="2408" />
  <regions eden="25" other="2" />
  <remembered-set-cleared processed="8853" cleared="11" durationms="0.181" />
  <stringconstants candidates="13590" cleared="0"  />
</gc-op>
<gc-op id="2396" type="classunload" timems="0.004" contextid="2392" timestamp="2019-06-16T00:37:59.372">
  <classunload-info classloadercandidates="53" classloadersunloaded="0" classesunloaded="0" anonymousclassesunloaded="0" quiescems="0.000" setupms="0.003" scanms="0.000" postms="0.000" />
</gc-op>
<heap-resize id="2397" type="contract" space="default" amount="4194304" count="1" timems="0.059" reason="insufficient time being spent in gc" timestamp="2019-06-16T00:37:59.372" />
<gc-end id="2398" type="partial gc" contextid="2392" durationms="2.670" usertimems="0.000" systemtimems="0.000" timestamp="2019-06-16T00:37:59.373" activeThreads="1">
  <mem-info id="2399" free="39845888" total="72351744" percent="55">
    <mem type="eden" free="1047304" total="1048576" percent="99" />
    <remembered-set count="9888" freebytes="3015936" totalbytes="3055488" percent="98" regionsoverflowed="0" regionsstable="16" regionsrebuilding="0"/>
  </mem-info>
</gc-end>
<cycle-end id="2400" type="partial gc" contextid="2392" timestamp="2019-06-16T00:37:59.373" />
  <attribute name="elasticGC enabled" value="1" />
  <attribute name= "numThreadsSpecified" value="1" />
  <attribute name="heapSize specified" value="0" />
  <attribute name="Current GC Util" value="41" />
  <attribute name= "Current Time Running" value="18421" />
  <attribute name ="GC Interval" value="0" />
  <attribute name="ProportionalT" value="31.500000" />
  <attribute name="ProportionalI" value="31.500000" />
  <attribute name="ProportionalH" value="31.500000" />
  <attribute name="Current Error" value="21.000000" />
  <attribute name="IntegralT" value="0.000000" />
  <attribute name="IntegralI" value="0.000000" />
  <attribute name="IntegralH" value="0.000000" />
  <attribute name="DerivativeT" value="inf" />
  <attribute name="DerivativeI" value="inf" />
  <attribute name="DerivativeH" value="inf" />
  <attribute name="Loop Time for DT" value="0.000000" />
  <attribute name="Output H" value="8388608"/>
  <attribute name="Output I" value="200"/>
  <attribute name="Output T" value="1"/>
  <attribute name="Target GC Util Change" value ="20.000000" />
  <attribute name="Current GC Util Change" value="41.000000"/>
  <attribute name="GC Util currently" value="41" />
  <attribute name="CPU Util currently" value="8492788326680" />
<exclusive-end id="2401" timestamp="2019-06-16T00:37:59.373" durationms="4.078" />

<exclusive-start id="2402" timestamp="2019-06-16T00:37:59.402" intervalms="32.745">
  <response-info timems="0.091" idlems="0.091" threads="0" lastid="0000000001AE6700" lastname="main" />
</exclusive-start>
<allocation-taxation id="2403" taxation-threshold="25165824" timestamp="2019-06-16T00:37:59.402" intervalms="32.728" />
<cycle-start id="2404" type="partial gc" contextid="0" timestamp="2019-06-16T00:37:59.402" intervalms="32.739" />
<gc-start id="2405" type="partial gc" contextid="2404" timestamp="2019-06-16T00:37:59.402">
  <mem-info id="2406" free="14680064" total="72351744" percent="20">
    <mem type="eden" free="1047304" total="26214400" percent="3" />
    <remembered-set count="9536" freebytes="3017344" totalbytes="3055488" percent="98" regionsoverflowed="0" regionsstable="16" regionsrebuilding="0"/>
  </mem-info>
</gc-start>
<allocation-stats totalBytes="25144264" >
  <allocated-bytes non-tlh="0" tlh="25144264" arrayletleaf="0"/>
  <largest-consumer threadName="main" threadId="0000000001AE6700" bytes="25144264" />
</allocation-stats>
<gc-op id="2407" type="copy forward" timems="1.630" contextid="2404" timestamp="2019-06-16T00:37:59.405">
  <memory-copied type="eden" objects="30" bytes="1368" bytesdiscarded="0" />
  <memory-copied type="other" objects="30" bytes="704" bytesdiscarded="0" />
  <memory-cardclean objects="102" bytes="12208" />
  <regions eden="24" other="2" />
  <remembered-set-cleared processed="8858" cleared="17" durationms="0.142" />
  <references type="weak" candidates="2" cleared="0" enqueued="0" />
  <stringconstants candidates="13590" cleared="0"  />
</gc-op>
<gc-op id="2408" type="classunload" timems="0.005" contextid="2404" timestamp="2019-06-16T00:37:59.405">
  <classunload-info classloadercandidates="53" classloadersunloaded="0" classesunloaded="0" anonymousclassesunloaded="0" quiescems="0.000" setupms="0.005" scanms="0.000" postms="0.000" />
</gc-op>
<heap-resize id="2409" type="contract" space="default" amount="4194304" count="1" timems="0.062" reason="insufficient time being spent in gc" timestamp="2019-06-16T00:37:59.405" />
<gc-end id="2410" type="partial gc" contextid="2404" durationms="2.965" usertimems="8.000" systemtimems="0.000" timestamp="2019-06-16T00:37:59.405" activeThreads="4">
  <mem-info id="2411" free="35651584" total="68157440" percent="52">
    <mem type="eden" free="1047208" total="1048576" percent="99" />
    <remembered-set count="10368" freebytes="2846592" totalbytes="2888064" percent="98" regionsoverflowed="0" regionsstable="16" regionsrebuilding="0"/>
  </mem-info>
</gc-end>
<cycle-end id="2412" type="partial gc" contextid="2404" timestamp="2019-06-16T00:37:59.406" />
  <attribute name="elasticGC enabled" value="1" />
  <attribute name= "numThreadsSpecified" value="4" />
  <attribute name="heapSize specified" value="0" />
  <attribute name="Current GC Util" value="44" />
  <attribute name= "Current Time Running" value="18454" />
  <attribute name ="GC Interval" value="0" />
  <attribute name="ProportionalT" value="36.000000" />
  <attribute name="ProportionalI" value="36.000000" />
  <attribute name="ProportionalH" value="36.000000" />
  <attribute name="Current Error" value="24.000000" />
  <attribute name="IntegralT" value="24.000000" />
  <attribute name="IntegralI" value="24.000000" />
  <attribute name="IntegralH" value="24.000000" />
  <attribute name="DerivativeT" value="12.000000" />
  <attribute name="DerivativeI" value="12.000000" />
  <attribute name="DerivativeH" value="12.000000" />
  <attribute name="Loop Time for DT" value="1.000000" />
  <attribute name="Output H" value="8388608"/>
  <attribute name="Output I" value="200"/>
  <attribute name="Output T" value="4"/>
  <attribute name="Target GC Util Change" value ="20.000000" />
  <attribute name="Current GC Util Change" value="44.000000"/>
  <attribute name="GC Util currently" value="44" />
  <attribute name="CPU Util currently" value="10036772028276" />
<exclusive-end id="2413" timestamp="2019-06-16T00:37:59.406" durationms="4.184" />

<exclusive-start id="2414" timestamp="2019-06-16T00:37:59.426" intervalms="24.730">
  <response-info timems="0.230" idlems="0.230" threads="0" lastid="0000000001AE6700" lastname="main" />
</exclusive-start>
<allocation-taxation id="2415" taxation-threshold="24117248" timestamp="2019-06-16T00:37:59.427" intervalms="24.714" />
<cycle-start id="2416" type="partial gc" contextid="0" timestamp="2019-06-16T00:37:59.427" intervalms="24.697" />
<gc-start id="2417" type="partial gc" contextid="2416" timestamp="2019-06-16T00:37:59.427">
  <mem-info id="2418" free="11534336" total="68157440" percent="16">
    <mem type="eden" free="0" total="24117248" percent="0" />
    <remembered-set count="9888" freebytes="2848512" totalbytes="2888064" percent="98" regionsoverflowed="0" regionsstable="16" regionsrebuilding="0"/>
  </mem-info>
</gc-start>
<allocation-stats totalBytes="24098144" >
  <allocated-bytes non-tlh="0" tlh="24098144" arrayletleaf="0"/>
  <largest-consumer threadName="main" threadId="0000000001AE6700" bytes="24098144" />
</allocation-stats>
<gc-op id="2419" type="copy forward" timems="1.480" contextid="2416" timestamp="2019-06-16T00:37:59.430">
  <memory-copied type="eden" objects="4" bytes="288" bytesdiscarded="0" />
  <memory-copied type="other" objects="48" bytes="1872" bytesdiscarded="1016" />
  <memory-cardclean objects="79" bytes="11360" />
  <regions eden="23" other="2" />
  <remembered-set-cleared processed="8852" cleared="15" durationms="0.117" />
  <references type="weak" candidates="14" cleared="0" enqueued="0" />
  <stringconstants candidates="13590" cleared="0"  />
</gc-op>
<gc-op id="2420" type="classunload" timems="0.004" contextid="2416" timestamp="2019-06-16T00:37:59.430">
  <classunload-info classloadercandidates="53" classloadersunloaded="0" classesunloaded="0" anonymousclassesunloaded="0" quiescems="0.000" setupms="0.004" scanms="0.000" postms="0.000" />
</gc-op>
<gc-end id="2421" type="partial gc" contextid="2416" durationms="2.691" usertimems="8.000" systemtimems="0.000" timestamp="2019-06-16T00:37:59.430" activeThreads="4">
  <mem-info id="2422" free="34603008" total="68157440" percent="50">
    <mem type="eden" free="1048288" total="1048576" percent="99" />
    <remembered-set count="10816" freebytes="2677376" totalbytes="2720640" percent="98" regionsoverflowed="0" regionsstable="16" regionsrebuilding="0"/>
  </mem-info>
</gc-end>
<cycle-end id="2423" type="partial gc" contextid="2416" timestamp="2019-06-16T00:37:59.430" />
  <attribute name="elasticGC enabled" value="1" />
  <attribute name= "numThreadsSpecified" value="4" />
  <attribute name="heapSize specified" value="0" />
  <attribute name="Current GC Util" value="34" />
  <attribute name= "Current Time Running" value="18479" />
  <attribute name ="GC Interval" value="0" />
  <attribute name="ProportionalT" value="21.000000" />
  <attribute name="ProportionalI" value="21.000000" />
  <attribute name="ProportionalH" value="21.000000" />
  <attribute name="Current Error" value="14.000000" />
  <attribute name="IntegralT" value="14.000000" />
  <attribute name="IntegralI" value="14.000000" />
  <attribute name="IntegralH" value="14.000000" />
  <attribute name="DerivativeT" value="7.000000" />
  <attribute name="DerivativeI" value="7.000000" />
  <attribute name="DerivativeH" value="7.000000" />
  <attribute name="Loop Time for DT" value="1.000000" />
  <attribute name="Output H" value="8388608"/>
  <attribute name="Output I" value="200"/>
  <attribute name="Output T" value="4"/>
  <attribute name="Target GC Util Change" value ="20.000000" />
  <attribute name="Current GC Util Change" value="34.000000"/>
  <attribute name="GC Util currently" value="34" />
  <attribute name="CPU Util currently" value="9197838748982" />
<exclusive-end id="2424" timestamp="2019-06-16T00:37:59.430" durationms="3.818" />

<exclusive-start id="2425" timestamp="2019-06-16T00:37:59.440" intervalms="13.572">
  <response-info timems="0.028" idlems="0.028" threads="0" lastid="0000000001AE6700" lastname="main" />
</exclusive-start>
<allocation-taxation id="2426" taxation-threshold="11534336" timestamp="2019-06-16T00:37:59.440" intervalms="13.554" />
<cycle-start id="2427" type="global mark phase" contextid="0" timestamp="2019-06-16T00:37:59.440" intervalms="808.125" />
<gc-start id="2428" type="global mark phase" contextid="2427" timestamp="2019-06-16T00:37:59.441">
  <mem-info id="2429" free="23068672" total="68157440" percent="33">
    <remembered-set count="10528" freebytes="2678528" totalbytes="2720640" percent="98" regionsoverflowed="0" regionsstable="16" regionsrebuilding="0"/>
  </mem-info>
</gc-start>
<gc-op id="2430" type="mark increment" timems="0.886" contextid="2427" timestamp="2019-06-16T00:37:59.442">
  <trace-info objectcount="171" scancount="0" scanbytes="0" />
</gc-op>
<gc-end id="2431" type="global mark phase" contextid="2427" durationms="1.172" usertimems="4.000" systemtimems="0.000" timestamp="2019-06-16T00:37:59.442" activeThreads="4">
  <mem-info id="2432" free="23068672" total="68157440" percent="33">
    <remembered-set count="10528" freebytes="2678528" totalbytes="2720640" percent="98" regionsoverflowed="0" regionsstable="0" regionsrebuilding="16"/>
  </mem-info>
</gc-end>
<concurrent-start id="2433" type="GMP work packet processing" contextid="2427" timestamp="2019-06-16T00:37:59.442">
  <concurrent-mark-start scanTarget="2439785" />
</concurrent-start>
<exclusive-end id="2434" timestamp="2019-06-16T00:37:59.442" durationms="2.201" />

<concurrent-end id="2435" type="GMP work packet processing" contextid="2427" timestamp="2019-06-16T00:37:59.448">
  <concurrent-mark-end bytesScanned="2444180" reasonForTermination="Work target met" />
</concurrent-end>

<exclusive-start id="2436" timestamp="2019-06-16T00:37:59.452" intervalms="12.252">
  <response-info timems="0.079" idlems="0.079" threads="0" lastid="0000000001AE6700" lastname="main" />
</exclusive-start>
<allocation-taxation id="2437" taxation-threshold="11534336" timestamp="2019-06-16T00:37:59.452" intervalms="12.164" />
<cycle-start id="2438" type="partial gc" contextid="0" timestamp="2019-06-16T00:37:59.453" intervalms="25.696" />
<gc-start id="2439" type="partial gc" contextid="2438" timestamp="2019-06-16T00:37:59.453">
  <mem-info id="2440" free="11534336" total="68157440" percent="16">
    <mem type="eden" free="1048288" total="24117248" percent="4" />
    <remembered-set count="26752" freebytes="2613632" totalbytes="2720640" percent="96" regionsoverflowed="0" regionsstable="0" regionsrebuilding="16"/>
  </mem-info>
</gc-start>
<allocation-stats totalBytes="23051904" >
  <allocated-bytes non-tlh="0" tlh="23051904" arrayletleaf="0"/>
  <largest-consumer threadName="main" threadId="0000000001AE6700" bytes="11525936" />
</allocation-stats>
<gc-op id="2441" type="copy forward" timems="1.334" contextid="2438" timestamp="2019-06-16T00:37:59.455">
  <memory-copied type="eden" objects="4" bytes="288" bytesdiscarded="0" />
  <memory-copied type="other" objects="3" bytes="4088" bytesdiscarded="0" />
  <memory-cardclean objects="31" bytes="1056" />
  <regions eden="22" other="2" />
  <remembered-set-cleared processed="24799" cleared="34" durationms="0.257" />
  <stringconstants candidates="13590" cleared="0"  />
</gc-op>
<gc-op id="2442" type="classunload" timems="0.005" contextid="2438" timestamp="2019-06-16T00:37:59.455">
  <classunload-info classloadercandidates="53" classloadersunloaded="0" classesunloaded="0" anonymousclassesunloaded="0" quiescems="0.000" setupms="0.004" scanms="0.000" postms="0.000" />
</gc-op>
<heap-resize id="2443" type="expand" space="default" amount="12582912" count="1" timems="0.083" reason="excessive time being spent in gc" timestamp="2019-06-16T00:37:59.455" />
<gc-end id="2444" type="partial gc" contextid="2438" durationms="2.618" usertimems="4.000" systemtimems="0.000" timestamp="2019-06-16T00:37:59.455" activeThreads="1">
  <mem-info id="2445" free="47185920" total="80740352" percent="58">
    <mem type="eden" free="1048288" total="1048576" percent="99" />
    <remembered-set count="27168" freebytes="3114240" totalbytes="3222912" percent="96" regionsoverflowed="0" regionsstable="0" regionsrebuilding="16"/>
  </mem-info>
</gc-end>
<cycle-end id="2446" type="partial gc" contextid="2438" timestamp="2019-06-16T00:37:59.456" />
  <attribute name="elasticGC enabled" value="1" />
  <attribute name= "numThreadsSpecified" value="1" />
  <attribute name="heapSize specified" value="0" />
  <attribute name="Current GC Util" value="61" />
  <attribute name= "Current Time Running" value="18504" />
  <attribute name ="GC Interval" value="0" />
  <attribute name="ProportionalT" value="61.500000" />
  <attribute name="ProportionalI" value="61.500000" />
  <attribute name="ProportionalH" value="61.500000" />
  <attribute name="Current Error" value="41.000000" />
  <attribute name="IntegralT" value="0.000000" />
  <attribute name="IntegralI" value="0.000000" />
  <attribute name="IntegralH" value="0.000000" />
  <attribute name="DerivativeT" value="inf" />
  <attribute name="DerivativeI" value="inf" />
  <attribute name="DerivativeH" value="inf" />
  <attribute name="Loop Time for DT" value="0.000000" />
  <attribute name="Output H" value="8388608"/>
  <attribute name="Output I" value="200"/>
  <attribute name="Output T" value="1"/>
  <attribute name="Target GC Util Change" value ="20.000000" />
  <attribute name="Current GC Util Change" value="61.000000"/>
  <attribute name="GC Util currently" value="61" />
  <attribute name="CPU Util currently" value="18719448828667" />
<exclusive-end id="2447" timestamp="2019-06-16T00:37:59.456" durationms="3.688" />

<exclusive-start id="2448" timestamp="2019-06-16T00:37:59.547" intervalms="94.676">
  <response-info timems="0.076" idlems="0.076" threads="0" lastid="0000000001AE6700" lastname="main" />
</exclusive-start>
<allocation-taxation id="2449" taxation-threshold="13631488" timestamp="2019-06-16T00:37:59.547" intervalms="94.715" />
<gc-start id="2450" type="global mark phase" contextid="2427" timestamp="2019-06-16T00:37:59.547">
  <mem-info id="2451" free="33554432" total="80740352" percent="41">
    <remembered-set count="26720" freebytes="3116032" totalbytes="3222912" percent="96" regionsoverflowed="0" regionsstable="0" regionsrebuilding="16"/>
  </mem-info>
</gc-start>
<gc-end id="2452" type="global mark phase" contextid="2427" durationms="0.177" usertimems="0.000" systemtimems="0.000" timestamp="2019-06-16T00:37:59.547" activeThreads="1">
  <mem-info id="2453" free="33554432" total="80740352" percent="41">
    <remembered-set count="26720" freebytes="3116032" totalbytes="3222912" percent="96" regionsoverflowed="0" regionsstable="0" regionsrebuilding="16"/>
  </mem-info>
</gc-end>
<concurrent-start id="2454" type="GMP work packet processing" contextid="2427" timestamp="2019-06-16T00:37:59.548">
  <concurrent-mark-start scanTarget="1219892" />
</concurrent-start>
<exclusive-end id="2455" timestamp="2019-06-16T00:37:59.548" durationms="1.635" />

<concurrent-end id="2456" type="GMP work packet processing" contextid="2427" timestamp="2019-06-16T00:37:59.549">
  <concurrent-mark-end bytesScanned="1261872" reasonForTermination="Work target met" />
</concurrent-end>

<exclusive-start id="2457" timestamp="2019-06-16T00:37:59.579" intervalms="32.063">
  <response-info timems="0.081" idlems="0.081" threads="0" lastid="0000000001AE6700" lastname="main" />
</exclusive-start>
<allocation-taxation id="2458" taxation-threshold="13631488" timestamp="2019-06-16T00:37:59.579" intervalms="32.060" />
<cycle-start id="2459" type="partial gc" contextid="0" timestamp="2019-06-16T00:37:59.579" intervalms="126.734" />
<gc-start id="2460" type="partial gc" contextid="2459" timestamp="2019-06-16T00:37:59.580">
  <mem-info id="2461" free="19922944" total="80740352" percent="24">
    <mem type="eden" free="0" total="27262976" percent="0" />
    <remembered-set count="39040" freebytes="3066752" totalbytes="3222912" percent="95" regionsoverflowed="0" regionsstable="0" regionsrebuilding="16"/>
  </mem-info>
</gc-start>
<allocation-stats totalBytes="27222528" >
  <allocated-bytes non-tlh="25864" tlh="27196664" arrayletleaf="0"/>
  <largest-consumer threadName="main" threadId="0000000001AE6700" bytes="13609648" />
</allocation-stats>
<gc-op id="2462" type="copy forward" timems="1.548" contextid="2459" timestamp="2019-06-16T00:37:59.582">
  <memory-copied type="eden" objects="1404" bytes="104040" bytesdiscarded="7904" />
  <memory-copied type="other" objects="37" bytes="968" bytesdiscarded="640" />
  <memory-cardclean objects="574" bytes="39584" />
  <regions eden="26" other="2" />
  <remembered-set-cleared processed="36537" cleared="156" durationms="0.167" />
  <references type="soft" candidates="16" cleared="0" enqueued="0" dynamicThreshold="13" maxThreshold="32" />
  <references type="weak" candidates="66" cleared="0" enqueued="0" />
  <stringconstants candidates="13632" cleared="0"  />
</gc-op>
<gc-op id="2463" type="classunload" timems="0.006" contextid="2459" timestamp="2019-06-16T00:37:59.582">
  <classunload-info classloadercandidates="53" classloadersunloaded="0" classesunloaded="0" anonymousclassesunloaded="0" quiescems="0.000" setupms="0.004" scanms="0.000" postms="0.000" />
</gc-op>
<gc-end id="2464" type="partial gc" contextid="2459" durationms="2.417" usertimems="4.000" systemtimems="0.000" timestamp="2019-06-16T00:37:59.582" activeThreads="4">
  <mem-info id="2465" free="47185920" total="80740352" percent="58">
    <mem type="eden" free="936592" total="1048576" percent="89" />
    <remembered-set count="39584" freebytes="3064576" totalbytes="3222912" percent="95" regionsoverflowed="0" regionsstable="0" regionsrebuilding="16"/>
  </mem-info>
</gc-end>
<cycle-end id="2466" type="partial gc" contextid="2459" timestamp="2019-06-16T00:37:59.582" />
  <attribute name="elasticGC enabled" value="1" />
  <attribute name= "numThreadsSpecified" value="4" />
  <attribute name="heapSize specified" value="0" />
  <attribute name="Current GC Util" value="61" />
  <attribute name= "Current Time Running" value="18631" />
  <attribute name ="GC Interval" value="0" />
  <attribute name="ProportionalT" value="61.500000" />
  <attribute name="ProportionalI" value="61.500000" />
  <attribute name="ProportionalH" value="61.500000" />
  <attribute name="Current Error" value="41.000000" />
  <attribute name="IntegralT" value="41.000000" />
  <attribute name="IntegralI" value="41.000000" />
  <attribute name="IntegralH" value="41.000000" />
  <attribute name="DerivativeT" value="20.500000" />
  <attribute name="DerivativeI" value="20.500000" />
  <attribute name="DerivativeH" value="20.500000" />
  <attribute name="Loop Time for DT" value="1.000000" />
  <attribute name="Output H" value="8388608"/>
  <attribute name="Output I" value="200"/>
  <attribute name="Output T" value="4"/>
  <attribute name="Target GC Util Change" value ="20.000000" />
  <attribute name="Current GC Util Change" value="61.000000"/>
  <attribute name="GC Util currently" value="61" />
  <attribute name="CPU Util currently" value="20383682990124" />
<exclusive-end id="2467" timestamp="2019-06-16T00:37:59.582" durationms="3.363" />

<exclusive-start id="2468" timestamp="2019-06-16T00:37:59.610" intervalms="30.834">
  <response-info timems="0.060" idlems="0.060" threads="0" lastid="0000000001AE6700" lastname="main" />
</exclusive-start>
<allocation-taxation id="2469" taxation-threshold="13631488" timestamp="2019-06-16T00:37:59.610" intervalms="30.912" />
<gc-start id="2470" type="global mark phase" contextid="2427" timestamp="2019-06-16T00:37:59.610">
  <mem-info id="2471" free="33554432" total="80740352" percent="41">
    <remembered-set count="39136" freebytes="3066368" totalbytes="3222912" percent="95" regionsoverflowed="0" regionsstable="0" regionsrebuilding="16"/>
  </mem-info>
</gc-start>
<gc-end id="2472" type="global mark phase" contextid="2427" durationms="0.145" usertimems="0.000" systemtimems="0.000" timestamp="2019-06-16T00:37:59.610" activeThreads="4">
  <mem-info id="2473" free="33554432" total="80740352" percent="41">
    <remembered-set count="39136" freebytes="3066368" totalbytes="3222912" percent="95" regionsoverflowed="0" regionsstable="0" regionsrebuilding="16"/>
  </mem-info>
</gc-end>
<concurrent-start id="2474" type="GMP work packet processing" contextid="2427" timestamp="2019-06-16T00:37:59.611">
  <concurrent-mark-start scanTarget="2439785" />
</concurrent-start>
<exclusive-end id="2475" timestamp="2019-06-16T00:37:59.612" durationms="2.233" />

<concurrent-end id="2476" type="GMP work packet processing" contextid="2427" timestamp="2019-06-16T00:37:59.612">
  <concurrent-mark-end bytesScanned="2486404" reasonForTermination="Work target met" />
</concurrent-end>

<exclusive-start id="2477" timestamp="2019-06-16T00:37:59.638" intervalms="28.124">
  <response-info timems="0.072" idlems="0.072" threads="0" lastid="0000000001AE6700" lastname="main" />
</exclusive-start>
<allocation-taxation id="2478" taxation-threshold="13631488" timestamp="2019-06-16T00:37:59.638" intervalms="28.077" />
<cycle-start id="2479" type="partial gc" contextid="0" timestamp="2019-06-16T00:37:59.638" intervalms="58.999" />
<gc-start id="2480" type="partial gc" contextid="2479" timestamp="2019-06-16T00:37:59.639">
  <mem-info id="2481" free="19922944" total="80740352" percent="24">
    <mem type="eden" free="0" total="27262976" percent="0" />
    <remembered-set count="60384" freebytes="2981376" totalbytes="3222912" percent="92" regionsoverflowed="0" regionsstable="0" regionsrebuilding="16"/>
  </mem-info>
</gc-start>
<allocation-stats totalBytes="27217472" >
  <allocated-bytes non-tlh="0" tlh="27217472" arrayletleaf="0"/>
  <largest-consumer threadName="main" threadId="0000000001AE6700" bytes="13607376" />
</allocation-stats>
<gc-op id="2482" type="copy forward" timems="1.884" contextid="2479" timestamp="2019-06-16T00:37:59.641">
  <memory-copied type="eden" objects="3" bytes="4056" bytesdiscarded="0" />
  <memory-copied type="other" objects="1401" bytes="102952" bytesdiscarded="0" />
  <memory-cardclean objects="159" bytes="18952" />
  <regions eden="26" other="1" />
  <remembered-set-cleared processed="57666" cleared="232" durationms="0.482" />
  <references type="soft" candidates="16" cleared="0" enqueued="0" dynamicThreshold="13" maxThreshold="32" />
  <references type="weak" candidates="62" cleared="0" enqueued="0" />
  <stringconstants candidates="13632" cleared="0"  />
</gc-op>
<gc-op id="2483" type="classunload" timems="0.005" contextid="2479" timestamp="2019-06-16T00:37:59.641">
  <classunload-info classloadercandidates="53" classloadersunloaded="0" classesunloaded="0" anonymousclassesunloaded="0" quiescems="0.000" setupms="0.004" scanms="0.000" postms="0.000" />
</gc-op>
<gc-end id="2484" type="partial gc" contextid="2479" durationms="3.117" usertimems="4.000" systemtimems="0.000" timestamp="2019-06-16T00:37:59.642" activeThreads="1">
  <mem-info id="2485" free="46137344" total="80740352" percent="57">
    <mem type="eden" free="1044520" total="1048576" percent="99" />
    <remembered-set count="60448" freebytes="2981120" totalbytes="3222912" percent="92" regionsoverflowed="0" regionsstable="0" regionsrebuilding="16"/>
  </mem-info>
</gc-end>
<cycle-end id="2486" type="partial gc" contextid="2479" timestamp="2019-06-16T00:37:59.642" />
  <attribute name="elasticGC enabled" value="1" />
  <attribute name= "numThreadsSpecified" value="1" />
  <attribute name="heapSize specified" value="0" />
  <attribute name="Current GC Util" value="65" />
  <attribute name= "Current Time Running" value="18690" />
  <attribute name ="GC Interval" value="0" />
  <attribute name="ProportionalT" value="67.500000" />
  <attribute name="ProportionalI" value="67.500000" />
  <attribute name="ProportionalH" value="67.500000" />
  <attribute name="Current Error" value="45.000000" />
  <attribute name="IntegralT" value="0.000000" />
  <attribute name="IntegralI" value="0.000000" />
  <attribute name="IntegralH" value="0.000000" />
  <attribute name="DerivativeT" value="inf" />
  <attribute name="DerivativeI" value="inf" />
  <attribute name="DerivativeH" value="inf" />
  <attribute name="Loop Time for DT" value="0.000000" />
  <attribute name="Output H" value="8388608"/>
  <attribute name="Output I" value="200"/>
  <attribute name="Output T" value="1"/>
  <attribute name="Target GC Util Change" value ="20.000000" />
  <attribute name="Current GC Util Change" value="65.000000"/>
  <attribute name="GC Util currently" value="65" />
  <attribute name="CPU Util currently" value="18661122876434" />
<exclusive-end id="2487" timestamp="2019-06-16T00:37:59.642" durationms="4.294" />

<exclusive-start id="2488" timestamp="2019-06-16T00:37:59.667" intervalms="28.992">
  <response-info timems="0.033" idlems="0.033" threads="0" lastid="0000000001AE6700" lastname="main" />
</exclusive-start>
<allocation-taxation id="2489" taxation-threshold="13631488" timestamp="2019-06-16T00:37:59.667" intervalms="29.050" />
<gc-start id="2490" type="global mark phase" contextid="2427" timestamp="2019-06-16T00:37:59.667">
  <mem-info id="2491" free="32505856" total="80740352" percent="40">
    <remembered-set count="60320" freebytes="2981632" totalbytes="3222912" percent="92" regionsoverflowed="0" regionsstable="0" regionsrebuilding="16"/>
  </mem-info>
</gc-start>
<gc-end id="2492" type="global mark phase" contextid="2427" durationms="0.161" usertimems="0.000" systemtimems="0.000" timestamp="2019-06-16T00:37:59.667" activeThreads="1">
  <mem-info id="2493" free="32505856" total="80740352" percent="40">
    <remembered-set count="60320" freebytes="2981632" totalbytes="3222912" percent="92" regionsoverflowed="0" regionsstable="0" regionsrebuilding="16"/>
  </mem-info>
</gc-end>
<concurrent-start id="2494" type="GMP work packet processing" contextid="2427" timestamp="2019-06-16T00:37:59.668">
  <concurrent-mark-start scanTarget="1048576" />
</concurrent-start>
<concurrent-end id="2495" type="GMP work packet processing" contextid="2427" timestamp="2019-06-16T00:37:59.668">
  <concurrent-mark-end bytesScanned="1096676" reasonForTermination="Work target met" />
</concurrent-end>

<exclusive-end id="2496" timestamp="2019-06-16T00:37:59.668" durationms="1.604" />

<exclusive-start id="2497" timestamp="2019-06-16T00:37:59.764" intervalms="96.850">
  <response-info timems="0.067" idlems="0.067" threads="0" lastid="0000000001AE6700" lastname="main" />
</exclusive-start>
<allocation-taxation id="2498" taxation-threshold="13631488" timestamp="2019-06-16T00:37:59.764" intervalms="96.907" />
<cycle-start id="2499" type="partial gc" contextid="0" timestamp="2019-06-16T00:37:59.764" intervalms="126.024" />
<gc-start id="2500" type="partial gc" contextid="2499" timestamp="2019-06-16T00:37:59.765">
  <mem-info id="2501" free="18874368" total="80740352" percent="23">
    <mem type="eden" free="1044520" total="28311552" percent="3" />
    <remembered-set count="68480" freebytes="2948992" totalbytes="3222912" percent="91" regionsoverflowed="0" regionsstable="0" regionsrebuilding="16"/>
  </mem-info>
</gc-start>
<allocation-stats totalBytes="27224144" >
  <allocated-bytes non-tlh="0" tlh="27224144" arrayletleaf="0"/>
  <largest-consumer threadName="main" threadId="0000000001AE6700" bytes="13614808" />
</allocation-stats>
<gc-op id="2502" type="copy forward" timems="1.772" contextid="2499" timestamp="2019-06-16T00:37:59.767">
  <memory-copied type="eden" objects="45" bytes="1384" bytesdiscarded="0" />
  <memory-copied type="other" objects="0" bytes="0" bytesdiscarded="0" />
  <memory-cardclean objects="104" bytes="12280" />
  <regions eden="26" other="1" />
  <remembered-set-cleared processed="66402" cleared="77" durationms="0.545" />
  <references type="weak" candidates="18" cleared="0" enqueued="0" />
  <stringconstants candidates="13632" cleared="0"  />
</gc-op>
<gc-op id="2503" type="classunload" timems="0.004" contextid="2499" timestamp="2019-06-16T00:37:59.768">
  <classunload-info classloadercandidates="53" classloadersunloaded="0" classesunloaded="0" anonymousclassesunloaded="0" quiescems="0.000" setupms="0.004" scanms="0.000" postms="0.000" />
</gc-op>
<heap-resize id="2504" type="contract" space="default" amount="4194304" count="1" timems="0.070" reason="insufficient time being spent in gc" timestamp="2019-06-16T00:37:59.768" />
<gc-end id="2505" type="partial gc" contextid="2499" durationms="3.457" usertimems="0.000" systemtimems="4.000" timestamp="2019-06-16T00:37:59.768" activeThreads="1">
  <mem-info id="2506" free="41943040" total="76546048" percent="54">
    <mem type="eden" free="1047192" total="1048576" percent="99" />
    <remembered-set count="68800" freebytes="2947712" totalbytes="3222912" percent="91" regionsoverflowed="0" regionsstable="0" regionsrebuilding="16"/>
  </mem-info>
</gc-end>
<cycle-end id="2507" type="partial gc" contextid="2499" timestamp="2019-06-16T00:37:59.768" />
  <attribute name="elasticGC enabled" value="1" />
  <attribute name= "numThreadsSpecified" value="1" />
  <attribute name="heapSize specified" value="0" />
  <attribute name="Current GC Util" value="55" />
  <attribute name= "Current Time Running" value="18816" />
  <attribute name ="GC Interval" value="0" />
  <attribute name="ProportionalT" value="52.500000" />
  <attribute name="ProportionalI" value="52.500000" />
  <attribute name="ProportionalH" value="52.500000" />
  <attribute name="Current Error" value="35.000000" />
  <attribute name="IntegralT" value="0.000000" />
  <attribute name="IntegralI" value="0.000000" />
  <attribute name="IntegralH" value="0.000000" />
  <attribute name="DerivativeT" value="inf" />
  <attribute name="DerivativeI" value="inf" />
  <attribute name="DerivativeH" value="inf" />
  <attribute name="Loop Time for DT" value="0.000000" />
  <attribute name="Output H" value="8388608"/>
  <attribute name="Output I" value="200"/>
  <attribute name="Output T" value="1"/>
  <attribute name="Target GC Util Change" value ="20.000000" />
  <attribute name="Current GC Util Change" value="55.000000"/>
  <attribute name="GC Util currently" value="55" />
  <attribute name="CPU Util currently" value="15876743648481" />
<exclusive-end id="2508" timestamp="2019-06-16T00:37:59.769" durationms="4.879" />

<exclusive-start id="2509" timestamp="2019-06-16T00:37:59.860" intervalms="96.656">
  <response-info timems="0.069" idlems="0.069" threads="0" lastid="0000000001AE6700" lastname="main" />
</exclusive-start>
<allocation-taxation id="2510" taxation-threshold="12582912" timestamp="2019-06-16T00:37:59.861" intervalms="96.575" />
<gc-start id="2511" type="global mark phase" contextid="2427" timestamp="2019-06-16T00:37:59.861">
  <mem-info id="2512" free="29360128" total="76546048" percent="38">
    <remembered-set count="68544" freebytes="2948736" totalbytes="3222912" percent="91" regionsoverflowed="0" regionsstable="0" regionsrebuilding="16"/>
  </mem-info>
</gc-start>
<gc-end id="2513" type="global mark phase" contextid="2427" durationms="0.198" usertimems="0.000" systemtimems="0.000" timestamp="2019-06-16T00:37:59.861" activeThreads="1">
  <mem-info id="2514" free="29360128" total="76546048" percent="38">
    <remembered-set count="68544" freebytes="2948736" totalbytes="3222912" percent="91" regionsoverflowed="0" regionsstable="0" regionsrebuilding="16"/>
  </mem-info>
</gc-end>
<concurrent-start id="2515" type="GMP work packet processing" contextid="2427" timestamp="2019-06-16T00:37:59.861">
  <concurrent-mark-start scanTarget="1048576" />
</concurrent-start>
<concurrent-end id="2516" type="GMP work packet processing" contextid="2427" timestamp="2019-06-16T00:37:59.862">
  <concurrent-mark-end bytesScanned="1096440" reasonForTermination="Work target met" />
</concurrent-end>

<exclusive-end id="2517" timestamp="2019-06-16T00:37:59.862" durationms="1.740" />

<exclusive-start id="2518" timestamp="2019-06-16T00:38:00.058" intervalms="197.175">
  <response-info timems="0.035" idlems="0.035" threads="0" lastid="0000000001AE6700" lastname="main" />
</exclusive-start>
<allocation-taxation id="2519" taxation-threshold="12582912" timestamp="2019-06-16T00:38:00.058" intervalms="197.118" />
<cycle-start id="2520" type="partial gc" contextid="0" timestamp="2019-06-16T00:38:00.058" intervalms="293.653" />
<gc-start id="2521" type="partial gc" contextid="2520" timestamp="2019-06-16T00:38:00.058">
  <mem-info id="2522" free="16777216" total="76546048" percent="21">
    <mem type="eden" free="0" total="25165824" percent="0" />
    <remembered-set count="78080" freebytes="2910592" totalbytes="3222912" percent="90" regionsoverflowed="0" regionsstable="0" regionsrebuilding="16"/>
  </mem-info>
</gc-start>
<allocation-stats totalBytes="25162520" >
  <allocated-bytes non-tlh="0" tlh="25162520" arrayletleaf="0"/>
  <largest-consumer threadName="main" threadId="0000000001AE6700" bytes="12580808" />
</allocation-stats>
<gc-op id="2523" type="copy forward" timems="3.095" contextid="2520" timestamp="2019-06-16T00:38:00.063">
  <memory-copied type="eden" objects="43" bytes="1512" bytesdiscarded="256" />
  <memory-copied type="other" objects="26" bytes="760" bytesdiscarded="584" />
  <memory-cardclean objects="123409" bytes="4249328" />
  <regions eden="24" other="1" />
  <remembered-set-cleared processed="34259" cleared="8891" durationms="0.219" />
  <references type="weak" candidates="34" cleared="0" enqueued="0" />
  <stringconstants candidates="13632" cleared="0"  />
</gc-op>
<gc-op id="2524" type="classunload" timems="0.005" contextid="2520" timestamp="2019-06-16T00:38:00.063">
  <classunload-info classloadercandidates="53" classloadersunloaded="0" classesunloaded="0" anonymousclassesunloaded="0" quiescems="0.000" setupms="0.005" scanms="0.000" postms="0.000" />
</gc-op>
<heap-resize id="2525" type="contract" space="default" amount="4194304" count="1" timems="0.062" reason="insufficient time being spent in gc" timestamp="2019-06-16T00:38:00.063" />
<gc-end id="2526" type="partial gc" contextid="2520" durationms="4.695" usertimems="12.000" systemtimems="0.000" timestamp="2019-06-16T00:38:00.063" activeThreads="4">
  <mem-info id="2527" free="36700160" total="72351744" percent="50">
    <mem type="eden" free="1046808" total="1048576" percent="99" />
    <remembered-set count="47008" freebytes="2867456" totalbytes="3055488" percent="93" regionsoverflowed="0" regionsstable="0" regionsrebuilding="16"/>
  </mem-info>
</gc-end>
<cycle-end id="2528" type="partial gc" contextid="2520" timestamp="2019-06-16T00:38:00.063" />
  <attribute name="elasticGC enabled" value="1" />
  <attribute name= "numThreadsSpecified" value="4" />
  <attribute name="heapSize specified" value="0" />
  <attribute name="Current GC Util" value="64" />
  <attribute name= "Current Time Running" value="19110" />
  <attribute name ="GC Interval" value="0" />
  <attribute name="ProportionalT" value="66.000000" />
  <attribute name="ProportionalI" value="66.000000" />
  <attribute name="ProportionalH" value="66.000000" />
  <attribute name="Current Error" value="44.000000" />
  <attribute name="IntegralT" value="44.000000" />
  <attribute name="IntegralI" value="44.000000" />
  <attribute name="IntegralH" value="44.000000" />
  <attribute name="DerivativeT" value="22.000000" />
  <attribute name="DerivativeI" value="22.000000" />
  <attribute name="DerivativeH" value="22.000000" />
  <attribute name="Loop Time for DT" value="1.000000" />
  <attribute name="Output H" value="8388608"/>
  <attribute name="Output I" value="200"/>
  <attribute name="Output T" value="4"/>
  <attribute name="Target GC Util Change" value ="20.000000" />
  <attribute name="Current GC Util Change" value="64.000000"/>
  <attribute name="GC Util currently" value="64" />
  <attribute name="CPU Util currently" value="7799469582969" />
<exclusive-end id="2529" timestamp="2019-06-16T00:38:00.063" durationms="5.931" />

<exclusive-start id="2530" timestamp="2019-06-16T00:38:00.133" intervalms="75.594">
  <response-info timems="0.069" idlems="0.069" threads="0" lastid="0000000001AE6700" lastname="main" />
</exclusive-start>
<allocation-taxation id="2531" taxation-threshold="12582912" timestamp="2019-06-16T00:38:00.133" intervalms="75.670" />
<gc-start id="2532" type="global mark phase" contextid="2427" timestamp="2019-06-16T00:38:00.134">
  <mem-info id="2533" free="24117248" total="72351744" percent="33">
    <remembered-set count="46912" freebytes="2867840" totalbytes="3055488" percent="93" regionsoverflowed="0" regionsstable="0" regionsrebuilding="16"/>
  </mem-info>
</gc-start>
<gc-end id="2534" type="global mark phase" contextid="2427" durationms="0.137" usertimems="0.000" systemtimems="0.000" timestamp="2019-06-16T00:38:00.134" activeThreads="4">
  <mem-info id="2535" free="24117248" total="72351744" percent="33">
    <remembered-set count="46912" freebytes="2867840" totalbytes="3055488" percent="93" regionsoverflowed="0" regionsstable="0" regionsrebuilding="16"/>
  </mem-info>
</gc-end>
<concurrent-start id="2536" type="GMP work packet processing" contextid="2427" timestamp="2019-06-16T00:38:00.134">
  <concurrent-mark-start scanTarget="2439785" />
</concurrent-start>
<concurrent-end id="2537" type="GMP work packet processing" contextid="2427" timestamp="2019-06-16T00:38:00.135">
  <concurrent-mark-end bytesScanned="2485620" reasonForTermination="Work target met" />
</concurrent-end>

<exclusive-end id="2538" timestamp="2019-06-16T00:38:00.135" durationms="2.308" />

<exclusive-start id="2539" timestamp="2019-06-16T00:38:00.184" intervalms="50.890">
  <response-info timems="0.079" idlems="0.079" threads="0" lastid="0000000001AE6700" lastname="main" />
</exclusive-start>
<allocation-taxation id="2540" taxation-threshold="12582912" timestamp="2019-06-16T00:38:00.184" intervalms="50.840" />
<cycle-start id="2541" type="partial gc" contextid="0" timestamp="2019-06-16T00:38:00.184" intervalms="126.467" />
<gc-start id="2542" type="partial gc" contextid="2541" timestamp="2019-06-16T00:38:00.185">
  <mem-info id="2543" free="11534336" total="72351744" percent="15">
    <mem type="eden" free="0" total="25165824" percent="0" />
    <remembered-set count="76704" freebytes="2748672" totalbytes="3055488" percent="89" regionsoverflowed="0" regionsstable="0" regionsrebuilding="16"/>
  </mem-info>
</gc-start>
<allocation-stats totalBytes="25161152" >
  <allocated-bytes non-tlh="0" tlh="25161152" arrayletleaf="0"/>
  <largest-consumer threadName="main" threadId="0000000001AE6700" bytes="12580440" />
</allocation-stats>
<gc-op id="2544" type="copy forward" timems="7.851" contextid="2541" timestamp="2019-06-16T00:38:00.193">
  <memory-copied type="eden" objects="1" bytes="24" bytesdiscarded="0" />
  <memory-copied type="other" objects="37" bytes="1200" bytesdiscarded="0" />
  <memory-cardclean objects="143707" bytes="4896784" />
  <regions eden="24" other="1" />
  <remembered-set-cleared processed="33458" cleared="6521" durationms="0.397" />
  <references type="weak" candidates="16" cleared="0" enqueued="0" />
  <stringconstants candidates="13632" cleared="0"  />
</gc-op>
<gc-op id="2545" type="classunload" timems="0.006" contextid="2541" timestamp="2019-06-16T00:38:00.194">
  <classunload-info classloadercandidates="53" classloadersunloaded="0" classesunloaded="0" anonymousclassesunloaded="0" quiescems="0.000" setupms="0.006" scanms="0.000" postms="0.000" />
</gc-op>
<heap-resize id="2546" type="contract" space="default" amount="4194304" count="1" timems="0.053" reason="insufficient time being spent in gc" timestamp="2019-06-16T00:38:00.194" />
<gc-end id="2547" type="partial gc" contextid="2541" durationms="9.241" usertimems="16.000" systemtimems="0.000" timestamp="2019-06-16T00:38:00.194" activeThreads="1">
  <mem-info id="2548" free="31457280" total="68157440" percent="46">
    <mem type="eden" free="1048552" total="1048576" percent="99" />
    <remembered-set count="50048" freebytes="2687872" totalbytes="2888064" percent="93" regionsoverflowed="0" regionsstable="0" regionsrebuilding="16"/>
  </mem-info>
</gc-end>
<cycle-end id="2549" type="partial gc" contextid="2541" timestamp="2019-06-16T00:38:00.194" />
  <attribute name="elasticGC enabled" value="1" />
  <attribute name= "numThreadsSpecified" value="1" />
  <attribute name="heapSize specified" value="0" />
  <attribute name="Current GC Util" value="61" />
  <attribute name= "Current Time Running" value="19236" />
  <attribute name ="GC Interval" value="0" />
  <attribute name="ProportionalT" value="61.500000" />
  <attribute name="ProportionalI" value="61.500000" />
  <attribute name="ProportionalH" value="61.500000" />
  <attribute name="Current Error" value="41.000000" />
  <attribute name="IntegralT" value="0.000000" />
  <attribute name="IntegralI" value="0.000000" />
  <attribute name="IntegralH" value="0.000000" />
  <attribute name="DerivativeT" value="inf" />
  <attribute name="DerivativeI" value="inf" />
  <attribute name="DerivativeH" value="inf" />
  <attribute name="Loop Time for DT" value="0.000000" />
  <attribute name="Output H" value="8388608"/>
  <attribute name="Output I" value="200"/>
  <attribute name="Output T" value="1"/>
  <attribute name="Target GC Util Change" value ="20.000000" />
  <attribute name="Current GC Util Change" value="61.000000"/>
  <attribute name="GC Util currently" value="61" />
  <attribute name="CPU Util currently" value="9599299722932" />
<exclusive-end id="2550" timestamp="2019-06-16T00:38:00.194" durationms="10.257" />

<exclusive-start id="2551" timestamp="2019-06-16T00:38:00.228" intervalms="43.541">
  <response-info timems="0.117" idlems="0.117" threads="0" lastid="0000000001AE6700" lastname="main" />
</exclusive-start>
<allocation-taxation id="2552" taxation-threshold="11534336" timestamp="2019-06-16T00:38:00.228" intervalms="43.559" />
<gc-start id="2553" type="global mark phase" contextid="2427" timestamp="2019-06-16T00:38:00.228">
  <mem-info id="2554" free="19922944" total="68157440" percent="29">
    <remembered-set count="49856" freebytes="2688640" totalbytes="2888064" percent="93" regionsoverflowed="0" regionsstable="0" regionsrebuilding="16"/>
  </mem-info>
</gc-start>
<gc-end id="2555" type="global mark phase" contextid="2427" durationms="0.188" usertimems="0.000" systemtimems="0.000" timestamp="2019-06-16T00:38:00.228" activeThreads="1">
  <mem-info id="2556" free="19922944" total="68157440" percent="29">
    <remembered-set count="49856" freebytes="2688640" totalbytes="2888064" percent="93" regionsoverflowed="0" regionsstable="0" regionsrebuilding="16"/>
  </mem-info>
</gc-end>
<concurrent-start id="2557" type="GMP work packet processing" contextid="2427" timestamp="2019-06-16T00:38:00.228">
  <concurrent-mark-start scanTarget="1048576" />
</concurrent-start>
<concurrent-end id="2558" type="GMP work packet processing" contextid="2427" timestamp="2019-06-16T00:38:00.229">
  <concurrent-mark-end bytesScanned="1091928" reasonForTermination="Work target met" />
</concurrent-end>

<exclusive-end id="2559" timestamp="2019-06-16T00:38:00.229" durationms="1.674" />

<exclusive-start id="2560" timestamp="2019-06-16T00:38:00.257" intervalms="29.916">
  <response-info timems="0.099" idlems="0.099" threads="0" lastid="0000000001AE6700" lastname="main" />
</exclusive-start>
<allocation-taxation id="2561" taxation-threshold="11534336" timestamp="2019-06-16T00:38:00.258" intervalms="29.869" />
<cycle-start id="2562" type="partial gc" contextid="0" timestamp="2019-06-16T00:38:00.258" intervalms="73.521" />
<gc-start id="2563" type="partial gc" contextid="2562" timestamp="2019-06-16T00:38:00.258">
  <mem-info id="2564" free="8388608" total="68157440" percent="12">
    <mem type="eden" free="1048552" total="24117248" percent="4" />
    <remembered-set count="63232" freebytes="2635136" totalbytes="2888064" percent="91" regionsoverflowed="0" regionsstable="0" regionsrebuilding="16"/>
  </mem-info>
</gc-start>
<allocation-stats totalBytes="23064408" >
  <allocated-bytes non-tlh="0" tlh="23064408" arrayletleaf="0"/>
  <largest-consumer threadName="main" threadId="0000000001AE6700" bytes="11532000" />
</allocation-stats>
<gc-op id="2565" type="copy forward" timems="3.786" contextid="2562" timestamp="2019-06-16T00:38:00.263">
  <memory-copied type="eden" objects="7" bytes="280" bytesdiscarded="0" />
  <memory-copied type="other" objects="0" bytes="0" bytesdiscarded="0" />
  <memory-cardclean objects="170456" bytes="5710544" />
  <regions eden="22" other="1" />
  <remembered-set-cleared processed="26503" cleared="3638" durationms="0.154" />
  <stringconstants candidates="13632" cleared="0"  />
</gc-op>
<gc-op id="2566" type="classunload" timems="0.005" contextid="2562" timestamp="2019-06-16T00:38:00.263">
  <classunload-info classloadercandidates="53" classloadersunloaded="0" classesunloaded="0" anonymousclassesunloaded="0" quiescems="0.000" setupms="0.005" scanms="0.000" postms="0.000" />
</gc-op>
<gc-end id="2567" type="partial gc" contextid="2562" durationms="5.115" usertimems="8.000" systemtimems="4.000" timestamp="2019-06-16T00:38:00.263" activeThreads="4">
  <mem-info id="2568" free="31457280" total="68157440" percent="46">
    <mem type="eden" free="1048296" total="1048576" percent="99" />
    <remembered-set count="50592" freebytes="2518272" totalbytes="2720640" percent="92" regionsoverflowed="0" regionsstable="0" regionsrebuilding="16"/>
  </mem-info>
</gc-end>
<cycle-end id="2569" type="partial gc" contextid="2562" timestamp="2019-06-16T00:38:00.264" />
  <attribute name="elasticGC enabled" value="1" />
  <attribute name= "numThreadsSpecified" value="4" />
  <attribute name="heapSize specified" value="0" />
  <attribute name="Current GC Util" value="64" />
  <attribute name= "Current Time Running" value="19310" />
  <attribute name ="GC Interval" value="0" />
  <attribute name="ProportionalT" value="66.000000" />
  <attribute name="ProportionalI" value="66.000000" />
  <attribute name="ProportionalH" value="66.000000" />
  <attribute name="Current Error" value="44.000000" />
  <attribute name="IntegralT" value="44.000000" />
  <attribute name="IntegralI" value="44.000000" />
  <attribute name="IntegralH" value="44.000000" />
  <attribute name="DerivativeT" value="22.000000" />
  <attribute name="DerivativeI" value="22.000000" />
  <attribute name="DerivativeH" value="22.000000" />
  <attribute name="Loop Time for DT" value="1.000000" />
  <attribute name="Output H" value="8388608"/>
  <attribute name="Output I" value="200"/>
  <attribute name="Output T" value="4"/>
  <attribute name="Target GC Util Change" value ="20.000000" />
  <attribute name="Current GC Util Change" value="64.000000"/>
  <attribute name="GC Util currently" value="64" />
  <attribute name="CPU Util currently" value="9788833714999" />
<exclusive-end id="2570" timestamp="2019-06-16T00:38:00.264" durationms="6.305" />

<exclusive-start id="2571" timestamp="2019-06-16T00:38:00.286" intervalms="28.731">
  <response-info timems="0.090" idlems="0.090" threads="0" lastid="0000000001AE6700" lastname="main" />
</exclusive-start>
<allocation-taxation id="2572" taxation-threshold="11534336" timestamp="2019-06-16T00:38:00.287" intervalms="28.830" />
<gc-start id="2573" type="global mark phase" contextid="2427" timestamp="2019-06-16T00:38:00.287">
  <mem-info id="2574" free="19922944" total="68157440" percent="29">
    <remembered-set count="50592" freebytes="2518272" totalbytes="2720640" percent="92" regionsoverflowed="0" regionsstable="0" regionsrebuilding="16"/>
  </mem-info>
</gc-start>
<gc-end id="2575" type="global mark phase" contextid="2427" durationms="0.159" usertimems="0.000" systemtimems="0.000" timestamp="2019-06-16T00:38:00.287" activeThreads="4">
  <mem-info id="2576" free="19922944" total="68157440" percent="29">
    <remembered-set count="50592" freebytes="2518272" totalbytes="2720640" percent="92" regionsoverflowed="0" regionsstable="0" regionsrebuilding="16"/>
  </mem-info>
</gc-end>
<concurrent-start id="2577" type="GMP work packet processing" contextid="2427" timestamp="2019-06-16T00:38:00.287">
  <concurrent-mark-start scanTarget="2439785" />
</concurrent-start>
<concurrent-end id="2578" type="GMP work packet processing" contextid="2427" timestamp="2019-06-16T00:38:00.288">
  <concurrent-mark-end bytesScanned="1413964" reasonForTermination="Completed all work in GC phase" />
</concurrent-end>

<exclusive-end id="2579" timestamp="2019-06-16T00:38:00.288" durationms="1.778" />

<exclusive-start id="2580" timestamp="2019-06-16T00:38:00.309" intervalms="23.162">
  <response-info timems="0.063" idlems="0.063" threads="0" lastid="0000000001AE6700" lastname="main" />
</exclusive-start>
<allocation-taxation id="2581" taxation-threshold="11534336" timestamp="2019-06-16T00:38:00.309" intervalms="22.963" />
<cycle-start id="2582" type="partial gc" contextid="0" timestamp="2019-06-16T00:38:00.310" intervalms="51.645" />
<gc-start id="2583" type="partial gc" contextid="2582" timestamp="2019-06-16T00:38:00.310">
  <mem-info id="2584" free="8388608" total="68157440" percent="12">
    <mem type="eden" free="1048296" total="24117248" percent="4" />
    <remembered-set count="56608" freebytes="2494208" totalbytes="2720640" percent="91" regionsoverflowed="0" regionsstable="0" regionsrebuilding="16"/>
  </mem-info>
</gc-start>
<allocation-stats totalBytes="23064088" >
  <allocated-bytes non-tlh="0" tlh="23064088" arrayletleaf="0"/>
  <largest-consumer threadName="main" threadId="0000000001AE6700" bytes="11531984" />
</allocation-stats>
<gc-op id="2585" type="copy forward" timems="1.329" contextid="2582" timestamp="2019-06-16T00:38:00.312">
  <memory-copied type="eden" objects="1" bytes="24" bytesdiscarded="0" />
  <memory-copied type="other" objects="0" bytes="0" bytesdiscarded="0" />
  <memory-cardclean objects="25" bytes="1096" />
  <regions eden="22" other="1" />
  <remembered-set-cleared processed="53540" cleared="17" durationms="0.427" />
  <stringconstants candidates="13632" cleared="0"  />
</gc-op>
<gc-op id="2586" type="classunload" timems="0.003" contextid="2582" timestamp="2019-06-16T00:38:00.312">
  <classunload-info classloadercandidates="53" classloadersunloaded="0" classesunloaded="0" anonymousclassesunloaded="0" quiescems="0.000" setupms="0.003" scanms="0.000" postms="0.000" />
</gc-op>
<gc-end id="2587" type="partial gc" contextid="2582" durationms="2.215" usertimems="4.000" systemtimems="0.000" timestamp="2019-06-16T00:38:00.312" activeThreads="1">
  <mem-info id="2588" free="31457280" total="68157440" percent="46">
    <mem type="eden" free="1048552" total="1048576" percent="99" />
    <remembered-set count="56992" freebytes="2492672" totalbytes="2720640" percent="91" regionsoverflowed="0" regionsstable="0" regionsrebuilding="16"/>
  </mem-info>
</gc-end>
<cycle-end id="2589" type="partial gc" contextid="2582" timestamp="2019-06-16T00:38:00.312" />
  <attribute name="elasticGC enabled" value="1" />
  <attribute name= "numThreadsSpecified" value="1" />
  <attribute name="heapSize specified" value="0" />
  <attribute name="Current GC Util" value="64" />
  <attribute name= "Current Time Running" value="19361" />
  <attribute name ="GC Interval" value="0" />
  <attribute name="ProportionalT" value="66.000000" />
  <attribute name="ProportionalI" value="66.000000" />
  <attribute name="ProportionalH" value="66.000000" />
  <attribute name="Current Error" value="44.000000" />
  <attribute name="IntegralT" value="0.000000" />
  <attribute name="IntegralI" value="0.000000" />
  <attribute name="IntegralH" value="0.000000" />
  <attribute name="DerivativeT" value="inf" />
  <attribute name="DerivativeI" value="inf" />
  <attribute name="DerivativeH" value="inf" />
  <attribute name="Loop Time for DT" value="0.000000" />
  <attribute name="Output H" value="8388608"/>
  <attribute name="Output I" value="200"/>
  <attribute name="Output T" value="1"/>
  <attribute name="Target GC Util Change" value ="20.000000" />
  <attribute name="Current GC Util Change" value="64.000000"/>
  <attribute name="GC Util currently" value="64" />
  <attribute name="CPU Util currently" value="20183228105066" />
<exclusive-end id="2590" timestamp="2019-06-16T00:38:00.312" durationms="2.933" />

<exclusive-start id="2591" timestamp="2019-06-16T00:38:00.334" intervalms="24.159">
  <response-info timems="0.088" idlems="0.088" threads="0" lastid="0000000001AE6700" lastname="main" />
</exclusive-start>
<allocation-taxation id="2592" taxation-threshold="11534336" timestamp="2019-06-16T00:38:00.334" intervalms="24.290" />
<gc-start id="2593" type="global mark phase" contextid="2427" timestamp="2019-06-16T00:38:00.334">
  <mem-info id="2594" free="19922944" total="68157440" percent="29">
    <remembered-set count="56512" freebytes="2494592" totalbytes="2720640" percent="91" regionsoverflowed="0" regionsstable="0" regionsrebuilding="16"/>
  </mem-info>
</gc-start>
<gc-op id="2595" type="mark increment" timems="4.459" contextid="2427" timestamp="2019-06-16T00:38:00.339">
  <trace-info objectcount="1431" scancount="956" scanbytes="372372" />
  <cardclean-info objects="250170" bytes="7114296" />
  <finalization candidates="80" enqueued="0" />
  <ownableSynchronizers candidates="21" cleared="0" />
  <references type="soft" candidates="3279" cleared="0" enqueued="0" dynamicThreshold="14" maxThreshold="32" />
  <references type="weak" candidates="5733" cleared="10" enqueued="7" />
  <references type="phantom" candidates="101" cleared="0" enqueued="0" />
  <stringconstants candidates="13632" cleared="0"  />
</gc-op>
<gc-op id="2596" type="classunload" timems="0.005" contextid="2427" timestamp="2019-06-16T00:38:00.339">
  <classunload-info classloadercandidates="53" classloadersunloaded="0" classesunloaded="0" anonymousclassesunloaded="0" quiescems="0.000" setupms="0.005" scanms="0.000" postms="0.000" />
</gc-op>
<gc-end id="2597" type="global mark phase" contextid="2427" durationms="5.032" usertimems="12.000" systemtimems="0.000" timestamp="2019-06-16T00:38:00.339" activeThreads="4">
  <mem-info id="2598" free="19922944" total="68157440" percent="29">
    <pending-finalizers system="0" default="0" reference="7" classloader="0" />
    <remembered-set count="85696" freebytes="2377856" totalbytes="2720640" percent="87" regionsoverflowed="0" regionsstable="0" regionsrebuilding="0"/>
  </mem-info>
</gc-end>
<cycle-end id="2599" type="global mark phase" contextid="2427" timestamp="2019-06-16T00:38:00.339" />
  <attribute name="elasticGC enabled" value="1" />
  <attribute name= "numThreadsSpecified" value="4" />
  <attribute name="heapSize specified" value="0" />
  <attribute name="Current GC Util" value="108" />
  <attribute name= "Current Time Running" value="19388" />
  <attribute name ="GC Interval" value="0" />
  <attribute name="ProportionalT" value="132.000000" />
  <attribute name="ProportionalI" value="132.000000" />
  <attribute name="ProportionalH" value="132.000000" />
  <attribute name="Current Error" value="88.000000" />
  <attribute name="IntegralT" value="0.000000" />
  <attribute name="IntegralI" value="0.000000" />
  <attribute name="IntegralH" value="0.000000" />
  <attribute name="DerivativeT" value="-inf" />
  <attribute name="DerivativeI" value="-inf" />
  <attribute name="DerivativeH" value="-inf" />
  <attribute name="Loop Time for DT" value="0.000000" />
  <attribute name="Output H" value="2091843584"/>
  <attribute name="Output I" value="200"/>
  <attribute name="Output T" value="4"/>
  <attribute name="Target GC Util Change" value ="20.000000" />
  <attribute name="Current GC Util Change" value="108.000000"/>
  <attribute name="GC Util currently" value="108" />
  <attribute name="CPU Util currently" value="11912838100651" />
<exclusive-end id="2600" timestamp="2019-06-16T00:38:00.339" durationms="5.796" />

<exclusive-start id="2601" timestamp="2019-06-16T00:38:00.361" intervalms="27.043">
  <response-info timems="0.083" idlems="0.083" threads="0" lastid="0000000001AE6700" lastname="main" />
</exclusive-start>
<allocation-taxation id="2602" taxation-threshold="11534336" timestamp="2019-06-16T00:38:00.361" intervalms="26.995" />
<cycle-start id="2603" type="partial gc" contextid="0" timestamp="2019-06-16T00:38:00.361" intervalms="51.387" />
<gc-start id="2604" type="partial gc" contextid="2603" timestamp="2019-06-16T00:38:00.361">
  <mem-info id="2605" free="8388608" total="68157440" percent="12">
    <mem type="eden" free="1048552" total="24117248" percent="4" />
    <remembered-set count="75392" freebytes="2419072" totalbytes="2720640" percent="88" regionsoverflowed="0" regionsstable="8" regionsrebuilding="0"/>
  </mem-info>
</gc-start>
<allocation-stats totalBytes="23063984" >
  <allocated-bytes non-tlh="0" tlh="23063984" arrayletleaf="0"/>
  <largest-consumer threadName="main" threadId="0000000001AE6700" bytes="11531992" />
</allocation-stats>
<gc-op id="2606" type="sweep" timems="0.641" contextid="2603" timestamp="2019-06-16T00:38:00.362" />
<gc-op id="2607" type="copy forward" timems="1.504" contextid="2603" timestamp="2019-06-16T00:38:00.364">
  <memory-copied type="eden" objects="8" bytes="296" bytesdiscarded="0" />
  <memory-copied type="other" objects="0" bytes="0" bytesdiscarded="0" />
  <memory-cardclean objects="34" bytes="2104" />
  <regions eden="11" other="1" />
  <remembered-set-cleared processed="72744" cleared="39" durationms="0.271" />
  <stringconstants candidates="13632" cleared="0"  />
</gc-op>
<gc-op id="2608" type="classunload" timems="0.004" contextid="2603" timestamp="2019-06-16T00:38:00.364">
  <classunload-info classloadercandidates="53" classloadersunloaded="0" classesunloaded="0" anonymousclassesunloaded="0" quiescems="0.000" setupms="0.004" scanms="0.000" postms="0.000" />
</gc-op>
<heap-resize id="2609" type="expand" space="default" amount="12582912" count="1" timems="0.072" reason="excessive time being spent in gc" timestamp="2019-06-16T00:38:00.365" />
<gc-end id="2610" type="partial gc" contextid="2603" durationms="3.589" usertimems="4.000" systemtimems="0.000" timestamp="2019-06-16T00:38:00.365" activeThreads="4">
  <mem-info id="2611" free="44040192" total="80740352" percent="54">
    <mem type="eden" free="1048280" total="1048576" percent="99" />
    <remembered-set count="75200" freebytes="2922112" totalbytes="3222912" percent="90" regionsoverflowed="0" regionsstable="8" regionsrebuilding="0"/>
  </mem-info>
</gc-end>
<cycle-end id="2612" type="partial gc" contextid="2603" timestamp="2019-06-16T00:38:00.365" />
  <attribute name="elasticGC enabled" value="1" />
  <attribute name= "numThreadsSpecified" value="4" />
  <attribute name="heapSize specified" value="0" />
  <attribute name="Current GC Util" value="59" />
  <attribute name= "Current Time Running" value="19413" />
  <attribute name ="GC Interval" value="0" />
  <attribute name="ProportionalT" value="58.500000" />
  <attribute name="ProportionalI" value="58.500000" />
  <attribute name="ProportionalH" value="58.500000" />
  <attribute name="Current Error" value="39.000000" />
  <attribute name="IntegralT" value="0.000000" />
  <attribute name="IntegralI" value="0.000000" />
  <attribute name="IntegralH" value="0.000000" />
  <attribute name="DerivativeT" value="-inf" />
  <attribute name="DerivativeI" value="-inf" />
  <attribute name="DerivativeH" value="-inf" />
  <attribute name="Loop Time for DT" value="0.000000" />
  <attribute name="Output H" value="2091843584"/>
  <attribute name="Output I" value="200"/>
  <attribute name="Output T" value="4"/>
  <attribute name="Target GC Util Change" value ="20.000000" />
  <attribute name="Current GC Util Change" value="59.000000"/>
  <attribute name="GC Util currently" value="59" />
  <attribute name="CPU Util currently" value="20331919462757" />
<exclusive-end id="2613" timestamp="2019-06-16T00:38:00.365" durationms="4.604" />

<exclusive-start id="2614" timestamp="2019-06-16T00:38:00.415" intervalms="54.174">
  <response-info timems="0.088" idlems="0.088" threads="0" lastid="0000000001AE6700" lastname="main" />
</exclusive-start>
<allocation-taxation id="2615" taxation-threshold="27262976" timestamp="2019-06-16T00:38:00.415" intervalms="54.235" />
<cycle-start id="2616" type="partial gc" contextid="0" timestamp="2019-06-16T00:38:00.415" intervalms="54.237" />
<gc-start id="2617" type="partial gc" contextid="2616" timestamp="2019-06-16T00:38:00.415">
  <mem-info id="2618" free="16777216" total="80740352" percent="20">
    <mem type="eden" free="1048280" total="28311552" percent="3" />
    <remembered-set count="74752" freebytes="2923904" totalbytes="3222912" percent="90" regionsoverflowed="0" regionsstable="8" regionsrebuilding="0"/>
  </mem-info>
</gc-start>
<allocation-stats totalBytes="27258136" >
  <allocated-bytes non-tlh="0" tlh="27258136" arrayletleaf="0"/>
  <largest-consumer threadName="main" threadId="0000000001AE6700" bytes="27258136" />
</allocation-stats>
<gc-op id="2619" type="copy forward" timems="2.368" contextid="2616" timestamp="2019-06-16T00:38:00.419">
  <memory-copied type="eden" objects="5" bytes="240" bytesdiscarded="0" />
  <memory-copied type="other" objects="32312" bytes="699536" bytesdiscarded="9080" />
  <memory-cardclean objects="4404" bytes="264432" />
  <regions eden="26" other="12" />
  <remembered-set-cleared processed="72453" cleared="2400" durationms="0.297" />
  <references type="weak" candidates="6" cleared="0" enqueued="0" />
  <stringconstants candidates="13632" cleared="0"  />
</gc-op>
<gc-op id="2620" type="classunload" timems="0.004" contextid="2616" timestamp="2019-06-16T00:38:00.419">
  <classunload-info classloadercandidates="53" classloadersunloaded="0" classesunloaded="0" anonymousclassesunloaded="0" quiescems="0.000" setupms="0.004" scanms="0.000" postms="0.000" />
</gc-op>
<gc-end id="2621" type="partial gc" contextid="2616" durationms="3.510" usertimems="8.000" systemtimems="0.000" timestamp="2019-06-16T00:38:00.419" activeThreads="4">
  <mem-info id="2622" free="53477376" total="80740352" percent="66">
    <mem type="eden" free="1048336" total="1048576" percent="99" />
    <remembered-set count="73888" freebytes="2927360" totalbytes="3222912" percent="90" regionsoverflowed="0" regionsstable="8" regionsrebuilding="0"/>
  </mem-info>
</gc-end>
<cycle-end id="2623" type="partial gc" contextid="2616" timestamp="2019-06-16T00:38:00.419" />
  <attribute name="elasticGC enabled" value="1" />
  <attribute name= "numThreadsSpecified" value="4" />
  <attribute name="heapSize specified" value="0" />
  <attribute name="Current GC Util" value="58" />
  <attribute name= "Current Time Running" value="19467" />
  <attribute name ="GC Interval" value="0" />
  <attribute name="ProportionalT" value="57.000000" />
  <attribute name="ProportionalI" value="57.000000" />
  <attribute name="ProportionalH" value="57.000000" />
  <attribute name="Current Error" value="38.000000" />
  <attribute name="IntegralT" value="38.000000" />
  <attribute name="IntegralI" value="38.000000" />
  <attribute name="IntegralH" value="38.000000" />
  <attribute name="DerivativeT" value="19.000000" />
  <attribute name="DerivativeI" value="19.000000" />
  <attribute name="DerivativeH" value="19.000000" />
  <attribute name="Loop Time for DT" value="1.000000" />
  <attribute name="Output H" value="8388608"/>
  <attribute name="Output I" value="200"/>
  <attribute name="Output T" value="4"/>
  <attribute name="Target GC Util Change" value ="20.000000" />
  <attribute name="Current GC Util Change" value="58.000000"/>
  <attribute name="GC Util currently" value="58" />
  <attribute name="CPU Util currently" value="15358617405291" />
<exclusive-end id="2624" timestamp="2019-06-16T00:38:00.419" durationms="4.672" />

<exclusive-start id="2625" timestamp="2019-06-16T00:38:00.469" intervalms="54.355">
  <response-info timems="0.130" idlems="0.130" threads="0" lastid="0000000001AE6700" lastname="main" />
</exclusive-start>
<allocation-taxation id="2626" taxation-threshold="27262976" timestamp="2019-06-16T00:38:00.469" intervalms="54.377" />
<cycle-start id="2627" type="partial gc" contextid="0" timestamp="2019-06-16T00:38:00.470" intervalms="54.395" />
<gc-start id="2628" type="partial gc" contextid="2627" timestamp="2019-06-16T00:38:00.470">
  <mem-info id="2629" free="26214400" total="80740352" percent="32">
    <mem type="eden" free="1048336" total="28311552" percent="3" />
    <remembered-set count="73440" freebytes="2929152" totalbytes="3222912" percent="90" regionsoverflowed="0" regionsstable="8" regionsrebuilding="0"/>
  </mem-info>
</gc-start>
<allocation-stats totalBytes="27258016" >
  <allocated-bytes non-tlh="0" tlh="27258016" arrayletleaf="0"/>
  <largest-consumer threadName="main" threadId="0000000001AE6700" bytes="27258016" />
</allocation-stats>
<gc-op id="2630" type="copy forward" timems="1.374" contextid="2627" timestamp="2019-06-16T00:38:00.472">
  <memory-copied type="eden" objects="10" bytes="336" bytesdiscarded="0" />
  <memory-copied type="other" objects="35" bytes="928" bytesdiscarded="152" />
  <memory-cardclean objects="68" bytes="11048" />
  <regions eden="26" other="3" />
  <remembered-set-cleared processed="71799" cleared="65" durationms="0.507" />
  <references type="weak" candidates="14" cleared="0" enqueued="0" />
  <stringconstants candidates="13632" cleared="0"  />
</gc-op>
<gc-op id="2631" type="classunload" timems="0.004" contextid="2627" timestamp="2019-06-16T00:38:00.472">
  <classunload-info classloadercandidates="53" classloadersunloaded="0" classesunloaded="0" anonymousclassesunloaded="0" quiescems="0.000" setupms="0.003" scanms="0.000" postms="0.000" />
</gc-op>
<gc-end id="2632" type="partial gc" contextid="2627" durationms="2.620" usertimems="0.000" systemtimems="0.000" timestamp="2019-06-16T00:38:00.472" activeThreads="1">
  <mem-info id="2633" free="54525952" total="80740352" percent="67">
    <mem type="eden" free="1048240" total="1048576" percent="99" />
    <remembered-set count="73536" freebytes="2928768" totalbytes="3222912" percent="90" regionsoverflowed="0" regionsstable="8" regionsrebuilding="0"/>
  </mem-info>
</gc-end>
<cycle-end id="2634" type="partial gc" contextid="2627" timestamp="2019-06-16T00:38:00.473" />
  <attribute name="elasticGC enabled" value="1" />
  <attribute name= "numThreadsSpecified" value="1" />
  <attribute name="heapSize specified" value="0" />
  <attribute name="Current GC Util" value="70" />
  <attribute name= "Current Time Running" value="19521" />
  <attribute name ="GC Interval" value="0" />
  <attribute name="ProportionalT" value="75.000000" />
  <attribute name="ProportionalI" value="75.000000" />
  <attribute name="ProportionalH" value="75.000000" />
  <attribute name="Current Error" value="50.000000" />
  <attribute name="IntegralT" value="0.000000" />
  <attribute name="IntegralI" value="0.000000" />
  <attribute name="IntegralH" value="0.000000" />
  <attribute name="DerivativeT" value="inf" />
  <attribute name="DerivativeI" value="inf" />
  <attribute name="DerivativeH" value="inf" />
  <attribute name="Loop Time for DT" value="0.000000" />
  <attribute name="Output H" value="8388608"/>
  <attribute name="Output I" value="200"/>
  <attribute name="Output T" value="1"/>
  <attribute name="Target GC Util Change" value ="20.000000" />
  <attribute name="Current GC Util Change" value="70.000000"/>
  <attribute name="GC Util currently" value="70" />
  <attribute name="CPU Util currently" value="16529636632446" />
<exclusive-end id="2635" timestamp="2019-06-16T00:38:00.473" durationms="3.884" />

<exclusive-start id="2636" timestamp="2019-06-16T00:38:00.522" intervalms="52.763">
  <response-info timems="0.130" idlems="0.130" threads="0" lastid="0000000001AE6700" lastname="main" />
</exclusive-start>
<allocation-taxation id="2637" taxation-threshold="27262976" timestamp="2019-06-16T00:38:00.522" intervalms="52.761" />
<cycle-start id="2638" type="partial gc" contextid="0" timestamp="2019-06-16T00:38:00.522" intervalms="52.773" />
<gc-start id="2639" type="partial gc" contextid="2638" timestamp="2019-06-16T00:38:00.523">
  <mem-info id="2640" free="27262976" total="80740352" percent="33">
    <mem type="eden" free="1048240" total="28311552" percent="3" />
    <remembered-set count="73152" freebytes="2930304" totalbytes="3222912" percent="90" regionsoverflowed="0" regionsstable="8" regionsrebuilding="0"/>
  </mem-info>
</gc-start>
<allocation-stats totalBytes="27257856" >
  <allocated-bytes non-tlh="0" tlh="27257856" arrayletleaf="0"/>
  <largest-consumer threadName="main" threadId="0000000001AE6700" bytes="27257856" />
</allocation-stats>
<gc-op id="2641" type="copy forward" timems="1.242" contextid="2638" timestamp="2019-06-16T00:38:00.525">
  <memory-copied type="eden" objects="6" bytes="264" bytesdiscarded="0" />
  <memory-copied type="other" objects="37" bytes="1200" bytesdiscarded="0" />
  <memory-cardclean objects="46" bytes="10088" />
  <regions eden="26" other="2" />
  <remembered-set-cleared processed="71773" cleared="49" durationms="0.483" />
  <references type="weak" candidates="16" cleared="0" enqueued="0" />
  <stringconstants candidates="13632" cleared="0"  />
</gc-op>
<gc-op id="2642" type="classunload" timems="0.004" contextid="2638" timestamp="2019-06-16T00:38:00.525">
  <classunload-info classloadercandidates="53" classloadersunloaded="0" classesunloaded="0" anonymousclassesunloaded="0" quiescems="0.000" setupms="0.004" scanms="0.000" postms="0.000" />
</gc-op>
<heap-resize id="2643" type="contract" space="default" amount="4194304" count="1" timems="0.052" reason="excess free space following gc" timestamp="2019-06-16T00:38:00.525" />
<gc-end id="2644" type="partial gc" contextid="2638" durationms="2.712" usertimems="4.000" systemtimems="0.000" timestamp="2019-06-16T00:38:00.525" activeThreads="1">
  <mem-info id="2645" free="50331648" total="76546048" percent="65">
    <mem type="eden" free="1048312" total="1048576" percent="99" />
    <remembered-set count="73536" freebytes="2928768" totalbytes="3222912" percent="90" regionsoverflowed="0" regionsstable="8" regionsrebuilding="0"/>
  </mem-info>
</gc-end>
<cycle-end id="2646" type="partial gc" contextid="2638" timestamp="2019-06-16T00:38:00.526" />
  <attribute name="elasticGC enabled" value="1" />
  <attribute name= "numThreadsSpecified" value="1" />
  <attribute name="heapSize specified" value="0" />
  <attribute name="Current GC Util" value="93" />
  <attribute name= "Current Time Running" value="19574" />
  <attribute name ="GC Interval" value="0" />
  <attribute name="ProportionalT" value="109.500000" />
  <attribute name="ProportionalI" value="109.500000" />
  <attribute name="ProportionalH" value="109.500000" />
  <attribute name="Current Error" value="73.000000" />
  <attribute name="IntegralT" value="0.000000" />
  <attribute name="IntegralI" value="0.000000" />
  <attribute name="IntegralH" value="0.000000" />
  <attribute name="DerivativeT" value="inf" />
  <attribute name="DerivativeI" value="inf" />
  <attribute name="DerivativeH" value="inf" />
  <attribute name="Loop Time for DT" value="0.000000" />
  <attribute name="Output H" value="8388608"/>
  <attribute name="Output I" value="200"/>
  <attribute name="Output T" value="1"/>
  <attribute name="Target GC Util Change" value ="20.000000" />
  <attribute name="Current GC Util Change" value="93.000000"/>
  <attribute name="GC Util currently" value="93" />
  <attribute name="CPU Util currently" value="17686371409195" />
<exclusive-end id="2647" timestamp="2019-06-16T00:38:00.526" durationms="4.010" />

<exclusive-start id="2648" timestamp="2019-06-16T00:38:00.567" intervalms="45.330">
  <response-info timems="0.074" idlems="0.074" threads="0" lastid="0000000001AE6700" lastname="main" />
</exclusive-start>
<allocation-taxation id="2649" taxation-threshold="26214400" timestamp="2019-06-16T00:38:00.567" intervalms="45.369" />
<cycle-start id="2650" type="partial gc" contextid="0" timestamp="2019-06-16T00:38:00.568" intervalms="45.356" />
<gc-start id="2651" type="partial gc" contextid="2650" timestamp="2019-06-16T00:38:00.568">
  <mem-info id="2652" free="24117248" total="76546048" percent="31">
    <mem type="eden" free="1048312" total="27262976" percent="3" />
    <remembered-set count="73120" freebytes="2930432" totalbytes="3222912" percent="90" regionsoverflowed="0" regionsstable="8" regionsrebuilding="0"/>
  </mem-info>
</gc-start>
<allocation-stats totalBytes="26195600" >
  <allocated-bytes non-tlh="0" tlh="26195600" arrayletleaf="0"/>
  <largest-consumer threadName="main" threadId="0000000001AE6700" bytes="26195600" />
</allocation-stats>
<gc-op id="2653" type="copy forward" timems="1.685" contextid="2650" timestamp="2019-06-16T00:38:00.571">
  <memory-copied type="eden" objects="24" bytes="1272" bytesdiscarded="1184" />
  <memory-copied type="other" objects="7" bytes="160" bytesdiscarded="0" />
  <memory-cardclean objects="68" bytes="2608" />
  <regions eden="25" other="2" />
  <remembered-set-cleared processed="71763" cleared="54" durationms="0.277" />
  <stringconstants candidates="13632" cleared="0"  />
</gc-op>
<gc-op id="2654" type="classunload" timems="0.005" contextid="2650" timestamp="2019-06-16T00:38:00.571">
  <classunload-info classloadercandidates="53" classloadersunloaded="0" classesunloaded="0" anonymousclassesunloaded="0" quiescems="0.000" setupms="0.003" scanms="0.000" postms="0.000" />
</gc-op>
<heap-resize id="2655" type="contract" space="default" amount="4194304" count="1" timems="0.060" reason="excess free space following gc" timestamp="2019-06-16T00:38:00.571" />
<gc-end id="2656" type="partial gc" contextid="2650" durationms="3.213" usertimems="4.000" systemtimems="0.000" timestamp="2019-06-16T00:38:00.571" activeThreads="4">
  <mem-info id="2657" free="46137344" total="72351744" percent="63">
    <mem type="eden" free="1046120" total="1048576" percent="99" />
    <remembered-set count="74080" freebytes="2759168" totalbytes="3055488" percent="90" regionsoverflowed="0" regionsstable="8" regionsrebuilding="0"/>
  </mem-info>
</gc-end>
<cycle-end id="2658" type="partial gc" contextid="2650" timestamp="2019-06-16T00:38:00.572" />
  <attribute name="elasticGC enabled" value="1" />
  <attribute name= "numThreadsSpecified" value="4" />
  <attribute name="heapSize specified" value="0" />
  <attribute name="Current GC Util" value="49" />
  <attribute name= "Current Time Running" value="19620" />
  <attribute name ="GC Interval" value="0" />
  <attribute name="ProportionalT" value="43.500000" />
  <attribute name="ProportionalI" value="43.500000" />
  <attribute name="ProportionalH" value="43.500000" />
  <attribute name="Current Error" value="29.000000" />
  <attribute name="IntegralT" value="29.000000" />
  <attribute name="IntegralI" value="29.000000" />
  <attribute name="IntegralH" value="29.000000" />
  <attribute name="DerivativeT" value="14.500000" />
  <attribute name="DerivativeI" value="14.500000" />
  <attribute name="DerivativeH" value="14.500000" />
  <attribute name="Loop Time for DT" value="1.000000" />
  <attribute name="Output H" value="8388608"/>
  <attribute name="Output I" value="200"/>
  <attribute name="Output T" value="4"/>
  <attribute name="Target GC Util Change" value ="20.000000" />
  <attribute name="Current GC Util Change" value="49.000000"/>
  <attribute name="GC Util currently" value="49" />
  <attribute name="CPU Util currently" value="9861088540180" />
<exclusive-end id="2659" timestamp="2019-06-16T00:38:00.572" durationms="4.614" />

<exclusive-start id="2660" timestamp="2019-06-16T00:38:00.589" intervalms="21.787">
  <response-info timems="0.094" idlems="0.094" threads="0" lastid="0000000001AE6700" lastname="main" />
</exclusive-start>
<allocation-taxation id="2661" taxation-threshold="25165824" timestamp="2019-06-16T00:38:00.589" intervalms="21.734" />
<cycle-start id="2662" type="partial gc" contextid="0" timestamp="2019-06-16T00:38:00.589" intervalms="21.747" />
<gc-start id="2663" type="partial gc" contextid="2662" timestamp="2019-06-16T00:38:00.590">
  <mem-info id="2664" free="20971520" total="72351744" percent="28">
    <mem type="eden" free="0" total="25165824" percent="0" />
    <remembered-set count="73600" freebytes="2761088" totalbytes="3055488" percent="90" regionsoverflowed="0" regionsstable="8" regionsrebuilding="0"/>
  </mem-info>
</gc-start>
<allocation-stats totalBytes="25129840" >
  <allocated-bytes non-tlh="0" tlh="25129840" arrayletleaf="0"/>
  <largest-consumer threadName="main" threadId="0000000001AE6700" bytes="25129840" />
</allocation-stats>
<gc-op id="2665" type="copy forward" timems="1.864" contextid="2662" timestamp="2019-06-16T00:38:00.593">
  <memory-copied type="eden" objects="3" bytes="64" bytesdiscarded="0" />
  <memory-copied type="other" objects="48" bytes="1992" bytesdiscarded="888" />
  <memory-cardclean objects="53" bytes="10560" />
  <regions eden="24" other="2" />
  <remembered-set-cleared processed="71740" cleared="65" durationms="0.293" />
  <references type="weak" candidates="18" cleared="0" enqueued="0" />
  <stringconstants candidates="13632" cleared="0"  />
</gc-op>
<gc-op id="2666" type="classunload" timems="0.004" contextid="2662" timestamp="2019-06-16T00:38:00.593">
  <classunload-info classloadercandidates="53" classloadersunloaded="0" classesunloaded="0" anonymousclassesunloaded="0" quiescems="0.000" setupms="0.004" scanms="0.000" postms="0.000" />
</gc-op>
<heap-resize id="2667" type="contract" space="default" amount="2097152" count="1" timems="0.146" reason="excess free space following gc" timestamp="2019-06-16T00:38:00.593" />
<gc-end id="2668" type="partial gc" contextid="2662" durationms="3.555" usertimems="0.000" systemtimems="4.000" timestamp="2019-06-16T00:38:00.593" activeThreads="4">
  <mem-info id="2669" free="42991616" total="70254592" percent="61">
    <mem type="eden" free="1048512" total="1048576" percent="99" />
    <remembered-set count="73952" freebytes="2592256" totalbytes="2888064" percent="89" regionsoverflowed="0" regionsstable="8" regionsrebuilding="0"/>
  </mem-info>
</gc-end>
<cycle-end id="2670" type="partial gc" contextid="2662" timestamp="2019-06-16T00:38:00.594" />
  <attribute name="elasticGC enabled" value="1" />
  <attribute name= "numThreadsSpecified" value="4" />
  <attribute name="heapSize specified" value="0" />
  <attribute name="Current GC Util" value="0" />
  <attribute name= "Current Time Running" value="19641" />
  <attribute name ="GC Interval" value="0" />
  <attribute name="ProportionalT" value="-30.000000" />
  <attribute name="ProportionalI" value="-30.000000" />
  <attribute name="ProportionalH" value="-30.000000" />
  <attribute name="Current Error" value="-20.000000" />
  <attribute name="IntegralT" value="0.000000" />
  <attribute name="IntegralI" value="0.000000" />
  <attribute name="IntegralH" value="0.000000" />
  <attribute name="DerivativeT" value="-inf" />
  <attribute name="DerivativeI" value="-inf" />
  <attribute name="DerivativeH" value="-inf" />
  <attribute name="Loop Time for DT" value="0.000000" />
  <attribute name="Output H" value="2091843584"/>
  <attribute name="Output I" value="200"/>
  <attribute name="Output T" value="4"/>
  <attribute name="Target GC Util Change" value ="20.000000" />
  <attribute name="Current GC Util Change" value="0.000000"/>
  <attribute name="GC Util currently" value="0" />
  <attribute name="CPU Util currently" value="9990697472767" />
<exclusive-end id="2671" timestamp="2019-06-16T00:38:00.594" durationms="4.867" />

<exclusive-start id="2672" timestamp="2019-06-16T00:38:00.608" intervalms="19.479">
  <response-info timems="0.026" idlems="0.026" threads="0" lastid="0000000001AE6700" lastname="main" />
</exclusive-start>
<allocation-taxation id="2673" taxation-threshold="24117248" timestamp="2019-06-16T00:38:00.609" intervalms="19.491" />
<cycle-start id="2674" type="partial gc" contextid="0" timestamp="2019-06-16T00:38:00.609" intervalms="19.492" />
<gc-start id="2675" type="partial gc" contextid="2674" timestamp="2019-06-16T00:38:00.609">
  <mem-info id="2676" free="18874368" total="70254592" percent="26">
    <mem type="eden" free="1048512" total="25165824" percent="4" />
    <remembered-set count="73504" freebytes="2594048" totalbytes="2888064" percent="89" regionsoverflowed="0" regionsstable="8" regionsrebuilding="0"/>
  </mem-info>
</gc-start>
<allocation-stats totalBytes="24084360" >
  <allocated-bytes non-tlh="0" tlh="24084360" arrayletleaf="0"/>
  <largest-consumer threadName="main" threadId="0000000001AE6700" bytes="24084360" />
</allocation-stats>
<gc-op id="2677" type="copy forward" timems="1.825" contextid="2674" timestamp="2019-06-16T00:38:00.612">
  <memory-copied type="eden" objects="2" bytes="40" bytesdiscarded="0" />
  <memory-copied type="other" objects="1345" bytes="97872" bytesdiscarded="6648" />
  <memory-cardclean objects="151" bytes="18808" />
  <regions eden="23" other="2" />
  <remembered-set-cleared processed="71700" cleared="254" durationms="0.268" />
  <references type="soft" candidates="16" cleared="0" enqueued="0" dynamicThreshold="19" maxThreshold="32" />
  <references type="weak" candidates="52" cleared="0" enqueued="0" />
  <stringconstants candidates="13632" cleared="0"  />
</gc-op>
<gc-op id="2678" type="classunload" timems="0.005" contextid="2674" timestamp="2019-06-16T00:38:00.612">
  <classunload-info classloadercandidates="53" classloadersunloaded="0" classesunloaded="0" anonymousclassesunloaded="0" quiescems="0.000" setupms="0.005" scanms="0.000" postms="0.000" />
</gc-op>
<gc-end id="2679" type="partial gc" contextid="2674" durationms="3.210" usertimems="4.000" systemtimems="0.000" timestamp="2019-06-16T00:38:00.613" activeThreads="4">
  <mem-info id="2680" free="42991616" total="70254592" percent="61">
    <mem type="eden" free="1048536" total="1048576" percent="99" />
    <remembered-set count="74144" freebytes="2507776" totalbytes="2804352" percent="89" regionsoverflowed="0" regionsstable="8" regionsrebuilding="0"/>
  </mem-info>
</gc-end>
<cycle-end id="2681" type="partial gc" contextid="2674" timestamp="2019-06-16T00:38:00.613" />
  <attribute name="elasticGC enabled" value="1" />
  <attribute name= "numThreadsSpecified" value="4" />
  <attribute name="heapSize specified" value="0" />
  <attribute name="Current GC Util" value="37" />
  <attribute name= "Current Time Running" value="19661" />
  <attribute name ="GC Interval" value="0" />
  <attribute name="ProportionalT" value="25.500000" />
  <attribute name="ProportionalI" value="25.500000" />
  <attribute name="ProportionalH" value="25.500000" />
  <attribute name="Current Error" value="17.000000" />
  <attribute name="IntegralT" value="17.000000" />
  <attribute name="IntegralI" value="17.000000" />
  <attribute name="IntegralH" value="17.000000" />
  <attribute name="DerivativeT" value="6.500000" />
  <attribute name="DerivativeI" value="6.500000" />
  <attribute name="DerivativeH" value="6.500000" />
  <attribute name="Loop Time for DT" value="1.000000" />
  <attribute name="Output H" value="8388608"/>
  <attribute name="Output I" value="200"/>
  <attribute name="Output T" value="4"/>
  <attribute name="Target GC Util Change" value ="20.000000" />
  <attribute name="Current GC Util Change" value="37.000000"/>
  <attribute name="GC Util currently" value="37" />
  <attribute name="CPU Util currently" value="9841622680628" />
<exclusive-end id="2682" timestamp="2019-06-16T00:38:00.613" durationms="4.480" />

<exclusive-start id="2683" timestamp="2019-06-16T00:38:00.628" intervalms="19.251">
  <response-info timems="0.078" idlems="0.078" threads="0" lastid="0000000001AE6700" lastname="main" />
</exclusive-start>
<allocation-taxation id="2684" taxation-threshold="24117248" timestamp="2019-06-16T00:38:00.628" intervalms="19.275" />
<cycle-start id="2685" type="partial gc" contextid="0" timestamp="2019-06-16T00:38:00.628" intervalms="19.289" />
<gc-start id="2686" type="partial gc" contextid="2685" timestamp="2019-06-16T00:38:00.629">
  <mem-info id="2687" free="18874368" total="70254592" percent="26">
    <mem type="eden" free="1048536" total="25165824" percent="4" />
    <remembered-set count="71264" freebytes="2519296" totalbytes="2804352" percent="89" regionsoverflowed="0" regionsstable="10" regionsrebuilding="0"/>
  </mem-info>
</gc-start>
<allocation-stats totalBytes="24083976" >
  <allocated-bytes non-tlh="0" tlh="24083976" arrayletleaf="0"/>
  <largest-consumer threadName="main" threadId="0000000001AE6700" bytes="24083976" />
</allocation-stats>
<gc-op id="2688" type="copy forward" timems="1.348" contextid="2685" timestamp="2019-06-16T00:38:00.631">
  <memory-copied type="eden" objects="2" bytes="40" bytesdiscarded="0" />
  <memory-copied type="other" objects="0" bytes="0" bytesdiscarded="0" />
  <memory-cardclean objects="11" bytes="416" />
  <regions eden="23" other="1" />
  <remembered-set-cleared processed="69347" cleared="4" durationms="0.510" />
  <stringconstants candidates="13632" cleared="0"  />
</gc-op>
<gc-op id="2689" type="classunload" timems="0.004" contextid="2685" timestamp="2019-06-16T00:38:00.631">
  <classunload-info classloadercandidates="53" classloadersunloaded="0" classesunloaded="0" anonymousclassesunloaded="0" quiescems="0.000" setupms="0.003" scanms="0.000" postms="0.000" />
</gc-op>
<gc-end id="2690" type="partial gc" contextid="2685" durationms="2.598" usertimems="4.000" systemtimems="0.000" timestamp="2019-06-16T00:38:00.631" activeThreads="1">
  <mem-info id="2691" free="42991616" total="70254592" percent="61">
    <mem type="eden" free="1048536" total="1048576" percent="99" />
    <remembered-set count="71712" freebytes="2517504" totalbytes="2804352" percent="89" regionsoverflowed="0" regionsstable="10" regionsrebuilding="0"/>
  </mem-info>
</gc-end>
<cycle-end id="2692" type="partial gc" contextid="2685" timestamp="2019-06-16T00:38:00.631" />
  <attribute name="elasticGC enabled" value="1" />
  <attribute name= "numThreadsSpecified" value="1" />
  <attribute name="heapSize specified" value="0" />
  <attribute name="Current GC Util" value="56" />
  <attribute name= "Current Time Running" value="19680" />
  <attribute name ="GC Interval" value="0" />
  <attribute name="ProportionalT" value="54.000000" />
  <attribute name="ProportionalI" value="54.000000" />
  <attribute name="ProportionalH" value="54.000000" />
  <attribute name="Current Error" value="36.000000" />
  <attribute name="IntegralT" value="0.000000" />
  <attribute name="IntegralI" value="0.000000" />
  <attribute name="IntegralH" value="0.000000" />
  <attribute name="DerivativeT" value="inf" />
  <attribute name="DerivativeI" value="inf" />
  <attribute name="DerivativeH" value="inf" />
  <attribute name="Loop Time for DT" value="0.000000" />
  <attribute name="Output H" value="8388608"/>
  <attribute name="Output I" value="200"/>
  <attribute name="Output T" value="1"/>
  <attribute name="Target GC Util Change" value ="20.000000" />
  <attribute name="Current GC Util Change" value="56.000000"/>
  <attribute name="GC Util currently" value="56" />
  <attribute name="CPU Util currently" value="18993060272856" />
<exclusive-end id="2693" timestamp="2019-06-16T00:38:00.632" durationms="4.007" />

<exclusive-start id="2694" timestamp="2019-06-16T00:38:00.639" intervalms="11.336">
  <response-info timems="0.252" idlems="0.252" threads="0" lastid="0000000001AE6700" lastname="main" />
</exclusive-start>
<allocation-taxation id="2695" taxation-threshold="11534336" timestamp="2019-06-16T00:38:00.639" intervalms="11.325" />
<cycle-start id="2696" type="global mark phase" contextid="0" timestamp="2019-06-16T00:38:00.640" intervalms="1199.149" />
<gc-start id="2697" type="global mark phase" contextid="2696" timestamp="2019-06-16T00:38:00.640">
  <mem-info id="2698" free="31457280" total="70254592" percent="44">
    <remembered-set count="71232" freebytes="2519424" totalbytes="2804352" percent="89" regionsoverflowed="0" regionsstable="10" regionsrebuilding="0"/>
  </mem-info>
</gc-start>
<gc-op id="2699" type="mark increment" timems="0.679" contextid="2696" timestamp="2019-06-16T00:38:00.641">
  <trace-info objectcount="179" scancount="0" scanbytes="0" />
</gc-op>
<gc-end id="2700" type="global mark phase" contextid="2696" durationms="0.961" usertimems="4.000" systemtimems="0.000" timestamp="2019-06-16T00:38:00.641" activeThreads="4">
  <mem-info id="2701" free="31457280" total="70254592" percent="44">
    <remembered-set count="71232" freebytes="2519424" totalbytes="2804352" percent="89" regionsoverflowed="0" regionsstable="0" regionsrebuilding="10"/>
  </mem-info>
</gc-end>
<concurrent-start id="2702" type="GMP work packet processing" contextid="2696" timestamp="2019-06-16T00:38:00.641">
  <concurrent-mark-start scanTarget="2629857" />
</concurrent-start>
<exclusive-end id="2703" timestamp="2019-06-16T00:38:00.643" durationms="4.025" />

<concurrent-end id="2704" type="GMP work packet processing" contextid="2696" timestamp="2019-06-16T00:38:00.643">
  <concurrent-mark-end bytesScanned="2741544" reasonForTermination="Work target met" />
</concurrent-end>

<exclusive-start id="2705" timestamp="2019-06-16T00:38:00.650" intervalms="11.280">
  <response-info timems="0.057" idlems="0.057" threads="0" lastid="0000000001AE6700" lastname="main" />
</exclusive-start>
<allocation-taxation id="2706" taxation-threshold="11534336" timestamp="2019-06-16T00:38:00.651" intervalms="11.195" />
<cycle-start id="2707" type="partial gc" contextid="0" timestamp="2019-06-16T00:38:00.651" intervalms="22.393" />
<gc-start id="2708" type="partial gc" contextid="2707" timestamp="2019-06-16T00:38:00.651">
  <mem-info id="2709" free="19922944" total="70254592" percent="28">
    <mem type="eden" free="1048536" total="24117248" percent="4" />
    <remembered-set count="72096" freebytes="2515968" totalbytes="2804352" percent="89" regionsoverflowed="0" regionsstable="0" regionsrebuilding="10"/>
  </mem-info>
</gc-start>
<allocation-stats totalBytes="23036856" >
  <allocated-bytes non-tlh="0" tlh="23036856" arrayletleaf="0"/>
  <largest-consumer threadName="main" threadId="0000000001AE6700" bytes="11518416" />
</allocation-stats>
<gc-op id="2710" type="copy forward" timems="1.645" contextid="2707" timestamp="2019-06-16T00:38:00.653">
  <memory-copied type="eden" objects="2" bytes="40" bytesdiscarded="0" />
  <memory-copied type="other" objects="0" bytes="0" bytesdiscarded="0" />
  <memory-cardclean objects="11" bytes="416" />
  <regions eden="22" other="1" />
  <remembered-set-cleared processed="70137" cleared="9" durationms="0.544" />
  <stringconstants candidates="13632" cleared="0"  />
</gc-op>
<gc-op id="2711" type="classunload" timems="0.004" contextid="2707" timestamp="2019-06-16T00:38:00.654">
  <classunload-info classloadercandidates="53" classloadersunloaded="0" classesunloaded="0" anonymousclassesunloaded="0" quiescems="0.000" setupms="0.004" scanms="0.000" postms="0.000" />
</gc-op>
<gc-end id="2712" type="partial gc" contextid="2707" durationms="2.938" usertimems="0.000" systemtimems="4.000" timestamp="2019-06-16T00:38:00.654" activeThreads="1">
  <mem-info id="2713" free="42991616" total="70254592" percent="61">
    <mem type="eden" free="1048536" total="1048576" percent="99" />
    <remembered-set count="72576" freebytes="2514048" totalbytes="2804352" percent="89" regionsoverflowed="0" regionsstable="0" regionsrebuilding="10"/>
  </mem-info>
</gc-end>
<cycle-end id="2714" type="partial gc" contextid="2707" timestamp="2019-06-16T00:38:00.654" />
  <attribute name="elasticGC enabled" value="1" />
  <attribute name= "numThreadsSpecified" value="1" />
  <attribute name="heapSize specified" value="0" />
  <attribute name="Current GC Util" value="68" />
  <attribute name= "Current Time Running" value="19702" />
  <attribute name ="GC Interval" value="0" />
  <attribute name="ProportionalT" value="72.000000" />
  <attribute name="ProportionalI" value="72.000000" />
  <attribute name="ProportionalH" value="72.000000" />
  <attribute name="Current Error" value="48.000000" />
  <attribute name="IntegralT" value="0.000000" />
  <attribute name="IntegralI" value="0.000000" />
  <attribute name="IntegralH" value="0.000000" />
  <attribute name="DerivativeT" value="inf" />
  <attribute name="DerivativeI" value="inf" />
  <attribute name="DerivativeH" value="inf" />
  <attribute name="Loop Time for DT" value="0.000000" />
  <attribute name="Output H" value="8388608"/>
  <attribute name="Output I" value="200"/>
  <attribute name="Output T" value="1"/>
  <attribute name="Target GC Util Change" value ="20.000000" />
  <attribute name="Current GC Util Change" value="68.000000"/>
  <attribute name="GC Util currently" value="68" />
  <attribute name="CPU Util currently" value="16471424745957" />
<exclusive-end id="2715" timestamp="2019-06-16T00:38:00.654" durationms="3.930" />

<exclusive-start id="2716" timestamp="2019-06-16T00:38:00.662" intervalms="11.199">
  <response-info timems="0.082" idlems="0.082" threads="0" lastid="0000000001AE6700" lastname="main" />
</exclusive-start>
<allocation-taxation id="2717" taxation-threshold="11534336" timestamp="2019-06-16T00:38:00.662" intervalms="11.245" />
<gc-start id="2718" type="global mark phase" contextid="2696" timestamp="2019-06-16T00:38:00.662">
  <mem-info id="2719" free="31457280" total="70254592" percent="44">
    <remembered-set count="72096" freebytes="2515968" totalbytes="2804352" percent="89" regionsoverflowed="0" regionsstable="0" regionsrebuilding="10"/>
  </mem-info>
</gc-start>
<gc-end id="2720" type="global mark phase" contextid="2696" durationms="0.188" usertimems="0.000" systemtimems="0.000" timestamp="2019-06-16T00:38:00.662" activeThreads="1">
  <mem-info id="2721" free="31457280" total="70254592" percent="44">
    <remembered-set count="72096" freebytes="2515968" totalbytes="2804352" percent="89" regionsoverflowed="0" regionsstable="0" regionsrebuilding="10"/>
  </mem-info>
</gc-end>
<concurrent-start id="2722" type="GMP work packet processing" contextid="2696" timestamp="2019-06-16T00:38:00.662">
  <concurrent-mark-start scanTarget="1048576" />
</concurrent-start>
<exclusive-end id="2723" timestamp="2019-06-16T00:38:00.662" durationms="0.941" />

<concurrent-end id="2724" type="GMP work packet processing" contextid="2696" timestamp="2019-06-16T00:38:00.663">
  <concurrent-mark-end bytesScanned="1102792" reasonForTermination="Work target met" />
</concurrent-end>

<exclusive-start id="2725" timestamp="2019-06-16T00:38:00.670" intervalms="8.616">
  <response-info timems="0.060" idlems="0.060" threads="0" lastid="0000000001AE6700" lastname="main" />
</exclusive-start>
<allocation-taxation id="2726" taxation-threshold="11534336" timestamp="2019-06-16T00:38:00.670" intervalms="8.514" />
<cycle-start id="2727" type="partial gc" contextid="0" timestamp="2019-06-16T00:38:00.671" intervalms="19.874" />
<gc-start id="2728" type="partial gc" contextid="2727" timestamp="2019-06-16T00:38:00.671">
  <mem-info id="2729" free="19922944" total="70254592" percent="28">
    <mem type="eden" free="1048536" total="24117248" percent="4" />
    <remembered-set count="73408" freebytes="2510720" totalbytes="2804352" percent="89" regionsoverflowed="0" regionsstable="0" regionsrebuilding="10"/>
  </mem-info>
</gc-start>
<allocation-stats totalBytes="23036856" >
  <allocated-bytes non-tlh="0" tlh="23036856" arrayletleaf="0"/>
  <largest-consumer threadName="main" threadId="0000000001AE6700" bytes="11518416" />
</allocation-stats>
<gc-op id="2730" type="copy forward" timems="1.570" contextid="2727" timestamp="2019-06-16T00:38:00.673">
  <memory-copied type="eden" objects="2" bytes="40" bytesdiscarded="0" />
  <memory-copied type="other" objects="0" bytes="0" bytesdiscarded="0" />
  <memory-cardclean objects="11" bytes="416" />
  <regions eden="22" other="1" />
  <remembered-set-cleared processed="71398" cleared="6" durationms="0.521" />
  <stringconstants candidates="13632" cleared="0"  />
</gc-op>
<gc-op id="2731" type="classunload" timems="0.004" contextid="2727" timestamp="2019-06-16T00:38:00.673">
  <classunload-info classloadercandidates="53" classloadersunloaded="0" classesunloaded="0" anonymousclassesunloaded="0" quiescems="0.000" setupms="0.004" scanms="0.000" postms="0.000" />
</gc-op>
<gc-end id="2732" type="partial gc" contextid="2727" durationms="2.806" usertimems="0.000" systemtimems="0.000" timestamp="2019-06-16T00:38:00.674" activeThreads="1">
  <mem-info id="2733" free="42991616" total="70254592" percent="61">
    <mem type="eden" free="1048536" total="1048576" percent="99" />
    <remembered-set count="73888" freebytes="2508800" totalbytes="2804352" percent="89" regionsoverflowed="0" regionsstable="0" regionsrebuilding="10"/>
  </mem-info>
</gc-end>
<cycle-end id="2734" type="partial gc" contextid="2727" timestamp="2019-06-16T00:38:00.674" />
  <attribute name="elasticGC enabled" value="1" />
  <attribute name= "numThreadsSpecified" value="1" />
  <attribute name="heapSize specified" value="0" />
  <attribute name="Current GC Util" value="65" />
  <attribute name= "Current Time Running" value="19722" />
  <attribute name ="GC Interval" value="0" />
  <attribute name="ProportionalT" value="67.500000" />
  <attribute name="ProportionalI" value="67.500000" />
  <attribute name="ProportionalH" value="67.500000" />
  <attribute name="Current Error" value="45.000000" />
  <attribute name="IntegralT" value="0.000000" />
  <attribute name="IntegralI" value="0.000000" />
  <attribute name="IntegralH" value="0.000000" />
  <attribute name="DerivativeT" value="inf" />
  <attribute name="DerivativeI" value="inf" />
  <attribute name="DerivativeH" value="inf" />
  <attribute name="Loop Time for DT" value="0.000000" />
  <attribute name="Output H" value="8388608"/>
  <attribute name="Output I" value="200"/>
  <attribute name="Output T" value="1"/>
  <attribute name="Target GC Util Change" value ="20.000000" />
  <attribute name="Current GC Util Change" value="65.000000"/>
  <attribute name="GC Util currently" value="65" />
  <attribute name="CPU Util currently" value="18295912384036" />
<exclusive-end id="2735" timestamp="2019-06-16T00:38:00.674" durationms="3.910" />

<exclusive-start id="2736" timestamp="2019-06-16T00:38:00.681" intervalms="11.119">
  <response-info timems="0.069" idlems="0.069" threads="0" lastid="0000000001AE6700" lastname="main" />
</exclusive-start>
<allocation-taxation id="2737" taxation-threshold="11534336" timestamp="2019-06-16T00:38:00.681" intervalms="11.227" />
<gc-start id="2738" type="global mark phase" contextid="2696" timestamp="2019-06-16T00:38:00.682">
  <mem-info id="2739" free="31457280" total="70254592" percent="44">
    <remembered-set count="73408" freebytes="2510720" totalbytes="2804352" percent="89" regionsoverflowed="0" regionsstable="0" regionsrebuilding="10"/>
  </mem-info>
</gc-start>
<gc-end id="2740" type="global mark phase" contextid="2696" durationms="0.156" usertimems="0.000" systemtimems="0.000" timestamp="2019-06-16T00:38:00.682" activeThreads="1">
  <mem-info id="2741" free="31457280" total="70254592" percent="44">
    <remembered-set count="73408" freebytes="2510720" totalbytes="2804352" percent="89" regionsoverflowed="0" regionsstable="0" regionsrebuilding="10"/>
  </mem-info>
</gc-end>
<concurrent-start id="2742" type="GMP work packet processing" contextid="2696" timestamp="2019-06-16T00:38:00.682">
  <concurrent-mark-start scanTarget="1048576" />
</concurrent-start>
<concurrent-end id="2744" type="GMP work packet processing" contextid="2696" timestamp="2019-06-16T00:38:00.683">
  <concurrent-mark-end bytesScanned="1094884" reasonForTermination="Work target met" />
</concurrent-end>

<exclusive-end id="2743" timestamp="2019-06-16T00:38:00.683" durationms="1.599" />

<exclusive-start id="2745" timestamp="2019-06-16T00:38:00.690" intervalms="8.875">
  <response-info timems="0.067" idlems="0.067" threads="0" lastid="0000000001AE6700" lastname="main" />
</exclusive-start>
<allocation-taxation id="2746" taxation-threshold="11534336" timestamp="2019-06-16T00:38:00.690" intervalms="8.870" />
<cycle-start id="2747" type="partial gc" contextid="0" timestamp="2019-06-16T00:38:00.691" intervalms="20.103" />
<gc-start id="2748" type="partial gc" contextid="2747" timestamp="2019-06-16T00:38:00.691">
  <mem-info id="2749" free="19922944" total="70254592" percent="28">
    <mem type="eden" free="1048536" total="24117248" percent="4" />
    <remembered-set count="74688" freebytes="2505600" totalbytes="2804352" percent="89" regionsoverflowed="0" regionsstable="0" regionsrebuilding="10"/>
  </mem-info>
</gc-start>
<allocation-stats totalBytes="23036856" >
  <allocated-bytes non-tlh="0" tlh="23036856" arrayletleaf="0"/>
  <largest-consumer threadName="main" threadId="0000000001AE6700" bytes="11518440" />
</allocation-stats>
<gc-op id="2750" type="copy forward" timems="1.532" contextid="2747" timestamp="2019-06-16T00:38:00.693">
  <memory-copied type="eden" objects="2" bytes="40" bytesdiscarded="0" />
  <memory-copied type="other" objects="0" bytes="0" bytesdiscarded="0" />
  <memory-cardclean objects="11" bytes="416" />
  <regions eden="22" other="1" />
  <remembered-set-cleared processed="72452" cleared="6" durationms="0.527" />
  <stringconstants candidates="13632" cleared="0"  />
</gc-op>
<gc-op id="2751" type="classunload" timems="0.004" contextid="2747" timestamp="2019-06-16T00:38:00.693">
  <classunload-info classloadercandidates="53" classloadersunloaded="0" classesunloaded="0" anonymousclassesunloaded="0" quiescems="0.000" setupms="0.004" scanms="0.000" postms="0.000" />
</gc-op>
<gc-end id="2752" type="partial gc" contextid="2747" durationms="2.743" usertimems="4.000" systemtimems="0.000" timestamp="2019-06-16T00:38:00.694" activeThreads="1">
  <mem-info id="2753" free="42991616" total="70254592" percent="61">
    <mem type="eden" free="1048536" total="1048576" percent="99" />
    <remembered-set count="75168" freebytes="2503680" totalbytes="2804352" percent="89" regionsoverflowed="0" regionsstable="0" regionsrebuilding="10"/>
  </mem-info>
</gc-end>
<cycle-end id="2754" type="partial gc" contextid="2747" timestamp="2019-06-16T00:38:00.694" />
  <attribute name="elasticGC enabled" value="1" />
  <attribute name= "numThreadsSpecified" value="1" />
  <attribute name="heapSize specified" value="0" />
  <attribute name="Current GC Util" value="74" />
  <attribute name= "Current Time Running" value="19742" />
  <attribute name ="GC Interval" value="0" />
  <attribute name="ProportionalT" value="81.000000" />
  <attribute name="ProportionalI" value="81.000000" />
  <attribute name="ProportionalH" value="81.000000" />
  <attribute name="Current Error" value="54.000000" />
  <attribute name="IntegralT" value="0.000000" />
  <attribute name="IntegralI" value="0.000000" />
  <attribute name="IntegralH" value="0.000000" />
  <attribute name="DerivativeT" value="inf" />
  <attribute name="DerivativeI" value="inf" />
  <attribute name="DerivativeH" value="inf" />
  <attribute name="Loop Time for DT" value="0.000000" />
  <attribute name="Output H" value="8388608"/>
  <attribute name="Output I" value="200"/>
  <attribute name="Output T" value="1"/>
  <attribute name="Target GC Util Change" value ="20.000000" />
  <attribute name="Current GC Util Change" value="74.000000"/>
  <attribute name="GC Util currently" value="74" />
  <attribute name="CPU Util currently" value="18446891460425" />
<exclusive-end id="2755" timestamp="2019-06-16T00:38:00.694" durationms="4.001" />

<exclusive-start id="2756" timestamp="2019-06-16T00:38:00.701" intervalms="11.348">
  <response-info timems="0.122" idlems="0.122" threads="0" lastid="0000000001AE6700" lastname="main" />
</exclusive-start>
<allocation-taxation id="2757" taxation-threshold="11534336" timestamp="2019-06-16T00:38:00.702" intervalms="11.350" />
<gc-start id="2758" type="global mark phase" contextid="2696" timestamp="2019-06-16T00:38:00.702">
  <mem-info id="2759" free="31457280" total="70254592" percent="44">
    <remembered-set count="74688" freebytes="2505600" totalbytes="2804352" percent="89" regionsoverflowed="0" regionsstable="0" regionsrebuilding="10"/>
  </mem-info>
</gc-start>
<gc-end id="2760" type="global mark phase" contextid="2696" durationms="0.177" usertimems="0.000" systemtimems="0.000" timestamp="2019-06-16T00:38:00.702" activeThreads="1">
  <mem-info id="2761" free="31457280" total="70254592" percent="44">
    <remembered-set count="74688" freebytes="2505600" totalbytes="2804352" percent="89" regionsoverflowed="0" regionsstable="0" regionsrebuilding="10"/>
  </mem-info>
</gc-end>
<concurrent-start id="2762" type="GMP work packet processing" contextid="2696" timestamp="2019-06-16T00:38:00.702">
  <concurrent-mark-start scanTarget="1048576" />
</concurrent-start>
<exclusive-end id="2763" timestamp="2019-06-16T00:38:00.703" durationms="1.485" />

<concurrent-end id="2764" type="GMP work packet processing" contextid="2696" timestamp="2019-06-16T00:38:00.703">
  <concurrent-mark-end bytesScanned="1092200" reasonForTermination="Work target met" />
</concurrent-end>

<exclusive-start id="2765" timestamp="2019-06-16T00:38:00.710" intervalms="8.685">
  <response-info timems="0.064" idlems="0.064" threads="0" lastid="0000000001AE6700" lastname="main" />
</exclusive-start>
<allocation-taxation id="2766" taxation-threshold="11534336" timestamp="2019-06-16T00:38:00.710" intervalms="8.677" />
<cycle-start id="2767" type="partial gc" contextid="0" timestamp="2019-06-16T00:38:00.711" intervalms="20.008" />
<gc-start id="2768" type="partial gc" contextid="2767" timestamp="2019-06-16T00:38:00.711">
  <mem-info id="2769" free="19922944" total="70254592" percent="28">
    <mem type="eden" free="1048536" total="24117248" percent="4" />
    <remembered-set count="75904" freebytes="2500736" totalbytes="2804352" percent="89" regionsoverflowed="0" regionsstable="0" regionsrebuilding="10"/>
  </mem-info>
</gc-start>
<allocation-stats totalBytes="23036856" >
  <allocated-bytes non-tlh="0" tlh="23036856" arrayletleaf="0"/>
  <largest-consumer threadName="main" threadId="0000000001AE6700" bytes="11518440" />
</allocation-stats>
<gc-op id="2770" type="copy forward" timems="1.489" contextid="2767" timestamp="2019-06-16T00:38:00.713">
  <memory-copied type="eden" objects="2" bytes="40" bytesdiscarded="0" />
  <memory-copied type="other" objects="0" bytes="0" bytesdiscarded="0" />
  <memory-cardclean objects="11" bytes="416" />
  <regions eden="22" other="1" />
  <remembered-set-cleared processed="73490" cleared="6" durationms="0.531" />
  <stringconstants candidates="13632" cleared="0"  />
</gc-op>
<gc-op id="2771" type="classunload" timems="0.004" contextid="2767" timestamp="2019-06-16T00:38:00.713">
  <classunload-info classloadercandidates="53" classloadersunloaded="0" classesunloaded="0" anonymousclassesunloaded="0" quiescems="0.000" setupms="0.003" scanms="0.000" postms="0.000" />
</gc-op>
<gc-end id="2772" type="partial gc" contextid="2767" durationms="2.710" usertimems="4.000" systemtimems="0.000" timestamp="2019-06-16T00:38:00.714" activeThreads="1">
  <mem-info id="2773" free="42991616" total="70254592" percent="61">
    <mem type="eden" free="1048536" total="1048576" percent="99" />
    <remembered-set count="76384" freebytes="2498816" totalbytes="2804352" percent="89" regionsoverflowed="0" regionsstable="0" regionsrebuilding="10"/>
  </mem-info>
</gc-end>
<cycle-end id="2774" type="partial gc" contextid="2767" timestamp="2019-06-16T00:38:00.714" />
  <attribute name="elasticGC enabled" value="1" />
  <attribute name= "numThreadsSpecified" value="1" />
  <attribute name="heapSize specified" value="0" />
  <attribute name="Current GC Util" value="66" />
  <attribute name= "Current Time Running" value="19762" />
  <attribute name ="GC Interval" value="0" />
  <attribute name="ProportionalT" value="69.000000" />
  <attribute name="ProportionalI" value="69.000000" />
  <attribute name="ProportionalH" value="69.000000" />
  <attribute name="Current Error" value="46.000000" />
  <attribute name="IntegralT" value="0.000000" />
  <attribute name="IntegralI" value="0.000000" />
  <attribute name="IntegralH" value="0.000000" />
  <attribute name="DerivativeT" value="inf" />
  <attribute name="DerivativeI" value="inf" />
  <attribute name="DerivativeH" value="inf" />
  <attribute name="Loop Time for DT" value="0.000000" />
  <attribute name="Output H" value="8388608"/>
  <attribute name="Output I" value="200"/>
  <attribute name="Output T" value="1"/>
  <attribute name="Target GC Util Change" value ="20.000000" />
  <attribute name="Current GC Util Change" value="66.000000"/>
  <attribute name="GC Util currently" value="66" />
  <attribute name="CPU Util currently" value="18675254296446" />
<exclusive-end id="2775" timestamp="2019-06-16T00:38:00.714" durationms="3.937" />

<exclusive-start id="2776" timestamp="2019-06-16T00:38:00.728" intervalms="17.599">
  <response-info timems="0.111" idlems="0.111" threads="0" lastid="0000000001AE6700" lastname="main" />
</exclusive-start>
<allocation-taxation id="2777" taxation-threshold="11534336" timestamp="2019-06-16T00:38:00.728" intervalms="17.554" />
<gc-start id="2778" type="global mark phase" contextid="2696" timestamp="2019-06-16T00:38:00.728">
  <mem-info id="2779" free="31457280" total="70254592" percent="44">
    <remembered-set count="75904" freebytes="2500736" totalbytes="2804352" percent="89" regionsoverflowed="0" regionsstable="0" regionsrebuilding="10"/>
  </mem-info>
</gc-start>
<gc-end id="2780" type="global mark phase" contextid="2696" durationms="0.120" usertimems="0.000" systemtimems="0.000" timestamp="2019-06-16T00:38:00.728" activeThreads="1">
  <mem-info id="2781" free="31457280" total="70254592" percent="44">
    <remembered-set count="75904" freebytes="2500736" totalbytes="2804352" percent="89" regionsoverflowed="0" regionsstable="0" regionsrebuilding="10"/>
  </mem-info>
</gc-end>
<concurrent-start id="2782" type="GMP work packet processing" contextid="2696" timestamp="2019-06-16T00:38:00.728">
  <concurrent-mark-start scanTarget="1048576" />
</concurrent-start>
<exclusive-end id="2783" timestamp="2019-06-16T00:38:00.729" durationms="1.608" />

<concurrent-end id="2784" type="GMP work packet processing" contextid="2696" timestamp="2019-06-16T00:38:00.729">
  <concurrent-mark-end bytesScanned="1090480" reasonForTermination="Work target met" />
</concurrent-end>

<exclusive-start id="2785" timestamp="2019-06-16T00:38:00.739" intervalms="11.135">
  <response-info timems="0.092" idlems="0.092" threads="0" lastid="0000000001AE6700" lastname="main" />
</exclusive-start>
<allocation-taxation id="2786" taxation-threshold="11534336" timestamp="2019-06-16T00:38:00.739" intervalms="11.204" />
<cycle-start id="2787" type="partial gc" contextid="0" timestamp="2019-06-16T00:38:00.739" intervalms="28.743" />
<gc-start id="2788" type="partial gc" contextid="2787" timestamp="2019-06-16T00:38:00.740">
  <mem-info id="2789" free="19922944" total="70254592" percent="28">
    <mem type="eden" free="1048536" total="24117248" percent="4" />
    <remembered-set count="77312" freebytes="2495104" totalbytes="2804352" percent="88" regionsoverflowed="0" regionsstable="0" regionsrebuilding="10"/>
  </mem-info>
</gc-start>
<allocation-stats totalBytes="23059168" >
  <allocated-bytes non-tlh="3064" tlh="23056104" arrayletleaf="0"/>
  <largest-consumer threadName="main" threadId="0000000001AE6700" bytes="11533968" />
</allocation-stats>
<gc-op id="2790" type="copy forward" timems="2.128" contextid="2787" timestamp="2019-06-16T00:38:00.743">
  <memory-copied type="eden" objects="1303" bytes="53344" bytesdiscarded="0" />
  <memory-copied type="other" objects="0" bytes="0" bytesdiscarded="0" />
  <memory-cardclean objects="359" bytes="16880" />
  <regions eden="22" other="1" />
  <remembered-set-cleared processed="74852" cleared="142" durationms="0.576" />
  <references type="soft" candidates="8" cleared="0" enqueued="0" dynamicThreshold="14" maxThreshold="32" />
  <references type="weak" candidates="17" cleared="0" enqueued="0" />
  <stringconstants candidates="13658" cleared="0"  />
</gc-op>
<gc-op id="2791" type="classunload" timems="0.005" contextid="2787" timestamp="2019-06-16T00:38:00.743">
  <classunload-info classloadercandidates="53" classloadersunloaded="0" classesunloaded="0" anonymousclassesunloaded="0" quiescems="0.000" setupms="0.005" scanms="0.000" postms="0.000" />
</gc-op>
<gc-end id="2792" type="partial gc" contextid="2787" durationms="3.380" usertimems="8.000" systemtimems="0.000" timestamp="2019-06-16T00:38:00.743" activeThreads="1">
  <mem-info id="2793" free="42991616" total="70254592" percent="61">
    <mem type="eden" free="995216" total="1048576" percent="94" />
    <remembered-set count="77664" freebytes="2493696" totalbytes="2804352" percent="88" regionsoverflowed="0" regionsstable="0" regionsrebuilding="10"/>
  </mem-info>
</gc-end>
<cycle-end id="2794" type="partial gc" contextid="2787" timestamp="2019-06-16T00:38:00.743" />
  <attribute name="elasticGC enabled" value="1" />
  <attribute name= "numThreadsSpecified" value="1" />
  <attribute name="heapSize specified" value="0" />
  <attribute name="Current GC Util" value="58" />
  <attribute name= "Current Time Running" value="19791" />
  <attribute name ="GC Interval" value="0" />
  <attribute name="ProportionalT" value="57.000000" />
  <attribute name="ProportionalI" value="57.000000" />
  <attribute name="ProportionalH" value="57.000000" />
  <attribute name="Current Error" value="38.000000" />
  <attribute name="IntegralT" value="0.000000" />
  <attribute name="IntegralI" value="0.000000" />
  <attribute name="IntegralH" value="0.000000" />
  <attribute name="DerivativeT" value="inf" />
  <attribute name="DerivativeI" value="inf" />
  <attribute name="DerivativeH" value="inf" />
  <attribute name="Loop Time for DT" value="0.000000" />
  <attribute name="Output H" value="8388608"/>
  <attribute name="Output I" value="200"/>
  <attribute name="Output T" value="1"/>
  <attribute name="Target GC Util Change" value ="20.000000" />
  <attribute name="Current GC Util Change" value="58.000000"/>
  <attribute name="GC Util currently" value="58" />
  <attribute name="CPU Util currently" value="19178519473473" />
<exclusive-end id="2795" timestamp="2019-06-16T00:38:00.744" durationms="4.678" />

<exclusive-start id="2796" timestamp="2019-06-16T00:38:00.756" intervalms="16.760">
  <response-info timems="0.073" idlems="0.073" threads="0" lastid="0000000001AE6700" lastname="main" />
</exclusive-start>
<allocation-taxation id="2797" taxation-threshold="11534336" timestamp="2019-06-16T00:38:00.756" intervalms="16.739" />
<gc-start id="2798" type="global mark phase" contextid="2696" timestamp="2019-06-16T00:38:00.756">
  <mem-info id="2799" free="31457280" total="70254592" percent="44">
    <remembered-set count="77376" freebytes="2494848" totalbytes="2804352" percent="88" regionsoverflowed="0" regionsstable="0" regionsrebuilding="10"/>
  </mem-info>
</gc-start>
<gc-end id="2800" type="global mark phase" contextid="2696" durationms="0.187" usertimems="0.000" systemtimems="0.000" timestamp="2019-06-16T00:38:00.756" activeThreads="1">
  <mem-info id="2801" free="31457280" total="70254592" percent="44">
    <remembered-set count="77376" freebytes="2494848" totalbytes="2804352" percent="88" regionsoverflowed="0" regionsstable="0" regionsrebuilding="10"/>
  </mem-info>
</gc-end>
<concurrent-start id="2802" type="GMP work packet processing" contextid="2696" timestamp="2019-06-16T00:38:00.756">
  <concurrent-mark-start scanTarget="1048576" />
</concurrent-start>
<exclusive-end id="2803" timestamp="2019-06-16T00:38:00.757" durationms="1.018" />

<concurrent-end id="2804" type="GMP work packet processing" contextid="2696" timestamp="2019-06-16T00:38:00.758">
  <concurrent-mark-end bytesScanned="1049016" reasonForTermination="Work target met" />
</concurrent-end>

<exclusive-start id="2805" timestamp="2019-06-16T00:38:00.771" intervalms="15.008">
  <response-info timems="0.092" idlems="0.092" threads="0" lastid="0000000001AE6700" lastname="main" />
</exclusive-start>
<allocation-taxation id="2806" taxation-threshold="11534336" timestamp="2019-06-16T00:38:00.771" intervalms="15.017" />
<cycle-start id="2807" type="partial gc" contextid="0" timestamp="2019-06-16T00:38:00.771" intervalms="31.769" />
<gc-start id="2808" type="partial gc" contextid="2807" timestamp="2019-06-16T00:38:00.772">
  <mem-info id="2809" free="19922944" total="70254592" percent="28">
    <mem type="eden" free="0" total="23068672" percent="0" />
    <remembered-set count="77632" freebytes="2493824" totalbytes="2804352" percent="88" regionsoverflowed="0" regionsstable="0" regionsrebuilding="10"/>
  </mem-info>
</gc-start>
<allocation-stats totalBytes="23066248" >
  <allocated-bytes non-tlh="0" tlh="23066248" arrayletleaf="0"/>
  <largest-consumer threadName="main" threadId="0000000001AE6700" bytes="11532560" />
</allocation-stats>
<gc-op id="2810" type="copy forward" timems="1.962" contextid="2807" timestamp="2019-06-16T00:38:00.774">
  <memory-copied type="eden" objects="23" bytes="728" bytesdiscarded="1264" />
  <memory-copied type="other" objects="1288" bytes="52848" bytesdiscarded="4320" />
  <memory-cardclean objects="202" bytes="11152" />
  <regions eden="22" other="1" />
  <remembered-set-cleared processed="75252" cleared="208" durationms="0.279" />
  <references type="soft" candidates="8" cleared="0" enqueued="0" dynamicThreshold="14" maxThreshold="32" />
  <references type="weak" candidates="17" cleared="0" enqueued="0" />
  <stringconstants candidates="13658" cleared="0"  />
</gc-op>
<gc-op id="2811" type="classunload" timems="0.005" contextid="2807" timestamp="2019-06-16T00:38:00.774">
  <classunload-info classloadercandidates="53" classloadersunloaded="0" classesunloaded="0" anonymousclassesunloaded="0" quiescems="0.000" setupms="0.005" scanms="0.000" postms="0.000" />
</gc-op>
<heap-resize id="2812" type="expand" space="default" amount="1048576" count="1" timems="0.057" reason="excessive time being spent in gc" timestamp="2019-06-16T00:38:00.775" />
<gc-end id="2813" type="partial gc" contextid="2807" durationms="3.204" usertimems="8.000" systemtimems="0.000" timestamp="2019-06-16T00:38:00.775" activeThreads="4">
  <mem-info id="2814" free="42991616" total="71303168" percent="60">
    <mem type="eden" free="1046584" total="1048576" percent="99" />
    <remembered-set count="78528" freebytes="2532096" totalbytes="2846208" percent="88" regionsoverflowed="0" regionsstable="0" regionsrebuilding="10"/>
  </mem-info>
</gc-end>
<cycle-end id="2815" type="partial gc" contextid="2807" timestamp="2019-06-16T00:38:00.775" />
  <attribute name="elasticGC enabled" value="1" />
  <attribute name= "numThreadsSpecified" value="4" />
  <attribute name="heapSize specified" value="0" />
  <attribute name="Current GC Util" value="76" />
  <attribute name= "Current Time Running" value="19823" />
  <attribute name ="GC Interval" value="0" />
  <attribute name="ProportionalT" value="84.000000" />
  <attribute name="ProportionalI" value="84.000000" />
  <attribute name="ProportionalH" value="84.000000" />
  <attribute name="Current Error" value="56.000000" />
  <attribute name="IntegralT" value="56.000000" />
  <attribute name="IntegralI" value="56.000000" />
  <attribute name="IntegralH" value="56.000000" />
  <attribute name="DerivativeT" value="28.000000" />
  <attribute name="DerivativeI" value="28.000000" />
  <attribute name="DerivativeH" value="28.000000" />
  <attribute name="Loop Time for DT" value="1.000000" />
  <attribute name="Output H" value="8388608"/>
  <attribute name="Output I" value="200"/>
  <attribute name="Output T" value="4"/>
  <attribute name="Target GC Util Change" value ="20.000000" />
  <attribute name="Current GC Util Change" value="76.000000"/>
  <attribute name="GC Util currently" value="76" />
  <attribute name="CPU Util currently" value="19023302124899" />
<exclusive-end id="2816" timestamp="2019-06-16T00:38:00.775" durationms="4.493" />

<exclusive-start id="2817" timestamp="2019-06-16T00:38:00.789" intervalms="18.750">
  <response-info timems="0.090" idlems="0.090" threads="0" lastid="0000000001AE6700" lastname="main" />
</exclusive-start>
<allocation-taxation id="2818" taxation-threshold="11534336" timestamp="2019-06-16T00:38:00.790" intervalms="18.749" />
<gc-start id="2819" type="global mark phase" contextid="2696" timestamp="2019-06-16T00:38:00.790">
  <mem-info id="2820" free="31457280" total="71303168" percent="44">
    <remembered-set count="25760" freebytes="2743168" totalbytes="2846208" percent="96" regionsoverflowed="0" regionsstable="5" regionsrebuilding="10"/>
  </mem-info>
</gc-start>
<gc-end id="2821" type="global mark phase" contextid="2696" durationms="0.195" usertimems="0.000" systemtimems="0.000" timestamp="2019-06-16T00:38:00.790" activeThreads="4">
  <mem-info id="2822" free="31457280" total="71303168" percent="44">
    <remembered-set count="25760" freebytes="2743168" totalbytes="2846208" percent="96" regionsoverflowed="0" regionsstable="5" regionsrebuilding="10"/>
  </mem-info>
</gc-end>
<concurrent-start id="2823" type="GMP work packet processing" contextid="2696" timestamp="2019-06-16T00:38:00.790">
  <concurrent-mark-start scanTarget="2629857" />
</concurrent-start>
<exclusive-end id="2824" timestamp="2019-06-16T00:38:00.791" durationms="2.060" />

<concurrent-end id="2825" type="GMP work packet processing" contextid="2696" timestamp="2019-06-16T00:38:00.792">
  <concurrent-mark-end bytesScanned="2671864" reasonForTermination="Work target met" />
</concurrent-end>

<exclusive-start id="2826" timestamp="2019-06-16T00:38:00.957" intervalms="167.188">
  <response-info timems="0.097" idlems="0.097" threads="0" lastid="0000000001AE6700" lastname="main" />
</exclusive-start>
<allocation-taxation id="2827" taxation-threshold="11534336" timestamp="2019-06-16T00:38:00.957" intervalms="167.213" />
<cycle-start id="2828" type="partial gc" contextid="0" timestamp="2019-06-16T00:38:00.957" intervalms="185.970" />
<gc-start id="2829" type="partial gc" contextid="2828" timestamp="2019-06-16T00:38:00.958">
  <mem-info id="2830" free="19922944" total="71303168" percent="27">
    <mem type="eden" free="0" total="23068672" percent="0" />
    <remembered-set count="28352" freebytes="2732800" totalbytes="2846208" percent="96" regionsoverflowed="0" regionsstable="5" regionsrebuilding="10"/>
  </mem-info>
</gc-start>
<allocation-stats totalBytes="23049120" >
  <allocated-bytes non-tlh="0" tlh="23049120" arrayletleaf="0"/>
  <largest-consumer threadName="main" threadId="0000000001AE6700" bytes="11516440" />
</allocation-stats>
<gc-op id="2831" type="copy forward" timems="1.389" contextid="2828" timestamp="2019-06-16T00:38:00.960">
  <memory-copied type="eden" objects="67" bytes="2808" bytesdiscarded="0" />
  <memory-copied type="other" objects="6" bytes="136" bytesdiscarded="0" />
  <memory-cardclean objects="100" bytes="2864" />
  <regions eden="22" other="1" />
  <remembered-set-cleared processed="26166" cleared="15" durationms="0.362" />
  <stringconstants candidates="13658" cleared="0"  />
</gc-op>
<gc-op id="2832" type="classunload" timems="0.003" contextid="2828" timestamp="2019-06-16T00:38:00.960">
  <classunload-info classloadercandidates="53" classloadersunloaded="0" classesunloaded="0" anonymousclassesunloaded="0" quiescems="0.000" setupms="0.003" scanms="0.000" postms="0.000" />
</gc-op>
<gc-end id="2833" type="partial gc" contextid="2828" durationms="2.715" usertimems="4.000" systemtimems="0.000" timestamp="2019-06-16T00:38:00.960" activeThreads="1">
  <mem-info id="2834" free="41943040" total="71303168" percent="58">
    <mem type="eden" free="1045768" total="1048576" percent="99" />
    <remembered-set count="28704" freebytes="2731392" totalbytes="2846208" percent="95" regionsoverflowed="0" regionsstable="5" regionsrebuilding="10"/>
  </mem-info>
</gc-end>
<cycle-end id="2835" type="partial gc" contextid="2828" timestamp="2019-06-16T00:38:00.960" />
  <attribute name="elasticGC enabled" value="1" />
  <attribute name= "numThreadsSpecified" value="1" />
  <attribute name="heapSize specified" value="0" />
  <attribute name="Current GC Util" value="65" />
  <attribute name= "Current Time Running" value="20009" />
  <attribute name ="GC Interval" value="0" />
  <attribute name="ProportionalT" value="67.500000" />
  <attribute name="ProportionalI" value="67.500000" />
  <attribute name="ProportionalH" value="67.500000" />
  <attribute name="Current Error" value="45.000000" />
  <attribute name="IntegralT" value="0.000000" />
  <attribute name="IntegralI" value="0.000000" />
  <attribute name="IntegralH" value="0.000000" />
  <attribute name="DerivativeT" value="inf" />
  <attribute name="DerivativeI" value="inf" />
  <attribute name="DerivativeH" value="inf" />
  <attribute name="Loop Time for DT" value="0.000000" />
  <attribute name="Output H" value="8388608"/>
  <attribute name="Output I" value="200"/>
  <attribute name="Output T" value="1"/>
  <attribute name="Target GC Util Change" value ="20.000000" />
  <attribute name="Current GC Util Change" value="65.000000"/>
  <attribute name="GC Util currently" value="65" />
  <attribute name="CPU Util currently" value="15312974315515" />
<exclusive-end id="2836" timestamp="2019-06-16T00:38:00.961" durationms="4.174" />

<exclusive-start id="2837" timestamp="2019-06-16T00:38:00.965" intervalms="7.899">
  <response-info timems="0.080" idlems="0.080" threads="0" lastid="0000000001AE6700" lastname="main" />
</exclusive-start>
<allocation-taxation id="2838" taxation-threshold="11534336" timestamp="2019-06-16T00:38:00.965" intervalms="7.949" />
<gc-start id="2839" type="global mark phase" contextid="2696" timestamp="2019-06-16T00:38:00.965">
  <mem-info id="2840" free="30408704" total="71303168" percent="42">
    <remembered-set count="28288" freebytes="2733056" totalbytes="2846208" percent="96" regionsoverflowed="0" regionsstable="5" regionsrebuilding="10"/>
  </mem-info>
</gc-start>
<gc-end id="2841" type="global mark phase" contextid="2696" durationms="0.146" usertimems="0.000" systemtimems="0.000" timestamp="2019-06-16T00:38:00.965" activeThreads="1">
  <mem-info id="2842" free="30408704" total="71303168" percent="42">
    <remembered-set count="28288" freebytes="2733056" totalbytes="2846208" percent="96" regionsoverflowed="0" regionsstable="5" regionsrebuilding="10"/>
  </mem-info>
</gc-end>
<concurrent-start id="2843" type="GMP work packet processing" contextid="2696" timestamp="2019-06-16T00:38:00.965">
  <concurrent-mark-start scanTarget="1048576" />
</concurrent-start>
<concurrent-end id="2844" type="GMP work packet processing" contextid="2696" timestamp="2019-06-16T00:38:00.966">
  <concurrent-mark-end bytesScanned="1093220" reasonForTermination="Work target met" />
</concurrent-end>

<exclusive-end id="2845" timestamp="2019-06-16T00:38:00.966" durationms="1.645" />

<exclusive-start id="2846" timestamp="2019-06-16T00:38:00.970" intervalms="5.508">
  <response-info timems="0.079" idlems="0.079" threads="0" lastid="0000000001AE6700" lastname="main" />
</exclusive-start>
<allocation-taxation id="2847" taxation-threshold="11534336" timestamp="2019-06-16T00:38:00.970" intervalms="5.459" />
<cycle-start id="2848" type="partial gc" contextid="0" timestamp="2019-06-16T00:38:00.970" intervalms="13.346" />
<gc-start id="2849" type="partial gc" contextid="2848" timestamp="2019-06-16T00:38:00.971">
  <mem-info id="2850" free="18874368" total="71303168" percent="26">
    <mem type="eden" free="0" total="23068672" percent="0" />
    <remembered-set count="29472" freebytes="2728320" totalbytes="2846208" percent="95" regionsoverflowed="0" regionsstable="5" regionsrebuilding="10"/>
  </mem-info>
</gc-start>
<allocation-stats totalBytes="22981728" >
  <allocated-bytes non-tlh="0" tlh="22981728" arrayletleaf="0"/>
  <largest-consumer threadName="main" threadId="0000000001AE6700" bytes="11492096" />
</allocation-stats>
<gc-op id="2851" type="copy forward" timems="1.265" contextid="2848" timestamp="2019-06-16T00:38:00.973">
  <memory-copied type="eden" objects="0" bytes="0" bytesdiscarded="0" />
  <memory-copied type="other" objects="67" bytes="2808" bytesdiscarded="0" />
  <memory-cardclean objects="64" bytes="2168" />
  <regions eden="22" other="1" />
  <remembered-set-cleared processed="27184" cleared="16" durationms="0.265" />
  <stringconstants candidates="13658" cleared="0"  />
</gc-op>
<gc-op id="2852" type="classunload" timems="0.003" contextid="2848" timestamp="2019-06-16T00:38:00.973">
  <classunload-info classloadercandidates="53" classloadersunloaded="0" classesunloaded="0" anonymousclassesunloaded="0" quiescems="0.000" setupms="0.003" scanms="0.000" postms="0.000" />
</gc-op>
<heap-resize id="2853" type="contract" space="default" amount="4194304" count="1" timems="0.178" reason="insufficient time being spent in gc" timestamp="2019-06-16T00:38:00.973" />
<gc-end id="2854" type="partial gc" contextid="2848" durationms="2.923" usertimems="4.000" systemtimems="0.000" timestamp="2019-06-16T00:38:00.974" activeThreads="1">
  <mem-info id="2855" free="37748736" total="67108864" percent="56">
    <remembered-set count="29920" freebytes="2726528" totalbytes="2846208" percent="95" regionsoverflowed="0" regionsstable="5" regionsrebuilding="10"/>
  </mem-info>
</gc-end>
<cycle-end id="2856" type="partial gc" contextid="2848" timestamp="2019-06-16T00:38:00.974" />
  <attribute name="elasticGC enabled" value="1" />
  <attribute name= "numThreadsSpecified" value="1" />
  <attribute name="heapSize specified" value="0" />
  <attribute name="Current GC Util" value="67" />
  <attribute name= "Current Time Running" value="20022" />
  <attribute name ="GC Interval" value="0" />
  <attribute name="ProportionalT" value="70.500000" />
  <attribute name="ProportionalI" value="70.500000" />
  <attribute name="ProportionalH" value="70.500000" />
  <attribute name="Current Error" value="47.000000" />
  <attribute name="IntegralT" value="0.000000" />
  <attribute name="IntegralI" value="0.000000" />
  <attribute name="IntegralH" value="0.000000" />
  <attribute name="DerivativeT" value="inf" />
  <attribute name="DerivativeI" value="inf" />
  <attribute name="DerivativeH" value="inf" />
  <attribute name="Loop Time for DT" value="0.000000" />
  <attribute name="Output H" value="8388608"/>
  <attribute name="Output I" value="200"/>
  <attribute name="Output T" value="1"/>
  <attribute name="Target GC Util Change" value ="20.000000" />
  <attribute name="Current GC Util Change" value="67.000000"/>
  <attribute name="GC Util currently" value="67" />
  <attribute name="CPU Util currently" value="16714942155930" />
<exclusive-end id="2857" timestamp="2019-06-16T00:38:00.974" durationms="3.977" />

<exclusive-start id="2858" timestamp="2019-06-16T00:38:00.978" intervalms="7.611">
  <response-info timems="0.022" idlems="0.022" threads="0" lastid="0000000001AE6700" lastname="main" />
</exclusive-start>
<allocation-taxation id="2859" taxation-threshold="11534336" timestamp="2019-06-16T00:38:00.978" intervalms="7.584" />
<gc-start id="2860" type="global mark phase" contextid="2696" timestamp="2019-06-16T00:38:00.978">
  <mem-info id="2861" free="26214400" total="67108864" percent="39">
    <remembered-set count="29472" freebytes="2728320" totalbytes="2846208" percent="95" regionsoverflowed="0" regionsstable="5" regionsrebuilding="10"/>
  </mem-info>
</gc-start>
<gc-end id="2862" type="global mark phase" contextid="2696" durationms="0.218" usertimems="0.000" systemtimems="0.000" timestamp="2019-06-16T00:38:00.978" activeThreads="1">
  <mem-info id="2863" free="26214400" total="67108864" percent="39">
    <remembered-set count="29472" freebytes="2728320" totalbytes="2846208" percent="95" regionsoverflowed="0" regionsstable="5" regionsrebuilding="10"/>
  </mem-info>
</gc-end>
<concurrent-start id="2864" type="GMP work packet processing" contextid="2696" timestamp="2019-06-16T00:38:00.979">
  <concurrent-mark-start scanTarget="1048576" />
</concurrent-start>
<exclusive-end id="2865" timestamp="2019-06-16T00:38:00.979" durationms="1.030" />

<concurrent-end id="2866" type="GMP work packet processing" contextid="2696" timestamp="2019-06-16T00:38:00.979">
  <concurrent-mark-end bytesScanned="1083908" reasonForTermination="Work target met" />
</concurrent-end>

<exclusive-start id="2867" timestamp="2019-06-16T00:38:00.983" intervalms="5.088">
  <response-info timems="0.076" idlems="0.076" threads="0" lastid="0000000001AE6700" lastname="main" />
</exclusive-start>
<allocation-taxation id="2868" taxation-threshold="11534336" timestamp="2019-06-16T00:38:00.983" intervalms="5.125" />
<cycle-start id="2869" type="partial gc" contextid="0" timestamp="2019-06-16T00:38:00.983" intervalms="12.809" />
<gc-start id="2870" type="partial gc" contextid="2869" timestamp="2019-06-16T00:38:00.984">
  <mem-info id="2871" free="14680064" total="67108864" percent="21">
    <mem type="eden" free="0" total="23068672" percent="0" />
    <remembered-set count="31296" freebytes="2721024" totalbytes="2846208" percent="95" regionsoverflowed="0" regionsstable="5" regionsrebuilding="10"/>
  </mem-info>
</gc-start>
<allocation-stats totalBytes="22981728" >
  <allocated-bytes non-tlh="0" tlh="22981728" arrayletleaf="0"/>
  <largest-consumer threadName="main" threadId="0000000001AE6700" bytes="11492096" />
</allocation-stats>
<gc-op id="2872" type="copy forward" timems="1.113" contextid="2869" timestamp="2019-06-16T00:38:00.986">
  <memory-copied type="eden" objects="0" bytes="0" bytesdiscarded="0" />
  <memory-copied type="other" objects="0" bytes="0" bytesdiscarded="0" />
  <memory-cardclean objects="17" bytes="448" />
  <regions eden="22" other="0" />
  <remembered-set-cleared processed="29066" cleared="4" durationms="0.252" />
  <stringconstants candidates="13658" cleared="0"  />
</gc-op>
<gc-op id="2873" type="classunload" timems="0.004" contextid="2869" timestamp="2019-06-16T00:38:00.986">
  <classunload-info classloadercandidates="53" classloadersunloaded="0" classesunloaded="0" anonymousclassesunloaded="0" quiescems="0.000" setupms="0.003" scanms="0.000" postms="0.000" />
</gc-op>
<heap-resize id="2874" type="expand" space="default" amount="6291456" count="1" timems="0.063" reason="excessive time being spent in gc" timestamp="2019-06-16T00:38:00.986" />
<gc-end id="2875" type="partial gc" contextid="2869" durationms="2.843" usertimems="4.000" systemtimems="0.000" timestamp="2019-06-16T00:38:00.986" activeThreads="1">
  <mem-info id="2876" free="44040192" total="73400320" percent="60">
    <remembered-set count="30496" freebytes="2807936" totalbytes="2929920" percent="95" regionsoverflowed="0" regionsstable="5" regionsrebuilding="10"/>
  </mem-info>
</gc-end>
<cycle-end id="2877" type="partial gc" contextid="2869" timestamp="2019-06-16T00:38:00.987" />
  <attribute name="elasticGC enabled" value="1" />
  <attribute name= "numThreadsSpecified" value="1" />
  <attribute name="heapSize specified" value="0" />
  <attribute name="Current GC Util" value="42" />
  <attribute name= "Current Time Running" value="20035" />
  <attribute name ="GC Interval" value="0" />
  <attribute name="ProportionalT" value="33.000000" />
  <attribute name="ProportionalI" value="33.000000" />
  <attribute name="ProportionalH" value="33.000000" />
  <attribute name="Current Error" value="22.000000" />
  <attribute name="IntegralT" value="0.000000" />
  <attribute name="IntegralI" value="0.000000" />
  <attribute name="IntegralH" value="0.000000" />
  <attribute name="DerivativeT" value="inf" />
  <attribute name="DerivativeI" value="inf" />
  <attribute name="DerivativeH" value="inf" />
  <attribute name="Loop Time for DT" value="0.000000" />
  <attribute name="Output H" value="8388608"/>
  <attribute name="Output I" value="200"/>
  <attribute name="Output T" value="1"/>
  <attribute name="Target GC Util Change" value ="20.000000" />
  <attribute name="Current GC Util Change" value="42.000000"/>
  <attribute name="GC Util currently" value="42" />
  <attribute name="CPU Util currently" value="9780819996057" />
<exclusive-end id="2878" timestamp="2019-06-16T00:38:00.987" durationms="4.152" />

<exclusive-start id="2879" timestamp="2019-06-16T00:38:00.991" intervalms="8.338">
  <response-info timems="0.081" idlems="0.081" threads="0" lastid="0000000001AE6700" lastname="main" />
</exclusive-start>
<allocation-taxation id="2880" taxation-threshold="12582912" timestamp="2019-06-16T00:38:00.991" intervalms="8.284" />
<gc-start id="2881" type="global mark phase" contextid="2696" timestamp="2019-06-16T00:38:00.992">
  <mem-info id="2882" free="31457280" total="73400320" percent="42">
    <remembered-set count="30496" freebytes="2807936" totalbytes="2929920" percent="95" regionsoverflowed="0" regionsstable="5" regionsrebuilding="10"/>
  </mem-info>
</gc-start>
<gc-end id="2883" type="global mark phase" contextid="2696" durationms="0.165" usertimems="0.000" systemtimems="0.000" timestamp="2019-06-16T00:38:00.992" activeThreads="1">
  <mem-info id="2884" free="31457280" total="73400320" percent="42">
    <remembered-set count="30496" freebytes="2807936" totalbytes="2929920" percent="95" regionsoverflowed="0" regionsstable="5" regionsrebuilding="10"/>
  </mem-info>
</gc-end>
<concurrent-start id="2885" type="GMP work packet processing" contextid="2696" timestamp="2019-06-16T00:38:00.992">
  <concurrent-mark-start scanTarget="1048576" />
</concurrent-start>
<exclusive-end id="2886" timestamp="2019-06-16T00:38:00.992" durationms="1.328" />

<concurrent-end id="2887" type="GMP work packet processing" contextid="2696" timestamp="2019-06-16T00:38:00.993">
  <concurrent-mark-end bytesScanned="313248" reasonForTermination="Completed all work in GC phase" />
</concurrent-end>

<exclusive-start id="2888" timestamp="2019-06-16T00:38:00.996" intervalms="5.354">
  <response-info timems="0.079" idlems="0.079" threads="0" lastid="0000000001AE6700" lastname="main" />
</exclusive-start>
<allocation-taxation id="2889" taxation-threshold="12582912" timestamp="2019-06-16T00:38:00.997" intervalms="5.367" />
<cycle-start id="2890" type="partial gc" contextid="0" timestamp="2019-06-16T00:38:00.997" intervalms="13.632" />
<gc-start id="2891" type="partial gc" contextid="2890" timestamp="2019-06-16T00:38:00.997">
  <mem-info id="2892" free="18874368" total="73400320" percent="25">
    <mem type="eden" free="0" total="25165824" percent="0" />
    <remembered-set count="32320" freebytes="2800640" totalbytes="2929920" percent="95" regionsoverflowed="0" regionsstable="5" regionsrebuilding="10"/>
  </mem-info>
</gc-start>
<allocation-stats totalBytes="25079096" >
  <allocated-bytes non-tlh="0" tlh="25079096" arrayletleaf="0"/>
  <largest-consumer threadName="main" threadId="0000000001AE6700" bytes="12541704" />
</allocation-stats>
<gc-op id="2893" type="copy forward" timems="1.168" contextid="2890" timestamp="2019-06-16T00:38:00.999">
  <memory-copied type="eden" objects="1" bytes="24" bytesdiscarded="0" />
  <memory-copied type="other" objects="0" bytes="0" bytesdiscarded="0" />
  <memory-cardclean objects="17" bytes="448" />
  <regions eden="24" other="0" />
  <remembered-set-cleared processed="29894" cleared="3" durationms="0.285" />
  <stringconstants candidates="13658" cleared="0"  />
</gc-op>
<gc-op id="2894" type="classunload" timems="0.004" contextid="2890" timestamp="2019-06-16T00:38:00.999">
  <classunload-info classloadercandidates="53" classloadersunloaded="0" classesunloaded="0" anonymousclassesunloaded="0" quiescems="0.000" setupms="0.004" scanms="0.000" postms="0.000" />
</gc-op>
<heap-resize id="2895" type="expand" space="default" amount="3145728" count="1" timems="0.048" reason="excessive time being spent in gc" timestamp="2019-06-16T00:38:01.000" />
<gc-end id="2896" type="partial gc" contextid="2890" durationms="2.655" usertimems="4.000" systemtimems="0.000" timestamp="2019-06-16T00:38:01.000" activeThreads="1">
  <mem-info id="2897" free="46137344" total="76546048" percent="60">
    <mem type="eden" free="1048552" total="1048576" percent="99" />
    <remembered-set count="32832" freebytes="2924160" totalbytes="3055488" percent="95" regionsoverflowed="0" regionsstable="5" regionsrebuilding="10"/>
  </mem-info>
</gc-end>
<cycle-end id="2898" type="partial gc" contextid="2890" timestamp="2019-06-16T00:38:01.000" />
  <attribute name="elasticGC enabled" value="1" />
  <attribute name= "numThreadsSpecified" value="1" />
  <attribute name="heapSize specified" value="0" />
  <attribute name="Current GC Util" value="78" />
  <attribute name= "Current Time Running" value="20048" />
  <attribute name ="GC Interval" value="0" />
  <attribute name="ProportionalT" value="87.000000" />
  <attribute name="ProportionalI" value="87.000000" />
  <attribute name="ProportionalH" value="87.000000" />
  <attribute name="Current Error" value="58.000000" />
  <attribute name="IntegralT" value="0.000000" />
  <attribute name="IntegralI" value="0.000000" />
  <attribute name="IntegralH" value="0.000000" />
  <attribute name="DerivativeT" value="inf" />
  <attribute name="DerivativeI" value="inf" />
  <attribute name="DerivativeH" value="inf" />
  <attribute name="Loop Time for DT" value="0.000000" />
  <attribute name="Output H" value="8388608"/>
  <attribute name="Output I" value="200"/>
  <attribute name="Output T" value="1"/>
  <attribute name="Target GC Util Change" value ="20.000000" />
  <attribute name="Current GC Util Change" value="78.000000"/>
  <attribute name="GC Util currently" value="78" />
  <attribute name="CPU Util currently" value="16634273447255" />
<exclusive-end id="2899" timestamp="2019-06-16T00:38:01.000" durationms="3.913" />

<exclusive-start id="2900" timestamp="2019-06-16T00:38:01.004" intervalms="7.930">
  <response-info timems="0.079" idlems="0.079" threads="0" lastid="0000000001AE6700" lastname="main" />
</exclusive-start>
<allocation-taxation id="2901" taxation-threshold="12582912" timestamp="2019-06-16T00:38:01.005" intervalms="7.949" />
<gc-start id="2902" type="global mark phase" contextid="2696" timestamp="2019-06-16T00:38:01.005">
  <mem-info id="2903" free="33554432" total="76546048" percent="43">
    <remembered-set count="32352" freebytes="2926080" totalbytes="3055488" percent="95" regionsoverflowed="0" regionsstable="5" regionsrebuilding="10"/>
  </mem-info>
</gc-start>
<gc-op id="2904" type="mark increment" timems="1.832" contextid="2696" timestamp="2019-06-16T00:38:01.007">
  <trace-info objectcount="1356" scancount="970" scanbytes="29636" />
  <cardclean-info objects="448" bytes="19012" />
  <finalization candidates="80" enqueued="0" />
  <ownableSynchronizers candidates="21" cleared="0" />
  <references type="soft" candidates="3287" cleared="1422" enqueued="711" dynamicThreshold="19" maxThreshold="32" />
  <references type="weak" candidates="5730" cleared="4" enqueued="3" />
  <references type="phantom" candidates="101" cleared="0" enqueued="0" />
  <stringconstants candidates="13658" cleared="389"  />
</gc-op>
<gc-op id="2905" type="classunload" timems="0.005" contextid="2696" timestamp="2019-06-16T00:38:01.007">
  <classunload-info classloadercandidates="53" classloadersunloaded="0" classesunloaded="0" anonymousclassesunloaded="0" quiescems="0.000" setupms="0.005" scanms="0.000" postms="0.000" />
</gc-op>
<gc-end id="2906" type="global mark phase" contextid="2696" durationms="2.393" usertimems="4.000" systemtimems="0.000" timestamp="2019-06-16T00:38:01.007" activeThreads="4">
  <mem-info id="2907" free="33554432" total="76546048" percent="43">
    <pending-finalizers system="0" default="0" reference="714" classloader="0" />
    <remembered-set count="32352" freebytes="2926080" totalbytes="3055488" percent="95" regionsoverflowed="0" regionsstable="5" regionsrebuilding="0"/>
  </mem-info>
</gc-end>
<cycle-end id="2908" type="global mark phase" contextid="2696" timestamp="2019-06-16T00:38:01.007" />
  <attribute name="elasticGC enabled" value="1" />
  <attribute name= "numThreadsSpecified" value="4" />
  <attribute name="heapSize specified" value="0" />
  <attribute name="Current GC Util" value="0" />
  <attribute name= "Current Time Running" value="20056" />
  <attribute name ="GC Interval" value="0" />
  <attribute name="ProportionalT" value="-30.000000" />
  <attribute name="ProportionalI" value="-30.000000" />
  <attribute name="ProportionalH" value="-30.000000" />
  <attribute name="Current Error" value="-20.000000" />
  <attribute name="IntegralT" value="0.000000" />
  <attribute name="IntegralI" value="0.000000" />
  <attribute name="IntegralH" value="0.000000" />
  <attribute name="DerivativeT" value="-inf" />
  <attribute name="DerivativeI" value="-inf" />
  <attribute name="DerivativeH" value="-inf" />
  <attribute name="Loop Time for DT" value="0.000000" />
  <attribute name="Output H" value="2091843584"/>
  <attribute name="Output I" value="200"/>
  <attribute name="Output T" value="4"/>
  <attribute name="Target GC Util Change" value ="20.000000" />
  <attribute name="Current GC Util Change" value="0.000000"/>
  <attribute name="GC Util currently" value="0" />
  <attribute name="CPU Util currently" value="25868528054855" />
<exclusive-end id="2909" timestamp="2019-06-16T00:38:01.008" durationms="3.157" />

<exclusive-start id="2910" timestamp="2019-06-16T00:38:01.011" intervalms="6.931">
  <response-info timems="0.084" idlems="0.084" threads="0" lastid="0000000001AE6700" lastname="main" />
</exclusive-start>
<allocation-taxation id="2911" taxation-threshold="12582912" timestamp="2019-06-16T00:38:01.011" intervalms="6.853" />
<cycle-start id="2912" type="partial gc" contextid="0" timestamp="2019-06-16T00:38:01.012" intervalms="14.747" />
<gc-start id="2913" type="partial gc" contextid="2912" timestamp="2019-06-16T00:38:01.012">
  <mem-info id="2914" free="20971520" total="76546048" percent="27">
    <mem type="eden" free="1048552" total="26214400" percent="3" />
    <remembered-set count="19072" freebytes="2979200" totalbytes="3055488" percent="97" regionsoverflowed="0" regionsstable="15" regionsrebuilding="0"/>
  </mem-info>
</gc-start>
<allocation-stats totalBytes="25079704" >
  <allocated-bytes non-tlh="0" tlh="25079704" arrayletleaf="0"/>
  <largest-consumer threadName="main" threadId="0000000001AE6700" bytes="12501048" />
</allocation-stats>
<gc-op id="2915" type="sweep" timems="0.895" contextid="2912" timestamp="2019-06-16T00:38:01.013" />
<gc-op id="2916" type="copy forward" timems="0.867" contextid="2912" timestamp="2019-06-16T00:38:01.015">
  <memory-copied type="eden" objects="2" bytes="3072" bytesdiscarded="0" />
  <memory-copied type="other" objects="0" bytes="0" bytesdiscarded="0" />
  <memory-cardclean objects="26" bytes="3128" />
  <regions eden="12" other="1" />
  <remembered-set-cleared processed="17290" cleared="4" durationms="0.227" />
  <stringconstants candidates="13269" cleared="0"  />
</gc-op>
<gc-op id="2917" type="classunload" timems="0.003" contextid="2912" timestamp="2019-06-16T00:38:01.015">
  <classunload-info classloadercandidates="53" classloadersunloaded="0" classesunloaded="0" anonymousclassesunloaded="0" quiescems="0.000" setupms="0.003" scanms="0.000" postms="0.000" />
</gc-op>
<gc-end id="2918" type="partial gc" contextid="2912" durationms="3.289" usertimems="4.000" systemtimems="0.000" timestamp="2019-06-16T00:38:01.015" activeThreads="1">
  <mem-info id="2919" free="46137344" total="76546048" percent="60">
    <mem type="eden" free="1045504" total="1048576" percent="99" />
    <remembered-set count="19552" freebytes="2977280" totalbytes="3055488" percent="97" regionsoverflowed="0" regionsstable="15" regionsrebuilding="0"/>
  </mem-info>
</gc-end>
<cycle-end id="2920" type="partial gc" contextid="2912" timestamp="2019-06-16T00:38:01.015" />
  <attribute name="elasticGC enabled" value="1" />
  <attribute name= "numThreadsSpecified" value="1" />
  <attribute name="heapSize specified" value="0" />
  <attribute name="Current GC Util" value="66" />
  <attribute name= "Current Time Running" value="20064" />
  <attribute name ="GC Interval" value="0" />
  <attribute name="ProportionalT" value="69.000000" />
  <attribute name="ProportionalI" value="69.000000" />
  <attribute name="ProportionalH" value="69.000000" />
  <attribute name="Current Error" value="46.000000" />
  <attribute name="IntegralT" value="0.000000" />
  <attribute name="IntegralI" value="0.000000" />
  <attribute name="IntegralH" value="0.000000" />
  <attribute name="DerivativeT" value="inf" />
  <attribute name="DerivativeI" value="inf" />
  <attribute name="DerivativeH" value="inf" />
  <attribute name="Loop Time for DT" value="0.000000" />
  <attribute name="Output H" value="8388608"/>
  <attribute name="Output I" value="200"/>
  <attribute name="Output T" value="1"/>
  <attribute name="Target GC Util Change" value ="20.000000" />
  <attribute name="Current GC Util Change" value="66.000000"/>
  <attribute name="GC Util currently" value="66" />
  <attribute name="CPU Util currently" value="18780358163855" />
<exclusive-end id="2921" timestamp="2019-06-16T00:38:01.016" durationms="4.378" />

<exclusive-start id="2922" timestamp="2019-06-16T00:38:01.024" intervalms="12.256">
  <response-info timems="0.082" idlems="0.082" threads="0" lastid="0000000001AE6700" lastname="main" />
</exclusive-start>
<allocation-taxation id="2923" taxation-threshold="26214400" timestamp="2019-06-16T00:38:01.024" intervalms="12.348" />
<cycle-start id="2924" type="partial gc" contextid="0" timestamp="2019-06-16T00:38:01.024" intervalms="12.393" />
<gc-start id="2925" type="partial gc" contextid="2924" timestamp="2019-06-16T00:38:01.024">
  <mem-info id="2926" free="19922944" total="76546048" percent="26">
    <mem type="eden" free="0" total="26214400" percent="0" />
    <remembered-set count="19072" freebytes="2979200" totalbytes="3055488" percent="97" regionsoverflowed="0" regionsstable="15" regionsrebuilding="0"/>
  </mem-info>
</gc-start>
<allocation-stats totalBytes="26126112" >
  <allocated-bytes non-tlh="0" tlh="26126112" arrayletleaf="0"/>
  <largest-consumer threadName="main" threadId="0000000001AE6700" bytes="26126112" />
</allocation-stats>
<gc-op id="2927" type="copy forward" timems="1.872" contextid="2924" timestamp="2019-06-16T00:38:01.027">
  <memory-copied type="eden" objects="1" bytes="24" bytesdiscarded="0" />
  <memory-copied type="other" objects="1399" bytes="102240" bytesdiscarded="6840" />
  <memory-cardclean objects="211" bytes="19992" />
  <regions eden="25" other="7" />
  <remembered-set-cleared processed="17252" cleared="128" durationms="0.150" />
  <references type="soft" candidates="16" cleared="0" enqueued="0" dynamicThreshold="19" maxThreshold="32" />
  <references type="weak" candidates="70" cleared="0" enqueued="0" />
  <stringconstants candidates="13269" cleared="0"  />
</gc-op>
<gc-op id="2928" type="classunload" timems="0.004" contextid="2924" timestamp="2019-06-16T00:38:01.027">
  <classunload-info classloadercandidates="53" classloadersunloaded="0" classesunloaded="0" anonymousclassesunloaded="0" quiescems="0.000" setupms="0.004" scanms="0.000" postms="0.000" />
</gc-op>
<heap-resize id="2929" type="contract" space="default" amount="4194304" count="1" timems="0.051" reason="excess free space following gc" timestamp="2019-06-16T00:38:01.027" />
<gc-end id="2930" type="partial gc" contextid="2924" durationms="2.990" usertimems="0.000" systemtimems="4.000" timestamp="2019-06-16T00:38:01.027" activeThreads="4">
  <mem-info id="2931" free="45088768" total="72351744" percent="62">
    <mem type="eden" free="1048552" total="1048576" percent="99" />
    <remembered-set count="19552" freebytes="2977280" totalbytes="3055488" percent="97" regionsoverflowed="0" regionsstable="15" regionsrebuilding="0"/>
  </mem-info>
</gc-end>
<cycle-end id="2932" type="partial gc" contextid="2924" timestamp="2019-06-16T00:38:01.027" />
  <attribute name="elasticGC enabled" value="1" />
  <attribute name= "numThreadsSpecified" value="4" />
  <attribute name="heapSize specified" value="0" />
  <attribute name="Current GC Util" value="73" />
  <attribute name= "Current Time Running" value="20076" />
  <attribute name ="GC Interval" value="0" />
  <attribute name="ProportionalT" value="79.500000" />
  <attribute name="ProportionalI" value="79.500000" />
  <attribute name="ProportionalH" value="79.500000" />
  <attribute name="Current Error" value="53.000000" />
  <attribute name="IntegralT" value="53.000000" />
  <attribute name="IntegralI" value="53.000000" />
  <attribute name="IntegralH" value="53.000000" />
  <attribute name="DerivativeT" value="25.500000" />
  <attribute name="DerivativeI" value="25.500000" />
  <attribute name="DerivativeH" value="25.500000" />
  <attribute name="Loop Time for DT" value="1.000000" />
  <attribute name="Output H" value="8388608"/>
  <attribute name="Output I" value="200"/>
  <attribute name="Output T" value="4"/>
  <attribute name="Target GC Util Change" value ="20.000000" />
  <attribute name="Current GC Util Change" value="73.000000"/>
  <attribute name="GC Util currently" value="73" />
  <attribute name="CPU Util currently" value="18078733188383" />
<exclusive-end id="2933" timestamp="2019-06-16T00:38:01.028" durationms="4.067" />

<exclusive-start id="2934" timestamp="2019-06-16T00:38:01.035" intervalms="11.790">
  <response-info timems="0.082" idlems="0.082" threads="0" lastid="0000000001AE6700" lastname="main" />
</exclusive-start>
<allocation-taxation id="2935" taxation-threshold="25165824" timestamp="2019-06-16T00:38:01.035" intervalms="11.703" />
<cycle-start id="2936" type="partial gc" contextid="0" timestamp="2019-06-16T00:38:01.036" intervalms="11.668" />
<gc-start id="2937" type="partial gc" contextid="2936" timestamp="2019-06-16T00:38:01.036">
  <mem-info id="2938" free="19922944" total="72351744" percent="27">
    <mem type="eden" free="1048552" total="26214400" percent="3" />
    <remembered-set count="19136" freebytes="2978944" totalbytes="3055488" percent="97" regionsoverflowed="0" regionsstable="15" regionsrebuilding="0"/>
  </mem-info>
</gc-start>
<allocation-stats totalBytes="25080968" >
  <allocated-bytes non-tlh="0" tlh="25080968" arrayletleaf="0"/>
  <largest-consumer threadName="main" threadId="0000000001AE6700" bytes="25080968" />
</allocation-stats>
<gc-op id="2939" type="copy forward" timems="2.096" contextid="2936" timestamp="2019-06-16T00:38:01.039">
  <memory-copied type="eden" objects="1" bytes="24" bytesdiscarded="0" />
  <memory-copied type="other" objects="32356" bytes="700816" bytesdiscarded="24792" />
  <memory-cardclean objects="4540" bytes="270504" />
  <regions eden="24" other="4" />
  <remembered-set-cleared processed="16985" cleared="616" durationms="0.149" />
  <references type="weak" candidates="36" cleared="0" enqueued="0" />
  <stringconstants candidates="13269" cleared="0"  />
</gc-op>
<gc-op id="2940" type="classunload" timems="0.004" contextid="2936" timestamp="2019-06-16T00:38:01.039">
  <classunload-info classloadercandidates="53" classloadersunloaded="0" classesunloaded="0" anonymousclassesunloaded="0" quiescems="0.000" setupms="0.004" scanms="0.000" postms="0.000" />
</gc-op>
<heap-resize id="2941" type="contract" space="default" amount="4194304" count="1" timems="0.058" reason="excess free space following gc" timestamp="2019-06-16T00:38:01.039" />
<gc-end id="2942" type="partial gc" contextid="2936" durationms="3.483" usertimems="8.000" systemtimems="0.000" timestamp="2019-06-16T00:38:01.039" activeThreads="4">
  <mem-info id="2943" free="42991616" total="68157440" percent="63">
    <mem type="eden" free="1048552" total="1048576" percent="99" />
    <remembered-set count="18784" freebytes="2812928" totalbytes="2888064" percent="97" regionsoverflowed="0" regionsstable="15" regionsrebuilding="0"/>
  </mem-info>
</gc-end>
<cycle-end id="2944" type="partial gc" contextid="2936" timestamp="2019-06-16T00:38:01.040" />
  <attribute name="elasticGC enabled" value="1" />
  <attribute name= "numThreadsSpecified" value="4" />
  <attribute name="heapSize specified" value="0" />
  <attribute name="Current GC Util" value="36" />
  <attribute name= "Current Time Running" value="20087" />
  <attribute name ="GC Interval" value="0" />
  <attribute name="ProportionalT" value="24.000000" />
  <attribute name="ProportionalI" value="24.000000" />
  <attribute name="ProportionalH" value="24.000000" />
  <attribute name="Current Error" value="16.000000" />
  <attribute name="IntegralT" value="0.000000" />
  <attribute name="IntegralI" value="0.000000" />
  <attribute name="IntegralH" value="0.000000" />
  <attribute name="DerivativeT" value="-inf" />
  <attribute name="DerivativeI" value="-inf" />
  <attribute name="DerivativeH" value="-inf" />
  <attribute name="Loop Time for DT" value="0.000000" />
  <attribute name="Output H" value="2091843584"/>
  <attribute name="Output I" value="200"/>
  <attribute name="Output T" value="4"/>
  <attribute name="Target GC Util Change" value ="20.000000" />
  <attribute name="Current GC Util Change" value="36.000000"/>
  <attribute name="GC Util currently" value="36" />
  <attribute name="CPU Util currently" value="9630028796376" />
<exclusive-end id="2945" timestamp="2019-06-16T00:38:01.040" durationms="4.539" />

<exclusive-start id="2946" timestamp="2019-06-16T00:38:01.047" intervalms="11.842">
  <response-info timems="0.081" idlems="0.081" threads="0" lastid="0000000001AE6700" lastname="main" />
</exclusive-start>
<allocation-taxation id="2947" taxation-threshold="24117248" timestamp="2019-06-16T00:38:01.047" intervalms="11.872" />
<cycle-start id="2948" type="partial gc" contextid="0" timestamp="2019-06-16T00:38:01.048" intervalms="11.867" />
<gc-start id="2949" type="partial gc" contextid="2948" timestamp="2019-06-16T00:38:01.048">
  <mem-info id="2950" free="18874368" total="68157440" percent="27">
    <mem type="eden" free="1048552" total="25165824" percent="4" />
    <remembered-set count="18464" freebytes="2814208" totalbytes="2888064" percent="97" regionsoverflowed="0" regionsstable="15" regionsrebuilding="0"/>
  </mem-info>
</gc-start>
<allocation-stats totalBytes="24035824" >
  <allocated-bytes non-tlh="0" tlh="24035824" arrayletleaf="0"/>
  <largest-consumer threadName="main" threadId="0000000001AE6700" bytes="24035824" />
</allocation-stats>
<gc-op id="2951" type="copy forward" timems="1.620" contextid="2948" timestamp="2019-06-16T00:38:01.050">
  <memory-copied type="eden" objects="1" bytes="24" bytesdiscarded="0" />
  <memory-copied type="other" objects="67" bytes="2808" bytesdiscarded="488" />
  <memory-cardclean objects="64" bytes="2168" />
  <regions eden="23" other="2" />
  <remembered-set-cleared processed="17254" cleared="9" durationms="0.163" />
  <stringconstants candidates="13269" cleared="0"  />
</gc-op>
<gc-op id="2952" type="classunload" timems="0.003" contextid="2948" timestamp="2019-06-16T00:38:01.050">
  <classunload-info classloadercandidates="53" classloadersunloaded="0" classesunloaded="0" anonymousclassesunloaded="0" quiescems="0.000" setupms="0.003" scanms="0.000" postms="0.000" />
</gc-op>
<heap-resize id="2953" type="contract" space="default" amount="3145728" count="1" timems="0.207" reason="excess free space following gc" timestamp="2019-06-16T00:38:01.051" />
<gc-end id="2954" type="partial gc" contextid="2948" durationms="3.266" usertimems="4.000" systemtimems="0.000" timestamp="2019-06-16T00:38:01.051" activeThreads="4">
  <mem-info id="2955" free="39845888" total="65011712" percent="61">
    <mem type="eden" free="1048552" total="1048576" percent="99" />
    <remembered-set count="19168" freebytes="2643968" totalbytes="2720640" percent="97" regionsoverflowed="0" regionsstable="15" regionsrebuilding="0"/>
  </mem-info>
</gc-end>
<cycle-end id="2956" type="partial gc" contextid="2948" timestamp="2019-06-16T00:38:01.051" />
  <attribute name="elasticGC enabled" value="1" />
  <attribute name= "numThreadsSpecified" value="4" />
  <attribute name="heapSize specified" value="0" />
  <attribute name="Current GC Util" value="33" />
  <attribute name= "Current Time Running" value="20099" />
  <attribute name ="GC Interval" value="0" />
  <attribute name="ProportionalT" value="19.500000" />
  <attribute name="ProportionalI" value="19.500000" />
  <attribute name="ProportionalH" value="19.500000" />
  <attribute name="Current Error" value="13.000000" />
  <attribute name="IntegralT" value="0.000000" />
  <attribute name="IntegralI" value="0.000000" />
  <attribute name="IntegralH" value="0.000000" />
  <attribute name="DerivativeT" value="-inf" />
  <attribute name="DerivativeI" value="-inf" />
  <attribute name="DerivativeH" value="-inf" />
  <attribute name="Loop Time for DT" value="0.000000" />
  <attribute name="Output H" value="2091843584"/>
  <attribute name="Output I" value="200"/>
  <attribute name="Output T" value="4"/>
  <attribute name="Target GC Util Change" value ="20.000000" />
  <attribute name="Current GC Util Change" value="33.000000"/>
  <attribute name="GC Util currently" value="33" />
  <attribute name="CPU Util currently" value="10378942657655" />
<exclusive-end id="2957" timestamp="2019-06-16T00:38:01.051" durationms="4.265" />

<exclusive-start id="2958" timestamp="2019-06-16T00:38:01.058" intervalms="11.291">
  <response-info timems="0.038" idlems="0.038" threads="0" lastid="0000000001AE6700" lastname="main" />
</exclusive-start>
<allocation-taxation id="2959" taxation-threshold="23068672" timestamp="2019-06-16T00:38:01.059" intervalms="11.270" />
<cycle-start id="2960" type="partial gc" contextid="0" timestamp="2019-06-16T00:38:01.059" intervalms="11.265" />
<gc-start id="2961" type="partial gc" contextid="2960" timestamp="2019-06-16T00:38:01.059">
  <mem-info id="2962" free="16777216" total="65011712" percent="25">
    <mem type="eden" free="1048552" total="24117248" percent="4" />
    <remembered-set count="18720" freebytes="2645760" totalbytes="2720640" percent="97" regionsoverflowed="0" regionsstable="15" regionsrebuilding="0"/>
  </mem-info>
</gc-start>
<allocation-stats totalBytes="22990680" >
  <allocated-bytes non-tlh="0" tlh="22990680" arrayletleaf="0"/>
  <largest-consumer threadName="main" threadId="0000000001AE6700" bytes="22990680" />
</allocation-stats>
<gc-op id="2963" type="copy forward" timems="1.513" contextid="2960" timestamp="2019-06-16T00:38:01.061">
  <memory-copied type="eden" objects="1" bytes="24" bytesdiscarded="0" />
  <memory-copied type="other" objects="1275" bytes="52448" bytesdiscarded="0" />
  <memory-cardclean objects="2087" bytes="61104" />
  <regions eden="22" other="2" />
  <remembered-set-cleared processed="17109" cleared="141" durationms="0.198" />
  <references type="soft" candidates="8" cleared="0" enqueued="0" dynamicThreshold="19" maxThreshold="32" />
  <references type="weak" candidates="13" cleared="0" enqueued="0" />
  <stringconstants candidates="13269" cleared="0"  />
</gc-op>
<gc-op id="2964" type="classunload" timems="0.004" contextid="2960" timestamp="2019-06-16T00:38:01.062">
  <classunload-info classloadercandidates="53" classloadersunloaded="0" classesunloaded="0" anonymousclassesunloaded="0" quiescems="0.000" setupms="0.004" scanms="0.000" postms="0.000" />
</gc-op>
<gc-end id="2965" type="partial gc" contextid="2960" durationms="2.858" usertimems="4.000" systemtimems="0.000" timestamp="2019-06-16T00:38:01.062" activeThreads="1">
  <mem-info id="2966" free="39845888" total="65011712" percent="61">
    <mem type="eden" free="1048552" total="1048576" percent="99" />
    <remembered-set count="17888" freebytes="2523520" totalbytes="2595072" percent="97" regionsoverflowed="0" regionsstable="15" regionsrebuilding="0"/>
  </mem-info>
</gc-end>
<cycle-end id="2967" type="partial gc" contextid="2960" timestamp="2019-06-16T00:38:01.062" />
  <attribute name="elasticGC enabled" value="1" />
  <attribute name= "numThreadsSpecified" value="1" />
  <attribute name="heapSize specified" value="0" />
  <attribute name="Current GC Util" value="39" />
  <attribute name= "Current Time Running" value="20110" />
  <attribute name ="GC Interval" value="0" />
  <attribute name="ProportionalT" value="28.500000" />
  <attribute name="ProportionalI" value="28.500000" />
  <attribute name="ProportionalH" value="28.500000" />
  <attribute name="Current Error" value="19.000000" />
  <attribute name="IntegralT" value="0.000000" />
  <attribute name="IntegralI" value="0.000000" />
  <attribute name="IntegralH" value="0.000000" />
  <attribute name="DerivativeT" value="inf" />
  <attribute name="DerivativeI" value="inf" />
  <attribute name="DerivativeH" value="inf" />
  <attribute name="Loop Time for DT" value="0.000000" />
  <attribute name="Output H" value="8388608"/>
  <attribute name="Output I" value="200"/>
  <attribute name="Output T" value="1"/>
  <attribute name="Target GC Util Change" value ="20.000000" />
  <attribute name="Current GC Util Change" value="39.000000"/>
  <attribute name="GC Util currently" value="39" />
  <attribute name="CPU Util currently" value="11234724704099" />
<exclusive-end id="2968" timestamp="2019-06-16T00:38:01.062" durationms="3.933" />

<exclusive-start id="2969" timestamp="2019-06-16T00:38:01.066" intervalms="7.607">
  <response-info timems="0.076" idlems="0.076" threads="0" lastid="0000000001AE6700" lastname="main" />
</exclusive-start>
<allocation-taxation id="2970" taxation-threshold="11534336" timestamp="2019-06-16T00:38:01.066" intervalms="7.631" />
<cycle-start id="2971" type="global mark phase" contextid="0" timestamp="2019-06-16T00:38:01.066" intervalms="426.958" />
<gc-start id="2972" type="global mark phase" contextid="2971" timestamp="2019-06-16T00:38:01.067">
  <mem-info id="2973" free="28311552" total="65011712" percent="43">
    <remembered-set count="17632" freebytes="2524544" totalbytes="2595072" percent="97" regionsoverflowed="0" regionsstable="15" regionsrebuilding="0"/>
  </mem-info>
</gc-start>
<gc-op id="2974" type="mark increment" timems="2.162" contextid="2971" timestamp="2019-06-16T00:38:01.069">
  <trace-info objectcount="66404" scancount="47274" scanbytes="1648084" />
</gc-op>
<gc-end id="2975" type="global mark phase" contextid="2971" durationms="2.365" usertimems="4.000" systemtimems="4.000" timestamp="2019-06-16T00:38:01.069" activeThreads="4">
  <mem-info id="2976" free="28311552" total="65011712" percent="43">
    <remembered-set count="27872" freebytes="2483584" totalbytes="2595072" percent="95" regionsoverflowed="0" regionsstable="0" regionsrebuilding="15"/>
  </mem-info>
</gc-end>
<concurrent-start id="2977" type="GMP work packet processing" contextid="2971" timestamp="2019-06-16T00:38:01.069">
  <concurrent-mark-start scanTarget="1795474" />
</concurrent-start>
<exclusive-end id="2978" timestamp="2019-06-16T00:38:01.070" durationms="3.991" />

<concurrent-end id="2979" type="GMP work packet processing" contextid="2971" timestamp="2019-06-16T00:38:01.070">
  <concurrent-mark-end bytesScanned="1845440" reasonForTermination="Work target met" />
</concurrent-end>

<exclusive-start id="2980" timestamp="2019-06-16T00:38:01.074" intervalms="7.588">
  <response-info timems="0.066" idlems="0.066" threads="0" lastid="0000000001AE6700" lastname="main" />
</exclusive-start>
<allocation-taxation id="2981" taxation-threshold="11534336" timestamp="2019-06-16T00:38:01.074" intervalms="7.559" />
<cycle-start id="2982" type="partial gc" contextid="0" timestamp="2019-06-16T00:38:01.074" intervalms="15.187" />
<gc-start id="2983" type="partial gc" contextid="2982" timestamp="2019-06-16T00:38:01.074">
  <mem-info id="2984" free="16777216" total="65011712" percent="25">
    <mem type="eden" free="1048552" total="24117248" percent="4" />
    <remembered-set count="36160" freebytes="2450432" totalbytes="2595072" percent="94" regionsoverflowed="0" regionsstable="0" regionsrebuilding="15"/>
  </mem-info>
</gc-start>
<allocation-stats totalBytes="22990680" >
  <allocated-bytes non-tlh="0" tlh="22990680" arrayletleaf="0"/>
  <largest-consumer threadName="main" threadId="0000000001AE6700" bytes="11496584" />
</allocation-stats>
<gc-op id="2985" type="copy forward" timems="1.224" contextid="2982" timestamp="2019-06-16T00:38:01.076">
  <memory-copied type="eden" objects="1" bytes="24" bytesdiscarded="0" />
  <memory-copied type="other" objects="0" bytes="0" bytesdiscarded="0" />
  <memory-cardclean objects="17" bytes="432" />
  <regions eden="22" other="1" />
  <remembered-set-cleared processed="34308" cleared="12" durationms="0.302" />
  <stringconstants candidates="13269" cleared="0"  />
</gc-op>
<gc-op id="2986" type="classunload" timems="0.004" contextid="2982" timestamp="2019-06-16T00:38:01.076">
  <classunload-info classloadercandidates="53" classloadersunloaded="0" classesunloaded="0" anonymousclassesunloaded="0" quiescems="0.000" setupms="0.004" scanms="0.000" postms="0.000" />
</gc-op>
<gc-end id="2987" type="partial gc" contextid="2982" durationms="2.388" usertimems="0.000" systemtimems="4.000" timestamp="2019-06-16T00:38:01.077" activeThreads="1">
  <mem-info id="2988" free="39845888" total="65011712" percent="61">
    <mem type="eden" free="1048552" total="1048576" percent="99" />
    <remembered-set count="36640" freebytes="2448512" totalbytes="2595072" percent="94" regionsoverflowed="0" regionsstable="0" regionsrebuilding="15"/>
  </mem-info>
</gc-end>
<cycle-end id="2989" type="partial gc" contextid="2982" timestamp="2019-06-16T00:38:01.077" />
  <attribute name="elasticGC enabled" value="1" />
  <attribute name= "numThreadsSpecified" value="1" />
  <attribute name="heapSize specified" value="0" />
  <attribute name="Current GC Util" value="54" />
  <attribute name= "Current Time Running" value="20125" />
  <attribute name ="GC Interval" value="0" />
  <attribute name="ProportionalT" value="51.000000" />
  <attribute name="ProportionalI" value="51.000000" />
  <attribute name="ProportionalH" value="51.000000" />
  <attribute name="Current Error" value="34.000000" />
  <attribute name="IntegralT" value="0.000000" />
  <attribute name="IntegralI" value="0.000000" />
  <attribute name="IntegralH" value="0.000000" />
  <attribute name="DerivativeT" value="inf" />
  <attribute name="DerivativeI" value="inf" />
  <attribute name="DerivativeH" value="inf" />
  <attribute name="Loop Time for DT" value="0.000000" />
  <attribute name="Output H" value="8388608"/>
  <attribute name="Output I" value="200"/>
  <attribute name="Output T" value="1"/>
  <attribute name="Target GC Util Change" value ="20.000000" />
  <attribute name="Current GC Util Change" value="54.000000"/>
  <attribute name="GC Util currently" value="54" />
  <attribute name="CPU Util currently" value="20674828832074" />
<exclusive-end id="2990" timestamp="2019-06-16T00:38:01.077" durationms="3.459" />

<exclusive-start id="2991" timestamp="2019-06-16T00:38:01.081" intervalms="7.511">
  <response-info timems="0.443" idlems="0.443" threads="0" lastid="0000000001AE6700" lastname="main" />
</exclusive-start>
<allocation-taxation id="2992" taxation-threshold="11534336" timestamp="2019-06-16T00:38:01.081" intervalms="7.550" />
<gc-start id="2993" type="global mark phase" contextid="2971" timestamp="2019-06-16T00:38:01.082">
  <mem-info id="2994" free="28311552" total="65011712" percent="43">
    <remembered-set count="36160" freebytes="2450432" totalbytes="2595072" percent="94" regionsoverflowed="0" regionsstable="0" regionsrebuilding="15"/>
  </mem-info>
</gc-start>
<gc-end id="2995" type="global mark phase" contextid="2971" durationms="0.156" usertimems="0.000" systemtimems="0.000" timestamp="2019-06-16T00:38:01.082" activeThreads="1">
  <mem-info id="2996" free="28311552" total="65011712" percent="43">
    <remembered-set count="36160" freebytes="2450432" totalbytes="2595072" percent="94" regionsoverflowed="0" regionsstable="0" regionsrebuilding="15"/>
  </mem-info>
</gc-end>
<concurrent-start id="2997" type="GMP work packet processing" contextid="2971" timestamp="2019-06-16T00:38:01.082">
  <concurrent-mark-start scanTarget="1048576" />
</concurrent-start>
<exclusive-end id="2998" timestamp="2019-06-16T00:38:01.083" durationms="1.352" />

<concurrent-end id="2999" type="GMP work packet processing" contextid="2971" timestamp="2019-06-16T00:38:01.083">
  <concurrent-mark-end bytesScanned="1090836" reasonForTermination="Work target met" />
</concurrent-end>

<exclusive-start id="3000" timestamp="2019-06-16T00:38:01.086" intervalms="4.930">
  <response-info timems="0.075" idlems="0.075" threads="0" lastid="0000000001AE6700" lastname="main" />
</exclusive-start>
<allocation-taxation id="3001" taxation-threshold="11534336" timestamp="2019-06-16T00:38:01.086" intervalms="4.867" />
<cycle-start id="3002" type="partial gc" contextid="0" timestamp="2019-06-16T00:38:01.086" intervalms="12.395" />
<gc-start id="3003" type="partial gc" contextid="3002" timestamp="2019-06-16T00:38:01.087">
  <mem-info id="3004" free="16777216" total="65011712" percent="25">
    <mem type="eden" free="1048552" total="24117248" percent="4" />
    <remembered-set count="43296" freebytes="2421888" totalbytes="2595072" percent="93" regionsoverflowed="0" regionsstable="0" regionsrebuilding="15"/>
  </mem-info>
</gc-start>
<allocation-stats totalBytes="22990680" >
  <allocated-bytes non-tlh="0" tlh="22990680" arrayletleaf="0"/>
  <largest-consumer threadName="main" threadId="0000000001AE6700" bytes="11496584" />
</allocation-stats>
<gc-op id="3005" type="copy forward" timems="1.277" contextid="3002" timestamp="2019-06-16T00:38:01.089">
  <memory-copied type="eden" objects="1" bytes="24" bytesdiscarded="0" />
  <memory-copied type="other" objects="0" bytes="0" bytesdiscarded="0" />
  <memory-cardclean objects="17" bytes="432" />
  <regions eden="22" other="1" />
  <remembered-set-cleared processed="40878" cleared="5" durationms="0.338" />
  <stringconstants candidates="13269" cleared="0"  />
</gc-op>
<gc-op id="3006" type="classunload" timems="0.004" contextid="3002" timestamp="2019-06-16T00:38:01.089">
  <classunload-info classloadercandidates="53" classloadersunloaded="0" classesunloaded="0" anonymousclassesunloaded="0" quiescems="0.000" setupms="0.004" scanms="0.000" postms="0.000" />
</gc-op>
<gc-end id="3007" type="partial gc" contextid="3002" durationms="2.432" usertimems="0.000" systemtimems="0.000" timestamp="2019-06-16T00:38:01.089" activeThreads="1">
  <mem-info id="3008" free="39845888" total="65011712" percent="61">
    <mem type="eden" free="1048552" total="1048576" percent="99" />
    <remembered-set count="43776" freebytes="2419968" totalbytes="2595072" percent="93" regionsoverflowed="0" regionsstable="0" regionsrebuilding="15"/>
  </mem-info>
</gc-end>
<cycle-end id="3009" type="partial gc" contextid="3002" timestamp="2019-06-16T00:38:01.089" />
  <attribute name="elasticGC enabled" value="1" />
  <attribute name= "numThreadsSpecified" value="1" />
  <attribute name="heapSize specified" value="0" />
  <attribute name="Current GC Util" value="70" />
  <attribute name= "Current Time Running" value="20138" />
  <attribute name ="GC Interval" value="0" />
  <attribute name="ProportionalT" value="75.000000" />
  <attribute name="ProportionalI" value="75.000000" />
  <attribute name="ProportionalH" value="75.000000" />
  <attribute name="Current Error" value="50.000000" />
  <attribute name="IntegralT" value="0.000000" />
  <attribute name="IntegralI" value="0.000000" />
  <attribute name="IntegralH" value="0.000000" />
  <attribute name="DerivativeT" value="inf" />
  <attribute name="DerivativeI" value="inf" />
  <attribute name="DerivativeH" value="inf" />
  <attribute name="Loop Time for DT" value="0.000000" />
  <attribute name="Output H" value="8388608"/>
  <attribute name="Output I" value="200"/>
  <attribute name="Output T" value="1"/>
  <attribute name="Target GC Util Change" value ="20.000000" />
  <attribute name="Current GC Util Change" value="70.000000"/>
  <attribute name="GC Util currently" value="70" />
  <attribute name="CPU Util currently" value="19005192453162" />
<exclusive-end id="3010" timestamp="2019-06-16T00:38:01.090" durationms="3.405" />

<exclusive-start id="3011" timestamp="2019-06-16T00:38:01.093" intervalms="7.053">
  <response-info timems="0.073" idlems="0.073" threads="0" lastid="0000000001AE6700" lastname="main" />
</exclusive-start>
<allocation-taxation id="3012" taxation-threshold="11534336" timestamp="2019-06-16T00:38:01.093" intervalms="7.105" />
<gc-start id="3013" type="global mark phase" contextid="2971" timestamp="2019-06-16T00:38:01.094">
  <mem-info id="3014" free="28311552" total="65011712" percent="43">
    <remembered-set count="43296" freebytes="2421888" totalbytes="2595072" percent="93" regionsoverflowed="0" regionsstable="0" regionsrebuilding="15"/>
  </mem-info>
</gc-start>
<gc-end id="3015" type="global mark phase" contextid="2971" durationms="0.127" usertimems="0.000" systemtimems="0.000" timestamp="2019-06-16T00:38:01.094" activeThreads="1">
  <mem-info id="3016" free="28311552" total="65011712" percent="43">
    <remembered-set count="43296" freebytes="2421888" totalbytes="2595072" percent="93" regionsoverflowed="0" regionsstable="0" regionsrebuilding="15"/>
  </mem-info>
</gc-end>
<concurrent-start id="3017" type="GMP work packet processing" contextid="2971" timestamp="2019-06-16T00:38:01.094">
  <concurrent-mark-start scanTarget="1048576" />
</concurrent-start>
<exclusive-end id="3018" timestamp="2019-06-16T00:38:01.094" durationms="0.937" />

<concurrent-end id="3019" type="GMP work packet processing" contextid="2971" timestamp="2019-06-16T00:38:01.095">
  <concurrent-mark-end bytesScanned="1092620" reasonForTermination="Work target met" />
</concurrent-end>

<exclusive-start id="3020" timestamp="2019-06-16T00:38:01.098" intervalms="5.003">
  <response-info timems="0.058" idlems="0.058" threads="0" lastid="0000000001AE6700" lastname="main" />
</exclusive-start>
<allocation-taxation id="3021" taxation-threshold="11534336" timestamp="2019-06-16T00:38:01.098" intervalms="4.947" />
<cycle-start id="3022" type="partial gc" contextid="0" timestamp="2019-06-16T00:38:01.098" intervalms="12.080" />
<gc-start id="3023" type="partial gc" contextid="3022" timestamp="2019-06-16T00:38:01.099">
  <mem-info id="3024" free="16777216" total="65011712" percent="25">
    <mem type="eden" free="1048552" total="24117248" percent="4" />
    <remembered-set count="53248" freebytes="2382080" totalbytes="2595072" percent="91" regionsoverflowed="0" regionsstable="0" regionsrebuilding="15"/>
  </mem-info>
</gc-start>
<allocation-stats totalBytes="22990680" >
  <allocated-bytes non-tlh="0" tlh="22990680" arrayletleaf="0"/>
  <largest-consumer threadName="main" threadId="0000000001AE6700" bytes="11496584" />
</allocation-stats>
<gc-op id="3025" type="copy forward" timems="1.355" contextid="3022" timestamp="2019-06-16T00:38:01.101">
  <memory-copied type="eden" objects="1" bytes="24" bytesdiscarded="0" />
  <memory-copied type="other" objects="0" bytes="0" bytesdiscarded="0" />
  <memory-cardclean objects="17" bytes="432" />
  <regions eden="22" other="1" />
  <remembered-set-cleared processed="51291" cleared="5" durationms="0.388" />
  <stringconstants candidates="13269" cleared="0"  />
</gc-op>
<gc-op id="3026" type="classunload" timems="0.004" contextid="3022" timestamp="2019-06-16T00:38:01.101">
  <classunload-info classloadercandidates="53" classloadersunloaded="0" classesunloaded="0" anonymousclassesunloaded="0" quiescems="0.000" setupms="0.004" scanms="0.000" postms="0.000" />
</gc-op>
<gc-end id="3027" type="partial gc" contextid="3022" durationms="2.430" usertimems="0.000" systemtimems="0.000" timestamp="2019-06-16T00:38:01.101" activeThreads="1">
  <mem-info id="3028" free="39845888" total="65011712" percent="61">
    <mem type="eden" free="1048552" total="1048576" percent="99" />
    <remembered-set count="53728" freebytes="2380160" totalbytes="2595072" percent="91" regionsoverflowed="0" regionsstable="0" regionsrebuilding="15"/>
  </mem-info>
</gc-end>
<cycle-end id="3029" type="partial gc" contextid="3022" timestamp="2019-06-16T00:38:01.101" />
  <attribute name="elasticGC enabled" value="1" />
  <attribute name= "numThreadsSpecified" value="1" />
  <attribute name="heapSize specified" value="0" />
  <attribute name="Current GC Util" value="59" />
  <attribute name= "Current Time Running" value="20150" />
  <attribute name ="GC Interval" value="0" />
  <attribute name="ProportionalT" value="58.500000" />
  <attribute name="ProportionalI" value="58.500000" />
  <attribute name="ProportionalH" value="58.500000" />
  <attribute name="Current Error" value="39.000000" />
  <attribute name="IntegralT" value="0.000000" />
  <attribute name="IntegralI" value="0.000000" />
  <attribute name="IntegralH" value="0.000000" />
  <attribute name="DerivativeT" value="inf" />
  <attribute name="DerivativeI" value="inf" />
  <attribute name="DerivativeH" value="inf" />
  <attribute name="Loop Time for DT" value="0.000000" />
  <attribute name="Output H" value="8388608"/>
  <attribute name="Output I" value="200"/>
  <attribute name="Output T" value="1"/>
  <attribute name="Target GC Util Change" value ="20.000000" />
  <attribute name="Current GC Util Change" value="59.000000"/>
  <attribute name="GC Util currently" value="59" />
  <attribute name="CPU Util currently" value="20797811703988" />
<exclusive-end id="3030" timestamp="2019-06-16T00:38:01.102" durationms="3.425" />

<exclusive-start id="3031" timestamp="2019-06-16T00:38:01.105" intervalms="7.090">
  <response-info timems="0.078" idlems="0.078" threads="0" lastid="0000000001AE6700" lastname="main" />
</exclusive-start>
<allocation-taxation id="3032" taxation-threshold="11534336" timestamp="2019-06-16T00:38:01.105" intervalms="7.154" />
<gc-start id="3033" type="global mark phase" contextid="2971" timestamp="2019-06-16T00:38:01.106">
  <mem-info id="3034" free="28311552" total="65011712" percent="43">
    <remembered-set count="53248" freebytes="2382080" totalbytes="2595072" percent="91" regionsoverflowed="0" regionsstable="0" regionsrebuilding="15"/>
  </mem-info>
</gc-start>
<gc-end id="3035" type="global mark phase" contextid="2971" durationms="0.198" usertimems="0.000" systemtimems="0.000" timestamp="2019-06-16T00:38:01.106" activeThreads="1">
  <mem-info id="3036" free="28311552" total="65011712" percent="43">
    <remembered-set count="53248" freebytes="2382080" totalbytes="2595072" percent="91" regionsoverflowed="0" regionsstable="0" regionsrebuilding="15"/>
  </mem-info>
</gc-end>
<concurrent-start id="3037" type="GMP work packet processing" contextid="2971" timestamp="2019-06-16T00:38:01.106">
  <concurrent-mark-start scanTarget="1048576" />
</concurrent-start>
<exclusive-end id="3038" timestamp="2019-06-16T00:38:01.106" durationms="0.835" />

<concurrent-end id="3039" type="GMP work packet processing" contextid="2971" timestamp="2019-06-16T00:38:01.107">
  <concurrent-mark-end bytesScanned="1103748" reasonForTermination="Work target met" />
</concurrent-end>

<exclusive-start id="3040" timestamp="2019-06-16T00:38:01.110" intervalms="4.843">
  <response-info timems="0.053" idlems="0.053" threads="0" lastid="0000000001AE6700" lastname="main" />
</exclusive-start>
<allocation-taxation id="3041" taxation-threshold="11534336" timestamp="2019-06-16T00:38:01.110" intervalms="4.741" />
<cycle-start id="3042" type="partial gc" contextid="0" timestamp="2019-06-16T00:38:01.110" intervalms="11.878" />
<gc-start id="3043" type="partial gc" contextid="3042" timestamp="2019-06-16T00:38:01.111">
  <mem-info id="3044" free="16777216" total="65011712" percent="25">
    <mem type="eden" free="1048552" total="24117248" percent="4" />
    <remembered-set count="62272" freebytes="2345984" totalbytes="2595072" percent="90" regionsoverflowed="0" regionsstable="0" regionsrebuilding="15"/>
  </mem-info>
</gc-start>
<allocation-stats totalBytes="22990680" >
  <allocated-bytes non-tlh="0" tlh="22990680" arrayletleaf="0"/>
  <largest-consumer threadName="main" threadId="0000000001AE6700" bytes="11496560" />
</allocation-stats>
<gc-op id="3045" type="copy forward" timems="1.718" contextid="3042" timestamp="2019-06-16T00:38:01.113">
  <memory-copied type="eden" objects="1" bytes="24" bytesdiscarded="0" />
  <memory-copied type="other" objects="0" bytes="0" bytesdiscarded="0" />
  <memory-cardclean objects="17" bytes="432" />
  <regions eden="22" other="1" />
  <remembered-set-cleared processed="60222" cleared="5" durationms="0.254" />
  <stringconstants candidates="13269" cleared="0"  />
</gc-op>
<gc-op id="3046" type="classunload" timems="0.004" contextid="3042" timestamp="2019-06-16T00:38:01.113">
  <classunload-info classloadercandidates="53" classloadersunloaded="0" classesunloaded="0" anonymousclassesunloaded="0" quiescems="0.000" setupms="0.004" scanms="0.000" postms="0.000" />
</gc-op>
<gc-end id="3047" type="partial gc" contextid="3042" durationms="2.584" usertimems="4.000" systemtimems="0.000" timestamp="2019-06-16T00:38:01.113" activeThreads="4">
  <mem-info id="3048" free="39845888" total="65011712" percent="61">
    <mem type="eden" free="1048552" total="1048576" percent="99" />
    <remembered-set count="62048" freebytes="2346880" totalbytes="2595072" percent="90" regionsoverflowed="0" regionsstable="0" regionsrebuilding="15"/>
  </mem-info>
</gc-end>
<cycle-end id="3049" type="partial gc" contextid="3042" timestamp="2019-06-16T00:38:01.113" />
  <attribute name="elasticGC enabled" value="1" />
  <attribute name= "numThreadsSpecified" value="4" />
  <attribute name="heapSize specified" value="0" />
  <attribute name="Current GC Util" value="48" />
  <attribute name= "Current Time Running" value="20162" />
  <attribute name ="GC Interval" value="0" />
  <attribute name="ProportionalT" value="42.000000" />
  <attribute name="ProportionalI" value="42.000000" />
  <attribute name="ProportionalH" value="42.000000" />
  <attribute name="Current Error" value="28.000000" />
  <attribute name="IntegralT" value="28.000000" />
  <attribute name="IntegralI" value="28.000000" />
  <attribute name="IntegralH" value="28.000000" />
  <attribute name="DerivativeT" value="8.500000" />
  <attribute name="DerivativeI" value="8.500000" />
  <attribute name="DerivativeH" value="8.500000" />
  <attribute name="Loop Time for DT" value="1.000000" />
  <attribute name="Output H" value="8388608"/>
  <attribute name="Output I" value="200"/>
  <attribute name="Output T" value="4"/>
  <attribute name="Target GC Util Change" value ="20.000000" />
  <attribute name="Current GC Util Change" value="48.000000"/>
  <attribute name="GC Util currently" value="48" />
  <attribute name="CPU Util currently" value="16658307937193" />
<exclusive-end id="3050" timestamp="2019-06-16T00:38:01.113" durationms="3.339" />

<exclusive-start id="3051" timestamp="2019-06-16T00:38:01.117" intervalms="6.958">
  <response-info timems="0.073" idlems="0.073" threads="0" lastid="0000000001AE6700" lastname="main" />
</exclusive-start>
<allocation-taxation id="3052" taxation-threshold="11534336" timestamp="2019-06-16T00:38:01.117" intervalms="7.060" />
<gc-start id="3053" type="global mark phase" contextid="2971" timestamp="2019-06-16T00:38:01.117">
  <mem-info id="3054" free="28311552" total="65011712" percent="43">
    <remembered-set count="61600" freebytes="2348672" totalbytes="2595072" percent="90" regionsoverflowed="0" regionsstable="0" regionsrebuilding="15"/>
  </mem-info>
</gc-start>
<gc-end id="3055" type="global mark phase" contextid="2971" durationms="0.159" usertimems="0.000" systemtimems="0.000" timestamp="2019-06-16T00:38:01.118" activeThreads="4">
  <mem-info id="3056" free="28311552" total="65011712" percent="43">
    <remembered-set count="61600" freebytes="2348672" totalbytes="2595072" percent="90" regionsoverflowed="0" regionsstable="0" regionsrebuilding="15"/>
  </mem-info>
</gc-end>
<concurrent-start id="3057" type="GMP work packet processing" contextid="2971" timestamp="2019-06-16T00:38:01.118">
  <concurrent-mark-start scanTarget="1795474" />
</concurrent-start>
<exclusive-end id="3058" timestamp="2019-06-16T00:38:01.119" durationms="1.789" />

<concurrent-end id="3059" type="GMP work packet processing" contextid="2971" timestamp="2019-06-16T00:38:01.119">
  <concurrent-mark-end bytesScanned="1828320" reasonForTermination="Work target met" />
</concurrent-end>

<exclusive-start id="3060" timestamp="2019-06-16T00:38:01.122" intervalms="5.322">
  <response-info timems="0.053" idlems="0.053" threads="0" lastid="0000000001AE6700" lastname="main" />
</exclusive-start>
<allocation-taxation id="3061" taxation-threshold="11534336" timestamp="2019-06-16T00:38:01.123" intervalms="5.261" />
<cycle-start id="3062" type="partial gc" contextid="0" timestamp="2019-06-16T00:38:01.123" intervalms="12.273" />
<gc-start id="3063" type="partial gc" contextid="3062" timestamp="2019-06-16T00:38:01.123">
  <mem-info id="3064" free="16777216" total="65011712" percent="25">
    <mem type="eden" free="1048552" total="24117248" percent="4" />
    <remembered-set count="77088" freebytes="2286720" totalbytes="2595072" percent="88" regionsoverflowed="0" regionsstable="0" regionsrebuilding="15"/>
  </mem-info>
</gc-start>
<allocation-stats totalBytes="22990680" >
  <allocated-bytes non-tlh="0" tlh="22990680" arrayletleaf="0"/>
  <largest-consumer threadName="main" threadId="0000000001AE6700" bytes="11496560" />
</allocation-stats>
<gc-op id="3065" type="copy forward" timems="1.456" contextid="3062" timestamp="2019-06-16T00:38:01.125">
  <memory-copied type="eden" objects="1" bytes="24" bytesdiscarded="0" />
  <memory-copied type="other" objects="0" bytes="0" bytesdiscarded="0" />
  <memory-cardclean objects="17" bytes="432" />
  <regions eden="22" other="1" />
  <remembered-set-cleared processed="75074" cleared="5" durationms="0.478" />
  <stringconstants candidates="13269" cleared="0"  />
</gc-op>
<gc-op id="3066" type="classunload" timems="0.003" contextid="3062" timestamp="2019-06-16T00:38:01.125">
  <classunload-info classloadercandidates="53" classloadersunloaded="0" classesunloaded="0" anonymousclassesunloaded="0" quiescems="0.000" setupms="0.003" scanms="0.000" postms="0.000" />
</gc-op>
<gc-end id="3067" type="partial gc" contextid="3062" durationms="2.800" usertimems="0.000" systemtimems="4.000" timestamp="2019-06-16T00:38:01.126" activeThreads="1">
  <mem-info id="3068" free="39845888" total="65011712" percent="61">
    <mem type="eden" free="1048552" total="1048576" percent="99" />
    <remembered-set count="77568" freebytes="2284800" totalbytes="2595072" percent="88" regionsoverflowed="0" regionsstable="0" regionsrebuilding="15"/>
  </mem-info>
</gc-end>
<cycle-end id="3069" type="partial gc" contextid="3062" timestamp="2019-06-16T00:38:01.126" />
  <attribute name="elasticGC enabled" value="1" />
  <attribute name= "numThreadsSpecified" value="1" />
  <attribute name="heapSize specified" value="0" />
  <attribute name="Current GC Util" value="62" />
  <attribute name= "Current Time Running" value="20174" />
  <attribute name ="GC Interval" value="0" />
  <attribute name="ProportionalT" value="63.000000" />
  <attribute name="ProportionalI" value="63.000000" />
  <attribute name="ProportionalH" value="63.000000" />
  <attribute name="Current Error" value="42.000000" />
  <attribute name="IntegralT" value="0.000000" />
  <attribute name="IntegralI" value="0.000000" />
  <attribute name="IntegralH" value="0.000000" />
  <attribute name="DerivativeT" value="inf" />
  <attribute name="DerivativeI" value="inf" />
  <attribute name="DerivativeH" value="inf" />
  <attribute name="Loop Time for DT" value="0.000000" />
  <attribute name="Output H" value="8388608"/>
  <attribute name="Output I" value="200"/>
  <attribute name="Output T" value="1"/>
  <attribute name="Target GC Util Change" value ="20.000000" />
  <attribute name="Current GC Util Change" value="62.000000"/>
  <attribute name="GC Util currently" value="62" />
  <attribute name="CPU Util currently" value="19596676875694" />
<exclusive-end id="3070" timestamp="2019-06-16T00:38:01.126" durationms="3.644" />

<exclusive-start id="3071" timestamp="2019-06-16T00:38:01.130" intervalms="7.332">
  <response-info timems="0.079" idlems="0.079" threads="0" lastid="0000000001AE6700" lastname="main" />
</exclusive-start>
<allocation-taxation id="3072" taxation-threshold="11534336" timestamp="2019-06-16T00:38:01.130" intervalms="7.386" />
<gc-start id="3073" type="global mark phase" contextid="2971" timestamp="2019-06-16T00:38:01.130">
  <mem-info id="3074" free="28311552" total="65011712" percent="43">
    <remembered-set count="77088" freebytes="2286720" totalbytes="2595072" percent="88" regionsoverflowed="0" regionsstable="0" regionsrebuilding="15"/>
  </mem-info>
</gc-start>
<gc-end id="3075" type="global mark phase" contextid="2971" durationms="0.182" usertimems="0.000" systemtimems="0.000" timestamp="2019-06-16T00:38:01.130" activeThreads="1">
  <mem-info id="3076" free="28311552" total="65011712" percent="43">
    <remembered-set count="77088" freebytes="2286720" totalbytes="2595072" percent="88" regionsoverflowed="0" regionsstable="0" regionsrebuilding="15"/>
  </mem-info>
</gc-end>
<concurrent-start id="3077" type="GMP work packet processing" contextid="2971" timestamp="2019-06-16T00:38:01.130">
  <concurrent-mark-start scanTarget="1048576" />
</concurrent-start>
<exclusive-end id="3078" timestamp="2019-06-16T00:38:01.131" durationms="0.904" />

<concurrent-end id="3079" type="GMP work packet processing" contextid="2971" timestamp="2019-06-16T00:38:01.131">
  <concurrent-mark-end bytesScanned="1088296" reasonForTermination="Work target met" />
</concurrent-end>

<exclusive-start id="3080" timestamp="2019-06-16T00:38:01.135" intervalms="4.972">
  <response-info timems="0.069" idlems="0.069" threads="0" lastid="0000000001AE6700" lastname="main" />
</exclusive-start>
<allocation-taxation id="3081" taxation-threshold="11534336" timestamp="2019-06-16T00:38:01.135" intervalms="4.972" />
<cycle-start id="3082" type="partial gc" contextid="0" timestamp="2019-06-16T00:38:01.135" intervalms="12.478" />
<gc-start id="3083" type="partial gc" contextid="3082" timestamp="2019-06-16T00:38:01.135">
  <mem-info id="3084" free="16777216" total="65011712" percent="25">
    <mem type="eden" free="1048552" total="24117248" percent="4" />
    <remembered-set count="87232" freebytes="2246144" totalbytes="2595072" percent="86" regionsoverflowed="0" regionsstable="0" regionsrebuilding="15"/>
  </mem-info>
</gc-start>
<allocation-stats totalBytes="22990680" >
  <allocated-bytes non-tlh="0" tlh="22990680" arrayletleaf="0"/>
  <largest-consumer threadName="main" threadId="0000000001AE6700" bytes="11496560" />
</allocation-stats>
<gc-op id="3085" type="copy forward" timems="1.693" contextid="3082" timestamp="2019-06-16T00:38:01.138">
  <memory-copied type="eden" objects="1" bytes="24" bytesdiscarded="0" />
  <memory-copied type="other" objects="0" bytes="0" bytesdiscarded="0" />
  <memory-cardclean objects="17" bytes="432" />
  <regions eden="22" other="1" />
  <remembered-set-cleared processed="85682" cleared="5" durationms="0.317" />
  <stringconstants candidates="13269" cleared="0"  />
</gc-op>
<gc-op id="3086" type="classunload" timems="0.004" contextid="3082" timestamp="2019-06-16T00:38:01.138">
  <classunload-info classloadercandidates="53" classloadersunloaded="0" classesunloaded="0" anonymousclassesunloaded="0" quiescems="0.000" setupms="0.004" scanms="0.000" postms="0.000" />
</gc-op>
<gc-end id="3087" type="partial gc" contextid="3082" durationms="2.785" usertimems="4.000" systemtimems="0.000" timestamp="2019-06-16T00:38:01.138" activeThreads="4">
  <mem-info id="3088" free="39845888" total="65011712" percent="61">
    <mem type="eden" free="1048552" total="1048576" percent="99" />
    <remembered-set count="87520" freebytes="2244992" totalbytes="2595072" percent="86" regionsoverflowed="0" regionsstable="0" regionsrebuilding="15"/>
  </mem-info>
</gc-end>
<cycle-end id="3089" type="partial gc" contextid="3082" timestamp="2019-06-16T00:38:01.138" />
  <attribute name="elasticGC enabled" value="1" />
  <attribute name= "numThreadsSpecified" value="4" />
  <attribute name="heapSize specified" value="0" />
  <attribute name="Current GC Util" value="75" />
  <attribute name= "Current Time Running" value="20187" />
  <attribute name ="GC Interval" value="0" />
  <attribute name="ProportionalT" value="82.500000" />
  <attribute name="ProportionalI" value="82.500000" />
  <attribute name="ProportionalH" value="82.500000" />
  <attribute name="Current Error" value="55.000000" />
  <attribute name="IntegralT" value="55.000000" />
  <attribute name="IntegralI" value="55.000000" />
  <attribute name="IntegralH" value="55.000000" />
  <attribute name="DerivativeT" value="21.500000" />
  <attribute name="DerivativeI" value="21.500000" />
  <attribute name="DerivativeH" value="21.500000" />
  <attribute name="Loop Time for DT" value="1.000000" />
  <attribute name="Output H" value="8388608"/>
  <attribute name="Output I" value="200"/>
  <attribute name="Output T" value="4"/>
  <attribute name="Target GC Util Change" value ="20.000000" />
  <attribute name="Current GC Util Change" value="75.000000"/>
  <attribute name="GC Util currently" value="75" />
  <attribute name="CPU Util currently" value="18613671280239" />
<exclusive-end id="3090" timestamp="2019-06-16T00:38:01.138" durationms="3.828" />

<exclusive-start id="3091" timestamp="2019-06-16T00:38:01.142" intervalms="7.481">
  <response-info timems="0.078" idlems="0.078" threads="0" lastid="0000000001AE6700" lastname="main" />
</exclusive-start>
<allocation-taxation id="3092" taxation-threshold="11534336" timestamp="2019-06-16T00:38:01.142" intervalms="7.468" />
<gc-start id="3093" type="global mark phase" contextid="2971" timestamp="2019-06-16T00:38:01.143">
  <mem-info id="3094" free="28311552" total="65011712" percent="43">
    <remembered-set count="87520" freebytes="2244992" totalbytes="2595072" percent="86" regionsoverflowed="0" regionsstable="0" regionsrebuilding="15"/>
  </mem-info>
</gc-start>
<gc-end id="3095" type="global mark phase" contextid="2971" durationms="0.137" usertimems="0.000" systemtimems="0.000" timestamp="2019-06-16T00:38:01.143" activeThreads="4">
  <mem-info id="3096" free="28311552" total="65011712" percent="43">
    <remembered-set count="87520" freebytes="2244992" totalbytes="2595072" percent="86" regionsoverflowed="0" regionsstable="0" regionsrebuilding="15"/>
  </mem-info>
</gc-end>
<concurrent-start id="3097" type="GMP work packet processing" contextid="2971" timestamp="2019-06-16T00:38:01.143">
  <concurrent-mark-start scanTarget="1795474" />
</concurrent-start>
<exclusive-end id="3098" timestamp="2019-06-16T00:38:01.143" durationms="0.773" />

<concurrent-end id="3099" type="GMP work packet processing" contextid="2971" timestamp="2019-06-16T00:38:01.144">
  <concurrent-mark-end bytesScanned="1833084" reasonForTermination="Work target met" />
</concurrent-end>

<exclusive-start id="3100" timestamp="2019-06-16T00:38:01.147" intervalms="5.220">
  <response-info timems="0.066" idlems="0.066" threads="0" lastid="0000000001AE6700" lastname="main" />
</exclusive-start>
<allocation-taxation id="3101" taxation-threshold="11534336" timestamp="2019-06-16T00:38:01.148" intervalms="5.224" />
<cycle-start id="3102" type="partial gc" contextid="0" timestamp="2019-06-16T00:38:01.148" intervalms="12.642" />
<gc-start id="3103" type="partial gc" contextid="3102" timestamp="2019-06-16T00:38:01.148">
  <mem-info id="3104" free="16777216" total="65011712" percent="25">
    <mem type="eden" free="1048552" total="24117248" percent="4" />
    <remembered-set count="99328" freebytes="2197760" totalbytes="2595072" percent="84" regionsoverflowed="0" regionsstable="0" regionsrebuilding="15"/>
  </mem-info>
</gc-start>
<allocation-stats totalBytes="22990680" >
  <allocated-bytes non-tlh="0" tlh="22990680" arrayletleaf="0"/>
  <largest-consumer threadName="main" threadId="0000000001AE6700" bytes="11496560" />
</allocation-stats>
<gc-op id="3105" type="copy forward" timems="1.634" contextid="3102" timestamp="2019-06-16T00:38:01.150">
  <memory-copied type="eden" objects="1" bytes="24" bytesdiscarded="0" />
  <memory-copied type="other" objects="0" bytes="0" bytesdiscarded="0" />
  <memory-cardclean objects="17" bytes="432" />
  <regions eden="22" other="1" />
  <remembered-set-cleared processed="97159" cleared="5" durationms="0.586" />
  <stringconstants candidates="13269" cleared="0"  />
</gc-op>
<gc-op id="3106" type="classunload" timems="0.004" contextid="3102" timestamp="2019-06-16T00:38:01.151">
  <classunload-info classloadercandidates="53" classloadersunloaded="0" classesunloaded="0" anonymousclassesunloaded="0" quiescems="0.000" setupms="0.004" scanms="0.000" postms="0.000" />
</gc-op>
<gc-end id="3107" type="partial gc" contextid="3102" durationms="2.761" usertimems="4.000" systemtimems="0.000" timestamp="2019-06-16T00:38:01.151" activeThreads="1">
  <mem-info id="3108" free="39845888" total="65011712" percent="61">
    <mem type="eden" free="1048552" total="1048576" percent="99" />
    <remembered-set count="99808" freebytes="2195840" totalbytes="2595072" percent="84" regionsoverflowed="0" regionsstable="0" regionsrebuilding="15"/>
  </mem-info>
</gc-end>
<cycle-end id="3109" type="partial gc" contextid="3102" timestamp="2019-06-16T00:38:01.151" />
  <attribute name="elasticGC enabled" value="1" />
  <attribute name= "numThreadsSpecified" value="1" />
  <attribute name="heapSize specified" value="0" />
  <attribute name="Current GC Util" value="59" />
  <attribute name= "Current Time Running" value="20199" />
  <attribute name ="GC Interval" value="0" />
  <attribute name="ProportionalT" value="58.500000" />
  <attribute name="ProportionalI" value="58.500000" />
  <attribute name="ProportionalH" value="58.500000" />
  <attribute name="Current Error" value="39.000000" />
  <attribute name="IntegralT" value="0.000000" />
  <attribute name="IntegralI" value="0.000000" />
  <attribute name="IntegralH" value="0.000000" />
  <attribute name="DerivativeT" value="inf" />
  <attribute name="DerivativeI" value="inf" />
  <attribute name="DerivativeH" value="inf" />
  <attribute name="Loop Time for DT" value="0.000000" />
  <attribute name="Output H" value="8388608"/>
  <attribute name="Output I" value="200"/>
  <attribute name="Output T" value="1"/>
  <attribute name="Target GC Util Change" value ="20.000000" />
  <attribute name="Current GC Util Change" value="59.000000"/>
  <attribute name="GC Util currently" value="59" />
  <attribute name="CPU Util currently" value="19746201932286" />
<exclusive-end id="3110" timestamp="2019-06-16T00:38:01.151" durationms="3.870" />

<exclusive-start id="3111" timestamp="2019-06-16T00:38:01.155" intervalms="7.562">
  <response-info timems="0.077" idlems="0.077" threads="0" lastid="0000000001AE6700" lastname="main" />
</exclusive-start>
<allocation-taxation id="3112" taxation-threshold="11534336" timestamp="2019-06-16T00:38:01.155" intervalms="7.535" />
<gc-start id="3113" type="global mark phase" contextid="2971" timestamp="2019-06-16T00:38:01.155">
  <mem-info id="3114" free="28311552" total="65011712" percent="43">
    <remembered-set count="99328" freebytes="2197760" totalbytes="2595072" percent="84" regionsoverflowed="0" regionsstable="0" regionsrebuilding="15"/>
  </mem-info>
</gc-start>
<gc-end id="3115" type="global mark phase" contextid="2971" durationms="0.140" usertimems="0.000" systemtimems="0.000" timestamp="2019-06-16T00:38:01.155" activeThreads="1">
  <mem-info id="3116" free="28311552" total="65011712" percent="43">
    <remembered-set count="99328" freebytes="2197760" totalbytes="2595072" percent="84" regionsoverflowed="0" regionsstable="0" regionsrebuilding="15"/>
  </mem-info>
</gc-end>
<concurrent-start id="3117" type="GMP work packet processing" contextid="2971" timestamp="2019-06-16T00:38:01.156">
  <concurrent-mark-start scanTarget="1048576" />
</concurrent-start>
<exclusive-end id="3118" timestamp="2019-06-16T00:38:01.156" durationms="0.804" />

<concurrent-end id="3119" type="GMP work packet processing" contextid="2971" timestamp="2019-06-16T00:38:01.156">
  <concurrent-mark-end bytesScanned="1088740" reasonForTermination="Work target met" />
</concurrent-end>

<exclusive-start id="3120" timestamp="2019-06-16T00:38:01.160" intervalms="4.823">
  <response-info timems="0.058" idlems="0.058" threads="0" lastid="0000000001AE6700" lastname="main" />
</exclusive-start>
<allocation-taxation id="3121" taxation-threshold="11534336" timestamp="2019-06-16T00:38:01.160" intervalms="4.797" />
<cycle-start id="3122" type="partial gc" contextid="0" timestamp="2019-06-16T00:38:01.160" intervalms="12.318" />
<gc-start id="3123" type="partial gc" contextid="3122" timestamp="2019-06-16T00:38:01.160">
  <mem-info id="3124" free="16777216" total="65011712" percent="25">
    <mem type="eden" free="1048552" total="24117248" percent="4" />
    <remembered-set count="109920" freebytes="2155392" totalbytes="2595072" percent="83" regionsoverflowed="0" regionsstable="0" regionsrebuilding="15"/>
  </mem-info>
</gc-start>
<allocation-stats totalBytes="22990680" >
  <allocated-bytes non-tlh="0" tlh="22990680" arrayletleaf="0"/>
  <largest-consumer threadName="main" threadId="0000000001AE6700" bytes="11496560" />
</allocation-stats>
<gc-op id="3125" type="copy forward" timems="1.717" contextid="3122" timestamp="2019-06-16T00:38:01.163">
  <memory-copied type="eden" objects="1" bytes="24" bytesdiscarded="0" />
  <memory-copied type="other" objects="0" bytes="0" bytesdiscarded="0" />
  <memory-cardclean objects="17" bytes="432" />
  <regions eden="22" other="1" />
  <remembered-set-cleared processed="107822" cleared="5" durationms="0.812" />
  <stringconstants candidates="13269" cleared="0"  />
</gc-op>
<gc-op id="3126" type="classunload" timems="0.004" contextid="3122" timestamp="2019-06-16T00:38:01.163">
  <classunload-info classloadercandidates="53" classloadersunloaded="0" classesunloaded="0" anonymousclassesunloaded="0" quiescems="0.000" setupms="0.003" scanms="0.000" postms="0.000" />
</gc-op>
<gc-end id="3127" type="partial gc" contextid="3122" durationms="2.823" usertimems="4.000" systemtimems="0.000" timestamp="2019-06-16T00:38:01.163" activeThreads="1">
  <mem-info id="3128" free="39845888" total="65011712" percent="61">
    <mem type="eden" free="1048552" total="1048576" percent="99" />
    <remembered-set count="110400" freebytes="2153472" totalbytes="2595072" percent="82" regionsoverflowed="0" regionsstable="0" regionsrebuilding="15"/>
  </mem-info>
</gc-end>
<cycle-end id="3129" type="partial gc" contextid="3122" timestamp="2019-06-16T00:38:01.163" />
  <attribute name="elasticGC enabled" value="1" />
  <attribute name= "numThreadsSpecified" value="1" />
  <attribute name="heapSize specified" value="0" />
  <attribute name="Current GC Util" value="75" />
  <attribute name= "Current Time Running" value="20211" />
  <attribute name ="GC Interval" value="0" />
  <attribute name="ProportionalT" value="82.500000" />
  <attribute name="ProportionalI" value="82.500000" />
  <attribute name="ProportionalH" value="82.500000" />
  <attribute name="Current Error" value="55.000000" />
  <attribute name="IntegralT" value="0.000000" />
  <attribute name="IntegralI" value="0.000000" />
  <attribute name="IntegralH" value="0.000000" />
  <attribute name="DerivativeT" value="inf" />
  <attribute name="DerivativeI" value="inf" />
  <attribute name="DerivativeH" value="inf" />
  <attribute name="Loop Time for DT" value="0.000000" />
  <attribute name="Output H" value="8388608"/>
  <attribute name="Output I" value="200"/>
  <attribute name="Output T" value="1"/>
  <attribute name="Target GC Util Change" value ="20.000000" />
  <attribute name="Current GC Util Change" value="75.000000"/>
  <attribute name="GC Util currently" value="75" />
  <attribute name="CPU Util currently" value="18827127152089" />
<exclusive-end id="3130" timestamp="2019-06-16T00:38:01.164" durationms="3.776" />

<exclusive-start id="3131" timestamp="2019-06-16T00:38:01.167" intervalms="7.362">
  <response-info timems="0.066" idlems="0.066" threads="0" lastid="0000000001AE6700" lastname="main" />
</exclusive-start>
<allocation-taxation id="3132" taxation-threshold="11534336" timestamp="2019-06-16T00:38:01.167" intervalms="7.369" />
<gc-start id="3133" type="global mark phase" contextid="2971" timestamp="2019-06-16T00:38:01.167">
  <mem-info id="3134" free="28311552" total="65011712" percent="43">
    <remembered-set count="109920" freebytes="2155392" totalbytes="2595072" percent="83" regionsoverflowed="0" regionsstable="0" regionsrebuilding="15"/>
  </mem-info>
</gc-start>
<gc-end id="3135" type="global mark phase" contextid="2971" durationms="0.159" usertimems="0.000" systemtimems="0.000" timestamp="2019-06-16T00:38:01.168" activeThreads="1">
  <mem-info id="3136" free="28311552" total="65011712" percent="43">
    <remembered-set count="109920" freebytes="2155392" totalbytes="2595072" percent="83" regionsoverflowed="0" regionsstable="0" regionsrebuilding="15"/>
  </mem-info>
</gc-end>
<concurrent-start id="3137" type="GMP work packet processing" contextid="2971" timestamp="2019-06-16T00:38:01.168">
  <concurrent-mark-start scanTarget="1048576" />
</concurrent-start>
<exclusive-end id="3138" timestamp="2019-06-16T00:38:01.168" durationms="0.833" />

<concurrent-end id="3139" type="GMP work packet processing" contextid="2971" timestamp="2019-06-16T00:38:01.168">
  <concurrent-mark-end bytesScanned="744540" reasonForTermination="Completed all work in GC phase" />
</concurrent-end>

<exclusive-start id="3140" timestamp="2019-06-16T00:38:01.172" intervalms="4.868">
  <response-info timems="0.075" idlems="0.075" threads="0" lastid="0000000001AE6700" lastname="main" />
</exclusive-start>
<allocation-taxation id="3141" taxation-threshold="11534336" timestamp="2019-06-16T00:38:01.172" intervalms="4.936" />
<cycle-start id="3142" type="partial gc" contextid="0" timestamp="2019-06-16T00:38:01.172" intervalms="12.342" />
<gc-start id="3143" type="partial gc" contextid="3142" timestamp="2019-06-16T00:38:01.173">
  <mem-info id="3144" free="16777216" total="65011712" percent="25">
    <mem type="eden" free="1048552" total="24117248" percent="4" />
    <remembered-set count="118112" freebytes="2122624" totalbytes="2595072" percent="81" regionsoverflowed="0" regionsstable="0" regionsrebuilding="15"/>
  </mem-info>
</gc-start>
<allocation-stats totalBytes="22990680" >
  <allocated-bytes non-tlh="0" tlh="22990680" arrayletleaf="0"/>
  <largest-consumer threadName="main" threadId="0000000001AE6700" bytes="11496560" />
</allocation-stats>
<gc-op id="3145" type="copy forward" timems="1.717" contextid="3142" timestamp="2019-06-16T00:38:01.175">
  <memory-copied type="eden" objects="1" bytes="24" bytesdiscarded="0" />
  <memory-copied type="other" objects="0" bytes="0" bytesdiscarded="0" />
  <memory-cardclean objects="17" bytes="432" />
  <regions eden="22" other="1" />
  <remembered-set-cleared processed="115824" cleared="5" durationms="0.854" />
  <stringconstants candidates="13269" cleared="0"  />
</gc-op>
<gc-op id="3146" type="classunload" timems="0.004" contextid="3142" timestamp="2019-06-16T00:38:01.175">
  <classunload-info classloadercandidates="53" classloadersunloaded="0" classesunloaded="0" anonymousclassesunloaded="0" quiescems="0.000" setupms="0.003" scanms="0.000" postms="0.000" />
</gc-op>
<gc-end id="3147" type="partial gc" contextid="3142" durationms="2.807" usertimems="4.000" systemtimems="0.000" timestamp="2019-06-16T00:38:01.175" activeThreads="1">
  <mem-info id="3148" free="39845888" total="65011712" percent="61">
    <mem type="eden" free="1048552" total="1048576" percent="99" />
    <remembered-set count="118560" freebytes="2120832" totalbytes="2595072" percent="81" regionsoverflowed="0" regionsstable="0" regionsrebuilding="15"/>
  </mem-info>
</gc-end>
<cycle-end id="3149" type="partial gc" contextid="3142" timestamp="2019-06-16T00:38:01.176" />
  <attribute name="elasticGC enabled" value="1" />
  <attribute name= "numThreadsSpecified" value="1" />
  <attribute name="heapSize specified" value="0" />
  <attribute name="Current GC Util" value="69" />
  <attribute name= "Current Time Running" value="20224" />
  <attribute name ="GC Interval" value="0" />
  <attribute name="ProportionalT" value="73.500000" />
  <attribute name="ProportionalI" value="73.500000" />
  <attribute name="ProportionalH" value="73.500000" />
  <attribute name="Current Error" value="49.000000" />
  <attribute name="IntegralT" value="0.000000" />
  <attribute name="IntegralI" value="0.000000" />
  <attribute name="IntegralH" value="0.000000" />
  <attribute name="DerivativeT" value="inf" />
  <attribute name="DerivativeI" value="inf" />
  <attribute name="DerivativeH" value="inf" />
  <attribute name="Loop Time for DT" value="0.000000" />
  <attribute name="Output H" value="8388608"/>
  <attribute name="Output I" value="200"/>
  <attribute name="Output T" value="1"/>
  <attribute name="Target GC Util Change" value ="20.000000" />
  <attribute name="Current GC Util Change" value="69.000000"/>
  <attribute name="GC Util currently" value="69" />
  <attribute name="CPU Util currently" value="18880697833733" />
<exclusive-end id="3150" timestamp="2019-06-16T00:38:01.176" durationms="3.964" />

<exclusive-start id="3151" timestamp="2019-06-16T00:38:01.180" intervalms="7.635">
  <response-info timems="0.074" idlems="0.074" threads="0" lastid="0000000001AE6700" lastname="main" />
</exclusive-start>
<allocation-taxation id="3152" taxation-threshold="11534336" timestamp="2019-06-16T00:38:01.180" intervalms="7.613" />
<gc-start id="3153" type="global mark phase" contextid="2971" timestamp="2019-06-16T00:38:01.180">
  <mem-info id="3154" free="28311552" total="65011712" percent="43">
    <remembered-set count="118112" freebytes="2122624" totalbytes="2595072" percent="81" regionsoverflowed="0" regionsstable="0" regionsrebuilding="15"/>
  </mem-info>
</gc-start>
<gc-op id="3155" type="mark increment" timems="1.385" contextid="2971" timestamp="2019-06-16T00:38:01.182">
  <trace-info objectcount="1" scancount="1" scanbytes="24" />
  <cardclean-info objects="18" bytes="456" />
  <finalization candidates="80" enqueued="0" />
  <ownableSynchronizers candidates="21" cleared="0" />
  <references type="soft" candidates="1865" cleared="0" enqueued="0" dynamicThreshold="19" maxThreshold="32" />
  <references type="weak" candidates="5726" cleared="0" enqueued="0" />
  <references type="phantom" candidates="101" cleared="0" enqueued="0" />
  <stringconstants candidates="13269" cleared="0"  />
</gc-op>
<gc-op id="3156" type="classunload" timems="0.004" contextid="2971" timestamp="2019-06-16T00:38:01.182">
  <classunload-info classloadercandidates="53" classloadersunloaded="0" classesunloaded="0" anonymousclassesunloaded="0" quiescems="0.000" setupms="0.004" scanms="0.000" postms="0.000" />
</gc-op>
<gc-end id="3157" type="global mark phase" contextid="2971" durationms="1.770" usertimems="0.000" systemtimems="4.000" timestamp="2019-06-16T00:38:01.182" activeThreads="4">
  <mem-info id="3158" free="28311552" total="65011712" percent="43">
    <remembered-set count="119648" freebytes="2116480" totalbytes="2595072" percent="81" regionsoverflowed="0" regionsstable="0" regionsrebuilding="0"/>
  </mem-info>
</gc-end>
<cycle-end id="3159" type="global mark phase" contextid="2971" timestamp="2019-06-16T00:38:01.182" />
  <attribute name="elasticGC enabled" value="1" />
  <attribute name= "numThreadsSpecified" value="4" />
  <attribute name="heapSize specified" value="0" />
  <attribute name="Current GC Util" value="0" />
  <attribute name= "Current Time Running" value="20231" />
  <attribute name ="GC Interval" value="0" />
  <attribute name="ProportionalT" value="-30.000000" />
  <attribute name="ProportionalI" value="-30.000000" />
  <attribute name="ProportionalH" value="-30.000000" />
  <attribute name="Current Error" value="-20.000000" />
  <attribute name="IntegralT" value="0.000000" />
  <attribute name="IntegralI" value="0.000000" />
  <attribute name="IntegralH" value="0.000000" />
  <attribute name="DerivativeT" value="-inf" />
  <attribute name="DerivativeI" value="-inf" />
  <attribute name="DerivativeH" value="-inf" />
  <attribute name="Loop Time for DT" value="0.000000" />
  <attribute name="Output H" value="2091843584"/>
  <attribute name="Output I" value="200"/>
  <attribute name="Output T" value="4"/>
  <attribute name="Target GC Util Change" value ="20.000000" />
  <attribute name="Current GC Util Change" value="0.000000"/>
  <attribute name="GC Util currently" value="0" />
  <attribute name="CPU Util currently" value="74987983034090" />
<exclusive-end id="3160" timestamp="2019-06-16T00:38:01.182" durationms="2.453" />

<exclusive-start id="3161" timestamp="2019-06-16T00:38:01.186" intervalms="6.038">
  <response-info timems="0.078" idlems="0.078" threads="0" lastid="0000000001AE6700" lastname="main" />
</exclusive-start>
<allocation-taxation id="3162" taxation-threshold="11534336" timestamp="2019-06-16T00:38:01.186" intervalms="6.014" />
<cycle-start id="3163" type="partial gc" contextid="0" timestamp="2019-06-16T00:38:01.186" intervalms="13.596" />
<gc-start id="3164" type="partial gc" contextid="3163" timestamp="2019-06-16T00:38:01.186">
  <mem-info id="3165" free="16777216" total="65011712" percent="25">
    <mem type="eden" free="1048552" total="24117248" percent="4" />
    <remembered-set count="111904" freebytes="2147456" totalbytes="2595072" percent="82" regionsoverflowed="0" regionsstable="6" regionsrebuilding="0"/>
  </mem-info>
</gc-start>
<allocation-stats totalBytes="22990704" >
  <allocated-bytes non-tlh="0" tlh="22990704" arrayletleaf="0"/>
  <largest-consumer threadName="main" threadId="0000000001AE6700" bytes="11496584" />
</allocation-stats>
<gc-op id="3166" type="sweep" timems="0.666" contextid="3163" timestamp="2019-06-16T00:38:01.187" />
<gc-op id="3167" type="copy forward" timems="1.696" contextid="3163" timestamp="2019-06-16T00:38:01.190">
  <memory-copied type="eden" objects="1" bytes="24" bytesdiscarded="0" />
  <memory-copied type="other" objects="0" bytes="0" bytesdiscarded="0" />
  <memory-cardclean objects="17" bytes="432" />
  <regions eden="11" other="1" />
  <remembered-set-cleared processed="110232" cleared="7" durationms="0.415" />
  <stringconstants candidates="13269" cleared="0"  />
</gc-op>
<gc-op id="3168" type="classunload" timems="0.004" contextid="3163" timestamp="2019-06-16T00:38:01.190">
  <classunload-info classloadercandidates="53" classloadersunloaded="0" classesunloaded="0" anonymousclassesunloaded="0" quiescems="0.000" setupms="0.004" scanms="0.000" postms="0.000" />
</gc-op>
<gc-end id="3169" type="partial gc" contextid="3163" durationms="3.745" usertimems="4.000" systemtimems="0.000" timestamp="2019-06-16T00:38:01.190" activeThreads="4">
  <mem-info id="3170" free="39845888" total="65011712" percent="61">
    <mem type="eden" free="1048552" total="1048576" percent="99" />
    <remembered-set count="111712" freebytes="2148224" totalbytes="2595072" percent="82" regionsoverflowed="0" regionsstable="6" regionsrebuilding="0"/>
  </mem-info>
</gc-end>
<cycle-end id="3171" type="partial gc" contextid="3163" timestamp="2019-06-16T00:38:01.190" />
  <attribute name="elasticGC enabled" value="1" />
  <attribute name= "numThreadsSpecified" value="4" />
  <attribute name="heapSize specified" value="0" />
  <attribute name="Current GC Util" value="77" />
  <attribute name= "Current Time Running" value="20239" />
  <attribute name ="GC Interval" value="0" />
  <attribute name="ProportionalT" value="85.500000" />
  <attribute name="ProportionalI" value="85.500000" />
  <attribute name="ProportionalH" value="85.500000" />
  <attribute name="Current Error" value="57.000000" />
  <attribute name="IntegralT" value="57.000000" />
  <attribute name="IntegralI" value="57.000000" />
  <attribute name="IntegralH" value="57.000000" />
  <attribute name="DerivativeT" value="5.000000" />
  <attribute name="DerivativeI" value="5.000000" />
  <attribute name="DerivativeH" value="5.000000" />
  <attribute name="Loop Time for DT" value="1.000000" />
  <attribute name="Output H" value="8388608"/>
  <attribute name="Output I" value="200"/>
  <attribute name="Output T" value="4"/>
  <attribute name="Target GC Util Change" value ="20.000000" />
  <attribute name="Current GC Util Change" value="77.000000"/>
  <attribute name="GC Util currently" value="77" />
  <attribute name="CPU Util currently" value="18920047789661" />
<exclusive-end id="3172" timestamp="2019-06-16T00:38:01.191" durationms="4.873" />

<exclusive-start id="3173" timestamp="2019-06-16T00:38:01.198" intervalms="11.878">
  <response-info timems="0.075" idlems="0.075" threads="0" lastid="0000000001AE6700" lastname="main" />
</exclusive-start>
<allocation-taxation id="3174" taxation-threshold="23068672" timestamp="2019-06-16T00:38:01.198" intervalms="11.911" />
<cycle-start id="3175" type="partial gc" contextid="0" timestamp="2019-06-16T00:38:01.198" intervalms="11.921" />
<gc-start id="3176" type="partial gc" contextid="3175" timestamp="2019-06-16T00:38:01.198">
  <mem-info id="3177" free="16777216" total="65011712" percent="25">
    <mem type="eden" free="1048552" total="24117248" percent="4" />
    <remembered-set count="111232" freebytes="2150144" totalbytes="2595072" percent="82" regionsoverflowed="0" regionsstable="6" regionsrebuilding="0"/>
  </mem-info>
</gc-start>
<allocation-stats totalBytes="22990680" >
  <allocated-bytes non-tlh="0" tlh="22990680" arrayletleaf="0"/>
  <largest-consumer threadName="main" threadId="0000000001AE6700" bytes="22990680" />
</allocation-stats>
<gc-op id="3178" type="copy forward" timems="4.057" contextid="3175" timestamp="2019-06-16T00:38:01.203">
  <memory-copied type="eden" objects="1" bytes="24" bytesdiscarded="0" />
  <memory-copied type="other" objects="33754" bytes="800008" bytesdiscarded="0" />
  <memory-cardclean objects="4568" bytes="274216" />
  <regions eden="22" other="4" />
  <remembered-set-cleared processed="109945" cleared="3210" durationms="0.702" />
  <references type="soft" candidates="16" cleared="0" enqueued="0" dynamicThreshold="19" maxThreshold="32" />
  <references type="weak" candidates="106" cleared="0" enqueued="0" />
  <stringconstants candidates="13269" cleared="0"  />
</gc-op>
<gc-op id="3179" type="classunload" timems="0.003" contextid="3175" timestamp="2019-06-16T00:38:01.203">
  <classunload-info classloadercandidates="53" classloadersunloaded="0" classesunloaded="0" anonymousclassesunloaded="0" quiescems="0.000" setupms="0.003" scanms="0.000" postms="0.000" />
</gc-op>
<heap-resize id="3180" type="contract" space="default" amount="3145728" count="1" timems="0.286" reason="excess free space following gc" timestamp="2019-06-16T00:38:01.204" />
<gc-end id="3181" type="partial gc" contextid="3175" durationms="5.719" usertimems="0.000" systemtimems="4.000" timestamp="2019-06-16T00:38:01.204" activeThreads="1">
  <mem-info id="3182" free="37748736" total="61865984" percent="61">
    <mem type="eden" free="1048552" total="1048576" percent="99" />
    <remembered-set count="109568" freebytes="2156800" totalbytes="2595072" percent="83" regionsoverflowed="0" regionsstable="6" regionsrebuilding="0"/>
  </mem-info>
</gc-end>
<cycle-end id="3183" type="partial gc" contextid="3175" timestamp="2019-06-16T00:38:01.204" />
  <attribute name="elasticGC enabled" value="1" />
  <attribute name= "numThreadsSpecified" value="1" />
  <attribute name="heapSize specified" value="0" />
  <attribute name="Current GC Util" value="61" />
  <attribute name= "Current Time Running" value="20249" />
  <attribute name ="GC Interval" value="0" />
  <attribute name="ProportionalT" value="61.500000" />
  <attribute name="ProportionalI" value="61.500000" />
  <attribute name="ProportionalH" value="61.500000" />
  <attribute name="Current Error" value="41.000000" />
  <attribute name="IntegralT" value="0.000000" />
  <attribute name="IntegralI" value="0.000000" />
  <attribute name="IntegralH" value="0.000000" />
  <attribute name="DerivativeT" value="inf" />
  <attribute name="DerivativeI" value="inf" />
  <attribute name="DerivativeH" value="inf" />
  <attribute name="Loop Time for DT" value="0.000000" />
  <attribute name="Output H" value="8388608"/>
  <attribute name="Output I" value="200"/>
  <attribute name="Output T" value="1"/>
  <attribute name="Target GC Util Change" value ="20.000000" />
  <attribute name="Current GC Util Change" value="61.000000"/>
  <attribute name="GC Util currently" value="61" />
  <attribute name="CPU Util currently" value="20894870478432" />
<exclusive-end id="3184" timestamp="2019-06-16T00:38:01.204" durationms="6.840" />

<exclusive-start id="3185" timestamp="2019-06-16T00:38:01.211" intervalms="13.670">
  <response-info timems="0.056" idlems="0.056" threads="0" lastid="0000000001AE6700" lastname="main" />
</exclusive-start>
<allocation-taxation id="3186" taxation-threshold="22020096" timestamp="2019-06-16T00:38:01.211" intervalms="13.644" />
<cycle-start id="3187" type="partial gc" contextid="0" timestamp="2019-06-16T00:38:01.212" intervalms="13.604" />
<gc-start id="3188" type="partial gc" contextid="3187" timestamp="2019-06-16T00:38:01.212">
  <mem-info id="3189" free="15728640" total="61865984" percent="25">
    <mem type="eden" free="1048552" total="23068672" percent="4" />
    <remembered-set count="109536" freebytes="2156928" totalbytes="2595072" percent="83" regionsoverflowed="0" regionsstable="6" regionsrebuilding="0"/>
  </mem-info>
</gc-start>
<allocation-stats totalBytes="21945536" >
  <allocated-bytes non-tlh="0" tlh="21945536" arrayletleaf="0"/>
  <largest-consumer threadName="main" threadId="0000000001AE6700" bytes="21945536" />
</allocation-stats>
<gc-op id="3190" type="copy forward" timems="9.053" contextid="3187" timestamp="2019-06-16T00:38:01.222">
  <memory-copied type="eden" objects="1" bytes="24" bytesdiscarded="0" />
  <memory-copied type="other" objects="1" bytes="3048" bytesdiscarded="0" />
  <memory-cardclean objects="127256" bytes="4392568" />
  <regions eden="21" other="2" />
  <remembered-set-cleared processed="79235" cleared="33295" durationms="0.822" />
  <stringconstants candidates="13269" cleared="0"  />
</gc-op>
<gc-op id="3191" type="classunload" timems="0.005" contextid="3187" timestamp="2019-06-16T00:38:01.222">
  <classunload-info classloadercandidates="53" classloadersunloaded="0" classesunloaded="0" anonymousclassesunloaded="0" quiescems="0.000" setupms="0.005" scanms="0.000" postms="0.000" />
</gc-op>
<gc-end id="3192" type="partial gc" contextid="3187" durationms="10.506" usertimems="8.000" systemtimems="0.000" timestamp="2019-06-16T00:38:01.222" activeThreads="1">
  <mem-info id="3193" free="37748736" total="61865984" percent="61">
    <mem type="eden" free="1048552" total="1048576" percent="99" />
    <remembered-set count="67680" freebytes="2198784" totalbytes="2469504" percent="89" regionsoverflowed="0" regionsstable="6" regionsrebuilding="0"/>
  </mem-info>
</gc-end>
<cycle-end id="3194" type="partial gc" contextid="3187" timestamp="2019-06-16T00:38:01.222" />
  <attribute name="elasticGC enabled" value="1" />
  <attribute name= "numThreadsSpecified" value="1" />
  <attribute name="heapSize specified" value="0" />
  <attribute name="Current GC Util" value="49" />
  <attribute name= "Current Time Running" value="20263" />
  <attribute name ="GC Interval" value="0" />
  <attribute name="ProportionalT" value="43.500000" />
  <attribute name="ProportionalI" value="43.500000" />
  <attribute name="ProportionalH" value="43.500000" />
  <attribute name="Current Error" value="29.000000" />
  <attribute name="IntegralT" value="0.000000" />
  <attribute name="IntegralI" value="0.000000" />
  <attribute name="IntegralH" value="0.000000" />
  <attribute name="DerivativeT" value="inf" />
  <attribute name="DerivativeI" value="inf" />
  <attribute name="DerivativeH" value="inf" />
  <attribute name="Loop Time for DT" value="0.000000" />
  <attribute name="Output H" value="8388608"/>
  <attribute name="Output I" value="200"/>
  <attribute name="Output T" value="1"/>
  <attribute name="Target GC Util Change" value ="20.000000" />
  <attribute name="Current GC Util Change" value="49.000000"/>
  <attribute name="GC Util currently" value="49" />
  <attribute name="CPU Util currently" value="9656646344775" />
<exclusive-end id="3195" timestamp="2019-06-16T00:38:01.223" durationms="11.478" />

<exclusive-start id="3196" timestamp="2019-06-16T00:38:01.226" intervalms="14.851">
  <response-info timems="0.076" idlems="0.076" threads="0" lastid="0000000001AE6700" lastname="main" />
</exclusive-start>
<allocation-taxation id="3197" taxation-threshold="10485760" timestamp="2019-06-16T00:38:01.226" intervalms="14.885" />
<cycle-start id="3198" type="global mark phase" contextid="0" timestamp="2019-06-16T00:38:01.226" intervalms="159.991" />
<gc-start id="3199" type="global mark phase" contextid="3198" timestamp="2019-06-16T00:38:01.227">
  <mem-info id="3200" free="27262976" total="61865984" percent="44">
    <remembered-set count="67488" freebytes="2199552" totalbytes="2469504" percent="89" regionsoverflowed="0" regionsstable="6" regionsrebuilding="0"/>
  </mem-info>
</gc-start>
<gc-op id="3201" type="mark increment" timems="1.195" contextid="3198" timestamp="2019-06-16T00:38:01.228">
  <trace-info objectcount="16189" scancount="4239" scanbytes="214240" />
</gc-op>
<gc-end id="3202" type="global mark phase" contextid="3198" durationms="1.375" usertimems="4.000" systemtimems="0.000" timestamp="2019-06-16T00:38:01.228" activeThreads="4">
  <mem-info id="3203" free="27262976" total="61865984" percent="44">
    <remembered-set count="68512" freebytes="2195456" totalbytes="2469504" percent="88" regionsoverflowed="0" regionsstable="0" regionsrebuilding="6"/>
  </mem-info>
</gc-end>
<concurrent-start id="3204" type="GMP work packet processing" contextid="3198" timestamp="2019-06-16T00:38:01.228">
  <concurrent-mark-start scanTarget="1287115" />
</concurrent-start>
<exclusive-end id="3205" timestamp="2019-06-16T00:38:01.229" durationms="3.086" />

<concurrent-end id="3206" type="GMP work packet processing" contextid="3198" timestamp="2019-06-16T00:38:01.229">
  <concurrent-mark-end bytesScanned="1367608" reasonForTermination="Work target met" />
</concurrent-end>

<exclusive-start id="3207" timestamp="2019-06-16T00:38:01.232" intervalms="6.394">
  <response-info timems="0.071" idlems="0.071" threads="0" lastid="0000000001AE6700" lastname="main" />
</exclusive-start>
<allocation-taxation id="3208" taxation-threshold="10485760" timestamp="2019-06-16T00:38:01.233" intervalms="6.296" />
<cycle-start id="3209" type="partial gc" contextid="0" timestamp="2019-06-16T00:38:01.233" intervalms="21.216" />
<gc-start id="3210" type="partial gc" contextid="3209" timestamp="2019-06-16T00:38:01.233">
  <mem-info id="3211" free="16777216" total="61865984" percent="27">
    <mem type="eden" free="1048552" total="22020096" percent="4" />
    <remembered-set count="69120" freebytes="2193024" totalbytes="2469504" percent="88" regionsoverflowed="0" regionsstable="0" regionsrebuilding="6"/>
  </mem-info>
</gc-start>
<allocation-stats totalBytes="20900392" >
  <allocated-bytes non-tlh="0" tlh="20900392" arrayletleaf="0"/>
  <largest-consumer threadName="main" threadId="0000000001AE6700" bytes="10451440" />
</allocation-stats>
<gc-op id="3212" type="copy forward" timems="1.548" contextid="3209" timestamp="2019-06-16T00:38:01.236">
  <memory-copied type="eden" objects="1" bytes="24" bytesdiscarded="0" />
  <memory-copied type="other" objects="67" bytes="2808" bytesdiscarded="0" />
  <memory-cardclean objects="63" bytes="2136" />
  <regions eden="20" other="2" />
  <remembered-set-cleared processed="66749" cleared="31" durationms="0.484" />
  <stringconstants candidates="13269" cleared="0"  />
</gc-op>
<gc-op id="3213" type="classunload" timems="0.004" contextid="3209" timestamp="2019-06-16T00:38:01.236">
  <classunload-info classloadercandidates="53" classloadersunloaded="0" classesunloaded="0" anonymousclassesunloaded="0" quiescems="0.000" setupms="0.004" scanms="0.000" postms="0.000" />
</gc-op>
<gc-end id="3214" type="partial gc" contextid="3209" durationms="2.712" usertimems="0.000" systemtimems="0.000" timestamp="2019-06-16T00:38:01.236" activeThreads="1">
  <mem-info id="3215" free="37748736" total="61865984" percent="61">
    <mem type="eden" free="1048552" total="1048576" percent="99" />
    <remembered-set count="69536" freebytes="2191360" totalbytes="2469504" percent="88" regionsoverflowed="0" regionsstable="0" regionsrebuilding="6"/>
  </mem-info>
</gc-end>
<cycle-end id="3216" type="partial gc" contextid="3209" timestamp="2019-06-16T00:38:01.236" />
  <attribute name="elasticGC enabled" value="1" />
  <attribute name= "numThreadsSpecified" value="1" />
  <attribute name="heapSize specified" value="0" />
  <attribute name="Current GC Util" value="71" />
  <attribute name= "Current Time Running" value="20284" />
  <attribute name ="GC Interval" value="0" />
  <attribute name="ProportionalT" value="76.500000" />
  <attribute name="ProportionalI" value="76.500000" />
  <attribute name="ProportionalH" value="76.500000" />
  <attribute name="Current Error" value="51.000000" />
  <attribute name="IntegralT" value="0.000000" />
  <attribute name="IntegralI" value="0.000000" />
  <attribute name="IntegralH" value="0.000000" />
  <attribute name="DerivativeT" value="inf" />
  <attribute name="DerivativeI" value="inf" />
  <attribute name="DerivativeH" value="inf" />
  <attribute name="Loop Time for DT" value="0.000000" />
  <attribute name="Output H" value="8388608"/>
  <attribute name="Output I" value="200"/>
  <attribute name="Output T" value="1"/>
  <attribute name="Target GC Util Change" value ="20.000000" />
  <attribute name="Current GC Util Change" value="71.000000"/>
  <attribute name="GC Util currently" value="71" />
  <attribute name="CPU Util currently" value="18674800535778" />
<exclusive-end id="3217" timestamp="2019-06-16T00:38:01.236" durationms="3.949" />

<exclusive-start id="3218" timestamp="2019-06-16T00:38:01.240" intervalms="7.354">
  <response-info timems="0.074" idlems="0.074" threads="0" lastid="0000000001AE6700" lastname="main" />
</exclusive-start>
<allocation-taxation id="3219" taxation-threshold="10485760" timestamp="2019-06-16T00:38:01.240" intervalms="7.453" />
<gc-start id="3220" type="global mark phase" contextid="3198" timestamp="2019-06-16T00:38:01.240">
  <mem-info id="3221" free="27262976" total="61865984" percent="44">
    <remembered-set count="69120" freebytes="2193024" totalbytes="2469504" percent="88" regionsoverflowed="0" regionsstable="0" regionsrebuilding="6"/>
  </mem-info>
</gc-start>
<gc-end id="3222" type="global mark phase" contextid="3198" durationms="0.152" usertimems="0.000" systemtimems="0.000" timestamp="2019-06-16T00:38:01.240" activeThreads="1">
  <mem-info id="3223" free="27262976" total="61865984" percent="44">
    <remembered-set count="69120" freebytes="2193024" totalbytes="2469504" percent="88" regionsoverflowed="0" regionsstable="0" regionsrebuilding="6"/>
  </mem-info>
</gc-end>
<concurrent-start id="3224" type="GMP work packet processing" contextid="3198" timestamp="2019-06-16T00:38:01.241">
  <concurrent-mark-start scanTarget="1048576" />
</concurrent-start>
<exclusive-end id="3225" timestamp="2019-06-16T00:38:01.241" durationms="0.890" />

<concurrent-end id="3226" type="GMP work packet processing" contextid="3198" timestamp="2019-06-16T00:38:01.241">
  <concurrent-mark-end bytesScanned="1098804" reasonForTermination="Work target met" />
</concurrent-end>

<exclusive-start id="3227" timestamp="2019-06-16T00:38:01.245" intervalms="4.723">
  <response-info timems="0.057" idlems="0.057" threads="0" lastid="0000000001AE6700" lastname="main" />
</exclusive-start>
<allocation-taxation id="3228" taxation-threshold="10485760" timestamp="2019-06-16T00:38:01.245" intervalms="4.670" />
<cycle-start id="3229" type="partial gc" contextid="0" timestamp="2019-06-16T00:38:01.245" intervalms="12.180" />
<gc-start id="3230" type="partial gc" contextid="3229" timestamp="2019-06-16T00:38:01.245">
  <mem-info id="3231" free="16777216" total="61865984" percent="27">
    <mem type="eden" free="1048552" total="22020096" percent="4" />
    <remembered-set count="69152" freebytes="2192896" totalbytes="2469504" percent="88" regionsoverflowed="0" regionsstable="0" regionsrebuilding="6"/>
  </mem-info>
</gc-start>
<allocation-stats totalBytes="20900392" >
  <allocated-bytes non-tlh="0" tlh="20900392" arrayletleaf="0"/>
  <largest-consumer threadName="main" threadId="0000000001AE6700" bytes="10451440" />
</allocation-stats>
<gc-op id="3232" type="copy forward" timems="9.935" contextid="3229" timestamp="2019-06-16T00:38:01.256">
  <memory-copied type="eden" objects="1" bytes="24" bytesdiscarded="0" />
  <memory-copied type="other" objects="25704" bytes="1015520" bytesdiscarded="376" />
  <memory-cardclean objects="101305" bytes="2782000" />
  <regions eden="20" other="3" />
  <remembered-set-cleared processed="58367" cleared="10064" durationms="0.543" />
  <finalization candidates="13" enqueued="0" />
  <references type="soft" candidates="93" cleared="0" enqueued="0" dynamicThreshold="14" maxThreshold="32" />
  <references type="weak" candidates="399" cleared="0" enqueued="0" />
  <references type="phantom" candidates="55" cleared="0" enqueued="0" />
  <stringconstants candidates="13269" cleared="0"  />
</gc-op>
<gc-op id="3233" type="classunload" timems="0.004" contextid="3229" timestamp="2019-06-16T00:38:01.256">
  <classunload-info classloadercandidates="53" classloadersunloaded="0" classesunloaded="0" anonymousclassesunloaded="0" quiescems="0.000" setupms="0.004" scanms="0.000" postms="0.000" />
</gc-op>
<heap-resize id="3234" type="contract" space="default" amount="2097152" count="1" timems="0.248" reason="excess free space following gc" timestamp="2019-06-16T00:38:01.257" />
<gc-end id="3235" type="partial gc" contextid="3229" durationms="11.530" usertimems="8.000" systemtimems="0.000" timestamp="2019-06-16T00:38:01.257" activeThreads="1">
  <mem-info id="3236" free="36700160" total="59768832" percent="61">
    <mem type="eden" free="1048552" total="1048576" percent="99" />
    <remembered-set count="67392" freebytes="2199936" totalbytes="2469504" percent="89" regionsoverflowed="0" regionsstable="0" regionsrebuilding="6"/>
  </mem-info>
</gc-end>
<cycle-end id="3237" type="partial gc" contextid="3229" timestamp="2019-06-16T00:38:01.257" />
  <attribute name="elasticGC enabled" value="1" />
  <attribute name= "numThreadsSpecified" value="1" />
  <attribute name="heapSize specified" value="0" />
  <attribute name="Current GC Util" value="79" />
  <attribute name= "Current Time Running" value="20296" />
  <attribute name ="GC Interval" value="0" />
  <attribute name="ProportionalT" value="88.500000" />
  <attribute name="ProportionalI" value="88.500000" />
  <attribute name="ProportionalH" value="88.500000" />
  <attribute name="Current Error" value="59.000000" />
  <attribute name="IntegralT" value="0.000000" />
  <attribute name="IntegralI" value="0.000000" />
  <attribute name="IntegralH" value="0.000000" />
  <attribute name="DerivativeT" value="inf" />
  <attribute name="DerivativeI" value="inf" />
  <attribute name="DerivativeH" value="inf" />
  <attribute name="Loop Time for DT" value="0.000000" />
  <attribute name="Output H" value="8388608"/>
  <attribute name="Output I" value="200"/>
  <attribute name="Output T" value="1"/>
  <attribute name="Target GC Util Change" value ="20.000000" />
  <attribute name="Current GC Util Change" value="79.000000"/>
  <attribute name="GC Util currently" value="79" />
  <attribute name="CPU Util currently" value="18305353322122" />
<exclusive-end id="3238" timestamp="2019-06-16T00:38:01.257" durationms="12.651" />

<exclusive-start id="3239" timestamp="2019-06-16T00:38:01.261" intervalms="16.034">
  <response-info timems="0.054" idlems="0.054" threads="0" lastid="0000000001AE6700" lastname="main" />
</exclusive-start>
<allocation-taxation id="3240" taxation-threshold="10485760" timestamp="2019-06-16T00:38:01.261" intervalms="16.093" />
<gc-start id="3241" type="global mark phase" contextid="3198" timestamp="2019-06-16T00:38:01.261">
  <mem-info id="3242" free="26214400" total="59768832" percent="43">
    <remembered-set count="67392" freebytes="2199936" totalbytes="2469504" percent="89" regionsoverflowed="0" regionsstable="0" regionsrebuilding="6"/>
  </mem-info>
</gc-start>
<gc-end id="3243" type="global mark phase" contextid="3198" durationms="0.129" usertimems="0.000" systemtimems="0.000" timestamp="2019-06-16T00:38:01.261" activeThreads="1">
  <mem-info id="3244" free="26214400" total="59768832" percent="43">
    <remembered-set count="67392" freebytes="2199936" totalbytes="2469504" percent="89" regionsoverflowed="0" regionsstable="0" regionsrebuilding="6"/>
  </mem-info>
</gc-end>
<concurrent-start id="3245" type="GMP work packet processing" contextid="3198" timestamp="2019-06-16T00:38:01.261">
  <concurrent-mark-start scanTarget="1048576" />
</concurrent-start>
<exclusive-end id="3246" timestamp="2019-06-16T00:38:01.262" durationms="1.530" />

<concurrent-end id="3247" type="GMP work packet processing" contextid="3198" timestamp="2019-06-16T00:38:01.262">
  <concurrent-mark-end bytesScanned="1089624" reasonForTermination="Work target met" />
</concurrent-end>

<exclusive-start id="3248" timestamp="2019-06-16T00:38:01.265" intervalms="4.901">
  <response-info timems="0.076" idlems="0.076" threads="0" lastid="0000000001AE6700" lastname="main" />
</exclusive-start>
<allocation-taxation id="3249" taxation-threshold="10485760" timestamp="2019-06-16T00:38:01.266" intervalms="4.902" />
<cycle-start id="3250" type="partial gc" contextid="0" timestamp="2019-06-16T00:38:01.266" intervalms="20.931" />
<gc-start id="3251" type="partial gc" contextid="3250" timestamp="2019-06-16T00:38:01.266">
  <mem-info id="3252" free="15728640" total="59768832" percent="26">
    <mem type="eden" free="1048552" total="22020096" percent="4" />
    <remembered-set count="67520" freebytes="2199424" totalbytes="2469504" percent="89" regionsoverflowed="0" regionsstable="0" regionsrebuilding="6"/>
  </mem-info>
</gc-start>
<allocation-stats totalBytes="20900392" >
  <allocated-bytes non-tlh="0" tlh="20900392" arrayletleaf="0"/>
  <largest-consumer threadName="main" threadId="0000000001AE6700" bytes="10451416" />
</allocation-stats>
<gc-op id="3253" type="copy forward" timems="7.808" contextid="3250" timestamp="2019-06-16T00:38:01.275">
  <memory-copied type="eden" objects="1" bytes="24" bytesdiscarded="0" />
  <memory-copied type="other" objects="0" bytes="0" bytesdiscarded="0" />
  <memory-cardclean objects="113880" bytes="3749496" />
  <regions eden="20" other="1" />
  <remembered-set-cleared processed="49823" cleared="12254" durationms="0.681" />
  <stringconstants candidates="13269" cleared="0"  />
</gc-op>
<gc-op id="3254" type="classunload" timems="0.005" contextid="3250" timestamp="2019-06-16T00:38:01.275">
  <classunload-info classloadercandidates="53" classloadersunloaded="0" classesunloaded="0" anonymousclassesunloaded="0" quiescems="0.000" setupms="0.004" scanms="0.000" postms="0.000" />
</gc-op>
<gc-end id="3255" type="partial gc" contextid="3250" durationms="9.225" usertimems="8.000" systemtimems="0.000" timestamp="2019-06-16T00:38:01.275" activeThreads="1">
  <mem-info id="3256" free="36700160" total="59768832" percent="61">
    <mem type="eden" free="1048552" total="1048576" percent="99" />
    <remembered-set count="57856" freebytes="2154368" totalbytes="2385792" percent="90" regionsoverflowed="0" regionsstable="0" regionsrebuilding="6"/>
  </mem-info>
</gc-end>
<cycle-end id="3257" type="partial gc" contextid="3250" timestamp="2019-06-16T00:38:01.276" />
  <attribute name="elasticGC enabled" value="1" />
  <attribute name= "numThreadsSpecified" value="1" />
  <attribute name="heapSize specified" value="0" />
  <attribute name="Current GC Util" value="42" />
  <attribute name= "Current Time Running" value="20317" />
  <attribute name ="GC Interval" value="0" />
  <attribute name="ProportionalT" value="33.000000" />
  <attribute name="ProportionalI" value="33.000000" />
  <attribute name="ProportionalH" value="33.000000" />
  <attribute name="Current Error" value="22.000000" />
  <attribute name="IntegralT" value="0.000000" />
  <attribute name="IntegralI" value="0.000000" />
  <attribute name="IntegralH" value="0.000000" />
  <attribute name="DerivativeT" value="inf" />
  <attribute name="DerivativeI" value="inf" />
  <attribute name="DerivativeH" value="inf" />
  <attribute name="Loop Time for DT" value="0.000000" />
  <attribute name="Output H" value="8388608"/>
  <attribute name="Output I" value="200"/>
  <attribute name="Output T" value="1"/>
  <attribute name="Target GC Util Change" value ="20.000000" />
  <attribute name="Current GC Util Change" value="42.000000"/>
  <attribute name="GC Util currently" value="42" />
  <attribute name="CPU Util currently" value="10979106773793" />
<exclusive-end id="3258" timestamp="2019-06-16T00:38:01.276" durationms="10.305" />

<exclusive-start id="3259" timestamp="2019-06-16T00:38:01.279" intervalms="13.695">
  <response-info timems="0.075" idlems="0.075" threads="0" lastid="0000000001AE6700" lastname="main" />
</exclusive-start>
<allocation-taxation id="3260" taxation-threshold="10485760" timestamp="2019-06-16T00:38:01.279" intervalms="13.704" />
<gc-start id="3261" type="global mark phase" contextid="3198" timestamp="2019-06-16T00:38:01.280">
  <mem-info id="3262" free="26214400" total="59768832" percent="43">
    <remembered-set count="57760" freebytes="2154752" totalbytes="2385792" percent="90" regionsoverflowed="0" regionsstable="0" regionsrebuilding="6"/>
  </mem-info>
</gc-start>
<gc-end id="3263" type="global mark phase" contextid="3198" durationms="0.157" usertimems="0.000" systemtimems="0.000" timestamp="2019-06-16T00:38:01.280" activeThreads="1">
  <mem-info id="3264" free="26214400" total="59768832" percent="43">
    <remembered-set count="57760" freebytes="2154752" totalbytes="2385792" percent="90" regionsoverflowed="0" regionsstable="0" regionsrebuilding="6"/>
  </mem-info>
</gc-end>
<concurrent-start id="3265" type="GMP work packet processing" contextid="3198" timestamp="2019-06-16T00:38:01.280">
  <concurrent-mark-start scanTarget="1048576" />
</concurrent-start>
<exclusive-end id="3266" timestamp="2019-06-16T00:38:01.281" durationms="1.565" />

<concurrent-end id="3267" type="GMP work packet processing" contextid="3198" timestamp="2019-06-16T00:38:01.281">
  <concurrent-mark-end bytesScanned="1095168" reasonForTermination="Work target met" />
</concurrent-end>

<exclusive-start id="3268" timestamp="2019-06-16T00:38:01.284" intervalms="4.881">
  <response-info timems="0.076" idlems="0.076" threads="0" lastid="0000000001AE6700" lastname="main" />
</exclusive-start>
<allocation-taxation id="3269" taxation-threshold="10485760" timestamp="2019-06-16T00:38:01.284" intervalms="4.863" />
<cycle-start id="3270" type="partial gc" contextid="0" timestamp="2019-06-16T00:38:01.284" intervalms="18.615" />
<gc-start id="3271" type="partial gc" contextid="3270" timestamp="2019-06-16T00:38:01.285">
  <mem-info id="3272" free="15728640" total="59768832" percent="26">
    <mem type="eden" free="1048552" total="22020096" percent="4" />
    <remembered-set count="59360" freebytes="2148352" totalbytes="2385792" percent="90" regionsoverflowed="0" regionsstable="0" regionsrebuilding="6"/>
  </mem-info>
</gc-start>
<allocation-stats totalBytes="20900392" >
  <allocated-bytes non-tlh="0" tlh="20900392" arrayletleaf="0"/>
  <largest-consumer threadName="main" threadId="0000000001AE6700" bytes="10451416" />
</allocation-stats>
<gc-op id="3273" type="copy forward" timems="1.641" contextid="3270" timestamp="2019-06-16T00:38:01.287">
  <memory-copied type="eden" objects="1" bytes="24" bytesdiscarded="0" />
  <memory-copied type="other" objects="0" bytes="0" bytesdiscarded="0" />
  <memory-cardclean objects="16" bytes="416" />
  <regions eden="20" other="1" />
  <remembered-set-cleared processed="57377" cleared="5" durationms="0.397" />
  <stringconstants candidates="13269" cleared="0"  />
</gc-op>
<gc-op id="3274" type="classunload" timems="0.003" contextid="3270" timestamp="2019-06-16T00:38:01.287">
  <classunload-info classloadercandidates="53" classloadersunloaded="0" classesunloaded="0" anonymousclassesunloaded="0" quiescems="0.000" setupms="0.003" scanms="0.000" postms="0.000" />
</gc-op>
<gc-end id="3275" type="partial gc" contextid="3270" durationms="2.780" usertimems="4.000" systemtimems="0.000" timestamp="2019-06-16T00:38:01.287" activeThreads="1">
  <mem-info id="3276" free="36700160" total="59768832" percent="61">
    <mem type="eden" free="1048552" total="1048576" percent="99" />
    <remembered-set count="59840" freebytes="2146432" totalbytes="2385792" percent="89" regionsoverflowed="0" regionsstable="0" regionsrebuilding="6"/>
  </mem-info>
</gc-end>
<cycle-end id="3277" type="partial gc" contextid="3270" timestamp="2019-06-16T00:38:01.288" />
  <attribute name="elasticGC enabled" value="1" />
  <attribute name= "numThreadsSpecified" value="1" />
  <attribute name="heapSize specified" value="0" />
  <attribute name="Current GC Util" value="60" />
  <attribute name= "Current Time Running" value="20336" />
  <attribute name ="GC Interval" value="0" />
  <attribute name="ProportionalT" value="60.000000" />
  <attribute name="ProportionalI" value="60.000000" />
  <attribute name="ProportionalH" value="60.000000" />
  <attribute name="Current Error" value="40.000000" />
  <attribute name="IntegralT" value="0.000000" />
  <attribute name="IntegralI" value="0.000000" />
  <attribute name="IntegralH" value="0.000000" />
  <attribute name="DerivativeT" value="inf" />
  <attribute name="DerivativeI" value="inf" />
  <attribute name="DerivativeH" value="inf" />
  <attribute name="Loop Time for DT" value="0.000000" />
  <attribute name="Output H" value="8388608"/>
  <attribute name="Output I" value="200"/>
  <attribute name="Output T" value="1"/>
  <attribute name="Target GC Util Change" value ="20.000000" />
  <attribute name="Current GC Util Change" value="60.000000"/>
  <attribute name="GC Util currently" value="60" />
  <attribute name="CPU Util currently" value="20101849771653" />
<exclusive-end id="3278" timestamp="2019-06-16T00:38:01.288" durationms="3.917" />

<exclusive-start id="3279" timestamp="2019-06-16T00:38:01.291" intervalms="7.299">
  <response-info timems="0.076" idlems="0.076" threads="0" lastid="0000000001AE6700" lastname="main" />
</exclusive-start>
<allocation-taxation id="3280" taxation-threshold="10485760" timestamp="2019-06-16T00:38:01.292" intervalms="7.290" />
<gc-start id="3281" type="global mark phase" contextid="3198" timestamp="2019-06-16T00:38:01.292">
  <mem-info id="3282" free="26214400" total="59768832" percent="43">
    <remembered-set count="59360" freebytes="2148352" totalbytes="2385792" percent="90" regionsoverflowed="0" regionsstable="0" regionsrebuilding="6"/>
  </mem-info>
</gc-start>
<gc-end id="3283" type="global mark phase" contextid="3198" durationms="0.185" usertimems="0.000" systemtimems="0.000" timestamp="2019-06-16T00:38:01.292" activeThreads="1">
  <mem-info id="3284" free="26214400" total="59768832" percent="43">
    <remembered-set count="59360" freebytes="2148352" totalbytes="2385792" percent="90" regionsoverflowed="0" regionsstable="0" regionsrebuilding="6"/>
  </mem-info>
</gc-end>
<concurrent-start id="3285" type="GMP work packet processing" contextid="3198" timestamp="2019-06-16T00:38:01.292">
  <concurrent-mark-start scanTarget="1048576" />
</concurrent-start>
<exclusive-end id="3286" timestamp="2019-06-16T00:38:01.293" durationms="1.420" />

<concurrent-end id="3287" type="GMP work packet processing" contextid="3198" timestamp="2019-06-16T00:38:01.293">
  <concurrent-mark-end bytesScanned="1093964" reasonForTermination="Work target met" />
</concurrent-end>

<exclusive-start id="3288" timestamp="2019-06-16T00:38:01.296" intervalms="4.751">
  <response-info timems="0.077" idlems="0.077" threads="0" lastid="0000000001AE6700" lastname="main" />
</exclusive-start>
<allocation-taxation id="3289" taxation-threshold="10485760" timestamp="2019-06-16T00:38:01.296" intervalms="4.768" />
<cycle-start id="3290" type="partial gc" contextid="0" timestamp="2019-06-16T00:38:01.297" intervalms="12.064" />
<gc-start id="3291" type="partial gc" contextid="3290" timestamp="2019-06-16T00:38:01.297">
  <mem-info id="3292" free="15728640" total="59768832" percent="26">
    <mem type="eden" free="1048552" total="22020096" percent="4" />
    <remembered-set count="59648" freebytes="2147200" totalbytes="2385792" percent="89" regionsoverflowed="0" regionsstable="0" regionsrebuilding="6"/>
  </mem-info>
</gc-start>
<allocation-stats totalBytes="20900416" >
  <allocated-bytes non-tlh="0" tlh="20900416" arrayletleaf="0"/>
  <largest-consumer threadName="main" threadId="0000000001AE6700" bytes="10451440" />
</allocation-stats>
<gc-op id="3293" type="copy forward" timems="1.549" contextid="3290" timestamp="2019-06-16T00:38:01.299">
  <memory-copied type="eden" objects="1" bytes="24" bytesdiscarded="0" />
  <memory-copied type="other" objects="0" bytes="0" bytesdiscarded="0" />
  <memory-cardclean objects="16" bytes="416" />
  <regions eden="20" other="1" />
  <remembered-set-cleared processed="58024" cleared="5" durationms="0.391" />
  <stringconstants candidates="13269" cleared="0"  />
</gc-op>
<gc-op id="3294" type="classunload" timems="0.004" contextid="3290" timestamp="2019-06-16T00:38:01.299">
  <classunload-info classloadercandidates="53" classloadersunloaded="0" classesunloaded="0" anonymousclassesunloaded="0" quiescems="0.000" setupms="0.004" scanms="0.000" postms="0.000" />
</gc-op>
<gc-end id="3295" type="partial gc" contextid="3290" durationms="2.713" usertimems="4.000" systemtimems="0.000" timestamp="2019-06-16T00:38:01.299" activeThreads="1">
  <mem-info id="3296" free="36700160" total="59768832" percent="61">
    <mem type="eden" free="1048552" total="1048576" percent="99" />
    <remembered-set count="60128" freebytes="2145280" totalbytes="2385792" percent="89" regionsoverflowed="0" regionsstable="0" regionsrebuilding="6"/>
  </mem-info>
</gc-end>
<cycle-end id="3297" type="partial gc" contextid="3290" timestamp="2019-06-16T00:38:01.300" />
  <attribute name="elasticGC enabled" value="1" />
  <attribute name= "numThreadsSpecified" value="1" />
  <attribute name="heapSize specified" value="0" />
  <attribute name="Current GC Util" value="52" />
  <attribute name= "Current Time Running" value="20348" />
  <attribute name ="GC Interval" value="0" />
  <attribute name="ProportionalT" value="48.000000" />
  <attribute name="ProportionalI" value="48.000000" />
  <attribute name="ProportionalH" value="48.000000" />
  <attribute name="Current Error" value="32.000000" />
  <attribute name="IntegralT" value="0.000000" />
  <attribute name="IntegralI" value="0.000000" />
  <attribute name="IntegralH" value="0.000000" />
  <attribute name="DerivativeT" value="inf" />
  <attribute name="DerivativeI" value="inf" />
  <attribute name="DerivativeH" value="inf" />
  <attribute name="Loop Time for DT" value="0.000000" />
  <attribute name="Output H" value="8388608"/>
  <attribute name="Output I" value="200"/>
  <attribute name="Output T" value="1"/>
  <attribute name="Target GC Util Change" value ="20.000000" />
  <attribute name="Current GC Util Change" value="52.000000"/>
  <attribute name="GC Util currently" value="52" />
  <attribute name="CPU Util currently" value="17793577235296" />
<exclusive-end id="3298" timestamp="2019-06-16T00:38:01.300" durationms="3.863" />

<exclusive-start id="3299" timestamp="2019-06-16T00:38:01.303" intervalms="7.238">
  <response-info timems="0.087" idlems="0.087" threads="0" lastid="0000000001AE6700" lastname="main" />
</exclusive-start>
<allocation-taxation id="3300" taxation-threshold="10485760" timestamp="2019-06-16T00:38:01.304" intervalms="7.228" />
<gc-start id="3301" type="global mark phase" contextid="3198" timestamp="2019-06-16T00:38:01.304">
  <mem-info id="3302" free="26214400" total="59768832" percent="43">
    <remembered-set count="59648" freebytes="2147200" totalbytes="2385792" percent="89" regionsoverflowed="0" regionsstable="0" regionsrebuilding="6"/>
  </mem-info>
</gc-start>
<gc-end id="3303" type="global mark phase" contextid="3198" durationms="0.111" usertimems="0.000" systemtimems="0.000" timestamp="2019-06-16T00:38:01.304" activeThreads="1">
  <mem-info id="3304" free="26214400" total="59768832" percent="43">
    <remembered-set count="59648" freebytes="2147200" totalbytes="2385792" percent="89" regionsoverflowed="0" regionsstable="0" regionsrebuilding="6"/>
  </mem-info>
</gc-end>
<concurrent-start id="3305" type="GMP work packet processing" contextid="3198" timestamp="2019-06-16T00:38:01.304">
  <concurrent-mark-start scanTarget="1048576" />
</concurrent-start>
<exclusive-end id="3306" timestamp="2019-06-16T00:38:01.304" durationms="0.699" />

<concurrent-end id="3307" type="GMP work packet processing" contextid="3198" timestamp="2019-06-16T00:38:01.305">
  <concurrent-mark-end bytesScanned="1099740" reasonForTermination="Work target met" />
</concurrent-end>

<exclusive-start id="3308" timestamp="2019-06-16T00:38:01.308" intervalms="4.371">
  <response-info timems="0.064" idlems="0.064" threads="0" lastid="0000000001AE6700" lastname="main" />
</exclusive-start>
<allocation-taxation id="3309" taxation-threshold="10485760" timestamp="2019-06-16T00:38:01.308" intervalms="4.310" />
<cycle-start id="3310" type="partial gc" contextid="0" timestamp="2019-06-16T00:38:01.308" intervalms="11.445" />
<gc-start id="3311" type="partial gc" contextid="3310" timestamp="2019-06-16T00:38:01.308">
  <mem-info id="3312" free="15728640" total="59768832" percent="26">
    <mem type="eden" free="1048552" total="22020096" percent="4" />
    <remembered-set count="59680" freebytes="2147072" totalbytes="2385792" percent="89" regionsoverflowed="0" regionsstable="0" regionsrebuilding="6"/>
  </mem-info>
</gc-start>
<allocation-stats totalBytes="20900392" >
  <allocated-bytes non-tlh="0" tlh="20900392" arrayletleaf="0"/>
  <largest-consumer threadName="main" threadId="0000000001AE6700" bytes="10451440" />
</allocation-stats>
<gc-op id="3313" type="copy forward" timems="1.280" contextid="3310" timestamp="2019-06-16T00:38:01.310">
  <memory-copied type="eden" objects="1" bytes="24" bytesdiscarded="0" />
  <memory-copied type="other" objects="0" bytes="0" bytesdiscarded="0" />
  <memory-cardclean objects="16" bytes="416" />
  <regions eden="20" other="1" />
  <remembered-set-cleared processed="58180" cleared="5" durationms="0.371" />
  <stringconstants candidates="13269" cleared="0"  />
</gc-op>
<gc-op id="3314" type="classunload" timems="0.004" contextid="3310" timestamp="2019-06-16T00:38:01.310">
  <classunload-info classloadercandidates="53" classloadersunloaded="0" classesunloaded="0" anonymousclassesunloaded="0" quiescems="0.000" setupms="0.004" scanms="0.000" postms="0.000" />
</gc-op>
<gc-end id="3315" type="partial gc" contextid="3310" durationms="2.366" usertimems="4.000" systemtimems="0.000" timestamp="2019-06-16T00:38:01.311" activeThreads="1">
  <mem-info id="3316" free="36700160" total="59768832" percent="61">
    <mem type="eden" free="1048552" total="1048576" percent="99" />
    <remembered-set count="60160" freebytes="2145152" totalbytes="2385792" percent="89" regionsoverflowed="0" regionsstable="0" regionsrebuilding="6"/>
  </mem-info>
</gc-end>
<cycle-end id="3317" type="partial gc" contextid="3310" timestamp="2019-06-16T00:38:01.311" />
  <attribute name="elasticGC enabled" value="1" />
  <attribute name= "numThreadsSpecified" value="1" />
  <attribute name="heapSize specified" value="0" />
  <attribute name="Current GC Util" value="77" />
  <attribute name= "Current Time Running" value="20359" />
  <attribute name ="GC Interval" value="0" />
  <attribute name="ProportionalT" value="85.500000" />
  <attribute name="ProportionalI" value="85.500000" />
  <attribute name="ProportionalH" value="85.500000" />
  <attribute name="Current Error" value="57.000000" />
  <attribute name="IntegralT" value="0.000000" />
  <attribute name="IntegralI" value="0.000000" />
  <attribute name="IntegralH" value="0.000000" />
  <attribute name="DerivativeT" value="inf" />
  <attribute name="DerivativeI" value="inf" />
  <attribute name="DerivativeH" value="inf" />
  <attribute name="Loop Time for DT" value="0.000000" />
  <attribute name="Output H" value="8388608"/>
  <attribute name="Output I" value="200"/>
  <attribute name="Output T" value="1"/>
  <attribute name="Target GC Util Change" value ="20.000000" />
  <attribute name="Current GC Util Change" value="77.000000"/>
  <attribute name="GC Util currently" value="77" />
  <attribute name="CPU Util currently" value="19975682615450" />
<exclusive-end id="3318" timestamp="2019-06-16T00:38:01.311" durationms="3.229" />

<exclusive-start id="3319" timestamp="2019-06-16T00:38:01.314" intervalms="6.584">
  <response-info timems="0.073" idlems="0.073" threads="0" lastid="0000000001AE6700" lastname="main" />
</exclusive-start>
<allocation-taxation id="3320" taxation-threshold="10485760" timestamp="2019-06-16T00:38:01.314" intervalms="6.608" />
<gc-start id="3321" type="global mark phase" contextid="3198" timestamp="2019-06-16T00:38:01.315">
  <mem-info id="3322" free="26214400" total="59768832" percent="43">
    <remembered-set count="59680" freebytes="2147072" totalbytes="2385792" percent="89" regionsoverflowed="0" regionsstable="0" regionsrebuilding="6"/>
  </mem-info>
</gc-start>
<gc-end id="3323" type="global mark phase" contextid="3198" durationms="0.075" usertimems="0.000" systemtimems="0.000" timestamp="2019-06-16T00:38:01.315" activeThreads="1">
  <mem-info id="3324" free="26214400" total="59768832" percent="43">
    <remembered-set count="59680" freebytes="2147072" totalbytes="2385792" percent="89" regionsoverflowed="0" regionsstable="0" regionsrebuilding="6"/>
  </mem-info>
</gc-end>
<concurrent-start id="3325" type="GMP work packet processing" contextid="3198" timestamp="2019-06-16T00:38:01.315">
  <concurrent-mark-start scanTarget="1048576" />
</concurrent-start>
<exclusive-end id="3326" timestamp="2019-06-16T00:38:01.315" durationms="0.729" />

<concurrent-end id="3327" type="GMP work packet processing" contextid="3198" timestamp="2019-06-16T00:38:01.318">
  <concurrent-mark-end bytesScanned="1110440" reasonForTermination="Work target met" />
</concurrent-end>

<exclusive-start id="3328" timestamp="2019-06-16T00:38:01.326" intervalms="11.914">
  <response-info timems="0.070" idlems="0.070" threads="0" lastid="0000000001AE6700" lastname="main" />
</exclusive-start>
<allocation-taxation id="3329" taxation-threshold="10485760" timestamp="2019-06-16T00:38:01.326" intervalms="11.851" />
<cycle-start id="3330" type="partial gc" contextid="0" timestamp="2019-06-16T00:38:01.326" intervalms="18.426" />
<gc-start id="3331" type="partial gc" contextid="3330" timestamp="2019-06-16T00:38:01.327">
  <mem-info id="3332" free="15728640" total="59768832" percent="26">
    <mem type="eden" free="1048552" total="22020096" percent="4" />
    <remembered-set count="61504" freebytes="2139776" totalbytes="2385792" percent="89" regionsoverflowed="0" regionsstable="0" regionsrebuilding="6"/>
  </mem-info>
</gc-start>
<allocation-stats totalBytes="20887312" >
  <allocated-bytes non-tlh="0" tlh="20887312" arrayletleaf="0"/>
  <largest-consumer threadName="main" threadId="0000000001AE6700" bytes="10438360" />
</allocation-stats>
<gc-op id="3333" type="copy forward" timems="1.829" contextid="3330" timestamp="2019-06-16T00:38:01.329">
  <memory-copied type="eden" objects="26" bytes="1896" bytesdiscarded="384" />
  <memory-copied type="other" objects="0" bytes="0" bytesdiscarded="0" />
  <memory-cardclean objects="91" bytes="2824" />
  <regions eden="20" other="1" />
  <remembered-set-cleared processed="59104" cleared="26" durationms="0.233" />
  <stringconstants candidates="13269" cleared="0"  />
</gc-op>
<gc-op id="3334" type="classunload" timems="0.004" contextid="3330" timestamp="2019-06-16T00:38:01.329">
  <classunload-info classloadercandidates="53" classloadersunloaded="0" classesunloaded="0" anonymousclassesunloaded="0" quiescems="0.000" setupms="0.004" scanms="0.000" postms="0.000" />
</gc-op>
<gc-end id="3335" type="partial gc" contextid="3330" durationms="2.601" usertimems="4.000" systemtimems="0.000" timestamp="2019-06-16T00:38:01.329" activeThreads="4">
  <mem-info id="3336" free="36700160" total="59768832" percent="61">
    <mem type="eden" free="1046296" total="1048576" percent="99" />
    <remembered-set count="61280" freebytes="2140672" totalbytes="2385792" percent="89" regionsoverflowed="0" regionsstable="0" regionsrebuilding="6"/>
  </mem-info>
</gc-end>
<cycle-end id="3337" type="partial gc" contextid="3330" timestamp="2019-06-16T00:38:01.329" />
  <attribute name="elasticGC enabled" value="1" />
  <attribute name= "numThreadsSpecified" value="4" />
  <attribute name="heapSize specified" value="0" />
  <attribute name="Current GC Util" value="67" />
  <attribute name= "Current Time Running" value="20378" />
  <attribute name ="GC Interval" value="0" />
  <attribute name="ProportionalT" value="70.500000" />
  <attribute name="ProportionalI" value="70.500000" />
  <attribute name="ProportionalH" value="70.500000" />
  <attribute name="Current Error" value="47.000000" />
  <attribute name="IntegralT" value="47.000000" />
  <attribute name="IntegralI" value="47.000000" />
  <attribute name="IntegralH" value="47.000000" />
  <attribute name="DerivativeT" value="23.500000" />
  <attribute name="DerivativeI" value="23.500000" />
  <attribute name="DerivativeH" value="23.500000" />
  <attribute name="Loop Time for DT" value="1.000000" />
  <attribute name="Output H" value="8388608"/>
  <attribute name="Output I" value="200"/>
  <attribute name="Output T" value="4"/>
  <attribute name="Target GC Util Change" value ="20.000000" />
  <attribute name="Current GC Util Change" value="67.000000"/>
  <attribute name="GC Util currently" value="67" />
  <attribute name="CPU Util currently" value="21525090045206" />
<exclusive-end id="3338" timestamp="2019-06-16T00:38:01.329" durationms="3.257" />

<exclusive-start id="3339" timestamp="2019-06-16T00:38:01.333" intervalms="6.574">
  <response-info timems="0.075" idlems="0.075" threads="0" lastid="0000000001AE6700" lastname="main" />
</exclusive-start>
<allocation-taxation id="3340" taxation-threshold="10485760" timestamp="2019-06-16T00:38:01.333" intervalms="6.633" />
<gc-start id="3341" type="global mark phase" contextid="3198" timestamp="2019-06-16T00:38:01.333">
  <mem-info id="3342" free="26214400" total="59768832" percent="43">
    <remembered-set count="60800" freebytes="2142592" totalbytes="2385792" percent="89" regionsoverflowed="0" regionsstable="0" regionsrebuilding="6"/>
  </mem-info>
</gc-start>
<gc-end id="3343" type="global mark phase" contextid="3198" durationms="0.121" usertimems="0.000" systemtimems="0.000" timestamp="2019-06-16T00:38:01.333" activeThreads="4">
  <mem-info id="3344" free="26214400" total="59768832" percent="43">
    <remembered-set count="60800" freebytes="2142592" totalbytes="2385792" percent="89" regionsoverflowed="0" regionsstable="0" regionsrebuilding="6"/>
  </mem-info>
</gc-end>
<concurrent-start id="3345" type="GMP work packet processing" contextid="3198" timestamp="2019-06-16T00:38:01.333">
  <concurrent-mark-start scanTarget="1287115" />
</concurrent-start>
<exclusive-end id="3346" timestamp="2019-06-16T00:38:01.333" durationms="0.677" />

<concurrent-end id="3347" type="GMP work packet processing" contextid="3198" timestamp="2019-06-16T00:38:01.334">
  <concurrent-mark-end bytesScanned="1319304" reasonForTermination="Work target met" />
</concurrent-end>

<exclusive-start id="3348" timestamp="2019-06-16T00:38:01.337" intervalms="4.601">
  <response-info timems="0.073" idlems="0.073" threads="0" lastid="0000000001AE6700" lastname="main" />
</exclusive-start>
<allocation-taxation id="3349" taxation-threshold="10485760" timestamp="2019-06-16T00:38:01.337" intervalms="4.536" />
<cycle-start id="3350" type="partial gc" contextid="0" timestamp="2019-06-16T00:38:01.338" intervalms="11.201" />
<gc-start id="3351" type="partial gc" contextid="3350" timestamp="2019-06-16T00:38:01.338">
  <mem-info id="3352" free="15728640" total="59768832" percent="26">
    <mem type="eden" free="0" total="20971520" percent="0" />
    <remembered-set count="61536" freebytes="2139648" totalbytes="2385792" percent="89" regionsoverflowed="0" regionsstable="0" regionsrebuilding="6"/>
  </mem-info>
</gc-start>
<allocation-stats totalBytes="20832000" >
  <allocated-bytes non-tlh="0" tlh="20832000" arrayletleaf="0"/>
  <largest-consumer threadName="main" threadId="0000000001AE6700" bytes="10416000" />
</allocation-stats>
<gc-op id="3353" type="copy forward" timems="1.324" contextid="3350" timestamp="2019-06-16T00:38:01.340">
  <memory-copied type="eden" objects="0" bytes="0" bytesdiscarded="0" />
  <memory-copied type="other" objects="26" bytes="1896" bytesdiscarded="0" />
  <memory-cardclean objects="73" bytes="2520" />
  <regions eden="20" other="1" />
  <remembered-set-cleared processed="59559" cleared="35" durationms="0.415" />
  <stringconstants candidates="13269" cleared="0"  />
</gc-op>
<gc-op id="3354" type="classunload" timems="0.003" contextid="3350" timestamp="2019-06-16T00:38:01.340">
  <classunload-info classloadercandidates="53" classloadersunloaded="0" classesunloaded="0" anonymousclassesunloaded="0" quiescems="0.000" setupms="0.003" scanms="0.000" postms="0.000" />
</gc-op>
<gc-end id="3355" type="partial gc" contextid="3350" durationms="2.329" usertimems="4.000" systemtimems="0.000" timestamp="2019-06-16T00:38:01.340" activeThreads="1">
  <mem-info id="3356" free="36700160" total="59768832" percent="61">
    <remembered-set count="61952" freebytes="2137984" totalbytes="2385792" percent="89" regionsoverflowed="0" regionsstable="0" regionsrebuilding="6"/>
  </mem-info>
</gc-end>
<cycle-end id="3357" type="partial gc" contextid="3350" timestamp="2019-06-16T00:38:01.340" />
  <attribute name="elasticGC enabled" value="1" />
  <attribute name= "numThreadsSpecified" value="1" />
  <attribute name="heapSize specified" value="0" />
  <attribute name="Current GC Util" value="72" />
  <attribute name= "Current Time Running" value="20389" />
  <attribute name ="GC Interval" value="0" />
  <attribute name="ProportionalT" value="78.000000" />
  <attribute name="ProportionalI" value="78.000000" />
  <attribute name="ProportionalH" value="78.000000" />
  <attribute name="Current Error" value="52.000000" />
  <attribute name="IntegralT" value="0.000000" />
  <attribute name="IntegralI" value="0.000000" />
  <attribute name="IntegralH" value="0.000000" />
  <attribute name="DerivativeT" value="inf" />
  <attribute name="DerivativeI" value="inf" />
  <attribute name="DerivativeH" value="inf" />
  <attribute name="Loop Time for DT" value="0.000000" />
  <attribute name="Output H" value="8388608"/>
  <attribute name="Output I" value="200"/>
  <attribute name="Output T" value="1"/>
  <attribute name="Target GC Util Change" value ="20.000000" />
  <attribute name="Current GC Util Change" value="72.000000"/>
  <attribute name="GC Util currently" value="72" />
  <attribute name="CPU Util currently" value="19333939691636" />
<exclusive-end id="3358" timestamp="2019-06-16T00:38:01.341" durationms="3.170" />

<exclusive-start id="3359" timestamp="2019-06-16T00:38:01.344" intervalms="6.563">
  <response-info timems="0.076" idlems="0.076" threads="0" lastid="0000000001AE6700" lastname="main" />
</exclusive-start>
<allocation-taxation id="3360" taxation-threshold="10485760" timestamp="2019-06-16T00:38:01.344" intervalms="6.613" />
<gc-start id="3361" type="global mark phase" contextid="3198" timestamp="2019-06-16T00:38:01.344">
  <mem-info id="3362" free="26214400" total="59768832" percent="43">
    <remembered-set count="61472" freebytes="2139904" totalbytes="2385792" percent="89" regionsoverflowed="0" regionsstable="0" regionsrebuilding="6"/>
  </mem-info>
</gc-start>
<gc-end id="3363" type="global mark phase" contextid="3198" durationms="0.115" usertimems="0.000" systemtimems="0.000" timestamp="2019-06-16T00:38:01.344" activeThreads="1">
  <mem-info id="3364" free="26214400" total="59768832" percent="43">
    <remembered-set count="61472" freebytes="2139904" totalbytes="2385792" percent="89" regionsoverflowed="0" regionsstable="0" regionsrebuilding="6"/>
  </mem-info>
</gc-end>
<concurrent-start id="3365" type="GMP work packet processing" contextid="3198" timestamp="2019-06-16T00:38:01.344">
  <concurrent-mark-start scanTarget="1048576" />
</concurrent-start>
<exclusive-end id="3366" timestamp="2019-06-16T00:38:01.345" durationms="0.622" />

<concurrent-end id="3367" type="GMP work packet processing" contextid="3198" timestamp="2019-06-16T00:38:01.345">
  <concurrent-mark-end bytesScanned="1104692" reasonForTermination="Work target met" />
</concurrent-end>

<exclusive-start id="3368" timestamp="2019-06-16T00:38:01.348" intervalms="4.391">
  <response-info timems="0.073" idlems="0.073" threads="0" lastid="0000000001AE6700" lastname="main" />
</exclusive-start>
<allocation-taxation id="3369" taxation-threshold="10485760" timestamp="2019-06-16T00:38:01.348" intervalms="4.345" />
<cycle-start id="3370" type="partial gc" contextid="0" timestamp="2019-06-16T00:38:01.349" intervalms="10.969" />
<gc-start id="3371" type="partial gc" contextid="3370" timestamp="2019-06-16T00:38:01.349">
  <mem-info id="3372" free="15728640" total="59768832" percent="26">
    <mem type="eden" free="0" total="20971520" percent="0" />
    <remembered-set count="62176" freebytes="2137088" totalbytes="2385792" percent="89" regionsoverflowed="0" regionsstable="0" regionsrebuilding="6"/>
  </mem-info>
</gc-start>
<allocation-stats totalBytes="20832000" >
  <allocated-bytes non-tlh="0" tlh="20832000" arrayletleaf="0"/>
  <largest-consumer threadName="main" threadId="0000000001AE6700" bytes="10416000" />
</allocation-stats>
<gc-op id="3373" type="copy forward" timems="1.349" contextid="3370" timestamp="2019-06-16T00:38:01.351">
  <memory-copied type="eden" objects="0" bytes="0" bytesdiscarded="0" />
  <memory-copied type="other" objects="0" bytes="0" bytesdiscarded="0" />
  <memory-cardclean objects="10" bytes="424" />
  <regions eden="20" other="0" />
  <remembered-set-cleared processed="60216" cleared="6" durationms="0.395" />
  <stringconstants candidates="13269" cleared="0"  />
</gc-op>
<gc-op id="3374" type="classunload" timems="0.004" contextid="3370" timestamp="2019-06-16T00:38:01.351">
  <classunload-info classloadercandidates="53" classloadersunloaded="0" classesunloaded="0" anonymousclassesunloaded="0" quiescems="0.000" setupms="0.004" scanms="0.000" postms="0.000" />
</gc-op>
<gc-end id="3375" type="partial gc" contextid="3370" durationms="2.450" usertimems="4.000" systemtimems="0.000" timestamp="2019-06-16T00:38:01.351" activeThreads="1">
  <mem-info id="3376" free="36700160" total="59768832" percent="61">
    <remembered-set count="62656" freebytes="2135168" totalbytes="2385792" percent="89" regionsoverflowed="0" regionsstable="0" regionsrebuilding="6"/>
  </mem-info>
</gc-end>
<cycle-end id="3377" type="partial gc" contextid="3370" timestamp="2019-06-16T00:38:01.351" />
  <attribute name="elasticGC enabled" value="1" />
  <attribute name= "numThreadsSpecified" value="1" />
  <attribute name="heapSize specified" value="0" />
  <attribute name="Current GC Util" value="72" />
  <attribute name= "Current Time Running" value="20400" />
  <attribute name ="GC Interval" value="0" />
  <attribute name="ProportionalT" value="78.000000" />
  <attribute name="ProportionalI" value="78.000000" />
  <attribute name="ProportionalH" value="78.000000" />
  <attribute name="Current Error" value="52.000000" />
  <attribute name="IntegralT" value="0.000000" />
  <attribute name="IntegralI" value="0.000000" />
  <attribute name="IntegralH" value="0.000000" />
  <attribute name="DerivativeT" value="inf" />
  <attribute name="DerivativeI" value="inf" />
  <attribute name="DerivativeH" value="inf" />
  <attribute name="Loop Time for DT" value="0.000000" />
  <attribute name="Output H" value="8388608"/>
  <attribute name="Output I" value="200"/>
  <attribute name="Output T" value="1"/>
  <attribute name="Target GC Util Change" value ="20.000000" />
  <attribute name="Current GC Util Change" value="72.000000"/>
  <attribute name="GC Util currently" value="72" />
  <attribute name="CPU Util currently" value="19174691868794" />
<exclusive-end id="3378" timestamp="2019-06-16T00:38:01.352" durationms="3.293" />

<exclusive-start id="3379" timestamp="2019-06-16T00:38:01.355" intervalms="6.603">
  <response-info timems="0.064" idlems="0.064" threads="0" lastid="0000000001AE6700" lastname="main" />
</exclusive-start>
<allocation-taxation id="3380" taxation-threshold="10485760" timestamp="2019-06-16T00:38:01.355" intervalms="6.561" />
<gc-start id="3381" type="global mark phase" contextid="3198" timestamp="2019-06-16T00:38:01.355">
  <mem-info id="3382" free="26214400" total="59768832" percent="43">
    <remembered-set count="62176" freebytes="2137088" totalbytes="2385792" percent="89" regionsoverflowed="0" regionsstable="0" regionsrebuilding="6"/>
  </mem-info>
</gc-start>
<gc-end id="3383" type="global mark phase" contextid="3198" durationms="0.115" usertimems="0.000" systemtimems="0.000" timestamp="2019-06-16T00:38:01.355" activeThreads="1">
  <mem-info id="3384" free="26214400" total="59768832" percent="43">
    <remembered-set count="62176" freebytes="2137088" totalbytes="2385792" percent="89" regionsoverflowed="0" regionsstable="0" regionsrebuilding="6"/>
  </mem-info>
</gc-end>
<concurrent-start id="3385" type="GMP work packet processing" contextid="3198" timestamp="2019-06-16T00:38:01.355">
  <concurrent-mark-start scanTarget="1048576" />
</concurrent-start>
<exclusive-end id="3386" timestamp="2019-06-16T00:38:01.355" durationms="0.461" />

<concurrent-end id="3387" type="GMP work packet processing" contextid="3198" timestamp="2019-06-16T00:38:01.356">
  <concurrent-mark-end bytesScanned="1089848" reasonForTermination="Work target met" />
</concurrent-end>

<exclusive-start id="3388" timestamp="2019-06-16T00:38:01.359" intervalms="4.286">
  <response-info timems="0.060" idlems="0.060" threads="0" lastid="0000000001AE6700" lastname="main" />
</exclusive-start>
<allocation-taxation id="3389" taxation-threshold="10485760" timestamp="2019-06-16T00:38:01.359" intervalms="4.373" />
<cycle-start id="3390" type="partial gc" contextid="0" timestamp="2019-06-16T00:38:01.360" intervalms="10.971" />
<gc-start id="3391" type="partial gc" contextid="3390" timestamp="2019-06-16T00:38:01.360">
  <mem-info id="3392" free="15728640" total="59768832" percent="26">
    <mem type="eden" free="0" total="20971520" percent="0" />
    <remembered-set count="63616" freebytes="2131328" totalbytes="2385792" percent="89" regionsoverflowed="0" regionsstable="0" regionsrebuilding="6"/>
  </mem-info>
</gc-start>
<allocation-stats totalBytes="20836080" >
  <allocated-bytes non-tlh="0" tlh="20836080" arrayletleaf="0"/>
  <largest-consumer threadName="main" threadId="0000000001AE6700" bytes="10420032" />
</allocation-stats>
<gc-op id="3393" type="copy forward" timems="1.285" contextid="3390" timestamp="2019-06-16T00:38:01.362">
  <memory-copied type="eden" objects="1" bytes="24" bytesdiscarded="0" />
  <memory-copied type="other" objects="0" bytes="0" bytesdiscarded="0" />
  <memory-cardclean objects="10" bytes="424" />
  <regions eden="20" other="0" />
  <remembered-set-cleared processed="61669" cleared="5" durationms="0.392" />
  <stringconstants candidates="13269" cleared="0"  />
</gc-op>
<gc-op id="3394" type="classunload" timems="0.004" contextid="3390" timestamp="2019-06-16T00:38:01.362">
  <classunload-info classloadercandidates="53" classloadersunloaded="0" classesunloaded="0" anonymousclassesunloaded="0" quiescems="0.000" setupms="0.004" scanms="0.000" postms="0.000" />
</gc-op>
<heap-resize id="3395" type="expand" space="default" amount="1048576" count="1" timems="0.048" reason="excessive time being spent in gc" timestamp="2019-06-16T00:38:01.362" />
<gc-end id="3396" type="partial gc" contextid="3390" durationms="2.238" usertimems="0.000" systemtimems="0.000" timestamp="2019-06-16T00:38:01.362" activeThreads="1">
  <mem-info id="3397" free="36700160" total="60817408" percent="60">
    <mem type="eden" free="1048552" total="1048576" percent="99" />
    <remembered-set count="64128" freebytes="2171136" totalbytes="2427648" percent="89" regionsoverflowed="0" regionsstable="0" regionsrebuilding="6"/>
  </mem-info>
</gc-end>
<cycle-end id="3398" type="partial gc" contextid="3390" timestamp="2019-06-16T00:38:01.362" />
  <attribute name="elasticGC enabled" value="1" />
  <attribute name= "numThreadsSpecified" value="1" />
  <attribute name="heapSize specified" value="0" />
  <attribute name="Current GC Util" value="66" />
  <attribute name= "Current Time Running" value="20411" />
  <attribute name ="GC Interval" value="0" />
  <attribute name="ProportionalT" value="69.000000" />
  <attribute name="ProportionalI" value="69.000000" />
  <attribute name="ProportionalH" value="69.000000" />
  <attribute name="Current Error" value="46.000000" />
  <attribute name="IntegralT" value="0.000000" />
  <attribute name="IntegralI" value="0.000000" />
  <attribute name="IntegralH" value="0.000000" />
  <attribute name="DerivativeT" value="inf" />
  <attribute name="DerivativeI" value="inf" />
  <attribute name="DerivativeH" value="inf" />
  <attribute name="Loop Time for DT" value="0.000000" />
  <attribute name="Output H" value="8388608"/>
  <attribute name="Output I" value="200"/>
  <attribute name="Output T" value="1"/>
  <attribute name="Target GC Util Change" value ="20.000000" />
  <attribute name="Current GC Util Change" value="66.000000"/>
  <attribute name="GC Util currently" value="66" />
  <attribute name="CPU Util currently" value="22591021596039" />
<exclusive-end id="3399" timestamp="2019-06-16T00:38:01.362" durationms="3.092" />

<exclusive-start id="3400" timestamp="2019-06-16T00:38:01.366" intervalms="6.497">
  <response-info timems="0.075" idlems="0.075" threads="0" lastid="0000000001AE6700" lastname="main" />
</exclusive-start>
<allocation-taxation id="3401" taxation-threshold="10485760" timestamp="2019-06-16T00:38:01.366" intervalms="6.521" />
<gc-start id="3402" type="global mark phase" contextid="3198" timestamp="2019-06-16T00:38:01.366">
  <mem-info id="3403" free="26214400" total="60817408" percent="43">
    <remembered-set count="63648" freebytes="2173056" totalbytes="2427648" percent="89" regionsoverflowed="0" regionsstable="0" regionsrebuilding="6"/>
  </mem-info>
</gc-start>
<gc-end id="3404" type="global mark phase" contextid="3198" durationms="0.143" usertimems="0.000" systemtimems="0.000" timestamp="2019-06-16T00:38:01.366" activeThreads="1">
  <mem-info id="3405" free="26214400" total="60817408" percent="43">
    <remembered-set count="63648" freebytes="2173056" totalbytes="2427648" percent="89" regionsoverflowed="0" regionsstable="0" regionsrebuilding="6"/>
  </mem-info>
</gc-end>
<concurrent-start id="3406" type="GMP work packet processing" contextid="3198" timestamp="2019-06-16T00:38:01.366">
  <concurrent-mark-start scanTarget="1048576" />
</concurrent-start>
<exclusive-end id="3407" timestamp="2019-06-16T00:38:01.366" durationms="0.752" />

<concurrent-end id="3408" type="GMP work packet processing" contextid="3198" timestamp="2019-06-16T00:38:01.367">
  <concurrent-mark-end bytesScanned="1083988" reasonForTermination="Work target met" />
</concurrent-end>

<exclusive-start id="3409" timestamp="2019-06-16T00:38:01.370" intervalms="4.430">
  <response-info timems="0.024" idlems="0.024" threads="0" lastid="0000000001AE6700" lastname="main" />
</exclusive-start>
<allocation-taxation id="3410" taxation-threshold="10485760" timestamp="2019-06-16T00:38:01.370" intervalms="4.326" />
<cycle-start id="3411" type="partial gc" contextid="0" timestamp="2019-06-16T00:38:01.370" intervalms="10.766" />
<gc-start id="3412" type="partial gc" contextid="3411" timestamp="2019-06-16T00:38:01.371">
  <mem-info id="3413" free="15728640" total="60817408" percent="25">
    <mem type="eden" free="1048552" total="22020096" percent="4" />
    <remembered-set count="64224" freebytes="2170752" totalbytes="2427648" percent="89" regionsoverflowed="0" regionsstable="0" regionsrebuilding="6"/>
  </mem-info>
</gc-start>
<allocation-stats totalBytes="20840064" >
  <allocated-bytes non-tlh="0" tlh="20840064" arrayletleaf="0"/>
  <largest-consumer threadName="main" threadId="0000000001AE6700" bytes="10420032" />
</allocation-stats>
<gc-op id="3414" type="copy forward" timems="1.497" contextid="3411" timestamp="2019-06-16T00:38:01.373">
  <memory-copied type="eden" objects="1" bytes="24" bytesdiscarded="0" />
  <memory-copied type="other" objects="0" bytes="0" bytesdiscarded="0" />
  <memory-cardclean objects="10" bytes="424" />
  <regions eden="20" other="1" />
  <remembered-set-cleared processed="62681" cleared="6" durationms="0.221" />
  <stringconstants candidates="13269" cleared="0"  />
</gc-op>
<gc-op id="3415" type="classunload" timems="0.003" contextid="3411" timestamp="2019-06-16T00:38:01.373">
  <classunload-info classloadercandidates="53" classloadersunloaded="0" classesunloaded="0" anonymousclassesunloaded="0" quiescems="0.000" setupms="0.003" scanms="0.000" postms="0.000" />
</gc-op>
<gc-end id="3416" type="partial gc" contextid="3411" durationms="2.275" usertimems="4.000" systemtimems="0.000" timestamp="2019-06-16T00:38:01.373" activeThreads="4">
  <mem-info id="3417" free="36700160" total="60817408" percent="60">
    <mem type="eden" free="1048552" total="1048576" percent="99" />
    <remembered-set count="64320" freebytes="2170368" totalbytes="2427648" percent="89" regionsoverflowed="0" regionsstable="0" regionsrebuilding="6"/>
  </mem-info>
</gc-end>
<cycle-end id="3418" type="partial gc" contextid="3411" timestamp="2019-06-16T00:38:01.373" />
  <attribute name="elasticGC enabled" value="1" />
  <attribute name= "numThreadsSpecified" value="4" />
  <attribute name="heapSize specified" value="0" />
  <attribute name="Current GC Util" value="61" />
  <attribute name= "Current Time Running" value="20422" />
  <attribute name ="GC Interval" value="0" />
  <attribute name="ProportionalT" value="61.500000" />
  <attribute name="ProportionalI" value="61.500000" />
  <attribute name="ProportionalH" value="61.500000" />
  <attribute name="Current Error" value="41.000000" />
  <attribute name="IntegralT" value="41.000000" />
  <attribute name="IntegralI" value="41.000000" />
  <attribute name="IntegralH" value="41.000000" />
  <attribute name="DerivativeT" value="15.000000" />
  <attribute name="DerivativeI" value="15.000000" />
  <attribute name="DerivativeH" value="15.000000" />
  <attribute name="Loop Time for DT" value="1.000000" />
  <attribute name="Output H" value="8388608"/>
  <attribute name="Output I" value="200"/>
  <attribute name="Output T" value="4"/>
  <attribute name="Target GC Util Change" value ="20.000000" />
  <attribute name="Current GC Util Change" value="61.000000"/>
  <attribute name="GC Util currently" value="61" />
  <attribute name="CPU Util currently" value="23133381990047" />
<exclusive-end id="3419" timestamp="2019-06-16T00:38:01.373" durationms="2.912" />

<exclusive-start id="3420" timestamp="2019-06-16T00:38:01.377" intervalms="6.387">
  <response-info timems="0.068" idlems="0.068" threads="0" lastid="0000000001AE6700" lastname="main" />
</exclusive-start>
<allocation-taxation id="3421" taxation-threshold="10485760" timestamp="2019-06-16T00:38:01.377" intervalms="6.515" />
<gc-start id="3422" type="global mark phase" contextid="3198" timestamp="2019-06-16T00:38:01.377">
  <mem-info id="3423" free="26214400" total="60817408" percent="43">
    <remembered-set count="63840" freebytes="2172288" totalbytes="2427648" percent="89" regionsoverflowed="0" regionsstable="0" regionsrebuilding="6"/>
  </mem-info>
</gc-start>
<gc-end id="3424" type="global mark phase" contextid="3198" durationms="0.147" usertimems="0.000" systemtimems="0.000" timestamp="2019-06-16T00:38:01.377" activeThreads="4">
  <mem-info id="3425" free="26214400" total="60817408" percent="43">
    <remembered-set count="63840" freebytes="2172288" totalbytes="2427648" percent="89" regionsoverflowed="0" regionsstable="0" regionsrebuilding="6"/>
  </mem-info>
</gc-end>
<concurrent-start id="3426" type="GMP work packet processing" contextid="3198" timestamp="2019-06-16T00:38:01.377">
  <concurrent-mark-start scanTarget="1287115" />
</concurrent-start>
<exclusive-end id="3427" timestamp="2019-06-16T00:38:01.377" durationms="0.792" />

<concurrent-end id="3428" type="GMP work packet processing" contextid="3198" timestamp="2019-06-16T00:38:01.378">
  <concurrent-mark-end bytesScanned="596288" reasonForTermination="Completed all work in GC phase" />
</concurrent-end>

<exclusive-start id="3429" timestamp="2019-06-16T00:38:01.381" intervalms="4.350">
  <response-info timems="0.074" idlems="0.074" threads="0" lastid="0000000001AE6700" lastname="main" />
</exclusive-start>
<allocation-taxation id="3430" taxation-threshold="10485760" timestamp="2019-06-16T00:38:01.381" intervalms="4.324" />
<cycle-start id="3431" type="partial gc" contextid="0" timestamp="2019-06-16T00:38:01.381" intervalms="10.985" />
<gc-start id="3432" type="partial gc" contextid="3431" timestamp="2019-06-16T00:38:01.382">
  <mem-info id="3433" free="15728640" total="60817408" percent="25">
    <mem type="eden" free="1048552" total="22020096" percent="4" />
    <remembered-set count="65536" freebytes="2165504" totalbytes="2427648" percent="89" regionsoverflowed="0" regionsstable="0" regionsrebuilding="6"/>
  </mem-info>
</gc-start>
<allocation-stats totalBytes="20840064" >
  <allocated-bytes non-tlh="0" tlh="20840064" arrayletleaf="0"/>
  <largest-consumer threadName="main" threadId="0000000001AE6700" bytes="10420032" />
</allocation-stats>
<gc-op id="3434" type="copy forward" timems="1.603" contextid="3431" timestamp="2019-06-16T00:38:01.384">
  <memory-copied type="eden" objects="1" bytes="24" bytesdiscarded="0" />
  <memory-copied type="other" objects="0" bytes="0" bytesdiscarded="0" />
  <memory-cardclean objects="10" bytes="424" />
  <regions eden="20" other="1" />
  <remembered-set-cleared processed="63226" cleared="6" durationms="0.258" />
  <stringconstants candidates="13269" cleared="0"  />
</gc-op>
<gc-op id="3435" type="classunload" timems="0.004" contextid="3431" timestamp="2019-06-16T00:38:01.384">
  <classunload-info classloadercandidates="53" classloadersunloaded="0" classesunloaded="0" anonymousclassesunloaded="0" quiescems="0.000" setupms="0.004" scanms="0.000" postms="0.000" />
</gc-op>
<gc-end id="3436" type="partial gc" contextid="3431" durationms="2.557" usertimems="0.000" systemtimems="4.000" timestamp="2019-06-16T00:38:01.384" activeThreads="4">
  <mem-info id="3437" free="36700160" total="60817408" percent="60">
    <mem type="eden" free="1048552" total="1048576" percent="99" />
    <remembered-set count="64832" freebytes="2168320" totalbytes="2427648" percent="89" regionsoverflowed="0" regionsstable="0" regionsrebuilding="6"/>
  </mem-info>
</gc-end>
<cycle-end id="3438" type="partial gc" contextid="3431" timestamp="2019-06-16T00:38:01.384" />
  <attribute name="elasticGC enabled" value="1" />
  <attribute name= "numThreadsSpecified" value="4" />
  <attribute name="heapSize specified" value="0" />
  <attribute name="Current GC Util" value="57" />
  <attribute name= "Current Time Running" value="20433" />
  <attribute name ="GC Interval" value="0" />
  <attribute name="ProportionalT" value="55.500000" />
  <attribute name="ProportionalI" value="55.500000" />
  <attribute name="ProportionalH" value="55.500000" />
  <attribute name="Current Error" value="37.000000" />
  <attribute name="IntegralT" value="37.000000" />
  <attribute name="IntegralI" value="37.000000" />
  <attribute name="IntegralH" value="37.000000" />
  <attribute name="DerivativeT" value="18.500000" />
  <attribute name="DerivativeI" value="18.500000" />
  <attribute name="DerivativeH" value="18.500000" />
  <attribute name="Loop Time for DT" value="1.000000" />
  <attribute name="Output H" value="8388608"/>
  <attribute name="Output I" value="200"/>
  <attribute name="Output T" value="4"/>
  <attribute name="Target GC Util Change" value ="20.000000" />
  <attribute name="Current GC Util Change" value="57.000000"/>
  <attribute name="GC Util currently" value="57" />
  <attribute name="CPU Util currently" value="19855875648473" />
<exclusive-end id="3439" timestamp="2019-06-16T00:38:01.384" durationms="3.538" />

<exclusive-start id="3440" timestamp="2019-06-16T00:38:01.388" intervalms="6.914">
  <response-info timems="0.074" idlems="0.074" threads="0" lastid="0000000001AE6700" lastname="main" />
</exclusive-start>
<allocation-taxation id="3441" taxation-threshold="10485760" timestamp="2019-06-16T00:38:01.388" intervalms="6.949" />
<gc-start id="3442" type="global mark phase" contextid="3198" timestamp="2019-06-16T00:38:01.388">
  <mem-info id="3443" free="26214400" total="60817408" percent="43">
    <remembered-set count="64352" freebytes="2170240" totalbytes="2427648" percent="89" regionsoverflowed="0" regionsstable="0" regionsrebuilding="6"/>
  </mem-info>
</gc-start>
<gc-op id="3444" type="mark increment" timems="4.079" contextid="3198" timestamp="2019-06-16T00:38:01.392">
  <trace-info objectcount="27" scancount="25" scanbytes="344796" />
  <cardclean-info objects="269866" bytes="6587632" />
  <finalization candidates="80" enqueued="0" />
  <ownableSynchronizers candidates="21" cleared="0" />
  <references type="soft" candidates="1865" cleared="0" enqueued="0" dynamicThreshold="19" maxThreshold="32" />
  <references type="weak" candidates="5726" cleared="0" enqueued="0" />
  <references type="phantom" candidates="101" cleared="0" enqueued="0" />
  <stringconstants candidates="13269" cleared="0"  />
</gc-op>
<gc-op id="3445" type="classunload" timems="0.004" contextid="3198" timestamp="2019-06-16T00:38:01.393">
  <classunload-info classloadercandidates="53" classloadersunloaded="0" classesunloaded="0" anonymousclassesunloaded="0" quiescems="0.000" setupms="0.004" scanms="0.000" postms="0.000" />
</gc-op>
<gc-end id="3446" type="global mark phase" contextid="3198" durationms="4.404" usertimems="12.000" systemtimems="0.000" timestamp="2019-06-16T00:38:01.393" activeThreads="4">
  <mem-info id="3447" free="26214400" total="60817408" percent="43">
    <remembered-set count="66400" freebytes="2162048" totalbytes="2427648" percent="89" regionsoverflowed="0" regionsstable="0" regionsrebuilding="0"/>
  </mem-info>
</gc-end>
<cycle-end id="3448" type="global mark phase" contextid="3198" timestamp="2019-06-16T00:38:01.393" />
  <attribute name="elasticGC enabled" value="1" />
  <attribute name= "numThreadsSpecified" value="4" />
  <attribute name="heapSize specified" value="0" />
  <attribute name="Current GC Util" value="106" />
  <attribute name= "Current Time Running" value="20442" />
  <attribute name ="GC Interval" value="0" />
  <attribute name="ProportionalT" value="129.000000" />
  <attribute name="ProportionalI" value="129.000000" />
  <attribute name="ProportionalH" value="129.000000" />
  <attribute name="Current Error" value="86.000000" />
  <attribute name="IntegralT" value="0.000000" />
  <attribute name="IntegralI" value="0.000000" />
  <attribute name="IntegralH" value="0.000000" />
  <attribute name="DerivativeT" value="-inf" />
  <attribute name="DerivativeI" value="-inf" />
  <attribute name="DerivativeH" value="-inf" />
  <attribute name="Loop Time for DT" value="0.000000" />
  <attribute name="Output H" value="2091843584"/>
  <attribute name="Output I" value="200"/>
  <attribute name="Output T" value="4"/>
  <attribute name="Target GC Util Change" value ="20.000000" />
  <attribute name="Current GC Util Change" value="106.000000"/>
  <attribute name="GC Util currently" value="106" />
  <attribute name="CPU Util currently" value="12883963698005" />
<exclusive-end id="3449" timestamp="2019-06-16T00:38:01.393" durationms="5.062" />

<exclusive-start id="3450" timestamp="2019-06-16T00:38:01.396" intervalms="8.368">
  <response-info timems="0.073" idlems="0.073" threads="0" lastid="0000000001AE6700" lastname="main" />
</exclusive-start>
<allocation-taxation id="3451" taxation-threshold="10485760" timestamp="2019-06-16T00:38:01.396" intervalms="8.329" />
<cycle-start id="3452" type="partial gc" contextid="0" timestamp="2019-06-16T00:38:01.397" intervalms="15.225" />
<gc-start id="3453" type="partial gc" contextid="3452" timestamp="2019-06-16T00:38:01.397">
  <mem-info id="3454" free="15728640" total="60817408" percent="25">
    <mem type="eden" free="1048552" total="22020096" percent="4" />
    <remembered-set count="61408" freebytes="2182016" totalbytes="2427648" percent="89" regionsoverflowed="0" regionsstable="3" regionsrebuilding="0"/>
  </mem-info>
</gc-start>
<allocation-stats totalBytes="20840064" >
  <allocated-bytes non-tlh="0" tlh="20840064" arrayletleaf="0"/>
  <largest-consumer threadName="main" threadId="0000000001AE6700" bytes="10420032" />
</allocation-stats>
<gc-op id="3455" type="sweep" timems="0.718" contextid="3452" timestamp="2019-06-16T00:38:01.398" />
<gc-op id="3456" type="copy forward" timems="1.450" contextid="3452" timestamp="2019-06-16T00:38:01.400">
  <memory-copied type="eden" objects="1" bytes="24" bytesdiscarded="0" />
  <memory-copied type="other" objects="0" bytes="0" bytesdiscarded="0" />
  <memory-cardclean objects="10" bytes="424" />
  <regions eden="10" other="1" />
  <remembered-set-cleared processed="60171" cleared="8" durationms="0.215" />
  <stringconstants candidates="13269" cleared="0"  />
</gc-op>
<gc-op id="3457" type="classunload" timems="0.004" contextid="3452" timestamp="2019-06-16T00:38:01.400">
  <classunload-info classloadercandidates="53" classloadersunloaded="0" classesunloaded="0" anonymousclassesunloaded="0" quiescems="0.000" setupms="0.004" scanms="0.000" postms="0.000" />
</gc-op>
<gc-end id="3458" type="partial gc" contextid="3452" durationms="3.373" usertimems="4.000" systemtimems="0.000" timestamp="2019-06-16T00:38:01.400" activeThreads="4">
  <mem-info id="3459" free="36700160" total="60817408" percent="60">
    <mem type="eden" free="1048552" total="1048576" percent="99" />
    <remembered-set count="61600" freebytes="2181248" totalbytes="2427648" percent="89" regionsoverflowed="0" regionsstable="3" regionsrebuilding="0"/>
  </mem-info>
</gc-end>
<cycle-end id="3460" type="partial gc" contextid="3452" timestamp="2019-06-16T00:38:01.400" />
  <attribute name="elasticGC enabled" value="1" />
  <attribute name= "numThreadsSpecified" value="4" />
  <attribute name="heapSize specified" value="0" />
  <attribute name="Current GC Util" value="61" />
  <attribute name= "Current Time Running" value="20449" />
  <attribute name ="GC Interval" value="0" />
  <attribute name="ProportionalT" value="61.500000" />
  <attribute name="ProportionalI" value="61.500000" />
  <attribute name="ProportionalH" value="61.500000" />
  <attribute name="Current Error" value="41.000000" />
  <attribute name="IntegralT" value="0.000000" />
  <attribute name="IntegralI" value="0.000000" />
  <attribute name="IntegralH" value="0.000000" />
  <attribute name="DerivativeT" value="-inf" />
  <attribute name="DerivativeI" value="-inf" />
  <attribute name="DerivativeH" value="-inf" />
  <attribute name="Loop Time for DT" value="0.000000" />
  <attribute name="Output H" value="2091843584"/>
  <attribute name="Output I" value="200"/>
  <attribute name="Output T" value="4"/>
  <attribute name="Target GC Util Change" value ="20.000000" />
  <attribute name="Current GC Util Change" value="61.000000"/>
  <attribute name="GC Util currently" value="61" />
  <attribute name="CPU Util currently" value="21408180254720" />
<exclusive-end id="3461" timestamp="2019-06-16T00:38:01.400" durationms="4.219" />

<exclusive-start id="3462" timestamp="2019-06-16T00:38:01.407" intervalms="11.072">
  <response-info timems="0.074" idlems="0.074" threads="0" lastid="0000000001AE6700" lastname="main" />
</exclusive-start>
<allocation-taxation id="3463" taxation-threshold="22020096" timestamp="2019-06-16T00:38:01.407" intervalms="11.115" />
<cycle-start id="3464" type="partial gc" contextid="0" timestamp="2019-06-16T00:38:01.408" intervalms="11.113" />
<gc-start id="3465" type="partial gc" contextid="3464" timestamp="2019-06-16T00:38:01.408">
  <mem-info id="3466" free="14680064" total="60817408" percent="24">
    <mem type="eden" free="1048552" total="23068672" percent="4" />
    <remembered-set count="61120" freebytes="2183168" totalbytes="2427648" percent="89" regionsoverflowed="0" regionsstable="3" regionsrebuilding="0"/>
  </mem-info>
</gc-start>
<allocation-stats totalBytes="21882072" >
  <allocated-bytes non-tlh="0" tlh="21882072" arrayletleaf="0"/>
  <largest-consumer threadName="main" threadId="0000000001AE6700" bytes="21882072" />
</allocation-stats>
<gc-op id="3467" type="copy forward" timems="1.065" contextid="3464" timestamp="2019-06-16T00:38:01.410">
  <memory-copied type="eden" objects="1" bytes="24" bytesdiscarded="0" />
  <memory-copied type="other" objects="79" bytes="3096" bytesdiscarded="0" />
  <memory-cardclean objects="95" bytes="2920" />
  <regions eden="21" other="4" />
  <remembered-set-cleared processed="60158" cleared="52" durationms="0.391" />
  <stringconstants candidates="13269" cleared="0"  />
</gc-op>
<gc-op id="3468" type="classunload" timems="0.004" contextid="3464" timestamp="2019-06-16T00:38:01.410">
  <classunload-info classloadercandidates="53" classloadersunloaded="0" classesunloaded="0" anonymousclassesunloaded="0" quiescems="0.000" setupms="0.004" scanms="0.000" postms="0.000" />
</gc-op>
<heap-resize id="3469" type="contract" space="default" amount="1048576" count="1" timems="0.053" reason="excess free space following gc" timestamp="2019-06-16T00:38:01.410" />
<gc-end id="3470" type="partial gc" contextid="3464" durationms="2.053" usertimems="0.000" systemtimems="0.000" timestamp="2019-06-16T00:38:01.410" activeThreads="1">
  <mem-info id="3471" free="36700160" total="59768832" percent="61">
    <mem type="eden" free="1048552" total="1048576" percent="99" />
    <remembered-set count="61504" freebytes="2181632" totalbytes="2427648" percent="89" regionsoverflowed="0" regionsstable="3" regionsrebuilding="0"/>
  </mem-info>
</gc-end>
<cycle-end id="3472" type="partial gc" contextid="3464" timestamp="2019-06-16T00:38:01.410" />
  <attribute name="elasticGC enabled" value="1" />
  <attribute name= "numThreadsSpecified" value="1" />
  <attribute name="heapSize specified" value="0" />
  <attribute name="Current GC Util" value="63" />
  <attribute name= "Current Time Running" value="20459" />
  <attribute name ="GC Interval" value="0" />
  <attribute name="ProportionalT" value="64.500000" />
  <attribute name="ProportionalI" value="64.500000" />
  <attribute name="ProportionalH" value="64.500000" />
  <attribute name="Current Error" value="43.000000" />
  <attribute name="IntegralT" value="0.000000" />
  <attribute name="IntegralI" value="0.000000" />
  <attribute name="IntegralH" value="0.000000" />
  <attribute name="DerivativeT" value="inf" />
  <attribute name="DerivativeI" value="inf" />
  <attribute name="DerivativeH" value="inf" />
  <attribute name="Loop Time for DT" value="0.000000" />
  <attribute name="Output H" value="8388608"/>
  <attribute name="Output I" value="200"/>
  <attribute name="Output T" value="1"/>
  <attribute name="Target GC Util Change" value ="20.000000" />
  <attribute name="Current GC Util Change" value="63.000000"/>
  <attribute name="GC Util currently" value="63" />
  <attribute name="CPU Util currently" value="22380415152109" />
<exclusive-end id="3473" timestamp="2019-06-16T00:38:01.410" durationms="3.068" />

<exclusive-start id="3474" timestamp="2019-06-16T00:38:01.417" intervalms="9.929">
  <response-info timems="0.075" idlems="0.075" threads="0" lastid="0000000001AE6700" lastname="main" />
</exclusive-start>
<allocation-taxation id="3475" taxation-threshold="22020096" timestamp="2019-06-16T00:38:01.417" intervalms="9.926" />
<cycle-start id="3476" type="partial gc" contextid="0" timestamp="2019-06-16T00:38:01.418" intervalms="9.916" />
<gc-start id="3477" type="partial gc" contextid="3476" timestamp="2019-06-16T00:38:01.418">
  <mem-info id="3478" free="14680064" total="59768832" percent="24">
    <mem type="eden" free="1048552" total="23068672" percent="4" />
    <remembered-set count="61088" freebytes="2183296" totalbytes="2427648" percent="89" regionsoverflowed="0" regionsstable="3" regionsrebuilding="0"/>
  </mem-info>
</gc-start>
<allocation-stats totalBytes="21882072" >
  <allocated-bytes non-tlh="0" tlh="21882072" arrayletleaf="0"/>
  <largest-consumer threadName="main" threadId="0000000001AE6700" bytes="21882072" />
</allocation-stats>
<gc-op id="3479" type="copy forward" timems="2.164" contextid="3476" timestamp="2019-06-16T00:38:01.421">
  <memory-copied type="eden" objects="1" bytes="24" bytesdiscarded="0" />
  <memory-copied type="other" objects="1" bytes="3048" bytesdiscarded="312" />
  <memory-cardclean objects="9599" bytes="532368" />
  <regions eden="21" other="2" />
  <remembered-set-cleared processed="59209" cleared="2613" durationms="0.449" />
  <stringconstants candidates="13269" cleared="0"  />
</gc-op>
<gc-op id="3480" type="classunload" timems="0.004" contextid="3476" timestamp="2019-06-16T00:38:01.421">
  <classunload-info classloadercandidates="53" classloadersunloaded="0" classesunloaded="0" anonymousclassesunloaded="0" quiescems="0.000" setupms="0.004" scanms="0.000" postms="0.000" />
</gc-op>
<heap-resize id="3481" type="contract" space="default" amount="3145728" count="1" timems="0.302" reason="excess free space following gc" timestamp="2019-06-16T00:38:01.422" />
<gc-end id="3482" type="partial gc" contextid="3476" durationms="3.932" usertimems="4.000" systemtimems="0.000" timestamp="2019-06-16T00:38:01.422" activeThreads="1">
  <mem-info id="3483" free="34603008" total="56623104" percent="61">
    <mem type="eden" free="1048552" total="1048576" percent="99" />
    <remembered-set count="59552" freebytes="2147584" totalbytes="2385792" percent="90" regionsoverflowed="0" regionsstable="3" regionsrebuilding="0"/>
  </mem-info>
</gc-end>
<cycle-end id="3484" type="partial gc" contextid="3476" timestamp="2019-06-16T00:38:01.422" />
  <attribute name="elasticGC enabled" value="1" />
  <attribute name= "numThreadsSpecified" value="1" />
  <attribute name="heapSize specified" value="0" />
  <attribute name="Current GC Util" value="42" />
  <attribute name= "Current Time Running" value="20469" />
  <attribute name ="GC Interval" value="0" />
  <attribute name="ProportionalT" value="33.000000" />
  <attribute name="ProportionalI" value="33.000000" />
  <attribute name="ProportionalH" value="33.000000" />
  <attribute name="Current Error" value="22.000000" />
  <attribute name="IntegralT" value="0.000000" />
  <attribute name="IntegralI" value="0.000000" />
  <attribute name="IntegralH" value="0.000000" />
  <attribute name="DerivativeT" value="inf" />
  <attribute name="DerivativeI" value="inf" />
  <attribute name="DerivativeH" value="inf" />
  <attribute name="Loop Time for DT" value="0.000000" />
  <attribute name="Output H" value="8388608"/>
  <attribute name="Output I" value="200"/>
  <attribute name="Output T" value="1"/>
  <attribute name="Target GC Util Change" value ="20.000000" />
  <attribute name="Current GC Util Change" value="42.000000"/>
  <attribute name="GC Util currently" value="42" />
  <attribute name="CPU Util currently" value="10563475569214" />
<exclusive-end id="3485" timestamp="2019-06-16T00:38:01.422" durationms="4.919" />

<exclusive-start id="3486" timestamp="2019-06-16T00:38:01.429" intervalms="11.395">
  <response-info timems="0.009" idlems="0.009" threads="0" lastid="0000000001AE6700" lastname="main" />
</exclusive-start>
<allocation-taxation id="3487" taxation-threshold="20971520" timestamp="2019-06-16T00:38:01.429" intervalms="11.406" />
<cycle-start id="3488" type="partial gc" contextid="0" timestamp="2019-06-16T00:38:01.429" intervalms="11.401" />
<gc-start id="3489" type="partial gc" contextid="3488" timestamp="2019-06-16T00:38:01.429">
  <mem-info id="3490" free="13631488" total="56623104" percent="24">
    <mem type="eden" free="1048552" total="22020096" percent="4" />
    <remembered-set count="49632" freebytes="2187264" totalbytes="2385792" percent="91" regionsoverflowed="0" regionsstable="5" regionsrebuilding="0"/>
  </mem-info>
</gc-start>
<allocation-stats totalBytes="20840064" >
  <allocated-bytes non-tlh="0" tlh="20840064" arrayletleaf="0"/>
  <largest-consumer threadName="main" threadId="0000000001AE6700" bytes="20840064" />
</allocation-stats>
<gc-op id="3491" type="copy forward" timems="9.557" contextid="3488" timestamp="2019-06-16T00:38:01.440">
  <memory-copied type="eden" objects="1" bytes="24" bytesdiscarded="0" />
  <memory-copied type="other" objects="0" bytes="0" bytesdiscarded="0" />
  <memory-cardclean objects="163220" bytes="5677968" />
  <regions eden="20" other="1" />
  <remembered-set-cleared processed="25880" cleared="11146" durationms="0.288" />
  <stringconstants candidates="13269" cleared="0"  />
</gc-op>
<gc-op id="3492" type="classunload" timems="0.004" contextid="3488" timestamp="2019-06-16T00:38:01.440">
  <classunload-info classloadercandidates="53" classloadersunloaded="0" classesunloaded="0" anonymousclassesunloaded="0" quiescems="0.000" setupms="0.004" scanms="0.000" postms="0.000" />
</gc-op>
<gc-end id="3493" type="partial gc" contextid="3488" durationms="10.666" usertimems="8.000" systemtimems="0.000" timestamp="2019-06-16T00:38:01.440" activeThreads="1">
  <mem-info id="3494" free="34603008" total="56623104" percent="61">
    <mem type="eden" free="1048552" total="1048576" percent="99" />
    <remembered-set count="38976" freebytes="2104320" totalbytes="2260224" percent="93" regionsoverflowed="0" regionsstable="5" regionsrebuilding="0"/>
  </mem-info>
</gc-end>
<cycle-end id="3495" type="partial gc" contextid="3488" timestamp="2019-06-16T00:38:01.440" />
  <attribute name="elasticGC enabled" value="1" />
  <attribute name= "numThreadsSpecified" value="1" />
  <attribute name="heapSize specified" value="0" />
  <attribute name="Current GC Util" value="62" />
  <attribute name= "Current Time Running" value="20480" />
  <attribute name ="GC Interval" value="0" />
  <attribute name="ProportionalT" value="63.000000" />
  <attribute name="ProportionalI" value="63.000000" />
  <attribute name="ProportionalH" value="63.000000" />
  <attribute name="Current Error" value="42.000000" />
  <attribute name="IntegralT" value="0.000000" />
  <attribute name="IntegralI" value="0.000000" />
  <attribute name="IntegralH" value="0.000000" />
  <attribute name="DerivativeT" value="inf" />
  <attribute name="DerivativeI" value="inf" />
  <attribute name="DerivativeH" value="inf" />
  <attribute name="Loop Time for DT" value="0.000000" />
  <attribute name="Output H" value="8388608"/>
  <attribute name="Output I" value="200"/>
  <attribute name="Output T" value="1"/>
  <attribute name="Target GC Util Change" value ="20.000000" />
  <attribute name="Current GC Util Change" value="62.000000"/>
  <attribute name="GC Util currently" value="62" />
  <attribute name="CPU Util currently" value="10885834859426" />
<exclusive-end id="3496" timestamp="2019-06-16T00:38:01.440" durationms="11.686" />

<exclusive-start id="3497" timestamp="2019-06-16T00:38:01.444" intervalms="15.070">
  <response-info timems="0.075" idlems="0.075" threads="0" lastid="0000000001AE6700" lastname="main" />
</exclusive-start>
<allocation-taxation id="3498" taxation-threshold="10485760" timestamp="2019-06-16T00:38:01.444" intervalms="15.065" />
<cycle-start id="3499" type="global mark phase" contextid="0" timestamp="2019-06-16T00:38:01.444" intervalms="217.575" />
<gc-start id="3500" type="global mark phase" contextid="3499" timestamp="2019-06-16T00:38:01.444">
  <mem-info id="3501" free="24117248" total="56623104" percent="42">
    <remembered-set count="38752" freebytes="2105216" totalbytes="2260224" percent="93" regionsoverflowed="0" regionsstable="5" regionsrebuilding="0"/>
  </mem-info>
</gc-start>
<gc-op id="3502" type="mark increment" timems="0.422" contextid="3499" timestamp="2019-06-16T00:38:01.445">
  <trace-info objectcount="173" scancount="0" scanbytes="0" />
</gc-op>
<gc-end id="3503" type="global mark phase" contextid="3499" durationms="0.684" usertimems="0.000" systemtimems="0.000" timestamp="2019-06-16T00:38:01.445" activeThreads="1">
  <mem-info id="3504" free="24117248" total="56623104" percent="42">
    <remembered-set count="38752" freebytes="2105216" totalbytes="2260224" percent="93" regionsoverflowed="0" regionsstable="0" regionsrebuilding="5"/>
  </mem-info>
</gc-end>
<concurrent-start id="3505" type="GMP work packet processing" contextid="3499" timestamp="2019-06-16T00:38:01.445">
  <concurrent-mark-start scanTarget="1048576" />
</concurrent-start>
<exclusive-end id="3506" timestamp="2019-06-16T00:38:01.445" durationms="1.535" />

<concurrent-end id="3507" type="GMP work packet processing" contextid="3499" timestamp="2019-06-16T00:38:01.446">
  <concurrent-mark-end bytesScanned="1124908" reasonForTermination="Work target met" />
</concurrent-end>

<exclusive-start id="3508" timestamp="2019-06-16T00:38:01.449" intervalms="5.765">
  <response-info timems="0.071" idlems="0.071" threads="0" lastid="0000000001AE6700" lastname="main" />
</exclusive-start>
<allocation-taxation id="3509" taxation-threshold="10485760" timestamp="2019-06-16T00:38:01.450" intervalms="5.685" />
<cycle-start id="3510" type="partial gc" contextid="0" timestamp="2019-06-16T00:38:01.450" intervalms="20.762" />
<gc-start id="3511" type="partial gc" contextid="3510" timestamp="2019-06-16T00:38:01.450">
  <mem-info id="3512" free="13631488" total="56623104" percent="24">
    <mem type="eden" free="1048552" total="22020096" percent="4" />
    <remembered-set count="42880" freebytes="2088704" totalbytes="2260224" percent="92" regionsoverflowed="0" regionsstable="0" regionsrebuilding="5"/>
  </mem-info>
</gc-start>
<allocation-stats totalBytes="20840064" >
  <allocated-bytes non-tlh="0" tlh="20840064" arrayletleaf="0"/>
  <largest-consumer threadName="main" threadId="0000000001AE6700" bytes="10420032" />
</allocation-stats>
<gc-op id="3513" type="copy forward" timems="1.469" contextid="3510" timestamp="2019-06-16T00:38:01.452">
  <memory-copied type="eden" objects="1" bytes="24" bytesdiscarded="0" />
  <memory-copied type="other" objects="0" bytes="0" bytesdiscarded="0" />
  <memory-cardclean objects="10" bytes="424" />
  <regions eden="20" other="1" />
  <remembered-set-cleared processed="41207" cleared="7" durationms="0.200" />
  <stringconstants candidates="13269" cleared="0"  />
</gc-op>
<gc-op id="3514" type="classunload" timems="0.004" contextid="3510" timestamp="2019-06-16T00:38:01.452">
  <classunload-info classloadercandidates="53" classloadersunloaded="0" classesunloaded="0" anonymousclassesunloaded="0" quiescems="0.000" setupms="0.004" scanms="0.000" postms="0.000" />
</gc-op>
<gc-end id="3515" type="partial gc" contextid="3510" durationms="2.499" usertimems="4.000" systemtimems="0.000" timestamp="2019-06-16T00:38:01.452" activeThreads="4">
  <mem-info id="3516" free="34603008" total="56623104" percent="61">
    <mem type="eden" free="1048552" total="1048576" percent="99" />
    <remembered-set count="42528" freebytes="2090112" totalbytes="2260224" percent="92" regionsoverflowed="0" regionsstable="0" regionsrebuilding="5"/>
  </mem-info>
</gc-end>
<cycle-end id="3517" type="partial gc" contextid="3510" timestamp="2019-06-16T00:38:01.453" />
  <attribute name="elasticGC enabled" value="1" />
  <attribute name= "numThreadsSpecified" value="4" />
  <attribute name="heapSize specified" value="0" />
  <attribute name="Current GC Util" value="42" />
  <attribute name= "Current Time Running" value="20501" />
  <attribute name ="GC Interval" value="0" />
  <attribute name="ProportionalT" value="33.000000" />
  <attribute name="ProportionalI" value="33.000000" />
  <attribute name="ProportionalH" value="33.000000" />
  <attribute name="Current Error" value="22.000000" />
  <attribute name="IntegralT" value="0.000000" />
  <attribute name="IntegralI" value="0.000000" />
  <attribute name="IntegralH" value="0.000000" />
  <attribute name="DerivativeT" value="-inf" />
  <attribute name="DerivativeI" value="-inf" />
  <attribute name="DerivativeH" value="-inf" />
  <attribute name="Loop Time for DT" value="0.000000" />
  <attribute name="Output H" value="2091843584"/>
  <attribute name="Output I" value="200"/>
  <attribute name="Output T" value="4"/>
  <attribute name="Target GC Util Change" value ="20.000000" />
  <attribute name="Current GC Util Change" value="42.000000"/>
  <attribute name="GC Util currently" value="42" />
  <attribute name="CPU Util currently" value="14763111365771" />
<exclusive-end id="3518" timestamp="2019-06-16T00:38:01.453" durationms="3.293" />

<exclusive-start id="3519" timestamp="2019-06-16T00:38:01.456" intervalms="6.689">
  <response-info timems="0.074" idlems="0.074" threads="0" lastid="0000000001AE6700" lastname="main" />
</exclusive-start>
<allocation-taxation id="3520" taxation-threshold="10485760" timestamp="2019-06-16T00:38:01.456" intervalms="6.761" />
<gc-start id="3521" type="global mark phase" contextid="3499" timestamp="2019-06-16T00:38:01.457">
  <mem-info id="3522" free="24117248" total="56623104" percent="42">
    <remembered-set count="42528" freebytes="2090112" totalbytes="2260224" percent="92" regionsoverflowed="0" regionsstable="0" regionsrebuilding="5"/>
  </mem-info>
</gc-start>
<gc-end id="3523" type="global mark phase" contextid="3499" durationms="0.145" usertimems="0.000" systemtimems="0.000" timestamp="2019-06-16T00:38:01.457" activeThreads="4">
  <mem-info id="3524" free="24117248" total="56623104" percent="42">
    <remembered-set count="42528" freebytes="2090112" totalbytes="2260224" percent="92" regionsoverflowed="0" regionsstable="0" regionsrebuilding="5"/>
  </mem-info>
</gc-end>
<concurrent-start id="3525" type="GMP work packet processing" contextid="3499" timestamp="2019-06-16T00:38:01.457">
  <concurrent-mark-start scanTarget="2419939" />
</concurrent-start>
<exclusive-end id="3526" timestamp="2019-06-16T00:38:01.457" durationms="0.808" />

<concurrent-end id="3527" type="GMP work packet processing" contextid="3499" timestamp="2019-06-16T00:38:01.458">
  <concurrent-mark-end bytesScanned="2459208" reasonForTermination="Work target met" />
</concurrent-end>

<exclusive-start id="3528" timestamp="2019-06-16T00:38:01.461" intervalms="5.341">
  <response-info timems="0.065" idlems="0.065" threads="0" lastid="0000000001AE6700" lastname="main" />
</exclusive-start>
<allocation-taxation id="3529" taxation-threshold="10485760" timestamp="2019-06-16T00:38:01.462" intervalms="5.336" />
<cycle-start id="3530" type="partial gc" contextid="0" timestamp="2019-06-16T00:38:01.462" intervalms="12.118" />
<gc-start id="3531" type="partial gc" contextid="3530" timestamp="2019-06-16T00:38:01.462">
  <mem-info id="3532" free="13631488" total="56623104" percent="24">
    <mem type="eden" free="1048552" total="22020096" percent="4" />
    <remembered-set count="48288" freebytes="2067072" totalbytes="2260224" percent="91" regionsoverflowed="0" regionsstable="0" regionsrebuilding="5"/>
  </mem-info>
</gc-start>
<allocation-stats totalBytes="20840064" >
  <allocated-bytes non-tlh="0" tlh="20840064" arrayletleaf="0"/>
  <largest-consumer threadName="main" threadId="0000000001AE6700" bytes="10420032" />
</allocation-stats>
<gc-op id="3533" type="copy forward" timems="1.549" contextid="3530" timestamp="2019-06-16T00:38:01.464">
  <memory-copied type="eden" objects="1" bytes="24" bytesdiscarded="0" />
  <memory-copied type="other" objects="0" bytes="0" bytesdiscarded="0" />
  <memory-cardclean objects="10" bytes="424" />
  <regions eden="20" other="1" />
  <remembered-set-cleared processed="46238" cleared="6" durationms="0.192" />
  <stringconstants candidates="13269" cleared="0"  />
</gc-op>
<gc-op id="3534" type="classunload" timems="0.004" contextid="3530" timestamp="2019-06-16T00:38:01.464">
  <classunload-info classloadercandidates="53" classloadersunloaded="0" classesunloaded="0" anonymousclassesunloaded="0" quiescems="0.000" setupms="0.004" scanms="0.000" postms="0.000" />
</gc-op>
<gc-end id="3535" type="partial gc" contextid="3530" durationms="2.523" usertimems="0.000" systemtimems="4.000" timestamp="2019-06-16T00:38:01.465" activeThreads="4">
  <mem-info id="3536" free="34603008" total="56623104" percent="61">
    <mem type="eden" free="1048552" total="1048576" percent="99" />
    <remembered-set count="47744" freebytes="2069248" totalbytes="2260224" percent="91" regionsoverflowed="0" regionsstable="0" regionsrebuilding="5"/>
  </mem-info>
</gc-end>
<cycle-end id="3537" type="partial gc" contextid="3530" timestamp="2019-06-16T00:38:01.465" />
  <attribute name="elasticGC enabled" value="1" />
  <attribute name= "numThreadsSpecified" value="4" />
  <attribute name="heapSize specified" value="0" />
  <attribute name="Current GC Util" value="56" />
  <attribute name= "Current Time Running" value="20513" />
  <attribute name ="GC Interval" value="0" />
  <attribute name="ProportionalT" value="54.000000" />
  <attribute name="ProportionalI" value="54.000000" />
  <attribute name="ProportionalH" value="54.000000" />
  <attribute name="Current Error" value="36.000000" />
  <attribute name="IntegralT" value="0.000000" />
  <attribute name="IntegralI" value="0.000000" />
  <attribute name="IntegralH" value="0.000000" />
  <attribute name="DerivativeT" value="-inf" />
  <attribute name="DerivativeI" value="-inf" />
  <attribute name="DerivativeH" value="-inf" />
  <attribute name="Loop Time for DT" value="0.000000" />
  <attribute name="Output H" value="2091843584"/>
  <attribute name="Output I" value="200"/>
  <attribute name="Output T" value="4"/>
  <attribute name="Target GC Util Change" value ="20.000000" />
  <attribute name="Current GC Util Change" value="56.000000"/>
  <attribute name="GC Util currently" value="56" />
  <attribute name="CPU Util currently" value="19998464736362" />
<exclusive-end id="3538" timestamp="2019-06-16T00:38:01.465" durationms="3.387" />

<exclusive-start id="3539" timestamp="2019-06-16T00:38:01.468" intervalms="6.804">
  <response-info timems="0.074" idlems="0.074" threads="0" lastid="0000000001AE6700" lastname="main" />
</exclusive-start>
<allocation-taxation id="3540" taxation-threshold="10485760" timestamp="2019-06-16T00:38:01.468" intervalms="6.813" />
<gc-start id="3541" type="global mark phase" contextid="3499" timestamp="2019-06-16T00:38:01.469">
  <mem-info id="3542" free="24117248" total="56623104" percent="42">
    <remembered-set count="47264" freebytes="2071168" totalbytes="2260224" percent="91" regionsoverflowed="0" regionsstable="0" regionsrebuilding="5"/>
  </mem-info>
</gc-start>
<gc-end id="3543" type="global mark phase" contextid="3499" durationms="0.143" usertimems="0.000" systemtimems="0.000" timestamp="2019-06-16T00:38:01.469" activeThreads="4">
  <mem-info id="3544" free="24117248" total="56623104" percent="42">
    <remembered-set count="47264" freebytes="2071168" totalbytes="2260224" percent="91" regionsoverflowed="0" regionsstable="0" regionsrebuilding="5"/>
  </mem-info>
</gc-end>
<concurrent-start id="3545" type="GMP work packet processing" contextid="3499" timestamp="2019-06-16T00:38:01.469">
  <concurrent-mark-start scanTarget="2419939" />
</concurrent-start>
<exclusive-end id="3546" timestamp="2019-06-16T00:38:01.470" durationms="1.884" />

<concurrent-end id="3547" type="GMP work packet processing" contextid="3499" timestamp="2019-06-16T00:38:01.470">
  <concurrent-mark-end bytesScanned="2462548" reasonForTermination="Work target met" />
</concurrent-end>

<exclusive-start id="3548" timestamp="2019-06-16T00:38:01.473" intervalms="5.222">
  <response-info timems="0.064" idlems="0.064" threads="0" lastid="0000000001AE6700" lastname="main" />
</exclusive-start>
<allocation-taxation id="3549" taxation-threshold="10485760" timestamp="2019-06-16T00:38:01.474" intervalms="5.135" />
<cycle-start id="3550" type="partial gc" contextid="0" timestamp="2019-06-16T00:38:01.474" intervalms="11.949" />
<gc-start id="3551" type="partial gc" contextid="3550" timestamp="2019-06-16T00:38:01.474">
  <mem-info id="3552" free="13631488" total="56623104" percent="24">
    <mem type="eden" free="1048552" total="22020096" percent="4" />
    <remembered-set count="51648" freebytes="2053632" totalbytes="2260224" percent="90" regionsoverflowed="0" regionsstable="0" regionsrebuilding="5"/>
  </mem-info>
</gc-start>
<allocation-stats totalBytes="20840064" >
  <allocated-bytes non-tlh="0" tlh="20840064" arrayletleaf="0"/>
  <largest-consumer threadName="main" threadId="0000000001AE6700" bytes="10420032" />
</allocation-stats>
<gc-op id="3553" type="copy forward" timems="1.337" contextid="3550" timestamp="2019-06-16T00:38:01.476">
  <memory-copied type="eden" objects="1" bytes="24" bytesdiscarded="0" />
  <memory-copied type="other" objects="0" bytes="0" bytesdiscarded="0" />
  <memory-cardclean objects="10" bytes="424" />
  <regions eden="20" other="1" />
  <remembered-set-cleared processed="49273" cleared="6" durationms="0.331" />
  <stringconstants candidates="13269" cleared="0"  />
</gc-op>
<gc-op id="3554" type="classunload" timems="0.003" contextid="3550" timestamp="2019-06-16T00:38:01.476">
  <classunload-info classloadercandidates="53" classloadersunloaded="0" classesunloaded="0" anonymousclassesunloaded="0" quiescems="0.000" setupms="0.003" scanms="0.000" postms="0.000" />
</gc-op>
<gc-end id="3555" type="partial gc" contextid="3550" durationms="2.296" usertimems="0.000" systemtimems="4.000" timestamp="2019-06-16T00:38:01.476" activeThreads="1">
  <mem-info id="3556" free="34603008" total="56623104" percent="61">
    <mem type="eden" free="1048552" total="1048576" percent="99" />
    <remembered-set count="52128" freebytes="2051712" totalbytes="2260224" percent="90" regionsoverflowed="0" regionsstable="0" regionsrebuilding="5"/>
  </mem-info>
</gc-end>
<cycle-end id="3557" type="partial gc" contextid="3550" timestamp="2019-06-16T00:38:01.476" />
  <attribute name="elasticGC enabled" value="1" />
  <attribute name= "numThreadsSpecified" value="1" />
  <attribute name="heapSize specified" value="0" />
  <attribute name="Current GC Util" value="62" />
  <attribute name= "Current Time Running" value="20525" />
  <attribute name ="GC Interval" value="0" />
  <attribute name="ProportionalT" value="63.000000" />
  <attribute name="ProportionalI" value="63.000000" />
  <attribute name="ProportionalH" value="63.000000" />
  <attribute name="Current Error" value="42.000000" />
  <attribute name="IntegralT" value="0.000000" />
  <attribute name="IntegralI" value="0.000000" />
  <attribute name="IntegralH" value="0.000000" />
  <attribute name="DerivativeT" value="inf" />
  <attribute name="DerivativeI" value="inf" />
  <attribute name="DerivativeH" value="inf" />
  <attribute name="Loop Time for DT" value="0.000000" />
  <attribute name="Output H" value="8388608"/>
  <attribute name="Output I" value="200"/>
  <attribute name="Output T" value="1"/>
  <attribute name="Target GC Util Change" value ="20.000000" />
  <attribute name="Current GC Util Change" value="62.000000"/>
  <attribute name="GC Util currently" value="62" />
  <attribute name="CPU Util currently" value="21687355227296" />
<exclusive-end id="3558" timestamp="2019-06-16T00:38:01.477" durationms="3.235" />

<exclusive-start id="3559" timestamp="2019-06-16T00:38:01.480" intervalms="6.640">
  <response-info timems="0.076" idlems="0.076" threads="0" lastid="0000000001AE6700" lastname="main" />
</exclusive-start>
<allocation-taxation id="3560" taxation-threshold="10485760" timestamp="2019-06-16T00:38:01.480" intervalms="6.737" />
<gc-start id="3561" type="global mark phase" contextid="3499" timestamp="2019-06-16T00:38:01.481">
  <mem-info id="3562" free="24117248" total="56623104" percent="42">
    <remembered-set count="51648" freebytes="2053632" totalbytes="2260224" percent="90" regionsoverflowed="0" regionsstable="0" regionsrebuilding="5"/>
  </mem-info>
</gc-start>
<gc-end id="3563" type="global mark phase" contextid="3499" durationms="0.120" usertimems="0.000" systemtimems="0.000" timestamp="2019-06-16T00:38:01.481" activeThreads="1">
  <mem-info id="3564" free="24117248" total="56623104" percent="42">
    <remembered-set count="51648" freebytes="2053632" totalbytes="2260224" percent="90" regionsoverflowed="0" regionsstable="0" regionsrebuilding="5"/>
  </mem-info>
</gc-end>
<concurrent-start id="3565" type="GMP work packet processing" contextid="3499" timestamp="2019-06-16T00:38:01.481">
  <concurrent-mark-start scanTarget="1048576" />
</concurrent-start>
<exclusive-end id="3566" timestamp="2019-06-16T00:38:01.481" durationms="0.787" />

<concurrent-end id="3567" type="GMP work packet processing" contextid="3499" timestamp="2019-06-16T00:38:01.481">
  <concurrent-mark-end bytesScanned="1082180" reasonForTermination="Work target met" />
</concurrent-end>

<exclusive-start id="3568" timestamp="2019-06-16T00:38:01.485" intervalms="4.503">
  <response-info timems="0.064" idlems="0.064" threads="0" lastid="0000000001AE6700" lastname="main" />
</exclusive-start>
<allocation-taxation id="3569" taxation-threshold="10485760" timestamp="2019-06-16T00:38:01.485" intervalms="4.427" />
<cycle-start id="3570" type="partial gc" contextid="0" timestamp="2019-06-16T00:38:01.485" intervalms="11.122" />
<gc-start id="3571" type="partial gc" contextid="3570" timestamp="2019-06-16T00:38:01.485">
  <mem-info id="3572" free="13631488" total="56623104" percent="24">
    <mem type="eden" free="1048552" total="22020096" percent="4" />
    <remembered-set count="51840" freebytes="2052864" totalbytes="2260224" percent="90" regionsoverflowed="0" regionsstable="0" regionsrebuilding="5"/>
  </mem-info>
</gc-start>
<allocation-stats totalBytes="20840064" >
  <allocated-bytes non-tlh="0" tlh="20840064" arrayletleaf="0"/>
  <largest-consumer threadName="main" threadId="0000000001AE6700" bytes="10420032" />
</allocation-stats>
<gc-op id="3573" type="copy forward" timems="1.400" contextid="3570" timestamp="2019-06-16T00:38:01.487">
  <memory-copied type="eden" objects="1" bytes="24" bytesdiscarded="0" />
  <memory-copied type="other" objects="0" bytes="0" bytesdiscarded="0" />
  <memory-cardclean objects="10" bytes="424" />
  <regions eden="20" other="1" />
  <remembered-set-cleared processed="50260" cleared="6" durationms="0.341" />
  <stringconstants candidates="13269" cleared="0"  />
</gc-op>
<gc-op id="3574" type="classunload" timems="0.003" contextid="3570" timestamp="2019-06-16T00:38:01.487">
  <classunload-info classloadercandidates="53" classloadersunloaded="0" classesunloaded="0" anonymousclassesunloaded="0" quiescems="0.000" setupms="0.003" scanms="0.000" postms="0.000" />
</gc-op>
<gc-end id="3575" type="partial gc" contextid="3570" durationms="2.420" usertimems="4.000" systemtimems="0.000" timestamp="2019-06-16T00:38:01.488" activeThreads="1">
  <mem-info id="3576" free="34603008" total="56623104" percent="61">
    <mem type="eden" free="1048552" total="1048576" percent="99" />
    <remembered-set count="52320" freebytes="2050944" totalbytes="2260224" percent="90" regionsoverflowed="0" regionsstable="0" regionsrebuilding="5"/>
  </mem-info>
</gc-end>
<cycle-end id="3577" type="partial gc" contextid="3570" timestamp="2019-06-16T00:38:01.488" />
  <attribute name="elasticGC enabled" value="1" />
  <attribute name= "numThreadsSpecified" value="1" />
  <attribute name="heapSize specified" value="0" />
  <attribute name="Current GC Util" value="59" />
  <attribute name= "Current Time Running" value="20536" />
  <attribute name ="GC Interval" value="0" />
  <attribute name="ProportionalT" value="58.500000" />
  <attribute name="ProportionalI" value="58.500000" />
  <attribute name="ProportionalH" value="58.500000" />
  <attribute name="Current Error" value="39.000000" />
  <attribute name="IntegralT" value="0.000000" />
  <attribute name="IntegralI" value="0.000000" />
  <attribute name="IntegralH" value="0.000000" />
  <attribute name="DerivativeT" value="inf" />
  <attribute name="DerivativeI" value="inf" />
  <attribute name="DerivativeH" value="inf" />
  <attribute name="Loop Time for DT" value="0.000000" />
  <attribute name="Output H" value="8388608"/>
  <attribute name="Output I" value="200"/>
  <attribute name="Output T" value="1"/>
  <attribute name="Target GC Util Change" value ="20.000000" />
  <attribute name="Current GC Util Change" value="59.000000"/>
  <attribute name="GC Util currently" value="59" />
  <attribute name="CPU Util currently" value="20493467439587" />
<exclusive-end id="3578" timestamp="2019-06-16T00:38:01.488" durationms="3.295" />

<exclusive-start id="3579" timestamp="2019-06-16T00:38:01.491" intervalms="6.663">
  <response-info timems="0.075" idlems="0.075" threads="0" lastid="0000000001AE6700" lastname="main" />
</exclusive-start>
<allocation-taxation id="3580" taxation-threshold="10485760" timestamp="2019-06-16T00:38:01.491" intervalms="6.722" />
<gc-start id="3581" type="global mark phase" contextid="3499" timestamp="2019-06-16T00:38:01.492">
  <mem-info id="3582" free="24117248" total="56623104" percent="42">
    <remembered-set count="51840" freebytes="2052864" totalbytes="2260224" percent="90" regionsoverflowed="0" regionsstable="0" regionsrebuilding="5"/>
  </mem-info>
</gc-start>
<gc-end id="3583" type="global mark phase" contextid="3499" durationms="0.144" usertimems="0.000" systemtimems="0.000" timestamp="2019-06-16T00:38:01.492" activeThreads="1">
  <mem-info id="3584" free="24117248" total="56623104" percent="42">
    <remembered-set count="51840" freebytes="2052864" totalbytes="2260224" percent="90" regionsoverflowed="0" regionsstable="0" regionsrebuilding="5"/>
  </mem-info>
</gc-end>
<concurrent-start id="3585" type="GMP work packet processing" contextid="3499" timestamp="2019-06-16T00:38:01.492">
  <concurrent-mark-start scanTarget="1048576" />
</concurrent-start>
<exclusive-end id="3586" timestamp="2019-06-16T00:38:01.492" durationms="0.837" />

<concurrent-end id="3587" type="GMP work packet processing" contextid="3499" timestamp="2019-06-16T00:38:01.493">
  <concurrent-mark-end bytesScanned="1086484" reasonForTermination="Work target met" />
</concurrent-end>

<exclusive-start id="3588" timestamp="2019-06-16T00:38:01.496" intervalms="4.613">
  <response-info timems="0.064" idlems="0.064" threads="0" lastid="0000000001AE6700" lastname="main" />
</exclusive-start>
<allocation-taxation id="3589" taxation-threshold="10485760" timestamp="2019-06-16T00:38:01.496" intervalms="4.625" />
<cycle-start id="3590" type="partial gc" contextid="0" timestamp="2019-06-16T00:38:01.496" intervalms="11.431" />
<gc-start id="3591" type="partial gc" contextid="3590" timestamp="2019-06-16T00:38:01.497">
  <mem-info id="3592" free="13631488" total="56623104" percent="24">
    <mem type="eden" free="1048552" total="22020096" percent="4" />
    <remembered-set count="53056" freebytes="2048000" totalbytes="2260224" percent="90" regionsoverflowed="0" regionsstable="0" regionsrebuilding="5"/>
  </mem-info>
</gc-start>
<allocation-stats totalBytes="20840064" >
  <allocated-bytes non-tlh="0" tlh="20840064" arrayletleaf="0"/>
  <largest-consumer threadName="main" threadId="0000000001AE6700" bytes="10420032" />
</allocation-stats>
<gc-op id="3593" type="copy forward" timems="1.614" contextid="3590" timestamp="2019-06-16T00:38:01.499">
  <memory-copied type="eden" objects="1" bytes="24" bytesdiscarded="0" />
  <memory-copied type="other" objects="0" bytes="0" bytesdiscarded="0" />
  <memory-cardclean objects="10" bytes="424" />
  <regions eden="20" other="1" />
  <remembered-set-cleared processed="51193" cleared="6" durationms="0.215" />
  <stringconstants candidates="13269" cleared="0"  />
</gc-op>
<gc-op id="3594" type="classunload" timems="0.004" contextid="3590" timestamp="2019-06-16T00:38:01.499">
  <classunload-info classloadercandidates="53" classloadersunloaded="0" classesunloaded="0" anonymousclassesunloaded="0" quiescems="0.000" setupms="0.003" scanms="0.000" postms="0.000" />
</gc-op>
<gc-end id="3595" type="partial gc" contextid="3590" durationms="2.604" usertimems="4.000" systemtimems="0.000" timestamp="2019-06-16T00:38:01.499" activeThreads="4">
  <mem-info id="3596" free="34603008" total="56623104" percent="61">
    <mem type="eden" free="1048552" total="1048576" percent="99" />
    <remembered-set count="52832" freebytes="2048896" totalbytes="2260224" percent="90" regionsoverflowed="0" regionsstable="0" regionsrebuilding="5"/>
  </mem-info>
</gc-end>
<cycle-end id="3597" type="partial gc" contextid="3590" timestamp="2019-06-16T00:38:01.499" />
  <attribute name="elasticGC enabled" value="1" />
  <attribute name= "numThreadsSpecified" value="4" />
  <attribute name="heapSize specified" value="0" />
  <attribute name="Current GC Util" value="48" />
  <attribute name= "Current Time Running" value="20548" />
  <attribute name ="GC Interval" value="0" />
  <attribute name="ProportionalT" value="42.000000" />
  <attribute name="ProportionalI" value="42.000000" />
  <attribute name="ProportionalH" value="42.000000" />
  <attribute name="Current Error" value="28.000000" />
  <attribute name="IntegralT" value="28.000000" />
  <attribute name="IntegralI" value="28.000000" />
  <attribute name="IntegralH" value="28.000000" />
  <attribute name="DerivativeT" value="9.500000" />
  <attribute name="DerivativeI" value="9.500000" />
  <attribute name="DerivativeH" value="9.500000" />
  <attribute name="Loop Time for DT" value="1.000000" />
  <attribute name="Output H" value="8388608"/>
  <attribute name="Output I" value="200"/>
  <attribute name="Output T" value="4"/>
  <attribute name="Target GC Util Change" value ="20.000000" />
  <attribute name="Current GC Util Change" value="48.000000"/>
  <attribute name="GC Util currently" value="48" />
  <attribute name="CPU Util currently" value="16870499362640" />
<exclusive-end id="3598" timestamp="2019-06-16T00:38:01.499" durationms="3.541" />

<exclusive-start id="3599" timestamp="2019-06-16T00:38:01.503" intervalms="6.904">
  <response-info timems="0.068" idlems="0.068" threads="0" lastid="0000000001AE6700" lastname="main" />
</exclusive-start>
<allocation-taxation id="3600" taxation-threshold="10485760" timestamp="2019-06-16T00:38:01.503" intervalms="6.881" />
<gc-start id="3601" type="global mark phase" contextid="3499" timestamp="2019-06-16T00:38:01.503">
  <mem-info id="3602" free="24117248" total="56623104" percent="42">
    <remembered-set count="52832" freebytes="2048896" totalbytes="2260224" percent="90" regionsoverflowed="0" regionsstable="0" regionsrebuilding="5"/>
  </mem-info>
</gc-start>
<gc-end id="3603" type="global mark phase" contextid="3499" durationms="0.110" usertimems="0.000" systemtimems="0.000" timestamp="2019-06-16T00:38:01.503" activeThreads="4">
  <mem-info id="3604" free="24117248" total="56623104" percent="42">
    <remembered-set count="52832" freebytes="2048896" totalbytes="2260224" percent="90" regionsoverflowed="0" regionsstable="0" regionsrebuilding="5"/>
  </mem-info>
</gc-end>
<concurrent-start id="3605" type="GMP work packet processing" contextid="3499" timestamp="2019-06-16T00:38:01.503">
  <concurrent-mark-start scanTarget="2419939" />
</concurrent-start>
<exclusive-end id="3606" timestamp="2019-06-16T00:38:01.503" durationms="0.664" />

<exclusive-start id="3607" timestamp="2019-06-16T00:38:01.508" intervalms="5.051">
  <response-info timems="0.080" idlems="0.080" threads="0" lastid="0000000001AE6700" lastname="main" />
</exclusive-start>
<concurrent-end id="3608" type="GMP work packet processing" contextid="3499" timestamp="2019-06-16T00:38:01.508">
  <concurrent-mark-end bytesScanned="2456220" reasonForTermination="Work target met" />
</concurrent-end>

<allocation-taxation id="3609" taxation-threshold="10485760" timestamp="2019-06-16T00:38:01.508" intervalms="4.994" />
<cycle-start id="3610" type="partial gc" contextid="0" timestamp="2019-06-16T00:38:01.508" intervalms="11.734" />
<gc-start id="3611" type="partial gc" contextid="3610" timestamp="2019-06-16T00:38:01.508">
  <mem-info id="3612" free="13631488" total="56623104" percent="24">
    <mem type="eden" free="1048552" total="22020096" percent="4" />
    <remembered-set count="56160" freebytes="2035584" totalbytes="2260224" percent="90" regionsoverflowed="0" regionsstable="0" regionsrebuilding="5"/>
  </mem-info>
</gc-start>
<allocation-stats totalBytes="20840064" >
  <allocated-bytes non-tlh="0" tlh="20840064" arrayletleaf="0"/>
  <largest-consumer threadName="main" threadId="0000000001AE6700" bytes="10420032" />
</allocation-stats>
<gc-op id="3613" type="copy forward" timems="1.771" contextid="3610" timestamp="2019-06-16T00:38:01.510">
  <memory-copied type="eden" objects="1" bytes="24" bytesdiscarded="0" />
  <memory-copied type="other" objects="0" bytes="0" bytesdiscarded="0" />
  <memory-cardclean objects="10" bytes="424" />
  <regions eden="20" other="1" />
  <remembered-set-cleared processed="54383" cleared="6" durationms="0.206" />
  <stringconstants candidates="13269" cleared="0"  />
</gc-op>
<gc-op id="3614" type="classunload" timems="0.003" contextid="3610" timestamp="2019-06-16T00:38:01.511">
  <classunload-info classloadercandidates="53" classloadersunloaded="0" classesunloaded="0" anonymousclassesunloaded="0" quiescems="0.000" setupms="0.003" scanms="0.000" postms="0.000" />
</gc-op>
<gc-end id="3615" type="partial gc" contextid="3610" durationms="2.482" usertimems="4.000" systemtimems="0.000" timestamp="2019-06-16T00:38:01.511" activeThreads="4">
  <mem-info id="3616" free="34603008" total="56623104" percent="61">
    <mem type="eden" free="1048552" total="1048576" percent="99" />
    <remembered-set count="55904" freebytes="2036608" totalbytes="2260224" percent="90" regionsoverflowed="0" regionsstable="0" regionsrebuilding="5"/>
  </mem-info>
</gc-end>
<cycle-end id="3617" type="partial gc" contextid="3610" timestamp="2019-06-16T00:38:01.511" />
  <attribute name="elasticGC enabled" value="1" />
  <attribute name= "numThreadsSpecified" value="4" />
  <attribute name="heapSize specified" value="0" />
  <attribute name="Current GC Util" value="58" />
  <attribute name= "Current Time Running" value="20559" />
  <attribute name ="GC Interval" value="0" />
  <attribute name="ProportionalT" value="57.000000" />
  <attribute name="ProportionalI" value="57.000000" />
  <attribute name="ProportionalH" value="57.000000" />
  <attribute name="Current Error" value="38.000000" />
  <attribute name="IntegralT" value="0.000000" />
  <attribute name="IntegralI" value="0.000000" />
  <attribute name="IntegralH" value="0.000000" />
  <attribute name="DerivativeT" value="-inf" />
  <attribute name="DerivativeI" value="-inf" />
  <attribute name="DerivativeH" value="-inf" />
  <attribute name="Loop Time for DT" value="0.000000" />
  <attribute name="Output H" value="2091843584"/>
  <attribute name="Output I" value="200"/>
  <attribute name="Output T" value="4"/>
  <attribute name="Target GC Util Change" value ="20.000000" />
  <attribute name="Current GC Util Change" value="58.000000"/>
  <attribute name="GC Util currently" value="58" />
  <attribute name="CPU Util currently" value="22947478763117" />
<exclusive-end id="3618" timestamp="2019-06-16T00:38:01.511" durationms="3.156" />

<exclusive-start id="3619" timestamp="2019-06-16T00:38:01.514" intervalms="6.535">
  <response-info timems="0.074" idlems="0.074" threads="0" lastid="0000000001AE6700" lastname="main" />
</exclusive-start>
<allocation-taxation id="3620" taxation-threshold="10485760" timestamp="2019-06-16T00:38:01.515" intervalms="6.573" />
<gc-start id="3621" type="global mark phase" contextid="3499" timestamp="2019-06-16T00:38:01.515">
  <mem-info id="3622" free="24117248" total="56623104" percent="42">
    <remembered-set count="55904" freebytes="2036608" totalbytes="2260224" percent="90" regionsoverflowed="0" regionsstable="0" regionsrebuilding="5"/>
  </mem-info>
</gc-start>
<gc-end id="3623" type="global mark phase" contextid="3499" durationms="0.161" usertimems="0.000" systemtimems="0.000" timestamp="2019-06-16T00:38:01.515" activeThreads="4">
  <mem-info id="3624" free="24117248" total="56623104" percent="42">
    <remembered-set count="55904" freebytes="2036608" totalbytes="2260224" percent="90" regionsoverflowed="0" regionsstable="0" regionsrebuilding="5"/>
  </mem-info>
</gc-end>
<concurrent-start id="3625" type="GMP work packet processing" contextid="3499" timestamp="2019-06-16T00:38:01.515">
  <concurrent-mark-start scanTarget="2419939" />
</concurrent-start>
<exclusive-end id="3626" timestamp="2019-06-16T00:38:01.515" durationms="0.778" />

<exclusive-start id="3627" timestamp="2019-06-16T00:38:01.519" intervalms="5.077">
  <response-info timems="0.056" idlems="0.056" threads="0" lastid="0000000001AE6700" lastname="main" />
</exclusive-start>
<allocation-taxation id="3628" taxation-threshold="10485760" timestamp="2019-06-16T00:38:01.520" intervalms="5.049" />
<concurrent-end id="3629" type="GMP work packet processing" contextid="3499" timestamp="2019-06-16T00:38:01.520">
  <concurrent-mark-end bytesScanned="2462264" reasonForTermination="Work target met" />
</concurrent-end>

<cycle-start id="3630" type="partial gc" contextid="0" timestamp="2019-06-16T00:38:01.520" intervalms="11.859" />
<gc-start id="3631" type="partial gc" contextid="3630" timestamp="2019-06-16T00:38:01.520">
  <mem-info id="3632" free="13631488" total="56623104" percent="24">
    <mem type="eden" free="1048552" total="22020096" percent="4" />
    <remembered-set count="59264" freebytes="2023168" totalbytes="2260224" percent="89" regionsoverflowed="0" regionsstable="0" regionsrebuilding="5"/>
  </mem-info>
</gc-start>
<allocation-stats totalBytes="20840064" >
  <allocated-bytes non-tlh="0" tlh="20840064" arrayletleaf="0"/>
  <largest-consumer threadName="main" threadId="0000000001AE6700" bytes="10420032" />
</allocation-stats>
<gc-op id="3633" type="copy forward" timems="1.319" contextid="3630" timestamp="2019-06-16T00:38:01.522">
  <memory-copied type="eden" objects="1" bytes="24" bytesdiscarded="0" />
  <memory-copied type="other" objects="0" bytes="0" bytesdiscarded="0" />
  <memory-cardclean objects="10" bytes="424" />
  <regions eden="20" other="1" />
  <remembered-set-cleared processed="57067" cleared="6" durationms="0.358" />
  <stringconstants candidates="13269" cleared="0"  />
</gc-op>
<gc-op id="3634" type="classunload" timems="0.004" contextid="3630" timestamp="2019-06-16T00:38:01.522">
  <classunload-info classloadercandidates="53" classloadersunloaded="0" classesunloaded="0" anonymousclassesunloaded="0" quiescems="0.000" setupms="0.004" scanms="0.000" postms="0.000" />
</gc-op>
<gc-end id="3635" type="partial gc" contextid="3630" durationms="2.202" usertimems="0.000" systemtimems="0.000" timestamp="2019-06-16T00:38:01.522" activeThreads="1">
  <mem-info id="3636" free="34603008" total="56623104" percent="61">
    <mem type="eden" free="1048552" total="1048576" percent="99" />
    <remembered-set count="59680" freebytes="2021504" totalbytes="2260224" percent="89" regionsoverflowed="0" regionsstable="0" regionsrebuilding="5"/>
  </mem-info>
</gc-end>
<cycle-end id="3637" type="partial gc" contextid="3630" timestamp="2019-06-16T00:38:01.522" />
  <attribute name="elasticGC enabled" value="1" />
  <attribute name= "numThreadsSpecified" value="1" />
  <attribute name="heapSize specified" value="0" />
  <attribute name="Current GC Util" value="71" />
  <attribute name= "Current Time Running" value="20571" />
  <attribute name ="GC Interval" value="0" />
  <attribute name="ProportionalT" value="76.500000" />
  <attribute name="ProportionalI" value="76.500000" />
  <attribute name="ProportionalH" value="76.500000" />
  <attribute name="Current Error" value="51.000000" />
  <attribute name="IntegralT" value="0.000000" />
  <attribute name="IntegralI" value="0.000000" />
  <attribute name="IntegralH" value="0.000000" />
  <attribute name="DerivativeT" value="inf" />
  <attribute name="DerivativeI" value="inf" />
  <attribute name="DerivativeH" value="inf" />
  <attribute name="Loop Time for DT" value="0.000000" />
  <attribute name="Output H" value="8388608"/>
  <attribute name="Output I" value="200"/>
  <attribute name="Output T" value="1"/>
  <attribute name="Target GC Util Change" value ="20.000000" />
  <attribute name="Current GC Util Change" value="71.000000"/>
  <attribute name="GC Util currently" value="71" />
  <attribute name="CPU Util currently" value="21749952669496" />
<exclusive-end id="3638" timestamp="2019-06-16T00:38:01.523" durationms="3.253" />

<exclusive-start id="3639" timestamp="2019-06-16T00:38:01.526" intervalms="6.703">
  <response-info timems="0.075" idlems="0.075" threads="0" lastid="0000000001AE6700" lastname="main" />
</exclusive-start>
<allocation-taxation id="3640" taxation-threshold="10485760" timestamp="2019-06-16T00:38:01.526" intervalms="6.752" />
<gc-start id="3641" type="global mark phase" contextid="3499" timestamp="2019-06-16T00:38:01.527">
  <mem-info id="3642" free="24117248" total="56623104" percent="42">
    <remembered-set count="59200" freebytes="2023424" totalbytes="2260224" percent="89" regionsoverflowed="0" regionsstable="0" regionsrebuilding="5"/>
  </mem-info>
</gc-start>
<gc-end id="3643" type="global mark phase" contextid="3499" durationms="0.071" usertimems="0.000" systemtimems="0.000" timestamp="2019-06-16T00:38:01.527" activeThreads="1">
  <mem-info id="3644" free="24117248" total="56623104" percent="42">
    <remembered-set count="59200" freebytes="2023424" totalbytes="2260224" percent="89" regionsoverflowed="0" regionsstable="0" regionsrebuilding="5"/>
  </mem-info>
</gc-end>
<concurrent-start id="3645" type="GMP work packet processing" contextid="3499" timestamp="2019-06-16T00:38:01.527">
  <concurrent-mark-start scanTarget="1048576" />
</concurrent-start>
<exclusive-end id="3646" timestamp="2019-06-16T00:38:01.527" durationms="0.767" />

<concurrent-end id="3647" type="GMP work packet processing" contextid="3499" timestamp="2019-06-16T00:38:01.527">
  <concurrent-mark-end bytesScanned="229796" reasonForTermination="Completed all work in GC phase" />
</concurrent-end>

<exclusive-start id="3648" timestamp="2019-06-16T00:38:01.530" intervalms="4.177">
  <response-info timems="0.073" idlems="0.073" threads="0" lastid="0000000001AE6700" lastname="main" />
</exclusive-start>
<allocation-taxation id="3649" taxation-threshold="10485760" timestamp="2019-06-16T00:38:01.530" intervalms="4.146" />
<cycle-start id="3650" type="partial gc" contextid="0" timestamp="2019-06-16T00:38:01.531" intervalms="10.695" />
<gc-start id="3651" type="partial gc" contextid="3650" timestamp="2019-06-16T00:38:01.531">
  <mem-info id="3652" free="13631488" total="56623104" percent="24">
    <mem type="eden" free="1048552" total="22020096" percent="4" />
    <remembered-set count="59232" freebytes="2023296" totalbytes="2260224" percent="89" regionsoverflowed="0" regionsstable="0" regionsrebuilding="5"/>
  </mem-info>
</gc-start>
<allocation-stats totalBytes="20840064" >
  <allocated-bytes non-tlh="0" tlh="20840064" arrayletleaf="0"/>
  <largest-consumer threadName="main" threadId="0000000001AE6700" bytes="10420032" />
</allocation-stats>
<gc-op id="3653" type="copy forward" timems="1.190" contextid="3650" timestamp="2019-06-16T00:38:01.533">
  <memory-copied type="eden" objects="1" bytes="24" bytesdiscarded="0" />
  <memory-copied type="other" objects="0" bytes="0" bytesdiscarded="0" />
  <memory-cardclean objects="10" bytes="424" />
  <regions eden="20" other="1" />
  <remembered-set-cleared processed="57212" cleared="6" durationms="0.370" />
  <stringconstants candidates="13269" cleared="0"  />
</gc-op>
<gc-op id="3654" type="classunload" timems="0.004" contextid="3650" timestamp="2019-06-16T00:38:01.533">
  <classunload-info classloadercandidates="53" classloadersunloaded="0" classesunloaded="0" anonymousclassesunloaded="0" quiescems="0.000" setupms="0.003" scanms="0.000" postms="0.000" />
</gc-op>
<gc-end id="3655" type="partial gc" contextid="3650" durationms="2.431" usertimems="4.000" systemtimems="0.000" timestamp="2019-06-16T00:38:01.533" activeThreads="1">
  <mem-info id="3656" free="34603008" total="56623104" percent="61">
    <mem type="eden" free="1048552" total="1048576" percent="99" />
    <remembered-set count="59712" freebytes="2021376" totalbytes="2260224" percent="89" regionsoverflowed="0" regionsstable="0" regionsrebuilding="5"/>
  </mem-info>
</gc-end>
<cycle-end id="3657" type="partial gc" contextid="3650" timestamp="2019-06-16T00:38:01.533" />
  <attribute name="elasticGC enabled" value="1" />
  <attribute name= "numThreadsSpecified" value="1" />
  <attribute name="heapSize specified" value="0" />
  <attribute name="Current GC Util" value="50" />
  <attribute name= "Current Time Running" value="20582" />
  <attribute name ="GC Interval" value="0" />
  <attribute name="ProportionalT" value="45.000000" />
  <attribute name="ProportionalI" value="45.000000" />
  <attribute name="ProportionalH" value="45.000000" />
  <attribute name="Current Error" value="30.000000" />
  <attribute name="IntegralT" value="0.000000" />
  <attribute name="IntegralI" value="0.000000" />
  <attribute name="IntegralH" value="0.000000" />
  <attribute name="DerivativeT" value="inf" />
  <attribute name="DerivativeI" value="inf" />
  <attribute name="DerivativeH" value="inf" />
  <attribute name="Loop Time for DT" value="0.000000" />
  <attribute name="Output H" value="8388608"/>
  <attribute name="Output I" value="200"/>
  <attribute name="Output T" value="1"/>
  <attribute name="Target GC Util Change" value ="20.000000" />
  <attribute name="Current GC Util Change" value="50.000000"/>
  <attribute name="GC Util currently" value="50" />
  <attribute name="CPU Util currently" value="17937533165920" />
<exclusive-end id="3658" timestamp="2019-06-16T00:38:01.534" durationms="3.294" />

<exclusive-start id="3659" timestamp="2019-06-16T00:38:01.549" intervalms="18.958">
  <response-info timems="0.173" idlems="0.173" threads="0" lastid="0000000001AE6700" lastname="main" />
</exclusive-start>
<allocation-taxation id="3660" taxation-threshold="10485760" timestamp="2019-06-16T00:38:01.549" intervalms="18.934" />
<gc-start id="3661" type="global mark phase" contextid="3499" timestamp="2019-06-16T00:38:01.550">
  <mem-info id="3662" free="24117248" total="56623104" percent="42">
    <remembered-set count="59232" freebytes="2023296" totalbytes="2260224" percent="89" regionsoverflowed="0" regionsstable="0" regionsrebuilding="5"/>
  </mem-info>
</gc-start>
<gc-op id="3663" type="mark increment" timems="1.204" contextid="3499" timestamp="2019-06-16T00:38:01.551">
  <trace-info objectcount="1" scancount="1" scanbytes="24" />
  <cardclean-info objects="11" bytes="448" />
  <finalization candidates="80" enqueued="0" />
  <ownableSynchronizers candidates="21" cleared="0" />
  <references type="soft" candidates="1865" cleared="2" enqueued="2" dynamicThreshold="19" maxThreshold="32" />
  <references type="weak" candidates="5726" cleared="0" enqueued="0" />
  <references type="phantom" candidates="101" cleared="0" enqueued="0" />
  <stringconstants candidates="13269" cleared="0"  />
</gc-op>
<gc-op id="3664" type="classunload" timems="0.007" contextid="3499" timestamp="2019-06-16T00:38:01.552">
  <classunload-info classloadercandidates="53" classloadersunloaded="0" classesunloaded="0" anonymousclassesunloaded="0" quiescems="0.000" setupms="0.007" scanms="0.000" postms="0.000" />
</gc-op>
<gc-end id="3665" type="global mark phase" contextid="3499" durationms="1.706" usertimems="4.000" systemtimems="0.000" timestamp="2019-06-16T00:38:01.552" activeThreads="4">
  <mem-info id="3666" free="24117248" total="56623104" percent="42">
    <pending-finalizers system="0" default="0" reference="2" classloader="0" />
    <remembered-set count="59232" freebytes="2023296" totalbytes="2260224" percent="89" regionsoverflowed="0" regionsstable="0" regionsrebuilding="0"/>
  </mem-info>
</gc-end>
<cycle-end id="3667" type="global mark phase" contextid="3499" timestamp="2019-06-16T00:38:01.552" />
  <attribute name="elasticGC enabled" value="1" />
  <attribute name= "numThreadsSpecified" value="4" />
  <attribute name="heapSize specified" value="0" />
  <attribute name="Current GC Util" value="0" />
  <attribute name= "Current Time Running" value="20601" />
  <attribute name ="GC Interval" value="0" />
  <attribute name="ProportionalT" value="-30.000000" />
  <attribute name="ProportionalI" value="-30.000000" />
  <attribute name="ProportionalH" value="-30.000000" />
  <attribute name="Current Error" value="-20.000000" />
  <attribute name="IntegralT" value="0.000000" />
  <attribute name="IntegralI" value="0.000000" />
  <attribute name="IntegralH" value="0.000000" />
  <attribute name="DerivativeT" value="-inf" />
  <attribute name="DerivativeI" value="-inf" />
  <attribute name="DerivativeH" value="-inf" />
  <attribute name="Loop Time for DT" value="0.000000" />
  <attribute name="Output H" value="2091843584"/>
  <attribute name="Output I" value="200"/>
  <attribute name="Output T" value="4"/>
  <attribute name="Target GC Util Change" value ="20.000000" />
  <attribute name="Current GC Util Change" value="0.000000"/>
  <attribute name="GC Util currently" value="0" />
  <attribute name="CPU Util currently" value="74770355139586" />
<exclusive-end id="3668" timestamp="2019-06-16T00:38:01.552" durationms="2.780" />

<exclusive-start id="3669" timestamp="2019-06-16T00:38:01.569" intervalms="20.133">
  <response-info timems="0.080" idlems="0.080" threads="0" lastid="0000000001AE6700" lastname="main" />
</exclusive-start>
<allocation-taxation id="3670" taxation-threshold="10485760" timestamp="2019-06-16T00:38:01.570" intervalms="20.177" />
<cycle-start id="3671" type="partial gc" contextid="0" timestamp="2019-06-16T00:38:01.570" intervalms="39.129" />
<gc-start id="3672" type="partial gc" contextid="3671" timestamp="2019-06-16T00:38:01.570">
  <mem-info id="3673" free="13631488" total="56623104" percent="24">
    <mem type="eden" free="1048552" total="22020096" percent="4" />
    <remembered-set count="39744" freebytes="2101248" totalbytes="2260224" percent="92" regionsoverflowed="0" regionsstable="5" regionsrebuilding="0"/>
  </mem-info>
</gc-start>
<allocation-stats totalBytes="20904200" >
  <allocated-bytes non-tlh="0" tlh="20904200" arrayletleaf="0"/>
  <largest-consumer threadName="main" threadId="0000000001AE6700" bytes="10484168" />
</allocation-stats>
<gc-op id="3674" type="sweep" timems="0.612" contextid="3671" timestamp="2019-06-16T00:38:01.571" />
<gc-op id="3675" type="copy forward" timems="1.475" contextid="3671" timestamp="2019-06-16T00:38:01.573">
  <memory-copied type="eden" objects="153" bytes="5016" bytesdiscarded="1376" />
  <memory-copied type="other" objects="0" bytes="0" bytesdiscarded="0" />
  <memory-cardclean objects="88" bytes="2776" />
  <regions eden="10" other="1" />
  <remembered-set-cleared processed="38012" cleared="26" durationms="0.200" />
  <stringconstants candidates="13269" cleared="0"  />
</gc-op>
<gc-op id="3676" type="classunload" timems="0.004" contextid="3671" timestamp="2019-06-16T00:38:01.573">
  <classunload-info classloadercandidates="53" classloadersunloaded="0" classesunloaded="0" anonymousclassesunloaded="0" quiescems="0.000" setupms="0.003" scanms="0.000" postms="0.000" />
</gc-op>
<gc-end id="3677" type="partial gc" contextid="3671" durationms="3.334" usertimems="4.000" systemtimems="0.000" timestamp="2019-06-16T00:38:01.573" activeThreads="4">
  <mem-info id="3678" free="34603008" total="56623104" percent="61">
    <mem type="eden" free="1042184" total="1048576" percent="99" />
    <remembered-set count="40768" freebytes="2097152" totalbytes="2260224" percent="92" regionsoverflowed="0" regionsstable="5" regionsrebuilding="0"/>
  </mem-info>
</gc-end>
<cycle-end id="3679" type="partial gc" contextid="3671" timestamp="2019-06-16T00:38:01.573" />
  <attribute name="elasticGC enabled" value="1" />
  <attribute name= "numThreadsSpecified" value="4" />
  <attribute name="heapSize specified" value="0" />
  <attribute name="Current GC Util" value="72" />
  <attribute name= "Current Time Running" value="20622" />
  <attribute name ="GC Interval" value="0" />
  <attribute name="ProportionalT" value="78.000000" />
  <attribute name="ProportionalI" value="78.000000" />
  <attribute name="ProportionalH" value="78.000000" />
  <attribute name="Current Error" value="52.000000" />
  <attribute name="IntegralT" value="0.000000" />
  <attribute name="IntegralI" value="0.000000" />
  <attribute name="IntegralH" value="0.000000" />
  <attribute name="DerivativeT" value="-inf" />
  <attribute name="DerivativeI" value="-inf" />
  <attribute name="DerivativeH" value="-inf" />
  <attribute name="Loop Time for DT" value="0.000000" />
  <attribute name="Output H" value="2091843584"/>
  <attribute name="Output I" value="200"/>
  <attribute name="Output T" value="4"/>
  <attribute name="Target GC Util Change" value ="20.000000" />
  <attribute name="Current GC Util Change" value="72.000000"/>
  <attribute name="GC Util currently" value="72" />
  <attribute name="CPU Util currently" value="21349310749109" />
<exclusive-end id="3680" timestamp="2019-06-16T00:38:01.574" durationms="4.179" />

<exclusive-start id="3681" timestamp="2019-06-16T00:38:01.612" intervalms="42.125">
  <response-info timems="0.101" idlems="0.101" threads="0" lastid="0000000001AE6700" lastname="main" />
</exclusive-start>
<allocation-taxation id="3682" taxation-threshold="20971520" timestamp="2019-06-16T00:38:01.612" intervalms="42.110" />
<cycle-start id="3683" type="partial gc" contextid="0" timestamp="2019-06-16T00:38:01.612" intervalms="42.161" />
<gc-start id="3684" type="partial gc" contextid="3683" timestamp="2019-06-16T00:38:01.612">
  <mem-info id="3685" free="13631488" total="56623104" percent="24">
    <mem type="eden" free="0" total="20971520" percent="0" />
    <remembered-set count="2400" freebytes="2250624" totalbytes="2260224" percent="99" regionsoverflowed="0" regionsstable="17" regionsrebuilding="0"/>
  </mem-info>
</gc-start>
<allocation-stats totalBytes="20968432" >
  <allocated-bytes non-tlh="0" tlh="20968432" arrayletleaf="0"/>
  <largest-consumer threadName="main" threadId="0000000001AE6700" bytes="20968432" />
</allocation-stats>
<gc-op id="3686" type="copy forward" timems="3.503" contextid="3683" timestamp="2019-06-16T00:38:01.616">
  <memory-copied type="eden" objects="103" bytes="3336" bytesdiscarded="0" />
  <memory-copied type="other" objects="20595" bytes="786176" bytesdiscarded="0" />
  <memory-cardclean objects="10890" bytes="593232" />
  <regions eden="20" other="4" />
  <remembered-set-cleared processed="0" cleared="0" durationms="0.085" />
  <finalization candidates="11" enqueued="0" />
  <references type="soft" candidates="76" cleared="0" enqueued="0" dynamicThreshold="19" maxThreshold="32" />
  <references type="weak" candidates="288" cleared="0" enqueued="0" />
  <references type="phantom" candidates="53" cleared="0" enqueued="0" />
  <stringconstants candidates="13269" cleared="0"  />
</gc-op>
<gc-op id="3687" type="classunload" timems="0.004" contextid="3683" timestamp="2019-06-16T00:38:01.617">
  <classunload-info classloadercandidates="53" classloadersunloaded="0" classesunloaded="0" anonymousclassesunloaded="0" quiescems="0.000" setupms="0.004" scanms="0.000" postms="0.000" />
</gc-op>
<gc-end id="3688" type="partial gc" contextid="3683" durationms="4.556" usertimems="4.000" systemtimems="0.000" timestamp="2019-06-16T00:38:01.617" activeThreads="1">
  <mem-info id="3689" free="34603008" total="56623104" percent="61">
    <mem type="eden" free="1045240" total="1048576" percent="99" />
    <remembered-set count="2336" freebytes="2250880" totalbytes="2260224" percent="99" regionsoverflowed="0" regionsstable="17" regionsrebuilding="0"/>
  </mem-info>
</gc-end>
<cycle-end id="3690" type="partial gc" contextid="3683" timestamp="2019-06-16T00:38:01.617" />
  <attribute name="elasticGC enabled" value="1" />
  <attribute name= "numThreadsSpecified" value="1" />
  <attribute name="heapSize specified" value="0" />
  <attribute name="Current GC Util" value="72" />
  <attribute name= "Current Time Running" value="20663" />
  <attribute name ="GC Interval" value="0" />
  <attribute name="ProportionalT" value="78.000000" />
  <attribute name="ProportionalI" value="78.000000" />
  <attribute name="ProportionalH" value="78.000000" />
  <attribute name="Current Error" value="52.000000" />
  <attribute name="IntegralT" value="0.000000" />
  <attribute name="IntegralI" value="0.000000" />
  <attribute name="IntegralH" value="0.000000" />
  <attribute name="DerivativeT" value="inf" />
  <attribute name="DerivativeI" value="inf" />
  <attribute name="DerivativeH" value="inf" />
  <attribute name="Loop Time for DT" value="0.000000" />
  <attribute name="Output H" value="8388608"/>
  <attribute name="Output I" value="200"/>
  <attribute name="Output T" value="1"/>
  <attribute name="Target GC Util Change" value ="20.000000" />
  <attribute name="Current GC Util Change" value="72.000000"/>
  <attribute name="GC Util currently" value="72" />
  <attribute name="CPU Util currently" value="19143093007729" />
<exclusive-end id="3691" timestamp="2019-06-16T00:38:01.617" durationms="5.553" />

<exclusive-start id="3692" timestamp="2019-06-16T00:38:01.653" intervalms="40.976">
  <response-info timems="0.077" idlems="0.077" threads="0" lastid="0000000001AE6700" lastname="main" />
</exclusive-start>
<allocation-taxation id="3693" taxation-threshold="20971520" timestamp="2019-06-16T00:38:01.653" intervalms="41.015" />
<cycle-start id="3694" type="partial gc" contextid="0" timestamp="2019-06-16T00:38:01.653" intervalms="41.303" />
<gc-start id="3695" type="partial gc" contextid="3694" timestamp="2019-06-16T00:38:01.654">
  <mem-info id="3696" free="13631488" total="56623104" percent="24">
    <mem type="eden" free="1045240" total="22020096" percent="4" />
    <remembered-set count="2304" freebytes="2251008" totalbytes="2260224" percent="99" regionsoverflowed="0" regionsstable="17" regionsrebuilding="0"/>
  </mem-info>
</gc-start>
<allocation-stats totalBytes="20968688" >
  <allocated-bytes non-tlh="0" tlh="20968688" arrayletleaf="0"/>
  <largest-consumer threadName="main" threadId="0000000001AE6700" bytes="20968688" />
</allocation-stats>
<gc-op id="3697" type="copy forward" timems="1.578" contextid="3694" timestamp="2019-06-16T00:38:01.656">
  <memory-copied type="eden" objects="334" bytes="10896" bytesdiscarded="1512" />
  <memory-copied type="other" objects="0" bytes="0" bytesdiscarded="0" />
  <memory-cardclean objects="93" bytes="11336" />
  <regions eden="20" other="1" />
  <remembered-set-cleared processed="883" cleared="9" durationms="0.103" />
  <references type="weak" candidates="39" cleared="0" enqueued="0" />
  <stringconstants candidates="13269" cleared="0"  />
</gc-op>
<gc-op id="3698" type="classunload" timems="0.004" contextid="3694" timestamp="2019-06-16T00:38:01.656">
  <classunload-info classloadercandidates="53" classloadersunloaded="0" classesunloaded="0" anonymousclassesunloaded="0" quiescems="0.000" setupms="0.003" scanms="0.000" postms="0.000" />
</gc-op>
<gc-end id="3699" type="partial gc" contextid="3694" durationms="2.658" usertimems="0.000" systemtimems="4.000" timestamp="2019-06-16T00:38:01.656" activeThreads="4">
  <mem-info id="3700" free="34603008" total="56623104" percent="61">
    <mem type="eden" free="1036120" total="1048576" percent="98" />
    <remembered-set count="2464" freebytes="2250368" totalbytes="2260224" percent="99" regionsoverflowed="0" regionsstable="17" regionsrebuilding="0"/>
  </mem-info>
</gc-end>
<cycle-end id="3701" type="partial gc" contextid="3694" timestamp="2019-06-16T00:38:01.656" />
  <attribute name="elasticGC enabled" value="1" />
  <attribute name= "numThreadsSpecified" value="4" />
  <attribute name="heapSize specified" value="0" />
  <attribute name="Current GC Util" value="69" />
  <attribute name= "Current Time Running" value="20705" />
  <attribute name ="GC Interval" value="0" />
  <attribute name="ProportionalT" value="73.500000" />
  <attribute name="ProportionalI" value="73.500000" />
  <attribute name="ProportionalH" value="73.500000" />
  <attribute name="Current Error" value="49.000000" />
  <attribute name="IntegralT" value="49.000000" />
  <attribute name="IntegralI" value="49.000000" />
  <attribute name="IntegralH" value="49.000000" />
  <attribute name="DerivativeT" value="24.500000" />
  <attribute name="DerivativeI" value="24.500000" />
  <attribute name="DerivativeH" value="24.500000" />
  <attribute name="Loop Time for DT" value="1.000000" />
  <attribute name="Output H" value="8388608"/>
  <attribute name="Output I" value="200"/>
  <attribute name="Output T" value="4"/>
  <attribute name="Target GC Util Change" value ="20.000000" />
  <attribute name="Current GC Util Change" value="69.000000"/>
  <attribute name="GC Util currently" value="69" />
  <attribute name="CPU Util currently" value="15531118114606" />
<exclusive-end id="3702" timestamp="2019-06-16T00:38:01.656" durationms="3.970" />

<exclusive-start id="3703" timestamp="2019-06-16T00:38:01.686" intervalms="33.248">
  <response-info timems="0.085" idlems="0.085" threads="0" lastid="0000000001AE6700" lastname="main" />
</exclusive-start>
<allocation-taxation id="3704" taxation-threshold="20971520" timestamp="2019-06-16T00:38:01.686" intervalms="33.240" />
<cycle-start id="3705" type="partial gc" contextid="0" timestamp="2019-06-16T00:38:01.686" intervalms="33.008" />
<gc-start id="3706" type="partial gc" contextid="3705" timestamp="2019-06-16T00:38:01.687">
  <mem-info id="3707" free="13631488" total="56623104" percent="24">
    <mem type="eden" free="0" total="20971520" percent="0" />
    <remembered-set count="1984" freebytes="2252288" totalbytes="2260224" percent="99" regionsoverflowed="0" regionsstable="17" regionsrebuilding="0"/>
  </mem-info>
</gc-start>
<allocation-stats totalBytes="20968896" >
  <allocated-bytes non-tlh="0" tlh="20968896" arrayletleaf="0"/>
  <largest-consumer threadName="main" threadId="0000000001AE6700" bytes="20968896" />
</allocation-stats>
<gc-op id="3708" type="copy forward" timems="1.550" contextid="3705" timestamp="2019-06-16T00:38:01.689">
  <memory-copied type="eden" objects="123" bytes="3808" bytesdiscarded="0" />
  <memory-copied type="other" objects="214" bytes="7272" bytesdiscarded="1520" />
  <memory-cardclean objects="79" bytes="11088" />
  <regions eden="20" other="1" />
  <remembered-set-cleared processed="881" cleared="7" durationms="0.083" />
  <references type="weak" candidates="39" cleared="0" enqueued="0" />
  <stringconstants candidates="13269" cleared="0"  />
</gc-op>
<gc-op id="3709" type="classunload" timems="0.004" contextid="3705" timestamp="2019-06-16T00:38:01.689">
  <classunload-info classloadercandidates="53" classloadersunloaded="0" classesunloaded="0" anonymousclassesunloaded="0" quiescems="0.000" setupms="0.003" scanms="0.000" postms="0.000" />
</gc-op>
<gc-end id="3710" type="partial gc" contextid="3705" durationms="2.602" usertimems="4.000" systemtimems="0.000" timestamp="2019-06-16T00:38:01.689" activeThreads="4">
  <mem-info id="3711" free="33554432" total="56623104" percent="59">
    <mem type="eden" free="1044768" total="1048576" percent="99" />
    <remembered-set count="2464" freebytes="2250368" totalbytes="2260224" percent="99" regionsoverflowed="0" regionsstable="17" regionsrebuilding="0"/>
  </mem-info>
</gc-end>
<cycle-end id="3712" type="partial gc" contextid="3705" timestamp="2019-06-16T00:38:01.689" />
  <attribute name="elasticGC enabled" value="1" />
  <attribute name= "numThreadsSpecified" value="4" />
  <attribute name="heapSize specified" value="0" />
  <attribute name="Current GC Util" value="73" />
  <attribute name= "Current Time Running" value="20738" />
  <attribute name ="GC Interval" value="0" />
  <attribute name="ProportionalT" value="79.500000" />
  <attribute name="ProportionalI" value="79.500000" />
  <attribute name="ProportionalH" value="79.500000" />
  <attribute name="Current Error" value="53.000000" />
  <attribute name="IntegralT" value="53.000000" />
  <attribute name="IntegralI" value="53.000000" />
  <attribute name="IntegralH" value="53.000000" />
  <attribute name="DerivativeT" value="26.500000" />
  <attribute name="DerivativeI" value="26.500000" />
  <attribute name="DerivativeH" value="26.500000" />
  <attribute name="Loop Time for DT" value="1.000000" />
  <attribute name="Output H" value="8388608"/>
  <attribute name="Output I" value="200"/>
  <attribute name="Output T" value="4"/>
  <attribute name="Target GC Util Change" value ="20.000000" />
  <attribute name="Current GC Util Change" value="73.000000"/>
  <attribute name="GC Util currently" value="73" />
  <attribute name="CPU Util currently" value="16342832917213" />
<exclusive-end id="3713" timestamp="2019-06-16T00:38:01.690" durationms="3.868" />

<exclusive-start id="3714" timestamp="2019-06-16T00:38:01.719" intervalms="32.970">
  <response-info timems="0.097" idlems="0.097" threads="0" lastid="0000000001AE6700" lastname="main" />
</exclusive-start>
<allocation-taxation id="3715" taxation-threshold="20971520" timestamp="2019-06-16T00:38:01.719" intervalms="32.986" />
<cycle-start id="3716" type="partial gc" contextid="0" timestamp="2019-06-16T00:38:01.719" intervalms="32.935" />
<gc-start id="3717" type="partial gc" contextid="3716" timestamp="2019-06-16T00:38:01.719">
  <mem-info id="3718" free="12582912" total="56623104" percent="22">
    <mem type="eden" free="1044768" total="22020096" percent="4" />
    <remembered-set count="2016" freebytes="2252160" totalbytes="2260224" percent="99" regionsoverflowed="0" regionsstable="17" regionsrebuilding="0"/>
  </mem-info>
</gc-start>
<allocation-stats totalBytes="20968992" >
  <allocated-bytes non-tlh="0" tlh="20968992" arrayletleaf="0"/>
  <largest-consumer threadName="main" threadId="0000000001AE6700" bytes="20968992" />
</allocation-stats>
<gc-op id="3719" type="copy forward" timems="1.310" contextid="3716" timestamp="2019-06-16T00:38:01.721">
  <memory-copied type="eden" objects="123" bytes="3816" bytesdiscarded="208" />
  <memory-copied type="other" objects="0" bytes="0" bytesdiscarded="0" />
  <memory-cardclean objects="20" bytes="1056" />
  <regions eden="20" other="1" />
  <remembered-set-cleared processed="890" cleared="2" durationms="0.093" />
  <stringconstants candidates="13269" cleared="0"  />
</gc-op>
<gc-op id="3720" type="classunload" timems="0.004" contextid="3716" timestamp="2019-06-16T00:38:01.721">
  <classunload-info classloadercandidates="53" classloadersunloaded="0" classesunloaded="0" anonymousclassesunloaded="0" quiescems="0.000" setupms="0.004" scanms="0.000" postms="0.000" />
</gc-op>
<gc-end id="3721" type="partial gc" contextid="3716" durationms="2.246" usertimems="0.000" systemtimems="4.000" timestamp="2019-06-16T00:38:01.722" activeThreads="4">
  <mem-info id="3722" free="33554432" total="56623104" percent="59">
    <mem type="eden" free="1044552" total="1048576" percent="99" />
    <remembered-set count="2176" freebytes="2251520" totalbytes="2260224" percent="99" regionsoverflowed="0" regionsstable="17" regionsrebuilding="0"/>
  </mem-info>
</gc-end>
<cycle-end id="3723" type="partial gc" contextid="3716" timestamp="2019-06-16T00:38:01.722" />
  <attribute name="elasticGC enabled" value="1" />
  <attribute name= "numThreadsSpecified" value="4" />
  <attribute name="heapSize specified" value="0" />
  <attribute name="Current GC Util" value="71" />
  <attribute name= "Current Time Running" value="20771" />
  <attribute name ="GC Interval" value="0" />
  <attribute name="ProportionalT" value="76.500000" />
  <attribute name="ProportionalI" value="76.500000" />
  <attribute name="ProportionalH" value="76.500000" />
  <attribute name="Current Error" value="51.000000" />
  <attribute name="IntegralT" value="51.000000" />
  <attribute name="IntegralI" value="51.000000" />
  <attribute name="IntegralH" value="51.000000" />
  <attribute name="DerivativeT" value="25.500000" />
  <attribute name="DerivativeI" value="25.500000" />
  <attribute name="DerivativeH" value="25.500000" />
  <attribute name="Loop Time for DT" value="1.000000" />
  <attribute name="Output H" value="8388608"/>
  <attribute name="Output I" value="200"/>
  <attribute name="Output T" value="4"/>
  <attribute name="Target GC Util Change" value ="20.000000" />
  <attribute name="Current GC Util Change" value="71.000000"/>
  <attribute name="GC Util currently" value="71" />
  <attribute name="CPU Util currently" value="16035515465695" />
<exclusive-end id="3724" timestamp="2019-06-16T00:38:01.722" durationms="3.154" />

<exclusive-start id="3725" timestamp="2019-06-16T00:38:01.734" intervalms="15.425">
  <response-info timems="0.080" idlems="0.080" threads="0" lastid="0000000001AE6700" lastname="main" />
</exclusive-start>
<allocation-taxation id="3726" taxation-threshold="20971520" timestamp="2019-06-16T00:38:01.734" intervalms="15.400" />
<cycle-start id="3727" type="partial gc" contextid="0" timestamp="2019-06-16T00:38:01.735" intervalms="15.394" />
<gc-start id="3728" type="partial gc" contextid="3727" timestamp="2019-06-16T00:38:01.735">
  <mem-info id="3729" free="12582912" total="56623104" percent="22">
    <mem type="eden" free="1044552" total="22020096" percent="4" />
    <remembered-set count="1696" freebytes="2253440" totalbytes="2260224" percent="99" regionsoverflowed="0" regionsstable="17" regionsrebuilding="0"/>
  </mem-info>
</gc-start>
<allocation-stats totalBytes="20958888" >
  <allocated-bytes non-tlh="0" tlh="20958888" arrayletleaf="0"/>
  <largest-consumer threadName="main" threadId="0000000001AE6700" bytes="20958888" />
</allocation-stats>
<gc-op id="3730" type="copy forward" timems="1.005" contextid="3727" timestamp="2019-06-16T00:38:01.736">
  <memory-copied type="eden" objects="135" bytes="4328" bytesdiscarded="0" />
  <memory-copied type="other" objects="0" bytes="0" bytesdiscarded="0" />
  <memory-cardclean objects="75" bytes="2504" />
  <regions eden="20" other="1" />
  <remembered-set-cleared processed="891" cleared="10" durationms="0.104" />
  <stringconstants candidates="13269" cleared="0"  />
</gc-op>
<gc-op id="3731" type="classunload" timems="0.004" contextid="3727" timestamp="2019-06-16T00:38:01.737">
  <classunload-info classloadercandidates="53" classloadersunloaded="0" classesunloaded="0" anonymousclassesunloaded="0" quiescems="0.000" setupms="0.004" scanms="0.000" postms="0.000" />
</gc-op>
<gc-end id="3732" type="partial gc" contextid="3727" durationms="1.996" usertimems="0.000" systemtimems="0.000" timestamp="2019-06-16T00:38:01.737" activeThreads="1">
  <mem-info id="3733" free="33554432" total="56623104" percent="59">
    <mem type="eden" free="1044248" total="1048576" percent="99" />
    <remembered-set count="2048" freebytes="2252032" totalbytes="2260224" percent="99" regionsoverflowed="0" regionsstable="17" regionsrebuilding="0"/>
  </mem-info>
</gc-end>
<cycle-end id="3734" type="partial gc" contextid="3727" timestamp="2019-06-16T00:38:01.737" />
  <attribute name="elasticGC enabled" value="1" />
  <attribute name= "numThreadsSpecified" value="1" />
  <attribute name="heapSize specified" value="0" />
  <attribute name="Current GC Util" value="73" />
  <attribute name= "Current Time Running" value="20786" />
  <attribute name ="GC Interval" value="0" />
  <attribute name="ProportionalT" value="79.500000" />
  <attribute name="ProportionalI" value="79.500000" />
  <attribute name="ProportionalH" value="79.500000" />
  <attribute name="Current Error" value="53.000000" />
  <attribute name="IntegralT" value="0.000000" />
  <attribute name="IntegralI" value="0.000000" />
  <attribute name="IntegralH" value="0.000000" />
  <attribute name="DerivativeT" value="inf" />
  <attribute name="DerivativeI" value="inf" />
  <attribute name="DerivativeH" value="inf" />
  <attribute name="Loop Time for DT" value="0.000000" />
  <attribute name="Output H" value="8388608"/>
  <attribute name="Output I" value="200"/>
  <attribute name="Output T" value="1"/>
  <attribute name="Target GC Util Change" value ="20.000000" />
  <attribute name="Current GC Util Change" value="73.000000"/>
  <attribute name="GC Util currently" value="73" />
  <attribute name="CPU Util currently" value="18370908743590" />
<exclusive-end id="3735" timestamp="2019-06-16T00:38:01.737" durationms="2.995" />

<exclusive-start id="3736" timestamp="2019-06-16T00:38:01.743" intervalms="9.230">
  <response-info timems="0.083" idlems="0.083" threads="0" lastid="0000000001AE6700" lastname="main" />
</exclusive-start>
<allocation-taxation id="3737" taxation-threshold="20971520" timestamp="2019-06-16T00:38:01.744" intervalms="9.239" />
<cycle-start id="3738" type="partial gc" contextid="0" timestamp="2019-06-16T00:38:01.744" intervalms="9.175" />
<gc-start id="3739" type="partial gc" contextid="3738" timestamp="2019-06-16T00:38:01.744">
  <mem-info id="3740" free="12582912" total="56623104" percent="22">
    <mem type="eden" free="0" total="20971520" percent="0" />
    <remembered-set count="1600" freebytes="2253824" totalbytes="2260224" percent="99" regionsoverflowed="0" regionsstable="17" regionsrebuilding="0"/>
  </mem-info>
</gc-start>
<allocation-stats totalBytes="20960152" >
  <allocated-bytes non-tlh="0" tlh="20960152" arrayletleaf="0"/>
  <largest-consumer threadName="main" threadId="0000000001AE6700" bytes="20960152" />
</allocation-stats>
<gc-op id="3741" type="copy forward" timems="0.758" contextid="3738" timestamp="2019-06-16T00:38:01.745">
  <memory-copied type="eden" objects="5" bytes="144" bytesdiscarded="0" />
  <memory-copied type="other" objects="130" bytes="4008" bytesdiscarded="0" />
  <memory-cardclean objects="55" bytes="2096" />
  <regions eden="20" other="1" />
  <remembered-set-cleared processed="890" cleared="9" durationms="0.100" />
  <stringconstants candidates="13269" cleared="0"  />
</gc-op>
<gc-op id="3742" type="classunload" timems="0.004" contextid="3738" timestamp="2019-06-16T00:38:01.746">
  <classunload-info classloadercandidates="53" classloadersunloaded="0" classesunloaded="0" anonymousclassesunloaded="0" quiescems="0.000" setupms="0.004" scanms="0.000" postms="0.000" />
</gc-op>
<heap-resize id="3743" type="expand" space="default" amount="4194304" count="1" timems="0.054" reason="excessive time being spent in gc" timestamp="2019-06-16T00:38:01.746" />
<gc-end id="3744" type="partial gc" contextid="3738" durationms="1.965" usertimems="0.000" systemtimems="0.000" timestamp="2019-06-16T00:38:01.746" activeThreads="1">
  <mem-info id="3745" free="36700160" total="60817408" percent="60">
    <mem type="eden" free="1048432" total="1048576" percent="99" />
    <remembered-set count="2048" freebytes="2419456" totalbytes="2427648" percent="99" regionsoverflowed="0" regionsstable="17" regionsrebuilding="0"/>
  </mem-info>
</gc-end>
<cycle-end id="3746" type="partial gc" contextid="3738" timestamp="2019-06-16T00:38:01.746" />
  <attribute name="elasticGC enabled" value="1" />
  <attribute name= "numThreadsSpecified" value="1" />
  <attribute name="heapSize specified" value="0" />
  <attribute name="Current GC Util" value="87" />
  <attribute name= "Current Time Running" value="20795" />
  <attribute name ="GC Interval" value="0" />
  <attribute name="ProportionalT" value="100.500000" />
  <attribute name="ProportionalI" value="100.500000" />
  <attribute name="ProportionalH" value="100.500000" />
  <attribute name="Current Error" value="67.000000" />
  <attribute name="IntegralT" value="0.000000" />
  <attribute name="IntegralI" value="0.000000" />
  <attribute name="IntegralH" value="0.000000" />
  <attribute name="DerivativeT" value="inf" />
  <attribute name="DerivativeI" value="inf" />
  <attribute name="DerivativeH" value="inf" />
  <attribute name="Loop Time for DT" value="0.000000" />
  <attribute name="Output H" value="8388608"/>
  <attribute name="Output I" value="200"/>
  <attribute name="Output T" value="1"/>
  <attribute name="Target GC Util Change" value ="20.000000" />
  <attribute name="Current GC Util Change" value="87.000000"/>
  <attribute name="GC Util currently" value="87" />
  <attribute name="CPU Util currently" value="18450655393645" />
<exclusive-end id="3747" timestamp="2019-06-16T00:38:01.746" durationms="2.955" />

<exclusive-start id="3748" timestamp="2019-06-16T00:38:01.753" intervalms="9.484">
  <response-info timems="0.076" idlems="0.076" threads="0" lastid="0000000001AE6700" lastname="main" />
</exclusive-start>
<allocation-taxation id="3749" taxation-threshold="22020096" timestamp="2019-06-16T00:38:01.753" intervalms="9.492" />
<cycle-start id="3750" type="partial gc" contextid="0" timestamp="2019-06-16T00:38:01.753" intervalms="9.595" />
<gc-start id="3751" type="partial gc" contextid="3750" timestamp="2019-06-16T00:38:01.754">
  <mem-info id="3752" free="14680064" total="60817408" percent="24">
    <mem type="eden" free="1048432" total="23068672" percent="4" />
    <remembered-set count="1632" freebytes="2421120" totalbytes="2427648" percent="99" regionsoverflowed="0" regionsstable="17" regionsrebuilding="0"/>
  </mem-info>
</gc-start>
<allocation-stats totalBytes="22008432" >
  <allocated-bytes non-tlh="0" tlh="22008432" arrayletleaf="0"/>
  <largest-consumer threadName="main" threadId="0000000001AE6700" bytes="22008432" />
</allocation-stats>
<gc-op id="3753" type="copy forward" timems="0.785" contextid="3750" timestamp="2019-06-16T00:38:01.755">
  <memory-copied type="eden" objects="8" bytes="640" bytesdiscarded="0" />
  <memory-copied type="other" objects="0" bytes="0" bytesdiscarded="0" />
  <memory-cardclean objects="15" bytes="512" />
  <regions eden="21" other="1" />
  <remembered-set-cleared processed="895" cleared="1" durationms="0.099" />
  <stringconstants candidates="13269" cleared="0"  />
</gc-op>
<gc-op id="3754" type="classunload" timems="0.003" contextid="3750" timestamp="2019-06-16T00:38:01.755">
  <classunload-info classloadercandidates="53" classloadersunloaded="0" classesunloaded="0" anonymousclassesunloaded="0" quiescems="0.000" setupms="0.003" scanms="0.000" postms="0.000" />
</gc-op>
<gc-end id="3755" type="partial gc" contextid="3750" durationms="1.898" usertimems="0.000" systemtimems="0.000" timestamp="2019-06-16T00:38:01.755" activeThreads="1">
  <mem-info id="3756" free="36700160" total="60817408" percent="60">
    <mem type="eden" free="1047936" total="1048576" percent="99" />
    <remembered-set count="2112" freebytes="2419200" totalbytes="2427648" percent="99" regionsoverflowed="0" regionsstable="17" regionsrebuilding="0"/>
  </mem-info>
</gc-end>
<cycle-end id="3757" type="partial gc" contextid="3750" timestamp="2019-06-16T00:38:01.756" />
  <attribute name="elasticGC enabled" value="1" />
  <attribute name= "numThreadsSpecified" value="1" />
  <attribute name="heapSize specified" value="0" />
  <attribute name="Current GC Util" value="58" />
  <attribute name= "Current Time Running" value="20805" />
  <attribute name ="GC Interval" value="0" />
  <attribute name="ProportionalT" value="57.000000" />
  <attribute name="ProportionalI" value="57.000000" />
  <attribute name="ProportionalH" value="57.000000" />
  <attribute name="Current Error" value="38.000000" />
  <attribute name="IntegralT" value="0.000000" />
  <attribute name="IntegralI" value="0.000000" />
  <attribute name="IntegralH" value="0.000000" />
  <attribute name="DerivativeT" value="inf" />
  <attribute name="DerivativeI" value="inf" />
  <attribute name="DerivativeH" value="inf" />
  <attribute name="Loop Time for DT" value="0.000000" />
  <attribute name="Output H" value="8388608"/>
  <attribute name="Output I" value="200"/>
  <attribute name="Output T" value="1"/>
  <attribute name="Target GC Util Change" value ="20.000000" />
  <attribute name="Current GC Util Change" value="58.000000"/>
  <attribute name="GC Util currently" value="58" />
  <attribute name="CPU Util currently" value="16860877189581" />
<exclusive-end id="3758" timestamp="2019-06-16T00:38:01.756" durationms="3.007" />

<exclusive-start id="3759" timestamp="2019-06-16T00:38:01.762" intervalms="9.626">
  <response-info timems="0.075" idlems="0.075" threads="0" lastid="0000000001AE6700" lastname="main" />
</exclusive-start>
<allocation-taxation id="3760" taxation-threshold="22020096" timestamp="2019-06-16T00:38:01.763" intervalms="9.581" />
<cycle-start id="3761" type="partial gc" contextid="0" timestamp="2019-06-16T00:38:01.763" intervalms="9.477" />
<gc-start id="3762" type="partial gc" contextid="3761" timestamp="2019-06-16T00:38:01.763">
  <mem-info id="3763" free="14680064" total="60817408" percent="24">
    <mem type="eden" free="1047936" total="23068672" percent="4" />
    <remembered-set count="1632" freebytes="2421120" totalbytes="2427648" percent="99" regionsoverflowed="0" regionsstable="17" regionsrebuilding="0"/>
  </mem-info>
</gc-start>
<allocation-stats totalBytes="22008432" >
  <allocated-bytes non-tlh="0" tlh="22008432" arrayletleaf="0"/>
  <largest-consumer threadName="main" threadId="0000000001AE6700" bytes="22008432" />
</allocation-stats>
<gc-op id="3764" type="copy forward" timems="0.723" contextid="3761" timestamp="2019-06-16T00:38:01.764">
  <memory-copied type="eden" objects="5" bytes="256" bytesdiscarded="0" />
  <memory-copied type="other" objects="0" bytes="0" bytesdiscarded="0" />
  <memory-cardclean objects="15" bytes="512" />
  <regions eden="21" other="1" />
  <remembered-set-cleared processed="895" cleared="1" durationms="0.091" />
  <stringconstants candidates="13269" cleared="0"  />
</gc-op>
<gc-op id="3765" type="classunload" timems="0.003" contextid="3761" timestamp="2019-06-16T00:38:01.765">
  <classunload-info classloadercandidates="53" classloadersunloaded="0" classesunloaded="0" anonymousclassesunloaded="0" quiescems="0.000" setupms="0.003" scanms="0.000" postms="0.000" />
</gc-op>
<gc-end id="3766" type="partial gc" contextid="3761" durationms="1.692" usertimems="0.000" systemtimems="0.000" timestamp="2019-06-16T00:38:01.765" activeThreads="1">
  <mem-info id="3767" free="36700160" total="60817408" percent="60">
    <mem type="eden" free="1048320" total="1048576" percent="99" />
    <remembered-set count="2112" freebytes="2419200" totalbytes="2427648" percent="99" regionsoverflowed="0" regionsstable="17" regionsrebuilding="0"/>
  </mem-info>
</gc-end>
<cycle-end id="3768" type="partial gc" contextid="3761" timestamp="2019-06-16T00:38:01.765" />
  <attribute name="elasticGC enabled" value="1" />
  <attribute name= "numThreadsSpecified" value="1" />
  <attribute name="heapSize specified" value="0" />
  <attribute name="Current GC Util" value="81" />
  <attribute name= "Current Time Running" value="20814" />
  <attribute name ="GC Interval" value="0" />
  <attribute name="ProportionalT" value="91.500000" />
  <attribute name="ProportionalI" value="91.500000" />
  <attribute name="ProportionalH" value="91.500000" />
  <attribute name="Current Error" value="61.000000" />
  <attribute name="IntegralT" value="0.000000" />
  <attribute name="IntegralI" value="0.000000" />
  <attribute name="IntegralH" value="0.000000" />
  <attribute name="DerivativeT" value="inf" />
  <attribute name="DerivativeI" value="inf" />
  <attribute name="DerivativeH" value="inf" />
  <attribute name="Loop Time for DT" value="0.000000" />
  <attribute name="Output H" value="8388608"/>
  <attribute name="Output I" value="200"/>
  <attribute name="Output T" value="1"/>
  <attribute name="Target GC Util Change" value ="20.000000" />
  <attribute name="Current GC Util Change" value="81.000000"/>
  <attribute name="GC Util currently" value="81" />
  <attribute name="CPU Util currently" value="19868707514762" />
<exclusive-end id="3769" timestamp="2019-06-16T00:38:01.765" durationms="2.633" />

<exclusive-start id="3770" timestamp="2019-06-16T00:38:01.772" intervalms="9.241">
  <response-info timems="0.066" idlems="0.066" threads="0" lastid="0000000001AE6700" lastname="main" />
</exclusive-start>
<allocation-taxation id="3771" taxation-threshold="22020096" timestamp="2019-06-16T00:38:01.772" intervalms="9.237" />
<cycle-start id="3772" type="partial gc" contextid="0" timestamp="2019-06-16T00:38:01.772" intervalms="9.244" />
<gc-start id="3773" type="partial gc" contextid="3772" timestamp="2019-06-16T00:38:01.772">
  <mem-info id="3774" free="14680064" total="60817408" percent="24">
    <mem type="eden" free="1048320" total="23068672" percent="4" />
    <remembered-set count="1632" freebytes="2421120" totalbytes="2427648" percent="99" regionsoverflowed="0" regionsstable="17" regionsrebuilding="0"/>
  </mem-info>
</gc-start>
<allocation-stats totalBytes="22008432" >
  <allocated-bytes non-tlh="0" tlh="22008432" arrayletleaf="0"/>
  <largest-consumer threadName="main" threadId="0000000001AE6700" bytes="22008432" />
</allocation-stats>
<gc-op id="3775" type="copy forward" timems="1.296" contextid="3772" timestamp="2019-06-16T00:38:01.774">
  <memory-copied type="eden" objects="8" bytes="192" bytesdiscarded="0" />
  <memory-copied type="other" objects="0" bytes="0" bytesdiscarded="0" />
  <memory-cardclean objects="15" bytes="512" />
  <regions eden="21" other="1" />
  <remembered-set-cleared processed="895" cleared="1" durationms="0.109" />
  <stringconstants candidates="13269" cleared="0"  />
</gc-op>
<gc-op id="3776" type="classunload" timems="0.003" contextid="3772" timestamp="2019-06-16T00:38:01.774">
  <classunload-info classloadercandidates="53" classloadersunloaded="0" classesunloaded="0" anonymousclassesunloaded="0" quiescems="0.000" setupms="0.003" scanms="0.000" postms="0.000" />
</gc-op>
<gc-end id="3777" type="partial gc" contextid="3772" durationms="2.322" usertimems="4.000" systemtimems="0.000" timestamp="2019-06-16T00:38:01.775" activeThreads="4">
  <mem-info id="3778" free="36700160" total="60817408" percent="60">
    <mem type="eden" free="1048384" total="1048576" percent="99" />
    <remembered-set count="1632" freebytes="2421120" totalbytes="2427648" percent="99" regionsoverflowed="0" regionsstable="17" regionsrebuilding="0"/>
  </mem-info>
</gc-end>
<cycle-end id="3779" type="partial gc" contextid="3772" timestamp="2019-06-16T00:38:01.775" />
  <attribute name="elasticGC enabled" value="1" />
  <attribute name= "numThreadsSpecified" value="4" />
  <attribute name="heapSize specified" value="0" />
  <attribute name="Current GC Util" value="63" />
  <attribute name= "Current Time Running" value="20824" />
  <attribute name ="GC Interval" value="0" />
  <attribute name="ProportionalT" value="64.500000" />
  <attribute name="ProportionalI" value="64.500000" />
  <attribute name="ProportionalH" value="64.500000" />
  <attribute name="Current Error" value="43.000000" />
  <attribute name="IntegralT" value="43.000000" />
  <attribute name="IntegralI" value="43.000000" />
  <attribute name="IntegralH" value="43.000000" />
  <attribute name="DerivativeT" value="21.500000" />
  <attribute name="DerivativeI" value="21.500000" />
  <attribute name="DerivativeH" value="21.500000" />
  <attribute name="Loop Time for DT" value="1.000000" />
  <attribute name="Output H" value="8388608"/>
  <attribute name="Output I" value="200"/>
  <attribute name="Output T" value="4"/>
  <attribute name="Target GC Util Change" value ="20.000000" />
  <attribute name="Current GC Util Change" value="63.000000"/>
  <attribute name="GC Util currently" value="63" />
  <attribute name="CPU Util currently" value="16712579730976" />
<exclusive-end id="3780" timestamp="2019-06-16T00:38:01.775" durationms="3.177" />

<exclusive-start id="3781" timestamp="2019-06-16T00:38:01.781" intervalms="9.763">
  <response-info timems="0.080" idlems="0.080" threads="0" lastid="0000000001AE6700" lastname="main" />
</exclusive-start>
<allocation-taxation id="3782" taxation-threshold="22020096" timestamp="2019-06-16T00:38:01.782" intervalms="9.721" />
<cycle-start id="3783" type="partial gc" contextid="0" timestamp="2019-06-16T00:38:01.782" intervalms="9.748" />
<gc-start id="3784" type="partial gc" contextid="3783" timestamp="2019-06-16T00:38:01.782">
  <mem-info id="3785" free="14680064" total="60817408" percent="24">
    <mem type="eden" free="1048384" total="23068672" percent="4" />
    <remembered-set count="1152" freebytes="2423040" totalbytes="2427648" percent="99" regionsoverflowed="0" regionsstable="17" regionsrebuilding="0"/>
  </mem-info>
</gc-start>
<allocation-stats totalBytes="22008280" >
  <allocated-bytes non-tlh="0" tlh="22008280" arrayletleaf="0"/>
  <largest-consumer threadName="main" threadId="0000000001AE6700" bytes="22008280" />
</allocation-stats>
<gc-op id="3786" type="copy forward" timems="0.725" contextid="3783" timestamp="2019-06-16T00:38:01.783">
  <memory-copied type="eden" objects="5" bytes="328" bytesdiscarded="0" />
  <memory-copied type="other" objects="0" bytes="0" bytesdiscarded="0" />
  <memory-cardclean objects="15" bytes="512" />
  <regions eden="21" other="1" />
  <remembered-set-cleared processed="895" cleared="1" durationms="0.090" />
  <stringconstants candidates="13269" cleared="0"  />
</gc-op>
<gc-op id="3787" type="classunload" timems="0.004" contextid="3783" timestamp="2019-06-16T00:38:01.784">
  <classunload-info classloadercandidates="53" classloadersunloaded="0" classesunloaded="0" anonymousclassesunloaded="0" quiescems="0.000" setupms="0.004" scanms="0.000" postms="0.000" />
</gc-op>
<gc-end id="3788" type="partial gc" contextid="3783" durationms="1.809" usertimems="0.000" systemtimems="0.000" timestamp="2019-06-16T00:38:01.784" activeThreads="1">
  <mem-info id="3789" free="36700160" total="60817408" percent="60">
    <mem type="eden" free="1048248" total="1048576" percent="99" />
    <remembered-set count="1632" freebytes="2421120" totalbytes="2427648" percent="99" regionsoverflowed="0" regionsstable="17" regionsrebuilding="0"/>
  </mem-info>
</gc-end>
<cycle-end id="3790" type="partial gc" contextid="3783" timestamp="2019-06-16T00:38:01.784" />
  <attribute name="elasticGC enabled" value="1" />
  <attribute name= "numThreadsSpecified" value="1" />
  <attribute name="heapSize specified" value="0" />
  <attribute name="Current GC Util" value="56" />
  <attribute name= "Current Time Running" value="20833" />
  <attribute name ="GC Interval" value="0" />
  <attribute name="ProportionalT" value="54.000000" />
  <attribute name="ProportionalI" value="54.000000" />
  <attribute name="ProportionalH" value="54.000000" />
  <attribute name="Current Error" value="36.000000" />
  <attribute name="IntegralT" value="0.000000" />
  <attribute name="IntegralI" value="0.000000" />
  <attribute name="IntegralH" value="0.000000" />
  <attribute name="DerivativeT" value="inf" />
  <attribute name="DerivativeI" value="inf" />
  <attribute name="DerivativeH" value="inf" />
  <attribute name="Loop Time for DT" value="0.000000" />
  <attribute name="Output H" value="8388608"/>
  <attribute name="Output I" value="200"/>
  <attribute name="Output T" value="1"/>
  <attribute name="Target GC Util Change" value ="20.000000" />
  <attribute name="Current GC Util Change" value="56.000000"/>
  <attribute name="GC Util currently" value="56" />
  <attribute name="CPU Util currently" value="20816399508284" />
<exclusive-end id="3791" timestamp="2019-06-16T00:38:01.784" durationms="2.697" />

<exclusive-start id="3792" timestamp="2019-06-16T00:38:01.791" intervalms="9.353">
  <response-info timems="0.076" idlems="0.076" threads="0" lastid="0000000001AE6700" lastname="main" />
</exclusive-start>
<allocation-taxation id="3793" taxation-threshold="22020096" timestamp="2019-06-16T00:38:01.791" intervalms="9.430" />
<cycle-start id="3794" type="partial gc" contextid="0" timestamp="2019-06-16T00:38:01.791" intervalms="9.426" />
<gc-start id="3795" type="partial gc" contextid="3794" timestamp="2019-06-16T00:38:01.791">
  <mem-info id="3796" free="14680064" total="60817408" percent="24">
    <mem type="eden" free="1048248" total="23068672" percent="4" />
    <remembered-set count="1152" freebytes="2423040" totalbytes="2427648" percent="99" regionsoverflowed="0" regionsstable="17" regionsrebuilding="0"/>
  </mem-info>
</gc-start>
<allocation-stats totalBytes="22008360" >
  <allocated-bytes non-tlh="0" tlh="22008360" arrayletleaf="0"/>
  <largest-consumer threadName="main" threadId="0000000001AE6700" bytes="22008360" />
</allocation-stats>
<gc-op id="3797" type="copy forward" timems="1.292" contextid="3794" timestamp="2019-06-16T00:38:01.794">
  <memory-copied type="eden" objects="5" bytes="240" bytesdiscarded="0" />
  <memory-copied type="other" objects="0" bytes="0" bytesdiscarded="0" />
  <memory-cardclean objects="15" bytes="512" />
  <regions eden="21" other="1" />
  <remembered-set-cleared processed="895" cleared="1" durationms="0.109" />
  <stringconstants candidates="13269" cleared="0"  />
</gc-op>
<gc-op id="3798" type="classunload" timems="0.003" contextid="3794" timestamp="2019-06-16T00:38:01.794">
  <classunload-info classloadercandidates="53" classloadersunloaded="0" classesunloaded="0" anonymousclassesunloaded="0" quiescems="0.000" setupms="0.003" scanms="0.000" postms="0.000" />
</gc-op>
<gc-end id="3799" type="partial gc" contextid="3794" durationms="2.292" usertimems="4.000" systemtimems="0.000" timestamp="2019-06-16T00:38:01.794" activeThreads="4">
  <mem-info id="3800" free="36700160" total="60817408" percent="60">
    <mem type="eden" free="1048336" total="1048576" percent="99" />
    <remembered-set count="1632" freebytes="2421120" totalbytes="2427648" percent="99" regionsoverflowed="0" regionsstable="17" regionsrebuilding="0"/>
  </mem-info>
</gc-end>
<cycle-end id="3801" type="partial gc" contextid="3794" timestamp="2019-06-16T00:38:01.794" />
  <attribute name="elasticGC enabled" value="1" />
  <attribute name= "numThreadsSpecified" value="4" />
  <attribute name="heapSize specified" value="0" />
  <attribute name="Current GC Util" value="71" />
  <attribute name= "Current Time Running" value="20843" />
  <attribute name ="GC Interval" value="0" />
  <attribute name="ProportionalT" value="76.500000" />
  <attribute name="ProportionalI" value="76.500000" />
  <attribute name="ProportionalH" value="76.500000" />
  <attribute name="Current Error" value="51.000000" />
  <attribute name="IntegralT" value="51.000000" />
  <attribute name="IntegralI" value="51.000000" />
  <attribute name="IntegralH" value="51.000000" />
  <attribute name="DerivativeT" value="25.500000" />
  <attribute name="DerivativeI" value="25.500000" />
  <attribute name="DerivativeH" value="25.500000" />
  <attribute name="Loop Time for DT" value="1.000000" />
  <attribute name="Output H" value="8388608"/>
  <attribute name="Output I" value="200"/>
  <attribute name="Output T" value="4"/>
  <attribute name="Target GC Util Change" value ="20.000000" />
  <attribute name="Current GC Util Change" value="71.000000"/>
  <attribute name="GC Util currently" value="71" />
  <attribute name="CPU Util currently" value="20273642309480" />
<exclusive-end id="3802" timestamp="2019-06-16T00:38:01.794" durationms="3.102" />

<exclusive-start id="3803" timestamp="2019-06-16T00:38:01.801" intervalms="9.672">
  <response-info timems="0.074" idlems="0.074" threads="0" lastid="0000000001AE6700" lastname="main" />
</exclusive-start>
<allocation-taxation id="3804" taxation-threshold="22020096" timestamp="2019-06-16T00:38:01.801" intervalms="9.645" />
<cycle-start id="3805" type="partial gc" contextid="0" timestamp="2019-06-16T00:38:01.801" intervalms="9.671" />
<gc-start id="3806" type="partial gc" contextid="3805" timestamp="2019-06-16T00:38:01.801">
  <mem-info id="3807" free="14680064" total="60817408" percent="24">
    <mem type="eden" free="1048336" total="23068672" percent="4" />
    <remembered-set count="1632" freebytes="2421120" totalbytes="2427648" percent="99" regionsoverflowed="0" regionsstable="17" regionsrebuilding="0"/>
  </mem-info>
</gc-start>
<allocation-stats totalBytes="22009120" >
  <allocated-bytes non-tlh="0" tlh="22009120" arrayletleaf="0"/>
  <largest-consumer threadName="main" threadId="0000000001AE6700" bytes="22009120" />
</allocation-stats>
<gc-op id="3808" type="copy forward" timems="0.724" contextid="3805" timestamp="2019-06-16T00:38:01.802">
  <memory-copied type="eden" objects="8" bytes="192" bytesdiscarded="0" />
  <memory-copied type="other" objects="0" bytes="0" bytesdiscarded="0" />
  <memory-cardclean objects="15" bytes="512" />
  <regions eden="21" other="1" />
  <remembered-set-cleared processed="895" cleared="1" durationms="0.090" />
  <stringconstants candidates="13269" cleared="0"  />
</gc-op>
<gc-op id="3809" type="classunload" timems="0.004" contextid="3805" timestamp="2019-06-16T00:38:01.803">
  <classunload-info classloadercandidates="53" classloadersunloaded="0" classesunloaded="0" anonymousclassesunloaded="0" quiescems="0.000" setupms="0.004" scanms="0.000" postms="0.000" />
</gc-op>
<gc-end id="3810" type="partial gc" contextid="3805" durationms="1.577" usertimems="4.000" systemtimems="0.000" timestamp="2019-06-16T00:38:01.803" activeThreads="1">
  <mem-info id="3811" free="36700160" total="60817408" percent="60">
    <mem type="eden" free="1048384" total="1048576" percent="99" />
    <remembered-set count="2080" freebytes="2419328" totalbytes="2427648" percent="99" regionsoverflowed="0" regionsstable="17" regionsrebuilding="0"/>
  </mem-info>
</gc-end>
<cycle-end id="3812" type="partial gc" contextid="3805" timestamp="2019-06-16T00:38:01.803" />
  <attribute name="elasticGC enabled" value="1" />
  <attribute name= "numThreadsSpecified" value="1" />
  <attribute name="heapSize specified" value="0" />
  <attribute name="Current GC Util" value="68" />
  <attribute name= "Current Time Running" value="20852" />
  <attribute name ="GC Interval" value="0" />
  <attribute name="ProportionalT" value="72.000000" />
  <attribute name="ProportionalI" value="72.000000" />
  <attribute name="ProportionalH" value="72.000000" />
  <attribute name="Current Error" value="48.000000" />
  <attribute name="IntegralT" value="0.000000" />
  <attribute name="IntegralI" value="0.000000" />
  <attribute name="IntegralH" value="0.000000" />
  <attribute name="DerivativeT" value="inf" />
  <attribute name="DerivativeI" value="inf" />
  <attribute name="DerivativeH" value="inf" />
  <attribute name="Loop Time for DT" value="0.000000" />
  <attribute name="Output H" value="8388608"/>
  <attribute name="Output I" value="200"/>
  <attribute name="Output T" value="1"/>
  <attribute name="Target GC Util Change" value ="20.000000" />
  <attribute name="Current GC Util Change" value="68.000000"/>
  <attribute name="GC Util currently" value="68" />
  <attribute name="CPU Util currently" value="20116054521807" />
<exclusive-end id="3813" timestamp="2019-06-16T00:38:01.803" durationms="2.574" />

<exclusive-start id="3814" timestamp="2019-06-16T00:38:01.810" intervalms="9.114">
  <response-info timems="0.079" idlems="0.079" threads="0" lastid="0000000001AE6700" lastname="main" />
</exclusive-start>
<allocation-taxation id="3815" taxation-threshold="22020096" timestamp="2019-06-16T00:38:01.810" intervalms="9.115" />
<cycle-start id="3816" type="partial gc" contextid="0" timestamp="2019-06-16T00:38:01.810" intervalms="9.094" />
<gc-start id="3817" type="partial gc" contextid="3816" timestamp="2019-06-16T00:38:01.810">
  <mem-info id="3818" free="14680064" total="60817408" percent="24">
    <mem type="eden" free="1048384" total="23068672" percent="4" />
    <remembered-set count="1600" freebytes="2421248" totalbytes="2427648" percent="99" regionsoverflowed="0" regionsstable="17" regionsrebuilding="0"/>
  </mem-info>
</gc-start>
<allocation-stats totalBytes="22008280" >
  <allocated-bytes non-tlh="0" tlh="22008280" arrayletleaf="0"/>
  <largest-consumer threadName="main" threadId="0000000001AE6700" bytes="22008280" />
</allocation-stats>
<gc-op id="3819" type="copy forward" timems="0.815" contextid="3816" timestamp="2019-06-16T00:38:01.812">
  <memory-copied type="eden" objects="5" bytes="328" bytesdiscarded="0" />
  <memory-copied type="other" objects="0" bytes="0" bytesdiscarded="0" />
  <memory-cardclean objects="15" bytes="512" />
  <regions eden="21" other="1" />
  <remembered-set-cleared processed="895" cleared="1" durationms="0.100" />
  <stringconstants candidates="13269" cleared="0"  />
</gc-op>
<gc-op id="3820" type="classunload" timems="0.003" contextid="3816" timestamp="2019-06-16T00:38:01.812">
  <classunload-info classloadercandidates="53" classloadersunloaded="0" classesunloaded="0" anonymousclassesunloaded="0" quiescems="0.000" setupms="0.003" scanms="0.000" postms="0.000" />
</gc-op>
<gc-end id="3821" type="partial gc" contextid="3816" durationms="1.972" usertimems="4.000" systemtimems="0.000" timestamp="2019-06-16T00:38:01.812" activeThreads="1">
  <mem-info id="3822" free="36700160" total="60817408" percent="60">
    <mem type="eden" free="1048248" total="1048576" percent="99" />
    <remembered-set count="2080" freebytes="2419328" totalbytes="2427648" percent="99" regionsoverflowed="0" regionsstable="17" regionsrebuilding="0"/>
  </mem-info>
</gc-end>
<cycle-end id="3823" type="partial gc" contextid="3816" timestamp="2019-06-16T00:38:01.812" />
  <attribute name="elasticGC enabled" value="1" />
  <attribute name= "numThreadsSpecified" value="1" />
  <attribute name="heapSize specified" value="0" />
  <attribute name="Current GC Util" value="64" />
  <attribute name= "Current Time Running" value="20861" />
  <attribute name ="GC Interval" value="0" />
  <attribute name="ProportionalT" value="66.000000" />
  <attribute name="ProportionalI" value="66.000000" />
  <attribute name="ProportionalH" value="66.000000" />
  <attribute name="Current Error" value="44.000000" />
  <attribute name="IntegralT" value="0.000000" />
  <attribute name="IntegralI" value="0.000000" />
  <attribute name="IntegralH" value="0.000000" />
  <attribute name="DerivativeT" value="inf" />
  <attribute name="DerivativeI" value="inf" />
  <attribute name="DerivativeH" value="inf" />
  <attribute name="Loop Time for DT" value="0.000000" />
  <attribute name="Output H" value="8388608"/>
  <attribute name="Output I" value="200"/>
  <attribute name="Output T" value="1"/>
  <attribute name="Target GC Util Change" value ="20.000000" />
  <attribute name="Current GC Util Change" value="64.000000"/>
  <attribute name="GC Util currently" value="64" />
  <attribute name="CPU Util currently" value="15774914957090" />
<exclusive-end id="3824" timestamp="2019-06-16T00:38:01.813" durationms="2.960" />

<exclusive-start id="3825" timestamp="2019-06-16T00:38:01.819" intervalms="9.588">
  <response-info timems="0.068" idlems="0.068" threads="0" lastid="0000000001AE6700" lastname="main" />
</exclusive-start>
<allocation-taxation id="3826" taxation-threshold="22020096" timestamp="2019-06-16T00:38:01.819" intervalms="9.577" />
<cycle-start id="3827" type="partial gc" contextid="0" timestamp="2019-06-16T00:38:01.820" intervalms="9.570" />
<gc-start id="3828" type="partial gc" contextid="3827" timestamp="2019-06-16T00:38:01.820">
  <mem-info id="3829" free="14680064" total="60817408" percent="24">
    <mem type="eden" free="1048248" total="23068672" percent="4" />
    <remembered-set count="1600" freebytes="2421248" totalbytes="2427648" percent="99" regionsoverflowed="0" regionsstable="17" regionsrebuilding="0"/>
  </mem-info>
</gc-start>
<allocation-stats totalBytes="22008360" >
  <allocated-bytes non-tlh="0" tlh="22008360" arrayletleaf="0"/>
  <largest-consumer threadName="main" threadId="0000000001AE6700" bytes="22008360" />
</allocation-stats>
<gc-op id="3830" type="copy forward" timems="0.793" contextid="3827" timestamp="2019-06-16T00:38:01.821">
  <memory-copied type="eden" objects="5" bytes="240" bytesdiscarded="0" />
  <memory-copied type="other" objects="0" bytes="0" bytesdiscarded="0" />
  <memory-cardclean objects="15" bytes="512" />
  <regions eden="21" other="1" />
  <remembered-set-cleared processed="895" cleared="1" durationms="0.100" />
  <stringconstants candidates="13269" cleared="0"  />
</gc-op>
<gc-op id="3831" type="classunload" timems="0.004" contextid="3827" timestamp="2019-06-16T00:38:01.821">
  <classunload-info classloadercandidates="53" classloadersunloaded="0" classesunloaded="0" anonymousclassesunloaded="0" quiescems="0.000" setupms="0.003" scanms="0.000" postms="0.000" />
</gc-op>
<gc-end id="3832" type="partial gc" contextid="3827" durationms="1.819" usertimems="4.000" systemtimems="0.000" timestamp="2019-06-16T00:38:01.822" activeThreads="1">
  <mem-info id="3833" free="36700160" total="60817408" percent="60">
    <mem type="eden" free="1048336" total="1048576" percent="99" />
    <remembered-set count="2080" freebytes="2419328" totalbytes="2427648" percent="99" regionsoverflowed="0" regionsstable="17" regionsrebuilding="0"/>
  </mem-info>
</gc-end>
<cycle-end id="3834" type="partial gc" contextid="3827" timestamp="2019-06-16T00:38:01.822" />
  <attribute name="elasticGC enabled" value="1" />
  <attribute name= "numThreadsSpecified" value="1" />
  <attribute name="heapSize specified" value="0" />
  <attribute name="Current GC Util" value="63" />
  <attribute name= "Current Time Running" value="20871" />
  <attribute name ="GC Interval" value="0" />
  <attribute name="ProportionalT" value="64.500000" />
  <attribute name="ProportionalI" value="64.500000" />
  <attribute name="ProportionalH" value="64.500000" />
  <attribute name="Current Error" value="43.000000" />
  <attribute name="IntegralT" value="0.000000" />
  <attribute name="IntegralI" value="0.000000" />
  <attribute name="IntegralH" value="0.000000" />
  <attribute name="DerivativeT" value="inf" />
  <attribute name="DerivativeI" value="inf" />
  <attribute name="DerivativeH" value="inf" />
  <attribute name="Loop Time for DT" value="0.000000" />
  <attribute name="Output H" value="8388608"/>
  <attribute name="Output I" value="200"/>
  <attribute name="Output T" value="1"/>
  <attribute name="Target GC Util Change" value ="20.000000" />
  <attribute name="Current GC Util Change" value="63.000000"/>
  <attribute name="GC Util currently" value="63" />
  <attribute name="CPU Util currently" value="18353142824617" />
<exclusive-end id="3835" timestamp="2019-06-16T00:38:01.822" durationms="2.622" />

<exclusive-start id="3836" timestamp="2019-06-16T00:38:01.829" intervalms="9.642">
  <response-info timems="0.074" idlems="0.074" threads="0" lastid="0000000001AE6700" lastname="main" />
</exclusive-start>
<allocation-taxation id="3837" taxation-threshold="22020096" timestamp="2019-06-16T00:38:01.829" intervalms="9.689" />
<cycle-start id="3838" type="partial gc" contextid="0" timestamp="2019-06-16T00:38:01.829" intervalms="9.720" />
<gc-start id="3839" type="partial gc" contextid="3838" timestamp="2019-06-16T00:38:01.829">
  <mem-info id="3840" free="14680064" total="60817408" percent="24">
    <mem type="eden" free="1048336" total="23068672" percent="4" />
    <remembered-set count="1600" freebytes="2421248" totalbytes="2427648" percent="99" regionsoverflowed="0" regionsstable="17" regionsrebuilding="0"/>
  </mem-info>
</gc-start>
<allocation-stats totalBytes="22008688" >
  <allocated-bytes non-tlh="0" tlh="22008688" arrayletleaf="0"/>
  <largest-consumer threadName="main" threadId="0000000001AE6700" bytes="22008688" />
</allocation-stats>
<gc-op id="3841" type="copy forward" timems="1.193" contextid="3838" timestamp="2019-06-16T00:38:01.831">
  <memory-copied type="eden" objects="26" bytes="1296" bytesdiscarded="248" />
  <memory-copied type="other" objects="0" bytes="0" bytesdiscarded="0" />
  <memory-cardclean objects="81" bytes="2512" />
  <regions eden="21" other="1" />
  <remembered-set-cleared processed="895" cleared="11" durationms="0.087" />
  <stringconstants candidates="13269" cleared="0"  />
</gc-op>
<gc-op id="3842" type="classunload" timems="0.004" contextid="3838" timestamp="2019-06-16T00:38:01.831">
  <classunload-info classloadercandidates="53" classloadersunloaded="0" classesunloaded="0" anonymousclassesunloaded="0" quiescems="0.000" setupms="0.004" scanms="0.000" postms="0.000" />
</gc-op>
<gc-end id="3843" type="partial gc" contextid="3838" durationms="2.134" usertimems="0.000" systemtimems="0.000" timestamp="2019-06-16T00:38:01.832" activeThreads="4">
  <mem-info id="3844" free="36700160" total="60817408" percent="60">
    <mem type="eden" free="1047032" total="1048576" percent="99" />
    <remembered-set count="2624" freebytes="2417152" totalbytes="2427648" percent="99" regionsoverflowed="0" regionsstable="17" regionsrebuilding="0"/>
  </mem-info>
</gc-end>
<cycle-end id="3845" type="partial gc" contextid="3838" timestamp="2019-06-16T00:38:01.832" />
  <attribute name="elasticGC enabled" value="1" />
  <attribute name= "numThreadsSpecified" value="4" />
  <attribute name="heapSize specified" value="0" />
  <attribute name="Current GC Util" value="63" />
  <attribute name= "Current Time Running" value="20881" />
  <attribute name ="GC Interval" value="0" />
  <attribute name="ProportionalT" value="64.500000" />
  <attribute name="ProportionalI" value="64.500000" />
  <attribute name="ProportionalH" value="64.500000" />
  <attribute name="Current Error" value="43.000000" />
  <attribute name="IntegralT" value="43.000000" />
  <attribute name="IntegralI" value="43.000000" />
  <attribute name="IntegralH" value="43.000000" />
  <attribute name="DerivativeT" value="21.500000" />
  <attribute name="DerivativeI" value="21.500000" />
  <attribute name="DerivativeH" value="21.500000" />
  <attribute name="Loop Time for DT" value="1.000000" />
  <attribute name="Output H" value="8388608"/>
  <attribute name="Output I" value="200"/>
  <attribute name="Output T" value="4"/>
  <attribute name="Target GC Util Change" value ="20.000000" />
  <attribute name="Current GC Util Change" value="63.000000"/>
  <attribute name="GC Util currently" value="63" />
  <attribute name="CPU Util currently" value="18317422847544" />
<exclusive-end id="3846" timestamp="2019-06-16T00:38:01.832" durationms="2.978" />

<exclusive-start id="3847" timestamp="2019-06-16T00:38:01.839" intervalms="10.126">
  <response-info timems="0.078" idlems="0.078" threads="0" lastid="0000000001AE6700" lastname="main" />
</exclusive-start>
<allocation-taxation id="3848" taxation-threshold="22020096" timestamp="2019-06-16T00:38:01.839" intervalms="10.085" />
<cycle-start id="3849" type="partial gc" contextid="0" timestamp="2019-06-16T00:38:01.839" intervalms="10.071" />
<gc-start id="3850" type="partial gc" contextid="3849" timestamp="2019-06-16T00:38:01.840">
  <mem-info id="3851" free="14680064" total="60817408" percent="24">
    <mem type="eden" free="0" total="22020096" percent="0" />
    <remembered-set count="2176" freebytes="2418944" totalbytes="2427648" percent="99" regionsoverflowed="0" regionsstable="17" regionsrebuilding="0"/>
  </mem-info>
</gc-start>
<allocation-stats totalBytes="22000496" >
  <allocated-bytes non-tlh="0" tlh="22000496" arrayletleaf="0"/>
  <largest-consumer threadName="main" threadId="0000000001AE6700" bytes="22000496" />
</allocation-stats>
<gc-op id="3852" type="copy forward" timems="1.236" contextid="3849" timestamp="2019-06-16T00:38:01.841">
  <memory-copied type="eden" objects="5" bytes="152" bytesdiscarded="0" />
  <memory-copied type="other" objects="22" bytes="944" bytesdiscarded="320" />
  <memory-cardclean objects="63" bytes="2208" />
  <regions eden="21" other="1" />
  <remembered-set-cleared processed="894" cleared="10" durationms="0.112" />
  <stringconstants candidates="13269" cleared="0"  />
</gc-op>
<gc-op id="3853" type="classunload" timems="0.004" contextid="3849" timestamp="2019-06-16T00:38:01.841">
  <classunload-info classloadercandidates="53" classloadersunloaded="0" classesunloaded="0" anonymousclassesunloaded="0" quiescems="0.000" setupms="0.004" scanms="0.000" postms="0.000" />
</gc-op>
<heap-resize id="3854" type="expand" space="default" amount="2097152" count="1" timems="0.051" reason="excessive time being spent in gc" timestamp="2019-06-16T00:38:01.842" />
<gc-end id="3855" type="partial gc" contextid="3849" durationms="2.223" usertimems="0.000" systemtimems="4.000" timestamp="2019-06-16T00:38:01.842" activeThreads="4">
  <mem-info id="3856" free="37748736" total="62914560" percent="60">
    <mem type="eden" free="1048424" total="1048576" percent="99" />
    <remembered-set count="2112" freebytes="2502912" totalbytes="2511360" percent="99" regionsoverflowed="0" regionsstable="17" regionsrebuilding="0"/>
  </mem-info>
</gc-end>
<cycle-end id="3857" type="partial gc" contextid="3849" timestamp="2019-06-16T00:38:01.842" />
  <attribute name="elasticGC enabled" value="1" />
  <attribute name= "numThreadsSpecified" value="4" />
  <attribute name="heapSize specified" value="0" />
  <attribute name="Current GC Util" value="49" />
  <attribute name= "Current Time Running" value="20891" />
  <attribute name ="GC Interval" value="0" />
  <attribute name="ProportionalT" value="43.500000" />
  <attribute name="ProportionalI" value="43.500000" />
  <attribute name="ProportionalH" value="43.500000" />
  <attribute name="Current Error" value="29.000000" />
  <attribute name="IntegralT" value="29.000000" />
  <attribute name="IntegralI" value="29.000000" />
  <attribute name="IntegralH" value="29.000000" />
  <attribute name="DerivativeT" value="9.000000" />
  <attribute name="DerivativeI" value="9.000000" />
  <attribute name="DerivativeH" value="9.000000" />
  <attribute name="Loop Time for DT" value="1.000000" />
  <attribute name="Output H" value="8388608"/>
  <attribute name="Output I" value="200"/>
  <attribute name="Output T" value="4"/>
  <attribute name="Target GC Util Change" value ="20.000000" />
  <attribute name="Current GC Util Change" value="49.000000"/>
  <attribute name="GC Util currently" value="49" />
  <attribute name="CPU Util currently" value="17374854338670" />
<exclusive-end id="3858" timestamp="2019-06-16T00:38:01.842" durationms="3.039" />

<exclusive-start id="3859" timestamp="2019-06-16T00:38:01.849" intervalms="10.221">
  <response-info timems="0.075" idlems="0.075" threads="0" lastid="0000000001AE6700" lastname="main" />
</exclusive-start>
<allocation-taxation id="3860" taxation-threshold="22020096" timestamp="2019-06-16T00:38:01.849" intervalms="10.229" />
<cycle-start id="3861" type="partial gc" contextid="0" timestamp="2019-06-16T00:38:01.850" intervalms="10.239" />
<gc-start id="3862" type="partial gc" contextid="3861" timestamp="2019-06-16T00:38:01.850">
  <mem-info id="3863" free="15728640" total="62914560" percent="25">
    <mem type="eden" free="1048424" total="23068672" percent="4" />
    <remembered-set count="1632" freebytes="2504832" totalbytes="2511360" percent="99" regionsoverflowed="0" regionsstable="17" regionsrebuilding="0"/>
  </mem-info>
</gc-start>
<allocation-stats totalBytes="22001032" >
  <allocated-bytes non-tlh="0" tlh="22001032" arrayletleaf="0"/>
  <largest-consumer threadName="main" threadId="0000000001AE6700" bytes="22001032" />
</allocation-stats>
<gc-op id="3864" type="copy forward" timems="0.760" contextid="3861" timestamp="2019-06-16T00:38:01.851">
  <memory-copied type="eden" objects="5" bytes="208" bytesdiscarded="0" />
  <memory-copied type="other" objects="0" bytes="0" bytesdiscarded="0" />
  <memory-cardclean objects="16" bytes="520" />
  <regions eden="21" other="1" />
  <remembered-set-cleared processed="899" cleared="0" durationms="0.101" />
  <stringconstants candidates="13269" cleared="0"  />
</gc-op>
<gc-op id="3865" type="classunload" timems="0.004" contextid="3861" timestamp="2019-06-16T00:38:01.851">
  <classunload-info classloadercandidates="53" classloadersunloaded="0" classesunloaded="0" anonymousclassesunloaded="0" quiescems="0.000" setupms="0.004" scanms="0.000" postms="0.000" />
</gc-op>
<gc-end id="3866" type="partial gc" contextid="3861" durationms="1.726" usertimems="0.000" systemtimems="0.000" timestamp="2019-06-16T00:38:01.852" activeThreads="1">
  <mem-info id="3867" free="37748736" total="62914560" percent="60">
    <mem type="eden" free="1048368" total="1048576" percent="99" />
    <remembered-set count="2112" freebytes="2502912" totalbytes="2511360" percent="99" regionsoverflowed="0" regionsstable="17" regionsrebuilding="0"/>
  </mem-info>
</gc-end>
<cycle-end id="3868" type="partial gc" contextid="3861" timestamp="2019-06-16T00:38:01.852" />
  <attribute name="elasticGC enabled" value="1" />
  <attribute name= "numThreadsSpecified" value="1" />
  <attribute name="heapSize specified" value="0" />
  <attribute name="Current GC Util" value="59" />
  <attribute name= "Current Time Running" value="20901" />
  <attribute name ="GC Interval" value="0" />
  <attribute name="ProportionalT" value="58.500000" />
  <attribute name="ProportionalI" value="58.500000" />
  <attribute name="ProportionalH" value="58.500000" />
  <attribute name="Current Error" value="39.000000" />
  <attribute name="IntegralT" value="0.000000" />
  <attribute name="IntegralI" value="0.000000" />
  <attribute name="IntegralH" value="0.000000" />
  <attribute name="DerivativeT" value="inf" />
  <attribute name="DerivativeI" value="inf" />
  <attribute name="DerivativeH" value="inf" />
  <attribute name="Loop Time for DT" value="0.000000" />
  <attribute name="Output H" value="8388608"/>
  <attribute name="Output I" value="200"/>
  <attribute name="Output T" value="1"/>
  <attribute name="Target GC Util Change" value ="20.000000" />
  <attribute name="Current GC Util Change" value="59.000000"/>
  <attribute name="GC Util currently" value="59" />
  <attribute name="CPU Util currently" value="20966116244628" />
<exclusive-end id="3869" timestamp="2019-06-16T00:38:01.852" durationms="2.699" />

<exclusive-start id="3870" timestamp="2019-06-16T00:38:01.859" intervalms="9.894">
  <response-info timems="0.078" idlems="0.078" threads="0" lastid="0000000001AE6700" lastname="main" />
</exclusive-start>
<allocation-taxation id="3871" taxation-threshold="22020096" timestamp="2019-06-16T00:38:01.859" intervalms="9.929" />
<cycle-start id="3872" type="partial gc" contextid="0" timestamp="2019-06-16T00:38:01.860" intervalms="9.926" />
<gc-start id="3873" type="partial gc" contextid="3872" timestamp="2019-06-16T00:38:01.860">
  <mem-info id="3874" free="15728640" total="62914560" percent="25">
    <mem type="eden" free="1048368" total="23068672" percent="4" />
    <remembered-set count="1632" freebytes="2504832" totalbytes="2511360" percent="99" regionsoverflowed="0" regionsstable="17" regionsrebuilding="0"/>
  </mem-info>
</gc-start>
<allocation-stats totalBytes="21999984" >
  <allocated-bytes non-tlh="0" tlh="21999984" arrayletleaf="0"/>
  <largest-consumer threadName="main" threadId="0000000001AE6700" bytes="21999984" />
</allocation-stats>
<gc-op id="3875" type="copy forward" timems="0.839" contextid="3872" timestamp="2019-06-16T00:38:01.861">
  <memory-copied type="eden" objects="5" bytes="216" bytesdiscarded="0" />
  <memory-copied type="other" objects="0" bytes="0" bytesdiscarded="0" />
  <memory-cardclean objects="16" bytes="520" />
  <regions eden="21" other="1" />
  <remembered-set-cleared processed="899" cleared="0" durationms="0.103" />
  <stringconstants candidates="13269" cleared="0"  />
</gc-op>
<gc-op id="3876" type="classunload" timems="0.003" contextid="3872" timestamp="2019-06-16T00:38:01.861">
  <classunload-info classloadercandidates="53" classloadersunloaded="0" classesunloaded="0" anonymousclassesunloaded="0" quiescems="0.000" setupms="0.003" scanms="0.000" postms="0.000" />
</gc-op>
<gc-end id="3877" type="partial gc" contextid="3872" durationms="1.935" usertimems="0.000" systemtimems="4.000" timestamp="2019-06-16T00:38:01.862" activeThreads="1">
  <mem-info id="3878" free="37748736" total="62914560" percent="60">
    <mem type="eden" free="1048360" total="1048576" percent="99" />
    <remembered-set count="2112" freebytes="2502912" totalbytes="2511360" percent="99" regionsoverflowed="0" regionsstable="17" regionsrebuilding="0"/>
  </mem-info>
</gc-end>
<cycle-end id="3879" type="partial gc" contextid="3872" timestamp="2019-06-16T00:38:01.862" />
  <attribute name="elasticGC enabled" value="1" />
  <attribute name= "numThreadsSpecified" value="1" />
  <attribute name="heapSize specified" value="0" />
  <attribute name="Current GC Util" value="67" />
  <attribute name= "Current Time Running" value="20911" />
  <attribute name ="GC Interval" value="0" />
  <attribute name="ProportionalT" value="70.500000" />
  <attribute name="ProportionalI" value="70.500000" />
  <attribute name="ProportionalH" value="70.500000" />
  <attribute name="Current Error" value="47.000000" />
  <attribute name="IntegralT" value="0.000000" />
  <attribute name="IntegralI" value="0.000000" />
  <attribute name="IntegralH" value="0.000000" />
  <attribute name="DerivativeT" value="inf" />
  <attribute name="DerivativeI" value="inf" />
  <attribute name="DerivativeH" value="inf" />
  <attribute name="Loop Time for DT" value="0.000000" />
  <attribute name="Output H" value="8388608"/>
  <attribute name="Output I" value="200"/>
  <attribute name="Output T" value="1"/>
  <attribute name="Target GC Util Change" value ="20.000000" />
  <attribute name="Current GC Util Change" value="67.000000"/>
  <attribute name="GC Util currently" value="67" />
  <attribute name="CPU Util currently" value="15535512999947" />
<exclusive-end id="3880" timestamp="2019-06-16T00:38:01.862" durationms="2.827" />

<exclusive-start id="3881" timestamp="2019-06-16T00:38:01.872" intervalms="13.306">
  <response-info timems="0.077" idlems="0.077" threads="0" lastid="0000000001AE6700" lastname="main" />
</exclusive-start>
<allocation-taxation id="3882" taxation-threshold="22020096" timestamp="2019-06-16T00:38:01.873" intervalms="13.234" />
<cycle-start id="3883" type="partial gc" contextid="0" timestamp="2019-06-16T00:38:01.873" intervalms="13.229" />
<gc-start id="3884" type="partial gc" contextid="3883" timestamp="2019-06-16T00:38:01.873">
  <mem-info id="3885" free="15728640" total="62914560" percent="25">
    <mem type="eden" free="1048360" total="23068672" percent="4" />
    <remembered-set count="1632" freebytes="2504832" totalbytes="2511360" percent="99" regionsoverflowed="0" regionsstable="17" regionsrebuilding="0"/>
  </mem-info>
</gc-start>
<allocation-stats totalBytes="22003704" >
  <allocated-bytes non-tlh="0" tlh="22003704" arrayletleaf="0"/>
  <largest-consumer threadName="main" threadId="0000000001AE6700" bytes="22003704" />
</allocation-stats>
<gc-op id="3886" type="copy forward" timems="0.813" contextid="3883" timestamp="2019-06-16T00:38:01.874">
  <memory-copied type="eden" objects="39" bytes="1736" bytesdiscarded="0" />
  <memory-copied type="other" objects="0" bytes="0" bytesdiscarded="0" />
  <memory-cardclean objects="82" bytes="2520" />
  <regions eden="21" other="1" />
  <remembered-set-cleared processed="899" cleared="12" durationms="0.106" />
  <stringconstants candidates="13269" cleared="0"  />
</gc-op>
<gc-op id="3887" type="classunload" timems="0.003" contextid="3883" timestamp="2019-06-16T00:38:01.875">
  <classunload-info classloadercandidates="53" classloadersunloaded="0" classesunloaded="0" anonymousclassesunloaded="0" quiescems="0.000" setupms="0.003" scanms="0.000" postms="0.000" />
</gc-op>
<gc-end id="3888" type="partial gc" contextid="3883" durationms="1.791" usertimems="4.000" systemtimems="0.000" timestamp="2019-06-16T00:38:01.875" activeThreads="1">
  <mem-info id="3889" free="37748736" total="62914560" percent="60">
    <mem type="eden" free="1046840" total="1048576" percent="99" />
    <remembered-set count="1984" freebytes="2503424" totalbytes="2511360" percent="99" regionsoverflowed="0" regionsstable="17" regionsrebuilding="0"/>
  </mem-info>
</gc-end>
<cycle-end id="3890" type="partial gc" contextid="3883" timestamp="2019-06-16T00:38:01.875" />
  <attribute name="elasticGC enabled" value="1" />
  <attribute name= "numThreadsSpecified" value="1" />
  <attribute name="heapSize specified" value="0" />
  <attribute name="Current GC Util" value="68" />
  <attribute name= "Current Time Running" value="20924" />
  <attribute name ="GC Interval" value="0" />
  <attribute name="ProportionalT" value="72.000000" />
  <attribute name="ProportionalI" value="72.000000" />
  <attribute name="ProportionalH" value="72.000000" />
  <attribute name="Current Error" value="48.000000" />
  <attribute name="IntegralT" value="0.000000" />
  <attribute name="IntegralI" value="0.000000" />
  <attribute name="IntegralH" value="0.000000" />
  <attribute name="DerivativeT" value="inf" />
  <attribute name="DerivativeI" value="inf" />
  <attribute name="DerivativeH" value="inf" />
  <attribute name="Loop Time for DT" value="0.000000" />
  <attribute name="Output H" value="8388608"/>
  <attribute name="Output I" value="200"/>
  <attribute name="Output T" value="1"/>
  <attribute name="Target GC Util Change" value ="20.000000" />
  <attribute name="Current GC Util Change" value="68.000000"/>
  <attribute name="GC Util currently" value="68" />
  <attribute name="CPU Util currently" value="19940183862413" />
<exclusive-end id="3891" timestamp="2019-06-16T00:38:01.875" durationms="2.668" />

<exclusive-start id="3892" timestamp="2019-06-16T00:38:01.898" intervalms="25.437">
  <response-info timems="0.076" idlems="0.076" threads="0" lastid="0000000001AE6700" lastname="main" />
</exclusive-start>
<allocation-taxation id="3893" taxation-threshold="22020096" timestamp="2019-06-16T00:38:01.898" intervalms="25.420" />
<cycle-start id="3894" type="partial gc" contextid="0" timestamp="2019-06-16T00:38:01.898" intervalms="25.381" />
<gc-start id="3895" type="partial gc" contextid="3894" timestamp="2019-06-16T00:38:01.898">
  <mem-info id="3896" free="15728640" total="62914560" percent="25">
    <mem type="eden" free="0" total="22020096" percent="0" />
    <remembered-set count="1536" freebytes="2505216" totalbytes="2511360" percent="99" regionsoverflowed="0" regionsstable="17" regionsrebuilding="0"/>
  </mem-info>
</gc-start>
<allocation-stats totalBytes="22015320" >
  <allocated-bytes non-tlh="0" tlh="22015320" arrayletleaf="0"/>
  <largest-consumer threadName="main" threadId="0000000001AE6700" bytes="22015320" />
</allocation-stats>
<gc-op id="3897" type="copy forward" timems="0.757" contextid="3894" timestamp="2019-06-16T00:38:01.900">
  <memory-copied type="eden" objects="25" bytes="1144" bytesdiscarded="0" />
  <memory-copied type="other" objects="22" bytes="968" bytesdiscarded="0" />
  <memory-cardclean objects="62" bytes="2184" />
  <regions eden="21" other="1" />
  <remembered-set-cleared processed="898" cleared="11" durationms="0.094" />
  <stringconstants candidates="13269" cleared="0"  />
</gc-op>
<gc-op id="3898" type="classunload" timems="0.004" contextid="3894" timestamp="2019-06-16T00:38:01.900">
  <classunload-info classloadercandidates="53" classloadersunloaded="0" classesunloaded="0" anonymousclassesunloaded="0" quiescems="0.000" setupms="0.004" scanms="0.000" postms="0.000" />
</gc-op>
<heap-resize id="3899" type="expand" space="default" amount="3145728" count="1" timems="0.053" reason="excessive time being spent in gc" timestamp="2019-06-16T00:38:01.900" />
<gc-end id="3900" type="partial gc" contextid="3894" durationms="1.998" usertimems="0.000" systemtimems="0.000" timestamp="2019-06-16T00:38:01.900" activeThreads="1">
  <mem-info id="3901" free="39845888" total="66060288" percent="60">
    <mem type="eden" free="1047432" total="1048576" percent="99" />
    <remembered-set count="1984" freebytes="2628992" totalbytes="2636928" percent="99" regionsoverflowed="0" regionsstable="17" regionsrebuilding="0"/>
  </mem-info>
</gc-end>
<cycle-end id="3902" type="partial gc" contextid="3894" timestamp="2019-06-16T00:38:01.900" />
  <attribute name="elasticGC enabled" value="1" />
  <attribute name= "numThreadsSpecified" value="1" />
  <attribute name="heapSize specified" value="0" />
  <attribute name="Current GC Util" value="85" />
  <attribute name= "Current Time Running" value="20949" />
  <attribute name ="GC Interval" value="0" />
  <attribute name="ProportionalT" value="97.500000" />
  <attribute name="ProportionalI" value="97.500000" />
  <attribute name="ProportionalH" value="97.500000" />
  <attribute name="Current Error" value="65.000000" />
  <attribute name="IntegralT" value="0.000000" />
  <attribute name="IntegralI" value="0.000000" />
  <attribute name="IntegralH" value="0.000000" />
  <attribute name="DerivativeT" value="inf" />
  <attribute name="DerivativeI" value="inf" />
  <attribute name="DerivativeH" value="inf" />
  <attribute name="Loop Time for DT" value="0.000000" />
  <attribute name="Output H" value="8388608"/>
  <attribute name="Output I" value="200"/>
  <attribute name="Output T" value="1"/>
  <attribute name="Target GC Util Change" value ="20.000000" />
  <attribute name="Current GC Util Change" value="85.000000"/>
  <attribute name="GC Util currently" value="85" />
  <attribute name="CPU Util currently" value="19399899724955" />
<exclusive-end id="3903" timestamp="2019-06-16T00:38:01.901" durationms="2.870" />

<exclusive-start id="3904" timestamp="2019-06-16T00:38:01.925" intervalms="27.149">
  <response-info timems="0.078" idlems="0.078" threads="0" lastid="0000000001AE6700" lastname="main" />
</exclusive-start>
<allocation-taxation id="3905" taxation-threshold="23068672" timestamp="2019-06-16T00:38:01.925" intervalms="27.263" />
<cycle-start id="3906" type="partial gc" contextid="0" timestamp="2019-06-16T00:38:01.925" intervalms="27.303" />
<gc-start id="3907" type="partial gc" contextid="3906" timestamp="2019-06-16T00:38:01.926">
  <mem-info id="3908" free="16777216" total="66060288" percent="25">
    <mem type="eden" free="1047432" total="24117248" percent="4" />
    <remembered-set count="1568" freebytes="2630656" totalbytes="2636928" percent="99" regionsoverflowed="0" regionsstable="17" regionsrebuilding="0"/>
  </mem-info>
</gc-start>
<allocation-stats totalBytes="23063824" >
  <allocated-bytes non-tlh="0" tlh="23063824" arrayletleaf="0"/>
  <largest-consumer threadName="main" threadId="0000000001AE6700" bytes="23063824" />
</allocation-stats>
<gc-op id="3909" type="copy forward" timems="0.730" contextid="3906" timestamp="2019-06-16T00:38:01.927">
  <memory-copied type="eden" objects="21" bytes="936" bytesdiscarded="0" />
  <memory-copied type="other" objects="0" bytes="0" bytesdiscarded="0" />
  <memory-cardclean objects="14" bytes="520" />
  <regions eden="22" other="1" />
  <remembered-set-cleared processed="903" cleared="0" durationms="0.094" />
  <stringconstants candidates="13269" cleared="0"  />
</gc-op>
<gc-op id="3910" type="classunload" timems="0.004" contextid="3906" timestamp="2019-06-16T00:38:01.927">
  <classunload-info classloadercandidates="53" classloadersunloaded="0" classesunloaded="0" anonymousclassesunloaded="0" quiescems="0.000" setupms="0.004" scanms="0.000" postms="0.000" />
</gc-op>
<gc-end id="3911" type="partial gc" contextid="3906" durationms="1.715" usertimems="0.000" systemtimems="0.000" timestamp="2019-06-16T00:38:01.927" activeThreads="1">
  <mem-info id="3912" free="39845888" total="66060288" percent="60">
    <mem type="eden" free="1047640" total="1048576" percent="99" />
    <remembered-set count="2048" freebytes="2628736" totalbytes="2636928" percent="99" regionsoverflowed="0" regionsstable="17" regionsrebuilding="0"/>
  </mem-info>
</gc-end>
<cycle-end id="3913" type="partial gc" contextid="3906" timestamp="2019-06-16T00:38:01.928" />
  <attribute name="elasticGC enabled" value="1" />
  <attribute name= "numThreadsSpecified" value="1" />
  <attribute name="heapSize specified" value="0" />
  <attribute name="Current GC Util" value="91" />
  <attribute name= "Current Time Running" value="20977" />
  <attribute name ="GC Interval" value="0" />
  <attribute name="ProportionalT" value="106.500000" />
  <attribute name="ProportionalI" value="106.500000" />
  <attribute name="ProportionalH" value="106.500000" />
  <attribute name="Current Error" value="71.000000" />
  <attribute name="IntegralT" value="0.000000" />
  <attribute name="IntegralI" value="0.000000" />
  <attribute name="IntegralH" value="0.000000" />
  <attribute name="DerivativeT" value="inf" />
  <attribute name="DerivativeI" value="inf" />
  <attribute name="DerivativeH" value="inf" />
  <attribute name="Loop Time for DT" value="0.000000" />
  <attribute name="Output H" value="8388608"/>
  <attribute name="Output I" value="200"/>
  <attribute name="Output T" value="1"/>
  <attribute name="Target GC Util Change" value ="20.000000" />
  <attribute name="Current GC Util Change" value="91.000000"/>
  <attribute name="GC Util currently" value="91" />
  <attribute name="CPU Util currently" value="19759654323348" />
<exclusive-end id="3914" timestamp="2019-06-16T00:38:01.928" durationms="2.770" />

<exclusive-start id="3915" timestamp="2019-06-16T00:38:01.952" intervalms="27.118">
  <response-info timems="0.052" idlems="0.052" threads="0" lastid="0000000001AE6700" lastname="main" />
</exclusive-start>
<allocation-taxation id="3916" taxation-threshold="23068672" timestamp="2019-06-16T00:38:01.952" intervalms="27.089" />
<cycle-start id="3917" type="partial gc" contextid="0" timestamp="2019-06-16T00:38:01.953" intervalms="27.082" />
<gc-start id="3918" type="partial gc" contextid="3917" timestamp="2019-06-16T00:38:01.953">
  <mem-info id="3919" free="16777216" total="66060288" percent="25">
    <mem type="eden" free="1047640" total="24117248" percent="4" />
    <remembered-set count="1568" freebytes="2630656" totalbytes="2636928" percent="99" regionsoverflowed="0" regionsstable="17" regionsrebuilding="0"/>
  </mem-info>
</gc-start>
<allocation-stats totalBytes="23063536" >
  <allocated-bytes non-tlh="0" tlh="23063536" arrayletleaf="0"/>
  <largest-consumer threadName="main" threadId="0000000001AE6700" bytes="23063536" />
</allocation-stats>
<gc-op id="3920" type="copy forward" timems="0.804" contextid="3917" timestamp="2019-06-16T00:38:01.954">
  <memory-copied type="eden" objects="14" bytes="584" bytesdiscarded="0" />
  <memory-copied type="other" objects="0" bytes="0" bytesdiscarded="0" />
  <memory-cardclean objects="14" bytes="520" />
  <regions eden="22" other="1" />
  <remembered-set-cleared processed="903" cleared="0" durationms="0.114" />
  <stringconstants candidates="13269" cleared="0"  />
</gc-op>
<gc-op id="3921" type="classunload" timems="0.004" contextid="3917" timestamp="2019-06-16T00:38:01.954">
  <classunload-info classloadercandidates="53" classloadersunloaded="0" classesunloaded="0" anonymousclassesunloaded="0" quiescems="0.000" setupms="0.003" scanms="0.000" postms="0.000" />
</gc-op>
<gc-end id="3922" type="partial gc" contextid="3917" durationms="1.918" usertimems="0.000" systemtimems="0.000" timestamp="2019-06-16T00:38:01.955" activeThreads="1">
  <mem-info id="3923" free="39845888" total="66060288" percent="60">
    <mem type="eden" free="1047992" total="1048576" percent="99" />
    <remembered-set count="2048" freebytes="2628736" totalbytes="2636928" percent="99" regionsoverflowed="0" regionsstable="17" regionsrebuilding="0"/>
  </mem-info>
</gc-end>
<cycle-end id="3924" type="partial gc" contextid="3917" timestamp="2019-06-16T00:38:01.955" />
  <attribute name="elasticGC enabled" value="1" />
  <attribute name= "numThreadsSpecified" value="1" />
  <attribute name="heapSize specified" value="0" />
  <attribute name="Current GC Util" value="73" />
  <attribute name= "Current Time Running" value="21004" />
  <attribute name ="GC Interval" value="0" />
  <attribute name="ProportionalT" value="79.500000" />
  <attribute name="ProportionalI" value="79.500000" />
  <attribute name="ProportionalH" value="79.500000" />
  <attribute name="Current Error" value="53.000000" />
  <attribute name="IntegralT" value="0.000000" />
  <attribute name="IntegralI" value="0.000000" />
  <attribute name="IntegralH" value="0.000000" />
  <attribute name="DerivativeT" value="inf" />
  <attribute name="DerivativeI" value="inf" />
  <attribute name="DerivativeH" value="inf" />
  <attribute name="Loop Time for DT" value="0.000000" />
  <attribute name="Output H" value="8388608"/>
  <attribute name="Output I" value="200"/>
  <attribute name="Output T" value="1"/>
  <attribute name="Target GC Util Change" value ="20.000000" />
  <attribute name="Current GC Util Change" value="73.000000"/>
  <attribute name="GC Util currently" value="73" />
  <attribute name="CPU Util currently" value="17575826496752" />
<exclusive-end id="3925" timestamp="2019-06-16T00:38:01.955" durationms="2.956" />

<exclusive-start id="3926" timestamp="2019-06-16T00:38:02.125" intervalms="172.789">
  <response-info timems="0.053" idlems="0.053" threads="0" lastid="0000000001AE6700" lastname="main" />
</exclusive-start>
<allocation-taxation id="3927" taxation-threshold="23068672" timestamp="2019-06-16T00:38:02.125" intervalms="172.826" />
<cycle-start id="3928" type="partial gc" contextid="0" timestamp="2019-06-16T00:38:02.125" intervalms="172.918" />
<gc-start id="3929" type="partial gc" contextid="3928" timestamp="2019-06-16T00:38:02.126">
  <mem-info id="3930" free="16777216" total="66060288" percent="25">
    <mem type="eden" free="1047992" total="24117248" percent="4" />
    <remembered-set count="1568" freebytes="2630656" totalbytes="2636928" percent="99" regionsoverflowed="0" regionsstable="17" regionsrebuilding="0"/>
  </mem-info>
</gc-start>
<allocation-stats totalBytes="22507344" >
  <allocated-bytes non-tlh="0" tlh="22507344" arrayletleaf="0"/>
  <largest-consumer threadName="main" threadId="0000000001AE6700" bytes="22507344" />
</allocation-stats>
<gc-op id="3931" type="copy forward" timems="0.972" contextid="3928" timestamp="2019-06-16T00:38:02.128">
  <memory-copied type="eden" objects="97" bytes="42696" bytesdiscarded="0" />
  <memory-copied type="other" objects="0" bytes="0" bytesdiscarded="0" />
  <memory-cardclean objects="101" bytes="3024" />
  <regions eden="22" other="1" />
  <remembered-set-cleared processed="903" cleared="15" durationms="0.147" />
  <stringconstants candidates="13269" cleared="0"  />
</gc-op>
<gc-op id="3932" type="classunload" timems="0.004" contextid="3928" timestamp="2019-06-16T00:38:02.128">
  <classunload-info classloadercandidates="53" classloadersunloaded="0" classesunloaded="0" anonymousclassesunloaded="0" quiescems="0.000" setupms="0.004" scanms="0.000" postms="0.000" />
</gc-op>
<heap-resize id="3933" type="contract" space="default" amount="4194304" count="1" timems="0.068" reason="insufficient time being spent in gc" timestamp="2019-06-16T00:38:02.128" />
<gc-end id="3934" type="partial gc" contextid="3928" durationms="2.447" usertimems="0.000" systemtimems="4.000" timestamp="2019-06-16T00:38:02.128" activeThreads="1">
  <mem-info id="3935" free="35651584" total="61865984" percent="57">
    <mem type="eden" free="1005880" total="1048576" percent="95" />
    <remembered-set count="2016" freebytes="2628864" totalbytes="2636928" percent="99" regionsoverflowed="0" regionsstable="17" regionsrebuilding="0"/>
  </mem-info>
</gc-end>
<cycle-end id="3936" type="partial gc" contextid="3928" timestamp="2019-06-16T00:38:02.128" />
  <attribute name="elasticGC enabled" value="1" />
  <attribute name= "numThreadsSpecified" value="1" />
  <attribute name="heapSize specified" value="0" />
  <attribute name="Current GC Util" value="80" />
  <attribute name= "Current Time Running" value="21177" />
  <attribute name ="GC Interval" value="0" />
  <attribute name="ProportionalT" value="90.000000" />
  <attribute name="ProportionalI" value="90.000000" />
  <attribute name="ProportionalH" value="90.000000" />
  <attribute name="Current Error" value="60.000000" />
  <attribute name="IntegralT" value="0.000000" />
  <attribute name="IntegralI" value="0.000000" />
  <attribute name="IntegralH" value="0.000000" />
  <attribute name="DerivativeT" value="inf" />
  <attribute name="DerivativeI" value="inf" />
  <attribute name="DerivativeH" value="inf" />
  <attribute name="Loop Time for DT" value="0.000000" />
  <attribute name="Output H" value="8388608"/>
  <attribute name="Output I" value="200"/>
  <attribute name="Output T" value="1"/>
  <attribute name="Target GC Util Change" value ="20.000000" />
  <attribute name="Current GC Util Change" value="80.000000"/>
  <attribute name="GC Util currently" value="80" />
  <attribute name="CPU Util currently" value="14442389240695" />
<exclusive-end id="3937" timestamp="2019-06-16T00:38:02.129" durationms="3.732" />

<exclusive-start id="3938" timestamp="2019-06-16T00:38:02.132" intervalms="7.587">
  <response-info timems="0.092" idlems="0.092" threads="0" lastid="0000000001AE6700" lastname="main" />
</exclusive-start>
<allocation-taxation id="3939" taxation-threshold="22020096" timestamp="2019-06-16T00:38:02.133" intervalms="7.602" />
<cycle-start id="3940" type="partial gc" contextid="0" timestamp="2019-06-16T00:38:02.133" intervalms="7.500" />
<gc-start id="3941" type="partial gc" contextid="3940" timestamp="2019-06-16T00:38:02.133">
  <mem-info id="3942" free="13631488" total="61865984" percent="22">
    <mem type="eden" free="0" total="22020096" percent="0" />
    <remembered-set count="1568" freebytes="2630656" totalbytes="2636928" percent="99" regionsoverflowed="0" regionsstable="17" regionsrebuilding="0"/>
  </mem-info>
</gc-start>
<allocation-stats totalBytes="20605824" >
  <allocated-bytes non-tlh="0" tlh="20605824" arrayletleaf="0"/>
  <largest-consumer threadName="main" threadId="0000000001AE6700" bytes="20605824" />
</allocation-stats>
<gc-op id="3943" type="copy forward" timems="1.372" contextid="3940" timestamp="2019-06-16T00:38:02.135">
  <memory-copied type="eden" objects="11" bytes="39288" bytesdiscarded="1000" />
  <memory-copied type="other" objects="86" bytes="3408" bytesdiscarded="864" />
  <memory-cardclean objects="76" bytes="2608" />
  <regions eden="21" other="1" />
  <remembered-set-cleared processed="902" cleared="14" durationms="0.078" />
  <stringconstants candidates="13269" cleared="0"  />
</gc-op>
<gc-op id="3944" type="classunload" timems="0.005" contextid="3940" timestamp="2019-06-16T00:38:02.136">
  <classunload-info classloadercandidates="53" classloadersunloaded="0" classesunloaded="0" anonymousclassesunloaded="0" quiescems="0.000" setupms="0.004" scanms="0.000" postms="0.000" />
</gc-op>
<heap-resize id="3945" type="contract" space="default" amount="3145728" count="1" timems="0.060" reason="insufficient time being spent in gc" timestamp="2019-06-16T00:38:02.136" />
<gc-end id="3946" type="partial gc" contextid="3940" durationms="2.751" usertimems="4.000" systemtimems="0.000" timestamp="2019-06-16T00:38:02.136" activeThreads="4">
  <mem-info id="3947" free="31457280" total="58720256" percent="53">
    <mem type="eden" free="1008288" total="1048576" percent="96" />
    <remembered-set count="2688" freebytes="2458752" totalbytes="2469504" percent="99" regionsoverflowed="0" regionsstable="17" regionsrebuilding="0"/>
  </mem-info>
</gc-end>
<cycle-end id="3948" type="partial gc" contextid="3940" timestamp="2019-06-16T00:38:02.136" />
  <attribute name="elasticGC enabled" value="1" />
  <attribute name= "numThreadsSpecified" value="4" />
  <attribute name="heapSize specified" value="0" />
  <attribute name="Current GC Util" value="50" />
  <attribute name= "Current Time Running" value="21185" />
  <attribute name ="GC Interval" value="0" />
  <attribute name="ProportionalT" value="45.000000" />
  <attribute name="ProportionalI" value="45.000000" />
  <attribute name="ProportionalH" value="45.000000" />
  <attribute name="Current Error" value="30.000000" />
  <attribute name="IntegralT" value="30.000000" />
  <attribute name="IntegralI" value="30.000000" />
  <attribute name="IntegralH" value="30.000000" />
  <attribute name="DerivativeT" value="11.000000" />
  <attribute name="DerivativeI" value="11.000000" />
  <attribute name="DerivativeH" value="11.000000" />
  <attribute name="Loop Time for DT" value="1.000000" />
  <attribute name="Output H" value="8388608"/>
  <attribute name="Output I" value="200"/>
  <attribute name="Output T" value="4"/>
  <attribute name="Target GC Util Change" value ="20.000000" />
  <attribute name="Current GC Util Change" value="50.000000"/>
  <attribute name="GC Util currently" value="50" />
  <attribute name="CPU Util currently" value="10053926820057" />
<exclusive-end id="3949" timestamp="2019-06-16T00:38:02.136" durationms="3.886" />

<exclusive-start id="3950" timestamp="2019-06-16T00:38:02.140" intervalms="7.636">
  <response-info timems="0.089" idlems="0.089" threads="0" lastid="0000000001AE6700" lastname="main" />
</exclusive-start>
<allocation-taxation id="3951" taxation-threshold="20971520" timestamp="2019-06-16T00:38:02.140" intervalms="7.654" />
<cycle-start id="3952" type="partial gc" contextid="0" timestamp="2019-06-16T00:38:02.141" intervalms="7.629" />
<gc-start id="3953" type="partial gc" contextid="3952" timestamp="2019-06-16T00:38:02.141">
  <mem-info id="3954" free="10485760" total="58720256" percent="17">
    <mem type="eden" free="1008288" total="22020096" percent="4" />
    <remembered-set count="2240" freebytes="2460544" totalbytes="2469504" percent="99" regionsoverflowed="0" regionsstable="17" regionsrebuilding="0"/>
  </mem-info>
</gc-start>
<allocation-stats totalBytes="19633952" >
  <allocated-bytes non-tlh="0" tlh="19633952" arrayletleaf="0"/>
  <largest-consumer threadName="main" threadId="0000000001AE6700" bytes="19633952" />
</allocation-stats>
<gc-op id="3955" type="copy forward" timems="1.286" contextid="3952" timestamp="2019-06-16T00:38:02.143">
  <memory-copied type="eden" objects="11" bytes="37720" bytesdiscarded="912" />
  <memory-copied type="other" objects="0" bytes="0" bytesdiscarded="0" />
  <memory-cardclean objects="100" bytes="3280" />
  <regions eden="20" other="1" />
  <remembered-set-cleared processed="899" cleared="11" durationms="0.077" />
  <stringconstants candidates="13269" cleared="0"  />
</gc-op>
<gc-op id="3956" type="classunload" timems="0.005" contextid="3952" timestamp="2019-06-16T00:38:02.143">
  <classunload-info classloadercandidates="53" classloadersunloaded="0" classesunloaded="0" anonymousclassesunloaded="0" quiescems="0.000" setupms="0.004" scanms="0.000" postms="0.000" />
</gc-op>
<gc-end id="3957" type="partial gc" contextid="3952" durationms="2.417" usertimems="4.000" systemtimems="0.000" timestamp="2019-06-16T00:38:02.143" activeThreads="4">
  <mem-info id="3958" free="31457280" total="58720256" percent="53">
    <mem type="eden" free="1009944" total="1048576" percent="96" />
    <remembered-set count="2176" freebytes="2335232" totalbytes="2343936" percent="99" regionsoverflowed="0" regionsstable="17" regionsrebuilding="0"/>
  </mem-info>
</gc-end>
<cycle-end id="3959" type="partial gc" contextid="3952" timestamp="2019-06-16T00:38:02.143" />
  <attribute name="elasticGC enabled" value="1" />
  <attribute name= "numThreadsSpecified" value="4" />
  <attribute name="heapSize specified" value="0" />
  <attribute name="Current GC Util" value="44" />
  <attribute name= "Current Time Running" value="21192" />
  <attribute name ="GC Interval" value="0" />
  <attribute name="ProportionalT" value="36.000000" />
  <attribute name="ProportionalI" value="36.000000" />
  <attribute name="ProportionalH" value="36.000000" />
  <attribute name="Current Error" value="24.000000" />
  <attribute name="IntegralT" value="0.000000" />
  <attribute name="IntegralI" value="0.000000" />
  <attribute name="IntegralH" value="0.000000" />
  <attribute name="DerivativeT" value="-inf" />
  <attribute name="DerivativeI" value="-inf" />
  <attribute name="DerivativeH" value="-inf" />
  <attribute name="Loop Time for DT" value="0.000000" />
  <attribute name="Output H" value="2091843584"/>
  <attribute name="Output I" value="200"/>
  <attribute name="Output T" value="4"/>
  <attribute name="Target GC Util Change" value ="20.000000" />
  <attribute name="Current GC Util Change" value="44.000000"/>
  <attribute name="GC Util currently" value="44" />
  <attribute name="CPU Util currently" value="10318078815221" />
<exclusive-end id="3960" timestamp="2019-06-16T00:38:02.144" durationms="3.449" />

<exclusive-start id="3961" timestamp="2019-06-16T00:38:02.145" intervalms="5.371">
  <response-info timems="0.086" idlems="0.086" threads="0" lastid="0000000001AE6700" lastname="main" />
</exclusive-start>
<allocation-taxation id="3962" taxation-threshold="10485760" timestamp="2019-06-16T00:38:02.146" intervalms="5.304" />
<cycle-start id="3963" type="global mark phase" contextid="0" timestamp="2019-06-16T00:38:02.146" intervalms="701.857" />
<gc-start id="3964" type="global mark phase" contextid="3963" timestamp="2019-06-16T00:38:02.146">
  <mem-info id="3965" free="20971520" total="58720256" percent="35">
    <remembered-set count="1792" freebytes="2336768" totalbytes="2343936" percent="99" regionsoverflowed="0" regionsstable="17" regionsrebuilding="0"/>
  </mem-info>
</gc-start>
<gc-op id="3966" type="mark increment" timems="0.524" contextid="3963" timestamp="2019-06-16T00:38:02.147">
  <trace-info objectcount="180" scancount="0" scanbytes="0" />
</gc-op>
<gc-end id="3967" type="global mark phase" contextid="3963" durationms="0.685" usertimems="0.000" systemtimems="0.000" timestamp="2019-06-16T00:38:02.147" activeThreads="1">
  <mem-info id="3968" free="20971520" total="58720256" percent="35">
    <remembered-set count="1792" freebytes="2336768" totalbytes="2343936" percent="99" regionsoverflowed="0" regionsstable="0" regionsrebuilding="17"/>
  </mem-info>
</gc-end>
<concurrent-start id="3969" type="GMP work packet processing" contextid="3963" timestamp="2019-06-16T00:38:02.147">
  <concurrent-mark-start scanTarget="1149522" />
</concurrent-start>
<exclusive-end id="3970" timestamp="2019-06-16T00:38:02.147" durationms="1.516" />

<concurrent-end id="3971" type="GMP work packet processing" contextid="3963" timestamp="2019-06-16T00:38:02.155">
  <concurrent-mark-end bytesScanned="1194264" reasonForTermination="Work target met" />
</concurrent-end>

<exclusive-start id="3972" timestamp="2019-06-16T00:38:02.158" intervalms="12.964">
  <response-info timems="0.089" idlems="0.089" threads="0" lastid="0000000001AE6700" lastname="main" />
</exclusive-start>
<allocation-taxation id="3973" taxation-threshold="10485760" timestamp="2019-06-16T00:38:02.159" intervalms="12.913" />
<cycle-start id="3974" type="partial gc" contextid="0" timestamp="2019-06-16T00:38:02.159" intervalms="18.187" />
<gc-start id="3975" type="partial gc" contextid="3974" timestamp="2019-06-16T00:38:02.159">
  <mem-info id="3976" free="10485760" total="58720256" percent="17">
    <mem type="eden" free="1009944" total="22020096" percent="4" />
    <remembered-set count="7328" freebytes="2314624" totalbytes="2343936" percent="98" regionsoverflowed="0" regionsstable="0" regionsrebuilding="17"/>
  </mem-info>
</gc-start>
<allocation-stats totalBytes="20312952" >
  <allocated-bytes non-tlh="0" tlh="20312952" arrayletleaf="0"/>
  <largest-consumer threadName="main" threadId="0000000001AE6700" bytes="10485232" />
</allocation-stats>
<gc-op id="3977" type="copy forward" timems="1.230" contextid="3974" timestamp="2019-06-16T00:38:02.161">
  <memory-copied type="eden" objects="139" bytes="47312" bytesdiscarded="0" />
  <memory-copied type="other" objects="0" bytes="0" bytesdiscarded="0" />
  <memory-cardclean objects="81" bytes="2616" />
  <regions eden="20" other="1" />
  <remembered-set-cleared processed="6328" cleared="59" durationms="0.146" />
  <stringconstants candidates="13269" cleared="0"  />
</gc-op>
<gc-op id="3978" type="classunload" timems="0.005" contextid="3974" timestamp="2019-06-16T00:38:02.161">
  <classunload-info classloadercandidates="53" classloadersunloaded="0" classesunloaded="0" anonymousclassesunloaded="0" quiescems="0.000" setupms="0.005" scanms="0.000" postms="0.000" />
</gc-op>
<heap-resize id="3979" type="expand" space="default" amount="9437184" count="1" timems="0.077" reason="excessive time being spent in gc" timestamp="2019-06-16T00:38:02.162" />
<gc-end id="3980" type="partial gc" contextid="3974" durationms="2.914" usertimems="0.000" systemtimems="0.000" timestamp="2019-06-16T00:38:02.162" activeThreads="1">
  <mem-info id="3981" free="40894464" total="68157440" percent="60">
    <mem type="eden" free="1001264" total="1048576" percent="95" />
    <remembered-set count="7584" freebytes="2690304" totalbytes="2720640" percent="98" regionsoverflowed="0" regionsstable="0" regionsrebuilding="17"/>
  </mem-info>
</gc-end>
<cycle-end id="3982" type="partial gc" contextid="3974" timestamp="2019-06-16T00:38:02.162" />
  <attribute name="elasticGC enabled" value="1" />
  <attribute name= "numThreadsSpecified" value="1" />
  <attribute name="heapSize specified" value="0" />
  <attribute name="Current GC Util" value="47" />
  <attribute name= "Current Time Running" value="21210" />
  <attribute name ="GC Interval" value="0" />
  <attribute name="ProportionalT" value="40.500000" />
  <attribute name="ProportionalI" value="40.500000" />
  <attribute name="ProportionalH" value="40.500000" />
  <attribute name="Current Error" value="27.000000" />
  <attribute name="IntegralT" value="0.000000" />
  <attribute name="IntegralI" value="0.000000" />
  <attribute name="IntegralH" value="0.000000" />
  <attribute name="DerivativeT" value="inf" />
  <attribute name="DerivativeI" value="inf" />
  <attribute name="DerivativeH" value="inf" />
  <attribute name="Loop Time for DT" value="0.000000" />
  <attribute name="Output H" value="8388608"/>
  <attribute name="Output I" value="200"/>
  <attribute name="Output T" value="1"/>
  <attribute name="Target GC Util Change" value ="20.000000" />
  <attribute name="Current GC Util Change" value="47.000000"/>
  <attribute name="GC Util currently" value="47" />
  <attribute name="CPU Util currently" value="9059770587721" />
<exclusive-end id="3983" timestamp="2019-06-16T00:38:02.162" durationms="3.881" />

<exclusive-start id="3984" timestamp="2019-06-16T00:38:02.279" intervalms="120.264">
  <response-info timems="1.344" idlems="1.344" threads="0" lastid="0000000001AE6700" lastname="main" />
</exclusive-start>
<allocation-taxation id="3985" taxation-threshold="11534336" timestamp="2019-06-16T00:38:02.279" intervalms="120.396" />
<gc-start id="3986" type="global mark phase" contextid="3963" timestamp="2019-06-16T00:38:02.279">
  <mem-info id="3987" free="29360128" total="68157440" percent="43">
    <remembered-set count="7104" freebytes="2692224" totalbytes="2720640" percent="98" regionsoverflowed="0" regionsstable="0" regionsrebuilding="17"/>
  </mem-info>
</gc-start>
<gc-end id="3988" type="global mark phase" contextid="3963" durationms="0.137" usertimems="0.000" systemtimems="0.000" timestamp="2019-06-16T00:38:02.279" activeThreads="1">
  <mem-info id="3989" free="29360128" total="68157440" percent="43">
    <remembered-set count="7104" freebytes="2692224" totalbytes="2720640" percent="98" regionsoverflowed="0" regionsstable="0" regionsrebuilding="17"/>
  </mem-info>
</gc-end>
<concurrent-start id="3990" type="GMP work packet processing" contextid="3963" timestamp="2019-06-16T00:38:02.280">
  <concurrent-mark-start scanTarget="1149522" />
</concurrent-start>
<exclusive-end id="3991" timestamp="2019-06-16T00:38:02.281" durationms="1.959" />

<concurrent-end id="3992" type="GMP work packet processing" contextid="3963" timestamp="2019-06-16T00:38:02.281">
  <concurrent-mark-end bytesScanned="1205304" reasonForTermination="Work target met" />
</concurrent-end>

<exclusive-start id="3993" timestamp="2019-06-16T00:38:02.288" intervalms="9.744">
  <response-info timems="0.080" idlems="0.080" threads="0" lastid="0000000001AE6700" lastname="main" />
</exclusive-start>
<allocation-taxation id="3994" taxation-threshold="11534336" timestamp="2019-06-16T00:38:02.289" intervalms="9.630" />
<cycle-start id="3995" type="partial gc" contextid="0" timestamp="2019-06-16T00:38:02.289" intervalms="130.020" />
<gc-start id="3996" type="partial gc" contextid="3995" timestamp="2019-06-16T00:38:02.289">
  <mem-info id="3997" free="17825792" total="68157440" percent="26">
    <mem type="eden" free="0" total="23068672" percent="0" />
    <remembered-set count="21920" freebytes="2632960" totalbytes="2720640" percent="96" regionsoverflowed="0" regionsstable="0" regionsrebuilding="17"/>
  </mem-info>
</gc-start>
<allocation-stats totalBytes="23066544" >
  <allocated-bytes non-tlh="0" tlh="23066544" arrayletleaf="0"/>
  <largest-consumer threadName="main" threadId="0000000001AE6700" bytes="11532720" />
</allocation-stats>
<gc-op id="3998" type="copy forward" timems="1.385" contextid="3995" timestamp="2019-06-16T00:38:02.291">
  <memory-copied type="eden" objects="35" bytes="1048" bytesdiscarded="0" />
  <memory-copied type="other" objects="14" bytes="40120" bytesdiscarded="0" />
  <memory-cardclean objects="121" bytes="3560" />
  <regions eden="22" other="1" />
  <remembered-set-cleared processed="20161" cleared="85" durationms="0.237" />
  <stringconstants candidates="13269" cleared="0"  />
</gc-op>
<gc-op id="3999" type="classunload" timems="0.016" contextid="3995" timestamp="2019-06-16T00:38:02.291">
  <classunload-info classloadercandidates="53" classloadersunloaded="0" classesunloaded="0" anonymousclassesunloaded="0" quiescems="0.000" setupms="0.016" scanms="0.000" postms="0.000" />
</gc-op>
<gc-end id="4000" type="partial gc" contextid="3995" durationms="2.722" usertimems="0.000" systemtimems="0.000" timestamp="2019-06-16T00:38:02.292" activeThreads="1">
  <mem-info id="4001" free="39845888" total="68157440" percent="58">
    <mem type="eden" free="1047528" total="1048576" percent="99" />
    <remembered-set count="22336" freebytes="2631296" totalbytes="2720640" percent="96" regionsoverflowed="0" regionsstable="0" regionsrebuilding="17"/>
  </mem-info>
</gc-end>
<cycle-end id="4002" type="partial gc" contextid="3995" timestamp="2019-06-16T00:38:02.292" />
  <attribute name="elasticGC enabled" value="1" />
  <attribute name= "numThreadsSpecified" value="1" />
  <attribute name="heapSize specified" value="0" />
  <attribute name="Current GC Util" value="57" />
  <attribute name= "Current Time Running" value="21340" />
  <attribute name ="GC Interval" value="0" />
  <attribute name="ProportionalT" value="55.500000" />
  <attribute name="ProportionalI" value="55.500000" />
  <attribute name="ProportionalH" value="55.500000" />
  <attribute name="Current Error" value="37.000000" />
  <attribute name="IntegralT" value="0.000000" />
  <attribute name="IntegralI" value="0.000000" />
  <attribute name="IntegralH" value="0.000000" />
  <attribute name="DerivativeT" value="inf" />
  <attribute name="DerivativeI" value="inf" />
  <attribute name="DerivativeH" value="inf" />
  <attribute name="Loop Time for DT" value="0.000000" />
  <attribute name="Output H" value="8388608"/>
  <attribute name="Output I" value="200"/>
  <attribute name="Output T" value="1"/>
  <attribute name="Target GC Util Change" value ="20.000000" />
  <attribute name="Current GC Util Change" value="57.000000"/>
  <attribute name="GC Util currently" value="57" />
  <attribute name="CPU Util currently" value="16125170764184" />
<exclusive-end id="4003" timestamp="2019-06-16T00:38:02.292" durationms="3.784" />

<exclusive-start id="4004" timestamp="2019-06-16T00:38:02.300" intervalms="11.606">
  <response-info timems="0.097" idlems="0.097" threads="0" lastid="0000000001AE6700" lastname="main" />
</exclusive-start>
<allocation-taxation id="4005" taxation-threshold="11534336" timestamp="2019-06-16T00:38:02.300" intervalms="11.669" />
<gc-start id="4006" type="global mark phase" contextid="3963" timestamp="2019-06-16T00:38:02.301">
  <mem-info id="4007" free="28311552" total="68157440" percent="41">
    <remembered-set count="21952" freebytes="2632832" totalbytes="2720640" percent="96" regionsoverflowed="0" regionsstable="0" regionsrebuilding="17"/>
  </mem-info>
</gc-start>
<gc-end id="4008" type="global mark phase" contextid="3963" durationms="0.176" usertimems="0.000" systemtimems="0.000" timestamp="2019-06-16T00:38:02.301" activeThreads="1">
  <mem-info id="4009" free="28311552" total="68157440" percent="41">
    <remembered-set count="21952" freebytes="2632832" totalbytes="2720640" percent="96" regionsoverflowed="0" regionsstable="0" regionsrebuilding="17"/>
  </mem-info>
</gc-end>
<concurrent-start id="4010" type="GMP work packet processing" contextid="3963" timestamp="2019-06-16T00:38:02.301">
  <concurrent-mark-start scanTarget="1048576" />
</concurrent-start>
<exclusive-end id="4011" timestamp="2019-06-16T00:38:02.302" durationms="0.896" />

<concurrent-end id="4012" type="GMP work packet processing" contextid="3963" timestamp="2019-06-16T00:38:02.302">
  <concurrent-mark-end bytesScanned="1082224" reasonForTermination="Work target met" />
</concurrent-end>

<exclusive-start id="4013" timestamp="2019-06-16T00:38:02.309" intervalms="9.143">
  <response-info timems="0.071" idlems="0.071" threads="0" lastid="0000000001AE6700" lastname="main" />
</exclusive-start>
<allocation-taxation id="4014" taxation-threshold="11534336" timestamp="2019-06-16T00:38:02.309" intervalms="9.092" />
<cycle-start id="4015" type="partial gc" contextid="0" timestamp="2019-06-16T00:38:02.310" intervalms="20.866" />
<gc-start id="4016" type="partial gc" contextid="4015" timestamp="2019-06-16T00:38:02.310">
  <mem-info id="4017" free="16777216" total="68157440" percent="24">
    <mem type="eden" free="0" total="23068672" percent="0" />
    <remembered-set count="34560" freebytes="2582400" totalbytes="2720640" percent="94" regionsoverflowed="0" regionsstable="0" regionsrebuilding="17"/>
  </mem-info>
</gc-start>
<allocation-stats totalBytes="23065856" >
  <allocated-bytes non-tlh="0" tlh="23065856" arrayletleaf="0"/>
  <largest-consumer threadName="main" threadId="0000000001AE6700" bytes="11533016" />
</allocation-stats>
<gc-op id="4018" type="copy forward" timems="1.252" contextid="4015" timestamp="2019-06-16T00:38:02.312">
  <memory-copied type="eden" objects="2" bytes="56" bytesdiscarded="0" />
  <memory-copied type="other" objects="34" bytes="1024" bytesdiscarded="0" />
  <memory-cardclean objects="79" bytes="2456" />
  <regions eden="22" other="1" />
  <remembered-set-cleared processed="32393" cleared="74" durationms="0.288" />
  <stringconstants candidates="13269" cleared="0"  />
</gc-op>
<gc-op id="4019" type="classunload" timems="0.017" contextid="4015" timestamp="2019-06-16T00:38:02.312">
  <classunload-info classloadercandidates="53" classloadersunloaded="0" classesunloaded="0" anonymousclassesunloaded="0" quiescems="0.000" setupms="0.017" scanms="0.000" postms="0.000" />
</gc-op>
<heap-resize id="4020" type="expand" space="default" amount="5242880" count="1" timems="0.063" reason="excessive time being spent in gc" timestamp="2019-06-16T00:38:02.312" />
<gc-end id="4021" type="partial gc" contextid="4015" durationms="2.720" usertimems="0.000" systemtimems="0.000" timestamp="2019-06-16T00:38:02.313" activeThreads="1">
  <mem-info id="4022" free="44040192" total="73400320" percent="60">
    <mem type="eden" free="1048520" total="1048576" percent="99" />
    <remembered-set count="34944" freebytes="2790144" totalbytes="2929920" percent="95" regionsoverflowed="0" regionsstable="0" regionsrebuilding="17"/>
  </mem-info>
</gc-end>
<cycle-end id="4023" type="partial gc" contextid="4015" timestamp="2019-06-16T00:38:02.313" />
  <attribute name="elasticGC enabled" value="1" />
  <attribute name= "numThreadsSpecified" value="1" />
  <attribute name="heapSize specified" value="0" />
  <attribute name="Current GC Util" value="59" />
  <attribute name= "Current Time Running" value="21361" />
  <attribute name ="GC Interval" value="0" />
  <attribute name="ProportionalT" value="58.500000" />
  <attribute name="ProportionalI" value="58.500000" />
  <attribute name="ProportionalH" value="58.500000" />
  <attribute name="Current Error" value="39.000000" />
  <attribute name="IntegralT" value="0.000000" />
  <attribute name="IntegralI" value="0.000000" />
  <attribute name="IntegralH" value="0.000000" />
  <attribute name="DerivativeT" value="inf" />
  <attribute name="DerivativeI" value="inf" />
  <attribute name="DerivativeH" value="inf" />
  <attribute name="Loop Time for DT" value="0.000000" />
  <attribute name="Output H" value="8388608"/>
  <attribute name="Output I" value="200"/>
  <attribute name="Output T" value="1"/>
  <attribute name="Target GC Util Change" value ="20.000000" />
  <attribute name="Current GC Util Change" value="59.000000"/>
  <attribute name="GC Util currently" value="59" />
  <attribute name="CPU Util currently" value="19303510875729" />
<exclusive-end id="4024" timestamp="2019-06-16T00:38:02.313" durationms="3.971" />

<exclusive-start id="4025" timestamp="2019-06-16T00:38:02.322" intervalms="12.309">
  <response-info timems="0.074" idlems="0.074" threads="0" lastid="0000000001AE6700" lastname="main" />
</exclusive-start>
<allocation-taxation id="4026" taxation-threshold="12582912" timestamp="2019-06-16T00:38:02.322" intervalms="12.340" />
<gc-start id="4027" type="global mark phase" contextid="3963" timestamp="2019-06-16T00:38:02.322">
  <mem-info id="4028" free="31457280" total="73400320" percent="42">
    <remembered-set count="34528" freebytes="2791808" totalbytes="2929920" percent="95" regionsoverflowed="0" regionsstable="0" regionsrebuilding="17"/>
  </mem-info>
</gc-start>
<gc-end id="4029" type="global mark phase" contextid="3963" durationms="0.191" usertimems="0.000" systemtimems="0.000" timestamp="2019-06-16T00:38:02.322" activeThreads="1">
  <mem-info id="4030" free="31457280" total="73400320" percent="42">
    <remembered-set count="34528" freebytes="2791808" totalbytes="2929920" percent="95" regionsoverflowed="0" regionsstable="0" regionsrebuilding="17"/>
  </mem-info>
</gc-end>
<concurrent-start id="4031" type="GMP work packet processing" contextid="3963" timestamp="2019-06-16T00:38:02.322">
  <concurrent-mark-start scanTarget="1048576" />
</concurrent-start>
<exclusive-end id="4032" timestamp="2019-06-16T00:38:02.323" durationms="1.138" />

<concurrent-end id="4033" type="GMP work packet processing" contextid="3963" timestamp="2019-06-16T00:38:02.325">
  <concurrent-mark-end bytesScanned="1050008" reasonForTermination="Work target met" />
</concurrent-end>

<exclusive-start id="4034" timestamp="2019-06-16T00:38:02.334" intervalms="12.197">
  <response-info timems="0.119" idlems="0.119" threads="0" lastid="0000000001AE6700" lastname="main" />
</exclusive-start>
<allocation-taxation id="4035" taxation-threshold="12582912" timestamp="2019-06-16T00:38:02.334" intervalms="12.213" />
<cycle-start id="4036" type="partial gc" contextid="0" timestamp="2019-06-16T00:38:02.334" intervalms="24.547" />
<gc-start id="4037" type="partial gc" contextid="4036" timestamp="2019-06-16T00:38:02.334">
  <mem-info id="4038" free="18874368" total="73400320" percent="25">
    <mem type="eden" free="1048520" total="26214400" percent="3" />
    <remembered-set count="44960" freebytes="2750080" totalbytes="2929920" percent="93" regionsoverflowed="0" regionsstable="0" regionsrebuilding="17"/>
  </mem-info>
</gc-start>
<allocation-stats totalBytes="25162080" >
  <allocated-bytes non-tlh="0" tlh="25162080" arrayletleaf="0"/>
  <largest-consumer threadName="main" threadId="0000000001AE6700" bytes="12580888" />
</allocation-stats>
<gc-op id="4039" type="copy forward" timems="1.914" contextid="4036" timestamp="2019-06-16T00:38:02.337">
  <memory-copied type="eden" objects="43" bytes="1400" bytesdiscarded="1392" />
  <memory-copied type="other" objects="0" bytes="0" bytesdiscarded="0" />
  <memory-cardclean objects="80" bytes="2512" />
  <regions eden="24" other="1" />
  <remembered-set-cleared processed="42878" cleared="35" durationms="0.182" />
  <stringconstants candidates="13269" cleared="0"  />
</gc-op>
<gc-op id="4040" type="classunload" timems="0.004" contextid="4036" timestamp="2019-06-16T00:38:02.337">
  <classunload-info classloadercandidates="53" classloadersunloaded="0" classesunloaded="0" anonymousclassesunloaded="0" quiescems="0.000" setupms="0.004" scanms="0.000" postms="0.000" />
</gc-op>
<gc-end id="4041" type="partial gc" contextid="4036" durationms="2.927" usertimems="4.000" systemtimems="0.000" timestamp="2019-06-16T00:38:02.337" activeThreads="4">
  <mem-info id="4042" free="44040192" total="73400320" percent="60">
    <mem type="eden" free="1045784" total="1048576" percent="99" />
    <remembered-set count="46400" freebytes="2744320" totalbytes="2929920" percent="93" regionsoverflowed="0" regionsstable="0" regionsrebuilding="17"/>
  </mem-info>
</gc-end>
<cycle-end id="4043" type="partial gc" contextid="4036" timestamp="2019-06-16T00:38:02.338" />
  <attribute name="elasticGC enabled" value="1" />
  <attribute name= "numThreadsSpecified" value="4" />
  <attribute name="heapSize specified" value="0" />
  <attribute name="Current GC Util" value="88" />
  <attribute name= "Current Time Running" value="21386" />
  <attribute name ="GC Interval" value="0" />
  <attribute name="ProportionalT" value="102.000000" />
  <attribute name="ProportionalI" value="102.000000" />
  <attribute name="ProportionalH" value="102.000000" />
  <attribute name="Current Error" value="68.000000" />
  <attribute name="IntegralT" value="68.000000" />
  <attribute name="IntegralI" value="68.000000" />
  <attribute name="IntegralH" value="68.000000" />
  <attribute name="DerivativeT" value="34.000000" />
  <attribute name="DerivativeI" value="34.000000" />
  <attribute name="DerivativeH" value="34.000000" />
  <attribute name="Loop Time for DT" value="1.000000" />
  <attribute name="Output H" value="8388608"/>
  <attribute name="Output I" value="208"/>
  <attribute name="Output T" value="4"/>
  <attribute name="Target GC Util Change" value ="20.000000" />
  <attribute name="Current GC Util Change" value="88.000000"/>
  <attribute name="GC Util currently" value="88" />
  <attribute name="CPU Util currently" value="13825532094951" />
<exclusive-end id="4044" timestamp="2019-06-16T00:38:02.338" durationms="3.939" />

<exclusive-start id="4045" timestamp="2019-06-16T00:38:02.349" intervalms="15.625">
  <response-info timems="0.100" idlems="0.100" threads="0" lastid="0000000001AE6700" lastname="main" />
</exclusive-start>
<allocation-taxation id="4046" taxation-threshold="12582912" timestamp="2019-06-16T00:38:02.350" intervalms="15.559" />
<gc-start id="4047" type="global mark phase" contextid="3963" timestamp="2019-06-16T00:38:02.350">
  <mem-info id="4048" free="31457280" total="73400320" percent="42">
    <remembered-set count="45920" freebytes="2746240" totalbytes="2929920" percent="93" regionsoverflowed="0" regionsstable="0" regionsrebuilding="17"/>
  </mem-info>
</gc-start>
<gc-end id="4049" type="global mark phase" contextid="3963" durationms="0.188" usertimems="0.000" systemtimems="0.000" timestamp="2019-06-16T00:38:02.350" activeThreads="4">
  <mem-info id="4050" free="31457280" total="73400320" percent="42">
    <remembered-set count="45920" freebytes="2746240" totalbytes="2929920" percent="93" regionsoverflowed="0" regionsstable="0" regionsrebuilding="17"/>
  </mem-info>
</gc-end>
<concurrent-start id="4051" type="GMP work packet processing" contextid="3963" timestamp="2019-06-16T00:38:02.350">
  <concurrent-mark-start scanTarget="2299044" />
</concurrent-start>
<exclusive-end id="4052" timestamp="2019-06-16T00:38:02.352" durationms="2.325" />

<concurrent-end id="4053" type="GMP work packet processing" contextid="3963" timestamp="2019-06-16T00:38:02.356">
  <concurrent-mark-end bytesScanned="2357452" reasonForTermination="Work target met" />
</concurrent-end>

<exclusive-start id="4054" timestamp="2019-06-16T00:38:02.364" intervalms="14.671">
  <response-info timems="0.074" idlems="0.074" threads="0" lastid="0000000001AE6700" lastname="main" />
</exclusive-start>
<allocation-taxation id="4055" taxation-threshold="12582912" timestamp="2019-06-16T00:38:02.364" intervalms="14.677" />
<cycle-start id="4056" type="partial gc" contextid="0" timestamp="2019-06-16T00:38:02.364" intervalms="30.186" />
<gc-start id="4057" type="partial gc" contextid="4056" timestamp="2019-06-16T00:38:02.365">
  <mem-info id="4058" free="18874368" total="73400320" percent="25">
    <mem type="eden" free="0" total="25165824" percent="0" />
    <remembered-set count="70432" freebytes="2648192" totalbytes="2929920" percent="90" regionsoverflowed="0" regionsstable="0" regionsrebuilding="17"/>
  </mem-info>
</gc-start>
<allocation-stats totalBytes="25160584" >
  <allocated-bytes non-tlh="0" tlh="25160584" arrayletleaf="0"/>
  <largest-consumer threadName="main" threadId="0000000001AE6700" bytes="12580320" />
</allocation-stats>
<gc-op id="4059" type="copy forward" timems="1.775" contextid="4056" timestamp="2019-06-16T00:38:02.367">
  <memory-copied type="eden" objects="18" bytes="584" bytesdiscarded="696" />
  <memory-copied type="other" objects="7" bytes="160" bytesdiscarded="1392" />
  <memory-cardclean objects="123" bytes="3424" />
  <regions eden="24" other="1" />
  <remembered-set-cleared processed="67908" cleared="70" durationms="0.303" />
  <stringconstants candidates="13269" cleared="0"  />
</gc-op>
<gc-op id="4060" type="classunload" timems="0.004" contextid="4056" timestamp="2019-06-16T00:38:02.367">
  <classunload-info classloadercandidates="53" classloadersunloaded="0" classesunloaded="0" anonymousclassesunloaded="0" quiescems="0.000" setupms="0.004" scanms="0.000" postms="0.000" />
</gc-op>
<heap-resize id="4061" type="expand" space="default" amount="3145728" count="1" timems="0.052" reason="excessive time being spent in gc" timestamp="2019-06-16T00:38:02.367" />
<gc-end id="4062" type="partial gc" contextid="4056" durationms="2.787" usertimems="4.000" systemtimems="0.000" timestamp="2019-06-16T00:38:02.367" activeThreads="4">
  <mem-info id="4063" free="46137344" total="76546048" percent="60">
    <mem type="eden" free="1047296" total="1048576" percent="99" />
    <remembered-set count="70848" freebytes="2772096" totalbytes="3055488" percent="90" regionsoverflowed="0" regionsstable="0" regionsrebuilding="17"/>
  </mem-info>
</gc-end>
<cycle-end id="4064" type="partial gc" contextid="4056" timestamp="2019-06-16T00:38:02.367" />
  <attribute name="elasticGC enabled" value="1" />
  <attribute name= "numThreadsSpecified" value="4" />
  <attribute name="heapSize specified" value="0" />
  <attribute name="Current GC Util" value="72" />
  <attribute name= "Current Time Running" value="21416" />
  <attribute name ="GC Interval" value="0" />
  <attribute name="ProportionalT" value="78.000000" />
  <attribute name="ProportionalI" value="78.000000" />
  <attribute name="ProportionalH" value="78.000000" />
  <attribute name="Current Error" value="52.000000" />
  <attribute name="IntegralT" value="52.000000" />
  <attribute name="IntegralI" value="52.000000" />
  <attribute name="IntegralH" value="52.000000" />
  <attribute name="DerivativeT" value="24.000000" />
  <attribute name="DerivativeI" value="24.000000" />
  <attribute name="DerivativeH" value="24.000000" />
  <attribute name="Loop Time for DT" value="1.000000" />
  <attribute name="Output H" value="8388608"/>
  <attribute name="Output I" value="200"/>
  <attribute name="Output T" value="4"/>
  <attribute name="Target GC Util Change" value ="20.000000" />
  <attribute name="Current GC Util Change" value="72.000000"/>
  <attribute name="GC Util currently" value="72" />
  <attribute name="CPU Util currently" value="19666709149877" />
<exclusive-end id="4065" timestamp="2019-06-16T00:38:02.368" durationms="3.621" />

<exclusive-start id="4066" timestamp="2019-06-16T00:38:02.377" intervalms="13.149">
  <response-info timems="0.078" idlems="0.078" threads="0" lastid="0000000001AE6700" lastname="main" />
</exclusive-start>
<allocation-taxation id="4067" taxation-threshold="12582912" timestamp="2019-06-16T00:38:02.377" intervalms="13.111" />
<gc-start id="4068" type="global mark phase" contextid="3963" timestamp="2019-06-16T00:38:02.377">
  <mem-info id="4069" free="33554432" total="76546048" percent="43">
    <remembered-set count="70400" freebytes="2773888" totalbytes="3055488" percent="90" regionsoverflowed="0" regionsstable="0" regionsrebuilding="17"/>
  </mem-info>
</gc-start>
<gc-end id="4070" type="global mark phase" contextid="3963" durationms="0.134" usertimems="0.000" systemtimems="0.000" timestamp="2019-06-16T00:38:02.378" activeThreads="4">
  <mem-info id="4071" free="33554432" total="76546048" percent="43">
    <remembered-set count="70400" freebytes="2773888" totalbytes="3055488" percent="90" regionsoverflowed="0" regionsstable="0" regionsrebuilding="17"/>
  </mem-info>
</gc-end>
<concurrent-start id="4072" type="GMP work packet processing" contextid="3963" timestamp="2019-06-16T00:38:02.378">
  <concurrent-mark-start scanTarget="2299044" />
</concurrent-start>
<exclusive-end id="4073" timestamp="2019-06-16T00:38:02.379" durationms="1.891" />

<concurrent-end id="4074" type="GMP work packet processing" contextid="3963" timestamp="2019-06-16T00:38:02.379">
  <concurrent-mark-end bytesScanned="2354788" reasonForTermination="Work target met" />
</concurrent-end>

<exclusive-start id="4075" timestamp="2019-06-16T00:38:02.389" intervalms="11.577">
  <response-info timems="0.244" idlems="0.244" threads="0" lastid="0000000001AE6700" lastname="main" />
</exclusive-start>
<allocation-taxation id="4076" taxation-threshold="12582912" timestamp="2019-06-16T00:38:02.389" intervalms="11.581" />
<cycle-start id="4077" type="partial gc" contextid="0" timestamp="2019-06-16T00:38:02.389" intervalms="24.684" />
<gc-start id="4078" type="partial gc" contextid="4077" timestamp="2019-06-16T00:38:02.389">
  <mem-info id="4079" free="20971520" total="76546048" percent="27">
    <mem type="eden" free="0" total="25165824" percent="0" />
    <remembered-set count="96832" freebytes="2668160" totalbytes="3055488" percent="87" regionsoverflowed="0" regionsstable="0" regionsrebuilding="17"/>
  </mem-info>
</gc-start>
<allocation-stats totalBytes="25155792" >
  <allocated-bytes non-tlh="0" tlh="25155792" arrayletleaf="0"/>
  <largest-consumer threadName="main" threadId="0000000001AE6700" bytes="12577896" />
</allocation-stats>
<gc-op id="4080" type="copy forward" timems="1.494" contextid="4077" timestamp="2019-06-16T00:38:02.391">
  <memory-copied type="eden" objects="7" bytes="312" bytesdiscarded="0" />
  <memory-copied type="other" objects="18" bytes="584" bytesdiscarded="0" />
  <memory-cardclean objects="57" bytes="1872" />
  <regions eden="24" other="1" />
  <remembered-set-cleared processed="94130" cleared="29" durationms="0.592" />
  <stringconstants candidates="13269" cleared="0"  />
</gc-op>
<gc-op id="4081" type="classunload" timems="0.004" contextid="4077" timestamp="2019-06-16T00:38:02.392">
  <classunload-info classloadercandidates="53" classloadersunloaded="0" classesunloaded="0" anonymousclassesunloaded="0" quiescems="0.000" setupms="0.004" scanms="0.000" postms="0.000" />
</gc-op>
<heap-resize id="4082" type="expand" space="default" amount="2097152" count="1" timems="0.057" reason="excessive time being spent in gc" timestamp="2019-06-16T00:38:02.392" />
<gc-end id="4083" type="partial gc" contextid="4077" durationms="2.688" usertimems="4.000" systemtimems="0.000" timestamp="2019-06-16T00:38:02.392" activeThreads="1">
  <mem-info id="4084" free="47185920" total="78643200" percent="60">
    <mem type="eden" free="1048264" total="1048576" percent="99" />
    <remembered-set count="97184" freebytes="2750464" totalbytes="3139200" percent="87" regionsoverflowed="0" regionsstable="0" regionsrebuilding="17"/>
  </mem-info>
</gc-end>
<cycle-end id="4085" type="partial gc" contextid="4077" timestamp="2019-06-16T00:38:02.392" />
  <attribute name="elasticGC enabled" value="1" />
  <attribute name= "numThreadsSpecified" value="1" />
  <attribute name="heapSize specified" value="0" />
  <attribute name="Current GC Util" value="77" />
  <attribute name= "Current Time Running" value="21440" />
  <attribute name ="GC Interval" value="0" />
  <attribute name="ProportionalT" value="85.500000" />
  <attribute name="ProportionalI" value="85.500000" />
  <attribute name="ProportionalH" value="85.500000" />
  <attribute name="Current Error" value="57.000000" />
  <attribute name="IntegralT" value="0.000000" />
  <attribute name="IntegralI" value="0.000000" />
  <attribute name="IntegralH" value="0.000000" />
  <attribute name="DerivativeT" value="inf" />
  <attribute name="DerivativeI" value="inf" />
  <attribute name="DerivativeH" value="inf" />
  <attribute name="Loop Time for DT" value="0.000000" />
  <attribute name="Output H" value="8388608"/>
  <attribute name="Output I" value="200"/>
  <attribute name="Output T" value="1"/>
  <attribute name="Target GC Util Change" value ="20.000000" />
  <attribute name="Current GC Util Change" value="77.000000"/>
  <attribute name="GC Util currently" value="77" />
  <attribute name="CPU Util currently" value="19914609914685" />
<exclusive-end id="4086" timestamp="2019-06-16T00:38:02.392" durationms="3.604" />

<exclusive-start id="4087" timestamp="2019-06-16T00:38:02.402" intervalms="13.082">
  <response-info timems="0.081" idlems="0.081" threads="0" lastid="0000000001AE6700" lastname="main" />
</exclusive-start>
<allocation-taxation id="4088" taxation-threshold="12582912" timestamp="2019-06-16T00:38:02.402" intervalms="13.082" />
<gc-start id="4089" type="global mark phase" contextid="3963" timestamp="2019-06-16T00:38:02.402">
  <mem-info id="4090" free="34603008" total="78643200" percent="44">
    <remembered-set count="96768" freebytes="2752128" totalbytes="3139200" percent="87" regionsoverflowed="0" regionsstable="0" regionsrebuilding="17"/>
  </mem-info>
</gc-start>
<gc-end id="4091" type="global mark phase" contextid="3963" durationms="0.121" usertimems="0.000" systemtimems="0.000" timestamp="2019-06-16T00:38:02.402" activeThreads="1">
  <mem-info id="4092" free="34603008" total="78643200" percent="44">
    <remembered-set count="96768" freebytes="2752128" totalbytes="3139200" percent="87" regionsoverflowed="0" regionsstable="0" regionsrebuilding="17"/>
  </mem-info>
</gc-end>
<concurrent-start id="4093" type="GMP work packet processing" contextid="3963" timestamp="2019-06-16T00:38:02.402">
  <concurrent-mark-start scanTarget="1048576" />
</concurrent-start>
<concurrent-end id="4094" type="GMP work packet processing" contextid="3963" timestamp="2019-06-16T00:38:02.403">
  <concurrent-mark-end bytesScanned="1108856" reasonForTermination="Work target met" />
</concurrent-end>

<exclusive-end id="4095" timestamp="2019-06-16T00:38:02.403" durationms="1.252" />

<exclusive-start id="4096" timestamp="2019-06-16T00:38:02.416" intervalms="14.114">
  <response-info timems="0.246" idlems="0.246" threads="0" lastid="0000000001AE6700" lastname="main" />
</exclusive-start>
<allocation-taxation id="4097" taxation-threshold="12582912" timestamp="2019-06-16T00:38:02.416" intervalms="14.150" />
<cycle-start id="4098" type="partial gc" contextid="0" timestamp="2019-06-16T00:38:02.416" intervalms="27.242" />
<gc-start id="4099" type="partial gc" contextid="4098" timestamp="2019-06-16T00:38:02.417">
  <mem-info id="4100" free="22020096" total="78643200" percent="28">
    <mem type="eden" free="1048264" total="26214400" percent="3" />
    <remembered-set count="105056" freebytes="2718976" totalbytes="3139200" percent="86" regionsoverflowed="0" regionsstable="0" regionsrebuilding="17"/>
  </mem-info>
</gc-start>
<allocation-stats totalBytes="25156672" >
  <allocated-bytes non-tlh="0" tlh="25156672" arrayletleaf="0"/>
  <largest-consumer threadName="main" threadId="0000000001AE6700" bytes="12578680" />
</allocation-stats>
<gc-op id="4101" type="copy forward" timems="1.814" contextid="4098" timestamp="2019-06-16T00:38:02.419">
  <memory-copied type="eden" objects="28" bytes="864" bytesdiscarded="624" />
  <memory-copied type="other" objects="0" bytes="0" bytesdiscarded="0" />
  <memory-cardclean objects="88" bytes="2592" />
  <regions eden="24" other="1" />
  <remembered-set-cleared processed="102806" cleared="33" durationms="0.372" />
  <stringconstants candidates="13269" cleared="0"  />
</gc-op>
<gc-op id="4102" type="classunload" timems="0.004" contextid="4098" timestamp="2019-06-16T00:38:02.419">
  <classunload-info classloadercandidates="53" classloadersunloaded="0" classesunloaded="0" anonymousclassesunloaded="0" quiescems="0.000" setupms="0.004" scanms="0.000" postms="0.000" />
</gc-op>
<gc-end id="4103" type="partial gc" contextid="4098" durationms="2.722" usertimems="4.000" systemtimems="0.000" timestamp="2019-06-16T00:38:02.419" activeThreads="4">
  <mem-info id="4104" free="47185920" total="78643200" percent="60">
    <mem type="eden" free="1047088" total="1048576" percent="99" />
    <remembered-set count="105536" freebytes="2717056" totalbytes="3139200" percent="86" regionsoverflowed="0" regionsstable="0" regionsrebuilding="17"/>
  </mem-info>
</gc-end>
<cycle-end id="4105" type="partial gc" contextid="4098" timestamp="2019-06-16T00:38:02.419" />
  <attribute name="elasticGC enabled" value="1" />
  <attribute name= "numThreadsSpecified" value="4" />
  <attribute name="heapSize specified" value="0" />
  <attribute name="Current GC Util" value="74" />
  <attribute name= "Current Time Running" value="21468" />
  <attribute name ="GC Interval" value="0" />
  <attribute name="ProportionalT" value="81.000000" />
  <attribute name="ProportionalI" value="81.000000" />
  <attribute name="ProportionalH" value="81.000000" />
  <attribute name="Current Error" value="54.000000" />
  <attribute name="IntegralT" value="54.000000" />
  <attribute name="IntegralI" value="54.000000" />
  <attribute name="IntegralH" value="54.000000" />
  <attribute name="DerivativeT" value="27.000000" />
  <attribute name="DerivativeI" value="27.000000" />
  <attribute name="DerivativeH" value="27.000000" />
  <attribute name="Loop Time for DT" value="1.000000" />
  <attribute name="Output H" value="8388608"/>
  <attribute name="Output I" value="200"/>
  <attribute name="Output T" value="4"/>
  <attribute name="Target GC Util Change" value ="20.000000" />
  <attribute name="Current GC Util Change" value="74.000000"/>
  <attribute name="GC Util currently" value="74" />
  <attribute name="CPU Util currently" value="19728209417604" />
<exclusive-end id="4106" timestamp="2019-06-16T00:38:02.420" durationms="3.562" />

<exclusive-start id="4107" timestamp="2019-06-16T00:38:02.436" intervalms="19.896">
  <response-info timems="0.249" idlems="0.249" threads="0" lastid="0000000001AE6700" lastname="main" />
</exclusive-start>
<allocation-taxation id="4108" taxation-threshold="12582912" timestamp="2019-06-16T00:38:02.436" intervalms="19.838" />
<gc-start id="4109" type="global mark phase" contextid="3963" timestamp="2019-06-16T00:38:02.436">
  <mem-info id="4110" free="34603008" total="78643200" percent="44">
    <remembered-set count="105056" freebytes="2718976" totalbytes="3139200" percent="86" regionsoverflowed="0" regionsstable="0" regionsrebuilding="17"/>
  </mem-info>
</gc-start>
<gc-end id="4111" type="global mark phase" contextid="3963" durationms="0.122" usertimems="0.000" systemtimems="0.000" timestamp="2019-06-16T00:38:02.436" activeThreads="4">
  <mem-info id="4112" free="34603008" total="78643200" percent="44">
    <remembered-set count="105056" freebytes="2718976" totalbytes="3139200" percent="86" regionsoverflowed="0" regionsstable="0" regionsrebuilding="17"/>
  </mem-info>
</gc-end>
<concurrent-start id="4113" type="GMP work packet processing" contextid="3963" timestamp="2019-06-16T00:38:02.436">
  <concurrent-mark-start scanTarget="2299044" />
</concurrent-start>
<concurrent-end id="4114" type="GMP work packet processing" contextid="3963" timestamp="2019-06-16T00:38:02.438">
  <concurrent-mark-end bytesScanned="2328632" reasonForTermination="Work target met" />
</concurrent-end>

<exclusive-end id="4115" timestamp="2019-06-16T00:38:02.438" durationms="1.938" />

<exclusive-start id="4116" timestamp="2019-06-16T00:38:02.455" intervalms="18.952">
  <response-info timems="0.101" idlems="0.101" threads="0" lastid="0000000001AE6700" lastname="main" />
</exclusive-start>
<allocation-taxation id="4117" taxation-threshold="12582912" timestamp="2019-06-16T00:38:02.455" intervalms="18.967" />
<cycle-start id="4118" type="partial gc" contextid="0" timestamp="2019-06-16T00:38:02.455" intervalms="38.710" />
<gc-start id="4119" type="partial gc" contextid="4118" timestamp="2019-06-16T00:38:02.455">
  <mem-info id="4120" free="22020096" total="78643200" percent="28">
    <mem type="eden" free="0" total="25165824" percent="0" />
    <remembered-set count="130240" freebytes="2618240" totalbytes="3139200" percent="83" regionsoverflowed="0" regionsstable="0" regionsrebuilding="17"/>
  </mem-info>
</gc-start>
<allocation-stats totalBytes="25164496" >
  <allocated-bytes non-tlh="0" tlh="25164496" arrayletleaf="0"/>
  <largest-consumer threadName="main" threadId="0000000001AE6700" bytes="12582232" />
</allocation-stats>
<gc-op id="4121" type="copy forward" timems="1.583" contextid="4118" timestamp="2019-06-16T00:38:02.457">
  <memory-copied type="eden" objects="29" bytes="888" bytesdiscarded="0" />
  <memory-copied type="other" objects="7" bytes="160" bytesdiscarded="0" />
  <memory-cardclean objects="87" bytes="2576" />
  <regions eden="24" other="1" />
  <remembered-set-cleared processed="127213" cleared="39" durationms="0.769" />
  <stringconstants candidates="13269" cleared="0"  />
</gc-op>
<gc-op id="4122" type="classunload" timems="0.003" contextid="4118" timestamp="2019-06-16T00:38:02.457">
  <classunload-info classloadercandidates="53" classloadersunloaded="0" classesunloaded="0" anonymousclassesunloaded="0" quiescems="0.000" setupms="0.003" scanms="0.000" postms="0.000" />
</gc-op>
<gc-end id="4123" type="partial gc" contextid="4118" durationms="2.526" usertimems="0.000" systemtimems="0.000" timestamp="2019-06-16T00:38:02.458" activeThreads="1">
  <mem-info id="4124" free="46137344" total="78643200" percent="58">
    <mem type="eden" free="1047688" total="1048576" percent="99" />
    <remembered-set count="130560" freebytes="2616960" totalbytes="3139200" percent="83" regionsoverflowed="0" regionsstable="0" regionsrebuilding="17"/>
  </mem-info>
</gc-end>
<cycle-end id="4125" type="partial gc" contextid="4118" timestamp="2019-06-16T00:38:02.458" />
  <attribute name="elasticGC enabled" value="1" />
  <attribute name= "numThreadsSpecified" value="1" />
  <attribute name="heapSize specified" value="0" />
  <attribute name="Current GC Util" value="68" />
  <attribute name= "Current Time Running" value="21506" />
  <attribute name ="GC Interval" value="0" />
  <attribute name="ProportionalT" value="72.000000" />
  <attribute name="ProportionalI" value="72.000000" />
  <attribute name="ProportionalH" value="72.000000" />
  <attribute name="Current Error" value="48.000000" />
  <attribute name="IntegralT" value="0.000000" />
  <attribute name="IntegralI" value="0.000000" />
  <attribute name="IntegralH" value="0.000000" />
  <attribute name="DerivativeT" value="inf" />
  <attribute name="DerivativeI" value="inf" />
  <attribute name="DerivativeH" value="inf" />
  <attribute name="Loop Time for DT" value="0.000000" />
  <attribute name="Output H" value="8388608"/>
  <attribute name="Output I" value="200"/>
  <attribute name="Output T" value="1"/>
  <attribute name="Target GC Util Change" value ="20.000000" />
  <attribute name="Current GC Util Change" value="68.000000"/>
  <attribute name="GC Util currently" value="68" />
  <attribute name="CPU Util currently" value="20257167411862" />
<exclusive-end id="4126" timestamp="2019-06-16T00:38:02.458" durationms="3.175" />

<exclusive-start id="4127" timestamp="2019-06-16T00:38:02.474" intervalms="19.629">
  <response-info timems="0.075" idlems="0.075" threads="0" lastid="0000000001AE6700" lastname="main" />
</exclusive-start>
<allocation-taxation id="4128" taxation-threshold="12582912" timestamp="2019-06-16T00:38:02.475" intervalms="19.641" />
<gc-start id="4129" type="global mark phase" contextid="3963" timestamp="2019-06-16T00:38:02.475">
  <mem-info id="4130" free="33554432" total="78643200" percent="42">
    <remembered-set count="130144" freebytes="2618624" totalbytes="3139200" percent="83" regionsoverflowed="0" regionsstable="0" regionsrebuilding="17"/>
  </mem-info>
</gc-start>
<gc-end id="4131" type="global mark phase" contextid="3963" durationms="0.066" usertimems="0.000" systemtimems="0.000" timestamp="2019-06-16T00:38:02.475" activeThreads="1">
  <mem-info id="4132" free="33554432" total="78643200" percent="42">
    <remembered-set count="130144" freebytes="2618624" totalbytes="3139200" percent="83" regionsoverflowed="0" regionsstable="0" regionsrebuilding="17"/>
  </mem-info>
</gc-end>
<concurrent-start id="4133" type="GMP work packet processing" contextid="3963" timestamp="2019-06-16T00:38:02.475">
  <concurrent-mark-start scanTarget="1048576" />
</concurrent-start>
<concurrent-end id="4134" type="GMP work packet processing" contextid="3963" timestamp="2019-06-16T00:38:02.475">
  <concurrent-mark-end bytesScanned="752264" reasonForTermination="Completed all work in GC phase" />
</concurrent-end>

<exclusive-end id="4135" timestamp="2019-06-16T00:38:02.476" durationms="1.094" />

<exclusive-start id="4136" timestamp="2019-06-16T00:38:02.492" intervalms="17.616">
  <response-info timems="0.073" idlems="0.073" threads="0" lastid="0000000001AE6700" lastname="main" />
</exclusive-start>
<allocation-taxation id="4137" taxation-threshold="12582912" timestamp="2019-06-16T00:38:02.492" intervalms="17.558" />
<cycle-start id="4138" type="partial gc" contextid="0" timestamp="2019-06-16T00:38:02.492" intervalms="37.187" />
<gc-start id="4139" type="partial gc" contextid="4138" timestamp="2019-06-16T00:38:02.492">
  <mem-info id="4140" free="20971520" total="78643200" percent="26">
    <mem type="eden" free="0" total="25165824" percent="0" />
    <remembered-set count="134784" freebytes="2600064" totalbytes="3139200" percent="82" regionsoverflowed="0" regionsstable="0" regionsrebuilding="17"/>
  </mem-info>
</gc-start>
<allocation-stats totalBytes="25163784" >
  <allocated-bytes non-tlh="0" tlh="25163784" arrayletleaf="0"/>
  <largest-consumer threadName="main" threadId="0000000001AE6700" bytes="12582136" />
</allocation-stats>
<gc-op id="4141" type="copy forward" timems="1.547" contextid="4138" timestamp="2019-06-16T00:38:02.494">
  <memory-copied type="eden" objects="4" bytes="96" bytesdiscarded="0" />
  <memory-copied type="other" objects="23" bytes="744" bytesdiscarded="0" />
  <memory-cardclean objects="44" bytes="1584" />
  <regions eden="24" other="1" />
  <remembered-set-cleared processed="132288" cleared="36" durationms="0.783" />
  <stringconstants candidates="13269" cleared="0"  />
</gc-op>
<gc-op id="4142" type="classunload" timems="0.003" contextid="4138" timestamp="2019-06-16T00:38:02.495">
  <classunload-info classloadercandidates="53" classloadersunloaded="0" classesunloaded="0" anonymousclassesunloaded="0" quiescems="0.000" setupms="0.003" scanms="0.000" postms="0.000" />
</gc-op>
<gc-end id="4143" type="partial gc" contextid="4138" durationms="2.461" usertimems="4.000" systemtimems="0.000" timestamp="2019-06-16T00:38:02.495" activeThreads="1">
  <mem-info id="4144" free="45088768" total="78643200" percent="57">
    <mem type="eden" free="1048480" total="1048576" percent="99" />
    <remembered-set count="135232" freebytes="2598272" totalbytes="3139200" percent="82" regionsoverflowed="0" regionsstable="0" regionsrebuilding="17"/>
  </mem-info>
</gc-end>
<cycle-end id="4145" type="partial gc" contextid="4138" timestamp="2019-06-16T00:38:02.495" />
  <attribute name="elasticGC enabled" value="1" />
  <attribute name= "numThreadsSpecified" value="1" />
  <attribute name="heapSize specified" value="0" />
  <attribute name="Current GC Util" value="78" />
  <attribute name= "Current Time Running" value="21543" />
  <attribute name ="GC Interval" value="0" />
  <attribute name="ProportionalT" value="87.000000" />
  <attribute name="ProportionalI" value="87.000000" />
  <attribute name="ProportionalH" value="87.000000" />
  <attribute name="Current Error" value="58.000000" />
  <attribute name="IntegralT" value="0.000000" />
  <attribute name="IntegralI" value="0.000000" />
  <attribute name="IntegralH" value="0.000000" />
  <attribute name="DerivativeT" value="inf" />
  <attribute name="DerivativeI" value="inf" />
  <attribute name="DerivativeH" value="inf" />
  <attribute name="Loop Time for DT" value="0.000000" />
  <attribute name="Output H" value="8388608"/>
  <attribute name="Output I" value="200"/>
  <attribute name="Output T" value="1"/>
  <attribute name="Target GC Util Change" value ="20.000000" />
  <attribute name="Current GC Util Change" value="78.000000"/>
  <attribute name="GC Util currently" value="78" />
  <attribute name="CPU Util currently" value="19877956730156" />
<exclusive-end id="4146" timestamp="2019-06-16T00:38:02.495" durationms="3.094" />

<exclusive-start id="4147" timestamp="2019-06-16T00:38:02.539" intervalms="47.221">
  <response-info timems="0.147" idlems="0.147" threads="0" lastid="0000000001AE6700" lastname="main" />
</exclusive-start>
<allocation-taxation id="4148" taxation-threshold="12582912" timestamp="2019-06-16T00:38:02.539" intervalms="47.290" />
<gc-start id="4149" type="global mark phase" contextid="3963" timestamp="2019-06-16T00:38:02.539">
  <mem-info id="4150" free="32505856" total="78643200" percent="41">
    <remembered-set count="134816" freebytes="2599936" totalbytes="3139200" percent="82" regionsoverflowed="0" regionsstable="0" regionsrebuilding="17"/>
  </mem-info>
</gc-start>
<gc-op id="4151" type="mark increment" timems="1.167" contextid="3963" timestamp="2019-06-16T00:38:02.541">
  <trace-info objectcount="54" scancount="53" scanbytes="4640" />
  <cardclean-info objects="197" bytes="21580" />
  <finalization candidates="80" enqueued="0" />
  <ownableSynchronizers candidates="21" cleared="0" />
  <references type="soft" candidates="1863" cleared="12" enqueued="12" dynamicThreshold="18" maxThreshold="32" />
  <references type="weak" candidates="5751" cleared="7" enqueued="3" />
  <references type="phantom" candidates="101" cleared="0" enqueued="0" />
  <stringconstants candidates="13269" cleared="0"  />
</gc-op>
<gc-op id="4152" type="classunload" timems="0.010" contextid="3963" timestamp="2019-06-16T00:38:02.541">
  <classunload-info classloadercandidates="53" classloadersunloaded="0" classesunloaded="0" anonymousclassesunloaded="0" quiescems="0.000" setupms="0.008" scanms="0.000" postms="0.000" />
</gc-op>
<gc-end id="4153" type="global mark phase" contextid="3963" durationms="1.467" usertimems="4.000" systemtimems="0.000" timestamp="2019-06-16T00:38:02.541" activeThreads="4">
  <mem-info id="4154" free="32505856" total="78643200" percent="41">
    <pending-finalizers system="0" default="0" reference="15" classloader="0" />
    <remembered-set count="136864" freebytes="2591744" totalbytes="3139200" percent="82" regionsoverflowed="0" regionsstable="0" regionsrebuilding="0"/>
  </mem-info>
</gc-end>
<cycle-end id="4155" type="global mark phase" contextid="3963" timestamp="2019-06-16T00:38:02.541" />
  <attribute name="elasticGC enabled" value="1" />
  <attribute name= "numThreadsSpecified" value="4" />
  <attribute name="heapSize specified" value="0" />
  <attribute name="Current GC Util" value="0" />
  <attribute name= "Current Time Running" value="21591" />
  <attribute name ="GC Interval" value="0" />
  <attribute name="ProportionalT" value="-30.000000" />
  <attribute name="ProportionalI" value="-30.000000" />
  <attribute name="ProportionalH" value="-30.000000" />
  <attribute name="Current Error" value="-20.000000" />
  <attribute name="IntegralT" value="-20.000000" />
  <attribute name="IntegralI" value="-20.000000" />
  <attribute name="IntegralH" value="-20.000000" />
  <attribute name="DerivativeT" value="-60.500000" />
  <attribute name="DerivativeI" value="-60.500000" />
  <attribute name="DerivativeH" value="-60.500000" />
  <attribute name="Loop Time for DT" value="1.000000" />
  <attribute name="Output H" value="2091843584"/>
  <attribute name="Output I" value="200"/>
  <attribute name="Output T" value="4"/>
  <attribute name="Target GC Util Change" value ="20.000000" />
  <attribute name="Current GC Util Change" value="0.000000"/>
  <attribute name="GC Util currently" value="0" />
  <attribute name="CPU Util currently" value="64584012006373" />
<exclusive-end id="4156" timestamp="2019-06-16T00:38:02.541" durationms="1.914" />

<exclusive-start id="4157" timestamp="2019-06-16T00:38:02.560" intervalms="20.787">
  <response-info timems="0.099" idlems="0.099" threads="0" lastid="0000000001AE6700" lastname="main" />
</exclusive-start>
<allocation-taxation id="4158" taxation-threshold="12582912" timestamp="2019-06-16T00:38:02.560" intervalms="20.788" />
<cycle-start id="4159" type="partial gc" contextid="0" timestamp="2019-06-16T00:38:02.560" intervalms="68.189" />
<gc-start id="4160" type="partial gc" contextid="4159" timestamp="2019-06-16T00:38:02.561">
  <mem-info id="4161" free="19922944" total="78643200" percent="25">
    <mem type="eden" free="1048480" total="26214400" percent="3" />
    <remembered-set count="2368" freebytes="3129728" totalbytes="3139200" percent="99" regionsoverflowed="0" regionsstable="17" regionsrebuilding="0"/>
  </mem-info>
</gc-start>
<allocation-stats totalBytes="25161640" >
  <allocated-bytes non-tlh="0" tlh="25161640" arrayletleaf="0"/>
  <largest-consumer threadName="main" threadId="0000000001AE6700" bytes="12577312" />
</allocation-stats>
<gc-op id="4162" type="sweep" timems="0.744" contextid="4159" timestamp="2019-06-16T00:38:02.562" />
<gc-op id="4163" type="copy forward" timems="0.882" contextid="4159" timestamp="2019-06-16T00:38:02.563">
  <memory-copied type="eden" objects="7" bytes="680" bytesdiscarded="0" />
  <memory-copied type="other" objects="23" bytes="744" bytesdiscarded="0" />
  <memory-cardclean objects="132" bytes="5480" />
  <regions eden="12" other="2" />
  <remembered-set-cleared processed="928" cleared="12" durationms="0.127" />
  <stringconstants candidates="13269" cleared="0"  />
</gc-op>
<gc-op id="4164" type="classunload" timems="0.004" contextid="4159" timestamp="2019-06-16T00:38:02.563">
  <classunload-info classloadercandidates="53" classloadersunloaded="0" classesunloaded="0" anonymousclassesunloaded="0" quiescems="0.000" setupms="0.004" scanms="0.000" postms="0.000" />
</gc-op>
<gc-end id="4165" type="partial gc" contextid="4159" durationms="3.076" usertimems="4.000" systemtimems="0.000" timestamp="2019-06-16T00:38:02.564" activeThreads="1">
  <mem-info id="4166" free="45088768" total="78643200" percent="57">
    <mem type="eden" free="1047152" total="1048576" percent="99" />
    <remembered-set count="2816" freebytes="3127936" totalbytes="3139200" percent="99" regionsoverflowed="0" regionsstable="17" regionsrebuilding="0"/>
  </mem-info>
</gc-end>
<cycle-end id="4167" type="partial gc" contextid="4159" timestamp="2019-06-16T00:38:02.564" />
  <attribute name="elasticGC enabled" value="1" />
  <attribute name= "numThreadsSpecified" value="1" />
  <attribute name="heapSize specified" value="0" />
  <attribute name="Current GC Util" value="75" />
  <attribute name= "Current Time Running" value="21613" />
  <attribute name ="GC Interval" value="0" />
  <attribute name="ProportionalT" value="82.500000" />
  <attribute name="ProportionalI" value="82.500000" />
  <attribute name="ProportionalH" value="82.500000" />
  <attribute name="Current Error" value="55.000000" />
  <attribute name="IntegralT" value="0.000000" />
  <attribute name="IntegralI" value="0.000000" />
  <attribute name="IntegralH" value="0.000000" />
  <attribute name="DerivativeT" value="inf" />
  <attribute name="DerivativeI" value="inf" />
  <attribute name="DerivativeH" value="inf" />
  <attribute name="Loop Time for DT" value="0.000000" />
  <attribute name="Output H" value="8388608"/>
  <attribute name="Output I" value="200"/>
  <attribute name="Output T" value="1"/>
  <attribute name="Target GC Util Change" value ="20.000000" />
  <attribute name="Current GC Util Change" value="75.000000"/>
  <attribute name="GC Util currently" value="75" />
  <attribute name="CPU Util currently" value="18244593746284" />
<exclusive-end id="4168" timestamp="2019-06-16T00:38:02.564" durationms="4.211" />

<exclusive-start id="4169" timestamp="2019-06-16T00:38:02.603" intervalms="43.345">
  <response-info timems="0.289" idlems="0.289" threads="0" lastid="0000000001AE6700" lastname="main" />
</exclusive-start>
<allocation-taxation id="4170" taxation-threshold="26214400" timestamp="2019-06-16T00:38:02.604" intervalms="43.362" />
<cycle-start id="4171" type="partial gc" contextid="0" timestamp="2019-06-16T00:38:02.604" intervalms="43.392" />
<gc-start id="4172" type="partial gc" contextid="4171" timestamp="2019-06-16T00:38:02.604">
  <mem-info id="4173" free="18874368" total="78643200" percent="24">
    <mem type="eden" free="0" total="26214400" percent="0" />
    <remembered-set count="2368" freebytes="3129728" totalbytes="3139200" percent="99" regionsoverflowed="0" regionsstable="17" regionsrebuilding="0"/>
  </mem-info>
</gc-start>
<allocation-stats totalBytes="26210768" >
  <allocated-bytes non-tlh="0" tlh="26210768" arrayletleaf="0"/>
  <largest-consumer threadName="main" threadId="0000000001AE6700" bytes="26210768" />
</allocation-stats>
<gc-op id="4174" type="copy forward" timems="0.909" contextid="4171" timestamp="2019-06-16T00:38:02.606">
  <memory-copied type="eden" objects="2" bytes="48" bytesdiscarded="0" />
  <memory-copied type="other" objects="48" bytes="1808" bytesdiscarded="0" />
  <memory-cardclean objects="97" bytes="2984" />
  <regions eden="25" other="5" />
  <remembered-set-cleared processed="914" cleared="25" durationms="0.112" />
  <stringconstants candidates="13269" cleared="0"  />
</gc-op>
<gc-op id="4175" type="classunload" timems="0.004" contextid="4171" timestamp="2019-06-16T00:38:02.606">
  <classunload-info classloadercandidates="53" classloadersunloaded="0" classesunloaded="0" anonymousclassesunloaded="0" quiescems="0.000" setupms="0.003" scanms="0.000" postms="0.000" />
</gc-op>
<gc-end id="4176" type="partial gc" contextid="4171" durationms="2.084" usertimems="0.000" systemtimems="0.000" timestamp="2019-06-16T00:38:02.606" activeThreads="1">
  <mem-info id="4177" free="46137344" total="78643200" percent="58">
    <mem type="eden" free="1048528" total="1048576" percent="99" />
    <remembered-set count="2336" freebytes="3129856" totalbytes="3139200" percent="99" regionsoverflowed="0" regionsstable="17" regionsrebuilding="0"/>
  </mem-info>
</gc-end>
<cycle-end id="4178" type="partial gc" contextid="4171" timestamp="2019-06-16T00:38:02.606" />
  <attribute name="elasticGC enabled" value="1" />
  <attribute name= "numThreadsSpecified" value="1" />
  <attribute name="heapSize specified" value="0" />
  <attribute name="Current GC Util" value="70" />
  <attribute name= "Current Time Running" value="21655" />
  <attribute name ="GC Interval" value="0" />
  <attribute name="ProportionalT" value="75.000000" />
  <attribute name="ProportionalI" value="75.000000" />
  <attribute name="ProportionalH" value="75.000000" />
  <attribute name="Current Error" value="50.000000" />
  <attribute name="IntegralT" value="0.000000" />
  <attribute name="IntegralI" value="0.000000" />
  <attribute name="IntegralH" value="0.000000" />
  <attribute name="DerivativeT" value="inf" />
  <attribute name="DerivativeI" value="inf" />
  <attribute name="DerivativeH" value="inf" />
  <attribute name="Loop Time for DT" value="0.000000" />
  <attribute name="Output H" value="8388608"/>
  <attribute name="Output I" value="200"/>
  <attribute name="Output T" value="1"/>
  <attribute name="Target GC Util Change" value ="20.000000" />
  <attribute name="Current GC Util Change" value="70.000000"/>
  <attribute name="GC Util currently" value="70" />
  <attribute name="CPU Util currently" value="15674384168125" />
<exclusive-end id="4179" timestamp="2019-06-16T00:38:02.606" durationms="3.071" />

<exclusive-start id="4180" timestamp="2019-06-16T00:38:02.621" intervalms="17.266">
  <response-info timems="0.276" idlems="0.276" threads="0" lastid="0000000001AE6700" lastname="main" />
</exclusive-start>
<allocation-taxation id="4181" taxation-threshold="26214400" timestamp="2019-06-16T00:38:02.621" intervalms="17.287" />
<cycle-start id="4182" type="partial gc" contextid="0" timestamp="2019-06-16T00:38:02.621" intervalms="17.281" />
<gc-start id="4183" type="partial gc" contextid="4182" timestamp="2019-06-16T00:38:02.621">
  <mem-info id="4184" free="19922944" total="78643200" percent="25">
    <mem type="eden" free="1048528" total="27262976" percent="3" />
    <remembered-set count="2016" freebytes="3131136" totalbytes="3139200" percent="99" regionsoverflowed="0" regionsstable="17" regionsrebuilding="0"/>
  </mem-info>
</gc-start>
<allocation-stats totalBytes="26213336" >
  <allocated-bytes non-tlh="0" tlh="26213336" arrayletleaf="0"/>
  <largest-consumer threadName="main" threadId="0000000001AE6700" bytes="26213336" />
</allocation-stats>
<gc-op id="4185" type="copy forward" timems="0.796" contextid="4182" timestamp="2019-06-16T00:38:02.623">
  <memory-copied type="eden" objects="22" bytes="696" bytesdiscarded="0" />
  <memory-copied type="other" objects="58" bytes="1688" bytesdiscarded="104" />
  <memory-cardclean objects="162" bytes="13952" />
  <regions eden="25" other="3" />
  <remembered-set-cleared processed="910" cleared="25" durationms="0.102" />
  <references type="weak" candidates="32" cleared="0" enqueued="0" />
  <stringconstants candidates="13269" cleared="0"  />
</gc-op>
<gc-op id="4186" type="classunload" timems="0.003" contextid="4182" timestamp="2019-06-16T00:38:02.623">
  <classunload-info classloadercandidates="53" classloadersunloaded="0" classesunloaded="0" anonymousclassesunloaded="0" quiescems="0.000" setupms="0.003" scanms="0.000" postms="0.000" />
</gc-op>
<gc-end id="4187" type="partial gc" contextid="4182" durationms="1.836" usertimems="0.000" systemtimems="0.000" timestamp="2019-06-16T00:38:02.623" activeThreads="1">
  <mem-info id="4188" free="47185920" total="78643200" percent="60">
    <mem type="eden" free="1047880" total="1048576" percent="99" />
    <remembered-set count="2272" freebytes="3130112" totalbytes="3139200" percent="99" regionsoverflowed="0" regionsstable="17" regionsrebuilding="0"/>
  </mem-info>
</gc-end>
<cycle-end id="4189" type="partial gc" contextid="4182" timestamp="2019-06-16T00:38:02.623" />
  <attribute name="elasticGC enabled" value="1" />
  <attribute name= "numThreadsSpecified" value="1" />
  <attribute name="heapSize specified" value="0" />
  <attribute name="Current GC Util" value="73" />
  <attribute name= "Current Time Running" value="21672" />
  <attribute name ="GC Interval" value="0" />
  <attribute name="ProportionalT" value="79.500000" />
  <attribute name="ProportionalI" value="79.500000" />
  <attribute name="ProportionalH" value="79.500000" />
  <attribute name="Current Error" value="53.000000" />
  <attribute name="IntegralT" value="0.000000" />
  <attribute name="IntegralI" value="0.000000" />
  <attribute name="IntegralH" value="0.000000" />
  <attribute name="DerivativeT" value="inf" />
  <attribute name="DerivativeI" value="inf" />
  <attribute name="DerivativeH" value="inf" />
  <attribute name="Loop Time for DT" value="0.000000" />
  <attribute name="Output H" value="8388608"/>
  <attribute name="Output I" value="200"/>
  <attribute name="Output T" value="1"/>
  <attribute name="Target GC Util Change" value ="20.000000" />
  <attribute name="Current GC Util Change" value="73.000000"/>
  <attribute name="GC Util currently" value="73" />
  <attribute name="CPU Util currently" value="19283654447534" />
<exclusive-end id="4190" timestamp="2019-06-16T00:38:02.623" durationms="2.820" />

<exclusive-start id="4191" timestamp="2019-06-16T00:38:02.689" intervalms="68.380">
  <response-info timems="0.116" idlems="0.116" threads="0" lastid="0000000001AE6700" lastname="main" />
</exclusive-start>
<allocation-taxation id="4192" taxation-threshold="26214400" timestamp="2019-06-16T00:38:02.689" intervalms="68.314" />
<cycle-start id="4193" type="partial gc" contextid="0" timestamp="2019-06-16T00:38:02.689" intervalms="68.288" />
<gc-start id="4194" type="partial gc" contextid="4193" timestamp="2019-06-16T00:38:02.690">
  <mem-info id="4195" free="20971520" total="78643200" percent="26">
    <mem type="eden" free="0" total="26214400" percent="0" />
    <remembered-set count="1920" freebytes="3131520" totalbytes="3139200" percent="99" regionsoverflowed="0" regionsstable="17" regionsrebuilding="0"/>
  </mem-info>
</gc-start>
<allocation-stats totalBytes="26212856" >
  <allocated-bytes non-tlh="0" tlh="26212856" arrayletleaf="0"/>
  <largest-consumer threadName="main" threadId="0000000001AE6700" bytes="26212856" />
</allocation-stats>
<gc-op id="4196" type="copy forward" timems="1.380" contextid="4193" timestamp="2019-06-16T00:38:02.692">
  <memory-copied type="eden" objects="25" bytes="736" bytesdiscarded="600" />
  <memory-copied type="other" objects="13" bytes="296" bytesdiscarded="696" />
  <memory-cardclean objects="120" bytes="3920" />
  <regions eden="25" other="2" />
  <remembered-set-cleared processed="911" cleared="16" durationms="0.105" />
  <stringconstants candidates="13269" cleared="0"  />
</gc-op>
<gc-op id="4197" type="classunload" timems="0.004" contextid="4193" timestamp="2019-06-16T00:38:02.692">
  <classunload-info classloadercandidates="53" classloadersunloaded="0" classesunloaded="0" anonymousclassesunloaded="0" quiescems="0.000" setupms="0.004" scanms="0.000" postms="0.000" />
</gc-op>
<gc-end id="4198" type="partial gc" contextid="4193" durationms="2.268" usertimems="4.000" systemtimems="0.000" timestamp="2019-06-16T00:38:02.692" activeThreads="4">
  <mem-info id="4199" free="46137344" total="78643200" percent="58">
    <mem type="eden" free="1047240" total="1048576" percent="99" />
    <remembered-set count="2240" freebytes="3130240" totalbytes="3139200" percent="99" regionsoverflowed="0" regionsstable="17" regionsrebuilding="0"/>
  </mem-info>
</gc-end>
<cycle-end id="4200" type="partial gc" contextid="4193" timestamp="2019-06-16T00:38:02.692" />
  <attribute name="elasticGC enabled" value="1" />
  <attribute name= "numThreadsSpecified" value="4" />
  <attribute name="heapSize specified" value="0" />
  <attribute name="Current GC Util" value="74" />
  <attribute name= "Current Time Running" value="21741" />
  <attribute name ="GC Interval" value="0" />
  <attribute name="ProportionalT" value="81.000000" />
  <attribute name="ProportionalI" value="81.000000" />
  <attribute name="ProportionalH" value="81.000000" />
  <attribute name="Current Error" value="54.000000" />
  <attribute name="IntegralT" value="54.000000" />
  <attribute name="IntegralI" value="54.000000" />
  <attribute name="IntegralH" value="54.000000" />
  <attribute name="DerivativeT" value="27.000000" />
  <attribute name="DerivativeI" value="27.000000" />
  <attribute name="DerivativeH" value="27.000000" />
  <attribute name="Loop Time for DT" value="1.000000" />
  <attribute name="Output H" value="8388608"/>
  <attribute name="Output I" value="200"/>
  <attribute name="Output T" value="4"/>
  <attribute name="Target GC Util Change" value ="20.000000" />
  <attribute name="Current GC Util Change" value="74.000000"/>
  <attribute name="GC Util currently" value="74" />
  <attribute name="CPU Util currently" value="19295676424292" />
<exclusive-end id="4201" timestamp="2019-06-16T00:38:02.692" durationms="3.080" />

<exclusive-start id="4202" timestamp="2019-06-16T00:38:02.772" intervalms="83.166">
  <response-info timems="0.292" idlems="0.292" threads="0" lastid="0000000001AE6700" lastname="main" />
</exclusive-start>
<allocation-taxation id="4203" taxation-threshold="26214400" timestamp="2019-06-16T00:38:02.772" intervalms="83.234" />
<cycle-start id="4204" type="partial gc" contextid="0" timestamp="2019-06-16T00:38:02.773" intervalms="83.257" />
<gc-start id="4205" type="partial gc" contextid="4204" timestamp="2019-06-16T00:38:02.773">
  <mem-info id="4206" free="19922944" total="78643200" percent="25">
    <mem type="eden" free="0" total="26214400" percent="0" />
    <remembered-set count="1856" freebytes="3131776" totalbytes="3139200" percent="99" regionsoverflowed="0" regionsstable="17" regionsrebuilding="0"/>
  </mem-info>
</gc-start>
<allocation-stats totalBytes="26212640" >
  <allocated-bytes non-tlh="0" tlh="26212640" arrayletleaf="0"/>
  <largest-consumer threadName="main" threadId="0000000001AE6700" bytes="26212640" />
</allocation-stats>
<gc-op id="4207" type="copy forward" timems="0.938" contextid="4204" timestamp="2019-06-16T00:38:02.775">
  <memory-copied type="eden" objects="36" bytes="984" bytesdiscarded="0" />
  <memory-copied type="other" objects="24" bytes="544" bytesdiscarded="32" />
  <memory-cardclean objects="137" bytes="3744" />
  <regions eden="25" other="3" />
  <remembered-set-cleared processed="912" cleared="22" durationms="0.137" />
  <stringconstants candidates="13269" cleared="0"  />
</gc-op>
<gc-op id="4208" type="classunload" timems="0.006" contextid="4204" timestamp="2019-06-16T00:38:02.775">
  <classunload-info classloadercandidates="53" classloadersunloaded="0" classesunloaded="0" anonymousclassesunloaded="0" quiescems="0.000" setupms="0.006" scanms="0.000" postms="0.000" />
</gc-op>
<gc-end id="4209" type="partial gc" contextid="4204" durationms="2.353" usertimems="0.000" systemtimems="0.000" timestamp="2019-06-16T00:38:02.775" activeThreads="1">
  <mem-info id="4210" free="46137344" total="78643200" percent="58">
    <mem type="eden" free="1047592" total="1048576" percent="99" />
    <remembered-set count="2016" freebytes="3131136" totalbytes="3139200" percent="99" regionsoverflowed="0" regionsstable="17" regionsrebuilding="0"/>
  </mem-info>
</gc-end>
<cycle-end id="4211" type="partial gc" contextid="4204" timestamp="2019-06-16T00:38:02.775" />
  <attribute name="elasticGC enabled" value="1" />
  <attribute name= "numThreadsSpecified" value="1" />
  <attribute name="heapSize specified" value="0" />
  <attribute name="Current GC Util" value="65" />
  <attribute name= "Current Time Running" value="21824" />
  <attribute name ="GC Interval" value="0" />
  <attribute name="ProportionalT" value="67.500000" />
  <attribute name="ProportionalI" value="67.500000" />
  <attribute name="ProportionalH" value="67.500000" />
  <attribute name="Current Error" value="45.000000" />
  <attribute name="IntegralT" value="0.000000" />
  <attribute name="IntegralI" value="0.000000" />
  <attribute name="IntegralH" value="0.000000" />
  <attribute name="DerivativeT" value="inf" />
  <attribute name="DerivativeI" value="inf" />
  <attribute name="DerivativeH" value="inf" />
  <attribute name="Loop Time for DT" value="0.000000" />
  <attribute name="Output H" value="8388608"/>
  <attribute name="Output I" value="200"/>
  <attribute name="Output T" value="1"/>
  <attribute name="Target GC Util Change" value ="20.000000" />
  <attribute name="Current GC Util Change" value="65.000000"/>
  <attribute name="GC Util currently" value="65" />
  <attribute name="CPU Util currently" value="13974636552872" />
<exclusive-end id="4212" timestamp="2019-06-16T00:38:02.776" durationms="3.484" />

<exclusive-start id="4213" timestamp="2019-06-16T00:38:02.787" intervalms="14.507">
  <response-info timems="0.079" idlems="0.079" threads="0" lastid="0000000001AE6700" lastname="main" />
</exclusive-start>
<allocation-taxation id="4214" taxation-threshold="26214400" timestamp="2019-06-16T00:38:02.787" intervalms="14.529" />
<cycle-start id="4215" type="partial gc" contextid="0" timestamp="2019-06-16T00:38:02.787" intervalms="14.492" />
<gc-start id="4216" type="partial gc" contextid="4215" timestamp="2019-06-16T00:38:02.787">
  <mem-info id="4217" free="19922944" total="78643200" percent="25">
    <mem type="eden" free="0" total="26214400" percent="0" />
    <remembered-set count="1664" freebytes="3132544" totalbytes="3139200" percent="99" regionsoverflowed="0" regionsstable="17" regionsrebuilding="0"/>
  </mem-info>
</gc-start>
<allocation-stats totalBytes="26212328" >
  <allocated-bytes non-tlh="0" tlh="26212328" arrayletleaf="0"/>
  <largest-consumer threadName="main" threadId="0000000001AE6700" bytes="26212328" />
</allocation-stats>
<gc-op id="4218" type="copy forward" timems="1.374" contextid="4215" timestamp="2019-06-16T00:38:02.790">
  <memory-copied type="eden" objects="4" bytes="96" bytesdiscarded="0" />
  <memory-copied type="other" objects="57" bytes="1536" bytesdiscarded="576" />
  <memory-cardclean objects="114" bytes="3408" />
  <regions eden="25" other="2" />
  <remembered-set-cleared processed="912" cleared="24" durationms="0.098" />
  <stringconstants candidates="13269" cleared="0"  />
</gc-op>
<gc-op id="4219" type="classunload" timems="0.004" contextid="4215" timestamp="2019-06-16T00:38:02.790">
  <classunload-info classloadercandidates="53" classloadersunloaded="0" classesunloaded="0" anonymousclassesunloaded="0" quiescems="0.000" setupms="0.004" scanms="0.000" postms="0.000" />
</gc-op>
<gc-end id="4220" type="partial gc" contextid="4215" durationms="2.428" usertimems="0.000" systemtimems="4.000" timestamp="2019-06-16T00:38:02.790" activeThreads="4">
  <mem-info id="4221" free="45088768" total="78643200" percent="57">
    <mem type="eden" free="1048480" total="1048576" percent="99" />
    <remembered-set count="2656" freebytes="3128576" totalbytes="3139200" percent="99" regionsoverflowed="0" regionsstable="17" regionsrebuilding="0"/>
  </mem-info>
</gc-end>
<cycle-end id="4222" type="partial gc" contextid="4215" timestamp="2019-06-16T00:38:02.790" />
  <attribute name="elasticGC enabled" value="1" />
  <attribute name= "numThreadsSpecified" value="4" />
  <attribute name="heapSize specified" value="0" />
  <attribute name="Current GC Util" value="91" />
  <attribute name= "Current Time Running" value="21839" />
  <attribute name ="GC Interval" value="0" />
  <attribute name="ProportionalT" value="106.500000" />
  <attribute name="ProportionalI" value="106.500000" />
  <attribute name="ProportionalH" value="106.500000" />
  <attribute name="Current Error" value="71.000000" />
  <attribute name="IntegralT" value="71.000000" />
  <attribute name="IntegralI" value="71.000000" />
  <attribute name="IntegralH" value="71.000000" />
  <attribute name="DerivativeT" value="35.500000" />
  <attribute name="DerivativeI" value="35.500000" />
  <attribute name="DerivativeH" value="35.500000" />
  <attribute name="Loop Time for DT" value="1.000000" />
  <attribute name="Output H" value="8388608"/>
  <attribute name="Output I" value="216"/>
  <attribute name="Output T" value="4"/>
  <attribute name="Target GC Util Change" value ="20.000000" />
  <attribute name="Current GC Util Change" value="91.000000"/>
  <attribute name="GC Util currently" value="91" />
  <attribute name="CPU Util currently" value="20642993173478" />
<exclusive-end id="4223" timestamp="2019-06-16T00:38:02.790" durationms="3.534" />

<exclusive-start id="4224" timestamp="2019-06-16T00:38:02.808" intervalms="21.696">
  <response-info timems="0.054" idlems="0.054" threads="0" lastid="0000000001AE6700" lastname="main" />
</exclusive-start>
<allocation-taxation id="4225" taxation-threshold="26214400" timestamp="2019-06-16T00:38:02.809" intervalms="21.670" />
<cycle-start id="4226" type="partial gc" contextid="0" timestamp="2019-06-16T00:38:02.809" intervalms="21.737" />
<gc-start id="4227" type="partial gc" contextid="4226" timestamp="2019-06-16T00:38:02.809">
  <mem-info id="4228" free="18874368" total="78643200" percent="24">
    <mem type="eden" free="1048480" total="27262976" percent="3" />
    <remembered-set count="2368" freebytes="3129728" totalbytes="3139200" percent="99" regionsoverflowed="0" regionsstable="17" regionsrebuilding="0"/>
  </mem-info>
</gc-start>
<allocation-stats totalBytes="26212360" >
  <allocated-bytes non-tlh="0" tlh="26212360" arrayletleaf="0"/>
  <largest-consumer threadName="main" threadId="0000000001AE6700" bytes="26212360" />
</allocation-stats>
<gc-op id="4229" type="copy forward" timems="0.837" contextid="4226" timestamp="2019-06-16T00:38:02.811">
  <memory-copied type="eden" objects="32" bytes="952" bytesdiscarded="0" />
  <memory-copied type="other" objects="6" bytes="136" bytesdiscarded="0" />
  <memory-cardclean objects="110" bytes="3344" />
  <regions eden="25" other="2" />
  <remembered-set-cleared processed="918" cleared="15" durationms="0.108" />
  <stringconstants candidates="13269" cleared="0"  />
</gc-op>
<gc-op id="4230" type="classunload" timems="0.004" contextid="4226" timestamp="2019-06-16T00:38:02.811">
  <classunload-info classloadercandidates="53" classloadersunloaded="0" classesunloaded="0" anonymousclassesunloaded="0" quiescems="0.000" setupms="0.004" scanms="0.000" postms="0.000" />
</gc-op>
<gc-end id="4231" type="partial gc" contextid="4226" durationms="2.008" usertimems="0.000" systemtimems="0.000" timestamp="2019-06-16T00:38:02.811" activeThreads="1">
  <mem-info id="4232" free="45088768" total="78643200" percent="57">
    <mem type="eden" free="1047624" total="1048576" percent="99" />
    <remembered-set count="2624" freebytes="3128704" totalbytes="3139200" percent="99" regionsoverflowed="0" regionsstable="17" regionsrebuilding="0"/>
  </mem-info>
</gc-end>
<cycle-end id="4233" type="partial gc" contextid="4226" timestamp="2019-06-16T00:38:02.811" />
  <attribute name="elasticGC enabled" value="1" />
  <attribute name= "numThreadsSpecified" value="1" />
  <attribute name="heapSize specified" value="0" />
  <attribute name="Current GC Util" value="70" />
  <attribute name= "Current Time Running" value="21860" />
  <attribute name ="GC Interval" value="0" />
  <attribute name="ProportionalT" value="75.000000" />
  <attribute name="ProportionalI" value="75.000000" />
  <attribute name="ProportionalH" value="75.000000" />
  <attribute name="Current Error" value="50.000000" />
  <attribute name="IntegralT" value="0.000000" />
  <attribute name="IntegralI" value="0.000000" />
  <attribute name="IntegralH" value="0.000000" />
  <attribute name="DerivativeT" value="inf" />
  <attribute name="DerivativeI" value="inf" />
  <attribute name="DerivativeH" value="inf" />
  <attribute name="Loop Time for DT" value="0.000000" />
  <attribute name="Output H" value="8388608"/>
  <attribute name="Output I" value="200"/>
  <attribute name="Output T" value="1"/>
  <attribute name="Target GC Util Change" value ="20.000000" />
  <attribute name="Current GC Util Change" value="70.000000"/>
  <attribute name="GC Util currently" value="70" />
  <attribute name="CPU Util currently" value="20706018987138" />
<exclusive-end id="4234" timestamp="2019-06-16T00:38:02.812" durationms="3.223" />

<exclusive-start id="4235" timestamp="2019-06-16T00:38:02.844" intervalms="35.399">
  <response-info timems="0.044" idlems="0.044" threads="0" lastid="0000000001AE6700" lastname="main" />
</exclusive-start>
<allocation-taxation id="4236" taxation-threshold="26214400" timestamp="2019-06-16T00:38:02.844" intervalms="35.388" />
<cycle-start id="4237" type="partial gc" contextid="0" timestamp="2019-06-16T00:38:02.844" intervalms="35.386" />
<gc-start id="4238" type="partial gc" contextid="4237" timestamp="2019-06-16T00:38:02.844">
  <mem-info id="4239" free="18874368" total="78643200" percent="24">
    <mem type="eden" free="0" total="26214400" percent="0" />
    <remembered-set count="2176" freebytes="3130496" totalbytes="3139200" percent="99" regionsoverflowed="0" regionsstable="17" regionsrebuilding="0"/>
  </mem-info>
</gc-start>
<allocation-stats totalBytes="26212648" >
  <allocated-bytes non-tlh="0" tlh="26212648" arrayletleaf="0"/>
  <largest-consumer threadName="main" threadId="0000000001AE6700" bytes="26212648" />
</allocation-stats>
<gc-op id="4240" type="copy forward" timems="1.338" contextid="4237" timestamp="2019-06-16T00:38:02.847">
  <memory-copied type="eden" objects="10" bytes="248" bytesdiscarded="0" />
  <memory-copied type="other" objects="55" bytes="1416" bytesdiscarded="824" />
  <memory-cardclean objects="106" bytes="3400" />
  <regions eden="25" other="2" />
  <remembered-set-cleared processed="915" cleared="14" durationms="0.083" />
  <stringconstants candidates="13269" cleared="0"  />
</gc-op>
<gc-op id="4241" type="classunload" timems="0.004" contextid="4237" timestamp="2019-06-16T00:38:02.847">
  <classunload-info classloadercandidates="53" classloadersunloaded="0" classesunloaded="0" anonymousclassesunloaded="0" quiescems="0.000" setupms="0.004" scanms="0.000" postms="0.000" />
</gc-op>
<heap-resize id="4242" type="expand" space="default" amount="8388608" count="1" timems="0.080" reason="excessive time being spent in gc" timestamp="2019-06-16T00:38:02.847" />
<gc-end id="4243" type="partial gc" contextid="4237" durationms="2.584" usertimems="4.000" systemtimems="0.000" timestamp="2019-06-16T00:38:02.847" activeThreads="4">
  <mem-info id="4244" free="52428800" total="87031808" percent="60">
    <mem type="eden" free="1048328" total="1048576" percent="99" />
    <remembered-set count="3392" freebytes="3460480" totalbytes="3474048" percent="99" regionsoverflowed="0" regionsstable="17" regionsrebuilding="0"/>
  </mem-info>
</gc-end>
<cycle-end id="4245" type="partial gc" contextid="4237" timestamp="2019-06-16T00:38:02.847" />
  <attribute name="elasticGC enabled" value="1" />
  <attribute name= "numThreadsSpecified" value="4" />
  <attribute name="heapSize specified" value="0" />
  <attribute name="Current GC Util" value="58" />
  <attribute name= "Current Time Running" value="21896" />
  <attribute name ="GC Interval" value="0" />
  <attribute name="ProportionalT" value="57.000000" />
  <attribute name="ProportionalI" value="57.000000" />
  <attribute name="ProportionalH" value="57.000000" />
  <attribute name="Current Error" value="38.000000" />
  <attribute name="IntegralT" value="38.000000" />
  <attribute name="IntegralI" value="38.000000" />
  <attribute name="IntegralH" value="38.000000" />
  <attribute name="DerivativeT" value="19.000000" />
  <attribute name="DerivativeI" value="19.000000" />
  <attribute name="DerivativeH" value="19.000000" />
  <attribute name="Loop Time for DT" value="1.000000" />
  <attribute name="Output H" value="8388608"/>
  <attribute name="Output I" value="200"/>
  <attribute name="Output T" value="4"/>
  <attribute name="Target GC Util Change" value ="20.000000" />
  <attribute name="Current GC Util Change" value="58.000000"/>
  <attribute name="GC Util currently" value="58" />
  <attribute name="CPU Util currently" value="17253556864700" />
<exclusive-end id="4246" timestamp="2019-06-16T00:38:02.847" durationms="3.672" />

<exclusive-start id="4247" timestamp="2019-06-16T00:38:02.879" intervalms="34.902">
  <response-info timems="0.277" idlems="0.277" threads="0" lastid="0000000001AE6700" lastname="main" />
</exclusive-start>
<allocation-taxation id="4248" taxation-threshold="28311552" timestamp="2019-06-16T00:38:02.879" intervalms="34.858" />
<cycle-start id="4249" type="partial gc" contextid="0" timestamp="2019-06-16T00:38:02.879" intervalms="34.846" />
<gc-start id="4250" type="partial gc" contextid="4249" timestamp="2019-06-16T00:38:02.879">
  <mem-info id="4251" free="24117248" total="87031808" percent="27">
    <mem type="eden" free="1048328" total="29360128" percent="3" />
    <remembered-set count="2976" freebytes="3462144" totalbytes="3474048" percent="99" regionsoverflowed="0" regionsstable="17" regionsrebuilding="0"/>
  </mem-info>
</gc-start>
<allocation-stats totalBytes="28309576" >
  <allocated-bytes non-tlh="0" tlh="28309576" arrayletleaf="0"/>
  <largest-consumer threadName="main" threadId="0000000001AE6700" bytes="28309576" />
</allocation-stats>
<gc-op id="4252" type="copy forward" timems="0.884" contextid="4249" timestamp="2019-06-16T00:38:02.881">
  <memory-copied type="eden" objects="35" bytes="1072" bytesdiscarded="0" />
  <memory-copied type="other" objects="6" bytes="136" bytesdiscarded="0" />
  <memory-cardclean objects="111" bytes="3336" />
  <regions eden="27" other="2" />
  <remembered-set-cleared processed="920" cleared="14" durationms="0.114" />
  <stringconstants candidates="13269" cleared="0"  />
</gc-op>
<gc-op id="4253" type="classunload" timems="0.004" contextid="4249" timestamp="2019-06-16T00:38:02.881">
  <classunload-info classloadercandidates="53" classloadersunloaded="0" classesunloaded="0" anonymousclassesunloaded="0" quiescems="0.000" setupms="0.004" scanms="0.000" postms="0.000" />
</gc-op>
<gc-end id="4254" type="partial gc" contextid="4249" durationms="2.012" usertimems="4.000" systemtimems="0.000" timestamp="2019-06-16T00:38:02.881" activeThreads="1">
  <mem-info id="4255" free="52428800" total="87031808" percent="60">
    <mem type="eden" free="1047504" total="1048576" percent="99" />
    <remembered-set count="3264" freebytes="3460992" totalbytes="3474048" percent="99" regionsoverflowed="0" regionsstable="17" regionsrebuilding="0"/>
  </mem-info>
</gc-end>
<cycle-end id="4256" type="partial gc" contextid="4249" timestamp="2019-06-16T00:38:02.881" />
  <attribute name="elasticGC enabled" value="1" />
  <attribute name= "numThreadsSpecified" value="1" />
  <attribute name="heapSize specified" value="0" />
  <attribute name="Current GC Util" value="64" />
  <attribute name= "Current Time Running" value="21930" />
  <attribute name ="GC Interval" value="0" />
  <attribute name="ProportionalT" value="66.000000" />
  <attribute name="ProportionalI" value="66.000000" />
  <attribute name="ProportionalH" value="66.000000" />
  <attribute name="Current Error" value="44.000000" />
  <attribute name="IntegralT" value="0.000000" />
  <attribute name="IntegralI" value="0.000000" />
  <attribute name="IntegralH" value="0.000000" />
  <attribute name="DerivativeT" value="inf" />
  <attribute name="DerivativeI" value="inf" />
  <attribute name="DerivativeH" value="inf" />
  <attribute name="Loop Time for DT" value="0.000000" />
  <attribute name="Output H" value="8388608"/>
  <attribute name="Output I" value="200"/>
  <attribute name="Output T" value="1"/>
  <attribute name="Target GC Util Change" value ="20.000000" />
  <attribute name="Current GC Util Change" value="64.000000"/>
  <attribute name="GC Util currently" value="64" />
  <attribute name="CPU Util currently" value="19044827609091" />
<exclusive-end id="4257" timestamp="2019-06-16T00:38:02.882" durationms="3.012" />

<exclusive-start id="4258" timestamp="2019-06-16T00:38:02.910" intervalms="30.809">
  <response-info timems="0.252" idlems="0.252" threads="0" lastid="0000000001AE6700" lastname="main" />
</exclusive-start>
<allocation-taxation id="4259" taxation-threshold="28311552" timestamp="2019-06-16T00:38:02.910" intervalms="30.844" />
<cycle-start id="4260" type="partial gc" contextid="0" timestamp="2019-06-16T00:38:02.910" intervalms="30.841" />
<gc-start id="4261" type="partial gc" contextid="4260" timestamp="2019-06-16T00:38:02.910">
  <mem-info id="4262" free="24117248" total="87031808" percent="27">
    <mem type="eden" free="0" total="28311552" percent="0" />
    <remembered-set count="2912" freebytes="3462400" totalbytes="3474048" percent="99" regionsoverflowed="0" regionsstable="17" regionsrebuilding="0"/>
  </mem-info>
</gc-start>
<allocation-stats totalBytes="28309448" >
  <allocated-bytes non-tlh="0" tlh="28309448" arrayletleaf="0"/>
  <largest-consumer threadName="main" threadId="0000000001AE6700" bytes="28309448" />
</allocation-stats>
<gc-op id="4263" type="copy forward" timems="0.827" contextid="4260" timestamp="2019-06-16T00:38:02.912">
  <memory-copied type="eden" objects="8" bytes="224" bytesdiscarded="0" />
  <memory-copied type="other" objects="27" bytes="848" bytesdiscarded="0" />
  <memory-cardclean objects="61" bytes="2176" />
  <regions eden="27" other="1" />
  <remembered-set-cleared processed="920" cleared="4" durationms="0.115" />
  <stringconstants candidates="13269" cleared="0"  />
</gc-op>
<gc-op id="4264" type="classunload" timems="0.004" contextid="4260" timestamp="2019-06-16T00:38:02.912">
  <classunload-info classloadercandidates="53" classloadersunloaded="0" classesunloaded="0" anonymousclassesunloaded="0" quiescems="0.000" setupms="0.004" scanms="0.000" postms="0.000" />
</gc-op>
<gc-end id="4265" type="partial gc" contextid="4260" durationms="1.945" usertimems="0.000" systemtimems="0.000" timestamp="2019-06-16T00:38:02.912" activeThreads="1">
  <mem-info id="4266" free="51380224" total="87031808" percent="59">
    <mem type="eden" free="1048352" total="1048576" percent="99" />
    <remembered-set count="3360" freebytes="3460608" totalbytes="3474048" percent="99" regionsoverflowed="0" regionsstable="17" regionsrebuilding="0"/>
  </mem-info>
</gc-end>
<cycle-end id="4267" type="partial gc" contextid="4260" timestamp="2019-06-16T00:38:02.912" />
  <attribute name="elasticGC enabled" value="1" />
  <attribute name= "numThreadsSpecified" value="1" />
  <attribute name="heapSize specified" value="0" />
  <attribute name="Current GC Util" value="109" />
  <attribute name= "Current Time Running" value="21961" />
  <attribute name ="GC Interval" value="0" />
  <attribute name="ProportionalT" value="133.500000" />
  <attribute name="ProportionalI" value="133.500000" />
  <attribute name="ProportionalH" value="133.500000" />
  <attribute name="Current Error" value="89.000000" />
  <attribute name="IntegralT" value="0.000000" />
  <attribute name="IntegralI" value="0.000000" />
  <attribute name="IntegralH" value="0.000000" />
  <attribute name="DerivativeT" value="inf" />
  <attribute name="DerivativeI" value="inf" />
  <attribute name="DerivativeH" value="inf" />
  <attribute name="Loop Time for DT" value="0.000000" />
  <attribute name="Output H" value="8388608"/>
  <attribute name="Output I" value="200"/>
  <attribute name="Output T" value="1"/>
  <attribute name="Target GC Util Change" value ="20.000000" />
  <attribute name="Current GC Util Change" value="109.000000"/>
  <attribute name="GC Util currently" value="109" />
  <attribute name="CPU Util currently" value="18752560600935" />
<exclusive-end id="4268" timestamp="2019-06-16T00:38:02.913" durationms="2.995" />

<exclusive-start id="4269" timestamp="2019-06-16T00:38:02.999" intervalms="89.679">
  <response-info timems="0.265" idlems="0.265" threads="0" lastid="0000000001AE6700" lastname="main" />
</exclusive-start>
<allocation-taxation id="4270" taxation-threshold="28311552" timestamp="2019-06-16T00:38:02.999" intervalms="89.702" />
<cycle-start id="4271" type="partial gc" contextid="0" timestamp="2019-06-16T00:38:03.000" intervalms="89.640" />
<gc-start id="4272" type="partial gc" contextid="4271" timestamp="2019-06-16T00:38:03.000">
  <mem-info id="4273" free="23068672" total="87031808" percent="26">
    <mem type="eden" free="1048352" total="29360128" percent="3" />
    <remembered-set count="2944" freebytes="3462272" totalbytes="3474048" percent="99" regionsoverflowed="0" regionsstable="17" regionsrebuilding="0"/>
  </mem-info>
</gc-start>
<allocation-stats totalBytes="28298624" >
  <allocated-bytes non-tlh="0" tlh="28298624" arrayletleaf="0"/>
  <largest-consumer threadName="main" threadId="0000000001AE6700" bytes="28298624" />
</allocation-stats>
<gc-op id="4274" type="copy forward" timems="0.892" contextid="4271" timestamp="2019-06-16T00:38:03.001">
  <memory-copied type="eden" objects="56" bytes="2456" bytesdiscarded="0" />
  <memory-copied type="other" objects="0" bytes="0" bytesdiscarded="0" />
  <memory-cardclean objects="78" bytes="2528" />
  <regions eden="27" other="1" />
  <remembered-set-cleared processed="925" cleared="8" durationms="0.121" />
  <stringconstants candidates="13269" cleared="0"  />
</gc-op>
<gc-op id="4275" type="classunload" timems="0.004" contextid="4271" timestamp="2019-06-16T00:38:03.002">
  <classunload-info classloadercandidates="53" classloadersunloaded="0" classesunloaded="0" anonymousclassesunloaded="0" quiescems="0.000" setupms="0.004" scanms="0.000" postms="0.000" />
</gc-op>
<gc-end id="4276" type="partial gc" contextid="4271" durationms="2.029" usertimems="0.000" systemtimems="0.000" timestamp="2019-06-16T00:38:03.002" activeThreads="1">
  <mem-info id="4277" free="51380224" total="87031808" percent="59">
    <mem type="eden" free="1046120" total="1048576" percent="99" />
    <remembered-set count="3392" freebytes="3460480" totalbytes="3474048" percent="99" regionsoverflowed="0" regionsstable="17" regionsrebuilding="0"/>
  </mem-info>
</gc-end>
<cycle-end id="4278" type="partial gc" contextid="4271" timestamp="2019-06-16T00:38:03.002" />
  <attribute name="elasticGC enabled" value="1" />
  <attribute name= "numThreadsSpecified" value="1" />
  <attribute name="heapSize specified" value="0" />
  <attribute name="Current GC Util" value="59" />
  <attribute name= "Current Time Running" value="22051" />
  <attribute name ="GC Interval" value="0" />
  <attribute name="ProportionalT" value="58.500000" />
  <attribute name="ProportionalI" value="58.500000" />
  <attribute name="ProportionalH" value="58.500000" />
  <attribute name="Current Error" value="39.000000" />
  <attribute name="IntegralT" value="0.000000" />
  <attribute name="IntegralI" value="0.000000" />
  <attribute name="IntegralH" value="0.000000" />
  <attribute name="DerivativeT" value="inf" />
  <attribute name="DerivativeI" value="inf" />
  <attribute name="DerivativeH" value="inf" />
  <attribute name="Loop Time for DT" value="0.000000" />
  <attribute name="Output H" value="8388608"/>
  <attribute name="Output I" value="200"/>
  <attribute name="Output T" value="1"/>
  <attribute name="Target GC Util Change" value ="20.000000" />
  <attribute name="Current GC Util Change" value="59.000000"/>
  <attribute name="GC Util currently" value="59" />
  <attribute name="CPU Util currently" value="16837791808422" />
<exclusive-end id="4279" timestamp="2019-06-16T00:38:03.002" durationms="3.156" />

<exclusive-start id="4280" timestamp="2019-06-16T00:38:03.069" intervalms="69.489">
  <response-info timems="0.268" idlems="0.268" threads="0" lastid="0000000001AE6700" lastname="main" />
</exclusive-start>
<allocation-taxation id="4281" taxation-threshold="28311552" timestamp="2019-06-16T00:38:03.069" intervalms="69.475" />
<cycle-start id="4282" type="partial gc" contextid="0" timestamp="2019-06-16T00:38:03.069" intervalms="69.537" />
<gc-start id="4283" type="partial gc" contextid="4282" timestamp="2019-06-16T00:38:03.069">
  <mem-info id="4284" free="23068672" total="87031808" percent="26">
    <mem type="eden" free="0" total="28311552" percent="0" />
    <remembered-set count="2944" freebytes="3462272" totalbytes="3474048" percent="99" regionsoverflowed="0" regionsstable="17" regionsrebuilding="0"/>
  </mem-info>
</gc-start>
<allocation-stats totalBytes="28290912" >
  <allocated-bytes non-tlh="0" tlh="28290912" arrayletleaf="0"/>
  <largest-consumer threadName="main" threadId="0000000001AE6700" bytes="28290912" />
</allocation-stats>
<gc-op id="4285" type="copy forward" timems="1.312" contextid="4282" timestamp="2019-06-16T00:38:03.071">
  <memory-copied type="eden" objects="4" bytes="280" bytesdiscarded="0" />
  <memory-copied type="other" objects="53" bytes="2192" bytesdiscarded="1000" />
  <memory-cardclean objects="60" bytes="2192" />
  <regions eden="27" other="1" />
  <remembered-set-cleared processed="923" cleared="6" durationms="0.101" />
  <stringconstants candidates="13269" cleared="0"  />
</gc-op>
<gc-op id="4286" type="classunload" timems="0.004" contextid="4282" timestamp="2019-06-16T00:38:03.072">
  <classunload-info classloadercandidates="53" classloadersunloaded="0" classesunloaded="0" anonymousclassesunloaded="0" quiescems="0.000" setupms="0.003" scanms="0.000" postms="0.000" />
</gc-op>
<heap-resize id="4287" type="contract" space="default" amount="5242880" count="1" timems="0.054" reason="insufficient time being spent in gc" timestamp="2019-06-16T00:38:03.072" />
<gc-end id="4288" type="partial gc" contextid="4282" durationms="2.548" usertimems="4.000" systemtimems="0.000" timestamp="2019-06-16T00:38:03.072" activeThreads="4">
  <mem-info id="4289" free="45088768" total="81788928" percent="55">
    <mem type="eden" free="1048296" total="1048576" percent="99" />
    <remembered-set count="3168" freebytes="3461376" totalbytes="3474048" percent="99" regionsoverflowed="0" regionsstable="17" regionsrebuilding="0"/>
  </mem-info>
</gc-end>
<cycle-end id="4290" type="partial gc" contextid="4282" timestamp="2019-06-16T00:38:03.072" />
  <attribute name="elasticGC enabled" value="1" />
  <attribute name= "numThreadsSpecified" value="4" />
  <attribute name="heapSize specified" value="0" />
  <attribute name="Current GC Util" value="82" />
  <attribute name= "Current Time Running" value="22121" />
  <attribute name ="GC Interval" value="0" />
  <attribute name="ProportionalT" value="93.000000" />
  <attribute name="ProportionalI" value="93.000000" />
  <attribute name="ProportionalH" value="93.000000" />
  <attribute name="Current Error" value="62.000000" />
  <attribute name="IntegralT" value="62.000000" />
  <attribute name="IntegralI" value="62.000000" />
  <attribute name="IntegralH" value="62.000000" />
  <attribute name="DerivativeT" value="31.000000" />
  <attribute name="DerivativeI" value="31.000000" />
  <attribute name="DerivativeH" value="31.000000" />
  <attribute name="Loop Time for DT" value="1.000000" />
  <attribute name="Output H" value="8388608"/>
  <attribute name="Output I" value="200"/>
  <attribute name="Output T" value="4"/>
  <attribute name="Target GC Util Change" value ="20.000000" />
  <attribute name="Current GC Util Change" value="82.000000"/>
  <attribute name="GC Util currently" value="82" />
  <attribute name="CPU Util currently" value="17542931986325" />
<exclusive-end id="4291" timestamp="2019-06-16T00:38:03.072" durationms="3.723" />

<exclusive-start id="4292" timestamp="2019-06-16T00:38:03.135" intervalms="66.715">
  <response-info timems="0.093" idlems="0.093" threads="0" lastid="0000000001AE6700" lastname="main" />
</exclusive-start>
<allocation-taxation id="4293" taxation-threshold="27262976" timestamp="2019-06-16T00:38:03.136" intervalms="66.727" />
<cycle-start id="4294" type="partial gc" contextid="0" timestamp="2019-06-16T00:38:03.136" intervalms="66.633" />
<gc-start id="4295" type="partial gc" contextid="4294" timestamp="2019-06-16T00:38:03.136">
  <mem-info id="4296" free="17825792" total="81788928" percent="21">
    <mem type="eden" free="1048296" total="28311552" percent="3" />
    <remembered-set count="2720" freebytes="3463168" totalbytes="3474048" percent="99" regionsoverflowed="0" regionsstable="17" regionsrebuilding="0"/>
  </mem-info>
</gc-start>
<allocation-stats totalBytes="27243120" >
  <allocated-bytes non-tlh="0" tlh="27243120" arrayletleaf="0"/>
  <largest-consumer threadName="main" threadId="0000000001AE6700" bytes="27243120" />
</allocation-stats>
<gc-op id="4297" type="copy forward" timems="0.820" contextid="4294" timestamp="2019-06-16T00:38:03.138">
  <memory-copied type="eden" objects="3" bytes="104" bytesdiscarded="0" />
  <memory-copied type="other" objects="0" bytes="0" bytesdiscarded="0" />
  <memory-cardclean objects="14" bytes="512" />
  <regions eden="26" other="1" />
  <remembered-set-cleared processed="929" cleared="1" durationms="0.127" />
  <stringconstants candidates="13269" cleared="0"  />
</gc-op>
<gc-op id="4298" type="classunload" timems="0.004" contextid="4294" timestamp="2019-06-16T00:38:03.138">
  <classunload-info classloadercandidates="53" classloadersunloaded="0" classesunloaded="0" anonymousclassesunloaded="0" quiescems="0.000" setupms="0.004" scanms="0.000" postms="0.000" />
</gc-op>
<heap-resize id="4299" type="contract" space="default" amount="4194304" count="1" timems="0.048" reason="insufficient time being spent in gc" timestamp="2019-06-16T00:38:03.138" />
<gc-end id="4300" type="partial gc" contextid="4294" durationms="2.531" usertimems="0.000" systemtimems="0.000" timestamp="2019-06-16T00:38:03.138" activeThreads="1">
  <mem-info id="4301" free="40894464" total="77594624" percent="52">
    <mem type="eden" free="1048472" total="1048576" percent="99" />
    <remembered-set count="2336" freebytes="3255424" totalbytes="3264768" percent="99" regionsoverflowed="0" regionsstable="17" regionsrebuilding="0"/>
  </mem-info>
</gc-end>
<cycle-end id="4302" type="partial gc" contextid="4294" timestamp="2019-06-16T00:38:03.139" />
  <attribute name="elasticGC enabled" value="1" />
  <attribute name= "numThreadsSpecified" value="1" />
  <attribute name="heapSize specified" value="0" />
  <attribute name="Current GC Util" value="36" />
  <attribute name= "Current Time Running" value="22187" />
  <attribute name ="GC Interval" value="0" />
  <attribute name="ProportionalT" value="24.000000" />
  <attribute name="ProportionalI" value="24.000000" />
  <attribute name="ProportionalH" value="24.000000" />
  <attribute name="Current Error" value="16.000000" />
  <attribute name="IntegralT" value="0.000000" />
  <attribute name="IntegralI" value="0.000000" />
  <attribute name="IntegralH" value="0.000000" />
  <attribute name="DerivativeT" value="inf" />
  <attribute name="DerivativeI" value="inf" />
  <attribute name="DerivativeH" value="inf" />
  <attribute name="Loop Time for DT" value="0.000000" />
  <attribute name="Output H" value="8388608"/>
  <attribute name="Output I" value="200"/>
  <attribute name="Output T" value="1"/>
  <attribute name="Target GC Util Change" value ="20.000000" />
  <attribute name="Current GC Util Change" value="36.000000"/>
  <attribute name="GC Util currently" value="36" />
  <attribute name="CPU Util currently" value="9174380727852" />
<exclusive-end id="4303" timestamp="2019-06-16T00:38:03.139" durationms="3.393" />

<exclusive-start id="4304" timestamp="2019-06-16T00:38:03.192" intervalms="56.340">
  <response-info timems="0.086" idlems="0.086" threads="0" lastid="0000000001AE6700" lastname="main" />
</exclusive-start>
<allocation-taxation id="4305" taxation-threshold="26214400" timestamp="2019-06-16T00:38:03.192" intervalms="56.349" />
<cycle-start id="4306" type="partial gc" contextid="0" timestamp="2019-06-16T00:38:03.192" intervalms="56.414" />
<gc-start id="4307" type="partial gc" contextid="4306" timestamp="2019-06-16T00:38:03.192">
  <mem-info id="4308" free="14680064" total="77594624" percent="18">
    <mem type="eden" free="1048472" total="27262976" percent="3" />
    <remembered-set count="1856" freebytes="3257344" totalbytes="3264768" percent="99" regionsoverflowed="0" regionsstable="17" regionsrebuilding="0"/>
  </mem-info>
</gc-start>
<allocation-stats totalBytes="26205800" >
  <allocated-bytes non-tlh="0" tlh="26205800" arrayletleaf="0"/>
  <largest-consumer threadName="main" threadId="0000000001AE6700" bytes="26205800" />
</allocation-stats>
<gc-op id="4309" type="copy forward" timems="1.392" contextid="4306" timestamp="2019-06-16T00:38:03.195">
  <memory-copied type="eden" objects="26" bytes="776" bytesdiscarded="0" />
  <memory-copied type="other" objects="0" bytes="0" bytesdiscarded="0" />
  <memory-cardclean objects="245" bytes="16496" />
  <regions eden="25" other="1" />
  <remembered-set-cleared processed="894" cleared="18" durationms="0.088" />
  <stringconstants candidates="13269" cleared="0"  />
</gc-op>
<gc-op id="4310" type="classunload" timems="0.004" contextid="4306" timestamp="2019-06-16T00:38:03.195">
  <classunload-info classloadercandidates="53" classloadersunloaded="0" classesunloaded="0" anonymousclassesunloaded="0" quiescems="0.000" setupms="0.004" scanms="0.000" postms="0.000" />
</gc-op>
<gc-end id="4311" type="partial gc" contextid="4306" durationms="2.636" usertimems="4.000" systemtimems="0.000" timestamp="2019-06-16T00:38:03.195" activeThreads="4">
  <mem-info id="4312" free="40894464" total="77594624" percent="52">
    <mem type="eden" free="1047800" total="1048576" percent="99" />
    <remembered-set count="3520" freebytes="3083264" totalbytes="3097344" percent="99" regionsoverflowed="0" regionsstable="17" regionsrebuilding="0"/>
  </mem-info>
</gc-end>
<cycle-end id="4313" type="partial gc" contextid="4306" timestamp="2019-06-16T00:38:03.195" />
  <attribute name="elasticGC enabled" value="1" />
  <attribute name= "numThreadsSpecified" value="4" />
  <attribute name="heapSize specified" value="0" />
  <attribute name="Current GC Util" value="34" />
  <attribute name= "Current Time Running" value="22244" />
  <attribute name ="GC Interval" value="0" />
  <attribute name="ProportionalT" value="21.000000" />
  <attribute name="ProportionalI" value="21.000000" />
  <attribute name="ProportionalH" value="21.000000" />
  <attribute name="Current Error" value="14.000000" />
  <attribute name="IntegralT" value="14.000000" />
  <attribute name="IntegralI" value="14.000000" />
  <attribute name="IntegralH" value="14.000000" />
  <attribute name="DerivativeT" value="7.000000" />
  <attribute name="DerivativeI" value="7.000000" />
  <attribute name="DerivativeH" value="7.000000" />
  <attribute name="Loop Time for DT" value="1.000000" />
  <attribute name="Output H" value="8388608"/>
  <attribute name="Output I" value="200"/>
  <attribute name="Output T" value="4"/>
  <attribute name="Target GC Util Change" value ="20.000000" />
  <attribute name="Current GC Util Change" value="34.000000"/>
  <attribute name="GC Util currently" value="34" />
  <attribute name="CPU Util currently" value="9448743347144" />
<exclusive-end id="4314" timestamp="2019-06-16T00:38:03.195" durationms="3.597" />

<exclusive-start id="4315" timestamp="2019-06-16T00:38:03.207" intervalms="15.214">
  <response-info timems="0.282" idlems="0.282" threads="0" lastid="0000000001AE6700" lastname="main" />
</exclusive-start>
<allocation-taxation id="4316" taxation-threshold="12582912" timestamp="2019-06-16T00:38:03.207" intervalms="15.183" />
<cycle-start id="4317" type="global mark phase" contextid="0" timestamp="2019-06-16T00:38:03.207" intervalms="1061.441" />
<gc-start id="4318" type="global mark phase" contextid="4317" timestamp="2019-06-16T00:38:03.208">
  <mem-info id="4319" free="28311552" total="77594624" percent="36">
    <remembered-set count="3104" freebytes="3084928" totalbytes="3097344" percent="99" regionsoverflowed="0" regionsstable="17" regionsrebuilding="0"/>
  </mem-info>
</gc-start>
<gc-op id="4320" type="mark increment" timems="1.235" contextid="4317" timestamp="2019-06-16T00:38:03.209">
  <trace-info objectcount="5664" scancount="226" scanbytes="14264" />
</gc-op>
<gc-end id="4321" type="global mark phase" contextid="4317" durationms="1.612" usertimems="0.000" systemtimems="0.000" timestamp="2019-06-16T00:38:03.209" activeThreads="4">
  <mem-info id="4322" free="28311552" total="77594624" percent="36">
    <remembered-set count="3616" freebytes="3082880" totalbytes="3097344" percent="99" regionsoverflowed="0" regionsstable="0" regionsrebuilding="17"/>
  </mem-info>
</gc-end>
<concurrent-start id="4323" type="GMP work packet processing" contextid="4317" timestamp="2019-06-16T00:38:03.209">
  <concurrent-mark-start scanTarget="1236643" />
</concurrent-start>
<exclusive-end id="4324" timestamp="2019-06-16T00:38:03.211" durationms="3.717" />

<concurrent-end id="4325" type="GMP work packet processing" contextid="4317" timestamp="2019-06-16T00:38:03.211">
  <concurrent-mark-end bytesScanned="1384216" reasonForTermination="Work target met" />
</concurrent-end>

<exclusive-start id="4326" timestamp="2019-06-16T00:38:03.215" intervalms="7.707">
  <response-info timems="0.059" idlems="0.059" threads="0" lastid="0000000001AE6700" lastname="main" />
</exclusive-start>
<allocation-taxation id="4327" taxation-threshold="12582912" timestamp="2019-06-16T00:38:03.215" intervalms="7.653" />
<cycle-start id="4328" type="partial gc" contextid="0" timestamp="2019-06-16T00:38:03.215" intervalms="22.836" />
<gc-start id="4329" type="partial gc" contextid="4328" timestamp="2019-06-16T00:38:03.215">
  <mem-info id="4330" free="15728640" total="77594624" percent="20">
    <mem type="eden" free="0" total="25165824" percent="0" />
    <remembered-set count="14944" freebytes="3037568" totalbytes="3097344" percent="98" regionsoverflowed="0" regionsstable="0" regionsrebuilding="17"/>
  </mem-info>
</gc-start>
<allocation-stats totalBytes="25144032" >
  <allocated-bytes non-tlh="0" tlh="25144032" arrayletleaf="0"/>
  <largest-consumer threadName="main" threadId="0000000001AE6700" bytes="12565224" />
</allocation-stats>
<gc-op id="4331" type="copy forward" timems="1.195" contextid="4328" timestamp="2019-06-16T00:38:03.217">
  <memory-copied type="eden" objects="24" bytes="1272" bytesdiscarded="0" />
  <memory-copied type="other" objects="7" bytes="160" bytesdiscarded="0" />
  <memory-cardclean objects="76" bytes="2480" />
  <regions eden="24" other="1" />
  <remembered-set-cleared processed="12318" cleared="46" durationms="0.190" />
  <stringconstants candidates="13269" cleared="0"  />
</gc-op>
<gc-op id="4332" type="classunload" timems="0.004" contextid="4328" timestamp="2019-06-16T00:38:03.217">
  <classunload-info classloadercandidates="53" classloadersunloaded="0" classesunloaded="0" anonymousclassesunloaded="0" quiescems="0.000" setupms="0.004" scanms="0.000" postms="0.000" />
</gc-op>
<gc-end id="4333" type="partial gc" contextid="4328" durationms="2.347" usertimems="4.000" systemtimems="0.000" timestamp="2019-06-16T00:38:03.218" activeThreads="1">
  <mem-info id="4334" free="39845888" total="77594624" percent="51">
    <mem type="eden" free="1047304" total="1048576" percent="99" />
    <remembered-set count="15232" freebytes="3036416" totalbytes="3097344" percent="98" regionsoverflowed="0" regionsstable="0" regionsrebuilding="17"/>
  </mem-info>
</gc-end>
<cycle-end id="4335" type="partial gc" contextid="4328" timestamp="2019-06-16T00:38:03.218" />
  <attribute name="elasticGC enabled" value="1" />
  <attribute name= "numThreadsSpecified" value="1" />
  <attribute name="heapSize specified" value="0" />
  <attribute name="Current GC Util" value="74" />
  <attribute name= "Current Time Running" value="22266" />
  <attribute name ="GC Interval" value="0" />
  <attribute name="ProportionalT" value="81.000000" />
  <attribute name="ProportionalI" value="81.000000" />
  <attribute name="ProportionalH" value="81.000000" />
  <attribute name="Current Error" value="54.000000" />
  <attribute name="IntegralT" value="0.000000" />
  <attribute name="IntegralI" value="0.000000" />
  <attribute name="IntegralH" value="0.000000" />
  <attribute name="DerivativeT" value="inf" />
  <attribute name="DerivativeI" value="inf" />
  <attribute name="DerivativeH" value="inf" />
  <attribute name="Loop Time for DT" value="0.000000" />
  <attribute name="Output H" value="8388608"/>
  <attribute name="Output I" value="200"/>
  <attribute name="Output T" value="1"/>
  <attribute name="Target GC Util Change" value ="20.000000" />
  <attribute name="Current GC Util Change" value="74.000000"/>
  <attribute name="GC Util currently" value="74" />
  <attribute name="CPU Util currently" value="17844181519151" />
<exclusive-end id="4336" timestamp="2019-06-16T00:38:03.218" durationms="3.384" />

<exclusive-start id="4337" timestamp="2019-06-16T00:38:03.222" intervalms="7.306">
  <response-info timems="0.076" idlems="0.076" threads="0" lastid="0000000001AE6700" lastname="main" />
</exclusive-start>
<allocation-taxation id="4338" taxation-threshold="12582912" timestamp="2019-06-16T00:38:03.222" intervalms="7.362" />
<gc-start id="4339" type="global mark phase" contextid="4317" timestamp="2019-06-16T00:38:03.222">
  <mem-info id="4340" free="27262976" total="77594624" percent="35">
    <remembered-set count="14880" freebytes="3037824" totalbytes="3097344" percent="98" regionsoverflowed="0" regionsstable="0" regionsrebuilding="17"/>
  </mem-info>
</gc-start>
<gc-end id="4341" type="global mark phase" contextid="4317" durationms="0.159" usertimems="0.000" systemtimems="0.000" timestamp="2019-06-16T00:38:03.223" activeThreads="1">
  <mem-info id="4342" free="27262976" total="77594624" percent="35">
    <remembered-set count="14880" freebytes="3037824" totalbytes="3097344" percent="98" regionsoverflowed="0" regionsstable="0" regionsrebuilding="17"/>
  </mem-info>
</gc-end>
<concurrent-start id="4343" type="GMP work packet processing" contextid="4317" timestamp="2019-06-16T00:38:03.223">
  <concurrent-mark-start scanTarget="1048576" />
</concurrent-start>
<exclusive-end id="4344" timestamp="2019-06-16T00:38:03.223" durationms="0.770" />

<concurrent-end id="4345" type="GMP work packet processing" contextid="4317" timestamp="2019-06-16T00:38:03.224">
  <concurrent-mark-end bytesScanned="1082792" reasonForTermination="Work target met" />
</concurrent-end>

<exclusive-start id="4346" timestamp="2019-06-16T00:38:03.227" intervalms="5.376">
  <response-info timems="0.024" idlems="0.024" threads="0" lastid="0000000001AE6700" lastname="main" />
</exclusive-start>
<allocation-taxation id="4347" taxation-threshold="12582912" timestamp="2019-06-16T00:38:03.227" intervalms="5.315" />
<cycle-start id="4348" type="partial gc" contextid="0" timestamp="2019-06-16T00:38:03.228" intervalms="12.656" />
<gc-start id="4349" type="partial gc" contextid="4348" timestamp="2019-06-16T00:38:03.228">
  <mem-info id="4350" free="14680064" total="77594624" percent="18">
    <mem type="eden" free="0" total="25165824" percent="0" />
    <remembered-set count="23616" freebytes="3002880" totalbytes="3097344" percent="96" regionsoverflowed="0" regionsstable="0" regionsrebuilding="17"/>
  </mem-info>
</gc-start>
<allocation-stats totalBytes="25121760" >
  <allocated-bytes non-tlh="0" tlh="25121760" arrayletleaf="0"/>
  <largest-consumer threadName="main" threadId="0000000001AE6700" bytes="12560496" />
</allocation-stats>
<gc-op id="4351" type="copy forward" timems="1.192" contextid="4348" timestamp="2019-06-16T00:38:03.230">
  <memory-copied type="eden" objects="2" bytes="40" bytesdiscarded="0" />
  <memory-copied type="other" objects="21" bytes="1200" bytesdiscarded="0" />
  <memory-cardclean objects="47" bytes="1680" />
  <regions eden="24" other="1" />
  <remembered-set-cleared processed="20802" cleared="35" durationms="0.231" />
  <stringconstants candidates="13269" cleared="0"  />
</gc-op>
<gc-op id="4352" type="classunload" timems="0.004" contextid="4348" timestamp="2019-06-16T00:38:03.230">
  <classunload-info classloadercandidates="53" classloadersunloaded="0" classesunloaded="0" anonymousclassesunloaded="0" quiescems="0.000" setupms="0.004" scanms="0.000" postms="0.000" />
</gc-op>
<heap-resize id="4353" type="expand" space="default" amount="13631488" count="1" timems="0.082" reason="excessive time being spent in gc" timestamp="2019-06-16T00:38:03.230" />
<gc-end id="4354" type="partial gc" contextid="4348" durationms="2.539" usertimems="0.000" systemtimems="0.000" timestamp="2019-06-16T00:38:03.230" activeThreads="1">
  <mem-info id="4355" free="52428800" total="91226112" percent="57">
    <mem type="eden" free="1048536" total="1048576" percent="99" />
    <remembered-set count="23968" freebytes="3545600" totalbytes="3641472" percent="97" regionsoverflowed="0" regionsstable="0" regionsrebuilding="17"/>
  </mem-info>
</gc-end>
<cycle-end id="4356" type="partial gc" contextid="4348" timestamp="2019-06-16T00:38:03.231" />
  <attribute name="elasticGC enabled" value="1" />
  <attribute name= "numThreadsSpecified" value="1" />
  <attribute name="heapSize specified" value="0" />
  <attribute name="Current GC Util" value="64" />
  <attribute name= "Current Time Running" value="22279" />
  <attribute name ="GC Interval" value="0" />
  <attribute name="ProportionalT" value="66.000000" />
  <attribute name="ProportionalI" value="66.000000" />
  <attribute name="ProportionalH" value="66.000000" />
  <attribute name="Current Error" value="44.000000" />
  <attribute name="IntegralT" value="0.000000" />
  <attribute name="IntegralI" value="0.000000" />
  <attribute name="IntegralH" value="0.000000" />
  <attribute name="DerivativeT" value="inf" />
  <attribute name="DerivativeI" value="inf" />
  <attribute name="DerivativeH" value="inf" />
  <attribute name="Loop Time for DT" value="0.000000" />
  <attribute name="Output H" value="8388608"/>
  <attribute name="Output I" value="200"/>
  <attribute name="Output T" value="1"/>
  <attribute name="Target GC Util Change" value ="20.000000" />
  <attribute name="Current GC Util Change" value="64.000000"/>
  <attribute name="GC Util currently" value="64" />
  <attribute name="CPU Util currently" value="21988051455459" />
<exclusive-end id="4357" timestamp="2019-06-16T00:38:03.231" durationms="3.413" />

<exclusive-start id="4358" timestamp="2019-06-16T00:38:03.235" intervalms="7.980">
  <response-info timems="0.070" idlems="0.070" threads="0" lastid="0000000001AE6700" lastname="main" />
</exclusive-start>
<allocation-taxation id="4359" taxation-threshold="14680064" timestamp="2019-06-16T00:38:03.235" intervalms="8.032" />
<gc-start id="4360" type="global mark phase" contextid="4317" timestamp="2019-06-16T00:38:03.236">
  <mem-info id="4361" free="37748736" total="91226112" percent="41">
    <remembered-set count="23648" freebytes="3546880" totalbytes="3641472" percent="97" regionsoverflowed="0" regionsstable="0" regionsrebuilding="17"/>
  </mem-info>
</gc-start>
<gc-end id="4362" type="global mark phase" contextid="4317" durationms="0.149" usertimems="0.000" systemtimems="0.000" timestamp="2019-06-16T00:38:03.236" activeThreads="1">
  <mem-info id="4363" free="37748736" total="91226112" percent="41">
    <remembered-set count="23648" freebytes="3546880" totalbytes="3641472" percent="97" regionsoverflowed="0" regionsstable="0" regionsrebuilding="17"/>
  </mem-info>
</gc-end>
<concurrent-start id="4364" type="GMP work packet processing" contextid="4317" timestamp="2019-06-16T00:38:03.236">
  <concurrent-mark-start scanTarget="1048576" />
</concurrent-start>
<exclusive-end id="4365" timestamp="2019-06-16T00:38:03.236" durationms="0.873" />

<concurrent-end id="4366" type="GMP work packet processing" contextid="4317" timestamp="2019-06-16T00:38:03.237">
  <concurrent-mark-end bytesScanned="1088972" reasonForTermination="Work target met" />
</concurrent-end>

<exclusive-start id="4367" timestamp="2019-06-16T00:38:03.242" intervalms="6.602">
  <response-info timems="0.060" idlems="0.060" threads="0" lastid="0000000001AE6700" lastname="main" />
</exclusive-start>
<allocation-taxation id="4368" taxation-threshold="14680064" timestamp="2019-06-16T00:38:03.242" intervalms="6.786" />
<cycle-start id="4369" type="partial gc" contextid="0" timestamp="2019-06-16T00:38:03.242" intervalms="14.864" />
<gc-start id="4370" type="partial gc" contextid="4369" timestamp="2019-06-16T00:38:03.243">
  <mem-info id="4371" free="23068672" total="91226112" percent="25">
    <mem type="eden" free="1048536" total="30408704" percent="3" />
    <remembered-set count="35296" freebytes="3500288" totalbytes="3641472" percent="96" regionsoverflowed="0" regionsstable="0" regionsrebuilding="17"/>
  </mem-info>
</gc-start>
<allocation-stats totalBytes="29308656" >
  <allocated-bytes non-tlh="0" tlh="29308656" arrayletleaf="0"/>
  <largest-consumer threadName="main" threadId="0000000001AE6700" bytes="14653848" />
</allocation-stats>
<gc-op id="4372" type="copy forward" timems="1.317" contextid="4369" timestamp="2019-06-16T00:38:03.245">
  <memory-copied type="eden" objects="2" bytes="40" bytesdiscarded="0" />
  <memory-copied type="other" objects="0" bytes="0" bytesdiscarded="0" />
  <memory-cardclean objects="12" bytes="432" />
  <regions eden="28" other="1" />
  <remembered-set-cleared processed="32398" cleared="7" durationms="0.313" />
  <stringconstants candidates="13269" cleared="0"  />
</gc-op>
<gc-op id="4373" type="classunload" timems="0.004" contextid="4369" timestamp="2019-06-16T00:38:03.245">
  <classunload-info classloadercandidates="53" classloadersunloaded="0" classesunloaded="0" anonymousclassesunloaded="0" quiescems="0.000" setupms="0.004" scanms="0.000" postms="0.000" />
</gc-op>
<heap-resize id="4374" type="expand" space="default" amount="6291456" count="1" timems="0.063" reason="excessive time being spent in gc" timestamp="2019-06-16T00:38:03.245" />
<gc-end id="4375" type="partial gc" contextid="4369" durationms="2.653" usertimems="0.000" systemtimems="0.000" timestamp="2019-06-16T00:38:03.245" activeThreads="1">
  <mem-info id="4376" free="58720256" total="97517568" percent="60">
    <mem type="eden" free="1048536" total="1048576" percent="99" />
    <remembered-set count="35744" freebytes="3749632" totalbytes="3892608" percent="96" regionsoverflowed="0" regionsstable="0" regionsrebuilding="17"/>
  </mem-info>
</gc-end>
<cycle-end id="4377" type="partial gc" contextid="4369" timestamp="2019-06-16T00:38:03.246" />
  <attribute name="elasticGC enabled" value="1" />
  <attribute name= "numThreadsSpecified" value="1" />
  <attribute name="heapSize specified" value="0" />
  <attribute name="Current GC Util" value="63" />
  <attribute name= "Current Time Running" value="22294" />
  <attribute name ="GC Interval" value="0" />
  <attribute name="ProportionalT" value="64.500000" />
  <attribute name="ProportionalI" value="64.500000" />
  <attribute name="ProportionalH" value="64.500000" />
  <attribute name="Current Error" value="43.000000" />
  <attribute name="IntegralT" value="0.000000" />
  <attribute name="IntegralI" value="0.000000" />
  <attribute name="IntegralH" value="0.000000" />
  <attribute name="DerivativeT" value="inf" />
  <attribute name="DerivativeI" value="inf" />
  <attribute name="DerivativeH" value="inf" />
  <attribute name="Loop Time for DT" value="0.000000" />
  <attribute name="Output H" value="8388608"/>
  <attribute name="Output I" value="200"/>
  <attribute name="Output T" value="1"/>
  <attribute name="Target GC Util Change" value ="20.000000" />
  <attribute name="Current GC Util Change" value="63.000000"/>
  <attribute name="GC Util currently" value="63" />
  <attribute name="CPU Util currently" value="22223278975847" />
<exclusive-end id="4378" timestamp="2019-06-16T00:38:03.246" durationms="3.874" />

<exclusive-start id="4379" timestamp="2019-06-16T00:38:03.250" intervalms="8.359">
  <response-info timems="0.053" idlems="0.053" threads="0" lastid="0000000001AE6700" lastname="main" />
</exclusive-start>
<allocation-taxation id="4380" taxation-threshold="14680064" timestamp="2019-06-16T00:38:03.250" intervalms="8.213" />
<gc-start id="4381" type="global mark phase" contextid="4317" timestamp="2019-06-16T00:38:03.251">
  <mem-info id="4382" free="44040192" total="97517568" percent="45">
    <remembered-set count="35296" freebytes="3751424" totalbytes="3892608" percent="96" regionsoverflowed="0" regionsstable="0" regionsrebuilding="17"/>
  </mem-info>
</gc-start>
<gc-end id="4383" type="global mark phase" contextid="4317" durationms="0.070" usertimems="0.000" systemtimems="0.000" timestamp="2019-06-16T00:38:03.251" activeThreads="1">
  <mem-info id="4384" free="44040192" total="97517568" percent="45">
    <remembered-set count="35296" freebytes="3751424" totalbytes="3892608" percent="96" regionsoverflowed="0" regionsstable="0" regionsrebuilding="17"/>
  </mem-info>
</gc-end>
<concurrent-start id="4385" type="GMP work packet processing" contextid="4317" timestamp="2019-06-16T00:38:03.251">
  <concurrent-mark-start scanTarget="1048576" />
</concurrent-start>
<exclusive-end id="4386" timestamp="2019-06-16T00:38:03.252" durationms="1.778" />

<concurrent-end id="4387" type="GMP work packet processing" contextid="4317" timestamp="2019-06-16T00:38:03.252">
  <concurrent-mark-end bytesScanned="1115560" reasonForTermination="Work target met" />
</concurrent-end>

<exclusive-start id="4388" timestamp="2019-06-16T00:38:03.257" intervalms="6.480">
  <response-info timems="0.233" idlems="0.233" threads="0" lastid="0000000001AE6700" lastname="main" />
</exclusive-start>
<allocation-taxation id="4389" taxation-threshold="14680064" timestamp="2019-06-16T00:38:03.257" intervalms="6.382" />
<cycle-start id="4390" type="partial gc" contextid="0" timestamp="2019-06-16T00:38:03.257" intervalms="14.497" />
<gc-start id="4391" type="partial gc" contextid="4390" timestamp="2019-06-16T00:38:03.257">
  <mem-info id="4392" free="29360128" total="97517568" percent="30">
    <mem type="eden" free="1048536" total="30408704" percent="3" />
    <remembered-set count="48160" freebytes="3699968" totalbytes="3892608" percent="95" regionsoverflowed="0" regionsstable="0" regionsrebuilding="17"/>
  </mem-info>
</gc-start>
<allocation-stats totalBytes="29308656" >
  <allocated-bytes non-tlh="0" tlh="29308656" arrayletleaf="0"/>
  <largest-consumer threadName="main" threadId="0000000001AE6700" bytes="14653848" />
</allocation-stats>
<gc-op id="4393" type="copy forward" timems="1.259" contextid="4390" timestamp="2019-06-16T00:38:03.259">
  <memory-copied type="eden" objects="2" bytes="40" bytesdiscarded="0" />
  <memory-copied type="other" objects="0" bytes="0" bytesdiscarded="0" />
  <memory-cardclean objects="12" bytes="432" />
  <regions eden="28" other="1" />
  <remembered-set-cleared processed="45676" cleared="6" durationms="0.361" />
  <stringconstants candidates="13269" cleared="0"  />
</gc-op>
<gc-op id="4394" type="classunload" timems="0.004" contextid="4390" timestamp="2019-06-16T00:38:03.259">
  <classunload-info classloadercandidates="53" classloadersunloaded="0" classesunloaded="0" anonymousclassesunloaded="0" quiescems="0.000" setupms="0.004" scanms="0.000" postms="0.000" />
</gc-op>
<gc-end id="4395" type="partial gc" contextid="4390" durationms="2.490" usertimems="4.000" systemtimems="0.000" timestamp="2019-06-16T00:38:03.260" activeThreads="1">
  <mem-info id="4396" free="58720256" total="97517568" percent="60">
    <mem type="eden" free="1048536" total="1048576" percent="99" />
    <remembered-set count="48640" freebytes="3698048" totalbytes="3892608" percent="95" regionsoverflowed="0" regionsstable="0" regionsrebuilding="17"/>
  </mem-info>
</gc-end>
<cycle-end id="4397" type="partial gc" contextid="4390" timestamp="2019-06-16T00:38:03.260" />
  <attribute name="elasticGC enabled" value="1" />
  <attribute name= "numThreadsSpecified" value="1" />
  <attribute name="heapSize specified" value="0" />
  <attribute name="Current GC Util" value="72" />
  <attribute name= "Current Time Running" value="22308" />
  <attribute name ="GC Interval" value="0" />
  <attribute name="ProportionalT" value="78.000000" />
  <attribute name="ProportionalI" value="78.000000" />
  <attribute name="ProportionalH" value="78.000000" />
  <attribute name="Current Error" value="52.000000" />
  <attribute name="IntegralT" value="0.000000" />
  <attribute name="IntegralI" value="0.000000" />
  <attribute name="IntegralH" value="0.000000" />
  <attribute name="DerivativeT" value="inf" />
  <attribute name="DerivativeI" value="inf" />
  <attribute name="DerivativeH" value="inf" />
  <attribute name="Loop Time for DT" value="0.000000" />
  <attribute name="Output H" value="8388608"/>
  <attribute name="Output I" value="200"/>
  <attribute name="Output T" value="1"/>
  <attribute name="Target GC Util Change" value ="20.000000" />
  <attribute name="Current GC Util Change" value="72.000000"/>
  <attribute name="GC Util currently" value="72" />
  <attribute name="CPU Util currently" value="19361781639588" />
<exclusive-end id="4398" timestamp="2019-06-16T00:38:03.260" durationms="3.360" />

<exclusive-start id="4399" timestamp="2019-06-16T00:38:03.265" intervalms="8.118">
  <response-info timems="0.072" idlems="0.072" threads="0" lastid="0000000001AE6700" lastname="main" />
</exclusive-start>
<allocation-taxation id="4400" taxation-threshold="14680064" timestamp="2019-06-16T00:38:03.265" intervalms="8.180" />
<gc-start id="4401" type="global mark phase" contextid="4317" timestamp="2019-06-16T00:38:03.265">
  <mem-info id="4402" free="44040192" total="97517568" percent="45">
    <remembered-set count="48160" freebytes="3699968" totalbytes="3892608" percent="95" regionsoverflowed="0" regionsstable="0" regionsrebuilding="17"/>
  </mem-info>
</gc-start>
<gc-end id="4403" type="global mark phase" contextid="4317" durationms="0.210" usertimems="0.000" systemtimems="0.000" timestamp="2019-06-16T00:38:03.265" activeThreads="1">
  <mem-info id="4404" free="44040192" total="97517568" percent="45">
    <remembered-set count="48160" freebytes="3699968" totalbytes="3892608" percent="95" regionsoverflowed="0" regionsstable="0" regionsrebuilding="17"/>
  </mem-info>
</gc-end>
<concurrent-start id="4405" type="GMP work packet processing" contextid="4317" timestamp="2019-06-16T00:38:03.266">
  <concurrent-mark-start scanTarget="1048576" />
</concurrent-start>
<exclusive-end id="4406" timestamp="2019-06-16T00:38:03.266" durationms="0.951" />

<concurrent-end id="4407" type="GMP work packet processing" contextid="4317" timestamp="2019-06-16T00:38:03.267">
  <concurrent-mark-end bytesScanned="1083716" reasonForTermination="Work target met" />
</concurrent-end>

<exclusive-start id="4408" timestamp="2019-06-16T00:38:03.271" intervalms="6.118">
  <response-info timems="0.068" idlems="0.068" threads="0" lastid="0000000001AE6700" lastname="main" />
</exclusive-start>
<allocation-taxation id="4409" taxation-threshold="14680064" timestamp="2019-06-16T00:38:03.271" intervalms="6.054" />
<cycle-start id="4410" type="partial gc" contextid="0" timestamp="2019-06-16T00:38:03.271" intervalms="14.234" />
<gc-start id="4411" type="partial gc" contextid="4410" timestamp="2019-06-16T00:38:03.271">
  <mem-info id="4412" free="29360128" total="97517568" percent="30">
    <mem type="eden" free="1048536" total="30408704" percent="3" />
    <remembered-set count="57408" freebytes="3662976" totalbytes="3892608" percent="94" regionsoverflowed="0" regionsstable="0" regionsrebuilding="17"/>
  </mem-info>
</gc-start>
<allocation-stats totalBytes="29308632" >
  <allocated-bytes non-tlh="0" tlh="29308632" arrayletleaf="0"/>
  <largest-consumer threadName="main" threadId="0000000001AE6700" bytes="14653856" />
</allocation-stats>
<gc-op id="4413" type="copy forward" timems="1.557" contextid="4410" timestamp="2019-06-16T00:38:03.274">
  <memory-copied type="eden" objects="2" bytes="40" bytesdiscarded="0" />
  <memory-copied type="other" objects="0" bytes="0" bytesdiscarded="0" />
  <memory-cardclean objects="12" bytes="432" />
  <regions eden="28" other="1" />
  <remembered-set-cleared processed="54944" cleared="6" durationms="0.248" />
  <stringconstants candidates="13269" cleared="0"  />
</gc-op>
<gc-op id="4414" type="classunload" timems="0.004" contextid="4410" timestamp="2019-06-16T00:38:03.274">
  <classunload-info classloadercandidates="53" classloadersunloaded="0" classesunloaded="0" anonymousclassesunloaded="0" quiescems="0.000" setupms="0.004" scanms="0.000" postms="0.000" />
</gc-op>
<gc-end id="4415" type="partial gc" contextid="4410" durationms="2.529" usertimems="4.000" systemtimems="0.000" timestamp="2019-06-16T00:38:03.274" activeThreads="4">
  <mem-info id="4416" free="58720256" total="97517568" percent="60">
    <mem type="eden" free="1048536" total="1048576" percent="99" />
    <remembered-set count="57472" freebytes="3662720" totalbytes="3892608" percent="94" regionsoverflowed="0" regionsstable="0" regionsrebuilding="17"/>
  </mem-info>
</gc-end>
<cycle-end id="4417" type="partial gc" contextid="4410" timestamp="2019-06-16T00:38:03.274" />
  <attribute name="elasticGC enabled" value="1" />
  <attribute name= "numThreadsSpecified" value="4" />
  <attribute name="heapSize specified" value="0" />
  <attribute name="Current GC Util" value="72" />
  <attribute name= "Current Time Running" value="22323" />
  <attribute name ="GC Interval" value="0" />
  <attribute name="ProportionalT" value="78.000000" />
  <attribute name="ProportionalI" value="78.000000" />
  <attribute name="ProportionalH" value="78.000000" />
  <attribute name="Current Error" value="52.000000" />
  <attribute name="IntegralT" value="52.000000" />
  <attribute name="IntegralI" value="52.000000" />
  <attribute name="IntegralH" value="52.000000" />
  <attribute name="DerivativeT" value="20.000000" />
  <attribute name="DerivativeI" value="20.000000" />
  <attribute name="DerivativeH" value="20.000000" />
  <attribute name="Loop Time for DT" value="1.000000" />
  <attribute name="Output H" value="8388608"/>
  <attribute name="Output I" value="200"/>
  <attribute name="Output T" value="4"/>
  <attribute name="Target GC Util Change" value ="20.000000" />
  <attribute name="Current GC Util Change" value="72.000000"/>
  <attribute name="GC Util currently" value="72" />
  <attribute name="CPU Util currently" value="19007150669200" />
<exclusive-end id="4418" timestamp="2019-06-16T00:38:03.274" durationms="3.273" />

<exclusive-start id="4419" timestamp="2019-06-16T00:38:03.279" intervalms="7.907">
  <response-info timems="0.241" idlems="0.241" threads="0" lastid="0000000001AE6700" lastname="main" />
</exclusive-start>
<allocation-taxation id="4420" taxation-threshold="14680064" timestamp="2019-06-16T00:38:03.279" intervalms="7.969" />
<gc-start id="4421" type="global mark phase" contextid="4317" timestamp="2019-06-16T00:38:03.279">
  <mem-info id="4422" free="44040192" total="97517568" percent="45">
    <remembered-set count="57472" freebytes="3662720" totalbytes="3892608" percent="94" regionsoverflowed="0" regionsstable="0" regionsrebuilding="17"/>
  </mem-info>
</gc-start>
<gc-end id="4423" type="global mark phase" contextid="4317" durationms="0.125" usertimems="0.000" systemtimems="0.000" timestamp="2019-06-16T00:38:03.279" activeThreads="4">
  <mem-info id="4424" free="44040192" total="97517568" percent="45">
    <remembered-set count="57472" freebytes="3662720" totalbytes="3892608" percent="94" regionsoverflowed="0" regionsstable="0" regionsrebuilding="17"/>
  </mem-info>
</gc-end>
<concurrent-start id="4425" type="GMP work packet processing" contextid="4317" timestamp="2019-06-16T00:38:03.279">
  <concurrent-mark-start scanTarget="1236643" />
</concurrent-start>
<exclusive-end id="4426" timestamp="2019-06-16T00:38:03.280" durationms="0.757" />

<concurrent-end id="4427" type="GMP work packet processing" contextid="4317" timestamp="2019-06-16T00:38:03.280">
  <concurrent-mark-end bytesScanned="1286928" reasonForTermination="Work target met" />
</concurrent-end>

<exclusive-start id="4428" timestamp="2019-06-16T00:38:03.285" intervalms="5.978">
  <response-info timems="0.060" idlems="0.060" threads="0" lastid="0000000001AE6700" lastname="main" />
</exclusive-start>
<allocation-taxation id="4429" taxation-threshold="14680064" timestamp="2019-06-16T00:38:03.285" intervalms="5.917" />
<cycle-start id="4430" type="partial gc" contextid="0" timestamp="2019-06-16T00:38:03.285" intervalms="13.886" />
<gc-start id="4431" type="partial gc" contextid="4430" timestamp="2019-06-16T00:38:03.285">
  <mem-info id="4432" free="29360128" total="97517568" percent="30">
    <mem type="eden" free="1048536" total="30408704" percent="3" />
    <remembered-set count="67552" freebytes="3622400" totalbytes="3892608" percent="93" regionsoverflowed="0" regionsstable="0" regionsrebuilding="17"/>
  </mem-info>
</gc-start>
<allocation-stats totalBytes="29308656" >
  <allocated-bytes non-tlh="0" tlh="29308656" arrayletleaf="0"/>
  <largest-consumer threadName="main" threadId="0000000001AE6700" bytes="14653848" />
</allocation-stats>
<gc-op id="4433" type="copy forward" timems="1.377" contextid="4430" timestamp="2019-06-16T00:38:03.287">
  <memory-copied type="eden" objects="2" bytes="40" bytesdiscarded="0" />
  <memory-copied type="other" objects="0" bytes="0" bytesdiscarded="0" />
  <memory-cardclean objects="12" bytes="432" />
  <regions eden="28" other="1" />
  <remembered-set-cleared processed="64771" cleared="6" durationms="0.447" />
  <stringconstants candidates="13269" cleared="0"  />
</gc-op>
<gc-op id="4434" type="classunload" timems="0.004" contextid="4430" timestamp="2019-06-16T00:38:03.287">
  <classunload-info classloadercandidates="53" classloadersunloaded="0" classesunloaded="0" anonymousclassesunloaded="0" quiescems="0.000" setupms="0.004" scanms="0.000" postms="0.000" />
</gc-op>
<gc-end id="4435" type="partial gc" contextid="4430" durationms="2.426" usertimems="0.000" systemtimems="0.000" timestamp="2019-06-16T00:38:03.288" activeThreads="1">
  <mem-info id="4436" free="58720256" total="97517568" percent="60">
    <mem type="eden" free="1048536" total="1048576" percent="99" />
    <remembered-set count="68032" freebytes="3620480" totalbytes="3892608" percent="93" regionsoverflowed="0" regionsstable="0" regionsrebuilding="17"/>
  </mem-info>
</gc-end>
<cycle-end id="4437" type="partial gc" contextid="4430" timestamp="2019-06-16T00:38:03.288" />
  <attribute name="elasticGC enabled" value="1" />
  <attribute name= "numThreadsSpecified" value="1" />
  <attribute name="heapSize specified" value="0" />
  <attribute name="Current GC Util" value="57" />
  <attribute name= "Current Time Running" value="22336" />
  <attribute name ="GC Interval" value="0" />
  <attribute name="ProportionalT" value="55.500000" />
  <attribute name="ProportionalI" value="55.500000" />
  <attribute name="ProportionalH" value="55.500000" />
  <attribute name="Current Error" value="37.000000" />
  <attribute name="IntegralT" value="0.000000" />
  <attribute name="IntegralI" value="0.000000" />
  <attribute name="IntegralH" value="0.000000" />
  <attribute name="DerivativeT" value="inf" />
  <attribute name="DerivativeI" value="inf" />
  <attribute name="DerivativeH" value="inf" />
  <attribute name="Loop Time for DT" value="0.000000" />
  <attribute name="Output H" value="8388608"/>
  <attribute name="Output I" value="200"/>
  <attribute name="Output T" value="1"/>
  <attribute name="Target GC Util Change" value ="20.000000" />
  <attribute name="Current GC Util Change" value="57.000000"/>
  <attribute name="GC Util currently" value="57" />
  <attribute name="CPU Util currently" value="16565737478976" />
<exclusive-end id="4438" timestamp="2019-06-16T00:38:03.288" durationms="3.270" />

<exclusive-start id="4439" timestamp="2019-06-16T00:38:03.293" intervalms="7.749">
  <response-info timems="0.069" idlems="0.069" threads="0" lastid="0000000001AE6700" lastname="main" />
</exclusive-start>
<allocation-taxation id="4440" taxation-threshold="14680064" timestamp="2019-06-16T00:38:03.293" intervalms="7.808" />
<gc-start id="4441" type="global mark phase" contextid="4317" timestamp="2019-06-16T00:38:03.293">
  <mem-info id="4442" free="44040192" total="97517568" percent="45">
    <remembered-set count="67584" freebytes="3622272" totalbytes="3892608" percent="93" regionsoverflowed="0" regionsstable="0" regionsrebuilding="17"/>
  </mem-info>
</gc-start>
<gc-end id="4443" type="global mark phase" contextid="4317" durationms="0.200" usertimems="0.000" systemtimems="0.000" timestamp="2019-06-16T00:38:03.293" activeThreads="1">
  <mem-info id="4444" free="44040192" total="97517568" percent="45">
    <remembered-set count="67584" freebytes="3622272" totalbytes="3892608" percent="93" regionsoverflowed="0" regionsstable="0" regionsrebuilding="17"/>
  </mem-info>
</gc-end>
<concurrent-start id="4445" type="GMP work packet processing" contextid="4317" timestamp="2019-06-16T00:38:03.293">
  <concurrent-mark-start scanTarget="1048576" />
</concurrent-start>
<exclusive-end id="4446" timestamp="2019-06-16T00:38:03.294" durationms="0.887" />

<concurrent-end id="4447" type="GMP work packet processing" contextid="4317" timestamp="2019-06-16T00:38:03.294">
  <concurrent-mark-end bytesScanned="1080328" reasonForTermination="Work target met" />
</concurrent-end>

<exclusive-start id="4448" timestamp="2019-06-16T00:38:03.299" intervalms="6.011">
  <response-info timems="0.058" idlems="0.058" threads="0" lastid="0000000001AE6700" lastname="main" />
</exclusive-start>
<allocation-taxation id="4449" taxation-threshold="14680064" timestamp="2019-06-16T00:38:03.299" intervalms="5.956" />
<cycle-start id="4450" type="partial gc" contextid="0" timestamp="2019-06-16T00:38:03.299" intervalms="13.788" />
<gc-start id="4451" type="partial gc" contextid="4450" timestamp="2019-06-16T00:38:03.299">
  <mem-info id="4452" free="29360128" total="97517568" percent="30">
    <mem type="eden" free="1048536" total="30408704" percent="3" />
    <remembered-set count="77664" freebytes="3581952" totalbytes="3892608" percent="92" regionsoverflowed="0" regionsstable="0" regionsrebuilding="17"/>
  </mem-info>
</gc-start>
<allocation-stats totalBytes="29308656" >
  <allocated-bytes non-tlh="0" tlh="29308656" arrayletleaf="0"/>
  <largest-consumer threadName="main" threadId="0000000001AE6700" bytes="14653848" />
</allocation-stats>
<gc-op id="4453" type="copy forward" timems="1.353" contextid="4450" timestamp="2019-06-16T00:38:03.301">
  <memory-copied type="eden" objects="2" bytes="40" bytesdiscarded="0" />
  <memory-copied type="other" objects="0" bytes="0" bytesdiscarded="0" />
  <memory-cardclean objects="12" bytes="432" />
  <regions eden="28" other="1" />
  <remembered-set-cleared processed="74380" cleared="7" durationms="0.492" />
  <stringconstants candidates="13269" cleared="0"  />
</gc-op>
<gc-op id="4454" type="classunload" timems="0.003" contextid="4450" timestamp="2019-06-16T00:38:03.301">
  <classunload-info classloadercandidates="53" classloadersunloaded="0" classesunloaded="0" anonymousclassesunloaded="0" quiescems="0.000" setupms="0.003" scanms="0.000" postms="0.000" />
</gc-op>
<gc-end id="4455" type="partial gc" contextid="4450" durationms="2.353" usertimems="4.000" systemtimems="0.000" timestamp="2019-06-16T00:38:03.301" activeThreads="1">
  <mem-info id="4456" free="58720256" total="97517568" percent="60">
    <mem type="eden" free="1048536" total="1048576" percent="99" />
    <remembered-set count="78144" freebytes="3580032" totalbytes="3892608" percent="91" regionsoverflowed="0" regionsstable="0" regionsrebuilding="17"/>
  </mem-info>
</gc-end>
<cycle-end id="4457" type="partial gc" contextid="4450" timestamp="2019-06-16T00:38:03.302" />
  <attribute name="elasticGC enabled" value="1" />
  <attribute name= "numThreadsSpecified" value="1" />
  <attribute name="heapSize specified" value="0" />
  <attribute name="Current GC Util" value="83" />
  <attribute name= "Current Time Running" value="22350" />
  <attribute name ="GC Interval" value="0" />
  <attribute name="ProportionalT" value="94.500000" />
  <attribute name="ProportionalI" value="94.500000" />
  <attribute name="ProportionalH" value="94.500000" />
  <attribute name="Current Error" value="63.000000" />
  <attribute name="IntegralT" value="0.000000" />
  <attribute name="IntegralI" value="0.000000" />
  <attribute name="IntegralH" value="0.000000" />
  <attribute name="DerivativeT" value="inf" />
  <attribute name="DerivativeI" value="inf" />
  <attribute name="DerivativeH" value="inf" />
  <attribute name="Loop Time for DT" value="0.000000" />
  <attribute name="Output H" value="8388608"/>
  <attribute name="Output I" value="200"/>
  <attribute name="Output T" value="1"/>
  <attribute name="Target GC Util Change" value ="20.000000" />
  <attribute name="Current GC Util Change" value="83.000000"/>
  <attribute name="GC Util currently" value="83" />
  <attribute name="CPU Util currently" value="20926063888295" />
<exclusive-end id="4458" timestamp="2019-06-16T00:38:03.302" durationms="3.203" />

<exclusive-start id="4459" timestamp="2019-06-16T00:38:03.310" intervalms="11.791">
  <response-info timems="0.083" idlems="0.083" threads="0" lastid="0000000001AE6700" lastname="main" />
</exclusive-start>
<allocation-taxation id="4460" taxation-threshold="14680064" timestamp="2019-06-16T00:38:03.311" intervalms="11.791" />
<gc-start id="4461" type="global mark phase" contextid="4317" timestamp="2019-06-16T00:38:03.311">
  <mem-info id="4462" free="44040192" total="97517568" percent="45">
    <remembered-set count="77664" freebytes="3581952" totalbytes="3892608" percent="92" regionsoverflowed="0" regionsstable="0" regionsrebuilding="17"/>
  </mem-info>
</gc-start>
<gc-end id="4463" type="global mark phase" contextid="4317" durationms="0.210" usertimems="0.000" systemtimems="0.000" timestamp="2019-06-16T00:38:03.311" activeThreads="1">
  <mem-info id="4464" free="44040192" total="97517568" percent="45">
    <remembered-set count="77664" freebytes="3581952" totalbytes="3892608" percent="92" regionsoverflowed="0" regionsstable="0" regionsrebuilding="17"/>
  </mem-info>
</gc-end>
<concurrent-start id="4465" type="GMP work packet processing" contextid="4317" timestamp="2019-06-16T00:38:03.311">
  <concurrent-mark-start scanTarget="1048576" />
</concurrent-start>
<exclusive-end id="4466" timestamp="2019-06-16T00:38:03.312" durationms="0.716" />

<concurrent-end id="4467" type="GMP work packet processing" contextid="4317" timestamp="2019-06-16T00:38:03.312">
  <concurrent-mark-end bytesScanned="1094912" reasonForTermination="Work target met" />
</concurrent-end>

<exclusive-start id="4468" timestamp="2019-06-16T00:38:03.335" intervalms="24.265">
  <response-info timems="0.254" idlems="0.254" threads="0" lastid="0000000001AE6700" lastname="main" />
</exclusive-start>
<allocation-taxation id="4469" taxation-threshold="14680064" timestamp="2019-06-16T00:38:03.335" intervalms="24.269" />
<cycle-start id="4470" type="partial gc" contextid="0" timestamp="2019-06-16T00:38:03.335" intervalms="36.066" />
<gc-start id="4471" type="partial gc" contextid="4470" timestamp="2019-06-16T00:38:03.335">
  <mem-info id="4472" free="29360128" total="97517568" percent="30">
    <mem type="eden" free="1048536" total="30408704" percent="3" />
    <remembered-set count="89120" freebytes="3536128" totalbytes="3892608" percent="90" regionsoverflowed="0" regionsstable="0" regionsrebuilding="17"/>
  </mem-info>
</gc-start>
<allocation-stats totalBytes="29323280" >
  <allocated-bytes non-tlh="0" tlh="29323280" arrayletleaf="0"/>
  <largest-consumer threadName="main" threadId="0000000001AE6700" bytes="14665384" />
</allocation-stats>
<gc-op id="4473" type="copy forward" timems="1.453" contextid="4470" timestamp="2019-06-16T00:38:03.337">
  <memory-copied type="eden" objects="36" bytes="1440" bytesdiscarded="0" />
  <memory-copied type="other" objects="0" bytes="0" bytesdiscarded="0" />
  <memory-cardclean objects="76" bytes="2432" />
  <regions eden="28" other="1" />
  <remembered-set-cleared processed="86399" cleared="54" durationms="0.587" />
  <stringconstants candidates="13269" cleared="0"  />
</gc-op>
<gc-op id="4474" type="classunload" timems="0.004" contextid="4470" timestamp="2019-06-16T00:38:03.337">
  <classunload-info classloadercandidates="53" classloadersunloaded="0" classesunloaded="0" anonymousclassesunloaded="0" quiescems="0.000" setupms="0.004" scanms="0.000" postms="0.000" />
</gc-op>
<gc-end id="4475" type="partial gc" contextid="4470" durationms="2.484" usertimems="0.000" systemtimems="0.000" timestamp="2019-06-16T00:38:03.338" activeThreads="1">
  <mem-info id="4476" free="58720256" total="97517568" percent="60">
    <mem type="eden" free="1047136" total="1048576" percent="99" />
    <remembered-set count="89472" freebytes="3534720" totalbytes="3892608" percent="90" regionsoverflowed="0" regionsstable="0" regionsrebuilding="17"/>
  </mem-info>
</gc-end>
<cycle-end id="4477" type="partial gc" contextid="4470" timestamp="2019-06-16T00:38:03.338" />
  <attribute name="elasticGC enabled" value="1" />
  <attribute name= "numThreadsSpecified" value="1" />
  <attribute name="heapSize specified" value="0" />
  <attribute name="Current GC Util" value="64" />
  <attribute name= "Current Time Running" value="22386" />
  <attribute name ="GC Interval" value="0" />
  <attribute name="ProportionalT" value="66.000000" />
  <attribute name="ProportionalI" value="66.000000" />
  <attribute name="ProportionalH" value="66.000000" />
  <attribute name="Current Error" value="44.000000" />
  <attribute name="IntegralT" value="0.000000" />
  <attribute name="IntegralI" value="0.000000" />
  <attribute name="IntegralH" value="0.000000" />
  <attribute name="DerivativeT" value="inf" />
  <attribute name="DerivativeI" value="inf" />
  <attribute name="DerivativeH" value="inf" />
  <attribute name="Loop Time for DT" value="0.000000" />
  <attribute name="Output H" value="8388608"/>
  <attribute name="Output I" value="200"/>
  <attribute name="Output T" value="1"/>
  <attribute name="Target GC Util Change" value ="20.000000" />
  <attribute name="Current GC Util Change" value="64.000000"/>
  <attribute name="GC Util currently" value="64" />
  <attribute name="CPU Util currently" value="19365115053675" />
<exclusive-end id="4478" timestamp="2019-06-16T00:38:03.338" durationms="3.359" />

<exclusive-start id="4479" timestamp="2019-06-16T00:38:03.361" intervalms="25.900">
  <response-info timems="0.082" idlems="0.082" threads="0" lastid="0000000001AE6700" lastname="main" />
</exclusive-start>
<allocation-taxation id="4480" taxation-threshold="14680064" timestamp="2019-06-16T00:38:03.361" intervalms="25.960" />
<gc-start id="4481" type="global mark phase" contextid="4317" timestamp="2019-06-16T00:38:03.361">
  <mem-info id="4482" free="44040192" total="97517568" percent="45">
    <remembered-set count="89088" freebytes="3536256" totalbytes="3892608" percent="90" regionsoverflowed="0" regionsstable="0" regionsrebuilding="17"/>
  </mem-info>
</gc-start>
<gc-end id="4483" type="global mark phase" contextid="4317" durationms="0.125" usertimems="0.000" systemtimems="0.000" timestamp="2019-06-16T00:38:03.361" activeThreads="1">
  <mem-info id="4484" free="44040192" total="97517568" percent="45">
    <remembered-set count="89088" freebytes="3536256" totalbytes="3892608" percent="90" regionsoverflowed="0" regionsstable="0" regionsrebuilding="17"/>
  </mem-info>
</gc-end>
<concurrent-start id="4485" type="GMP work packet processing" contextid="4317" timestamp="2019-06-16T00:38:03.361">
  <concurrent-mark-start scanTarget="1048576" />
</concurrent-start>
<exclusive-end id="4486" timestamp="2019-06-16T00:38:03.361" durationms="0.862" />

<concurrent-end id="4487" type="GMP work packet processing" contextid="4317" timestamp="2019-06-16T00:38:03.362">
  <concurrent-mark-end bytesScanned="1097808" reasonForTermination="Work target met" />
</concurrent-end>

<exclusive-start id="4488" timestamp="2019-06-16T00:38:03.385" intervalms="24.052">
  <response-info timems="0.082" idlems="0.082" threads="0" lastid="0000000001AE6700" lastname="main" />
</exclusive-start>
<allocation-taxation id="4489" taxation-threshold="14680064" timestamp="2019-06-16T00:38:03.385" intervalms="23.989" />
<cycle-start id="4490" type="partial gc" contextid="0" timestamp="2019-06-16T00:38:03.385" intervalms="49.923" />
<gc-start id="4491" type="partial gc" contextid="4490" timestamp="2019-06-16T00:38:03.385">
  <mem-info id="4492" free="29360128" total="97517568" percent="30">
    <mem type="eden" free="0" total="29360128" percent="0" />
    <remembered-set count="102560" freebytes="3482368" totalbytes="3892608" percent="89" regionsoverflowed="0" regionsstable="0" regionsrebuilding="17"/>
  </mem-info>
</gc-start>
<allocation-stats totalBytes="29329568" >
  <allocated-bytes non-tlh="0" tlh="29329568" arrayletleaf="0"/>
  <largest-consumer threadName="main" threadId="0000000001AE6700" bytes="14665056" />
</allocation-stats>
<gc-op id="4493" type="copy forward" timems="1.583" contextid="4490" timestamp="2019-06-16T00:38:03.387">
  <memory-copied type="eden" objects="15" bytes="840" bytesdiscarded="0" />
  <memory-copied type="other" objects="24" bytes="704" bytesdiscarded="0" />
  <memory-cardclean objects="63" bytes="2192" />
  <regions eden="28" other="1" />
  <remembered-set-cleared processed="99555" cleared="37" durationms="0.659" />
  <stringconstants candidates="13269" cleared="0"  />
</gc-op>
<gc-op id="4494" type="classunload" timems="0.004" contextid="4490" timestamp="2019-06-16T00:38:03.388">
  <classunload-info classloadercandidates="53" classloadersunloaded="0" classesunloaded="0" anonymousclassesunloaded="0" quiescems="0.000" setupms="0.004" scanms="0.000" postms="0.000" />
</gc-op>
<gc-end id="4495" type="partial gc" contextid="4490" durationms="2.668" usertimems="0.000" systemtimems="4.000" timestamp="2019-06-16T00:38:03.388" activeThreads="1">
  <mem-info id="4496" free="57671680" total="97517568" percent="59">
    <mem type="eden" free="1047736" total="1048576" percent="99" />
    <remembered-set count="102976" freebytes="3480704" totalbytes="3892608" percent="89" regionsoverflowed="0" regionsstable="0" regionsrebuilding="17"/>
  </mem-info>
</gc-end>
<cycle-end id="4497" type="partial gc" contextid="4490" timestamp="2019-06-16T00:38:03.388" />
  <attribute name="elasticGC enabled" value="1" />
  <attribute name= "numThreadsSpecified" value="1" />
  <attribute name="heapSize specified" value="0" />
  <attribute name="Current GC Util" value="54" />
  <attribute name= "Current Time Running" value="22436" />
  <attribute name ="GC Interval" value="0" />
  <attribute name="ProportionalT" value="51.000000" />
  <attribute name="ProportionalI" value="51.000000" />
  <attribute name="ProportionalH" value="51.000000" />
  <attribute name="Current Error" value="34.000000" />
  <attribute name="IntegralT" value="0.000000" />
  <attribute name="IntegralI" value="0.000000" />
  <attribute name="IntegralH" value="0.000000" />
  <attribute name="DerivativeT" value="inf" />
  <attribute name="DerivativeI" value="inf" />
  <attribute name="DerivativeH" value="inf" />
  <attribute name="Loop Time for DT" value="0.000000" />
  <attribute name="Output H" value="8388608"/>
  <attribute name="Output I" value="200"/>
  <attribute name="Output T" value="1"/>
  <attribute name="Target GC Util Change" value ="20.000000" />
  <attribute name="Current GC Util Change" value="54.000000"/>
  <attribute name="GC Util currently" value="54" />
  <attribute name="CPU Util currently" value="15955182532627" />
<exclusive-end id="4498" timestamp="2019-06-16T00:38:03.388" durationms="3.487" />

<exclusive-start id="4499" timestamp="2019-06-16T00:38:03.402" intervalms="17.142">
  <response-info timems="0.095" idlems="0.095" threads="0" lastid="0000000001AE6700" lastname="main" />
</exclusive-start>
<allocation-taxation id="4500" taxation-threshold="14680064" timestamp="2019-06-16T00:38:03.402" intervalms="17.186" />
<gc-start id="4501" type="global mark phase" contextid="4317" timestamp="2019-06-16T00:38:03.402">
  <mem-info id="4502" free="42991616" total="97517568" percent="44">
    <remembered-set count="102592" freebytes="3482240" totalbytes="3892608" percent="89" regionsoverflowed="0" regionsstable="0" regionsrebuilding="17"/>
  </mem-info>
</gc-start>
<gc-end id="4503" type="global mark phase" contextid="4317" durationms="0.191" usertimems="0.000" systemtimems="0.000" timestamp="2019-06-16T00:38:03.402" activeThreads="1">
  <mem-info id="4504" free="42991616" total="97517568" percent="44">
    <remembered-set count="102592" freebytes="3482240" totalbytes="3892608" percent="89" regionsoverflowed="0" regionsstable="0" regionsrebuilding="17"/>
  </mem-info>
</gc-end>
<concurrent-start id="4505" type="GMP work packet processing" contextid="4317" timestamp="2019-06-16T00:38:03.402">
  <concurrent-mark-start scanTarget="1048576" />
</concurrent-start>
<exclusive-end id="4506" timestamp="2019-06-16T00:38:03.403" durationms="0.838" />

<concurrent-end id="4507" type="GMP work packet processing" contextid="4317" timestamp="2019-06-16T00:38:03.403">
  <concurrent-mark-end bytesScanned="1089608" reasonForTermination="Work target met" />
</concurrent-end>

<exclusive-start id="4508" timestamp="2019-06-16T00:38:03.409" intervalms="7.168">
  <response-info timems="0.068" idlems="0.068" threads="0" lastid="0000000001AE6700" lastname="main" />
</exclusive-start>
<allocation-taxation id="4509" taxation-threshold="14680064" timestamp="2019-06-16T00:38:03.409" intervalms="7.123" />
<cycle-start id="4510" type="partial gc" contextid="0" timestamp="2019-06-16T00:38:03.409" intervalms="24.303" />
<gc-start id="4511" type="partial gc" contextid="4510" timestamp="2019-06-16T00:38:03.409">
  <mem-info id="4512" free="28311552" total="97517568" percent="29">
    <mem type="eden" free="1047736" total="30408704" percent="3" />
    <remembered-set count="118464" freebytes="3418752" totalbytes="3892608" percent="87" regionsoverflowed="0" regionsstable="0" regionsrebuilding="17"/>
  </mem-info>
</gc-start>
<allocation-stats totalBytes="29335696" >
  <allocated-bytes non-tlh="0" tlh="29335696" arrayletleaf="0"/>
  <largest-consumer threadName="main" threadId="0000000001AE6700" bytes="14669408" />
</allocation-stats>
<gc-op id="4513" type="copy forward" timems="1.698" contextid="4510" timestamp="2019-06-16T00:38:03.412">
  <memory-copied type="eden" objects="29" bytes="1504" bytesdiscarded="0" />
  <memory-copied type="other" objects="0" bytes="0" bytesdiscarded="0" />
  <memory-cardclean objects="79" bytes="2520" />
  <regions eden="28" other="1" />
  <remembered-set-cleared processed="115829" cleared="40" durationms="0.748" />
  <stringconstants candidates="13269" cleared="0"  />
</gc-op>
<gc-op id="4514" type="classunload" timems="0.004" contextid="4510" timestamp="2019-06-16T00:38:03.412">
  <classunload-info classloadercandidates="53" classloadersunloaded="0" classesunloaded="0" anonymousclassesunloaded="0" quiescems="0.000" setupms="0.004" scanms="0.000" postms="0.000" />
</gc-op>
<gc-end id="4515" type="partial gc" contextid="4510" durationms="2.739" usertimems="0.000" systemtimems="0.000" timestamp="2019-06-16T00:38:03.412" activeThreads="1">
  <mem-info id="4516" free="57671680" total="97517568" percent="59">
    <mem type="eden" free="1047072" total="1048576" percent="99" />
    <remembered-set count="118912" freebytes="3416960" totalbytes="3892608" percent="87" regionsoverflowed="0" regionsstable="0" regionsrebuilding="17"/>
  </mem-info>
</gc-end>
<cycle-end id="4517" type="partial gc" contextid="4510" timestamp="2019-06-16T00:38:03.412" />
  <attribute name="elasticGC enabled" value="1" />
  <attribute name= "numThreadsSpecified" value="1" />
  <attribute name="heapSize specified" value="0" />
  <attribute name="Current GC Util" value="53" />
  <attribute name= "Current Time Running" value="22460" />
  <attribute name ="GC Interval" value="0" />
  <attribute name="ProportionalT" value="49.500000" />
  <attribute name="ProportionalI" value="49.500000" />
  <attribute name="ProportionalH" value="49.500000" />
  <attribute name="Current Error" value="33.000000" />
  <attribute name="IntegralT" value="0.000000" />
  <attribute name="IntegralI" value="0.000000" />
  <attribute name="IntegralH" value="0.000000" />
  <attribute name="DerivativeT" value="inf" />
  <attribute name="DerivativeI" value="inf" />
  <attribute name="DerivativeH" value="inf" />
  <attribute name="Loop Time for DT" value="0.000000" />
  <attribute name="Output H" value="8388608"/>
  <attribute name="Output I" value="200"/>
  <attribute name="Output T" value="1"/>
  <attribute name="Target GC Util Change" value ="20.000000" />
  <attribute name="Current GC Util Change" value="53.000000"/>
  <attribute name="GC Util currently" value="53" />
  <attribute name="CPU Util currently" value="17692478109675" />
<exclusive-end id="4518" timestamp="2019-06-16T00:38:03.413" durationms="3.583" />

<exclusive-start id="4519" timestamp="2019-06-16T00:38:03.418" intervalms="9.321">
  <response-info timems="0.070" idlems="0.070" threads="0" lastid="0000000001AE6700" lastname="main" />
</exclusive-start>
<allocation-taxation id="4520" taxation-threshold="14680064" timestamp="2019-06-16T00:38:03.418" intervalms="9.376" />
<gc-start id="4521" type="global mark phase" contextid="4317" timestamp="2019-06-16T00:38:03.419">
  <mem-info id="4522" free="42991616" total="97517568" percent="44">
    <remembered-set count="118464" freebytes="3418752" totalbytes="3892608" percent="87" regionsoverflowed="0" regionsstable="0" regionsrebuilding="17"/>
  </mem-info>
</gc-start>
<gc-end id="4523" type="global mark phase" contextid="4317" durationms="0.152" usertimems="0.000" systemtimems="0.000" timestamp="2019-06-16T00:38:03.419" activeThreads="1">
  <mem-info id="4524" free="42991616" total="97517568" percent="44">
    <remembered-set count="118464" freebytes="3418752" totalbytes="3892608" percent="87" regionsoverflowed="0" regionsstable="0" regionsrebuilding="17"/>
  </mem-info>
</gc-end>
<concurrent-start id="4525" type="GMP work packet processing" contextid="4317" timestamp="2019-06-16T00:38:03.419">
  <concurrent-mark-start scanTarget="1048576" />
</concurrent-start>
<exclusive-end id="4526" timestamp="2019-06-16T00:38:03.419" durationms="0.770" />

<concurrent-end id="4527" type="GMP work packet processing" contextid="4317" timestamp="2019-06-16T00:38:03.425">
  <concurrent-mark-end bytesScanned="1100292" reasonForTermination="Work target met" />
</concurrent-end>

<exclusive-start id="4528" timestamp="2019-06-16T00:38:03.425" intervalms="7.042">
  <response-info timems="0.057" idlems="0.057" threads="0" lastid="0000000001AE6700" lastname="main" />
</exclusive-start>
<allocation-taxation id="4529" taxation-threshold="14680064" timestamp="2019-06-16T00:38:03.426" intervalms="7.090" />
<cycle-start id="4530" type="partial gc" contextid="0" timestamp="2019-06-16T00:38:03.426" intervalms="16.589" />
<gc-start id="4531" type="partial gc" contextid="4530" timestamp="2019-06-16T00:38:03.426">
  <mem-info id="4532" free="28311552" total="97517568" percent="29">
    <mem type="eden" free="0" total="29360128" percent="0" />
    <remembered-set count="126848" freebytes="3385216" totalbytes="3892608" percent="86" regionsoverflowed="0" regionsstable="0" regionsrebuilding="17"/>
  </mem-info>
</gc-start>
<allocation-stats totalBytes="29338784" >
  <allocated-bytes non-tlh="0" tlh="29338784" arrayletleaf="0"/>
  <largest-consumer threadName="main" threadId="0000000001AE6700" bytes="14669408" />
</allocation-stats>
<gc-op id="4533" type="copy forward" timems="1.703" contextid="4530" timestamp="2019-06-16T00:38:03.428">
  <memory-copied type="eden" objects="4" bytes="288" bytesdiscarded="0" />
  <memory-copied type="other" objects="25" bytes="1216" bytesdiscarded="0" />
  <memory-cardclean objects="61" bytes="2184" />
  <regions eden="28" other="1" />
  <remembered-set-cleared processed="123652" cleared="40" durationms="0.782" />
  <stringconstants candidates="13269" cleared="0"  />
</gc-op>
<gc-op id="4534" type="classunload" timems="0.004" contextid="4530" timestamp="2019-06-16T00:38:03.429">
  <classunload-info classloadercandidates="53" classloadersunloaded="0" classesunloaded="0" anonymousclassesunloaded="0" quiescems="0.000" setupms="0.004" scanms="0.000" postms="0.000" />
</gc-op>
<heap-resize id="4535" type="expand" space="default" amount="5242880" count="1" timems="0.063" reason="excessive time being spent in gc" timestamp="2019-06-16T00:38:03.429" />
<gc-end id="4536" type="partial gc" contextid="4530" durationms="2.948" usertimems="4.000" systemtimems="0.000" timestamp="2019-06-16T00:38:03.429" activeThreads="1">
  <mem-info id="4537" free="61865984" total="102760448" percent="60">
    <mem type="eden" free="1048288" total="1048576" percent="99" />
    <remembered-set count="127264" freebytes="3592832" totalbytes="4101888" percent="87" regionsoverflowed="0" regionsstable="0" regionsrebuilding="17"/>
  </mem-info>
</gc-end>
<cycle-end id="4538" type="partial gc" contextid="4530" timestamp="2019-06-16T00:38:03.429" />
  <attribute name="elasticGC enabled" value="1" />
  <attribute name= "numThreadsSpecified" value="1" />
  <attribute name="heapSize specified" value="0" />
  <attribute name="Current GC Util" value="61" />
  <attribute name= "Current Time Running" value="22477" />
  <attribute name ="GC Interval" value="0" />
  <attribute name="ProportionalT" value="61.500000" />
  <attribute name="ProportionalI" value="61.500000" />
  <attribute name="ProportionalH" value="61.500000" />
  <attribute name="Current Error" value="41.000000" />
  <attribute name="IntegralT" value="0.000000" />
  <attribute name="IntegralI" value="0.000000" />
  <attribute name="IntegralH" value="0.000000" />
  <attribute name="DerivativeT" value="inf" />
  <attribute name="DerivativeI" value="inf" />
  <attribute name="DerivativeH" value="inf" />
  <attribute name="Loop Time for DT" value="0.000000" />
  <attribute name="Output H" value="8388608"/>
  <attribute name="Output I" value="200"/>
  <attribute name="Output T" value="1"/>
  <attribute name="Target GC Util Change" value ="20.000000" />
  <attribute name="Current GC Util Change" value="61.000000"/>
  <attribute name="GC Util currently" value="61" />
  <attribute name="CPU Util currently" value="19551066262767" />
<exclusive-end id="4539" timestamp="2019-06-16T00:38:03.429" durationms="4.035" />

<exclusive-start id="4540" timestamp="2019-06-16T00:38:03.436" intervalms="10.288">
  <response-info timems="0.087" idlems="0.087" threads="0" lastid="0000000001AE6700" lastname="main" />
</exclusive-start>
<allocation-taxation id="4541" taxation-threshold="15728640" timestamp="2019-06-16T00:38:03.436" intervalms="10.260" />
<gc-start id="4542" type="global mark phase" contextid="4317" timestamp="2019-06-16T00:38:03.436">
  <mem-info id="4543" free="46137344" total="102760448" percent="44">
    <remembered-set count="126880" freebytes="3594368" totalbytes="4101888" percent="87" regionsoverflowed="0" regionsstable="0" regionsrebuilding="17"/>
  </mem-info>
</gc-start>
<gc-end id="4544" type="global mark phase" contextid="4317" durationms="0.189" usertimems="0.000" systemtimems="0.000" timestamp="2019-06-16T00:38:03.436" activeThreads="1">
  <mem-info id="4545" free="46137344" total="102760448" percent="44">
    <remembered-set count="126880" freebytes="3594368" totalbytes="4101888" percent="87" regionsoverflowed="0" regionsstable="0" regionsrebuilding="17"/>
  </mem-info>
</gc-end>
<concurrent-start id="4546" type="GMP work packet processing" contextid="4317" timestamp="2019-06-16T00:38:03.436">
  <concurrent-mark-start scanTarget="1048576" />
</concurrent-start>
<exclusive-end id="4547" timestamp="2019-06-16T00:38:03.436" durationms="0.878" />

<concurrent-end id="4548" type="GMP work packet processing" contextid="4317" timestamp="2019-06-16T00:38:03.437">
  <concurrent-mark-end bytesScanned="843240" reasonForTermination="Completed all work in GC phase" />
</concurrent-end>

<exclusive-start id="4549" timestamp="2019-06-16T00:38:03.456" intervalms="20.752">
  <response-info timems="0.058" idlems="0.058" threads="0" lastid="0000000001AE6700" lastname="main" />
</exclusive-start>
<allocation-taxation id="4550" taxation-threshold="15728640" timestamp="2019-06-16T00:38:03.457" intervalms="20.763" />
<cycle-start id="4551" type="partial gc" contextid="0" timestamp="2019-06-16T00:38:03.457" intervalms="30.936" />
<gc-start id="4552" type="partial gc" contextid="4551" timestamp="2019-06-16T00:38:03.457">
  <mem-info id="4553" free="30408704" total="102760448" percent="29">
    <mem type="eden" free="0" total="31457280" percent="0" />
    <remembered-set count="136992" freebytes="3553920" totalbytes="4101888" percent="86" regionsoverflowed="0" regionsstable="0" regionsrebuilding="17"/>
  </mem-info>
</gc-start>
<allocation-stats totalBytes="31426096" >
  <allocated-bytes non-tlh="0" tlh="31426096" arrayletleaf="0"/>
  <largest-consumer threadName="main" threadId="0000000001AE6700" bytes="15708864" />
</allocation-stats>
<gc-op id="4554" type="copy forward" timems="2.039" contextid="4551" timestamp="2019-06-16T00:38:03.460">
  <memory-copied type="eden" objects="39" bytes="8264" bytesdiscarded="0" />
  <memory-copied type="other" objects="0" bytes="0" bytesdiscarded="0" />
  <memory-cardclean objects="79" bytes="2896" />
  <regions eden="30" other="1" />
  <remembered-set-cleared processed="133746" cleared="38" durationms="0.900" />
  <stringconstants candidates="13269" cleared="0"  />
</gc-op>
<gc-op id="4555" type="classunload" timems="0.004" contextid="4551" timestamp="2019-06-16T00:38:03.460">
  <classunload-info classloadercandidates="53" classloadersunloaded="0" classesunloaded="0" anonymousclassesunloaded="0" quiescems="0.000" setupms="0.004" scanms="0.000" postms="0.000" />
</gc-op>
<gc-end id="4556" type="partial gc" contextid="4551" durationms="3.306" usertimems="4.000" systemtimems="0.000" timestamp="2019-06-16T00:38:03.460" activeThreads="1">
  <mem-info id="4557" free="61865984" total="102760448" percent="60">
    <mem type="eden" free="1040312" total="1048576" percent="99" />
    <remembered-set count="137440" freebytes="3552128" totalbytes="4101888" percent="86" regionsoverflowed="0" regionsstable="0" regionsrebuilding="17"/>
  </mem-info>
</gc-end>
<cycle-end id="4558" type="partial gc" contextid="4551" timestamp="2019-06-16T00:38:03.460" />
  <attribute name="elasticGC enabled" value="1" />
  <attribute name= "numThreadsSpecified" value="1" />
  <attribute name="heapSize specified" value="0" />
  <attribute name="Current GC Util" value="161" />
  <attribute name= "Current Time Running" value="22508" />
  <attribute name ="GC Interval" value="0" />
  <attribute name="ProportionalT" value="211.500000" />
  <attribute name="ProportionalI" value="211.500000" />
  <attribute name="ProportionalH" value="211.500000" />
  <attribute name="Current Error" value="141.000000" />
  <attribute name="IntegralT" value="0.000000" />
  <attribute name="IntegralI" value="0.000000" />
  <attribute name="IntegralH" value="0.000000" />
  <attribute name="DerivativeT" value="inf" />
  <attribute name="DerivativeI" value="inf" />
  <attribute name="DerivativeH" value="inf" />
  <attribute name="Loop Time for DT" value="0.000000" />
  <attribute name="Output H" value="8388608"/>
  <attribute name="Output I" value="200"/>
  <attribute name="Output T" value="1"/>
  <attribute name="Target GC Util Change" value ="20.000000" />
  <attribute name="Current GC Util Change" value="161.000000"/>
  <attribute name="GC Util currently" value="161" />
  <attribute name="CPU Util currently" value="9835955208080" />
<exclusive-end id="4559" timestamp="2019-06-16T00:38:03.461" durationms="4.369" />

<exclusive-start id="4560" timestamp="2019-06-16T00:38:03.488" intervalms="31.401">
  <response-info timems="0.058" idlems="0.058" threads="0" lastid="0000000001AE6700" lastname="main" />
</exclusive-start>
<allocation-taxation id="4561" taxation-threshold="15728640" timestamp="2019-06-16T00:38:03.488" intervalms="31.404" />
<gc-start id="4562" type="global mark phase" contextid="4317" timestamp="2019-06-16T00:38:03.488">
  <mem-info id="4563" free="46137344" total="102760448" percent="44">
    <remembered-set count="137088" freebytes="3553536" totalbytes="4101888" percent="86" regionsoverflowed="0" regionsstable="0" regionsrebuilding="17"/>
  </mem-info>
</gc-start>
<gc-op id="4564" type="mark increment" timems="3.035" contextid="4317" timestamp="2019-06-16T00:38:03.491">
  <trace-info objectcount="52" scancount="46" scanbytes="1216" />
  <cardclean-info objects="101" bytes="3036" />
  <finalization candidates="80" enqueued="0" />
  <ownableSynchronizers candidates="21" cleared="0" />
  <references type="soft" candidates="1851" cleared="0" enqueued="0" dynamicThreshold="19" maxThreshold="32" />
  <references type="weak" candidates="5744" cleared="0" enqueued="0" />
  <references type="phantom" candidates="101" cleared="0" enqueued="0" />
  <stringconstants candidates="13269" cleared="0"  />
</gc-op>
<gc-op id="4565" type="classunload" timems="0.008" contextid="4317" timestamp="2019-06-16T00:38:03.492">
  <classunload-info classloadercandidates="53" classloadersunloaded="0" classesunloaded="0" anonymousclassesunloaded="0" quiescems="0.000" setupms="0.008" scanms="0.000" postms="0.000" />
</gc-op>
<gc-end id="4566" type="global mark phase" contextid="4317" durationms="3.614" usertimems="8.000" systemtimems="0.000" timestamp="2019-06-16T00:38:03.492" activeThreads="4">
  <mem-info id="4567" free="46137344" total="102760448" percent="44">
    <remembered-set count="138112" freebytes="3549440" totalbytes="4101888" percent="86" regionsoverflowed="0" regionsstable="0" regionsrebuilding="0"/>
  </mem-info>
</gc-end>
<cycle-end id="4568" type="global mark phase" contextid="4317" timestamp="2019-06-16T00:38:03.492" />
  <attribute name="elasticGC enabled" value="1" />
  <attribute name= "numThreadsSpecified" value="4" />
  <attribute name="heapSize specified" value="0" />
  <attribute name="Current GC Util" value="0" />
  <attribute name= "Current Time Running" value="22540" />
  <attribute name ="GC Interval" value="0" />
  <attribute name="ProportionalT" value="-30.000000" />
  <attribute name="ProportionalI" value="-30.000000" />
  <attribute name="ProportionalH" value="-30.000000" />
  <attribute name="Current Error" value="-20.000000" />
  <attribute name="IntegralT" value="-20.000000" />
  <attribute name="IntegralI" value="-20.000000" />
  <attribute name="IntegralH" value="-20.000000" />
  <attribute name="DerivativeT" value="-160.500000" />
  <attribute name="DerivativeI" value="-160.500000" />
  <attribute name="DerivativeH" value="-160.500000" />
  <attribute name="Loop Time for DT" value="1.000000" />
  <attribute name="Output H" value="2091843584"/>
  <attribute name="Output I" value="200"/>
  <attribute name="Output T" value="4"/>
  <attribute name="Target GC Util Change" value ="20.000000" />
  <attribute name="Current GC Util Change" value="0.000000"/>
  <attribute name="GC Util currently" value="0" />
  <attribute name="CPU Util currently" value="14915475240797" />
<exclusive-end id="4569" timestamp="2019-06-16T00:38:03.492" durationms="4.327" />

<exclusive-start id="4570" timestamp="2019-06-16T00:38:03.519" intervalms="30.912">
  <response-info timems="0.058" idlems="0.058" threads="0" lastid="0000000001AE6700" lastname="main" />
</exclusive-start>
<allocation-taxation id="4571" taxation-threshold="15728640" timestamp="2019-06-16T00:38:03.519" intervalms="30.942" />
<cycle-start id="4572" type="partial gc" contextid="0" timestamp="2019-06-16T00:38:03.519" intervalms="62.397" />
<gc-start id="4573" type="partial gc" contextid="4572" timestamp="2019-06-16T00:38:03.519">
  <mem-info id="4574" free="30408704" total="102760448" percent="29">
    <mem type="eden" free="0" total="31457280" percent="0" />
    <remembered-set count="136064" freebytes="3557632" totalbytes="4101888" percent="86" regionsoverflowed="0" regionsstable="2" regionsrebuilding="0"/>
  </mem-info>
</gc-start>
<allocation-stats totalBytes="31404016" >
  <allocated-bytes non-tlh="0" tlh="31404016" arrayletleaf="0"/>
  <largest-consumer threadName="main" threadId="0000000001AE6700" bytes="15700344" />
</allocation-stats>
<gc-op id="4575" type="sweep" timems="1.387" contextid="4572" timestamp="2019-06-16T00:38:03.521" />
<gc-op id="4576" type="copy forward" timems="1.908" contextid="4572" timestamp="2019-06-16T00:38:03.524">
  <memory-copied type="eden" objects="3" bytes="2056" bytesdiscarded="0" />
  <memory-copied type="other" objects="39" bytes="4248" bytesdiscarded="0" />
  <memory-cardclean objects="61" bytes="2072" />
  <regions eden="15" other="3" />
  <remembered-set-cleared processed="133624" cleared="97" durationms="0.892" />
  <stringconstants candidates="13269" cleared="0"  />
</gc-op>
<gc-op id="4577" type="classunload" timems="0.003" contextid="4572" timestamp="2019-06-16T00:38:03.524">
  <classunload-info classloadercandidates="53" classloadersunloaded="0" classesunloaded="0" anonymousclassesunloaded="0" quiescems="0.000" setupms="0.003" scanms="0.000" postms="0.000" />
</gc-op>
<gc-end id="4578" type="partial gc" contextid="4572" durationms="4.813" usertimems="8.000" systemtimems="0.000" timestamp="2019-06-16T00:38:03.524" activeThreads="1">
  <mem-info id="4579" free="60817408" total="102760448" percent="59">
    <mem type="eden" free="1046520" total="1048576" percent="99" />
    <remembered-set count="136256" freebytes="3556864" totalbytes="4101888" percent="86" regionsoverflowed="0" regionsstable="2" regionsrebuilding="0"/>
  </mem-info>
</gc-end>
<cycle-end id="4580" type="partial gc" contextid="4572" timestamp="2019-06-16T00:38:03.524" />
  <attribute name="elasticGC enabled" value="1" />
  <attribute name= "numThreadsSpecified" value="1" />
  <attribute name="heapSize specified" value="0" />
  <attribute name="Current GC Util" value="185" />
  <attribute name= "Current Time Running" value="22572" />
  <attribute name ="GC Interval" value="0" />
  <attribute name="ProportionalT" value="247.500000" />
  <attribute name="ProportionalI" value="247.500000" />
  <attribute name="ProportionalH" value="247.500000" />
  <attribute name="Current Error" value="165.000000" />
  <attribute name="IntegralT" value="0.000000" />
  <attribute name="IntegralI" value="0.000000" />
  <attribute name="IntegralH" value="0.000000" />
  <attribute name="DerivativeT" value="inf" />
  <attribute name="DerivativeI" value="inf" />
  <attribute name="DerivativeH" value="inf" />
  <attribute name="Loop Time for DT" value="0.000000" />
  <attribute name="Output H" value="8388608"/>
  <attribute name="Output I" value="200"/>
  <attribute name="Output T" value="1"/>
  <attribute name="Target GC Util Change" value ="20.000000" />
  <attribute name="Current GC Util Change" value="185.000000"/>
  <attribute name="GC Util currently" value="185" />
  <attribute name="CPU Util currently" value="11674681426871" />
<exclusive-end id="4581" timestamp="2019-06-16T00:38:03.525" durationms="5.956" />

<exclusive-start id="4582" timestamp="2019-06-16T00:38:03.581" intervalms="62.140">
  <response-info timems="0.062" idlems="0.062" threads="0" lastid="0000000001AE6700" lastname="main" />
</exclusive-start>
<allocation-taxation id="4583" taxation-threshold="32505856" timestamp="2019-06-16T00:38:03.581" intervalms="62.157" />
<cycle-start id="4584" type="partial gc" contextid="0" timestamp="2019-06-16T00:38:03.581" intervalms="62.147" />
<gc-start id="4585" type="partial gc" contextid="4584" timestamp="2019-06-16T00:38:03.582">
  <mem-info id="4586" free="28311552" total="102760448" percent="27">
    <mem type="eden" free="1046520" total="33554432" percent="3" />
    <remembered-set count="136000" freebytes="3557888" totalbytes="4101888" percent="86" regionsoverflowed="0" regionsstable="2" regionsrebuilding="0"/>
  </mem-info>
</gc-start>
<allocation-stats totalBytes="32453624" >
  <allocated-bytes non-tlh="0" tlh="32453624" arrayletleaf="0"/>
  <largest-consumer threadName="main" threadId="0000000001AE6700" bytes="32453624" />
</allocation-stats>
<gc-op id="4587" type="copy forward" timems="1.819" contextid="4584" timestamp="2019-06-16T00:38:03.584">
  <memory-copied type="eden" objects="25" bytes="760" bytesdiscarded="0" />
  <memory-copied type="other" objects="31" bytes="704" bytesdiscarded="0" />
  <memory-cardclean objects="126" bytes="3864" />
  <regions eden="31" other="5" />
  <remembered-set-cleared processed="133570" cleared="118" durationms="0.911" />
  <stringconstants candidates="13269" cleared="0"  />
</gc-op>
<gc-op id="4588" type="classunload" timems="0.004" contextid="4584" timestamp="2019-06-16T00:38:03.584">
  <classunload-info classloadercandidates="53" classloadersunloaded="0" classesunloaded="0" anonymousclassesunloaded="0" quiescems="0.000" setupms="0.004" scanms="0.000" postms="0.000" />
</gc-op>
<gc-end id="4589" type="partial gc" contextid="4584" durationms="3.045" usertimems="4.000" systemtimems="0.000" timestamp="2019-06-16T00:38:03.585" activeThreads="1">
  <mem-info id="4590" free="61865984" total="102760448" percent="60">
    <mem type="eden" free="1047816" total="1048576" percent="99" />
    <remembered-set count="136512" freebytes="3555840" totalbytes="4101888" percent="86" regionsoverflowed="0" regionsstable="2" regionsrebuilding="0"/>
  </mem-info>
</gc-end>
<cycle-end id="4591" type="partial gc" contextid="4584" timestamp="2019-06-16T00:38:03.585" />
  <attribute name="elasticGC enabled" value="1" />
  <attribute name= "numThreadsSpecified" value="1" />
  <attribute name="heapSize specified" value="0" />
  <attribute name="Current GC Util" value="309" />
  <attribute name= "Current Time Running" value="22633" />
  <attribute name ="GC Interval" value="0" />
  <attribute name="ProportionalT" value="433.500000" />
  <attribute name="ProportionalI" value="433.500000" />
  <attribute name="ProportionalH" value="433.500000" />
  <attribute name="Current Error" value="289.000000" />
  <attribute name="IntegralT" value="0.000000" />
  <attribute name="IntegralI" value="0.000000" />
  <attribute name="IntegralH" value="0.000000" />
  <attribute name="DerivativeT" value="inf" />
  <attribute name="DerivativeI" value="inf" />
  <attribute name="DerivativeH" value="inf" />
  <attribute name="Loop Time for DT" value="0.000000" />
  <attribute name="Output H" value="8388608"/>
  <attribute name="Output I" value="200"/>
  <attribute name="Output T" value="1"/>
  <attribute name="Target GC Util Change" value ="20.000000" />
  <attribute name="Current GC Util Change" value="309.000000"/>
  <attribute name="GC Util currently" value="309" />
  <attribute name="CPU Util currently" value="18292356346126" />
<exclusive-end id="4592" timestamp="2019-06-16T00:38:03.585" durationms="4.253" />

<exclusive-start id="4593" timestamp="2019-06-16T00:38:03.653" intervalms="71.933">
  <response-info timems="0.105" idlems="0.105" threads="0" lastid="0000000001AE6700" lastname="main" />
</exclusive-start>
<allocation-taxation id="4594" taxation-threshold="32505856" timestamp="2019-06-16T00:38:03.653" intervalms="71.933" />
<cycle-start id="4595" type="partial gc" contextid="0" timestamp="2019-06-16T00:38:03.653" intervalms="71.982" />
<gc-start id="4596" type="partial gc" contextid="4595" timestamp="2019-06-16T00:38:03.654">
  <mem-info id="4597" free="29360128" total="102760448" percent="28">
    <mem type="eden" free="1047816" total="33554432" percent="3" />
    <remembered-set count="136064" freebytes="3557632" totalbytes="4101888" percent="86" regionsoverflowed="0" regionsstable="2" regionsrebuilding="0"/>
  </mem-info>
</gc-start>
<allocation-stats totalBytes="32501496" >
  <allocated-bytes non-tlh="0" tlh="32501496" arrayletleaf="0"/>
  <largest-consumer threadName="main" threadId="0000000001AE6700" bytes="32501496" />
</allocation-stats>
<gc-op id="4598" type="copy forward" timems="1.783" contextid="4595" timestamp="2019-06-16T00:38:03.656">
  <memory-copied type="eden" objects="33" bytes="1184" bytesdiscarded="0" />
  <memory-copied type="other" objects="31" bytes="704" bytesdiscarded="240" />
  <memory-cardclean objects="145" bytes="4288" />
  <regions eden="31" other="5" />
  <remembered-set-cleared processed="133525" cleared="92" durationms="0.838" />
  <stringconstants candidates="13269" cleared="0"  />
</gc-op>
<gc-op id="4599" type="classunload" timems="0.003" contextid="4595" timestamp="2019-06-16T00:38:03.656">
  <classunload-info classloadercandidates="53" classloadersunloaded="0" classesunloaded="0" anonymousclassesunloaded="0" quiescems="0.000" setupms="0.003" scanms="0.000" postms="0.000" />
</gc-op>
<gc-end id="4600" type="partial gc" contextid="4595" durationms="3.316" usertimems="4.000" systemtimems="0.000" timestamp="2019-06-16T00:38:03.657" activeThreads="1">
  <mem-info id="4601" free="62914560" total="102760448" percent="61">
    <mem type="eden" free="2095808" total="2097152" percent="99" />
    <remembered-set count="136320" freebytes="3556608" totalbytes="4101888" percent="86" regionsoverflowed="0" regionsstable="2" regionsrebuilding="0"/>
  </mem-info>
</gc-end>
<cycle-end id="4602" type="partial gc" contextid="4595" timestamp="2019-06-16T00:38:03.657" />
  <attribute name="elasticGC enabled" value="1" />
  <attribute name= "numThreadsSpecified" value="1" />
  <attribute name="heapSize specified" value="0" />
  <attribute name="Current GC Util" value="166" />
  <attribute name= "Current Time Running" value="22705" />
  <attribute name ="GC Interval" value="0" />
  <attribute name="ProportionalT" value="219.000000" />
  <attribute name="ProportionalI" value="219.000000" />
  <attribute name="ProportionalH" value="219.000000" />
  <attribute name="Current Error" value="146.000000" />
  <attribute name="IntegralT" value="0.000000" />
  <attribute name="IntegralI" value="0.000000" />
  <attribute name="IntegralH" value="0.000000" />
  <attribute name="DerivativeT" value="inf" />
  <attribute name="DerivativeI" value="inf" />
  <attribute name="DerivativeH" value="inf" />
  <attribute name="Loop Time for DT" value="0.000000" />
  <attribute name="Output H" value="8388608"/>
  <attribute name="Output I" value="200"/>
  <attribute name="Output T" value="1"/>
  <attribute name="Target GC Util Change" value ="20.000000" />
  <attribute name="Current GC Util Change" value="166.000000"/>
  <attribute name="GC Util currently" value="166" />
  <attribute name="CPU Util currently" value="9849525982419" />
<exclusive-end id="4603" timestamp="2019-06-16T00:38:03.657" durationms="4.593" />

<exclusive-start id="4604" timestamp="2019-06-16T00:38:03.704" intervalms="50.824">
  <response-info timems="0.150" idlems="0.150" threads="0" lastid="0000000001AE6700" lastname="main" />
</exclusive-start>
<allocation-taxation id="4605" taxation-threshold="32505856" timestamp="2019-06-16T00:38:03.704" intervalms="50.846" />
<cycle-start id="4606" type="partial gc" contextid="0" timestamp="2019-06-16T00:38:03.704" intervalms="50.844" />
<gc-start id="4607" type="partial gc" contextid="4606" timestamp="2019-06-16T00:38:03.704">
  <mem-info id="4608" free="30408704" total="102760448" percent="29">
    <mem type="eden" free="0" total="32505856" percent="0" />
    <remembered-set count="131680" freebytes="3575168" totalbytes="4101888" percent="87" regionsoverflowed="0" regionsstable="5" regionsrebuilding="0"/>
  </mem-info>
</gc-start>
<allocation-stats totalBytes="32499680" >
  <allocated-bytes non-tlh="0" tlh="32499680" arrayletleaf="0"/>
  <largest-consumer threadName="main" threadId="0000000001AE6700" bytes="32499680" />
</allocation-stats>
<gc-op id="4609" type="copy forward" timems="3.943" contextid="4606" timestamp="2019-06-16T00:38:03.709">
  <memory-copied type="eden" objects="4" bytes="200" bytesdiscarded="0" />
  <memory-copied type="other" objects="69" bytes="1800" bytesdiscarded="864" />
  <memory-cardclean objects="152" bytes="4432" />
  <regions eden="31" other="6" />
  <remembered-set-cleared processed="129426" cleared="112" durationms="0.561" />
  <stringconstants candidates="13269" cleared="0"  />
</gc-op>
<gc-op id="4610" type="classunload" timems="0.003" contextid="4606" timestamp="2019-06-16T00:38:03.710">
  <classunload-info classloadercandidates="53" classloadersunloaded="0" classesunloaded="0" anonymousclassesunloaded="0" quiescems="0.000" setupms="0.003" scanms="0.000" postms="0.000" />
</gc-op>
<heap-resize id="4611" type="contract" space="default" amount="5242880" count="1" timems="0.054" reason="excess free space following gc" timestamp="2019-06-16T00:38:03.710" />
<gc-end id="4612" type="partial gc" contextid="4606" durationms="5.609" usertimems="12.000" systemtimems="0.000" timestamp="2019-06-16T00:38:03.710" activeThreads="4">
  <mem-info id="4613" free="59768832" total="97517568" percent="61">
    <mem type="eden" free="1048376" total="1048576" percent="99" />
    <remembered-set count="131936" freebytes="3574144" totalbytes="4101888" percent="87" regionsoverflowed="0" regionsstable="5" regionsrebuilding="0"/>
  </mem-info>
</gc-end>
<cycle-end id="4614" type="partial gc" contextid="4606" timestamp="2019-06-16T00:38:03.710" />
  <attribute name="elasticGC enabled" value="1" />
  <attribute name= "numThreadsSpecified" value="4" />
  <attribute name="heapSize specified" value="0" />
  <attribute name="Current GC Util" value="235" />
  <attribute name= "Current Time Running" value="22756" />
  <attribute name ="GC Interval" value="0" />
  <attribute name="ProportionalT" value="322.500000" />
  <attribute name="ProportionalI" value="322.500000" />
  <attribute name="ProportionalH" value="322.500000" />
  <attribute name="Current Error" value="215.000000" />
  <attribute name="IntegralT" value="215.000000" />
  <attribute name="IntegralI" value="215.000000" />
  <attribute name="IntegralH" value="215.000000" />
  <attribute name="DerivativeT" value="107.500000" />
  <attribute name="DerivativeI" value="107.500000" />
  <attribute name="DerivativeH" value="107.500000" />
  <attribute name="Loop Time for DT" value="1.000000" />
  <attribute name="Output H" value="8388608"/>
  <attribute name="Output I" value="648"/>
  <attribute name="Output T" value="4"/>
  <attribute name="Target GC Util Change" value ="20.000000" />
  <attribute name="Current GC Util Change" value="235.000000"/>
  <attribute name="GC Util currently" value="235" />
  <attribute name="CPU Util currently" value="9189243067727" />
<exclusive-end id="4615" timestamp="2019-06-16T00:38:03.711" durationms="6.977" />

<exclusive-start id="4616" timestamp="2019-06-16T00:38:03.754" intervalms="50.065">
  <response-info timems="0.091" idlems="0.091" threads="0" lastid="0000000001AE6700" lastname="main" />
</exclusive-start>
<allocation-taxation id="4617" taxation-threshold="30408704" timestamp="2019-06-16T00:38:03.754" intervalms="50.052" />
<cycle-start id="4618" type="partial gc" contextid="0" timestamp="2019-06-16T00:38:03.754" intervalms="50.064" />
<gc-start id="4619" type="partial gc" contextid="4618" timestamp="2019-06-16T00:38:03.754">
  <mem-info id="4620" free="29360128" total="97517568" percent="30">
    <mem type="eden" free="1048376" total="31457280" percent="3" />
    <remembered-set count="2336" freebytes="4092544" totalbytes="4101888" percent="99" regionsoverflowed="0" regionsstable="17" regionsrebuilding="0"/>
  </mem-info>
</gc-start>
<allocation-stats totalBytes="30402864" >
  <allocated-bytes non-tlh="0" tlh="30402864" arrayletleaf="0"/>
  <largest-consumer threadName="main" threadId="0000000001AE6700" bytes="30402864" />
</allocation-stats>
<gc-op id="4621" type="copy forward" timems="2.446" contextid="4618" timestamp="2019-06-16T00:38:03.758">
  <memory-copied type="eden" objects="13" bytes="464" bytesdiscarded="0" />
  <memory-copied type="other" objects="22" bytes="576" bytesdiscarded="320" />
  <memory-cardclean objects="81" bytes="2544" />
  <regions eden="29" other="2" />
  <remembered-set-cleared processed="928" cleared="10" durationms="0.166" />
  <stringconstants candidates="13269" cleared="0"  />
</gc-op>
<gc-op id="4622" type="classunload" timems="0.004" contextid="4618" timestamp="2019-06-16T00:38:03.759">
  <classunload-info classloadercandidates="53" classloadersunloaded="0" classesunloaded="0" anonymousclassesunloaded="0" quiescems="0.000" setupms="0.004" scanms="0.000" postms="0.000" />
</gc-op>
<heap-resize id="4623" type="contract" space="default" amount="3145728" count="1" timems="0.056" reason="excess free space following gc" timestamp="2019-06-16T00:38:03.759" />
<gc-end id="4624" type="partial gc" contextid="4618" durationms="4.512" usertimems="8.000" systemtimems="0.000" timestamp="2019-06-16T00:38:03.759" activeThreads="4">
  <mem-info id="4625" free="57671680" total="94371840" percent="61">
    <mem type="eden" free="1048112" total="1048576" percent="99" />
    <remembered-set count="3200" freebytes="3879808" totalbytes="3892608" percent="99" regionsoverflowed="0" regionsstable="17" regionsrebuilding="0"/>
  </mem-info>
</gc-end>
<cycle-end id="4626" type="partial gc" contextid="4618" timestamp="2019-06-16T00:38:03.759" />
  <attribute name="elasticGC enabled" value="1" />
  <attribute name= "numThreadsSpecified" value="4" />
  <attribute name="heapSize specified" value="0" />
  <attribute name="Current GC Util" value="91" />
  <attribute name= "Current Time Running" value="22806" />
  <attribute name ="GC Interval" value="0" />
  <attribute name="ProportionalT" value="106.500000" />
  <attribute name="ProportionalI" value="106.500000" />
  <attribute name="ProportionalH" value="106.500000" />
  <attribute name="Current Error" value="71.000000" />
  <attribute name="IntegralT" value="71.000000" />
  <attribute name="IntegralI" value="71.000000" />
  <attribute name="IntegralH" value="71.000000" />
  <attribute name="DerivativeT" value="35.500000" />
  <attribute name="DerivativeI" value="35.500000" />
  <attribute name="DerivativeH" value="35.500000" />
  <attribute name="Loop Time for DT" value="1.000000" />
  <attribute name="Output H" value="8388608"/>
  <attribute name="Output I" value="216"/>
  <attribute name="Output T" value="4"/>
  <attribute name="Target GC Util Change" value ="20.000000" />
  <attribute name="Current GC Util Change" value="91.000000"/>
  <attribute name="GC Util currently" value="91" />
  <attribute name="CPU Util currently" value="4698394834644" />
<exclusive-end id="4627" timestamp="2019-06-16T00:38:03.759" durationms="5.708" />

<exclusive-start id="4628" timestamp="2019-06-16T00:38:03.802" intervalms="48.395">
  <response-info timems="0.070" idlems="0.070" threads="0" lastid="0000000001AE6700" lastname="main" />
</exclusive-start>
<allocation-taxation id="4629" taxation-threshold="30408704" timestamp="2019-06-16T00:38:03.802" intervalms="48.394" />
<cycle-start id="4630" type="partial gc" contextid="0" timestamp="2019-06-16T00:38:03.802" intervalms="48.320" />
<gc-start id="4631" type="partial gc" contextid="4630" timestamp="2019-06-16T00:38:03.803">
  <mem-info id="4632" free="27262976" total="94371840" percent="28">
    <mem type="eden" free="1048112" total="31457280" percent="3" />
    <remembered-set count="2752" freebytes="3881600" totalbytes="3892608" percent="99" regionsoverflowed="0" regionsstable="17" regionsrebuilding="0"/>
  </mem-info>
</gc-start>
<allocation-stats totalBytes="30403232" >
  <allocated-bytes non-tlh="0" tlh="30403232" arrayletleaf="0"/>
  <largest-consumer threadName="main" threadId="0000000001AE6700" bytes="30403232" />
</allocation-stats>
<gc-op id="4633" type="copy forward" timems="3.250" contextid="4630" timestamp="2019-06-16T00:38:03.807">
  <memory-copied type="eden" objects="9" bytes="384" bytesdiscarded="0" />
  <memory-copied type="other" objects="20601" bytes="786504" bytesdiscarded="52728" />
  <memory-cardclean objects="10946" bytes="594416" />
  <regions eden="29" other="7" />
  <remembered-set-cleared processed="30" cleared="18" durationms="0.154" />
  <finalization candidates="11" enqueued="0" />
  <references type="soft" candidates="76" cleared="0" enqueued="0" dynamicThreshold="19" maxThreshold="32" />
  <references type="weak" candidates="318" cleared="0" enqueued="0" />
  <references type="phantom" candidates="53" cleared="0" enqueued="0" />
  <stringconstants candidates="13269" cleared="0"  />
</gc-op>
<gc-op id="4634" type="classunload" timems="0.004" contextid="4630" timestamp="2019-06-16T00:38:03.808">
  <classunload-info classloadercandidates="53" classloadersunloaded="0" classesunloaded="0" anonymousclassesunloaded="0" quiescems="0.000" setupms="0.004" scanms="0.000" postms="0.000" />
</gc-op>
<heap-resize id="4635" type="contract" space="default" amount="5242880" count="1" timems="0.205" reason="excess free space following gc" timestamp="2019-06-16T00:38:03.808" />
<gc-end id="4636" type="partial gc" contextid="4630" durationms="5.328" usertimems="8.000" systemtimems="0.000" timestamp="2019-06-16T00:38:03.808" activeThreads="4">
  <mem-info id="4637" free="58720256" total="89128960" percent="65">
    <mem type="eden" free="1048192" total="1048576" percent="99" />
    <remembered-set count="2912" freebytes="3755392" totalbytes="3767040" percent="99" regionsoverflowed="0" regionsstable="17" regionsrebuilding="0"/>
  </mem-info>
</gc-end>
<cycle-end id="4638" type="partial gc" contextid="4630" timestamp="2019-06-16T00:38:03.808" />
  <attribute name="elasticGC enabled" value="1" />
  <attribute name= "numThreadsSpecified" value="4" />
  <attribute name="heapSize specified" value="0" />
  <attribute name="Current GC Util" value="98" />
  <attribute name= "Current Time Running" value="22855" />
  <attribute name ="GC Interval" value="0" />
  <attribute name="ProportionalT" value="117.000000" />
  <attribute name="ProportionalI" value="117.000000" />
  <attribute name="ProportionalH" value="117.000000" />
  <attribute name="Current Error" value="78.000000" />
  <attribute name="IntegralT" value="78.000000" />
  <attribute name="IntegralI" value="78.000000" />
  <attribute name="IntegralH" value="78.000000" />
  <attribute name="DerivativeT" value="39.000000" />
  <attribute name="DerivativeI" value="39.000000" />
  <attribute name="DerivativeH" value="39.000000" />
  <attribute name="Loop Time for DT" value="1.000000" />
  <attribute name="Output H" value="8388608"/>
  <attribute name="Output I" value="240"/>
  <attribute name="Output T" value="4"/>
  <attribute name="Target GC Util Change" value ="20.000000" />
  <attribute name="Current GC Util Change" value="98.000000"/>
  <attribute name="GC Util currently" value="98" />
  <attribute name="CPU Util currently" value="5933497023442" />
<exclusive-end id="4639" timestamp="2019-06-16T00:38:03.809" durationms="6.613" />

<exclusive-start id="4640" timestamp="2019-06-16T00:38:03.850" intervalms="47.723">
  <response-info timems="0.059" idlems="0.059" threads="0" lastid="0000000001AE6700" lastname="main" />
</exclusive-start>
<allocation-taxation id="4641" taxation-threshold="28311552" timestamp="2019-06-16T00:38:03.850" intervalms="47.740" />
<cycle-start id="4642" type="partial gc" contextid="0" timestamp="2019-06-16T00:38:03.850" intervalms="47.816" />
<gc-start id="4643" type="partial gc" contextid="4642" timestamp="2019-06-16T00:38:03.851">
  <mem-info id="4644" free="30408704" total="89128960" percent="34">
    <mem type="eden" free="1048192" total="29360128" percent="3" />
    <remembered-set count="2432" freebytes="3757312" totalbytes="3767040" percent="99" regionsoverflowed="0" regionsstable="17" regionsrebuilding="0"/>
  </mem-info>
</gc-start>
<allocation-stats totalBytes="28306264" >
  <allocated-bytes non-tlh="0" tlh="28306264" arrayletleaf="0"/>
  <largest-consumer threadName="main" threadId="0000000001AE6700" bytes="28306264" />
</allocation-stats>
<gc-op id="4645" type="copy forward" timems="2.144" contextid="4642" timestamp="2019-06-16T00:38:03.854">
  <memory-copied type="eden" objects="1" bytes="24" bytesdiscarded="0" />
  <memory-copied type="other" objects="0" bytes="0" bytesdiscarded="0" />
  <memory-cardclean objects="25" bytes="1088" />
  <regions eden="27" other="1" />
  <remembered-set-cleared processed="898" cleared="1" durationms="0.152" />
  <stringconstants candidates="13269" cleared="0"  />
</gc-op>
<gc-op id="4646" type="classunload" timems="0.003" contextid="4642" timestamp="2019-06-16T00:38:03.854">
  <classunload-info classloadercandidates="53" classloadersunloaded="0" classesunloaded="0" anonymousclassesunloaded="0" quiescems="0.000" setupms="0.003" scanms="0.000" postms="0.000" />
</gc-op>
<heap-resize id="4647" type="contract" space="default" amount="5242880" count="1" timems="0.116" reason="excess free space following gc" timestamp="2019-06-16T00:38:03.854" />
<gc-end id="4648" type="partial gc" contextid="4642" durationms="3.969" usertimems="8.000" systemtimems="0.000" timestamp="2019-06-16T00:38:03.855" activeThreads="4">
  <mem-info id="4649" free="53477376" total="83886080" percent="63">
    <mem type="eden" free="1048552" total="1048576" percent="99" />
    <remembered-set count="2112" freebytes="3549312" totalbytes="3557760" percent="99" regionsoverflowed="0" regionsstable="17" regionsrebuilding="0"/>
  </mem-info>
</gc-end>
<cycle-end id="4650" type="partial gc" contextid="4642" timestamp="2019-06-16T00:38:03.855" />
  <attribute name="elasticGC enabled" value="1" />
  <attribute name= "numThreadsSpecified" value="4" />
  <attribute name="heapSize specified" value="0" />
  <attribute name="Current GC Util" value="0" />
  <attribute name= "Current Time Running" value="22902" />
  <attribute name ="GC Interval" value="0" />
  <attribute name="ProportionalT" value="-30.000000" />
  <attribute name="ProportionalI" value="-30.000000" />
  <attribute name="ProportionalH" value="-30.000000" />
  <attribute name="Current Error" value="-20.000000" />
  <attribute name="IntegralT" value="0.000000" />
  <attribute name="IntegralI" value="0.000000" />
  <attribute name="IntegralH" value="0.000000" />
  <attribute name="DerivativeT" value="-inf" />
  <attribute name="DerivativeI" value="-inf" />
  <attribute name="DerivativeH" value="-inf" />
  <attribute name="Loop Time for DT" value="0.000000" />
  <attribute name="Output H" value="2091843584"/>
  <attribute name="Output I" value="200"/>
  <attribute name="Output T" value="4"/>
  <attribute name="Target GC Util Change" value ="20.000000" />
  <attribute name="Current GC Util Change" value="0.000000"/>
  <attribute name="GC Util currently" value="0" />
  <attribute name="CPU Util currently" value="6429211068067" />
<exclusive-end id="4651" timestamp="2019-06-16T00:38:03.855" durationms="5.378" />

<exclusive-start id="4652" timestamp="2019-06-16T00:38:03.894" intervalms="44.200">
  <response-info timems="0.074" idlems="0.074" threads="0" lastid="0000000001AE6700" lastname="main" />
</exclusive-start>
<allocation-taxation id="4653" taxation-threshold="27262976" timestamp="2019-06-16T00:38:03.894" intervalms="44.109" />
<cycle-start id="4654" type="partial gc" contextid="0" timestamp="2019-06-16T00:38:03.894" intervalms="44.071" />
<gc-start id="4655" type="partial gc" contextid="4654" timestamp="2019-06-16T00:38:03.895">
  <mem-info id="4656" free="26214400" total="83886080" percent="31">
    <mem type="eden" free="1048552" total="28311552" percent="3" />
    <remembered-set count="1632" freebytes="3551232" totalbytes="3557760" percent="99" regionsoverflowed="0" regionsstable="17" regionsrebuilding="0"/>
  </mem-info>
</gc-start>
<allocation-stats totalBytes="27257768" >
  <allocated-bytes non-tlh="0" tlh="27257768" arrayletleaf="0"/>
  <largest-consumer threadName="main" threadId="0000000001AE6700" bytes="27257768" />
</allocation-stats>
<gc-op id="4657" type="copy forward" timems="1.074" contextid="4654" timestamp="2019-06-16T00:38:03.897">
  <memory-copied type="eden" objects="5" bytes="240" bytesdiscarded="0" />
  <memory-copied type="other" objects="0" bytes="0" bytesdiscarded="0" />
  <memory-cardclean objects="25" bytes="1088" />
  <regions eden="26" other="1" />
  <remembered-set-cleared processed="898" cleared="1" durationms="0.122" />
  <stringconstants candidates="13269" cleared="0"  />
</gc-op>
<gc-op id="4658" type="classunload" timems="0.004" contextid="4654" timestamp="2019-06-16T00:38:03.897">
  <classunload-info classloadercandidates="53" classloadersunloaded="0" classesunloaded="0" anonymousclassesunloaded="0" quiescems="0.000" setupms="0.004" scanms="0.000" postms="0.000" />
</gc-op>
<heap-resize id="4659" type="contract" space="default" amount="4194304" count="1" timems="0.118" reason="excess free space following gc" timestamp="2019-06-16T00:38:03.897" />
<gc-end id="4660" type="partial gc" contextid="4654" durationms="2.934" usertimems="4.000" systemtimems="0.000" timestamp="2019-06-16T00:38:03.898" activeThreads="1">
  <mem-info id="4661" free="49283072" total="79691776" percent="61">
    <mem type="eden" free="1048336" total="1048576" percent="99" />
    <remembered-set count="2112" freebytes="3340032" totalbytes="3348480" percent="99" regionsoverflowed="0" regionsstable="17" regionsrebuilding="0"/>
  </mem-info>
</gc-end>
<cycle-end id="4662" type="partial gc" contextid="4654" timestamp="2019-06-16T00:38:03.898" />
  <attribute name="elasticGC enabled" value="1" />
  <attribute name= "numThreadsSpecified" value="1" />
  <attribute name="heapSize specified" value="0" />
  <attribute name="Current GC Util" value="104" />
  <attribute name= "Current Time Running" value="22946" />
  <attribute name ="GC Interval" value="0" />
  <attribute name="ProportionalT" value="126.000000" />
  <attribute name="ProportionalI" value="126.000000" />
  <attribute name="ProportionalH" value="126.000000" />
  <attribute name="Current Error" value="84.000000" />
  <attribute name="IntegralT" value="0.000000" />
  <attribute name="IntegralI" value="0.000000" />
  <attribute name="IntegralH" value="0.000000" />
  <attribute name="DerivativeT" value="inf" />
  <attribute name="DerivativeI" value="inf" />
  <attribute name="DerivativeH" value="inf" />
  <attribute name="Loop Time for DT" value="0.000000" />
  <attribute name="Output H" value="8388608"/>
  <attribute name="Output I" value="200"/>
  <attribute name="Output T" value="1"/>
  <attribute name="Target GC Util Change" value ="20.000000" />
  <attribute name="Current GC Util Change" value="104.000000"/>
  <attribute name="GC Util currently" value="104" />
  <attribute name="CPU Util currently" value="6334159207212" />
<exclusive-end id="4663" timestamp="2019-06-16T00:38:03.898" durationms="3.980" />

<exclusive-start id="4664" timestamp="2019-06-16T00:38:03.916" intervalms="21.977">
  <response-info timems="0.067" idlems="0.067" threads="0" lastid="0000000001AE6700" lastname="main" />
</exclusive-start>
<allocation-taxation id="4665" taxation-threshold="12582912" timestamp="2019-06-16T00:38:03.916" intervalms="21.960" />
<cycle-start id="4666" type="global mark phase" contextid="0" timestamp="2019-06-16T00:38:03.916" intervalms="708.983" />
<gc-start id="4667" type="global mark phase" contextid="4666" timestamp="2019-06-16T00:38:03.916">
  <mem-info id="4668" free="36700160" total="79691776" percent="46">
    <remembered-set count="1664" freebytes="3341824" totalbytes="3348480" percent="99" regionsoverflowed="0" regionsstable="17" regionsrebuilding="0"/>
  </mem-info>
</gc-start>
<gc-op id="4669" type="mark increment" timems="4.058" contextid="4666" timestamp="2019-06-16T00:38:03.921">
  <trace-info objectcount="71558" scancount="48118" scanbytes="1653396" />
</gc-op>
<gc-end id="4670" type="global mark phase" contextid="4666" durationms="4.366" usertimems="8.000" systemtimems="0.000" timestamp="2019-06-16T00:38:03.921" activeThreads="4">
  <mem-info id="4671" free="36700160" total="79691776" percent="46">
    <remembered-set count="23168" freebytes="3255808" totalbytes="3348480" percent="97" regionsoverflowed="0" regionsstable="0" regionsrebuilding="17"/>
  </mem-info>
</gc-end>
<concurrent-start id="4672" type="GMP work packet processing" contextid="4666" timestamp="2019-06-16T00:38:03.921">
  <concurrent-mark-start scanTarget="1048576" />
</concurrent-start>
<exclusive-end id="4673" timestamp="2019-06-16T00:38:03.921" durationms="5.282" />

<concurrent-end id="4674" type="GMP work packet processing" contextid="4666" timestamp="2019-06-16T00:38:03.922">
  <concurrent-mark-end bytesScanned="1078288" reasonForTermination="Work target met" />
</concurrent-end>

<exclusive-start id="4675" timestamp="2019-06-16T00:38:03.939" intervalms="23.417">
  <response-info timems="0.091" idlems="0.091" threads="0" lastid="0000000001AE6700" lastname="main" />
</exclusive-start>
<allocation-taxation id="4676" taxation-threshold="12582912" timestamp="2019-06-16T00:38:03.940" intervalms="23.421" />
<cycle-start id="4677" type="partial gc" contextid="0" timestamp="2019-06-16T00:38:03.940" intervalms="45.373" />
<gc-start id="4678" type="partial gc" contextid="4677" timestamp="2019-06-16T00:38:03.940">
  <mem-info id="4679" free="24117248" total="79691776" percent="30">
    <mem type="eden" free="1048336" total="26214400" percent="3" />
    <remembered-set count="32672" freebytes="3217792" totalbytes="3348480" percent="96" regionsoverflowed="0" regionsstable="0" regionsrebuilding="17"/>
  </mem-info>
</gc-start>
<allocation-stats totalBytes="25160824" >
  <allocated-bytes non-tlh="0" tlh="25160824" arrayletleaf="0"/>
  <largest-consumer threadName="main" threadId="0000000001AE6700" bytes="12580688" />
</allocation-stats>
<gc-op id="4680" type="copy forward" timems="1.247" contextid="4677" timestamp="2019-06-16T00:38:03.942">
  <memory-copied type="eden" objects="5" bytes="240" bytesdiscarded="0" />
  <memory-copied type="other" objects="0" bytes="0" bytesdiscarded="0" />
  <memory-cardclean objects="41" bytes="1488" />
  <regions eden="24" other="1" />
  <remembered-set-cleared processed="30128" cleared="42" durationms="0.272" />
  <stringconstants candidates="13269" cleared="0"  />
</gc-op>
<gc-op id="4681" type="classunload" timems="0.004" contextid="4677" timestamp="2019-06-16T00:38:03.942">
  <classunload-info classloadercandidates="53" classloadersunloaded="0" classesunloaded="0" anonymousclassesunloaded="0" quiescems="0.000" setupms="0.004" scanms="0.000" postms="0.000" />
</gc-op>
<heap-resize id="4682" type="contract" space="default" amount="1048576" count="1" timems="0.107" reason="excess free space following gc" timestamp="2019-06-16T00:38:03.943" />
<gc-end id="4683" type="partial gc" contextid="4677" durationms="2.775" usertimems="0.000" systemtimems="0.000" timestamp="2019-06-16T00:38:03.943" activeThreads="1">
  <mem-info id="4684" free="48234496" total="78643200" percent="61">
    <mem type="eden" free="1048336" total="1048576" percent="99" />
    <remembered-set count="31648" freebytes="3054464" totalbytes="3181056" percent="96" regionsoverflowed="0" regionsstable="0" regionsrebuilding="17"/>
  </mem-info>
</gc-end>
<cycle-end id="4685" type="partial gc" contextid="4677" timestamp="2019-06-16T00:38:03.943" />
  <attribute name="elasticGC enabled" value="1" />
  <attribute name= "numThreadsSpecified" value="1" />
  <attribute name="heapSize specified" value="0" />
  <attribute name="Current GC Util" value="30" />
  <attribute name= "Current Time Running" value="22991" />
  <attribute name ="GC Interval" value="0" />
  <attribute name="ProportionalT" value="15.000000" />
  <attribute name="ProportionalI" value="15.000000" />
  <attribute name="ProportionalH" value="15.000000" />
  <attribute name="Current Error" value="10.000000" />
  <attribute name="IntegralT" value="0.000000" />
  <attribute name="IntegralI" value="0.000000" />
  <attribute name="IntegralH" value="0.000000" />
  <attribute name="DerivativeT" value="inf" />
  <attribute name="DerivativeI" value="inf" />
  <attribute name="DerivativeH" value="inf" />
  <attribute name="Loop Time for DT" value="0.000000" />
  <attribute name="Output H" value="8388608"/>
  <attribute name="Output I" value="200"/>
  <attribute name="Output T" value="1"/>
  <attribute name="Target GC Util Change" value ="20.000000" />
  <attribute name="Current GC Util Change" value="30.000000"/>
  <attribute name="GC Util currently" value="30" />
  <attribute name="CPU Util currently" value="10053269294194" />
<exclusive-end id="4686" timestamp="2019-06-16T00:38:03.943" durationms="3.813" />

<exclusive-start id="4687" timestamp="2019-06-16T00:38:03.961" intervalms="21.832">
  <response-info timems="0.060" idlems="0.060" threads="0" lastid="0000000001AE6700" lastname="main" />
</exclusive-start>
<allocation-taxation id="4688" taxation-threshold="12582912" timestamp="2019-06-16T00:38:03.961" intervalms="21.853" />
<gc-start id="4689" type="global mark phase" contextid="4666" timestamp="2019-06-16T00:38:03.962">
  <mem-info id="4690" free="35651584" total="78643200" percent="45">
    <remembered-set count="31520" freebytes="3054976" totalbytes="3181056" percent="96" regionsoverflowed="0" regionsstable="0" regionsrebuilding="17"/>
  </mem-info>
</gc-start>
<gc-end id="4691" type="global mark phase" contextid="4666" durationms="0.190" usertimems="0.000" systemtimems="0.000" timestamp="2019-06-16T00:38:03.962" activeThreads="1">
  <mem-info id="4692" free="35651584" total="78643200" percent="45">
    <remembered-set count="31520" freebytes="3054976" totalbytes="3181056" percent="96" regionsoverflowed="0" regionsstable="0" regionsrebuilding="17"/>
  </mem-info>
</gc-end>
<concurrent-start id="4693" type="GMP work packet processing" contextid="4666" timestamp="2019-06-16T00:38:03.962">
  <concurrent-mark-start scanTarget="1266538" />
</concurrent-start>
<exclusive-end id="4694" timestamp="2019-06-16T00:38:03.962" durationms="0.920" />

<concurrent-end id="4695" type="GMP work packet processing" contextid="4666" timestamp="2019-06-16T00:38:03.964">
  <concurrent-mark-end bytesScanned="1319260" reasonForTermination="Work target met" />
</concurrent-end>

<exclusive-start id="4696" timestamp="2019-06-16T00:38:03.968" intervalms="6.319">
  <response-info timems="0.027" idlems="0.027" threads="0" lastid="0000000001AE6700" lastname="main" />
</exclusive-start>
<allocation-taxation id="4697" taxation-threshold="12582912" timestamp="2019-06-16T00:38:03.968" intervalms="6.293" />
<cycle-start id="4698" type="partial gc" contextid="0" timestamp="2019-06-16T00:38:03.968" intervalms="28.133" />
<gc-start id="4699" type="partial gc" contextid="4698" timestamp="2019-06-16T00:38:03.968">
  <mem-info id="4700" free="23068672" total="78643200" percent="29">
    <mem type="eden" free="1048336" total="26214400" percent="3" />
    <remembered-set count="42304" freebytes="3011840" totalbytes="3181056" percent="94" regionsoverflowed="0" regionsstable="0" regionsrebuilding="17"/>
  </mem-info>
</gc-start>
<allocation-stats totalBytes="25144120" >
  <allocated-bytes non-tlh="0" tlh="25144120" arrayletleaf="0"/>
  <largest-consumer threadName="main" threadId="0000000001AE6700" bytes="12564072" />
</allocation-stats>
<gc-op id="4701" type="copy forward" timems="1.935" contextid="4698" timestamp="2019-06-16T00:38:03.971">
  <memory-copied type="eden" objects="24" bytes="1280" bytesdiscarded="1152" />
  <memory-copied type="other" objects="0" bytes="0" bytesdiscarded="0" />
  <memory-cardclean objects="78" bytes="2536" />
  <regions eden="24" other="1" />
  <remembered-set-cleared processed="40352" cleared="68" durationms="0.250" />
  <stringconstants candidates="13269" cleared="0"  />
</gc-op>
<gc-op id="4702" type="classunload" timems="0.004" contextid="4698" timestamp="2019-06-16T00:38:03.971">
  <classunload-info classloadercandidates="53" classloadersunloaded="0" classesunloaded="0" anonymousclassesunloaded="0" quiescems="0.000" setupms="0.004" scanms="0.000" postms="0.000" />
</gc-op>
<gc-end id="4703" type="partial gc" contextid="4698" durationms="3.087" usertimems="4.000" systemtimems="0.000" timestamp="2019-06-16T00:38:03.971" activeThreads="4">
  <mem-info id="4704" free="48234496" total="78643200" percent="61">
    <mem type="eden" free="1046144" total="1048576" percent="99" />
    <remembered-set count="42848" freebytes="2967808" totalbytes="3139200" percent="94" regionsoverflowed="0" regionsstable="0" regionsrebuilding="17"/>
  </mem-info>
</gc-end>
<cycle-end id="4705" type="partial gc" contextid="4698" timestamp="2019-06-16T00:38:03.971" />
  <attribute name="elasticGC enabled" value="1" />
  <attribute name= "numThreadsSpecified" value="4" />
  <attribute name="heapSize specified" value="0" />
  <attribute name="Current GC Util" value="31" />
  <attribute name= "Current Time Running" value="23019" />
  <attribute name ="GC Interval" value="0" />
  <attribute name="ProportionalT" value="16.500000" />
  <attribute name="ProportionalI" value="16.500000" />
  <attribute name="ProportionalH" value="16.500000" />
  <attribute name="Current Error" value="11.000000" />
  <attribute name="IntegralT" value="0.000000" />
  <attribute name="IntegralI" value="0.000000" />
  <attribute name="IntegralH" value="0.000000" />
  <attribute name="DerivativeT" value="-inf" />
  <attribute name="DerivativeI" value="-inf" />
  <attribute name="DerivativeH" value="-inf" />
  <attribute name="Loop Time for DT" value="0.000000" />
  <attribute name="Output H" value="2091843584"/>
  <attribute name="Output I" value="200"/>
  <attribute name="Output T" value="4"/>
  <attribute name="Target GC Util Change" value ="20.000000" />
  <attribute name="Current GC Util Change" value="31.000000"/>
  <attribute name="GC Util currently" value="31" />
  <attribute name="CPU Util currently" value="11803045548731" />
<exclusive-end id="4706" timestamp="2019-06-16T00:38:03.971" durationms="3.920" />

<exclusive-start id="4707" timestamp="2019-06-16T00:38:03.976" intervalms="8.040">
  <response-info timems="0.056" idlems="0.056" threads="0" lastid="0000000001AE6700" lastname="main" />
</exclusive-start>
<allocation-taxation id="4708" taxation-threshold="12582912" timestamp="2019-06-16T00:38:03.976" intervalms="8.077" />
<gc-start id="4709" type="global mark phase" contextid="4666" timestamp="2019-06-16T00:38:03.976">
  <mem-info id="4710" free="35651584" total="78643200" percent="45">
    <remembered-set count="42368" freebytes="2969728" totalbytes="3139200" percent="94" regionsoverflowed="0" regionsstable="0" regionsrebuilding="17"/>
  </mem-info>
</gc-start>
<gc-end id="4711" type="global mark phase" contextid="4666" durationms="0.191" usertimems="0.000" systemtimems="0.000" timestamp="2019-06-16T00:38:03.976" activeThreads="4">
  <mem-info id="4712" free="35651584" total="78643200" percent="45">
    <remembered-set count="42368" freebytes="2969728" totalbytes="3139200" percent="94" regionsoverflowed="0" regionsstable="0" regionsrebuilding="17"/>
  </mem-info>
</gc-end>
<concurrent-start id="4713" type="GMP work packet processing" contextid="4666" timestamp="2019-06-16T00:38:03.976">
  <concurrent-mark-start scanTarget="1048576" />
</concurrent-start>
<exclusive-end id="4714" timestamp="2019-06-16T00:38:03.976" durationms="0.948" />

<concurrent-end id="4715" type="GMP work packet processing" contextid="4666" timestamp="2019-06-16T00:38:03.978">
  <concurrent-mark-end bytesScanned="1079264" reasonForTermination="Work target met" />
</concurrent-end>

<exclusive-start id="4716" timestamp="2019-06-16T00:38:03.981" intervalms="5.099">
  <response-info timems="0.056" idlems="0.056" threads="0" lastid="0000000001AE6700" lastname="main" />
</exclusive-start>
<allocation-taxation id="4717" taxation-threshold="12582912" timestamp="2019-06-16T00:38:03.981" intervalms="5.098" />
<cycle-start id="4718" type="partial gc" contextid="0" timestamp="2019-06-16T00:38:03.981" intervalms="13.196" />
<gc-start id="4719" type="partial gc" contextid="4718" timestamp="2019-06-16T00:38:03.981">
  <mem-info id="4720" free="23068672" total="78643200" percent="29">
    <mem type="eden" free="0" total="25165824" percent="0" />
    <remembered-set count="53920" freebytes="2923520" totalbytes="3139200" percent="93" regionsoverflowed="0" regionsstable="0" regionsrebuilding="17"/>
  </mem-info>
</gc-start>
<allocation-stats totalBytes="25129568" >
  <allocated-bytes non-tlh="0" tlh="25129568" arrayletleaf="0"/>
  <largest-consumer threadName="main" threadId="0000000001AE6700" bytes="12565560" />
</allocation-stats>
<gc-op id="4721" type="copy forward" timems="2.006" contextid="4718" timestamp="2019-06-16T00:38:03.984">
  <memory-copied type="eden" objects="2" bytes="40" bytesdiscarded="752" />
  <memory-copied type="other" objects="22" bytes="1232" bytesdiscarded="1112" />
  <memory-cardclean objects="59" bytes="2184" />
  <regions eden="24" other="1" />
  <remembered-set-cleared processed="51450" cleared="50" durationms="0.249" />
  <stringconstants candidates="13269" cleared="0"  />
</gc-op>
<gc-op id="4722" type="classunload" timems="0.004" contextid="4718" timestamp="2019-06-16T00:38:03.984">
  <classunload-info classloadercandidates="53" classloadersunloaded="0" classesunloaded="0" anonymousclassesunloaded="0" quiescems="0.000" setupms="0.004" scanms="0.000" postms="0.000" />
</gc-op>
<gc-end id="4723" type="partial gc" contextid="4718" durationms="3.183" usertimems="4.000" systemtimems="0.000" timestamp="2019-06-16T00:38:03.984" activeThreads="4">
  <mem-info id="4724" free="47185920" total="78643200" percent="60">
    <mem type="eden" free="1047784" total="1048576" percent="99" />
    <remembered-set count="53536" freebytes="2925056" totalbytes="3139200" percent="93" regionsoverflowed="0" regionsstable="0" regionsrebuilding="17"/>
  </mem-info>
</gc-end>
<cycle-end id="4725" type="partial gc" contextid="4718" timestamp="2019-06-16T00:38:03.985" />
  <attribute name="elasticGC enabled" value="1" />
  <attribute name= "numThreadsSpecified" value="4" />
  <attribute name="heapSize specified" value="0" />
  <attribute name="Current GC Util" value="132" />
  <attribute name= "Current Time Running" value="23033" />
  <attribute name ="GC Interval" value="0" />
  <attribute name="ProportionalT" value="168.000000" />
  <attribute name="ProportionalI" value="168.000000" />
  <attribute name="ProportionalH" value="168.000000" />
  <attribute name="Current Error" value="112.000000" />
  <attribute name="IntegralT" value="112.000000" />
  <attribute name="IntegralI" value="112.000000" />
  <attribute name="IntegralH" value="112.000000" />
  <attribute name="DerivativeT" value="36.000000" />
  <attribute name="DerivativeI" value="36.000000" />
  <attribute name="DerivativeH" value="36.000000" />
  <attribute name="Loop Time for DT" value="1.000000" />
  <attribute name="Output H" value="8388608"/>
  <attribute name="Output I" value="320"/>
  <attribute name="Output T" value="4"/>
  <attribute name="Target GC Util Change" value ="20.000000" />
  <attribute name="Current GC Util Change" value="132.000000"/>
  <attribute name="GC Util currently" value="132" />
  <attribute name="CPU Util currently" value="14174538056177" />
<exclusive-end id="4726" timestamp="2019-06-16T00:38:03.985" durationms="4.257" />

<exclusive-start id="4727" timestamp="2019-06-16T00:38:03.989" intervalms="8.361">
  <response-info timems="0.071" idlems="0.071" threads="0" lastid="0000000001AE6700" lastname="main" />
</exclusive-start>
<allocation-taxation id="4728" taxation-threshold="12582912" timestamp="2019-06-16T00:38:03.989" intervalms="8.388" />
<gc-start id="4729" type="global mark phase" contextid="4666" timestamp="2019-06-16T00:38:03.989">
  <mem-info id="4730" free="34603008" total="78643200" percent="44">
    <remembered-set count="53376" freebytes="2925696" totalbytes="3139200" percent="93" regionsoverflowed="0" regionsstable="0" regionsrebuilding="17"/>
  </mem-info>
</gc-start>
<gc-end id="4731" type="global mark phase" contextid="4666" durationms="0.231" usertimems="0.000" systemtimems="0.000" timestamp="2019-06-16T00:38:03.990" activeThreads="4">
  <mem-info id="4732" free="34603008" total="78643200" percent="44">
    <remembered-set count="53376" freebytes="2925696" totalbytes="3139200" percent="93" regionsoverflowed="0" regionsstable="0" regionsrebuilding="17"/>
  </mem-info>
</gc-end>
<concurrent-start id="4733" type="GMP work packet processing" contextid="4666" timestamp="2019-06-16T00:38:03.990">
  <concurrent-mark-start scanTarget="1048576" />
</concurrent-start>
<exclusive-end id="4734" timestamp="2019-06-16T00:38:03.990" durationms="1.077" />

<concurrent-end id="4735" type="GMP work packet processing" contextid="4666" timestamp="2019-06-16T00:38:03.991">
  <concurrent-mark-end bytesScanned="1084204" reasonForTermination="Work target met" />
</concurrent-end>

<exclusive-start id="4736" timestamp="2019-06-16T00:38:03.994" intervalms="5.165">
  <response-info timems="0.056" idlems="0.056" threads="0" lastid="0000000001AE6700" lastname="main" />
</exclusive-start>
<allocation-taxation id="4737" taxation-threshold="12582912" timestamp="2019-06-16T00:38:03.994" intervalms="5.087" />
<cycle-start id="4738" type="partial gc" contextid="0" timestamp="2019-06-16T00:38:03.994" intervalms="13.413" />
<gc-start id="4739" type="partial gc" contextid="4738" timestamp="2019-06-16T00:38:03.995">
  <mem-info id="4740" free="22020096" total="78643200" percent="28">
    <mem type="eden" free="1047784" total="26214400" percent="3" />
    <remembered-set count="65792" freebytes="2876032" totalbytes="3139200" percent="91" regionsoverflowed="0" regionsstable="0" regionsrebuilding="17"/>
  </mem-info>
</gc-start>
<allocation-stats totalBytes="25131120" >
  <allocated-bytes non-tlh="0" tlh="25131120" arrayletleaf="0"/>
  <largest-consumer threadName="main" threadId="0000000001AE6700" bytes="12565560" />
</allocation-stats>
<gc-op id="4741" type="copy forward" timems="2.015" contextid="4738" timestamp="2019-06-16T00:38:03.997">
  <memory-copied type="eden" objects="2" bytes="40" bytesdiscarded="0" />
  <memory-copied type="other" objects="0" bytes="0" bytesdiscarded="0" />
  <memory-cardclean objects="1" bytes="24" />
  <regions eden="24" other="1" />
  <remembered-set-cleared processed="63580" cleared="2" durationms="0.281" />
  <stringconstants candidates="13269" cleared="0"  />
</gc-op>
<gc-op id="4742" type="classunload" timems="0.004" contextid="4738" timestamp="2019-06-16T00:38:03.998">
  <classunload-info classloadercandidates="53" classloadersunloaded="0" classesunloaded="0" anonymousclassesunloaded="0" quiescems="0.000" setupms="0.004" scanms="0.000" postms="0.000" />
</gc-op>
<gc-end id="4743" type="partial gc" contextid="4738" durationms="3.154" usertimems="8.000" systemtimems="0.000" timestamp="2019-06-16T00:38:03.998" activeThreads="4">
  <mem-info id="4744" free="47185920" total="78643200" percent="60">
    <mem type="eden" free="1048536" total="1048576" percent="99" />
    <remembered-set count="65792" freebytes="2876032" totalbytes="3139200" percent="91" regionsoverflowed="0" regionsstable="0" regionsrebuilding="17"/>
  </mem-info>
</gc-end>
<cycle-end id="4745" type="partial gc" contextid="4738" timestamp="2019-06-16T00:38:03.998" />
  <attribute name="elasticGC enabled" value="1" />
  <attribute name= "numThreadsSpecified" value="4" />
  <attribute name="heapSize specified" value="0" />
  <attribute name="Current GC Util" value="52" />
  <attribute name= "Current Time Running" value="23046" />
  <attribute name ="GC Interval" value="0" />
  <attribute name="ProportionalT" value="48.000000" />
  <attribute name="ProportionalI" value="48.000000" />
  <attribute name="ProportionalH" value="48.000000" />
  <attribute name="Current Error" value="32.000000" />
  <attribute name="IntegralT" value="0.000000" />
  <attribute name="IntegralI" value="0.000000" />
  <attribute name="IntegralH" value="0.000000" />
  <attribute name="DerivativeT" value="-inf" />
  <attribute name="DerivativeI" value="-inf" />
  <attribute name="DerivativeH" value="-inf" />
  <attribute name="Loop Time for DT" value="0.000000" />
  <attribute name="Output H" value="2091843584"/>
  <attribute name="Output I" value="200"/>
  <attribute name="Output T" value="4"/>
  <attribute name="Target GC Util Change" value ="20.000000" />
  <attribute name="Current GC Util Change" value="52.000000"/>
  <attribute name="GC Util currently" value="52" />
  <attribute name="CPU Util currently" value="19828385744081" />
<exclusive-end id="4746" timestamp="2019-06-16T00:38:03.998" durationms="3.968" />

<exclusive-start id="4747" timestamp="2019-06-16T00:38:04.002" intervalms="8.030">
  <response-info timems="0.070" idlems="0.070" threads="0" lastid="0000000001AE6700" lastname="main" />
</exclusive-start>
<allocation-taxation id="4748" taxation-threshold="12582912" timestamp="2019-06-16T00:38:04.002" intervalms="8.042" />
<gc-start id="4749" type="global mark phase" contextid="4666" timestamp="2019-06-16T00:38:04.003">
  <mem-info id="4750" free="34603008" total="78643200" percent="44">
    <remembered-set count="65792" freebytes="2876032" totalbytes="3139200" percent="91" regionsoverflowed="0" regionsstable="0" regionsrebuilding="17"/>
  </mem-info>
</gc-start>
<gc-end id="4751" type="global mark phase" contextid="4666" durationms="0.152" usertimems="0.000" systemtimems="0.000" timestamp="2019-06-16T00:38:04.003" activeThreads="4">
  <mem-info id="4752" free="34603008" total="78643200" percent="44">
    <remembered-set count="65792" freebytes="2876032" totalbytes="3139200" percent="91" regionsoverflowed="0" regionsstable="0" regionsrebuilding="17"/>
  </mem-info>
</gc-end>
<concurrent-start id="4753" type="GMP work packet processing" contextid="4666" timestamp="2019-06-16T00:38:04.003">
  <concurrent-mark-start scanTarget="1048576" />
</concurrent-start>
<exclusive-end id="4754" timestamp="2019-06-16T00:38:04.003" durationms="0.898" />

<concurrent-end id="4755" type="GMP work packet processing" contextid="4666" timestamp="2019-06-16T00:38:04.004">
  <concurrent-mark-end bytesScanned="1091356" reasonForTermination="Work target met" />
</concurrent-end>

<exclusive-start id="4756" timestamp="2019-06-16T00:38:04.007" intervalms="4.966">
  <response-info timems="0.056" idlems="0.056" threads="0" lastid="0000000001AE6700" lastname="main" />
</exclusive-start>
<allocation-taxation id="4757" taxation-threshold="12582912" timestamp="2019-06-16T00:38:04.007" intervalms="4.962" />
<cycle-start id="4758" type="partial gc" contextid="0" timestamp="2019-06-16T00:38:04.007" intervalms="13.030" />
<gc-start id="4759" type="partial gc" contextid="4758" timestamp="2019-06-16T00:38:04.008">
  <mem-info id="4760" free="22020096" total="78643200" percent="28">
    <mem type="eden" free="1048536" total="26214400" percent="3" />
    <remembered-set count="74560" freebytes="2840960" totalbytes="3139200" percent="90" regionsoverflowed="0" regionsstable="0" regionsrebuilding="17"/>
  </mem-info>
</gc-start>
<allocation-stats totalBytes="25131096" >
  <allocated-bytes non-tlh="0" tlh="25131096" arrayletleaf="0"/>
  <largest-consumer threadName="main" threadId="0000000001AE6700" bytes="12565560" />
</allocation-stats>
<gc-op id="4761" type="copy forward" timems="2.218" contextid="4758" timestamp="2019-06-16T00:38:04.011">
  <memory-copied type="eden" objects="2" bytes="40" bytesdiscarded="0" />
  <memory-copied type="other" objects="0" bytes="0" bytesdiscarded="0" />
  <memory-cardclean objects="1" bytes="24" />
  <regions eden="24" other="1" />
  <remembered-set-cleared processed="72273" cleared="2" durationms="0.375" />
  <stringconstants candidates="13269" cleared="0"  />
</gc-op>
<gc-op id="4762" type="classunload" timems="0.004" contextid="4758" timestamp="2019-06-16T00:38:04.011">
  <classunload-info classloadercandidates="53" classloadersunloaded="0" classesunloaded="0" anonymousclassesunloaded="0" quiescems="0.000" setupms="0.004" scanms="0.000" postms="0.000" />
</gc-op>
<gc-end id="4763" type="partial gc" contextid="4758" durationms="3.188" usertimems="4.000" systemtimems="0.000" timestamp="2019-06-16T00:38:04.011" activeThreads="4">
  <mem-info id="4764" free="47185920" total="78643200" percent="60">
    <mem type="eden" free="1048536" total="1048576" percent="99" />
    <remembered-set count="74496" freebytes="2841216" totalbytes="3139200" percent="90" regionsoverflowed="0" regionsstable="0" regionsrebuilding="17"/>
  </mem-info>
</gc-end>
<cycle-end id="4765" type="partial gc" contextid="4758" timestamp="2019-06-16T00:38:04.011" />
  <attribute name="elasticGC enabled" value="1" />
  <attribute name= "numThreadsSpecified" value="4" />
  <attribute name="heapSize specified" value="0" />
  <attribute name="Current GC Util" value="49" />
  <attribute name= "Current Time Running" value="23059" />
  <attribute name ="GC Interval" value="0" />
  <attribute name="ProportionalT" value="43.500000" />
  <attribute name="ProportionalI" value="43.500000" />
  <attribute name="ProportionalH" value="43.500000" />
  <attribute name="Current Error" value="29.000000" />
  <attribute name="IntegralT" value="0.000000" />
  <attribute name="IntegralI" value="0.000000" />
  <attribute name="IntegralH" value="0.000000" />
  <attribute name="DerivativeT" value="-inf" />
  <attribute name="DerivativeI" value="-inf" />
  <attribute name="DerivativeH" value="-inf" />
  <attribute name="Loop Time for DT" value="0.000000" />
  <attribute name="Output H" value="2091843584"/>
  <attribute name="Output I" value="200"/>
  <attribute name="Output T" value="4"/>
  <attribute name="Target GC Util Change" value ="20.000000" />
  <attribute name="Current GC Util Change" value="49.000000"/>
  <attribute name="GC Util currently" value="49" />
  <attribute name="CPU Util currently" value="22071185646756" />
<exclusive-end id="4766" timestamp="2019-06-16T00:38:04.011" durationms="3.999" />

<exclusive-start id="4767" timestamp="2019-06-16T00:38:04.015" intervalms="8.012">
  <response-info timems="0.057" idlems="0.057" threads="0" lastid="0000000001AE6700" lastname="main" />
</exclusive-start>
<allocation-taxation id="4768" taxation-threshold="12582912" timestamp="2019-06-16T00:38:04.015" intervalms="8.019" />
<gc-start id="4769" type="global mark phase" contextid="4666" timestamp="2019-06-16T00:38:04.016">
  <mem-info id="4770" free="34603008" total="78643200" percent="44">
    <remembered-set count="74016" freebytes="2843136" totalbytes="3139200" percent="90" regionsoverflowed="0" regionsstable="0" regionsrebuilding="17"/>
  </mem-info>
</gc-start>
<gc-end id="4771" type="global mark phase" contextid="4666" durationms="0.188" usertimems="0.000" systemtimems="0.000" timestamp="2019-06-16T00:38:04.016" activeThreads="4">
  <mem-info id="4772" free="34603008" total="78643200" percent="44">
    <remembered-set count="74016" freebytes="2843136" totalbytes="3139200" percent="90" regionsoverflowed="0" regionsstable="0" regionsrebuilding="17"/>
  </mem-info>
</gc-end>
<concurrent-start id="4773" type="GMP work packet processing" contextid="4666" timestamp="2019-06-16T00:38:04.016">
  <concurrent-mark-start scanTarget="1048576" />
</concurrent-start>
<exclusive-end id="4774" timestamp="2019-06-16T00:38:04.016" durationms="0.810" />

<concurrent-end id="4775" type="GMP work packet processing" contextid="4666" timestamp="2019-06-16T00:38:04.017">
  <concurrent-mark-end bytesScanned="1097180" reasonForTermination="Work target met" />
</concurrent-end>

<exclusive-start id="4776" timestamp="2019-06-16T00:38:04.020" intervalms="4.744">
  <response-info timems="0.038" idlems="0.038" threads="0" lastid="0000000001AE6700" lastname="main" />
</exclusive-start>
<allocation-taxation id="4777" taxation-threshold="12582912" timestamp="2019-06-16T00:38:04.020" intervalms="4.785" />
<cycle-start id="4778" type="partial gc" contextid="0" timestamp="2019-06-16T00:38:04.020" intervalms="12.808" />
<gc-start id="4779" type="partial gc" contextid="4778" timestamp="2019-06-16T00:38:04.021">
  <mem-info id="4780" free="22020096" total="78643200" percent="28">
    <mem type="eden" free="1048536" total="26214400" percent="3" />
    <remembered-set count="84832" freebytes="2799872" totalbytes="3139200" percent="89" regionsoverflowed="0" regionsstable="0" regionsrebuilding="17"/>
  </mem-info>
</gc-start>
<allocation-stats totalBytes="25131120" >
  <allocated-bytes non-tlh="0" tlh="25131120" arrayletleaf="0"/>
  <largest-consumer threadName="main" threadId="0000000001AE6700" bytes="12565560" />
</allocation-stats>
<gc-op id="4781" type="copy forward" timems="2.284" contextid="4778" timestamp="2019-06-16T00:38:04.024">
  <memory-copied type="eden" objects="2" bytes="40" bytesdiscarded="0" />
  <memory-copied type="other" objects="0" bytes="0" bytesdiscarded="0" />
  <memory-cardclean objects="1" bytes="24" />
  <regions eden="24" other="1" />
  <remembered-set-cleared processed="82171" cleared="2" durationms="0.546" />
  <stringconstants candidates="13269" cleared="0"  />
</gc-op>
<gc-op id="4782" type="classunload" timems="0.004" contextid="4778" timestamp="2019-06-16T00:38:04.024">
  <classunload-info classloadercandidates="53" classloadersunloaded="0" classesunloaded="0" anonymousclassesunloaded="0" quiescems="0.000" setupms="0.004" scanms="0.000" postms="0.000" />
</gc-op>
<gc-end id="4783" type="partial gc" contextid="4778" durationms="3.393" usertimems="0.000" systemtimems="4.000" timestamp="2019-06-16T00:38:04.024" activeThreads="4">
  <mem-info id="4784" free="47185920" total="78643200" percent="60">
    <mem type="eden" free="1048536" total="1048576" percent="99" />
    <remembered-set count="84384" freebytes="2801664" totalbytes="3139200" percent="89" regionsoverflowed="0" regionsstable="0" regionsrebuilding="17"/>
  </mem-info>
</gc-end>
<cycle-end id="4785" type="partial gc" contextid="4778" timestamp="2019-06-16T00:38:04.024" />
  <attribute name="elasticGC enabled" value="1" />
  <attribute name= "numThreadsSpecified" value="4" />
  <attribute name="heapSize specified" value="0" />
  <attribute name="Current GC Util" value="58" />
  <attribute name= "Current Time Running" value="23072" />
  <attribute name ="GC Interval" value="0" />
  <attribute name="ProportionalT" value="57.000000" />
  <attribute name="ProportionalI" value="57.000000" />
  <attribute name="ProportionalH" value="57.000000" />
  <attribute name="Current Error" value="38.000000" />
  <attribute name="IntegralT" value="38.000000" />
  <attribute name="IntegralI" value="38.000000" />
  <attribute name="IntegralH" value="38.000000" />
  <attribute name="DerivativeT" value="-2.500000" />
  <attribute name="DerivativeI" value="-2.500000" />
  <attribute name="DerivativeH" value="-2.500000" />
  <attribute name="Loop Time for DT" value="1.000000" />
  <attribute name="Output H" value="8388608"/>
  <attribute name="Output I" value="200"/>
  <attribute name="Output T" value="4"/>
  <attribute name="Target GC Util Change" value ="20.000000" />
  <attribute name="Current GC Util Change" value="58.000000"/>
  <attribute name="GC Util currently" value="58" />
  <attribute name="CPU Util currently" value="20328513677879" />
<exclusive-end id="4786" timestamp="2019-06-16T00:38:04.024" durationms="4.448" />

<exclusive-start id="4787" timestamp="2019-06-16T00:38:04.028" intervalms="8.552">
  <response-info timems="0.069" idlems="0.069" threads="0" lastid="0000000001AE6700" lastname="main" />
</exclusive-start>
<allocation-taxation id="4788" taxation-threshold="12582912" timestamp="2019-06-16T00:38:04.029" intervalms="8.529" />
<gc-start id="4789" type="global mark phase" contextid="4666" timestamp="2019-06-16T00:38:04.029">
  <mem-info id="4790" free="34603008" total="78643200" percent="44">
    <remembered-set count="83904" freebytes="2803584" totalbytes="3139200" percent="89" regionsoverflowed="0" regionsstable="0" regionsrebuilding="17"/>
  </mem-info>
</gc-start>
<gc-end id="4791" type="global mark phase" contextid="4666" durationms="0.188" usertimems="0.000" systemtimems="0.000" timestamp="2019-06-16T00:38:04.029" activeThreads="4">
  <mem-info id="4792" free="34603008" total="78643200" percent="44">
    <remembered-set count="83904" freebytes="2803584" totalbytes="3139200" percent="89" regionsoverflowed="0" regionsstable="0" regionsrebuilding="17"/>
  </mem-info>
</gc-end>
<concurrent-start id="4793" type="GMP work packet processing" contextid="4666" timestamp="2019-06-16T00:38:04.029">
  <concurrent-mark-start scanTarget="1048576" />
</concurrent-start>
<exclusive-end id="4794" timestamp="2019-06-16T00:38:04.029" durationms="0.820" />

<concurrent-end id="4795" type="GMP work packet processing" contextid="4666" timestamp="2019-06-16T00:38:04.030">
  <concurrent-mark-end bytesScanned="1089640" reasonForTermination="Work target met" />
</concurrent-end>

<exclusive-start id="4796" timestamp="2019-06-16T00:38:04.033" intervalms="4.788">
  <response-info timems="0.054" idlems="0.054" threads="0" lastid="0000000001AE6700" lastname="main" />
</exclusive-start>
<allocation-taxation id="4797" taxation-threshold="12582912" timestamp="2019-06-16T00:38:04.033" intervalms="4.766" />
<cycle-start id="4798" type="partial gc" contextid="0" timestamp="2019-06-16T00:38:04.034" intervalms="13.306" />
<gc-start id="4799" type="partial gc" contextid="4798" timestamp="2019-06-16T00:38:04.034">
  <mem-info id="4800" free="22020096" total="78643200" percent="28">
    <mem type="eden" free="1048536" total="26214400" percent="3" />
    <remembered-set count="94656" freebytes="2760576" totalbytes="3139200" percent="87" regionsoverflowed="0" regionsstable="0" regionsrebuilding="17"/>
  </mem-info>
</gc-start>
<allocation-stats totalBytes="25131096" >
  <allocated-bytes non-tlh="0" tlh="25131096" arrayletleaf="0"/>
  <largest-consumer threadName="main" threadId="0000000001AE6700" bytes="12565536" />
</allocation-stats>
<gc-op id="4801" type="copy forward" timems="2.455" contextid="4798" timestamp="2019-06-16T00:38:04.037">
  <memory-copied type="eden" objects="2" bytes="40" bytesdiscarded="0" />
  <memory-copied type="other" objects="0" bytes="0" bytesdiscarded="0" />
  <memory-cardclean objects="1" bytes="24" />
  <regions eden="24" other="1" />
  <remembered-set-cleared processed="92221" cleared="2" durationms="0.489" />
  <stringconstants candidates="13269" cleared="0"  />
</gc-op>
<gc-op id="4802" type="classunload" timems="0.004" contextid="4798" timestamp="2019-06-16T00:38:04.037">
  <classunload-info classloadercandidates="53" classloadersunloaded="0" classesunloaded="0" anonymousclassesunloaded="0" quiescems="0.000" setupms="0.004" scanms="0.000" postms="0.000" />
</gc-op>
<gc-end id="4803" type="partial gc" contextid="4798" durationms="3.477" usertimems="4.000" systemtimems="0.000" timestamp="2019-06-16T00:38:04.037" activeThreads="4">
  <mem-info id="4804" free="47185920" total="78643200" percent="60">
    <mem type="eden" free="1048536" total="1048576" percent="99" />
    <remembered-set count="94432" freebytes="2761472" totalbytes="3139200" percent="87" regionsoverflowed="0" regionsstable="0" regionsrebuilding="17"/>
  </mem-info>
</gc-end>
<cycle-end id="4805" type="partial gc" contextid="4798" timestamp="2019-06-16T00:38:04.037" />
  <attribute name="elasticGC enabled" value="1" />
  <attribute name= "numThreadsSpecified" value="4" />
  <attribute name="heapSize specified" value="0" />
  <attribute name="Current GC Util" value="59" />
  <attribute name= "Current Time Running" value="23085" />
  <attribute name ="GC Interval" value="0" />
  <attribute name="ProportionalT" value="58.500000" />
  <attribute name="ProportionalI" value="58.500000" />
  <attribute name="ProportionalH" value="58.500000" />
  <attribute name="Current Error" value="39.000000" />
  <attribute name="IntegralT" value="0.000000" />
  <attribute name="IntegralI" value="0.000000" />
  <attribute name="IntegralH" value="0.000000" />
  <attribute name="DerivativeT" value="-inf" />
  <attribute name="DerivativeI" value="-inf" />
  <attribute name="DerivativeH" value="-inf" />
  <attribute name="Loop Time for DT" value="0.000000" />
  <attribute name="Output H" value="2091843584"/>
  <attribute name="Output I" value="200"/>
  <attribute name="Output T" value="4"/>
  <attribute name="Target GC Util Change" value ="20.000000" />
  <attribute name="Current GC Util Change" value="59.000000"/>
  <attribute name="GC Util currently" value="59" />
  <attribute name="CPU Util currently" value="20196840440786" />
<exclusive-end id="4806" timestamp="2019-06-16T00:38:04.038" durationms="4.473" />

<exclusive-start id="4807" timestamp="2019-06-16T00:38:04.042" intervalms="8.608">
  <response-info timems="0.069" idlems="0.069" threads="0" lastid="0000000001AE6700" lastname="main" />
</exclusive-start>
<allocation-taxation id="4808" taxation-threshold="12582912" timestamp="2019-06-16T00:38:04.042" intervalms="8.660" />
<gc-start id="4809" type="global mark phase" contextid="4666" timestamp="2019-06-16T00:38:04.042">
  <mem-info id="4810" free="34603008" total="78643200" percent="44">
    <remembered-set count="94432" freebytes="2761472" totalbytes="3139200" percent="87" regionsoverflowed="0" regionsstable="0" regionsrebuilding="17"/>
  </mem-info>
</gc-start>
<gc-end id="4811" type="global mark phase" contextid="4666" durationms="0.202" usertimems="0.000" systemtimems="0.000" timestamp="2019-06-16T00:38:04.042" activeThreads="4">
  <mem-info id="4812" free="34603008" total="78643200" percent="44">
    <remembered-set count="94432" freebytes="2761472" totalbytes="3139200" percent="87" regionsoverflowed="0" regionsstable="0" regionsrebuilding="17"/>
  </mem-info>
</gc-end>
<concurrent-start id="4813" type="GMP work packet processing" contextid="4666" timestamp="2019-06-16T00:38:04.043">
  <concurrent-mark-start scanTarget="1048576" />
</concurrent-start>
<exclusive-end id="4814" timestamp="2019-06-16T00:38:04.043" durationms="0.972" />

<concurrent-end id="4815" type="GMP work packet processing" contextid="4666" timestamp="2019-06-16T00:38:04.044">
  <concurrent-mark-end bytesScanned="1082648" reasonForTermination="Work target met" />
</concurrent-end>

<exclusive-start id="4816" timestamp="2019-06-16T00:38:04.047" intervalms="5.102">
  <response-info timems="0.026" idlems="0.026" threads="0" lastid="0000000001AE6700" lastname="main" />
</exclusive-start>
<allocation-taxation id="4817" taxation-threshold="12582912" timestamp="2019-06-16T00:38:04.047" intervalms="5.032" />
<cycle-start id="4818" type="partial gc" contextid="0" timestamp="2019-06-16T00:38:04.047" intervalms="13.638" />
<gc-start id="4819" type="partial gc" contextid="4818" timestamp="2019-06-16T00:38:04.047">
  <mem-info id="4820" free="22020096" total="78643200" percent="28">
    <mem type="eden" free="1048536" total="26214400" percent="3" />
    <remembered-set count="108384" freebytes="2705664" totalbytes="3139200" percent="86" regionsoverflowed="0" regionsstable="0" regionsrebuilding="17"/>
  </mem-info>
</gc-start>
<allocation-stats totalBytes="25131120" >
  <allocated-bytes non-tlh="0" tlh="25131120" arrayletleaf="0"/>
  <largest-consumer threadName="main" threadId="0000000001AE6700" bytes="12565560" />
</allocation-stats>
<gc-op id="4821" type="copy forward" timems="3.992" contextid="4818" timestamp="2019-06-16T00:38:04.052">
  <memory-copied type="eden" objects="2" bytes="40" bytesdiscarded="0" />
  <memory-copied type="other" objects="0" bytes="0" bytesdiscarded="0" />
  <memory-cardclean objects="1" bytes="24" />
  <regions eden="24" other="1" />
  <remembered-set-cleared processed="105934" cleared="2" durationms="0.599" />
  <stringconstants candidates="13269" cleared="0"  />
</gc-op>
<gc-op id="4822" type="classunload" timems="0.004" contextid="4818" timestamp="2019-06-16T00:38:04.052">
  <classunload-info classloadercandidates="53" classloadersunloaded="0" classesunloaded="0" anonymousclassesunloaded="0" quiescems="0.000" setupms="0.004" scanms="0.000" postms="0.000" />
</gc-op>
<gc-end id="4823" type="partial gc" contextid="4818" durationms="4.930" usertimems="4.000" systemtimems="0.000" timestamp="2019-06-16T00:38:04.052" activeThreads="4">
  <mem-info id="4824" free="47185920" total="78643200" percent="60">
    <mem type="eden" free="1048536" total="1048576" percent="99" />
    <remembered-set count="108096" freebytes="2706816" totalbytes="3139200" percent="86" regionsoverflowed="0" regionsstable="0" regionsrebuilding="17"/>
  </mem-info>
</gc-end>
<cycle-end id="4825" type="partial gc" contextid="4818" timestamp="2019-06-16T00:38:04.053" />
  <attribute name="elasticGC enabled" value="1" />
  <attribute name= "numThreadsSpecified" value="4" />
  <attribute name="heapSize specified" value="0" />
  <attribute name="Current GC Util" value="49" />
  <attribute name= "Current Time Running" value="23099" />
  <attribute name ="GC Interval" value="0" />
  <attribute name="ProportionalT" value="43.500000" />
  <attribute name="ProportionalI" value="43.500000" />
  <attribute name="ProportionalH" value="43.500000" />
  <attribute name="Current Error" value="29.000000" />
  <attribute name="IntegralT" value="29.000000" />
  <attribute name="IntegralI" value="29.000000" />
  <attribute name="IntegralH" value="29.000000" />
  <attribute name="DerivativeT" value="-8.500000" />
  <attribute name="DerivativeI" value="-8.500000" />
  <attribute name="DerivativeH" value="-8.500000" />
  <attribute name="Loop Time for DT" value="1.000000" />
  <attribute name="Output H" value="8388608"/>
  <attribute name="Output I" value="200"/>
  <attribute name="Output T" value="4"/>
  <attribute name="Target GC Util Change" value ="20.000000" />
  <attribute name="Current GC Util Change" value="49.000000"/>
  <attribute name="GC Util currently" value="49" />
  <attribute name="CPU Util currently" value="25279901085372" />
<exclusive-end id="4826" timestamp="2019-06-16T00:38:04.053" durationms="5.695" />

<exclusive-start id="4827" timestamp="2019-06-16T00:38:04.057" intervalms="9.838">
  <response-info timems="0.069" idlems="0.069" threads="0" lastid="0000000001AE6700" lastname="main" />
</exclusive-start>
<allocation-taxation id="4828" taxation-threshold="12582912" timestamp="2019-06-16T00:38:04.057" intervalms="9.907" />
<gc-start id="4829" type="global mark phase" contextid="4666" timestamp="2019-06-16T00:38:04.057">
  <mem-info id="4830" free="34603008" total="78643200" percent="44">
    <remembered-set count="107616" freebytes="2708736" totalbytes="3139200" percent="86" regionsoverflowed="0" regionsstable="0" regionsrebuilding="17"/>
  </mem-info>
</gc-start>
<gc-end id="4831" type="global mark phase" contextid="4666" durationms="0.195" usertimems="0.000" systemtimems="0.000" timestamp="2019-06-16T00:38:04.057" activeThreads="4">
  <mem-info id="4832" free="34603008" total="78643200" percent="44">
    <remembered-set count="107616" freebytes="2708736" totalbytes="3139200" percent="86" regionsoverflowed="0" regionsstable="0" regionsrebuilding="17"/>
  </mem-info>
</gc-end>
<concurrent-start id="4833" type="GMP work packet processing" contextid="4666" timestamp="2019-06-16T00:38:04.058">
  <concurrent-mark-start scanTarget="1048576" />
</concurrent-start>
<exclusive-end id="4834" timestamp="2019-06-16T00:38:04.058" durationms="0.940" />

<concurrent-end id="4835" type="GMP work packet processing" contextid="4666" timestamp="2019-06-16T00:38:04.060">
  <concurrent-mark-end bytesScanned="1066040" reasonForTermination="Work target met" />
</concurrent-end>

<exclusive-start id="4836" timestamp="2019-06-16T00:38:04.065" intervalms="8.038">
  <response-info timems="0.066" idlems="0.066" threads="0" lastid="0000000001AE6700" lastname="main" />
</exclusive-start>
<allocation-taxation id="4837" taxation-threshold="12582912" timestamp="2019-06-16T00:38:04.065" intervalms="7.986" />
<cycle-start id="4838" type="partial gc" contextid="0" timestamp="2019-06-16T00:38:04.065" intervalms="17.962" />
<gc-start id="4839" type="partial gc" contextid="4838" timestamp="2019-06-16T00:38:04.065">
  <mem-info id="4840" free="22020096" total="78643200" percent="28">
    <mem type="eden" free="1048536" total="26214400" percent="3" />
    <remembered-set count="123616" freebytes="2644736" totalbytes="3139200" percent="84" regionsoverflowed="0" regionsstable="0" regionsrebuilding="17"/>
  </mem-info>
</gc-start>
<allocation-stats totalBytes="25138096" >
  <allocated-bytes non-tlh="0" tlh="25138096" arrayletleaf="0"/>
  <largest-consumer threadName="main" threadId="0000000001AE6700" bytes="12572536" />
</allocation-stats>
<gc-op id="4841" type="copy forward" timems="4.882" contextid="4838" timestamp="2019-06-16T00:38:04.071">
  <memory-copied type="eden" objects="30" bytes="1040" bytesdiscarded="1408" />
  <memory-copied type="other" objects="0" bytes="0" bytesdiscarded="0" />
  <memory-cardclean objects="99" bytes="3448" />
  <regions eden="24" other="1" />
  <remembered-set-cleared processed="121819" cleared="60" durationms="0.864" />
  <stringconstants candidates="13269" cleared="0"  />
</gc-op>
<gc-op id="4842" type="classunload" timems="0.004" contextid="4838" timestamp="2019-06-16T00:38:04.072">
  <classunload-info classloadercandidates="53" classloadersunloaded="0" classesunloaded="0" anonymousclassesunloaded="0" quiescems="0.000" setupms="0.004" scanms="0.000" postms="0.000" />
</gc-op>
<gc-end id="4843" type="partial gc" contextid="4838" durationms="6.292" usertimems="8.000" systemtimems="0.000" timestamp="2019-06-16T00:38:04.072" activeThreads="4">
  <mem-info id="4844" free="47185920" total="78643200" percent="60">
    <mem type="eden" free="1046128" total="1048576" percent="99" />
    <remembered-set count="125120" freebytes="2638720" totalbytes="3139200" percent="84" regionsoverflowed="0" regionsstable="0" regionsrebuilding="17"/>
  </mem-info>
</gc-end>
<cycle-end id="4845" type="partial gc" contextid="4838" timestamp="2019-06-16T00:38:04.072" />
  <attribute name="elasticGC enabled" value="1" />
  <attribute name= "numThreadsSpecified" value="4" />
  <attribute name="heapSize specified" value="0" />
  <attribute name="Current GC Util" value="108" />
  <attribute name= "Current Time Running" value="23117" />
  <attribute name ="GC Interval" value="0" />
  <attribute name="ProportionalT" value="132.000000" />
  <attribute name="ProportionalI" value="132.000000" />
  <attribute name="ProportionalH" value="132.000000" />
  <attribute name="Current Error" value="88.000000" />
  <attribute name="IntegralT" value="88.000000" />
  <attribute name="IntegralI" value="88.000000" />
  <attribute name="IntegralH" value="88.000000" />
  <attribute name="DerivativeT" value="44.000000" />
  <attribute name="DerivativeI" value="44.000000" />
  <attribute name="DerivativeH" value="44.000000" />
  <attribute name="Loop Time for DT" value="1.000000" />
  <attribute name="Output H" value="8388608"/>
  <attribute name="Output I" value="264"/>
  <attribute name="Output T" value="4"/>
  <attribute name="Target GC Util Change" value ="20.000000" />
  <attribute name="Current GC Util Change" value="108.000000"/>
  <attribute name="GC Util currently" value="108" />
  <attribute name="CPU Util currently" value="8140907944849" />
<exclusive-end id="4846" timestamp="2019-06-16T00:38:04.072" durationms="7.299" />

<exclusive-start id="4847" timestamp="2019-06-16T00:38:04.083" intervalms="17.688">
  <response-info timems="0.082" idlems="0.082" threads="0" lastid="0000000001AE6700" lastname="main" />
</exclusive-start>
<allocation-taxation id="4848" taxation-threshold="12582912" timestamp="2019-06-16T00:38:04.083" intervalms="17.686" />
<gc-start id="4849" type="global mark phase" contextid="4666" timestamp="2019-06-16T00:38:04.083">
  <mem-info id="4850" free="34603008" total="78643200" percent="44">
    <remembered-set count="124672" freebytes="2640512" totalbytes="3139200" percent="84" regionsoverflowed="0" regionsstable="0" regionsrebuilding="17"/>
  </mem-info>
</gc-start>
<gc-end id="4851" type="global mark phase" contextid="4666" durationms="0.178" usertimems="0.000" systemtimems="0.000" timestamp="2019-06-16T00:38:04.083" activeThreads="4">
  <mem-info id="4852" free="34603008" total="78643200" percent="44">
    <remembered-set count="124672" freebytes="2640512" totalbytes="3139200" percent="84" regionsoverflowed="0" regionsstable="0" regionsrebuilding="17"/>
  </mem-info>
</gc-end>
<concurrent-start id="4853" type="GMP work packet processing" contextid="4666" timestamp="2019-06-16T00:38:04.083">
  <concurrent-mark-start scanTarget="1048576" />
</concurrent-start>
<exclusive-end id="4854" timestamp="2019-06-16T00:38:04.083" durationms="0.783" />

<concurrent-end id="4855" type="GMP work packet processing" contextid="4666" timestamp="2019-06-16T00:38:04.085">
  <concurrent-mark-end bytesScanned="1102608" reasonForTermination="Work target met" />
</concurrent-end>

<exclusive-start id="4856" timestamp="2019-06-16T00:38:04.097" intervalms="14.684">
  <response-info timems="0.099" idlems="0.099" threads="0" lastid="0000000001AE6700" lastname="main" />
</exclusive-start>
<allocation-taxation id="4857" taxation-threshold="12582912" timestamp="2019-06-16T00:38:04.097" intervalms="14.704" />
<cycle-start id="4858" type="partial gc" contextid="0" timestamp="2019-06-16T00:38:04.098" intervalms="32.361" />
<gc-start id="4859" type="partial gc" contextid="4858" timestamp="2019-06-16T00:38:04.098">
  <mem-info id="4860" free="22020096" total="78643200" percent="28">
    <mem type="eden" free="0" total="25165824" percent="0" />
    <remembered-set count="129632" freebytes="2620672" totalbytes="3139200" percent="83" regionsoverflowed="0" regionsstable="0" regionsrebuilding="17"/>
  </mem-info>
</gc-start>
<allocation-stats totalBytes="25164344" >
  <allocated-bytes non-tlh="0" tlh="25164344" arrayletleaf="0"/>
  <largest-consumer threadName="main" threadId="0000000001AE6700" bytes="12582096" />
</allocation-stats>
<gc-op id="4861" type="copy forward" timems="1.878" contextid="4858" timestamp="2019-06-16T00:38:04.101">
  <memory-copied type="eden" objects="23" bytes="736" bytesdiscarded="0" />
  <memory-copied type="other" objects="14" bytes="520" bytesdiscarded="0" />
  <memory-cardclean objects="116" bytes="3504" />
  <regions eden="24" other="1" />
  <remembered-set-cleared processed="126595" cleared="74" durationms="0.813" />
  <stringconstants candidates="13269" cleared="0"  />
</gc-op>
<gc-op id="4862" type="classunload" timems="0.003" contextid="4858" timestamp="2019-06-16T00:38:04.101">
  <classunload-info classloadercandidates="53" classloadersunloaded="0" classesunloaded="0" anonymousclassesunloaded="0" quiescems="0.000" setupms="0.003" scanms="0.000" postms="0.000" />
</gc-op>
<heap-resize id="4863" type="expand" space="default" amount="3145728" count="1" timems="0.054" reason="excessive time being spent in gc" timestamp="2019-06-16T00:38:04.101" />
<gc-end id="4864" type="partial gc" contextid="4858" durationms="3.393" usertimems="4.000" systemtimems="0.000" timestamp="2019-06-16T00:38:04.101" activeThreads="1">
  <mem-info id="4865" free="49283072" total="81788928" percent="60">
    <mem type="eden" free="1047840" total="1048576" percent="99" />
    <remembered-set count="129824" freebytes="2745472" totalbytes="3264768" percent="84" regionsoverflowed="0" regionsstable="0" regionsrebuilding="17"/>
  </mem-info>
</gc-end>
<cycle-end id="4866" type="partial gc" contextid="4858" timestamp="2019-06-16T00:38:04.101" />
  <attribute name="elasticGC enabled" value="1" />
  <attribute name= "numThreadsSpecified" value="1" />
  <attribute name="heapSize specified" value="0" />
  <attribute name="Current GC Util" value="162" />
  <attribute name= "Current Time Running" value="23149" />
  <attribute name ="GC Interval" value="0" />
  <attribute name="ProportionalT" value="213.000000" />
  <attribute name="ProportionalI" value="213.000000" />
  <attribute name="ProportionalH" value="213.000000" />
  <attribute name="Current Error" value="142.000000" />
  <attribute name="IntegralT" value="0.000000" />
  <attribute name="IntegralI" value="0.000000" />
  <attribute name="IntegralH" value="0.000000" />
  <attribute name="DerivativeT" value="inf" />
  <attribute name="DerivativeI" value="inf" />
  <attribute name="DerivativeH" value="inf" />
  <attribute name="Loop Time for DT" value="0.000000" />
  <attribute name="Output H" value="8388608"/>
  <attribute name="Output I" value="200"/>
  <attribute name="Output T" value="1"/>
  <attribute name="Target GC Util Change" value ="20.000000" />
  <attribute name="Current GC Util Change" value="162.000000"/>
  <attribute name="GC Util currently" value="162" />
  <attribute name="CPU Util currently" value="9590615768945" />
<exclusive-end id="4867" timestamp="2019-06-16T00:38:04.102" durationms="4.427" />

<exclusive-start id="4868" timestamp="2019-06-16T00:38:04.118" intervalms="21.258">
  <response-info timems="0.067" idlems="0.067" threads="0" lastid="0000000001AE6700" lastname="main" />
</exclusive-start>
<allocation-taxation id="4869" taxation-threshold="13631488" timestamp="2019-06-16T00:38:04.119" intervalms="21.280" />
<gc-start id="4870" type="global mark phase" contextid="4666" timestamp="2019-06-16T00:38:04.119">
  <mem-info id="4871" free="35651584" total="81788928" percent="43">
    <remembered-set count="129440" freebytes="2747008" totalbytes="3264768" percent="84" regionsoverflowed="0" regionsstable="0" regionsrebuilding="17"/>
  </mem-info>
</gc-start>
<gc-end id="4872" type="global mark phase" contextid="4666" durationms="0.196" usertimems="0.000" systemtimems="0.000" timestamp="2019-06-16T00:38:04.119" activeThreads="1">
  <mem-info id="4873" free="35651584" total="81788928" percent="43">
    <remembered-set count="129440" freebytes="2747008" totalbytes="3264768" percent="84" regionsoverflowed="0" regionsstable="0" regionsrebuilding="17"/>
  </mem-info>
</gc-end>
<concurrent-start id="4874" type="GMP work packet processing" contextid="4666" timestamp="2019-06-16T00:38:04.119">
  <concurrent-mark-start scanTarget="1048576" />
</concurrent-start>
<exclusive-end id="4875" timestamp="2019-06-16T00:38:04.119" durationms="0.838" />

<concurrent-end id="4876" type="GMP work packet processing" contextid="4666" timestamp="2019-06-16T00:38:04.120">
  <concurrent-mark-end bytesScanned="618952" reasonForTermination="Completed all work in GC phase" />
</concurrent-end>

<exclusive-start id="4877" timestamp="2019-06-16T00:38:04.282" intervalms="163.986">
  <response-info timems="0.073" idlems="0.073" threads="0" lastid="0000000001AE6700" lastname="main" />
</exclusive-start>
<allocation-taxation id="4878" taxation-threshold="13631488" timestamp="2019-06-16T00:38:04.283" intervalms="163.993" />
<cycle-start id="4879" type="partial gc" contextid="0" timestamp="2019-06-16T00:38:04.283" intervalms="185.332" />
<gc-start id="4880" type="partial gc" contextid="4879" timestamp="2019-06-16T00:38:04.283">
  <mem-info id="4881" free="22020096" total="81788928" percent="26">
    <mem type="eden" free="0" total="27262976" percent="0" />
    <remembered-set count="135360" freebytes="2723328" totalbytes="3264768" percent="83" regionsoverflowed="0" regionsstable="0" regionsrebuilding="17"/>
  </mem-info>
</gc-start>
<allocation-stats totalBytes="27259040" >
  <allocated-bytes non-tlh="0" tlh="27259040" arrayletleaf="0"/>
  <largest-consumer threadName="main" threadId="0000000001AE6700" bytes="13629608" />
</allocation-stats>
<gc-op id="4882" type="copy forward" timems="4.039" contextid="4879" timestamp="2019-06-16T00:38:04.288">
  <memory-copied type="eden" objects="62" bytes="1688" bytesdiscarded="120" />
  <memory-copied type="other" objects="6" bytes="144" bytesdiscarded="672" />
  <memory-cardclean objects="78" bytes="2328" />
  <regions eden="26" other="1" />
  <remembered-set-cleared processed="132342" cleared="27" durationms="0.498" />
  <stringconstants candidates="13269" cleared="0"  />
</gc-op>
<gc-op id="4883" type="classunload" timems="0.003" contextid="4879" timestamp="2019-06-16T00:38:04.288">
  <classunload-info classloadercandidates="53" classloadersunloaded="0" classesunloaded="0" anonymousclassesunloaded="0" quiescems="0.000" setupms="0.003" scanms="0.000" postms="0.000" />
</gc-op>
<gc-end id="4884" type="partial gc" contextid="4879" durationms="5.478" usertimems="8.000" systemtimems="4.000" timestamp="2019-06-16T00:38:04.289" activeThreads="4">
  <mem-info id="4885" free="48234496" total="81788928" percent="58">
    <mem type="eden" free="1046768" total="1048576" percent="99" />
    <remembered-set count="135872" freebytes="2721280" totalbytes="3264768" percent="83" regionsoverflowed="0" regionsstable="0" regionsrebuilding="17"/>
  </mem-info>
</gc-end>
<cycle-end id="4886" type="partial gc" contextid="4879" timestamp="2019-06-16T00:38:04.289" />
  <attribute name="elasticGC enabled" value="1" />
  <attribute name= "numThreadsSpecified" value="4" />
  <attribute name="heapSize specified" value="0" />
  <attribute name="Current GC Util" value="160" />
  <attribute name= "Current Time Running" value="23335" />
  <attribute name ="GC Interval" value="0" />
  <attribute name="ProportionalT" value="210.000000" />
  <attribute name="ProportionalI" value="210.000000" />
  <attribute name="ProportionalH" value="210.000000" />
  <attribute name="Current Error" value="140.000000" />
  <attribute name="IntegralT" value="140.000000" />
  <attribute name="IntegralI" value="140.000000" />
  <attribute name="IntegralH" value="140.000000" />
  <attribute name="DerivativeT" value="70.000000" />
  <attribute name="DerivativeI" value="70.000000" />
  <attribute name="DerivativeH" value="70.000000" />
  <attribute name="Loop Time for DT" value="1.000000" />
  <attribute name="Output H" value="8388608"/>
  <attribute name="Output I" value="424"/>
  <attribute name="Output T" value="4"/>
  <attribute name="Target GC Util Change" value ="20.000000" />
  <attribute name="Current GC Util Change" value="160.000000"/>
  <attribute name="GC Util currently" value="160" />
  <attribute name="CPU Util currently" value="9105366361548" />
<exclusive-end id="4887" timestamp="2019-06-16T00:38:04.289" durationms="6.687" />

<exclusive-start id="4888" timestamp="2019-06-16T00:38:04.298" intervalms="15.191">
  <response-info timems="0.069" idlems="0.069" threads="0" lastid="0000000001AE6700" lastname="main" />
</exclusive-start>
<allocation-taxation id="4889" taxation-threshold="13631488" timestamp="2019-06-16T00:38:04.298" intervalms="15.241" />
<gc-start id="4890" type="global mark phase" contextid="4666" timestamp="2019-06-16T00:38:04.298">
  <mem-info id="4891" free="34603008" total="81788928" percent="42">
    <remembered-set count="135424" freebytes="2723072" totalbytes="3264768" percent="83" regionsoverflowed="0" regionsstable="0" regionsrebuilding="17"/>
  </mem-info>
</gc-start>
<gc-op id="4892" type="mark increment" timems="1.877" contextid="4666" timestamp="2019-06-16T00:38:04.300">
  <trace-info objectcount="93" scancount="91" scanbytes="2408" />
  <cardclean-info objects="227" bytes="6596" />
  <finalization candidates="80" enqueued="0" />
  <ownableSynchronizers candidates="21" cleared="0" />
  <references type="soft" candidates="1851" cleared="0" enqueued="0" dynamicThreshold="18" maxThreshold="32" />
  <references type="weak" candidates="5744" cleared="0" enqueued="0" />
  <references type="phantom" candidates="101" cleared="0" enqueued="0" />
  <stringconstants candidates="13269" cleared="0"  />
</gc-op>
<gc-op id="4893" type="classunload" timems="0.017" contextid="4666" timestamp="2019-06-16T00:38:04.300">
  <classunload-info classloadercandidates="53" classloadersunloaded="0" classesunloaded="0" anonymousclassesunloaded="0" quiescems="0.000" setupms="0.017" scanms="0.000" postms="0.000" />
</gc-op>
<gc-end id="4894" type="global mark phase" contextid="4666" durationms="2.396" usertimems="4.000" systemtimems="0.000" timestamp="2019-06-16T00:38:04.301" activeThreads="4">
  <mem-info id="4895" free="34603008" total="81788928" percent="42">
    <remembered-set count="137472" freebytes="2714880" totalbytes="3264768" percent="83" regionsoverflowed="0" regionsstable="0" regionsrebuilding="0"/>
  </mem-info>
</gc-end>
<cycle-end id="4896" type="global mark phase" contextid="4666" timestamp="2019-06-16T00:38:04.301" />
  <attribute name="elasticGC enabled" value="1" />
  <attribute name= "numThreadsSpecified" value="4" />
  <attribute name="heapSize specified" value="0" />
  <attribute name="Current GC Util" value="145" />
  <attribute name= "Current Time Running" value="23350" />
  <attribute name ="GC Interval" value="0" />
  <attribute name="ProportionalT" value="187.500000" />
  <attribute name="ProportionalI" value="187.500000" />
  <attribute name="ProportionalH" value="187.500000" />
  <attribute name="Current Error" value="125.000000" />
  <attribute name="IntegralT" value="0.000000" />
  <attribute name="IntegralI" value="0.000000" />
  <attribute name="IntegralH" value="0.000000" />
  <attribute name="DerivativeT" value="-inf" />
  <attribute name="DerivativeI" value="-inf" />
  <attribute name="DerivativeH" value="-inf" />
  <attribute name="Loop Time for DT" value="0.000000" />
  <attribute name="Output H" value="2091843584"/>
  <attribute name="Output I" value="200"/>
  <attribute name="Output T" value="4"/>
  <attribute name="Target GC Util Change" value ="20.000000" />
  <attribute name="Current GC Util Change" value="145.000000"/>
  <attribute name="GC Util currently" value="145" />
  <attribute name="CPU Util currently" value="28317046982329" />
<exclusive-end id="4897" timestamp="2019-06-16T00:38:04.301" durationms="3.261" />

<exclusive-start id="4898" timestamp="2019-06-16T00:38:04.305" intervalms="7.459">
  <response-info timems="0.085" idlems="0.085" threads="0" lastid="0000000001AE6700" lastname="main" />
</exclusive-start>
<allocation-taxation id="4899" taxation-threshold="13631488" timestamp="2019-06-16T00:38:04.305" intervalms="7.492" />
<cycle-start id="4900" type="partial gc" contextid="0" timestamp="2019-06-16T00:38:04.306" intervalms="22.734" />
<gc-start id="4901" type="partial gc" contextid="4900" timestamp="2019-06-16T00:38:04.306">
  <mem-info id="4902" free="20971520" total="81788928" percent="25">
    <mem type="eden" free="0" total="27262976" percent="0" />
    <remembered-set count="3040" freebytes="3252608" totalbytes="3264768" percent="99" regionsoverflowed="0" regionsstable="17" regionsrebuilding="0"/>
  </mem-info>
</gc-start>
<allocation-stats totalBytes="27160896" >
  <allocated-bytes non-tlh="0" tlh="27160896" arrayletleaf="0"/>
  <largest-consumer threadName="main" threadId="0000000001AE6700" bytes="13581568" />
</allocation-stats>
<gc-op id="4903" type="sweep" timems="1.655" contextid="4900" timestamp="2019-06-16T00:38:04.308" />
<gc-op id="4904" type="copy forward" timems="1.041" contextid="4900" timestamp="2019-06-16T00:38:04.310">
  <memory-copied type="eden" objects="0" bytes="0" bytesdiscarded="0" />
  <memory-copied type="other" objects="73" bytes="3008" bytesdiscarded="0" />
  <memory-cardclean objects="108" bytes="3184" />
  <regions eden="13" other="3" />
  <remembered-set-cleared processed="904" cleared="21" durationms="0.108" />
  <stringconstants candidates="13269" cleared="0"  />
</gc-op>
<gc-op id="4905" type="classunload" timems="0.003" contextid="4900" timestamp="2019-06-16T00:38:04.310">
  <classunload-info classloadercandidates="53" classloadersunloaded="0" classesunloaded="0" anonymousclassesunloaded="0" quiescems="0.000" setupms="0.003" scanms="0.000" postms="0.000" />
</gc-op>
<gc-end id="4906" type="partial gc" contextid="4900" durationms="4.372" usertimems="8.000" systemtimems="0.000" timestamp="2019-06-16T00:38:04.310" activeThreads="1">
  <mem-info id="4907" free="47185920" total="81788928" percent="57">
    <mem type="eden" free="1046712" total="1048576" percent="99" />
    <remembered-set count="2944" freebytes="3252992" totalbytes="3264768" percent="99" regionsoverflowed="0" regionsstable="17" regionsrebuilding="0"/>
  </mem-info>
</gc-end>
<cycle-end id="4908" type="partial gc" contextid="4900" timestamp="2019-06-16T00:38:04.310" />
  <attribute name="elasticGC enabled" value="1" />
  <attribute name= "numThreadsSpecified" value="1" />
  <attribute name="heapSize specified" value="0" />
  <attribute name="Current GC Util" value="166" />
  <attribute name= "Current Time Running" value="23359" />
  <attribute name ="GC Interval" value="0" />
  <attribute name="ProportionalT" value="219.000000" />
  <attribute name="ProportionalI" value="219.000000" />
  <attribute name="ProportionalH" value="219.000000" />
  <attribute name="Current Error" value="146.000000" />
  <attribute name="IntegralT" value="0.000000" />
  <attribute name="IntegralI" value="0.000000" />
  <attribute name="IntegralH" value="0.000000" />
  <attribute name="DerivativeT" value="inf" />
  <attribute name="DerivativeI" value="inf" />
  <attribute name="DerivativeH" value="inf" />
  <attribute name="Loop Time for DT" value="0.000000" />
  <attribute name="Output H" value="8388608"/>
  <attribute name="Output I" value="200"/>
  <attribute name="Output T" value="1"/>
  <attribute name="Target GC Util Change" value ="20.000000" />
  <attribute name="Current GC Util Change" value="166.000000"/>
  <attribute name="GC Util currently" value="166" />
  <attribute name="CPU Util currently" value="10145674604298" />
<exclusive-end id="4909" timestamp="2019-06-16T00:38:04.311" durationms="5.620" />

<exclusive-start id="4910" timestamp="2019-06-16T00:38:04.319" intervalms="13.984">
  <response-info timems="0.087" idlems="0.087" threads="0" lastid="0000000001AE6700" lastname="main" />
</exclusive-start>
<allocation-taxation id="4911" taxation-threshold="27262976" timestamp="2019-06-16T00:38:04.319" intervalms="13.930" />
<cycle-start id="4912" type="partial gc" contextid="0" timestamp="2019-06-16T00:38:04.320" intervalms="13.974" />
<gc-start id="4913" type="partial gc" contextid="4912" timestamp="2019-06-16T00:38:04.320">
  <mem-info id="4914" free="19922944" total="81788928" percent="24">
    <mem type="eden" free="0" total="27262976" percent="0" />
    <remembered-set count="2816" freebytes="3253504" totalbytes="3264768" percent="99" regionsoverflowed="0" regionsstable="17" regionsrebuilding="0"/>
  </mem-info>
</gc-start>
<allocation-stats totalBytes="27160672" >
  <allocated-bytes non-tlh="0" tlh="27160672" arrayletleaf="0"/>
  <largest-consumer threadName="main" threadId="0000000001AE6700" bytes="27160672" />
</allocation-stats>
<gc-op id="4915" type="copy forward" timems="1.138" contextid="4912" timestamp="2019-06-16T00:38:04.322">
  <memory-copied type="eden" objects="0" bytes="0" bytesdiscarded="0" />
  <memory-copied type="other" objects="37" bytes="2136" bytesdiscarded="0" />
  <memory-cardclean objects="93" bytes="2928" />
  <regions eden="26" other="3" />
  <remembered-set-cleared processed="903" cleared="24" durationms="0.104" />
  <stringconstants candidates="13269" cleared="0"  />
</gc-op>
<gc-op id="4916" type="classunload" timems="0.004" contextid="4912" timestamp="2019-06-16T00:38:04.322">
  <classunload-info classloadercandidates="53" classloadersunloaded="0" classesunloaded="0" anonymousclassesunloaded="0" quiescems="0.000" setupms="0.004" scanms="0.000" postms="0.000" />
</gc-op>
<heap-resize id="4917" type="expand" space="default" amount="5242880" count="1" timems="0.055" reason="excessive time being spent in gc" timestamp="2019-06-16T00:38:04.322" />
<gc-end id="4918" type="partial gc" contextid="4912" durationms="2.722" usertimems="4.000" systemtimems="0.000" timestamp="2019-06-16T00:38:04.323" activeThreads="1">
  <mem-info id="4919" free="52428800" total="87031808" percent="60">
    <remembered-set count="2784" freebytes="3462912" totalbytes="3474048" percent="99" regionsoverflowed="0" regionsstable="17" regionsrebuilding="0"/>
  </mem-info>
</gc-end>
<cycle-end id="4920" type="partial gc" contextid="4912" timestamp="2019-06-16T00:38:04.323" />
  <attribute name="elasticGC enabled" value="1" />
  <attribute name= "numThreadsSpecified" value="1" />
  <attribute name="heapSize specified" value="0" />
  <attribute name="Current GC Util" value="301" />
  <attribute name= "Current Time Running" value="23371" />
  <attribute name ="GC Interval" value="0" />
  <attribute name="ProportionalT" value="421.500000" />
  <attribute name="ProportionalI" value="421.500000" />
  <attribute name="ProportionalH" value="421.500000" />
  <attribute name="Current Error" value="281.000000" />
  <attribute name="IntegralT" value="0.000000" />
  <attribute name="IntegralI" value="0.000000" />
  <attribute name="IntegralH" value="0.000000" />
  <attribute name="DerivativeT" value="inf" />
  <attribute name="DerivativeI" value="inf" />
  <attribute name="DerivativeH" value="inf" />
  <attribute name="Loop Time for DT" value="0.000000" />
  <attribute name="Output H" value="8388608"/>
  <attribute name="Output I" value="200"/>
  <attribute name="Output T" value="1"/>
  <attribute name="Target GC Util Change" value ="20.000000" />
  <attribute name="Current GC Util Change" value="301.000000"/>
  <attribute name="GC Util currently" value="301" />
  <attribute name="CPU Util currently" value="9320717481896" />
<exclusive-end id="4921" timestamp="2019-06-16T00:38:04.323" durationms="3.939" />

<exclusive-start id="4922" timestamp="2019-06-16T00:38:04.331" intervalms="12.157">
  <response-info timems="0.091" idlems="0.091" threads="0" lastid="0000000001AE6700" lastname="main" />
</exclusive-start>
<allocation-taxation id="4923" taxation-threshold="28311552" timestamp="2019-06-16T00:38:04.331" intervalms="12.134" />
<cycle-start id="4924" type="partial gc" contextid="0" timestamp="2019-06-16T00:38:04.332" intervalms="12.078" />
<gc-start id="4925" type="partial gc" contextid="4924" timestamp="2019-06-16T00:38:04.332">
  <mem-info id="4926" free="24117248" total="87031808" percent="27">
    <mem type="eden" free="0" total="28311552" percent="0" />
    <remembered-set count="2656" freebytes="3463424" totalbytes="3474048" percent="99" regionsoverflowed="0" regionsstable="17" regionsrebuilding="0"/>
  </mem-info>
</gc-start>
<allocation-stats totalBytes="28215920" >
  <allocated-bytes non-tlh="0" tlh="28215920" arrayletleaf="0"/>
  <largest-consumer threadName="main" threadId="0000000001AE6700" bytes="28215920" />
</allocation-stats>
<gc-op id="4927" type="copy forward" timems="1.137" contextid="4924" timestamp="2019-06-16T00:38:04.334">
  <memory-copied type="eden" objects="1" bytes="24" bytesdiscarded="0" />
  <memory-copied type="other" objects="12" bytes="272" bytesdiscarded="376" />
  <memory-cardclean objects="54" bytes="1408" />
  <regions eden="27" other="2" />
  <remembered-set-cleared processed="906" cleared="20" durationms="0.108" />
  <stringconstants candidates="13269" cleared="0"  />
</gc-op>
<gc-op id="4928" type="classunload" timems="0.003" contextid="4924" timestamp="2019-06-16T00:38:04.334">
  <classunload-info classloadercandidates="53" classloadersunloaded="0" classesunloaded="0" anonymousclassesunloaded="0" quiescems="0.000" setupms="0.003" scanms="0.000" postms="0.000" />
</gc-op>
<gc-end id="4929" type="partial gc" contextid="4924" durationms="2.465" usertimems="4.000" systemtimems="0.000" timestamp="2019-06-16T00:38:04.334" activeThreads="1">
  <mem-info id="4930" free="52428800" total="87031808" percent="60">
    <mem type="eden" free="1048552" total="1048576" percent="99" />
    <remembered-set count="2848" freebytes="3462656" totalbytes="3474048" percent="99" regionsoverflowed="0" regionsstable="17" regionsrebuilding="0"/>
  </mem-info>
</gc-end>
<cycle-end id="4931" type="partial gc" contextid="4924" timestamp="2019-06-16T00:38:04.335" />
  <attribute name="elasticGC enabled" value="1" />
  <attribute name= "numThreadsSpecified" value="1" />
  <attribute name="heapSize specified" value="0" />
  <attribute name="Current GC Util" value="298" />
  <attribute name= "Current Time Running" value="23383" />
  <attribute name ="GC Interval" value="0" />
  <attribute name="ProportionalT" value="417.000000" />
  <attribute name="ProportionalI" value="417.000000" />
  <attribute name="ProportionalH" value="417.000000" />
  <attribute name="Current Error" value="278.000000" />
  <attribute name="IntegralT" value="0.000000" />
  <attribute name="IntegralI" value="0.000000" />
  <attribute name="IntegralH" value="0.000000" />
  <attribute name="DerivativeT" value="inf" />
  <attribute name="DerivativeI" value="inf" />
  <attribute name="DerivativeH" value="inf" />
  <attribute name="Loop Time for DT" value="0.000000" />
  <attribute name="Output H" value="8388608"/>
  <attribute name="Output I" value="200"/>
  <attribute name="Output T" value="1"/>
  <attribute name="Target GC Util Change" value ="20.000000" />
  <attribute name="Current GC Util Change" value="298.000000"/>
  <attribute name="GC Util currently" value="298" />
  <attribute name="CPU Util currently" value="9429442954677" />
<exclusive-end id="4932" timestamp="2019-06-16T00:38:04.335" durationms="3.636" />

<exclusive-start id="4933" timestamp="2019-06-16T00:38:04.343" intervalms="11.660">
  <response-info timems="0.078" idlems="0.078" threads="0" lastid="0000000001AE6700" lastname="main" />
</exclusive-start>
<allocation-taxation id="4934" taxation-threshold="28311552" timestamp="2019-06-16T00:38:04.343" intervalms="11.638" />
<cycle-start id="4935" type="partial gc" contextid="0" timestamp="2019-06-16T00:38:04.343" intervalms="11.575" />
<gc-start id="4936" type="partial gc" contextid="4935" timestamp="2019-06-16T00:38:04.344">
  <mem-info id="4937" free="24117248" total="87031808" percent="27">
    <mem type="eden" free="1048552" total="29360128" percent="3" />
    <remembered-set count="2656" freebytes="3463424" totalbytes="3474048" percent="99" regionsoverflowed="0" regionsstable="17" regionsrebuilding="0"/>
  </mem-info>
</gc-start>
<allocation-stats totalBytes="28216400" >
  <allocated-bytes non-tlh="0" tlh="28216400" arrayletleaf="0"/>
  <largest-consumer threadName="main" threadId="0000000001AE6700" bytes="28216400" />
</allocation-stats>
<gc-op id="4938" type="copy forward" timems="1.148" contextid="4935" timestamp="2019-06-16T00:38:04.346">
  <memory-copied type="eden" objects="1" bytes="24" bytesdiscarded="0" />
  <memory-copied type="other" objects="19" bytes="632" bytesdiscarded="376" />
  <memory-cardclean objects="85" bytes="2208" />
  <regions eden="27" other="3" />
  <remembered-set-cleared processed="902" cleared="16" durationms="0.105" />
  <stringconstants candidates="13269" cleared="0"  />
</gc-op>
<gc-op id="4939" type="classunload" timems="0.004" contextid="4935" timestamp="2019-06-16T00:38:04.346">
  <classunload-info classloadercandidates="53" classloadersunloaded="0" classesunloaded="0" anonymousclassesunloaded="0" quiescems="0.000" setupms="0.004" scanms="0.000" postms="0.000" />
</gc-op>
<gc-end id="4940" type="partial gc" contextid="4935" durationms="2.573" usertimems="4.000" systemtimems="0.000" timestamp="2019-06-16T00:38:04.346" activeThreads="1">
  <mem-info id="4941" free="53477376" total="87031808" percent="61">
    <mem type="eden" free="1048552" total="1048576" percent="99" />
    <remembered-set count="2976" freebytes="3462144" totalbytes="3474048" percent="99" regionsoverflowed="0" regionsstable="17" regionsrebuilding="0"/>
  </mem-info>
</gc-end>
<cycle-end id="4942" type="partial gc" contextid="4935" timestamp="2019-06-16T00:38:04.346" />
  <attribute name="elasticGC enabled" value="1" />
  <attribute name= "numThreadsSpecified" value="1" />
  <attribute name="heapSize specified" value="0" />
  <attribute name="Current GC Util" value="289" />
  <attribute name= "Current Time Running" value="23395" />
  <attribute name ="GC Interval" value="0" />
  <attribute name="ProportionalT" value="403.500000" />
  <attribute name="ProportionalI" value="403.500000" />
  <attribute name="ProportionalH" value="403.500000" />
  <attribute name="Current Error" value="269.000000" />
  <attribute name="IntegralT" value="0.000000" />
  <attribute name="IntegralI" value="0.000000" />
  <attribute name="IntegralH" value="0.000000" />
  <attribute name="DerivativeT" value="inf" />
  <attribute name="DerivativeI" value="inf" />
  <attribute name="DerivativeH" value="inf" />
  <attribute name="Loop Time for DT" value="0.000000" />
  <attribute name="Output H" value="8388608"/>
  <attribute name="Output I" value="200"/>
  <attribute name="Output T" value="1"/>
  <attribute name="Target GC Util Change" value ="20.000000" />
  <attribute name="Current GC Util Change" value="289.000000"/>
  <attribute name="GC Util currently" value="289" />
  <attribute name="CPU Util currently" value="9343681146628" />
<exclusive-end id="4943" timestamp="2019-06-16T00:38:04.347" durationms="3.730" />

<exclusive-start id="4944" timestamp="2019-06-16T00:38:04.355" intervalms="11.927">
  <response-info timems="0.085" idlems="0.085" threads="0" lastid="0000000001AE6700" lastname="main" />
</exclusive-start>
<allocation-taxation id="4945" taxation-threshold="28311552" timestamp="2019-06-16T00:38:04.355" intervalms="11.937" />
<cycle-start id="4946" type="partial gc" contextid="0" timestamp="2019-06-16T00:38:04.355" intervalms="11.989" />
<gc-start id="4947" type="partial gc" contextid="4946" timestamp="2019-06-16T00:38:04.355">
  <mem-info id="4948" free="25165824" total="87031808" percent="28">
    <mem type="eden" free="1048552" total="29360128" percent="3" />
    <remembered-set count="2624" freebytes="3463552" totalbytes="3474048" percent="99" regionsoverflowed="0" regionsstable="17" regionsrebuilding="0"/>
  </mem-info>
</gc-start>
<allocation-stats totalBytes="28216400" >
  <allocated-bytes non-tlh="0" tlh="28216400" arrayletleaf="0"/>
  <largest-consumer threadName="main" threadId="0000000001AE6700" bytes="28216400" />
</allocation-stats>
<gc-op id="4949" type="copy forward" timems="4.102" contextid="4946" timestamp="2019-06-16T00:38:04.361">
  <memory-copied type="eden" objects="1" bytes="24" bytesdiscarded="0" />
  <memory-copied type="other" objects="12" bytes="272" bytesdiscarded="1720" />
  <memory-cardclean objects="54" bytes="1408" />
  <regions eden="27" other="3" />
  <remembered-set-cleared processed="901" cleared="18" durationms="0.108" />
  <stringconstants candidates="13269" cleared="0"  />
</gc-op>
<gc-op id="4950" type="classunload" timems="0.004" contextid="4946" timestamp="2019-06-16T00:38:04.361">
  <classunload-info classloadercandidates="53" classloadersunloaded="0" classesunloaded="0" anonymousclassesunloaded="0" quiescems="0.000" setupms="0.004" scanms="0.000" postms="0.000" />
</gc-op>
<heap-resize id="4951" type="contract" space="default" amount="3145728" count="1" timems="0.053" reason="excess free space following gc" timestamp="2019-06-16T00:38:04.361" />
<gc-end id="4952" type="partial gc" contextid="4946" durationms="5.582" usertimems="8.000" systemtimems="4.000" timestamp="2019-06-16T00:38:04.361" activeThreads="4">
  <mem-info id="4953" free="51380224" total="83886080" percent="61">
    <mem type="eden" free="1048552" total="1048576" percent="99" />
    <remembered-set count="2144" freebytes="3465472" totalbytes="3474048" percent="99" regionsoverflowed="0" regionsstable="17" regionsrebuilding="0"/>
  </mem-info>
</gc-end>
<cycle-end id="4954" type="partial gc" contextid="4946" timestamp="2019-06-16T00:38:04.361" />
  <attribute name="elasticGC enabled" value="1" />
  <attribute name= "numThreadsSpecified" value="4" />
  <attribute name="heapSize specified" value="0" />
  <attribute name="Current GC Util" value="297" />
  <attribute name= "Current Time Running" value="23407" />
  <attribute name ="GC Interval" value="0" />
  <attribute name="ProportionalT" value="415.500000" />
  <attribute name="ProportionalI" value="415.500000" />
  <attribute name="ProportionalH" value="415.500000" />
  <attribute name="Current Error" value="277.000000" />
  <attribute name="IntegralT" value="277.000000" />
  <attribute name="IntegralI" value="277.000000" />
  <attribute name="IntegralH" value="277.000000" />
  <attribute name="DerivativeT" value="138.500000" />
  <attribute name="DerivativeI" value="138.500000" />
  <attribute name="DerivativeH" value="138.500000" />
  <attribute name="Loop Time for DT" value="1.000000" />
  <attribute name="Output H" value="8388608"/>
  <attribute name="Output I" value="832"/>
  <attribute name="Output T" value="4"/>
  <attribute name="Target GC Util Change" value ="20.000000" />
  <attribute name="Current GC Util Change" value="297.000000"/>
  <attribute name="GC Util currently" value="297" />
  <attribute name="CPU Util currently" value="9710979616527" />
<exclusive-end id="4955" timestamp="2019-06-16T00:38:04.361" durationms="6.655" />

<exclusive-start id="4956" timestamp="2019-06-16T00:38:04.370" intervalms="14.729">
  <response-info timems="0.091" idlems="0.091" threads="0" lastid="0000000001AE6700" lastname="main" />
</exclusive-start>
<allocation-taxation id="4957" taxation-threshold="27262976" timestamp="2019-06-16T00:38:04.370" intervalms="14.738" />
<cycle-start id="4958" type="partial gc" contextid="0" timestamp="2019-06-16T00:38:04.370" intervalms="14.728" />
<gc-start id="4959" type="partial gc" contextid="4958" timestamp="2019-06-16T00:38:04.370">
  <mem-info id="4960" free="24117248" total="83886080" percent="28">
    <mem type="eden" free="1048552" total="28311552" percent="3" />
    <remembered-set count="928" freebytes="3470336" totalbytes="3474048" percent="99" regionsoverflowed="0" regionsstable="18" regionsrebuilding="0"/>
  </mem-info>
</gc-start>
<allocation-stats totalBytes="27171256" >
  <allocated-bytes non-tlh="0" tlh="27171256" arrayletleaf="0"/>
  <largest-consumer threadName="main" threadId="0000000001AE6700" bytes="27171256" />
</allocation-stats>
<gc-op id="4961" type="copy forward" timems="4.099" contextid="4958" timestamp="2019-06-16T00:38:04.376">
  <memory-copied type="eden" objects="1" bytes="24" bytesdiscarded="0" />
  <memory-copied type="other" objects="18" bytes="408" bytesdiscarded="216" />
  <memory-cardclean objects="40" bytes="1016" />
  <regions eden="26" other="3" />
  <remembered-set-cleared processed="24" cleared="10" durationms="0.128" />
  <stringconstants candidates="13269" cleared="0"  />
</gc-op>
<gc-op id="4962" type="classunload" timems="0.004" contextid="4958" timestamp="2019-06-16T00:38:04.376">
  <classunload-info classloadercandidates="53" classloadersunloaded="0" classesunloaded="0" anonymousclassesunloaded="0" quiescems="0.000" setupms="0.004" scanms="0.000" postms="0.000" />
</gc-op>
<heap-resize id="4963" type="contract" space="default" amount="3145728" count="1" timems="0.047" reason="excess free space following gc" timestamp="2019-06-16T00:38:04.376" />
<gc-end id="4964" type="partial gc" contextid="4958" durationms="5.875" usertimems="4.000" systemtimems="4.000" timestamp="2019-06-16T00:38:04.376" activeThreads="4">
  <mem-info id="4965" free="49283072" total="80740352" percent="61">
    <mem type="eden" free="1048552" total="1048576" percent="99" />
    <remembered-set count="1280" freebytes="3343360" totalbytes="3348480" percent="99" regionsoverflowed="0" regionsstable="18" regionsrebuilding="0"/>
  </mem-info>
</gc-end>
<cycle-end id="4966" type="partial gc" contextid="4958" timestamp="2019-06-16T00:38:04.376" />
  <attribute name="elasticGC enabled" value="1" />
  <attribute name= "numThreadsSpecified" value="4" />
  <attribute name="heapSize specified" value="0" />
  <attribute name="Current GC Util" value="109" />
  <attribute name= "Current Time Running" value="23422" />
  <attribute name ="GC Interval" value="0" />
  <attribute name="ProportionalT" value="133.500000" />
  <attribute name="ProportionalI" value="133.500000" />
  <attribute name="ProportionalH" value="133.500000" />
  <attribute name="Current Error" value="89.000000" />
  <attribute name="IntegralT" value="89.000000" />
  <attribute name="IntegralI" value="89.000000" />
  <attribute name="IntegralH" value="89.000000" />
  <attribute name="DerivativeT" value="20.000000" />
  <attribute name="DerivativeI" value="20.000000" />
  <attribute name="DerivativeH" value="20.000000" />
  <attribute name="Loop Time for DT" value="1.000000" />
  <attribute name="Output H" value="8388608"/>
  <attribute name="Output I" value="248"/>
  <attribute name="Output T" value="4"/>
  <attribute name="Target GC Util Change" value ="20.000000" />
  <attribute name="Current GC Util Change" value="109.000000"/>
  <attribute name="GC Util currently" value="109" />
  <attribute name="CPU Util currently" value="5887719660275" />
<exclusive-end id="4967" timestamp="2019-06-16T00:38:04.377" durationms="6.970" />

<exclusive-start id="4968" timestamp="2019-06-16T00:38:04.385" intervalms="15.197">
  <response-info timems="0.084" idlems="0.084" threads="0" lastid="0000000001AE6700" lastname="main" />
</exclusive-start>
<allocation-taxation id="4969" taxation-threshold="27262976" timestamp="2019-06-16T00:38:04.385" intervalms="15.200" />
<cycle-start id="4970" type="partial gc" contextid="0" timestamp="2019-06-16T00:38:04.385" intervalms="15.190" />
<gc-start id="4971" type="partial gc" contextid="4970" timestamp="2019-06-16T00:38:04.385">
  <mem-info id="4972" free="22020096" total="80740352" percent="27">
    <mem type="eden" free="1048552" total="28311552" percent="3" />
    <remembered-set count="800" freebytes="3345280" totalbytes="3348480" percent="99" regionsoverflowed="0" regionsstable="18" regionsrebuilding="0"/>
  </mem-info>
</gc-start>
<allocation-stats totalBytes="27171256" >
  <allocated-bytes non-tlh="0" tlh="27171256" arrayletleaf="0"/>
  <largest-consumer threadName="main" threadId="0000000001AE6700" bytes="27171256" />
</allocation-stats>
<gc-op id="4973" type="copy forward" timems="3.881" contextid="4970" timestamp="2019-06-16T00:38:04.391">
  <memory-copied type="eden" objects="1" bytes="24" bytesdiscarded="0" />
  <memory-copied type="other" objects="60" bytes="1368" bytesdiscarded="1024" />
  <memory-cardclean objects="85" bytes="2184" />
  <regions eden="26" other="4" />
  <remembered-set-cleared processed="11" cleared="4" durationms="0.143" />
  <stringconstants candidates="13269" cleared="0"  />
</gc-op>
<gc-op id="4974" type="classunload" timems="0.004" contextid="4970" timestamp="2019-06-16T00:38:04.391">
  <classunload-info classloadercandidates="53" classloadersunloaded="0" classesunloaded="0" anonymousclassesunloaded="0" quiescems="0.000" setupms="0.004" scanms="0.000" postms="0.000" />
</gc-op>
<heap-resize id="4975" type="contract" space="default" amount="4194304" count="1" timems="0.208" reason="excess free space following gc" timestamp="2019-06-16T00:38:04.391" />
<gc-end id="4976" type="partial gc" contextid="4970" durationms="5.843" usertimems="4.000" systemtimems="4.000" timestamp="2019-06-16T00:38:04.391" activeThreads="4">
  <mem-info id="4977" free="47185920" total="76546048" percent="61">
    <mem type="eden" free="1048552" total="1048576" percent="99" />
    <remembered-set count="1120" freebytes="3218432" totalbytes="3222912" percent="99" regionsoverflowed="0" regionsstable="18" regionsrebuilding="0"/>
  </mem-info>
</gc-end>
<cycle-end id="4978" type="partial gc" contextid="4970" timestamp="2019-06-16T00:38:04.391" />
  <attribute name="elasticGC enabled" value="1" />
  <attribute name= "numThreadsSpecified" value="4" />
  <attribute name="heapSize specified" value="0" />
  <attribute name="Current GC Util" value="107" />
  <attribute name= "Current Time Running" value="23437" />
  <attribute name ="GC Interval" value="0" />
  <attribute name="ProportionalT" value="130.500000" />
  <attribute name="ProportionalI" value="130.500000" />
  <attribute name="ProportionalH" value="130.500000" />
  <attribute name="Current Error" value="87.000000" />
  <attribute name="IntegralT" value="87.000000" />
  <attribute name="IntegralI" value="87.000000" />
  <attribute name="IntegralH" value="87.000000" />
  <attribute name="DerivativeT" value="20.000000" />
  <attribute name="DerivativeI" value="20.000000" />
  <attribute name="DerivativeH" value="20.000000" />
  <attribute name="Loop Time for DT" value="1.000000" />
  <attribute name="Output H" value="8388608"/>
  <attribute name="Output I" value="240"/>
  <attribute name="Output T" value="4"/>
  <attribute name="Target GC Util Change" value ="20.000000" />
  <attribute name="Current GC Util Change" value="107.000000"/>
  <attribute name="GC Util currently" value="107" />
  <attribute name="CPU Util currently" value="6379600975927" />
<exclusive-end id="4979" timestamp="2019-06-16T00:38:04.392" durationms="6.943" />

<exclusive-start id="4980" timestamp="2019-06-16T00:38:04.399" intervalms="14.625">
  <response-info timems="0.062" idlems="0.062" threads="0" lastid="0000000001AE6700" lastname="main" />
</exclusive-start>
<allocation-taxation id="4981" taxation-threshold="26214400" timestamp="2019-06-16T00:38:04.400" intervalms="14.631" />
<cycle-start id="4982" type="partial gc" contextid="0" timestamp="2019-06-16T00:38:04.400" intervalms="14.652" />
<gc-start id="4983" type="partial gc" contextid="4982" timestamp="2019-06-16T00:38:04.400">
  <mem-info id="4984" free="20971520" total="76546048" percent="27">
    <mem type="eden" free="1048552" total="27262976" percent="3" />
    <remembered-set count="800" freebytes="3219712" totalbytes="3222912" percent="99" regionsoverflowed="0" regionsstable="18" regionsrebuilding="0"/>
  </mem-info>
</gc-start>
<allocation-stats totalBytes="26126112" >
  <allocated-bytes non-tlh="0" tlh="26126112" arrayletleaf="0"/>
  <largest-consumer threadName="main" threadId="0000000001AE6700" bytes="26126112" />
</allocation-stats>
<gc-op id="4985" type="copy forward" timems="2.461" contextid="4982" timestamp="2019-06-16T00:38:04.404">
  <memory-copied type="eden" objects="1" bytes="24" bytesdiscarded="0" />
  <memory-copied type="other" objects="0" bytes="0" bytesdiscarded="0" />
  <memory-cardclean objects="10" bytes="224" />
  <regions eden="25" other="1" />
  <remembered-set-cleared processed="22" cleared="0" durationms="0.146" />
  <stringconstants candidates="13269" cleared="0"  />
</gc-op>
<gc-op id="4986" type="classunload" timems="0.003" contextid="4982" timestamp="2019-06-16T00:38:04.404">
  <classunload-info classloadercandidates="53" classloadersunloaded="0" classesunloaded="0" anonymousclassesunloaded="0" quiescems="0.000" setupms="0.003" scanms="0.000" postms="0.000" />
</gc-op>
<heap-resize id="4987" type="contract" space="default" amount="1048576" count="1" timems="0.147" reason="excess free space following gc" timestamp="2019-06-16T00:38:04.404" />
<gc-end id="4988" type="partial gc" contextid="4982" durationms="4.258" usertimems="8.000" systemtimems="0.000" timestamp="2019-06-16T00:38:04.404" activeThreads="4">
  <mem-info id="4989" free="46137344" total="75497472" percent="61">
    <mem type="eden" free="1048552" total="1048576" percent="99" />
    <remembered-set count="896" freebytes="3051904" totalbytes="3055488" percent="99" regionsoverflowed="0" regionsstable="18" regionsrebuilding="0"/>
  </mem-info>
</gc-end>
<cycle-end id="4990" type="partial gc" contextid="4982" timestamp="2019-06-16T00:38:04.404" />
  <attribute name="elasticGC enabled" value="1" />
  <attribute name= "numThreadsSpecified" value="4" />
  <attribute name="heapSize specified" value="0" />
  <attribute name="Current GC Util" value="109" />
  <attribute name= "Current Time Running" value="23452" />
  <attribute name ="GC Interval" value="0" />
  <attribute name="ProportionalT" value="133.500000" />
  <attribute name="ProportionalI" value="133.500000" />
  <attribute name="ProportionalH" value="133.500000" />
  <attribute name="Current Error" value="89.000000" />
  <attribute name="IntegralT" value="89.000000" />
  <attribute name="IntegralI" value="89.000000" />
  <attribute name="IntegralH" value="89.000000" />
  <attribute name="DerivativeT" value="19.000000" />
  <attribute name="DerivativeI" value="19.000000" />
  <attribute name="DerivativeH" value="19.000000" />
  <attribute name="Loop Time for DT" value="1.000000" />
  <attribute name="Output H" value="8388608"/>
  <attribute name="Output I" value="248"/>
  <attribute name="Output T" value="4"/>
  <attribute name="Target GC Util Change" value ="20.000000" />
  <attribute name="Current GC Util Change" value="109.000000"/>
  <attribute name="GC Util currently" value="109" />
  <attribute name="CPU Util currently" value="6790989035624" />
<exclusive-end id="4991" timestamp="2019-06-16T00:38:04.405" durationms="5.360" />

<exclusive-start id="4992" timestamp="2019-06-16T00:38:04.409" intervalms="9.170">
  <response-info timems="0.054" idlems="0.054" threads="0" lastid="0000000001AE6700" lastname="main" />
</exclusive-start>
<allocation-taxation id="4993" taxation-threshold="12582912" timestamp="2019-06-16T00:38:04.409" intervalms="9.166" />
<cycle-start id="4994" type="global mark phase" contextid="0" timestamp="2019-06-16T00:38:04.409" intervalms="492.660" />
<gc-start id="4995" type="global mark phase" contextid="4994" timestamp="2019-06-16T00:38:04.409">
  <mem-info id="4996" free="33554432" total="75497472" percent="44">
    <remembered-set count="416" freebytes="3053824" totalbytes="3055488" percent="99" regionsoverflowed="0" regionsstable="18" regionsrebuilding="0"/>
  </mem-info>
</gc-start>
<gc-op id="4997" type="mark increment" timems="1.200" contextid="4994" timestamp="2019-06-16T00:38:04.410">
  <trace-info objectcount="171" scancount="0" scanbytes="0" />
</gc-op>
<gc-end id="4998" type="global mark phase" contextid="4994" durationms="1.475" usertimems="4.000" systemtimems="0.000" timestamp="2019-06-16T00:38:04.411" activeThreads="1">
  <mem-info id="4999" free="33554432" total="75497472" percent="44">
    <remembered-set count="416" freebytes="3053824" totalbytes="3055488" percent="99" regionsoverflowed="0" regionsstable="0" regionsrebuilding="18"/>
  </mem-info>
</gc-end>
<concurrent-start id="5000" type="GMP work packet processing" contextid="4994" timestamp="2019-06-16T00:38:04.411">
  <concurrent-mark-start scanTarget="1048576" />
</concurrent-start>
<exclusive-end id="5001" timestamp="2019-06-16T00:38:04.411" durationms="2.182" />

<concurrent-end id="5002" type="GMP work packet processing" contextid="4994" timestamp="2019-06-16T00:38:04.413">
  <concurrent-mark-end bytesScanned="1129816" reasonForTermination="Work target met" />
</concurrent-end>

<exclusive-start id="5003" timestamp="2019-06-16T00:38:04.415" intervalms="6.117">
  <response-info timems="0.056" idlems="0.056" threads="0" lastid="0000000001AE6700" lastname="main" />
</exclusive-start>
<allocation-taxation id="5004" taxation-threshold="12582912" timestamp="2019-06-16T00:38:04.415" intervalms="6.055" />
<cycle-start id="5005" type="partial gc" contextid="0" timestamp="2019-06-16T00:38:04.415" intervalms="15.156" />
<gc-start id="5006" type="partial gc" contextid="5005" timestamp="2019-06-16T00:38:04.415">
  <mem-info id="5007" free="20971520" total="75497472" percent="27">
    <mem type="eden" free="1048552" total="26214400" percent="3" />
    <remembered-set count="13536" freebytes="3001344" totalbytes="3055488" percent="98" regionsoverflowed="0" regionsstable="0" regionsrebuilding="18"/>
  </mem-info>
</gc-start>
<allocation-stats totalBytes="25080968" >
  <allocated-bytes non-tlh="0" tlh="25080968" arrayletleaf="0"/>
  <largest-consumer threadName="main" threadId="0000000001AE6700" bytes="12541728" />
</allocation-stats>
<gc-op id="5008" type="copy forward" timems="1.760" contextid="5005" timestamp="2019-06-16T00:38:04.418">
  <memory-copied type="eden" objects="1" bytes="24" bytesdiscarded="0" />
  <memory-copied type="other" objects="0" bytes="0" bytesdiscarded="0" />
  <memory-cardclean objects="2744" bytes="113520" />
  <regions eden="24" other="1" />
  <remembered-set-cleared processed="11434" cleared="1314" durationms="0.156" />
  <stringconstants candidates="13269" cleared="0"  />
</gc-op>
<gc-op id="5009" type="classunload" timems="0.004" contextid="5005" timestamp="2019-06-16T00:38:04.418">
  <classunload-info classloadercandidates="53" classloadersunloaded="0" classesunloaded="0" anonymousclassesunloaded="0" quiescems="0.000" setupms="0.004" scanms="0.000" postms="0.000" />
</gc-op>
<gc-end id="5010" type="partial gc" contextid="5005" durationms="3.003" usertimems="4.000" systemtimems="0.000" timestamp="2019-06-16T00:38:04.418" activeThreads="4">
  <mem-info id="5011" free="46137344" total="75497472" percent="61">
    <mem type="eden" free="1048552" total="1048576" percent="99" />
    <remembered-set count="13152" freebytes="2961024" totalbytes="3013632" percent="98" regionsoverflowed="0" regionsstable="0" regionsrebuilding="18"/>
  </mem-info>
</gc-end>
<cycle-end id="5012" type="partial gc" contextid="5005" timestamp="2019-06-16T00:38:04.418" />
  <attribute name="elasticGC enabled" value="1" />
  <attribute name= "numThreadsSpecified" value="4" />
  <attribute name="heapSize specified" value="0" />
  <attribute name="Current GC Util" value="28" />
  <attribute name= "Current Time Running" value="23467" />
  <attribute name ="GC Interval" value="0" />
  <attribute name="ProportionalT" value="12.000000" />
  <attribute name="ProportionalI" value="12.000000" />
  <attribute name="ProportionalH" value="12.000000" />
  <attribute name="Current Error" value="8.000000" />
  <attribute name="IntegralT" value="8.000000" />
  <attribute name="IntegralI" value="8.000000" />
  <attribute name="IntegralH" value="8.000000" />
  <attribute name="DerivativeT" value="-48.500000" />
  <attribute name="DerivativeI" value="-48.500000" />
  <attribute name="DerivativeH" value="-48.500000" />
  <attribute name="Loop Time for DT" value="1.000000" />
  <attribute name="Output H" value="2091843584"/>
  <attribute name="Output I" value="200"/>
  <attribute name="Output T" value="4"/>
  <attribute name="Target GC Util Change" value ="20.000000" />
  <attribute name="Current GC Util Change" value="28.000000"/>
  <attribute name="GC Util currently" value="28" />
  <attribute name="CPU Util currently" value="10191255857511" />
<exclusive-end id="5013" timestamp="2019-06-16T00:38:04.418" durationms="3.818" />

<exclusive-start id="5014" timestamp="2019-06-16T00:38:04.422" intervalms="7.692">
  <response-info timems="0.071" idlems="0.071" threads="0" lastid="0000000001AE6700" lastname="main" />
</exclusive-start>
<allocation-taxation id="5015" taxation-threshold="12582912" timestamp="2019-06-16T00:38:04.423" intervalms="7.691" />
<gc-start id="5016" type="global mark phase" contextid="4994" timestamp="2019-06-16T00:38:04.423">
  <mem-info id="5017" free="33554432" total="75497472" percent="44">
    <remembered-set count="12896" freebytes="2962048" totalbytes="3013632" percent="98" regionsoverflowed="0" regionsstable="0" regionsrebuilding="18"/>
  </mem-info>
</gc-start>
<gc-end id="5018" type="global mark phase" contextid="4994" durationms="0.116" usertimems="0.000" systemtimems="0.000" timestamp="2019-06-16T00:38:04.423" activeThreads="4">
  <mem-info id="5019" free="33554432" total="75497472" percent="44">
    <remembered-set count="12896" freebytes="2962048" totalbytes="3013632" percent="98" regionsoverflowed="0" regionsstable="0" regionsrebuilding="18"/>
  </mem-info>
</gc-end>
<concurrent-start id="5020" type="GMP work packet processing" contextid="4994" timestamp="2019-06-16T00:38:04.423">
  <concurrent-mark-start scanTarget="1048576" />
</concurrent-start>
<exclusive-end id="5021" timestamp="2019-06-16T00:38:04.423" durationms="0.729" />

<concurrent-end id="5022" type="GMP work packet processing" contextid="4994" timestamp="2019-06-16T00:38:04.425">
  <concurrent-mark-end bytesScanned="1160532" reasonForTermination="Work target met" />
</concurrent-end>

<exclusive-start id="5023" timestamp="2019-06-16T00:38:04.427" intervalms="4.561">
  <response-info timems="0.060" idlems="0.060" threads="0" lastid="0000000001AE6700" lastname="main" />
</exclusive-start>
<allocation-taxation id="5024" taxation-threshold="12582912" timestamp="2019-06-16T00:38:04.427" intervalms="4.560" />
<cycle-start id="5025" type="partial gc" contextid="0" timestamp="2019-06-16T00:38:04.427" intervalms="12.290" />
<gc-start id="5026" type="partial gc" contextid="5025" timestamp="2019-06-16T00:38:04.428">
  <mem-info id="5027" free="20971520" total="75497472" percent="27">
    <mem type="eden" free="1048552" total="26214400" percent="3" />
    <remembered-set count="25376" freebytes="2912128" totalbytes="3013632" percent="96" regionsoverflowed="0" regionsstable="0" regionsrebuilding="18"/>
  </mem-info>
</gc-start>
<allocation-stats totalBytes="25080968" >
  <allocated-bytes non-tlh="0" tlh="25080968" arrayletleaf="0"/>
  <largest-consumer threadName="main" threadId="0000000001AE6700" bytes="12541728" />
</allocation-stats>
<gc-op id="5028" type="copy forward" timems="1.983" contextid="5025" timestamp="2019-06-16T00:38:04.430">
  <memory-copied type="eden" objects="1" bytes="24" bytesdiscarded="0" />
  <memory-copied type="other" objects="0" bytes="0" bytesdiscarded="0" />
  <memory-cardclean objects="10" bytes="224" />
  <regions eden="24" other="1" />
  <remembered-set-cleared processed="23008" cleared="7" durationms="0.172" />
  <stringconstants candidates="13269" cleared="0"  />
</gc-op>
<gc-op id="5029" type="classunload" timems="0.004" contextid="5025" timestamp="2019-06-16T00:38:04.430">
  <classunload-info classloadercandidates="53" classloadersunloaded="0" classesunloaded="0" anonymousclassesunloaded="0" quiescems="0.000" setupms="0.004" scanms="0.000" postms="0.000" />
</gc-op>
<gc-end id="5030" type="partial gc" contextid="5025" durationms="2.993" usertimems="8.000" systemtimems="0.000" timestamp="2019-06-16T00:38:04.431" activeThreads="4">
  <mem-info id="5031" free="46137344" total="75497472" percent="61">
    <mem type="eden" free="1048552" total="1048576" percent="99" />
    <remembered-set count="24800" freebytes="2914432" totalbytes="3013632" percent="96" regionsoverflowed="0" regionsstable="0" regionsrebuilding="18"/>
  </mem-info>
</gc-end>
<cycle-end id="5032" type="partial gc" contextid="5025" timestamp="2019-06-16T00:38:04.431" />
  <attribute name="elasticGC enabled" value="1" />
  <attribute name= "numThreadsSpecified" value="4" />
  <attribute name="heapSize specified" value="0" />
  <attribute name="Current GC Util" value="56" />
  <attribute name= "Current Time Running" value="23479" />
  <attribute name ="GC Interval" value="0" />
  <attribute name="ProportionalT" value="54.000000" />
  <attribute name="ProportionalI" value="54.000000" />
  <attribute name="ProportionalH" value="54.000000" />
  <attribute name="Current Error" value="36.000000" />
  <attribute name="IntegralT" value="36.000000" />
  <attribute name="IntegralI" value="36.000000" />
  <attribute name="IntegralH" value="36.000000" />
  <attribute name="DerivativeT" value="-13.500000" />
  <attribute name="DerivativeI" value="-13.500000" />
  <attribute name="DerivativeH" value="-13.500000" />
  <attribute name="Loop Time for DT" value="1.000000" />
  <attribute name="Output H" value="8388608"/>
  <attribute name="Output I" value="200"/>
  <attribute name="Output T" value="4"/>
  <attribute name="Target GC Util Change" value ="20.000000" />
  <attribute name="Current GC Util Change" value="56.000000"/>
  <attribute name="GC Util currently" value="56" />
  <attribute name="CPU Util currently" value="19634221528596" />
<exclusive-end id="5033" timestamp="2019-06-16T00:38:04.431" durationms="3.905" />

<exclusive-start id="5034" timestamp="2019-06-16T00:38:04.435" intervalms="7.798">
  <response-info timems="0.059" idlems="0.059" threads="0" lastid="0000000001AE6700" lastname="main" />
</exclusive-start>
<allocation-taxation id="5035" taxation-threshold="12582912" timestamp="2019-06-16T00:38:04.435" intervalms="7.783" />
<gc-start id="5036" type="global mark phase" contextid="4994" timestamp="2019-06-16T00:38:04.435">
  <mem-info id="5037" free="33554432" total="75497472" percent="44">
    <remembered-set count="24800" freebytes="2914432" totalbytes="3013632" percent="96" regionsoverflowed="0" regionsstable="0" regionsrebuilding="18"/>
  </mem-info>
</gc-start>
<gc-end id="5038" type="global mark phase" contextid="4994" durationms="0.191" usertimems="0.000" systemtimems="0.000" timestamp="2019-06-16T00:38:04.435" activeThreads="4">
  <mem-info id="5039" free="33554432" total="75497472" percent="44">
    <remembered-set count="24800" freebytes="2914432" totalbytes="3013632" percent="96" regionsoverflowed="0" regionsstable="0" regionsrebuilding="18"/>
  </mem-info>
</gc-end>
<concurrent-start id="5040" type="GMP work packet processing" contextid="4994" timestamp="2019-06-16T00:38:04.435">
  <concurrent-mark-start scanTarget="1048576" />
</concurrent-start>
<exclusive-end id="5041" timestamp="2019-06-16T00:38:04.436" durationms="0.910" />

<concurrent-end id="5042" type="GMP work packet processing" contextid="4994" timestamp="2019-06-16T00:38:04.437">
  <concurrent-mark-end bytesScanned="1112812" reasonForTermination="Work target met" />
</concurrent-end>

<exclusive-start id="5043" timestamp="2019-06-16T00:38:04.439" intervalms="4.732">
  <response-info timems="0.028" idlems="0.028" threads="0" lastid="0000000001AE6700" lastname="main" />
</exclusive-start>
<allocation-taxation id="5044" taxation-threshold="12582912" timestamp="2019-06-16T00:38:04.440" intervalms="4.746" />
<cycle-start id="5045" type="partial gc" contextid="0" timestamp="2019-06-16T00:38:04.440" intervalms="12.491" />
<gc-start id="5046" type="partial gc" contextid="5045" timestamp="2019-06-16T00:38:04.440">
  <mem-info id="5047" free="20971520" total="75497472" percent="27">
    <mem type="eden" free="1048552" total="26214400" percent="3" />
    <remembered-set count="35104" freebytes="2873216" totalbytes="3013632" percent="95" regionsoverflowed="0" regionsstable="0" regionsrebuilding="18"/>
  </mem-info>
</gc-start>
<allocation-stats totalBytes="25080968" >
  <allocated-bytes non-tlh="0" tlh="25080968" arrayletleaf="0"/>
  <largest-consumer threadName="main" threadId="0000000001AE6700" bytes="12541728" />
</allocation-stats>
<gc-op id="5048" type="copy forward" timems="1.721" contextid="5045" timestamp="2019-06-16T00:38:04.442">
  <memory-copied type="eden" objects="1" bytes="24" bytesdiscarded="0" />
  <memory-copied type="other" objects="0" bytes="0" bytesdiscarded="0" />
  <memory-cardclean objects="10" bytes="224" />
  <regions eden="24" other="1" />
  <remembered-set-cleared processed="32811" cleared="8" durationms="0.171" />
  <stringconstants candidates="13269" cleared="0"  />
</gc-op>
<gc-op id="5049" type="classunload" timems="0.004" contextid="5045" timestamp="2019-06-16T00:38:04.442">
  <classunload-info classloadercandidates="53" classloadersunloaded="0" classesunloaded="0" anonymousclassesunloaded="0" quiescems="0.000" setupms="0.004" scanms="0.000" postms="0.000" />
</gc-op>
<gc-end id="5050" type="partial gc" contextid="5045" durationms="2.614" usertimems="0.000" systemtimems="0.000" timestamp="2019-06-16T00:38:04.443" activeThreads="4">
  <mem-info id="5051" free="46137344" total="75497472" percent="61">
    <mem type="eden" free="1048552" total="1048576" percent="99" />
    <remembered-set count="34624" freebytes="2875136" totalbytes="3013632" percent="95" regionsoverflowed="0" regionsstable="0" regionsrebuilding="18"/>
  </mem-info>
</gc-end>
<cycle-end id="5052" type="partial gc" contextid="5045" timestamp="2019-06-16T00:38:04.443" />
  <attribute name="elasticGC enabled" value="1" />
  <attribute name= "numThreadsSpecified" value="4" />
  <attribute name="heapSize specified" value="0" />
  <attribute name="Current GC Util" value="66" />
  <attribute name= "Current Time Running" value="23491" />
  <attribute name ="GC Interval" value="0" />
  <attribute name="ProportionalT" value="69.000000" />
  <attribute name="ProportionalI" value="69.000000" />
  <attribute name="ProportionalH" value="69.000000" />
  <attribute name="Current Error" value="46.000000" />
  <attribute name="IntegralT" value="0.000000" />
  <attribute name="IntegralI" value="0.000000" />
  <attribute name="IntegralH" value="0.000000" />
  <attribute name="DerivativeT" value="-inf" />
  <attribute name="DerivativeI" value="-inf" />
  <attribute name="DerivativeH" value="-inf" />
  <attribute name="Loop Time for DT" value="0.000000" />
  <attribute name="Output H" value="2091843584"/>
  <attribute name="Output I" value="200"/>
  <attribute name="Output T" value="4"/>
  <attribute name="Target GC Util Change" value ="20.000000" />
  <attribute name="Current GC Util Change" value="66.000000"/>
  <attribute name="GC Util currently" value="66" />
  <attribute name="CPU Util currently" value="28493052043704" />
<exclusive-end id="5053" timestamp="2019-06-16T00:38:04.443" durationms="3.373" />

<exclusive-start id="5054" timestamp="2019-06-16T00:38:04.447" intervalms="7.162">
  <response-info timems="0.026" idlems="0.026" threads="0" lastid="0000000001AE6700" lastname="main" />
</exclusive-start>
<allocation-taxation id="5055" taxation-threshold="12582912" timestamp="2019-06-16T00:38:04.447" intervalms="7.125" />
<gc-start id="5056" type="global mark phase" contextid="4994" timestamp="2019-06-16T00:38:04.447">
  <mem-info id="5057" free="33554432" total="75497472" percent="44">
    <remembered-set count="34144" freebytes="2877056" totalbytes="3013632" percent="95" regionsoverflowed="0" regionsstable="0" regionsrebuilding="18"/>
  </mem-info>
</gc-start>
<gc-end id="5058" type="global mark phase" contextid="4994" durationms="0.194" usertimems="0.000" systemtimems="0.000" timestamp="2019-06-16T00:38:04.447" activeThreads="4">
  <mem-info id="5059" free="33554432" total="75497472" percent="44">
    <remembered-set count="34144" freebytes="2877056" totalbytes="3013632" percent="95" regionsoverflowed="0" regionsstable="0" regionsrebuilding="18"/>
  </mem-info>
</gc-end>
<concurrent-start id="5060" type="GMP work packet processing" contextid="4994" timestamp="2019-06-16T00:38:04.447">
  <concurrent-mark-start scanTarget="1048576" />
</concurrent-start>
<exclusive-end id="5061" timestamp="2019-06-16T00:38:04.447" durationms="0.837" />

<concurrent-end id="5062" type="GMP work packet processing" contextid="4994" timestamp="2019-06-16T00:38:04.449">
  <concurrent-mark-end bytesScanned="1076104" reasonForTermination="Work target met" />
</concurrent-end>

<exclusive-start id="5063" timestamp="2019-06-16T00:38:04.451" intervalms="4.666">
  <response-info timems="0.056" idlems="0.056" threads="0" lastid="0000000001AE6700" lastname="main" />
</exclusive-start>
<allocation-taxation id="5064" taxation-threshold="12582912" timestamp="2019-06-16T00:38:04.451" intervalms="4.736" />
<cycle-start id="5065" type="partial gc" contextid="0" timestamp="2019-06-16T00:38:04.452" intervalms="11.883" />
<gc-start id="5066" type="partial gc" contextid="5065" timestamp="2019-06-16T00:38:04.452">
  <mem-info id="5067" free="20971520" total="75497472" percent="27">
    <mem type="eden" free="1048552" total="26214400" percent="3" />
    <remembered-set count="50016" freebytes="2813568" totalbytes="3013632" percent="93" regionsoverflowed="0" regionsstable="0" regionsrebuilding="18"/>
  </mem-info>
</gc-start>
<allocation-stats totalBytes="25080968" >
  <allocated-bytes non-tlh="0" tlh="25080968" arrayletleaf="0"/>
  <largest-consumer threadName="main" threadId="0000000001AE6700" bytes="12541728" />
</allocation-stats>
<gc-op id="5068" type="copy forward" timems="2.027" contextid="5065" timestamp="2019-06-16T00:38:04.454">
  <memory-copied type="eden" objects="1" bytes="24" bytesdiscarded="0" />
  <memory-copied type="other" objects="0" bytes="0" bytesdiscarded="0" />
  <memory-cardclean objects="10" bytes="224" />
  <regions eden="24" other="1" />
  <remembered-set-cleared processed="47783" cleared="6" durationms="0.222" />
  <stringconstants candidates="13269" cleared="0"  />
</gc-op>
<gc-op id="5069" type="classunload" timems="0.003" contextid="5065" timestamp="2019-06-16T00:38:04.455">
  <classunload-info classloadercandidates="53" classloadersunloaded="0" classesunloaded="0" anonymousclassesunloaded="0" quiescems="0.000" setupms="0.003" scanms="0.000" postms="0.000" />
</gc-op>
<gc-end id="5070" type="partial gc" contextid="5065" durationms="2.924" usertimems="8.000" systemtimems="0.000" timestamp="2019-06-16T00:38:04.455" activeThreads="4">
  <mem-info id="5071" free="46137344" total="75497472" percent="61">
    <mem type="eden" free="1048552" total="1048576" percent="99" />
    <remembered-set count="49696" freebytes="2814848" totalbytes="3013632" percent="93" regionsoverflowed="0" regionsstable="0" regionsrebuilding="18"/>
  </mem-info>
</gc-end>
<cycle-end id="5072" type="partial gc" contextid="5065" timestamp="2019-06-16T00:38:04.455" />
  <attribute name="elasticGC enabled" value="1" />
  <attribute name= "numThreadsSpecified" value="4" />
  <attribute name="heapSize specified" value="0" />
  <attribute name="Current GC Util" value="67" />
  <attribute name= "Current Time Running" value="23503" />
  <attribute name ="GC Interval" value="0" />
  <attribute name="ProportionalT" value="70.500000" />
  <attribute name="ProportionalI" value="70.500000" />
  <attribute name="ProportionalH" value="70.500000" />
  <attribute name="Current Error" value="47.000000" />
  <attribute name="IntegralT" value="0.000000" />
  <attribute name="IntegralI" value="0.000000" />
  <attribute name="IntegralH" value="0.000000" />
  <attribute name="DerivativeT" value="-inf" />
  <attribute name="DerivativeI" value="-inf" />
  <attribute name="DerivativeH" value="-inf" />
  <attribute name="Loop Time for DT" value="0.000000" />
  <attribute name="Output H" value="2091843584"/>
  <attribute name="Output I" value="200"/>
  <attribute name="Output T" value="4"/>
  <attribute name="Target GC Util Change" value ="20.000000" />
  <attribute name="Current GC Util Change" value="67.000000"/>
  <attribute name="GC Util currently" value="67" />
  <attribute name="CPU Util currently" value="28141829052026" />
<exclusive-end id="5073" timestamp="2019-06-16T00:38:04.455" durationms="3.861" />

<exclusive-start id="5074" timestamp="2019-06-16T00:38:04.459" intervalms="7.712">
  <response-info timems="0.068" idlems="0.068" threads="0" lastid="0000000001AE6700" lastname="main" />
</exclusive-start>
<allocation-taxation id="5075" taxation-threshold="12582912" timestamp="2019-06-16T00:38:04.459" intervalms="7.700" />
<gc-start id="5076" type="global mark phase" contextid="4994" timestamp="2019-06-16T00:38:04.459">
  <mem-info id="5077" free="33554432" total="75497472" percent="44">
    <remembered-set count="49216" freebytes="2816768" totalbytes="3013632" percent="93" regionsoverflowed="0" regionsstable="0" regionsrebuilding="18"/>
  </mem-info>
</gc-start>
<gc-end id="5078" type="global mark phase" contextid="4994" durationms="0.195" usertimems="0.000" systemtimems="0.000" timestamp="2019-06-16T00:38:04.460" activeThreads="4">
  <mem-info id="5079" free="33554432" total="75497472" percent="44">
    <remembered-set count="49216" freebytes="2816768" totalbytes="3013632" percent="93" regionsoverflowed="0" regionsstable="0" regionsrebuilding="18"/>
  </mem-info>
</gc-end>
<concurrent-start id="5080" type="GMP work packet processing" contextid="4994" timestamp="2019-06-16T00:38:04.460">
  <concurrent-mark-start scanTarget="1048576" />
</concurrent-start>
<exclusive-end id="5081" timestamp="2019-06-16T00:38:04.460" durationms="0.819" />

<concurrent-end id="5082" type="GMP work packet processing" contextid="4994" timestamp="2019-06-16T00:38:04.461">
  <concurrent-mark-end bytesScanned="1088864" reasonForTermination="Work target met" />
</concurrent-end>

<exclusive-start id="5083" timestamp="2019-06-16T00:38:04.464" intervalms="4.661">
  <response-info timems="0.053" idlems="0.053" threads="0" lastid="0000000001AE6700" lastname="main" />
</exclusive-start>
<allocation-taxation id="5084" taxation-threshold="12582912" timestamp="2019-06-16T00:38:04.464" intervalms="4.640" />
<cycle-start id="5085" type="partial gc" contextid="0" timestamp="2019-06-16T00:38:04.464" intervalms="12.364" />
<gc-start id="5086" type="partial gc" contextid="5085" timestamp="2019-06-16T00:38:04.464">
  <mem-info id="5087" free="20971520" total="75497472" percent="27">
    <mem type="eden" free="1048552" total="26214400" percent="3" />
    <remembered-set count="58976" freebytes="2777728" totalbytes="3013632" percent="92" regionsoverflowed="0" regionsstable="0" regionsrebuilding="18"/>
  </mem-info>
</gc-start>
<allocation-stats totalBytes="25080968" >
  <allocated-bytes non-tlh="0" tlh="25080968" arrayletleaf="0"/>
  <largest-consumer threadName="main" threadId="0000000001AE6700" bytes="12541728" />
</allocation-stats>
<gc-op id="5088" type="copy forward" timems="2.247" contextid="5085" timestamp="2019-06-16T00:38:04.467">
  <memory-copied type="eden" objects="1" bytes="24" bytesdiscarded="0" />
  <memory-copied type="other" objects="0" bytes="0" bytesdiscarded="0" />
  <memory-cardclean objects="10" bytes="224" />
  <regions eden="24" other="1" />
  <remembered-set-cleared processed="57130" cleared="6" durationms="0.283" />
  <stringconstants candidates="13269" cleared="0"  />
</gc-op>
<gc-op id="5089" type="classunload" timems="0.004" contextid="5085" timestamp="2019-06-16T00:38:04.467">
  <classunload-info classloadercandidates="53" classloadersunloaded="0" classesunloaded="0" anonymousclassesunloaded="0" quiescems="0.000" setupms="0.003" scanms="0.000" postms="0.000" />
</gc-op>
<gc-end id="5090" type="partial gc" contextid="5085" durationms="3.270" usertimems="8.000" systemtimems="0.000" timestamp="2019-06-16T00:38:04.467" activeThreads="4">
  <mem-info id="5091" free="46137344" total="75497472" percent="61">
    <mem type="eden" free="1048552" total="1048576" percent="99" />
    <remembered-set count="58912" freebytes="2777984" totalbytes="3013632" percent="92" regionsoverflowed="0" regionsstable="0" regionsrebuilding="18"/>
  </mem-info>
</gc-end>
<cycle-end id="5092" type="partial gc" contextid="5085" timestamp="2019-06-16T00:38:04.468" />
  <attribute name="elasticGC enabled" value="1" />
  <attribute name= "numThreadsSpecified" value="4" />
  <attribute name="heapSize specified" value="0" />
  <attribute name="Current GC Util" value="58" />
  <attribute name= "Current Time Running" value="23515" />
  <attribute name ="GC Interval" value="0" />
  <attribute name="ProportionalT" value="57.000000" />
  <attribute name="ProportionalI" value="57.000000" />
  <attribute name="ProportionalH" value="57.000000" />
  <attribute name="Current Error" value="38.000000" />
  <attribute name="IntegralT" value="0.000000" />
  <attribute name="IntegralI" value="0.000000" />
  <attribute name="IntegralH" value="0.000000" />
  <attribute name="DerivativeT" value="-inf" />
  <attribute name="DerivativeI" value="-inf" />
  <attribute name="DerivativeH" value="-inf" />
  <attribute name="Loop Time for DT" value="0.000000" />
  <attribute name="Output H" value="2091843584"/>
  <attribute name="Output I" value="200"/>
  <attribute name="Output T" value="4"/>
  <attribute name="Target GC Util Change" value ="20.000000" />
  <attribute name="Current GC Util Change" value="58.000000"/>
  <attribute name="GC Util currently" value="58" />
  <attribute name="CPU Util currently" value="20177576303473" />
<exclusive-end id="5093" timestamp="2019-06-16T00:38:04.468" durationms="4.112" />

<exclusive-start id="5094" timestamp="2019-06-16T00:38:04.472" intervalms="7.963">
  <response-info timems="0.055" idlems="0.055" threads="0" lastid="0000000001AE6700" lastname="main" />
</exclusive-start>
<allocation-taxation id="5095" taxation-threshold="12582912" timestamp="2019-06-16T00:38:04.472" intervalms="8.028" />
<gc-start id="5096" type="global mark phase" contextid="4994" timestamp="2019-06-16T00:38:04.472">
  <mem-info id="5097" free="33554432" total="75497472" percent="44">
    <remembered-set count="58432" freebytes="2779904" totalbytes="3013632" percent="92" regionsoverflowed="0" regionsstable="0" regionsrebuilding="18"/>
  </mem-info>
</gc-start>
<gc-end id="5098" type="global mark phase" contextid="4994" durationms="0.195" usertimems="0.000" systemtimems="0.000" timestamp="2019-06-16T00:38:04.472" activeThreads="4">
  <mem-info id="5099" free="33554432" total="75497472" percent="44">
    <remembered-set count="58432" freebytes="2779904" totalbytes="3013632" percent="92" regionsoverflowed="0" regionsstable="0" regionsrebuilding="18"/>
  </mem-info>
</gc-end>
<concurrent-start id="5100" type="GMP work packet processing" contextid="4994" timestamp="2019-06-16T00:38:04.472">
  <concurrent-mark-start scanTarget="1048576" />
</concurrent-start>
<exclusive-end id="5101" timestamp="2019-06-16T00:38:04.473" durationms="0.951" />

<concurrent-end id="5102" type="GMP work packet processing" contextid="4994" timestamp="2019-06-16T00:38:04.474">
  <concurrent-mark-end bytesScanned="1096868" reasonForTermination="Work target met" />
</concurrent-end>

<exclusive-start id="5103" timestamp="2019-06-16T00:38:04.476" intervalms="4.825">
  <response-info timems="0.055" idlems="0.055" threads="0" lastid="0000000001AE6700" lastname="main" />
</exclusive-start>
<allocation-taxation id="5104" taxation-threshold="12582912" timestamp="2019-06-16T00:38:04.477" intervalms="4.769" />
<cycle-start id="5105" type="partial gc" contextid="0" timestamp="2019-06-16T00:38:04.477" intervalms="12.713" />
<gc-start id="5106" type="partial gc" contextid="5105" timestamp="2019-06-16T00:38:04.477">
  <mem-info id="5107" free="20971520" total="75497472" percent="27">
    <mem type="eden" free="1048552" total="26214400" percent="3" />
    <remembered-set count="67680" freebytes="2742912" totalbytes="3013632" percent="91" regionsoverflowed="0" regionsstable="0" regionsrebuilding="18"/>
  </mem-info>
</gc-start>
<allocation-stats totalBytes="25080968" >
  <allocated-bytes non-tlh="0" tlh="25080968" arrayletleaf="0"/>
  <largest-consumer threadName="main" threadId="0000000001AE6700" bytes="12541728" />
</allocation-stats>
<gc-op id="5108" type="copy forward" timems="2.318" contextid="5105" timestamp="2019-06-16T00:38:04.480">
  <memory-copied type="eden" objects="1" bytes="24" bytesdiscarded="0" />
  <memory-copied type="other" objects="0" bytes="0" bytesdiscarded="0" />
  <memory-cardclean objects="10" bytes="224" />
  <regions eden="24" other="1" />
  <remembered-set-cleared processed="65351" cleared="10" durationms="0.514" />
  <stringconstants candidates="13269" cleared="0"  />
</gc-op>
<gc-op id="5109" type="classunload" timems="0.004" contextid="5105" timestamp="2019-06-16T00:38:04.480">
  <classunload-info classloadercandidates="53" classloadersunloaded="0" classesunloaded="0" anonymousclassesunloaded="0" quiescems="0.000" setupms="0.004" scanms="0.000" postms="0.000" />
</gc-op>
<gc-end id="5110" type="partial gc" contextid="5105" durationms="3.363" usertimems="4.000" systemtimems="0.000" timestamp="2019-06-16T00:38:04.480" activeThreads="4">
  <mem-info id="5111" free="46137344" total="75497472" percent="61">
    <mem type="eden" free="1048552" total="1048576" percent="99" />
    <remembered-set count="67264" freebytes="2744576" totalbytes="3013632" percent="91" regionsoverflowed="0" regionsstable="0" regionsrebuilding="18"/>
  </mem-info>
</gc-end>
<cycle-end id="5112" type="partial gc" contextid="5105" timestamp="2019-06-16T00:38:04.480" />
  <attribute name="elasticGC enabled" value="1" />
  <attribute name= "numThreadsSpecified" value="4" />
  <attribute name="heapSize specified" value="0" />
  <attribute name="Current GC Util" value="58" />
  <attribute name= "Current Time Running" value="23528" />
  <attribute name ="GC Interval" value="0" />
  <attribute name="ProportionalT" value="57.000000" />
  <attribute name="ProportionalI" value="57.000000" />
  <attribute name="ProportionalH" value="57.000000" />
  <attribute name="Current Error" value="38.000000" />
  <attribute name="IntegralT" value="0.000000" />
  <attribute name="IntegralI" value="0.000000" />
  <attribute name="IntegralH" value="0.000000" />
  <attribute name="DerivativeT" value="-inf" />
  <attribute name="DerivativeI" value="-inf" />
  <attribute name="DerivativeH" value="-inf" />
  <attribute name="Loop Time for DT" value="0.000000" />
  <attribute name="Output H" value="2091843584"/>
  <attribute name="Output I" value="200"/>
  <attribute name="Output T" value="4"/>
  <attribute name="Target GC Util Change" value ="20.000000" />
  <attribute name="Current GC Util Change" value="58.000000"/>
  <attribute name="GC Util currently" value="58" />
  <attribute name="CPU Util currently" value="19742820486614" />
<exclusive-end id="5113" timestamp="2019-06-16T00:38:04.481" durationms="4.129" />

<exclusive-start id="5114" timestamp="2019-06-16T00:38:04.484" intervalms="7.985">
  <response-info timems="0.067" idlems="0.067" threads="0" lastid="0000000001AE6700" lastname="main" />
</exclusive-start>
<allocation-taxation id="5115" taxation-threshold="12582912" timestamp="2019-06-16T00:38:04.485" intervalms="8.032" />
<gc-start id="5116" type="global mark phase" contextid="4994" timestamp="2019-06-16T00:38:04.485">
  <mem-info id="5117" free="33554432" total="75497472" percent="44">
    <remembered-set count="66784" freebytes="2746496" totalbytes="3013632" percent="91" regionsoverflowed="0" regionsstable="0" regionsrebuilding="18"/>
  </mem-info>
</gc-start>
<gc-end id="5118" type="global mark phase" contextid="4994" durationms="0.194" usertimems="0.000" systemtimems="0.000" timestamp="2019-06-16T00:38:04.485" activeThreads="4">
  <mem-info id="5119" free="33554432" total="75497472" percent="44">
    <remembered-set count="66784" freebytes="2746496" totalbytes="3013632" percent="91" regionsoverflowed="0" regionsstable="0" regionsrebuilding="18"/>
  </mem-info>
</gc-end>
<concurrent-start id="5120" type="GMP work packet processing" contextid="4994" timestamp="2019-06-16T00:38:04.485">
  <concurrent-mark-start scanTarget="1048576" />
</concurrent-start>
<exclusive-end id="5121" timestamp="2019-06-16T00:38:04.485" durationms="0.867" />

<concurrent-end id="5122" type="GMP work packet processing" contextid="4994" timestamp="2019-06-16T00:38:04.486">
  <concurrent-mark-end bytesScanned="1093732" reasonForTermination="Work target met" />
</concurrent-end>

<exclusive-start id="5123" timestamp="2019-06-16T00:38:04.489" intervalms="4.612">
  <response-info timems="0.026" idlems="0.026" threads="0" lastid="0000000001AE6700" lastname="main" />
</exclusive-start>
<allocation-taxation id="5124" taxation-threshold="12582912" timestamp="2019-06-16T00:38:04.489" intervalms="4.519" />
<cycle-start id="5125" type="partial gc" contextid="0" timestamp="2019-06-16T00:38:04.489" intervalms="12.631" />
<gc-start id="5126" type="partial gc" contextid="5125" timestamp="2019-06-16T00:38:04.490">
  <mem-info id="5127" free="20971520" total="75497472" percent="27">
    <mem type="eden" free="1048552" total="26214400" percent="3" />
    <remembered-set count="78144" freebytes="2701056" totalbytes="3013632" percent="89" regionsoverflowed="0" regionsstable="0" regionsrebuilding="18"/>
  </mem-info>
</gc-start>
<allocation-stats totalBytes="25080968" >
  <allocated-bytes non-tlh="0" tlh="25080968" arrayletleaf="0"/>
  <largest-consumer threadName="main" threadId="0000000001AE6700" bytes="12541728" />
</allocation-stats>
<gc-op id="5128" type="copy forward" timems="2.317" contextid="5125" timestamp="2019-06-16T00:38:04.493">
  <memory-copied type="eden" objects="1" bytes="24" bytesdiscarded="0" />
  <memory-copied type="other" objects="0" bytes="0" bytesdiscarded="0" />
  <memory-cardclean objects="10" bytes="224" />
  <regions eden="24" other="1" />
  <remembered-set-cleared processed="75819" cleared="6" durationms="0.377" />
  <stringconstants candidates="13269" cleared="0"  />
</gc-op>
<gc-op id="5129" type="classunload" timems="0.004" contextid="5125" timestamp="2019-06-16T00:38:04.493">
  <classunload-info classloadercandidates="53" classloadersunloaded="0" classesunloaded="0" anonymousclassesunloaded="0" quiescems="0.000" setupms="0.003" scanms="0.000" postms="0.000" />
</gc-op>
<gc-end id="5130" type="partial gc" contextid="5125" durationms="3.311" usertimems="4.000" systemtimems="0.000" timestamp="2019-06-16T00:38:04.493" activeThreads="4">
  <mem-info id="5131" free="46137344" total="75497472" percent="61">
    <mem type="eden" free="1048552" total="1048576" percent="99" />
    <remembered-set count="77856" freebytes="2702208" totalbytes="3013632" percent="89" regionsoverflowed="0" regionsstable="0" regionsrebuilding="18"/>
  </mem-info>
</gc-end>
<cycle-end id="5132" type="partial gc" contextid="5125" timestamp="2019-06-16T00:38:04.493" />
  <attribute name="elasticGC enabled" value="1" />
  <attribute name= "numThreadsSpecified" value="4" />
  <attribute name="heapSize specified" value="0" />
  <attribute name="Current GC Util" value="56" />
  <attribute name= "Current Time Running" value="23541" />
  <attribute name ="GC Interval" value="0" />
  <attribute name="ProportionalT" value="54.000000" />
  <attribute name="ProportionalI" value="54.000000" />
  <attribute name="ProportionalH" value="54.000000" />
  <attribute name="Current Error" value="36.000000" />
  <attribute name="IntegralT" value="0.000000" />
  <attribute name="IntegralI" value="0.000000" />
  <attribute name="IntegralH" value="0.000000" />
  <attribute name="DerivativeT" value="-inf" />
  <attribute name="DerivativeI" value="-inf" />
  <attribute name="DerivativeH" value="-inf" />
  <attribute name="Loop Time for DT" value="0.000000" />
  <attribute name="Output H" value="2091843584"/>
  <attribute name="Output I" value="200"/>
  <attribute name="Output T" value="4"/>
  <attribute name="Target GC Util Change" value ="20.000000" />
  <attribute name="Current GC Util Change" value="56.000000"/>
  <attribute name="GC Util currently" value="56" />
  <attribute name="CPU Util currently" value="19713114266952" />
<exclusive-end id="5133" timestamp="2019-06-16T00:38:04.493" durationms="4.241" />

<exclusive-start id="5134" timestamp="2019-06-16T00:38:04.497" intervalms="8.164">
  <response-info timems="0.068" idlems="0.068" threads="0" lastid="0000000001AE6700" lastname="main" />
</exclusive-start>
<allocation-taxation id="5135" taxation-threshold="12582912" timestamp="2019-06-16T00:38:04.497" intervalms="8.211" />
<gc-start id="5136" type="global mark phase" contextid="4994" timestamp="2019-06-16T00:38:04.498">
  <mem-info id="5137" free="33554432" total="75497472" percent="44">
    <remembered-set count="77856" freebytes="2702208" totalbytes="3013632" percent="89" regionsoverflowed="0" regionsstable="0" regionsrebuilding="18"/>
  </mem-info>
</gc-start>
<gc-end id="5138" type="global mark phase" contextid="4994" durationms="0.203" usertimems="0.000" systemtimems="0.000" timestamp="2019-06-16T00:38:04.498" activeThreads="4">
  <mem-info id="5139" free="33554432" total="75497472" percent="44">
    <remembered-set count="77856" freebytes="2702208" totalbytes="3013632" percent="89" regionsoverflowed="0" regionsstable="0" regionsrebuilding="18"/>
  </mem-info>
</gc-end>
<concurrent-start id="5140" type="GMP work packet processing" contextid="4994" timestamp="2019-06-16T00:38:04.498">
  <concurrent-mark-start scanTarget="1048576" />
</concurrent-start>
<exclusive-end id="5141" timestamp="2019-06-16T00:38:04.498" durationms="0.828" />

<concurrent-end id="5142" type="GMP work packet processing" contextid="4994" timestamp="2019-06-16T00:38:04.499">
  <concurrent-mark-end bytesScanned="1093976" reasonForTermination="Work target met" />
</concurrent-end>

<exclusive-start id="5143" timestamp="2019-06-16T00:38:04.502" intervalms="4.668">
  <response-info timems="0.055" idlems="0.055" threads="0" lastid="0000000001AE6700" lastname="main" />
</exclusive-start>
<allocation-taxation id="5144" taxation-threshold="12582912" timestamp="2019-06-16T00:38:04.502" intervalms="4.660" />
<cycle-start id="5145" type="partial gc" contextid="0" timestamp="2019-06-16T00:38:04.502" intervalms="12.828" />
<gc-start id="5146" type="partial gc" contextid="5145" timestamp="2019-06-16T00:38:04.502">
  <mem-info id="5147" free="20971520" total="75497472" percent="27">
    <mem type="eden" free="1048552" total="26214400" percent="3" />
    <remembered-set count="90880" freebytes="2650112" totalbytes="3013632" percent="87" regionsoverflowed="0" regionsstable="0" regionsrebuilding="18"/>
  </mem-info>
</gc-start>
<allocation-stats totalBytes="25080968" >
  <allocated-bytes non-tlh="0" tlh="25080968" arrayletleaf="0"/>
  <largest-consumer threadName="main" threadId="0000000001AE6700" bytes="12541728" />
</allocation-stats>
<gc-op id="5148" type="copy forward" timems="2.372" contextid="5145" timestamp="2019-06-16T00:38:04.505">
  <memory-copied type="eden" objects="1" bytes="24" bytesdiscarded="0" />
  <memory-copied type="other" objects="0" bytes="0" bytesdiscarded="0" />
  <memory-cardclean objects="10" bytes="224" />
  <regions eden="24" other="1" />
  <remembered-set-cleared processed="88690" cleared="6" durationms="0.444" />
  <stringconstants candidates="13269" cleared="0"  />
</gc-op>
<gc-op id="5149" type="classunload" timems="0.004" contextid="5145" timestamp="2019-06-16T00:38:04.506">
  <classunload-info classloadercandidates="53" classloadersunloaded="0" classesunloaded="0" anonymousclassesunloaded="0" quiescems="0.000" setupms="0.004" scanms="0.000" postms="0.000" />
</gc-op>
<gc-end id="5150" type="partial gc" contextid="5145" durationms="3.354" usertimems="4.000" systemtimems="4.000" timestamp="2019-06-16T00:38:04.506" activeThreads="4">
  <mem-info id="5151" free="46137344" total="75497472" percent="61">
    <mem type="eden" free="1048552" total="1048576" percent="99" />
    <remembered-set count="90592" freebytes="2651264" totalbytes="3013632" percent="87" regionsoverflowed="0" regionsstable="0" regionsrebuilding="18"/>
  </mem-info>
</gc-end>
<cycle-end id="5152" type="partial gc" contextid="5145" timestamp="2019-06-16T00:38:04.506" />
  <attribute name="elasticGC enabled" value="1" />
  <attribute name= "numThreadsSpecified" value="4" />
  <attribute name="heapSize specified" value="0" />
  <attribute name="Current GC Util" value="55" />
  <attribute name= "Current Time Running" value="23554" />
  <attribute name ="GC Interval" value="0" />
  <attribute name="ProportionalT" value="52.500000" />
  <attribute name="ProportionalI" value="52.500000" />
  <attribute name="ProportionalH" value="52.500000" />
  <attribute name="Current Error" value="35.000000" />
  <attribute name="IntegralT" value="35.000000" />
  <attribute name="IntegralI" value="35.000000" />
  <attribute name="IntegralH" value="35.000000" />
  <attribute name="DerivativeT" value="-7.500000" />
  <attribute name="DerivativeI" value="-7.500000" />
  <attribute name="DerivativeH" value="-7.500000" />
  <attribute name="Loop Time for DT" value="1.000000" />
  <attribute name="Output H" value="8388608"/>
  <attribute name="Output I" value="200"/>
  <attribute name="Output T" value="4"/>
  <attribute name="Target GC Util Change" value ="20.000000" />
  <attribute name="Current GC Util Change" value="55.000000"/>
  <attribute name="GC Util currently" value="55" />
  <attribute name="CPU Util currently" value="19700230042709" />
<exclusive-end id="5153" timestamp="2019-06-16T00:38:04.506" durationms="4.320" />

<exclusive-start id="5154" timestamp="2019-06-16T00:38:04.510" intervalms="8.196">
  <response-info timems="0.068" idlems="0.068" threads="0" lastid="0000000001AE6700" lastname="main" />
</exclusive-start>
<allocation-taxation id="5155" taxation-threshold="12582912" timestamp="2019-06-16T00:38:04.510" intervalms="8.232" />
<gc-start id="5156" type="global mark phase" contextid="4994" timestamp="2019-06-16T00:38:04.510">
  <mem-info id="5157" free="33554432" total="75497472" percent="44">
    <remembered-set count="90112" freebytes="2653184" totalbytes="3013632" percent="88" regionsoverflowed="0" regionsstable="0" regionsrebuilding="18"/>
  </mem-info>
</gc-start>
<gc-end id="5158" type="global mark phase" contextid="4994" durationms="0.167" usertimems="0.000" systemtimems="0.000" timestamp="2019-06-16T00:38:04.511" activeThreads="4">
  <mem-info id="5159" free="33554432" total="75497472" percent="44">
    <remembered-set count="90112" freebytes="2653184" totalbytes="3013632" percent="88" regionsoverflowed="0" regionsstable="0" regionsrebuilding="18"/>
  </mem-info>
</gc-end>
<concurrent-start id="5160" type="GMP work packet processing" contextid="4994" timestamp="2019-06-16T00:38:04.511">
  <concurrent-mark-start scanTarget="1048576" />
</concurrent-start>
<exclusive-end id="5161" timestamp="2019-06-16T00:38:04.511" durationms="0.832" />

<concurrent-end id="5162" type="GMP work packet processing" contextid="4994" timestamp="2019-06-16T00:38:04.512">
  <concurrent-mark-end bytesScanned="1098540" reasonForTermination="Work target met" />
</concurrent-end>

<exclusive-start id="5163" timestamp="2019-06-16T00:38:04.515" intervalms="4.631">
  <response-info timems="0.026" idlems="0.026" threads="0" lastid="0000000001AE6700" lastname="main" />
</exclusive-start>
<allocation-taxation id="5164" taxation-threshold="12582912" timestamp="2019-06-16T00:38:04.515" intervalms="4.604" />
<cycle-start id="5165" type="partial gc" contextid="0" timestamp="2019-06-16T00:38:04.515" intervalms="12.861" />
<gc-start id="5166" type="partial gc" contextid="5165" timestamp="2019-06-16T00:38:04.515">
  <mem-info id="5167" free="20971520" total="75497472" percent="27">
    <mem type="eden" free="1048552" total="26214400" percent="3" />
    <remembered-set count="105984" freebytes="2589696" totalbytes="3013632" percent="85" regionsoverflowed="0" regionsstable="0" regionsrebuilding="18"/>
  </mem-info>
</gc-start>
<allocation-stats totalBytes="25080968" >
  <allocated-bytes non-tlh="0" tlh="25080968" arrayletleaf="0"/>
  <largest-consumer threadName="main" threadId="0000000001AE6700" bytes="12541728" />
</allocation-stats>
<gc-op id="5168" type="copy forward" timems="2.397" contextid="5165" timestamp="2019-06-16T00:38:04.518">
  <memory-copied type="eden" objects="1" bytes="24" bytesdiscarded="0" />
  <memory-copied type="other" objects="0" bytes="0" bytesdiscarded="0" />
  <memory-cardclean objects="10" bytes="224" />
  <regions eden="24" other="1" />
  <remembered-set-cleared processed="103418" cleared="6" durationms="0.448" />
  <stringconstants candidates="13269" cleared="0"  />
</gc-op>
<gc-op id="5169" type="classunload" timems="0.004" contextid="5165" timestamp="2019-06-16T00:38:04.519">
  <classunload-info classloadercandidates="53" classloadersunloaded="0" classesunloaded="0" anonymousclassesunloaded="0" quiescems="0.000" setupms="0.004" scanms="0.000" postms="0.000" />
</gc-op>
<gc-end id="5170" type="partial gc" contextid="5165" durationms="3.411" usertimems="4.000" systemtimems="0.000" timestamp="2019-06-16T00:38:04.519" activeThreads="4">
  <mem-info id="5171" free="46137344" total="75497472" percent="61">
    <mem type="eden" free="1048552" total="1048576" percent="99" />
    <remembered-set count="105344" freebytes="2592256" totalbytes="3013632" percent="86" regionsoverflowed="0" regionsstable="0" regionsrebuilding="18"/>
  </mem-info>
</gc-end>
<cycle-end id="5172" type="partial gc" contextid="5165" timestamp="2019-06-16T00:38:04.519" />
  <attribute name="elasticGC enabled" value="1" />
  <attribute name= "numThreadsSpecified" value="4" />
  <attribute name="heapSize specified" value="0" />
  <attribute name="Current GC Util" value="57" />
  <attribute name= "Current Time Running" value="23566" />
  <attribute name ="GC Interval" value="0" />
  <attribute name="ProportionalT" value="55.500000" />
  <attribute name="ProportionalI" value="55.500000" />
  <attribute name="ProportionalH" value="55.500000" />
  <attribute name="Current Error" value="37.000000" />
  <attribute name="IntegralT" value="0.000000" />
  <attribute name="IntegralI" value="0.000000" />
  <attribute name="IntegralH" value="0.000000" />
  <attribute name="DerivativeT" value="-inf" />
  <attribute name="DerivativeI" value="-inf" />
  <attribute name="DerivativeH" value="-inf" />
  <attribute name="Loop Time for DT" value="0.000000" />
  <attribute name="Output H" value="2091843584"/>
  <attribute name="Output I" value="200"/>
  <attribute name="Output T" value="4"/>
  <attribute name="Target GC Util Change" value ="20.000000" />
  <attribute name="Current GC Util Change" value="57.000000"/>
  <attribute name="GC Util currently" value="57" />
  <attribute name="CPU Util currently" value="20263308922963" />
<exclusive-end id="5173" timestamp="2019-06-16T00:38:04.519" durationms="4.421" />

<exclusive-start id="5174" timestamp="2019-06-16T00:38:04.523" intervalms="8.322">
  <response-info timems="0.055" idlems="0.055" threads="0" lastid="0000000001AE6700" lastname="main" />
</exclusive-start>
<allocation-taxation id="5175" taxation-threshold="12582912" timestamp="2019-06-16T00:38:04.523" intervalms="8.310" />
<gc-start id="5176" type="global mark phase" contextid="4994" timestamp="2019-06-16T00:38:04.523">
  <mem-info id="5177" free="33554432" total="75497472" percent="44">
    <remembered-set count="105344" freebytes="2592256" totalbytes="3013632" percent="86" regionsoverflowed="0" regionsstable="0" regionsrebuilding="18"/>
  </mem-info>
</gc-start>
<gc-end id="5178" type="global mark phase" contextid="4994" durationms="0.195" usertimems="0.000" systemtimems="0.000" timestamp="2019-06-16T00:38:04.524" activeThreads="4">
  <mem-info id="5179" free="33554432" total="75497472" percent="44">
    <remembered-set count="105344" freebytes="2592256" totalbytes="3013632" percent="86" regionsoverflowed="0" regionsstable="0" regionsrebuilding="18"/>
  </mem-info>
</gc-end>
<concurrent-start id="5180" type="GMP work packet processing" contextid="4994" timestamp="2019-06-16T00:38:04.524">
  <concurrent-mark-start scanTarget="1048576" />
</concurrent-start>
<exclusive-end id="5181" timestamp="2019-06-16T00:38:04.524" durationms="0.924" />

<concurrent-end id="5182" type="GMP work packet processing" contextid="4994" timestamp="2019-06-16T00:38:04.525">
  <concurrent-mark-end bytesScanned="1118860" reasonForTermination="Work target met" />
</concurrent-end>

<exclusive-start id="5183" timestamp="2019-06-16T00:38:04.528" intervalms="4.788">
  <response-info timems="0.044" idlems="0.044" threads="0" lastid="0000000001AE6700" lastname="main" />
</exclusive-start>
<allocation-taxation id="5184" taxation-threshold="12582912" timestamp="2019-06-16T00:38:04.528" intervalms="4.789" />
<cycle-start id="5185" type="partial gc" contextid="0" timestamp="2019-06-16T00:38:04.528" intervalms="13.098" />
<gc-start id="5186" type="partial gc" contextid="5185" timestamp="2019-06-16T00:38:04.528">
  <mem-info id="5187" free="20971520" total="75497472" percent="27">
    <mem type="eden" free="1048552" total="26214400" percent="3" />
    <remembered-set count="121120" freebytes="2529152" totalbytes="3013632" percent="83" regionsoverflowed="0" regionsstable="0" regionsrebuilding="18"/>
  </mem-info>
</gc-start>
<allocation-stats totalBytes="25080968" >
  <allocated-bytes non-tlh="0" tlh="25080968" arrayletleaf="0"/>
  <largest-consumer threadName="main" threadId="0000000001AE6700" bytes="12541728" />
</allocation-stats>
<gc-op id="5188" type="copy forward" timems="2.445" contextid="5185" timestamp="2019-06-16T00:38:04.532">
  <memory-copied type="eden" objects="1" bytes="24" bytesdiscarded="0" />
  <memory-copied type="other" objects="0" bytes="0" bytesdiscarded="0" />
  <memory-cardclean objects="10" bytes="224" />
  <regions eden="24" other="1" />
  <remembered-set-cleared processed="118720" cleared="6" durationms="0.508" />
  <stringconstants candidates="13269" cleared="0"  />
</gc-op>
<gc-op id="5189" type="classunload" timems="0.004" contextid="5185" timestamp="2019-06-16T00:38:04.532">
  <classunload-info classloadercandidates="53" classloadersunloaded="0" classesunloaded="0" anonymousclassesunloaded="0" quiescems="0.000" setupms="0.004" scanms="0.000" postms="0.000" />
</gc-op>
<gc-end id="5190" type="partial gc" contextid="5185" durationms="3.440" usertimems="0.000" systemtimems="4.000" timestamp="2019-06-16T00:38:04.532" activeThreads="4">
  <mem-info id="5191" free="46137344" total="75497472" percent="61">
    <mem type="eden" free="1048552" total="1048576" percent="99" />
    <remembered-set count="120672" freebytes="2530944" totalbytes="3013632" percent="83" regionsoverflowed="0" regionsstable="0" regionsrebuilding="18"/>
  </mem-info>
</gc-end>
<cycle-end id="5192" type="partial gc" contextid="5185" timestamp="2019-06-16T00:38:04.532" />
  <attribute name="elasticGC enabled" value="1" />
  <attribute name= "numThreadsSpecified" value="4" />
  <attribute name="heapSize specified" value="0" />
  <attribute name="Current GC Util" value="59" />
  <attribute name= "Current Time Running" value="23580" />
  <attribute name ="GC Interval" value="0" />
  <attribute name="ProportionalT" value="58.500000" />
  <attribute name="ProportionalI" value="58.500000" />
  <attribute name="ProportionalH" value="58.500000" />
  <attribute name="Current Error" value="39.000000" />
  <attribute name="IntegralT" value="39.000000" />
  <attribute name="IntegralI" value="39.000000" />
  <attribute name="IntegralH" value="39.000000" />
  <attribute name="DerivativeT" value="-5.500000" />
  <attribute name="DerivativeI" value="-5.500000" />
  <attribute name="DerivativeH" value="-5.500000" />
  <attribute name="Loop Time for DT" value="1.000000" />
  <attribute name="Output H" value="8388608"/>
  <attribute name="Output I" value="200"/>
  <attribute name="Output T" value="4"/>
  <attribute name="Target GC Util Change" value ="20.000000" />
  <attribute name="Current GC Util Change" value="59.000000"/>
  <attribute name="GC Util currently" value="59" />
  <attribute name="CPU Util currently" value="19748484936830" />
<exclusive-end id="5193" timestamp="2019-06-16T00:38:04.532" durationms="4.382" />

<exclusive-start id="5194" timestamp="2019-06-16T00:38:04.536" intervalms="8.310">
  <response-info timems="0.067" idlems="0.067" threads="0" lastid="0000000001AE6700" lastname="main" />
</exclusive-start>
<allocation-taxation id="5195" taxation-threshold="12582912" timestamp="2019-06-16T00:38:04.536" intervalms="8.334" />
<gc-start id="5196" type="global mark phase" contextid="4994" timestamp="2019-06-16T00:38:04.536">
  <mem-info id="5197" free="33554432" total="75497472" percent="44">
    <remembered-set count="120672" freebytes="2530944" totalbytes="3013632" percent="83" regionsoverflowed="0" regionsstable="0" regionsrebuilding="18"/>
  </mem-info>
</gc-start>
<gc-end id="5198" type="global mark phase" contextid="4994" durationms="0.194" usertimems="0.000" systemtimems="0.000" timestamp="2019-06-16T00:38:04.537" activeThreads="4">
  <mem-info id="5199" free="33554432" total="75497472" percent="44">
    <remembered-set count="120672" freebytes="2530944" totalbytes="3013632" percent="83" regionsoverflowed="0" regionsstable="0" regionsrebuilding="18"/>
  </mem-info>
</gc-end>
<concurrent-start id="5200" type="GMP work packet processing" contextid="4994" timestamp="2019-06-16T00:38:04.537">
  <concurrent-mark-start scanTarget="1048576" />
</concurrent-start>
<exclusive-end id="5201" timestamp="2019-06-16T00:38:04.537" durationms="0.824" />

<concurrent-end id="5202" type="GMP work packet processing" contextid="4994" timestamp="2019-06-16T00:38:04.538">
  <concurrent-mark-end bytesScanned="1101560" reasonForTermination="Work target met" />
</concurrent-end>

<exclusive-start id="5203" timestamp="2019-06-16T00:38:04.541" intervalms="4.630">
  <response-info timems="0.056" idlems="0.056" threads="0" lastid="0000000001AE6700" lastname="main" />
</exclusive-start>
<allocation-taxation id="5204" taxation-threshold="12582912" timestamp="2019-06-16T00:38:04.541" intervalms="4.625" />
<cycle-start id="5205" type="partial gc" contextid="0" timestamp="2019-06-16T00:38:04.541" intervalms="12.899" />
<gc-start id="5206" type="partial gc" contextid="5205" timestamp="2019-06-16T00:38:04.541">
  <mem-info id="5207" free="20971520" total="75497472" percent="27">
    <mem type="eden" free="1048552" total="26214400" percent="3" />
    <remembered-set count="128416" freebytes="2499968" totalbytes="3013632" percent="82" regionsoverflowed="0" regionsstable="0" regionsrebuilding="18"/>
  </mem-info>
</gc-start>
<allocation-stats totalBytes="25080968" >
  <allocated-bytes non-tlh="0" tlh="25080968" arrayletleaf="0"/>
  <largest-consumer threadName="main" threadId="0000000001AE6700" bytes="12541728" />
</allocation-stats>
<gc-op id="5208" type="copy forward" timems="1.806" contextid="5205" timestamp="2019-06-16T00:38:04.544">
  <memory-copied type="eden" objects="1" bytes="24" bytesdiscarded="0" />
  <memory-copied type="other" objects="0" bytes="0" bytesdiscarded="0" />
  <memory-cardclean objects="10" bytes="224" />
  <regions eden="24" other="1" />
  <remembered-set-cleared processed="126438" cleared="6" durationms="0.789" />
  <stringconstants candidates="13269" cleared="0"  />
</gc-op>
<gc-op id="5209" type="classunload" timems="0.004" contextid="5205" timestamp="2019-06-16T00:38:04.544">
  <classunload-info classloadercandidates="53" classloadersunloaded="0" classesunloaded="0" anonymousclassesunloaded="0" quiescems="0.000" setupms="0.004" scanms="0.000" postms="0.000" />
</gc-op>
<gc-end id="5210" type="partial gc" contextid="5205" durationms="2.924" usertimems="4.000" systemtimems="0.000" timestamp="2019-06-16T00:38:04.544" activeThreads="1">
  <mem-info id="5211" free="46137344" total="75497472" percent="61">
    <mem type="eden" free="1048552" total="1048576" percent="99" />
    <remembered-set count="128896" freebytes="2498048" totalbytes="3013632" percent="82" regionsoverflowed="0" regionsstable="0" regionsrebuilding="18"/>
  </mem-info>
</gc-end>
<cycle-end id="5212" type="partial gc" contextid="5205" timestamp="2019-06-16T00:38:04.544" />
  <attribute name="elasticGC enabled" value="1" />
  <attribute name= "numThreadsSpecified" value="1" />
  <attribute name="heapSize specified" value="0" />
  <attribute name="Current GC Util" value="91" />
  <attribute name= "Current Time Running" value="23592" />
  <attribute name ="GC Interval" value="0" />
  <attribute name="ProportionalT" value="106.500000" />
  <attribute name="ProportionalI" value="106.500000" />
  <attribute name="ProportionalH" value="106.500000" />
  <attribute name="Current Error" value="71.000000" />
  <attribute name="IntegralT" value="0.000000" />
  <attribute name="IntegralI" value="0.000000" />
  <attribute name="IntegralH" value="0.000000" />
  <attribute name="DerivativeT" value="inf" />
  <attribute name="DerivativeI" value="inf" />
  <attribute name="DerivativeH" value="inf" />
  <attribute name="Loop Time for DT" value="0.000000" />
  <attribute name="Output H" value="8388608"/>
  <attribute name="Output I" value="200"/>
  <attribute name="Output T" value="1"/>
  <attribute name="Target GC Util Change" value ="20.000000" />
  <attribute name="Current GC Util Change" value="91.000000"/>
  <attribute name="GC Util currently" value="91" />
  <attribute name="CPU Util currently" value="19618017946296" />
<exclusive-end id="5213" timestamp="2019-06-16T00:38:04.545" durationms="3.776" />

<exclusive-start id="5214" timestamp="2019-06-16T00:38:04.548" intervalms="7.658">
  <response-info timems="0.068" idlems="0.068" threads="0" lastid="0000000001AE6700" lastname="main" />
</exclusive-start>
<allocation-taxation id="5215" taxation-threshold="12582912" timestamp="2019-06-16T00:38:04.549" intervalms="7.689" />
<gc-start id="5216" type="global mark phase" contextid="4994" timestamp="2019-06-16T00:38:04.549">
  <mem-info id="5217" free="33554432" total="75497472" percent="44">
    <remembered-set count="128416" freebytes="2499968" totalbytes="3013632" percent="82" regionsoverflowed="0" regionsstable="0" regionsrebuilding="18"/>
  </mem-info>
</gc-start>
<gc-end id="5218" type="global mark phase" contextid="4994" durationms="0.196" usertimems="0.000" systemtimems="0.000" timestamp="2019-06-16T00:38:04.549" activeThreads="1">
  <mem-info id="5219" free="33554432" total="75497472" percent="44">
    <remembered-set count="128416" freebytes="2499968" totalbytes="3013632" percent="82" regionsoverflowed="0" regionsstable="0" regionsrebuilding="18"/>
  </mem-info>
</gc-end>
<concurrent-start id="5220" type="GMP work packet processing" contextid="4994" timestamp="2019-06-16T00:38:04.549">
  <concurrent-mark-start scanTarget="1048576" />
</concurrent-start>
<exclusive-end id="5221" timestamp="2019-06-16T00:38:04.549" durationms="0.899" />

<concurrent-end id="5222" type="GMP work packet processing" contextid="4994" timestamp="2019-06-16T00:38:04.550">
  <concurrent-mark-end bytesScanned="1073208" reasonForTermination="Work target met" />
</concurrent-end>

<exclusive-start id="5223" timestamp="2019-06-16T00:38:04.553" intervalms="4.706">
  <response-info timems="0.053" idlems="0.053" threads="0" lastid="0000000001AE6700" lastname="main" />
</exclusive-start>
<allocation-taxation id="5224" taxation-threshold="12582912" timestamp="2019-06-16T00:38:04.553" intervalms="4.622" />
<cycle-start id="5225" type="partial gc" contextid="0" timestamp="2019-06-16T00:38:04.553" intervalms="12.309" />
<gc-start id="5226" type="partial gc" contextid="5225" timestamp="2019-06-16T00:38:04.554">
  <mem-info id="5227" free="20971520" total="75497472" percent="27">
    <mem type="eden" free="1048552" total="26214400" percent="3" />
    <remembered-set count="134336" freebytes="2476288" totalbytes="3013632" percent="82" regionsoverflowed="0" regionsstable="0" regionsrebuilding="18"/>
  </mem-info>
</gc-start>
<allocation-stats totalBytes="25080968" >
  <allocated-bytes non-tlh="0" tlh="25080968" arrayletleaf="0"/>
  <largest-consumer threadName="main" threadId="0000000001AE6700" bytes="12541728" />
</allocation-stats>
<gc-op id="5228" type="copy forward" timems="2.007" contextid="5225" timestamp="2019-06-16T00:38:04.556">
  <memory-copied type="eden" objects="1" bytes="24" bytesdiscarded="0" />
  <memory-copied type="other" objects="0" bytes="0" bytesdiscarded="0" />
  <memory-cardclean objects="10" bytes="224" />
  <regions eden="24" other="1" />
  <remembered-set-cleared processed="132337" cleared="6" durationms="0.493" />
  <stringconstants candidates="13269" cleared="0"  />
</gc-op>
<gc-op id="5229" type="classunload" timems="0.004" contextid="5225" timestamp="2019-06-16T00:38:04.556">
  <classunload-info classloadercandidates="53" classloadersunloaded="0" classesunloaded="0" anonymousclassesunloaded="0" quiescems="0.000" setupms="0.004" scanms="0.000" postms="0.000" />
</gc-op>
<gc-end id="5230" type="partial gc" contextid="5225" durationms="3.018" usertimems="4.000" systemtimems="0.000" timestamp="2019-06-16T00:38:04.557" activeThreads="4">
  <mem-info id="5231" free="46137344" total="75497472" percent="61">
    <mem type="eden" free="1048552" total="1048576" percent="99" />
    <remembered-set count="134432" freebytes="2475904" totalbytes="3013632" percent="82" regionsoverflowed="0" regionsstable="0" regionsrebuilding="18"/>
  </mem-info>
</gc-end>
<cycle-end id="5232" type="partial gc" contextid="5225" timestamp="2019-06-16T00:38:04.557" />
  <attribute name="elasticGC enabled" value="1" />
  <attribute name= "numThreadsSpecified" value="4" />
  <attribute name="heapSize specified" value="0" />
  <attribute name="Current GC Util" value="54" />
  <attribute name= "Current Time Running" value="23605" />
  <attribute name ="GC Interval" value="0" />
  <attribute name="ProportionalT" value="51.000000" />
  <attribute name="ProportionalI" value="51.000000" />
  <attribute name="ProportionalH" value="51.000000" />
  <attribute name="Current Error" value="34.000000" />
  <attribute name="IntegralT" value="34.000000" />
  <attribute name="IntegralI" value="34.000000" />
  <attribute name="IntegralH" value="34.000000" />
  <attribute name="DerivativeT" value="9.500000" />
  <attribute name="DerivativeI" value="9.500000" />
  <attribute name="DerivativeH" value="9.500000" />
  <attribute name="Loop Time for DT" value="1.000000" />
  <attribute name="Output H" value="8388608"/>
  <attribute name="Output I" value="200"/>
  <attribute name="Output T" value="4"/>
  <attribute name="Target GC Util Change" value ="20.000000" />
  <attribute name="Current GC Util Change" value="54.000000"/>
  <attribute name="GC Util currently" value="54" />
  <attribute name="CPU Util currently" value="22768248426795" />
<exclusive-end id="5233" timestamp="2019-06-16T00:38:04.557" durationms="3.749" />

<exclusive-start id="5234" timestamp="2019-06-16T00:38:04.561" intervalms="7.620">
  <response-info timems="0.070" idlems="0.070" threads="0" lastid="0000000001AE6700" lastname="main" />
</exclusive-start>
<allocation-taxation id="5235" taxation-threshold="12582912" timestamp="2019-06-16T00:38:04.561" intervalms="7.721" />
<gc-start id="5236" type="global mark phase" contextid="4994" timestamp="2019-06-16T00:38:04.561">
  <mem-info id="5237" free="33554432" total="75497472" percent="44">
    <remembered-set count="133984" freebytes="2477696" totalbytes="3013632" percent="82" regionsoverflowed="0" regionsstable="0" regionsrebuilding="18"/>
  </mem-info>
</gc-start>
<gc-end id="5238" type="global mark phase" contextid="4994" durationms="0.192" usertimems="4.000" systemtimems="0.000" timestamp="2019-06-16T00:38:04.561" activeThreads="4">
  <mem-info id="5239" free="33554432" total="75497472" percent="44">
    <remembered-set count="133984" freebytes="2477696" totalbytes="3013632" percent="82" regionsoverflowed="0" regionsstable="0" regionsrebuilding="18"/>
  </mem-info>
</gc-end>
<concurrent-start id="5240" type="GMP work packet processing" contextid="4994" timestamp="2019-06-16T00:38:04.562">
  <concurrent-mark-start scanTarget="1048576" />
</concurrent-start>
<exclusive-end id="5241" timestamp="2019-06-16T00:38:04.562" durationms="0.990" />

<concurrent-end id="5242" type="GMP work packet processing" contextid="4994" timestamp="2019-06-16T00:38:04.562">
  <concurrent-mark-end bytesScanned="118224" reasonForTermination="Completed all work in GC phase" />
</concurrent-end>

<exclusive-start id="5243" timestamp="2019-06-16T00:38:04.566" intervalms="4.821">
  <response-info timems="0.056" idlems="0.056" threads="0" lastid="0000000001AE6700" lastname="main" />
</exclusive-start>
<allocation-taxation id="5244" taxation-threshold="12582912" timestamp="2019-06-16T00:38:04.566" intervalms="4.687" />
<cycle-start id="5245" type="partial gc" contextid="0" timestamp="2019-06-16T00:38:04.566" intervalms="12.409" />
<gc-start id="5246" type="partial gc" contextid="5245" timestamp="2019-06-16T00:38:04.566">
  <mem-info id="5247" free="20971520" total="75497472" percent="27">
    <mem type="eden" free="1048552" total="26214400" percent="3" />
    <remembered-set count="135136" freebytes="2473088" totalbytes="3013632" percent="82" regionsoverflowed="0" regionsstable="0" regionsrebuilding="18"/>
  </mem-info>
</gc-start>
<allocation-stats totalBytes="25080968" >
  <allocated-bytes non-tlh="0" tlh="25080968" arrayletleaf="0"/>
  <largest-consumer threadName="main" threadId="0000000001AE6700" bytes="12541728" />
</allocation-stats>
<gc-op id="5248" type="copy forward" timems="1.630" contextid="5245" timestamp="2019-06-16T00:38:04.568">
  <memory-copied type="eden" objects="1" bytes="24" bytesdiscarded="0" />
  <memory-copied type="other" objects="0" bytes="0" bytesdiscarded="0" />
  <memory-cardclean objects="10" bytes="224" />
  <regions eden="24" other="1" />
  <remembered-set-cleared processed="132750" cleared="6" durationms="0.804" />
  <stringconstants candidates="13269" cleared="0"  />
</gc-op>
<gc-op id="5249" type="classunload" timems="0.003" contextid="5245" timestamp="2019-06-16T00:38:04.568">
  <classunload-info classloadercandidates="53" classloadersunloaded="0" classesunloaded="0" anonymousclassesunloaded="0" quiescems="0.000" setupms="0.003" scanms="0.000" postms="0.000" />
</gc-op>
<gc-end id="5250" type="partial gc" contextid="5245" durationms="2.735" usertimems="0.000" systemtimems="0.000" timestamp="2019-06-16T00:38:04.569" activeThreads="1">
  <mem-info id="5251" free="46137344" total="75497472" percent="61">
    <mem type="eden" free="1048552" total="1048576" percent="99" />
    <remembered-set count="135584" freebytes="2471296" totalbytes="3013632" percent="82" regionsoverflowed="0" regionsstable="0" regionsrebuilding="18"/>
  </mem-info>
</gc-end>
<cycle-end id="5252" type="partial gc" contextid="5245" timestamp="2019-06-16T00:38:04.569" />
  <attribute name="elasticGC enabled" value="1" />
  <attribute name= "numThreadsSpecified" value="1" />
  <attribute name="heapSize specified" value="0" />
  <attribute name="Current GC Util" value="58" />
  <attribute name= "Current Time Running" value="23617" />
  <attribute name ="GC Interval" value="0" />
  <attribute name="ProportionalT" value="57.000000" />
  <attribute name="ProportionalI" value="57.000000" />
  <attribute name="ProportionalH" value="57.000000" />
  <attribute name="Current Error" value="38.000000" />
  <attribute name="IntegralT" value="0.000000" />
  <attribute name="IntegralI" value="0.000000" />
  <attribute name="IntegralH" value="0.000000" />
  <attribute name="DerivativeT" value="inf" />
  <attribute name="DerivativeI" value="inf" />
  <attribute name="DerivativeH" value="inf" />
  <attribute name="Loop Time for DT" value="0.000000" />
  <attribute name="Output H" value="8388608"/>
  <attribute name="Output I" value="200"/>
  <attribute name="Output T" value="1"/>
  <attribute name="Target GC Util Change" value ="20.000000" />
  <attribute name="Current GC Util Change" value="58.000000"/>
  <attribute name="GC Util currently" value="58" />
  <attribute name="CPU Util currently" value="19790010558621" />
<exclusive-end id="5253" timestamp="2019-06-16T00:38:04.569" durationms="3.480" />

<exclusive-start id="5254" timestamp="2019-06-16T00:38:04.573" intervalms="7.358">
  <response-info timems="0.068" idlems="0.068" threads="0" lastid="0000000001AE6700" lastname="main" />
</exclusive-start>
<allocation-taxation id="5255" taxation-threshold="12582912" timestamp="2019-06-16T00:38:04.573" intervalms="7.478" />
<gc-start id="5256" type="global mark phase" contextid="4994" timestamp="2019-06-16T00:38:04.573">
  <mem-info id="5257" free="33554432" total="75497472" percent="44">
    <remembered-set count="135136" freebytes="2473088" totalbytes="3013632" percent="82" regionsoverflowed="0" regionsstable="0" regionsrebuilding="18"/>
  </mem-info>
</gc-start>
<gc-op id="5258" type="mark increment" timems="1.372" contextid="4994" timestamp="2019-06-16T00:38:04.575">
  <trace-info objectcount="1" scancount="1" scanbytes="24" />
  <cardclean-info objects="3674" bytes="133684" />
  <finalization candidates="80" enqueued="0" />
  <ownableSynchronizers candidates="21" cleared="0" />
  <references type="soft" candidates="1851" cleared="0" enqueued="0" dynamicThreshold="19" maxThreshold="32" />
  <references type="weak" candidates="5744" cleared="0" enqueued="0" />
  <references type="phantom" candidates="101" cleared="0" enqueued="0" />
  <stringconstants candidates="13269" cleared="0"  />
</gc-op>
<gc-op id="5259" type="classunload" timems="0.004" contextid="4994" timestamp="2019-06-16T00:38:04.575">
  <classunload-info classloadercandidates="53" classloadersunloaded="0" classesunloaded="0" anonymousclassesunloaded="0" quiescems="0.000" setupms="0.004" scanms="0.000" postms="0.000" />
</gc-op>
<gc-end id="5260" type="global mark phase" contextid="4994" durationms="1.813" usertimems="4.000" systemtimems="0.000" timestamp="2019-06-16T00:38:04.575" activeThreads="4">
  <mem-info id="5261" free="33554432" total="75497472" percent="44">
    <remembered-set count="137696" freebytes="2462848" totalbytes="3013632" percent="81" regionsoverflowed="0" regionsstable="0" regionsrebuilding="0"/>
  </mem-info>
</gc-end>
<cycle-end id="5262" type="global mark phase" contextid="4994" timestamp="2019-06-16T00:38:04.575" />
  <attribute name="elasticGC enabled" value="1" />
  <attribute name= "numThreadsSpecified" value="4" />
  <attribute name="heapSize specified" value="0" />
  <attribute name="Current GC Util" value="0" />
  <attribute name= "Current Time Running" value="23625" />
  <attribute name ="GC Interval" value="0" />
  <attribute name="ProportionalT" value="-30.000000" />
  <attribute name="ProportionalI" value="-30.000000" />
  <attribute name="ProportionalH" value="-30.000000" />
  <attribute name="Current Error" value="-20.000000" />
  <attribute name="IntegralT" value="-20.000000" />
  <attribute name="IntegralI" value="-20.000000" />
  <attribute name="IntegralH" value="-20.000000" />
  <attribute name="DerivativeT" value="-68.000000" />
  <attribute name="DerivativeI" value="-68.000000" />
  <attribute name="DerivativeH" value="-68.000000" />
  <attribute name="Loop Time for DT" value="1.000000" />
  <attribute name="Output H" value="2091843584"/>
  <attribute name="Output I" value="200"/>
  <attribute name="Output T" value="4"/>
  <attribute name="Target GC Util Change" value ="20.000000" />
  <attribute name="Current GC Util Change" value="0.000000"/>
  <attribute name="GC Util currently" value="0" />
  <attribute name="CPU Util currently" value="74224006154801" />
<exclusive-end id="5263" timestamp="2019-06-16T00:38:04.575" durationms="2.582" />

<exclusive-start id="5264" timestamp="2019-06-16T00:38:04.579" intervalms="6.477">
  <response-info timems="0.066" idlems="0.066" threads="0" lastid="0000000001AE6700" lastname="main" />
</exclusive-start>
<allocation-taxation id="5265" taxation-threshold="12582912" timestamp="2019-06-16T00:38:04.580" intervalms="6.451" />
<cycle-start id="5266" type="partial gc" contextid="0" timestamp="2019-06-16T00:38:04.580" intervalms="14.006" />
<gc-start id="5267" type="partial gc" contextid="5266" timestamp="2019-06-16T00:38:04.580">
  <mem-info id="5268" free="20971520" total="75497472" percent="27">
    <mem type="eden" free="1048552" total="26214400" percent="3" />
    <remembered-set count="3104" freebytes="3001216" totalbytes="3013632" percent="99" regionsoverflowed="0" regionsstable="17" regionsrebuilding="0"/>
  </mem-info>
</gc-start>
<allocation-stats totalBytes="25080968" >
  <allocated-bytes non-tlh="0" tlh="25080968" arrayletleaf="0"/>
  <largest-consumer threadName="main" threadId="0000000001AE6700" bytes="12541728" />
</allocation-stats>
<gc-op id="5269" type="sweep" timems="0.667" contextid="5266" timestamp="2019-06-16T00:38:04.581" />
<gc-op id="5270" type="copy forward" timems="1.255" contextid="5266" timestamp="2019-06-16T00:38:04.583">
  <memory-copied type="eden" objects="1" bytes="24" bytesdiscarded="0" />
  <memory-copied type="other" objects="0" bytes="0" bytesdiscarded="0" />
  <memory-cardclean objects="10" bytes="224" />
  <regions eden="12" other="1" />
  <remembered-set-cleared processed="2162" cleared="2" durationms="0.111" />
  <stringconstants candidates="13269" cleared="0"  />
</gc-op>
<gc-op id="5271" type="classunload" timems="0.004" contextid="5266" timestamp="2019-06-16T00:38:04.583">
  <classunload-info classloadercandidates="53" classloadersunloaded="0" classesunloaded="0" anonymousclassesunloaded="0" quiescems="0.000" setupms="0.003" scanms="0.000" postms="0.000" />
</gc-op>
<gc-end id="5272" type="partial gc" contextid="5266" durationms="3.181" usertimems="4.000" systemtimems="0.000" timestamp="2019-06-16T00:38:04.583" activeThreads="4">
  <mem-info id="5273" free="46137344" total="75497472" percent="61">
    <mem type="eden" free="1048552" total="1048576" percent="99" />
    <remembered-set count="3072" freebytes="3001344" totalbytes="3013632" percent="99" regionsoverflowed="0" regionsstable="17" regionsrebuilding="0"/>
  </mem-info>
</gc-end>
<cycle-end id="5274" type="partial gc" contextid="5266" timestamp="2019-06-16T00:38:04.583" />
  <attribute name="elasticGC enabled" value="1" />
  <attribute name= "numThreadsSpecified" value="4" />
  <attribute name="heapSize specified" value="0" />
  <attribute name="Current GC Util" value="59" />
  <attribute name= "Current Time Running" value="23632" />
  <attribute name ="GC Interval" value="0" />
  <attribute name="ProportionalT" value="58.500000" />
  <attribute name="ProportionalI" value="58.500000" />
  <attribute name="ProportionalH" value="58.500000" />
  <attribute name="Current Error" value="39.000000" />
  <attribute name="IntegralT" value="0.000000" />
  <attribute name="IntegralI" value="0.000000" />
  <attribute name="IntegralH" value="0.000000" />
  <attribute name="DerivativeT" value="-inf" />
  <attribute name="DerivativeI" value="-inf" />
  <attribute name="DerivativeH" value="-inf" />
  <attribute name="Loop Time for DT" value="0.000000" />
  <attribute name="Output H" value="2091843584"/>
  <attribute name="Output I" value="200"/>
  <attribute name="Output T" value="4"/>
  <attribute name="Target GC Util Change" value ="20.000000" />
  <attribute name="Current GC Util Change" value="59.000000"/>
  <attribute name="GC Util currently" value="59" />
  <attribute name="CPU Util currently" value="20056389388079" />
<exclusive-end id="5275" timestamp="2019-06-16T00:38:04.583" durationms="4.031" />

<exclusive-start id="5276" timestamp="2019-06-16T00:38:04.591" intervalms="11.595">
  <response-info timems="0.099" idlems="0.099" threads="0" lastid="0000000001AE6700" lastname="main" />
</exclusive-start>
<allocation-taxation id="5277" taxation-threshold="25165824" timestamp="2019-06-16T00:38:04.591" intervalms="11.586" />
<cycle-start id="5278" type="partial gc" contextid="0" timestamp="2019-06-16T00:38:04.591" intervalms="11.579" />
<gc-start id="5279" type="partial gc" contextid="5278" timestamp="2019-06-16T00:38:04.592">
  <mem-info id="5280" free="20971520" total="75497472" percent="27">
    <mem type="eden" free="1048552" total="26214400" percent="3" />
    <remembered-set count="2592" freebytes="3003264" totalbytes="3013632" percent="99" regionsoverflowed="0" regionsstable="17" regionsrebuilding="0"/>
  </mem-info>
</gc-start>
<allocation-stats totalBytes="25080968" >
  <allocated-bytes non-tlh="0" tlh="25080968" arrayletleaf="0"/>
  <largest-consumer threadName="main" threadId="0000000001AE6700" bytes="25080968" />
</allocation-stats>
<gc-op id="5281" type="copy forward" timems="1.054" contextid="5278" timestamp="2019-06-16T00:38:04.594">
  <memory-copied type="eden" objects="1" bytes="24" bytesdiscarded="0" />
  <memory-copied type="other" objects="73" bytes="1912" bytesdiscarded="0" />
  <memory-cardclean objects="131" bytes="3456" />
  <regions eden="24" other="6" />
  <remembered-set-cleared processed="2150" cleared="13" durationms="0.101" />
  <stringconstants candidates="13269" cleared="0"  />
</gc-op>
<gc-op id="5282" type="classunload" timems="0.003" contextid="5278" timestamp="2019-06-16T00:38:04.594">
  <classunload-info classloadercandidates="53" classloadersunloaded="0" classesunloaded="0" anonymousclassesunloaded="0" quiescems="0.000" setupms="0.003" scanms="0.000" postms="0.000" />
</gc-op>
<heap-resize id="5283" type="contract" space="default" amount="4194304" count="1" timems="0.299" reason="excess free space following gc" timestamp="2019-06-16T00:38:04.594" />
<gc-end id="5284" type="partial gc" contextid="5278" durationms="2.764" usertimems="4.000" systemtimems="0.000" timestamp="2019-06-16T00:38:04.594" activeThreads="1">
  <mem-info id="5285" free="45088768" total="71303168" percent="63">
    <mem type="eden" free="1048552" total="1048576" percent="99" />
    <remembered-set count="2752" freebytes="3002624" totalbytes="3013632" percent="99" regionsoverflowed="0" regionsstable="17" regionsrebuilding="0"/>
  </mem-info>
</gc-end>
<cycle-end id="5286" type="partial gc" contextid="5278" timestamp="2019-06-16T00:38:04.595" />
  <attribute name="elasticGC enabled" value="1" />
  <attribute name= "numThreadsSpecified" value="1" />
  <attribute name="heapSize specified" value="0" />
  <attribute name="Current GC Util" value="161" />
  <attribute name= "Current Time Running" value="23643" />
  <attribute name ="GC Interval" value="0" />
  <attribute name="ProportionalT" value="211.500000" />
  <attribute name="ProportionalI" value="211.500000" />
  <attribute name="ProportionalH" value="211.500000" />
  <attribute name="Current Error" value="141.000000" />
  <attribute name="IntegralT" value="0.000000" />
  <attribute name="IntegralI" value="0.000000" />
  <attribute name="IntegralH" value="0.000000" />
  <attribute name="DerivativeT" value="inf" />
  <attribute name="DerivativeI" value="inf" />
  <attribute name="DerivativeH" value="inf" />
  <attribute name="Loop Time for DT" value="0.000000" />
  <attribute name="Output H" value="8388608"/>
  <attribute name="Output I" value="200"/>
  <attribute name="Output T" value="1"/>
  <attribute name="Target GC Util Change" value ="20.000000" />
  <attribute name="Current GC Util Change" value="161.000000"/>
  <attribute name="GC Util currently" value="161" />
  <attribute name="CPU Util currently" value="9574030335532" />
<exclusive-end id="5287" timestamp="2019-06-16T00:38:04.595" durationms="3.752" />

<exclusive-start id="5288" timestamp="2019-06-16T00:38:04.603" intervalms="11.512">
  <response-info timems="0.084" idlems="0.084" threads="0" lastid="0000000001AE6700" lastname="main" />
</exclusive-start>
<allocation-taxation id="5289" taxation-threshold="24117248" timestamp="2019-06-16T00:38:04.603" intervalms="11.519" />
<cycle-start id="5290" type="partial gc" contextid="0" timestamp="2019-06-16T00:38:04.603" intervalms="11.498" />
<gc-start id="5291" type="partial gc" contextid="5290" timestamp="2019-06-16T00:38:04.603">
  <mem-info id="5292" free="20971520" total="71303168" percent="29">
    <mem type="eden" free="1048552" total="25165824" percent="4" />
    <remembered-set count="2400" freebytes="3004032" totalbytes="3013632" percent="99" regionsoverflowed="0" regionsstable="17" regionsrebuilding="0"/>
  </mem-info>
</gc-start>
<allocation-stats totalBytes="24024376" >
  <allocated-bytes non-tlh="0" tlh="24024376" arrayletleaf="0"/>
  <largest-consumer threadName="main" threadId="0000000001AE6700" bytes="24024376" />
</allocation-stats>
<gc-op id="5293" type="copy forward" timems="3.493" contextid="5290" timestamp="2019-06-16T00:38:04.608">
  <memory-copied type="eden" objects="25" bytes="1880" bytesdiscarded="1056" />
  <memory-copied type="other" objects="12" bytes="288" bytesdiscarded="1464" />
  <memory-cardclean objects="5600" bytes="281984" />
  <regions eden="23" other="3" />
  <remembered-set-cleared processed="1476" cleared="763" durationms="0.149" />
  <stringconstants candidates="13269" cleared="0"  />
</gc-op>
<gc-op id="5294" type="classunload" timems="0.004" contextid="5290" timestamp="2019-06-16T00:38:04.608">
  <classunload-info classloadercandidates="53" classloadersunloaded="0" classesunloaded="0" anonymousclassesunloaded="0" quiescems="0.000" setupms="0.004" scanms="0.000" postms="0.000" />
</gc-op>
<heap-resize id="5295" type="contract" space="default" amount="4194304" count="1" timems="0.291" reason="excess free space following gc" timestamp="2019-06-16T00:38:04.608" />
<gc-end id="5296" type="partial gc" contextid="5290" durationms="5.338" usertimems="8.000" systemtimems="0.000" timestamp="2019-06-16T00:38:04.608" activeThreads="4">
  <mem-info id="5297" free="41943040" total="67108864" percent="62">
    <mem type="eden" free="1045640" total="1048576" percent="99" />
    <remembered-set count="2880" freebytes="2834688" totalbytes="2846208" percent="99" regionsoverflowed="0" regionsstable="17" regionsrebuilding="0"/>
  </mem-info>
</gc-end>
<cycle-end id="5298" type="partial gc" contextid="5290" timestamp="2019-06-16T00:38:04.609" />
  <attribute name="elasticGC enabled" value="1" />
  <attribute name= "numThreadsSpecified" value="4" />
  <attribute name="heapSize specified" value="0" />
  <attribute name="Current GC Util" value="206" />
  <attribute name= "Current Time Running" value="23655" />
  <attribute name ="GC Interval" value="0" />
  <attribute name="ProportionalT" value="279.000000" />
  <attribute name="ProportionalI" value="279.000000" />
  <attribute name="ProportionalH" value="279.000000" />
  <attribute name="Current Error" value="186.000000" />
  <attribute name="IntegralT" value="186.000000" />
  <attribute name="IntegralI" value="186.000000" />
  <attribute name="IntegralH" value="186.000000" />
  <attribute name="DerivativeT" value="93.000000" />
  <attribute name="DerivativeI" value="93.000000" />
  <attribute name="DerivativeH" value="93.000000" />
  <attribute name="Loop Time for DT" value="1.000000" />
  <attribute name="Output H" value="8388608"/>
  <attribute name="Output I" value="560"/>
  <attribute name="Output T" value="4"/>
  <attribute name="Target GC Util Change" value ="20.000000" />
  <attribute name="Current GC Util Change" value="206.000000"/>
  <attribute name="GC Util currently" value="206" />
  <attribute name="CPU Util currently" value="6519841418158" />
<exclusive-end id="5299" timestamp="2019-06-16T00:38:04.609" durationms="6.316" />

<exclusive-start id="5300" timestamp="2019-06-16T00:38:04.616" intervalms="13.435">
  <response-info timems="0.061" idlems="0.061" threads="0" lastid="0000000001AE6700" lastname="main" />
</exclusive-start>
<allocation-taxation id="5301" taxation-threshold="23068672" timestamp="2019-06-16T00:38:04.616" intervalms="13.482" />
<cycle-start id="5302" type="partial gc" contextid="0" timestamp="2019-06-16T00:38:04.616" intervalms="13.534" />
<gc-start id="5303" type="partial gc" contextid="5302" timestamp="2019-06-16T00:38:04.617">
  <mem-info id="5304" free="18874368" total="67108864" percent="28">
    <mem type="eden" free="0" total="23068672" percent="0" />
    <remembered-set count="1248" freebytes="2841216" totalbytes="2846208" percent="99" regionsoverflowed="0" regionsstable="18" regionsrebuilding="0"/>
  </mem-info>
</gc-start>
<allocation-stats totalBytes="22915200" >
  <allocated-bytes non-tlh="0" tlh="22915200" arrayletleaf="0"/>
  <largest-consumer threadName="main" threadId="0000000001AE6700" bytes="22915200" />
</allocation-stats>
<gc-op id="5305" type="copy forward" timems="1.031" contextid="5302" timestamp="2019-06-16T00:38:04.619">
  <memory-copied type="eden" objects="0" bytes="0" bytesdiscarded="0" />
  <memory-copied type="other" objects="91" bytes="3376" bytesdiscarded="208" />
  <memory-cardclean objects="174" bytes="4912" />
  <regions eden="22" other="3" />
  <remembered-set-cleared processed="3" cleared="2" durationms="0.091" />
  <stringconstants candidates="13269" cleared="0"  />
</gc-op>
<gc-op id="5306" type="classunload" timems="0.004" contextid="5302" timestamp="2019-06-16T00:38:04.619">
  <classunload-info classloadercandidates="53" classloadersunloaded="0" classesunloaded="0" anonymousclassesunloaded="0" quiescems="0.000" setupms="0.004" scanms="0.000" postms="0.000" />
</gc-op>
<heap-resize id="5307" type="contract" space="default" amount="4194304" count="1" timems="0.277" reason="excess free space following gc" timestamp="2019-06-16T00:38:04.619" />
<gc-end id="5308" type="partial gc" contextid="5302" durationms="2.974" usertimems="4.000" systemtimems="0.000" timestamp="2019-06-16T00:38:04.620" activeThreads="1">
  <mem-info id="5309" free="39845888" total="62914560" percent="63">
    <remembered-set count="544" freebytes="2676608" totalbytes="2678784" percent="99" regionsoverflowed="0" regionsstable="18" regionsrebuilding="0"/>
  </mem-info>
</gc-end>
<cycle-end id="5310" type="partial gc" contextid="5302" timestamp="2019-06-16T00:38:04.620" />
  <attribute name="elasticGC enabled" value="1" />
  <attribute name= "numThreadsSpecified" value="1" />
  <attribute name="heapSize specified" value="0" />
  <attribute name="Current GC Util" value="112" />
  <attribute name= "Current Time Running" value="23668" />
  <attribute name ="GC Interval" value="0" />
  <attribute name="ProportionalT" value="138.000000" />
  <attribute name="ProportionalI" value="138.000000" />
  <attribute name="ProportionalH" value="138.000000" />
  <attribute name="Current Error" value="92.000000" />
  <attribute name="IntegralT" value="0.000000" />
  <attribute name="IntegralI" value="0.000000" />
  <attribute name="IntegralH" value="0.000000" />
  <attribute name="DerivativeT" value="inf" />
  <attribute name="DerivativeI" value="inf" />
  <attribute name="DerivativeH" value="inf" />
  <attribute name="Loop Time for DT" value="0.000000" />
  <attribute name="Output H" value="8388608"/>
  <attribute name="Output I" value="200"/>
  <attribute name="Output T" value="1"/>
  <attribute name="Target GC Util Change" value ="20.000000" />
  <attribute name="Current GC Util Change" value="112.000000"/>
  <attribute name="GC Util currently" value="112" />
  <attribute name="CPU Util currently" value="6926325358051" />
<exclusive-end id="5311" timestamp="2019-06-16T00:38:04.620" durationms="4.093" />

<exclusive-start id="5312" timestamp="2019-06-16T00:38:04.623" intervalms="7.353">
  <response-info timems="0.025" idlems="0.025" threads="0" lastid="0000000001AE6700" lastname="main" />
</exclusive-start>
<allocation-taxation id="5313" taxation-threshold="10485760" timestamp="2019-06-16T00:38:04.623" intervalms="7.295" />
<cycle-start id="5314" type="global mark phase" contextid="0" timestamp="2019-06-16T00:38:04.624" intervalms="214.637" />
<gc-start id="5315" type="global mark phase" contextid="5314" timestamp="2019-06-16T00:38:04.624">
  <mem-info id="5316" free="29360128" total="62914560" percent="46">
    <remembered-set count="160" freebytes="2678144" totalbytes="2678784" percent="99" regionsoverflowed="0" regionsstable="18" regionsrebuilding="0"/>
  </mem-info>
</gc-start>
<gc-op id="5317" type="mark increment" timems="3.825" contextid="5314" timestamp="2019-06-16T00:38:04.628">
  <trace-info objectcount="77696" scancount="57276" scanbytes="1766888" />
</gc-op>
<gc-end id="5318" type="global mark phase" contextid="5314" durationms="4.088" usertimems="8.000" systemtimems="0.000" timestamp="2019-06-16T00:38:04.628" activeThreads="4">
  <mem-info id="5319" free="29360128" total="62914560" percent="46">
    <remembered-set count="23712" freebytes="2583936" totalbytes="2678784" percent="96" regionsoverflowed="0" regionsstable="0" regionsrebuilding="18"/>
  </mem-info>
</gc-end>
<concurrent-start id="5320" type="GMP work packet processing" contextid="5314" timestamp="2019-06-16T00:38:04.628">
  <concurrent-mark-start scanTarget="1048576" />
</concurrent-start>
<exclusive-end id="5321" timestamp="2019-06-16T00:38:04.628" durationms="4.962" />

<concurrent-end id="5322" type="GMP work packet processing" contextid="5314" timestamp="2019-06-16T00:38:04.629">
  <concurrent-mark-end bytesScanned="1105468" reasonForTermination="Work target met" />
</concurrent-end>

<exclusive-start id="5323" timestamp="2019-06-16T00:38:04.632" intervalms="8.358">
  <response-info timems="0.058" idlems="0.058" threads="0" lastid="0000000001AE6700" lastname="main" />
</exclusive-start>
<allocation-taxation id="5324" taxation-threshold="10485760" timestamp="2019-06-16T00:38:04.632" intervalms="8.315" />
<cycle-start id="5325" type="partial gc" contextid="0" timestamp="2019-06-16T00:38:04.632" intervalms="15.510" />
<gc-start id="5326" type="partial gc" contextid="5325" timestamp="2019-06-16T00:38:04.632">
  <mem-info id="5327" free="18874368" total="62914560" percent="30">
    <mem type="eden" free="0" total="20971520" percent="0" />
    <remembered-set count="33888" freebytes="2543232" totalbytes="2678784" percent="94" regionsoverflowed="0" regionsstable="0" regionsrebuilding="18"/>
  </mem-info>
</gc-start>
<allocation-stats totalBytes="20832000" >
  <allocated-bytes non-tlh="0" tlh="20832000" arrayletleaf="0"/>
  <largest-consumer threadName="main" threadId="0000000001AE6700" bytes="10416000" />
</allocation-stats>
<gc-op id="5328" type="copy forward" timems="3.277" contextid="5325" timestamp="2019-06-16T00:38:04.637">
  <memory-copied type="eden" objects="0" bytes="0" bytesdiscarded="0" />
  <memory-copied type="other" objects="0" bytes="0" bytesdiscarded="0" />
  <memory-cardclean objects="17331" bytes="601880" />
  <regions eden="20" other="0" />
  <remembered-set-cleared processed="28467" cleared="6244" durationms="0.292" />
  <stringconstants candidates="13269" cleared="0"  />
</gc-op>
<gc-op id="5329" type="classunload" timems="0.005" contextid="5325" timestamp="2019-06-16T00:38:04.637">
  <classunload-info classloadercandidates="53" classloadersunloaded="0" classesunloaded="0" anonymousclassesunloaded="0" quiescems="0.000" setupms="0.004" scanms="0.000" postms="0.000" />
</gc-op>
<heap-resize id="5330" type="contract" space="default" amount="3145728" count="1" timems="0.252" reason="excess free space following gc" timestamp="2019-06-16T00:38:04.637" />
<gc-end id="5331" type="partial gc" contextid="5325" durationms="5.176" usertimems="8.000" systemtimems="0.000" timestamp="2019-06-16T00:38:04.637" activeThreads="4">
  <mem-info id="5332" free="36700160" total="59768832" percent="61">
    <remembered-set count="28256" freebytes="2398336" totalbytes="2511360" percent="95" regionsoverflowed="0" regionsstable="0" regionsrebuilding="18"/>
  </mem-info>
</gc-end>
<cycle-end id="5333" type="partial gc" contextid="5325" timestamp="2019-06-16T00:38:04.637" />
  <attribute name="elasticGC enabled" value="1" />
  <attribute name= "numThreadsSpecified" value="4" />
  <attribute name="heapSize specified" value="0" />
  <attribute name="Current GC Util" value="107" />
  <attribute name= "Current Time Running" value="23684" />
  <attribute name ="GC Interval" value="0" />
  <attribute name="ProportionalT" value="130.500000" />
  <attribute name="ProportionalI" value="130.500000" />
  <attribute name="ProportionalH" value="130.500000" />
  <attribute name="Current Error" value="87.000000" />
  <attribute name="IntegralT" value="87.000000" />
  <attribute name="IntegralI" value="87.000000" />
  <attribute name="IntegralH" value="87.000000" />
  <attribute name="DerivativeT" value="31.500000" />
  <attribute name="DerivativeI" value="31.500000" />
  <attribute name="DerivativeH" value="31.500000" />
  <attribute name="Loop Time for DT" value="1.000000" />
  <attribute name="Output H" value="8388608"/>
  <attribute name="Output I" value="256"/>
  <attribute name="Output T" value="4"/>
  <attribute name="Target GC Util Change" value ="20.000000" />
  <attribute name="Current GC Util Change" value="107.000000"/>
  <attribute name="GC Util currently" value="107" />
  <attribute name="CPU Util currently" value="6699010549664" />
<exclusive-end id="5334" timestamp="2019-06-16T00:38:04.638" durationms="6.038" />

<exclusive-start id="5335" timestamp="2019-06-16T00:38:04.641" intervalms="9.438">
  <response-info timems="0.055" idlems="0.055" threads="0" lastid="0000000001AE6700" lastname="main" />
</exclusive-start>
<allocation-taxation id="5336" taxation-threshold="10485760" timestamp="2019-06-16T00:38:04.641" intervalms="9.505" />
<gc-start id="5337" type="global mark phase" contextid="5314" timestamp="2019-06-16T00:38:04.641">
  <mem-info id="5338" free="26214400" total="59768832" percent="43">
    <remembered-set count="28160" freebytes="2398720" totalbytes="2511360" percent="95" regionsoverflowed="0" regionsstable="0" regionsrebuilding="18"/>
  </mem-info>
</gc-start>
<gc-end id="5339" type="global mark phase" contextid="5314" durationms="0.195" usertimems="0.000" systemtimems="0.000" timestamp="2019-06-16T00:38:04.642" activeThreads="4">
  <mem-info id="5340" free="26214400" total="59768832" percent="43">
    <remembered-set count="28160" freebytes="2398720" totalbytes="2511360" percent="95" regionsoverflowed="0" regionsstable="0" regionsrebuilding="18"/>
  </mem-info>
</gc-end>
<concurrent-start id="5341" type="GMP work packet processing" contextid="5314" timestamp="2019-06-16T00:38:04.642">
  <concurrent-mark-start scanTarget="1048576" />
</concurrent-start>
<exclusive-end id="5342" timestamp="2019-06-16T00:38:04.642" durationms="0.920" />

<concurrent-end id="5343" type="GMP work packet processing" contextid="5314" timestamp="2019-06-16T00:38:04.643">
  <concurrent-mark-end bytesScanned="1090128" reasonForTermination="Work target met" />
</concurrent-end>

<exclusive-start id="5344" timestamp="2019-06-16T00:38:04.645" intervalms="4.217">
  <response-info timems="0.061" idlems="0.061" threads="0" lastid="0000000001AE6700" lastname="main" />
</exclusive-start>
<allocation-taxation id="5345" taxation-threshold="10485760" timestamp="2019-06-16T00:38:04.645" intervalms="4.222" />
<cycle-start id="5346" type="partial gc" contextid="0" timestamp="2019-06-16T00:38:04.646" intervalms="13.785" />
<gc-start id="5347" type="partial gc" contextid="5346" timestamp="2019-06-16T00:38:04.646">
  <mem-info id="5348" free="15728640" total="59768832" percent="26">
    <mem type="eden" free="0" total="20971520" percent="0" />
    <remembered-set count="37024" freebytes="2363264" totalbytes="2511360" percent="94" regionsoverflowed="0" regionsstable="0" regionsrebuilding="18"/>
  </mem-info>
</gc-start>
<allocation-stats totalBytes="20836680" >
  <allocated-bytes non-tlh="0" tlh="20836680" arrayletleaf="0"/>
  <largest-consumer threadName="main" threadId="0000000001AE6700" bytes="10420032" />
</allocation-stats>
<gc-op id="5349" type="copy forward" timems="2.953" contextid="5346" timestamp="2019-06-16T00:38:04.650">
  <memory-copied type="eden" objects="1" bytes="24" bytesdiscarded="0" />
  <memory-copied type="other" objects="0" bytes="0" bytesdiscarded="0" />
  <memory-cardclean objects="14162" bytes="610040" />
  <regions eden="20" other="0" />
  <remembered-set-cleared processed="33212" cleared="3987" durationms="0.383" />
  <stringconstants candidates="13269" cleared="0"  />
</gc-op>
<gc-op id="5350" type="classunload" timems="0.004" contextid="5346" timestamp="2019-06-16T00:38:04.650">
  <classunload-info classloadercandidates="53" classloadersunloaded="0" classesunloaded="0" anonymousclassesunloaded="0" quiescems="0.000" setupms="0.003" scanms="0.000" postms="0.000" />
</gc-op>
<heap-resize id="5351" type="expand" space="default" amount="1048576" count="1" timems="0.047" reason="excessive time being spent in gc" timestamp="2019-06-16T00:38:04.650" />
<gc-end id="5352" type="partial gc" contextid="5346" durationms="4.603" usertimems="4.000" systemtimems="0.000" timestamp="2019-06-16T00:38:04.651" activeThreads="1">
  <mem-info id="5353" free="36700160" total="60817408" percent="60">
    <mem type="eden" free="1048552" total="1048576" percent="99" />
    <remembered-set count="34048" freebytes="2291456" totalbytes="2427648" percent="94" regionsoverflowed="0" regionsstable="0" regionsrebuilding="18"/>
  </mem-info>
</gc-end>
<cycle-end id="5354" type="partial gc" contextid="5346" timestamp="2019-06-16T00:38:04.651" />
  <attribute name="elasticGC enabled" value="1" />
  <attribute name= "numThreadsSpecified" value="1" />
  <attribute name="heapSize specified" value="0" />
  <attribute name="Current GC Util" value="129" />
  <attribute name= "Current Time Running" value="23697" />
  <attribute name ="GC Interval" value="0" />
  <attribute name="ProportionalT" value="163.500000" />
  <attribute name="ProportionalI" value="163.500000" />
  <attribute name="ProportionalH" value="163.500000" />
  <attribute name="Current Error" value="109.000000" />
  <attribute name="IntegralT" value="0.000000" />
  <attribute name="IntegralI" value="0.000000" />
  <attribute name="IntegralH" value="0.000000" />
  <attribute name="DerivativeT" value="inf" />
  <attribute name="DerivativeI" value="inf" />
  <attribute name="DerivativeH" value="inf" />
  <attribute name="Loop Time for DT" value="0.000000" />
  <attribute name="Output H" value="8388608"/>
  <attribute name="Output I" value="200"/>
  <attribute name="Output T" value="1"/>
  <attribute name="Target GC Util Change" value ="20.000000" />
  <attribute name="Current GC Util Change" value="129.000000"/>
  <attribute name="GC Util currently" value="129" />
  <attribute name="CPU Util currently" value="7529836394836" />
<exclusive-end id="5355" timestamp="2019-06-16T00:38:04.651" durationms="5.667" />

<exclusive-start id="5356" timestamp="2019-06-16T00:38:04.654" intervalms="9.046">
  <response-info timems="0.061" idlems="0.061" threads="0" lastid="0000000001AE6700" lastname="main" />
</exclusive-start>
<allocation-taxation id="5357" taxation-threshold="10485760" timestamp="2019-06-16T00:38:04.654" intervalms="9.014" />
<gc-start id="5358" type="global mark phase" contextid="5314" timestamp="2019-06-16T00:38:04.655">
  <mem-info id="5359" free="26214400" total="60817408" percent="43">
    <remembered-set count="33856" freebytes="2292224" totalbytes="2427648" percent="94" regionsoverflowed="0" regionsstable="0" regionsrebuilding="18"/>
  </mem-info>
</gc-start>
<gc-end id="5360" type="global mark phase" contextid="5314" durationms="0.138" usertimems="0.000" systemtimems="0.000" timestamp="2019-06-16T00:38:04.655" activeThreads="1">
  <mem-info id="5361" free="26214400" total="60817408" percent="43">
    <remembered-set count="33856" freebytes="2292224" totalbytes="2427648" percent="94" regionsoverflowed="0" regionsstable="0" regionsrebuilding="18"/>
  </mem-info>
</gc-end>
<concurrent-start id="5362" type="GMP work packet processing" contextid="5314" timestamp="2019-06-16T00:38:04.655">
  <concurrent-mark-start scanTarget="1739854" />
</concurrent-start>
<exclusive-end id="5363" timestamp="2019-06-16T00:38:04.655" durationms="0.837" />

<concurrent-end id="5364" type="GMP work packet processing" contextid="5314" timestamp="2019-06-16T00:38:04.657">
  <concurrent-mark-end bytesScanned="1785904" reasonForTermination="Work target met" />
</concurrent-end>

<exclusive-start id="5365" timestamp="2019-06-16T00:38:04.658" intervalms="4.092">
  <response-info timems="0.054" idlems="0.054" threads="0" lastid="0000000001AE6700" lastname="main" />
</exclusive-start>
<allocation-taxation id="5366" taxation-threshold="10485760" timestamp="2019-06-16T00:38:04.659" intervalms="4.093" />
<cycle-start id="5367" type="partial gc" contextid="0" timestamp="2019-06-16T00:38:04.659" intervalms="13.042" />
<gc-start id="5368" type="partial gc" contextid="5367" timestamp="2019-06-16T00:38:04.659">
  <mem-info id="5369" free="15728640" total="60817408" percent="25">
    <mem type="eden" free="1048552" total="22020096" percent="4" />
    <remembered-set count="51296" freebytes="2222464" totalbytes="2427648" percent="91" regionsoverflowed="0" regionsstable="0" regionsrebuilding="18"/>
  </mem-info>
</gc-start>
<allocation-stats totalBytes="20840064" >
  <allocated-bytes non-tlh="0" tlh="20840064" arrayletleaf="0"/>
  <largest-consumer threadName="main" threadId="0000000001AE6700" bytes="10420032" />
</allocation-stats>
<gc-op id="5370" type="copy forward" timems="1.488" contextid="5367" timestamp="2019-06-16T00:38:04.661">
  <memory-copied type="eden" objects="1" bytes="24" bytesdiscarded="0" />
  <memory-copied type="other" objects="0" bytes="0" bytesdiscarded="0" />
  <memory-cardclean objects="10" bytes="424" />
  <regions eden="20" other="1" />
  <remembered-set-cleared processed="48992" cleared="6" durationms="0.343" />
  <stringconstants candidates="13269" cleared="0"  />
</gc-op>
<gc-op id="5371" type="classunload" timems="0.004" contextid="5367" timestamp="2019-06-16T00:38:04.662">
  <classunload-info classloadercandidates="53" classloadersunloaded="0" classesunloaded="0" anonymousclassesunloaded="0" quiescems="0.000" setupms="0.003" scanms="0.000" postms="0.000" />
</gc-op>
<gc-end id="5372" type="partial gc" contextid="5367" durationms="2.887" usertimems="4.000" systemtimems="0.000" timestamp="2019-06-16T00:38:04.662" activeThreads="1">
  <mem-info id="5373" free="36700160" total="60817408" percent="60">
    <mem type="eden" free="1048552" total="1048576" percent="99" />
    <remembered-set count="51776" freebytes="2220544" totalbytes="2427648" percent="91" regionsoverflowed="0" regionsstable="0" regionsrebuilding="18"/>
  </mem-info>
</gc-end>
<cycle-end id="5374" type="partial gc" contextid="5367" timestamp="2019-06-16T00:38:04.662" />
  <attribute name="elasticGC enabled" value="1" />
  <attribute name= "numThreadsSpecified" value="1" />
  <attribute name="heapSize specified" value="0" />
  <attribute name="Current GC Util" value="162" />
  <attribute name= "Current Time Running" value="23710" />
  <attribute name ="GC Interval" value="0" />
  <attribute name="ProportionalT" value="213.000000" />
  <attribute name="ProportionalI" value="213.000000" />
  <attribute name="ProportionalH" value="213.000000" />
  <attribute name="Current Error" value="142.000000" />
  <attribute name="IntegralT" value="0.000000" />
  <attribute name="IntegralI" value="0.000000" />
  <attribute name="IntegralH" value="0.000000" />
  <attribute name="DerivativeT" value="inf" />
  <attribute name="DerivativeI" value="inf" />
  <attribute name="DerivativeH" value="inf" />
  <attribute name="Loop Time for DT" value="0.000000" />
  <attribute name="Output H" value="8388608"/>
  <attribute name="Output I" value="200"/>
  <attribute name="Output T" value="1"/>
  <attribute name="Target GC Util Change" value ="20.000000" />
  <attribute name="Current GC Util Change" value="162.000000"/>
  <attribute name="GC Util currently" value="162" />
  <attribute name="CPU Util currently" value="9089931700997" />
<exclusive-end id="5375" timestamp="2019-06-16T00:38:04.662" durationms="3.788" />

<exclusive-start id="5376" timestamp="2019-06-16T00:38:04.666" intervalms="7.181">
  <response-info timems="0.068" idlems="0.068" threads="0" lastid="0000000001AE6700" lastname="main" />
</exclusive-start>
<allocation-taxation id="5377" taxation-threshold="10485760" timestamp="2019-06-16T00:38:04.666" intervalms="7.225" />
<gc-start id="5378" type="global mark phase" contextid="5314" timestamp="2019-06-16T00:38:04.666">
  <mem-info id="5379" free="26214400" total="60817408" percent="43">
    <remembered-set count="51296" freebytes="2222464" totalbytes="2427648" percent="91" regionsoverflowed="0" regionsstable="0" regionsrebuilding="18"/>
  </mem-info>
</gc-start>
<gc-end id="5380" type="global mark phase" contextid="5314" durationms="0.195" usertimems="0.000" systemtimems="0.000" timestamp="2019-06-16T00:38:04.666" activeThreads="1">
  <mem-info id="5381" free="26214400" total="60817408" percent="43">
    <remembered-set count="51296" freebytes="2222464" totalbytes="2427648" percent="91" regionsoverflowed="0" regionsstable="0" regionsrebuilding="18"/>
  </mem-info>
</gc-end>
<concurrent-start id="5382" type="GMP work packet processing" contextid="5314" timestamp="2019-06-16T00:38:04.666">
  <concurrent-mark-start scanTarget="1048576" />
</concurrent-start>
<exclusive-end id="5383" timestamp="2019-06-16T00:38:04.667" durationms="0.937" />

<concurrent-end id="5384" type="GMP work packet processing" contextid="5314" timestamp="2019-06-16T00:38:04.668">
  <concurrent-mark-end bytesScanned="1092032" reasonForTermination="Work target met" />
</concurrent-end>

<exclusive-start id="5385" timestamp="2019-06-16T00:38:04.670" intervalms="4.201">
  <response-info timems="0.027" idlems="0.027" threads="0" lastid="0000000001AE6700" lastname="main" />
</exclusive-start>
<allocation-taxation id="5386" taxation-threshold="10485760" timestamp="2019-06-16T00:38:04.670" intervalms="4.125" />
<cycle-start id="5387" type="partial gc" contextid="0" timestamp="2019-06-16T00:38:04.670" intervalms="11.371" />
<gc-start id="5388" type="partial gc" contextid="5387" timestamp="2019-06-16T00:38:04.670">
  <mem-info id="5389" free="15728640" total="60817408" percent="25">
    <mem type="eden" free="1048552" total="22020096" percent="4" />
    <remembered-set count="60064" freebytes="2187392" totalbytes="2427648" percent="90" regionsoverflowed="0" regionsstable="0" regionsrebuilding="18"/>
  </mem-info>
</gc-start>
<allocation-stats totalBytes="20840064" >
  <allocated-bytes non-tlh="0" tlh="20840064" arrayletleaf="0"/>
  <largest-consumer threadName="main" threadId="0000000001AE6700" bytes="10420032" />
</allocation-stats>
<gc-op id="5390" type="copy forward" timems="4.155" contextid="5387" timestamp="2019-06-16T00:38:04.675">
  <memory-copied type="eden" objects="1" bytes="24" bytesdiscarded="0" />
  <memory-copied type="other" objects="0" bytes="0" bytesdiscarded="0" />
  <memory-cardclean objects="10" bytes="424" />
  <regions eden="20" other="1" />
  <remembered-set-cleared processed="58115" cleared="6" durationms="0.474" />
  <stringconstants candidates="13269" cleared="0"  />
</gc-op>
<gc-op id="5391" type="classunload" timems="0.004" contextid="5387" timestamp="2019-06-16T00:38:04.675">
  <classunload-info classloadercandidates="53" classloadersunloaded="0" classesunloaded="0" anonymousclassesunloaded="0" quiescems="0.000" setupms="0.004" scanms="0.000" postms="0.000" />
</gc-op>
<gc-end id="5392" type="partial gc" contextid="5387" durationms="5.442" usertimems="12.000" systemtimems="0.000" timestamp="2019-06-16T00:38:04.676" activeThreads="4">
  <mem-info id="5393" free="36700160" total="60817408" percent="60">
    <mem type="eden" free="1048552" total="1048576" percent="99" />
    <remembered-set count="60000" freebytes="2187648" totalbytes="2427648" percent="90" regionsoverflowed="0" regionsstable="0" regionsrebuilding="18"/>
  </mem-info>
</gc-end>
<cycle-end id="5394" type="partial gc" contextid="5387" timestamp="2019-06-16T00:38:04.676" />
  <attribute name="elasticGC enabled" value="1" />
  <attribute name= "numThreadsSpecified" value="4" />
  <attribute name="heapSize specified" value="0" />
  <attribute name="Current GC Util" value="160" />
  <attribute name= "Current Time Running" value="23722" />
  <attribute name ="GC Interval" value="0" />
  <attribute name="ProportionalT" value="210.000000" />
  <attribute name="ProportionalI" value="210.000000" />
  <attribute name="ProportionalH" value="210.000000" />
  <attribute name="Current Error" value="140.000000" />
  <attribute name="IntegralT" value="140.000000" />
  <attribute name="IntegralI" value="140.000000" />
  <attribute name="IntegralH" value="140.000000" />
  <attribute name="DerivativeT" value="24.000000" />
  <attribute name="DerivativeI" value="24.000000" />
  <attribute name="DerivativeH" value="24.000000" />
  <attribute name="Loop Time for DT" value="1.000000" />
  <attribute name="Output H" value="8388608"/>
  <attribute name="Output I" value="376"/>
  <attribute name="Output T" value="4"/>
  <attribute name="Target GC Util Change" value ="20.000000" />
  <attribute name="Current GC Util Change" value="160.000000"/>
  <attribute name="GC Util currently" value="160" />
  <attribute name="CPU Util currently" value="9488753351216" />
<exclusive-end id="5395" timestamp="2019-06-16T00:38:04.676" durationms="6.317" />

<exclusive-start id="5396" timestamp="2019-06-16T00:38:04.679" intervalms="9.624">
  <response-info timems="0.028" idlems="0.028" threads="0" lastid="0000000001AE6700" lastname="main" />
</exclusive-start>
<allocation-taxation id="5397" taxation-threshold="10485760" timestamp="2019-06-16T00:38:04.680" intervalms="9.650" />
<gc-start id="5398" type="global mark phase" contextid="5314" timestamp="2019-06-16T00:38:04.680">
  <mem-info id="5399" free="26214400" total="60817408" percent="43">
    <remembered-set count="59520" freebytes="2189568" totalbytes="2427648" percent="90" regionsoverflowed="0" regionsstable="0" regionsrebuilding="18"/>
  </mem-info>
</gc-start>
<gc-end id="5400" type="global mark phase" contextid="5314" durationms="0.120" usertimems="0.000" systemtimems="0.000" timestamp="2019-06-16T00:38:04.680" activeThreads="4">
  <mem-info id="5401" free="26214400" total="60817408" percent="43">
    <remembered-set count="59520" freebytes="2189568" totalbytes="2427648" percent="90" regionsoverflowed="0" regionsstable="0" regionsrebuilding="18"/>
  </mem-info>
</gc-end>
<concurrent-start id="5402" type="GMP work packet processing" contextid="5314" timestamp="2019-06-16T00:38:04.680">
  <concurrent-mark-start scanTarget="1048576" />
</concurrent-start>
<exclusive-end id="5403" timestamp="2019-06-16T00:38:04.680" durationms="0.810" />

<concurrent-end id="5404" type="GMP work packet processing" contextid="5314" timestamp="2019-06-16T00:38:04.682">
  <concurrent-mark-end bytesScanned="1087740" reasonForTermination="Work target met" />
</concurrent-end>

<exclusive-start id="5405" timestamp="2019-06-16T00:38:04.684" intervalms="4.084">
  <response-info timems="0.055" idlems="0.055" threads="0" lastid="0000000001AE6700" lastname="main" />
</exclusive-start>
<allocation-taxation id="5406" taxation-threshold="10485760" timestamp="2019-06-16T00:38:04.684" intervalms="4.086" />
<cycle-start id="5407" type="partial gc" contextid="0" timestamp="2019-06-16T00:38:04.684" intervalms="13.756" />
<gc-start id="5408" type="partial gc" contextid="5407" timestamp="2019-06-16T00:38:04.684">
  <mem-info id="5409" free="15728640" total="60817408" percent="25">
    <mem type="eden" free="1048552" total="22020096" percent="4" />
    <remembered-set count="75680" freebytes="2124928" totalbytes="2427648" percent="87" regionsoverflowed="0" regionsstable="0" regionsrebuilding="18"/>
  </mem-info>
</gc-start>
<allocation-stats totalBytes="20840064" >
  <allocated-bytes non-tlh="0" tlh="20840064" arrayletleaf="0"/>
  <largest-consumer threadName="main" threadId="0000000001AE6700" bytes="10420032" />
</allocation-stats>
<gc-op id="5410" type="copy forward" timems="1.912" contextid="5407" timestamp="2019-06-16T00:38:04.687">
  <memory-copied type="eden" objects="1" bytes="24" bytesdiscarded="0" />
  <memory-copied type="other" objects="0" bytes="0" bytesdiscarded="0" />
  <memory-cardclean objects="10" bytes="424" />
  <regions eden="20" other="1" />
  <remembered-set-cleared processed="73046" cleared="6" durationms="0.267" />
  <stringconstants candidates="13269" cleared="0"  />
</gc-op>
<gc-op id="5411" type="classunload" timems="0.004" contextid="5407" timestamp="2019-06-16T00:38:04.687">
  <classunload-info classloadercandidates="53" classloadersunloaded="0" classesunloaded="0" anonymousclassesunloaded="0" quiescems="0.000" setupms="0.004" scanms="0.000" postms="0.000" />
</gc-op>
<gc-end id="5412" type="partial gc" contextid="5407" durationms="2.878" usertimems="4.000" systemtimems="0.000" timestamp="2019-06-16T00:38:04.687" activeThreads="4">
  <mem-info id="5413" free="36700160" total="60817408" percent="60">
    <mem type="eden" free="1048552" total="1048576" percent="99" />
    <remembered-set count="74976" freebytes="2127744" totalbytes="2427648" percent="87" regionsoverflowed="0" regionsstable="0" regionsrebuilding="18"/>
  </mem-info>
</gc-end>
<cycle-end id="5414" type="partial gc" contextid="5407" timestamp="2019-06-16T00:38:04.687" />
  <attribute name="elasticGC enabled" value="1" />
  <attribute name= "numThreadsSpecified" value="4" />
  <attribute name="heapSize specified" value="0" />
  <attribute name="Current GC Util" value="53" />
  <attribute name= "Current Time Running" value="23735" />
  <attribute name ="GC Interval" value="0" />
  <attribute name="ProportionalT" value="49.500000" />
  <attribute name="ProportionalI" value="49.500000" />
  <attribute name="ProportionalH" value="49.500000" />
  <attribute name="Current Error" value="33.000000" />
  <attribute name="IntegralT" value="0.000000" />
  <attribute name="IntegralI" value="0.000000" />
  <attribute name="IntegralH" value="0.000000" />
  <attribute name="DerivativeT" value="-inf" />
  <attribute name="DerivativeI" value="-inf" />
  <attribute name="DerivativeH" value="-inf" />
  <attribute name="Loop Time for DT" value="0.000000" />
  <attribute name="Output H" value="2091843584"/>
  <attribute name="Output I" value="200"/>
  <attribute name="Output T" value="4"/>
  <attribute name="Target GC Util Change" value ="20.000000" />
  <attribute name="Current GC Util Change" value="53.000000"/>
  <attribute name="GC Util currently" value="53" />
  <attribute name="CPU Util currently" value="22927627626457" />
<exclusive-end id="5415" timestamp="2019-06-16T00:38:04.687" durationms="3.838" />

<exclusive-start id="5416" timestamp="2019-06-16T00:38:04.691" intervalms="7.146">
  <response-info timems="0.055" idlems="0.055" threads="0" lastid="0000000001AE6700" lastname="main" />
</exclusive-start>
<allocation-taxation id="5417" taxation-threshold="10485760" timestamp="2019-06-16T00:38:04.691" intervalms="7.186" />
<gc-start id="5418" type="global mark phase" contextid="5314" timestamp="2019-06-16T00:38:04.691">
  <mem-info id="5419" free="26214400" total="60817408" percent="43">
    <remembered-set count="74496" freebytes="2129664" totalbytes="2427648" percent="87" regionsoverflowed="0" regionsstable="0" regionsrebuilding="18"/>
  </mem-info>
</gc-start>
<gc-end id="5420" type="global mark phase" contextid="5314" durationms="0.198" usertimems="0.000" systemtimems="0.000" timestamp="2019-06-16T00:38:04.691" activeThreads="4">
  <mem-info id="5421" free="26214400" total="60817408" percent="43">
    <remembered-set count="74496" freebytes="2129664" totalbytes="2427648" percent="87" regionsoverflowed="0" regionsstable="0" regionsrebuilding="18"/>
  </mem-info>
</gc-end>
<concurrent-start id="5422" type="GMP work packet processing" contextid="5314" timestamp="2019-06-16T00:38:04.691">
  <concurrent-mark-start scanTarget="1048576" />
</concurrent-start>
<exclusive-end id="5423" timestamp="2019-06-16T00:38:04.692" durationms="1.033" />

<concurrent-end id="5424" type="GMP work packet processing" contextid="5314" timestamp="2019-06-16T00:38:04.693">
  <concurrent-mark-end bytesScanned="1103364" reasonForTermination="Work target met" />
</concurrent-end>

<exclusive-start id="5425" timestamp="2019-06-16T00:38:04.695" intervalms="4.291">
  <response-info timems="0.028" idlems="0.028" threads="0" lastid="0000000001AE6700" lastname="main" />
</exclusive-start>
<allocation-taxation id="5426" taxation-threshold="10485760" timestamp="2019-06-16T00:38:04.695" intervalms="4.227" />
<cycle-start id="5427" type="partial gc" contextid="0" timestamp="2019-06-16T00:38:04.695" intervalms="11.434" />
<gc-start id="5428" type="partial gc" contextid="5427" timestamp="2019-06-16T00:38:04.696">
  <mem-info id="5429" free="15728640" total="60817408" percent="25">
    <mem type="eden" free="1048552" total="22020096" percent="4" />
    <remembered-set count="88448" freebytes="2073856" totalbytes="2427648" percent="85" regionsoverflowed="0" regionsstable="0" regionsrebuilding="18"/>
  </mem-info>
</gc-start>
<allocation-stats totalBytes="20840064" >
  <allocated-bytes non-tlh="0" tlh="20840064" arrayletleaf="0"/>
  <largest-consumer threadName="main" threadId="0000000001AE6700" bytes="10420032" />
</allocation-stats>
<gc-op id="5430" type="copy forward" timems="2.178" contextid="5427" timestamp="2019-06-16T00:38:04.698">
  <memory-copied type="eden" objects="1" bytes="24" bytesdiscarded="0" />
  <memory-copied type="other" objects="0" bytes="0" bytesdiscarded="0" />
  <memory-cardclean objects="10" bytes="424" />
  <regions eden="20" other="1" />
  <remembered-set-cleared processed="86627" cleared="6" durationms="0.322" />
  <stringconstants candidates="13269" cleared="0"  />
</gc-op>
<gc-op id="5431" type="classunload" timems="0.003" contextid="5427" timestamp="2019-06-16T00:38:04.699">
  <classunload-info classloadercandidates="53" classloadersunloaded="0" classesunloaded="0" anonymousclassesunloaded="0" quiescems="0.000" setupms="0.003" scanms="0.000" postms="0.000" />
</gc-op>
<gc-end id="5432" type="partial gc" contextid="5427" durationms="3.183" usertimems="4.000" systemtimems="0.000" timestamp="2019-06-16T00:38:04.699" activeThreads="4">
  <mem-info id="5433" free="36700160" total="60817408" percent="60">
    <mem type="eden" free="1048552" total="1048576" percent="99" />
    <remembered-set count="88608" freebytes="2073216" totalbytes="2427648" percent="85" regionsoverflowed="0" regionsstable="0" regionsrebuilding="18"/>
  </mem-info>
</gc-end>
<cycle-end id="5434" type="partial gc" contextid="5427" timestamp="2019-06-16T00:38:04.699" />
  <attribute name="elasticGC enabled" value="1" />
  <attribute name= "numThreadsSpecified" value="4" />
  <attribute name="heapSize specified" value="0" />
  <attribute name="Current GC Util" value="58" />
  <attribute name= "Current Time Running" value="23747" />
  <attribute name ="GC Interval" value="0" />
  <attribute name="ProportionalT" value="57.000000" />
  <attribute name="ProportionalI" value="57.000000" />
  <attribute name="ProportionalH" value="57.000000" />
  <attribute name="Current Error" value="38.000000" />
  <attribute name="IntegralT" value="38.000000" />
  <attribute name="IntegralI" value="38.000000" />
  <attribute name="IntegralH" value="38.000000" />
  <attribute name="DerivativeT" value="-10.000000" />
  <attribute name="DerivativeI" value="-10.000000" />
  <attribute name="DerivativeH" value="-10.000000" />
  <attribute name="Loop Time for DT" value="1.000000" />
  <attribute name="Output H" value="8388608"/>
  <attribute name="Output I" value="200"/>
  <attribute name="Output T" value="4"/>
  <attribute name="Target GC Util Change" value ="20.000000" />
  <attribute name="Current GC Util Change" value="58.000000"/>
  <attribute name="GC Util currently" value="58" />
  <attribute name="CPU Util currently" value="20352736897865" />
<exclusive-end id="5435" timestamp="2019-06-16T00:38:04.699" durationms="4.167" />

<exclusive-start id="5436" timestamp="2019-06-16T00:38:04.702" intervalms="7.495">
  <response-info timems="0.055" idlems="0.055" threads="0" lastid="0000000001AE6700" lastname="main" />
</exclusive-start>
<allocation-taxation id="5437" taxation-threshold="10485760" timestamp="2019-06-16T00:38:04.703" intervalms="7.512" />
<gc-start id="5438" type="global mark phase" contextid="5314" timestamp="2019-06-16T00:38:04.703">
  <mem-info id="5439" free="26214400" total="60817408" percent="43">
    <remembered-set count="88608" freebytes="2073216" totalbytes="2427648" percent="85" regionsoverflowed="0" regionsstable="0" regionsrebuilding="18"/>
  </mem-info>
</gc-start>
<gc-end id="5440" type="global mark phase" contextid="5314" durationms="0.214" usertimems="0.000" systemtimems="0.000" timestamp="2019-06-16T00:38:04.703" activeThreads="4">
  <mem-info id="5441" free="26214400" total="60817408" percent="43">
    <remembered-set count="88608" freebytes="2073216" totalbytes="2427648" percent="85" regionsoverflowed="0" regionsstable="0" regionsrebuilding="18"/>
  </mem-info>
</gc-end>
<concurrent-start id="5442" type="GMP work packet processing" contextid="5314" timestamp="2019-06-16T00:38:04.703">
  <concurrent-mark-start scanTarget="1048576" />
</concurrent-start>
<exclusive-end id="5443" timestamp="2019-06-16T00:38:04.703" durationms="0.831" />

<concurrent-end id="5444" type="GMP work packet processing" contextid="5314" timestamp="2019-06-16T00:38:04.705">
  <concurrent-mark-end bytesScanned="1090772" reasonForTermination="Work target met" />
</concurrent-end>

<exclusive-start id="5445" timestamp="2019-06-16T00:38:04.707" intervalms="4.071">
  <response-info timems="0.027" idlems="0.027" threads="0" lastid="0000000001AE6700" lastname="main" />
</exclusive-start>
<allocation-taxation id="5446" taxation-threshold="10485760" timestamp="2019-06-16T00:38:04.707" intervalms="4.032" />
<cycle-start id="5447" type="partial gc" contextid="0" timestamp="2019-06-16T00:38:04.707" intervalms="11.445" />
<gc-start id="5448" type="partial gc" contextid="5447" timestamp="2019-06-16T00:38:04.707">
  <mem-info id="5449" free="15728640" total="60817408" percent="25">
    <mem type="eden" free="1048552" total="22020096" percent="4" />
    <remembered-set count="104064" freebytes="2011392" totalbytes="2427648" percent="82" regionsoverflowed="0" regionsstable="0" regionsrebuilding="18"/>
  </mem-info>
</gc-start>
<allocation-stats totalBytes="20840064" >
  <allocated-bytes non-tlh="0" tlh="20840064" arrayletleaf="0"/>
  <largest-consumer threadName="main" threadId="0000000001AE6700" bytes="10420032" />
</allocation-stats>
<gc-op id="5450" type="copy forward" timems="2.129" contextid="5447" timestamp="2019-06-16T00:38:04.710">
  <memory-copied type="eden" objects="1" bytes="24" bytesdiscarded="0" />
  <memory-copied type="other" objects="0" bytes="0" bytesdiscarded="0" />
  <memory-cardclean objects="10" bytes="424" />
  <regions eden="20" other="1" />
  <remembered-set-cleared processed="101535" cleared="6" durationms="0.343" />
  <stringconstants candidates="13269" cleared="0"  />
</gc-op>
<gc-op id="5451" type="classunload" timems="0.004" contextid="5447" timestamp="2019-06-16T00:38:04.710">
  <classunload-info classloadercandidates="53" classloadersunloaded="0" classesunloaded="0" anonymousclassesunloaded="0" quiescems="0.000" setupms="0.004" scanms="0.000" postms="0.000" />
</gc-op>
<gc-end id="5452" type="partial gc" contextid="5447" durationms="3.054" usertimems="4.000" systemtimems="0.000" timestamp="2019-06-16T00:38:04.710" activeThreads="4">
  <mem-info id="5453" free="36700160" total="60817408" percent="60">
    <mem type="eden" free="1048552" total="1048576" percent="99" />
    <remembered-set count="103360" freebytes="2014208" totalbytes="2427648" percent="82" regionsoverflowed="0" regionsstable="0" regionsrebuilding="18"/>
  </mem-info>
</gc-end>
<cycle-end id="5454" type="partial gc" contextid="5447" timestamp="2019-06-16T00:38:04.710" />
  <attribute name="elasticGC enabled" value="1" />
  <attribute name= "numThreadsSpecified" value="4" />
  <attribute name="heapSize specified" value="0" />
  <attribute name="Current GC Util" value="52" />
  <attribute name= "Current Time Running" value="23758" />
  <attribute name ="GC Interval" value="0" />
  <attribute name="ProportionalT" value="48.000000" />
  <attribute name="ProportionalI" value="48.000000" />
  <attribute name="ProportionalH" value="48.000000" />
  <attribute name="Current Error" value="32.000000" />
  <attribute name="IntegralT" value="0.000000" />
  <attribute name="IntegralI" value="0.000000" />
  <attribute name="IntegralH" value="0.000000" />
  <attribute name="DerivativeT" value="-inf" />
  <attribute name="DerivativeI" value="-inf" />
  <attribute name="DerivativeH" value="-inf" />
  <attribute name="Loop Time for DT" value="0.000000" />
  <attribute name="Output H" value="2091843584"/>
  <attribute name="Output I" value="200"/>
  <attribute name="Output T" value="4"/>
  <attribute name="Target GC Util Change" value ="20.000000" />
  <attribute name="Current GC Util Change" value="52.000000"/>
  <attribute name="GC Util currently" value="52" />
  <attribute name="CPU Util currently" value="23015505821640" />
<exclusive-end id="5455" timestamp="2019-06-16T00:38:04.710" durationms="3.768" />

<exclusive-start id="5456" timestamp="2019-06-16T00:38:04.714" intervalms="7.119">
  <response-info timems="0.069" idlems="0.069" threads="0" lastid="0000000001AE6700" lastname="main" />
</exclusive-start>
<allocation-taxation id="5457" taxation-threshold="10485760" timestamp="2019-06-16T00:38:04.714" intervalms="7.220" />
<gc-start id="5458" type="global mark phase" contextid="5314" timestamp="2019-06-16T00:38:04.714">
  <mem-info id="5459" free="26214400" total="60817408" percent="43">
    <remembered-set count="103360" freebytes="2014208" totalbytes="2427648" percent="82" regionsoverflowed="0" regionsstable="0" regionsrebuilding="18"/>
  </mem-info>
</gc-start>
<gc-end id="5460" type="global mark phase" contextid="5314" durationms="0.195" usertimems="0.000" systemtimems="0.000" timestamp="2019-06-16T00:38:04.714" activeThreads="4">
  <mem-info id="5461" free="26214400" total="60817408" percent="43">
    <remembered-set count="103360" freebytes="2014208" totalbytes="2427648" percent="82" regionsoverflowed="0" regionsstable="0" regionsrebuilding="18"/>
  </mem-info>
</gc-end>
<concurrent-start id="5462" type="GMP work packet processing" contextid="5314" timestamp="2019-06-16T00:38:04.714">
  <concurrent-mark-start scanTarget="1048576" />
</concurrent-start>
<exclusive-end id="5463" timestamp="2019-06-16T00:38:04.715" durationms="0.947" />

<concurrent-end id="5464" type="GMP work packet processing" contextid="5314" timestamp="2019-06-16T00:38:04.716">
  <concurrent-mark-end bytesScanned="1092640" reasonForTermination="Work target met" />
</concurrent-end>

<exclusive-start id="5465" timestamp="2019-06-16T00:38:04.718" intervalms="4.199">
  <response-info timems="0.026" idlems="0.026" threads="0" lastid="0000000001AE6700" lastname="main" />
</exclusive-start>
<allocation-taxation id="5466" taxation-threshold="10485760" timestamp="2019-06-16T00:38:04.718" intervalms="4.122" />
<cycle-start id="5467" type="partial gc" contextid="0" timestamp="2019-06-16T00:38:04.718" intervalms="11.400" />
<gc-start id="5468" type="partial gc" contextid="5467" timestamp="2019-06-16T00:38:04.718">
  <mem-info id="5469" free="15728640" total="60817408" percent="25">
    <mem type="eden" free="1048552" total="22020096" percent="4" />
    <remembered-set count="111296" freebytes="1982464" totalbytes="2427648" percent="81" regionsoverflowed="0" regionsstable="0" regionsrebuilding="18"/>
  </mem-info>
</gc-start>
<allocation-stats totalBytes="20840064" >
  <allocated-bytes non-tlh="0" tlh="20840064" arrayletleaf="0"/>
  <largest-consumer threadName="main" threadId="0000000001AE6700" bytes="10420032" />
</allocation-stats>
<gc-op id="5470" type="copy forward" timems="1.894" contextid="5467" timestamp="2019-06-16T00:38:04.721">
  <memory-copied type="eden" objects="1" bytes="24" bytesdiscarded="0" />
  <memory-copied type="other" objects="0" bytes="0" bytesdiscarded="0" />
  <memory-cardclean objects="10" bytes="424" />
  <regions eden="20" other="1" />
  <remembered-set-cleared processed="109051" cleared="7" durationms="0.426" />
  <stringconstants candidates="13269" cleared="0"  />
</gc-op>
<gc-op id="5471" type="classunload" timems="0.004" contextid="5467" timestamp="2019-06-16T00:38:04.721">
  <classunload-info classloadercandidates="53" classloadersunloaded="0" classesunloaded="0" anonymousclassesunloaded="0" quiescems="0.000" setupms="0.004" scanms="0.000" postms="0.000" />
</gc-op>
<gc-end id="5472" type="partial gc" contextid="5467" durationms="2.794" usertimems="4.000" systemtimems="0.000" timestamp="2019-06-16T00:38:04.721" activeThreads="4">
  <mem-info id="5473" free="36700160" total="60817408" percent="60">
    <mem type="eden" free="1048552" total="1048576" percent="99" />
    <remembered-set count="110944" freebytes="1983872" totalbytes="2427648" percent="81" regionsoverflowed="0" regionsstable="0" regionsrebuilding="18"/>
  </mem-info>
</gc-end>
<cycle-end id="5474" type="partial gc" contextid="5467" timestamp="2019-06-16T00:38:04.721" />
  <attribute name="elasticGC enabled" value="1" />
  <attribute name= "numThreadsSpecified" value="4" />
  <attribute name="heapSize specified" value="0" />
  <attribute name="Current GC Util" value="59" />
  <attribute name= "Current Time Running" value="23769" />
  <attribute name ="GC Interval" value="0" />
  <attribute name="ProportionalT" value="58.500000" />
  <attribute name="ProportionalI" value="58.500000" />
  <attribute name="ProportionalH" value="58.500000" />
  <attribute name="Current Error" value="39.000000" />
  <attribute name="IntegralT" value="0.000000" />
  <attribute name="IntegralI" value="0.000000" />
  <attribute name="IntegralH" value="0.000000" />
  <attribute name="DerivativeT" value="-inf" />
  <attribute name="DerivativeI" value="-inf" />
  <attribute name="DerivativeH" value="-inf" />
  <attribute name="Loop Time for DT" value="0.000000" />
  <attribute name="Output H" value="2091843584"/>
  <attribute name="Output I" value="200"/>
  <attribute name="Output T" value="4"/>
  <attribute name="Target GC Util Change" value ="20.000000" />
  <attribute name="Current GC Util Change" value="59.000000"/>
  <attribute name="GC Util currently" value="59" />
  <attribute name="CPU Util currently" value="25667391776058" />
<exclusive-end id="5475" timestamp="2019-06-16T00:38:04.721" durationms="3.549" />

<exclusive-start id="5476" timestamp="2019-06-16T00:38:04.725" intervalms="6.905">
  <response-info timems="0.070" idlems="0.070" threads="0" lastid="0000000001AE6700" lastname="main" />
</exclusive-start>
<allocation-taxation id="5477" taxation-threshold="10485760" timestamp="2019-06-16T00:38:04.725" intervalms="6.948" />
<gc-start id="5478" type="global mark phase" contextid="5314" timestamp="2019-06-16T00:38:04.725">
  <mem-info id="5479" free="26214400" total="60817408" percent="43">
    <remembered-set count="110464" freebytes="1985792" totalbytes="2427648" percent="81" regionsoverflowed="0" regionsstable="0" regionsrebuilding="18"/>
  </mem-info>
</gc-start>
<gc-end id="5480" type="global mark phase" contextid="5314" durationms="0.191" usertimems="0.000" systemtimems="0.000" timestamp="2019-06-16T00:38:04.725" activeThreads="4">
  <mem-info id="5481" free="26214400" total="60817408" percent="43">
    <remembered-set count="110464" freebytes="1985792" totalbytes="2427648" percent="81" regionsoverflowed="0" regionsstable="0" regionsrebuilding="18"/>
  </mem-info>
</gc-end>
<concurrent-start id="5482" type="GMP work packet processing" contextid="5314" timestamp="2019-06-16T00:38:04.725">
  <concurrent-mark-start scanTarget="1048576" />
</concurrent-start>
<exclusive-end id="5483" timestamp="2019-06-16T00:38:04.726" durationms="0.864" />

<concurrent-end id="5484" type="GMP work packet processing" contextid="5314" timestamp="2019-06-16T00:38:04.726">
  <concurrent-mark-end bytesScanned="1084572" reasonForTermination="Work target met" />
</concurrent-end>

<exclusive-start id="5485" timestamp="2019-06-16T00:38:04.729" intervalms="4.115">
  <response-info timems="0.023" idlems="0.023" threads="0" lastid="0000000001AE6700" lastname="main" />
</exclusive-start>
<allocation-taxation id="5486" taxation-threshold="10485760" timestamp="2019-06-16T00:38:04.729" intervalms="4.079" />
<cycle-start id="5487" type="partial gc" contextid="0" timestamp="2019-06-16T00:38:04.729" intervalms="11.016" />
<gc-start id="5488" type="partial gc" contextid="5487" timestamp="2019-06-16T00:38:04.729">
  <mem-info id="5489" free="15728640" total="60817408" percent="25">
    <mem type="eden" free="1048552" total="22020096" percent="4" />
    <remembered-set count="115808" freebytes="1964416" totalbytes="2427648" percent="80" regionsoverflowed="0" regionsstable="0" regionsrebuilding="18"/>
  </mem-info>
</gc-start>
<allocation-stats totalBytes="20840064" >
  <allocated-bytes non-tlh="0" tlh="20840064" arrayletleaf="0"/>
  <largest-consumer threadName="main" threadId="0000000001AE6700" bytes="10420032" />
</allocation-stats>
<gc-op id="5490" type="copy forward" timems="2.024" contextid="5487" timestamp="2019-06-16T00:38:04.732">
  <memory-copied type="eden" objects="1" bytes="24" bytesdiscarded="0" />
  <memory-copied type="other" objects="0" bytes="0" bytesdiscarded="0" />
  <memory-cardclean objects="10" bytes="424" />
  <regions eden="20" other="1" />
  <remembered-set-cleared processed="113867" cleared="6" durationms="0.433" />
  <stringconstants candidates="13269" cleared="0"  />
</gc-op>
<gc-op id="5491" type="classunload" timems="0.003" contextid="5487" timestamp="2019-06-16T00:38:04.732">
  <classunload-info classloadercandidates="53" classloadersunloaded="0" classesunloaded="0" anonymousclassesunloaded="0" quiescems="0.000" setupms="0.003" scanms="0.000" postms="0.000" />
</gc-op>
<gc-end id="5492" type="partial gc" contextid="5487" durationms="3.013" usertimems="4.000" systemtimems="0.000" timestamp="2019-06-16T00:38:04.732" activeThreads="4">
  <mem-info id="5493" free="36700160" total="60817408" percent="60">
    <mem type="eden" free="1048552" total="1048576" percent="99" />
    <remembered-set count="115712" freebytes="1964800" totalbytes="2427648" percent="80" regionsoverflowed="0" regionsstable="0" regionsrebuilding="18"/>
  </mem-info>
</gc-end>
<cycle-end id="5494" type="partial gc" contextid="5487" timestamp="2019-06-16T00:38:04.733" />
  <attribute name="elasticGC enabled" value="1" />
  <attribute name= "numThreadsSpecified" value="4" />
  <attribute name="heapSize specified" value="0" />
  <attribute name="Current GC Util" value="54" />
  <attribute name= "Current Time Running" value="23781" />
  <attribute name ="GC Interval" value="0" />
  <attribute name="ProportionalT" value="51.000000" />
  <attribute name="ProportionalI" value="51.000000" />
  <attribute name="ProportionalH" value="51.000000" />
  <attribute name="Current Error" value="34.000000" />
  <attribute name="IntegralT" value="34.000000" />
  <attribute name="IntegralI" value="34.000000" />
  <attribute name="IntegralH" value="34.000000" />
  <attribute name="DerivativeT" value="9.500000" />
  <attribute name="DerivativeI" value="9.500000" />
  <attribute name="DerivativeH" value="9.500000" />
  <attribute name="Loop Time for DT" value="1.000000" />
  <attribute name="Output H" value="8388608"/>
  <attribute name="Output I" value="200"/>
  <attribute name="Output T" value="4"/>
  <attribute name="Target GC Util Change" value ="20.000000" />
  <attribute name="Current GC Util Change" value="54.000000"/>
  <attribute name="GC Util currently" value="54" />
  <attribute name="CPU Util currently" value="22650160593587" />
<exclusive-end id="5495" timestamp="2019-06-16T00:38:04.733" durationms="3.960" />

<exclusive-start id="5496" timestamp="2019-06-16T00:38:04.736" intervalms="7.374">
  <response-info timems="0.072" idlems="0.072" threads="0" lastid="0000000001AE6700" lastname="main" />
</exclusive-start>
<allocation-taxation id="5497" taxation-threshold="10485760" timestamp="2019-06-16T00:38:04.736" intervalms="7.437" />
<gc-start id="5498" type="global mark phase" contextid="5314" timestamp="2019-06-16T00:38:04.737">
  <mem-info id="5499" free="26214400" total="60817408" percent="43">
    <remembered-set count="115232" freebytes="1966720" totalbytes="2427648" percent="81" regionsoverflowed="0" regionsstable="0" regionsrebuilding="18"/>
  </mem-info>
</gc-start>
<gc-end id="5500" type="global mark phase" contextid="5314" durationms="0.193" usertimems="0.000" systemtimems="0.000" timestamp="2019-06-16T00:38:04.737" activeThreads="4">
  <mem-info id="5501" free="26214400" total="60817408" percent="43">
    <remembered-set count="115232" freebytes="1966720" totalbytes="2427648" percent="81" regionsoverflowed="0" regionsstable="0" regionsrebuilding="18"/>
  </mem-info>
</gc-end>
<concurrent-start id="5502" type="GMP work packet processing" contextid="5314" timestamp="2019-06-16T00:38:04.737">
  <concurrent-mark-start scanTarget="1048576" />
</concurrent-start>
<exclusive-end id="5503" timestamp="2019-06-16T00:38:04.737" durationms="0.906" />

<concurrent-end id="5504" type="GMP work packet processing" contextid="5314" timestamp="2019-06-16T00:38:04.738">
  <concurrent-mark-end bytesScanned="1052240" reasonForTermination="Work target met" />
</concurrent-end>

<exclusive-start id="5505" timestamp="2019-06-16T00:38:04.740" intervalms="4.138">
  <response-info timems="0.023" idlems="0.023" threads="0" lastid="0000000001AE6700" lastname="main" />
</exclusive-start>
<allocation-taxation id="5506" taxation-threshold="10485760" timestamp="2019-06-16T00:38:04.740" intervalms="4.049" />
<cycle-start id="5507" type="partial gc" contextid="0" timestamp="2019-06-16T00:38:04.741" intervalms="11.482" />
<gc-start id="5508" type="partial gc" contextid="5507" timestamp="2019-06-16T00:38:04.741">
  <mem-info id="5509" free="15728640" total="60817408" percent="25">
    <mem type="eden" free="1048552" total="22020096" percent="4" />
    <remembered-set count="124000" freebytes="1931648" totalbytes="2427648" percent="79" regionsoverflowed="0" regionsstable="0" regionsrebuilding="18"/>
  </mem-info>
</gc-start>
<allocation-stats totalBytes="20840064" >
  <allocated-bytes non-tlh="0" tlh="20840064" arrayletleaf="0"/>
  <largest-consumer threadName="main" threadId="0000000001AE6700" bytes="10420032" />
</allocation-stats>
<gc-op id="5510" type="copy forward" timems="2.420" contextid="5507" timestamp="2019-06-16T00:38:04.744">
  <memory-copied type="eden" objects="1" bytes="24" bytesdiscarded="0" />
  <memory-copied type="other" objects="0" bytes="0" bytesdiscarded="0" />
  <memory-cardclean objects="10" bytes="424" />
  <regions eden="20" other="1" />
  <remembered-set-cleared processed="122007" cleared="6" durationms="0.448" />
  <stringconstants candidates="13269" cleared="0"  />
</gc-op>
<gc-op id="5511" type="classunload" timems="0.004" contextid="5507" timestamp="2019-06-16T00:38:04.744">
  <classunload-info classloadercandidates="53" classloadersunloaded="0" classesunloaded="0" anonymousclassesunloaded="0" quiescems="0.000" setupms="0.004" scanms="0.000" postms="0.000" />
</gc-op>
<gc-end id="5512" type="partial gc" contextid="5507" durationms="3.412" usertimems="4.000" systemtimems="0.000" timestamp="2019-06-16T00:38:04.744" activeThreads="4">
  <mem-info id="5513" free="36700160" total="60817408" percent="60">
    <mem type="eden" free="1048552" total="1048576" percent="99" />
    <remembered-set count="123872" freebytes="1932160" totalbytes="2427648" percent="79" regionsoverflowed="0" regionsstable="0" regionsrebuilding="18"/>
  </mem-info>
</gc-end>
<cycle-end id="5514" type="partial gc" contextid="5507" timestamp="2019-06-16T00:38:04.744" />
  <attribute name="elasticGC enabled" value="1" />
  <attribute name= "numThreadsSpecified" value="4" />
  <attribute name="heapSize specified" value="0" />
  <attribute name="Current GC Util" value="55" />
  <attribute name= "Current Time Running" value="23792" />
  <attribute name ="GC Interval" value="0" />
  <attribute name="ProportionalT" value="52.500000" />
  <attribute name="ProportionalI" value="52.500000" />
  <attribute name="ProportionalH" value="52.500000" />
  <attribute name="Current Error" value="35.000000" />
  <attribute name="IntegralT" value="0.000000" />
  <attribute name="IntegralI" value="0.000000" />
  <attribute name="IntegralH" value="0.000000" />
  <attribute name="DerivativeT" value="-inf" />
  <attribute name="DerivativeI" value="-inf" />
  <attribute name="DerivativeH" value="-inf" />
  <attribute name="Loop Time for DT" value="0.000000" />
  <attribute name="Output H" value="2091843584"/>
  <attribute name="Output I" value="200"/>
  <attribute name="Output T" value="4"/>
  <attribute name="Target GC Util Change" value ="20.000000" />
  <attribute name="Current GC Util Change" value="55.000000"/>
  <attribute name="GC Util currently" value="55" />
  <attribute name="CPU Util currently" value="22318245137376" />
<exclusive-end id="5515" timestamp="2019-06-16T00:38:04.745" durationms="4.283" />

<exclusive-start id="5516" timestamp="2019-06-16T00:38:04.748" intervalms="7.690">
  <response-info timems="0.067" idlems="0.067" threads="0" lastid="0000000001AE6700" lastname="main" />
</exclusive-start>
<allocation-taxation id="5517" taxation-threshold="10485760" timestamp="2019-06-16T00:38:04.748" intervalms="7.757" />
<gc-start id="5518" type="global mark phase" contextid="5314" timestamp="2019-06-16T00:38:04.748">
  <mem-info id="5519" free="26214400" total="60817408" percent="43">
    <remembered-set count="123392" freebytes="1934080" totalbytes="2427648" percent="79" regionsoverflowed="0" regionsstable="0" regionsrebuilding="18"/>
  </mem-info>
</gc-start>
<gc-end id="5520" type="global mark phase" contextid="5314" durationms="0.195" usertimems="0.000" systemtimems="0.000" timestamp="2019-06-16T00:38:04.749" activeThreads="4">
  <mem-info id="5521" free="26214400" total="60817408" percent="43">
    <remembered-set count="123392" freebytes="1934080" totalbytes="2427648" percent="79" regionsoverflowed="0" regionsstable="0" regionsrebuilding="18"/>
  </mem-info>
</gc-end>
<concurrent-start id="5522" type="GMP work packet processing" contextid="5314" timestamp="2019-06-16T00:38:04.749">
  <concurrent-mark-start scanTarget="1048576" />
</concurrent-start>
<exclusive-end id="5523" timestamp="2019-06-16T00:38:04.749" durationms="0.886" />

<concurrent-end id="5524" type="GMP work packet processing" contextid="5314" timestamp="2019-06-16T00:38:04.749">
  <concurrent-mark-end bytesScanned="0" reasonForTermination="Completed all work in GC phase" />
</concurrent-end>

<exclusive-start id="5525" timestamp="2019-06-16T00:38:04.752" intervalms="4.111">
  <response-info timems="0.023" idlems="0.023" threads="0" lastid="0000000001AE6700" lastname="main" />
</exclusive-start>
<allocation-taxation id="5526" taxation-threshold="10485760" timestamp="2019-06-16T00:38:04.752" intervalms="4.040" />
<cycle-start id="5527" type="partial gc" contextid="0" timestamp="2019-06-16T00:38:04.752" intervalms="11.806" />
<gc-start id="5528" type="partial gc" contextid="5527" timestamp="2019-06-16T00:38:04.753">
  <mem-info id="5529" free="15728640" total="60817408" percent="25">
    <mem type="eden" free="1048552" total="22020096" percent="4" />
    <remembered-set count="123392" freebytes="1934080" totalbytes="2427648" percent="79" regionsoverflowed="0" regionsstable="0" regionsrebuilding="18"/>
  </mem-info>
</gc-start>
<allocation-stats totalBytes="20840064" >
  <allocated-bytes non-tlh="0" tlh="20840064" arrayletleaf="0"/>
  <largest-consumer threadName="main" threadId="0000000001AE6700" bytes="10420032" />
</allocation-stats>
<gc-op id="5530" type="copy forward" timems="1.877" contextid="5527" timestamp="2019-06-16T00:38:04.755">
  <memory-copied type="eden" objects="1" bytes="24" bytesdiscarded="0" />
  <memory-copied type="other" objects="0" bytes="0" bytesdiscarded="0" />
  <memory-cardclean objects="10" bytes="424" />
  <regions eden="20" other="1" />
  <remembered-set-cleared processed="122007" cleared="6" durationms="0.710" />
  <stringconstants candidates="13269" cleared="0"  />
</gc-op>
<gc-op id="5531" type="classunload" timems="0.003" contextid="5527" timestamp="2019-06-16T00:38:04.756">
  <classunload-info classloadercandidates="53" classloadersunloaded="0" classesunloaded="0" anonymousclassesunloaded="0" quiescems="0.000" setupms="0.003" scanms="0.000" postms="0.000" />
</gc-op>
<gc-end id="5532" type="partial gc" contextid="5527" durationms="3.128" usertimems="4.000" systemtimems="0.000" timestamp="2019-06-16T00:38:04.756" activeThreads="1">
  <mem-info id="5533" free="36700160" total="60817408" percent="60">
    <mem type="eden" free="1048552" total="1048576" percent="99" />
    <remembered-set count="123872" freebytes="1932160" totalbytes="2427648" percent="79" regionsoverflowed="0" regionsstable="0" regionsrebuilding="18"/>
  </mem-info>
</gc-end>
<cycle-end id="5534" type="partial gc" contextid="5527" timestamp="2019-06-16T00:38:04.756" />
  <attribute name="elasticGC enabled" value="1" />
  <attribute name= "numThreadsSpecified" value="1" />
  <attribute name="heapSize specified" value="0" />
  <attribute name="Current GC Util" value="168" />
  <attribute name= "Current Time Running" value="23804" />
  <attribute name ="GC Interval" value="0" />
  <attribute name="ProportionalT" value="222.000000" />
  <attribute name="ProportionalI" value="222.000000" />
  <attribute name="ProportionalH" value="222.000000" />
  <attribute name="Current Error" value="148.000000" />
  <attribute name="IntegralT" value="0.000000" />
  <attribute name="IntegralI" value="0.000000" />
  <attribute name="IntegralH" value="0.000000" />
  <attribute name="DerivativeT" value="inf" />
  <attribute name="DerivativeI" value="inf" />
  <attribute name="DerivativeH" value="inf" />
  <attribute name="Loop Time for DT" value="0.000000" />
  <attribute name="Output H" value="8388608"/>
  <attribute name="Output I" value="200"/>
  <attribute name="Output T" value="1"/>
  <attribute name="Target GC Util Change" value ="20.000000" />
  <attribute name="Current GC Util Change" value="168.000000"/>
  <attribute name="GC Util currently" value="168" />
  <attribute name="CPU Util currently" value="10431979286862" />
<exclusive-end id="5535" timestamp="2019-06-16T00:38:04.756" durationms="4.036" />

<exclusive-start id="5536" timestamp="2019-06-16T00:38:04.760" intervalms="7.417">
  <response-info timems="0.070" idlems="0.070" threads="0" lastid="0000000001AE6700" lastname="main" />
</exclusive-start>
<allocation-taxation id="5537" taxation-threshold="10485760" timestamp="2019-06-16T00:38:04.760" intervalms="7.519" />
<gc-start id="5538" type="global mark phase" contextid="5314" timestamp="2019-06-16T00:38:04.760">
  <mem-info id="5539" free="26214400" total="60817408" percent="43">
    <remembered-set count="123392" freebytes="1934080" totalbytes="2427648" percent="79" regionsoverflowed="0" regionsstable="0" regionsrebuilding="18"/>
  </mem-info>
</gc-start>
<gc-op id="5540" type="mark increment" timems="3.632" contextid="5314" timestamp="2019-06-16T00:38:04.764">
  <trace-info objectcount="354" scancount="354" scanbytes="126080" />
  <cardclean-info objects="38444" bytes="1205932" />
  <finalization candidates="80" enqueued="0" />
  <ownableSynchronizers candidates="21" cleared="0" />
  <references type="soft" candidates="1851" cleared="0" enqueued="0" dynamicThreshold="19" maxThreshold="32" />
  <references type="weak" candidates="5744" cleared="0" enqueued="0" />
  <references type="phantom" candidates="101" cleared="0" enqueued="0" />
  <stringconstants candidates="13269" cleared="0"  />
</gc-op>
<gc-op id="5541" type="classunload" timems="0.004" contextid="5314" timestamp="2019-06-16T00:38:04.764">
  <classunload-info classloadercandidates="53" classloadersunloaded="0" classesunloaded="0" anonymousclassesunloaded="0" quiescems="0.000" setupms="0.004" scanms="0.000" postms="0.000" />
</gc-op>
<gc-end id="5542" type="global mark phase" contextid="5314" durationms="4.071" usertimems="8.000" systemtimems="0.000" timestamp="2019-06-16T00:38:04.764" activeThreads="4">
  <mem-info id="5543" free="26214400" total="60817408" percent="43">
    <remembered-set count="132608" freebytes="1897216" totalbytes="2427648" percent="78" regionsoverflowed="0" regionsstable="0" regionsrebuilding="0"/>
  </mem-info>
</gc-end>
<cycle-end id="5544" type="global mark phase" contextid="5314" timestamp="2019-06-16T00:38:04.764" />
  <attribute name="elasticGC enabled" value="1" />
  <attribute name= "numThreadsSpecified" value="4" />
  <attribute name="heapSize specified" value="0" />
  <attribute name="Current GC Util" value="214" />
  <attribute name= "Current Time Running" value="23813" />
  <attribute name ="GC Interval" value="0" />
  <attribute name="ProportionalT" value="291.000000" />
  <attribute name="ProportionalI" value="291.000000" />
  <attribute name="ProportionalH" value="291.000000" />
  <attribute name="Current Error" value="194.000000" />
  <attribute name="IntegralT" value="194.000000" />
  <attribute name="IntegralI" value="194.000000" />
  <attribute name="IntegralH" value="194.000000" />
  <attribute name="DerivativeT" value="-40.000000" />
  <attribute name="DerivativeI" value="-40.000000" />
  <attribute name="DerivativeH" value="-40.000000" />
  <attribute name="Loop Time for DT" value="1.000000" />
  <attribute name="Output H" value="8388608"/>
  <attribute name="Output I" value="448"/>
  <attribute name="Output T" value="4"/>
  <attribute name="Target GC Util Change" value ="20.000000" />
  <attribute name="Current GC Util Change" value="214.000000"/>
  <attribute name="GC Util currently" value="214" />
  <attribute name="CPU Util currently" value="6723230908964" />
<exclusive-end id="5545" timestamp="2019-06-16T00:38:04.764" durationms="4.847" />

<exclusive-start id="5546" timestamp="2019-06-16T00:38:04.768" intervalms="8.214">
  <response-info timems="0.084" idlems="0.084" threads="0" lastid="0000000001AE6700" lastname="main" />
</exclusive-start>
<allocation-taxation id="5547" taxation-threshold="10485760" timestamp="2019-06-16T00:38:04.768" intervalms="8.174" />
<cycle-start id="5548" type="partial gc" contextid="0" timestamp="2019-06-16T00:38:04.768" intervalms="15.778" />
<gc-start id="5549" type="partial gc" contextid="5548" timestamp="2019-06-16T00:38:04.768">
  <mem-info id="5550" free="15728640" total="60817408" percent="25">
    <mem type="eden" free="1048552" total="22020096" percent="4" />
    <remembered-set count="3328" freebytes="2414336" totalbytes="2427648" percent="99" regionsoverflowed="0" regionsstable="17" regionsrebuilding="0"/>
  </mem-info>
</gc-start>
<allocation-stats totalBytes="20840064" >
  <allocated-bytes non-tlh="0" tlh="20840064" arrayletleaf="0"/>
  <largest-consumer threadName="main" threadId="0000000001AE6700" bytes="10420032" />
</allocation-stats>
<gc-op id="5551" type="sweep" timems="1.223" contextid="5548" timestamp="2019-06-16T00:38:04.770" />
<gc-op id="5552" type="copy forward" timems="0.944" contextid="5548" timestamp="2019-06-16T00:38:04.772">
  <memory-copied type="eden" objects="1" bytes="24" bytesdiscarded="0" />
  <memory-copied type="other" objects="0" bytes="0" bytesdiscarded="0" />
  <memory-cardclean objects="10" bytes="424" />
  <regions eden="10" other="1" />
  <remembered-set-cleared processed="2266" cleared="0" durationms="0.097" />
  <stringconstants candidates="13269" cleared="0"  />
</gc-op>
<gc-op id="5553" type="classunload" timems="0.003" contextid="5548" timestamp="2019-06-16T00:38:04.772">
  <classunload-info classloadercandidates="53" classloadersunloaded="0" classesunloaded="0" anonymousclassesunloaded="0" quiescems="0.000" setupms="0.003" scanms="0.000" postms="0.000" />
</gc-op>
<gc-end id="5554" type="partial gc" contextid="5548" durationms="3.645" usertimems="4.000" systemtimems="0.000" timestamp="2019-06-16T00:38:04.772" activeThreads="1">
  <mem-info id="5555" free="36700160" total="60817408" percent="60">
    <mem type="eden" free="1048552" total="1048576" percent="99" />
    <remembered-set count="3808" freebytes="2412416" totalbytes="2427648" percent="99" regionsoverflowed="0" regionsstable="17" regionsrebuilding="0"/>
  </mem-info>
</gc-end>
<cycle-end id="5556" type="partial gc" contextid="5548" timestamp="2019-06-16T00:38:04.772" />
  <attribute name="elasticGC enabled" value="1" />
  <attribute name= "numThreadsSpecified" value="1" />
  <attribute name="heapSize specified" value="0" />
  <attribute name="Current GC Util" value="182" />
  <attribute name= "Current Time Running" value="23821" />
  <attribute name ="GC Interval" value="0" />
  <attribute name="ProportionalT" value="243.000000" />
  <attribute name="ProportionalI" value="243.000000" />
  <attribute name="ProportionalH" value="243.000000" />
  <attribute name="Current Error" value="162.000000" />
  <attribute name="IntegralT" value="0.000000" />
  <attribute name="IntegralI" value="0.000000" />
  <attribute name="IntegralH" value="0.000000" />
  <attribute name="DerivativeT" value="inf" />
  <attribute name="DerivativeI" value="inf" />
  <attribute name="DerivativeH" value="inf" />
  <attribute name="Loop Time for DT" value="0.000000" />
  <attribute name="Output H" value="8388608"/>
  <attribute name="Output I" value="200"/>
  <attribute name="Output T" value="1"/>
  <attribute name="Target GC Util Change" value ="20.000000" />
  <attribute name="Current GC Util Change" value="182.000000"/>
  <attribute name="GC Util currently" value="182" />
  <attribute name="CPU Util currently" value="11426490715786" />
<exclusive-end id="5557" timestamp="2019-06-16T00:38:04.773" durationms="4.714" />

<exclusive-start id="5558" timestamp="2019-06-16T00:38:04.776" intervalms="8.086">
  <response-info timems="0.067" idlems="0.067" threads="0" lastid="0000000001AE6700" lastname="main" />
</exclusive-start>
<allocation-taxation id="5559" taxation-threshold="10485760" timestamp="2019-06-16T00:38:04.776" intervalms="8.078" />
<cycle-start id="5560" type="global mark phase" contextid="0" timestamp="2019-06-16T00:38:04.776" intervalms="152.652" />
<gc-start id="5561" type="global mark phase" contextid="5560" timestamp="2019-06-16T00:38:04.776">
  <mem-info id="5562" free="26214400" total="60817408" percent="43">
    <remembered-set count="3328" freebytes="2414336" totalbytes="2427648" percent="99" regionsoverflowed="0" regionsstable="17" regionsrebuilding="0"/>
  </mem-info>
</gc-start>
<gc-op id="5563" type="mark increment" timems="1.053" contextid="5560" timestamp="2019-06-16T00:38:04.778">
  <trace-info objectcount="172" scancount="0" scanbytes="0" />
</gc-op>
<gc-end id="5564" type="global mark phase" contextid="5560" durationms="1.295" usertimems="4.000" systemtimems="0.000" timestamp="2019-06-16T00:38:04.778" activeThreads="4">
  <mem-info id="5565" free="26214400" total="60817408" percent="43">
    <remembered-set count="3328" freebytes="2414336" totalbytes="2427648" percent="99" regionsoverflowed="0" regionsstable="0" regionsrebuilding="17"/>
  </mem-info>
</gc-end>
<concurrent-start id="5566" type="GMP work packet processing" contextid="5560" timestamp="2019-06-16T00:38:04.778">
  <concurrent-mark-start scanTarget="1048576" />
</concurrent-start>
<exclusive-end id="5567" timestamp="2019-06-16T00:38:04.778" durationms="2.165" />

<concurrent-end id="5568" type="GMP work packet processing" contextid="5560" timestamp="2019-06-16T00:38:04.780">
  <concurrent-mark-end bytesScanned="1122424" reasonForTermination="Work target met" />
</concurrent-end>

<exclusive-start id="5569" timestamp="2019-06-16T00:38:04.781" intervalms="5.467">
  <response-info timems="0.024" idlems="0.024" threads="0" lastid="0000000001AE6700" lastname="main" />
</exclusive-start>
<allocation-taxation id="5570" taxation-threshold="10485760" timestamp="2019-06-16T00:38:04.782" intervalms="5.449" />
<cycle-start id="5571" type="partial gc" contextid="0" timestamp="2019-06-16T00:38:04.782" intervalms="13.462" />
<gc-start id="5572" type="partial gc" contextid="5571" timestamp="2019-06-16T00:38:04.782">
  <mem-info id="5573" free="15728640" total="60817408" percent="25">
    <mem type="eden" free="1048552" total="22020096" percent="4" />
    <remembered-set count="13472" freebytes="2373760" totalbytes="2427648" percent="97" regionsoverflowed="0" regionsstable="0" regionsrebuilding="17"/>
  </mem-info>
</gc-start>
<allocation-stats totalBytes="20840064" >
  <allocated-bytes non-tlh="0" tlh="20840064" arrayletleaf="0"/>
  <largest-consumer threadName="main" threadId="0000000001AE6700" bytes="10420032" />
</allocation-stats>
<gc-op id="5574" type="copy forward" timems="3.129" contextid="5571" timestamp="2019-06-16T00:38:04.786">
  <memory-copied type="eden" objects="1" bytes="24" bytesdiscarded="0" />
  <memory-copied type="other" objects="20792" bytes="792544" bytesdiscarded="67096" />
  <memory-cardclean objects="10919" bytes="593616" />
  <regions eden="20" other="6" />
  <remembered-set-cleared processed="9214" cleared="1134" durationms="0.138" />
  <finalization candidates="11" enqueued="0" />
  <references type="soft" candidates="76" cleared="0" enqueued="0" dynamicThreshold="13" maxThreshold="32" />
  <references type="weak" candidates="318" cleared="0" enqueued="0" />
  <references type="phantom" candidates="53" cleared="0" enqueued="0" />
  <stringconstants candidates="13269" cleared="0"  />
</gc-op>
<gc-op id="5575" type="classunload" timems="0.004" contextid="5571" timestamp="2019-06-16T00:38:04.786">
  <classunload-info classloadercandidates="53" classloadersunloaded="0" classesunloaded="0" anonymousclassesunloaded="0" quiescems="0.000" setupms="0.004" scanms="0.000" postms="0.000" />
</gc-op>
<heap-resize id="5576" type="contract" space="default" amount="3145728" count="1" timems="0.222" reason="excess free space following gc" timestamp="2019-06-16T00:38:04.786" />
<gc-end id="5577" type="partial gc" contextid="5571" durationms="4.379" usertimems="8.000" systemtimems="0.000" timestamp="2019-06-16T00:38:04.786" activeThreads="4">
  <mem-info id="5578" free="36700160" total="57671680" percent="63">
    <mem type="eden" free="1048552" total="1048576" percent="99" />
    <remembered-set count="13312" freebytes="2374400" totalbytes="2427648" percent="97" regionsoverflowed="0" regionsstable="0" regionsrebuilding="17"/>
  </mem-info>
</gc-end>
<cycle-end id="5579" type="partial gc" contextid="5571" timestamp="2019-06-16T00:38:04.786" />
  <attribute name="elasticGC enabled" value="1" />
  <attribute name= "numThreadsSpecified" value="4" />
  <attribute name="heapSize specified" value="0" />
  <attribute name="Current GC Util" value="68" />
  <attribute name= "Current Time Running" value="23833" />
  <attribute name ="GC Interval" value="0" />
  <attribute name="ProportionalT" value="72.000000" />
  <attribute name="ProportionalI" value="72.000000" />
  <attribute name="ProportionalH" value="72.000000" />
  <attribute name="Current Error" value="48.000000" />
  <attribute name="IntegralT" value="0.000000" />
  <attribute name="IntegralI" value="0.000000" />
  <attribute name="IntegralH" value="0.000000" />
  <attribute name="DerivativeT" value="-inf" />
  <attribute name="DerivativeI" value="-inf" />
  <attribute name="DerivativeH" value="-inf" />
  <attribute name="Loop Time for DT" value="0.000000" />
  <attribute name="Output H" value="2091843584"/>
  <attribute name="Output I" value="200"/>
  <attribute name="Output T" value="4"/>
  <attribute name="Target GC Util Change" value ="20.000000" />
  <attribute name="Current GC Util Change" value="68.000000"/>
  <attribute name="GC Util currently" value="68" />
  <attribute name="CPU Util currently" value="23444800038012" />
<exclusive-end id="5580" timestamp="2019-06-16T00:38:04.787" durationms="5.263" />

<exclusive-start id="5581" timestamp="2019-06-16T00:38:04.790" intervalms="8.649">
  <response-info timems="0.072" idlems="0.072" threads="0" lastid="0000000001AE6700" lastname="main" />
</exclusive-start>
<allocation-taxation id="5582" taxation-threshold="10485760" timestamp="2019-06-16T00:38:04.790" intervalms="8.693" />
<gc-start id="5583" type="global mark phase" contextid="5560" timestamp="2019-06-16T00:38:04.790">
  <mem-info id="5584" free="26214400" total="57671680" percent="45">
    <remembered-set count="12992" freebytes="2375680" totalbytes="2427648" percent="97" regionsoverflowed="0" regionsstable="0" regionsrebuilding="17"/>
  </mem-info>
</gc-start>
<gc-end id="5585" type="global mark phase" contextid="5560" durationms="0.181" usertimems="0.000" systemtimems="0.000" timestamp="2019-06-16T00:38:04.791" activeThreads="4">
  <mem-info id="5586" free="26214400" total="57671680" percent="45">
    <remembered-set count="12992" freebytes="2375680" totalbytes="2427648" percent="97" regionsoverflowed="0" regionsstable="0" regionsrebuilding="17"/>
  </mem-info>
</gc-end>
<concurrent-start id="5587" type="GMP work packet processing" contextid="5560" timestamp="2019-06-16T00:38:04.791">
  <concurrent-mark-start scanTarget="1048576" />
</concurrent-start>
<exclusive-end id="5588" timestamp="2019-06-16T00:38:04.791" durationms="0.759" />

<concurrent-end id="5589" type="GMP work packet processing" contextid="5560" timestamp="2019-06-16T00:38:04.793">
  <concurrent-mark-end bytesScanned="1124016" reasonForTermination="Work target met" />
</concurrent-end>

<exclusive-start id="5590" timestamp="2019-06-16T00:38:04.794" intervalms="4.013">
  <response-info timems="0.024" idlems="0.024" threads="0" lastid="0000000001AE6700" lastname="main" />
</exclusive-start>
<allocation-taxation id="5591" taxation-threshold="10485760" timestamp="2019-06-16T00:38:04.794" intervalms="3.968" />
<cycle-start id="5592" type="partial gc" contextid="0" timestamp="2019-06-16T00:38:04.794" intervalms="12.663" />
<gc-start id="5593" type="partial gc" contextid="5592" timestamp="2019-06-16T00:38:04.795">
  <mem-info id="5594" free="15728640" total="57671680" percent="27">
    <mem type="eden" free="1048552" total="22020096" percent="4" />
    <remembered-set count="26560" freebytes="2321408" totalbytes="2427648" percent="95" regionsoverflowed="0" regionsstable="0" regionsrebuilding="17"/>
  </mem-info>
</gc-start>
<allocation-stats totalBytes="20840064" >
  <allocated-bytes non-tlh="0" tlh="20840064" arrayletleaf="0"/>
  <largest-consumer threadName="main" threadId="0000000001AE6700" bytes="10420032" />
</allocation-stats>
<gc-op id="5595" type="copy forward" timems="4.632" contextid="5592" timestamp="2019-06-16T00:38:04.800">
  <memory-copied type="eden" objects="1" bytes="24" bytesdiscarded="0" />
  <memory-copied type="other" objects="0" bytes="0" bytesdiscarded="0" />
  <memory-cardclean objects="23868" bytes="1299728" />
  <regions eden="20" other="1" />
  <remembered-set-cleared processed="19602" cleared="8032" durationms="0.287" />
  <stringconstants candidates="13269" cleared="0"  />
</gc-op>
<gc-op id="5596" type="classunload" timems="0.004" contextid="5592" timestamp="2019-06-16T00:38:04.800">
  <classunload-info classloadercandidates="53" classloadersunloaded="0" classesunloaded="0" anonymousclassesunloaded="0" quiescems="0.000" setupms="0.004" scanms="0.000" postms="0.000" />
</gc-op>
<heap-resize id="5597" type="contract" space="default" amount="3145728" count="1" timems="0.267" reason="excess free space following gc" timestamp="2019-06-16T00:38:04.801" />
<gc-end id="5598" type="partial gc" contextid="5592" durationms="6.413" usertimems="12.000" systemtimems="0.000" timestamp="2019-06-16T00:38:04.801" activeThreads="4">
  <mem-info id="5599" free="33554432" total="54525952" percent="61">
    <mem type="eden" free="1048552" total="1048576" percent="99" />
    <remembered-set count="19968" freebytes="2222208" totalbytes="2302080" percent="96" regionsoverflowed="0" regionsstable="0" regionsrebuilding="17"/>
  </mem-info>
</gc-end>
<cycle-end id="5600" type="partial gc" contextid="5592" timestamp="2019-06-16T00:38:04.801" />
  <attribute name="elasticGC enabled" value="1" />
  <attribute name= "numThreadsSpecified" value="4" />
  <attribute name="heapSize specified" value="0" />
  <attribute name="Current GC Util" value="116" />
  <attribute name= "Current Time Running" value="23846" />
  <attribute name ="GC Interval" value="0" />
  <attribute name="ProportionalT" value="144.000000" />
  <attribute name="ProportionalI" value="144.000000" />
  <attribute name="ProportionalH" value="144.000000" />
  <attribute name="Current Error" value="96.000000" />
  <attribute name="IntegralT" value="96.000000" />
  <attribute name="IntegralI" value="96.000000" />
  <attribute name="IntegralH" value="96.000000" />
  <attribute name="DerivativeT" value="8.000000" />
  <attribute name="DerivativeI" value="8.000000" />
  <attribute name="DerivativeH" value="8.000000" />
  <attribute name="Loop Time for DT" value="1.000000" />
  <attribute name="Output H" value="8388608"/>
  <attribute name="Output I" value="248"/>
  <attribute name="Output T" value="4"/>
  <attribute name="Target GC Util Change" value ="20.000000" />
  <attribute name="Current GC Util Change" value="116.000000"/>
  <attribute name="GC Util currently" value="116" />
  <attribute name="CPU Util currently" value="8303524099948" />
<exclusive-end id="5601" timestamp="2019-06-16T00:38:04.801" durationms="7.331" />

<exclusive-start id="5602" timestamp="2019-06-16T00:38:04.804" intervalms="10.370">
  <response-info timems="0.054" idlems="0.054" threads="0" lastid="0000000001AE6700" lastname="main" />
</exclusive-start>
<allocation-taxation id="5603" taxation-threshold="9437184" timestamp="2019-06-16T00:38:04.805" intervalms="10.441" />
<gc-start id="5604" type="global mark phase" contextid="5560" timestamp="2019-06-16T00:38:04.805">
  <mem-info id="5605" free="24117248" total="54525952" percent="44">
    <remembered-set count="19936" freebytes="2222336" totalbytes="2302080" percent="96" regionsoverflowed="0" regionsstable="0" regionsrebuilding="17"/>
  </mem-info>
</gc-start>
<gc-end id="5606" type="global mark phase" contextid="5560" durationms="0.192" usertimems="0.000" systemtimems="0.000" timestamp="2019-06-16T00:38:04.805" activeThreads="4">
  <mem-info id="5607" free="24117248" total="54525952" percent="44">
    <remembered-set count="19936" freebytes="2222336" totalbytes="2302080" percent="96" regionsoverflowed="0" regionsstable="0" regionsrebuilding="17"/>
  </mem-info>
</gc-end>
<concurrent-start id="5608" type="GMP work packet processing" contextid="5560" timestamp="2019-06-16T00:38:04.805">
  <concurrent-mark-start scanTarget="1048576" />
</concurrent-start>
<exclusive-end id="5609" timestamp="2019-06-16T00:38:04.805" durationms="1.064" />

<concurrent-end id="5610" type="GMP work packet processing" contextid="5560" timestamp="2019-06-16T00:38:04.807">
  <concurrent-mark-end bytesScanned="1083404" reasonForTermination="Work target met" />
</concurrent-end>

<exclusive-start id="5611" timestamp="2019-06-16T00:38:04.808" intervalms="4.051">
  <response-info timems="0.054" idlems="0.054" threads="0" lastid="0000000001AE6700" lastname="main" />
</exclusive-start>
<allocation-taxation id="5612" taxation-threshold="9437184" timestamp="2019-06-16T00:38:04.809" intervalms="3.991" />
<cycle-start id="5613" type="partial gc" contextid="0" timestamp="2019-06-16T00:38:04.809" intervalms="14.482" />
<gc-start id="5614" type="partial gc" contextid="5613" timestamp="2019-06-16T00:38:04.809">
  <mem-info id="5615" free="14680064" total="54525952" percent="26">
    <mem type="eden" free="1048552" total="19922944" percent="5" />
    <remembered-set count="32224" freebytes="2173184" totalbytes="2302080" percent="94" regionsoverflowed="0" regionsstable="0" regionsrebuilding="17"/>
  </mem-info>
</gc-start>
<allocation-stats totalBytes="18756072" >
  <allocated-bytes non-tlh="0" tlh="18756072" arrayletleaf="0"/>
  <largest-consumer threadName="main" threadId="0000000001AE6700" bytes="9378048" />
</allocation-stats>
<gc-op id="5616" type="copy forward" timems="5.237" contextid="5613" timestamp="2019-06-16T00:38:04.815">
  <memory-copied type="eden" objects="1" bytes="24" bytesdiscarded="0" />
  <memory-copied type="other" objects="0" bytes="0" bytesdiscarded="0" />
  <memory-cardclean objects="43279" bytes="1883080" />
  <regions eden="18" other="1" />
  <remembered-set-cleared processed="22335" cleared="9795" durationms="0.324" />
  <stringconstants candidates="13269" cleared="0"  />
</gc-op>
<gc-op id="5617" type="classunload" timems="0.004" contextid="5613" timestamp="2019-06-16T00:38:04.815">
  <classunload-info classloadercandidates="53" classloadersunloaded="0" classesunloaded="0" anonymousclassesunloaded="0" quiescems="0.000" setupms="0.004" scanms="0.000" postms="0.000" />
</gc-op>
<gc-end id="5618" type="partial gc" contextid="5613" durationms="6.590" usertimems="8.000" systemtimems="0.000" timestamp="2019-06-16T00:38:04.816" activeThreads="1">
  <mem-info id="5619" free="33554432" total="54525952" percent="61">
    <mem type="eden" free="1048552" total="1048576" percent="99" />
    <remembered-set count="23328" freebytes="2083200" totalbytes="2176512" percent="95" regionsoverflowed="0" regionsstable="0" regionsrebuilding="17"/>
  </mem-info>
</gc-end>
<cycle-end id="5620" type="partial gc" contextid="5613" timestamp="2019-06-16T00:38:04.816" />
  <attribute name="elasticGC enabled" value="1" />
  <attribute name= "numThreadsSpecified" value="1" />
  <attribute name="heapSize specified" value="0" />
  <attribute name="Current GC Util" value="89" />
  <attribute name= "Current Time Running" value="23860" />
  <attribute name ="GC Interval" value="0" />
  <attribute name="ProportionalT" value="103.500000" />
  <attribute name="ProportionalI" value="103.500000" />
  <attribute name="ProportionalH" value="103.500000" />
  <attribute name="Current Error" value="69.000000" />
  <attribute name="IntegralT" value="0.000000" />
  <attribute name="IntegralI" value="0.000000" />
  <attribute name="IntegralH" value="0.000000" />
  <attribute name="DerivativeT" value="inf" />
  <attribute name="DerivativeI" value="inf" />
  <attribute name="DerivativeH" value="inf" />
  <attribute name="Loop Time for DT" value="0.000000" />
  <attribute name="Output H" value="8388608"/>
  <attribute name="Output I" value="200"/>
  <attribute name="Output T" value="1"/>
  <attribute name="Target GC Util Change" value ="20.000000" />
  <attribute name="Current GC Util Change" value="89.000000"/>
  <attribute name="GC Util currently" value="89" />
  <attribute name="CPU Util currently" value="9791805802329" />
<exclusive-end id="5621" timestamp="2019-06-16T00:38:04.816" durationms="7.570" />

<exclusive-start id="5622" timestamp="2019-06-16T00:38:04.819" intervalms="10.619">
  <response-info timems="0.056" idlems="0.056" threads="0" lastid="0000000001AE6700" lastname="main" />
</exclusive-start>
<allocation-taxation id="5623" taxation-threshold="9437184" timestamp="2019-06-16T00:38:04.819" intervalms="10.625" />
<gc-start id="5624" type="global mark phase" contextid="5560" timestamp="2019-06-16T00:38:04.819">
  <mem-info id="5625" free="24117248" total="54525952" percent="44">
    <remembered-set count="23168" freebytes="2083840" totalbytes="2176512" percent="95" regionsoverflowed="0" regionsstable="0" regionsrebuilding="17"/>
  </mem-info>
</gc-start>
<gc-end id="5626" type="global mark phase" contextid="5560" durationms="0.204" usertimems="0.000" systemtimems="0.000" timestamp="2019-06-16T00:38:04.820" activeThreads="1">
  <mem-info id="5627" free="24117248" total="54525952" percent="44">
    <remembered-set count="23168" freebytes="2083840" totalbytes="2176512" percent="95" regionsoverflowed="0" regionsstable="0" regionsrebuilding="17"/>
  </mem-info>
</gc-end>
<concurrent-start id="5628" type="GMP work packet processing" contextid="5560" timestamp="2019-06-16T00:38:04.820">
  <concurrent-mark-start scanTarget="1048576" />
</concurrent-start>
<exclusive-end id="5629" timestamp="2019-06-16T00:38:04.820" durationms="0.830" />

<concurrent-end id="5630" type="GMP work packet processing" contextid="5560" timestamp="2019-06-16T00:38:04.821">
  <concurrent-mark-end bytesScanned="1082776" reasonForTermination="Work target met" />
</concurrent-end>

<exclusive-start id="5631" timestamp="2019-06-16T00:38:04.823" intervalms="3.759">
  <response-info timems="0.025" idlems="0.025" threads="0" lastid="0000000001AE6700" lastname="main" />
</exclusive-start>
<allocation-taxation id="5632" taxation-threshold="9437184" timestamp="2019-06-16T00:38:04.823" intervalms="3.737" />
<cycle-start id="5633" type="partial gc" contextid="0" timestamp="2019-06-16T00:38:04.823" intervalms="14.320" />
<gc-start id="5634" type="partial gc" contextid="5633" timestamp="2019-06-16T00:38:04.823">
  <mem-info id="5635" free="14680064" total="54525952" percent="26">
    <mem type="eden" free="1048552" total="19922944" percent="5" />
    <remembered-set count="36512" freebytes="2030464" totalbytes="2176512" percent="93" regionsoverflowed="0" regionsstable="0" regionsrebuilding="17"/>
  </mem-info>
</gc-start>
<allocation-stats totalBytes="18756048" >
  <allocated-bytes non-tlh="0" tlh="18756048" arrayletleaf="0"/>
  <largest-consumer threadName="main" threadId="0000000001AE6700" bytes="9378024" />
</allocation-stats>
<gc-op id="5636" type="copy forward" timems="4.269" contextid="5633" timestamp="2019-06-16T00:38:04.829">
  <memory-copied type="eden" objects="1" bytes="24" bytesdiscarded="0" />
  <memory-copied type="other" objects="0" bytes="0" bytesdiscarded="0" />
  <memory-cardclean objects="10" bytes="424" />
  <regions eden="18" other="1" />
  <remembered-set-cleared processed="34642" cleared="6" durationms="0.240" />
  <stringconstants candidates="13269" cleared="0"  />
</gc-op>
<gc-op id="5637" type="classunload" timems="0.003" contextid="5633" timestamp="2019-06-16T00:38:04.829">
  <classunload-info classloadercandidates="53" classloadersunloaded="0" classesunloaded="0" anonymousclassesunloaded="0" quiescems="0.000" setupms="0.003" scanms="0.000" postms="0.000" />
</gc-op>
<gc-end id="5638" type="partial gc" contextid="5633" durationms="5.518" usertimems="12.000" systemtimems="0.000" timestamp="2019-06-16T00:38:04.829" activeThreads="4">
  <mem-info id="5639" free="33554432" total="54525952" percent="61">
    <mem type="eden" free="1048552" total="1048576" percent="99" />
    <remembered-set count="36320" freebytes="2031232" totalbytes="2176512" percent="93" regionsoverflowed="0" regionsstable="0" regionsrebuilding="17"/>
  </mem-info>
</gc-end>
<cycle-end id="5640" type="partial gc" contextid="5633" timestamp="2019-06-16T00:38:04.829" />
  <attribute name="elasticGC enabled" value="1" />
  <attribute name= "numThreadsSpecified" value="4" />
  <attribute name="heapSize specified" value="0" />
  <attribute name="Current GC Util" value="168" />
  <attribute name= "Current Time Running" value="23875" />
  <attribute name ="GC Interval" value="0" />
  <attribute name="ProportionalT" value="222.000000" />
  <attribute name="ProportionalI" value="222.000000" />
  <attribute name="ProportionalH" value="222.000000" />
  <attribute name="Current Error" value="148.000000" />
  <attribute name="IntegralT" value="148.000000" />
  <attribute name="IntegralI" value="148.000000" />
  <attribute name="IntegralH" value="148.000000" />
  <attribute name="DerivativeT" value="25.500000" />
  <attribute name="DerivativeI" value="25.500000" />
  <attribute name="DerivativeH" value="25.500000" />
  <attribute name="Loop Time for DT" value="1.000000" />
  <attribute name="Output H" value="8388608"/>
  <attribute name="Output I" value="400"/>
  <attribute name="Output T" value="4"/>
  <attribute name="Target GC Util Change" value ="20.000000" />
  <attribute name="Current GC Util Change" value="168.000000"/>
  <attribute name="GC Util currently" value="168" />
  <attribute name="CPU Util currently" value="10395178818862" />
<exclusive-end id="5641" timestamp="2019-06-16T00:38:04.829" durationms="6.350" />

<exclusive-start id="5642" timestamp="2019-06-16T00:38:04.832" intervalms="9.382">
  <response-info timems="0.067" idlems="0.067" threads="0" lastid="0000000001AE6700" lastname="main" />
</exclusive-start>
<allocation-taxation id="5643" taxation-threshold="9437184" timestamp="2019-06-16T00:38:04.832" intervalms="9.449" />
<gc-start id="5644" type="global mark phase" contextid="5560" timestamp="2019-06-16T00:38:04.833">
  <mem-info id="5645" free="24117248" total="54525952" percent="44">
    <remembered-set count="35840" freebytes="2033152" totalbytes="2176512" percent="93" regionsoverflowed="0" regionsstable="0" regionsrebuilding="17"/>
  </mem-info>
</gc-start>
<gc-end id="5646" type="global mark phase" contextid="5560" durationms="0.192" usertimems="0.000" systemtimems="0.000" timestamp="2019-06-16T00:38:04.833" activeThreads="4">
  <mem-info id="5647" free="24117248" total="54525952" percent="44">
    <remembered-set count="35840" freebytes="2033152" totalbytes="2176512" percent="93" regionsoverflowed="0" regionsstable="0" regionsrebuilding="17"/>
  </mem-info>
</gc-end>
<concurrent-start id="5648" type="GMP work packet processing" contextid="5560" timestamp="2019-06-16T00:38:04.833">
  <concurrent-mark-start scanTarget="1048576" />
</concurrent-start>
<exclusive-end id="5649" timestamp="2019-06-16T00:38:04.833" durationms="0.877" />

<concurrent-end id="5650" type="GMP work packet processing" contextid="5560" timestamp="2019-06-16T00:38:04.835">
  <concurrent-mark-end bytesScanned="1086924" reasonForTermination="Work target met" />
</concurrent-end>

<exclusive-start id="5651" timestamp="2019-06-16T00:38:04.839" intervalms="7.219">
  <response-info timems="0.056" idlems="0.056" threads="0" lastid="0000000001AE6700" lastname="main" />
</exclusive-start>
<allocation-taxation id="5652" taxation-threshold="9437184" timestamp="2019-06-16T00:38:04.840" intervalms="7.171" />
<cycle-start id="5653" type="partial gc" contextid="0" timestamp="2019-06-16T00:38:04.840" intervalms="16.659" />
<gc-start id="5654" type="partial gc" contextid="5653" timestamp="2019-06-16T00:38:04.840">
  <mem-info id="5655" free="14680064" total="54525952" percent="26">
    <mem type="eden" free="1048552" total="19922944" percent="5" />
    <remembered-set count="45696" freebytes="1993728" totalbytes="2176512" percent="91" regionsoverflowed="0" regionsstable="0" regionsrebuilding="17"/>
  </mem-info>
</gc-start>
<allocation-stats totalBytes="18813456" >
  <allocated-bytes non-tlh="0" tlh="18813456" arrayletleaf="0"/>
  <largest-consumer threadName="main" threadId="0000000001AE6700" bytes="9435432" />
</allocation-stats>
<gc-op id="5656" type="copy forward" timems="1.464" contextid="5653" timestamp="2019-06-16T00:38:04.842">
  <memory-copied type="eden" objects="161" bytes="5328" bytesdiscarded="0" />
  <memory-copied type="other" objects="0" bytes="0" bytesdiscarded="0" />
  <memory-cardclean objects="78" bytes="2424" />
  <regions eden="18" other="1" />
  <remembered-set-cleared processed="43534" cleared="25" durationms="0.312" />
  <stringconstants candidates="13269" cleared="0"  />
</gc-op>
<gc-op id="5657" type="classunload" timems="0.004" contextid="5653" timestamp="2019-06-16T00:38:04.843">
  <classunload-info classloadercandidates="53" classloadersunloaded="0" classesunloaded="0" anonymousclassesunloaded="0" quiescems="0.000" setupms="0.004" scanms="0.000" postms="0.000" />
</gc-op>
<gc-end id="5658" type="partial gc" contextid="5653" durationms="2.726" usertimems="4.000" systemtimems="0.000" timestamp="2019-06-16T00:38:04.843" activeThreads="1">
  <mem-info id="5659" free="33554432" total="54525952" percent="61">
    <mem type="eden" free="1043248" total="1048576" percent="99" />
    <remembered-set count="46176" freebytes="1991808" totalbytes="2176512" percent="91" regionsoverflowed="0" regionsstable="0" regionsrebuilding="17"/>
  </mem-info>
</gc-end>
<cycle-end id="5660" type="partial gc" contextid="5653" timestamp="2019-06-16T00:38:04.843" />
  <attribute name="elasticGC enabled" value="1" />
  <attribute name= "numThreadsSpecified" value="1" />
  <attribute name="heapSize specified" value="0" />
  <attribute name="Current GC Util" value="168" />
  <attribute name= "Current Time Running" value="23891" />
  <attribute name ="GC Interval" value="0" />
  <attribute name="ProportionalT" value="222.000000" />
  <attribute name="ProportionalI" value="222.000000" />
  <attribute name="ProportionalH" value="222.000000" />
  <attribute name="Current Error" value="148.000000" />
  <attribute name="IntegralT" value="0.000000" />
  <attribute name="IntegralI" value="0.000000" />
  <attribute name="IntegralH" value="0.000000" />
  <attribute name="DerivativeT" value="inf" />
  <attribute name="DerivativeI" value="inf" />
  <attribute name="DerivativeH" value="inf" />
  <attribute name="Loop Time for DT" value="0.000000" />
  <attribute name="Output H" value="8388608"/>
  <attribute name="Output I" value="200"/>
  <attribute name="Output T" value="1"/>
  <attribute name="Target GC Util Change" value ="20.000000" />
  <attribute name="Current GC Util Change" value="168.000000"/>
  <attribute name="GC Util currently" value="168" />
  <attribute name="CPU Util currently" value="10387077760396" />
<exclusive-end id="5661" timestamp="2019-06-16T00:38:04.843" durationms="3.703" />

<exclusive-start id="5662" timestamp="2019-06-16T00:38:04.860" intervalms="20.965">
  <response-info timems="0.066" idlems="0.066" threads="0" lastid="0000000001AE6700" lastname="main" />
</exclusive-start>
<allocation-taxation id="5663" taxation-threshold="9437184" timestamp="2019-06-16T00:38:04.861" intervalms="20.967" />
<gc-start id="5664" type="global mark phase" contextid="5560" timestamp="2019-06-16T00:38:04.861">
  <mem-info id="5665" free="24117248" total="54525952" percent="44">
    <remembered-set count="45696" freebytes="1993728" totalbytes="2176512" percent="91" regionsoverflowed="0" regionsstable="0" regionsrebuilding="17"/>
  </mem-info>
</gc-start>
<gc-end id="5666" type="global mark phase" contextid="5560" durationms="0.196" usertimems="0.000" systemtimems="0.000" timestamp="2019-06-16T00:38:04.861" activeThreads="1">
  <mem-info id="5667" free="24117248" total="54525952" percent="44">
    <remembered-set count="45696" freebytes="1993728" totalbytes="2176512" percent="91" regionsoverflowed="0" regionsstable="0" regionsrebuilding="17"/>
  </mem-info>
</gc-end>
<concurrent-start id="5668" type="GMP work packet processing" contextid="5560" timestamp="2019-06-16T00:38:04.861">
  <concurrent-mark-start scanTarget="1048576" />
</concurrent-start>
<exclusive-end id="5669" timestamp="2019-06-16T00:38:04.861" durationms="0.865" />

<concurrent-end id="5670" type="GMP work packet processing" contextid="5560" timestamp="2019-06-16T00:38:04.863">
  <concurrent-mark-end bytesScanned="1094824" reasonForTermination="Work target met" />
</concurrent-end>

<exclusive-start id="5671" timestamp="2019-06-16T00:38:04.878" intervalms="18.023">
  <response-info timems="0.077" idlems="0.077" threads="0" lastid="0000000001AE6700" lastname="main" />
</exclusive-start>
<allocation-taxation id="5672" taxation-threshold="9437184" timestamp="2019-06-16T00:38:04.879" intervalms="18.021" />
<cycle-start id="5673" type="partial gc" contextid="0" timestamp="2019-06-16T00:38:04.879" intervalms="38.962" />
<gc-start id="5674" type="partial gc" contextid="5673" timestamp="2019-06-16T00:38:04.879">
  <mem-info id="5675" free="14680064" total="54525952" percent="26">
    <mem type="eden" free="0" total="18874368" percent="0" />
    <remembered-set count="54528" freebytes="1958400" totalbytes="2176512" percent="89" regionsoverflowed="0" regionsstable="0" regionsrebuilding="17"/>
  </mem-info>
</gc-start>
<allocation-stats totalBytes="18871712" >
  <allocated-bytes non-tlh="0" tlh="18871712" arrayletleaf="0"/>
  <largest-consumer threadName="main" threadId="0000000001AE6700" bytes="9435864" />
</allocation-stats>
<gc-op id="5676" type="copy forward" timems="1.548" contextid="5673" timestamp="2019-06-16T00:38:04.881">
  <memory-copied type="eden" objects="113" bytes="3688" bytesdiscarded="0" />
  <memory-copied type="other" objects="50" bytes="1688" bytesdiscarded="0" />
  <memory-cardclean objects="67" bytes="2248" />
  <regions eden="18" other="1" />
  <remembered-set-cleared processed="52719" cleared="64" durationms="0.356" />
  <stringconstants candidates="13269" cleared="0"  />
</gc-op>
<gc-op id="5677" type="classunload" timems="0.004" contextid="5673" timestamp="2019-06-16T00:38:04.881">
  <classunload-info classloadercandidates="53" classloadersunloaded="0" classesunloaded="0" anonymousclassesunloaded="0" quiescems="0.000" setupms="0.003" scanms="0.000" postms="0.000" />
</gc-op>
<gc-end id="5678" type="partial gc" contextid="5673" durationms="2.661" usertimems="4.000" systemtimems="0.000" timestamp="2019-06-16T00:38:04.882" activeThreads="1">
  <mem-info id="5679" free="32505856" total="54525952" percent="59">
    <mem type="eden" free="1044888" total="1048576" percent="99" />
    <remembered-set count="54944" freebytes="1956736" totalbytes="2176512" percent="89" regionsoverflowed="0" regionsstable="0" regionsrebuilding="17"/>
  </mem-info>
</gc-end>
<cycle-end id="5680" type="partial gc" contextid="5673" timestamp="2019-06-16T00:38:04.882" />
  <attribute name="elasticGC enabled" value="1" />
  <attribute name= "numThreadsSpecified" value="1" />
  <attribute name="heapSize specified" value="0" />
  <attribute name="Current GC Util" value="185" />
  <attribute name= "Current Time Running" value="23930" />
  <attribute name ="GC Interval" value="0" />
  <attribute name="ProportionalT" value="247.500000" />
  <attribute name="ProportionalI" value="247.500000" />
  <attribute name="ProportionalH" value="247.500000" />
  <attribute name="Current Error" value="165.000000" />
  <attribute name="IntegralT" value="0.000000" />
  <attribute name="IntegralI" value="0.000000" />
  <attribute name="IntegralH" value="0.000000" />
  <attribute name="DerivativeT" value="inf" />
  <attribute name="DerivativeI" value="inf" />
  <attribute name="DerivativeH" value="inf" />
  <attribute name="Loop Time for DT" value="0.000000" />
  <attribute name="Output H" value="8388608"/>
  <attribute name="Output I" value="200"/>
  <attribute name="Output T" value="1"/>
  <attribute name="Target GC Util Change" value ="20.000000" />
  <attribute name="Current GC Util Change" value="185.000000"/>
  <attribute name="GC Util currently" value="185" />
  <attribute name="CPU Util currently" value="10976519657353" />
<exclusive-end id="5681" timestamp="2019-06-16T00:38:04.882" durationms="3.556" />

<exclusive-start id="5682" timestamp="2019-06-16T00:38:04.900" intervalms="21.203">
  <response-info timems="0.520" idlems="0.520" threads="0" lastid="0000000001AE6700" lastname="main" />
</exclusive-start>
<allocation-taxation id="5683" taxation-threshold="9437184" timestamp="2019-06-16T00:38:04.900" intervalms="21.215" />
<gc-start id="5684" type="global mark phase" contextid="5560" timestamp="2019-06-16T00:38:04.900">
  <mem-info id="5685" free="23068672" total="54525952" percent="42">
    <remembered-set count="54560" freebytes="1958272" totalbytes="2176512" percent="89" regionsoverflowed="0" regionsstable="0" regionsrebuilding="17"/>
  </mem-info>
</gc-start>
<gc-end id="5686" type="global mark phase" contextid="5560" durationms="0.191" usertimems="0.000" systemtimems="0.000" timestamp="2019-06-16T00:38:04.900" activeThreads="1">
  <mem-info id="5687" free="23068672" total="54525952" percent="42">
    <remembered-set count="54560" freebytes="1958272" totalbytes="2176512" percent="89" regionsoverflowed="0" regionsstable="0" regionsrebuilding="17"/>
  </mem-info>
</gc-end>
<concurrent-start id="5688" type="GMP work packet processing" contextid="5560" timestamp="2019-06-16T00:38:04.900">
  <concurrent-mark-start scanTarget="1048576" />
</concurrent-start>
<exclusive-end id="5689" timestamp="2019-06-16T00:38:04.900" durationms="0.855" />

<concurrent-end id="5690" type="GMP work packet processing" contextid="5560" timestamp="2019-06-16T00:38:04.902">
  <concurrent-mark-end bytesScanned="1087164" reasonForTermination="Work target met" />
</concurrent-end>

<exclusive-start id="5691" timestamp="2019-06-16T00:38:04.918" intervalms="18.027">
  <response-info timems="0.075" idlems="0.075" threads="0" lastid="0000000001AE6700" lastname="main" />
</exclusive-start>
<allocation-taxation id="5692" taxation-threshold="9437184" timestamp="2019-06-16T00:38:04.918" intervalms="18.016" />
<cycle-start id="5693" type="partial gc" contextid="0" timestamp="2019-06-16T00:38:04.918" intervalms="39.245" />
<gc-start id="5694" type="partial gc" contextid="5693" timestamp="2019-06-16T00:38:04.918">
  <mem-info id="5695" free="13631488" total="54525952" percent="25">
    <mem type="eden" free="1044888" total="19922944" percent="5" />
    <remembered-set count="64000" freebytes="1920512" totalbytes="2176512" percent="88" regionsoverflowed="0" regionsstable="0" regionsrebuilding="17"/>
  </mem-info>
</gc-start>
<allocation-stats totalBytes="18871672" >
  <allocated-bytes non-tlh="0" tlh="18871672" arrayletleaf="0"/>
  <largest-consumer threadName="main" threadId="0000000001AE6700" bytes="9435888" />
</allocation-stats>
<gc-op id="5696" type="copy forward" timems="4.076" contextid="5693" timestamp="2019-06-16T00:38:04.923">
  <memory-copied type="eden" objects="107" bytes="3544" bytesdiscarded="0" />
  <memory-copied type="other" objects="0" bytes="0" bytesdiscarded="0" />
  <memory-cardclean objects="23" bytes="1088" />
  <regions eden="18" other="1" />
  <remembered-set-cleared processed="62458" cleared="48" durationms="0.355" />
  <stringconstants candidates="13269" cleared="0"  />
</gc-op>
<gc-op id="5697" type="classunload" timems="0.004" contextid="5693" timestamp="2019-06-16T00:38:04.923">
  <classunload-info classloadercandidates="53" classloadersunloaded="0" classesunloaded="0" anonymousclassesunloaded="0" quiescems="0.000" setupms="0.004" scanms="0.000" postms="0.000" />
</gc-op>
<gc-end id="5698" type="partial gc" contextid="5693" durationms="5.326" usertimems="8.000" systemtimems="0.000" timestamp="2019-06-16T00:38:04.924" activeThreads="4">
  <mem-info id="5699" free="32505856" total="54525952" percent="59">
    <mem type="eden" free="1045032" total="1048576" percent="99" />
    <remembered-set count="63936" freebytes="1920768" totalbytes="2176512" percent="88" regionsoverflowed="0" regionsstable="0" regionsrebuilding="17"/>
  </mem-info>
</gc-end>
<cycle-end id="5700" type="partial gc" contextid="5693" timestamp="2019-06-16T00:38:04.924" />
  <attribute name="elasticGC enabled" value="1" />
  <attribute name= "numThreadsSpecified" value="4" />
  <attribute name="heapSize specified" value="0" />
  <attribute name="Current GC Util" value="157" />
  <attribute name= "Current Time Running" value="23970" />
  <attribute name ="GC Interval" value="0" />
  <attribute name="ProportionalT" value="205.500000" />
  <attribute name="ProportionalI" value="205.500000" />
  <attribute name="ProportionalH" value="205.500000" />
  <attribute name="Current Error" value="137.000000" />
  <attribute name="IntegralT" value="137.000000" />
  <attribute name="IntegralI" value="137.000000" />
  <attribute name="IntegralH" value="137.000000" />
  <attribute name="DerivativeT" value="67.000000" />
  <attribute name="DerivativeI" value="67.000000" />
  <attribute name="DerivativeH" value="67.000000" />
  <attribute name="Loop Time for DT" value="1.000000" />
  <attribute name="Output H" value="8388608"/>
  <attribute name="Output I" value="416"/>
  <attribute name="Output T" value="4"/>
  <attribute name="Target GC Util Change" value ="20.000000" />
  <attribute name="Current GC Util Change" value="157.000000"/>
  <attribute name="GC Util currently" value="157" />
  <attribute name="CPU Util currently" value="9401320076260" />
<exclusive-end id="5701" timestamp="2019-06-16T00:38:04.924" durationms="6.272" />

<exclusive-start id="5702" timestamp="2019-06-16T00:38:04.939" intervalms="21.199">
  <response-info timems="0.062" idlems="0.062" threads="0" lastid="0000000001AE6700" lastname="main" />
</exclusive-start>
<allocation-taxation id="5703" taxation-threshold="9437184" timestamp="2019-06-16T00:38:04.939" intervalms="21.234" />
<gc-start id="5704" type="global mark phase" contextid="5560" timestamp="2019-06-16T00:38:04.939">
  <mem-info id="5705" free="23068672" total="54525952" percent="42">
    <remembered-set count="63936" freebytes="1920768" totalbytes="2176512" percent="88" regionsoverflowed="0" regionsstable="0" regionsrebuilding="17"/>
  </mem-info>
</gc-start>
<gc-end id="5706" type="global mark phase" contextid="5560" durationms="0.198" usertimems="0.000" systemtimems="0.000" timestamp="2019-06-16T00:38:04.939" activeThreads="4">
  <mem-info id="5707" free="23068672" total="54525952" percent="42">
    <remembered-set count="63936" freebytes="1920768" totalbytes="2176512" percent="88" regionsoverflowed="0" regionsstable="0" regionsrebuilding="17"/>
  </mem-info>
</gc-end>
<concurrent-start id="5708" type="GMP work packet processing" contextid="5560" timestamp="2019-06-16T00:38:04.940">
  <concurrent-mark-start scanTarget="1048576" />
</concurrent-start>
<exclusive-end id="5709" timestamp="2019-06-16T00:38:04.940" durationms="0.931" />

<concurrent-end id="5710" type="GMP work packet processing" contextid="5560" timestamp="2019-06-16T00:38:04.941">
  <concurrent-mark-end bytesScanned="1092644" reasonForTermination="Work target met" />
</concurrent-end>

<exclusive-start id="5711" timestamp="2019-06-16T00:38:04.954" intervalms="15.024">
  <response-info timems="0.082" idlems="0.082" threads="0" lastid="0000000001AE6700" lastname="main" />
</exclusive-start>
<allocation-taxation id="5712" taxation-threshold="9437184" timestamp="2019-06-16T00:38:04.954" intervalms="14.991" />
<cycle-start id="5713" type="partial gc" contextid="0" timestamp="2019-06-16T00:38:04.954" intervalms="36.245" />
<gc-start id="5714" type="partial gc" contextid="5713" timestamp="2019-06-16T00:38:04.954">
  <mem-info id="5715" free="13631488" total="54525952" percent="25">
    <mem type="eden" free="1045032" total="19922944" percent="5" />
    <remembered-set count="76832" freebytes="1869184" totalbytes="2176512" percent="85" regionsoverflowed="0" regionsstable="0" regionsrebuilding="17"/>
  </mem-info>
</gc-start>
<allocation-stats totalBytes="18871648" >
  <allocated-bytes non-tlh="0" tlh="18871648" arrayletleaf="0"/>
  <largest-consumer threadName="main" threadId="0000000001AE6700" bytes="9436040" />
</allocation-stats>
<gc-op id="5716" type="copy forward" timems="1.965" contextid="5713" timestamp="2019-06-16T00:38:04.957">
  <memory-copied type="eden" objects="339" bytes="11096" bytesdiscarded="2072" />
  <memory-copied type="other" objects="0" bytes="0" bytesdiscarded="0" />
  <memory-cardclean objects="125" bytes="13120" />
  <regions eden="18" other="1" />
  <remembered-set-cleared processed="74504" cleared="79" durationms="0.346" />
  <references type="weak" candidates="37" cleared="0" enqueued="0" />
  <stringconstants candidates="13269" cleared="0"  />
</gc-op>
<gc-op id="5717" type="classunload" timems="0.004" contextid="5713" timestamp="2019-06-16T00:38:04.957">
  <classunload-info classloadercandidates="53" classloadersunloaded="0" classesunloaded="0" anonymousclassesunloaded="0" quiescems="0.000" setupms="0.004" scanms="0.000" postms="0.000" />
</gc-op>
<heap-resize id="5718" type="expand" space="default" amount="1048576" count="1" timems="0.047" reason="excessive time being spent in gc" timestamp="2019-06-16T00:38:04.958" />
<gc-end id="5719" type="partial gc" contextid="5713" durationms="3.181" usertimems="4.000" systemtimems="0.000" timestamp="2019-06-16T00:38:04.958" activeThreads="4">
  <mem-info id="5720" free="33554432" total="55574528" percent="60">
    <mem type="eden" free="1035360" total="1048576" percent="98" />
    <remembered-set count="77696" freebytes="1907584" totalbytes="2218368" percent="85" regionsoverflowed="0" regionsstable="0" regionsrebuilding="17"/>
  </mem-info>
</gc-end>
<cycle-end id="5721" type="partial gc" contextid="5713" timestamp="2019-06-16T00:38:04.958" />
  <attribute name="elasticGC enabled" value="1" />
  <attribute name= "numThreadsSpecified" value="4" />
  <attribute name="heapSize specified" value="0" />
  <attribute name="Current GC Util" value="73" />
  <attribute name= "Current Time Running" value="24006" />
  <attribute name ="GC Interval" value="0" />
  <attribute name="ProportionalT" value="79.500000" />
  <attribute name="ProportionalI" value="79.500000" />
  <attribute name="ProportionalH" value="79.500000" />
  <attribute name="Current Error" value="53.000000" />
  <attribute name="IntegralT" value="53.000000" />
  <attribute name="IntegralI" value="53.000000" />
  <attribute name="IntegralH" value="53.000000" />
  <attribute name="DerivativeT" value="26.000000" />
  <attribute name="DerivativeI" value="26.000000" />
  <attribute name="DerivativeH" value="26.000000" />
  <attribute name="Loop Time for DT" value="1.000000" />
  <attribute name="Output H" value="8388608"/>
  <attribute name="Output I" value="200"/>
  <attribute name="Output T" value="4"/>
  <attribute name="Target GC Util Change" value ="20.000000" />
  <attribute name="Current GC Util Change" value="73.000000"/>
  <attribute name="GC Util currently" value="73" />
  <attribute name="CPU Util currently" value="16033229652317" />
<exclusive-end id="5722" timestamp="2019-06-16T00:38:04.958" durationms="4.166" />

<exclusive-start id="5723" timestamp="2019-06-16T00:38:04.973" intervalms="18.895">
  <response-info timems="0.080" idlems="0.080" threads="0" lastid="0000000001AE6700" lastname="main" />
</exclusive-start>
<allocation-taxation id="5724" taxation-threshold="10485760" timestamp="2019-06-16T00:38:04.973" intervalms="18.932" />
<gc-start id="5725" type="global mark phase" contextid="5560" timestamp="2019-06-16T00:38:04.973">
  <mem-info id="5726" free="23068672" total="55574528" percent="41">
    <remembered-set count="77216" freebytes="1909504" totalbytes="2218368" percent="86" regionsoverflowed="0" regionsstable="0" regionsrebuilding="17"/>
  </mem-info>
</gc-start>
<gc-end id="5727" type="global mark phase" contextid="5560" durationms="0.131" usertimems="0.000" systemtimems="0.000" timestamp="2019-06-16T00:38:04.973" activeThreads="4">
  <mem-info id="5728" free="23068672" total="55574528" percent="41">
    <remembered-set count="77216" freebytes="1909504" totalbytes="2218368" percent="86" regionsoverflowed="0" regionsstable="0" regionsrebuilding="17"/>
  </mem-info>
</gc-end>
<concurrent-start id="5729" type="GMP work packet processing" contextid="5560" timestamp="2019-06-16T00:38:04.973">
  <concurrent-mark-start scanTarget="1048576" />
</concurrent-start>
<exclusive-end id="5730" timestamp="2019-06-16T00:38:04.974" durationms="0.918" />

<concurrent-end id="5731" type="GMP work packet processing" contextid="5560" timestamp="2019-06-16T00:38:04.975">
  <concurrent-mark-end bytesScanned="1125816" reasonForTermination="Work target met" />
</concurrent-end>

<exclusive-start id="5732" timestamp="2019-06-16T00:38:04.989" intervalms="15.781">
  <response-info timems="0.084" idlems="0.084" threads="0" lastid="0000000001AE6700" lastname="main" />
</exclusive-start>
<allocation-taxation id="5733" taxation-threshold="10485760" timestamp="2019-06-16T00:38:04.989" intervalms="15.750" />
<cycle-start id="5734" type="partial gc" contextid="0" timestamp="2019-06-16T00:38:04.989" intervalms="34.657" />
<gc-start id="5735" type="partial gc" contextid="5734" timestamp="2019-06-16T00:38:04.989">
  <mem-info id="5736" free="12582912" total="55574528" percent="22">
    <mem type="eden" free="0" total="20971520" percent="0" />
    <remembered-set count="88288" freebytes="1865216" totalbytes="2218368" percent="84" regionsoverflowed="0" regionsstable="0" regionsrebuilding="17"/>
  </mem-info>
</gc-start>
<allocation-stats totalBytes="20968920" >
  <allocated-bytes non-tlh="0" tlh="20968920" arrayletleaf="0"/>
  <largest-consumer threadName="main" threadId="0000000001AE6700" bytes="10484424" />
</allocation-stats>
<gc-op id="5737" type="copy forward" timems="1.702" contextid="5734" timestamp="2019-06-16T00:38:04.992">
  <memory-copied type="eden" objects="122" bytes="3776" bytesdiscarded="0" />
  <memory-copied type="other" objects="212" bytes="7216" bytesdiscarded="0" />
  <memory-cardclean objects="93" bytes="12216" />
  <regions eden="20" other="1" />
  <remembered-set-cleared processed="86499" cleared="142" durationms="0.537" />
  <references type="weak" candidates="37" cleared="0" enqueued="0" />
  <stringconstants candidates="13269" cleared="0"  />
</gc-op>
<gc-op id="5738" type="classunload" timems="0.004" contextid="5734" timestamp="2019-06-16T00:38:04.992">
  <classunload-info classloadercandidates="53" classloadersunloaded="0" classesunloaded="0" anonymousclassesunloaded="0" quiescems="0.000" setupms="0.003" scanms="0.000" postms="0.000" />
</gc-op>
<gc-end id="5739" type="partial gc" contextid="5734" durationms="2.833" usertimems="4.000" systemtimems="0.000" timestamp="2019-06-16T00:38:04.992" activeThreads="1">
  <mem-info id="5740" free="32505856" total="55574528" percent="58">
    <mem type="eden" free="1044800" total="1048576" percent="99" />
    <remembered-set count="88704" freebytes="1863552" totalbytes="2218368" percent="84" regionsoverflowed="0" regionsstable="0" regionsrebuilding="17"/>
  </mem-info>
</gc-end>
<cycle-end id="5741" type="partial gc" contextid="5734" timestamp="2019-06-16T00:38:04.992" />
  <attribute name="elasticGC enabled" value="1" />
  <attribute name= "numThreadsSpecified" value="1" />
  <attribute name="heapSize specified" value="0" />
  <attribute name="Current GC Util" value="111" />
  <attribute name= "Current Time Running" value="24040" />
  <attribute name ="GC Interval" value="0" />
  <attribute name="ProportionalT" value="136.500000" />
  <attribute name="ProportionalI" value="136.500000" />
  <attribute name="ProportionalH" value="136.500000" />
  <attribute name="Current Error" value="91.000000" />
  <attribute name="IntegralT" value="0.000000" />
  <attribute name="IntegralI" value="0.000000" />
  <attribute name="IntegralH" value="0.000000" />
  <attribute name="DerivativeT" value="inf" />
  <attribute name="DerivativeI" value="inf" />
  <attribute name="DerivativeH" value="inf" />
  <attribute name="Loop Time for DT" value="0.000000" />
  <attribute name="Output H" value="8388608"/>
  <attribute name="Output I" value="200"/>
  <attribute name="Output T" value="1"/>
  <attribute name="Target GC Util Change" value ="20.000000" />
  <attribute name="Current GC Util Change" value="111.000000"/>
  <attribute name="GC Util currently" value="111" />
  <attribute name="CPU Util currently" value="15343542910844" />
<exclusive-end id="5742" timestamp="2019-06-16T00:38:04.992" durationms="3.835" />

<exclusive-start id="5743" timestamp="2019-06-16T00:38:05.007" intervalms="18.493">
  <response-info timems="0.069" idlems="0.069" threads="0" lastid="0000000001AE6700" lastname="main" />
</exclusive-start>
<allocation-taxation id="5744" taxation-threshold="10485760" timestamp="2019-06-16T00:38:05.007" intervalms="18.513" />
<gc-start id="5745" type="global mark phase" contextid="5560" timestamp="2019-06-16T00:38:05.007">
  <mem-info id="5746" free="22020096" total="55574528" percent="39">
    <remembered-set count="88384" freebytes="1864832" totalbytes="2218368" percent="84" regionsoverflowed="0" regionsstable="0" regionsrebuilding="17"/>
  </mem-info>
</gc-start>
<gc-end id="5747" type="global mark phase" contextid="5560" durationms="0.124" usertimems="0.000" systemtimems="0.000" timestamp="2019-06-16T00:38:05.008" activeThreads="1">
  <mem-info id="5748" free="22020096" total="55574528" percent="39">
    <remembered-set count="88384" freebytes="1864832" totalbytes="2218368" percent="84" regionsoverflowed="0" regionsstable="0" regionsrebuilding="17"/>
  </mem-info>
</gc-end>
<concurrent-start id="5749" type="GMP work packet processing" contextid="5560" timestamp="2019-06-16T00:38:05.008">
  <concurrent-mark-start scanTarget="1048576" />
</concurrent-start>
<exclusive-end id="5750" timestamp="2019-06-16T00:38:05.008" durationms="0.777" />

<concurrent-end id="5751" type="GMP work packet processing" contextid="5560" timestamp="2019-06-16T00:38:05.009">
  <concurrent-mark-end bytesScanned="1110248" reasonForTermination="Work target met" />
</concurrent-end>

<exclusive-start id="5752" timestamp="2019-06-16T00:38:05.020" intervalms="12.752">
  <response-info timems="0.067" idlems="0.067" threads="0" lastid="0000000001AE6700" lastname="main" />
</exclusive-start>
<allocation-taxation id="5753" taxation-threshold="10485760" timestamp="2019-06-16T00:38:05.020" intervalms="12.722" />
<cycle-start id="5754" type="partial gc" contextid="0" timestamp="2019-06-16T00:38:05.020" intervalms="31.282" />
<gc-start id="5755" type="partial gc" contextid="5754" timestamp="2019-06-16T00:38:05.020">
  <mem-info id="5756" free="11534336" total="55574528" percent="20">
    <mem type="eden" free="1044800" total="22020096" percent="4" />
    <remembered-set count="95136" freebytes="1837824" totalbytes="2218368" percent="82" regionsoverflowed="0" regionsstable="0" regionsrebuilding="17"/>
  </mem-info>
</gc-start>
<allocation-stats totalBytes="20967256" >
  <allocated-bytes non-tlh="0" tlh="20967256" arrayletleaf="0"/>
  <largest-consumer threadName="main" threadId="0000000001AE6700" bytes="10482776" />
</allocation-stats>
<gc-op id="5757" type="copy forward" timems="2.831" contextid="5754" timestamp="2019-06-16T00:38:05.024">
  <memory-copied type="eden" objects="134" bytes="4320" bytesdiscarded="760" />
  <memory-copied type="other" objects="0" bytes="0" bytesdiscarded="0" />
  <memory-cardclean objects="76" bytes="2520" />
  <regions eden="20" other="1" />
  <remembered-set-cleared processed="93240" cleared="47" durationms="0.430" />
  <stringconstants candidates="13269" cleared="0"  />
</gc-op>
<gc-op id="5758" type="classunload" timems="0.004" contextid="5754" timestamp="2019-06-16T00:38:05.024">
  <classunload-info classloadercandidates="53" classloadersunloaded="0" classesunloaded="0" anonymousclassesunloaded="0" quiescems="0.000" setupms="0.004" scanms="0.000" postms="0.000" />
</gc-op>
<gc-end id="5759" type="partial gc" contextid="5754" durationms="4.105" usertimems="8.000" systemtimems="0.000" timestamp="2019-06-16T00:38:05.024" activeThreads="4">
  <mem-info id="5760" free="32505856" total="55574528" percent="58">
    <mem type="eden" free="1043496" total="1048576" percent="99" />
    <remembered-set count="96352" freebytes="1832960" totalbytes="2218368" percent="82" regionsoverflowed="0" regionsstable="0" regionsrebuilding="17"/>
  </mem-info>
</gc-end>
<cycle-end id="5761" type="partial gc" contextid="5754" timestamp="2019-06-16T00:38:05.025" />
  <attribute name="elasticGC enabled" value="1" />
  <attribute name= "numThreadsSpecified" value="4" />
  <attribute name="heapSize specified" value="0" />
  <attribute name="Current GC Util" value="167" />
  <attribute name= "Current Time Running" value="24072" />
  <attribute name ="GC Interval" value="0" />
  <attribute name="ProportionalT" value="220.500000" />
  <attribute name="ProportionalI" value="220.500000" />
  <attribute name="ProportionalH" value="220.500000" />
  <attribute name="Current Error" value="147.000000" />
  <attribute name="IntegralT" value="147.000000" />
  <attribute name="IntegralI" value="147.000000" />
  <attribute name="IntegralH" value="147.000000" />
  <attribute name="DerivativeT" value="68.500000" />
  <attribute name="DerivativeI" value="68.500000" />
  <attribute name="DerivativeH" value="68.500000" />
  <attribute name="Loop Time for DT" value="1.000000" />
  <attribute name="Output H" value="8388608"/>
  <attribute name="Output I" value="440"/>
  <attribute name="Output T" value="4"/>
  <attribute name="Target GC Util Change" value ="20.000000" />
  <attribute name="Current GC Util Change" value="167.000000"/>
  <attribute name="GC Util currently" value="167" />
  <attribute name="CPU Util currently" value="10590377862927" />
<exclusive-end id="5762" timestamp="2019-06-16T00:38:05.025" durationms="5.112" />

<exclusive-start id="5763" timestamp="2019-06-16T00:38:05.028" intervalms="8.377">
  <response-info timems="0.068" idlems="0.068" threads="0" lastid="0000000001AE6700" lastname="main" />
</exclusive-start>
<allocation-taxation id="5764" taxation-threshold="10485760" timestamp="2019-06-16T00:38:05.028" intervalms="8.429" />
<gc-start id="5765" type="global mark phase" contextid="5560" timestamp="2019-06-16T00:38:05.029">
  <mem-info id="5766" free="22020096" total="55574528" percent="39">
    <remembered-set count="95936" freebytes="1834624" totalbytes="2218368" percent="82" regionsoverflowed="0" regionsstable="0" regionsrebuilding="17"/>
  </mem-info>
</gc-start>
<gc-end id="5767" type="global mark phase" contextid="5560" durationms="0.194" usertimems="0.000" systemtimems="0.000" timestamp="2019-06-16T00:38:05.029" activeThreads="4">
  <mem-info id="5768" free="22020096" total="55574528" percent="39">
    <remembered-set count="95936" freebytes="1834624" totalbytes="2218368" percent="82" regionsoverflowed="0" regionsstable="0" regionsrebuilding="17"/>
  </mem-info>
</gc-end>
<concurrent-start id="5769" type="GMP work packet processing" contextid="5560" timestamp="2019-06-16T00:38:05.029">
  <concurrent-mark-start scanTarget="1048576" />
</concurrent-start>
<exclusive-end id="5770" timestamp="2019-06-16T00:38:05.029" durationms="0.933" />

<concurrent-end id="5771" type="GMP work packet processing" contextid="5560" timestamp="2019-06-16T00:38:05.030">
  <concurrent-mark-end bytesScanned="1089676" reasonForTermination="Work target met" />
</concurrent-end>

<exclusive-start id="5772" timestamp="2019-06-16T00:38:05.032" intervalms="4.188">
  <response-info timems="0.053" idlems="0.053" threads="0" lastid="0000000001AE6700" lastname="main" />
</exclusive-start>
<allocation-taxation id="5773" taxation-threshold="10485760" timestamp="2019-06-16T00:38:05.033" intervalms="4.200" />
<cycle-start id="5774" type="partial gc" contextid="0" timestamp="2019-06-16T00:38:05.033" intervalms="12.602" />
<gc-start id="5775" type="partial gc" contextid="5774" timestamp="2019-06-16T00:38:05.033">
  <mem-info id="5776" free="11534336" total="55574528" percent="20">
    <mem type="eden" free="0" total="20971520" percent="0" />
    <remembered-set count="109472" freebytes="1780480" totalbytes="2218368" percent="80" regionsoverflowed="0" regionsstable="0" regionsrebuilding="17"/>
  </mem-info>
</gc-start>
<allocation-stats totalBytes="20958608" >
  <allocated-bytes non-tlh="0" tlh="20958608" arrayletleaf="0"/>
  <largest-consumer threadName="main" threadId="0000000001AE6700" bytes="10480336" />
</allocation-stats>
<gc-op id="5777" type="copy forward" timems="2.552" contextid="5774" timestamp="2019-06-16T00:38:05.036">
  <memory-copied type="eden" objects="5" bytes="272" bytesdiscarded="0" />
  <memory-copied type="other" objects="130" bytes="4016" bytesdiscarded="1416" />
  <memory-cardclean objects="59" bytes="2160" />
  <regions eden="20" other="1" />
  <remembered-set-cleared processed="107273" cleared="57" durationms="0.444" />
  <stringconstants candidates="13269" cleared="0"  />
</gc-op>
<gc-op id="5778" type="classunload" timems="0.004" contextid="5774" timestamp="2019-06-16T00:38:05.036">
  <classunload-info classloadercandidates="53" classloadersunloaded="0" classesunloaded="0" anonymousclassesunloaded="0" quiescems="0.000" setupms="0.004" scanms="0.000" postms="0.000" />
</gc-op>
<heap-resize id="5779" type="expand" space="default" amount="5242880" count="1" timems="0.058" reason="excessive time being spent in gc" timestamp="2019-06-16T00:38:05.037" />
<gc-end id="5780" type="partial gc" contextid="5774" durationms="3.834" usertimems="8.000" systemtimems="0.000" timestamp="2019-06-16T00:38:05.037" activeThreads="4">
  <mem-info id="5781" free="36700160" total="60817408" percent="60">
    <mem type="eden" free="1048304" total="1048576" percent="99" />
    <remembered-set count="110368" freebytes="1986176" totalbytes="2427648" percent="81" regionsoverflowed="0" regionsstable="0" regionsrebuilding="17"/>
  </mem-info>
</gc-end>
<cycle-end id="5782" type="partial gc" contextid="5774" timestamp="2019-06-16T00:38:05.037" />
  <attribute name="elasticGC enabled" value="1" />
  <attribute name= "numThreadsSpecified" value="4" />
  <attribute name="heapSize specified" value="0" />
  <attribute name="Current GC Util" value="59" />
  <attribute name= "Current Time Running" value="24084" />
  <attribute name ="GC Interval" value="0" />
  <attribute name="ProportionalT" value="58.500000" />
  <attribute name="ProportionalI" value="58.500000" />
  <attribute name="ProportionalH" value="58.500000" />
  <attribute name="Current Error" value="39.000000" />
  <attribute name="IntegralT" value="0.000000" />
  <attribute name="IntegralI" value="0.000000" />
  <attribute name="IntegralH" value="0.000000" />
  <attribute name="DerivativeT" value="-inf" />
  <attribute name="DerivativeI" value="-inf" />
  <attribute name="DerivativeH" value="-inf" />
  <attribute name="Loop Time for DT" value="0.000000" />
  <attribute name="Output H" value="2091843584"/>
  <attribute name="Output I" value="200"/>
  <attribute name="Output T" value="4"/>
  <attribute name="Target GC Util Change" value ="20.000000" />
  <attribute name="Current GC Util Change" value="59.000000"/>
  <attribute name="GC Util currently" value="59" />
  <attribute name="CPU Util currently" value="20136168295749" />
<exclusive-end id="5783" timestamp="2019-06-16T00:38:05.037" durationms="4.919" />

<exclusive-start id="5784" timestamp="2019-06-16T00:38:05.041" intervalms="8.182">
  <response-info timems="0.064" idlems="0.064" threads="0" lastid="0000000001AE6700" lastname="main" />
</exclusive-start>
<allocation-taxation id="5785" taxation-threshold="10485760" timestamp="2019-06-16T00:38:05.041" intervalms="8.160" />
<gc-start id="5786" type="global mark phase" contextid="5560" timestamp="2019-06-16T00:38:05.041">
  <mem-info id="5787" free="26214400" total="60817408" percent="43">
    <remembered-set count="109952" freebytes="1987840" totalbytes="2427648" percent="81" regionsoverflowed="0" regionsstable="0" regionsrebuilding="17"/>
  </mem-info>
</gc-start>
<gc-end id="5788" type="global mark phase" contextid="5560" durationms="0.189" usertimems="0.000" systemtimems="0.000" timestamp="2019-06-16T00:38:05.041" activeThreads="4">
  <mem-info id="5789" free="26214400" total="60817408" percent="43">
    <remembered-set count="109952" freebytes="1987840" totalbytes="2427648" percent="81" regionsoverflowed="0" regionsstable="0" regionsrebuilding="17"/>
  </mem-info>
</gc-end>
<concurrent-start id="5790" type="GMP work packet processing" contextid="5560" timestamp="2019-06-16T00:38:05.041">
  <concurrent-mark-start scanTarget="1048576" />
</concurrent-start>
<exclusive-end id="5791" timestamp="2019-06-16T00:38:05.041" durationms="0.929" />

<concurrent-end id="5792" type="GMP work packet processing" contextid="5560" timestamp="2019-06-16T00:38:05.043">
  <concurrent-mark-end bytesScanned="1093360" reasonForTermination="Work target met" />
</concurrent-end>

<exclusive-start id="5793" timestamp="2019-06-16T00:38:05.045" intervalms="4.100">
  <response-info timems="0.022" idlems="0.022" threads="0" lastid="0000000001AE6700" lastname="main" />
</exclusive-start>
<allocation-taxation id="5794" taxation-threshold="10485760" timestamp="2019-06-16T00:38:05.045" intervalms="4.037" />
<cycle-start id="5795" type="partial gc" contextid="0" timestamp="2019-06-16T00:38:05.045" intervalms="12.167" />
<gc-start id="5796" type="partial gc" contextid="5795" timestamp="2019-06-16T00:38:05.045">
  <mem-info id="5797" free="15728640" total="60817408" percent="25">
    <mem type="eden" free="1048304" total="22020096" percent="4" />
    <remembered-set count="120960" freebytes="1943808" totalbytes="2427648" percent="80" regionsoverflowed="0" regionsstable="0" regionsrebuilding="17"/>
  </mem-info>
</gc-start>
<allocation-stats totalBytes="20959792" >
  <allocated-bytes non-tlh="0" tlh="20959792" arrayletleaf="0"/>
  <largest-consumer threadName="main" threadId="0000000001AE6700" bytes="10480584" />
</allocation-stats>
<gc-op id="5798" type="copy forward" timems="1.629" contextid="5795" timestamp="2019-06-16T00:38:05.048">
  <memory-copied type="eden" objects="5" bytes="368" bytesdiscarded="0" />
  <memory-copied type="other" objects="0" bytes="0" bytesdiscarded="0" />
  <memory-cardclean objects="13" bytes="456" />
  <regions eden="20" other="1" />
  <remembered-set-cleared processed="118836" cleared="9" durationms="0.726" />
  <stringconstants candidates="13269" cleared="0"  />
</gc-op>
<gc-op id="5799" type="classunload" timems="0.004" contextid="5795" timestamp="2019-06-16T00:38:05.048">
  <classunload-info classloadercandidates="53" classloadersunloaded="0" classesunloaded="0" anonymousclassesunloaded="0" quiescems="0.000" setupms="0.004" scanms="0.000" postms="0.000" />
</gc-op>
<gc-end id="5800" type="partial gc" contextid="5795" durationms="2.776" usertimems="0.000" systemtimems="4.000" timestamp="2019-06-16T00:38:05.048" activeThreads="1">
  <mem-info id="5801" free="36700160" total="60817408" percent="60">
    <mem type="eden" free="1048208" total="1048576" percent="99" />
    <remembered-set count="121440" freebytes="1941888" totalbytes="2427648" percent="79" regionsoverflowed="0" regionsstable="0" regionsrebuilding="17"/>
  </mem-info>
</gc-end>
<cycle-end id="5802" type="partial gc" contextid="5795" timestamp="2019-06-16T00:38:05.048" />
  <attribute name="elasticGC enabled" value="1" />
  <attribute name= "numThreadsSpecified" value="1" />
  <attribute name="heapSize specified" value="0" />
  <attribute name="Current GC Util" value="158" />
  <attribute name= "Current Time Running" value="24096" />
  <attribute name ="GC Interval" value="0" />
  <attribute name="ProportionalT" value="207.000000" />
  <attribute name="ProportionalI" value="207.000000" />
  <attribute name="ProportionalH" value="207.000000" />
  <attribute name="Current Error" value="138.000000" />
  <attribute name="IntegralT" value="0.000000" />
  <attribute name="IntegralI" value="0.000000" />
  <attribute name="IntegralH" value="0.000000" />
  <attribute name="DerivativeT" value="inf" />
  <attribute name="DerivativeI" value="inf" />
  <attribute name="DerivativeH" value="inf" />
  <attribute name="Loop Time for DT" value="0.000000" />
  <attribute name="Output H" value="8388608"/>
  <attribute name="Output I" value="200"/>
  <attribute name="Output T" value="1"/>
  <attribute name="Target GC Util Change" value ="20.000000" />
  <attribute name="Current GC Util Change" value="158.000000"/>
  <attribute name="GC Util currently" value="158" />
  <attribute name="CPU Util currently" value="15338490671215" />
<exclusive-end id="5803" timestamp="2019-06-16T00:38:05.048" durationms="3.797" />

<exclusive-start id="5804" timestamp="2019-06-16T00:38:05.052" intervalms="7.055">
  <response-info timems="0.054" idlems="0.054" threads="0" lastid="0000000001AE6700" lastname="main" />
</exclusive-start>
<allocation-taxation id="5805" taxation-threshold="10485760" timestamp="2019-06-16T00:38:05.052" intervalms="7.149" />
<gc-start id="5806" type="global mark phase" contextid="5560" timestamp="2019-06-16T00:38:05.052">
  <mem-info id="5807" free="26214400" total="60817408" percent="43">
    <remembered-set count="120960" freebytes="1943808" totalbytes="2427648" percent="80" regionsoverflowed="0" regionsstable="0" regionsrebuilding="17"/>
  </mem-info>
</gc-start>
<gc-end id="5808" type="global mark phase" contextid="5560" durationms="0.117" usertimems="0.000" systemtimems="0.000" timestamp="2019-06-16T00:38:05.052" activeThreads="1">
  <mem-info id="5809" free="26214400" total="60817408" percent="43">
    <remembered-set count="120960" freebytes="1943808" totalbytes="2427648" percent="80" regionsoverflowed="0" regionsstable="0" regionsrebuilding="17"/>
  </mem-info>
</gc-end>
<concurrent-start id="5810" type="GMP work packet processing" contextid="5560" timestamp="2019-06-16T00:38:05.052">
  <concurrent-mark-start scanTarget="1048576" />
</concurrent-start>
<exclusive-end id="5811" timestamp="2019-06-16T00:38:05.053" durationms="0.883" />

<concurrent-end id="5812" type="GMP work packet processing" contextid="5560" timestamp="2019-06-16T00:38:05.054">
  <concurrent-mark-end bytesScanned="158496" reasonForTermination="Completed all work in GC phase" />
</concurrent-end>

<exclusive-start id="5813" timestamp="2019-06-16T00:38:05.056" intervalms="4.123">
  <response-info timems="0.054" idlems="0.054" threads="0" lastid="0000000001AE6700" lastname="main" />
</exclusive-start>
<allocation-taxation id="5814" taxation-threshold="10485760" timestamp="2019-06-16T00:38:05.056" intervalms="4.052" />
<cycle-start id="5815" type="partial gc" contextid="0" timestamp="2019-06-16T00:38:05.056" intervalms="11.200" />
<gc-start id="5816" type="partial gc" contextid="5815" timestamp="2019-06-16T00:38:05.056">
  <mem-info id="5817" free="15728640" total="60817408" percent="25">
    <mem type="eden" free="1048208" total="22020096" percent="4" />
    <remembered-set count="122016" freebytes="1939584" totalbytes="2427648" percent="79" regionsoverflowed="0" regionsstable="0" regionsrebuilding="17"/>
  </mem-info>
</gc-start>
<allocation-stats totalBytes="20960328" >
  <allocated-bytes non-tlh="0" tlh="20960328" arrayletleaf="0"/>
  <largest-consumer threadName="main" threadId="0000000001AE6700" bytes="10480400" />
</allocation-stats>
<gc-op id="5818" type="copy forward" timems="3.601" contextid="5815" timestamp="2019-06-16T00:38:05.061">
  <memory-copied type="eden" objects="5" bytes="240" bytesdiscarded="0" />
  <memory-copied type="other" objects="0" bytes="0" bytesdiscarded="0" />
  <memory-cardclean objects="13" bytes="456" />
  <regions eden="20" other="1" />
  <remembered-set-cleared processed="119649" cleared="7" durationms="0.479" />
  <stringconstants candidates="13269" cleared="0"  />
</gc-op>
<gc-op id="5819" type="classunload" timems="0.003" contextid="5815" timestamp="2019-06-16T00:38:05.061">
  <classunload-info classloadercandidates="53" classloadersunloaded="0" classesunloaded="0" anonymousclassesunloaded="0" quiescems="0.000" setupms="0.003" scanms="0.000" postms="0.000" />
</gc-op>
<gc-end id="5820" type="partial gc" contextid="5815" durationms="4.767" usertimems="12.000" systemtimems="0.000" timestamp="2019-06-16T00:38:05.061" activeThreads="4">
  <mem-info id="5821" free="36700160" total="60817408" percent="60">
    <mem type="eden" free="1048336" total="1048576" percent="99" />
    <remembered-set count="121600" freebytes="1941248" totalbytes="2427648" percent="79" regionsoverflowed="0" regionsstable="0" regionsrebuilding="17"/>
  </mem-info>
</gc-end>
<cycle-end id="5822" type="partial gc" contextid="5815" timestamp="2019-06-16T00:38:05.061" />
  <attribute name="elasticGC enabled" value="1" />
  <attribute name= "numThreadsSpecified" value="4" />
  <attribute name="heapSize specified" value="0" />
  <attribute name="Current GC Util" value="169" />
  <attribute name= "Current Time Running" value="24108" />
  <attribute name ="GC Interval" value="0" />
  <attribute name="ProportionalT" value="223.500000" />
  <attribute name="ProportionalI" value="223.500000" />
  <attribute name="ProportionalH" value="223.500000" />
  <attribute name="Current Error" value="149.000000" />
  <attribute name="IntegralT" value="149.000000" />
  <attribute name="IntegralI" value="149.000000" />
  <attribute name="IntegralH" value="149.000000" />
  <attribute name="DerivativeT" value="58.000000" />
  <attribute name="DerivativeI" value="58.000000" />
  <attribute name="DerivativeH" value="58.000000" />
  <attribute name="Loop Time for DT" value="1.000000" />
  <attribute name="Output H" value="8388608"/>
  <attribute name="Output I" value="432"/>
  <attribute name="Output T" value="4"/>
  <attribute name="Target GC Util Change" value ="20.000000" />
  <attribute name="Current GC Util Change" value="169.000000"/>
  <attribute name="GC Util currently" value="169" />
  <attribute name="CPU Util currently" value="10378148467055" />
<exclusive-end id="5823" timestamp="2019-06-16T00:38:05.062" durationms="5.724" />

<exclusive-start id="5824" timestamp="2019-06-16T00:38:05.065" intervalms="9.044">
  <response-info timems="0.068" idlems="0.068" threads="0" lastid="0000000001AE6700" lastname="main" />
</exclusive-start>
<allocation-taxation id="5825" taxation-threshold="10485760" timestamp="2019-06-16T00:38:05.065" intervalms="9.055" />
<gc-start id="5826" type="global mark phase" contextid="5560" timestamp="2019-06-16T00:38:05.065">
  <mem-info id="5827" free="26214400" total="60817408" percent="43">
    <remembered-set count="121600" freebytes="1941248" totalbytes="2427648" percent="79" regionsoverflowed="0" regionsstable="0" regionsrebuilding="17"/>
  </mem-info>
</gc-start>
<gc-op id="5828" type="mark increment" timems="4.309" contextid="5560" timestamp="2019-06-16T00:38:05.070">
  <trace-info objectcount="431" scancount="430" scanbytes="357612" />
  <cardclean-info objects="78247" bytes="2481520" />
  <finalization candidates="80" enqueued="0" />
  <ownableSynchronizers candidates="21" cleared="0" />
  <references type="soft" candidates="1851" cleared="0" enqueued="0" dynamicThreshold="19" maxThreshold="32" />
  <references type="weak" candidates="5781" cleared="7" enqueued="3" />
  <references type="phantom" candidates="101" cleared="0" enqueued="0" />
  <stringconstants candidates="13269" cleared="0"  />
</gc-op>
<gc-op id="5829" type="classunload" timems="0.005" contextid="5560" timestamp="2019-06-16T00:38:05.070">
  <classunload-info classloadercandidates="53" classloadersunloaded="0" classesunloaded="0" anonymousclassesunloaded="0" quiescems="0.000" setupms="0.005" scanms="0.000" postms="0.000" />
</gc-op>
<gc-end id="5830" type="global mark phase" contextid="5560" durationms="4.922" usertimems="12.000" systemtimems="0.000" timestamp="2019-06-16T00:38:05.070" activeThreads="4">
  <mem-info id="5831" free="26214400" total="60817408" percent="43">
    <pending-finalizers system="0" default="0" reference="3" classloader="0" />
    <remembered-set count="136448" freebytes="1881856" totalbytes="2427648" percent="77" regionsoverflowed="0" regionsstable="0" regionsrebuilding="0"/>
  </mem-info>
</gc-end>
<cycle-end id="5832" type="global mark phase" contextid="5560" timestamp="2019-06-16T00:38:05.070" />
  <attribute name="elasticGC enabled" value="1" />
  <attribute name= "numThreadsSpecified" value="4" />
  <attribute name="heapSize specified" value="0" />
  <attribute name="Current GC Util" value="134" />
  <attribute name= "Current Time Running" value="24119" />
  <attribute name ="GC Interval" value="0" />
  <attribute name="ProportionalT" value="171.000000" />
  <attribute name="ProportionalI" value="171.000000" />
  <attribute name="ProportionalH" value="171.000000" />
  <attribute name="Current Error" value="114.000000" />
  <attribute name="IntegralT" value="0.000000" />
  <attribute name="IntegralI" value="0.000000" />
  <attribute name="IntegralH" value="0.000000" />
  <attribute name="DerivativeT" value="-inf" />
  <attribute name="DerivativeI" value="-inf" />
  <attribute name="DerivativeH" value="-inf" />
  <attribute name="Loop Time for DT" value="0.000000" />
  <attribute name="Output H" value="2091843584"/>
  <attribute name="Output I" value="200"/>
  <attribute name="Output T" value="4"/>
  <attribute name="Target GC Util Change" value ="20.000000" />
  <attribute name="Current GC Util Change" value="134.000000"/>
  <attribute name="GC Util currently" value="134" />
  <attribute name="CPU Util currently" value="14956156353574" />
<exclusive-end id="5833" timestamp="2019-06-16T00:38:05.071" durationms="5.664" />

<exclusive-start id="5834" timestamp="2019-06-16T00:38:05.074" intervalms="8.925">
  <response-info timems="0.089" idlems="0.089" threads="0" lastid="0000000001AE6700" lastname="main" />
</exclusive-start>
<allocation-taxation id="5835" taxation-threshold="10485760" timestamp="2019-06-16T00:38:05.074" intervalms="8.913" />
<cycle-start id="5836" type="partial gc" contextid="0" timestamp="2019-06-16T00:38:05.074" intervalms="17.989" />
<gc-start id="5837" type="partial gc" contextid="5836" timestamp="2019-06-16T00:38:05.074">
  <mem-info id="5838" free="15728640" total="60817408" percent="25">
    <mem type="eden" free="1048336" total="22020096" percent="4" />
    <remembered-set count="2592" freebytes="2417280" totalbytes="2427648" percent="99" regionsoverflowed="0" regionsstable="17" regionsrebuilding="0"/>
  </mem-info>
</gc-start>
<allocation-stats totalBytes="20960968" >
  <allocated-bytes non-tlh="0" tlh="20960968" arrayletleaf="0"/>
  <largest-consumer threadName="main" threadId="0000000001AE6700" bytes="10480584" />
</allocation-stats>
<gc-op id="5839" type="sweep" timems="0.612" contextid="5836" timestamp="2019-06-16T00:38:05.075" />
<gc-op id="5840" type="copy forward" timems="1.606" contextid="5836" timestamp="2019-06-16T00:38:05.078">
  <memory-copied type="eden" objects="5" bytes="368" bytesdiscarded="0" />
  <memory-copied type="other" objects="0" bytes="0" bytesdiscarded="0" />
  <memory-cardclean objects="20" bytes="1360" />
  <regions eden="10" other="1" />
  <remembered-set-cleared processed="899" cleared="0" durationms="0.085" />
  <stringconstants candidates="13269" cleared="0"  />
</gc-op>
<gc-op id="5841" type="classunload" timems="0.004" contextid="5836" timestamp="2019-06-16T00:38:05.078">
  <classunload-info classloadercandidates="53" classloadersunloaded="0" classesunloaded="0" anonymousclassesunloaded="0" quiescems="0.000" setupms="0.004" scanms="0.000" postms="0.000" />
</gc-op>
<gc-end id="5842" type="partial gc" contextid="5836" durationms="3.753" usertimems="4.000" systemtimems="0.000" timestamp="2019-06-16T00:38:05.078" activeThreads="4">
  <mem-info id="5843" free="36700160" total="60817408" percent="60">
    <mem type="eden" free="1048208" total="1048576" percent="99" />
    <remembered-set count="2304" freebytes="2418432" totalbytes="2427648" percent="99" regionsoverflowed="0" regionsstable="17" regionsrebuilding="0"/>
  </mem-info>
</gc-end>
<cycle-end id="5844" type="partial gc" contextid="5836" timestamp="2019-06-16T00:38:05.078" />
  <attribute name="elasticGC enabled" value="1" />
  <attribute name= "numThreadsSpecified" value="4" />
  <attribute name="heapSize specified" value="0" />
  <attribute name="Current GC Util" value="161" />
  <attribute name= "Current Time Running" value="24127" />
  <attribute name ="GC Interval" value="0" />
  <attribute name="ProportionalT" value="211.500000" />
  <attribute name="ProportionalI" value="211.500000" />
  <attribute name="ProportionalH" value="211.500000" />
  <attribute name="Current Error" value="141.000000" />
  <attribute name="IntegralT" value="141.000000" />
  <attribute name="IntegralI" value="141.000000" />
  <attribute name="IntegralH" value="141.000000" />
  <attribute name="DerivativeT" value="47.000000" />
  <attribute name="DerivativeI" value="47.000000" />
  <attribute name="DerivativeH" value="47.000000" />
  <attribute name="Loop Time for DT" value="1.000000" />
  <attribute name="Output H" value="8388608"/>
  <attribute name="Output I" value="400"/>
  <attribute name="Output T" value="4"/>
  <attribute name="Target GC Util Change" value ="20.000000" />
  <attribute name="Current GC Util Change" value="161.000000"/>
  <attribute name="GC Util currently" value="161" />
  <attribute name="CPU Util currently" value="9570434108620" />
<exclusive-end id="5845" timestamp="2019-06-16T00:38:05.079" durationms="4.742" />

<exclusive-start id="5846" timestamp="2019-06-16T00:38:05.085" intervalms="11.316">
  <response-info timems="0.079" idlems="0.079" threads="0" lastid="0000000001AE6700" lastname="main" />
</exclusive-start>
<allocation-taxation id="5847" taxation-threshold="22020096" timestamp="2019-06-16T00:38:05.085" intervalms="11.332" />
<cycle-start id="5848" type="partial gc" contextid="0" timestamp="2019-06-16T00:38:05.085" intervalms="11.339" />
<gc-start id="5849" type="partial gc" contextid="5848" timestamp="2019-06-16T00:38:05.086">
  <mem-info id="5850" free="14680064" total="60817408" percent="24">
    <mem type="eden" free="1048208" total="23068672" percent="4" />
    <remembered-set count="1824" freebytes="2420352" totalbytes="2427648" percent="99" regionsoverflowed="0" regionsstable="17" regionsrebuilding="0"/>
  </mem-info>
</gc-start>
<allocation-stats totalBytes="22008344" >
  <allocated-bytes non-tlh="0" tlh="22008344" arrayletleaf="0"/>
  <largest-consumer threadName="main" threadId="0000000001AE6700" bytes="22008344" />
</allocation-stats>
<gc-op id="5851" type="copy forward" timems="1.017" contextid="5848" timestamp="2019-06-16T00:38:05.088">
  <memory-copied type="eden" objects="5" bytes="288" bytesdiscarded="0" />
  <memory-copied type="other" objects="12" bytes="288" bytesdiscarded="0" />
  <memory-cardclean objects="66" bytes="1824" />
  <regions eden="21" other="3" />
  <remembered-set-cleared processed="894" cleared="8" durationms="0.099" />
  <stringconstants candidates="13269" cleared="0"  />
</gc-op>
<gc-op id="5852" type="classunload" timems="0.004" contextid="5848" timestamp="2019-06-16T00:38:05.088">
  <classunload-info classloadercandidates="53" classloadersunloaded="0" classesunloaded="0" anonymousclassesunloaded="0" quiescems="0.000" setupms="0.003" scanms="0.000" postms="0.000" />
</gc-op>
<gc-end id="5853" type="partial gc" contextid="5848" durationms="2.249" usertimems="4.000" systemtimems="0.000" timestamp="2019-06-16T00:38:05.088" activeThreads="1">
  <mem-info id="5854" free="36700160" total="60817408" percent="60">
    <mem type="eden" free="1048288" total="1048576" percent="99" />
    <remembered-set count="2112" freebytes="2419200" totalbytes="2427648" percent="99" regionsoverflowed="0" regionsstable="17" regionsrebuilding="0"/>
  </mem-info>
</gc-end>
<cycle-end id="5855" type="partial gc" contextid="5848" timestamp="2019-06-16T00:38:05.088" />
  <attribute name="elasticGC enabled" value="1" />
  <attribute name= "numThreadsSpecified" value="1" />
  <attribute name="heapSize specified" value="0" />
  <attribute name="Current GC Util" value="160" />
  <attribute name= "Current Time Running" value="24137" />
  <attribute name ="GC Interval" value="0" />
  <attribute name="ProportionalT" value="210.000000" />
  <attribute name="ProportionalI" value="210.000000" />
  <attribute name="ProportionalH" value="210.000000" />
  <attribute name="Current Error" value="140.000000" />
  <attribute name="IntegralT" value="0.000000" />
  <attribute name="IntegralI" value="0.000000" />
  <attribute name="IntegralH" value="0.000000" />
  <attribute name="DerivativeT" value="inf" />
  <attribute name="DerivativeI" value="inf" />
  <attribute name="DerivativeH" value="inf" />
  <attribute name="Loop Time for DT" value="0.000000" />
  <attribute name="Output H" value="8388608"/>
  <attribute name="Output I" value="200"/>
  <attribute name="Output T" value="1"/>
  <attribute name="Target GC Util Change" value ="20.000000" />
  <attribute name="Current GC Util Change" value="160.000000"/>
  <attribute name="GC Util currently" value="160" />
  <attribute name="CPU Util currently" value="9610742471930" />
<exclusive-end id="5856" timestamp="2019-06-16T00:38:05.088" durationms="3.188" />

<exclusive-start id="5857" timestamp="2019-06-16T00:38:05.095" intervalms="9.823">
  <response-info timems="0.067" idlems="0.067" threads="0" lastid="0000000001AE6700" lastname="main" />
</exclusive-start>
<allocation-taxation id="5858" taxation-threshold="22020096" timestamp="2019-06-16T00:38:05.095" intervalms="9.816" />
<cycle-start id="5859" type="partial gc" contextid="0" timestamp="2019-06-16T00:38:05.095" intervalms="9.887" />
<gc-start id="5860" type="partial gc" contextid="5859" timestamp="2019-06-16T00:38:05.096">
  <mem-info id="5861" free="14680064" total="60817408" percent="24">
    <mem type="eden" free="1048288" total="23068672" percent="4" />
    <remembered-set count="1696" freebytes="2420864" totalbytes="2427648" percent="99" regionsoverflowed="0" regionsstable="17" regionsrebuilding="0"/>
  </mem-info>
</gc-start>
<allocation-stats totalBytes="22008424" >
  <allocated-bytes non-tlh="0" tlh="22008424" arrayletleaf="0"/>
  <largest-consumer threadName="main" threadId="0000000001AE6700" bytes="22008424" />
</allocation-stats>
<gc-op id="5862" type="copy forward" timems="1.002" contextid="5859" timestamp="2019-06-16T00:38:05.098">
  <memory-copied type="eden" objects="6" bytes="272" bytesdiscarded="0" />
  <memory-copied type="other" objects="17" bytes="552" bytesdiscarded="0" />
  <memory-cardclean objects="53" bytes="1776" />
  <regions eden="21" other="2" />
  <remembered-set-cleared processed="892" cleared="8" durationms="0.103" />
  <stringconstants candidates="13269" cleared="0"  />
</gc-op>
<gc-op id="5863" type="classunload" timems="0.003" contextid="5859" timestamp="2019-06-16T00:38:05.098">
  <classunload-info classloadercandidates="53" classloadersunloaded="0" classesunloaded="0" anonymousclassesunloaded="0" quiescems="0.000" setupms="0.003" scanms="0.000" postms="0.000" />
</gc-op>
<gc-end id="5864" type="partial gc" contextid="5859" durationms="2.293" usertimems="4.000" systemtimems="0.000" timestamp="2019-06-16T00:38:05.098" activeThreads="1">
  <mem-info id="5865" free="36700160" total="60817408" percent="60">
    <mem type="eden" free="1048304" total="1048576" percent="99" />
    <remembered-set count="2016" freebytes="2419584" totalbytes="2427648" percent="99" regionsoverflowed="0" regionsstable="17" regionsrebuilding="0"/>
  </mem-info>
</gc-end>
<cycle-end id="5866" type="partial gc" contextid="5859" timestamp="2019-06-16T00:38:05.098" />
  <attribute name="elasticGC enabled" value="1" />
  <attribute name= "numThreadsSpecified" value="1" />
  <attribute name="heapSize specified" value="0" />
  <attribute name="Current GC Util" value="301" />
  <attribute name= "Current Time Running" value="24147" />
  <attribute name ="GC Interval" value="0" />
  <attribute name="ProportionalT" value="421.500000" />
  <attribute name="ProportionalI" value="421.500000" />
  <attribute name="ProportionalH" value="421.500000" />
  <attribute name="Current Error" value="281.000000" />
  <attribute name="IntegralT" value="0.000000" />
  <attribute name="IntegralI" value="0.000000" />
  <attribute name="IntegralH" value="0.000000" />
  <attribute name="DerivativeT" value="inf" />
  <attribute name="DerivativeI" value="inf" />
  <attribute name="DerivativeH" value="inf" />
  <attribute name="Loop Time for DT" value="0.000000" />
  <attribute name="Output H" value="8388608"/>
  <attribute name="Output I" value="200"/>
  <attribute name="Output T" value="1"/>
  <attribute name="Target GC Util Change" value ="20.000000" />
  <attribute name="Current GC Util Change" value="301.000000"/>
  <attribute name="GC Util currently" value="301" />
  <attribute name="CPU Util currently" value="9598660306365" />
<exclusive-end id="5867" timestamp="2019-06-16T00:38:05.098" durationms="3.404" />

<exclusive-start id="5868" timestamp="2019-06-16T00:38:05.105" intervalms="10.028">
  <response-info timems="0.079" idlems="0.079" threads="0" lastid="0000000001AE6700" lastname="main" />
</exclusive-start>
<allocation-taxation id="5869" taxation-threshold="22020096" timestamp="2019-06-16T00:38:05.105" intervalms="10.049" />
<cycle-start id="5870" type="partial gc" contextid="0" timestamp="2019-06-16T00:38:05.105" intervalms="9.988" />
<gc-start id="5871" type="partial gc" contextid="5870" timestamp="2019-06-16T00:38:05.106">
  <mem-info id="5872" free="14680064" total="60817408" percent="24">
    <mem type="eden" free="1048304" total="23068672" percent="4" />
    <remembered-set count="1600" freebytes="2421248" totalbytes="2427648" percent="99" regionsoverflowed="0" regionsstable="17" regionsrebuilding="0"/>
  </mem-info>
</gc-start>
<allocation-stats totalBytes="22008312" >
  <allocated-bytes non-tlh="0" tlh="22008312" arrayletleaf="0"/>
  <largest-consumer threadName="main" threadId="0000000001AE6700" bytes="22008312" />
</allocation-stats>
<gc-op id="5873" type="copy forward" timems="4.080" contextid="5870" timestamp="2019-06-16T00:38:05.111">
  <memory-copied type="eden" objects="5" bytes="352" bytesdiscarded="0" />
  <memory-copied type="other" objects="49" bytes="1448" bytesdiscarded="1296" />
  <memory-cardclean objects="80" bytes="12096" />
  <regions eden="21" other="2" />
  <remembered-set-cleared processed="888" cleared="9" durationms="0.106" />
  <references type="weak" candidates="30" cleared="0" enqueued="0" />
  <stringconstants candidates="13269" cleared="0"  />
</gc-op>
<gc-op id="5874" type="classunload" timems="0.004" contextid="5870" timestamp="2019-06-16T00:38:05.111">
  <classunload-info classloadercandidates="53" classloadersunloaded="0" classesunloaded="0" anonymousclassesunloaded="0" quiescems="0.000" setupms="0.004" scanms="0.000" postms="0.000" />
</gc-op>
<gc-end id="5875" type="partial gc" contextid="5870" durationms="5.301" usertimems="8.000" systemtimems="0.000" timestamp="2019-06-16T00:38:05.111" activeThreads="4">
  <mem-info id="5876" free="36700160" total="60817408" percent="60">
    <mem type="eden" free="1048224" total="1048576" percent="99" />
    <remembered-set count="2528" freebytes="2417536" totalbytes="2427648" percent="99" regionsoverflowed="0" regionsstable="17" regionsrebuilding="0"/>
  </mem-info>
</gc-end>
<cycle-end id="5877" type="partial gc" contextid="5870" timestamp="2019-06-16T00:38:05.111" />
  <attribute name="elasticGC enabled" value="1" />
  <attribute name= "numThreadsSpecified" value="4" />
  <attribute name="heapSize specified" value="0" />
  <attribute name="Current GC Util" value="296" />
  <attribute name= "Current Time Running" value="24157" />
  <attribute name ="GC Interval" value="0" />
  <attribute name="ProportionalT" value="414.000000" />
  <attribute name="ProportionalI" value="414.000000" />
  <attribute name="ProportionalH" value="414.000000" />
  <attribute name="Current Error" value="276.000000" />
  <attribute name="IntegralT" value="276.000000" />
  <attribute name="IntegralI" value="276.000000" />
  <attribute name="IntegralH" value="276.000000" />
  <attribute name="DerivativeT" value="138.000000" />
  <attribute name="DerivativeI" value="138.000000" />
  <attribute name="DerivativeH" value="138.000000" />
  <attribute name="Loop Time for DT" value="1.000000" />
  <attribute name="Output H" value="8388608"/>
  <attribute name="Output I" value="832"/>
  <attribute name="Output T" value="4"/>
  <attribute name="Target GC Util Change" value ="20.000000" />
  <attribute name="Current GC Util Change" value="296.000000"/>
  <attribute name="GC Util currently" value="296" />
  <attribute name="CPU Util currently" value="9496569187957" />
<exclusive-end id="5878" timestamp="2019-06-16T00:38:05.111" durationms="6.378" />

<exclusive-start id="5879" timestamp="2019-06-16T00:38:05.118" intervalms="12.998">
  <response-info timems="0.069" idlems="0.069" threads="0" lastid="0000000001AE6700" lastname="main" />
</exclusive-start>
<allocation-taxation id="5880" taxation-threshold="22020096" timestamp="2019-06-16T00:38:05.118" intervalms="13.017" />
<cycle-start id="5881" type="partial gc" contextid="0" timestamp="2019-06-16T00:38:05.118" intervalms="13.011" />
<gc-start id="5882" type="partial gc" contextid="5881" timestamp="2019-06-16T00:38:05.119">
  <mem-info id="5883" free="14680064" total="60817408" percent="24">
    <mem type="eden" free="1048224" total="23068672" percent="4" />
    <remembered-set count="2080" freebytes="2419328" totalbytes="2427648" percent="99" regionsoverflowed="0" regionsstable="17" regionsrebuilding="0"/>
  </mem-info>
</gc-start>
<allocation-stats totalBytes="22009024" >
  <allocated-bytes non-tlh="0" tlh="22009024" arrayletleaf="0"/>
  <largest-consumer threadName="main" threadId="0000000001AE6700" bytes="22009024" />
</allocation-stats>
<gc-op id="5884" type="copy forward" timems="2.368" contextid="5881" timestamp="2019-06-16T00:38:05.122">
  <memory-copied type="eden" objects="5" bytes="288" bytesdiscarded="0" />
  <memory-copied type="other" objects="0" bytes="0" bytesdiscarded="0" />
  <memory-cardclean objects="15" bytes="512" />
  <regions eden="21" other="1" />
  <remembered-set-cleared processed="895" cleared="1" durationms="0.086" />
  <stringconstants candidates="13269" cleared="0"  />
</gc-op>
<gc-op id="5885" type="classunload" timems="0.004" contextid="5881" timestamp="2019-06-16T00:38:05.122">
  <classunload-info classloadercandidates="53" classloadersunloaded="0" classesunloaded="0" anonymousclassesunloaded="0" quiescems="0.000" setupms="0.004" scanms="0.000" postms="0.000" />
</gc-op>
<gc-end id="5886" type="partial gc" contextid="5881" durationms="3.590" usertimems="0.000" systemtimems="8.000" timestamp="2019-06-16T00:38:05.122" activeThreads="4">
  <mem-info id="5887" free="36700160" total="60817408" percent="60">
    <mem type="eden" free="1048288" total="1048576" percent="99" />
    <remembered-set count="1696" freebytes="2420864" totalbytes="2427648" percent="99" regionsoverflowed="0" regionsstable="17" regionsrebuilding="0"/>
  </mem-info>
</gc-end>
<cycle-end id="5888" type="partial gc" contextid="5881" timestamp="2019-06-16T00:38:05.122" />
  <attribute name="elasticGC enabled" value="1" />
  <attribute name= "numThreadsSpecified" value="4" />
  <attribute name="heapSize specified" value="0" />
  <attribute name="Current GC Util" value="159" />
  <attribute name= "Current Time Running" value="24170" />
  <attribute name ="GC Interval" value="0" />
  <attribute name="ProportionalT" value="208.500000" />
  <attribute name="ProportionalI" value="208.500000" />
  <attribute name="ProportionalH" value="208.500000" />
  <attribute name="Current Error" value="139.000000" />
  <attribute name="IntegralT" value="139.000000" />
  <attribute name="IntegralI" value="139.000000" />
  <attribute name="IntegralH" value="139.000000" />
  <attribute name="DerivativeT" value="42.000000" />
  <attribute name="DerivativeI" value="42.000000" />
  <attribute name="DerivativeH" value="42.000000" />
  <attribute name="Loop Time for DT" value="1.000000" />
  <attribute name="Output H" value="8388608"/>
  <attribute name="Output I" value="392"/>
  <attribute name="Output T" value="4"/>
  <attribute name="Target GC Util Change" value ="20.000000" />
  <attribute name="Current GC Util Change" value="159.000000"/>
  <attribute name="GC Util currently" value="159" />
  <attribute name="CPU Util currently" value="9375574969096" />
<exclusive-end id="5889" timestamp="2019-06-16T00:38:05.123" durationms="4.620" />

<exclusive-start id="5890" timestamp="2019-06-16T00:38:05.129" intervalms="11.169">
  <response-info timems="0.083" idlems="0.083" threads="0" lastid="0000000001AE6700" lastname="main" />
</exclusive-start>
<allocation-taxation id="5891" taxation-threshold="22020096" timestamp="2019-06-16T00:38:05.129" intervalms="11.137" />
<cycle-start id="5892" type="partial gc" contextid="0" timestamp="2019-06-16T00:38:05.129" intervalms="11.149" />
<gc-start id="5893" type="partial gc" contextid="5892" timestamp="2019-06-16T00:38:05.130">
  <mem-info id="5894" free="14680064" total="60817408" percent="24">
    <mem type="eden" free="1048288" total="23068672" percent="4" />
    <remembered-set count="1696" freebytes="2420864" totalbytes="2427648" percent="99" regionsoverflowed="0" regionsstable="17" regionsrebuilding="0"/>
  </mem-info>
</gc-start>
<allocation-stats totalBytes="22008424" >
  <allocated-bytes non-tlh="0" tlh="22008424" arrayletleaf="0"/>
  <largest-consumer threadName="main" threadId="0000000001AE6700" bytes="22008424" />
</allocation-stats>
<gc-op id="5895" type="copy forward" timems="1.005" contextid="5892" timestamp="2019-06-16T00:38:05.132">
  <memory-copied type="eden" objects="6" bytes="272" bytesdiscarded="0" />
  <memory-copied type="other" objects="0" bytes="0" bytesdiscarded="0" />
  <memory-cardclean objects="15" bytes="512" />
  <regions eden="21" other="1" />
  <remembered-set-cleared processed="895" cleared="1" durationms="0.101" />
  <stringconstants candidates="13269" cleared="0"  />
</gc-op>
<gc-op id="5896" type="classunload" timems="0.004" contextid="5892" timestamp="2019-06-16T00:38:05.132">
  <classunload-info classloadercandidates="53" classloadersunloaded="0" classesunloaded="0" anonymousclassesunloaded="0" quiescems="0.000" setupms="0.003" scanms="0.000" postms="0.000" />
</gc-op>
<gc-end id="5897" type="partial gc" contextid="5892" durationms="2.201" usertimems="0.000" systemtimems="4.000" timestamp="2019-06-16T00:38:05.132" activeThreads="1">
  <mem-info id="5898" free="36700160" total="60817408" percent="60">
    <mem type="eden" free="1048304" total="1048576" percent="99" />
    <remembered-set count="2176" freebytes="2418944" totalbytes="2427648" percent="99" regionsoverflowed="0" regionsstable="17" regionsrebuilding="0"/>
  </mem-info>
</gc-end>
<cycle-end id="5899" type="partial gc" contextid="5892" timestamp="2019-06-16T00:38:05.132" />
  <attribute name="elasticGC enabled" value="1" />
  <attribute name= "numThreadsSpecified" value="1" />
  <attribute name="heapSize specified" value="0" />
  <attribute name="Current GC Util" value="167" />
  <attribute name= "Current Time Running" value="24181" />
  <attribute name ="GC Interval" value="0" />
  <attribute name="ProportionalT" value="220.500000" />
  <attribute name="ProportionalI" value="220.500000" />
  <attribute name="ProportionalH" value="220.500000" />
  <attribute name="Current Error" value="147.000000" />
  <attribute name="IntegralT" value="0.000000" />
  <attribute name="IntegralI" value="0.000000" />
  <attribute name="IntegralH" value="0.000000" />
  <attribute name="DerivativeT" value="inf" />
  <attribute name="DerivativeI" value="inf" />
  <attribute name="DerivativeH" value="inf" />
  <attribute name="Loop Time for DT" value="0.000000" />
  <attribute name="Output H" value="8388608"/>
  <attribute name="Output I" value="200"/>
  <attribute name="Output T" value="1"/>
  <attribute name="Target GC Util Change" value ="20.000000" />
  <attribute name="Current GC Util Change" value="167.000000"/>
  <attribute name="GC Util currently" value="167" />
  <attribute name="CPU Util currently" value="10369164569676" />
<exclusive-end id="5900" timestamp="2019-06-16T00:38:05.132" durationms="3.152" />

<exclusive-start id="5901" timestamp="2019-06-16T00:38:05.139" intervalms="9.748">
  <response-info timems="0.069" idlems="0.069" threads="0" lastid="0000000001AE6700" lastname="main" />
</exclusive-start>
<allocation-taxation id="5902" taxation-threshold="22020096" timestamp="2019-06-16T00:38:05.139" intervalms="9.782" />
<cycle-start id="5903" type="partial gc" contextid="0" timestamp="2019-06-16T00:38:05.139" intervalms="9.758" />
<gc-start id="5904" type="partial gc" contextid="5903" timestamp="2019-06-16T00:38:05.140">
  <mem-info id="5905" free="14680064" total="60817408" percent="24">
    <mem type="eden" free="1048304" total="23068672" percent="4" />
    <remembered-set count="1696" freebytes="2420864" totalbytes="2427648" percent="99" regionsoverflowed="0" regionsstable="17" regionsrebuilding="0"/>
  </mem-info>
</gc-start>
<allocation-stats totalBytes="22008312" >
  <allocated-bytes non-tlh="0" tlh="22008312" arrayletleaf="0"/>
  <largest-consumer threadName="main" threadId="0000000001AE6700" bytes="22008312" />
</allocation-stats>
<gc-op id="5906" type="copy forward" timems="3.470" contextid="5903" timestamp="2019-06-16T00:38:05.144">
  <memory-copied type="eden" objects="5" bytes="352" bytesdiscarded="0" />
  <memory-copied type="other" objects="0" bytes="0" bytesdiscarded="0" />
  <memory-cardclean objects="15" bytes="512" />
  <regions eden="21" other="1" />
  <remembered-set-cleared processed="895" cleared="1" durationms="0.104" />
  <stringconstants candidates="13269" cleared="0"  />
</gc-op>
<gc-op id="5907" type="classunload" timems="0.004" contextid="5903" timestamp="2019-06-16T00:38:05.144">
  <classunload-info classloadercandidates="53" classloadersunloaded="0" classesunloaded="0" anonymousclassesunloaded="0" quiescems="0.000" setupms="0.003" scanms="0.000" postms="0.000" />
</gc-op>
<gc-end id="5908" type="partial gc" contextid="5903" durationms="4.449" usertimems="4.000" systemtimems="4.000" timestamp="2019-06-16T00:38:05.144" activeThreads="4">
  <mem-info id="5909" free="36700160" total="60817408" percent="60">
    <mem type="eden" free="1048224" total="1048576" percent="99" />
    <remembered-set count="1696" freebytes="2420864" totalbytes="2427648" percent="99" regionsoverflowed="0" regionsstable="17" regionsrebuilding="0"/>
  </mem-info>
</gc-end>
<cycle-end id="5910" type="partial gc" contextid="5903" timestamp="2019-06-16T00:38:05.144" />
  <attribute name="elasticGC enabled" value="1" />
  <attribute name= "numThreadsSpecified" value="4" />
  <attribute name="heapSize specified" value="0" />
  <attribute name="Current GC Util" value="438" />
  <attribute name= "Current Time Running" value="24191" />
  <attribute name ="GC Interval" value="0" />
  <attribute name="ProportionalT" value="627.000000" />
  <attribute name="ProportionalI" value="627.000000" />
  <attribute name="ProportionalH" value="627.000000" />
  <attribute name="Current Error" value="418.000000" />
  <attribute name="IntegralT" value="418.000000" />
  <attribute name="IntegralI" value="418.000000" />
  <attribute name="IntegralH" value="418.000000" />
  <attribute name="DerivativeT" value="209.000000" />
  <attribute name="DerivativeI" value="209.000000" />
  <attribute name="DerivativeH" value="209.000000" />
  <attribute name="Loop Time for DT" value="1.000000" />
  <attribute name="Output H" value="8388608"/>
  <attribute name="Output I" value="1256"/>
  <attribute name="Output T" value="4"/>
  <attribute name="Target GC Util Change" value ="20.000000" />
  <attribute name="Current GC Util Change" value="438.000000"/>
  <attribute name="GC Util currently" value="438" />
  <attribute name="CPU Util currently" value="25558993878924" />
<exclusive-end id="5911" timestamp="2019-06-16T00:38:05.144" durationms="5.510" />

<exclusive-start id="5912" timestamp="2019-06-16T00:38:05.151" intervalms="12.542">
  <response-info timems="0.072" idlems="0.072" threads="0" lastid="0000000001AE6700" lastname="main" />
</exclusive-start>
<allocation-taxation id="5913" taxation-threshold="22020096" timestamp="2019-06-16T00:38:05.152" intervalms="12.562" />
<cycle-start id="5914" type="partial gc" contextid="0" timestamp="2019-06-16T00:38:05.152" intervalms="12.598" />
<gc-start id="5915" type="partial gc" contextid="5914" timestamp="2019-06-16T00:38:05.152">
  <mem-info id="5916" free="14680064" total="60817408" percent="24">
    <mem type="eden" free="1048224" total="23068672" percent="4" />
    <remembered-set count="1696" freebytes="2420864" totalbytes="2427648" percent="99" regionsoverflowed="0" regionsstable="17" regionsrebuilding="0"/>
  </mem-info>
</gc-start>
<allocation-stats totalBytes="22007544" >
  <allocated-bytes non-tlh="0" tlh="22007544" arrayletleaf="0"/>
  <largest-consumer threadName="main" threadId="0000000001AE6700" bytes="22007544" />
</allocation-stats>
<gc-op id="5917" type="copy forward" timems="1.004" contextid="5914" timestamp="2019-06-16T00:38:05.154">
  <memory-copied type="eden" objects="27" bytes="1104" bytesdiscarded="0" />
  <memory-copied type="other" objects="0" bytes="0" bytesdiscarded="0" />
  <memory-cardclean objects="82" bytes="2528" />
  <regions eden="21" other="1" />
  <remembered-set-cleared processed="895" cleared="11" durationms="0.102" />
  <stringconstants candidates="13269" cleared="0"  />
</gc-op>
<gc-op id="5918" type="classunload" timems="0.004" contextid="5914" timestamp="2019-06-16T00:38:05.154">
  <classunload-info classloadercandidates="53" classloadersunloaded="0" classesunloaded="0" anonymousclassesunloaded="0" quiescems="0.000" setupms="0.004" scanms="0.000" postms="0.000" />
</gc-op>
<gc-end id="5919" type="partial gc" contextid="5914" durationms="2.152" usertimems="0.000" systemtimems="0.000" timestamp="2019-06-16T00:38:05.154" activeThreads="1">
  <mem-info id="5920" free="36700160" total="60817408" percent="60">
    <mem type="eden" free="1047472" total="1048576" percent="99" />
    <remembered-set count="2048" freebytes="2419456" totalbytes="2427648" percent="99" regionsoverflowed="0" regionsstable="17" regionsrebuilding="0"/>
  </mem-info>
</gc-end>
<cycle-end id="5921" type="partial gc" contextid="5914" timestamp="2019-06-16T00:38:05.154" />
  <attribute name="elasticGC enabled" value="1" />
  <attribute name= "numThreadsSpecified" value="1" />
  <attribute name="heapSize specified" value="0" />
  <attribute name="Current GC Util" value="168" />
  <attribute name= "Current Time Running" value="24203" />
  <attribute name ="GC Interval" value="0" />
  <attribute name="ProportionalT" value="222.000000" />
  <attribute name="ProportionalI" value="222.000000" />
  <attribute name="ProportionalH" value="222.000000" />
  <attribute name="Current Error" value="148.000000" />
  <attribute name="IntegralT" value="0.000000" />
  <attribute name="IntegralI" value="0.000000" />
  <attribute name="IntegralH" value="0.000000" />
  <attribute name="DerivativeT" value="inf" />
  <attribute name="DerivativeI" value="inf" />
  <attribute name="DerivativeH" value="inf" />
  <attribute name="Loop Time for DT" value="0.000000" />
  <attribute name="Output H" value="8388608"/>
  <attribute name="Output I" value="200"/>
  <attribute name="Output T" value="1"/>
  <attribute name="Target GC Util Change" value ="20.000000" />
  <attribute name="Current GC Util Change" value="168.000000"/>
  <attribute name="GC Util currently" value="168" />
  <attribute name="CPU Util currently" value="10285630678081" />
<exclusive-end id="5922" timestamp="2019-06-16T00:38:05.155" durationms="3.206" />

<exclusive-start id="5923" timestamp="2019-06-16T00:38:05.162" intervalms="10.180">
  <response-info timems="0.079" idlems="0.079" threads="0" lastid="0000000001AE6700" lastname="main" />
</exclusive-start>
<allocation-taxation id="5924" taxation-threshold="22020096" timestamp="2019-06-16T00:38:05.162" intervalms="10.161" />
<cycle-start id="5925" type="partial gc" contextid="0" timestamp="2019-06-16T00:38:05.162" intervalms="10.199" />
<gc-start id="5926" type="partial gc" contextid="5925" timestamp="2019-06-16T00:38:05.162">
  <mem-info id="5927" free="14680064" total="60817408" percent="24">
    <mem type="eden" free="0" total="22020096" percent="0" />
    <remembered-set count="1632" freebytes="2421120" totalbytes="2427648" percent="99" regionsoverflowed="0" regionsstable="17" regionsrebuilding="0"/>
  </mem-info>
</gc-start>
<allocation-stats totalBytes="22001032" >
  <allocated-bytes non-tlh="0" tlh="22001032" arrayletleaf="0"/>
  <largest-consumer threadName="main" threadId="0000000001AE6700" bytes="22001032" />
</allocation-stats>
<gc-op id="5928" type="copy forward" timems="2.992" contextid="5925" timestamp="2019-06-16T00:38:05.166">
  <memory-copied type="eden" objects="5" bytes="208" bytesdiscarded="0" />
  <memory-copied type="other" objects="22" bytes="952" bytesdiscarded="1368" />
  <memory-cardclean objects="67" bytes="2272" />
  <regions eden="21" other="1" />
  <remembered-set-cleared processed="894" cleared="10" durationms="0.086" />
  <stringconstants candidates="13269" cleared="0"  />
</gc-op>
<gc-op id="5929" type="classunload" timems="0.004" contextid="5925" timestamp="2019-06-16T00:38:05.166">
  <classunload-info classloadercandidates="53" classloadersunloaded="0" classesunloaded="0" anonymousclassesunloaded="0" quiescems="0.000" setupms="0.004" scanms="0.000" postms="0.000" />
</gc-op>
<heap-resize id="5930" type="expand" space="default" amount="2097152" count="1" timems="0.052" reason="excessive time being spent in gc" timestamp="2019-06-16T00:38:05.167" />
<gc-end id="5931" type="partial gc" contextid="5925" durationms="4.471" usertimems="4.000" systemtimems="4.000" timestamp="2019-06-16T00:38:05.167" activeThreads="4">
  <mem-info id="5932" free="37748736" total="62914560" percent="60">
    <mem type="eden" free="1048368" total="1048576" percent="99" />
    <remembered-set count="2592" freebytes="2500992" totalbytes="2511360" percent="99" regionsoverflowed="0" regionsstable="17" regionsrebuilding="0"/>
  </mem-info>
</gc-end>
<cycle-end id="5933" type="partial gc" contextid="5925" timestamp="2019-06-16T00:38:05.167" />
  <attribute name="elasticGC enabled" value="1" />
  <attribute name= "numThreadsSpecified" value="4" />
  <attribute name="heapSize specified" value="0" />
  <attribute name="Current GC Util" value="297" />
  <attribute name= "Current Time Running" value="24214" />
  <attribute name ="GC Interval" value="0" />
  <attribute name="ProportionalT" value="415.500000" />
  <attribute name="ProportionalI" value="415.500000" />
  <attribute name="ProportionalH" value="415.500000" />
  <attribute name="Current Error" value="277.000000" />
  <attribute name="IntegralT" value="277.000000" />
  <attribute name="IntegralI" value="277.000000" />
  <attribute name="IntegralH" value="277.000000" />
  <attribute name="DerivativeT" value="138.500000" />
  <attribute name="DerivativeI" value="138.500000" />
  <attribute name="DerivativeH" value="138.500000" />
  <attribute name="Loop Time for DT" value="1.000000" />
  <attribute name="Output H" value="8388608"/>
  <attribute name="Output I" value="832"/>
  <attribute name="Output T" value="4"/>
  <attribute name="Target GC Util Change" value ="20.000000" />
  <attribute name="Current GC Util Change" value="297.000000"/>
  <attribute name="GC Util currently" value="297" />
  <attribute name="CPU Util currently" value="9518227536654" />
<exclusive-end id="5934" timestamp="2019-06-16T00:38:05.167" durationms="5.548" />

<exclusive-start id="5935" timestamp="2019-06-16T00:38:05.174" intervalms="12.698">
  <response-info timems="0.086" idlems="0.086" threads="0" lastid="0000000001AE6700" lastname="main" />
</exclusive-start>
<allocation-taxation id="5936" taxation-threshold="22020096" timestamp="2019-06-16T00:38:05.174" intervalms="12.670" />
<cycle-start id="5937" type="partial gc" contextid="0" timestamp="2019-06-16T00:38:05.175" intervalms="12.569" />
<gc-start id="5938" type="partial gc" contextid="5937" timestamp="2019-06-16T00:38:05.175">
  <mem-info id="5939" free="15728640" total="62914560" percent="25">
    <mem type="eden" free="1048368" total="23068672" percent="4" />
    <remembered-set count="1216" freebytes="2506496" totalbytes="2511360" percent="99" regionsoverflowed="0" regionsstable="18" regionsrebuilding="0"/>
  </mem-info>
</gc-start>
<allocation-stats totalBytes="21999984" >
  <allocated-bytes non-tlh="0" tlh="21999984" arrayletleaf="0"/>
  <largest-consumer threadName="main" threadId="0000000001AE6700" bytes="21999984" />
</allocation-stats>
<gc-op id="5940" type="copy forward" timems="0.986" contextid="5937" timestamp="2019-06-16T00:38:05.177">
  <memory-copied type="eden" objects="5" bytes="216" bytesdiscarded="0" />
  <memory-copied type="other" objects="0" bytes="0" bytesdiscarded="0" />
  <memory-cardclean objects="13" bytes="456" />
  <regions eden="21" other="1" />
  <remembered-set-cleared processed="18" cleared="0" durationms="0.087" />
  <stringconstants candidates="13269" cleared="0"  />
</gc-op>
<gc-op id="5941" type="classunload" timems="0.004" contextid="5937" timestamp="2019-06-16T00:38:05.177">
  <classunload-info classloadercandidates="53" classloadersunloaded="0" classesunloaded="0" anonymousclassesunloaded="0" quiescems="0.000" setupms="0.004" scanms="0.000" postms="0.000" />
</gc-op>
<gc-end id="5942" type="partial gc" contextid="5937" durationms="2.193" usertimems="4.000" systemtimems="0.000" timestamp="2019-06-16T00:38:05.177" activeThreads="1">
  <mem-info id="5943" free="37748736" total="62914560" percent="60">
    <mem type="eden" free="1048360" total="1048576" percent="99" />
    <remembered-set count="1696" freebytes="2504576" totalbytes="2511360" percent="99" regionsoverflowed="0" regionsstable="18" regionsrebuilding="0"/>
  </mem-info>
</gc-end>
<cycle-end id="5944" type="partial gc" contextid="5937" timestamp="2019-06-16T00:38:05.177" />
  <attribute name="elasticGC enabled" value="1" />
  <attribute name= "numThreadsSpecified" value="1" />
  <attribute name="heapSize specified" value="0" />
  <attribute name="Current GC Util" value="165" />
  <attribute name= "Current Time Running" value="24226" />
  <attribute name ="GC Interval" value="0" />
  <attribute name="ProportionalT" value="217.500000" />
  <attribute name="ProportionalI" value="217.500000" />
  <attribute name="ProportionalH" value="217.500000" />
  <attribute name="Current Error" value="145.000000" />
  <attribute name="IntegralT" value="0.000000" />
  <attribute name="IntegralI" value="0.000000" />
  <attribute name="IntegralH" value="0.000000" />
  <attribute name="DerivativeT" value="inf" />
  <attribute name="DerivativeI" value="inf" />
  <attribute name="DerivativeH" value="inf" />
  <attribute name="Loop Time for DT" value="0.000000" />
  <attribute name="Output H" value="8388608"/>
  <attribute name="Output I" value="200"/>
  <attribute name="Output T" value="1"/>
  <attribute name="Target GC Util Change" value ="20.000000" />
  <attribute name="Current GC Util Change" value="165.000000"/>
  <attribute name="GC Util currently" value="165" />
  <attribute name="CPU Util currently" value="9647515244323" />
<exclusive-end id="5945" timestamp="2019-06-16T00:38:05.178" durationms="3.330" />

<exclusive-start id="5946" timestamp="2019-06-16T00:38:05.185" intervalms="10.561">
  <response-info timems="0.079" idlems="0.079" threads="0" lastid="0000000001AE6700" lastname="main" />
</exclusive-start>
<allocation-taxation id="5947" taxation-threshold="22020096" timestamp="2019-06-16T00:38:05.185" intervalms="10.549" />
<cycle-start id="5948" type="partial gc" contextid="0" timestamp="2019-06-16T00:38:05.185" intervalms="10.612" />
<gc-start id="5949" type="partial gc" contextid="5948" timestamp="2019-06-16T00:38:05.186">
  <mem-info id="5950" free="15728640" total="62914560" percent="25">
    <mem type="eden" free="1048360" total="23068672" percent="4" />
    <remembered-set count="1216" freebytes="2506496" totalbytes="2511360" percent="99" regionsoverflowed="0" regionsstable="18" regionsrebuilding="0"/>
  </mem-info>
</gc-start>
<allocation-stats totalBytes="22000664" >
  <allocated-bytes non-tlh="0" tlh="22000664" arrayletleaf="0"/>
  <largest-consumer threadName="main" threadId="0000000001AE6700" bytes="22000664" />
</allocation-stats>
<gc-op id="5951" type="copy forward" timems="3.327" contextid="5948" timestamp="2019-06-16T00:38:05.190">
  <memory-copied type="eden" objects="5" bytes="248" bytesdiscarded="0" />
  <memory-copied type="other" objects="0" bytes="0" bytesdiscarded="0" />
  <memory-cardclean objects="13" bytes="456" />
  <regions eden="21" other="1" />
  <remembered-set-cleared processed="18" cleared="0" durationms="0.108" />
  <stringconstants candidates="13269" cleared="0"  />
</gc-op>
<gc-op id="5952" type="classunload" timems="0.004" contextid="5948" timestamp="2019-06-16T00:38:05.190">
  <classunload-info classloadercandidates="53" classloadersunloaded="0" classesunloaded="0" anonymousclassesunloaded="0" quiescems="0.000" setupms="0.004" scanms="0.000" postms="0.000" />
</gc-op>
<gc-end id="5953" type="partial gc" contextid="5948" durationms="4.599" usertimems="8.000" systemtimems="0.000" timestamp="2019-06-16T00:38:05.190" activeThreads="4">
  <mem-info id="5954" free="37748736" total="62914560" percent="60">
    <mem type="eden" free="1048328" total="1048576" percent="99" />
    <remembered-set count="896" freebytes="2507776" totalbytes="2511360" percent="99" regionsoverflowed="0" regionsstable="18" regionsrebuilding="0"/>
  </mem-info>
</gc-end>
<cycle-end id="5955" type="partial gc" contextid="5948" timestamp="2019-06-16T00:38:05.190" />
  <attribute name="elasticGC enabled" value="1" />
  <attribute name= "numThreadsSpecified" value="4" />
  <attribute name="heapSize specified" value="0" />
  <attribute name="Current GC Util" value="297" />
  <attribute name= "Current Time Running" value="24237" />
  <attribute name ="GC Interval" value="0" />
  <attribute name="ProportionalT" value="415.500000" />
  <attribute name="ProportionalI" value="415.500000" />
  <attribute name="ProportionalH" value="415.500000" />
  <attribute name="Current Error" value="277.000000" />
  <attribute name="IntegralT" value="277.000000" />
  <attribute name="IntegralI" value="277.000000" />
  <attribute name="IntegralH" value="277.000000" />
  <attribute name="DerivativeT" value="138.500000" />
  <attribute name="DerivativeI" value="138.500000" />
  <attribute name="DerivativeH" value="138.500000" />
  <attribute name="Loop Time for DT" value="1.000000" />
  <attribute name="Output H" value="8388608"/>
  <attribute name="Output I" value="832"/>
  <attribute name="Output T" value="4"/>
  <attribute name="Target GC Util Change" value ="20.000000" />
  <attribute name="Current GC Util Change" value="297.000000"/>
  <attribute name="GC Util currently" value="297" />
  <attribute name="CPU Util currently" value="9513142194726" />
<exclusive-end id="5956" timestamp="2019-06-16T00:38:05.191" durationms="5.682" />

<exclusive-start id="5957" timestamp="2019-06-16T00:38:05.205" intervalms="19.976">
  <response-info timems="0.085" idlems="0.085" threads="0" lastid="0000000001AE6700" lastname="main" />
</exclusive-start>
<allocation-taxation id="5958" taxation-threshold="22020096" timestamp="2019-06-16T00:38:05.205" intervalms="19.974" />
<cycle-start id="5959" type="partial gc" contextid="0" timestamp="2019-06-16T00:38:05.205" intervalms="19.964" />
<gc-start id="5960" type="partial gc" contextid="5959" timestamp="2019-06-16T00:38:05.205">
  <mem-info id="5961" free="15728640" total="62914560" percent="25">
    <mem type="eden" free="1048328" total="23068672" percent="4" />
    <remembered-set count="416" freebytes="2509696" totalbytes="2511360" percent="99" regionsoverflowed="0" regionsstable="18" regionsrebuilding="0"/>
  </mem-info>
</gc-start>
<allocation-stats totalBytes="22008424" >
  <allocated-bytes non-tlh="0" tlh="22008424" arrayletleaf="0"/>
  <largest-consumer threadName="main" threadId="0000000001AE6700" bytes="22008424" />
</allocation-stats>
<gc-op id="5962" type="copy forward" timems="1.917" contextid="5959" timestamp="2019-06-16T00:38:05.208">
  <memory-copied type="eden" objects="50" bytes="2304" bytesdiscarded="312" />
  <memory-copied type="other" objects="0" bytes="0" bytesdiscarded="0" />
  <memory-cardclean objects="80" bytes="2472" />
  <regions eden="21" other="1" />
  <remembered-set-cleared processed="18" cleared="11" durationms="0.113" />
  <stringconstants candidates="13269" cleared="0"  />
</gc-op>
<gc-op id="5963" type="classunload" timems="0.004" contextid="5959" timestamp="2019-06-16T00:38:05.208">
  <classunload-info classloadercandidates="53" classloadersunloaded="0" classesunloaded="0" anonymousclassesunloaded="0" quiescems="0.000" setupms="0.004" scanms="0.000" postms="0.000" />
</gc-op>
<gc-end id="5964" type="partial gc" contextid="5959" durationms="3.162" usertimems="4.000" systemtimems="0.000" timestamp="2019-06-16T00:38:05.209" activeThreads="4">
  <mem-info id="5965" free="37748736" total="62914560" percent="60">
    <mem type="eden" free="1045960" total="1048576" percent="99" />
    <remembered-set count="1184" freebytes="2506624" totalbytes="2511360" percent="99" regionsoverflowed="0" regionsstable="18" regionsrebuilding="0"/>
  </mem-info>
</gc-end>
<cycle-end id="5966" type="partial gc" contextid="5959" timestamp="2019-06-16T00:38:05.209" />
  <attribute name="elasticGC enabled" value="1" />
  <attribute name= "numThreadsSpecified" value="4" />
  <attribute name="heapSize specified" value="0" />
  <attribute name="Current GC Util" value="158" />
  <attribute name= "Current Time Running" value="24257" />
  <attribute name ="GC Interval" value="0" />
  <attribute name="ProportionalT" value="207.000000" />
  <attribute name="ProportionalI" value="207.000000" />
  <attribute name="ProportionalH" value="207.000000" />
  <attribute name="Current Error" value="138.000000" />
  <attribute name="IntegralT" value="138.000000" />
  <attribute name="IntegralI" value="138.000000" />
  <attribute name="IntegralH" value="138.000000" />
  <attribute name="DerivativeT" value="58.000000" />
  <attribute name="DerivativeI" value="58.000000" />
  <attribute name="DerivativeH" value="58.000000" />
  <attribute name="Loop Time for DT" value="1.000000" />
  <attribute name="Output H" value="8388608"/>
  <attribute name="Output I" value="408"/>
  <attribute name="Output T" value="4"/>
  <attribute name="Target GC Util Change" value ="20.000000" />
  <attribute name="Current GC Util Change" value="158.000000"/>
  <attribute name="GC Util currently" value="158" />
  <attribute name="CPU Util currently" value="9503164038648" />
<exclusive-end id="5967" timestamp="2019-06-16T00:38:05.209" durationms="4.186" />

<exclusive-start id="5968" timestamp="2019-06-16T00:38:05.232" intervalms="27.049">
  <response-info timems="0.094" idlems="0.094" threads="0" lastid="0000000001AE6700" lastname="main" />
</exclusive-start>
<allocation-taxation id="5969" taxation-threshold="22020096" timestamp="2019-06-16T00:38:05.232" intervalms="27.090" />
<cycle-start id="5970" type="partial gc" contextid="0" timestamp="2019-06-16T00:38:05.232" intervalms="27.085" />
<gc-start id="5971" type="partial gc" contextid="5970" timestamp="2019-06-16T00:38:05.233">
  <mem-info id="5972" free="15728640" total="62914560" percent="25">
    <mem type="eden" free="0" total="22020096" percent="0" />
    <remembered-set count="704" freebytes="2508544" totalbytes="2511360" percent="99" regionsoverflowed="0" regionsstable="18" regionsrebuilding="0"/>
  </mem-info>
</gc-start>
<allocation-stats totalBytes="22015184" >
  <allocated-bytes non-tlh="0" tlh="22015184" arrayletleaf="0"/>
  <largest-consumer threadName="main" threadId="0000000001AE6700" bytes="22015184" />
</allocation-stats>
<gc-op id="5973" type="copy forward" timems="2.023" contextid="5970" timestamp="2019-06-16T00:38:05.236">
  <memory-copied type="eden" objects="25" bytes="1144" bytesdiscarded="0" />
  <memory-copied type="other" objects="22" bytes="976" bytesdiscarded="360" />
  <memory-cardclean objects="64" bytes="2200" />
  <regions eden="21" other="1" />
  <remembered-set-cleared processed="16" cleared="9" durationms="0.107" />
  <stringconstants candidates="13269" cleared="0"  />
</gc-op>
<gc-op id="5974" type="classunload" timems="0.004" contextid="5970" timestamp="2019-06-16T00:38:05.236">
  <classunload-info classloadercandidates="53" classloadersunloaded="0" classesunloaded="0" anonymousclassesunloaded="0" quiescems="0.000" setupms="0.003" scanms="0.000" postms="0.000" />
</gc-op>
<heap-resize id="5975" type="expand" space="default" amount="3145728" count="1" timems="0.053" reason="excessive time being spent in gc" timestamp="2019-06-16T00:38:05.236" />
<gc-end id="5976" type="partial gc" contextid="5970" durationms="3.490" usertimems="4.000" systemtimems="0.000" timestamp="2019-06-16T00:38:05.236" activeThreads="4">
  <mem-info id="5977" free="39845888" total="66060288" percent="60">
    <mem type="eden" free="1047432" total="1048576" percent="99" />
    <remembered-set count="1696" freebytes="2630144" totalbytes="2636928" percent="99" regionsoverflowed="0" regionsstable="18" regionsrebuilding="0"/>
  </mem-info>
</gc-end>
<cycle-end id="5978" type="partial gc" contextid="5970" timestamp="2019-06-16T00:38:05.236" />
  <attribute name="elasticGC enabled" value="1" />
  <attribute name= "numThreadsSpecified" value="4" />
  <attribute name="heapSize specified" value="0" />
  <attribute name="Current GC Util" value="159" />
  <attribute name= "Current Time Running" value="24284" />
  <attribute name ="GC Interval" value="0" />
  <attribute name="ProportionalT" value="208.500000" />
  <attribute name="ProportionalI" value="208.500000" />
  <attribute name="ProportionalH" value="208.500000" />
  <attribute name="Current Error" value="139.000000" />
  <attribute name="IntegralT" value="139.000000" />
  <attribute name="IntegralI" value="139.000000" />
  <attribute name="IntegralH" value="139.000000" />
  <attribute name="DerivativeT" value="69.500000" />
  <attribute name="DerivativeI" value="69.500000" />
  <attribute name="DerivativeH" value="69.500000" />
  <attribute name="Loop Time for DT" value="1.000000" />
  <attribute name="Output H" value="8388608"/>
  <attribute name="Output I" value="424"/>
  <attribute name="Output T" value="4"/>
  <attribute name="Target GC Util Change" value ="20.000000" />
  <attribute name="Current GC Util Change" value="159.000000"/>
  <attribute name="GC Util currently" value="159" />
  <attribute name="CPU Util currently" value="9587106711376" />
<exclusive-end id="5979" timestamp="2019-06-16T00:38:05.236" durationms="4.552" />

<exclusive-start id="5980" timestamp="2019-06-16T00:38:05.261" intervalms="28.654">
  <response-info timems="0.070" idlems="0.070" threads="0" lastid="0000000001AE6700" lastname="main" />
</exclusive-start>
<allocation-taxation id="5981" taxation-threshold="23068672" timestamp="2019-06-16T00:38:05.261" intervalms="28.607" />
<cycle-start id="5982" type="partial gc" contextid="0" timestamp="2019-06-16T00:38:05.261" intervalms="28.592" />
<gc-start id="5983" type="partial gc" contextid="5982" timestamp="2019-06-16T00:38:05.261">
  <mem-info id="5984" free="16777216" total="66060288" percent="25">
    <mem type="eden" free="1047432" total="24117248" percent="4" />
    <remembered-set count="1216" freebytes="2632064" totalbytes="2636928" percent="99" regionsoverflowed="0" regionsstable="18" regionsrebuilding="0"/>
  </mem-info>
</gc-start>
<allocation-stats totalBytes="23063536" >
  <allocated-bytes non-tlh="0" tlh="23063536" arrayletleaf="0"/>
  <largest-consumer threadName="main" threadId="0000000001AE6700" bytes="23063536" />
</allocation-stats>
<gc-op id="5985" type="copy forward" timems="1.845" contextid="5982" timestamp="2019-06-16T00:38:05.264">
  <memory-copied type="eden" objects="18" bytes="792" bytesdiscarded="0" />
  <memory-copied type="other" objects="0" bytes="0" bytesdiscarded="0" />
  <memory-cardclean objects="14" bytes="496" />
  <regions eden="22" other="1" />
  <remembered-set-cleared processed="21" cleared="0" durationms="0.105" />
  <stringconstants candidates="13269" cleared="0"  />
</gc-op>
<gc-op id="5986" type="classunload" timems="0.003" contextid="5982" timestamp="2019-06-16T00:38:05.264">
  <classunload-info classloadercandidates="53" classloadersunloaded="0" classesunloaded="0" anonymousclassesunloaded="0" quiescems="0.000" setupms="0.003" scanms="0.000" postms="0.000" />
</gc-op>
<gc-end id="5987" type="partial gc" contextid="5982" durationms="3.133" usertimems="0.000" systemtimems="8.000" timestamp="2019-06-16T00:38:05.264" activeThreads="4">
  <mem-info id="5988" free="39845888" total="66060288" percent="60">
    <mem type="eden" free="1047784" total="1048576" percent="99" />
    <remembered-set count="928" freebytes="2633216" totalbytes="2636928" percent="99" regionsoverflowed="0" regionsstable="18" regionsrebuilding="0"/>
  </mem-info>
</gc-end>
<cycle-end id="5989" type="partial gc" contextid="5982" timestamp="2019-06-16T00:38:05.264" />
  <attribute name="elasticGC enabled" value="1" />
  <attribute name= "numThreadsSpecified" value="4" />
  <attribute name="heapSize specified" value="0" />
  <attribute name="Current GC Util" value="159" />
  <attribute name= "Current Time Running" value="24313" />
  <attribute name ="GC Interval" value="0" />
  <attribute name="ProportionalT" value="208.500000" />
  <attribute name="ProportionalI" value="208.500000" />
  <attribute name="ProportionalH" value="208.500000" />
  <attribute name="Current Error" value="139.000000" />
  <attribute name="IntegralT" value="139.000000" />
  <attribute name="IntegralI" value="139.000000" />
  <attribute name="IntegralH" value="139.000000" />
  <attribute name="DerivativeT" value="69.500000" />
  <attribute name="DerivativeI" value="69.500000" />
  <attribute name="DerivativeH" value="69.500000" />
  <attribute name="Loop Time for DT" value="1.000000" />
  <attribute name="Output H" value="8388608"/>
  <attribute name="Output I" value="424"/>
  <attribute name="Output T" value="4"/>
  <attribute name="Target GC Util Change" value ="20.000000" />
  <attribute name="Current GC Util Change" value="159.000000"/>
  <attribute name="GC Util currently" value="159" />
  <attribute name="CPU Util currently" value="9743643469144" />
<exclusive-end id="5990" timestamp="2019-06-16T00:38:05.265" durationms="4.151" />

<exclusive-start id="5991" timestamp="2019-06-16T00:38:05.288" intervalms="27.729">
  <response-info timems="0.091" idlems="0.091" threads="0" lastid="0000000001AE6700" lastname="main" />
</exclusive-start>
<allocation-taxation id="5992" taxation-threshold="23068672" timestamp="2019-06-16T00:38:05.288" intervalms="27.769" />
<cycle-start id="5993" type="partial gc" contextid="0" timestamp="2019-06-16T00:38:05.289" intervalms="27.800" />
<gc-start id="5994" type="partial gc" contextid="5993" timestamp="2019-06-16T00:38:05.289">
  <mem-info id="5995" free="16777216" total="66060288" percent="25">
    <mem type="eden" free="1047784" total="24117248" percent="4" />
    <remembered-set count="928" freebytes="2633216" totalbytes="2636928" percent="99" regionsoverflowed="0" regionsstable="18" regionsrebuilding="0"/>
  </mem-info>
</gc-start>
<allocation-stats totalBytes="23063528" >
  <allocated-bytes non-tlh="0" tlh="23063528" arrayletleaf="0"/>
  <largest-consumer threadName="main" threadId="0000000001AE6700" bytes="23063528" />
</allocation-stats>
<gc-op id="5996" type="copy forward" timems="1.000" contextid="5993" timestamp="2019-06-16T00:38:05.291">
  <memory-copied type="eden" objects="19" bytes="880" bytesdiscarded="0" />
  <memory-copied type="other" objects="0" bytes="0" bytesdiscarded="0" />
  <memory-cardclean objects="14" bytes="496" />
  <regions eden="22" other="1" />
  <remembered-set-cleared processed="21" cleared="0" durationms="0.095" />
  <stringconstants candidates="13269" cleared="0"  />
</gc-op>
<gc-op id="5997" type="classunload" timems="0.004" contextid="5993" timestamp="2019-06-16T00:38:05.291">
  <classunload-info classloadercandidates="53" classloadersunloaded="0" classesunloaded="0" anonymousclassesunloaded="0" quiescems="0.000" setupms="0.004" scanms="0.000" postms="0.000" />
</gc-op>
<gc-end id="5998" type="partial gc" contextid="5993" durationms="2.341" usertimems="0.000" systemtimems="0.000" timestamp="2019-06-16T00:38:05.291" activeThreads="1">
  <mem-info id="5999" free="39845888" total="66060288" percent="60">
    <mem type="eden" free="1047696" total="1048576" percent="99" />
    <remembered-set count="1408" freebytes="2631296" totalbytes="2636928" percent="99" regionsoverflowed="0" regionsstable="18" regionsrebuilding="0"/>
  </mem-info>
</gc-end>
<cycle-end id="6000" type="partial gc" contextid="5993" timestamp="2019-06-16T00:38:05.291" />
  <attribute name="elasticGC enabled" value="1" />
  <attribute name= "numThreadsSpecified" value="1" />
  <attribute name="heapSize specified" value="0" />
  <attribute name="Current GC Util" value="159" />
  <attribute name= "Current Time Running" value="24340" />
  <attribute name ="GC Interval" value="0" />
  <attribute name="ProportionalT" value="208.500000" />
  <attribute name="ProportionalI" value="208.500000" />
  <attribute name="ProportionalH" value="208.500000" />
  <attribute name="Current Error" value="139.000000" />
  <attribute name="IntegralT" value="0.000000" />
  <attribute name="IntegralI" value="0.000000" />
  <attribute name="IntegralH" value="0.000000" />
  <attribute name="DerivativeT" value="inf" />
  <attribute name="DerivativeI" value="inf" />
  <attribute name="DerivativeH" value="inf" />
  <attribute name="Loop Time for DT" value="0.000000" />
  <attribute name="Output H" value="8388608"/>
  <attribute name="Output I" value="200"/>
  <attribute name="Output T" value="1"/>
  <attribute name="Target GC Util Change" value ="20.000000" />
  <attribute name="Current GC Util Change" value="159.000000"/>
  <attribute name="GC Util currently" value="159" />
  <attribute name="CPU Util currently" value="9790433808378" />
<exclusive-end id="6001" timestamp="2019-06-16T00:38:05.292" durationms="3.480" />

<exclusive-start id="6002" timestamp="2019-06-16T00:38:05.457" intervalms="168.257">
  <response-info timems="0.076" idlems="0.076" threads="0" lastid="0000000001AE6700" lastname="main" />
</exclusive-start>
<allocation-taxation id="6003" taxation-threshold="23068672" timestamp="2019-06-16T00:38:05.457" intervalms="168.397" />
<cycle-start id="6004" type="partial gc" contextid="0" timestamp="2019-06-16T00:38:05.457" intervalms="168.426" />
<gc-start id="6005" type="partial gc" contextid="6004" timestamp="2019-06-16T00:38:05.458">
  <mem-info id="6006" free="16777216" total="66060288" percent="25">
    <mem type="eden" free="1047696" total="24117248" percent="4" />
    <remembered-set count="928" freebytes="2633216" totalbytes="2636928" percent="99" regionsoverflowed="0" regionsstable="18" regionsrebuilding="0"/>
  </mem-info>
</gc-start>
<allocation-stats totalBytes="22136552" >
  <allocated-bytes non-tlh="0" tlh="22136552" arrayletleaf="0"/>
  <largest-consumer threadName="main" threadId="0000000001AE6700" bytes="22136552" />
</allocation-stats>
<gc-op id="6007" type="copy forward" timems="1.169" contextid="6004" timestamp="2019-06-16T00:38:05.460">
  <memory-copied type="eden" objects="96" bytes="21672" bytesdiscarded="0" />
  <memory-copied type="other" objects="0" bytes="0" bytesdiscarded="0" />
  <memory-cardclean objects="102" bytes="3016" />
  <regions eden="22" other="1" />
  <remembered-set-cleared processed="21" cleared="13" durationms="0.096" />
  <stringconstants candidates="13269" cleared="0"  />
</gc-op>
<gc-op id="6008" type="classunload" timems="0.004" contextid="6004" timestamp="2019-06-16T00:38:05.460">
  <classunload-info classloadercandidates="53" classloadersunloaded="0" classesunloaded="0" anonymousclassesunloaded="0" quiescems="0.000" setupms="0.004" scanms="0.000" postms="0.000" />
</gc-op>
<gc-end id="6009" type="partial gc" contextid="6004" durationms="2.644" usertimems="0.000" systemtimems="0.000" timestamp="2019-06-16T00:38:05.460" activeThreads="1">
  <mem-info id="6010" free="39845888" total="66060288" percent="60">
    <mem type="eden" free="1026904" total="1048576" percent="97" />
    <remembered-set count="1184" freebytes="2632192" totalbytes="2636928" percent="99" regionsoverflowed="0" regionsstable="18" regionsrebuilding="0"/>
  </mem-info>
</gc-end>
<cycle-end id="6011" type="partial gc" contextid="6004" timestamp="2019-06-16T00:38:05.460" />
  <attribute name="elasticGC enabled" value="1" />
  <attribute name= "numThreadsSpecified" value="1" />
  <attribute name="heapSize specified" value="0" />
  <attribute name="Current GC Util" value="309" />
  <attribute name= "Current Time Running" value="24509" />
  <attribute name ="GC Interval" value="0" />
  <attribute name="ProportionalT" value="433.500000" />
  <attribute name="ProportionalI" value="433.500000" />
  <attribute name="ProportionalH" value="433.500000" />
  <attribute name="Current Error" value="289.000000" />
  <attribute name="IntegralT" value="0.000000" />
  <attribute name="IntegralI" value="0.000000" />
  <attribute name="IntegralH" value="0.000000" />
  <attribute name="DerivativeT" value="inf" />
  <attribute name="DerivativeI" value="inf" />
  <attribute name="DerivativeH" value="inf" />
  <attribute name="Loop Time for DT" value="0.000000" />
  <attribute name="Output H" value="8388608"/>
  <attribute name="Output I" value="200"/>
  <attribute name="Output T" value="1"/>
  <attribute name="Target GC Util Change" value ="20.000000" />
  <attribute name="Current GC Util Change" value="309.000000"/>
  <attribute name="GC Util currently" value="309" />
  <attribute name="CPU Util currently" value="11315104782327" />
<exclusive-end id="6012" timestamp="2019-06-16T00:38:05.461" durationms="4.172" />

<exclusive-start id="6013" timestamp="2019-06-16T00:38:05.464" intervalms="7.594">
  <response-info timems="0.090" idlems="0.090" threads="0" lastid="0000000001AE6700" lastname="main" />
</exclusive-start>
<allocation-taxation id="6014" taxation-threshold="23068672" timestamp="2019-06-16T00:38:05.464" intervalms="7.572" />
<cycle-start id="6015" type="partial gc" contextid="0" timestamp="2019-06-16T00:38:05.465" intervalms="7.576" />
<gc-start id="6016" type="partial gc" contextid="6015" timestamp="2019-06-16T00:38:05.465">
  <mem-info id="6017" free="16777216" total="66060288" percent="25">
    <mem type="eden" free="0" total="23068672" percent="0" />
    <remembered-set count="800" freebytes="2633728" totalbytes="2636928" percent="99" regionsoverflowed="0" regionsstable="18" regionsrebuilding="0"/>
  </mem-info>
</gc-start>
<allocation-stats totalBytes="21711112" >
  <allocated-bytes non-tlh="0" tlh="21711112" arrayletleaf="0"/>
  <largest-consumer threadName="main" threadId="0000000001AE6700" bytes="21711112" />
</allocation-stats>
<gc-op id="6018" type="copy forward" timems="3.517" contextid="6015" timestamp="2019-06-16T00:38:05.470">
  <memory-copied type="eden" objects="11" bytes="33800" bytesdiscarded="744" />
  <memory-copied type="other" objects="86" bytes="3456" bytesdiscarded="816" />
  <memory-cardclean objects="78" bytes="2616" />
  <regions eden="22" other="1" />
  <remembered-set-cleared processed="19" cleared="11" durationms="0.083" />
  <stringconstants candidates="13269" cleared="0"  />
</gc-op>
<gc-op id="6019" type="classunload" timems="0.004" contextid="6015" timestamp="2019-06-16T00:38:05.470">
  <classunload-info classloadercandidates="53" classloadersunloaded="0" classesunloaded="0" anonymousclassesunloaded="0" quiescems="0.000" setupms="0.004" scanms="0.000" postms="0.000" />
</gc-op>
<gc-end id="6020" type="partial gc" contextid="6015" durationms="4.884" usertimems="12.000" systemtimems="0.000" timestamp="2019-06-16T00:38:05.470" activeThreads="4">
  <mem-info id="6021" free="38797312" total="66060288" percent="58">
    <mem type="eden" free="1014032" total="1048576" percent="96" />
    <remembered-set count="2240" freebytes="2627968" totalbytes="2636928" percent="99" regionsoverflowed="0" regionsstable="18" regionsrebuilding="0"/>
  </mem-info>
</gc-end>
<cycle-end id="6022" type="partial gc" contextid="6015" timestamp="2019-06-16T00:38:05.470" />
  <attribute name="elasticGC enabled" value="1" />
  <attribute name= "numThreadsSpecified" value="4" />
  <attribute name="heapSize specified" value="0" />
  <attribute name="Current GC Util" value="278" />
  <attribute name= "Current Time Running" value="24517" />
  <attribute name ="GC Interval" value="0" />
  <attribute name="ProportionalT" value="387.000000" />
  <attribute name="ProportionalI" value="387.000000" />
  <attribute name="ProportionalH" value="387.000000" />
  <attribute name="Current Error" value="258.000000" />
  <attribute name="IntegralT" value="258.000000" />
  <attribute name="IntegralI" value="258.000000" />
  <attribute name="IntegralH" value="258.000000" />
  <attribute name="DerivativeT" value="124.000000" />
  <attribute name="DerivativeI" value="124.000000" />
  <attribute name="DerivativeH" value="124.000000" />
  <attribute name="Loop Time for DT" value="1.000000" />
  <attribute name="Output H" value="8388608"/>
  <attribute name="Output I" value="776"/>
  <attribute name="Output T" value="4"/>
  <attribute name="Target GC Util Change" value ="20.000000" />
  <attribute name="Current GC Util Change" value="278.000000"/>
  <attribute name="GC Util currently" value="278" />
  <attribute name="CPU Util currently" value="11324412846041" />
<exclusive-end id="6023" timestamp="2019-06-16T00:38:05.471" durationms="6.407" />

<exclusive-start id="6024" timestamp="2019-06-16T00:38:05.474" intervalms="9.764">
  <response-info timems="0.116" idlems="0.116" threads="0" lastid="0000000001AE6700" lastname="main" />
</exclusive-start>
<allocation-taxation id="6025" taxation-threshold="23068672" timestamp="2019-06-16T00:38:05.474" intervalms="9.784" />
<cycle-start id="6026" type="partial gc" contextid="0" timestamp="2019-06-16T00:38:05.474" intervalms="9.762" />
<gc-start id="6027" type="partial gc" contextid="6026" timestamp="2019-06-16T00:38:05.475">
  <mem-info id="6028" free="15728640" total="66060288" percent="23">
    <mem type="eden" free="1014032" total="24117248" percent="4" />
    <remembered-set count="1760" freebytes="2629888" totalbytes="2636928" percent="99" regionsoverflowed="0" regionsstable="18" regionsrebuilding="0"/>
  </mem-info>
</gc-start>
<allocation-stats totalBytes="21586248" >
  <allocated-bytes non-tlh="0" tlh="21586248" arrayletleaf="0"/>
  <largest-consumer threadName="main" threadId="0000000001AE6700" bytes="21586248" />
</allocation-stats>
<gc-op id="6029" type="copy forward" timems="1.197" contextid="6026" timestamp="2019-06-16T00:38:05.477">
  <memory-copied type="eden" objects="11" bytes="36152" bytesdiscarded="0" />
  <memory-copied type="other" objects="0" bytes="0" bytesdiscarded="0" />
  <memory-cardclean objects="15" bytes="616" />
  <regions eden="22" other="1" />
  <remembered-set-cleared processed="26" cleared="1" durationms="0.100" />
  <stringconstants candidates="13269" cleared="0"  />
</gc-op>
<gc-op id="6030" type="classunload" timems="0.004" contextid="6026" timestamp="2019-06-16T00:38:05.477">
  <classunload-info classloadercandidates="53" classloadersunloaded="0" classesunloaded="0" anonymousclassesunloaded="0" quiescems="0.000" setupms="0.004" scanms="0.000" postms="0.000" />
</gc-op>
<gc-end id="6031" type="partial gc" contextid="6026" durationms="2.736" usertimems="0.000" systemtimems="4.000" timestamp="2019-06-16T00:38:05.478" activeThreads="1">
  <mem-info id="6032" free="38797312" total="66060288" percent="58">
    <mem type="eden" free="1012424" total="1048576" percent="96" />
    <remembered-set count="2208" freebytes="2628096" totalbytes="2636928" percent="99" regionsoverflowed="0" regionsstable="18" regionsrebuilding="0"/>
  </mem-info>
</gc-end>
<cycle-end id="6033" type="partial gc" contextid="6026" timestamp="2019-06-16T00:38:05.478" />
  <attribute name="elasticGC enabled" value="1" />
  <attribute name= "numThreadsSpecified" value="1" />
  <attribute name="heapSize specified" value="0" />
  <attribute name="Current GC Util" value="139" />
  <attribute name= "Current Time Running" value="24526" />
  <attribute name ="GC Interval" value="0" />
  <attribute name="ProportionalT" value="178.500000" />
  <attribute name="ProportionalI" value="178.500000" />
  <attribute name="ProportionalH" value="178.500000" />
  <attribute name="Current Error" value="119.000000" />
  <attribute name="IntegralT" value="0.000000" />
  <attribute name="IntegralI" value="0.000000" />
  <attribute name="IntegralH" value="0.000000" />
  <attribute name="DerivativeT" value="inf" />
  <attribute name="DerivativeI" value="inf" />
  <attribute name="DerivativeH" value="inf" />
  <attribute name="Loop Time for DT" value="0.000000" />
  <attribute name="Output H" value="8388608"/>
  <attribute name="Output I" value="200"/>
  <attribute name="Output T" value="1"/>
  <attribute name="Target GC Util Change" value ="20.000000" />
  <attribute name="Current GC Util Change" value="139.000000"/>
  <attribute name="GC Util currently" value="139" />
  <attribute name="CPU Util currently" value="10647864488372" />
<exclusive-end id="6034" timestamp="2019-06-16T00:38:05.478" durationms="4.245" />

<exclusive-start id="6035" timestamp="2019-06-16T00:38:05.600" intervalms="126.111">
  <response-info timems="0.092" idlems="0.092" threads="0" lastid="0000000001AE6700" lastname="main" />
</exclusive-start>
<allocation-taxation id="6036" taxation-threshold="23068672" timestamp="2019-06-16T00:38:05.600" intervalms="126.036" />
<cycle-start id="6037" type="partial gc" contextid="0" timestamp="2019-06-16T00:38:05.600" intervalms="126.041" />
<gc-start id="6038" type="partial gc" contextid="6037" timestamp="2019-06-16T00:38:05.601">
  <mem-info id="6039" free="15728640" total="66060288" percent="23">
    <mem type="eden" free="1012424" total="24117248" percent="4" />
    <remembered-set count="1728" freebytes="2630016" totalbytes="2636928" percent="99" regionsoverflowed="0" regionsstable="18" regionsrebuilding="0"/>
  </mem-info>
</gc-start>
<allocation-stats totalBytes="23067152" >
  <allocated-bytes non-tlh="0" tlh="23067152" arrayletleaf="0"/>
  <largest-consumer threadName="main" threadId="0000000001AE6700" bytes="23067152" />
</allocation-stats>
<gc-op id="6040" type="copy forward" timems="1.352" contextid="6037" timestamp="2019-06-16T00:38:05.603">
  <memory-copied type="eden" objects="49" bytes="41208" bytesdiscarded="0" />
  <memory-copied type="other" objects="0" bytes="0" bytesdiscarded="0" />
  <memory-cardclean objects="127" bytes="3632" />
  <regions eden="22" other="1" />
  <remembered-set-cleared processed="26" cleared="11" durationms="0.269" />
  <stringconstants candidates="13269" cleared="0"  />
</gc-op>
<gc-op id="6041" type="classunload" timems="0.003" contextid="6037" timestamp="2019-06-16T00:38:05.603">
  <classunload-info classloadercandidates="53" classloadersunloaded="0" classesunloaded="0" anonymousclassesunloaded="0" quiescems="0.000" setupms="0.003" scanms="0.000" postms="0.000" />
</gc-op>
<gc-end id="6042" type="partial gc" contextid="6037" durationms="2.753" usertimems="4.000" systemtimems="0.000" timestamp="2019-06-16T00:38:05.604" activeThreads="1">
  <mem-info id="6043" free="38797312" total="66060288" percent="58">
    <mem type="eden" free="1007368" total="1048576" percent="96" />
    <remembered-set count="2144" freebytes="2628352" totalbytes="2636928" percent="99" regionsoverflowed="0" regionsstable="18" regionsrebuilding="0"/>
  </mem-info>
</gc-end>
<cycle-end id="6044" type="partial gc" contextid="6037" timestamp="2019-06-16T00:38:05.604" />
  <attribute name="elasticGC enabled" value="1" />
  <attribute name= "numThreadsSpecified" value="1" />
  <attribute name="heapSize specified" value="0" />
  <attribute name="Current GC Util" value="290" />
  <attribute name= "Current Time Running" value="24652" />
  <attribute name ="GC Interval" value="0" />
  <attribute name="ProportionalT" value="405.000000" />
  <attribute name="ProportionalI" value="405.000000" />
  <attribute name="ProportionalH" value="405.000000" />
  <attribute name="Current Error" value="270.000000" />
  <attribute name="IntegralT" value="0.000000" />
  <attribute name="IntegralI" value="0.000000" />
  <attribute name="IntegralH" value="0.000000" />
  <attribute name="DerivativeT" value="inf" />
  <attribute name="DerivativeI" value="inf" />
  <attribute name="DerivativeH" value="inf" />
  <attribute name="Loop Time for DT" value="0.000000" />
  <attribute name="Output H" value="8388608"/>
  <attribute name="Output I" value="200"/>
  <attribute name="Output T" value="1"/>
  <attribute name="Target GC Util Change" value ="20.000000" />
  <attribute name="Current GC Util Change" value="290.000000"/>
  <attribute name="GC Util currently" value="290" />
  <attribute name="CPU Util currently" value="13218128127727" />
<exclusive-end id="6045" timestamp="2019-06-16T00:38:05.604" durationms="4.146" />

<exclusive-start id="6046" timestamp="2019-06-16T00:38:05.620" intervalms="19.579">
  <response-info timems="0.745" idlems="0.745" threads="0" lastid="0000000001AE6700" lastname="main" />
</exclusive-start>
<allocation-taxation id="6047" taxation-threshold="23068672" timestamp="2019-06-16T00:38:05.620" intervalms="19.519" />
<cycle-start id="6048" type="partial gc" contextid="0" timestamp="2019-06-16T00:38:05.620" intervalms="19.514" />
<gc-start id="6049" type="partial gc" contextid="6048" timestamp="2019-06-16T00:38:05.620">
  <mem-info id="6050" free="15728640" total="66060288" percent="23">
    <mem type="eden" free="0" total="23068672" percent="0" />
    <remembered-set count="1760" freebytes="2629888" totalbytes="2636928" percent="99" regionsoverflowed="0" regionsstable="18" regionsrebuilding="0"/>
  </mem-info>
</gc-start>
<allocation-stats totalBytes="23065400" >
  <allocated-bytes non-tlh="0" tlh="23065400" arrayletleaf="0"/>
  <largest-consumer threadName="main" threadId="0000000001AE6700" bytes="23065400" />
</allocation-stats>
<gc-op id="6051" type="copy forward" timems="2.233" contextid="6048" timestamp="2019-06-16T00:38:05.623">
  <memory-copied type="eden" objects="1" bytes="24" bytesdiscarded="0" />
  <memory-copied type="other" objects="48" bytes="41176" bytesdiscarded="264" />
  <memory-cardclean objects="98" bytes="3152" />
  <regions eden="22" other="1" />
  <remembered-set-cleared processed="23" cleared="8" durationms="0.082" />
  <stringconstants candidates="13269" cleared="0"  />
</gc-op>
<gc-op id="6052" type="classunload" timems="0.004" contextid="6048" timestamp="2019-06-16T00:38:05.623">
  <classunload-info classloadercandidates="53" classloadersunloaded="0" classesunloaded="0" anonymousclassesunloaded="0" quiescems="0.000" setupms="0.003" scanms="0.000" postms="0.000" />
</gc-op>
<gc-end id="6053" type="partial gc" contextid="6048" durationms="3.410" usertimems="4.000" systemtimems="0.000" timestamp="2019-06-16T00:38:05.624" activeThreads="4">
  <mem-info id="6054" free="37748736" total="66060288" percent="57">
    <mem type="eden" free="1048552" total="1048576" percent="99" />
    <remembered-set count="1408" freebytes="2631296" totalbytes="2636928" percent="99" regionsoverflowed="0" regionsstable="18" regionsrebuilding="0"/>
  </mem-info>
</gc-end>
<cycle-end id="6055" type="partial gc" contextid="6048" timestamp="2019-06-16T00:38:05.624" />
  <attribute name="elasticGC enabled" value="1" />
  <attribute name= "numThreadsSpecified" value="4" />
  <attribute name="heapSize specified" value="0" />
  <attribute name="Current GC Util" value="276" />
  <attribute name= "Current Time Running" value="24672" />
  <attribute name ="GC Interval" value="0" />
  <attribute name="ProportionalT" value="384.000000" />
  <attribute name="ProportionalI" value="384.000000" />
  <attribute name="ProportionalH" value="384.000000" />
  <attribute name="Current Error" value="256.000000" />
  <attribute name="IntegralT" value="256.000000" />
  <attribute name="IntegralI" value="256.000000" />
  <attribute name="IntegralH" value="256.000000" />
  <attribute name="DerivativeT" value="128.000000" />
  <attribute name="DerivativeI" value="128.000000" />
  <attribute name="DerivativeH" value="128.000000" />
  <attribute name="Loop Time for DT" value="1.000000" />
  <attribute name="Output H" value="8388608"/>
  <attribute name="Output I" value="768"/>
  <attribute name="Output T" value="4"/>
  <attribute name="Target GC Util Change" value ="20.000000" />
  <attribute name="Current GC Util Change" value="276.000000"/>
  <attribute name="GC Util currently" value="276" />
  <attribute name="CPU Util currently" value="13855022909623" />
<exclusive-end id="6056" timestamp="2019-06-16T00:38:05.624" durationms="4.611" />

<exclusive-start id="6057" timestamp="2019-06-16T00:38:05.639" intervalms="19.433">
  <response-info timems="0.088" idlems="0.088" threads="0" lastid="0000000001AE6700" lastname="main" />
</exclusive-start>
<allocation-taxation id="6058" taxation-threshold="23068672" timestamp="2019-06-16T00:38:05.639" intervalms="19.436" />
<cycle-start id="6059" type="partial gc" contextid="0" timestamp="2019-06-16T00:38:05.639" intervalms="19.424" />
<gc-start id="6060" type="partial gc" contextid="6059" timestamp="2019-06-16T00:38:05.640">
  <mem-info id="6061" free="14680064" total="66060288" percent="22">
    <mem type="eden" free="1048552" total="24117248" percent="4" />
    <remembered-set count="1408" freebytes="2631296" totalbytes="2636928" percent="99" regionsoverflowed="0" regionsstable="18" regionsrebuilding="0"/>
  </mem-info>
</gc-start>
<allocation-stats totalBytes="23065856" >
  <allocated-bytes non-tlh="0" tlh="23065856" arrayletleaf="0"/>
  <largest-consumer threadName="main" threadId="0000000001AE6700" bytes="23065856" />
</allocation-stats>
<gc-op id="6062" type="copy forward" timems="0.958" contextid="6059" timestamp="2019-06-16T00:38:05.641">
  <memory-copied type="eden" objects="2" bytes="56" bytesdiscarded="0" />
  <memory-copied type="other" objects="0" bytes="0" bytesdiscarded="0" />
  <memory-cardclean objects="25" bytes="1072" />
  <regions eden="22" other="1" />
  <remembered-set-cleared processed="30" cleared="1" durationms="0.101" />
  <stringconstants candidates="13269" cleared="0"  />
</gc-op>
<gc-op id="6063" type="classunload" timems="0.004" contextid="6059" timestamp="2019-06-16T00:38:05.642">
  <classunload-info classloadercandidates="53" classloadersunloaded="0" classesunloaded="0" anonymousclassesunloaded="0" quiescems="0.000" setupms="0.004" scanms="0.000" postms="0.000" />
</gc-op>
<gc-end id="6064" type="partial gc" contextid="6059" durationms="2.157" usertimems="4.000" systemtimems="0.000" timestamp="2019-06-16T00:38:05.642" activeThreads="1">
  <mem-info id="6065" free="37748736" total="66060288" percent="57">
    <mem type="eden" free="1048520" total="1048576" percent="99" />
    <remembered-set count="1888" freebytes="2629376" totalbytes="2636928" percent="99" regionsoverflowed="0" regionsstable="18" regionsrebuilding="0"/>
  </mem-info>
</gc-end>
<cycle-end id="6066" type="partial gc" contextid="6059" timestamp="2019-06-16T00:38:05.642" />
  <attribute name="elasticGC enabled" value="1" />
  <attribute name= "numThreadsSpecified" value="1" />
  <attribute name="heapSize specified" value="0" />
  <attribute name="Current GC Util" value="158" />
  <attribute name= "Current Time Running" value="24691" />
  <attribute name ="GC Interval" value="0" />
  <attribute name="ProportionalT" value="207.000000" />
  <attribute name="ProportionalI" value="207.000000" />
  <attribute name="ProportionalH" value="207.000000" />
  <attribute name="Current Error" value="138.000000" />
  <attribute name="IntegralT" value="0.000000" />
  <attribute name="IntegralI" value="0.000000" />
  <attribute name="IntegralH" value="0.000000" />
  <attribute name="DerivativeT" value="inf" />
  <attribute name="DerivativeI" value="inf" />
  <attribute name="DerivativeH" value="inf" />
  <attribute name="Loop Time for DT" value="0.000000" />
  <attribute name="Output H" value="8388608"/>
  <attribute name="Output I" value="200"/>
  <attribute name="Output T" value="1"/>
  <attribute name="Target GC Util Change" value ="20.000000" />
  <attribute name="Current GC Util Change" value="158.000000"/>
  <attribute name="GC Util currently" value="158" />
  <attribute name="CPU Util currently" value="13670614005281" />
<exclusive-end id="6067" timestamp="2019-06-16T00:38:05.642" durationms="3.273" />

<exclusive-start id="6068" timestamp="2019-06-16T00:38:05.663" intervalms="23.686">
  <response-info timems="0.097" idlems="0.097" threads="0" lastid="0000000001AE6700" lastname="main" />
</exclusive-start>
<allocation-taxation id="6069" taxation-threshold="23068672" timestamp="2019-06-16T00:38:05.663" intervalms="23.671" />
<cycle-start id="6070" type="partial gc" contextid="0" timestamp="2019-06-16T00:38:05.663" intervalms="23.670" />
<gc-start id="6071" type="partial gc" contextid="6070" timestamp="2019-06-16T00:38:05.663">
  <mem-info id="6072" free="14680064" total="66060288" percent="22">
    <mem type="eden" free="1048520" total="24117248" percent="4" />
    <remembered-set count="1440" freebytes="2631168" totalbytes="2636928" percent="99" regionsoverflowed="0" regionsstable="18" regionsrebuilding="0"/>
  </mem-info>
</gc-start>
<allocation-stats totalBytes="23064584" >
  <allocated-bytes non-tlh="0" tlh="23064584" arrayletleaf="0"/>
  <largest-consumer threadName="main" threadId="0000000001AE6700" bytes="23064584" />
</allocation-stats>
<gc-op id="6073" type="copy forward" timems="2.761" contextid="6070" timestamp="2019-06-16T00:38:05.667">
  <memory-copied type="eden" objects="45" bytes="1464" bytesdiscarded="1416" />
  <memory-copied type="other" objects="0" bytes="0" bytesdiscarded="0" />
  <memory-cardclean objects="81" bytes="2536" />
  <regions eden="22" other="1" />
  <remembered-set-cleared processed="30" cleared="11" durationms="0.087" />
  <stringconstants candidates="13269" cleared="0"  />
</gc-op>
<gc-op id="6074" type="classunload" timems="0.004" contextid="6070" timestamp="2019-06-16T00:38:05.667">
  <classunload-info classloadercandidates="53" classloadersunloaded="0" classesunloaded="0" anonymousclassesunloaded="0" quiescems="0.000" setupms="0.004" scanms="0.000" postms="0.000" />
</gc-op>
<heap-resize id="6075" type="expand" space="default" amount="5242880" count="1" timems="0.068" reason="excessive time being spent in gc" timestamp="2019-06-16T00:38:05.667" />
<gc-end id="6076" type="partial gc" contextid="6070" durationms="4.147" usertimems="8.000" systemtimems="0.000" timestamp="2019-06-16T00:38:05.667" activeThreads="4">
  <mem-info id="6077" free="42991616" total="71303168" percent="60">
    <mem type="eden" free="1045696" total="1048576" percent="99" />
    <remembered-set count="2016" freebytes="2838144" totalbytes="2846208" percent="99" regionsoverflowed="0" regionsstable="18" regionsrebuilding="0"/>
  </mem-info>
</gc-end>
<cycle-end id="6078" type="partial gc" contextid="6070" timestamp="2019-06-16T00:38:05.668" />
  <attribute name="elasticGC enabled" value="1" />
  <attribute name= "numThreadsSpecified" value="4" />
  <attribute name="heapSize specified" value="0" />
  <attribute name="Current GC Util" value="279" />
  <attribute name= "Current Time Running" value="24715" />
  <attribute name ="GC Interval" value="0" />
  <attribute name="ProportionalT" value="388.500000" />
  <attribute name="ProportionalI" value="388.500000" />
  <attribute name="ProportionalH" value="388.500000" />
  <attribute name="Current Error" value="259.000000" />
  <attribute name="IntegralT" value="259.000000" />
  <attribute name="IntegralI" value="259.000000" />
  <attribute name="IntegralH" value="259.000000" />
  <attribute name="DerivativeT" value="129.500000" />
  <attribute name="DerivativeI" value="129.500000" />
  <attribute name="DerivativeH" value="129.500000" />
  <attribute name="Loop Time for DT" value="1.000000" />
  <attribute name="Output H" value="8388608"/>
  <attribute name="Output I" value="784"/>
  <attribute name="Output T" value="4"/>
  <attribute name="Target GC Util Change" value ="20.000000" />
  <attribute name="Current GC Util Change" value="279.000000"/>
  <attribute name="GC Util currently" value="279" />
  <attribute name="CPU Util currently" value="13615882953062" />
<exclusive-end id="6079" timestamp="2019-06-16T00:38:05.668" durationms="5.279" />

<exclusive-start id="6080" timestamp="2019-06-16T00:38:05.688" intervalms="25.809">
  <response-info timems="0.076" idlems="0.076" threads="0" lastid="0000000001AE6700" lastname="main" />
</exclusive-start>
<allocation-taxation id="6081" taxation-threshold="24117248" timestamp="2019-06-16T00:38:05.689" intervalms="25.820" />
<cycle-start id="6082" type="partial gc" contextid="0" timestamp="2019-06-16T00:38:05.689" intervalms="25.827" />
<gc-start id="6083" type="partial gc" contextid="6082" timestamp="2019-06-16T00:38:05.689">
  <mem-info id="6084" free="18874368" total="71303168" percent="26">
    <mem type="eden" free="0" total="24117248" percent="0" />
    <remembered-set count="1664" freebytes="2839552" totalbytes="2846208" percent="99" regionsoverflowed="0" regionsstable="18" regionsrebuilding="0"/>
  </mem-info>
</gc-start>
<allocation-stats totalBytes="24110648" >
  <allocated-bytes non-tlh="0" tlh="24110648" arrayletleaf="0"/>
  <largest-consumer threadName="main" threadId="0000000001AE6700" bytes="24110648" />
</allocation-stats>
<gc-op id="6085" type="copy forward" timems="1.190" contextid="6082" timestamp="2019-06-16T00:38:05.691">
  <memory-copied type="eden" objects="25" bytes="904" bytesdiscarded="0" />
  <memory-copied type="other" objects="7" bytes="168" bytesdiscarded="0" />
  <memory-cardclean objects="113" bytes="3240" />
  <regions eden="23" other="1" />
  <remembered-set-cleared processed="28" cleared="10" durationms="0.105" />
  <stringconstants candidates="13269" cleared="0"  />
</gc-op>
<gc-op id="6086" type="classunload" timems="0.004" contextid="6082" timestamp="2019-06-16T00:38:05.691">
  <classunload-info classloadercandidates="53" classloadersunloaded="0" classesunloaded="0" anonymousclassesunloaded="0" quiescems="0.000" setupms="0.004" scanms="0.000" postms="0.000" />
</gc-op>
<heap-resize id="6087" type="expand" space="default" amount="2097152" count="1" timems="0.060" reason="excessive time being spent in gc" timestamp="2019-06-16T00:38:05.692" />
<gc-end id="6088" type="partial gc" contextid="6082" durationms="2.631" usertimems="4.000" systemtimems="0.000" timestamp="2019-06-16T00:38:05.692" activeThreads="1">
  <mem-info id="6089" free="44040192" total="73400320" percent="60">
    <mem type="eden" free="1047672" total="1048576" percent="99" />
    <remembered-set count="1920" freebytes="2922240" totalbytes="2929920" percent="99" regionsoverflowed="0" regionsstable="18" regionsrebuilding="0"/>
  </mem-info>
</gc-end>
<cycle-end id="6090" type="partial gc" contextid="6082" timestamp="2019-06-16T00:38:05.692" />
  <attribute name="elasticGC enabled" value="1" />
  <attribute name= "numThreadsSpecified" value="1" />
  <attribute name="heapSize specified" value="0" />
  <attribute name="Current GC Util" value="204" />
  <attribute name= "Current Time Running" value="24740" />
  <attribute name ="GC Interval" value="0" />
  <attribute name="ProportionalT" value="276.000000" />
  <attribute name="ProportionalI" value="276.000000" />
  <attribute name="ProportionalH" value="276.000000" />
  <attribute name="Current Error" value="184.000000" />
  <attribute name="IntegralT" value="0.000000" />
  <attribute name="IntegralI" value="0.000000" />
  <attribute name="IntegralH" value="0.000000" />
  <attribute name="DerivativeT" value="inf" />
  <attribute name="DerivativeI" value="inf" />
  <attribute name="DerivativeH" value="inf" />
  <attribute name="Loop Time for DT" value="0.000000" />
  <attribute name="Output H" value="8388608"/>
  <attribute name="Output I" value="200"/>
  <attribute name="Output T" value="1"/>
  <attribute name="Target GC Util Change" value ="20.000000" />
  <attribute name="Current GC Util Change" value="204.000000"/>
  <attribute name="GC Util currently" value="204" />
  <attribute name="CPU Util currently" value="13683106918071" />
<exclusive-end id="6091" timestamp="2019-06-16T00:38:05.692" durationms="3.821" />

<exclusive-start id="6092" timestamp="2019-06-16T00:38:05.711" intervalms="22.059">
  <response-info timems="0.076" idlems="0.076" threads="0" lastid="0000000001AE6700" lastname="main" />
</exclusive-start>
<allocation-taxation id="6093" taxation-threshold="25165824" timestamp="2019-06-16T00:38:05.711" intervalms="22.041" />
<cycle-start id="6094" type="partial gc" contextid="0" timestamp="2019-06-16T00:38:05.711" intervalms="22.031" />
<gc-start id="6095" type="partial gc" contextid="6094" timestamp="2019-06-16T00:38:05.711">
  <mem-info id="6096" free="18874368" total="73400320" percent="25">
    <mem type="eden" free="0" total="25165824" percent="0" />
    <remembered-set count="1600" freebytes="2923520" totalbytes="2929920" percent="99" regionsoverflowed="0" regionsstable="18" regionsrebuilding="0"/>
  </mem-info>
</gc-start>
<allocation-stats totalBytes="25156104" >
  <allocated-bytes non-tlh="0" tlh="25156104" arrayletleaf="0"/>
  <largest-consumer threadName="main" threadId="0000000001AE6700" bytes="25156104" />
</allocation-stats>
<gc-op id="6097" type="copy forward" timems="2.803" contextid="6094" timestamp="2019-06-16T00:38:05.715">
  <memory-copied type="eden" objects="5" bytes="216" bytesdiscarded="0" />
  <memory-copied type="other" objects="18" bytes="592" bytesdiscarded="696" />
  <memory-cardclean objects="60" bytes="1944" />
  <regions eden="24" other="1" />
  <remembered-set-cleared processed="31" cleared="3" durationms="0.088" />
  <stringconstants candidates="13269" cleared="0"  />
</gc-op>
<gc-op id="6098" type="classunload" timems="0.004" contextid="6094" timestamp="2019-06-16T00:38:05.715">
  <classunload-info classloadercandidates="53" classloadersunloaded="0" classesunloaded="0" anonymousclassesunloaded="0" quiescems="0.000" setupms="0.004" scanms="0.000" postms="0.000" />
</gc-op>
<heap-resize id="6099" type="expand" space="default" amount="3145728" count="1" timems="0.231" reason="excessive time being spent in gc" timestamp="2019-06-16T00:38:05.715" />
<gc-end id="6100" type="partial gc" contextid="6094" durationms="4.297" usertimems="8.000" systemtimems="0.000" timestamp="2019-06-16T00:38:05.716" activeThreads="4">
  <mem-info id="6101" free="46137344" total="76546048" percent="60">
    <mem type="eden" free="1048360" total="1048576" percent="99" />
    <remembered-set count="2144" freebytes="3046912" totalbytes="3055488" percent="99" regionsoverflowed="0" regionsstable="18" regionsrebuilding="0"/>
  </mem-info>
</gc-end>
<cycle-end id="6102" type="partial gc" contextid="6094" timestamp="2019-06-16T00:38:05.716" />
  <attribute name="elasticGC enabled" value="1" />
  <attribute name= "numThreadsSpecified" value="4" />
  <attribute name="heapSize specified" value="0" />
  <attribute name="Current GC Util" value="278" />
  <attribute name= "Current Time Running" value="24763" />
  <attribute name ="GC Interval" value="0" />
  <attribute name="ProportionalT" value="387.000000" />
  <attribute name="ProportionalI" value="387.000000" />
  <attribute name="ProportionalH" value="387.000000" />
  <attribute name="Current Error" value="258.000000" />
  <attribute name="IntegralT" value="258.000000" />
  <attribute name="IntegralI" value="258.000000" />
  <attribute name="IntegralH" value="258.000000" />
  <attribute name="DerivativeT" value="129.000000" />
  <attribute name="DerivativeI" value="129.000000" />
  <attribute name="DerivativeH" value="129.000000" />
  <attribute name="Loop Time for DT" value="1.000000" />
  <attribute name="Output H" value="8388608"/>
  <attribute name="Output I" value="776"/>
  <attribute name="Output T" value="4"/>
  <attribute name="Target GC Util Change" value ="20.000000" />
  <attribute name="Current GC Util Change" value="278.000000"/>
  <attribute name="GC Util currently" value="278" />
  <attribute name="CPU Util currently" value="13714684038385" />
<exclusive-end id="6103" timestamp="2019-06-16T00:38:05.716" durationms="5.414" />

<exclusive-start id="6104" timestamp="2019-06-16T00:38:05.742" intervalms="31.650">
  <response-info timems="0.096" idlems="0.096" threads="0" lastid="0000000001AE6700" lastname="main" />
</exclusive-start>
<allocation-taxation id="6105" taxation-threshold="26214400" timestamp="2019-06-16T00:38:05.742" intervalms="31.681" />
<cycle-start id="6106" type="partial gc" contextid="0" timestamp="2019-06-16T00:38:05.743" intervalms="31.684" />
<gc-start id="6107" type="partial gc" contextid="6106" timestamp="2019-06-16T00:38:05.743">
  <mem-info id="6108" free="19922944" total="76546048" percent="26">
    <mem type="eden" free="1048360" total="27262976" percent="3" />
    <remembered-set count="2144" freebytes="3046912" totalbytes="3055488" percent="99" regionsoverflowed="0" regionsstable="18" regionsrebuilding="0"/>
  </mem-info>
</gc-start>
<allocation-stats totalBytes="26208056" >
  <allocated-bytes non-tlh="0" tlh="26208056" arrayletleaf="0"/>
  <largest-consumer threadName="main" threadId="0000000001AE6700" bytes="26208056" />
</allocation-stats>
<gc-op id="6109" type="copy forward" timems="1.018" contextid="6106" timestamp="2019-06-16T00:38:05.745">
  <memory-copied type="eden" objects="25" bytes="800" bytesdiscarded="0" />
  <memory-copied type="other" objects="0" bytes="0" bytesdiscarded="0" />
  <memory-cardclean objects="71" bytes="2304" />
  <regions eden="25" other="1" />
  <remembered-set-cleared processed="36" cleared="6" durationms="0.110" />
  <stringconstants candidates="13269" cleared="0"  />
</gc-op>
<gc-op id="6110" type="classunload" timems="0.004" contextid="6106" timestamp="2019-06-16T00:38:05.745">
  <classunload-info classloadercandidates="53" classloadersunloaded="0" classesunloaded="0" anonymousclassesunloaded="0" quiescems="0.000" setupms="0.004" scanms="0.000" postms="0.000" />
</gc-op>
<gc-end id="6111" type="partial gc" contextid="6106" durationms="2.347" usertimems="4.000" systemtimems="0.000" timestamp="2019-06-16T00:38:05.745" activeThreads="1">
  <mem-info id="6112" free="46137344" total="76546048" percent="60">
    <mem type="eden" free="1047776" total="1048576" percent="99" />
    <remembered-set count="2528" freebytes="3045376" totalbytes="3055488" percent="99" regionsoverflowed="0" regionsstable="18" regionsrebuilding="0"/>
  </mem-info>
</gc-end>
<cycle-end id="6113" type="partial gc" contextid="6106" timestamp="2019-06-16T00:38:05.745" />
  <attribute name="elasticGC enabled" value="1" />
  <attribute name= "numThreadsSpecified" value="1" />
  <attribute name="heapSize specified" value="0" />
  <attribute name="Current GC Util" value="166" />
  <attribute name= "Current Time Running" value="24794" />
  <attribute name ="GC Interval" value="0" />
  <attribute name="ProportionalT" value="219.000000" />
  <attribute name="ProportionalI" value="219.000000" />
  <attribute name="ProportionalH" value="219.000000" />
  <attribute name="Current Error" value="146.000000" />
  <attribute name="IntegralT" value="0.000000" />
  <attribute name="IntegralI" value="0.000000" />
  <attribute name="IntegralH" value="0.000000" />
  <attribute name="DerivativeT" value="inf" />
  <attribute name="DerivativeI" value="inf" />
  <attribute name="DerivativeH" value="inf" />
  <attribute name="Loop Time for DT" value="0.000000" />
  <attribute name="Output H" value="8388608"/>
  <attribute name="Output I" value="200"/>
  <attribute name="Output T" value="1"/>
  <attribute name="Target GC Util Change" value ="20.000000" />
  <attribute name="Current GC Util Change" value="166.000000"/>
  <attribute name="GC Util currently" value="166" />
  <attribute name="CPU Util currently" value="13123227703253" />
<exclusive-end id="6114" timestamp="2019-06-16T00:38:05.746" durationms="3.488" />

<exclusive-start id="6115" timestamp="2019-06-16T00:38:05.780" intervalms="37.428">
  <response-info timems="0.076" idlems="0.076" threads="0" lastid="0000000001AE6700" lastname="main" />
</exclusive-start>
<allocation-taxation id="6116" taxation-threshold="26214400" timestamp="2019-06-16T00:38:05.780" intervalms="37.424" />
<cycle-start id="6117" type="partial gc" contextid="0" timestamp="2019-06-16T00:38:05.780" intervalms="37.423" />
<gc-start id="6118" type="partial gc" contextid="6117" timestamp="2019-06-16T00:38:05.780">
  <mem-info id="6119" free="19922944" total="76546048" percent="26">
    <mem type="eden" free="0" total="26214400" percent="0" />
    <remembered-set count="2080" freebytes="3047168" totalbytes="3055488" percent="99" regionsoverflowed="0" regionsstable="18" regionsrebuilding="0"/>
  </mem-info>
</gc-start>
<allocation-stats totalBytes="26212024" >
  <allocated-bytes non-tlh="0" tlh="26212024" arrayletleaf="0"/>
  <largest-consumer threadName="main" threadId="0000000001AE6700" bytes="26212024" />
</allocation-stats>
<gc-op id="6120" type="copy forward" timems="3.156" contextid="6117" timestamp="2019-06-16T00:38:05.784">
  <memory-copied type="eden" objects="30" bytes="920" bytesdiscarded="0" />
  <memory-copied type="other" objects="7" bytes="168" bytesdiscarded="672" />
  <memory-cardclean objects="69" bytes="2272" />
  <regions eden="25" other="1" />
  <remembered-set-cleared processed="34" cleared="4" durationms="0.089" />
  <stringconstants candidates="13269" cleared="0"  />
</gc-op>
<gc-op id="6121" type="classunload" timems="0.004" contextid="6117" timestamp="2019-06-16T00:38:05.784">
  <classunload-info classloadercandidates="53" classloadersunloaded="0" classesunloaded="0" anonymousclassesunloaded="0" quiescems="0.000" setupms="0.004" scanms="0.000" postms="0.000" />
</gc-op>
<heap-resize id="6122" type="expand" space="default" amount="2097152" count="1" timems="0.059" reason="excessive time being spent in gc" timestamp="2019-06-16T00:38:05.785" />
<gc-end id="6123" type="partial gc" contextid="6117" durationms="4.494" usertimems="8.000" systemtimems="0.000" timestamp="2019-06-16T00:38:05.785" activeThreads="4">
  <mem-info id="6124" free="47185920" total="78643200" percent="60">
    <mem type="eden" free="1047656" total="1048576" percent="99" />
    <remembered-set count="1696" freebytes="3132416" totalbytes="3139200" percent="99" regionsoverflowed="0" regionsstable="18" regionsrebuilding="0"/>
  </mem-info>
</gc-end>
<cycle-end id="6125" type="partial gc" contextid="6117" timestamp="2019-06-16T00:38:05.785" />
  <attribute name="elasticGC enabled" value="1" />
  <attribute name= "numThreadsSpecified" value="4" />
  <attribute name="heapSize specified" value="0" />
  <attribute name="Current GC Util" value="279" />
  <attribute name= "Current Time Running" value="24832" />
  <attribute name ="GC Interval" value="0" />
  <attribute name="ProportionalT" value="388.500000" />
  <attribute name="ProportionalI" value="388.500000" />
  <attribute name="ProportionalH" value="388.500000" />
  <attribute name="Current Error" value="259.000000" />
  <attribute name="IntegralT" value="259.000000" />
  <attribute name="IntegralI" value="259.000000" />
  <attribute name="IntegralH" value="259.000000" />
  <attribute name="DerivativeT" value="129.500000" />
  <attribute name="DerivativeI" value="129.500000" />
  <attribute name="DerivativeH" value="129.500000" />
  <attribute name="Loop Time for DT" value="1.000000" />
  <attribute name="Output H" value="8388608"/>
  <attribute name="Output I" value="784"/>
  <attribute name="Output T" value="4"/>
  <attribute name="Target GC Util Change" value ="20.000000" />
  <attribute name="Current GC Util Change" value="279.000000"/>
  <attribute name="GC Util currently" value="279" />
  <attribute name="CPU Util currently" value="13518970763951" />
<exclusive-end id="6126" timestamp="2019-06-16T00:38:05.785" durationms="5.626" />

<exclusive-start id="6127" timestamp="2019-06-16T00:38:05.819" intervalms="39.722">
  <response-info timems="0.091" idlems="0.091" threads="0" lastid="0000000001AE6700" lastname="main" />
</exclusive-start>
<allocation-taxation id="6128" taxation-threshold="26214400" timestamp="2019-06-16T00:38:05.820" intervalms="39.680" />
<cycle-start id="6129" type="partial gc" contextid="0" timestamp="2019-06-16T00:38:05.820" intervalms="39.680" />
<gc-start id="6130" type="partial gc" contextid="6129" timestamp="2019-06-16T00:38:05.820">
  <mem-info id="6131" free="20971520" total="78643200" percent="26">
    <mem type="eden" free="0" total="26214400" percent="0" />
    <remembered-set count="1696" freebytes="3132416" totalbytes="3139200" percent="99" regionsoverflowed="0" regionsstable="18" regionsrebuilding="0"/>
  </mem-info>
</gc-start>
<allocation-stats totalBytes="26210920" >
  <allocated-bytes non-tlh="0" tlh="26210920" arrayletleaf="0"/>
  <largest-consumer threadName="main" threadId="0000000001AE6700" bytes="26210920" />
</allocation-stats>
<gc-op id="6132" type="copy forward" timems="1.019" contextid="6129" timestamp="2019-06-16T00:38:05.822">
  <memory-copied type="eden" objects="30" bytes="936" bytesdiscarded="0" />
  <memory-copied type="other" objects="6" bytes="144" bytesdiscarded="0" />
  <memory-cardclean objects="57" bytes="1808" />
  <regions eden="25" other="1" />
  <remembered-set-cleared processed="37" cleared="6" durationms="0.111" />
  <stringconstants candidates="13269" cleared="0"  />
</gc-op>
<gc-op id="6133" type="classunload" timems="0.003" contextid="6129" timestamp="2019-06-16T00:38:05.822">
  <classunload-info classloadercandidates="53" classloadersunloaded="0" classesunloaded="0" anonymousclassesunloaded="0" quiescems="0.000" setupms="0.003" scanms="0.000" postms="0.000" />
</gc-op>
<gc-end id="6134" type="partial gc" contextid="6129" durationms="2.306" usertimems="4.000" systemtimems="0.000" timestamp="2019-06-16T00:38:05.822" activeThreads="1">
  <mem-info id="6135" free="46137344" total="78643200" percent="58">
    <mem type="eden" free="1047640" total="1048576" percent="99" />
    <remembered-set count="2016" freebytes="3131136" totalbytes="3139200" percent="99" regionsoverflowed="0" regionsstable="18" regionsrebuilding="0"/>
  </mem-info>
</gc-end>
<cycle-end id="6136" type="partial gc" contextid="6129" timestamp="2019-06-16T00:38:05.823" />
  <attribute name="elasticGC enabled" value="1" />
  <attribute name= "numThreadsSpecified" value="1" />
  <attribute name="heapSize specified" value="0" />
  <attribute name="Current GC Util" value="214" />
  <attribute name= "Current Time Running" value="24871" />
  <attribute name ="GC Interval" value="0" />
  <attribute name="ProportionalT" value="291.000000" />
  <attribute name="ProportionalI" value="291.000000" />
  <attribute name="ProportionalH" value="291.000000" />
  <attribute name="Current Error" value="194.000000" />
  <attribute name="IntegralT" value="0.000000" />
  <attribute name="IntegralI" value="0.000000" />
  <attribute name="IntegralH" value="0.000000" />
  <attribute name="DerivativeT" value="inf" />
  <attribute name="DerivativeI" value="inf" />
  <attribute name="DerivativeH" value="inf" />
  <attribute name="Loop Time for DT" value="0.000000" />
  <attribute name="Output H" value="8388608"/>
  <attribute name="Output I" value="200"/>
  <attribute name="Output T" value="1"/>
  <attribute name="Target GC Util Change" value ="20.000000" />
  <attribute name="Current GC Util Change" value="214.000000"/>
  <attribute name="GC Util currently" value="214" />
  <attribute name="CPU Util currently" value="13727707148802" />
<exclusive-end id="6137" timestamp="2019-06-16T00:38:05.823" durationms="3.411" />

<exclusive-start id="6138" timestamp="2019-06-16T00:38:05.855" intervalms="35.924">
  <response-info timems="0.076" idlems="0.076" threads="0" lastid="0000000001AE6700" lastname="main" />
</exclusive-start>
<allocation-taxation id="6139" taxation-threshold="26214400" timestamp="2019-06-16T00:38:05.855" intervalms="35.926" />
<cycle-start id="6140" type="partial gc" contextid="0" timestamp="2019-06-16T00:38:05.856" intervalms="35.923" />
<gc-start id="6141" type="partial gc" contextid="6140" timestamp="2019-06-16T00:38:05.856">
  <mem-info id="6142" free="19922944" total="78643200" percent="25">
    <mem type="eden" free="0" total="26214400" percent="0" />
    <remembered-set count="1632" freebytes="3132672" totalbytes="3139200" percent="99" regionsoverflowed="0" regionsstable="18" regionsrebuilding="0"/>
  </mem-info>
</gc-start>
<allocation-stats totalBytes="26211128" >
  <allocated-bytes non-tlh="0" tlh="26211128" arrayletleaf="0"/>
  <largest-consumer threadName="main" threadId="0000000001AE6700" bytes="26211128" />
</allocation-stats>
<gc-op id="6143" type="copy forward" timems="1.053" contextid="6140" timestamp="2019-06-16T00:38:05.858">
  <memory-copied type="eden" objects="7" bytes="168" bytesdiscarded="0" />
  <memory-copied type="other" objects="23" bytes="752" bytesdiscarded="0" />
  <memory-cardclean objects="44" bytes="1584" />
  <regions eden="25" other="1" />
  <remembered-set-cleared processed="39" cleared="8" durationms="0.115" />
  <stringconstants candidates="13269" cleared="0"  />
</gc-op>
<gc-op id="6144" type="classunload" timems="0.004" contextid="6140" timestamp="2019-06-16T00:38:05.858">
  <classunload-info classloadercandidates="53" classloadersunloaded="0" classesunloaded="0" anonymousclassesunloaded="0" quiescems="0.000" setupms="0.004" scanms="0.000" postms="0.000" />
</gc-op>
<gc-end id="6145" type="partial gc" contextid="6140" durationms="2.336" usertimems="0.000" systemtimems="0.000" timestamp="2019-06-16T00:38:05.858" activeThreads="1">
  <mem-info id="6146" free="45088768" total="78643200" percent="57">
    <mem type="eden" free="1048408" total="1048576" percent="99" />
    <remembered-set count="2016" freebytes="3131136" totalbytes="3139200" percent="99" regionsoverflowed="0" regionsstable="18" regionsrebuilding="0"/>
  </mem-info>
</gc-end>
<cycle-end id="6147" type="partial gc" contextid="6140" timestamp="2019-06-16T00:38:05.859" />
  <attribute name="elasticGC enabled" value="1" />
  <attribute name= "numThreadsSpecified" value="1" />
  <attribute name="heapSize specified" value="0" />
  <attribute name="Current GC Util" value="288" />
  <attribute name= "Current Time Running" value="24907" />
  <attribute name ="GC Interval" value="0" />
  <attribute name="ProportionalT" value="402.000000" />
  <attribute name="ProportionalI" value="402.000000" />
  <attribute name="ProportionalH" value="402.000000" />
  <attribute name="Current Error" value="268.000000" />
  <attribute name="IntegralT" value="0.000000" />
  <attribute name="IntegralI" value="0.000000" />
  <attribute name="IntegralH" value="0.000000" />
  <attribute name="DerivativeT" value="inf" />
  <attribute name="DerivativeI" value="inf" />
  <attribute name="DerivativeH" value="inf" />
  <attribute name="Loop Time for DT" value="0.000000" />
  <attribute name="Output H" value="8388608"/>
  <attribute name="Output I" value="200"/>
  <attribute name="Output T" value="1"/>
  <attribute name="Target GC Util Change" value ="20.000000" />
  <attribute name="Current GC Util Change" value="288.000000"/>
  <attribute name="GC Util currently" value="288" />
  <attribute name="CPU Util currently" value="13288437924480" />
<exclusive-end id="6148" timestamp="2019-06-16T00:38:05.859" durationms="3.522" />

<exclusive-start id="6149" timestamp="2019-06-16T00:38:05.883" intervalms="28.153">
  <response-info timems="0.105" idlems="0.105" threads="0" lastid="0000000001AE6700" lastname="main" />
</exclusive-start>
<allocation-taxation id="6150" taxation-threshold="26214400" timestamp="2019-06-16T00:38:05.884" intervalms="28.202" />
<cycle-start id="6151" type="partial gc" contextid="0" timestamp="2019-06-16T00:38:05.884" intervalms="28.214" />
<gc-start id="6152" type="partial gc" contextid="6151" timestamp="2019-06-16T00:38:05.884">
  <mem-info id="6153" free="18874368" total="78643200" percent="24">
    <mem type="eden" free="1048408" total="27262976" percent="3" />
    <remembered-set count="1664" freebytes="3132544" totalbytes="3139200" percent="99" regionsoverflowed="0" regionsstable="18" regionsrebuilding="0"/>
  </mem-info>
</gc-start>
<allocation-stats totalBytes="26211904" >
  <allocated-bytes non-tlh="0" tlh="26211904" arrayletleaf="0"/>
  <largest-consumer threadName="main" threadId="0000000001AE6700" bytes="26211904" />
</allocation-stats>
<gc-op id="6154" type="copy forward" timems="1.177" contextid="6151" timestamp="2019-06-16T00:38:05.886">
  <memory-copied type="eden" objects="23" bytes="736" bytesdiscarded="0" />
  <memory-copied type="other" objects="0" bytes="0" bytesdiscarded="0" />
  <memory-cardclean objects="81" bytes="2592" />
  <regions eden="25" other="1" />
  <remembered-set-cleared processed="44" cleared="7" durationms="0.114" />
  <stringconstants candidates="13269" cleared="0"  />
</gc-op>
<gc-op id="6155" type="classunload" timems="0.003" contextid="6151" timestamp="2019-06-16T00:38:05.886">
  <classunload-info classloadercandidates="53" classloadersunloaded="0" classesunloaded="0" anonymousclassesunloaded="0" quiescems="0.000" setupms="0.003" scanms="0.000" postms="0.000" />
</gc-op>
<gc-end id="6156" type="partial gc" contextid="6151" durationms="2.361" usertimems="0.000" systemtimems="0.000" timestamp="2019-06-16T00:38:05.886" activeThreads="1">
  <mem-info id="6157" free="45088768" total="78643200" percent="57">
    <mem type="eden" free="1047840" total="1048576" percent="99" />
    <remembered-set count="2144" freebytes="3130624" totalbytes="3139200" percent="99" regionsoverflowed="0" regionsstable="18" regionsrebuilding="0"/>
  </mem-info>
</gc-end>
<cycle-end id="6158" type="partial gc" contextid="6151" timestamp="2019-06-16T00:38:05.887" />
  <attribute name="elasticGC enabled" value="1" />
  <attribute name= "numThreadsSpecified" value="1" />
  <attribute name="heapSize specified" value="0" />
  <attribute name="Current GC Util" value="268" />
  <attribute name= "Current Time Running" value="24935" />
  <attribute name ="GC Interval" value="0" />
  <attribute name="ProportionalT" value="372.000000" />
  <attribute name="ProportionalI" value="372.000000" />
  <attribute name="ProportionalH" value="372.000000" />
  <attribute name="Current Error" value="248.000000" />
  <attribute name="IntegralT" value="0.000000" />
  <attribute name="IntegralI" value="0.000000" />
  <attribute name="IntegralH" value="0.000000" />
  <attribute name="DerivativeT" value="inf" />
  <attribute name="DerivativeI" value="inf" />
  <attribute name="DerivativeH" value="inf" />
  <attribute name="Loop Time for DT" value="0.000000" />
  <attribute name="Output H" value="8388608"/>
  <attribute name="Output I" value="200"/>
  <attribute name="Output T" value="1"/>
  <attribute name="Target GC Util Change" value ="20.000000" />
  <attribute name="Current GC Util Change" value="268.000000"/>
  <attribute name="GC Util currently" value="268" />
  <attribute name="CPU Util currently" value="13716438061939" />
<exclusive-end id="6159" timestamp="2019-06-16T00:38:05.887" durationms="3.429" />

<exclusive-start id="6160" timestamp="2019-06-16T00:38:05.925" intervalms="41.720">
  <response-info timems="0.103" idlems="0.103" threads="0" lastid="0000000001AE6700" lastname="main" />
</exclusive-start>
<allocation-taxation id="6161" taxation-threshold="26214400" timestamp="2019-06-16T00:38:05.925" intervalms="41.672" />
<cycle-start id="6162" type="partial gc" contextid="0" timestamp="2019-06-16T00:38:05.926" intervalms="41.656" />
<gc-start id="6163" type="partial gc" contextid="6162" timestamp="2019-06-16T00:38:05.926">
  <mem-info id="6164" free="18874368" total="78643200" percent="24">
    <mem type="eden" free="0" total="26214400" percent="0" />
    <remembered-set count="1664" freebytes="3132544" totalbytes="3139200" percent="99" regionsoverflowed="0" regionsstable="18" regionsrebuilding="0"/>
  </mem-info>
</gc-start>
<allocation-stats totalBytes="26213256" >
  <allocated-bytes non-tlh="0" tlh="26213256" arrayletleaf="0"/>
  <largest-consumer threadName="main" threadId="0000000001AE6700" bytes="26213256" />
</allocation-stats>
<gc-op id="6165" type="copy forward" timems="1.024" contextid="6162" timestamp="2019-06-16T00:38:05.928">
  <memory-copied type="eden" objects="22" bytes="840" bytesdiscarded="0" />
  <memory-copied type="other" objects="7" bytes="168" bytesdiscarded="0" />
  <memory-cardclean objects="74" bytes="2392" />
  <regions eden="25" other="1" />
  <remembered-set-cleared processed="41" cleared="4" durationms="0.114" />
  <stringconstants candidates="13269" cleared="0"  />
</gc-op>
<gc-op id="6166" type="classunload" timems="0.003" contextid="6162" timestamp="2019-06-16T00:38:05.928">
  <classunload-info classloadercandidates="53" classloadersunloaded="0" classesunloaded="0" anonymousclassesunloaded="0" quiescems="0.000" setupms="0.003" scanms="0.000" postms="0.000" />
</gc-op>
<gc-end id="6167" type="partial gc" contextid="6162" durationms="2.313" usertimems="4.000" systemtimems="0.000" timestamp="2019-06-16T00:38:05.928" activeThreads="1">
  <mem-info id="6168" free="44040192" total="78643200" percent="56">
    <mem type="eden" free="1047736" total="1048576" percent="99" />
    <remembered-set count="2144" freebytes="3130624" totalbytes="3139200" percent="99" regionsoverflowed="0" regionsstable="18" regionsrebuilding="0"/>
  </mem-info>
</gc-end>
<cycle-end id="6169" type="partial gc" contextid="6162" timestamp="2019-06-16T00:38:05.928" />
  <attribute name="elasticGC enabled" value="1" />
  <attribute name= "numThreadsSpecified" value="1" />
  <attribute name="heapSize specified" value="0" />
  <attribute name="Current GC Util" value="270" />
  <attribute name= "Current Time Running" value="24977" />
  <attribute name ="GC Interval" value="0" />
  <attribute name="ProportionalT" value="375.000000" />
  <attribute name="ProportionalI" value="375.000000" />
  <attribute name="ProportionalH" value="375.000000" />
  <attribute name="Current Error" value="250.000000" />
  <attribute name="IntegralT" value="0.000000" />
  <attribute name="IntegralI" value="0.000000" />
  <attribute name="IntegralH" value="0.000000" />
  <attribute name="DerivativeT" value="inf" />
  <attribute name="DerivativeI" value="inf" />
  <attribute name="DerivativeH" value="inf" />
  <attribute name="Loop Time for DT" value="0.000000" />
  <attribute name="Output H" value="8388608"/>
  <attribute name="Output I" value="200"/>
  <attribute name="Output T" value="1"/>
  <attribute name="Target GC Util Change" value ="20.000000" />
  <attribute name="Current GC Util Change" value="270.000000"/>
  <attribute name="GC Util currently" value="270" />
  <attribute name="CPU Util currently" value="13743211932757" />
<exclusive-end id="6170" timestamp="2019-06-16T00:38:05.928" durationms="3.286" />

<exclusive-start id="6171" timestamp="2019-06-16T00:38:05.970" intervalms="45.132">
  <response-info timems="0.089" idlems="0.089" threads="0" lastid="0000000001AE6700" lastname="main" />
</exclusive-start>
<allocation-taxation id="6172" taxation-threshold="26214400" timestamp="2019-06-16T00:38:05.970" intervalms="45.177" />
<cycle-start id="6173" type="partial gc" contextid="0" timestamp="2019-06-16T00:38:05.971" intervalms="45.182" />
<gc-start id="6174" type="partial gc" contextid="6173" timestamp="2019-06-16T00:38:05.971">
  <mem-info id="6175" free="17825792" total="78643200" percent="22">
    <mem type="eden" free="0" total="26214400" percent="0" />
    <remembered-set count="1696" freebytes="3132416" totalbytes="3139200" percent="99" regionsoverflowed="0" regionsstable="18" regionsrebuilding="0"/>
  </mem-info>
</gc-start>
<allocation-stats totalBytes="26212720" >
  <allocated-bytes non-tlh="0" tlh="26212720" arrayletleaf="0"/>
  <largest-consumer threadName="main" threadId="0000000001AE6700" bytes="26212720" />
</allocation-stats>
<gc-op id="6176" type="copy forward" timems="0.980" contextid="6173" timestamp="2019-06-16T00:38:05.973">
  <memory-copied type="eden" objects="19" bytes="608" bytesdiscarded="0" />
  <memory-copied type="other" objects="6" bytes="144" bytesdiscarded="0" />
  <memory-cardclean objects="55" bytes="1776" />
  <regions eden="25" other="1" />
  <remembered-set-cleared processed="45" cleared="6" durationms="0.114" />
  <stringconstants candidates="13269" cleared="0"  />
</gc-op>
<gc-op id="6177" type="classunload" timems="0.004" contextid="6173" timestamp="2019-06-16T00:38:05.973">
  <classunload-info classloadercandidates="53" classloadersunloaded="0" classesunloaded="0" anonymousclassesunloaded="0" quiescems="0.000" setupms="0.003" scanms="0.000" postms="0.000" />
</gc-op>
<gc-end id="6178" type="partial gc" contextid="6173" durationms="2.421" usertimems="4.000" systemtimems="0.000" timestamp="2019-06-16T00:38:05.973" activeThreads="1">
  <mem-info id="6179" free="42991616" total="78643200" percent="54">
    <mem type="eden" free="1047968" total="1048576" percent="99" />
    <remembered-set count="2176" freebytes="3130496" totalbytes="3139200" percent="99" regionsoverflowed="0" regionsstable="18" regionsrebuilding="0"/>
  </mem-info>
</gc-end>
<cycle-end id="6180" type="partial gc" contextid="6173" timestamp="2019-06-16T00:38:05.974" />
  <attribute name="elasticGC enabled" value="1" />
  <attribute name= "numThreadsSpecified" value="1" />
  <attribute name="heapSize specified" value="0" />
  <attribute name="Current GC Util" value="310" />
  <attribute name= "Current Time Running" value="25022" />
  <attribute name ="GC Interval" value="0" />
  <attribute name="ProportionalT" value="435.000000" />
  <attribute name="ProportionalI" value="435.000000" />
  <attribute name="ProportionalH" value="435.000000" />
  <attribute name="Current Error" value="290.000000" />
  <attribute name="IntegralT" value="0.000000" />
  <attribute name="IntegralI" value="0.000000" />
  <attribute name="IntegralH" value="0.000000" />
  <attribute name="DerivativeT" value="inf" />
  <attribute name="DerivativeI" value="inf" />
  <attribute name="DerivativeH" value="inf" />
  <attribute name="Loop Time for DT" value="0.000000" />
  <attribute name="Output H" value="8388608"/>
  <attribute name="Output I" value="200"/>
  <attribute name="Output T" value="1"/>
  <attribute name="Target GC Util Change" value ="20.000000" />
  <attribute name="Current GC Util Change" value="310.000000"/>
  <attribute name="GC Util currently" value="310" />
  <attribute name="CPU Util currently" value="13460571265470" />
<exclusive-end id="6181" timestamp="2019-06-16T00:38:05.974" durationms="3.702" />

<exclusive-start id="6182" timestamp="2019-06-16T00:38:06.052" intervalms="81.395">
  <response-info timems="0.095" idlems="0.095" threads="0" lastid="0000000001AE6700" lastname="main" />
</exclusive-start>
<allocation-taxation id="6183" taxation-threshold="26214400" timestamp="2019-06-16T00:38:06.052" intervalms="81.446" />
<cycle-start id="6184" type="partial gc" contextid="0" timestamp="2019-06-16T00:38:06.052" intervalms="81.472" />
<gc-start id="6185" type="partial gc" contextid="6184" timestamp="2019-06-16T00:38:06.053">
  <mem-info id="6186" free="16777216" total="78643200" percent="21">
    <mem type="eden" free="0" total="26214400" percent="0" />
    <remembered-set count="1728" freebytes="3132288" totalbytes="3139200" percent="99" regionsoverflowed="0" regionsstable="18" regionsrebuilding="0"/>
  </mem-info>
</gc-start>
<allocation-stats totalBytes="26212520" >
  <allocated-bytes non-tlh="0" tlh="26212520" arrayletleaf="0"/>
  <largest-consumer threadName="main" threadId="0000000001AE6700" bytes="26212520" />
</allocation-stats>
<gc-op id="6187" type="copy forward" timems="1.062" contextid="6184" timestamp="2019-06-16T00:38:06.055">
  <memory-copied type="eden" objects="40" bytes="1104" bytesdiscarded="0" />
  <memory-copied type="other" objects="6" bytes="144" bytesdiscarded="0" />
  <memory-cardclean objects="75" bytes="2272" />
  <regions eden="25" other="1" />
  <remembered-set-cleared processed="47" cleared="8" durationms="0.115" />
  <stringconstants candidates="13269" cleared="0"  />
</gc-op>
<gc-op id="6188" type="classunload" timems="0.004" contextid="6184" timestamp="2019-06-16T00:38:06.055">
  <classunload-info classloadercandidates="53" classloadersunloaded="0" classesunloaded="0" anonymousclassesunloaded="0" quiescems="0.000" setupms="0.003" scanms="0.000" postms="0.000" />
</gc-op>
<gc-end id="6189" type="partial gc" contextid="6184" durationms="2.342" usertimems="4.000" systemtimems="0.000" timestamp="2019-06-16T00:38:06.055" activeThreads="1">
  <mem-info id="6190" free="41943040" total="78643200" percent="53">
    <mem type="eden" free="1047472" total="1048576" percent="99" />
    <remembered-set count="2176" freebytes="3130496" totalbytes="3139200" percent="99" regionsoverflowed="0" regionsstable="18" regionsrebuilding="0"/>
  </mem-info>
</gc-end>
<cycle-end id="6191" type="partial gc" contextid="6184" timestamp="2019-06-16T00:38:06.055" />
  <attribute name="elasticGC enabled" value="1" />
  <attribute name= "numThreadsSpecified" value="1" />
  <attribute name="heapSize specified" value="0" />
  <attribute name="Current GC Util" value="266" />
  <attribute name= "Current Time Running" value="25104" />
  <attribute name ="GC Interval" value="0" />
  <attribute name="ProportionalT" value="369.000000" />
  <attribute name="ProportionalI" value="369.000000" />
  <attribute name="ProportionalH" value="369.000000" />
  <attribute name="Current Error" value="246.000000" />
  <attribute name="IntegralT" value="0.000000" />
  <attribute name="IntegralI" value="0.000000" />
  <attribute name="IntegralH" value="0.000000" />
  <attribute name="DerivativeT" value="inf" />
  <attribute name="DerivativeI" value="inf" />
  <attribute name="DerivativeH" value="inf" />
  <attribute name="Loop Time for DT" value="0.000000" />
  <attribute name="Output H" value="8388608"/>
  <attribute name="Output I" value="200"/>
  <attribute name="Output T" value="1"/>
  <attribute name="Target GC Util Change" value ="20.000000" />
  <attribute name="Current GC Util Change" value="266.000000"/>
  <attribute name="GC Util currently" value="266" />
  <attribute name="CPU Util currently" value="11794955188474" />
<exclusive-end id="6192" timestamp="2019-06-16T00:38:06.055" durationms="3.620" />

<exclusive-start id="6193" timestamp="2019-06-16T00:38:06.066" intervalms="14.115">
  <response-info timems="0.097" idlems="0.097" threads="0" lastid="0000000001AE6700" lastname="main" />
</exclusive-start>
<allocation-taxation id="6194" taxation-threshold="26214400" timestamp="2019-06-16T00:38:06.066" intervalms="14.072" />
<cycle-start id="6195" type="partial gc" contextid="0" timestamp="2019-06-16T00:38:06.066" intervalms="14.074" />
<gc-start id="6196" type="partial gc" contextid="6195" timestamp="2019-06-16T00:38:06.066">
  <mem-info id="6197" free="15728640" total="78643200" percent="20">
    <mem type="eden" free="0" total="26214400" percent="0" />
    <remembered-set count="1760" freebytes="3132160" totalbytes="3139200" percent="99" regionsoverflowed="0" regionsstable="18" regionsrebuilding="0"/>
  </mem-info>
</gc-start>
<allocation-stats totalBytes="26212320" >
  <allocated-bytes non-tlh="0" tlh="26212320" arrayletleaf="0"/>
  <largest-consumer threadName="main" threadId="0000000001AE6700" bytes="26212320" />
</allocation-stats>
<gc-op id="6198" type="copy forward" timems="2.680" contextid="6195" timestamp="2019-06-16T00:38:06.070">
  <memory-copied type="eden" objects="6" bytes="144" bytesdiscarded="0" />
  <memory-copied type="other" objects="35" bytes="992" bytesdiscarded="408" />
  <memory-cardclean objects="58" bytes="1952" />
  <regions eden="25" other="1" />
  <remembered-set-cleared processed="49" cleared="10" durationms="0.116" />
  <stringconstants candidates="13269" cleared="0"  />
</gc-op>
<gc-op id="6199" type="classunload" timems="0.004" contextid="6195" timestamp="2019-06-16T00:38:06.070">
  <classunload-info classloadercandidates="53" classloadersunloaded="0" classesunloaded="0" anonymousclassesunloaded="0" quiescems="0.000" setupms="0.004" scanms="0.000" postms="0.000" />
</gc-op>
<gc-end id="6200" type="partial gc" contextid="6195" durationms="3.868" usertimems="8.000" systemtimems="0.000" timestamp="2019-06-16T00:38:06.070" activeThreads="4">
  <mem-info id="6201" free="40894464" total="78643200" percent="52">
    <mem type="eden" free="1048432" total="1048576" percent="99" />
    <remembered-set count="1888" freebytes="3131648" totalbytes="3139200" percent="99" regionsoverflowed="0" regionsstable="18" regionsrebuilding="0"/>
  </mem-info>
</gc-end>
<cycle-end id="6202" type="partial gc" contextid="6195" timestamp="2019-06-16T00:38:06.071" />
  <attribute name="elasticGC enabled" value="1" />
  <attribute name= "numThreadsSpecified" value="4" />
  <attribute name="heapSize specified" value="0" />
  <attribute name="Current GC Util" value="269" />
  <attribute name= "Current Time Running" value="25118" />
  <attribute name ="GC Interval" value="0" />
  <attribute name="ProportionalT" value="373.500000" />
  <attribute name="ProportionalI" value="373.500000" />
  <attribute name="ProportionalH" value="373.500000" />
  <attribute name="Current Error" value="249.000000" />
  <attribute name="IntegralT" value="249.000000" />
  <attribute name="IntegralI" value="249.000000" />
  <attribute name="IntegralH" value="249.000000" />
  <attribute name="DerivativeT" value="124.500000" />
  <attribute name="DerivativeI" value="124.500000" />
  <attribute name="DerivativeH" value="124.500000" />
  <attribute name="Loop Time for DT" value="1.000000" />
  <attribute name="Output H" value="8388608"/>
  <attribute name="Output I" value="752"/>
  <attribute name="Output T" value="4"/>
  <attribute name="Target GC Util Change" value ="20.000000" />
  <attribute name="Current GC Util Change" value="269.000000"/>
  <attribute name="GC Util currently" value="269" />
  <attribute name="CPU Util currently" value="11686663420830" />
<exclusive-end id="6203" timestamp="2019-06-16T00:38:06.071" durationms="4.917" />

<exclusive-start id="6204" timestamp="2019-06-16T00:38:06.099" intervalms="33.231">
  <response-info timems="0.049" idlems="0.049" threads="0" lastid="0000000001AE6700" lastname="main" />
</exclusive-start>
<allocation-taxation id="6205" taxation-threshold="26214400" timestamp="2019-06-16T00:38:06.099" intervalms="33.221" />
<cycle-start id="6206" type="partial gc" contextid="0" timestamp="2019-06-16T00:38:06.099" intervalms="33.219" />
<gc-start id="6207" type="partial gc" contextid="6206" timestamp="2019-06-16T00:38:06.100">
  <mem-info id="6208" free="14680064" total="78643200" percent="18">
    <mem type="eden" free="1048432" total="27262976" percent="3" />
    <remembered-set count="1888" freebytes="3131648" totalbytes="3139200" percent="99" regionsoverflowed="0" regionsstable="18" regionsrebuilding="0"/>
  </mem-info>
</gc-start>
<allocation-stats totalBytes="26212496" >
  <allocated-bytes non-tlh="0" tlh="26212496" arrayletleaf="0"/>
  <largest-consumer threadName="main" threadId="0000000001AE6700" bytes="26212496" />
</allocation-stats>
<gc-op id="6209" type="copy forward" timems="1.046" contextid="6206" timestamp="2019-06-16T00:38:06.102">
  <memory-copied type="eden" objects="34" bytes="992" bytesdiscarded="0" />
  <memory-copied type="other" objects="0" bytes="0" bytesdiscarded="0" />
  <memory-cardclean objects="78" bytes="2520" />
  <regions eden="25" other="1" />
  <remembered-set-cleared processed="54" cleared="3" durationms="0.119" />
  <stringconstants candidates="13269" cleared="0"  />
</gc-op>
<gc-op id="6210" type="classunload" timems="0.004" contextid="6206" timestamp="2019-06-16T00:38:06.102">
  <classunload-info classloadercandidates="53" classloadersunloaded="0" classesunloaded="0" anonymousclassesunloaded="0" quiescems="0.000" setupms="0.004" scanms="0.000" postms="0.000" />
</gc-op>
<gc-end id="6211" type="partial gc" contextid="6206" durationms="2.461" usertimems="4.000" systemtimems="0.000" timestamp="2019-06-16T00:38:06.102" activeThreads="1">
  <mem-info id="6212" free="40894464" total="78643200" percent="52">
    <mem type="eden" free="1047584" total="1048576" percent="99" />
    <remembered-set count="2368" freebytes="3129728" totalbytes="3139200" percent="99" regionsoverflowed="0" regionsstable="18" regionsrebuilding="0"/>
  </mem-info>
</gc-end>
<cycle-end id="6213" type="partial gc" contextid="6206" timestamp="2019-06-16T00:38:06.102" />
  <attribute name="elasticGC enabled" value="1" />
  <attribute name= "numThreadsSpecified" value="1" />
  <attribute name="heapSize specified" value="0" />
  <attribute name="Current GC Util" value="160" />
  <attribute name= "Current Time Running" value="25151" />
  <attribute name ="GC Interval" value="0" />
  <attribute name="ProportionalT" value="210.000000" />
  <attribute name="ProportionalI" value="210.000000" />
  <attribute name="ProportionalH" value="210.000000" />
  <attribute name="Current Error" value="140.000000" />
  <attribute name="IntegralT" value="0.000000" />
  <attribute name="IntegralI" value="0.000000" />
  <attribute name="IntegralH" value="0.000000" />
  <attribute name="DerivativeT" value="inf" />
  <attribute name="DerivativeI" value="inf" />
  <attribute name="DerivativeH" value="inf" />
  <attribute name="Loop Time for DT" value="0.000000" />
  <attribute name="Output H" value="8388608"/>
  <attribute name="Output I" value="200"/>
  <attribute name="Output T" value="1"/>
  <attribute name="Target GC Util Change" value ="20.000000" />
  <attribute name="Current GC Util Change" value="160.000000"/>
  <attribute name="GC Util currently" value="160" />
  <attribute name="CPU Util currently" value="12573233272175" />
<exclusive-end id="6214" timestamp="2019-06-16T00:38:06.103" durationms="3.720" />

<exclusive-start id="6215" timestamp="2019-06-16T00:38:06.118" intervalms="19.271">
  <response-info timems="0.093" idlems="0.093" threads="0" lastid="0000000001AE6700" lastname="main" />
</exclusive-start>
<allocation-taxation id="6216" taxation-threshold="12582912" timestamp="2019-06-16T00:38:06.119" intervalms="19.294" />
<cycle-start id="6217" type="global mark phase" contextid="0" timestamp="2019-06-16T00:38:06.119" intervalms="1342.427" />
<gc-start id="6218" type="global mark phase" contextid="6217" timestamp="2019-06-16T00:38:06.119">
  <mem-info id="6219" free="28311552" total="78643200" percent="36">
    <remembered-set count="1920" freebytes="3131520" totalbytes="3139200" percent="99" regionsoverflowed="0" regionsstable="18" regionsrebuilding="0"/>
  </mem-info>
</gc-start>
<gc-op id="6220" type="mark increment" timems="1.083" contextid="6217" timestamp="2019-06-16T00:38:06.120">
  <trace-info objectcount="176" scancount="0" scanbytes="0" />
</gc-op>
<gc-end id="6221" type="global mark phase" contextid="6217" durationms="1.348" usertimems="0.000" systemtimems="4.000" timestamp="2019-06-16T00:38:06.120" activeThreads="1">
  <mem-info id="6222" free="28311552" total="78643200" percent="36">
    <remembered-set count="1920" freebytes="3131520" totalbytes="3139200" percent="99" regionsoverflowed="0" regionsstable="0" regionsrebuilding="18"/>
  </mem-info>
</gc-end>
<concurrent-start id="6223" type="GMP work packet processing" contextid="6217" timestamp="2019-06-16T00:38:06.120">
  <concurrent-mark-start scanTarget="1048576" />
</concurrent-start>
<exclusive-end id="6224" timestamp="2019-06-16T00:38:06.121" durationms="2.273" />

<concurrent-end id="6225" type="GMP work packet processing" contextid="6217" timestamp="2019-06-16T00:38:06.122">
  <concurrent-mark-end bytesScanned="1135560" reasonForTermination="Work target met" />
</concurrent-end>

<exclusive-start id="6226" timestamp="2019-06-16T00:38:06.136" intervalms="17.954">
  <response-info timems="0.096" idlems="0.096" threads="0" lastid="0000000001AE6700" lastname="main" />
</exclusive-start>
<allocation-taxation id="6227" taxation-threshold="12582912" timestamp="2019-06-16T00:38:06.136" intervalms="17.954" />
<cycle-start id="6228" type="partial gc" contextid="0" timestamp="2019-06-16T00:38:06.137" intervalms="37.230" />
<gc-start id="6229" type="partial gc" contextid="6228" timestamp="2019-06-16T00:38:06.137">
  <mem-info id="6230" free="15728640" total="78643200" percent="20">
    <mem type="eden" free="0" total="25165824" percent="0" />
    <remembered-set count="16608" freebytes="3072768" totalbytes="3139200" percent="97" regionsoverflowed="0" regionsstable="0" regionsrebuilding="18"/>
  </mem-info>
</gc-start>
<allocation-stats totalBytes="25164160" >
  <allocated-bytes non-tlh="0" tlh="25164160" arrayletleaf="0"/>
  <largest-consumer threadName="main" threadId="0000000001AE6700" bytes="12582136" />
</allocation-stats>
<gc-op id="6231" type="copy forward" timems="1.385" contextid="6228" timestamp="2019-06-16T00:38:06.139">
  <memory-copied type="eden" objects="13" bytes="344" bytesdiscarded="0" />
  <memory-copied type="other" objects="19" bytes="608" bytesdiscarded="0" />
  <memory-cardclean objects="60" bytes="2184" />
  <regions eden="24" other="1" />
  <remembered-set-cleared processed="14008" cleared="55" durationms="0.195" />
  <stringconstants candidates="13269" cleared="0"  />
</gc-op>
<gc-op id="6232" type="classunload" timems="0.004" contextid="6228" timestamp="2019-06-16T00:38:06.140">
  <classunload-info classloadercandidates="53" classloadersunloaded="0" classesunloaded="0" anonymousclassesunloaded="0" quiescems="0.000" setupms="0.004" scanms="0.000" postms="0.000" />
</gc-op>
<heap-resize id="6233" type="expand" space="default" amount="13631488" count="1" timems="0.084" reason="excessive time being spent in gc" timestamp="2019-06-16T00:38:06.140" />
<gc-end id="6234" type="partial gc" contextid="6228" durationms="3.075" usertimems="0.000" systemtimems="4.000" timestamp="2019-06-16T00:38:06.140" activeThreads="1">
  <mem-info id="6235" free="53477376" total="92274688" percent="57">
    <mem type="eden" free="1048232" total="1048576" percent="99" />
    <remembered-set count="17024" freebytes="3615232" totalbytes="3683328" percent="98" regionsoverflowed="0" regionsstable="0" regionsrebuilding="18"/>
  </mem-info>
</gc-end>
<cycle-end id="6236" type="partial gc" contextid="6228" timestamp="2019-06-16T00:38:06.140" />
  <attribute name="elasticGC enabled" value="1" />
  <attribute name= "numThreadsSpecified" value="1" />
  <attribute name="heapSize specified" value="0" />
  <attribute name="Current GC Util" value="160" />
  <attribute name= "Current Time Running" value="25188" />
  <attribute name ="GC Interval" value="0" />
  <attribute name="ProportionalT" value="210.000000" />
  <attribute name="ProportionalI" value="210.000000" />
  <attribute name="ProportionalH" value="210.000000" />
  <attribute name="Current Error" value="140.000000" />
  <attribute name="IntegralT" value="0.000000" />
  <attribute name="IntegralI" value="0.000000" />
  <attribute name="IntegralH" value="0.000000" />
  <attribute name="DerivativeT" value="inf" />
  <attribute name="DerivativeI" value="inf" />
  <attribute name="DerivativeH" value="inf" />
  <attribute name="Loop Time for DT" value="0.000000" />
  <attribute name="Output H" value="8388608"/>
  <attribute name="Output I" value="200"/>
  <attribute name="Output T" value="1"/>
  <attribute name="Target GC Util Change" value ="20.000000" />
  <attribute name="Current GC Util Change" value="160.000000"/>
  <attribute name="GC Util currently" value="160" />
  <attribute name="CPU Util currently" value="12574638887294" />
<exclusive-end id="6237" timestamp="2019-06-16T00:38:06.141" durationms="4.376" />

<exclusive-start id="6238" timestamp="2019-06-16T00:38:06.155" intervalms="18.763">
  <response-info timems="0.106" idlems="0.106" threads="0" lastid="0000000001AE6700" lastname="main" />
</exclusive-start>
<allocation-taxation id="6239" taxation-threshold="14680064" timestamp="2019-06-16T00:38:06.155" intervalms="18.710" />
<gc-start id="6240" type="global mark phase" contextid="6217" timestamp="2019-06-16T00:38:06.155">
  <mem-info id="6241" free="38797312" total="92274688" percent="42">
    <remembered-set count="16640" freebytes="3616768" totalbytes="3683328" percent="98" regionsoverflowed="0" regionsstable="0" regionsrebuilding="18"/>
  </mem-info>
</gc-start>
<gc-end id="6242" type="global mark phase" contextid="6217" durationms="0.220" usertimems="0.000" systemtimems="0.000" timestamp="2019-06-16T00:38:06.156" activeThreads="1">
  <mem-info id="6243" free="38797312" total="92274688" percent="42">
    <remembered-set count="16640" freebytes="3616768" totalbytes="3683328" percent="98" regionsoverflowed="0" regionsstable="0" regionsrebuilding="18"/>
  </mem-info>
</gc-end>
<concurrent-start id="6244" type="GMP work packet processing" contextid="6217" timestamp="2019-06-16T00:38:06.156">
  <concurrent-mark-start scanTarget="1048576" />
</concurrent-start>
<exclusive-end id="6245" timestamp="2019-06-16T00:38:06.156" durationms="0.921" />

<concurrent-end id="6246" type="GMP work packet processing" contextid="6217" timestamp="2019-06-16T00:38:06.157">
  <concurrent-mark-end bytesScanned="1139268" reasonForTermination="Work target met" />
</concurrent-end>

<exclusive-start id="6247" timestamp="2019-06-16T00:38:06.175" intervalms="19.720">
  <response-info timems="3.495" idlems="3.495" threads="0" lastid="0000000001AE6700" lastname="main" />
</exclusive-start>
<allocation-taxation id="6248" taxation-threshold="14680064" timestamp="2019-06-16T00:38:06.175" intervalms="19.694" />
<cycle-start id="6249" type="partial gc" contextid="0" timestamp="2019-06-16T00:38:06.175" intervalms="38.380" />
<gc-start id="6250" type="partial gc" contextid="6249" timestamp="2019-06-16T00:38:06.175">
  <mem-info id="6251" free="24117248" total="92274688" percent="26">
    <mem type="eden" free="1048232" total="30408704" percent="3" />
    <remembered-set count="26592" freebytes="3576960" totalbytes="3683328" percent="97" regionsoverflowed="0" regionsstable="0" regionsrebuilding="18"/>
  </mem-info>
</gc-start>
<allocation-stats totalBytes="29358000" >
  <allocated-bytes non-tlh="0" tlh="29358000" arrayletleaf="0"/>
  <largest-consumer threadName="main" threadId="0000000001AE6700" bytes="14678968" />
</allocation-stats>
<gc-op id="6252" type="copy forward" timems="3.165" contextid="6249" timestamp="2019-06-16T00:38:06.179">
  <memory-copied type="eden" objects="35" bytes="1080" bytesdiscarded="368" />
  <memory-copied type="other" objects="0" bytes="0" bytesdiscarded="0" />
  <memory-cardclean objects="79" bytes="2520" />
  <regions eden="28" other="1" />
  <remembered-set-cleared processed="23900" cleared="59" durationms="0.147" />
  <stringconstants candidates="13269" cleared="0"  />
</gc-op>
<gc-op id="6253" type="classunload" timems="0.004" contextid="6249" timestamp="2019-06-16T00:38:06.179">
  <classunload-info classloadercandidates="53" classloadersunloaded="0" classesunloaded="0" anonymousclassesunloaded="0" quiescems="0.000" setupms="0.004" scanms="0.000" postms="0.000" />
</gc-op>
<gc-end id="6254" type="partial gc" contextid="6249" durationms="4.335" usertimems="4.000" systemtimems="0.000" timestamp="2019-06-16T00:38:06.180" activeThreads="4">
  <mem-info id="6255" free="53477376" total="92274688" percent="57">
    <mem type="eden" free="1047128" total="1048576" percent="99" />
    <remembered-set count="26784" freebytes="3576192" totalbytes="3683328" percent="97" regionsoverflowed="0" regionsstable="0" regionsrebuilding="18"/>
  </mem-info>
</gc-end>
<cycle-end id="6256" type="partial gc" contextid="6249" timestamp="2019-06-16T00:38:06.180" />
  <attribute name="elasticGC enabled" value="1" />
  <attribute name= "numThreadsSpecified" value="4" />
  <attribute name="heapSize specified" value="0" />
  <attribute name="Current GC Util" value="146" />
  <attribute name= "Current Time Running" value="25227" />
  <attribute name ="GC Interval" value="0" />
  <attribute name="ProportionalT" value="189.000000" />
  <attribute name="ProportionalI" value="189.000000" />
  <attribute name="ProportionalH" value="189.000000" />
  <attribute name="Current Error" value="126.000000" />
  <attribute name="IntegralT" value="126.000000" />
  <attribute name="IntegralI" value="126.000000" />
  <attribute name="IntegralH" value="126.000000" />
  <attribute name="DerivativeT" value="63.000000" />
  <attribute name="DerivativeI" value="63.000000" />
  <attribute name="DerivativeH" value="63.000000" />
  <attribute name="Loop Time for DT" value="1.000000" />
  <attribute name="Output H" value="8388608"/>
  <attribute name="Output I" value="384"/>
  <attribute name="Output T" value="4"/>
  <attribute name="Target GC Util Change" value ="20.000000" />
  <attribute name="Current GC Util Change" value="146.000000"/>
  <attribute name="GC Util currently" value="146" />
  <attribute name="CPU Util currently" value="13748743205810" />
<exclusive-end id="6257" timestamp="2019-06-16T00:38:06.180" durationms="5.397" />

<exclusive-start id="6258" timestamp="2019-06-16T00:38:06.195" intervalms="19.977">
  <response-info timems="0.079" idlems="0.079" threads="0" lastid="0000000001AE6700" lastname="main" />
</exclusive-start>
<allocation-taxation id="6259" taxation-threshold="14680064" timestamp="2019-06-16T00:38:06.195" intervalms="19.995" />
<gc-start id="6260" type="global mark phase" contextid="6217" timestamp="2019-06-16T00:38:06.195">
  <mem-info id="6261" free="38797312" total="92274688" percent="42">
    <remembered-set count="26784" freebytes="3576192" totalbytes="3683328" percent="97" regionsoverflowed="0" regionsstable="0" regionsrebuilding="18"/>
  </mem-info>
</gc-start>
<gc-end id="6262" type="global mark phase" contextid="6217" durationms="0.197" usertimems="0.000" systemtimems="0.000" timestamp="2019-06-16T00:38:06.195" activeThreads="4">
  <mem-info id="6263" free="38797312" total="92274688" percent="42">
    <remembered-set count="26784" freebytes="3576192" totalbytes="3683328" percent="97" regionsoverflowed="0" regionsstable="0" regionsrebuilding="18"/>
  </mem-info>
</gc-end>
<concurrent-start id="6264" type="GMP work packet processing" contextid="6217" timestamp="2019-06-16T00:38:06.195">
  <concurrent-mark-start scanTarget="1048576" />
</concurrent-start>
<exclusive-end id="6265" timestamp="2019-06-16T00:38:06.196" durationms="0.916" />

<concurrent-end id="6266" type="GMP work packet processing" contextid="6217" timestamp="2019-06-16T00:38:06.197">
  <concurrent-mark-end bytesScanned="1095776" reasonForTermination="Work target met" />
</concurrent-end>

<exclusive-start id="6267" timestamp="2019-06-16T00:38:06.210" intervalms="15.407">
  <response-info timems="0.114" idlems="0.114" threads="0" lastid="0000000001AE6700" lastname="main" />
</exclusive-start>
<allocation-taxation id="6268" taxation-threshold="14680064" timestamp="2019-06-16T00:38:06.210" intervalms="15.389" />
<cycle-start id="6269" type="partial gc" contextid="0" timestamp="2019-06-16T00:38:06.210" intervalms="35.386" />
<gc-start id="6270" type="partial gc" contextid="6269" timestamp="2019-06-16T00:38:06.211">
  <mem-info id="6271" free="24117248" total="92274688" percent="26">
    <mem type="eden" free="0" total="29360128" percent="0" />
    <remembered-set count="39616" freebytes="3524864" totalbytes="3683328" percent="95" regionsoverflowed="0" regionsstable="0" regionsrebuilding="18"/>
  </mem-info>
</gc-start>
<allocation-stats totalBytes="29357920" >
  <allocated-bytes non-tlh="0" tlh="29357920" arrayletleaf="0"/>
  <largest-consumer threadName="main" threadId="0000000001AE6700" bytes="14678984" />
</allocation-stats>
<gc-op id="6272" type="copy forward" timems="1.621" contextid="6269" timestamp="2019-06-16T00:38:06.213">
  <memory-copied type="eden" objects="12" bytes="296" bytesdiscarded="0" />
  <memory-copied type="other" objects="27" bytes="856" bytesdiscarded="0" />
  <memory-cardclean objects="61" bytes="2184" />
  <regions eden="28" other="1" />
  <remembered-set-cleared processed="36251" cleared="40" durationms="0.334" />
  <stringconstants candidates="13269" cleared="0"  />
</gc-op>
<gc-op id="6273" type="classunload" timems="0.005" contextid="6269" timestamp="2019-06-16T00:38:06.213">
  <classunload-info classloadercandidates="53" classloadersunloaded="0" classesunloaded="0" anonymousclassesunloaded="0" quiescems="0.000" setupms="0.005" scanms="0.000" postms="0.000" />
</gc-op>
<gc-end id="6274" type="partial gc" contextid="6269" durationms="2.882" usertimems="0.000" systemtimems="0.000" timestamp="2019-06-16T00:38:06.214" activeThreads="1">
  <mem-info id="6275" free="52428800" total="92274688" percent="56">
    <mem type="eden" free="1048280" total="1048576" percent="99" />
    <remembered-set count="39936" freebytes="3523584" totalbytes="3683328" percent="95" regionsoverflowed="0" regionsstable="0" regionsrebuilding="18"/>
  </mem-info>
</gc-end>
<cycle-end id="6276" type="partial gc" contextid="6269" timestamp="2019-06-16T00:38:06.214" />
  <attribute name="elasticGC enabled" value="1" />
  <attribute name= "numThreadsSpecified" value="1" />
  <attribute name="heapSize specified" value="0" />
  <attribute name="Current GC Util" value="163" />
  <attribute name= "Current Time Running" value="25262" />
  <attribute name ="GC Interval" value="0" />
  <attribute name="ProportionalT" value="214.500000" />
  <attribute name="ProportionalI" value="214.500000" />
  <attribute name="ProportionalH" value="214.500000" />
  <attribute name="Current Error" value="143.000000" />
  <attribute name="IntegralT" value="0.000000" />
  <attribute name="IntegralI" value="0.000000" />
  <attribute name="IntegralH" value="0.000000" />
  <attribute name="DerivativeT" value="inf" />
  <attribute name="DerivativeI" value="inf" />
  <attribute name="DerivativeH" value="inf" />
  <attribute name="Loop Time for DT" value="0.000000" />
  <attribute name="Output H" value="8388608"/>
  <attribute name="Output I" value="200"/>
  <attribute name="Output T" value="1"/>
  <attribute name="Target GC Util Change" value ="20.000000" />
  <attribute name="Current GC Util Change" value="163.000000"/>
  <attribute name="GC Util currently" value="163" />
  <attribute name="CPU Util currently" value="13415891694715" />
<exclusive-end id="6277" timestamp="2019-06-16T00:38:06.214" durationms="3.942" />

<exclusive-start id="6278" timestamp="2019-06-16T00:38:06.287" intervalms="77.178">
  <response-info timems="0.108" idlems="0.108" threads="0" lastid="0000000001AE6700" lastname="main" />
</exclusive-start>
<allocation-taxation id="6279" taxation-threshold="14680064" timestamp="2019-06-16T00:38:06.287" intervalms="77.189" />
<gc-start id="6280" type="global mark phase" contextid="6217" timestamp="2019-06-16T00:38:06.288">
  <mem-info id="6281" free="37748736" total="92274688" percent="40">
    <remembered-set count="39616" freebytes="3524864" totalbytes="3683328" percent="95" regionsoverflowed="0" regionsstable="0" regionsrebuilding="18"/>
  </mem-info>
</gc-start>
<gc-end id="6282" type="global mark phase" contextid="6217" durationms="0.196" usertimems="0.000" systemtimems="0.000" timestamp="2019-06-16T00:38:06.288" activeThreads="1">
  <mem-info id="6283" free="37748736" total="92274688" percent="40">
    <remembered-set count="39616" freebytes="3524864" totalbytes="3683328" percent="95" regionsoverflowed="0" regionsstable="0" regionsrebuilding="18"/>
  </mem-info>
</gc-end>
<concurrent-start id="6284" type="GMP work packet processing" contextid="6217" timestamp="2019-06-16T00:38:06.288">
  <concurrent-mark-start scanTarget="1048576" />
</concurrent-start>
<exclusive-end id="6285" timestamp="2019-06-16T00:38:06.288" durationms="1.022" />

<concurrent-end id="6286" type="GMP work packet processing" contextid="6217" timestamp="2019-06-16T00:38:06.289">
  <concurrent-mark-end bytesScanned="1090856" reasonForTermination="Work target met" />
</concurrent-end>

<exclusive-start id="6287" timestamp="2019-06-16T00:38:06.323" intervalms="35.993">
  <response-info timems="0.068" idlems="0.068" threads="0" lastid="0000000001AE6700" lastname="main" />
</exclusive-start>
<allocation-taxation id="6288" taxation-threshold="14680064" timestamp="2019-06-16T00:38:06.323" intervalms="36.035" />
<cycle-start id="6289" type="partial gc" contextid="0" timestamp="2019-06-16T00:38:06.324" intervalms="113.239" />
<gc-start id="6290" type="partial gc" contextid="6289" timestamp="2019-06-16T00:38:06.324">
  <mem-info id="6291" free="23068672" total="92274688" percent="25">
    <mem type="eden" free="1048280" total="30408704" percent="3" />
    <remembered-set count="50432" freebytes="3481600" totalbytes="3683328" percent="94" regionsoverflowed="0" regionsstable="0" regionsrebuilding="18"/>
  </mem-info>
</gc-start>
<allocation-stats totalBytes="29337592" >
  <allocated-bytes non-tlh="0" tlh="29337592" arrayletleaf="0"/>
  <largest-consumer threadName="main" threadId="0000000001AE6700" bytes="14669760" />
</allocation-stats>
<gc-op id="6292" type="copy forward" timems="1.856" contextid="6289" timestamp="2019-06-16T00:38:06.327">
  <memory-copied type="eden" objects="57" bytes="2808" bytesdiscarded="0" />
  <memory-copied type="other" objects="0" bytes="0" bytesdiscarded="0" />
  <memory-cardclean objects="78" bytes="2528" />
  <regions eden="28" other="1" />
  <remembered-set-cleared processed="48014" cleared="35" durationms="0.570" />
  <stringconstants candidates="13269" cleared="0"  />
</gc-op>
<gc-op id="6293" type="classunload" timems="0.004" contextid="6289" timestamp="2019-06-16T00:38:06.327">
  <classunload-info classloadercandidates="53" classloadersunloaded="0" classesunloaded="0" anonymousclassesunloaded="0" quiescems="0.000" setupms="0.004" scanms="0.000" postms="0.000" />
</gc-op>
<heap-resize id="6294" type="contract" space="default" amount="5242880" count="1" timems="0.066" reason="insufficient time being spent in gc" timestamp="2019-06-16T00:38:06.327" />
<gc-end id="6295" type="partial gc" contextid="6289" durationms="3.349" usertimems="0.000" systemtimems="0.000" timestamp="2019-06-16T00:38:06.327" activeThreads="1">
  <mem-info id="6296" free="47185920" total="87031808" percent="54">
    <mem type="eden" free="1045768" total="1048576" percent="99" />
    <remembered-set count="50848" freebytes="3479936" totalbytes="3683328" percent="94" regionsoverflowed="0" regionsstable="0" regionsrebuilding="18"/>
  </mem-info>
</gc-end>
<cycle-end id="6297" type="partial gc" contextid="6289" timestamp="2019-06-16T00:38:06.328" />
  <attribute name="elasticGC enabled" value="1" />
  <attribute name= "numThreadsSpecified" value="1" />
  <attribute name="heapSize specified" value="0" />
  <attribute name="Current GC Util" value="147" />
  <attribute name= "Current Time Running" value="25375" />
  <attribute name ="GC Interval" value="0" />
  <attribute name="ProportionalT" value="190.500000" />
  <attribute name="ProportionalI" value="190.500000" />
  <attribute name="ProportionalH" value="190.500000" />
  <attribute name="Current Error" value="127.000000" />
  <attribute name="IntegralT" value="0.000000" />
  <attribute name="IntegralI" value="0.000000" />
  <attribute name="IntegralH" value="0.000000" />
  <attribute name="DerivativeT" value="inf" />
  <attribute name="DerivativeI" value="inf" />
  <attribute name="DerivativeH" value="inf" />
  <attribute name="Loop Time for DT" value="0.000000" />
  <attribute name="Output H" value="8388608"/>
  <attribute name="Output I" value="200"/>
  <attribute name="Output T" value="1"/>
  <attribute name="Target GC Util Change" value ="20.000000" />
  <attribute name="Current GC Util Change" value="147.000000"/>
  <attribute name="GC Util currently" value="147" />
  <attribute name="CPU Util currently" value="13245690802112" />
<exclusive-end id="6298" timestamp="2019-06-16T00:38:06.328" durationms="4.521" />

<exclusive-start id="6299" timestamp="2019-06-16T00:38:06.360" intervalms="36.850">
  <response-info timems="0.098" idlems="0.098" threads="0" lastid="0000000001AE6700" lastname="main" />
</exclusive-start>
<allocation-taxation id="6300" taxation-threshold="13631488" timestamp="2019-06-16T00:38:06.360" intervalms="36.868" />
<gc-start id="6301" type="global mark phase" contextid="6217" timestamp="2019-06-16T00:38:06.361">
  <mem-info id="6302" free="33554432" total="87031808" percent="38">
    <remembered-set count="50432" freebytes="3481600" totalbytes="3683328" percent="94" regionsoverflowed="0" regionsstable="0" regionsrebuilding="18"/>
  </mem-info>
</gc-start>
<gc-end id="6303" type="global mark phase" contextid="6217" durationms="0.205" usertimems="0.000" systemtimems="0.000" timestamp="2019-06-16T00:38:06.361" activeThreads="1">
  <mem-info id="6304" free="33554432" total="87031808" percent="38">
    <remembered-set count="50432" freebytes="3481600" totalbytes="3683328" percent="94" regionsoverflowed="0" regionsstable="0" regionsrebuilding="18"/>
  </mem-info>
</gc-end>
<concurrent-start id="6305" type="GMP work packet processing" contextid="6217" timestamp="2019-06-16T00:38:06.361">
  <concurrent-mark-start scanTarget="1048576" />
</concurrent-start>
<exclusive-end id="6306" timestamp="2019-06-16T00:38:06.361" durationms="1.039" />

<concurrent-end id="6307" type="GMP work packet processing" contextid="6217" timestamp="2019-06-16T00:38:06.362">
  <concurrent-mark-end bytesScanned="1098980" reasonForTermination="Work target met" />
</concurrent-end>

<exclusive-start id="6308" timestamp="2019-06-16T00:38:06.393" intervalms="32.856">
  <response-info timems="0.090" idlems="0.090" threads="0" lastid="0000000001AE6700" lastname="main" />
</exclusive-start>
<allocation-taxation id="6309" taxation-threshold="13631488" timestamp="2019-06-16T00:38:06.393" intervalms="32.826" />
<cycle-start id="6310" type="partial gc" contextid="0" timestamp="2019-06-16T00:38:06.393" intervalms="69.709" />
<gc-start id="6311" type="partial gc" contextid="6310" timestamp="2019-06-16T00:38:06.394">
  <mem-info id="6312" free="19922944" total="87031808" percent="22">
    <mem type="eden" free="0" total="27262976" percent="0" />
    <remembered-set count="59392" freebytes="3445760" totalbytes="3683328" percent="93" regionsoverflowed="0" regionsstable="0" regionsrebuilding="18"/>
  </mem-info>
</gc-start>
<allocation-stats totalBytes="27243072" >
  <allocated-bytes non-tlh="0" tlh="27243072" arrayletleaf="0"/>
  <largest-consumer threadName="main" threadId="0000000001AE6700" bytes="13621928" />
</allocation-stats>
<gc-op id="6313" type="copy forward" timems="1.753" contextid="6310" timestamp="2019-06-16T00:38:06.397">
  <memory-copied type="eden" objects="2" bytes="56" bytesdiscarded="0" />
  <memory-copied type="other" objects="53" bytes="2216" bytesdiscarded="0" />
  <memory-cardclean objects="60" bytes="2192" />
  <regions eden="26" other="1" />
  <remembered-set-cleared processed="56389" cleared="41" durationms="0.425" />
  <stringconstants candidates="13269" cleared="0"  />
</gc-op>
<gc-op id="6314" type="classunload" timems="0.004" contextid="6310" timestamp="2019-06-16T00:38:06.397">
  <classunload-info classloadercandidates="53" classloadersunloaded="0" classesunloaded="0" anonymousclassesunloaded="0" quiescems="0.000" setupms="0.004" scanms="0.000" postms="0.000" />
</gc-op>
<gc-end id="6315" type="partial gc" contextid="6310" durationms="3.495" usertimems="4.000" systemtimems="0.000" timestamp="2019-06-16T00:38:06.397" activeThreads="1">
  <mem-info id="6316" free="46137344" total="87031808" percent="53">
    <mem type="eden" free="1048520" total="1048576" percent="99" />
    <remembered-set count="59104" freebytes="3237632" totalbytes="3474048" percent="93" regionsoverflowed="0" regionsstable="0" regionsrebuilding="18"/>
  </mem-info>
</gc-end>
<cycle-end id="6317" type="partial gc" contextid="6310" timestamp="2019-06-16T00:38:06.397" />
  <attribute name="elasticGC enabled" value="1" />
  <attribute name= "numThreadsSpecified" value="1" />
  <attribute name="heapSize specified" value="0" />
  <attribute name="Current GC Util" value="95" />
  <attribute name= "Current Time Running" value="25445" />
  <attribute name ="GC Interval" value="0" />
  <attribute name="ProportionalT" value="112.500000" />
  <attribute name="ProportionalI" value="112.500000" />
  <attribute name="ProportionalH" value="112.500000" />
  <attribute name="Current Error" value="75.000000" />
  <attribute name="IntegralT" value="0.000000" />
  <attribute name="IntegralI" value="0.000000" />
  <attribute name="IntegralH" value="0.000000" />
  <attribute name="DerivativeT" value="inf" />
  <attribute name="DerivativeI" value="inf" />
  <attribute name="DerivativeH" value="inf" />
  <attribute name="Loop Time for DT" value="0.000000" />
  <attribute name="Output H" value="8388608"/>
  <attribute name="Output I" value="200"/>
  <attribute name="Output T" value="1"/>
  <attribute name="Target GC Util Change" value ="20.000000" />
  <attribute name="Current GC Util Change" value="95.000000"/>
  <attribute name="GC Util currently" value="95" />
  <attribute name="CPU Util currently" value="7755085943968" />
<exclusive-end id="6318" timestamp="2019-06-16T00:38:06.398" durationms="4.647" />

<exclusive-start id="6319" timestamp="2019-06-16T00:38:06.429" intervalms="36.432">
  <response-info timems="0.096" idlems="0.096" threads="0" lastid="0000000001AE6700" lastname="main" />
</exclusive-start>
<allocation-taxation id="6320" taxation-threshold="13631488" timestamp="2019-06-16T00:38:06.430" intervalms="36.428" />
<gc-start id="6321" type="global mark phase" contextid="6217" timestamp="2019-06-16T00:38:06.430">
  <mem-info id="6322" free="32505856" total="87031808" percent="37">
    <remembered-set count="58720" freebytes="3239168" totalbytes="3474048" percent="93" regionsoverflowed="0" regionsstable="0" regionsrebuilding="18"/>
  </mem-info>
</gc-start>
<gc-end id="6323" type="global mark phase" contextid="6217" durationms="0.206" usertimems="0.000" systemtimems="0.000" timestamp="2019-06-16T00:38:06.430" activeThreads="1">
  <mem-info id="6324" free="32505856" total="87031808" percent="37">
    <remembered-set count="58720" freebytes="3239168" totalbytes="3474048" percent="93" regionsoverflowed="0" regionsstable="0" regionsrebuilding="18"/>
  </mem-info>
</gc-end>
<concurrent-start id="6325" type="GMP work packet processing" contextid="6217" timestamp="2019-06-16T00:38:06.430">
  <concurrent-mark-start scanTarget="1048576" />
</concurrent-start>
<exclusive-end id="6326" timestamp="2019-06-16T00:38:06.431" durationms="1.139" />

<concurrent-end id="6327" type="GMP work packet processing" contextid="6217" timestamp="2019-06-16T00:38:06.432">
  <concurrent-mark-end bytesScanned="1085580" reasonForTermination="Work target met" />
</concurrent-end>

<exclusive-start id="6328" timestamp="2019-06-16T00:38:06.460" intervalms="31.013">
  <response-info timems="0.097" idlems="0.097" threads="0" lastid="0000000001AE6700" lastname="main" />
</exclusive-start>
<allocation-taxation id="6329" taxation-threshold="13631488" timestamp="2019-06-16T00:38:06.461" intervalms="31.055" />
<cycle-start id="6330" type="partial gc" contextid="0" timestamp="2019-06-16T00:38:06.461" intervalms="67.471" />
<gc-start id="6331" type="partial gc" contextid="6330" timestamp="2019-06-16T00:38:06.461">
  <mem-info id="6332" free="18874368" total="87031808" percent="21">
    <mem type="eden" free="1048520" total="28311552" percent="3" />
    <remembered-set count="70528" freebytes="3191936" totalbytes="3474048" percent="91" regionsoverflowed="0" regionsstable="0" regionsrebuilding="18"/>
  </mem-info>
</gc-start>
<allocation-stats totalBytes="27246032" >
  <allocated-bytes non-tlh="0" tlh="27246032" arrayletleaf="0"/>
  <largest-consumer threadName="main" threadId="0000000001AE6700" bytes="13625104" />
</allocation-stats>
<gc-op id="6333" type="copy forward" timems="3.227" contextid="6330" timestamp="2019-06-16T00:38:06.465">
  <memory-copied type="eden" objects="26" bytes="784" bytesdiscarded="624" />
  <memory-copied type="other" objects="0" bytes="0" bytesdiscarded="0" />
  <memory-cardclean objects="79" bytes="2344" />
  <regions eden="26" other="1" />
  <remembered-set-cleared processed="67367" cleared="29" durationms="0.311" />
  <stringconstants candidates="13269" cleared="0"  />
</gc-op>
<gc-op id="6334" type="classunload" timems="0.004" contextid="6330" timestamp="2019-06-16T00:38:06.465">
  <classunload-info classloadercandidates="53" classloadersunloaded="0" classesunloaded="0" anonymousclassesunloaded="0" quiescems="0.000" setupms="0.004" scanms="0.000" postms="0.000" />
</gc-op>
<gc-end id="6335" type="partial gc" contextid="6330" durationms="4.477" usertimems="4.000" systemtimems="4.000" timestamp="2019-06-16T00:38:06.466" activeThreads="4">
  <mem-info id="6336" free="46137344" total="87031808" percent="53">
    <mem type="eden" free="1047168" total="1048576" percent="99" />
    <remembered-set count="70656" freebytes="3191424" totalbytes="3474048" percent="91" regionsoverflowed="0" regionsstable="0" regionsrebuilding="18"/>
  </mem-info>
</gc-end>
<cycle-end id="6337" type="partial gc" contextid="6330" timestamp="2019-06-16T00:38:06.466" />
  <attribute name="elasticGC enabled" value="1" />
  <attribute name= "numThreadsSpecified" value="4" />
  <attribute name="heapSize specified" value="0" />
  <attribute name="Current GC Util" value="165" />
  <attribute name= "Current Time Running" value="25513" />
  <attribute name ="GC Interval" value="0" />
  <attribute name="ProportionalT" value="217.500000" />
  <attribute name="ProportionalI" value="217.500000" />
  <attribute name="ProportionalH" value="217.500000" />
  <attribute name="Current Error" value="145.000000" />
  <attribute name="IntegralT" value="145.000000" />
  <attribute name="IntegralI" value="145.000000" />
  <attribute name="IntegralH" value="145.000000" />
  <attribute name="DerivativeT" value="72.500000" />
  <attribute name="DerivativeI" value="72.500000" />
  <attribute name="DerivativeH" value="72.500000" />
  <attribute name="Loop Time for DT" value="1.000000" />
  <attribute name="Output H" value="8388608"/>
  <attribute name="Output I" value="440"/>
  <attribute name="Output T" value="4"/>
  <attribute name="Target GC Util Change" value ="20.000000" />
  <attribute name="Current GC Util Change" value="165.000000"/>
  <attribute name="GC Util currently" value="165" />
  <attribute name="CPU Util currently" value="14132013819761" />
<exclusive-end id="6338" timestamp="2019-06-16T00:38:06.466" durationms="5.638" />

<exclusive-start id="6339" timestamp="2019-06-16T00:38:06.493" intervalms="32.488">
  <response-info timems="0.128" idlems="0.128" threads="0" lastid="0000000001AE6700" lastname="main" />
</exclusive-start>
<allocation-taxation id="6340" taxation-threshold="13631488" timestamp="2019-06-16T00:38:06.493" intervalms="32.487" />
<gc-start id="6341" type="global mark phase" contextid="6217" timestamp="2019-06-16T00:38:06.493">
  <mem-info id="6342" free="32505856" total="87031808" percent="37">
    <remembered-set count="70656" freebytes="3191424" totalbytes="3474048" percent="91" regionsoverflowed="0" regionsstable="0" regionsrebuilding="18"/>
  </mem-info>
</gc-start>
<gc-end id="6343" type="global mark phase" contextid="6217" durationms="0.142" usertimems="0.000" systemtimems="0.000" timestamp="2019-06-16T00:38:06.494" activeThreads="4">
  <mem-info id="6344" free="32505856" total="87031808" percent="37">
    <remembered-set count="70656" freebytes="3191424" totalbytes="3474048" percent="91" regionsoverflowed="0" regionsstable="0" regionsrebuilding="18"/>
  </mem-info>
</gc-end>
<concurrent-start id="6345" type="GMP work packet processing" contextid="6217" timestamp="2019-06-16T00:38:06.494">
  <concurrent-mark-start scanTarget="1048576" />
</concurrent-start>
<exclusive-end id="6346" timestamp="2019-06-16T00:38:06.494" durationms="1.097" />

<concurrent-end id="6347" type="GMP work packet processing" contextid="6217" timestamp="2019-06-16T00:38:06.495">
  <concurrent-mark-end bytesScanned="1076736" reasonForTermination="Work target met" />
</concurrent-end>

<exclusive-start id="6348" timestamp="2019-06-16T00:38:06.505" intervalms="11.951">
  <response-info timems="0.082" idlems="0.082" threads="0" lastid="0000000001AE6700" lastname="main" />
</exclusive-start>
<allocation-taxation id="6349" taxation-threshold="13631488" timestamp="2019-06-16T00:38:06.505" intervalms="11.916" />
<cycle-start id="6350" type="partial gc" contextid="0" timestamp="2019-06-16T00:38:06.505" intervalms="44.396" />
<gc-start id="6351" type="partial gc" contextid="6350" timestamp="2019-06-16T00:38:06.506">
  <mem-info id="6352" free="18874368" total="87031808" percent="21">
    <mem type="eden" free="0" total="27262976" percent="0" />
    <remembered-set count="78880" freebytes="3158528" totalbytes="3474048" percent="90" regionsoverflowed="0" regionsstable="0" regionsrebuilding="18"/>
  </mem-info>
</gc-start>
<allocation-stats totalBytes="27256856" >
  <allocated-bytes non-tlh="0" tlh="27256856" arrayletleaf="0"/>
  <largest-consumer threadName="main" threadId="0000000001AE6700" bytes="13627000" />
</allocation-stats>
<gc-op id="6353" type="copy forward" timems="1.673" contextid="6350" timestamp="2019-06-16T00:38:06.508">
  <memory-copied type="eden" objects="22" bytes="1224" bytesdiscarded="0" />
  <memory-copied type="other" objects="7" bytes="168" bytesdiscarded="0" />
  <memory-cardclean objects="71" bytes="2216" />
  <regions eden="26" other="1" />
  <remembered-set-cleared processed="75370" cleared="38" durationms="0.550" />
  <stringconstants candidates="13269" cleared="0"  />
</gc-op>
<gc-op id="6354" type="classunload" timems="0.003" contextid="6350" timestamp="2019-06-16T00:38:06.508">
  <classunload-info classloadercandidates="53" classloadersunloaded="0" classesunloaded="0" anonymousclassesunloaded="0" quiescems="0.000" setupms="0.003" scanms="0.000" postms="0.000" />
</gc-op>
<gc-end id="6355" type="partial gc" contextid="6350" durationms="3.012" usertimems="4.000" systemtimems="0.000" timestamp="2019-06-16T00:38:06.509" activeThreads="1">
  <mem-info id="6356" free="45088768" total="87031808" percent="51">
    <mem type="eden" free="1047352" total="1048576" percent="99" />
    <remembered-set count="79072" freebytes="3157760" totalbytes="3474048" percent="90" regionsoverflowed="0" regionsstable="0" regionsrebuilding="18"/>
  </mem-info>
</gc-end>
<cycle-end id="6357" type="partial gc" contextid="6350" timestamp="2019-06-16T00:38:06.509" />
  <attribute name="elasticGC enabled" value="1" />
  <attribute name= "numThreadsSpecified" value="1" />
  <attribute name="heapSize specified" value="0" />
  <attribute name="Current GC Util" value="164" />
  <attribute name= "Current Time Running" value="25557" />
  <attribute name ="GC Interval" value="0" />
  <attribute name="ProportionalT" value="216.000000" />
  <attribute name="ProportionalI" value="216.000000" />
  <attribute name="ProportionalH" value="216.000000" />
  <attribute name="Current Error" value="144.000000" />
  <attribute name="IntegralT" value="0.000000" />
  <attribute name="IntegralI" value="0.000000" />
  <attribute name="IntegralH" value="0.000000" />
  <attribute name="DerivativeT" value="inf" />
  <attribute name="DerivativeI" value="inf" />
  <attribute name="DerivativeH" value="inf" />
  <attribute name="Loop Time for DT" value="0.000000" />
  <attribute name="Output H" value="8388608"/>
  <attribute name="Output I" value="200"/>
  <attribute name="Output T" value="1"/>
  <attribute name="Target GC Util Change" value ="20.000000" />
  <attribute name="Current GC Util Change" value="164.000000"/>
  <attribute name="GC Util currently" value="164" />
  <attribute name="CPU Util currently" value="14069927105629" />
<exclusive-end id="6358" timestamp="2019-06-16T00:38:06.509" durationms="4.193" />

<exclusive-start id="6359" timestamp="2019-06-16T00:38:06.513" intervalms="8.349">
  <response-info timems="0.080" idlems="0.080" threads="0" lastid="0000000001AE6700" lastname="main" />
</exclusive-start>
<allocation-taxation id="6360" taxation-threshold="13631488" timestamp="2019-06-16T00:38:06.513" intervalms="8.334" />
<gc-start id="6361" type="global mark phase" contextid="6217" timestamp="2019-06-16T00:38:06.514">
  <mem-info id="6362" free="31457280" total="87031808" percent="36">
    <remembered-set count="78656" freebytes="3159424" totalbytes="3474048" percent="90" regionsoverflowed="0" regionsstable="0" regionsrebuilding="18"/>
  </mem-info>
</gc-start>
<gc-end id="6363" type="global mark phase" contextid="6217" durationms="0.216" usertimems="0.000" systemtimems="0.000" timestamp="2019-06-16T00:38:06.514" activeThreads="1">
  <mem-info id="6364" free="31457280" total="87031808" percent="36">
    <remembered-set count="78656" freebytes="3159424" totalbytes="3474048" percent="90" regionsoverflowed="0" regionsstable="0" regionsrebuilding="18"/>
  </mem-info>
</gc-end>
<concurrent-start id="6365" type="GMP work packet processing" contextid="6217" timestamp="2019-06-16T00:38:06.514">
  <concurrent-mark-start scanTarget="1048576" />
</concurrent-start>
<exclusive-end id="6366" timestamp="2019-06-16T00:38:06.514" durationms="0.971" />

<concurrent-end id="6367" type="GMP work packet processing" contextid="6217" timestamp="2019-06-16T00:38:06.515">
  <concurrent-mark-end bytesScanned="1100724" reasonForTermination="Work target met" />
</concurrent-end>

<exclusive-start id="6368" timestamp="2019-06-16T00:38:06.518" intervalms="5.079">
  <response-info timems="0.048" idlems="0.048" threads="0" lastid="0000000001AE6700" lastname="main" />
</exclusive-start>
<allocation-taxation id="6369" taxation-threshold="13631488" timestamp="2019-06-16T00:38:06.519" intervalms="5.113" />
<cycle-start id="6370" type="partial gc" contextid="0" timestamp="2019-06-16T00:38:06.519" intervalms="13.400" />
<gc-start id="6371" type="partial gc" contextid="6370" timestamp="2019-06-16T00:38:06.519">
  <mem-info id="6372" free="17825792" total="87031808" percent="20">
    <mem type="eden" free="0" total="27262976" percent="0" />
    <remembered-set count="94080" freebytes="3097728" totalbytes="3474048" percent="89" regionsoverflowed="0" regionsstable="0" regionsrebuilding="18"/>
  </mem-info>
</gc-start>
<allocation-stats totalBytes="27214128" >
  <allocated-bytes non-tlh="0" tlh="27214128" arrayletleaf="0"/>
  <largest-consumer threadName="main" threadId="0000000001AE6700" bytes="13607360" />
</allocation-stats>
<gc-op id="6373" type="copy forward" timems="3.663" contextid="6370" timestamp="2019-06-16T00:38:06.524">
  <memory-copied type="eden" objects="2" bytes="40" bytesdiscarded="752" />
  <memory-copied type="other" objects="21" bytes="1208" bytesdiscarded="600" />
  <memory-cardclean objects="47" bytes="1680" />
  <regions eden="26" other="1" />
  <remembered-set-cleared processed="90331" cleared="31" durationms="0.394" />
  <stringconstants candidates="13269" cleared="0"  />
</gc-op>
<gc-op id="6374" type="classunload" timems="0.004" contextid="6370" timestamp="2019-06-16T00:38:06.524">
  <classunload-info classloadercandidates="53" classloadersunloaded="0" classesunloaded="0" anonymousclassesunloaded="0" quiescems="0.000" setupms="0.004" scanms="0.000" postms="0.000" />
</gc-op>
<heap-resize id="6375" type="expand" space="default" amount="15728640" count="1" timems="0.096" reason="excessive time being spent in gc" timestamp="2019-06-16T00:38:06.524" />
<gc-end id="6376" type="partial gc" contextid="6370" durationms="5.388" usertimems="4.000" systemtimems="8.000" timestamp="2019-06-16T00:38:06.524" activeThreads="4">
  <mem-info id="6377" free="59768832" total="102760448" percent="58">
    <mem type="eden" free="1047784" total="1048576" percent="99" />
    <remembered-set count="93824" freebytes="3726592" totalbytes="4101888" percent="90" regionsoverflowed="0" regionsstable="0" regionsrebuilding="18"/>
  </mem-info>
</gc-end>
<cycle-end id="6378" type="partial gc" contextid="6370" timestamp="2019-06-16T00:38:06.525" />
  <attribute name="elasticGC enabled" value="1" />
  <attribute name= "numThreadsSpecified" value="4" />
  <attribute name="heapSize specified" value="0" />
  <attribute name="Current GC Util" value="151" />
  <attribute name= "Current Time Running" value="25571" />
  <attribute name ="GC Interval" value="0" />
  <attribute name="ProportionalT" value="196.500000" />
  <attribute name="ProportionalI" value="196.500000" />
  <attribute name="ProportionalH" value="196.500000" />
  <attribute name="Current Error" value="131.000000" />
  <attribute name="IntegralT" value="131.000000" />
  <attribute name="IntegralI" value="131.000000" />
  <attribute name="IntegralH" value="131.000000" />
  <attribute name="DerivativeT" value="43.000000" />
  <attribute name="DerivativeI" value="43.000000" />
  <attribute name="DerivativeH" value="43.000000" />
  <attribute name="Loop Time for DT" value="1.000000" />
  <attribute name="Output H" value="8388608"/>
  <attribute name="Output I" value="376"/>
  <attribute name="Output T" value="4"/>
  <attribute name="Target GC Util Change" value ="20.000000" />
  <attribute name="Current GC Util Change" value="151.000000"/>
  <attribute name="GC Util currently" value="151" />
  <attribute name="CPU Util currently" value="12212924912193" />
<exclusive-end id="6379" timestamp="2019-06-16T00:38:06.525" durationms="6.576" />

<exclusive-start id="6380" timestamp="2019-06-16T00:38:06.530" intervalms="11.296">
  <response-info timems="0.075" idlems="0.075" threads="0" lastid="0000000001AE6700" lastname="main" />
</exclusive-start>
<allocation-taxation id="6381" taxation-threshold="15728640" timestamp="2019-06-16T00:38:06.530" intervalms="11.301" />
<gc-start id="6382" type="global mark phase" contextid="6217" timestamp="2019-06-16T00:38:06.530">
  <mem-info id="6383" free="44040192" total="102760448" percent="42">
    <remembered-set count="93824" freebytes="3726592" totalbytes="4101888" percent="90" regionsoverflowed="0" regionsstable="0" regionsrebuilding="18"/>
  </mem-info>
</gc-start>
<gc-end id="6384" type="global mark phase" contextid="6217" durationms="0.208" usertimems="0.000" systemtimems="0.000" timestamp="2019-06-16T00:38:06.530" activeThreads="4">
  <mem-info id="6385" free="44040192" total="102760448" percent="42">
    <remembered-set count="93824" freebytes="3726592" totalbytes="4101888" percent="90" regionsoverflowed="0" regionsstable="0" regionsrebuilding="18"/>
  </mem-info>
</gc-end>
<concurrent-start id="6386" type="GMP work packet processing" contextid="6217" timestamp="2019-06-16T00:38:06.530">
  <concurrent-mark-start scanTarget="1048576" />
</concurrent-start>
<exclusive-end id="6387" timestamp="2019-06-16T00:38:06.531" durationms="1.042" />

<concurrent-end id="6388" type="GMP work packet processing" contextid="6217" timestamp="2019-06-16T00:38:06.532">
  <concurrent-mark-end bytesScanned="1102004" reasonForTermination="Work target met" />
</concurrent-end>

<exclusive-start id="6389" timestamp="2019-06-16T00:38:06.536" intervalms="6.601">
  <response-info timems="0.070" idlems="0.070" threads="0" lastid="0000000001AE6700" lastname="main" />
</exclusive-start>
<allocation-taxation id="6390" taxation-threshold="15728640" timestamp="2019-06-16T00:38:06.536" intervalms="6.583" />
<cycle-start id="6391" type="partial gc" contextid="0" timestamp="2019-06-16T00:38:06.537" intervalms="17.925" />
<gc-start id="6392" type="partial gc" contextid="6391" timestamp="2019-06-16T00:38:06.537">
  <mem-info id="6393" free="28311552" total="102760448" percent="27">
    <mem type="eden" free="1047784" total="32505856" percent="3" />
    <remembered-set count="105728" freebytes="3678976" totalbytes="4101888" percent="89" regionsoverflowed="0" regionsstable="0" regionsrebuilding="18"/>
  </mem-info>
</gc-start>
<allocation-stats totalBytes="31401904" >
  <allocated-bytes non-tlh="0" tlh="31401904" arrayletleaf="0"/>
  <largest-consumer threadName="main" threadId="0000000001AE6700" bytes="15700608" />
</allocation-stats>
<gc-op id="6394" type="copy forward" timems="1.899" contextid="6391" timestamp="2019-06-16T00:38:06.540">
  <memory-copied type="eden" objects="3" bytes="72" bytesdiscarded="0" />
  <memory-copied type="other" objects="0" bytes="0" bytesdiscarded="0" />
  <memory-cardclean objects="11" bytes="272" />
  <regions eden="30" other="1" />
  <remembered-set-cleared processed="102745" cleared="9" durationms="0.698" />
  <stringconstants candidates="13269" cleared="0"  />
</gc-op>
<gc-op id="6395" type="classunload" timems="0.004" contextid="6391" timestamp="2019-06-16T00:38:06.540">
  <classunload-info classloadercandidates="53" classloadersunloaded="0" classesunloaded="0" anonymousclassesunloaded="0" quiescems="0.000" setupms="0.004" scanms="0.000" postms="0.000" />
</gc-op>
<heap-resize id="6396" type="expand" space="default" amount="5242880" count="1" timems="0.071" reason="excessive time being spent in gc" timestamp="2019-06-16T00:38:06.540" />
<gc-end id="6397" type="partial gc" contextid="6391" durationms="3.552" usertimems="4.000" systemtimems="0.000" timestamp="2019-06-16T00:38:06.540" activeThreads="1">
  <mem-info id="6398" free="65011712" total="108003328" percent="60">
    <mem type="eden" free="1048504" total="1048576" percent="99" />
    <remembered-set count="106208" freebytes="3886336" totalbytes="4311168" percent="90" regionsoverflowed="0" regionsstable="0" regionsrebuilding="18"/>
  </mem-info>
</gc-end>
<cycle-end id="6399" type="partial gc" contextid="6391" timestamp="2019-06-16T00:38:06.541" />
  <attribute name="elasticGC enabled" value="1" />
  <attribute name= "numThreadsSpecified" value="1" />
  <attribute name="heapSize specified" value="0" />
  <attribute name="Current GC Util" value="149" />
  <attribute name= "Current Time Running" value="25588" />
  <attribute name ="GC Interval" value="0" />
  <attribute name="ProportionalT" value="193.500000" />
  <attribute name="ProportionalI" value="193.500000" />
  <attribute name="ProportionalH" value="193.500000" />
  <attribute name="Current Error" value="129.000000" />
  <attribute name="IntegralT" value="0.000000" />
  <attribute name="IntegralI" value="0.000000" />
  <attribute name="IntegralH" value="0.000000" />
  <attribute name="DerivativeT" value="inf" />
  <attribute name="DerivativeI" value="inf" />
  <attribute name="DerivativeH" value="inf" />
  <attribute name="Loop Time for DT" value="0.000000" />
  <attribute name="Output H" value="8388608"/>
  <attribute name="Output I" value="200"/>
  <attribute name="Output T" value="1"/>
  <attribute name="Target GC Util Change" value ="20.000000" />
  <attribute name="Current GC Util Change" value="149.000000"/>
  <attribute name="GC Util currently" value="149" />
  <attribute name="CPU Util currently" value="12406410066233" />
<exclusive-end id="6400" timestamp="2019-06-16T00:38:06.541" durationms="4.758" />

<exclusive-start id="6401" timestamp="2019-06-16T00:38:06.546" intervalms="10.087">
  <response-info timems="0.081" idlems="0.081" threads="0" lastid="0000000001AE6700" lastname="main" />
</exclusive-start>
<allocation-taxation id="6402" taxation-threshold="16777216" timestamp="2019-06-16T00:38:06.546" intervalms="10.060" />
<gc-start id="6403" type="global mark phase" contextid="6217" timestamp="2019-06-16T00:38:06.547">
  <mem-info id="6404" free="48234496" total="108003328" percent="44">
    <remembered-set count="105728" freebytes="3888256" totalbytes="4311168" percent="90" regionsoverflowed="0" regionsstable="0" regionsrebuilding="18"/>
  </mem-info>
</gc-start>
<gc-end id="6405" type="global mark phase" contextid="6217" durationms="0.212" usertimems="0.000" systemtimems="0.000" timestamp="2019-06-16T00:38:06.547" activeThreads="1">
  <mem-info id="6406" free="48234496" total="108003328" percent="44">
    <remembered-set count="105728" freebytes="3888256" totalbytes="4311168" percent="90" regionsoverflowed="0" regionsstable="0" regionsrebuilding="18"/>
  </mem-info>
</gc-end>
<concurrent-start id="6407" type="GMP work packet processing" contextid="6217" timestamp="2019-06-16T00:38:06.547">
  <concurrent-mark-start scanTarget="1048576" />
</concurrent-start>
<exclusive-end id="6408" timestamp="2019-06-16T00:38:06.547" durationms="0.987" />

<concurrent-end id="6409" type="GMP work packet processing" contextid="6217" timestamp="2019-06-16T00:38:06.548">
  <concurrent-mark-end bytesScanned="1112008" reasonForTermination="Work target met" />
</concurrent-end>

<exclusive-start id="6410" timestamp="2019-06-16T00:38:06.553" intervalms="6.310">
  <response-info timems="0.059" idlems="0.059" threads="0" lastid="0000000001AE6700" lastname="main" />
</exclusive-start>
<allocation-taxation id="6411" taxation-threshold="16777216" timestamp="2019-06-16T00:38:06.553" intervalms="6.275" />
<cycle-start id="6412" type="partial gc" contextid="0" timestamp="2019-06-16T00:38:06.553" intervalms="16.320" />
<gc-start id="6413" type="partial gc" contextid="6412" timestamp="2019-06-16T00:38:06.553">
  <mem-info id="6414" free="31457280" total="108003328" percent="29">
    <mem type="eden" free="1048504" total="34603008" percent="3" />
    <remembered-set count="120864" freebytes="3827712" totalbytes="4311168" percent="88" regionsoverflowed="0" regionsstable="0" regionsrebuilding="18"/>
  </mem-info>
</gc-start>
<allocation-stats totalBytes="33494864" >
  <allocated-bytes non-tlh="0" tlh="33494864" arrayletleaf="0"/>
  <largest-consumer threadName="main" threadId="0000000001AE6700" bytes="16747368" />
</allocation-stats>
<gc-op id="6415" type="copy forward" timems="3.345" contextid="6412" timestamp="2019-06-16T00:38:06.557">
  <memory-copied type="eden" objects="3" bytes="72" bytesdiscarded="0" />
  <memory-copied type="other" objects="0" bytes="0" bytesdiscarded="0" />
  <memory-cardclean objects="11" bytes="272" />
  <regions eden="32" other="1" />
  <remembered-set-cleared processed="117510" cleared="10" durationms="0.473" />
  <stringconstants candidates="13269" cleared="0"  />
</gc-op>
<gc-op id="6416" type="classunload" timems="0.004" contextid="6412" timestamp="2019-06-16T00:38:06.558">
  <classunload-info classloadercandidates="53" classloadersunloaded="0" classesunloaded="0" anonymousclassesunloaded="0" quiescems="0.000" setupms="0.003" scanms="0.000" postms="0.000" />
</gc-op>
<gc-end id="6417" type="partial gc" contextid="6412" durationms="4.669" usertimems="4.000" systemtimems="4.000" timestamp="2019-06-16T00:38:06.558" activeThreads="4">
  <mem-info id="6418" free="65011712" total="108003328" percent="60">
    <mem type="eden" free="1048504" total="1048576" percent="99" />
    <remembered-set count="120608" freebytes="3828736" totalbytes="4311168" percent="88" regionsoverflowed="0" regionsstable="0" regionsrebuilding="18"/>
  </mem-info>
</gc-end>
<cycle-end id="6419" type="partial gc" contextid="6412" timestamp="2019-06-16T00:38:06.558" />
  <attribute name="elasticGC enabled" value="1" />
  <attribute name= "numThreadsSpecified" value="4" />
  <attribute name="heapSize specified" value="0" />
  <attribute name="Current GC Util" value="152" />
  <attribute name= "Current Time Running" value="25605" />
  <attribute name ="GC Interval" value="0" />
  <attribute name="ProportionalT" value="198.000000" />
  <attribute name="ProportionalI" value="198.000000" />
  <attribute name="ProportionalH" value="198.000000" />
  <attribute name="Current Error" value="132.000000" />
  <attribute name="IntegralT" value="132.000000" />
  <attribute name="IntegralI" value="132.000000" />
  <attribute name="IntegralH" value="132.000000" />
  <attribute name="DerivativeT" value="49.500000" />
  <attribute name="DerivativeI" value="49.500000" />
  <attribute name="DerivativeH" value="49.500000" />
  <attribute name="Loop Time for DT" value="1.000000" />
  <attribute name="Output H" value="8388608"/>
  <attribute name="Output I" value="384"/>
  <attribute name="Output T" value="4"/>
  <attribute name="Target GC Util Change" value ="20.000000" />
  <attribute name="Current GC Util Change" value="152.000000"/>
  <attribute name="GC Util currently" value="152" />
  <attribute name="CPU Util currently" value="13768363855970" />
<exclusive-end id="6420" timestamp="2019-06-16T00:38:06.558" durationms="5.735" />

<exclusive-start id="6421" timestamp="2019-06-16T00:38:06.564" intervalms="11.155">
  <response-info timems="0.089" idlems="0.089" threads="0" lastid="0000000001AE6700" lastname="main" />
</exclusive-start>
<allocation-taxation id="6422" taxation-threshold="16777216" timestamp="2019-06-16T00:38:06.564" intervalms="11.214" />
<gc-start id="6423" type="global mark phase" contextid="6217" timestamp="2019-06-16T00:38:06.564">
  <mem-info id="6424" free="48234496" total="108003328" percent="44">
    <remembered-set count="120608" freebytes="3828736" totalbytes="4311168" percent="88" regionsoverflowed="0" regionsstable="0" regionsrebuilding="18"/>
  </mem-info>
</gc-start>
<gc-end id="6425" type="global mark phase" contextid="6217" durationms="0.193" usertimems="0.000" systemtimems="0.000" timestamp="2019-06-16T00:38:06.564" activeThreads="4">
  <mem-info id="6426" free="48234496" total="108003328" percent="44">
    <remembered-set count="120608" freebytes="3828736" totalbytes="4311168" percent="88" regionsoverflowed="0" regionsstable="0" regionsrebuilding="18"/>
  </mem-info>
</gc-end>
<concurrent-start id="6427" type="GMP work packet processing" contextid="6217" timestamp="2019-06-16T00:38:06.565">
  <concurrent-mark-start scanTarget="1048576" />
</concurrent-start>
<exclusive-end id="6428" timestamp="2019-06-16T00:38:06.565" durationms="1.004" />

<concurrent-end id="6429" type="GMP work packet processing" contextid="6217" timestamp="2019-06-16T00:38:06.566">
  <concurrent-mark-end bytesScanned="1089516" reasonForTermination="Work target met" />
</concurrent-end>

<exclusive-start id="6430" timestamp="2019-06-16T00:38:06.570" intervalms="6.057">
  <response-info timems="0.079" idlems="0.079" threads="0" lastid="0000000001AE6700" lastname="main" />
</exclusive-start>
<allocation-taxation id="6431" taxation-threshold="16777216" timestamp="2019-06-16T00:38:06.570" intervalms="6.024" />
<cycle-start id="6432" type="partial gc" contextid="0" timestamp="2019-06-16T00:38:06.570" intervalms="17.242" />
<gc-start id="6433" type="partial gc" contextid="6432" timestamp="2019-06-16T00:38:06.570">
  <mem-info id="6434" free="31457280" total="108003328" percent="29">
    <mem type="eden" free="1048504" total="34603008" percent="3" />
    <remembered-set count="128544" freebytes="3796992" totalbytes="4311168" percent="88" regionsoverflowed="0" regionsstable="0" regionsrebuilding="18"/>
  </mem-info>
</gc-start>
<allocation-stats totalBytes="33495232" >
  <allocated-bytes non-tlh="0" tlh="33495232" arrayletleaf="0"/>
  <largest-consumer threadName="main" threadId="0000000001AE6700" bytes="16747072" />
</allocation-stats>
<gc-op id="6435" type="copy forward" timems="3.258" contextid="6432" timestamp="2019-06-16T00:38:06.575">
  <memory-copied type="eden" objects="2" bytes="40" bytesdiscarded="0" />
  <memory-copied type="other" objects="0" bytes="0" bytesdiscarded="0" />
  <memory-cardclean objects="11" bytes="272" />
  <regions eden="32" other="1" />
  <remembered-set-cleared processed="124935" cleared="9" durationms="0.437" />
  <stringconstants candidates="13269" cleared="0"  />
</gc-op>
<gc-op id="6436" type="classunload" timems="0.004" contextid="6432" timestamp="2019-06-16T00:38:06.575">
  <classunload-info classloadercandidates="53" classloadersunloaded="0" classesunloaded="0" anonymousclassesunloaded="0" quiescems="0.000" setupms="0.004" scanms="0.000" postms="0.000" />
</gc-op>
<gc-end id="6437" type="partial gc" contextid="6432" durationms="4.395" usertimems="8.000" systemtimems="0.000" timestamp="2019-06-16T00:38:06.575" activeThreads="4">
  <mem-info id="6438" free="65011712" total="108003328" percent="60">
    <mem type="eden" free="1048536" total="1048576" percent="99" />
    <remembered-set count="128000" freebytes="3799168" totalbytes="4311168" percent="88" regionsoverflowed="0" regionsstable="0" regionsrebuilding="18"/>
  </mem-info>
</gc-end>
<cycle-end id="6439" type="partial gc" contextid="6432" timestamp="2019-06-16T00:38:06.575" />
  <attribute name="elasticGC enabled" value="1" />
  <attribute name= "numThreadsSpecified" value="4" />
  <attribute name="heapSize specified" value="0" />
  <attribute name="Current GC Util" value="161" />
  <attribute name= "Current Time Running" value="25622" />
  <attribute name ="GC Interval" value="0" />
  <attribute name="ProportionalT" value="211.500000" />
  <attribute name="ProportionalI" value="211.500000" />
  <attribute name="ProportionalH" value="211.500000" />
  <attribute name="Current Error" value="141.000000" />
  <attribute name="IntegralT" value="141.000000" />
  <attribute name="IntegralI" value="141.000000" />
  <attribute name="IntegralH" value="141.000000" />
  <attribute name="DerivativeT" value="60.000000" />
  <attribute name="DerivativeI" value="60.000000" />
  <attribute name="DerivativeH" value="60.000000" />
  <attribute name="Loop Time for DT" value="1.000000" />
  <attribute name="Output H" value="8388608"/>
  <attribute name="Output I" value="416"/>
  <attribute name="Output T" value="4"/>
  <attribute name="Target GC Util Change" value ="20.000000" />
  <attribute name="Current GC Util Change" value="161.000000"/>
  <attribute name="GC Util currently" value="161" />
  <attribute name="CPU Util currently" value="13743744371995" />
<exclusive-end id="6440" timestamp="2019-06-16T00:38:06.575" durationms="5.474" />

<exclusive-start id="6441" timestamp="2019-06-16T00:38:06.581" intervalms="10.769">
  <response-info timems="0.080" idlems="0.080" threads="0" lastid="0000000001AE6700" lastname="main" />
</exclusive-start>
<allocation-taxation id="6442" taxation-threshold="16777216" timestamp="2019-06-16T00:38:06.581" intervalms="10.756" />
<gc-start id="6443" type="global mark phase" contextid="6217" timestamp="2019-06-16T00:38:06.581">
  <mem-info id="6444" free="48234496" total="108003328" percent="44">
    <remembered-set count="128000" freebytes="3799168" totalbytes="4311168" percent="88" regionsoverflowed="0" regionsstable="0" regionsrebuilding="18"/>
  </mem-info>
</gc-start>
<gc-end id="6445" type="global mark phase" contextid="6217" durationms="0.189" usertimems="0.000" systemtimems="0.000" timestamp="2019-06-16T00:38:06.581" activeThreads="4">
  <mem-info id="6446" free="48234496" total="108003328" percent="44">
    <remembered-set count="128000" freebytes="3799168" totalbytes="4311168" percent="88" regionsoverflowed="0" regionsstable="0" regionsrebuilding="18"/>
  </mem-info>
</gc-end>
<concurrent-start id="6447" type="GMP work packet processing" contextid="6217" timestamp="2019-06-16T00:38:06.581">
  <concurrent-mark-start scanTarget="1048576" />
</concurrent-start>
<exclusive-end id="6448" timestamp="2019-06-16T00:38:06.581" durationms="0.910" />

<concurrent-end id="6449" type="GMP work packet processing" contextid="6217" timestamp="2019-06-16T00:38:06.583">
  <concurrent-mark-end bytesScanned="1105248" reasonForTermination="Work target met" />
</concurrent-end>

<exclusive-start id="6450" timestamp="2019-06-16T00:38:06.586" intervalms="5.890">
  <response-info timems="0.070" idlems="0.070" threads="0" lastid="0000000001AE6700" lastname="main" />
</exclusive-start>
<allocation-taxation id="6451" taxation-threshold="16777216" timestamp="2019-06-16T00:38:06.587" intervalms="5.874" />
<cycle-start id="6452" type="partial gc" contextid="0" timestamp="2019-06-16T00:38:06.587" intervalms="16.634" />
<gc-start id="6453" type="partial gc" contextid="6452" timestamp="2019-06-16T00:38:06.587">
  <mem-info id="6454" free="31457280" total="108003328" percent="29">
    <mem type="eden" free="1048536" total="34603008" percent="3" />
    <remembered-set count="136288" freebytes="3766016" totalbytes="4311168" percent="87" regionsoverflowed="0" regionsstable="0" regionsrebuilding="18"/>
  </mem-info>
</gc-start>
<allocation-stats totalBytes="33494864" >
  <allocated-bytes non-tlh="0" tlh="33494864" arrayletleaf="0"/>
  <largest-consumer threadName="main" threadId="0000000001AE6700" bytes="16747368" />
</allocation-stats>
<gc-op id="6455" type="copy forward" timems="1.885" contextid="6452" timestamp="2019-06-16T00:38:06.590">
  <memory-copied type="eden" objects="3" bytes="72" bytesdiscarded="0" />
  <memory-copied type="other" objects="0" bytes="0" bytesdiscarded="0" />
  <memory-cardclean objects="11" bytes="272" />
  <regions eden="32" other="1" />
  <remembered-set-cleared processed="132541" cleared="7" durationms="0.821" />
  <stringconstants candidates="13269" cleared="0"  />
</gc-op>
<gc-op id="6456" type="classunload" timems="0.003" contextid="6452" timestamp="2019-06-16T00:38:06.590">
  <classunload-info classloadercandidates="53" classloadersunloaded="0" classesunloaded="0" anonymousclassesunloaded="0" quiescems="0.000" setupms="0.003" scanms="0.000" postms="0.000" />
</gc-op>
<gc-end id="6457" type="partial gc" contextid="6452" durationms="3.157" usertimems="0.000" systemtimems="4.000" timestamp="2019-06-16T00:38:06.590" activeThreads="1">
  <mem-info id="6458" free="65011712" total="108003328" percent="60">
    <mem type="eden" free="1048504" total="1048576" percent="99" />
    <remembered-set count="136768" freebytes="3764096" totalbytes="4311168" percent="87" regionsoverflowed="0" regionsstable="0" regionsrebuilding="18"/>
  </mem-info>
</gc-end>
<cycle-end id="6459" type="partial gc" contextid="6452" timestamp="2019-06-16T00:38:06.590" />
  <attribute name="elasticGC enabled" value="1" />
  <attribute name= "numThreadsSpecified" value="1" />
  <attribute name="heapSize specified" value="0" />
  <attribute name="Current GC Util" value="141" />
  <attribute name= "Current Time Running" value="25638" />
  <attribute name ="GC Interval" value="0" />
  <attribute name="ProportionalT" value="181.500000" />
  <attribute name="ProportionalI" value="181.500000" />
  <attribute name="ProportionalH" value="181.500000" />
  <attribute name="Current Error" value="121.000000" />
  <attribute name="IntegralT" value="0.000000" />
  <attribute name="IntegralI" value="0.000000" />
  <attribute name="IntegralH" value="0.000000" />
  <attribute name="DerivativeT" value="inf" />
  <attribute name="DerivativeI" value="inf" />
  <attribute name="DerivativeH" value="inf" />
  <attribute name="Loop Time for DT" value="0.000000" />
  <attribute name="Output H" value="8388608"/>
  <attribute name="Output I" value="200"/>
  <attribute name="Output T" value="1"/>
  <attribute name="Target GC Util Change" value ="20.000000" />
  <attribute name="Current GC Util Change" value="141.000000"/>
  <attribute name="GC Util currently" value="141" />
  <attribute name="CPU Util currently" value="12865237602521" />
<exclusive-end id="6460" timestamp="2019-06-16T00:38:06.591" durationms="4.152" />

<exclusive-start id="6461" timestamp="2019-06-16T00:38:06.596" intervalms="9.272">
  <response-info timems="0.068" idlems="0.068" threads="0" lastid="0000000001AE6700" lastname="main" />
</exclusive-start>
<allocation-taxation id="6462" taxation-threshold="16777216" timestamp="2019-06-16T00:38:06.596" intervalms="9.360" />
<gc-start id="6463" type="global mark phase" contextid="6217" timestamp="2019-06-16T00:38:06.596">
  <mem-info id="6464" free="48234496" total="108003328" percent="44">
    <remembered-set count="136288" freebytes="3766016" totalbytes="4311168" percent="87" regionsoverflowed="0" regionsstable="0" regionsrebuilding="18"/>
  </mem-info>
</gc-start>
<gc-end id="6465" type="global mark phase" contextid="6217" durationms="0.202" usertimems="0.000" systemtimems="0.000" timestamp="2019-06-16T00:38:06.596" activeThreads="1">
  <mem-info id="6466" free="48234496" total="108003328" percent="44">
    <remembered-set count="136288" freebytes="3766016" totalbytes="4311168" percent="87" regionsoverflowed="0" regionsstable="0" regionsrebuilding="18"/>
  </mem-info>
</gc-end>
<concurrent-start id="6467" type="GMP work packet processing" contextid="6217" timestamp="2019-06-16T00:38:06.597">
  <concurrent-mark-start scanTarget="1048576" />
</concurrent-start>
<exclusive-end id="6468" timestamp="2019-06-16T00:38:06.597" durationms="1.063" />

<concurrent-end id="6469" type="GMP work packet processing" contextid="6217" timestamp="2019-06-16T00:38:06.597">
  <concurrent-mark-end bytesScanned="121248" reasonForTermination="Completed all work in GC phase" />
</concurrent-end>

<exclusive-start id="6470" timestamp="2019-06-16T00:38:06.602" intervalms="6.074">
  <response-info timems="0.076" idlems="0.076" threads="0" lastid="0000000001AE6700" lastname="main" />
</exclusive-start>
<allocation-taxation id="6471" taxation-threshold="16777216" timestamp="2019-06-16T00:38:06.602" intervalms="6.009" />
<cycle-start id="6472" type="partial gc" contextid="0" timestamp="2019-06-16T00:38:06.602" intervalms="15.520" />
<gc-start id="6473" type="partial gc" contextid="6472" timestamp="2019-06-16T00:38:06.603">
  <mem-info id="6474" free="31457280" total="108003328" percent="29">
    <mem type="eden" free="1048504" total="34603008" percent="3" />
    <remembered-set count="136832" freebytes="3763840" totalbytes="4311168" percent="87" regionsoverflowed="0" regionsstable="0" regionsrebuilding="18"/>
  </mem-info>
</gc-start>
<allocation-stats totalBytes="33496344" >
  <allocated-bytes non-tlh="0" tlh="33496344" arrayletleaf="0"/>
  <largest-consumer threadName="main" threadId="0000000001AE6700" bytes="16747368" />
</allocation-stats>
<gc-op id="6475" type="copy forward" timems="1.815" contextid="6472" timestamp="2019-06-16T00:38:06.605">
  <memory-copied type="eden" objects="3" bytes="72" bytesdiscarded="0" />
  <memory-copied type="other" objects="0" bytes="0" bytesdiscarded="0" />
  <memory-cardclean objects="11" bytes="272" />
  <regions eden="32" other="1" />
  <remembered-set-cleared processed="133271" cleared="9" durationms="0.816" />
  <stringconstants candidates="13269" cleared="0"  />
</gc-op>
<gc-op id="6476" type="classunload" timems="0.004" contextid="6472" timestamp="2019-06-16T00:38:06.605">
  <classunload-info classloadercandidates="53" classloadersunloaded="0" classesunloaded="0" anonymousclassesunloaded="0" quiescems="0.000" setupms="0.003" scanms="0.000" postms="0.000" />
</gc-op>
<gc-end id="6477" type="partial gc" contextid="6472" durationms="3.091" usertimems="0.000" systemtimems="0.000" timestamp="2019-06-16T00:38:06.606" activeThreads="1">
  <mem-info id="6478" free="65011712" total="108003328" percent="60">
    <mem type="eden" free="1048504" total="1048576" percent="99" />
    <remembered-set count="137312" freebytes="3761920" totalbytes="4311168" percent="87" regionsoverflowed="0" regionsstable="0" regionsrebuilding="18"/>
  </mem-info>
</gc-end>
<cycle-end id="6479" type="partial gc" contextid="6472" timestamp="2019-06-16T00:38:06.606" />
  <attribute name="elasticGC enabled" value="1" />
  <attribute name= "numThreadsSpecified" value="1" />
  <attribute name="heapSize specified" value="0" />
  <attribute name="Current GC Util" value="164" />
  <attribute name= "Current Time Running" value="25654" />
  <attribute name ="GC Interval" value="0" />
  <attribute name="ProportionalT" value="216.000000" />
  <attribute name="ProportionalI" value="216.000000" />
  <attribute name="ProportionalH" value="216.000000" />
  <attribute name="Current Error" value="144.000000" />
  <attribute name="IntegralT" value="0.000000" />
  <attribute name="IntegralI" value="0.000000" />
  <attribute name="IntegralH" value="0.000000" />
  <attribute name="DerivativeT" value="inf" />
  <attribute name="DerivativeI" value="inf" />
  <attribute name="DerivativeH" value="inf" />
  <attribute name="Loop Time for DT" value="0.000000" />
  <attribute name="Output H" value="8388608"/>
  <attribute name="Output I" value="200"/>
  <attribute name="Output T" value="1"/>
  <attribute name="Target GC Util Change" value ="20.000000" />
  <attribute name="Current GC Util Change" value="164.000000"/>
  <attribute name="GC Util currently" value="164" />
  <attribute name="CPU Util currently" value="13594970627081" />
<exclusive-end id="6480" timestamp="2019-06-16T00:38:06.606" durationms="4.326" />

<exclusive-start id="6481" timestamp="2019-06-16T00:38:06.631" intervalms="28.731">
  <response-info timems="0.097" idlems="0.097" threads="0" lastid="0000000001AE6700" lastname="main" />
</exclusive-start>
<allocation-taxation id="6482" taxation-threshold="16777216" timestamp="2019-06-16T00:38:06.631" intervalms="28.737" />
<gc-start id="6483" type="global mark phase" contextid="6217" timestamp="2019-06-16T00:38:06.631">
  <mem-info id="6484" free="48234496" total="108003328" percent="44">
    <remembered-set count="136832" freebytes="3763840" totalbytes="4311168" percent="87" regionsoverflowed="0" regionsstable="0" regionsrebuilding="18"/>
  </mem-info>
</gc-start>
<gc-op id="6485" type="mark increment" timems="2.157" contextid="6217" timestamp="2019-06-16T00:38:06.633">
  <trace-info objectcount="75" scancount="74" scanbytes="1908" />
  <cardclean-info objects="126" bytes="3728" />
  <finalization candidates="80" enqueued="0" />
  <ownableSynchronizers candidates="21" cleared="0" />
  <references type="soft" candidates="1851" cleared="5" enqueued="5" dynamicThreshold="19" maxThreshold="32" />
  <references type="weak" candidates="5760" cleared="0" enqueued="0" />
  <references type="phantom" candidates="101" cleared="0" enqueued="0" />
  <stringconstants candidates="13269" cleared="0"  />
</gc-op>
<gc-op id="6486" type="classunload" timems="0.005" contextid="6217" timestamp="2019-06-16T00:38:06.633">
  <classunload-info classloadercandidates="53" classloadersunloaded="0" classesunloaded="0" anonymousclassesunloaded="0" quiescems="0.000" setupms="0.005" scanms="0.000" postms="0.000" />
</gc-op>
<gc-end id="6487" type="global mark phase" contextid="6217" durationms="2.835" usertimems="0.000" systemtimems="4.000" timestamp="2019-06-16T00:38:06.634" activeThreads="4">
  <mem-info id="6488" free="48234496" total="108003328" percent="44">
    <pending-finalizers system="0" default="0" reference="5" classloader="0" />
    <remembered-set count="139392" freebytes="3753600" totalbytes="4311168" percent="87" regionsoverflowed="0" regionsstable="0" regionsrebuilding="0"/>
  </mem-info>
</gc-end>
<cycle-end id="6489" type="global mark phase" contextid="6217" timestamp="2019-06-16T00:38:06.634" />
  <attribute name="elasticGC enabled" value="1" />
  <attribute name= "numThreadsSpecified" value="4" />
  <attribute name="heapSize specified" value="0" />
  <attribute name="Current GC Util" value="0" />
  <attribute name= "Current Time Running" value="25682" />
  <attribute name ="GC Interval" value="0" />
  <attribute name="ProportionalT" value="-30.000000" />
  <attribute name="ProportionalI" value="-30.000000" />
  <attribute name="ProportionalH" value="-30.000000" />
  <attribute name="Current Error" value="-20.000000" />
  <attribute name="IntegralT" value="0.000000" />
  <attribute name="IntegralI" value="0.000000" />
  <attribute name="IntegralH" value="0.000000" />
  <attribute name="DerivativeT" value="-inf" />
  <attribute name="DerivativeI" value="-inf" />
  <attribute name="DerivativeH" value="-inf" />
  <attribute name="Loop Time for DT" value="0.000000" />
  <attribute name="Output H" value="2091843584"/>
  <attribute name="Output I" value="200"/>
  <attribute name="Output T" value="4"/>
  <attribute name="Target GC Util Change" value ="20.000000" />
  <attribute name="Current GC Util Change" value="0.000000"/>
  <attribute name="GC Util currently" value="0" />
  <attribute name="CPU Util currently" value="19962712101057" />
<exclusive-end id="6490" timestamp="2019-06-16T00:38:06.634" durationms="3.671" />

<exclusive-start id="6491" timestamp="2019-06-16T00:38:06.660" intervalms="29.568">
  <response-info timems="0.100" idlems="0.100" threads="0" lastid="0000000001AE6700" lastname="main" />
</exclusive-start>
<allocation-taxation id="6492" taxation-threshold="16777216" timestamp="2019-06-16T00:38:06.660" intervalms="29.567" />
<cycle-start id="6493" type="partial gc" contextid="0" timestamp="2019-06-16T00:38:06.661" intervalms="58.332" />
<gc-start id="6494" type="partial gc" contextid="6493" timestamp="2019-06-16T00:38:06.661">
  <mem-info id="6495" free="31457280" total="108003328" percent="29">
    <mem type="eden" free="1048504" total="34603008" percent="3" />
    <remembered-set count="5152" freebytes="4290560" totalbytes="4311168" percent="99" regionsoverflowed="0" regionsstable="17" regionsrebuilding="0"/>
  </mem-info>
</gc-start>
<allocation-stats totalBytes="33521136" >
  <allocated-bytes non-tlh="0" tlh="33521136" arrayletleaf="0"/>
  <largest-consumer threadName="main" threadId="0000000001AE6700" bytes="16760064" />
</allocation-stats>
<gc-op id="6496" type="sweep" timems="1.025" contextid="6493" timestamp="2019-06-16T00:38:06.662" />
<gc-op id="6497" type="copy forward" timems="3.304" contextid="6493" timestamp="2019-06-16T00:38:06.666">
  <memory-copied type="eden" objects="12" bytes="736" bytesdiscarded="0" />
  <memory-copied type="other" objects="29" bytes="840" bytesdiscarded="456" />
  <memory-cardclean objects="112" bytes="4320" />
  <regions eden="16" other="3" />
  <remembered-set-cleared processed="2349" cleared="29" durationms="0.110" />
  <stringconstants candidates="13269" cleared="0"  />
</gc-op>
<gc-op id="6498" type="classunload" timems="0.004" contextid="6493" timestamp="2019-06-16T00:38:06.667">
  <classunload-info classloadercandidates="53" classloadersunloaded="0" classesunloaded="0" anonymousclassesunloaded="0" quiescems="0.000" setupms="0.004" scanms="0.000" postms="0.000" />
</gc-op>
<gc-end id="6499" type="partial gc" contextid="6493" durationms="5.859" usertimems="12.000" systemtimems="0.000" timestamp="2019-06-16T00:38:06.667" activeThreads="4">
  <mem-info id="6500" free="65011712" total="108003328" percent="60">
    <mem type="eden" free="1046688" total="1048576" percent="99" />
    <remembered-set count="4512" freebytes="4293120" totalbytes="4311168" percent="99" regionsoverflowed="0" regionsstable="17" regionsrebuilding="0"/>
  </mem-info>
</gc-end>
<cycle-end id="6501" type="partial gc" contextid="6493" timestamp="2019-06-16T00:38:06.667" />
  <attribute name="elasticGC enabled" value="1" />
  <attribute name= "numThreadsSpecified" value="4" />
  <attribute name="heapSize specified" value="0" />
  <attribute name="Current GC Util" value="164" />
  <attribute name= "Current Time Running" value="25714" />
  <attribute name ="GC Interval" value="0" />
  <attribute name="ProportionalT" value="216.000000" />
  <attribute name="ProportionalI" value="216.000000" />
  <attribute name="ProportionalH" value="216.000000" />
  <attribute name="Current Error" value="144.000000" />
  <attribute name="IntegralT" value="144.000000" />
  <attribute name="IntegralI" value="144.000000" />
  <attribute name="IntegralH" value="144.000000" />
  <attribute name="DerivativeT" value="11.000000" />
  <attribute name="DerivativeI" value="11.000000" />
  <attribute name="DerivativeH" value="11.000000" />
  <attribute name="Loop Time for DT" value="1.000000" />
  <attribute name="Output H" value="8388608"/>
  <attribute name="Output I" value="376"/>
  <attribute name="Output T" value="4"/>
  <attribute name="Target GC Util Change" value ="20.000000" />
  <attribute name="Current GC Util Change" value="164.000000"/>
  <attribute name="GC Util currently" value="164" />
  <attribute name="CPU Util currently" value="14043363011122" />
<exclusive-end id="6502" timestamp="2019-06-16T00:38:06.667" durationms="7.049" />

<exclusive-start id="6503" timestamp="2019-06-16T00:38:06.706" intervalms="45.398">
  <response-info timems="0.082" idlems="0.082" threads="0" lastid="0000000001AE6700" lastname="main" />
</exclusive-start>
<allocation-taxation id="6504" taxation-threshold="33554432" timestamp="2019-06-16T00:38:06.706" intervalms="45.416" />
<cycle-start id="6505" type="partial gc" contextid="0" timestamp="2019-06-16T00:38:06.706" intervalms="45.248" />
<gc-start id="6506" type="partial gc" contextid="6505" timestamp="2019-06-16T00:38:06.706">
  <mem-info id="6507" free="31457280" total="108003328" percent="29">
    <mem type="eden" free="0" total="33554432" percent="0" />
    <remembered-set count="4512" freebytes="4293120" totalbytes="4311168" percent="99" regionsoverflowed="0" regionsstable="17" regionsrebuilding="0"/>
  </mem-info>
</gc-start>
<allocation-stats totalBytes="33522880" >
  <allocated-bytes non-tlh="0" tlh="33522880" arrayletleaf="0"/>
  <largest-consumer threadName="main" threadId="0000000001AE6700" bytes="33522880" />
</allocation-stats>
<gc-op id="6508" type="copy forward" timems="2.403" contextid="6505" timestamp="2019-06-16T00:38:06.709">
  <memory-copied type="eden" objects="28" bytes="1488" bytesdiscarded="696" />
  <memory-copied type="other" objects="66" bytes="1584" bytesdiscarded="2592" />
  <memory-cardclean objects="157" bytes="4504" />
  <regions eden="32" other="10" />
  <remembered-set-cleared processed="2323" cleared="36" durationms="0.103" />
  <stringconstants candidates="13269" cleared="0"  />
</gc-op>
<gc-op id="6509" type="classunload" timems="0.004" contextid="6505" timestamp="2019-06-16T00:38:06.710">
  <classunload-info classloadercandidates="53" classloadersunloaded="0" classesunloaded="0" anonymousclassesunloaded="0" quiescems="0.000" setupms="0.004" scanms="0.000" postms="0.000" />
</gc-op>
<heap-resize id="6510" type="contract" space="default" amount="6291456" count="1" timems="0.067" reason="excess free space following gc" timestamp="2019-06-16T00:38:06.710" />
<gc-end id="6511" type="partial gc" contextid="6505" durationms="3.763" usertimems="8.000" systemtimems="0.000" timestamp="2019-06-16T00:38:06.710" activeThreads="4">
  <mem-info id="6512" free="63963136" total="101711872" percent="62">
    <mem type="eden" free="1046392" total="1048576" percent="99" />
    <remembered-set count="3872" freebytes="4295680" totalbytes="4311168" percent="99" regionsoverflowed="0" regionsstable="17" regionsrebuilding="0"/>
  </mem-info>
</gc-end>
<cycle-end id="6513" type="partial gc" contextid="6505" timestamp="2019-06-16T00:38:06.710" />
  <attribute name="elasticGC enabled" value="1" />
  <attribute name= "numThreadsSpecified" value="4" />
  <attribute name="heapSize specified" value="0" />
  <attribute name="Current GC Util" value="0" />
  <attribute name= "Current Time Running" value="25758" />
  <attribute name ="GC Interval" value="0" />
  <attribute name="ProportionalT" value="-30.000000" />
  <attribute name="ProportionalI" value="-30.000000" />
  <attribute name="ProportionalH" value="-30.000000" />
  <attribute name="Current Error" value="-20.000000" />
  <attribute name="IntegralT" value="-20.000000" />
  <attribute name="IntegralI" value="-20.000000" />
  <attribute name="IntegralH" value="-20.000000" />
  <attribute name="DerivativeT" value="-10.000000" />
  <attribute name="DerivativeI" value="-10.000000" />
  <attribute name="DerivativeH" value="-10.000000" />
  <attribute name="Loop Time for DT" value="1.000000" />
  <attribute name="Output H" value="2091843584"/>
  <attribute name="Output I" value="200"/>
  <attribute name="Output T" value="4"/>
  <attribute name="Target GC Util Change" value ="20.000000" />
  <attribute name="Current GC Util Change" value="0.000000"/>
  <attribute name="GC Util currently" value="0" />
  <attribute name="CPU Util currently" value="14202213428458" />
<exclusive-end id="6514" timestamp="2019-06-16T00:38:06.710" durationms="4.936" />

<exclusive-start id="6515" timestamp="2019-06-16T00:38:06.723" intervalms="17.707">
  <response-info timems="0.079" idlems="0.079" threads="0" lastid="0000000001AE6700" lastname="main" />
</exclusive-start>
<allocation-taxation id="6516" taxation-threshold="31457280" timestamp="2019-06-16T00:38:06.723" intervalms="17.710" />
<cycle-start id="6517" type="partial gc" contextid="0" timestamp="2019-06-16T00:38:06.724" intervalms="17.719" />
<gc-start id="6518" type="partial gc" contextid="6517" timestamp="2019-06-16T00:38:06.724">
  <mem-info id="6519" free="32505856" total="101711872" percent="31">
    <mem type="eden" free="0" total="31457280" percent="0" />
    <remembered-set count="1568" freebytes="4304896" totalbytes="4311168" percent="99" regionsoverflowed="0" regionsstable="18" regionsrebuilding="0"/>
  </mem-info>
</gc-start>
<allocation-stats totalBytes="31434432" >
  <allocated-bytes non-tlh="0" tlh="31434432" arrayletleaf="0"/>
  <largest-consumer threadName="main" threadId="0000000001AE6700" bytes="31434432" />
</allocation-stats>
<gc-op id="6520" type="copy forward" timems="3.055" contextid="6517" timestamp="2019-06-16T00:38:06.728">
  <memory-copied type="eden" objects="4" bytes="288" bytesdiscarded="0" />
  <memory-copied type="other" objects="71" bytes="2424" bytesdiscarded="3088" />
  <memory-cardclean objects="153" bytes="4440" />
  <regions eden="30" other="5" />
  <remembered-set-cleared processed="39" cleared="27" durationms="0.167" />
  <stringconstants candidates="13269" cleared="0"  />
</gc-op>
<gc-op id="6521" type="classunload" timems="0.004" contextid="6517" timestamp="2019-06-16T00:38:06.728">
  <classunload-info classloadercandidates="53" classloadersunloaded="0" classesunloaded="0" anonymousclassesunloaded="0" quiescems="0.000" setupms="0.004" scanms="0.000" postms="0.000" />
</gc-op>
<heap-resize id="6522" type="contract" space="default" amount="5242880" count="1" timems="0.063" reason="excess free space following gc" timestamp="2019-06-16T00:38:06.729" />
<gc-end id="6523" type="partial gc" contextid="6517" durationms="4.782" usertimems="8.000" systemtimems="0.000" timestamp="2019-06-16T00:38:06.729" activeThreads="4">
  <mem-info id="6524" free="59768832" total="96468992" percent="61">
    <mem type="eden" free="1048288" total="1048576" percent="99" />
    <remembered-set count="1824" freebytes="4052736" totalbytes="4060032" percent="99" regionsoverflowed="0" regionsstable="18" regionsrebuilding="0"/>
  </mem-info>
</gc-end>
<cycle-end id="6525" type="partial gc" contextid="6517" timestamp="2019-06-16T00:38:06.729" />
  <attribute name="elasticGC enabled" value="1" />
  <attribute name= "numThreadsSpecified" value="4" />
  <attribute name="heapSize specified" value="0" />
  <attribute name="Current GC Util" value="79" />
  <attribute name= "Current Time Running" value="25776" />
  <attribute name ="GC Interval" value="0" />
  <attribute name="ProportionalT" value="88.500000" />
  <attribute name="ProportionalI" value="88.500000" />
  <attribute name="ProportionalH" value="88.500000" />
  <attribute name="Current Error" value="59.000000" />
  <attribute name="IntegralT" value="59.000000" />
  <attribute name="IntegralI" value="59.000000" />
  <attribute name="IntegralH" value="59.000000" />
  <attribute name="DerivativeT" value="20.000000" />
  <attribute name="DerivativeI" value="20.000000" />
  <attribute name="DerivativeH" value="20.000000" />
  <attribute name="Loop Time for DT" value="1.000000" />
  <attribute name="Output H" value="8388608"/>
  <attribute name="Output I" value="200"/>
  <attribute name="Output T" value="4"/>
  <attribute name="Target GC Util Change" value ="20.000000" />
  <attribute name="Current GC Util Change" value="79.000000"/>
  <attribute name="GC Util currently" value="79" />
  <attribute name="CPU Util currently" value="6912631303898" />
<exclusive-end id="6526" timestamp="2019-06-16T00:38:06.729" durationms="5.954" />

<exclusive-start id="6527" timestamp="2019-06-16T00:38:06.741" intervalms="18.204">
  <response-info timems="0.090" idlems="0.090" threads="0" lastid="0000000001AE6700" lastname="main" />
</exclusive-start>
<allocation-taxation id="6528" taxation-threshold="30408704" timestamp="2019-06-16T00:38:06.742" intervalms="18.195" />
<cycle-start id="6529" type="partial gc" contextid="0" timestamp="2019-06-16T00:38:06.742" intervalms="18.204" />
<gc-start id="6530" type="partial gc" contextid="6529" timestamp="2019-06-16T00:38:06.742">
  <mem-info id="6531" free="29360128" total="96468992" percent="30">
    <mem type="eden" free="0" total="30408704" percent="0" />
    <remembered-set count="1824" freebytes="4052736" totalbytes="4060032" percent="99" regionsoverflowed="0" regionsstable="18" regionsrebuilding="0"/>
  </mem-info>
</gc-start>
<allocation-stats totalBytes="30386640" >
  <allocated-bytes non-tlh="0" tlh="30386640" arrayletleaf="0"/>
  <largest-consumer threadName="main" threadId="0000000001AE6700" bytes="30386640" />
</allocation-stats>
<gc-op id="6532" type="copy forward" timems="2.544" contextid="6529" timestamp="2019-06-16T00:38:06.746">
  <memory-copied type="eden" objects="4" bytes="288" bytesdiscarded="0" />
  <memory-copied type="other" objects="54" bytes="1296" bytesdiscarded="2216" />
  <memory-cardclean objects="122" bytes="3712" />
  <regions eden="29" other="5" />
  <remembered-set-cleared processed="41" cleared="25" durationms="0.092" />
  <stringconstants candidates="13269" cleared="0"  />
</gc-op>
<gc-op id="6533" type="classunload" timems="0.004" contextid="6529" timestamp="2019-06-16T00:38:06.746">
  <classunload-info classloadercandidates="53" classloadersunloaded="0" classesunloaded="0" anonymousclassesunloaded="0" quiescems="0.000" setupms="0.004" scanms="0.000" postms="0.000" />
</gc-op>
<heap-resize id="6534" type="contract" space="default" amount="5242880" count="1" timems="0.125" reason="excess free space following gc" timestamp="2019-06-16T00:38:06.746" />
<gc-end id="6535" type="partial gc" contextid="6529" durationms="4.285" usertimems="8.000" systemtimems="0.000" timestamp="2019-06-16T00:38:06.746" activeThreads="4">
  <mem-info id="6536" free="56623104" total="91226112" percent="62">
    <mem type="eden" free="1048288" total="1048576" percent="99" />
    <remembered-set count="1440" freebytes="3844992" totalbytes="3850752" percent="99" regionsoverflowed="0" regionsstable="18" regionsrebuilding="0"/>
  </mem-info>
</gc-end>
<cycle-end id="6537" type="partial gc" contextid="6529" timestamp="2019-06-16T00:38:06.747" />
  <attribute name="elasticGC enabled" value="1" />
  <attribute name= "numThreadsSpecified" value="4" />
  <attribute name="heapSize specified" value="0" />
  <attribute name="Current GC Util" value="83" />
  <attribute name= "Current Time Running" value="25794" />
  <attribute name ="GC Interval" value="0" />
  <attribute name="ProportionalT" value="94.500000" />
  <attribute name="ProportionalI" value="94.500000" />
  <attribute name="ProportionalH" value="94.500000" />
  <attribute name="Current Error" value="63.000000" />
  <attribute name="IntegralT" value="63.000000" />
  <attribute name="IntegralI" value="63.000000" />
  <attribute name="IntegralH" value="63.000000" />
  <attribute name="DerivativeT" value="18.500000" />
  <attribute name="DerivativeI" value="18.500000" />
  <attribute name="DerivativeH" value="18.500000" />
  <attribute name="Loop Time for DT" value="1.000000" />
  <attribute name="Output H" value="8388608"/>
  <attribute name="Output I" value="200"/>
  <attribute name="Output T" value="4"/>
  <attribute name="Target GC Util Change" value ="20.000000" />
  <attribute name="Current GC Util Change" value="83.000000"/>
  <attribute name="GC Util currently" value="83" />
  <attribute name="CPU Util currently" value="7015806317751" />
<exclusive-end id="6538" timestamp="2019-06-16T00:38:06.747" durationms="5.361" />

<exclusive-start id="6539" timestamp="2019-06-16T00:38:06.797" intervalms="55.457">
  <response-info timems="0.022" idlems="0.022" threads="0" lastid="0000000001AE6700" lastname="main" />
</exclusive-start>
<allocation-taxation id="6540" taxation-threshold="29360128" timestamp="2019-06-16T00:38:06.797" intervalms="55.476" />
<cycle-start id="6541" type="partial gc" contextid="0" timestamp="2019-06-16T00:38:06.797" intervalms="55.417" />
<gc-start id="6542" type="partial gc" contextid="6541" timestamp="2019-06-16T00:38:06.798">
  <mem-info id="6543" free="27262976" total="91226112" percent="29">
    <mem type="eden" free="1048288" total="30408704" percent="3" />
    <remembered-set count="1440" freebytes="3844992" totalbytes="3850752" percent="99" regionsoverflowed="0" regionsstable="18" regionsrebuilding="0"/>
  </mem-info>
</gc-start>
<allocation-stats totalBytes="29312336" >
  <allocated-bytes non-tlh="0" tlh="29312336" arrayletleaf="0"/>
  <largest-consumer threadName="main" threadId="0000000001AE6700" bytes="29312336" />
</allocation-stats>
<gc-op id="6544" type="copy forward" timems="1.205" contextid="6541" timestamp="2019-06-16T00:38:06.800">
  <memory-copied type="eden" objects="38" bytes="6264" bytesdiscarded="0" />
  <memory-copied type="other" objects="24" bytes="576" bytesdiscarded="0" />
  <memory-cardclean objects="103" bytes="3528" />
  <regions eden="28" other="3" />
  <remembered-set-cleared processed="39" cleared="19" durationms="0.117" />
  <stringconstants candidates="13269" cleared="0"  />
</gc-op>
<gc-op id="6545" type="classunload" timems="0.004" contextid="6541" timestamp="2019-06-16T00:38:06.800">
  <classunload-info classloadercandidates="53" classloadersunloaded="0" classesunloaded="0" anonymousclassesunloaded="0" quiescems="0.000" setupms="0.003" scanms="0.000" postms="0.000" />
</gc-op>
<heap-resize id="6546" type="contract" space="default" amount="2097152" count="1" timems="0.135" reason="excess free space following gc" timestamp="2019-06-16T00:38:06.801" />
<gc-end id="6547" type="partial gc" contextid="6541" durationms="3.207" usertimems="4.000" systemtimems="0.000" timestamp="2019-06-16T00:38:06.801" activeThreads="1">
  <mem-info id="6548" free="54525952" total="89128960" percent="61">
    <mem type="eden" free="1042312" total="1048576" percent="99" />
    <remembered-set count="832" freebytes="3638144" totalbytes="3641472" percent="99" regionsoverflowed="0" regionsstable="18" regionsrebuilding="0"/>
  </mem-info>
</gc-end>
<cycle-end id="6549" type="partial gc" contextid="6541" timestamp="2019-06-16T00:38:06.801" />
  <attribute name="elasticGC enabled" value="1" />
  <attribute name= "numThreadsSpecified" value="1" />
  <attribute name="heapSize specified" value="0" />
  <attribute name="Current GC Util" value="85" />
  <attribute name= "Current Time Running" value="25849" />
  <attribute name ="GC Interval" value="0" />
  <attribute name="ProportionalT" value="97.500000" />
  <attribute name="ProportionalI" value="97.500000" />
  <attribute name="ProportionalH" value="97.500000" />
  <attribute name="Current Error" value="65.000000" />
  <attribute name="IntegralT" value="0.000000" />
  <attribute name="IntegralI" value="0.000000" />
  <attribute name="IntegralH" value="0.000000" />
  <attribute name="DerivativeT" value="inf" />
  <attribute name="DerivativeI" value="inf" />
  <attribute name="DerivativeH" value="inf" />
  <attribute name="Loop Time for DT" value="0.000000" />
  <attribute name="Output H" value="8388608"/>
  <attribute name="Output I" value="200"/>
  <attribute name="Output T" value="1"/>
  <attribute name="Target GC Util Change" value ="20.000000" />
  <attribute name="Current GC Util Change" value="85.000000"/>
  <attribute name="GC Util currently" value="85" />
  <attribute name="CPU Util currently" value="6847516470416" />
<exclusive-end id="6550" timestamp="2019-06-16T00:38:06.801" durationms="4.517" />

<exclusive-start id="6551" timestamp="2019-06-16T00:38:06.825" intervalms="28.046">
  <response-info timems="0.017" idlems="0.017" threads="0" lastid="0000000001AE6700" lastname="main" />
</exclusive-start>
<allocation-taxation id="6552" taxation-threshold="13631488" timestamp="2019-06-16T00:38:06.825" intervalms="28.007" />
<cycle-start id="6553" type="global mark phase" contextid="0" timestamp="2019-06-16T00:38:06.825" intervalms="706.550" />
<gc-start id="6554" type="global mark phase" contextid="6553" timestamp="2019-06-16T00:38:06.825">
  <mem-info id="6555" free="40894464" total="89128960" percent="45">
    <remembered-set count="768" freebytes="3638400" totalbytes="3641472" percent="99" regionsoverflowed="0" regionsstable="18" regionsrebuilding="0"/>
  </mem-info>
</gc-start>
<gc-op id="6556" type="mark increment" timems="3.265" contextid="6553" timestamp="2019-06-16T00:38:06.829">
  <trace-info objectcount="83432" scancount="55454" scanbytes="1901968" />
</gc-op>
<gc-end id="6557" type="global mark phase" contextid="6553" durationms="3.550" usertimems="8.000" systemtimems="0.000" timestamp="2019-06-16T00:38:06.829" activeThreads="4">
  <mem-info id="6558" free="40894464" total="89128960" percent="45">
    <remembered-set count="23808" freebytes="3546240" totalbytes="3641472" percent="97" regionsoverflowed="0" regionsstable="0" regionsrebuilding="18"/>
  </mem-info>
</gc-end>
<concurrent-start id="6559" type="GMP work packet processing" contextid="6553" timestamp="2019-06-16T00:38:06.829">
  <concurrent-mark-start scanTarget="1048576" />
</concurrent-start>
<exclusive-end id="6560" timestamp="2019-06-16T00:38:06.829" durationms="4.422" />

<concurrent-end id="6561" type="GMP work packet processing" contextid="6553" timestamp="2019-06-16T00:38:06.830">
  <concurrent-mark-end bytesScanned="1089172" reasonForTermination="Work target met" />
</concurrent-end>

<exclusive-start id="6562" timestamp="2019-06-16T00:38:06.854" intervalms="28.766">
  <response-info timems="0.080" idlems="0.080" threads="0" lastid="0000000001AE6700" lastname="main" />
</exclusive-start>
<allocation-taxation id="6563" taxation-threshold="13631488" timestamp="2019-06-16T00:38:06.854" intervalms="28.848" />
<cycle-start id="6564" type="partial gc" contextid="0" timestamp="2019-06-16T00:38:06.854" intervalms="56.915" />
<gc-start id="6565" type="partial gc" contextid="6564" timestamp="2019-06-16T00:38:06.855">
  <mem-info id="6566" free="27262976" total="89128960" percent="30">
    <mem type="eden" free="0" total="27262976" percent="0" />
    <remembered-set count="32704" freebytes="3510656" totalbytes="3641472" percent="96" regionsoverflowed="0" regionsstable="0" regionsrebuilding="18"/>
  </mem-info>
</gc-start>
<allocation-stats totalBytes="27216280" >
  <allocated-bytes non-tlh="0" tlh="27216280" arrayletleaf="0"/>
  <largest-consumer threadName="main" threadId="0000000001AE6700" bytes="13608240" />
</allocation-stats>
<gc-op id="6567" type="copy forward" timems="1.648" contextid="6564" timestamp="2019-06-16T00:38:06.857">
  <memory-copied type="eden" objects="2" bytes="1048" bytesdiscarded="0" />
  <memory-copied type="other" objects="60" bytes="4792" bytesdiscarded="960" />
  <memory-cardclean objects="83" bytes="3168" />
  <regions eden="26" other="2" />
  <remembered-set-cleared processed="30274" cleared="68" durationms="0.139" />
  <stringconstants candidates="13269" cleared="0"  />
</gc-op>
<gc-op id="6568" type="classunload" timems="0.004" contextid="6564" timestamp="2019-06-16T00:38:06.857">
  <classunload-info classloadercandidates="53" classloadersunloaded="0" classesunloaded="0" anonymousclassesunloaded="0" quiescems="0.000" setupms="0.004" scanms="0.000" postms="0.000" />
</gc-op>
<gc-end id="6569" type="partial gc" contextid="6564" durationms="3.026" usertimems="0.000" systemtimems="4.000" timestamp="2019-06-16T00:38:06.858" activeThreads="4">
  <mem-info id="6570" free="53477376" total="89128960" percent="60">
    <mem type="eden" free="1047528" total="1048576" percent="99" />
    <remembered-set count="33152" freebytes="3425152" totalbytes="3557760" percent="96" regionsoverflowed="0" regionsstable="0" regionsrebuilding="18"/>
  </mem-info>
</gc-end>
<cycle-end id="6571" type="partial gc" contextid="6564" timestamp="2019-06-16T00:38:06.858" />
  <attribute name="elasticGC enabled" value="1" />
  <attribute name= "numThreadsSpecified" value="4" />
  <attribute name="heapSize specified" value="0" />
  <attribute name="Current GC Util" value="30" />
  <attribute name= "Current Time Running" value="25906" />
  <attribute name ="GC Interval" value="0" />
  <attribute name="ProportionalT" value="15.000000" />
  <attribute name="ProportionalI" value="15.000000" />
  <attribute name="ProportionalH" value="15.000000" />
  <attribute name="Current Error" value="10.000000" />
  <attribute name="IntegralT" value="10.000000" />
  <attribute name="IntegralI" value="10.000000" />
  <attribute name="IntegralH" value="10.000000" />
  <attribute name="DerivativeT" value="5.000000" />
  <attribute name="DerivativeI" value="5.000000" />
  <attribute name="DerivativeH" value="5.000000" />
  <attribute name="Loop Time for DT" value="1.000000" />
  <attribute name="Output H" value="8388608"/>
  <attribute name="Output I" value="200"/>
  <attribute name="Output T" value="4"/>
  <attribute name="Target GC Util Change" value ="20.000000" />
  <attribute name="Current GC Util Change" value="30.000000"/>
  <attribute name="GC Util currently" value="30" />
  <attribute name="CPU Util currently" value="8513719310132" />
<exclusive-end id="6572" timestamp="2019-06-16T00:38:06.858" durationms="4.201" />

<exclusive-start id="6573" timestamp="2019-06-16T00:38:06.881" intervalms="27.524">
  <response-info timems="0.081" idlems="0.081" threads="0" lastid="0000000001AE6700" lastname="main" />
</exclusive-start>
<allocation-taxation id="6574" taxation-threshold="13631488" timestamp="2019-06-16T00:38:06.881" intervalms="27.512" />
<gc-start id="6575" type="global mark phase" contextid="6553" timestamp="2019-06-16T00:38:06.882">
  <mem-info id="6576" free="39845888" total="89128960" percent="44">
    <remembered-set count="32864" freebytes="3426304" totalbytes="3557760" percent="96" regionsoverflowed="0" regionsstable="0" regionsrebuilding="18"/>
  </mem-info>
</gc-start>
<gc-end id="6577" type="global mark phase" contextid="6553" durationms="0.207" usertimems="0.000" systemtimems="0.000" timestamp="2019-06-16T00:38:06.882" activeThreads="4">
  <mem-info id="6578" free="39845888" total="89128960" percent="44">
    <remembered-set count="32864" freebytes="3426304" totalbytes="3557760" percent="96" regionsoverflowed="0" regionsstable="0" regionsrebuilding="18"/>
  </mem-info>
</gc-end>
<concurrent-start id="6579" type="GMP work packet processing" contextid="6553" timestamp="2019-06-16T00:38:06.882">
  <concurrent-mark-start scanTarget="1048576" />
</concurrent-start>
<exclusive-end id="6580" timestamp="2019-06-16T00:38:06.883" durationms="1.648" />

<concurrent-end id="6581" type="GMP work packet processing" contextid="6553" timestamp="2019-06-16T00:38:06.883">
  <concurrent-mark-end bytesScanned="1097040" reasonForTermination="Work target met" />
</concurrent-end>

<exclusive-start id="6582" timestamp="2019-06-16T00:38:06.917" intervalms="36.001">
  <response-info timems="0.110" idlems="0.110" threads="0" lastid="0000000001AE6700" lastname="main" />
</exclusive-start>
<allocation-taxation id="6583" taxation-threshold="13631488" timestamp="2019-06-16T00:38:06.917" intervalms="36.018" />
<cycle-start id="6584" type="partial gc" contextid="0" timestamp="2019-06-16T00:38:06.918" intervalms="63.502" />
<gc-start id="6585" type="partial gc" contextid="6584" timestamp="2019-06-16T00:38:06.918">
  <mem-info id="6586" free="26214400" total="89128960" percent="29">
    <mem type="eden" free="1047528" total="28311552" percent="3" />
    <remembered-set count="44832" freebytes="3378432" totalbytes="3557760" percent="94" regionsoverflowed="0" regionsstable="0" regionsrebuilding="18"/>
  </mem-info>
</gc-start>
<allocation-stats totalBytes="27236248" >
  <allocated-bytes non-tlh="0" tlh="27236248" arrayletleaf="0"/>
  <largest-consumer threadName="main" threadId="0000000001AE6700" bytes="13626704" />
</allocation-stats>
<gc-op id="6587" type="copy forward" timems="1.633" contextid="6584" timestamp="2019-06-16T00:38:06.920">
  <memory-copied type="eden" objects="26" bytes="792" bytesdiscarded="0" />
  <memory-copied type="other" objects="0" bytes="0" bytesdiscarded="0" />
  <memory-cardclean objects="77" bytes="2528" />
  <regions eden="26" other="1" />
  <remembered-set-cleared processed="41975" cleared="36" durationms="0.404" />
  <stringconstants candidates="13269" cleared="0"  />
</gc-op>
<gc-op id="6588" type="classunload" timems="0.004" contextid="6584" timestamp="2019-06-16T00:38:06.921">
  <classunload-info classloadercandidates="53" classloadersunloaded="0" classesunloaded="0" anonymousclassesunloaded="0" quiescems="0.000" setupms="0.004" scanms="0.000" postms="0.000" />
</gc-op>
<gc-end id="6589" type="partial gc" contextid="6584" durationms="2.855" usertimems="4.000" systemtimems="0.000" timestamp="2019-06-16T00:38:06.921" activeThreads="1">
  <mem-info id="6590" free="53477376" total="89128960" percent="60">
    <mem type="eden" free="1047784" total="1048576" percent="99" />
    <remembered-set count="44992" freebytes="3377792" totalbytes="3557760" percent="94" regionsoverflowed="0" regionsstable="0" regionsrebuilding="18"/>
  </mem-info>
</gc-end>
<cycle-end id="6591" type="partial gc" contextid="6584" timestamp="2019-06-16T00:38:06.921" />
  <attribute name="elasticGC enabled" value="1" />
  <attribute name= "numThreadsSpecified" value="1" />
  <attribute name="heapSize specified" value="0" />
  <attribute name="Current GC Util" value="67" />
  <attribute name= "Current Time Running" value="25969" />
  <attribute name ="GC Interval" value="0" />
  <attribute name="ProportionalT" value="70.500000" />
  <attribute name="ProportionalI" value="70.500000" />
  <attribute name="ProportionalH" value="70.500000" />
  <attribute name="Current Error" value="47.000000" />
  <attribute name="IntegralT" value="0.000000" />
  <attribute name="IntegralI" value="0.000000" />
  <attribute name="IntegralH" value="0.000000" />
  <attribute name="DerivativeT" value="inf" />
  <attribute name="DerivativeI" value="inf" />
  <attribute name="DerivativeH" value="inf" />
  <attribute name="Loop Time for DT" value="0.000000" />
  <attribute name="Output H" value="8388608"/>
  <attribute name="Output I" value="200"/>
  <attribute name="Output T" value="1"/>
  <attribute name="Target GC Util Change" value ="20.000000" />
  <attribute name="Current GC Util Change" value="67.000000"/>
  <attribute name="GC Util currently" value="67" />
  <attribute name="CPU Util currently" value="18315313051884" />
<exclusive-end id="6592" timestamp="2019-06-16T00:38:06.921" durationms="4.107" />

<exclusive-start id="6593" timestamp="2019-06-16T00:38:06.949" intervalms="32.031">
  <response-info timems="0.079" idlems="0.079" threads="0" lastid="0000000001AE6700" lastname="main" />
</exclusive-start>
<allocation-taxation id="6594" taxation-threshold="13631488" timestamp="2019-06-16T00:38:06.949" intervalms="32.013" />
<gc-start id="6595" type="global mark phase" contextid="6553" timestamp="2019-06-16T00:38:06.950">
  <mem-info id="6596" free="39845888" total="89128960" percent="44">
    <remembered-set count="44608" freebytes="3379328" totalbytes="3557760" percent="94" regionsoverflowed="0" regionsstable="0" regionsrebuilding="18"/>
  </mem-info>
</gc-start>
<gc-end id="6597" type="global mark phase" contextid="6553" durationms="0.232" usertimems="0.000" systemtimems="0.000" timestamp="2019-06-16T00:38:06.950" activeThreads="1">
  <mem-info id="6598" free="39845888" total="89128960" percent="44">
    <remembered-set count="44608" freebytes="3379328" totalbytes="3557760" percent="94" regionsoverflowed="0" regionsstable="0" regionsrebuilding="18"/>
  </mem-info>
</gc-end>
<concurrent-start id="6599" type="GMP work packet processing" contextid="6553" timestamp="2019-06-16T00:38:06.950">
  <concurrent-mark-start scanTarget="1048576" />
</concurrent-start>
<exclusive-end id="6600" timestamp="2019-06-16T00:38:06.951" durationms="1.751" />

<concurrent-end id="6601" type="GMP work packet processing" contextid="6553" timestamp="2019-06-16T00:38:06.951">
  <concurrent-mark-end bytesScanned="1106368" reasonForTermination="Work target met" />
</concurrent-end>

<exclusive-start id="6602" timestamp="2019-06-16T00:38:06.971" intervalms="21.819">
  <response-info timems="0.104" idlems="0.104" threads="0" lastid="0000000001AE6700" lastname="main" />
</exclusive-start>
<allocation-taxation id="6603" taxation-threshold="13631488" timestamp="2019-06-16T00:38:06.971" intervalms="21.759" />
<cycle-start id="6604" type="partial gc" contextid="0" timestamp="2019-06-16T00:38:06.971" intervalms="53.751" />
<gc-start id="6605" type="partial gc" contextid="6604" timestamp="2019-06-16T00:38:06.972">
  <mem-info id="6606" free="26214400" total="89128960" percent="29">
    <mem type="eden" free="0" total="27262976" percent="0" />
    <remembered-set count="55616" freebytes="3335296" totalbytes="3557760" percent="93" regionsoverflowed="0" regionsstable="0" regionsrebuilding="18"/>
  </mem-info>
</gc-start>
<allocation-stats totalBytes="27258800" >
  <allocated-bytes non-tlh="0" tlh="27258800" arrayletleaf="0"/>
  <largest-consumer threadName="main" threadId="0000000001AE6700" bytes="13629192" />
</allocation-stats>
<gc-op id="6607" type="copy forward" timems="1.434" contextid="6604" timestamp="2019-06-16T00:38:06.974">
  <memory-copied type="eden" objects="21" bytes="696" bytesdiscarded="0" />
  <memory-copied type="other" objects="62" bytes="1760" bytesdiscarded="392" />
  <memory-cardclean objects="165" bytes="14744" />
  <regions eden="26" other="3" />
  <remembered-set-cleared processed="53097" cleared="173" durationms="0.459" />
  <references type="weak" candidates="30" cleared="0" enqueued="0" />
  <stringconstants candidates="13269" cleared="0"  />
</gc-op>
<gc-op id="6608" type="classunload" timems="0.005" contextid="6604" timestamp="2019-06-16T00:38:06.974">
  <classunload-info classloadercandidates="53" classloadersunloaded="0" classesunloaded="0" anonymousclassesunloaded="0" quiescems="0.000" setupms="0.004" scanms="0.000" postms="0.000" />
</gc-op>
<gc-end id="6609" type="partial gc" contextid="6604" durationms="2.609" usertimems="0.000" systemtimems="0.000" timestamp="2019-06-16T00:38:06.974" activeThreads="1">
  <mem-info id="6610" free="54525952" total="89128960" percent="61">
    <mem type="eden" free="1047880" total="1048576" percent="99" />
    <remembered-set count="55456" freebytes="3335936" totalbytes="3557760" percent="93" regionsoverflowed="0" regionsstable="0" regionsrebuilding="18"/>
  </mem-info>
</gc-end>
<cycle-end id="6611" type="partial gc" contextid="6604" timestamp="2019-06-16T00:38:06.975" />
  <attribute name="elasticGC enabled" value="1" />
  <attribute name= "numThreadsSpecified" value="1" />
  <attribute name="heapSize specified" value="0" />
  <attribute name="Current GC Util" value="72" />
  <attribute name= "Current Time Running" value="26023" />
  <attribute name ="GC Interval" value="0" />
  <attribute name="ProportionalT" value="78.000000" />
  <attribute name="ProportionalI" value="78.000000" />
  <attribute name="ProportionalH" value="78.000000" />
  <attribute name="Current Error" value="52.000000" />
  <attribute name="IntegralT" value="0.000000" />
  <attribute name="IntegralI" value="0.000000" />
  <attribute name="IntegralH" value="0.000000" />
  <attribute name="DerivativeT" value="inf" />
  <attribute name="DerivativeI" value="inf" />
  <attribute name="DerivativeH" value="inf" />
  <attribute name="Loop Time for DT" value="0.000000" />
  <attribute name="Output H" value="8388608"/>
  <attribute name="Output I" value="200"/>
  <attribute name="Output T" value="1"/>
  <attribute name="Target GC Util Change" value ="20.000000" />
  <attribute name="Current GC Util Change" value="72.000000"/>
  <attribute name="GC Util currently" value="72" />
  <attribute name="CPU Util currently" value="18367250278671" />
<exclusive-end id="6612" timestamp="2019-06-16T00:38:06.975" durationms="3.703" />

<exclusive-start id="6613" timestamp="2019-06-16T00:38:06.995" intervalms="23.696">
  <response-info timems="0.104" idlems="0.104" threads="0" lastid="0000000001AE6700" lastname="main" />
</exclusive-start>
<allocation-taxation id="6614" taxation-threshold="13631488" timestamp="2019-06-16T00:38:06.995" intervalms="23.700" />
<gc-start id="6615" type="global mark phase" contextid="6553" timestamp="2019-06-16T00:38:06.995">
  <mem-info id="6616" free="40894464" total="89128960" percent="45">
    <remembered-set count="55328" freebytes="3336448" totalbytes="3557760" percent="93" regionsoverflowed="0" regionsstable="0" regionsrebuilding="18"/>
  </mem-info>
</gc-start>
<gc-end id="6617" type="global mark phase" contextid="6553" durationms="0.191" usertimems="0.000" systemtimems="0.000" timestamp="2019-06-16T00:38:06.995" activeThreads="1">
  <mem-info id="6618" free="40894464" total="89128960" percent="45">
    <remembered-set count="55328" freebytes="3336448" totalbytes="3557760" percent="93" regionsoverflowed="0" regionsstable="0" regionsrebuilding="18"/>
  </mem-info>
</gc-end>
<concurrent-start id="6619" type="GMP work packet processing" contextid="6553" timestamp="2019-06-16T00:38:06.995">
  <concurrent-mark-start scanTarget="1048576" />
</concurrent-start>
<exclusive-end id="6620" timestamp="2019-06-16T00:38:06.996" durationms="1.481" />

<concurrent-end id="6621" type="GMP work packet processing" contextid="6553" timestamp="2019-06-16T00:38:06.996">
  <concurrent-mark-end bytesScanned="1089000" reasonForTermination="Work target met" />
</concurrent-end>

<exclusive-start id="6622" timestamp="2019-06-16T00:38:07.016" intervalms="21.432">
  <response-info timems="0.068" idlems="0.068" threads="0" lastid="0000000001AE6700" lastname="main" />
</exclusive-start>
<allocation-taxation id="6623" taxation-threshold="13631488" timestamp="2019-06-16T00:38:07.016" intervalms="21.466" />
<cycle-start id="6624" type="partial gc" contextid="0" timestamp="2019-06-16T00:38:07.017" intervalms="45.208" />
<gc-start id="6625" type="partial gc" contextid="6624" timestamp="2019-06-16T00:38:07.017">
  <mem-info id="6626" free="27262976" total="89128960" percent="30">
    <mem type="eden" free="0" total="27262976" percent="0" />
    <remembered-set count="66688" freebytes="3291008" totalbytes="3557760" percent="92" regionsoverflowed="0" regionsstable="0" regionsrebuilding="18"/>
  </mem-info>
</gc-start>
<allocation-stats totalBytes="27257792" >
  <allocated-bytes non-tlh="0" tlh="27257792" arrayletleaf="0"/>
  <largest-consumer threadName="main" threadId="0000000001AE6700" bytes="13628784" />
</allocation-stats>
<gc-op id="6627" type="copy forward" timems="1.524" contextid="6624" timestamp="2019-06-16T00:38:07.019">
  <memory-copied type="eden" objects="5" bytes="240" bytesdiscarded="0" />
  <memory-copied type="other" objects="20" bytes="672" bytesdiscarded="0" />
  <memory-cardclean objects="53" bytes="1792" />
  <regions eden="26" other="1" />
  <remembered-set-cleared processed="64322" cleared="38" durationms="0.510" />
  <stringconstants candidates="13269" cleared="0"  />
</gc-op>
<gc-op id="6628" type="classunload" timems="0.004" contextid="6624" timestamp="2019-06-16T00:38:07.019">
  <classunload-info classloadercandidates="53" classloadersunloaded="0" classesunloaded="0" anonymousclassesunloaded="0" quiescems="0.000" setupms="0.004" scanms="0.000" postms="0.000" />
</gc-op>
<gc-end id="6629" type="partial gc" contextid="6624" durationms="2.778" usertimems="0.000" systemtimems="0.000" timestamp="2019-06-16T00:38:07.020" activeThreads="1">
  <mem-info id="6630" free="53477376" total="89128960" percent="60">
    <mem type="eden" free="1048336" total="1048576" percent="99" />
    <remembered-set count="67072" freebytes="3289472" totalbytes="3557760" percent="92" regionsoverflowed="0" regionsstable="0" regionsrebuilding="18"/>
  </mem-info>
</gc-end>
<cycle-end id="6631" type="partial gc" contextid="6624" timestamp="2019-06-16T00:38:07.020" />
  <attribute name="elasticGC enabled" value="1" />
  <attribute name= "numThreadsSpecified" value="1" />
  <attribute name="heapSize specified" value="0" />
  <attribute name="Current GC Util" value="77" />
  <attribute name= "Current Time Running" value="26068" />
  <attribute name ="GC Interval" value="0" />
  <attribute name="ProportionalT" value="85.500000" />
  <attribute name="ProportionalI" value="85.500000" />
  <attribute name="ProportionalH" value="85.500000" />
  <attribute name="Current Error" value="57.000000" />
  <attribute name="IntegralT" value="0.000000" />
  <attribute name="IntegralI" value="0.000000" />
  <attribute name="IntegralH" value="0.000000" />
  <attribute name="DerivativeT" value="inf" />
  <attribute name="DerivativeI" value="inf" />
  <attribute name="DerivativeH" value="inf" />
  <attribute name="Loop Time for DT" value="0.000000" />
  <attribute name="Output H" value="8388608"/>
  <attribute name="Output I" value="200"/>
  <attribute name="Output T" value="1"/>
  <attribute name="Target GC Util Change" value ="20.000000" />
  <attribute name="Current GC Util Change" value="77.000000"/>
  <attribute name="GC Util currently" value="77" />
  <attribute name="CPU Util currently" value="18383577764257" />
<exclusive-end id="6632" timestamp="2019-06-16T00:38:07.020" durationms="3.993" />

<exclusive-start id="6633" timestamp="2019-06-16T00:38:07.040" intervalms="23.977">
  <response-info timems="0.075" idlems="0.075" threads="0" lastid="0000000001AE6700" lastname="main" />
</exclusive-start>
<allocation-taxation id="6634" taxation-threshold="13631488" timestamp="2019-06-16T00:38:07.040" intervalms="23.974" />
<gc-start id="6635" type="global mark phase" contextid="6553" timestamp="2019-06-16T00:38:07.041">
  <mem-info id="6636" free="39845888" total="89128960" percent="44">
    <remembered-set count="66720" freebytes="3290880" totalbytes="3557760" percent="92" regionsoverflowed="0" regionsstable="0" regionsrebuilding="18"/>
  </mem-info>
</gc-start>
<gc-end id="6637" type="global mark phase" contextid="6553" durationms="0.207" usertimems="0.000" systemtimems="0.000" timestamp="2019-06-16T00:38:07.041" activeThreads="1">
  <mem-info id="6638" free="39845888" total="89128960" percent="44">
    <remembered-set count="66720" freebytes="3290880" totalbytes="3557760" percent="92" regionsoverflowed="0" regionsstable="0" regionsrebuilding="18"/>
  </mem-info>
</gc-end>
<concurrent-start id="6639" type="GMP work packet processing" contextid="6553" timestamp="2019-06-16T00:38:07.041">
  <concurrent-mark-start scanTarget="1048576" />
</concurrent-start>
<exclusive-end id="6640" timestamp="2019-06-16T00:38:07.041" durationms="0.958" />

<concurrent-end id="6641" type="GMP work packet processing" contextid="6553" timestamp="2019-06-16T00:38:07.044">
  <concurrent-mark-end bytesScanned="1093552" reasonForTermination="Work target met" />
</concurrent-end>

<exclusive-start id="6642" timestamp="2019-06-16T00:38:07.061" intervalms="21.279">
  <response-info timems="0.075" idlems="0.075" threads="0" lastid="0000000001AE6700" lastname="main" />
</exclusive-start>
<allocation-taxation id="6643" taxation-threshold="13631488" timestamp="2019-06-16T00:38:07.062" intervalms="21.187" />
<cycle-start id="6644" type="partial gc" contextid="0" timestamp="2019-06-16T00:38:07.062" intervalms="45.149" />
<gc-start id="6645" type="partial gc" contextid="6644" timestamp="2019-06-16T00:38:07.062">
  <mem-info id="6646" free="26214400" total="89128960" percent="29">
    <mem type="eden" free="1048336" total="28311552" percent="3" />
    <remembered-set count="76256" freebytes="3252736" totalbytes="3557760" percent="91" regionsoverflowed="0" regionsstable="0" regionsrebuilding="18"/>
  </mem-info>
</gc-start>
<allocation-stats totalBytes="27258048" >
  <allocated-bytes non-tlh="0" tlh="27258048" arrayletleaf="0"/>
  <largest-consumer threadName="main" threadId="0000000001AE6700" bytes="13628872" />
</allocation-stats>
<gc-op id="6647" type="copy forward" timems="1.583" contextid="6644" timestamp="2019-06-16T00:38:07.064">
  <memory-copied type="eden" objects="3" bytes="120" bytesdiscarded="0" />
  <memory-copied type="other" objects="0" bytes="0" bytesdiscarded="0" />
  <memory-cardclean objects="25" bytes="1088" />
  <regions eden="26" other="1" />
  <remembered-set-cleared processed="73724" cleared="18" durationms="0.556" />
  <stringconstants candidates="13269" cleared="0"  />
</gc-op>
<gc-op id="6648" type="classunload" timems="0.004" contextid="6644" timestamp="2019-06-16T00:38:07.065">
  <classunload-info classloadercandidates="53" classloadersunloaded="0" classesunloaded="0" anonymousclassesunloaded="0" quiescems="0.000" setupms="0.004" scanms="0.000" postms="0.000" />
</gc-op>
<gc-end id="6649" type="partial gc" contextid="6644" durationms="2.815" usertimems="4.000" systemtimems="0.000" timestamp="2019-06-16T00:38:07.065" activeThreads="1">
  <mem-info id="6650" free="53477376" total="89128960" percent="60">
    <mem type="eden" free="1048456" total="1048576" percent="99" />
    <remembered-set count="76736" freebytes="3250816" totalbytes="3557760" percent="91" regionsoverflowed="0" regionsstable="0" regionsrebuilding="18"/>
  </mem-info>
</gc-end>
<cycle-end id="6651" type="partial gc" contextid="6644" timestamp="2019-06-16T00:38:07.065" />
  <attribute name="elasticGC enabled" value="1" />
  <attribute name= "numThreadsSpecified" value="1" />
  <attribute name="heapSize specified" value="0" />
  <attribute name="Current GC Util" value="61" />
  <attribute name= "Current Time Running" value="26113" />
  <attribute name ="GC Interval" value="0" />
  <attribute name="ProportionalT" value="61.500000" />
  <attribute name="ProportionalI" value="61.500000" />
  <attribute name="ProportionalH" value="61.500000" />
  <attribute name="Current Error" value="41.000000" />
  <attribute name="IntegralT" value="0.000000" />
  <attribute name="IntegralI" value="0.000000" />
  <attribute name="IntegralH" value="0.000000" />
  <attribute name="DerivativeT" value="inf" />
  <attribute name="DerivativeI" value="inf" />
  <attribute name="DerivativeH" value="inf" />
  <attribute name="Loop Time for DT" value="0.000000" />
  <attribute name="Output H" value="8388608"/>
  <attribute name="Output I" value="200"/>
  <attribute name="Output T" value="1"/>
  <attribute name="Target GC Util Change" value ="20.000000" />
  <attribute name="Current GC Util Change" value="61.000000"/>
  <attribute name="GC Util currently" value="61" />
  <attribute name="CPU Util currently" value="18874438513752" />
<exclusive-end id="6652" timestamp="2019-06-16T00:38:07.065" durationms="3.949" />

<exclusive-start id="6653" timestamp="2019-06-16T00:38:07.085" intervalms="23.909">
  <response-info timems="0.070" idlems="0.070" threads="0" lastid="0000000001AE6700" lastname="main" />
</exclusive-start>
<allocation-taxation id="6654" taxation-threshold="13631488" timestamp="2019-06-16T00:38:07.086" intervalms="23.956" />
<gc-start id="6655" type="global mark phase" contextid="6553" timestamp="2019-06-16T00:38:07.086">
  <mem-info id="6656" free="39845888" total="89128960" percent="44">
    <remembered-set count="76256" freebytes="3252736" totalbytes="3557760" percent="91" regionsoverflowed="0" regionsstable="0" regionsrebuilding="18"/>
  </mem-info>
</gc-start>
<gc-end id="6657" type="global mark phase" contextid="6553" durationms="0.202" usertimems="0.000" systemtimems="0.000" timestamp="2019-06-16T00:38:07.086" activeThreads="1">
  <mem-info id="6658" free="39845888" total="89128960" percent="44">
    <remembered-set count="76256" freebytes="3252736" totalbytes="3557760" percent="91" regionsoverflowed="0" regionsstable="0" regionsrebuilding="18"/>
  </mem-info>
</gc-end>
<concurrent-start id="6659" type="GMP work packet processing" contextid="6553" timestamp="2019-06-16T00:38:07.086">
  <concurrent-mark-start scanTarget="1048576" />
</concurrent-start>
<exclusive-end id="6660" timestamp="2019-06-16T00:38:07.086" durationms="0.864" />

<concurrent-end id="6661" type="GMP work packet processing" contextid="6553" timestamp="2019-06-16T00:38:07.088">
  <concurrent-mark-end bytesScanned="1105256" reasonForTermination="Work target met" />
</concurrent-end>

<exclusive-start id="6662" timestamp="2019-06-16T00:38:07.107" intervalms="21.274">
  <response-info timems="0.070" idlems="0.070" threads="0" lastid="0000000001AE6700" lastname="main" />
</exclusive-start>
<allocation-taxation id="6663" taxation-threshold="13631488" timestamp="2019-06-16T00:38:07.107" intervalms="21.227" />
<cycle-start id="6664" type="partial gc" contextid="0" timestamp="2019-06-16T00:38:07.107" intervalms="45.091" />
<gc-start id="6665" type="partial gc" contextid="6664" timestamp="2019-06-16T00:38:07.107">
  <mem-info id="6666" free="26214400" total="89128960" percent="29">
    <mem type="eden" free="1048456" total="28311552" percent="3" />
    <remembered-set count="84224" freebytes="3220864" totalbytes="3557760" percent="90" regionsoverflowed="0" regionsstable="0" regionsrebuilding="18"/>
  </mem-info>
</gc-start>
<allocation-stats totalBytes="27257616" >
  <allocated-bytes non-tlh="0" tlh="27257616" arrayletleaf="0"/>
  <largest-consumer threadName="main" threadId="0000000001AE6700" bytes="13628864" />
</allocation-stats>
<gc-op id="6667" type="copy forward" timems="1.598" contextid="6664" timestamp="2019-06-16T00:38:07.109">
  <memory-copied type="eden" objects="7" bytes="344" bytesdiscarded="0" />
  <memory-copied type="other" objects="0" bytes="0" bytesdiscarded="0" />
  <memory-cardclean objects="25" bytes="1088" />
  <regions eden="26" other="1" />
  <remembered-set-cleared processed="82215" cleared="16" durationms="0.612" />
  <stringconstants candidates="13269" cleared="0"  />
</gc-op>
<gc-op id="6668" type="classunload" timems="0.004" contextid="6664" timestamp="2019-06-16T00:38:07.110">
  <classunload-info classloadercandidates="53" classloadersunloaded="0" classesunloaded="0" anonymousclassesunloaded="0" quiescems="0.000" setupms="0.004" scanms="0.000" postms="0.000" />
</gc-op>
<gc-end id="6669" type="partial gc" contextid="6664" durationms="2.747" usertimems="4.000" systemtimems="0.000" timestamp="2019-06-16T00:38:07.110" activeThreads="1">
  <mem-info id="6670" free="53477376" total="89128960" percent="60">
    <mem type="eden" free="1048232" total="1048576" percent="99" />
    <remembered-set count="84704" freebytes="3218944" totalbytes="3557760" percent="90" regionsoverflowed="0" regionsstable="0" regionsrebuilding="18"/>
  </mem-info>
</gc-end>
<cycle-end id="6671" type="partial gc" contextid="6664" timestamp="2019-06-16T00:38:07.110" />
  <attribute name="elasticGC enabled" value="1" />
  <attribute name= "numThreadsSpecified" value="1" />
  <attribute name="heapSize specified" value="0" />
  <attribute name="Current GC Util" value="51" />
  <attribute name= "Current Time Running" value="26158" />
  <attribute name ="GC Interval" value="0" />
  <attribute name="ProportionalT" value="46.500000" />
  <attribute name="ProportionalI" value="46.500000" />
  <attribute name="ProportionalH" value="46.500000" />
  <attribute name="Current Error" value="31.000000" />
  <attribute name="IntegralT" value="0.000000" />
  <attribute name="IntegralI" value="0.000000" />
  <attribute name="IntegralH" value="0.000000" />
  <attribute name="DerivativeT" value="inf" />
  <attribute name="DerivativeI" value="inf" />
  <attribute name="DerivativeH" value="inf" />
  <attribute name="Loop Time for DT" value="0.000000" />
  <attribute name="Output H" value="8388608"/>
  <attribute name="Output I" value="200"/>
  <attribute name="Output T" value="1"/>
  <attribute name="Target GC Util Change" value ="20.000000" />
  <attribute name="Current GC Util Change" value="51.000000"/>
  <attribute name="GC Util currently" value="51" />
  <attribute name="CPU Util currently" value="20656770274753" />
<exclusive-end id="6672" timestamp="2019-06-16T00:38:07.110" durationms="3.644" />

<exclusive-start id="6673" timestamp="2019-06-16T00:38:07.130" intervalms="23.507">
  <response-info timems="0.056" idlems="0.056" threads="0" lastid="0000000001AE6700" lastname="main" />
</exclusive-start>
<allocation-taxation id="6674" taxation-threshold="13631488" timestamp="2019-06-16T00:38:07.130" intervalms="23.544" />
<gc-start id="6675" type="global mark phase" contextid="6553" timestamp="2019-06-16T00:38:07.130">
  <mem-info id="6676" free="39845888" total="89128960" percent="44">
    <remembered-set count="84224" freebytes="3220864" totalbytes="3557760" percent="90" regionsoverflowed="0" regionsstable="0" regionsrebuilding="18"/>
  </mem-info>
</gc-start>
<gc-end id="6677" type="global mark phase" contextid="6553" durationms="0.121" usertimems="0.000" systemtimems="0.000" timestamp="2019-06-16T00:38:07.131" activeThreads="1">
  <mem-info id="6678" free="39845888" total="89128960" percent="44">
    <remembered-set count="84224" freebytes="3220864" totalbytes="3557760" percent="90" regionsoverflowed="0" regionsstable="0" regionsrebuilding="18"/>
  </mem-info>
</gc-end>
<concurrent-start id="6679" type="GMP work packet processing" contextid="6553" timestamp="2019-06-16T00:38:07.131">
  <concurrent-mark-start scanTarget="1048576" />
</concurrent-start>
<exclusive-end id="6680" timestamp="2019-06-16T00:38:07.131" durationms="0.740" />

<concurrent-end id="6681" type="GMP work packet processing" contextid="6553" timestamp="2019-06-16T00:38:07.132">
  <concurrent-mark-end bytesScanned="1100872" reasonForTermination="Work target met" />
</concurrent-end>

<exclusive-start id="6682" timestamp="2019-06-16T00:38:07.151" intervalms="20.576">
  <response-info timems="0.073" idlems="0.073" threads="0" lastid="0000000001AE6700" lastname="main" />
</exclusive-start>
<allocation-taxation id="6683" taxation-threshold="13631488" timestamp="2019-06-16T00:38:07.151" intervalms="20.535" />
<cycle-start id="6684" type="partial gc" contextid="0" timestamp="2019-06-16T00:38:07.151" intervalms="44.073" />
<gc-start id="6685" type="partial gc" contextid="6684" timestamp="2019-06-16T00:38:07.151">
  <mem-info id="6686" free="26214400" total="89128960" percent="29">
    <mem type="eden" free="1048232" total="28311552" percent="3" />
    <remembered-set count="90368" freebytes="3196288" totalbytes="3557760" percent="89" regionsoverflowed="0" regionsstable="0" regionsrebuilding="18"/>
  </mem-info>
</gc-start>
<allocation-stats totalBytes="27257672" >
  <allocated-bytes non-tlh="0" tlh="27257672" arrayletleaf="0"/>
  <largest-consumer threadName="main" threadId="0000000001AE6700" bytes="13629224" />
</allocation-stats>
<gc-op id="6687" type="copy forward" timems="1.802" contextid="6684" timestamp="2019-06-16T00:38:07.154">
  <memory-copied type="eden" objects="5" bytes="240" bytesdiscarded="0" />
  <memory-copied type="other" objects="0" bytes="0" bytesdiscarded="0" />
  <memory-cardclean objects="25" bytes="1088" />
  <regions eden="26" other="1" />
  <remembered-set-cleared processed="88011" cleared="16" durationms="0.629" />
  <stringconstants candidates="13269" cleared="0"  />
</gc-op>
<gc-op id="6688" type="classunload" timems="0.004" contextid="6684" timestamp="2019-06-16T00:38:07.154">
  <classunload-info classloadercandidates="53" classloadersunloaded="0" classesunloaded="0" anonymousclassesunloaded="0" quiescems="0.000" setupms="0.004" scanms="0.000" postms="0.000" />
</gc-op>
<gc-end id="6689" type="partial gc" contextid="6684" durationms="3.003" usertimems="4.000" systemtimems="0.000" timestamp="2019-06-16T00:38:07.154" activeThreads="1">
  <mem-info id="6690" free="53477376" total="89128960" percent="60">
    <mem type="eden" free="1048336" total="1048576" percent="99" />
    <remembered-set count="90848" freebytes="3194368" totalbytes="3557760" percent="89" regionsoverflowed="0" regionsstable="0" regionsrebuilding="18"/>
  </mem-info>
</gc-end>
<cycle-end id="6691" type="partial gc" contextid="6684" timestamp="2019-06-16T00:38:07.154" />
  <attribute name="elasticGC enabled" value="1" />
  <attribute name= "numThreadsSpecified" value="1" />
  <attribute name="heapSize specified" value="0" />
  <attribute name="Current GC Util" value="162" />
  <attribute name= "Current Time Running" value="26202" />
  <attribute name ="GC Interval" value="0" />
  <attribute name="ProportionalT" value="213.000000" />
  <attribute name="ProportionalI" value="213.000000" />
  <attribute name="ProportionalH" value="213.000000" />
  <attribute name="Current Error" value="142.000000" />
  <attribute name="IntegralT" value="0.000000" />
  <attribute name="IntegralI" value="0.000000" />
  <attribute name="IntegralH" value="0.000000" />
  <attribute name="DerivativeT" value="inf" />
  <attribute name="DerivativeI" value="inf" />
  <attribute name="DerivativeH" value="inf" />
  <attribute name="Loop Time for DT" value="0.000000" />
  <attribute name="Output H" value="8388608"/>
  <attribute name="Output I" value="200"/>
  <attribute name="Output T" value="1"/>
  <attribute name="Target GC Util Change" value ="20.000000" />
  <attribute name="Current GC Util Change" value="162.000000"/>
  <attribute name="GC Util currently" value="162" />
  <attribute name="CPU Util currently" value="13105811152779" />
<exclusive-end id="6692" timestamp="2019-06-16T00:38:07.155" durationms="3.863" />

<exclusive-start id="6693" timestamp="2019-06-16T00:38:07.174" intervalms="23.674">
  <response-info timems="0.055" idlems="0.055" threads="0" lastid="0000000001AE6700" lastname="main" />
</exclusive-start>
<allocation-taxation id="6694" taxation-threshold="13631488" timestamp="2019-06-16T00:38:07.175" intervalms="23.708" />
<gc-start id="6695" type="global mark phase" contextid="6553" timestamp="2019-06-16T00:38:07.175">
  <mem-info id="6696" free="39845888" total="89128960" percent="44">
    <remembered-set count="90368" freebytes="3196288" totalbytes="3557760" percent="89" regionsoverflowed="0" regionsstable="0" regionsrebuilding="18"/>
  </mem-info>
</gc-start>
<gc-end id="6697" type="global mark phase" contextid="6553" durationms="0.139" usertimems="0.000" systemtimems="0.000" timestamp="2019-06-16T00:38:07.175" activeThreads="1">
  <mem-info id="6698" free="39845888" total="89128960" percent="44">
    <remembered-set count="90368" freebytes="3196288" totalbytes="3557760" percent="89" regionsoverflowed="0" regionsstable="0" regionsrebuilding="18"/>
  </mem-info>
</gc-end>
<concurrent-start id="6699" type="GMP work packet processing" contextid="6553" timestamp="2019-06-16T00:38:07.175">
  <concurrent-mark-start scanTarget="1048576" />
</concurrent-start>
<exclusive-end id="6700" timestamp="2019-06-16T00:38:07.175" durationms="0.712" />

<concurrent-end id="6701" type="GMP work packet processing" contextid="6553" timestamp="2019-06-16T00:38:07.176">
  <concurrent-mark-end bytesScanned="1089124" reasonForTermination="Work target met" />
</concurrent-end>

<exclusive-start id="6702" timestamp="2019-06-16T00:38:07.195" intervalms="20.536">
  <response-info timems="0.073" idlems="0.073" threads="0" lastid="0000000001AE6700" lastname="main" />
</exclusive-start>
<allocation-taxation id="6703" taxation-threshold="13631488" timestamp="2019-06-16T00:38:07.195" intervalms="20.507" />
<cycle-start id="6704" type="partial gc" contextid="0" timestamp="2019-06-16T00:38:07.195" intervalms="44.220" />
<gc-start id="6705" type="partial gc" contextid="6704" timestamp="2019-06-16T00:38:07.195">
  <mem-info id="6706" free="26214400" total="89128960" percent="29">
    <mem type="eden" free="1048336" total="28311552" percent="3" />
    <remembered-set count="96640" freebytes="3171200" totalbytes="3557760" percent="89" regionsoverflowed="0" regionsstable="0" regionsrebuilding="18"/>
  </mem-info>
</gc-start>
<allocation-stats totalBytes="27258008" >
  <allocated-bytes non-tlh="0" tlh="27258008" arrayletleaf="0"/>
  <largest-consumer threadName="main" threadId="0000000001AE6700" bytes="13628984" />
</allocation-stats>
<gc-op id="6707" type="copy forward" timems="3.501" contextid="6704" timestamp="2019-06-16T00:38:07.200">
  <memory-copied type="eden" objects="1" bytes="24" bytesdiscarded="0" />
  <memory-copied type="other" objects="0" bytes="0" bytesdiscarded="0" />
  <memory-cardclean objects="25" bytes="1088" />
  <regions eden="26" other="1" />
  <remembered-set-cleared processed="94160" cleared="17" durationms="0.408" />
  <stringconstants candidates="13269" cleared="0"  />
</gc-op>
<gc-op id="6708" type="classunload" timems="0.004" contextid="6704" timestamp="2019-06-16T00:38:07.200">
  <classunload-info classloadercandidates="53" classloadersunloaded="0" classesunloaded="0" anonymousclassesunloaded="0" quiescems="0.000" setupms="0.004" scanms="0.000" postms="0.000" />
</gc-op>
<gc-end id="6709" type="partial gc" contextid="6704" durationms="4.675" usertimems="12.000" systemtimems="0.000" timestamp="2019-06-16T00:38:07.200" activeThreads="4">
  <mem-info id="6710" free="53477376" total="89128960" percent="60">
    <mem type="eden" free="1048552" total="1048576" percent="99" />
    <remembered-set count="96896" freebytes="3170176" totalbytes="3557760" percent="89" regionsoverflowed="0" regionsstable="0" regionsrebuilding="18"/>
  </mem-info>
</gc-end>
<cycle-end id="6711" type="partial gc" contextid="6704" timestamp="2019-06-16T00:38:07.200" />
  <attribute name="elasticGC enabled" value="1" />
  <attribute name= "numThreadsSpecified" value="4" />
  <attribute name="heapSize specified" value="0" />
  <attribute name="Current GC Util" value="161" />
  <attribute name= "Current Time Running" value="26247" />
  <attribute name ="GC Interval" value="0" />
  <attribute name="ProportionalT" value="211.500000" />
  <attribute name="ProportionalI" value="211.500000" />
  <attribute name="ProportionalH" value="211.500000" />
  <attribute name="Current Error" value="141.000000" />
  <attribute name="IntegralT" value="141.000000" />
  <attribute name="IntegralI" value="141.000000" />
  <attribute name="IntegralH" value="141.000000" />
  <attribute name="DerivativeT" value="70.500000" />
  <attribute name="DerivativeI" value="70.500000" />
  <attribute name="DerivativeH" value="70.500000" />
  <attribute name="Loop Time for DT" value="1.000000" />
  <attribute name="Output H" value="8388608"/>
  <attribute name="Output I" value="424"/>
  <attribute name="Output T" value="4"/>
  <attribute name="Target GC Util Change" value ="20.000000" />
  <attribute name="Current GC Util Change" value="161.000000"/>
  <attribute name="GC Util currently" value="161" />
  <attribute name="CPU Util currently" value="13537066359754" />
<exclusive-end id="6712" timestamp="2019-06-16T00:38:07.200" durationms="5.533" />

<exclusive-start id="6713" timestamp="2019-06-16T00:38:07.220" intervalms="25.419">
  <response-info timems="0.077" idlems="0.077" threads="0" lastid="0000000001AE6700" lastname="main" />
</exclusive-start>
<allocation-taxation id="6714" taxation-threshold="13631488" timestamp="2019-06-16T00:38:07.220" intervalms="25.450" />
<gc-start id="6715" type="global mark phase" contextid="6553" timestamp="2019-06-16T00:38:07.221">
  <mem-info id="6716" free="39845888" total="89128960" percent="44">
    <remembered-set count="96896" freebytes="3170176" totalbytes="3557760" percent="89" regionsoverflowed="0" regionsstable="0" regionsrebuilding="18"/>
  </mem-info>
</gc-start>
<gc-end id="6717" type="global mark phase" contextid="6553" durationms="0.126" usertimems="0.000" systemtimems="0.000" timestamp="2019-06-16T00:38:07.221" activeThreads="4">
  <mem-info id="6718" free="39845888" total="89128960" percent="44">
    <remembered-set count="96896" freebytes="3170176" totalbytes="3557760" percent="89" regionsoverflowed="0" regionsstable="0" regionsrebuilding="18"/>
  </mem-info>
</gc-end>
<concurrent-start id="6719" type="GMP work packet processing" contextid="6553" timestamp="2019-06-16T00:38:07.221">
  <concurrent-mark-start scanTarget="1048576" />
</concurrent-start>
<exclusive-end id="6720" timestamp="2019-06-16T00:38:07.221" durationms="0.778" />

<concurrent-end id="6721" type="GMP work packet processing" contextid="6553" timestamp="2019-06-16T00:38:07.222">
  <concurrent-mark-end bytesScanned="1099732" reasonForTermination="Work target met" />
</concurrent-end>

<exclusive-start id="6722" timestamp="2019-06-16T00:38:07.241" intervalms="20.662">
  <response-info timems="0.070" idlems="0.070" threads="0" lastid="0000000001AE6700" lastname="main" />
</exclusive-start>
<allocation-taxation id="6723" taxation-threshold="13631488" timestamp="2019-06-16T00:38:07.241" intervalms="20.625" />
<cycle-start id="6724" type="partial gc" contextid="0" timestamp="2019-06-16T00:38:07.241" intervalms="46.067" />
<gc-start id="6725" type="partial gc" contextid="6724" timestamp="2019-06-16T00:38:07.241">
  <mem-info id="6726" free="26214400" total="89128960" percent="29">
    <mem type="eden" free="1048552" total="28311552" percent="3" />
    <remembered-set count="108832" freebytes="3122432" totalbytes="3557760" percent="87" regionsoverflowed="0" regionsstable="0" regionsrebuilding="18"/>
  </mem-info>
</gc-start>
<allocation-stats totalBytes="27257624" >
  <allocated-bytes non-tlh="0" tlh="27257624" arrayletleaf="0"/>
  <largest-consumer threadName="main" threadId="0000000001AE6700" bytes="13628912" />
</allocation-stats>
<gc-op id="6727" type="copy forward" timems="2.812" contextid="6724" timestamp="2019-06-16T00:38:07.245">
  <memory-copied type="eden" objects="5" bytes="240" bytesdiscarded="0" />
  <memory-copied type="other" objects="0" bytes="0" bytesdiscarded="0" />
  <memory-cardclean objects="25" bytes="1088" />
  <regions eden="26" other="1" />
  <remembered-set-cleared processed="106411" cleared="11" durationms="0.456" />
  <stringconstants candidates="13269" cleared="0"  />
</gc-op>
<gc-op id="6728" type="classunload" timems="0.005" contextid="6724" timestamp="2019-06-16T00:38:07.245">
  <classunload-info classloadercandidates="53" classloadersunloaded="0" classesunloaded="0" anonymousclassesunloaded="0" quiescems="0.000" setupms="0.004" scanms="0.000" postms="0.000" />
</gc-op>
<gc-end id="6729" type="partial gc" contextid="6724" durationms="4.035" usertimems="0.000" systemtimems="8.000" timestamp="2019-06-16T00:38:07.245" activeThreads="4">
  <mem-info id="6730" free="53477376" total="89128960" percent="60">
    <mem type="eden" free="1048336" total="1048576" percent="99" />
    <remembered-set count="108544" freebytes="3123584" totalbytes="3557760" percent="87" regionsoverflowed="0" regionsstable="0" regionsrebuilding="18"/>
  </mem-info>
</gc-end>
<cycle-end id="6731" type="partial gc" contextid="6724" timestamp="2019-06-16T00:38:07.246" />
  <attribute name="elasticGC enabled" value="1" />
  <attribute name= "numThreadsSpecified" value="4" />
  <attribute name="heapSize specified" value="0" />
  <attribute name="Current GC Util" value="162" />
  <attribute name= "Current Time Running" value="26293" />
  <attribute name ="GC Interval" value="0" />
  <attribute name="ProportionalT" value="213.000000" />
  <attribute name="ProportionalI" value="213.000000" />
  <attribute name="ProportionalH" value="213.000000" />
  <attribute name="Current Error" value="142.000000" />
  <attribute name="IntegralT" value="142.000000" />
  <attribute name="IntegralI" value="142.000000" />
  <attribute name="IntegralH" value="142.000000" />
  <attribute name="DerivativeT" value="71.000000" />
  <attribute name="DerivativeI" value="71.000000" />
  <attribute name="DerivativeH" value="71.000000" />
  <attribute name="Loop Time for DT" value="1.000000" />
  <attribute name="Output H" value="8388608"/>
  <attribute name="Output I" value="432"/>
  <attribute name="Output T" value="4"/>
  <attribute name="Target GC Util Change" value ="20.000000" />
  <attribute name="Current GC Util Change" value="162.000000"/>
  <attribute name="GC Util currently" value="162" />
  <attribute name="CPU Util currently" value="13565457890527" />
<exclusive-end id="6732" timestamp="2019-06-16T00:38:07.246" durationms="4.893" />

<exclusive-start id="6733" timestamp="2019-06-16T00:38:07.266" intervalms="24.745">
  <response-info timems="0.071" idlems="0.071" threads="0" lastid="0000000001AE6700" lastname="main" />
</exclusive-start>
<allocation-taxation id="6734" taxation-threshold="13631488" timestamp="2019-06-16T00:38:07.266" intervalms="24.779" />
<gc-start id="6735" type="global mark phase" contextid="6553" timestamp="2019-06-16T00:38:07.266">
  <mem-info id="6736" free="39845888" total="89128960" percent="44">
    <remembered-set count="108544" freebytes="3123584" totalbytes="3557760" percent="87" regionsoverflowed="0" regionsstable="0" regionsrebuilding="18"/>
  </mem-info>
</gc-start>
<gc-end id="6737" type="global mark phase" contextid="6553" durationms="0.125" usertimems="0.000" systemtimems="0.000" timestamp="2019-06-16T00:38:07.266" activeThreads="4">
  <mem-info id="6738" free="39845888" total="89128960" percent="44">
    <remembered-set count="108544" freebytes="3123584" totalbytes="3557760" percent="87" regionsoverflowed="0" regionsstable="0" regionsrebuilding="18"/>
  </mem-info>
</gc-end>
<concurrent-start id="6739" type="GMP work packet processing" contextid="6553" timestamp="2019-06-16T00:38:07.266">
  <concurrent-mark-start scanTarget="1048576" />
</concurrent-start>
<exclusive-end id="6740" timestamp="2019-06-16T00:38:07.267" durationms="0.759" />

<concurrent-end id="6741" type="GMP work packet processing" contextid="6553" timestamp="2019-06-16T00:38:07.267">
  <concurrent-mark-end bytesScanned="1094240" reasonForTermination="Work target met" />
</concurrent-end>

<exclusive-start id="6742" timestamp="2019-06-16T00:38:07.277" intervalms="11.673">
  <response-info timems="0.073" idlems="0.073" threads="0" lastid="0000000001AE6700" lastname="main" />
</exclusive-start>
<allocation-taxation id="6743" taxation-threshold="13631488" timestamp="2019-06-16T00:38:07.278" intervalms="11.642" />
<cycle-start id="6744" type="partial gc" contextid="0" timestamp="2019-06-16T00:38:07.278" intervalms="36.422" />
<gc-start id="6745" type="partial gc" contextid="6744" timestamp="2019-06-16T00:38:07.278">
  <mem-info id="6746" free="26214400" total="89128960" percent="29">
    <mem type="eden" free="1048336" total="28311552" percent="3" />
    <remembered-set count="127520" freebytes="3047680" totalbytes="3557760" percent="85" regionsoverflowed="0" regionsstable="0" regionsrebuilding="18"/>
  </mem-info>
</gc-start>
<allocation-stats totalBytes="27246496" >
  <allocated-bytes non-tlh="0" tlh="27246496" arrayletleaf="0"/>
  <largest-consumer threadName="main" threadId="0000000001AE6700" bytes="13617424" />
</allocation-stats>
<gc-op id="6747" type="copy forward" timems="1.959" contextid="6744" timestamp="2019-06-16T00:38:07.281">
  <memory-copied type="eden" objects="22" bytes="1240" bytesdiscarded="0" />
  <memory-copied type="other" objects="0" bytes="0" bytesdiscarded="0" />
  <memory-cardclean objects="78" bytes="2536" />
  <regions eden="26" other="1" />
  <remembered-set-cleared processed="125404" cleared="42" durationms="0.839" />
  <stringconstants candidates="13269" cleared="0"  />
</gc-op>
<gc-op id="6748" type="classunload" timems="0.004" contextid="6744" timestamp="2019-06-16T00:38:07.281">
  <classunload-info classloadercandidates="53" classloadersunloaded="0" classesunloaded="0" anonymousclassesunloaded="0" quiescems="0.000" setupms="0.004" scanms="0.000" postms="0.000" />
</gc-op>
<gc-end id="6749" type="partial gc" contextid="6744" durationms="3.174" usertimems="4.000" systemtimems="0.000" timestamp="2019-06-16T00:38:07.281" activeThreads="1">
  <mem-info id="6750" free="53477376" total="89128960" percent="60">
    <mem type="eden" free="1047336" total="1048576" percent="99" />
    <remembered-set count="127872" freebytes="3046272" totalbytes="3557760" percent="85" regionsoverflowed="0" regionsstable="0" regionsrebuilding="18"/>
  </mem-info>
</gc-end>
<cycle-end id="6751" type="partial gc" contextid="6744" timestamp="2019-06-16T00:38:07.281" />
  <attribute name="elasticGC enabled" value="1" />
  <attribute name= "numThreadsSpecified" value="1" />
  <attribute name="heapSize specified" value="0" />
  <attribute name="Current GC Util" value="162" />
  <attribute name= "Current Time Running" value="26329" />
  <attribute name ="GC Interval" value="0" />
  <attribute name="ProportionalT" value="213.000000" />
  <attribute name="ProportionalI" value="213.000000" />
  <attribute name="ProportionalH" value="213.000000" />
  <attribute name="Current Error" value="142.000000" />
  <attribute name="IntegralT" value="0.000000" />
  <attribute name="IntegralI" value="0.000000" />
  <attribute name="IntegralH" value="0.000000" />
  <attribute name="DerivativeT" value="inf" />
  <attribute name="DerivativeI" value="inf" />
  <attribute name="DerivativeH" value="inf" />
  <attribute name="Loop Time for DT" value="0.000000" />
  <attribute name="Output H" value="8388608"/>
  <attribute name="Output I" value="200"/>
  <attribute name="Output T" value="1"/>
  <attribute name="Target GC Util Change" value ="20.000000" />
  <attribute name="Current GC Util Change" value="162.000000"/>
  <attribute name="GC Util currently" value="162" />
  <attribute name="CPU Util currently" value="13580918079856" />
<exclusive-end id="6752" timestamp="2019-06-16T00:38:07.281" durationms="4.029" />

<exclusive-start id="6753" timestamp="2019-06-16T00:38:07.286" intervalms="8.443">
  <response-info timems="0.071" idlems="0.071" threads="0" lastid="0000000001AE6700" lastname="main" />
</exclusive-start>
<allocation-taxation id="6754" taxation-threshold="13631488" timestamp="2019-06-16T00:38:07.286" intervalms="8.493" />
<gc-start id="6755" type="global mark phase" contextid="6553" timestamp="2019-06-16T00:38:07.286">
  <mem-info id="6756" free="39845888" total="89128960" percent="44">
    <remembered-set count="127488" freebytes="3047808" totalbytes="3557760" percent="85" regionsoverflowed="0" regionsstable="0" regionsrebuilding="18"/>
  </mem-info>
</gc-start>
<gc-end id="6757" type="global mark phase" contextid="6553" durationms="0.127" usertimems="0.000" systemtimems="0.000" timestamp="2019-06-16T00:38:07.286" activeThreads="1">
  <mem-info id="6758" free="39845888" total="89128960" percent="44">
    <remembered-set count="127488" freebytes="3047808" totalbytes="3557760" percent="85" regionsoverflowed="0" regionsstable="0" regionsrebuilding="18"/>
  </mem-info>
</gc-end>
<concurrent-start id="6759" type="GMP work packet processing" contextid="6553" timestamp="2019-06-16T00:38:07.286">
  <concurrent-mark-start scanTarget="1048576" />
</concurrent-start>
<exclusive-end id="6760" timestamp="2019-06-16T00:38:07.287" durationms="0.778" />

<concurrent-end id="6761" type="GMP work packet processing" contextid="6553" timestamp="2019-06-16T00:38:07.287">
  <concurrent-mark-end bytesScanned="486836" reasonForTermination="Completed all work in GC phase" />
</concurrent-end>

